<?xml version="1.0" ?>

<verbosegc xmlns="http://www.ibm.com/j9/verbosegc" version="08cc62e_CMPRSS">

<initialized id="1" timestamp="2019-08-02T20:13:52.350">
  <attribute name="gcPolicy" value="-Xgcpolicy:optavgpause" />
  <attribute name="elasticGC enabled" value="1" />
  <attribute name= "numThreadsSpecified" value="0" />
  <attribute name="heapSize specified" value="0" />
  <attribute name= "numCores" value="0" />
  <attribute name ="GC Interval" value="0" />
  <attribute name="GC Util Range Max" value="0" />
  <attribute name="Current GC Util" value="0" />
  <attribute name= "Current Time Running" value="0" />
  <attribute name="maxHeapSize" value="0x7cba0000" />
  <attribute name="initialHeapSize" value="0x800000" />
  <attribute name="compressedRefs" value="true" />
  <attribute name="compressedRefsDisplacement" value="0x0" />
  <attribute name="compressedRefsShift" value="0x0" />
  <attribute name="pageSize" value="0x1000" />
  <attribute name="pageType" value="not used" />
  <attribute name="requestedPageSize" value="0x1000" />
  <attribute name="requestedPageType" value="not used" />
  <attribute name="gcthreads" value="8" />
  <attribute name="packetListSplit" value="8" />
  <attribute name="cacheListSplit" value="8" />
  <attribute name="splitFreeListSplitAmount" value="1" />
  <attribute name="numaNodes" value="0" />
  <system>
    <attribute name="physicalMemory" value="8370401280" />
    <attribute name="numCPUs" value="8" />
    <attribute name="architecture" value="amd64" />
    <attribute name="os" value="Linux" />
    <attribute name="osVersion" value="4.4.0-154-generic" />
  </system>
  <vmargs>
    <vmarg name="-Xoptionsfile=/vagrant/jdk/lib/options.default" />
    <vmarg name="-Xlockword:mode=default,noLockword=java/lang/String,noLockword=java/util/MapEntry,noLockword=java/util/HashMap$Entry,noLockword..." />
    <vmarg name="-Xjcl:jclse29" />
    <vmarg name="-Dcom.ibm.oti.vm.bootstrap.library.path=/vagrant/jdk/lib/compressedrefs:/vagrant/jdk/lib" />
    <vmarg name="-Dsun.boot.library.path=/vagrant/jdk/lib/compressedrefs:/vagrant/jdk/lib" />
    <vmarg name="-Djava.library.path=/vagrant/jdk/lib/compressedrefs:/vagrant/jdk/lib:/usr/lib64:/usr/lib" />
    <vmarg name="-Djava.home=/vagrant/jdk" />
    <vmarg name="-Duser.dir=/vagrant" />
    <vmarg name="-Xgcpolicy:optavgpause" />
    <vmarg name="-Xgcelastic" />
    <vmarg name="-Xcheck:gc:::elasticGC" />
    <vmarg name="-verbose:gc" />
    <vmarg name="-Xloggc:jdkB-small-OAP-8core-verbose6sunflow.txt" />
    <vmarg name="-Djava.class.path=dacapo-9.12-MR1-bach.jar" />
    <vmarg name="-Dsun.java.command=dacapo-9.12-MR1-bach.jar sunflow --size=small" />
    <vmarg name="-Dsun.java.launcher=SUN_STANDARD" />
    <vmarg name="-Dsun.java.launcher.pid=17372" />
  </vmargs>
</initialized>

<exclusive-start id="2" timestamp="2019-08-02T20:13:52.752" intervalms="401.386">
  <response-info timems="0.030" idlems="0.030" threads="0" lastid="0000000000BECA00" lastname="main" />
</exclusive-start>
<sys-start reason="explicit" id="3" timestamp="2019-08-02T20:13:52.752" intervalms="401.747" />
<cycle-start id="4" type="global" contextid="0" timestamp="2019-08-02T20:13:52.752" intervalms="402.066" />
<gc-start id="5" type="global" contextid="4" timestamp="2019-08-02T20:13:52.752">
  <mem-info id="6" free="4323088" total="8388608" percent="51">
    <mem type="tenure" free="4323088" total="8388608" percent="51">
      <mem type="soa" free="3904272" total="7969792" percent="48" />
      <mem type="loa" free="418816" total="418816" percent="100" />
    </mem>
  </mem-info>
</gc-start>
<allocation-stats totalBytes="4063208" >
  <allocated-bytes non-tlh="502000" tlh="3561208" />
  <largest-consumer threadName="main" threadId="0000000000BECA00" bytes="3970256" />
</allocation-stats>
<gc-op id="7" type="mark" timems="3.219" contextid="4" timestamp="2019-08-02T20:13:52.756">
  <trace-info objectcount="30267" scancount="24294" scanbytes="766108" />
  <finalization candidates="125" enqueued="1" />
  <ownableSynchronizers candidates="3" cleared="0" />
  <references type="soft" candidates="131" cleared="0" enqueued="0" dynamicThreshold="32" maxThreshold="32" />
  <references type="weak" candidates="1322" cleared="569" enqueued="479" />
  <references type="phantom" candidates="106" cleared="42" enqueued="42" />
  <stringconstants candidates="3958" cleared="0"  />
</gc-op>
<gc-op id="8" type="classunload" timems="0.035" contextid="4" timestamp="2019-08-02T20:13:52.756">
  <classunload-info classloadercandidates="7" classloadersunloaded="0" classesunloaded="0" anonymousclassesunloaded="0" quiescems="0.000" setupms="0.035" scanms="0.000" postms="0.000" />
</gc-op>
<gc-op id="9" type="sweep" timems="0.583" contextid="4" timestamp="2019-08-02T20:13:52.756" />
<gc-end id="10" type="global" contextid="4" durationms="5.067" usertimems="8.000" systemtimems="0.000" timestamp="2019-08-02T20:13:52.757" activeThreads="8">
  <mem-info id="11" free="6525296" total="8388608" percent="77">
    <mem type="tenure" free="6525296" total="8388608" percent="77" micro-fragmented="464647">
      <mem type="soa" free="6106480" total="7969792" percent="76" />
      <mem type="loa" free="418816" total="418816" percent="100" />
    </mem>
    <pending-finalizers system="1" default="0" reference="521" classloader="0" />
  </mem-info>
</gc-end>
<cycle-end id="12" type="global" contextid="4" timestamp="2019-08-02T20:13:52.757" />
  <attribute name="elasticGC enabled" value="1" />
  <attribute name= "numThreadsSpecified" value="0" />
  <attribute name="heapSize specified" value="0" />
  <attribute name= "numCores" value="8" />
  <attribute name ="GC Interval" value="0" />
  <attribute name ="Control flow" value="2" />
  <attribute name="GC Util Range Max" value="90" />
  <attribute name="Current GC Util" value="23" />
  <attribute name= "Current Time Running" value="4" />
<sys-end id="13" timestamp="2019-08-02T20:13:52.757" />
<exclusive-end id="14" timestamp="2019-08-02T20:13:52.757" durationms="6.039" />

<concurrent-kickoff id="15" timestamp="2019-08-02T20:13:52.951">
  <kickoff reason="threshold reached" targetBytes="2489738" thresholdFreeBytes="343258" remainingFree="37672" tenureFreeBytes="37672" />
</concurrent-kickoff>
<exclusive-start id="16" timestamp="2019-08-02T20:13:52.952" intervalms="200.168">
  <response-info timems="0.082" idlems="0.082" threads="0" lastid="0000000000F67300" lastname="Thread-10" />
</exclusive-start>
<cycle-start id="17" type="global" contextid="0" timestamp="2019-08-02T20:13:52.952" intervalms="199.667" />
<exclusive-end id="18" timestamp="2019-08-02T20:13:52.952" durationms="0.322" />

<exclusive-start id="19" timestamp="2019-08-02T20:13:52.952" intervalms="0.678">
  <response-info timems="0.021" idlems="0.021" threads="0" lastid="0000000000F67300" lastname="Thread-10" />
</exclusive-start>
<af-start id="20" threadId="0000000000F67C88" totalBytesRequested="98264" timestamp="2019-08-02T20:13:52.952" intervalms="602.372" />
<concurrent-aborted id="21" timestamp="2019-08-02T20:13:52.952">
  <reason value="insufficient progress made" />
</concurrent-aborted>
<cycle-end id="22" type="global" contextid="17" timestamp="2019-08-02T20:13:52.953" />
  <attribute name="elasticGC enabled" value="1" />
  <attribute name= "numThreadsSpecified" value="0" />
  <attribute name="heapSize specified" value="0" />
  <attribute name= "numCores" value="8" />
  <attribute name ="GC Interval" value="0" />
  <attribute name ="Control flow" value="2" />
  <attribute name="GC Util Range Max" value="90" />
  <attribute name="Current GC Util" value="23" />
  <attribute name= "Current Time Running" value="4" />
<cycle-start id="23" type="global" contextid="0" timestamp="2019-08-02T20:13:52.953" intervalms="0.861" />
<gc-start id="24" type="global" contextid="23" timestamp="2019-08-02T20:13:52.953">
  <mem-info id="25" free="37672" total="8388608" percent="0">
    <mem type="tenure" free="37672" total="8388608" percent="0">
      <mem type="soa" free="37672" total="7969792" percent="0" />
      <mem type="loa" free="0" total="418816" percent="0" />
    </mem>
  </mem-info>
</gc-start>
<allocation-stats totalBytes="6361440" >
  <allocated-bytes non-tlh="2359976" tlh="4001464" />
  <largest-consumer threadName="main" threadId="0000000000BECA00" bytes="3043856" />
</allocation-stats>
<heap-resize id="26" type="loa expand" space="tenure" amount="83968" count="1" timems="0.000" reason="expand on failed allocate" timestamp="2019-08-02T20:13:52.953" />
<gc-op id="27" type="mark" timems="1.408" contextid="23" timestamp="2019-08-02T20:13:52.955">
  <trace-info objectcount="44534" scancount="36159" scanbytes="1206440" />
  <finalization candidates="124" enqueued="0" />
  <ownableSynchronizers candidates="3" cleared="0" />
  <references type="soft" candidates="148" cleared="0" enqueued="0" dynamicThreshold="24" maxThreshold="32" />
  <references type="weak" candidates="798" cleared="29" enqueued="28" />
  <references type="phantom" candidates="65" cleared="2" enqueued="2" />
  <stringconstants candidates="4534" cleared="1"  />
</gc-op>
<gc-op id="28" type="sweep" timems="0.209" contextid="23" timestamp="2019-08-02T20:13:52.955" />
<gc-end id="29" type="global" contextid="23" durationms="3.362" usertimems="8.000" systemtimems="0.000" timestamp="2019-08-02T20:13:52.956" activeThreads="8">
  <mem-info id="30" free="3817568" total="8388608" percent="45">
    <mem type="tenure" free="3817568" total="8388608" percent="45" micro-fragmented="1264529">
      <mem type="soa" free="3595368" total="7885824" percent="45" />
      <mem type="loa" free="222200" total="502784" percent="44" />
    </mem>
    <pending-finalizers system="0" default="0" reference="30" classloader="0" />
  </mem-info>
</gc-end>
<cycle-end id="31" type="global" contextid="23" timestamp="2019-08-02T20:13:52.956" />
  <attribute name="elasticGC enabled" value="1" />
  <attribute name= "numThreadsSpecified" value="0" />
  <attribute name="heapSize specified" value="0" />
  <attribute name= "numCores" value="8" />
  <attribute name ="GC Interval" value="0" />
  <attribute name ="Control flow" value="2" />
  <attribute name="GC Util Range Max" value="90" />
  <attribute name="Current GC Util" value="18" />
  <attribute name= "Current Time Running" value="202" />
<allocation-satisfied id="32" threadId="0000000000F67300" bytesRequested="98264" />
<af-end id="33" timestamp="2019-08-02T20:13:52.957" threadId="0000000000F67C88" success="true" />
<exclusive-end id="34" timestamp="2019-08-02T20:13:52.957" durationms="4.694" />

<concurrent-kickoff id="35" timestamp="2019-08-02T20:13:53.020">
  <kickoff reason="threshold reached" targetBytes="2489738" thresholdFreeBytes="343258" remainingFree="232728" tenureFreeBytes="232728" />
</concurrent-kickoff>
<exclusive-start id="36" timestamp="2019-08-02T20:13:53.020" intervalms="68.090">
  <response-info timems="0.067" idlems="0.067" threads="0" lastid="0000000000F67300" lastname="Thread-10" />
</exclusive-start>
<cycle-start id="37" type="global" contextid="0" timestamp="2019-08-02T20:13:53.021" intervalms="67.855" />
<exclusive-end id="38" timestamp="2019-08-02T20:13:53.021" durationms="0.243" />

<exclusive-start id="39" timestamp="2019-08-02T20:13:53.021" intervalms="0.667">
  <response-info timems="0.022" idlems="0.022" threads="0" lastid="0000000000F67300" lastname="Thread-10" />
</exclusive-start>
<af-start id="40" threadId="0000000000F67C88" totalBytesRequested="2744" timestamp="2019-08-02T20:13:53.021" intervalms="68.770" />
<concurrent-aborted id="41" timestamp="2019-08-02T20:13:53.021">
  <reason value="insufficient progress made" />
</concurrent-aborted>
<cycle-end id="42" type="global" contextid="37" timestamp="2019-08-02T20:13:53.022" />
  <attribute name="elasticGC enabled" value="1" />
  <attribute name= "numThreadsSpecified" value="0" />
  <attribute name="heapSize specified" value="0" />
  <attribute name= "numCores" value="8" />
  <attribute name ="GC Interval" value="0" />
  <attribute name ="Control flow" value="2" />
  <attribute name="GC Util Range Max" value="90" />
  <attribute name="Current GC Util" value="7" />
  <attribute name= "Current Time Running" value="268" />
<cycle-start id="43" type="global" contextid="0" timestamp="2019-08-02T20:13:53.022" intervalms="1.190" />
<gc-start id="44" type="global" contextid="43" timestamp="2019-08-02T20:13:53.022">
  <mem-info id="45" free="222200" total="8388608" percent="2">
    <mem type="tenure" free="222200" total="8388608" percent="2">
      <mem type="soa" free="0" total="7885824" percent="0" />
      <mem type="loa" free="222200" total="502784" percent="44" />
    </mem>
  </mem-info>
</gc-start>
<allocation-stats totalBytes="3587864" >
  <allocated-bytes non-tlh="847672" tlh="2740192" />
  <largest-consumer threadName="Thread-10" threadId="0000000000F67300" bytes="3587864" />
</allocation-stats>
<gc-op id="46" type="mark" timems="1.343" contextid="43" timestamp="2019-08-02T20:13:53.023">
  <trace-info objectcount="44439" scancount="36078" scanbytes="1204632" />
  <finalization candidates="124" enqueued="0" />
  <ownableSynchronizers candidates="3" cleared="0" />
  <references type="soft" candidates="148" cleared="0" enqueued="0" dynamicThreshold="14" maxThreshold="32" />
  <references type="weak" candidates="769" cleared="0" enqueued="0" />
  <references type="phantom" candidates="63" cleared="0" enqueued="0" />
  <stringconstants candidates="4533" cleared="0"  />
</gc-op>
<gc-op id="47" type="sweep" timems="0.226" contextid="43" timestamp="2019-08-02T20:13:53.024" />
<gc-end id="48" type="global" contextid="43" durationms="2.451" usertimems="4.000" systemtimems="4.000" timestamp="2019-08-02T20:13:53.024" activeThreads="8">
  <mem-info id="49" free="3885272" total="8388608" percent="46">
    <mem type="tenure" free="3885272" total="8388608" percent="46" micro-fragmented="1339418">
      <mem type="soa" free="3610768" total="7885824" percent="45" />
      <mem type="loa" free="274504" total="502784" percent="54" />
    </mem>
  </mem-info>
</gc-end>
<cycle-end id="50" type="global" contextid="43" timestamp="2019-08-02T20:13:53.024" />
  <attribute name="elasticGC enabled" value="1" />
  <attribute name= "numThreadsSpecified" value="0" />
  <attribute name="heapSize specified" value="0" />
  <attribute name= "numCores" value="8" />
  <attribute name ="GC Interval" value="0" />
  <attribute name ="Control flow" value="2" />
  <attribute name="GC Util Range Max" value="90" />
  <attribute name="Current GC Util" value="17" />
  <attribute name= "Current Time Running" value="271" />
<allocation-satisfied id="51" threadId="0000000000F67300" bytesRequested="2744" />
<af-end id="52" timestamp="2019-08-02T20:13:53.025" threadId="0000000000F67C88" success="true" />
<exclusive-end id="53" timestamp="2019-08-02T20:13:53.025" durationms="3.693" />

<concurrent-kickoff id="54" timestamp="2019-08-02T20:13:53.081">
  <kickoff reason="threshold reached" targetBytes="2489738" thresholdFreeBytes="343258" remainingFree="340504" tenureFreeBytes="340504" />
</concurrent-kickoff>
<exclusive-start id="55" timestamp="2019-08-02T20:13:53.081" intervalms="60.087">
  <response-info timems="0.085" idlems="0.085" threads="0" lastid="0000000000F5BF00" lastname="Thread-11" />
</exclusive-start>
<cycle-start id="56" type="global" contextid="0" timestamp="2019-08-02T20:13:53.081" intervalms="59.535" />
<exclusive-end id="57" timestamp="2019-08-02T20:13:53.081" durationms="0.191" />

<exclusive-start id="58" timestamp="2019-08-02T20:13:53.089" intervalms="7.948">
  <response-info timems="0.043" idlems="0.043" threads="0" lastid="0000000000F5BF00" lastname="Thread-11" />
</exclusive-start>
<af-start id="59" threadId="0000000000F5C888" totalBytesRequested="40" timestamp="2019-08-02T20:13:53.089" intervalms="68.023" />
<gc-start id="60" type="global" contextid="56" timestamp="2019-08-02T20:13:53.089">
  <mem-info id="61" free="502784" total="8388608" percent="5">
    <mem type="tenure" free="502784" total="8388608" percent="5">
      <mem type="soa" free="0" total="7885824" percent="0" />
      <mem type="loa" free="502784" total="502784" percent="100" />
    </mem>
  </mem-info>
</gc-start>
<allocation-stats totalBytes="3525648" >
  <allocated-bytes non-tlh="1188888" tlh="2336760" />
  <largest-consumer threadName="Thread-11" threadId="0000000000F5BF00" bytes="911632" />
</allocation-stats>
<concurrent-halted id="62" timestamp="2019-08-02T20:13:53.090">
  <halted state="Complete" status="trace only" />
  <traced bytesTarget="2489738" bytesTotal="1166340" bytesByMutator="392212" bytesByHelper="774128" percent="46" />
  <cards cleaned="0" thresholdBytes="135222" />
</concurrent-halted>
<gc-op id="63" type="card-cleaning" timems="0.383" contextid="56" timestamp="2019-08-02T20:13:53.090">
  <card-cleaning cardsCleaned="8" bytesTraced="8216" workStackOverflowCount="0" />
</gc-op>
<gc-op id="64" type="mark" timems="0.877" contextid="56" timestamp="2019-08-02T20:13:53.091">
  <trace-info objectcount="11832" scancount="9959" scanbytes="282464" />
  <finalization candidates="124" enqueued="0" />
  <ownableSynchronizers candidates="3" cleared="0" />
  <references type="soft" candidates="148" cleared="0" enqueued="0" dynamicThreshold="14" maxThreshold="32" />
  <references type="weak" candidates="769" cleared="0" enqueued="0" />
  <references type="phantom" candidates="63" cleared="0" enqueued="0" />
  <stringconstants candidates="4596" cleared="0"  />
</gc-op>
<gc-op id="65" type="sweep" timems="0.227" contextid="56" timestamp="2019-08-02T20:13:53.091" />
<gc-end id="66" type="global" contextid="56" durationms="2.756" usertimems="0.000" systemtimems="4.000" timestamp="2019-08-02T20:13:53.092" activeThreads="8">
  <mem-info id="67" free="4076424" total="8388608" percent="48">
    <mem type="tenure" free="4076424" total="8388608" percent="48" micro-fragmented="1458826">
      <mem type="soa" free="3687776" total="7885824" percent="46" />
      <mem type="loa" free="388648" total="502784" percent="77" />
    </mem>
  </mem-info>
</gc-end>
<cycle-end id="68" type="global" contextid="56" timestamp="2019-08-02T20:13:53.092" />
  <attribute name="elasticGC enabled" value="1" />
  <attribute name= "numThreadsSpecified" value="0" />
  <attribute name="heapSize specified" value="0" />
  <attribute name= "numCores" value="8" />
  <attribute name ="GC Interval" value="0" />
  <attribute name ="Control flow" value="2" />
  <attribute name="GC Util Range Max" value="90" />
  <attribute name="Current GC Util" value="19" />
  <attribute name= "Current Time Running" value="338" />
<allocation-satisfied id="69" threadId="0000000000F5BF00" bytesRequested="40" />
<af-end id="70" timestamp="2019-08-02T20:13:53.093" threadId="0000000000F5C888" success="true" />
<exclusive-end id="71" timestamp="2019-08-02T20:13:53.093" durationms="3.648" />

<exclusive-start id="72" timestamp="2019-08-02T20:13:53.147" intervalms="58.367">
  <response-info timems="0.076" idlems="0.076" threads="0" lastid="0000000000F5BF00" lastname="Thread-11" />
</exclusive-start>
<af-start id="73" threadId="0000000000F5C888" totalBytesRequested="40" timestamp="2019-08-02T20:13:53.148" intervalms="58.395" />
<cycle-start id="74" type="global" contextid="0" timestamp="2019-08-02T20:13:53.148" intervalms="66.609" />
<gc-start id="75" type="global" contextid="74" timestamp="2019-08-02T20:13:53.148">
  <mem-info id="76" free="502784" total="8388608" percent="5">
    <mem type="tenure" free="502784" total="8388608" percent="5">
      <mem type="soa" free="0" total="7885824" percent="0" />
      <mem type="loa" free="502784" total="502784" percent="100" />
    </mem>
  </mem-info>
</gc-start>
<allocation-stats totalBytes="3683576" >
  <allocated-bytes non-tlh="0" tlh="3683576" />
  <largest-consumer threadName="Thread-11" threadId="0000000000F5BF00" bytes="3683576" />
</allocation-stats>
<gc-op id="77" type="mark" timems="1.298" contextid="74" timestamp="2019-08-02T20:13:53.149">
  <trace-info objectcount="49115" scancount="40701" scanbytes="1449944" />
  <finalization candidates="124" enqueued="0" />
  <ownableSynchronizers candidates="3" cleared="0" />
  <references type="soft" candidates="148" cleared="0" enqueued="0" dynamicThreshold="15" maxThreshold="32" />
  <references type="weak" candidates="769" cleared="0" enqueued="0" />
  <references type="phantom" candidates="63" cleared="0" enqueued="0" />
  <stringconstants candidates="4596" cleared="0"  />
</gc-op>
<gc-op id="78" type="sweep" timems="0.220" contextid="74" timestamp="2019-08-02T20:13:53.150" />
<gc-end id="79" type="global" contextid="74" durationms="2.455" usertimems="8.000" systemtimems="0.000" timestamp="2019-08-02T20:13:53.150" activeThreads="8">
  <mem-info id="80" free="4091864" total="8388608" percent="48">
    <mem type="tenure" free="4091864" total="8388608" percent="48" micro-fragmented="1326624">
      <mem type="soa" free="3680392" total="7885824" percent="46" />
      <mem type="loa" free="411472" total="502784" percent="81" />
    </mem>
  </mem-info>
</gc-end>
<cycle-end id="81" type="global" contextid="74" timestamp="2019-08-02T20:13:53.151" />
  <attribute name="elasticGC enabled" value="1" />
  <attribute name= "numThreadsSpecified" value="0" />
  <attribute name="heapSize specified" value="0" />
  <attribute name= "numCores" value="8" />
  <attribute name ="GC Interval" value="0" />
  <attribute name ="Control flow" value="2" />
  <attribute name="GC Util Range Max" value="90" />
  <attribute name="Current GC Util" value="18" />
  <attribute name= "Current Time Running" value="397" />
<allocation-satisfied id="82" threadId="0000000000F5BF00" bytesRequested="40" />
<af-end id="83" timestamp="2019-08-02T20:13:53.151" threadId="0000000000F5C888" success="true" />
<exclusive-end id="84" timestamp="2019-08-02T20:13:53.151" durationms="3.351" />

<exclusive-start id="85" timestamp="2019-08-02T20:13:53.172" intervalms="24.536">
  <response-info timems="0.065" idlems="0.065" threads="0" lastid="0000000000F5BF00" lastname="Thread-11" />
</exclusive-start>
<af-start id="86" threadId="0000000000F5C888" totalBytesRequested="40" timestamp="2019-08-02T20:13:53.172" intervalms="24.501" />
<cycle-start id="87" type="global" contextid="0" timestamp="2019-08-02T20:13:53.172" intervalms="24.495" />
<gc-start id="88" type="global" contextid="87" timestamp="2019-08-02T20:13:53.172">
  <mem-info id="89" free="502784" total="8388608" percent="5">
    <mem type="tenure" free="502784" total="8388608" percent="5">
      <mem type="soa" free="0" total="7885824" percent="0" />
      <mem type="loa" free="502784" total="502784" percent="100" />
    </mem>
  </mem-info>
</gc-start>
<allocation-stats totalBytes="3674280" >
  <allocated-bytes non-tlh="0" tlh="3674280" />
  <largest-consumer threadName="Thread-11" threadId="0000000000F5BF00" bytes="3674280" />
</allocation-stats>
<gc-op id="90" type="mark" timems="1.421" contextid="87" timestamp="2019-08-02T20:13:53.174">
  <trace-info objectcount="49384" scancount="40974" scanbytes="1456608" />
  <finalization candidates="124" enqueued="0" />
  <ownableSynchronizers candidates="3" cleared="0" />
  <references type="soft" candidates="148" cleared="0" enqueued="0" dynamicThreshold="15" maxThreshold="32" />
  <references type="weak" candidates="769" cleared="0" enqueued="0" />
  <references type="phantom" candidates="63" cleared="0" enqueued="0" />
  <stringconstants candidates="4596" cleared="0"  />
</gc-op>
<gc-op id="91" type="sweep" timems="0.227" contextid="87" timestamp="2019-08-02T20:13:53.174" />
<gc-end id="92" type="global" contextid="87" durationms="2.421" usertimems="4.000" systemtimems="4.000" timestamp="2019-08-02T20:13:53.175" activeThreads="8">
  <mem-info id="93" free="4083400" total="8388608" percent="48">
    <mem type="tenure" free="4083400" total="8388608" percent="48" micro-fragmented="1373076">
      <mem type="soa" free="3653664" total="7885824" percent="46" />
      <mem type="loa" free="429736" total="502784" percent="85" />
    </mem>
  </mem-info>
</gc-end>
<cycle-end id="94" type="global" contextid="87" timestamp="2019-08-02T20:13:53.175" />
  <attribute name="elasticGC enabled" value="1" />
  <attribute name= "numThreadsSpecified" value="0" />
  <attribute name="heapSize specified" value="0" />
  <attribute name= "numCores" value="8" />
  <attribute name ="GC Interval" value="0" />
  <attribute name ="Control flow" value="2" />
  <attribute name="GC Util Range Max" value="90" />
  <attribute name="Current GC Util" value="20" />
  <attribute name= "Current Time Running" value="421" />
<allocation-satisfied id="95" threadId="0000000000F5BF00" bytesRequested="40" />
<af-end id="96" timestamp="2019-08-02T20:13:53.175" threadId="0000000000F5C888" success="true" />
<exclusive-end id="97" timestamp="2019-08-02T20:13:53.175" durationms="3.201" />

<exclusive-start id="98" timestamp="2019-08-02T20:13:53.192" intervalms="19.961">
  <response-info timems="0.070" idlems="0.070" threads="0" lastid="0000000000F5BF00" lastname="Thread-11" />
</exclusive-start>
<af-start id="99" threadId="0000000000F5C888" totalBytesRequested="40" timestamp="2019-08-02T20:13:53.192" intervalms="19.914" />
<cycle-start id="100" type="global" contextid="0" timestamp="2019-08-02T20:13:53.192" intervalms="19.873" />
<gc-start id="101" type="global" contextid="100" timestamp="2019-08-02T20:13:53.192">
  <mem-info id="102" free="502784" total="8388608" percent="5">
    <mem type="tenure" free="502784" total="8388608" percent="5">
      <mem type="soa" free="0" total="7885824" percent="0" />
      <mem type="loa" free="502784" total="502784" percent="100" />
    </mem>
  </mem-info>
</gc-start>
<allocation-stats totalBytes="3644832" >
  <allocated-bytes non-tlh="0" tlh="3644832" />
  <largest-consumer threadName="Thread-11" threadId="0000000000F5BF00" bytes="3644832" />
</allocation-stats>
<gc-op id="103" type="mark" timems="1.347" contextid="100" timestamp="2019-08-02T20:13:53.194">
  <trace-info objectcount="49551" scancount="41127" scanbytes="1460616" />
  <finalization candidates="124" enqueued="0" />
  <ownableSynchronizers candidates="3" cleared="0" />
  <references type="soft" candidates="148" cleared="0" enqueued="0" dynamicThreshold="15" maxThreshold="32" />
  <references type="weak" candidates="769" cleared="0" enqueued="0" />
  <references type="phantom" candidates="63" cleared="0" enqueued="0" />
  <stringconstants candidates="4596" cleared="0"  />
</gc-op>
<gc-op id="104" type="sweep" timems="0.263" contextid="100" timestamp="2019-08-02T20:13:53.194" />
<gc-end id="105" type="global" contextid="100" durationms="2.438" usertimems="8.000" systemtimems="0.000" timestamp="2019-08-02T20:13:53.195" activeThreads="8">
  <mem-info id="106" free="4072664" total="8388608" percent="48">
    <mem type="tenure" free="4072664" total="8388608" percent="48" micro-fragmented="1455130">
      <mem type="soa" free="3628320" total="7885824" percent="46" />
      <mem type="loa" free="444344" total="502784" percent="88" />
    </mem>
  </mem-info>
</gc-end>
<cycle-end id="107" type="global" contextid="100" timestamp="2019-08-02T20:13:53.195" />
  <attribute name="elasticGC enabled" value="1" />
  <attribute name= "numThreadsSpecified" value="0" />
  <attribute name="heapSize specified" value="0" />
  <attribute name= "numCores" value="8" />
  <attribute name ="GC Interval" value="0" />
  <attribute name ="Control flow" value="2" />
  <attribute name="GC Util Range Max" value="90" />
  <attribute name="Current GC Util" value="16" />
  <attribute name= "Current Time Running" value="441" />
<allocation-satisfied id="108" threadId="0000000000F5BF00" bytesRequested="40" />
<af-end id="109" timestamp="2019-08-02T20:13:53.195" threadId="0000000000F5C888" success="true" />
<exclusive-end id="110" timestamp="2019-08-02T20:13:53.195" durationms="3.084" />

<exclusive-start id="111" timestamp="2019-08-02T20:13:53.213" intervalms="20.818">
  <response-info timems="0.106" idlems="0.106" threads="0" lastid="0000000000F5BF00" lastname="Thread-11" />
</exclusive-start>
<af-start id="112" threadId="0000000000F5C888" totalBytesRequested="24" timestamp="2019-08-02T20:13:53.213" intervalms="20.868" />
<cycle-start id="113" type="global" contextid="0" timestamp="2019-08-02T20:13:53.213" intervalms="20.950" />
<gc-start id="114" type="global" contextid="113" timestamp="2019-08-02T20:13:53.213">
  <mem-info id="115" free="502784" total="8388608" percent="5">
    <mem type="tenure" free="502784" total="8388608" percent="5">
      <mem type="soa" free="0" total="7885824" percent="0" />
      <mem type="loa" free="502784" total="502784" percent="100" />
    </mem>
  </mem-info>
</gc-start>
<allocation-stats totalBytes="3618296" >
  <allocated-bytes non-tlh="0" tlh="3618296" />
  <largest-consumer threadName="Thread-11" threadId="0000000000F5BF00" bytes="3618296" />
</allocation-stats>
<gc-op id="116" type="mark" timems="3.089" contextid="113" timestamp="2019-08-02T20:13:53.217">
  <trace-info objectcount="49639" scancount="41227" scanbytes="1462520" />
  <finalization candidates="124" enqueued="0" />
  <ownableSynchronizers candidates="3" cleared="0" />
  <references type="soft" candidates="148" cleared="0" enqueued="0" dynamicThreshold="15" maxThreshold="32" />
  <references type="weak" candidates="769" cleared="0" enqueued="0" />
  <references type="phantom" candidates="63" cleared="0" enqueued="0" />
  <stringconstants candidates="4596" cleared="0"  />
</gc-op>
<gc-op id="117" type="sweep" timems="0.328" contextid="113" timestamp="2019-08-02T20:13:53.217" />
<gc-end id="118" type="global" contextid="113" durationms="4.481" usertimems="12.000" systemtimems="0.000" timestamp="2019-08-02T20:13:53.218" activeThreads="8">
  <mem-info id="119" free="4064272" total="8388608" percent="48">
    <mem type="tenure" free="4064272" total="8388608" percent="48" micro-fragmented="1381117">
      <mem type="soa" free="3608240" total="7885824" percent="45" />
      <mem type="loa" free="456032" total="502784" percent="90" />
    </mem>
  </mem-info>
</gc-end>
<cycle-end id="120" type="global" contextid="113" timestamp="2019-08-02T20:13:53.218" />
  <attribute name="elasticGC enabled" value="1" />
  <attribute name= "numThreadsSpecified" value="0" />
  <attribute name="heapSize specified" value="0" />
  <attribute name= "numCores" value="8" />
  <attribute name ="GC Interval" value="0" />
  <attribute name ="Control flow" value="2" />
  <attribute name="GC Util Range Max" value="90" />
  <attribute name="Current GC Util" value="16" />
  <attribute name= "Current Time Running" value="464" />
<allocation-satisfied id="121" threadId="0000000000F5BF00" bytesRequested="24" />
<af-end id="122" timestamp="2019-08-02T20:13:53.218" threadId="0000000000F5C888" success="true" />
<exclusive-end id="123" timestamp="2019-08-02T20:13:53.218" durationms="5.353" />

<exclusive-start id="124" timestamp="2019-08-02T20:13:53.230" intervalms="17.601">
  <response-info timems="0.062" idlems="0.062" threads="0" lastid="0000000000F5BF00" lastname="Thread-11" />
</exclusive-start>
<af-start id="125" threadId="0000000000F5C888" totalBytesRequested="40" timestamp="2019-08-02T20:13:53.231" intervalms="17.602" />
<cycle-start id="126" type="global" contextid="0" timestamp="2019-08-02T20:13:53.231" intervalms="17.600" />
<gc-start id="127" type="global" contextid="126" timestamp="2019-08-02T20:13:53.231">
  <mem-info id="128" free="502784" total="8388608" percent="5">
    <mem type="tenure" free="502784" total="8388608" percent="5">
      <mem type="soa" free="0" total="7885824" percent="0" />
      <mem type="loa" free="502784" total="502784" percent="100" />
    </mem>
  </mem-info>
</gc-start>
<allocation-stats totalBytes="3597224" >
  <allocated-bytes non-tlh="0" tlh="3597224" />
  <largest-consumer threadName="Thread-11" threadId="0000000000F5BF00" bytes="3597224" />
</allocation-stats>
<gc-op id="129" type="mark" timems="3.225" contextid="126" timestamp="2019-08-02T20:13:53.234">
  <trace-info objectcount="49845" scancount="41439" scanbytes="1467640" />
  <finalization candidates="124" enqueued="0" />
  <ownableSynchronizers candidates="3" cleared="0" />
  <references type="soft" candidates="148" cleared="0" enqueued="0" dynamicThreshold="15" maxThreshold="32" />
  <references type="weak" candidates="769" cleared="0" enqueued="0" />
  <references type="phantom" candidates="63" cleared="0" enqueued="0" />
  <stringconstants candidates="4596" cleared="0"  />
</gc-op>
<gc-op id="130" type="sweep" timems="0.301" contextid="126" timestamp="2019-08-02T20:13:53.235" />
<gc-end id="131" type="global" contextid="126" durationms="4.486" usertimems="12.000" systemtimems="0.000" timestamp="2019-08-02T20:13:53.235" activeThreads="8">
  <mem-info id="132" free="4036208" total="8388608" percent="48">
    <mem type="tenure" free="4036208" total="8388608" percent="48" micro-fragmented="1381762">
      <mem type="soa" free="3570824" total="7885824" percent="45" />
      <mem type="loa" free="465384" total="502784" percent="92" />
    </mem>
  </mem-info>
</gc-end>
<cycle-end id="133" type="global" contextid="126" timestamp="2019-08-02T20:13:53.235" />
  <attribute name="elasticGC enabled" value="1" />
  <attribute name= "numThreadsSpecified" value="0" />
  <attribute name="heapSize specified" value="0" />
  <attribute name= "numCores" value="8" />
  <attribute name ="GC Interval" value="0" />
  <attribute name ="Control flow" value="2" />
  <attribute name="GC Util Range Max" value="90" />
  <attribute name="Current GC Util" value="17" />
  <attribute name= "Current Time Running" value="482" />
<allocation-satisfied id="134" threadId="0000000000F5BF00" bytesRequested="40" />
<af-end id="135" timestamp="2019-08-02T20:13:53.236" threadId="0000000000F5C888" success="true" />
<exclusive-end id="136" timestamp="2019-08-02T20:13:53.236" durationms="5.366" />

<exclusive-start id="137" timestamp="2019-08-02T20:13:53.249" intervalms="18.311">
  <response-info timems="0.067" idlems="0.067" threads="0" lastid="0000000000F5BF00" lastname="Thread-11" />
</exclusive-start>
<af-start id="138" threadId="0000000000F5C888" totalBytesRequested="24" timestamp="2019-08-02T20:13:53.249" intervalms="18.306" />
<cycle-start id="139" type="global" contextid="0" timestamp="2019-08-02T20:13:53.249" intervalms="18.288" />
<gc-start id="140" type="global" contextid="139" timestamp="2019-08-02T20:13:53.249">
  <mem-info id="141" free="502784" total="8388608" percent="5">
    <mem type="tenure" free="502784" total="8388608" percent="5">
      <mem type="soa" free="0" total="7885824" percent="0" />
      <mem type="loa" free="502784" total="502784" percent="100" />
    </mem>
  </mem-info>
</gc-start>
<allocation-stats totalBytes="3558320" >
  <allocated-bytes non-tlh="0" tlh="3558320" />
  <largest-consumer threadName="Thread-11" threadId="0000000000F5BF00" bytes="3558320" />
</allocation-stats>
<gc-op id="142" type="mark" timems="5.496" contextid="139" timestamp="2019-08-02T20:13:53.255">
  <trace-info objectcount="49984" scancount="41565" scanbytes="1470736" />
  <finalization candidates="124" enqueued="0" />
  <ownableSynchronizers candidates="3" cleared="0" />
  <references type="soft" candidates="148" cleared="0" enqueued="0" dynamicThreshold="15" maxThreshold="32" />
  <references type="weak" candidates="769" cleared="0" enqueued="0" />
  <references type="phantom" candidates="63" cleared="0" enqueued="0" />
  <stringconstants candidates="4596" cleared="0"  />
</gc-op>
<gc-op id="143" type="sweep" timems="0.291" contextid="139" timestamp="2019-08-02T20:13:53.255" />
<gc-end id="144" type="global" contextid="139" durationms="6.797" usertimems="16.000" systemtimems="0.000" timestamp="2019-08-02T20:13:53.256" activeThreads="8">
  <mem-info id="145" free="4012176" total="8388608" percent="47">
    <mem type="tenure" free="4012176" total="8388608" percent="47" micro-fragmented="1282758">
      <mem type="soa" free="3539312" total="7885824" percent="44" />
      <mem type="loa" free="472864" total="502784" percent="94" />
    </mem>
  </mem-info>
</gc-end>
<cycle-end id="146" type="global" contextid="139" timestamp="2019-08-02T20:13:53.256" />
  <attribute name="elasticGC enabled" value="1" />
  <attribute name= "numThreadsSpecified" value="0" />
  <attribute name="heapSize specified" value="0" />
  <attribute name= "numCores" value="8" />
  <attribute name ="GC Interval" value="0" />
  <attribute name ="Control flow" value="2" />
  <attribute name="GC Util Range Max" value="90" />
  <attribute name="Current GC Util" value="16" />
  <attribute name= "Current Time Running" value="502" />
<allocation-satisfied id="147" threadId="0000000000F5BF00" bytesRequested="24" />
<af-end id="148" timestamp="2019-08-02T20:13:53.256" threadId="0000000000F5C888" success="true" />
<exclusive-end id="149" timestamp="2019-08-02T20:13:53.256" durationms="7.638" />

<exclusive-start id="150" timestamp="2019-08-02T20:13:53.269" intervalms="20.727">
  <response-info timems="0.084" idlems="0.084" threads="0" lastid="0000000000F5BF00" lastname="Thread-11" />
</exclusive-start>
<af-start id="151" threadId="0000000000F5C888" totalBytesRequested="40" timestamp="2019-08-02T20:13:53.270" intervalms="20.721" />
<cycle-start id="152" type="global" contextid="0" timestamp="2019-08-02T20:13:53.270" intervalms="20.733" />
<gc-start id="153" type="global" contextid="152" timestamp="2019-08-02T20:13:53.270">
  <mem-info id="154" free="502784" total="8388608" percent="5">
    <mem type="tenure" free="502784" total="8388608" percent="5">
      <mem type="soa" free="0" total="7885824" percent="0" />
      <mem type="loa" free="502784" total="502784" percent="100" />
    </mem>
  </mem-info>
</gc-start>
<allocation-stats totalBytes="3525288" >
  <allocated-bytes non-tlh="0" tlh="3525288" />
  <largest-consumer threadName="Thread-11" threadId="0000000000F5BF00" bytes="3525288" />
</allocation-stats>
<gc-op id="155" type="mark" timems="3.957" contextid="152" timestamp="2019-08-02T20:13:53.274">
  <trace-info objectcount="50246" scancount="41841" scanbytes="1477416" />
  <finalization candidates="124" enqueued="0" />
  <ownableSynchronizers candidates="3" cleared="0" />
  <references type="soft" candidates="148" cleared="0" enqueued="0" dynamicThreshold="15" maxThreshold="32" />
  <references type="weak" candidates="769" cleared="0" enqueued="0" />
  <references type="phantom" candidates="63" cleared="0" enqueued="0" />
  <stringconstants candidates="4596" cleared="0"  />
</gc-op>
<gc-op id="156" type="sweep" timems="0.273" contextid="152" timestamp="2019-08-02T20:13:53.274" />
<gc-end id="157" type="global" contextid="152" durationms="5.082" usertimems="4.000" systemtimems="4.000" timestamp="2019-08-02T20:13:53.275" activeThreads="8">
  <mem-info id="158" free="3971944" total="8388608" percent="47">
    <mem type="tenure" free="3971944" total="8388608" percent="47" micro-fragmented="1382959">
      <mem type="soa" free="3493096" total="7885824" percent="44" />
      <mem type="loa" free="478848" total="502784" percent="95" />
    </mem>
  </mem-info>
</gc-end>
<cycle-end id="159" type="global" contextid="152" timestamp="2019-08-02T20:13:53.275" />
  <attribute name="elasticGC enabled" value="1" />
  <attribute name= "numThreadsSpecified" value="0" />
  <attribute name="heapSize specified" value="0" />
  <attribute name= "numCores" value="8" />
  <attribute name ="GC Interval" value="0" />
  <attribute name ="Control flow" value="2" />
  <attribute name="GC Util Range Max" value="90" />
  <attribute name="Current GC Util" value="18" />
  <attribute name= "Current Time Running" value="522" />
<allocation-satisfied id="160" threadId="0000000000F5BF00" bytesRequested="40" />
<af-end id="161" timestamp="2019-08-02T20:13:53.275" threadId="0000000000F5C888" success="true" />
<exclusive-end id="162" timestamp="2019-08-02T20:13:53.275" durationms="5.929" />

<exclusive-start id="163" timestamp="2019-08-02T20:13:53.288" intervalms="18.428">
  <response-info timems="0.079" idlems="0.079" threads="0" lastid="0000000000F5BF00" lastname="Thread-11" />
</exclusive-start>
<af-start id="164" threadId="0000000000F5C888" totalBytesRequested="40" timestamp="2019-08-02T20:13:53.288" intervalms="18.439" />
<cycle-start id="165" type="global" contextid="0" timestamp="2019-08-02T20:13:53.288" intervalms="18.421" />
<gc-start id="166" type="global" contextid="165" timestamp="2019-08-02T20:13:53.288">
  <mem-info id="167" free="502784" total="8388608" percent="5">
    <mem type="tenure" free="502784" total="8388608" percent="5">
      <mem type="soa" free="0" total="7885824" percent="0" />
      <mem type="loa" free="502784" total="502784" percent="100" />
    </mem>
  </mem-info>
</gc-start>
<allocation-stats totalBytes="3476952" >
  <allocated-bytes non-tlh="0" tlh="3476952" />
  <largest-consumer threadName="Thread-11" threadId="0000000000F5BF00" bytes="3476952" />
</allocation-stats>
<gc-op id="168" type="mark" timems="2.561" contextid="165" timestamp="2019-08-02T20:13:53.291">
  <trace-info objectcount="50380" scancount="41970" scanbytes="1480304" />
  <finalization candidates="124" enqueued="0" />
  <ownableSynchronizers candidates="3" cleared="0" />
  <references type="soft" candidates="148" cleared="0" enqueued="0" dynamicThreshold="15" maxThreshold="32" />
  <references type="weak" candidates="769" cleared="0" enqueued="0" />
  <references type="phantom" candidates="63" cleared="0" enqueued="0" />
  <stringconstants candidates="4596" cleared="0"  />
</gc-op>
<gc-op id="169" type="sweep" timems="0.310" contextid="165" timestamp="2019-08-02T20:13:53.291" />
<gc-end id="170" type="global" contextid="165" durationms="3.762" usertimems="4.000" systemtimems="8.000" timestamp="2019-08-02T20:13:53.292" activeThreads="8">
  <mem-info id="171" free="3936648" total="8388608" percent="46">
    <mem type="tenure" free="3936648" total="8388608" percent="46" micro-fragmented="1382342">
      <mem type="soa" free="3453008" total="7885824" percent="43" />
      <mem type="loa" free="483640" total="502784" percent="96" />
    </mem>
  </mem-info>
</gc-end>
<cycle-end id="172" type="global" contextid="165" timestamp="2019-08-02T20:13:53.292" />
  <attribute name="elasticGC enabled" value="1" />
  <attribute name= "numThreadsSpecified" value="0" />
  <attribute name="heapSize specified" value="0" />
  <attribute name= "numCores" value="8" />
  <attribute name ="GC Interval" value="0" />
  <attribute name ="Control flow" value="2" />
  <attribute name="GC Util Range Max" value="90" />
  <attribute name="Current GC Util" value="17" />
  <attribute name= "Current Time Running" value="539" />
<allocation-satisfied id="173" threadId="0000000000F5BF00" bytesRequested="40" />
<af-end id="174" timestamp="2019-08-02T20:13:53.292" threadId="0000000000F5C888" success="true" />
<exclusive-end id="175" timestamp="2019-08-02T20:13:53.292" durationms="4.589" />

<exclusive-start id="176" timestamp="2019-08-02T20:13:53.307" intervalms="18.936">
  <response-info timems="0.077" idlems="0.077" threads="0" lastid="0000000000F5BF00" lastname="Thread-11" />
</exclusive-start>
<af-start id="177" threadId="0000000000F5C888" totalBytesRequested="40" timestamp="2019-08-02T20:13:53.307" intervalms="18.925" />
<cycle-start id="178" type="global" contextid="0" timestamp="2019-08-02T20:13:53.307" intervalms="18.937" />
<gc-start id="179" type="global" contextid="178" timestamp="2019-08-02T20:13:53.307">
  <mem-info id="180" free="502784" total="8388608" percent="5">
    <mem type="tenure" free="502784" total="8388608" percent="5">
      <mem type="soa" free="0" total="7885824" percent="0" />
      <mem type="loa" free="502784" total="502784" percent="100" />
    </mem>
  </mem-info>
</gc-start>
<allocation-stats totalBytes="3436272" >
  <allocated-bytes non-tlh="0" tlh="3436272" />
  <largest-consumer threadName="Thread-11" threadId="0000000000F5BF00" bytes="3436272" />
</allocation-stats>
<gc-op id="181" type="mark" timems="1.794" contextid="178" timestamp="2019-08-02T20:13:53.309">
  <trace-info objectcount="50618" scancount="42208" scanbytes="1486224" />
  <finalization candidates="124" enqueued="0" />
  <ownableSynchronizers candidates="3" cleared="0" />
  <references type="soft" candidates="148" cleared="0" enqueued="0" dynamicThreshold="15" maxThreshold="32" />
  <references type="weak" candidates="769" cleared="0" enqueued="0" />
  <references type="phantom" candidates="63" cleared="0" enqueued="0" />
  <stringconstants candidates="4596" cleared="0"  />
</gc-op>
<gc-op id="182" type="sweep" timems="0.310" contextid="178" timestamp="2019-08-02T20:13:53.310" />
<gc-end id="183" type="global" contextid="178" durationms="2.973" usertimems="8.000" systemtimems="0.000" timestamp="2019-08-02T20:13:53.310" activeThreads="8">
  <mem-info id="184" free="3890368" total="8388608" percent="46">
    <mem type="tenure" free="3890368" total="8388608" percent="46" micro-fragmented="1491207">
      <mem type="soa" free="3402904" total="7885824" percent="43" />
      <mem type="loa" free="487464" total="502784" percent="96" />
    </mem>
  </mem-info>
</gc-end>
<cycle-end id="185" type="global" contextid="178" timestamp="2019-08-02T20:13:53.310" />
  <attribute name="elasticGC enabled" value="1" />
  <attribute name= "numThreadsSpecified" value="0" />
  <attribute name="heapSize specified" value="0" />
  <attribute name= "numCores" value="8" />
  <attribute name ="GC Interval" value="0" />
  <attribute name ="Control flow" value="2" />
  <attribute name="GC Util Range Max" value="90" />
  <attribute name="Current GC Util" value="16" />
  <attribute name= "Current Time Running" value="557" />
<allocation-satisfied id="186" threadId="0000000000F5BF00" bytesRequested="40" />
<af-end id="187" timestamp="2019-08-02T20:13:53.311" threadId="0000000000F5C888" success="true" />
<exclusive-end id="188" timestamp="2019-08-02T20:13:53.311" durationms="3.818" />

<exclusive-start id="189" timestamp="2019-08-02T20:13:53.326" intervalms="19.120">
  <response-info timems="0.077" idlems="0.077" threads="0" lastid="0000000000F5BF00" lastname="Thread-11" />
</exclusive-start>
<af-start id="190" threadId="0000000000F5C888" totalBytesRequested="24" timestamp="2019-08-02T20:13:53.326" intervalms="19.130" />
<cycle-start id="191" type="global" contextid="0" timestamp="2019-08-02T20:13:53.326" intervalms="19.127" />
<gc-start id="192" type="global" contextid="191" timestamp="2019-08-02T20:13:53.326">
  <mem-info id="193" free="502784" total="8388608" percent="5">
    <mem type="tenure" free="502784" total="8388608" percent="5">
      <mem type="soa" free="0" total="7885824" percent="0" />
      <mem type="loa" free="502784" total="502784" percent="100" />
    </mem>
  </mem-info>
</gc-start>
<allocation-stats totalBytes="3385512" >
  <allocated-bytes non-tlh="0" tlh="3385512" />
  <largest-consumer threadName="Thread-11" threadId="0000000000F5BF00" bytes="3385512" />
</allocation-stats>
<gc-op id="194" type="mark" timems="4.113" contextid="191" timestamp="2019-08-02T20:13:53.331">
  <trace-info objectcount="50737" scancount="42317" scanbytes="1488824" />
  <finalization candidates="124" enqueued="0" />
  <ownableSynchronizers candidates="3" cleared="0" />
  <references type="soft" candidates="148" cleared="0" enqueued="0" dynamicThreshold="14" maxThreshold="32" />
  <references type="weak" candidates="769" cleared="0" enqueued="0" />
  <references type="phantom" candidates="63" cleared="0" enqueued="0" />
  <stringconstants candidates="4596" cleared="0"  />
</gc-op>
<gc-op id="195" type="sweep" timems="0.317" contextid="191" timestamp="2019-08-02T20:13:53.331" />
<gc-end id="196" type="global" contextid="191" durationms="5.298" usertimems="12.000" systemtimems="0.000" timestamp="2019-08-02T20:13:53.332" activeThreads="8">
  <mem-info id="197" free="3850992" total="8388608" percent="45">
    <mem type="tenure" free="3850992" total="8388608" percent="45" micro-fragmented="1450116">
      <mem type="soa" free="3360464" total="7885824" percent="42" />
      <mem type="loa" free="490528" total="502784" percent="97" />
    </mem>
  </mem-info>
</gc-end>
<cycle-end id="198" type="global" contextid="191" timestamp="2019-08-02T20:13:53.332" />
  <attribute name="elasticGC enabled" value="1" />
  <attribute name= "numThreadsSpecified" value="0" />
  <attribute name="heapSize specified" value="0" />
  <attribute name= "numCores" value="8" />
  <attribute name ="GC Interval" value="0" />
  <attribute name ="Control flow" value="2" />
  <attribute name="GC Util Range Max" value="90" />
  <attribute name="Current GC Util" value="18" />
  <attribute name= "Current Time Running" value="578" />
<allocation-satisfied id="199" threadId="0000000000F5BF00" bytesRequested="24" />
<af-end id="200" timestamp="2019-08-02T20:13:53.332" threadId="0000000000F5C888" success="true" />
<exclusive-end id="201" timestamp="2019-08-02T20:13:53.332" durationms="6.128" />

<exclusive-start id="202" timestamp="2019-08-02T20:13:53.347" intervalms="21.207">
  <response-info timems="0.069" idlems="0.069" threads="0" lastid="0000000000F5BF00" lastname="Thread-11" />
</exclusive-start>
<af-start id="203" threadId="0000000000F5C888" totalBytesRequested="24" timestamp="2019-08-02T20:13:53.347" intervalms="21.225" />
<cycle-start id="204" type="global" contextid="0" timestamp="2019-08-02T20:13:53.347" intervalms="21.212" />
<gc-start id="205" type="global" contextid="204" timestamp="2019-08-02T20:13:53.348">
  <mem-info id="206" free="502784" total="8388608" percent="5">
    <mem type="tenure" free="502784" total="8388608" percent="5">
      <mem type="soa" free="0" total="7885824" percent="0" />
      <mem type="loa" free="502784" total="502784" percent="100" />
    </mem>
  </mem-info>
</gc-start>
<allocation-stats totalBytes="3341776" >
  <allocated-bytes non-tlh="0" tlh="3341776" />
  <largest-consumer threadName="Thread-11" threadId="0000000000F5BF00" bytes="3341776" />
</allocation-stats>
<gc-op id="207" type="mark" timems="4.193" contextid="204" timestamp="2019-08-02T20:13:53.352">
  <trace-info objectcount="50428" scancount="42019" scanbytes="1477524" />
  <finalization candidates="124" enqueued="0" />
  <ownableSynchronizers candidates="3" cleared="0" />
  <references type="soft" candidates="148" cleared="47" enqueued="44" dynamicThreshold="14" maxThreshold="32" />
  <references type="weak" candidates="769" cleared="0" enqueued="0" />
  <references type="phantom" candidates="63" cleared="0" enqueued="0" />
  <stringconstants candidates="4596" cleared="0"  />
</gc-op>
<gc-op id="208" type="sweep" timems="0.303" contextid="204" timestamp="2019-08-02T20:13:53.352" />
<gc-end id="209" type="global" contextid="204" durationms="5.361" usertimems="12.000" systemtimems="0.000" timestamp="2019-08-02T20:13:53.353" activeThreads="8">
  <mem-info id="210" free="3830744" total="8388608" percent="45">
    <mem type="tenure" free="3830744" total="8388608" percent="45" micro-fragmented="1516816">
      <mem type="soa" free="3337760" total="7885824" percent="42" />
      <mem type="loa" free="492984" total="502784" percent="98" />
    </mem>
    <pending-finalizers system="0" default="0" reference="44" classloader="0" />
  </mem-info>
</gc-end>
<cycle-end id="211" type="global" contextid="204" timestamp="2019-08-02T20:13:53.353" />
  <attribute name="elasticGC enabled" value="1" />
  <attribute name= "numThreadsSpecified" value="0" />
  <attribute name="heapSize specified" value="0" />
  <attribute name= "numCores" value="8" />
  <attribute name ="GC Interval" value="0" />
  <attribute name ="Control flow" value="2" />
  <attribute name="GC Util Range Max" value="90" />
  <attribute name="Current GC Util" value="16" />
  <attribute name= "Current Time Running" value="599" />
<allocation-satisfied id="212" threadId="0000000000F5BF00" bytesRequested="24" />
<af-end id="213" timestamp="2019-08-02T20:13:53.353" threadId="0000000000F5C888" success="true" />
<exclusive-end id="214" timestamp="2019-08-02T20:13:53.353" durationms="6.341" />

<exclusive-start id="215" timestamp="2019-08-02T20:13:53.369" intervalms="21.534">
  <response-info timems="0.104" idlems="0.104" threads="0" lastid="0000000000F5BF00" lastname="Thread-11" />
</exclusive-start>
<af-start id="216" threadId="0000000000F5C888" totalBytesRequested="40" timestamp="2019-08-02T20:13:53.369" intervalms="21.518" />
<cycle-start id="217" type="global" contextid="0" timestamp="2019-08-02T20:13:53.369" intervalms="21.496" />
<gc-start id="218" type="global" contextid="217" timestamp="2019-08-02T20:13:53.369">
  <mem-info id="219" free="502784" total="8388608" percent="5">
    <mem type="tenure" free="502784" total="8388608" percent="5">
      <mem type="soa" free="0" total="7885824" percent="0" />
      <mem type="loa" free="502784" total="502784" percent="100" />
    </mem>
  </mem-info>
</gc-start>
<allocation-stats totalBytes="3318488" >
  <allocated-bytes non-tlh="0" tlh="3318488" />
  <largest-consumer threadName="Thread-11" threadId="0000000000F5BF00" bytes="3317256" />
</allocation-stats>
<gc-op id="220" type="mark" timems="3.852" contextid="217" timestamp="2019-08-02T20:13:53.373">
  <trace-info objectcount="46785" scancount="39187" scanbytes="1400784" />
  <finalization candidates="124" enqueued="0" />
  <ownableSynchronizers candidates="3" cleared="0" />
  <references type="soft" candidates="101" cleared="15" enqueued="13" dynamicThreshold="14" maxThreshold="32" />
  <references type="weak" candidates="769" cleared="0" enqueued="0" />
  <references type="phantom" candidates="63" cleared="0" enqueued="0" />
  <stringconstants candidates="4596" cleared="0"  />
</gc-op>
<gc-op id="221" type="sweep" timems="0.352" contextid="217" timestamp="2019-08-02T20:13:53.374" />
<gc-end id="222" type="global" contextid="217" durationms="5.236" usertimems="4.000" systemtimems="4.000" timestamp="2019-08-02T20:13:53.374" activeThreads="8">
  <mem-info id="223" free="4007944" total="8388608" percent="47">
    <mem type="tenure" free="4007944" total="8388608" percent="47" micro-fragmented="1357488">
      <mem type="soa" free="3513000" total="7885824" percent="44" />
      <mem type="loa" free="494944" total="502784" percent="98" />
    </mem>
    <pending-finalizers system="0" default="0" reference="13" classloader="0" />
  </mem-info>
</gc-end>
<cycle-end id="224" type="global" contextid="217" timestamp="2019-08-02T20:13:53.374" />
  <attribute name="elasticGC enabled" value="1" />
  <attribute name= "numThreadsSpecified" value="0" />
  <attribute name="heapSize specified" value="0" />
  <attribute name= "numCores" value="8" />
  <attribute name ="GC Interval" value="0" />
  <attribute name ="Control flow" value="2" />
  <attribute name="GC Util Range Max" value="90" />
  <attribute name="Current GC Util" value="21" />
  <attribute name= "Current Time Running" value="621" />
<allocation-satisfied id="225" threadId="0000000000F5BF00" bytesRequested="40" />
<af-end id="226" timestamp="2019-08-02T20:13:53.375" threadId="0000000000F5C888" success="true" />
<exclusive-end id="227" timestamp="2019-08-02T20:13:53.375" durationms="6.169" />

<exclusive-start id="228" timestamp="2019-08-02T20:13:53.390" intervalms="21.838">
  <response-info timems="0.040" idlems="0.040" threads="0" lastid="0000000000F5BF00" lastname="Thread-11" />
</exclusive-start>
<af-start id="229" threadId="0000000000F5C888" totalBytesRequested="40" timestamp="2019-08-02T20:13:53.391" intervalms="21.794" />
<cycle-start id="230" type="global" contextid="0" timestamp="2019-08-02T20:13:53.391" intervalms="21.793" />
<gc-start id="231" type="global" contextid="230" timestamp="2019-08-02T20:13:53.391">
  <mem-info id="232" free="502784" total="8388608" percent="5">
    <mem type="tenure" free="502784" total="8388608" percent="5">
      <mem type="soa" free="0" total="7885824" percent="0" />
      <mem type="loa" free="502784" total="502784" percent="100" />
    </mem>
  </mem-info>
</gc-start>
<allocation-stats totalBytes="3491408" >
  <allocated-bytes non-tlh="0" tlh="3491408" />
  <largest-consumer threadName="Thread-11" threadId="0000000000F5BF00" bytes="3491408" />
</allocation-stats>
<gc-op id="233" type="mark" timems="3.315" contextid="230" timestamp="2019-08-02T20:13:53.394">
  <trace-info objectcount="46946" scancount="39357" scanbytes="1403712" />
  <finalization candidates="124" enqueued="0" />
  <ownableSynchronizers candidates="3" cleared="0" />
  <references type="soft" candidates="86" cleared="0" enqueued="0" dynamicThreshold="15" maxThreshold="32" />
  <references type="weak" candidates="769" cleared="0" enqueued="0" />
  <references type="phantom" candidates="63" cleared="0" enqueued="0" />
  <stringconstants candidates="4596" cleared="0"  />
</gc-op>
<gc-op id="234" type="sweep" timems="0.336" contextid="230" timestamp="2019-08-02T20:13:53.395" />
<gc-end id="235" type="global" contextid="230" durationms="4.692" usertimems="12.000" systemtimems="0.000" timestamp="2019-08-02T20:13:53.396" activeThreads="8">
  <mem-info id="236" free="3952640" total="8388608" percent="47">
    <mem type="tenure" free="3952640" total="8388608" percent="47" micro-fragmented="1431314">
      <mem type="soa" free="3456128" total="7885824" percent="43" />
      <mem type="loa" free="496512" total="502784" percent="98" />
    </mem>
  </mem-info>
</gc-end>
<cycle-end id="237" type="global" contextid="230" timestamp="2019-08-02T20:13:53.396" />
  <attribute name="elasticGC enabled" value="1" />
  <attribute name= "numThreadsSpecified" value="0" />
  <attribute name="heapSize specified" value="0" />
  <attribute name= "numCores" value="8" />
  <attribute name ="GC Interval" value="0" />
  <attribute name ="Control flow" value="2" />
  <attribute name="GC Util Range Max" value="90" />
  <attribute name="Current GC Util" value="15" />
  <attribute name= "Current Time Running" value="642" />
<allocation-satisfied id="238" threadId="0000000000F5BF00" bytesRequested="40" />
<af-end id="239" timestamp="2019-08-02T20:13:53.396" threadId="0000000000F5C888" success="true" />
<exclusive-end id="240" timestamp="2019-08-02T20:13:53.396" durationms="5.435" />

<exclusive-start id="241" timestamp="2019-08-02T20:13:53.412" intervalms="21.717">
  <response-info timems="0.043" idlems="0.043" threads="0" lastid="0000000000F5BF00" lastname="Thread-11" />
</exclusive-start>
<af-start id="242" threadId="0000000000F5C888" totalBytesRequested="40" timestamp="2019-08-02T20:13:53.412" intervalms="21.730" />
<cycle-start id="243" type="global" contextid="0" timestamp="2019-08-02T20:13:53.413" intervalms="21.737" />
<gc-start id="244" type="global" contextid="243" timestamp="2019-08-02T20:13:53.413">
  <mem-info id="245" free="502784" total="8388608" percent="5">
    <mem type="tenure" free="502784" total="8388608" percent="5">
      <mem type="soa" free="0" total="7885824" percent="0" />
      <mem type="loa" free="502784" total="502784" percent="100" />
    </mem>
  </mem-info>
</gc-start>
<allocation-stats totalBytes="3434512" >
  <allocated-bytes non-tlh="0" tlh="3434512" />
  <largest-consumer threadName="Thread-11" threadId="0000000000F5BF00" bytes="3434512" />
</allocation-stats>
<heap-resize id="246" type="loa contract" space="tenure" amount="83968" count="1" timems="0.000" reason="contract underutilized loa" timestamp="2019-08-02T20:13:53.413" />
<gc-op id="247" type="mark" timems="3.054" contextid="243" timestamp="2019-08-02T20:13:53.416">
  <trace-info objectcount="47191" scancount="39602" scanbytes="1409592" />
  <finalization candidates="124" enqueued="0" />
  <ownableSynchronizers candidates="3" cleared="0" />
  <references type="soft" candidates="86" cleared="0" enqueued="0" dynamicThreshold="15" maxThreshold="32" />
  <references type="weak" candidates="769" cleared="0" enqueued="0" />
  <references type="phantom" candidates="63" cleared="0" enqueued="0" />
  <stringconstants candidates="4596" cleared="0"  />
</gc-op>
<gc-op id="248" type="sweep" timems="0.358" contextid="243" timestamp="2019-08-02T20:13:53.416" />
<gc-end id="249" type="global" contextid="243" durationms="4.481" usertimems="8.000" systemtimems="0.000" timestamp="2019-08-02T20:13:53.417" activeThreads="8">
  <mem-info id="250" free="3897024" total="8388608" percent="46">
    <mem type="tenure" free="3897024" total="8388608" percent="46" micro-fragmented="1402382">
      <mem type="soa" free="3482384" total="7969792" percent="43" />
      <mem type="loa" free="414640" total="418816" percent="99" />
    </mem>
  </mem-info>
</gc-end>
<cycle-end id="251" type="global" contextid="243" timestamp="2019-08-02T20:13:53.417" />
  <attribute name="elasticGC enabled" value="1" />
  <attribute name= "numThreadsSpecified" value="0" />
  <attribute name="heapSize specified" value="0" />
  <attribute name= "numCores" value="8" />
  <attribute name ="GC Interval" value="0" />
  <attribute name ="Control flow" value="2" />
  <attribute name="GC Util Range Max" value="90" />
  <attribute name="Current GC Util" value="24" />
  <attribute name= "Current Time Running" value="664" />
<allocation-satisfied id="252" threadId="0000000000F5BF00" bytesRequested="40" />
<af-end id="253" timestamp="2019-08-02T20:13:53.417" threadId="0000000000F5C888" success="true" />
<exclusive-end id="254" timestamp="2019-08-02T20:13:53.417" durationms="5.283" />

<exclusive-start id="255" timestamp="2019-08-02T20:13:53.434" intervalms="21.699">
  <response-info timems="0.076" idlems="0.076" threads="0" lastid="0000000000F5BF00" lastname="Thread-11" />
</exclusive-start>
<af-start id="256" threadId="0000000000F5C888" totalBytesRequested="24" timestamp="2019-08-02T20:13:53.434" intervalms="21.720" />
<cycle-start id="257" type="global" contextid="0" timestamp="2019-08-02T20:13:53.434" intervalms="21.757" />
<gc-start id="258" type="global" contextid="257" timestamp="2019-08-02T20:13:53.434">
  <mem-info id="259" free="418816" total="8388608" percent="4">
    <mem type="tenure" free="418816" total="8388608" percent="4">
      <mem type="soa" free="0" total="7969792" percent="0" />
      <mem type="loa" free="418816" total="418816" percent="100" />
    </mem>
  </mem-info>
</gc-start>
<allocation-stats totalBytes="3460856" >
  <allocated-bytes non-tlh="0" tlh="3460856" />
  <largest-consumer threadName="Thread-11" threadId="0000000000F5BF00" bytes="3460856" />
</allocation-stats>
<heap-resize id="260" type="loa contract" space="tenure" amount="83968" count="1" timems="0.000" reason="contract underutilized loa" timestamp="2019-08-02T20:13:53.435" />
<gc-op id="261" type="mark" timems="2.243" contextid="257" timestamp="2019-08-02T20:13:53.437">
  <trace-info objectcount="47436" scancount="39845" scanbytes="1415416" />
  <finalization candidates="124" enqueued="0" />
  <ownableSynchronizers candidates="3" cleared="0" />
  <references type="soft" candidates="86" cleared="2" enqueued="1" dynamicThreshold="14" maxThreshold="32" />
  <references type="weak" candidates="769" cleared="0" enqueued="0" />
  <references type="phantom" candidates="63" cleared="0" enqueued="0" />
  <stringconstants candidates="4596" cleared="0"  />
</gc-op>
<gc-op id="262" type="sweep" timems="0.330" contextid="257" timestamp="2019-08-02T20:13:53.437" />
<gc-end id="263" type="global" contextid="257" durationms="3.574" usertimems="0.000" systemtimems="8.000" timestamp="2019-08-02T20:13:53.438" activeThreads="8">
  <mem-info id="264" free="3840632" total="8388608" percent="45">
    <mem type="tenure" free="3840632" total="8388608" percent="45" micro-fragmented="1291937">
      <mem type="soa" free="3508456" total="8053760" percent="43" />
      <mem type="loa" free="332176" total="334848" percent="99" />
    </mem>
    <pending-finalizers system="0" default="0" reference="1" classloader="0" />
  </mem-info>
</gc-end>
<cycle-end id="265" type="global" contextid="257" timestamp="2019-08-02T20:13:53.438" />
  <attribute name="elasticGC enabled" value="1" />
  <attribute name= "numThreadsSpecified" value="0" />
  <attribute name="heapSize specified" value="0" />
  <attribute name= "numCores" value="8" />
  <attribute name ="GC Interval" value="0" />
  <attribute name ="Control flow" value="2" />
  <attribute name="GC Util Range Max" value="90" />
  <attribute name="Current GC Util" value="15" />
  <attribute name= "Current Time Running" value="684" />
<allocation-satisfied id="266" threadId="0000000000F5BF00" bytesRequested="24" />
<af-end id="267" timestamp="2019-08-02T20:13:53.438" threadId="0000000000F5C888" success="true" />
<exclusive-end id="268" timestamp="2019-08-02T20:13:53.438" durationms="4.450" />

<exclusive-start id="269" timestamp="2019-08-02T20:13:53.455" intervalms="21.275">
  <response-info timems="0.086" idlems="0.086" threads="0" lastid="0000000000F5BF00" lastname="Thread-11" />
</exclusive-start>
<af-start id="270" threadId="0000000000F5C888" totalBytesRequested="40" timestamp="2019-08-02T20:13:53.455" intervalms="21.285" />
<cycle-start id="271" type="global" contextid="0" timestamp="2019-08-02T20:13:53.456" intervalms="21.274" />
<gc-start id="272" type="global" contextid="271" timestamp="2019-08-02T20:13:53.456">
  <mem-info id="273" free="334848" total="8388608" percent="3">
    <mem type="tenure" free="334848" total="8388608" percent="3">
      <mem type="soa" free="0" total="8053760" percent="0" />
      <mem type="loa" free="334848" total="334848" percent="100" />
    </mem>
  </mem-info>
</gc-start>
<allocation-stats totalBytes="3485560" >
  <allocated-bytes non-tlh="0" tlh="3485560" />
  <largest-consumer threadName="Thread-11" threadId="0000000000F5BF00" bytes="3484768" />
</allocation-stats>
<heap-resize id="274" type="loa contract" space="tenure" amount="83968" count="1" timems="0.000" reason="contract underutilized loa" timestamp="2019-08-02T20:13:53.456" />
<gc-op id="275" type="mark" timems="1.925" contextid="271" timestamp="2019-08-02T20:13:53.458">
  <trace-info objectcount="47599" scancount="40005" scanbytes="1419960" />
  <finalization candidates="124" enqueued="0" />
  <ownableSynchronizers candidates="3" cleared="0" />
  <references type="soft" candidates="84" cleared="0" enqueued="0" dynamicThreshold="14" maxThreshold="32" />
  <references type="weak" candidates="769" cleared="0" enqueued="0" />
  <references type="phantom" candidates="63" cleared="0" enqueued="0" />
  <stringconstants candidates="4596" cleared="0"  />
</gc-op>
<gc-op id="276" type="sweep" timems="0.331" contextid="271" timestamp="2019-08-02T20:13:53.458" />
<gc-end id="277" type="global" contextid="271" durationms="3.209" usertimems="8.000" systemtimems="0.000" timestamp="2019-08-02T20:13:53.459" activeThreads="8">
  <mem-info id="278" free="3792296" total="8388608" percent="45">
    <mem type="tenure" free="3792296" total="8388608" percent="45" micro-fragmented="1540330">
      <mem type="soa" free="3543016" total="8137728" percent="43" />
      <mem type="loa" free="249280" total="250880" percent="99" />
    </mem>
  </mem-info>
</gc-end>
<cycle-end id="279" type="global" contextid="271" timestamp="2019-08-02T20:13:53.459" />
  <attribute name="elasticGC enabled" value="1" />
  <attribute name= "numThreadsSpecified" value="0" />
  <attribute name="heapSize specified" value="0" />
  <attribute name= "numCores" value="8" />
  <attribute name ="GC Interval" value="0" />
  <attribute name ="Control flow" value="2" />
  <attribute name="GC Util Range Max" value="90" />
  <attribute name="Current GC Util" value="16" />
  <attribute name= "Current Time Running" value="705" />
<allocation-satisfied id="280" threadId="0000000000F5BF00" bytesRequested="40" />
<af-end id="281" timestamp="2019-08-02T20:13:53.459" threadId="0000000000F5C888" success="true" />
<exclusive-end id="282" timestamp="2019-08-02T20:13:53.459" durationms="4.058" />

<concurrent-kickoff id="283" timestamp="2019-08-02T20:13:53.472">
  <kickoff reason="threshold reached" targetBytes="2356104" thresholdFreeBytes="321203" remainingFree="249280" tenureFreeBytes="249280" />
</concurrent-kickoff>
<exclusive-start id="284" timestamp="2019-08-02T20:13:53.472" intervalms="17.293">
  <response-info timems="0.069" idlems="0.069" threads="0" lastid="0000000000F5BF00" lastname="Thread-11" />
</exclusive-start>
<cycle-start id="285" type="global" contextid="0" timestamp="2019-08-02T20:13:53.473" intervalms="17.016" />
<exclusive-end id="286" timestamp="2019-08-02T20:13:53.473" durationms="0.181" />

<exclusive-start id="287" timestamp="2019-08-02T20:13:53.473" intervalms="0.614">
  <response-info timems="0.020" idlems="0.011" threads="1" lastid="0000000000BF4200" lastname="JIT Compilation Thread-1" />
</exclusive-start>
<af-start id="288" threadId="0000000000F5C888" totalBytesRequested="40" timestamp="2019-08-02T20:13:53.473" intervalms="17.875" />
<concurrent-aborted id="289" timestamp="2019-08-02T20:13:53.473">
  <reason value="insufficient progress made" />
</concurrent-aborted>
<cycle-end id="290" type="global" contextid="285" timestamp="2019-08-02T20:13:53.474" />
  <attribute name="elasticGC enabled" value="1" />
  <attribute name= "numThreadsSpecified" value="0" />
  <attribute name="heapSize specified" value="0" />
  <attribute name= "numCores" value="8" />
  <attribute name ="GC Interval" value="0" />
  <attribute name ="Control flow" value="2" />
  <attribute name="GC Util Range Max" value="90" />
  <attribute name="Current GC Util" value="21" />
  <attribute name= "Current Time Running" value="720" />
<cycle-start id="291" type="global" contextid="0" timestamp="2019-08-02T20:13:53.474" intervalms="1.055" />
<gc-start id="292" type="global" contextid="291" timestamp="2019-08-02T20:13:53.474">
  <mem-info id="293" free="250880" total="8388608" percent="2">
    <mem type="tenure" free="250880" total="8388608" percent="2">
      <mem type="soa" free="0" total="8137728" percent="0" />
      <mem type="loa" free="250880" total="250880" percent="100" />
    </mem>
  </mem-info>
</gc-start>
<allocation-stats totalBytes="3519504" >
  <allocated-bytes non-tlh="0" tlh="3519504" />
  <largest-consumer threadName="Thread-11" threadId="0000000000F5BF00" bytes="3519504" />
</allocation-stats>
<heap-resize id="294" type="loa contract" space="tenure" amount="83968" count="1" timems="0.000" reason="contract underutilized loa" timestamp="2019-08-02T20:13:53.474" />
<gc-op id="295" type="mark" timems="2.810" contextid="291" timestamp="2019-08-02T20:13:53.477">
  <trace-info objectcount="47726" scancount="40153" scanbytes="1422792" />
  <finalization candidates="124" enqueued="0" />
  <ownableSynchronizers candidates="3" cleared="0" />
  <references type="soft" candidates="84" cleared="0" enqueued="0" dynamicThreshold="14" maxThreshold="32" />
  <references type="weak" candidates="769" cleared="0" enqueued="0" />
  <references type="phantom" candidates="63" cleared="0" enqueued="0" />
  <stringconstants candidates="4596" cleared="0"  />
</gc-op>
<gc-op id="296" type="sweep" timems="0.326" contextid="291" timestamp="2019-08-02T20:13:53.477" />
<gc-end id="297" type="global" contextid="291" durationms="3.954" usertimems="8.000" systemtimems="0.000" timestamp="2019-08-02T20:13:53.478" activeThreads="8">
  <mem-info id="298" free="3729224" total="8388608" percent="44">
    <mem type="tenure" free="3729224" total="8388608" percent="44" micro-fragmented="1518964">
      <mem type="soa" free="3563160" total="8221696" percent="43" />
      <mem type="loa" free="166064" total="166912" percent="99" />
    </mem>
  </mem-info>
</gc-end>
<cycle-end id="299" type="global" contextid="291" timestamp="2019-08-02T20:13:53.478" />
  <attribute name="elasticGC enabled" value="1" />
  <attribute name= "numThreadsSpecified" value="0" />
  <attribute name="heapSize specified" value="0" />
  <attribute name= "numCores" value="8" />
  <attribute name ="GC Interval" value="0" />
  <attribute name ="Control flow" value="2" />
  <attribute name="GC Util Range Max" value="90" />
  <attribute name="Current GC Util" value="15" />
  <attribute name= "Current Time Running" value="724" />
<allocation-satisfied id="300" threadId="0000000000F5BF00" bytesRequested="40" />
<af-end id="301" timestamp="2019-08-02T20:13:53.478" threadId="0000000000F5C888" success="true" />
<exclusive-end id="302" timestamp="2019-08-02T20:13:53.478" durationms="4.967" />

<concurrent-kickoff id="303" timestamp="2019-08-02T20:13:53.492">
  <kickoff reason="threshold reached" targetBytes="2356104" thresholdFreeBytes="321203" remainingFree="310984" tenureFreeBytes="310984" />
</concurrent-kickoff>
<exclusive-start id="304" timestamp="2019-08-02T20:13:53.493" intervalms="19.526">
  <response-info timems="0.027" idlems="0.027" threads="0" lastid="0000000000F5BF00" lastname="Thread-11" />
</exclusive-start>
<cycle-start id="305" type="global" contextid="0" timestamp="2019-08-02T20:13:53.493" intervalms="19.076" />
<exclusive-end id="306" timestamp="2019-08-02T20:13:53.493" durationms="0.163" />

<exclusive-start id="307" timestamp="2019-08-02T20:13:53.495" intervalms="2.152">
  <response-info timems="0.076" idlems="0.076" threads="0" lastid="0000000000F5BF00" lastname="Thread-11" />
</exclusive-start>
<af-start id="308" threadId="0000000000F5C888" totalBytesRequested="24" timestamp="2019-08-02T20:13:53.495" intervalms="21.695" />
<gc-start id="309" type="global" contextid="305" timestamp="2019-08-02T20:13:53.495">
  <mem-info id="310" free="166912" total="8388608" percent="1">
    <mem type="tenure" free="166912" total="8388608" percent="1">
      <mem type="soa" free="0" total="8221696" percent="0" />
      <mem type="loa" free="166912" total="166912" percent="100" />
    </mem>
  </mem-info>
</gc-start>
<allocation-stats totalBytes="3539976" >
  <allocated-bytes non-tlh="0" tlh="3539976" />
  <largest-consumer threadName="Thread-11" threadId="0000000000F5BF00" bytes="3539976" />
</allocation-stats>
<heap-resize id="311" type="loa contract" space="tenure" amount="83968" count="1" timems="0.000" reason="contract underutilized loa" timestamp="2019-08-02T20:13:53.495" />
<concurrent-halted id="312" timestamp="2019-08-02T20:13:53.495">
  <halted state="Class scanning incomplete" status="trace only" />
  <traced bytesTarget="2356104" bytesTotal="1237572" bytesByMutator="350152" bytesByHelper="887420" percent="52" />
  <cards cleaned="0" thresholdBytes="126534" />
</concurrent-halted>
<gc-op id="313" type="card-cleaning" timems="0.559" contextid="305" timestamp="2019-08-02T20:13:53.496">
  <card-cleaning cardsCleaned="12" bytesTraced="9400" workStackOverflowCount="0" />
</gc-op>
<gc-op id="314" type="mark" timems="1.925" contextid="305" timestamp="2019-08-02T20:13:53.498">
  <trace-info objectcount="7598" scancount="6558" scanbytes="189752" />
  <finalization candidates="124" enqueued="0" />
  <ownableSynchronizers candidates="3" cleared="0" />
  <references type="soft" candidates="84" cleared="0" enqueued="0" dynamicThreshold="14" maxThreshold="32" />
  <references type="weak" candidates="769" cleared="0" enqueued="0" />
  <references type="phantom" candidates="63" cleared="0" enqueued="0" />
  <stringconstants candidates="4596" cleared="0"  />
</gc-op>
<gc-op id="315" type="sweep" timems="0.376" contextid="305" timestamp="2019-08-02T20:13:53.499" />
<gc-end id="316" type="global" contextid="305" durationms="4.073" usertimems="12.000" systemtimems="0.000" timestamp="2019-08-02T20:13:53.499" activeThreads="8">
  <mem-info id="317" free="3681648" total="8388608" percent="43">
    <mem type="tenure" free="3681648" total="8388608" percent="43" micro-fragmented="1460803">
      <mem type="soa" free="3599040" total="8305664" percent="43" />
      <mem type="loa" free="82608" total="82944" percent="99" />
    </mem>
  </mem-info>
</gc-end>
<cycle-end id="318" type="global" contextid="305" timestamp="2019-08-02T20:13:53.499" />
  <attribute name="elasticGC enabled" value="1" />
  <attribute name= "numThreadsSpecified" value="0" />
  <attribute name="heapSize specified" value="0" />
  <attribute name= "numCores" value="8" />
  <attribute name ="GC Interval" value="0" />
  <attribute name ="Control flow" value="2" />
  <attribute name="GC Util Range Max" value="90" />
  <attribute name="Current GC Util" value="15" />
  <attribute name= "Current Time Running" value="746" />
<allocation-satisfied id="319" threadId="0000000000F5BF00" bytesRequested="24" />
<af-end id="320" timestamp="2019-08-02T20:13:53.499" threadId="0000000000F5C888" success="true" />
<exclusive-end id="321" timestamp="2019-08-02T20:13:53.500" durationms="4.803" />

<concurrent-kickoff id="322" timestamp="2019-08-02T20:13:53.511">
  <kickoff reason="threshold reached" targetBytes="2245075" thresholdFreeBytes="303934" remainingFree="299568" tenureFreeBytes="299568" />
</concurrent-kickoff>
<exclusive-start id="323" timestamp="2019-08-02T20:13:53.511" intervalms="16.741">
  <response-info timems="0.083" idlems="0.083" threads="0" lastid="0000000000F5BF00" lastname="Thread-11" />
</exclusive-start>
<cycle-start id="324" type="global" contextid="0" timestamp="2019-08-02T20:13:53.512" intervalms="18.890" />
<exclusive-end id="325" timestamp="2019-08-02T20:13:53.512" durationms="0.136" />

<exclusive-start id="326" timestamp="2019-08-02T20:13:53.514" intervalms="2.299">
  <response-info timems="0.073" idlems="0.073" threads="0" lastid="0000000000F5BF00" lastname="Thread-11" />
</exclusive-start>
<af-start id="327" threadId="0000000000F5C888" totalBytesRequested="40" timestamp="2019-08-02T20:13:53.514" intervalms="18.992" />
<gc-start id="328" type="global" contextid="324" timestamp="2019-08-02T20:13:53.514">
  <mem-info id="329" free="82944" total="8388608" percent="0">
    <mem type="tenure" free="82944" total="8388608" percent="0">
      <mem type="soa" free="0" total="8305664" percent="0" />
      <mem type="loa" free="82944" total="82944" percent="100" />
    </mem>
  </mem-info>
</gc-start>
<allocation-stats totalBytes="3574952" >
  <allocated-bytes non-tlh="0" tlh="3574952" />
  <largest-consumer threadName="Thread-11" threadId="0000000000F5BF00" bytes="3574952" />
</allocation-stats>
<concurrent-halted id="330" timestamp="2019-08-02T20:13:53.514">
  <halted state="Class scanning incomplete" status="clean trace" />
  <traced bytesTarget="2245075" bytesTotal="1255604" bytesByMutator="226932" bytesByHelper="1028672" percent="55" />
  <cards cleaned="12" thresholdBytes="119731" />
</concurrent-halted>
<gc-op id="331" type="card-cleaning" timems="0.086" contextid="324" timestamp="2019-08-02T20:13:53.514">
  <card-cleaning cardsCleaned="6" bytesTraced="1744" workStackOverflowCount="0" />
</gc-op>
<gc-op id="332" type="mark" timems="1.251" contextid="324" timestamp="2019-08-02T20:13:53.516">
  <trace-info objectcount="7613" scancount="6574" scanbytes="190224" />
  <finalization candidates="124" enqueued="0" />
  <ownableSynchronizers candidates="3" cleared="0" />
  <references type="soft" candidates="84" cleared="0" enqueued="0" dynamicThreshold="14" maxThreshold="32" />
  <references type="weak" candidates="769" cleared="0" enqueued="0" />
  <references type="phantom" candidates="63" cleared="0" enqueued="0" />
  <stringconstants candidates="4596" cleared="0"  />
</gc-op>
<gc-op id="333" type="sweep" timems="0.335" contextid="324" timestamp="2019-08-02T20:13:53.516" />
<gc-end id="334" type="global" contextid="324" durationms="2.566" usertimems="4.000" systemtimems="0.000" timestamp="2019-08-02T20:13:53.517" activeThreads="8">
  <mem-info id="335" free="3615120" total="8388608" percent="43">
    <mem type="tenure" free="3615120" total="8388608" percent="43" micro-fragmented="1527149">
      <mem type="soa" free="3532448" total="8305664" percent="42" />
      <mem type="loa" free="82672" total="82944" percent="99" />
    </mem>
  </mem-info>
</gc-end>
<cycle-end id="336" type="global" contextid="324" timestamp="2019-08-02T20:13:53.517" />
  <attribute name="elasticGC enabled" value="1" />
  <attribute name= "numThreadsSpecified" value="0" />
  <attribute name="heapSize specified" value="0" />
  <attribute name= "numCores" value="8" />
  <attribute name ="GC Interval" value="0" />
  <attribute name ="Control flow" value="2" />
  <attribute name="GC Util Range Max" value="90" />
  <attribute name="Current GC Util" value="14" />
  <attribute name= "Current Time Running" value="763" />
<allocation-satisfied id="337" threadId="0000000000F5BF00" bytesRequested="40" />
<af-end id="338" timestamp="2019-08-02T20:13:53.517" threadId="0000000000F5C888" success="true" />
<exclusive-end id="339" timestamp="2019-08-02T20:13:53.517" durationms="3.092" />

<concurrent-kickoff id="340" timestamp="2019-08-02T20:13:53.529">
  <kickoff reason="threshold reached" targetBytes="1257348" thresholdFreeBytes="175356" remainingFree="166456" tenureFreeBytes="166456" />
</concurrent-kickoff>
<exclusive-start id="341" timestamp="2019-08-02T20:13:53.529" intervalms="14.897">
  <response-info timems="0.114" idlems="0.114" threads="0" lastid="0000000000F5BF00" lastname="Thread-11" />
</exclusive-start>
<cycle-start id="342" type="global" contextid="0" timestamp="2019-08-02T20:13:53.529" intervalms="17.196" />
<exclusive-end id="343" timestamp="2019-08-02T20:13:53.529" durationms="0.178" />

<exclusive-start id="344" timestamp="2019-08-02T20:13:53.530" intervalms="1.705">
  <response-info timems="0.050" idlems="0.050" threads="0" lastid="0000000000F5BF00" lastname="Thread-11" />
</exclusive-start>
<af-start id="345" threadId="0000000000F5C888" totalBytesRequested="40" timestamp="2019-08-02T20:13:53.531" intervalms="16.639" />
<gc-start id="346" type="global" contextid="342" timestamp="2019-08-02T20:13:53.531">
  <mem-info id="347" free="82944" total="8388608" percent="0">
    <mem type="tenure" free="82944" total="8388608" percent="0">
      <mem type="soa" free="0" total="8305664" percent="0" />
      <mem type="loa" free="82944" total="82944" percent="100" />
    </mem>
  </mem-info>
</gc-start>
<allocation-stats totalBytes="3507496" >
  <allocated-bytes non-tlh="0" tlh="3507496" />
  <largest-consumer threadName="Thread-11" threadId="0000000000F5BF00" bytes="3507496" />
</allocation-stats>
<concurrent-halted id="348" timestamp="2019-08-02T20:13:53.531">
  <halted state="Class scanning incomplete" status="trace only" />
  <traced bytesTarget="1257348" bytesTotal="801836" bytesByMutator="118400" bytesByHelper="683436" percent="63" />
  <cards cleaned="0" thresholdBytes="69079" />
</concurrent-halted>
<gc-op id="349" type="tracing" timems="0.208" contextid="342" timestamp="2019-08-02T20:13:53.531">
  <trace bytesTraced="455864" workStackOverflowCount="0" />
</gc-op>
<gc-op id="350" type="card-cleaning" timems="0.333" contextid="342" timestamp="2019-08-02T20:13:53.532">
  <card-cleaning cardsCleaned="19" bytesTraced="10648" workStackOverflowCount="0" />
</gc-op>
<gc-op id="351" type="mark" timems="1.643" contextid="342" timestamp="2019-08-02T20:13:53.533">
  <trace-info objectcount="7418" scancount="6347" scanbytes="181824" />
  <finalization candidates="124" enqueued="0" />
  <ownableSynchronizers candidates="3" cleared="0" />
  <references type="soft" candidates="84" cleared="0" enqueued="0" dynamicThreshold="13" maxThreshold="32" />
  <references type="weak" candidates="769" cleared="0" enqueued="0" />
  <references type="phantom" candidates="63" cleared="0" enqueued="0" />
  <stringconstants candidates="4596" cleared="0"  />
</gc-op>
<gc-op id="352" type="sweep" timems="0.381" contextid="342" timestamp="2019-08-02T20:13:53.534" />
<gc-end id="353" type="global" contextid="342" durationms="3.526" usertimems="8.000" systemtimems="0.000" timestamp="2019-08-02T20:13:53.534" activeThreads="8">
  <mem-info id="354" free="3550424" total="8388608" percent="42">
    <mem type="tenure" free="3550424" total="8388608" percent="42" micro-fragmented="1543371">
      <mem type="soa" free="3467696" total="8305664" percent="41" />
      <mem type="loa" free="82728" total="82944" percent="99" />
    </mem>
  </mem-info>
</gc-end>
<cycle-end id="355" type="global" contextid="342" timestamp="2019-08-02T20:13:53.534" />
  <attribute name="elasticGC enabled" value="1" />
  <attribute name= "numThreadsSpecified" value="0" />
  <attribute name="heapSize specified" value="0" />
  <attribute name= "numCores" value="8" />
  <attribute name ="GC Interval" value="0" />
  <attribute name ="Control flow" value="2" />
  <attribute name="GC Util Range Max" value="90" />
  <attribute name="Current GC Util" value="14" />
  <attribute name= "Current Time Running" value="781" />
<allocation-satisfied id="356" threadId="0000000000F5BF00" bytesRequested="40" />
<af-end id="357" timestamp="2019-08-02T20:13:53.535" threadId="0000000000F5C888" success="true" />
<exclusive-end id="358" timestamp="2019-08-02T20:13:53.535" durationms="4.153" />

<concurrent-kickoff id="359" timestamp="2019-08-02T20:13:53.546">
  <kickoff reason="threshold reached" targetBytes="1898267" thresholdFreeBytes="256136" remainingFree="255384" tenureFreeBytes="255384" />
</concurrent-kickoff>
<exclusive-start id="360" timestamp="2019-08-02T20:13:53.546" intervalms="15.354">
  <response-info timems="0.079" idlems="0.079" threads="0" lastid="0000000000F5BF00" lastname="Thread-11" />
</exclusive-start>
<cycle-start id="361" type="global" contextid="0" timestamp="2019-08-02T20:13:53.546" intervalms="17.061" />
<exclusive-end id="362" timestamp="2019-08-02T20:13:53.546" durationms="0.180" />

<exclusive-start id="363" timestamp="2019-08-02T20:13:53.548" intervalms="2.249">
  <response-info timems="0.022" idlems="0.022" threads="0" lastid="0000000000F5BF00" lastname="Thread-11" />
</exclusive-start>
<af-start id="364" threadId="0000000000F5C888" totalBytesRequested="24" timestamp="2019-08-02T20:13:53.548" intervalms="17.603" />
<gc-start id="365" type="global" contextid="361" timestamp="2019-08-02T20:13:53.548">
  <mem-info id="366" free="82944" total="8388608" percent="0">
    <mem type="tenure" free="82944" total="8388608" percent="0">
      <mem type="soa" free="0" total="8305664" percent="0" />
      <mem type="loa" free="82944" total="82944" percent="100" />
    </mem>
  </mem-info>
</gc-start>
<allocation-stats totalBytes="3442712" >
  <allocated-bytes non-tlh="0" tlh="3442712" />
  <largest-consumer threadName="Thread-11" threadId="0000000000F5BF00" bytes="3442712" />
</allocation-stats>
<concurrent-halted id="367" timestamp="2019-08-02T20:13:53.548">
  <halted state="Tracing incomplete" status="clean trace" />
  <traced bytesTarget="1898267" bytesTotal="1117576" bytesByMutator="422648" bytesByHelper="694928" percent="58" />
  <cards cleaned="0" thresholdBytes="100902" />
</concurrent-halted>
<gc-op id="368" type="tracing" timems="0.192" contextid="361" timestamp="2019-08-02T20:13:53.549">
  <trace bytesTraced="185688" workStackOverflowCount="0" />
</gc-op>
<gc-op id="369" type="card-cleaning" timems="0.106" contextid="361" timestamp="2019-08-02T20:13:53.549">
  <card-cleaning cardsCleaned="19" bytesTraced="8184" workStackOverflowCount="0" />
</gc-op>
<gc-op id="370" type="mark" timems="0.999" contextid="361" timestamp="2019-08-02T20:13:53.550">
  <trace-info objectcount="4964" scancount="4612" scanbytes="140320" />
  <finalization candidates="124" enqueued="0" />
  <ownableSynchronizers candidates="3" cleared="0" />
  <references type="soft" candidates="84" cleared="0" enqueued="0" dynamicThreshold="13" maxThreshold="32" />
  <references type="weak" candidates="769" cleared="0" enqueued="0" />
  <references type="phantom" candidates="63" cleared="0" enqueued="0" />
  <stringconstants candidates="4596" cleared="0"  />
</gc-op>
<gc-op id="371" type="sweep" timems="0.340" contextid="361" timestamp="2019-08-02T20:13:53.550" />
<gc-end id="372" type="global" contextid="361" durationms="2.529" usertimems="8.000" systemtimems="0.000" timestamp="2019-08-02T20:13:53.551" activeThreads="8">
  <mem-info id="373" free="3496568" total="8388608" percent="41">
    <mem type="tenure" free="3496568" total="8388608" percent="41" micro-fragmented="1687552">
      <mem type="soa" free="3413792" total="8305664" percent="41" />
      <mem type="loa" free="82776" total="82944" percent="99" />
    </mem>
  </mem-info>
</gc-end>
<cycle-end id="374" type="global" contextid="361" timestamp="2019-08-02T20:13:53.551" />
  <attribute name="elasticGC enabled" value="1" />
  <attribute name= "numThreadsSpecified" value="0" />
  <attribute name="heapSize specified" value="0" />
  <attribute name= "numCores" value="8" />
  <attribute name ="GC Interval" value="0" />
  <attribute name ="Control flow" value="2" />
  <attribute name="GC Util Range Max" value="90" />
  <attribute name="Current GC Util" value="16" />
  <attribute name= "Current Time Running" value="797" />
<allocation-satisfied id="375" threadId="0000000000F5BF00" bytesRequested="24" />
<af-end id="376" timestamp="2019-08-02T20:13:53.551" threadId="0000000000F5C888" success="true" />
<exclusive-end id="377" timestamp="2019-08-02T20:13:53.551" durationms="3.103" />

<concurrent-kickoff id="378" timestamp="2019-08-02T20:13:53.561">
  <kickoff reason="threshold reached" targetBytes="1311448" thresholdFreeBytes="182795" remainingFree="181048" tenureFreeBytes="181048" />
</concurrent-kickoff>
<exclusive-start id="379" timestamp="2019-08-02T20:13:53.561" intervalms="13.135">
  <response-info timems="0.084" idlems="0.084" threads="0" lastid="0000000000F5BF00" lastname="Thread-11" />
</exclusive-start>
<cycle-start id="380" type="global" contextid="0" timestamp="2019-08-02T20:13:53.561" intervalms="15.383" />
<exclusive-end id="381" timestamp="2019-08-02T20:13:53.561" durationms="0.169" />

<exclusive-start id="382" timestamp="2019-08-02T20:13:53.562" intervalms="1.058">
  <response-info timems="0.022" idlems="0.022" threads="0" lastid="0000000000F5BF00" lastname="Thread-11" />
</exclusive-start>
<af-start id="383" threadId="0000000000F5C888" totalBytesRequested="40" timestamp="2019-08-02T20:13:53.562" intervalms="14.190" />
<gc-start id="384" type="global" contextid="380" timestamp="2019-08-02T20:13:53.563">
  <mem-info id="385" free="82944" total="8388608" percent="0">
    <mem type="tenure" free="82944" total="8388608" percent="0">
      <mem type="soa" free="0" total="8305664" percent="0" />
      <mem type="loa" free="82944" total="82944" percent="100" />
    </mem>
  </mem-info>
</gc-start>
<allocation-stats totalBytes="3388112" >
  <allocated-bytes non-tlh="0" tlh="3388112" />
  <largest-consumer threadName="Thread-11" threadId="0000000000F5BF00" bytes="3388112" />
</allocation-stats>
<concurrent-halted id="386" timestamp="2019-08-02T20:13:53.563">
  <halted state="Tracing incomplete" status="trace only" />
  <traced bytesTarget="1311448" bytesTotal="787892" bytesByMutator="301724" bytesByHelper="486168" percent="60" />
  <cards cleaned="0" thresholdBytes="72009" />
</concurrent-halted>
<gc-op id="387" type="tracing" timems="0.153" contextid="380" timestamp="2019-08-02T20:13:53.563">
  <trace bytesTraced="87136" workStackOverflowCount="0" />
</gc-op>
<gc-op id="388" type="card-cleaning" timems="0.088" contextid="380" timestamp="2019-08-02T20:13:53.563">
  <card-cleaning cardsCleaned="17" bytesTraced="11280" workStackOverflowCount="0" />
</gc-op>
<gc-op id="389" type="mark" timems="1.728" contextid="380" timestamp="2019-08-02T20:13:53.565">
  <trace-info objectcount="23479" scancount="18092" scanbytes="570172" />
  <finalization candidates="124" enqueued="0" />
  <ownableSynchronizers candidates="3" cleared="0" />
  <references type="soft" candidates="84" cleared="0" enqueued="0" dynamicThreshold="13" maxThreshold="32" />
  <references type="weak" candidates="769" cleared="0" enqueued="0" />
  <references type="phantom" candidates="63" cleared="0" enqueued="0" />
  <stringconstants candidates="4596" cleared="0"  />
</gc-op>
<gc-op id="390" type="sweep" timems="0.342" contextid="380" timestamp="2019-08-02T20:13:53.565" />
<gc-end id="391" type="global" contextid="380" durationms="3.270" usertimems="8.000" systemtimems="0.000" timestamp="2019-08-02T20:13:53.566" activeThreads="8">
  <mem-info id="392" free="3415240" total="8388608" percent="40">
    <mem type="tenure" free="3415240" total="8388608" percent="40" micro-fragmented="1563880">
      <mem type="soa" free="3332432" total="8305664" percent="40" />
      <mem type="loa" free="82808" total="82944" percent="99" />
    </mem>
  </mem-info>
</gc-end>
<cycle-end id="393" type="global" contextid="380" timestamp="2019-08-02T20:13:53.566" />
  <attribute name="elasticGC enabled" value="1" />
  <attribute name= "numThreadsSpecified" value="0" />
  <attribute name="heapSize specified" value="0" />
  <attribute name= "numCores" value="8" />
  <attribute name ="GC Interval" value="0" />
  <attribute name ="Control flow" value="2" />
  <attribute name="GC Util Range Max" value="90" />
  <attribute name="Current GC Util" value="15" />
  <attribute name= "Current Time Running" value="812" />
<allocation-satisfied id="394" threadId="0000000000F5BF00" bytesRequested="40" />
<af-end id="395" timestamp="2019-08-02T20:13:53.566" threadId="0000000000F5C888" success="true" />
<exclusive-end id="396" timestamp="2019-08-02T20:13:53.566" durationms="3.826" />

<exclusive-start id="397" timestamp="2019-08-02T20:13:53.604" intervalms="42.192">
  <response-info timems="0.063" idlems="0.063" threads="0" lastid="0000000000BECA00" lastname="main" />
</exclusive-start>
<af-start id="398" threadId="0000000000BED388" totalBytesRequested="16392" timestamp="2019-08-02T20:13:53.605" intervalms="42.196" />
<cycle-start id="399" type="global" contextid="0" timestamp="2019-08-02T20:13:53.605" intervalms="43.477" />
<gc-start id="400" type="global" contextid="399" timestamp="2019-08-02T20:13:53.605">
  <mem-info id="401" free="933888" total="8388608" percent="11">
    <mem type="tenure" free="933888" total="8388608" percent="11">
      <mem type="soa" free="850944" total="8305664" percent="10" />
      <mem type="loa" free="82944" total="82944" percent="100" />
    </mem>
  </mem-info>
</gc-start>
<allocation-stats totalBytes="2450120" >
  <allocated-bytes non-tlh="61632" tlh="2388488" />
  <largest-consumer threadName="main" threadId="0000000000BECA00" bytes="76712" />
</allocation-stats>
<gc-op id="402" type="mark" timems="5.476" contextid="399" timestamp="2019-08-02T20:13:53.610">
  <trace-info objectcount="35022" scancount="27423" scanbytes="867000" />
  <finalization candidates="124" enqueued="0" />
  <ownableSynchronizers candidates="3" cleared="0" />
  <references type="soft" candidates="96" cleared="0" enqueued="0" dynamicThreshold="13" maxThreshold="32" />
  <references type="weak" candidates="789" cleared="20" enqueued="20" />
  <references type="phantom" candidates="65" cleared="3" enqueued="3" />
  <stringconstants candidates="4602" cleared="0"  />
</gc-op>
<gc-op id="403" type="sweep" timems="0.244" contextid="399" timestamp="2019-08-02T20:13:53.611" />
<gc-end id="404" type="global" contextid="399" durationms="6.417" usertimems="8.000" systemtimems="0.000" timestamp="2019-08-02T20:13:53.611" activeThreads="8">
  <mem-info id="405" free="5688552" total="8388608" percent="67">
    <mem type="tenure" free="5688552" total="8388608" percent="67" micro-fragmented="673078">
      <mem type="soa" free="5605720" total="8305664" percent="67" />
      <mem type="loa" free="82832" total="82944" percent="99" />
    </mem>
    <pending-finalizers system="0" default="0" reference="23" classloader="0" />
  </mem-info>
</gc-end>
<cycle-end id="406" type="global" contextid="399" timestamp="2019-08-02T20:13:53.611" />
  <attribute name="elasticGC enabled" value="1" />
  <attribute name= "numThreadsSpecified" value="0" />
  <attribute name="heapSize specified" value="0" />
  <attribute name= "numCores" value="8" />
  <attribute name ="GC Interval" value="0" />
  <attribute name ="Control flow" value="2" />
  <attribute name="GC Util Range Max" value="90" />
  <attribute name="Current GC Util" value="24" />
  <attribute name= "Current Time Running" value="858" />
<allocation-satisfied id="407" threadId="0000000000BECA00" bytesRequested="16392" />
<af-end id="408" timestamp="2019-08-02T20:13:53.611" threadId="0000000000BED388" success="true" />
<exclusive-end id="409" timestamp="2019-08-02T20:13:53.611" durationms="7.016" />

</verbosegc>

