<?xml version="1.0" ?>

<verbosegc xmlns="http://www.ibm.com/j9/verbosegc" version="10b4217_CMPRSS">

<initialized id="1" timestamp="2019-06-16T21:53:10.949">
  <attribute name="gcPolicy" value="-Xgcpolicy:optthruput" />
  <attribute name="elasticGC enabled" value="1" />
  <attribute name= "numThreadsSpecified" value="0" />
  <attribute name="heapSize specified" value="0" />
  <attribute name="Current GC Util" value="0" />
  <attribute name= "Current Time Running" value="0" />
  <attribute name ="GC Interval" value="0" />
  <attribute name="ProportionalT" value="0.000000" />
  <attribute name="ProportionalI" value="0.000000" />
  <attribute name="ProportionalH" value="0.000000" />
  <attribute name="IntegralT" value="0.000000" />
  <attribute name="IntegralI" value="0.000000" />
  <attribute name="IntegralH" value="0.000000" />
  <attribute name="DerivativeT" value="0.000000" />
  <attribute name="DerivativeI" value="0.000000" />
  <attribute name="DerivativeH" value="0.000000" />
  <attribute name="Target GC Util Change" value ="0.000000" />
  <attribute name="Current GC Util Change" value="0.000000"/>
  <attribute name="Current Error" value="0.000000" />
  <attribute name="Loop Time for DT" value="0.000000" />
  <attribute name="Output H" value="0"/>
  <attribute name="Output I" value="0"/>
  <attribute name="Output T" value="0"/>
  <attribute name="GC Util currently" value="0" />
  <attribute name="CPU Util currently" value="0" />
  <attribute name="maxHeapSize" value="0x7cbc0000" />
  <attribute name="initialHeapSize" value="0x800000" />
  <attribute name="compressedRefs" value="true" />
  <attribute name="compressedRefsDisplacement" value="0x0" />
  <attribute name="compressedRefsShift" value="0x0" />
  <attribute name="pageSize" value="0x1000" />
  <attribute name="pageType" value="not used" />
  <attribute name="requestedPageSize" value="0x1000" />
  <attribute name="requestedPageType" value="not used" />
  <attribute name="gcthreads" value="4" />
  <attribute name="packetListSplit" value="4" />
  <attribute name="cacheListSplit" value="4" />
  <attribute name="splitFreeListSplitAmount" value="1" />
  <attribute name="numaNodes" value="0" />
  <system>
    <attribute name="physicalMemory" value="8370962432" />
    <attribute name="numCPUs" value="4" />
    <attribute name="architecture" value="amd64" />
    <attribute name="os" value="Linux" />
    <attribute name="osVersion" value="4.4.0-148-generic" />
  </system>
  <vmargs>
    <vmarg name="-Xoptionsfile=/vagrant/jdk/lib/options.default" />
    <vmarg name="-Xlockword:mode=default,noLockword=java/lang/String,noLockword=java/util/MapEntry,noLockword=java/util/HashMap$Entry,noLockword..." />
    <vmarg name="-Xjcl:jclse29" />
    <vmarg name="-Dcom.ibm.oti.vm.bootstrap.library.path=/vagrant/jdk/lib/compressedrefs:/vagrant/jdk/lib" />
    <vmarg name="-Dsun.boot.library.path=/vagrant/jdk/lib/compressedrefs:/vagrant/jdk/lib" />
    <vmarg name="-Djava.library.path=/vagrant/jdk/lib/compressedrefs:/vagrant/jdk/lib:/usr/lib64:/usr/lib" />
    <vmarg name="-Djava.home=/vagrant/jdk" />
    <vmarg name="-Duser.dir=/vagrant" />
    <vmarg name="-Xgcpolicy:optthruput" />
    <vmarg name="-Xgcelastic" />
    <vmarg name="-Xcheck:gc:::elasticGC" />
    <vmarg name="-verbose:gc" />
    <vmarg name="-Xloggc:large-OPTTHRUPUT-jdk-1-1-0.5-verbose7pmd.txt" />
    <vmarg name="-Djava.class.path=dacapo-9.12-MR1-bach.jar" />
    <vmarg name="-Dsun.java.command=dacapo-9.12-MR1-bach.jar pmd --size=large" />
    <vmarg name="-Dsun.java.launcher=SUN_STANDARD" />
    <vmarg name="-Dsun.java.launcher.pid=32762" />
  </vmargs>
</initialized>

<exclusive-start id="2" timestamp="2019-06-16T21:53:11.621" intervalms="672.208">
  <response-info timems="0.033" idlems="0.033" threads="0" lastid="00000000017CD700" lastname="main" />
</exclusive-start>
<af-start id="3" threadId="00000000017CE088" totalBytesRequested="10336" timestamp="2019-06-16T21:53:11.622" intervalms="672.694" />
<cycle-start id="4" type="global" contextid="0" timestamp="2019-06-16T21:53:11.622" intervalms="672.917" />
<gc-start id="5" type="global" contextid="4" timestamp="2019-06-16T21:53:11.622">
  <mem-info id="6" free="418816" total="8388608" percent="4">
    <mem type="tenure" free="418816" total="8388608" percent="4">
      <mem type="soa" free="0" total="7969792" percent="0" />
      <mem type="loa" free="418816" total="418816" percent="100" />
    </mem>
  </mem-info>
</gc-start>
<allocation-stats totalBytes="7947312" >
  <allocated-bytes non-tlh="539056" tlh="7408256" />
  <largest-consumer threadName="main" threadId="00000000017CD700" bytes="7873872" />
</allocation-stats>
<gc-op id="7" type="mark" timems="1.771" contextid="4" timestamp="2019-06-16T21:53:11.624">
  <trace-info objectcount="21646" scancount="17675" scanbytes="558592" />
  <finalization candidates="46" enqueued="1" />
  <ownableSynchronizers candidates="4" cleared="3" />
  <references type="soft" candidates="66" cleared="0" enqueued="0" dynamicThreshold="32" maxThreshold="32" />
  <references type="weak" candidates="911" cleared="529" enqueued="452" />
  <references type="phantom" candidates="125" cleared="44" enqueued="44" />
  <stringconstants candidates="2485" cleared="0"  />
</gc-op>
<gc-op id="8" type="classunload" timems="0.060" contextid="4" timestamp="2019-06-16T21:53:11.624">
  <classunload-info classloadercandidates="6" classloadersunloaded="0" classesunloaded="0" anonymousclassesunloaded="0" quiescems="0.000" setupms="0.059" scanms="0.001" postms="0.000" />
</gc-op>
<gc-op id="9" type="sweep" timems="0.420" contextid="4" timestamp="2019-06-16T21:53:11.625" />
<mem-info id="10" free="6474112" total="8388608" percent="77">
  <mem type="tenure" free="6474112" total="8388608" percent="77" micro-fragmented="494517" macro-fragmented="0">
    <mem type="soa" free="6055296" total="7969792" percent="75" />
    <mem type="loa" free="418816" total="418816" percent="100" />
  </mem>
  <pending-finalizers system="1" default="0" reference="496" classloader="0" />
</mem-info>
<gc-op id="11" type="compact" timems="4.632" contextid="4" timestamp="2019-06-16T21:53:11.629">
  <compact-info movecount="21645" movebytes="1396824" reason="compact to aid heap contraction" />
</gc-op>
<heap-resize id="12" type="expand" space="tenure" amount="2084241408" count="1" timems="0.099" reason="satisfy allocation request" timestamp="2019-06-16T21:53:11.630" />
<gc-end id="13" type="global" contextid="4" durationms="8.178" usertimems="4.000" systemtimems="4.000" timestamp="2019-06-16T21:53:11.630" activeThreads="4">
  <mem-info id="14" free="2091167568" total="2092630016" percent="99">
    <mem type="tenure" free="2091167568" total="2092630016" percent="99">
      <mem type="soa" free="1986536272" total="1987998720" percent="99" />
      <mem type="loa" free="104631296" total="104631296" percent="100" />
    </mem>
    <pending-finalizers system="1" default="0" reference="496" classloader="0" />
  </mem-info>
</gc-end>
<cycle-end id="15" type="global" contextid="4" timestamp="2019-06-16T21:53:11.630" />
  <attribute name="elasticGC enabled" value="1" />
  <attribute name= "numThreadsSpecified" value="4" />
  <attribute name="heapSize specified" value="8388608" />
  <attribute name="Current GC Util" value="29" />
  <attribute name= "Current Time Running" value="563" />
  <attribute name ="GC Interval" value="0" />
  <attribute name="ProportionalT" value="9.000000" />
  <attribute name="ProportionalI" value="9.000000" />
  <attribute name="ProportionalH" value="9.000000" />
  <attribute name="Current Error" value="9.000000" />
  <attribute name="IntegralT" value="-10943.000000" />
  <attribute name="IntegralI" value="-10943.000000" />
  <attribute name="IntegralH" value="-10943.000000" />
  <attribute name="DerivativeT" value="0.900000" />
  <attribute name="DerivativeI" value="0.900000" />
  <attribute name="DerivativeH" value="0.900000" />
  <attribute name="Loop Time for DT" value="5.000000" />
  <attribute name="Output H" value="2092630016"/>
  <attribute name="Output I" value="200"/>
  <attribute name="Output T" value="4"/>
  <attribute name="Target GC Util Change" value ="20.000000" />
  <attribute name="Current GC Util Change" value="29.000000"/>
  <attribute name="GC Util currently" value="29" />
  <attribute name="CPU Util currently" value="961552386978" />
<allocation-satisfied id="16" threadId="00000000017CD700" bytesRequested="10336" />
<af-end id="17" timestamp="2019-06-16T21:53:11.630" threadId="00000000017CE088" success="true" />
<exclusive-end id="18" timestamp="2019-06-16T21:53:11.630" durationms="9.386" />

<exclusive-start id="19" timestamp="2019-06-16T21:53:11.683" intervalms="61.832">
  <response-info timems="0.075" idlems="0.075" threads="0" lastid="00000000017CD700" lastname="main" />
</exclusive-start>
<sys-start reason="explicit" id="20" timestamp="2019-06-16T21:53:11.683" intervalms="734.209" />
<cycle-start id="21" type="global" contextid="0" timestamp="2019-06-16T21:53:11.683" intervalms="61.391" />
<gc-start id="22" type="global" contextid="21" timestamp="2019-06-16T21:53:11.683">
  <mem-info id="23" free="1914360312" total="2092630016" percent="91">
    <mem type="tenure" free="1914360312" total="2092630016" percent="91">
      <mem type="soa" free="1809729016" total="1987998720" percent="91" />
      <mem type="loa" free="104631296" total="104631296" percent="100" />
    </mem>
  </mem-info>
</gc-start>
<allocation-stats totalBytes="162147352" >
  <allocated-bytes non-tlh="73604440" tlh="88542912" />
  <largest-consumer threadName="main" threadId="00000000017CD700" bytes="162131280" />
</allocation-stats>
<gc-op id="24" type="mark" timems="8.745" contextid="21" timestamp="2019-06-16T21:53:11.692">
  <trace-info objectcount="19068" scancount="15785" scanbytes="517860" />
  <finalization candidates="45" enqueued="0" />
  <ownableSynchronizers candidates="1" cleared="0" />
  <references type="soft" candidates="66" cleared="0" enqueued="0" dynamicThreshold="31" maxThreshold="32" />
  <references type="weak" candidates="382" cleared="0" enqueued="0" />
  <references type="phantom" candidates="80" cleared="0" enqueued="0" />
  <stringconstants candidates="2485" cleared="0"  />
</gc-op>
<gc-op id="25" type="classunload" timems="0.002" contextid="21" timestamp="2019-06-16T21:53:11.692">
  <classunload-info classloadercandidates="6" classloadersunloaded="0" classesunloaded="0" anonymousclassesunloaded="0" quiescems="0.000" setupms="0.001" scanms="0.001" postms="0.000" />
</gc-op>
<gc-op id="26" type="sweep" timems="1.640" contextid="21" timestamp="2019-06-16T21:53:11.694" />
<mem-info id="27" free="2091346376" total="2092630016" percent="99">
  <mem type="tenure" free="2091346376" total="2092630016" percent="99" micro-fragmented="5424" macro-fragmented="0">
    <mem type="soa" free="1986715080" total="1987998720" percent="99" />
    <mem type="loa" free="104631296" total="104631296" percent="100" />
  </mem>
</mem-info>
<gc-op id="28" type="compact" timems="11.926" contextid="21" timestamp="2019-06-16T21:53:11.706">
  <compact-info movecount="7968" movebytes="779440" reason="compact to aid heap contraction" />
</gc-op>
<gc-end id="29" type="global" contextid="21" durationms="23.061" usertimems="28.000" systemtimems="8.000" timestamp="2019-06-16T21:53:11.706" activeThreads="4">
  <mem-info id="30" free="2091374608" total="2092630016" percent="99">
    <mem type="tenure" free="2091374608" total="2092630016" percent="99">
      <mem type="soa" free="1986743312" total="1987998720" percent="99" />
      <mem type="loa" free="104631296" total="104631296" percent="100" />
    </mem>
  </mem-info>
</gc-end>
<cycle-end id="31" type="global" contextid="21" timestamp="2019-06-16T21:53:11.706" />
  <attribute name="elasticGC enabled" value="1" />
  <attribute name= "numThreadsSpecified" value="4" />
  <attribute name="heapSize specified" value="2092630016" />
  <attribute name="Current GC Util" value="97" />
  <attribute name= "Current Time Running" value="640" />
  <attribute name ="GC Interval" value="0" />
  <attribute name="ProportionalT" value="77.000000" />
  <attribute name="ProportionalI" value="77.000000" />
  <attribute name="ProportionalH" value="77.000000" />
  <attribute name="Current Error" value="77.000000" />
  <attribute name="IntegralT" value="924.000000" />
  <attribute name="IntegralI" value="924.000000" />
  <attribute name="IntegralH" value="924.000000" />
  <attribute name="DerivativeT" value="0.916667" />
  <attribute name="DerivativeI" value="0.916667" />
  <attribute name="DerivativeH" value="0.916667" />
  <attribute name="Loop Time for DT" value="12.000000" />
  <attribute name="Output H" value="8388608"/>
  <attribute name="Output I" value="1008"/>
  <attribute name="Output T" value="4"/>
  <attribute name="Target GC Util Change" value ="20.000000" />
  <attribute name="Current GC Util Change" value="97.000000"/>
  <attribute name="GC Util currently" value="97" />
  <attribute name="CPU Util currently" value="384494481053" />
<sys-end id="32" timestamp="2019-06-16T21:53:11.707" />
<exclusive-end id="33" timestamp="2019-06-16T21:53:11.707" durationms="23.641" />

</verbosegc>

