
<?xml version="1.0" ?>

<verbosegc xmlns="http://www.ibm.com/j9/verbosegc" version="6fe7bac_CMPRSS">

<gc check installed>
<initialized id="1" timestamp="2019-08-09T21:43:06.856">
  <attribute name="gcPolicy" value="-Xgcpolicy:balanced" />
  <attribute name="elasticGC enabled" value="1" />
  <attribute name= "numThreadsSpecified" value="0" />
  <attribute name="heapSize specified" value="0" />
  <attribute name="Current GC Util" value="0" />
  <attribute name= "Current Time Running" value="0" />
  <attribute name ="GC Interval" value="0" />
  <attribute name="Target GC Util Change" value ="0.000000" />
  <attribute name="Current GC Util Change" value="0.000000"/>
  <attribute name="Current Error" value="0.000000" />
  <attribute name="Output H" value="0"/>
  <attribute name="Output I" value="0"/>
  <attribute name="Output T" value="0"/>
  <attribute name= "Current Time Running" value="0" />
  <attribute name="GC Util currently" value="0" />
  <attribute name="CPU Util currently" value="0" />
  <attribute name="maxHeapSize" value="0xfa800000" />
  <attribute name="initialHeapSize" value="0x800000" />
  <attribute name="compressedRefs" value="true" />
  <attribute name="compressedRefsDisplacement" value="0x0" />
  <attribute name="compressedRefsShift" value="0x3" />
  <attribute name="pageSize" value="0x1000" />
  <attribute name="pageType" value="not used" />
  <attribute name="requestedPageSize" value="0x1000" />
  <attribute name="requestedPageType" value="not used" />
  <attribute name="gcthreads" value="16" />
  <attribute name="packetListSplit" value="16" />
  <attribute name="cacheListSplit" value="16" />
  <attribute name="splitFreeListSplitAmount" value="2" />
  <attribute name="numaNodes" value="0" />
  <region>
    <attribute name="regionSize" value="2097152" />
    <attribute name="regionCount" value="2004" />
    <attribute name="arrayletLeafSize" value="2097152" />
  </region>
  <system>
    <attribute name="physicalMemory" value="16815001600" />
    <attribute name="numCPUs" value="16" />
    <attribute name="architecture" value="amd64" />
    <attribute name="os" value="Linux" />
    <attribute name="osVersion" value="4.15.0" />
  </system>
  <vmargs>
    <vmarg name="-Xoptionsfile=/jdk/lib/options.default" />
    <vmarg name="-Xlockword:mode=default,noLockword=java/lang/String,noLockword=java/util/MapEntry,noLockword=java/util/HashMap$Entry,noLockword..." />
    <vmarg name="-Xjcl:jclse29" />
    <vmarg name="-Dcom.ibm.oti.vm.bootstrap.library.path=/jdk/lib/compressedrefs:/jdk/lib" />
    <vmarg name="-Dsun.boot.library.path=/jdk/lib/compressedrefs:/jdk/lib" />
    <vmarg name="-Djava.library.path=/jdk/lib/compressedrefs:/jdk/lib:/usr/lib64:/usr/lib" />
    <vmarg name="-Djava.home=/jdk" />
    <vmarg name="-Duser.dir=/" />
    <vmarg name="-Xgcelastic" />
    <vmarg name="-Xcheck:gc:::elasticGC" />
    <vmarg name="-Xgcpolicy:balanced" />
    <vmarg name="-verbose:gc" />
    <vmarg name="-Djava.class.path=dacapo-9.12-MR1-bach.jar" />
    <vmarg name="-Dsun.java.command=dacapo-9.12-MR1-bach.jar avrora jython pmd sunflow xalan --size=large" />
    <vmarg name="-Dsun.java.launcher=SUN_STANDARD" />
    <vmarg name="-Dsun.java.launcher.pid=1" />
  </vmargs>
</initialized>

<exclusive-start id="2" timestamp="2019-08-09T21:43:07.092" intervalms="236.479">
  <response-info timems="0.040" idlems="0.040" threads="0" lastid="0000000001DE8F00" lastname="main" />
</exclusive-start>
<sys-start reason="explicit" id="3" timestamp="2019-08-09T21:43:07.092" intervalms="236.526" />
<cycle-start id="4" type="global garbage collect" contextid="0" timestamp="2019-08-09T21:43:07.092" intervalms="236.569" />
<gc-start id="5" type="global garbage collect" contextid="4" timestamp="2019-08-09T21:43:07.093">
  <mem-info id="6" free="2318184" total="8388608" percent="27">
    <mem type="eden" free="221032" total="6291456" percent="3" />
    <remembered-set count="0" freebytes="335360" totalbytes="335360" percent="100" regionsoverflowed="0" regionsstable="0" regionsrebuilding="0"/>
  </mem-info>
</gc-start>
<allocation-stats totalBytes="6060984" >
  <allocated-bytes non-tlh="471848" tlh="5589136" arrayletleaf="0"/>
  <largest-consumer threadName="main" threadId="0000000001DE8F00" bytes="5976272" />
</allocation-stats>
<gc-op id="7" type="global mark" timems="6.847" contextid="4" timestamp="2019-08-09T21:43:07.100">
  <trace-info objectcount="17980" scancount="14220" scanbytes="467692" />
  <finalization candidates="14" enqueued="1" />
  <references type="soft" candidates="66" cleared="0" enqueued="0" dynamicThreshold="32" maxThreshold="32" />
  <references type="weak" candidates="553" cleared="411" enqueued="372" />
  <references type="phantom" candidates="99" cleared="41" enqueued="41" />
  <stringconstants candidates="2455" cleared="0"  />
</gc-op>
<gc-op id="8" type="classunload" timems="0.003" contextid="4" timestamp="2019-08-09T21:43:07.100">
  <classunload-info classloadercandidates="6" classloadersunloaded="0" classesunloaded="0" anonymousclassesunloaded="0" quiescems="0.000" setupms="0.003" scanms="0.000" postms="0.000" />
</gc-op>
<gc-op id="9" type="sweep" timems="1.071" contextid="4" timestamp="2019-08-09T21:43:07.101" />
<gc-op id="10" type="compact" timems="6.297" contextid="4" timestamp="2019-08-09T21:43:07.107">
  <compact-info movecount="17980" movebytes="1028856" />
  <remembered-set-cleared processed="274" cleared="274" durationms="0.051" />
</gc-op>
<gc-end id="11" type="global garbage collect" contextid="4" durationms="14.824" usertimems="27.370" systemtimems="6.624" timestamp="2019-08-09T21:43:07.107" activeThreads="16">
  <mem-info id="12" free="6291456" total="8388608" percent="75">
    <pending-finalizers system="1" default="0" reference="413" classloader="0" />
    <remembered-set count="0" freebytes="335360" totalbytes="335360" percent="100" regionsoverflowed="0" regionsstable="0" regionsrebuilding="0"/>
  </mem-info>
</gc-end>
<cycle-end id="13" type="global garbage collect" contextid="4" timestamp="2019-08-09T21:43:07.108" />
  <attribute name="elasticGC enabled" value="1" />
  <attribute name= "numThreadsSpecified" value="16" />
  <attribute name="heapSize specified" value="0" />
  <attribute name="Current GC Util" value="101" />
  <attribute name= "Current Time Running" value="187" />
  <attribute name ="GC Interval" value="0" />
  <attribute name="Target GC Util Change" value ="80.000000" />
  <attribute name="Current GC Util Change" value="101.000000"/>
  <attribute name="Current Error" value="-92.000000" />
  <attribute name="Output H" value="8464184"/>
  <attribute name="Output I" value="1904"/>
  <attribute name="Output T" value="16"/>
  <attribute name= "Current Time Running" value="187" />
  <attribute name="GC Util currently" value="101" />
  <attribute name="CPU Util currently" value="995869842749" />
<sys-end id="14" timestamp="2019-08-09T21:43:07.108" />
<exclusive-end id="15" timestamp="2019-08-09T21:43:07.108" durationms="15.290" />

===== DaCapo 9.12-MR1 avrora starting =====
<exclusive-start id="16" timestamp="2019-08-09T21:43:07.298" intervalms="206.131">
  <response-info timems="0.034" idlems="0.034" threads="0" lastid="0000000001DE8F00" lastname="main" />
</exclusive-start>
<allocation-taxation id="17" taxation-threshold="6291456" timestamp="2019-08-09T21:43:07.299" intervalms="442.653" />
<cycle-start id="18" type="partial gc" contextid="0" timestamp="2019-08-09T21:43:07.299" intervalms="442.710" />
<gc-start id="19" type="partial gc" contextid="18" timestamp="2019-08-09T21:43:07.299">
  <mem-info id="20" free="0" total="8388608" percent="0">
    <mem type="eden" free="0" total="6291456" percent="0" />
    <remembered-set count="0" freebytes="335360" totalbytes="335360" percent="100" regionsoverflowed="0" regionsstable="0" regionsrebuilding="0"/>
  </mem-info>
</gc-start>
<allocation-stats totalBytes="6270552" >
  <allocated-bytes non-tlh="252944" tlh="6017608" arrayletleaf="0"/>
  <largest-consumer threadName="main" threadId="0000000001DE8F00" bytes="6254480" />
</allocation-stats>
<gc-op id="21" type="mark" timems="11.818" contextid="18" timestamp="2019-08-09T21:43:07.311">
  <trace-info objectcount="76642" scancount="73345" scanbytes="2183616" />
  <cardclean-info objects="1126" bytes="39084" />
  <remembered-set-cleared processed="0" cleared="0" durationms="0.213" />
  <references type="weak" candidates="41" cleared="40" enqueued="40" />
  <references type="phantom" candidates="13" cleared="11" enqueued="11" />
  <stringconstants candidates="3257" cleared="0"  />
  <warning details="Mark invoked due to insufficient free space for Copy-Forward" />
</gc-op>
<gc-op id="22" type="classunload" timems="0.002" contextid="18" timestamp="2019-08-09T21:43:07.311">
  <classunload-info classloadercandidates="6" classloadersunloaded="0" classesunloaded="0" anonymousclassesunloaded="0" quiescems="0.000" setupms="0.002" scanms="0.000" postms="0.000" />
</gc-op>
<gc-op id="23" type="sweep" timems="1.040" contextid="18" timestamp="2019-08-09T21:43:07.313" />
<gc-op id="24" type="compact" timems="16.221" contextid="18" timestamp="2019-08-09T21:43:07.329">
  <compact-info movecount="75030" movebytes="2522064" />
  <remembered-set-cleared processed="599" cleared="599" durationms="0.213" />
</gc-op>
<heap-resize id="25" type="expand" space="default" amount="4194304" count="1" timems="0.080" reason="insufficient free space following gc" timestamp="2019-08-09T21:43:07.329" />
<gc-end id="26" type="partial gc" contextid="18" durationms="30.620" usertimems="32.544" systemtimems="17.051" timestamp="2019-08-09T21:43:07.329" activeThreads="16">
  <mem-info id="27" free="6291456" total="12582912" percent="50">
    <mem type="eden" free="1635888" total="4194304" percent="39" />
    <pending-finalizers system="0" default="0" reference="51" classloader="0" />
    <remembered-set count="2560" freebytes="492800" totalbytes="503040" percent="97" regionsoverflowed="0" regionsstable="0" regionsrebuilding="0"/>
  </mem-info>
</gc-end>
<cycle-end id="28" type="partial gc" contextid="18" timestamp="2019-08-09T21:43:07.329" />
  <attribute name="elasticGC enabled" value="1" />
  <attribute name= "numThreadsSpecified" value="16" />
  <attribute name="heapSize specified" value="0" />
  <attribute name="Current GC Util" value="87" />
  <attribute name= "Current Time Running" value="399" />
  <attribute name ="GC Interval" value="0" />
  <attribute name="Target GC Util Change" value ="80.000000" />
  <attribute name="Current GC Util Change" value="87.000000"/>
  <attribute name="Current Error" value="-96.000000" />
  <attribute name="Output H" value="8464184"/>
  <attribute name="Output I" value="1904"/>
  <attribute name="Output T" value="16"/>
  <attribute name= "Current Time Running" value="399" />
  <attribute name="GC Util currently" value="87" />
  <attribute name="CPU Util currently" value="894495494570" />
<exclusive-end id="29" timestamp="2019-08-09T21:43:07.330" durationms="31.127" />

<exclusive-start id="30" timestamp="2019-08-09T21:43:07.479" intervalms="180.161">
  <response-info timems="0.045" idlems="0.045" threads="0" lastid="0000000001DE8F00" lastname="main" />
</exclusive-start>
<allocation-taxation id="31" taxation-threshold="2097152" timestamp="2019-08-09T21:43:07.479" intervalms="180.163" />
<cycle-start id="32" type="global mark phase" contextid="0" timestamp="2019-08-09T21:43:07.479" intervalms="623.508" />
<gc-start id="33" type="global mark phase" contextid="32" timestamp="2019-08-09T21:43:07.481">
  <mem-info id="34" free="4194304" total="12582912" percent="33">
    <remembered-set count="2560" freebytes="492800" totalbytes="503040" percent="97" regionsoverflowed="0" regionsstable="0" regionsrebuilding="0"/>
  </mem-info>
</gc-start>
<gc-op id="35" type="mark increment" timems="9.993" contextid="32" timestamp="2019-08-09T21:43:07.491">
  <trace-info objectcount="139" scancount="0" scanbytes="0" />
</gc-op>
<gc-end id="36" type="global mark phase" contextid="32" durationms="10.044" usertimems="3.634" systemtimems="0.378" timestamp="2019-08-09T21:43:07.491" activeThreads="16">
  <mem-info id="37" free="4194304" total="12582912" percent="33">
    <remembered-set count="2560" freebytes="492800" totalbytes="503040" percent="97" regionsoverflowed="0" regionsstable="0" regionsrebuilding="0"/>
  </mem-info>
</gc-end>
<concurrent-start id="38" type="GMP work packet processing" contextid="32" timestamp="2019-08-09T21:43:07.491">
  <concurrent-mark-start scanTarget="18446744073709551615" />
</concurrent-start>
<exclusive-end id="39" timestamp="2019-08-09T21:43:07.492" durationms="13.457" />

<concurrent-end id="40" type="GMP work packet processing" contextid="32" timestamp="2019-08-09T21:43:07.509">
  <concurrent-mark-end bytesScanned="2774236" reasonForTermination="Completed all work in GC phase" />
</concurrent-end>

<exclusive-start id="41" timestamp="2019-08-09T21:43:07.557" intervalms="78.753">
  <response-info timems="0.512" idlems="0.512" threads="0" lastid="0000000001DE8F00" lastname="main" />
</exclusive-start>
<allocation-taxation id="42" taxation-threshold="2097152" timestamp="2019-08-09T21:43:07.557" intervalms="78.769" />
<cycle-start id="43" type="partial gc" contextid="0" timestamp="2019-08-09T21:43:07.558" intervalms="259.016" />
<gc-start id="44" type="partial gc" contextid="43" timestamp="2019-08-09T21:43:07.558">
  <mem-info id="45" free="2097152" total="12582912" percent="16">
    <mem type="eden" free="0" total="6291456" percent="0" />
    <remembered-set count="2560" freebytes="492800" totalbytes="503040" percent="97" regionsoverflowed="0" regionsstable="0" regionsrebuilding="0"/>
  </mem-info>
</gc-start>
<allocation-stats totalBytes="4167328" >
  <allocated-bytes non-tlh="99992" tlh="4067336" arrayletleaf="0"/>
  <largest-consumer threadName="main" threadId="0000000001DE8F00" bytes="2073784" />
</allocation-stats>
<gc-op id="46" type="copy forward" timems="35.994" contextid="43" timestamp="2019-08-09T21:43:07.599">
  <memory-copied type="eden" objects="28102" bytes="1790016" bytesdiscarded="182424" />
  <memory-copied type="other" objects="76440" bytes="2539160" bytesdiscarded="183688" />
  <memory-cardclean objects="104" bytes="5752" />
  <regions eden="2" other="2" />
  <remembered-set-cleared processed="241" cleared="241" durationms="0.167" />
  <references type="weak" candidates="3" cleared="0" enqueued="0" />
  <references type="phantom" candidates="2" cleared="0" enqueued="0" />
  <stringconstants candidates="3823" cleared="0"  />
  <heap-resize type="expand" space="default" amount="4194304" count="2" timems="2.563" reason="continue current collection" />
</gc-op>
<gc-op id="47" type="classunload" timems="0.002" contextid="43" timestamp="2019-08-09T21:43:07.599">
  <classunload-info classloadercandidates="6" classloadersunloaded="0" classesunloaded="0" anonymousclassesunloaded="0" quiescems="0.000" setupms="0.002" scanms="0.000" postms="0.000" />
</gc-op>
<gc-op id="48" type="compact" timems="9.629" contextid="43" timestamp="2019-08-09T21:43:07.609">
  <compact-info movecount="0" movebytes="0" />
  <remembered-set-cleared processed="1528" cleared="241" durationms="0.264" />
</gc-op>
<heap-resize id="49" type="expand" space="default" amount="2097152" count="1" timems="0.063" reason="insufficient free space following gc" timestamp="2019-08-09T21:43:07.609" />
<gc-end id="50" type="partial gc" contextid="43" durationms="51.233" usertimems="45.736" systemtimems="21.393" timestamp="2019-08-09T21:43:07.609" activeThreads="16">
  <mem-info id="51" free="10485760" total="18874368" percent="55">
    <mem type="eden" free="1595824" total="4194304" percent="38" />
    <remembered-set count="3296" freebytes="741376" totalbytes="754560" percent="98" regionsoverflowed="0" regionsstable="0" regionsrebuilding="0"/>
  </mem-info>
</gc-end>
<cycle-end id="52" type="partial gc" contextid="43" timestamp="2019-08-09T21:43:07.609" />
  <attribute name="elasticGC enabled" value="1" />
  <attribute name= "numThreadsSpecified" value="16" />
  <attribute name="heapSize specified" value="0" />
  <attribute name="Current GC Util" value="134" />
  <attribute name= "Current Time Running" value="686" />
  <attribute name ="GC Interval" value="0" />
  <attribute name="Target GC Util Change" value ="80.000000" />
  <attribute name="Current GC Util Change" value="134.000000"/>
  <attribute name="Current Error" value="-12.000000" />
  <attribute name="Output H" value="16852888"/>
  <attribute name="Output I" value="2000"/>
  <attribute name="Output T" value="16"/>
  <attribute name= "Current Time Running" value="686" />
  <attribute name="GC Util currently" value="134" />
  <attribute name="CPU Util currently" value="10" />
<exclusive-end id="53" timestamp="2019-08-09T21:43:07.609" durationms="51.853" />

<exclusive-start id="54" timestamp="2019-08-09T21:43:11.738" intervalms="4180.482">
  <response-info timems="0.019" idlems="0.019" threads="0" lastid="0000000002125900" lastname="node-4" />
</exclusive-start>
<allocation-taxation id="55" taxation-threshold="4194304" timestamp="2019-08-09T21:43:11.738" intervalms="4180.496" />
<gc-start id="56" type="global mark phase" contextid="32" timestamp="2019-08-09T21:43:11.738">
  <mem-info id="57" free="6291456" total="18874368" percent="33">
    <remembered-set count="3296" freebytes="741376" totalbytes="754560" percent="98" regionsoverflowed="0" regionsstable="0" regionsrebuilding="0"/>
  </mem-info>
</gc-start>
<gc-op id="58" type="mark increment" timems="15.051" contextid="32" timestamp="2019-08-09T21:43:11.753">
  <trace-info objectcount="56785" scancount="54052" scanbytes="2769864" />
  <cardclean-info objects="2060" bytes="78292" />
  <finalization candidates="13" enqueued="0" />
  <references type="soft" candidates="66" cleared="0" enqueued="0" dynamicThreshold="17" maxThreshold="32" />
  <references type="weak" candidates="147" cleared="4" enqueued="4" />
  <references type="phantom" candidates="59" cleared="2" enqueued="2" />
  <stringconstants candidates="3837" cleared="0"  />
</gc-op>
<gc-op id="59" type="classunload" timems="0.003" contextid="32" timestamp="2019-08-09T21:43:11.753">
  <classunload-info classloadercandidates="6" classloadersunloaded="0" classesunloaded="0" anonymousclassesunloaded="0" quiescems="0.000" setupms="0.003" scanms="0.000" postms="0.000" />
</gc-op>
<gc-end id="60" type="global mark phase" contextid="32" durationms="15.264" usertimems="12.329" systemtimems="16.721" timestamp="2019-08-09T21:43:11.753" activeThreads="16">
  <mem-info id="61" free="6291456" total="18874368" percent="33">
    <pending-finalizers system="0" default="0" reference="6" classloader="0" />
    <remembered-set count="3296" freebytes="741376" totalbytes="754560" percent="98" regionsoverflowed="0" regionsstable="0" regionsrebuilding="0"/>
  </mem-info>
</gc-end>
<cycle-end id="62" type="global mark phase" contextid="32" timestamp="2019-08-09T21:43:11.754" />
  <attribute name="elasticGC enabled" value="1" />
  <attribute name= "numThreadsSpecified" value="16" />
  <attribute name="heapSize specified" value="0" />
  <attribute name="Current GC Util" value="214" />
  <attribute name= "Current Time Running" value="4831" />
  <attribute name ="GC Interval" value="0" />
  <attribute name="Target GC Util Change" value ="80.000000" />
  <attribute name="Current GC Util Change" value="214.000000"/>
  <attribute name="Current Error" value="-172.000000" />
  <attribute name="Output H" value="18949856"/>
  <attribute name="Output I" value="1816"/>
  <attribute name="Output T" value="16"/>
  <attribute name= "Current Time Running" value="4831" />
  <attribute name="GC Util currently" value="214" />
  <attribute name="CPU Util currently" value="298713811774" />
<exclusive-end id="63" timestamp="2019-08-09T21:43:11.754" durationms="15.756" />

<exclusive-start id="64" timestamp="2019-08-09T21:43:16.542" intervalms="4804.161">
  <response-info timems="0.911" idlems="0.911" threads="0" lastid="00000000020F4E00" lastname="node-8" />
</exclusive-start>
<allocation-taxation id="65" taxation-threshold="4194304" timestamp="2019-08-09T21:43:16.542" intervalms="4804.161" />
<cycle-start id="66" type="partial gc" contextid="0" timestamp="2019-08-09T21:43:16.542" intervalms="8984.729" />
<gc-start id="67" type="partial gc" contextid="66" timestamp="2019-08-09T21:43:16.543">
  <mem-info id="68" free="2097152" total="18874368" percent="11">
    <mem type="eden" free="0" total="8388608" percent="0" />
    <remembered-set count="3296" freebytes="741376" totalbytes="754560" percent="98" regionsoverflowed="0" regionsstable="0" regionsrebuilding="0"/>
  </mem-info>
</gc-start>
<allocation-stats totalBytes="8377912" >
  <allocated-bytes non-tlh="383896" tlh="7994016" arrayletleaf="0"/>
  <largest-consumer threadName="node-2" threadId="00000000020F8A00" bytes="356320" />
</allocation-stats>
<gc-op id="69" type="sweep" timems="6.041" contextid="66" timestamp="2019-08-09T21:43:16.551" />
<gc-op id="70" type="copy forward" timems="51.705" contextid="66" timestamp="2019-08-09T21:43:16.605">
  <memory-copied type="eden" objects="5261" bytes="133280" bytesdiscarded="12388" />
  <memory-copied type="other" objects="61152" bytes="3577712" bytesdiscarded="713980" />
  <memory-cardclean objects="337" bytes="16976" />
  <regions eden="2" other="3" />
  <remembered-set-cleared processed="1266" cleared="457" durationms="0.256" />
  <stringconstants candidates="3837" cleared="0"  />
  <heap-resize type="expand" space="default" amount="6291456" count="3" timems="0.649" reason="continue current collection" />
</gc-op>
<gc-op id="71" type="classunload" timems="0.003" contextid="66" timestamp="2019-08-09T21:43:16.605">
  <classunload-info classloadercandidates="6" classloadersunloaded="0" classesunloaded="0" anonymousclassesunloaded="0" quiescems="0.000" setupms="0.003" scanms="0.000" postms="0.000" />
</gc-op>
<gc-op id="72" type="compact" timems="11.459" contextid="66" timestamp="2019-08-09T21:43:16.616">
  <compact-info movecount="0" movebytes="0" />
  <remembered-set-cleared processed="3565" cleared="457" durationms="0.256" />
</gc-op>
<gc-end id="73" type="partial gc" contextid="66" durationms="73.997" usertimems="53.141" systemtimems="48.685" timestamp="2019-08-09T21:43:16.617" activeThreads="16">
  <mem-info id="74" free="10485760" total="25165824" percent="41">
    <mem type="eden" free="1898200" total="4194304" percent="45" />
    <remembered-set count="5088" freebytes="985728" totalbytes="1006080" percent="97" regionsoverflowed="0" regionsstable="0" regionsrebuilding="0"/>
  </mem-info>
</gc-end>
<cycle-end id="75" type="partial gc" contextid="66" timestamp="2019-08-09T21:43:16.617" />
  <attribute name="elasticGC enabled" value="1" />
  <attribute name= "numThreadsSpecified" value="16" />
  <attribute name="heapSize specified" value="0" />
  <attribute name="Current GC Util" value="131" />
  <attribute name= "Current Time Running" value="9691" />
  <attribute name ="GC Interval" value="0" />
  <attribute name="Target GC Util Change" value ="80.000000" />
  <attribute name="Current GC Util Change" value="131.000000"/>
  <attribute name="Current Error" value="17.000000" />
  <attribute name="Output H" value="25241528"/>
  <attribute name="Output I" value="2032"/>
  <attribute name="Output T" value="16"/>
  <attribute name= "Current Time Running" value="9691" />
  <attribute name="GC Util currently" value="131" />
  <attribute name="CPU Util currently" value="22124007999" />
<exclusive-end id="76" timestamp="2019-08-09T21:43:16.617" durationms="74.691" />

<exclusive-start id="77" timestamp="2019-08-09T21:43:27.291" intervalms="10749.381">
  <response-info timems="0.797" idlems="0.797" threads="0" lastid="00000000020CF700" lastname="node-14" />
</exclusive-start>
<allocation-taxation id="78" taxation-threshold="10485760" timestamp="2019-08-09T21:43:27.292" intervalms="10749.402" />
<cycle-start id="79" type="partial gc" contextid="0" timestamp="2019-08-09T21:43:27.292" intervalms="10749.266" />
<gc-start id="80" type="partial gc" contextid="79" timestamp="2019-08-09T21:43:27.292">
  <mem-info id="81" free="0" total="25165824" percent="0">
    <mem type="eden" free="0" total="10485760" percent="0" />
    <remembered-set count="4640" freebytes="987520" totalbytes="1006080" percent="98" regionsoverflowed="0" regionsstable="0" regionsrebuilding="0"/>
  </mem-info>
</gc-start>
<allocation-stats totalBytes="10469824" >
  <allocated-bytes non-tlh="0" tlh="10469824" arrayletleaf="0"/>
  <largest-consumer threadName="node-9" threadId="0000000002121D00" bytes="589176" />
</allocation-stats>
<gc-op id="82" type="mark" timems="16.595" contextid="79" timestamp="2019-08-09T21:43:27.309">
  <trace-info objectcount="49759" scancount="48414" scanbytes="1891596" />
  <cardclean-info objects="618" bytes="28784" />
  <remembered-set-cleared processed="2095" cleared="901" durationms="0.082" />
  <stringconstants candidates="3837" cleared="0"  />
  <warning details="Mark invoked due to insufficient free space for Copy-Forward" />
</gc-op>
<gc-op id="83" type="classunload" timems="0.004" contextid="79" timestamp="2019-08-09T21:43:27.309">
  <classunload-info classloadercandidates="6" classloadersunloaded="0" classesunloaded="0" anonymousclassesunloaded="0" quiescems="0.000" setupms="0.003" scanms="0.000" postms="0.000" />
</gc-op>
<gc-op id="84" type="sweep" timems="3.293" contextid="79" timestamp="2019-08-09T21:43:27.313" />
<gc-op id="85" type="compact" timems="15.711" contextid="79" timestamp="2019-08-09T21:43:27.329">
  <compact-info movecount="50088" movebytes="2202976" />
  <remembered-set-cleared processed="4371" cleared="2033" durationms="0.082" />
</gc-op>
<gc-end id="86" type="partial gc" contextid="79" durationms="37.102" usertimems="35.225" systemtimems="16.296" timestamp="2019-08-09T21:43:27.329" activeThreads="16">
  <mem-info id="87" free="10485760" total="25165824" percent="41">
    <mem type="eden" free="1815136" total="2097152" percent="86" />
    <remembered-set count="6176" freebytes="981376" totalbytes="1006080" percent="97" regionsoverflowed="0" regionsstable="0" regionsrebuilding="0"/>
  </mem-info>
</gc-end>
<cycle-end id="88" type="partial gc" contextid="79" timestamp="2019-08-09T21:43:27.330" />
  <attribute name="elasticGC enabled" value="1" />
  <attribute name= "numThreadsSpecified" value="16" />
  <attribute name="heapSize specified" value="0" />
  <attribute name="Current GC Util" value="84" />
  <attribute name= "Current Time Running" value="20399" />
  <attribute name ="GC Interval" value="0" />
  <attribute name="Target GC Util Change" value ="80.000000" />
  <attribute name="Current GC Util Change" value="84.000000"/>
  <attribute name="Current Error" value="-4.000000" />
  <attribute name="Output H" value="25241504"/>
  <attribute name="Output I" value="2008"/>
  <attribute name="Output T" value="16"/>
  <attribute name= "Current Time Running" value="20399" />
  <attribute name="GC Util currently" value="84" />
  <attribute name="CPU Util currently" value="326275668436" />
<exclusive-end id="89" timestamp="2019-08-09T21:43:27.331" durationms="39.250" />

<exclusive-start id="90" timestamp="2019-08-09T21:43:33.685" intervalms="6393.726">
  <response-info timems="0.413" idlems="0.413" threads="0" lastid="000000000210B600" lastname="node-1" />
</exclusive-start>
<allocation-taxation id="91" taxation-threshold="10485760" timestamp="2019-08-09T21:43:33.685" intervalms="6393.729" />
<cycle-start id="92" type="partial gc" contextid="0" timestamp="2019-08-09T21:43:33.685" intervalms="6393.829" />
<gc-start id="93" type="partial gc" contextid="92" timestamp="2019-08-09T21:43:33.686">
  <mem-info id="94" free="0" total="25165824" percent="0">
    <mem type="eden" free="0" total="10485760" percent="0" />
    <remembered-set count="5728" freebytes="983168" totalbytes="1006080" percent="97" regionsoverflowed="0" regionsstable="0" regionsrebuilding="0"/>
  </mem-info>
</gc-start>
<allocation-stats totalBytes="10478008" >
  <allocated-bytes non-tlh="0" tlh="10478008" arrayletleaf="0"/>
  <largest-consumer threadName="node-21" threadId="0000000002107A00" bytes="483248" />
</allocation-stats>
<gc-op id="95" type="mark" timems="7.795" contextid="92" timestamp="2019-08-09T21:43:33.694">
  <trace-info objectcount="18466" scancount="18466" scanbytes="541248" />
  <cardclean-info objects="2054" bytes="102140" />
  <remembered-set-cleared processed="2281" cleared="443" durationms="0.081" />
  <stringconstants candidates="3837" cleared="0"  />
  <warning details="Mark invoked due to insufficient free space for Copy-Forward" />
</gc-op>
<gc-op id="96" type="classunload" timems="0.002" contextid="92" timestamp="2019-08-09T21:43:33.695">
  <classunload-info classloadercandidates="6" classloadersunloaded="0" classesunloaded="0" anonymousclassesunloaded="0" quiescems="0.000" setupms="0.002" scanms="0.000" postms="0.000" />
</gc-op>
<gc-op id="97" type="sweep" timems="3.228" contextid="92" timestamp="2019-08-09T21:43:33.698" />
<gc-op id="98" type="compact" timems="6.506" contextid="92" timestamp="2019-08-09T21:43:33.705">
  <compact-info movecount="16892" movebytes="404488" />
  <remembered-set-cleared processed="4751" cleared="1027" durationms="0.095" />
</gc-op>
<heap-resize id="99" type="expand" space="default" amount="2097152" count="1" timems="0.118" reason="insufficient free space following gc" timestamp="2019-08-09T21:43:33.705" />
<gc-end id="100" type="partial gc" contextid="92" durationms="19.388" usertimems="18.779" systemtimems="13.025" timestamp="2019-08-09T21:43:33.705" activeThreads="16">
  <mem-info id="101" free="10485760" total="27262976" percent="38">
    <mem type="eden" free="1929760" total="2097152" percent="92" />
    <remembered-set count="5696" freebytes="1067136" totalbytes="1089920" percent="97" regionsoverflowed="0" regionsstable="0" regionsrebuilding="0"/>
  </mem-info>
</gc-end>
<cycle-end id="102" type="partial gc" contextid="92" timestamp="2019-08-09T21:43:33.705" />
  <attribute name="elasticGC enabled" value="1" />
  <attribute name= "numThreadsSpecified" value="16" />
  <attribute name="heapSize specified" value="0" />
  <attribute name="Current GC Util" value="88" />
  <attribute name= "Current Time Running" value="26784" />
  <attribute name ="GC Interval" value="0" />
  <attribute name="Target GC Util Change" value ="80.000000" />
  <attribute name="Current GC Util Change" value="88.000000"/>
  <attribute name="Current Error" value="-5.000000" />
  <attribute name="Output H" value="25241504"/>
  <attribute name="Output I" value="2008"/>
  <attribute name="Output T" value="16"/>
  <attribute name= "Current Time Running" value="26784" />
  <attribute name="GC Util currently" value="88" />
  <attribute name="CPU Util currently" value="338470877149" />
<exclusive-end id="103" timestamp="2019-08-09T21:43:33.706" durationms="20.388" />

<exclusive-start id="104" timestamp="2019-08-09T21:43:36.423" intervalms="2738.114">
  <response-info timems="0.216" idlems="0.216" threads="0" lastid="000000000211E100" lastname="node-15" />
</exclusive-start>
<allocation-taxation id="105" taxation-threshold="4194304" timestamp="2019-08-09T21:43:36.424" intervalms="2738.282" />
<cycle-start id="106" type="global mark phase" contextid="0" timestamp="2019-08-09T21:43:36.424" intervalms="28944.618" />
<gc-start id="107" type="global mark phase" contextid="106" timestamp="2019-08-09T21:43:36.424">
  <mem-info id="108" free="6291456" total="27262976" percent="23">
    <remembered-set count="5696" freebytes="1067136" totalbytes="1089920" percent="97" regionsoverflowed="0" regionsstable="0" regionsrebuilding="0"/>
  </mem-info>
</gc-start>
<gc-op id="109" type="mark increment" timems="2.718" contextid="106" timestamp="2019-08-09T21:43:36.427">
  <trace-info objectcount="361" scancount="0" scanbytes="0" />
</gc-op>
<gc-end id="110" type="global mark phase" contextid="106" durationms="3.019" usertimems="4.730" systemtimems="0.000" timestamp="2019-08-09T21:43:36.427" activeThreads="16">
  <mem-info id="111" free="6291456" total="27262976" percent="23">
    <remembered-set count="5696" freebytes="1067136" totalbytes="1089920" percent="97" regionsoverflowed="0" regionsstable="0" regionsrebuilding="0"/>
  </mem-info>
</gc-end>
<concurrent-start id="112" type="GMP work packet processing" contextid="106" timestamp="2019-08-09T21:43:36.427">
  <concurrent-mark-start scanTarget="18446744073709551615" />
</concurrent-start>
<exclusive-end id="113" timestamp="2019-08-09T21:43:36.428" durationms="4.253" />

<concurrent-end id="114" type="GMP work packet processing" contextid="106" timestamp="2019-08-09T21:43:36.435">
  <concurrent-mark-end bytesScanned="5318888" reasonForTermination="Completed all work in GC phase" />
</concurrent-end>

<exclusive-start id="115" timestamp="2019-08-09T21:43:39.260" intervalms="2836.358">
  <response-info timems="1.589" idlems="0.835" threads="1" lastid="0000000002103E00" lastname="node-25" />
</exclusive-start>
<allocation-taxation id="116" taxation-threshold="4194304" timestamp="2019-08-09T21:43:39.260" intervalms="2836.164" />
<cycle-start id="117" type="partial gc" contextid="0" timestamp="2019-08-09T21:43:39.260" intervalms="5574.397" />
<gc-start id="118" type="partial gc" contextid="117" timestamp="2019-08-09T21:43:39.260">
  <mem-info id="119" free="2097152" total="27262976" percent="7">
    <mem type="eden" free="1929760" total="10485760" percent="18" />
    <remembered-set count="5696" freebytes="1067136" totalbytes="1089920" percent="97" regionsoverflowed="0" regionsstable="0" regionsrebuilding="0"/>
  </mem-info>
</gc-start>
<allocation-stats totalBytes="8384512" >
  <allocated-bytes non-tlh="0" tlh="8384512" arrayletleaf="0"/>
  <largest-consumer threadName="node-9" threadId="0000000002121D00" bytes="253512" />
</allocation-stats>
<gc-op id="120" type="copy forward" timems="13.406" contextid="117" timestamp="2019-08-09T21:43:39.276">
  <memory-copied type="eden" objects="5648" bytes="134800" bytesdiscarded="21376" />
  <memory-copied type="other" objects="6898" bytes="165552" bytesdiscarded="4536" />
  <memory-cardclean objects="1792" bytes="195672" />
  <regions eden="4" other="1" />
  <remembered-set-cleared processed="2423" cleared="383" durationms="0.353" />
  <stringconstants candidates="3837" cleared="0"  />
  <heap-resize type="expand" space="default" amount="4194304" count="2" timems="0.140" reason="continue current collection" />
</gc-op>
<gc-op id="121" type="classunload" timems="0.002" contextid="117" timestamp="2019-08-09T21:43:39.276">
  <classunload-info classloadercandidates="6" classloadersunloaded="0" classesunloaded="0" anonymousclassesunloaded="0" quiescems="0.000" setupms="0.002" scanms="0.000" postms="0.000" />
</gc-op>
<heap-resize id="122" type="expand" space="default" amount="2097152" count="1" timems="0.063" reason="insufficient free space following gc" timestamp="2019-08-09T21:43:39.276" />
<gc-end id="123" type="partial gc" contextid="117" durationms="16.069" usertimems="9.274" systemtimems="12.021" timestamp="2019-08-09T21:43:39.276" activeThreads="16">
  <mem-info id="124" free="12582912" total="33554432" percent="37">
    <mem type="eden" free="5965192" total="6291456" percent="94" />
    <remembered-set count="8480" freebytes="1307520" totalbytes="1341440" percent="97" regionsoverflowed="0" regionsstable="0" regionsrebuilding="0"/>
  </mem-info>
</gc-end>
<cycle-end id="125" type="partial gc" contextid="117" timestamp="2019-08-09T21:43:39.276" />
  <attribute name="elasticGC enabled" value="1" />
  <attribute name= "numThreadsSpecified" value="16" />
  <attribute name="heapSize specified" value="0" />
  <attribute name="Current GC Util" value="83" />
  <attribute name= "Current Time Running" value="32349" />
  <attribute name ="GC Interval" value="0" />
  <attribute name="Target GC Util Change" value ="80.000000" />
  <attribute name="Current GC Util Change" value="83.000000"/>
  <attribute name="Current Error" value="-69.000000" />
  <attribute name="Output H" value="27338584"/>
  <attribute name="Output I" value="1936"/>
  <attribute name="Output T" value="16"/>
  <attribute name= "Current Time Running" value="32349" />
  <attribute name="GC Util currently" value="83" />
  <attribute name="CPU Util currently" value="582323584944" />
<exclusive-end id="126" timestamp="2019-08-09T21:43:39.276" durationms="16.731" />

<exclusive-start id="127" timestamp="2019-08-09T21:43:43.948" intervalms="4688.482">
  <response-info timems="0.022" idlems="0.022" threads="0" lastid="00000000020CF700" lastname="node-14" />
</exclusive-start>
<allocation-taxation id="128" taxation-threshold="6291456" timestamp="2019-08-09T21:43:43.948" intervalms="4688.466" />
<gc-start id="129" type="global mark phase" contextid="106" timestamp="2019-08-09T21:43:43.948">
  <mem-info id="130" free="6291456" total="33554432" percent="18">
    <remembered-set count="8000" freebytes="1309440" totalbytes="1341440" percent="97" regionsoverflowed="0" regionsstable="0" regionsrebuilding="0"/>
  </mem-info>
</gc-start>
<gc-op id="131" type="mark increment" timems="12.177" contextid="106" timestamp="2019-08-09T21:43:43.960">
  <trace-info objectcount="7697" scancount="7674" scanbytes="282296" />
  <cardclean-info objects="1867" bytes="97524" />
  <finalization candidates="13" enqueued="0" />
  <references type="soft" candidates="66" cleared="0" enqueued="0" dynamicThreshold="12" maxThreshold="32" />
  <references type="weak" candidates="143" cleared="0" enqueued="0" />
  <references type="phantom" candidates="57" cleared="0" enqueued="0" />
  <stringconstants candidates="3837" cleared="0"  />
</gc-op>
<gc-op id="132" type="classunload" timems="0.003" contextid="106" timestamp="2019-08-09T21:43:43.961">
  <classunload-info classloadercandidates="6" classloadersunloaded="0" classesunloaded="0" anonymousclassesunloaded="0" quiescems="0.000" setupms="0.003" scanms="0.000" postms="0.000" />
</gc-op>
<gc-end id="133" type="global mark phase" contextid="106" durationms="12.345" usertimems="3.246" systemtimems="15.438" timestamp="2019-08-09T21:43:43.961" activeThreads="16">
  <mem-info id="134" free="6291456" total="33554432" percent="18">
    <remembered-set count="8000" freebytes="1309440" totalbytes="1341440" percent="97" regionsoverflowed="0" regionsstable="0" regionsrebuilding="0"/>
  </mem-info>
</gc-end>
<cycle-end id="135" type="global mark phase" contextid="106" timestamp="2019-08-09T21:43:43.961" />
  <attribute name="elasticGC enabled" value="1" />
  <attribute name= "numThreadsSpecified" value="16" />
  <attribute name="heapSize specified" value="0" />
  <attribute name="Current GC Util" value="89" />
  <attribute name= "Current Time Running" value="37040" />
  <attribute name ="GC Interval" value="0" />
  <attribute name="Target GC Util Change" value ="80.000000" />
  <attribute name="Current GC Util Change" value="89.000000"/>
  <attribute name="Current Error" value="-9.000000" />
  <attribute name="Output H" value="33630104"/>
  <attribute name="Output I" value="2000"/>
  <attribute name="Output T" value="16"/>
  <attribute name= "Current Time Running" value="37040" />
  <attribute name="GC Util currently" value="89" />
  <attribute name="CPU Util currently" value="431059927025" />
<exclusive-end id="136" timestamp="2019-08-09T21:43:43.962" durationms="13.454" />

<exclusive-start id="137" timestamp="2019-08-09T21:43:47.616" intervalms="3667.857">
  <response-info timems="0.944" idlems="0.486" threads="2" lastid="000000000210F200" lastname="node-11" />
</exclusive-start>
<allocation-taxation id="138" taxation-threshold="6291456" timestamp="2019-08-09T21:43:47.616" intervalms="3667.881" />
<cycle-start id="139" type="partial gc" contextid="0" timestamp="2019-08-09T21:43:47.616" intervalms="8356.328" />
<gc-start id="140" type="partial gc" contextid="139" timestamp="2019-08-09T21:43:47.616">
  <mem-info id="141" free="0" total="33554432" percent="0">
    <mem type="eden" free="2097136" total="14680064" percent="14" />
    <remembered-set count="8000" freebytes="1309440" totalbytes="1341440" percent="97" regionsoverflowed="0" regionsstable="0" regionsrebuilding="0"/>
  </mem-info>
</gc-start>
<allocation-stats totalBytes="12569032" >
  <allocated-bytes non-tlh="0" tlh="12569032" arrayletleaf="0"/>
  <largest-consumer threadName="node-9" threadId="0000000002121D00" bytes="348072" />
</allocation-stats>
<gc-op id="142" type="sweep" timems="3.032" contextid="139" timestamp="2019-08-09T21:43:47.620" />
<gc-op id="143" type="copy forward" timems="14.855" contextid="139" timestamp="2019-08-09T21:43:47.635">
  <memory-copied type="eden" objects="4283" bytes="109360" bytesdiscarded="5918" />
  <memory-copied type="other" objects="7479" bytes="179496" bytesdiscarded="1290" />
  <memory-cardclean objects="1676" bytes="192640" />
  <regions eden="3" other="4" />
  <remembered-set-cleared processed="2394" cleared="512" durationms="0.078" />
  <stringconstants candidates="3837" cleared="0"  />
</gc-op>
<gc-op id="144" type="classunload" timems="0.010" contextid="139" timestamp="2019-08-09T21:43:47.635">
  <classunload-info classloadercandidates="6" classloadersunloaded="0" classesunloaded="0" anonymousclassesunloaded="0" quiescems="0.000" setupms="0.010" scanms="0.000" postms="0.000" />
</gc-op>
<gc-end id="145" type="partial gc" contextid="139" durationms="19.316" usertimems="10.114" systemtimems="16.011" timestamp="2019-08-09T21:43:47.636" activeThreads="16">
  <mem-info id="146" free="16777216" total="33554432" percent="50">
    <mem type="eden" free="1867128" total="2097152" percent="89" />
    <remembered-set count="7296" freebytes="1312256" totalbytes="1341440" percent="97" regionsoverflowed="0" regionsstable="0" regionsrebuilding="0"/>
  </mem-info>
</gc-end>
<cycle-end id="147" type="partial gc" contextid="139" timestamp="2019-08-09T21:43:47.636" />
  <attribute name="elasticGC enabled" value="1" />
  <attribute name= "numThreadsSpecified" value="16" />
  <attribute name="heapSize specified" value="0" />
  <attribute name="Current GC Util" value="115" />
  <attribute name= "Current Time Running" value="40707" />
  <attribute name ="GC Interval" value="0" />
  <attribute name="Target GC Util Change" value ="80.000000" />
  <attribute name="Current GC Util Change" value="115.000000"/>
  <attribute name="Current Error" value="46.000000" />
  <attribute name="Output H" value="33630168"/>
  <attribute name="Output I" value="2064"/>
  <attribute name="Output T" value="16"/>
  <attribute name= "Current Time Running" value="40707" />
  <attribute name="GC Util currently" value="115" />
  <attribute name="CPU Util currently" value="1805228004902" />
<exclusive-end id="148" timestamp="2019-08-09T21:43:47.636" durationms="20.201" />

<exclusive-start id="149" timestamp="2019-08-09T21:43:57.270" intervalms="9654.500">
  <response-info timems="0.128" idlems="0.128" threads="0" lastid="000000000210F200" lastname="node-11" />
</exclusive-start>
<allocation-taxation id="150" taxation-threshold="14680064" timestamp="2019-08-09T21:43:57.271" intervalms="9654.479" />
<cycle-start id="151" type="partial gc" contextid="0" timestamp="2019-08-09T21:43:57.271" intervalms="9654.461" />
<gc-start id="152" type="partial gc" contextid="151" timestamp="2019-08-09T21:43:57.271">
  <mem-info id="153" free="2097152" total="33554432" percent="6">
    <mem type="eden" free="0" total="14680064" percent="0" />
    <remembered-set count="6816" freebytes="1314176" totalbytes="1341440" percent="97" regionsoverflowed="0" regionsstable="0" regionsrebuilding="0"/>
  </mem-info>
</gc-start>
<allocation-stats totalBytes="14669272" >
  <allocated-bytes non-tlh="0" tlh="14669272" arrayletleaf="0"/>
  <largest-consumer threadName="node-14" threadId="00000000020CF700" bytes="678832" />
</allocation-stats>
<gc-op id="154" type="copy forward" timems="9.684" contextid="151" timestamp="2019-08-09T21:43:57.281">
  <memory-copied type="eden" objects="10086" bytes="257384" bytesdiscarded="14176" />
  <memory-copied type="other" objects="9279" bytes="227760" bytesdiscarded="12840" />
  <memory-cardclean objects="1839" bytes="198272" />
  <regions eden="7" other="2" />
  <remembered-set-cleared processed="2244" cleared="403" durationms="0.138" />
  <stringconstants candidates="3837" cleared="0"  />
  <heap-resize type="expand" space="default" amount="4194304" count="2" timems="0.131" reason="continue current collection" />
</gc-op>
<gc-op id="155" type="classunload" timems="0.002" contextid="151" timestamp="2019-08-09T21:43:57.281">
  <classunload-info classloadercandidates="6" classloadersunloaded="0" classesunloaded="0" anonymousclassesunloaded="0" quiescems="0.000" setupms="0.002" scanms="0.000" postms="0.000" />
</gc-op>
<gc-end id="156" type="partial gc" contextid="151" durationms="10.697" usertimems="10.079" systemtimems="10.292" timestamp="2019-08-09T21:43:57.282" activeThreads="16">
  <mem-info id="157" free="18874368" total="37748736" percent="50">
    <mem type="eden" free="1825592" total="2097152" percent="87" />
    <remembered-set count="8576" freebytes="1474816" totalbytes="1509120" percent="97" regionsoverflowed="0" regionsstable="0" regionsrebuilding="0"/>
  </mem-info>
</gc-end>
<cycle-end id="158" type="partial gc" contextid="151" timestamp="2019-08-09T21:43:57.282" />
  <attribute name="elasticGC enabled" value="1" />
  <attribute name= "numThreadsSpecified" value="16" />
  <attribute name="heapSize specified" value="0" />
  <attribute name="Current GC Util" value="114" />
  <attribute name= "Current Time Running" value="50358" />
  <attribute name ="GC Interval" value="0" />
  <attribute name="Target GC Util Change" value ="80.000000" />
  <attribute name="Current GC Util Change" value="114.000000"/>
  <attribute name="Current Error" value="92.000000" />
  <attribute name="Output H" value="33630224"/>
  <attribute name="Output I" value="2120"/>
  <attribute name="Output T" value="16"/>
  <attribute name= "Current Time Running" value="50358" />
  <attribute name="GC Util currently" value="114" />
  <attribute name="CPU Util currently" value="2366904403227" />
<exclusive-end id="159" timestamp="2019-08-09T21:43:57.282" durationms="11.389" />

<exclusive-start id="160" timestamp="2019-08-09T21:44:08.038" intervalms="10767.872">
  <response-info timems="0.059" idlems="0.059" threads="0" lastid="00000000020D3300" lastname="node-6" />
</exclusive-start>
<allocation-taxation id="161" taxation-threshold="16777216" timestamp="2019-08-09T21:44:08.038" intervalms="10767.865" />
<cycle-start id="162" type="partial gc" contextid="0" timestamp="2019-08-09T21:44:08.038" intervalms="10767.867" />
<gc-start id="163" type="partial gc" contextid="162" timestamp="2019-08-09T21:44:08.039">
  <mem-info id="164" free="2097152" total="37748736" percent="5">
    <mem type="eden" free="0" total="16777216" percent="0" />
    <remembered-set count="8128" freebytes="1476608" totalbytes="1509120" percent="97" regionsoverflowed="0" regionsstable="0" regionsrebuilding="0"/>
  </mem-info>
</gc-start>
<allocation-stats totalBytes="16769032" >
  <allocated-bytes non-tlh="0" tlh="16769032" arrayletleaf="0"/>
  <largest-consumer threadName="node-9" threadId="0000000002121D00" bytes="810776" />
</allocation-stats>
<gc-op id="165" type="copy forward" timems="11.124" contextid="162" timestamp="2019-08-09T21:44:08.051">
  <memory-copied type="eden" objects="11154" bytes="269408" bytesdiscarded="23464" />
  <memory-copied type="other" objects="9910" bytes="237840" bytesdiscarded="512" />
  <memory-cardclean objects="1834" bytes="196976" />
  <regions eden="8" other="1" />
  <remembered-set-cleared processed="2365" cleared="353" durationms="0.144" />
  <stringconstants candidates="3837" cleared="0"  />
  <heap-resize type="expand" space="default" amount="2097152" count="1" timems="0.065" reason="continue current collection" />
</gc-op>
<gc-op id="166" type="classunload" timems="0.002" contextid="162" timestamp="2019-08-09T21:44:08.051">
  <classunload-info classloadercandidates="6" classloadersunloaded="0" classesunloaded="0" anonymousclassesunloaded="0" quiescems="0.000" setupms="0.002" scanms="0.000" postms="0.000" />
</gc-op>
<gc-end id="167" type="partial gc" contextid="162" durationms="12.260" usertimems="13.590" systemtimems="7.325" timestamp="2019-08-09T21:44:08.051" activeThreads="16">
  <mem-info id="168" free="18874368" total="39845888" percent="47">
    <mem type="eden" free="1804280" total="2097152" percent="86" />
    <remembered-set count="7456" freebytes="1563136" totalbytes="1592960" percent="98" regionsoverflowed="0" regionsstable="0" regionsrebuilding="0"/>
  </mem-info>
</gc-end>
<cycle-end id="169" type="partial gc" contextid="162" timestamp="2019-08-09T21:44:08.051" />
  <attribute name="elasticGC enabled" value="1" />
  <attribute name= "numThreadsSpecified" value="16" />
  <attribute name="heapSize specified" value="0" />
  <attribute name="Current GC Util" value="83" />
  <attribute name= "Current Time Running" value="61126" />
  <attribute name ="GC Interval" value="0" />
  <attribute name="Target GC Util Change" value ="80.000000" />
  <attribute name="Current GC Util Change" value="83.000000"/>
  <attribute name="Current Error" value="77.000000" />
  <attribute name="Output H" value="37824504"/>
  <attribute name="Output I" value="2096"/>
  <attribute name="Output T" value="16"/>
  <attribute name= "Current Time Running" value="61126" />
  <attribute name="GC Util currently" value="83" />
  <attribute name="CPU Util currently" value="1759199809556" />
<exclusive-end id="170" timestamp="2019-08-09T21:44:08.051" durationms="12.856" />

<exclusive-start id="171" timestamp="2019-08-09T21:44:20.304" intervalms="12265.825">
  <response-info timems="0.149" idlems="0.112" threads="1" lastid="00000000020DAB00" lastname="node-3" />
</exclusive-start>
<allocation-taxation id="172" taxation-threshold="16777216" timestamp="2019-08-09T21:44:20.304" intervalms="12265.820" />
<cycle-start id="173" type="partial gc" contextid="0" timestamp="2019-08-09T21:44:20.304" intervalms="12265.958" />
<gc-start id="174" type="partial gc" contextid="173" timestamp="2019-08-09T21:44:20.305">
  <mem-info id="175" free="2097152" total="39845888" percent="5">
    <mem type="eden" free="0" total="16777216" percent="0" />
    <remembered-set count="7040" freebytes="1564800" totalbytes="1592960" percent="98" regionsoverflowed="0" regionsstable="0" regionsrebuilding="0"/>
  </mem-info>
</gc-start>
<allocation-stats totalBytes="16760752" >
  <allocated-bytes non-tlh="0" tlh="16760752" arrayletleaf="0"/>
  <largest-consumer threadName="node-9" threadId="0000000002121D00" bytes="765808" />
</allocation-stats>
<gc-op id="176" type="copy forward" timems="18.453" contextid="173" timestamp="2019-08-09T21:44:20.324">
  <memory-copied type="eden" objects="12617" bytes="304520" bytesdiscarded="13944" />
  <memory-copied type="other" objects="11013" bytes="264312" bytesdiscarded="7128" />
  <memory-cardclean objects="1870" bytes="197840" />
  <regions eden="8" other="1" />
  <remembered-set-cleared processed="2492" cleared="373" durationms="0.082" />
  <stringconstants candidates="3837" cleared="0"  />
  <heap-resize type="expand" space="default" amount="2097152" count="1" timems="0.072" reason="continue current collection" />
</gc-op>
<gc-op id="177" type="classunload" timems="0.003" contextid="173" timestamp="2019-08-09T21:44:20.324">
  <classunload-info classloadercandidates="6" classloadersunloaded="0" classesunloaded="0" anonymousclassesunloaded="0" quiescems="0.000" setupms="0.002" scanms="0.000" postms="0.000" />
</gc-op>
<gc-end id="178" type="partial gc" contextid="173" durationms="19.708" usertimems="11.641" systemtimems="17.094" timestamp="2019-08-09T21:44:20.324" activeThreads="16">
  <mem-info id="179" free="18874368" total="41943040" percent="45">
    <mem type="eden" free="1778688" total="2097152" percent="84" />
    <remembered-set count="9184" freebytes="1640064" totalbytes="1676800" percent="97" regionsoverflowed="0" regionsstable="0" regionsrebuilding="0"/>
  </mem-info>
</gc-end>
<cycle-end id="180" type="partial gc" contextid="173" timestamp="2019-08-09T21:44:20.325" />
  <attribute name="elasticGC enabled" value="1" />
  <attribute name= "numThreadsSpecified" value="16" />
  <attribute name="heapSize specified" value="0" />
  <attribute name="Current GC Util" value="96" />
  <attribute name= "Current Time Running" value="73392" />
  <attribute name ="GC Interval" value="0" />
  <attribute name="Target GC Util Change" value ="80.000000" />
  <attribute name="Current GC Util Change" value="96.000000"/>
  <attribute name="Current Error" value="141.000000" />
  <attribute name="Output H" value="39921736"/>
  <attribute name="Output I" value="2176"/>
  <attribute name="Output T" value="16"/>
  <attribute name= "Current Time Running" value="73392" />
  <attribute name="GC Util currently" value="96" />
  <attribute name="CPU Util currently" value="1567721904805" />
<exclusive-end id="181" timestamp="2019-08-09T21:44:20.326" durationms="21.921" />

<exclusive-start id="182" timestamp="2019-08-09T21:44:31.344" intervalms="11040.037">
  <response-info timems="0.337" idlems="0.337" threads="0" lastid="00000000020D6F00" lastname="node-19" />
</exclusive-start>
<allocation-taxation id="183" taxation-threshold="16777216" timestamp="2019-08-09T21:44:31.344" intervalms="11040.043" />
<cycle-start id="184" type="partial gc" contextid="0" timestamp="2019-08-09T21:44:31.344" intervalms="11039.970" />
<gc-start id="185" type="partial gc" contextid="184" timestamp="2019-08-09T21:44:31.345">
  <mem-info id="186" free="2097152" total="41943040" percent="5">
    <mem type="eden" free="0" total="16777216" percent="0" />
    <remembered-set count="8768" freebytes="1641728" totalbytes="1676800" percent="97" regionsoverflowed="0" regionsstable="0" regionsrebuilding="0"/>
  </mem-info>
</gc-start>
<allocation-stats totalBytes="16766808" >
  <allocated-bytes non-tlh="0" tlh="16766808" arrayletleaf="0"/>
  <largest-consumer threadName="node-4" threadId="0000000002125900" bytes="765584" />
</allocation-stats>
<gc-op id="187" type="copy forward" timems="12.400" contextid="184" timestamp="2019-08-09T21:44:31.358">
  <memory-copied type="eden" objects="11514" bytes="275416" bytesdiscarded="18256" />
  <memory-copied type="other" objects="12477" bytes="299448" bytesdiscarded="11912" />
  <memory-cardclean objects="1853" bytes="197048" />
  <regions eden="8" other="1" />
  <remembered-set-cleared processed="2620" cleared="371" durationms="0.613" />
  <stringconstants candidates="3837" cleared="0"  />
  <heap-resize type="expand" space="default" amount="2097152" count="1" timems="0.066" reason="continue current collection" />
</gc-op>
<gc-op id="188" type="classunload" timems="0.003" contextid="184" timestamp="2019-08-09T21:44:31.359">
  <classunload-info classloadercandidates="6" classloadersunloaded="0" classesunloaded="0" anonymousclassesunloaded="0" quiescems="0.000" setupms="0.002" scanms="0.000" postms="0.000" />
</gc-op>
<gc-end id="189" type="partial gc" contextid="184" durationms="14.074" usertimems="10.158" systemtimems="12.231" timestamp="2019-08-09T21:44:31.359" activeThreads="16">
  <mem-info id="190" free="18874368" total="44040192" percent="42">
    <mem type="eden" free="1803480" total="2097152" percent="85" />
    <remembered-set count="8384" freebytes="1727104" totalbytes="1760640" percent="98" regionsoverflowed="0" regionsstable="0" regionsrebuilding="0"/>
  </mem-info>
</gc-end>
<cycle-end id="191" type="partial gc" contextid="184" timestamp="2019-08-09T21:44:31.359" />
  <attribute name="elasticGC enabled" value="1" />
  <attribute name= "numThreadsSpecified" value="16" />
  <attribute name="heapSize specified" value="0" />
  <attribute name="Current GC Util" value="80" />
  <attribute name= "Current Time Running" value="84432" />
  <attribute name ="GC Interval" value="0" />
  <attribute name="Target GC Util Change" value ="80.000000" />
  <attribute name="Current GC Util Change" value="80.000000"/>
  <attribute name="Current Error" value="221.000000" />
  <attribute name="Output H" value="42018976"/>
  <attribute name="Output I" value="2264"/>
  <attribute name="Output T" value="16"/>
  <attribute name= "Current Time Running" value="84432" />
  <attribute name="GC Util currently" value="80" />
  <attribute name="CPU Util currently" value="911654794848" />
<exclusive-end id="192" timestamp="2019-08-09T21:44:31.359" durationms="14.712" />

<exclusive-start id="193" timestamp="2019-08-09T21:44:44.950" intervalms="13606.013">
  <response-info timems="0.030" idlems="0.030" threads="0" lastid="00000000020E2300" lastname="node-16" />
</exclusive-start>
<allocation-taxation id="194" taxation-threshold="18874368" timestamp="2019-08-09T21:44:44.950" intervalms="13606.083" />
<cycle-start id="195" type="partial gc" contextid="0" timestamp="2019-08-09T21:44:44.950" intervalms="13605.982" />
<gc-start id="196" type="partial gc" contextid="195" timestamp="2019-08-09T21:44:44.951">
  <mem-info id="197" free="0" total="44040192" percent="0">
    <mem type="eden" free="0" total="18874368" percent="0" />
    <remembered-set count="7936" freebytes="1728896" totalbytes="1760640" percent="98" regionsoverflowed="0" regionsstable="0" regionsrebuilding="0"/>
  </mem-info>
</gc-start>
<allocation-stats totalBytes="18862768" >
  <allocated-bytes non-tlh="0" tlh="18862768" arrayletleaf="0"/>
  <largest-consumer threadName="node-9" threadId="0000000002121D00" bytes="859808" />
</allocation-stats>
<gc-op id="198" type="mark" timems="21.212" contextid="195" timestamp="2019-08-09T21:44:44.973">
  <trace-info objectcount="24691" scancount="24668" scanbytes="690152" />
  <cardclean-info objects="1891" bytes="99292" />
  <remembered-set-cleared processed="2733" cleared="357" durationms="0.105" />
  <stringconstants candidates="3837" cleared="0"  />
  <warning details="Mark invoked due to insufficient free space for Copy-Forward" />
</gc-op>
<gc-op id="199" type="classunload" timems="0.003" contextid="195" timestamp="2019-08-09T21:44:44.973">
  <classunload-info classloadercandidates="6" classloadersunloaded="0" classesunloaded="0" anonymousclassesunloaded="0" quiescems="0.000" setupms="0.003" scanms="0.000" postms="0.000" />
</gc-op>
<gc-op id="200" type="sweep" timems="3.390" contextid="195" timestamp="2019-08-09T21:44:44.977" />
<gc-op id="201" type="compact" timems="7.209" contextid="195" timestamp="2019-08-09T21:44:44.984">
  <compact-info movecount="24690" movebytes="594272" />
  <remembered-set-cleared processed="5760" cleared="975" durationms="0.105" />
</gc-op>
<gc-end id="202" type="partial gc" contextid="195" durationms="34.129" usertimems="12.937" systemtimems="48.109" timestamp="2019-08-09T21:44:44.985" activeThreads="8">
  <mem-info id="203" free="16777216" total="44040192" percent="38">
    <mem type="eden" free="1776432" total="2097152" percent="84" />
    <remembered-set count="9664" freebytes="1721984" totalbytes="1760640" percent="97" regionsoverflowed="0" regionsstable="0" regionsrebuilding="0"/>
  </mem-info>
</gc-end>
<cycle-end id="204" type="partial gc" contextid="195" timestamp="2019-08-09T21:44:44.985" />
  <attribute name="elasticGC enabled" value="1" />
  <attribute name= "numThreadsSpecified" value="8" />
  <attribute name="heapSize specified" value="0" />
  <attribute name="Current GC Util" value="100" />
  <attribute name= "Current Time Running" value="98064" />
  <attribute name ="GC Interval" value="0" />
  <attribute name="Target GC Util Change" value ="80.000000" />
  <attribute name="Current GC Util Change" value="100.000000"/>
  <attribute name="Current Error" value="-17.000000" />
  <attribute name="Output H" value="44115856"/>
  <attribute name="Output I" value="1992"/>
  <attribute name="Output T" value="8"/>
  <attribute name= "Current Time Running" value="98064" />
  <attribute name="GC Util currently" value="100" />
  <attribute name="CPU Util currently" value="285592287878" />
<exclusive-end id="205" timestamp="2019-08-09T21:44:44.985" durationms="35.099" />

<exclusive-start id="206" timestamp="2019-08-09T21:44:57.373" intervalms="12423.078">
  <response-info timems="3.631" idlems="3.631" threads="0" lastid="0000000002116900" lastname="node-20" />
</exclusive-start>
<allocation-taxation id="207" taxation-threshold="16777216" timestamp="2019-08-09T21:44:57.373" intervalms="12423.083" />
<cycle-start id="208" type="partial gc" contextid="0" timestamp="2019-08-09T21:44:57.374" intervalms="12423.133" />
<gc-start id="209" type="partial gc" contextid="208" timestamp="2019-08-09T21:44:57.374">
  <mem-info id="210" free="0" total="44040192" percent="0">
    <mem type="eden" free="0" total="16777216" percent="0" />
    <remembered-set count="9184" freebytes="1723904" totalbytes="1760640" percent="97" regionsoverflowed="0" regionsstable="0" regionsrebuilding="0"/>
  </mem-info>
</gc-start>
<allocation-stats totalBytes="16767960" >
  <allocated-bytes non-tlh="0" tlh="16767960" arrayletleaf="0"/>
  <largest-consumer threadName="node-9" threadId="0000000002121D00" bytes="789728" />
</allocation-stats>
<gc-op id="211" type="mark" timems="11.109" contextid="208" timestamp="2019-08-09T21:44:57.387">
  <trace-info objectcount="25640" scancount="25617" scanbytes="712984" />
  <cardclean-info objects="1908" bytes="100288" />
  <remembered-set-cleared processed="2939" cleared="434" durationms="0.497" />
  <stringconstants candidates="3837" cleared="0"  />
  <warning details="Mark invoked due to insufficient free space for Copy-Forward" />
</gc-op>
<gc-op id="212" type="classunload" timems="0.003" contextid="208" timestamp="2019-08-09T21:44:57.387">
  <classunload-info classloadercandidates="6" classloadersunloaded="0" classesunloaded="0" anonymousclassesunloaded="0" quiescems="0.000" setupms="0.002" scanms="0.000" postms="0.000" />
</gc-op>
<gc-op id="213" type="sweep" timems="4.226" contextid="208" timestamp="2019-08-09T21:44:57.391" />
<gc-op id="214" type="compact" timems="12.577" contextid="208" timestamp="2019-08-09T21:44:57.404">
  <compact-info movecount="19727" movebytes="475216" />
  <remembered-set-cleared processed="6128" cleared="1057" durationms="0.497" />
</gc-op>
<heap-resize id="215" type="expand" space="default" amount="2097152" count="1" timems="0.066" reason="insufficient free space following gc" timestamp="2019-08-09T21:44:57.404" />
<gc-end id="216" type="partial gc" contextid="208" durationms="30.100" usertimems="41.554" systemtimems="12.251" timestamp="2019-08-09T21:44:57.404" activeThreads="16">
  <mem-info id="217" free="16777216" total="46137344" percent="36">
    <mem type="eden" free="1795672" total="2097152" percent="85" />
    <remembered-set count="7520" freebytes="1814400" totalbytes="1844480" percent="98" regionsoverflowed="0" regionsstable="0" regionsrebuilding="0"/>
  </mem-info>
</gc-end>
<cycle-end id="218" type="partial gc" contextid="208" timestamp="2019-08-09T21:44:57.404" />
  <attribute name="elasticGC enabled" value="1" />
  <attribute name= "numThreadsSpecified" value="16" />
  <attribute name="heapSize specified" value="0" />
  <attribute name="Current GC Util" value="163" />
  <attribute name= "Current Time Running" value="110478" />
  <attribute name ="GC Interval" value="0" />
  <attribute name="Target GC Util Change" value ="80.000000" />
  <attribute name="Current GC Util Change" value="163.000000"/>
  <attribute name="Current Error" value="-116.000000" />
  <attribute name="Output H" value="44115744"/>
  <attribute name="Output I" value="1880"/>
  <attribute name="Output T" value="16"/>
  <attribute name= "Current Time Running" value="110478" />
  <attribute name="GC Util currently" value="163" />
  <attribute name="CPU Util currently" value="262286383168" />
<exclusive-end id="219" timestamp="2019-08-09T21:44:57.404" durationms="31.046" />

<exclusive-start id="220" timestamp="2019-08-09T21:45:02.641" intervalms="5267.447">
  <response-info timems="0.111" idlems="0.111" threads="0" lastid="00000000020DAB00" lastname="node-3" />
</exclusive-start>
<allocation-taxation id="221" taxation-threshold="8388608" timestamp="2019-08-09T21:45:02.645" intervalms="5271.691" />
<cycle-start id="222" type="global mark phase" contextid="0" timestamp="2019-08-09T21:45:02.646" intervalms="86221.504" />
<gc-start id="223" type="global mark phase" contextid="222" timestamp="2019-08-09T21:45:02.646">
  <mem-info id="224" free="8388608" total="46137344" percent="18">
    <remembered-set count="7520" freebytes="1814400" totalbytes="1844480" percent="98" regionsoverflowed="0" regionsstable="0" regionsrebuilding="0"/>
  </mem-info>
</gc-start>
<gc-op id="225" type="mark increment" timems="10.466" contextid="222" timestamp="2019-08-09T21:45:02.656">
  <trace-info objectcount="450" scancount="0" scanbytes="0" />
</gc-op>
<gc-end id="226" type="global mark phase" contextid="222" durationms="10.589" usertimems="7.843" systemtimems="16.221" timestamp="2019-08-09T21:45:02.656" activeThreads="16">
  <mem-info id="227" free="8388608" total="46137344" percent="18">
    <remembered-set count="7520" freebytes="1814400" totalbytes="1844480" percent="98" regionsoverflowed="0" regionsstable="0" regionsrebuilding="0"/>
  </mem-info>
</gc-end>
<concurrent-start id="228" type="GMP work packet processing" contextid="222" timestamp="2019-08-09T21:45:02.656">
  <concurrent-mark-start scanTarget="18446744073709551615" />
</concurrent-start>
<exclusive-end id="229" timestamp="2019-08-09T21:45:02.656" durationms="15.553" />

<concurrent-end id="230" type="GMP work packet processing" contextid="222" timestamp="2019-08-09T21:45:02.663">
  <concurrent-mark-end bytesScanned="5291288" reasonForTermination="Completed all work in GC phase" />
</concurrent-end>

<exclusive-start id="231" timestamp="2019-08-09T21:45:07.710" intervalms="5068.790">
  <response-info timems="0.034" idlems="0.015" threads="2" lastid="000000000210F200" lastname="node-11" />
</exclusive-start>
<allocation-taxation id="232" taxation-threshold="8388608" timestamp="2019-08-09T21:45:07.710" intervalms="5064.485" />
<cycle-start id="233" type="partial gc" contextid="0" timestamp="2019-08-09T21:45:07.710" intervalms="10336.172" />
<gc-start id="234" type="partial gc" contextid="233" timestamp="2019-08-09T21:45:07.710">
  <mem-info id="235" free="0" total="46137344" percent="0">
    <mem type="eden" free="0" total="16777216" percent="0" />
    <remembered-set count="7520" freebytes="1814400" totalbytes="1844480" percent="98" regionsoverflowed="0" regionsstable="0" regionsrebuilding="0"/>
  </mem-info>
</gc-start>
<allocation-stats totalBytes="16767704" >
  <allocated-bytes non-tlh="0" tlh="16767704" arrayletleaf="0"/>
  <largest-consumer threadName="node-7" threadId="0000000002112D00" bytes="438208" />
</allocation-stats>
<gc-op id="236" type="mark" timems="11.458" contextid="233" timestamp="2019-08-09T21:45:07.723">
  <trace-info objectcount="22211" scancount="22176" scanbytes="630328" />
  <cardclean-info objects="1840" bytes="98116" />
  <remembered-set-cleared processed="3084" cleared="398" durationms="0.156" />
  <stringconstants candidates="3837" cleared="0"  />
  <warning details="Mark invoked due to insufficient free space for Copy-Forward" />
</gc-op>
<gc-op id="237" type="classunload" timems="0.003" contextid="233" timestamp="2019-08-09T21:45:07.723">
  <classunload-info classloadercandidates="6" classloadersunloaded="0" classesunloaded="0" anonymousclassesunloaded="0" quiescems="0.000" setupms="0.003" scanms="0.000" postms="0.000" />
</gc-op>
<gc-op id="238" type="sweep" timems="4.185" contextid="233" timestamp="2019-08-09T21:45:07.727" />
<gc-op id="239" type="compact" timems="6.056" contextid="233" timestamp="2019-08-09T21:45:07.733">
  <compact-info movecount="19779" movebytes="483576" />
  <remembered-set-cleared processed="6413" cleared="984" durationms="0.156" />
</gc-op>
<heap-resize id="240" type="expand" space="default" amount="6291456" count="1" timems="0.077" reason="insufficient free space following gc" timestamp="2019-08-09T21:45:07.734" />
<gc-end id="241" type="partial gc" contextid="233" durationms="23.683" usertimems="24.826" systemtimems="17.010" timestamp="2019-08-09T21:45:07.734" activeThreads="16">
  <mem-info id="242" free="20971520" total="52428800" percent="40">
    <mem type="eden" free="1851440" total="2097152" percent="88" />
    <remembered-set count="8512" freebytes="2061952" totalbytes="2096000" percent="98" regionsoverflowed="0" regionsstable="0" regionsrebuilding="0"/>
  </mem-info>
</gc-end>
<cycle-end id="243" type="partial gc" contextid="233" timestamp="2019-08-09T21:45:07.734" />
  <attribute name="elasticGC enabled" value="1" />
  <attribute name= "numThreadsSpecified" value="16" />
  <attribute name="heapSize specified" value="0" />
  <attribute name="Current GC Util" value="132" />
  <attribute name= "Current Time Running" value="120814" />
  <attribute name ="GC Interval" value="0" />
  <attribute name="Target GC Util Change" value ="80.000000" />
  <attribute name="Current GC Util Change" value="132.000000"/>
  <attribute name="Current Error" value="-114.000000" />
  <attribute name="Output H" value="46212896"/>
  <attribute name="Output I" value="1880"/>
  <attribute name="Output T" value="16"/>
  <attribute name= "Current Time Running" value="120814" />
  <attribute name="GC Util currently" value="132" />
  <attribute name="CPU Util currently" value="266871822456" />
<exclusive-end id="244" timestamp="2019-08-09T21:45:07.734" durationms="24.370" />

<exclusive-start id="245" timestamp="2019-08-09T21:45:11.843" intervalms="4133.054">
  <response-info timems="0.043" idlems="0.043" threads="0" lastid="000000000211A500" lastname="node-23" />
</exclusive-start>
<allocation-taxation id="246" taxation-threshold="10485760" timestamp="2019-08-09T21:45:11.843" intervalms="4133.042" />
<gc-start id="247" type="global mark phase" contextid="222" timestamp="2019-08-09T21:45:11.843">
  <mem-info id="248" free="10485760" total="52428800" percent="20">
    <remembered-set count="8032" freebytes="2063872" totalbytes="2096000" percent="98" regionsoverflowed="0" regionsstable="0" regionsrebuilding="0"/>
  </mem-info>
</gc-start>
<gc-op id="249" type="mark increment" timems="7.628" contextid="222" timestamp="2019-08-09T21:45:11.850">
  <trace-info objectcount="12089" scancount="12066" scanbytes="387704" />
  <cardclean-info objects="1740" bytes="96104" />
  <finalization candidates="13" enqueued="0" />
  <references type="soft" candidates="66" cleared="0" enqueued="0" dynamicThreshold="12" maxThreshold="32" />
  <references type="weak" candidates="143" cleared="0" enqueued="0" />
  <references type="phantom" candidates="57" cleared="0" enqueued="0" />
  <stringconstants candidates="3837" cleared="0"  />
</gc-op>
<gc-op id="250" type="classunload" timems="0.003" contextid="222" timestamp="2019-08-09T21:45:11.850">
  <classunload-info classloadercandidates="6" classloadersunloaded="0" classesunloaded="0" anonymousclassesunloaded="0" quiescems="0.000" setupms="0.002" scanms="0.000" postms="0.000" />
</gc-op>
<gc-end id="251" type="global mark phase" contextid="222" durationms="7.748" usertimems="4.535" systemtimems="10.248" timestamp="2019-08-09T21:45:11.850" activeThreads="16">
  <mem-info id="252" free="10485760" total="52428800" percent="20">
    <remembered-set count="8032" freebytes="2063872" totalbytes="2096000" percent="98" regionsoverflowed="0" regionsstable="0" regionsrebuilding="0"/>
  </mem-info>
</gc-end>
<cycle-end id="253" type="global mark phase" contextid="222" timestamp="2019-08-09T21:45:11.851" />
  <attribute name="elasticGC enabled" value="1" />
  <attribute name= "numThreadsSpecified" value="16" />
  <attribute name="heapSize specified" value="0" />
  <attribute name="Current GC Util" value="116" />
  <attribute name= "Current Time Running" value="124932" />
  <attribute name ="GC Interval" value="0" />
  <attribute name="Target GC Util Change" value ="80.000000" />
  <attribute name="Current GC Util Change" value="116.000000"/>
  <attribute name="Current Error" value="-182.000000" />
  <attribute name="Output H" value="52504272"/>
  <attribute name="Output I" value="1800"/>
  <attribute name="Output T" value="16"/>
  <attribute name= "Current Time Running" value="124932" />
  <attribute name="GC Util currently" value="116" />
  <attribute name="CPU Util currently" value="612701752265" />
<exclusive-end id="254" timestamp="2019-08-09T21:45:11.851" durationms="8.054" />

<exclusive-start id="255" timestamp="2019-08-09T21:45:16.628" intervalms="4784.924">
  <response-info timems="0.085" idlems="0.085" threads="0" lastid="00000000020CF700" lastname="node-14" />
</exclusive-start>
<allocation-taxation id="256" taxation-threshold="10485760" timestamp="2019-08-09T21:45:16.628" intervalms="4784.945" />
<cycle-start id="257" type="partial gc" contextid="0" timestamp="2019-08-09T21:45:16.628" intervalms="8918.152" />
<gc-start id="258" type="partial gc" contextid="257" timestamp="2019-08-09T21:45:16.630">
  <mem-info id="259" free="0" total="52428800" percent="0">
    <mem type="eden" free="0" total="20971520" percent="0" />
    <remembered-set count="8032" freebytes="2063872" totalbytes="2096000" percent="98" regionsoverflowed="0" regionsstable="0" regionsrebuilding="0"/>
  </mem-info>
</gc-start>
<allocation-stats totalBytes="20964432" >
  <allocated-bytes non-tlh="0" tlh="20964432" arrayletleaf="0"/>
  <largest-consumer threadName="node-9" threadId="0000000002121D00" bytes="552920" />
</allocation-stats>
<gc-op id="260" type="sweep" timems="2.475" contextid="257" timestamp="2019-08-09T21:45:16.632" />
<gc-op id="261" type="copy forward" timems="10.635" contextid="257" timestamp="2019-08-09T21:45:16.644">
  <memory-copied type="eden" objects="7446" bytes="180472" bytesdiscarded="17436" />
  <memory-copied type="other" objects="11947" bytes="286728" bytesdiscarded="8036" />
  <memory-cardclean objects="1795" bytes="196040" />
  <regions eden="5" other="6" />
  <remembered-set-cleared processed="3147" cleared="1241" durationms="0.210" />
  <stringconstants candidates="3837" cleared="0"  />
</gc-op>
<gc-op id="262" type="classunload" timems="0.003" contextid="257" timestamp="2019-08-09T21:45:16.644">
  <classunload-info classloadercandidates="6" classloadersunloaded="0" classesunloaded="0" anonymousclassesunloaded="0" quiescems="0.000" setupms="0.003" scanms="0.000" postms="0.000" />
</gc-op>
<gc-end id="263" type="partial gc" contextid="257" durationms="14.685" usertimems="7.169" systemtimems="22.058" timestamp="2019-08-09T21:45:16.644" activeThreads="16">
  <mem-info id="264" free="35651584" total="52428800" percent="68">
    <mem type="eden" free="1723520" total="2097152" percent="82" />
    <remembered-set count="8032" freebytes="2063872" totalbytes="2096000" percent="98" regionsoverflowed="0" regionsstable="0" regionsrebuilding="0"/>
  </mem-info>
</gc-end>
<cycle-end id="265" type="partial gc" contextid="257" timestamp="2019-08-09T21:45:16.645" />
  <attribute name="elasticGC enabled" value="1" />
  <attribute name= "numThreadsSpecified" value="16" />
  <attribute name="heapSize specified" value="0" />
  <attribute name="Current GC Util" value="124" />
  <attribute name= "Current Time Running" value="129720" />
  <attribute name ="GC Interval" value="0" />
  <attribute name="Target GC Util Change" value ="80.000000" />
  <attribute name="Current GC Util Change" value="124.000000"/>
  <attribute name="Current Error" value="10.000000" />
  <attribute name="Output H" value="52504496"/>
  <attribute name="Output I" value="2024"/>
  <attribute name="Output T" value="16"/>
  <attribute name= "Current Time Running" value="129720" />
  <attribute name="GC Util currently" value="124" />
  <attribute name="CPU Util currently" value="1295619765093" />
<exclusive-end id="266" timestamp="2019-08-09T21:45:16.645" durationms="17.202" />

<exclusive-start id="267" timestamp="2019-08-09T21:45:25.220" intervalms="8592.975">
  <response-info timems="0.024" idlems="0.024" threads="0" lastid="000000000210F200" lastname="node-11" />
</exclusive-start>
<allocation-taxation id="268" taxation-threshold="20971520" timestamp="2019-08-09T21:45:25.221" intervalms="8593.011" />
<cycle-start id="269" type="partial gc" contextid="0" timestamp="2019-08-09T21:45:25.221" intervalms="8592.984" />
<gc-start id="270" type="partial gc" contextid="269" timestamp="2019-08-09T21:45:25.221">
  <mem-info id="271" free="14680064" total="52428800" percent="28">
    <mem type="eden" free="0" total="20971520" percent="0" />
    <remembered-set count="7552" freebytes="2065792" totalbytes="2096000" percent="98" regionsoverflowed="0" regionsstable="0" regionsrebuilding="0"/>
  </mem-info>
</gc-start>
<allocation-stats totalBytes="20955672" >
  <allocated-bytes non-tlh="0" tlh="20955672" arrayletleaf="0"/>
  <largest-consumer threadName="node-7" threadId="0000000002112D00" bytes="1011432" />
</allocation-stats>
<gc-op id="272" type="copy forward" timems="11.576" contextid="269" timestamp="2019-08-09T21:45:25.235">
  <memory-copied type="eden" objects="13910" bytes="332920" bytesdiscarded="24392" />
  <memory-copied type="other" objects="42383" bytes="2132576" bytesdiscarded="244472" />
  <memory-cardclean objects="5765" bytes="297288" />
  <regions eden="10" other="3" />
  <remembered-set-cleared processed="1789" cleared="819" durationms="0.206" />
  <stringconstants candidates="3837" cleared="0"  />
</gc-op>
<gc-op id="273" type="classunload" timems="0.003" contextid="269" timestamp="2019-08-09T21:45:25.235">
  <classunload-info classloadercandidates="6" classloadersunloaded="0" classesunloaded="0" anonymousclassesunloaded="0" quiescems="0.000" setupms="0.003" scanms="0.000" postms="0.000" />
</gc-op>
<heap-resize id="274" type="contract" space="default" amount="4194304" count="1" timems="0.304" reason="excess free space following gc" timestamp="2019-08-09T21:45:25.235" />
<gc-end id="275" type="partial gc" contextid="269" durationms="13.959" usertimems="29.782" systemtimems="3.456" timestamp="2019-08-09T21:45:25.235" activeThreads="16">
  <mem-info id="276" free="31457280" total="48234496" percent="65">
    <mem type="eden" free="1739840" total="2097152" percent="82" />
    <remembered-set count="8576" freebytes="2061696" totalbytes="2096000" percent="98" regionsoverflowed="0" regionsstable="0" regionsrebuilding="0"/>
  </mem-info>
</gc-end>
<cycle-end id="277" type="partial gc" contextid="269" timestamp="2019-08-09T21:45:25.235" />
  <attribute name="elasticGC enabled" value="1" />
  <attribute name= "numThreadsSpecified" value="16" />
  <attribute name="heapSize specified" value="0" />
  <attribute name="Current GC Util" value="61" />
  <attribute name= "Current Time Running" value="138309" />
  <attribute name ="GC Interval" value="0" />
  <attribute name="Target GC Util Change" value ="80.000000" />
  <attribute name="Current GC Util Change" value="61.000000"/>
  <attribute name="Current Error" value="109.000000" />
  <attribute name="Output H" value="52504608"/>
  <attribute name="Output I" value="2136"/>
  <attribute name="Output T" value="16"/>
  <attribute name= "Current Time Running" value="138309" />
  <attribute name="GC Util currently" value="61" />
  <attribute name="CPU Util currently" value="724868973799" />
<exclusive-end id="278" timestamp="2019-08-09T21:45:25.235" durationms="14.757" />

===== DaCapo 9.12-MR1 avrora PASSED in 145036 msec =====
<exclusive-start id="279" timestamp="2019-08-09T21:45:32.464" intervalms="7243.749">
  <response-info timems="0.046" idlems="0.046" threads="0" lastid="0000000001DE8F00" lastname="main" />
</exclusive-start>
<allocation-taxation id="280" taxation-threshold="18874368" timestamp="2019-08-09T21:45:32.464" intervalms="7243.681" />
<cycle-start id="281" type="partial gc" contextid="0" timestamp="2019-08-09T21:45:32.464" intervalms="7243.554" />
<gc-start id="282" type="partial gc" contextid="281" timestamp="2019-08-09T21:45:32.465">
  <mem-info id="283" free="12582912" total="48234496" percent="26">
    <mem type="eden" free="0" total="18874368" percent="0" />
    <remembered-set count="8096" freebytes="2063616" totalbytes="2096000" percent="98" regionsoverflowed="0" regionsstable="0" regionsrebuilding="0"/>
  </mem-info>
</gc-start>
<allocation-stats totalBytes="18845848" >
  <allocated-bytes non-tlh="60576" tlh="18785272" arrayletleaf="0"/>
  <largest-consumer threadName="main" threadId="0000000001DE8F00" bytes="3730424" />
</allocation-stats>
<gc-op id="284" type="copy forward" timems="13.356" contextid="281" timestamp="2019-08-09T21:45:32.480">
  <memory-copied type="eden" objects="11964" bytes="452256" bytesdiscarded="19400" />
  <memory-copied type="other" objects="13795" bytes="331080" bytesdiscarded="10936" />
  <memory-cardclean objects="2327" bytes="421632" />
  <regions eden="9" other="1" />
  <remembered-set-cleared processed="2468" cleared="404" durationms="0.099" />
  <finalization candidates="1" enqueued="1" />
  <references type="soft" candidates="2" cleared="0" enqueued="0" dynamicThreshold="20" maxThreshold="32" />
  <references type="weak" candidates="16" cleared="0" enqueued="0" />
  <references type="phantom" candidates="15" cleared="0" enqueued="0" />
  <stringconstants candidates="3849" cleared="0"  />
</gc-op>
<gc-op id="285" type="classunload" timems="0.004" contextid="281" timestamp="2019-08-09T21:45:32.480">
  <classunload-info classloadercandidates="6" classloadersunloaded="0" classesunloaded="0" anonymousclassesunloaded="0" quiescems="0.000" setupms="0.004" scanms="0.000" postms="0.000" />
</gc-op>
<gc-end id="286" type="partial gc" contextid="281" durationms="15.588" usertimems="10.944" systemtimems="15.668" timestamp="2019-08-09T21:45:32.480" activeThreads="8">
  <mem-info id="287" free="29360128" total="48234496" percent="60">
    <mem type="eden" free="1625344" total="2097152" percent="77" />
    <pending-finalizers system="1" default="0" reference="0" classloader="0" />
    <remembered-set count="6464" freebytes="1902464" totalbytes="1928320" percent="98" regionsoverflowed="0" regionsstable="0" regionsrebuilding="0"/>
  </mem-info>
</gc-end>
<cycle-end id="288" type="partial gc" contextid="281" timestamp="2019-08-09T21:45:32.481" />
  <attribute name="elasticGC enabled" value="1" />
  <attribute name= "numThreadsSpecified" value="8" />
  <attribute name="heapSize specified" value="0" />
  <attribute name="Current GC Util" value="98" />
  <attribute name= "Current Time Running" value="145552" />
  <attribute name ="GC Interval" value="0" />
  <attribute name="Target GC Util Change" value ="80.000000" />
  <attribute name="Current GC Util Change" value="98.000000"/>
  <attribute name="Current Error" value="-18.000000" />
  <attribute name="Output H" value="48310160"/>
  <attribute name="Output I" value="1992"/>
  <attribute name="Output T" value="8"/>
  <attribute name= "Current Time Running" value="145552" />
  <attribute name="GC Util currently" value="98" />
  <attribute name="CPU Util currently" value="1257405619420" />
<exclusive-end id="289" timestamp="2019-08-09T21:45:32.481" durationms="16.545" />

<exclusive-start id="290" timestamp="2019-08-09T21:45:32.771" intervalms="306.518">
  <response-info timems="0.022" idlems="0.022" threads="0" lastid="0000000001DE8F00" lastname="main" />
</exclusive-start>
<allocation-taxation id="291" taxation-threshold="8388608" timestamp="2019-08-09T21:45:32.771" intervalms="306.530" />
<cycle-start id="292" type="global mark phase" contextid="0" timestamp="2019-08-09T21:45:32.771" intervalms="30125.472" />
<gc-start id="293" type="global mark phase" contextid="292" timestamp="2019-08-09T21:45:32.771">
  <mem-info id="294" free="20971520" total="48234496" percent="43">
    <remembered-set count="6112" freebytes="1903872" totalbytes="1928320" percent="98" regionsoverflowed="0" regionsstable="0" regionsrebuilding="0"/>
  </mem-info>
</gc-start>
<gc-op id="295" type="mark increment" timems="6.193" contextid="292" timestamp="2019-08-09T21:45:32.777">
  <trace-info objectcount="158" scancount="0" scanbytes="0" />
</gc-op>
<gc-end id="296" type="global mark phase" contextid="292" durationms="6.245" usertimems="15.873" systemtimems="0.000" timestamp="2019-08-09T21:45:32.777" activeThreads="16">
  <mem-info id="297" free="20971520" total="48234496" percent="43">
    <remembered-set count="6112" freebytes="1903872" totalbytes="1928320" percent="98" regionsoverflowed="0" regionsstable="0" regionsrebuilding="0"/>
  </mem-info>
</gc-end>
<concurrent-start id="298" type="GMP work packet processing" contextid="292" timestamp="2019-08-09T21:45:32.777">
  <concurrent-mark-start scanTarget="20152452" />
</concurrent-start>
<exclusive-end id="299" timestamp="2019-08-09T21:45:32.778" durationms="6.805" />

<concurrent-end id="300" type="GMP work packet processing" contextid="292" timestamp="2019-08-09T21:45:32.781">
  <concurrent-mark-end bytesScanned="625384" reasonForTermination="Completed all work in GC phase" />
</concurrent-end>

WARNING: An illegal reflective access operation has occurred
WARNING: Illegal reflective access by com.google.common.base.internal.Finalizer (file:/./scratch/jar/guava-r07.jar) to field java.lang.Thread.inheritableThreadLocals
WARNING: Please consider reporting this to the maintainers of com.google.common.base.internal.Finalizer
WARNING: Use --illegal-access=warn to enable warnings of further illegal reflective access operations
WARNING: All illegal access operations will be denied in a future release
<exclusive-start id="301" timestamp="2019-08-09T21:45:34.250" intervalms="1479.600">
  <response-info timems="0.086" idlems="0.086" threads="0" lastid="0000000001DE8F00" lastname="main" />
</exclusive-start>
<allocation-taxation id="302" taxation-threshold="8388608" timestamp="2019-08-09T21:45:34.250" intervalms="1479.594" />
<cycle-start id="303" type="partial gc" contextid="0" timestamp="2019-08-09T21:45:34.250" intervalms="1786.095" />
<gc-start id="304" type="partial gc" contextid="303" timestamp="2019-08-09T21:45:34.251">
  <mem-info id="305" free="12582912" total="48234496" percent="26">
    <mem type="eden" free="8" total="16777216" percent="0" />
    <remembered-set count="6112" freebytes="1903872" totalbytes="1928320" percent="98" regionsoverflowed="0" regionsstable="0" regionsrebuilding="0"/>
  </mem-info>
</gc-start>
<allocation-stats totalBytes="16639648" >
  <allocated-bytes non-tlh="744352" tlh="15895296" arrayletleaf="0"/>
  <largest-consumer threadName="main" threadId="0000000001DE8F00" bytes="8380104" />
</allocation-stats>
<gc-op id="306" type="copy forward" timems="18.205" contextid="303" timestamp="2019-08-09T21:45:34.270">
  <memory-copied type="eden" objects="22918" bytes="1469104" bytesdiscarded="223552" />
  <memory-copied type="other" objects="11897" bytes="430560" bytesdiscarded="31960" />
  <memory-cardclean objects="1313" bytes="257568" />
  <regions eden="8" other="1" />
  <remembered-set-cleared processed="2614" cleared="344" durationms="0.085" />
  <finalization candidates="50" enqueued="1" />
  <ownableSynchronizers candidates="17" cleared="0" />
  <references type="soft" candidates="523" cleared="0" enqueued="0" dynamicThreshold="13" maxThreshold="32" />
  <references type="weak" candidates="1673" cleared="0" enqueued="0" />
  <references type="phantom" candidates="57" cleared="0" enqueued="0" />
  <stringconstants candidates="6188" cleared="0"  />
</gc-op>
<gc-op id="307" type="classunload" timems="0.005" contextid="303" timestamp="2019-08-09T21:45:34.270">
  <classunload-info classloadercandidates="11" classloadersunloaded="0" classesunloaded="0" anonymousclassesunloaded="0" quiescems="0.000" setupms="0.005" scanms="0.000" postms="0.000" />
</gc-op>
<gc-end id="308" type="partial gc" contextid="303" durationms="19.460" usertimems="38.629" systemtimems="0.000" timestamp="2019-08-09T21:45:34.270" activeThreads="16">
  <mem-info id="309" free="27262976" total="48234496" percent="56">
    <mem type="eden" free="402400" total="2097152" percent="19" />
    <pending-finalizers system="1" default="0" reference="0" classloader="0" />
    <remembered-set count="11456" freebytes="1882496" totalbytes="1928320" percent="97" regionsoverflowed="0" regionsstable="0" regionsrebuilding="0"/>
  </mem-info>
</gc-end>
<cycle-end id="310" type="partial gc" contextid="303" timestamp="2019-08-09T21:45:34.270" />
  <attribute name="elasticGC enabled" value="1" />
  <attribute name= "numThreadsSpecified" value="16" />
  <attribute name="heapSize specified" value="0" />
  <attribute name="Current GC Util" value="108" />
  <attribute name= "Current Time Running" value="147338" />
  <attribute name ="GC Interval" value="0" />
  <attribute name="Target GC Util Change" value ="80.000000" />
  <attribute name="Current GC Util Change" value="108.000000"/>
  <attribute name="Current Error" value="-28.000000" />
  <attribute name="Output H" value="48310144"/>
  <attribute name="Output I" value="1976"/>
  <attribute name="Output T" value="16"/>
  <attribute name= "Current Time Running" value="147338" />
  <attribute name="GC Util currently" value="108" />
  <attribute name="CPU Util currently" value="1966221492303" />
<exclusive-end id="311" timestamp="2019-08-09T21:45:34.271" durationms="20.194" />

<exclusive-start id="312" timestamp="2019-08-09T21:45:34.498" intervalms="247.969">
  <response-info timems="0.063" idlems="0.063" threads="0" lastid="0000000001DE8F00" lastname="main" />
</exclusive-start>
<allocation-taxation id="313" taxation-threshold="8388608" timestamp="2019-08-09T21:45:34.498" intervalms="247.987" />
<gc-start id="314" type="global mark phase" contextid="292" timestamp="2019-08-09T21:45:34.498">
  <mem-info id="315" free="18874368" total="48234496" percent="39">
    <remembered-set count="11136" freebytes="1883776" totalbytes="1928320" percent="97" regionsoverflowed="0" regionsstable="0" regionsrebuilding="0"/>
  </mem-info>
</gc-start>
<gc-op id="316" type="mark increment" timems="10.238" contextid="292" timestamp="2019-08-09T21:45:34.509">
  <trace-info objectcount="37098" scancount="30413" scanbytes="1042532" />
  <cardclean-info objects="2259" bytes="109556" />
  <finalization candidates="80" enqueued="0" />
  <ownableSynchronizers candidates="21" cleared="0" />
  <references type="soft" candidates="963" cleared="0" enqueued="0" dynamicThreshold="18" maxThreshold="32" />
  <references type="weak" candidates="3636" cleared="693" enqueued="532" />
  <references type="phantom" candidates="120" cleared="22" enqueued="22" />
  <stringconstants candidates="7612" cleared="0"  />
</gc-op>
<gc-op id="317" type="classunload" timems="0.007" contextid="292" timestamp="2019-08-09T21:45:34.509">
  <classunload-info classloadercandidates="12" classloadersunloaded="0" classesunloaded="0" anonymousclassesunloaded="0" quiescems="0.000" setupms="0.007" scanms="0.000" postms="0.000" />
</gc-op>
<gc-end id="318" type="global mark phase" contextid="292" durationms="10.587" usertimems="18.950" systemtimems="0.000" timestamp="2019-08-09T21:45:34.509" activeThreads="16">
  <mem-info id="319" free="18874368" total="48234496" percent="39">
    <pending-finalizers system="0" default="0" reference="554" classloader="0" />
    <remembered-set count="11136" freebytes="1883776" totalbytes="1928320" percent="97" regionsoverflowed="0" regionsstable="0" regionsrebuilding="0"/>
  </mem-info>
</gc-end>
<cycle-end id="320" type="global mark phase" contextid="292" timestamp="2019-08-09T21:45:34.509" />
  <attribute name="elasticGC enabled" value="1" />
  <attribute name= "numThreadsSpecified" value="16" />
  <attribute name="heapSize specified" value="0" />
  <attribute name="Current GC Util" value="75" />
  <attribute name= "Current Time Running" value="147590" />
  <attribute name ="GC Interval" value="0" />
  <attribute name="Target GC Util Change" value ="80.000000" />
  <attribute name="Current GC Util Change" value="75.000000"/>
  <attribute name="Current Error" value="-53.000000" />
  <attribute name="Output H" value="48310120"/>
  <attribute name="Output I" value="1952"/>
  <attribute name="Output T" value="16"/>
  <attribute name= "Current Time Running" value="147590" />
  <attribute name="GC Util currently" value="75" />
  <attribute name="CPU Util currently" value="298972842678" />
<exclusive-end id="321" timestamp="2019-08-09T21:45:34.509" durationms="10.974" />

<exclusive-start id="322" timestamp="2019-08-09T21:45:34.709" intervalms="210.525">
  <response-info timems="0.081" idlems="0.081" threads="0" lastid="0000000001DE8F00" lastname="main" />
</exclusive-start>
<allocation-taxation id="323" taxation-threshold="8388608" timestamp="2019-08-09T21:45:34.709" intervalms="211.079" />
<cycle-start id="324" type="partial gc" contextid="0" timestamp="2019-08-09T21:45:34.710" intervalms="459.086" />
<gc-start id="325" type="partial gc" contextid="324" timestamp="2019-08-09T21:45:34.710">
  <mem-info id="326" free="10485760" total="48234496" percent="21">
    <mem type="eden" free="0" total="16777216" percent="0" />
    <remembered-set count="11136" freebytes="1883776" totalbytes="1928320" percent="97" regionsoverflowed="0" regionsstable="0" regionsrebuilding="0"/>
  </mem-info>
</gc-start>
<allocation-stats totalBytes="16685296" >
  <allocated-bytes non-tlh="1691552" tlh="14993744" arrayletleaf="0"/>
  <largest-consumer threadName="main" threadId="0000000001DE8F00" bytes="8368600" />
</allocation-stats>
<gc-op id="327" type="sweep" timems="1.300" contextid="324" timestamp="2019-08-09T21:45:34.711" />
<gc-op id="328" type="copy forward" timems="15.328" contextid="324" timestamp="2019-08-09T21:45:34.727">
  <memory-copied type="eden" objects="11246" bytes="1030808" bytesdiscarded="88276" />
  <memory-copied type="other" objects="36289" bytes="2344944" bytesdiscarded="248620" />
  <memory-cardclean objects="777" bytes="46952" />
  <regions eden="4" other="5" />
  <remembered-set-cleared processed="3897" cleared="1559" durationms="0.080" />
  <finalization candidates="67" enqueued="0" />
  <ownableSynchronizers candidates="21" cleared="0" />
  <references type="soft" candidates="959" cleared="0" enqueued="0" dynamicThreshold="12" maxThreshold="32" />
  <references type="weak" candidates="3220" cleared="0" enqueued="0" />
  <references type="phantom" candidates="45" cleared="0" enqueued="0" />
  <stringconstants candidates="8625" cleared="0"  />
</gc-op>
<gc-op id="329" type="classunload" timems="0.007" contextid="324" timestamp="2019-08-09T21:45:34.727">
  <classunload-info classloadercandidates="12" classloadersunloaded="0" classesunloaded="0" anonymousclassesunloaded="0" quiescems="0.000" setupms="0.006" scanms="0.000" postms="0.000" />
</gc-op>
<heap-resize id="330" type="contract" space="default" amount="4194304" count="1" timems="0.205" reason="insufficient time being spent in gc" timestamp="2019-08-09T21:45:34.728" />
<gc-end id="331" type="partial gc" contextid="324" durationms="17.946" usertimems="39.199" systemtimems="0.000" timestamp="2019-08-09T21:45:34.728" activeThreads="16">
  <mem-info id="332" free="25165824" total="44040192" percent="57">
    <mem type="eden" free="2046808" total="4194304" percent="48" />
    <remembered-set count="11904" freebytes="1880704" totalbytes="1928320" percent="97" regionsoverflowed="0" regionsstable="0" regionsrebuilding="0"/>
  </mem-info>
</gc-end>
<cycle-end id="333" type="partial gc" contextid="324" timestamp="2019-08-09T21:45:34.728" />
  <attribute name="elasticGC enabled" value="1" />
  <attribute name= "numThreadsSpecified" value="16" />
  <attribute name="heapSize specified" value="0" />
  <attribute name="Current GC Util" value="0" />
  <attribute name= "Current Time Running" value="147798" />
  <attribute name ="GC Interval" value="0" />
  <attribute name="Target GC Util Change" value ="80.000000" />
  <attribute name="Current GC Util Change" value="0.000000"/>
  <attribute name="Current Error" value="80.000000" />
  <attribute name="Output H" value="48310272"/>
  <attribute name="Output I" value="2104"/>
  <attribute name="Output T" value="16"/>
  <attribute name= "Current Time Running" value="147798" />
  <attribute name="GC Util currently" value="0" />
  <attribute name="CPU Util currently" value="3393380834320" />
<exclusive-end id="334" timestamp="2019-08-09T21:45:34.728" durationms="19.161" />

<exclusive-start id="335" timestamp="2019-08-09T21:45:35.030" intervalms="321.371">
  <response-info timems="0.046" idlems="0.046" threads="0" lastid="0000000001DE8F00" lastname="main" />
</exclusive-start>
<allocation-taxation id="336" taxation-threshold="18874368" timestamp="2019-08-09T21:45:35.030" intervalms="320.799" />
<cycle-start id="337" type="partial gc" contextid="0" timestamp="2019-08-09T21:45:35.030" intervalms="320.803" />
<gc-start id="338" type="partial gc" contextid="337" timestamp="2019-08-09T21:45:35.031">
  <mem-info id="339" free="6291456" total="44040192" percent="14">
    <mem type="eden" free="0" total="18874368" percent="0" />
    <remembered-set count="11488" freebytes="1882368" totalbytes="1928320" percent="97" regionsoverflowed="0" regionsstable="0" regionsrebuilding="0"/>
  </mem-info>
</gc-start>
<allocation-stats totalBytes="18868784" >
  <allocated-bytes non-tlh="367640" tlh="18501144" arrayletleaf="0"/>
  <largest-consumer threadName="main" threadId="0000000001DE8F00" bytes="18868784" />
</allocation-stats>
<gc-op id="340" type="copy forward" timems="17.620" contextid="337" timestamp="2019-08-09T21:45:35.050">
  <memory-copied type="eden" objects="17053" bytes="1068288" bytesdiscarded="184328" />
  <memory-copied type="other" objects="25617" bytes="1698072" bytesdiscarded="156120" />
  <memory-cardclean objects="3221" bytes="163456" />
  <regions eden="9" other="4" />
  <remembered-set-cleared processed="2718" cleared="1824" durationms="0.096" />
  <finalization candidates="18" enqueued="0" />
  <ownableSynchronizers candidates="4" cleared="0" />
  <references type="soft" candidates="511" cleared="0" enqueued="0" dynamicThreshold="18" maxThreshold="32" />
  <references type="weak" candidates="2699" cleared="0" enqueued="0" />
  <references type="phantom" candidates="8" cleared="0" enqueued="0" />
  <stringconstants candidates="9253" cleared="0"  />
</gc-op>
<gc-op id="341" type="classunload" timems="0.008" contextid="337" timestamp="2019-08-09T21:45:35.050">
  <classunload-info classloadercandidates="13" classloadersunloaded="0" classesunloaded="0" anonymousclassesunloaded="0" quiescems="0.000" setupms="0.008" scanms="0.000" postms="0.000" />
</gc-op>
<gc-end id="342" type="partial gc" contextid="337" durationms="19.707" usertimems="42.864" systemtimems="0.000" timestamp="2019-08-09T21:45:35.050" activeThreads="16">
  <mem-info id="343" free="27262976" total="44040192" percent="61">
    <mem type="eden" free="843976" total="2097152" percent="40" />
    <remembered-set count="10784" freebytes="1717504" totalbytes="1760640" percent="97" regionsoverflowed="0" regionsstable="0" regionsrebuilding="0"/>
  </mem-info>
</gc-end>
<cycle-end id="344" type="partial gc" contextid="337" timestamp="2019-08-09T21:45:35.050" />
  <attribute name="elasticGC enabled" value="1" />
  <attribute name= "numThreadsSpecified" value="16" />
  <attribute name="heapSize specified" value="0" />
  <attribute name="Current GC Util" value="164" />
  <attribute name= "Current Time Running" value="148119" />
  <attribute name ="GC Interval" value="0" />
  <attribute name="Target GC Util Change" value ="80.000000" />
  <attribute name="Current GC Util Change" value="164.000000"/>
  <attribute name="Current Error" value="65.000000" />
  <attribute name="Output H" value="44115952"/>
  <attribute name="Output I" value="2088"/>
  <attribute name="Output T" value="16"/>
  <attribute name= "Current Time Running" value="148119" />
  <attribute name="GC Util currently" value="164" />
  <attribute name="CPU Util currently" value="745758331002" />
<exclusive-end id="345" timestamp="2019-08-09T21:45:35.051" durationms="20.343" />

<exclusive-start id="346" timestamp="2019-08-09T21:45:35.186" intervalms="155.691">
  <response-info timems="0.171" idlems="0.171" threads="0" lastid="0000000001DE8F00" lastname="main" />
</exclusive-start>
<allocation-taxation id="347" taxation-threshold="8388608" timestamp="2019-08-09T21:45:35.186" intervalms="155.712" />
<cycle-start id="348" type="global mark phase" contextid="0" timestamp="2019-08-09T21:45:35.186" intervalms="2415.066" />
<gc-start id="349" type="global mark phase" contextid="348" timestamp="2019-08-09T21:45:35.186">
  <mem-info id="350" free="18874368" total="44040192" percent="42">
    <remembered-set count="10528" freebytes="1718528" totalbytes="1760640" percent="97" regionsoverflowed="0" regionsstable="0" regionsrebuilding="0"/>
  </mem-info>
</gc-start>
<gc-op id="351" type="mark increment" timems="6.032" contextid="348" timestamp="2019-08-09T21:45:35.192">
  <trace-info objectcount="284" scancount="0" scanbytes="0" />
</gc-op>
<gc-end id="352" type="global mark phase" contextid="348" durationms="6.071" usertimems="12.590" systemtimems="0.000" timestamp="2019-08-09T21:45:35.192" activeThreads="16">
  <mem-info id="353" free="18874368" total="44040192" percent="42">
    <remembered-set count="10528" freebytes="1718528" totalbytes="1760640" percent="97" regionsoverflowed="0" regionsstable="0" regionsrebuilding="0"/>
  </mem-info>
</gc-end>
<concurrent-start id="354" type="GMP work packet processing" contextid="348" timestamp="2019-08-09T21:45:35.192">
  <concurrent-mark-start scanTarget="18186473" />
</concurrent-start>
<exclusive-end id="355" timestamp="2019-08-09T21:45:35.193" durationms="6.727" />

<concurrent-end id="356" type="GMP work packet processing" contextid="348" timestamp="2019-08-09T21:45:35.198">
  <concurrent-mark-end bytesScanned="2274192" reasonForTermination="Completed all work in GC phase" />
</concurrent-end>

<exclusive-start id="357" timestamp="2019-08-09T21:45:35.246" intervalms="60.338">
  <response-info timems="0.063" idlems="0.063" threads="0" lastid="0000000001DE8F00" lastname="main" />
</exclusive-start>
<allocation-taxation id="358" taxation-threshold="8388608" timestamp="2019-08-09T21:45:35.246" intervalms="60.324" />
<cycle-start id="359" type="partial gc" contextid="0" timestamp="2019-08-09T21:45:35.247" intervalms="216.504" />
<gc-start id="360" type="partial gc" contextid="359" timestamp="2019-08-09T21:45:35.247">
  <mem-info id="361" free="10485760" total="44040192" percent="23">
    <mem type="eden" free="0" total="16777216" percent="0" />
    <remembered-set count="10528" freebytes="1718528" totalbytes="1760640" percent="97" regionsoverflowed="0" regionsstable="0" regionsrebuilding="0"/>
  </mem-info>
</gc-start>
<allocation-stats totalBytes="16773584" >
  <allocated-bytes non-tlh="471720" tlh="16301864" arrayletleaf="0"/>
  <largest-consumer threadName="main" threadId="0000000001DE8F00" bytes="8386816" />
</allocation-stats>
<gc-op id="362" type="copy forward" timems="18.645" contextid="359" timestamp="2019-08-09T21:45:35.267">
  <memory-copied type="eden" objects="7295" bytes="526368" bytesdiscarded="65256" />
  <memory-copied type="other" objects="4397" bytes="189336" bytesdiscarded="39752" />
  <memory-cardclean objects="862" bytes="62088" />
  <regions eden="8" other="1" />
  <remembered-set-cleared processed="6106" cleared="1957" durationms="0.235" />
  <references type="soft" candidates="298" cleared="0" enqueued="0" dynamicThreshold="13" maxThreshold="32" />
  <references type="weak" candidates="963" cleared="0" enqueued="0" />
  <references type="phantom" candidates="1" cleared="0" enqueued="0" />
  <stringconstants candidates="9811" cleared="0"  />
</gc-op>
<gc-op id="363" type="classunload" timems="0.010" contextid="359" timestamp="2019-08-09T21:45:35.267">
  <classunload-info classloadercandidates="16" classloadersunloaded="0" classesunloaded="0" anonymousclassesunloaded="0" quiescems="0.000" setupms="0.010" scanms="0.000" postms="0.000" />
</gc-op>
<gc-end id="364" type="partial gc" contextid="359" durationms="19.967" usertimems="43.097" systemtimems="0.000" timestamp="2019-08-09T21:45:35.267" activeThreads="16">
  <mem-info id="365" free="25165824" total="44040192" percent="57">
    <mem type="eden" free="1505208" total="2097152" percent="71" />
    <remembered-set count="11616" freebytes="1714176" totalbytes="1760640" percent="97" regionsoverflowed="0" regionsstable="0" regionsrebuilding="0"/>
  </mem-info>
</gc-end>
<cycle-end id="366" type="partial gc" contextid="359" timestamp="2019-08-09T21:45:35.267" />
  <attribute name="elasticGC enabled" value="1" />
  <attribute name= "numThreadsSpecified" value="16" />
  <attribute name="heapSize specified" value="0" />
  <attribute name="Current GC Util" value="120" />
  <attribute name= "Current Time Running" value="148335" />
  <attribute name ="GC Interval" value="0" />
  <attribute name="Target GC Util Change" value ="80.000000" />
  <attribute name="Current GC Util Change" value="120.000000"/>
  <attribute name="Current Error" value="20.000000" />
  <attribute name="Output H" value="44115896"/>
  <attribute name="Output I" value="2032"/>
  <attribute name="Output T" value="16"/>
  <attribute name= "Current Time Running" value="148335" />
  <attribute name="GC Util currently" value="120" />
  <attribute name="CPU Util currently" value="1476624074537" />
<exclusive-end id="367" timestamp="2019-08-09T21:45:35.267" durationms="21.165" />

<exclusive-start id="368" timestamp="2019-08-09T21:45:35.323" intervalms="76.442">
  <response-info timems="0.007" idlems="0.007" threads="0" lastid="0000000001DE8F00" lastname="main" />
</exclusive-start>
<sys-start reason="explicit" id="369" timestamp="2019-08-09T21:45:35.323" intervalms="148230.328" />
<cycle-continue id="370" oldtype="global mark phase" newtype="global garbage collect" contextid="348" timestamp="2019-08-09T21:45:35.323" />
  <attribute name="elasticGC enabled" value="1" />
  <attribute name= "numThreadsSpecified" value="16" />
  <attribute name="heapSize specified" value="0" />
  <attribute name="Current GC Util" value="120" />
  <attribute name= "Current Time Running" value="148335" />
  <attribute name ="GC Interval" value="0" />
  <attribute name="Target GC Util Change" value ="80.000000" />
  <attribute name="Current GC Util Change" value="120.000000"/>
  <attribute name="Current Error" value="20.000000" />
  <attribute name="Output H" value="44115896"/>
  <attribute name="Output I" value="2032"/>
  <attribute name="Output T" value="16"/>
  <attribute name= "Current Time Running" value="148335" />
  <attribute name="GC Util currently" value="120" />
  <attribute name="CPU Util currently" value="1476624074537" />
<gc-start id="371" type="global garbage collect" contextid="348" timestamp="2019-08-09T21:45:35.323">
  <mem-info id="372" free="22339272" total="44040192" percent="50">
    <mem type="eden" free="1367752" total="4194304" percent="32" />
    <remembered-set count="11616" freebytes="1714176" totalbytes="1760640" percent="97" regionsoverflowed="0" regionsstable="0" regionsrebuilding="0"/>
  </mem-info>
</gc-start>
<allocation-stats totalBytes="2824712" >
  <allocated-bytes non-tlh="220688" tlh="2604024" arrayletleaf="0"/>
  <largest-consumer threadName="main" threadId="0000000001DE8F00" bytes="2824712" />
</allocation-stats>
<gc-op id="373" type="global mark" timems="10.449" contextid="348" timestamp="2019-08-09T21:45:35.334">
  <trace-info objectcount="5911" scancount="5462" scanbytes="190288" />
  <cardclean-info objects="2034" bytes="107092" />
  <finalization candidates="80" enqueued="0" />
  <ownableSynchronizers candidates="21" cleared="0" />
  <references type="soft" candidates="1644" cleared="0" enqueued="0" dynamicThreshold="18" maxThreshold="32" />
  <references type="weak" candidates="4556" cleared="43" enqueued="40" />
  <references type="phantom" candidates="99" cleared="1" enqueued="1" />
  <stringconstants candidates="10077" cleared="3"  />
</gc-op>
<gc-op id="374" type="classunload" timems="0.573" contextid="348" timestamp="2019-08-09T21:45:35.334">
  <classunload-info classloadercandidates="18" classloadersunloaded="1" classesunloaded="1" anonymousclassesunloaded="0" quiescems="0.000" setupms="0.553" scanms="0.013" postms="0.007" />
</gc-op>
<gc-op id="375" type="sweep" timems="2.954" contextid="348" timestamp="2019-08-09T21:45:35.337" />
<gc-op id="376" type="compact" timems="13.442" contextid="348" timestamp="2019-08-09T21:45:35.351">
  <compact-info movecount="80384" movebytes="4115952" />
  <remembered-set-cleared processed="11233" cleared="11233" durationms="0.099" />
</gc-op>
<gc-end id="377" type="global garbage collect" contextid="348" durationms="28.055" usertimems="75.867" systemtimems="0.000" timestamp="2019-08-09T21:45:35.351" activeThreads="16">
  <mem-info id="378" free="23068672" total="44040192" percent="52">
    <pending-finalizers system="0" default="0" reference="41" classloader="0" />
    <remembered-set count="11264" freebytes="1715584" totalbytes="1760640" percent="97" regionsoverflowed="0" regionsstable="0" regionsrebuilding="0"/>
  </mem-info>
</gc-end>
<cycle-end id="379" type="global garbage collect" contextid="348" timestamp="2019-08-09T21:45:35.351" />
  <attribute name="elasticGC enabled" value="1" />
  <attribute name= "numThreadsSpecified" value="16" />
  <attribute name="heapSize specified" value="0" />
  <attribute name="Current GC Util" value="197" />
  <attribute name= "Current Time Running" value="148424" />
  <attribute name ="GC Interval" value="0" />
  <attribute name="Target GC Util Change" value ="80.000000" />
  <attribute name="Current GC Util Change" value="197.000000"/>
  <attribute name="Current Error" value="-117.000000" />
  <attribute name="Output H" value="44115744"/>
  <attribute name="Output I" value="1880"/>
  <attribute name="Output T" value="16"/>
  <attribute name= "Current Time Running" value="148424" />
  <attribute name="GC Util currently" value="197" />
  <attribute name="CPU Util currently" value="373386603452" />
<sys-end id="380" timestamp="2019-08-09T21:45:35.351" />
<exclusive-end id="381" timestamp="2019-08-09T21:45:35.351" durationms="28.659" />

===== DaCapo 9.12-MR1 jython starting =====
<exclusive-start id="382" timestamp="2019-08-09T21:45:35.583" intervalms="259.823">
  <response-info timems="0.025" idlems="0.025" threads="0" lastid="0000000001DE8F00" lastname="main" />
</exclusive-start>
<allocation-taxation id="383" taxation-threshold="18874368" timestamp="2019-08-09T21:45:35.583" intervalms="336.274" />
<cycle-start id="384" type="partial gc" contextid="0" timestamp="2019-08-09T21:45:35.583" intervalms="335.767" />
<gc-start id="385" type="partial gc" contextid="384" timestamp="2019-08-09T21:45:35.583">
  <mem-info id="386" free="4194304" total="44040192" percent="9">
    <mem type="eden" free="0" total="18874368" percent="0" />
    <remembered-set count="11264" freebytes="1715584" totalbytes="1760640" percent="97" regionsoverflowed="0" regionsstable="0" regionsrebuilding="0"/>
  </mem-info>
</gc-start>
<allocation-stats totalBytes="18871536" >
  <allocated-bytes non-tlh="868216" tlh="18003320" arrayletleaf="0"/>
  <largest-consumer threadName="main" threadId="0000000001DE8F00" bytes="18867440" />
</allocation-stats>
<gc-op id="387" type="copy forward" timems="15.734" contextid="384" timestamp="2019-08-09T21:45:35.600">
  <memory-copied type="eden" objects="17392" bytes="1291408" bytesdiscarded="162536" />
  <memory-copied type="other" objects="0" bytes="0" bytesdiscarded="0" />
  <memory-cardclean objects="973" bytes="47456" />
  <regions eden="9" other="0" />
  <remembered-set-cleared processed="6449" cleared="245" durationms="0.102" />
  <references type="soft" candidates="57" cleared="0" enqueued="0" dynamicThreshold="16" maxThreshold="32" />
  <references type="weak" candidates="121" cleared="0" enqueued="0" />
  <references type="phantom" candidates="5" cleared="0" enqueued="0" />
  <stringconstants candidates="12275" cleared="0"  />
</gc-op>
<gc-op id="388" type="classunload" timems="0.008" contextid="384" timestamp="2019-08-09T21:45:35.600">
  <classunload-info classloadercandidates="18" classloadersunloaded="0" classesunloaded="0" anonymousclassesunloaded="0" quiescems="0.000" setupms="0.008" scanms="0.000" postms="0.000" />
</gc-op>
<gc-end id="389" type="partial gc" contextid="384" durationms="17.724" usertimems="38.349" systemtimems="0.000" timestamp="2019-08-09T21:45:35.601" activeThreads="16">
  <mem-info id="390" free="20971520" total="44040192" percent="47">
    <mem type="eden" free="642920" total="2097152" percent="30" />
    <remembered-set count="13952" freebytes="1704832" totalbytes="1760640" percent="96" regionsoverflowed="0" regionsstable="0" regionsrebuilding="0"/>
  </mem-info>
</gc-end>
<cycle-end id="391" type="partial gc" contextid="384" timestamp="2019-08-09T21:45:35.601" />
  <attribute name="elasticGC enabled" value="1" />
  <attribute name= "numThreadsSpecified" value="16" />
  <attribute name="heapSize specified" value="0" />
  <attribute name="Current GC Util" value="129" />
  <attribute name= "Current Time Running" value="148671" />
  <attribute name ="GC Interval" value="0" />
  <attribute name="Target GC Util Change" value ="80.000000" />
  <attribute name="Current GC Util Change" value="129.000000"/>
  <attribute name="Current Error" value="-101.000000" />
  <attribute name="Output H" value="44115760"/>
  <attribute name="Output I" value="1896"/>
  <attribute name="Output T" value="16"/>
  <attribute name= "Current Time Running" value="148671" />
  <attribute name="GC Util currently" value="129" />
  <attribute name="CPU Util currently" value="814200897028" />
<exclusive-end id="392" timestamp="2019-08-09T21:45:35.601" durationms="18.293" />

<exclusive-start id="393" timestamp="2019-08-09T21:45:35.695" intervalms="112.253">
  <response-info timems="0.019" idlems="0.019" threads="0" lastid="0000000001DE8F00" lastname="main" />
</exclusive-start>
<allocation-taxation id="394" taxation-threshold="18874368" timestamp="2019-08-09T21:45:35.695" intervalms="112.260" />
<cycle-start id="395" type="partial gc" contextid="0" timestamp="2019-08-09T21:45:35.695" intervalms="112.265" />
<gc-start id="396" type="partial gc" contextid="395" timestamp="2019-08-09T21:45:35.695">
  <mem-info id="397" free="2097152" total="44040192" percent="4">
    <mem type="eden" free="0" total="18874368" percent="0" />
    <remembered-set count="13888" freebytes="1705088" totalbytes="1760640" percent="96" regionsoverflowed="0" regionsstable="0" regionsrebuilding="0"/>
  </mem-info>
</gc-start>
<allocation-stats totalBytes="18871096" >
  <allocated-bytes non-tlh="437336" tlh="18433760" arrayletleaf="0"/>
  <largest-consumer threadName="main" threadId="0000000001DE8F00" bytes="18871096" />
</allocation-stats>
<gc-op id="398" type="copy forward" timems="12.366" contextid="395" timestamp="2019-08-09T21:45:35.709">
  <memory-copied type="eden" objects="13151" bytes="916320" bytesdiscarded="145320" />
  <memory-copied type="other" objects="12310" bytes="740632" bytesdiscarded="62536" />
  <memory-cardclean objects="672" bytes="48960" />
  <regions eden="9" other="1" />
  <remembered-set-cleared processed="7265" cleared="1079" durationms="0.125" />
  <references type="soft" candidates="90" cleared="0" enqueued="0" dynamicThreshold="15" maxThreshold="32" />
  <references type="weak" candidates="181" cleared="0" enqueued="0" />
  <references type="phantom" candidates="5" cleared="0" enqueued="0" />
  <stringconstants candidates="12446" cleared="0"  />
  <heap-resize type="expand" space="default" amount="2097152" count="1" timems="0.050" reason="continue current collection" />
</gc-op>
<gc-op id="399" type="classunload" timems="0.011" contextid="395" timestamp="2019-08-09T21:45:35.709">
  <classunload-info classloadercandidates="20" classloadersunloaded="0" classesunloaded="0" anonymousclassesunloaded="0" quiescems="0.000" setupms="0.010" scanms="0.000" postms="0.000" />
</gc-op>
<gc-end id="400" type="partial gc" contextid="395" durationms="13.748" usertimems="36.317" systemtimems="0.000" timestamp="2019-08-09T21:45:35.709" activeThreads="16">
  <mem-info id="401" free="20971520" total="46137344" percent="45">
    <mem type="eden" free="1035400" total="2097152" percent="49" />
    <remembered-set count="14720" freebytes="1785600" totalbytes="1844480" percent="96" regionsoverflowed="0" regionsstable="0" regionsrebuilding="0"/>
  </mem-info>
</gc-end>
<cycle-end id="402" type="partial gc" contextid="395" timestamp="2019-08-09T21:45:35.709" />
  <attribute name="elasticGC enabled" value="1" />
  <attribute name= "numThreadsSpecified" value="16" />
  <attribute name="heapSize specified" value="0" />
  <attribute name="Current GC Util" value="238" />
  <attribute name= "Current Time Running" value="148783" />
  <attribute name ="GC Interval" value="0" />
  <attribute name="Target GC Util Change" value ="80.000000" />
  <attribute name="Current GC Util Change" value="238.000000"/>
  <attribute name="Current Error" value="-212.000000" />
  <attribute name="Output H" value="44115632"/>
  <attribute name="Output I" value="1768"/>
  <attribute name="Output T" value="16"/>
  <attribute name= "Current Time Running" value="148783" />
  <attribute name="GC Util currently" value="238" />
  <attribute name="CPU Util currently" value="1211941853479" />
<exclusive-end id="403" timestamp="2019-08-09T21:45:35.709" durationms="14.319" />

<exclusive-start id="404" timestamp="2019-08-09T21:45:35.830" intervalms="134.935">
  <response-info timems="0.127" idlems="0.127" threads="0" lastid="0000000001DE8F00" lastname="main" />
</exclusive-start>
<allocation-taxation id="405" taxation-threshold="18874368" timestamp="2019-08-09T21:45:35.830" intervalms="134.907" />
<cycle-start id="406" type="partial gc" contextid="0" timestamp="2019-08-09T21:45:35.830" intervalms="135.016" />
<gc-start id="407" type="partial gc" contextid="406" timestamp="2019-08-09T21:45:35.830">
  <mem-info id="408" free="2097152" total="46137344" percent="4">
    <mem type="eden" free="0" total="18874368" percent="0" />
    <remembered-set count="14272" freebytes="1787392" totalbytes="1844480" percent="96" regionsoverflowed="0" regionsstable="0" regionsrebuilding="0"/>
  </mem-info>
</gc-start>
<allocation-stats totalBytes="18870808" >
  <allocated-bytes non-tlh="482616" tlh="18388192" arrayletleaf="0"/>
  <largest-consumer threadName="main" threadId="0000000001DE8F00" bytes="18870808" />
</allocation-stats>
<gc-op id="409" type="copy forward" timems="16.083" contextid="406" timestamp="2019-08-09T21:45:35.848">
  <memory-copied type="eden" objects="13119" bytes="930216" bytesdiscarded="98920" />
  <memory-copied type="other" objects="1309" bytes="73120" bytesdiscarded="15384" />
  <memory-cardclean objects="444" bytes="33928" />
  <regions eden="9" other="1" />
  <remembered-set-cleared processed="8175" cleared="1434" durationms="0.504" />
  <references type="soft" candidates="44" cleared="0" enqueued="0" dynamicThreshold="14" maxThreshold="32" />
  <references type="weak" candidates="269" cleared="0" enqueued="0" />
  <references type="phantom" candidates="1" cleared="0" enqueued="0" />
  <stringconstants candidates="12696" cleared="0"  />
  <heap-resize type="expand" space="default" amount="2097152" count="1" timems="0.063" reason="continue current collection" />
</gc-op>
<gc-op id="410" type="classunload" timems="0.007" contextid="406" timestamp="2019-08-09T21:45:35.848">
  <classunload-info classloadercandidates="22" classloadersunloaded="0" classesunloaded="0" anonymousclassesunloaded="0" quiescems="0.000" setupms="0.007" scanms="0.000" postms="0.000" />
</gc-op>
<gc-end id="411" type="partial gc" contextid="406" durationms="17.935" usertimems="36.578" systemtimems="0.000" timestamp="2019-08-09T21:45:35.848" activeThreads="16">
  <mem-info id="412" free="20971520" total="48234496" percent="43">
    <mem type="eden" free="1067880" total="2097152" percent="50" />
    <remembered-set count="15008" freebytes="1868288" totalbytes="1928320" percent="96" regionsoverflowed="0" regionsstable="0" regionsrebuilding="0"/>
  </mem-info>
</gc-end>
<cycle-end id="413" type="partial gc" contextid="406" timestamp="2019-08-09T21:45:35.848" />
  <attribute name="elasticGC enabled" value="1" />
  <attribute name= "numThreadsSpecified" value="16" />
  <attribute name="heapSize specified" value="0" />
  <attribute name="Current GC Util" value="89" />
  <attribute name= "Current Time Running" value="148918" />
  <attribute name ="GC Interval" value="0" />
  <attribute name="Target GC Util Change" value ="80.000000" />
  <attribute name="Current GC Util Change" value="89.000000"/>
  <attribute name="Current Error" value="-9.000000" />
  <attribute name="Output H" value="46213016"/>
  <attribute name="Output I" value="2000"/>
  <attribute name="Output T" value="16"/>
  <attribute name= "Current Time Running" value="148918" />
  <attribute name="GC Util currently" value="89" />
  <attribute name="CPU Util currently" value="952678089338" />
<exclusive-end id="414" timestamp="2019-08-09T21:45:35.848" durationms="18.543" />

<exclusive-start id="415" timestamp="2019-08-09T21:45:35.939" intervalms="109.650">
  <response-info timems="0.041" idlems="0.041" threads="0" lastid="0000000001DE8F00" lastname="main" />
</exclusive-start>
<allocation-taxation id="416" taxation-threshold="18874368" timestamp="2019-08-09T21:45:35.939" intervalms="109.650" />
<cycle-start id="417" type="partial gc" contextid="0" timestamp="2019-08-09T21:45:35.940" intervalms="109.757" />
<gc-start id="418" type="partial gc" contextid="417" timestamp="2019-08-09T21:45:35.940">
  <mem-info id="419" free="2097152" total="48234496" percent="4">
    <mem type="eden" free="0" total="18874368" percent="0" />
    <remembered-set count="14720" freebytes="1869440" totalbytes="1928320" percent="96" regionsoverflowed="0" regionsstable="0" regionsrebuilding="0"/>
  </mem-info>
</gc-start>
<allocation-stats totalBytes="18871672" >
  <allocated-bytes non-tlh="224448" tlh="18647224" arrayletleaf="0"/>
  <largest-consumer threadName="main" threadId="0000000001DE8F00" bytes="18871672" />
</allocation-stats>
<gc-op id="420" type="copy forward" timems="8.517" contextid="417" timestamp="2019-08-09T21:45:35.949">
  <memory-copied type="eden" objects="5015" bytes="455088" bytesdiscarded="96904" />
  <memory-copied type="other" objects="1639" bytes="54352" bytesdiscarded="5968" />
  <memory-cardclean objects="571" bytes="41048" />
  <regions eden="9" other="1" />
  <remembered-set-cleared processed="7957" cleared="997" durationms="0.097" />
  <references type="soft" candidates="35" cleared="0" enqueued="0" dynamicThreshold="13" maxThreshold="32" />
  <references type="weak" candidates="423" cleared="0" enqueued="0" />
  <references type="phantom" candidates="1" cleared="0" enqueued="0" />
  <stringconstants candidates="12912" cleared="0"  />
  <heap-resize type="expand" space="default" amount="2097152" count="1" timems="0.113" reason="continue current collection" />
</gc-op>
<gc-op id="421" type="classunload" timems="0.008" contextid="417" timestamp="2019-08-09T21:45:35.950">
  <classunload-info classloadercandidates="23" classloadersunloaded="0" classesunloaded="0" anonymousclassesunloaded="0" quiescems="0.000" setupms="0.008" scanms="0.000" postms="0.000" />
</gc-op>
<heap-resize id="422" type="expand" space="default" amount="10485760" count="1" timems="0.095" reason="excessive time being spent in gc" timestamp="2019-08-09T21:45:35.950" />
<gc-end id="423" type="partial gc" contextid="417" durationms="9.990" usertimems="24.074" systemtimems="0.000" timestamp="2019-08-09T21:45:35.950" activeThreads="16">
  <mem-info id="424" free="31457280" total="60817408" percent="51">
    <mem type="eden" free="1545064" total="2097152" percent="73" />
    <remembered-set count="16608" freebytes="2364928" totalbytes="2431360" percent="97" regionsoverflowed="0" regionsstable="0" regionsrebuilding="0"/>
  </mem-info>
</gc-end>
<cycle-end id="425" type="partial gc" contextid="417" timestamp="2019-08-09T21:45:35.950" />
  <attribute name="elasticGC enabled" value="1" />
  <attribute name= "numThreadsSpecified" value="16" />
  <attribute name="heapSize specified" value="0" />
  <attribute name="Current GC Util" value="105" />
  <attribute name= "Current Time Running" value="149027" />
  <attribute name ="GC Interval" value="0" />
  <attribute name="Target GC Util Change" value ="80.000000" />
  <attribute name="Current GC Util Change" value="105.000000"/>
  <attribute name="Current Error" value="14.000000" />
  <attribute name="Output H" value="48310192"/>
  <attribute name="Output I" value="2024"/>
  <attribute name="Output T" value="16"/>
  <attribute name= "Current Time Running" value="149027" />
  <attribute name="GC Util currently" value="105" />
  <attribute name="CPU Util currently" value="1721217649147" />
<exclusive-end id="426" timestamp="2019-08-09T21:45:35.950" durationms="10.807" />

<exclusive-start id="427" timestamp="2019-08-09T21:45:36.080" intervalms="141.052">
  <response-info timems="0.024" idlems="0.024" threads="0" lastid="0000000001DE8F00" lastname="main" />
</exclusive-start>
<allocation-taxation id="428" taxation-threshold="23068672" timestamp="2019-08-09T21:45:36.080" intervalms="141.078" />
<cycle-start id="429" type="partial gc" contextid="0" timestamp="2019-08-09T21:45:36.081" intervalms="140.829" />
<gc-start id="430" type="partial gc" contextid="429" timestamp="2019-08-09T21:45:36.081">
  <mem-info id="431" free="8388608" total="60817408" percent="13">
    <mem type="eden" free="0" total="23068672" percent="0" />
    <remembered-set count="16224" freebytes="2366464" totalbytes="2431360" percent="97" regionsoverflowed="0" regionsstable="0" regionsrebuilding="0"/>
  </mem-info>
</gc-start>
<allocation-stats totalBytes="23063392" >
  <allocated-bytes non-tlh="1358144" tlh="21705248" arrayletleaf="0"/>
  <largest-consumer threadName="main" threadId="0000000001DE8F00" bytes="23063392" />
</allocation-stats>
<gc-op id="432" type="copy forward" timems="9.469" contextid="429" timestamp="2019-08-09T21:45:36.091">
  <memory-copied type="eden" objects="13827" bytes="1325544" bytesdiscarded="148000" />
  <memory-copied type="other" objects="2172" bytes="82768" bytesdiscarded="7248" />
  <memory-cardclean objects="774" bytes="52616" />
  <regions eden="11" other="1" />
  <remembered-set-cleared processed="8245" cleared="1062" durationms="0.105" />
  <finalization candidates="1" enqueued="1" />
  <references type="soft" candidates="50" cleared="0" enqueued="0" dynamicThreshold="16" maxThreshold="32" />
  <references type="weak" candidates="419" cleared="0" enqueued="0" />
  <references type="phantom" candidates="2" cleared="0" enqueued="0" />
  <stringconstants candidates="13170" cleared="0"  />
</gc-op>
<gc-op id="433" type="classunload" timems="0.007" contextid="429" timestamp="2019-08-09T21:45:36.091">
  <classunload-info classloadercandidates="29" classloadersunloaded="0" classesunloaded="0" anonymousclassesunloaded="0" quiescems="0.000" setupms="0.007" scanms="0.000" postms="0.000" />
</gc-op>
<gc-end id="434" type="partial gc" contextid="429" durationms="10.874" usertimems="27.756" systemtimems="0.000" timestamp="2019-08-09T21:45:36.092" activeThreads="16">
  <mem-info id="435" free="29360128" total="60817408" percent="48">
    <mem type="eden" free="623224" total="2097152" percent="29" />
    <pending-finalizers system="0" default="1" reference="0" classloader="0" />
    <remembered-set count="17312" freebytes="2362112" totalbytes="2431360" percent="97" regionsoverflowed="0" regionsstable="0" regionsrebuilding="0"/>
  </mem-info>
</gc-end>
<cycle-end id="436" type="partial gc" contextid="429" timestamp="2019-08-09T21:45:36.092" />
  <attribute name="elasticGC enabled" value="1" />
  <attribute name= "numThreadsSpecified" value="16" />
  <attribute name="heapSize specified" value="0" />
  <attribute name="Current GC Util" value="105" />
  <attribute name= "Current Time Running" value="149168" />
  <attribute name ="GC Interval" value="0" />
  <attribute name="Target GC Util Change" value ="80.000000" />
  <attribute name="Current GC Util Change" value="105.000000"/>
  <attribute name="Current Error" value="56.000000" />
  <attribute name="Output H" value="60893152"/>
  <attribute name="Output I" value="2072"/>
  <attribute name="Output T" value="16"/>
  <attribute name= "Current Time Running" value="149168" />
  <attribute name="GC Util currently" value="105" />
  <attribute name="CPU Util currently" value="1589824289133" />
<exclusive-end id="437" timestamp="2019-08-09T21:45:36.092" durationms="11.520" />

<exclusive-start id="438" timestamp="2019-08-09T21:45:36.208" intervalms="127.797">
  <response-info timems="0.045" idlems="0.045" threads="0" lastid="0000000001DE8F00" lastname="main" />
</exclusive-start>
<allocation-taxation id="439" taxation-threshold="23068672" timestamp="2019-08-09T21:45:36.208" intervalms="127.771" />
<cycle-start id="440" type="partial gc" contextid="0" timestamp="2019-08-09T21:45:36.208" intervalms="127.782" />
<gc-start id="441" type="partial gc" contextid="440" timestamp="2019-08-09T21:45:36.209">
  <mem-info id="442" free="6291456" total="60817408" percent="10">
    <mem type="eden" free="0" total="23068672" percent="0" />
    <remembered-set count="17056" freebytes="2363136" totalbytes="2431360" percent="97" regionsoverflowed="0" regionsstable="0" regionsrebuilding="0"/>
  </mem-info>
</gc-start>
<allocation-stats totalBytes="23063616" >
  <allocated-bytes non-tlh="660160" tlh="22403456" arrayletleaf="0"/>
  <largest-consumer threadName="main" threadId="0000000001DE8F00" bytes="23059400" />
</allocation-stats>
<gc-op id="443" type="copy forward" timems="9.046" contextid="440" timestamp="2019-08-09T21:45:36.219">
  <memory-copied type="eden" objects="7867" bytes="325216" bytesdiscarded="68000" />
  <memory-copied type="other" objects="2085" bytes="85832" bytesdiscarded="9624" />
  <memory-cardclean objects="752" bytes="53552" />
  <regions eden="11" other="1" />
  <remembered-set-cleared processed="9407" cleared="1537" durationms="0.119" />
  <references type="soft" candidates="118" cleared="0" enqueued="0" dynamicThreshold="15" maxThreshold="32" />
  <references type="weak" candidates="463" cleared="0" enqueued="0" />
  <stringconstants candidates="13671" cleared="9"  />
</gc-op>
<gc-op id="444" type="classunload" timems="0.598" contextid="440" timestamp="2019-08-09T21:45:36.219">
  <classunload-info classloadercandidates="34" classloadersunloaded="2" classesunloaded="2" anonymousclassesunloaded="0" quiescems="0.000" setupms="0.578" scanms="0.013" postms="0.007" />
</gc-op>
<gc-end id="445" type="partial gc" contextid="440" durationms="10.914" usertimems="26.036" systemtimems="0.000" timestamp="2019-08-09T21:45:36.219" activeThreads="16">
  <mem-info id="446" free="27262976" total="60817408" percent="44">
    <mem type="eden" free="1703600" total="2097152" percent="81" />
    <remembered-set count="19488" freebytes="2353408" totalbytes="2431360" percent="96" regionsoverflowed="0" regionsstable="0" regionsrebuilding="0"/>
  </mem-info>
</gc-end>
<cycle-end id="447" type="partial gc" contextid="440" timestamp="2019-08-09T21:45:36.220" />
  <attribute name="elasticGC enabled" value="1" />
  <attribute name= "numThreadsSpecified" value="16" />
  <attribute name="heapSize specified" value="0" />
  <attribute name="Current GC Util" value="146" />
  <attribute name= "Current Time Running" value="149296" />
  <attribute name ="GC Interval" value="0" />
  <attribute name="Target GC Util Change" value ="80.000000" />
  <attribute name="Current GC Util Change" value="146.000000"/>
  <attribute name="Current Error" value="-66.000000" />
  <attribute name="Output H" value="60893016"/>
  <attribute name="Output I" value="1936"/>
  <attribute name="Output T" value="16"/>
  <attribute name= "Current Time Running" value="149296" />
  <attribute name="GC Util currently" value="146" />
  <attribute name="CPU Util currently" value="1507895076332" />
<exclusive-end id="448" timestamp="2019-08-09T21:45:36.220" durationms="11.422" />

<exclusive-start id="449" timestamp="2019-08-09T21:45:36.312" intervalms="104.061">
  <response-info timems="0.045" idlems="0.045" threads="0" lastid="0000000001DE8F00" lastname="main" />
</exclusive-start>
<allocation-taxation id="450" taxation-threshold="23068672" timestamp="2019-08-09T21:45:36.312" intervalms="104.068" />
<cycle-start id="451" type="partial gc" contextid="0" timestamp="2019-08-09T21:45:36.312" intervalms="104.066" />
<gc-start id="452" type="partial gc" contextid="451" timestamp="2019-08-09T21:45:36.313">
  <mem-info id="453" free="4194304" total="60817408" percent="6">
    <mem type="eden" free="0" total="23068672" percent="0" />
    <remembered-set count="19040" freebytes="2355200" totalbytes="2431360" percent="96" regionsoverflowed="0" regionsstable="0" regionsrebuilding="0"/>
  </mem-info>
</gc-start>
<allocation-stats totalBytes="23065040" >
  <allocated-bytes non-tlh="1023752" tlh="22041288" arrayletleaf="0"/>
  <largest-consumer threadName="main" threadId="0000000001DE8F00" bytes="23065040" />
</allocation-stats>
<gc-op id="454" type="copy forward" timems="22.311" contextid="451" timestamp="2019-08-09T21:45:36.336">
  <memory-copied type="eden" objects="17705" bytes="1049384" bytesdiscarded="117664" />
  <memory-copied type="other" objects="4840" bytes="184544" bytesdiscarded="15272" />
  <memory-cardclean objects="522" bytes="40720" />
  <regions eden="11" other="1" />
  <remembered-set-cleared processed="10012" cleared="1492" durationms="0.113" />
  <references type="soft" candidates="130" cleared="0" enqueued="0" dynamicThreshold="14" maxThreshold="32" />
  <references type="weak" candidates="337" cleared="0" enqueued="0" />
  <references type="phantom" candidates="1" cleared="0" enqueued="0" />
  <stringconstants candidates="13846" cleared="0"  />
</gc-op>
<gc-op id="455" type="classunload" timems="0.011" contextid="451" timestamp="2019-08-09T21:45:36.336">
  <classunload-info classloadercandidates="37" classloadersunloaded="0" classesunloaded="0" anonymousclassesunloaded="0" quiescems="0.000" setupms="0.011" scanms="0.000" postms="0.000" />
</gc-op>
<gc-end id="456" type="partial gc" contextid="451" durationms="23.787" usertimems="47.806" systemtimems="0.000" timestamp="2019-08-09T21:45:36.336" activeThreads="16">
  <mem-info id="457" free="25165824" total="60817408" percent="41">
    <mem type="eden" free="929840" total="2097152" percent="44" />
    <remembered-set count="20288" freebytes="2350208" totalbytes="2431360" percent="96" regionsoverflowed="0" regionsstable="0" regionsrebuilding="0"/>
  </mem-info>
</gc-end>
<cycle-end id="458" type="partial gc" contextid="451" timestamp="2019-08-09T21:45:36.337" />
  <attribute name="elasticGC enabled" value="1" />
  <attribute name= "numThreadsSpecified" value="16" />
  <attribute name="heapSize specified" value="0" />
  <attribute name="Current GC Util" value="119" />
  <attribute name= "Current Time Running" value="149400" />
  <attribute name ="GC Interval" value="0" />
  <attribute name="Target GC Util Change" value ="80.000000" />
  <attribute name="Current GC Util Change" value="119.000000"/>
  <attribute name="Current Error" value="-49.000000" />
  <attribute name="Output H" value="60893032"/>
  <attribute name="Output I" value="1952"/>
  <attribute name="Output T" value="16"/>
  <attribute name= "Current Time Running" value="149400" />
  <attribute name="GC Util currently" value="119" />
  <attribute name="CPU Util currently" value="1715679966327" />
<exclusive-end id="459" timestamp="2019-08-09T21:45:36.337" durationms="24.458" />

<exclusive-start id="460" timestamp="2019-08-09T21:45:36.455" intervalms="143.236">
  <response-info timems="0.139" idlems="0.139" threads="0" lastid="0000000001DE8F00" lastname="main" />
</exclusive-start>
<allocation-taxation id="461" taxation-threshold="23068672" timestamp="2019-08-09T21:45:36.456" intervalms="143.231" />
<cycle-start id="462" type="partial gc" contextid="0" timestamp="2019-08-09T21:45:36.456" intervalms="143.230" />
<gc-start id="463" type="partial gc" contextid="462" timestamp="2019-08-09T21:45:36.456">
  <mem-info id="464" free="2097152" total="60817408" percent="3">
    <mem type="eden" free="0" total="23068672" percent="0" />
    <remembered-set count="20064" freebytes="2351104" totalbytes="2431360" percent="96" regionsoverflowed="0" regionsstable="0" regionsrebuilding="0"/>
  </mem-info>
</gc-start>
<allocation-stats totalBytes="23065176" >
  <allocated-bytes non-tlh="200768" tlh="22864408" arrayletleaf="0"/>
  <largest-consumer threadName="main" threadId="0000000001DE8F00" bytes="23065176" />
</allocation-stats>
<gc-op id="465" type="copy forward" timems="10.459" contextid="462" timestamp="2019-08-09T21:45:36.467">
  <memory-copied type="eden" objects="20644" bytes="885152" bytesdiscarded="98672" />
  <memory-copied type="other" objects="2025" bytes="79768" bytesdiscarded="21656" />
  <memory-cardclean objects="200" bytes="25560" />
  <regions eden="11" other="1" />
  <remembered-set-cleared processed="11095" cleared="1382" durationms="0.122" />
  <references type="soft" candidates="39" cleared="0" enqueued="0" dynamicThreshold="13" maxThreshold="32" />
  <references type="weak" candidates="89" cleared="0" enqueued="0" />
  <stringconstants candidates="13857" cleared="0"  />
  <heap-resize type="expand" space="default" amount="2097152" count="1" timems="0.061" reason="continue current collection" />
</gc-op>
<gc-op id="466" type="classunload" timems="0.009" contextid="462" timestamp="2019-08-09T21:45:36.467">
  <classunload-info classloadercandidates="38" classloadersunloaded="0" classesunloaded="0" anonymousclassesunloaded="0" quiescems="0.000" setupms="0.008" scanms="0.000" postms="0.000" />
</gc-op>
<gc-end id="467" type="partial gc" contextid="462" durationms="11.507" usertimems="32.617" systemtimems="0.000" timestamp="2019-08-09T21:45:36.467" activeThreads="16">
  <mem-info id="468" free="25165824" total="62914560" percent="40">
    <mem type="eden" free="1113304" total="2097152" percent="53" />
    <remembered-set count="22304" freebytes="2425984" totalbytes="2515200" percent="96" regionsoverflowed="0" regionsstable="0" regionsrebuilding="0"/>
  </mem-info>
</gc-end>
<cycle-end id="469" type="partial gc" contextid="462" timestamp="2019-08-09T21:45:36.468" />
  <attribute name="elasticGC enabled" value="1" />
  <attribute name= "numThreadsSpecified" value="16" />
  <attribute name="heapSize specified" value="0" />
  <attribute name="Current GC Util" value="145" />
  <attribute name= "Current Time Running" value="149543" />
  <attribute name ="GC Interval" value="0" />
  <attribute name="Target GC Util Change" value ="80.000000" />
  <attribute name="Current GC Util Change" value="145.000000"/>
  <attribute name="Current Error" value="-67.000000" />
  <attribute name="Output H" value="60893016"/>
  <attribute name="Output I" value="1936"/>
  <attribute name="Output T" value="16"/>
  <attribute name= "Current Time Running" value="149543" />
  <attribute name="GC Util currently" value="145" />
  <attribute name="CPU Util currently" value="2264310999551" />
<exclusive-end id="470" timestamp="2019-08-09T21:45:36.468" durationms="12.186" />

<exclusive-start id="471" timestamp="2019-08-09T21:45:36.536" intervalms="80.521">
  <response-info timems="0.020" idlems="0.020" threads="0" lastid="0000000001DE8F00" lastname="main" />
</exclusive-start>
<allocation-taxation id="472" taxation-threshold="23068672" timestamp="2019-08-09T21:45:36.536" intervalms="80.527" />
<cycle-start id="473" type="partial gc" contextid="0" timestamp="2019-08-09T21:45:36.536" intervalms="80.529" />
<gc-start id="474" type="partial gc" contextid="473" timestamp="2019-08-09T21:45:36.536">
  <mem-info id="475" free="2097152" total="62914560" percent="3">
    <mem type="eden" free="0" total="23068672" percent="0" />
    <remembered-set count="21952" freebytes="2427392" totalbytes="2515200" percent="96" regionsoverflowed="0" regionsstable="0" regionsrebuilding="0"/>
  </mem-info>
</gc-start>
<allocation-stats totalBytes="23065520" >
  <allocated-bytes non-tlh="402408" tlh="22663112" arrayletleaf="0"/>
  <largest-consumer threadName="main" threadId="0000000001DE8F00" bytes="23065520" />
</allocation-stats>
<gc-op id="476" type="copy forward" timems="8.135" contextid="473" timestamp="2019-08-09T21:45:36.545">
  <memory-copied type="eden" objects="12497" bytes="807200" bytesdiscarded="75880" />
  <memory-copied type="other" objects="162" bytes="5664" bytesdiscarded="1496" />
  <memory-cardclean objects="136" bytes="13600" />
  <regions eden="11" other="1" />
  <remembered-set-cleared processed="12354" cleared="1917" durationms="0.139" />
  <references type="soft" candidates="3" cleared="0" enqueued="0" dynamicThreshold="12" maxThreshold="32" />
  <references type="weak" candidates="26" cleared="0" enqueued="0" />
  <references type="phantom" candidates="1" cleared="0" enqueued="0" />
  <stringconstants candidates="13875" cleared="0"  />
  <heap-resize type="expand" space="default" amount="6291456" count="3" timems="0.705" reason="continue current collection" />
</gc-op>
<gc-op id="477" type="classunload" timems="0.011" contextid="473" timestamp="2019-08-09T21:45:36.545">
  <classunload-info classloadercandidates="40" classloadersunloaded="0" classesunloaded="0" anonymousclassesunloaded="0" quiescems="0.000" setupms="0.011" scanms="0.000" postms="0.000" />
</gc-op>
<heap-resize id="478" type="expand" space="default" amount="12582912" count="1" timems="0.128" reason="excessive time being spent in gc" timestamp="2019-08-09T21:45:36.546" />
<gc-end id="479" type="partial gc" contextid="473" durationms="9.442" usertimems="21.864" systemtimems="0.000" timestamp="2019-08-09T21:45:36.546" activeThreads="16">
  <mem-info id="480" free="37748736" total="81788928" percent="46">
    <mem type="eden" free="5408296" total="6291456" percent="85" />
    <remembered-set count="22944" freebytes="3177984" totalbytes="3269760" percent="97" regionsoverflowed="0" regionsstable="0" regionsrebuilding="0"/>
  </mem-info>
</gc-end>
<cycle-end id="481" type="partial gc" contextid="473" timestamp="2019-08-09T21:45:36.546" />
  <attribute name="elasticGC enabled" value="1" />
  <attribute name= "numThreadsSpecified" value="16" />
  <attribute name="heapSize specified" value="0" />
  <attribute name="Current GC Util" value="0" />
  <attribute name= "Current Time Running" value="149624" />
  <attribute name ="GC Interval" value="0" />
  <attribute name="Target GC Util Change" value ="80.000000" />
  <attribute name="Current GC Util Change" value="0.000000"/>
  <attribute name="Current Error" value="80.000000" />
  <attribute name="Output H" value="62990336"/>
  <attribute name="Output I" value="2104"/>
  <attribute name="Output T" value="16"/>
  <attribute name= "Current Time Running" value="149624" />
  <attribute name="GC Util currently" value="0" />
  <attribute name="CPU Util currently" value="2052144567280" />
<exclusive-end id="482" timestamp="2019-08-09T21:45:36.546" durationms="9.996" />

<exclusive-start id="483" timestamp="2019-08-09T21:45:36.624" intervalms="88.296">
  <response-info timems="0.009" idlems="0.009" threads="0" lastid="0000000001DE8F00" lastname="main" />
</exclusive-start>
<allocation-taxation id="484" taxation-threshold="27262976" timestamp="2019-08-09T21:45:36.624" intervalms="88.295" />
<cycle-start id="485" type="partial gc" contextid="0" timestamp="2019-08-09T21:45:36.624" intervalms="88.295" />
<gc-start id="486" type="partial gc" contextid="485" timestamp="2019-08-09T21:45:36.625">
  <mem-info id="487" free="10485760" total="81788928" percent="12">
    <mem type="eden" free="130384" total="27262976" percent="0" />
    <remembered-set count="22848" freebytes="3178368" totalbytes="3269760" percent="97" regionsoverflowed="0" regionsstable="0" regionsrebuilding="0"/>
  </mem-info>
</gc-start>
<allocation-stats totalBytes="27127568" >
  <allocated-bytes non-tlh="401760" tlh="26725808" arrayletleaf="0"/>
  <largest-consumer threadName="main" threadId="0000000001DE8F00" bytes="27127568" />
</allocation-stats>
<gc-op id="488" type="copy forward" timems="9.931" contextid="485" timestamp="2019-08-09T21:45:36.635">
  <memory-copied type="eden" objects="662" bytes="59368" bytesdiscarded="11344" />
  <memory-copied type="other" objects="13467" bytes="779224" bytesdiscarded="69176" />
  <memory-cardclean objects="828" bytes="60288" />
  <regions eden="13" other="4" />
  <remembered-set-cleared processed="11388" cleared="1951" durationms="0.100" />
  <references type="soft" candidates="62" cleared="0" enqueued="0" dynamicThreshold="14" maxThreshold="32" />
  <references type="weak" candidates="165" cleared="0" enqueued="0" />
  <references type="phantom" candidates="5" cleared="0" enqueued="0" />
  <stringconstants candidates="13904" cleared="0"  />
</gc-op>
<gc-op id="489" type="classunload" timems="0.008" contextid="485" timestamp="2019-08-09T21:45:36.635">
  <classunload-info classloadercandidates="43" classloadersunloaded="0" classesunloaded="0" anonymousclassesunloaded="0" quiescems="0.000" setupms="0.008" scanms="0.000" postms="0.000" />
</gc-op>
<heap-resize id="490" type="expand" space="default" amount="14680064" count="1" timems="0.161" reason="excessive time being spent in gc" timestamp="2019-08-09T21:45:36.636" />
<gc-end id="491" type="partial gc" contextid="485" durationms="11.138" usertimems="30.147" systemtimems="0.000" timestamp="2019-08-09T21:45:36.636" activeThreads="16">
  <mem-info id="492" free="54525952" total="96468992" percent="56">
    <mem type="eden" free="2026344" total="2097152" percent="96" />
    <remembered-set count="21984" freebytes="3768704" totalbytes="3856640" percent="97" regionsoverflowed="0" regionsstable="0" regionsrebuilding="0"/>
  </mem-info>
</gc-end>
<cycle-end id="493" type="partial gc" contextid="485" timestamp="2019-08-09T21:45:36.636" />
  <attribute name="elasticGC enabled" value="1" />
  <attribute name= "numThreadsSpecified" value="16" />
  <attribute name="heapSize specified" value="0" />
  <attribute name="Current GC Util" value="127" />
  <attribute name= "Current Time Running" value="149712" />
  <attribute name ="GC Interval" value="0" />
  <attribute name="Target GC Util Change" value ="80.000000" />
  <attribute name="Current GC Util Change" value="127.000000"/>
  <attribute name="Current Error" value="89.000000" />
  <attribute name="Output H" value="81864712"/>
  <attribute name="Output I" value="2112"/>
  <attribute name="Output T" value="16"/>
  <attribute name= "Current Time Running" value="149712" />
  <attribute name="GC Util currently" value="127" />
  <attribute name="CPU Util currently" value="2162227819501" />
<exclusive-end id="494" timestamp="2019-08-09T21:45:36.636" durationms="11.673" />

<exclusive-start id="495" timestamp="2019-08-09T21:45:36.705" intervalms="80.941">
  <response-info timems="0.018" idlems="0.018" threads="0" lastid="0000000001DE8F00" lastname="main" />
</exclusive-start>
<allocation-taxation id="496" taxation-threshold="31457280" timestamp="2019-08-09T21:45:36.705" intervalms="80.937" />
<cycle-start id="497" type="partial gc" contextid="0" timestamp="2019-08-09T21:45:36.705" intervalms="80.935" />
<gc-start id="498" type="partial gc" contextid="497" timestamp="2019-08-09T21:45:36.706">
  <mem-info id="499" free="23068672" total="96468992" percent="23">
    <mem type="eden" free="0" total="31457280" percent="0" />
    <remembered-set count="21760" freebytes="3769600" totalbytes="3856640" percent="97" regionsoverflowed="0" regionsstable="0" regionsrebuilding="0"/>
  </mem-info>
</gc-start>
<allocation-stats totalBytes="31453168" >
  <allocated-bytes non-tlh="801168" tlh="30652000" arrayletleaf="0"/>
  <largest-consumer threadName="main" threadId="0000000001DE8F00" bytes="31453168" />
</allocation-stats>
<gc-op id="500" type="copy forward" timems="16.935" contextid="497" timestamp="2019-08-09T21:45:36.723">
  <memory-copied type="eden" objects="8308" bytes="628928" bytesdiscarded="22168" />
  <memory-copied type="other" objects="619" bytes="21760" bytesdiscarded="3024" />
  <memory-cardclean objects="157" bytes="15256" />
  <regions eden="15" other="1" />
  <remembered-set-cleared processed="11265" cleared="285" durationms="0.470" />
  <references type="soft" candidates="6" cleared="0" enqueued="0" dynamicThreshold="18" maxThreshold="32" />
  <references type="weak" candidates="33" cleared="0" enqueued="0" />
  <references type="phantom" candidates="1" cleared="0" enqueued="0" />
  <stringconstants candidates="13919" cleared="0"  />
</gc-op>
<gc-op id="501" type="classunload" timems="0.011" contextid="497" timestamp="2019-08-09T21:45:36.723">
  <classunload-info classloadercandidates="46" classloadersunloaded="0" classesunloaded="0" anonymousclassesunloaded="0" quiescems="0.000" setupms="0.011" scanms="0.000" postms="0.000" />
</gc-op>
<heap-resize id="502" type="expand" space="default" amount="14680064" count="1" timems="0.119" reason="excessive time being spent in gc" timestamp="2019-08-09T21:45:36.724" />
<gc-end id="503" type="partial gc" contextid="497" durationms="18.246" usertimems="42.877" systemtimems="0.000" timestamp="2019-08-09T21:45:36.724" activeThreads="16">
  <mem-info id="504" free="67108864" total="111149056" percent="60">
    <mem type="eden" free="1445936" total="2097152" percent="68" />
    <remembered-set count="21856" freebytes="4356096" totalbytes="4443520" percent="98" regionsoverflowed="0" regionsstable="0" regionsrebuilding="0"/>
  </mem-info>
</gc-end>
<cycle-end id="505" type="partial gc" contextid="497" timestamp="2019-08-09T21:45:36.724" />
  <attribute name="elasticGC enabled" value="1" />
  <attribute name= "numThreadsSpecified" value="16" />
  <attribute name="heapSize specified" value="0" />
  <attribute name="Current GC Util" value="145" />
  <attribute name= "Current Time Running" value="149793" />
  <attribute name ="GC Interval" value="0" />
  <attribute name="Target GC Util Change" value ="80.000000" />
  <attribute name="Current GC Util Change" value="145.000000"/>
  <attribute name="Current Error" value="68.000000" />
  <attribute name="Output H" value="96544752"/>
  <attribute name="Output I" value="2088"/>
  <attribute name="Output T" value="16"/>
  <attribute name= "Current Time Running" value="149793" />
  <attribute name="GC Util currently" value="145" />
  <attribute name="CPU Util currently" value="2186760747621" />
<exclusive-end id="506" timestamp="2019-08-09T21:45:36.724" durationms="18.860" />

<exclusive-start id="507" timestamp="2019-08-09T21:45:36.813" intervalms="107.964">
  <response-info timems="0.049" idlems="0.049" threads="0" lastid="0000000001DE8F00" lastname="main" />
</exclusive-start>
<allocation-taxation id="508" taxation-threshold="35651584" timestamp="2019-08-09T21:45:36.813" intervalms="107.965" />
<cycle-start id="509" type="partial gc" contextid="0" timestamp="2019-08-09T21:45:36.813" intervalms="108.019" />
<gc-start id="510" type="partial gc" contextid="509" timestamp="2019-08-09T21:45:36.814">
  <mem-info id="511" free="31457280" total="111149056" percent="28">
    <mem type="eden" free="0" total="35651584" percent="0" />
    <remembered-set count="21504" freebytes="4357504" totalbytes="4443520" percent="98" regionsoverflowed="0" regionsstable="0" regionsrebuilding="0"/>
  </mem-info>
</gc-start>
<allocation-stats totalBytes="35624408" >
  <allocated-bytes non-tlh="1002408" tlh="34622000" arrayletleaf="0"/>
  <largest-consumer threadName="main" threadId="0000000001DE8F00" bytes="35624408" />
</allocation-stats>
<gc-op id="512" type="copy forward" timems="9.410" contextid="509" timestamp="2019-08-09T21:45:36.824">
  <memory-copied type="eden" objects="665" bytes="46616" bytesdiscarded="18384" />
  <memory-copied type="other" objects="484" bytes="17136" bytesdiscarded="3088" />
  <memory-cardclean objects="160" bytes="14768" />
  <regions eden="17" other="1" />
  <remembered-set-cleared processed="11761" cleared="569" durationms="0.128" />
  <references type="soft" candidates="6" cleared="0" enqueued="0" dynamicThreshold="19" maxThreshold="32" />
  <references type="weak" candidates="37" cleared="0" enqueued="0" />
  <stringconstants candidates="13954" cleared="4"  />
</gc-op>
<gc-op id="513" type="classunload" timems="2.146" contextid="509" timestamp="2019-08-09T21:45:36.826">
  <classunload-info classloadercandidates="51" classloadersunloaded="2" classesunloaded="2" anonymousclassesunloaded="0" quiescems="1.580" setupms="0.545" scanms="1.595" postms="0.006" />
</gc-op>
<heap-resize id="514" type="expand" space="default" amount="4194304" count="1" timems="0.075" reason="excessive time being spent in gc" timestamp="2019-08-09T21:45:36.826" />
<gc-end id="515" type="partial gc" contextid="509" durationms="12.862" usertimems="33.350" systemtimems="0.000" timestamp="2019-08-09T21:45:36.826" activeThreads="16">
  <mem-info id="516" free="69206016" total="115343360" percent="60">
    <mem type="eden" free="2032080" total="2097152" percent="96" />
    <remembered-set count="20224" freebytes="4530304" totalbytes="4611200" percent="98" regionsoverflowed="0" regionsstable="0" regionsrebuilding="0"/>
  </mem-info>
</gc-end>
<cycle-end id="517" type="partial gc" contextid="509" timestamp="2019-08-09T21:45:36.827" />
  <attribute name="elasticGC enabled" value="1" />
  <attribute name= "numThreadsSpecified" value="16" />
  <attribute name="heapSize specified" value="0" />
  <attribute name="Current GC Util" value="123" />
  <attribute name= "Current Time Running" value="149901" />
  <attribute name ="GC Interval" value="0" />
  <attribute name="Target GC Util Change" value ="80.000000" />
  <attribute name="Current GC Util Change" value="123.000000"/>
  <attribute name="Current Error" value="-43.000000" />
  <attribute name="Output H" value="111224688"/>
  <attribute name="Output I" value="1960"/>
  <attribute name="Output T" value="16"/>
  <attribute name= "Current Time Running" value="149901" />
  <attribute name="GC Util currently" value="123" />
  <attribute name="CPU Util currently" value="1867103533614" />
<exclusive-end id="518" timestamp="2019-08-09T21:45:36.827" durationms="13.456" />

<exclusive-start id="519" timestamp="2019-08-09T21:45:36.949" intervalms="135.372">
  <response-info timems="0.063" idlems="0.063" threads="0" lastid="0000000001DE8F00" lastname="main" />
</exclusive-start>
<allocation-taxation id="520" taxation-threshold="35651584" timestamp="2019-08-09T21:45:36.949" intervalms="135.371" />
<cycle-start id="521" type="partial gc" contextid="0" timestamp="2019-08-09T21:45:36.949" intervalms="135.382" />
<gc-start id="522" type="partial gc" contextid="521" timestamp="2019-08-09T21:45:36.949">
  <mem-info id="523" free="33554432" total="115343360" percent="29">
    <mem type="eden" free="0" total="35651584" percent="0" />
    <remembered-set count="19936" freebytes="4531456" totalbytes="4611200" percent="98" regionsoverflowed="0" regionsstable="0" regionsrebuilding="0"/>
  </mem-info>
</gc-start>
<allocation-stats totalBytes="35646360" >
  <allocated-bytes non-tlh="401808" tlh="35244552" arrayletleaf="0"/>
  <largest-consumer threadName="main" threadId="0000000001DE8F00" bytes="35646360" />
</allocation-stats>
<gc-op id="524" type="copy forward" timems="25.436" contextid="521" timestamp="2019-08-09T21:45:36.976">
  <memory-copied type="eden" objects="15703" bytes="648320" bytesdiscarded="50840" />
  <memory-copied type="other" objects="655" bytes="21880" bytesdiscarded="1728" />
  <memory-cardclean objects="151" bytes="14960" />
  <regions eden="17" other="1" />
  <remembered-set-cleared processed="11643" cleared="276" durationms="0.168" />
  <references type="soft" candidates="5" cleared="0" enqueued="0" dynamicThreshold="19" maxThreshold="32" />
  <references type="weak" candidates="46" cleared="0" enqueued="0" />
  <stringconstants candidates="13982" cleared="0"  />
</gc-op>
<gc-op id="525" type="classunload" timems="0.011" contextid="521" timestamp="2019-08-09T21:45:36.976">
  <classunload-info classloadercandidates="51" classloadersunloaded="0" classesunloaded="0" anonymousclassesunloaded="0" quiescems="0.000" setupms="0.011" scanms="0.000" postms="0.000" />
</gc-op>
<heap-resize id="526" type="expand" space="default" amount="6291456" count="1" timems="0.102" reason="excessive time being spent in gc" timestamp="2019-08-09T21:45:36.977" />
<gc-end id="527" type="partial gc" contextid="521" durationms="27.390" usertimems="47.493" systemtimems="0.000" timestamp="2019-08-09T21:45:36.977" activeThreads="16">
  <mem-info id="528" free="73400320" total="121634816" percent="60">
    <mem type="eden" free="1397944" total="2097152" percent="66" />
    <remembered-set count="23680" freebytes="4768000" totalbytes="4862720" percent="98" regionsoverflowed="0" regionsstable="0" regionsrebuilding="0"/>
  </mem-info>
</gc-end>
<cycle-end id="529" type="partial gc" contextid="521" timestamp="2019-08-09T21:45:36.977" />
  <attribute name="elasticGC enabled" value="1" />
  <attribute name= "numThreadsSpecified" value="16" />
  <attribute name="heapSize specified" value="0" />
  <attribute name="Current GC Util" value="86" />
  <attribute name= "Current Time Running" value="150037" />
  <attribute name ="GC Interval" value="0" />
  <attribute name="Target GC Util Change" value ="80.000000" />
  <attribute name="Current GC Util Change" value="86.000000"/>
  <attribute name="Current Error" value="15.000000" />
  <attribute name="Output H" value="115419064"/>
  <attribute name="Output I" value="2032"/>
  <attribute name="Output T" value="16"/>
  <attribute name= "Current Time Running" value="150037" />
  <attribute name="GC Util currently" value="86" />
  <attribute name="CPU Util currently" value="991356208332" />
<exclusive-end id="530" timestamp="2019-08-09T21:45:36.977" durationms="28.330" />

<exclusive-start id="531" timestamp="2019-08-09T21:45:37.420" intervalms="471.852">
  <response-info timems="0.024" idlems="0.024" threads="0" lastid="0000000001DE8F00" lastname="main" />
</exclusive-start>
<allocation-taxation id="532" taxation-threshold="37748736" timestamp="2019-08-09T21:45:37.420" intervalms="471.862" />
<cycle-start id="533" type="partial gc" contextid="0" timestamp="2019-08-09T21:45:37.421" intervalms="471.958" />
<gc-start id="534" type="partial gc" contextid="533" timestamp="2019-08-09T21:45:37.421">
  <mem-info id="535" free="35651584" total="121634816" percent="29">
    <mem type="eden" free="0" total="37748736" percent="0" />
    <remembered-set count="23296" freebytes="4769536" totalbytes="4862720" percent="98" regionsoverflowed="0" regionsstable="0" regionsrebuilding="0"/>
  </mem-info>
</gc-start>
<allocation-stats totalBytes="37734528" >
  <allocated-bytes non-tlh="3897528" tlh="33837000" arrayletleaf="0"/>
  <largest-consumer threadName="main" threadId="0000000001DE8F00" bytes="37734528" />
</allocation-stats>
<gc-op id="536" type="copy forward" timems="9.894" contextid="533" timestamp="2019-08-09T21:45:37.433">
  <memory-copied type="eden" objects="23339" bytes="2680640" bytesdiscarded="157856" />
  <memory-copied type="other" objects="603" bytes="20528" bytesdiscarded="4672" />
  <memory-cardclean objects="730" bytes="49152" />
  <regions eden="18" other="1" />
  <remembered-set-cleared processed="13271" cleared="1946" durationms="0.178" />
  <finalization candidates="3" enqueued="2" />
  <references type="soft" candidates="781" cleared="0" enqueued="0" dynamicThreshold="19" maxThreshold="32" />
  <references type="weak" candidates="172" cleared="0" enqueued="0" />
  <references type="phantom" candidates="2" cleared="0" enqueued="0" />
  <stringconstants candidates="14691" cleared="0"  />
</gc-op>
<gc-op id="537" type="classunload" timems="0.009" contextid="533" timestamp="2019-08-09T21:45:37.433">
  <classunload-info classloadercandidates="56" classloadersunloaded="0" classesunloaded="0" anonymousclassesunloaded="0" quiescems="0.000" setupms="0.008" scanms="0.000" postms="0.000" />
</gc-op>
<gc-end id="538" type="partial gc" contextid="533" durationms="11.733" usertimems="27.681" systemtimems="0.000" timestamp="2019-08-09T21:45:37.433" activeThreads="16">
  <mem-info id="539" free="67108864" total="121634816" percent="55">
    <mem type="eden" free="3452320" total="6291456" percent="54" />
    <pending-finalizers system="0" default="2" reference="0" classloader="0" />
    <remembered-set count="26016" freebytes="4758656" totalbytes="4862720" percent="97" regionsoverflowed="0" regionsstable="0" regionsrebuilding="0"/>
  </mem-info>
</gc-end>
<cycle-end id="540" type="partial gc" contextid="533" timestamp="2019-08-09T21:45:37.433" />
  <attribute name="elasticGC enabled" value="1" />
  <attribute name= "numThreadsSpecified" value="16" />
  <attribute name="heapSize specified" value="0" />
  <attribute name="Current GC Util" value="194" />
  <attribute name= "Current Time Running" value="150509" />
  <attribute name ="GC Interval" value="0" />
  <attribute name="Target GC Util Change" value ="80.000000" />
  <attribute name="Current GC Util Change" value="194.000000"/>
  <attribute name="Current Error" value="-28.000000" />
  <attribute name="Output H" value="121710464"/>
  <attribute name="Output I" value="1976"/>
  <attribute name="Output T" value="16"/>
  <attribute name= "Current Time Running" value="150509" />
  <attribute name="GC Util currently" value="194" />
  <attribute name="CPU Util currently" value="807422273989" />
<exclusive-end id="541" timestamp="2019-08-09T21:45:37.433" durationms="12.498" />

<exclusive-start id="542" timestamp="2019-08-09T21:45:37.820" intervalms="399.268">
  <response-info timems="0.151" idlems="0.151" threads="0" lastid="0000000001DE8F00" lastname="main" />
</exclusive-start>
<allocation-taxation id="543" taxation-threshold="37748736" timestamp="2019-08-09T21:45:37.820" intervalms="399.267" />
<cycle-start id="544" type="partial gc" contextid="0" timestamp="2019-08-09T21:45:37.820" intervalms="399.165" />
<gc-start id="545" type="partial gc" contextid="544" timestamp="2019-08-09T21:45:37.820">
  <mem-info id="546" free="29360128" total="121634816" percent="24">
    <mem type="eden" free="0" total="37748736" percent="0" />
    <remembered-set count="25824" freebytes="4759424" totalbytes="4862720" percent="97" regionsoverflowed="0" regionsstable="0" regionsrebuilding="0"/>
  </mem-info>
</gc-start>
<allocation-stats totalBytes="37705056" >
  <allocated-bytes non-tlh="0" tlh="37705056" arrayletleaf="0"/>
  <largest-consumer threadName="main" threadId="0000000001DE8F00" bytes="37700960" />
</allocation-stats>
<gc-op id="547" type="copy forward" timems="18.880" contextid="544" timestamp="2019-08-09T21:45:37.841">
  <memory-copied type="eden" objects="76672" bytes="1935376" bytesdiscarded="118008" />
  <memory-copied type="other" objects="22860" bytes="2650848" bytesdiscarded="158680" />
  <memory-cardclean objects="249" bytes="31416" />
  <regions eden="18" other="3" />
  <remembered-set-cleared processed="14183" cleared="2591" durationms="0.164" />
  <finalization candidates="1" enqueued="0" />
  <references type="soft" candidates="779" cleared="0" enqueued="0" dynamicThreshold="17" maxThreshold="32" />
  <references type="weak" candidates="148" cleared="0" enqueued="0" />
  <references type="phantom" candidates="2" cleared="0" enqueued="0" />
  <stringconstants candidates="14691" cleared="0"  />
</gc-op>
<gc-op id="548" type="classunload" timems="0.010" contextid="544" timestamp="2019-08-09T21:45:37.841">
  <classunload-info classloadercandidates="56" classloadersunloaded="0" classesunloaded="0" anonymousclassesunloaded="0" quiescems="0.000" setupms="0.010" scanms="0.000" postms="0.000" />
</gc-op>
<gc-end id="549" type="partial gc" contextid="544" durationms="21.110" usertimems="58.644" systemtimems="0.000" timestamp="2019-08-09T21:45:37.841" activeThreads="16">
  <mem-info id="550" free="67108864" total="121634816" percent="55">
    <mem type="eden" free="43768" total="2097152" percent="2" />
    <remembered-set count="30656" freebytes="4740096" totalbytes="4862720" percent="97" regionsoverflowed="0" regionsstable="0" regionsrebuilding="0"/>
  </mem-info>
</gc-end>
<cycle-end id="551" type="partial gc" contextid="544" timestamp="2019-08-09T21:45:37.841" />
  <attribute name="elasticGC enabled" value="1" />
  <attribute name= "numThreadsSpecified" value="16" />
  <attribute name="heapSize specified" value="0" />
  <attribute name="Current GC Util" value="237" />
  <attribute name= "Current Time Running" value="150908" />
  <attribute name ="GC Interval" value="0" />
  <attribute name="Target GC Util Change" value ="80.000000" />
  <attribute name="Current GC Util Change" value="237.000000"/>
  <attribute name="Current Error" value="-157.000000" />
  <attribute name="Output H" value="121710320"/>
  <attribute name="Output I" value="1832"/>
  <attribute name="Output T" value="16"/>
  <attribute name= "Current Time Running" value="150908" />
  <attribute name="GC Util currently" value="237" />
  <attribute name="CPU Util currently" value="747282406168" />
<exclusive-end id="552" timestamp="2019-08-09T21:45:37.841" durationms="21.771" />

<exclusive-start id="553" timestamp="2019-08-09T21:45:37.978" intervalms="158.170">
  <response-info timems="0.052" idlems="0.052" threads="0" lastid="0000000001DE8F00" lastname="main" />
</exclusive-start>
<allocation-taxation id="554" taxation-threshold="37748736" timestamp="2019-08-09T21:45:37.978" intervalms="158.163" />
<cycle-start id="555" type="partial gc" contextid="0" timestamp="2019-08-09T21:45:37.978" intervalms="158.135" />
<gc-start id="556" type="partial gc" contextid="555" timestamp="2019-08-09T21:45:37.978">
  <mem-info id="557" free="29360128" total="121634816" percent="24">
    <mem type="eden" free="0" total="37748736" percent="0" />
    <remembered-set count="30400" freebytes="4741120" totalbytes="4862720" percent="97" regionsoverflowed="0" regionsstable="0" regionsrebuilding="0"/>
  </mem-info>
</gc-start>
<allocation-stats totalBytes="37706584" >
  <allocated-bytes non-tlh="65544" tlh="37641040" arrayletleaf="0"/>
  <largest-consumer threadName="main" threadId="0000000001DE8F00" bytes="37706584" />
</allocation-stats>
<gc-op id="558" type="copy forward" timems="15.632" contextid="555" timestamp="2019-08-09T21:45:37.995">
  <memory-copied type="eden" objects="79170" bytes="2085376" bytesdiscarded="116040" />
  <memory-copied type="other" objects="94236" bytes="2407800" bytesdiscarded="165632" />
  <memory-cardclean objects="1115" bytes="51736" />
  <regions eden="18" other="2" />
  <remembered-set-cleared processed="18776" cleared="6578" durationms="0.448" />
  <references type="soft" candidates="760" cleared="0" enqueued="0" dynamicThreshold="17" maxThreshold="32" />
  <references type="weak" candidates="148" cleared="0" enqueued="0" />
  <references type="phantom" candidates="1" cleared="0" enqueued="0" />
  <stringconstants candidates="14691" cleared="0"  />
</gc-op>
<gc-op id="559" type="classunload" timems="0.012" contextid="555" timestamp="2019-08-09T21:45:37.995">
  <classunload-info classloadercandidates="56" classloadersunloaded="0" classesunloaded="0" anonymousclassesunloaded="0" quiescems="0.000" setupms="0.012" scanms="0.000" postms="0.000" />
</gc-op>
<gc-end id="560" type="partial gc" contextid="555" durationms="17.066" usertimems="67.293" systemtimems="0.000" timestamp="2019-08-09T21:45:37.995" activeThreads="16">
  <mem-info id="561" free="62914560" total="121634816" percent="51">
    <mem type="eden" free="1992888" total="4194304" percent="47" />
    <remembered-set count="35456" freebytes="4720896" totalbytes="4862720" percent="97" regionsoverflowed="0" regionsstable="0" regionsrebuilding="0"/>
  </mem-info>
</gc-end>
<cycle-end id="562" type="partial gc" contextid="555" timestamp="2019-08-09T21:45:37.995" />
  <attribute name="elasticGC enabled" value="1" />
  <attribute name= "numThreadsSpecified" value="16" />
  <attribute name="heapSize specified" value="0" />
  <attribute name="Current GC Util" value="249" />
  <attribute name= "Current Time Running" value="151066" />
  <attribute name ="GC Interval" value="0" />
  <attribute name="Target GC Util Change" value ="80.000000" />
  <attribute name="Current GC Util Change" value="249.000000"/>
  <attribute name="Current Error" value="-279.000000" />
  <attribute name="Output H" value="121710176"/>
  <attribute name="Output I" value="1688"/>
  <attribute name="Output T" value="16"/>
  <attribute name= "Current Time Running" value="151066" />
  <attribute name="GC Util currently" value="249" />
  <attribute name="CPU Util currently" value="1273404677856" />
<exclusive-end id="563" timestamp="2019-08-09T21:45:37.996" durationms="17.631" />

<exclusive-start id="564" timestamp="2019-08-09T21:45:38.118" intervalms="140.178">
  <response-info timems="0.022" idlems="0.022" threads="0" lastid="0000000001DE8F00" lastname="main" />
</exclusive-start>
<allocation-taxation id="565" taxation-threshold="37748736" timestamp="2019-08-09T21:45:38.118" intervalms="140.196" />
<cycle-start id="566" type="partial gc" contextid="0" timestamp="2019-08-09T21:45:38.118" intervalms="140.348" />
<gc-start id="567" type="partial gc" contextid="566" timestamp="2019-08-09T21:45:38.119">
  <mem-info id="568" free="25165824" total="121634816" percent="20">
    <mem type="eden" free="0" total="37748736" percent="0" />
    <remembered-set count="35232" freebytes="4721792" totalbytes="4862720" percent="97" regionsoverflowed="0" regionsstable="0" regionsrebuilding="0"/>
  </mem-info>
</gc-start>
<allocation-stats totalBytes="37714768" >
  <allocated-bytes non-tlh="0" tlh="37714768" arrayletleaf="0"/>
  <largest-consumer threadName="main" threadId="0000000001DE8F00" bytes="37714768" />
</allocation-stats>
<gc-op id="569" type="copy forward" timems="18.761" contextid="566" timestamp="2019-08-09T21:45:38.140">
  <memory-copied type="eden" objects="78050" bytes="1923064" bytesdiscarded="52312" />
  <memory-copied type="other" objects="154926" bytes="3932272" bytesdiscarded="163256" />
  <memory-cardclean objects="417" bytes="11976" />
  <regions eden="18" other="3" />
  <remembered-set-cleared processed="23464" cleared="8898" durationms="0.314" />
  <stringconstants candidates="14691" cleared="0"  />
</gc-op>
<gc-op id="570" type="classunload" timems="0.009" contextid="566" timestamp="2019-08-09T21:45:38.140">
  <classunload-info classloadercandidates="56" classloadersunloaded="0" classesunloaded="0" anonymousclassesunloaded="0" quiescems="0.000" setupms="0.009" scanms="0.000" postms="0.000" />
</gc-op>
<gc-end id="571" type="partial gc" contextid="566" durationms="21.729" usertimems="61.614" systemtimems="0.000" timestamp="2019-08-09T21:45:38.140" activeThreads="16">
  <mem-info id="572" free="60817408" total="121634816" percent="50">
    <mem type="eden" free="121776" total="2097152" percent="5" />
    <remembered-set count="37984" freebytes="4710784" totalbytes="4862720" percent="96" regionsoverflowed="0" regionsstable="0" regionsrebuilding="0"/>
  </mem-info>
</gc-end>
<cycle-end id="573" type="partial gc" contextid="566" timestamp="2019-08-09T21:45:38.140" />
  <attribute name="elasticGC enabled" value="1" />
  <attribute name= "numThreadsSpecified" value="16" />
  <attribute name="heapSize specified" value="0" />
  <attribute name="Current GC Util" value="94" />
  <attribute name= "Current Time Running" value="151208" />
  <attribute name ="GC Interval" value="0" />
  <attribute name="Target GC Util Change" value ="80.000000" />
  <attribute name="Current GC Util Change" value="94.000000"/>
  <attribute name="Current Error" value="-253.000000" />
  <attribute name="Output H" value="121710208"/>
  <attribute name="Output I" value="1720"/>
  <attribute name="Output T" value="16"/>
  <attribute name= "Current Time Running" value="151208" />
  <attribute name="GC Util currently" value="94" />
  <attribute name="CPU Util currently" value="489585719358" />
<exclusive-end id="574" timestamp="2019-08-09T21:45:38.141" durationms="22.466" />

<exclusive-start id="575" timestamp="2019-08-09T21:45:38.225" intervalms="106.528">
  <response-info timems="0.016" idlems="0.016" threads="0" lastid="0000000001DE8F00" lastname="main" />
</exclusive-start>
<allocation-taxation id="576" taxation-threshold="37748736" timestamp="2019-08-09T21:45:38.225" intervalms="106.509" />
<cycle-start id="577" type="partial gc" contextid="0" timestamp="2019-08-09T21:45:38.225" intervalms="106.460" />
<gc-start id="578" type="partial gc" contextid="577" timestamp="2019-08-09T21:45:38.225">
  <mem-info id="579" free="23068672" total="121634816" percent="18">
    <mem type="eden" free="0" total="37748736" percent="0" />
    <remembered-set count="37984" freebytes="4710784" totalbytes="4862720" percent="96" regionsoverflowed="0" regionsstable="0" regionsrebuilding="0"/>
  </mem-info>
</gc-start>
<allocation-stats totalBytes="37710720" >
  <allocated-bytes non-tlh="262160" tlh="37448560" arrayletleaf="0"/>
  <largest-consumer threadName="main" threadId="0000000001DE8F00" bytes="37710720" />
</allocation-stats>
<gc-op id="580" type="copy forward" timems="17.743" contextid="577" timestamp="2019-08-09T21:45:38.244">
  <memory-copied type="eden" objects="78278" bytes="2199968" bytesdiscarded="177360" />
  <memory-copied type="other" objects="82019" bytes="4004840" bytesdiscarded="346432" />
  <memory-cardclean objects="12744" bytes="535784" />
  <regions eden="18" other="2" />
  <remembered-set-cleared processed="27761" cleared="6862" durationms="0.196" />
  <finalization candidates="1" enqueued="0" />
  <references type="soft" candidates="32" cleared="0" enqueued="0" dynamicThreshold="16" maxThreshold="32" />
  <references type="weak" candidates="14" cleared="0" enqueued="0" />
  <references type="phantom" candidates="1" cleared="0" enqueued="0" />
  <stringconstants candidates="14691" cleared="0"  />
</gc-op>
<gc-op id="581" type="classunload" timems="0.026" contextid="577" timestamp="2019-08-09T21:45:38.244">
  <classunload-info classloadercandidates="56" classloadersunloaded="0" classesunloaded="0" anonymousclassesunloaded="0" quiescems="0.000" setupms="0.024" scanms="0.000" postms="0.000" />
</gc-op>
<heap-resize id="582" type="expand" space="default" amount="20971520" count="1" timems="0.135" reason="excessive time being spent in gc" timestamp="2019-08-09T21:45:38.244" />
<gc-end id="583" type="partial gc" contextid="577" durationms="19.000" usertimems="61.243" systemtimems="0.000" timestamp="2019-08-09T21:45:38.244" activeThreads="16">
  <mem-info id="584" free="77594624" total="142606336" percent="54">
    <mem type="eden" free="1816976" total="4194304" percent="43" />
    <remembered-set count="44544" freebytes="5522944" totalbytes="5701120" percent="96" regionsoverflowed="0" regionsstable="0" regionsrebuilding="0"/>
  </mem-info>
</gc-end>
<cycle-end id="585" type="partial gc" contextid="577" timestamp="2019-08-09T21:45:38.244" />
  <attribute name="elasticGC enabled" value="1" />
  <attribute name= "numThreadsSpecified" value="16" />
  <attribute name="heapSize specified" value="0" />
  <attribute name="Current GC Util" value="237" />
  <attribute name= "Current Time Running" value="151312" />
  <attribute name ="GC Interval" value="0" />
  <attribute name="Target GC Util Change" value ="80.000000" />
  <attribute name="Current GC Util Change" value="237.000000"/>
  <attribute name="Current Error" value="-157.000000" />
  <attribute name="Output H" value="121710320"/>
  <attribute name="Output I" value="1832"/>
  <attribute name="Output T" value="16"/>
  <attribute name= "Current Time Running" value="151312" />
  <attribute name="GC Util currently" value="237" />
  <attribute name="CPU Util currently" value="1697812269920" />
<exclusive-end id="586" timestamp="2019-08-09T21:45:38.244" durationms="19.629" />

<exclusive-start id="587" timestamp="2019-08-09T21:45:38.344" intervalms="118.919">
  <response-info timems="0.020" idlems="0.020" threads="0" lastid="0000000001DE8F00" lastname="main" />
</exclusive-start>
<allocation-taxation id="588" taxation-threshold="41943040" timestamp="2019-08-09T21:45:38.344" intervalms="118.921" />
<cycle-start id="589" type="partial gc" contextid="0" timestamp="2019-08-09T21:45:38.344" intervalms="118.813" />
<gc-start id="590" type="partial gc" contextid="589" timestamp="2019-08-09T21:45:38.344">
  <mem-info id="591" free="35651584" total="142606336" percent="25">
    <mem type="eden" free="0" total="41943040" percent="0" />
    <remembered-set count="44096" freebytes="5524736" totalbytes="5701120" percent="96" regionsoverflowed="0" regionsstable="0" regionsrebuilding="0"/>
  </mem-info>
</gc-start>
<allocation-stats totalBytes="41903704" >
  <allocated-bytes non-tlh="1809512" tlh="40094192" arrayletleaf="0"/>
  <largest-consumer threadName="main" threadId="0000000001DE8F00" bytes="41903704" />
</allocation-stats>
<gc-op id="592" type="copy forward" timems="22.190" contextid="589" timestamp="2019-08-09T21:45:38.368">
  <memory-copied type="eden" objects="83213" bytes="3288144" bytesdiscarded="456392" />
  <memory-copied type="other" objects="98929" bytes="2819120" bytesdiscarded="216104" />
  <memory-cardclean objects="11794" bytes="472480" />
  <regions eden="20" other="3" />
  <remembered-set-cleared processed="31804" cleared="8232" durationms="0.306" />
  <finalization candidates="1" enqueued="1" />
  <references type="soft" candidates="762" cleared="0" enqueued="0" dynamicThreshold="17" maxThreshold="32" />
  <references type="weak" candidates="154" cleared="0" enqueued="0" />
  <references type="phantom" candidates="1" cleared="0" enqueued="0" />
  <stringconstants candidates="14691" cleared="0"  />
</gc-op>
<gc-op id="593" type="classunload" timems="0.010" contextid="589" timestamp="2019-08-09T21:45:38.368">
  <classunload-info classloadercandidates="56" classloadersunloaded="0" classesunloaded="0" anonymousclassesunloaded="0" quiescems="0.000" setupms="0.010" scanms="0.000" postms="0.000" />
</gc-op>
<heap-resize id="594" type="expand" space="default" amount="25165824" count="1" timems="0.157" reason="excessive time being spent in gc" timestamp="2019-08-09T21:45:38.368" />
<gc-end id="595" type="partial gc" contextid="589" durationms="24.551" usertimems="116.362" systemtimems="0.000" timestamp="2019-08-09T21:45:38.369" activeThreads="16">
  <mem-info id="596" free="96468992" total="167772160" percent="57">
    <mem type="eden" free="2546896" total="6291456" percent="40" />
    <pending-finalizers system="0" default="1" reference="0" classloader="0" />
    <remembered-set count="51232" freebytes="6502272" totalbytes="6707200" percent="96" regionsoverflowed="0" regionsstable="0" regionsrebuilding="0"/>
  </mem-info>
</gc-end>
<cycle-end id="597" type="partial gc" contextid="589" timestamp="2019-08-09T21:45:38.369" />
  <attribute name="elasticGC enabled" value="1" />
  <attribute name= "numThreadsSpecified" value="16" />
  <attribute name="heapSize specified" value="0" />
  <attribute name="Current GC Util" value="207" />
  <attribute name= "Current Time Running" value="151432" />
  <attribute name ="GC Interval" value="0" />
  <attribute name="Target GC Util Change" value ="80.000000" />
  <attribute name="Current GC Util Change" value="207.000000"/>
  <attribute name="Current Error" value="-254.000000" />
  <attribute name="Output H" value="142681728"/>
  <attribute name="Output I" value="1720"/>
  <attribute name="Output T" value="16"/>
  <attribute name= "Current Time Running" value="151432" />
  <attribute name="GC Util currently" value="207" />
  <attribute name="CPU Util currently" value="662955945857" />
<exclusive-end id="598" timestamp="2019-08-09T21:45:38.369" durationms="25.187" />

-------------------------------------------------------------------------------
PYBENCH 2.0
-------------------------------------------------------------------------------
* using Python 2.5.2
* system check interval set to maximum: 2147483647
* using timer: time.time

Calibrating tests. Please wait...

Running 4 round(s) of the suite at warp factor 10:

<exclusive-start id="599" timestamp="2019-08-09T21:45:38.705" intervalms="361.112">
  <response-info timems="0.058" idlems="0.058" threads="0" lastid="0000000001DE8F00" lastname="main" />
</exclusive-start>
<allocation-taxation id="600" taxation-threshold="48234496" timestamp="2019-08-09T21:45:38.705" intervalms="361.136" />
<cycle-start id="601" type="partial gc" contextid="0" timestamp="2019-08-09T21:45:38.705" intervalms="361.470" />
<gc-start id="602" type="partial gc" contextid="601" timestamp="2019-08-09T21:45:38.705">
  <mem-info id="603" free="48234496" total="167772160" percent="28">
    <mem type="eden" free="0" total="48234496" percent="0" />
    <remembered-set count="50784" freebytes="6504064" totalbytes="6707200" percent="96" regionsoverflowed="0" regionsstable="0" regionsrebuilding="0"/>
  </mem-info>
</gc-start>
<allocation-stats totalBytes="48230080" >
  <allocated-bytes non-tlh="214888" tlh="48015192" arrayletleaf="0"/>
  <largest-consumer threadName="main" threadId="0000000001DE8F00" bytes="48230080" />
</allocation-stats>
<gc-op id="604" type="copy forward" timems="23.451" contextid="601" timestamp="2019-08-09T21:45:38.731">
  <memory-copied type="eden" objects="89413" bytes="2192344" bytesdiscarded="221600" />
  <memory-copied type="other" objects="157379" bytes="3925064" bytesdiscarded="257216" />
  <memory-cardclean objects="8898" bytes="517120" />
  <regions eden="23" other="4" />
  <remembered-set-cleared processed="36917" cleared="11389" durationms="0.276" />
  <references type="soft" candidates="2139" cleared="0" enqueued="0" dynamicThreshold="18" maxThreshold="32" />
  <references type="weak" candidates="80" cleared="0" enqueued="0" />
  <stringconstants candidates="15149" cleared="5"  />
</gc-op>
<gc-op id="605" type="classunload" timems="0.013" contextid="601" timestamp="2019-08-09T21:45:38.731">
  <classunload-info classloadercandidates="56" classloadersunloaded="0" classesunloaded="0" anonymousclassesunloaded="0" quiescems="0.000" setupms="0.013" scanms="0.000" postms="0.000" />
</gc-op>
<gc-end id="606" type="partial gc" contextid="601" durationms="26.051" usertimems="96.736" systemtimems="0.000" timestamp="2019-08-09T21:45:38.731" activeThreads="16">
  <mem-info id="607" free="96468992" total="167772160" percent="57">
    <mem type="eden" free="1780336" total="4194304" percent="42" />
    <remembered-set count="54144" freebytes="6490624" totalbytes="6707200" percent="96" regionsoverflowed="0" regionsstable="0" regionsrebuilding="0"/>
  </mem-info>
</gc-end>
<cycle-end id="608" type="partial gc" contextid="601" timestamp="2019-08-09T21:45:38.731" />
  <attribute name="elasticGC enabled" value="1" />
  <attribute name= "numThreadsSpecified" value="16" />
  <attribute name="heapSize specified" value="0" />
  <attribute name="Current GC Util" value="180" />
  <attribute name= "Current Time Running" value="151794" />
  <attribute name ="GC Interval" value="0" />
  <attribute name="Target GC Util Change" value ="80.000000" />
  <attribute name="Current GC Util Change" value="180.000000"/>
  <attribute name="Current Error" value="-305.000000" />
  <attribute name="Output H" value="167847488"/>
  <attribute name="Output I" value="1656"/>
  <attribute name="Output T" value="16"/>
  <attribute name= "Current Time Running" value="151794" />
  <attribute name="GC Util currently" value="180" />
  <attribute name="CPU Util currently" value="534806040668" />
<exclusive-end id="609" timestamp="2019-08-09T21:45:38.732" durationms="27.001" />

<exclusive-start id="610" timestamp="2019-08-09T21:45:40.912" intervalms="2207.141">
  <response-info timems="0.047" idlems="0.047" threads="0" lastid="0000000001DE8F00" lastname="main" />
</exclusive-start>
<allocation-taxation id="611" taxation-threshold="48234496" timestamp="2019-08-09T21:45:40.912" intervalms="2207.130" />
<cycle-start id="612" type="partial gc" contextid="0" timestamp="2019-08-09T21:45:40.912" intervalms="2206.788" />
<gc-start id="613" type="partial gc" contextid="612" timestamp="2019-08-09T21:45:40.912">
  <mem-info id="614" free="48234496" total="167772160" percent="28">
    <mem type="eden" free="0" total="48234496" percent="0" />
    <remembered-set count="54080" freebytes="6490880" totalbytes="6707200" percent="96" regionsoverflowed="0" regionsstable="0" regionsrebuilding="0"/>
  </mem-info>
</gc-start>
<allocation-stats totalBytes="48207024" >
  <allocated-bytes non-tlh="64" tlh="48206960" arrayletleaf="0"/>
  <largest-consumer threadName="main" threadId="0000000001DE8F00" bytes="48207024" />
</allocation-stats>
<gc-op id="615" type="copy forward" timems="24.242" contextid="612" timestamp="2019-08-09T21:45:40.940">
  <memory-copied type="eden" objects="91" bytes="3432" bytesdiscarded="13640" />
  <memory-copied type="other" objects="167073" bytes="4105048" bytesdiscarded="304416" />
  <memory-cardclean objects="5891" bytes="440448" />
  <regions eden="23" other="3" />
  <remembered-set-cleared processed="40973" cleared="10154" durationms="0.226" />
  <references type="soft" candidates="2139" cleared="0" enqueued="0" dynamicThreshold="18" maxThreshold="32" />
  <references type="weak" candidates="76" cleared="0" enqueued="0" />
  <stringconstants candidates="15145" cleared="0"  />
</gc-op>
<gc-op id="616" type="classunload" timems="0.008" contextid="612" timestamp="2019-08-09T21:45:40.940">
  <classunload-info classloadercandidates="56" classloadersunloaded="0" classesunloaded="0" anonymousclassesunloaded="0" quiescems="0.000" setupms="0.008" scanms="0.000" postms="0.000" />
</gc-op>
<gc-end id="617" type="partial gc" contextid="612" durationms="28.020" usertimems="145.019" systemtimems="0.000" timestamp="2019-08-09T21:45:40.940" activeThreads="16">
  <mem-info id="618" free="94371840" total="167772160" percent="56">
    <mem type="eden" free="2080080" total="2097152" percent="99" />
    <remembered-set count="54816" freebytes="6487936" totalbytes="6707200" percent="96" regionsoverflowed="0" regionsstable="0" regionsrebuilding="0"/>
  </mem-info>
</gc-end>
<cycle-end id="619" type="partial gc" contextid="612" timestamp="2019-08-09T21:45:40.940" />
  <attribute name="elasticGC enabled" value="1" />
  <attribute name= "numThreadsSpecified" value="16" />
  <attribute name="heapSize specified" value="0" />
  <attribute name="Current GC Util" value="226" />
  <attribute name= "Current Time Running" value="154002" />
  <attribute name ="GC Interval" value="0" />
  <attribute name="Target GC Util Change" value ="80.000000" />
  <attribute name="Current GC Util Change" value="226.000000"/>
  <attribute name="Current Error" value="-146.000000" />
  <attribute name="Output H" value="167847672"/>
  <attribute name="Output I" value="1840"/>
  <attribute name="Output T" value="16"/>
  <attribute name= "Current Time Running" value="154002" />
  <attribute name="GC Util currently" value="226" />
  <attribute name="CPU Util currently" value="341152004017" />
<exclusive-end id="620" timestamp="2019-08-09T21:45:40.940" durationms="28.668" />

<exclusive-start id="621" timestamp="2019-08-09T21:45:40.995" intervalms="83.472">
  <response-info timems="0.041" idlems="0.041" threads="0" lastid="0000000001DE8F00" lastname="main" />
</exclusive-start>
<allocation-taxation id="622" taxation-threshold="48234496" timestamp="2019-08-09T21:45:40.995" intervalms="83.460" />
<cycle-start id="623" type="partial gc" contextid="0" timestamp="2019-08-09T21:45:40.995" intervalms="83.452" />
<gc-start id="624" type="partial gc" contextid="623" timestamp="2019-08-09T21:45:40.996">
  <mem-info id="625" free="46137344" total="167772160" percent="27">
    <mem type="eden" free="0" total="48234496" percent="0" />
    <remembered-set count="54752" freebytes="6488192" totalbytes="6707200" percent="96" regionsoverflowed="0" regionsstable="0" regionsrebuilding="0"/>
  </mem-info>
</gc-start>
<allocation-stats totalBytes="48054160" >
  <allocated-bytes non-tlh="0" tlh="48054160" arrayletleaf="0"/>
  <largest-consumer threadName="main" threadId="0000000001DE8F00" bytes="48054160" />
</allocation-stats>
<gc-op id="626" type="copy forward" timems="12.668" contextid="623" timestamp="2019-08-09T21:45:41.009">
  <memory-copied type="eden" objects="1" bytes="32" bytesdiscarded="0" />
  <memory-copied type="other" objects="67472" bytes="1971424" bytesdiscarded="131696" />
  <memory-cardclean objects="6495" bytes="176376" />
  <regions eden="23" other="2" />
  <remembered-set-cleared processed="41826" cleared="5629" durationms="0.313" />
  <references type="weak" candidates="2" cleared="0" enqueued="0" />
  <stringconstants candidates="15145" cleared="0"  />
</gc-op>
<gc-op id="627" type="classunload" timems="0.011" contextid="623" timestamp="2019-08-09T21:45:41.009">
  <classunload-info classloadercandidates="56" classloadersunloaded="0" classesunloaded="0" anonymousclassesunloaded="0" quiescems="0.000" setupms="0.011" scanms="0.000" postms="0.000" />
</gc-op>
<heap-resize id="628" type="contract" space="default" amount="8388608" count="1" timems="0.251" reason="insufficient time being spent in gc" timestamp="2019-08-09T21:45:41.010" />
<gc-end id="629" type="partial gc" contextid="623" durationms="14.111" usertimems="61.422" systemtimems="0.000" timestamp="2019-08-09T21:45:41.010" activeThreads="16">
  <mem-info id="630" free="83886080" total="159383552" percent="52">
    <mem type="eden" free="2097120" total="2097152" percent="99" />
    <remembered-set count="55680" freebytes="6484480" totalbytes="6707200" percent="96" regionsoverflowed="0" regionsstable="0" regionsrebuilding="0"/>
  </mem-info>
</gc-end>
<cycle-end id="631" type="partial gc" contextid="623" timestamp="2019-08-09T21:45:41.010" />
  <attribute name="elasticGC enabled" value="1" />
  <attribute name= "numThreadsSpecified" value="16" />
  <attribute name="heapSize specified" value="0" />
  <attribute name="Current GC Util" value="209" />
  <attribute name= "Current Time Running" value="154083" />
  <attribute name ="GC Interval" value="0" />
  <attribute name="Target GC Util Change" value ="80.000000" />
  <attribute name="Current GC Util Change" value="209.000000"/>
  <attribute name="Current Error" value="-341.000000" />
  <attribute name="Output H" value="167847448"/>
  <attribute name="Output I" value="1616"/>
  <attribute name="Output T" value="16"/>
  <attribute name= "Current Time Running" value="154083" />
  <attribute name="GC Util currently" value="209" />
  <attribute name="CPU Util currently" value="1923494576899" />
<exclusive-end id="632" timestamp="2019-08-09T21:45:41.010" durationms="14.691" />

<exclusive-start id="633" timestamp="2019-08-09T21:45:41.043" intervalms="47.599">
  <response-info timems="0.080" idlems="0.080" threads="0" lastid="0000000001DE8F00" lastname="main" />
</exclusive-start>
<allocation-taxation id="634" taxation-threshold="46137344" timestamp="2019-08-09T21:45:41.043" intervalms="47.597" />
<cycle-start id="635" type="partial gc" contextid="0" timestamp="2019-08-09T21:45:41.043" intervalms="47.604" />
<gc-start id="636" type="partial gc" contextid="635" timestamp="2019-08-09T21:45:41.043">
  <mem-info id="637" free="37748736" total="159383552" percent="23">
    <mem type="eden" free="2097120" total="48234496" percent="4" />
    <remembered-set count="55264" freebytes="6486144" totalbytes="6707200" percent="96" regionsoverflowed="0" regionsstable="0" regionsrebuilding="0"/>
  </mem-info>
</gc-start>
<allocation-stats totalBytes="45982112" >
  <allocated-bytes non-tlh="0" tlh="45982112" arrayletleaf="0"/>
  <largest-consumer threadName="main" threadId="0000000001DE8F00" bytes="45982112" />
</allocation-stats>
<gc-op id="638" type="copy forward" timems="17.566" contextid="635" timestamp="2019-08-09T21:45:41.062">
  <memory-copied type="eden" objects="2" bytes="56" bytesdiscarded="0" />
  <memory-copied type="other" objects="78104" bytes="1952440" bytesdiscarded="90272" />
  <memory-cardclean objects="7274" bytes="594120" />
  <regions eden="22" other="2" />
  <remembered-set-cleared processed="41719" cleared="5722" durationms="0.377" />
  <references type="weak" candidates="6" cleared="0" enqueued="0" />
  <stringconstants candidates="15145" cleared="0"  />
</gc-op>
<gc-op id="639" type="classunload" timems="0.010" contextid="635" timestamp="2019-08-09T21:45:41.062">
  <classunload-info classloadercandidates="56" classloadersunloaded="0" classesunloaded="0" anonymousclassesunloaded="0" quiescems="0.000" setupms="0.009" scanms="0.000" postms="0.000" />
</gc-op>
<heap-resize id="640" type="contract" space="default" amount="8388608" count="1" timems="0.072" reason="insufficient time being spent in gc" timestamp="2019-08-09T21:45:41.063" />
<gc-end id="641" type="partial gc" contextid="635" durationms="19.378" usertimems="51.712" systemtimems="0.000" timestamp="2019-08-09T21:45:41.063" activeThreads="16">
  <mem-info id="642" free="75497472" total="150994944" percent="50">
    <mem type="eden" free="2097096" total="2097152" percent="99" />
    <remembered-set count="54560" freebytes="6153600" totalbytes="6371840" percent="96" regionsoverflowed="0" regionsstable="0" regionsrebuilding="0"/>
  </mem-info>
</gc-end>
<cycle-end id="643" type="partial gc" contextid="635" timestamp="2019-08-09T21:45:41.063" />
  <attribute name="elasticGC enabled" value="1" />
  <attribute name= "numThreadsSpecified" value="16" />
  <attribute name="heapSize specified" value="0" />
  <attribute name="Current GC Util" value="139" />
  <attribute name= "Current Time Running" value="154131" />
  <attribute name ="GC Interval" value="0" />
  <attribute name="Target GC Util Change" value ="80.000000" />
  <attribute name="Current GC Util Change" value="139.000000"/>
  <attribute name="Current Error" value="-418.000000" />
  <attribute name="Output H" value="159458752"/>
  <attribute name="Output I" value="1528"/>
  <attribute name="Output T" value="16"/>
  <attribute name= "Current Time Running" value="154131" />
  <attribute name="GC Util currently" value="139" />
  <attribute name="CPU Util currently" value="965492385000" />
<exclusive-end id="644" timestamp="2019-08-09T21:45:41.063" durationms="19.932" />

<exclusive-start id="645" timestamp="2019-08-09T21:45:41.086" intervalms="43.622">
  <response-info timems="0.039" idlems="0.039" threads="0" lastid="0000000001DE8F00" lastname="main" />
</exclusive-start>
<allocation-taxation id="646" taxation-threshold="44040192" timestamp="2019-08-09T21:45:41.087" intervalms="43.627" />
<cycle-start id="647" type="partial gc" contextid="0" timestamp="2019-08-09T21:45:41.087" intervalms="43.732" />
<gc-start id="648" type="partial gc" contextid="647" timestamp="2019-08-09T21:45:41.087">
  <mem-info id="649" free="31457280" total="150994944" percent="20">
    <mem type="eden" free="2097096" total="46137344" percent="4" />
    <remembered-set count="54464" freebytes="6153984" totalbytes="6371840" percent="96" regionsoverflowed="0" regionsstable="0" regionsrebuilding="0"/>
  </mem-info>
</gc-start>
<allocation-stats totalBytes="43892328" >
  <allocated-bytes non-tlh="0" tlh="43892328" arrayletleaf="0"/>
  <largest-consumer threadName="main" threadId="0000000001DE8F00" bytes="43892328" />
</allocation-stats>
<gc-op id="650" type="copy forward" timems="10.273" contextid="647" timestamp="2019-08-09T21:45:41.100">
  <memory-copied type="eden" objects="2" bytes="56" bytesdiscarded="0" />
  <memory-copied type="other" objects="78401" bytes="1934984" bytesdiscarded="119248" />
  <memory-cardclean objects="4400" bytes="382872" />
  <regions eden="21" other="2" />
  <remembered-set-cleared processed="41922" cleared="6049" durationms="0.426" />
  <stringconstants candidates="15145" cleared="0"  />
</gc-op>
<gc-op id="651" type="classunload" timems="0.009" contextid="647" timestamp="2019-08-09T21:45:41.100">
  <classunload-info classloadercandidates="56" classloadersunloaded="0" classesunloaded="0" anonymousclassesunloaded="0" quiescems="0.000" setupms="0.009" scanms="0.000" postms="0.000" />
</gc-op>
<heap-resize id="652" type="expand" space="default" amount="27262976" count="1" timems="0.159" reason="excessive time being spent in gc" timestamp="2019-08-09T21:45:41.100" />
<gc-end id="653" type="partial gc" contextid="647" durationms="12.951" usertimems="43.666" systemtimems="0.000" timestamp="2019-08-09T21:45:41.100" activeThreads="16">
  <mem-info id="654" free="102760448" total="178257920" percent="57">
    <mem type="eden" free="2097096" total="2097152" percent="99" />
    <remembered-set count="56512" freebytes="6900352" totalbytes="7126400" percent="96" regionsoverflowed="0" regionsstable="0" regionsrebuilding="0"/>
  </mem-info>
</gc-end>
<cycle-end id="655" type="partial gc" contextid="647" timestamp="2019-08-09T21:45:41.100" />
  <attribute name="elasticGC enabled" value="1" />
  <attribute name= "numThreadsSpecified" value="16" />
  <attribute name="heapSize specified" value="0" />
  <attribute name="Current GC Util" value="177" />
  <attribute name= "Current Time Running" value="154176" />
  <attribute name ="GC Interval" value="0" />
  <attribute name="Target GC Util Change" value ="80.000000" />
  <attribute name="Current GC Util Change" value="177.000000"/>
  <attribute name="Current Error" value="-97.000000" />
  <attribute name="Output H" value="151070512"/>
  <attribute name="Output I" value="1896"/>
  <attribute name="Output T" value="16"/>
  <attribute name= "Current Time Running" value="154176" />
  <attribute name="GC Util currently" value="177" />
  <attribute name="CPU Util currently" value="582245646822" />
<exclusive-end id="656" timestamp="2019-08-09T21:45:41.100" durationms="13.773" />

<exclusive-start id="657" timestamp="2019-08-09T21:45:41.130" intervalms="43.787">
  <response-info timems="0.021" idlems="0.021" threads="0" lastid="0000000001DE8F00" lastname="main" />
</exclusive-start>
<allocation-taxation id="658" taxation-threshold="52428800" timestamp="2019-08-09T21:45:41.130" intervalms="43.784" />
<cycle-start id="659" type="partial gc" contextid="0" timestamp="2019-08-09T21:45:41.130" intervalms="43.767" />
<gc-start id="660" type="partial gc" contextid="659" timestamp="2019-08-09T21:45:41.131">
  <mem-info id="661" free="50331648" total="178257920" percent="28">
    <mem type="eden" free="2097096" total="54525952" percent="3" />
    <remembered-set count="56096" freebytes="6902016" totalbytes="7126400" percent="96" regionsoverflowed="0" regionsstable="0" regionsrebuilding="0"/>
  </mem-info>
</gc-start>
<allocation-stats totalBytes="52253456" >
  <allocated-bytes non-tlh="0" tlh="52253456" arrayletleaf="0"/>
  <largest-consumer threadName="main" threadId="0000000001DE8F00" bytes="52253456" />
</allocation-stats>
<gc-op id="662" type="copy forward" timems="12.194" contextid="659" timestamp="2019-08-09T21:45:41.144">
  <memory-copied type="eden" objects="2" bytes="56" bytesdiscarded="0" />
  <memory-copied type="other" objects="77675" bytes="1913208" bytesdiscarded="81808" />
  <memory-cardclean objects="5229" bytes="403136" />
  <regions eden="25" other="2" />
  <remembered-set-cleared processed="42472" cleared="5918" durationms="0.367" />
  <stringconstants candidates="15145" cleared="0"  />
</gc-op>
<gc-op id="663" type="classunload" timems="0.010" contextid="659" timestamp="2019-08-09T21:45:41.144">
  <classunload-info classloadercandidates="56" classloadersunloaded="0" classesunloaded="0" anonymousclassesunloaded="0" quiescems="0.000" setupms="0.010" scanms="0.000" postms="0.000" />
</gc-op>
<heap-resize id="664" type="expand" space="default" amount="10485760" count="1" timems="0.116" reason="excessive time being spent in gc" timestamp="2019-08-09T21:45:41.144" />
<gc-end id="665" type="partial gc" contextid="659" durationms="13.570" usertimems="45.066" systemtimems="0.000" timestamp="2019-08-09T21:45:41.144" activeThreads="16">
  <mem-info id="666" free="113246208" total="188743680" percent="60">
    <mem type="eden" free="2097096" total="2097152" percent="99" />
    <remembered-set count="55808" freebytes="7322368" totalbytes="7545600" percent="97" regionsoverflowed="0" regionsstable="0" regionsrebuilding="0"/>
  </mem-info>
</gc-end>
<cycle-end id="667" type="partial gc" contextid="659" timestamp="2019-08-09T21:45:41.144" />
  <attribute name="elasticGC enabled" value="1" />
  <attribute name= "numThreadsSpecified" value="16" />
  <attribute name="heapSize specified" value="0" />
  <attribute name="Current GC Util" value="108" />
  <attribute name= "Current Time Running" value="154218" />
  <attribute name ="GC Interval" value="0" />
  <attribute name="Target GC Util Change" value ="80.000000" />
  <attribute name="Current GC Util Change" value="108.000000"/>
  <attribute name="Current Error" value="-141.000000" />
  <attribute name="Output H" value="178333440"/>
  <attribute name="Output I" value="1848"/>
  <attribute name="Output T" value="16"/>
  <attribute name= "Current Time Running" value="154218" />
  <attribute name="GC Util currently" value="108" />
  <attribute name="CPU Util currently" value="1654665800878" />
<exclusive-end id="668" timestamp="2019-08-09T21:45:41.144" durationms="14.212" />

<exclusive-start id="669" timestamp="2019-08-09T21:45:41.183" intervalms="52.988">
  <response-info timems="0.056" idlems="0.056" threads="0" lastid="0000000001DE8F00" lastname="main" />
</exclusive-start>
<allocation-taxation id="670" taxation-threshold="54525952" timestamp="2019-08-09T21:45:41.183" intervalms="52.979" />
<cycle-start id="671" type="partial gc" contextid="0" timestamp="2019-08-09T21:45:41.183" intervalms="52.927" />
<gc-start id="672" type="partial gc" contextid="671" timestamp="2019-08-09T21:45:41.184">
  <mem-info id="673" free="58720256" total="188743680" percent="31">
    <mem type="eden" free="2097096" total="56623104" percent="3" />
    <remembered-set count="55744" freebytes="7322624" totalbytes="7545600" percent="97" regionsoverflowed="0" regionsstable="0" regionsrebuilding="0"/>
  </mem-info>
</gc-start>
<allocation-stats totalBytes="54343720" >
  <allocated-bytes non-tlh="0" tlh="54343720" arrayletleaf="0"/>
  <largest-consumer threadName="main" threadId="0000000001DE8F00" bytes="54343720" />
</allocation-stats>
<gc-op id="674" type="copy forward" timems="18.963" contextid="671" timestamp="2019-08-09T21:45:41.205">
  <memory-copied type="eden" objects="2" bytes="56" bytesdiscarded="0" />
  <memory-copied type="other" objects="80257" bytes="2001616" bytesdiscarded="95488" />
  <memory-cardclean objects="3673" bytes="97640" />
  <regions eden="26" other="2" />
  <remembered-set-cleared processed="42765" cleared="4621" durationms="0.299" />
  <references type="soft" candidates="2139" cleared="0" enqueued="0" dynamicThreshold="19" maxThreshold="32" />
  <references type="weak" candidates="74" cleared="0" enqueued="0" />
  <stringconstants candidates="15145" cleared="0"  />
</gc-op>
<gc-op id="675" type="classunload" timems="0.011" contextid="671" timestamp="2019-08-09T21:45:41.205">
  <classunload-info classloadercandidates="56" classloadersunloaded="0" classesunloaded="0" anonymousclassesunloaded="0" quiescems="0.000" setupms="0.011" scanms="0.000" postms="0.000" />
</gc-op>
<gc-end id="676" type="partial gc" contextid="671" durationms="21.673" usertimems="74.840" systemtimems="0.000" timestamp="2019-08-09T21:45:41.205" activeThreads="16">
  <mem-info id="677" free="113246208" total="188743680" percent="60">
    <mem type="eden" free="2097096" total="2097152" percent="99" />
    <remembered-set count="57760" freebytes="7314560" totalbytes="7545600" percent="96" regionsoverflowed="0" regionsstable="0" regionsrebuilding="0"/>
  </mem-info>
</gc-end>
<cycle-end id="678" type="partial gc" contextid="671" timestamp="2019-08-09T21:45:41.205" />
  <attribute name="elasticGC enabled" value="1" />
  <attribute name= "numThreadsSpecified" value="16" />
  <attribute name="heapSize specified" value="0" />
  <attribute name="Current GC Util" value="211" />
  <attribute name= "Current Time Running" value="154272" />
  <attribute name ="GC Interval" value="0" />
  <attribute name="Target GC Util Change" value ="80.000000" />
  <attribute name="Current GC Util Change" value="211.000000"/>
  <attribute name="Current Error" value="-276.000000" />
  <attribute name="Output H" value="188819048"/>
  <attribute name="Output I" value="1696"/>
  <attribute name="Output T" value="16"/>
  <attribute name= "Current Time Running" value="154272" />
  <attribute name="GC Util currently" value="211" />
  <attribute name="CPU Util currently" value="579611513135" />
<exclusive-end id="679" timestamp="2019-08-09T21:45:41.206" durationms="22.359" />

<exclusive-start id="680" timestamp="2019-08-09T21:45:41.235" intervalms="52.081">
  <response-info timems="0.044" idlems="0.044" threads="0" lastid="0000000001DE8F00" lastname="main" />
</exclusive-start>
<allocation-taxation id="681" taxation-threshold="54525952" timestamp="2019-08-09T21:45:41.235" intervalms="52.087" />
<cycle-start id="682" type="partial gc" contextid="0" timestamp="2019-08-09T21:45:41.236" intervalms="52.162" />
<gc-start id="683" type="partial gc" contextid="682" timestamp="2019-08-09T21:45:41.236">
  <mem-info id="684" free="58720256" total="188743680" percent="31">
    <mem type="eden" free="2097096" total="56623104" percent="3" />
    <remembered-set count="57344" freebytes="7316224" totalbytes="7545600" percent="96" regionsoverflowed="0" regionsstable="0" regionsrebuilding="0"/>
  </mem-info>
</gc-start>
<allocation-stats totalBytes="54343744" >
  <allocated-bytes non-tlh="0" tlh="54343744" arrayletleaf="0"/>
  <largest-consumer threadName="main" threadId="0000000001DE8F00" bytes="54343744" />
</allocation-stats>
<gc-op id="685" type="copy forward" timems="19.990" contextid="682" timestamp="2019-08-09T21:45:41.258">
  <memory-copied type="eden" objects="2" bytes="56" bytesdiscarded="0" />
  <memory-copied type="other" objects="75060" bytes="1831088" bytesdiscarded="106128" />
  <memory-cardclean objects="4673" bytes="394320" />
  <regions eden="26" other="2" />
  <remembered-set-cleared processed="42827" cleared="6135" durationms="0.220" />
  <stringconstants candidates="15145" cleared="0"  />
</gc-op>
<gc-op id="686" type="classunload" timems="0.009" contextid="682" timestamp="2019-08-09T21:45:41.258">
  <classunload-info classloadercandidates="56" classloadersunloaded="0" classesunloaded="0" anonymousclassesunloaded="0" quiescems="0.000" setupms="0.008" scanms="0.000" postms="0.000" />
</gc-op>
<gc-end id="687" type="partial gc" contextid="682" durationms="22.226" usertimems="90.789" systemtimems="0.000" timestamp="2019-08-09T21:45:41.258" activeThreads="16">
  <mem-info id="688" free="113246208" total="188743680" percent="60">
    <mem type="eden" free="2097096" total="2097152" percent="99" />
    <remembered-set count="54656" freebytes="7326976" totalbytes="7545600" percent="97" regionsoverflowed="0" regionsstable="0" regionsrebuilding="0"/>
  </mem-info>
</gc-end>
<cycle-end id="689" type="partial gc" contextid="682" timestamp="2019-08-09T21:45:41.258" />
  <attribute name="elasticGC enabled" value="1" />
  <attribute name= "numThreadsSpecified" value="16" />
  <attribute name="heapSize specified" value="0" />
  <attribute name="Current GC Util" value="259" />
  <attribute name= "Current Time Running" value="154324" />
  <attribute name ="GC Interval" value="0" />
  <attribute name="Target GC Util Change" value ="80.000000" />
  <attribute name="Current GC Util Change" value="259.000000"/>
  <attribute name="Current Error" value="-179.000000" />
  <attribute name="Output H" value="188819160"/>
  <attribute name="Output I" value="1808"/>
  <attribute name="Output T" value="16"/>
  <attribute name= "Current Time Running" value="154324" />
  <attribute name="GC Util currently" value="259" />
  <attribute name="CPU Util currently" value="743072449347" />
<exclusive-end id="690" timestamp="2019-08-09T21:45:41.258" durationms="22.986" />

<exclusive-start id="691" timestamp="2019-08-09T21:45:41.290" intervalms="55.165">
  <response-info timems="0.048" idlems="0.048" threads="0" lastid="0000000001DE8F00" lastname="main" />
</exclusive-start>
<allocation-taxation id="692" taxation-threshold="54525952" timestamp="2019-08-09T21:45:41.291" intervalms="55.170" />
<cycle-start id="693" type="partial gc" contextid="0" timestamp="2019-08-09T21:45:41.291" intervalms="55.059" />
<gc-start id="694" type="partial gc" contextid="693" timestamp="2019-08-09T21:45:41.291">
  <mem-info id="695" free="58720256" total="188743680" percent="31">
    <mem type="eden" free="2097096" total="56623104" percent="3" />
    <remembered-set count="54336" freebytes="7328256" totalbytes="7545600" percent="97" regionsoverflowed="0" regionsstable="0" regionsrebuilding="0"/>
  </mem-info>
</gc-start>
<allocation-stats totalBytes="54343744" >
  <allocated-bytes non-tlh="0" tlh="54343744" arrayletleaf="0"/>
  <largest-consumer threadName="main" threadId="0000000001DE8F00" bytes="54343744" />
</allocation-stats>
<gc-op id="696" type="copy forward" timems="12.861" contextid="693" timestamp="2019-08-09T21:45:41.306">
  <memory-copied type="eden" objects="2" bytes="56" bytesdiscarded="0" />
  <memory-copied type="other" objects="68662" bytes="2001160" bytesdiscarded="115104" />
  <memory-cardclean objects="5403" bytes="129288" />
  <regions eden="26" other="2" />
  <remembered-set-cleared processed="42430" cleared="5643" durationms="0.211" />
  <stringconstants candidates="15145" cleared="0"  />
</gc-op>
<gc-op id="697" type="classunload" timems="0.010" contextid="693" timestamp="2019-08-09T21:45:41.306">
  <classunload-info classloadercandidates="56" classloadersunloaded="0" classesunloaded="0" anonymousclassesunloaded="0" quiescems="0.000" setupms="0.009" scanms="0.000" postms="0.000" />
</gc-op>
<gc-end id="698" type="partial gc" contextid="693" durationms="15.160" usertimems="46.953" systemtimems="0.000" timestamp="2019-08-09T21:45:41.306" activeThreads="16">
  <mem-info id="699" free="113246208" total="188743680" percent="60">
    <mem type="eden" free="2097096" total="2097152" percent="99" />
    <remembered-set count="55456" freebytes="7323776" totalbytes="7545600" percent="97" regionsoverflowed="0" regionsstable="0" regionsrebuilding="0"/>
  </mem-info>
</gc-end>
<cycle-end id="700" type="partial gc" contextid="693" timestamp="2019-08-09T21:45:41.306" />
  <attribute name="elasticGC enabled" value="1" />
  <attribute name= "numThreadsSpecified" value="16" />
  <attribute name="heapSize specified" value="0" />
  <attribute name="Current GC Util" value="233" />
  <attribute name= "Current Time Running" value="154379" />
  <attribute name ="GC Interval" value="0" />
  <attribute name="Target GC Util Change" value ="80.000000" />
  <attribute name="Current GC Util Change" value="233.000000"/>
  <attribute name="Current Error" value="-379.000000" />
  <attribute name="Output H" value="188818928"/>
  <attribute name="Output I" value="1576"/>
  <attribute name="Output T" value="16"/>
  <attribute name= "Current Time Running" value="154379" />
  <attribute name="GC Util currently" value="233" />
  <attribute name="CPU Util currently" value="671520908588" />
<exclusive-end id="701" timestamp="2019-08-09T21:45:41.306" durationms="15.868" />

<exclusive-start id="702" timestamp="2019-08-09T21:45:41.336" intervalms="45.931">
  <response-info timems="0.043" idlems="0.043" threads="0" lastid="0000000001DE8F00" lastname="main" />
</exclusive-start>
<allocation-taxation id="703" taxation-threshold="54525952" timestamp="2019-08-09T21:45:41.336" intervalms="45.932" />
<cycle-start id="704" type="partial gc" contextid="0" timestamp="2019-08-09T21:45:41.337" intervalms="46.086" />
<gc-start id="705" type="partial gc" contextid="704" timestamp="2019-08-09T21:45:41.337">
  <mem-info id="706" free="58720256" total="188743680" percent="31">
    <mem type="eden" free="2097096" total="56623104" percent="3" />
    <remembered-set count="55392" freebytes="7324032" totalbytes="7545600" percent="97" regionsoverflowed="0" regionsstable="0" regionsrebuilding="0"/>
  </mem-info>
</gc-start>
<allocation-stats totalBytes="54343744" >
  <allocated-bytes non-tlh="0" tlh="54343744" arrayletleaf="0"/>
  <largest-consumer threadName="main" threadId="0000000001DE8F00" bytes="54343744" />
</allocation-stats>
<gc-op id="707" type="copy forward" timems="15.224" contextid="704" timestamp="2019-08-09T21:45:41.353">
  <memory-copied type="eden" objects="2" bytes="56" bytesdiscarded="0" />
  <memory-copied type="other" objects="79901" bytes="2007088" bytesdiscarded="122840" />
  <memory-cardclean objects="7663" bytes="589808" />
  <regions eden="26" other="2" />
  <remembered-set-cleared processed="42462" cleared="5775" durationms="0.253" />
  <references type="weak" candidates="6" cleared="0" enqueued="0" />
  <stringconstants candidates="15145" cleared="0"  />
</gc-op>
<gc-op id="708" type="classunload" timems="0.010" contextid="704" timestamp="2019-08-09T21:45:41.353">
  <classunload-info classloadercandidates="56" classloadersunloaded="0" classesunloaded="0" anonymousclassesunloaded="0" quiescems="0.000" setupms="0.010" scanms="0.000" postms="0.000" />
</gc-op>
<gc-end id="709" type="partial gc" contextid="704" durationms="16.545" usertimems="79.732" systemtimems="0.000" timestamp="2019-08-09T21:45:41.354" activeThreads="16">
  <mem-info id="710" free="113246208" total="188743680" percent="60">
    <mem type="eden" free="2097096" total="2097152" percent="99" />
    <remembered-set count="56384" freebytes="7320064" totalbytes="7545600" percent="97" regionsoverflowed="0" regionsstable="0" regionsrebuilding="0"/>
  </mem-info>
</gc-end>
<cycle-end id="711" type="partial gc" contextid="704" timestamp="2019-08-09T21:45:41.354" />
  <attribute name="elasticGC enabled" value="1" />
  <attribute name= "numThreadsSpecified" value="16" />
  <attribute name="heapSize specified" value="0" />
  <attribute name="Current GC Util" value="170" />
  <attribute name= "Current Time Running" value="154425" />
  <attribute name ="GC Interval" value="0" />
  <attribute name="Target GC Util Change" value ="80.000000" />
  <attribute name="Current GC Util Change" value="170.000000"/>
  <attribute name="Current Error" value="-481.000000" />
  <attribute name="Output H" value="188818808"/>
  <attribute name="Output I" value="1456"/>
  <attribute name="Output T" value="16"/>
  <attribute name= "Current Time Running" value="154425" />
  <attribute name="GC Util currently" value="170" />
  <attribute name="CPU Util currently" value="1586625595257" />
<exclusive-end id="712" timestamp="2019-08-09T21:45:41.354" durationms="17.498" />

<exclusive-start id="713" timestamp="2019-08-09T21:45:41.386" intervalms="49.275">
  <response-info timems="0.091" idlems="0.091" threads="0" lastid="0000000001DE8F00" lastname="main" />
</exclusive-start>
<allocation-taxation id="714" taxation-threshold="54525952" timestamp="2019-08-09T21:45:41.386" intervalms="49.263" />
<cycle-start id="715" type="partial gc" contextid="0" timestamp="2019-08-09T21:45:41.386" intervalms="49.151" />
<gc-start id="716" type="partial gc" contextid="715" timestamp="2019-08-09T21:45:41.386">
  <mem-info id="717" free="58720256" total="188743680" percent="31">
    <mem type="eden" free="2097096" total="56623104" percent="3" />
    <remembered-set count="56288" freebytes="7320448" totalbytes="7545600" percent="97" regionsoverflowed="0" regionsstable="0" regionsrebuilding="0"/>
  </mem-info>
</gc-start>
<allocation-stats totalBytes="54343744" >
  <allocated-bytes non-tlh="0" tlh="54343744" arrayletleaf="0"/>
  <largest-consumer threadName="main" threadId="0000000001DE8F00" bytes="54343744" />
</allocation-stats>
<gc-op id="718" type="copy forward" timems="11.234" contextid="715" timestamp="2019-08-09T21:45:41.400">
  <memory-copied type="eden" objects="2" bytes="56" bytesdiscarded="0" />
  <memory-copied type="other" objects="1869" bytes="91032" bytesdiscarded="10768" />
  <memory-cardclean objects="1780" bytes="193080" />
  <regions eden="26" other="2" />
  <remembered-set-cleared processed="42904" cleared="1135" durationms="0.425" />
  <finalization candidates="1" enqueued="0" />
  <references type="soft" candidates="17" cleared="0" enqueued="0" dynamicThreshold="19" maxThreshold="32" />
  <references type="phantom" candidates="1" cleared="0" enqueued="0" />
  <stringconstants candidates="15145" cleared="0"  />
</gc-op>
<gc-op id="719" type="classunload" timems="0.009" contextid="715" timestamp="2019-08-09T21:45:41.400">
  <classunload-info classloadercandidates="56" classloadersunloaded="0" classesunloaded="0" anonymousclassesunloaded="0" quiescems="0.000" setupms="0.009" scanms="0.000" postms="0.000" />
</gc-op>
<gc-end id="720" type="partial gc" contextid="715" durationms="13.873" usertimems="38.398" systemtimems="0.000" timestamp="2019-08-09T21:45:41.400" activeThreads="16">
  <mem-info id="721" free="115343360" total="188743680" percent="61">
    <mem type="eden" free="2097096" total="2097152" percent="99" />
    <remembered-set count="56480" freebytes="7319680" totalbytes="7545600" percent="97" regionsoverflowed="0" regionsstable="0" regionsrebuilding="0"/>
  </mem-info>
</gc-end>
<cycle-end id="722" type="partial gc" contextid="715" timestamp="2019-08-09T21:45:41.400" />
  <attribute name="elasticGC enabled" value="1" />
  <attribute name= "numThreadsSpecified" value="16" />
  <attribute name="heapSize specified" value="0" />
  <attribute name="Current GC Util" value="250" />
  <attribute name= "Current Time Running" value="154475" />
  <attribute name ="GC Interval" value="0" />
  <attribute name="Target GC Util Change" value ="80.000000" />
  <attribute name="Current GC Util Change" value="250.000000"/>
  <attribute name="Current Error" value="-170.000000" />
  <attribute name="Output H" value="188819168"/>
  <attribute name="Output I" value="1816"/>
  <attribute name="Output T" value="16"/>
  <attribute name= "Current Time Running" value="154475" />
  <attribute name="GC Util currently" value="250" />
  <attribute name="CPU Util currently" value="542697880889" />
<exclusive-end id="723" timestamp="2019-08-09T21:45:41.400" durationms="14.487" />

<exclusive-start id="724" timestamp="2019-08-09T21:45:41.430" intervalms="44.513">
  <response-info timems="0.046" idlems="0.046" threads="0" lastid="0000000001DE8F00" lastname="main" />
</exclusive-start>
<allocation-taxation id="725" taxation-threshold="54525952" timestamp="2019-08-09T21:45:41.430" intervalms="44.526" />
<cycle-start id="726" type="partial gc" contextid="0" timestamp="2019-08-09T21:45:41.430" intervalms="44.448" />
<gc-start id="727" type="partial gc" contextid="726" timestamp="2019-08-09T21:45:41.431">
  <mem-info id="728" free="60817408" total="188743680" percent="32">
    <mem type="eden" free="2097096" total="56623104" percent="3" />
    <remembered-set count="56480" freebytes="7319680" totalbytes="7545600" percent="97" regionsoverflowed="0" regionsstable="0" regionsrebuilding="0"/>
  </mem-info>
</gc-start>
<allocation-stats totalBytes="54343744" >
  <allocated-bytes non-tlh="0" tlh="54343744" arrayletleaf="0"/>
  <largest-consumer threadName="main" threadId="0000000001DE8F00" bytes="54343744" />
</allocation-stats>
<gc-op id="729" type="copy forward" timems="18.344" contextid="726" timestamp="2019-08-09T21:45:41.450">
  <memory-copied type="eden" objects="2" bytes="56" bytesdiscarded="0" />
  <memory-copied type="other" objects="80786" bytes="2013168" bytesdiscarded="131048" />
  <memory-cardclean objects="3299" bytes="84936" />
  <regions eden="26" other="2" />
  <remembered-set-cleared processed="42676" cleared="4957" durationms="0.241" />
  <references type="soft" candidates="2134" cleared="0" enqueued="0" dynamicThreshold="19" maxThreshold="32" />
  <references type="weak" candidates="73" cleared="0" enqueued="0" />
  <stringconstants candidates="15145" cleared="0"  />
</gc-op>
<gc-op id="730" type="classunload" timems="0.015" contextid="726" timestamp="2019-08-09T21:45:41.450">
  <classunload-info classloadercandidates="56" classloadersunloaded="0" classesunloaded="0" anonymousclassesunloaded="0" quiescems="0.000" setupms="0.015" scanms="0.000" postms="0.000" />
</gc-op>
<gc-end id="731" type="partial gc" contextid="726" durationms="19.755" usertimems="83.084" systemtimems="0.000" timestamp="2019-08-09T21:45:41.450" activeThreads="16">
  <mem-info id="732" free="115343360" total="188743680" percent="61">
    <mem type="eden" free="2097096" total="2097152" percent="99" />
    <remembered-set count="55232" freebytes="7324672" totalbytes="7545600" percent="97" regionsoverflowed="0" regionsstable="0" regionsrebuilding="0"/>
  </mem-info>
</gc-end>
<cycle-end id="733" type="partial gc" contextid="726" timestamp="2019-08-09T21:45:41.450" />
  <attribute name="elasticGC enabled" value="1" />
  <attribute name= "numThreadsSpecified" value="16" />
  <attribute name="heapSize specified" value="0" />
  <attribute name="Current GC Util" value="184" />
  <attribute name= "Current Time Running" value="154518" />
  <attribute name ="GC Interval" value="0" />
  <attribute name="Target GC Util Change" value ="80.000000" />
  <attribute name="Current GC Util Change" value="184.000000"/>
  <attribute name="Current Error" value="-267.000000" />
  <attribute name="Output H" value="188819056"/>
  <attribute name="Output I" value="1704"/>
  <attribute name="Output T" value="16"/>
  <attribute name= "Current Time Running" value="154518" />
  <attribute name="GC Util currently" value="184" />
  <attribute name="CPU Util currently" value="2048989809631" />
<exclusive-end id="734" timestamp="2019-08-09T21:45:41.450" durationms="20.260" />

<exclusive-start id="735" timestamp="2019-08-09T21:45:41.484" intervalms="54.188">
  <response-info timems="0.108" idlems="0.108" threads="0" lastid="0000000001DE8F00" lastname="main" />
</exclusive-start>
<allocation-taxation id="736" taxation-threshold="54525952" timestamp="2019-08-09T21:45:41.484" intervalms="54.181" />
<cycle-start id="737" type="partial gc" contextid="0" timestamp="2019-08-09T21:45:41.484" intervalms="54.179" />
<gc-start id="738" type="partial gc" contextid="737" timestamp="2019-08-09T21:45:41.485">
  <mem-info id="739" free="60817408" total="188743680" percent="32">
    <mem type="eden" free="2097096" total="56623104" percent="3" />
    <remembered-set count="55040" freebytes="7325440" totalbytes="7545600" percent="97" regionsoverflowed="0" regionsstable="0" regionsrebuilding="0"/>
  </mem-info>
</gc-start>
<allocation-stats totalBytes="54343744" >
  <allocated-bytes non-tlh="0" tlh="54343744" arrayletleaf="0"/>
  <largest-consumer threadName="main" threadId="0000000001DE8F00" bytes="54343744" />
</allocation-stats>
<gc-op id="740" type="copy forward" timems="16.051" contextid="737" timestamp="2019-08-09T21:45:41.504">
  <memory-copied type="eden" objects="2" bytes="56" bytesdiscarded="0" />
  <memory-copied type="other" objects="78308" bytes="1932752" bytesdiscarded="118824" />
  <memory-cardclean objects="3413" bytes="353800" />
  <regions eden="26" other="2" />
  <remembered-set-cleared processed="42297" cleared="6397" durationms="0.240" />
  <stringconstants candidates="15145" cleared="0"  />
</gc-op>
<gc-op id="741" type="classunload" timems="0.012" contextid="737" timestamp="2019-08-09T21:45:41.505">
  <classunload-info classloadercandidates="56" classloadersunloaded="0" classesunloaded="0" anonymousclassesunloaded="0" quiescems="0.000" setupms="0.012" scanms="0.000" postms="0.000" />
</gc-op>
<gc-end id="742" type="partial gc" contextid="737" durationms="19.815" usertimems="72.054" systemtimems="0.000" timestamp="2019-08-09T21:45:41.505" activeThreads="16">
  <mem-info id="743" free="115343360" total="188743680" percent="61">
    <mem type="eden" free="2097096" total="2097152" percent="99" />
    <remembered-set count="55840" freebytes="7322240" totalbytes="7545600" percent="97" regionsoverflowed="0" regionsstable="0" regionsrebuilding="0"/>
  </mem-info>
</gc-end>
<cycle-end id="744" type="partial gc" contextid="737" timestamp="2019-08-09T21:45:41.505" />
  <attribute name="elasticGC enabled" value="1" />
  <attribute name= "numThreadsSpecified" value="16" />
  <attribute name="heapSize specified" value="0" />
  <attribute name="Current GC Util" value="188" />
  <attribute name= "Current Time Running" value="154575" />
  <attribute name ="GC Interval" value="0" />
  <attribute name="Target GC Util Change" value ="80.000000" />
  <attribute name="Current GC Util Change" value="188.000000"/>
  <attribute name="Current Error" value="-410.000000" />
  <attribute name="Output H" value="188818888"/>
  <attribute name="Output I" value="1536"/>
  <attribute name="Output T" value="16"/>
  <attribute name= "Current Time Running" value="154575" />
  <attribute name="GC Util currently" value="188" />
  <attribute name="CPU Util currently" value="359784266964" />
<exclusive-end id="745" timestamp="2019-08-09T21:45:41.505" durationms="20.535" />

<exclusive-start id="746" timestamp="2019-08-09T21:45:41.562" intervalms="77.609">
  <response-info timems="0.084" idlems="0.084" threads="0" lastid="0000000001DE8F00" lastname="main" />
</exclusive-start>
<allocation-taxation id="747" taxation-threshold="54525952" timestamp="2019-08-09T21:45:41.562" intervalms="77.722" />
<cycle-start id="748" type="partial gc" contextid="0" timestamp="2019-08-09T21:45:41.562" intervalms="77.976" />
<gc-start id="749" type="partial gc" contextid="748" timestamp="2019-08-09T21:45:41.563">
  <mem-info id="750" free="60817408" total="188743680" percent="32">
    <mem type="eden" free="2097096" total="56623104" percent="3" />
    <remembered-set count="55744" freebytes="7322624" totalbytes="7545600" percent="97" regionsoverflowed="0" regionsstable="0" regionsrebuilding="0"/>
  </mem-info>
</gc-start>
<allocation-stats totalBytes="54293288" >
  <allocated-bytes non-tlh="0" tlh="54293288" arrayletleaf="0"/>
  <largest-consumer threadName="main" threadId="0000000001DE8F00" bytes="54293288" />
</allocation-stats>
<gc-op id="751" type="copy forward" timems="12.854" contextid="748" timestamp="2019-08-09T21:45:41.576">
  <memory-copied type="eden" objects="28" bytes="1960" bytesdiscarded="840" />
  <memory-copied type="other" objects="75060" bytes="1831088" bytesdiscarded="86480" />
  <memory-cardclean objects="4807" bytes="397624" />
  <regions eden="26" other="2" />
  <remembered-set-cleared processed="42093" cleared="5798" durationms="0.301" />
  <stringconstants candidates="15145" cleared="0"  />
</gc-op>
<gc-op id="752" type="classunload" timems="0.012" contextid="748" timestamp="2019-08-09T21:45:41.577">
  <classunload-info classloadercandidates="56" classloadersunloaded="0" classesunloaded="0" anonymousclassesunloaded="0" quiescems="0.000" setupms="0.011" scanms="0.000" postms="0.000" />
</gc-op>
<gc-end id="753" type="partial gc" contextid="748" durationms="13.947" usertimems="52.023" systemtimems="0.000" timestamp="2019-08-09T21:45:41.577" activeThreads="16">
  <mem-info id="754" free="115343360" total="188743680" percent="61">
    <mem type="eden" free="2094352" total="2097152" percent="99" />
    <remembered-set count="57280" freebytes="7316480" totalbytes="7545600" percent="96" regionsoverflowed="0" regionsstable="0" regionsrebuilding="0"/>
  </mem-info>
</gc-end>
<cycle-end id="755" type="partial gc" contextid="748" timestamp="2019-08-09T21:45:41.577" />
  <attribute name="elasticGC enabled" value="1" />
  <attribute name= "numThreadsSpecified" value="16" />
  <attribute name="heapSize specified" value="0" />
  <attribute name="Current GC Util" value="159" />
  <attribute name= "Current Time Running" value="154650" />
  <attribute name ="GC Interval" value="0" />
  <attribute name="Target GC Util Change" value ="80.000000" />
  <attribute name="Current GC Util Change" value="159.000000"/>
  <attribute name="Current Error" value="-79.000000" />
  <attribute name="Output H" value="188819272"/>
  <attribute name="Output I" value="1920"/>
  <attribute name="Output T" value="16"/>
  <attribute name= "Current Time Running" value="154650" />
  <attribute name="GC Util currently" value="159" />
  <attribute name="CPU Util currently" value="1951355780890" />
<exclusive-end id="756" timestamp="2019-08-09T21:45:41.577" durationms="14.986" />

<exclusive-start id="757" timestamp="2019-08-09T21:45:41.620" intervalms="58.297">
  <response-info timems="0.019" idlems="0.019" threads="0" lastid="0000000001DE8F00" lastname="main" />
</exclusive-start>
<allocation-taxation id="758" taxation-threshold="54525952" timestamp="2019-08-09T21:45:41.620" intervalms="58.184" />
<cycle-start id="759" type="partial gc" contextid="0" timestamp="2019-08-09T21:45:41.620" intervalms="57.964" />
<gc-start id="760" type="partial gc" contextid="759" timestamp="2019-08-09T21:45:41.621">
  <mem-info id="761" free="60817408" total="188743680" percent="32">
    <mem type="eden" free="0" total="54525952" percent="0" />
    <remembered-set count="56832" freebytes="7318272" totalbytes="7545600" percent="96" regionsoverflowed="0" regionsstable="0" regionsrebuilding="0"/>
  </mem-info>
</gc-start>
<allocation-stats totalBytes="54169528" >
  <allocated-bytes non-tlh="0" tlh="54169528" arrayletleaf="0"/>
  <largest-consumer threadName="main" threadId="0000000001DE8F00" bytes="54169528" />
</allocation-stats>
<gc-op id="762" type="copy forward" timems="18.045" contextid="759" timestamp="2019-08-09T21:45:41.640">
  <memory-copied type="eden" objects="2" bytes="64" bytesdiscarded="0" />
  <memory-copied type="other" objects="78335" bytes="1934672" bytesdiscarded="94592" />
  <memory-cardclean objects="3423" bytes="354904" />
  <regions eden="26" other="2" />
  <remembered-set-cleared processed="42352" cleared="6362" durationms="0.223" />
  <stringconstants candidates="15145" cleared="0"  />
</gc-op>
<gc-op id="763" type="classunload" timems="0.011" contextid="759" timestamp="2019-08-09T21:45:41.640">
  <classunload-info classloadercandidates="56" classloadersunloaded="0" classesunloaded="0" anonymousclassesunloaded="0" quiescems="0.000" setupms="0.011" scanms="0.000" postms="0.000" />
</gc-op>
<gc-end id="764" type="partial gc" contextid="759" durationms="19.231" usertimems="43.421" systemtimems="0.000" timestamp="2019-08-09T21:45:41.640" activeThreads="16">
  <mem-info id="765" free="113246208" total="188743680" percent="60">
    <mem type="eden" free="2097088" total="2097152" percent="99" />
    <remembered-set count="53728" freebytes="7330688" totalbytes="7545600" percent="97" regionsoverflowed="0" regionsstable="0" regionsrebuilding="0"/>
  </mem-info>
</gc-end>
<cycle-end id="766" type="partial gc" contextid="759" timestamp="2019-08-09T21:45:41.640" />
  <attribute name="elasticGC enabled" value="1" />
  <attribute name= "numThreadsSpecified" value="16" />
  <attribute name="heapSize specified" value="0" />
  <attribute name="Current GC Util" value="170" />
  <attribute name= "Current Time Running" value="154708" />
  <attribute name ="GC Interval" value="0" />
  <attribute name="Target GC Util Change" value ="80.000000" />
  <attribute name="Current GC Util Change" value="170.000000"/>
  <attribute name="Current Error" value="-156.000000" />
  <attribute name="Output H" value="188819184"/>
  <attribute name="Output I" value="1832"/>
  <attribute name="Output T" value="16"/>
  <attribute name= "Current Time Running" value="154708" />
  <attribute name="GC Util currently" value="170" />
  <attribute name="CPU Util currently" value="2321125262999" />
<exclusive-end id="767" timestamp="2019-08-09T21:45:41.640" durationms="19.946" />

<exclusive-start id="768" timestamp="2019-08-09T21:45:41.673" intervalms="52.933">
  <response-info timems="0.035" idlems="0.035" threads="0" lastid="0000000001DE8F00" lastname="main" />
</exclusive-start>
<allocation-taxation id="769" taxation-threshold="54525952" timestamp="2019-08-09T21:45:41.673" intervalms="52.940" />
<cycle-start id="770" type="partial gc" contextid="0" timestamp="2019-08-09T21:45:41.673" intervalms="53.090" />
<gc-start id="771" type="partial gc" contextid="770" timestamp="2019-08-09T21:45:41.674">
  <mem-info id="772" free="58720256" total="188743680" percent="31">
    <mem type="eden" free="2097088" total="56623104" percent="3" />
    <remembered-set count="53568" freebytes="7331328" totalbytes="7545600" percent="97" regionsoverflowed="0" regionsstable="0" regionsrebuilding="0"/>
  </mem-info>
</gc-start>
<allocation-stats totalBytes="54185392" >
  <allocated-bytes non-tlh="0" tlh="54185392" arrayletleaf="0"/>
  <largest-consumer threadName="main" threadId="0000000001DE8F00" bytes="54185392" />
</allocation-stats>
<gc-op id="773" type="copy forward" timems="11.200" contextid="770" timestamp="2019-08-09T21:45:41.688">
  <memory-copied type="eden" objects="2" bytes="64" bytesdiscarded="0" />
  <memory-copied type="other" objects="77631" bytes="1912152" bytesdiscarded="116104" />
  <memory-cardclean objects="4278" bytes="375992" />
  <regions eden="26" other="2" />
  <remembered-set-cleared processed="41734" cleared="5643" durationms="0.332" />
  <stringconstants candidates="15145" cleared="0"  />
</gc-op>
<gc-op id="774" type="classunload" timems="0.009" contextid="770" timestamp="2019-08-09T21:45:41.688">
  <classunload-info classloadercandidates="56" classloadersunloaded="0" classesunloaded="0" anonymousclassesunloaded="0" quiescems="0.000" setupms="0.009" scanms="0.000" postms="0.000" />
</gc-op>
<gc-end id="775" type="partial gc" contextid="770" durationms="14.027" usertimems="43.412" systemtimems="0.000" timestamp="2019-08-09T21:45:41.688" activeThreads="16">
  <mem-info id="776" free="113246208" total="188743680" percent="60">
    <mem type="eden" free="2097088" total="2097152" percent="99" />
    <remembered-set count="54976" freebytes="7325696" totalbytes="7545600" percent="97" regionsoverflowed="0" regionsstable="0" regionsrebuilding="0"/>
  </mem-info>
</gc-end>
<cycle-end id="777" type="partial gc" contextid="770" timestamp="2019-08-09T21:45:41.688" />
  <attribute name="elasticGC enabled" value="1" />
  <attribute name= "numThreadsSpecified" value="16" />
  <attribute name="heapSize specified" value="0" />
  <attribute name="Current GC Util" value="208" />
  <attribute name= "Current Time Running" value="154763" />
  <attribute name ="GC Interval" value="0" />
  <attribute name="Target GC Util Change" value ="80.000000" />
  <attribute name="Current GC Util Change" value="208.000000"/>
  <attribute name="Current Error" value="-283.000000" />
  <attribute name="Output H" value="188819040"/>
  <attribute name="Output I" value="1688"/>
  <attribute name="Output T" value="16"/>
  <attribute name= "Current Time Running" value="154763" />
  <attribute name="GC Util currently" value="208" />
  <attribute name="CPU Util currently" value="547350716615" />
<exclusive-end id="778" timestamp="2019-08-09T21:45:41.688" durationms="15.039" />

<exclusive-start id="779" timestamp="2019-08-09T21:45:41.724" intervalms="51.130">
  <response-info timems="0.208" idlems="0.208" threads="0" lastid="0000000001DE8F00" lastname="main" />
</exclusive-start>
<allocation-taxation id="780" taxation-threshold="54525952" timestamp="2019-08-09T21:45:41.724" intervalms="51.127" />
<cycle-start id="781" type="partial gc" contextid="0" timestamp="2019-08-09T21:45:41.724" intervalms="50.976" />
<gc-start id="782" type="partial gc" contextid="781" timestamp="2019-08-09T21:45:41.725">
  <mem-info id="783" free="58720256" total="188743680" percent="31">
    <mem type="eden" free="2097088" total="56623104" percent="3" />
    <remembered-set count="54976" freebytes="7325696" totalbytes="7545600" percent="97" regionsoverflowed="0" regionsstable="0" regionsrebuilding="0"/>
  </mem-info>
</gc-start>
<allocation-stats totalBytes="54184176" >
  <allocated-bytes non-tlh="0" tlh="54184176" arrayletleaf="0"/>
  <largest-consumer threadName="main" threadId="0000000001DE8F00" bytes="54184176" />
</allocation-stats>
<gc-op id="784" type="copy forward" timems="13.757" contextid="781" timestamp="2019-08-09T21:45:41.740">
  <memory-copied type="eden" objects="2" bytes="64" bytesdiscarded="0" />
  <memory-copied type="other" objects="70246" bytes="2009184" bytesdiscarded="102752" />
  <memory-cardclean objects="6182" bytes="161248" />
  <regions eden="26" other="2" />
  <remembered-set-cleared processed="41466" cleared="5746" durationms="0.307" />
  <stringconstants candidates="15145" cleared="0"  />
</gc-op>
<gc-op id="785" type="classunload" timems="0.012" contextid="781" timestamp="2019-08-09T21:45:41.740">
  <classunload-info classloadercandidates="56" classloadersunloaded="0" classesunloaded="0" anonymousclassesunloaded="0" quiescems="0.000" setupms="0.012" scanms="0.000" postms="0.000" />
</gc-op>
<gc-end id="786" type="partial gc" contextid="781" durationms="15.224" usertimems="55.320" systemtimems="0.000" timestamp="2019-08-09T21:45:41.740" activeThreads="16">
  <mem-info id="787" free="113246208" total="188743680" percent="60">
    <mem type="eden" free="2097088" total="2097152" percent="99" />
    <remembered-set count="53088" freebytes="7333248" totalbytes="7545600" percent="97" regionsoverflowed="0" regionsstable="0" regionsrebuilding="0"/>
  </mem-info>
</gc-end>
<cycle-end id="788" type="partial gc" contextid="781" timestamp="2019-08-09T21:45:41.740" />
  <attribute name="elasticGC enabled" value="1" />
  <attribute name= "numThreadsSpecified" value="16" />
  <attribute name="heapSize specified" value="0" />
  <attribute name="Current GC Util" value="111" />
  <attribute name= "Current Time Running" value="154812" />
  <attribute name ="GC Interval" value="0" />
  <attribute name="Target GC Util Change" value ="80.000000" />
  <attribute name="Current GC Util Change" value="111.000000"/>
  <attribute name="Current Error" value="-31.000000" />
  <attribute name="Output H" value="188819328"/>
  <attribute name="Output I" value="1976"/>
  <attribute name="Output T" value="16"/>
  <attribute name= "Current Time Running" value="154812" />
  <attribute name="GC Util currently" value="111" />
  <attribute name="CPU Util currently" value="1853911306232" />
<exclusive-end id="789" timestamp="2019-08-09T21:45:41.741" durationms="16.168" />

<exclusive-start id="790" timestamp="2019-08-09T21:45:41.775" intervalms="50.748">
  <response-info timems="0.073" idlems="0.073" threads="0" lastid="0000000001DE8F00" lastname="main" />
</exclusive-start>
<allocation-taxation id="791" taxation-threshold="54525952" timestamp="2019-08-09T21:45:41.775" intervalms="50.745" />
<cycle-start id="792" type="partial gc" contextid="0" timestamp="2019-08-09T21:45:41.775" intervalms="50.772" />
<gc-start id="793" type="partial gc" contextid="792" timestamp="2019-08-09T21:45:41.776">
  <mem-info id="794" free="58720256" total="188743680" percent="31">
    <mem type="eden" free="2097088" total="56623104" percent="3" />
    <remembered-set count="52992" freebytes="7333632" totalbytes="7545600" percent="97" regionsoverflowed="0" regionsstable="0" regionsrebuilding="0"/>
  </mem-info>
</gc-start>
<allocation-stats totalBytes="54185416" >
  <allocated-bytes non-tlh="0" tlh="54185416" arrayletleaf="0"/>
  <largest-consumer threadName="main" threadId="0000000001DE8F00" bytes="54185416" />
</allocation-stats>
<gc-op id="795" type="copy forward" timems="13.168" contextid="792" timestamp="2019-08-09T21:45:41.790">
  <memory-copied type="eden" objects="2" bytes="64" bytesdiscarded="0" />
  <memory-copied type="other" objects="78969" bytes="1977672" bytesdiscarded="118192" />
  <memory-cardclean objects="6561" bytes="573656" />
  <regions eden="26" other="2" />
  <remembered-set-cleared processed="41337" cleared="5618" durationms="0.249" />
  <references type="weak" candidates="6" cleared="0" enqueued="0" />
  <stringconstants candidates="15145" cleared="0"  />
</gc-op>
<gc-op id="796" type="classunload" timems="0.010" contextid="792" timestamp="2019-08-09T21:45:41.790">
  <classunload-info classloadercandidates="56" classloadersunloaded="0" classesunloaded="0" anonymousclassesunloaded="0" quiescems="0.000" setupms="0.009" scanms="0.000" postms="0.000" />
</gc-op>
<gc-end id="797" type="partial gc" contextid="792" durationms="14.493" usertimems="55.857" systemtimems="0.000" timestamp="2019-08-09T21:45:41.790" activeThreads="16">
  <mem-info id="798" free="113246208" total="188743680" percent="60">
    <mem type="eden" free="2097088" total="2097152" percent="99" />
    <remembered-set count="55264" freebytes="7324544" totalbytes="7545600" percent="97" regionsoverflowed="0" regionsstable="0" regionsrebuilding="0"/>
  </mem-info>
</gc-end>
<cycle-end id="799" type="partial gc" contextid="792" timestamp="2019-08-09T21:45:41.790" />
  <attribute name="elasticGC enabled" value="1" />
  <attribute name= "numThreadsSpecified" value="16" />
  <attribute name="heapSize specified" value="0" />
  <attribute name="Current GC Util" value="155" />
  <attribute name= "Current Time Running" value="154863" />
  <attribute name ="GC Interval" value="0" />
  <attribute name="Target GC Util Change" value ="80.000000" />
  <attribute name="Current GC Util Change" value="155.000000"/>
  <attribute name="Current Error" value="-105.000000" />
  <attribute name="Output H" value="188819240"/>
  <attribute name="Output I" value="1888"/>
  <attribute name="Output T" value="16"/>
  <attribute name= "Current Time Running" value="154863" />
  <attribute name="GC Util currently" value="155" />
  <attribute name="CPU Util currently" value="1652559687315" />
<exclusive-end id="800" timestamp="2019-08-09T21:45:41.790" durationms="15.354" />

<exclusive-start id="801" timestamp="2019-08-09T21:45:41.822" intervalms="47.136">
  <response-info timems="0.041" idlems="0.041" threads="0" lastid="0000000001DE8F00" lastname="main" />
</exclusive-start>
<allocation-taxation id="802" taxation-threshold="54525952" timestamp="2019-08-09T21:45:41.822" intervalms="47.141" />
<cycle-start id="803" type="partial gc" contextid="0" timestamp="2019-08-09T21:45:41.822" intervalms="47.115" />
<gc-start id="804" type="partial gc" contextid="803" timestamp="2019-08-09T21:45:41.823">
  <mem-info id="805" free="58720256" total="188743680" percent="31">
    <mem type="eden" free="2097088" total="56623104" percent="3" />
    <remembered-set count="55008" freebytes="7325568" totalbytes="7545600" percent="97" regionsoverflowed="0" regionsstable="0" regionsrebuilding="0"/>
  </mem-info>
</gc-start>
<allocation-stats totalBytes="54184152" >
  <allocated-bytes non-tlh="0" tlh="54184152" arrayletleaf="0"/>
  <largest-consumer threadName="main" threadId="0000000001DE8F00" bytes="54184152" />
</allocation-stats>
<gc-op id="806" type="copy forward" timems="11.564" contextid="803" timestamp="2019-08-09T21:45:41.835">
  <memory-copied type="eden" objects="2" bytes="64" bytesdiscarded="0" />
  <memory-copied type="other" objects="80423" bytes="1998320" bytesdiscarded="88312" />
  <memory-cardclean objects="4445" bytes="117984" />
  <regions eden="26" other="2" />
  <remembered-set-cleared processed="41739" cleared="4693" durationms="0.233" />
  <references type="soft" candidates="1199" cleared="0" enqueued="0" dynamicThreshold="19" maxThreshold="32" />
  <references type="weak" candidates="74" cleared="0" enqueued="0" />
  <stringconstants candidates="15145" cleared="0"  />
</gc-op>
<gc-op id="807" type="classunload" timems="0.010" contextid="803" timestamp="2019-08-09T21:45:41.835">
  <classunload-info classloadercandidates="56" classloadersunloaded="0" classesunloaded="0" anonymousclassesunloaded="0" quiescems="0.000" setupms="0.010" scanms="0.000" postms="0.000" />
</gc-op>
<gc-end id="808" type="partial gc" contextid="803" durationms="12.882" usertimems="37.827" systemtimems="0.000" timestamp="2019-08-09T21:45:41.836" activeThreads="16">
  <mem-info id="809" free="113246208" total="188743680" percent="60">
    <mem type="eden" free="2097088" total="2097152" percent="99" />
    <remembered-set count="53472" freebytes="7331712" totalbytes="7545600" percent="97" regionsoverflowed="0" regionsstable="0" regionsrebuilding="0"/>
  </mem-info>
</gc-end>
<cycle-end id="810" type="partial gc" contextid="803" timestamp="2019-08-09T21:45:41.836" />
  <attribute name="elasticGC enabled" value="1" />
  <attribute name= "numThreadsSpecified" value="16" />
  <attribute name="heapSize specified" value="0" />
  <attribute name="Current GC Util" value="131" />
  <attribute name= "Current Time Running" value="154910" />
  <attribute name ="GC Interval" value="0" />
  <attribute name="Target GC Util Change" value ="80.000000" />
  <attribute name="Current GC Util Change" value="131.000000"/>
  <attribute name="Current Error" value="-163.000000" />
  <attribute name="Output H" value="188819176"/>
  <attribute name="Output I" value="1824"/>
  <attribute name="Output T" value="16"/>
  <attribute name= "Current Time Running" value="154910" />
  <attribute name="GC Util currently" value="131" />
  <attribute name="CPU Util currently" value="1658235629430" />
<exclusive-end id="811" timestamp="2019-08-09T21:45:41.836" durationms="13.599" />

<exclusive-start id="812" timestamp="2019-08-09T21:45:41.866" intervalms="44.165">
  <response-info timems="0.041" idlems="0.041" threads="0" lastid="0000000001DE8F00" lastname="main" />
</exclusive-start>
<allocation-taxation id="813" taxation-threshold="54525952" timestamp="2019-08-09T21:45:41.866" intervalms="44.166" />
<cycle-start id="814" type="partial gc" contextid="0" timestamp="2019-08-09T21:45:41.867" intervalms="44.269" />
<gc-start id="815" type="partial gc" contextid="814" timestamp="2019-08-09T21:45:41.867">
  <mem-info id="816" free="58720256" total="188743680" percent="31">
    <mem type="eden" free="2097088" total="56623104" percent="3" />
    <remembered-set count="53248" freebytes="7332608" totalbytes="7545600" percent="97" regionsoverflowed="0" regionsstable="0" regionsrebuilding="0"/>
  </mem-info>
</gc-start>
<allocation-stats totalBytes="54184176" >
  <allocated-bytes non-tlh="0" tlh="54184176" arrayletleaf="0"/>
  <largest-consumer threadName="main" threadId="0000000001DE8F00" bytes="54184176" />
</allocation-stats>
<gc-op id="817" type="copy forward" timems="12.364" contextid="814" timestamp="2019-08-09T21:45:41.881">
  <memory-copied type="eden" objects="2" bytes="64" bytesdiscarded="0" />
  <memory-copied type="other" objects="68221" bytes="1976712" bytesdiscarded="95832" />
  <memory-cardclean objects="4976" bytes="117640" />
  <regions eden="26" other="2" />
  <remembered-set-cleared processed="41586" cleared="5536" durationms="0.281" />
  <stringconstants candidates="15145" cleared="0"  />
</gc-op>
<gc-op id="818" type="classunload" timems="0.011" contextid="814" timestamp="2019-08-09T21:45:41.881">
  <classunload-info classloadercandidates="56" classloadersunloaded="0" classesunloaded="0" anonymousclassesunloaded="0" quiescems="0.000" setupms="0.010" scanms="0.000" postms="0.000" />
</gc-op>
<gc-end id="819" type="partial gc" contextid="814" durationms="13.728" usertimems="46.493" systemtimems="0.000" timestamp="2019-08-09T21:45:41.881" activeThreads="16">
  <mem-info id="820" free="113246208" total="188743680" percent="60">
    <mem type="eden" free="2097088" total="2097152" percent="99" />
    <remembered-set count="52832" freebytes="7334272" totalbytes="7545600" percent="97" regionsoverflowed="0" regionsstable="0" regionsrebuilding="0"/>
  </mem-info>
</gc-end>
<cycle-end id="821" type="partial gc" contextid="814" timestamp="2019-08-09T21:45:41.881" />
  <attribute name="elasticGC enabled" value="1" />
  <attribute name= "numThreadsSpecified" value="16" />
  <attribute name="heapSize specified" value="0" />
  <attribute name="Current GC Util" value="129" />
  <attribute name= "Current Time Running" value="154955" />
  <attribute name ="GC Interval" value="0" />
  <attribute name="Target GC Util Change" value ="80.000000" />
  <attribute name="Current GC Util Change" value="129.000000"/>
  <attribute name="Current Error" value="-49.000000" />
  <attribute name="Output H" value="188819304"/>
  <attribute name="Output I" value="1952"/>
  <attribute name="Output T" value="16"/>
  <attribute name= "Current Time Running" value="154955" />
  <attribute name="GC Util currently" value="129" />
  <attribute name="CPU Util currently" value="1610697950293" />
<exclusive-end id="822" timestamp="2019-08-09T21:45:41.881" durationms="14.712" />

<exclusive-start id="823" timestamp="2019-08-09T21:45:42.039" intervalms="173.077">
  <response-info timems="0.060" idlems="0.060" threads="0" lastid="0000000001DE8F00" lastname="main" />
</exclusive-start>
<allocation-taxation id="824" taxation-threshold="54525952" timestamp="2019-08-09T21:45:42.040" intervalms="173.074" />
<cycle-start id="825" type="partial gc" contextid="0" timestamp="2019-08-09T21:45:42.040" intervalms="173.108" />
<gc-start id="826" type="partial gc" contextid="825" timestamp="2019-08-09T21:45:42.040">
  <mem-info id="827" free="58720256" total="188743680" percent="31">
    <mem type="eden" free="2097088" total="56623104" percent="3" />
    <remembered-set count="52448" freebytes="7335808" totalbytes="7545600" percent="97" regionsoverflowed="0" regionsstable="0" regionsrebuilding="0"/>
  </mem-info>
</gc-start>
<allocation-stats totalBytes="54512784" >
  <allocated-bytes non-tlh="0" tlh="54512784" arrayletleaf="0"/>
  <largest-consumer threadName="main" threadId="0000000001DE8F00" bytes="54512784" />
</allocation-stats>
<gc-op id="828" type="copy forward" timems="15.264" contextid="825" timestamp="2019-08-09T21:45:42.057">
  <memory-copied type="eden" objects="156" bytes="5128" bytesdiscarded="1960" />
  <memory-copied type="other" objects="77631" bytes="1912152" bytesdiscarded="121440" />
  <memory-cardclean objects="4737" bytes="388008" />
  <regions eden="26" other="2" />
  <remembered-set-cleared processed="41337" cleared="5583" durationms="0.343" />
  <stringconstants candidates="15145" cleared="0"  />
</gc-op>
<gc-op id="829" type="classunload" timems="0.010" contextid="825" timestamp="2019-08-09T21:45:42.057">
  <classunload-info classloadercandidates="56" classloadersunloaded="0" classesunloaded="0" anonymousclassesunloaded="0" quiescems="0.000" setupms="0.010" scanms="0.000" postms="0.000" />
</gc-op>
<gc-end id="830" type="partial gc" contextid="825" durationms="16.911" usertimems="61.146" systemtimems="0.000" timestamp="2019-08-09T21:45:42.057" activeThreads="16">
  <mem-info id="831" free="113246208" total="188743680" percent="60">
    <mem type="eden" free="2090064" total="2097152" percent="99" />
    <remembered-set count="55904" freebytes="7321984" totalbytes="7545600" percent="97" regionsoverflowed="0" regionsstable="0" regionsrebuilding="0"/>
  </mem-info>
</gc-end>
<cycle-end id="832" type="partial gc" contextid="825" timestamp="2019-08-09T21:45:42.057" />
  <attribute name="elasticGC enabled" value="1" />
  <attribute name= "numThreadsSpecified" value="16" />
  <attribute name="heapSize specified" value="0" />
  <attribute name="Current GC Util" value="126" />
  <attribute name= "Current Time Running" value="155128" />
  <attribute name ="GC Interval" value="0" />
  <attribute name="Target GC Util Change" value ="80.000000" />
  <attribute name="Current GC Util Change" value="126.000000"/>
  <attribute name="Current Error" value="-37.000000" />
  <attribute name="Output H" value="188819320"/>
  <attribute name="Output I" value="1968"/>
  <attribute name="Output T" value="16"/>
  <attribute name= "Current Time Running" value="155128" />
  <attribute name="GC Util currently" value="126" />
  <attribute name="CPU Util currently" value="1317588415399" />
<exclusive-end id="833" timestamp="2019-08-09T21:45:42.057" durationms="17.882" />

<exclusive-start id="834" timestamp="2019-08-09T21:45:42.262" intervalms="222.657">
  <response-info timems="0.037" idlems="0.037" threads="0" lastid="0000000001DE8F00" lastname="main" />
</exclusive-start>
<allocation-taxation id="835" taxation-threshold="54525952" timestamp="2019-08-09T21:45:42.262" intervalms="222.652" />
<cycle-start id="836" type="partial gc" contextid="0" timestamp="2019-08-09T21:45:42.262" intervalms="222.527" />
<gc-start id="837" type="partial gc" contextid="836" timestamp="2019-08-09T21:45:42.263">
  <mem-info id="838" free="58720256" total="188743680" percent="31">
    <mem type="eden" free="0" total="54525952" percent="0" />
    <remembered-set count="55456" freebytes="7323776" totalbytes="7545600" percent="97" regionsoverflowed="0" regionsstable="0" regionsrebuilding="0"/>
  </mem-info>
</gc-start>
<allocation-stats totalBytes="54518544" >
  <allocated-bytes non-tlh="0" tlh="54518544" arrayletleaf="0"/>
  <largest-consumer threadName="main" threadId="0000000001DE8F00" bytes="54518544" />
</allocation-stats>
<gc-op id="839" type="copy forward" timems="15.446" contextid="836" timestamp="2019-08-09T21:45:42.279">
  <memory-copied type="eden" objects="240" bytes="7832" bytesdiscarded="1152" />
  <memory-copied type="other" objects="79214" bytes="1984304" bytesdiscarded="141744" />
  <memory-cardclean objects="3807" bytes="90016" />
  <regions eden="26" other="2" />
  <remembered-set-cleared processed="41501" cleared="4646" durationms="0.218" />
  <references type="soft" candidates="2139" cleared="0" enqueued="0" dynamicThreshold="19" maxThreshold="32" />
  <references type="weak" candidates="109" cleared="0" enqueued="0" />
  <stringconstants candidates="15145" cleared="0"  />
</gc-op>
<gc-op id="840" type="classunload" timems="0.012" contextid="836" timestamp="2019-08-09T21:45:42.279">
  <classunload-info classloadercandidates="56" classloadersunloaded="0" classesunloaded="0" anonymousclassesunloaded="0" quiescems="0.000" setupms="0.012" scanms="0.000" postms="0.000" />
</gc-op>
<gc-end id="841" type="partial gc" contextid="836" durationms="16.724" usertimems="76.983" systemtimems="0.000" timestamp="2019-08-09T21:45:42.279" activeThreads="16">
  <mem-info id="842" free="111149056" total="188743680" percent="58">
    <mem type="eden" free="2088120" total="2097152" percent="99" />
    <remembered-set count="53280" freebytes="7332480" totalbytes="7545600" percent="97" regionsoverflowed="0" regionsstable="0" regionsrebuilding="0"/>
  </mem-info>
</gc-end>
<cycle-end id="843" type="partial gc" contextid="836" timestamp="2019-08-09T21:45:42.279" />
  <attribute name="elasticGC enabled" value="1" />
  <attribute name= "numThreadsSpecified" value="16" />
  <attribute name="heapSize specified" value="0" />
  <attribute name="Current GC Util" value="169" />
  <attribute name= "Current Time Running" value="155350" />
  <attribute name ="GC Interval" value="0" />
  <attribute name="Target GC Util Change" value ="80.000000" />
  <attribute name="Current GC Util Change" value="169.000000"/>
  <attribute name="Current Error" value="-65.000000" />
  <attribute name="Output H" value="188819288"/>
  <attribute name="Output I" value="1936"/>
  <attribute name="Output T" value="16"/>
  <attribute name= "Current Time Running" value="155350" />
  <attribute name="GC Util currently" value="169" />
  <attribute name="CPU Util currently" value="1644329295181" />
<exclusive-end id="844" timestamp="2019-08-09T21:45:42.279" durationms="17.340" />

<exclusive-start id="845" timestamp="2019-08-09T21:45:42.365" intervalms="102.628">
  <response-info timems="0.042" idlems="0.042" threads="0" lastid="0000000001DE8F00" lastname="main" />
</exclusive-start>
<allocation-taxation id="846" taxation-threshold="54525952" timestamp="2019-08-09T21:45:42.365" intervalms="102.630" />
<cycle-start id="847" type="partial gc" contextid="0" timestamp="2019-08-09T21:45:42.365" intervalms="102.635" />
<gc-start id="848" type="partial gc" contextid="847" timestamp="2019-08-09T21:45:42.365">
  <mem-info id="849" free="56623104" total="188743680" percent="30">
    <mem type="eden" free="0" total="54525952" percent="0" />
    <remembered-set count="52032" freebytes="7337472" totalbytes="7545600" percent="97" regionsoverflowed="0" regionsstable="1" regionsrebuilding="0"/>
  </mem-info>
</gc-start>
<allocation-stats totalBytes="54501888" >
  <allocated-bytes non-tlh="0" tlh="54501888" arrayletleaf="0"/>
  <largest-consumer threadName="main" threadId="0000000001DE8F00" bytes="54501888" />
</allocation-stats>
<gc-op id="850" type="copy forward" timems="16.202" contextid="847" timestamp="2019-08-09T21:45:42.383">
  <memory-copied type="eden" objects="24" bytes="952" bytesdiscarded="0" />
  <memory-copied type="other" objects="9225" bytes="197784" bytesdiscarded="7864" />
  <memory-cardclean objects="5928" bytes="290632" />
  <regions eden="26" other="2" />
  <remembered-set-cleared processed="40904" cleared="984" durationms="0.229" />
  <references type="soft" candidates="153" cleared="0" enqueued="0" dynamicThreshold="18" maxThreshold="32" />
  <references type="weak" candidates="42" cleared="0" enqueued="0" />
  <stringconstants candidates="15145" cleared="0"  />
</gc-op>
<gc-op id="851" type="classunload" timems="0.009" contextid="847" timestamp="2019-08-09T21:45:42.383">
  <classunload-info classloadercandidates="56" classloadersunloaded="0" classesunloaded="0" anonymousclassesunloaded="0" quiescems="0.000" setupms="0.009" scanms="0.000" postms="0.000" />
</gc-op>
<gc-end id="852" type="partial gc" contextid="847" durationms="18.138" usertimems="47.166" systemtimems="0.000" timestamp="2019-08-09T21:45:42.383" activeThreads="16">
  <mem-info id="853" free="109051904" total="188743680" percent="57">
    <mem type="eden" free="2096200" total="2097152" percent="99" />
    <remembered-set count="54592" freebytes="7327232" totalbytes="7545600" percent="97" regionsoverflowed="0" regionsstable="1" regionsrebuilding="0"/>
  </mem-info>
</gc-end>
<cycle-end id="854" type="partial gc" contextid="847" timestamp="2019-08-09T21:45:42.383" />
  <attribute name="elasticGC enabled" value="1" />
  <attribute name= "numThreadsSpecified" value="16" />
  <attribute name="heapSize specified" value="0" />
  <attribute name="Current GC Util" value="77" />
  <attribute name= "Current Time Running" value="155453" />
  <attribute name ="GC Interval" value="0" />
  <attribute name="Target GC Util Change" value ="80.000000" />
  <attribute name="Current GC Util Change" value="77.000000"/>
  <attribute name="Current Error" value="3.000000" />
  <attribute name="Output H" value="188819368"/>
  <attribute name="Output I" value="2016"/>
  <attribute name="Output T" value="16"/>
  <attribute name= "Current Time Running" value="155453" />
  <attribute name="GC Util currently" value="77" />
  <attribute name="CPU Util currently" value="896864792769" />
<exclusive-end id="855" timestamp="2019-08-09T21:45:42.383" durationms="18.731" />

<exclusive-start id="856" timestamp="2019-08-09T21:45:42.443" intervalms="77.963">
  <response-info timems="0.097" idlems="0.097" threads="0" lastid="0000000001DE8F00" lastname="main" />
</exclusive-start>
<allocation-taxation id="857" taxation-threshold="54525952" timestamp="2019-08-09T21:45:42.443" intervalms="78.012" />
<cycle-start id="858" type="partial gc" contextid="0" timestamp="2019-08-09T21:45:42.443" intervalms="77.994" />
<gc-start id="859" type="partial gc" contextid="858" timestamp="2019-08-09T21:45:42.443">
  <mem-info id="860" free="54525952" total="188743680" percent="28">
    <mem type="eden" free="0" total="54525952" percent="0" />
    <remembered-set count="53408" freebytes="7331968" totalbytes="7545600" percent="97" regionsoverflowed="0" regionsstable="2" regionsrebuilding="0"/>
  </mem-info>
</gc-start>
<allocation-stats totalBytes="54497944" >
  <allocated-bytes non-tlh="0" tlh="54497944" arrayletleaf="0"/>
  <largest-consumer threadName="main" threadId="0000000001DE8F00" bytes="54497944" />
</allocation-stats>
<gc-op id="861" type="copy forward" timems="14.328" contextid="858" timestamp="2019-08-09T21:45:42.459">
  <memory-copied type="eden" objects="6" bytes="408" bytesdiscarded="0" />
  <memory-copied type="other" objects="18" bytes="568" bytesdiscarded="0" />
  <memory-cardclean objects="29" bytes="1344" />
  <regions eden="26" other="1" />
  <remembered-set-cleared processed="40638" cleared="36" durationms="0.344" />
  <stringconstants candidates="15145" cleared="0"  />
</gc-op>
<gc-op id="862" type="classunload" timems="0.009" contextid="858" timestamp="2019-08-09T21:45:42.459">
  <classunload-info classloadercandidates="56" classloadersunloaded="0" classesunloaded="0" anonymousclassesunloaded="0" quiescems="0.000" setupms="0.009" scanms="0.000" postms="0.000" />
</gc-op>
<heap-resize id="863" type="expand" space="default" amount="16777216" count="1" timems="0.189" reason="excessive time being spent in gc" timestamp="2019-08-09T21:45:42.459" />
<gc-end id="864" type="partial gc" contextid="858" durationms="15.761" usertimems="33.467" systemtimems="0.000" timestamp="2019-08-09T21:45:42.459" activeThreads="16">
  <mem-info id="865" free="123731968" total="205520896" percent="60">
    <mem type="eden" free="2096744" total="2097152" percent="99" />
    <remembered-set count="50816" freebytes="8013056" totalbytes="8216320" percent="97" regionsoverflowed="0" regionsstable="2" regionsrebuilding="0"/>
  </mem-info>
</gc-end>
<cycle-end id="866" type="partial gc" contextid="858" timestamp="2019-08-09T21:45:42.459" />
  <attribute name="elasticGC enabled" value="1" />
  <attribute name= "numThreadsSpecified" value="16" />
  <attribute name="heapSize specified" value="0" />
  <attribute name="Current GC Util" value="143" />
  <attribute name= "Current Time Running" value="155531" />
  <attribute name ="GC Interval" value="0" />
  <attribute name="Target GC Util Change" value ="80.000000" />
  <attribute name="Current GC Util Change" value="143.000000"/>
  <attribute name="Current Error" value="-40.000000" />
  <attribute name="Output H" value="188819320"/>
  <attribute name="Output I" value="1968"/>
  <attribute name="Output T" value="16"/>
  <attribute name= "Current Time Running" value="155531" />
  <attribute name="GC Util currently" value="143" />
  <attribute name="CPU Util currently" value="1586315595936" />
<exclusive-end id="867" timestamp="2019-08-09T21:45:42.459" durationms="16.523" />

<exclusive-start id="868" timestamp="2019-08-09T21:45:42.523" intervalms="79.793">
  <response-info timems="0.071" idlems="0.071" threads="0" lastid="0000000001DE8F00" lastname="main" />
</exclusive-start>
<allocation-taxation id="869" taxation-threshold="58720256" timestamp="2019-08-09T21:45:42.523" intervalms="79.739" />
<cycle-start id="870" type="partial gc" contextid="0" timestamp="2019-08-09T21:45:42.523" intervalms="79.738" />
<gc-start id="871" type="partial gc" contextid="870" timestamp="2019-08-09T21:45:42.523">
  <mem-info id="872" free="65011712" total="205520896" percent="31">
    <mem type="eden" free="2096744" total="60817408" percent="3" />
    <remembered-set count="49792" freebytes="8017152" totalbytes="8216320" percent="97" regionsoverflowed="0" regionsstable="3" regionsrebuilding="0"/>
  </mem-info>
</gc-start>
<allocation-stats totalBytes="58689392" >
  <allocated-bytes non-tlh="0" tlh="58689392" arrayletleaf="0"/>
  <largest-consumer threadName="main" threadId="0000000001DE8F00" bytes="58689392" />
</allocation-stats>
<gc-op id="873" type="copy forward" timems="13.981" contextid="870" timestamp="2019-08-09T21:45:42.538">
  <memory-copied type="eden" objects="6" bytes="360" bytesdiscarded="0" />
  <memory-copied type="other" objects="0" bytes="0" bytesdiscarded="0" />
  <memory-cardclean objects="16" bytes="528" />
  <regions eden="28" other="1" />
  <remembered-set-cleared processed="40415" cleared="12" durationms="0.243" />
  <stringconstants candidates="15145" cleared="0"  />
</gc-op>
<gc-op id="874" type="classunload" timems="0.019" contextid="870" timestamp="2019-08-09T21:45:42.538">
  <classunload-info classloadercandidates="56" classloadersunloaded="0" classesunloaded="0" anonymousclassesunloaded="0" quiescems="0.000" setupms="0.019" scanms="0.000" postms="0.000" />
</gc-op>
<gc-end id="875" type="partial gc" contextid="870" durationms="15.409" usertimems="42.176" systemtimems="0.000" timestamp="2019-08-09T21:45:42.539" activeThreads="16">
  <mem-info id="876" free="123731968" total="205520896" percent="60">
    <mem type="eden" free="2096792" total="2097152" percent="99" />
    <remembered-set count="49344" freebytes="8018944" totalbytes="8216320" percent="97" regionsoverflowed="0" regionsstable="3" regionsrebuilding="0"/>
  </mem-info>
</gc-end>
<cycle-end id="877" type="partial gc" contextid="870" timestamp="2019-08-09T21:45:42.539" />
  <attribute name="elasticGC enabled" value="1" />
  <attribute name= "numThreadsSpecified" value="16" />
  <attribute name="heapSize specified" value="0" />
  <attribute name="Current GC Util" value="128" />
  <attribute name= "Current Time Running" value="155611" />
  <attribute name ="GC Interval" value="0" />
  <attribute name="Target GC Util Change" value ="80.000000" />
  <attribute name="Current GC Util Change" value="128.000000"/>
  <attribute name="Current Error" value="-49.000000" />
  <attribute name="Output H" value="205596520"/>
  <attribute name="Output I" value="1952"/>
  <attribute name="Output T" value="16"/>
  <attribute name= "Current Time Running" value="155611" />
  <attribute name="GC Util currently" value="128" />
  <attribute name="CPU Util currently" value="1514713937799" />
<exclusive-end id="878" timestamp="2019-08-09T21:45:42.539" durationms="16.469" />

<exclusive-start id="879" timestamp="2019-08-09T21:45:42.599" intervalms="76.451">
  <response-info timems="0.039" idlems="0.039" threads="0" lastid="0000000001DE8F00" lastname="main" />
</exclusive-start>
<allocation-taxation id="880" taxation-threshold="58720256" timestamp="2019-08-09T21:45:42.599" intervalms="76.456" />
<cycle-start id="881" type="partial gc" contextid="0" timestamp="2019-08-09T21:45:42.599" intervalms="76.632" />
<gc-start id="882" type="partial gc" contextid="881" timestamp="2019-08-09T21:45:42.600">
  <mem-info id="883" free="65011712" total="205520896" percent="31">
    <mem type="eden" free="2096792" total="60817408" percent="3" />
    <remembered-set count="49344" freebytes="8018944" totalbytes="8216320" percent="97" regionsoverflowed="0" regionsstable="3" regionsrebuilding="0"/>
  </mem-info>
</gc-start>
<allocation-stats totalBytes="58690824" >
  <allocated-bytes non-tlh="0" tlh="58690824" arrayletleaf="0"/>
  <largest-consumer threadName="main" threadId="0000000001DE8F00" bytes="58690824" />
</allocation-stats>
<gc-op id="884" type="copy forward" timems="8.303" contextid="881" timestamp="2019-08-09T21:45:42.610">
  <memory-copied type="eden" objects="8" bytes="568" bytesdiscarded="0" />
  <memory-copied type="other" objects="0" bytes="0" bytesdiscarded="0" />
  <memory-cardclean objects="16" bytes="528" />
  <regions eden="28" other="1" />
  <remembered-set-cleared processed="40413" cleared="10" durationms="0.362" />
  <stringconstants candidates="15145" cleared="0"  />
</gc-op>
<gc-op id="885" type="classunload" timems="0.012" contextid="881" timestamp="2019-08-09T21:45:42.610">
  <classunload-info classloadercandidates="56" classloadersunloaded="0" classesunloaded="0" anonymousclassesunloaded="0" quiescems="0.000" setupms="0.011" scanms="0.000" postms="0.000" />
</gc-op>
<gc-end id="886" type="partial gc" contextid="881" durationms="10.424" usertimems="28.029" systemtimems="0.000" timestamp="2019-08-09T21:45:42.610" activeThreads="16">
  <mem-info id="887" free="123731968" total="205520896" percent="60">
    <mem type="eden" free="2096584" total="2097152" percent="99" />
    <remembered-set count="49344" freebytes="8018944" totalbytes="8216320" percent="97" regionsoverflowed="0" regionsstable="3" regionsrebuilding="0"/>
  </mem-info>
</gc-end>
<cycle-end id="888" type="partial gc" contextid="881" timestamp="2019-08-09T21:45:42.610" />
  <attribute name="elasticGC enabled" value="1" />
  <attribute name= "numThreadsSpecified" value="16" />
  <attribute name="heapSize specified" value="0" />
  <attribute name="Current GC Util" value="76" />
  <attribute name= "Current Time Running" value="155688" />
  <attribute name ="GC Interval" value="0" />
  <attribute name="Target GC Util Change" value ="80.000000" />
  <attribute name="Current GC Util Change" value="76.000000"/>
  <attribute name="Current Error" value="4.000000" />
  <attribute name="Output H" value="205596584"/>
  <attribute name="Output I" value="2016"/>
  <attribute name="Output T" value="16"/>
  <attribute name= "Current Time Running" value="155688" />
  <attribute name="GC Util currently" value="76" />
  <attribute name="CPU Util currently" value="1025953573741" />
<exclusive-end id="889" timestamp="2019-08-09T21:45:42.610" durationms="11.283" />

<exclusive-start id="890" timestamp="2019-08-09T21:45:42.686" intervalms="87.017">
  <response-info timems="0.037" idlems="0.037" threads="0" lastid="0000000001DE8F00" lastname="main" />
</exclusive-start>
<allocation-taxation id="891" taxation-threshold="58720256" timestamp="2019-08-09T21:45:42.686" intervalms="87.018" />
<cycle-start id="892" type="partial gc" contextid="0" timestamp="2019-08-09T21:45:42.686" intervalms="86.868" />
<gc-start id="893" type="partial gc" contextid="892" timestamp="2019-08-09T21:45:42.686">
  <mem-info id="894" free="65011712" total="205520896" percent="31">
    <mem type="eden" free="2096584" total="60817408" percent="3" />
    <remembered-set count="48896" freebytes="8020736" totalbytes="8216320" percent="97" regionsoverflowed="0" regionsstable="3" regionsrebuilding="0"/>
  </mem-info>
</gc-start>
<allocation-stats totalBytes="58676440" >
  <allocated-bytes non-tlh="0" tlh="58676440" arrayletleaf="0"/>
  <largest-consumer threadName="main" threadId="0000000001DE8F00" bytes="58676440" />
</allocation-stats>
<gc-op id="895" type="copy forward" timems="8.529" contextid="892" timestamp="2019-08-09T21:45:42.696">
  <memory-copied type="eden" objects="29" bytes="1296" bytesdiscarded="0" />
  <memory-copied type="other" objects="0" bytes="0" bytesdiscarded="0" />
  <memory-cardclean objects="65" bytes="2592" />
  <regions eden="28" other="1" />
  <remembered-set-cleared processed="40413" cleared="33" durationms="0.317" />
  <stringconstants candidates="15145" cleared="0"  />
</gc-op>
<gc-op id="896" type="classunload" timems="0.012" contextid="892" timestamp="2019-08-09T21:45:42.696">
  <classunload-info classloadercandidates="56" classloadersunloaded="0" classesunloaded="0" anonymousclassesunloaded="0" quiescems="0.000" setupms="0.011" scanms="0.000" postms="0.000" />
</gc-op>
<gc-end id="897" type="partial gc" contextid="892" durationms="9.886" usertimems="23.573" systemtimems="0.000" timestamp="2019-08-09T21:45:42.696" activeThreads="16">
  <mem-info id="898" free="123731968" total="205520896" percent="60">
    <mem type="eden" free="2095856" total="2097152" percent="99" />
    <remembered-set count="49696" freebytes="8017536" totalbytes="8216320" percent="97" regionsoverflowed="0" regionsstable="3" regionsrebuilding="0"/>
  </mem-info>
</gc-end>
<cycle-end id="899" type="partial gc" contextid="892" timestamp="2019-08-09T21:45:42.696" />
  <attribute name="elasticGC enabled" value="1" />
  <attribute name= "numThreadsSpecified" value="16" />
  <attribute name="heapSize specified" value="0" />
  <attribute name="Current GC Util" value="138" />
  <attribute name= "Current Time Running" value="155774" />
  <attribute name ="GC Interval" value="0" />
  <attribute name="Target GC Util Change" value ="80.000000" />
  <attribute name="Current GC Util Change" value="138.000000"/>
  <attribute name="Current Error" value="4.000000" />
  <attribute name="Output H" value="205596584"/>
  <attribute name="Output I" value="2016"/>
  <attribute name="Output T" value="16"/>
  <attribute name= "Current Time Running" value="155774" />
  <attribute name="GC Util currently" value="138" />
  <attribute name="CPU Util currently" value="2163509973893" />
<exclusive-end id="900" timestamp="2019-08-09T21:45:42.697" durationms="10.638" />

<exclusive-start id="901" timestamp="2019-08-09T21:45:42.776" intervalms="90.240">
  <response-info timems="0.089" idlems="0.089" threads="0" lastid="0000000001DE8F00" lastname="main" />
</exclusive-start>
<allocation-taxation id="902" taxation-threshold="58720256" timestamp="2019-08-09T21:45:42.776" intervalms="90.265" />
<cycle-start id="903" type="partial gc" contextid="0" timestamp="2019-08-09T21:45:42.777" intervalms="90.413" />
<gc-start id="904" type="partial gc" contextid="903" timestamp="2019-08-09T21:45:42.777">
  <mem-info id="905" free="65011712" total="205520896" percent="31">
    <mem type="eden" free="0" total="58720256" percent="0" />
    <remembered-set count="49696" freebytes="8017536" totalbytes="8216320" percent="97" regionsoverflowed="0" regionsstable="3" regionsrebuilding="0"/>
  </mem-info>
</gc-start>
<allocation-stats totalBytes="58669976" >
  <allocated-bytes non-tlh="0" tlh="58669976" arrayletleaf="0"/>
  <largest-consumer threadName="main" threadId="0000000001DE8F00" bytes="58669976" />
</allocation-stats>
<gc-op id="906" type="copy forward" timems="10.499" contextid="903" timestamp="2019-08-09T21:45:42.788">
  <memory-copied type="eden" objects="42" bytes="1704" bytesdiscarded="0" />
  <memory-copied type="other" objects="12" bytes="560" bytesdiscarded="656" />
  <memory-cardclean objects="80" bytes="3072" />
  <regions eden="28" other="1" />
  <remembered-set-cleared processed="40426" cleared="54" durationms="0.289" />
  <stringconstants candidates="15145" cleared="0"  />
</gc-op>
<gc-op id="907" type="classunload" timems="0.011" contextid="903" timestamp="2019-08-09T21:45:42.788">
  <classunload-info classloadercandidates="56" classloadersunloaded="0" classesunloaded="0" anonymousclassesunloaded="0" quiescems="0.000" setupms="0.011" scanms="0.000" postms="0.000" />
</gc-op>
<heap-resize id="908" type="expand" space="default" amount="4194304" count="1" timems="0.105" reason="excessive time being spent in gc" timestamp="2019-08-09T21:45:42.789" />
<gc-end id="909" type="partial gc" contextid="903" durationms="12.105" usertimems="33.493" systemtimems="0.000" timestamp="2019-08-09T21:45:42.789" activeThreads="16">
  <mem-info id="910" free="125829120" total="209715200" percent="60">
    <mem type="eden" free="2095448" total="2097152" percent="99" />
    <remembered-set count="51232" freebytes="8179072" totalbytes="8384000" percent="97" regionsoverflowed="0" regionsstable="3" regionsrebuilding="0"/>
  </mem-info>
</gc-end>
<cycle-end id="911" type="partial gc" contextid="903" timestamp="2019-08-09T21:45:42.789" />
  <attribute name="elasticGC enabled" value="1" />
  <attribute name= "numThreadsSpecified" value="16" />
  <attribute name="heapSize specified" value="0" />
  <attribute name="Current GC Util" value="103" />
  <attribute name= "Current Time Running" value="155864" />
  <attribute name ="GC Interval" value="0" />
  <attribute name="Target GC Util Change" value ="80.000000" />
  <attribute name="Current GC Util Change" value="103.000000"/>
  <attribute name="Current Error" value="44.000000" />
  <attribute name="Output H" value="205596632"/>
  <attribute name="Output I" value="2064"/>
  <attribute name="Output T" value="16"/>
  <attribute name= "Current Time Running" value="155864" />
  <attribute name="GC Util currently" value="103" />
  <attribute name="CPU Util currently" value="1687390665480" />
<exclusive-end id="912" timestamp="2019-08-09T21:45:42.789" durationms="13.021" />

<exclusive-start id="913" timestamp="2019-08-09T21:45:43.010" intervalms="233.982">
  <response-info timems="0.043" idlems="0.043" threads="0" lastid="0000000001DE8F00" lastname="main" />
</exclusive-start>
<allocation-taxation id="914" taxation-threshold="58720256" timestamp="2019-08-09T21:45:43.010" intervalms="233.961" />
<cycle-start id="915" type="partial gc" contextid="0" timestamp="2019-08-09T21:45:43.010" intervalms="233.779" />
<gc-start id="916" type="partial gc" contextid="915" timestamp="2019-08-09T21:45:43.011">
  <mem-info id="917" free="67108864" total="209715200" percent="32">
    <mem type="eden" free="0" total="58720256" percent="0" />
    <remembered-set count="50880" freebytes="8180480" totalbytes="8384000" percent="97" regionsoverflowed="0" regionsstable="3" regionsrebuilding="0"/>
  </mem-info>
</gc-start>
<allocation-stats totalBytes="58707856" >
  <allocated-bytes non-tlh="0" tlh="58707856" arrayletleaf="0"/>
  <largest-consumer threadName="main" threadId="0000000001DE8F00" bytes="58707856" />
</allocation-stats>
<gc-op id="918" type="copy forward" timems="7.189" contextid="915" timestamp="2019-08-09T21:45:43.019">
  <memory-copied type="eden" objects="18" bytes="792" bytesdiscarded="0" />
  <memory-copied type="other" objects="18" bytes="584" bytesdiscarded="0" />
  <memory-cardclean objects="39" bytes="1848" />
  <regions eden="28" other="1" />
  <remembered-set-cleared processed="40432" cleared="38" durationms="0.261" />
  <stringconstants candidates="15145" cleared="0"  />
</gc-op>
<gc-op id="919" type="classunload" timems="0.014" contextid="915" timestamp="2019-08-09T21:45:43.019">
  <classunload-info classloadercandidates="56" classloadersunloaded="0" classesunloaded="0" anonymousclassesunloaded="0" quiescems="0.000" setupms="0.013" scanms="0.000" postms="0.000" />
</gc-op>
<gc-end id="920" type="partial gc" contextid="915" durationms="8.831" usertimems="24.495" systemtimems="0.000" timestamp="2019-08-09T21:45:43.019" activeThreads="16">
  <mem-info id="921" free="123731968" total="209715200" percent="59">
    <mem type="eden" free="2096360" total="2097152" percent="99" />
    <remembered-set count="50304" freebytes="8182784" totalbytes="8384000" percent="97" regionsoverflowed="0" regionsstable="3" regionsrebuilding="0"/>
  </mem-info>
</gc-end>
<cycle-end id="922" type="partial gc" contextid="915" timestamp="2019-08-09T21:45:43.020" />
  <attribute name="elasticGC enabled" value="1" />
  <attribute name= "numThreadsSpecified" value="16" />
  <attribute name="heapSize specified" value="0" />
  <attribute name="Current GC Util" value="83" />
  <attribute name= "Current Time Running" value="156098" />
  <attribute name ="GC Interval" value="0" />
  <attribute name="Target GC Util Change" value ="80.000000" />
  <attribute name="Current GC Util Change" value="83.000000"/>
  <attribute name="Current Error" value="-3.000000" />
  <attribute name="Output H" value="209790880"/>
  <attribute name="Output I" value="2008"/>
  <attribute name="Output T" value="16"/>
  <attribute name= "Current Time Running" value="156098" />
  <attribute name="GC Util currently" value="83" />
  <attribute name="CPU Util currently" value="1410425730283" />
<exclusive-end id="923" timestamp="2019-08-09T21:45:43.020" durationms="10.038" />

<exclusive-start id="924" timestamp="2019-08-09T21:45:44.577" intervalms="1566.691">
  <response-info timems="0.128" idlems="0.128" threads="0" lastid="0000000001DE8F00" lastname="main" />
</exclusive-start>
<allocation-taxation id="925" taxation-threshold="58720256" timestamp="2019-08-09T21:45:44.577" intervalms="1566.686" />
<cycle-start id="926" type="partial gc" contextid="0" timestamp="2019-08-09T21:45:44.577" intervalms="1566.747" />
<gc-start id="927" type="partial gc" contextid="926" timestamp="2019-08-09T21:45:44.577">
  <mem-info id="928" free="65011712" total="209715200" percent="31">
    <mem type="eden" free="2096360" total="60817408" percent="3" />
    <remembered-set count="49952" freebytes="8184192" totalbytes="8384000" percent="97" regionsoverflowed="0" regionsstable="3" regionsrebuilding="0"/>
  </mem-info>
</gc-start>
<allocation-stats totalBytes="56481600" >
  <allocated-bytes non-tlh="0" tlh="56481600" arrayletleaf="0"/>
  <largest-consumer threadName="main" threadId="0000000001DE8F00" bytes="56481600" />
</allocation-stats>
<gc-op id="929" type="copy forward" timems="6.620" contextid="926" timestamp="2019-08-09T21:45:44.585">
  <memory-copied type="eden" objects="104" bytes="14528" bytesdiscarded="0" />
  <memory-copied type="other" objects="0" bytes="0" bytesdiscarded="0" />
  <memory-cardclean objects="118" bytes="4584" />
  <regions eden="28" other="1" />
  <remembered-set-cleared processed="40438" cleared="63" durationms="0.219" />
  <stringconstants candidates="15145" cleared="0"  />
</gc-op>
<gc-op id="930" type="classunload" timems="0.008" contextid="926" timestamp="2019-08-09T21:45:44.585">
  <classunload-info classloadercandidates="56" classloadersunloaded="0" classesunloaded="0" anonymousclassesunloaded="0" quiescems="0.000" setupms="0.008" scanms="0.000" postms="0.000" />
</gc-op>
<gc-end id="931" type="partial gc" contextid="926" durationms="8.127" usertimems="20.267" systemtimems="0.000" timestamp="2019-08-09T21:45:44.586" activeThreads="16">
  <mem-info id="932" free="123731968" total="209715200" percent="59">
    <mem type="eden" free="2082624" total="2097152" percent="99" />
    <remembered-set count="50816" freebytes="8180736" totalbytes="8384000" percent="97" regionsoverflowed="0" regionsstable="3" regionsrebuilding="0"/>
  </mem-info>
</gc-end>
<cycle-end id="933" type="partial gc" contextid="926" timestamp="2019-08-09T21:45:44.586" />
  <attribute name="elasticGC enabled" value="1" />
  <attribute name= "numThreadsSpecified" value="16" />
  <attribute name="heapSize specified" value="0" />
  <attribute name="Current GC Util" value="74" />
  <attribute name= "Current Time Running" value="157665" />
  <attribute name ="GC Interval" value="0" />
  <attribute name="Target GC Util Change" value ="80.000000" />
  <attribute name="Current GC Util Change" value="74.000000"/>
  <attribute name="Current Error" value="82.000000" />
  <attribute name="Output H" value="209790976"/>
  <attribute name="Output I" value="2104"/>
  <attribute name="Output T" value="16"/>
  <attribute name= "Current Time Running" value="157665" />
  <attribute name="GC Util currently" value="74" />
  <attribute name="CPU Util currently" value="1283559614160" />
<exclusive-end id="934" timestamp="2019-08-09T21:45:44.586" durationms="8.961" />

<exclusive-start id="935" timestamp="2019-08-09T21:45:45.693" intervalms="1115.793">
  <response-info timems="0.045" idlems="0.045" threads="0" lastid="0000000001DE8F00" lastname="main" />
</exclusive-start>
<allocation-taxation id="936" taxation-threshold="58720256" timestamp="2019-08-09T21:45:45.693" intervalms="1115.797" />
<cycle-start id="937" type="partial gc" contextid="0" timestamp="2019-08-09T21:45:45.693" intervalms="1115.809" />
<gc-start id="938" type="partial gc" contextid="937" timestamp="2019-08-09T21:45:45.693">
  <mem-info id="939" free="65011712" total="209715200" percent="31">
    <mem type="eden" free="0" total="58720256" percent="0" />
    <remembered-set count="50464" freebytes="8182144" totalbytes="8384000" percent="97" regionsoverflowed="0" regionsstable="3" regionsrebuilding="0"/>
  </mem-info>
</gc-start>
<allocation-stats totalBytes="58714888" >
  <allocated-bytes non-tlh="0" tlh="58714888" arrayletleaf="0"/>
  <largest-consumer threadName="main" threadId="0000000001DE8F00" bytes="58714888" />
</allocation-stats>
<gc-op id="940" type="copy forward" timems="6.746" contextid="937" timestamp="2019-08-09T21:45:45.701">
  <memory-copied type="eden" objects="51" bytes="1544" bytesdiscarded="104" />
  <memory-copied type="other" objects="73" bytes="2464" bytesdiscarded="624" />
  <memory-cardclean objects="145" bytes="5840" />
  <regions eden="28" other="1" />
  <remembered-set-cleared processed="40452" cleared="81" durationms="0.375" />
  <stringconstants candidates="15145" cleared="0"  />
</gc-op>
<gc-op id="941" type="classunload" timems="0.007" contextid="937" timestamp="2019-08-09T21:45:45.701">
  <classunload-info classloadercandidates="56" classloadersunloaded="0" classesunloaded="0" anonymousclassesunloaded="0" quiescems="0.000" setupms="0.007" scanms="0.000" postms="0.000" />
</gc-op>
<heap-resize id="942" type="contract" space="default" amount="10485760" count="1" timems="0.186" reason="insufficient time being spent in gc" timestamp="2019-08-09T21:45:45.701" />
<gc-end id="943" type="partial gc" contextid="937" durationms="8.271" usertimems="24.057" systemtimems="0.000" timestamp="2019-08-09T21:45:45.702" activeThreads="16">
  <mem-info id="944" free="111149056" total="199229440" percent="55">
    <mem type="eden" free="2095504" total="2097152" percent="99" />
    <remembered-set count="50816" freebytes="8180736" totalbytes="8384000" percent="97" regionsoverflowed="0" regionsstable="3" regionsrebuilding="0"/>
  </mem-info>
</gc-end>
<cycle-end id="945" type="partial gc" contextid="937" timestamp="2019-08-09T21:45:45.702" />
  <attribute name="elasticGC enabled" value="1" />
  <attribute name= "numThreadsSpecified" value="16" />
  <attribute name="heapSize specified" value="0" />
  <attribute name="Current GC Util" value="109" />
  <attribute name= "Current Time Running" value="158781" />
  <attribute name ="GC Interval" value="0" />
  <attribute name="Target GC Util Change" value ="80.000000" />
  <attribute name="Current GC Util Change" value="109.000000"/>
  <attribute name="Current Error" value="132.000000" />
  <attribute name="Output H" value="209791032"/>
  <attribute name="Output I" value="2160"/>
  <attribute name="Output T" value="16"/>
  <attribute name= "Current Time Running" value="158781" />
  <attribute name="GC Util currently" value="109" />
  <attribute name="CPU Util currently" value="1515715588195" />
<exclusive-end id="946" timestamp="2019-08-09T21:45:45.702" durationms="9.147" />

<exclusive-start id="947" timestamp="2019-08-09T21:45:46.027" intervalms="333.971">
  <response-info timems="0.133" idlems="0.133" threads="0" lastid="0000000001DE8F00" lastname="main" />
</exclusive-start>
<allocation-taxation id="948" taxation-threshold="56623104" timestamp="2019-08-09T21:45:46.027" intervalms="333.990" />
<cycle-start id="949" type="partial gc" contextid="0" timestamp="2019-08-09T21:45:46.027" intervalms="333.978" />
<gc-start id="950" type="partial gc" contextid="949" timestamp="2019-08-09T21:45:46.027">
  <mem-info id="951" free="54525952" total="199229440" percent="27">
    <mem type="eden" free="0" total="56623104" percent="0" />
    <remembered-set count="50528" freebytes="8181888" totalbytes="8384000" percent="97" regionsoverflowed="0" regionsstable="3" regionsrebuilding="0"/>
  </mem-info>
</gc-start>
<allocation-stats totalBytes="56615072" >
  <allocated-bytes non-tlh="0" tlh="56615072" arrayletleaf="0"/>
  <largest-consumer threadName="main" threadId="0000000001DE8F00" bytes="56615072" />
</allocation-stats>
<gc-op id="952" type="copy forward" timems="7.392" contextid="949" timestamp="2019-08-09T21:45:46.037">
  <memory-copied type="eden" objects="44" bytes="1424" bytesdiscarded="0" />
  <memory-copied type="other" objects="39" bytes="1120" bytesdiscarded="128" />
  <memory-cardclean objects="102" bytes="4168" />
  <regions eden="27" other="1" />
  <remembered-set-cleared processed="40469" cleared="65" durationms="0.229" />
  <stringconstants candidates="15145" cleared="0"  />
</gc-op>
<gc-op id="953" type="classunload" timems="0.011" contextid="949" timestamp="2019-08-09T21:45:46.037">
  <classunload-info classloadercandidates="56" classloadersunloaded="0" classesunloaded="0" anonymousclassesunloaded="0" quiescems="0.000" setupms="0.011" scanms="0.000" postms="0.000" />
</gc-op>
<gc-end id="954" type="partial gc" contextid="949" durationms="9.611" usertimems="24.549" systemtimems="0.000" timestamp="2019-08-09T21:45:46.037" activeThreads="16">
  <mem-info id="955" free="109051904" total="199229440" percent="54">
    <mem type="eden" free="2095728" total="2097152" percent="99" />
    <remembered-set count="50496" freebytes="7762816" totalbytes="7964800" percent="97" regionsoverflowed="0" regionsstable="3" regionsrebuilding="0"/>
  </mem-info>
</gc-end>
<cycle-end id="956" type="partial gc" contextid="949" timestamp="2019-08-09T21:45:46.037" />
  <attribute name="elasticGC enabled" value="1" />
  <attribute name= "numThreadsSpecified" value="16" />
  <attribute name="heapSize specified" value="0" />
  <attribute name="Current GC Util" value="52" />
  <attribute name= "Current Time Running" value="159115" />
  <attribute name ="GC Interval" value="0" />
  <attribute name="Target GC Util Change" value ="80.000000" />
  <attribute name="Current GC Util Change" value="52.000000"/>
  <attribute name="Current Error" value="28.000000" />
  <attribute name="Output H" value="199305152"/>
  <attribute name="Output I" value="2040"/>
  <attribute name="Output T" value="16"/>
  <attribute name= "Current Time Running" value="159115" />
  <attribute name="GC Util currently" value="52" />
  <attribute name="CPU Util currently" value="762565147195" />
<exclusive-end id="957" timestamp="2019-08-09T21:45:46.037" durationms="10.451" />

<exclusive-start id="958" timestamp="2019-08-09T21:45:46.658" intervalms="631.719">
  <response-info timems="0.069" idlems="0.069" threads="0" lastid="0000000001DE8F00" lastname="main" />
</exclusive-start>
<allocation-taxation id="959" taxation-threshold="56623104" timestamp="2019-08-09T21:45:46.658" intervalms="631.706" />
<cycle-start id="960" type="partial gc" contextid="0" timestamp="2019-08-09T21:45:46.659" intervalms="631.704" />
<gc-start id="961" type="partial gc" contextid="960" timestamp="2019-08-09T21:45:46.659">
  <mem-info id="962" free="52428800" total="199229440" percent="26">
    <mem type="eden" free="0" total="56623104" percent="0" />
    <remembered-set count="50080" freebytes="7764480" totalbytes="7964800" percent="97" regionsoverflowed="0" regionsstable="3" regionsrebuilding="0"/>
  </mem-info>
</gc-start>
<allocation-stats totalBytes="56604024" >
  <allocated-bytes non-tlh="0" tlh="56604024" arrayletleaf="0"/>
  <largest-consumer threadName="main" threadId="0000000001DE8F00" bytes="56604024" />
</allocation-stats>
<gc-op id="963" type="copy forward" timems="24.300" contextid="960" timestamp="2019-08-09T21:45:46.685">
  <memory-copied type="eden" objects="30" bytes="1112" bytesdiscarded="0" />
  <memory-copied type="other" objects="7" bytes="160" bytesdiscarded="0" />
  <memory-cardclean objects="60" bytes="2448" />
  <regions eden="27" other="1" />
  <remembered-set-cleared processed="40488" cleared="45" durationms="0.385" />
  <stringconstants candidates="15145" cleared="0"  />
</gc-op>
<gc-op id="964" type="classunload" timems="0.010" contextid="960" timestamp="2019-08-09T21:45:46.685">
  <classunload-info classloadercandidates="56" classloadersunloaded="0" classesunloaded="0" anonymousclassesunloaded="0" quiescems="0.000" setupms="0.010" scanms="0.000" postms="0.000" />
</gc-op>
<heap-resize id="965" type="contract" space="default" amount="10485760" count="1" timems="0.335" reason="insufficient time being spent in gc" timestamp="2019-08-09T21:45:46.685" />
<gc-end id="966" type="partial gc" contextid="960" durationms="26.452" usertimems="75.179" systemtimems="0.000" timestamp="2019-08-09T21:45:46.685" activeThreads="16">
  <mem-info id="967" free="96468992" total="188743680" percent="51">
    <mem type="eden" free="2096040" total="2097152" percent="99" />
    <remembered-set count="50080" freebytes="7764480" totalbytes="7964800" percent="97" regionsoverflowed="0" regionsstable="3" regionsrebuilding="0"/>
  </mem-info>
</gc-end>
<cycle-end id="968" type="partial gc" contextid="960" timestamp="2019-08-09T21:45:46.685" />
  <attribute name="elasticGC enabled" value="1" />
  <attribute name= "numThreadsSpecified" value="16" />
  <attribute name="heapSize specified" value="0" />
  <attribute name="Current GC Util" value="136" />
  <attribute name= "Current Time Running" value="159747" />
  <attribute name ="GC Interval" value="0" />
  <attribute name="Target GC Util Change" value ="80.000000" />
  <attribute name="Current GC Util Change" value="136.000000"/>
  <attribute name="Current Error" value="50.000000" />
  <attribute name="Output H" value="199305184"/>
  <attribute name="Output I" value="2072"/>
  <attribute name="Output T" value="16"/>
  <attribute name= "Current Time Running" value="159747" />
  <attribute name="GC Util currently" value="136" />
  <attribute name="CPU Util currently" value="1068616213143" />
<exclusive-end id="969" timestamp="2019-08-09T21:45:46.686" durationms="27.205" />

<exclusive-start id="970" timestamp="2019-08-09T21:45:47.470" intervalms="811.325">
  <response-info timems="0.421" idlems="0.421" threads="0" lastid="0000000001DE8F00" lastname="main" />
</exclusive-start>
<allocation-taxation id="971" taxation-threshold="54525952" timestamp="2019-08-09T21:45:47.470" intervalms="811.379" />
<cycle-start id="972" type="partial gc" contextid="0" timestamp="2019-08-09T21:45:47.470" intervalms="811.395" />
<gc-start id="973" type="partial gc" contextid="972" timestamp="2019-08-09T21:45:47.470">
  <mem-info id="974" free="41943040" total="188743680" percent="22">
    <mem type="eden" free="0" total="54525952" percent="0" />
    <remembered-set count="49664" freebytes="7766144" totalbytes="7964800" percent="97" regionsoverflowed="0" regionsstable="3" regionsrebuilding="0"/>
  </mem-info>
</gc-start>
<allocation-stats totalBytes="54519104" >
  <allocated-bytes non-tlh="0" tlh="54519104" arrayletleaf="0"/>
  <largest-consumer threadName="main" threadId="0000000001DE8F00" bytes="54519104" />
</allocation-stats>
<gc-op id="975" type="copy forward" timems="124.064" contextid="972" timestamp="2019-08-09T21:45:47.628">
  <memory-copied type="eden" objects="38" bytes="1096" bytesdiscarded="0" />
  <memory-copied type="other" objects="8" bytes="208" bytesdiscarded="0" />
  <memory-cardclean objects="79" bytes="3008" />
  <regions eden="26" other="1" />
  <remembered-set-cleared processed="40485" cleared="50" durationms="0.334" />
  <stringconstants candidates="15145" cleared="0"  />
</gc-op>
<gc-op id="976" type="classunload" timems="0.017" contextid="972" timestamp="2019-08-09T21:45:47.628">
  <classunload-info classloadercandidates="56" classloadersunloaded="0" classesunloaded="0" anonymousclassesunloaded="0" quiescems="0.000" setupms="0.017" scanms="0.000" postms="0.000" />
</gc-op>
<heap-resize id="977" type="contract" space="default" amount="10485760" count="1" timems="0.100" reason="insufficient time being spent in gc" timestamp="2019-08-09T21:45:47.628" />
<gc-end id="978" type="partial gc" contextid="972" durationms="157.804" usertimems="182.093" systemtimems="0.000" timestamp="2019-08-09T21:45:47.628" activeThreads="16">
  <mem-info id="979" free="83886080" total="178257920" percent="47">
    <mem type="eden" free="2096056" total="2097152" percent="99" />
    <remembered-set count="50592" freebytes="7343232" totalbytes="7545600" percent="97" regionsoverflowed="0" regionsstable="3" regionsrebuilding="0"/>
  </mem-info>
</gc-end>
<cycle-end id="980" type="partial gc" contextid="972" timestamp="2019-08-09T21:45:47.628" />
  <attribute name="elasticGC enabled" value="1" />
  <attribute name= "numThreadsSpecified" value="16" />
  <attribute name="heapSize specified" value="0" />
  <attribute name="Current GC Util" value="3" />
  <attribute name= "Current Time Running" value="160590" />
  <attribute name ="GC Interval" value="0" />
  <attribute name="Target GC Util Change" value ="80.000000" />
  <attribute name="Current GC Util Change" value="3.000000"/>
  <attribute name="Current Error" value="201.000000" />
  <attribute name="Output H" value="188819592"/>
  <attribute name="Output I" value="2240"/>
  <attribute name="Output T" value="16"/>
  <attribute name= "Current Time Running" value="160590" />
  <attribute name="GC Util currently" value="3" />
  <attribute name="CPU Util currently" value="35049033520" />
<exclusive-end id="981" timestamp="2019-08-09T21:45:47.628" durationms="158.624" />

<exclusive-start id="982" timestamp="2019-08-09T21:45:48.010" intervalms="540.759">
  <response-info timems="0.114" idlems="0.114" threads="0" lastid="0000000001DE8F00" lastname="main" />
</exclusive-start>
<allocation-taxation id="983" taxation-threshold="52428800" timestamp="2019-08-09T21:45:48.011" intervalms="540.728" />
<cycle-start id="984" type="partial gc" contextid="0" timestamp="2019-08-09T21:45:48.011" intervalms="540.681" />
<gc-start id="985" type="partial gc" contextid="984" timestamp="2019-08-09T21:45:48.011">
  <mem-info id="986" free="31457280" total="178257920" percent="17">
    <mem type="eden" free="0" total="52428800" percent="0" />
    <remembered-set count="50208" freebytes="7344768" totalbytes="7545600" percent="97" regionsoverflowed="0" regionsstable="3" regionsrebuilding="0"/>
  </mem-info>
</gc-start>
<allocation-stats totalBytes="52421488" >
  <allocated-bytes non-tlh="0" tlh="52421488" arrayletleaf="0"/>
  <largest-consumer threadName="main" threadId="0000000001DE8F00" bytes="52421488" />
</allocation-stats>
<gc-op id="987" type="copy forward" timems="27.602" contextid="984" timestamp="2019-08-09T21:45:48.051">
  <memory-copied type="eden" objects="31" bytes="928" bytesdiscarded="0" />
  <memory-copied type="other" objects="14" bytes="320" bytesdiscarded="0" />
  <memory-cardclean objects="58" bytes="2216" />
  <regions eden="25" other="1" />
  <remembered-set-cleared processed="40497" cleared="42" durationms="0.278" />
  <stringconstants candidates="15145" cleared="0"  />
</gc-op>
<gc-op id="988" type="classunload" timems="0.019" contextid="984" timestamp="2019-08-09T21:45:48.051">
  <classunload-info classloadercandidates="56" classloadersunloaded="0" classesunloaded="0" anonymousclassesunloaded="0" quiescems="0.000" setupms="0.019" scanms="0.000" postms="0.000" />
</gc-op>
<gc-end id="989" type="partial gc" contextid="984" durationms="40.550" usertimems="69.784" systemtimems="0.000" timestamp="2019-08-09T21:45:48.051" activeThreads="16">
  <mem-info id="990" free="81788928" total="178257920" percent="45">
    <mem type="eden" free="2096224" total="2097152" percent="99" />
    <remembered-set count="50112" freebytes="6925952" totalbytes="7126400" percent="97" regionsoverflowed="0" regionsstable="3" regionsrebuilding="0"/>
  </mem-info>
</gc-end>
<cycle-end id="991" type="partial gc" contextid="984" timestamp="2019-08-09T21:45:48.052" />
  <attribute name="elasticGC enabled" value="1" />
  <attribute name= "numThreadsSpecified" value="16" />
  <attribute name="heapSize specified" value="0" />
  <attribute name="Current GC Util" value="6" />
  <attribute name= "Current Time Running" value="161110" />
  <attribute name ="GC Interval" value="0" />
  <attribute name="Target GC Util Change" value ="80.000000" />
  <attribute name="Current GC Util Change" value="6.000000"/>
  <attribute name="Current Error" value="74.000000" />
  <attribute name="Output H" value="178333688"/>
  <attribute name="Output I" value="2096"/>
  <attribute name="Output T" value="16"/>
  <attribute name= "Current Time Running" value="161110" />
  <attribute name="GC Util currently" value="6" />
  <attribute name="CPU Util currently" value="101774967120" />
<exclusive-end id="992" timestamp="2019-08-09T21:45:48.052" durationms="41.522" />

<exclusive-start id="993" timestamp="2019-08-09T21:45:50.145" intervalms="2134.182">
  <response-info timems="0.186" idlems="0.186" threads="0" lastid="0000000001DE8F00" lastname="main" />
</exclusive-start>
<allocation-taxation id="994" taxation-threshold="52428800" timestamp="2019-08-09T21:45:50.145" intervalms="2134.163" />
<cycle-start id="995" type="partial gc" contextid="0" timestamp="2019-08-09T21:45:50.145" intervalms="2134.227" />
<gc-start id="996" type="partial gc" contextid="995" timestamp="2019-08-09T21:45:50.145">
  <mem-info id="997" free="29360128" total="178257920" percent="16">
    <mem type="eden" free="0" total="52428800" percent="0" />
    <remembered-set count="49728" freebytes="6927488" totalbytes="7126400" percent="97" regionsoverflowed="0" regionsstable="3" regionsrebuilding="0"/>
  </mem-info>
</gc-start>
<allocation-stats totalBytes="52425920" >
  <allocated-bytes non-tlh="0" tlh="52425920" arrayletleaf="0"/>
  <largest-consumer threadName="main" threadId="0000000001DE8F00" bytes="52425920" />
</allocation-stats>
<gc-op id="998" type="copy forward" timems="9.583" contextid="995" timestamp="2019-08-09T21:45:50.156">
  <memory-copied type="eden" objects="34" bytes="944" bytesdiscarded="0" />
  <memory-copied type="other" objects="7" bytes="160" bytesdiscarded="0" />
  <memory-cardclean objects="95" bytes="3600" />
  <regions eden="25" other="1" />
  <remembered-set-cleared processed="40498" cleared="48" durationms="0.247" />
  <stringconstants candidates="15145" cleared="0"  />
</gc-op>
<gc-op id="999" type="classunload" timems="0.013" contextid="995" timestamp="2019-08-09T21:45:50.156">
  <classunload-info classloadercandidates="56" classloadersunloaded="0" classesunloaded="0" anonymousclassesunloaded="0" quiescems="0.000" setupms="0.012" scanms="0.000" postms="0.000" />
</gc-op>
<gc-end id="1000" type="partial gc" contextid="995" durationms="10.961" usertimems="27.352" systemtimems="0.000" timestamp="2019-08-09T21:45:50.156" activeThreads="16">
  <mem-info id="1001" free="79691776" total="178257920" percent="44">
    <mem type="eden" free="2096208" total="2097152" percent="99" />
    <remembered-set count="50624" freebytes="6923904" totalbytes="7126400" percent="97" regionsoverflowed="0" regionsstable="3" regionsrebuilding="0"/>
  </mem-info>
</gc-end>
<cycle-end id="1002" type="partial gc" contextid="995" timestamp="2019-08-09T21:45:50.156" />
  <attribute name="elasticGC enabled" value="1" />
  <attribute name= "numThreadsSpecified" value="16" />
  <attribute name="heapSize specified" value="0" />
  <attribute name="Current GC Util" value="108" />
  <attribute name= "Current Time Running" value="163232" />
  <attribute name ="GC Interval" value="0" />
  <attribute name="Target GC Util Change" value ="80.000000" />
  <attribute name="Current GC Util Change" value="108.000000"/>
  <attribute name="Current Error" value="125.000000" />
  <attribute name="Output H" value="178333744"/>
  <attribute name="Output I" value="2152"/>
  <attribute name="Output T" value="16"/>
  <attribute name= "Current Time Running" value="163232" />
  <attribute name="GC Util currently" value="108" />
  <attribute name="CPU Util currently" value="1968030525315" />
<exclusive-end id="1003" timestamp="2019-08-09T21:45:50.156" durationms="11.806" />

<exclusive-start id="1004" timestamp="2019-08-09T21:45:52.500" intervalms="2355.043">
  <response-info timems="0.113" idlems="0.113" threads="0" lastid="0000000001DE8F00" lastname="main" />
</exclusive-start>
<allocation-taxation id="1005" taxation-threshold="25165824" timestamp="2019-08-09T21:45:52.500" intervalms="2355.034" />
<cycle-start id="1006" type="global mark phase" contextid="0" timestamp="2019-08-09T21:45:52.500" intervalms="17314.111" />
<gc-start id="1007" type="global mark phase" contextid="1006" timestamp="2019-08-09T21:45:52.500">
  <mem-info id="1008" free="54525952" total="178257920" percent="30">
    <remembered-set count="50624" freebytes="6923904" totalbytes="7126400" percent="97" regionsoverflowed="0" regionsstable="3" regionsrebuilding="0"/>
  </mem-info>
</gc-start>
<gc-op id="1009" type="mark increment" timems="24.603" contextid="1006" timestamp="2019-08-09T21:45:52.525">
  <trace-info objectcount="184759" scancount="145490" scanbytes="4235852" />
</gc-op>
<gc-end id="1010" type="global mark phase" contextid="1006" durationms="24.662" usertimems="74.002" systemtimems="0.000" timestamp="2019-08-09T21:45:52.525" activeThreads="16">
  <mem-info id="1011" free="54525952" total="178257920" percent="30">
    <remembered-set count="52672" freebytes="6915712" totalbytes="7126400" percent="97" regionsoverflowed="0" regionsstable="0" regionsrebuilding="3"/>
  </mem-info>
</gc-end>
<concurrent-start id="1012" type="GMP work packet processing" contextid="1006" timestamp="2019-08-09T21:45:52.525">
  <concurrent-mark-start scanTarget="20161366" />
</concurrent-start>
<exclusive-end id="1013" timestamp="2019-08-09T21:45:52.525" durationms="25.520" />

<concurrent-end id="1014" type="GMP work packet processing" contextid="1006" timestamp="2019-08-09T21:45:52.597">
  <concurrent-mark-end bytesScanned="9420520" reasonForTermination="Completed all work in GC phase" />
</concurrent-end>

<exclusive-start id="1015" timestamp="2019-08-09T21:45:53.193" intervalms="693.712">
  <response-info timems="0.065" idlems="0.065" threads="0" lastid="0000000001DE8F00" lastname="main" />
</exclusive-start>
<allocation-taxation id="1016" taxation-threshold="25165824" timestamp="2019-08-09T21:45:53.193" intervalms="693.746" />
<cycle-start id="1017" type="partial gc" contextid="0" timestamp="2019-08-09T21:45:53.194" intervalms="3048.974" />
<gc-start id="1018" type="partial gc" contextid="1017" timestamp="2019-08-09T21:45:53.194">
  <mem-info id="1019" free="29360128" total="178257920" percent="16">
    <mem type="eden" free="0" total="50331648" percent="0" />
    <remembered-set count="57408" freebytes="6896768" totalbytes="7126400" percent="96" regionsoverflowed="0" regionsstable="0" regionsrebuilding="3"/>
  </mem-info>
</gc-start>
<allocation-stats totalBytes="50328304" >
  <allocated-bytes non-tlh="0" tlh="50328304" arrayletleaf="0"/>
  <largest-consumer threadName="main" threadId="0000000001DE8F00" bytes="25164040" />
</allocation-stats>
<gc-op id="1020" type="copy forward" timems="2.167" contextid="1017" timestamp="2019-08-09T21:45:53.202">
  <memory-copied type="eden" objects="45" bytes="1216" bytesdiscarded="0" />
  <memory-copied type="other" objects="21" bytes="480" bytesdiscarded="0" />
  <memory-cardclean objects="73" bytes="11448" />
  <regions eden="24" other="1" />
  <remembered-set-cleared processed="42808" cleared="66" durationms="0.720" />
  <references type="weak" candidates="2" cleared="0" enqueued="0" />
  <stringconstants candidates="15145" cleared="0"  />
</gc-op>
<gc-op id="1021" type="classunload" timems="0.006" contextid="1017" timestamp="2019-08-09T21:45:53.202">
  <classunload-info classloadercandidates="56" classloadersunloaded="0" classesunloaded="0" anonymousclassesunloaded="0" quiescems="0.000" setupms="0.006" scanms="0.000" postms="0.000" />
</gc-op>
<heap-resize id="1022" type="contract" space="default" amount="10485760" count="1" timems="0.110" reason="insufficient time being spent in gc" timestamp="2019-08-09T21:45:53.203" />
<gc-end id="1023" type="partial gc" contextid="1017" durationms="8.537" usertimems="8.835" systemtimems="0.000" timestamp="2019-08-09T21:45:53.203" activeThreads="1">
  <mem-info id="1024" free="67108864" total="167772160" percent="40">
    <mem type="eden" free="2095936" total="2097152" percent="99" />
    <remembered-set count="57536" freebytes="6896256" totalbytes="7126400" percent="96" regionsoverflowed="0" regionsstable="0" regionsrebuilding="3"/>
  </mem-info>
</gc-end>
<cycle-end id="1025" type="partial gc" contextid="1017" timestamp="2019-08-09T21:45:53.203" />
  <attribute name="elasticGC enabled" value="1" />
  <attribute name= "numThreadsSpecified" value="1" />
  <attribute name="heapSize specified" value="0" />
  <attribute name="Current GC Util" value="91" />
  <attribute name= "Current Time Running" value="166287" />
  <attribute name ="GC Interval" value="0" />
  <attribute name="Target GC Util Change" value ="80.000000" />
  <attribute name="Current GC Util Change" value="91.000000"/>
  <attribute name="Current Error" value="-23.000000" />
  <attribute name="Output H" value="178333576"/>
  <attribute name="Output I" value="1984"/>
  <attribute name="Output T" value="1"/>
  <attribute name= "Current Time Running" value="166287" />
  <attribute name="GC Util currently" value="91" />
  <attribute name="CPU Util currently" value="199548308376" />
<exclusive-end id="1026" timestamp="2019-08-09T21:45:53.203" durationms="9.771" />

<exclusive-start id="1027" timestamp="2019-08-09T21:45:53.410" intervalms="216.161">
  <response-info timems="17.058" idlems="17.058" threads="0" lastid="0000000001DE8F00" lastname="main" />
</exclusive-start>
<allocation-taxation id="1028" taxation-threshold="23068672" timestamp="2019-08-09T21:45:53.410" intervalms="216.123" />
<gc-start id="1029" type="global mark phase" contextid="1006" timestamp="2019-08-09T21:45:53.410">
  <mem-info id="1030" free="44040192" total="167772160" percent="26">
    <remembered-set count="57120" freebytes="6897920" totalbytes="7126400" percent="96" regionsoverflowed="0" regionsstable="0" regionsrebuilding="3"/>
  </mem-info>
</gc-start>
<gc-op id="1031" type="mark increment" timems="62.443" contextid="1006" timestamp="2019-08-09T21:45:53.473">
  <trace-info objectcount="30" scancount="22" scanbytes="680" />
  <cardclean-info objects="61" bytes="2472" />
  <finalization candidates="81" enqueued="1" />
  <ownableSynchronizers candidates="21" cleared="0" />
  <references type="soft" candidates="4853" cleared="0" enqueued="0" dynamicThreshold="12" maxThreshold="32" />
  <references type="weak" candidates="5701" cleared="70" enqueued="63" />
  <references type="phantom" candidates="104" cleared="3" enqueued="3" />
  <stringconstants candidates="15145" cleared="1376"  />
</gc-op>
<gc-op id="1032" type="classunload" timems="7.422" contextid="1006" timestamp="2019-08-09T21:45:53.480">
  <classunload-info classloadercandidates="56" classloadersunloaded="2" classesunloaded="509" anonymousclassesunloaded="0" quiescems="0.395" setupms="2.698" scanms="4.705" postms="0.018" />
</gc-op>
<gc-end id="1033" type="global mark phase" contextid="1006" durationms="70.101" usertimems="69.228" systemtimems="0.000" timestamp="2019-08-09T21:45:53.481" activeThreads="16">
  <mem-info id="1034" free="44040192" total="167772160" percent="26">
    <pending-finalizers system="0" default="1" reference="66" classloader="0" />
    <remembered-set count="57120" freebytes="6897920" totalbytes="7126400" percent="96" regionsoverflowed="0" regionsstable="0" regionsrebuilding="0"/>
  </mem-info>
</gc-end>
<cycle-end id="1035" type="global mark phase" contextid="1006" timestamp="2019-08-09T21:45:53.482" />
  <attribute name="elasticGC enabled" value="1" />
  <attribute name= "numThreadsSpecified" value="16" />
  <attribute name="heapSize specified" value="0" />
  <attribute name="Current GC Util" value="54" />
  <attribute name= "Current Time Running" value="166546" />
  <attribute name ="GC Interval" value="0" />
  <attribute name="Target GC Util Change" value ="80.000000" />
  <attribute name="Current GC Util Change" value="54.000000"/>
  <attribute name="Current Error" value="139.000000" />
  <attribute name="Output H" value="167848000"/>
  <attribute name="Output I" value="2168"/>
  <attribute name="Output T" value="16"/>
  <attribute name= "Current Time Running" value="166546" />
  <attribute name="GC Util currently" value="54" />
  <attribute name="CPU Util currently" value="205089899023" />
<exclusive-end id="1036" timestamp="2019-08-09T21:45:53.482" durationms="72.462" />

<exclusive-start id="1037" timestamp="2019-08-09T21:45:53.711" intervalms="301.183">
  <response-info timems="0.274" idlems="0.274" threads="0" lastid="0000000001DE8F00" lastname="main" />
</exclusive-start>
<allocation-taxation id="1038" taxation-threshold="23068672" timestamp="2019-08-09T21:45:53.711" intervalms="301.313" />
<cycle-start id="1039" type="partial gc" contextid="0" timestamp="2019-08-09T21:45:53.711" intervalms="517.229" />
<gc-start id="1040" type="partial gc" contextid="1039" timestamp="2019-08-09T21:45:53.711">
  <mem-info id="1041" free="20971520" total="167772160" percent="12">
    <mem type="eden" free="0" total="46137344" percent="0" />
    <remembered-set count="55488" freebytes="6904448" totalbytes="7126400" percent="96" regionsoverflowed="0" regionsstable="2" regionsrebuilding="0"/>
  </mem-info>
</gc-start>
<allocation-stats totalBytes="46134168" >
  <allocated-bytes non-tlh="56" tlh="46134112" arrayletleaf="0"/>
  <largest-consumer threadName="main" threadId="0000000001DE8F00" bytes="23054688" />
</allocation-stats>
<gc-op id="1042" type="sweep" timems="4.059" contextid="1039" timestamp="2019-08-09T21:45:53.716" />
<gc-op id="1043" type="copy forward" timems="39.985" contextid="1039" timestamp="2019-08-09T21:45:53.758">
  <memory-copied type="eden" objects="63" bytes="2864" bytesdiscarded="896" />
  <memory-copied type="other" objects="30" bytes="704" bytesdiscarded="128" />
  <memory-cardclean objects="233" bytes="21392" />
  <regions eden="11" other="2" />
  <remembered-set-cleared processed="41577" cleared="108" durationms="0.450" />
  <references type="soft" candidates="2" cleared="0" enqueued="0" dynamicThreshold="8" maxThreshold="32" />
  <references type="weak" candidates="6" cleared="0" enqueued="0" />
  <stringconstants candidates="13770" cleared="0"  />
</gc-op>
<gc-op id="1044" type="classunload" timems="0.010" contextid="1039" timestamp="2019-08-09T21:45:53.758">
  <classunload-info classloadercandidates="54" classloadersunloaded="0" classesunloaded="0" anonymousclassesunloaded="0" quiescems="0.000" setupms="0.010" scanms="0.000" postms="0.000" />
</gc-op>
<gc-end id="1045" type="partial gc" contextid="1039" durationms="47.137" usertimems="46.166" systemtimems="0.000" timestamp="2019-08-09T21:45:53.759" activeThreads="16">
  <mem-info id="1046" free="65011712" total="167772160" percent="38">
    <mem type="eden" free="2093360" total="2097152" percent="99" />
    <remembered-set count="51968" freebytes="6499328" totalbytes="6707200" percent="96" regionsoverflowed="0" regionsstable="2" regionsrebuilding="0"/>
  </mem-info>
</gc-end>
<cycle-end id="1047" type="partial gc" contextid="1039" timestamp="2019-08-09T21:45:53.759" />
  <attribute name="elasticGC enabled" value="1" />
  <attribute name= "numThreadsSpecified" value="16" />
  <attribute name="heapSize specified" value="0" />
  <attribute name="Current GC Util" value="77" />
  <attribute name= "Current Time Running" value="166804" />
  <attribute name ="GC Interval" value="0" />
  <attribute name="Target GC Util Change" value ="80.000000" />
  <attribute name="Current GC Util Change" value="77.000000"/>
  <attribute name="Current Error" value="23.000000" />
  <attribute name="Output H" value="167847872"/>
  <attribute name="Output I" value="2040"/>
  <attribute name="Output T" value="16"/>
  <attribute name= "Current Time Running" value="166804" />
  <attribute name="GC Util currently" value="77" />
  <attribute name="CPU Util currently" value="940011659875" />
<exclusive-end id="1048" timestamp="2019-08-09T21:45:53.759" durationms="48.188" />

<exclusive-start id="1049" timestamp="2019-08-09T21:45:54.263" intervalms="552.356">
  <response-info timems="0.110" idlems="0.110" threads="0" lastid="0000000001DE8F00" lastname="main" />
</exclusive-start>
<allocation-taxation id="1050" taxation-threshold="48234496" timestamp="2019-08-09T21:45:54.263" intervalms="552.258" />
<cycle-start id="1051" type="partial gc" contextid="0" timestamp="2019-08-09T21:45:54.263" intervalms="552.227" />
<gc-start id="1052" type="partial gc" contextid="1051" timestamp="2019-08-09T21:45:54.264">
  <mem-info id="1053" free="16777216" total="167772160" percent="10">
    <mem type="eden" free="0" total="48234496" percent="0" />
    <remembered-set count="50208" freebytes="6506368" totalbytes="6707200" percent="97" regionsoverflowed="0" regionsstable="3" regionsrebuilding="0"/>
  </mem-info>
</gc-start>
<allocation-stats totalBytes="48231224" >
  <allocated-bytes non-tlh="0" tlh="48231224" arrayletleaf="0"/>
  <largest-consumer threadName="main" threadId="0000000001DE8F00" bytes="48231224" />
</allocation-stats>
<gc-op id="1054" type="copy forward" timems="40.377" contextid="1051" timestamp="2019-08-09T21:45:54.305">
  <memory-copied type="eden" objects="30" bytes="904" bytesdiscarded="0" />
  <memory-copied type="other" objects="16717" bytes="645208" bytesdiscarded="74360" />
  <memory-cardclean objects="38481" bytes="1484256" />
  <regions eden="23" other="20" />
  <remembered-set-cleared processed="35152" cleared="11515" durationms="0.750" />
  <references type="soft" candidates="148" cleared="0" enqueued="0" dynamicThreshold="12" maxThreshold="32" />
  <references type="weak" candidates="804" cleared="0" enqueued="0" />
  <stringconstants candidates="13770" cleared="0"  />
</gc-op>
<gc-op id="1055" type="classunload" timems="0.010" contextid="1051" timestamp="2019-08-09T21:45:54.305">
  <classunload-info classloadercandidates="54" classloadersunloaded="0" classesunloaded="0" anonymousclassesunloaded="0" quiescems="0.000" setupms="0.010" scanms="0.000" postms="0.000" />
</gc-op>
<gc-end id="1056" type="partial gc" contextid="1051" durationms="41.727" usertimems="95.671" systemtimems="0.000" timestamp="2019-08-09T21:45:54.305" activeThreads="16">
  <mem-info id="1057" free="98566144" total="167772160" percent="58">
    <mem type="eden" free="2096248" total="2097152" percent="99" />
    <remembered-set count="47904" freebytes="6515584" totalbytes="6707200" percent="97" regionsoverflowed="0" regionsstable="3" regionsrebuilding="0"/>
  </mem-info>
</gc-end>
<cycle-end id="1058" type="partial gc" contextid="1051" timestamp="2019-08-09T21:45:54.305" />
  <attribute name="elasticGC enabled" value="1" />
  <attribute name= "numThreadsSpecified" value="16" />
  <attribute name="heapSize specified" value="0" />
  <attribute name="Current GC Util" value="133" />
  <attribute name= "Current Time Running" value="167351" />
  <attribute name ="GC Interval" value="0" />
  <attribute name="Target GC Util Change" value ="80.000000" />
  <attribute name="Current GC Util Change" value="133.000000"/>
  <attribute name="Current Error" value="43.000000" />
  <attribute name="Output H" value="167847896"/>
  <attribute name="Output I" value="2064"/>
  <attribute name="Output T" value="16"/>
  <attribute name= "Current Time Running" value="167351" />
  <attribute name="GC Util currently" value="133" />
  <attribute name="CPU Util currently" value="1959720963894" />
<exclusive-end id="1059" timestamp="2019-08-09T21:45:54.305" durationms="42.385" />

<exclusive-start id="1060" timestamp="2019-08-09T21:45:57.722" intervalms="3459.122">
  <response-info timems="0.076" idlems="0.076" threads="0" lastid="0000000001DE8F00" lastname="main" />
</exclusive-start>
<allocation-taxation id="1061" taxation-threshold="48234496" timestamp="2019-08-09T21:45:57.722" intervalms="3459.084" />
<cycle-start id="1062" type="partial gc" contextid="0" timestamp="2019-08-09T21:45:57.723" intervalms="3459.251" />
<gc-start id="1063" type="partial gc" contextid="1062" timestamp="2019-08-09T21:45:57.723">
  <mem-info id="1064" free="50331648" total="167772160" percent="30">
    <mem type="eden" free="0" total="48234496" percent="0" />
    <remembered-set count="46560" freebytes="6520960" totalbytes="6707200" percent="97" regionsoverflowed="0" regionsstable="5" regionsrebuilding="0"/>
  </mem-info>
</gc-start>
<allocation-stats totalBytes="48221944" >
  <allocated-bytes non-tlh="360" tlh="48221584" arrayletleaf="0"/>
  <largest-consumer threadName="main" threadId="0000000001DE8F00" bytes="48221944" />
</allocation-stats>
<gc-op id="1065" type="copy forward" timems="25.878" contextid="1062" timestamp="2019-08-09T21:45:57.752">
  <memory-copied type="eden" objects="66" bytes="3088" bytesdiscarded="2336" />
  <memory-copied type="other" objects="14262" bytes="557144" bytesdiscarded="48312" />
  <memory-cardclean objects="4547" bytes="222888" />
  <regions eden="23" other="5" />
  <remembered-set-cleared processed="36861" cleared="4383" durationms="0.242" />
  <references type="soft" candidates="485" cleared="0" enqueued="0" dynamicThreshold="18" maxThreshold="32" />
  <references type="weak" candidates="954" cleared="0" enqueued="0" />
  <stringconstants candidates="13776" cleared="0"  />
</gc-op>
<gc-op id="1066" type="classunload" timems="0.015" contextid="1062" timestamp="2019-08-09T21:45:57.752">
  <classunload-info classloadercandidates="54" classloadersunloaded="0" classesunloaded="0" anonymousclassesunloaded="0" quiescems="0.000" setupms="0.014" scanms="0.000" postms="0.000" />
</gc-op>
<heap-resize id="1067" type="contract" space="default" amount="8388608" count="1" timems="1.030" reason="insufficient time being spent in gc" timestamp="2019-08-09T21:45:57.753" />
<gc-end id="1068" type="partial gc" contextid="1062" durationms="30.326" usertimems="81.627" systemtimems="0.000" timestamp="2019-08-09T21:45:57.753" activeThreads="16">
  <mem-info id="1069" free="94371840" total="159383552" percent="59">
    <mem type="eden" free="2091728" total="2097152" percent="99" />
    <remembered-set count="43264" freebytes="6534144" totalbytes="6707200" percent="97" regionsoverflowed="0" regionsstable="5" regionsrebuilding="0"/>
  </mem-info>
</gc-end>
<cycle-end id="1070" type="partial gc" contextid="1062" timestamp="2019-08-09T21:45:57.754" />
  <attribute name="elasticGC enabled" value="1" />
  <attribute name= "numThreadsSpecified" value="16" />
  <attribute name="heapSize specified" value="0" />
  <attribute name="Current GC Util" value="23" />
  <attribute name= "Current Time Running" value="170813" />
  <attribute name ="GC Interval" value="0" />
  <attribute name="Target GC Util Change" value ="80.000000" />
  <attribute name="Current GC Util Change" value="23.000000"/>
  <attribute name="Current Error" value="57.000000" />
  <attribute name="Output H" value="167847912"/>
  <attribute name="Output I" value="2080"/>
  <attribute name="Output T" value="16"/>
  <attribute name= "Current Time Running" value="170813" />
  <attribute name="GC Util currently" value="23" />
  <attribute name="CPU Util currently" value="429920427711" />
<exclusive-end id="1071" timestamp="2019-08-09T21:45:57.754" durationms="31.690" />

<exclusive-start id="1072" timestamp="2019-08-09T21:45:58.504" intervalms="781.744">
  <response-info timems="0.119" idlems="0.119" threads="0" lastid="0000000001DE8F00" lastname="main" />
</exclusive-start>
<allocation-taxation id="1073" taxation-threshold="46137344" timestamp="2019-08-09T21:45:58.504" intervalms="781.755" />
<cycle-start id="1074" type="partial gc" contextid="0" timestamp="2019-08-09T21:45:58.504" intervalms="781.543" />
<gc-start id="1075" type="partial gc" contextid="1074" timestamp="2019-08-09T21:45:58.504">
  <mem-info id="1076" free="48234496" total="159383552" percent="30">
    <mem type="eden" free="0" total="46137344" percent="0" />
    <remembered-set count="43136" freebytes="6534656" totalbytes="6707200" percent="97" regionsoverflowed="0" regionsstable="5" regionsrebuilding="0"/>
  </mem-info>
</gc-start>
<allocation-stats totalBytes="46104680" >
  <allocated-bytes non-tlh="0" tlh="46104680" arrayletleaf="0"/>
  <largest-consumer threadName="main" threadId="0000000001DE8F00" bytes="46104680" />
</allocation-stats>
<gc-op id="1077" type="copy forward" timems="115.767" contextid="1074" timestamp="2019-08-09T21:45:58.622">
  <memory-copied type="eden" objects="3" bytes="264" bytesdiscarded="0" />
  <memory-copied type="other" objects="25101" bytes="657640" bytesdiscarded="45136" />
  <memory-cardclean objects="12489" bytes="662816" />
  <regions eden="22" other="5" />
  <remembered-set-cleared processed="35912" cleared="3560" durationms="0.472" />
  <references type="soft" candidates="378" cleared="0" enqueued="0" dynamicThreshold="18" maxThreshold="32" />
  <references type="weak" candidates="358" cleared="0" enqueued="0" />
  <stringconstants candidates="13776" cleared="0"  />
</gc-op>
<gc-op id="1078" type="classunload" timems="0.011" contextid="1074" timestamp="2019-08-09T21:45:58.622">
  <classunload-info classloadercandidates="54" classloadersunloaded="0" classesunloaded="0" anonymousclassesunloaded="0" quiescems="0.000" setupms="0.011" scanms="0.000" postms="0.000" />
</gc-op>
<heap-resize id="1079" type="contract" space="default" amount="8388608" count="1" timems="0.306" reason="insufficient time being spent in gc" timestamp="2019-08-09T21:45:58.623" />
<gc-end id="1080" type="partial gc" contextid="1074" durationms="118.374" usertimems="98.365" systemtimems="0.000" timestamp="2019-08-09T21:45:58.623" activeThreads="16">
  <mem-info id="1081" free="90177536" total="150994944" percent="59">
    <mem type="eden" free="2096888" total="2097152" percent="99" />
    <remembered-set count="42304" freebytes="6202624" totalbytes="6371840" percent="97" regionsoverflowed="0" regionsstable="5" regionsrebuilding="0"/>
  </mem-info>
</gc-end>
<cycle-end id="1082" type="partial gc" contextid="1074" timestamp="2019-08-09T21:45:58.623" />
  <attribute name="elasticGC enabled" value="1" />
  <attribute name= "numThreadsSpecified" value="16" />
  <attribute name="heapSize specified" value="0" />
  <attribute name="Current GC Util" value="50" />
  <attribute name= "Current Time Running" value="171593" />
  <attribute name ="GC Interval" value="0" />
  <attribute name="Target GC Util Change" value ="80.000000" />
  <attribute name="Current GC Util Change" value="50.000000"/>
  <attribute name="Current Error" value="164.000000" />
  <attribute name="Output H" value="159459424"/>
  <attribute name="Output I" value="2200"/>
  <attribute name="Output T" value="16"/>
  <attribute name= "Current Time Running" value="171593" />
  <attribute name="GC Util currently" value="50" />
  <attribute name="CPU Util currently" value="659001690248" />
<exclusive-end id="1083" timestamp="2019-08-09T21:45:58.623" durationms="118.933" />

<exclusive-start id="1084" timestamp="2019-08-09T21:45:59.887" intervalms="1383.126">
  <response-info timems="0.536" idlems="0.536" threads="0" lastid="0000000001DE8F00" lastname="main" />
</exclusive-start>
<allocation-taxation id="1085" taxation-threshold="44040192" timestamp="2019-08-09T21:45:59.887" intervalms="1383.115" />
<cycle-start id="1086" type="partial gc" contextid="0" timestamp="2019-08-09T21:45:59.887" intervalms="1383.174" />
<gc-start id="1087" type="partial gc" contextid="1086" timestamp="2019-08-09T21:45:59.888">
  <mem-info id="1088" free="46137344" total="150994944" percent="30">
    <mem type="eden" free="2096888" total="46137344" percent="4" />
    <remembered-set count="42240" freebytes="6202880" totalbytes="6371840" percent="97" regionsoverflowed="0" regionsstable="5" regionsrebuilding="0"/>
  </mem-info>
</gc-start>
<allocation-stats totalBytes="44021552" >
  <allocated-bytes non-tlh="0" tlh="44021552" arrayletleaf="0"/>
  <largest-consumer threadName="main" threadId="0000000001DE8F00" bytes="44021552" />
</allocation-stats>
<gc-op id="1089" type="copy forward" timems="17.284" contextid="1086" timestamp="2019-08-09T21:45:59.907">
  <memory-copied type="eden" objects="45" bytes="1888" bytesdiscarded="1168" />
  <memory-copied type="other" objects="22396" bytes="696488" bytesdiscarded="22848" />
  <memory-cardclean objects="19717" bytes="865784" />
  <regions eden="21" other="3" />
  <remembered-set-cleared processed="34428" cleared="3678" durationms="0.269" />
  <references type="soft" candidates="779" cleared="0" enqueued="0" dynamicThreshold="19" maxThreshold="32" />
  <references type="weak" candidates="139" cleared="0" enqueued="0" />
  <references type="phantom" candidates="2" cleared="0" enqueued="0" />
  <stringconstants candidates="13776" cleared="0"  />
</gc-op>
<gc-op id="1090" type="classunload" timems="0.015" contextid="1086" timestamp="2019-08-09T21:45:59.908">
  <classunload-info classloadercandidates="54" classloadersunloaded="0" classesunloaded="0" anonymousclassesunloaded="0" quiescems="0.000" setupms="0.015" scanms="0.000" postms="0.000" />
</gc-op>
<heap-resize id="1091" type="contract" space="default" amount="8388608" count="1" timems="1.710" reason="insufficient time being spent in gc" timestamp="2019-08-09T21:45:59.909" />
<gc-end id="1092" type="partial gc" contextid="1086" durationms="21.878" usertimems="72.354" systemtimems="7.648" timestamp="2019-08-09T21:45:59.909" activeThreads="16">
  <mem-info id="1093" free="81788928" total="142606336" percent="57">
    <mem type="eden" free="2094096" total="2097152" percent="99" />
    <remembered-set count="42432" freebytes="5866752" totalbytes="6036480" percent="97" regionsoverflowed="0" regionsstable="5" regionsrebuilding="0"/>
  </mem-info>
</gc-end>
<cycle-end id="1094" type="partial gc" contextid="1086" timestamp="2019-08-09T21:45:59.910" />
  <attribute name="elasticGC enabled" value="1" />
  <attribute name= "numThreadsSpecified" value="16" />
  <attribute name="heapSize specified" value="0" />
  <attribute name="Current GC Util" value="44" />
  <attribute name= "Current Time Running" value="172976" />
  <attribute name ="GC Interval" value="0" />
  <attribute name="Target GC Util Change" value ="80.000000" />
  <attribute name="Current GC Util Change" value="44.000000"/>
  <attribute name="Current Error" value="274.000000" />
  <attribute name="Output H" value="151070944"/>
  <attribute name="Output I" value="2328"/>
  <attribute name="Output T" value="16"/>
  <attribute name= "Current Time Running" value="172976" />
  <attribute name="GC Util currently" value="44" />
  <attribute name="CPU Util currently" value="512934107103" />
<exclusive-end id="1095" timestamp="2019-08-09T21:45:59.910" durationms="22.797" />

<exclusive-start id="1096" timestamp="2019-08-09T21:46:00.054" intervalms="167.290">
  <response-info timems="0.263" idlems="0.263" threads="0" lastid="0000000001DE8F00" lastname="main" />
</exclusive-start>
<allocation-taxation id="1097" taxation-threshold="41943040" timestamp="2019-08-09T21:46:00.054" intervalms="167.306" />
<cycle-start id="1098" type="partial gc" contextid="0" timestamp="2019-08-09T21:46:00.055" intervalms="168.059" />
<gc-start id="1099" type="partial gc" contextid="1098" timestamp="2019-08-09T21:46:00.056">
  <mem-info id="1100" free="39845888" total="142606336" percent="27">
    <mem type="eden" free="0" total="41943040" percent="0" />
    <remembered-set count="42048" freebytes="5868288" totalbytes="6036480" percent="97" regionsoverflowed="0" regionsstable="5" regionsrebuilding="0"/>
  </mem-info>
</gc-start>
<allocation-stats totalBytes="41879896" >
  <allocated-bytes non-tlh="0" tlh="41879896" arrayletleaf="0"/>
  <largest-consumer threadName="main" threadId="0000000001DE8F00" bytes="41879896" />
</allocation-stats>
<gc-op id="1101" type="copy forward" timems="62.149" contextid="1098" timestamp="2019-08-09T21:46:00.121">
  <memory-copied type="eden" objects="3" bytes="72" bytesdiscarded="720" />
  <memory-copied type="other" objects="28340" bytes="1497936" bytesdiscarded="186200" />
  <memory-cardclean objects="117209" bytes="3352128" />
  <regions eden="20" other="4" />
  <remembered-set-cleared processed="24240" cleared="6916" durationms="0.495" />
  <finalization candidates="13" enqueued="0" />
  <references type="soft" candidates="120" cleared="0" enqueued="0" dynamicThreshold="18" maxThreshold="32" />
  <references type="weak" candidates="256" cleared="0" enqueued="0" />
  <references type="phantom" candidates="54" cleared="0" enqueued="0" />
  <stringconstants candidates="13776" cleared="0"  />
</gc-op>
<gc-op id="1102" type="classunload" timems="0.013" contextid="1098" timestamp="2019-08-09T21:46:00.128">
  <classunload-info classloadercandidates="54" classloadersunloaded="0" classesunloaded="0" anonymousclassesunloaded="0" quiescems="0.000" setupms="0.013" scanms="0.000" postms="0.000" />
</gc-op>
<gc-end id="1103" type="partial gc" contextid="1098" durationms="72.748" usertimems="91.792" systemtimems="42.057" timestamp="2019-08-09T21:46:00.128" activeThreads="16">
  <mem-info id="1104" free="81788928" total="142606336" percent="57">
    <mem type="eden" free="2096360" total="2097152" percent="99" />
    <remembered-set count="41600" freebytes="5534720" totalbytes="5701120" percent="97" regionsoverflowed="0" regionsstable="5" regionsrebuilding="0"/>
  </mem-info>
</gc-end>
<cycle-end id="1105" type="partial gc" contextid="1098" timestamp="2019-08-09T21:46:00.128" />
  <attribute name="elasticGC enabled" value="1" />
  <attribute name= "numThreadsSpecified" value="16" />
  <attribute name="heapSize specified" value="0" />
  <attribute name="Current GC Util" value="68" />
  <attribute name= "Current Time Running" value="173145" />
  <attribute name ="GC Interval" value="0" />
  <attribute name="Target GC Util Change" value ="80.000000" />
  <attribute name="Current GC Util Change" value="68.000000"/>
  <attribute name="Current Error" value="12.000000" />
  <attribute name="Output H" value="142682032"/>
  <attribute name="Output I" value="2024"/>
  <attribute name="Output T" value="16"/>
  <attribute name= "Current Time Running" value="173145" />
  <attribute name="GC Util currently" value="68" />
  <attribute name="CPU Util currently" value="471366704638" />
<exclusive-end id="1106" timestamp="2019-08-09T21:46:00.149" durationms="94.146" />

<exclusive-start id="1107" timestamp="2019-08-09T21:46:00.228" intervalms="173.445">
  <response-info timems="0.192" idlems="0.192" threads="0" lastid="0000000001DE8F00" lastname="main" />
</exclusive-start>
<allocation-taxation id="1108" taxation-threshold="41943040" timestamp="2019-08-09T21:46:00.228" intervalms="173.434" />
<cycle-start id="1109" type="partial gc" contextid="0" timestamp="2019-08-09T21:46:00.228" intervalms="172.653" />
<gc-start id="1110" type="partial gc" contextid="1109" timestamp="2019-08-09T21:46:00.228">
  <mem-info id="1111" free="39845888" total="142606336" percent="27">
    <mem type="eden" free="2096360" total="44040192" percent="4" />
    <remembered-set count="27584" freebytes="5590784" totalbytes="5701120" percent="98" regionsoverflowed="0" regionsstable="7" regionsrebuilding="0"/>
  </mem-info>
</gc-start>
<allocation-stats totalBytes="41868488" >
  <allocated-bytes non-tlh="0" tlh="41868488" arrayletleaf="0"/>
  <largest-consumer threadName="main" threadId="0000000001DE8F00" bytes="41868488" />
</allocation-stats>
<gc-op id="1112" type="copy forward" timems="94.684" contextid="1109" timestamp="2019-08-09T21:46:00.324">
  <memory-copied type="eden" objects="3" bytes="72" bytesdiscarded="0" />
  <memory-copied type="other" objects="21" bytes="480" bytesdiscarded="0" />
  <memory-cardclean objects="32" bytes="1296" />
  <regions eden="20" other="2" />
  <remembered-set-cleared processed="21618" cleared="10" durationms="0.440" />
  <stringconstants candidates="13776" cleared="0"  />
</gc-op>
<gc-op id="1113" type="classunload" timems="0.012" contextid="1109" timestamp="2019-08-09T21:46:00.324">
  <classunload-info classloadercandidates="54" classloadersunloaded="0" classesunloaded="0" anonymousclassesunloaded="0" quiescems="0.000" setupms="0.012" scanms="0.000" postms="0.000" />
</gc-op>
<heap-resize id="1114" type="expand" space="default" amount="10485760" count="1" timems="0.077" reason="excessive time being spent in gc" timestamp="2019-08-09T21:46:00.325" />
<gc-end id="1115" type="partial gc" contextid="1109" durationms="96.511" usertimems="57.499" systemtimems="43.897" timestamp="2019-08-09T21:46:00.325" activeThreads="16">
  <mem-info id="1116" free="92274688" total="153092096" percent="60">
    <mem type="eden" free="2097080" total="2097152" percent="99" />
    <remembered-set count="24416" freebytes="6022656" totalbytes="6120320" percent="98" regionsoverflowed="0" regionsstable="7" regionsrebuilding="0"/>
  </mem-info>
</gc-end>
<cycle-end id="1117" type="partial gc" contextid="1109" timestamp="2019-08-09T21:46:00.325" />
  <attribute name="elasticGC enabled" value="1" />
  <attribute name= "numThreadsSpecified" value="16" />
  <attribute name="heapSize specified" value="0" />
  <attribute name="Current GC Util" value="59" />
  <attribute name= "Current Time Running" value="173316" />
  <attribute name ="GC Interval" value="0" />
  <attribute name="Target GC Util Change" value ="80.000000" />
  <attribute name="Current GC Util Change" value="59.000000"/>
  <attribute name="Current Error" value="73.000000" />
  <attribute name="Output H" value="142682104"/>
  <attribute name="Output I" value="2096"/>
  <attribute name="Output T" value="16"/>
  <attribute name= "Current Time Running" value="173316" />
  <attribute name="GC Util currently" value="59" />
  <attribute name="CPU Util currently" value="1002532570420" />
<exclusive-end id="1118" timestamp="2019-08-09T21:46:00.325" durationms="97.440" />

<exclusive-start id="1119" timestamp="2019-08-09T21:46:00.416" intervalms="187.809">
  <response-info timems="0.236" idlems="0.236" threads="0" lastid="0000000001DE8F00" lastname="main" />
</exclusive-start>
<allocation-taxation id="1120" taxation-threshold="46137344" timestamp="2019-08-09T21:46:00.416" intervalms="187.906" />
<cycle-start id="1121" type="partial gc" contextid="0" timestamp="2019-08-09T21:46:00.416" intervalms="187.976" />
<gc-start id="1122" type="partial gc" contextid="1121" timestamp="2019-08-09T21:46:00.416">
  <mem-info id="1123" free="46137344" total="153092096" percent="30">
    <mem type="eden" free="2097080" total="48234496" percent="4" />
    <remembered-set count="24416" freebytes="6022656" totalbytes="6120320" percent="98" regionsoverflowed="0" regionsstable="7" regionsrebuilding="0"/>
  </mem-info>
</gc-start>
<allocation-stats totalBytes="46055992" >
  <allocated-bytes non-tlh="0" tlh="46055992" arrayletleaf="0"/>
  <largest-consumer threadName="main" threadId="0000000001DE8F00" bytes="46055992" />
</allocation-stats>
<gc-op id="1124" type="copy forward" timems="108.758" contextid="1121" timestamp="2019-08-09T21:46:00.526">
  <memory-copied type="eden" objects="3" bytes="72" bytesdiscarded="0" />
  <memory-copied type="other" objects="7" bytes="160" bytesdiscarded="0" />
  <memory-cardclean objects="21" bytes="720" />
  <regions eden="22" other="2" />
  <remembered-set-cleared processed="21618" cleared="9" durationms="0.291" />
  <stringconstants candidates="13776" cleared="0"  />
</gc-op>
<gc-op id="1125" type="classunload" timems="0.011" contextid="1121" timestamp="2019-08-09T21:46:00.526">
  <classunload-info classloadercandidates="54" classloadersunloaded="0" classesunloaded="0" anonymousclassesunloaded="0" quiescems="0.000" setupms="0.011" scanms="0.000" postms="0.000" />
</gc-op>
<gc-end id="1126" type="partial gc" contextid="1121" durationms="110.130" usertimems="79.008" systemtimems="36.482" timestamp="2019-08-09T21:46:00.526" activeThreads="16">
  <mem-info id="1127" free="92274688" total="153092096" percent="60">
    <mem type="eden" free="2097080" total="2097152" percent="99" />
    <remembered-set count="24448" freebytes="6022528" totalbytes="6120320" percent="98" regionsoverflowed="0" regionsstable="7" regionsrebuilding="0"/>
  </mem-info>
</gc-end>
<cycle-end id="1128" type="partial gc" contextid="1121" timestamp="2019-08-09T21:46:00.526" />
  <attribute name="elasticGC enabled" value="1" />
  <attribute name= "numThreadsSpecified" value="16" />
  <attribute name="heapSize specified" value="0" />
  <attribute name="Current GC Util" value="96" />
  <attribute name= "Current Time Running" value="173504" />
  <attribute name ="GC Interval" value="0" />
  <attribute name="Target GC Util Change" value ="80.000000" />
  <attribute name="Current GC Util Change" value="96.000000"/>
  <attribute name="Current Error" value="107.000000" />
  <attribute name="Output H" value="153167904"/>
  <attribute name="Output I" value="2136"/>
  <attribute name="Output T" value="16"/>
  <attribute name= "Current Time Running" value="173504" />
  <attribute name="GC Util currently" value="96" />
  <attribute name="CPU Util currently" value="1386334450913" />
<exclusive-end id="1129" timestamp="2019-08-09T21:46:00.527" durationms="110.888" />

<exclusive-start id="1130" timestamp="2019-08-09T21:46:00.677" intervalms="261.197">
  <response-info timems="12.500" idlems="12.500" threads="0" lastid="0000000001DE8F00" lastname="main" />
</exclusive-start>
<allocation-taxation id="1131" taxation-threshold="46137344" timestamp="2019-08-09T21:46:00.677" intervalms="261.105" />
<cycle-start id="1132" type="partial gc" contextid="0" timestamp="2019-08-09T21:46:00.681" intervalms="264.951" />
<gc-start id="1133" type="partial gc" contextid="1132" timestamp="2019-08-09T21:46:00.681">
  <mem-info id="1134" free="46137344" total="153092096" percent="30">
    <mem type="eden" free="2097080" total="48234496" percent="4" />
    <remembered-set count="24448" freebytes="6022528" totalbytes="6120320" percent="98" regionsoverflowed="0" regionsstable="7" regionsrebuilding="0"/>
  </mem-info>
</gc-start>
<allocation-stats totalBytes="46056816" >
  <allocated-bytes non-tlh="0" tlh="46056816" arrayletleaf="0"/>
  <largest-consumer threadName="main" threadId="0000000001DE8F00" bytes="46056816" />
</allocation-stats>
<gc-op id="1135" type="copy forward" timems="20.198" contextid="1132" timestamp="2019-08-09T21:46:00.707">
  <memory-copied type="eden" objects="3" bytes="72" bytesdiscarded="0" />
  <memory-copied type="other" objects="20730" bytes="1159496" bytesdiscarded="84368" />
  <memory-cardclean objects="45596" bytes="1668184" />
  <regions eden="22" other="4" />
  <remembered-set-cleared processed="16974" cleared="5175" durationms="0.296" />
  <finalization candidates="18" enqueued="0" />
  <ownableSynchronizers candidates="4" cleared="0" />
  <references type="soft" candidates="438" cleared="0" enqueued="0" dynamicThreshold="19" maxThreshold="32" />
  <references type="weak" candidates="2050" cleared="0" enqueued="0" />
  <references type="phantom" candidates="5" cleared="0" enqueued="0" />
  <stringconstants candidates="13776" cleared="0"  />
</gc-op>
<gc-op id="1136" type="classunload" timems="0.009" contextid="1132" timestamp="2019-08-09T21:46:00.707">
  <classunload-info classloadercandidates="54" classloadersunloaded="0" classesunloaded="0" anonymousclassesunloaded="0" quiescems="0.000" setupms="0.009" scanms="0.000" postms="0.000" />
</gc-op>
<gc-end id="1137" type="partial gc" contextid="1132" durationms="25.940" usertimems="21.865" systemtimems="26.423" timestamp="2019-08-09T21:46:00.707" activeThreads="16">
  <mem-info id="1138" free="96468992" total="153092096" percent="63">
    <mem type="eden" free="2097080" total="2097152" percent="99" />
    <remembered-set count="26240" freebytes="6015360" totalbytes="6120320" percent="98" regionsoverflowed="0" regionsstable="7" regionsrebuilding="0"/>
  </mem-info>
</gc-end>
<cycle-end id="1139" type="partial gc" contextid="1132" timestamp="2019-08-09T21:46:00.707" />
  <attribute name="elasticGC enabled" value="1" />
  <attribute name= "numThreadsSpecified" value="16" />
  <attribute name="heapSize specified" value="0" />
  <attribute name="Current GC Util" value="57" />
  <attribute name= "Current Time Running" value="173773" />
  <attribute name ="GC Interval" value="0" />
  <attribute name="Target GC Util Change" value ="80.000000" />
  <attribute name="Current GC Util Change" value="57.000000"/>
  <attribute name="Current Error" value="23.000000" />
  <attribute name="Output H" value="153167808"/>
  <attribute name="Output I" value="2040"/>
  <attribute name="Output T" value="16"/>
  <attribute name= "Current Time Running" value="173773" />
  <attribute name="GC Util currently" value="57" />
  <attribute name="CPU Util currently" value="223613155511" />
<exclusive-end id="1140" timestamp="2019-08-09T21:46:00.707" durationms="30.550" />

<exclusive-start id="1141" timestamp="2019-08-09T21:46:01.095" intervalms="417.683">
  <response-info timems="0.063" idlems="0.063" threads="0" lastid="0000000001DE8F00" lastname="main" />
</exclusive-start>
<allocation-taxation id="1142" taxation-threshold="46137344" timestamp="2019-08-09T21:46:01.095" intervalms="417.731" />
<cycle-start id="1143" type="partial gc" contextid="0" timestamp="2019-08-09T21:46:01.095" intervalms="413.885" />
<gc-start id="1144" type="partial gc" contextid="1143" timestamp="2019-08-09T21:46:01.095">
  <mem-info id="1145" free="50331648" total="153092096" percent="32">
    <mem type="eden" free="2097080" total="48234496" percent="4" />
    <remembered-set count="25952" freebytes="6016512" totalbytes="6120320" percent="98" regionsoverflowed="0" regionsstable="7" regionsrebuilding="0"/>
  </mem-info>
</gc-start>
<allocation-stats totalBytes="46072136" >
  <allocated-bytes non-tlh="0" tlh="46072136" arrayletleaf="0"/>
  <largest-consumer threadName="main" threadId="0000000001DE8F00" bytes="46072136" />
</allocation-stats>
<gc-op id="1146" type="copy forward" timems="37.470" contextid="1143" timestamp="2019-08-09T21:46:01.136">
  <memory-copied type="eden" objects="41" bytes="1608" bytesdiscarded="528" />
  <memory-copied type="other" objects="7" bytes="160" bytesdiscarded="0" />
  <memory-cardclean objects="106" bytes="3824" />
  <regions eden="22" other="2" />
  <remembered-set-cleared processed="21566" cleared="30" durationms="0.330" />
  <stringconstants candidates="13776" cleared="0"  />
</gc-op>
<gc-op id="1147" type="classunload" timems="0.016" contextid="1143" timestamp="2019-08-09T21:46:01.148">
  <classunload-info classloadercandidates="54" classloadersunloaded="0" classesunloaded="0" anonymousclassesunloaded="0" quiescems="0.000" setupms="0.016" scanms="0.000" postms="0.000" />
</gc-op>
<heap-resize id="1148" type="contract" space="default" amount="6291456" count="1" timems="0.081" reason="excess free space following gc" timestamp="2019-08-09T21:46:01.150" />
<gc-end id="1149" type="partial gc" contextid="1143" durationms="54.850" usertimems="13.931" systemtimems="37.902" timestamp="2019-08-09T21:46:01.150" activeThreads="16">
  <mem-info id="1150" free="90177536" total="146800640" percent="61">
    <mem type="eden" free="2095016" total="2097152" percent="99" />
    <remembered-set count="24480" freebytes="6022400" totalbytes="6120320" percent="98" regionsoverflowed="0" regionsstable="7" regionsrebuilding="0"/>
  </mem-info>
</gc-end>
<cycle-end id="1151" type="partial gc" contextid="1143" timestamp="2019-08-09T21:46:01.150" />
  <attribute name="elasticGC enabled" value="1" />
  <attribute name= "numThreadsSpecified" value="16" />
  <attribute name="heapSize specified" value="0" />
  <attribute name="Current GC Util" value="70" />
  <attribute name= "Current Time Running" value="174184" />
  <attribute name ="GC Interval" value="0" />
  <attribute name="Target GC Util Change" value ="80.000000" />
  <attribute name="Current GC Util Change" value="70.000000"/>
  <attribute name="Current Error" value="103.000000" />
  <attribute name="Output H" value="153167896"/>
  <attribute name="Output I" value="2128"/>
  <attribute name="Output T" value="16"/>
  <attribute name= "Current Time Running" value="174184" />
  <attribute name="GC Util currently" value="70" />
  <attribute name="CPU Util currently" value="429095903630" />
<exclusive-end id="1152" timestamp="2019-08-09T21:46:01.150" durationms="55.543" />

<exclusive-start id="1153" timestamp="2019-08-09T21:46:01.490" intervalms="395.224">
  <response-info timems="0.099" idlems="0.099" threads="0" lastid="0000000001DE8F00" lastname="main" />
</exclusive-start>
<allocation-taxation id="1154" taxation-threshold="44040192" timestamp="2019-08-09T21:46:01.490" intervalms="395.333" />
<cycle-start id="1155" type="partial gc" contextid="0" timestamp="2019-08-09T21:46:01.490" intervalms="395.231" />
<gc-start id="1156" type="partial gc" contextid="1155" timestamp="2019-08-09T21:46:01.490">
  <mem-info id="1157" free="46137344" total="146800640" percent="31">
    <mem type="eden" free="0" total="44040192" percent="0" />
    <remembered-set count="24000" freebytes="6024320" totalbytes="6120320" percent="98" regionsoverflowed="0" regionsstable="7" regionsrebuilding="0"/>
  </mem-info>
</gc-start>
<allocation-stats totalBytes="44011440" >
  <allocated-bytes non-tlh="0" tlh="44011440" arrayletleaf="0"/>
  <largest-consumer threadName="main" threadId="0000000001DE8F00" bytes="44011440" />
</allocation-stats>
<gc-op id="1158" type="copy forward" timems="90.613" contextid="1155" timestamp="2019-08-09T21:46:01.582">
  <memory-copied type="eden" objects="30" bytes="1360" bytesdiscarded="0" />
  <memory-copied type="other" objects="57" bytes="1304" bytesdiscarded="696" />
  <memory-cardclean objects="6452" bytes="229704" />
  <regions eden="21" other="2" />
  <remembered-set-cleared processed="20507" cleared="142" durationms="0.224" />
  <stringconstants candidates="13776" cleared="0"  />
</gc-op>
<gc-op id="1159" type="classunload" timems="0.012" contextid="1155" timestamp="2019-08-09T21:46:01.583">
  <classunload-info classloadercandidates="54" classloadersunloaded="0" classesunloaded="0" anonymousclassesunloaded="0" quiescems="0.000" setupms="0.012" scanms="0.000" postms="0.000" />
</gc-op>
<gc-end id="1160" type="partial gc" contextid="1155" durationms="92.608" usertimems="22.876" systemtimems="31.691" timestamp="2019-08-09T21:46:01.583" activeThreads="16">
  <mem-info id="1161" free="88080384" total="146800640" percent="60">
    <mem type="eden" free="2095792" total="2097152" percent="99" />
    <remembered-set count="25280" freebytes="5767680" totalbytes="5868800" percent="98" regionsoverflowed="0" regionsstable="7" regionsrebuilding="0"/>
  </mem-info>
</gc-end>
<cycle-end id="1162" type="partial gc" contextid="1155" timestamp="2019-08-09T21:46:01.583" />
  <attribute name="elasticGC enabled" value="1" />
  <attribute name= "numThreadsSpecified" value="16" />
  <attribute name="heapSize specified" value="0" />
  <attribute name="Current GC Util" value="45" />
  <attribute name= "Current Time Running" value="174578" />
  <attribute name ="GC Interval" value="0" />
  <attribute name="Target GC Util Change" value ="80.000000" />
  <attribute name="Current GC Util Change" value="45.000000"/>
  <attribute name="Current Error" value="207.000000" />
  <attribute name="Output H" value="146876560"/>
  <attribute name="Output I" value="2248"/>
  <attribute name="Output T" value="16"/>
  <attribute name= "Current Time Running" value="174578" />
  <attribute name="GC Util currently" value="45" />
  <attribute name="CPU Util currently" value="1022891508967" />
<exclusive-end id="1163" timestamp="2019-08-09T21:46:01.584" durationms="93.926" />

<exclusive-start id="1164" timestamp="2019-08-09T21:46:01.775" intervalms="285.402">
  <response-info timems="0.082" idlems="0.082" threads="0" lastid="0000000001DE8F00" lastname="main" />
</exclusive-start>
<allocation-taxation id="1165" taxation-threshold="44040192" timestamp="2019-08-09T21:46:01.785" intervalms="295.394" />
<cycle-start id="1166" type="partial gc" contextid="0" timestamp="2019-08-09T21:46:01.787" intervalms="296.902" />
<gc-start id="1167" type="partial gc" contextid="1166" timestamp="2019-08-09T21:46:01.788">
  <mem-info id="1168" free="44040192" total="146800640" percent="30">
    <mem type="eden" free="0" total="44040192" percent="0" />
    <remembered-set count="24960" freebytes="5768960" totalbytes="5868800" percent="98" regionsoverflowed="0" regionsstable="7" regionsrebuilding="0"/>
  </mem-info>
</gc-start>
<allocation-stats totalBytes="44007784" >
  <allocated-bytes non-tlh="0" tlh="44007784" arrayletleaf="0"/>
  <largest-consumer threadName="main" threadId="0000000001DE8F00" bytes="44007784" />
</allocation-stats>
<gc-op id="1169" type="copy forward" timems="86.055" contextid="1166" timestamp="2019-08-09T21:46:01.879">
  <memory-copied type="eden" objects="4" bytes="288" bytesdiscarded="0" />
  <memory-copied type="other" objects="62" bytes="2256" bytesdiscarded="368" />
  <memory-cardclean objects="84" bytes="3336" />
  <regions eden="21" other="2" />
  <remembered-set-cleared processed="21563" cleared="32" durationms="1.250" />
  <stringconstants candidates="13776" cleared="0"  />
</gc-op>
<gc-op id="1170" type="classunload" timems="0.014" contextid="1166" timestamp="2019-08-09T21:46:01.879">
  <classunload-info classloadercandidates="54" classloadersunloaded="0" classesunloaded="0" anonymousclassesunloaded="0" quiescems="0.000" setupms="0.014" scanms="0.000" postms="0.000" />
</gc-op>
<heap-resize id="1171" type="expand" space="default" amount="6291456" count="1" timems="0.115" reason="excessive time being spent in gc" timestamp="2019-08-09T21:46:01.879" />
<gc-end id="1172" type="partial gc" contextid="1166" durationms="90.867" usertimems="67.776" systemtimems="8.864" timestamp="2019-08-09T21:46:01.879" activeThreads="16">
  <mem-info id="1173" free="92274688" total="153092096" percent="60">
    <mem type="eden" free="2096864" total="2097152" percent="99" />
    <remembered-set count="24512" freebytes="6022272" totalbytes="6120320" percent="98" regionsoverflowed="0" regionsstable="7" regionsrebuilding="0"/>
  </mem-info>
</gc-end>
<cycle-end id="1174" type="partial gc" contextid="1166" timestamp="2019-08-09T21:46:01.879" />
  <attribute name="elasticGC enabled" value="1" />
  <attribute name= "numThreadsSpecified" value="16" />
  <attribute name="heapSize specified" value="0" />
  <attribute name="Current GC Util" value="66" />
  <attribute name= "Current Time Running" value="174879" />
  <attribute name ="GC Interval" value="0" />
  <attribute name="Target GC Util Change" value ="80.000000" />
  <attribute name="Current GC Util Change" value="66.000000"/>
  <attribute name="Current Error" value="14.000000" />
  <attribute name="Output H" value="146876336"/>
  <attribute name="Output I" value="2024"/>
  <attribute name="Output T" value="16"/>
  <attribute name= "Current Time Running" value="174879" />
  <attribute name="GC Util currently" value="66" />
  <attribute name="CPU Util currently" value="378248872962" />
<exclusive-end id="1175" timestamp="2019-08-09T21:46:01.879" durationms="104.080" />

<exclusive-start id="1176" timestamp="2019-08-09T21:46:02.630" intervalms="855.046">
  <response-info timems="0.236" idlems="0.236" threads="0" lastid="0000000001DE8F00" lastname="main" />
</exclusive-start>
<allocation-taxation id="1177" taxation-threshold="46137344" timestamp="2019-08-09T21:46:02.630" intervalms="844.966" />
<cycle-start id="1178" type="partial gc" contextid="0" timestamp="2019-08-09T21:46:02.630" intervalms="843.513" />
<gc-start id="1179" type="partial gc" contextid="1178" timestamp="2019-08-09T21:46:02.631">
  <mem-info id="1180" free="46137344" total="153092096" percent="30">
    <mem type="eden" free="2096864" total="48234496" percent="4" />
    <remembered-set count="24512" freebytes="6022272" totalbytes="6120320" percent="98" regionsoverflowed="0" regionsstable="7" regionsrebuilding="0"/>
  </mem-info>
</gc-start>
<allocation-stats totalBytes="46081304" >
  <allocated-bytes non-tlh="3776" tlh="46077528" arrayletleaf="0"/>
  <largest-consumer threadName="main" threadId="0000000001DE8F00" bytes="46081304" />
</allocation-stats>
<gc-op id="1181" type="copy forward" timems="145.086" contextid="1178" timestamp="2019-08-09T21:46:02.801">
  <memory-copied type="eden" objects="1010" bytes="52152" bytesdiscarded="3696" />
  <memory-copied type="other" objects="0" bytes="0" bytesdiscarded="0" />
  <memory-cardclean objects="306" bytes="23064" />
  <regions eden="22" other="1" />
  <remembered-set-cleared processed="21574" cleared="41" durationms="0.407" />
  <references type="soft" candidates="9" cleared="0" enqueued="0" dynamicThreshold="19" maxThreshold="32" />
  <references type="weak" candidates="62" cleared="0" enqueued="0" />
  <stringconstants candidates="13813" cleared="0"  />
</gc-op>
<gc-op id="1182" type="classunload" timems="0.016" contextid="1178" timestamp="2019-08-09T21:46:02.809">
  <classunload-info classloadercandidates="54" classloadersunloaded="0" classesunloaded="0" anonymousclassesunloaded="0" quiescems="0.000" setupms="0.016" scanms="0.000" postms="0.000" />
</gc-op>
<gc-end id="1183" type="partial gc" contextid="1178" durationms="179.654" usertimems="40.560" systemtimems="106.022" timestamp="2019-08-09T21:46:02.810" activeThreads="16">
  <mem-info id="1184" free="92274688" total="153092096" percent="60">
    <mem type="eden" free="2041272" total="2097152" percent="97" />
    <remembered-set count="25632" freebytes="6017792" totalbytes="6120320" percent="98" regionsoverflowed="0" regionsstable="7" regionsrebuilding="0"/>
  </mem-info>
</gc-end>
<cycle-end id="1185" type="partial gc" contextid="1178" timestamp="2019-08-09T21:46:02.810" />
  <attribute name="elasticGC enabled" value="1" />
  <attribute name= "numThreadsSpecified" value="16" />
  <attribute name="heapSize specified" value="0" />
  <attribute name="Current GC Util" value="3" />
  <attribute name= "Current Time Running" value="175742" />
  <attribute name ="GC Interval" value="0" />
  <attribute name="Target GC Util Change" value ="80.000000" />
  <attribute name="Current GC Util Change" value="3.000000"/>
  <attribute name="Current Error" value="168.000000" />
  <attribute name="Output H" value="153167976"/>
  <attribute name="Output I" value="2208"/>
  <attribute name="Output T" value="16"/>
  <attribute name= "Current Time Running" value="175742" />
  <attribute name="GC Util currently" value="3" />
  <attribute name="CPU Util currently" value="48980352385" />
<exclusive-end id="1186" timestamp="2019-08-09T21:46:02.819" durationms="188.493" />

<exclusive-start id="1187" timestamp="2019-08-09T21:46:03.305" intervalms="674.700">
  <response-info timems="0.216" idlems="0.216" threads="0" lastid="0000000001DE8F00" lastname="main" />
</exclusive-start>
<allocation-taxation id="1188" taxation-threshold="46137344" timestamp="2019-08-09T21:46:03.305" intervalms="674.634" />
<cycle-start id="1189" type="partial gc" contextid="0" timestamp="2019-08-09T21:46:03.305" intervalms="674.566" />
<gc-start id="1190" type="partial gc" contextid="1189" timestamp="2019-08-09T21:46:03.305">
  <mem-info id="1191" free="46137344" total="153092096" percent="30">
    <mem type="eden" free="0" total="46137344" percent="0" />
    <remembered-set count="25152" freebytes="6019712" totalbytes="6120320" percent="98" regionsoverflowed="0" regionsstable="7" regionsrebuilding="0"/>
  </mem-info>
</gc-start>
<allocation-stats totalBytes="46061216" >
  <allocated-bytes non-tlh="0" tlh="46061216" arrayletleaf="0"/>
  <largest-consumer threadName="main" threadId="0000000001DE8F00" bytes="46061216" />
</allocation-stats>
<gc-op id="1192" type="copy forward" timems="128.242" contextid="1189" timestamp="2019-08-09T21:46:03.435">
  <memory-copied type="eden" objects="4" bytes="2112" bytesdiscarded="0" />
  <memory-copied type="other" objects="1008" bytes="52080" bytesdiscarded="4688" />
  <memory-cardclean objects="123" bytes="16856" />
  <regions eden="22" other="1" />
  <remembered-set-cleared processed="21599" cleared="62" durationms="0.215" />
  <references type="soft" candidates="9" cleared="0" enqueued="0" dynamicThreshold="19" maxThreshold="32" />
  <references type="weak" candidates="62" cleared="0" enqueued="0" />
  <stringconstants candidates="13813" cleared="0"  />
</gc-op>
<gc-op id="1193" type="classunload" timems="0.011" contextid="1189" timestamp="2019-08-09T21:46:03.435">
  <classunload-info classloadercandidates="54" classloadersunloaded="0" classesunloaded="0" anonymousclassesunloaded="0" quiescems="0.000" setupms="0.011" scanms="0.000" postms="0.000" />
</gc-op>
<heap-resize id="1194" type="expand" space="default" amount="4194304" count="1" timems="0.069" reason="excessive time being spent in gc" timestamp="2019-08-09T21:46:03.435" />
<gc-end id="1195" type="partial gc" contextid="1189" durationms="129.960" usertimems="25.826" systemtimems="45.753" timestamp="2019-08-09T21:46:03.435" activeThreads="16">
  <mem-info id="1196" free="94371840" total="157286400" percent="60">
    <mem type="eden" free="2095040" total="2097152" percent="99" />
    <remembered-set count="26144" freebytes="6183424" totalbytes="6288000" percent="98" regionsoverflowed="0" regionsstable="7" regionsrebuilding="0"/>
  </mem-info>
</gc-end>
<cycle-end id="1197" type="partial gc" contextid="1189" timestamp="2019-08-09T21:46:03.435" />
  <attribute name="elasticGC enabled" value="1" />
  <attribute name= "numThreadsSpecified" value="16" />
  <attribute name="heapSize specified" value="0" />
  <attribute name="Current GC Util" value="67" />
  <attribute name= "Current Time Running" value="176393" />
  <attribute name ="GC Interval" value="0" />
  <attribute name="Target GC Util Change" value ="80.000000" />
  <attribute name="Current GC Util Change" value="67.000000"/>
  <attribute name="Current Error" value="239.000000" />
  <attribute name="Output H" value="153168056"/>
  <attribute name="Output I" value="2288"/>
  <attribute name="Output T" value="16"/>
  <attribute name= "Current Time Running" value="176393" />
  <attribute name="GC Util currently" value="67" />
  <attribute name="CPU Util currently" value="1102237298299" />
<exclusive-end id="1198" timestamp="2019-08-09T21:46:03.435" durationms="130.538" />

<exclusive-start id="1199" timestamp="2019-08-09T21:46:04.600" intervalms="1295.475">
  <response-info timems="0.051" idlems="0.051" threads="0" lastid="0000000001DE8F00" lastname="main" />
</exclusive-start>
<allocation-taxation id="1200" taxation-threshold="46137344" timestamp="2019-08-09T21:46:04.600" intervalms="1295.471" />
<cycle-start id="1201" type="partial gc" contextid="0" timestamp="2019-08-09T21:46:04.600" intervalms="1295.502" />
<gc-start id="1202" type="partial gc" contextid="1201" timestamp="2019-08-09T21:46:04.601">
  <mem-info id="1203" free="48234496" total="157286400" percent="30">
    <mem type="eden" free="2095040" total="48234496" percent="4" />
    <remembered-set count="25664" freebytes="6185344" totalbytes="6288000" percent="98" regionsoverflowed="0" regionsstable="7" regionsrebuilding="0"/>
  </mem-info>
</gc-start>
<allocation-stats totalBytes="46130744" >
  <allocated-bytes non-tlh="0" tlh="46130744" arrayletleaf="0"/>
  <largest-consumer threadName="main" threadId="0000000001DE8F00" bytes="46130744" />
</allocation-stats>
<gc-op id="1204" type="copy forward" timems="10.314" contextid="1201" timestamp="2019-08-09T21:46:04.612">
  <memory-copied type="eden" objects="64" bytes="2072" bytesdiscarded="1168" />
  <memory-copied type="other" objects="0" bytes="0" bytesdiscarded="0" />
  <memory-cardclean objects="139" bytes="13448" />
  <regions eden="22" other="1" />
  <remembered-set-cleared processed="21632" cleared="36" durationms="0.265" />
  <references type="weak" candidates="32" cleared="0" enqueued="0" />
  <stringconstants candidates="13813" cleared="0"  />
</gc-op>
<gc-op id="1205" type="classunload" timems="0.011" contextid="1201" timestamp="2019-08-09T21:46:04.612">
  <classunload-info classloadercandidates="54" classloadersunloaded="0" classesunloaded="0" anonymousclassesunloaded="0" quiescems="0.000" setupms="0.011" scanms="0.000" postms="0.000" />
</gc-op>
<gc-end id="1206" type="partial gc" contextid="1201" durationms="11.692" usertimems="25.389" systemtimems="0.000" timestamp="2019-08-09T21:46:04.613" activeThreads="16">
  <mem-info id="1207" free="94371840" total="157286400" percent="60">
    <mem type="eden" free="2093912" total="2097152" percent="99" />
    <remembered-set count="24768" freebytes="6188928" totalbytes="6288000" percent="98" regionsoverflowed="0" regionsstable="7" regionsrebuilding="0"/>
  </mem-info>
</gc-end>
<cycle-end id="1208" type="partial gc" contextid="1201" timestamp="2019-08-09T21:46:04.613" />
  <attribute name="elasticGC enabled" value="1" />
  <attribute name= "numThreadsSpecified" value="16" />
  <attribute name="heapSize specified" value="0" />
  <attribute name="Current GC Util" value="79" />
  <attribute name= "Current Time Running" value="177688" />
  <attribute name ="GC Interval" value="0" />
  <attribute name="Target GC Util Change" value ="80.000000" />
  <attribute name="Current GC Util Change" value="79.000000"/>
  <attribute name="Current Error" value="1.000000" />
  <attribute name="Output H" value="157362088"/>
  <attribute name="Output I" value="2016"/>
  <attribute name="Output T" value="16"/>
  <attribute name= "Current Time Running" value="177688" />
  <attribute name="GC Util currently" value="79" />
  <attribute name="CPU Util currently" value="1402812966135" />
<exclusive-end id="1209" timestamp="2019-08-09T21:46:04.613" durationms="12.791" />

<exclusive-start id="1210" timestamp="2019-08-09T21:46:04.817" intervalms="216.499">
  <response-info timems="0.113" idlems="0.113" threads="0" lastid="0000000001DE8F00" lastname="main" />
</exclusive-start>
<allocation-taxation id="1211" taxation-threshold="46137344" timestamp="2019-08-09T21:46:04.817" intervalms="216.500" />
<cycle-start id="1212" type="partial gc" contextid="0" timestamp="2019-08-09T21:46:04.817" intervalms="216.649" />
<gc-start id="1213" type="partial gc" contextid="1212" timestamp="2019-08-09T21:46:04.817">
  <mem-info id="1214" free="48234496" total="157286400" percent="30">
    <mem type="eden" free="0" total="46137344" percent="0" />
    <remembered-set count="24768" freebytes="6188928" totalbytes="6288000" percent="98" regionsoverflowed="0" regionsstable="7" regionsrebuilding="0"/>
  </mem-info>
</gc-start>
<allocation-stats totalBytes="46128816" >
  <allocated-bytes non-tlh="0" tlh="46128816" arrayletleaf="0"/>
  <largest-consumer threadName="main" threadId="0000000001DE8F00" bytes="46128816" />
</allocation-stats>
<gc-op id="1215" type="copy forward" timems="28.832" contextid="1212" timestamp="2019-08-09T21:46:04.849">
  <memory-copied type="eden" objects="1" bytes="24" bytesdiscarded="0" />
  <memory-copied type="other" objects="61" bytes="1896" bytesdiscarded="1200" />
  <memory-cardclean objects="51" bytes="10384" />
  <regions eden="22" other="1" />
  <remembered-set-cleared processed="21641" cleared="34" durationms="0.371" />
  <references type="weak" candidates="32" cleared="0" enqueued="0" />
  <stringconstants candidates="13813" cleared="0"  />
</gc-op>
<gc-op id="1216" type="classunload" timems="0.015" contextid="1212" timestamp="2019-08-09T21:46:04.849">
  <classunload-info classloadercandidates="54" classloadersunloaded="0" classesunloaded="0" anonymousclassesunloaded="0" quiescems="0.000" setupms="0.015" scanms="0.000" postms="0.000" />
</gc-op>
<heap-resize id="1217" type="expand" space="default" amount="6291456" count="1" timems="0.102" reason="excessive time being spent in gc" timestamp="2019-08-09T21:46:04.850" />
<gc-end id="1218" type="partial gc" contextid="1212" durationms="32.252" usertimems="40.717" systemtimems="0.000" timestamp="2019-08-09T21:46:04.850" activeThreads="16">
  <mem-info id="1219" free="98566144" total="163577856" percent="60">
    <mem type="eden" free="2097128" total="2097152" percent="99" />
    <remembered-set count="25280" freebytes="6438400" totalbytes="6539520" percent="98" regionsoverflowed="0" regionsstable="7" regionsrebuilding="0"/>
  </mem-info>
</gc-end>
<cycle-end id="1220" type="partial gc" contextid="1212" timestamp="2019-08-09T21:46:04.850" />
  <attribute name="elasticGC enabled" value="1" />
  <attribute name= "numThreadsSpecified" value="16" />
  <attribute name="heapSize specified" value="0" />
  <attribute name="Current GC Util" value="148" />
  <attribute name= "Current Time Running" value="177907" />
  <attribute name ="GC Interval" value="0" />
  <attribute name="Target GC Util Change" value ="80.000000" />
  <attribute name="Current GC Util Change" value="148.000000"/>
  <attribute name="Current Error" value="4.000000" />
  <attribute name="Output H" value="157362088"/>
  <attribute name="Output I" value="2016"/>
  <attribute name="Output T" value="16"/>
  <attribute name= "Current Time Running" value="177907" />
  <attribute name="GC Util currently" value="148" />
  <attribute name="CPU Util currently" value="492182380056" />
<exclusive-end id="1221" timestamp="2019-08-09T21:46:04.850" durationms="33.303" />

<exclusive-start id="1222" timestamp="2019-08-09T21:46:05.257" intervalms="440.295">
  <response-info timems="12.157" idlems="12.157" threads="0" lastid="0000000001DE8F00" lastname="main" />
</exclusive-start>
<allocation-taxation id="1223" taxation-threshold="48234496" timestamp="2019-08-09T21:46:05.261" intervalms="443.638" />
<cycle-start id="1224" type="partial gc" contextid="0" timestamp="2019-08-09T21:46:05.262" intervalms="444.808" />
<gc-start id="1225" type="partial gc" contextid="1224" timestamp="2019-08-09T21:46:05.262">
  <mem-info id="1226" free="50331648" total="163577856" percent="30">
    <mem type="eden" free="2097128" total="50331648" percent="4" />
    <remembered-set count="24800" freebytes="6440320" totalbytes="6539520" percent="98" regionsoverflowed="0" regionsstable="7" regionsrebuilding="0"/>
  </mem-info>
</gc-start>
<allocation-stats totalBytes="48225896" >
  <allocated-bytes non-tlh="0" tlh="48225896" arrayletleaf="0"/>
  <largest-consumer threadName="main" threadId="0000000001DE8F00" bytes="48225896" />
</allocation-stats>
<gc-op id="1227" type="copy forward" timems="167.093" contextid="1224" timestamp="2019-08-09T21:46:05.502">
  <memory-copied type="eden" objects="2" bytes="104" bytesdiscarded="0" />
  <memory-copied type="other" objects="0" bytes="0" bytesdiscarded="0" />
  <memory-cardclean objects="16" bytes="672" />
  <regions eden="23" other="1" />
  <remembered-set-cleared processed="21648" cleared="6" durationms="0.729" />
  <stringconstants candidates="13813" cleared="0"  />
</gc-op>
<gc-op id="1228" type="classunload" timems="0.017" contextid="1224" timestamp="2019-08-09T21:46:05.502">
  <classunload-info classloadercandidates="54" classloadersunloaded="0" classesunloaded="0" anonymousclassesunloaded="0" quiescems="0.000" setupms="0.017" scanms="0.000" postms="0.000" />
</gc-op>
<gc-end id="1229" type="partial gc" contextid="1224" durationms="240.443" usertimems="30.528" systemtimems="92.486" timestamp="2019-08-09T21:46:05.503" activeThreads="16">
  <mem-info id="1230" free="98566144" total="163577856" percent="60">
    <mem type="eden" free="2097048" total="2097152" percent="99" />
    <remembered-set count="24096" freebytes="6443136" totalbytes="6539520" percent="98" regionsoverflowed="0" regionsstable="7" regionsrebuilding="0"/>
  </mem-info>
</gc-end>
<cycle-end id="1231" type="partial gc" contextid="1224" timestamp="2019-08-09T21:46:05.503" />
  <attribute name="elasticGC enabled" value="1" />
  <attribute name= "numThreadsSpecified" value="16" />
  <attribute name="heapSize specified" value="0" />
  <attribute name="Current GC Util" value="12" />
  <attribute name= "Current Time Running" value="178422" />
  <attribute name ="GC Interval" value="0" />
  <attribute name="Target GC Util Change" value ="80.000000" />
  <attribute name="Current GC Util Change" value="12.000000"/>
  <attribute name="Current Error" value="144.000000" />
  <attribute name="Output H" value="163653704"/>
  <attribute name="Output I" value="2176"/>
  <attribute name="Output T" value="16"/>
  <attribute name= "Current Time Running" value="178422" />
  <attribute name="GC Util currently" value="12" />
  <attribute name="CPU Util currently" value="16590235266" />
<exclusive-end id="1232" timestamp="2019-08-09T21:46:05.503" durationms="245.735" />

<exclusive-start id="1233" timestamp="2019-08-09T21:46:06.044" intervalms="786.926">
  <response-info timems="0.168" idlems="0.168" threads="0" lastid="0000000001DE8F00" lastname="main" />
</exclusive-start>
<allocation-taxation id="1234" taxation-threshold="48234496" timestamp="2019-08-09T21:46:06.044" intervalms="783.594" />
<cycle-start id="1235" type="partial gc" contextid="0" timestamp="2019-08-09T21:46:06.045" intervalms="783.210" />
<gc-start id="1236" type="partial gc" contextid="1235" timestamp="2019-08-09T21:46:06.045">
  <mem-info id="1237" free="50331648" total="163577856" percent="30">
    <mem type="eden" free="2097048" total="50331648" percent="4" />
    <remembered-set count="24096" freebytes="6443136" totalbytes="6539520" percent="98" regionsoverflowed="0" regionsstable="7" regionsrebuilding="0"/>
  </mem-info>
</gc-start>
<allocation-stats totalBytes="48225728" >
  <allocated-bytes non-tlh="0" tlh="48225728" arrayletleaf="0"/>
  <largest-consumer threadName="main" threadId="0000000001DE8F00" bytes="48225728" />
</allocation-stats>
<gc-op id="1238" type="copy forward" timems="632.503" contextid="1235" timestamp="2019-08-09T21:46:06.683">
  <memory-copied type="eden" objects="5" bytes="240" bytesdiscarded="0" />
  <memory-copied type="other" objects="0" bytes="0" bytesdiscarded="0" />
  <memory-cardclean objects="16" bytes="672" />
  <regions eden="23" other="1" />
  <remembered-set-cleared processed="21649" cleared="7" durationms="0.596" />
  <stringconstants candidates="13813" cleared="0"  />
</gc-op>
<gc-op id="1239" type="classunload" timems="0.018" contextid="1235" timestamp="2019-08-09T21:46:06.683">
  <classunload-info classloadercandidates="54" classloadersunloaded="0" classesunloaded="0" anonymousclassesunloaded="0" quiescems="0.000" setupms="0.018" scanms="0.000" postms="0.000" />
</gc-op>
<gc-end id="1240" type="partial gc" contextid="1235" durationms="638.001" usertimems="113.471" systemtimems="231.684" timestamp="2019-08-09T21:46:06.683" activeThreads="16">
  <mem-info id="1241" free="98566144" total="163577856" percent="60">
    <mem type="eden" free="2096912" total="2097152" percent="99" />
    <remembered-set count="25120" freebytes="6439040" totalbytes="6539520" percent="98" regionsoverflowed="0" regionsstable="7" regionsrebuilding="0"/>
  </mem-info>
</gc-end>
<cycle-end id="1242" type="partial gc" contextid="1235" timestamp="2019-08-09T21:46:06.684" />
  <attribute name="elasticGC enabled" value="1" />
  <attribute name= "numThreadsSpecified" value="16" />
  <attribute name="heapSize specified" value="0" />
  <attribute name="Current GC Util" value="27" />
  <attribute name= "Current Time Running" value="179137" />
  <attribute name ="GC Interval" value="0" />
  <attribute name="Target GC Util Change" value ="80.000000" />
  <attribute name="Current GC Util Change" value="27.000000"/>
  <attribute name="Current Error" value="53.000000" />
  <attribute name="Output H" value="163653600"/>
  <attribute name="Output I" value="2072"/>
  <attribute name="Output T" value="16"/>
  <attribute name= "Current Time Running" value="179137" />
  <attribute name="GC Util currently" value="27" />
  <attribute name="CPU Util currently" value="278763827845" />
<exclusive-end id="1243" timestamp="2019-08-09T21:46:06.689" durationms="645.129" />

<exclusive-start id="1244" timestamp="2019-08-09T21:46:07.218" intervalms="1174.320">
  <response-info timems="0.210" idlems="0.210" threads="0" lastid="0000000001DE8F00" lastname="main" />
</exclusive-start>
<allocation-taxation id="1245" taxation-threshold="48234496" timestamp="2019-08-09T21:46:07.218" intervalms="1174.315" />
<cycle-start id="1246" type="partial gc" contextid="0" timestamp="2019-08-09T21:46:07.219" intervalms="1173.408" />
<gc-start id="1247" type="partial gc" contextid="1246" timestamp="2019-08-09T21:46:07.221">
  <mem-info id="1248" free="50331648" total="163577856" percent="30">
    <mem type="eden" free="2096912" total="50331648" percent="4" />
    <remembered-set count="24640" freebytes="6440960" totalbytes="6539520" percent="98" regionsoverflowed="0" regionsstable="7" regionsrebuilding="0"/>
  </mem-info>
</gc-start>
<allocation-stats totalBytes="48217416" >
  <allocated-bytes non-tlh="0" tlh="48217416" arrayletleaf="0"/>
  <largest-consumer threadName="main" threadId="0000000001DE8F00" bytes="48217416" />
</allocation-stats>
<gc-op id="1249" type="copy forward" timems="130.427" contextid="1246" timestamp="2019-08-09T21:46:07.367">
  <memory-copied type="eden" objects="26" bytes="1344" bytesdiscarded="584" />
  <memory-copied type="other" objects="0" bytes="0" bytesdiscarded="0" />
  <memory-cardclean objects="58" bytes="2176" />
  <regions eden="23" other="1" />
  <remembered-set-cleared processed="21649" cleared="19" durationms="0.515" />
  <stringconstants candidates="13813" cleared="0"  />
</gc-op>
<gc-op id="1250" type="classunload" timems="0.010" contextid="1246" timestamp="2019-08-09T21:46:07.367">
  <classunload-info classloadercandidates="54" classloadersunloaded="0" classesunloaded="0" anonymousclassesunloaded="0" quiescems="0.000" setupms="0.009" scanms="0.000" postms="0.000" />
</gc-op>
<gc-end id="1251" type="partial gc" contextid="1246" durationms="146.000" usertimems="21.353" systemtimems="52.661" timestamp="2019-08-09T21:46:07.367" activeThreads="16">
  <mem-info id="1252" free="98566144" total="163577856" percent="60">
    <mem type="eden" free="2095224" total="2097152" percent="99" />
    <remembered-set count="24448" freebytes="6441728" totalbytes="6539520" percent="98" regionsoverflowed="0" regionsstable="7" regionsrebuilding="0"/>
  </mem-info>
</gc-end>
<cycle-end id="1253" type="partial gc" contextid="1246" timestamp="2019-08-09T21:46:07.367" />
  <attribute name="elasticGC enabled" value="1" />
  <attribute name= "numThreadsSpecified" value="16" />
  <attribute name="heapSize specified" value="0" />
  <attribute name="Current GC Util" value="9" />
  <attribute name= "Current Time Running" value="180324" />
  <attribute name ="GC Interval" value="0" />
  <attribute name="Target GC Util Change" value ="80.000000" />
  <attribute name="Current GC Util Change" value="9.000000"/>
  <attribute name="Current Error" value="176.000000" />
  <attribute name="Output H" value="163653744"/>
  <attribute name="Output I" value="2216"/>
  <attribute name="Output T" value="16"/>
  <attribute name= "Current Time Running" value="180324" />
  <attribute name="GC Util currently" value="9" />
  <attribute name="CPU Util currently" value="127230980871" />
<exclusive-end id="1254" timestamp="2019-08-09T21:46:07.367" durationms="148.916" />

<exclusive-start id="1255" timestamp="2019-08-09T21:46:07.510" intervalms="291.156">
  <response-info timems="4.405" idlems="4.405" threads="0" lastid="0000000001DE8F00" lastname="main" />
</exclusive-start>
<allocation-taxation id="1256" taxation-threshold="48234496" timestamp="2019-08-09T21:46:07.510" intervalms="291.160" />
<cycle-start id="1257" type="partial gc" contextid="0" timestamp="2019-08-09T21:46:07.510" intervalms="291.198" />
<gc-start id="1258" type="partial gc" contextid="1257" timestamp="2019-08-09T21:46:07.510">
  <mem-info id="1259" free="50331648" total="163577856" percent="30">
    <mem type="eden" free="0" total="48234496" percent="0" />
    <remembered-set count="24032" freebytes="6443392" totalbytes="6539520" percent="98" regionsoverflowed="0" regionsstable="7" regionsrebuilding="0"/>
  </mem-info>
</gc-start>
<allocation-stats totalBytes="48167304" >
  <allocated-bytes non-tlh="0" tlh="48167304" arrayletleaf="0"/>
  <largest-consumer threadName="main" threadId="0000000001DE8F00" bytes="48167304" />
</allocation-stats>
<gc-op id="1260" type="copy forward" timems="406.655" contextid="1257" timestamp="2019-08-09T21:46:07.925">
  <memory-copied type="eden" objects="5" bytes="136" bytesdiscarded="0" />
  <memory-copied type="other" objects="23" bytes="1256" bytesdiscarded="584" />
  <memory-cardclean objects="47" bytes="2000" />
  <regions eden="23" other="1" />
  <remembered-set-cleared processed="21651" cleared="21" durationms="3.454" />
  <stringconstants candidates="13813" cleared="0"  />
</gc-op>
<gc-op id="1261" type="classunload" timems="0.013" contextid="1257" timestamp="2019-08-09T21:46:07.925">
  <classunload-info classloadercandidates="54" classloadersunloaded="0" classesunloaded="0" anonymousclassesunloaded="0" quiescems="0.000" setupms="0.013" scanms="0.000" postms="0.000" />
</gc-op>
<heap-resize id="1262" type="expand" space="default" amount="4194304" count="1" timems="0.180" reason="excessive time being spent in gc" timestamp="2019-08-09T21:46:07.925" />
<gc-end id="1263" type="partial gc" contextid="1257" durationms="415.415" usertimems="62.136" systemtimems="188.873" timestamp="2019-08-09T21:46:07.925" activeThreads="16">
  <mem-info id="1264" free="100663296" total="167772160" percent="60">
    <mem type="eden" free="2097016" total="2097152" percent="99" />
    <remembered-set count="24960" freebytes="6607360" totalbytes="6707200" percent="98" regionsoverflowed="0" regionsstable="7" regionsrebuilding="0"/>
  </mem-info>
</gc-end>
<cycle-end id="1265" type="partial gc" contextid="1257" timestamp="2019-08-09T21:46:07.926" />
  <attribute name="elasticGC enabled" value="1" />
  <attribute name= "numThreadsSpecified" value="16" />
  <attribute name="heapSize specified" value="0" />
  <attribute name="Current GC Util" value="14" />
  <attribute name= "Current Time Running" value="180604" />
  <attribute name ="GC Interval" value="0" />
  <attribute name="Target GC Util Change" value ="80.000000" />
  <attribute name="Current GC Util Change" value="14.000000"/>
  <attribute name="Current Error" value="296.000000" />
  <attribute name="Output H" value="163653880"/>
  <attribute name="Output I" value="2352"/>
  <attribute name="Output T" value="16"/>
  <attribute name= "Current Time Running" value="180604" />
  <attribute name="GC Util currently" value="14" />
  <attribute name="CPU Util currently" value="153035854395" />
<exclusive-end id="1266" timestamp="2019-08-09T21:46:07.926" durationms="416.377" />

<exclusive-start id="1267" timestamp="2019-08-09T21:46:08.026" intervalms="516.244">
  <response-info timems="0.067" idlems="0.067" threads="0" lastid="0000000001DE8F00" lastname="main" />
</exclusive-start>
<allocation-taxation id="1268" taxation-threshold="48234496" timestamp="2019-08-09T21:46:08.026" intervalms="516.242" />
<cycle-start id="1269" type="partial gc" contextid="0" timestamp="2019-08-09T21:46:08.026" intervalms="516.191" />
<gc-start id="1270" type="partial gc" contextid="1269" timestamp="2019-08-09T21:46:08.026">
  <mem-info id="1271" free="52428800" total="167772160" percent="31">
    <mem type="eden" free="2097016" total="50331648" percent="4" />
    <remembered-set count="24544" freebytes="6609024" totalbytes="6707200" percent="98" regionsoverflowed="0" regionsstable="7" regionsrebuilding="0"/>
  </mem-info>
</gc-start>
<allocation-stats totalBytes="48169072" >
  <allocated-bytes non-tlh="0" tlh="48169072" arrayletleaf="0"/>
  <largest-consumer threadName="main" threadId="0000000001DE8F00" bytes="48169072" />
</allocation-stats>
<gc-op id="1272" type="copy forward" timems="132.099" contextid="1269" timestamp="2019-08-09T21:46:08.175">
  <memory-copied type="eden" objects="4" bytes="112" bytesdiscarded="0" />
  <memory-copied type="other" objects="0" bytes="0" bytesdiscarded="0" />
  <memory-cardclean objects="11" bytes="416" />
  <regions eden="23" other="1" />
  <remembered-set-cleared processed="21658" cleared="5" durationms="0.357" />
  <stringconstants candidates="13813" cleared="0"  />
</gc-op>
<gc-op id="1273" type="classunload" timems="0.011" contextid="1269" timestamp="2019-08-09T21:46:08.175">
  <classunload-info classloadercandidates="54" classloadersunloaded="0" classesunloaded="0" anonymousclassesunloaded="0" quiescems="0.000" setupms="0.011" scanms="0.000" postms="0.000" />
</gc-op>
<gc-end id="1274" type="partial gc" contextid="1269" durationms="149.417" usertimems="121.226" systemtimems="67.836" timestamp="2019-08-09T21:46:08.176" activeThreads="16">
  <mem-info id="1275" free="100663296" total="167772160" percent="60">
    <mem type="eden" free="2097040" total="2097152" percent="99" />
    <remembered-set count="24064" freebytes="6610944" totalbytes="6707200" percent="98" regionsoverflowed="0" regionsstable="7" regionsrebuilding="0"/>
  </mem-info>
</gc-end>
<cycle-end id="1276" type="partial gc" contextid="1269" timestamp="2019-08-09T21:46:08.176" />
  <attribute name="elasticGC enabled" value="1" />
  <attribute name= "numThreadsSpecified" value="16" />
  <attribute name="heapSize specified" value="0" />
  <attribute name="Current GC Util" value="11" />
  <attribute name= "Current Time Running" value="181129" />
  <attribute name ="GC Interval" value="0" />
  <attribute name="Target GC Util Change" value ="80.000000" />
  <attribute name="Current GC Util Change" value="11.000000"/>
  <attribute name="Current Error" value="69.000000" />
  <attribute name="Output H" value="167847920"/>
  <attribute name="Output I" value="2088"/>
  <attribute name="Output T" value="16"/>
  <attribute name= "Current Time Running" value="181129" />
  <attribute name="GC Util currently" value="11" />
  <attribute name="CPU Util currently" value="69893310627" />
<exclusive-end id="1277" timestamp="2019-08-09T21:46:08.176" durationms="150.370" />

<exclusive-start id="1278" timestamp="2019-08-09T21:46:08.304" intervalms="278.483">
  <response-info timems="0.060" idlems="0.060" threads="0" lastid="0000000001DE8F00" lastname="main" />
</exclusive-start>
<allocation-taxation id="1279" taxation-threshold="48234496" timestamp="2019-08-09T21:46:08.304" intervalms="278.489" />
<cycle-start id="1280" type="partial gc" contextid="0" timestamp="2019-08-09T21:46:08.305" intervalms="278.608" />
<gc-start id="1281" type="partial gc" contextid="1280" timestamp="2019-08-09T21:46:08.306">
  <mem-info id="1282" free="52428800" total="167772160" percent="31">
    <mem type="eden" free="2097040" total="50331648" percent="4" />
    <remembered-set count="23584" freebytes="6612864" totalbytes="6707200" percent="98" regionsoverflowed="0" regionsstable="7" regionsrebuilding="0"/>
  </mem-info>
</gc-start>
<allocation-stats totalBytes="48167952" >
  <allocated-bytes non-tlh="0" tlh="48167952" arrayletleaf="0"/>
  <largest-consumer threadName="main" threadId="0000000001DE8F00" bytes="48167952" />
</allocation-stats>
<gc-op id="1283" type="copy forward" timems="98.201" contextid="1280" timestamp="2019-08-09T21:46:08.466">
  <memory-copied type="eden" objects="4" bytes="112" bytesdiscarded="0" />
  <memory-copied type="other" objects="0" bytes="0" bytesdiscarded="0" />
  <memory-cardclean objects="11" bytes="416" />
  <regions eden="23" other="1" />
  <remembered-set-cleared processed="21658" cleared="5" durationms="0.559" />
  <stringconstants candidates="13813" cleared="0"  />
</gc-op>
<gc-op id="1284" type="classunload" timems="0.009" contextid="1280" timestamp="2019-08-09T21:46:08.467">
  <classunload-info classloadercandidates="54" classloadersunloaded="0" classesunloaded="0" anonymousclassesunloaded="0" quiescems="0.000" setupms="0.009" scanms="0.000" postms="0.000" />
</gc-op>
<gc-end id="1285" type="partial gc" contextid="1280" durationms="160.998" usertimems="30.441" systemtimems="94.031" timestamp="2019-08-09T21:46:08.467" activeThreads="16">
  <mem-info id="1286" free="100663296" total="167772160" percent="60">
    <mem type="eden" free="2097040" total="2097152" percent="99" />
    <remembered-set count="24064" freebytes="6610944" totalbytes="6707200" percent="98" regionsoverflowed="0" regionsstable="7" regionsrebuilding="0"/>
  </mem-info>
</gc-end>
<cycle-end id="1287" type="partial gc" contextid="1280" timestamp="2019-08-09T21:46:08.467" />
  <attribute name="elasticGC enabled" value="1" />
  <attribute name= "numThreadsSpecified" value="16" />
  <attribute name="heapSize specified" value="0" />
  <attribute name="Current GC Util" value="32" />
  <attribute name= "Current Time Running" value="181455" />
  <attribute name ="GC Interval" value="0" />
  <attribute name="Target GC Util Change" value ="80.000000" />
  <attribute name="Current GC Util Change" value="32.000000"/>
  <attribute name="Current Error" value="166.000000" />
  <attribute name="Output H" value="167848032"/>
  <attribute name="Output I" value="2200"/>
  <attribute name="Output T" value="16"/>
  <attribute name= "Current Time Running" value="181455" />
  <attribute name="GC Util currently" value="32" />
  <attribute name="CPU Util currently" value="20108144397" />
<exclusive-end id="1288" timestamp="2019-08-09T21:46:08.467" durationms="162.624" />

* Round 1 done in 29.941 seconds.
<exclusive-start id="1289" timestamp="2019-08-09T21:46:08.618" intervalms="313.718">
  <response-info timems="6.899" idlems="6.899" threads="0" lastid="0000000001DE8F00" lastname="main" />
</exclusive-start>
<allocation-taxation id="1290" taxation-threshold="48234496" timestamp="2019-08-09T21:46:08.618" intervalms="313.703" />
<cycle-start id="1291" type="partial gc" contextid="0" timestamp="2019-08-09T21:46:08.624" intervalms="319.539" />
<gc-start id="1292" type="partial gc" contextid="1291" timestamp="2019-08-09T21:46:08.624">
  <mem-info id="1293" free="52428800" total="167772160" percent="31">
    <mem type="eden" free="2097040" total="50331648" percent="4" />
    <remembered-set count="23584" freebytes="6612864" totalbytes="6707200" percent="98" regionsoverflowed="0" regionsstable="7" regionsrebuilding="0"/>
  </mem-info>
</gc-start>
<allocation-stats totalBytes="48188920" >
  <allocated-bytes non-tlh="2800" tlh="48186120" arrayletleaf="0"/>
  <largest-consumer threadName="main" threadId="0000000001DE8F00" bytes="48188920" />
</allocation-stats>
<gc-op id="1294" type="copy forward" timems="135.204" contextid="1291" timestamp="2019-08-09T21:46:08.780">
  <memory-copied type="eden" objects="232" bytes="8456" bytesdiscarded="2536" />
  <memory-copied type="other" objects="0" bytes="0" bytesdiscarded="0" />
  <memory-cardclean objects="307" bytes="15736" />
  <regions eden="23" other="1" />
  <remembered-set-cleared processed="21658" cleared="44" durationms="0.318" />
  <references type="soft" candidates="4" cleared="0" enqueued="0" dynamicThreshold="19" maxThreshold="32" />
  <references type="weak" candidates="14" cleared="0" enqueued="0" />
  <stringconstants candidates="13838" cleared="0"  />
</gc-op>
<gc-op id="1295" type="classunload" timems="0.012" contextid="1291" timestamp="2019-08-09T21:46:08.780">
  <classunload-info classloadercandidates="54" classloadersunloaded="0" classesunloaded="0" anonymousclassesunloaded="0" quiescems="0.000" setupms="0.012" scanms="0.000" postms="0.000" />
</gc-op>
<gc-end id="1296" type="partial gc" contextid="1291" durationms="156.306" usertimems="28.099" systemtimems="43.807" timestamp="2019-08-09T21:46:08.781" activeThreads="16">
  <mem-info id="1297" free="100663296" total="167772160" percent="60">
    <mem type="eden" free="2086144" total="2097152" percent="99" />
    <remembered-set count="26592" freebytes="6600832" totalbytes="6707200" percent="98" regionsoverflowed="0" regionsstable="7" regionsrebuilding="0"/>
  </mem-info>
</gc-end>
<cycle-end id="1298" type="partial gc" contextid="1291" timestamp="2019-08-09T21:46:08.781" />
  <attribute name="elasticGC enabled" value="1" />
  <attribute name= "numThreadsSpecified" value="16" />
  <attribute name="heapSize specified" value="0" />
  <attribute name="Current GC Util" value="7" />
  <attribute name= "Current Time Running" value="181731" />
  <attribute name ="GC Interval" value="0" />
  <attribute name="Target GC Util Change" value ="80.000000" />
  <attribute name="Current GC Util Change" value="7.000000"/>
  <attribute name="Current Error" value="278.000000" />
  <attribute name="Output H" value="167848168"/>
  <attribute name="Output I" value="2336"/>
  <attribute name="Output T" value="16"/>
  <attribute name= "Current Time Running" value="181731" />
  <attribute name="GC Util currently" value="7" />
  <attribute name="CPU Util currently" value="58900191062" />
<exclusive-end id="1299" timestamp="2019-08-09T21:46:08.781" durationms="163.293" />

<exclusive-start id="1300" timestamp="2019-08-09T21:46:09.585" intervalms="967.029">
  <response-info timems="0.022" idlems="0.022" threads="0" lastid="0000000001DE8F00" lastname="main" />
</exclusive-start>
<allocation-taxation id="1301" taxation-threshold="48234496" timestamp="2019-08-09T21:46:09.585" intervalms="967.030" />
<cycle-start id="1302" type="partial gc" contextid="0" timestamp="2019-08-09T21:46:09.585" intervalms="961.033" />
<gc-start id="1303" type="partial gc" contextid="1302" timestamp="2019-08-09T21:46:09.585">
  <mem-info id="1304" free="52428800" total="167772160" percent="31">
    <mem type="eden" free="0" total="48234496" percent="0" />
    <remembered-set count="25408" freebytes="6605568" totalbytes="6707200" percent="98" regionsoverflowed="0" regionsstable="8" regionsrebuilding="0"/>
  </mem-info>
</gc-start>
<allocation-stats totalBytes="48207096" >
  <allocated-bytes non-tlh="0" tlh="48207096" arrayletleaf="0"/>
  <largest-consumer threadName="main" threadId="0000000001DE8F00" bytes="48207096" />
</allocation-stats>
<gc-op id="1305" type="copy forward" timems="104.013" contextid="1302" timestamp="2019-08-09T21:46:09.693">
  <memory-copied type="eden" objects="74" bytes="2976" bytesdiscarded="504" />
  <memory-copied type="other" objects="247" bytes="8656" bytesdiscarded="912" />
  <memory-cardclean objects="234" bytes="20424" />
  <regions eden="23" other="2" />
  <remembered-set-cleared processed="21215" cleared="75" durationms="0.308" />
  <references type="soft" candidates="4" cleared="0" enqueued="0" dynamicThreshold="19" maxThreshold="32" />
  <references type="weak" candidates="16" cleared="0" enqueued="0" />
  <stringconstants candidates="13838" cleared="0"  />
</gc-op>
<gc-op id="1306" type="classunload" timems="0.019" contextid="1302" timestamp="2019-08-09T21:46:09.693">
  <classunload-info classloadercandidates="54" classloadersunloaded="0" classesunloaded="0" anonymousclassesunloaded="0" quiescems="0.000" setupms="0.018" scanms="0.000" postms="0.000" />
</gc-op>
<gc-end id="1307" type="partial gc" contextid="1302" durationms="107.804" usertimems="37.405" systemtimems="51.947" timestamp="2019-08-09T21:46:09.693" activeThreads="16">
  <mem-info id="1308" free="100663296" total="167772160" percent="60">
    <mem type="eden" free="2093672" total="2097152" percent="99" />
    <remembered-set count="25120" freebytes="6606720" totalbytes="6707200" percent="98" regionsoverflowed="0" regionsstable="8" regionsrebuilding="0"/>
  </mem-info>
</gc-end>
<cycle-end id="1309" type="partial gc" contextid="1302" timestamp="2019-08-09T21:46:09.693" />
  <attribute name="elasticGC enabled" value="1" />
  <attribute name= "numThreadsSpecified" value="16" />
  <attribute name="heapSize specified" value="0" />
  <attribute name="Current GC Util" value="35" />
  <attribute name= "Current Time Running" value="182675" />
  <attribute name ="GC Interval" value="0" />
  <attribute name="Target GC Util Change" value ="80.000000" />
  <attribute name="Current GC Util Change" value="35.000000"/>
  <attribute name="Current Error" value="45.000000" />
  <attribute name="Output H" value="167847896"/>
  <attribute name="Output I" value="2064"/>
  <attribute name="Output T" value="16"/>
  <attribute name= "Current Time Running" value="182675" />
  <attribute name="GC Util currently" value="35" />
  <attribute name="CPU Util currently" value="377846732776" />
<exclusive-end id="1310" timestamp="2019-08-09T21:46:09.694" durationms="108.983" />

<exclusive-start id="1311" timestamp="2019-08-09T21:46:09.753" intervalms="168.228">
  <response-info timems="0.026" idlems="0.026" threads="0" lastid="0000000001DE8F00" lastname="main" />
</exclusive-start>
<allocation-taxation id="1312" taxation-threshold="48234496" timestamp="2019-08-09T21:46:09.753" intervalms="168.232" />
<cycle-start id="1313" type="partial gc" contextid="0" timestamp="2019-08-09T21:46:09.755" intervalms="169.947" />
<gc-start id="1314" type="partial gc" contextid="1313" timestamp="2019-08-09T21:46:09.755">
  <mem-info id="1315" free="52428800" total="167772160" percent="31">
    <mem type="eden" free="0" total="48234496" percent="0" />
    <remembered-set count="24960" freebytes="6607360" totalbytes="6707200" percent="98" regionsoverflowed="0" regionsstable="8" regionsrebuilding="0"/>
  </mem-info>
</gc-start>
<allocation-stats totalBytes="48054160" >
  <allocated-bytes non-tlh="0" tlh="48054160" arrayletleaf="0"/>
  <largest-consumer threadName="main" threadId="0000000001DE8F00" bytes="48054160" />
</allocation-stats>
<gc-op id="1316" type="copy forward" timems="100.514" contextid="1313" timestamp="2019-08-09T21:46:09.866">
  <memory-copied type="eden" objects="1" bytes="32" bytesdiscarded="0" />
  <memory-copied type="other" objects="73" bytes="2944" bytesdiscarded="0" />
  <memory-cardclean objects="70" bytes="2072" />
  <regions eden="23" other="1" />
  <remembered-set-cleared processed="21245" cleared="21" durationms="0.875" />
  <stringconstants candidates="13838" cleared="0"  />
</gc-op>
<gc-op id="1317" type="classunload" timems="0.018" contextid="1313" timestamp="2019-08-09T21:46:09.866">
  <classunload-info classloadercandidates="54" classloadersunloaded="0" classesunloaded="0" anonymousclassesunloaded="0" quiescems="0.000" setupms="0.017" scanms="0.000" postms="0.000" />
</gc-op>
<heap-resize id="1318" type="expand" space="default" amount="6291456" count="1" timems="0.070" reason="excessive time being spent in gc" timestamp="2019-08-09T21:46:09.866" />
<gc-end id="1319" type="partial gc" contextid="1313" durationms="111.111" usertimems="19.067" systemtimems="61.490" timestamp="2019-08-09T21:46:09.867" activeThreads="16">
  <mem-info id="1320" free="104857600" total="174063616" percent="60">
    <mem type="eden" free="2097120" total="2097152" percent="99" />
    <remembered-set count="23520" freebytes="6864640" totalbytes="6958720" percent="98" regionsoverflowed="0" regionsstable="8" regionsrebuilding="0"/>
  </mem-info>
</gc-end>
<cycle-end id="1321" type="partial gc" contextid="1313" timestamp="2019-08-09T21:46:09.867" />
  <attribute name="elasticGC enabled" value="1" />
  <attribute name= "numThreadsSpecified" value="16" />
  <attribute name="heapSize specified" value="0" />
  <attribute name="Current GC Util" value="8" />
  <attribute name= "Current Time Running" value="182852" />
  <attribute name ="GC Interval" value="0" />
  <attribute name="Target GC Util Change" value ="80.000000" />
  <attribute name="Current GC Util Change" value="8.000000"/>
  <attribute name="Current Error" value="145.000000" />
  <attribute name="Output H" value="167848008"/>
  <attribute name="Output I" value="2176"/>
  <attribute name="Output T" value="16"/>
  <attribute name= "Current Time Running" value="182852" />
  <attribute name="GC Util currently" value="8" />
  <attribute name="CPU Util currently" value="120702023587" />
<exclusive-end id="1322" timestamp="2019-08-09T21:46:09.867" durationms="113.421" />

<exclusive-start id="1323" timestamp="2019-08-09T21:46:09.897" intervalms="143.320">
  <response-info timems="0.020" idlems="0.020" threads="0" lastid="0000000001DE8F00" lastname="main" />
</exclusive-start>
<allocation-taxation id="1324" taxation-threshold="50331648" timestamp="2019-08-09T21:46:09.897" intervalms="143.322" />
<cycle-start id="1325" type="partial gc" contextid="0" timestamp="2019-08-09T21:46:09.897" intervalms="141.595" />
<gc-start id="1326" type="partial gc" contextid="1325" timestamp="2019-08-09T21:46:09.897">
  <mem-info id="1327" free="54525952" total="174063616" percent="31">
    <mem type="eden" free="2097120" total="52428800" percent="3" />
    <remembered-set count="23168" freebytes="6866048" totalbytes="6958720" percent="98" regionsoverflowed="0" regionsstable="8" regionsrebuilding="0"/>
  </mem-info>
</gc-start>
<allocation-stats totalBytes="50162664" >
  <allocated-bytes non-tlh="0" tlh="50162664" arrayletleaf="0"/>
  <largest-consumer threadName="main" threadId="0000000001DE8F00" bytes="50162664" />
</allocation-stats>
<gc-op id="1328" type="copy forward" timems="35.878" contextid="1325" timestamp="2019-08-09T21:46:09.935">
  <memory-copied type="eden" objects="2" bytes="56" bytesdiscarded="0" />
  <memory-copied type="other" objects="0" bytes="0" bytesdiscarded="0" />
  <memory-cardclean objects="20" bytes="432" />
  <regions eden="24" other="1" />
  <remembered-set-cleared processed="21251" cleared="3" durationms="0.262" />
  <stringconstants candidates="13838" cleared="0"  />
</gc-op>
<gc-op id="1329" type="classunload" timems="0.017" contextid="1325" timestamp="2019-08-09T21:46:09.935">
  <classunload-info classloadercandidates="54" classloadersunloaded="0" classesunloaded="0" anonymousclassesunloaded="0" quiescems="0.000" setupms="0.017" scanms="0.000" postms="0.000" />
</gc-op>
<gc-end id="1330" type="partial gc" contextid="1325" durationms="38.387" usertimems="11.530" systemtimems="24.564" timestamp="2019-08-09T21:46:09.935" activeThreads="16">
  <mem-info id="1331" free="104857600" total="174063616" percent="60">
    <mem type="eden" free="2097096" total="2097152" percent="99" />
    <remembered-set count="23680" freebytes="6864000" totalbytes="6958720" percent="98" regionsoverflowed="0" regionsstable="8" regionsrebuilding="0"/>
  </mem-info>
</gc-end>
<cycle-end id="1332" type="partial gc" contextid="1325" timestamp="2019-08-09T21:46:09.936" />
  <attribute name="elasticGC enabled" value="1" />
  <attribute name= "numThreadsSpecified" value="16" />
  <attribute name="heapSize specified" value="0" />
  <attribute name="Current GC Util" value="228" />
  <attribute name= "Current Time Running" value="182986" />
  <attribute name ="GC Interval" value="0" />
  <attribute name="Target GC Util Change" value ="80.000000" />
  <attribute name="Current GC Util Change" value="228.000000"/>
  <attribute name="Current Error" value="17.000000" />
  <attribute name="Output H" value="174139320"/>
  <attribute name="Output I" value="2032"/>
  <attribute name="Output T" value="16"/>
  <attribute name= "Current Time Running" value="182986" />
  <attribute name="GC Util currently" value="228" />
  <attribute name="CPU Util currently" value="672728914043" />
<exclusive-end id="1333" timestamp="2019-08-09T21:46:09.937" durationms="40.180" />

<exclusive-start id="1334" timestamp="2019-08-09T21:46:10.019" intervalms="122.403">
  <response-info timems="0.024" idlems="0.024" threads="0" lastid="0000000001DE8F00" lastname="main" />
</exclusive-start>
<allocation-taxation id="1335" taxation-threshold="50331648" timestamp="2019-08-09T21:46:10.019" intervalms="122.409" />
<cycle-start id="1336" type="partial gc" contextid="0" timestamp="2019-08-09T21:46:10.020" intervalms="122.981" />
<gc-start id="1337" type="partial gc" contextid="1336" timestamp="2019-08-09T21:46:10.022">
  <mem-info id="1338" free="54525952" total="174063616" percent="31">
    <mem type="eden" free="2097096" total="52428800" percent="3" />
    <remembered-set count="23680" freebytes="6864000" totalbytes="6958720" percent="98" regionsoverflowed="0" regionsstable="8" regionsrebuilding="0"/>
  </mem-info>
</gc-start>
<allocation-stats totalBytes="50163168" >
  <allocated-bytes non-tlh="0" tlh="50163168" arrayletleaf="0"/>
  <largest-consumer threadName="main" threadId="0000000001DE8F00" bytes="50163168" />
</allocation-stats>
<gc-op id="1339" type="copy forward" timems="58.168" contextid="1336" timestamp="2019-08-09T21:46:10.094">
  <memory-copied type="eden" objects="2" bytes="56" bytesdiscarded="0" />
  <memory-copied type="other" objects="0" bytes="0" bytesdiscarded="0" />
  <memory-cardclean objects="20" bytes="432" />
  <regions eden="24" other="1" />
  <remembered-set-cleared processed="21251" cleared="3" durationms="0.564" />
  <stringconstants candidates="13838" cleared="0"  />
</gc-op>
<gc-op id="1340" type="classunload" timems="0.010" contextid="1336" timestamp="2019-08-09T21:46:10.094">
  <classunload-info classloadercandidates="54" classloadersunloaded="0" classesunloaded="0" anonymousclassesunloaded="0" quiescems="0.000" setupms="0.010" scanms="0.000" postms="0.000" />
</gc-op>
<gc-end id="1341" type="partial gc" contextid="1336" durationms="72.634" usertimems="20.610" systemtimems="40.865" timestamp="2019-08-09T21:46:10.094" activeThreads="16">
  <mem-info id="1342" free="104857600" total="174063616" percent="60">
    <mem type="eden" free="2097096" total="2097152" percent="99" />
    <remembered-set count="23680" freebytes="6864000" totalbytes="6958720" percent="98" regionsoverflowed="0" regionsstable="8" regionsrebuilding="0"/>
  </mem-info>
</gc-end>
<cycle-end id="1343" type="partial gc" contextid="1336" timestamp="2019-08-09T21:46:10.094" />
  <attribute name="elasticGC enabled" value="1" />
  <attribute name= "numThreadsSpecified" value="16" />
  <attribute name="heapSize specified" value="0" />
  <attribute name="Current GC Util" value="9" />
  <attribute name= "Current Time Running" value="183122" />
  <attribute name ="GC Interval" value="0" />
  <attribute name="Target GC Util Change" value ="80.000000" />
  <attribute name="Current GC Util Change" value="9.000000"/>
  <attribute name="Current Error" value="71.000000" />
  <attribute name="Output H" value="174139384"/>
  <attribute name="Output I" value="2096"/>
  <attribute name="Output T" value="16"/>
  <attribute name= "Current Time Running" value="183122" />
  <attribute name="GC Util currently" value="9" />
  <attribute name="CPU Util currently" value="82608356871" />
<exclusive-end id="1344" timestamp="2019-08-09T21:46:10.095" durationms="75.532" />

<exclusive-start id="1345" timestamp="2019-08-09T21:46:10.122" intervalms="103.301">
  <response-info timems="0.023" idlems="0.023" threads="0" lastid="0000000001DE8F00" lastname="main" />
</exclusive-start>
<allocation-taxation id="1346" taxation-threshold="50331648" timestamp="2019-08-09T21:46:10.122" intervalms="103.291" />
<cycle-start id="1347" type="partial gc" contextid="0" timestamp="2019-08-09T21:46:10.122" intervalms="102.790" />
<gc-start id="1348" type="partial gc" contextid="1347" timestamp="2019-08-09T21:46:10.123">
  <mem-info id="1349" free="54525952" total="174063616" percent="31">
    <mem type="eden" free="2097096" total="52428800" percent="3" />
    <remembered-set count="23200" freebytes="6865920" totalbytes="6958720" percent="98" regionsoverflowed="0" regionsstable="8" regionsrebuilding="0"/>
  </mem-info>
</gc-start>
<allocation-stats totalBytes="50163168" >
  <allocated-bytes non-tlh="0" tlh="50163168" arrayletleaf="0"/>
  <largest-consumer threadName="main" threadId="0000000001DE8F00" bytes="50163168" />
</allocation-stats>
<gc-op id="1350" type="copy forward" timems="38.439" contextid="1347" timestamp="2019-08-09T21:46:10.170">
  <memory-copied type="eden" objects="2" bytes="56" bytesdiscarded="0" />
  <memory-copied type="other" objects="0" bytes="0" bytesdiscarded="0" />
  <memory-cardclean objects="20" bytes="432" />
  <regions eden="24" other="1" />
  <remembered-set-cleared processed="21251" cleared="3" durationms="7.752" />
  <stringconstants candidates="13838" cleared="0"  />
</gc-op>
<gc-op id="1351" type="classunload" timems="0.012" contextid="1347" timestamp="2019-08-09T21:46:10.170">
  <classunload-info classloadercandidates="54" classloadersunloaded="0" classesunloaded="0" anonymousclassesunloaded="0" quiescems="0.000" setupms="0.012" scanms="0.000" postms="0.000" />
</gc-op>
<gc-end id="1352" type="partial gc" contextid="1347" durationms="47.634" usertimems="28.131" systemtimems="10.480" timestamp="2019-08-09T21:46:10.171" activeThreads="16">
  <mem-info id="1353" free="104857600" total="174063616" percent="60">
    <mem type="eden" free="2097096" total="2097152" percent="99" />
    <remembered-set count="23680" freebytes="6864000" totalbytes="6958720" percent="98" regionsoverflowed="0" regionsstable="8" regionsrebuilding="0"/>
  </mem-info>
</gc-end>
<cycle-end id="1354" type="partial gc" contextid="1347" timestamp="2019-08-09T21:46:10.171" />
  <attribute name="elasticGC enabled" value="1" />
  <attribute name= "numThreadsSpecified" value="16" />
  <attribute name="heapSize specified" value="0" />
  <attribute name="Current GC Util" value="25" />
  <attribute name= "Current Time Running" value="183218" />
  <attribute name ="GC Interval" value="0" />
  <attribute name="Target GC Util Change" value ="80.000000" />
  <attribute name="Current GC Util Change" value="25.000000"/>
  <attribute name="Current Error" value="136.000000" />
  <attribute name="Output H" value="174139456"/>
  <attribute name="Output I" value="2168"/>
  <attribute name="Output T" value="16"/>
  <attribute name= "Current Time Running" value="183218" />
  <attribute name="GC Util currently" value="25" />
  <attribute name="CPU Util currently" value="157842985118" />
<exclusive-end id="1355" timestamp="2019-08-09T21:46:10.171" durationms="49.133" />

<exclusive-start id="1356" timestamp="2019-08-09T21:46:10.195" intervalms="72.580">
  <response-info timems="0.025" idlems="0.025" threads="0" lastid="0000000001DE8F00" lastname="main" />
</exclusive-start>
<allocation-taxation id="1357" taxation-threshold="50331648" timestamp="2019-08-09T21:46:10.195" intervalms="72.583" />
<cycle-start id="1358" type="partial gc" contextid="0" timestamp="2019-08-09T21:46:10.195" intervalms="72.520" />
<gc-start id="1359" type="partial gc" contextid="1358" timestamp="2019-08-09T21:46:10.195">
  <mem-info id="1360" free="54525952" total="174063616" percent="31">
    <mem type="eden" free="2097096" total="52428800" percent="3" />
    <remembered-set count="23200" freebytes="6865920" totalbytes="6958720" percent="98" regionsoverflowed="0" regionsstable="8" regionsrebuilding="0"/>
  </mem-info>
</gc-start>
<allocation-stats totalBytes="50163168" >
  <allocated-bytes non-tlh="0" tlh="50163168" arrayletleaf="0"/>
  <largest-consumer threadName="main" threadId="0000000001DE8F00" bytes="50163168" />
</allocation-stats>
<gc-op id="1361" type="copy forward" timems="56.379" contextid="1358" timestamp="2019-08-09T21:46:10.257">
  <memory-copied type="eden" objects="2" bytes="56" bytesdiscarded="0" />
  <memory-copied type="other" objects="0" bytes="0" bytesdiscarded="0" />
  <memory-cardclean objects="20" bytes="432" />
  <regions eden="24" other="1" />
  <remembered-set-cleared processed="21251" cleared="3" durationms="0.317" />
  <stringconstants candidates="13838" cleared="0"  />
</gc-op>
<gc-op id="1362" type="classunload" timems="0.013" contextid="1358" timestamp="2019-08-09T21:46:10.257">
  <classunload-info classloadercandidates="54" classloadersunloaded="0" classesunloaded="0" anonymousclassesunloaded="0" quiescems="0.000" setupms="0.013" scanms="0.000" postms="0.000" />
</gc-op>
<gc-end id="1363" type="partial gc" contextid="1358" durationms="61.698" usertimems="14.315" systemtimems="23.566" timestamp="2019-08-09T21:46:10.257" activeThreads="16">
  <mem-info id="1364" free="104857600" total="174063616" percent="60">
    <mem type="eden" free="2097096" total="2097152" percent="99" />
    <remembered-set count="23680" freebytes="6864000" totalbytes="6958720" percent="98" regionsoverflowed="0" regionsstable="8" regionsrebuilding="0"/>
  </mem-info>
</gc-end>
<cycle-end id="1365" type="partial gc" contextid="1358" timestamp="2019-08-09T21:46:10.257" />
  <attribute name="elasticGC enabled" value="1" />
  <attribute name= "numThreadsSpecified" value="16" />
  <attribute name="heapSize specified" value="0" />
  <attribute name="Current GC Util" value="22" />
  <attribute name= "Current Time Running" value="183287" />
  <attribute name ="GC Interval" value="0" />
  <attribute name="Target GC Util Change" value ="80.000000" />
  <attribute name="Current GC Util Change" value="22.000000"/>
  <attribute name="Current Error" value="216.000000" />
  <attribute name="Output H" value="174139552"/>
  <attribute name="Output I" value="2264"/>
  <attribute name="Output T" value="16"/>
  <attribute name= "Current Time Running" value="183287" />
  <attribute name="GC Util currently" value="22" />
  <attribute name="CPU Util currently" value="257257008738" />
<exclusive-end id="1366" timestamp="2019-08-09T21:46:10.259" durationms="63.907" />

<exclusive-start id="1367" timestamp="2019-08-09T21:46:10.287" intervalms="92.375">
  <response-info timems="0.033" idlems="0.033" threads="0" lastid="0000000001DE8F00" lastname="main" />
</exclusive-start>
<allocation-taxation id="1368" taxation-threshold="50331648" timestamp="2019-08-09T21:46:10.287" intervalms="92.400" />
<cycle-start id="1369" type="partial gc" contextid="0" timestamp="2019-08-09T21:46:10.294" intervalms="99.402" />
<gc-start id="1370" type="partial gc" contextid="1369" timestamp="2019-08-09T21:46:10.295">
  <mem-info id="1371" free="54525952" total="174063616" percent="31">
    <mem type="eden" free="2097096" total="52428800" percent="3" />
    <remembered-set count="23680" freebytes="6864000" totalbytes="6958720" percent="98" regionsoverflowed="0" regionsstable="8" regionsrebuilding="0"/>
  </mem-info>
</gc-start>
<allocation-stats totalBytes="50163168" >
  <allocated-bytes non-tlh="0" tlh="50163168" arrayletleaf="0"/>
  <largest-consumer threadName="main" threadId="0000000001DE8F00" bytes="50163168" />
</allocation-stats>
<gc-op id="1372" type="copy forward" timems="104.835" contextid="1369" timestamp="2019-08-09T21:46:10.402">
  <memory-copied type="eden" objects="2" bytes="56" bytesdiscarded="0" />
  <memory-copied type="other" objects="0" bytes="0" bytesdiscarded="0" />
  <memory-cardclean objects="20" bytes="432" />
  <regions eden="24" other="1" />
  <remembered-set-cleared processed="21251" cleared="3" durationms="0.311" />
  <stringconstants candidates="13838" cleared="0"  />
</gc-op>
<gc-op id="1373" type="classunload" timems="0.012" contextid="1369" timestamp="2019-08-09T21:46:10.402">
  <classunload-info classloadercandidates="54" classloadersunloaded="0" classesunloaded="0" anonymousclassesunloaded="0" quiescems="0.000" setupms="0.012" scanms="0.000" postms="0.000" />
</gc-op>
<gc-end id="1374" type="partial gc" contextid="1369" durationms="107.415" usertimems="23.955" systemtimems="52.530" timestamp="2019-08-09T21:46:10.402" activeThreads="16">
  <mem-info id="1375" free="104857600" total="174063616" percent="60">
    <mem type="eden" free="2097096" total="2097152" percent="99" />
    <remembered-set count="23680" freebytes="6864000" totalbytes="6958720" percent="98" regionsoverflowed="0" regionsstable="8" regionsrebuilding="0"/>
  </mem-info>
</gc-end>
<cycle-end id="1376" type="partial gc" contextid="1369" timestamp="2019-08-09T21:46:10.402" />
  <attribute name="elasticGC enabled" value="1" />
  <attribute name= "numThreadsSpecified" value="16" />
  <attribute name="heapSize specified" value="0" />
  <attribute name="Current GC Util" value="33" />
  <attribute name= "Current Time Running" value="183383" />
  <attribute name ="GC Interval" value="0" />
  <attribute name="Target GC Util Change" value ="80.000000" />
  <attribute name="Current GC Util Change" value="33.000000"/>
  <attribute name="Current Error" value="47.000000" />
  <attribute name="Output H" value="174139352"/>
  <attribute name="Output I" value="2064"/>
  <attribute name="Output T" value="16"/>
  <attribute name= "Current Time Running" value="183383" />
  <attribute name="GC Util currently" value="33" />
  <attribute name="CPU Util currently" value="799488976170" />
<exclusive-end id="1377" timestamp="2019-08-09T21:46:10.403" durationms="115.536" />

<exclusive-start id="1378" timestamp="2019-08-09T21:46:10.481" intervalms="194.169">
  <response-info timems="0.025" idlems="0.025" threads="0" lastid="0000000001DE8F00" lastname="main" />
</exclusive-start>
<allocation-taxation id="1379" taxation-threshold="50331648" timestamp="2019-08-09T21:46:10.481" intervalms="194.134" />
<cycle-start id="1380" type="partial gc" contextid="0" timestamp="2019-08-09T21:46:10.482" intervalms="187.152" />
<gc-start id="1381" type="partial gc" contextid="1380" timestamp="2019-08-09T21:46:10.482">
  <mem-info id="1382" free="54525952" total="174063616" percent="31">
    <mem type="eden" free="2097096" total="52428800" percent="3" />
    <remembered-set count="23200" freebytes="6865920" totalbytes="6958720" percent="98" regionsoverflowed="0" regionsstable="8" regionsrebuilding="0"/>
  </mem-info>
</gc-start>
<allocation-stats totalBytes="50163168" >
  <allocated-bytes non-tlh="0" tlh="50163168" arrayletleaf="0"/>
  <largest-consumer threadName="main" threadId="0000000001DE8F00" bytes="50163168" />
</allocation-stats>
<gc-op id="1383" type="copy forward" timems="35.977" contextid="1380" timestamp="2019-08-09T21:46:10.565">
  <memory-copied type="eden" objects="2" bytes="56" bytesdiscarded="0" />
  <memory-copied type="other" objects="0" bytes="0" bytesdiscarded="0" />
  <memory-cardclean objects="20" bytes="432" />
  <regions eden="24" other="1" />
  <remembered-set-cleared processed="21251" cleared="3" durationms="0.272" />
  <stringconstants candidates="13838" cleared="0"  />
</gc-op>
<gc-op id="1384" type="classunload" timems="0.011" contextid="1380" timestamp="2019-08-09T21:46:10.565">
  <classunload-info classloadercandidates="54" classloadersunloaded="0" classesunloaded="0" anonymousclassesunloaded="0" quiescems="0.000" setupms="0.011" scanms="0.000" postms="0.000" />
</gc-op>
<gc-end id="1385" type="partial gc" contextid="1380" durationms="83.711" usertimems="13.923" systemtimems="40.002" timestamp="2019-08-09T21:46:10.565" activeThreads="16">
  <mem-info id="1386" free="104857600" total="174063616" percent="60">
    <mem type="eden" free="2097096" total="2097152" percent="99" />
    <remembered-set count="23680" freebytes="6864000" totalbytes="6958720" percent="98" regionsoverflowed="0" regionsstable="8" regionsrebuilding="0"/>
  </mem-info>
</gc-end>
<cycle-end id="1387" type="partial gc" contextid="1380" timestamp="2019-08-09T21:46:10.566" />
  <attribute name="elasticGC enabled" value="1" />
  <attribute name= "numThreadsSpecified" value="16" />
  <attribute name="heapSize specified" value="0" />
  <attribute name="Current GC Util" value="30" />
  <attribute name= "Current Time Running" value="183616" />
  <attribute name ="GC Interval" value="0" />
  <attribute name="Target GC Util Change" value ="80.000000" />
  <attribute name="Current GC Util Change" value="30.000000"/>
  <attribute name="Current Error" value="137.000000" />
  <attribute name="Output H" value="174139456"/>
  <attribute name="Output I" value="2168"/>
  <attribute name="Output T" value="16"/>
  <attribute name= "Current Time Running" value="183616" />
  <attribute name="GC Util currently" value="30" />
  <attribute name="CPU Util currently" value="27284995155" />
<exclusive-end id="1388" timestamp="2019-08-09T21:46:10.568" durationms="86.315" />

<exclusive-start id="1389" timestamp="2019-08-09T21:46:10.643" intervalms="161.884">
  <response-info timems="0.029" idlems="0.029" threads="0" lastid="0000000001DE8F00" lastname="main" />
</exclusive-start>
<allocation-taxation id="1390" taxation-threshold="50331648" timestamp="2019-08-09T21:46:10.643" intervalms="161.911" />
<cycle-start id="1391" type="partial gc" contextid="0" timestamp="2019-08-09T21:46:10.652" intervalms="170.617" />
<gc-start id="1392" type="partial gc" contextid="1391" timestamp="2019-08-09T21:46:10.653">
  <mem-info id="1393" free="54525952" total="174063616" percent="31">
    <mem type="eden" free="2097096" total="52428800" percent="3" />
    <remembered-set count="23200" freebytes="6865920" totalbytes="6958720" percent="98" regionsoverflowed="0" regionsstable="8" regionsrebuilding="0"/>
  </mem-info>
</gc-start>
<allocation-stats totalBytes="50163168" >
  <allocated-bytes non-tlh="0" tlh="50163168" arrayletleaf="0"/>
  <largest-consumer threadName="main" threadId="0000000001DE8F00" bytes="50163168" />
</allocation-stats>
<gc-op id="1394" type="copy forward" timems="41.183" contextid="1391" timestamp="2019-08-09T21:46:10.698">
  <memory-copied type="eden" objects="2" bytes="56" bytesdiscarded="0" />
  <memory-copied type="other" objects="0" bytes="0" bytesdiscarded="0" />
  <memory-cardclean objects="20" bytes="432" />
  <regions eden="24" other="1" />
  <remembered-set-cleared processed="21251" cleared="3" durationms="0.921" />
  <stringconstants candidates="13838" cleared="0"  />
</gc-op>
<gc-op id="1395" type="classunload" timems="0.009" contextid="1391" timestamp="2019-08-09T21:46:10.698">
  <classunload-info classloadercandidates="54" classloadersunloaded="0" classesunloaded="0" anonymousclassesunloaded="0" quiescems="0.000" setupms="0.009" scanms="0.000" postms="0.000" />
</gc-op>
<gc-end id="1396" type="partial gc" contextid="1391" durationms="45.593" usertimems="16.835" systemtimems="26.341" timestamp="2019-08-09T21:46:10.698" activeThreads="16">
  <mem-info id="1397" free="104857600" total="174063616" percent="60">
    <mem type="eden" free="2097096" total="2097152" percent="99" />
    <remembered-set count="23680" freebytes="6864000" totalbytes="6958720" percent="98" regionsoverflowed="0" regionsstable="8" regionsrebuilding="0"/>
  </mem-info>
</gc-end>
<cycle-end id="1398" type="partial gc" contextid="1391" timestamp="2019-08-09T21:46:10.699" />
  <attribute name="elasticGC enabled" value="1" />
  <attribute name= "numThreadsSpecified" value="16" />
  <attribute name="heapSize specified" value="0" />
  <attribute name="Current GC Util" value="43" />
  <attribute name= "Current Time Running" value="183743" />
  <attribute name ="GC Interval" value="0" />
  <attribute name="Target GC Util Change" value ="80.000000" />
  <attribute name="Current GC Util Change" value="43.000000"/>
  <attribute name="Current Error" value="221.000000" />
  <attribute name="Output H" value="174139552"/>
  <attribute name="Output I" value="2264"/>
  <attribute name="Output T" value="16"/>
  <attribute name= "Current Time Running" value="183743" />
  <attribute name="GC Util currently" value="43" />
  <attribute name="CPU Util currently" value="302000059119" />
<exclusive-end id="1399" timestamp="2019-08-09T21:46:10.699" durationms="55.483" />

<exclusive-start id="1400" timestamp="2019-08-09T21:46:10.760" intervalms="117.104">
  <response-info timems="0.020" idlems="0.020" threads="0" lastid="0000000001DE8F00" lastname="main" />
</exclusive-start>
<allocation-taxation id="1401" taxation-threshold="50331648" timestamp="2019-08-09T21:46:10.760" intervalms="117.106" />
<cycle-start id="1402" type="partial gc" contextid="0" timestamp="2019-08-09T21:46:10.761" intervalms="108.484" />
<gc-start id="1403" type="partial gc" contextid="1402" timestamp="2019-08-09T21:46:10.763">
  <mem-info id="1404" free="54525952" total="174063616" percent="31">
    <mem type="eden" free="2097096" total="52428800" percent="3" />
    <remembered-set count="23680" freebytes="6864000" totalbytes="6958720" percent="98" regionsoverflowed="0" regionsstable="8" regionsrebuilding="0"/>
  </mem-info>
</gc-start>
<allocation-stats totalBytes="50163168" >
  <allocated-bytes non-tlh="0" tlh="50163168" arrayletleaf="0"/>
  <largest-consumer threadName="main" threadId="0000000001DE8F00" bytes="50163168" />
</allocation-stats>
<gc-op id="1405" type="copy forward" timems="59.993" contextid="1402" timestamp="2019-08-09T21:46:10.833">
  <memory-copied type="eden" objects="2" bytes="56" bytesdiscarded="0" />
  <memory-copied type="other" objects="0" bytes="0" bytesdiscarded="0" />
  <memory-cardclean objects="20" bytes="432" />
  <regions eden="24" other="1" />
  <remembered-set-cleared processed="21251" cleared="3" durationms="0.542" />
  <stringconstants candidates="13838" cleared="0"  />
</gc-op>
<gc-op id="1406" type="classunload" timems="0.013" contextid="1402" timestamp="2019-08-09T21:46:10.834">
  <classunload-info classloadercandidates="54" classloadersunloaded="0" classesunloaded="0" anonymousclassesunloaded="0" quiescems="0.000" setupms="0.013" scanms="0.000" postms="0.000" />
</gc-op>
<gc-end id="1407" type="partial gc" contextid="1402" durationms="70.191" usertimems="26.810" systemtimems="27.660" timestamp="2019-08-09T21:46:10.834" activeThreads="16">
  <mem-info id="1408" free="104857600" total="174063616" percent="60">
    <mem type="eden" free="2097096" total="2097152" percent="99" />
    <remembered-set count="23680" freebytes="6864000" totalbytes="6958720" percent="98" regionsoverflowed="0" regionsstable="8" regionsrebuilding="0"/>
  </mem-info>
</gc-end>
<cycle-end id="1409" type="partial gc" contextid="1402" timestamp="2019-08-09T21:46:10.834" />
  <attribute name="elasticGC enabled" value="1" />
  <attribute name= "numThreadsSpecified" value="16" />
  <attribute name="heapSize specified" value="0" />
  <attribute name="Current GC Util" value="63" />
  <attribute name= "Current Time Running" value="183860" />
  <attribute name ="GC Interval" value="0" />
  <attribute name="Target GC Util Change" value ="80.000000" />
  <attribute name="Current GC Util Change" value="63.000000"/>
  <attribute name="Current Error" value="17.000000" />
  <attribute name="Output H" value="174139320"/>
  <attribute name="Output I" value="2032"/>
  <attribute name="Output T" value="16"/>
  <attribute name= "Current Time Running" value="183860" />
  <attribute name="GC Util currently" value="63" />
  <attribute name="CPU Util currently" value="208503029925" />
<exclusive-end id="1410" timestamp="2019-08-09T21:46:10.834" durationms="73.807" />

<exclusive-start id="1411" timestamp="2019-08-09T21:46:10.874" intervalms="113.207">
  <response-info timems="0.020" idlems="0.020" threads="0" lastid="0000000001DE8F00" lastname="main" />
</exclusive-start>
<allocation-taxation id="1412" taxation-threshold="50331648" timestamp="2019-08-09T21:46:10.874" intervalms="113.220" />
<cycle-start id="1413" type="partial gc" contextid="0" timestamp="2019-08-09T21:46:10.874" intervalms="113.231" />
<gc-start id="1414" type="partial gc" contextid="1413" timestamp="2019-08-09T21:46:10.874">
  <mem-info id="1415" free="54525952" total="174063616" percent="31">
    <mem type="eden" free="2097096" total="52428800" percent="3" />
    <remembered-set count="23200" freebytes="6865920" totalbytes="6958720" percent="98" regionsoverflowed="0" regionsstable="8" regionsrebuilding="0"/>
  </mem-info>
</gc-start>
<allocation-stats totalBytes="50163168" >
  <allocated-bytes non-tlh="0" tlh="50163168" arrayletleaf="0"/>
  <largest-consumer threadName="main" threadId="0000000001DE8F00" bytes="50163168" />
</allocation-stats>
<gc-op id="1416" type="copy forward" timems="4.393" contextid="1413" timestamp="2019-08-09T21:46:10.880">
  <memory-copied type="eden" objects="2" bytes="56" bytesdiscarded="0" />
  <memory-copied type="other" objects="0" bytes="0" bytesdiscarded="0" />
  <memory-cardclean objects="20" bytes="432" />
  <regions eden="24" other="1" />
  <remembered-set-cleared processed="21251" cleared="3" durationms="0.211" />
  <stringconstants candidates="13838" cleared="0"  />
</gc-op>
<gc-op id="1417" type="classunload" timems="0.006" contextid="1413" timestamp="2019-08-09T21:46:10.880">
  <classunload-info classloadercandidates="54" classloadersunloaded="0" classesunloaded="0" anonymousclassesunloaded="0" quiescems="0.000" setupms="0.006" scanms="0.000" postms="0.000" />
</gc-op>
<gc-end id="1418" type="partial gc" contextid="1413" durationms="5.807" usertimems="8.778" systemtimems="0.000" timestamp="2019-08-09T21:46:10.880" activeThreads="8">
  <mem-info id="1419" free="104857600" total="174063616" percent="60">
    <mem type="eden" free="2097096" total="2097152" percent="99" />
    <remembered-set count="23712" freebytes="6863872" totalbytes="6958720" percent="98" regionsoverflowed="0" regionsstable="8" regionsrebuilding="0"/>
  </mem-info>
</gc-end>
<cycle-end id="1420" type="partial gc" contextid="1413" timestamp="2019-08-09T21:46:10.880" />
  <attribute name="elasticGC enabled" value="1" />
  <attribute name= "numThreadsSpecified" value="8" />
  <attribute name="heapSize specified" value="0" />
  <attribute name="Current GC Util" value="140" />
  <attribute name= "Current Time Running" value="183962" />
  <attribute name ="GC Interval" value="0" />
  <attribute name="Target GC Util Change" value ="80.000000" />
  <attribute name="Current GC Util Change" value="140.000000"/>
  <attribute name="Current Error" value="-14.000000" />
  <attribute name="Output H" value="174139280"/>
  <attribute name="Output I" value="1992"/>
  <attribute name="Output T" value="8"/>
  <attribute name= "Current Time Running" value="183962" />
  <attribute name="GC Util currently" value="140" />
  <attribute name="CPU Util currently" value="1202120657016" />
<exclusive-end id="1421" timestamp="2019-08-09T21:46:10.880" durationms="6.502" />

<exclusive-start id="1422" timestamp="2019-08-09T21:46:10.936" intervalms="62.399">
  <response-info timems="0.023" idlems="0.023" threads="0" lastid="0000000001DE8F00" lastname="main" />
</exclusive-start>
<allocation-taxation id="1423" taxation-threshold="50331648" timestamp="2019-08-09T21:46:10.936" intervalms="62.401" />
<cycle-start id="1424" type="partial gc" contextid="0" timestamp="2019-08-09T21:46:10.936" intervalms="62.360" />
<gc-start id="1425" type="partial gc" contextid="1424" timestamp="2019-08-09T21:46:10.937">
  <mem-info id="1426" free="54525952" total="174063616" percent="31">
    <mem type="eden" free="2097096" total="52428800" percent="3" />
    <remembered-set count="23232" freebytes="6865792" totalbytes="6958720" percent="98" regionsoverflowed="0" regionsstable="8" regionsrebuilding="0"/>
  </mem-info>
</gc-start>
<allocation-stats totalBytes="50163168" >
  <allocated-bytes non-tlh="0" tlh="50163168" arrayletleaf="0"/>
  <largest-consumer threadName="main" threadId="0000000001DE8F00" bytes="50163168" />
</allocation-stats>
<gc-op id="1427" type="copy forward" timems="15.031" contextid="1424" timestamp="2019-08-09T21:46:10.953">
  <memory-copied type="eden" objects="2" bytes="56" bytesdiscarded="0" />
  <memory-copied type="other" objects="0" bytes="0" bytesdiscarded="0" />
  <memory-cardclean objects="20" bytes="432" />
  <regions eden="24" other="1" />
  <remembered-set-cleared processed="21251" cleared="3" durationms="1.292" />
  <stringconstants candidates="13838" cleared="0"  />
</gc-op>
<gc-op id="1428" type="classunload" timems="0.014" contextid="1424" timestamp="2019-08-09T21:46:10.953">
  <classunload-info classloadercandidates="54" classloadersunloaded="0" classesunloaded="0" anonymousclassesunloaded="0" quiescems="0.000" setupms="0.014" scanms="0.000" postms="0.000" />
</gc-op>
<gc-end id="1429" type="partial gc" contextid="1424" durationms="16.874" usertimems="4.785" systemtimems="16.488" timestamp="2019-08-09T21:46:10.953" activeThreads="16">
  <mem-info id="1430" free="104857600" total="174063616" percent="60">
    <mem type="eden" free="2097096" total="2097152" percent="99" />
    <remembered-set count="23680" freebytes="6864000" totalbytes="6958720" percent="98" regionsoverflowed="0" regionsstable="8" regionsrebuilding="0"/>
  </mem-info>
</gc-end>
<cycle-end id="1431" type="partial gc" contextid="1424" timestamp="2019-08-09T21:46:10.954" />
  <attribute name="elasticGC enabled" value="1" />
  <attribute name= "numThreadsSpecified" value="16" />
  <attribute name="heapSize specified" value="0" />
  <attribute name="Current GC Util" value="77" />
  <attribute name= "Current Time Running" value="184024" />
  <attribute name ="GC Interval" value="0" />
  <attribute name="Target GC Util Change" value ="80.000000" />
  <attribute name="Current GC Util Change" value="77.000000"/>
  <attribute name="Current Error" value="57.000000" />
  <attribute name="Output H" value="174139368"/>
  <attribute name="Output I" value="2080"/>
  <attribute name="Output T" value="16"/>
  <attribute name= "Current Time Running" value="184024" />
  <attribute name="GC Util currently" value="77" />
  <attribute name="CPU Util currently" value="971134750826" />
<exclusive-end id="1432" timestamp="2019-08-09T21:46:10.954" durationms="17.650" />

<exclusive-start id="1433" timestamp="2019-08-09T21:46:11.004" intervalms="67.618">
  <response-info timems="0.029" idlems="0.029" threads="0" lastid="0000000001DE8F00" lastname="main" />
</exclusive-start>
<allocation-taxation id="1434" taxation-threshold="50331648" timestamp="2019-08-09T21:46:11.004" intervalms="67.655" />
<cycle-start id="1435" type="partial gc" contextid="0" timestamp="2019-08-09T21:46:11.004" intervalms="68.036" />
<gc-start id="1436" type="partial gc" contextid="1435" timestamp="2019-08-09T21:46:11.005">
  <mem-info id="1437" free="54525952" total="174063616" percent="31">
    <mem type="eden" free="2097096" total="52428800" percent="3" />
    <remembered-set count="23680" freebytes="6864000" totalbytes="6958720" percent="98" regionsoverflowed="0" regionsstable="8" regionsrebuilding="0"/>
  </mem-info>
</gc-start>
<allocation-stats totalBytes="50163168" >
  <allocated-bytes non-tlh="0" tlh="50163168" arrayletleaf="0"/>
  <largest-consumer threadName="main" threadId="0000000001DE8F00" bytes="50163168" />
</allocation-stats>
<gc-op id="1438" type="copy forward" timems="2.183" contextid="1435" timestamp="2019-08-09T21:46:11.010">
  <memory-copied type="eden" objects="2" bytes="56" bytesdiscarded="0" />
  <memory-copied type="other" objects="0" bytes="0" bytesdiscarded="0" />
  <memory-cardclean objects="20" bytes="432" />
  <regions eden="24" other="1" />
  <remembered-set-cleared processed="21251" cleared="3" durationms="0.651" />
  <stringconstants candidates="13838" cleared="0"  />
</gc-op>
<gc-op id="1439" type="classunload" timems="0.007" contextid="1435" timestamp="2019-08-09T21:46:11.010">
  <classunload-info classloadercandidates="54" classloadersunloaded="0" classesunloaded="0" anonymousclassesunloaded="0" quiescems="0.000" setupms="0.007" scanms="0.000" postms="0.000" />
</gc-op>
<gc-end id="1440" type="partial gc" contextid="1435" durationms="5.370" usertimems="3.382" systemtimems="2.908" timestamp="2019-08-09T21:46:11.010" activeThreads="1">
  <mem-info id="1441" free="104857600" total="174063616" percent="60">
    <mem type="eden" free="2097096" total="2097152" percent="99" />
    <remembered-set count="24160" freebytes="6862080" totalbytes="6958720" percent="98" regionsoverflowed="0" regionsstable="8" regionsrebuilding="0"/>
  </mem-info>
</gc-end>
<cycle-end id="1442" type="partial gc" contextid="1435" timestamp="2019-08-09T21:46:11.011" />
  <attribute name="elasticGC enabled" value="1" />
  <attribute name= "numThreadsSpecified" value="1" />
  <attribute name="heapSize specified" value="0" />
  <attribute name="Current GC Util" value="101" />
  <attribute name= "Current Time Running" value="184095" />
  <attribute name ="GC Interval" value="0" />
  <attribute name="Target GC Util Change" value ="80.000000" />
  <attribute name="Current GC Util Change" value="101.000000"/>
  <attribute name="Current Error" value="-21.000000" />
  <attribute name="Output H" value="174139272"/>
  <attribute name="Output I" value="1984"/>
  <attribute name="Output T" value="1"/>
  <attribute name= "Current Time Running" value="184095" />
  <attribute name="GC Util currently" value="101" />
  <attribute name="CPU Util currently" value="423671770113" />
<exclusive-end id="1443" timestamp="2019-08-09T21:46:11.011" durationms="7.617" />

<exclusive-start id="1444" timestamp="2019-08-09T21:46:11.053" intervalms="49.194">
  <response-info timems="0.029" idlems="0.029" threads="0" lastid="0000000001DE8F00" lastname="main" />
</exclusive-start>
<allocation-taxation id="1445" taxation-threshold="50331648" timestamp="2019-08-09T21:46:11.053" intervalms="49.294" />
<cycle-start id="1446" type="partial gc" contextid="0" timestamp="2019-08-09T21:46:11.053" intervalms="49.226" />
<gc-start id="1447" type="partial gc" contextid="1446" timestamp="2019-08-09T21:46:11.054">
  <mem-info id="1448" free="54525952" total="174063616" percent="31">
    <mem type="eden" free="2097096" total="52428800" percent="3" />
    <remembered-set count="23680" freebytes="6864000" totalbytes="6958720" percent="98" regionsoverflowed="0" regionsstable="8" regionsrebuilding="0"/>
  </mem-info>
</gc-start>
<allocation-stats totalBytes="50028360" >
  <allocated-bytes non-tlh="0" tlh="50028360" arrayletleaf="0"/>
  <largest-consumer threadName="main" threadId="0000000001DE8F00" bytes="50028360" />
</allocation-stats>
<gc-op id="1449" type="copy forward" timems="50.304" contextid="1446" timestamp="2019-08-09T21:46:11.106">
  <memory-copied type="eden" objects="27" bytes="1936" bytesdiscarded="384" />
  <memory-copied type="other" objects="0" bytes="0" bytesdiscarded="0" />
  <memory-cardclean objects="88" bytes="2440" />
  <regions eden="24" other="1" />
  <remembered-set-cleared processed="21251" cleared="19" durationms="1.173" />
  <stringconstants candidates="13838" cleared="0"  />
</gc-op>
<gc-op id="1450" type="classunload" timems="0.015" contextid="1446" timestamp="2019-08-09T21:46:11.106">
  <classunload-info classloadercandidates="54" classloadersunloaded="0" classesunloaded="0" anonymousclassesunloaded="0" quiescems="0.000" setupms="0.015" scanms="0.000" postms="0.000" />
</gc-op>
<gc-end id="1451" type="partial gc" contextid="1446" durationms="52.844" usertimems="24.035" systemtimems="8.257" timestamp="2019-08-09T21:46:11.107" activeThreads="16">
  <mem-info id="1452" free="104857600" total="174063616" percent="60">
    <mem type="eden" free="2094832" total="2097152" percent="99" />
    <remembered-set count="23552" freebytes="6864512" totalbytes="6958720" percent="98" regionsoverflowed="0" regionsstable="8" regionsrebuilding="0"/>
  </mem-info>
</gc-end>
<cycle-end id="1453" type="partial gc" contextid="1446" timestamp="2019-08-09T21:46:11.107" />
  <attribute name="elasticGC enabled" value="1" />
  <attribute name= "numThreadsSpecified" value="16" />
  <attribute name="heapSize specified" value="0" />
  <attribute name="Current GC Util" value="105" />
  <attribute name= "Current Time Running" value="184142" />
  <attribute name ="GC Interval" value="0" />
  <attribute name="Target GC Util Change" value ="80.000000" />
  <attribute name="Current GC Util Change" value="105.000000"/>
  <attribute name="Current Error" value="25.000000" />
  <attribute name="Output H" value="174139328"/>
  <attribute name="Output I" value="2040"/>
  <attribute name="Output T" value="16"/>
  <attribute name= "Current Time Running" value="184142" />
  <attribute name="GC Util currently" value="105" />
  <attribute name="CPU Util currently" value="684110272504" />
<exclusive-end id="1454" timestamp="2019-08-09T21:46:11.107" durationms="54.295" />

<exclusive-start id="1455" timestamp="2019-08-09T21:46:11.133" intervalms="80.072">
  <response-info timems="0.029" idlems="0.029" threads="0" lastid="0000000001DE8F00" lastname="main" />
</exclusive-start>
<allocation-taxation id="1456" taxation-threshold="50331648" timestamp="2019-08-09T21:46:11.133" intervalms="79.984" />
<cycle-start id="1457" type="partial gc" contextid="0" timestamp="2019-08-09T21:46:11.134" intervalms="80.929" />
<gc-start id="1458" type="partial gc" contextid="1457" timestamp="2019-08-09T21:46:11.135">
  <mem-info id="1459" free="54525952" total="174063616" percent="31">
    <mem type="eden" free="0" total="50331648" percent="0" />
    <remembered-set count="23200" freebytes="6865920" totalbytes="6958720" percent="98" regionsoverflowed="0" regionsstable="8" regionsrebuilding="0"/>
  </mem-info>
</gc-start>
<allocation-stats totalBytes="50011144" >
  <allocated-bytes non-tlh="0" tlh="50011144" arrayletleaf="0"/>
  <largest-consumer threadName="main" threadId="0000000001DE8F00" bytes="50011144" />
</allocation-stats>
<gc-op id="1460" type="copy forward" timems="36.057" contextid="1457" timestamp="2019-08-09T21:46:11.180">
  <memory-copied type="eden" objects="2" bytes="64" bytesdiscarded="0" />
  <memory-copied type="other" objects="26" bytes="1896" bytesdiscarded="656" />
  <memory-cardclean objects="70" bytes="2152" />
  <regions eden="24" other="1" />
  <remembered-set-cleared processed="21253" cleared="21" durationms="0.250" />
  <stringconstants candidates="13838" cleared="0"  />
</gc-op>
<gc-op id="1461" type="classunload" timems="0.152" contextid="1457" timestamp="2019-08-09T21:46:11.181">
  <classunload-info classloadercandidates="54" classloadersunloaded="0" classesunloaded="0" anonymousclassesunloaded="0" quiescems="0.000" setupms="0.152" scanms="0.000" postms="0.000" />
</gc-op>
<heap-resize id="1462" type="expand" space="default" amount="4194304" count="1" timems="0.071" reason="excessive time being spent in gc" timestamp="2019-08-09T21:46:11.181" />
<gc-end id="1463" type="partial gc" contextid="1457" durationms="46.716" usertimems="23.827" systemtimems="14.553" timestamp="2019-08-09T21:46:11.181" activeThreads="16">
  <mem-info id="1464" free="106954752" total="178257920" percent="60">
    <mem type="eden" free="2097088" total="2097152" percent="99" />
    <remembered-set count="25088" freebytes="7026048" totalbytes="7126400" percent="98" regionsoverflowed="0" regionsstable="8" regionsrebuilding="0"/>
  </mem-info>
</gc-end>
<cycle-end id="1465" type="partial gc" contextid="1457" timestamp="2019-08-09T21:46:11.182" />
  <attribute name="elasticGC enabled" value="1" />
  <attribute name= "numThreadsSpecified" value="16" />
  <attribute name="heapSize specified" value="0" />
  <attribute name="Current GC Util" value="19" />
  <attribute name= "Current Time Running" value="184230" />
  <attribute name ="GC Interval" value="0" />
  <attribute name="Target GC Util Change" value ="80.000000" />
  <attribute name="Current GC Util Change" value="19.000000"/>
  <attribute name="Current Error" value="127.000000" />
  <attribute name="Output H" value="174139448"/>
  <attribute name="Output I" value="2160"/>
  <attribute name="Output T" value="16"/>
  <attribute name= "Current Time Running" value="184230" />
  <attribute name="GC Util currently" value="19" />
  <attribute name="CPU Util currently" value="128847135761" />
<exclusive-end id="1466" timestamp="2019-08-09T21:46:11.182" durationms="48.823" />

<exclusive-start id="1467" timestamp="2019-08-09T21:46:11.222" intervalms="89.263">
  <response-info timems="0.127" idlems="0.127" threads="0" lastid="0000000001DE8F00" lastname="main" />
</exclusive-start>
<allocation-taxation id="1468" taxation-threshold="52428800" timestamp="2019-08-09T21:46:11.222" intervalms="89.223" />
<cycle-start id="1469" type="partial gc" contextid="0" timestamp="2019-08-09T21:46:11.223" intervalms="88.200" />
<gc-start id="1470" type="partial gc" contextid="1469" timestamp="2019-08-09T21:46:11.224">
  <mem-info id="1471" free="54525952" total="178257920" percent="30">
    <mem type="eden" free="2097088" total="54525952" percent="3" />
    <remembered-set count="24736" freebytes="7027456" totalbytes="7126400" percent="98" regionsoverflowed="0" regionsstable="8" regionsrebuilding="0"/>
  </mem-info>
</gc-start>
<allocation-stats totalBytes="52100160" >
  <allocated-bytes non-tlh="0" tlh="52100160" arrayletleaf="0"/>
  <largest-consumer threadName="main" threadId="0000000001DE8F00" bytes="52100160" />
</allocation-stats>
<gc-op id="1472" type="copy forward" timems="112.968" contextid="1469" timestamp="2019-08-09T21:46:11.343">
  <memory-copied type="eden" objects="2" bytes="64" bytesdiscarded="0" />
  <memory-copied type="other" objects="0" bytes="0" bytesdiscarded="0" />
  <memory-cardclean objects="10" bytes="424" />
  <regions eden="25" other="1" />
  <remembered-set-cleared processed="21261" cleared="4" durationms="0.764" />
  <stringconstants candidates="13838" cleared="0"  />
</gc-op>
<gc-op id="1473" type="classunload" timems="0.009" contextid="1469" timestamp="2019-08-09T21:46:11.343">
  <classunload-info classloadercandidates="54" classloadersunloaded="0" classesunloaded="0" anonymousclassesunloaded="0" quiescems="0.000" setupms="0.009" scanms="0.000" postms="0.000" />
</gc-op>
<gc-end id="1474" type="partial gc" contextid="1469" durationms="119.416" usertimems="18.418" systemtimems="61.632" timestamp="2019-08-09T21:46:11.343" activeThreads="16">
  <mem-info id="1475" free="106954752" total="178257920" percent="60">
    <mem type="eden" free="2097088" total="2097152" percent="99" />
    <remembered-set count="23808" freebytes="7031168" totalbytes="7126400" percent="98" regionsoverflowed="0" regionsstable="8" regionsrebuilding="0"/>
  </mem-info>
</gc-end>
<cycle-end id="1476" type="partial gc" contextid="1469" timestamp="2019-08-09T21:46:11.344" />
  <attribute name="elasticGC enabled" value="1" />
  <attribute name= "numThreadsSpecified" value="16" />
  <attribute name="heapSize specified" value="0" />
  <attribute name="Current GC Util" value="117" />
  <attribute name= "Current Time Running" value="184317" />
  <attribute name ="GC Interval" value="0" />
  <attribute name="Target GC Util Change" value ="80.000000" />
  <attribute name="Current GC Util Change" value="117.000000"/>
  <attribute name="Current Error" value="-37.000000" />
  <attribute name="Output H" value="178333560"/>
  <attribute name="Output I" value="1968"/>
  <attribute name="Output T" value="16"/>
  <attribute name= "Current Time Running" value="184317" />
  <attribute name="GC Util currently" value="117" />
  <attribute name="CPU Util currently" value="654845398960" />
<exclusive-end id="1477" timestamp="2019-08-09T21:46:11.344" durationms="121.609" />

<exclusive-start id="1478" timestamp="2019-08-09T21:46:11.369" intervalms="146.501">
  <response-info timems="0.026" idlems="0.026" threads="0" lastid="0000000001DE8F00" lastname="main" />
</exclusive-start>
<allocation-taxation id="1479" taxation-threshold="52428800" timestamp="2019-08-09T21:46:11.369" intervalms="146.464" />
<cycle-start id="1480" type="partial gc" contextid="0" timestamp="2019-08-09T21:46:11.369" intervalms="146.531" />
<gc-start id="1481" type="partial gc" contextid="1480" timestamp="2019-08-09T21:46:11.369">
  <mem-info id="1482" free="54525952" total="178257920" percent="30">
    <mem type="eden" free="2097088" total="54525952" percent="3" />
    <remembered-set count="23328" freebytes="7033088" totalbytes="7126400" percent="98" regionsoverflowed="0" regionsstable="8" regionsrebuilding="0"/>
  </mem-info>
</gc-start>
<allocation-stats totalBytes="52100160" >
  <allocated-bytes non-tlh="0" tlh="52100160" arrayletleaf="0"/>
  <largest-consumer threadName="main" threadId="0000000001DE8F00" bytes="52100160" />
</allocation-stats>
<gc-op id="1483" type="copy forward" timems="38.149" contextid="1480" timestamp="2019-08-09T21:46:11.416">
  <memory-copied type="eden" objects="2" bytes="64" bytesdiscarded="0" />
  <memory-copied type="other" objects="0" bytes="0" bytesdiscarded="0" />
  <memory-cardclean objects="10" bytes="424" />
  <regions eden="25" other="1" />
  <remembered-set-cleared processed="21260" cleared="3" durationms="0.328" />
  <stringconstants candidates="13838" cleared="0"  />
</gc-op>
<gc-op id="1484" type="classunload" timems="0.013" contextid="1480" timestamp="2019-08-09T21:46:11.416">
  <classunload-info classloadercandidates="54" classloadersunloaded="0" classesunloaded="0" anonymousclassesunloaded="0" quiescems="0.000" setupms="0.013" scanms="0.000" postms="0.000" />
</gc-op>
<gc-end id="1485" type="partial gc" contextid="1480" durationms="47.957" usertimems="27.097" systemtimems="18.912" timestamp="2019-08-09T21:46:11.417" activeThreads="16">
  <mem-info id="1486" free="106954752" total="178257920" percent="60">
    <mem type="eden" free="2097088" total="2097152" percent="99" />
    <remembered-set count="23808" freebytes="7031168" totalbytes="7126400" percent="98" regionsoverflowed="0" regionsstable="8" regionsrebuilding="0"/>
  </mem-info>
</gc-end>
<cycle-end id="1487" type="partial gc" contextid="1480" timestamp="2019-08-09T21:46:11.418" />
  <attribute name="elasticGC enabled" value="1" />
  <attribute name= "numThreadsSpecified" value="16" />
  <attribute name="heapSize specified" value="0" />
  <attribute name="Current GC Util" value="21" />
  <attribute name= "Current Time Running" value="184464" />
  <attribute name ="GC Interval" value="0" />
  <attribute name="Target GC Util Change" value ="80.000000" />
  <attribute name="Current GC Util Change" value="21.000000"/>
  <attribute name="Current Error" value="46.000000" />
  <attribute name="Output H" value="178333656"/>
  <attribute name="Output I" value="2064"/>
  <attribute name="Output T" value="16"/>
  <attribute name= "Current Time Running" value="184464" />
  <attribute name="GC Util currently" value="21" />
  <attribute name="CPU Util currently" value="157459028679" />
<exclusive-end id="1488" timestamp="2019-08-09T21:46:11.418" durationms="49.062" />

<exclusive-start id="1489" timestamp="2019-08-09T21:46:11.449" intervalms="80.560">
  <response-info timems="0.020" idlems="0.020" threads="0" lastid="0000000001DE8F00" lastname="main" />
</exclusive-start>
<allocation-taxation id="1490" taxation-threshold="52428800" timestamp="2019-08-09T21:46:11.449" intervalms="80.551" />
<cycle-start id="1491" type="partial gc" contextid="0" timestamp="2019-08-09T21:46:11.449" intervalms="80.239" />
<gc-start id="1492" type="partial gc" contextid="1491" timestamp="2019-08-09T21:46:11.450">
  <mem-info id="1493" free="54525952" total="178257920" percent="30">
    <mem type="eden" free="2097088" total="54525952" percent="3" />
    <remembered-set count="23808" freebytes="7031168" totalbytes="7126400" percent="98" regionsoverflowed="0" regionsstable="8" regionsrebuilding="0"/>
  </mem-info>
</gc-start>
<allocation-stats totalBytes="52100160" >
  <allocated-bytes non-tlh="0" tlh="52100160" arrayletleaf="0"/>
  <largest-consumer threadName="main" threadId="0000000001DE8F00" bytes="52100160" />
</allocation-stats>
<gc-op id="1494" type="copy forward" timems="70.610" contextid="1491" timestamp="2019-08-09T21:46:11.522">
  <memory-copied type="eden" objects="2" bytes="64" bytesdiscarded="0" />
  <memory-copied type="other" objects="0" bytes="0" bytesdiscarded="0" />
  <memory-cardclean objects="10" bytes="424" />
  <regions eden="25" other="1" />
  <remembered-set-cleared processed="21261" cleared="4" durationms="0.743" />
  <stringconstants candidates="13838" cleared="0"  />
</gc-op>
<gc-op id="1495" type="classunload" timems="0.016" contextid="1491" timestamp="2019-08-09T21:46:11.522">
  <classunload-info classloadercandidates="54" classloadersunloaded="0" classesunloaded="0" anonymousclassesunloaded="0" quiescems="0.000" setupms="0.016" scanms="0.000" postms="0.000" />
</gc-op>
<gc-end id="1496" type="partial gc" contextid="1491" durationms="72.986" usertimems="20.425" systemtimems="30.000" timestamp="2019-08-09T21:46:11.523" activeThreads="16">
  <mem-info id="1497" free="106954752" total="178257920" percent="60">
    <mem type="eden" free="2097088" total="2097152" percent="99" />
    <remembered-set count="23808" freebytes="7031168" totalbytes="7126400" percent="98" regionsoverflowed="0" regionsstable="8" regionsrebuilding="0"/>
  </mem-info>
</gc-end>
<cycle-end id="1498" type="partial gc" contextid="1491" timestamp="2019-08-09T21:46:11.525" />
  <attribute name="elasticGC enabled" value="1" />
  <attribute name= "numThreadsSpecified" value="16" />
  <attribute name="heapSize specified" value="0" />
  <attribute name="Current GC Util" value="68" />
  <attribute name= "Current Time Running" value="184538" />
  <attribute name ="GC Interval" value="0" />
  <attribute name="Target GC Util Change" value ="80.000000" />
  <attribute name="Current GC Util Change" value="68.000000"/>
  <attribute name="Current Error" value="77.000000" />
  <attribute name="Output H" value="178333688"/>
  <attribute name="Output I" value="2096"/>
  <attribute name="Output T" value="16"/>
  <attribute name= "Current Time Running" value="184538" />
  <attribute name="GC Util currently" value="68" />
  <attribute name="CPU Util currently" value="894439252653" />
<exclusive-end id="1499" timestamp="2019-08-09T21:46:11.533" durationms="83.935" />

<exclusive-start id="1500" timestamp="2019-08-09T21:46:11.570" intervalms="120.790">
  <response-info timems="0.020" idlems="0.020" threads="0" lastid="0000000001DE8F00" lastname="main" />
</exclusive-start>
<allocation-taxation id="1501" taxation-threshold="52428800" timestamp="2019-08-09T21:46:11.570" intervalms="120.787" />
<cycle-start id="1502" type="partial gc" contextid="0" timestamp="2019-08-09T21:46:11.570" intervalms="120.733" />
<gc-start id="1503" type="partial gc" contextid="1502" timestamp="2019-08-09T21:46:11.571">
  <mem-info id="1504" free="54525952" total="178257920" percent="30">
    <mem type="eden" free="2097088" total="54525952" percent="3" />
    <remembered-set count="23328" freebytes="7033088" totalbytes="7126400" percent="98" regionsoverflowed="0" regionsstable="8" regionsrebuilding="0"/>
  </mem-info>
</gc-start>
<allocation-stats totalBytes="52100160" >
  <allocated-bytes non-tlh="0" tlh="52100160" arrayletleaf="0"/>
  <largest-consumer threadName="main" threadId="0000000001DE8F00" bytes="52100160" />
</allocation-stats>
<gc-op id="1505" type="copy forward" timems="65.922" contextid="1502" timestamp="2019-08-09T21:46:11.638">
  <memory-copied type="eden" objects="2" bytes="64" bytesdiscarded="0" />
  <memory-copied type="other" objects="0" bytes="0" bytesdiscarded="0" />
  <memory-cardclean objects="10" bytes="424" />
  <regions eden="25" other="1" />
  <remembered-set-cleared processed="21260" cleared="3" durationms="0.372" />
  <stringconstants candidates="13838" cleared="0"  />
</gc-op>
<gc-op id="1506" type="classunload" timems="0.015" contextid="1502" timestamp="2019-08-09T21:46:11.638">
  <classunload-info classloadercandidates="54" classloadersunloaded="0" classesunloaded="0" anonymousclassesunloaded="0" quiescems="0.000" setupms="0.015" scanms="0.000" postms="0.000" />
</gc-op>
<gc-end id="1507" type="partial gc" contextid="1502" durationms="67.660" usertimems="35.470" systemtimems="47.299" timestamp="2019-08-09T21:46:11.638" activeThreads="16">
  <mem-info id="1508" free="106954752" total="178257920" percent="60">
    <mem type="eden" free="2097088" total="2097152" percent="99" />
    <remembered-set count="23808" freebytes="7031168" totalbytes="7126400" percent="98" regionsoverflowed="0" regionsstable="8" regionsrebuilding="0"/>
  </mem-info>
</gc-end>
<cycle-end id="1509" type="partial gc" contextid="1502" timestamp="2019-08-09T21:46:11.638" />
  <attribute name="elasticGC enabled" value="1" />
  <attribute name= "numThreadsSpecified" value="16" />
  <attribute name="heapSize specified" value="0" />
  <attribute name="Current GC Util" value="81" />
  <attribute name= "Current Time Running" value="184658" />
  <attribute name ="GC Interval" value="0" />
  <attribute name="Target GC Util Change" value ="80.000000" />
  <attribute name="Current GC Util Change" value="81.000000"/>
  <attribute name="Current Error" value="-1.000000" />
  <attribute name="Output H" value="178333600"/>
  <attribute name="Output I" value="2008"/>
  <attribute name="Output T" value="16"/>
  <attribute name= "Current Time Running" value="184658" />
  <attribute name="GC Util currently" value="81" />
  <attribute name="CPU Util currently" value="1613707599698" />
<exclusive-end id="1510" timestamp="2019-08-09T21:46:11.639" durationms="68.646" />

<exclusive-start id="1511" timestamp="2019-08-09T21:46:11.658" intervalms="88.468">
  <response-info timems="0.021" idlems="0.021" threads="0" lastid="0000000001DE8F00" lastname="main" />
</exclusive-start>
<allocation-taxation id="1512" taxation-threshold="52428800" timestamp="2019-08-09T21:46:11.659" intervalms="88.467" />
<cycle-start id="1513" type="partial gc" contextid="0" timestamp="2019-08-09T21:46:11.659" intervalms="88.610" />
<gc-start id="1514" type="partial gc" contextid="1513" timestamp="2019-08-09T21:46:11.659">
  <mem-info id="1515" free="54525952" total="178257920" percent="30">
    <mem type="eden" free="2097088" total="54525952" percent="3" />
    <remembered-set count="23328" freebytes="7033088" totalbytes="7126400" percent="98" regionsoverflowed="0" regionsstable="8" regionsrebuilding="0"/>
  </mem-info>
</gc-start>
<allocation-stats totalBytes="52100160" >
  <allocated-bytes non-tlh="0" tlh="52100160" arrayletleaf="0"/>
  <largest-consumer threadName="main" threadId="0000000001DE8F00" bytes="52100160" />
</allocation-stats>
<gc-op id="1516" type="copy forward" timems="51.652" contextid="1513" timestamp="2019-08-09T21:46:11.712">
  <memory-copied type="eden" objects="2" bytes="64" bytesdiscarded="0" />
  <memory-copied type="other" objects="0" bytes="0" bytesdiscarded="0" />
  <memory-cardclean objects="10" bytes="424" />
  <regions eden="25" other="1" />
  <remembered-set-cleared processed="21260" cleared="3" durationms="0.370" />
  <stringconstants candidates="13838" cleared="0"  />
</gc-op>
<gc-op id="1517" type="classunload" timems="0.012" contextid="1513" timestamp="2019-08-09T21:46:11.712">
  <classunload-info classloadercandidates="54" classloadersunloaded="0" classesunloaded="0" anonymousclassesunloaded="0" quiescems="0.000" setupms="0.012" scanms="0.000" postms="0.000" />
</gc-op>
<gc-end id="1518" type="partial gc" contextid="1513" durationms="52.905" usertimems="17.806" systemtimems="23.069" timestamp="2019-08-09T21:46:11.712" activeThreads="16">
  <mem-info id="1519" free="106954752" total="178257920" percent="60">
    <mem type="eden" free="2097088" total="2097152" percent="99" />
    <remembered-set count="23808" freebytes="7031168" totalbytes="7126400" percent="98" regionsoverflowed="0" regionsstable="8" regionsrebuilding="0"/>
  </mem-info>
</gc-end>
<cycle-end id="1520" type="partial gc" contextid="1513" timestamp="2019-08-09T21:46:11.712" />
  <attribute name="elasticGC enabled" value="1" />
  <attribute name= "numThreadsSpecified" value="16" />
  <attribute name="heapSize specified" value="0" />
  <attribute name="Current GC Util" value="49" />
  <attribute name= "Current Time Running" value="184746" />
  <attribute name ="GC Interval" value="0" />
  <attribute name="Target GC Util Change" value ="80.000000" />
  <attribute name="Current GC Util Change" value="49.000000"/>
  <attribute name="Current Error" value="16.000000" />
  <attribute name="Output H" value="178333624"/>
  <attribute name="Output I" value="2032"/>
  <attribute name="Output T" value="16"/>
  <attribute name= "Current Time Running" value="184746" />
  <attribute name="GC Util currently" value="49" />
  <attribute name="CPU Util currently" value="1851642440931" />
<exclusive-end id="1521" timestamp="2019-08-09T21:46:11.712" durationms="53.678" />

<exclusive-start id="1522" timestamp="2019-08-09T21:46:11.859" intervalms="200.527">
  <response-info timems="0.024" idlems="0.024" threads="0" lastid="0000000001DE8F00" lastname="main" />
</exclusive-start>
<allocation-taxation id="1523" taxation-threshold="52428800" timestamp="2019-08-09T21:46:11.859" intervalms="200.535" />
<cycle-start id="1524" type="partial gc" contextid="0" timestamp="2019-08-09T21:46:11.859" intervalms="200.458" />
<gc-start id="1525" type="partial gc" contextid="1524" timestamp="2019-08-09T21:46:11.859">
  <mem-info id="1526" free="54525952" total="178257920" percent="30">
    <mem type="eden" free="2097088" total="54525952" percent="3" />
    <remembered-set count="23328" freebytes="7033088" totalbytes="7126400" percent="98" regionsoverflowed="0" regionsstable="8" regionsrebuilding="0"/>
  </mem-info>
</gc-start>
<allocation-stats totalBytes="52416352" >
  <allocated-bytes non-tlh="0" tlh="52416352" arrayletleaf="0"/>
  <largest-consumer threadName="main" threadId="0000000001DE8F00" bytes="52416352" />
</allocation-stats>
<gc-op id="1527" type="copy forward" timems="9.775" contextid="1524" timestamp="2019-08-09T21:46:11.870">
  <memory-copied type="eden" objects="153" bytes="5016" bytesdiscarded="1424" />
  <memory-copied type="other" objects="0" bytes="0" bytesdiscarded="0" />
  <memory-cardclean objects="53" bytes="1720" />
  <regions eden="25" other="1" />
  <remembered-set-cleared processed="21260" cleared="18" durationms="0.220" />
  <stringconstants candidates="13838" cleared="0"  />
</gc-op>
<gc-op id="1528" type="classunload" timems="0.009" contextid="1524" timestamp="2019-08-09T21:46:11.870">
  <classunload-info classloadercandidates="54" classloadersunloaded="0" classesunloaded="0" anonymousclassesunloaded="0" quiescems="0.000" setupms="0.009" scanms="0.000" postms="0.000" />
</gc-op>
<gc-end id="1529" type="partial gc" contextid="1524" durationms="10.906" usertimems="15.179" systemtimems="0.000" timestamp="2019-08-09T21:46:11.870" activeThreads="16">
  <mem-info id="1530" free="106954752" total="178257920" percent="60">
    <mem type="eden" free="2090712" total="2097152" percent="99" />
    <remembered-set count="25184" freebytes="7025664" totalbytes="7126400" percent="98" regionsoverflowed="0" regionsstable="8" regionsrebuilding="0"/>
  </mem-info>
</gc-end>
<cycle-end id="1531" type="partial gc" contextid="1524" timestamp="2019-08-09T21:46:11.870" />
  <attribute name="elasticGC enabled" value="1" />
  <attribute name= "numThreadsSpecified" value="16" />
  <attribute name="heapSize specified" value="0" />
  <attribute name="Current GC Util" value="103" />
  <attribute name= "Current Time Running" value="184947" />
  <attribute name ="GC Interval" value="0" />
  <attribute name="Target GC Util Change" value ="80.000000" />
  <attribute name="Current GC Util Change" value="103.000000"/>
  <attribute name="Current Error" value="53.000000" />
  <attribute name="Output H" value="178333664"/>
  <attribute name="Output I" value="2072"/>
  <attribute name="Output T" value="16"/>
  <attribute name= "Current Time Running" value="184947" />
  <attribute name="GC Util currently" value="103" />
  <attribute name="CPU Util currently" value="1640832999873" />
<exclusive-end id="1532" timestamp="2019-08-09T21:46:11.870" durationms="11.491" />

<exclusive-start id="1533" timestamp="2019-08-09T21:46:12.088" intervalms="229.379">
  <response-info timems="0.020" idlems="0.020" threads="0" lastid="0000000001DE8F00" lastname="main" />
</exclusive-start>
<allocation-taxation id="1534" taxation-threshold="52428800" timestamp="2019-08-09T21:46:12.088" intervalms="229.422" />
<cycle-start id="1535" type="partial gc" contextid="0" timestamp="2019-08-09T21:46:12.089" intervalms="229.395" />
<gc-start id="1536" type="partial gc" contextid="1535" timestamp="2019-08-09T21:46:12.089">
  <mem-info id="1537" free="54525952" total="178257920" percent="30">
    <mem type="eden" free="0" total="52428800" percent="0" />
    <remembered-set count="24832" freebytes="7027072" totalbytes="7126400" percent="98" regionsoverflowed="0" regionsstable="8" regionsrebuilding="0"/>
  </mem-info>
</gc-start>
<allocation-stats totalBytes="52421808" >
  <allocated-bytes non-tlh="0" tlh="52421808" arrayletleaf="0"/>
  <largest-consumer threadName="main" threadId="0000000001DE8F00" bytes="52421808" />
</allocation-stats>
<gc-op id="1538" type="copy forward" timems="55.474" contextid="1535" timestamp="2019-08-09T21:46:12.146">
  <memory-copied type="eden" objects="227" bytes="7408" bytesdiscarded="440" />
  <memory-copied type="other" objects="7" bytes="160" bytesdiscarded="0" />
  <memory-cardclean objects="91" bytes="11344" />
  <regions eden="25" other="1" />
  <remembered-set-cleared processed="21277" cleared="46" durationms="1.140" />
  <references type="weak" candidates="37" cleared="0" enqueued="0" />
  <stringconstants candidates="13838" cleared="0"  />
</gc-op>
<gc-op id="1539" type="classunload" timems="0.009" contextid="1535" timestamp="2019-08-09T21:46:12.146">
  <classunload-info classloadercandidates="54" classloadersunloaded="0" classesunloaded="0" anonymousclassesunloaded="0" quiescems="0.000" setupms="0.009" scanms="0.000" postms="0.000" />
</gc-op>
<heap-resize id="1540" type="expand" space="default" amount="6291456" count="1" timems="0.241" reason="excessive time being spent in gc" timestamp="2019-08-09T21:46:12.146" />
<gc-end id="1541" type="partial gc" contextid="1535" durationms="56.940" usertimems="27.469" systemtimems="27.425" timestamp="2019-08-09T21:46:12.146" activeThreads="16">
  <mem-info id="1542" free="111149056" total="184549376" percent="60">
    <mem type="eden" free="2089256" total="2097152" percent="99" />
    <remembered-set count="25120" freebytes="7277440" totalbytes="7377920" percent="98" regionsoverflowed="0" regionsstable="8" regionsrebuilding="0"/>
  </mem-info>
</gc-end>
<cycle-end id="1543" type="partial gc" contextid="1535" timestamp="2019-08-09T21:46:12.146" />
  <attribute name="elasticGC enabled" value="1" />
  <attribute name= "numThreadsSpecified" value="16" />
  <attribute name="heapSize specified" value="0" />
  <attribute name="Current GC Util" value="113" />
  <attribute name= "Current Time Running" value="185176" />
  <attribute name ="GC Interval" value="0" />
  <attribute name="Target GC Util Change" value ="80.000000" />
  <attribute name="Current GC Util Change" value="113.000000"/>
  <attribute name="Current Error" value="-33.000000" />
  <attribute name="Output H" value="178333568"/>
  <attribute name="Output I" value="1976"/>
  <attribute name="Output T" value="16"/>
  <attribute name= "Current Time Running" value="185176" />
  <attribute name="GC Util currently" value="113" />
  <attribute name="CPU Util currently" value="2018405792332" />
<exclusive-end id="1544" timestamp="2019-08-09T21:46:12.146" durationms="57.864" />

<exclusive-start id="1545" timestamp="2019-08-09T21:46:12.258" intervalms="170.000">
  <response-info timems="0.024" idlems="0.024" threads="0" lastid="0000000001DE8F00" lastname="main" />
</exclusive-start>
<allocation-taxation id="1546" taxation-threshold="52428800" timestamp="2019-08-09T21:46:12.258" intervalms="169.968" />
<cycle-start id="1547" type="partial gc" contextid="0" timestamp="2019-08-09T21:46:12.259" intervalms="169.971" />
<gc-start id="1548" type="partial gc" contextid="1547" timestamp="2019-08-09T21:46:12.259">
  <mem-info id="1549" free="58720256" total="184549376" percent="31">
    <mem type="eden" free="0" total="52428800" percent="0" />
    <remembered-set count="24800" freebytes="7278720" totalbytes="7377920" percent="98" regionsoverflowed="0" regionsstable="8" regionsrebuilding="0"/>
  </mem-info>
</gc-start>
<allocation-stats totalBytes="52404104" >
  <allocated-bytes non-tlh="0" tlh="52404104" arrayletleaf="0"/>
  <largest-consumer threadName="main" threadId="0000000001DE8F00" bytes="52404104" />
</allocation-stats>
<gc-op id="1550" type="copy forward" timems="17.270" contextid="1547" timestamp="2019-08-09T21:46:12.277">
  <memory-copied type="eden" objects="22" bytes="888" bytesdiscarded="680" />
  <memory-copied type="other" objects="102" bytes="3496" bytesdiscarded="1304" />
  <memory-cardclean objects="89" bytes="11032" />
  <regions eden="25" other="1" />
  <remembered-set-cleared processed="21290" cleared="54" durationms="0.241" />
  <references type="weak" candidates="37" cleared="0" enqueued="0" />
  <stringconstants candidates="13838" cleared="0"  />
</gc-op>
<gc-op id="1551" type="classunload" timems="0.015" contextid="1547" timestamp="2019-08-09T21:46:12.277">
  <classunload-info classloadercandidates="54" classloadersunloaded="0" classesunloaded="0" anonymousclassesunloaded="0" quiescems="0.000" setupms="0.015" scanms="0.000" postms="0.000" />
</gc-op>
<heap-resize id="1552" type="expand" space="default" amount="4194304" count="1" timems="0.065" reason="excessive time being spent in gc" timestamp="2019-08-09T21:46:12.277" />
<gc-end id="1553" type="partial gc" contextid="1547" durationms="18.521" usertimems="5.039" systemtimems="19.206" timestamp="2019-08-09T21:46:12.277" activeThreads="16">
  <mem-info id="1554" free="113246208" total="188743680" percent="60">
    <mem type="eden" free="2095584" total="2097152" percent="99" />
    <remembered-set count="25152" freebytes="7444992" totalbytes="7545600" percent="98" regionsoverflowed="0" regionsstable="8" regionsrebuilding="0"/>
  </mem-info>
</gc-end>
<cycle-end id="1555" type="partial gc" contextid="1547" timestamp="2019-08-09T21:46:12.278" />
  <attribute name="elasticGC enabled" value="1" />
  <attribute name= "numThreadsSpecified" value="16" />
  <attribute name="heapSize specified" value="0" />
  <attribute name="Current GC Util" value="149" />
  <attribute name= "Current Time Running" value="185346" />
  <attribute name ="GC Interval" value="0" />
  <attribute name="Target GC Util Change" value ="80.000000" />
  <attribute name="Current GC Util Change" value="149.000000"/>
  <attribute name="Current Error" value="-53.000000" />
  <attribute name="Output H" value="184625000"/>
  <attribute name="Output I" value="1952"/>
  <attribute name="Output T" value="16"/>
  <attribute name= "Current Time Running" value="185346" />
  <attribute name="GC Util currently" value="149" />
  <attribute name="CPU Util currently" value="1629619341155" />
<exclusive-end id="1556" timestamp="2019-08-09T21:46:12.278" durationms="19.548" />

<exclusive-start id="1557" timestamp="2019-08-09T21:46:12.328" intervalms="69.868">
  <response-info timems="0.018" idlems="0.018" threads="0" lastid="0000000001DE8F00" lastname="main" />
</exclusive-start>
<allocation-taxation id="1558" taxation-threshold="54525952" timestamp="2019-08-09T21:46:12.328" intervalms="69.850" />
<cycle-start id="1559" type="partial gc" contextid="0" timestamp="2019-08-09T21:46:12.328" intervalms="69.831" />
<gc-start id="1560" type="partial gc" contextid="1559" timestamp="2019-08-09T21:46:12.329">
  <mem-info id="1561" free="58720256" total="188743680" percent="31">
    <mem type="eden" free="0" total="54525952" percent="0" />
    <remembered-set count="24832" freebytes="7446272" totalbytes="7545600" percent="98" regionsoverflowed="0" regionsstable="8" regionsrebuilding="0"/>
  </mem-info>
</gc-start>
<allocation-stats totalBytes="54497928" >
  <allocated-bytes non-tlh="0" tlh="54497928" arrayletleaf="0"/>
  <largest-consumer threadName="main" threadId="0000000001DE8F00" bytes="54497928" />
</allocation-stats>
<gc-op id="1562" type="copy forward" timems="43.911" contextid="1559" timestamp="2019-08-09T21:46:12.375">
  <memory-copied type="eden" objects="6" bytes="400" bytesdiscarded="0" />
  <memory-copied type="other" objects="17" bytes="544" bytesdiscarded="680" />
  <memory-cardclean objects="23" bytes="856" />
  <regions eden="26" other="1" />
  <remembered-set-cleared processed="21287" cleared="13" durationms="0.252" />
  <stringconstants candidates="13838" cleared="0"  />
</gc-op>
<gc-op id="1563" type="classunload" timems="0.016" contextid="1559" timestamp="2019-08-09T21:46:12.375">
  <classunload-info classloadercandidates="54" classloadersunloaded="0" classesunloaded="0" anonymousclassesunloaded="0" quiescems="0.000" setupms="0.016" scanms="0.000" postms="0.000" />
</gc-op>
<heap-resize id="1564" type="expand" space="default" amount="6291456" count="1" timems="0.120" reason="excessive time being spent in gc" timestamp="2019-08-09T21:46:12.375" />
<gc-end id="1565" type="partial gc" contextid="1559" durationms="46.728" usertimems="8.290" systemtimems="21.231" timestamp="2019-08-09T21:46:12.375" activeThreads="16">
  <mem-info id="1566" free="117440512" total="195035136" percent="60">
    <mem type="eden" free="2096752" total="2097152" percent="99" />
    <remembered-set count="24992" freebytes="7697152" totalbytes="7797120" percent="98" regionsoverflowed="0" regionsstable="8" regionsrebuilding="0"/>
  </mem-info>
</gc-end>
<cycle-end id="1567" type="partial gc" contextid="1559" timestamp="2019-08-09T21:46:12.375" />
  <attribute name="elasticGC enabled" value="1" />
  <attribute name= "numThreadsSpecified" value="16" />
  <attribute name="heapSize specified" value="0" />
  <attribute name="Current GC Util" value="58" />
  <attribute name= "Current Time Running" value="185417" />
  <attribute name ="GC Interval" value="0" />
  <attribute name="Target GC Util Change" value ="80.000000" />
  <attribute name="Current GC Util Change" value="58.000000"/>
  <attribute name="Current Error" value="15.000000" />
  <attribute name="Output H" value="188819384"/>
  <attribute name="Output I" value="2032"/>
  <attribute name="Output T" value="16"/>
  <attribute name= "Current Time Running" value="185417" />
  <attribute name="GC Util currently" value="58" />
  <attribute name="CPU Util currently" value="608056886868" />
<exclusive-end id="1568" timestamp="2019-08-09T21:46:12.376" durationms="47.280" />

<exclusive-start id="1569" timestamp="2019-08-09T21:46:12.417" intervalms="89.108">
  <response-info timems="0.026" idlems="0.026" threads="0" lastid="0000000001DE8F00" lastname="main" />
</exclusive-start>
<allocation-taxation id="1570" taxation-threshold="56623104" timestamp="2019-08-09T21:46:12.417" intervalms="89.131" />
<cycle-start id="1571" type="partial gc" contextid="0" timestamp="2019-08-09T21:46:12.418" intervalms="89.164" />
<gc-start id="1572" type="partial gc" contextid="1571" timestamp="2019-08-09T21:46:12.418">
  <mem-info id="1573" free="60817408" total="195035136" percent="31">
    <mem type="eden" free="2096752" total="58720256" percent="3" />
    <remembered-set count="24544" freebytes="7698944" totalbytes="7797120" percent="98" regionsoverflowed="0" regionsstable="8" regionsrebuilding="0"/>
  </mem-info>
</gc-start>
<allocation-stats totalBytes="56593992" >
  <allocated-bytes non-tlh="0" tlh="56593992" arrayletleaf="0"/>
  <largest-consumer threadName="main" threadId="0000000001DE8F00" bytes="56593992" />
</allocation-stats>
<gc-op id="1574" type="copy forward" timems="19.756" contextid="1571" timestamp="2019-08-09T21:46:12.447">
  <memory-copied type="eden" objects="6" bytes="272" bytesdiscarded="0" />
  <memory-copied type="other" objects="0" bytes="0" bytesdiscarded="0" />
  <memory-cardclean objects="14" bytes="472" />
  <regions eden="27" other="1" />
  <remembered-set-cleared processed="21291" cleared="6" durationms="0.272" />
  <stringconstants candidates="13838" cleared="0"  />
</gc-op>
<gc-op id="1575" type="classunload" timems="0.013" contextid="1571" timestamp="2019-08-09T21:46:12.447">
  <classunload-info classloadercandidates="54" classloadersunloaded="0" classesunloaded="0" anonymousclassesunloaded="0" quiescems="0.000" setupms="0.013" scanms="0.000" postms="0.000" />
</gc-op>
<gc-end id="1576" type="partial gc" contextid="1571" durationms="29.265" usertimems="8.917" systemtimems="25.307" timestamp="2019-08-09T21:46:12.447" activeThreads="16">
  <mem-info id="1577" free="117440512" total="195035136" percent="60">
    <mem type="eden" free="2096880" total="2097152" percent="99" />
    <remembered-set count="24032" freebytes="7700992" totalbytes="7797120" percent="98" regionsoverflowed="0" regionsstable="8" regionsrebuilding="0"/>
  </mem-info>
</gc-end>
<cycle-end id="1578" type="partial gc" contextid="1571" timestamp="2019-08-09T21:46:12.448" />
  <attribute name="elasticGC enabled" value="1" />
  <attribute name= "numThreadsSpecified" value="16" />
  <attribute name="heapSize specified" value="0" />
  <attribute name="Current GC Util" value="20" />
  <attribute name= "Current Time Running" value="185514" />
  <attribute name ="GC Interval" value="0" />
  <attribute name="Target GC Util Change" value ="80.000000" />
  <attribute name="Current GC Util Change" value="20.000000"/>
  <attribute name="Current Error" value="60.000000" />
  <attribute name="Output H" value="195110888"/>
  <attribute name="Output I" value="2080"/>
  <attribute name="Output T" value="16"/>
  <attribute name= "Current Time Running" value="185514" />
  <attribute name="GC Util currently" value="20" />
  <attribute name="CPU Util currently" value="129706960633" />
<exclusive-end id="1579" timestamp="2019-08-09T21:46:12.448" durationms="30.727" />

<exclusive-start id="1580" timestamp="2019-08-09T21:46:12.506" intervalms="88.940">
  <response-info timems="0.019" idlems="0.019" threads="0" lastid="0000000001DE8F00" lastname="main" />
</exclusive-start>
<allocation-taxation id="1581" taxation-threshold="56623104" timestamp="2019-08-09T21:46:12.506" intervalms="88.953" />
<cycle-start id="1582" type="partial gc" contextid="0" timestamp="2019-08-09T21:46:12.506" intervalms="88.918" />
<gc-start id="1583" type="partial gc" contextid="1582" timestamp="2019-08-09T21:46:12.507">
  <mem-info id="1584" free="60817408" total="195035136" percent="31">
    <mem type="eden" free="2096880" total="58720256" percent="3" />
    <remembered-set count="24032" freebytes="7700992" totalbytes="7797120" percent="98" regionsoverflowed="0" regionsstable="8" regionsrebuilding="0"/>
  </mem-info>
</gc-start>
<allocation-stats totalBytes="56593952" >
  <allocated-bytes non-tlh="0" tlh="56593952" arrayletleaf="0"/>
  <largest-consumer threadName="main" threadId="0000000001DE8F00" bytes="56593952" />
</allocation-stats>
<gc-op id="1585" type="copy forward" timems="99.448" contextid="1582" timestamp="2019-08-09T21:46:12.607">
  <memory-copied type="eden" objects="6" bytes="384" bytesdiscarded="0" />
  <memory-copied type="other" objects="0" bytes="0" bytesdiscarded="0" />
  <memory-cardclean objects="14" bytes="472" />
  <regions eden="27" other="1" />
  <remembered-set-cleared processed="21290" cleared="5" durationms="0.272" />
  <stringconstants candidates="13838" cleared="0"  />
</gc-op>
<gc-op id="1586" type="classunload" timems="0.010" contextid="1582" timestamp="2019-08-09T21:46:12.607">
  <classunload-info classloadercandidates="54" classloadersunloaded="0" classesunloaded="0" anonymousclassesunloaded="0" quiescems="0.000" setupms="0.010" scanms="0.000" postms="0.000" />
</gc-op>
<gc-end id="1587" type="partial gc" contextid="1582" durationms="100.799" usertimems="19.621" systemtimems="50.591" timestamp="2019-08-09T21:46:12.607" activeThreads="16">
  <mem-info id="1588" free="117440512" total="195035136" percent="60">
    <mem type="eden" free="2096768" total="2097152" percent="99" />
    <remembered-set count="24032" freebytes="7700992" totalbytes="7797120" percent="98" regionsoverflowed="0" regionsstable="8" regionsrebuilding="0"/>
  </mem-info>
</gc-end>
<cycle-end id="1589" type="partial gc" contextid="1582" timestamp="2019-08-09T21:46:12.608" />
  <attribute name="elasticGC enabled" value="1" />
  <attribute name= "numThreadsSpecified" value="16" />
  <attribute name="heapSize specified" value="0" />
  <attribute name="Current GC Util" value="130" />
  <attribute name= "Current Time Running" value="185594" />
  <attribute name ="GC Interval" value="0" />
  <attribute name="Target GC Util Change" value ="80.000000" />
  <attribute name="Current GC Util Change" value="130.000000"/>
  <attribute name="Current Error" value="49.000000" />
  <attribute name="Output H" value="195110872"/>
  <attribute name="Output I" value="2064"/>
  <attribute name="Output T" value="16"/>
  <attribute name= "Current Time Running" value="185594" />
  <attribute name="GC Util currently" value="130" />
  <attribute name="CPU Util currently" value="1588378643050" />
<exclusive-end id="1590" timestamp="2019-08-09T21:46:12.608" durationms="101.605" />

<exclusive-start id="1591" timestamp="2019-08-09T21:46:12.662" intervalms="155.322">
  <response-info timems="0.029" idlems="0.029" threads="0" lastid="0000000001DE8F00" lastname="main" />
</exclusive-start>
<allocation-taxation id="1592" taxation-threshold="56623104" timestamp="2019-08-09T21:46:12.662" intervalms="155.486" />
<cycle-start id="1593" type="partial gc" contextid="0" timestamp="2019-08-09T21:46:12.663" intervalms="156.575" />
<gc-start id="1594" type="partial gc" contextid="1593" timestamp="2019-08-09T21:46:12.663">
  <mem-info id="1595" free="60817408" total="195035136" percent="31">
    <mem type="eden" free="2096768" total="58720256" percent="3" />
    <remembered-set count="24032" freebytes="7700992" totalbytes="7797120" percent="98" regionsoverflowed="0" regionsstable="8" regionsrebuilding="0"/>
  </mem-info>
</gc-start>
<allocation-stats totalBytes="56581912" >
  <allocated-bytes non-tlh="0" tlh="56581912" arrayletleaf="0"/>
  <largest-consumer threadName="main" threadId="0000000001DE8F00" bytes="56581912" />
</allocation-stats>
<gc-op id="1596" type="copy forward" timems="12.328" contextid="1593" timestamp="2019-08-09T21:46:12.677">
  <memory-copied type="eden" objects="28" bytes="1192" bytesdiscarded="280" />
  <memory-copied type="other" objects="0" bytes="0" bytesdiscarded="0" />
  <memory-cardclean objects="57" bytes="1768" />
  <regions eden="27" other="1" />
  <remembered-set-cleared processed="21290" cleared="20" durationms="0.435" />
  <stringconstants candidates="13838" cleared="0"  />
</gc-op>
<gc-op id="1597" type="classunload" timems="0.010" contextid="1593" timestamp="2019-08-09T21:46:12.677">
  <classunload-info classloadercandidates="54" classloadersunloaded="0" classesunloaded="0" anonymousclassesunloaded="0" quiescems="0.000" setupms="0.010" scanms="0.000" postms="0.000" />
</gc-op>
<gc-end id="1598" type="partial gc" contextid="1593" durationms="13.768" usertimems="13.594" systemtimems="7.723" timestamp="2019-08-09T21:46:12.677" activeThreads="8">
  <mem-info id="1599" free="117440512" total="195035136" percent="60">
    <mem type="eden" free="2095680" total="2097152" percent="99" />
    <remembered-set count="24864" freebytes="7697664" totalbytes="7797120" percent="98" regionsoverflowed="0" regionsstable="8" regionsrebuilding="0"/>
  </mem-info>
</gc-end>
<cycle-end id="1600" type="partial gc" contextid="1593" timestamp="2019-08-09T21:46:12.677" />
  <attribute name="elasticGC enabled" value="1" />
  <attribute name= "numThreadsSpecified" value="8" />
  <attribute name="heapSize specified" value="0" />
  <attribute name="Current GC Util" value="183" />
  <attribute name= "Current Time Running" value="185751" />
  <attribute name ="GC Interval" value="0" />
  <attribute name="Target GC Util Change" value ="80.000000" />
  <attribute name="Current GC Util Change" value="183.000000"/>
  <attribute name="Current Error" value="-18.000000" />
  <attribute name="Output H" value="195110800"/>
  <attribute name="Output I" value="1992"/>
  <attribute name="Output T" value="8"/>
  <attribute name= "Current Time Running" value="185751" />
  <attribute name="GC Util currently" value="183" />
  <attribute name="CPU Util currently" value="1659374030713" />
<exclusive-end id="1601" timestamp="2019-08-09T21:46:12.677" durationms="15.734" />

<exclusive-start id="1602" timestamp="2019-08-09T21:46:12.746" intervalms="84.628">
  <response-info timems="0.022" idlems="0.022" threads="0" lastid="0000000001DE8F00" lastname="main" />
</exclusive-start>
<allocation-taxation id="1603" taxation-threshold="56623104" timestamp="2019-08-09T21:46:12.746" intervalms="84.525" />
<cycle-start id="1604" type="partial gc" contextid="0" timestamp="2019-08-09T21:46:12.747" intervalms="83.553" />
<gc-start id="1605" type="partial gc" contextid="1604" timestamp="2019-08-09T21:46:12.747">
  <mem-info id="1606" free="60817408" total="195035136" percent="31">
    <mem type="eden" free="0" total="56623104" percent="0" />
    <remembered-set count="24512" freebytes="7699072" totalbytes="7797120" percent="98" regionsoverflowed="0" regionsstable="8" regionsrebuilding="0"/>
  </mem-info>
</gc-start>
<allocation-stats totalBytes="56570784" >
  <allocated-bytes non-tlh="0" tlh="56570784" arrayletleaf="0"/>
  <largest-consumer threadName="main" threadId="0000000001DE8F00" bytes="56570784" />
</allocation-stats>
<gc-op id="1607" type="copy forward" timems="52.624" contextid="1604" timestamp="2019-08-09T21:46:12.802">
  <memory-copied type="eden" objects="6" bytes="256" bytesdiscarded="0" />
  <memory-copied type="other" objects="22" bytes="944" bytesdiscarded="1048" />
  <memory-cardclean objects="46" bytes="1592" />
  <regions eden="27" other="1" />
  <remembered-set-cleared processed="21293" cleared="23" durationms="0.579" />
  <stringconstants candidates="13838" cleared="0"  />
</gc-op>
<gc-op id="1608" type="classunload" timems="0.017" contextid="1604" timestamp="2019-08-09T21:46:12.802">
  <classunload-info classloadercandidates="54" classloadersunloaded="0" classesunloaded="0" anonymousclassesunloaded="0" quiescems="0.000" setupms="0.017" scanms="0.000" postms="0.000" />
</gc-op>
<heap-resize id="1609" type="expand" space="default" amount="4194304" count="1" timems="0.221" reason="excessive time being spent in gc" timestamp="2019-08-09T21:46:12.803" />
<gc-end id="1610" type="partial gc" contextid="1604" durationms="56.231" usertimems="24.715" systemtimems="21.005" timestamp="2019-08-09T21:46:12.803" activeThreads="16">
  <mem-info id="1611" free="119537664" total="199229440" percent="60">
    <mem type="eden" free="2096896" total="2097152" percent="99" />
    <remembered-set count="25472" freebytes="7862912" totalbytes="7964800" percent="98" regionsoverflowed="0" regionsstable="8" regionsrebuilding="0"/>
  </mem-info>
</gc-end>
<cycle-end id="1612" type="partial gc" contextid="1604" timestamp="2019-08-09T21:46:12.803" />
  <attribute name="elasticGC enabled" value="1" />
  <attribute name= "numThreadsSpecified" value="16" />
  <attribute name="heapSize specified" value="0" />
  <attribute name="Current GC Util" value="245" />
  <attribute name= "Current Time Running" value="185836" />
  <attribute name ="GC Interval" value="0" />
  <attribute name="Target GC Util Change" value ="80.000000" />
  <attribute name="Current GC Util Change" value="245.000000"/>
  <attribute name="Current Error" value="-165.000000" />
  <attribute name="Output H" value="195110632"/>
  <attribute name="Output I" value="1824"/>
  <attribute name="Output T" value="16"/>
  <attribute name= "Current Time Running" value="185836" />
  <attribute name="GC Util currently" value="245" />
  <attribute name="CPU Util currently" value="529557066655" />
<exclusive-end id="1613" timestamp="2019-08-09T21:46:12.803" durationms="57.018" />

<exclusive-start id="1614" timestamp="2019-08-09T21:46:12.925" intervalms="178.439">
  <response-info timems="0.028" idlems="0.028" threads="0" lastid="0000000001DE8F00" lastname="main" />
</exclusive-start>
<allocation-taxation id="1615" taxation-threshold="56623104" timestamp="2019-08-09T21:46:12.927" intervalms="180.657" />
<cycle-start id="1616" type="partial gc" contextid="0" timestamp="2019-08-09T21:46:12.927" intervalms="180.818" />
<gc-start id="1617" type="partial gc" contextid="1616" timestamp="2019-08-09T21:46:12.928">
  <mem-info id="1618" free="62914560" total="199229440" percent="31">
    <mem type="eden" free="2096896" total="58720256" percent="3" />
    <remembered-set count="25472" freebytes="7862912" totalbytes="7964800" percent="98" regionsoverflowed="0" regionsstable="8" regionsrebuilding="0"/>
  </mem-info>
</gc-start>
<allocation-stats totalBytes="56610584" >
  <allocated-bytes non-tlh="0" tlh="56610584" arrayletleaf="0"/>
  <largest-consumer threadName="main" threadId="0000000001DE8F00" bytes="56610584" />
</allocation-stats>
<gc-op id="1619" type="copy forward" timems="12.960" contextid="1616" timestamp="2019-08-09T21:46:12.951">
  <memory-copied type="eden" objects="44" bytes="1968" bytesdiscarded="1040" />
  <memory-copied type="other" objects="0" bytes="0" bytesdiscarded="0" />
  <memory-cardclean objects="57" bytes="1768" />
  <regions eden="27" other="1" />
  <remembered-set-cleared processed="21298" cleared="21" durationms="0.880" />
  <stringconstants candidates="13838" cleared="0"  />
</gc-op>
<gc-op id="1620" type="classunload" timems="0.011" contextid="1616" timestamp="2019-08-09T21:46:12.951">
  <classunload-info classloadercandidates="54" classloadersunloaded="0" classesunloaded="0" anonymousclassesunloaded="0" quiescems="0.000" setupms="0.011" scanms="0.000" postms="0.000" />
</gc-op>
<gc-end id="1621" type="partial gc" contextid="1616" durationms="23.752" usertimems="21.596" systemtimems="4.025" timestamp="2019-08-09T21:46:12.952" activeThreads="16">
  <mem-info id="1622" free="119537664" total="199229440" percent="60">
    <mem type="eden" free="2094144" total="2097152" percent="99" />
    <remembered-set count="26080" freebytes="7860480" totalbytes="7964800" percent="98" regionsoverflowed="0" regionsstable="8" regionsrebuilding="0"/>
  </mem-info>
</gc-end>
<cycle-end id="1623" type="partial gc" contextid="1616" timestamp="2019-08-09T21:46:12.952" />
  <attribute name="elasticGC enabled" value="1" />
  <attribute name= "numThreadsSpecified" value="16" />
  <attribute name="heapSize specified" value="0" />
  <attribute name="Current GC Util" value="53" />
  <attribute name= "Current Time Running" value="186025" />
  <attribute name ="GC Interval" value="0" />
  <attribute name="Target GC Util Change" value ="80.000000" />
  <attribute name="Current GC Util Change" value="53.000000"/>
  <attribute name="Current Error" value="-81.000000" />
  <attribute name="Output H" value="199305032"/>
  <attribute name="Output I" value="1920"/>
  <attribute name="Output T" value="16"/>
  <attribute name= "Current Time Running" value="186025" />
  <attribute name="GC Util currently" value="53" />
  <attribute name="CPU Util currently" value="126443002760" />
<exclusive-end id="1624" timestamp="2019-08-09T21:46:12.952" durationms="27.088" />

<exclusive-start id="1625" timestamp="2019-08-09T21:46:13.534" intervalms="609.243">
  <response-info timems="0.030" idlems="0.030" threads="0" lastid="0000000001DE8F00" lastname="main" />
</exclusive-start>
<allocation-taxation id="1626" taxation-threshold="56623104" timestamp="2019-08-09T21:46:13.536" intervalms="609.416" />
<cycle-start id="1627" type="partial gc" contextid="0" timestamp="2019-08-09T21:46:13.540" intervalms="612.366" />
<gc-start id="1628" type="partial gc" contextid="1627" timestamp="2019-08-09T21:46:13.540">
  <mem-info id="1629" free="62914560" total="199229440" percent="31">
    <mem type="eden" free="0" total="56623104" percent="0" />
    <remembered-set count="25696" freebytes="7862016" totalbytes="7964800" percent="98" regionsoverflowed="0" regionsstable="8" regionsrebuilding="0"/>
  </mem-info>
</gc-start>
<allocation-stats totalBytes="54957352" >
  <allocated-bytes non-tlh="0" tlh="54957352" arrayletleaf="0"/>
  <largest-consumer threadName="main" threadId="0000000001DE8F00" bytes="54957352" />
</allocation-stats>
<gc-op id="1630" type="copy forward" timems="47.426" contextid="1627" timestamp="2019-08-09T21:46:13.603">
  <memory-copied type="eden" objects="67" bytes="39656" bytesdiscarded="2392" />
  <memory-copied type="other" objects="11" bytes="544" bytesdiscarded="1400" />
  <memory-cardclean objects="98" bytes="2784" />
  <regions eden="27" other="1" />
  <remembered-set-cleared processed="21302" cleared="30" durationms="4.608" />
  <stringconstants candidates="13838" cleared="0"  />
</gc-op>
<gc-op id="1631" type="classunload" timems="0.013" contextid="1627" timestamp="2019-08-09T21:46:13.603">
  <classunload-info classloadercandidates="54" classloadersunloaded="0" classesunloaded="0" anonymousclassesunloaded="0" quiescems="0.000" setupms="0.013" scanms="0.000" postms="0.000" />
</gc-op>
<gc-end id="1632" type="partial gc" contextid="1627" durationms="63.106" usertimems="24.361" systemtimems="25.365" timestamp="2019-08-09T21:46:13.603" activeThreads="16">
  <mem-info id="1633" free="117440512" total="199229440" percent="58">
    <mem type="eden" free="2055104" total="2097152" percent="97" />
    <remembered-set count="26080" freebytes="7860480" totalbytes="7964800" percent="98" regionsoverflowed="0" regionsstable="8" regionsrebuilding="0"/>
  </mem-info>
</gc-end>
<cycle-end id="1634" type="partial gc" contextid="1627" timestamp="2019-08-09T21:46:13.603" />
  <attribute name="elasticGC enabled" value="1" />
  <attribute name= "numThreadsSpecified" value="16" />
  <attribute name="heapSize specified" value="0" />
  <attribute name="Current GC Util" value="10" />
  <attribute name= "Current Time Running" value="186642" />
  <attribute name ="GC Interval" value="0" />
  <attribute name="Target GC Util Change" value ="80.000000" />
  <attribute name="Current GC Util Change" value="10.000000"/>
  <attribute name="Current Error" value="66.000000" />
  <attribute name="Output H" value="199305200"/>
  <attribute name="Output I" value="2088"/>
  <attribute name="Output T" value="16"/>
  <attribute name= "Current Time Running" value="186642" />
  <attribute name="GC Util currently" value="10" />
  <attribute name="CPU Util currently" value="100758965145" />
<exclusive-end id="1635" timestamp="2019-08-09T21:46:13.603" durationms="69.553" />

<exclusive-start id="1636" timestamp="2019-08-09T21:46:13.986" intervalms="452.426">
  <response-info timems="0.027" idlems="0.027" threads="0" lastid="0000000001DE8F00" lastname="main" />
</exclusive-start>
<allocation-taxation id="1637" taxation-threshold="56623104" timestamp="2019-08-09T21:46:13.986" intervalms="449.950" />
<cycle-start id="1638" type="partial gc" contextid="0" timestamp="2019-08-09T21:46:13.987" intervalms="447.638" />
<gc-start id="1639" type="partial gc" contextid="1638" timestamp="2019-08-09T21:46:13.988">
  <mem-info id="1640" free="60817408" total="199229440" percent="30">
    <mem type="eden" free="0" total="56623104" percent="0" />
    <remembered-set count="25600" freebytes="7862400" totalbytes="7964800" percent="98" regionsoverflowed="0" regionsstable="8" regionsrebuilding="0"/>
  </mem-info>
</gc-start>
<allocation-stats totalBytes="56617192" >
  <allocated-bytes non-tlh="0" tlh="56617192" arrayletleaf="0"/>
  <largest-consumer threadName="main" threadId="0000000001DE8F00" bytes="56617192" />
</allocation-stats>
<gc-op id="1641" type="copy forward" timems="39.778" contextid="1638" timestamp="2019-08-09T21:46:14.046">
  <memory-copied type="eden" objects="41" bytes="1192" bytesdiscarded="560" />
  <memory-copied type="other" objects="36" bytes="816" bytesdiscarded="672" />
  <memory-cardclean objects="108" bytes="3152" />
  <regions eden="27" other="1" />
  <remembered-set-cleared processed="21315" cleared="39" durationms="1.591" />
  <stringconstants candidates="13838" cleared="0"  />
</gc-op>
<gc-op id="1642" type="classunload" timems="0.010" contextid="1638" timestamp="2019-08-09T21:46:14.046">
  <classunload-info classloadercandidates="54" classloadersunloaded="0" classesunloaded="0" anonymousclassesunloaded="0" quiescems="0.000" setupms="0.010" scanms="0.000" postms="0.000" />
</gc-op>
<gc-end id="1643" type="partial gc" contextid="1638" durationms="58.734" usertimems="22.052" systemtimems="17.912" timestamp="2019-08-09T21:46:14.046" activeThreads="16">
  <mem-info id="1644" free="115343360" total="199229440" percent="57">
    <mem type="eden" free="2095400" total="2097152" percent="99" />
    <remembered-set count="25152" freebytes="7864192" totalbytes="7964800" percent="98" regionsoverflowed="0" regionsstable="8" regionsrebuilding="0"/>
  </mem-info>
</gc-end>
<cycle-end id="1645" type="partial gc" contextid="1638" timestamp="2019-08-09T21:46:14.047" />
  <attribute name="elasticGC enabled" value="1" />
  <attribute name= "numThreadsSpecified" value="16" />
  <attribute name="heapSize specified" value="0" />
  <attribute name="Current GC Util" value="53" />
  <attribute name= "Current Time Running" value="187093" />
  <attribute name ="GC Interval" value="0" />
  <attribute name="Target GC Util Change" value ="80.000000" />
  <attribute name="Current GC Util Change" value="53.000000"/>
  <attribute name="Current Error" value="27.000000" />
  <attribute name="Output H" value="199305152"/>
  <attribute name="Output I" value="2040"/>
  <attribute name="Output T" value="16"/>
  <attribute name= "Current Time Running" value="187093" />
  <attribute name="GC Util currently" value="53" />
  <attribute name="CPU Util currently" value="62568543714" />
<exclusive-end id="1646" timestamp="2019-08-09T21:46:14.047" durationms="60.492" />

<exclusive-start id="1647" timestamp="2019-08-09T21:46:14.134" intervalms="147.227">
  <response-info timems="0.020" idlems="0.020" threads="0" lastid="0000000001DE8F00" lastname="main" />
</exclusive-start>
<allocation-taxation id="1648" taxation-threshold="56623104" timestamp="2019-08-09T21:46:14.134" intervalms="147.219" />
<cycle-start id="1649" type="partial gc" contextid="0" timestamp="2019-08-09T21:46:14.134" intervalms="146.285" />
<gc-start id="1650" type="partial gc" contextid="1649" timestamp="2019-08-09T21:46:14.134">
  <mem-info id="1651" free="58720256" total="199229440" percent="29">
    <mem type="eden" free="0" total="56623104" percent="0" />
    <remembered-set count="24928" freebytes="7865088" totalbytes="7964800" percent="98" regionsoverflowed="0" regionsstable="8" regionsrebuilding="0"/>
  </mem-info>
</gc-start>
<allocation-stats totalBytes="56615600" >
  <allocated-bytes non-tlh="0" tlh="56615600" arrayletleaf="0"/>
  <largest-consumer threadName="main" threadId="0000000001DE8F00" bytes="56615600" />
</allocation-stats>
<gc-op id="1652" type="copy forward" timems="42.311" contextid="1649" timestamp="2019-08-09T21:46:14.178">
  <memory-copied type="eden" objects="44" bytes="1432" bytesdiscarded="0" />
  <memory-copied type="other" objects="29" bytes="760" bytesdiscarded="608" />
  <memory-cardclean objects="74" bytes="2312" />
  <regions eden="27" other="1" />
  <remembered-set-cleared processed="21309" cleared="21" durationms="3.691" />
  <stringconstants candidates="13838" cleared="0"  />
</gc-op>
<gc-op id="1653" type="classunload" timems="0.016" contextid="1649" timestamp="2019-08-09T21:46:14.178">
  <classunload-info classloadercandidates="54" classloadersunloaded="0" classesunloaded="0" anonymousclassesunloaded="0" quiescems="0.000" setupms="0.015" scanms="0.000" postms="0.000" />
</gc-op>
<gc-end id="1654" type="partial gc" contextid="1649" durationms="44.451" usertimems="25.199" systemtimems="13.982" timestamp="2019-08-09T21:46:14.178" activeThreads="16">
  <mem-info id="1655" free="113246208" total="199229440" percent="56">
    <mem type="eden" free="2095720" total="2097152" percent="99" />
    <remembered-set count="25312" freebytes="7863552" totalbytes="7964800" percent="98" regionsoverflowed="0" regionsstable="8" regionsrebuilding="0"/>
  </mem-info>
</gc-end>
<cycle-end id="1656" type="partial gc" contextid="1649" timestamp="2019-08-09T21:46:14.179" />
  <attribute name="elasticGC enabled" value="1" />
  <attribute name= "numThreadsSpecified" value="16" />
  <attribute name="heapSize specified" value="0" />
  <attribute name="Current GC Util" value="48" />
  <attribute name= "Current Time Running" value="187222" />
  <attribute name ="GC Interval" value="0" />
  <attribute name="Target GC Util Change" value ="80.000000" />
  <attribute name="Current GC Util Change" value="48.000000"/>
  <attribute name="Current Error" value="116.000000" />
  <attribute name="Output H" value="199305256"/>
  <attribute name="Output I" value="2144"/>
  <attribute name="Output T" value="16"/>
  <attribute name= "Current Time Running" value="187222" />
  <attribute name="GC Util currently" value="48" />
  <attribute name="CPU Util currently" value="1001178796639" />
<exclusive-end id="1657" timestamp="2019-08-09T21:46:14.179" durationms="45.212" />

<exclusive-start id="1658" timestamp="2019-08-09T21:46:14.307" intervalms="173.206">
  <response-info timems="0.070" idlems="0.070" threads="0" lastid="0000000001DE8F00" lastname="main" />
</exclusive-start>
<allocation-taxation id="1659" taxation-threshold="56623104" timestamp="2019-08-09T21:46:14.307" intervalms="173.646" />
<cycle-start id="1660" type="partial gc" contextid="0" timestamp="2019-08-09T21:46:14.308" intervalms="174.716" />
<gc-start id="1661" type="partial gc" contextid="1660" timestamp="2019-08-09T21:46:14.309">
  <mem-info id="1662" free="56623104" total="199229440" percent="28">
    <mem type="eden" free="0" total="56623104" percent="0" />
    <remembered-set count="24832" freebytes="7865472" totalbytes="7964800" percent="98" regionsoverflowed="0" regionsstable="8" regionsrebuilding="0"/>
  </mem-info>
</gc-start>
<allocation-stats totalBytes="56606160" >
  <allocated-bytes non-tlh="0" tlh="56606160" arrayletleaf="0"/>
  <largest-consumer threadName="main" threadId="0000000001DE8F00" bytes="56606160" />
</allocation-stats>
<gc-op id="1663" type="copy forward" timems="48.135" contextid="1660" timestamp="2019-08-09T21:46:14.359">
  <memory-copied type="eden" objects="33" bytes="1280" bytesdiscarded="568" />
  <memory-copied type="other" objects="6" bytes="136" bytesdiscarded="0" />
  <memory-cardclean objects="57" bytes="1824" />
  <regions eden="27" other="1" />
  <remembered-set-cleared processed="21319" cleared="22" durationms="0.645" />
  <stringconstants candidates="13838" cleared="0"  />
</gc-op>
<gc-op id="1664" type="classunload" timems="0.010" contextid="1660" timestamp="2019-08-09T21:46:14.359">
  <classunload-info classloadercandidates="54" classloadersunloaded="0" classesunloaded="0" anonymousclassesunloaded="0" quiescems="0.000" setupms="0.010" scanms="0.000" postms="0.000" />
</gc-op>
<heap-resize id="1665" type="expand" space="default" amount="20971520" count="1" timems="0.374" reason="excessive time being spent in gc" timestamp="2019-08-09T21:46:14.360" />
<gc-end id="1666" type="partial gc" contextid="1660" durationms="50.927" usertimems="14.717" systemtimems="16.143" timestamp="2019-08-09T21:46:14.360" activeThreads="16">
  <mem-info id="1667" free="132120576" total="220200960" percent="60">
    <mem type="eden" free="2095304" total="2097152" percent="99" />
    <remembered-set count="25984" freebytes="8699264" totalbytes="8803200" percent="98" regionsoverflowed="0" regionsstable="8" regionsrebuilding="0"/>
  </mem-info>
</gc-end>
<cycle-end id="1668" type="partial gc" contextid="1660" timestamp="2019-08-09T21:46:14.360" />
  <attribute name="elasticGC enabled" value="1" />
  <attribute name= "numThreadsSpecified" value="16" />
  <attribute name="heapSize specified" value="0" />
  <attribute name="Current GC Util" value="35" />
  <attribute name= "Current Time Running" value="187398" />
  <attribute name ="GC Interval" value="0" />
  <attribute name="Target GC Util Change" value ="80.000000" />
  <attribute name="Current GC Util Change" value="35.000000"/>
  <attribute name="Current Error" value="219.000000" />
  <attribute name="Output H" value="199305376"/>
  <attribute name="Output I" value="2264"/>
  <attribute name="Output T" value="16"/>
  <attribute name= "Current Time Running" value="187398" />
  <attribute name="GC Util currently" value="35" />
  <attribute name="CPU Util currently" value="599846651263" />
<exclusive-end id="1669" timestamp="2019-08-09T21:46:14.360" durationms="53.370" />

<exclusive-start id="1670" timestamp="2019-08-09T21:46:14.632" intervalms="325.578">
  <response-info timems="0.028" idlems="0.028" threads="0" lastid="0000000001DE8F00" lastname="main" />
</exclusive-start>
<allocation-taxation id="1671" taxation-threshold="62914560" timestamp="2019-08-09T21:46:14.632" intervalms="325.130" />
<cycle-start id="1672" type="partial gc" contextid="0" timestamp="2019-08-09T21:46:14.643" intervalms="334.812" />
<gc-start id="1673" type="partial gc" contextid="1672" timestamp="2019-08-09T21:46:14.659">
  <mem-info id="1674" free="69206016" total="220200960" percent="31">
    <mem type="eden" free="0" total="62914560" percent="0" />
    <remembered-set count="25664" freebytes="8700544" totalbytes="8803200" percent="98" regionsoverflowed="0" regionsstable="8" regionsrebuilding="0"/>
  </mem-info>
</gc-start>
<allocation-stats totalBytes="62903752" >
  <allocated-bytes non-tlh="0" tlh="62903752" arrayletleaf="0"/>
  <largest-consumer threadName="main" threadId="0000000001DE8F00" bytes="62903752" />
</allocation-stats>
<gc-op id="1675" type="copy forward" timems="71.969" contextid="1672" timestamp="2019-08-09T21:46:14.742">
  <memory-copied type="eden" objects="35" bytes="1040" bytesdiscarded="0" />
  <memory-copied type="other" objects="7" bytes="184" bytesdiscarded="632" />
  <memory-cardclean objects="73" bytes="2288" />
  <regions eden="30" other="1" />
  <remembered-set-cleared processed="21325" cleared="25" durationms="0.615" />
  <stringconstants candidates="13838" cleared="0"  />
</gc-op>
<gc-op id="1676" type="classunload" timems="0.013" contextid="1672" timestamp="2019-08-09T21:46:14.742">
  <classunload-info classloadercandidates="54" classloadersunloaded="0" classesunloaded="0" anonymousclassesunloaded="0" quiescems="0.000" setupms="0.013" scanms="0.000" postms="0.000" />
</gc-op>
<heap-resize id="1677" type="expand" space="default" amount="6291456" count="1" timems="0.093" reason="excessive time being spent in gc" timestamp="2019-08-09T21:46:14.742" />
<gc-end id="1678" type="partial gc" contextid="1672" durationms="82.734" usertimems="19.858" systemtimems="54.712" timestamp="2019-08-09T21:46:14.742" activeThreads="16">
  <mem-info id="1679" free="136314880" total="226492416" percent="60">
    <mem type="eden" free="2096112" total="2097152" percent="99" />
    <remembered-set count="24992" freebytes="8954752" totalbytes="9054720" percent="98" regionsoverflowed="0" regionsstable="8" regionsrebuilding="0"/>
  </mem-info>
</gc-end>
<cycle-end id="1680" type="partial gc" contextid="1672" timestamp="2019-08-09T21:46:14.742" />
  <attribute name="elasticGC enabled" value="1" />
  <attribute name= "numThreadsSpecified" value="16" />
  <attribute name="heapSize specified" value="0" />
  <attribute name="Current GC Util" value="6" />
  <attribute name= "Current Time Running" value="187756" />
  <attribute name ="GC Interval" value="0" />
  <attribute name="Target GC Util Change" value ="80.000000" />
  <attribute name="Current GC Util Change" value="6.000000"/>
  <attribute name="Current Error" value="74.000000" />
  <attribute name="Output H" value="220276728"/>
  <attribute name="Output I" value="2096"/>
  <attribute name="Output T" value="16"/>
  <attribute name= "Current Time Running" value="187756" />
  <attribute name="GC Util currently" value="6" />
  <attribute name="CPU Util currently" value="131142709568" />
<exclusive-end id="1681" timestamp="2019-08-09T21:46:14.743" durationms="110.507" />

<exclusive-start id="1682" timestamp="2019-08-09T21:46:14.984" intervalms="352.113">
  <response-info timems="0.020" idlems="0.020" threads="0" lastid="0000000001DE8F00" lastname="main" />
</exclusive-start>
<allocation-taxation id="1683" taxation-threshold="62914560" timestamp="2019-08-09T21:46:14.985" intervalms="352.140" />
<cycle-start id="1684" type="partial gc" contextid="0" timestamp="2019-08-09T21:46:14.985" intervalms="341.419" />
<gc-start id="1685" type="partial gc" contextid="1684" timestamp="2019-08-09T21:46:14.986">
  <mem-info id="1686" free="73400320" total="226492416" percent="32">
    <mem type="eden" free="0" total="62914560" percent="0" />
    <remembered-set count="24672" freebytes="8956032" totalbytes="9054720" percent="98" regionsoverflowed="0" regionsstable="8" regionsrebuilding="0"/>
  </mem-info>
</gc-start>
<allocation-stats totalBytes="62905600" >
  <allocated-bytes non-tlh="0" tlh="62905600" arrayletleaf="0"/>
  <largest-consumer threadName="main" threadId="0000000001DE8F00" bytes="62905600" />
</allocation-stats>
<gc-op id="1687" type="copy forward" timems="36.990" contextid="1684" timestamp="2019-08-09T21:46:15.029">
  <memory-copied type="eden" objects="26" bytes="784" bytesdiscarded="640" />
  <memory-copied type="other" objects="12" bytes="272" bytesdiscarded="736" />
  <memory-cardclean objects="104" bytes="2840" />
  <regions eden="30" other="1" />
  <remembered-set-cleared processed="21328" cleared="25" durationms="0.392" />
  <stringconstants candidates="13838" cleared="0"  />
</gc-op>
<gc-op id="1688" type="classunload" timems="0.014" contextid="1684" timestamp="2019-08-09T21:46:15.029">
  <classunload-info classloadercandidates="54" classloadersunloaded="0" classesunloaded="0" anonymousclassesunloaded="0" quiescems="0.000" setupms="0.014" scanms="0.000" postms="0.000" />
</gc-op>
<heap-resize id="1689" type="expand" space="default" amount="4194304" count="1" timems="0.083" reason="excessive time being spent in gc" timestamp="2019-08-09T21:46:15.030" />
<gc-end id="1690" type="partial gc" contextid="1684" durationms="43.207" usertimems="16.752" systemtimems="15.809" timestamp="2019-08-09T21:46:15.030" activeThreads="16">
  <mem-info id="1691" free="138412032" total="230686720" percent="60">
    <mem type="eden" free="2095728" total="2097152" percent="99" />
    <remembered-set count="25120" freebytes="9121920" totalbytes="9222400" percent="98" regionsoverflowed="0" regionsstable="8" regionsrebuilding="0"/>
  </mem-info>
</gc-end>
<cycle-end id="1692" type="partial gc" contextid="1684" timestamp="2019-08-09T21:46:15.030" />
  <attribute name="elasticGC enabled" value="1" />
  <attribute name= "numThreadsSpecified" value="16" />
  <attribute name="heapSize specified" value="0" />
  <attribute name="Current GC Util" value="10" />
  <attribute name= "Current Time Running" value="188079" />
  <attribute name ="GC Interval" value="0" />
  <attribute name="Target GC Util Change" value ="80.000000" />
  <attribute name="Current GC Util Change" value="10.000000"/>
  <attribute name="Current Error" value="199.000000" />
  <attribute name="Output H" value="226568328"/>
  <attribute name="Output I" value="2240"/>
  <attribute name="Output T" value="16"/>
  <attribute name= "Current Time Running" value="188079" />
  <attribute name="GC Util currently" value="10" />
  <attribute name="CPU Util currently" value="216750209681" />
<exclusive-end id="1693" timestamp="2019-08-09T21:46:15.030" durationms="45.890" />

<exclusive-start id="1694" timestamp="2019-08-09T21:46:15.301" intervalms="316.654">
  <response-info timems="0.021" idlems="0.021" threads="0" lastid="0000000001DE8F00" lastname="main" />
</exclusive-start>
<allocation-taxation id="1695" taxation-threshold="65011712" timestamp="2019-08-09T21:46:15.301" intervalms="316.651" />
<cycle-start id="1696" type="partial gc" contextid="0" timestamp="2019-08-09T21:46:15.301" intervalms="316.654" />
<gc-start id="1697" type="partial gc" contextid="1696" timestamp="2019-08-09T21:46:15.302">
  <mem-info id="1698" free="73400320" total="230686720" percent="31">
    <mem type="eden" free="0" total="65011712" percent="0" />
    <remembered-set count="24768" freebytes="9123328" totalbytes="9222400" percent="98" regionsoverflowed="0" regionsstable="8" regionsrebuilding="0"/>
  </mem-info>
</gc-start>
<allocation-stats totalBytes="65008680" >
  <allocated-bytes non-tlh="0" tlh="65008680" arrayletleaf="0"/>
  <largest-consumer threadName="main" threadId="0000000001DE8F00" bytes="65008680" />
</allocation-stats>
<gc-op id="1699" type="copy forward" timems="46.801" contextid="1696" timestamp="2019-08-09T21:46:15.350">
  <memory-copied type="eden" objects="25" bytes="736" bytesdiscarded="640" />
  <memory-copied type="other" objects="12" bytes="272" bytesdiscarded="1360" />
  <memory-cardclean objects="76" bytes="2136" />
  <regions eden="31" other="1" />
  <remembered-set-cleared processed="21334" cleared="24" durationms="0.278" />
  <stringconstants candidates="13838" cleared="0"  />
</gc-op>
<gc-op id="1700" type="classunload" timems="0.011" contextid="1696" timestamp="2019-08-09T21:46:15.350">
  <classunload-info classloadercandidates="54" classloadersunloaded="0" classesunloaded="0" anonymousclassesunloaded="0" quiescems="0.000" setupms="0.010" scanms="0.000" postms="0.000" />
</gc-op>
<heap-resize id="1701" type="expand" space="default" amount="6291456" count="1" timems="0.081" reason="excessive time being spent in gc" timestamp="2019-08-09T21:46:15.350" />
<gc-end id="1702" type="partial gc" contextid="1696" durationms="48.701" usertimems="24.480" systemtimems="25.975" timestamp="2019-08-09T21:46:15.350" activeThreads="16">
  <mem-info id="1703" free="142606336" total="236978176" percent="60">
    <mem type="eden" free="2095776" total="2097152" percent="99" />
    <remembered-set count="25696" freebytes="9371136" totalbytes="9473920" percent="98" regionsoverflowed="0" regionsstable="8" regionsrebuilding="0"/>
  </mem-info>
</gc-end>
<cycle-end id="1704" type="partial gc" contextid="1696" timestamp="2019-08-09T21:46:15.350" />
  <attribute name="elasticGC enabled" value="1" />
  <attribute name= "numThreadsSpecified" value="16" />
  <attribute name="heapSize specified" value="0" />
  <attribute name="Current GC Util" value="54" />
  <attribute name= "Current Time Running" value="188389" />
  <attribute name ="GC Interval" value="0" />
  <attribute name="Target GC Util Change" value ="80.000000" />
  <attribute name="Current GC Util Change" value="54.000000"/>
  <attribute name="Current Error" value="295.000000" />
  <attribute name="Output H" value="230762744"/>
  <attribute name="Output I" value="2352"/>
  <attribute name="Output T" value="16"/>
  <attribute name= "Current Time Running" value="188389" />
  <attribute name="GC Util currently" value="54" />
  <attribute name="CPU Util currently" value="1111689988567" />
<exclusive-end id="1705" timestamp="2019-08-09T21:46:15.351" durationms="49.400" />

<exclusive-start id="1706" timestamp="2019-08-09T21:46:15.790" intervalms="488.908">
  <response-info timems="0.024" idlems="0.024" threads="0" lastid="0000000001DE8F00" lastname="main" />
</exclusive-start>
<allocation-taxation id="1707" taxation-threshold="67108864" timestamp="2019-08-09T21:46:15.790" intervalms="488.895" />
<cycle-start id="1708" type="partial gc" contextid="0" timestamp="2019-08-09T21:46:15.791" intervalms="489.376" />
<gc-start id="1709" type="partial gc" contextid="1708" timestamp="2019-08-09T21:46:15.792">
  <mem-info id="1710" free="75497472" total="236978176" percent="31">
    <mem type="eden" free="0" total="67108864" percent="0" />
    <remembered-set count="9088" freebytes="9437568" totalbytes="9473920" percent="99" regionsoverflowed="0" regionsstable="9" regionsrebuilding="0"/>
  </mem-info>
</gc-start>
<allocation-stats totalBytes="67103840" >
  <allocated-bytes non-tlh="0" tlh="67103840" arrayletleaf="0"/>
  <largest-consumer threadName="main" threadId="0000000001DE8F00" bytes="67103840" />
</allocation-stats>
<gc-op id="1711" type="copy forward" timems="13.626" contextid="1708" timestamp="2019-08-09T21:46:15.825">
  <memory-copied type="eden" objects="54" bytes="1448" bytesdiscarded="136" />
  <memory-copied type="other" objects="12" bytes="272" bytesdiscarded="528" />
  <memory-cardclean objects="101" bytes="2680" />
  <regions eden="32" other="1" />
  <remembered-set-cleared processed="4922" cleared="17" durationms="0.156" />
  <stringconstants candidates="13838" cleared="0"  />
</gc-op>
<gc-op id="1712" type="classunload" timems="0.011" contextid="1708" timestamp="2019-08-09T21:46:15.825">
  <classunload-info classloadercandidates="54" classloadersunloaded="0" classesunloaded="0" anonymousclassesunloaded="0" quiescems="0.000" setupms="0.011" scanms="0.000" postms="0.000" />
</gc-op>
<heap-resize id="1713" type="expand" space="default" amount="4194304" count="1" timems="0.082" reason="excessive time being spent in gc" timestamp="2019-08-09T21:46:15.826" />
<gc-end id="1714" type="partial gc" contextid="1708" durationms="34.078" usertimems="15.817" systemtimems="25.019" timestamp="2019-08-09T21:46:15.826" activeThreads="16">
  <mem-info id="1715" free="144703488" total="241172480" percent="60">
    <mem type="eden" free="2095568" total="2097152" percent="99" />
    <remembered-set count="9728" freebytes="9602688" totalbytes="9641600" percent="99" regionsoverflowed="0" regionsstable="9" regionsrebuilding="0"/>
  </mem-info>
</gc-end>
<cycle-end id="1716" type="partial gc" contextid="1708" timestamp="2019-08-09T21:46:15.826" />
  <attribute name="elasticGC enabled" value="1" />
  <attribute name= "numThreadsSpecified" value="16" />
  <attribute name="heapSize specified" value="0" />
  <attribute name="Current GC Util" value="12" />
  <attribute name= "Current Time Running" value="188898" />
  <attribute name ="GC Interval" value="0" />
  <attribute name="Target GC Util Change" value ="80.000000" />
  <attribute name="Current GC Util Change" value="12.000000"/>
  <attribute name="Current Error" value="68.000000" />
  <attribute name="Output H" value="237053936"/>
  <attribute name="Output I" value="2088"/>
  <attribute name="Output T" value="16"/>
  <attribute name= "Current Time Running" value="188898" />
  <attribute name="GC Util currently" value="12" />
  <attribute name="CPU Util currently" value="58322078310" />
<exclusive-end id="1717" timestamp="2019-08-09T21:46:15.826" durationms="35.953" />

<exclusive-start id="1718" timestamp="2019-08-09T21:46:16.061" intervalms="271.073">
  <response-info timems="0.124" idlems="0.124" threads="0" lastid="0000000001DE8F00" lastname="main" />
</exclusive-start>
<allocation-taxation id="1719" taxation-threshold="67108864" timestamp="2019-08-09T21:46:16.061" intervalms="271.106" />
<cycle-start id="1720" type="partial gc" contextid="0" timestamp="2019-08-09T21:46:16.063" intervalms="271.923" />
<gc-start id="1721" type="partial gc" contextid="1720" timestamp="2019-08-09T21:46:16.067">
  <mem-info id="1722" free="77594624" total="241172480" percent="32">
    <mem type="eden" free="0" total="67108864" percent="0" />
    <remembered-set count="9728" freebytes="9602688" totalbytes="9641600" percent="99" regionsoverflowed="0" regionsstable="9" regionsrebuilding="0"/>
  </mem-info>
</gc-start>
<allocation-stats totalBytes="67104248" >
  <allocated-bytes non-tlh="0" tlh="67104248" arrayletleaf="0"/>
  <largest-consumer threadName="main" threadId="0000000001DE8F00" bytes="67104248" />
</allocation-stats>
<gc-op id="1723" type="copy forward" timems="65.724" contextid="1720" timestamp="2019-08-09T21:46:16.142">
  <memory-copied type="eden" objects="27" bytes="832" bytesdiscarded="0" />
  <memory-copied type="other" objects="30" bytes="680" bytesdiscarded="0" />
  <memory-cardclean objects="76" bytes="2184" />
  <regions eden="32" other="1" />
  <remembered-set-cleared processed="4926" cleared="16" durationms="0.534" />
  <stringconstants candidates="13838" cleared="0"  />
</gc-op>
<gc-op id="1724" type="classunload" timems="0.012" contextid="1720" timestamp="2019-08-09T21:46:16.142">
  <classunload-info classloadercandidates="54" classloadersunloaded="0" classesunloaded="0" anonymousclassesunloaded="0" quiescems="0.000" setupms="0.012" scanms="0.000" postms="0.000" />
</gc-op>
<gc-end id="1725" type="partial gc" contextid="1720" durationms="75.972" usertimems="25.990" systemtimems="36.540" timestamp="2019-08-09T21:46:16.143" activeThreads="16">
  <mem-info id="1726" free="142606336" total="241172480" percent="59">
    <mem type="eden" free="2096320" total="2097152" percent="99" />
    <remembered-set count="8320" freebytes="9608320" totalbytes="9641600" percent="99" regionsoverflowed="0" regionsstable="9" regionsrebuilding="0"/>
  </mem-info>
</gc-end>
<cycle-end id="1727" type="partial gc" contextid="1720" timestamp="2019-08-09T21:46:16.143" />
  <attribute name="elasticGC enabled" value="1" />
  <attribute name= "numThreadsSpecified" value="16" />
  <attribute name="heapSize specified" value="0" />
  <attribute name="Current GC Util" value="24" />
  <attribute name= "Current Time Running" value="189163" />
  <attribute name ="GC Interval" value="0" />
  <attribute name="Target GC Util Change" value ="80.000000" />
  <attribute name="Current GC Util Change" value="24.000000"/>
  <attribute name="Current Error" value="189.000000" />
  <attribute name="Output H" value="241248384"/>
  <attribute name="Output I" value="2232"/>
  <attribute name="Output T" value="16"/>
  <attribute name= "Current Time Running" value="189163" />
  <attribute name="GC Util currently" value="24" />
  <attribute name="CPU Util currently" value="122010572626" />
<exclusive-end id="1728" timestamp="2019-08-09T21:46:16.143" durationms="81.983" />

<exclusive-start id="1729" timestamp="2019-08-09T21:46:16.578" intervalms="517.010">
  <response-info timems="0.025" idlems="0.025" threads="0" lastid="0000000001DE8F00" lastname="main" />
</exclusive-start>
<allocation-taxation id="1730" taxation-threshold="67108864" timestamp="2019-08-09T21:46:16.582" intervalms="520.958" />
<cycle-start id="1731" type="partial gc" contextid="0" timestamp="2019-08-09T21:46:16.595" intervalms="532.689" />
<gc-start id="1732" type="partial gc" contextid="1731" timestamp="2019-08-09T21:46:16.595">
  <mem-info id="1733" free="75497472" total="241172480" percent="31">
    <mem type="eden" free="0" total="67108864" percent="0" />
    <remembered-set count="8032" freebytes="9609472" totalbytes="9641600" percent="99" regionsoverflowed="0" regionsstable="9" regionsrebuilding="0"/>
  </mem-info>
</gc-start>
<allocation-stats totalBytes="67075872" >
  <allocated-bytes non-tlh="0" tlh="67075872" arrayletleaf="0"/>
  <largest-consumer threadName="main" threadId="0000000001DE8F00" bytes="67075872" />
</allocation-stats>
<gc-op id="1734" type="copy forward" timems="72.758" contextid="1731" timestamp="2019-08-09T21:46:16.702">
  <memory-copied type="eden" objects="49" bytes="3072" bytesdiscarded="600" />
  <memory-copied type="other" objects="6" bytes="136" bytesdiscarded="0" />
  <memory-cardclean objects="53" bytes="1544" />
  <regions eden="32" other="1" />
  <remembered-set-cleared processed="4931" cleared="11" durationms="0.179" />
  <stringconstants candidates="13838" cleared="0"  />
</gc-op>
<gc-op id="1735" type="classunload" timems="0.028" contextid="1731" timestamp="2019-08-09T21:46:16.702">
  <classunload-info classloadercandidates="54" classloadersunloaded="0" classesunloaded="0" anonymousclassesunloaded="0" quiescems="0.000" setupms="0.028" scanms="0.000" postms="0.000" />
</gc-op>
<heap-resize id="1736" type="expand" space="default" amount="10485760" count="1" timems="0.112" reason="excessive time being spent in gc" timestamp="2019-08-09T21:46:16.702" />
<gc-end id="1737" type="partial gc" contextid="1731" durationms="106.588" usertimems="23.167" systemtimems="54.696" timestamp="2019-08-09T21:46:16.702" activeThreads="16">
  <mem-info id="1738" free="150994944" total="251658240" percent="60">
    <mem type="eden" free="2093480" total="2097152" percent="99" />
    <remembered-set count="8416" freebytes="10027136" totalbytes="10060800" percent="99" regionsoverflowed="0" regionsstable="9" regionsrebuilding="0"/>
  </mem-info>
</gc-end>
<cycle-end id="1739" type="partial gc" contextid="1731" timestamp="2019-08-09T21:46:16.702" />
  <attribute name="elasticGC enabled" value="1" />
  <attribute name= "numThreadsSpecified" value="16" />
  <attribute name="heapSize specified" value="0" />
  <attribute name="Current GC Util" value="19" />
  <attribute name= "Current Time Running" value="189715" />
  <attribute name ="GC Interval" value="0" />
  <attribute name="Target GC Util Change" value ="80.000000" />
  <attribute name="Current GC Util Change" value="19.000000"/>
  <attribute name="Current Error" value="318.000000" />
  <attribute name="Output H" value="241248528"/>
  <attribute name="Output I" value="2376"/>
  <attribute name="Output T" value="16"/>
  <attribute name= "Current Time Running" value="189715" />
  <attribute name="GC Util currently" value="19" />
  <attribute name="CPU Util currently" value="34876132849" />
<exclusive-end id="1740" timestamp="2019-08-09T21:46:16.702" durationms="124.160" />

<exclusive-start id="1741" timestamp="2019-08-09T21:46:17.029" intervalms="451.248">
  <response-info timems="0.026" idlems="0.026" threads="0" lastid="0000000001DE8F00" lastname="main" />
</exclusive-start>
<allocation-taxation id="1742" taxation-threshold="69206016" timestamp="2019-08-09T21:46:17.029" intervalms="447.268" />
<cycle-start id="1743" type="partial gc" contextid="0" timestamp="2019-08-09T21:46:17.029" intervalms="434.217" />
<gc-start id="1744" type="partial gc" contextid="1743" timestamp="2019-08-09T21:46:17.030">
  <mem-info id="1745" free="81788928" total="251658240" percent="32">
    <mem type="eden" free="0" total="69206016" percent="0" />
    <remembered-set count="8064" freebytes="10028544" totalbytes="10060800" percent="99" regionsoverflowed="0" regionsstable="9" regionsrebuilding="0"/>
  </mem-info>
</gc-start>
<allocation-stats totalBytes="69171512" >
  <allocated-bytes non-tlh="0" tlh="69171512" arrayletleaf="0"/>
  <largest-consumer threadName="main" threadId="0000000001DE8F00" bytes="69171512" />
</allocation-stats>
<gc-op id="1746" type="copy forward" timems="25.074" contextid="1743" timestamp="2019-08-09T21:46:17.056">
  <memory-copied type="eden" objects="31" bytes="1448" bytesdiscarded="1344" />
  <memory-copied type="other" objects="24" bytes="544" bytesdiscarded="1376" />
  <memory-cardclean objects="68" bytes="10224" />
  <regions eden="33" other="2" />
  <remembered-set-cleared processed="4934" cleared="22" durationms="0.221" />
  <references type="weak" candidates="2" cleared="0" enqueued="0" />
  <stringconstants candidates="13838" cleared="0"  />
</gc-op>
<gc-op id="1747" type="classunload" timems="0.016" contextid="1743" timestamp="2019-08-09T21:46:17.056">
  <classunload-info classloadercandidates="54" classloadersunloaded="0" classesunloaded="0" anonymousclassesunloaded="0" quiescems="0.000" setupms="0.016" scanms="0.000" postms="0.000" />
</gc-op>
<heap-resize id="1748" type="expand" space="default" amount="6291456" count="1" timems="0.107" reason="excessive time being spent in gc" timestamp="2019-08-09T21:46:17.057" />
<gc-end id="1749" type="partial gc" contextid="1743" durationms="26.975" usertimems="12.050" systemtimems="4.331" timestamp="2019-08-09T21:46:17.057" activeThreads="16">
  <mem-info id="1750" free="155189248" total="257949696" percent="60">
    <mem type="eden" free="2094360" total="2097152" percent="99" />
    <remembered-set count="9760" freebytes="10273280" totalbytes="10312320" percent="99" regionsoverflowed="0" regionsstable="9" regionsrebuilding="0"/>
  </mem-info>
</gc-end>
<cycle-end id="1751" type="partial gc" contextid="1743" timestamp="2019-08-09T21:46:17.058" />
  <attribute name="elasticGC enabled" value="1" />
  <attribute name= "numThreadsSpecified" value="16" />
  <attribute name="heapSize specified" value="0" />
  <attribute name="Current GC Util" value="65" />
  <attribute name= "Current Time Running" value="190117" />
  <attribute name ="GC Interval" value="0" />
  <attribute name="Target GC Util Change" value ="80.000000" />
  <attribute name="Current GC Util Change" value="65.000000"/>
  <attribute name="Current Error" value="15.000000" />
  <attribute name="Output H" value="251733944"/>
  <attribute name="Output I" value="2032"/>
  <attribute name="Output T" value="16"/>
  <attribute name= "Current Time Running" value="190117" />
  <attribute name="GC Util currently" value="65" />
  <attribute name="CPU Util currently" value="1371664987727" />
<exclusive-end id="1752" timestamp="2019-08-09T21:46:17.058" durationms="28.629" />

<exclusive-start id="1753" timestamp="2019-08-09T21:46:17.142" intervalms="112.857">
  <response-info timems="0.028" idlems="0.028" threads="0" lastid="0000000001DE8F00" lastname="main" />
</exclusive-start>
<allocation-taxation id="1754" taxation-threshold="71303168" timestamp="2019-08-09T21:46:17.142" intervalms="112.865" />
<cycle-start id="1755" type="partial gc" contextid="0" timestamp="2019-08-09T21:46:17.143" intervalms="113.473" />
<gc-start id="1756" type="partial gc" contextid="1755" timestamp="2019-08-09T21:46:17.143">
  <mem-info id="1757" free="83886080" total="257949696" percent="32">
    <mem type="eden" free="0" total="71303168" percent="0" />
    <remembered-set count="9760" freebytes="10273280" totalbytes="10312320" percent="99" regionsoverflowed="0" regionsstable="9" regionsrebuilding="0"/>
  </mem-info>
</gc-start>
<allocation-stats totalBytes="71176320" >
  <allocated-bytes non-tlh="0" tlh="71176320" arrayletleaf="0"/>
  <largest-consumer threadName="main" threadId="0000000001DE8F00" bytes="71176320" />
</allocation-stats>
<gc-op id="1758" type="copy forward" timems="104.402" contextid="1755" timestamp="2019-08-09T21:46:17.252">
  <memory-copied type="eden" objects="4" bytes="104" bytesdiscarded="0" />
  <memory-copied type="other" objects="47" bytes="1808" bytesdiscarded="1344" />
  <memory-cardclean objects="50" bytes="9888" />
  <regions eden="34" other="2" />
  <remembered-set-cleared processed="4940" cleared="23" durationms="0.290" />
  <references type="weak" candidates="2" cleared="0" enqueued="0" />
  <stringconstants candidates="13838" cleared="0"  />
</gc-op>
<gc-op id="1759" type="classunload" timems="0.033" contextid="1755" timestamp="2019-08-09T21:46:17.252">
  <classunload-info classloadercandidates="54" classloadersunloaded="0" classesunloaded="0" anonymousclassesunloaded="0" quiescems="0.000" setupms="0.033" scanms="0.000" postms="0.000" />
</gc-op>
<heap-resize id="1760" type="expand" space="default" amount="4194304" count="1" timems="0.110" reason="excessive time being spent in gc" timestamp="2019-08-09T21:46:17.252" />
<gc-end id="1761" type="partial gc" contextid="1755" durationms="109.170" usertimems="32.867" systemtimems="56.092" timestamp="2019-08-09T21:46:17.252" activeThreads="16">
  <mem-info id="1762" free="157286400" total="262144000" percent="60">
    <mem type="eden" free="2097048" total="2097152" percent="99" />
    <remembered-set count="9824" freebytes="10440704" totalbytes="10480000" percent="99" regionsoverflowed="0" regionsstable="9" regionsrebuilding="0"/>
  </mem-info>
</gc-end>
<cycle-end id="1763" type="partial gc" contextid="1755" timestamp="2019-08-09T21:46:17.253" />
  <attribute name="elasticGC enabled" value="1" />
  <attribute name= "numThreadsSpecified" value="16" />
  <attribute name="heapSize specified" value="0" />
  <attribute name="Current GC Util" value="22" />
  <attribute name= "Current Time Running" value="190234" />
  <attribute name ="GC Interval" value="0" />
  <attribute name="Target GC Util Change" value ="80.000000" />
  <attribute name="Current GC Util Change" value="22.000000"/>
  <attribute name="Current Error" value="139.000000" />
  <attribute name="Output H" value="258025536"/>
  <attribute name="Output I" value="2168"/>
  <attribute name="Output T" value="16"/>
  <attribute name= "Current Time Running" value="190234" />
  <attribute name="GC Util currently" value="22" />
  <attribute name="CPU Util currently" value="301418241227" />
<exclusive-end id="1764" timestamp="2019-08-09T21:46:17.253" durationms="110.750" />

<exclusive-start id="1765" timestamp="2019-08-09T21:46:17.331" intervalms="188.756">
  <response-info timems="0.023" idlems="0.023" threads="0" lastid="0000000001DE8F00" lastname="main" />
</exclusive-start>
<allocation-taxation id="1766" taxation-threshold="73400320" timestamp="2019-08-09T21:46:17.331" intervalms="188.769" />
<cycle-start id="1767" type="partial gc" contextid="0" timestamp="2019-08-09T21:46:17.332" intervalms="189.014" />
<gc-start id="1768" type="partial gc" contextid="1767" timestamp="2019-08-09T21:46:17.332">
  <mem-info id="1769" free="83886080" total="262144000" percent="32">
    <mem type="eden" free="2097048" total="75497472" percent="2" />
    <remembered-set count="9408" freebytes="10442368" totalbytes="10480000" percent="99" regionsoverflowed="0" regionsstable="9" regionsrebuilding="0"/>
  </mem-info>
</gc-start>
<allocation-stats totalBytes="73271136" >
  <allocated-bytes non-tlh="0" tlh="73271136" arrayletleaf="0"/>
  <largest-consumer threadName="main" threadId="0000000001DE8F00" bytes="73271136" />
</allocation-stats>
<gc-op id="1770" type="copy forward" timems="21.572" contextid="1767" timestamp="2019-08-09T21:46:17.363">
  <memory-copied type="eden" objects="3" bytes="72" bytesdiscarded="720" />
  <memory-copied type="other" objects="29" bytes="1400" bytesdiscarded="1872" />
  <memory-cardclean objects="42" bytes="9680" />
  <regions eden="35" other="2" />
  <remembered-set-cleared processed="4940" cleared="19" durationms="0.315" />
  <references type="weak" candidates="2" cleared="0" enqueued="0" />
  <stringconstants candidates="13838" cleared="0"  />
</gc-op>
<gc-op id="1771" type="classunload" timems="0.012" contextid="1767" timestamp="2019-08-09T21:46:17.363">
  <classunload-info classloadercandidates="54" classloadersunloaded="0" classesunloaded="0" anonymousclassesunloaded="0" quiescems="0.000" setupms="0.010" scanms="0.000" postms="0.000" />
</gc-op>
<gc-end id="1772" type="partial gc" contextid="1767" durationms="30.882" usertimems="18.426" systemtimems="20.961" timestamp="2019-08-09T21:46:17.363" activeThreads="16">
  <mem-info id="1773" free="157286400" total="262144000" percent="60">
    <mem type="eden" free="2096360" total="2097152" percent="99" />
    <remembered-set count="9376" freebytes="10442496" totalbytes="10480000" percent="99" regionsoverflowed="0" regionsstable="9" regionsrebuilding="0"/>
  </mem-info>
</gc-end>
<cycle-end id="1774" type="partial gc" contextid="1767" timestamp="2019-08-09T21:46:17.363" />
  <attribute name="elasticGC enabled" value="1" />
  <attribute name= "numThreadsSpecified" value="16" />
  <attribute name="heapSize specified" value="0" />
  <attribute name="Current GC Util" value="16" />
  <attribute name= "Current Time Running" value="190428" />
  <attribute name ="GC Interval" value="0" />
  <attribute name="Target GC Util Change" value ="80.000000" />
  <attribute name="Current GC Util Change" value="16.000000"/>
  <attribute name="Current Error" value="236.000000" />
  <attribute name="Output H" value="262219952"/>
  <attribute name="Output I" value="2280"/>
  <attribute name="Output T" value="16"/>
  <attribute name= "Current Time Running" value="190428" />
  <attribute name="GC Util currently" value="16" />
  <attribute name="CPU Util currently" value="132476873508" />
<exclusive-end id="1775" timestamp="2019-08-09T21:46:17.363" durationms="32.388" />

<exclusive-start id="1776" timestamp="2019-08-09T21:46:17.523" intervalms="192.106">
  <response-info timems="0.025" idlems="0.025" threads="0" lastid="0000000001DE8F00" lastname="main" />
</exclusive-start>
<allocation-taxation id="1777" taxation-threshold="73400320" timestamp="2019-08-09T21:46:17.523" intervalms="192.198" />
<cycle-start id="1778" type="partial gc" contextid="0" timestamp="2019-08-09T21:46:17.523" intervalms="191.365" />
<gc-start id="1779" type="partial gc" contextid="1778" timestamp="2019-08-09T21:46:17.524">
  <mem-info id="1780" free="83886080" total="262144000" percent="32">
    <mem type="eden" free="2096360" total="75497472" percent="2" />
    <remembered-set count="3904" freebytes="10464384" totalbytes="10480000" percent="99" regionsoverflowed="0" regionsstable="10" regionsrebuilding="0"/>
  </mem-info>
</gc-start>
<allocation-stats totalBytes="73291984" >
  <allocated-bytes non-tlh="0" tlh="73291984" arrayletleaf="0"/>
  <largest-consumer threadName="main" threadId="0000000001DE8F00" bytes="73291984" />
</allocation-stats>
<gc-op id="1781" type="copy forward" timems="61.511" contextid="1778" timestamp="2019-08-09T21:46:17.590">
  <memory-copied type="eden" objects="30" bytes="1336" bytesdiscarded="640" />
  <memory-copied type="other" objects="14" bytes="336" bytesdiscarded="1392" />
  <memory-cardclean objects="82" bytes="10560" />
  <regions eden="35" other="2" />
  <remembered-set-cleared processed="157" cleared="16" durationms="0.447" />
  <references type="weak" candidates="2" cleared="0" enqueued="0" />
  <stringconstants candidates="13838" cleared="0"  />
</gc-op>
<gc-op id="1782" type="classunload" timems="0.016" contextid="1778" timestamp="2019-08-09T21:46:17.590">
  <classunload-info classloadercandidates="54" classloadersunloaded="0" classesunloaded="0" anonymousclassesunloaded="0" quiescems="0.000" setupms="0.015" scanms="0.000" postms="0.000" />
</gc-op>
<gc-end id="1783" type="partial gc" contextid="1778" durationms="66.665" usertimems="20.680" systemtimems="32.098" timestamp="2019-08-09T21:46:17.590" activeThreads="16">
  <mem-info id="1784" free="157286400" total="262144000" percent="60">
    <mem type="eden" free="2095176" total="2097152" percent="99" />
    <remembered-set count="4352" freebytes="10462592" totalbytes="10480000" percent="99" regionsoverflowed="0" regionsstable="10" regionsrebuilding="0"/>
  </mem-info>
</gc-end>
<cycle-end id="1785" type="partial gc" contextid="1778" timestamp="2019-08-09T21:46:17.591" />
  <attribute name="elasticGC enabled" value="1" />
  <attribute name= "numThreadsSpecified" value="16" />
  <attribute name="heapSize specified" value="0" />
  <attribute name="Current GC Util" value="21" />
  <attribute name= "Current Time Running" value="190614" />
  <attribute name ="GC Interval" value="0" />
  <attribute name="Target GC Util Change" value ="80.000000" />
  <attribute name="Current GC Util Change" value="21.000000"/>
  <attribute name="Current Error" value="59.000000" />
  <attribute name="Output H" value="262219752"/>
  <attribute name="Output I" value="2080"/>
  <attribute name="Output T" value="16"/>
  <attribute name= "Current Time Running" value="190614" />
  <attribute name="GC Util currently" value="21" />
  <attribute name="CPU Util currently" value="292775409576" />
<exclusive-end id="1786" timestamp="2019-08-09T21:46:17.591" durationms="67.863" />

<exclusive-start id="1787" timestamp="2019-08-09T21:46:17.785" intervalms="261.529">
  <response-info timems="0.018" idlems="0.018" threads="0" lastid="0000000001DE8F00" lastname="main" />
</exclusive-start>
<allocation-taxation id="1788" taxation-threshold="73400320" timestamp="2019-08-09T21:46:17.785" intervalms="261.402" />
<cycle-start id="1789" type="partial gc" contextid="0" timestamp="2019-08-09T21:46:17.785" intervalms="261.345" />
<gc-start id="1790" type="partial gc" contextid="1789" timestamp="2019-08-09T21:46:17.785">
  <mem-info id="1791" free="83886080" total="262144000" percent="32">
    <mem type="eden" free="0" total="73400320" percent="0" />
    <remembered-set count="3968" freebytes="10464128" totalbytes="10480000" percent="99" regionsoverflowed="0" regionsstable="10" regionsrebuilding="0"/>
  </mem-info>
</gc-start>
<allocation-stats totalBytes="73342512" >
  <allocated-bytes non-tlh="0" tlh="73342512" arrayletleaf="0"/>
  <largest-consumer threadName="main" threadId="0000000001DE8F00" bytes="73342512" />
</allocation-stats>
<gc-op id="1792" type="copy forward" timems="22.868" contextid="1789" timestamp="2019-08-09T21:46:17.810">
  <memory-copied type="eden" objects="29" bytes="1336" bytesdiscarded="680" />
  <memory-copied type="other" objects="26" bytes="608" bytesdiscarded="2128" />
  <memory-cardclean objects="79" bytes="10568" />
  <regions eden="35" other="2" />
  <remembered-set-cleared processed="156" cleared="15" durationms="0.143" />
  <references type="weak" candidates="2" cleared="0" enqueued="0" />
  <stringconstants candidates="13838" cleared="0"  />
</gc-op>
<gc-op id="1793" type="classunload" timems="0.015" contextid="1789" timestamp="2019-08-09T21:46:17.816">
  <classunload-info classloadercandidates="54" classloadersunloaded="0" classesunloaded="0" anonymousclassesunloaded="0" quiescems="0.000" setupms="0.015" scanms="0.000" postms="0.000" />
</gc-op>
<heap-resize id="1794" type="expand" space="default" amount="6291456" count="1" timems="0.105" reason="excessive time being spent in gc" timestamp="2019-08-09T21:46:17.816" />
<gc-end id="1795" type="partial gc" contextid="1789" durationms="31.201" usertimems="30.169" systemtimems="10.486" timestamp="2019-08-09T21:46:17.816" activeThreads="16">
  <mem-info id="1796" free="161480704" total="268435456" percent="60">
    <mem type="eden" free="2095136" total="2097152" percent="99" />
    <remembered-set count="5376" freebytes="10710016" totalbytes="10731520" percent="99" regionsoverflowed="0" regionsstable="10" regionsrebuilding="0"/>
  </mem-info>
</gc-end>
<cycle-end id="1797" type="partial gc" contextid="1789" timestamp="2019-08-09T21:46:17.819" />
  <attribute name="elasticGC enabled" value="1" />
  <attribute name= "numThreadsSpecified" value="16" />
  <attribute name="heapSize specified" value="0" />
  <attribute name="Current GC Util" value="62" />
  <attribute name= "Current Time Running" value="190873" />
  <attribute name ="GC Interval" value="0" />
  <attribute name="Target GC Util Change" value ="80.000000" />
  <attribute name="Current GC Util Change" value="62.000000"/>
  <attribute name="Current Error" value="137.000000" />
  <attribute name="Output H" value="262219840"/>
  <attribute name="Output I" value="2168"/>
  <attribute name="Output T" value="16"/>
  <attribute name= "Current Time Running" value="190873" />
  <attribute name="GC Util currently" value="62" />
  <attribute name="CPU Util currently" value="994596596653" />
<exclusive-end id="1798" timestamp="2019-08-09T21:46:17.821" durationms="36.338" />

<exclusive-start id="1799" timestamp="2019-08-09T21:46:18.164" intervalms="379.791">
  <response-info timems="0.019" idlems="0.019" threads="0" lastid="0000000001DE8F00" lastname="main" />
</exclusive-start>
<allocation-taxation id="1800" taxation-threshold="73400320" timestamp="2019-08-09T21:46:18.164" intervalms="379.793" />
<cycle-start id="1801" type="partial gc" contextid="0" timestamp="2019-08-09T21:46:18.165" intervalms="379.831" />
<gc-start id="1802" type="partial gc" contextid="1801" timestamp="2019-08-09T21:46:18.165">
  <mem-info id="1803" free="88080384" total="268435456" percent="32">
    <mem type="eden" free="0" total="73400320" percent="0" />
    <remembered-set count="4992" freebytes="10711552" totalbytes="10731520" percent="99" regionsoverflowed="0" regionsstable="10" regionsrebuilding="0"/>
  </mem-info>
</gc-start>
<allocation-stats totalBytes="73307792" >
  <allocated-bytes non-tlh="0" tlh="73307792" arrayletleaf="0"/>
  <largest-consumer threadName="main" threadId="0000000001DE8F00" bytes="73307792" />
</allocation-stats>
<gc-op id="1804" type="copy forward" timems="15.510" contextid="1801" timestamp="2019-08-09T21:46:18.181">
  <memory-copied type="eden" objects="37" bytes="4408" bytesdiscarded="680" />
  <memory-copied type="other" objects="18" bytes="408" bytesdiscarded="688" />
  <memory-cardclean objects="70" bytes="2024" />
  <regions eden="35" other="2" />
  <remembered-set-cleared processed="159" cleared="9" durationms="0.328" />
  <stringconstants candidates="13838" cleared="0"  />
</gc-op>
<gc-op id="1805" type="classunload" timems="0.018" contextid="1801" timestamp="2019-08-09T21:46:18.181">
  <classunload-info classloadercandidates="54" classloadersunloaded="0" classesunloaded="0" anonymousclassesunloaded="0" quiescems="0.000" setupms="0.017" scanms="0.000" postms="0.000" />
</gc-op>
<heap-resize id="1806" type="expand" space="default" amount="4194304" count="1" timems="0.098" reason="excessive time being spent in gc" timestamp="2019-08-09T21:46:18.182" />
<gc-end id="1807" type="partial gc" contextid="1801" durationms="17.548" usertimems="12.875" systemtimems="6.240" timestamp="2019-08-09T21:46:18.182" activeThreads="16">
  <mem-info id="1808" free="163577856" total="272629760" percent="60">
    <mem type="eden" free="2092064" total="2097152" percent="99" />
    <remembered-set count="4512" freebytes="10881152" totalbytes="10899200" percent="99" regionsoverflowed="0" regionsstable="10" regionsrebuilding="0"/>
  </mem-info>
</gc-end>
<cycle-end id="1809" type="partial gc" contextid="1801" timestamp="2019-08-09T21:46:18.183" />
  <attribute name="elasticGC enabled" value="1" />
  <attribute name= "numThreadsSpecified" value="16" />
  <attribute name="heapSize specified" value="0" />
  <attribute name="Current GC Util" value="102" />
  <attribute name= "Current Time Running" value="191252" />
  <attribute name ="GC Interval" value="0" />
  <attribute name="Target GC Util Change" value ="80.000000" />
  <attribute name="Current GC Util Change" value="102.000000"/>
  <attribute name="Current Error" value="184.000000" />
  <attribute name="Output H" value="268511352"/>
  <attribute name="Output I" value="2224"/>
  <attribute name="Output T" value="16"/>
  <attribute name= "Current Time Running" value="191252" />
  <attribute name="GC Util currently" value="102" />
  <attribute name="CPU Util currently" value="2353880912779" />
<exclusive-end id="1810" timestamp="2019-08-09T21:46:18.184" durationms="19.561" />

<exclusive-start id="1811" timestamp="2019-08-09T21:46:18.544" intervalms="380.039">
  <response-info timems="0.015" idlems="0.015" threads="0" lastid="0000000001DE8F00" lastname="main" />
</exclusive-start>
<allocation-taxation id="1812" taxation-threshold="75497472" timestamp="2019-08-09T21:46:18.544" intervalms="380.042" />
<cycle-start id="1813" type="partial gc" contextid="0" timestamp="2019-08-09T21:46:18.545" intervalms="380.104" />
<gc-start id="1814" type="partial gc" contextid="1813" timestamp="2019-08-09T21:46:18.545">
  <mem-info id="1815" free="88080384" total="272629760" percent="32">
    <mem type="eden" free="0" total="75497472" percent="0" />
    <remembered-set count="4160" freebytes="10882560" totalbytes="10899200" percent="99" regionsoverflowed="0" regionsstable="10" regionsrebuilding="0"/>
  </mem-info>
</gc-start>
<allocation-stats totalBytes="75443640" >
  <allocated-bytes non-tlh="0" tlh="75443640" arrayletleaf="0"/>
  <largest-consumer threadName="main" threadId="0000000001DE8F00" bytes="75443640" />
</allocation-stats>
<gc-op id="1816" type="copy forward" timems="35.305" contextid="1813" timestamp="2019-08-09T21:46:18.582">
  <memory-copied type="eden" objects="35" bytes="1144" bytesdiscarded="1344" />
  <memory-copied type="other" objects="12" bytes="272" bytesdiscarded="1456" />
  <memory-cardclean objects="62" bytes="10072" />
  <regions eden="36" other="2" />
  <remembered-set-cleared processed="162" cleared="12" durationms="0.148" />
  <references type="weak" candidates="2" cleared="0" enqueued="0" />
  <stringconstants candidates="13838" cleared="0"  />
</gc-op>
<gc-op id="1817" type="classunload" timems="0.017" contextid="1813" timestamp="2019-08-09T21:46:18.582">
  <classunload-info classloadercandidates="54" classloadersunloaded="0" classesunloaded="0" anonymousclassesunloaded="0" quiescems="0.000" setupms="0.016" scanms="0.000" postms="0.000" />
</gc-op>
<gc-end id="1818" type="partial gc" contextid="1813" durationms="37.166" usertimems="19.221" systemtimems="21.161" timestamp="2019-08-09T21:46:18.582" activeThreads="16">
  <mem-info id="1819" free="161480704" total="272629760" percent="59">
    <mem type="eden" free="2094664" total="2097152" percent="99" />
    <remembered-set count="5600" freebytes="10876800" totalbytes="10899200" percent="99" regionsoverflowed="0" regionsstable="10" regionsrebuilding="0"/>
  </mem-info>
</gc-end>
<cycle-end id="1820" type="partial gc" contextid="1813" timestamp="2019-08-09T21:46:18.583" />
  <attribute name="elasticGC enabled" value="1" />
  <attribute name= "numThreadsSpecified" value="16" />
  <attribute name="heapSize specified" value="0" />
  <attribute name="Current GC Util" value="73" />
  <attribute name= "Current Time Running" value="191632" />
  <attribute name ="GC Interval" value="0" />
  <attribute name="Target GC Util Change" value ="80.000000" />
  <attribute name="Current GC Util Change" value="73.000000"/>
  <attribute name="Current Error" value="7.000000" />
  <attribute name="Output H" value="272705448"/>
  <attribute name="Output I" value="2016"/>
  <attribute name="Output T" value="16"/>
  <attribute name= "Current Time Running" value="191632" />
  <attribute name="GC Util currently" value="73" />
  <attribute name="CPU Util currently" value="1702834985721" />
<exclusive-end id="1821" timestamp="2019-08-09T21:46:18.583" durationms="38.585" />

<exclusive-start id="1822" timestamp="2019-08-09T21:46:18.917" intervalms="372.933">
  <response-info timems="0.027" idlems="0.027" threads="0" lastid="0000000001DE8F00" lastname="main" />
</exclusive-start>
<allocation-taxation id="1823" taxation-threshold="75497472" timestamp="2019-08-09T21:46:18.917" intervalms="372.932" />
<cycle-start id="1824" type="partial gc" contextid="0" timestamp="2019-08-09T21:46:18.918" intervalms="373.671" />
<gc-start id="1825" type="partial gc" contextid="1824" timestamp="2019-08-09T21:46:18.919">
  <mem-info id="1826" free="85983232" total="272629760" percent="31">
    <mem type="eden" free="0" total="75497472" percent="0" />
    <remembered-set count="5600" freebytes="10876800" totalbytes="10899200" percent="99" regionsoverflowed="0" regionsstable="10" regionsrebuilding="0"/>
  </mem-info>
</gc-start>
<allocation-stats totalBytes="75483696" >
  <allocated-bytes non-tlh="0" tlh="75483696" arrayletleaf="0"/>
  <largest-consumer threadName="main" threadId="0000000001DE8F00" bytes="75483696" />
</allocation-stats>
<gc-op id="1827" type="copy forward" timems="24.882" contextid="1824" timestamp="2019-08-09T21:46:18.952">
  <memory-copied type="eden" objects="12" bytes="448" bytesdiscarded="0" />
  <memory-copied type="other" objects="34" bytes="1000" bytesdiscarded="2096" />
  <memory-cardclean objects="43" bytes="9712" />
  <regions eden="36" other="2" />
  <remembered-set-cleared processed="164" cleared="12" durationms="1.345" />
  <references type="weak" candidates="2" cleared="0" enqueued="0" />
  <stringconstants candidates="13838" cleared="0"  />
</gc-op>
<gc-op id="1828" type="classunload" timems="0.019" contextid="1824" timestamp="2019-08-09T21:46:18.952">
  <classunload-info classloadercandidates="54" classloadersunloaded="0" classesunloaded="0" anonymousclassesunloaded="0" quiescems="0.000" setupms="0.019" scanms="0.000" postms="0.000" />
</gc-op>
<gc-end id="1829" type="partial gc" contextid="1824" durationms="34.097" usertimems="17.130" systemtimems="12.356" timestamp="2019-08-09T21:46:18.953" activeThreads="16">
  <mem-info id="1830" free="159383552" total="272629760" percent="58">
    <mem type="eden" free="2096704" total="2097152" percent="99" />
    <remembered-set count="5664" freebytes="10876544" totalbytes="10899200" percent="99" regionsoverflowed="0" regionsstable="10" regionsrebuilding="0"/>
  </mem-info>
</gc-end>
<cycle-end id="1831" type="partial gc" contextid="1824" timestamp="2019-08-09T21:46:18.953" />
  <attribute name="elasticGC enabled" value="1" />
  <attribute name= "numThreadsSpecified" value="16" />
  <attribute name="heapSize specified" value="0" />
  <attribute name="Current GC Util" value="67" />
  <attribute name= "Current Time Running" value="192014" />
  <attribute name ="GC Interval" value="0" />
  <attribute name="Target GC Util Change" value ="80.000000" />
  <attribute name="Current GC Util Change" value="67.000000"/>
  <attribute name="Current Error" value="90.000000" />
  <attribute name="Output H" value="272705544"/>
  <attribute name="Output I" value="2112"/>
  <attribute name="Output T" value="16"/>
  <attribute name= "Current Time Running" value="192014" />
  <attribute name="GC Util currently" value="67" />
  <attribute name="CPU Util currently" value="136427121412" />
<exclusive-end id="1832" timestamp="2019-08-09T21:46:18.954" durationms="36.877" />

<exclusive-start id="1833" timestamp="2019-08-09T21:46:19.310" intervalms="392.670">
  <response-info timems="0.027" idlems="0.027" threads="0" lastid="0000000001DE8F00" lastname="main" />
</exclusive-start>
<allocation-taxation id="1834" taxation-threshold="75497472" timestamp="2019-08-09T21:46:19.310" intervalms="392.806" />
<cycle-start id="1835" type="partial gc" contextid="0" timestamp="2019-08-09T21:46:19.310" intervalms="392.069" />
<gc-start id="1836" type="partial gc" contextid="1835" timestamp="2019-08-09T21:46:19.311">
  <mem-info id="1837" free="83886080" total="272629760" percent="30">
    <mem type="eden" free="2096704" total="77594624" percent="2" />
    <remembered-set count="5280" freebytes="10878080" totalbytes="10899200" percent="99" regionsoverflowed="0" regionsstable="10" regionsrebuilding="0"/>
  </mem-info>
</gc-start>
<allocation-stats totalBytes="75483416" >
  <allocated-bytes non-tlh="0" tlh="75483416" arrayletleaf="0"/>
  <largest-consumer threadName="main" threadId="0000000001DE8F00" bytes="75483416" />
</allocation-stats>
<gc-op id="1838" type="copy forward" timems="49.897" contextid="1835" timestamp="2019-08-09T21:46:19.362">
  <memory-copied type="eden" objects="10" bytes="336" bytesdiscarded="0" />
  <memory-copied type="other" objects="28" bytes="864" bytesdiscarded="1344" />
  <memory-cardclean objects="39" bytes="9608" />
  <regions eden="36" other="2" />
  <remembered-set-cleared processed="166" cleared="12" durationms="0.344" />
  <references type="weak" candidates="2" cleared="0" enqueued="0" />
  <stringconstants candidates="13838" cleared="0"  />
</gc-op>
<gc-op id="1839" type="classunload" timems="0.014" contextid="1835" timestamp="2019-08-09T21:46:19.362">
  <classunload-info classloadercandidates="54" classloadersunloaded="0" classesunloaded="0" anonymousclassesunloaded="0" quiescems="0.000" setupms="0.014" scanms="0.000" postms="0.000" />
</gc-op>
<gc-end id="1840" type="partial gc" contextid="1835" durationms="51.422" usertimems="20.083" systemtimems="12.238" timestamp="2019-08-09T21:46:19.362" activeThreads="16">
  <mem-info id="1841" free="159383552" total="272629760" percent="58">
    <mem type="eden" free="2096816" total="2097152" percent="99" />
    <remembered-set count="5184" freebytes="10878464" totalbytes="10899200" percent="99" regionsoverflowed="0" regionsstable="10" regionsrebuilding="0"/>
  </mem-info>
</gc-end>
<cycle-end id="1842" type="partial gc" contextid="1835" timestamp="2019-08-09T21:46:19.362" />
  <attribute name="elasticGC enabled" value="1" />
  <attribute name= "numThreadsSpecified" value="16" />
  <attribute name="heapSize specified" value="0" />
  <attribute name="Current GC Util" value="60" />
  <attribute name= "Current Time Running" value="192399" />
  <attribute name ="GC Interval" value="0" />
  <attribute name="Target GC Util Change" value ="80.000000" />
  <attribute name="Current GC Util Change" value="60.000000"/>
  <attribute name="Current Error" value="184.000000" />
  <attribute name="Output H" value="272705656"/>
  <attribute name="Output I" value="2224"/>
  <attribute name="Output T" value="16"/>
  <attribute name= "Current Time Running" value="192399" />
  <attribute name="GC Util currently" value="60" />
  <attribute name="CPU Util currently" value="1289237715679" />
<exclusive-end id="1843" timestamp="2019-08-09T21:46:19.363" durationms="52.558" />

<exclusive-start id="1844" timestamp="2019-08-09T21:46:19.474" intervalms="164.233">
  <response-info timems="0.030" idlems="0.030" threads="0" lastid="0000000001DE8F00" lastname="main" />
</exclusive-start>
<allocation-taxation id="1845" taxation-threshold="75497472" timestamp="2019-08-09T21:46:19.474" intervalms="164.105" />
<cycle-start id="1846" type="partial gc" contextid="0" timestamp="2019-08-09T21:46:19.478" intervalms="167.999" />
<gc-start id="1847" type="partial gc" contextid="1846" timestamp="2019-08-09T21:46:19.479">
  <mem-info id="1848" free="83886080" total="272629760" percent="30">
    <mem type="eden" free="2096816" total="77594624" percent="2" />
    <remembered-set count="4800" freebytes="10880000" totalbytes="10899200" percent="99" regionsoverflowed="0" regionsstable="10" regionsrebuilding="0"/>
  </mem-info>
</gc-start>
<allocation-stats totalBytes="75430648" >
  <allocated-bytes non-tlh="0" tlh="75430648" arrayletleaf="0"/>
  <largest-consumer threadName="main" threadId="0000000001DE8F00" bytes="75430648" />
</allocation-stats>
<gc-op id="1849" type="copy forward" timems="309.857" contextid="1846" timestamp="2019-08-09T21:46:19.924">
  <memory-copied type="eden" objects="25" bytes="1320" bytesdiscarded="0" />
  <memory-copied type="other" objects="14" bytes="336" bytesdiscarded="1392" />
  <memory-cardclean objects="56" bytes="9944" />
  <regions eden="36" other="2" />
  <remembered-set-cleared processed="166" cleared="12" durationms="14.054" />
  <references type="weak" candidates="2" cleared="0" enqueued="0" />
  <stringconstants candidates="13838" cleared="0"  />
</gc-op>
<gc-op id="1850" type="classunload" timems="0.012" contextid="1846" timestamp="2019-08-09T21:46:19.924">
  <classunload-info classloadercandidates="54" classloadersunloaded="0" classesunloaded="0" anonymousclassesunloaded="0" quiescems="0.000" setupms="0.010" scanms="0.000" postms="0.000" />
</gc-op>
<heap-resize id="1851" type="expand" space="default" amount="10485760" count="1" timems="0.122" reason="excessive time being spent in gc" timestamp="2019-08-09T21:46:19.924" />
<gc-end id="1852" type="partial gc" contextid="1846" durationms="445.757" usertimems="114.346" systemtimems="239.407" timestamp="2019-08-09T21:46:19.924" activeThreads="16">
  <mem-info id="1853" free="169869312" total="283115520" percent="60">
    <mem type="eden" free="2095832" total="2097152" percent="99" />
    <remembered-set count="4672" freebytes="11299712" totalbytes="11318400" percent="99" regionsoverflowed="0" regionsstable="10" regionsrebuilding="0"/>
  </mem-info>
</gc-end>
<cycle-end id="1854" type="partial gc" contextid="1846" timestamp="2019-08-09T21:46:19.924" />
  <attribute name="elasticGC enabled" value="1" />
  <attribute name= "numThreadsSpecified" value="16" />
  <attribute name="heapSize specified" value="0" />
  <attribute name="Current GC Util" value="77" />
  <attribute name= "Current Time Running" value="192700" />
  <attribute name ="GC Interval" value="0" />
  <attribute name="Target GC Util Change" value ="80.000000" />
  <attribute name="Current GC Util Change" value="77.000000"/>
  <attribute name="Current Error" value="3.000000" />
  <attribute name="Output H" value="272705448"/>
  <attribute name="Output I" value="2016"/>
  <attribute name="Output T" value="16"/>
  <attribute name= "Current Time Running" value="192700" />
  <attribute name="GC Util currently" value="77" />
  <attribute name="CPU Util currently" value="8728367620" />
<exclusive-end id="1855" timestamp="2019-08-09T21:46:19.925" durationms="450.280" />

<exclusive-start id="1856" timestamp="2019-08-09T21:46:19.967" intervalms="492.994">
  <response-info timems="0.019" idlems="0.019" threads="0" lastid="0000000001DE8F00" lastname="main" />
</exclusive-start>
<allocation-taxation id="1857" taxation-threshold="77594624" timestamp="2019-08-09T21:46:19.967" intervalms="493.118" />
<cycle-start id="1858" type="partial gc" contextid="0" timestamp="2019-08-09T21:46:19.968" intervalms="489.165" />
<gc-start id="1859" type="partial gc" contextid="1858" timestamp="2019-08-09T21:46:19.968">
  <mem-info id="1860" free="92274688" total="283115520" percent="32">
    <mem type="eden" free="0" total="77594624" percent="0" />
    <remembered-set count="4672" freebytes="11299712" totalbytes="11318400" percent="99" regionsoverflowed="0" regionsstable="10" regionsrebuilding="0"/>
  </mem-info>
</gc-start>
<allocation-stats totalBytes="77486928" >
  <allocated-bytes non-tlh="0" tlh="77486928" arrayletleaf="0"/>
  <largest-consumer threadName="main" threadId="0000000001DE8F00" bytes="77486928" />
</allocation-stats>
<gc-op id="1861" type="copy forward" timems="29.720" contextid="1858" timestamp="2019-08-09T21:46:20.000">
  <memory-copied type="eden" objects="4" bytes="112" bytesdiscarded="680" />
  <memory-copied type="other" objects="35" bytes="1544" bytesdiscarded="2520" />
  <memory-cardclean objects="46" bytes="9784" />
  <regions eden="37" other="2" />
  <remembered-set-cleared processed="166" cleared="12" durationms="0.126" />
  <references type="weak" candidates="2" cleared="0" enqueued="0" />
  <stringconstants candidates="13838" cleared="0"  />
</gc-op>
<gc-op id="1862" type="classunload" timems="0.011" contextid="1858" timestamp="2019-08-09T21:46:20.000">
  <classunload-info classloadercandidates="54" classloadersunloaded="0" classesunloaded="0" anonymousclassesunloaded="0" quiescems="0.000" setupms="0.011" scanms="0.000" postms="0.000" />
</gc-op>
<heap-resize id="1863" type="expand" space="default" amount="6291456" count="1" timems="0.089" reason="excessive time being spent in gc" timestamp="2019-08-09T21:46:20.000" />
<gc-end id="1864" type="partial gc" contextid="1858" durationms="32.603" usertimems="30.899" systemtimems="18.280" timestamp="2019-08-09T21:46:20.000" activeThreads="16">
  <mem-info id="1865" free="174063616" total="289406976" percent="60">
    <mem type="eden" free="2096360" total="2097152" percent="99" />
    <remembered-set count="5184" freebytes="11549184" totalbytes="11569920" percent="99" regionsoverflowed="0" regionsstable="10" regionsrebuilding="0"/>
  </mem-info>
</gc-end>
<cycle-end id="1866" type="partial gc" contextid="1858" timestamp="2019-08-09T21:46:20.001" />
  <attribute name="elasticGC enabled" value="1" />
  <attribute name= "numThreadsSpecified" value="16" />
  <attribute name="heapSize specified" value="0" />
  <attribute name="Current GC Util" value="121" />
  <attribute name= "Current Time Running" value="193056" />
  <attribute name ="GC Interval" value="0" />
  <attribute name="Target GC Util Change" value ="80.000000" />
  <attribute name="Current GC Util Change" value="121.000000"/>
  <attribute name="Current Error" value="-28.000000" />
  <attribute name="Output H" value="283191168"/>
  <attribute name="Output I" value="1976"/>
  <attribute name="Output T" value="16"/>
  <attribute name= "Current Time Running" value="193056" />
  <attribute name="GC Util currently" value="121" />
  <attribute name="CPU Util currently" value="640183290664" />
<exclusive-end id="1867" timestamp="2019-08-09T21:46:20.001" durationms="33.559" />

* Round 2 done in 11.428 seconds.
<exclusive-start id="1868" timestamp="2019-08-09T21:46:20.047" intervalms="80.091">
  <response-info timems="0.021" idlems="0.021" threads="0" lastid="0000000001DE8F00" lastname="main" />
</exclusive-start>
<allocation-taxation id="1869" taxation-threshold="79691776" timestamp="2019-08-09T21:46:20.047" intervalms="80.017" />
<cycle-start id="1870" type="partial gc" contextid="0" timestamp="2019-08-09T21:46:20.048" intervalms="80.048" />
<gc-start id="1871" type="partial gc" contextid="1870" timestamp="2019-08-09T21:46:20.048">
  <mem-info id="1872" free="94371840" total="289406976" percent="32">
    <mem type="eden" free="2096360" total="81788928" percent="2" />
    <remembered-set count="4832" freebytes="11550592" totalbytes="11569920" percent="99" regionsoverflowed="0" regionsstable="10" regionsrebuilding="0"/>
  </mem-info>
</gc-start>
<allocation-stats totalBytes="79604496" >
  <allocated-bytes non-tlh="0" tlh="79604496" arrayletleaf="0"/>
  <largest-consumer threadName="main" threadId="0000000001DE8F00" bytes="79604496" />
</allocation-stats>
<gc-op id="1873" type="copy forward" timems="10.827" contextid="1870" timestamp="2019-08-09T21:46:20.061">
  <memory-copied type="eden" objects="28" bytes="1000" bytesdiscarded="0" />
  <memory-copied type="other" objects="6" bytes="136" bytesdiscarded="752" />
  <memory-cardclean objects="96" bytes="3256" />
  <regions eden="38" other="2" />
  <remembered-set-cleared processed="169" cleared="8" durationms="0.384" />
  <stringconstants candidates="13838" cleared="0"  />
</gc-op>
<gc-op id="1874" type="classunload" timems="0.009" contextid="1870" timestamp="2019-08-09T21:46:20.061">
  <classunload-info classloadercandidates="54" classloadersunloaded="0" classesunloaded="0" anonymousclassesunloaded="0" quiescems="0.000" setupms="0.009" scanms="0.000" postms="0.000" />
</gc-op>
<gc-end id="1875" type="partial gc" contextid="1870" durationms="13.197" usertimems="16.447" systemtimems="8.994" timestamp="2019-08-09T21:46:20.061" activeThreads="16">
  <mem-info id="1876" free="174063616" total="289406976" percent="60">
    <mem type="eden" free="2096152" total="2097152" percent="99" />
    <remembered-set count="4448" freebytes="11552128" totalbytes="11569920" percent="99" regionsoverflowed="0" regionsstable="10" regionsrebuilding="0"/>
  </mem-info>
</gc-end>
<cycle-end id="1877" type="partial gc" contextid="1870" timestamp="2019-08-09T21:46:20.061" />
  <attribute name="elasticGC enabled" value="1" />
  <attribute name= "numThreadsSpecified" value="16" />
  <attribute name="heapSize specified" value="0" />
  <attribute name="Current GC Util" value="215" />
  <attribute name= "Current Time Running" value="193136" />
  <attribute name ="GC Interval" value="0" />
  <attribute name="Target GC Util Change" value ="80.000000" />
  <attribute name="Current GC Util Change" value="215.000000"/>
  <attribute name="Current Error" value="-143.000000" />
  <attribute name="Output H" value="289482496"/>
  <attribute name="Output I" value="1848"/>
  <attribute name="Output T" value="16"/>
  <attribute name= "Current Time Running" value="193136" />
  <attribute name="GC Util currently" value="215" />
  <attribute name="CPU Util currently" value="599666001372" />
<exclusive-end id="1878" timestamp="2019-08-09T21:46:20.061" durationms="13.905" />

<exclusive-start id="1879" timestamp="2019-08-09T21:46:20.308" intervalms="260.360">
  <response-info timems="0.018" idlems="0.018" threads="0" lastid="0000000001DE8F00" lastname="main" />
</exclusive-start>
<allocation-taxation id="1880" taxation-threshold="79691776" timestamp="2019-08-09T21:46:20.308" intervalms="260.311" />
<cycle-start id="1881" type="partial gc" contextid="0" timestamp="2019-08-09T21:46:20.308" intervalms="260.267" />
<gc-start id="1882" type="partial gc" contextid="1881" timestamp="2019-08-09T21:46:20.308">
  <mem-info id="1883" free="94371840" total="289406976" percent="32">
    <mem type="eden" free="0" total="79691776" percent="0" />
    <remembered-set count="4096" freebytes="11553536" totalbytes="11569920" percent="99" regionsoverflowed="0" regionsstable="10" regionsrebuilding="0"/>
  </mem-info>
</gc-start>
<allocation-stats totalBytes="79544256" >
  <allocated-bytes non-tlh="0" tlh="79544256" arrayletleaf="0"/>
  <largest-consumer threadName="main" threadId="0000000001DE8F00" bytes="79544256" />
</allocation-stats>
<gc-op id="1884" type="copy forward" timems="6.535" contextid="1881" timestamp="2019-08-09T21:46:20.316">
  <memory-copied type="eden" objects="74" bytes="3048" bytesdiscarded="624" />
  <memory-copied type="other" objects="19" bytes="632" bytesdiscarded="1464" />
  <memory-cardclean objects="150" bytes="4160" />
  <regions eden="38" other="2" />
  <remembered-set-cleared processed="168" cleared="18" durationms="0.116" />
  <stringconstants candidates="13838" cleared="0"  />
</gc-op>
<gc-op id="1885" type="classunload" timems="0.011" contextid="1881" timestamp="2019-08-09T21:46:20.316">
  <classunload-info classloadercandidates="54" classloadersunloaded="0" classesunloaded="0" anonymousclassesunloaded="0" quiescems="0.000" setupms="0.011" scanms="0.000" postms="0.000" />
</gc-op>
<heap-resize id="1886" type="expand" space="default" amount="4194304" count="1" timems="0.083" reason="excessive time being spent in gc" timestamp="2019-08-09T21:46:20.316" />
<gc-end id="1887" type="partial gc" contextid="1881" durationms="8.025" usertimems="17.662" systemtimems="0.000" timestamp="2019-08-09T21:46:20.316" activeThreads="16">
  <mem-info id="1888" free="176160768" total="293601280" percent="60">
    <mem type="eden" free="2093480" total="2097152" percent="99" />
    <remembered-set count="5792" freebytes="11714432" totalbytes="11737600" percent="99" regionsoverflowed="0" regionsstable="10" regionsrebuilding="0"/>
  </mem-info>
</gc-end>
<cycle-end id="1889" type="partial gc" contextid="1881" timestamp="2019-08-09T21:46:20.316" />
  <attribute name="elasticGC enabled" value="1" />
  <attribute name= "numThreadsSpecified" value="16" />
  <attribute name="heapSize specified" value="0" />
  <attribute name="Current GC Util" value="137" />
  <attribute name= "Current Time Running" value="193395" />
  <attribute name ="GC Interval" value="0" />
  <attribute name="Target GC Util Change" value ="80.000000" />
  <attribute name="Current GC Util Change" value="137.000000"/>
  <attribute name="Current Error" value="-57.000000" />
  <attribute name="Output H" value="289482592"/>
  <attribute name="Output I" value="1944"/>
  <attribute name="Output T" value="16"/>
  <attribute name= "Current Time Running" value="193395" />
  <attribute name="GC Util currently" value="137" />
  <attribute name="CPU Util currently" value="1997147767988" />
<exclusive-end id="1890" timestamp="2019-08-09T21:46:20.316" durationms="8.623" />

<exclusive-start id="1891" timestamp="2019-08-09T21:46:20.344" intervalms="36.144">
  <response-info timems="0.021" idlems="0.021" threads="0" lastid="0000000001DE8F00" lastname="main" />
</exclusive-start>
<allocation-taxation id="1892" taxation-threshold="79691776" timestamp="2019-08-09T21:46:20.344" intervalms="36.156" />
<cycle-start id="1893" type="partial gc" contextid="0" timestamp="2019-08-09T21:46:20.344" intervalms="36.157" />
<gc-start id="1894" type="partial gc" contextid="1893" timestamp="2019-08-09T21:46:20.344">
  <mem-info id="1895" free="96468992" total="293601280" percent="32">
    <mem type="eden" free="0" total="79691776" percent="0" />
    <remembered-set count="5600" freebytes="11715200" totalbytes="11737600" percent="99" regionsoverflowed="0" regionsstable="10" regionsrebuilding="0"/>
  </mem-info>
</gc-start>
<allocation-stats totalBytes="79420624" >
  <allocated-bytes non-tlh="0" tlh="79420624" arrayletleaf="0"/>
  <largest-consumer threadName="main" threadId="0000000001DE8F00" bytes="79420624" />
</allocation-stats>
<gc-op id="1896" type="copy forward" timems="6.604" contextid="1893" timestamp="2019-08-09T21:46:20.352">
  <memory-copied type="eden" objects="2" bytes="56" bytesdiscarded="736" />
  <memory-copied type="other" objects="86" bytes="3512" bytesdiscarded="1200" />
  <memory-cardclean objects="103" bytes="3168" />
  <regions eden="38" other="2" />
  <remembered-set-cleared processed="168" cleared="11" durationms="0.145" />
  <stringconstants candidates="13838" cleared="0"  />
</gc-op>
<gc-op id="1897" type="classunload" timems="0.007" contextid="1893" timestamp="2019-08-09T21:46:20.352">
  <classunload-info classloadercandidates="54" classloadersunloaded="0" classesunloaded="0" anonymousclassesunloaded="0" quiescems="0.000" setupms="0.007" scanms="0.000" postms="0.000" />
</gc-op>
<heap-resize id="1898" type="expand" space="default" amount="6291456" count="1" timems="0.089" reason="excessive time being spent in gc" timestamp="2019-08-09T21:46:20.352" />
<gc-end id="1899" type="partial gc" contextid="1893" durationms="7.795" usertimems="14.870" systemtimems="0.000" timestamp="2019-08-09T21:46:20.352" activeThreads="16">
  <mem-info id="1900" free="180355072" total="299892736" percent="60">
    <mem type="eden" free="2096360" total="2097152" percent="99" />
    <remembered-set count="4928" freebytes="11969408" totalbytes="11989120" percent="99" regionsoverflowed="0" regionsstable="10" regionsrebuilding="0"/>
  </mem-info>
</gc-end>
<cycle-end id="1901" type="partial gc" contextid="1893" timestamp="2019-08-09T21:46:20.352" />
  <attribute name="elasticGC enabled" value="1" />
  <attribute name= "numThreadsSpecified" value="16" />
  <attribute name="heapSize specified" value="0" />
  <attribute name="Current GC Util" value="0" />
  <attribute name= "Current Time Running" value="193431" />
  <attribute name ="GC Interval" value="0" />
  <attribute name="Target GC Util Change" value ="80.000000" />
  <attribute name="Current GC Util Change" value="0.000000"/>
  <attribute name="Current Error" value="55.000000" />
  <attribute name="Output H" value="293677024"/>
  <attribute name="Output I" value="2072"/>
  <attribute name="Output T" value="16"/>
  <attribute name= "Current Time Running" value="193431" />
  <attribute name="GC Util currently" value="0" />
  <attribute name="CPU Util currently" value="3316652432533" />
<exclusive-end id="1902" timestamp="2019-08-09T21:46:20.352" durationms="8.393" />

<exclusive-start id="1903" timestamp="2019-08-09T21:46:20.386" intervalms="41.930">
  <response-info timems="0.069" idlems="0.069" threads="0" lastid="0000000001DE8F00" lastname="main" />
</exclusive-start>
<allocation-taxation id="1904" taxation-threshold="81788928" timestamp="2019-08-09T21:46:20.386" intervalms="41.914" />
<cycle-start id="1905" type="partial gc" contextid="0" timestamp="2019-08-09T21:46:20.386" intervalms="42.019" />
<gc-start id="1906" type="partial gc" contextid="1905" timestamp="2019-08-09T21:46:20.386">
  <mem-info id="1907" free="98566144" total="299892736" percent="32">
    <mem type="eden" free="2096360" total="83886080" percent="2" />
    <remembered-set count="4608" freebytes="11970688" totalbytes="11989120" percent="99" regionsoverflowed="0" regionsstable="10" regionsrebuilding="0"/>
  </mem-info>
</gc-start>
<allocation-stats totalBytes="81517464" >
  <allocated-bytes non-tlh="0" tlh="81517464" arrayletleaf="0"/>
  <largest-consumer threadName="main" threadId="0000000001DE8F00" bytes="81517464" />
</allocation-stats>
<gc-op id="1908" type="copy forward" timems="6.719" contextid="1905" timestamp="2019-08-09T21:46:20.394">
  <memory-copied type="eden" objects="2" bytes="56" bytesdiscarded="736" />
  <memory-copied type="other" objects="73" bytes="3016" bytesdiscarded="488" />
  <memory-cardclean objects="70" bytes="2072" />
  <regions eden="39" other="2" />
  <remembered-set-cleared processed="170" cleared="8" durationms="0.170" />
  <stringconstants candidates="13838" cleared="0"  />
</gc-op>
<gc-op id="1909" type="classunload" timems="0.007" contextid="1905" timestamp="2019-08-09T21:46:20.394">
  <classunload-info classloadercandidates="54" classloadersunloaded="0" classesunloaded="0" anonymousclassesunloaded="0" quiescems="0.000" setupms="0.007" scanms="0.000" postms="0.000" />
</gc-op>
<gc-end id="1910" type="partial gc" contextid="1905" durationms="7.763" usertimems="15.680" systemtimems="0.000" timestamp="2019-08-09T21:46:20.394" activeThreads="16">
  <mem-info id="1911" free="180355072" total="299892736" percent="60">
    <mem type="eden" free="2096360" total="2097152" percent="99" />
    <remembered-set count="4992" freebytes="11969152" totalbytes="11989120" percent="99" regionsoverflowed="0" regionsstable="10" regionsrebuilding="0"/>
  </mem-info>
</gc-end>
<cycle-end id="1912" type="partial gc" contextid="1905" timestamp="2019-08-09T21:46:20.394" />
  <attribute name="elasticGC enabled" value="1" />
  <attribute name= "numThreadsSpecified" value="16" />
  <attribute name="heapSize specified" value="0" />
  <attribute name="Current GC Util" value="132" />
  <attribute name= "Current Time Running" value="193473" />
  <attribute name ="GC Interval" value="0" />
  <attribute name="Target GC Util Change" value ="80.000000" />
  <attribute name="Current GC Util Change" value="132.000000"/>
  <attribute name="Current Error" value="47.000000" />
  <attribute name="Output H" value="299968472"/>
  <attribute name="Output I" value="2064"/>
  <attribute name="Output T" value="16"/>
  <attribute name= "Current Time Running" value="193473" />
  <attribute name="GC Util currently" value="132" />
  <attribute name="CPU Util currently" value="2725859725430" />
<exclusive-end id="1913" timestamp="2019-08-09T21:46:20.394" durationms="8.487" />

<exclusive-start id="1914" timestamp="2019-08-09T21:46:20.421" intervalms="34.991">
  <response-info timems="0.022" idlems="0.022" threads="0" lastid="0000000001DE8F00" lastname="main" />
</exclusive-start>
<allocation-taxation id="1915" taxation-threshold="81788928" timestamp="2019-08-09T21:46:20.421" intervalms="35.000" />
<cycle-start id="1916" type="partial gc" contextid="0" timestamp="2019-08-09T21:46:20.421" intervalms="34.899" />
<gc-start id="1917" type="partial gc" contextid="1916" timestamp="2019-08-09T21:46:20.421">
  <mem-info id="1918" free="98566144" total="299892736" percent="32">
    <mem type="eden" free="2096360" total="83886080" percent="2" />
    <remembered-set count="4512" freebytes="11971072" totalbytes="11989120" percent="99" regionsoverflowed="0" regionsstable="10" regionsrebuilding="0"/>
  </mem-info>
</gc-start>
<allocation-stats totalBytes="81517440" >
  <allocated-bytes non-tlh="0" tlh="81517440" arrayletleaf="0"/>
  <largest-consumer threadName="main" threadId="0000000001DE8F00" bytes="81517440" />
</allocation-stats>
<gc-op id="1919" type="copy forward" timems="6.688" contextid="1916" timestamp="2019-08-09T21:46:20.429">
  <memory-copied type="eden" objects="2" bytes="56" bytesdiscarded="0" />
  <memory-copied type="other" objects="73" bytes="3016" bytesdiscarded="480" />
  <memory-cardclean objects="70" bytes="2072" />
  <regions eden="39" other="2" />
  <remembered-set-cleared processed="170" cleared="8" durationms="0.124" />
  <stringconstants candidates="13838" cleared="0"  />
</gc-op>
<gc-op id="1920" type="classunload" timems="0.011" contextid="1916" timestamp="2019-08-09T21:46:20.429">
  <classunload-info classloadercandidates="54" classloadersunloaded="0" classesunloaded="0" anonymousclassesunloaded="0" quiescems="0.000" setupms="0.011" scanms="0.000" postms="0.000" />
</gc-op>
<gc-end id="1921" type="partial gc" contextid="1916" durationms="7.872" usertimems="15.794" systemtimems="0.000" timestamp="2019-08-09T21:46:20.429" activeThreads="16">
  <mem-info id="1922" free="180355072" total="299892736" percent="60">
    <mem type="eden" free="2097096" total="2097152" percent="99" />
    <remembered-set count="4992" freebytes="11969152" totalbytes="11989120" percent="99" regionsoverflowed="0" regionsstable="10" regionsrebuilding="0"/>
  </mem-info>
</gc-end>
<cycle-end id="1923" type="partial gc" contextid="1916" timestamp="2019-08-09T21:46:20.429" />
  <attribute name="elasticGC enabled" value="1" />
  <attribute name= "numThreadsSpecified" value="16" />
  <attribute name="heapSize specified" value="0" />
  <attribute name="Current GC Util" value="121" />
  <attribute name= "Current Time Running" value="193508" />
  <attribute name ="GC Interval" value="0" />
  <attribute name="Target GC Util Change" value ="80.000000" />
  <attribute name="Current GC Util Change" value="121.000000"/>
  <attribute name="Current Error" value="-41.000000" />
  <attribute name="Output H" value="299968376"/>
  <attribute name="Output I" value="1968"/>
  <attribute name="Output T" value="16"/>
  <attribute name= "Current Time Running" value="193508" />
  <attribute name="GC Util currently" value="121" />
  <attribute name="CPU Util currently" value="2054115194695" />
<exclusive-end id="1924" timestamp="2019-08-09T21:46:20.429" durationms="8.585" />

<exclusive-start id="1925" timestamp="2019-08-09T21:46:20.456" intervalms="35.288">
  <response-info timems="0.020" idlems="0.020" threads="0" lastid="0000000001DE8F00" lastname="main" />
</exclusive-start>
<allocation-taxation id="1926" taxation-threshold="81788928" timestamp="2019-08-09T21:46:20.456" intervalms="35.275" />
<cycle-start id="1927" type="partial gc" contextid="0" timestamp="2019-08-09T21:46:20.456" intervalms="35.386" />
<gc-start id="1928" type="partial gc" contextid="1927" timestamp="2019-08-09T21:46:20.457">
  <mem-info id="1929" free="98566144" total="299892736" percent="32">
    <mem type="eden" free="2097096" total="83886080" percent="2" />
    <remembered-set count="4640" freebytes="11970560" totalbytes="11989120" percent="99" regionsoverflowed="0" regionsstable="10" regionsrebuilding="0"/>
  </mem-info>
</gc-start>
<allocation-stats totalBytes="81517464" >
  <allocated-bytes non-tlh="0" tlh="81517464" arrayletleaf="0"/>
  <largest-consumer threadName="main" threadId="0000000001DE8F00" bytes="81517464" />
</allocation-stats>
<gc-op id="1930" type="copy forward" timems="8.450" contextid="1927" timestamp="2019-08-09T21:46:20.466">
  <memory-copied type="eden" objects="2" bytes="56" bytesdiscarded="0" />
  <memory-copied type="other" objects="73" bytes="3016" bytesdiscarded="480" />
  <memory-cardclean objects="70" bytes="2072" />
  <regions eden="39" other="2" />
  <remembered-set-cleared processed="170" cleared="8" durationms="0.166" />
  <stringconstants candidates="13838" cleared="0"  />
</gc-op>
<gc-op id="1931" type="classunload" timems="0.008" contextid="1927" timestamp="2019-08-09T21:46:20.466">
  <classunload-info classloadercandidates="54" classloadersunloaded="0" classesunloaded="0" anonymousclassesunloaded="0" quiescems="0.000" setupms="0.008" scanms="0.000" postms="0.000" />
</gc-op>
<gc-end id="1932" type="partial gc" contextid="1927" durationms="9.467" usertimems="19.969" systemtimems="0.000" timestamp="2019-08-09T21:46:20.466" activeThreads="16">
  <mem-info id="1933" free="180355072" total="299892736" percent="60">
    <mem type="eden" free="2097096" total="2097152" percent="99" />
    <remembered-set count="4992" freebytes="11969152" totalbytes="11989120" percent="99" regionsoverflowed="0" regionsstable="10" regionsrebuilding="0"/>
  </mem-info>
</gc-end>
<cycle-end id="1934" type="partial gc" contextid="1927" timestamp="2019-08-09T21:46:20.466" />
  <attribute name="elasticGC enabled" value="1" />
  <attribute name= "numThreadsSpecified" value="16" />
  <attribute name="heapSize specified" value="0" />
  <attribute name="Current GC Util" value="140" />
  <attribute name= "Current Time Running" value="193544" />
  <attribute name ="GC Interval" value="0" />
  <attribute name="Target GC Util Change" value ="80.000000" />
  <attribute name="Current GC Util Change" value="140.000000"/>
  <attribute name="Current Error" value="-65.000000" />
  <attribute name="Output H" value="299968344"/>
  <attribute name="Output I" value="1936"/>
  <attribute name="Output T" value="16"/>
  <attribute name= "Current Time Running" value="193544" />
  <attribute name="GC Util currently" value="140" />
  <attribute name="CPU Util currently" value="2406783399133" />
<exclusive-end id="1935" timestamp="2019-08-09T21:46:20.466" durationms="10.182" />

<exclusive-start id="1936" timestamp="2019-08-09T21:46:20.492" intervalms="36.351">
  <response-info timems="0.023" idlems="0.023" threads="0" lastid="0000000001DE8F00" lastname="main" />
</exclusive-start>
<allocation-taxation id="1937" taxation-threshold="81788928" timestamp="2019-08-09T21:46:20.492" intervalms="36.368" />
<cycle-start id="1938" type="partial gc" contextid="0" timestamp="2019-08-09T21:46:20.493" intervalms="36.436" />
<gc-start id="1939" type="partial gc" contextid="1938" timestamp="2019-08-09T21:46:20.493">
  <mem-info id="1940" free="98566144" total="299892736" percent="32">
    <mem type="eden" free="2097096" total="83886080" percent="2" />
    <remembered-set count="4640" freebytes="11970560" totalbytes="11989120" percent="99" regionsoverflowed="0" regionsstable="10" regionsrebuilding="0"/>
  </mem-info>
</gc-start>
<allocation-stats totalBytes="81517464" >
  <allocated-bytes non-tlh="0" tlh="81517464" arrayletleaf="0"/>
  <largest-consumer threadName="main" threadId="0000000001DE8F00" bytes="81517464" />
</allocation-stats>
<gc-op id="1941" type="copy forward" timems="12.186" contextid="1938" timestamp="2019-08-09T21:46:20.507">
  <memory-copied type="eden" objects="2" bytes="56" bytesdiscarded="736" />
  <memory-copied type="other" objects="73" bytes="3016" bytesdiscarded="776" />
  <memory-cardclean objects="70" bytes="2072" />
  <regions eden="39" other="2" />
  <remembered-set-cleared processed="170" cleared="8" durationms="0.145" />
  <stringconstants candidates="13838" cleared="0"  />
</gc-op>
<gc-op id="1942" type="classunload" timems="0.011" contextid="1938" timestamp="2019-08-09T21:46:20.507">
  <classunload-info classloadercandidates="54" classloadersunloaded="0" classesunloaded="0" anonymousclassesunloaded="0" quiescems="0.000" setupms="0.010" scanms="0.000" postms="0.000" />
</gc-op>
<gc-end id="1943" type="partial gc" contextid="1938" durationms="14.112" usertimems="29.142" systemtimems="2.503" timestamp="2019-08-09T21:46:20.507" activeThreads="16">
  <mem-info id="1944" free="180355072" total="299892736" percent="60">
    <mem type="eden" free="2096360" total="2097152" percent="99" />
    <remembered-set count="4992" freebytes="11969152" totalbytes="11989120" percent="99" regionsoverflowed="0" regionsstable="10" regionsrebuilding="0"/>
  </mem-info>
</gc-end>
<cycle-end id="1945" type="partial gc" contextid="1938" timestamp="2019-08-09T21:46:20.507" />
  <attribute name="elasticGC enabled" value="1" />
  <attribute name= "numThreadsSpecified" value="16" />
  <attribute name="heapSize specified" value="0" />
  <attribute name="Current GC Util" value="206" />
  <attribute name= "Current Time Running" value="193581" />
  <attribute name ="GC Interval" value="0" />
  <attribute name="Target GC Util Change" value ="80.000000" />
  <attribute name="Current GC Util Change" value="206.000000"/>
  <attribute name="Current Error" value="-165.000000" />
  <attribute name="Output H" value="299968232"/>
  <attribute name="Output I" value="1824"/>
  <attribute name="Output T" value="16"/>
  <attribute name= "Current Time Running" value="193581" />
  <attribute name="GC Util currently" value="206" />
  <attribute name="CPU Util currently" value="819914725580" />
<exclusive-end id="1946" timestamp="2019-08-09T21:46:20.507" durationms="14.859" />

<exclusive-start id="1947" timestamp="2019-08-09T21:46:20.533" intervalms="40.931">
  <response-info timems="0.018" idlems="0.018" threads="0" lastid="0000000001DE8F00" lastname="main" />
</exclusive-start>
<allocation-taxation id="1948" taxation-threshold="81788928" timestamp="2019-08-09T21:46:20.533" intervalms="40.914" />
<cycle-start id="1949" type="partial gc" contextid="0" timestamp="2019-08-09T21:46:20.533" intervalms="40.714" />
<gc-start id="1950" type="partial gc" contextid="1949" timestamp="2019-08-09T21:46:20.534">
  <mem-info id="1951" free="98566144" total="299892736" percent="32">
    <mem type="eden" free="2096360" total="83886080" percent="2" />
    <remembered-set count="4640" freebytes="11970560" totalbytes="11989120" percent="99" regionsoverflowed="0" regionsstable="10" regionsrebuilding="0"/>
  </mem-info>
</gc-start>
<allocation-stats totalBytes="81517464" >
  <allocated-bytes non-tlh="0" tlh="81517464" arrayletleaf="0"/>
  <largest-consumer threadName="main" threadId="0000000001DE8F00" bytes="81517464" />
</allocation-stats>
<gc-op id="1952" type="copy forward" timems="9.297" contextid="1949" timestamp="2019-08-09T21:46:20.544">
  <memory-copied type="eden" objects="2" bytes="56" bytesdiscarded="736" />
  <memory-copied type="other" objects="73" bytes="3016" bytesdiscarded="1192" />
  <memory-cardclean objects="70" bytes="2072" />
  <regions eden="39" other="2" />
  <remembered-set-cleared processed="170" cleared="8" durationms="0.192" />
  <stringconstants candidates="13838" cleared="0"  />
</gc-op>
<gc-op id="1953" type="classunload" timems="0.007" contextid="1949" timestamp="2019-08-09T21:46:20.544">
  <classunload-info classloadercandidates="54" classloadersunloaded="0" classesunloaded="0" anonymousclassesunloaded="0" quiescems="0.000" setupms="0.007" scanms="0.000" postms="0.000" />
</gc-op>
<gc-end id="1954" type="partial gc" contextid="1949" durationms="10.296" usertimems="9.578" systemtimems="14.094" timestamp="2019-08-09T21:46:20.544" activeThreads="16">
  <mem-info id="1955" free="180355072" total="299892736" percent="60">
    <mem type="eden" free="2096360" total="2097152" percent="99" />
    <remembered-set count="5504" freebytes="11967104" totalbytes="11989120" percent="99" regionsoverflowed="0" regionsstable="10" regionsrebuilding="0"/>
  </mem-info>
</gc-end>
<cycle-end id="1956" type="partial gc" contextid="1949" timestamp="2019-08-09T21:46:20.544" />
  <attribute name="elasticGC enabled" value="1" />
  <attribute name= "numThreadsSpecified" value="16" />
  <attribute name="heapSize specified" value="0" />
  <attribute name="Current GC Util" value="155" />
  <attribute name= "Current Time Running" value="193621" />
  <attribute name ="GC Interval" value="0" />
  <attribute name="Target GC Util Change" value ="80.000000" />
  <attribute name="Current GC Util Change" value="155.000000"/>
  <attribute name="Current Error" value="-75.000000" />
  <attribute name="Output H" value="299968336"/>
  <attribute name="Output I" value="1928"/>
  <attribute name="Output T" value="16"/>
  <attribute name= "Current Time Running" value="193621" />
  <attribute name="GC Util currently" value="155" />
  <attribute name="CPU Util currently" value="2089928236724" />
<exclusive-end id="1957" timestamp="2019-08-09T21:46:20.544" durationms="10.841" />

<exclusive-start id="1958" timestamp="2019-08-09T21:46:20.570" intervalms="36.481">
  <response-info timems="0.016" idlems="0.016" threads="0" lastid="0000000001DE8F00" lastname="main" />
</exclusive-start>
<allocation-taxation id="1959" taxation-threshold="81788928" timestamp="2019-08-09T21:46:20.570" intervalms="36.479" />
<cycle-start id="1960" type="partial gc" contextid="0" timestamp="2019-08-09T21:46:20.570" intervalms="36.525" />
<gc-start id="1961" type="partial gc" contextid="1960" timestamp="2019-08-09T21:46:20.570">
  <mem-info id="1962" free="98566144" total="299892736" percent="32">
    <mem type="eden" free="2096360" total="83886080" percent="2" />
    <remembered-set count="5152" freebytes="11968512" totalbytes="11989120" percent="99" regionsoverflowed="0" regionsstable="10" regionsrebuilding="0"/>
  </mem-info>
</gc-start>
<allocation-stats totalBytes="81517464" >
  <allocated-bytes non-tlh="0" tlh="81517464" arrayletleaf="0"/>
  <largest-consumer threadName="main" threadId="0000000001DE8F00" bytes="81517464" />
</allocation-stats>
<gc-op id="1963" type="copy forward" timems="7.068" contextid="1960" timestamp="2019-08-09T21:46:20.578">
  <memory-copied type="eden" objects="2" bytes="56" bytesdiscarded="736" />
  <memory-copied type="other" objects="73" bytes="3016" bytesdiscarded="912" />
  <memory-cardclean objects="70" bytes="2072" />
  <regions eden="39" other="2" />
  <remembered-set-cleared processed="171" cleared="9" durationms="0.128" />
  <stringconstants candidates="13838" cleared="0"  />
</gc-op>
<gc-op id="1964" type="classunload" timems="0.009" contextid="1960" timestamp="2019-08-09T21:46:20.578">
  <classunload-info classloadercandidates="54" classloadersunloaded="0" classesunloaded="0" anonymousclassesunloaded="0" quiescems="0.000" setupms="0.008" scanms="0.000" postms="0.000" />
</gc-op>
<gc-end id="1965" type="partial gc" contextid="1960" durationms="8.287" usertimems="13.270" systemtimems="2.831" timestamp="2019-08-09T21:46:20.579" activeThreads="16">
  <mem-info id="1966" free="180355072" total="299892736" percent="60">
    <mem type="eden" free="2096360" total="2097152" percent="99" />
    <remembered-set count="4992" freebytes="11969152" totalbytes="11989120" percent="99" regionsoverflowed="0" regionsstable="10" regionsrebuilding="0"/>
  </mem-info>
</gc-end>
<cycle-end id="1967" type="partial gc" contextid="1960" timestamp="2019-08-09T21:46:20.579" />
  <attribute name="elasticGC enabled" value="1" />
  <attribute name= "numThreadsSpecified" value="16" />
  <attribute name="heapSize specified" value="0" />
  <attribute name="Current GC Util" value="118" />
  <attribute name= "Current Time Running" value="193657" />
  <attribute name ="GC Interval" value="0" />
  <attribute name="Target GC Util Change" value ="80.000000" />
  <attribute name="Current GC Util Change" value="118.000000"/>
  <attribute name="Current Error" value="-97.000000" />
  <attribute name="Output H" value="299968304"/>
  <attribute name="Output I" value="1896"/>
  <attribute name="Output T" value="16"/>
  <attribute name= "Current Time Running" value="193657" />
  <attribute name="GC Util currently" value="118" />
  <attribute name="CPU Util currently" value="2007786932316" />
<exclusive-end id="1968" timestamp="2019-08-09T21:46:20.579" durationms="9.040" />

<exclusive-start id="1969" timestamp="2019-08-09T21:46:20.607" intervalms="37.168">
  <response-info timems="0.021" idlems="0.021" threads="0" lastid="0000000001DE8F00" lastname="main" />
</exclusive-start>
<allocation-taxation id="1970" taxation-threshold="81788928" timestamp="2019-08-09T21:46:20.607" intervalms="37.180" />
<cycle-start id="1971" type="partial gc" contextid="0" timestamp="2019-08-09T21:46:20.607" intervalms="37.160" />
<gc-start id="1972" type="partial gc" contextid="1971" timestamp="2019-08-09T21:46:20.607">
  <mem-info id="1973" free="98566144" total="299892736" percent="32">
    <mem type="eden" free="2096360" total="83886080" percent="2" />
    <remembered-set count="4512" freebytes="11971072" totalbytes="11989120" percent="99" regionsoverflowed="0" regionsstable="10" regionsrebuilding="0"/>
  </mem-info>
</gc-start>
<allocation-stats totalBytes="81283904" >
  <allocated-bytes non-tlh="0" tlh="81283904" arrayletleaf="0"/>
  <largest-consumer threadName="main" threadId="0000000001DE8F00" bytes="81283904" />
</allocation-stats>
<gc-op id="1974" type="copy forward" timems="6.600" contextid="1971" timestamp="2019-08-09T21:46:20.615">
  <memory-copied type="eden" objects="27" bytes="1944" bytesdiscarded="1032" />
  <memory-copied type="other" objects="54" bytes="1296" bytesdiscarded="336" />
  <memory-cardclean objects="85" bytes="2312" />
  <regions eden="39" other="2" />
  <remembered-set-cleared processed="171" cleared="9" durationms="0.126" />
  <stringconstants candidates="13838" cleared="0"  />
</gc-op>
<gc-op id="1975" type="classunload" timems="0.009" contextid="1971" timestamp="2019-08-09T21:46:20.615">
  <classunload-info classloadercandidates="54" classloadersunloaded="0" classesunloaded="0" anonymousclassesunloaded="0" quiescems="0.000" setupms="0.009" scanms="0.000" postms="0.000" />
</gc-op>
<gc-end id="1976" type="partial gc" contextid="1971" durationms="7.767" usertimems="15.236" systemtimems="0.102" timestamp="2019-08-09T21:46:20.615" activeThreads="16">
  <mem-info id="1977" free="180355072" total="299892736" percent="60">
    <mem type="eden" free="2094176" total="2097152" percent="99" />
    <remembered-set count="4992" freebytes="11969152" totalbytes="11989120" percent="99" regionsoverflowed="0" regionsstable="10" regionsrebuilding="0"/>
  </mem-info>
</gc-end>
<cycle-end id="1978" type="partial gc" contextid="1971" timestamp="2019-08-09T21:46:20.615" />
  <attribute name="elasticGC enabled" value="1" />
  <attribute name= "numThreadsSpecified" value="16" />
  <attribute name="heapSize specified" value="0" />
  <attribute name="Current GC Util" value="131" />
  <attribute name= "Current Time Running" value="193695" />
  <attribute name ="GC Interval" value="0" />
  <attribute name="Target GC Util Change" value ="80.000000" />
  <attribute name="Current GC Util Change" value="131.000000"/>
  <attribute name="Current Error" value="-110.000000" />
  <attribute name="Output H" value="299968296"/>
  <attribute name="Output I" value="1888"/>
  <attribute name="Output T" value="16"/>
  <attribute name= "Current Time Running" value="193695" />
  <attribute name="GC Util currently" value="131" />
  <attribute name="CPU Util currently" value="2265685885578" />
<exclusive-end id="1979" timestamp="2019-08-09T21:46:20.616" durationms="8.582" />

<exclusive-start id="1980" timestamp="2019-08-09T21:46:20.644" intervalms="37.167">
  <response-info timems="0.020" idlems="0.020" threads="0" lastid="0000000001DE8F00" lastname="main" />
</exclusive-start>
<allocation-taxation id="1981" taxation-threshold="81788928" timestamp="2019-08-09T21:46:20.644" intervalms="37.160" />
<cycle-start id="1982" type="partial gc" contextid="0" timestamp="2019-08-09T21:46:20.644" intervalms="37.178" />
<gc-start id="1983" type="partial gc" contextid="1982" timestamp="2019-08-09T21:46:20.645">
  <mem-info id="1984" free="98566144" total="299892736" percent="32">
    <mem type="eden" free="0" total="81788928" percent="0" />
    <remembered-set count="4544" freebytes="11970944" totalbytes="11989120" percent="99" regionsoverflowed="0" regionsstable="10" regionsrebuilding="0"/>
  </mem-info>
</gc-start>
<allocation-stats totalBytes="81276240" >
  <allocated-bytes non-tlh="0" tlh="81276240" arrayletleaf="0"/>
  <largest-consumer threadName="main" threadId="0000000001DE8F00" bytes="81276240" />
</allocation-stats>
<gc-op id="1985" type="copy forward" timems="7.137" contextid="1982" timestamp="2019-08-09T21:46:20.653">
  <memory-copied type="eden" objects="2" bytes="64" bytesdiscarded="0" />
  <memory-copied type="other" objects="79" bytes="3176" bytesdiscarded="1008" />
  <memory-cardclean objects="70" bytes="2072" />
  <regions eden="39" other="2" />
  <remembered-set-cleared processed="169" cleared="7" durationms="0.139" />
  <stringconstants candidates="13838" cleared="0"  />
</gc-op>
<gc-op id="1986" type="classunload" timems="0.012" contextid="1982" timestamp="2019-08-09T21:46:20.653">
  <classunload-info classloadercandidates="54" classloadersunloaded="0" classesunloaded="0" anonymousclassesunloaded="0" quiescems="0.000" setupms="0.012" scanms="0.000" postms="0.000" />
</gc-op>
<heap-resize id="1987" type="expand" space="default" amount="4194304" count="1" timems="0.073" reason="excessive time being spent in gc" timestamp="2019-08-09T21:46:20.653" />
<gc-end id="1988" type="partial gc" contextid="1982" durationms="8.368" usertimems="11.320" systemtimems="5.578" timestamp="2019-08-09T21:46:20.653" activeThreads="16">
  <mem-info id="1989" free="182452224" total="304087040" percent="60">
    <mem type="eden" free="2097088" total="2097152" percent="99" />
    <remembered-set count="5504" freebytes="12134784" totalbytes="12156800" percent="99" regionsoverflowed="0" regionsstable="10" regionsrebuilding="0"/>
  </mem-info>
</gc-end>
<cycle-end id="1990" type="partial gc" contextid="1982" timestamp="2019-08-09T21:46:20.653" />
  <attribute name="elasticGC enabled" value="1" />
  <attribute name= "numThreadsSpecified" value="16" />
  <attribute name="heapSize specified" value="0" />
  <attribute name="Current GC Util" value="177" />
  <attribute name= "Current Time Running" value="193732" />
  <attribute name ="GC Interval" value="0" />
  <attribute name="Target GC Util Change" value ="80.000000" />
  <attribute name="Current GC Util Change" value="177.000000"/>
  <attribute name="Current Error" value="-97.000000" />
  <attribute name="Output H" value="299968304"/>
  <attribute name="Output I" value="1896"/>
  <attribute name="Output T" value="16"/>
  <attribute name= "Current Time Running" value="193732" />
  <attribute name="GC Util currently" value="177" />
  <attribute name="CPU Util currently" value="2457573489240" />
<exclusive-end id="1991" timestamp="2019-08-09T21:46:20.653" durationms="9.064" />

<exclusive-start id="1992" timestamp="2019-08-09T21:46:20.680" intervalms="36.223">
  <response-info timems="0.020" idlems="0.020" threads="0" lastid="0000000001DE8F00" lastname="main" />
</exclusive-start>
<allocation-taxation id="1993" taxation-threshold="83886080" timestamp="2019-08-09T21:46:20.680" intervalms="36.222" />
<cycle-start id="1994" type="partial gc" contextid="0" timestamp="2019-08-09T21:46:20.681" intervalms="36.207" />
<gc-start id="1995" type="partial gc" contextid="1994" timestamp="2019-08-09T21:46:20.681">
  <mem-info id="1996" free="98566144" total="304087040" percent="32">
    <mem type="eden" free="2097088" total="85983232" percent="2" />
    <remembered-set count="5184" freebytes="12136064" totalbytes="12156800" percent="99" regionsoverflowed="0" regionsstable="10" regionsrebuilding="0"/>
  </mem-info>
</gc-start>
<allocation-stats totalBytes="83361496" >
  <allocated-bytes non-tlh="0" tlh="83361496" arrayletleaf="0"/>
  <largest-consumer threadName="main" threadId="0000000001DE8F00" bytes="83361496" />
</allocation-stats>
<gc-op id="1997" type="copy forward" timems="7.536" contextid="1994" timestamp="2019-08-09T21:46:20.689">
  <memory-copied type="eden" objects="2" bytes="64" bytesdiscarded="0" />
  <memory-copied type="other" objects="25" bytes="1880" bytesdiscarded="1056" />
  <memory-cardclean objects="43" bytes="1368" />
  <regions eden="40" other="2" />
  <remembered-set-cleared processed="173" cleared="8" durationms="0.139" />
  <stringconstants candidates="13838" cleared="0"  />
</gc-op>
<gc-op id="1998" type="classunload" timems="0.009" contextid="1994" timestamp="2019-08-09T21:46:20.689">
  <classunload-info classloadercandidates="54" classloadersunloaded="0" classesunloaded="0" anonymousclassesunloaded="0" quiescems="0.000" setupms="0.009" scanms="0.000" postms="0.000" />
</gc-op>
<gc-end id="1999" type="partial gc" contextid="1994" durationms="8.587" usertimems="9.755" systemtimems="8.064" timestamp="2019-08-09T21:46:20.689" activeThreads="16">
  <mem-info id="2000" free="182452224" total="304087040" percent="60">
    <mem type="eden" free="2097088" total="2097152" percent="99" />
    <remembered-set count="5568" freebytes="12134528" totalbytes="12156800" percent="99" regionsoverflowed="0" regionsstable="10" regionsrebuilding="0"/>
  </mem-info>
</gc-end>
<cycle-end id="2001" type="partial gc" contextid="1994" timestamp="2019-08-09T21:46:20.689" />
  <attribute name="elasticGC enabled" value="1" />
  <attribute name= "numThreadsSpecified" value="16" />
  <attribute name="heapSize specified" value="0" />
  <attribute name="Current GC Util" value="126" />
  <attribute name= "Current Time Running" value="193768" />
  <attribute name ="GC Interval" value="0" />
  <attribute name="Target GC Util Change" value ="80.000000" />
  <attribute name="Current GC Util Change" value="126.000000"/>
  <attribute name="Current Error" value="-109.000000" />
  <attribute name="Output H" value="304162600"/>
  <attribute name="Output I" value="1888"/>
  <attribute name="Output T" value="16"/>
  <attribute name= "Current Time Running" value="193768" />
  <attribute name="GC Util currently" value="126" />
  <attribute name="CPU Util currently" value="1964988190348" />
<exclusive-end id="2002" timestamp="2019-08-09T21:46:20.690" durationms="9.181" />

<exclusive-start id="2003" timestamp="2019-08-09T21:46:20.717" intervalms="36.750">
  <response-info timems="0.022" idlems="0.022" threads="0" lastid="0000000001DE8F00" lastname="main" />
</exclusive-start>
<allocation-taxation id="2004" taxation-threshold="83886080" timestamp="2019-08-09T21:46:20.717" intervalms="36.764" />
<cycle-start id="2005" type="partial gc" contextid="0" timestamp="2019-08-09T21:46:20.717" intervalms="36.755" />
<gc-start id="2006" type="partial gc" contextid="2005" timestamp="2019-08-09T21:46:20.717">
  <mem-info id="2007" free="98566144" total="304087040" percent="32">
    <mem type="eden" free="2097088" total="85983232" percent="2" />
    <remembered-set count="5184" freebytes="12136064" totalbytes="12156800" percent="99" regionsoverflowed="0" regionsstable="10" regionsrebuilding="0"/>
  </mem-info>
</gc-start>
<allocation-stats totalBytes="83361496" >
  <allocated-bytes non-tlh="0" tlh="83361496" arrayletleaf="0"/>
  <largest-consumer threadName="main" threadId="0000000001DE8F00" bytes="83361496" />
</allocation-stats>
<gc-op id="2008" type="copy forward" timems="7.999" contextid="2005" timestamp="2019-08-09T21:46:20.726">
  <memory-copied type="eden" objects="2" bytes="64" bytesdiscarded="0" />
  <memory-copied type="other" objects="25" bytes="1880" bytesdiscarded="816" />
  <memory-cardclean objects="43" bytes="1368" />
  <regions eden="40" other="2" />
  <remembered-set-cleared processed="173" cleared="8" durationms="0.145" />
  <stringconstants candidates="13838" cleared="0"  />
</gc-op>
<gc-op id="2009" type="classunload" timems="0.006" contextid="2005" timestamp="2019-08-09T21:46:20.726">
  <classunload-info classloadercandidates="54" classloadersunloaded="0" classesunloaded="0" anonymousclassesunloaded="0" quiescems="0.000" setupms="0.006" scanms="0.000" postms="0.000" />
</gc-op>
<gc-end id="2010" type="partial gc" contextid="2005" durationms="8.970" usertimems="17.840" systemtimems="4.122" timestamp="2019-08-09T21:46:20.726" activeThreads="16">
  <mem-info id="2011" free="182452224" total="304087040" percent="60">
    <mem type="eden" free="2097088" total="2097152" percent="99" />
    <remembered-set count="5568" freebytes="12134528" totalbytes="12156800" percent="99" regionsoverflowed="0" regionsstable="10" regionsrebuilding="0"/>
  </mem-info>
</gc-end>
<cycle-end id="2012" type="partial gc" contextid="2005" timestamp="2019-08-09T21:46:20.727" />
  <attribute name="elasticGC enabled" value="1" />
  <attribute name= "numThreadsSpecified" value="16" />
  <attribute name="heapSize specified" value="0" />
  <attribute name="Current GC Util" value="154" />
  <attribute name= "Current Time Running" value="193805" />
  <attribute name ="GC Interval" value="0" />
  <attribute name="Target GC Util Change" value ="80.000000" />
  <attribute name="Current GC Util Change" value="154.000000"/>
  <attribute name="Current Error" value="-151.000000" />
  <attribute name="Output H" value="304162552"/>
  <attribute name="Output I" value="1840"/>
  <attribute name="Output T" value="16"/>
  <attribute name= "Current Time Running" value="193805" />
  <attribute name="GC Util currently" value="154" />
  <attribute name="CPU Util currently" value="2092914015464" />
<exclusive-end id="2013" timestamp="2019-08-09T21:46:20.727" durationms="9.535" />

<exclusive-start id="2014" timestamp="2019-08-09T21:46:20.809" intervalms="91.940">
  <response-info timems="0.022" idlems="0.022" threads="0" lastid="0000000001DE8F00" lastname="main" />
</exclusive-start>
<allocation-taxation id="2015" taxation-threshold="83886080" timestamp="2019-08-09T21:46:20.809" intervalms="91.944" />
<cycle-start id="2016" type="partial gc" contextid="0" timestamp="2019-08-09T21:46:20.809" intervalms="91.969" />
<gc-start id="2017" type="partial gc" contextid="2016" timestamp="2019-08-09T21:46:20.810">
  <mem-info id="2018" free="98566144" total="304087040" percent="32">
    <mem type="eden" free="2097088" total="85983232" percent="2" />
    <remembered-set count="5184" freebytes="12136064" totalbytes="12156800" percent="99" regionsoverflowed="0" regionsstable="10" regionsrebuilding="0"/>
  </mem-info>
</gc-start>
<allocation-stats totalBytes="83867552" >
  <allocated-bytes non-tlh="0" tlh="83867552" arrayletleaf="0"/>
  <largest-consumer threadName="main" threadId="0000000001DE8F00" bytes="83867552" />
</allocation-stats>
<gc-op id="2019" type="copy forward" timems="7.138" contextid="2016" timestamp="2019-08-09T21:46:20.817">
  <memory-copied type="eden" objects="157" bytes="5232" bytesdiscarded="992" />
  <memory-copied type="other" objects="6" bytes="144" bytesdiscarded="0" />
  <memory-cardclean objects="58" bytes="1656" />
  <regions eden="40" other="2" />
  <remembered-set-cleared processed="173" cleared="9" durationms="0.127" />
  <stringconstants candidates="13838" cleared="0"  />
</gc-op>
<gc-op id="2020" type="classunload" timems="0.008" contextid="2016" timestamp="2019-08-09T21:46:20.818">
  <classunload-info classloadercandidates="54" classloadersunloaded="0" classesunloaded="0" anonymousclassesunloaded="0" quiescems="0.000" setupms="0.008" scanms="0.000" postms="0.000" />
</gc-op>
<gc-end id="2021" type="partial gc" contextid="2016" durationms="8.108" usertimems="19.637" systemtimems="0.000" timestamp="2019-08-09T21:46:20.818" activeThreads="16">
  <mem-info id="2022" free="182452224" total="304087040" percent="60">
    <mem type="eden" free="2090928" total="2097152" percent="99" />
    <remembered-set count="5056" freebytes="12136576" totalbytes="12156800" percent="99" regionsoverflowed="0" regionsstable="10" regionsrebuilding="0"/>
  </mem-info>
</gc-end>
<cycle-end id="2023" type="partial gc" contextid="2016" timestamp="2019-08-09T21:46:20.818" />
  <attribute name="elasticGC enabled" value="1" />
  <attribute name= "numThreadsSpecified" value="16" />
  <attribute name="heapSize specified" value="0" />
  <attribute name="Current GC Util" value="121" />
  <attribute name= "Current Time Running" value="193897" />
  <attribute name ="GC Interval" value="0" />
  <attribute name="Target GC Util Change" value ="80.000000" />
  <attribute name="Current GC Util Change" value="121.000000"/>
  <attribute name="Current Error" value="-41.000000" />
  <attribute name="Output H" value="304162680"/>
  <attribute name="Output I" value="1968"/>
  <attribute name="Output T" value="16"/>
  <attribute name= "Current Time Running" value="193897" />
  <attribute name="GC Util currently" value="121" />
  <attribute name="CPU Util currently" value="2195154434108" />
<exclusive-end id="2024" timestamp="2019-08-09T21:46:20.818" durationms="8.853" />

<exclusive-start id="2025" timestamp="2019-08-09T21:46:20.955" intervalms="145.455">
  <response-info timems="0.023" idlems="0.023" threads="0" lastid="0000000001DE8F00" lastname="main" />
</exclusive-start>
<allocation-taxation id="2026" taxation-threshold="83886080" timestamp="2019-08-09T21:46:20.955" intervalms="145.437" />
<cycle-start id="2027" type="partial gc" contextid="0" timestamp="2019-08-09T21:46:20.955" intervalms="145.432" />
<gc-start id="2028" type="partial gc" contextid="2027" timestamp="2019-08-09T21:46:20.955">
  <mem-info id="2029" free="98566144" total="304087040" percent="32">
    <mem type="eden" free="0" total="83886080" percent="0" />
    <remembered-set count="4704" freebytes="12137984" totalbytes="12156800" percent="99" regionsoverflowed="0" regionsstable="10" regionsrebuilding="0"/>
  </mem-info>
</gc-start>
<allocation-stats totalBytes="83864448" >
  <allocated-bytes non-tlh="0" tlh="83864448" arrayletleaf="0"/>
  <largest-consumer threadName="main" threadId="0000000001DE8F00" bytes="83864448" />
</allocation-stats>
<gc-op id="2030" type="copy forward" timems="9.560" contextid="2027" timestamp="2019-08-09T21:46:20.965">
  <memory-copied type="eden" objects="126" bytes="4416" bytesdiscarded="840" />
  <memory-copied type="other" objects="12" bytes="288" bytesdiscarded="744" />
  <memory-cardclean objects="132" bytes="12056" />
  <regions eden="40" other="2" />
  <remembered-set-cleared processed="173" cleared="21" durationms="0.123" />
  <references type="weak" candidates="37" cleared="0" enqueued="0" />
  <stringconstants candidates="13838" cleared="0"  />
</gc-op>
<gc-op id="2031" type="classunload" timems="0.013" contextid="2027" timestamp="2019-08-09T21:46:20.965">
  <classunload-info classloadercandidates="54" classloadersunloaded="0" classesunloaded="0" anonymousclassesunloaded="0" quiescems="0.000" setupms="0.013" scanms="0.000" postms="0.000" />
</gc-op>
<gc-end id="2032" type="partial gc" contextid="2027" durationms="10.608" usertimems="22.727" systemtimems="0.000" timestamp="2019-08-09T21:46:20.966" activeThreads="16">
  <mem-info id="2033" free="180355072" total="304087040" percent="59">
    <mem type="eden" free="2091848" total="2097152" percent="99" />
    <remembered-set count="5248" freebytes="12135808" totalbytes="12156800" percent="99" regionsoverflowed="0" regionsstable="10" regionsrebuilding="0"/>
  </mem-info>
</gc-end>
<cycle-end id="2034" type="partial gc" contextid="2027" timestamp="2019-08-09T21:46:20.966" />
  <attribute name="elasticGC enabled" value="1" />
  <attribute name= "numThreadsSpecified" value="16" />
  <attribute name="heapSize specified" value="0" />
  <attribute name="Current GC Util" value="142" />
  <attribute name= "Current Time Running" value="194042" />
  <attribute name ="GC Interval" value="0" />
  <attribute name="Target GC Util Change" value ="80.000000" />
  <attribute name="Current GC Util Change" value="142.000000"/>
  <attribute name="Current Error" value="-36.000000" />
  <attribute name="Output H" value="304162680"/>
  <attribute name="Output I" value="1968"/>
  <attribute name="Output T" value="16"/>
  <attribute name= "Current Time Running" value="194042" />
  <attribute name="GC Util currently" value="142" />
  <attribute name="CPU Util currently" value="2235530980640" />
<exclusive-end id="2035" timestamp="2019-08-09T21:46:20.966" durationms="11.276" />

<exclusive-start id="2036" timestamp="2019-08-09T21:46:20.994" intervalms="39.212">
  <response-info timems="0.026" idlems="0.026" threads="0" lastid="0000000001DE8F00" lastname="main" />
</exclusive-start>
<allocation-taxation id="2037" taxation-threshold="83886080" timestamp="2019-08-09T21:46:20.994" intervalms="39.234" />
<cycle-start id="2038" type="partial gc" contextid="0" timestamp="2019-08-09T21:46:20.994" intervalms="39.223" />
<gc-start id="2039" type="partial gc" contextid="2038" timestamp="2019-08-09T21:46:20.994">
  <mem-info id="2040" free="96468992" total="304087040" percent="31">
    <mem type="eden" free="0" total="83886080" percent="0" />
    <remembered-set count="4864" freebytes="12137344" totalbytes="12156800" percent="99" regionsoverflowed="0" regionsstable="10" regionsrebuilding="0"/>
  </mem-info>
</gc-start>
<allocation-stats totalBytes="83843248" >
  <allocated-bytes non-tlh="0" tlh="83843248" arrayletleaf="0"/>
  <largest-consumer threadName="main" threadId="0000000001DE8F00" bytes="83843248" />
</allocation-stats>
<gc-op id="2041" type="copy forward" timems="9.823" contextid="2038" timestamp="2019-08-09T21:46:21.005">
  <memory-copied type="eden" objects="5" bytes="256" bytesdiscarded="0" />
  <memory-copied type="other" objects="126" bytes="4336" bytesdiscarded="3096" />
  <memory-cardclean objects="71" bytes="10816" />
  <regions eden="40" other="2" />
  <remembered-set-cleared processed="174" cleared="21" durationms="0.116" />
  <references type="weak" candidates="37" cleared="0" enqueued="0" />
  <stringconstants candidates="13838" cleared="0"  />
</gc-op>
<gc-op id="2042" type="classunload" timems="0.012" contextid="2038" timestamp="2019-08-09T21:46:21.005">
  <classunload-info classloadercandidates="54" classloadersunloaded="0" classesunloaded="0" anonymousclassesunloaded="0" quiescems="0.000" setupms="0.012" scanms="0.000" postms="0.000" />
</gc-op>
<gc-end id="2043" type="partial gc" contextid="2038" durationms="11.251" usertimems="17.069" systemtimems="4.819" timestamp="2019-08-09T21:46:21.005" activeThreads="16">
  <mem-info id="2044" free="178257920" total="304087040" percent="58">
    <mem type="eden" free="2096896" total="2097152" percent="99" />
    <remembered-set count="6304" freebytes="12131584" totalbytes="12156800" percent="99" regionsoverflowed="0" regionsstable="10" regionsrebuilding="0"/>
  </mem-info>
</gc-end>
<cycle-end id="2045" type="partial gc" contextid="2038" timestamp="2019-08-09T21:46:21.005" />
  <attribute name="elasticGC enabled" value="1" />
  <attribute name= "numThreadsSpecified" value="16" />
  <attribute name="heapSize specified" value="0" />
  <attribute name="Current GC Util" value="41" />
  <attribute name= "Current Time Running" value="194082" />
  <attribute name ="GC Interval" value="0" />
  <attribute name="Target GC Util Change" value ="80.000000" />
  <attribute name="Current GC Util Change" value="41.000000"/>
  <attribute name="Current Error" value="25.000000" />
  <attribute name="Output H" value="304162752"/>
  <attribute name="Output I" value="2040"/>
  <attribute name="Output T" value="16"/>
  <attribute name= "Current Time Running" value="194082" />
  <attribute name="GC Util currently" value="41" />
  <attribute name="CPU Util currently" value="1228983221987" />
<exclusive-end id="2046" timestamp="2019-08-09T21:46:21.006" durationms="11.833" />

<exclusive-start id="2047" timestamp="2019-08-09T21:46:21.033" intervalms="38.952">
  <response-info timems="0.019" idlems="0.019" threads="0" lastid="0000000001DE8F00" lastname="main" />
</exclusive-start>
<allocation-taxation id="2048" taxation-threshold="83886080" timestamp="2019-08-09T21:46:21.033" intervalms="38.933" />
<cycle-start id="2049" type="partial gc" contextid="0" timestamp="2019-08-09T21:46:21.033" intervalms="38.943" />
<gc-start id="2050" type="partial gc" contextid="2049" timestamp="2019-08-09T21:46:21.033">
  <mem-info id="2051" free="94371840" total="304087040" percent="31">
    <mem type="eden" free="2096896" total="85983232" percent="2" />
    <remembered-set count="6080" freebytes="12132480" totalbytes="12156800" percent="99" regionsoverflowed="0" regionsstable="10" regionsrebuilding="0"/>
  </mem-info>
</gc-start>
<allocation-stats totalBytes="83843112" >
  <allocated-bytes non-tlh="0" tlh="83843112" arrayletleaf="0"/>
  <largest-consumer threadName="main" threadId="0000000001DE8F00" bytes="83843112" />
</allocation-stats>
<gc-op id="2052" type="copy forward" timems="8.487" contextid="2049" timestamp="2019-08-09T21:46:21.044">
  <memory-copied type="eden" objects="6" bytes="304" bytesdiscarded="0" />
  <memory-copied type="other" objects="120" bytes="4192" bytesdiscarded="1416" />
  <memory-cardclean objects="66" bytes="10688" />
  <regions eden="40" other="2" />
  <remembered-set-cleared processed="176" cleared="20" durationms="0.187" />
  <references type="weak" candidates="37" cleared="0" enqueued="0" />
  <stringconstants candidates="13838" cleared="0"  />
</gc-op>
<gc-op id="2053" type="classunload" timems="0.008" contextid="2049" timestamp="2019-08-09T21:46:21.044">
  <classunload-info classloadercandidates="54" classloadersunloaded="0" classesunloaded="0" anonymousclassesunloaded="0" quiescems="0.000" setupms="0.008" scanms="0.000" postms="0.000" />
</gc-op>
<heap-resize id="2054" type="expand" space="default" amount="10485760" count="1" timems="0.102" reason="excessive time being spent in gc" timestamp="2019-08-09T21:46:21.044" />
<gc-end id="2055" type="partial gc" contextid="2049" durationms="11.075" usertimems="12.935" systemtimems="8.565" timestamp="2019-08-09T21:46:21.044" activeThreads="16">
  <mem-info id="2056" free="188743680" total="314572800" percent="60">
    <mem type="eden" free="2096848" total="2097152" percent="99" />
    <remembered-set count="5312" freebytes="12554752" totalbytes="12576000" percent="99" regionsoverflowed="0" regionsstable="10" regionsrebuilding="0"/>
  </mem-info>
</gc-end>
<cycle-end id="2057" type="partial gc" contextid="2049" timestamp="2019-08-09T21:46:21.044" />
  <attribute name="elasticGC enabled" value="1" />
  <attribute name= "numThreadsSpecified" value="16" />
  <attribute name="heapSize specified" value="0" />
  <attribute name="Current GC Util" value="66" />
  <attribute name= "Current Time Running" value="194122" />
  <attribute name ="GC Interval" value="0" />
  <attribute name="Target GC Util Change" value ="80.000000" />
  <attribute name="Current GC Util Change" value="66.000000"/>
  <attribute name="Current Error" value="14.000000" />
  <attribute name="Output H" value="304162736"/>
  <attribute name="Output I" value="2024"/>
  <attribute name="Output T" value="16"/>
  <attribute name= "Current Time Running" value="194122" />
  <attribute name="GC Util currently" value="66" />
  <attribute name="CPU Util currently" value="575876498409" />
<exclusive-end id="2058" timestamp="2019-08-09T21:46:21.044" durationms="11.695" />

<exclusive-start id="2059" timestamp="2019-08-09T21:46:21.073" intervalms="40.553">
  <response-info timems="0.031" idlems="0.031" threads="0" lastid="0000000001DE8F00" lastname="main" />
</exclusive-start>
<allocation-taxation id="2060" taxation-threshold="85983232" timestamp="2019-08-09T21:46:21.073" intervalms="40.623" />
<cycle-start id="2061" type="partial gc" contextid="0" timestamp="2019-08-09T21:46:21.074" intervalms="41.118" />
<gc-start id="2062" type="partial gc" contextid="2061" timestamp="2019-08-09T21:46:21.074">
  <mem-info id="2063" free="102760448" total="314572800" percent="32">
    <mem type="eden" free="2096848" total="88080384" percent="2" />
    <remembered-set count="5088" freebytes="12555648" totalbytes="12576000" percent="99" regionsoverflowed="0" regionsstable="10" regionsrebuilding="0"/>
  </mem-info>
</gc-start>
<allocation-stats totalBytes="85921656" >
  <allocated-bytes non-tlh="0" tlh="85921656" arrayletleaf="0"/>
  <largest-consumer threadName="main" threadId="0000000001DE8F00" bytes="85921656" />
</allocation-stats>
<gc-op id="2064" type="copy forward" timems="8.309" contextid="2061" timestamp="2019-08-09T21:46:21.085">
  <memory-copied type="eden" objects="23" bytes="992" bytesdiscarded="696" />
  <memory-copied type="other" objects="109" bytes="3784" bytesdiscarded="3104" />
  <memory-cardclean objects="81" bytes="10976" />
  <regions eden="41" other="2" />
  <remembered-set-cleared processed="176" cleared="21" durationms="0.364" />
  <references type="weak" candidates="37" cleared="0" enqueued="0" />
  <stringconstants candidates="13838" cleared="0"  />
</gc-op>
<gc-op id="2065" type="classunload" timems="0.012" contextid="2061" timestamp="2019-08-09T21:46:21.085">
  <classunload-info classloadercandidates="54" classloadersunloaded="0" classesunloaded="0" anonymousclassesunloaded="0" quiescems="0.000" setupms="0.012" scanms="0.000" postms="0.000" />
</gc-op>
<gc-end id="2066" type="partial gc" contextid="2061" durationms="10.788" usertimems="10.932" systemtimems="11.151" timestamp="2019-08-09T21:46:21.085" activeThreads="16">
  <mem-info id="2067" free="188743680" total="314572800" percent="60">
    <mem type="eden" free="2095464" total="2097152" percent="99" />
    <remembered-set count="5792" freebytes="12552832" totalbytes="12576000" percent="99" regionsoverflowed="0" regionsstable="10" regionsrebuilding="0"/>
  </mem-info>
</gc-end>
<cycle-end id="2068" type="partial gc" contextid="2061" timestamp="2019-08-09T21:46:21.085" />
  <attribute name="elasticGC enabled" value="1" />
  <attribute name= "numThreadsSpecified" value="16" />
  <attribute name="heapSize specified" value="0" />
  <attribute name="Current GC Util" value="183" />
  <attribute name= "Current Time Running" value="194163" />
  <attribute name ="GC Interval" value="0" />
  <attribute name="Target GC Util Change" value ="80.000000" />
  <attribute name="Current GC Util Change" value="183.000000"/>
  <attribute name="Current Error" value="-60.000000" />
  <attribute name="Output H" value="314648416"/>
  <attribute name="Output I" value="1944"/>
  <attribute name="Output T" value="16"/>
  <attribute name= "Current Time Running" value="194163" />
  <attribute name="GC Util currently" value="183" />
  <attribute name="CPU Util currently" value="819409494632" />
<exclusive-end id="2069" timestamp="2019-08-09T21:46:21.085" durationms="12.042" />

<exclusive-start id="2070" timestamp="2019-08-09T21:46:21.144" intervalms="70.277">
  <response-info timems="0.015" idlems="0.015" threads="0" lastid="0000000001DE8F00" lastname="main" />
</exclusive-start>
<allocation-taxation id="2071" taxation-threshold="85983232" timestamp="2019-08-09T21:46:21.144" intervalms="70.204" />
<cycle-start id="2072" type="partial gc" contextid="0" timestamp="2019-08-09T21:46:21.144" intervalms="69.725" />
<gc-start id="2073" type="partial gc" contextid="2072" timestamp="2019-08-09T21:46:21.144">
  <mem-info id="2074" free="102760448" total="314572800" percent="32">
    <mem type="eden" free="0" total="85983232" percent="0" />
    <remembered-set count="5632" freebytes="12553472" totalbytes="12576000" percent="99" regionsoverflowed="0" regionsstable="10" regionsrebuilding="0"/>
  </mem-info>
</gc-start>
<allocation-stats totalBytes="85932144" >
  <allocated-bytes non-tlh="0" tlh="85932144" arrayletleaf="0"/>
  <largest-consumer threadName="main" threadId="0000000001DE8F00" bytes="85932144" />
</allocation-stats>
<gc-op id="2075" type="copy forward" timems="11.951" contextid="2072" timestamp="2019-08-09T21:46:21.157">
  <memory-copied type="eden" objects="35" bytes="1360" bytesdiscarded="672" />
  <memory-copied type="other" objects="115" bytes="3928" bytesdiscarded="2296" />
  <memory-cardclean objects="86" bytes="11104" />
  <regions eden="41" other="2" />
  <remembered-set-cleared processed="176" cleared="22" durationms="0.196" />
  <references type="weak" candidates="37" cleared="0" enqueued="0" />
  <stringconstants candidates="13838" cleared="0"  />
</gc-op>
<gc-op id="2076" type="classunload" timems="0.013" contextid="2072" timestamp="2019-08-09T21:46:21.157">
  <classunload-info classloadercandidates="54" classloadersunloaded="0" classesunloaded="0" anonymousclassesunloaded="0" quiescems="0.000" setupms="0.013" scanms="0.000" postms="0.000" />
</gc-op>
<heap-resize id="2077" type="expand" space="default" amount="6291456" count="1" timems="0.082" reason="excessive time being spent in gc" timestamp="2019-08-09T21:46:21.157" />
<gc-end id="2078" type="partial gc" contextid="2072" durationms="13.183" usertimems="16.489" systemtimems="12.538" timestamp="2019-08-09T21:46:21.157" activeThreads="16">
  <mem-info id="2079" free="192937984" total="320864256" percent="60">
    <mem type="eden" free="2095120" total="2097152" percent="99" />
    <remembered-set count="5760" freebytes="12804480" totalbytes="12827520" percent="99" regionsoverflowed="0" regionsstable="10" regionsrebuilding="0"/>
  </mem-info>
</gc-end>
<cycle-end id="2080" type="partial gc" contextid="2072" timestamp="2019-08-09T21:46:21.157" />
  <attribute name="elasticGC enabled" value="1" />
  <attribute name= "numThreadsSpecified" value="16" />
  <attribute name="heapSize specified" value="0" />
  <attribute name="Current GC Util" value="197" />
  <attribute name= "Current Time Running" value="194231" />
  <attribute name ="GC Interval" value="0" />
  <attribute name="Target GC Util Change" value ="80.000000" />
  <attribute name="Current GC Util Change" value="197.000000"/>
  <attribute name="Current Error" value="-126.000000" />
  <attribute name="Output H" value="314648336"/>
  <attribute name="Output I" value="1864"/>
  <attribute name="Output T" value="16"/>
  <attribute name= "Current Time Running" value="194231" />
  <attribute name="GC Util currently" value="197" />
  <attribute name="CPU Util currently" value="2111825287138" />
<exclusive-end id="2081" timestamp="2019-08-09T21:46:21.157" durationms="13.782" />

<exclusive-start id="2082" timestamp="2019-08-09T21:46:21.353" intervalms="209.708">
  <response-info timems="0.022" idlems="0.022" threads="0" lastid="0000000001DE8F00" lastname="main" />
</exclusive-start>
<allocation-taxation id="2083" taxation-threshold="88080384" timestamp="2019-08-09T21:46:21.353" intervalms="209.710" />
<cycle-start id="2084" type="partial gc" contextid="0" timestamp="2019-08-09T21:46:21.353" intervalms="209.680" />
<gc-start id="2085" type="partial gc" contextid="2084" timestamp="2019-08-09T21:46:21.354">
  <mem-info id="2086" free="104857600" total="320864256" percent="32">
    <mem type="eden" free="0" total="88080384" percent="0" />
    <remembered-set count="5728" freebytes="12804608" totalbytes="12827520" percent="99" regionsoverflowed="0" regionsstable="10" regionsrebuilding="0"/>
  </mem-info>
</gc-start>
<allocation-stats totalBytes="85411944" >
  <allocated-bytes non-tlh="0" tlh="85411944" arrayletleaf="0"/>
  <largest-consumer threadName="main" threadId="0000000001DE8F00" bytes="85411944" />
</allocation-stats>
<gc-op id="2087" type="copy forward" timems="11.122" contextid="2084" timestamp="2019-08-09T21:46:21.366">
  <memory-copied type="eden" objects="67" bytes="41272" bytesdiscarded="1176" />
  <memory-copied type="other" objects="12" bytes="288" bytesdiscarded="720" />
  <memory-cardclean objects="90" bytes="2456" />
  <regions eden="42" other="2" />
  <remembered-set-cleared processed="182" cleared="12" durationms="0.143" />
  <stringconstants candidates="13838" cleared="0"  />
</gc-op>
<gc-op id="2088" type="classunload" timems="0.009" contextid="2084" timestamp="2019-08-09T21:46:21.366">
  <classunload-info classloadercandidates="54" classloadersunloaded="0" classesunloaded="0" anonymousclassesunloaded="0" quiescems="0.000" setupms="0.009" scanms="0.000" postms="0.000" />
</gc-op>
<gc-end id="2089" type="partial gc" contextid="2084" durationms="13.045" usertimems="28.339" systemtimems="0.000" timestamp="2019-08-09T21:46:21.367" activeThreads="16">
  <mem-info id="2090" free="190840832" total="320864256" percent="59">
    <mem type="eden" free="2054704" total="2097152" percent="97" />
    <remembered-set count="4960" freebytes="12807680" totalbytes="12827520" percent="99" regionsoverflowed="0" regionsstable="10" regionsrebuilding="0"/>
  </mem-info>
</gc-end>
<cycle-end id="2091" type="partial gc" contextid="2084" timestamp="2019-08-09T21:46:21.367" />
  <attribute name="elasticGC enabled" value="1" />
  <attribute name= "numThreadsSpecified" value="16" />
  <attribute name="heapSize specified" value="0" />
  <attribute name="Current GC Util" value="220" />
  <attribute name= "Current Time Running" value="194442" />
  <attribute name ="GC Interval" value="0" />
  <attribute name="Target GC Util Change" value ="80.000000" />
  <attribute name="Current GC Util Change" value="220.000000"/>
  <attribute name="Current Error" value="-140.000000" />
  <attribute name="Output H" value="320939776"/>
  <attribute name="Output I" value="1848"/>
  <attribute name="Output T" value="16"/>
  <attribute name= "Current Time Running" value="194442" />
  <attribute name="GC Util currently" value="220" />
  <attribute name="CPU Util currently" value="800637671675" />
<exclusive-end id="2092" timestamp="2019-08-09T21:46:21.367" durationms="13.715" />

<exclusive-start id="2093" timestamp="2019-08-09T21:46:21.516" intervalms="163.055">
  <response-info timems="0.019" idlems="0.019" threads="0" lastid="0000000001DE8F00" lastname="main" />
</exclusive-start>
<allocation-taxation id="2094" taxation-threshold="88080384" timestamp="2019-08-09T21:46:21.516" intervalms="163.051" />
<cycle-start id="2095" type="partial gc" contextid="0" timestamp="2019-08-09T21:46:21.516" intervalms="163.066" />
<gc-start id="2096" type="partial gc" contextid="2095" timestamp="2019-08-09T21:46:21.517">
  <mem-info id="2097" free="102760448" total="320864256" percent="32">
    <mem type="eden" free="0" total="88080384" percent="0" />
    <remembered-set count="4800" freebytes="12808320" totalbytes="12827520" percent="99" regionsoverflowed="0" regionsstable="10" regionsrebuilding="0"/>
  </mem-info>
</gc-start>
<allocation-stats totalBytes="88071640" >
  <allocated-bytes non-tlh="0" tlh="88071640" arrayletleaf="0"/>
  <largest-consumer threadName="main" threadId="0000000001DE8F00" bytes="88071640" />
</allocation-stats>
<gc-op id="2098" type="copy forward" timems="9.137" contextid="2095" timestamp="2019-08-09T21:46:21.527">
  <memory-copied type="eden" objects="41" bytes="1216" bytesdiscarded="528" />
  <memory-copied type="other" objects="42" bytes="1008" bytesdiscarded="1344" />
  <memory-cardclean objects="113" bytes="3280" />
  <regions eden="42" other="2" />
  <remembered-set-cleared processed="183" cleared="18" durationms="0.191" />
  <stringconstants candidates="13838" cleared="0"  />
</gc-op>
<gc-op id="2099" type="classunload" timems="0.009" contextid="2095" timestamp="2019-08-09T21:46:21.527">
  <classunload-info classloadercandidates="54" classloadersunloaded="0" classesunloaded="0" anonymousclassesunloaded="0" quiescems="0.000" setupms="0.008" scanms="0.000" postms="0.000" />
</gc-op>
<gc-end id="2100" type="partial gc" contextid="2095" durationms="10.597" usertimems="24.027" systemtimems="0.000" timestamp="2019-08-09T21:46:21.527" activeThreads="16">
  <mem-info id="2101" free="188743680" total="320864256" percent="58">
    <mem type="eden" free="2095408" total="2097152" percent="99" />
    <remembered-set count="5344" freebytes="12806144" totalbytes="12827520" percent="99" regionsoverflowed="0" regionsstable="10" regionsrebuilding="0"/>
  </mem-info>
</gc-end>
<cycle-end id="2102" type="partial gc" contextid="2095" timestamp="2019-08-09T21:46:21.527" />
  <attribute name="elasticGC enabled" value="1" />
  <attribute name= "numThreadsSpecified" value="16" />
  <attribute name="heapSize specified" value="0" />
  <attribute name="Current GC Util" value="168" />
  <attribute name= "Current Time Running" value="194604" />
  <attribute name ="GC Interval" value="0" />
  <attribute name="Target GC Util Change" value ="80.000000" />
  <attribute name="Current GC Util Change" value="168.000000"/>
  <attribute name="Current Error" value="-163.000000" />
  <attribute name="Output H" value="320939752"/>
  <attribute name="Output I" value="1824"/>
  <attribute name="Output T" value="16"/>
  <attribute name= "Current Time Running" value="194604" />
  <attribute name="GC Util currently" value="168" />
  <attribute name="CPU Util currently" value="1183031979536" />
<exclusive-end id="2103" timestamp="2019-08-09T21:46:21.528" durationms="11.258" />

<exclusive-start id="2104" timestamp="2019-08-09T21:46:21.614" intervalms="97.460">
  <response-info timems="0.017" idlems="0.017" threads="0" lastid="0000000001DE8F00" lastname="main" />
</exclusive-start>
<allocation-taxation id="2105" taxation-threshold="88080384" timestamp="2019-08-09T21:46:21.614" intervalms="97.460" />
<cycle-start id="2106" type="partial gc" contextid="0" timestamp="2019-08-09T21:46:21.614" intervalms="97.445" />
<gc-start id="2107" type="partial gc" contextid="2106" timestamp="2019-08-09T21:46:21.614">
  <mem-info id="2108" free="100663296" total="320864256" percent="31">
    <mem type="eden" free="0" total="88080384" percent="0" />
    <remembered-set count="5184" freebytes="12806784" totalbytes="12827520" percent="99" regionsoverflowed="0" regionsstable="10" regionsrebuilding="0"/>
  </mem-info>
</gc-start>
<allocation-stats totalBytes="88054744" >
  <allocated-bytes non-tlh="0" tlh="88054744" arrayletleaf="0"/>
  <largest-consumer threadName="main" threadId="0000000001DE8F00" bytes="88054744" />
</allocation-stats>
<gc-op id="2109" type="copy forward" timems="7.101" contextid="2106" timestamp="2019-08-09T21:46:21.622">
  <memory-copied type="eden" objects="42" bytes="1232" bytesdiscarded="2616" />
  <memory-copied type="other" objects="64" bytes="1608" bytesdiscarded="720" />
  <memory-cardclean objects="134" bytes="3920" />
  <regions eden="42" other="2" />
  <remembered-set-cleared processed="182" cleared="17" durationms="0.154" />
  <stringconstants candidates="13838" cleared="0"  />
</gc-op>
<gc-op id="2110" type="classunload" timems="0.007" contextid="2106" timestamp="2019-08-09T21:46:21.622">
  <classunload-info classloadercandidates="54" classloadersunloaded="0" classesunloaded="0" anonymousclassesunloaded="0" quiescems="0.000" setupms="0.006" scanms="0.000" postms="0.000" />
</gc-op>
<gc-end id="2111" type="partial gc" contextid="2106" durationms="8.124" usertimems="18.102" systemtimems="0.000" timestamp="2019-08-09T21:46:21.622" activeThreads="16">
  <mem-info id="2112" free="186646528" total="320864256" percent="58">
    <mem type="eden" free="2093304" total="2097152" percent="99" />
    <remembered-set count="6880" freebytes="12800000" totalbytes="12827520" percent="99" regionsoverflowed="0" regionsstable="10" regionsrebuilding="0"/>
  </mem-info>
</gc-end>
<cycle-end id="2113" type="partial gc" contextid="2106" timestamp="2019-08-09T21:46:21.622" />
  <attribute name="elasticGC enabled" value="1" />
  <attribute name= "numThreadsSpecified" value="16" />
  <attribute name="heapSize specified" value="0" />
  <attribute name="Current GC Util" value="135" />
  <attribute name= "Current Time Running" value="194701" />
  <attribute name ="GC Interval" value="0" />
  <attribute name="Target GC Util Change" value ="80.000000" />
  <attribute name="Current GC Util Change" value="135.000000"/>
  <attribute name="Current Error" value="-161.000000" />
  <attribute name="Output H" value="320939752"/>
  <attribute name="Output I" value="1824"/>
  <attribute name="Output T" value="16"/>
  <attribute name= "Current Time Running" value="194701" />
  <attribute name="GC Util currently" value="135" />
  <attribute name="CPU Util currently" value="2025604559318" />
<exclusive-end id="2114" timestamp="2019-08-09T21:46:21.622" durationms="8.639" />

<exclusive-start id="2115" timestamp="2019-08-09T21:46:21.736" intervalms="122.670">
  <response-info timems="0.020" idlems="0.020" threads="0" lastid="0000000001DE8F00" lastname="main" />
</exclusive-start>
<allocation-taxation id="2116" taxation-threshold="88080384" timestamp="2019-08-09T21:46:21.736" intervalms="122.671" />
<cycle-start id="2117" type="partial gc" contextid="0" timestamp="2019-08-09T21:46:21.737" intervalms="122.693" />
<gc-start id="2118" type="partial gc" contextid="2117" timestamp="2019-08-09T21:46:21.737">
  <mem-info id="2119" free="98566144" total="320864256" percent="30">
    <mem type="eden" free="0" total="88080384" percent="0" />
    <remembered-set count="6432" freebytes="12801792" totalbytes="12827520" percent="99" regionsoverflowed="0" regionsstable="10" regionsrebuilding="0"/>
  </mem-info>
</gc-start>
<allocation-stats totalBytes="88070976" >
  <allocated-bytes non-tlh="0" tlh="88070976" arrayletleaf="0"/>
  <largest-consumer threadName="main" threadId="0000000001DE8F00" bytes="88070976" />
</allocation-stats>
<gc-op id="2120" type="copy forward" timems="8.396" contextid="2117" timestamp="2019-08-09T21:46:21.746">
  <memory-copied type="eden" objects="35" bytes="1056" bytesdiscarded="1320" />
  <memory-copied type="other" objects="47" bytes="1224" bytesdiscarded="2448" />
  <memory-cardclean objects="107" bytes="3192" />
  <regions eden="42" other="2" />
  <remembered-set-cleared processed="187" cleared="13" durationms="0.155" />
  <stringconstants candidates="13838" cleared="0"  />
</gc-op>
<gc-op id="2121" type="classunload" timems="0.007" contextid="2117" timestamp="2019-08-09T21:46:21.746">
  <classunload-info classloadercandidates="54" classloadersunloaded="0" classesunloaded="0" anonymousclassesunloaded="0" quiescems="0.000" setupms="0.007" scanms="0.000" postms="0.000" />
</gc-op>
<gc-end id="2122" type="partial gc" contextid="2117" durationms="9.408" usertimems="17.827" systemtimems="0.000" timestamp="2019-08-09T21:46:21.746" activeThreads="16">
  <mem-info id="2123" free="184549376" total="320864256" percent="57">
    <mem type="eden" free="2094776" total="2097152" percent="99" />
    <remembered-set count="5632" freebytes="12804992" totalbytes="12827520" percent="99" regionsoverflowed="0" regionsstable="10" regionsrebuilding="0"/>
  </mem-info>
</gc-end>
<cycle-end id="2124" type="partial gc" contextid="2117" timestamp="2019-08-09T21:46:21.746" />
  <attribute name="elasticGC enabled" value="1" />
  <attribute name= "numThreadsSpecified" value="16" />
  <attribute name="heapSize specified" value="0" />
  <attribute name="Current GC Util" value="136" />
  <attribute name= "Current Time Running" value="194824" />
  <attribute name ="GC Interval" value="0" />
  <attribute name="Target GC Util Change" value ="80.000000" />
  <attribute name="Current GC Util Change" value="136.000000"/>
  <attribute name="Current Error" value="-56.000000" />
  <attribute name="Output H" value="320939872"/>
  <attribute name="Output I" value="1944"/>
  <attribute name="Output T" value="16"/>
  <attribute name= "Current Time Running" value="194824" />
  <attribute name="GC Util currently" value="136" />
  <attribute name="CPU Util currently" value="1937119878304" />
<exclusive-end id="2125" timestamp="2019-08-09T21:46:21.746" durationms="9.996" />

<exclusive-start id="2126" timestamp="2019-08-09T21:46:21.948" intervalms="211.675">
  <response-info timems="0.016" idlems="0.016" threads="0" lastid="0000000001DE8F00" lastname="main" />
</exclusive-start>
<allocation-taxation id="2127" taxation-threshold="88080384" timestamp="2019-08-09T21:46:21.948" intervalms="211.674" />
<cycle-start id="2128" type="partial gc" contextid="0" timestamp="2019-08-09T21:46:21.948" intervalms="211.674" />
<gc-start id="2129" type="partial gc" contextid="2128" timestamp="2019-08-09T21:46:21.948">
  <mem-info id="2130" free="96468992" total="320864256" percent="30">
    <mem type="eden" free="0" total="88080384" percent="0" />
    <remembered-set count="5408" freebytes="12805888" totalbytes="12827520" percent="99" regionsoverflowed="0" regionsstable="10" regionsrebuilding="0"/>
  </mem-info>
</gc-start>
<allocation-stats totalBytes="88074512" >
  <allocated-bytes non-tlh="0" tlh="88074512" arrayletleaf="0"/>
  <largest-consumer threadName="main" threadId="0000000001DE8F00" bytes="88074512" />
</allocation-stats>
<gc-op id="2131" type="copy forward" timems="6.184" contextid="2128" timestamp="2019-08-09T21:46:21.956">
  <memory-copied type="eden" objects="58" bytes="1536" bytesdiscarded="528" />
  <memory-copied type="other" objects="31" bytes="768" bytesdiscarded="4080" />
  <memory-cardclean objects="137" bytes="3872" />
  <regions eden="42" other="2" />
  <remembered-set-cleared processed="191" cleared="18" durationms="0.116" />
  <stringconstants candidates="13838" cleared="0"  />
</gc-op>
<gc-op id="2132" type="classunload" timems="0.009" contextid="2128" timestamp="2019-08-09T21:46:21.956">
  <classunload-info classloadercandidates="54" classloadersunloaded="0" classesunloaded="0" anonymousclassesunloaded="0" quiescems="0.000" setupms="0.008" scanms="0.000" postms="0.000" />
</gc-op>
<gc-end id="2133" type="partial gc" contextid="2128" durationms="7.214" usertimems="16.302" systemtimems="0.000" timestamp="2019-08-09T21:46:21.956" activeThreads="16">
  <mem-info id="2134" free="182452224" total="320864256" percent="56">
    <mem type="eden" free="2095088" total="2097152" percent="99" />
    <remembered-set count="6656" freebytes="12800896" totalbytes="12827520" percent="99" regionsoverflowed="0" regionsstable="10" regionsrebuilding="0"/>
  </mem-info>
</gc-end>
<cycle-end id="2135" type="partial gc" contextid="2128" timestamp="2019-08-09T21:46:21.956" />
  <attribute name="elasticGC enabled" value="1" />
  <attribute name= "numThreadsSpecified" value="16" />
  <attribute name="heapSize specified" value="0" />
  <attribute name="Current GC Util" value="133" />
  <attribute name= "Current Time Running" value="195036" />
  <attribute name ="GC Interval" value="0" />
  <attribute name="Target GC Util Change" value ="80.000000" />
  <attribute name="Current GC Util Change" value="133.000000"/>
  <attribute name="Current Error" value="-37.000000" />
  <attribute name="Output H" value="320939896"/>
  <attribute name="Output I" value="1968"/>
  <attribute name="Output T" value="16"/>
  <attribute name= "Current Time Running" value="195036" />
  <attribute name="GC Util currently" value="133" />
  <attribute name="CPU Util currently" value="2030016444106" />
<exclusive-end id="2136" timestamp="2019-08-09T21:46:21.956" durationms="7.879" />

<exclusive-start id="2137" timestamp="2019-08-09T21:46:22.029" intervalms="80.494">
  <response-info timems="0.019" idlems="0.019" threads="0" lastid="0000000001DE8F00" lastname="main" />
</exclusive-start>
<allocation-taxation id="2138" taxation-threshold="88080384" timestamp="2019-08-09T21:46:22.029" intervalms="80.494" />
<cycle-start id="2139" type="partial gc" contextid="0" timestamp="2019-08-09T21:46:22.029" intervalms="80.455" />
<gc-start id="2140" type="partial gc" contextid="2139" timestamp="2019-08-09T21:46:22.029">
  <mem-info id="2141" free="94371840" total="320864256" percent="29">
    <mem type="eden" free="0" total="88080384" percent="0" />
    <remembered-set count="6208" freebytes="12802688" totalbytes="12827520" percent="99" regionsoverflowed="0" regionsstable="10" regionsrebuilding="0"/>
  </mem-info>
</gc-start>
<allocation-stats totalBytes="88074040" >
  <allocated-bytes non-tlh="0" tlh="88074040" arrayletleaf="0"/>
  <largest-consumer threadName="main" threadId="0000000001DE8F00" bytes="88074040" />
</allocation-stats>
<gc-op id="2142" type="copy forward" timems="7.226" contextid="2139" timestamp="2019-08-09T21:46:22.037">
  <memory-copied type="eden" objects="31" bytes="944" bytesdiscarded="672" />
  <memory-copied type="other" objects="54" bytes="1296" bytesdiscarded="1464" />
  <memory-cardclean objects="115" bytes="3216" />
  <regions eden="42" other="2" />
  <remembered-set-cleared processed="195" cleared="18" durationms="0.150" />
  <stringconstants candidates="13838" cleared="0"  />
</gc-op>
<gc-op id="2143" type="classunload" timems="0.009" contextid="2139" timestamp="2019-08-09T21:46:22.037">
  <classunload-info classloadercandidates="54" classloadersunloaded="0" classesunloaded="0" anonymousclassesunloaded="0" quiescems="0.000" setupms="0.008" scanms="0.000" postms="0.000" />
</gc-op>
<gc-end id="2144" type="partial gc" contextid="2139" durationms="8.193" usertimems="17.340" systemtimems="0.000" timestamp="2019-08-09T21:46:22.037" activeThreads="16">
  <mem-info id="2145" free="180355072" total="320864256" percent="56">
    <mem type="eden" free="2095536" total="2097152" percent="99" />
    <remembered-set count="5856" freebytes="12804096" totalbytes="12827520" percent="99" regionsoverflowed="0" regionsstable="10" regionsrebuilding="0"/>
  </mem-info>
</gc-end>
<cycle-end id="2146" type="partial gc" contextid="2139" timestamp="2019-08-09T21:46:22.037" />
  <attribute name="elasticGC enabled" value="1" />
  <attribute name= "numThreadsSpecified" value="16" />
  <attribute name="heapSize specified" value="0" />
  <attribute name="Current GC Util" value="144" />
  <attribute name= "Current Time Running" value="195116" />
  <attribute name ="GC Interval" value="0" />
  <attribute name="Target GC Util Change" value ="80.000000" />
  <attribute name="Current GC Util Change" value="144.000000"/>
  <attribute name="Current Error" value="-40.000000" />
  <attribute name="Output H" value="320939896"/>
  <attribute name="Output I" value="1968"/>
  <attribute name="Output T" value="16"/>
  <attribute name= "Current Time Running" value="195116" />
  <attribute name="GC Util currently" value="144" />
  <attribute name="CPU Util currently" value="2346875672482" />
<exclusive-end id="2147" timestamp="2019-08-09T21:46:22.037" durationms="8.783" />

<exclusive-start id="2148" timestamp="2019-08-09T21:46:22.190" intervalms="161.274">
  <response-info timems="0.020" idlems="0.020" threads="0" lastid="0000000001DE8F00" lastname="main" />
</exclusive-start>
<allocation-taxation id="2149" taxation-threshold="88080384" timestamp="2019-08-09T21:46:22.190" intervalms="161.275" />
<cycle-start id="2150" type="partial gc" contextid="0" timestamp="2019-08-09T21:46:22.190" intervalms="161.287" />
<gc-start id="2151" type="partial gc" contextid="2150" timestamp="2019-08-09T21:46:22.190">
  <mem-info id="2152" free="92274688" total="320864256" percent="28">
    <mem type="eden" free="0" total="88080384" percent="0" />
    <remembered-set count="5376" freebytes="12806016" totalbytes="12827520" percent="99" regionsoverflowed="0" regionsstable="10" regionsrebuilding="0"/>
  </mem-info>
</gc-start>
<allocation-stats totalBytes="88059032" >
  <allocated-bytes non-tlh="0" tlh="88059032" arrayletleaf="0"/>
  <largest-consumer threadName="main" threadId="0000000001DE8F00" bytes="88059032" />
</allocation-stats>
<gc-op id="2153" type="copy forward" timems="6.603" contextid="2150" timestamp="2019-08-09T21:46:22.198">
  <memory-copied type="eden" objects="52" bytes="2160" bytesdiscarded="528" />
  <memory-copied type="other" objects="48" bytes="1152" bytesdiscarded="1488" />
  <memory-cardclean objects="102" bytes="2824" />
  <regions eden="42" other="2" />
  <remembered-set-cleared processed="198" cleared="13" durationms="0.138" />
  <stringconstants candidates="13838" cleared="0"  />
</gc-op>
<gc-op id="2154" type="classunload" timems="0.009" contextid="2150" timestamp="2019-08-09T21:46:22.198">
  <classunload-info classloadercandidates="54" classloadersunloaded="0" classesunloaded="0" anonymousclassesunloaded="0" quiescems="0.000" setupms="0.009" scanms="0.000" postms="0.000" />
</gc-op>
<gc-end id="2155" type="partial gc" contextid="2150" durationms="7.733" usertimems="17.134" systemtimems="0.000" timestamp="2019-08-09T21:46:22.198" activeThreads="16">
  <mem-info id="2156" free="178257920" total="320864256" percent="55">
    <mem type="eden" free="2094464" total="2097152" percent="99" />
    <remembered-set count="6624" freebytes="12801024" totalbytes="12827520" percent="99" regionsoverflowed="0" regionsstable="10" regionsrebuilding="0"/>
  </mem-info>
</gc-end>
<cycle-end id="2157" type="partial gc" contextid="2150" timestamp="2019-08-09T21:46:22.198" />
  <attribute name="elasticGC enabled" value="1" />
  <attribute name= "numThreadsSpecified" value="16" />
  <attribute name="heapSize specified" value="0" />
  <attribute name="Current GC Util" value="119" />
  <attribute name= "Current Time Running" value="195278" />
  <attribute name ="GC Interval" value="0" />
  <attribute name="Target GC Util Change" value ="80.000000" />
  <attribute name="Current GC Util Change" value="119.000000"/>
  <attribute name="Current Error" value="-39.000000" />
  <attribute name="Output H" value="320939896"/>
  <attribute name="Output I" value="1968"/>
  <attribute name="Output T" value="16"/>
  <attribute name= "Current Time Running" value="195278" />
  <attribute name="GC Util currently" value="119" />
  <attribute name="CPU Util currently" value="1777381242650" />
<exclusive-end id="2158" timestamp="2019-08-09T21:46:22.198" durationms="8.361" />

<exclusive-start id="2159" timestamp="2019-08-09T21:46:22.315" intervalms="125.052">
  <response-info timems="0.021" idlems="0.021" threads="0" lastid="0000000001DE8F00" lastname="main" />
</exclusive-start>
<allocation-taxation id="2160" taxation-threshold="88080384" timestamp="2019-08-09T21:46:22.315" intervalms="125.056" />
<cycle-start id="2161" type="partial gc" contextid="0" timestamp="2019-08-09T21:46:22.315" intervalms="125.089" />
<gc-start id="2162" type="partial gc" contextid="2161" timestamp="2019-08-09T21:46:22.315">
  <mem-info id="2163" free="90177536" total="320864256" percent="28">
    <mem type="eden" free="0" total="88080384" percent="0" />
    <remembered-set count="6400" freebytes="12801920" totalbytes="12827520" percent="99" regionsoverflowed="0" regionsstable="10" regionsrebuilding="0"/>
  </mem-info>
</gc-start>
<allocation-stats totalBytes="88032176" >
  <allocated-bytes non-tlh="0" tlh="88032176" arrayletleaf="0"/>
  <largest-consumer threadName="main" threadId="0000000001DE8F00" bytes="88032176" />
</allocation-stats>
<gc-op id="2164" type="copy forward" timems="3.797" contextid="2161" timestamp="2019-08-09T21:46:22.320">
  <memory-copied type="eden" objects="28" bytes="1384" bytesdiscarded="0" />
  <memory-copied type="other" objects="30" bytes="720" bytesdiscarded="1296" />
  <memory-cardclean objects="66" bytes="1872" />
  <regions eden="42" other="2" />
  <remembered-set-cleared processed="201" cleared="9" durationms="0.264" />
  <stringconstants candidates="13838" cleared="0"  />
</gc-op>
<gc-op id="2165" type="classunload" timems="0.005" contextid="2161" timestamp="2019-08-09T21:46:22.320">
  <classunload-info classloadercandidates="54" classloadersunloaded="0" classesunloaded="0" anonymousclassesunloaded="0" quiescems="0.000" setupms="0.005" scanms="0.000" postms="0.000" />
</gc-op>
<gc-end id="2166" type="partial gc" contextid="2161" durationms="4.946" usertimems="10.122" systemtimems="0.000" timestamp="2019-08-09T21:46:22.320" activeThreads="8">
  <mem-info id="2167" free="176160768" total="320864256" percent="54">
    <mem type="eden" free="2095768" total="2097152" percent="99" />
    <remembered-set count="7232" freebytes="12798592" totalbytes="12827520" percent="99" regionsoverflowed="0" regionsstable="10" regionsrebuilding="0"/>
  </mem-info>
</gc-end>
<cycle-end id="2168" type="partial gc" contextid="2161" timestamp="2019-08-09T21:46:22.320" />
  <attribute name="elasticGC enabled" value="1" />
  <attribute name= "numThreadsSpecified" value="8" />
  <attribute name="heapSize specified" value="0" />
  <attribute name="Current GC Util" value="128" />
  <attribute name= "Current Time Running" value="195403" />
  <attribute name ="GC Interval" value="0" />
  <attribute name="Target GC Util Change" value ="80.000000" />
  <attribute name="Current GC Util Change" value="128.000000"/>
  <attribute name="Current Error" value="-20.000000" />
  <attribute name="Output H" value="320939920"/>
  <attribute name="Output I" value="1992"/>
  <attribute name="Output T" value="8"/>
  <attribute name= "Current Time Running" value="195403" />
  <attribute name="GC Util currently" value="128" />
  <attribute name="CPU Util currently" value="1579517548348" />
<exclusive-end id="2169" timestamp="2019-08-09T21:46:22.320" durationms="5.544" />

<exclusive-start id="2170" timestamp="2019-08-09T21:46:22.347" intervalms="32.006">
  <response-info timems="0.023" idlems="0.023" threads="0" lastid="0000000001DE8F00" lastname="main" />
</exclusive-start>
<allocation-taxation id="2171" taxation-threshold="88080384" timestamp="2019-08-09T21:46:22.347" intervalms="32.006" />
<cycle-start id="2172" type="partial gc" contextid="0" timestamp="2019-08-09T21:46:22.347" intervalms="31.972" />
<gc-start id="2173" type="partial gc" contextid="2172" timestamp="2019-08-09T21:46:22.347">
  <mem-info id="2174" free="88080384" total="320864256" percent="27">
    <mem type="eden" free="0" total="88080384" percent="0" />
    <remembered-set count="6912" freebytes="12799872" totalbytes="12827520" percent="99" regionsoverflowed="0" regionsstable="10" regionsrebuilding="0"/>
  </mem-info>
</gc-start>
<allocation-stats totalBytes="87925776" >
  <allocated-bytes non-tlh="0" tlh="87925776" arrayletleaf="0"/>
  <largest-consumer threadName="main" threadId="0000000001DE8F00" bytes="87925776" />
</allocation-stats>
<gc-op id="2175" type="copy forward" timems="6.833" contextid="2172" timestamp="2019-08-09T21:46:22.355">
  <memory-copied type="eden" objects="4" bytes="104" bytesdiscarded="0" />
  <memory-copied type="other" objects="51" bytes="1928" bytesdiscarded="936" />
  <memory-cardclean objects="51" bytes="1600" />
  <regions eden="42" other="2" />
  <remembered-set-cleared processed="203" cleared="8" durationms="0.136" />
  <stringconstants candidates="13838" cleared="0"  />
</gc-op>
<gc-op id="2176" type="classunload" timems="0.009" contextid="2172" timestamp="2019-08-09T21:46:22.355">
  <classunload-info classloadercandidates="54" classloadersunloaded="0" classesunloaded="0" anonymousclassesunloaded="0" quiescems="0.000" setupms="0.009" scanms="0.000" postms="0.000" />
</gc-op>
<gc-end id="2177" type="partial gc" contextid="2172" durationms="7.946" usertimems="18.329" systemtimems="0.000" timestamp="2019-08-09T21:46:22.355" activeThreads="16">
  <mem-info id="2178" free="174063616" total="320864256" percent="54">
    <mem type="eden" free="2097048" total="2097152" percent="99" />
    <remembered-set count="6304" freebytes="12802304" totalbytes="12827520" percent="99" regionsoverflowed="0" regionsstable="10" regionsrebuilding="0"/>
  </mem-info>
</gc-end>
<cycle-end id="2179" type="partial gc" contextid="2172" timestamp="2019-08-09T21:46:22.355" />
  <attribute name="elasticGC enabled" value="1" />
  <attribute name= "numThreadsSpecified" value="16" />
  <attribute name="heapSize specified" value="0" />
  <attribute name="Current GC Util" value="152" />
  <attribute name= "Current Time Running" value="195435" />
  <attribute name ="GC Interval" value="0" />
  <attribute name="Target GC Util Change" value ="80.000000" />
  <attribute name="Current GC Util Change" value="152.000000"/>
  <attribute name="Current Error" value="-41.000000" />
  <attribute name="Output H" value="320939896"/>
  <attribute name="Output I" value="1968"/>
  <attribute name="Output T" value="16"/>
  <attribute name= "Current Time Running" value="195435" />
  <attribute name="GC Util currently" value="152" />
  <attribute name="CPU Util currently" value="1880840626358" />
<exclusive-end id="2180" timestamp="2019-08-09T21:46:22.355" durationms="8.492" />

<exclusive-start id="2181" timestamp="2019-08-09T21:46:22.383" intervalms="35.640">
  <response-info timems="0.016" idlems="0.016" threads="0" lastid="0000000001DE8F00" lastname="main" />
</exclusive-start>
<allocation-taxation id="2182" taxation-threshold="88080384" timestamp="2019-08-09T21:46:22.383" intervalms="35.636" />
<cycle-start id="2183" type="partial gc" contextid="0" timestamp="2019-08-09T21:46:22.383" intervalms="35.662" />
<gc-start id="2184" type="partial gc" contextid="2183" timestamp="2019-08-09T21:46:22.383">
  <mem-info id="2185" free="85983232" total="320864256" percent="26">
    <mem type="eden" free="2097048" total="90177536" percent="2" />
    <remembered-set count="5984" freebytes="12803584" totalbytes="12827520" percent="99" regionsoverflowed="0" regionsstable="10" regionsrebuilding="0"/>
  </mem-info>
</gc-start>
<allocation-stats totalBytes="87924856" >
  <allocated-bytes non-tlh="0" tlh="87924856" arrayletleaf="0"/>
  <largest-consumer threadName="main" threadId="0000000001DE8F00" bytes="87924856" />
</allocation-stats>
<gc-op id="2186" type="copy forward" timems="6.770" contextid="2183" timestamp="2019-08-09T21:46:22.391">
  <memory-copied type="eden" objects="3" bytes="72" bytesdiscarded="720" />
  <memory-copied type="other" objects="27" bytes="1352" bytesdiscarded="1168" />
  <memory-cardclean objects="38" bytes="1264" />
  <regions eden="42" other="2" />
  <remembered-set-cleared processed="206" cleared="5" durationms="0.162" />
  <stringconstants candidates="13838" cleared="0"  />
</gc-op>
<gc-op id="2187" type="classunload" timems="0.006" contextid="2183" timestamp="2019-08-09T21:46:22.391">
  <classunload-info classloadercandidates="54" classloadersunloaded="0" classesunloaded="0" anonymousclassesunloaded="0" quiescems="0.000" setupms="0.006" scanms="0.000" postms="0.000" />
</gc-op>
<gc-end id="2188" type="partial gc" contextid="2183" durationms="7.755" usertimems="18.199" systemtimems="0.000" timestamp="2019-08-09T21:46:22.391" activeThreads="16">
  <mem-info id="2189" free="174063616" total="320864256" percent="54">
    <mem type="eden" free="2096360" total="2097152" percent="99" />
    <remembered-set count="6464" freebytes="12801664" totalbytes="12827520" percent="99" regionsoverflowed="0" regionsstable="10" regionsrebuilding="0"/>
  </mem-info>
</gc-end>
<cycle-end id="2190" type="partial gc" contextid="2183" timestamp="2019-08-09T21:46:22.391" />
  <attribute name="elasticGC enabled" value="1" />
  <attribute name= "numThreadsSpecified" value="16" />
  <attribute name="heapSize specified" value="0" />
  <attribute name="Current GC Util" value="127" />
  <attribute name= "Current Time Running" value="195470" />
  <attribute name ="GC Interval" value="0" />
  <attribute name="Target GC Util Change" value ="80.000000" />
  <attribute name="Current GC Util Change" value="127.000000"/>
  <attribute name="Current Error" value="-47.000000" />
  <attribute name="Output H" value="320939888"/>
  <attribute name="Output I" value="1960"/>
  <attribute name="Output T" value="16"/>
  <attribute name= "Current Time Running" value="195470" />
  <attribute name="GC Util currently" value="127" />
  <attribute name="CPU Util currently" value="2121157919670" />
<exclusive-end id="2191" timestamp="2019-08-09T21:46:22.391" durationms="8.390" />

<exclusive-start id="2192" timestamp="2019-08-09T21:46:22.492" intervalms="109.855">
  <response-info timems="0.020" idlems="0.020" threads="0" lastid="0000000001DE8F00" lastname="main" />
</exclusive-start>
<allocation-taxation id="2193" taxation-threshold="88080384" timestamp="2019-08-09T21:46:22.492" intervalms="109.858" />
<cycle-start id="2194" type="partial gc" contextid="0" timestamp="2019-08-09T21:46:22.493" intervalms="109.884" />
<gc-start id="2195" type="partial gc" contextid="2194" timestamp="2019-08-09T21:46:22.493">
  <mem-info id="2196" free="85983232" total="320864256" percent="26">
    <mem type="eden" free="2096360" total="90177536" percent="2" />
    <remembered-set count="5984" freebytes="12803584" totalbytes="12827520" percent="99" regionsoverflowed="0" regionsstable="10" regionsrebuilding="0"/>
  </mem-info>
</gc-start>
<allocation-stats totalBytes="87988376" >
  <allocated-bytes non-tlh="0" tlh="87988376" arrayletleaf="0"/>
  <largest-consumer threadName="main" threadId="0000000001DE8F00" bytes="87988376" />
</allocation-stats>
<gc-op id="2197" type="copy forward" timems="7.600" contextid="2194" timestamp="2019-08-09T21:46:22.502">
  <memory-copied type="eden" objects="41" bytes="1632" bytesdiscarded="1152" />
  <memory-copied type="other" objects="12" bytes="288" bytesdiscarded="0" />
  <memory-cardclean objects="86" bytes="2328" />
  <regions eden="42" other="2" />
  <remembered-set-cleared processed="206" cleared="12" durationms="0.132" />
  <stringconstants candidates="13838" cleared="0"  />
</gc-op>
<gc-op id="2198" type="classunload" timems="0.009" contextid="2194" timestamp="2019-08-09T21:46:22.502">
  <classunload-info classloadercandidates="54" classloadersunloaded="0" classesunloaded="0" anonymousclassesunloaded="0" quiescems="0.000" setupms="0.008" scanms="0.000" postms="0.000" />
</gc-op>
<gc-end id="2199" type="partial gc" contextid="2194" durationms="8.593" usertimems="18.986" systemtimems="0.000" timestamp="2019-08-09T21:46:22.502" activeThreads="16">
  <mem-info id="2200" free="174063616" total="320864256" percent="54">
    <mem type="eden" free="2094368" total="2097152" percent="99" />
    <remembered-set count="6272" freebytes="12802432" totalbytes="12827520" percent="99" regionsoverflowed="0" regionsstable="10" regionsrebuilding="0"/>
  </mem-info>
</gc-end>
<cycle-end id="2201" type="partial gc" contextid="2194" timestamp="2019-08-09T21:46:22.502" />
  <attribute name="elasticGC enabled" value="1" />
  <attribute name= "numThreadsSpecified" value="16" />
  <attribute name="heapSize specified" value="0" />
  <attribute name="Current GC Util" value="171" />
  <attribute name= "Current Time Running" value="195580" />
  <attribute name ="GC Interval" value="0" />
  <attribute name="Target GC Util Change" value ="80.000000" />
  <attribute name="Current GC Util Change" value="171.000000"/>
  <attribute name="Current Error" value="-74.000000" />
  <attribute name="Output H" value="320939856"/>
  <attribute name="Output I" value="1928"/>
  <attribute name="Output T" value="16"/>
  <attribute name= "Current Time Running" value="195580" />
  <attribute name="GC Util currently" value="171" />
  <attribute name="CPU Util currently" value="2307490445364" />
<exclusive-end id="2202" timestamp="2019-08-09T21:46:22.502" durationms="9.626" />

<exclusive-start id="2203" timestamp="2019-08-09T21:46:22.566" intervalms="73.358">
  <response-info timems="0.019" idlems="0.019" threads="0" lastid="0000000001DE8F00" lastname="main" />
</exclusive-start>
<allocation-taxation id="2204" taxation-threshold="88080384" timestamp="2019-08-09T21:46:22.566" intervalms="73.574" />
<cycle-start id="2205" type="partial gc" contextid="0" timestamp="2019-08-09T21:46:22.566" intervalms="73.572" />
<gc-start id="2206" type="partial gc" contextid="2205" timestamp="2019-08-09T21:46:22.566">
  <mem-info id="2207" free="85983232" total="320864256" percent="26">
    <mem type="eden" free="0" total="88080384" percent="0" />
    <remembered-set count="5792" freebytes="12804352" totalbytes="12827520" percent="99" regionsoverflowed="0" regionsstable="10" regionsrebuilding="0"/>
  </mem-info>
</gc-start>
<allocation-stats totalBytes="87988848" >
  <allocated-bytes non-tlh="0" tlh="87988848" arrayletleaf="0"/>
  <largest-consumer threadName="main" threadId="0000000001DE8F00" bytes="87988848" />
</allocation-stats>
<gc-op id="2208" type="copy forward" timems="14.592" contextid="2205" timestamp="2019-08-09T21:46:22.583">
  <memory-copied type="eden" objects="37" bytes="8224" bytesdiscarded="672" />
  <memory-copied type="other" objects="30" bytes="720" bytesdiscarded="1872" />
  <memory-cardclean objects="79" bytes="2256" />
  <regions eden="42" other="2" />
  <remembered-set-cleared processed="205" cleared="12" durationms="0.142" />
  <stringconstants candidates="13838" cleared="0"  />
</gc-op>
<gc-op id="2209" type="classunload" timems="0.009" contextid="2205" timestamp="2019-08-09T21:46:22.583">
  <classunload-info classloadercandidates="54" classloadersunloaded="0" classesunloaded="0" anonymousclassesunloaded="0" quiescems="0.000" setupms="0.009" scanms="0.000" postms="0.000" />
</gc-op>
<gc-end id="2210" type="partial gc" contextid="2205" durationms="16.550" usertimems="31.171" systemtimems="0.000" timestamp="2019-08-09T21:46:22.583" activeThreads="16">
  <mem-info id="2211" free="171966464" total="320864256" percent="53">
    <mem type="eden" free="2088256" total="2097152" percent="99" />
    <remembered-set count="6752" freebytes="12800512" totalbytes="12827520" percent="99" regionsoverflowed="0" regionsstable="10" regionsrebuilding="0"/>
  </mem-info>
</gc-end>
<cycle-end id="2212" type="partial gc" contextid="2205" timestamp="2019-08-09T21:46:22.583" />
  <attribute name="elasticGC enabled" value="1" />
  <attribute name= "numThreadsSpecified" value="16" />
  <attribute name="heapSize specified" value="0" />
  <attribute name="Current GC Util" value="37" />
  <attribute name= "Current Time Running" value="195655" />
  <attribute name ="GC Interval" value="0" />
  <attribute name="Target GC Util Change" value ="80.000000" />
  <attribute name="Current GC Util Change" value="37.000000"/>
  <attribute name="Current Error" value="24.000000" />
  <attribute name="Output H" value="320939968"/>
  <attribute name="Output I" value="2040"/>
  <attribute name="Output T" value="16"/>
  <attribute name= "Current Time Running" value="195655" />
  <attribute name="GC Util currently" value="37" />
  <attribute name="CPU Util currently" value="835798574430" />
<exclusive-end id="2213" timestamp="2019-08-09T21:46:22.583" durationms="17.363" />

<exclusive-start id="2214" timestamp="2019-08-09T21:46:22.733" intervalms="167.519">
  <response-info timems="0.016" idlems="0.016" threads="0" lastid="0000000001DE8F00" lastname="main" />
</exclusive-start>
<allocation-taxation id="2215" taxation-threshold="88080384" timestamp="2019-08-09T21:46:22.733" intervalms="167.301" />
<cycle-start id="2216" type="partial gc" contextid="0" timestamp="2019-08-09T21:46:22.733" intervalms="167.264" />
<gc-start id="2217" type="partial gc" contextid="2216" timestamp="2019-08-09T21:46:22.734">
  <mem-info id="2218" free="83886080" total="320864256" percent="26">
    <mem type="eden" free="0" total="88080384" percent="0" />
    <remembered-set count="6272" freebytes="12802432" totalbytes="12827520" percent="99" regionsoverflowed="0" regionsstable="10" regionsrebuilding="0"/>
  </mem-info>
</gc-start>
<allocation-stats totalBytes="88002704" >
  <allocated-bytes non-tlh="0" tlh="88002704" arrayletleaf="0"/>
  <largest-consumer threadName="main" threadId="0000000001DE8F00" bytes="88002704" />
</allocation-stats>
<gc-op id="2219" type="copy forward" timems="10.038" contextid="2216" timestamp="2019-08-09T21:46:22.745">
  <memory-copied type="eden" objects="33" bytes="1120" bytesdiscarded="1328" />
  <memory-copied type="other" objects="24" bytes="576" bytesdiscarded="1920" />
  <memory-cardclean objects="85" bytes="10696" />
  <regions eden="42" other="2" />
  <remembered-set-cleared processed="207" cleared="21" durationms="0.139" />
  <references type="weak" candidates="2" cleared="0" enqueued="0" />
  <stringconstants candidates="13838" cleared="0"  />
</gc-op>
<gc-op id="2220" type="classunload" timems="0.009" contextid="2216" timestamp="2019-08-09T21:46:22.745">
  <classunload-info classloadercandidates="54" classloadersunloaded="0" classesunloaded="0" anonymousclassesunloaded="0" quiescems="0.000" setupms="0.009" scanms="0.000" postms="0.000" />
</gc-op>
<gc-end id="2221" type="partial gc" contextid="2216" durationms="11.201" usertimems="22.504" systemtimems="0.000" timestamp="2019-08-09T21:46:22.745" activeThreads="16">
  <mem-info id="2222" free="169869312" total="320864256" percent="52">
    <mem type="eden" free="2094704" total="2097152" percent="99" />
    <remembered-set count="6208" freebytes="12802688" totalbytes="12827520" percent="99" regionsoverflowed="0" regionsstable="10" regionsrebuilding="0"/>
  </mem-info>
</gc-end>
<cycle-end id="2223" type="partial gc" contextid="2216" timestamp="2019-08-09T21:46:22.745" />
  <attribute name="elasticGC enabled" value="1" />
  <attribute name= "numThreadsSpecified" value="16" />
  <attribute name="heapSize specified" value="0" />
  <attribute name="Current GC Util" value="148" />
  <attribute name= "Current Time Running" value="195821" />
  <attribute name ="GC Interval" value="0" />
  <attribute name="Target GC Util Change" value ="80.000000" />
  <attribute name="Current GC Util Change" value="148.000000"/>
  <attribute name="Current Error" value="-68.000000" />
  <attribute name="Output H" value="320939864"/>
  <attribute name="Output I" value="1936"/>
  <attribute name="Output T" value="16"/>
  <attribute name= "Current Time Running" value="195821" />
  <attribute name="GC Util currently" value="148" />
  <attribute name="CPU Util currently" value="1894031256556" />
<exclusive-end id="2224" timestamp="2019-08-09T21:46:22.745" durationms="11.814" />

<exclusive-start id="2225" timestamp="2019-08-09T21:46:22.900" intervalms="166.597">
  <response-info timems="0.020" idlems="0.020" threads="0" lastid="0000000001DE8F00" lastname="main" />
</exclusive-start>
<allocation-taxation id="2226" taxation-threshold="88080384" timestamp="2019-08-09T21:46:22.900" intervalms="166.598" />
<cycle-start id="2227" type="partial gc" contextid="0" timestamp="2019-08-09T21:46:22.900" intervalms="166.605" />
<gc-start id="2228" type="partial gc" contextid="2227" timestamp="2019-08-09T21:46:22.901">
  <mem-info id="2229" free="81788928" total="320864256" percent="25">
    <mem type="eden" free="0" total="88080384" percent="0" />
    <remembered-set count="6016" freebytes="12803456" totalbytes="12827520" percent="99" regionsoverflowed="0" regionsstable="10" regionsrebuilding="0"/>
  </mem-info>
</gc-start>
<allocation-stats totalBytes="88064160" >
  <allocated-bytes non-tlh="0" tlh="88064160" arrayletleaf="0"/>
  <largest-consumer threadName="main" threadId="0000000001DE8F00" bytes="88064160" />
</allocation-stats>
<gc-op id="2230" type="copy forward" timems="7.936" contextid="2227" timestamp="2019-08-09T21:46:22.910">
  <memory-copied type="eden" objects="5" bytes="240" bytesdiscarded="0" />
  <memory-copied type="other" objects="34" bytes="1024" bytesdiscarded="2048" />
  <memory-cardclean objects="43" bytes="9712" />
  <regions eden="42" other="2" />
  <remembered-set-cleared processed="210" cleared="14" durationms="0.156" />
  <references type="weak" candidates="2" cleared="0" enqueued="0" />
  <stringconstants candidates="13838" cleared="0"  />
</gc-op>
<gc-op id="2231" type="classunload" timems="0.009" contextid="2227" timestamp="2019-08-09T21:46:22.910">
  <classunload-info classloadercandidates="54" classloadersunloaded="0" classesunloaded="0" anonymousclassesunloaded="0" quiescems="0.000" setupms="0.009" scanms="0.000" postms="0.000" />
</gc-op>
<gc-end id="2232" type="partial gc" contextid="2227" durationms="9.379" usertimems="20.920" systemtimems="0.000" timestamp="2019-08-09T21:46:22.910" activeThreads="16">
  <mem-info id="2233" free="167772160" total="320864256" percent="52">
    <mem type="eden" free="2096912" total="2097152" percent="99" />
    <remembered-set count="6944" freebytes="12799744" totalbytes="12827520" percent="99" regionsoverflowed="0" regionsstable="10" regionsrebuilding="0"/>
  </mem-info>
</gc-end>
<cycle-end id="2234" type="partial gc" contextid="2227" timestamp="2019-08-09T21:46:22.910" />
  <attribute name="elasticGC enabled" value="1" />
  <attribute name= "numThreadsSpecified" value="16" />
  <attribute name="heapSize specified" value="0" />
  <attribute name="Current GC Util" value="153" />
  <attribute name= "Current Time Running" value="195988" />
  <attribute name ="GC Interval" value="0" />
  <attribute name="Target GC Util Change" value ="80.000000" />
  <attribute name="Current GC Util Change" value="153.000000"/>
  <attribute name="Current Error" value="-74.000000" />
  <attribute name="Output H" value="320939856"/>
  <attribute name="Output I" value="1928"/>
  <attribute name="Output T" value="16"/>
  <attribute name= "Current Time Running" value="195988" />
  <attribute name="GC Util currently" value="153" />
  <attribute name="CPU Util currently" value="1423026016276" />
<exclusive-end id="2235" timestamp="2019-08-09T21:46:22.910" durationms="10.178" />

<exclusive-start id="2236" timestamp="2019-08-09T21:46:23.066" intervalms="165.704">
  <response-info timems="0.019" idlems="0.019" threads="0" lastid="0000000001DE8F00" lastname="main" />
</exclusive-start>
<allocation-taxation id="2237" taxation-threshold="88080384" timestamp="2019-08-09T21:46:23.066" intervalms="165.704" />
<cycle-start id="2238" type="partial gc" contextid="0" timestamp="2019-08-09T21:46:23.066" intervalms="165.708" />
<gc-start id="2239" type="partial gc" contextid="2238" timestamp="2019-08-09T21:46:23.066">
  <mem-info id="2240" free="79691776" total="320864256" percent="24">
    <mem type="eden" free="2096912" total="90177536" percent="2" />
    <remembered-set count="6560" freebytes="12801280" totalbytes="12827520" percent="99" regionsoverflowed="0" regionsstable="10" regionsrebuilding="0"/>
  </mem-info>
</gc-start>
<allocation-stats totalBytes="88064216" >
  <allocated-bytes non-tlh="0" tlh="88064216" arrayletleaf="0"/>
  <largest-consumer threadName="main" threadId="0000000001DE8F00" bytes="88064216" />
</allocation-stats>
<gc-op id="2241" type="copy forward" timems="9.463" contextid="2238" timestamp="2019-08-09T21:46:23.077">
  <memory-copied type="eden" objects="4" bytes="200" bytesdiscarded="0" />
  <memory-copied type="other" objects="28" bytes="880" bytesdiscarded="1328" />
  <memory-cardclean objects="39" bytes="9608" />
  <regions eden="42" other="2" />
  <remembered-set-cleared processed="212" cleared="13" durationms="0.157" />
  <references type="weak" candidates="2" cleared="0" enqueued="0" />
  <stringconstants candidates="13838" cleared="0"  />
</gc-op>
<gc-op id="2242" type="classunload" timems="0.010" contextid="2238" timestamp="2019-08-09T21:46:23.077">
  <classunload-info classloadercandidates="54" classloadersunloaded="0" classesunloaded="0" anonymousclassesunloaded="0" quiescems="0.000" setupms="0.009" scanms="0.000" postms="0.000" />
</gc-op>
<gc-end id="2243" type="partial gc" contextid="2238" durationms="10.842" usertimems="25.473" systemtimems="0.000" timestamp="2019-08-09T21:46:23.077" activeThreads="16">
  <mem-info id="2244" free="167772160" total="320864256" percent="52">
    <mem type="eden" free="2096952" total="2097152" percent="99" />
    <remembered-set count="6528" freebytes="12801408" totalbytes="12827520" percent="99" regionsoverflowed="0" regionsstable="10" regionsrebuilding="0"/>
  </mem-info>
</gc-end>
<cycle-end id="2245" type="partial gc" contextid="2238" timestamp="2019-08-09T21:46:23.077" />
  <attribute name="elasticGC enabled" value="1" />
  <attribute name= "numThreadsSpecified" value="16" />
  <attribute name="heapSize specified" value="0" />
  <attribute name="Current GC Util" value="133" />
  <attribute name= "Current Time Running" value="196154" />
  <attribute name ="GC Interval" value="0" />
  <attribute name="Target GC Util Change" value ="80.000000" />
  <attribute name="Current GC Util Change" value="133.000000"/>
  <attribute name="Current Error" value="-59.000000" />
  <attribute name="Output H" value="320939872"/>
  <attribute name="Output I" value="1944"/>
  <attribute name="Output T" value="16"/>
  <attribute name= "Current Time Running" value="196154" />
  <attribute name="GC Util currently" value="133" />
  <attribute name="CPU Util currently" value="1385015404385" />
<exclusive-end id="2246" timestamp="2019-08-09T21:46:23.077" durationms="11.507" />

<exclusive-start id="2247" timestamp="2019-08-09T21:46:23.120" intervalms="54.111">
  <response-info timems="0.020" idlems="0.020" threads="0" lastid="0000000001DE8F00" lastname="main" />
</exclusive-start>
<allocation-taxation id="2248" taxation-threshold="88080384" timestamp="2019-08-09T21:46:23.120" intervalms="54.127" />
<cycle-start id="2249" type="partial gc" contextid="0" timestamp="2019-08-09T21:46:23.120" intervalms="54.109" />
<gc-start id="2250" type="partial gc" contextid="2249" timestamp="2019-08-09T21:46:23.120">
  <mem-info id="2251" free="79691776" total="320864256" percent="24">
    <mem type="eden" free="2096952" total="90177536" percent="2" />
    <remembered-set count="6048" freebytes="12803328" totalbytes="12827520" percent="99" regionsoverflowed="0" regionsstable="10" regionsrebuilding="0"/>
  </mem-info>
</gc-start>
<allocation-stats totalBytes="87968344" >
  <allocated-bytes non-tlh="0" tlh="87968344" arrayletleaf="0"/>
  <largest-consumer threadName="main" threadId="0000000001DE8F00" bytes="87968344" />
</allocation-stats>
<gc-op id="2252" type="copy forward" timems="6.911" contextid="2249" timestamp="2019-08-09T21:46:23.128">
  <memory-copied type="eden" objects="25" bytes="1328" bytesdiscarded="672" />
  <memory-copied type="other" objects="14" bytes="352" bytesdiscarded="1376" />
  <memory-cardclean objects="56" bytes="9944" />
  <regions eden="42" other="2" />
  <remembered-set-cleared processed="212" cleared="14" durationms="0.227" />
  <references type="weak" candidates="2" cleared="0" enqueued="0" />
  <stringconstants candidates="13838" cleared="0"  />
</gc-op>
<gc-op id="2253" type="classunload" timems="0.008" contextid="2249" timestamp="2019-08-09T21:46:23.128">
  <classunload-info classloadercandidates="54" classloadersunloaded="0" classesunloaded="0" anonymousclassesunloaded="0" quiescems="0.000" setupms="0.007" scanms="0.000" postms="0.000" />
</gc-op>
<gc-end id="2254" type="partial gc" contextid="2249" durationms="8.163" usertimems="18.720" systemtimems="0.000" timestamp="2019-08-09T21:46:23.128" activeThreads="16">
  <mem-info id="2255" free="167772160" total="320864256" percent="52">
    <mem type="eden" free="2095152" total="2097152" percent="99" />
    <remembered-set count="7008" freebytes="12799488" totalbytes="12827520" percent="99" regionsoverflowed="0" regionsstable="10" regionsrebuilding="0"/>
  </mem-info>
</gc-end>
<cycle-end id="2256" type="partial gc" contextid="2249" timestamp="2019-08-09T21:46:23.128" />
  <attribute name="elasticGC enabled" value="1" />
  <attribute name= "numThreadsSpecified" value="16" />
  <attribute name="heapSize specified" value="0" />
  <attribute name="Current GC Util" value="0" />
  <attribute name= "Current Time Running" value="196208" />
  <attribute name ="GC Interval" value="0" />
  <attribute name="Target GC Util Change" value ="80.000000" />
  <attribute name="Current GC Util Change" value="0.000000"/>
  <attribute name="Current Error" value="80.000000" />
  <attribute name="Output H" value="320940032"/>
  <attribute name="Output I" value="2104"/>
  <attribute name="Output T" value="16"/>
  <attribute name= "Current Time Running" value="196208" />
  <attribute name="GC Util currently" value="0" />
  <attribute name="CPU Util currently" value="1432837768649" />
<exclusive-end id="2257" timestamp="2019-08-09T21:46:23.128" durationms="8.733" />

<exclusive-start id="2258" timestamp="2019-08-09T21:46:23.157" intervalms="36.876">
  <response-info timems="0.021" idlems="0.021" threads="0" lastid="0000000001DE8F00" lastname="main" />
</exclusive-start>
<allocation-taxation id="2259" taxation-threshold="88080384" timestamp="2019-08-09T21:46:23.157" intervalms="36.859" />
<cycle-start id="2260" type="partial gc" contextid="0" timestamp="2019-08-09T21:46:23.157" intervalms="36.894" />
<gc-start id="2261" type="partial gc" contextid="2260" timestamp="2019-08-09T21:46:23.157">
  <mem-info id="2262" free="79691776" total="320864256" percent="24">
    <mem type="eden" free="0" total="88080384" percent="0" />
    <remembered-set count="6656" freebytes="12800896" totalbytes="12827520" percent="99" regionsoverflowed="0" regionsstable="10" regionsrebuilding="0"/>
  </mem-info>
</gc-start>
<allocation-stats totalBytes="87959608" >
  <allocated-bytes non-tlh="0" tlh="87959608" arrayletleaf="0"/>
  <largest-consumer threadName="main" threadId="0000000001DE8F00" bytes="87959608" />
</allocation-stats>
<gc-op id="2263" type="copy forward" timems="7.842" contextid="2260" timestamp="2019-08-09T21:46:23.166">
  <memory-copied type="eden" objects="4" bytes="112" bytesdiscarded="680" />
  <memory-copied type="other" objects="35" bytes="1568" bytesdiscarded="2704" />
  <memory-cardclean objects="46" bytes="9784" />
  <regions eden="42" other="2" />
  <remembered-set-cleared processed="212" cleared="14" durationms="0.176" />
  <references type="weak" candidates="2" cleared="0" enqueued="0" />
  <stringconstants candidates="13838" cleared="0"  />
</gc-op>
<gc-op id="2264" type="classunload" timems="0.007" contextid="2260" timestamp="2019-08-09T21:46:23.166">
  <classunload-info classloadercandidates="54" classloadersunloaded="0" classesunloaded="0" anonymousclassesunloaded="0" quiescems="0.000" setupms="0.007" scanms="0.000" postms="0.000" />
</gc-op>
<gc-end id="2265" type="partial gc" contextid="2260" durationms="8.943" usertimems="23.132" systemtimems="0.000" timestamp="2019-08-09T21:46:23.166" activeThreads="16">
  <mem-info id="2266" free="165675008" total="320864256" percent="51">
    <mem type="eden" free="2096360" total="2097152" percent="99" />
    <remembered-set count="6496" freebytes="12801536" totalbytes="12827520" percent="99" regionsoverflowed="0" regionsstable="10" regionsrebuilding="0"/>
  </mem-info>
</gc-end>
<cycle-end id="2267" type="partial gc" contextid="2260" timestamp="2019-08-09T21:46:23.166" />
  <attribute name="elasticGC enabled" value="1" />
  <attribute name= "numThreadsSpecified" value="16" />
  <attribute name="heapSize specified" value="0" />
  <attribute name="Current GC Util" value="256" />
  <attribute name= "Current Time Running" value="196244" />
  <attribute name ="GC Interval" value="0" />
  <attribute name="Target GC Util Change" value ="80.000000" />
  <attribute name="Current GC Util Change" value="256.000000"/>
  <attribute name="Current Error" value="-68.000000" />
  <attribute name="Output H" value="320939864"/>
  <attribute name="Output I" value="1936"/>
  <attribute name="Output T" value="16"/>
  <attribute name= "Current Time Running" value="196244" />
  <attribute name="GC Util currently" value="256" />
  <attribute name="CPU Util currently" value="1797886127750" />
<exclusive-end id="2268" timestamp="2019-08-09T21:46:23.166" durationms="9.518" />

* Round 3 done in 3.141 seconds.
<exclusive-start id="2269" timestamp="2019-08-09T21:46:23.414" intervalms="257.004">
  <response-info timems="0.020" idlems="0.020" threads="0" lastid="0000000001DE8F00" lastname="main" />
</exclusive-start>
<allocation-taxation id="2270" taxation-threshold="88080384" timestamp="2019-08-09T21:46:23.414" intervalms="257.004" />
<cycle-start id="2271" type="partial gc" contextid="0" timestamp="2019-08-09T21:46:23.414" intervalms="257.007" />
<gc-start id="2272" type="partial gc" contextid="2271" timestamp="2019-08-09T21:46:23.414">
  <mem-info id="2273" free="77594624" total="320864256" percent="24">
    <mem type="eden" free="2096360" total="90177536" percent="2" />
    <remembered-set count="6080" freebytes="12803200" totalbytes="12827520" percent="99" regionsoverflowed="0" regionsstable="10" regionsrebuilding="0"/>
  </mem-info>
</gc-start>
<allocation-stats totalBytes="88001320" >
  <allocated-bytes non-tlh="0" tlh="88001320" arrayletleaf="0"/>
  <largest-consumer threadName="main" threadId="0000000001DE8F00" bytes="88001320" />
</allocation-stats>
<gc-op id="2274" type="copy forward" timems="10.130" contextid="2271" timestamp="2019-08-09T21:46:23.425">
  <memory-copied type="eden" objects="87" bytes="3560" bytesdiscarded="1000" />
  <memory-copied type="other" objects="6" bytes="144" bytesdiscarded="720" />
  <memory-cardclean objects="178" bytes="5144" />
  <regions eden="42" other="2" />
  <remembered-set-cleared processed="215" cleared="21" durationms="0.213" />
  <stringconstants candidates="13838" cleared="0"  />
</gc-op>
<gc-op id="2275" type="classunload" timems="0.009" contextid="2271" timestamp="2019-08-09T21:46:23.425">
  <classunload-info classloadercandidates="54" classloadersunloaded="0" classesunloaded="0" anonymousclassesunloaded="0" quiescems="0.000" setupms="0.009" scanms="0.000" postms="0.000" />
</gc-op>
<gc-end id="2276" type="partial gc" contextid="2271" durationms="11.625" usertimems="20.124" systemtimems="0.000" timestamp="2019-08-09T21:46:23.426" activeThreads="16">
  <mem-info id="2277" free="165675008" total="320864256" percent="51">
    <mem type="eden" free="2092592" total="2097152" percent="99" />
    <remembered-set count="5760" freebytes="12804480" totalbytes="12827520" percent="99" regionsoverflowed="0" regionsstable="10" regionsrebuilding="0"/>
  </mem-info>
</gc-end>
<cycle-end id="2278" type="partial gc" contextid="2271" timestamp="2019-08-09T21:46:23.426" />
  <attribute name="elasticGC enabled" value="1" />
  <attribute name= "numThreadsSpecified" value="16" />
  <attribute name="heapSize specified" value="0" />
  <attribute name="Current GC Util" value="230" />
  <attribute name= "Current Time Running" value="196502" />
  <attribute name ="GC Interval" value="0" />
  <attribute name="Target GC Util Change" value ="80.000000" />
  <attribute name="Current GC Util Change" value="230.000000"/>
  <attribute name="Current Error" value="-146.000000" />
  <attribute name="Output H" value="320939768"/>
  <attribute name="Output I" value="1840"/>
  <attribute name="Output T" value="16"/>
  <attribute name= "Current Time Running" value="196502" />
  <attribute name="GC Util currently" value="230" />
  <attribute name="CPU Util currently" value="1118487685730" />
<exclusive-end id="2279" timestamp="2019-08-09T21:46:23.426" durationms="12.319" />

<exclusive-start id="2280" timestamp="2019-08-09T21:46:23.454" intervalms="40.892">
  <response-info timems="0.020" idlems="0.020" threads="0" lastid="0000000001DE8F00" lastname="main" />
</exclusive-start>
<allocation-taxation id="2281" taxation-threshold="88080384" timestamp="2019-08-09T21:46:23.455" intervalms="40.894" />
<cycle-start id="2282" type="partial gc" contextid="0" timestamp="2019-08-09T21:46:23.455" intervalms="40.916" />
<gc-start id="2283" type="partial gc" contextid="2282" timestamp="2019-08-09T21:46:23.455">
  <mem-info id="2284" free="77594624" total="320864256" percent="24">
    <mem type="eden" free="0" total="88080384" percent="0" />
    <remembered-set count="5536" freebytes="12805376" totalbytes="12827520" percent="99" regionsoverflowed="0" regionsstable="10" regionsrebuilding="0"/>
  </mem-info>
</gc-start>
<allocation-stats totalBytes="87772152" >
  <allocated-bytes non-tlh="0" tlh="87772152" arrayletleaf="0"/>
  <largest-consumer threadName="main" threadId="0000000001DE8F00" bytes="87772152" />
</allocation-stats>
<gc-op id="2285" type="copy forward" timems="11.996" contextid="2282" timestamp="2019-08-09T21:46:23.468">
  <memory-copied type="eden" objects="2" bytes="56" bytesdiscarded="736" />
  <memory-copied type="other" objects="92" bytes="3672" bytesdiscarded="1400" />
  <memory-cardclean objects="123" bytes="3712" />
  <regions eden="42" other="2" />
  <remembered-set-cleared processed="212" cleared="18" durationms="1.271" />
  <stringconstants candidates="13838" cleared="0"  />
</gc-op>
<gc-op id="2286" type="classunload" timems="0.012" contextid="2282" timestamp="2019-08-09T21:46:23.468">
  <classunload-info classloadercandidates="54" classloadersunloaded="0" classesunloaded="0" anonymousclassesunloaded="0" quiescems="0.000" setupms="0.011" scanms="0.000" postms="0.000" />
</gc-op>
<gc-end id="2287" type="partial gc" contextid="2282" durationms="13.363" usertimems="21.487" systemtimems="0.000" timestamp="2019-08-09T21:46:23.468" activeThreads="16">
  <mem-info id="2288" free="163577856" total="320864256" percent="50">
    <mem type="eden" free="2096360" total="2097152" percent="99" />
    <remembered-set count="6272" freebytes="12802432" totalbytes="12827520" percent="99" regionsoverflowed="0" regionsstable="10" regionsrebuilding="0"/>
  </mem-info>
</gc-end>
<cycle-end id="2289" type="partial gc" contextid="2282" timestamp="2019-08-09T21:46:23.469" />
  <attribute name="elasticGC enabled" value="1" />
  <attribute name= "numThreadsSpecified" value="16" />
  <attribute name="heapSize specified" value="0" />
  <attribute name="Current GC Util" value="156" />
  <attribute name= "Current Time Running" value="196542" />
  <attribute name ="GC Interval" value="0" />
  <attribute name="Target GC Util Change" value ="80.000000" />
  <attribute name="Current GC Util Change" value="156.000000"/>
  <attribute name="Current Error" value="-76.000000" />
  <attribute name="Output H" value="320939856"/>
  <attribute name="Output I" value="1928"/>
  <attribute name="Output T" value="16"/>
  <attribute name= "Current Time Running" value="196542" />
  <attribute name="GC Util currently" value="156" />
  <attribute name="CPU Util currently" value="1566482128169" />
<exclusive-end id="2290" timestamp="2019-08-09T21:46:23.469" durationms="14.207" />

<exclusive-start id="2291" timestamp="2019-08-09T21:46:23.497" intervalms="42.266">
  <response-info timems="0.019" idlems="0.019" threads="0" lastid="0000000001DE8F00" lastname="main" />
</exclusive-start>
<allocation-taxation id="2292" taxation-threshold="88080384" timestamp="2019-08-09T21:46:23.497" intervalms="42.274" />
<cycle-start id="2293" type="partial gc" contextid="0" timestamp="2019-08-09T21:46:23.497" intervalms="42.259" />
<gc-start id="2294" type="partial gc" contextid="2293" timestamp="2019-08-09T21:46:23.497">
  <mem-info id="2295" free="75497472" total="320864256" percent="23">
    <mem type="eden" free="2096360" total="90177536" percent="2" />
    <remembered-set count="6048" freebytes="12803328" totalbytes="12827520" percent="99" regionsoverflowed="0" regionsstable="10" regionsrebuilding="0"/>
  </mem-info>
</gc-start>
<allocation-stats totalBytes="87788328" >
  <allocated-bytes non-tlh="0" tlh="87788328" arrayletleaf="0"/>
  <largest-consumer threadName="main" threadId="0000000001DE8F00" bytes="87788328" />
</allocation-stats>
<gc-op id="2296" type="copy forward" timems="9.924" contextid="2293" timestamp="2019-08-09T21:46:23.509">
  <memory-copied type="eden" objects="2" bytes="56" bytesdiscarded="736" />
  <memory-copied type="other" objects="86" bytes="3528" bytesdiscarded="904" />
  <memory-cardclean objects="103" bytes="3168" />
  <regions eden="42" other="2" />
  <remembered-set-cleared processed="216" cleared="15" durationms="0.235" />
  <stringconstants candidates="13838" cleared="0"  />
</gc-op>
<gc-op id="2297" type="classunload" timems="0.010" contextid="2293" timestamp="2019-08-09T21:46:23.509">
  <classunload-info classloadercandidates="54" classloadersunloaded="0" classesunloaded="0" anonymousclassesunloaded="0" quiescems="0.000" setupms="0.009" scanms="0.000" postms="0.000" />
</gc-op>
<gc-end id="2298" type="partial gc" contextid="2293" durationms="11.691" usertimems="21.676" systemtimems="0.000" timestamp="2019-08-09T21:46:23.509" activeThreads="16">
  <mem-info id="2299" free="163577856" total="320864256" percent="50">
    <mem type="eden" free="2096360" total="2097152" percent="99" />
    <remembered-set count="6400" freebytes="12801920" totalbytes="12827520" percent="99" regionsoverflowed="0" regionsstable="10" regionsrebuilding="0"/>
  </mem-info>
</gc-end>
<cycle-end id="2300" type="partial gc" contextid="2293" timestamp="2019-08-09T21:46:23.509" />
  <attribute name="elasticGC enabled" value="1" />
  <attribute name= "numThreadsSpecified" value="16" />
  <attribute name="heapSize specified" value="0" />
  <attribute name="Current GC Util" value="191" />
  <attribute name= "Current Time Running" value="196585" />
  <attribute name ="GC Interval" value="0" />
  <attribute name="Target GC Util Change" value ="80.000000" />
  <attribute name="Current GC Util Change" value="191.000000"/>
  <attribute name="Current Error" value="-156.000000" />
  <attribute name="Output H" value="320939760"/>
  <attribute name="Output I" value="1832"/>
  <attribute name="Output T" value="16"/>
  <attribute name= "Current Time Running" value="196585" />
  <attribute name="GC Util currently" value="191" />
  <attribute name="CPU Util currently" value="1061550602305" />
<exclusive-end id="2301" timestamp="2019-08-09T21:46:23.509" durationms="12.356" />

<exclusive-start id="2302" timestamp="2019-08-09T21:46:23.540" intervalms="43.408">
  <response-info timems="0.078" idlems="0.078" threads="0" lastid="0000000001DE8F00" lastname="main" />
</exclusive-start>
<allocation-taxation id="2303" taxation-threshold="88080384" timestamp="2019-08-09T21:46:23.540" intervalms="43.408" />
<cycle-start id="2304" type="partial gc" contextid="0" timestamp="2019-08-09T21:46:23.540" intervalms="43.415" />
<gc-start id="2305" type="partial gc" contextid="2304" timestamp="2019-08-09T21:46:23.541">
  <mem-info id="2306" free="75497472" total="320864256" percent="23">
    <mem type="eden" free="2096360" total="90177536" percent="2" />
    <remembered-set count="5920" freebytes="12803840" totalbytes="12827520" percent="99" regionsoverflowed="0" regionsstable="10" regionsrebuilding="0"/>
  </mem-info>
</gc-start>
<allocation-stats totalBytes="87788304" >
  <allocated-bytes non-tlh="0" tlh="87788304" arrayletleaf="0"/>
  <largest-consumer threadName="main" threadId="0000000001DE8F00" bytes="87788304" />
</allocation-stats>
<gc-op id="2307" type="copy forward" timems="15.656" contextid="2304" timestamp="2019-08-09T21:46:23.558">
  <memory-copied type="eden" objects="2" bytes="56" bytesdiscarded="736" />
  <memory-copied type="other" objects="86" bytes="3528" bytesdiscarded="1384" />
  <memory-cardclean objects="103" bytes="3168" />
  <regions eden="42" other="2" />
  <remembered-set-cleared processed="214" cleared="13" durationms="0.262" />
  <stringconstants candidates="13838" cleared="0"  />
</gc-op>
<gc-op id="2308" type="classunload" timems="0.009" contextid="2304" timestamp="2019-08-09T21:46:23.558">
  <classunload-info classloadercandidates="54" classloadersunloaded="0" classesunloaded="0" anonymousclassesunloaded="0" quiescems="0.000" setupms="0.009" scanms="0.000" postms="0.000" />
</gc-op>
<heap-resize id="2309" type="expand" space="default" amount="56623104" count="1" timems="0.262" reason="excessive time being spent in gc" timestamp="2019-08-09T21:46:23.559" />
<gc-end id="2310" type="partial gc" contextid="2304" durationms="18.087" usertimems="30.198" systemtimems="0.000" timestamp="2019-08-09T21:46:23.559" activeThreads="16">
  <mem-info id="2311" free="220200960" total="377487360" percent="58">
    <mem type="eden" free="2096360" total="2097152" percent="99" />
    <remembered-set count="6400" freebytes="15065600" totalbytes="15091200" percent="99" regionsoverflowed="0" regionsstable="10" regionsrebuilding="0"/>
  </mem-info>
</gc-end>
<cycle-end id="2312" type="partial gc" contextid="2304" timestamp="2019-08-09T21:46:23.559" />
  <attribute name="elasticGC enabled" value="1" />
  <attribute name= "numThreadsSpecified" value="16" />
  <attribute name="heapSize specified" value="0" />
  <attribute name="Current GC Util" value="207" />
  <attribute name= "Current Time Running" value="196629" />
  <attribute name ="GC Interval" value="0" />
  <attribute name="Target GC Util Change" value ="80.000000" />
  <attribute name="Current GC Util Change" value="207.000000"/>
  <attribute name="Current Error" value="-250.000000" />
  <attribute name="Output H" value="320939648"/>
  <attribute name="Output I" value="1720"/>
  <attribute name="Output T" value="16"/>
  <attribute name= "Current Time Running" value="196629" />
  <attribute name="GC Util currently" value="207" />
  <attribute name="CPU Util currently" value="821748559992" />
<exclusive-end id="2313" timestamp="2019-08-09T21:46:23.559" durationms="18.896" />

<exclusive-start id="2314" timestamp="2019-08-09T21:46:23.598" intervalms="57.549">
  <response-info timems="0.020" idlems="0.020" threads="0" lastid="0000000001DE8F00" lastname="main" />
</exclusive-start>
<allocation-taxation id="2315" taxation-threshold="100663296" timestamp="2019-08-09T21:46:23.598" intervalms="57.539" />
<cycle-start id="2316" type="partial gc" contextid="0" timestamp="2019-08-09T21:46:23.598" intervalms="57.534" />
<gc-start id="2317" type="partial gc" contextid="2316" timestamp="2019-08-09T21:46:23.598">
  <mem-info id="2318" free="119537664" total="377487360" percent="31">
    <mem type="eden" free="2096360" total="102760448" percent="2" />
    <remembered-set count="6080" freebytes="15066880" totalbytes="15091200" percent="99" regionsoverflowed="0" regionsstable="10" regionsrebuilding="0"/>
  </mem-info>
</gc-start>
<allocation-stats totalBytes="100330032" >
  <allocated-bytes non-tlh="0" tlh="100330032" arrayletleaf="0"/>
  <largest-consumer threadName="main" threadId="0000000001DE8F00" bytes="100330032" />
</allocation-stats>
<gc-op id="2319" type="copy forward" timems="10.383" contextid="2316" timestamp="2019-08-09T21:46:23.610">
  <memory-copied type="eden" objects="2" bytes="56" bytesdiscarded="736" />
  <memory-copied type="other" objects="86" bytes="3528" bytesdiscarded="456" />
  <memory-cardclean objects="103" bytes="3168" />
  <regions eden="48" other="2" />
  <remembered-set-cleared processed="214" cleared="13" durationms="0.224" />
  <stringconstants candidates="13838" cleared="0"  />
</gc-op>
<gc-op id="2320" type="classunload" timems="0.009" contextid="2316" timestamp="2019-08-09T21:46:23.610">
  <classunload-info classloadercandidates="54" classloadersunloaded="0" classesunloaded="0" anonymousclassesunloaded="0" quiescems="0.000" setupms="0.008" scanms="0.000" postms="0.000" />
</gc-op>
<heap-resize id="2321" type="expand" space="default" amount="16777216" count="1" timems="0.117" reason="excessive time being spent in gc" timestamp="2019-08-09T21:46:23.611" />
<gc-end id="2322" type="partial gc" contextid="2316" durationms="12.542" usertimems="28.345" systemtimems="0.000" timestamp="2019-08-09T21:46:23.611" activeThreads="16">
  <mem-info id="2323" free="236978176" total="394264576" percent="60">
    <mem type="eden" free="2096360" total="2097152" percent="99" />
    <remembered-set count="6400" freebytes="15736320" totalbytes="15761920" percent="99" regionsoverflowed="0" regionsstable="10" regionsrebuilding="0"/>
  </mem-info>
</gc-end>
<cycle-end id="2324" type="partial gc" contextid="2316" timestamp="2019-08-09T21:46:23.611" />
  <attribute name="elasticGC enabled" value="1" />
  <attribute name= "numThreadsSpecified" value="16" />
  <attribute name="heapSize specified" value="0" />
  <attribute name="Current GC Util" value="217" />
  <attribute name= "Current Time Running" value="196686" />
  <attribute name ="GC Interval" value="0" />
  <attribute name="Target GC Util Change" value ="80.000000" />
  <attribute name="Current GC Util Change" value="217.000000"/>
  <attribute name="Current Error" value="-137.000000" />
  <attribute name="Output H" value="377562888"/>
  <attribute name="Output I" value="1856"/>
  <attribute name="Output T" value="16"/>
  <attribute name= "Current Time Running" value="196686" />
  <attribute name="GC Util currently" value="217" />
  <attribute name="CPU Util currently" value="776845755642" />
<exclusive-end id="2325" timestamp="2019-08-09T21:46:23.611" durationms="13.144" />

<exclusive-start id="2326" timestamp="2019-08-09T21:46:23.643" intervalms="45.705">
  <response-info timems="0.018" idlems="0.018" threads="0" lastid="0000000001DE8F00" lastname="main" />
</exclusive-start>
<allocation-taxation id="2327" taxation-threshold="104857600" timestamp="2019-08-09T21:46:23.643" intervalms="45.708" />
<cycle-start id="2328" type="partial gc" contextid="0" timestamp="2019-08-09T21:46:23.644" intervalms="45.652" />
<gc-start id="2329" type="partial gc" contextid="2328" timestamp="2019-08-09T21:46:23.644">
  <mem-info id="2330" free="132120576" total="394264576" percent="33">
    <mem type="eden" free="2096360" total="106954752" percent="1" />
    <remembered-set count="6080" freebytes="15737600" totalbytes="15761920" percent="99" regionsoverflowed="0" regionsstable="10" regionsrebuilding="0"/>
  </mem-info>
</gc-start>
<allocation-stats totalBytes="104510608" >
  <allocated-bytes non-tlh="0" tlh="104510608" arrayletleaf="0"/>
  <largest-consumer threadName="main" threadId="0000000001DE8F00" bytes="104510608" />
</allocation-stats>
<gc-op id="2331" type="copy forward" timems="6.857" contextid="2328" timestamp="2019-08-09T21:46:23.652">
  <memory-copied type="eden" objects="2" bytes="56" bytesdiscarded="736" />
  <memory-copied type="other" objects="86" bytes="3528" bytesdiscarded="264" />
  <memory-cardclean objects="103" bytes="3168" />
  <regions eden="50" other="2" />
  <remembered-set-cleared processed="214" cleared="13" durationms="0.178" />
  <stringconstants candidates="13838" cleared="0"  />
</gc-op>
<gc-op id="2332" type="classunload" timems="0.010" contextid="2328" timestamp="2019-08-09T21:46:23.652">
  <classunload-info classloadercandidates="54" classloadersunloaded="0" classesunloaded="0" anonymousclassesunloaded="0" quiescems="0.000" setupms="0.010" scanms="0.000" postms="0.000" />
</gc-op>
<gc-end id="2333" type="partial gc" contextid="2328" durationms="8.107" usertimems="17.991" systemtimems="0.000" timestamp="2019-08-09T21:46:23.652" activeThreads="16">
  <mem-info id="2334" free="236978176" total="394264576" percent="60">
    <mem type="eden" free="2096360" total="2097152" percent="99" />
    <remembered-set count="6400" freebytes="15736320" totalbytes="15761920" percent="99" regionsoverflowed="0" regionsstable="10" regionsrebuilding="0"/>
  </mem-info>
</gc-end>
<cycle-end id="2335" type="partial gc" contextid="2328" timestamp="2019-08-09T21:46:23.652" />
  <attribute name="elasticGC enabled" value="1" />
  <attribute name= "numThreadsSpecified" value="16" />
  <attribute name="heapSize specified" value="0" />
  <attribute name="Current GC Util" value="127" />
  <attribute name= "Current Time Running" value="196731" />
  <attribute name ="GC Interval" value="0" />
  <attribute name="Target GC Util Change" value ="80.000000" />
  <attribute name="Current GC Util Change" value="127.000000"/>
  <attribute name="Current Error" value="-161.000000" />
  <attribute name="Output H" value="394340072"/>
  <attribute name="Output I" value="1824"/>
  <attribute name="Output T" value="16"/>
  <attribute name= "Current Time Running" value="196731" />
  <attribute name="GC Util currently" value="127" />
  <attribute name="CPU Util currently" value="1741996840314" />
<exclusive-end id="2336" timestamp="2019-08-09T21:46:23.652" durationms="8.704" />

<exclusive-start id="2337" timestamp="2019-08-09T21:46:23.689" intervalms="45.230">
  <response-info timems="0.019" idlems="0.019" threads="0" lastid="0000000001DE8F00" lastname="main" />
</exclusive-start>
<allocation-taxation id="2338" taxation-threshold="104857600" timestamp="2019-08-09T21:46:23.689" intervalms="45.232" />
<cycle-start id="2339" type="partial gc" contextid="0" timestamp="2019-08-09T21:46:23.689" intervalms="45.230" />
<gc-start id="2340" type="partial gc" contextid="2339" timestamp="2019-08-09T21:46:23.689">
  <mem-info id="2341" free="132120576" total="394264576" percent="33">
    <mem type="eden" free="2096360" total="106954752" percent="1" />
    <remembered-set count="6400" freebytes="15736320" totalbytes="15761920" percent="99" regionsoverflowed="0" regionsstable="10" regionsrebuilding="0"/>
  </mem-info>
</gc-start>
<allocation-stats totalBytes="104510608" >
  <allocated-bytes non-tlh="0" tlh="104510608" arrayletleaf="0"/>
  <largest-consumer threadName="main" threadId="0000000001DE8F00" bytes="104510608" />
</allocation-stats>
<gc-op id="2342" type="copy forward" timems="7.368" contextid="2339" timestamp="2019-08-09T21:46:23.697">
  <memory-copied type="eden" objects="2" bytes="56" bytesdiscarded="736" />
  <memory-copied type="other" objects="86" bytes="3528" bytesdiscarded="1360" />
  <memory-cardclean objects="103" bytes="3168" />
  <regions eden="50" other="2" />
  <remembered-set-cleared processed="214" cleared="13" durationms="0.149" />
  <stringconstants candidates="13838" cleared="0"  />
</gc-op>
<gc-op id="2343" type="classunload" timems="0.010" contextid="2339" timestamp="2019-08-09T21:46:23.698">
  <classunload-info classloadercandidates="54" classloadersunloaded="0" classesunloaded="0" anonymousclassesunloaded="0" quiescems="0.000" setupms="0.010" scanms="0.000" postms="0.000" />
</gc-op>
<gc-end id="2344" type="partial gc" contextid="2339" durationms="8.670" usertimems="18.224" systemtimems="0.000" timestamp="2019-08-09T21:46:23.698" activeThreads="16">
  <mem-info id="2345" free="236978176" total="394264576" percent="60">
    <mem type="eden" free="2096360" total="2097152" percent="99" />
    <remembered-set count="5888" freebytes="15738368" totalbytes="15761920" percent="99" regionsoverflowed="0" regionsstable="10" regionsrebuilding="0"/>
  </mem-info>
</gc-end>
<cycle-end id="2346" type="partial gc" contextid="2339" timestamp="2019-08-09T21:46:23.698" />
  <attribute name="elasticGC enabled" value="1" />
  <attribute name= "numThreadsSpecified" value="16" />
  <attribute name="heapSize specified" value="0" />
  <attribute name="Current GC Util" value="118" />
  <attribute name= "Current Time Running" value="196776" />
  <attribute name ="GC Interval" value="0" />
  <attribute name="Target GC Util Change" value ="80.000000" />
  <attribute name="Current GC Util Change" value="118.000000"/>
  <attribute name="Current Error" value="-158.000000" />
  <attribute name="Output H" value="394340080"/>
  <attribute name="Output I" value="1832"/>
  <attribute name="Output T" value="16"/>
  <attribute name= "Current Time Running" value="196776" />
  <attribute name="GC Util currently" value="118" />
  <attribute name="CPU Util currently" value="1629674603589" />
<exclusive-end id="2347" timestamp="2019-08-09T21:46:23.698" durationms="9.300" />

<exclusive-start id="2348" timestamp="2019-08-09T21:46:23.732" intervalms="43.502">
  <response-info timems="0.017" idlems="0.017" threads="0" lastid="0000000001DE8F00" lastname="main" />
</exclusive-start>
<allocation-taxation id="2349" taxation-threshold="104857600" timestamp="2019-08-09T21:46:23.732" intervalms="43.498" />
<cycle-start id="2350" type="partial gc" contextid="0" timestamp="2019-08-09T21:46:23.732" intervalms="43.531" />
<gc-start id="2351" type="partial gc" contextid="2350" timestamp="2019-08-09T21:46:23.733">
  <mem-info id="2352" free="132120576" total="394264576" percent="33">
    <mem type="eden" free="2096360" total="106954752" percent="1" />
    <remembered-set count="5568" freebytes="15739648" totalbytes="15761920" percent="99" regionsoverflowed="0" regionsstable="10" regionsrebuilding="0"/>
  </mem-info>
</gc-start>
<allocation-stats totalBytes="104264792" >
  <allocated-bytes non-tlh="0" tlh="104264792" arrayletleaf="0"/>
  <largest-consumer threadName="main" threadId="0000000001DE8F00" bytes="104264792" />
</allocation-stats>
<gc-op id="2353" type="copy forward" timems="6.220" contextid="2350" timestamp="2019-08-09T21:46:23.741">
  <memory-copied type="eden" objects="27" bytes="1944" bytesdiscarded="360" />
  <memory-copied type="other" objects="67" bytes="1808" bytesdiscarded="648" />
  <memory-cardclean objects="118" bytes="3408" />
  <regions eden="50" other="2" />
  <remembered-set-cleared processed="214" cleared="13" durationms="0.175" />
  <stringconstants candidates="13838" cleared="0"  />
</gc-op>
<gc-op id="2354" type="classunload" timems="0.006" contextid="2350" timestamp="2019-08-09T21:46:23.741">
  <classunload-info classloadercandidates="54" classloadersunloaded="0" classesunloaded="0" anonymousclassesunloaded="0" quiescems="0.000" setupms="0.005" scanms="0.000" postms="0.000" />
</gc-op>
<gc-end id="2355" type="partial gc" contextid="2350" durationms="8.259" usertimems="17.675" systemtimems="0.000" timestamp="2019-08-09T21:46:23.741" activeThreads="16">
  <mem-info id="2356" free="236978176" total="394264576" percent="60">
    <mem type="eden" free="2094848" total="2097152" percent="99" />
    <remembered-set count="5376" freebytes="15740416" totalbytes="15761920" percent="99" regionsoverflowed="0" regionsstable="10" regionsrebuilding="0"/>
  </mem-info>
</gc-end>
<cycle-end id="2357" type="partial gc" contextid="2350" timestamp="2019-08-09T21:46:23.741" />
  <attribute name="elasticGC enabled" value="1" />
  <attribute name= "numThreadsSpecified" value="16" />
  <attribute name="heapSize specified" value="0" />
  <attribute name="Current GC Util" value="193" />
  <attribute name= "Current Time Running" value="196821" />
  <attribute name ="GC Interval" value="0" />
  <attribute name="Target GC Util Change" value ="80.000000" />
  <attribute name="Current GC Util Change" value="193.000000"/>
  <attribute name="Current Error" value="-113.000000" />
  <attribute name="Output H" value="394340128"/>
  <attribute name="Output I" value="1880"/>
  <attribute name="Output T" value="16"/>
  <attribute name= "Current Time Running" value="196821" />
  <attribute name="GC Util currently" value="193" />
  <attribute name="CPU Util currently" value="798135742548" />
<exclusive-end id="2358" timestamp="2019-08-09T21:46:23.741" durationms="8.915" />

<exclusive-start id="2359" timestamp="2019-08-09T21:46:23.776" intervalms="44.151">
  <response-info timems="0.018" idlems="0.018" threads="0" lastid="0000000001DE8F00" lastname="main" />
</exclusive-start>
<allocation-taxation id="2360" taxation-threshold="104857600" timestamp="2019-08-09T21:46:23.776" intervalms="44.155" />
<cycle-start id="2361" type="partial gc" contextid="0" timestamp="2019-08-09T21:46:23.776" intervalms="44.153" />
<gc-start id="2362" type="partial gc" contextid="2361" timestamp="2019-08-09T21:46:23.777">
  <mem-info id="2363" free="132120576" total="394264576" percent="33">
    <mem type="eden" free="0" total="104857600" percent="0" />
    <remembered-set count="4896" freebytes="15742336" totalbytes="15761920" percent="99" regionsoverflowed="0" regionsstable="10" regionsrebuilding="0"/>
  </mem-info>
</gc-start>
<allocation-stats totalBytes="104201560" >
  <allocated-bytes non-tlh="0" tlh="104201560" arrayletleaf="0"/>
  <largest-consumer threadName="main" threadId="0000000001DE8F00" bytes="104201560" />
</allocation-stats>
<gc-op id="2364" type="copy forward" timems="7.215" contextid="2361" timestamp="2019-08-09T21:46:23.785">
  <memory-copied type="eden" objects="2" bytes="64" bytesdiscarded="0" />
  <memory-copied type="other" objects="92" bytes="3688" bytesdiscarded="1536" />
  <memory-cardclean objects="103" bytes="3168" />
  <regions eden="50" other="2" />
  <remembered-set-cleared processed="216" cleared="15" durationms="0.163" />
  <stringconstants candidates="13838" cleared="0"  />
</gc-op>
<gc-op id="2365" type="classunload" timems="0.013" contextid="2361" timestamp="2019-08-09T21:46:23.785">
  <classunload-info classloadercandidates="54" classloadersunloaded="0" classesunloaded="0" anonymousclassesunloaded="0" quiescems="0.000" setupms="0.013" scanms="0.000" postms="0.000" />
</gc-op>
<heap-resize id="2366" type="expand" space="default" amount="4194304" count="1" timems="0.071" reason="excessive time being spent in gc" timestamp="2019-08-09T21:46:23.786" />
<gc-end id="2367" type="partial gc" contextid="2361" durationms="9.066" usertimems="20.007" systemtimems="0.000" timestamp="2019-08-09T21:46:23.786" activeThreads="16">
  <mem-info id="2368" free="239075328" total="398458880" percent="60">
    <mem type="eden" free="2097088" total="2097152" percent="99" />
    <remembered-set count="5888" freebytes="15906048" totalbytes="15929600" percent="99" regionsoverflowed="0" regionsstable="10" regionsrebuilding="0"/>
  </mem-info>
</gc-end>
<cycle-end id="2369" type="partial gc" contextid="2361" timestamp="2019-08-09T21:46:23.786" />
  <attribute name="elasticGC enabled" value="1" />
  <attribute name= "numThreadsSpecified" value="16" />
  <attribute name="heapSize specified" value="0" />
  <attribute name="Current GC Util" value="208" />
  <attribute name= "Current Time Running" value="196865" />
  <attribute name ="GC Interval" value="0" />
  <attribute name="Target GC Util Change" value ="80.000000" />
  <attribute name="Current GC Util Change" value="208.000000"/>
  <attribute name="Current Error" value="-196.000000" />
  <attribute name="Output H" value="394340032"/>
  <attribute name="Output I" value="1784"/>
  <attribute name="Output T" value="16"/>
  <attribute name= "Current Time Running" value="196865" />
  <attribute name="GC Util currently" value="208" />
  <attribute name="CPU Util currently" value="1152956035126" />
<exclusive-end id="2370" timestamp="2019-08-09T21:46:23.786" durationms="9.762" />

<exclusive-start id="2371" timestamp="2019-08-09T21:46:23.821" intervalms="44.513">
  <response-info timems="0.018" idlems="0.018" threads="0" lastid="0000000001DE8F00" lastname="main" />
</exclusive-start>
<allocation-taxation id="2372" taxation-threshold="106954752" timestamp="2019-08-09T21:46:23.821" intervalms="44.511" />
<cycle-start id="2373" type="partial gc" contextid="0" timestamp="2019-08-09T21:46:23.821" intervalms="44.500" />
<gc-start id="2374" type="partial gc" contextid="2373" timestamp="2019-08-09T21:46:23.821">
  <mem-info id="2375" free="132120576" total="398458880" percent="33">
    <mem type="eden" free="2097088" total="109051904" percent="1" />
    <remembered-set count="5600" freebytes="15907200" totalbytes="15929600" percent="99" regionsoverflowed="0" regionsstable="10" regionsrebuilding="0"/>
  </mem-info>
</gc-start>
<allocation-stats totalBytes="106285552" >
  <allocated-bytes non-tlh="0" tlh="106285552" arrayletleaf="0"/>
  <largest-consumer threadName="main" threadId="0000000001DE8F00" bytes="106285552" />
</allocation-stats>
<gc-op id="2376" type="copy forward" timems="6.337" contextid="2373" timestamp="2019-08-09T21:46:23.829">
  <memory-copied type="eden" objects="2" bytes="64" bytesdiscarded="0" />
  <memory-copied type="other" objects="25" bytes="1880" bytesdiscarded="672" />
  <memory-cardclean objects="43" bytes="1368" />
  <regions eden="51" other="2" />
  <remembered-set-cleared processed="223" cleared="10" durationms="0.210" />
  <stringconstants candidates="13838" cleared="0"  />
</gc-op>
<gc-op id="2377" type="classunload" timems="0.012" contextid="2373" timestamp="2019-08-09T21:46:23.829">
  <classunload-info classloadercandidates="54" classloadersunloaded="0" classesunloaded="0" anonymousclassesunloaded="0" quiescems="0.000" setupms="0.011" scanms="0.000" postms="0.000" />
</gc-op>
<gc-end id="2378" type="partial gc" contextid="2373" durationms="8.040" usertimems="17.868" systemtimems="0.000" timestamp="2019-08-09T21:46:23.829" activeThreads="16">
  <mem-info id="2379" free="239075328" total="398458880" percent="60">
    <mem type="eden" free="2097088" total="2097152" percent="99" />
    <remembered-set count="6560" freebytes="15903360" totalbytes="15929600" percent="99" regionsoverflowed="0" regionsstable="10" regionsrebuilding="0"/>
  </mem-info>
</gc-end>
<cycle-end id="2380" type="partial gc" contextid="2373" timestamp="2019-08-09T21:46:23.829" />
  <attribute name="elasticGC enabled" value="1" />
  <attribute name= "numThreadsSpecified" value="16" />
  <attribute name="heapSize specified" value="0" />
  <attribute name="Current GC Util" value="189" />
  <attribute name= "Current Time Running" value="196909" />
  <attribute name ="GC Interval" value="0" />
  <attribute name="Target GC Util Change" value ="80.000000" />
  <attribute name="Current GC Util Change" value="189.000000"/>
  <attribute name="Current Error" value="-267.000000" />
  <attribute name="Output H" value="398534256"/>
  <attribute name="Output I" value="1704"/>
  <attribute name="Output T" value="16"/>
  <attribute name= "Current Time Running" value="196909" />
  <attribute name="GC Util currently" value="189" />
  <attribute name="CPU Util currently" value="1066299537120" />
<exclusive-end id="2381" timestamp="2019-08-09T21:46:23.830" durationms="8.781" />

<exclusive-start id="2382" timestamp="2019-08-09T21:46:23.898" intervalms="77.665">
  <response-info timems="0.021" idlems="0.021" threads="0" lastid="0000000001DE8F00" lastname="main" />
</exclusive-start>
<allocation-taxation id="2383" taxation-threshold="106954752" timestamp="2019-08-09T21:46:23.899" intervalms="77.664" />
<cycle-start id="2384" type="partial gc" contextid="0" timestamp="2019-08-09T21:46:23.899" intervalms="77.649" />
<gc-start id="2385" type="partial gc" contextid="2384" timestamp="2019-08-09T21:46:23.899">
  <mem-info id="2386" free="132120576" total="398458880" percent="33">
    <mem type="eden" free="2097088" total="109051904" percent="1" />
    <remembered-set count="6080" freebytes="15905280" totalbytes="15929600" percent="99" regionsoverflowed="0" regionsstable="10" regionsrebuilding="0"/>
  </mem-info>
</gc-start>
<allocation-stats totalBytes="106930584" >
  <allocated-bytes non-tlh="0" tlh="106930584" arrayletleaf="0"/>
  <largest-consumer threadName="main" threadId="0000000001DE8F00" bytes="106930584" />
</allocation-stats>
<gc-op id="2387" type="copy forward" timems="6.609" contextid="2384" timestamp="2019-08-09T21:46:23.907">
  <memory-copied type="eden" objects="163" bytes="5376" bytesdiscarded="0" />
  <memory-copied type="other" objects="6" bytes="144" bytesdiscarded="720" />
  <memory-cardclean objects="58" bytes="1656" />
  <regions eden="51" other="2" />
  <remembered-set-cleared processed="223" cleared="11" durationms="0.140" />
  <stringconstants candidates="13838" cleared="0"  />
</gc-op>
<gc-op id="2388" type="classunload" timems="0.007" contextid="2384" timestamp="2019-08-09T21:46:23.907">
  <classunload-info classloadercandidates="54" classloadersunloaded="0" classesunloaded="0" anonymousclassesunloaded="0" quiescems="0.000" setupms="0.007" scanms="0.000" postms="0.000" />
</gc-op>
<gc-end id="2389" type="partial gc" contextid="2384" durationms="8.010" usertimems="18.578" systemtimems="0.000" timestamp="2019-08-09T21:46:23.907" activeThreads="16">
  <mem-info id="2390" free="239075328" total="398458880" percent="60">
    <mem type="eden" free="2091776" total="2097152" percent="99" />
    <remembered-set count="5504" freebytes="15907584" totalbytes="15929600" percent="99" regionsoverflowed="0" regionsstable="10" regionsrebuilding="0"/>
  </mem-info>
</gc-end>
<cycle-end id="2391" type="partial gc" contextid="2384" timestamp="2019-08-09T21:46:23.907" />
  <attribute name="elasticGC enabled" value="1" />
  <attribute name= "numThreadsSpecified" value="16" />
  <attribute name="heapSize specified" value="0" />
  <attribute name="Current GC Util" value="202" />
  <attribute name= "Current Time Running" value="196986" />
  <attribute name ="GC Interval" value="0" />
  <attribute name="Target GC Util Change" value ="80.000000" />
  <attribute name="Current GC Util Change" value="202.000000"/>
  <attribute name="Current Error" value="-122.000000" />
  <attribute name="Output H" value="398534424"/>
  <attribute name="Output I" value="1872"/>
  <attribute name="Output T" value="16"/>
  <attribute name= "Current Time Running" value="196986" />
  <attribute name="GC Util currently" value="202" />
  <attribute name="CPU Util currently" value="1398950710877" />
<exclusive-end id="2392" timestamp="2019-08-09T21:46:23.907" durationms="8.609" />

<exclusive-start id="2393" timestamp="2019-08-09T21:46:24.055" intervalms="156.850">
  <response-info timems="0.022" idlems="0.022" threads="0" lastid="0000000001DE8F00" lastname="main" />
</exclusive-start>
<allocation-taxation id="2394" taxation-threshold="106954752" timestamp="2019-08-09T21:46:24.055" intervalms="156.962" />
<cycle-start id="2395" type="partial gc" contextid="0" timestamp="2019-08-09T21:46:24.056" intervalms="157.076" />
<gc-start id="2396" type="partial gc" contextid="2395" timestamp="2019-08-09T21:46:24.056">
  <mem-info id="2397" free="132120576" total="398458880" percent="33">
    <mem type="eden" free="0" total="106954752" percent="0" />
    <remembered-set count="5152" freebytes="15908992" totalbytes="15929600" percent="99" regionsoverflowed="0" regionsstable="10" regionsrebuilding="0"/>
  </mem-info>
</gc-start>
<allocation-stats totalBytes="106925792" >
  <allocated-bytes non-tlh="0" tlh="106925792" arrayletleaf="0"/>
  <largest-consumer threadName="main" threadId="0000000001DE8F00" bytes="106925792" />
</allocation-stats>
<gc-op id="2398" type="copy forward" timems="8.347" contextid="2395" timestamp="2019-08-09T21:46:24.066">
  <memory-copied type="eden" objects="125" bytes="4368" bytesdiscarded="2512" />
  <memory-copied type="other" objects="12" bytes="288" bytesdiscarded="1464" />
  <memory-cardclean objects="124" bytes="11960" />
  <regions eden="51" other="2" />
  <remembered-set-cleared processed="224" cleared="27" durationms="0.255" />
  <references type="weak" candidates="37" cleared="0" enqueued="0" />
  <stringconstants candidates="13838" cleared="0"  />
</gc-op>
<gc-op id="2399" type="classunload" timems="0.028" contextid="2395" timestamp="2019-08-09T21:46:24.067">
  <classunload-info classloadercandidates="54" classloadersunloaded="0" classesunloaded="0" anonymousclassesunloaded="0" quiescems="0.000" setupms="0.027" scanms="0.000" postms="0.000" />
</gc-op>
<gc-end id="2400" type="partial gc" contextid="2395" durationms="11.369" usertimems="22.047" systemtimems="0.000" timestamp="2019-08-09T21:46:24.067" activeThreads="16">
  <mem-info id="2401" free="236978176" total="398458880" percent="59">
    <mem type="eden" free="2090224" total="2097152" percent="99" />
    <remembered-set count="6816" freebytes="15902336" totalbytes="15929600" percent="99" regionsoverflowed="0" regionsstable="10" regionsrebuilding="0"/>
  </mem-info>
</gc-end>
<cycle-end id="2402" type="partial gc" contextid="2395" timestamp="2019-08-09T21:46:24.068" />
  <attribute name="elasticGC enabled" value="1" />
  <attribute name= "numThreadsSpecified" value="16" />
  <attribute name="heapSize specified" value="0" />
  <attribute name="Current GC Util" value="165" />
  <attribute name= "Current Time Running" value="197144" />
  <attribute name ="GC Interval" value="0" />
  <attribute name="Target GC Util Change" value ="80.000000" />
  <attribute name="Current GC Util Change" value="165.000000"/>
  <attribute name="Current Error" value="-138.000000" />
  <attribute name="Output H" value="398534408"/>
  <attribute name="Output I" value="1856"/>
  <attribute name="Output T" value="16"/>
  <attribute name= "Current Time Running" value="197144" />
  <attribute name="GC Util currently" value="165" />
  <attribute name="CPU Util currently" value="825337546073" />
<exclusive-end id="2403" timestamp="2019-08-09T21:46:24.068" durationms="12.460" />

<exclusive-start id="2404" timestamp="2019-08-09T21:46:24.104" intervalms="49.150">
  <response-info timems="0.019" idlems="0.019" threads="0" lastid="0000000001DE8F00" lastname="main" />
</exclusive-start>
<allocation-taxation id="2405" taxation-threshold="106954752" timestamp="2019-08-09T21:46:24.105" intervalms="49.039" />
<cycle-start id="2406" type="partial gc" contextid="0" timestamp="2019-08-09T21:46:24.105" intervalms="48.966" />
<gc-start id="2407" type="partial gc" contextid="2406" timestamp="2019-08-09T21:46:24.105">
  <mem-info id="2408" free="130023424" total="398458880" percent="32">
    <mem type="eden" free="0" total="106954752" percent="0" />
    <remembered-set count="6464" freebytes="15903744" totalbytes="15929600" percent="99" regionsoverflowed="0" regionsstable="10" regionsrebuilding="0"/>
  </mem-info>
</gc-start>
<allocation-stats totalBytes="106900992" >
  <allocated-bytes non-tlh="0" tlh="106900992" arrayletleaf="0"/>
  <largest-consumer threadName="main" threadId="0000000001DE8F00" bytes="106900992" />
</allocation-stats>
<gc-op id="2409" type="copy forward" timems="12.806" contextid="2406" timestamp="2019-08-09T21:46:24.119">
  <memory-copied type="eden" objects="6" bytes="360" bytesdiscarded="0" />
  <memory-copied type="other" objects="125" bytes="4200" bytesdiscarded="3312" />
  <memory-cardclean objects="70" bytes="10976" />
  <regions eden="51" other="2" />
  <remembered-set-cleared processed="226" cleared="24" durationms="0.135" />
  <references type="weak" candidates="37" cleared="0" enqueued="0" />
  <stringconstants candidates="13838" cleared="0"  />
</gc-op>
<gc-op id="2410" type="classunload" timems="0.040" contextid="2406" timestamp="2019-08-09T21:46:24.119">
  <classunload-info classloadercandidates="54" classloadersunloaded="0" classesunloaded="0" anonymousclassesunloaded="0" quiescems="0.000" setupms="0.039" scanms="0.000" postms="0.000" />
</gc-op>
<gc-end id="2411" type="partial gc" contextid="2406" durationms="14.056" usertimems="26.309" systemtimems="0.000" timestamp="2019-08-09T21:46:24.119" activeThreads="16">
  <mem-info id="2412" free="234881024" total="398458880" percent="58">
    <mem type="eden" free="2096792" total="2097152" percent="99" />
    <remembered-set count="8448" freebytes="15895808" totalbytes="15929600" percent="99" regionsoverflowed="0" regionsstable="10" regionsrebuilding="0"/>
  </mem-info>
</gc-end>
<cycle-end id="2413" type="partial gc" contextid="2406" timestamp="2019-08-09T21:46:24.119" />
  <attribute name="elasticGC enabled" value="1" />
  <attribute name= "numThreadsSpecified" value="16" />
  <attribute name="heapSize specified" value="0" />
  <attribute name="Current GC Util" value="162" />
  <attribute name= "Current Time Running" value="197192" />
  <attribute name ="GC Interval" value="0" />
  <attribute name="Target GC Util Change" value ="80.000000" />
  <attribute name="Current GC Util Change" value="162.000000"/>
  <attribute name="Current Error" value="-182.000000" />
  <attribute name="Output H" value="398534352"/>
  <attribute name="Output I" value="1800"/>
  <attribute name="Output T" value="16"/>
  <attribute name= "Current Time Running" value="197192" />
  <attribute name="GC Util currently" value="162" />
  <attribute name="CPU Util currently" value="1852835684247" />
<exclusive-end id="2414" timestamp="2019-08-09T21:46:24.119" durationms="14.722" />

<exclusive-start id="2415" timestamp="2019-08-09T21:46:24.155" intervalms="50.229">
  <response-info timems="0.016" idlems="0.016" threads="0" lastid="0000000001DE8F00" lastname="main" />
</exclusive-start>
<allocation-taxation id="2416" taxation-threshold="106954752" timestamp="2019-08-09T21:46:24.155" intervalms="50.229" />
<cycle-start id="2417" type="partial gc" contextid="0" timestamp="2019-08-09T21:46:24.155" intervalms="50.241" />
<gc-start id="2418" type="partial gc" contextid="2417" timestamp="2019-08-09T21:46:24.155">
  <mem-info id="2419" free="127926272" total="398458880" percent="32">
    <mem type="eden" free="2096792" total="109051904" percent="1" />
    <remembered-set count="8064" freebytes="15897344" totalbytes="15929600" percent="99" regionsoverflowed="0" regionsstable="10" regionsrebuilding="0"/>
  </mem-info>
</gc-start>
<allocation-stats totalBytes="106896656" >
  <allocated-bytes non-tlh="0" tlh="106896656" arrayletleaf="0"/>
  <largest-consumer threadName="main" threadId="0000000001DE8F00" bytes="106896656" />
</allocation-stats>
<gc-op id="2420" type="copy forward" timems="8.682" contextid="2417" timestamp="2019-08-09T21:46:24.165">
  <memory-copied type="eden" objects="23" bytes="984" bytesdiscarded="696" />
  <memory-copied type="other" objects="108" bytes="3648" bytesdiscarded="984" />
  <memory-cardclean objects="80" bytes="11136" />
  <regions eden="51" other="2" />
  <remembered-set-cleared processed="228" cleared="23" durationms="0.157" />
  <references type="weak" candidates="37" cleared="0" enqueued="0" />
  <stringconstants candidates="13838" cleared="0"  />
</gc-op>
<gc-op id="2421" type="classunload" timems="0.009" contextid="2417" timestamp="2019-08-09T21:46:24.165">
  <classunload-info classloadercandidates="54" classloadersunloaded="0" classesunloaded="0" anonymousclassesunloaded="0" quiescems="0.000" setupms="0.009" scanms="0.000" postms="0.000" />
</gc-op>
<heap-resize id="2422" type="expand" space="default" amount="10485760" count="1" timems="0.101" reason="excessive time being spent in gc" timestamp="2019-08-09T21:46:24.165" />
<gc-end id="2423" type="partial gc" contextid="2417" durationms="10.361" usertimems="23.273" systemtimems="0.000" timestamp="2019-08-09T21:46:24.166" activeThreads="16">
  <mem-info id="2424" free="245366784" total="408944640" percent="60">
    <mem type="eden" free="2095472" total="2097152" percent="99" />
    <remembered-set count="5984" freebytes="16324864" totalbytes="16348800" percent="99" regionsoverflowed="0" regionsstable="10" regionsrebuilding="0"/>
  </mem-info>
</gc-end>
<cycle-end id="2425" type="partial gc" contextid="2417" timestamp="2019-08-09T21:46:24.166" />
  <attribute name="elasticGC enabled" value="1" />
  <attribute name= "numThreadsSpecified" value="16" />
  <attribute name="heapSize specified" value="0" />
  <attribute name="Current GC Util" value="168" />
  <attribute name= "Current Time Running" value="197243" />
  <attribute name ="GC Interval" value="0" />
  <attribute name="Target GC Util Change" value ="80.000000" />
  <attribute name="Current GC Util Change" value="168.000000"/>
  <attribute name="Current Error" value="-88.000000" />
  <attribute name="Output H" value="398534464"/>
  <attribute name="Output I" value="1912"/>
  <attribute name="Output T" value="16"/>
  <attribute name= "Current Time Running" value="197243" />
  <attribute name="GC Util currently" value="168" />
  <attribute name="CPU Util currently" value="1048851275656" />
<exclusive-end id="2426" timestamp="2019-08-09T21:46:24.166" durationms="11.009" />

<exclusive-start id="2427" timestamp="2019-08-09T21:46:24.227" intervalms="71.914">
  <response-info timems="0.019" idlems="0.019" threads="0" lastid="0000000001DE8F00" lastname="main" />
</exclusive-start>
<allocation-taxation id="2428" taxation-threshold="109051904" timestamp="2019-08-09T21:46:24.227" intervalms="71.913" />
<cycle-start id="2429" type="partial gc" contextid="0" timestamp="2019-08-09T21:46:24.227" intervalms="71.863" />
<gc-start id="2430" type="partial gc" contextid="2429" timestamp="2019-08-09T21:46:24.227">
  <mem-info id="2431" free="136314880" total="408944640" percent="33">
    <mem type="eden" free="0" total="109051904" percent="0" />
    <remembered-set count="5632" freebytes="16326272" totalbytes="16348800" percent="99" regionsoverflowed="0" regionsstable="10" regionsrebuilding="0"/>
  </mem-info>
</gc-start>
<allocation-stats totalBytes="108975640" >
  <allocated-bytes non-tlh="0" tlh="108975640" arrayletleaf="0"/>
  <largest-consumer threadName="main" threadId="0000000001DE8F00" bytes="108975640" />
</allocation-stats>
<gc-op id="2432" type="copy forward" timems="12.632" contextid="2429" timestamp="2019-08-09T21:46:24.241">
  <memory-copied type="eden" objects="48" bytes="2072" bytesdiscarded="696" />
  <memory-copied type="other" objects="114" bytes="3792" bytesdiscarded="2496" />
  <memory-cardclean objects="85" bytes="11264" />
  <regions eden="52" other="2" />
  <remembered-set-cleared processed="229" cleared="25" durationms="0.180" />
  <references type="weak" candidates="37" cleared="0" enqueued="0" />
  <stringconstants candidates="13838" cleared="0"  />
</gc-op>
<gc-op id="2433" type="classunload" timems="0.009" contextid="2429" timestamp="2019-08-09T21:46:24.241">
  <classunload-info classloadercandidates="54" classloadersunloaded="0" classesunloaded="0" anonymousclassesunloaded="0" quiescems="0.000" setupms="0.009" scanms="0.000" postms="0.000" />
</gc-op>
<heap-resize id="2434" type="expand" space="default" amount="6291456" count="1" timems="0.087" reason="excessive time being spent in gc" timestamp="2019-08-09T21:46:24.241" />
<gc-end id="2435" type="partial gc" contextid="2429" durationms="14.070" usertimems="30.187" systemtimems="0.000" timestamp="2019-08-09T21:46:24.241" activeThreads="16">
  <mem-info id="2436" free="249561088" total="415236096" percent="60">
    <mem type="eden" free="2094384" total="2097152" percent="99" />
    <remembered-set count="8512" freebytes="16566272" totalbytes="16600320" percent="99" regionsoverflowed="0" regionsstable="10" regionsrebuilding="0"/>
  </mem-info>
</gc-end>
<cycle-end id="2437" type="partial gc" contextid="2429" timestamp="2019-08-09T21:46:24.241" />
  <attribute name="elasticGC enabled" value="1" />
  <attribute name= "numThreadsSpecified" value="16" />
  <attribute name="heapSize specified" value="0" />
  <attribute name="Current GC Util" value="103" />
  <attribute name= "Current Time Running" value="197314" />
  <attribute name ="GC Interval" value="0" />
  <attribute name="Target GC Util Change" value ="80.000000" />
  <attribute name="Current GC Util Change" value="103.000000"/>
  <attribute name="Current Error" value="-61.000000" />
  <attribute name="Output H" value="409020256"/>
  <attribute name="Output I" value="1944"/>
  <attribute name="Output T" value="16"/>
  <attribute name= "Current Time Running" value="197314" />
  <attribute name="GC Util currently" value="103" />
  <attribute name="CPU Util currently" value="1685045257732" />
<exclusive-end id="2438" timestamp="2019-08-09T21:46:24.241" durationms="14.672" />

<exclusive-start id="2439" timestamp="2019-08-09T21:46:24.447" intervalms="220.028">
  <response-info timems="0.023" idlems="0.023" threads="0" lastid="0000000001DE8F00" lastname="main" />
</exclusive-start>
<allocation-taxation id="2440" taxation-threshold="111149056" timestamp="2019-08-09T21:46:24.447" intervalms="220.063" />
<cycle-start id="2441" type="partial gc" contextid="0" timestamp="2019-08-09T21:46:24.447" intervalms="220.205" />
<gc-start id="2442" type="partial gc" contextid="2441" timestamp="2019-08-09T21:46:24.447">
  <mem-info id="2443" free="138412032" total="415236096" percent="33">
    <mem type="eden" free="0" total="111149056" percent="0" />
    <remembered-set count="8032" freebytes="16568192" totalbytes="16600320" percent="99" regionsoverflowed="0" regionsstable="10" regionsrebuilding="0"/>
  </mem-info>
</gc-start>
<allocation-stats totalBytes="107386008" >
  <allocated-bytes non-tlh="0" tlh="107386008" arrayletleaf="0"/>
  <largest-consumer threadName="main" threadId="0000000001DE8F00" bytes="107386008" />
</allocation-stats>
<gc-op id="2444" type="copy forward" timems="8.988" contextid="2441" timestamp="2019-08-09T21:46:24.458">
  <memory-copied type="eden" objects="67" bytes="41272" bytesdiscarded="1176" />
  <memory-copied type="other" objects="12" bytes="288" bytesdiscarded="1392" />
  <memory-cardclean objects="90" bytes="2456" />
  <regions eden="53" other="2" />
  <remembered-set-cleared processed="237" cleared="14" durationms="0.150" />
  <stringconstants candidates="13838" cleared="0"  />
</gc-op>
<gc-op id="2445" type="classunload" timems="0.013" contextid="2441" timestamp="2019-08-09T21:46:24.458">
  <classunload-info classloadercandidates="54" classloadersunloaded="0" classesunloaded="0" anonymousclassesunloaded="0" quiescems="0.000" setupms="0.012" scanms="0.000" postms="0.000" />
</gc-op>
<gc-end id="2446" type="partial gc" contextid="2441" durationms="11.185" usertimems="25.625" systemtimems="0.000" timestamp="2019-08-09T21:46:24.458" activeThreads="16">
  <mem-info id="2447" free="247463936" total="415236096" percent="59">
    <mem type="eden" free="2054704" total="2097152" percent="97" />
    <remembered-set count="7040" freebytes="16572160" totalbytes="16600320" percent="99" regionsoverflowed="0" regionsstable="10" regionsrebuilding="0"/>
  </mem-info>
</gc-end>
<cycle-end id="2448" type="partial gc" contextid="2441" timestamp="2019-08-09T21:46:24.458" />
  <attribute name="elasticGC enabled" value="1" />
  <attribute name= "numThreadsSpecified" value="16" />
  <attribute name="heapSize specified" value="0" />
  <attribute name="Current GC Util" value="196" />
  <attribute name= "Current Time Running" value="197535" />
  <attribute name ="GC Interval" value="0" />
  <attribute name="Target GC Util Change" value ="80.000000" />
  <attribute name="Current GC Util Change" value="196.000000"/>
  <attribute name="Current Error" value="-110.000000" />
  <attribute name="Output H" value="415311656"/>
  <attribute name="Output I" value="1888"/>
  <attribute name="Output T" value="16"/>
  <attribute name= "Current Time Running" value="197535" />
  <attribute name="GC Util currently" value="196" />
  <attribute name="CPU Util currently" value="847512015523" />
<exclusive-end id="2449" timestamp="2019-08-09T21:46:24.459" durationms="12.093" />

<exclusive-start id="2450" timestamp="2019-08-09T21:46:24.641" intervalms="194.794">
  <response-info timems="0.029" idlems="0.029" threads="0" lastid="0000000001DE8F00" lastname="main" />
</exclusive-start>
<allocation-taxation id="2451" taxation-threshold="111149056" timestamp="2019-08-09T21:46:24.642" intervalms="194.772" />
<cycle-start id="2452" type="partial gc" contextid="0" timestamp="2019-08-09T21:46:24.642" intervalms="194.637" />
<gc-start id="2453" type="partial gc" contextid="2452" timestamp="2019-08-09T21:46:24.642">
  <mem-info id="2454" free="136314880" total="415236096" percent="32">
    <mem type="eden" free="0" total="111149056" percent="0" />
    <remembered-set count="6592" freebytes="16573952" totalbytes="16600320" percent="99" regionsoverflowed="0" regionsstable="10" regionsrebuilding="0"/>
  </mem-info>
</gc-start>
<allocation-stats totalBytes="111134288" >
  <allocated-bytes non-tlh="0" tlh="111134288" arrayletleaf="0"/>
  <largest-consumer threadName="main" threadId="0000000001DE8F00" bytes="111134288" />
</allocation-stats>
<gc-op id="2455" type="copy forward" timems="7.598" contextid="2452" timestamp="2019-08-09T21:46:24.651">
  <memory-copied type="eden" objects="64" bytes="2056" bytesdiscarded="2536" />
  <memory-copied type="other" objects="42" bytes="1008" bytesdiscarded="1368" />
  <memory-cardclean objects="127" bytes="3600" />
  <regions eden="53" other="2" />
  <remembered-set-cleared processed="239" cleared="20" durationms="0.197" />
  <stringconstants candidates="13838" cleared="0"  />
</gc-op>
<gc-op id="2456" type="classunload" timems="0.008" contextid="2452" timestamp="2019-08-09T21:46:24.651">
  <classunload-info classloadercandidates="54" classloadersunloaded="0" classesunloaded="0" anonymousclassesunloaded="0" quiescems="0.000" setupms="0.008" scanms="0.000" postms="0.000" />
</gc-op>
<gc-end id="2457" type="partial gc" contextid="2452" durationms="9.046" usertimems="21.936" systemtimems="0.000" timestamp="2019-08-09T21:46:24.651" activeThreads="16">
  <mem-info id="2458" free="245366784" total="415236096" percent="59">
    <mem type="eden" free="2092560" total="2097152" percent="99" />
    <remembered-set count="7936" freebytes="16568576" totalbytes="16600320" percent="99" regionsoverflowed="0" regionsstable="10" regionsrebuilding="0"/>
  </mem-info>
</gc-end>
<cycle-end id="2459" type="partial gc" contextid="2452" timestamp="2019-08-09T21:46:24.651" />
  <attribute name="elasticGC enabled" value="1" />
  <attribute name= "numThreadsSpecified" value="16" />
  <attribute name="heapSize specified" value="0" />
  <attribute name="Current GC Util" value="246" />
  <attribute name= "Current Time Running" value="197729" />
  <attribute name ="GC Interval" value="0" />
  <attribute name="Target GC Util Change" value ="80.000000" />
  <attribute name="Current GC Util Change" value="246.000000"/>
  <attribute name="Current Error" value="-166.000000" />
  <attribute name="Output H" value="415311592"/>
  <attribute name="Output I" value="1824"/>
  <attribute name="Output T" value="16"/>
  <attribute name= "Current Time Running" value="197729" />
  <attribute name="GC Util currently" value="246" />
  <attribute name="CPU Util currently" value="1306459135840" />
<exclusive-end id="2460" timestamp="2019-08-09T21:46:24.651" durationms="9.723" />

<exclusive-start id="2461" timestamp="2019-08-09T21:46:24.781" intervalms="139.085">
  <response-info timems="0.020" idlems="0.020" threads="0" lastid="0000000001DE8F00" lastname="main" />
</exclusive-start>
<allocation-taxation id="2462" taxation-threshold="111149056" timestamp="2019-08-09T21:46:24.781" intervalms="139.072" />
<cycle-start id="2463" type="partial gc" contextid="0" timestamp="2019-08-09T21:46:24.781" intervalms="139.200" />
<gc-start id="2464" type="partial gc" contextid="2463" timestamp="2019-08-09T21:46:24.781">
  <mem-info id="2465" free="134217728" total="415236096" percent="32">
    <mem type="eden" free="0" total="111149056" percent="0" />
    <remembered-set count="7808" freebytes="16569088" totalbytes="16600320" percent="99" regionsoverflowed="0" regionsstable="10" regionsrebuilding="0"/>
  </mem-info>
</gc-start>
<allocation-stats totalBytes="111124080" >
  <allocated-bytes non-tlh="0" tlh="111124080" arrayletleaf="0"/>
  <largest-consumer threadName="main" threadId="0000000001DE8F00" bytes="111124080" />
</allocation-stats>
<gc-op id="2466" type="copy forward" timems="8.275" contextid="2463" timestamp="2019-08-09T21:46:24.790">
  <memory-copied type="eden" objects="41" bytes="1184" bytesdiscarded="1320" />
  <memory-copied type="other" objects="77" bytes="1944" bytesdiscarded="1104" />
  <memory-cardclean objects="137" bytes="4016" />
  <regions eden="53" other="2" />
  <remembered-set-cleared processed="242" cleared="22" durationms="0.189" />
  <stringconstants candidates="13838" cleared="0"  />
</gc-op>
<gc-op id="2467" type="classunload" timems="0.009" contextid="2463" timestamp="2019-08-09T21:46:24.791">
  <classunload-info classloadercandidates="54" classloadersunloaded="0" classesunloaded="0" anonymousclassesunloaded="0" quiescems="0.000" setupms="0.008" scanms="0.000" postms="0.000" />
</gc-op>
<gc-end id="2468" type="partial gc" contextid="2463" durationms="9.677" usertimems="24.427" systemtimems="0.000" timestamp="2019-08-09T21:46:24.791" activeThreads="16">
  <mem-info id="2469" free="243269632" total="415236096" percent="58">
    <mem type="eden" free="2094648" total="2097152" percent="99" />
    <remembered-set count="7392" freebytes="16570752" totalbytes="16600320" percent="99" regionsoverflowed="0" regionsstable="10" regionsrebuilding="0"/>
  </mem-info>
</gc-end>
<cycle-end id="2470" type="partial gc" contextid="2463" timestamp="2019-08-09T21:46:24.791" />
  <attribute name="elasticGC enabled" value="1" />
  <attribute name= "numThreadsSpecified" value="16" />
  <attribute name="heapSize specified" value="0" />
  <attribute name="Current GC Util" value="258" />
  <attribute name= "Current Time Running" value="197869" />
  <attribute name ="GC Interval" value="0" />
  <attribute name="Target GC Util Change" value ="80.000000" />
  <attribute name="Current GC Util Change" value="258.000000"/>
  <attribute name="Current Error" value="-278.000000" />
  <attribute name="Output H" value="415311456"/>
  <attribute name="Output I" value="1688"/>
  <attribute name="Output T" value="16"/>
  <attribute name= "Current Time Running" value="197869" />
  <attribute name="GC Util currently" value="258" />
  <attribute name="CPU Util currently" value="1554867004823" />
<exclusive-end id="2471" timestamp="2019-08-09T21:46:24.791" durationms="10.513" />

<exclusive-start id="2472" timestamp="2019-08-09T21:46:24.959" intervalms="178.238">
  <response-info timems="0.021" idlems="0.021" threads="0" lastid="0000000001DE8F00" lastname="main" />
</exclusive-start>
<allocation-taxation id="2473" taxation-threshold="111149056" timestamp="2019-08-09T21:46:24.959" intervalms="178.255" />
<cycle-start id="2474" type="partial gc" contextid="0" timestamp="2019-08-09T21:46:24.959" intervalms="178.112" />
<gc-start id="2475" type="partial gc" contextid="2474" timestamp="2019-08-09T21:46:24.959">
  <mem-info id="2476" free="132120576" total="415236096" percent="31">
    <mem type="eden" free="0" total="111149056" percent="0" />
    <remembered-set count="7360" freebytes="16570880" totalbytes="16600320" percent="99" regionsoverflowed="0" regionsstable="10" regionsrebuilding="0"/>
  </mem-info>
</gc-start>
<allocation-stats totalBytes="111140400" >
  <allocated-bytes non-tlh="0" tlh="111140400" arrayletleaf="0"/>
  <largest-consumer threadName="main" threadId="0000000001DE8F00" bytes="111140400" />
</allocation-stats>
<gc-op id="2477" type="copy forward" timems="8.830" contextid="2474" timestamp="2019-08-09T21:46:24.970">
  <memory-copied type="eden" objects="36" bytes="1016" bytesdiscarded="1008" />
  <memory-copied type="other" objects="59" bytes="1512" bytesdiscarded="1800" />
  <memory-cardclean objects="159" bytes="4488" />
  <regions eden="53" other="2" />
  <remembered-set-cleared processed="246" cleared="18" durationms="0.167" />
  <stringconstants candidates="13838" cleared="0"  />
</gc-op>
<gc-op id="2478" type="classunload" timems="0.009" contextid="2474" timestamp="2019-08-09T21:46:24.970">
  <classunload-info classloadercandidates="54" classloadersunloaded="0" classesunloaded="0" anonymousclassesunloaded="0" quiescems="0.000" setupms="0.009" scanms="0.000" postms="0.000" />
</gc-op>
<gc-end id="2479" type="partial gc" contextid="2474" durationms="10.465" usertimems="27.313" systemtimems="0.000" timestamp="2019-08-09T21:46:24.970" activeThreads="16">
  <mem-info id="2480" free="241172480" total="415236096" percent="58">
    <mem type="eden" free="2095128" total="2097152" percent="99" />
    <remembered-set count="8544" freebytes="16566144" totalbytes="16600320" percent="99" regionsoverflowed="0" regionsstable="10" regionsrebuilding="0"/>
  </mem-info>
</gc-end>
<cycle-end id="2481" type="partial gc" contextid="2474" timestamp="2019-08-09T21:46:24.970" />
  <attribute name="elasticGC enabled" value="1" />
  <attribute name= "numThreadsSpecified" value="16" />
  <attribute name="heapSize specified" value="0" />
  <attribute name="Current GC Util" value="124" />
  <attribute name= "Current Time Running" value="198047" />
  <attribute name ="GC Interval" value="0" />
  <attribute name="Target GC Util Change" value ="80.000000" />
  <attribute name="Current GC Util Change" value="124.000000"/>
  <attribute name="Current Error" value="-254.000000" />
  <attribute name="Output H" value="415311488"/>
  <attribute name="Output I" value="1720"/>
  <attribute name="Output T" value="16"/>
  <attribute name= "Current Time Running" value="198047" />
  <attribute name="GC Util currently" value="124" />
  <attribute name="CPU Util currently" value="1136208947579" />
<exclusive-end id="2482" timestamp="2019-08-09T21:46:24.970" durationms="11.195" />

<exclusive-start id="2483" timestamp="2019-08-09T21:46:25.160" intervalms="201.161">
  <response-info timems="0.015" idlems="0.015" threads="0" lastid="0000000001DE8F00" lastname="main" />
</exclusive-start>
<allocation-taxation id="2484" taxation-threshold="111149056" timestamp="2019-08-09T21:46:25.160" intervalms="201.144" />
<cycle-start id="2485" type="partial gc" contextid="0" timestamp="2019-08-09T21:46:25.160" intervalms="201.143" />
<gc-start id="2486" type="partial gc" contextid="2485" timestamp="2019-08-09T21:46:25.160">
  <mem-info id="2487" free="130023424" total="415236096" percent="31">
    <mem type="eden" free="0" total="111149056" percent="0" />
    <remembered-set count="8544" freebytes="16566144" totalbytes="16600320" percent="99" regionsoverflowed="0" regionsstable="10" regionsrebuilding="0"/>
  </mem-info>
</gc-start>
<allocation-stats totalBytes="111141248" >
  <allocated-bytes non-tlh="0" tlh="111141248" arrayletleaf="0"/>
  <largest-consumer threadName="main" threadId="0000000001DE8F00" bytes="111141248" />
</allocation-stats>
<gc-op id="2488" type="copy forward" timems="8.580" contextid="2485" timestamp="2019-08-09T21:46:25.170">
  <memory-copied type="eden" objects="49" bytes="1376" bytesdiscarded="408" />
  <memory-copied type="other" objects="42" bytes="1008" bytesdiscarded="1488" />
  <memory-cardclean objects="137" bytes="3616" />
  <regions eden="53" other="2" />
  <remembered-set-cleared processed="258" cleared="22" durationms="0.442" />
  <stringconstants candidates="13838" cleared="0"  />
</gc-op>
<gc-op id="2489" type="classunload" timems="0.012" contextid="2485" timestamp="2019-08-09T21:46:25.170">
  <classunload-info classloadercandidates="54" classloadersunloaded="0" classesunloaded="0" anonymousclassesunloaded="0" quiescems="0.000" setupms="0.012" scanms="0.000" postms="0.000" />
</gc-op>
<gc-end id="2490" type="partial gc" contextid="2485" durationms="9.852" usertimems="25.524" systemtimems="0.000" timestamp="2019-08-09T21:46:25.170" activeThreads="16">
  <mem-info id="2491" free="239075328" total="415236096" percent="57">
    <mem type="eden" free="2095368" total="2097152" percent="99" />
    <remembered-set count="6752" freebytes="16573312" totalbytes="16600320" percent="99" regionsoverflowed="0" regionsstable="10" regionsrebuilding="0"/>
  </mem-info>
</gc-end>
<cycle-end id="2492" type="partial gc" contextid="2485" timestamp="2019-08-09T21:46:25.170" />
  <attribute name="elasticGC enabled" value="1" />
  <attribute name= "numThreadsSpecified" value="16" />
  <attribute name="heapSize specified" value="0" />
  <attribute name="Current GC Util" value="117" />
  <attribute name= "Current Time Running" value="198248" />
  <attribute name ="GC Interval" value="0" />
  <attribute name="Target GC Util Change" value ="80.000000" />
  <attribute name="Current GC Util Change" value="117.000000"/>
  <attribute name="Current Error" value="-37.000000" />
  <attribute name="Output H" value="415311736"/>
  <attribute name="Output I" value="1968"/>
  <attribute name="Output T" value="16"/>
  <attribute name= "Current Time Running" value="198248" />
  <attribute name="GC Util currently" value="117" />
  <attribute name="CPU Util currently" value="1579322810397" />
<exclusive-end id="2493" timestamp="2019-08-09T21:46:25.170" durationms="10.366" />

<exclusive-start id="2494" timestamp="2019-08-09T21:46:25.348" intervalms="188.072">
  <response-info timems="0.019" idlems="0.019" threads="0" lastid="0000000001DE8F00" lastname="main" />
</exclusive-start>
<allocation-taxation id="2495" taxation-threshold="111149056" timestamp="2019-08-09T21:46:25.348" intervalms="188.070" />
<cycle-start id="2496" type="partial gc" contextid="0" timestamp="2019-08-09T21:46:25.348" intervalms="188.086" />
<gc-start id="2497" type="partial gc" contextid="2496" timestamp="2019-08-09T21:46:25.348">
  <mem-info id="2498" free="127926272" total="415236096" percent="30">
    <mem type="eden" free="0" total="111149056" percent="0" />
    <remembered-set count="6592" freebytes="16573952" totalbytes="16600320" percent="99" regionsoverflowed="0" regionsstable="10" regionsrebuilding="0"/>
  </mem-info>
</gc-start>
<allocation-stats totalBytes="111098912" >
  <allocated-bytes non-tlh="0" tlh="111098912" arrayletleaf="0"/>
  <largest-consumer threadName="main" threadId="0000000001DE8F00" bytes="111098912" />
</allocation-stats>
<gc-op id="2499" type="copy forward" timems="8.522" contextid="2496" timestamp="2019-08-09T21:46:25.358">
  <memory-copied type="eden" objects="48" bytes="2256" bytesdiscarded="0" />
  <memory-copied type="other" objects="54" bytes="1296" bytesdiscarded="2304" />
  <memory-cardclean objects="100" bytes="2792" />
  <regions eden="53" other="2" />
  <remembered-set-cleared processed="263" cleared="18" durationms="0.287" />
  <stringconstants candidates="13838" cleared="0"  />
</gc-op>
<gc-op id="2500" type="classunload" timems="0.008" contextid="2496" timestamp="2019-08-09T21:46:25.358">
  <classunload-info classloadercandidates="54" classloadersunloaded="0" classesunloaded="0" anonymousclassesunloaded="0" quiescems="0.000" setupms="0.008" scanms="0.000" postms="0.000" />
</gc-op>
<gc-end id="2501" type="partial gc" contextid="2496" durationms="9.632" usertimems="24.556" systemtimems="0.000" timestamp="2019-08-09T21:46:25.358" activeThreads="16">
  <mem-info id="2502" free="236978176" total="415236096" percent="57">
    <mem type="eden" free="2094896" total="2097152" percent="99" />
    <remembered-set count="7456" freebytes="16570496" totalbytes="16600320" percent="99" regionsoverflowed="0" regionsstable="10" regionsrebuilding="0"/>
  </mem-info>
</gc-end>
<cycle-end id="2503" type="partial gc" contextid="2496" timestamp="2019-08-09T21:46:25.358" />
  <attribute name="elasticGC enabled" value="1" />
  <attribute name= "numThreadsSpecified" value="16" />
  <attribute name="heapSize specified" value="0" />
  <attribute name="Current GC Util" value="139" />
  <attribute name= "Current Time Running" value="198436" />
  <attribute name ="GC Interval" value="0" />
  <attribute name="Target GC Util Change" value ="80.000000" />
  <attribute name="Current GC Util Change" value="139.000000"/>
  <attribute name="Current Error" value="-29.000000" />
  <attribute name="Output H" value="415311744"/>
  <attribute name="Output I" value="1976"/>
  <attribute name="Output T" value="16"/>
  <attribute name= "Current Time Running" value="198436" />
  <attribute name="GC Util currently" value="139" />
  <attribute name="CPU Util currently" value="1854042417075" />
<exclusive-end id="2504" timestamp="2019-08-09T21:46:25.358" durationms="10.176" />

<exclusive-start id="2505" timestamp="2019-08-09T21:46:25.454" intervalms="106.394">
  <response-info timems="0.021" idlems="0.021" threads="0" lastid="0000000001DE8F00" lastname="main" />
</exclusive-start>
<allocation-taxation id="2506" taxation-threshold="111149056" timestamp="2019-08-09T21:46:25.454" intervalms="106.399" />
<cycle-start id="2507" type="partial gc" contextid="0" timestamp="2019-08-09T21:46:25.455" intervalms="106.416" />
<gc-start id="2508" type="partial gc" contextid="2507" timestamp="2019-08-09T21:46:25.455">
  <mem-info id="2509" free="125829120" total="415236096" percent="30">
    <mem type="eden" free="0" total="111149056" percent="0" />
    <remembered-set count="7008" freebytes="16572288" totalbytes="16600320" percent="99" regionsoverflowed="0" regionsstable="10" regionsrebuilding="0"/>
  </mem-info>
</gc-start>
<allocation-stats totalBytes="111017928" >
  <allocated-bytes non-tlh="0" tlh="111017928" arrayletleaf="0"/>
  <largest-consumer threadName="main" threadId="0000000001DE8F00" bytes="111017928" />
</allocation-stats>
<gc-op id="2510" type="copy forward" timems="9.301" contextid="2507" timestamp="2019-08-09T21:46:25.466">
  <memory-copied type="eden" objects="32" bytes="1488" bytesdiscarded="1328" />
  <memory-copied type="other" objects="48" bytes="1152" bytesdiscarded="864" />
  <memory-cardclean objects="100" bytes="11088" />
  <regions eden="53" other="2" />
  <remembered-set-cleared processed="267" cleared="26" durationms="0.291" />
  <references type="weak" candidates="2" cleared="0" enqueued="0" />
  <stringconstants candidates="13838" cleared="0"  />
</gc-op>
<gc-op id="2511" type="classunload" timems="0.012" contextid="2507" timestamp="2019-08-09T21:46:25.466">
  <classunload-info classloadercandidates="54" classloadersunloaded="0" classesunloaded="0" anonymousclassesunloaded="0" quiescems="0.000" setupms="0.011" scanms="0.000" postms="0.000" />
</gc-op>
<gc-end id="2512" type="partial gc" contextid="2507" durationms="10.730" usertimems="21.255" systemtimems="0.000" timestamp="2019-08-09T21:46:25.466" activeThreads="16">
  <mem-info id="2513" free="234881024" total="415236096" percent="56">
    <mem type="eden" free="2094336" total="2097152" percent="99" />
    <remembered-set count="7328" freebytes="16571008" totalbytes="16600320" percent="99" regionsoverflowed="0" regionsstable="10" regionsrebuilding="0"/>
  </mem-info>
</gc-end>
<cycle-end id="2514" type="partial gc" contextid="2507" timestamp="2019-08-09T21:46:25.466" />
  <attribute name="elasticGC enabled" value="1" />
  <attribute name= "numThreadsSpecified" value="16" />
  <attribute name="heapSize specified" value="0" />
  <attribute name="Current GC Util" value="93" />
  <attribute name= "Current Time Running" value="198543" />
  <attribute name ="GC Interval" value="0" />
  <attribute name="Target GC Util Change" value ="80.000000" />
  <attribute name="Current GC Util Change" value="93.000000"/>
  <attribute name="Current Error" value="16.000000" />
  <attribute name="Output H" value="415311800"/>
  <attribute name="Output I" value="2032"/>
  <attribute name="Output T" value="16"/>
  <attribute name= "Current Time Running" value="198543" />
  <attribute name="GC Util currently" value="93" />
  <attribute name="CPU Util currently" value="1381505313707" />
<exclusive-end id="2515" timestamp="2019-08-09T21:46:25.466" durationms="11.966" />

<exclusive-start id="2516" timestamp="2019-08-09T21:46:25.505" intervalms="50.440">
  <response-info timems="0.021" idlems="0.021" threads="0" lastid="0000000001DE8F00" lastname="main" />
</exclusive-start>
<allocation-taxation id="2517" taxation-threshold="111149056" timestamp="2019-08-09T21:46:25.505" intervalms="50.438" />
<cycle-start id="2518" type="partial gc" contextid="0" timestamp="2019-08-09T21:46:25.505" intervalms="50.412" />
<gc-start id="2519" type="partial gc" contextid="2518" timestamp="2019-08-09T21:46:25.505">
  <mem-info id="2520" free="123731968" total="415236096" percent="29">
    <mem type="eden" free="0" total="111149056" percent="0" />
    <remembered-set count="7104" freebytes="16571904" totalbytes="16600320" percent="99" regionsoverflowed="0" regionsstable="10" regionsrebuilding="0"/>
  </mem-info>
</gc-start>
<allocation-stats totalBytes="110951144" >
  <allocated-bytes non-tlh="0" tlh="110951144" arrayletleaf="0"/>
  <largest-consumer threadName="main" threadId="0000000001DE8F00" bytes="110951144" />
</allocation-stats>
<gc-op id="2521" type="copy forward" timems="11.981" contextid="2518" timestamp="2019-08-09T21:46:25.519">
  <memory-copied type="eden" objects="3" bytes="72" bytesdiscarded="720" />
  <memory-copied type="other" objects="47" bytes="1848" bytesdiscarded="2480" />
  <memory-cardclean objects="50" bytes="9888" />
  <regions eden="53" other="2" />
  <remembered-set-cleared processed="273" cleared="18" durationms="0.157" />
  <references type="weak" candidates="2" cleared="0" enqueued="0" />
  <stringconstants candidates="13838" cleared="0"  />
</gc-op>
<gc-op id="2522" type="classunload" timems="0.009" contextid="2518" timestamp="2019-08-09T21:46:25.519">
  <classunload-info classloadercandidates="54" classloadersunloaded="0" classesunloaded="0" anonymousclassesunloaded="0" quiescems="0.000" setupms="0.009" scanms="0.000" postms="0.000" />
</gc-op>
<gc-end id="2523" type="partial gc" contextid="2518" durationms="13.736" usertimems="28.962" systemtimems="0.000" timestamp="2019-08-09T21:46:25.519" activeThreads="16">
  <mem-info id="2524" free="232783872" total="415236096" percent="56">
    <mem type="eden" free="2096360" total="2097152" percent="99" />
    <remembered-set count="8000" freebytes="16568320" totalbytes="16600320" percent="99" regionsoverflowed="0" regionsstable="10" regionsrebuilding="0"/>
  </mem-info>
</gc-end>
<cycle-end id="2525" type="partial gc" contextid="2518" timestamp="2019-08-09T21:46:25.519" />
  <attribute name="elasticGC enabled" value="1" />
  <attribute name= "numThreadsSpecified" value="16" />
  <attribute name="heapSize specified" value="0" />
  <attribute name="Current GC Util" value="168" />
  <attribute name= "Current Time Running" value="198593" />
  <attribute name ="GC Interval" value="0" />
  <attribute name="Target GC Util Change" value ="80.000000" />
  <attribute name="Current GC Util Change" value="168.000000"/>
  <attribute name="Current Error" value="-88.000000" />
  <attribute name="Output H" value="415311680"/>
  <attribute name="Output I" value="1912"/>
  <attribute name="Output T" value="16"/>
  <attribute name= "Current Time Running" value="198593" />
  <attribute name="GC Util currently" value="168" />
  <attribute name="CPU Util currently" value="1001677201957" />
<exclusive-end id="2526" timestamp="2019-08-09T21:46:25.519" durationms="14.379" />

<exclusive-start id="2527" timestamp="2019-08-09T21:46:25.628" intervalms="123.240">
  <response-info timems="0.024" idlems="0.024" threads="0" lastid="0000000001DE8F00" lastname="main" />
</exclusive-start>
<allocation-taxation id="2528" taxation-threshold="111149056" timestamp="2019-08-09T21:46:25.628" intervalms="123.269" />
<cycle-start id="2529" type="partial gc" contextid="0" timestamp="2019-08-09T21:46:25.628" intervalms="123.274" />
<gc-start id="2530" type="partial gc" contextid="2529" timestamp="2019-08-09T21:46:25.629">
  <mem-info id="2531" free="121634816" total="415236096" percent="29">
    <mem type="eden" free="2096360" total="113246208" percent="1" />
    <remembered-set count="7616" freebytes="16569856" totalbytes="16600320" percent="99" regionsoverflowed="0" regionsstable="10" regionsrebuilding="0"/>
  </mem-info>
</gc-start>
<allocation-stats totalBytes="111042256" >
  <allocated-bytes non-tlh="0" tlh="111042256" arrayletleaf="0"/>
  <largest-consumer threadName="main" threadId="0000000001DE8F00" bytes="111042256" />
</allocation-stats>
<gc-op id="2532" type="copy forward" timems="9.854" contextid="2529" timestamp="2019-08-09T21:46:25.640">
  <memory-copied type="eden" objects="40" bytes="1776" bytesdiscarded="384" />
  <memory-copied type="other" objects="14" bytes="352" bytesdiscarded="1376" />
  <memory-cardclean objects="90" bytes="10744" />
  <regions eden="53" other="2" />
  <remembered-set-cleared processed="275" cleared="22" durationms="0.146" />
  <references type="weak" candidates="2" cleared="0" enqueued="0" />
  <stringconstants candidates="13838" cleared="0"  />
</gc-op>
<gc-op id="2533" type="classunload" timems="0.011" contextid="2529" timestamp="2019-08-09T21:46:25.640">
  <classunload-info classloadercandidates="54" classloadersunloaded="0" classesunloaded="0" anonymousclassesunloaded="0" quiescems="0.000" setupms="0.011" scanms="0.000" postms="0.000" />
</gc-op>
<gc-end id="2534" type="partial gc" contextid="2529" durationms="11.402" usertimems="23.888" systemtimems="0.000" timestamp="2019-08-09T21:46:25.640" activeThreads="16">
  <mem-info id="2535" free="232783872" total="415236096" percent="56">
    <mem type="eden" free="2094992" total="2097152" percent="99" />
    <remembered-set count="7392" freebytes="16570752" totalbytes="16600320" percent="99" regionsoverflowed="0" regionsstable="10" regionsrebuilding="0"/>
  </mem-info>
</gc-end>
<cycle-end id="2536" type="partial gc" contextid="2529" timestamp="2019-08-09T21:46:25.640" />
  <attribute name="elasticGC enabled" value="1" />
  <attribute name= "numThreadsSpecified" value="16" />
  <attribute name="heapSize specified" value="0" />
  <attribute name="Current GC Util" value="148" />
  <attribute name= "Current Time Running" value="198716" />
  <attribute name ="GC Interval" value="0" />
  <attribute name="Target GC Util Change" value ="80.000000" />
  <attribute name="Current GC Util Change" value="148.000000"/>
  <attribute name="Current Error" value="-98.000000" />
  <attribute name="Output H" value="415311664"/>
  <attribute name="Output I" value="1896"/>
  <attribute name="Output T" value="16"/>
  <attribute name= "Current Time Running" value="198716" />
  <attribute name="GC Util currently" value="148" />
  <attribute name="CPU Util currently" value="1843479735820" />
<exclusive-end id="2537" timestamp="2019-08-09T21:46:25.640" durationms="12.189" />

<exclusive-start id="2538" timestamp="2019-08-09T21:46:25.754" intervalms="126.149">
  <response-info timems="0.020" idlems="0.020" threads="0" lastid="0000000001DE8F00" lastname="main" />
</exclusive-start>
<allocation-taxation id="2539" taxation-threshold="111149056" timestamp="2019-08-09T21:46:25.754" intervalms="126.122" />
<cycle-start id="2540" type="partial gc" contextid="0" timestamp="2019-08-09T21:46:25.754" intervalms="126.182" />
<gc-start id="2541" type="partial gc" contextid="2540" timestamp="2019-08-09T21:46:25.755">
  <mem-info id="2542" free="121634816" total="415236096" percent="29">
    <mem type="eden" free="0" total="111149056" percent="0" />
    <remembered-set count="7040" freebytes="16572160" totalbytes="16600320" percent="99" regionsoverflowed="0" regionsstable="10" regionsrebuilding="0"/>
  </mem-info>
</gc-start>
<allocation-stats totalBytes="111003960" >
  <allocated-bytes non-tlh="0" tlh="111003960" arrayletleaf="0"/>
  <largest-consumer threadName="main" threadId="0000000001DE8F00" bytes="111003960" />
</allocation-stats>
<gc-op id="2543" type="copy forward" timems="10.121" contextid="2540" timestamp="2019-08-09T21:46:25.766">
  <memory-copied type="eden" objects="33" bytes="976" bytesdiscarded="464" />
  <memory-copied type="other" objects="32" bytes="784" bytesdiscarded="656" />
  <memory-cardclean objects="96" bytes="10960" />
  <regions eden="53" other="2" />
  <remembered-set-cleared processed="276" cleared="25" durationms="0.193" />
  <references type="weak" candidates="4" cleared="0" enqueued="0" />
  <stringconstants candidates="13838" cleared="0"  />
</gc-op>
<gc-op id="2544" type="classunload" timems="0.009" contextid="2540" timestamp="2019-08-09T21:46:25.766">
  <classunload-info classloadercandidates="54" classloadersunloaded="0" classesunloaded="0" anonymousclassesunloaded="0" quiescems="0.000" setupms="0.009" scanms="0.000" postms="0.000" />
</gc-op>
<gc-end id="2545" type="partial gc" contextid="2540" durationms="11.501" usertimems="26.926" systemtimems="0.000" timestamp="2019-08-09T21:46:25.766" activeThreads="16">
  <mem-info id="2546" free="230686720" total="415236096" percent="55">
    <mem type="eden" free="2095712" total="2097152" percent="99" />
    <remembered-set count="7328" freebytes="16571008" totalbytes="16600320" percent="99" regionsoverflowed="0" regionsstable="10" regionsrebuilding="0"/>
  </mem-info>
</gc-end>
<cycle-end id="2547" type="partial gc" contextid="2540" timestamp="2019-08-09T21:46:25.766" />
  <attribute name="elasticGC enabled" value="1" />
  <attribute name= "numThreadsSpecified" value="16" />
  <attribute name="heapSize specified" value="0" />
  <attribute name="Current GC Util" value="131" />
  <attribute name= "Current Time Running" value="198842" />
  <attribute name ="GC Interval" value="0" />
  <attribute name="Target GC Util Change" value ="80.000000" />
  <attribute name="Current GC Util Change" value="131.000000"/>
  <attribute name="Current Error" value="-87.000000" />
  <attribute name="Output H" value="415311680"/>
  <attribute name="Output I" value="1912"/>
  <attribute name="Output T" value="16"/>
  <attribute name= "Current Time Running" value="198842" />
  <attribute name="GC Util currently" value="131" />
  <attribute name="CPU Util currently" value="1467319616241" />
<exclusive-end id="2548" timestamp="2019-08-09T21:46:25.767" durationms="12.299" />

<exclusive-start id="2549" timestamp="2019-08-09T21:46:25.971" intervalms="216.450">
  <response-info timems="0.014" idlems="0.014" threads="0" lastid="0000000001DE8F00" lastname="main" />
</exclusive-start>
<allocation-taxation id="2550" taxation-threshold="111149056" timestamp="2019-08-09T21:46:25.971" intervalms="216.446" />
<cycle-start id="2551" type="partial gc" contextid="0" timestamp="2019-08-09T21:46:25.971" intervalms="216.437" />
<gc-start id="2552" type="partial gc" contextid="2551" timestamp="2019-08-09T21:46:25.971">
  <mem-info id="2553" free="119537664" total="415236096" percent="28">
    <mem type="eden" free="0" total="111149056" percent="0" />
    <remembered-set count="7264" freebytes="16571264" totalbytes="16600320" percent="99" regionsoverflowed="0" regionsstable="10" regionsrebuilding="0"/>
  </mem-info>
</gc-start>
<allocation-stats totalBytes="111131760" >
  <allocated-bytes non-tlh="0" tlh="111131760" arrayletleaf="0"/>
  <largest-consumer threadName="main" threadId="0000000001DE8F00" bytes="111131760" />
</allocation-stats>
<gc-op id="2554" type="copy forward" timems="7.175" contextid="2551" timestamp="2019-08-09T21:46:25.979">
  <memory-copied type="eden" objects="26" bytes="936" bytesdiscarded="1376" />
  <memory-copied type="other" objects="30" bytes="720" bytesdiscarded="2640" />
  <memory-cardclean objects="85" bytes="10696" />
  <regions eden="53" other="2" />
  <remembered-set-cleared processed="282" cleared="27" durationms="0.159" />
  <references type="weak" candidates="2" cleared="0" enqueued="0" />
  <stringconstants candidates="13838" cleared="0"  />
</gc-op>
<gc-op id="2555" type="classunload" timems="0.007" contextid="2551" timestamp="2019-08-09T21:46:25.979">
  <classunload-info classloadercandidates="54" classloadersunloaded="0" classesunloaded="0" anonymousclassesunloaded="0" quiescems="0.000" setupms="0.007" scanms="0.000" postms="0.000" />
</gc-op>
<gc-end id="2556" type="partial gc" contextid="2551" durationms="8.439" usertimems="21.321" systemtimems="0.000" timestamp="2019-08-09T21:46:25.980" activeThreads="16">
  <mem-info id="2557" free="228589568" total="415236096" percent="55">
    <mem type="eden" free="2094840" total="2097152" percent="99" />
    <remembered-set count="7968" freebytes="16568448" totalbytes="16600320" percent="99" regionsoverflowed="0" regionsstable="10" regionsrebuilding="0"/>
  </mem-info>
</gc-end>
<cycle-end id="2558" type="partial gc" contextid="2551" timestamp="2019-08-09T21:46:25.980" />
  <attribute name="elasticGC enabled" value="1" />
  <attribute name= "numThreadsSpecified" value="16" />
  <attribute name="heapSize specified" value="0" />
  <attribute name="Current GC Util" value="80" />
  <attribute name= "Current Time Running" value="199059" />
  <attribute name ="GC Interval" value="0" />
  <attribute name="Target GC Util Change" value ="80.000000" />
  <attribute name="Current GC Util Change" value="80.000000"/>
  <attribute name="Current Error" value="0.000000" />
  <attribute name="Output H" value="415311776"/>
  <attribute name="Output I" value="2008"/>
  <attribute name="Output T" value="16"/>
  <attribute name= "Current Time Running" value="199059" />
  <attribute name="GC Util currently" value="80" />
  <attribute name="CPU Util currently" value="1457429470219" />
<exclusive-end id="2559" timestamp="2019-08-09T21:46:25.980" durationms="9.080" />

<exclusive-start id="2560" timestamp="2019-08-09T21:46:26.174" intervalms="203.371">
  <response-info timems="0.024" idlems="0.024" threads="0" lastid="0000000001DE8F00" lastname="main" />
</exclusive-start>
<allocation-taxation id="2561" taxation-threshold="111149056" timestamp="2019-08-09T21:46:26.174" intervalms="203.380" />
<cycle-start id="2562" type="partial gc" contextid="0" timestamp="2019-08-09T21:46:26.174" intervalms="203.357" />
<gc-start id="2563" type="partial gc" contextid="2562" timestamp="2019-08-09T21:46:26.174">
  <mem-info id="2564" free="117440512" total="415236096" percent="28">
    <mem type="eden" free="0" total="111149056" percent="0" />
    <remembered-set count="7520" freebytes="16570240" totalbytes="16600320" percent="99" regionsoverflowed="0" regionsstable="10" regionsrebuilding="0"/>
  </mem-info>
</gc-start>
<allocation-stats totalBytes="111128888" >
  <allocated-bytes non-tlh="0" tlh="111128888" arrayletleaf="0"/>
  <largest-consumer threadName="main" threadId="0000000001DE8F00" bytes="111128888" />
</allocation-stats>
<gc-op id="2565" type="copy forward" timems="7.731" contextid="2562" timestamp="2019-08-09T21:46:26.184">
  <memory-copied type="eden" objects="6" bytes="264" bytesdiscarded="0" />
  <memory-copied type="other" objects="34" bytes="1024" bytesdiscarded="2720" />
  <memory-cardclean objects="43" bytes="9712" />
  <regions eden="53" other="2" />
  <remembered-set-cleared processed="287" cleared="21" durationms="0.303" />
  <references type="weak" candidates="2" cleared="0" enqueued="0" />
  <stringconstants candidates="13838" cleared="0"  />
</gc-op>
<gc-op id="2566" type="classunload" timems="0.010" contextid="2562" timestamp="2019-08-09T21:46:26.184">
  <classunload-info classloadercandidates="54" classloadersunloaded="0" classesunloaded="0" anonymousclassesunloaded="0" quiescems="0.000" setupms="0.010" scanms="0.000" postms="0.000" />
</gc-op>
<gc-end id="2567" type="partial gc" contextid="2562" durationms="9.444" usertimems="21.708" systemtimems="0.000" timestamp="2019-08-09T21:46:26.184" activeThreads="16">
  <mem-info id="2568" free="226492416" total="415236096" percent="54">
    <mem type="eden" free="2096888" total="2097152" percent="99" />
    <remembered-set count="7808" freebytes="16569088" totalbytes="16600320" percent="99" regionsoverflowed="0" regionsstable="10" regionsrebuilding="0"/>
  </mem-info>
</gc-end>
<cycle-end id="2569" type="partial gc" contextid="2562" timestamp="2019-08-09T21:46:26.184" />
  <attribute name="elasticGC enabled" value="1" />
  <attribute name= "numThreadsSpecified" value="16" />
  <attribute name="heapSize specified" value="0" />
  <attribute name="Current GC Util" value="232" />
  <attribute name= "Current Time Running" value="199262" />
  <attribute name ="GC Interval" value="0" />
  <attribute name="Target GC Util Change" value ="80.000000" />
  <attribute name="Current GC Util Change" value="232.000000"/>
  <attribute name="Current Error" value="-82.000000" />
  <attribute name="Output H" value="415311688"/>
  <attribute name="Output I" value="1920"/>
  <attribute name="Output T" value="16"/>
  <attribute name= "Current Time Running" value="199262" />
  <attribute name="GC Util currently" value="232" />
  <attribute name="CPU Util currently" value="957426451495" />
<exclusive-end id="2570" timestamp="2019-08-09T21:46:26.184" durationms="10.062" />

<exclusive-start id="2571" timestamp="2019-08-09T21:46:26.231" intervalms="57.366">
  <response-info timems="0.058" idlems="0.058" threads="0" lastid="0000000001DE8F00" lastname="main" />
</exclusive-start>
<allocation-taxation id="2572" taxation-threshold="111149056" timestamp="2019-08-09T21:46:26.232" intervalms="57.422" />
<cycle-start id="2573" type="partial gc" contextid="0" timestamp="2019-08-09T21:46:26.232" intervalms="57.457" />
<gc-start id="2574" type="partial gc" contextid="2573" timestamp="2019-08-09T21:46:26.232">
  <mem-info id="2575" free="115343360" total="415236096" percent="27">
    <mem type="eden" free="2096888" total="113246208" percent="1" />
    <remembered-set count="7424" freebytes="16570624" totalbytes="16600320" percent="99" regionsoverflowed="0" regionsstable="10" regionsrebuilding="0"/>
  </mem-info>
</gc-start>
<allocation-stats totalBytes="110998568" >
  <allocated-bytes non-tlh="0" tlh="110998568" arrayletleaf="0"/>
  <largest-consumer threadName="main" threadId="0000000001DE8F00" bytes="110998568" />
</allocation-stats>
<gc-op id="2576" type="copy forward" timems="8.274" contextid="2573" timestamp="2019-08-09T21:46:26.241">
  <memory-copied type="eden" objects="25" bytes="1328" bytesdiscarded="672" />
  <memory-copied type="other" objects="8" bytes="208" bytesdiscarded="1424" />
  <memory-cardclean objects="56" bytes="9944" />
  <regions eden="53" other="2" />
  <remembered-set-cleared processed="290" cleared="18" durationms="0.311" />
  <references type="weak" candidates="2" cleared="0" enqueued="0" />
  <stringconstants candidates="13838" cleared="0"  />
</gc-op>
<gc-op id="2577" type="classunload" timems="0.009" contextid="2573" timestamp="2019-08-09T21:46:26.241">
  <classunload-info classloadercandidates="54" classloadersunloaded="0" classesunloaded="0" anonymousclassesunloaded="0" quiescems="0.000" setupms="0.009" scanms="0.000" postms="0.000" />
</gc-op>
<gc-end id="2578" type="partial gc" contextid="2573" durationms="9.386" usertimems="20.757" systemtimems="0.000" timestamp="2019-08-09T21:46:26.241" activeThreads="16">
  <mem-info id="2579" free="226492416" total="415236096" percent="54">
    <mem type="eden" free="2095152" total="2097152" percent="99" />
    <remembered-set count="7968" freebytes="16568448" totalbytes="16600320" percent="99" regionsoverflowed="0" regionsstable="10" regionsrebuilding="0"/>
  </mem-info>
</gc-end>
<cycle-end id="2580" type="partial gc" contextid="2573" timestamp="2019-08-09T21:46:26.242" />
  <attribute name="elasticGC enabled" value="1" />
  <attribute name= "numThreadsSpecified" value="16" />
  <attribute name="heapSize specified" value="0" />
  <attribute name="Current GC Util" value="175" />
  <attribute name= "Current Time Running" value="199319" />
  <attribute name ="GC Interval" value="0" />
  <attribute name="Target GC Util Change" value ="80.000000" />
  <attribute name="Current GC Util Change" value="175.000000"/>
  <attribute name="Current Error" value="-131.000000" />
  <attribute name="Output H" value="415311632"/>
  <attribute name="Output I" value="1864"/>
  <attribute name="Output T" value="16"/>
  <attribute name= "Current Time Running" value="199319" />
  <attribute name="GC Util currently" value="175" />
  <attribute name="CPU Util currently" value="1906178296166" />
<exclusive-end id="2581" timestamp="2019-08-09T21:46:26.242" durationms="10.281" />

* Round 4 done in 3.094 seconds.

-------------------------------------------------------------------------------
Benchmark: 2019-08-09 21:45:38
-------------------------------------------------------------------------------

    Rounds: 4
    Warp:   10
    Timer:  time.time

Test                             minimum  average  operation  overhead
-------------------------------------------------------------------------------
          BuiltinFunctionCalls:     21ms    116ms    0.23us    0.000ms
           BuiltinMethodLookup:     39ms    104ms    0.10us    0.000ms
                 CompareFloats:     15ms    144ms    0.12us    0.000ms
         CompareFloatsIntegers:     21ms    110ms    0.12us    0.000ms
               CompareIntegers:     23ms     83ms    0.05us    0.000ms
        CompareInternedStrings:     42ms    179ms    0.12us    0.000ms
                  CompareLongs:     16ms     69ms    0.07us    0.000ms
                CompareStrings:     31ms     80ms    0.08us    0.000ms
                CompareUnicode:     26ms     75ms    0.10us    0.000ms
                 ConcatStrings:    288ms    665ms    1.33us    0.000ms
                 ConcatUnicode:    151ms    347ms    1.16us    0.000ms
               CreateInstances:     94ms    149ms    1.33us    0.000ms
            CreateNewInstances:     93ms    172ms    2.05us    0.000ms
       CreateStringsWithConcat:    102ms    235ms    0.24us    0.000ms
       CreateUnicodeWithConcat:     43ms     95ms    0.24us    0.000ms
                  DictCreation:    101ms    196ms    0.49us    0.000ms
             DictWithFloatKeys:     16ms    125ms    0.14us    0.000ms
           DictWithIntegerKeys:     19ms     61ms    0.05us    0.000ms
            DictWithStringKeys:     19ms     59ms    0.05us    0.000ms
                      ForLoops:     66ms    192ms    7.68us    0.000ms
                    IfThenElse:     22ms    121ms    0.09us    0.000ms
                   ListSlicing:     22ms     53ms    3.75us    0.000ms
                NestedForLoops:     56ms    208ms    0.14us    0.000ms
          NormalClassAttribute:     24ms     84ms    0.07us    0.000ms
       NormalInstanceAttribute:     24ms     96ms    0.08us    0.000ms
           PythonFunctionCalls:     36ms    138ms    0.42us    0.000ms
             PythonMethodCalls:     35ms     99ms    0.44us    0.000ms
                     Recursion:     43ms    226ms    4.51us    0.000ms
                  SecondImport:     38ms    171ms    1.71us    0.000ms
           SecondPackageImport:     39ms    201ms    2.01us    0.000ms
         SecondSubmoduleImport:     73ms    184ms    1.84us    0.000ms
       SimpleComplexArithmetic:     15ms    221ms    0.25us    0.000ms
        SimpleDictManipulation:     70ms    358ms    0.30us    0.000ms
         SimpleFloatArithmetic:     19ms    147ms    0.11us    0.000ms
      SimpleIntFloatArithmetic:     22ms    166ms    0.13us    0.000ms
       SimpleIntegerArithmetic:     20ms    160ms    0.12us    0.000ms
        SimpleListManipulation:     32ms    302ms    0.26us    0.000ms
          SimpleLongArithmetic:     23ms    286ms    0.43us    0.000ms
                    SmallLists:     65ms    213ms    0.31us    0.000ms
                   SmallTuples:     67ms    393ms    0.73us    0.000ms
         SpecialClassAttribute:     24ms    223ms    0.19us    0.000ms
      SpecialInstanceAttribute:     23ms    153ms    0.13us    0.000ms
                StringMappings:    104ms    798ms    3.17us    0.000ms
              StringPredicates:     41ms    312ms    0.45us    0.000ms
                 StringSlicing:     85ms    358ms    0.64us    0.000ms
                     TryExcept:      2ms     59ms    0.03us    0.000ms
                TryRaiseExcept:     85ms    241ms    3.76us    0.000ms
                  TupleSlicing:     39ms    201ms    0.77us    0.000ms
               UnicodeMappings:     91ms    503ms   13.97us    0.000ms
             UnicodePredicates:     59ms    288ms    0.53us    0.000ms
             UnicodeProperties:    374ms   1157ms    2.89us    0.000ms
                UnicodeSlicing:     77ms    526ms    1.07us    0.000ms
-------------------------------------------------------------------------------
Totals:                           2975ms  11901ms

===== DaCapo 9.12-MR1 jython PASSED in 50938 msec =====
<exclusive-start id="2582" timestamp="2019-08-09T21:46:26.510" intervalms="278.751">
  <response-info timems="0.047" idlems="0.047" threads="0" lastid="0000000001DE8F00" lastname="main" />
</exclusive-start>
<allocation-taxation id="2583" taxation-threshold="111149056" timestamp="2019-08-09T21:46:26.510" intervalms="278.694" />
<cycle-start id="2584" type="partial gc" contextid="0" timestamp="2019-08-09T21:46:26.510" intervalms="278.627" />
<gc-start id="2585" type="partial gc" contextid="2584" timestamp="2019-08-09T21:46:26.511">
  <mem-info id="2586" free="115343360" total="415236096" percent="27">
    <mem type="eden" free="0" total="111149056" percent="0" />
    <remembered-set count="7584" freebytes="16569984" totalbytes="16600320" percent="99" regionsoverflowed="0" regionsstable="10" regionsrebuilding="0"/>
  </mem-info>
</gc-start>
<allocation-stats totalBytes="106748392" >
  <allocated-bytes non-tlh="204984" tlh="106543408" arrayletleaf="0"/>
  <largest-consumer threadName="main" threadId="0000000001DE8F00" bytes="106748392" />
</allocation-stats>
<gc-op id="2587" type="copy forward" timems="3.053" contextid="2584" timestamp="2019-08-09T21:46:26.515">
  <memory-copied type="eden" objects="5013" bytes="654424" bytesdiscarded="0" />
  <memory-copied type="other" objects="12" bytes="288" bytesdiscarded="0" />
  <memory-cardclean objects="726" bytes="43584" />
  <regions eden="53" other="2" />
  <remembered-set-cleared processed="291" cleared="30" durationms="0.703" />
  <finalization candidates="1" enqueued="1" />
  <ownableSynchronizers candidates="3" cleared="3" />
  <references type="soft" candidates="8" cleared="0" enqueued="0" dynamicThreshold="17" maxThreshold="32" />
  <references type="weak" candidates="77" cleared="0" enqueued="0" />
  <references type="phantom" candidates="38" cleared="0" enqueued="0" />
  <stringconstants candidates="14256" cleared="0"  />
</gc-op>
<gc-op id="2588" type="classunload" timems="0.004" contextid="2584" timestamp="2019-08-09T21:46:26.515">
  <classunload-info classloadercandidates="55" classloadersunloaded="0" classesunloaded="0" anonymousclassesunloaded="0" quiescems="0.000" setupms="0.004" scanms="0.000" postms="0.000" />
</gc-op>
<gc-end id="2589" type="partial gc" contextid="2584" durationms="4.327" usertimems="5.390" systemtimems="0.000" timestamp="2019-08-09T21:46:26.515" activeThreads="1">
  <mem-info id="2590" free="224395264" total="415236096" percent="54">
    <mem type="eden" free="1442144" total="2097152" percent="68" />
    <pending-finalizers system="1" default="0" reference="0" classloader="0" />
    <remembered-set count="7552" freebytes="16570112" totalbytes="16600320" percent="99" regionsoverflowed="0" regionsstable="10" regionsrebuilding="0"/>
  </mem-info>
</gc-end>
<cycle-end id="2591" type="partial gc" contextid="2584" timestamp="2019-08-09T21:46:26.515" />
  <attribute name="elasticGC enabled" value="1" />
  <attribute name= "numThreadsSpecified" value="1" />
  <attribute name="heapSize specified" value="0" />
  <attribute name="Current GC Util" value="107" />
  <attribute name= "Current Time Running" value="199598" />
  <attribute name ="GC Interval" value="0" />
  <attribute name="Target GC Util Change" value ="80.000000" />
  <attribute name="Current GC Util Change" value="107.000000"/>
  <attribute name="Current Error" value="-27.000000" />
  <attribute name="Output H" value="415311752"/>
  <attribute name="Output I" value="1984"/>
  <attribute name="Output T" value="1"/>
  <attribute name= "Current Time Running" value="199598" />
  <attribute name="GC Util currently" value="107" />
  <attribute name="CPU Util currently" value="1522362216768" />
<exclusive-end id="2592" timestamp="2019-08-09T21:46:26.516" durationms="5.400" />

<exclusive-start id="2593" timestamp="2019-08-09T21:46:26.531" intervalms="20.861">
  <response-info timems="0.022" idlems="0.022" threads="0" lastid="0000000001DE8F00" lastname="main" />
</exclusive-start>
<allocation-taxation id="2594" taxation-threshold="111149056" timestamp="2019-08-09T21:46:26.531" intervalms="20.871" />
<cycle-start id="2595" type="partial gc" contextid="0" timestamp="2019-08-09T21:46:26.531" intervalms="20.920" />
<gc-start id="2596" type="partial gc" contextid="2595" timestamp="2019-08-09T21:46:26.532">
  <mem-info id="2597" free="113246208" total="415236096" percent="27">
    <mem type="eden" free="916016" total="111149056" percent="0" />
    <remembered-set count="7328" freebytes="16571008" totalbytes="16600320" percent="99" regionsoverflowed="0" regionsstable="10" regionsrebuilding="0"/>
  </mem-info>
</gc-start>
<allocation-stats totalBytes="99624464" >
  <allocated-bytes non-tlh="39086000" tlh="60538464" arrayletleaf="0"/>
  <largest-consumer threadName="main" threadId="0000000001DE8F00" bytes="99624464" />
</allocation-stats>
<gc-op id="2598" type="copy forward" timems="8.125" contextid="2595" timestamp="2019-08-09T21:46:26.541">
  <memory-copied type="eden" objects="2" bytes="64304" bytesdiscarded="0" />
  <memory-copied type="other" objects="5007" bytes="626584" bytesdiscarded="100888" />
  <memory-cardclean objects="246" bytes="24456" />
  <regions eden="53" other="2" />
  <remembered-set-cleared processed="294" cleared="28" durationms="0.143" />
  <references type="soft" candidates="8" cleared="0" enqueued="0" dynamicThreshold="17" maxThreshold="32" />
  <references type="weak" candidates="77" cleared="0" enqueued="0" />
  <references type="phantom" candidates="38" cleared="0" enqueued="0" />
  <stringconstants candidates="14256" cleared="0"  />
</gc-op>
<gc-op id="2599" type="classunload" timems="0.008" contextid="2595" timestamp="2019-08-09T21:46:26.541">
  <classunload-info classloadercandidates="55" classloadersunloaded="0" classesunloaded="0" anonymousclassesunloaded="0" quiescems="0.000" setupms="0.007" scanms="0.000" postms="0.000" />
</gc-op>
<gc-end id="2600" type="partial gc" contextid="2595" durationms="9.135" usertimems="24.329" systemtimems="0.000" timestamp="2019-08-09T21:46:26.541" activeThreads="16">
  <mem-info id="2601" free="222298112" total="415236096" percent="53">
    <mem type="eden" free="2032848" total="2097152" percent="96" />
    <remembered-set count="7968" freebytes="16568448" totalbytes="16600320" percent="99" regionsoverflowed="0" regionsstable="10" regionsrebuilding="0"/>
  </mem-info>
</gc-end>
<cycle-end id="2602" type="partial gc" contextid="2595" timestamp="2019-08-09T21:46:26.541" />
  <attribute name="elasticGC enabled" value="1" />
  <attribute name= "numThreadsSpecified" value="16" />
  <attribute name="heapSize specified" value="0" />
  <attribute name="Current GC Util" value="269" />
  <attribute name= "Current Time Running" value="199619" />
  <attribute name ="GC Interval" value="0" />
  <attribute name="Target GC Util Change" value ="80.000000" />
  <attribute name="Current GC Util Change" value="269.000000"/>
  <attribute name="Current Error" value="-160.000000" />
  <attribute name="Output H" value="415311592"/>
  <attribute name="Output I" value="1824"/>
  <attribute name="Output T" value="16"/>
  <attribute name= "Current Time Running" value="199619" />
  <attribute name="GC Util currently" value="269" />
  <attribute name="CPU Util currently" value="2096785031993" />
<exclusive-end id="2603" timestamp="2019-08-09T21:46:26.541" durationms="10.341" />

<exclusive-start id="2604" timestamp="2019-08-09T21:46:26.547" intervalms="16.251">
  <response-info timems="0.075" idlems="0.075" threads="0" lastid="0000000001DE8F00" lastname="main" />
</exclusive-start>
<sys-start reason="explicit" id="2605" timestamp="2019-08-09T21:46:26.548" intervalms="51225.271" />
<cycle-start id="2606" type="global garbage collect" contextid="0" timestamp="2019-08-09T21:46:26.548" intervalms="199455.647" />
<gc-start id="2607" type="global garbage collect" contextid="2606" timestamp="2019-08-09T21:46:26.548">
  <mem-info id="2608" free="184374424" total="415236096" percent="44">
    <mem type="eden" free="3955048" total="41943040" percent="9" />
    <remembered-set count="7584" freebytes="16569984" totalbytes="16600320" percent="99" regionsoverflowed="0" regionsstable="10" regionsrebuilding="0"/>
  </mem-info>
</gc-start>
<allocation-stats totalBytes="37918080" >
  <allocated-bytes non-tlh="36061096" tlh="1856984" arrayletleaf="0"/>
  <largest-consumer threadName="main" threadId="0000000001DE8F00" bytes="37918080" />
</allocation-stats>
<gc-op id="2609" type="global mark" timems="14.217" contextid="2606" timestamp="2019-08-09T21:46:26.563">
  <trace-info objectcount="611325" scancount="528374" scanbytes="13695820" />
  <finalization candidates="80" enqueued="0" />
  <ownableSynchronizers candidates="21" cleared="0" />
  <references type="soft" candidates="4875" cleared="0" enqueued="0" dynamicThreshold="17" maxThreshold="32" />
  <references type="weak" candidates="5896" cleared="97" enqueued="82" />
  <references type="phantom" candidates="134" cleared="12" enqueued="12" />
  <stringconstants candidates="14256" cleared="0"  />
</gc-op>
<gc-op id="2610" type="classunload" timems="0.010" contextid="2606" timestamp="2019-08-09T21:46:26.563">
  <classunload-info classloadercandidates="55" classloadersunloaded="0" classesunloaded="0" anonymousclassesunloaded="0" quiescems="0.000" setupms="0.010" scanms="0.000" postms="0.000" />
</gc-op>
<gc-op id="2611" type="sweep" timems="1.722" contextid="2606" timestamp="2019-08-09T21:46:26.565" />
<gc-op id="2612" type="compact" timems="26.409" contextid="2606" timestamp="2019-08-09T21:46:26.591">
  <compact-info movecount="611316" movebytes="18853272" />
  <remembered-set-cleared processed="108677" cleared="108677" durationms="0.341" />
</gc-op>
<heap-resize id="2613" type="contract" space="default" amount="20971520" count="1" timems="0.148" reason="excess free space following gc" timestamp="2019-08-09T21:46:26.592" />
<gc-end id="2614" type="global garbage collect" contextid="2606" durationms="43.406" usertimems="190.682" systemtimems="0.000" timestamp="2019-08-09T21:46:26.592" activeThreads="16">
  <mem-info id="2615" free="364904448" total="394264576" percent="92">
    <pending-finalizers system="0" default="0" reference="94" classloader="0" />
    <remembered-set count="40960" freebytes="16436480" totalbytes="16600320" percent="99" regionsoverflowed="0" regionsstable="0" regionsrebuilding="0"/>
  </mem-info>
</gc-end>
<cycle-end id="2616" type="global garbage collect" contextid="2606" timestamp="2019-08-09T21:46:26.592" />
  <attribute name="elasticGC enabled" value="1" />
  <attribute name= "numThreadsSpecified" value="16" />
  <attribute name="heapSize specified" value="0" />
  <attribute name="Current GC Util" value="221" />
  <attribute name= "Current Time Running" value="199651" />
  <attribute name ="GC Interval" value="0" />
  <attribute name="Target GC Util Change" value ="80.000000" />
  <attribute name="Current GC Util Change" value="221.000000"/>
  <attribute name="Current Error" value="-711.000000" />
  <attribute name="Output H" value="415310960"/>
  <attribute name="Output I" value="1192"/>
  <attribute name="Output T" value="16"/>
  <attribute name= "Current Time Running" value="199651" />
  <attribute name="GC Util currently" value="221" />
  <attribute name="CPU Util currently" value="579293175408" />
<sys-end id="2617" timestamp="2019-08-09T21:46:26.592" />
<exclusive-end id="2618" timestamp="2019-08-09T21:46:26.592" durationms="44.618" />

===== DaCapo 9.12-MR1 pmd starting =====
<exclusive-start id="2619" timestamp="2019-08-09T21:46:27.379" intervalms="831.623">
  <response-info timems="0.349" idlems="0.349" threads="0" lastid="00000000020DE700" lastname="PmdThread 5" />
</exclusive-start>
<allocation-taxation id="2620" taxation-threshold="104857600" timestamp="2019-08-09T21:46:27.379" intervalms="847.861" />
<cycle-start id="2621" type="partial gc" contextid="0" timestamp="2019-08-09T21:46:27.379" intervalms="847.903" />
<gc-start id="2622" type="partial gc" contextid="2621" timestamp="2019-08-09T21:46:27.379">
  <mem-info id="2623" free="260046848" total="394264576" percent="65">
    <mem type="eden" free="0" total="104857600" percent="0" />
    <remembered-set count="40576" freebytes="16438016" totalbytes="16600320" percent="99" regionsoverflowed="0" regionsstable="0" regionsrebuilding="0"/>
  </mem-info>
</gc-start>
<allocation-stats totalBytes="104765488" >
  <allocated-bytes non-tlh="601824" tlh="104163664" arrayletleaf="0"/>
  <largest-consumer threadName="PmdThread 3" threadId="0000000002125900" bytes="10379272" />
</allocation-stats>
<gc-op id="2624" type="copy forward" timems="17.796" contextid="2621" timestamp="2019-08-09T21:46:27.399">
  <memory-copied type="eden" objects="205006" bytes="10184224" bytesdiscarded="1063592" />
  <memory-copied type="other" objects="0" bytes="0" bytesdiscarded="0" />
  <memory-cardclean objects="1613" bytes="77960" />
  <regions eden="50" other="0" />
  <remembered-set-cleared processed="33922" cleared="236" durationms="0.513" />
  <finalization candidates="4" enqueued="0" />
  <ownableSynchronizers candidates="19" cleared="0" />
  <references type="soft" candidates="153" cleared="0" enqueued="0" dynamicThreshold="29" maxThreshold="32" />
  <references type="weak" candidates="1535" cleared="0" enqueued="0" />
  <references type="phantom" candidates="362" cleared="0" enqueued="0" />
  <stringconstants candidates="15759" cleared="6"  />
</gc-op>
<gc-op id="2625" type="classunload" timems="0.435" contextid="2621" timestamp="2019-08-09T21:46:27.400">
  <classunload-info classloadercandidates="60" classloadersunloaded="2" classesunloaded="2" anonymousclassesunloaded="0" quiescems="0.000" setupms="0.416" scanms="0.015" postms="0.004" />
</gc-op>
<heap-resize id="2626" type="contract" space="default" amount="20971520" count="1" timems="0.132" reason="excess free space following gc" timestamp="2019-08-09T21:46:27.400" />
<gc-end id="2627" type="partial gc" contextid="2621" durationms="20.630" usertimems="54.921" systemtimems="18.866" timestamp="2019-08-09T21:46:27.400" activeThreads="16">
  <mem-info id="2628" free="331350016" total="373293056" percent="88">
    <mem type="eden" free="1305440" total="12582912" percent="10" />
    <remembered-set count="63776" freebytes="15506816" totalbytes="15761920" percent="98" regionsoverflowed="0" regionsstable="0" regionsrebuilding="0"/>
  </mem-info>
</gc-end>
<cycle-end id="2629" type="partial gc" contextid="2621" timestamp="2019-08-09T21:46:27.400" />
  <attribute name="elasticGC enabled" value="1" />
  <attribute name= "numThreadsSpecified" value="16" />
  <attribute name="heapSize specified" value="0" />
  <attribute name="Current GC Util" value="58" />
  <attribute name= "Current Time Running" value="200468" />
  <attribute name ="GC Interval" value="0" />
  <attribute name="Target GC Util Change" value ="80.000000" />
  <attribute name="Current GC Util Change" value="58.000000"/>
  <attribute name="Current Error" value="88.000000" />
  <attribute name="Output H" value="394340360"/>
  <attribute name="Output I" value="2112"/>
  <attribute name="Output T" value="16"/>
  <attribute name= "Current Time Running" value="200468" />
  <attribute name="GC Util currently" value="58" />
  <attribute name="CPU Util currently" value="709453881495" />
<exclusive-end id="2630" timestamp="2019-08-09T21:46:27.400" durationms="21.424" />

<exclusive-start id="2631" timestamp="2019-08-09T21:46:27.601" intervalms="222.495">
  <response-info timems="0.390" idlems="0.212" threads="1" lastid="0000000002121D00" lastname="PmdThread 7" />
</exclusive-start>
<allocation-taxation id="2632" taxation-threshold="100663296" timestamp="2019-08-09T21:46:27.601" intervalms="222.494" />
<cycle-start id="2633" type="partial gc" contextid="0" timestamp="2019-08-09T21:46:27.602" intervalms="222.441" />
<gc-start id="2634" type="partial gc" contextid="2633" timestamp="2019-08-09T21:46:27.602">
  <mem-info id="2635" free="230686720" total="373293056" percent="61">
    <mem type="eden" free="0" total="100663296" percent="0" />
    <remembered-set count="18304" freebytes="15688704" totalbytes="15761920" percent="99" regionsoverflowed="0" regionsstable="8" regionsrebuilding="0"/>
  </mem-info>
</gc-start>
<allocation-stats totalBytes="100626752" >
  <allocated-bytes non-tlh="20640" tlh="100606112" arrayletleaf="0"/>
  <largest-consumer threadName="PmdThread 5" threadId="00000000020DE700" bytes="15935176" />
</allocation-stats>
<gc-op id="2636" type="copy forward" timems="24.816" contextid="2633" timestamp="2019-08-09T21:46:27.629">
  <memory-copied type="eden" objects="333440" bytes="14475832" bytesdiscarded="1452920" />
  <memory-copied type="other" objects="138719" bytes="5770176" bytesdiscarded="528064" />
  <memory-cardclean objects="797" bytes="46000" />
  <regions eden="48" other="6" />
  <remembered-set-cleared processed="1243" cleared="962" durationms="0.388" />
  <finalization candidates="4" enqueued="0" />
  <ownableSynchronizers candidates="19" cleared="0" />
  <references type="soft" candidates="153" cleared="0" enqueued="0" dynamicThreshold="28" maxThreshold="32" />
  <references type="weak" candidates="2308" cleared="0" enqueued="0" />
  <references type="phantom" candidates="614" cleared="0" enqueued="0" />
  <stringconstants candidates="15866" cleared="0"  />
</gc-op>
<gc-op id="2637" type="classunload" timems="0.010" contextid="2633" timestamp="2019-08-09T21:46:27.629">
  <classunload-info classloadercandidates="58" classloadersunloaded="0" classesunloaded="0" anonymousclassesunloaded="0" quiescems="0.000" setupms="0.010" scanms="0.000" postms="0.000" />
</gc-op>
<heap-resize id="2638" type="contract" space="default" amount="18874368" count="1" timems="0.128" reason="excess free space following gc" timestamp="2019-08-09T21:46:27.629" />
<gc-end id="2639" type="partial gc" contextid="2633" durationms="27.267" usertimems="113.630" systemtimems="0.000" timestamp="2019-08-09T21:46:27.629" activeThreads="16">
  <mem-info id="2640" free="299892736" total="354418688" percent="84">
    <mem type="eden" free="825016" total="16777216" percent="4" />
    <remembered-set count="37568" freebytes="14773248" totalbytes="14923520" percent="98" regionsoverflowed="0" regionsstable="8" regionsrebuilding="0"/>
  </mem-info>
</gc-end>
<cycle-end id="2641" type="partial gc" contextid="2633" timestamp="2019-08-09T21:46:27.629" />
  <attribute name="elasticGC enabled" value="1" />
  <attribute name= "numThreadsSpecified" value="16" />
  <attribute name="heapSize specified" value="0" />
  <attribute name="Current GC Util" value="52" />
  <attribute name= "Current Time Running" value="200690" />
  <attribute name ="GC Interval" value="0" />
  <attribute name="Target GC Util Change" value ="80.000000" />
  <attribute name="Current GC Util Change" value="52.000000"/>
  <attribute name="Current Error" value="163.000000" />
  <attribute name="Output H" value="373368928"/>
  <attribute name="Output I" value="2200"/>
  <attribute name="Output T" value="16"/>
  <attribute name= "Current Time Running" value="200690" />
  <attribute name="GC Util currently" value="52" />
  <attribute name="CPU Util currently" value="688201196250" />
<exclusive-end id="2642" timestamp="2019-08-09T21:46:27.629" durationms="27.963" />

<exclusive-start id="2643" timestamp="2019-08-09T21:46:27.791" intervalms="189.175">
  <response-info timems="0.300" idlems="0.300" threads="0" lastid="00000000020D3300" lastname="PmdThread 13" />
</exclusive-start>
<allocation-taxation id="2644" taxation-threshold="96468992" timestamp="2019-08-09T21:46:27.791" intervalms="189.189" />
<cycle-start id="2645" type="partial gc" contextid="0" timestamp="2019-08-09T21:46:27.791" intervalms="189.166" />
<gc-start id="2646" type="partial gc" contextid="2645" timestamp="2019-08-09T21:46:27.791">
  <mem-info id="2647" free="203423744" total="354418688" percent="57">
    <mem type="eden" free="0" total="96468992" percent="0" />
    <remembered-set count="37248" freebytes="14774528" totalbytes="14923520" percent="99" regionsoverflowed="0" regionsstable="8" regionsrebuilding="0"/>
  </mem-info>
</gc-start>
<allocation-stats totalBytes="96429696" >
  <allocated-bytes non-tlh="24808" tlh="96404888" arrayletleaf="0"/>
  <largest-consumer threadName="PmdThread 5" threadId="00000000020DE700" bytes="12207072" />
</allocation-stats>
<gc-op id="2648" type="copy forward" timems="27.480" contextid="2645" timestamp="2019-08-09T21:46:27.821">
  <memory-copied type="eden" objects="177002" bytes="8629800" bytesdiscarded="1091816" />
  <memory-copied type="other" objects="304606" bytes="12416704" bytesdiscarded="1071512" />
  <memory-cardclean objects="963" bytes="53760" />
  <regions eden="46" other="11" />
  <remembered-set-cleared processed="1114" cleared="833" durationms="0.275" />
  <finalization candidates="4" enqueued="0" />
  <ownableSynchronizers candidates="19" cleared="0" />
  <references type="soft" candidates="153" cleared="0" enqueued="0" dynamicThreshold="27" maxThreshold="32" />
  <references type="weak" candidates="2776" cleared="0" enqueued="0" />
  <references type="phantom" candidates="806" cleared="0" enqueued="0" />
  <stringconstants candidates="15936" cleared="0"  />
</gc-op>
<gc-op id="2649" type="classunload" timems="0.012" contextid="2645" timestamp="2019-08-09T21:46:27.821">
  <classunload-info classloadercandidates="58" classloadersunloaded="0" classesunloaded="0" anonymousclassesunloaded="0" quiescems="0.000" setupms="0.011" scanms="0.000" postms="0.000" />
</gc-op>
<heap-resize id="2650" type="contract" space="default" amount="18874368" count="1" timems="0.127" reason="excess free space following gc" timestamp="2019-08-09T21:46:27.821" />
<gc-end id="2651" type="partial gc" contextid="2645" durationms="30.307" usertimems="110.484" systemtimems="0.000" timestamp="2019-08-09T21:46:27.821" activeThreads="16">
  <mem-info id="2652" free="278921216" total="335544320" percent="83">
    <mem type="eden" free="740128" total="10485760" percent="7" />
    <remembered-set count="37056" freebytes="14020736" totalbytes="14168960" percent="98" regionsoverflowed="0" regionsstable="8" regionsrebuilding="0"/>
  </mem-info>
</gc-end>
<cycle-end id="2653" type="partial gc" contextid="2645" timestamp="2019-08-09T21:46:27.821" />
  <attribute name="elasticGC enabled" value="1" />
  <attribute name= "numThreadsSpecified" value="16" />
  <attribute name="heapSize specified" value="0" />
  <attribute name="Current GC Util" value="40" />
  <attribute name= "Current Time Running" value="200880" />
  <attribute name ="GC Interval" value="0" />
  <attribute name="Target GC Util Change" value ="80.000000" />
  <attribute name="Current GC Util Change" value="40.000000"/>
  <attribute name="Current Error" value="223.000000" />
  <attribute name="Output H" value="354494632"/>
  <attribute name="Output I" value="2272"/>
  <attribute name="Output T" value="16"/>
  <attribute name= "Current Time Running" value="200880" />
  <attribute name="GC Util currently" value="40" />
  <attribute name="CPU Util currently" value="524493629414" />
<exclusive-end id="2654" timestamp="2019-08-09T21:46:27.822" durationms="31.016" />

<exclusive-start id="2655" timestamp="2019-08-09T21:46:27.944" intervalms="153.872">
  <response-info timems="0.236" idlems="0.236" threads="0" lastid="0000000002116900" lastname="PmdThread 14" />
</exclusive-start>
<allocation-taxation id="2656" taxation-threshold="90177536" timestamp="2019-08-09T21:46:27.945" intervalms="153.884" />
<cycle-start id="2657" type="partial gc" contextid="0" timestamp="2019-08-09T21:46:27.945" intervalms="153.866" />
<gc-start id="2658" type="partial gc" contextid="2657" timestamp="2019-08-09T21:46:27.945">
  <mem-info id="2659" free="188743680" total="335544320" percent="56">
    <mem type="eden" free="0" total="90177536" percent="0" />
    <remembered-set count="36768" freebytes="14021888" totalbytes="14168960" percent="98" regionsoverflowed="0" regionsstable="8" regionsrebuilding="0"/>
  </mem-info>
</gc-start>
<allocation-stats totalBytes="90139544" >
  <allocated-bytes non-tlh="15392" tlh="90124152" arrayletleaf="0"/>
  <largest-consumer threadName="PmdThread 13" threadId="00000000020D3300" bytes="13301592" />
</allocation-stats>
<gc-op id="2660" type="copy forward" timems="25.699" contextid="2657" timestamp="2019-08-09T21:46:27.972">
  <memory-copied type="eden" objects="189583" bytes="8965464" bytesdiscarded="1055064" />
  <memory-copied type="other" objects="307159" bytes="12142584" bytesdiscarded="1203896" />
  <memory-cardclean objects="37269" bytes="1802752" />
  <regions eden="43" other="9" />
  <remembered-set-cleared processed="5027" cleared="4227" durationms="0.093" />
  <finalization candidates="2" enqueued="0" />
  <references type="soft" candidates="41" cleared="0" enqueued="0" dynamicThreshold="26" maxThreshold="32" />
  <references type="weak" candidates="2027" cleared="0" enqueued="0" />
  <references type="phantom" candidates="686" cleared="0" enqueued="0" />
  <stringconstants candidates="16014" cleared="0"  />
</gc-op>
<gc-op id="2661" type="classunload" timems="0.011" contextid="2657" timestamp="2019-08-09T21:46:27.972">
  <classunload-info classloadercandidates="58" classloadersunloaded="0" classesunloaded="0" anonymousclassesunloaded="0" quiescems="0.000" setupms="0.011" scanms="0.000" postms="0.000" />
</gc-op>
<heap-resize id="2662" type="contract" space="default" amount="16777216" count="1" timems="0.134" reason="excess free space following gc" timestamp="2019-08-09T21:46:27.973" />
<gc-end id="2663" type="partial gc" contextid="2657" durationms="27.831" usertimems="114.762" systemtimems="0.000" timestamp="2019-08-09T21:46:27.973" activeThreads="16">
  <mem-info id="2664" free="257949696" total="318767104" percent="80">
    <mem type="eden" free="438584" total="10485760" percent="4" />
    <remembered-set count="45248" freebytes="13233408" totalbytes="13414400" percent="98" regionsoverflowed="0" regionsstable="8" regionsrebuilding="0"/>
  </mem-info>
</gc-end>
<cycle-end id="2665" type="partial gc" contextid="2657" timestamp="2019-08-09T21:46:27.973" />
  <attribute name="elasticGC enabled" value="1" />
  <attribute name= "numThreadsSpecified" value="16" />
  <attribute name="heapSize specified" value="0" />
  <attribute name="Current GC Util" value="66" />
  <attribute name= "Current Time Running" value="201033" />
  <attribute name ="GC Interval" value="0" />
  <attribute name="Target GC Util Change" value ="80.000000" />
  <attribute name="Current GC Util Change" value="66.000000"/>
  <attribute name="Current Error" value="22.000000" />
  <attribute name="Output H" value="335620032"/>
  <attribute name="Output I" value="2040"/>
  <attribute name="Output T" value="16"/>
  <attribute name= "Current Time Running" value="201033" />
  <attribute name="GC Util currently" value="66" />
  <attribute name="CPU Util currently" value="795274547269" />
<exclusive-end id="2666" timestamp="2019-08-09T21:46:27.973" durationms="28.740" />

<exclusive-start id="2667" timestamp="2019-08-09T21:46:28.099" intervalms="154.691">
  <response-info timems="0.141" idlems="0.074" threads="1" lastid="00000000020DE700" lastname="PmdThread 5" />
</exclusive-start>
<allocation-taxation id="2668" taxation-threshold="85983232" timestamp="2019-08-09T21:46:28.099" intervalms="154.657" />
<cycle-start id="2669" type="partial gc" contextid="0" timestamp="2019-08-09T21:46:28.099" intervalms="154.688" />
<gc-start id="2670" type="partial gc" contextid="2669" timestamp="2019-08-09T21:46:28.099">
  <mem-info id="2671" free="171966464" total="318767104" percent="53">
    <mem type="eden" free="0" total="85983232" percent="0" />
    <remembered-set count="44992" freebytes="13234432" totalbytes="13414400" percent="98" regionsoverflowed="0" regionsstable="8" regionsrebuilding="0"/>
  </mem-info>
</gc-start>
<allocation-stats totalBytes="85950512" >
  <allocated-bytes non-tlh="459064" tlh="85491448" arrayletleaf="0"/>
  <largest-consumer threadName="PmdThread 5" threadId="00000000020DE700" bytes="8789784" />
</allocation-stats>
<gc-op id="2672" type="copy forward" timems="23.824" contextid="2669" timestamp="2019-08-09T21:46:28.125">
  <memory-copied type="eden" objects="84180" bytes="5212312" bytesdiscarded="614864" />
  <memory-copied type="other" objects="316915" bytes="12563256" bytesdiscarded="1065432" />
  <memory-cardclean objects="39311" bytes="1833808" />
  <regions eden="41" other="9" />
  <remembered-set-cleared processed="18753" cleared="14516" durationms="0.197" />
  <finalization candidates="3" enqueued="0" />
  <references type="soft" candidates="49" cleared="0" enqueued="0" dynamicThreshold="25" maxThreshold="32" />
  <references type="weak" candidates="3255" cleared="0" enqueued="0" />
  <references type="phantom" candidates="686" cleared="0" enqueued="0" />
  <stringconstants candidates="16093" cleared="0"  />
</gc-op>
<gc-op id="2673" type="classunload" timems="0.011" contextid="2669" timestamp="2019-08-09T21:46:28.125">
  <classunload-info classloadercandidates="58" classloadersunloaded="0" classesunloaded="0" anonymousclassesunloaded="0" quiescems="0.000" setupms="0.010" scanms="0.000" postms="0.000" />
</gc-op>
<heap-resize id="2674" type="contract" space="default" amount="16777216" count="1" timems="0.339" reason="excess free space following gc" timestamp="2019-08-09T21:46:28.126" />
<gc-end id="2675" type="partial gc" contextid="2669" durationms="26.148" usertimems="98.629" systemtimems="0.000" timestamp="2019-08-09T21:46:28.126" activeThreads="16">
  <mem-info id="2676" free="236978176" total="301989888" percent="78">
    <mem type="eden" free="446768" total="6291456" percent="7" />
    <remembered-set count="48544" freebytes="12549504" totalbytes="12743680" percent="98" regionsoverflowed="0" regionsstable="8" regionsrebuilding="0"/>
  </mem-info>
</gc-end>
<cycle-end id="2677" type="partial gc" contextid="2669" timestamp="2019-08-09T21:46:28.126" />
  <attribute name="elasticGC enabled" value="1" />
  <attribute name= "numThreadsSpecified" value="16" />
  <attribute name="heapSize specified" value="0" />
  <attribute name="Current GC Util" value="61" />
  <attribute name= "Current Time Running" value="201188" />
  <attribute name ="GC Interval" value="0" />
  <attribute name="Target GC Util Change" value ="80.000000" />
  <attribute name="Current GC Util Change" value="61.000000"/>
  <attribute name="Current Error" value="48.000000" />
  <attribute name="Output H" value="318842840"/>
  <attribute name="Output I" value="2064"/>
  <attribute name="Output T" value="16"/>
  <attribute name= "Current Time Running" value="201188" />
  <attribute name="GC Util currently" value="61" />
  <attribute name="CPU Util currently" value="761178090524" />
<exclusive-end id="2678" timestamp="2019-08-09T21:46:28.126" durationms="26.863" />

<exclusive-start id="2679" timestamp="2019-08-09T21:46:28.333" intervalms="234.058">
  <response-info timems="0.040" idlems="0.040" threads="0" lastid="00000000020DE700" lastname="PmdThread 5" />
</exclusive-start>
<allocation-taxation id="2680" taxation-threshold="81788928" timestamp="2019-08-09T21:46:28.333" intervalms="234.057" />
<cycle-start id="2681" type="partial gc" contextid="0" timestamp="2019-08-09T21:46:28.333" intervalms="234.086" />
<gc-start id="2682" type="partial gc" contextid="2681" timestamp="2019-08-09T21:46:28.334">
  <mem-info id="2683" free="155189248" total="301989888" percent="51">
    <mem type="eden" free="0" total="81788928" percent="0" />
    <remembered-set count="48544" freebytes="12549504" totalbytes="12743680" percent="98" regionsoverflowed="0" regionsstable="8" regionsrebuilding="0"/>
  </mem-info>
</gc-start>
<allocation-stats totalBytes="81724600" >
  <allocated-bytes non-tlh="17080" tlh="81707520" arrayletleaf="0"/>
  <largest-consumer threadName="PmdThread 5" threadId="00000000020DE700" bytes="21916200" />
</allocation-stats>
<gc-op id="2684" type="copy forward" timems="15.335" contextid="2681" timestamp="2019-08-09T21:46:28.351">
  <memory-copied type="eden" objects="74420" bytes="3903736" bytesdiscarded="234992" />
  <memory-copied type="other" objects="122368" bytes="5066000" bytesdiscarded="377360" />
  <memory-cardclean objects="163330" bytes="7753784" />
  <regions eden="39" other="6" />
  <remembered-set-cleared processed="9252" cleared="5901" durationms="0.571" />
  <references type="soft" candidates="2" cleared="0" enqueued="0" dynamicThreshold="25" maxThreshold="32" />
  <references type="weak" candidates="3180" cleared="0" enqueued="0" />
  <references type="phantom" candidates="540" cleared="0" enqueued="0" />
  <stringconstants candidates="16191" cleared="0"  />
</gc-op>
<gc-op id="2685" type="classunload" timems="0.011" contextid="2681" timestamp="2019-08-09T21:46:28.351">
  <classunload-info classloadercandidates="58" classloadersunloaded="0" classesunloaded="0" anonymousclassesunloaded="0" quiescems="0.000" setupms="0.011" scanms="0.000" postms="0.000" />
</gc-op>
<heap-resize id="2686" type="contract" space="default" amount="16777216" count="1" timems="0.675" reason="excess free space following gc" timestamp="2019-08-09T21:46:28.352" />
<gc-end id="2687" type="partial gc" contextid="2681" durationms="17.940" usertimems="93.662" systemtimems="0.000" timestamp="2019-08-09T21:46:28.352" activeThreads="16">
  <mem-info id="2688" free="218103808" total="285212672" percent="76">
    <mem type="eden" free="18376" total="4194304" percent="0" />
    <remembered-set count="52992" freebytes="11860992" totalbytes="12072960" percent="98" regionsoverflowed="0" regionsstable="8" regionsrebuilding="0"/>
  </mem-info>
</gc-end>
<cycle-end id="2689" type="partial gc" contextid="2681" timestamp="2019-08-09T21:46:28.352" />
  <attribute name="elasticGC enabled" value="1" />
  <attribute name= "numThreadsSpecified" value="16" />
  <attribute name="heapSize specified" value="0" />
  <attribute name="Current GC Util" value="88" />
  <attribute name= "Current Time Running" value="201422" />
  <attribute name ="GC Interval" value="0" />
  <attribute name="Target GC Util Change" value ="80.000000" />
  <attribute name="Current GC Util Change" value="88.000000"/>
  <attribute name="Current Error" value="78.000000" />
  <attribute name="Output H" value="302065664"/>
  <attribute name="Output I" value="2104"/>
  <attribute name="Output T" value="16"/>
  <attribute name= "Current Time Running" value="201422" />
  <attribute name="GC Util currently" value="88" />
  <attribute name="CPU Util currently" value="819185915937" />
<exclusive-end id="2690" timestamp="2019-08-09T21:46:28.352" durationms="18.741" />

===== DaCapo 9.12-MR1 pmd PASSED in 2075 msec =====
Using scaled threading model. 16 processors detected, 16 threads used to drive the workload, in a possible range of [1,512]
<exclusive-start id="2691" timestamp="2019-08-09T21:46:28.797" intervalms="463.524">
  <response-info timems="0.075" idlems="0.053" threads="1" lastid="0000000001E0E600" lastname="IProfiler" />
</exclusive-start>
<sys-start reason="explicit" id="2692" timestamp="2019-08-09T21:46:28.797" intervalms="2248.906" />
<cycle-start id="2693" type="global garbage collect" contextid="0" timestamp="2019-08-09T21:46:28.797" intervalms="2248.907" />
<gc-start id="2694" type="global garbage collect" contextid="2693" timestamp="2019-08-09T21:46:28.797">
  <mem-info id="2695" free="154009592" total="285212672" percent="53">
    <mem type="eden" free="917496" total="65011712" percent="1" />
    <remembered-set count="52608" freebytes="11862528" totalbytes="12072960" percent="98" regionsoverflowed="0" regionsstable="8" regionsrebuilding="0"/>
  </mem-info>
</gc-start>
<allocation-stats totalBytes="64057416" >
  <allocated-bytes non-tlh="2915624" tlh="61141792" arrayletleaf="0"/>
  <largest-consumer threadName="main" threadId="0000000001DE8F00" bytes="9694344" />
</allocation-stats>
<gc-op id="2696" type="global mark" timems="21.328" contextid="2693" timestamp="2019-08-09T21:46:28.819">
  <trace-info objectcount="639290" scancount="551593" scanbytes="14438728" />
  <finalization candidates="152" enqueued="1" />
  <ownableSynchronizers candidates="42" cleared="19" />
  <references type="soft" candidates="4909" cleared="0" enqueued="0" dynamicThreshold="24" maxThreshold="32" />
  <references type="weak" candidates="12217" cleared="5938" enqueued="5863" />
  <references type="phantom" candidates="1599" cleared="746" enqueued="746" />
  <stringconstants candidates="16387" cleared="1766"  />
</gc-op>
<gc-op id="2697" type="classunload" timems="12.258" contextid="2693" timestamp="2019-08-09T21:46:28.831">
  <classunload-info classloadercandidates="59" classloadersunloaded="4" classesunloaded="1006" anonymousclassesunloaded="0" quiescems="0.000" setupms="5.134" scanms="7.082" postms="0.041" />
</gc-op>
<gc-op id="2698" type="sweep" timems="2.375" contextid="2693" timestamp="2019-08-09T21:46:28.834" />
<gc-op id="2699" type="compact" timems="30.582" contextid="2693" timestamp="2019-08-09T21:46:28.864">
  <compact-info movecount="638690" movebytes="22679648" />
  <remembered-set-cleared processed="125274" cleared="125274" durationms="0.437" />
</gc-op>
<heap-resize id="2700" type="contract" space="default" amount="14680064" count="1" timems="0.615" reason="excess free space following gc" timestamp="2019-08-09T21:46:28.865" />
<gc-end id="2701" type="global garbage collect" contextid="2693" durationms="68.030" usertimems="190.435" systemtimems="17.621" timestamp="2019-08-09T21:46:28.865" activeThreads="16">
  <mem-info id="2702" free="234881024" total="270532608" percent="86">
    <pending-finalizers system="1" default="0" reference="6609" classloader="0" />
    <remembered-set count="46080" freebytes="11888640" totalbytes="12072960" percent="98" regionsoverflowed="0" regionsstable="0" regionsrebuilding="0"/>
  </mem-info>
</gc-end>
<cycle-end id="2703" type="global garbage collect" contextid="2693" timestamp="2019-08-09T21:46:28.867" />
  <attribute name="elasticGC enabled" value="1" />
  <attribute name= "numThreadsSpecified" value="16" />
  <attribute name="heapSize specified" value="0" />
  <attribute name="Current GC Util" value="176" />
  <attribute name= "Current Time Running" value="201920" />
  <attribute name ="GC Interval" value="0" />
  <attribute name="Target GC Util Change" value ="80.000000" />
  <attribute name="Current GC Util Change" value="176.000000"/>
  <attribute name="Current Error" value="-192.000000" />
  <attribute name="Output H" value="285288136"/>
  <attribute name="Output I" value="1792"/>
  <attribute name="Output T" value="16"/>
  <attribute name= "Current Time Running" value="201920" />
  <attribute name="GC Util currently" value="176" />
  <attribute name="CPU Util currently" value="463008199330" />
<sys-end id="2704" timestamp="2019-08-09T21:46:28.867" />
<exclusive-end id="2705" timestamp="2019-08-09T21:46:28.867" durationms="70.653" />

===== DaCapo 9.12-MR1 sunflow starting =====
<exclusive-start id="2706" timestamp="2019-08-09T21:46:29.337" intervalms="540.043">
  <response-info timems="0.184" idlems="0.079" threads="5" lastid="000000000210F200" lastname="Thread-31" />
</exclusive-start>
<allocation-taxation id="2707" taxation-threshold="75497472" timestamp="2019-08-09T21:46:29.337" intervalms="1003.618" />
<cycle-start id="2708" type="partial gc" contextid="0" timestamp="2019-08-09T21:46:29.337" intervalms="1003.558" />
<gc-start id="2709" type="partial gc" contextid="2708" timestamp="2019-08-09T21:46:29.337">
  <mem-info id="2710" free="159383552" total="270532608" percent="58">
    <mem type="eden" free="0" total="75497472" percent="0" />
    <remembered-set count="45824" freebytes="11889664" totalbytes="12072960" percent="98" regionsoverflowed="0" regionsstable="0" regionsrebuilding="0"/>
  </mem-info>
</gc-start>
<allocation-stats totalBytes="75426640" >
  <allocated-bytes non-tlh="3239096" tlh="72187544" arrayletleaf="0"/>
  <largest-consumer threadName="Thread-35" threadId="0000000002112D00" bytes="8026232" />
</allocation-stats>
<gc-op id="2711" type="copy forward" timems="14.186" contextid="2708" timestamp="2019-08-09T21:46:29.353">
  <memory-copied type="eden" objects="108511" bytes="6427040" bytesdiscarded="1045504" />
  <memory-copied type="other" objects="0" bytes="0" bytesdiscarded="0" />
  <memory-cardclean objects="285631" bytes="9133360" />
  <regions eden="36" other="0" />
  <remembered-set-cleared processed="642" cleared="335" durationms="0.095" />
  <references type="soft" candidates="15" cleared="0" enqueued="0" dynamicThreshold="27" maxThreshold="32" />
  <references type="weak" candidates="38" cleared="0" enqueued="0" />
  <references type="phantom" candidates="2" cleared="0" enqueued="0" />
  <stringconstants candidates="15174" cleared="1"  />
</gc-op>
<gc-op id="2712" type="classunload" timems="0.010" contextid="2708" timestamp="2019-08-09T21:46:29.353">
  <classunload-info classloadercandidates="55" classloadersunloaded="0" classesunloaded="0" anonymousclassesunloaded="0" quiescems="0.000" setupms="0.010" scanms="0.000" postms="0.000" />
</gc-op>
<heap-resize id="2713" type="contract" space="default" amount="14680064" count="1" timems="0.574" reason="excess free space following gc" timestamp="2019-08-09T21:46:29.354" />
<gc-end id="2714" type="partial gc" contextid="2708" durationms="16.622" usertimems="60.204" systemtimems="0.000" timestamp="2019-08-09T21:46:29.354" activeThreads="16">
  <mem-info id="2715" free="211812352" total="255852544" percent="82">
    <mem type="eden" free="915576" total="8388608" percent="10" />
    <remembered-set count="50080" freebytes="10615040" totalbytes="10815360" percent="98" regionsoverflowed="0" regionsstable="0" regionsrebuilding="0"/>
  </mem-info>
</gc-end>
<cycle-end id="2716" type="partial gc" contextid="2708" timestamp="2019-08-09T21:46:29.354" />
  <attribute name="elasticGC enabled" value="1" />
  <attribute name= "numThreadsSpecified" value="16" />
  <attribute name="heapSize specified" value="0" />
  <attribute name="Current GC Util" value="87" />
  <attribute name= "Current Time Running" value="202425" />
  <attribute name ="GC Interval" value="0" />
  <attribute name="Target GC Util Change" value ="80.000000" />
  <attribute name="Current GC Util Change" value="87.000000"/>
  <attribute name="Current Error" value="-136.000000" />
  <attribute name="Output H" value="270608136"/>
  <attribute name="Output I" value="1856"/>
  <attribute name="Output T" value="16"/>
  <attribute name= "Current Time Running" value="202425" />
  <attribute name="GC Util currently" value="87" />
  <attribute name="CPU Util currently" value="811495327616" />
<exclusive-end id="2717" timestamp="2019-08-09T21:46:29.354" durationms="17.309" />

<exclusive-start id="2718" timestamp="2019-08-09T21:46:29.442" intervalms="105.199">
  <response-info timems="0.568" idlems="0.560" threads="1" lastid="00000000020DAB00" lastname="Thread-22" />
</exclusive-start>
<allocation-taxation id="2719" taxation-threshold="71303168" timestamp="2019-08-09T21:46:29.442" intervalms="105.156" />
<cycle-start id="2720" type="partial gc" contextid="0" timestamp="2019-08-09T21:46:29.442" intervalms="105.154" />
<gc-start id="2721" type="partial gc" contextid="2720" timestamp="2019-08-09T21:46:29.442">
  <mem-info id="2722" free="140509184" total="255852544" percent="54">
    <mem type="eden" free="0" total="71303168" percent="0" />
    <remembered-set count="10048" freebytes="10775168" totalbytes="10815360" percent="99" regionsoverflowed="0" regionsstable="9" regionsrebuilding="0"/>
  </mem-info>
</gc-start>
<allocation-stats totalBytes="71294056" >
  <allocated-bytes non-tlh="0" tlh="71294056" arrayletleaf="0"/>
  <largest-consumer threadName="Thread-35" threadId="0000000002112D00" bytes="8137680" />
</allocation-stats>
<gc-op id="2723" type="copy forward" timems="18.432" contextid="2720" timestamp="2019-08-09T21:46:29.464">
  <memory-copied type="eden" objects="25543" bytes="618320" bytesdiscarded="309760" />
  <memory-copied type="other" objects="107794" bytes="6405928" bytesdiscarded="766384" />
  <memory-cardclean objects="4039" bytes="152328" />
  <regions eden="34" other="4" />
  <remembered-set-cleared processed="2429" cleared="128" durationms="0.092" />
  <references type="soft" candidates="15" cleared="0" enqueued="0" dynamicThreshold="26" maxThreshold="32" />
  <references type="weak" candidates="38" cleared="0" enqueued="0" />
  <references type="phantom" candidates="2" cleared="0" enqueued="0" />
  <stringconstants candidates="15173" cleared="0"  />
</gc-op>
<gc-op id="2724" type="classunload" timems="0.011" contextid="2720" timestamp="2019-08-09T21:46:29.464">
  <classunload-info classloadercandidates="55" classloadersunloaded="0" classesunloaded="0" anonymousclassesunloaded="0" quiescems="0.000" setupms="0.011" scanms="0.000" postms="0.000" />
</gc-op>
<heap-resize id="2725" type="contract" space="default" amount="14680064" count="1" timems="0.660" reason="excess free space following gc" timestamp="2019-08-09T21:46:29.465" />
<gc-end id="2726" type="partial gc" contextid="2720" durationms="22.239" usertimems="82.228" systemtimems="0.000" timestamp="2019-08-09T21:46:29.465" activeThreads="16">
  <mem-info id="2727" free="195035136" total="241172480" percent="80">
    <mem type="eden" free="1169072" total="2097152" percent="55" />
    <remembered-set count="14624" freebytes="10169984" totalbytes="10228480" percent="99" regionsoverflowed="0" regionsstable="9" regionsrebuilding="0"/>
  </mem-info>
</gc-end>
<cycle-end id="2728" type="partial gc" contextid="2720" timestamp="2019-08-09T21:46:29.465" />
  <attribute name="elasticGC enabled" value="1" />
  <attribute name= "numThreadsSpecified" value="16" />
  <attribute name="heapSize specified" value="0" />
  <attribute name="Current GC Util" value="152" />
  <attribute name= "Current Time Running" value="202532" />
  <attribute name ="GC Interval" value="0" />
  <attribute name="Target GC Util Change" value ="80.000000" />
  <attribute name="Current GC Util Change" value="152.000000"/>
  <attribute name="Current Error" value="-72.000000" />
  <attribute name="Output H" value="255928144"/>
  <attribute name="Output I" value="1928"/>
  <attribute name="Output T" value="16"/>
  <attribute name= "Current Time Running" value="202532" />
  <attribute name="GC Util currently" value="152" />
  <attribute name="CPU Util currently" value="458257357410" />
<exclusive-end id="2729" timestamp="2019-08-09T21:46:29.465" durationms="22.999" />

<exclusive-start id="2730" timestamp="2019-08-09T21:46:29.577" intervalms="134.692">
  <response-info timems="1.588" idlems="0.826" threads="1" lastid="000000000210F200" lastname="Thread-31" />
</exclusive-start>
<allocation-taxation id="2731" taxation-threshold="67108864" timestamp="2019-08-09T21:46:29.577" intervalms="134.693" />
<cycle-start id="2732" type="partial gc" contextid="0" timestamp="2019-08-09T21:46:29.577" intervalms="134.726" />
<gc-start id="2733" type="partial gc" contextid="2732" timestamp="2019-08-09T21:46:29.577">
  <mem-info id="2734" free="127926272" total="241172480" percent="53">
    <mem type="eden" free="0" total="67108864" percent="0" />
    <remembered-set count="13440" freebytes="10174720" totalbytes="10228480" percent="99" regionsoverflowed="0" regionsstable="10" regionsrebuilding="0"/>
  </mem-info>
</gc-start>
<allocation-stats totalBytes="67099880" >
  <allocated-bytes non-tlh="168" tlh="67099712" arrayletleaf="0"/>
  <largest-consumer threadName="Thread-24" threadId="0000000002100200" bytes="7031904" />
</allocation-stats>
<gc-op id="2735" type="copy forward" timems="20.326" contextid="2732" timestamp="2019-08-09T21:46:29.599">
  <memory-copied type="eden" objects="50994" bytes="1935928" bytesdiscarded="173728" />
  <memory-copied type="other" objects="65920" bytes="2977008" bytesdiscarded="169576" />
  <memory-cardclean objects="33761" bytes="1891160" />
  <regions eden="32" other="3" />
  <remembered-set-cleared processed="3468" cleared="1515" durationms="0.102" />
  <references type="soft" candidates="13" cleared="0" enqueued="0" dynamicThreshold="25" maxThreshold="32" />
  <references type="weak" candidates="38" cleared="0" enqueued="0" />
  <references type="phantom" candidates="2" cleared="0" enqueued="0" />
  <stringconstants candidates="15174" cleared="0"  />
</gc-op>
<gc-op id="2736" type="classunload" timems="0.014" contextid="2732" timestamp="2019-08-09T21:46:29.599">
  <classunload-info classloadercandidates="55" classloadersunloaded="0" classesunloaded="0" anonymousclassesunloaded="0" quiescems="0.000" setupms="0.014" scanms="0.000" postms="0.000" />
</gc-op>
<heap-resize id="2737" type="contract" space="default" amount="12582912" count="1" timems="0.521" reason="excess free space following gc" timestamp="2019-08-09T21:46:29.600" />
<gc-end id="2738" type="partial gc" contextid="2732" durationms="22.660" usertimems="40.876" systemtimems="26.855" timestamp="2019-08-09T21:46:29.600" activeThreads="16">
  <mem-info id="2739" free="178257920" total="228589568" percent="77">
    <mem type="eden" free="2084648" total="4194304" percent="49" />
    <remembered-set count="17824" freebytes="9570304" totalbytes="9641600" percent="99" regionsoverflowed="0" regionsstable="10" regionsrebuilding="0"/>
  </mem-info>
</gc-end>
<cycle-end id="2740" type="partial gc" contextid="2732" timestamp="2019-08-09T21:46:29.600" />
  <attribute name="elasticGC enabled" value="1" />
  <attribute name= "numThreadsSpecified" value="16" />
  <attribute name="heapSize specified" value="0" />
  <attribute name="Current GC Util" value="87" />
  <attribute name= "Current Time Running" value="202665" />
  <attribute name ="GC Interval" value="0" />
  <attribute name="Target GC Util Change" value ="80.000000" />
  <attribute name="Current GC Util Change" value="87.000000"/>
  <attribute name="Current Error" value="-58.000000" />
  <attribute name="Output H" value="241248096"/>
  <attribute name="Output I" value="1944"/>
  <attribute name="Output T" value="16"/>
  <attribute name= "Current Time Running" value="202665" />
  <attribute name="GC Util currently" value="87" />
  <attribute name="CPU Util currently" value="860838180795" />
<exclusive-end id="2741" timestamp="2019-08-09T21:46:29.600" durationms="23.394" />

<exclusive-start id="2742" timestamp="2019-08-09T21:46:29.695" intervalms="118.385">
  <response-info timems="3.893" idlems="3.893" threads="0" lastid="00000000020D3300" lastname="Thread-23" />
</exclusive-start>
<allocation-taxation id="2743" taxation-threshold="65011712" timestamp="2019-08-09T21:46:29.695" intervalms="118.392" />
<cycle-start id="2744" type="partial gc" contextid="0" timestamp="2019-08-09T21:46:29.695" intervalms="118.343" />
<gc-start id="2745" type="partial gc" contextid="2744" timestamp="2019-08-09T21:46:29.695">
  <mem-info id="2746" free="113246208" total="228589568" percent="49">
    <mem type="eden" free="0" total="65011712" percent="0" />
    <remembered-set count="17408" freebytes="9571968" totalbytes="9641600" percent="99" regionsoverflowed="0" regionsstable="10" regionsrebuilding="0"/>
  </mem-info>
</gc-start>
<allocation-stats totalBytes="65003440" >
  <allocated-bytes non-tlh="0" tlh="65003440" arrayletleaf="0"/>
  <largest-consumer threadName="Thread-23" threadId="00000000020D3300" bytes="6675752" />
</allocation-stats>
<gc-op id="2747" type="copy forward" timems="11.903" contextid="2744" timestamp="2019-08-09T21:46:29.709">
  <memory-copied type="eden" objects="34892" bytes="1390856" bytesdiscarded="151144" />
  <memory-copied type="other" objects="73399" bytes="4053848" bytesdiscarded="329816" />
  <memory-cardclean objects="13506" bytes="645536" />
  <regions eden="31" other="4" />
  <remembered-set-cleared processed="6033" cleared="3322" durationms="0.115" />
  <references type="soft" candidates="2" cleared="0" enqueued="0" dynamicThreshold="24" maxThreshold="32" />
  <stringconstants candidates="15174" cleared="0"  />
</gc-op>
<gc-op id="2748" type="classunload" timems="0.011" contextid="2744" timestamp="2019-08-09T21:46:29.709">
  <classunload-info classloadercandidates="55" classloadersunloaded="0" classesunloaded="0" anonymousclassesunloaded="0" quiescems="0.000" setupms="0.011" scanms="0.000" postms="0.000" />
</gc-op>
<heap-resize id="2749" type="contract" space="default" amount="12582912" count="1" timems="0.502" reason="excess free space following gc" timestamp="2019-08-09T21:46:29.709" />
<gc-end id="2750" type="partial gc" contextid="2744" durationms="14.058" usertimems="39.039" systemtimems="15.870" timestamp="2019-08-09T21:46:29.709" activeThreads="16">
  <mem-info id="2751" free="167772160" total="216006656" percent="77">
    <mem type="eden" free="555152" total="2097152" percent="26" />
    <remembered-set count="17792" freebytes="9067392" totalbytes="9138560" percent="99" regionsoverflowed="0" regionsstable="10" regionsrebuilding="0"/>
  </mem-info>
</gc-end>
<cycle-end id="2752" type="partial gc" contextid="2744" timestamp="2019-08-09T21:46:29.710" />
  <attribute name="elasticGC enabled" value="1" />
  <attribute name= "numThreadsSpecified" value="16" />
  <attribute name="heapSize specified" value="0" />
  <attribute name="Current GC Util" value="77" />
  <attribute name= "Current Time Running" value="202783" />
  <attribute name ="GC Interval" value="0" />
  <attribute name="Target GC Util Change" value ="80.000000" />
  <attribute name="Current GC Util Change" value="77.000000"/>
  <attribute name="Current Error" value="-32.000000" />
  <attribute name="Output H" value="228665216"/>
  <attribute name="Output I" value="1976"/>
  <attribute name="Output T" value="16"/>
  <attribute name= "Current Time Running" value="202783" />
  <attribute name="GC Util currently" value="77" />
  <attribute name="CPU Util currently" value="1028657546965" />
<exclusive-end id="2753" timestamp="2019-08-09T21:46:29.710" durationms="14.678" />

<exclusive-start id="2754" timestamp="2019-08-09T21:46:29.849" intervalms="153.987">
  <response-info timems="9.079" idlems="9.079" threads="0" lastid="00000000020F8A00" lastname="Thread-26" />
</exclusive-start>
<allocation-taxation id="2755" taxation-threshold="60817408" timestamp="2019-08-09T21:46:29.849" intervalms="153.965" />
<cycle-start id="2756" type="partial gc" contextid="0" timestamp="2019-08-09T21:46:29.849" intervalms="154.040" />
<gc-start id="2757" type="partial gc" contextid="2756" timestamp="2019-08-09T21:46:29.849">
  <mem-info id="2758" free="106954752" total="216006656" percent="49">
    <mem type="eden" free="0" total="60817408" percent="0" />
    <remembered-set count="17600" freebytes="9068160" totalbytes="9138560" percent="99" regionsoverflowed="0" regionsstable="10" regionsrebuilding="0"/>
  </mem-info>
</gc-start>
<allocation-stats totalBytes="60810032" >
  <allocated-bytes non-tlh="0" tlh="60810032" arrayletleaf="0"/>
  <largest-consumer threadName="Thread-23" threadId="00000000020D3300" bytes="7740536" />
</allocation-stats>
<gc-op id="2759" type="copy forward" timems="12.866" contextid="2756" timestamp="2019-08-09T21:46:29.864">
  <memory-copied type="eden" objects="53179" bytes="2105032" bytesdiscarded="208904" />
  <memory-copied type="other" objects="67487" bytes="3847512" bytesdiscarded="371352" />
  <memory-cardclean objects="27029" bytes="1578784" />
  <regions eden="29" other="3" />
  <remembered-set-cleared processed="7411" cleared="4307" durationms="0.108" />
  <references type="soft" candidates="13" cleared="0" enqueued="0" dynamicThreshold="24" maxThreshold="32" />
  <references type="weak" candidates="38" cleared="0" enqueued="0" />
  <references type="phantom" candidates="2" cleared="0" enqueued="0" />
  <stringconstants candidates="15174" cleared="0"  />
</gc-op>
<gc-op id="2760" type="classunload" timems="0.010" contextid="2756" timestamp="2019-08-09T21:46:29.864">
  <classunload-info classloadercandidates="55" classloadersunloaded="0" classesunloaded="0" anonymousclassesunloaded="0" quiescems="0.000" setupms="0.010" scanms="0.000" postms="0.000" />
</gc-op>
<heap-resize id="2761" type="contract" space="default" amount="12582912" count="1" timems="0.926" reason="excess free space following gc" timestamp="2019-08-09T21:46:29.865" />
<gc-end id="2762" type="partial gc" contextid="2756" durationms="15.744" usertimems="48.518" systemtimems="18.381" timestamp="2019-08-09T21:46:29.865" activeThreads="16">
  <mem-info id="2763" free="150994944" total="203423744" percent="74">
    <mem type="eden" free="1880368" total="4194304" percent="44" />
    <remembered-set count="19200" freebytes="8558720" totalbytes="8635520" percent="99" regionsoverflowed="0" regionsstable="10" regionsrebuilding="0"/>
  </mem-info>
</gc-end>
<cycle-end id="2764" type="partial gc" contextid="2756" timestamp="2019-08-09T21:46:29.865" />
  <attribute name="elasticGC enabled" value="1" />
  <attribute name= "numThreadsSpecified" value="16" />
  <attribute name="heapSize specified" value="0" />
  <attribute name="Current GC Util" value="112" />
  <attribute name= "Current Time Running" value="202938" />
  <attribute name ="GC Interval" value="0" />
  <attribute name="Target GC Util Change" value ="80.000000" />
  <attribute name="Current GC Util Change" value="112.000000"/>
  <attribute name="Current Error" value="-32.000000" />
  <attribute name="Output H" value="216082304"/>
  <attribute name="Output I" value="1976"/>
  <attribute name="Output T" value="16"/>
  <attribute name= "Current Time Running" value="202938" />
  <attribute name="GC Util currently" value="112" />
  <attribute name="CPU Util currently" value="860283842672" />
<exclusive-end id="2765" timestamp="2019-08-09T21:46:29.865" durationms="16.466" />

<exclusive-start id="2766" timestamp="2019-08-09T21:46:29.959" intervalms="110.254">
  <response-info timems="4.412" idlems="4.412" threads="0" lastid="00000000020F1200" lastname="Thread-28" />
</exclusive-start>
<allocation-taxation id="2767" taxation-threshold="58720256" timestamp="2019-08-09T21:46:29.959" intervalms="110.274" />
<cycle-start id="2768" type="partial gc" contextid="0" timestamp="2019-08-09T21:46:29.960" intervalms="110.380" />
<gc-start id="2769" type="partial gc" contextid="2768" timestamp="2019-08-09T21:46:29.960">
  <mem-info id="2770" free="92274688" total="203423744" percent="45">
    <mem type="eden" free="0" total="58720256" percent="0" />
    <remembered-set count="18944" freebytes="8559744" totalbytes="8635520" percent="99" regionsoverflowed="0" regionsstable="10" regionsrebuilding="0"/>
  </mem-info>
</gc-start>
<allocation-stats totalBytes="58712560" >
  <allocated-bytes non-tlh="0" tlh="58712560" arrayletleaf="0"/>
  <largest-consumer threadName="Thread-23" threadId="00000000020D3300" bytes="5860632" />
</allocation-stats>
<gc-op id="2771" type="copy forward" timems="11.781" contextid="2768" timestamp="2019-08-09T21:46:29.973">
  <memory-copied type="eden" objects="22097" bytes="671840" bytesdiscarded="97312" />
  <memory-copied type="other" objects="65897" bytes="3297392" bytesdiscarded="283416" />
  <memory-cardclean objects="21790" bytes="1101200" />
  <regions eden="28" other="4" />
  <remembered-set-cleared processed="6362" cleared="3967" durationms="0.111" />
  <references type="soft" candidates="2" cleared="0" enqueued="0" dynamicThreshold="23" maxThreshold="32" />
  <stringconstants candidates="15174" cleared="0"  />
</gc-op>
<gc-op id="2772" type="classunload" timems="0.011" contextid="2768" timestamp="2019-08-09T21:46:29.973">
  <classunload-info classloadercandidates="55" classloadersunloaded="0" classesunloaded="0" anonymousclassesunloaded="0" quiescems="0.000" setupms="0.010" scanms="0.000" postms="0.000" />
</gc-op>
<heap-resize id="2773" type="contract" space="default" amount="10485760" count="1" timems="0.434" reason="excess free space following gc" timestamp="2019-08-09T21:46:29.974" />
<gc-end id="2774" type="partial gc" contextid="2768" durationms="13.852" usertimems="32.648" systemtimems="17.672" timestamp="2019-08-09T21:46:29.974" activeThreads="16">
  <mem-info id="2775" free="140509184" total="192937984" percent="72">
    <mem type="eden" free="3425152" total="4194304" percent="81" />
    <remembered-set count="19104" freebytes="8056064" totalbytes="8132480" percent="99" regionsoverflowed="0" regionsstable="10" regionsrebuilding="0"/>
  </mem-info>
</gc-end>
<cycle-end id="2776" type="partial gc" contextid="2768" timestamp="2019-08-09T21:46:29.974" />
  <attribute name="elasticGC enabled" value="1" />
  <attribute name= "numThreadsSpecified" value="16" />
  <attribute name="heapSize specified" value="0" />
  <attribute name="Current GC Util" value="56" />
  <attribute name= "Current Time Running" value="203048" />
  <attribute name ="GC Interval" value="0" />
  <attribute name="Target GC Util Change" value ="80.000000" />
  <attribute name="Current GC Util Change" value="56.000000"/>
  <attribute name="Current Error" value="27.000000" />
  <attribute name="Output H" value="203499456"/>
  <attribute name="Output I" value="2040"/>
  <attribute name="Output T" value="16"/>
  <attribute name= "Current Time Running" value="203048" />
  <attribute name="GC Util currently" value="56" />
  <attribute name="CPU Util currently" value="973211178722" />
<exclusive-end id="2777" timestamp="2019-08-09T21:46:29.974" durationms="14.586" />

<exclusive-start id="2778" timestamp="2019-08-09T21:46:29.991" intervalms="31.806">
  <response-info timems="0.835" idlems="0.835" threads="0" lastid="00000000020E5F00" lastname="Thread-36" />
</exclusive-start>
<allocation-taxation id="2779" taxation-threshold="27262976" timestamp="2019-08-09T21:46:29.991" intervalms="31.804" />
<cycle-start id="2780" type="global mark phase" contextid="0" timestamp="2019-08-09T21:46:29.991" intervalms="37491.034" />
<gc-start id="2781" type="global mark phase" contextid="2780" timestamp="2019-08-09T21:46:29.991">
  <mem-info id="2782" free="113246208" total="192937984" percent="58">
    <remembered-set count="18752" freebytes="8057472" totalbytes="8132480" percent="99" regionsoverflowed="0" regionsstable="10" regionsrebuilding="0"/>
  </mem-info>
</gc-start>
<gc-op id="2783" type="mark increment" timems="4.189" contextid="2780" timestamp="2019-08-09T21:46:29.995">
  <trace-info objectcount="112335" scancount="90298" scanbytes="4156072" />
</gc-op>
<gc-end id="2784" type="global mark phase" contextid="2780" durationms="4.258" usertimems="15.098" systemtimems="0.472" timestamp="2019-08-09T21:46:29.995" activeThreads="16">
  <mem-info id="2785" free="113246208" total="192937984" percent="58">
    <remembered-set count="19264" freebytes="8055424" totalbytes="8132480" percent="99" regionsoverflowed="0" regionsstable="0" regionsrebuilding="10"/>
  </mem-info>
</gc-end>
<concurrent-start id="2786" type="GMP work packet processing" contextid="2780" timestamp="2019-08-09T21:46:29.995">
  <concurrent-mark-start scanTarget="14279119" />
</concurrent-start>
<exclusive-end id="2787" timestamp="2019-08-09T21:46:29.996" durationms="4.849" />

<concurrent-end id="2788" type="GMP work packet processing" contextid="2780" timestamp="2019-08-09T21:46:30.023">
  <concurrent-mark-end bytesScanned="14491088" reasonForTermination="Work target met" />
</concurrent-end>

<exclusive-start id="2789" timestamp="2019-08-09T21:46:30.027" intervalms="36.352">
  <response-info timems="3.934" idlems="3.934" threads="0" lastid="00000000020F1200" lastname="Thread-28" />
</exclusive-start>
<allocation-taxation id="2790" taxation-threshold="27262976" timestamp="2019-08-09T21:46:30.027" intervalms="36.344" />
<cycle-start id="2791" type="partial gc" contextid="0" timestamp="2019-08-09T21:46:30.028" intervalms="67.973" />
<gc-start id="2792" type="partial gc" contextid="2791" timestamp="2019-08-09T21:46:30.028">
  <mem-info id="2793" free="85983232" total="192937984" percent="44">
    <mem type="eden" free="0" total="54525952" percent="0" />
    <remembered-set count="129216" freebytes="7615616" totalbytes="8132480" percent="93" regionsoverflowed="0" regionsstable="0" regionsrebuilding="10"/>
  </mem-info>
</gc-start>
<allocation-stats totalBytes="54519032" >
  <allocated-bytes non-tlh="0" tlh="54519032" arrayletleaf="0"/>
  <largest-consumer threadName="Thread-25" threadId="00000000020D6F00" bytes="3276440" />
</allocation-stats>
<gc-op id="2794" type="copy forward" timems="13.632" contextid="2791" timestamp="2019-08-09T21:46:30.043">
  <memory-copied type="eden" objects="35544" bytes="1407656" bytesdiscarded="113624" />
  <memory-copied type="other" objects="45328" bytes="1774752" bytesdiscarded="69592" />
  <memory-cardclean objects="27050" bytes="1291736" />
  <regions eden="26" other="3" />
  <remembered-set-cleared processed="115291" cleared="2450" durationms="0.677" />
  <stringconstants candidates="15174" cleared="0"  />
</gc-op>
<gc-op id="2795" type="classunload" timems="0.011" contextid="2791" timestamp="2019-08-09T21:46:30.043">
  <classunload-info classloadercandidates="55" classloadersunloaded="0" classesunloaded="0" anonymousclassesunloaded="0" quiescems="0.000" setupms="0.011" scanms="0.000" postms="0.000" />
</gc-op>
<heap-resize id="2796" type="contract" space="default" amount="10485760" count="1" timems="0.440" reason="excess free space following gc" timestamp="2019-08-09T21:46:30.044" />
<gc-end id="2797" type="partial gc" contextid="2791" durationms="15.866" usertimems="26.619" systemtimems="23.475" timestamp="2019-08-09T21:46:30.044" activeThreads="16">
  <mem-info id="2798" free="127926272" total="182452224" percent="70">
    <mem type="eden" free="2673024" total="4194304" percent="63" />
    <remembered-set count="131008" freebytes="7189248" totalbytes="7713280" percent="93" regionsoverflowed="0" regionsstable="0" regionsrebuilding="10"/>
  </mem-info>
</gc-end>
<cycle-end id="2799" type="partial gc" contextid="2791" timestamp="2019-08-09T21:46:30.044" />
  <attribute name="elasticGC enabled" value="1" />
  <attribute name= "numThreadsSpecified" value="16" />
  <attribute name="heapSize specified" value="0" />
  <attribute name="Current GC Util" value="80" />
  <attribute name= "Current Time Running" value="203116" />
  <attribute name ="GC Interval" value="0" />
  <attribute name="Target GC Util Change" value ="80.000000" />
  <attribute name="Current GC Util Change" value="80.000000"/>
  <attribute name="Current Error" value="-588.000000" />
  <attribute name="Output H" value="193012992"/>
  <attribute name="Output I" value="1336"/>
  <attribute name="Output T" value="16"/>
  <attribute name= "Current Time Running" value="203116" />
  <attribute name="GC Util currently" value="80" />
  <attribute name="CPU Util currently" value="912660753247" />
<exclusive-end id="2800" timestamp="2019-08-09T21:46:30.044" durationms="16.583" />

<exclusive-start id="2801" timestamp="2019-08-09T21:46:30.061" intervalms="33.464">
  <response-info timems="2.865" idlems="1.442" threads="1" lastid="00000000020E2300" lastname="Thread-33" />
</exclusive-start>
<allocation-taxation id="2802" taxation-threshold="25165824" timestamp="2019-08-09T21:46:30.061" intervalms="33.473" />
<gc-start id="2803" type="global mark phase" contextid="2780" timestamp="2019-08-09T21:46:30.061">
  <mem-info id="2804" free="102760448" total="182452224" percent="56">
    <remembered-set count="130528" freebytes="7191168" totalbytes="7713280" percent="93" regionsoverflowed="0" regionsstable="0" regionsrebuilding="10"/>
  </mem-info>
</gc-start>
<gc-end id="2805" type="global mark phase" contextid="2780" durationms="0.020" usertimems="0.008" systemtimems="0.010" timestamp="2019-08-09T21:46:30.061" activeThreads="16">
  <mem-info id="2806" free="102760448" total="182452224" percent="56">
    <remembered-set count="130528" freebytes="7191168" totalbytes="7713280" percent="93" regionsoverflowed="0" regionsstable="0" regionsrebuilding="10"/>
  </mem-info>
</gc-end>
<concurrent-start id="2807" type="GMP work packet processing" contextid="2780" timestamp="2019-08-09T21:46:30.061">
  <concurrent-mark-start scanTarget="14279119" />
</concurrent-start>
<exclusive-end id="2808" timestamp="2019-08-09T21:46:30.061" durationms="0.391" />

<concurrent-end id="2809" type="GMP work packet processing" contextid="2780" timestamp="2019-08-09T21:46:30.107">
  <concurrent-mark-end bytesScanned="732136" reasonForTermination="Completed all work in GC phase" />
</concurrent-end>

<exclusive-start id="2810" timestamp="2019-08-09T21:46:30.107" intervalms="46.363">
  <response-info timems="1.675" idlems="1.675" threads="0" lastid="00000000020E5F00" lastname="Thread-36" />
</exclusive-start>
<allocation-taxation id="2811" taxation-threshold="25165824" timestamp="2019-08-09T21:46:30.107" intervalms="46.366" />
<cycle-start id="2812" type="partial gc" contextid="0" timestamp="2019-08-09T21:46:30.107" intervalms="79.846" />
<gc-start id="2813" type="partial gc" contextid="2812" timestamp="2019-08-09T21:46:30.108">
  <mem-info id="2814" free="77594624" total="182452224" percent="42">
    <mem type="eden" free="0" total="50331648" percent="0" />
    <remembered-set count="134752" freebytes="7174272" totalbytes="7713280" percent="93" regionsoverflowed="0" regionsstable="0" regionsrebuilding="10"/>
  </mem-info>
</gc-start>
<allocation-stats totalBytes="50325440" >
  <allocated-bytes non-tlh="0" tlh="50325440" arrayletleaf="0"/>
  <largest-consumer threadName="Thread-26" threadId="00000000020F8A00" bytes="2883256" />
</allocation-stats>
<gc-op id="2815" type="copy forward" timems="15.245" contextid="2812" timestamp="2019-08-09T21:46:30.125">
  <memory-copied type="eden" objects="32984" bytes="1208296" bytesdiscarded="120872" />
  <memory-copied type="other" objects="51450" bytes="2196432" bytesdiscarded="156216" />
  <memory-cardclean objects="26982" bytes="1390616" />
  <regions eden="24" other="3" />
  <remembered-set-cleared processed="122426" cleared="4310" durationms="0.649" />
  <stringconstants candidates="15174" cleared="0"  />
</gc-op>
<gc-op id="2816" type="classunload" timems="0.011" contextid="2812" timestamp="2019-08-09T21:46:30.125">
  <classunload-info classloadercandidates="55" classloadersunloaded="0" classesunloaded="0" anonymousclassesunloaded="0" quiescems="0.000" setupms="0.011" scanms="0.000" postms="0.000" />
</gc-op>
<heap-resize id="2817" type="contract" space="default" amount="10485760" count="1" timems="0.427" reason="excess free space following gc" timestamp="2019-08-09T21:46:30.126" />
<gc-end id="2818" type="partial gc" contextid="2812" durationms="18.087" usertimems="46.809" systemtimems="11.983" timestamp="2019-08-09T21:46:30.126" activeThreads="16">
  <mem-info id="2819" free="115343360" total="171966464" percent="67">
    <mem type="eden" free="2865136" total="4194304" percent="68" />
    <remembered-set count="138944" freebytes="6738304" totalbytes="7294080" percent="92" regionsoverflowed="0" regionsstable="0" regionsrebuilding="10"/>
  </mem-info>
</gc-end>
<cycle-end id="2820" type="partial gc" contextid="2812" timestamp="2019-08-09T21:46:30.126" />
  <attribute name="elasticGC enabled" value="1" />
  <attribute name= "numThreadsSpecified" value="16" />
  <attribute name="heapSize specified" value="0" />
  <attribute name="Current GC Util" value="842" />
  <attribute name= "Current Time Running" value="203196" />
  <attribute name ="GC Interval" value="0" />
  <attribute name="Target GC Util Change" value ="80.000000" />
  <attribute name="Current GC Util Change" value="842.000000"/>
  <attribute name="Current Error" value="-1346.000000" />
  <attribute name="Output H" value="182526352"/>
  <attribute name="Output I" value="456"/>
  <attribute name="Output T" value="16"/>
  <attribute name= "Current Time Running" value="203196" />
  <attribute name="GC Util currently" value="842" />
  <attribute name="CPU Util currently" value="580754525634" />
<exclusive-end id="2821" timestamp="2019-08-09T21:46:30.126" durationms="18.913" />

<exclusive-start id="2822" timestamp="2019-08-09T21:46:30.205" intervalms="97.966">
  <response-info timems="5.447" idlems="2.791" threads="1" lastid="00000000020E2300" lastname="Thread-33" />
</exclusive-start>
<allocation-taxation id="2823" taxation-threshold="25165824" timestamp="2019-08-09T21:46:30.205" intervalms="97.948" />
<gc-start id="2824" type="global mark phase" contextid="2780" timestamp="2019-08-09T21:46:30.205">
  <mem-info id="2825" free="90177536" total="171966464" percent="52">
    <remembered-set count="138560" freebytes="6739840" totalbytes="7294080" percent="92" regionsoverflowed="0" regionsstable="0" regionsrebuilding="10"/>
  </mem-info>
</gc-start>
<gc-op id="2826" type="mark increment" timems="8.891" contextid="2780" timestamp="2019-08-09T21:46:30.214">
  <trace-info objectcount="51388" scancount="51388" scanbytes="1813752" />
  <cardclean-info objects="52274" bytes="2662792" />
  <finalization candidates="151" enqueued="0" />
  <ownableSynchronizers candidates="23" cleared="0" />
  <references type="soft" candidates="4924" cleared="0" enqueued="0" dynamicThreshold="21" maxThreshold="32" />
  <references type="weak" candidates="6317" cleared="25" enqueued="25" />
  <references type="phantom" candidates="835" cleared="0" enqueued="0" />
  <stringconstants candidates="15174" cleared="1"  />
</gc-op>
<gc-op id="2827" type="classunload" timems="0.014" contextid="2780" timestamp="2019-08-09T21:46:30.214">
  <classunload-info classloadercandidates="55" classloadersunloaded="0" classesunloaded="0" anonymousclassesunloaded="0" quiescems="0.000" setupms="0.014" scanms="0.000" postms="0.000" />
</gc-op>
<gc-end id="2828" type="global mark phase" contextid="2780" durationms="9.023" usertimems="19.021" systemtimems="8.860" timestamp="2019-08-09T21:46:30.214" activeThreads="16">
  <mem-info id="2829" free="90177536" total="171966464" percent="52">
    <pending-finalizers system="0" default="0" reference="25" classloader="0" />
    <remembered-set count="140096" freebytes="6733696" totalbytes="7294080" percent="92" regionsoverflowed="0" regionsstable="0" regionsrebuilding="0"/>
  </mem-info>
</gc-end>
<cycle-end id="2830" type="global mark phase" contextid="2780" timestamp="2019-08-09T21:46:30.215" />
  <attribute name="elasticGC enabled" value="1" />
  <attribute name= "numThreadsSpecified" value="16" />
  <attribute name="heapSize specified" value="0" />
  <attribute name="Current GC Util" value="201" />
  <attribute name= "Current Time Running" value="203296" />
  <attribute name ="GC Interval" value="0" />
  <attribute name="Target GC Util Change" value ="80.000000" />
  <attribute name="Current GC Util Change" value="201.000000"/>
  <attribute name="Current Error" value="-259.000000" />
  <attribute name="Output H" value="172041848"/>
  <attribute name="Output I" value="1712"/>
  <attribute name="Output T" value="16"/>
  <attribute name= "Current Time Running" value="203296" />
  <attribute name="GC Util currently" value="201" />
  <attribute name="CPU Util currently" value="594420232580" />
<exclusive-end id="2831" timestamp="2019-08-09T21:46:30.215" durationms="9.475" />

<exclusive-start id="2832" timestamp="2019-08-09T21:46:30.310" intervalms="105.264">
  <response-info timems="1.024" idlems="1.024" threads="0" lastid="00000000020E9B00" lastname="Thread-34" />
</exclusive-start>
<allocation-taxation id="2833" taxation-threshold="25165824" timestamp="2019-08-09T21:46:30.311" intervalms="105.283" />
<cycle-start id="2834" type="partial gc" contextid="0" timestamp="2019-08-09T21:46:30.311" intervalms="203.257" />
<gc-start id="2835" type="partial gc" contextid="2834" timestamp="2019-08-09T21:46:30.311">
  <mem-info id="2836" free="65011712" total="171966464" percent="37">
    <mem type="eden" free="0" total="50331648" percent="0" />
    <remembered-set count="24160" freebytes="7197440" totalbytes="7294080" percent="98" regionsoverflowed="0" regionsstable="9" regionsrebuilding="0"/>
  </mem-info>
</gc-start>
<allocation-stats totalBytes="50325648" >
  <allocated-bytes non-tlh="0" tlh="50325648" arrayletleaf="0"/>
  <largest-consumer threadName="Thread-33" threadId="00000000020E2300" bytes="3669704" />
</allocation-stats>
<gc-op id="2837" type="sweep" timems="2.865" contextid="2834" timestamp="2019-08-09T21:46:30.314" />
<gc-op id="2838" type="copy forward" timems="14.247" contextid="2834" timestamp="2019-08-09T21:46:30.330">
  <memory-copied type="eden" objects="24248" bytes="998936" bytesdiscarded="21566" />
  <memory-copied type="other" objects="41237" bytes="1401816" bytesdiscarded="108698" />
  <memory-cardclean objects="33022" bytes="1739336" />
  <regions eden="12" other="15" />
  <remembered-set-cleared processed="11847" cleared="2803" durationms="0.146" />
  <stringconstants candidates="15173" cleared="0"  />
</gc-op>
<gc-op id="2839" type="classunload" timems="0.014" contextid="2834" timestamp="2019-08-09T21:46:30.330">
  <classunload-info classloadercandidates="55" classloadersunloaded="0" classesunloaded="0" anonymousclassesunloaded="0" quiescems="0.000" setupms="0.014" scanms="0.000" postms="0.000" />
</gc-op>
<heap-resize id="2840" type="contract" space="default" amount="10485760" count="1" timems="0.617" reason="excess free space following gc" timestamp="2019-08-09T21:46:30.330" />
<gc-end id="2841" type="partial gc" contextid="2834" durationms="19.459" usertimems="35.719" systemtimems="16.378" timestamp="2019-08-09T21:46:30.330" activeThreads="16">
  <mem-info id="2842" free="102760448" total="161480704" percent="63">
    <mem type="eden" free="3006768" total="4194304" percent="71" />
    <remembered-set count="24160" freebytes="6778240" totalbytes="6874880" percent="98" regionsoverflowed="0" regionsstable="9" regionsrebuilding="0"/>
  </mem-info>
</gc-end>
<cycle-end id="2843" type="partial gc" contextid="2834" timestamp="2019-08-09T21:46:30.331" />
  <attribute name="elasticGC enabled" value="1" />
  <attribute name= "numThreadsSpecified" value="16" />
  <attribute name="heapSize specified" value="0" />
  <attribute name="Current GC Util" value="74" />
  <attribute name= "Current Time Running" value="203402" />
  <attribute name ="GC Interval" value="0" />
  <attribute name="Target GC Util Change" value ="80.000000" />
  <attribute name="Current GC Util Change" value="74.000000"/>
  <attribute name="Current Error" value="-296.000000" />
  <attribute name="Output H" value="172041808"/>
  <attribute name="Output I" value="1672"/>
  <attribute name="Output T" value="16"/>
  <attribute name= "Current Time Running" value="203402" />
  <attribute name="GC Util currently" value="74" />
  <attribute name="CPU Util currently" value="1161115425132" />
<exclusive-end id="2844" timestamp="2019-08-09T21:46:30.331" durationms="20.289" />

<exclusive-start id="2845" timestamp="2019-08-09T21:46:30.393" intervalms="82.057">
  <response-info timems="0.542" idlems="0.213" threads="2" lastid="00000000020DE700" lastname="Thread-27" />
</exclusive-start>
<allocation-taxation id="2846" taxation-threshold="23068672" timestamp="2019-08-09T21:46:30.393" intervalms="82.051" />
<cycle-start id="2847" type="global mark phase" contextid="0" timestamp="2019-08-09T21:46:30.393" intervalms="401.478" />
<gc-start id="2848" type="global mark phase" contextid="2847" timestamp="2019-08-09T21:46:30.393">
  <mem-info id="2849" free="79691776" total="161480704" percent="49">
    <remembered-set count="23968" freebytes="6779008" totalbytes="6874880" percent="98" regionsoverflowed="0" regionsstable="9" regionsrebuilding="0"/>
  </mem-info>
</gc-start>
<gc-op id="2850" type="mark increment" timems="4.886" contextid="2847" timestamp="2019-08-09T21:46:30.398">
  <trace-info objectcount="71197" scancount="36731" scanbytes="1856008" />
</gc-op>
<gc-end id="2851" type="global mark phase" contextid="2847" durationms="4.931" usertimems="6.893" systemtimems="9.158" timestamp="2019-08-09T21:46:30.398" activeThreads="16">
  <mem-info id="2852" free="79691776" total="161480704" percent="49">
    <remembered-set count="24992" freebytes="6774912" totalbytes="6874880" percent="98" regionsoverflowed="0" regionsstable="0" regionsrebuilding="9"/>
  </mem-info>
</gc-end>
<concurrent-start id="2853" type="GMP work packet processing" contextid="2847" timestamp="2019-08-09T21:46:30.398">
  <concurrent-mark-start scanTarget="20863496" />
</concurrent-start>
<exclusive-end id="2854" timestamp="2019-08-09T21:46:30.398" durationms="5.510" />

<concurrent-end id="2855" type="GMP work packet processing" contextid="2847" timestamp="2019-08-09T21:46:30.479">
  <concurrent-mark-end bytesScanned="17595192" reasonForTermination="Completed all work in GC phase" />
</concurrent-end>

<exclusive-start id="2856" timestamp="2019-08-09T21:46:30.492" intervalms="99.763">
  <response-info timems="1.777" idlems="1.777" threads="0" lastid="00000000020E9B00" lastname="Thread-34" />
</exclusive-start>
<allocation-taxation id="2857" taxation-threshold="23068672" timestamp="2019-08-09T21:46:30.492" intervalms="99.760" />
<cycle-start id="2858" type="partial gc" contextid="0" timestamp="2019-08-09T21:46:30.492" intervalms="181.788" />
<gc-start id="2859" type="partial gc" contextid="2858" timestamp="2019-08-09T21:46:30.493">
  <mem-info id="2860" free="56623104" total="161480704" percent="35">
    <mem type="eden" free="0" total="46137344" percent="0" />
    <remembered-set count="141632" freebytes="6308352" totalbytes="6874880" percent="91" regionsoverflowed="0" regionsstable="0" regionsrebuilding="9"/>
  </mem-info>
</gc-start>
<allocation-stats totalBytes="46131288" >
  <allocated-bytes non-tlh="0" tlh="46131288" arrayletleaf="0"/>
  <largest-consumer threadName="Thread-23" threadId="00000000020D3300" bytes="2428664" />
</allocation-stats>
<gc-op id="2861" type="copy forward" timems="16.627" contextid="2858" timestamp="2019-08-09T21:46:30.511">
  <memory-copied type="eden" objects="22928" bytes="829768" bytesdiscarded="78984" />
  <memory-copied type="other" objects="43346" bytes="2859736" bytesdiscarded="143864" />
  <memory-cardclean objects="197921" bytes="7578440" />
  <regions eden="22" other="10" />
  <remembered-set-cleared processed="76365" cleared="39155" durationms="0.892" />
  <finalization candidates="71" enqueued="0" />
  <ownableSynchronizers candidates="2" cleared="0" />
  <references type="soft" candidates="37" cleared="0" enqueued="0" dynamicThreshold="15" maxThreshold="32" />
  <references type="weak" candidates="486" cleared="0" enqueued="0" />
  <references type="phantom" candidates="735" cleared="0" enqueued="0" />
  <stringconstants candidates="15173" cleared="0"  />
</gc-op>
<gc-op id="2862" type="classunload" timems="0.018" contextid="2858" timestamp="2019-08-09T21:46:30.511">
  <classunload-info classloadercandidates="55" classloadersunloaded="0" classesunloaded="0" anonymousclassesunloaded="0" quiescems="0.000" setupms="0.017" scanms="0.000" postms="0.000" />
</gc-op>
<heap-resize id="2863" type="contract" space="default" amount="8388608" count="1" timems="0.929" reason="excess free space following gc" timestamp="2019-08-09T21:46:30.512" />
<gc-end id="2864" type="partial gc" contextid="2858" durationms="19.514" usertimems="75.899" systemtimems="12.343" timestamp="2019-08-09T21:46:30.512" activeThreads="16">
  <mem-info id="2865" free="106954752" total="153092096" percent="69">
    <mem type="eden" free="1188400" total="2097152" percent="56" />
    <remembered-set count="81152" freebytes="6131072" totalbytes="6455680" percent="94" regionsoverflowed="0" regionsstable="0" regionsrebuilding="9"/>
  </mem-info>
</gc-end>
<cycle-end id="2866" type="partial gc" contextid="2858" timestamp="2019-08-09T21:46:30.512" />
  <attribute name="elasticGC enabled" value="1" />
  <attribute name= "numThreadsSpecified" value="16" />
  <attribute name="heapSize specified" value="0" />
  <attribute name="Current GC Util" value="125" />
  <attribute name= "Current Time Running" value="203581" />
  <attribute name ="GC Interval" value="0" />
  <attribute name="Target GC Util Change" value ="80.000000" />
  <attribute name="Current GC Util Change" value="125.000000"/>
  <attribute name="Current Error" value="-572.000000" />
  <attribute name="Output H" value="161555728"/>
  <attribute name="Output I" value="1352"/>
  <attribute name="Output T" value="16"/>
  <attribute name= "Current Time Running" value="203581" />
  <attribute name="GC Util currently" value="125" />
  <attribute name="CPU Util currently" value="926721650887" />
<exclusive-end id="2867" timestamp="2019-08-09T21:46:30.512" durationms="20.175" />

<exclusive-start id="2868" timestamp="2019-08-09T21:46:30.566" intervalms="74.006">
  <response-info timems="0.272" idlems="0.272" threads="0" lastid="00000000020FC600" lastname="Thread-32" />
</exclusive-start>
<allocation-taxation id="2869" taxation-threshold="23068672" timestamp="2019-08-09T21:46:30.566" intervalms="73.999" />
<gc-start id="2870" type="global mark phase" contextid="2847" timestamp="2019-08-09T21:46:30.566">
  <mem-info id="2871" free="83886080" total="153092096" percent="54">
    <remembered-set count="81152" freebytes="6131072" totalbytes="6455680" percent="94" regionsoverflowed="0" regionsstable="0" regionsrebuilding="9"/>
  </mem-info>
</gc-start>
<gc-op id="2872" type="mark increment" timems="12.476" contextid="2847" timestamp="2019-08-09T21:46:30.579">
  <trace-info objectcount="15363" scancount="15363" scanbytes="873496" />
  <cardclean-info objects="271659" bytes="8468248" />
  <finalization candidates="151" enqueued="0" />
  <ownableSynchronizers candidates="23" cleared="0" />
  <references type="soft" candidates="4924" cleared="0" enqueued="0" dynamicThreshold="22" maxThreshold="32" />
  <references type="weak" candidates="6292" cleared="0" enqueued="0" />
  <references type="phantom" candidates="835" cleared="0" enqueued="0" />
  <stringconstants candidates="15173" cleared="0"  />
</gc-op>
<gc-op id="2873" type="classunload" timems="0.011" contextid="2847" timestamp="2019-08-09T21:46:30.579">
  <classunload-info classloadercandidates="55" classloadersunloaded="0" classesunloaded="0" anonymousclassesunloaded="0" quiescems="0.000" setupms="0.011" scanms="0.000" postms="0.000" />
</gc-op>
<gc-end id="2874" type="global mark phase" contextid="2847" durationms="12.606" usertimems="35.640" systemtimems="11.755" timestamp="2019-08-09T21:46:30.579" activeThreads="16">
  <mem-info id="2875" free="83886080" total="153092096" percent="54">
    <remembered-set count="104704" freebytes="6036864" totalbytes="6455680" percent="93" regionsoverflowed="0" regionsstable="0" regionsrebuilding="0"/>
  </mem-info>
</gc-end>
<cycle-end id="2876" type="global mark phase" contextid="2847" timestamp="2019-08-09T21:46:30.579" />
  <attribute name="elasticGC enabled" value="1" />
  <attribute name= "numThreadsSpecified" value="16" />
  <attribute name="heapSize specified" value="0" />
  <attribute name="Current GC Util" value="237" />
  <attribute name= "Current Time Running" value="203659" />
  <attribute name ="GC Interval" value="0" />
  <attribute name="Target GC Util Change" value ="80.000000" />
  <attribute name="Current GC Util Change" value="237.000000"/>
  <attribute name="Current Error" value="-454.000000" />
  <attribute name="Output H" value="153167256"/>
  <attribute name="Output I" value="1488"/>
  <attribute name="Output T" value="16"/>
  <attribute name= "Current Time Running" value="203659" />
  <attribute name="GC Util currently" value="237" />
  <attribute name="CPU Util currently" value="781738636814" />
<exclusive-end id="2877" timestamp="2019-08-09T21:46:30.579" durationms="13.007" />

<exclusive-start id="2878" timestamp="2019-08-09T21:46:30.641" intervalms="74.759">
  <response-info timems="0.880" idlems="0.880" threads="0" lastid="00000000020DE700" lastname="Thread-27" />
</exclusive-start>
<allocation-taxation id="2879" taxation-threshold="23068672" timestamp="2019-08-09T21:46:30.641" intervalms="74.761" />
<cycle-start id="2880" type="partial gc" contextid="0" timestamp="2019-08-09T21:46:30.641" intervalms="148.806" />
<gc-start id="2881" type="partial gc" contextid="2880" timestamp="2019-08-09T21:46:30.641">
  <mem-info id="2882" free="60817408" total="153092096" percent="39">
    <mem type="eden" free="0" total="46137344" percent="0" />
    <remembered-set count="23712" freebytes="6360832" totalbytes="6455680" percent="98" regionsoverflowed="0" regionsstable="7" regionsrebuilding="0"/>
  </mem-info>
</gc-start>
<allocation-stats totalBytes="46131416" >
  <allocated-bytes non-tlh="0" tlh="46131416" arrayletleaf="0"/>
  <largest-consumer threadName="Thread-24" threadId="0000000002100200" bytes="2088576" />
</allocation-stats>
<gc-op id="2883" type="sweep" timems="2.371" contextid="2880" timestamp="2019-08-09T21:46:30.644" />
<gc-op id="2884" type="copy forward" timems="19.552" contextid="2880" timestamp="2019-08-09T21:46:30.665">
  <memory-copied type="eden" objects="5248" bytes="130240" bytesdiscarded="10443" />
  <memory-copied type="other" objects="25765" bytes="893112" bytesdiscarded="57533" />
  <memory-cardclean objects="41668" bytes="2082264" />
  <regions eden="11" other="13" />
  <remembered-set-cleared processed="11172" cleared="3517" durationms="0.263" />
  <stringconstants candidates="15173" cleared="0"  />
</gc-op>
<gc-op id="2885" type="classunload" timems="0.011" contextid="2880" timestamp="2019-08-09T21:46:30.665">
  <classunload-info classloadercandidates="55" classloadersunloaded="0" classesunloaded="0" anonymousclassesunloaded="0" quiescems="0.000" setupms="0.011" scanms="0.000" postms="0.000" />
</gc-op>
<heap-resize id="2886" type="contract" space="default" amount="8388608" count="1" timems="0.593" reason="excess free space following gc" timestamp="2019-08-09T21:46:30.666" />
<gc-end id="2887" type="partial gc" contextid="2880" durationms="24.692" usertimems="64.955" systemtimems="38.824" timestamp="2019-08-09T21:46:30.666" activeThreads="16">
  <mem-info id="2888" free="96468992" total="144703488" percent="66">
    <mem type="eden" free="1846312" total="2097152" percent="88" />
    <remembered-set count="23136" freebytes="6027776" totalbytes="6120320" percent="98" regionsoverflowed="0" regionsstable="7" regionsrebuilding="0"/>
  </mem-info>
</gc-end>
<cycle-end id="2889" type="partial gc" contextid="2880" timestamp="2019-08-09T21:46:30.666" />
  <attribute name="elasticGC enabled" value="1" />
  <attribute name= "numThreadsSpecified" value="16" />
  <attribute name="heapSize specified" value="0" />
  <attribute name="Current GC Util" value="101" />
  <attribute name= "Current Time Running" value="203732" />
  <attribute name ="GC Interval" value="0" />
  <attribute name="Target GC Util Change" value ="80.000000" />
  <attribute name="Current GC Util Change" value="101.000000"/>
  <attribute name="Current Error" value="-532.000000" />
  <attribute name="Output H" value="153167168"/>
  <attribute name="Output I" value="1400"/>
  <attribute name="Output T" value="16"/>
  <attribute name= "Current Time Running" value="203732" />
  <attribute name="GC Util currently" value="101" />
  <attribute name="CPU Util currently" value="755085669162" />
<exclusive-end id="2890" timestamp="2019-08-09T21:46:30.666" durationms="25.298" />

<exclusive-start id="2891" timestamp="2019-08-09T21:46:30.707" intervalms="66.213">
  <response-info timems="0.209" idlems="0.102" threads="3" lastid="000000000211A500" lastname="Thread-29" />
</exclusive-start>
<allocation-taxation id="2892" taxation-threshold="20971520" timestamp="2019-08-09T21:46:30.707" intervalms="66.218" />
<cycle-start id="2893" type="global mark phase" contextid="0" timestamp="2019-08-09T21:46:30.707" intervalms="314.726" />
<gc-start id="2894" type="global mark phase" contextid="2893" timestamp="2019-08-09T21:46:30.707">
  <mem-info id="2895" free="75497472" total="144703488" percent="52">
    <remembered-set count="23040" freebytes="6028160" totalbytes="6120320" percent="98" regionsoverflowed="0" regionsstable="7" regionsrebuilding="0"/>
  </mem-info>
</gc-start>
<gc-op id="2896" type="mark increment" timems="9.445" contextid="2893" timestamp="2019-08-09T21:46:30.717">
  <trace-info objectcount="102200" scancount="65498" scanbytes="2882328" />
</gc-op>
<gc-end id="2897" type="global mark phase" contextid="2893" durationms="9.502" usertimems="20.694" systemtimems="6.644" timestamp="2019-08-09T21:46:30.717" activeThreads="16">
  <mem-info id="2898" free="75497472" total="144703488" percent="52">
    <remembered-set count="27136" freebytes="6011776" totalbytes="6120320" percent="98" regionsoverflowed="0" regionsstable="0" regionsrebuilding="7"/>
  </mem-info>
</gc-end>
<concurrent-start id="2899" type="GMP work packet processing" contextid="2893" timestamp="2019-08-09T21:46:30.717">
  <concurrent-mark-start scanTarget="28709307" />
</concurrent-start>
<exclusive-end id="2900" timestamp="2019-08-09T21:46:30.717" durationms="9.916" />

<exclusive-start id="2901" timestamp="2019-08-09T21:46:30.806" intervalms="99.128">
  <response-info timems="2.249" idlems="2.249" threads="0" lastid="00000000020D3300" lastname="Thread-23" />
</exclusive-start>
<allocation-taxation id="2902" taxation-threshold="20971520" timestamp="2019-08-09T21:46:30.806" intervalms="99.119" />
<concurrent-end id="2903" type="GMP work packet processing" contextid="2893" timestamp="2019-08-09T21:46:30.807">
  <concurrent-mark-end bytesScanned="16739136" reasonForTermination="Termination requested" />
</concurrent-end>

<cycle-start id="2904" type="partial gc" contextid="0" timestamp="2019-08-09T21:46:30.807" intervalms="165.984" />
<gc-start id="2905" type="partial gc" contextid="2904" timestamp="2019-08-09T21:46:30.807">
  <mem-info id="2906" free="54525952" total="144703488" percent="37">
    <mem type="eden" free="0" total="41943040" percent="0" />
    <remembered-set count="130144" freebytes="5599744" totalbytes="6120320" percent="91" regionsoverflowed="0" regionsstable="0" regionsrebuilding="7"/>
  </mem-info>
</gc-start>
<allocation-stats totalBytes="41937872" >
  <allocated-bytes non-tlh="0" tlh="41937872" arrayletleaf="0"/>
  <largest-consumer threadName="Thread-27" threadId="00000000020DE700" bytes="2760448" />
</allocation-stats>
<gc-op id="2907" type="copy forward" timems="11.725" contextid="2904" timestamp="2019-08-09T21:46:30.820">
  <memory-copied type="eden" objects="24844" bytes="1013344" bytesdiscarded="67568" />
  <memory-copied type="other" objects="10156" bytes="265160" bytesdiscarded="8608" />
  <memory-cardclean objects="81375" bytes="2833264" />
  <regions eden="20" other="2" />
  <remembered-set-cleared processed="106021" cleared="7952" durationms="0.608" />
  <stringconstants candidates="15173" cleared="0"  />
</gc-op>
<gc-op id="2908" type="classunload" timems="0.012" contextid="2904" timestamp="2019-08-09T21:46:30.820">
  <classunload-info classloadercandidates="55" classloadersunloaded="0" classesunloaded="0" anonymousclassesunloaded="0" quiescems="0.000" setupms="0.011" scanms="0.000" postms="0.000" />
</gc-op>
<heap-resize id="2909" type="contract" space="default" amount="8388608" count="1" timems="0.332" reason="excess free space following gc" timestamp="2019-08-09T21:46:30.821" />
<gc-end id="2910" type="partial gc" contextid="2904" durationms="13.429" usertimems="27.481" systemtimems="19.227" timestamp="2019-08-09T21:46:30.821" activeThreads="16">
  <mem-info id="2911" free="85983232" total="136314880" percent="63">
    <mem type="eden" free="1016240" total="2097152" percent="48" />
    <remembered-set count="118848" freebytes="5309568" totalbytes="5784960" percent="91" regionsoverflowed="0" regionsstable="0" regionsrebuilding="7"/>
  </mem-info>
</gc-end>
<cycle-end id="2912" type="partial gc" contextid="2904" timestamp="2019-08-09T21:46:30.821" />
  <attribute name="elasticGC enabled" value="1" />
  <attribute name= "numThreadsSpecified" value="16" />
  <attribute name="heapSize specified" value="0" />
  <attribute name="Current GC Util" value="113" />
  <attribute name= "Current Time Running" value="203895" />
  <attribute name ="GC Interval" value="0" />
  <attribute name="Target GC Util Change" value ="80.000000" />
  <attribute name="Current GC Util Change" value="113.000000"/>
  <attribute name="Current Error" value="-629.000000" />
  <attribute name="Output H" value="144778448"/>
  <attribute name="Output I" value="1288"/>
  <attribute name="Output T" value="16"/>
  <attribute name= "Current Time Running" value="203895" />
  <attribute name="GC Util currently" value="113" />
  <attribute name="CPU Util currently" value="1235199288987" />
<exclusive-end id="2913" timestamp="2019-08-09T21:46:30.821" durationms="14.739" />

<exclusive-start id="2914" timestamp="2019-08-09T21:46:30.873" intervalms="66.822">
  <response-info timems="2.453" idlems="1.229" threads="1" lastid="0000000002134100" lastname="Thread-30" />
</exclusive-start>
<allocation-taxation id="2915" taxation-threshold="20971520" timestamp="2019-08-09T21:46:30.873" intervalms="66.828" />
<gc-start id="2916" type="global mark phase" contextid="2893" timestamp="2019-08-09T21:46:30.873">
  <mem-info id="2917" free="65011712" total="136314880" percent="47">
    <remembered-set count="118400" freebytes="5311360" totalbytes="5784960" percent="91" regionsoverflowed="0" regionsstable="0" regionsrebuilding="7"/>
  </mem-info>
</gc-start>
<gc-op id="2918" type="mark increment" timems="14.467" contextid="2893" timestamp="2019-08-09T21:46:30.888">
  <trace-info objectcount="24377" scancount="24377" scanbytes="1007188" />
  <cardclean-info objects="107623" bytes="3293444" />
  <finalization candidates="151" enqueued="0" />
  <ownableSynchronizers candidates="23" cleared="0" />
  <references type="soft" candidates="4924" cleared="0" enqueued="0" dynamicThreshold="20" maxThreshold="32" />
  <references type="weak" candidates="6292" cleared="0" enqueued="0" />
  <references type="phantom" candidates="835" cleared="0" enqueued="0" />
  <stringconstants candidates="15173" cleared="0"  />
</gc-op>
<gc-op id="2919" type="classunload" timems="0.011" contextid="2893" timestamp="2019-08-09T21:46:30.888">
  <classunload-info classloadercandidates="55" classloadersunloaded="0" classesunloaded="0" anonymousclassesunloaded="0" quiescems="0.000" setupms="0.011" scanms="0.000" postms="0.000" />
</gc-op>
<gc-end id="2920" type="global mark phase" contextid="2893" durationms="14.578" usertimems="20.600" systemtimems="18.057" timestamp="2019-08-09T21:46:30.888" activeThreads="16">
  <mem-info id="2921" free="65011712" total="136314880" percent="47">
    <remembered-set count="126080" freebytes="5280640" totalbytes="5784960" percent="91" regionsoverflowed="0" regionsstable="0" regionsrebuilding="0"/>
  </mem-info>
</gc-end>
<cycle-end id="2922" type="global mark phase" contextid="2893" timestamp="2019-08-09T21:46:30.888" />
  <attribute name="elasticGC enabled" value="1" />
  <attribute name= "numThreadsSpecified" value="16" />
  <attribute name="heapSize specified" value="0" />
  <attribute name="Current GC Util" value="178" />
  <attribute name= "Current Time Running" value="203967" />
  <attribute name ="GC Interval" value="0" />
  <attribute name="Target GC Util Change" value ="80.000000" />
  <attribute name="Current GC Util Change" value="178.000000"/>
  <attribute name="Current Error" value="-297.000000" />
  <attribute name="Output H" value="136390224"/>
  <attribute name="Output I" value="1672"/>
  <attribute name="Output T" value="16"/>
  <attribute name= "Current Time Running" value="203967" />
  <attribute name="GC Util currently" value="178" />
  <attribute name="CPU Util currently" value="265379277409" />
<exclusive-end id="2923" timestamp="2019-08-09T21:46:30.888" durationms="15.011" />

<exclusive-start id="2924" timestamp="2019-08-09T21:46:30.923" intervalms="50.069">
  <response-info timems="5.868" idlems="5.868" threads="0" lastid="0000000002100200" lastname="Thread-24" />
</exclusive-start>
<allocation-taxation id="2925" taxation-threshold="20971520" timestamp="2019-08-09T21:46:30.923" intervalms="50.073" />
<cycle-start id="2926" type="partial gc" contextid="0" timestamp="2019-08-09T21:46:30.923" intervalms="116.181" />
<gc-start id="2927" type="partial gc" contextid="2926" timestamp="2019-08-09T21:46:30.924">
  <mem-info id="2928" free="44040192" total="136314880" percent="32">
    <mem type="eden" free="0" total="41943040" percent="0" />
    <remembered-set count="24128" freebytes="5688448" totalbytes="5784960" percent="98" regionsoverflowed="0" regionsstable="7" regionsrebuilding="0"/>
  </mem-info>
</gc-start>
<allocation-stats totalBytes="41937352" >
  <allocated-bytes non-tlh="0" tlh="41937352" arrayletleaf="0"/>
  <largest-consumer threadName="Thread-32" threadId="00000000020FC600" bytes="2539216" />
</allocation-stats>
<gc-op id="2929" type="sweep" timems="2.755" contextid="2926" timestamp="2019-08-09T21:46:30.926" />
<gc-op id="2930" type="copy forward" timems="13.631" contextid="2926" timestamp="2019-08-09T21:46:30.942">
  <memory-copied type="eden" objects="10121" bytes="385128" bytesdiscarded="20394" />
  <memory-copied type="other" objects="32039" bytes="1318440" bytesdiscarded="151958" />
  <memory-cardclean objects="20198" bytes="990408" />
  <regions eden="10" other="12" />
  <remembered-set-cleared processed="16380" cleared="2585" durationms="0.123" />
  <stringconstants candidates="15173" cleared="0"  />
</gc-op>
<gc-op id="2931" type="classunload" timems="0.013" contextid="2926" timestamp="2019-08-09T21:46:30.942">
  <classunload-info classloadercandidates="55" classloadersunloaded="0" classesunloaded="0" anonymousclassesunloaded="0" quiescems="0.000" setupms="0.013" scanms="0.000" postms="0.000" />
</gc-op>
<gc-end id="2932" type="partial gc" contextid="2926" durationms="18.133" usertimems="21.184" systemtimems="26.059" timestamp="2019-08-09T21:46:30.942" activeThreads="16">
  <mem-info id="2933" free="83886080" total="136314880" percent="61">
    <mem type="eden" free="1321296" total="2097152" percent="63" />
    <remembered-set count="28384" freebytes="5336064" totalbytes="5449600" percent="97" regionsoverflowed="0" regionsstable="7" regionsrebuilding="0"/>
  </mem-info>
</gc-end>
<cycle-end id="2934" type="partial gc" contextid="2926" timestamp="2019-08-09T21:46:30.942" />
  <attribute name="elasticGC enabled" value="1" />
  <attribute name= "numThreadsSpecified" value="16" />
  <attribute name="heapSize specified" value="0" />
  <attribute name="Current GC Util" value="105" />
  <attribute name= "Current Time Running" value="204014" />
  <attribute name ="GC Interval" value="0" />
  <attribute name="Target GC Util Change" value ="80.000000" />
  <attribute name="Current GC Util Change" value="105.000000"/>
  <attribute name="Current Error" value="-378.000000" />
  <attribute name="Output H" value="136390128"/>
  <attribute name="Output I" value="1576"/>
  <attribute name="Output T" value="16"/>
  <attribute name= "Current Time Running" value="204014" />
  <attribute name="GC Util currently" value="105" />
  <attribute name="CPU Util currently" value="1085111712567" />
<exclusive-end id="2935" timestamp="2019-08-09T21:46:30.942" durationms="18.691" />

<exclusive-start id="2936" timestamp="2019-08-09T21:46:30.973" intervalms="49.259">
  <response-info timems="5.613" idlems="2.812" threads="1" lastid="00000000020D6F00" lastname="Thread-25" />
</exclusive-start>
<allocation-taxation id="2937" taxation-threshold="20971520" timestamp="2019-08-09T21:46:30.973" intervalms="49.265" />
<cycle-start id="2938" type="global mark phase" contextid="0" timestamp="2019-08-09T21:46:30.973" intervalms="265.278" />
<gc-start id="2939" type="global mark phase" contextid="2938" timestamp="2019-08-09T21:46:30.973">
  <mem-info id="2940" free="62914560" total="136314880" percent="46">
    <remembered-set count="28320" freebytes="5336320" totalbytes="5449600" percent="97" regionsoverflowed="0" regionsstable="7" regionsrebuilding="0"/>
  </mem-info>
</gc-start>
<gc-op id="2941" type="mark increment" timems="4.850" contextid="2938" timestamp="2019-08-09T21:46:30.978">
  <trace-info objectcount="84124" scancount="57475" scanbytes="2133108" />
</gc-op>
<gc-end id="2942" type="global mark phase" contextid="2938" durationms="4.929" usertimems="8.909" systemtimems="6.873" timestamp="2019-08-09T21:46:30.978" activeThreads="16">
  <mem-info id="2943" free="62914560" total="136314880" percent="46">
    <remembered-set count="37024" freebytes="5301504" totalbytes="5449600" percent="97" regionsoverflowed="0" regionsstable="0" regionsrebuilding="7"/>
  </mem-info>
</gc-end>
<concurrent-start id="2944" type="GMP work packet processing" contextid="2938" timestamp="2019-08-09T21:46:30.978">
  <concurrent-mark-start scanTarget="21089440" />
</concurrent-start>
<exclusive-end id="2945" timestamp="2019-08-09T21:46:30.978" durationms="5.242" />

<concurrent-end id="2946" type="GMP work packet processing" contextid="2938" timestamp="2019-08-09T21:46:31.006">
  <concurrent-mark-end bytesScanned="17390884" reasonForTermination="Completed all work in GC phase" />
</concurrent-end>

<exclusive-start id="2947" timestamp="2019-08-09T21:46:31.007" intervalms="34.641">
  <response-info timems="5.239" idlems="1.776" threads="2" lastid="000000000211A500" lastname="Thread-29" />
</exclusive-start>
<allocation-taxation id="2948" taxation-threshold="20971520" timestamp="2019-08-09T21:46:31.007" intervalms="34.652" />
<cycle-start id="2949" type="partial gc" contextid="0" timestamp="2019-08-09T21:46:31.007" intervalms="83.937" />
<gc-start id="2950" type="partial gc" contextid="2949" timestamp="2019-08-09T21:46:31.008">
  <mem-info id="2951" free="41943040" total="136314880" percent="30">
    <mem type="eden" free="0" total="41943040" percent="0" />
    <remembered-set count="140288" freebytes="4888448" totalbytes="5449600" percent="89" regionsoverflowed="0" regionsstable="0" regionsrebuilding="7"/>
  </mem-info>
</gc-start>
<allocation-stats totalBytes="41937544" >
  <allocated-bytes non-tlh="0" tlh="41937544" arrayletleaf="0"/>
  <largest-consumer threadName="Thread-33" threadId="00000000020E2300" bytes="3669688" />
</allocation-stats>
<gc-op id="2952" type="copy forward" timems="14.395" contextid="2949" timestamp="2019-08-09T21:46:31.023">
  <memory-copied type="eden" objects="14366" bytes="486976" bytesdiscarded="84520" />
  <memory-copied type="other" objects="18775" bytes="746768" bytesdiscarded="70648" />
  <memory-cardclean objects="20921" bytes="1040480" />
  <regions eden="20" other="2" />
  <remembered-set-cleared processed="130504" cleared="2545" durationms="0.551" />
  <stringconstants candidates="15173" cleared="0"  />
</gc-op>
<gc-op id="2953" type="classunload" timems="0.013" contextid="2949" timestamp="2019-08-09T21:46:31.023">
  <classunload-info classloadercandidates="55" classloadersunloaded="0" classesunloaded="0" anonymousclassesunloaded="0" quiescems="0.000" setupms="0.013" scanms="0.000" postms="0.000" />
</gc-op>
<heap-resize id="2954" type="expand" space="default" amount="6291456" count="1" timems="0.090" reason="excessive time being spent in gc" timestamp="2019-08-09T21:46:31.023" />
<gc-end id="2955" type="partial gc" contextid="2949" durationms="15.839" usertimems="29.111" systemtimems="19.205" timestamp="2019-08-09T21:46:31.023" activeThreads="16">
  <mem-info id="2956" free="85983232" total="142606336" percent="60">
    <mem type="eden" free="3622808" total="4194304" percent="86" />
    <remembered-set count="144576" freebytes="5122816" totalbytes="5701120" percent="89" regionsoverflowed="0" regionsstable="0" regionsrebuilding="7"/>
  </mem-info>
</gc-end>
<cycle-end id="2957" type="partial gc" contextid="2949" timestamp="2019-08-09T21:46:31.023" />
  <attribute name="elasticGC enabled" value="1" />
  <attribute name= "numThreadsSpecified" value="16" />
  <attribute name="heapSize specified" value="0" />
  <attribute name="Current GC Util" value="118" />
  <attribute name= "Current Time Running" value="204095" />
  <attribute name ="GC Interval" value="0" />
  <attribute name="Target GC Util Change" value ="80.000000" />
  <attribute name="Current GC Util Change" value="118.000000"/>
  <attribute name="Current Error" value="-880.000000" />
  <attribute name="Output H" value="136389544"/>
  <attribute name="Output I" value="992"/>
  <attribute name="Output T" value="16"/>
  <attribute name= "Current Time Running" value="204095" />
  <attribute name="GC Util currently" value="118" />
  <attribute name="CPU Util currently" value="1267990277338" />
<exclusive-end id="2958" timestamp="2019-08-09T21:46:31.024" durationms="16.423" />

<exclusive-start id="2959" timestamp="2019-08-09T21:46:31.056" intervalms="48.820">
  <response-info timems="6.404" idlems="0.843" threads="9" lastid="00000000020D3300" lastname="Thread-23" />
</exclusive-start>
<allocation-taxation id="2960" taxation-threshold="20971520" timestamp="2019-08-09T21:46:31.056" intervalms="48.837" />
<gc-start id="2961" type="global mark phase" contextid="2938" timestamp="2019-08-09T21:46:31.056">
  <mem-info id="2962" free="65011712" total="142606336" percent="45">
    <remembered-set count="144256" freebytes="5124096" totalbytes="5701120" percent="89" regionsoverflowed="0" regionsstable="0" regionsrebuilding="7"/>
  </mem-info>
</gc-start>
<gc-op id="2963" type="mark increment" timems="8.344" contextid="2938" timestamp="2019-08-09T21:46:31.065">
  <trace-info objectcount="19444" scancount="19442" scanbytes="751256" />
  <cardclean-info objects="27570" bytes="1340488" />
  <finalization candidates="151" enqueued="0" />
  <ownableSynchronizers candidates="23" cleared="0" />
  <references type="soft" candidates="4924" cleared="0" enqueued="0" dynamicThreshold="19" maxThreshold="32" />
  <references type="weak" candidates="6292" cleared="0" enqueued="0" />
  <references type="phantom" candidates="835" cleared="0" enqueued="0" />
  <stringconstants candidates="15173" cleared="0"  />
</gc-op>
<gc-op id="2964" type="classunload" timems="0.011" contextid="2938" timestamp="2019-08-09T21:46:31.065">
  <classunload-info classloadercandidates="55" classloadersunloaded="0" classesunloaded="0" anonymousclassesunloaded="0" quiescems="0.000" setupms="0.011" scanms="0.000" postms="0.000" />
</gc-op>
<gc-end id="2965" type="global mark phase" contextid="2938" durationms="8.465" usertimems="14.891" systemtimems="5.695" timestamp="2019-08-09T21:46:31.065" activeThreads="16">
  <mem-info id="2966" free="65011712" total="142606336" percent="45">
    <remembered-set count="145792" freebytes="5117952" totalbytes="5701120" percent="89" regionsoverflowed="0" regionsstable="0" regionsrebuilding="0"/>
  </mem-info>
</gc-end>
<cycle-end id="2967" type="global mark phase" contextid="2938" timestamp="2019-08-09T21:46:31.065" />
  <attribute name="elasticGC enabled" value="1" />
  <attribute name= "numThreadsSpecified" value="16" />
  <attribute name="heapSize specified" value="0" />
  <attribute name="Current GC Util" value="271" />
  <attribute name= "Current Time Running" value="204146" />
  <attribute name ="GC Interval" value="0" />
  <attribute name="Target GC Util Change" value ="80.000000" />
  <attribute name="Current GC Util Change" value="271.000000"/>
  <attribute name="Current Error" value="-364.000000" />
  <attribute name="Output H" value="142681600"/>
  <attribute name="Output I" value="1592"/>
  <attribute name="Output T" value="16"/>
  <attribute name= "Current Time Running" value="204146" />
  <attribute name="GC Util currently" value="271" />
  <attribute name="CPU Util currently" value="631289466426" />
<exclusive-end id="2968" timestamp="2019-08-09T21:46:31.067" durationms="10.918" />

<exclusive-start id="2969" timestamp="2019-08-09T21:46:31.079" intervalms="23.375">
  <response-info timems="0.536" idlems="0.190" threads="2" lastid="00000000020E9B00" lastname="Thread-34" />
</exclusive-start>
<allocation-taxation id="2970" taxation-threshold="20971520" timestamp="2019-08-09T21:46:31.080" intervalms="23.402" />
<cycle-start id="2971" type="partial gc" contextid="0" timestamp="2019-08-09T21:46:31.080" intervalms="72.270" />
<gc-start id="2972" type="partial gc" contextid="2971" timestamp="2019-08-09T21:46:31.080">
  <mem-info id="2973" free="44040192" total="142606336" percent="30">
    <mem type="eden" free="0" total="41943040" percent="0" />
    <remembered-set count="29728" freebytes="5582208" totalbytes="5701120" percent="97" regionsoverflowed="0" regionsstable="7" regionsrebuilding="0"/>
  </mem-info>
</gc-start>
<allocation-stats totalBytes="41937408" >
  <allocated-bytes non-tlh="0" tlh="41937408" arrayletleaf="0"/>
  <largest-consumer threadName="Thread-30" threadId="0000000002134100" bytes="2490120" />
</allocation-stats>
<gc-op id="2974" type="sweep" timems="2.263" contextid="2971" timestamp="2019-08-09T21:46:31.082" />
<gc-op id="2975" type="copy forward" timems="12.711" contextid="2971" timestamp="2019-08-09T21:46:31.096">
  <memory-copied type="eden" objects="9475" bytes="370024" bytesdiscarded="32499" />
  <memory-copied type="other" objects="24480" bytes="862272" bytesdiscarded="94917" />
  <memory-cardclean objects="22539" bytes="1135080" />
  <regions eden="10" other="13" />
  <remembered-set-cleared processed="19515" cleared="2474" durationms="0.139" />
  <stringconstants candidates="15173" cleared="0"  />
</gc-op>
<gc-op id="2976" type="classunload" timems="0.011" contextid="2971" timestamp="2019-08-09T21:46:31.096">
  <classunload-info classloadercandidates="55" classloadersunloaded="0" classesunloaded="0" anonymousclassesunloaded="0" quiescems="0.000" setupms="0.011" scanms="0.000" postms="0.000" />
</gc-op>
<gc-end id="2977" type="partial gc" contextid="2971" durationms="16.262" usertimems="33.296" systemtimems="24.774" timestamp="2019-08-09T21:46:31.096" activeThreads="16">
  <mem-info id="2978" free="85983232" total="142606336" percent="60">
    <mem type="eden" free="1265400" total="2097152" percent="60" />
    <remembered-set count="30560" freebytes="5578880" totalbytes="5701120" percent="97" regionsoverflowed="0" regionsstable="7" regionsrebuilding="0"/>
  </mem-info>
</gc-end>
<cycle-end id="2979" type="partial gc" contextid="2971" timestamp="2019-08-09T21:46:31.096" />
  <attribute name="elasticGC enabled" value="1" />
  <attribute name= "numThreadsSpecified" value="16" />
  <attribute name="heapSize specified" value="0" />
  <attribute name="Current GC Util" value="166" />
  <attribute name= "Current Time Running" value="204170" />
  <attribute name ="GC Interval" value="0" />
  <attribute name="Target GC Util Change" value ="80.000000" />
  <attribute name="Current GC Util Change" value="166.000000"/>
  <attribute name="Current Error" value="-554.000000" />
  <attribute name="Output H" value="142681384"/>
  <attribute name="Output I" value="1376"/>
  <attribute name="Output T" value="16"/>
  <attribute name= "Current Time Running" value="204170" />
  <attribute name="GC Util currently" value="166" />
  <attribute name="CPU Util currently" value="1872069398257" />
<exclusive-end id="2980" timestamp="2019-08-09T21:46:31.096" durationms="16.951" />

<exclusive-start id="2981" timestamp="2019-08-09T21:46:31.111" intervalms="31.759">
  <response-info timems="0.879" idlems="0.879" threads="0" lastid="0000000002112D00" lastname="Thread-35" />
</exclusive-start>
<allocation-taxation id="2982" taxation-threshold="20971520" timestamp="2019-08-09T21:46:31.111" intervalms="31.690" />
<cycle-start id="2983" type="global mark phase" contextid="0" timestamp="2019-08-09T21:46:31.111" intervalms="138.792" />
<gc-start id="2984" type="global mark phase" contextid="2983" timestamp="2019-08-09T21:46:31.111">
  <mem-info id="2985" free="65011712" total="142606336" percent="45">
    <remembered-set count="30496" freebytes="5579136" totalbytes="5701120" percent="97" regionsoverflowed="0" regionsstable="7" regionsrebuilding="0"/>
  </mem-info>
</gc-start>
<gc-op id="2986" type="mark increment" timems="4.989" contextid="2983" timestamp="2019-08-09T21:46:31.116">
  <trace-info objectcount="158445" scancount="123424" scanbytes="5239748" />
</gc-op>
<gc-end id="2987" type="global mark phase" contextid="2983" durationms="5.035" usertimems="14.812" systemtimems="8.507" timestamp="2019-08-09T21:46:31.117" activeThreads="16">
  <mem-info id="2988" free="65011712" total="142606336" percent="45">
    <remembered-set count="41248" freebytes="5536128" totalbytes="5701120" percent="97" regionsoverflowed="0" regionsstable="0" regionsrebuilding="7"/>
  </mem-info>
</gc-end>
<concurrent-start id="2989" type="GMP work packet processing" contextid="2983" timestamp="2019-08-09T21:46:31.117">
  <concurrent-mark-start scanTarget="19607662" />
</concurrent-start>
<exclusive-end id="2990" timestamp="2019-08-09T21:46:31.117" durationms="5.530" />

<concurrent-end id="2991" type="GMP work packet processing" contextid="2983" timestamp="2019-08-09T21:46:31.161">
  <concurrent-mark-end bytesScanned="14141140" reasonForTermination="Completed all work in GC phase" />
</concurrent-end>

<exclusive-start id="2992" timestamp="2019-08-09T21:46:31.169" intervalms="58.238">
  <response-info timems="0.427" idlems="0.235" threads="2" lastid="0000000002100200" lastname="Thread-24" />
</exclusive-start>
<allocation-taxation id="2993" taxation-threshold="20971520" timestamp="2019-08-09T21:46:31.169" intervalms="58.250" />
<cycle-start id="2994" type="partial gc" contextid="0" timestamp="2019-08-09T21:46:31.170" intervalms="89.972" />
<gc-start id="2995" type="partial gc" contextid="2994" timestamp="2019-08-09T21:46:31.170">
  <mem-info id="2996" free="44040192" total="142606336" percent="30">
    <mem type="eden" free="0" total="41943040" percent="0" />
    <remembered-set count="141120" freebytes="5136640" totalbytes="5701120" percent="90" regionsoverflowed="0" regionsstable="0" regionsrebuilding="7"/>
  </mem-info>
</gc-start>
<allocation-stats totalBytes="41937376" >
  <allocated-bytes non-tlh="0" tlh="41937376" arrayletleaf="0"/>
  <largest-consumer threadName="Thread-31" threadId="000000000210F200" bytes="3440216" />
</allocation-stats>
<gc-op id="2997" type="copy forward" timems="10.525" contextid="2994" timestamp="2019-08-09T21:46:31.181">
  <memory-copied type="eden" objects="14480" bytes="490536" bytesdiscarded="85584" />
  <memory-copied type="other" objects="19841" bytes="772352" bytesdiscarded="98048" />
  <memory-cardclean objects="24495" bytes="1213616" />
  <regions eden="20" other="2" />
  <remembered-set-cleared processed="129700" cleared="2560" durationms="0.582" />
  <stringconstants candidates="15173" cleared="0"  />
</gc-op>
<gc-op id="2998" type="classunload" timems="0.010" contextid="2994" timestamp="2019-08-09T21:46:31.181">
  <classunload-info classloadercandidates="55" classloadersunloaded="0" classesunloaded="0" anonymousclassesunloaded="0" quiescems="0.000" setupms="0.010" scanms="0.000" postms="0.000" />
</gc-op>
<heap-resize id="2999" type="expand" space="default" amount="4194304" count="1" timems="0.056" reason="excessive time being spent in gc" timestamp="2019-08-09T21:46:31.181" />
<gc-end id="3000" type="partial gc" contextid="2994" durationms="11.640" usertimems="13.875" systemtimems="19.203" timestamp="2019-08-09T21:46:31.181" activeThreads="16">
  <mem-info id="3001" free="88080384" total="146800640" percent="60">
    <mem type="eden" free="1521032" total="2097152" percent="72" />
    <remembered-set count="143776" freebytes="5293696" totalbytes="5868800" percent="90" regionsoverflowed="0" regionsstable="0" regionsrebuilding="7"/>
  </mem-info>
</gc-end>
<cycle-end id="3002" type="partial gc" contextid="2994" timestamp="2019-08-09T21:46:31.182" />
  <attribute name="elasticGC enabled" value="1" />
  <attribute name= "numThreadsSpecified" value="16" />
  <attribute name="heapSize specified" value="0" />
  <attribute name="Current GC Util" value="134" />
  <attribute name= "Current Time Running" value="204257" />
  <attribute name ="GC Interval" value="0" />
  <attribute name="Target GC Util Change" value ="80.000000" />
  <attribute name="Current GC Util Change" value="134.000000"/>
  <attribute name="Current Error" value="-1323.000000" />
  <attribute name="Output H" value="142680496"/>
  <attribute name="Output I" value="488"/>
  <attribute name="Output T" value="16"/>
  <attribute name= "Current Time Running" value="204257" />
  <attribute name="GC Util currently" value="134" />
  <attribute name="CPU Util currently" value="1856009300411" />
<exclusive-end id="3003" timestamp="2019-08-09T21:46:31.182" durationms="12.320" />

<exclusive-start id="3004" timestamp="2019-08-09T21:46:31.195" intervalms="25.746">
  <response-info timems="0.345" idlems="0.175" threads="1" lastid="00000000020F8A00" lastname="Thread-26" />
</exclusive-start>
<allocation-taxation id="3005" taxation-threshold="20971520" timestamp="2019-08-09T21:46:31.195" intervalms="25.733" />
<gc-start id="3006" type="global mark phase" contextid="2983" timestamp="2019-08-09T21:46:31.195">
  <mem-info id="3007" free="67108864" total="146800640" percent="45">
    <remembered-set count="143776" freebytes="5293696" totalbytes="5868800" percent="90" regionsoverflowed="0" regionsstable="0" regionsrebuilding="7"/>
  </mem-info>
</gc-start>
<gc-op id="3008" type="mark increment" timems="9.017" contextid="2983" timestamp="2019-08-09T21:46:31.204">
  <trace-info objectcount="14063" scancount="14063" scanbytes="485092" />
  <cardclean-info objects="28438" bytes="1379320" />
  <finalization candidates="151" enqueued="0" />
  <ownableSynchronizers candidates="23" cleared="0" />
  <references type="soft" candidates="4924" cleared="21" enqueued="21" dynamicThreshold="19" maxThreshold="32" />
  <references type="weak" candidates="6292" cleared="0" enqueued="0" />
  <references type="phantom" candidates="835" cleared="0" enqueued="0" />
  <stringconstants candidates="15173" cleared="0"  />
</gc-op>
<gc-op id="3009" type="classunload" timems="0.010" contextid="2983" timestamp="2019-08-09T21:46:31.204">
  <classunload-info classloadercandidates="55" classloadersunloaded="0" classesunloaded="0" anonymousclassesunloaded="0" quiescems="0.000" setupms="0.010" scanms="0.000" postms="0.000" />
</gc-op>
<gc-end id="3010" type="global mark phase" contextid="2983" durationms="9.137" usertimems="25.776" systemtimems="0.000" timestamp="2019-08-09T21:46:31.204" activeThreads="16">
  <mem-info id="3011" free="67108864" total="146800640" percent="45">
    <pending-finalizers system="0" default="0" reference="21" classloader="0" />
    <remembered-set count="145312" freebytes="5287552" totalbytes="5868800" percent="90" regionsoverflowed="0" regionsstable="0" regionsrebuilding="0"/>
  </mem-info>
</gc-end>
<cycle-end id="3012" type="global mark phase" contextid="2983" timestamp="2019-08-09T21:46:31.204" />
  <attribute name="elasticGC enabled" value="1" />
  <attribute name= "numThreadsSpecified" value="16" />
  <attribute name="heapSize specified" value="0" />
  <attribute name="Current GC Util" value="137" />
  <attribute name= "Current Time Running" value="204285" />
  <attribute name ="GC Interval" value="0" />
  <attribute name="Target GC Util Change" value ="80.000000" />
  <attribute name="Current GC Util Change" value="137.000000"/>
  <attribute name="Current Error" value="-300.000000" />
  <attribute name="Output H" value="146875976"/>
  <attribute name="Output I" value="1664"/>
  <attribute name="Output T" value="16"/>
  <attribute name= "Current Time Running" value="204285" />
  <attribute name="GC Util currently" value="137" />
  <attribute name="CPU Util currently" value="641576563448" />
<exclusive-end id="3013" timestamp="2019-08-09T21:46:31.205" durationms="9.462" />

<exclusive-start id="3014" timestamp="2019-08-09T21:46:31.219" intervalms="23.578">
  <response-info timems="0.878" idlems="0.878" threads="0" lastid="00000000020FC600" lastname="Thread-32" />
</exclusive-start>
<allocation-taxation id="3015" taxation-threshold="20971520" timestamp="2019-08-09T21:46:31.219" intervalms="23.658" />
<cycle-start id="3016" type="partial gc" contextid="0" timestamp="2019-08-09T21:46:31.219" intervalms="49.375" />
<gc-start id="3017" type="partial gc" contextid="3016" timestamp="2019-08-09T21:46:31.219">
  <mem-info id="3018" free="46137344" total="146800640" percent="31">
    <mem type="eden" free="0" total="41943040" percent="0" />
    <remembered-set count="33568" freebytes="5734528" totalbytes="5868800" percent="97" regionsoverflowed="0" regionsstable="7" regionsrebuilding="0"/>
  </mem-info>
</gc-start>
<allocation-stats totalBytes="41937384" >
  <allocated-bytes non-tlh="0" tlh="41937384" arrayletleaf="0"/>
  <largest-consumer threadName="Thread-36" threadId="00000000020E5F00" bytes="3276472" />
</allocation-stats>
<gc-op id="3019" type="sweep" timems="2.394" contextid="3016" timestamp="2019-08-09T21:46:31.222" />
<gc-op id="3020" type="copy forward" timems="16.696" contextid="3016" timestamp="2019-08-09T21:46:31.239">
  <memory-copied type="eden" objects="4345" bytes="110152" bytesdiscarded="5954" />
  <memory-copied type="other" objects="21474" bytes="790128" bytesdiscarded="55870" />
  <memory-cardclean objects="21987" bytes="1062736" />
  <regions eden="10" other="12" />
  <remembered-set-cleared processed="23076" cleared="5603" durationms="0.201" />
  <stringconstants candidates="15173" cleared="0"  />
</gc-op>
<gc-op id="3021" type="classunload" timems="0.012" contextid="3016" timestamp="2019-08-09T21:46:31.239">
  <classunload-info classloadercandidates="55" classloadersunloaded="0" classesunloaded="0" anonymousclassesunloaded="0" quiescems="0.000" setupms="0.012" scanms="0.000" postms="0.000" />
</gc-op>
<heap-resize id="3022" type="expand" space="default" amount="10485760" count="1" timems="0.069" reason="excessive time being spent in gc" timestamp="2019-08-09T21:46:31.240" />
<gc-end id="3023" type="partial gc" contextid="3016" durationms="20.509" usertimems="52.718" systemtimems="10.214" timestamp="2019-08-09T21:46:31.240" activeThreads="16">
  <mem-info id="3024" free="94371840" total="157286400" percent="60">
    <mem type="eden" free="3696408" total="4194304" percent="88" />
    <remembered-set count="30432" freebytes="6166272" totalbytes="6288000" percent="98" regionsoverflowed="0" regionsstable="7" regionsrebuilding="0"/>
  </mem-info>
</gc-end>
<cycle-end id="3025" type="partial gc" contextid="3016" timestamp="2019-08-09T21:46:31.240" />
  <attribute name="elasticGC enabled" value="1" />
  <attribute name= "numThreadsSpecified" value="16" />
  <attribute name="heapSize specified" value="0" />
  <attribute name="Current GC Util" value="139" />
  <attribute name= "Current Time Running" value="204309" />
  <attribute name ="GC Interval" value="0" />
  <attribute name="Target GC Util Change" value ="80.000000" />
  <attribute name="Current GC Util Change" value="139.000000"/>
  <attribute name="Current Error" value="-473.000000" />
  <attribute name="Output H" value="146875776"/>
  <attribute name="Output I" value="1464"/>
  <attribute name="Output T" value="16"/>
  <attribute name= "Current Time Running" value="204309" />
  <attribute name="GC Util currently" value="139" />
  <attribute name="CPU Util currently" value="1850652628076" />
<exclusive-end id="3026" timestamp="2019-08-09T21:46:31.240" durationms="21.269" />

<exclusive-start id="3027" timestamp="2019-08-09T21:46:31.254" intervalms="35.217">
  <response-info timems="0.383" idlems="0.376" threads="1" lastid="0000000002134100" lastname="Thread-30" />
</exclusive-start>
<allocation-taxation id="3028" taxation-threshold="23068672" timestamp="2019-08-09T21:46:31.254" intervalms="35.140" />
<cycle-start id="3029" type="global mark phase" contextid="0" timestamp="2019-08-09T21:46:31.254" intervalms="142.570" />
<gc-start id="3030" type="global mark phase" contextid="3029" timestamp="2019-08-09T21:46:31.254">
  <mem-info id="3031" free="71303168" total="157286400" percent="45">
    <remembered-set count="30400" freebytes="6166400" totalbytes="6288000" percent="98" regionsoverflowed="0" regionsstable="7" regionsrebuilding="0"/>
  </mem-info>
</gc-start>
<gc-op id="3032" type="mark increment" timems="4.453" contextid="3029" timestamp="2019-08-09T21:46:31.259">
  <trace-info objectcount="66584" scancount="46811" scanbytes="2105276" />
</gc-op>
<gc-end id="3033" type="global mark phase" contextid="3029" durationms="4.495" usertimems="13.461" systemtimems="0.000" timestamp="2019-08-09T21:46:31.259" activeThreads="16">
  <mem-info id="3034" free="71303168" total="157286400" percent="45">
    <remembered-set count="33472" freebytes="6154112" totalbytes="6288000" percent="97" regionsoverflowed="0" regionsstable="0" regionsrebuilding="7"/>
  </mem-info>
</gc-end>
<concurrent-start id="3035" type="GMP work packet processing" contextid="3029" timestamp="2019-08-09T21:46:31.259">
  <concurrent-mark-start scanTarget="22836067" />
</concurrent-start>
<exclusive-end id="3036" timestamp="2019-08-09T21:46:31.259" durationms="5.057" />

<exclusive-start id="3037" timestamp="2019-08-09T21:46:31.294" intervalms="40.046">
  <response-info timems="3.004" idlems="3.004" threads="0" lastid="00000000020D6F00" lastname="Thread-25" />
</exclusive-start>
<allocation-taxation id="3038" taxation-threshold="23068672" timestamp="2019-08-09T21:46:31.294" intervalms="40.127" />
<concurrent-end id="3039" type="GMP work packet processing" contextid="3029" timestamp="2019-08-09T21:46:31.295">
  <concurrent-mark-end bytesScanned="17333756" reasonForTermination="Termination requested" />
</concurrent-end>

<cycle-start id="3040" type="partial gc" contextid="0" timestamp="2019-08-09T21:46:31.295" intervalms="76.216" />
<gc-start id="3041" type="partial gc" contextid="3040" timestamp="2019-08-09T21:46:31.295">
  <mem-info id="3042" free="48234496" total="157286400" percent="30">
    <mem type="eden" free="0" total="46137344" percent="0" />
    <remembered-set count="143232" freebytes="5715072" totalbytes="6288000" percent="90" regionsoverflowed="0" regionsstable="0" regionsrebuilding="7"/>
  </mem-info>
</gc-start>
<allocation-stats totalBytes="46131648" >
  <allocated-bytes non-tlh="0" tlh="46131648" arrayletleaf="0"/>
  <largest-consumer threadName="Thread-30" threadId="0000000002134100" bytes="3538480" />
</allocation-stats>
<gc-op id="3043" type="copy forward" timems="19.127" contextid="3040" timestamp="2019-08-09T21:46:31.315">
  <memory-copied type="eden" objects="26130" bytes="907600" bytesdiscarded="74632" />
  <memory-copied type="other" objects="12586" bytes="439936" bytesdiscarded="54648" />
  <memory-cardclean objects="24463" bytes="1205760" />
  <regions eden="22" other="3" />
  <remembered-set-cleared processed="134055" cleared="2589" durationms="0.762" />
  <stringconstants candidates="15173" cleared="0"  />
</gc-op>
<gc-op id="3044" type="classunload" timems="0.012" contextid="3040" timestamp="2019-08-09T21:46:31.315">
  <classunload-info classloadercandidates="55" classloadersunloaded="0" classesunloaded="0" anonymousclassesunloaded="0" quiescems="0.000" setupms="0.012" scanms="0.000" postms="0.000" />
</gc-op>
<gc-end id="3045" type="partial gc" contextid="3040" durationms="20.205" usertimems="45.551" systemtimems="21.930" timestamp="2019-08-09T21:46:31.316" activeThreads="16">
  <mem-info id="3046" free="94371840" total="157286400" percent="60">
    <mem type="eden" free="1114920" total="2097152" percent="53" />
    <remembered-set count="146336" freebytes="5702656" totalbytes="6288000" percent="90" regionsoverflowed="0" regionsstable="0" regionsrebuilding="7"/>
  </mem-info>
</gc-end>
<cycle-end id="3047" type="partial gc" contextid="3040" timestamp="2019-08-09T21:46:31.316" />
  <attribute name="elasticGC enabled" value="1" />
  <attribute name= "numThreadsSpecified" value="16" />
  <attribute name="heapSize specified" value="0" />
  <attribute name="Current GC Util" value="132" />
  <attribute name= "Current Time Running" value="204383" />
  <attribute name ="GC Interval" value="0" />
  <attribute name="Target GC Util Change" value ="80.000000" />
  <attribute name="Current GC Util Change" value="132.000000"/>
  <attribute name="Current Error" value="-837.000000" />
  <attribute name="Output H" value="157361120"/>
  <attribute name="Output I" value="1048"/>
  <attribute name="Output T" value="16"/>
  <attribute name= "Current Time Running" value="204383" />
  <attribute name="GC Util currently" value="132" />
  <attribute name="CPU Util currently" value="1860360841035" />
<concurrent-start id="3048" type="GMP work packet processing" contextid="3029" timestamp="2019-08-09T21:46:31.316">
  <concurrent-mark-start scanTarget="5502311" />
</concurrent-start>
<exclusive-end id="3049" timestamp="2019-08-09T21:46:31.316" durationms="21.880" />

<exclusive-start id="3050" timestamp="2019-08-09T21:46:31.330" intervalms="35.691">
  <response-info timems="0.529" idlems="0.307" threads="1" lastid="00000000020E9B00" lastname="Thread-34" />
</exclusive-start>
<allocation-taxation id="3051" taxation-threshold="23068672" timestamp="2019-08-09T21:46:31.330" intervalms="35.622" />
<concurrent-end id="3052" type="GMP work packet processing" contextid="3029" timestamp="2019-08-09T21:46:31.331">
  <concurrent-mark-end bytesScanned="0" reasonForTermination="Termination requested" />
</concurrent-end>

<gc-start id="3053" type="global mark phase" contextid="3029" timestamp="2019-08-09T21:46:31.331">
  <mem-info id="3054" free="71303168" total="157286400" percent="45">
    <remembered-set count="145984" freebytes="5704064" totalbytes="6288000" percent="90" regionsoverflowed="0" regionsstable="0" regionsrebuilding="7"/>
  </mem-info>
</gc-start>
<gc-op id="3055" type="mark increment" timems="3.063" contextid="3029" timestamp="2019-08-09T21:46:31.334">
  <trace-info objectcount="0" scancount="0" scanbytes="0" />
</gc-op>
<gc-end id="3056" type="global mark phase" contextid="3029" durationms="3.100" usertimems="8.130" systemtimems="1.066" timestamp="2019-08-09T21:46:31.334" activeThreads="16">
  <mem-info id="3057" free="71303168" total="157286400" percent="45">
    <remembered-set count="145984" freebytes="5704064" totalbytes="6288000" percent="90" regionsoverflowed="0" regionsstable="0" regionsrebuilding="7"/>
  </mem-info>
</gc-end>
<exclusive-end id="3058" timestamp="2019-08-09T21:46:31.334" durationms="4.393" />

<exclusive-start id="3059" timestamp="2019-08-09T21:46:31.349" intervalms="19.205">
  <response-info timems="0.215" idlems="0.122" threads="1" lastid="0000000002100200" lastname="Thread-24" />
</exclusive-start>
<allocation-taxation id="3060" taxation-threshold="23068672" timestamp="2019-08-09T21:46:31.349" intervalms="19.196" />
<cycle-start id="3061" type="partial gc" contextid="0" timestamp="2019-08-09T21:46:31.349" intervalms="53.813" />
<gc-start id="3062" type="partial gc" contextid="3061" timestamp="2019-08-09T21:46:31.349">
  <mem-info id="3063" free="48234496" total="157286400" percent="30">
    <mem type="eden" free="0" total="46137344" percent="0" />
    <remembered-set count="145984" freebytes="5704064" totalbytes="6288000" percent="90" regionsoverflowed="0" regionsstable="0" regionsrebuilding="7"/>
  </mem-info>
</gc-start>
<allocation-stats totalBytes="46131544" >
  <allocated-bytes non-tlh="0" tlh="46131544" arrayletleaf="0"/>
  <largest-consumer threadName="Thread-23" threadId="00000000020D3300" bytes="3137208" />
</allocation-stats>
<gc-op id="3064" type="copy forward" timems="15.307" contextid="3061" timestamp="2019-08-09T21:46:31.366">
  <memory-copied type="eden" objects="27948" bytes="950496" bytesdiscarded="78328" />
  <memory-copied type="other" objects="25414" bytes="884688" bytesdiscarded="89936" />
  <memory-cardclean objects="30132" bytes="1486512" />
  <regions eden="22" other="2" />
  <remembered-set-cleared processed="135099" cleared="7232" durationms="0.810" />
  <stringconstants candidates="15173" cleared="0"  />
</gc-op>
<gc-op id="3065" type="classunload" timems="0.012" contextid="3061" timestamp="2019-08-09T21:46:31.366">
  <classunload-info classloadercandidates="55" classloadersunloaded="0" classesunloaded="0" anonymousclassesunloaded="0" quiescems="0.000" setupms="0.012" scanms="0.000" postms="0.000" />
</gc-op>
<heap-resize id="3066" type="expand" space="default" amount="6291456" count="1" timems="0.064" reason="excessive time being spent in gc" timestamp="2019-08-09T21:46:31.366" />
<gc-end id="3067" type="partial gc" contextid="3061" durationms="16.772" usertimems="56.318" systemtimems="0.000" timestamp="2019-08-09T21:46:31.366" activeThreads="16">
  <mem-info id="3068" free="98566144" total="163577856" percent="60">
    <mem type="eden" free="1068328" total="2097152" percent="50" />
    <remembered-set count="144672" freebytes="5960832" totalbytes="6539520" percent="91" regionsoverflowed="0" regionsstable="0" regionsrebuilding="7"/>
  </mem-info>
</gc-end>
<cycle-end id="3069" type="partial gc" contextid="3061" timestamp="2019-08-09T21:46:31.366" />
  <attribute name="elasticGC enabled" value="1" />
  <attribute name= "numThreadsSpecified" value="16" />
  <attribute name="heapSize specified" value="0" />
  <attribute name="Current GC Util" value="125" />
  <attribute name= "Current Time Running" value="204437" />
  <attribute name ="GC Interval" value="0" />
  <attribute name="Target GC Util Change" value ="80.000000" />
  <attribute name="Current GC Util Change" value="125.000000"/>
  <attribute name="Current Error" value="-242.000000" />
  <attribute name="Output H" value="157361808"/>
  <attribute name="Output I" value="1736"/>
  <attribute name="Output T" value="16"/>
  <attribute name= "Current Time Running" value="204437" />
  <attribute name="GC Util currently" value="125" />
  <attribute name="CPU Util currently" value="1255209718717" />
<exclusive-end id="3070" timestamp="2019-08-09T21:46:31.366" durationms="17.306" />

<exclusive-start id="3071" timestamp="2019-08-09T21:46:31.383" intervalms="33.984">
  <response-info timems="0.506" idlems="0.311" threads="5" lastid="0000000002100200" lastname="Thread-24" />
</exclusive-start>
<allocation-taxation id="3072" taxation-threshold="23068672" timestamp="2019-08-09T21:46:31.383" intervalms="33.988" />
<gc-start id="3073" type="global mark phase" contextid="3029" timestamp="2019-08-09T21:46:31.383">
  <mem-info id="3074" free="75497472" total="163577856" percent="46">
    <remembered-set count="144192" freebytes="5962752" totalbytes="6539520" percent="91" regionsoverflowed="0" regionsstable="0" regionsrebuilding="7"/>
  </mem-info>
</gc-start>
<gc-op id="3075" type="mark increment" timems="9.377" contextid="3029" timestamp="2019-08-09T21:46:31.392">
  <trace-info objectcount="57742" scancount="57742" scanbytes="2086440" />
  <cardclean-info objects="40105" bytes="1982864" />
  <finalization candidates="151" enqueued="0" />
  <ownableSynchronizers candidates="23" cleared="0" />
  <references type="soft" candidates="4903" cleared="347" enqueued="347" dynamicThreshold="19" maxThreshold="32" />
  <references type="weak" candidates="6292" cleared="0" enqueued="0" />
  <references type="phantom" candidates="835" cleared="0" enqueued="0" />
  <stringconstants candidates="15173" cleared="0"  />
</gc-op>
<gc-op id="3076" type="classunload" timems="0.011" contextid="3029" timestamp="2019-08-09T21:46:31.392">
  <classunload-info classloadercandidates="55" classloadersunloaded="0" classesunloaded="0" anonymousclassesunloaded="0" quiescems="0.000" setupms="0.011" scanms="0.000" postms="0.000" />
</gc-op>
<gc-end id="3077" type="global mark phase" contextid="3029" durationms="9.568" usertimems="26.597" systemtimems="0.000" timestamp="2019-08-09T21:46:31.393" activeThreads="16">
  <mem-info id="3078" free="75497472" total="163577856" percent="46">
    <pending-finalizers system="0" default="0" reference="347" classloader="0" />
    <remembered-set count="146752" freebytes="5952512" totalbytes="6539520" percent="91" regionsoverflowed="0" regionsstable="0" regionsrebuilding="0"/>
  </mem-info>
</gc-end>
<cycle-end id="3079" type="global mark phase" contextid="3029" timestamp="2019-08-09T21:46:31.393" />
  <attribute name="elasticGC enabled" value="1" />
  <attribute name= "numThreadsSpecified" value="16" />
  <attribute name="heapSize specified" value="0" />
  <attribute name="Current GC Util" value="212" />
  <attribute name= "Current Time Running" value="204473" />
  <attribute name ="GC Interval" value="0" />
  <attribute name="Target GC Util Change" value ="80.000000" />
  <attribute name="Current GC Util Change" value="212.000000"/>
  <attribute name="Current Error" value="-432.000000" />
  <attribute name="Output H" value="163653040"/>
  <attribute name="Output I" value="1512"/>
  <attribute name="Output T" value="16"/>
  <attribute name= "Current Time Running" value="204473" />
  <attribute name="GC Util currently" value="212" />
  <attribute name="CPU Util currently" value="652918440307" />
<exclusive-end id="3080" timestamp="2019-08-09T21:46:31.393" durationms="9.918" />

<exclusive-start id="3081" timestamp="2019-08-09T21:46:31.409" intervalms="26.177">
  <response-info timems="0.223" idlems="0.223" threads="0" lastid="00000000020E5F00" lastname="Thread-36" />
</exclusive-start>
<allocation-taxation id="3082" taxation-threshold="23068672" timestamp="2019-08-09T21:46:31.409" intervalms="26.173" />
<cycle-start id="3083" type="partial gc" contextid="0" timestamp="2019-08-09T21:46:31.409" intervalms="60.162" />
<gc-start id="3084" type="partial gc" contextid="3083" timestamp="2019-08-09T21:46:31.409">
  <mem-info id="3085" free="52428800" total="163577856" percent="32">
    <mem type="eden" free="0" total="46137344" percent="0" />
    <remembered-set count="30752" freebytes="6416512" totalbytes="6539520" percent="98" regionsoverflowed="0" regionsstable="7" regionsrebuilding="0"/>
  </mem-info>
</gc-start>
<allocation-stats totalBytes="46130920" >
  <allocated-bytes non-tlh="0" tlh="46130920" arrayletleaf="0"/>
  <largest-consumer threadName="Thread-36" threadId="00000000020E5F00" bytes="3714632" />
</allocation-stats>
<gc-op id="3086" type="sweep" timems="2.538" contextid="3083" timestamp="2019-08-09T21:46:31.412" />
<gc-op id="3087" type="copy forward" timems="14.401" contextid="3083" timestamp="2019-08-09T21:46:31.428">
  <memory-copied type="eden" objects="8860" bytes="220416" bytesdiscarded="22990" />
  <memory-copied type="other" objects="49586" bytes="1876944" bytesdiscarded="194282" />
  <memory-cardclean objects="26350" bytes="1307480" />
  <regions eden="11" other="13" />
  <remembered-set-cleared processed="20636" cleared="2548" durationms="0.310" />
  <stringconstants candidates="15173" cleared="0"  />
</gc-op>
<gc-op id="3088" type="classunload" timems="0.011" contextid="3083" timestamp="2019-08-09T21:46:31.428">
  <classunload-info classloadercandidates="55" classloadersunloaded="0" classesunloaded="0" anonymousclassesunloaded="0" quiescems="0.000" setupms="0.011" scanms="0.000" postms="0.000" />
</gc-op>
<heap-resize id="3089" type="expand" space="default" amount="4194304" count="1" timems="0.067" reason="excessive time being spent in gc" timestamp="2019-08-09T21:46:31.428" />
<gc-end id="3090" type="partial gc" contextid="3083" durationms="18.603" usertimems="61.346" systemtimems="0.000" timestamp="2019-08-09T21:46:31.428" activeThreads="16">
  <mem-info id="3091" free="100663296" total="167772160" percent="60">
    <mem type="eden" free="784088" total="2097152" percent="37" />
    <remembered-set count="32864" freebytes="6575744" totalbytes="6707200" percent="98" regionsoverflowed="0" regionsstable="7" regionsrebuilding="0"/>
  </mem-info>
</gc-end>
<cycle-end id="3092" type="partial gc" contextid="3083" timestamp="2019-08-09T21:46:31.428" />
  <attribute name="elasticGC enabled" value="1" />
  <attribute name= "numThreadsSpecified" value="16" />
  <attribute name="heapSize specified" value="0" />
  <attribute name="Current GC Util" value="160" />
  <attribute name= "Current Time Running" value="204500" />
  <attribute name ="GC Interval" value="0" />
  <attribute name="Target GC Util Change" value ="80.000000" />
  <attribute name="Current GC Util Change" value="160.000000"/>
  <attribute name="Current Error" value="-654.000000" />
  <attribute name="Output H" value="163652784"/>
  <attribute name="Output I" value="1256"/>
  <attribute name="Output T" value="16"/>
  <attribute name= "Current Time Running" value="204500" />
  <attribute name="GC Util currently" value="160" />
  <attribute name="CPU Util currently" value="1404968569446" />
<exclusive-end id="3093" timestamp="2019-08-09T21:46:31.428" durationms="19.156" />

<exclusive-start id="3094" timestamp="2019-08-09T21:46:31.474" intervalms="64.703">
  <response-info timems="1.156" idlems="1.156" threads="0" lastid="00000000020E5F00" lastname="Thread-36" />
</exclusive-start>
<allocation-taxation id="3095" taxation-threshold="48234496" timestamp="2019-08-09T21:46:31.474" intervalms="64.721" />
<cycle-start id="3096" type="partial gc" contextid="0" timestamp="2019-08-09T21:46:31.474" intervalms="64.744" />
<gc-start id="3097" type="partial gc" contextid="3096" timestamp="2019-08-09T21:46:31.474">
  <mem-info id="3098" free="52428800" total="167772160" percent="31">
    <mem type="eden" free="0" total="48234496" percent="0" />
    <remembered-set count="32864" freebytes="6575744" totalbytes="6707200" percent="98" regionsoverflowed="0" regionsstable="7" regionsrebuilding="0"/>
  </mem-info>
</gc-start>
<allocation-stats totalBytes="48228008" >
  <allocated-bytes non-tlh="0" tlh="48228008" arrayletleaf="0"/>
  <largest-consumer threadName="Thread-30" threadId="0000000002134100" bytes="7306440" />
</allocation-stats>
<gc-op id="3099" type="copy forward" timems="11.554" contextid="3096" timestamp="2019-08-09T21:46:31.487">
  <memory-copied type="eden" objects="34577" bytes="1384072" bytesdiscarded="149696" />
  <memory-copied type="other" objects="15667" bytes="515784" bytesdiscarded="95632" />
  <memory-cardclean objects="22139" bytes="1129064" />
  <regions eden="23" other="2" />
  <remembered-set-cleared processed="23247" cleared="2418" durationms="0.206" />
  <stringconstants candidates="15173" cleared="0"  />
</gc-op>
<gc-op id="3100" type="classunload" timems="0.011" contextid="3096" timestamp="2019-08-09T21:46:31.487">
  <classunload-info classloadercandidates="55" classloadersunloaded="0" classesunloaded="0" anonymousclassesunloaded="0" quiescems="0.000" setupms="0.010" scanms="0.000" postms="0.000" />
</gc-op>
<heap-resize id="3101" type="expand" space="default" amount="6291456" count="1" timems="0.072" reason="excessive time being spent in gc" timestamp="2019-08-09T21:46:31.487" />
<gc-end id="3102" type="partial gc" contextid="3096" durationms="12.899" usertimems="38.878" systemtimems="0.000" timestamp="2019-08-09T21:46:31.487" activeThreads="16">
  <mem-info id="3103" free="104857600" total="174063616" percent="60">
    <mem type="eden" free="563384" total="2097152" percent="26" />
    <remembered-set count="35520" freebytes="6816640" totalbytes="6958720" percent="97" regionsoverflowed="0" regionsstable="7" regionsrebuilding="0"/>
  </mem-info>
</gc-end>
<cycle-end id="3104" type="partial gc" contextid="3096" timestamp="2019-08-09T21:46:31.487" />
  <attribute name="elasticGC enabled" value="1" />
  <attribute name= "numThreadsSpecified" value="16" />
  <attribute name="heapSize specified" value="0" />
  <attribute name="Current GC Util" value="126" />
  <attribute name= "Current Time Running" value="204562" />
  <attribute name ="GC Interval" value="0" />
  <attribute name="Target GC Util Change" value ="80.000000" />
  <attribute name="Current GC Util Change" value="126.000000"/>
  <attribute name="Current Error" value="-46.000000" />
  <attribute name="Output H" value="167847792"/>
  <attribute name="Output I" value="1960"/>
  <attribute name="Output T" value="16"/>
  <attribute name= "Current Time Running" value="204562" />
  <attribute name="GC Util currently" value="126" />
  <attribute name="CPU Util currently" value="1512087587253" />
<exclusive-end id="3105" timestamp="2019-08-09T21:46:31.487" durationms="13.477" />

<exclusive-start id="3106" timestamp="2019-08-09T21:46:31.528" intervalms="53.942">
  <response-info timems="0.183" idlems="0.183" threads="0" lastid="0000000002116900" lastname="Thread-21" />
</exclusive-start>
<allocation-taxation id="3107" taxation-threshold="50331648" timestamp="2019-08-09T21:46:31.528" intervalms="53.937" />
<cycle-start id="3108" type="partial gc" contextid="0" timestamp="2019-08-09T21:46:31.528" intervalms="53.970" />
<gc-start id="3109" type="partial gc" contextid="3108" timestamp="2019-08-09T21:46:31.528">
  <mem-info id="3110" free="54525952" total="174063616" percent="31">
    <mem type="eden" free="0" total="50331648" percent="0" />
    <remembered-set count="35136" freebytes="6818176" totalbytes="6958720" percent="97" regionsoverflowed="0" regionsstable="7" regionsrebuilding="0"/>
  </mem-info>
</gc-start>
<allocation-stats totalBytes="50325376" >
  <allocated-bytes non-tlh="0" tlh="50325376" arrayletleaf="0"/>
  <largest-consumer threadName="Thread-21" threadId="0000000002116900" bytes="6065336" />
</allocation-stats>
<gc-op id="3111" type="copy forward" timems="12.075" contextid="3108" timestamp="2019-08-09T21:46:31.541">
  <memory-copied type="eden" objects="28211" bytes="956776" bytesdiscarded="129944" />
  <memory-copied type="other" objects="33961" bytes="1364568" bytesdiscarded="103520" />
  <memory-cardclean objects="23045" bytes="1147392" />
  <regions eden="24" other="2" />
  <remembered-set-cleared processed="24961" cleared="2717" durationms="0.183" />
  <stringconstants candidates="15173" cleared="0"  />
</gc-op>
<gc-op id="3112" type="classunload" timems="0.011" contextid="3108" timestamp="2019-08-09T21:46:31.541">
  <classunload-info classloadercandidates="55" classloadersunloaded="0" classesunloaded="0" anonymousclassesunloaded="0" quiescems="0.000" setupms="0.011" scanms="0.000" postms="0.000" />
</gc-op>
<heap-resize id="3113" type="expand" space="default" amount="4194304" count="1" timems="0.055" reason="excessive time being spent in gc" timestamp="2019-08-09T21:46:31.541" />
<gc-end id="3114" type="partial gc" contextid="3108" durationms="13.402" usertimems="53.098" systemtimems="0.000" timestamp="2019-08-09T21:46:31.541" activeThreads="16">
  <mem-info id="3115" free="106954752" total="178257920" percent="60">
    <mem type="eden" free="1010432" total="2097152" percent="48" />
    <remembered-set count="39072" freebytes="6970112" totalbytes="7126400" percent="97" regionsoverflowed="0" regionsstable="7" regionsrebuilding="0"/>
  </mem-info>
</gc-end>
<cycle-end id="3116" type="partial gc" contextid="3108" timestamp="2019-08-09T21:46:31.542" />
  <attribute name="elasticGC enabled" value="1" />
  <attribute name= "numThreadsSpecified" value="16" />
  <attribute name="heapSize specified" value="0" />
  <attribute name="Current GC Util" value="183" />
  <attribute name= "Current Time Running" value="204616" />
  <attribute name ="GC Interval" value="0" />
  <attribute name="Target GC Util Change" value ="80.000000" />
  <attribute name="Current GC Util Change" value="183.000000"/>
  <attribute name="Current Error" value="-140.000000" />
  <attribute name="Output H" value="174139136"/>
  <attribute name="Output I" value="1848"/>
  <attribute name="Output T" value="16"/>
  <attribute name= "Current Time Running" value="204616" />
  <attribute name="GC Util currently" value="183" />
  <attribute name="CPU Util currently" value="1476117306788" />
<exclusive-end id="3117" timestamp="2019-08-09T21:46:31.542" durationms="14.010" />

<exclusive-start id="3118" timestamp="2019-08-09T21:46:31.589" intervalms="61.000">
  <response-info timems="2.038" idlems="2.038" threads="0" lastid="00000000020F8A00" lastname="Thread-26" />
</exclusive-start>
<allocation-taxation id="3119" taxation-threshold="52428800" timestamp="2019-08-09T21:46:31.589" intervalms="61.003" />
<cycle-start id="3120" type="partial gc" contextid="0" timestamp="2019-08-09T21:46:31.589" intervalms="61.031" />
<gc-start id="3121" type="partial gc" contextid="3120" timestamp="2019-08-09T21:46:31.589">
  <mem-info id="3122" free="54525952" total="178257920" percent="30">
    <mem type="eden" free="0" total="52428800" percent="0" />
    <remembered-set count="39072" freebytes="6970112" totalbytes="7126400" percent="97" regionsoverflowed="0" regionsstable="7" regionsrebuilding="0"/>
  </mem-info>
</gc-start>
<allocation-stats totalBytes="52421920" >
  <allocated-bytes non-tlh="0" tlh="52421920" arrayletleaf="0"/>
  <largest-consumer threadName="Thread-36" threadId="00000000020E5F00" bytes="5545424" />
</allocation-stats>
<gc-op id="3123" type="copy forward" timems="14.056" contextid="3120" timestamp="2019-08-09T21:46:31.605">
  <memory-copied type="eden" objects="37690" bytes="1596912" bytesdiscarded="140056" />
  <memory-copied type="other" objects="27559" bytes="936168" bytesdiscarded="79104" />
  <memory-cardclean objects="31792" bytes="1612648" />
  <regions eden="25" other="2" />
  <remembered-set-cleared processed="26666" cleared="3054" durationms="0.189" />
  <stringconstants candidates="15173" cleared="0"  />
</gc-op>
<gc-op id="3124" type="classunload" timems="0.010" contextid="3120" timestamp="2019-08-09T21:46:31.605">
  <classunload-info classloadercandidates="55" classloadersunloaded="0" classesunloaded="0" anonymousclassesunloaded="0" quiescems="0.000" setupms="0.010" scanms="0.000" postms="0.000" />
</gc-op>
<heap-resize id="3125" type="expand" space="default" amount="6291456" count="1" timems="0.060" reason="excessive time being spent in gc" timestamp="2019-08-09T21:46:31.605" />
<gc-end id="3126" type="partial gc" contextid="3120" durationms="15.818" usertimems="51.823" systemtimems="7.060" timestamp="2019-08-09T21:46:31.605" activeThreads="16">
  <mem-info id="3127" free="111149056" total="184549376" percent="60">
    <mem type="eden" free="360184" total="2097152" percent="17" />
    <remembered-set count="40160" freebytes="7217280" totalbytes="7377920" percent="97" regionsoverflowed="0" regionsstable="7" regionsrebuilding="0"/>
  </mem-info>
</gc-end>
<cycle-end id="3128" type="partial gc" contextid="3120" timestamp="2019-08-09T21:46:31.605" />
  <attribute name="elasticGC enabled" value="1" />
  <attribute name= "numThreadsSpecified" value="16" />
  <attribute name="heapSize specified" value="0" />
  <attribute name="Current GC Util" value="83" />
  <attribute name= "Current Time Running" value="204677" />
  <attribute name ="GC Interval" value="0" />
  <attribute name="Target GC Util Change" value ="80.000000" />
  <attribute name="Current GC Util Change" value="83.000000"/>
  <attribute name="Current Error" value="-132.000000" />
  <attribute name="Output H" value="178333448"/>
  <attribute name="Output I" value="1856"/>
  <attribute name="Output T" value="16"/>
  <attribute name= "Current Time Running" value="204677" />
  <attribute name="GC Util currently" value="83" />
  <attribute name="CPU Util currently" value="985246296003" />
<exclusive-end id="3129" timestamp="2019-08-09T21:46:31.605" durationms="16.668" />

<exclusive-start id="3130" timestamp="2019-08-09T21:46:31.662" intervalms="73.421">
  <response-info timems="0.493" idlems="0.493" threads="0" lastid="0000000002116900" lastname="Thread-21" />
</exclusive-start>
<allocation-taxation id="3131" taxation-threshold="52428800" timestamp="2019-08-09T21:46:31.662" intervalms="73.435" />
<cycle-start id="3132" type="partial gc" contextid="0" timestamp="2019-08-09T21:46:31.662" intervalms="73.381" />
<gc-start id="3133" type="partial gc" contextid="3132" timestamp="2019-08-09T21:46:31.662">
  <mem-info id="3134" free="58720256" total="184549376" percent="31">
    <mem type="eden" free="0" total="52428800" percent="0" />
    <remembered-set count="39680" freebytes="7219200" totalbytes="7377920" percent="97" regionsoverflowed="0" regionsstable="7" regionsrebuilding="0"/>
  </mem-info>
</gc-start>
<allocation-stats totalBytes="52422064" >
  <allocated-bytes non-tlh="0" tlh="52422064" arrayletleaf="0"/>
  <largest-consumer threadName="Thread-28" threadId="00000000020F1200" bytes="5156200" />
</allocation-stats>
<gc-op id="3135" type="copy forward" timems="12.964" contextid="3132" timestamp="2019-08-09T21:46:31.676">
  <memory-copied type="eden" objects="18341" bytes="720544" bytesdiscarded="146768" />
  <memory-copied type="other" objects="37001" bytes="1574904" bytesdiscarded="187136" />
  <memory-cardclean objects="21069" bytes="1082624" />
  <regions eden="25" other="2" />
  <remembered-set-cleared processed="28991" cleared="4753" durationms="0.237" />
  <stringconstants candidates="15173" cleared="0"  />
</gc-op>
<gc-op id="3136" type="classunload" timems="0.011" contextid="3132" timestamp="2019-08-09T21:46:31.677">
  <classunload-info classloadercandidates="55" classloadersunloaded="0" classesunloaded="0" anonymousclassesunloaded="0" quiescems="0.000" setupms="0.010" scanms="0.000" postms="0.000" />
</gc-op>
<heap-resize id="3137" type="expand" space="default" amount="4194304" count="1" timems="0.064" reason="excessive time being spent in gc" timestamp="2019-08-09T21:46:31.677" />
<gc-end id="3138" type="partial gc" contextid="3132" durationms="14.271" usertimems="14.561" systemtimems="26.380" timestamp="2019-08-09T21:46:31.677" activeThreads="16">
  <mem-info id="3139" free="113246208" total="188743680" percent="60">
    <mem type="eden" free="1229840" total="2097152" percent="58" />
    <remembered-set count="39200" freebytes="7388800" totalbytes="7545600" percent="97" regionsoverflowed="0" regionsstable="7" regionsrebuilding="0"/>
  </mem-info>
</gc-end>
<cycle-end id="3140" type="partial gc" contextid="3132" timestamp="2019-08-09T21:46:31.677" />
  <attribute name="elasticGC enabled" value="1" />
  <attribute name= "numThreadsSpecified" value="16" />
  <attribute name="heapSize specified" value="0" />
  <attribute name="Current GC Util" value="143" />
  <attribute name= "Current Time Running" value="204750" />
  <attribute name ="GC Interval" value="0" />
  <attribute name="Target GC Util Change" value ="80.000000" />
  <attribute name="Current GC Util Change" value="143.000000"/>
  <attribute name="Current Error" value="-63.000000" />
  <attribute name="Output H" value="184624984"/>
  <attribute name="Output I" value="1936"/>
  <attribute name="Output T" value="16"/>
  <attribute name= "Current Time Running" value="204750" />
  <attribute name="GC Util currently" value="143" />
  <attribute name="CPU Util currently" value="1657177262279" />
<exclusive-end id="3141" timestamp="2019-08-09T21:46:31.677" durationms="14.899" />

<exclusive-start id="3142" timestamp="2019-08-09T21:46:31.764" intervalms="101.550">
  <response-info timems="0.558" idlems="0.558" threads="0" lastid="000000000210F200" lastname="Thread-31" />
</exclusive-start>
<allocation-taxation id="3143" taxation-threshold="54525952" timestamp="2019-08-09T21:46:31.764" intervalms="101.521" />
<cycle-start id="3144" type="partial gc" contextid="0" timestamp="2019-08-09T21:46:31.764" intervalms="101.505" />
<gc-start id="3145" type="partial gc" contextid="3144" timestamp="2019-08-09T21:46:31.764">
  <mem-info id="3146" free="58720256" total="188743680" percent="31">
    <mem type="eden" free="0" total="54525952" percent="0" />
    <remembered-set count="39104" freebytes="7389184" totalbytes="7545600" percent="97" regionsoverflowed="0" regionsstable="7" regionsrebuilding="0"/>
  </mem-info>
</gc-start>
<allocation-stats totalBytes="54517120" >
  <allocated-bytes non-tlh="0" tlh="54517120" arrayletleaf="0"/>
  <largest-consumer threadName="Thread-31" threadId="000000000210F200" bytes="5856208" />
</allocation-stats>
<gc-op id="3147" type="copy forward" timems="10.848" contextid="3144" timestamp="2019-08-09T21:46:31.776">
  <memory-copied type="eden" objects="24237" bytes="1000088" bytesdiscarded="88888" />
  <memory-copied type="other" objects="22290" bytes="1401776" bytesdiscarded="169088" />
  <memory-cardclean objects="52992" bytes="2690232" />
  <regions eden="26" other="3" />
  <remembered-set-cleared processed="22893" cleared="13049" durationms="0.176" />
  <references type="soft" candidates="2" cleared="0" enqueued="0" dynamicThreshold="19" maxThreshold="32" />
  <stringconstants candidates="15173" cleared="0"  />
</gc-op>
<gc-op id="3148" type="classunload" timems="0.011" contextid="3144" timestamp="2019-08-09T21:46:31.776">
  <classunload-info classloadercandidates="55" classloadersunloaded="0" classesunloaded="0" anonymousclassesunloaded="0" quiescems="0.000" setupms="0.011" scanms="0.000" postms="0.000" />
</gc-op>
<gc-end id="3149" type="partial gc" contextid="3144" durationms="12.154" usertimems="34.313" systemtimems="8.634" timestamp="2019-08-09T21:46:31.776" activeThreads="16">
  <mem-info id="3150" free="113246208" total="188743680" percent="60">
    <mem type="eden" free="1008176" total="2097152" percent="48" />
    <remembered-set count="35392" freebytes="7404032" totalbytes="7545600" percent="98" regionsoverflowed="0" regionsstable="7" regionsrebuilding="0"/>
  </mem-info>
</gc-end>
<cycle-end id="3151" type="partial gc" contextid="3144" timestamp="2019-08-09T21:46:31.776" />
  <attribute name="elasticGC enabled" value="1" />
  <attribute name= "numThreadsSpecified" value="16" />
  <attribute name="heapSize specified" value="0" />
  <attribute name="Current GC Util" value="142" />
  <attribute name= "Current Time Running" value="204852" />
  <attribute name ="GC Interval" value="0" />
  <attribute name="Target GC Util Change" value ="80.000000" />
  <attribute name="Current GC Util Change" value="142.000000"/>
  <attribute name="Current Error" value="-81.000000" />
  <attribute name="Output H" value="188819272"/>
  <attribute name="Output I" value="1920"/>
  <attribute name="Output T" value="16"/>
  <attribute name= "Current Time Running" value="204852" />
  <attribute name="GC Util currently" value="142" />
  <attribute name="CPU Util currently" value="1403526734164" />
<exclusive-end id="3152" timestamp="2019-08-09T21:46:31.777" durationms="12.907" />

<exclusive-start id="3153" timestamp="2019-08-09T21:46:31.904" intervalms="139.921">
  <response-info timems="8.853" idlems="8.853" threads="0" lastid="00000000020D3300" lastname="Thread-23" />
</exclusive-start>
<allocation-taxation id="3154" taxation-threshold="54525952" timestamp="2019-08-09T21:46:31.904" intervalms="139.933" />
<cycle-start id="3155" type="partial gc" contextid="0" timestamp="2019-08-09T21:46:31.904" intervalms="140.109" />
<gc-start id="3156" type="partial gc" contextid="3155" timestamp="2019-08-09T21:46:31.904">
  <mem-info id="3157" free="58720256" total="188743680" percent="31">
    <mem type="eden" free="0" total="54525952" percent="0" />
    <remembered-set count="35296" freebytes="7404416" totalbytes="7545600" percent="98" regionsoverflowed="0" regionsstable="7" regionsrebuilding="0"/>
  </mem-info>
</gc-start>
<allocation-stats totalBytes="54516744" >
  <allocated-bytes non-tlh="0" tlh="54516744" arrayletleaf="0"/>
  <largest-consumer threadName="Thread-36" threadId="00000000020E5F00" bytes="5827528" />
</allocation-stats>
<gc-op id="3158" type="copy forward" timems="16.643" contextid="3155" timestamp="2019-08-09T21:46:31.922">
  <memory-copied type="eden" objects="6096" bytes="151744" bytesdiscarded="65168" />
  <memory-copied type="other" objects="23069" bytes="2035752" bytesdiscarded="98504" />
  <memory-cardclean objects="17282" bytes="866128" />
  <regions eden="26" other="3" />
  <remembered-set-cleared processed="25742" cleared="2288" durationms="0.498" />
  <stringconstants candidates="15173" cleared="0"  />
</gc-op>
<gc-op id="3159" type="classunload" timems="0.011" contextid="3155" timestamp="2019-08-09T21:46:31.922">
  <classunload-info classloadercandidates="55" classloadersunloaded="0" classesunloaded="0" anonymousclassesunloaded="0" quiescems="0.000" setupms="0.011" scanms="0.000" postms="0.000" />
</gc-op>
<gc-end id="3160" type="partial gc" contextid="3155" durationms="18.195" usertimems="32.656" systemtimems="32.080" timestamp="2019-08-09T21:46:31.922" activeThreads="16">
  <mem-info id="3161" free="113246208" total="188743680" percent="60">
    <mem type="eden" free="1880240" total="2097152" percent="89" />
    <remembered-set count="38848" freebytes="7390208" totalbytes="7545600" percent="97" regionsoverflowed="0" regionsstable="7" regionsrebuilding="0"/>
  </mem-info>
</gc-end>
<cycle-end id="3162" type="partial gc" contextid="3155" timestamp="2019-08-09T21:46:31.922" />
  <attribute name="elasticGC enabled" value="1" />
  <attribute name= "numThreadsSpecified" value="16" />
  <attribute name="heapSize specified" value="0" />
  <attribute name="Current GC Util" value="103" />
  <attribute name= "Current Time Running" value="204992" />
  <attribute name ="GC Interval" value="0" />
  <attribute name="Target GC Util Change" value ="80.000000" />
  <attribute name="Current GC Util Change" value="103.000000"/>
  <attribute name="Current Error" value="-54.000000" />
  <attribute name="Output H" value="188819304"/>
  <attribute name="Output I" value="1952"/>
  <attribute name="Output T" value="16"/>
  <attribute name= "Current Time Running" value="204992" />
  <attribute name="GC Util currently" value="103" />
  <attribute name="CPU Util currently" value="1137140189785" />
<exclusive-end id="3163" timestamp="2019-08-09T21:46:31.923" durationms="18.940" />

<exclusive-start id="3164" timestamp="2019-08-09T21:46:32.008" intervalms="103.948">
  <response-info timems="2.005" idlems="2.005" threads="0" lastid="00000000020FC600" lastname="Thread-32" />
</exclusive-start>
<allocation-taxation id="3165" taxation-threshold="54525952" timestamp="2019-08-09T21:46:32.008" intervalms="103.942" />
<cycle-start id="3166" type="partial gc" contextid="0" timestamp="2019-08-09T21:46:32.008" intervalms="103.751" />
<gc-start id="3167" type="partial gc" contextid="3166" timestamp="2019-08-09T21:46:32.008">
  <mem-info id="3168" free="58720256" total="188743680" percent="31">
    <mem type="eden" free="0" total="54525952" percent="0" />
    <remembered-set count="38560" freebytes="7391360" totalbytes="7545600" percent="97" regionsoverflowed="0" regionsstable="7" regionsrebuilding="0"/>
  </mem-info>
</gc-start>
<allocation-stats totalBytes="54516440" >
  <allocated-bytes non-tlh="0" tlh="54516440" arrayletleaf="0"/>
  <largest-consumer threadName="Thread-25" threadId="00000000020D6F00" bytes="6474816" />
</allocation-stats>
<gc-op id="3169" type="copy forward" timems="19.519" contextid="3166" timestamp="2019-08-09T21:46:32.029">
  <memory-copied type="eden" objects="20721" bytes="778040" bytesdiscarded="49968" />
  <memory-copied type="other" objects="6732" bytes="161568" bytesdiscarded="8016" />
  <memory-cardclean objects="23448" bytes="1211296" />
  <regions eden="26" other="2" />
  <remembered-set-cleared processed="26933" cleared="3431" durationms="1.405" />
  <stringconstants candidates="15173" cleared="0"  />
</gc-op>
<gc-op id="3170" type="classunload" timems="0.013" contextid="3166" timestamp="2019-08-09T21:46:32.029">
  <classunload-info classloadercandidates="55" classloadersunloaded="0" classesunloaded="0" anonymousclassesunloaded="0" quiescems="0.000" setupms="0.012" scanms="0.000" postms="0.000" />
</gc-op>
<heap-resize id="3171" type="expand" space="default" amount="16777216" count="1" timems="0.078" reason="excessive time being spent in gc" timestamp="2019-08-09T21:46:32.029" />
<gc-end id="3172" type="partial gc" contextid="3166" durationms="20.804" usertimems="54.022" systemtimems="26.899" timestamp="2019-08-09T21:46:32.029" activeThreads="16">
  <mem-info id="3173" free="123731968" total="205520896" percent="60">
    <mem type="eden" free="5463448" total="6291456" percent="86" />
    <remembered-set count="40928" freebytes="8052608" totalbytes="8216320" percent="98" regionsoverflowed="0" regionsstable="7" regionsrebuilding="0"/>
  </mem-info>
</gc-end>
<cycle-end id="3174" type="partial gc" contextid="3166" timestamp="2019-08-09T21:46:32.029" />
  <attribute name="elasticGC enabled" value="1" />
  <attribute name= "numThreadsSpecified" value="16" />
  <attribute name="heapSize specified" value="0" />
  <attribute name="Current GC Util" value="0" />
  <attribute name= "Current Time Running" value="205095" />
  <attribute name ="GC Interval" value="0" />
  <attribute name="Target GC Util Change" value ="80.000000" />
  <attribute name="Current GC Util Change" value="0.000000"/>
  <attribute name="Current Error" value="80.000000" />
  <attribute name="Output H" value="188819456"/>
  <attribute name="Output I" value="2104"/>
  <attribute name="Output T" value="16"/>
  <attribute name= "Current Time Running" value="205095" />
  <attribute name="GC Util currently" value="0" />
  <attribute name="CPU Util currently" value="1727184289489" />
<exclusive-end id="3175" timestamp="2019-08-09T21:46:32.029" durationms="21.469" />

<exclusive-start id="3176" timestamp="2019-08-09T21:46:32.213" intervalms="205.407">
  <response-info timems="1.726" idlems="1.268" threads="1" lastid="00000000020E5F00" lastname="Thread-36" />
</exclusive-start>
<allocation-taxation id="3177" taxation-threshold="58720256" timestamp="2019-08-09T21:46:32.213" intervalms="205.447" />
<cycle-start id="3178" type="partial gc" contextid="0" timestamp="2019-08-09T21:46:32.213" intervalms="205.473" />
<gc-start id="3179" type="partial gc" contextid="3178" timestamp="2019-08-09T21:46:32.213">
  <mem-info id="3180" free="65011712" total="205520896" percent="31">
    <mem type="eden" free="0" total="58720256" percent="0" />
    <remembered-set count="40864" freebytes="8052864" totalbytes="8216320" percent="98" regionsoverflowed="0" regionsstable="7" regionsrebuilding="0"/>
  </mem-info>
</gc-start>
<allocation-stats totalBytes="58710512" >
  <allocated-bytes non-tlh="0" tlh="58710512" arrayletleaf="0"/>
  <largest-consumer threadName="Thread-31" threadId="000000000210F200" bytes="6790016" />
</allocation-stats>
<gc-op id="3181" type="copy forward" timems="13.887" contextid="3178" timestamp="2019-08-09T21:46:32.228">
  <memory-copied type="eden" objects="21878" bytes="805616" bytesdiscarded="65384" />
  <memory-copied type="other" objects="34178" bytes="2121408" bytesdiscarded="298536" />
  <memory-cardclean objects="24851" bytes="1224592" />
  <regions eden="28" other="7" />
  <remembered-set-cleared processed="27502" cleared="6815" durationms="0.441" />
  <references type="soft" candidates="13" cleared="0" enqueued="0" dynamicThreshold="19" maxThreshold="32" />
  <references type="weak" candidates="13" cleared="0" enqueued="0" />
  <references type="phantom" candidates="2" cleared="0" enqueued="0" />
  <stringconstants candidates="15173" cleared="0"  />
</gc-op>
<gc-op id="3182" type="classunload" timems="0.016" contextid="3178" timestamp="2019-08-09T21:46:32.229">
  <classunload-info classloadercandidates="55" classloadersunloaded="0" classesunloaded="0" anonymousclassesunloaded="0" quiescems="0.000" setupms="0.015" scanms="0.000" postms="0.000" />
</gc-op>
<gc-end id="3183" type="partial gc" contextid="3178" durationms="15.380" usertimems="39.896" systemtimems="19.977" timestamp="2019-08-09T21:46:32.229" activeThreads="16">
  <mem-info id="3184" free="127926272" total="205520896" percent="62">
    <mem type="eden" free="3323304" total="4194304" percent="79" />
    <remembered-set count="39456" freebytes="8058496" totalbytes="8216320" percent="98" regionsoverflowed="0" regionsstable="7" regionsrebuilding="0"/>
  </mem-info>
</gc-end>
<cycle-end id="3185" type="partial gc" contextid="3178" timestamp="2019-08-09T21:46:32.229" />
  <attribute name="elasticGC enabled" value="1" />
  <attribute name= "numThreadsSpecified" value="16" />
  <attribute name="heapSize specified" value="0" />
  <attribute name="Current GC Util" value="132" />
  <attribute name= "Current Time Running" value="205301" />
  <attribute name ="GC Interval" value="0" />
  <attribute name="Target GC Util Change" value ="80.000000" />
  <attribute name="Current GC Util Change" value="132.000000"/>
  <attribute name="Current Error" value="78.000000" />
  <attribute name="Output H" value="205596672"/>
  <attribute name="Output I" value="2104"/>
  <attribute name="Output T" value="16"/>
  <attribute name= "Current Time Running" value="205301" />
  <attribute name="GC Util currently" value="132" />
  <attribute name="CPU Util currently" value="1351867675140" />
<exclusive-end id="3186" timestamp="2019-08-09T21:46:32.229" durationms="16.285" />

<exclusive-start id="3187" timestamp="2019-08-09T21:46:32.296" intervalms="83.083">
  <response-info timems="0.712" idlems="0.712" threads="0" lastid="00000000020E5F00" lastname="Thread-36" />
</exclusive-start>
<allocation-taxation id="3188" taxation-threshold="58720256" timestamp="2019-08-09T21:46:32.296" intervalms="83.079" />
<cycle-start id="3189" type="partial gc" contextid="0" timestamp="2019-08-09T21:46:32.296" intervalms="83.229" />
<gc-start id="3190" type="partial gc" contextid="3189" timestamp="2019-08-09T21:46:32.297">
  <mem-info id="3191" free="69206016" total="205520896" percent="33">
    <mem type="eden" free="0" total="58720256" percent="0" />
    <remembered-set count="38464" freebytes="8062464" totalbytes="8216320" percent="98" regionsoverflowed="0" regionsstable="8" regionsrebuilding="0"/>
  </mem-info>
</gc-start>
<allocation-stats totalBytes="58710032" >
  <allocated-bytes non-tlh="0" tlh="58710032" arrayletleaf="0"/>
  <largest-consumer threadName="Thread-26" threadId="00000000020F8A00" bytes="5270672" />
</allocation-stats>
<gc-op id="3192" type="copy forward" timems="12.977" contextid="3189" timestamp="2019-08-09T21:46:32.311">
  <memory-copied type="eden" objects="7460" bytes="184384" bytesdiscarded="43592" />
  <memory-copied type="other" objects="26027" bytes="899400" bytesdiscarded="35568" />
  <memory-cardclean objects="29721" bytes="1485352" />
  <regions eden="28" other="4" />
  <remembered-set-cleared processed="26174" cleared="6027" durationms="0.669" />
  <stringconstants candidates="15173" cleared="0"  />
</gc-op>
<gc-op id="3193" type="classunload" timems="0.012" contextid="3189" timestamp="2019-08-09T21:46:32.311">
  <classunload-info classloadercandidates="55" classloadersunloaded="0" classesunloaded="0" anonymousclassesunloaded="0" quiescems="0.000" setupms="0.012" scanms="0.000" postms="0.000" />
</gc-op>
<gc-end id="3194" type="partial gc" contextid="3189" durationms="14.328" usertimems="32.306" systemtimems="10.439" timestamp="2019-08-09T21:46:32.311" activeThreads="16">
  <mem-info id="3195" free="127926272" total="205520896" percent="62">
    <mem type="eden" free="1869176" total="2097152" percent="89" />
    <remembered-set count="39200" freebytes="8059520" totalbytes="8216320" percent="98" regionsoverflowed="0" regionsstable="8" regionsrebuilding="0"/>
  </mem-info>
</gc-end>
<cycle-end id="3196" type="partial gc" contextid="3189" timestamp="2019-08-09T21:46:32.311" />
  <attribute name="elasticGC enabled" value="1" />
  <attribute name= "numThreadsSpecified" value="16" />
  <attribute name="heapSize specified" value="0" />
  <attribute name="Current GC Util" value="136" />
  <attribute name= "Current Time Running" value="205384" />
  <attribute name ="GC Interval" value="0" />
  <attribute name="Target GC Util Change" value ="80.000000" />
  <attribute name="Current GC Util Change" value="136.000000"/>
  <attribute name="Current Error" value="46.000000" />
  <attribute name="Output H" value="205596632"/>
  <attribute name="Output I" value="2064"/>
  <attribute name="Output T" value="16"/>
  <attribute name= "Current Time Running" value="205384" />
  <attribute name="GC Util currently" value="136" />
  <attribute name="CPU Util currently" value="1514763606271" />
<exclusive-end id="3197" timestamp="2019-08-09T21:46:32.311" durationms="15.138" />

<exclusive-start id="3198" timestamp="2019-08-09T21:46:32.465" intervalms="168.539">
  <response-info timems="4.677" idlems="4.677" threads="0" lastid="000000000210F200" lastname="Thread-31" />
</exclusive-start>
<allocation-taxation id="3199" taxation-threshold="58720256" timestamp="2019-08-09T21:46:32.465" intervalms="168.612" />
<cycle-start id="3200" type="partial gc" contextid="0" timestamp="2019-08-09T21:46:32.465" intervalms="168.498" />
<gc-start id="3201" type="partial gc" contextid="3200" timestamp="2019-08-09T21:46:32.465">
  <mem-info id="3202" free="69206016" total="205520896" percent="33">
    <mem type="eden" free="0" total="58720256" percent="0" />
    <remembered-set count="38880" freebytes="8060800" totalbytes="8216320" percent="98" regionsoverflowed="0" regionsstable="8" regionsrebuilding="0"/>
  </mem-info>
</gc-start>
<allocation-stats totalBytes="58709776" >
  <allocated-bytes non-tlh="0" tlh="58709776" arrayletleaf="0"/>
  <largest-consumer threadName="Thread-26" threadId="00000000020F8A00" bytes="6765560" />
</allocation-stats>
<gc-op id="3203" type="copy forward" timems="17.749" contextid="3200" timestamp="2019-08-09T21:46:32.484">
  <memory-copied type="eden" objects="18426" bytes="723336" bytesdiscarded="24184" />
  <memory-copied type="other" objects="6449" bytes="154776" bytesdiscarded="6288" />
  <memory-cardclean objects="20195" bytes="1043464" />
  <regions eden="28" other="3" />
  <remembered-set-cleared processed="27719" cleared="8178" durationms="0.716" />
  <stringconstants candidates="15173" cleared="0"  />
</gc-op>
<gc-op id="3204" type="classunload" timems="0.012" contextid="3200" timestamp="2019-08-09T21:46:32.484">
  <classunload-info classloadercandidates="55" classloadersunloaded="0" classesunloaded="0" anonymousclassesunloaded="0" quiescems="0.000" setupms="0.011" scanms="0.000" postms="0.000" />
</gc-op>
<heap-resize id="3205" type="contract" space="default" amount="6291456" count="1" timems="0.080" reason="excess free space following gc" timestamp="2019-08-09T21:46:32.484" />
<gc-end id="3206" type="partial gc" contextid="3200" durationms="19.154" usertimems="31.463" systemtimems="34.043" timestamp="2019-08-09T21:46:32.484" activeThreads="16">
  <mem-info id="3207" free="121634816" total="199229440" percent="61">
    <mem type="eden" free="3446784" total="4194304" percent="82" />
    <remembered-set count="33472" freebytes="8082432" totalbytes="8216320" percent="98" regionsoverflowed="0" regionsstable="8" regionsrebuilding="0"/>
  </mem-info>
</gc-end>
<cycle-end id="3208" type="partial gc" contextid="3200" timestamp="2019-08-09T21:46:32.484" />
  <attribute name="elasticGC enabled" value="1" />
  <attribute name= "numThreadsSpecified" value="16" />
  <attribute name="heapSize specified" value="0" />
  <attribute name="Current GC Util" value="253" />
  <attribute name= "Current Time Running" value="205553" />
  <attribute name ="GC Interval" value="0" />
  <attribute name="Target GC Util Change" value ="80.000000" />
  <attribute name="Current GC Util Change" value="253.000000"/>
  <attribute name="Current Error" value="-173.000000" />
  <attribute name="Output H" value="205596384"/>
  <attribute name="Output I" value="1816"/>
  <attribute name="Output T" value="16"/>
  <attribute name= "Current Time Running" value="205553" />
  <attribute name="GC Util currently" value="253" />
  <attribute name="CPU Util currently" value="1554988603279" />
<exclusive-end id="3209" timestamp="2019-08-09T21:46:32.484" durationms="19.826" />

<exclusive-start id="3210" timestamp="2019-08-09T21:46:32.578" intervalms="113.029">
  <response-info timems="1.237" idlems="1.237" threads="0" lastid="00000000020E5F00" lastname="Thread-36" />
</exclusive-start>
<allocation-taxation id="3211" taxation-threshold="56623104" timestamp="2019-08-09T21:46:32.578" intervalms="113.069" />
<cycle-start id="3212" type="partial gc" contextid="0" timestamp="2019-08-09T21:46:32.578" intervalms="113.210" />
<gc-start id="3213" type="partial gc" contextid="3212" timestamp="2019-08-09T21:46:32.578">
  <mem-info id="3214" free="65011712" total="199229440" percent="32">
    <mem type="eden" free="0" total="56623104" percent="0" />
    <remembered-set count="33312" freebytes="8083072" totalbytes="8216320" percent="98" regionsoverflowed="0" regionsstable="8" regionsrebuilding="0"/>
  </mem-info>
</gc-start>
<allocation-stats totalBytes="56613000" >
  <allocated-bytes non-tlh="0" tlh="56613000" arrayletleaf="0"/>
  <largest-consumer threadName="Thread-26" threadId="00000000020F8A00" bytes="5708816" />
</allocation-stats>
<gc-op id="3215" type="copy forward" timems="10.418" contextid="3212" timestamp="2019-08-09T21:46:32.590">
  <memory-copied type="eden" objects="12582" bytes="444864" bytesdiscarded="63936" />
  <memory-copied type="other" objects="19137" bytes="734040" bytesdiscarded="42648" />
  <memory-cardclean objects="21195" bytes="1034224" />
  <regions eden="27" other="4" />
  <remembered-set-cleared processed="22686" cleared="6524" durationms="0.156" />
  <stringconstants candidates="15173" cleared="0"  />
</gc-op>
<gc-op id="3216" type="classunload" timems="0.009" contextid="3212" timestamp="2019-08-09T21:46:32.590">
  <classunload-info classloadercandidates="55" classloadersunloaded="0" classesunloaded="0" anonymousclassesunloaded="0" quiescems="0.000" setupms="0.009" scanms="0.000" postms="0.000" />
</gc-op>
<gc-end id="3217" type="partial gc" contextid="3212" durationms="12.226" usertimems="18.050" systemtimems="21.909" timestamp="2019-08-09T21:46:32.591" activeThreads="16">
  <mem-info id="3218" free="119537664" total="199229440" percent="60">
    <mem type="eden" free="3685504" total="4194304" percent="87" />
    <remembered-set count="32128" freebytes="7836288" totalbytes="7964800" percent="98" regionsoverflowed="0" regionsstable="8" regionsrebuilding="0"/>
  </mem-info>
</gc-end>
<cycle-end id="3219" type="partial gc" contextid="3212" timestamp="2019-08-09T21:46:32.591" />
  <attribute name="elasticGC enabled" value="1" />
  <attribute name= "numThreadsSpecified" value="16" />
  <attribute name="heapSize specified" value="0" />
  <attribute name="Current GC Util" value="97" />
  <attribute name= "Current Time Running" value="205666" />
  <attribute name ="GC Interval" value="0" />
  <attribute name="Target GC Util Change" value ="80.000000" />
  <attribute name="Current GC Util Change" value="97.000000"/>
  <attribute name="Current Error" value="-166.000000" />
  <attribute name="Output H" value="199304936"/>
  <attribute name="Output I" value="1824"/>
  <attribute name="Output T" value="16"/>
  <attribute name= "Current Time Running" value="205666" />
  <attribute name="GC Util currently" value="97" />
  <attribute name="CPU Util currently" value="868055866308" />
<exclusive-end id="3220" timestamp="2019-08-09T21:46:32.591" durationms="13.151" />

<exclusive-start id="3221" timestamp="2019-08-09T21:46:32.704" intervalms="126.158">
  <response-info timems="1.853" idlems="1.853" threads="0" lastid="00000000020D6F00" lastname="Thread-25" />
</exclusive-start>
<allocation-taxation id="3222" taxation-threshold="56623104" timestamp="2019-08-09T21:46:32.704" intervalms="126.036" />
<cycle-start id="3223" type="partial gc" contextid="0" timestamp="2019-08-09T21:46:32.704" intervalms="125.870" />
<gc-start id="3224" type="partial gc" contextid="3223" timestamp="2019-08-09T21:46:32.704">
  <mem-info id="3225" free="62914560" total="199229440" percent="31">
    <mem type="eden" free="0" total="56623104" percent="0" />
    <remembered-set count="31840" freebytes="7837440" totalbytes="7964800" percent="98" regionsoverflowed="0" regionsstable="8" regionsrebuilding="0"/>
  </mem-info>
</gc-start>
<allocation-stats totalBytes="56612792" >
  <allocated-bytes non-tlh="0" tlh="56612792" arrayletleaf="0"/>
  <largest-consumer threadName="Thread-26" threadId="00000000020F8A00" bytes="6904880" />
</allocation-stats>
<gc-op id="3226" type="copy forward" timems="18.473" contextid="3223" timestamp="2019-08-09T21:46:32.724">
  <memory-copied type="eden" objects="11419" bytes="416408" bytesdiscarded="39632" />
  <memory-copied type="other" objects="44263" bytes="1886568" bytesdiscarded="165504" />
  <memory-cardclean objects="20805" bytes="1061992" />
  <regions eden="27" other="4" />
  <remembered-set-cleared processed="20604" cleared="10148" durationms="0.215" />
  <stringconstants candidates="15173" cleared="0"  />
</gc-op>
<gc-op id="3227" type="classunload" timems="0.012" contextid="3223" timestamp="2019-08-09T21:46:32.724">
  <classunload-info classloadercandidates="55" classloadersunloaded="0" classesunloaded="0" anonymousclassesunloaded="0" quiescems="0.000" setupms="0.011" scanms="0.000" postms="0.000" />
</gc-op>
<gc-end id="3228" type="partial gc" contextid="3223" durationms="19.851" usertimems="46.036" systemtimems="22.178" timestamp="2019-08-09T21:46:32.724" activeThreads="16">
  <mem-info id="3229" free="119537664" total="199229440" percent="60">
    <mem type="eden" free="1641112" total="2097152" percent="78" />
    <remembered-set count="29344" freebytes="7847424" totalbytes="7964800" percent="98" regionsoverflowed="0" regionsstable="8" regionsrebuilding="0"/>
  </mem-info>
</gc-end>
<cycle-end id="3230" type="partial gc" contextid="3223" timestamp="2019-08-09T21:46:32.724" />
  <attribute name="elasticGC enabled" value="1" />
  <attribute name= "numThreadsSpecified" value="16" />
  <attribute name="heapSize specified" value="0" />
  <attribute name="Current GC Util" value="200" />
  <attribute name= "Current Time Running" value="205792" />
  <attribute name ="GC Interval" value="0" />
  <attribute name="Target GC Util Change" value ="80.000000" />
  <attribute name="Current GC Util Change" value="200.000000"/>
  <attribute name="Current Error" value="-232.000000" />
  <attribute name="Output H" value="199304856"/>
  <attribute name="Output I" value="1744"/>
  <attribute name="Output T" value="16"/>
  <attribute name= "Current Time Running" value="205792" />
  <attribute name="GC Util currently" value="200" />
  <attribute name="CPU Util currently" value="1431736318361" />
<exclusive-end id="3231" timestamp="2019-08-09T21:46:32.724" durationms="20.430" />

<exclusive-start id="3232" timestamp="2019-08-09T21:46:32.850" intervalms="146.420">
  <response-info timems="5.555" idlems="5.555" threads="0" lastid="00000000020FC600" lastname="Thread-32" />
</exclusive-start>
<allocation-taxation id="3233" taxation-threshold="56623104" timestamp="2019-08-09T21:46:32.850" intervalms="146.415" />
<cycle-start id="3234" type="partial gc" contextid="0" timestamp="2019-08-09T21:46:32.850" intervalms="146.396" />
<gc-start id="3235" type="partial gc" contextid="3234" timestamp="2019-08-09T21:46:32.851">
  <mem-info id="3236" free="62914560" total="199229440" percent="31">
    <mem type="eden" free="0" total="56623104" percent="0" />
    <remembered-set count="29216" freebytes="7847936" totalbytes="7964800" percent="98" regionsoverflowed="0" regionsstable="8" regionsrebuilding="0"/>
  </mem-info>
</gc-start>
<allocation-stats totalBytes="56612904" >
  <allocated-bytes non-tlh="0" tlh="56612904" arrayletleaf="0"/>
  <largest-consumer threadName="Thread-30" threadId="0000000002134100" bytes="6151096" />
</allocation-stats>
<gc-op id="3237" type="copy forward" timems="16.406" contextid="3234" timestamp="2019-08-09T21:46:32.868">
  <memory-copied type="eden" objects="6272" bytes="155264" bytesdiscarded="27328" />
  <memory-copied type="other" objects="14866" bytes="494160" bytesdiscarded="41128" />
  <memory-cardclean objects="23562" bytes="1242208" />
  <regions eden="27" other="2" />
  <remembered-set-cleared processed="18857" cleared="6351" durationms="0.197" />
  <stringconstants candidates="15173" cleared="0"  />
</gc-op>
<gc-op id="3238" type="classunload" timems="0.014" contextid="3234" timestamp="2019-08-09T21:46:32.868">
  <classunload-info classloadercandidates="55" classloadersunloaded="0" classesunloaded="0" anonymousclassesunloaded="0" quiescems="0.000" setupms="0.014" scanms="0.000" postms="0.000" />
</gc-op>
<heap-resize id="3239" type="expand" space="default" amount="6291456" count="1" timems="0.068" reason="excessive time being spent in gc" timestamp="2019-08-09T21:46:32.869" />
<gc-end id="3240" type="partial gc" contextid="3234" durationms="18.032" usertimems="39.169" systemtimems="27.566" timestamp="2019-08-09T21:46:32.869" activeThreads="16">
  <mem-info id="3241" free="123731968" total="205520896" percent="60">
    <mem type="eden" free="1914560" total="2097152" percent="91" />
    <remembered-set count="30016" freebytes="8096256" totalbytes="8216320" percent="98" regionsoverflowed="0" regionsstable="8" regionsrebuilding="0"/>
  </mem-info>
</gc-end>
<cycle-end id="3242" type="partial gc" contextid="3234" timestamp="2019-08-09T21:46:32.869" />
  <attribute name="elasticGC enabled" value="1" />
  <attribute name= "numThreadsSpecified" value="16" />
  <attribute name="heapSize specified" value="0" />
  <attribute name="Current GC Util" value="128" />
  <attribute name= "Current Time Running" value="205938" />
  <attribute name ="GC Interval" value="0" />
  <attribute name="Target GC Util Change" value ="80.000000" />
  <attribute name="Current GC Util Change" value="128.000000"/>
  <attribute name="Current Error" value="-48.000000" />
  <attribute name="Output H" value="199305072"/>
  <attribute name="Output I" value="1960"/>
  <attribute name="Output T" value="16"/>
  <attribute name= "Current Time Running" value="205938" />
  <attribute name="GC Util currently" value="128" />
  <attribute name="CPU Util currently" value="1508119835124" />
<exclusive-end id="3243" timestamp="2019-08-09T21:46:32.869" durationms="18.739" />

<exclusive-start id="3244" timestamp="2019-08-09T21:46:33.001" intervalms="150.987">
  <response-info timems="0.638" idlems="0.406" threads="2" lastid="00000000020F1200" lastname="Thread-28" />
</exclusive-start>
<allocation-taxation id="3245" taxation-threshold="58720256" timestamp="2019-08-09T21:46:33.001" intervalms="150.956" />
<cycle-start id="3246" type="partial gc" contextid="0" timestamp="2019-08-09T21:46:33.001" intervalms="150.954" />
<gc-start id="3247" type="partial gc" contextid="3246" timestamp="2019-08-09T21:46:33.002">
  <mem-info id="3248" free="65011712" total="205520896" percent="31">
    <mem type="eden" free="0" total="58720256" percent="0" />
    <remembered-set count="29824" freebytes="8097024" totalbytes="8216320" percent="98" regionsoverflowed="0" regionsstable="8" regionsrebuilding="0"/>
  </mem-info>
</gc-start>
<allocation-stats totalBytes="58709384" >
  <allocated-bytes non-tlh="0" tlh="58709384" arrayletleaf="0"/>
  <largest-consumer threadName="Thread-31" threadId="000000000210F200" bytes="7080832" />
</allocation-stats>
<gc-op id="3249" type="copy forward" timems="17.497" contextid="3246" timestamp="2019-08-09T21:46:33.020">
  <memory-copied type="eden" objects="6922" bytes="171456" bytesdiscarded="10488" />
  <memory-copied type="other" objects="17114" bytes="685488" bytesdiscarded="52136" />
  <memory-cardclean objects="21168" bytes="1038712" />
  <regions eden="28" other="3" />
  <remembered-set-cleared processed="17213" cleared="5768" durationms="0.183" />
  <stringconstants candidates="15173" cleared="0"  />
</gc-op>
<gc-op id="3250" type="classunload" timems="0.012" contextid="3246" timestamp="2019-08-09T21:46:33.020">
  <classunload-info classloadercandidates="55" classloadersunloaded="0" classesunloaded="0" anonymousclassesunloaded="0" quiescems="0.000" setupms="0.012" scanms="0.000" postms="0.000" />
</gc-op>
<gc-end id="3251" type="partial gc" contextid="3246" durationms="19.007" usertimems="53.481" systemtimems="22.396" timestamp="2019-08-09T21:46:33.020" activeThreads="16">
  <mem-info id="3252" free="121634816" total="205520896" percent="59">
    <mem type="eden" free="1915208" total="2097152" percent="91" />
    <remembered-set count="28256" freebytes="8103296" totalbytes="8216320" percent="98" regionsoverflowed="0" regionsstable="8" regionsrebuilding="0"/>
  </mem-info>
</gc-end>
<cycle-end id="3253" type="partial gc" contextid="3246" timestamp="2019-08-09T21:46:33.021" />
  <attribute name="elasticGC enabled" value="1" />
  <attribute name= "numThreadsSpecified" value="16" />
  <attribute name="heapSize specified" value="0" />
  <attribute name="Current GC Util" value="138" />
  <attribute name= "Current Time Running" value="206089" />
  <attribute name ="GC Interval" value="0" />
  <attribute name="Target GC Util Change" value ="80.000000" />
  <attribute name="Current GC Util Change" value="138.000000"/>
  <attribute name="Current Error" value="-60.000000" />
  <attribute name="Output H" value="205596512"/>
  <attribute name="Output I" value="1944"/>
  <attribute name="Output T" value="16"/>
  <attribute name= "Current Time Running" value="206089" />
  <attribute name="GC Util currently" value="138" />
  <attribute name="CPU Util currently" value="1176724195778" />
<exclusive-end id="3254" timestamp="2019-08-09T21:46:33.021" durationms="19.844" />

<exclusive-start id="3255" timestamp="2019-08-09T21:46:33.169" intervalms="167.597">
  <response-info timems="4.564" idlems="4.564" threads="0" lastid="00000000020F8A00" lastname="Thread-26" />
</exclusive-start>
<allocation-taxation id="3256" taxation-threshold="58720256" timestamp="2019-08-09T21:46:33.169" intervalms="167.762" />
<cycle-start id="3257" type="partial gc" contextid="0" timestamp="2019-08-09T21:46:33.169" intervalms="167.787" />
<gc-start id="3258" type="partial gc" contextid="3257" timestamp="2019-08-09T21:46:33.169">
  <mem-info id="3259" free="62914560" total="205520896" percent="30">
    <mem type="eden" free="0" total="58720256" percent="0" />
    <remembered-set count="28032" freebytes="8104192" totalbytes="8216320" percent="98" regionsoverflowed="0" regionsstable="8" regionsrebuilding="0"/>
  </mem-info>
</gc-start>
<allocation-stats totalBytes="58709656" >
  <allocated-bytes non-tlh="0" tlh="58709656" arrayletleaf="0"/>
  <largest-consumer threadName="Thread-31" threadId="000000000210F200" bytes="6159304" />
</allocation-stats>
<gc-op id="3260" type="copy forward" timems="14.130" contextid="3257" timestamp="2019-08-09T21:46:33.185">
  <memory-copied type="eden" objects="20593" bytes="774312" bytesdiscarded="60088" />
  <memory-copied type="other" objects="23955" bytes="989448" bytesdiscarded="35480" />
  <memory-cardclean objects="23070" bytes="1166904" />
  <regions eden="28" other="3" />
  <remembered-set-cleared processed="17068" cleared="6152" durationms="0.350" />
  <stringconstants candidates="15173" cleared="0"  />
</gc-op>
<gc-op id="3261" type="classunload" timems="0.011" contextid="3257" timestamp="2019-08-09T21:46:33.185">
  <classunload-info classloadercandidates="55" classloadersunloaded="0" classesunloaded="0" anonymousclassesunloaded="0" quiescems="0.000" setupms="0.011" scanms="0.000" postms="0.000" />
</gc-op>
<gc-end id="3262" type="partial gc" contextid="3257" durationms="15.455" usertimems="45.460" systemtimems="21.664" timestamp="2019-08-09T21:46:33.185" activeThreads="16">
  <mem-info id="3263" free="119537664" total="205520896" percent="58">
    <mem type="eden" free="1262752" total="2097152" percent="60" />
    <remembered-set count="28800" freebytes="8101120" totalbytes="8216320" percent="98" regionsoverflowed="0" regionsstable="8" regionsrebuilding="0"/>
  </mem-info>
</gc-end>
<cycle-end id="3264" type="partial gc" contextid="3257" timestamp="2019-08-09T21:46:33.185" />
  <attribute name="elasticGC enabled" value="1" />
  <attribute name= "numThreadsSpecified" value="16" />
  <attribute name="heapSize specified" value="0" />
  <attribute name="Current GC Util" value="53" />
  <attribute name= "Current Time Running" value="206257" />
  <attribute name ="GC Interval" value="0" />
  <attribute name="Target GC Util Change" value ="80.000000" />
  <attribute name="Current GC Util Change" value="53.000000"/>
  <attribute name="Current Error" value="12.000000" />
  <attribute name="Output H" value="205596592"/>
  <attribute name="Output I" value="2024"/>
  <attribute name="Output T" value="16"/>
  <attribute name= "Current Time Running" value="206257" />
  <attribute name="GC Util currently" value="53" />
  <attribute name="CPU Util currently" value="1346246446880" />
<exclusive-end id="3265" timestamp="2019-08-09T21:46:33.185" durationms="16.288" />

<exclusive-start id="3266" timestamp="2019-08-09T21:46:33.343" intervalms="173.818">
  <response-info timems="3.425" idlems="3.425" threads="0" lastid="0000000002112D00" lastname="Thread-35" />
</exclusive-start>
<allocation-taxation id="3267" taxation-threshold="58720256" timestamp="2019-08-09T21:46:33.343" intervalms="173.702" />
<cycle-start id="3268" type="partial gc" contextid="0" timestamp="2019-08-09T21:46:33.343" intervalms="173.970" />
<gc-start id="3269" type="partial gc" contextid="3268" timestamp="2019-08-09T21:46:33.343">
  <mem-info id="3270" free="60817408" total="205520896" percent="29">
    <mem type="eden" free="0" total="58720256" percent="0" />
    <remembered-set count="28480" freebytes="8102400" totalbytes="8216320" percent="98" regionsoverflowed="0" regionsstable="8" regionsrebuilding="0"/>
  </mem-info>
</gc-start>
<allocation-stats totalBytes="58709440" >
  <allocated-bytes non-tlh="0" tlh="58709440" arrayletleaf="0"/>
  <largest-consumer threadName="Thread-31" threadId="000000000210F200" bytes="8256272" />
</allocation-stats>
<gc-op id="3271" type="copy forward" timems="13.945" contextid="3268" timestamp="2019-08-09T21:46:33.359">
  <memory-copied type="eden" objects="17676" bytes="705272" bytesdiscarded="95096" />
  <memory-copied type="other" objects="21253" bytes="784824" bytesdiscarded="66344" />
  <memory-cardclean objects="25211" bytes="1284424" />
  <regions eden="28" other="3" />
  <remembered-set-cleared processed="17570" cleared="7907" durationms="0.187" />
  <stringconstants candidates="15173" cleared="0"  />
</gc-op>
<gc-op id="3272" type="classunload" timems="0.011" contextid="3268" timestamp="2019-08-09T21:46:33.359">
  <classunload-info classloadercandidates="55" classloadersunloaded="0" classesunloaded="0" anonymousclassesunloaded="0" quiescems="0.000" setupms="0.011" scanms="0.000" postms="0.000" />
</gc-op>
<gc-end id="3273" type="partial gc" contextid="3268" durationms="15.462" usertimems="28.237" systemtimems="23.546" timestamp="2019-08-09T21:46:33.359" activeThreads="16">
  <mem-info id="3274" free="117440512" total="205520896" percent="57">
    <mem type="eden" free="1296784" total="2097152" percent="61" />
    <remembered-set count="27328" freebytes="8107008" totalbytes="8216320" percent="98" regionsoverflowed="0" regionsstable="8" regionsrebuilding="0"/>
  </mem-info>
</gc-end>
<cycle-end id="3275" type="partial gc" contextid="3268" timestamp="2019-08-09T21:46:33.359" />
  <attribute name="elasticGC enabled" value="1" />
  <attribute name= "numThreadsSpecified" value="16" />
  <attribute name="heapSize specified" value="0" />
  <attribute name="Current GC Util" value="117" />
  <attribute name= "Current Time Running" value="206431" />
  <attribute name ="GC Interval" value="0" />
  <attribute name="Target GC Util Change" value ="80.000000" />
  <attribute name="Current GC Util Change" value="117.000000"/>
  <attribute name="Current Error" value="-37.000000" />
  <attribute name="Output H" value="205596536"/>
  <attribute name="Output I" value="1968"/>
  <attribute name="Output T" value="16"/>
  <attribute name= "Current Time Running" value="206431" />
  <attribute name="GC Util currently" value="117" />
  <attribute name="CPU Util currently" value="1166821765718" />
<exclusive-end id="3276" timestamp="2019-08-09T21:46:33.359" durationms="16.371" />

<exclusive-start id="3277" timestamp="2019-08-09T21:46:33.488" intervalms="145.390">
  <response-info timems="4.204" idlems="4.204" threads="0" lastid="000000000211A500" lastname="Thread-29" />
</exclusive-start>
<allocation-taxation id="3278" taxation-threshold="58720256" timestamp="2019-08-09T21:46:33.488" intervalms="145.394" />
<cycle-start id="3279" type="partial gc" contextid="0" timestamp="2019-08-09T21:46:33.488" intervalms="145.198" />
<gc-start id="3280" type="partial gc" contextid="3279" timestamp="2019-08-09T21:46:33.489">
  <mem-info id="3281" free="58720256" total="205520896" percent="28">
    <mem type="eden" free="0" total="58720256" percent="0" />
    <remembered-set count="27264" freebytes="8107264" totalbytes="8216320" percent="98" regionsoverflowed="0" regionsstable="8" regionsrebuilding="0"/>
  </mem-info>
</gc-start>
<allocation-stats totalBytes="58709768" >
  <allocated-bytes non-tlh="0" tlh="58709768" arrayletleaf="0"/>
  <largest-consumer threadName="Thread-29" threadId="000000000211A500" bytes="7174856" />
</allocation-stats>
<gc-op id="3282" type="copy forward" timems="17.856" contextid="3279" timestamp="2019-08-09T21:46:33.509">
  <memory-copied type="eden" objects="15012" bytes="503392" bytesdiscarded="50728" />
  <memory-copied type="other" objects="43725" bytes="2011032" bytesdiscarded="126920" />
  <memory-cardclean objects="18011" bytes="915712" />
  <regions eden="28" other="3" />
  <remembered-set-cleared processed="16859" cleared="8479" durationms="0.129" />
  <stringconstants candidates="15173" cleared="0"  />
</gc-op>
<gc-op id="3283" type="classunload" timems="0.014" contextid="3279" timestamp="2019-08-09T21:46:33.509">
  <classunload-info classloadercandidates="55" classloadersunloaded="0" classesunloaded="0" anonymousclassesunloaded="0" quiescems="0.000" setupms="0.013" scanms="0.000" postms="0.000" />
</gc-op>
<gc-end id="3284" type="partial gc" contextid="3279" durationms="21.011" usertimems="32.951" systemtimems="25.114" timestamp="2019-08-09T21:46:33.510" activeThreads="16">
  <mem-info id="3285" free="115343360" total="205520896" percent="56">
    <mem type="eden" free="1543032" total="2097152" percent="73" />
    <remembered-set count="30752" freebytes="8093312" totalbytes="8216320" percent="98" regionsoverflowed="0" regionsstable="8" regionsrebuilding="0"/>
  </mem-info>
</gc-end>
<cycle-end id="3286" type="partial gc" contextid="3279" timestamp="2019-08-09T21:46:33.510" />
  <attribute name="elasticGC enabled" value="1" />
  <attribute name= "numThreadsSpecified" value="16" />
  <attribute name="heapSize specified" value="0" />
  <attribute name="Current GC Util" value="134" />
  <attribute name= "Current Time Running" value="206578" />
  <attribute name ="GC Interval" value="0" />
  <attribute name="Target GC Util Change" value ="80.000000" />
  <attribute name="Current GC Util Change" value="134.000000"/>
  <attribute name="Current Error" value="-37.000000" />
  <attribute name="Output H" value="205596536"/>
  <attribute name="Output I" value="1968"/>
  <attribute name="Output T" value="16"/>
  <attribute name= "Current Time Running" value="206578" />
  <attribute name="GC Util currently" value="134" />
  <attribute name="CPU Util currently" value="455026258695" />
<exclusive-end id="3287" timestamp="2019-08-09T21:46:33.510" durationms="21.835" />

<exclusive-start id="3288" timestamp="2019-08-09T21:46:33.586" intervalms="97.748">
  <response-info timems="3.048" idlems="3.048" threads="0" lastid="0000000002116900" lastname="Thread-21" />
</exclusive-start>
<allocation-taxation id="3289" taxation-threshold="58720256" timestamp="2019-08-09T21:46:33.586" intervalms="97.702" />
<cycle-start id="3290" type="partial gc" contextid="0" timestamp="2019-08-09T21:46:33.586" intervalms="97.604" />
<gc-start id="3291" type="partial gc" contextid="3290" timestamp="2019-08-09T21:46:33.586">
  <mem-info id="3292" free="56623104" total="205520896" percent="27">
    <mem type="eden" free="0" total="58720256" percent="0" />
    <remembered-set count="30496" freebytes="8094336" totalbytes="8216320" percent="98" regionsoverflowed="0" regionsstable="8" regionsrebuilding="0"/>
  </mem-info>
</gc-start>
<allocation-stats totalBytes="58710144" >
  <allocated-bytes non-tlh="0" tlh="58710144" arrayletleaf="0"/>
  <largest-consumer threadName="Thread-29" threadId="000000000211A500" bytes="7674720" />
</allocation-stats>
<gc-op id="3293" type="copy forward" timems="17.039" contextid="3290" timestamp="2019-08-09T21:46:33.604">
  <memory-copied type="eden" objects="13023" bytes="455712" bytesdiscarded="32000" />
  <memory-copied type="other" objects="31481" bytes="1305048" bytesdiscarded="59032" />
  <memory-cardclean objects="22496" bytes="1225192" />
  <regions eden="28" other="3" />
  <remembered-set-cleared processed="17889" cleared="8048" durationms="1.012" />
  <stringconstants candidates="15173" cleared="0"  />
</gc-op>
<gc-op id="3294" type="classunload" timems="0.011" contextid="3290" timestamp="2019-08-09T21:46:33.604">
  <classunload-info classloadercandidates="55" classloadersunloaded="0" classesunloaded="0" anonymousclassesunloaded="0" quiescems="0.000" setupms="0.011" scanms="0.000" postms="0.000" />
</gc-op>
<gc-end id="3295" type="partial gc" contextid="3290" durationms="18.124" usertimems="28.936" systemtimems="36.325" timestamp="2019-08-09T21:46:33.604" activeThreads="16">
  <mem-info id="3296" free="113246208" total="205520896" percent="55">
    <mem type="eden" free="1609440" total="2097152" percent="76" />
    <remembered-set count="30528" freebytes="8094208" totalbytes="8216320" percent="98" regionsoverflowed="0" regionsstable="8" regionsrebuilding="0"/>
  </mem-info>
</gc-end>
<cycle-end id="3297" type="partial gc" contextid="3290" timestamp="2019-08-09T21:46:33.604" />
  <attribute name="elasticGC enabled" value="1" />
  <attribute name= "numThreadsSpecified" value="16" />
  <attribute name="heapSize specified" value="0" />
  <attribute name="Current GC Util" value="145" />
  <attribute name= "Current Time Running" value="206673" />
  <attribute name ="GC Interval" value="0" />
  <attribute name="Target GC Util Change" value ="80.000000" />
  <attribute name="Current GC Util Change" value="145.000000"/>
  <attribute name="Current Error" value="-72.000000" />
  <attribute name="Output H" value="205596496"/>
  <attribute name="Output I" value="1928"/>
  <attribute name="Output T" value="16"/>
  <attribute name= "Current Time Running" value="206673" />
  <attribute name="GC Util currently" value="145" />
  <attribute name="CPU Util currently" value="1934730558174" />
<exclusive-end id="3298" timestamp="2019-08-09T21:46:33.604" durationms="18.671" />

<exclusive-start id="3299" timestamp="2019-08-09T21:46:33.659" intervalms="73.602">
  <response-info timems="5.266" idlems="5.266" threads="0" lastid="00000000020F1200" lastname="Thread-28" />
</exclusive-start>
<allocation-taxation id="3300" taxation-threshold="58720256" timestamp="2019-08-09T21:46:33.659" intervalms="73.670" />
<cycle-start id="3301" type="partial gc" contextid="0" timestamp="2019-08-09T21:46:33.660" intervalms="73.728" />
<gc-start id="3302" type="partial gc" contextid="3301" timestamp="2019-08-09T21:46:33.660">
  <mem-info id="3303" free="54525952" total="205520896" percent="26">
    <mem type="eden" free="0" total="58720256" percent="0" />
    <remembered-set count="30432" freebytes="8094592" totalbytes="8216320" percent="98" regionsoverflowed="0" regionsstable="8" regionsrebuilding="0"/>
  </mem-info>
</gc-start>
<allocation-stats totalBytes="58709800" >
  <allocated-bytes non-tlh="0" tlh="58709800" arrayletleaf="0"/>
  <largest-consumer threadName="Thread-29" threadId="000000000211A500" bytes="6704008" />
</allocation-stats>
<gc-op id="3304" type="copy forward" timems="13.723" contextid="3301" timestamp="2019-08-09T21:46:33.675">
  <memory-copied type="eden" objects="11668" bytes="423088" bytesdiscarded="42064" />
  <memory-copied type="other" objects="31017" bytes="1293912" bytesdiscarded="79512" />
  <memory-cardclean objects="26156" bytes="1342912" />
  <regions eden="28" other="3" />
  <remembered-set-cleared processed="18067" cleared="8855" durationms="0.157" />
  <stringconstants candidates="15173" cleared="0"  />
</gc-op>
<gc-op id="3305" type="classunload" timems="0.012" contextid="3301" timestamp="2019-08-09T21:46:33.675">
  <classunload-info classloadercandidates="55" classloadersunloaded="0" classesunloaded="0" anonymousclassesunloaded="0" quiescems="0.000" setupms="0.012" scanms="0.000" postms="0.000" />
</gc-op>
<heap-resize id="3306" type="expand" space="default" amount="31457280" count="1" timems="0.126" reason="excessive time being spent in gc" timestamp="2019-08-09T21:46:33.675" />
<gc-end id="3307" type="partial gc" contextid="3301" durationms="14.980" usertimems="18.244" systemtimems="24.555" timestamp="2019-08-09T21:46:33.675" activeThreads="16">
  <mem-info id="3308" free="142606336" total="236978176" percent="60">
    <mem type="eden" free="1632000" total="2097152" percent="77" />
    <remembered-set count="31936" freebytes="9346176" totalbytes="9473920" percent="98" regionsoverflowed="0" regionsstable="8" regionsrebuilding="0"/>
  </mem-info>
</gc-end>
<cycle-end id="3309" type="partial gc" contextid="3301" timestamp="2019-08-09T21:46:33.675" />
  <attribute name="elasticGC enabled" value="1" />
  <attribute name= "numThreadsSpecified" value="16" />
  <attribute name="heapSize specified" value="0" />
  <attribute name="Current GC Util" value="177" />
  <attribute name= "Current Time Running" value="206747" />
  <attribute name ="GC Interval" value="0" />
  <attribute name="Target GC Util Change" value ="80.000000" />
  <attribute name="Current GC Util Change" value="177.000000"/>
  <attribute name="Current Error" value="-97.000000" />
  <attribute name="Output H" value="205596464"/>
  <attribute name="Output I" value="1896"/>
  <attribute name="Output T" value="16"/>
  <attribute name= "Current Time Running" value="206747" />
  <attribute name="GC Util currently" value="177" />
  <attribute name="CPU Util currently" value="1892268607389" />
<exclusive-end id="3310" timestamp="2019-08-09T21:46:33.675" durationms="15.774" />

<exclusive-start id="3311" timestamp="2019-08-09T21:46:33.773" intervalms="113.782">
  <response-info timems="1.884" idlems="1.884" threads="0" lastid="00000000020DAB00" lastname="Thread-22" />
</exclusive-start>
<allocation-taxation id="3312" taxation-threshold="67108864" timestamp="2019-08-09T21:46:33.773" intervalms="113.712" />
<cycle-start id="3313" type="partial gc" contextid="0" timestamp="2019-08-09T21:46:33.773" intervalms="113.666" />
<gc-start id="3314" type="partial gc" contextid="3313" timestamp="2019-08-09T21:46:33.774">
  <mem-info id="3315" free="75497472" total="236978176" percent="31">
    <mem type="eden" free="0" total="67108864" percent="0" />
    <remembered-set count="31648" freebytes="9347328" totalbytes="9473920" percent="98" regionsoverflowed="0" regionsstable="8" regionsrebuilding="0"/>
  </mem-info>
</gc-start>
<allocation-stats totalBytes="67096960" >
  <allocated-bytes non-tlh="0" tlh="67096960" arrayletleaf="0"/>
  <largest-consumer threadName="Thread-31" threadId="000000000210F200" bytes="8587944" />
</allocation-stats>
<gc-op id="3316" type="copy forward" timems="9.646" contextid="3313" timestamp="2019-08-09T21:46:33.785">
  <memory-copied type="eden" objects="12509" bytes="442856" bytesdiscarded="33856" />
  <memory-copied type="other" objects="35471" bytes="1542264" bytesdiscarded="144608" />
  <memory-cardclean objects="20485" bytes="1061392" />
  <regions eden="32" other="3" />
  <remembered-set-cleared processed="18773" cleared="8668" durationms="0.264" />
  <stringconstants candidates="15173" cleared="0"  />
</gc-op>
<gc-op id="3317" type="classunload" timems="0.011" contextid="3313" timestamp="2019-08-09T21:46:33.785">
  <classunload-info classloadercandidates="55" classloadersunloaded="0" classesunloaded="0" anonymousclassesunloaded="0" quiescems="0.000" setupms="0.010" scanms="0.000" postms="0.000" />
</gc-op>
<heap-resize id="3318" type="expand" space="default" amount="10485760" count="1" timems="0.065" reason="excessive time being spent in gc" timestamp="2019-08-09T21:46:33.785" />
<gc-end id="3319" type="partial gc" contextid="3313" durationms="11.826" usertimems="28.521" systemtimems="17.963" timestamp="2019-08-09T21:46:33.785" activeThreads="16">
  <mem-info id="3320" free="148897792" total="247463936" percent="60">
    <mem type="eden" free="3717592" total="4194304" percent="88" />
    <remembered-set count="31296" freebytes="9767936" totalbytes="9893120" percent="98" regionsoverflowed="0" regionsstable="8" regionsrebuilding="0"/>
  </mem-info>
</gc-end>
<cycle-end id="3321" type="partial gc" contextid="3313" timestamp="2019-08-09T21:46:33.785" />
  <attribute name="elasticGC enabled" value="1" />
  <attribute name= "numThreadsSpecified" value="16" />
  <attribute name="heapSize specified" value="0" />
  <attribute name="Current GC Util" value="188" />
  <attribute name= "Current Time Running" value="206862" />
  <attribute name ="GC Interval" value="0" />
  <attribute name="Target GC Util Change" value ="80.000000" />
  <attribute name="Current GC Util Change" value="188.000000"/>
  <attribute name="Current Error" value="-162.000000" />
  <attribute name="Output H" value="237053672"/>
  <attribute name="Output I" value="1824"/>
  <attribute name="Output T" value="16"/>
  <attribute name= "Current Time Running" value="206862" />
  <attribute name="GC Util currently" value="188" />
  <attribute name="CPU Util currently" value="800326411621" />
<exclusive-end id="3322" timestamp="2019-08-09T21:46:33.786" durationms="12.470" />

<exclusive-start id="3323" timestamp="2019-08-09T21:46:33.915" intervalms="142.200">
  <response-info timems="2.280" idlems="2.280" threads="0" lastid="00000000020FC600" lastname="Thread-32" />
</exclusive-start>
<allocation-taxation id="3324" taxation-threshold="69206016" timestamp="2019-08-09T21:46:33.915" intervalms="142.281" />
<cycle-start id="3325" type="partial gc" contextid="0" timestamp="2019-08-09T21:46:33.915" intervalms="142.254" />
<gc-start id="3326" type="partial gc" contextid="3325" timestamp="2019-08-09T21:46:33.916">
  <mem-info id="3327" free="79691776" total="247463936" percent="32">
    <mem type="eden" free="0" total="69206016" percent="0" />
    <remembered-set count="31168" freebytes="9768448" totalbytes="9893120" percent="98" regionsoverflowed="0" regionsstable="8" regionsrebuilding="0"/>
  </mem-info>
</gc-start>
<allocation-stats totalBytes="69193992" >
  <allocated-bytes non-tlh="0" tlh="69193992" arrayletleaf="0"/>
  <largest-consumer threadName="Thread-29" threadId="000000000211A500" bytes="9652776" />
</allocation-stats>
<gc-op id="3328" type="copy forward" timems="13.462" contextid="3325" timestamp="2019-08-09T21:46:33.930">
  <memory-copied type="eden" objects="16028" bytes="665000" bytesdiscarded="60336" />
  <memory-copied type="other" objects="25067" bytes="876360" bytesdiscarded="66952" />
  <memory-cardclean objects="29169" bytes="1497568" />
  <regions eden="33" other="5" />
  <remembered-set-cleared processed="16560" cleared="7146" durationms="0.135" />
  <stringconstants candidates="15173" cleared="0"  />
</gc-op>
<gc-op id="3329" type="classunload" timems="0.011" contextid="3325" timestamp="2019-08-09T21:46:33.930">
  <classunload-info classloadercandidates="55" classloadersunloaded="0" classesunloaded="0" anonymousclassesunloaded="0" quiescems="0.000" setupms="0.011" scanms="0.000" postms="0.000" />
</gc-op>
<heap-resize id="3330" type="expand" space="default" amount="4194304" count="1" timems="0.055" reason="excessive time being spent in gc" timestamp="2019-08-09T21:46:33.930" />
<gc-end id="3331" type="partial gc" contextid="3325" durationms="14.779" usertimems="28.703" systemtimems="22.143" timestamp="2019-08-09T21:46:33.930" activeThreads="16">
  <mem-info id="3332" free="150994944" total="251658240" percent="60">
    <mem type="eden" free="3468968" total="4194304" percent="82" />
    <remembered-set count="32096" freebytes="9932416" totalbytes="10060800" percent="98" regionsoverflowed="0" regionsstable="8" regionsrebuilding="0"/>
  </mem-info>
</gc-end>
<cycle-end id="3333" type="partial gc" contextid="3325" timestamp="2019-08-09T21:46:33.931" />
  <attribute name="elasticGC enabled" value="1" />
  <attribute name= "numThreadsSpecified" value="16" />
  <attribute name="heapSize specified" value="0" />
  <attribute name="Current GC Util" value="107" />
  <attribute name= "Current Time Running" value="207003" />
  <attribute name ="GC Interval" value="0" />
  <attribute name="Target GC Util Change" value ="80.000000" />
  <attribute name="Current GC Util Change" value="107.000000"/>
  <attribute name="Current Error" value="-134.000000" />
  <attribute name="Output H" value="247539464"/>
  <attribute name="Output I" value="1856"/>
  <attribute name="Output T" value="16"/>
  <attribute name= "Current Time Running" value="207003" />
  <attribute name="GC Util currently" value="107" />
  <attribute name="CPU Util currently" value="1601130751173" />
<exclusive-end id="3334" timestamp="2019-08-09T21:46:33.931" durationms="15.354" />

<exclusive-start id="3335" timestamp="2019-08-09T21:46:33.998" intervalms="83.214">
  <response-info timems="3.663" idlems="0.714" threads="5" lastid="00000000020FC600" lastname="Thread-32" />
</exclusive-start>
<allocation-taxation id="3336" taxation-threshold="69206016" timestamp="2019-08-09T21:46:33.999" intervalms="83.141" />
<cycle-start id="3337" type="partial gc" contextid="0" timestamp="2019-08-09T21:46:33.999" intervalms="83.207" />
<gc-start id="3338" type="partial gc" contextid="3337" timestamp="2019-08-09T21:46:33.999">
  <mem-info id="3339" free="81788928" total="251658240" percent="32">
    <mem type="eden" free="0" total="69206016" percent="0" />
    <remembered-set count="31776" freebytes="9933696" totalbytes="10060800" percent="98" regionsoverflowed="0" regionsstable="8" regionsrebuilding="0"/>
  </mem-info>
</gc-start>
<allocation-stats totalBytes="69194104" >
  <allocated-bytes non-tlh="0" tlh="69194104" arrayletleaf="0"/>
  <largest-consumer threadName="Thread-29" threadId="000000000211A500" bytes="8047432" />
</allocation-stats>
<gc-op id="3340" type="copy forward" timems="12.692" contextid="3337" timestamp="2019-08-09T21:46:34.013">
  <memory-copied type="eden" objects="5875" bytes="147376" bytesdiscarded="33104" />
  <memory-copied type="other" objects="42725" bytes="1849656" bytesdiscarded="133032" />
  <memory-cardclean objects="23622" bytes="1169296" />
  <regions eden="33" other="5" />
  <remembered-set-cleared processed="16801" cleared="7802" durationms="0.226" />
  <stringconstants candidates="15173" cleared="0"  />
</gc-op>
<gc-op id="3341" type="classunload" timems="0.011" contextid="3337" timestamp="2019-08-09T21:46:34.013">
  <classunload-info classloadercandidates="55" classloadersunloaded="0" classesunloaded="0" anonymousclassesunloaded="0" quiescems="0.000" setupms="0.011" scanms="0.000" postms="0.000" />
</gc-op>
<gc-end id="3342" type="partial gc" contextid="3337" durationms="13.928" usertimems="35.624" systemtimems="19.028" timestamp="2019-08-09T21:46:34.013" activeThreads="16">
  <mem-info id="3343" free="150994944" total="251658240" percent="60">
    <mem type="eden" free="1916672" total="2097152" percent="91" />
    <remembered-set count="30272" freebytes="9939712" totalbytes="10060800" percent="98" regionsoverflowed="0" regionsstable="8" regionsrebuilding="0"/>
  </mem-info>
</gc-end>
<cycle-end id="3344" type="partial gc" contextid="3337" timestamp="2019-08-09T21:46:34.013" />
  <attribute name="elasticGC enabled" value="1" />
  <attribute name= "numThreadsSpecified" value="16" />
  <attribute name="heapSize specified" value="0" />
  <attribute name="Current GC Util" value="193" />
  <attribute name= "Current Time Running" value="207087" />
  <attribute name ="GC Interval" value="0" />
  <attribute name="Target GC Util Change" value ="80.000000" />
  <attribute name="Current GC Util Change" value="193.000000"/>
  <attribute name="Current Error" value="-113.000000" />
  <attribute name="Output H" value="251733792"/>
  <attribute name="Output I" value="1880"/>
  <attribute name="Output T" value="16"/>
  <attribute name= "Current Time Running" value="207087" />
  <attribute name="GC Util currently" value="193" />
  <attribute name="CPU Util currently" value="1543666674251" />
<exclusive-end id="3345" timestamp="2019-08-09T21:46:34.014" durationms="15.059" />

<exclusive-start id="3346" timestamp="2019-08-09T21:46:34.161" intervalms="162.421">
  <response-info timems="4.797" idlems="2.401" threads="1" lastid="00000000020D6F00" lastname="Thread-25" />
</exclusive-start>
<allocation-taxation id="3347" taxation-threshold="69206016" timestamp="2019-08-09T21:46:34.161" intervalms="162.440" />
<cycle-start id="3348" type="partial gc" contextid="0" timestamp="2019-08-09T21:46:34.161" intervalms="162.526" />
<gc-start id="3349" type="partial gc" contextid="3348" timestamp="2019-08-09T21:46:34.162">
  <mem-info id="3350" free="81788928" total="251658240" percent="32">
    <mem type="eden" free="0" total="69206016" percent="0" />
    <remembered-set count="30208" freebytes="9939968" totalbytes="10060800" percent="98" regionsoverflowed="0" regionsstable="8" regionsrebuilding="0"/>
  </mem-info>
</gc-start>
<allocation-stats totalBytes="69193816" >
  <allocated-bytes non-tlh="0" tlh="69193816" arrayletleaf="0"/>
  <largest-consumer threadName="Thread-29" threadId="000000000211A500" bytes="10697088" />
</allocation-stats>
<gc-op id="3351" type="copy forward" timems="12.226" contextid="3348" timestamp="2019-08-09T21:46:34.176">
  <memory-copied type="eden" objects="9979" bytes="382576" bytesdiscarded="6536" />
  <memory-copied type="other" objects="28972" bytes="1244832" bytesdiscarded="94136" />
  <memory-cardclean objects="20615" bytes="1075720" />
  <regions eden="33" other="4" />
  <remembered-set-cleared processed="17778" cleared="7494" durationms="0.168" />
  <stringconstants candidates="15173" cleared="0"  />
</gc-op>
<gc-op id="3352" type="classunload" timems="0.011" contextid="3348" timestamp="2019-08-09T21:46:34.176">
  <classunload-info classloadercandidates="55" classloadersunloaded="0" classesunloaded="0" anonymousclassesunloaded="0" quiescems="0.000" setupms="0.010" scanms="0.000" postms="0.000" />
</gc-op>
<gc-end id="3353" type="partial gc" contextid="3348" durationms="13.902" usertimems="29.288" systemtimems="24.358" timestamp="2019-08-09T21:46:34.176" activeThreads="16">
  <mem-info id="3354" free="146800640" total="251658240" percent="58">
    <mem type="eden" free="3805192" total="4194304" percent="90" />
    <remembered-set count="31776" freebytes="9933696" totalbytes="10060800" percent="98" regionsoverflowed="0" regionsstable="8" regionsrebuilding="0"/>
  </mem-info>
</gc-end>
<cycle-end id="3355" type="partial gc" contextid="3348" timestamp="2019-08-09T21:46:34.176" />
  <attribute name="elasticGC enabled" value="1" />
  <attribute name= "numThreadsSpecified" value="16" />
  <attribute name="heapSize specified" value="0" />
  <attribute name="Current GC Util" value="165" />
  <attribute name= "Current Time Running" value="207250" />
  <attribute name ="GC Interval" value="0" />
  <attribute name="Target GC Util Change" value ="80.000000" />
  <attribute name="Current GC Util Change" value="165.000000"/>
  <attribute name="Current Error" value="-144.000000" />
  <attribute name="Output H" value="251733760"/>
  <attribute name="Output I" value="1848"/>
  <attribute name="Output T" value="16"/>
  <attribute name= "Current Time Running" value="207250" />
  <attribute name="GC Util currently" value="165" />
  <attribute name="CPU Util currently" value="1034039915093" />
<exclusive-end id="3356" timestamp="2019-08-09T21:46:34.176" durationms="15.311" />

<exclusive-start id="3357" timestamp="2019-08-09T21:46:34.255" intervalms="94.253">
  <response-info timems="3.319" idlems="3.319" threads="0" lastid="0000000002116900" lastname="Thread-21" />
</exclusive-start>
<allocation-taxation id="3358" taxation-threshold="69206016" timestamp="2019-08-09T21:46:34.255" intervalms="94.295" />
<cycle-start id="3359" type="partial gc" contextid="0" timestamp="2019-08-09T21:46:34.255" intervalms="94.172" />
<gc-start id="3360" type="partial gc" contextid="3359" timestamp="2019-08-09T21:46:34.256">
  <mem-info id="3361" free="77594624" total="251658240" percent="30">
    <mem type="eden" free="0" total="69206016" percent="0" />
    <remembered-set count="31456" freebytes="9934976" totalbytes="10060800" percent="98" regionsoverflowed="0" regionsstable="8" regionsrebuilding="0"/>
  </mem-info>
</gc-start>
<allocation-stats totalBytes="69193840" >
  <allocated-bytes non-tlh="0" tlh="69193840" arrayletleaf="0"/>
  <largest-consumer threadName="Thread-28" threadId="00000000020F1200" bytes="7715576" />
</allocation-stats>
<gc-op id="3362" type="copy forward" timems="14.913" contextid="3359" timestamp="2019-08-09T21:46:34.271">
  <memory-copied type="eden" objects="10356" bytes="391944" bytesdiscarded="36088" />
  <memory-copied type="other" objects="18455" bytes="717672" bytesdiscarded="73672" />
  <memory-cardclean objects="24854" bytes="1297912" />
  <regions eden="33" other="5" />
  <remembered-set-cleared processed="16437" cleared="7176" durationms="0.499" />
  <stringconstants candidates="15173" cleared="0"  />
</gc-op>
<gc-op id="3363" type="classunload" timems="0.010" contextid="3359" timestamp="2019-08-09T21:46:34.272">
  <classunload-info classloadercandidates="55" classloadersunloaded="0" classesunloaded="0" anonymousclassesunloaded="0" quiescems="0.000" setupms="0.010" scanms="0.000" postms="0.000" />
</gc-op>
<heap-resize id="3364" type="expand" space="default" amount="10485760" count="1" timems="0.064" reason="excessive time being spent in gc" timestamp="2019-08-09T21:46:34.272" />
<gc-end id="3365" type="partial gc" contextid="3359" durationms="16.140" usertimems="28.973" systemtimems="18.546" timestamp="2019-08-09T21:46:34.272" activeThreads="16">
  <mem-info id="3366" free="157286400" total="262144000" percent="60">
    <mem type="eden" free="1669120" total="2097152" percent="79" />
    <remembered-set count="31296" freebytes="10354816" totalbytes="10480000" percent="98" regionsoverflowed="0" regionsstable="8" regionsrebuilding="0"/>
  </mem-info>
</gc-end>
<cycle-end id="3367" type="partial gc" contextid="3359" timestamp="2019-08-09T21:46:34.272" />
  <attribute name="elasticGC enabled" value="1" />
  <attribute name= "numThreadsSpecified" value="16" />
  <attribute name="heapSize specified" value="0" />
  <attribute name="Current GC Util" value="169" />
  <attribute name= "Current Time Running" value="207343" />
  <attribute name ="GC Interval" value="0" />
  <attribute name="Target GC Util Change" value ="80.000000" />
  <attribute name="Current GC Util Change" value="169.000000"/>
  <attribute name="Current Error" value="-197.000000" />
  <attribute name="Output H" value="251733696"/>
  <attribute name="Output I" value="1784"/>
  <attribute name="Output T" value="16"/>
  <attribute name= "Current Time Running" value="207343" />
  <attribute name="GC Util currently" value="169" />
  <attribute name="CPU Util currently" value="1917400499235" />
<exclusive-end id="3368" timestamp="2019-08-09T21:46:34.272" durationms="16.834" />

<exclusive-start id="3369" timestamp="2019-08-09T21:46:34.326" intervalms="70.378">
  <response-info timems="3.377" idlems="3.377" threads="0" lastid="00000000020F8A00" lastname="Thread-26" />
</exclusive-start>
<allocation-taxation id="3370" taxation-threshold="73400320" timestamp="2019-08-09T21:46:34.326" intervalms="70.323" />
<cycle-start id="3371" type="partial gc" contextid="0" timestamp="2019-08-09T21:46:34.326" intervalms="70.349" />
<gc-start id="3372" type="partial gc" contextid="3371" timestamp="2019-08-09T21:46:34.326">
  <mem-info id="3373" free="83886080" total="262144000" percent="32">
    <mem type="eden" free="0" total="73400320" percent="0" />
    <remembered-set count="31200" freebytes="10355200" totalbytes="10480000" percent="98" regionsoverflowed="0" regionsstable="8" regionsrebuilding="0"/>
  </mem-info>
</gc-start>
<allocation-stats totalBytes="73387592" >
  <allocated-bytes non-tlh="0" tlh="73387592" arrayletleaf="0"/>
  <largest-consumer threadName="Thread-29" threadId="000000000211A500" bytes="9132592" />
</allocation-stats>
<gc-op id="3374" type="copy forward" timems="9.994" contextid="3371" timestamp="2019-08-09T21:46:34.337">
  <memory-copied type="eden" objects="11548" bytes="420816" bytesdiscarded="41144" />
  <memory-copied type="other" objects="35550" bytes="1540080" bytesdiscarded="153192" />
  <memory-cardclean objects="20591" bytes="1035976" />
  <regions eden="35" other="4" />
  <remembered-set-cleared processed="15960" cleared="4279" durationms="0.146" />
  <stringconstants candidates="15173" cleared="0"  />
</gc-op>
<gc-op id="3375" type="classunload" timems="0.015" contextid="3371" timestamp="2019-08-09T21:46:34.337">
  <classunload-info classloadercandidates="55" classloadersunloaded="0" classesunloaded="0" anonymousclassesunloaded="0" quiescems="0.000" setupms="0.014" scanms="0.000" postms="0.000" />
</gc-op>
<heap-resize id="3376" type="expand" space="default" amount="10485760" count="1" timems="0.066" reason="excessive time being spent in gc" timestamp="2019-08-09T21:46:34.337" />
<gc-end id="3377" type="partial gc" contextid="3371" durationms="11.540" usertimems="24.474" systemtimems="11.920" timestamp="2019-08-09T21:46:34.338" activeThreads="16">
  <mem-info id="3378" free="163577856" total="272629760" percent="60">
    <mem type="eden" free="3732344" total="4194304" percent="88" />
    <remembered-set count="32000" freebytes="10771200" totalbytes="10899200" percent="98" regionsoverflowed="0" regionsstable="8" regionsrebuilding="0"/>
  </mem-info>
</gc-end>
<cycle-end id="3379" type="partial gc" contextid="3371" timestamp="2019-08-09T21:46:34.338" />
  <attribute name="elasticGC enabled" value="1" />
  <attribute name= "numThreadsSpecified" value="16" />
  <attribute name="heapSize specified" value="0" />
  <attribute name="Current GC Util" value="152" />
  <attribute name= "Current Time Running" value="207414" />
  <attribute name ="GC Interval" value="0" />
  <attribute name="Target GC Util Change" value ="80.000000" />
  <attribute name="Current GC Util Change" value="152.000000"/>
  <attribute name="Current Error" value="-72.000000" />
  <attribute name="Output H" value="262219600"/>
  <attribute name="Output I" value="1928"/>
  <attribute name="Output T" value="16"/>
  <attribute name= "Current Time Running" value="207414" />
  <attribute name="GC Util currently" value="152" />
  <attribute name="CPU Util currently" value="1299209845690" />
<exclusive-end id="3380" timestamp="2019-08-09T21:46:34.338" durationms="12.295" />

<exclusive-start id="3381" timestamp="2019-08-09T21:46:34.374" intervalms="48.096">
  <response-info timems="0.303" idlems="0.303" threads="0" lastid="00000000020F8A00" lastname="Thread-26" />
</exclusive-start>
<allocation-taxation id="3382" taxation-threshold="75497472" timestamp="2019-08-09T21:46:34.374" intervalms="48.083" />
<cycle-start id="3383" type="partial gc" contextid="0" timestamp="2019-08-09T21:46:34.374" intervalms="48.082" />
<gc-start id="3384" type="partial gc" contextid="3383" timestamp="2019-08-09T21:46:34.374">
  <mem-info id="3385" free="88080384" total="272629760" percent="32">
    <mem type="eden" free="0" total="75497472" percent="0" />
    <remembered-set count="31872" freebytes="10771712" totalbytes="10899200" percent="98" regionsoverflowed="0" regionsstable="8" regionsrebuilding="0"/>
  </mem-info>
</gc-start>
<allocation-stats totalBytes="75484480" >
  <allocated-bytes non-tlh="0" tlh="75484480" arrayletleaf="0"/>
  <largest-consumer threadName="Thread-28" threadId="00000000020F1200" bytes="9382432" />
</allocation-stats>
<gc-op id="3386" type="copy forward" timems="12.727" contextid="3383" timestamp="2019-08-09T21:46:34.388">
  <memory-copied type="eden" objects="15867" bytes="661768" bytesdiscarded="57456" />
  <memory-copied type="other" objects="36558" bytes="1564272" bytesdiscarded="109000" />
  <memory-cardclean objects="21375" bytes="1119280" />
  <regions eden="36" other="5" />
  <remembered-set-cleared processed="17303" cleared="9038" durationms="0.176" />
  <stringconstants candidates="15173" cleared="0"  />
</gc-op>
<gc-op id="3387" type="classunload" timems="0.011" contextid="3383" timestamp="2019-08-09T21:46:34.388">
  <classunload-info classloadercandidates="55" classloadersunloaded="0" classesunloaded="0" anonymousclassesunloaded="0" quiescems="0.000" setupms="0.010" scanms="0.000" postms="0.000" />
</gc-op>
<gc-end id="3388" type="partial gc" contextid="3383" durationms="14.246" usertimems="18.976" systemtimems="23.277" timestamp="2019-08-09T21:46:34.388" activeThreads="16">
  <mem-info id="3389" free="163577856" total="272629760" percent="60">
    <mem type="eden" free="1377928" total="2097152" percent="65" />
    <remembered-set count="32160" freebytes="10770560" totalbytes="10899200" percent="98" regionsoverflowed="0" regionsstable="8" regionsrebuilding="0"/>
  </mem-info>
</gc-end>
<cycle-end id="3390" type="partial gc" contextid="3383" timestamp="2019-08-09T21:46:34.388" />
  <attribute name="elasticGC enabled" value="1" />
  <attribute name= "numThreadsSpecified" value="16" />
  <attribute name="heapSize specified" value="0" />
  <attribute name="Current GC Util" value="105" />
  <attribute name= "Current Time Running" value="207462" />
  <attribute name ="GC Interval" value="0" />
  <attribute name="Target GC Util Change" value ="80.000000" />
  <attribute name="Current GC Util Change" value="105.000000"/>
  <attribute name="Current Error" value="-92.000000" />
  <attribute name="Output H" value="272705336"/>
  <attribute name="Output I" value="1904"/>
  <attribute name="Output T" value="16"/>
  <attribute name= "Current Time Running" value="207462" />
  <attribute name="GC Util currently" value="105" />
  <attribute name="CPU Util currently" value="1190455279773" />
<exclusive-end id="3391" timestamp="2019-08-09T21:46:34.389" durationms="14.899" />

<exclusive-start id="3392" timestamp="2019-08-09T21:46:34.443" intervalms="69.379">
  <response-info timems="4.094" idlems="4.094" threads="0" lastid="00000000020E9B00" lastname="Thread-34" />
</exclusive-start>
<allocation-taxation id="3393" taxation-threshold="75497472" timestamp="2019-08-09T21:46:34.443" intervalms="69.441" />
<cycle-start id="3394" type="partial gc" contextid="0" timestamp="2019-08-09T21:46:34.443" intervalms="69.416" />
<gc-start id="3395" type="partial gc" contextid="3394" timestamp="2019-08-09T21:46:34.444">
  <mem-info id="3396" free="88080384" total="272629760" percent="32">
    <mem type="eden" free="0" total="75497472" percent="0" />
    <remembered-set count="32160" freebytes="10770560" totalbytes="10899200" percent="98" regionsoverflowed="0" regionsstable="8" regionsrebuilding="0"/>
  </mem-info>
</gc-start>
<allocation-stats totalBytes="75484424" >
  <allocated-bytes non-tlh="0" tlh="75484424" arrayletleaf="0"/>
  <largest-consumer threadName="Thread-34" threadId="00000000020E9B00" bytes="7752424" />
</allocation-stats>
<gc-op id="3397" type="copy forward" timems="13.999" contextid="3394" timestamp="2019-08-09T21:46:34.459">
  <memory-copied type="eden" objects="11476" bytes="418184" bytesdiscarded="40424" />
  <memory-copied type="other" objects="44620" bytes="1895136" bytesdiscarded="88264" />
  <memory-cardclean objects="26535" bytes="1385200" />
  <regions eden="36" other="4" />
  <remembered-set-cleared processed="16723" cleared="5614" durationms="0.324" />
  <stringconstants candidates="15173" cleared="0"  />
</gc-op>
<gc-op id="3398" type="classunload" timems="0.011" contextid="3394" timestamp="2019-08-09T21:46:34.459">
  <classunload-info classloadercandidates="55" classloadersunloaded="0" classesunloaded="0" anonymousclassesunloaded="0" quiescems="0.000" setupms="0.011" scanms="0.000" postms="0.000" />
</gc-op>
<heap-resize id="3399" type="expand" space="default" amount="6291456" count="1" timems="0.067" reason="excessive time being spent in gc" timestamp="2019-08-09T21:46:34.460" />
<gc-end id="3400" type="partial gc" contextid="3394" durationms="16.188" usertimems="13.901" systemtimems="26.471" timestamp="2019-08-09T21:46:34.460" activeThreads="16">
  <mem-info id="3401" free="167772160" total="278921216" percent="60">
    <mem type="eden" free="1638544" total="2097152" percent="78" />
    <remembered-set count="32288" freebytes="11021568" totalbytes="11150720" percent="98" regionsoverflowed="0" regionsstable="8" regionsrebuilding="0"/>
  </mem-info>
</gc-end>
<cycle-end id="3402" type="partial gc" contextid="3394" timestamp="2019-08-09T21:46:34.460" />
  <attribute name="elasticGC enabled" value="1" />
  <attribute name= "numThreadsSpecified" value="16" />
  <attribute name="heapSize specified" value="0" />
  <attribute name="Current GC Util" value="261" />
  <attribute name= "Current Time Running" value="207532" />
  <attribute name ="GC Interval" value="0" />
  <attribute name="Target GC Util Change" value ="80.000000" />
  <attribute name="Current GC Util Change" value="261.000000"/>
  <attribute name="Current Error" value="-253.000000" />
  <attribute name="Output H" value="272705152"/>
  <attribute name="Output I" value="1720"/>
  <attribute name="Output T" value="16"/>
  <attribute name= "Current Time Running" value="207532" />
  <attribute name="GC Util currently" value="261" />
  <attribute name="CPU Util currently" value="878674730273" />
<exclusive-end id="3403" timestamp="2019-08-09T21:46:34.460" durationms="17.022" />

<exclusive-start id="3404" timestamp="2019-08-09T21:46:34.533" intervalms="89.697">
  <response-info timems="5.603" idlems="5.549" threads="1" lastid="0000000002134100" lastname="Thread-30" />
</exclusive-start>
<allocation-taxation id="3405" taxation-threshold="77594624" timestamp="2019-08-09T21:46:34.533" intervalms="89.635" />
<cycle-start id="3406" type="partial gc" contextid="0" timestamp="2019-08-09T21:46:34.533" intervalms="89.705" />
<gc-start id="3407" type="partial gc" contextid="3406" timestamp="2019-08-09T21:46:34.533">
  <mem-info id="3408" free="90177536" total="278921216" percent="32">
    <mem type="eden" free="0" total="77594624" percent="0" />
    <remembered-set count="32224" freebytes="11021824" totalbytes="11150720" percent="98" regionsoverflowed="0" regionsstable="8" regionsrebuilding="0"/>
  </mem-info>
</gc-start>
<allocation-stats totalBytes="77581360" >
  <allocated-bytes non-tlh="0" tlh="77581360" arrayletleaf="0"/>
  <largest-consumer threadName="Thread-24" threadId="0000000002100200" bytes="7928624" />
</allocation-stats>
<gc-op id="3409" type="copy forward" timems="12.245" contextid="3406" timestamp="2019-08-09T21:46:34.546">
  <memory-copied type="eden" objects="12553" bytes="444432" bytesdiscarded="32824" />
  <memory-copied type="other" objects="25212" bytes="1017216" bytesdiscarded="100320" />
  <memory-cardclean objects="20070" bytes="1078888" />
  <regions eden="37" other="2" />
  <remembered-set-cleared processed="19624" cleared="2756" durationms="0.158" />
  <stringconstants candidates="15173" cleared="0"  />
</gc-op>
<gc-op id="3410" type="classunload" timems="0.014" contextid="3406" timestamp="2019-08-09T21:46:34.546">
  <classunload-info classloadercandidates="55" classloadersunloaded="0" classesunloaded="0" anonymousclassesunloaded="0" quiescems="0.000" setupms="0.014" scanms="0.000" postms="0.000" />
</gc-op>
<heap-resize id="3411" type="expand" space="default" amount="10485760" count="1" timems="0.073" reason="excessive time being spent in gc" timestamp="2019-08-09T21:46:34.547" />
<gc-end id="3412" type="partial gc" contextid="3406" durationms="13.527" usertimems="18.462" systemtimems="16.993" timestamp="2019-08-09T21:46:34.547" activeThreads="16">
  <mem-info id="3413" free="174063616" total="289406976" percent="60">
    <mem type="eden" free="3717048" total="4194304" percent="88" />
    <remembered-set count="35264" freebytes="11428864" totalbytes="11569920" percent="98" regionsoverflowed="0" regionsstable="8" regionsrebuilding="0"/>
  </mem-info>
</gc-end>
<cycle-end id="3414" type="partial gc" contextid="3406" timestamp="2019-08-09T21:46:34.547" />
  <attribute name="elasticGC enabled" value="1" />
  <attribute name= "numThreadsSpecified" value="16" />
  <attribute name="heapSize specified" value="0" />
  <attribute name="Current GC Util" value="156" />
  <attribute name= "Current Time Running" value="207621" />
  <attribute name ="GC Interval" value="0" />
  <attribute name="Target GC Util Change" value ="80.000000" />
  <attribute name="Current GC Util Change" value="156.000000"/>
  <attribute name="Current Error" value="-76.000000" />
  <attribute name="Output H" value="278996816"/>
  <attribute name="Output I" value="1928"/>
  <attribute name="Output T" value="16"/>
  <attribute name= "Current Time Running" value="207621" />
  <attribute name="GC Util currently" value="156" />
  <attribute name="CPU Util currently" value="1656967664450" />
<exclusive-end id="3415" timestamp="2019-08-09T21:46:34.547" durationms="14.248" />

<exclusive-start id="3416" timestamp="2019-08-09T21:46:34.613" intervalms="80.181">
  <response-info timems="0.431" idlems="0.431" threads="0" lastid="000000000211A500" lastname="Thread-29" />
</exclusive-start>
<allocation-taxation id="3417" taxation-threshold="79691776" timestamp="2019-08-09T21:46:34.613" intervalms="80.178" />
<cycle-start id="3418" type="partial gc" contextid="0" timestamp="2019-08-09T21:46:34.613" intervalms="80.158" />
<gc-start id="3419" type="partial gc" contextid="3418" timestamp="2019-08-09T21:46:34.613">
  <mem-info id="3420" free="94371840" total="289406976" percent="32">
    <mem type="eden" free="0" total="79691776" percent="0" />
    <remembered-set count="34848" freebytes="11430528" totalbytes="11569920" percent="98" regionsoverflowed="0" regionsstable="8" regionsrebuilding="0"/>
  </mem-info>
</gc-start>
<allocation-stats totalBytes="79678296" >
  <allocated-bytes non-tlh="0" tlh="79678296" arrayletleaf="0"/>
  <largest-consumer threadName="Thread-28" threadId="00000000020F1200" bytes="9419488" />
</allocation-stats>
<gc-op id="3421" type="copy forward" timems="10.064" contextid="3418" timestamp="2019-08-09T21:46:34.624">
  <memory-copied type="eden" objects="14685" bytes="496032" bytesdiscarded="48592" />
  <memory-copied type="other" objects="29886" bytes="1129392" bytesdiscarded="83656" />
  <memory-cardclean objects="29269" bytes="1441696" />
  <regions eden="38" other="5" />
  <remembered-set-cleared processed="19885" cleared="7206" durationms="0.272" />
  <stringconstants candidates="15173" cleared="0"  />
</gc-op>
<gc-op id="3422" type="classunload" timems="0.011" contextid="3418" timestamp="2019-08-09T21:46:34.625">
  <classunload-info classloadercandidates="55" classloadersunloaded="0" classesunloaded="0" anonymousclassesunloaded="0" quiescems="0.000" setupms="0.011" scanms="0.000" postms="0.000" />
</gc-op>
<gc-end id="3423" type="partial gc" contextid="3418" durationms="11.296" usertimems="24.504" systemtimems="10.361" timestamp="2019-08-09T21:46:34.625" activeThreads="16">
  <mem-info id="3424" free="174063616" total="289406976" percent="60">
    <mem type="eden" free="1552528" total="2097152" percent="74" />
    <remembered-set count="38016" freebytes="11417856" totalbytes="11569920" percent="98" regionsoverflowed="0" regionsstable="8" regionsrebuilding="0"/>
  </mem-info>
</gc-end>
<cycle-end id="3425" type="partial gc" contextid="3418" timestamp="2019-08-09T21:46:34.625" />
  <attribute name="elasticGC enabled" value="1" />
  <attribute name= "numThreadsSpecified" value="16" />
  <attribute name="heapSize specified" value="0" />
  <attribute name="Current GC Util" value="122" />
  <attribute name= "Current Time Running" value="207701" />
  <attribute name ="GC Interval" value="0" />
  <attribute name="Target GC Util Change" value ="80.000000" />
  <attribute name="Current GC Util Change" value="122.000000"/>
  <attribute name="Current Error" value="-81.000000" />
  <attribute name="Output H" value="289482568"/>
  <attribute name="Output I" value="1920"/>
  <attribute name="Output T" value="16"/>
  <attribute name= "Current Time Running" value="207701" />
  <attribute name="GC Util currently" value="122" />
  <attribute name="CPU Util currently" value="1550707300621" />
<exclusive-end id="3426" timestamp="2019-08-09T21:46:34.625" durationms="11.957" />

<exclusive-start id="3427" timestamp="2019-08-09T21:46:34.689" intervalms="76.316">
  <response-info timems="3.907" idlems="3.907" threads="0" lastid="00000000020E2300" lastname="Thread-33" />
</exclusive-start>
<allocation-taxation id="3428" taxation-threshold="79691776" timestamp="2019-08-09T21:46:34.689" intervalms="76.311" />
<cycle-start id="3429" type="partial gc" contextid="0" timestamp="2019-08-09T21:46:34.689" intervalms="76.269" />
<gc-start id="3430" type="partial gc" contextid="3429" timestamp="2019-08-09T21:46:34.690">
  <mem-info id="3431" free="94371840" total="289406976" percent="32">
    <mem type="eden" free="0" total="79691776" percent="0" />
    <remembered-set count="37536" freebytes="11419776" totalbytes="11569920" percent="98" regionsoverflowed="0" regionsstable="8" regionsrebuilding="0"/>
  </mem-info>
</gc-start>
<allocation-stats totalBytes="79678184" >
  <allocated-bytes non-tlh="0" tlh="79678184" arrayletleaf="0"/>
  <largest-consumer threadName="Thread-31" threadId="000000000210F200" bytes="8616624" />
</allocation-stats>
<gc-op id="3432" type="copy forward" timems="11.096" contextid="3429" timestamp="2019-08-09T21:46:34.702">
  <memory-copied type="eden" objects="12402" bytes="440944" bytesdiscarded="37208" />
  <memory-copied type="other" objects="41951" bytes="1693704" bytesdiscarded="137000" />
  <memory-cardclean objects="29459" bytes="1490848" />
  <regions eden="38" other="4" />
  <remembered-set-cleared processed="19711" cleared="5723" durationms="0.189" />
  <stringconstants candidates="15173" cleared="0"  />
</gc-op>
<gc-op id="3433" type="classunload" timems="0.010" contextid="3429" timestamp="2019-08-09T21:46:34.702">
  <classunload-info classloadercandidates="55" classloadersunloaded="0" classesunloaded="0" anonymousclassesunloaded="0" quiescems="0.000" setupms="0.010" scanms="0.000" postms="0.000" />
</gc-op>
<heap-resize id="3434" type="expand" space="default" amount="10485760" count="1" timems="0.064" reason="excessive time being spent in gc" timestamp="2019-08-09T21:46:34.702" />
<gc-end id="3435" type="partial gc" contextid="3429" durationms="12.201" usertimems="11.943" systemtimems="21.679" timestamp="2019-08-09T21:46:34.702" activeThreads="16">
  <mem-info id="3436" free="180355072" total="299892736" percent="60">
    <mem type="eden" free="3716152" total="4194304" percent="88" />
    <remembered-set count="38336" freebytes="11835776" totalbytes="11989120" percent="98" regionsoverflowed="0" regionsstable="8" regionsrebuilding="0"/>
  </mem-info>
</gc-end>
<cycle-end id="3437" type="partial gc" contextid="3429" timestamp="2019-08-09T21:46:34.702" />
  <attribute name="elasticGC enabled" value="1" />
  <attribute name= "numThreadsSpecified" value="16" />
  <attribute name="heapSize specified" value="0" />
  <attribute name="Current GC Util" value="167" />
  <attribute name= "Current Time Running" value="207777" />
  <attribute name ="GC Interval" value="0" />
  <attribute name="Target GC Util Change" value ="80.000000" />
  <attribute name="Current GC Util Change" value="167.000000"/>
  <attribute name="Current Error" value="-129.000000" />
  <attribute name="Output H" value="289482512"/>
  <attribute name="Output I" value="1864"/>
  <attribute name="Output T" value="16"/>
  <attribute name= "Current Time Running" value="207777" />
  <attribute name="GC Util currently" value="167" />
  <attribute name="CPU Util currently" value="2414753019296" />
<exclusive-end id="3438" timestamp="2019-08-09T21:46:34.702" durationms="12.749" />

<exclusive-start id="3439" timestamp="2019-08-09T21:46:34.796" intervalms="106.305">
  <response-info timems="3.064" idlems="3.057" threads="1" lastid="00000000020FC600" lastname="Thread-32" />
</exclusive-start>
<allocation-taxation id="3440" taxation-threshold="81788928" timestamp="2019-08-09T21:46:34.796" intervalms="106.317" />
<cycle-start id="3441" type="partial gc" contextid="0" timestamp="2019-08-09T21:46:34.796" intervalms="106.339" />
<gc-start id="3442" type="partial gc" contextid="3441" timestamp="2019-08-09T21:46:34.796">
  <mem-info id="3443" free="98566144" total="299892736" percent="32">
    <mem type="eden" free="0" total="81788928" percent="0" />
    <remembered-set count="38176" freebytes="11836416" totalbytes="11989120" percent="98" regionsoverflowed="0" regionsstable="8" regionsrebuilding="0"/>
  </mem-info>
</gc-start>
<allocation-stats totalBytes="81775224" >
  <allocated-bytes non-tlh="0" tlh="81775224" arrayletleaf="0"/>
  <largest-consumer threadName="Thread-28" threadId="00000000020F1200" bytes="10705240" />
</allocation-stats>
<gc-op id="3444" type="copy forward" timems="13.085" contextid="3441" timestamp="2019-08-09T21:46:34.810">
  <memory-copied type="eden" objects="26312" bytes="1049808" bytesdiscarded="52360" />
  <memory-copied type="other" objects="40295" bytes="1516584" bytesdiscarded="108864" />
  <memory-cardclean objects="34188" bytes="1723648" />
  <regions eden="39" other="5" />
  <remembered-set-cleared processed="20784" cleared="5950" durationms="0.203" />
  <stringconstants candidates="15173" cleared="0"  />
</gc-op>
<gc-op id="3445" type="classunload" timems="0.011" contextid="3441" timestamp="2019-08-09T21:46:34.810">
  <classunload-info classloadercandidates="55" classloadersunloaded="0" classesunloaded="0" anonymousclassesunloaded="0" quiescems="0.000" setupms="0.011" scanms="0.000" postms="0.000" />
</gc-op>
<gc-end id="3446" type="partial gc" contextid="3441" durationms="14.290" usertimems="40.883" systemtimems="19.332" timestamp="2019-08-09T21:46:34.810" activeThreads="16">
  <mem-info id="3447" free="180355072" total="299892736" percent="60">
    <mem type="eden" free="994984" total="2097152" percent="47" />
    <remembered-set count="40576" freebytes="11826816" totalbytes="11989120" percent="98" regionsoverflowed="0" regionsstable="8" regionsrebuilding="0"/>
  </mem-info>
</gc-end>
<cycle-end id="3448" type="partial gc" contextid="3441" timestamp="2019-08-09T21:46:34.810" />
  <attribute name="elasticGC enabled" value="1" />
  <attribute name= "numThreadsSpecified" value="16" />
  <attribute name="heapSize specified" value="0" />
  <attribute name="Current GC Util" value="115" />
  <attribute name= "Current Time Running" value="207883" />
  <attribute name ="GC Interval" value="0" />
  <attribute name="Target GC Util Change" value ="80.000000" />
  <attribute name="Current GC Util Change" value="115.000000"/>
  <attribute name="Current Error" value="-35.000000" />
  <attribute name="Output H" value="299968376"/>
  <attribute name="Output I" value="1968"/>
  <attribute name="Output T" value="16"/>
  <attribute name= "Current Time Running" value="207883" />
  <attribute name="GC Util currently" value="115" />
  <attribute name="CPU Util currently" value="1588899566016" />
<exclusive-end id="3449" timestamp="2019-08-09T21:46:34.810" durationms="14.918" />

<exclusive-start id="3450" timestamp="2019-08-09T21:46:34.874" intervalms="78.666">
  <response-info timems="1.320" idlems="1.320" threads="0" lastid="00000000020FC600" lastname="Thread-32" />
</exclusive-start>
<allocation-taxation id="3451" taxation-threshold="81788928" timestamp="2019-08-09T21:46:34.874" intervalms="78.671" />
<cycle-start id="3452" type="partial gc" contextid="0" timestamp="2019-08-09T21:46:34.874" intervalms="78.662" />
<gc-start id="3453" type="partial gc" contextid="3452" timestamp="2019-08-09T21:46:34.875">
  <mem-info id="3454" free="98566144" total="299892736" percent="32">
    <mem type="eden" free="0" total="81788928" percent="0" />
    <remembered-set count="40288" freebytes="11827968" totalbytes="11989120" percent="98" regionsoverflowed="0" regionsstable="8" regionsrebuilding="0"/>
  </mem-info>
</gc-start>
<allocation-stats totalBytes="81775128" >
  <allocated-bytes non-tlh="0" tlh="81775128" arrayletleaf="0"/>
  <largest-consumer threadName="Thread-29" threadId="000000000211A500" bytes="9267728" />
</allocation-stats>
<gc-op id="3455" type="copy forward" timems="12.019" contextid="3452" timestamp="2019-08-09T21:46:34.889">
  <memory-copied type="eden" objects="15676" bytes="518984" bytesdiscarded="95528" />
  <memory-copied type="other" objects="44415" bytes="1752840" bytesdiscarded="166760" />
  <memory-cardclean objects="31184" bytes="1579504" />
  <regions eden="39" other="4" />
  <remembered-set-cleared processed="22909" cleared="7881" durationms="1.717" />
  <stringconstants candidates="15173" cleared="0"  />
</gc-op>
<gc-op id="3456" type="classunload" timems="0.011" contextid="3452" timestamp="2019-08-09T21:46:34.889">
  <classunload-info classloadercandidates="55" classloadersunloaded="0" classesunloaded="0" anonymousclassesunloaded="0" quiescems="0.000" setupms="0.010" scanms="0.000" postms="0.000" />
</gc-op>
<heap-resize id="3457" type="expand" space="default" amount="4194304" count="1" timems="0.056" reason="excessive time being spent in gc" timestamp="2019-08-09T21:46:34.890" />
<gc-end id="3458" type="partial gc" contextid="3452" durationms="14.988" usertimems="33.889" systemtimems="12.666" timestamp="2019-08-09T21:46:34.890" activeThreads="16">
  <mem-info id="3459" free="182452224" total="304087040" percent="60">
    <mem type="eden" free="1482640" total="2097152" percent="70" />
    <remembered-set count="41312" freebytes="11991552" totalbytes="12156800" percent="98" regionsoverflowed="0" regionsstable="8" regionsrebuilding="0"/>
  </mem-info>
</gc-end>
<cycle-end id="3460" type="partial gc" contextid="3452" timestamp="2019-08-09T21:46:34.890" />
  <attribute name="elasticGC enabled" value="1" />
  <attribute name= "numThreadsSpecified" value="16" />
  <attribute name="heapSize specified" value="0" />
  <attribute name="Current GC Util" value="69" />
  <attribute name= "Current Time Running" value="207964" />
  <attribute name ="GC Interval" value="0" />
  <attribute name="Target GC Util Change" value ="80.000000" />
  <attribute name="Current GC Util Change" value="69.000000"/>
  <attribute name="Current Error" value="-3.000000" />
  <attribute name="Output H" value="299968416"/>
  <attribute name="Output I" value="2008"/>
  <attribute name="Output T" value="16"/>
  <attribute name= "Current Time Running" value="207964" />
  <attribute name="GC Util currently" value="69" />
  <attribute name="CPU Util currently" value="483498458317" />
<exclusive-end id="3461" timestamp="2019-08-09T21:46:34.890" durationms="15.678" />

<exclusive-start id="3462" timestamp="2019-08-09T21:46:35.007" intervalms="133.067">
  <response-info timems="17.620" idlems="8.852" threads="1" lastid="00000000020FC600" lastname="Thread-32" />
</exclusive-start>
<allocation-taxation id="3463" taxation-threshold="83886080" timestamp="2019-08-09T21:46:35.007" intervalms="133.067" />
<cycle-start id="3464" type="partial gc" contextid="0" timestamp="2019-08-09T21:46:35.007" intervalms="133.108" />
<gc-start id="3465" type="partial gc" contextid="3464" timestamp="2019-08-09T21:46:35.008">
  <mem-info id="3466" free="98566144" total="304087040" percent="32">
    <mem type="eden" free="0" total="83886080" percent="0" />
    <remembered-set count="40992" freebytes="11992832" totalbytes="12156800" percent="98" regionsoverflowed="0" regionsstable="8" regionsrebuilding="0"/>
  </mem-info>
</gc-start>
<allocation-stats totalBytes="83871568" >
  <allocated-bytes non-tlh="0" tlh="83871568" arrayletleaf="0"/>
  <largest-consumer threadName="Thread-28" threadId="00000000020F1200" bytes="8657544" />
</allocation-stats>
<gc-op id="3467" type="copy forward" timems="9.717" contextid="3464" timestamp="2019-08-09T21:46:35.021">
  <memory-copied type="eden" objects="21996" bytes="946576" bytesdiscarded="82504" />
  <memory-copied type="other" objects="27447" bytes="933480" bytesdiscarded="53520" />
  <memory-cardclean objects="31934" bytes="1569376" />
  <regions eden="40" other="4" />
  <remembered-set-cleared processed="22315" cleared="5282" durationms="0.175" />
  <stringconstants candidates="15173" cleared="0"  />
</gc-op>
<gc-op id="3468" type="classunload" timems="0.010" contextid="3464" timestamp="2019-08-09T21:46:35.021">
  <classunload-info classloadercandidates="55" classloadersunloaded="0" classesunloaded="0" anonymousclassesunloaded="0" quiescems="0.000" setupms="0.010" scanms="0.000" postms="0.000" />
</gc-op>
<heap-resize id="3469" type="expand" space="default" amount="10485760" count="1" timems="0.068" reason="excessive time being spent in gc" timestamp="2019-08-09T21:46:35.022" />
<gc-end id="3470" type="partial gc" contextid="3464" durationms="13.871" usertimems="23.418" systemtimems="13.438" timestamp="2019-08-09T21:46:35.022" activeThreads="16">
  <mem-info id="3471" free="188743680" total="314572800" percent="60">
    <mem type="eden" free="3165224" total="4194304" percent="75" />
    <remembered-set count="39808" freebytes="12416768" totalbytes="12576000" percent="98" regionsoverflowed="0" regionsstable="8" regionsrebuilding="0"/>
  </mem-info>
</gc-end>
<cycle-end id="3472" type="partial gc" contextid="3464" timestamp="2019-08-09T21:46:35.022" />
  <attribute name="elasticGC enabled" value="1" />
  <attribute name= "numThreadsSpecified" value="16" />
  <attribute name="heapSize specified" value="0" />
  <attribute name="Current GC Util" value="24" />
  <attribute name= "Current Time Running" value="208098" />
  <attribute name ="GC Interval" value="0" />
  <attribute name="Target GC Util Change" value ="80.000000" />
  <attribute name="Current GC Util Change" value="24.000000"/>
  <attribute name="Current Error" value="103.000000" />
  <attribute name="Output H" value="304162840"/>
  <attribute name="Output I" value="2128"/>
  <attribute name="Output T" value="16"/>
  <attribute name= "Current Time Running" value="208098" />
  <attribute name="GC Util currently" value="24" />
  <attribute name="CPU Util currently" value="331121231529" />
<exclusive-end id="3473" timestamp="2019-08-09T21:46:35.022" durationms="14.758" />

<exclusive-start id="3474" timestamp="2019-08-09T21:46:35.107" intervalms="100.153">
  <response-info timems="3.085" idlems="3.084" threads="1" lastid="000000000210F200" lastname="Thread-31" />
</exclusive-start>
<allocation-taxation id="3475" taxation-threshold="85983232" timestamp="2019-08-09T21:46:35.107" intervalms="100.141" />
<cycle-start id="3476" type="partial gc" contextid="0" timestamp="2019-08-09T21:46:35.107" intervalms="100.038" />
<gc-start id="3477" type="partial gc" contextid="3476" timestamp="2019-08-09T21:46:35.108">
  <mem-info id="3478" free="102760448" total="314572800" percent="32">
    <mem type="eden" free="0" total="85983232" percent="0" />
    <remembered-set count="39328" freebytes="12418688" totalbytes="12576000" percent="98" regionsoverflowed="0" regionsstable="8" regionsrebuilding="0"/>
  </mem-info>
</gc-start>
<allocation-stats totalBytes="85967808" >
  <allocated-bytes non-tlh="0" tlh="85967808" arrayletleaf="0"/>
  <largest-consumer threadName="Thread-30" threadId="0000000002134100" bytes="13211536" />
</allocation-stats>
<gc-op id="3479" type="copy forward" timems="8.779" contextid="3476" timestamp="2019-08-09T21:46:35.118">
  <memory-copied type="eden" objects="19347" bytes="744336" bytesdiscarded="0" />
  <memory-copied type="other" objects="42251" bytes="1838280" bytesdiscarded="0" />
  <memory-cardclean objects="29810" bytes="1463296" />
  <regions eden="41" other="6" />
  <remembered-set-cleared processed="23530" cleared="9035" durationms="0.714" />
  <stringconstants candidates="15173" cleared="0"  />
</gc-op>
<gc-op id="3480" type="classunload" timems="0.024" contextid="3476" timestamp="2019-08-09T21:46:35.118">
  <classunload-info classloadercandidates="55" classloadersunloaded="0" classesunloaded="0" anonymousclassesunloaded="0" quiescems="0.000" setupms="0.024" scanms="0.000" postms="0.000" />
</gc-op>
<gc-end id="3481" type="partial gc" contextid="3476" durationms="10.458" usertimems="11.736" systemtimems="0.000" timestamp="2019-08-09T21:46:35.118" activeThreads="1">
  <mem-info id="3482" free="188743680" total="314572800" percent="60">
    <mem type="eden" free="1352816" total="2097152" percent="64" />
    <remembered-set count="39776" freebytes="12416896" totalbytes="12576000" percent="98" regionsoverflowed="0" regionsstable="8" regionsrebuilding="0"/>
  </mem-info>
</gc-end>
<cycle-end id="3483" type="partial gc" contextid="3476" timestamp="2019-08-09T21:46:35.118" />
  <attribute name="elasticGC enabled" value="1" />
  <attribute name= "numThreadsSpecified" value="1" />
  <attribute name="heapSize specified" value="0" />
  <attribute name="Current GC Util" value="105" />
  <attribute name= "Current Time Running" value="208195" />
  <attribute name ="GC Interval" value="0" />
  <attribute name="Target GC Util Change" value ="80.000000" />
  <attribute name="Current GC Util Change" value="105.000000"/>
  <attribute name="Current Error" value="-25.000000" />
  <attribute name="Output H" value="314648456"/>
  <attribute name="Output I" value="1984"/>
  <attribute name="Output T" value="1"/>
  <attribute name= "Current Time Running" value="208195" />
  <attribute name="GC Util currently" value="105" />
  <attribute name="CPU Util currently" value="1033800694517" />
<exclusive-end id="3484" timestamp="2019-08-09T21:46:35.118" durationms="10.907" />

<exclusive-start id="3485" timestamp="2019-08-09T21:46:35.217" intervalms="109.962">
  <response-info timems="5.153" idlems="5.153" threads="0" lastid="0000000002116900" lastname="Thread-21" />
</exclusive-start>
<allocation-taxation id="3486" taxation-threshold="85983232" timestamp="2019-08-09T21:46:35.217" intervalms="109.964" />
<cycle-start id="3487" type="partial gc" contextid="0" timestamp="2019-08-09T21:46:35.218" intervalms="110.027" />
<gc-start id="3488" type="partial gc" contextid="3487" timestamp="2019-08-09T21:46:35.218">
  <mem-info id="3489" free="102760448" total="314572800" percent="32">
    <mem type="eden" free="0" total="85983232" percent="0" />
    <remembered-set count="39520" freebytes="12417920" totalbytes="12576000" percent="98" regionsoverflowed="0" regionsstable="8" regionsrebuilding="0"/>
  </mem-info>
</gc-start>
<allocation-stats totalBytes="85968064" >
  <allocated-bytes non-tlh="0" tlh="85968064" arrayletleaf="0"/>
  <largest-consumer threadName="Thread-30" threadId="0000000002134100" bytes="13158408" />
</allocation-stats>
<gc-op id="3490" type="copy forward" timems="9.522" contextid="3487" timestamp="2019-08-09T21:46:35.229">
  <memory-copied type="eden" objects="12710" bytes="447944" bytesdiscarded="64296" />
  <memory-copied type="other" objects="43706" bytes="1873200" bytesdiscarded="192768" />
  <memory-cardclean objects="26320" bytes="1392856" />
  <regions eden="41" other="4" />
  <remembered-set-cleared processed="23297" cleared="7228" durationms="0.183" />
  <stringconstants candidates="15173" cleared="0"  />
</gc-op>
<gc-op id="3491" type="classunload" timems="0.010" contextid="3487" timestamp="2019-08-09T21:46:35.229">
  <classunload-info classloadercandidates="55" classloadersunloaded="0" classesunloaded="0" anonymousclassesunloaded="0" quiescems="0.000" setupms="0.010" scanms="0.000" postms="0.000" />
</gc-op>
<gc-end id="3492" type="partial gc" contextid="3487" durationms="10.693" usertimems="23.307" systemtimems="19.001" timestamp="2019-08-09T21:46:35.229" activeThreads="16">
  <mem-info id="3493" free="184549376" total="314572800" percent="58">
    <mem type="eden" free="3682064" total="4194304" percent="87" />
    <remembered-set count="40192" freebytes="12415232" totalbytes="12576000" percent="98" regionsoverflowed="0" regionsstable="8" regionsrebuilding="0"/>
  </mem-info>
</gc-end>
<cycle-end id="3494" type="partial gc" contextid="3487" timestamp="2019-08-09T21:46:35.229" />
  <attribute name="elasticGC enabled" value="1" />
  <attribute name= "numThreadsSpecified" value="16" />
  <attribute name="heapSize specified" value="0" />
  <attribute name="Current GC Util" value="220" />
  <attribute name= "Current Time Running" value="208305" />
  <attribute name ="GC Interval" value="0" />
  <attribute name="Target GC Util Change" value ="80.000000" />
  <attribute name="Current GC Util Change" value="220.000000"/>
  <attribute name="Current Error" value="-94.000000" />
  <attribute name="Output H" value="314648376"/>
  <attribute name="Output I" value="1904"/>
  <attribute name="Output T" value="16"/>
  <attribute name= "Current Time Running" value="208305" />
  <attribute name="GC Util currently" value="220" />
  <attribute name="CPU Util currently" value="1731690463293" />
<exclusive-end id="3495" timestamp="2019-08-09T21:46:35.229" durationms="11.687" />

<exclusive-start id="3496" timestamp="2019-08-09T21:46:35.311" intervalms="93.179">
  <response-info timems="0.528" idlems="0.268" threads="1" lastid="00000000020D6F00" lastname="Thread-25" />
</exclusive-start>
<allocation-taxation id="3497" taxation-threshold="85983232" timestamp="2019-08-09T21:46:35.311" intervalms="93.232" />
<cycle-start id="3498" type="partial gc" contextid="0" timestamp="2019-08-09T21:46:35.311" intervalms="93.376" />
<gc-start id="3499" type="partial gc" contextid="3498" timestamp="2019-08-09T21:46:35.311">
  <mem-info id="3500" free="98566144" total="314572800" percent="31">
    <mem type="eden" free="0" total="85983232" percent="0" />
    <remembered-set count="39904" freebytes="12416384" totalbytes="12576000" percent="98" regionsoverflowed="0" regionsstable="8" regionsrebuilding="0"/>
  </mem-info>
</gc-start>
<allocation-stats totalBytes="85967512" >
  <allocated-bytes non-tlh="0" tlh="85967512" arrayletleaf="0"/>
  <largest-consumer threadName="Thread-30" threadId="0000000002134100" bytes="14468896" />
</allocation-stats>
<gc-op id="3501" type="copy forward" timems="12.888" contextid="3498" timestamp="2019-08-09T21:46:35.326">
  <memory-copied type="eden" objects="17786" bytes="706904" bytesdiscarded="48600" />
  <memory-copied type="other" objects="53161" bytes="2237496" bytesdiscarded="206240" />
  <memory-cardclean objects="25500" bytes="1264312" />
  <regions eden="41" other="6" />
  <remembered-set-cleared processed="22545" cleared="5959" durationms="0.315" />
  <stringconstants candidates="15173" cleared="0"  />
</gc-op>
<gc-op id="3502" type="classunload" timems="0.018" contextid="3498" timestamp="2019-08-09T21:46:35.326">
  <classunload-info classloadercandidates="55" classloadersunloaded="0" classesunloaded="0" anonymousclassesunloaded="0" quiescems="0.000" setupms="0.017" scanms="0.000" postms="0.000" />
</gc-op>
<gc-end id="3503" type="partial gc" contextid="3498" durationms="14.642" usertimems="31.656" systemtimems="18.762" timestamp="2019-08-09T21:46:35.326" activeThreads="16">
  <mem-info id="3504" free="182452224" total="314572800" percent="58">
    <mem type="eden" free="3438800" total="4194304" percent="81" />
    <remembered-set count="42016" freebytes="12407936" totalbytes="12576000" percent="98" regionsoverflowed="0" regionsstable="8" regionsrebuilding="0"/>
  </mem-info>
</gc-end>
<cycle-end id="3505" type="partial gc" contextid="3498" timestamp="2019-08-09T21:46:35.326" />
  <attribute name="elasticGC enabled" value="1" />
  <attribute name= "numThreadsSpecified" value="16" />
  <attribute name="heapSize specified" value="0" />
  <attribute name="Current GC Util" value="99" />
  <attribute name= "Current Time Running" value="208399" />
  <attribute name ="GC Interval" value="0" />
  <attribute name="Target GC Util Change" value ="80.000000" />
  <attribute name="Current GC Util Change" value="99.000000"/>
  <attribute name="Current Error" value="-67.000000" />
  <attribute name="Output H" value="314648408"/>
  <attribute name="Output I" value="1936"/>
  <attribute name="Output T" value="16"/>
  <attribute name= "Current Time Running" value="208399" />
  <attribute name="GC Util currently" value="99" />
  <attribute name="CPU Util currently" value="955720841791" />
<exclusive-end id="3506" timestamp="2019-08-09T21:46:35.326" durationms="15.463" />

<exclusive-start id="3507" timestamp="2019-08-09T21:46:35.386" intervalms="75.395">
  <response-info timems="0.859" idlems="0.859" threads="0" lastid="00000000020DAB00" lastname="Thread-22" />
</exclusive-start>
<allocation-taxation id="3508" taxation-threshold="85983232" timestamp="2019-08-09T21:46:35.386" intervalms="75.359" />
<cycle-start id="3509" type="partial gc" contextid="0" timestamp="2019-08-09T21:46:35.386" intervalms="75.202" />
<gc-start id="3510" type="partial gc" contextid="3509" timestamp="2019-08-09T21:46:35.386">
  <mem-info id="3511" free="96468992" total="314572800" percent="30">
    <mem type="eden" free="0" total="85983232" percent="0" />
    <remembered-set count="41536" freebytes="12409856" totalbytes="12576000" percent="98" regionsoverflowed="0" regionsstable="8" regionsrebuilding="0"/>
  </mem-info>
</gc-start>
<allocation-stats totalBytes="85967480" >
  <allocated-bytes non-tlh="0" tlh="85967480" arrayletleaf="0"/>
  <largest-consumer threadName="Thread-27" threadId="00000000020DE700" bytes="8346256" />
</allocation-stats>
<gc-op id="3512" type="copy forward" timems="6.814" contextid="3509" timestamp="2019-08-09T21:46:35.394">
  <memory-copied type="eden" objects="15076" bytes="505648" bytesdiscarded="85640" />
  <memory-copied type="other" objects="62434" bytes="2597424" bytesdiscarded="227232" />
  <memory-cardclean objects="29656" bytes="1487344" />
  <regions eden="41" other="6" />
  <remembered-set-cleared processed="22888" cleared="7596" durationms="0.278" />
  <stringconstants candidates="15173" cleared="0"  />
</gc-op>
<gc-op id="3513" type="classunload" timems="0.011" contextid="3509" timestamp="2019-08-09T21:46:35.394">
  <classunload-info classloadercandidates="55" classloadersunloaded="0" classesunloaded="0" anonymousclassesunloaded="0" quiescems="0.000" setupms="0.011" scanms="0.000" postms="0.000" />
</gc-op>
<heap-resize id="3514" type="expand" space="default" amount="16777216" count="1" timems="0.089" reason="excessive time being spent in gc" timestamp="2019-08-09T21:46:35.394" />
<gc-end id="3515" type="partial gc" contextid="3509" durationms="8.216" usertimems="16.638" systemtimems="5.493" timestamp="2019-08-09T21:46:35.395" activeThreads="8">
  <mem-info id="3516" free="199229440" total="331350016" percent="60">
    <mem type="eden" free="1505864" total="2097152" percent="71" />
    <remembered-set count="46336" freebytes="13061376" totalbytes="13246720" percent="98" regionsoverflowed="0" regionsstable="8" regionsrebuilding="0"/>
  </mem-info>
</gc-end>
<cycle-end id="3517" type="partial gc" contextid="3509" timestamp="2019-08-09T21:46:35.395" />
  <attribute name="elasticGC enabled" value="1" />
  <attribute name= "numThreadsSpecified" value="8" />
  <attribute name="heapSize specified" value="0" />
  <attribute name="Current GC Util" value="97" />
  <attribute name= "Current Time Running" value="208474" />
  <attribute name ="GC Interval" value="0" />
  <attribute name="Target GC Util Change" value ="80.000000" />
  <attribute name="Current GC Util Change" value="97.000000"/>
  <attribute name="Current Error" value="-17.000000" />
  <attribute name="Output H" value="314648464"/>
  <attribute name="Output I" value="1992"/>
  <attribute name="Output T" value="8"/>
  <attribute name= "Current Time Running" value="208474" />
  <attribute name="GC Util currently" value="97" />
  <attribute name="CPU Util currently" value="1314762046934" />
<exclusive-end id="3518" timestamp="2019-08-09T21:46:35.395" durationms="8.968" />

<exclusive-start id="3519" timestamp="2019-08-09T21:46:35.477" intervalms="90.853">
  <response-info timems="3.973" idlems="3.973" threads="0" lastid="00000000020DAB00" lastname="Thread-22" />
</exclusive-start>
<allocation-taxation id="3520" taxation-threshold="90177536" timestamp="2019-08-09T21:46:35.477" intervalms="90.878" />
<cycle-start id="3521" type="partial gc" contextid="0" timestamp="2019-08-09T21:46:35.477" intervalms="90.923" />
<gc-start id="3522" type="partial gc" contextid="3521" timestamp="2019-08-09T21:46:35.477">
  <mem-info id="3523" free="109051904" total="331350016" percent="32">
    <mem type="eden" free="0" total="90177536" percent="0" />
    <remembered-set count="46016" freebytes="13062656" totalbytes="13246720" percent="98" regionsoverflowed="0" regionsstable="8" regionsrebuilding="0"/>
  </mem-info>
</gc-start>
<allocation-stats totalBytes="90161816" >
  <allocated-bytes non-tlh="0" tlh="90161816" arrayletleaf="0"/>
  <largest-consumer threadName="Thread-23" threadId="00000000020D3300" bytes="9693632" />
</allocation-stats>
<gc-op id="3524" type="copy forward" timems="16.910" contextid="3521" timestamp="2019-08-09T21:46:35.495">
  <memory-copied type="eden" objects="20609" bytes="775896" bytesdiscarded="40368" />
  <memory-copied type="other" objects="59663" bytes="2393544" bytesdiscarded="202240" />
  <memory-cardclean objects="26938" bytes="1417360" />
  <regions eden="43" other="5" />
  <remembered-set-cleared processed="23924" cleared="6133" durationms="0.355" />
  <stringconstants candidates="15173" cleared="0"  />
</gc-op>
<gc-op id="3525" type="classunload" timems="0.015" contextid="3521" timestamp="2019-08-09T21:46:35.495">
  <classunload-info classloadercandidates="55" classloadersunloaded="0" classesunloaded="0" anonymousclassesunloaded="0" quiescems="0.000" setupms="0.014" scanms="0.000" postms="0.000" />
</gc-op>
<heap-resize id="3526" type="expand" space="default" amount="4194304" count="1" timems="0.070" reason="excessive time being spent in gc" timestamp="2019-08-09T21:46:35.496" />
<gc-end id="3527" type="partial gc" contextid="3521" durationms="18.423" usertimems="28.448" systemtimems="10.336" timestamp="2019-08-09T21:46:35.496" activeThreads="16">
  <mem-info id="3528" free="201326592" total="335544320" percent="60">
    <mem type="eden" free="1280888" total="2097152" percent="61" />
    <remembered-set count="42752" freebytes="13243392" totalbytes="13414400" percent="98" regionsoverflowed="0" regionsstable="8" regionsrebuilding="0"/>
  </mem-info>
</gc-end>
<cycle-end id="3529" type="partial gc" contextid="3521" timestamp="2019-08-09T21:46:35.496" />
  <attribute name="elasticGC enabled" value="1" />
  <attribute name= "numThreadsSpecified" value="16" />
  <attribute name="heapSize specified" value="0" />
  <attribute name="Current GC Util" value="123" />
  <attribute name= "Current Time Running" value="208565" />
  <attribute name ="GC Interval" value="0" />
  <attribute name="Target GC Util Change" value ="80.000000" />
  <attribute name="Current GC Util Change" value="123.000000"/>
  <attribute name="Current Error" value="-3.000000" />
  <attribute name="Output H" value="331425696"/>
  <attribute name="Output I" value="2008"/>
  <attribute name="Output T" value="16"/>
  <attribute name= "Current Time Running" value="208565" />
  <attribute name="GC Util currently" value="123" />
  <attribute name="CPU Util currently" value="1324787407831" />
<exclusive-end id="3530" timestamp="2019-08-09T21:46:35.496" durationms="19.340" />

<exclusive-start id="3531" timestamp="2019-08-09T21:46:35.550" intervalms="72.917">
  <response-info timems="3.678" idlems="3.678" threads="0" lastid="00000000020F1200" lastname="Thread-28" />
</exclusive-start>
<allocation-taxation id="3532" taxation-threshold="90177536" timestamp="2019-08-09T21:46:35.550" intervalms="72.963" />
<cycle-start id="3533" type="partial gc" contextid="0" timestamp="2019-08-09T21:46:35.550" intervalms="72.966" />
<gc-start id="3534" type="partial gc" contextid="3533" timestamp="2019-08-09T21:46:35.550">
  <mem-info id="3535" free="111149056" total="335544320" percent="33">
    <mem type="eden" free="0" total="90177536" percent="0" />
    <remembered-set count="42752" freebytes="13243392" totalbytes="13414400" percent="98" regionsoverflowed="0" regionsstable="8" regionsrebuilding="0"/>
  </mem-info>
</gc-start>
<allocation-stats totalBytes="90161304" >
  <allocated-bytes non-tlh="0" tlh="90161304" arrayletleaf="0"/>
  <largest-consumer threadName="Thread-23" threadId="00000000020D3300" bytes="9157032" />
</allocation-stats>
<gc-op id="3536" type="copy forward" timems="10.436" contextid="3533" timestamp="2019-08-09T21:46:35.562">
  <memory-copied type="eden" objects="17747" bytes="705816" bytesdiscarded="53768" />
  <memory-copied type="other" objects="48637" bytes="1991544" bytesdiscarded="110576" />
  <memory-cardclean objects="28495" bytes="1534288" />
  <regions eden="43" other="5" />
  <remembered-set-cleared processed="25368" cleared="8314" durationms="0.217" />
  <stringconstants candidates="15173" cleared="0"  />
</gc-op>
<gc-op id="3537" type="classunload" timems="0.010" contextid="3533" timestamp="2019-08-09T21:46:35.562">
  <classunload-info classloadercandidates="55" classloadersunloaded="0" classesunloaded="0" anonymousclassesunloaded="0" quiescems="0.000" setupms="0.010" scanms="0.000" postms="0.000" />
</gc-op>
<heap-resize id="3538" type="expand" space="default" amount="6291456" count="1" timems="0.105" reason="excessive time being spent in gc" timestamp="2019-08-09T21:46:35.562" />
<gc-end id="3539" type="partial gc" contextid="3533" durationms="11.715" usertimems="11.080" systemtimems="16.089" timestamp="2019-08-09T21:46:35.562" activeThreads="16">
  <mem-info id="3540" free="205520896" total="341835776" percent="60">
    <mem type="eden" free="1337568" total="2097152" percent="63" />
    <remembered-set count="46240" freebytes="13480960" totalbytes="13665920" percent="98" regionsoverflowed="0" regionsstable="8" regionsrebuilding="0"/>
  </mem-info>
</gc-end>
<cycle-end id="3541" type="partial gc" contextid="3533" timestamp="2019-08-09T21:46:35.562" />
  <attribute name="elasticGC enabled" value="1" />
  <attribute name= "numThreadsSpecified" value="16" />
  <attribute name="heapSize specified" value="0" />
  <attribute name="Current GC Util" value="134" />
  <attribute name= "Current Time Running" value="208637" />
  <attribute name ="GC Interval" value="0" />
  <attribute name="Target GC Util Change" value ="80.000000" />
  <attribute name="Current GC Util Change" value="134.000000"/>
  <attribute name="Current Error" value="-30.000000" />
  <attribute name="Output H" value="335619968"/>
  <attribute name="Output I" value="1976"/>
  <attribute name="Output T" value="16"/>
  <attribute name= "Current Time Running" value="208637" />
  <attribute name="GC Util currently" value="134" />
  <attribute name="CPU Util currently" value="1888075836680" />
<exclusive-end id="3542" timestamp="2019-08-09T21:46:35.562" durationms="12.463" />

<exclusive-start id="3543" timestamp="2019-08-09T21:46:35.647" intervalms="97.139">
  <response-info timems="12.779" idlems="12.779" threads="0" lastid="00000000020D3300" lastname="Thread-23" />
</exclusive-start>
<allocation-taxation id="3544" taxation-threshold="92274688" timestamp="2019-08-09T21:46:35.647" intervalms="97.152" />
<cycle-start id="3545" type="partial gc" contextid="0" timestamp="2019-08-09T21:46:35.647" intervalms="97.405" />
<gc-start id="3546" type="partial gc" contextid="3545" timestamp="2019-08-09T21:46:35.648">
  <mem-info id="3547" free="113246208" total="341835776" percent="33">
    <mem type="eden" free="0" total="92274688" percent="0" />
    <remembered-set count="45760" freebytes="13482880" totalbytes="13665920" percent="98" regionsoverflowed="0" regionsstable="8" regionsrebuilding="0"/>
  </mem-info>
</gc-start>
<allocation-stats totalBytes="92257888" >
  <allocated-bytes non-tlh="0" tlh="92257888" arrayletleaf="0"/>
  <largest-consumer threadName="Thread-21" threadId="0000000002116900" bytes="8669672" />
</allocation-stats>
<gc-op id="3548" type="copy forward" timems="10.904" contextid="3545" timestamp="2019-08-09T21:46:35.660">
  <memory-copied type="eden" objects="16284" bytes="534016" bytesdiscarded="71096" />
  <memory-copied type="other" objects="66958" bytes="2706000" bytesdiscarded="247192" />
  <memory-cardclean objects="25709" bytes="1335472" />
  <regions eden="44" other="5" />
  <remembered-set-cleared processed="25035" cleared="4685" durationms="0.205" />
  <stringconstants candidates="15173" cleared="0"  />
</gc-op>
<gc-op id="3549" type="classunload" timems="0.010" contextid="3545" timestamp="2019-08-09T21:46:35.660">
  <classunload-info classloadercandidates="55" classloadersunloaded="0" classesunloaded="0" anonymousclassesunloaded="0" quiescems="0.000" setupms="0.010" scanms="0.000" postms="0.000" />
</gc-op>
<heap-resize id="3550" type="expand" space="default" amount="4194304" count="1" timems="0.056" reason="excessive time being spent in gc" timestamp="2019-08-09T21:46:35.660" />
<gc-end id="3551" type="partial gc" contextid="3545" durationms="12.239" usertimems="25.802" systemtimems="6.326" timestamp="2019-08-09T21:46:35.660" activeThreads="16">
  <mem-info id="3552" free="207618048" total="346030080" percent="60">
    <mem type="eden" free="1492040" total="2097152" percent="71" />
    <remembered-set count="47776" freebytes="13642496" totalbytes="13833600" percent="98" regionsoverflowed="0" regionsstable="8" regionsrebuilding="0"/>
  </mem-info>
</gc-end>
<cycle-end id="3553" type="partial gc" contextid="3545" timestamp="2019-08-09T21:46:35.660" />
  <attribute name="elasticGC enabled" value="1" />
  <attribute name= "numThreadsSpecified" value="16" />
  <attribute name="heapSize specified" value="0" />
  <attribute name="Current GC Util" value="115" />
  <attribute name= "Current Time Running" value="208735" />
  <attribute name ="GC Interval" value="0" />
  <attribute name="Target GC Util Change" value ="80.000000" />
  <attribute name="Current GC Util Change" value="115.000000"/>
  <attribute name="Current Error" value="-35.000000" />
  <attribute name="Output H" value="341911416"/>
  <attribute name="Output I" value="1968"/>
  <attribute name="Output T" value="16"/>
  <attribute name= "Current Time Running" value="208735" />
  <attribute name="GC Util currently" value="115" />
  <attribute name="CPU Util currently" value="2003025438609" />
<exclusive-end id="3554" timestamp="2019-08-09T21:46:35.660" durationms="13.387" />

<exclusive-start id="3555" timestamp="2019-08-09T21:46:35.734" intervalms="87.399">
  <response-info timems="4.667" idlems="2.483" threads="1" lastid="0000000002112D00" lastname="Thread-35" />
</exclusive-start>
<allocation-taxation id="3556" taxation-threshold="94371840" timestamp="2019-08-09T21:46:35.734" intervalms="87.295" />
<cycle-start id="3557" type="partial gc" contextid="0" timestamp="2019-08-09T21:46:35.734" intervalms="86.982" />
<gc-start id="3558" type="partial gc" contextid="3557" timestamp="2019-08-09T21:46:35.735">
  <mem-info id="3559" free="113246208" total="346030080" percent="32">
    <mem type="eden" free="0" total="94371840" percent="0" />
    <remembered-set count="47680" freebytes="13642880" totalbytes="13833600" percent="98" regionsoverflowed="0" regionsstable="8" regionsrebuilding="0"/>
  </mem-info>
</gc-start>
<allocation-stats totalBytes="94354352" >
  <allocated-bytes non-tlh="0" tlh="94354352" arrayletleaf="0"/>
  <largest-consumer threadName="Thread-30" threadId="0000000002134100" bytes="8747608" />
</allocation-stats>
<gc-op id="3560" type="copy forward" timems="12.093" contextid="3557" timestamp="2019-08-09T21:46:35.748">
  <memory-copied type="eden" objects="17422" bytes="559912" bytesdiscarded="47544" />
  <memory-copied type="other" objects="73755" bytes="3006504" bytesdiscarded="282040" />
  <memory-cardclean objects="31959" bytes="1644088" />
  <regions eden="45" other="5" />
  <remembered-set-cleared processed="27392" cleared="9109" durationms="0.250" />
  <stringconstants candidates="15173" cleared="0"  />
</gc-op>
<gc-op id="3561" type="classunload" timems="0.011" contextid="3557" timestamp="2019-08-09T21:46:35.748">
  <classunload-info classloadercandidates="55" classloadersunloaded="0" classesunloaded="0" anonymousclassesunloaded="0" quiescems="0.000" setupms="0.011" scanms="0.000" postms="0.000" />
</gc-op>
<heap-resize id="3562" type="expand" space="default" amount="6291456" count="1" timems="0.070" reason="excessive time being spent in gc" timestamp="2019-08-09T21:46:35.748" />
<gc-end id="3563" type="partial gc" contextid="3557" durationms="13.575" usertimems="29.340" systemtimems="7.367" timestamp="2019-08-09T21:46:35.748" activeThreads="16">
  <mem-info id="3564" free="211812352" total="352321536" percent="60">
    <mem type="eden" free="1489696" total="2097152" percent="71" />
    <remembered-set count="52160" freebytes="13876480" totalbytes="14085120" percent="98" regionsoverflowed="0" regionsstable="8" regionsrebuilding="0"/>
  </mem-info>
</gc-end>
<cycle-end id="3565" type="partial gc" contextid="3557" timestamp="2019-08-09T21:46:35.748" />
  <attribute name="elasticGC enabled" value="1" />
  <attribute name= "numThreadsSpecified" value="16" />
  <attribute name="heapSize specified" value="0" />
  <attribute name="Current GC Util" value="129" />
  <attribute name= "Current Time Running" value="208822" />
  <attribute name ="GC Interval" value="0" />
  <attribute name="Target GC Util Change" value ="80.000000" />
  <attribute name="Current GC Util Change" value="129.000000"/>
  <attribute name="Current Error" value="-40.000000" />
  <attribute name="Output H" value="346105720"/>
  <attribute name="Output I" value="1968"/>
  <attribute name="Output T" value="16"/>
  <attribute name= "Current Time Running" value="208822" />
  <attribute name="GC Util currently" value="129" />
  <attribute name="CPU Util currently" value="2012669355073" />
<exclusive-end id="3566" timestamp="2019-08-09T21:46:35.748" durationms="14.169" />

<exclusive-start id="3567" timestamp="2019-08-09T21:46:35.821" intervalms="86.769">
  <response-info timems="0.782" idlems="0.782" threads="0" lastid="00000000020DE700" lastname="Thread-27" />
</exclusive-start>
<allocation-taxation id="3568" taxation-threshold="94371840" timestamp="2019-08-09T21:46:35.821" intervalms="86.769" />
<cycle-start id="3569" type="partial gc" contextid="0" timestamp="2019-08-09T21:46:35.821" intervalms="86.763" />
<gc-start id="3570" type="partial gc" contextid="3569" timestamp="2019-08-09T21:46:35.821">
  <mem-info id="3571" free="117440512" total="352321536" percent="33">
    <mem type="eden" free="0" total="94371840" percent="0" />
    <remembered-set count="51808" freebytes="13877888" totalbytes="14085120" percent="98" regionsoverflowed="0" regionsstable="8" regionsrebuilding="0"/>
  </mem-info>
</gc-start>
<allocation-stats totalBytes="94354712" >
  <allocated-bytes non-tlh="0" tlh="94354712" arrayletleaf="0"/>
  <largest-consumer threadName="Thread-22" threadId="00000000020DAB00" bytes="8526448" />
</allocation-stats>
<gc-op id="3572" type="copy forward" timems="11.172" contextid="3569" timestamp="2019-08-09T21:46:35.834">
  <memory-copied type="eden" objects="27264" bytes="1071152" bytesdiscarded="111424" />
  <memory-copied type="other" objects="63396" bytes="2483136" bytesdiscarded="200056" />
  <memory-cardclean objects="32349" bytes="1635784" />
  <regions eden="45" other="5" />
  <remembered-set-cleared processed="29498" cleared="8231" durationms="0.263" />
  <stringconstants candidates="15173" cleared="0"  />
</gc-op>
<gc-op id="3573" type="classunload" timems="0.011" contextid="3569" timestamp="2019-08-09T21:46:35.834">
  <classunload-info classloadercandidates="55" classloadersunloaded="0" classesunloaded="0" anonymousclassesunloaded="0" quiescems="0.000" setupms="0.011" scanms="0.000" postms="0.000" />
</gc-op>
<heap-resize id="3574" type="expand" space="default" amount="4194304" count="1" timems="0.057" reason="excessive time being spent in gc" timestamp="2019-08-09T21:46:35.834" />
<gc-end id="3575" type="partial gc" contextid="3569" durationms="12.707" usertimems="30.059" systemtimems="4.591" timestamp="2019-08-09T21:46:35.834" activeThreads="16">
  <mem-info id="3576" free="213909504" total="356515840" percent="60">
    <mem type="eden" free="914576" total="2097152" percent="43" />
    <remembered-set count="53536" freebytes="14038656" totalbytes="14252800" percent="98" regionsoverflowed="0" regionsstable="8" regionsrebuilding="0"/>
  </mem-info>
</gc-end>
<cycle-end id="3577" type="partial gc" contextid="3569" timestamp="2019-08-09T21:46:35.834" />
  <attribute name="elasticGC enabled" value="1" />
  <attribute name= "numThreadsSpecified" value="16" />
  <attribute name="heapSize specified" value="0" />
  <attribute name="Current GC Util" value="116" />
  <attribute name= "Current Time Running" value="208909" />
  <attribute name ="GC Interval" value="0" />
  <attribute name="Target GC Util Change" value ="80.000000" />
  <attribute name="Current GC Util Change" value="116.000000"/>
  <attribute name="Current Error" value="-38.000000" />
  <attribute name="Output H" value="352397176"/>
  <attribute name="Output I" value="1968"/>
  <attribute name="Output T" value="16"/>
  <attribute name= "Current Time Running" value="208909" />
  <attribute name="GC Util currently" value="116" />
  <attribute name="CPU Util currently" value="1485953255365" />
<exclusive-end id="3578" timestamp="2019-08-09T21:46:35.835" durationms="13.509" />

<exclusive-start id="3579" timestamp="2019-08-09T21:46:35.918" intervalms="97.135">
  <response-info timems="3.470" idlems="3.470" threads="0" lastid="00000000020F8A00" lastname="Thread-26" />
</exclusive-start>
<allocation-taxation id="3580" taxation-threshold="96468992" timestamp="2019-08-09T21:46:35.918" intervalms="97.157" />
<cycle-start id="3581" type="partial gc" contextid="0" timestamp="2019-08-09T21:46:35.918" intervalms="97.200" />
<gc-start id="3582" type="partial gc" contextid="3581" timestamp="2019-08-09T21:46:35.919">
  <mem-info id="3583" free="117440512" total="356515840" percent="32">
    <mem type="eden" free="0" total="96468992" percent="0" />
    <remembered-set count="53248" freebytes="14039808" totalbytes="14252800" percent="98" regionsoverflowed="0" regionsstable="8" regionsrebuilding="0"/>
  </mem-info>
</gc-start>
<allocation-stats totalBytes="96451232" >
  <allocated-bytes non-tlh="0" tlh="96451232" arrayletleaf="0"/>
  <largest-consumer threadName="Thread-21" threadId="0000000002116900" bytes="8861992" />
</allocation-stats>
<gc-op id="3584" type="copy forward" timems="10.627" contextid="3581" timestamp="2019-08-09T21:46:35.930">
  <memory-copied type="eden" objects="17140" bytes="552720" bytesdiscarded="0" />
  <memory-copied type="other" objects="55187" bytes="2148744" bytesdiscarded="0" />
  <memory-cardclean objects="42475" bytes="2172808" />
  <regions eden="46" other="5" />
  <remembered-set-cleared processed="31375" cleared="11677" durationms="0.656" />
  <stringconstants candidates="15173" cleared="0"  />
</gc-op>
<gc-op id="3585" type="classunload" timems="0.010" contextid="3581" timestamp="2019-08-09T21:46:35.930">
  <classunload-info classloadercandidates="55" classloadersunloaded="0" classesunloaded="0" anonymousclassesunloaded="0" quiescems="0.000" setupms="0.010" scanms="0.000" postms="0.000" />
</gc-op>
<heap-resize id="3586" type="expand" space="default" amount="6291456" count="1" timems="0.081" reason="excessive time being spent in gc" timestamp="2019-08-09T21:46:35.931" />
<gc-end id="3587" type="partial gc" contextid="3581" durationms="12.128" usertimems="12.597" systemtimems="0.000" timestamp="2019-08-09T21:46:35.931" activeThreads="1">
  <mem-info id="3588" free="218103808" total="362807296" percent="60">
    <mem type="eden" free="1544432" total="2097152" percent="73" />
    <remembered-set count="52512" freebytes="14294272" totalbytes="14504320" percent="98" regionsoverflowed="0" regionsstable="8" regionsrebuilding="0"/>
  </mem-info>
</gc-end>
<cycle-end id="3589" type="partial gc" contextid="3581" timestamp="2019-08-09T21:46:35.931" />
  <attribute name="elasticGC enabled" value="1" />
  <attribute name= "numThreadsSpecified" value="1" />
  <attribute name="heapSize specified" value="0" />
  <attribute name="Current GC Util" value="104" />
  <attribute name= "Current Time Running" value="209006" />
  <attribute name ="GC Interval" value="0" />
  <attribute name="Target GC Util Change" value ="80.000000" />
  <attribute name="Current GC Util Change" value="104.000000"/>
  <attribute name="Current Error" value="-24.000000" />
  <attribute name="Output H" value="356591496"/>
  <attribute name="Output I" value="1984"/>
  <attribute name="Output T" value="1"/>
  <attribute name= "Current Time Running" value="209006" />
  <attribute name="GC Util currently" value="104" />
  <attribute name="CPU Util currently" value="1552724741661" />
<exclusive-end id="3590" timestamp="2019-08-09T21:46:35.931" durationms="12.922" />

<exclusive-start id="3591" timestamp="2019-08-09T21:46:36.012" intervalms="93.785">
  <response-info timems="1.913" idlems="1.913" threads="0" lastid="00000000020D6F00" lastname="Thread-25" />
</exclusive-start>
<allocation-taxation id="3592" taxation-threshold="96468992" timestamp="2019-08-09T21:46:36.012" intervalms="93.770" />
<cycle-start id="3593" type="partial gc" contextid="0" timestamp="2019-08-09T21:46:36.012" intervalms="93.736" />
<gc-start id="3594" type="partial gc" contextid="3593" timestamp="2019-08-09T21:46:36.012">
  <mem-info id="3595" free="121634816" total="362807296" percent="33">
    <mem type="eden" free="0" total="96468992" percent="0" />
    <remembered-set count="52512" freebytes="14294272" totalbytes="14504320" percent="98" regionsoverflowed="0" regionsstable="8" regionsrebuilding="0"/>
  </mem-info>
</gc-start>
<allocation-stats totalBytes="96451032" >
  <allocated-bytes non-tlh="0" tlh="96451032" arrayletleaf="0"/>
  <largest-consumer threadName="Thread-23" threadId="00000000020D3300" bytes="10156144" />
</allocation-stats>
<gc-op id="3596" type="copy forward" timems="10.611" contextid="3593" timestamp="2019-08-09T21:46:36.024">
  <memory-copied type="eden" objects="27443" bytes="1074848" bytesdiscarded="73480" />
  <memory-copied type="other" objects="66955" bytes="2710008" bytesdiscarded="286216" />
  <memory-cardclean objects="28781" bytes="1468552" />
  <regions eden="46" other="5" />
  <remembered-set-cleared processed="30153" cleared="9188" durationms="0.523" />
  <stringconstants candidates="15173" cleared="0"  />
</gc-op>
<gc-op id="3597" type="classunload" timems="0.011" contextid="3593" timestamp="2019-08-09T21:46:36.024">
  <classunload-info classloadercandidates="55" classloadersunloaded="0" classesunloaded="0" anonymousclassesunloaded="0" quiescems="0.000" setupms="0.010" scanms="0.000" postms="0.000" />
</gc-op>
<heap-resize id="3598" type="expand" space="default" amount="10485760" count="1" timems="0.072" reason="excessive time being spent in gc" timestamp="2019-08-09T21:46:36.024" />
<gc-end id="3599" type="partial gc" contextid="3593" durationms="11.865" usertimems="33.574" systemtimems="4.040" timestamp="2019-08-09T21:46:36.024" activeThreads="16">
  <mem-info id="3600" free="224395264" total="373293056" percent="60">
    <mem type="eden" free="3045976" total="4194304" percent="72" />
    <remembered-set count="52704" freebytes="14712704" totalbytes="14923520" percent="98" regionsoverflowed="0" regionsstable="8" regionsrebuilding="0"/>
  </mem-info>
</gc-end>
<cycle-end id="3601" type="partial gc" contextid="3593" timestamp="2019-08-09T21:46:36.024" />
  <attribute name="elasticGC enabled" value="1" />
  <attribute name= "numThreadsSpecified" value="16" />
  <attribute name="heapSize specified" value="0" />
  <attribute name="Current GC Util" value="170" />
  <attribute name= "Current Time Running" value="209100" />
  <attribute name ="GC Interval" value="0" />
  <attribute name="Target GC Util Change" value ="80.000000" />
  <attribute name="Current GC Util Change" value="170.000000"/>
  <attribute name="Current Error" value="-47.000000" />
  <attribute name="Output H" value="362882928"/>
  <attribute name="Output I" value="1960"/>
  <attribute name="Output T" value="16"/>
  <attribute name= "Current Time Running" value="209100" />
  <attribute name="GC Util currently" value="170" />
  <attribute name="CPU Util currently" value="2125541628746" />
<exclusive-end id="3602" timestamp="2019-08-09T21:46:36.024" durationms="12.421" />

<exclusive-start id="3603" timestamp="2019-08-09T21:46:36.141" intervalms="128.619">
  <response-info timems="3.077" idlems="3.077" threads="0" lastid="00000000020D3300" lastname="Thread-23" />
</exclusive-start>
<allocation-taxation id="3604" taxation-threshold="100663296" timestamp="2019-08-09T21:46:36.141" intervalms="128.643" />
<cycle-start id="3605" type="partial gc" contextid="0" timestamp="2019-08-09T21:46:36.141" intervalms="128.670" />
<gc-start id="3606" type="partial gc" contextid="3605" timestamp="2019-08-09T21:46:36.141">
  <mem-info id="3607" free="123731968" total="373293056" percent="33">
    <mem type="eden" free="0" total="100663296" percent="0" />
    <remembered-set count="52224" freebytes="14714624" totalbytes="14923520" percent="98" regionsoverflowed="0" regionsstable="8" regionsrebuilding="0"/>
  </mem-info>
</gc-start>
<allocation-stats totalBytes="100645320" >
  <allocated-bytes non-tlh="0" tlh="100645320" arrayletleaf="0"/>
  <largest-consumer threadName="Thread-23" threadId="00000000020D3300" bytes="11020416" />
</allocation-stats>
<gc-op id="3608" type="copy forward" timems="9.995" contextid="3605" timestamp="2019-08-09T21:46:36.152">
  <memory-copied type="eden" objects="34911" bytes="1392576" bytesdiscarded="143920" />
  <memory-copied type="other" objects="63827" bytes="2493480" bytesdiscarded="156320" />
  <memory-cardclean objects="32328" bytes="1619656" />
  <regions eden="48" other="6" />
  <remembered-set-cleared processed="30605" cleared="8178" durationms="0.177" />
  <stringconstants candidates="15173" cleared="0"  />
</gc-op>
<gc-op id="3609" type="classunload" timems="0.013" contextid="3605" timestamp="2019-08-09T21:46:36.152">
  <classunload-info classloadercandidates="55" classloadersunloaded="0" classesunloaded="0" anonymousclassesunloaded="0" quiescems="0.000" setupms="0.012" scanms="0.000" postms="0.000" />
</gc-op>
<gc-end id="3610" type="partial gc" contextid="3605" durationms="11.195" usertimems="22.944" systemtimems="10.601" timestamp="2019-08-09T21:46:36.152" activeThreads="16">
  <mem-info id="3611" free="224395264" total="373293056" percent="60">
    <mem type="eden" free="560656" total="2097152" percent="26" />
    <remembered-set count="53888" freebytes="14707968" totalbytes="14923520" percent="98" regionsoverflowed="0" regionsstable="8" regionsrebuilding="0"/>
  </mem-info>
</gc-end>
<cycle-end id="3612" type="partial gc" contextid="3605" timestamp="2019-08-09T21:46:36.152" />
  <attribute name="elasticGC enabled" value="1" />
  <attribute name= "numThreadsSpecified" value="16" />
  <attribute name="heapSize specified" value="0" />
  <attribute name="Current GC Util" value="128" />
  <attribute name= "Current Time Running" value="209228" />
  <attribute name ="GC Interval" value="0" />
  <attribute name="Target GC Util Change" value ="80.000000" />
  <attribute name="Current GC Util Change" value="128.000000"/>
  <attribute name="Current Error" value="-44.000000" />
  <attribute name="Output H" value="373368688"/>
  <attribute name="Output I" value="1960"/>
  <attribute name="Output T" value="16"/>
  <attribute name= "Current Time Running" value="209228" />
  <attribute name="GC Util currently" value="128" />
  <attribute name="CPU Util currently" value="1760626189207" />
<exclusive-end id="3613" timestamp="2019-08-09T21:46:36.152" durationms="11.840" />

<exclusive-start id="3614" timestamp="2019-08-09T21:46:36.216" intervalms="75.835">
  <response-info timems="3.630" idlems="2.011" threads="1" lastid="0000000002134100" lastname="Thread-30" />
</exclusive-start>
<allocation-taxation id="3615" taxation-threshold="100663296" timestamp="2019-08-09T21:46:36.216" intervalms="75.806" />
<cycle-start id="3616" type="partial gc" contextid="0" timestamp="2019-08-09T21:46:36.217" intervalms="75.758" />
<gc-start id="3617" type="partial gc" contextid="3616" timestamp="2019-08-09T21:46:36.217">
  <mem-info id="3618" free="123731968" total="373293056" percent="33">
    <mem type="eden" free="0" total="100663296" percent="0" />
    <remembered-set count="53792" freebytes="14708352" totalbytes="14923520" percent="98" regionsoverflowed="0" regionsstable="8" regionsrebuilding="0"/>
  </mem-info>
</gc-start>
<allocation-stats totalBytes="100645240" >
  <allocated-bytes non-tlh="0" tlh="100645240" arrayletleaf="0"/>
  <largest-consumer threadName="Thread-22" threadId="00000000020DAB00" bytes="9640240" />
</allocation-stats>
<gc-op id="3619" type="copy forward" timems="16.050" contextid="3616" timestamp="2019-08-09T21:46:36.234">
  <memory-copied type="eden" objects="42631" bytes="1715624" bytesdiscarded="205264" />
  <memory-copied type="other" objects="68235" bytes="2599272" bytesdiscarded="273560" />
  <memory-cardclean objects="40689" bytes="2078704" />
  <regions eden="48" other="5" />
  <remembered-set-cleared processed="30602" cleared="8471" durationms="0.461" />
  <stringconstants candidates="15173" cleared="0"  />
</gc-op>
<gc-op id="3620" type="classunload" timems="0.012" contextid="3616" timestamp="2019-08-09T21:46:36.234">
  <classunload-info classloadercandidates="55" classloadersunloaded="0" classesunloaded="0" anonymousclassesunloaded="0" quiescems="0.000" setupms="0.011" scanms="0.000" postms="0.000" />
</gc-op>
<gc-end id="3621" type="partial gc" contextid="3616" durationms="16.996" usertimems="32.810" systemtimems="6.370" timestamp="2019-08-09T21:46:36.234" activeThreads="16">
  <mem-info id="3622" free="222298112" total="373293056" percent="59">
    <mem type="eden" free="176264" total="2097152" percent="8" />
    <remembered-set count="51904" freebytes="14715904" totalbytes="14923520" percent="98" regionsoverflowed="0" regionsstable="8" regionsrebuilding="0"/>
  </mem-info>
</gc-end>
<cycle-end id="3623" type="partial gc" contextid="3616" timestamp="2019-08-09T21:46:36.234" />
  <attribute name="elasticGC enabled" value="1" />
  <attribute name= "numThreadsSpecified" value="16" />
  <attribute name="heapSize specified" value="0" />
  <attribute name="Current GC Util" value="164" />
  <attribute name= "Current Time Running" value="209304" />
  <attribute name ="GC Interval" value="0" />
  <attribute name="Target GC Util Change" value ="80.000000" />
  <attribute name="Current GC Util Change" value="164.000000"/>
  <attribute name="Current Error" value="-84.000000" />
  <attribute name="Output H" value="373368640"/>
  <attribute name="Output I" value="1912"/>
  <attribute name="Output T" value="16"/>
  <attribute name= "Current Time Running" value="209304" />
  <attribute name="GC Util currently" value="164" />
  <attribute name="CPU Util currently" value="2567942434596" />
<exclusive-end id="3624" timestamp="2019-08-09T21:46:36.234" durationms="17.665" />

<exclusive-start id="3625" timestamp="2019-08-09T21:46:36.374" intervalms="157.998">
  <response-info timems="17.678" idlems="17.678" threads="0" lastid="00000000020D3300" lastname="Thread-23" />
</exclusive-start>
<allocation-taxation id="3626" taxation-threshold="100663296" timestamp="2019-08-09T21:46:36.379" intervalms="162.226" />
<cycle-start id="3627" type="partial gc" contextid="0" timestamp="2019-08-09T21:46:36.383" intervalms="166.462" />
<gc-start id="3628" type="partial gc" contextid="3627" timestamp="2019-08-09T21:46:36.383">
  <mem-info id="3629" free="121634816" total="373293056" percent="32">
    <mem type="eden" free="0" total="100663296" percent="0" />
    <remembered-set count="51584" freebytes="14717184" totalbytes="14923520" percent="98" regionsoverflowed="0" regionsstable="8" regionsrebuilding="0"/>
  </mem-info>
</gc-start>
<allocation-stats totalBytes="100645320" >
  <allocated-bytes non-tlh="0" tlh="100645320" arrayletleaf="0"/>
  <largest-consumer threadName="Thread-23" threadId="00000000020D3300" bytes="9951472" />
</allocation-stats>
<gc-op id="3630" type="copy forward" timems="18.579" contextid="3627" timestamp="2019-08-09T21:46:36.404">
  <memory-copied type="eden" objects="33690" bytes="1225664" bytesdiscarded="115064" />
  <memory-copied type="other" objects="86596" bytes="3452064" bytesdiscarded="214368" />
  <memory-cardclean objects="32863" bytes="1615792" />
  <regions eden="48" other="5" />
  <remembered-set-cleared processed="29808" cleared="5743" durationms="0.372" />
  <stringconstants candidates="15173" cleared="0"  />
</gc-op>
<gc-op id="3631" type="classunload" timems="0.014" contextid="3627" timestamp="2019-08-09T21:46:36.404">
  <classunload-info classloadercandidates="55" classloadersunloaded="0" classesunloaded="0" anonymousclassesunloaded="0" quiescems="0.000" setupms="0.014" scanms="0.000" postms="0.000" />
</gc-op>
<gc-end id="3632" type="partial gc" contextid="3627" durationms="21.196" usertimems="16.215" systemtimems="30.568" timestamp="2019-08-09T21:46:36.404" activeThreads="16">
  <mem-info id="3633" free="218103808" total="373293056" percent="58">
    <mem type="eden" free="2853576" total="4194304" percent="68" />
    <remembered-set count="52160" freebytes="14714880" totalbytes="14923520" percent="98" regionsoverflowed="0" regionsstable="8" regionsrebuilding="0"/>
  </mem-info>
</gc-end>
<cycle-end id="3634" type="partial gc" contextid="3627" timestamp="2019-08-09T21:46:36.405" />
  <attribute name="elasticGC enabled" value="1" />
  <attribute name= "numThreadsSpecified" value="16" />
  <attribute name="heapSize specified" value="0" />
  <attribute name="Current GC Util" value="0" />
  <attribute name= "Current Time Running" value="209472" />
  <attribute name ="GC Interval" value="0" />
  <attribute name="Target GC Util Change" value ="80.000000" />
  <attribute name="Current GC Util Change" value="0.000000"/>
  <attribute name="Current Error" value="53.000000" />
  <attribute name="Output H" value="373368800"/>
  <attribute name="Output I" value="2072"/>
  <attribute name="Output T" value="16"/>
  <attribute name= "Current Time Running" value="209472" />
  <attribute name="GC Util currently" value="0" />
  <attribute name="CPU Util currently" value="579462320245" />
<exclusive-end id="3635" timestamp="2019-08-09T21:46:36.405" durationms="30.686" />

<exclusive-start id="3636" timestamp="2019-08-09T21:46:36.537" intervalms="162.834">
  <response-info timems="6.362" idlems="6.362" threads="0" lastid="00000000020FC600" lastname="Thread-32" />
</exclusive-start>
<allocation-taxation id="3637" taxation-threshold="100663296" timestamp="2019-08-09T21:46:36.537" intervalms="158.611" />
<cycle-start id="3638" type="partial gc" contextid="0" timestamp="2019-08-09T21:46:36.537" intervalms="154.423" />
<gc-start id="3639" type="partial gc" contextid="3638" timestamp="2019-08-09T21:46:36.538">
  <mem-info id="3640" free="117440512" total="373293056" percent="31">
    <mem type="eden" free="0" total="100663296" percent="0" />
    <remembered-set count="52160" freebytes="14714880" totalbytes="14923520" percent="98" regionsoverflowed="0" regionsstable="8" regionsrebuilding="0"/>
  </mem-info>
</gc-start>
<allocation-stats totalBytes="100645672" >
  <allocated-bytes non-tlh="0" tlh="100645672" arrayletleaf="0"/>
  <largest-consumer threadName="Thread-28" threadId="00000000020F1200" bytes="11511952" />
</allocation-stats>
<gc-op id="3641" type="copy forward" timems="8.382" contextid="3638" timestamp="2019-08-09T21:46:36.547">
  <memory-copied type="eden" objects="30766" bytes="1293160" bytesdiscarded="83936" />
  <memory-copied type="other" objects="84569" bytes="3403416" bytesdiscarded="304968" />
  <memory-cardclean objects="21663" bytes="1070296" />
  <regions eden="48" other="6" />
  <remembered-set-cleared processed="30454" cleared="5245" durationms="0.274" />
  <stringconstants candidates="15173" cleared="0"  />
</gc-op>
<gc-op id="3642" type="classunload" timems="0.011" contextid="3638" timestamp="2019-08-09T21:46:36.547">
  <classunload-info classloadercandidates="55" classloadersunloaded="0" classesunloaded="0" anonymousclassesunloaded="0" quiescems="0.000" setupms="0.011" scanms="0.000" postms="0.000" />
</gc-op>
<heap-resize id="3643" type="expand" space="default" amount="20971520" count="1" timems="0.087" reason="excessive time being spent in gc" timestamp="2019-08-09T21:46:36.547" />
<gc-end id="3644" type="partial gc" contextid="3638" durationms="9.669" usertimems="20.468" systemtimems="0.933" timestamp="2019-08-09T21:46:36.547" activeThreads="8">
  <mem-info id="3645" free="236978176" total="394264576" percent="60">
    <mem type="eden" free="2817208" total="4194304" percent="67" />
    <remembered-set count="58208" freebytes="15529088" totalbytes="15761920" percent="98" regionsoverflowed="0" regionsstable="8" regionsrebuilding="0"/>
  </mem-info>
</gc-end>
<cycle-end id="3646" type="partial gc" contextid="3638" timestamp="2019-08-09T21:46:36.547" />
  <attribute name="elasticGC enabled" value="1" />
  <attribute name= "numThreadsSpecified" value="8" />
  <attribute name="heapSize specified" value="0" />
  <attribute name="Current GC Util" value="198" />
  <attribute name= "Current Time Running" value="209625" />
  <attribute name ="GC Interval" value="0" />
  <attribute name="Target GC Util Change" value ="80.000000" />
  <attribute name="Current GC Util Change" value="198.000000"/>
  <attribute name="Current Error" value="-15.000000" />
  <attribute name="Output H" value="373368720"/>
  <attribute name="Output I" value="1992"/>
  <attribute name="Output T" value="8"/>
  <attribute name= "Current Time Running" value="209625" />
  <attribute name="GC Util currently" value="198" />
  <attribute name="CPU Util currently" value="2540302588708" />
<exclusive-end id="3647" timestamp="2019-08-09T21:46:36.548" durationms="10.334" />

<exclusive-start id="3648" timestamp="2019-08-09T21:46:36.682" intervalms="145.199">
  <response-info timems="18.071" idlems="18.071" threads="0" lastid="00000000020FC600" lastname="Thread-32" />
</exclusive-start>
<allocation-taxation id="3649" taxation-threshold="104857600" timestamp="2019-08-09T21:46:36.682" intervalms="145.194" />
<cycle-start id="3650" type="partial gc" contextid="0" timestamp="2019-08-09T21:46:36.683" intervalms="145.178" />
<gc-start id="3651" type="partial gc" contextid="3650" timestamp="2019-08-09T21:46:36.683">
  <mem-info id="3652" free="132120576" total="394264576" percent="33">
    <mem type="eden" free="0" total="104857600" percent="0" />
    <remembered-set count="57760" freebytes="15530880" totalbytes="15761920" percent="98" regionsoverflowed="0" regionsstable="8" regionsrebuilding="0"/>
  </mem-info>
</gc-start>
<allocation-stats totalBytes="104839328" >
  <allocated-bytes non-tlh="0" tlh="104839328" arrayletleaf="0"/>
  <largest-consumer threadName="Thread-33" threadId="00000000020E2300" bytes="8481368" />
</allocation-stats>
<gc-op id="3653" type="copy forward" timems="19.629" contextid="3650" timestamp="2019-08-09T21:46:36.704">
  <memory-copied type="eden" objects="28950" bytes="1110968" bytesdiscarded="74296" />
  <memory-copied type="other" objects="82578" bytes="3355632" bytesdiscarded="312864" />
  <memory-cardclean objects="26362" bytes="1318576" />
  <regions eden="50" other="6" />
  <remembered-set-cleared processed="31372" cleared="5857" durationms="0.291" />
  <stringconstants candidates="15173" cleared="0"  />
</gc-op>
<gc-op id="3654" type="classunload" timems="0.012" contextid="3650" timestamp="2019-08-09T21:46:36.704">
  <classunload-info classloadercandidates="55" classloadersunloaded="0" classesunloaded="0" anonymousclassesunloaded="0" quiescems="0.000" setupms="0.011" scanms="0.000" postms="0.000" />
</gc-op>
<gc-end id="3655" type="partial gc" contextid="3650" durationms="21.108" usertimems="43.697" systemtimems="12.518" timestamp="2019-08-09T21:46:36.704" activeThreads="16">
  <mem-info id="3656" free="236978176" total="394264576" percent="60">
    <mem type="eden" free="911888" total="2097152" percent="43" />
    <remembered-set count="55392" freebytes="15540352" totalbytes="15761920" percent="98" regionsoverflowed="0" regionsstable="8" regionsrebuilding="0"/>
  </mem-info>
</gc-end>
<cycle-end id="3657" type="partial gc" contextid="3650" timestamp="2019-08-09T21:46:36.704" />
  <attribute name="elasticGC enabled" value="1" />
  <attribute name= "numThreadsSpecified" value="16" />
  <attribute name="heapSize specified" value="0" />
  <attribute name="Current GC Util" value="111" />
  <attribute name= "Current Time Running" value="209771" />
  <attribute name ="GC Interval" value="0" />
  <attribute name="Target GC Util Change" value ="80.000000" />
  <attribute name="Current GC Util Change" value="111.000000"/>
  <attribute name="Current Error" value="-31.000000" />
  <attribute name="Output H" value="394340224"/>
  <attribute name="Output I" value="1976"/>
  <attribute name="Output T" value="16"/>
  <attribute name= "Current Time Running" value="209771" />
  <attribute name="GC Util currently" value="111" />
  <attribute name="CPU Util currently" value="1284139968939" />
<exclusive-end id="3658" timestamp="2019-08-09T21:46:36.704" durationms="22.024" />

<exclusive-start id="3659" timestamp="2019-08-09T21:46:36.817" intervalms="134.310">
  <response-info timems="1.183" idlems="0.746" threads="1" lastid="00000000020DAB00" lastname="Thread-22" />
</exclusive-start>
<allocation-taxation id="3660" taxation-threshold="104857600" timestamp="2019-08-09T21:46:36.817" intervalms="134.512" />
<cycle-start id="3661" type="partial gc" contextid="0" timestamp="2019-08-09T21:46:36.817" intervalms="134.478" />
<gc-start id="3662" type="partial gc" contextid="3661" timestamp="2019-08-09T21:46:36.817">
  <mem-info id="3663" free="132120576" total="394264576" percent="33">
    <mem type="eden" free="0" total="104857600" percent="0" />
    <remembered-set count="55040" freebytes="15541760" totalbytes="15761920" percent="98" regionsoverflowed="0" regionsstable="8" regionsrebuilding="0"/>
  </mem-info>
</gc-start>
<allocation-stats totalBytes="104839360" >
  <allocated-bytes non-tlh="0" tlh="104839360" arrayletleaf="0"/>
  <largest-consumer threadName="Thread-33" threadId="00000000020E2300" bytes="9906528" />
</allocation-stats>
<gc-op id="3664" type="copy forward" timems="22.479" contextid="3661" timestamp="2019-08-09T21:46:36.841">
  <memory-copied type="eden" objects="49801" bytes="1887704" bytesdiscarded="125408" />
  <memory-copied type="other" objects="73132" bytes="2854176" bytesdiscarded="154872" />
  <memory-cardclean objects="31391" bytes="1583056" />
  <regions eden="50" other="5" />
  <remembered-set-cleared processed="32918" cleared="6192" durationms="0.204" />
  <stringconstants candidates="15173" cleared="0"  />
</gc-op>
<gc-op id="3665" type="classunload" timems="0.013" contextid="3661" timestamp="2019-08-09T21:46:36.841">
  <classunload-info classloadercandidates="55" classloadersunloaded="0" classesunloaded="0" anonymousclassesunloaded="0" quiescems="0.000" setupms="0.013" scanms="0.000" postms="0.000" />
</gc-op>
<heap-resize id="3666" type="expand" space="default" amount="4194304" count="1" timems="0.063" reason="excessive time being spent in gc" timestamp="2019-08-09T21:46:36.841" />
<gc-end id="3667" type="partial gc" contextid="3661" durationms="24.076" usertimems="21.714" systemtimems="27.098" timestamp="2019-08-09T21:46:36.841" activeThreads="16">
  <mem-info id="3668" free="239075328" total="398458880" percent="60">
    <mem type="eden" free="84040" total="2097152" percent="4" />
    <remembered-set count="55776" freebytes="15706496" totalbytes="15929600" percent="98" regionsoverflowed="0" regionsstable="8" regionsrebuilding="0"/>
  </mem-info>
</gc-end>
<cycle-end id="3669" type="partial gc" contextid="3661" timestamp="2019-08-09T21:46:36.841" />
  <attribute name="elasticGC enabled" value="1" />
  <attribute name= "numThreadsSpecified" value="16" />
  <attribute name="heapSize specified" value="0" />
  <attribute name="Current GC Util" value="125" />
  <attribute name= "Current Time Running" value="209905" />
  <attribute name ="GC Interval" value="0" />
  <attribute name="Target GC Util Change" value ="80.000000" />
  <attribute name="Current GC Util Change" value="125.000000"/>
  <attribute name="Current Error" value="-37.000000" />
  <attribute name="Output H" value="394340216"/>
  <attribute name="Output I" value="1968"/>
  <attribute name="Output T" value="16"/>
  <attribute name= "Current Time Running" value="209905" />
  <attribute name="GC Util currently" value="125" />
  <attribute name="CPU Util currently" value="1707606714177" />
<exclusive-end id="3670" timestamp="2019-08-09T21:46:36.842" durationms="24.929" />

<exclusive-start id="3671" timestamp="2019-08-09T21:46:36.969" intervalms="152.720">
  <response-info timems="1.241" idlems="1.241" threads="0" lastid="00000000020F1200" lastname="Thread-28" />
</exclusive-start>
<allocation-taxation id="3672" taxation-threshold="106954752" timestamp="2019-08-09T21:46:36.970" intervalms="152.519" />
<cycle-start id="3673" type="partial gc" contextid="0" timestamp="2019-08-09T21:46:36.970" intervalms="152.593" />
<gc-start id="3674" type="partial gc" contextid="3673" timestamp="2019-08-09T21:46:36.970">
  <mem-info id="3675" free="132120576" total="398458880" percent="33">
    <mem type="eden" free="0" total="106954752" percent="0" />
    <remembered-set count="55360" freebytes="15708160" totalbytes="15929600" percent="98" regionsoverflowed="0" regionsstable="8" regionsrebuilding="0"/>
  </mem-info>
</gc-start>
<allocation-stats totalBytes="106936296" >
  <allocated-bytes non-tlh="0" tlh="106936296" arrayletleaf="0"/>
  <largest-consumer threadName="Thread-21" threadId="0000000002116900" bytes="12351320" />
</allocation-stats>
<gc-op id="3676" type="copy forward" timems="19.485" contextid="3673" timestamp="2019-08-09T21:46:36.991">
  <memory-copied type="eden" objects="49075" bytes="2144920" bytesdiscarded="200672" />
  <memory-copied type="other" objects="39417" bytes="1358136" bytesdiscarded="93568" />
  <memory-cardclean objects="35153" bytes="1841800" />
  <regions eden="51" other="5" />
  <remembered-set-cleared processed="34783" cleared="9777" durationms="0.235" />
  <stringconstants candidates="15173" cleared="0"  />
</gc-op>
<gc-op id="3677" type="classunload" timems="0.015" contextid="3673" timestamp="2019-08-09T21:46:36.991">
  <classunload-info classloadercandidates="55" classloadersunloaded="0" classesunloaded="0" anonymousclassesunloaded="0" quiescems="0.000" setupms="0.014" scanms="0.000" postms="0.000" />
</gc-op>
<heap-resize id="3678" type="expand" space="default" amount="10485760" count="1" timems="0.070" reason="excessive time being spent in gc" timestamp="2019-08-09T21:46:36.991" />
<gc-end id="3679" type="partial gc" contextid="3673" durationms="21.022" usertimems="30.293" systemtimems="23.334" timestamp="2019-08-09T21:46:36.991" activeThreads="16">
  <mem-info id="3680" free="245366784" total="408944640" percent="60">
    <mem type="eden" free="1848712" total="4194304" percent="44" />
    <remembered-set count="52992" freebytes="16136832" totalbytes="16348800" percent="98" regionsoverflowed="0" regionsstable="8" regionsrebuilding="0"/>
  </mem-info>
</gc-end>
<cycle-end id="3681" type="partial gc" contextid="3673" timestamp="2019-08-09T21:46:36.991" />
  <attribute name="elasticGC enabled" value="1" />
  <attribute name= "numThreadsSpecified" value="16" />
  <attribute name="heapSize specified" value="0" />
  <attribute name="Current GC Util" value="140" />
  <attribute name= "Current Time Running" value="210057" />
  <attribute name ="GC Interval" value="0" />
  <attribute name="Target GC Util Change" value ="80.000000" />
  <attribute name="Current GC Util Change" value="140.000000"/>
  <attribute name="Current Error" value="-48.000000" />
  <attribute name="Output H" value="398534512"/>
  <attribute name="Output I" value="1960"/>
  <attribute name="Output T" value="16"/>
  <attribute name= "Current Time Running" value="210057" />
  <attribute name="GC Util currently" value="140" />
  <attribute name="CPU Util currently" value="1505156667970" />
<exclusive-end id="3682" timestamp="2019-08-09T21:46:36.991" durationms="21.720" />

<exclusive-start id="3683" timestamp="2019-08-09T21:46:37.133" intervalms="163.604">
  <response-info timems="5.298" idlems="5.298" threads="0" lastid="0000000002116900" lastname="Thread-21" />
</exclusive-start>
<allocation-taxation id="3684" taxation-threshold="109051904" timestamp="2019-08-09T21:46:37.133" intervalms="163.601" />
<cycle-start id="3685" type="partial gc" contextid="0" timestamp="2019-08-09T21:46:37.133" intervalms="163.532" />
<gc-start id="3686" type="partial gc" contextid="3685" timestamp="2019-08-09T21:46:37.133">
  <mem-info id="3687" free="136314880" total="408944640" percent="33">
    <mem type="eden" free="0" total="109051904" percent="0" />
    <remembered-set count="52672" freebytes="16138112" totalbytes="16348800" percent="98" regionsoverflowed="0" regionsstable="8" regionsrebuilding="0"/>
  </mem-info>
</gc-start>
<allocation-stats totalBytes="109032736" >
  <allocated-bytes non-tlh="0" tlh="109032736" arrayletleaf="0"/>
  <largest-consumer threadName="Thread-32" threadId="00000000020FC600" bytes="11732824" />
</allocation-stats>
<gc-op id="3688" type="copy forward" timems="17.891" contextid="3685" timestamp="2019-08-09T21:46:37.154">
  <memory-copied type="eden" objects="15004" bytes="504576" bytesdiscarded="121848" />
  <memory-copied type="other" objects="89586" bytes="3935952" bytesdiscarded="261728" />
  <memory-cardclean objects="13890" bytes="730960" />
  <regions eden="52" other="6" />
  <remembered-set-cleared processed="32680" cleared="6432" durationms="0.227" />
  <stringconstants candidates="15173" cleared="0"  />
</gc-op>
<gc-op id="3689" type="classunload" timems="0.011" contextid="3685" timestamp="2019-08-09T21:46:37.154">
  <classunload-info classloadercandidates="55" classloadersunloaded="0" classesunloaded="0" anonymousclassesunloaded="0" quiescems="0.000" setupms="0.011" scanms="0.000" postms="0.000" />
</gc-op>
<heap-resize id="3690" type="expand" space="default" amount="6291456" count="1" timems="0.330" reason="excessive time being spent in gc" timestamp="2019-08-09T21:46:37.154" />
<gc-end id="3691" type="partial gc" contextid="3685" durationms="20.950" usertimems="31.330" systemtimems="21.446" timestamp="2019-08-09T21:46:37.154" activeThreads="16">
  <mem-info id="3692" free="249561088" total="415236096" percent="60">
    <mem type="eden" free="1470728" total="2097152" percent="70" />
    <remembered-set count="54240" freebytes="16383360" totalbytes="16600320" percent="98" regionsoverflowed="0" regionsstable="8" regionsrebuilding="0"/>
  </mem-info>
</gc-end>
<cycle-end id="3693" type="partial gc" contextid="3685" timestamp="2019-08-09T21:46:37.154" />
  <attribute name="elasticGC enabled" value="1" />
  <attribute name= "numThreadsSpecified" value="16" />
  <attribute name="heapSize specified" value="0" />
  <attribute name="Current GC Util" value="48" />
  <attribute name= "Current Time Running" value="210222" />
  <attribute name ="GC Interval" value="0" />
  <attribute name="Target GC Util Change" value ="80.000000" />
  <attribute name="Current GC Util Change" value="48.000000"/>
  <attribute name="Current Error" value="32.000000" />
  <attribute name="Output H" value="409020360"/>
  <attribute name="Output I" value="2048"/>
  <attribute name="Output T" value="16"/>
  <attribute name= "Current Time Running" value="210222" />
  <attribute name="GC Util currently" value="48" />
  <attribute name="CPU Util currently" value="622075981186" />
<exclusive-end id="3694" timestamp="2019-08-09T21:46:37.155" durationms="21.547" />

<exclusive-start id="3695" timestamp="2019-08-09T21:46:37.267" intervalms="134.358">
  <response-info timems="5.754" idlems="5.754" threads="0" lastid="0000000002134100" lastname="Thread-30" />
</exclusive-start>
<allocation-taxation id="3696" taxation-threshold="111149056" timestamp="2019-08-09T21:46:37.268" intervalms="134.451" />
<cycle-start id="3697" type="partial gc" contextid="0" timestamp="2019-08-09T21:46:37.268" intervalms="134.516" />
<gc-start id="3698" type="partial gc" contextid="3697" timestamp="2019-08-09T21:46:37.268">
  <mem-info id="3699" free="138412032" total="415236096" percent="33">
    <mem type="eden" free="0" total="111149056" percent="0" />
    <remembered-set count="54240" freebytes="16383360" totalbytes="16600320" percent="98" regionsoverflowed="0" regionsstable="8" regionsrebuilding="0"/>
  </mem-info>
</gc-start>
<allocation-stats totalBytes="111129528" >
  <allocated-bytes non-tlh="0" tlh="111129528" arrayletleaf="0"/>
  <largest-consumer threadName="Thread-27" threadId="00000000020DE700" bytes="10578456" />
</allocation-stats>
<gc-op id="3700" type="copy forward" timems="11.629" contextid="3697" timestamp="2019-08-09T21:46:37.282">
  <memory-copied type="eden" objects="26335" bytes="1050880" bytesdiscarded="0" />
  <memory-copied type="other" objects="60101" bytes="2541432" bytesdiscarded="160" />
  <memory-cardclean objects="23502" bytes="1240384" />
  <regions eden="53" other="5" />
  <remembered-set-cleared processed="33461" cleared="7852" durationms="0.878" />
  <stringconstants candidates="15173" cleared="0"  />
</gc-op>
<gc-op id="3701" type="classunload" timems="0.025" contextid="3697" timestamp="2019-08-09T21:46:37.282">
  <classunload-info classloadercandidates="55" classloadersunloaded="0" classesunloaded="0" anonymousclassesunloaded="0" quiescems="0.000" setupms="0.025" scanms="0.000" postms="0.000" />
</gc-op>
<gc-end id="3702" type="partial gc" contextid="3697" durationms="14.048" usertimems="15.927" systemtimems="0.485" timestamp="2019-08-09T21:46:37.282" activeThreads="1">
  <mem-info id="3703" free="249561088" total="415236096" percent="60">
    <mem type="eden" free="1046272" total="2097152" percent="49" />
    <remembered-set count="52960" freebytes="16388480" totalbytes="16600320" percent="98" regionsoverflowed="0" regionsstable="8" regionsrebuilding="0"/>
  </mem-info>
</gc-end>
<cycle-end id="3704" type="partial gc" contextid="3697" timestamp="2019-08-09T21:46:37.282" />
  <attribute name="elasticGC enabled" value="1" />
  <attribute name= "numThreadsSpecified" value="1" />
  <attribute name="heapSize specified" value="0" />
  <attribute name="Current GC Util" value="177" />
  <attribute name= "Current Time Running" value="210357" />
  <attribute name ="GC Interval" value="0" />
  <attribute name="Target GC Util Change" value ="80.000000" />
  <attribute name="Current GC Util Change" value="177.000000"/>
  <attribute name="Current Error" value="-24.000000" />
  <attribute name="Output H" value="415311752"/>
  <attribute name="Output I" value="1984"/>
  <attribute name="Output T" value="1"/>
  <attribute name= "Current Time Running" value="210357" />
  <attribute name="GC Util currently" value="177" />
  <attribute name="CPU Util currently" value="658086458402" />
<exclusive-end id="3705" timestamp="2019-08-09T21:46:37.282" durationms="14.888" />

<exclusive-start id="3706" timestamp="2019-08-09T21:46:37.356" intervalms="88.253">
  <response-info timems="0.575" idlems="0.575" threads="0" lastid="00000000020E2300" lastname="Thread-33" />
</exclusive-start>
<allocation-taxation id="3707" taxation-threshold="111149056" timestamp="2019-08-09T21:46:37.356" intervalms="88.167" />
<cycle-start id="3708" type="partial gc" contextid="0" timestamp="2019-08-09T21:46:37.356" intervalms="88.128" />
<gc-start id="3709" type="partial gc" contextid="3708" timestamp="2019-08-09T21:46:37.356">
  <mem-info id="3710" free="138412032" total="415236096" percent="33">
    <mem type="eden" free="0" total="111149056" percent="0" />
    <remembered-set count="52704" freebytes="16389504" totalbytes="16600320" percent="98" regionsoverflowed="0" regionsstable="8" regionsrebuilding="0"/>
  </mem-info>
</gc-start>
<allocation-stats totalBytes="111130072" >
  <allocated-bytes non-tlh="0" tlh="111130072" arrayletleaf="0"/>
  <largest-consumer threadName="Thread-36" threadId="00000000020E5F00" bytes="14006016" />
</allocation-stats>
<gc-op id="3711" type="copy forward" timems="13.489" contextid="3708" timestamp="2019-08-09T21:46:37.370">
  <memory-copied type="eden" objects="22680" bytes="826224" bytesdiscarded="52240" />
  <memory-copied type="other" objects="81489" bytes="3604248" bytesdiscarded="180104" />
  <memory-cardclean objects="17820" bytes="872896" />
  <regions eden="53" other="5" />
  <remembered-set-cleared processed="31107" cleared="6112" durationms="0.559" />
  <stringconstants candidates="15173" cleared="0"  />
</gc-op>
<gc-op id="3712" type="classunload" timems="0.011" contextid="3708" timestamp="2019-08-09T21:46:37.370">
  <classunload-info classloadercandidates="55" classloadersunloaded="0" classesunloaded="0" anonymousclassesunloaded="0" quiescems="0.000" setupms="0.010" scanms="0.000" postms="0.000" />
</gc-op>
<heap-resize id="3713" type="expand" space="default" amount="4194304" count="1" timems="0.072" reason="excessive time being spent in gc" timestamp="2019-08-09T21:46:37.371" />
<gc-end id="3714" type="partial gc" contextid="3708" durationms="14.545" usertimems="24.073" systemtimems="13.109" timestamp="2019-08-09T21:46:37.371" activeThreads="16">
  <mem-info id="3715" free="251658240" total="419430400" percent="60">
    <mem type="eden" free="1218688" total="2097152" percent="58" />
    <remembered-set count="53536" freebytes="16553856" totalbytes="16768000" percent="98" regionsoverflowed="0" regionsstable="8" regionsrebuilding="0"/>
  </mem-info>
</gc-end>
<cycle-end id="3716" type="partial gc" contextid="3708" timestamp="2019-08-09T21:46:37.371" />
  <attribute name="elasticGC enabled" value="1" />
  <attribute name= "numThreadsSpecified" value="16" />
  <attribute name="heapSize specified" value="0" />
  <attribute name="Current GC Util" value="236" />
  <attribute name= "Current Time Running" value="210443" />
  <attribute name ="GC Interval" value="0" />
  <attribute name="Target GC Util Change" value ="80.000000" />
  <attribute name="Current GC Util Change" value="236.000000"/>
  <attribute name="Current Error" value="-115.000000" />
  <attribute name="Output H" value="415311648"/>
  <attribute name="Output I" value="1880"/>
  <attribute name="Output T" value="16"/>
  <attribute name= "Current Time Running" value="210443" />
  <attribute name="GC Util currently" value="236" />
  <attribute name="CPU Util currently" value="2376990909746" />
<exclusive-end id="3717" timestamp="2019-08-09T21:46:37.371" durationms="15.023" />

<exclusive-start id="3718" timestamp="2019-08-09T21:46:37.499" intervalms="143.552">
  <response-info timems="5.321" idlems="5.321" threads="0" lastid="00000000020DE700" lastname="Thread-27" />
</exclusive-start>
<allocation-taxation id="3719" taxation-threshold="111149056" timestamp="2019-08-09T21:46:37.499" intervalms="143.587" />
<cycle-start id="3720" type="partial gc" contextid="0" timestamp="2019-08-09T21:46:37.499" intervalms="143.615" />
<gc-start id="3721" type="partial gc" contextid="3720" timestamp="2019-08-09T21:46:37.500">
  <mem-info id="3722" free="140509184" total="419430400" percent="33">
    <mem type="eden" free="0" total="111149056" percent="0" />
    <remembered-set count="53184" freebytes="16555264" totalbytes="16768000" percent="98" regionsoverflowed="0" regionsstable="8" regionsrebuilding="0"/>
  </mem-info>
</gc-start>
<allocation-stats totalBytes="111131152" >
  <allocated-bytes non-tlh="0" tlh="111131152" arrayletleaf="0"/>
  <largest-consumer threadName="Thread-22" threadId="00000000020DAB00" bytes="10508512" />
</allocation-stats>
<gc-op id="3723" type="copy forward" timems="14.175" contextid="3720" timestamp="2019-08-09T21:46:37.515">
  <memory-copied type="eden" objects="19262" bytes="744472" bytesdiscarded="82936" />
  <memory-copied type="other" objects="74581" bytes="3301080" bytesdiscarded="233320" />
  <memory-cardclean objects="15035" bytes="792520" />
  <regions eden="53" other="5" />
  <remembered-set-cleared processed="32361" cleared="7796" durationms="0.586" />
  <stringconstants candidates="15173" cleared="0"  />
</gc-op>
<gc-op id="3724" type="classunload" timems="0.011" contextid="3720" timestamp="2019-08-09T21:46:37.515">
  <classunload-info classloadercandidates="55" classloadersunloaded="0" classesunloaded="0" anonymousclassesunloaded="0" quiescems="0.000" setupms="0.011" scanms="0.000" postms="0.000" />
</gc-op>
<heap-resize id="3725" type="expand" space="default" amount="6291456" count="1" timems="0.084" reason="excessive time being spent in gc" timestamp="2019-08-09T21:46:37.515" />
<gc-end id="3726" type="partial gc" contextid="3720" durationms="15.341" usertimems="36.996" systemtimems="7.350" timestamp="2019-08-09T21:46:37.515" activeThreads="16">
  <mem-info id="3727" free="255852544" total="425721856" percent="60">
    <mem type="eden" free="1269744" total="2097152" percent="60" />
    <remembered-set count="53408" freebytes="16805888" totalbytes="17019520" percent="98" regionsoverflowed="0" regionsstable="8" regionsrebuilding="0"/>
  </mem-info>
</gc-end>
<cycle-end id="3728" type="partial gc" contextid="3720" timestamp="2019-08-09T21:46:37.515" />
  <attribute name="elasticGC enabled" value="1" />
  <attribute name= "numThreadsSpecified" value="16" />
  <attribute name="heapSize specified" value="0" />
  <attribute name="Current GC Util" value="133" />
  <attribute name= "Current Time Running" value="210587" />
  <attribute name ="GC Interval" value="0" />
  <attribute name="Target GC Util Change" value ="80.000000" />
  <attribute name="Current GC Util Change" value="133.000000"/>
  <attribute name="Current Error" value="-53.000000" />
  <attribute name="Output H" value="419506024"/>
  <attribute name="Output I" value="1952"/>
  <attribute name="Output T" value="16"/>
  <attribute name= "Current Time Running" value="210587" />
  <attribute name="GC Util currently" value="133" />
  <attribute name="CPU Util currently" value="2065601024712" />
<exclusive-end id="3729" timestamp="2019-08-09T21:46:37.515" durationms="15.999" />

<exclusive-start id="3730" timestamp="2019-08-09T21:46:37.571" intervalms="71.642">
  <response-info timems="4.023" idlems="4.023" threads="0" lastid="0000000002100200" lastname="Thread-24" />
</exclusive-start>
<allocation-taxation id="3731" taxation-threshold="113246208" timestamp="2019-08-09T21:46:37.571" intervalms="71.613" />
<cycle-start id="3732" type="partial gc" contextid="0" timestamp="2019-08-09T21:46:37.571" intervalms="71.600" />
<gc-start id="3733" type="partial gc" contextid="3732" timestamp="2019-08-09T21:46:37.571">
  <mem-info id="3734" free="142606336" total="425721856" percent="33">
    <mem type="eden" free="0" total="113246208" percent="0" />
    <remembered-set count="53088" freebytes="16807168" totalbytes="17019520" percent="98" regionsoverflowed="0" regionsstable="8" regionsrebuilding="0"/>
  </mem-info>
</gc-start>
<allocation-stats totalBytes="113228304" >
  <allocated-bytes non-tlh="0" tlh="113228304" arrayletleaf="0"/>
  <largest-consumer threadName="Thread-27" threadId="00000000020DE700" bytes="11192728" />
</allocation-stats>
<gc-op id="3735" type="copy forward" timems="13.181" contextid="3732" timestamp="2019-08-09T21:46:37.585">
  <memory-copied type="eden" objects="19809" bytes="756688" bytesdiscarded="42840" />
  <memory-copied type="other" objects="65088" bytes="2798496" bytesdiscarded="200040" />
  <memory-cardclean objects="25044" bytes="1256296" />
  <regions eden="54" other="5" />
  <remembered-set-cleared processed="31866" cleared="10820" durationms="0.578" />
  <stringconstants candidates="15173" cleared="0"  />
</gc-op>
<gc-op id="3736" type="classunload" timems="0.012" contextid="3732" timestamp="2019-08-09T21:46:37.585">
  <classunload-info classloadercandidates="55" classloadersunloaded="0" classesunloaded="0" anonymousclassesunloaded="0" quiescems="0.000" setupms="0.011" scanms="0.000" postms="0.000" />
</gc-op>
<heap-resize id="3737" type="expand" space="default" amount="10485760" count="1" timems="0.099" reason="excessive time being spent in gc" timestamp="2019-08-09T21:46:37.586" />
<gc-end id="3738" type="partial gc" contextid="3732" durationms="14.492" usertimems="23.804" systemtimems="16.652" timestamp="2019-08-09T21:46:37.586" activeThreads="16">
  <mem-info id="3739" free="262144000" total="436207616" percent="60">
    <mem type="eden" free="3394776" total="4194304" percent="80" />
    <remembered-set count="51040" freebytes="17234560" totalbytes="17438720" percent="98" regionsoverflowed="0" regionsstable="8" regionsrebuilding="0"/>
  </mem-info>
</gc-end>
<cycle-end id="3740" type="partial gc" contextid="3732" timestamp="2019-08-09T21:46:37.586" />
  <attribute name="elasticGC enabled" value="1" />
  <attribute name= "numThreadsSpecified" value="16" />
  <attribute name="heapSize specified" value="0" />
  <attribute name="Current GC Util" value="140" />
  <attribute name= "Current Time Running" value="210659" />
  <attribute name ="GC Interval" value="0" />
  <attribute name="Target GC Util Change" value ="80.000000" />
  <attribute name="Current GC Util Change" value="140.000000"/>
  <attribute name="Current Error" value="-94.000000" />
  <attribute name="Output H" value="425797432"/>
  <attribute name="Output I" value="1904"/>
  <attribute name="Output T" value="16"/>
  <attribute name= "Current Time Running" value="210659" />
  <attribute name="GC Util currently" value="140" />
  <attribute name="CPU Util currently" value="1792025964334" />
<exclusive-end id="3741" timestamp="2019-08-09T21:46:37.586" durationms="15.065" />

<exclusive-start id="3742" timestamp="2019-08-09T21:46:37.631" intervalms="60.343">
  <response-info timems="1.058" idlems="1.058" threads="0" lastid="000000000211A500" lastname="Thread-29" />
</exclusive-start>
<allocation-taxation id="3743" taxation-threshold="115343360" timestamp="2019-08-09T21:46:37.631" intervalms="60.361" />
<cycle-start id="3744" type="partial gc" contextid="0" timestamp="2019-08-09T21:46:37.631" intervalms="60.341" />
<gc-start id="3745" type="partial gc" contextid="3744" timestamp="2019-08-09T21:46:37.632">
  <mem-info id="3746" free="146800640" total="436207616" percent="33">
    <mem type="eden" free="0" total="115343360" percent="0" />
    <remembered-set count="50656" freebytes="17236096" totalbytes="17438720" percent="98" regionsoverflowed="0" regionsstable="8" regionsrebuilding="0"/>
  </mem-info>
</gc-start>
<allocation-stats totalBytes="115326936" >
  <allocated-bytes non-tlh="0" tlh="115326936" arrayletleaf="0"/>
  <largest-consumer threadName="Thread-36" threadId="00000000020E5F00" bytes="14076272" />
</allocation-stats>
<gc-op id="3747" type="copy forward" timems="10.682" contextid="3744" timestamp="2019-08-09T21:46:37.643">
  <memory-copied type="eden" objects="22216" bytes="814936" bytesdiscarded="93032" />
  <memory-copied type="other" objects="58295" bytes="2639544" bytesdiscarded="286272" />
  <memory-cardclean objects="9786" bytes="517936" />
  <regions eden="55" other="6" />
  <remembered-set-cleared processed="30213" cleared="7228" durationms="0.231" />
  <stringconstants candidates="15173" cleared="0"  />
</gc-op>
<gc-op id="3748" type="classunload" timems="0.012" contextid="3744" timestamp="2019-08-09T21:46:37.643">
  <classunload-info classloadercandidates="55" classloadersunloaded="0" classesunloaded="0" anonymousclassesunloaded="0" quiescems="0.000" setupms="0.011" scanms="0.000" postms="0.000" />
</gc-op>
<gc-end id="3749" type="partial gc" contextid="3744" durationms="12.037" usertimems="25.859" systemtimems="10.409" timestamp="2019-08-09T21:46:37.644" activeThreads="16">
  <mem-info id="3750" free="264241152" total="436207616" percent="60">
    <mem type="eden" free="1189184" total="2097152" percent="56" />
    <remembered-set count="49216" freebytes="17241856" totalbytes="17438720" percent="98" regionsoverflowed="0" regionsstable="8" regionsrebuilding="0"/>
  </mem-info>
</gc-end>
<cycle-end id="3751" type="partial gc" contextid="3744" timestamp="2019-08-09T21:46:37.644" />
  <attribute name="elasticGC enabled" value="1" />
  <attribute name= "numThreadsSpecified" value="16" />
  <attribute name="heapSize specified" value="0" />
  <attribute name="Current GC Util" value="138" />
  <attribute name= "Current Time Running" value="210719" />
  <attribute name ="GC Interval" value="0" />
  <attribute name="Target GC Util Change" value ="80.000000" />
  <attribute name="Current GC Util Change" value="138.000000"/>
  <attribute name="Current Error" value="-138.000000" />
  <attribute name="Output H" value="436283144"/>
  <attribute name="Output I" value="1856"/>
  <attribute name="Output T" value="16"/>
  <attribute name= "Current Time Running" value="210719" />
  <attribute name="GC Util currently" value="138" />
  <attribute name="CPU Util currently" value="1893763636518" />
<exclusive-end id="3752" timestamp="2019-08-09T21:46:37.644" durationms="12.653" />

<exclusive-start id="3753" timestamp="2019-08-09T21:46:37.732" intervalms="100.316">
  <response-info timems="3.625" idlems="3.625" threads="0" lastid="0000000002116900" lastname="Thread-21" />
</exclusive-start>
<allocation-taxation id="3754" taxation-threshold="115343360" timestamp="2019-08-09T21:46:37.732" intervalms="100.297" />
<cycle-start id="3755" type="partial gc" contextid="0" timestamp="2019-08-09T21:46:37.732" intervalms="100.275" />
<gc-start id="3756" type="partial gc" contextid="3755" timestamp="2019-08-09T21:46:37.732">
  <mem-info id="3757" free="148897792" total="436207616" percent="34">
    <mem type="eden" free="0" total="115343360" percent="0" />
    <remembered-set count="48960" freebytes="17242880" totalbytes="17438720" percent="98" regionsoverflowed="0" regionsstable="8" regionsrebuilding="0"/>
  </mem-info>
</gc-start>
<allocation-stats totalBytes="115325504" >
  <allocated-bytes non-tlh="0" tlh="115325504" arrayletleaf="0"/>
  <largest-consumer threadName="Thread-30" threadId="0000000002134100" bytes="9656656" />
</allocation-stats>
<gc-op id="3758" type="copy forward" timems="11.026" contextid="3755" timestamp="2019-08-09T21:46:37.744">
  <memory-copied type="eden" objects="21151" bytes="789784" bytesdiscarded="72872" />
  <memory-copied type="other" objects="55024" bytes="2419584" bytesdiscarded="220064" />
  <memory-cardclean objects="16992" bytes="839656" />
  <regions eden="55" other="5" />
  <remembered-set-cleared processed="28341" cleared="5682" durationms="0.242" />
  <stringconstants candidates="15173" cleared="0"  />
</gc-op>
<gc-op id="3759" type="classunload" timems="0.011" contextid="3755" timestamp="2019-08-09T21:46:37.744">
  <classunload-info classloadercandidates="55" classloadersunloaded="0" classesunloaded="0" anonymousclassesunloaded="0" quiescems="0.000" setupms="0.011" scanms="0.000" postms="0.000" />
</gc-op>
<gc-end id="3760" type="partial gc" contextid="3755" durationms="12.290" usertimems="29.562" systemtimems="11.288" timestamp="2019-08-09T21:46:37.744" activeThreads="16">
  <mem-info id="3761" free="262144000" total="436207616" percent="60">
    <mem type="eden" free="1234496" total="2097152" percent="58" />
    <remembered-set count="50432" freebytes="17236992" totalbytes="17438720" percent="98" regionsoverflowed="0" regionsstable="8" regionsrebuilding="0"/>
  </mem-info>
</gc-end>
<cycle-end id="3762" type="partial gc" contextid="3755" timestamp="2019-08-09T21:46:37.744" />
  <attribute name="elasticGC enabled" value="1" />
  <attribute name= "numThreadsSpecified" value="16" />
  <attribute name="heapSize specified" value="0" />
  <attribute name="Current GC Util" value="129" />
  <attribute name= "Current Time Running" value="210819" />
  <attribute name ="GC Interval" value="0" />
  <attribute name="Target GC Util Change" value ="80.000000" />
  <attribute name="Current GC Util Change" value="129.000000"/>
  <attribute name="Current Error" value="-49.000000" />
  <attribute name="Output H" value="436283240"/>
  <attribute name="Output I" value="1952"/>
  <attribute name="Output T" value="16"/>
  <attribute name= "Current Time Running" value="210819" />
  <attribute name="GC Util currently" value="129" />
  <attribute name="CPU Util currently" value="1591445923618" />
<exclusive-end id="3763" timestamp="2019-08-09T21:46:37.744" durationms="12.945" />

<exclusive-start id="3764" timestamp="2019-08-09T21:46:37.840" intervalms="108.823">
  <response-info timems="7.875" idlems="5.874" threads="1" lastid="0000000002134100" lastname="Thread-30" />
</exclusive-start>
<allocation-taxation id="3765" taxation-threshold="115343360" timestamp="2019-08-09T21:46:37.840" intervalms="108.901" />
<cycle-start id="3766" type="partial gc" contextid="0" timestamp="2019-08-09T21:46:37.841" intervalms="109.009" />
<gc-start id="3767" type="partial gc" contextid="3766" timestamp="2019-08-09T21:46:37.841">
  <mem-info id="3768" free="146800640" total="436207616" percent="33">
    <mem type="eden" free="0" total="115343360" percent="0" />
    <remembered-set count="50080" freebytes="17238400" totalbytes="17438720" percent="98" regionsoverflowed="0" regionsstable="8" regionsrebuilding="0"/>
  </mem-info>
</gc-start>
<allocation-stats totalBytes="115325624" >
  <allocated-bytes non-tlh="0" tlh="115325624" arrayletleaf="0"/>
  <largest-consumer threadName="Thread-27" threadId="00000000020DE700" bytes="11221400" />
</allocation-stats>
<gc-op id="3769" type="copy forward" timems="10.214" contextid="3766" timestamp="2019-08-09T21:46:37.852">
  <memory-copied type="eden" objects="23464" bytes="845312" bytesdiscarded="44160" />
  <memory-copied type="other" objects="64185" bytes="2639448" bytesdiscarded="157304" />
  <memory-cardclean objects="22769" bytes="1205008" />
  <regions eden="55" other="5" />
  <remembered-set-cleared processed="28871" cleared="5131" durationms="0.203" />
  <stringconstants candidates="15173" cleared="0"  />
</gc-op>
<gc-op id="3770" type="classunload" timems="0.014" contextid="3766" timestamp="2019-08-09T21:46:37.853">
  <classunload-info classloadercandidates="55" classloadersunloaded="0" classesunloaded="0" anonymousclassesunloaded="0" quiescems="0.000" setupms="0.014" scanms="0.000" postms="0.000" />
</gc-op>
<heap-resize id="3771" type="expand" space="default" amount="4194304" count="1" timems="0.081" reason="excessive time being spent in gc" timestamp="2019-08-09T21:46:37.853" />
<gc-end id="3772" type="partial gc" contextid="3766" durationms="11.832" usertimems="22.507" systemtimems="14.153" timestamp="2019-08-09T21:46:37.853" activeThreads="16">
  <mem-info id="3773" free="264241152" total="440401920" percent="60">
    <mem type="eden" free="1207680" total="2097152" percent="57" />
    <remembered-set count="54272" freebytes="17389312" totalbytes="17606400" percent="98" regionsoverflowed="0" regionsstable="8" regionsrebuilding="0"/>
  </mem-info>
</gc-end>
<cycle-end id="3774" type="partial gc" contextid="3766" timestamp="2019-08-09T21:46:37.853" />
  <attribute name="elasticGC enabled" value="1" />
  <attribute name= "numThreadsSpecified" value="16" />
  <attribute name="heapSize specified" value="0" />
  <attribute name="Current GC Util" value="234" />
  <attribute name= "Current Time Running" value="210929" />
  <attribute name ="GC Interval" value="0" />
  <attribute name="Target GC Util Change" value ="80.000000" />
  <attribute name="Current GC Util Change" value="234.000000"/>
  <attribute name="Current Error" value="-160.000000" />
  <attribute name="Output H" value="436283112"/>
  <attribute name="Output I" value="1824"/>
  <attribute name="Output T" value="16"/>
  <attribute name= "Current Time Running" value="210929" />
  <attribute name="GC Util currently" value="234" />
  <attribute name="CPU Util currently" value="1125867927228" />
<exclusive-end id="3775" timestamp="2019-08-09T21:46:37.853" durationms="12.734" />

<exclusive-start id="3776" timestamp="2019-08-09T21:46:37.911" intervalms="70.964">
  <response-info timems="2.511" idlems="2.511" threads="0" lastid="00000000020DAB00" lastname="Thread-22" />
</exclusive-start>
<allocation-taxation id="3777" taxation-threshold="117440512" timestamp="2019-08-09T21:46:37.911" intervalms="70.881" />
<cycle-start id="3778" type="partial gc" contextid="0" timestamp="2019-08-09T21:46:37.911" intervalms="70.793" />
<gc-start id="3779" type="partial gc" contextid="3778" timestamp="2019-08-09T21:46:37.912">
  <mem-info id="3780" free="146800640" total="440401920" percent="33">
    <mem type="eden" free="0" total="117440512" percent="0" />
    <remembered-set count="53952" freebytes="17390592" totalbytes="17606400" percent="98" regionsoverflowed="0" regionsstable="8" regionsrebuilding="0"/>
  </mem-info>
</gc-start>
<allocation-stats totalBytes="117422104" >
  <allocated-bytes non-tlh="0" tlh="117422104" arrayletleaf="0"/>
  <largest-consumer threadName="Thread-26" threadId="00000000020F8A00" bytes="11045456" />
</allocation-stats>
<gc-op id="3781" type="copy forward" timems="16.286" contextid="3778" timestamp="2019-08-09T21:46:37.929">
  <memory-copied type="eden" objects="20333" bytes="770048" bytesdiscarded="102560" />
  <memory-copied type="other" objects="52536" bytes="2222496" bytesdiscarded="218728" />
  <memory-cardclean objects="21601" bytes="1122664" />
  <regions eden="56" other="5" />
  <remembered-set-cleared processed="32554" cleared="8795" durationms="0.217" />
  <stringconstants candidates="15173" cleared="0"  />
</gc-op>
<gc-op id="3782" type="classunload" timems="0.010" contextid="3778" timestamp="2019-08-09T21:46:37.929">
  <classunload-info classloadercandidates="55" classloadersunloaded="0" classesunloaded="0" anonymousclassesunloaded="0" quiescems="0.000" setupms="0.010" scanms="0.000" postms="0.000" />
</gc-op>
<heap-resize id="3783" type="expand" space="default" amount="6291456" count="1" timems="0.076" reason="excessive time being spent in gc" timestamp="2019-08-09T21:46:37.929" />
<gc-end id="3784" type="partial gc" contextid="3778" durationms="17.565" usertimems="30.080" systemtimems="27.422" timestamp="2019-08-09T21:46:37.929" activeThreads="16">
  <mem-info id="3785" free="268435456" total="446693376" percent="60">
    <mem type="eden" free="1224544" total="2097152" percent="58" />
    <remembered-set count="53984" freebytes="17641984" totalbytes="17857920" percent="98" regionsoverflowed="0" regionsstable="8" regionsrebuilding="0"/>
  </mem-info>
</gc-end>
<cycle-end id="3786" type="partial gc" contextid="3778" timestamp="2019-08-09T21:46:37.929" />
  <attribute name="elasticGC enabled" value="1" />
  <attribute name= "numThreadsSpecified" value="16" />
  <attribute name="heapSize specified" value="0" />
  <attribute name="Current GC Util" value="133" />
  <attribute name= "Current Time Running" value="210999" />
  <attribute name ="GC Interval" value="0" />
  <attribute name="Target GC Util Change" value ="80.000000" />
  <attribute name="Current GC Util Change" value="133.000000"/>
  <attribute name="Current Error" value="-182.000000" />
  <attribute name="Output H" value="440477392"/>
  <attribute name="Output I" value="1800"/>
  <attribute name="Output T" value="16"/>
  <attribute name= "Current Time Running" value="210999" />
  <attribute name="GC Util currently" value="133" />
  <attribute name="CPU Util currently" value="1776430883082" />
<exclusive-end id="3787" timestamp="2019-08-09T21:46:37.929" durationms="18.101" />

<exclusive-start id="3788" timestamp="2019-08-09T21:46:38.009" intervalms="97.616">
  <response-info timems="1.987" idlems="1.987" threads="0" lastid="0000000002134100" lastname="Thread-30" />
</exclusive-start>
<allocation-taxation id="3789" taxation-threshold="117440512" timestamp="2019-08-09T21:46:38.009" intervalms="97.612" />
<cycle-start id="3790" type="partial gc" contextid="0" timestamp="2019-08-09T21:46:38.009" intervalms="97.603" />
<gc-start id="3791" type="partial gc" contextid="3790" timestamp="2019-08-09T21:46:38.009">
  <mem-info id="3792" free="150994944" total="446693376" percent="33">
    <mem type="eden" free="0" total="117440512" percent="0" />
    <remembered-set count="53984" freebytes="17641984" totalbytes="17857920" percent="98" regionsoverflowed="0" regionsstable="8" regionsrebuilding="0"/>
  </mem-info>
</gc-start>
<allocation-stats totalBytes="117421216" >
  <allocated-bytes non-tlh="0" tlh="117421216" arrayletleaf="0"/>
  <largest-consumer threadName="Thread-21" threadId="0000000002116900" bytes="11958952" />
</allocation-stats>
<gc-op id="3793" type="copy forward" timems="10.857" contextid="3790" timestamp="2019-08-09T21:46:38.021">
  <memory-copied type="eden" objects="26205" bytes="1047960" bytesdiscarded="97872" />
  <memory-copied type="other" objects="57463" bytes="2340744" bytesdiscarded="169280" />
  <memory-cardclean objects="28589" bytes="1506760" />
  <regions eden="56" other="5" />
  <remembered-set-cleared processed="32040" cleared="7595" durationms="0.540" />
  <stringconstants candidates="15173" cleared="0"  />
</gc-op>
<gc-op id="3794" type="classunload" timems="0.011" contextid="3790" timestamp="2019-08-09T21:46:38.021">
  <classunload-info classloadercandidates="55" classloadersunloaded="0" classesunloaded="0" anonymousclassesunloaded="0" quiescems="0.000" setupms="0.011" scanms="0.000" postms="0.000" />
</gc-op>
<heap-resize id="3795" type="expand" space="default" amount="4194304" count="1" timems="0.075" reason="excessive time being spent in gc" timestamp="2019-08-09T21:46:38.022" />
<gc-end id="3796" type="partial gc" contextid="3790" durationms="12.387" usertimems="26.189" systemtimems="14.858" timestamp="2019-08-09T21:46:38.022" activeThreads="16">
  <mem-info id="3797" free="270532608" total="450887680" percent="60">
    <mem type="eden" free="951320" total="2097152" percent="45" />
    <remembered-set count="57280" freebytes="17796480" totalbytes="18025600" percent="98" regionsoverflowed="0" regionsstable="8" regionsrebuilding="0"/>
  </mem-info>
</gc-end>
<cycle-end id="3798" type="partial gc" contextid="3790" timestamp="2019-08-09T21:46:38.022" />
  <attribute name="elasticGC enabled" value="1" />
  <attribute name= "numThreadsSpecified" value="16" />
  <attribute name="heapSize specified" value="0" />
  <attribute name="Current GC Util" value="125" />
  <attribute name= "Current Time Running" value="211097" />
  <attribute name ="GC Interval" value="0" />
  <attribute name="Target GC Util Change" value ="80.000000" />
  <attribute name="Current GC Util Change" value="125.000000"/>
  <attribute name="Current Error" value="-45.000000" />
  <attribute name="Output H" value="446769008"/>
  <attribute name="Output I" value="1960"/>
  <attribute name="Output T" value="16"/>
  <attribute name= "Current Time Running" value="211097" />
  <attribute name="GC Util currently" value="125" />
  <attribute name="CPU Util currently" value="1260269940312" />
<exclusive-end id="3799" timestamp="2019-08-09T21:46:38.022" durationms="12.951" />

<exclusive-start id="3800" timestamp="2019-08-09T21:46:38.131" intervalms="121.995">
  <response-info timems="2.320" idlems="2.320" threads="0" lastid="00000000020E2300" lastname="Thread-33" />
</exclusive-start>
<allocation-taxation id="3801" taxation-threshold="119537664" timestamp="2019-08-09T21:46:38.131" intervalms="122.010" />
<cycle-start id="3802" type="partial gc" contextid="0" timestamp="2019-08-09T21:46:38.131" intervalms="121.998" />
<gc-start id="3803" type="partial gc" contextid="3802" timestamp="2019-08-09T21:46:38.131">
  <mem-info id="3804" free="150994944" total="450887680" percent="33">
    <mem type="eden" free="0" total="119537664" percent="0" />
    <remembered-set count="57024" freebytes="17797504" totalbytes="18025600" percent="98" regionsoverflowed="0" regionsstable="8" regionsrebuilding="0"/>
  </mem-info>
</gc-start>
<allocation-stats totalBytes="119518384" >
  <allocated-bytes non-tlh="0" tlh="119518384" arrayletleaf="0"/>
  <largest-consumer threadName="Thread-24" threadId="0000000002100200" bytes="13080880" />
</allocation-stats>
<gc-op id="3805" type="copy forward" timems="13.063" contextid="3802" timestamp="2019-08-09T21:46:38.147">
  <memory-copied type="eden" objects="21116" bytes="788256" bytesdiscarded="80392" />
  <memory-copied type="other" objects="74778" bytes="3031056" bytesdiscarded="251960" />
  <memory-cardclean objects="31979" bytes="1670104" />
  <regions eden="57" other="6" />
  <remembered-set-cleared processed="32138" cleared="8827" durationms="0.393" />
  <stringconstants candidates="15173" cleared="0"  />
</gc-op>
<gc-op id="3806" type="classunload" timems="0.010" contextid="3802" timestamp="2019-08-09T21:46:38.147">
  <classunload-info classloadercandidates="55" classloadersunloaded="0" classesunloaded="0" anonymousclassesunloaded="0" quiescems="0.000" setupms="0.010" scanms="0.000" postms="0.000" />
</gc-op>
<heap-resize id="3807" type="expand" space="default" amount="10485760" count="1" timems="0.095" reason="excessive time being spent in gc" timestamp="2019-08-09T21:46:38.147" />
<gc-end id="3808" type="partial gc" contextid="3802" durationms="15.375" usertimems="29.844" systemtimems="24.141" timestamp="2019-08-09T21:46:38.147" activeThreads="16">
  <mem-info id="3809" free="276824064" total="461373440" percent="60">
    <mem type="eden" free="3325656" total="4194304" percent="79" />
    <remembered-set count="58848" freebytes="18209408" totalbytes="18444800" percent="98" regionsoverflowed="0" regionsstable="8" regionsrebuilding="0"/>
  </mem-info>
</gc-end>
<cycle-end id="3810" type="partial gc" contextid="3802" timestamp="2019-08-09T21:46:38.147" />
  <attribute name="elasticGC enabled" value="1" />
  <attribute name= "numThreadsSpecified" value="16" />
  <attribute name="heapSize specified" value="0" />
  <attribute name="Current GC Util" value="178" />
  <attribute name= "Current Time Running" value="211220" />
  <attribute name ="GC Interval" value="0" />
  <attribute name="Target GC Util Change" value ="80.000000" />
  <attribute name="Current GC Util Change" value="178.000000"/>
  <attribute name="Current Error" value="-96.000000" />
  <attribute name="Output H" value="450963256"/>
  <attribute name="Output I" value="1904"/>
  <attribute name="Output T" value="16"/>
  <attribute name= "Current Time Running" value="211220" />
  <attribute name="GC Util currently" value="178" />
  <attribute name="CPU Util currently" value="760668831736" />
<exclusive-end id="3811" timestamp="2019-08-09T21:46:38.147" durationms="16.053" />

<exclusive-start id="3812" timestamp="2019-08-09T21:46:38.238" intervalms="106.929">
  <response-info timems="5.171" idlems="5.171" threads="0" lastid="00000000020E5F00" lastname="Thread-36" />
</exclusive-start>
<allocation-taxation id="3813" taxation-threshold="121634816" timestamp="2019-08-09T21:46:38.238" intervalms="106.915" />
<cycle-start id="3814" type="partial gc" contextid="0" timestamp="2019-08-09T21:46:38.238" intervalms="106.961" />
<gc-start id="3815" type="partial gc" contextid="3814" timestamp="2019-08-09T21:46:38.238">
  <mem-info id="3816" free="155189248" total="461373440" percent="33">
    <mem type="eden" free="0" total="121634816" percent="0" />
    <remembered-set count="58528" freebytes="18210688" totalbytes="18444800" percent="98" regionsoverflowed="0" regionsstable="8" regionsrebuilding="0"/>
  </mem-info>
</gc-start>
<allocation-stats totalBytes="121613568" >
  <allocated-bytes non-tlh="0" tlh="121613568" arrayletleaf="0"/>
  <largest-consumer threadName="Thread-24" threadId="0000000002100200" bytes="12347712" />
</allocation-stats>
<gc-op id="3817" type="copy forward" timems="13.070" contextid="3814" timestamp="2019-08-09T21:46:38.252">
  <memory-copied type="eden" objects="29852" bytes="1136608" bytesdiscarded="100288" />
  <memory-copied type="other" objects="59506" bytes="2527152" bytesdiscarded="206704" />
  <memory-cardclean objects="24174" bytes="1252840" />
  <regions eden="58" other="7" />
  <remembered-set-cleared processed="33874" cleared="10065" durationms="0.241" />
  <stringconstants candidates="15173" cleared="0"  />
</gc-op>
<gc-op id="3818" type="classunload" timems="0.011" contextid="3814" timestamp="2019-08-09T21:46:38.252">
  <classunload-info classloadercandidates="55" classloadersunloaded="0" classesunloaded="0" anonymousclassesunloaded="0" quiescems="0.000" setupms="0.011" scanms="0.000" postms="0.000" />
</gc-op>
<gc-end id="3819" type="partial gc" contextid="3814" durationms="14.344" usertimems="18.157" systemtimems="27.865" timestamp="2019-08-09T21:46:38.253" activeThreads="16">
  <mem-info id="3820" free="276824064" total="461373440" percent="60">
    <mem type="eden" free="860256" total="2097152" percent="41" />
    <remembered-set count="55808" freebytes="18221568" totalbytes="18444800" percent="98" regionsoverflowed="0" regionsstable="8" regionsrebuilding="0"/>
  </mem-info>
</gc-end>
<cycle-end id="3821" type="partial gc" contextid="3814" timestamp="2019-08-09T21:46:38.253" />
  <attribute name="elasticGC enabled" value="1" />
  <attribute name= "numThreadsSpecified" value="16" />
  <attribute name="heapSize specified" value="0" />
  <attribute name="Current GC Util" value="137" />
  <attribute name= "Current Time Running" value="211326" />
  <attribute name ="GC Interval" value="0" />
  <attribute name="Target GC Util Change" value ="80.000000" />
  <attribute name="Current GC Util Change" value="137.000000"/>
  <attribute name="Current Error" value="-122.000000" />
  <attribute name="Output H" value="461448984"/>
  <attribute name="Output I" value="1872"/>
  <attribute name="Output T" value="16"/>
  <attribute name= "Current Time Running" value="211326" />
  <attribute name="GC Util currently" value="137" />
  <attribute name="CPU Util currently" value="1698840357750" />
<exclusive-end id="3822" timestamp="2019-08-09T21:46:38.253" durationms="14.965" />

<exclusive-start id="3823" timestamp="2019-08-09T21:46:38.349" intervalms="110.847">
  <response-info timems="5.307" idlems="5.307" threads="0" lastid="00000000020E5F00" lastname="Thread-36" />
</exclusive-start>
<allocation-taxation id="3824" taxation-threshold="121634816" timestamp="2019-08-09T21:46:38.349" intervalms="110.965" />
<cycle-start id="3825" type="partial gc" contextid="0" timestamp="2019-08-09T21:46:38.349" intervalms="111.034" />
<gc-start id="3826" type="partial gc" contextid="3825" timestamp="2019-08-09T21:46:38.350">
  <mem-info id="3827" free="155189248" total="461373440" percent="33">
    <mem type="eden" free="0" total="121634816" percent="0" />
    <remembered-set count="55456" freebytes="18222976" totalbytes="18444800" percent="98" regionsoverflowed="0" regionsstable="8" regionsrebuilding="0"/>
  </mem-info>
</gc-start>
<allocation-stats totalBytes="121613888" >
  <allocated-bytes non-tlh="0" tlh="121613888" arrayletleaf="0"/>
  <largest-consumer threadName="Thread-26" threadId="00000000020F8A00" bytes="10270968" />
</allocation-stats>
<gc-op id="3828" type="copy forward" timems="11.855" contextid="3825" timestamp="2019-08-09T21:46:38.365">
  <memory-copied type="eden" objects="38597" bytes="1346288" bytesdiscarded="137184" />
  <memory-copied type="other" objects="52092" bytes="2074464" bytesdiscarded="177992" />
  <memory-cardclean objects="30014" bytes="1557232" />
  <regions eden="58" other="6" />
  <remembered-set-cleared processed="32534" cleared="8215" durationms="0.212" />
  <stringconstants candidates="15173" cleared="0"  />
</gc-op>
<gc-op id="3829" type="classunload" timems="0.010" contextid="3825" timestamp="2019-08-09T21:46:38.366">
  <classunload-info classloadercandidates="55" classloadersunloaded="0" classesunloaded="0" anonymousclassesunloaded="0" quiescems="0.000" setupms="0.010" scanms="0.000" postms="0.000" />
</gc-op>
<gc-end id="3830" type="partial gc" contextid="3825" durationms="16.210" usertimems="29.474" systemtimems="20.895" timestamp="2019-08-09T21:46:38.366" activeThreads="16">
  <mem-info id="3831" free="272629760" total="461373440" percent="59">
    <mem type="eden" free="2710832" total="4194304" percent="64" />
    <remembered-set count="56320" freebytes="18219520" totalbytes="18444800" percent="98" regionsoverflowed="0" regionsstable="8" regionsrebuilding="0"/>
  </mem-info>
</gc-end>
<cycle-end id="3832" type="partial gc" contextid="3825" timestamp="2019-08-09T21:46:38.366" />
  <attribute name="elasticGC enabled" value="1" />
  <attribute name= "numThreadsSpecified" value="16" />
  <attribute name="heapSize specified" value="0" />
  <attribute name="Current GC Util" value="82" />
  <attribute name= "Current Time Running" value="211440" />
  <attribute name ="GC Interval" value="0" />
  <attribute name="Target GC Util Change" value ="80.000000" />
  <attribute name="Current GC Util Change" value="82.000000"/>
  <attribute name="Current Error" value="-2.000000" />
  <attribute name="Output H" value="461449120"/>
  <attribute name="Output I" value="2008"/>
  <attribute name="Output T" value="16"/>
  <attribute name= "Current Time Running" value="211440" />
  <attribute name="GC Util currently" value="82" />
  <attribute name="CPU Util currently" value="482884051414" />
<exclusive-end id="3833" timestamp="2019-08-09T21:46:38.366" durationms="17.297" />

<exclusive-start id="3834" timestamp="2019-08-09T21:46:38.479" intervalms="130.005">
  <response-info timems="4.828" idlems="4.828" threads="0" lastid="00000000020DE700" lastname="Thread-27" />
</exclusive-start>
<allocation-taxation id="3835" taxation-threshold="121634816" timestamp="2019-08-09T21:46:38.479" intervalms="130.113" />
<cycle-start id="3836" type="partial gc" contextid="0" timestamp="2019-08-09T21:46:38.479" intervalms="130.138" />
<gc-start id="3837" type="partial gc" contextid="3836" timestamp="2019-08-09T21:46:38.479">
  <mem-info id="3838" free="150994944" total="461373440" percent="32">
    <mem type="eden" free="0" total="121634816" percent="0" />
    <remembered-set count="56128" freebytes="18220288" totalbytes="18444800" percent="98" regionsoverflowed="0" regionsstable="8" regionsrebuilding="0"/>
  </mem-info>
</gc-start>
<allocation-stats totalBytes="121613512" >
  <allocated-bytes non-tlh="4104" tlh="121609408" arrayletleaf="0"/>
  <largest-consumer threadName="Thread-29" threadId="000000000211A500" bytes="11835400" />
</allocation-stats>
<gc-op id="3839" type="copy forward" timems="13.680" contextid="3836" timestamp="2019-08-09T21:46:38.495">
  <memory-copied type="eden" objects="52840" bytes="1965752" bytesdiscarded="161784" />
  <memory-copied type="other" objects="59619" bytes="2392488" bytesdiscarded="241352" />
  <memory-cardclean objects="21714" bytes="1124728" />
  <regions eden="58" other="7" />
  <remembered-set-cleared processed="32625" cleared="7986" durationms="0.612" />
  <stringconstants candidates="15173" cleared="0"  />
</gc-op>
<gc-op id="3840" type="classunload" timems="0.011" contextid="3836" timestamp="2019-08-09T21:46:38.495">
  <classunload-info classloadercandidates="55" classloadersunloaded="0" classesunloaded="0" anonymousclassesunloaded="0" quiescems="0.000" setupms="0.011" scanms="0.000" postms="0.000" />
</gc-op>
<heap-resize id="3841" type="expand" space="default" amount="16777216" count="1" timems="0.138" reason="excessive time being spent in gc" timestamp="2019-08-09T21:46:38.495" />
<gc-end id="3842" type="partial gc" contextid="3836" durationms="15.784" usertimems="36.237" systemtimems="8.278" timestamp="2019-08-09T21:46:38.495" activeThreads="16">
  <mem-info id="3843" free="287309824" total="478150656" percent="60">
    <mem type="eden" free="2066768" total="4194304" percent="49" />
    <remembered-set count="55072" freebytes="18895232" totalbytes="19115520" percent="98" regionsoverflowed="0" regionsstable="8" regionsrebuilding="0"/>
  </mem-info>
</gc-end>
<cycle-end id="3844" type="partial gc" contextid="3836" timestamp="2019-08-09T21:46:38.495" />
  <attribute name="elasticGC enabled" value="1" />
  <attribute name= "numThreadsSpecified" value="16" />
  <attribute name="heapSize specified" value="0" />
  <attribute name="Current GC Util" value="86" />
  <attribute name= "Current Time Running" value="211568" />
  <attribute name ="GC Interval" value="0" />
  <attribute name="Target GC Util Change" value ="80.000000" />
  <attribute name="Current GC Util Change" value="86.000000"/>
  <attribute name="Current Error" value="34.000000" />
  <attribute name="Output H" value="461449160"/>
  <attribute name="Output I" value="2048"/>
  <attribute name="Output T" value="16"/>
  <attribute name= "Current Time Running" value="211568" />
  <attribute name="GC Util currently" value="86" />
  <attribute name="CPU Util currently" value="888546072951" />
<exclusive-end id="3845" timestamp="2019-08-09T21:46:38.496" durationms="16.868" />

<exclusive-start id="3846" timestamp="2019-08-09T21:46:38.572" intervalms="93.713">
  <response-info timems="5.681" idlems="5.681" threads="0" lastid="000000000210F200" lastname="Thread-31" />
</exclusive-start>
<allocation-taxation id="3847" taxation-threshold="125829120" timestamp="2019-08-09T21:46:38.573" intervalms="93.537" />
<cycle-start id="3848" type="partial gc" contextid="0" timestamp="2019-08-09T21:46:38.573" intervalms="93.510" />
<gc-start id="3849" type="partial gc" contextid="3848" timestamp="2019-08-09T21:46:38.573">
  <mem-info id="3850" free="161480704" total="478150656" percent="33">
    <mem type="eden" free="0" total="125829120" percent="0" />
    <remembered-set count="54720" freebytes="18896640" totalbytes="19115520" percent="98" regionsoverflowed="0" regionsstable="8" regionsrebuilding="0"/>
  </mem-info>
</gc-start>
<allocation-stats totalBytes="125807152" >
  <allocated-bytes non-tlh="0" tlh="125807152" arrayletleaf="0"/>
  <largest-consumer threadName="Thread-31" threadId="000000000210F200" bytes="13498152" />
</allocation-stats>
<gc-op id="3851" type="copy forward" timems="13.792" contextid="3848" timestamp="2019-08-09T21:46:38.589">
  <memory-copied type="eden" objects="62053" bytes="2594896" bytesdiscarded="354096" />
  <memory-copied type="other" objects="41036" bytes="1534368" bytesdiscarded="171832" />
  <memory-cardclean objects="21942" bytes="1127632" />
  <regions eden="60" other="7" />
  <remembered-set-cleared processed="33305" cleared="8893" durationms="0.208" />
  <stringconstants candidates="15173" cleared="0"  />
</gc-op>
<gc-op id="3852" type="classunload" timems="0.013" contextid="3848" timestamp="2019-08-09T21:46:38.589">
  <classunload-info classloadercandidates="55" classloadersunloaded="0" classesunloaded="0" anonymousclassesunloaded="0" quiescems="0.000" setupms="0.013" scanms="0.000" postms="0.000" />
</gc-op>
<gc-end id="3853" type="partial gc" contextid="3848" durationms="15.795" usertimems="39.650" systemtimems="14.244" timestamp="2019-08-09T21:46:38.589" activeThreads="16">
  <mem-info id="3854" free="287309824" total="478150656" percent="60">
    <mem type="eden" free="1245312" total="4194304" percent="29" />
    <remembered-set count="54560" freebytes="18897280" totalbytes="19115520" percent="98" regionsoverflowed="0" regionsstable="8" regionsrebuilding="0"/>
  </mem-info>
</gc-end>
<cycle-end id="3855" type="partial gc" contextid="3848" timestamp="2019-08-09T21:46:38.589" />
  <attribute name="elasticGC enabled" value="1" />
  <attribute name= "numThreadsSpecified" value="16" />
  <attribute name="heapSize specified" value="0" />
  <attribute name="Current GC Util" value="120" />
  <attribute name= "Current Time Running" value="211661" />
  <attribute name ="GC Interval" value="0" />
  <attribute name="Target GC Util Change" value ="80.000000" />
  <attribute name="Current GC Util Change" value="120.000000"/>
  <attribute name="Current Error" value="27.000000" />
  <attribute name="Output H" value="478226368"/>
  <attribute name="Output I" value="2040"/>
  <attribute name="Output T" value="16"/>
  <attribute name= "Current Time Running" value="211661" />
  <attribute name="GC Util currently" value="120" />
  <attribute name="CPU Util currently" value="931507630784" />
<exclusive-end id="3856" timestamp="2019-08-09T21:46:38.589" durationms="16.727" />

<exclusive-start id="3857" timestamp="2019-08-09T21:46:38.694" intervalms="121.968">
  <response-info timems="4.900" idlems="4.900" threads="0" lastid="00000000020FC600" lastname="Thread-32" />
</exclusive-start>
<allocation-taxation id="3858" taxation-threshold="125829120" timestamp="2019-08-09T21:46:38.694" intervalms="121.936" />
<cycle-start id="3859" type="partial gc" contextid="0" timestamp="2019-08-09T21:46:38.695" intervalms="121.814" />
<gc-start id="3860" type="partial gc" contextid="3859" timestamp="2019-08-09T21:46:38.695">
  <mem-info id="3861" free="161480704" total="478150656" percent="33">
    <mem type="eden" free="0" total="125829120" percent="0" />
    <remembered-set count="54400" freebytes="18897920" totalbytes="19115520" percent="98" regionsoverflowed="0" regionsstable="8" regionsrebuilding="0"/>
  </mem-info>
</gc-start>
<allocation-stats totalBytes="125806256" >
  <allocated-bytes non-tlh="0" tlh="125806256" arrayletleaf="0"/>
  <largest-consumer threadName="Thread-31" threadId="000000000210F200" bytes="12584784" />
</allocation-stats>
<gc-op id="3862" type="copy forward" timems="11.403" contextid="3859" timestamp="2019-08-09T21:46:38.708">
  <memory-copied type="eden" objects="46843" bytes="1818256" bytesdiscarded="240232" />
  <memory-copied type="other" objects="55642" bytes="2434416" bytesdiscarded="185208" />
  <memory-cardclean objects="14227" bytes="715336" />
  <regions eden="60" other="7" />
  <remembered-set-cleared processed="33080" cleared="9136" durationms="0.254" />
  <stringconstants candidates="15173" cleared="0"  />
</gc-op>
<gc-op id="3863" type="classunload" timems="0.010" contextid="3859" timestamp="2019-08-09T21:46:38.708">
  <classunload-info classloadercandidates="55" classloadersunloaded="0" classesunloaded="0" anonymousclassesunloaded="0" quiescems="0.000" setupms="0.010" scanms="0.000" postms="0.000" />
</gc-op>
<gc-end id="3864" type="partial gc" contextid="3859" durationms="12.912" usertimems="27.418" systemtimems="16.253" timestamp="2019-08-09T21:46:38.708" activeThreads="16">
  <mem-info id="3865" free="287309824" total="478150656" percent="60">
    <mem type="eden" free="38664" total="2097152" percent="1" />
    <remembered-set count="53216" freebytes="18902656" totalbytes="19115520" percent="98" regionsoverflowed="0" regionsstable="8" regionsrebuilding="0"/>
  </mem-info>
</gc-end>
<cycle-end id="3866" type="partial gc" contextid="3859" timestamp="2019-08-09T21:46:38.708" />
  <attribute name="elasticGC enabled" value="1" />
  <attribute name= "numThreadsSpecified" value="16" />
  <attribute name="heapSize specified" value="0" />
  <attribute name="Current GC Util" value="144" />
  <attribute name= "Current Time Running" value="211783" />
  <attribute name ="GC Interval" value="0" />
  <attribute name="Target GC Util Change" value ="80.000000" />
  <attribute name="Current GC Util Change" value="144.000000"/>
  <attribute name="Current Error" value="-64.000000" />
  <attribute name="Output H" value="478226264"/>
  <attribute name="Output I" value="1936"/>
  <attribute name="Output T" value="16"/>
  <attribute name= "Current Time Running" value="211783" />
  <attribute name="GC Util currently" value="144" />
  <attribute name="CPU Util currently" value="1177638867424" />
<exclusive-end id="3867" timestamp="2019-08-09T21:46:38.708" durationms="13.775" />

<exclusive-start id="3868" timestamp="2019-08-09T21:46:38.790" intervalms="95.674">
  <response-info timems="3.575" idlems="3.575" threads="0" lastid="00000000020E2300" lastname="Thread-33" />
</exclusive-start>
<allocation-taxation id="3869" taxation-threshold="125829120" timestamp="2019-08-09T21:46:38.790" intervalms="95.661" />
<cycle-start id="3870" type="partial gc" contextid="0" timestamp="2019-08-09T21:46:38.790" intervalms="95.697" />
<gc-start id="3871" type="partial gc" contextid="3870" timestamp="2019-08-09T21:46:38.790">
  <mem-info id="3872" free="161480704" total="478150656" percent="33">
    <mem type="eden" free="0" total="125829120" percent="0" />
    <remembered-set count="52928" freebytes="18903808" totalbytes="19115520" percent="98" regionsoverflowed="0" regionsstable="8" regionsrebuilding="0"/>
  </mem-info>
</gc-start>
<allocation-stats totalBytes="125807168" >
  <allocated-bytes non-tlh="0" tlh="125807168" arrayletleaf="0"/>
  <largest-consumer threadName="Thread-25" threadId="00000000020D6F00" bytes="11491352" />
</allocation-stats>
<gc-op id="3873" type="copy forward" timems="12.321" contextid="3870" timestamp="2019-08-09T21:46:38.804">
  <memory-copied type="eden" objects="56607" bytes="2326840" bytesdiscarded="235944" />
  <memory-copied type="other" objects="61377" bytes="2572056" bytesdiscarded="170160" />
  <memory-cardclean objects="14039" bytes="709816" />
  <regions eden="60" other="6" />
  <remembered-set-cleared processed="31589" cleared="8128" durationms="0.940" />
  <stringconstants candidates="15173" cleared="0"  />
</gc-op>
<gc-op id="3874" type="classunload" timems="0.012" contextid="3870" timestamp="2019-08-09T21:46:38.804">
  <classunload-info classloadercandidates="55" classloadersunloaded="0" classesunloaded="0" anonymousclassesunloaded="0" quiescems="0.000" setupms="0.011" scanms="0.000" postms="0.000" />
</gc-op>
<heap-resize id="3875" type="expand" space="default" amount="10485760" count="1" timems="0.097" reason="excessive time being spent in gc" timestamp="2019-08-09T21:46:38.804" />
<gc-end id="3876" type="partial gc" contextid="3870" durationms="13.761" usertimems="38.072" systemtimems="12.777" timestamp="2019-08-09T21:46:38.804" activeThreads="16">
  <mem-info id="3877" free="293601280" total="488636416" percent="60">
    <mem type="eden" free="1631520" total="4194304" percent="38" />
    <remembered-set count="52896" freebytes="19323136" totalbytes="19534720" percent="98" regionsoverflowed="0" regionsstable="8" regionsrebuilding="0"/>
  </mem-info>
</gc-end>
<cycle-end id="3878" type="partial gc" contextid="3870" timestamp="2019-08-09T21:46:38.804" />
  <attribute name="elasticGC enabled" value="1" />
  <attribute name= "numThreadsSpecified" value="16" />
  <attribute name="heapSize specified" value="0" />
  <attribute name="Current GC Util" value="141" />
  <attribute name= "Current Time Running" value="211878" />
  <attribute name ="GC Interval" value="0" />
  <attribute name="Target GC Util Change" value ="80.000000" />
  <attribute name="Current GC Util Change" value="141.000000"/>
  <attribute name="Current Error" value="-90.000000" />
  <attribute name="Output H" value="478226240"/>
  <attribute name="Output I" value="1912"/>
  <attribute name="Output T" value="16"/>
  <attribute name= "Current Time Running" value="211878" />
  <attribute name="GC Util currently" value="141" />
  <attribute name="CPU Util currently" value="1989812784278" />
<exclusive-end id="3879" timestamp="2019-08-09T21:46:38.804" durationms="14.423" />

<exclusive-start id="3880" timestamp="2019-08-09T21:46:38.911" intervalms="121.357">
  <response-info timems="3.426" idlems="2.106" threads="3" lastid="00000000020D3300" lastname="Thread-23" />
</exclusive-start>
<allocation-taxation id="3881" taxation-threshold="127926272" timestamp="2019-08-09T21:46:38.912" intervalms="121.390" />
<cycle-start id="3882" type="partial gc" contextid="0" timestamp="2019-08-09T21:46:38.912" intervalms="122.128" />
<gc-start id="3883" type="partial gc" contextid="3882" timestamp="2019-08-09T21:46:38.913">
  <mem-info id="3884" free="165675008" total="488636416" percent="33">
    <mem type="eden" free="0" total="127926272" percent="0" />
    <remembered-set count="52896" freebytes="19323136" totalbytes="19534720" percent="98" regionsoverflowed="0" regionsstable="8" regionsrebuilding="0"/>
  </mem-info>
</gc-start>
<allocation-stats totalBytes="127903664" >
  <allocated-bytes non-tlh="0" tlh="127903664" arrayletleaf="0"/>
  <largest-consumer threadName="Thread-26" threadId="00000000020F8A00" bytes="10451216" />
</allocation-stats>
<gc-op id="3885" type="copy forward" timems="11.632" contextid="3882" timestamp="2019-08-09T21:46:38.926">
  <memory-copied type="eden" objects="65918" bytes="2688112" bytesdiscarded="256536" />
  <memory-copied type="other" objects="50781" bytes="2180376" bytesdiscarded="302936" />
  <memory-cardclean objects="9906" bytes="527752" />
  <regions eden="61" other="7" />
  <remembered-set-cleared processed="30389" cleared="7066" durationms="0.621" />
  <stringconstants candidates="15173" cleared="0"  />
</gc-op>
<gc-op id="3886" type="classunload" timems="0.011" contextid="3882" timestamp="2019-08-09T21:46:38.926">
  <classunload-info classloadercandidates="55" classloadersunloaded="0" classesunloaded="0" anonymousclassesunloaded="0" quiescems="0.000" setupms="0.010" scanms="0.000" postms="0.000" />
</gc-op>
<heap-resize id="3887" type="expand" space="default" amount="10485760" count="1" timems="0.102" reason="excessive time being spent in gc" timestamp="2019-08-09T21:46:38.926" />
<gc-end id="3888" type="partial gc" contextid="3882" durationms="13.942" usertimems="40.257" systemtimems="4.802" timestamp="2019-08-09T21:46:38.926" activeThreads="16">
  <mem-info id="3889" free="299892736" total="499122176" percent="60">
    <mem type="eden" free="3346808" total="6291456" percent="53" />
    <remembered-set count="52608" freebytes="19743488" totalbytes="19953920" percent="98" regionsoverflowed="0" regionsstable="8" regionsrebuilding="0"/>
  </mem-info>
</gc-end>
<cycle-end id="3890" type="partial gc" contextid="3882" timestamp="2019-08-09T21:46:38.927" />
  <attribute name="elasticGC enabled" value="1" />
  <attribute name= "numThreadsSpecified" value="16" />
  <attribute name="heapSize specified" value="0" />
  <attribute name="Current GC Util" value="143" />
  <attribute name= "Current Time Running" value="212001" />
  <attribute name ="GC Interval" value="0" />
  <attribute name="Target GC Util Change" value ="80.000000" />
  <attribute name="Current GC Util Change" value="143.000000"/>
  <attribute name="Current Error" value="-114.000000" />
  <attribute name="Output H" value="488711968"/>
  <attribute name="Output I" value="1880"/>
  <attribute name="Output T" value="16"/>
  <attribute name= "Current Time Running" value="212001" />
  <attribute name="GC Util currently" value="143" />
  <attribute name="CPU Util currently" value="798194285814" />
<exclusive-end id="3891" timestamp="2019-08-09T21:46:38.927" durationms="15.291" />

<exclusive-start id="3892" timestamp="2019-08-09T21:46:38.994" intervalms="82.862">
  <response-info timems="0.712" idlems="0.712" threads="0" lastid="00000000020FC600" lastname="Thread-32" />
</exclusive-start>
<allocation-taxation id="3893" taxation-threshold="132120576" timestamp="2019-08-09T21:46:38.994" intervalms="82.840" />
<cycle-start id="3894" type="partial gc" contextid="0" timestamp="2019-08-09T21:46:38.994" intervalms="82.101" />
<gc-start id="3895" type="partial gc" contextid="3894" timestamp="2019-08-09T21:46:38.995">
  <mem-info id="3896" free="167772160" total="499122176" percent="33">
    <mem type="eden" free="0" total="132120576" percent="0" />
    <remembered-set count="52160" freebytes="19745280" totalbytes="19953920" percent="98" regionsoverflowed="0" regionsstable="8" regionsrebuilding="0"/>
  </mem-info>
</gc-start>
<allocation-stats totalBytes="132096656" >
  <allocated-bytes non-tlh="0" tlh="132096656" arrayletleaf="0"/>
  <largest-consumer threadName="Thread-21" threadId="0000000002116900" bytes="12285864" />
</allocation-stats>
<gc-op id="3897" type="copy forward" timems="17.299" contextid="3894" timestamp="2019-08-09T21:46:39.013">
  <memory-copied type="eden" objects="53150" bytes="2242360" bytesdiscarded="268536" />
  <memory-copied type="other" objects="52418" bytes="2357040" bytesdiscarded="154776" />
  <memory-cardclean objects="5189" bytes="278272" />
  <regions eden="63" other="7" />
  <remembered-set-cleared processed="30598" cleared="7108" durationms="2.084" />
  <stringconstants candidates="15173" cleared="0"  />
</gc-op>
<gc-op id="3898" type="classunload" timems="0.014" contextid="3894" timestamp="2019-08-09T21:46:39.013">
  <classunload-info classloadercandidates="55" classloadersunloaded="0" classesunloaded="0" anonymousclassesunloaded="0" quiescems="0.000" setupms="0.014" scanms="0.000" postms="0.000" />
</gc-op>
<gc-end id="3899" type="partial gc" contextid="3894" durationms="18.880" usertimems="35.261" systemtimems="32.687" timestamp="2019-08-09T21:46:39.014" activeThreads="16">
  <mem-info id="3900" free="301989888" total="499122176" percent="60">
    <mem type="eden" free="1683408" total="4194304" percent="40" />
    <remembered-set count="49312" freebytes="19756672" totalbytes="19953920" percent="99" regionsoverflowed="0" regionsstable="8" regionsrebuilding="0"/>
  </mem-info>
</gc-end>
<cycle-end id="3901" type="partial gc" contextid="3894" timestamp="2019-08-09T21:46:39.014" />
  <attribute name="elasticGC enabled" value="1" />
  <attribute name= "numThreadsSpecified" value="16" />
  <attribute name="heapSize specified" value="0" />
  <attribute name="Current GC Util" value="122" />
  <attribute name= "Current Time Running" value="212082" />
  <attribute name ="GC Interval" value="0" />
  <attribute name="Target GC Util Change" value ="80.000000" />
  <attribute name="Current GC Util Change" value="122.000000"/>
  <attribute name="Current Error" value="-42.000000" />
  <attribute name="Output H" value="499197808"/>
  <attribute name="Output I" value="1960"/>
  <attribute name="Output T" value="16"/>
  <attribute name= "Current Time Running" value="212082" />
  <attribute name="GC Util currently" value="122" />
  <attribute name="CPU Util currently" value="1268854062324" />
<exclusive-end id="3902" timestamp="2019-08-09T21:46:39.014" durationms="19.714" />

<exclusive-start id="3903" timestamp="2019-08-09T21:46:39.128" intervalms="133.289">
  <response-info timems="3.132" idlems="2.768" threads="1" lastid="00000000020F8A00" lastname="Thread-26" />
</exclusive-start>
<allocation-taxation id="3904" taxation-threshold="132120576" timestamp="2019-08-09T21:46:39.128" intervalms="133.435" />
<cycle-start id="3905" type="partial gc" contextid="0" timestamp="2019-08-09T21:46:39.128" intervalms="133.495" />
<gc-start id="3906" type="partial gc" contextid="3905" timestamp="2019-08-09T21:46:39.128">
  <mem-info id="3907" free="169869312" total="499122176" percent="34">
    <mem type="eden" free="0" total="132120576" percent="0" />
    <remembered-set count="49312" freebytes="19756672" totalbytes="19953920" percent="99" regionsoverflowed="0" regionsstable="8" regionsrebuilding="0"/>
  </mem-info>
</gc-start>
<allocation-stats totalBytes="132097040" >
  <allocated-bytes non-tlh="0" tlh="132097040" arrayletleaf="0"/>
  <largest-consumer threadName="Thread-21" threadId="0000000002116900" bytes="12445568" />
</allocation-stats>
<gc-op id="3908" type="copy forward" timems="15.074" contextid="3905" timestamp="2019-08-09T21:46:39.145">
  <memory-copied type="eden" objects="49805" bytes="2161160" bytesdiscarded="196320" />
  <memory-copied type="other" objects="51925" bytes="2345208" bytesdiscarded="148840" />
  <memory-cardclean objects="5500" bytes="293200" />
  <regions eden="63" other="6" />
  <remembered-set-cleared processed="29312" cleared="5822" durationms="0.214" />
  <stringconstants candidates="15173" cleared="0"  />
</gc-op>
<gc-op id="3909" type="classunload" timems="0.011" contextid="3905" timestamp="2019-08-09T21:46:39.145">
  <classunload-info classloadercandidates="55" classloadersunloaded="0" classesunloaded="0" anonymousclassesunloaded="0" quiescems="0.000" setupms="0.010" scanms="0.000" postms="0.000" />
</gc-op>
<gc-end id="3910" type="partial gc" contextid="3905" durationms="16.577" usertimems="35.762" systemtimems="13.243" timestamp="2019-08-09T21:46:39.145" activeThreads="16">
  <mem-info id="3911" free="299892736" total="499122176" percent="60">
    <mem type="eden" free="1836824" total="4194304" percent="43" />
    <remembered-set count="50848" freebytes="19750528" totalbytes="19953920" percent="98" regionsoverflowed="0" regionsstable="8" regionsrebuilding="0"/>
  </mem-info>
</gc-end>
<cycle-end id="3912" type="partial gc" contextid="3905" timestamp="2019-08-09T21:46:39.145" />
  <attribute name="elasticGC enabled" value="1" />
  <attribute name= "numThreadsSpecified" value="16" />
  <attribute name="heapSize specified" value="0" />
  <attribute name="Current GC Util" value="98" />
  <attribute name= "Current Time Running" value="212216" />
  <attribute name ="GC Interval" value="0" />
  <attribute name="Target GC Util Change" value ="80.000000" />
  <attribute name="Current GC Util Change" value="98.000000"/>
  <attribute name="Current Error" value="-30.000000" />
  <attribute name="Output H" value="499197824"/>
  <attribute name="Output I" value="1976"/>
  <attribute name="Output T" value="16"/>
  <attribute name= "Current Time Running" value="212216" />
  <attribute name="GC Util currently" value="98" />
  <attribute name="CPU Util currently" value="1206404954792" />
<exclusive-end id="3913" timestamp="2019-08-09T21:46:39.145" durationms="17.530" />

<exclusive-start id="3914" timestamp="2019-08-09T21:46:39.254" intervalms="126.101">
  <response-info timems="0.363" idlems="0.363" threads="0" lastid="0000000002100200" lastname="Thread-24" />
</exclusive-start>
<allocation-taxation id="3915" taxation-threshold="132120576" timestamp="2019-08-09T21:46:39.254" intervalms="126.084" />
<cycle-start id="3916" type="partial gc" contextid="0" timestamp="2019-08-09T21:46:39.254" intervalms="126.056" />
<gc-start id="3917" type="partial gc" contextid="3916" timestamp="2019-08-09T21:46:39.254">
  <mem-info id="3918" free="167772160" total="499122176" percent="33">
    <mem type="eden" free="0" total="132120576" percent="0" />
    <remembered-set count="50496" freebytes="19751936" totalbytes="19953920" percent="98" regionsoverflowed="0" regionsstable="8" regionsrebuilding="0"/>
  </mem-info>
</gc-start>
<allocation-stats totalBytes="132096032" >
  <allocated-bytes non-tlh="0" tlh="132096032" arrayletleaf="0"/>
  <largest-consumer threadName="Thread-28" threadId="00000000020F1200" bytes="11540336" />
</allocation-stats>
<gc-op id="3919" type="copy forward" timems="15.358" contextid="3916" timestamp="2019-08-09T21:46:39.271">
  <memory-copied type="eden" objects="39579" bytes="1503816" bytesdiscarded="0" />
  <memory-copied type="other" objects="60249" bytes="2682360" bytesdiscarded="0" />
  <memory-cardclean objects="6237" bytes="343336" />
  <regions eden="63" other="6" />
  <remembered-set-cleared processed="29182" cleared="4308" durationms="0.758" />
  <stringconstants candidates="15173" cleared="0"  />
</gc-op>
<gc-op id="3920" type="classunload" timems="0.009" contextid="3916" timestamp="2019-08-09T21:46:39.271">
  <classunload-info classloadercandidates="55" classloadersunloaded="0" classesunloaded="0" anonymousclassesunloaded="0" quiescems="0.000" setupms="0.009" scanms="0.000" postms="0.000" />
</gc-op>
<gc-end id="3921" type="partial gc" contextid="3916" durationms="17.258" usertimems="18.668" systemtimems="0.361" timestamp="2019-08-09T21:46:39.271" activeThreads="1">
  <mem-info id="3922" free="301989888" total="499122176" percent="60">
    <mem type="eden" free="593336" total="2097152" percent="28" />
    <remembered-set count="49664" freebytes="19755264" totalbytes="19953920" percent="99" regionsoverflowed="0" regionsstable="8" regionsrebuilding="0"/>
  </mem-info>
</gc-end>
<cycle-end id="3923" type="partial gc" contextid="3916" timestamp="2019-08-09T21:46:39.272" />
  <attribute name="elasticGC enabled" value="1" />
  <attribute name= "numThreadsSpecified" value="1" />
  <attribute name="heapSize specified" value="0" />
  <attribute name="Current GC Util" value="118" />
  <attribute name= "Current Time Running" value="212342" />
  <attribute name ="GC Interval" value="0" />
  <attribute name="Target GC Util Change" value ="80.000000" />
  <attribute name="Current GC Util Change" value="118.000000"/>
  <attribute name="Current Error" value="-26.000000" />
  <attribute name="Output H" value="499197832"/>
  <attribute name="Output I" value="1984"/>
  <attribute name="Output T" value="1"/>
  <attribute name= "Current Time Running" value="212342" />
  <attribute name="GC Util currently" value="118" />
  <attribute name="CPU Util currently" value="878187476953" />
<exclusive-end id="3924" timestamp="2019-08-09T21:46:39.272" durationms="18.245" />

<exclusive-start id="3925" timestamp="2019-08-09T21:46:39.343" intervalms="89.621">
  <response-info timems="7.030" idlems="7.030" threads="0" lastid="00000000020FC600" lastname="Thread-32" />
</exclusive-start>
<allocation-taxation id="3926" taxation-threshold="132120576" timestamp="2019-08-09T21:46:39.343" intervalms="89.485" />
<cycle-start id="3927" type="partial gc" contextid="0" timestamp="2019-08-09T21:46:39.343" intervalms="89.445" />
<gc-start id="3928" type="partial gc" contextid="3927" timestamp="2019-08-09T21:46:39.344">
  <mem-info id="3929" free="169869312" total="499122176" percent="34">
    <mem type="eden" free="0" total="132120576" percent="0" />
    <remembered-set count="49472" freebytes="19756032" totalbytes="19953920" percent="99" regionsoverflowed="0" regionsstable="8" regionsrebuilding="0"/>
  </mem-info>
</gc-start>
<allocation-stats totalBytes="132096656" >
  <allocated-bytes non-tlh="0" tlh="132096656" arrayletleaf="0"/>
  <largest-consumer threadName="Thread-28" threadId="00000000020F1200" bytes="12457712" />
</allocation-stats>
<gc-op id="3930" type="copy forward" timems="14.323" contextid="3927" timestamp="2019-08-09T21:46:39.360">
  <memory-copied type="eden" objects="45813" bytes="1791928" bytesdiscarded="142544" />
  <memory-copied type="other" objects="47279" bytes="2100408" bytesdiscarded="237656" />
  <memory-cardclean objects="10242" bytes="554104" />
  <regions eden="63" other="5" />
  <remembered-set-cleared processed="28474" cleared="6025" durationms="0.505" />
  <stringconstants candidates="15173" cleared="0"  />
</gc-op>
<gc-op id="3931" type="classunload" timems="0.011" contextid="3927" timestamp="2019-08-09T21:46:39.360">
  <classunload-info classloadercandidates="55" classloadersunloaded="0" classesunloaded="0" anonymousclassesunloaded="0" quiescems="0.000" setupms="0.011" scanms="0.000" postms="0.000" />
</gc-op>
<heap-resize id="3932" type="expand" space="default" amount="4194304" count="1" timems="0.079" reason="excessive time being spent in gc" timestamp="2019-08-09T21:46:39.360" />
<gc-end id="3933" type="partial gc" contextid="3927" durationms="16.387" usertimems="32.399" systemtimems="9.857" timestamp="2019-08-09T21:46:39.360" activeThreads="16">
  <mem-info id="3934" free="301989888" total="503316480" percent="60">
    <mem type="eden" free="2259832" total="4194304" percent="53" />
    <remembered-set count="49664" freebytes="19922944" totalbytes="20121600" percent="99" regionsoverflowed="0" regionsstable="8" regionsrebuilding="0"/>
  </mem-info>
</gc-end>
<cycle-end id="3935" type="partial gc" contextid="3927" timestamp="2019-08-09T21:46:39.360" />
  <attribute name="elasticGC enabled" value="1" />
  <attribute name= "numThreadsSpecified" value="16" />
  <attribute name="heapSize specified" value="0" />
  <attribute name="Current GC Util" value="145" />
  <attribute name= "Current Time Running" value="212432" />
  <attribute name ="GC Interval" value="0" />
  <attribute name="Target GC Util Change" value ="80.000000" />
  <attribute name="Current GC Util Change" value="145.000000"/>
  <attribute name="Current Error" value="-65.000000" />
  <attribute name="Output H" value="499197784"/>
  <attribute name="Output I" value="1936"/>
  <attribute name="Output T" value="16"/>
  <attribute name= "Current Time Running" value="212432" />
  <attribute name="GC Util currently" value="145" />
  <attribute name="CPU Util currently" value="923326189863" />
<exclusive-end id="3936" timestamp="2019-08-09T21:46:39.360" durationms="17.035" />

<exclusive-start id="3937" timestamp="2019-08-09T21:46:39.489" intervalms="146.049">
  <response-info timems="6.425" idlems="3.255" threads="1" lastid="00000000020E5F00" lastname="Thread-36" />
</exclusive-start>
<allocation-taxation id="3938" taxation-threshold="132120576" timestamp="2019-08-09T21:46:39.489" intervalms="146.053" />
<cycle-start id="3939" type="partial gc" contextid="0" timestamp="2019-08-09T21:46:39.490" intervalms="146.096" />
<gc-start id="3940" type="partial gc" contextid="3939" timestamp="2019-08-09T21:46:39.490">
  <mem-info id="3941" free="169869312" total="503316480" percent="33">
    <mem type="eden" free="0" total="132120576" percent="0" />
    <remembered-set count="49664" freebytes="19922944" totalbytes="20121600" percent="99" regionsoverflowed="0" regionsstable="8" regionsrebuilding="0"/>
  </mem-info>
</gc-start>
<allocation-stats totalBytes="132097224" >
  <allocated-bytes non-tlh="0" tlh="132097224" arrayletleaf="0"/>
  <largest-consumer threadName="Thread-32" threadId="00000000020FC600" bytes="14808536" />
</allocation-stats>
<gc-op id="3942" type="copy forward" timems="9.973" contextid="3939" timestamp="2019-08-09T21:46:39.502">
  <memory-copied type="eden" objects="40533" bytes="1663768" bytesdiscarded="203296" />
  <memory-copied type="other" objects="43694" bytes="1735536" bytesdiscarded="220160" />
  <memory-cardclean objects="15634" bytes="821056" />
  <regions eden="63" other="5" />
  <remembered-set-cleared processed="27620" cleared="3176" durationms="0.836" />
  <stringconstants candidates="15173" cleared="0"  />
</gc-op>
<gc-op id="3943" type="classunload" timems="0.011" contextid="3939" timestamp="2019-08-09T21:46:39.502">
  <classunload-info classloadercandidates="55" classloadersunloaded="0" classesunloaded="0" anonymousclassesunloaded="0" quiescems="0.000" setupms="0.010" scanms="0.000" postms="0.000" />
</gc-op>
<gc-end id="3944" type="partial gc" contextid="3939" durationms="12.721" usertimems="34.387" systemtimems="1.945" timestamp="2019-08-09T21:46:39.502" activeThreads="16">
  <mem-info id="3945" free="301989888" total="503316480" percent="60">
    <mem type="eden" free="230088" total="2097152" percent="10" />
    <remembered-set count="49408" freebytes="19923968" totalbytes="20121600" percent="99" regionsoverflowed="0" regionsstable="8" regionsrebuilding="0"/>
  </mem-info>
</gc-end>
<cycle-end id="3946" type="partial gc" contextid="3939" timestamp="2019-08-09T21:46:39.503" />
  <attribute name="elasticGC enabled" value="1" />
  <attribute name= "numThreadsSpecified" value="16" />
  <attribute name="heapSize specified" value="0" />
  <attribute name="Current GC Util" value="64" />
  <attribute name= "Current Time Running" value="212579" />
  <attribute name ="GC Interval" value="0" />
  <attribute name="Target GC Util Change" value ="80.000000" />
  <attribute name="Current GC Util Change" value="64.000000"/>
  <attribute name="Current Error" value="3.000000" />
  <attribute name="Output H" value="503392168"/>
  <attribute name="Output I" value="2016"/>
  <attribute name="Output T" value="16"/>
  <attribute name= "Current Time Running" value="212579" />
  <attribute name="GC Util currently" value="64" />
  <attribute name="CPU Util currently" value="532649728774" />
<exclusive-end id="3947" timestamp="2019-08-09T21:46:39.503" durationms="13.354" />

<exclusive-start id="3948" timestamp="2019-08-09T21:46:39.563" intervalms="73.559">
  <response-info timems="0.021" idlems="0.021" threads="0" lastid="00000000020DE700" lastname="Thread-27" />
</exclusive-start>
<allocation-taxation id="3949" taxation-threshold="132120576" timestamp="2019-08-09T21:46:39.563" intervalms="73.606" />
<cycle-start id="3950" type="partial gc" contextid="0" timestamp="2019-08-09T21:46:39.563" intervalms="73.585" />
<gc-start id="3951" type="partial gc" contextid="3950" timestamp="2019-08-09T21:46:39.563">
  <mem-info id="3952" free="169869312" total="503316480" percent="33">
    <mem type="eden" free="0" total="132120576" percent="0" />
    <remembered-set count="49152" freebytes="19924992" totalbytes="20121600" percent="99" regionsoverflowed="0" regionsstable="8" regionsrebuilding="0"/>
  </mem-info>
</gc-start>
<allocation-stats totalBytes="132097128" >
  <allocated-bytes non-tlh="0" tlh="132097128" arrayletleaf="0"/>
  <largest-consumer threadName="Thread-36" threadId="00000000020E5F00" bytes="17998648" />
</allocation-stats>
<gc-op id="3953" type="copy forward" timems="9.330" contextid="3950" timestamp="2019-08-09T21:46:39.574">
  <memory-copied type="eden" objects="9099" bytes="219824" bytesdiscarded="97008" />
  <memory-copied type="other" objects="29354" bytes="1116624" bytesdiscarded="87976" />
  <memory-cardclean objects="15280" bytes="788168" />
  <regions eden="63" other="6" />
  <remembered-set-cleared processed="28300" cleared="4987" durationms="0.255" />
  <stringconstants candidates="15173" cleared="0"  />
</gc-op>
<gc-op id="3954" type="classunload" timems="0.010" contextid="3950" timestamp="2019-08-09T21:46:39.574">
  <classunload-info classloadercandidates="55" classloadersunloaded="0" classesunloaded="0" anonymousclassesunloaded="0" quiescems="0.000" setupms="0.010" scanms="0.000" postms="0.000" />
</gc-op>
<heap-resize id="3955" type="expand" space="default" amount="6291456" count="1" timems="0.099" reason="excessive time being spent in gc" timestamp="2019-08-09T21:46:39.574" />
<gc-end id="3956" type="partial gc" contextid="3950" durationms="10.467" usertimems="33.264" systemtimems="0.000" timestamp="2019-08-09T21:46:39.574" activeThreads="16">
  <mem-info id="3957" free="306184192" total="509607936" percent="60">
    <mem type="eden" free="1780320" total="2097152" percent="84" />
    <remembered-set count="47776" freebytes="20182016" totalbytes="20373120" percent="99" regionsoverflowed="0" regionsstable="8" regionsrebuilding="0"/>
  </mem-info>
</gc-end>
<cycle-end id="3958" type="partial gc" contextid="3950" timestamp="2019-08-09T21:46:39.574" />
  <attribute name="elasticGC enabled" value="1" />
  <attribute name= "numThreadsSpecified" value="16" />
  <attribute name="heapSize specified" value="0" />
  <attribute name="Current GC Util" value="143" />
  <attribute name= "Current Time Running" value="212651" />
  <attribute name ="GC Interval" value="0" />
  <attribute name="Target GC Util Change" value ="80.000000" />
  <attribute name="Current GC Util Change" value="143.000000"/>
  <attribute name="Current Error" value="-29.000000" />
  <attribute name="Output H" value="503392128"/>
  <attribute name="Output I" value="1976"/>
  <attribute name="Output T" value="16"/>
  <attribute name= "Current Time Running" value="212651" />
  <attribute name="GC Util currently" value="143" />
  <attribute name="CPU Util currently" value="2151342027001" />
<exclusive-end id="3959" timestamp="2019-08-09T21:46:39.574" durationms="11.145" />

===== DaCapo 9.12-MR1 sunflow PASSED in 10748 msec =====
Using scaled threading model. 16 processors detected, 16 threads used to drive the workload, in a possible range of [1,1000]
<exclusive-start id="3960" timestamp="2019-08-09T21:46:39.920" intervalms="356.809">
  <response-info timems="0.068" idlems="0.068" threads="0" lastid="0000000001DE8F00" lastname="main" />
</exclusive-start>
<sys-start reason="explicit" id="3961" timestamp="2019-08-09T21:46:39.920" intervalms="11122.970" />
<cycle-start id="3962" type="global garbage collect" contextid="0" timestamp="2019-08-09T21:46:39.920" intervalms="11122.924" />
<gc-start id="3963" type="global garbage collect" contextid="3962" timestamp="2019-08-09T21:46:39.920">
  <mem-info id="3964" free="236907496" total="509607936" percent="46">
    <mem type="eden" free="2026472" total="71303168" percent="2" />
    <remembered-set count="47424" freebytes="20183424" totalbytes="20373120" percent="99" regionsoverflowed="0" regionsstable="8" regionsrebuilding="0"/>
  </mem-info>
</gc-start>
<allocation-stats totalBytes="69225840" >
  <allocated-bytes non-tlh="632592" tlh="68593248" arrayletleaf="0"/>
  <largest-consumer threadName="main" threadId="0000000001DE8F00" bytes="11362504" />
</allocation-stats>
<gc-op id="3965" type="global mark" timems="12.275" contextid="3962" timestamp="2019-08-09T21:46:39.933">
  <trace-info objectcount="642611" scancount="553228" scanbytes="14685272" />
  <finalization candidates="154" enqueued="1" />
  <ownableSynchronizers candidates="23" cleared="1" />
  <references type="soft" candidates="4627" cleared="0" enqueued="0" dynamicThreshold="19" maxThreshold="32" />
  <references type="weak" candidates="6402" cleared="93" enqueued="93" />
  <references type="phantom" candidates="888" cleared="10" enqueued="10" />
  <stringconstants candidates="16167" cleared="22"  />
</gc-op>
<gc-op id="3966" type="classunload" timems="0.011" contextid="3962" timestamp="2019-08-09T21:46:39.933">
  <classunload-info classloadercandidates="68" classloadersunloaded="0" classesunloaded="0" anonymousclassesunloaded="0" quiescems="0.000" setupms="0.010" scanms="0.000" postms="0.000" />
</gc-op>
<gc-op id="3967" type="sweep" timems="2.032" contextid="3962" timestamp="2019-08-09T21:46:39.935" />
<gc-op id="3968" type="compact" timems="36.033" contextid="3962" timestamp="2019-08-09T21:46:39.971">
  <compact-info movecount="642602" movebytes="22971560" />
  <remembered-set-cleared processed="117862" cleared="117862" durationms="0.505" />
</gc-op>
<gc-end id="3969" type="global garbage collect" contextid="3962" durationms="51.422" usertimems="179.842" systemtimems="0.000" timestamp="2019-08-09T21:46:39.972" activeThreads="16">
  <mem-info id="3970" free="484442112" total="509607936" percent="95">
    <pending-finalizers system="1" default="0" reference="103" classloader="0" />
    <remembered-set count="49664" freebytes="20174464" totalbytes="20373120" percent="99" regionsoverflowed="0" regionsstable="0" regionsrebuilding="0"/>
  </mem-info>
</gc-end>
<cycle-end id="3971" type="global garbage collect" contextid="3962" timestamp="2019-08-09T21:46:39.972" />
  <attribute name="elasticGC enabled" value="1" />
  <attribute name= "numThreadsSpecified" value="16" />
  <attribute name="heapSize specified" value="0" />
  <attribute name="Current GC Util" value="224" />
  <attribute name= "Current Time Running" value="213022" />
  <attribute name ="GC Interval" value="0" />
  <attribute name="Target GC Util Change" value ="80.000000" />
  <attribute name="Current GC Util Change" value="224.000000"/>
  <attribute name="Current Error" value="-530.000000" />
  <attribute name="Output H" value="509683008"/>
  <attribute name="Output I" value="1400"/>
  <attribute name="Output T" value="16"/>
  <attribute name= "Current Time Running" value="213022" />
  <attribute name="GC Util currently" value="224" />
  <attribute name="CPU Util currently" value="523291652815" />
<sys-end id="3972" timestamp="2019-08-09T21:46:39.972" />
<exclusive-end id="3973" timestamp="2019-08-09T21:46:39.972" durationms="52.170" />

===== DaCapo 9.12-MR1 xalan starting =====
<exclusive-start id="3974" timestamp="2019-08-09T21:46:40.521" intervalms="601.717">
  <response-info timems="1.167" idlems="0.613" threads="1" lastid="0000000002129500" lastname="Thread-42" />
</exclusive-start>
<allocation-taxation id="3975" taxation-threshold="134217728" timestamp="2019-08-09T21:46:40.521" intervalms="958.475" />
<cycle-start id="3976" type="partial gc" contextid="0" timestamp="2019-08-09T21:46:40.522" intervalms="958.554" />
<gc-start id="3977" type="partial gc" contextid="3976" timestamp="2019-08-09T21:46:40.522">
  <mem-info id="3978" free="350224384" total="509607936" percent="68">
    <mem type="eden" free="0" total="134217728" percent="0" />
    <remembered-set count="49344" freebytes="20175744" totalbytes="20373120" percent="99" regionsoverflowed="0" regionsstable="0" regionsrebuilding="0"/>
  </mem-info>
</gc-start>
<allocation-stats totalBytes="134043928" >
  <allocated-bytes non-tlh="1386528" tlh="132657400" arrayletleaf="0"/>
  <largest-consumer threadName="Thread-49" threadId="00000000020DAB00" bytes="12662472" />
</allocation-stats>
<gc-op id="3979" type="copy forward" timems="14.555" contextid="3976" timestamp="2019-08-09T21:46:40.538">
  <memory-copied type="eden" objects="38086" bytes="4871560" bytesdiscarded="794296" />
  <memory-copied type="other" objects="0" bytes="0" bytesdiscarded="0" />
  <memory-cardclean objects="1987" bytes="154720" />
  <regions eden="64" other="0" />
  <remembered-set-cleared processed="44836" cleared="308" durationms="0.208" />
  <finalization candidates="1" enqueued="0" />
  <references type="soft" candidates="25" cleared="0" enqueued="0" dynamicThreshold="30" maxThreshold="32" />
  <references type="weak" candidates="79" cleared="0" enqueued="0" />
  <references type="phantom" candidates="21" cleared="0" enqueued="0" />
  <stringconstants candidates="16515" cleared="0"  />
</gc-op>
<gc-op id="3980" type="classunload" timems="0.012" contextid="3976" timestamp="2019-08-09T21:46:40.538">
  <classunload-info classloadercandidates="69" classloadersunloaded="0" classesunloaded="0" anonymousclassesunloaded="0" quiescems="0.000" setupms="0.012" scanms="0.000" postms="0.000" />
</gc-op>
<gc-end id="3981" type="partial gc" contextid="3976" durationms="16.178" usertimems="20.584" systemtimems="23.395" timestamp="2019-08-09T21:46:40.538" activeThreads="16">
  <mem-info id="3982" free="478150656" total="509607936" percent="93">
    <mem type="eden" free="624920" total="6291456" percent="9" />
    <remembered-set count="55680" freebytes="20150400" totalbytes="20373120" percent="98" regionsoverflowed="0" regionsstable="0" regionsrebuilding="0"/>
  </mem-info>
</gc-end>
<cycle-end id="3983" type="partial gc" contextid="3976" timestamp="2019-08-09T21:46:40.539" />
  <attribute name="elasticGC enabled" value="1" />
  <attribute name= "numThreadsSpecified" value="16" />
  <attribute name="heapSize specified" value="0" />
  <attribute name="Current GC Util" value="103" />
  <attribute name= "Current Time Running" value="213610" />
  <attribute name ="GC Interval" value="0" />
  <attribute name="Target GC Util Change" value ="80.000000" />
  <attribute name="Current GC Util Change" value="103.000000"/>
  <attribute name="Current Error" value="-487.000000" />
  <attribute name="Output H" value="509683056"/>
  <attribute name="Output I" value="1448"/>
  <attribute name="Output T" value="16"/>
  <attribute name= "Current Time Running" value="213610" />
  <attribute name="GC Util currently" value="103" />
  <attribute name="CPU Util currently" value="1283216654510" />
<exclusive-end id="3984" timestamp="2019-08-09T21:46:40.539" durationms="17.463" />

<exclusive-start id="3985" timestamp="2019-08-09T21:46:40.884" intervalms="362.163">
  <response-info timems="5.524" idlems="5.524" threads="0" lastid="00000000020D3300" lastname="Thread-47" />
</exclusive-start>
<allocation-taxation id="3986" taxation-threshold="134217728" timestamp="2019-08-09T21:46:40.884" intervalms="362.149" />
<cycle-start id="3987" type="partial gc" contextid="0" timestamp="2019-08-09T21:46:40.884" intervalms="362.173" />
<gc-start id="3988" type="partial gc" contextid="3987" timestamp="2019-08-09T21:46:40.884">
  <mem-info id="3989" free="343932928" total="509607936" percent="67">
    <mem type="eden" free="0" total="134217728" percent="0" />
    <remembered-set count="8416" freebytes="20339456" totalbytes="20373120" percent="99" regionsoverflowed="0" regionsstable="10" regionsrebuilding="0"/>
  </mem-info>
</gc-start>
<allocation-stats totalBytes="134026704" >
  <allocated-bytes non-tlh="98336" tlh="133928368" arrayletleaf="0"/>
  <largest-consumer threadName="Thread-49" threadId="00000000020DAB00" bytes="13235112" />
</allocation-stats>
<gc-op id="3990" type="copy forward" timems="13.950" contextid="3987" timestamp="2019-08-09T21:46:40.900">
  <memory-copied type="eden" objects="8507" bytes="3300416" bytesdiscarded="1024032" />
  <memory-copied type="other" objects="28347" bytes="1049448" bytesdiscarded="75224" />
  <memory-cardclean objects="579" bytes="88328" />
  <regions eden="64" other="3" />
  <remembered-set-cleared processed="1447" cleared="681" durationms="0.269" />
  <finalization candidates="1" enqueued="0" />
  <references type="soft" candidates="25" cleared="0" enqueued="0" dynamicThreshold="30" maxThreshold="32" />
  <references type="weak" candidates="81" cleared="0" enqueued="0" />
  <references type="phantom" candidates="22" cleared="0" enqueued="0" />
  <stringconstants candidates="16515" cleared="0"  />
</gc-op>
<gc-op id="3991" type="classunload" timems="0.012" contextid="3987" timestamp="2019-08-09T21:46:40.900">
  <classunload-info classloadercandidates="69" classloadersunloaded="0" classesunloaded="0" anonymousclassesunloaded="0" quiescems="0.000" setupms="0.012" scanms="0.000" postms="0.000" />
</gc-op>
<heap-resize id="3992" type="contract" space="default" amount="27262976" count="1" timems="0.179" reason="excess free space following gc" timestamp="2019-08-09T21:46:40.901" />
<gc-end id="3993" type="partial gc" contextid="3987" durationms="16.422" usertimems="19.602" systemtimems="26.693" timestamp="2019-08-09T21:46:40.901" activeThreads="16">
  <mem-info id="3994" free="448790528" total="482344960" percent="93">
    <mem type="eden" free="1966760" total="6291456" percent="31" />
    <remembered-set count="9248" freebytes="20336128" totalbytes="20373120" percent="99" regionsoverflowed="0" regionsstable="10" regionsrebuilding="0"/>
  </mem-info>
</gc-end>
<cycle-end id="3995" type="partial gc" contextid="3987" timestamp="2019-08-09T21:46:40.901" />
  <attribute name="elasticGC enabled" value="1" />
  <attribute name= "numThreadsSpecified" value="16" />
  <attribute name="heapSize specified" value="0" />
  <attribute name="Current GC Util" value="249" />
  <attribute name= "Current Time Running" value="213973" />
  <attribute name ="GC Interval" value="0" />
  <attribute name="Target GC Util Change" value ="80.000000" />
  <attribute name="Current GC Util Change" value="249.000000"/>
  <attribute name="Current Error" value="-588.000000" />
  <attribute name="Output H" value="509682944"/>
  <attribute name="Output I" value="1336"/>
  <attribute name="Output T" value="16"/>
  <attribute name= "Current Time Running" value="213973" />
  <attribute name="GC Util currently" value="249" />
  <attribute name="CPU Util currently" value="738712656777" />
<exclusive-end id="3996" timestamp="2019-08-09T21:46:40.901" durationms="17.341" />

<exclusive-start id="3997" timestamp="2019-08-09T21:46:41.245" intervalms="361.607">
  <response-info timems="0.452" idlems="0.452" threads="0" lastid="0000000002112D00" lastname="Thread-46" />
</exclusive-start>
<allocation-taxation id="3998" taxation-threshold="127926272" timestamp="2019-08-09T21:46:41.245" intervalms="361.608" />
<cycle-start id="3999" type="partial gc" contextid="0" timestamp="2019-08-09T21:46:41.245" intervalms="361.579" />
<gc-start id="4000" type="partial gc" contextid="3999" timestamp="2019-08-09T21:46:41.246">
  <mem-info id="4001" free="320864256" total="482344960" percent="66">
    <mem type="eden" free="0" total="127926272" percent="0" />
    <remembered-set count="9088" freebytes="20336768" totalbytes="20373120" percent="99" regionsoverflowed="0" regionsstable="10" regionsrebuilding="0"/>
  </mem-info>
</gc-start>
<allocation-stats totalBytes="127669216" >
  <allocated-bytes non-tlh="65568" tlh="127603648" arrayletleaf="0"/>
  <largest-consumer threadName="Thread-39" threadId="0000000002103E00" bytes="11834544" />
</allocation-stats>
<gc-op id="4002" type="copy forward" timems="19.605" contextid="3999" timestamp="2019-08-09T21:46:41.269">
  <memory-copied type="eden" objects="7294" bytes="2951128" bytesdiscarded="732472" />
  <memory-copied type="other" objects="28297" bytes="1052592" bytesdiscarded="165592" />
  <memory-cardclean objects="7918" bytes="280064" />
  <regions eden="61" other="4" />
  <remembered-set-cleared processed="723" cleared="476" durationms="0.399" />
  <finalization candidates="1" enqueued="0" />
  <references type="soft" candidates="25" cleared="0" enqueued="0" dynamicThreshold="29" maxThreshold="32" />
  <references type="weak" candidates="80" cleared="0" enqueued="0" />
  <references type="phantom" candidates="25" cleared="0" enqueued="0" />
  <stringconstants candidates="16515" cleared="0"  />
</gc-op>
<gc-op id="4003" type="classunload" timems="0.012" contextid="3999" timestamp="2019-08-09T21:46:41.269">
  <classunload-info classloadercandidates="69" classloadersunloaded="0" classesunloaded="0" anonymousclassesunloaded="0" quiescems="0.000" setupms="0.011" scanms="0.000" postms="0.000" />
</gc-op>
<heap-resize id="4004" type="contract" space="default" amount="25165824" count="1" timems="0.144" reason="excess free space following gc" timestamp="2019-08-09T21:46:41.269" />
<gc-end id="4005" type="partial gc" contextid="3999" durationms="23.556" usertimems="31.007" systemtimems="39.548" timestamp="2019-08-09T21:46:41.269" activeThreads="16">
  <mem-info id="4006" free="423624704" total="457179136" percent="92">
    <mem type="eden" free="510440" total="4194304" percent="12" />
    <remembered-set count="8544" freebytes="19249024" totalbytes="19283200" percent="99" regionsoverflowed="0" regionsstable="10" regionsrebuilding="0"/>
  </mem-info>
</gc-end>
<cycle-end id="4007" type="partial gc" contextid="3999" timestamp="2019-08-09T21:46:41.269" />
  <attribute name="elasticGC enabled" value="1" />
  <attribute name= "numThreadsSpecified" value="16" />
  <attribute name="heapSize specified" value="0" />
  <attribute name="Current GC Util" value="117" />
  <attribute name= "Current Time Running" value="214336" />
  <attribute name ="GC Interval" value="0" />
  <attribute name="Target GC Util Change" value ="80.000000" />
  <attribute name="Current GC Util Change" value="117.000000"/>
  <attribute name="Current Error" value="32.000000" />
  <attribute name="Output H" value="482420680"/>
  <attribute name="Output I" value="2048"/>
  <attribute name="Output T" value="16"/>
  <attribute name= "Current Time Running" value="214336" />
  <attribute name="GC Util currently" value="117" />
  <attribute name="CPU Util currently" value="377446910362" />
<exclusive-end id="4008" timestamp="2019-08-09T21:46:41.269" durationms="24.263" />

<exclusive-start id="4009" timestamp="2019-08-09T21:46:41.643" intervalms="398.284">
  <response-info timems="10.888" idlems="10.888" threads="0" lastid="0000000002134100" lastname="Thread-51" />
</exclusive-start>
<allocation-taxation id="4010" taxation-threshold="121634816" timestamp="2019-08-09T21:46:41.644" intervalms="398.303" />
<cycle-start id="4011" type="partial gc" contextid="0" timestamp="2019-08-09T21:46:41.644" intervalms="398.214" />
<gc-start id="4012" type="partial gc" contextid="4011" timestamp="2019-08-09T21:46:41.644">
  <mem-info id="4013" free="301989888" total="457179136" percent="66">
    <mem type="eden" free="0" total="121634816" percent="0" />
    <remembered-set count="8480" freebytes="19249280" totalbytes="19283200" percent="99" regionsoverflowed="0" regionsstable="10" regionsrebuilding="0"/>
  </mem-info>
</gc-start>
<allocation-stats totalBytes="121511504" >
  <allocated-bytes non-tlh="0" tlh="121511504" arrayletleaf="0"/>
  <largest-consumer threadName="Thread-42" threadId="0000000002129500" bytes="11587352" />
</allocation-stats>
<gc-op id="4014" type="copy forward" timems="10.062" contextid="4011" timestamp="2019-08-09T21:46:41.657">
  <memory-copied type="eden" objects="8081" bytes="3130960" bytesdiscarded="623096" />
  <memory-copied type="other" objects="28156" bytes="1052680" bytesdiscarded="86272" />
  <memory-cardclean objects="563" bytes="87600" />
  <regions eden="58" other="4" />
  <remembered-set-cleared processed="1433" cleared="669" durationms="0.105" />
  <finalization candidates="1" enqueued="0" />
  <references type="soft" candidates="25" cleared="0" enqueued="0" dynamicThreshold="29" maxThreshold="32" />
  <references type="weak" candidates="80" cleared="0" enqueued="0" />
  <references type="phantom" candidates="21" cleared="0" enqueued="0" />
  <stringconstants candidates="16515" cleared="0"  />
</gc-op>
<gc-op id="4015" type="classunload" timems="0.014" contextid="4011" timestamp="2019-08-09T21:46:41.657">
  <classunload-info classloadercandidates="69" classloadersunloaded="0" classesunloaded="0" anonymousclassesunloaded="0" quiescems="0.000" setupms="0.014" scanms="0.000" postms="0.000" />
</gc-op>
<heap-resize id="4016" type="contract" space="default" amount="23068672" count="1" timems="1.267" reason="excess free space following gc" timestamp="2019-08-09T21:46:41.659" />
<gc-end id="4017" type="partial gc" contextid="4011" durationms="14.601" usertimems="50.375" systemtimems="15.321" timestamp="2019-08-09T21:46:41.659" activeThreads="16">
  <mem-info id="4018" free="398458880" total="434110464" percent="91">
    <mem type="eden" free="440016" total="4194304" percent="10" />
    <remembered-set count="7168" freebytes="18248448" totalbytes="18277120" percent="99" regionsoverflowed="0" regionsstable="10" regionsrebuilding="0"/>
  </mem-info>
</gc-end>
<cycle-end id="4019" type="partial gc" contextid="4011" timestamp="2019-08-09T21:46:41.659" />
  <attribute name="elasticGC enabled" value="1" />
  <attribute name= "numThreadsSpecified" value="16" />
  <attribute name="heapSize specified" value="0" />
  <attribute name="Current GC Util" value="27" />
  <attribute name= "Current Time Running" value="214733" />
  <attribute name ="GC Interval" value="0" />
  <attribute name="Target GC Util Change" value ="80.000000" />
  <attribute name="Current GC Util Change" value="27.000000"/>
  <attribute name="Current Error" value="150.000000" />
  <attribute name="Output H" value="457254992"/>
  <attribute name="Output I" value="2184"/>
  <attribute name="Output T" value="16"/>
  <attribute name= "Current Time Running" value="214733" />
  <attribute name="GC Util currently" value="27" />
  <attribute name="CPU Util currently" value="419651589311" />
<exclusive-end id="4020" timestamp="2019-08-09T21:46:41.659" durationms="15.974" />

<exclusive-start id="4021" timestamp="2019-08-09T21:46:41.964" intervalms="320.876">
  <response-info timems="0.445" idlems="0.445" threads="0" lastid="00000000020FC600" lastname="Thread-48" />
</exclusive-start>
<allocation-taxation id="4022" taxation-threshold="115343360" timestamp="2019-08-09T21:46:41.964" intervalms="320.915" />
<cycle-start id="4023" type="partial gc" contextid="0" timestamp="2019-08-09T21:46:41.965" intervalms="320.912" />
<gc-start id="4024" type="partial gc" contextid="4023" timestamp="2019-08-09T21:46:41.965">
  <mem-info id="4025" free="283115520" total="434110464" percent="65">
    <mem type="eden" free="0" total="115343360" percent="0" />
    <remembered-set count="6880" freebytes="18249600" totalbytes="18277120" percent="99" regionsoverflowed="0" regionsstable="10" regionsrebuilding="0"/>
  </mem-info>
</gc-start>
<allocation-stats totalBytes="115112448" >
  <allocated-bytes non-tlh="16392" tlh="115096056" arrayletleaf="0"/>
  <largest-consumer threadName="Thread-43" threadId="00000000020ED600" bytes="10067896" />
</allocation-stats>
<gc-op id="4026" type="copy forward" timems="8.376" contextid="4023" timestamp="2019-08-09T21:46:41.975">
  <memory-copied type="eden" objects="9904" bytes="3926144" bytesdiscarded="795064" />
  <memory-copied type="other" objects="27770" bytes="1038832" bytesdiscarded="91632" />
  <memory-cardclean objects="662" bytes="90504" />
  <regions eden="55" other="4" />
  <remembered-set-cleared processed="1462" cleared="696" durationms="0.113" />
  <finalization candidates="1" enqueued="0" />
  <references type="soft" candidates="25" cleared="0" enqueued="0" dynamicThreshold="29" maxThreshold="32" />
  <references type="weak" candidates="79" cleared="0" enqueued="0" />
  <references type="phantom" candidates="23" cleared="0" enqueued="0" />
  <stringconstants candidates="16515" cleared="0"  />
</gc-op>
<gc-op id="4027" type="classunload" timems="0.013" contextid="4023" timestamp="2019-08-09T21:46:41.976">
  <classunload-info classloadercandidates="69" classloadersunloaded="0" classesunloaded="0" anonymousclassesunloaded="0" quiescems="0.000" setupms="0.013" scanms="0.000" postms="0.000" />
</gc-op>
<heap-resize id="4028" type="contract" space="default" amount="23068672" count="1" timems="0.710" reason="excess free space following gc" timestamp="2019-08-09T21:46:41.976" />
<gc-end id="4029" type="partial gc" contextid="4023" durationms="11.590" usertimems="35.790" systemtimems="4.815" timestamp="2019-08-09T21:46:41.976" activeThreads="16">
  <mem-info id="4030" free="371195904" total="411041792" percent="90">
    <mem type="eden" free="1569984" total="6291456" percent="24" />
    <remembered-set count="8768" freebytes="17319808" totalbytes="17354880" percent="99" regionsoverflowed="0" regionsstable="10" regionsrebuilding="0"/>
  </mem-info>
</gc-end>
<cycle-end id="4031" type="partial gc" contextid="4023" timestamp="2019-08-09T21:46:41.976" />
  <attribute name="elasticGC enabled" value="1" />
  <attribute name= "numThreadsSpecified" value="16" />
  <attribute name="heapSize specified" value="0" />
  <attribute name="Current GC Util" value="39" />
  <attribute name= "Current Time Running" value="215053" />
  <attribute name ="GC Interval" value="0" />
  <attribute name="Target GC Util Change" value ="80.000000" />
  <attribute name="Current GC Util Change" value="39.000000"/>
  <attribute name="Current Error" value="261.000000" />
  <attribute name="Output H" value="434186448"/>
  <attribute name="Output I" value="2312"/>
  <attribute name="Output T" value="16"/>
  <attribute name= "Current Time Running" value="215053" />
  <attribute name="GC Util currently" value="39" />
  <attribute name="CPU Util currently" value="610529465598" />
<exclusive-end id="4032" timestamp="2019-08-09T21:46:41.977" durationms="12.220" />

<exclusive-start id="4033" timestamp="2019-08-09T21:46:42.210" intervalms="245.573">
  <response-info timems="2.026" idlems="1.086" threads="1" lastid="0000000002100200" lastname="Thread-50" />
</exclusive-start>
<allocation-taxation id="4034" taxation-threshold="109051904" timestamp="2019-08-09T21:46:42.210" intervalms="245.541" />
<cycle-start id="4035" type="partial gc" contextid="0" timestamp="2019-08-09T21:46:42.210" intervalms="245.543" />
<gc-start id="4036" type="partial gc" contextid="4035" timestamp="2019-08-09T21:46:42.210">
  <mem-info id="4037" free="262144000" total="411041792" percent="63">
    <mem type="eden" free="0" total="109051904" percent="0" />
    <remembered-set count="8544" freebytes="17320704" totalbytes="17354880" percent="99" regionsoverflowed="0" regionsstable="10" regionsrebuilding="0"/>
  </mem-info>
</gc-start>
<allocation-stats totalBytes="108856552" >
  <allocated-bytes non-tlh="0" tlh="108856552" arrayletleaf="0"/>
  <largest-consumer threadName="Thread-37" threadId="0000000002121D00" bytes="13880704" />
</allocation-stats>
<gc-op id="4038" type="copy forward" timems="10.582" contextid="4035" timestamp="2019-08-09T21:46:42.223">
  <memory-copied type="eden" objects="9055" bytes="3692192" bytesdiscarded="891504" />
  <memory-copied type="other" objects="27521" bytes="1029592" bytesdiscarded="89400" />
  <memory-cardclean objects="702" bytes="91784" />
  <regions eden="52" other="5" />
  <remembered-set-cleared processed="1588" cleared="821" durationms="0.098" />
  <finalization candidates="1" enqueued="0" />
  <references type="soft" candidates="25" cleared="0" enqueued="0" dynamicThreshold="28" maxThreshold="32" />
  <references type="weak" candidates="81" cleared="0" enqueued="0" />
  <references type="phantom" candidates="28" cleared="0" enqueued="0" />
  <stringconstants candidates="16515" cleared="0"  />
</gc-op>
<gc-op id="4039" type="classunload" timems="0.014" contextid="4035" timestamp="2019-08-09T21:46:42.223">
  <classunload-info classloadercandidates="69" classloadersunloaded="0" classesunloaded="0" anonymousclassesunloaded="0" quiescems="0.000" setupms="0.012" scanms="0.000" postms="0.000" />
</gc-op>
<heap-resize id="4040" type="contract" space="default" amount="20971520" count="1" timems="0.653" reason="excess free space following gc" timestamp="2019-08-09T21:46:42.224" />
<gc-end id="4041" type="partial gc" contextid="4035" durationms="13.820" usertimems="25.826" systemtimems="18.910" timestamp="2019-08-09T21:46:42.224" activeThreads="16">
  <mem-info id="4042" free="348127232" total="390070272" percent="89">
    <mem type="eden" free="1707464" total="6291456" percent="27" />
    <remembered-set count="8768" freebytes="16397568" totalbytes="16432640" percent="99" regionsoverflowed="0" regionsstable="10" regionsrebuilding="0"/>
  </mem-info>
</gc-end>
<cycle-end id="4043" type="partial gc" contextid="4035" timestamp="2019-08-09T21:46:42.224" />
  <attribute name="elasticGC enabled" value="1" />
  <attribute name= "numThreadsSpecified" value="16" />
  <attribute name="heapSize specified" value="0" />
  <attribute name="Current GC Util" value="47" />
  <attribute name= "Current Time Running" value="215299" />
  <attribute name ="GC Interval" value="0" />
  <attribute name="Target GC Util Change" value ="80.000000" />
  <attribute name="Current GC Util Change" value="47.000000"/>
  <attribute name="Current Error" value="103.000000" />
  <attribute name="Output H" value="411117592"/>
  <attribute name="Output I" value="2128"/>
  <attribute name="Output T" value="16"/>
  <attribute name= "Current Time Running" value="215299" />
  <attribute name="GC Util currently" value="47" />
  <attribute name="CPU Util currently" value="554239306601" />
<exclusive-end id="4044" timestamp="2019-08-09T21:46:42.224" durationms="14.407" />

<exclusive-start id="4045" timestamp="2019-08-09T21:46:42.595" intervalms="385.172">
  <response-info timems="1.040" idlems="1.040" threads="0" lastid="0000000002125900" lastname="Thread-38" />
</exclusive-start>
<allocation-taxation id="4046" taxation-threshold="104857600" timestamp="2019-08-09T21:46:42.595" intervalms="385.152" />
<cycle-start id="4047" type="partial gc" contextid="0" timestamp="2019-08-09T21:46:42.595" intervalms="385.318" />
<gc-start id="4048" type="partial gc" contextid="4047" timestamp="2019-08-09T21:46:42.596">
  <mem-info id="4049" free="243269632" total="390070272" percent="62">
    <mem type="eden" free="0" total="104857600" percent="0" />
    <remembered-set count="8544" freebytes="16398464" totalbytes="16432640" percent="99" regionsoverflowed="0" regionsstable="10" regionsrebuilding="0"/>
  </mem-info>
</gc-start>
<allocation-stats totalBytes="104659440" >
  <allocated-bytes non-tlh="16392" tlh="104643048" arrayletleaf="0"/>
  <largest-consumer threadName="Thread-48" threadId="00000000020FC600" bytes="10576744" />
</allocation-stats>
<gc-op id="4050" type="copy forward" timems="10.563" contextid="4047" timestamp="2019-08-09T21:46:42.609">
  <memory-copied type="eden" objects="9966" bytes="3972416" bytesdiscarded="821320" />
  <memory-copied type="other" objects="27299" bytes="1023968" bytesdiscarded="97752" />
  <memory-cardclean objects="716" bytes="92336" />
  <regions eden="50" other="5" />
  <remembered-set-cleared processed="1549" cleared="782" durationms="0.121" />
  <finalization candidates="1" enqueued="0" />
  <references type="soft" candidates="25" cleared="0" enqueued="0" dynamicThreshold="28" maxThreshold="32" />
  <references type="weak" candidates="79" cleared="0" enqueued="0" />
  <references type="phantom" candidates="22" cleared="0" enqueued="0" />
  <stringconstants candidates="16515" cleared="0"  />
</gc-op>
<gc-op id="4051" type="classunload" timems="0.013" contextid="4047" timestamp="2019-08-09T21:46:42.609">
  <classunload-info classloadercandidates="69" classloadersunloaded="0" classesunloaded="0" anonymousclassesunloaded="0" quiescems="0.000" setupms="0.012" scanms="0.000" postms="0.000" />
</gc-op>
<heap-resize id="4052" type="contract" space="default" amount="20971520" count="1" timems="0.621" reason="insufficient time being spent in gc" timestamp="2019-08-09T21:46:42.609" />
<gc-end id="4053" type="partial gc" contextid="4047" durationms="13.737" usertimems="38.174" systemtimems="10.308" timestamp="2019-08-09T21:46:42.609" activeThreads="16">
  <mem-info id="4054" free="325058560" total="369098752" percent="88">
    <mem type="eden" free="1497448" total="6291456" percent="23" />
    <remembered-set count="9280" freebytes="15557120" totalbytes="15594240" percent="99" regionsoverflowed="0" regionsstable="10" regionsrebuilding="0"/>
  </mem-info>
</gc-end>
<cycle-end id="4055" type="partial gc" contextid="4047" timestamp="2019-08-09T21:46:42.610" />
  <attribute name="elasticGC enabled" value="1" />
  <attribute name= "numThreadsSpecified" value="16" />
  <attribute name="heapSize specified" value="0" />
  <attribute name="Current GC Util" value="46" />
  <attribute name= "Current Time Running" value="215684" />
  <attribute name ="GC Interval" value="0" />
  <attribute name="Target GC Util Change" value ="80.000000" />
  <attribute name="Current GC Util Change" value="46.000000"/>
  <attribute name="Current Error" value="209.000000" />
  <attribute name="Output H" value="390146200"/>
  <attribute name="Output I" value="2256"/>
  <attribute name="Output T" value="16"/>
  <attribute name= "Current Time Running" value="215684" />
  <attribute name="GC Util currently" value="46" />
  <attribute name="CPU Util currently" value="668371855935" />
<exclusive-end id="4056" timestamp="2019-08-09T21:46:42.610" durationms="14.609" />

<exclusive-start id="4057" timestamp="2019-08-09T21:46:42.914" intervalms="319.283">
  <response-info timems="28.795" idlems="7.350" threads="3" lastid="000000000211E100" lastname="Thread-41" />
</exclusive-start>
<allocation-taxation id="4058" taxation-threshold="98566144" timestamp="2019-08-09T21:46:42.914" intervalms="319.300" />
<cycle-start id="4059" type="partial gc" contextid="0" timestamp="2019-08-09T21:46:42.915" intervalms="319.145" />
<gc-start id="4060" type="partial gc" contextid="4059" timestamp="2019-08-09T21:46:42.915">
  <mem-info id="4061" free="226492416" total="369098752" percent="61">
    <mem type="eden" free="0" total="98566144" percent="0" />
    <remembered-set count="9056" freebytes="15558016" totalbytes="15594240" percent="99" regionsoverflowed="0" regionsstable="10" regionsrebuilding="0"/>
  </mem-info>
</gc-start>
<allocation-stats totalBytes="98383864" >
  <allocated-bytes non-tlh="65560" tlh="98318304" arrayletleaf="0"/>
  <largest-consumer threadName="Thread-49" threadId="00000000020DAB00" bytes="10826704" />
</allocation-stats>
<gc-op id="4062" type="copy forward" timems="11.975" contextid="4059" timestamp="2019-08-09T21:46:42.929">
  <memory-copied type="eden" objects="8851" bytes="3544448" bytesdiscarded="790896" />
  <memory-copied type="other" objects="27086" bytes="1018984" bytesdiscarded="76440" />
  <memory-cardclean objects="1308" bytes="105952" />
  <regions eden="47" other="5" />
  <remembered-set-cleared processed="1518" cleared="796" durationms="0.102" />
  <finalization candidates="1" enqueued="0" />
  <references type="soft" candidates="25" cleared="0" enqueued="0" dynamicThreshold="28" maxThreshold="32" />
  <references type="weak" candidates="79" cleared="0" enqueued="0" />
  <references type="phantom" candidates="19" cleared="0" enqueued="0" />
  <stringconstants candidates="16515" cleared="0"  />
</gc-op>
<gc-op id="4063" type="classunload" timems="0.012" contextid="4059" timestamp="2019-08-09T21:46:42.929">
  <classunload-info classloadercandidates="69" classloadersunloaded="0" classesunloaded="0" anonymousclassesunloaded="0" quiescems="0.000" setupms="0.012" scanms="0.000" postms="0.000" />
</gc-op>
<heap-resize id="4064" type="contract" space="default" amount="18874368" count="1" timems="0.165" reason="insufficient time being spent in gc" timestamp="2019-08-09T21:46:42.930" />
<gc-end id="4065" type="partial gc" contextid="4059" durationms="14.879" usertimems="33.221" systemtimems="12.356" timestamp="2019-08-09T21:46:42.930" activeThreads="16">
  <mem-info id="4066" free="304087040" total="350224384" percent="86">
    <mem type="eden" free="1955872" total="6291456" percent="31" />
    <remembered-set count="9248" freebytes="14718848" totalbytes="14755840" percent="99" regionsoverflowed="0" regionsstable="10" regionsrebuilding="0"/>
  </mem-info>
</gc-end>
<cycle-end id="4067" type="partial gc" contextid="4059" timestamp="2019-08-09T21:46:42.930" />
  <attribute name="elasticGC enabled" value="1" />
  <attribute name= "numThreadsSpecified" value="16" />
  <attribute name="heapSize specified" value="0" />
  <attribute name="Current GC Util" value="103" />
  <attribute name= "Current Time Running" value="216004" />
  <attribute name ="GC Interval" value="0" />
  <attribute name="Target GC Util Change" value ="80.000000" />
  <attribute name="Current GC Util Change" value="103.000000"/>
  <attribute name="Current Error" value="255.000000" />
  <attribute name="Output H" value="369174728"/>
  <attribute name="Output I" value="2304"/>
  <attribute name="Output T" value="16"/>
  <attribute name= "Current Time Running" value="216004" />
  <attribute name="GC Util currently" value="103" />
  <attribute name="CPU Util currently" value="519013905456" />
<exclusive-end id="4068" timestamp="2019-08-09T21:46:42.930" durationms="15.635" />

<exclusive-start id="4069" timestamp="2019-08-09T21:46:43.217" intervalms="303.122">
  <response-info timems="15.169" idlems="15.169" threads="0" lastid="0000000002100200" lastname="Thread-50" />
</exclusive-start>
<allocation-taxation id="4070" taxation-threshold="94371840" timestamp="2019-08-09T21:46:43.218" intervalms="303.108" />
<cycle-start id="4071" type="partial gc" contextid="0" timestamp="2019-08-09T21:46:43.218" intervalms="303.080" />
<gc-start id="4072" type="partial gc" contextid="4071" timestamp="2019-08-09T21:46:43.218">
  <mem-info id="4073" free="209715200" total="350224384" percent="59">
    <mem type="eden" free="0" total="94371840" percent="0" />
    <remembered-set count="8832" freebytes="14720512" totalbytes="14755840" percent="99" regionsoverflowed="0" regionsstable="10" regionsrebuilding="0"/>
  </mem-info>
</gc-start>
<allocation-stats totalBytes="94237496" >
  <allocated-bytes non-tlh="65552" tlh="94171944" arrayletleaf="0"/>
  <largest-consumer threadName="Thread-41" threadId="000000000211E100" bytes="10438288" />
</allocation-stats>
<gc-op id="4074" type="copy forward" timems="13.297" contextid="4071" timestamp="2019-08-09T21:46:43.234">
  <memory-copied type="eden" objects="9156" bytes="3660720" bytesdiscarded="675976" />
  <memory-copied type="other" objects="26923" bytes="1015872" bytesdiscarded="108696" />
  <memory-cardclean objects="743" bytes="93360" />
  <regions eden="45" other="5" />
  <remembered-set-cleared processed="1601" cleared="835" durationms="0.364" />
  <finalization candidates="1" enqueued="0" />
  <references type="soft" candidates="25" cleared="0" enqueued="0" dynamicThreshold="27" maxThreshold="32" />
  <references type="weak" candidates="80" cleared="0" enqueued="0" />
  <references type="phantom" candidates="29" cleared="0" enqueued="0" />
  <stringconstants candidates="16515" cleared="0"  />
</gc-op>
<gc-op id="4075" type="classunload" timems="0.013" contextid="4071" timestamp="2019-08-09T21:46:43.234">
  <classunload-info classloadercandidates="69" classloadersunloaded="0" classesunloaded="0" anonymousclassesunloaded="0" quiescems="0.000" setupms="0.013" scanms="0.000" postms="0.000" />
</gc-op>
<heap-resize id="4076" type="contract" space="default" amount="18874368" count="1" timems="1.333" reason="insufficient time being spent in gc" timestamp="2019-08-09T21:46:43.235" />
<gc-end id="4077" type="partial gc" contextid="4071" durationms="17.211" usertimems="52.012" systemtimems="8.582" timestamp="2019-08-09T21:46:43.235" activeThreads="16">
  <mem-info id="4078" free="283115520" total="331350016" percent="85">
    <mem type="eden" free="1954488" total="6291456" percent="31" />
    <remembered-set count="8864" freebytes="13965824" totalbytes="14001280" percent="99" regionsoverflowed="0" regionsstable="10" regionsrebuilding="0"/>
  </mem-info>
</gc-end>
<cycle-end id="4079" type="partial gc" contextid="4071" timestamp="2019-08-09T21:46:43.236" />
  <attribute name="elasticGC enabled" value="1" />
  <attribute name= "numThreadsSpecified" value="16" />
  <attribute name="heapSize specified" value="0" />
  <attribute name="Current GC Util" value="50" />
  <attribute name= "Current Time Running" value="216307" />
  <attribute name ="GC Interval" value="0" />
  <attribute name="Target GC Util Change" value ="80.000000" />
  <attribute name="Current GC Util Change" value="50.000000"/>
  <attribute name="Current Error" value="97.000000" />
  <attribute name="Output H" value="350300176"/>
  <attribute name="Output I" value="2120"/>
  <attribute name="Output T" value="16"/>
  <attribute name= "Current Time Running" value="216307" />
  <attribute name="GC Util currently" value="50" />
  <attribute name="CPU Util currently" value="574830767245" />
<exclusive-end id="4080" timestamp="2019-08-09T21:46:43.236" durationms="18.435" />

<exclusive-start id="4081" timestamp="2019-08-09T21:46:43.572" intervalms="354.356">
  <response-info timems="6.134" idlems="2.124" threads="2" lastid="0000000002100200" lastname="Thread-50" />
</exclusive-start>
<allocation-taxation id="4082" taxation-threshold="90177536" timestamp="2019-08-09T21:46:43.572" intervalms="354.359" />
<cycle-start id="4083" type="partial gc" contextid="0" timestamp="2019-08-09T21:46:43.572" intervalms="354.388" />
<gc-start id="4084" type="partial gc" contextid="4083" timestamp="2019-08-09T21:46:43.572">
  <mem-info id="4085" free="192937984" total="331350016" percent="58">
    <mem type="eden" free="0" total="90177536" percent="0" />
    <remembered-set count="8736" freebytes="13966336" totalbytes="14001280" percent="99" regionsoverflowed="0" regionsstable="10" regionsrebuilding="0"/>
  </mem-info>
</gc-start>
<allocation-stats totalBytes="89982760" >
  <allocated-bytes non-tlh="32784" tlh="89949976" arrayletleaf="0"/>
  <largest-consumer threadName="Thread-40" threadId="0000000002107A00" bytes="10663336" />
</allocation-stats>
<gc-op id="4086" type="copy forward" timems="12.303" contextid="4083" timestamp="2019-08-09T21:46:43.587">
  <memory-copied type="eden" objects="8924" bytes="3684656" bytesdiscarded="743592" />
  <memory-copied type="other" objects="26792" bytes="1018048" bytesdiscarded="110376" />
  <memory-cardclean objects="6286" bytes="253808" />
  <regions eden="43" other="5" />
  <remembered-set-cleared processed="535" cleared="187" durationms="0.406" />
  <finalization candidates="1" enqueued="0" />
  <references type="soft" candidates="25" cleared="0" enqueued="0" dynamicThreshold="27" maxThreshold="32" />
  <references type="weak" candidates="79" cleared="0" enqueued="0" />
  <references type="phantom" candidates="29" cleared="0" enqueued="0" />
  <stringconstants candidates="16515" cleared="0"  />
</gc-op>
<gc-op id="4087" type="classunload" timems="0.015" contextid="4083" timestamp="2019-08-09T21:46:43.587">
  <classunload-info classloadercandidates="69" classloadersunloaded="0" classesunloaded="0" anonymousclassesunloaded="0" quiescems="0.000" setupms="0.015" scanms="0.000" postms="0.000" />
</gc-op>
<heap-resize id="4088" type="contract" space="default" amount="16777216" count="1" timems="0.687" reason="insufficient time being spent in gc" timestamp="2019-08-09T21:46:43.588" />
<gc-end id="4089" type="partial gc" contextid="4083" durationms="16.079" usertimems="34.222" systemtimems="11.842" timestamp="2019-08-09T21:46:43.588" activeThreads="16">
  <mem-info id="4090" free="264241152" total="314572800" percent="84">
    <mem type="eden" free="1862928" total="6291456" percent="29" />
    <remembered-set count="9248" freebytes="13209728" totalbytes="13246720" percent="99" regionsoverflowed="0" regionsstable="10" regionsrebuilding="0"/>
  </mem-info>
</gc-end>
<cycle-end id="4091" type="partial gc" contextid="4083" timestamp="2019-08-09T21:46:43.589" />
  <attribute name="elasticGC enabled" value="1" />
  <attribute name= "numThreadsSpecified" value="16" />
  <attribute name="heapSize specified" value="0" />
  <attribute name="Current GC Util" value="32" />
  <attribute name= "Current Time Running" value="216662" />
  <attribute name ="GC Interval" value="0" />
  <attribute name="Target GC Util Change" value ="80.000000" />
  <attribute name="Current GC Util Change" value="32.000000"/>
  <attribute name="Current Error" value="214.000000" />
  <attribute name="Output H" value="331425944"/>
  <attribute name="Output I" value="2256"/>
  <attribute name="Output T" value="16"/>
  <attribute name= "Current Time Running" value="216662" />
  <attribute name="GC Util currently" value="32" />
  <attribute name="CPU Util currently" value="436714967247" />
<exclusive-end id="4092" timestamp="2019-08-09T21:46:43.589" durationms="17.421" />

<exclusive-start id="4093" timestamp="2019-08-09T21:46:43.836" intervalms="264.026">
  <response-info timems="1.531" idlems="0.804" threads="1" lastid="00000000020F8A00" lastname="Thread-52" />
</exclusive-start>
<allocation-taxation id="4094" taxation-threshold="85983232" timestamp="2019-08-09T21:46:43.836" intervalms="264.026" />
<cycle-start id="4095" type="partial gc" contextid="0" timestamp="2019-08-09T21:46:43.836" intervalms="263.999" />
<gc-start id="4096" type="partial gc" contextid="4095" timestamp="2019-08-09T21:46:43.836">
  <mem-info id="4097" free="178257920" total="314572800" percent="56">
    <mem type="eden" free="0" total="85983232" percent="0" />
    <remembered-set count="9024" freebytes="13210624" totalbytes="13246720" percent="99" regionsoverflowed="0" regionsstable="10" regionsrebuilding="0"/>
  </mem-info>
</gc-start>
<allocation-stats totalBytes="85891840" >
  <allocated-bytes non-tlh="57368" tlh="85834472" arrayletleaf="0"/>
  <largest-consumer threadName="Thread-49" threadId="00000000020DAB00" bytes="9411736" />
</allocation-stats>
<gc-op id="4098" type="copy forward" timems="16.957" contextid="4095" timestamp="2019-08-09T21:46:43.855">
  <memory-copied type="eden" objects="9416" bytes="3685096" bytesdiscarded="948560" />
  <memory-copied type="other" objects="26629" bytes="1013408" bytesdiscarded="81920" />
  <memory-cardclean objects="753" bytes="94688" />
  <regions eden="41" other="5" />
  <remembered-set-cleared processed="1554" cleared="791" durationms="0.252" />
  <finalization candidates="1" enqueued="0" />
  <references type="soft" candidates="25" cleared="0" enqueued="0" dynamicThreshold="26" maxThreshold="32" />
  <references type="weak" candidates="79" cleared="0" enqueued="0" />
  <references type="phantom" candidates="27" cleared="0" enqueued="0" />
  <stringconstants candidates="16515" cleared="0"  />
</gc-op>
<gc-op id="4099" type="classunload" timems="0.012" contextid="4095" timestamp="2019-08-09T21:46:43.855">
  <classunload-info classloadercandidates="69" classloadersunloaded="0" classesunloaded="0" anonymousclassesunloaded="0" quiescems="0.000" setupms="0.012" scanms="0.000" postms="0.000" />
</gc-op>
<heap-resize id="4100" type="contract" space="default" amount="16777216" count="1" timems="0.688" reason="excess free space following gc" timestamp="2019-08-09T21:46:43.856" />
<gc-end id="4101" type="partial gc" contextid="4095" durationms="19.883" usertimems="48.094" systemtimems="10.374" timestamp="2019-08-09T21:46:43.856" activeThreads="16">
  <mem-info id="4102" free="245366784" total="297795584" percent="82">
    <mem type="eden" free="1657536" total="6291456" percent="26" />
    <remembered-set count="9792" freebytes="12536832" totalbytes="12576000" percent="99" regionsoverflowed="0" regionsstable="10" regionsrebuilding="0"/>
  </mem-info>
</gc-end>
<cycle-end id="4103" type="partial gc" contextid="4095" timestamp="2019-08-09T21:46:43.857" />
  <attribute name="elasticGC enabled" value="1" />
  <attribute name= "numThreadsSpecified" value="16" />
  <attribute name="heapSize specified" value="0" />
  <attribute name="Current GC Util" value="68" />
  <attribute name= "Current Time Running" value="216925" />
  <attribute name ="GC Interval" value="0" />
  <attribute name="Target GC Util Change" value ="80.000000" />
  <attribute name="Current GC Util Change" value="68.000000"/>
  <attribute name="Current Error" value="289.000000" />
  <attribute name="Output H" value="314648816"/>
  <attribute name="Output I" value="2344"/>
  <attribute name="Output T" value="16"/>
  <attribute name= "Current Time Running" value="216925" />
  <attribute name="GC Util currently" value="68" />
  <attribute name="CPU Util currently" value="679977799969" />
<exclusive-end id="4104" timestamp="2019-08-09T21:46:43.857" durationms="21.282" />

<exclusive-start id="4105" timestamp="2019-08-09T21:46:44.067" intervalms="231.555">
  <response-info timems="0.304" idlems="0.155" threads="1" lastid="000000000210B600" lastname="Thread-44" />
</exclusive-start>
<allocation-taxation id="4106" taxation-threshold="81788928" timestamp="2019-08-09T21:46:44.068" intervalms="231.552" />
<cycle-start id="4107" type="partial gc" contextid="0" timestamp="2019-08-09T21:46:44.068" intervalms="231.616" />
<gc-start id="4108" type="partial gc" contextid="4107" timestamp="2019-08-09T21:46:44.069">
  <mem-info id="4109" free="163577856" total="297795584" percent="54">
    <mem type="eden" free="0" total="81788928" percent="0" />
    <remembered-set count="9600" freebytes="12537600" totalbytes="12576000" percent="99" regionsoverflowed="0" regionsstable="10" regionsrebuilding="0"/>
  </mem-info>
</gc-start>
<allocation-stats totalBytes="81695984" >
  <allocated-bytes non-tlh="32784" tlh="81663200" arrayletleaf="0"/>
  <largest-consumer threadName="Thread-38" threadId="0000000002125900" bytes="10699048" />
</allocation-stats>
<gc-op id="4110" type="copy forward" timems="13.169" contextid="4107" timestamp="2019-08-09T21:46:44.086">
  <memory-copied type="eden" objects="8659" bytes="3474456" bytesdiscarded="821672" />
  <memory-copied type="other" objects="26438" bytes="1003456" bytesdiscarded="70232" />
  <memory-cardclean objects="777" bytes="96088" />
  <regions eden="39" other="5" />
  <remembered-set-cleared processed="1568" cleared="801" durationms="0.111" />
  <finalization candidates="1" enqueued="0" />
  <references type="soft" candidates="25" cleared="0" enqueued="0" dynamicThreshold="26" maxThreshold="32" />
  <references type="weak" candidates="80" cleared="0" enqueued="0" />
  <references type="phantom" candidates="21" cleared="0" enqueued="0" />
  <stringconstants candidates="16515" cleared="0"  />
</gc-op>
<gc-op id="4111" type="classunload" timems="0.013" contextid="4107" timestamp="2019-08-09T21:46:44.086">
  <classunload-info classloadercandidates="69" classloadersunloaded="0" classesunloaded="0" anonymousclassesunloaded="0" quiescems="0.000" setupms="0.012" scanms="0.000" postms="0.000" />
</gc-op>
<heap-resize id="4112" type="contract" space="default" amount="16777216" count="1" timems="0.690" reason="excess free space following gc" timestamp="2019-08-09T21:46:44.087" />
<gc-end id="4113" type="partial gc" contextid="4107" durationms="17.694" usertimems="36.340" systemtimems="16.765" timestamp="2019-08-09T21:46:44.087" activeThreads="16">
  <mem-info id="4114" free="226492416" total="281018368" percent="80">
    <mem type="eden" free="1995080" total="6291456" percent="31" />
    <remembered-set count="9344" freebytes="11867904" totalbytes="11905280" percent="99" regionsoverflowed="0" regionsstable="10" regionsrebuilding="0"/>
  </mem-info>
</gc-end>
<cycle-end id="4115" type="partial gc" contextid="4107" timestamp="2019-08-09T21:46:44.087" />
  <attribute name="elasticGC enabled" value="1" />
  <attribute name= "numThreadsSpecified" value="16" />
  <attribute name="heapSize specified" value="0" />
  <attribute name="Current GC Util" value="23" />
  <attribute name= "Current Time Running" value="217159" />
  <attribute name ="GC Interval" value="0" />
  <attribute name="Target GC Util Change" value ="80.000000" />
  <attribute name="Current GC Util Change" value="23.000000"/>
  <attribute name="Current Error" value="119.000000" />
  <attribute name="Output H" value="297871408"/>
  <attribute name="Output I" value="2152"/>
  <attribute name="Output T" value="16"/>
  <attribute name= "Current Time Running" value="217159" />
  <attribute name="GC Util currently" value="23" />
  <attribute name="CPU Util currently" value="345920351609" />
<exclusive-end id="4116" timestamp="2019-08-09T21:46:44.087" durationms="19.836" />

<exclusive-start id="4117" timestamp="2019-08-09T21:46:44.170" intervalms="102.680">
  <response-info timems="0.558" idlems="0.558" threads="0" lastid="0000000002100200" lastname="Thread-50" />
</exclusive-start>
<allocation-taxation id="4118" taxation-threshold="77594624" timestamp="2019-08-09T21:46:44.170" intervalms="102.671" />
<cycle-start id="4119" type="partial gc" contextid="0" timestamp="2019-08-09T21:46:44.170" intervalms="102.611" />
<gc-start id="4120" type="partial gc" contextid="4119" timestamp="2019-08-09T21:46:44.170">
  <mem-info id="4121" free="148897792" total="281018368" percent="52">
    <mem type="eden" free="0" total="77594624" percent="0" />
    <remembered-set count="9120" freebytes="11868800" totalbytes="11905280" percent="99" regionsoverflowed="0" regionsstable="10" regionsrebuilding="0"/>
  </mem-info>
</gc-start>
<allocation-stats totalBytes="77486320" >
  <allocated-bytes non-tlh="32784" tlh="77453536" arrayletleaf="0"/>
  <largest-consumer threadName="Thread-38" threadId="0000000002125900" bytes="12775104" />
</allocation-stats>
<gc-op id="4122" type="copy forward" timems="11.301" contextid="4119" timestamp="2019-08-09T21:46:44.185">
  <memory-copied type="eden" objects="9109" bytes="3598760" bytesdiscarded="714336" />
  <memory-copied type="other" objects="26305" bytes="1000416" bytesdiscarded="61520" />
  <memory-cardclean objects="782" bytes="96440" />
  <regions eden="37" other="5" />
  <remembered-set-cleared processed="1605" cleared="838" durationms="0.440" />
  <finalization candidates="1" enqueued="0" />
  <references type="soft" candidates="25" cleared="0" enqueued="0" dynamicThreshold="25" maxThreshold="32" />
  <references type="weak" candidates="79" cleared="0" enqueued="0" />
  <references type="phantom" candidates="21" cleared="0" enqueued="0" />
  <stringconstants candidates="16515" cleared="0"  />
</gc-op>
<gc-op id="4123" type="classunload" timems="0.012" contextid="4119" timestamp="2019-08-09T21:46:44.185">
  <classunload-info classloadercandidates="69" classloadersunloaded="0" classesunloaded="0" anonymousclassesunloaded="0" quiescems="0.000" setupms="0.012" scanms="0.000" postms="0.000" />
</gc-op>
<heap-resize id="4124" type="contract" space="default" amount="14680064" count="1" timems="0.585" reason="excess free space following gc" timestamp="2019-08-09T21:46:44.186" />
<gc-end id="4125" type="partial gc" contextid="4119" durationms="15.458" usertimems="34.622" systemtimems="10.829" timestamp="2019-08-09T21:46:44.186" activeThreads="16">
  <mem-info id="4126" free="209715200" total="266338304" percent="78">
    <mem type="eden" free="1978096" total="6291456" percent="31" />
    <remembered-set count="10400" freebytes="11192960" totalbytes="11234560" percent="99" regionsoverflowed="0" regionsstable="10" regionsrebuilding="0"/>
  </mem-info>
</gc-end>
<cycle-end id="4127" type="partial gc" contextid="4119" timestamp="2019-08-09T21:46:44.186" />
  <attribute name="elasticGC enabled" value="1" />
  <attribute name= "numThreadsSpecified" value="16" />
  <attribute name="heapSize specified" value="0" />
  <attribute name="Current GC Util" value="29" />
  <attribute name= "Current Time Running" value="217260" />
  <attribute name ="GC Interval" value="0" />
  <attribute name="Target GC Util Change" value ="80.000000" />
  <attribute name="Current GC Util Change" value="29.000000"/>
  <attribute name="Current Error" value="207.000000" />
  <attribute name="Output H" value="281094288"/>
  <attribute name="Output I" value="2248"/>
  <attribute name="Output T" value="16"/>
  <attribute name= "Current Time Running" value="217260" />
  <attribute name="GC Util currently" value="29" />
  <attribute name="CPU Util currently" value="432190854203" />
<exclusive-end id="4128" timestamp="2019-08-09T21:46:44.187" durationms="16.476" />

<exclusive-start id="4129" timestamp="2019-08-09T21:46:44.274" intervalms="104.198">
  <response-info timems="0.198" idlems="0.102" threads="1" lastid="0000000002129500" lastname="Thread-42" />
</exclusive-start>
<allocation-taxation id="4130" taxation-threshold="73400320" timestamp="2019-08-09T21:46:44.274" intervalms="104.188" />
<cycle-start id="4131" type="partial gc" contextid="0" timestamp="2019-08-09T21:46:44.274" intervalms="104.192" />
<gc-start id="4132" type="partial gc" contextid="4131" timestamp="2019-08-09T21:46:44.275">
  <mem-info id="4133" free="136314880" total="266338304" percent="51">
    <mem type="eden" free="0" total="73400320" percent="0" />
    <remembered-set count="10080" freebytes="11194240" totalbytes="11234560" percent="99" regionsoverflowed="0" regionsstable="10" regionsrebuilding="0"/>
  </mem-info>
</gc-start>
<allocation-stats totalBytes="73234672" >
  <allocated-bytes non-tlh="49168" tlh="73185504" arrayletleaf="0"/>
  <largest-consumer threadName="Thread-48" threadId="00000000020FC600" bytes="9048096" />
</allocation-stats>
<gc-op id="4134" type="copy forward" timems="11.027" contextid="4131" timestamp="2019-08-09T21:46:44.287">
  <memory-copied type="eden" objects="8692" bytes="3598088" bytesdiscarded="829328" />
  <memory-copied type="other" objects="26173" bytes="997176" bytesdiscarded="77704" />
  <memory-cardclean objects="782" bytes="96448" />
  <regions eden="35" other="5" />
  <remembered-set-cleared processed="1577" cleared="807" durationms="0.096" />
  <finalization candidates="1" enqueued="0" />
  <references type="soft" candidates="25" cleared="0" enqueued="0" dynamicThreshold="25" maxThreshold="32" />
  <references type="weak" candidates="79" cleared="0" enqueued="0" />
  <references type="phantom" candidates="23" cleared="0" enqueued="0" />
  <stringconstants candidates="16515" cleared="0"  />
</gc-op>
<gc-op id="4135" type="classunload" timems="0.011" contextid="4131" timestamp="2019-08-09T21:46:44.287">
  <classunload-info classloadercandidates="69" classloadersunloaded="0" classesunloaded="0" anonymousclassesunloaded="0" quiescems="0.000" setupms="0.011" scanms="0.000" postms="0.000" />
</gc-op>
<heap-resize id="4136" type="contract" space="default" amount="14680064" count="1" timems="0.679" reason="excess free space following gc" timestamp="2019-08-09T21:46:44.288" />
<gc-end id="4137" type="partial gc" contextid="4131" durationms="13.613" usertimems="34.317" systemtimems="13.651" timestamp="2019-08-09T21:46:44.288" activeThreads="16">
  <mem-info id="4138" free="192937984" total="251658240" percent="76">
    <mem type="eden" free="1863760" total="6291456" percent="29" />
    <remembered-set count="10400" freebytes="10606080" totalbytes="10647680" percent="99" regionsoverflowed="0" regionsstable="10" regionsrebuilding="0"/>
  </mem-info>
</gc-end>
<cycle-end id="4139" type="partial gc" contextid="4131" timestamp="2019-08-09T21:46:44.289" />
  <attribute name="elasticGC enabled" value="1" />
  <attribute name= "numThreadsSpecified" value="16" />
  <attribute name="heapSize specified" value="0" />
  <attribute name="Current GC Util" value="65" />
  <attribute name= "Current Time Running" value="217363" />
  <attribute name ="GC Interval" value="0" />
  <attribute name="Target GC Util Change" value ="80.000000" />
  <attribute name="Current GC Util Change" value="65.000000"/>
  <attribute name="Current Error" value="268.000000" />
  <attribute name="Output H" value="266414296"/>
  <attribute name="Output I" value="2320"/>
  <attribute name="Output T" value="16"/>
  <attribute name= "Current Time Running" value="217363" />
  <attribute name="GC Util currently" value="65" />
  <attribute name="CPU Util currently" value="858855341510" />
<exclusive-end id="4140" timestamp="2019-08-09T21:46:44.289" durationms="14.624" />

<exclusive-start id="4141" timestamp="2019-08-09T21:46:44.355" intervalms="81.186">
  <response-info timems="3.667" idlems="3.667" threads="0" lastid="000000000211E100" lastname="Thread-41" />
</exclusive-start>
<allocation-taxation id="4142" taxation-threshold="69206016" timestamp="2019-08-09T21:46:44.356" intervalms="81.214" />
<cycle-start id="4143" type="partial gc" contextid="0" timestamp="2019-08-09T21:46:44.356" intervalms="81.240" />
<gc-start id="4144" type="partial gc" contextid="4143" timestamp="2019-08-09T21:46:44.356">
  <mem-info id="4145" free="123731968" total="251658240" percent="49">
    <mem type="eden" free="0" total="69206016" percent="0" />
    <remembered-set count="10272" freebytes="10606592" totalbytes="10647680" percent="99" regionsoverflowed="0" regionsstable="10" regionsrebuilding="0"/>
  </mem-info>
</gc-start>
<allocation-stats totalBytes="69044920" >
  <allocated-bytes non-tlh="16392" tlh="69028528" arrayletleaf="0"/>
  <largest-consumer threadName="Thread-48" threadId="00000000020FC600" bytes="8413784" />
</allocation-stats>
<gc-op id="4146" type="copy forward" timems="9.841" contextid="4143" timestamp="2019-08-09T21:46:44.368">
  <memory-copied type="eden" objects="7709" bytes="3188632" bytesdiscarded="827648" />
  <memory-copied type="other" objects="26042" bytes="994128" bytesdiscarded="74792" />
  <memory-cardclean objects="1577" bytes="123944" />
  <regions eden="33" other="5" />
  <remembered-set-cleared processed="1405" cleared="705" durationms="0.135" />
  <finalization candidates="1" enqueued="0" />
  <references type="soft" candidates="25" cleared="0" enqueued="0" dynamicThreshold="24" maxThreshold="32" />
  <references type="weak" candidates="79" cleared="0" enqueued="0" />
  <references type="phantom" candidates="23" cleared="0" enqueued="0" />
  <stringconstants candidates="16515" cleared="0"  />
</gc-op>
<gc-op id="4147" type="classunload" timems="0.014" contextid="4143" timestamp="2019-08-09T21:46:44.368">
  <classunload-info classloadercandidates="69" classloadersunloaded="0" classesunloaded="0" anonymousclassesunloaded="0" quiescems="0.000" setupms="0.014" scanms="0.000" postms="0.000" />
</gc-op>
<heap-resize id="4148" type="contract" space="default" amount="12582912" count="1" timems="0.654" reason="excess free space following gc" timestamp="2019-08-09T21:46:44.369" />
<gc-end id="4149" type="partial gc" contextid="4143" durationms="12.736" usertimems="10.641" systemtimems="17.337" timestamp="2019-08-09T21:46:44.369" activeThreads="16">
  <mem-info id="4150" free="180355072" total="239075328" percent="75">
    <mem type="eden" free="177744" total="4194304" percent="4" />
    <remembered-set count="9248" freebytes="10023808" totalbytes="10060800" percent="99" regionsoverflowed="0" regionsstable="10" regionsrebuilding="0"/>
  </mem-info>
</gc-end>
<cycle-end id="4151" type="partial gc" contextid="4143" timestamp="2019-08-09T21:46:44.369" />
  <attribute name="elasticGC enabled" value="1" />
  <attribute name= "numThreadsSpecified" value="16" />
  <attribute name="heapSize specified" value="0" />
  <attribute name="Current GC Util" value="43" />
  <attribute name= "Current Time Running" value="217444" />
  <attribute name ="GC Interval" value="0" />
  <attribute name="Target GC Util Change" value ="80.000000" />
  <attribute name="Current GC Util Change" value="43.000000"/>
  <attribute name="Current Error" value="74.000000" />
  <attribute name="Output H" value="251734008"/>
  <attribute name="Output I" value="2096"/>
  <attribute name="Output T" value="16"/>
  <attribute name= "Current Time Running" value="217444" />
  <attribute name="GC Util currently" value="43" />
  <attribute name="CPU Util currently" value="666961351957" />
<exclusive-end id="4152" timestamp="2019-08-09T21:46:44.369" durationms="13.875" />

<exclusive-start id="4153" timestamp="2019-08-09T21:46:44.488" intervalms="132.586">
  <response-info timems="2.939" idlems="2.939" threads="0" lastid="00000000020DAB00" lastname="Thread-49" />
</exclusive-start>
<allocation-taxation id="4154" taxation-threshold="67108864" timestamp="2019-08-09T21:46:44.488" intervalms="132.573" />
<cycle-start id="4155" type="partial gc" contextid="0" timestamp="2019-08-09T21:46:44.488" intervalms="132.556" />
<gc-start id="4156" type="partial gc" contextid="4155" timestamp="2019-08-09T21:46:44.489">
  <mem-info id="4157" free="113246208" total="239075328" percent="47">
    <mem type="eden" free="0" total="67108864" percent="0" />
    <remembered-set count="8832" freebytes="10025472" totalbytes="10060800" percent="99" regionsoverflowed="0" regionsstable="10" regionsrebuilding="0"/>
  </mem-info>
</gc-start>
<allocation-stats totalBytes="66930064" >
  <allocated-bytes non-tlh="16392" tlh="66913672" arrayletleaf="0"/>
  <largest-consumer threadName="Thread-48" threadId="00000000020FC600" bytes="10570456" />
</allocation-stats>
<gc-op id="4158" type="copy forward" timems="12.094" contextid="4155" timestamp="2019-08-09T21:46:44.504">
  <memory-copied type="eden" objects="8356" bytes="3416264" bytesdiscarded="703320" />
  <memory-copied type="other" objects="25917" bytes="991024" bytesdiscarded="72576" />
  <memory-cardclean objects="796" bytes="97728" />
  <regions eden="32" other="4" />
  <remembered-set-cleared processed="1607" cleared="841" durationms="0.570" />
  <finalization candidates="1" enqueued="0" />
  <references type="soft" candidates="25" cleared="0" enqueued="0" dynamicThreshold="24" maxThreshold="32" />
  <references type="weak" candidates="80" cleared="0" enqueued="0" />
  <references type="phantom" candidates="27" cleared="0" enqueued="0" />
  <stringconstants candidates="16515" cleared="0"  />
</gc-op>
<gc-op id="4159" type="classunload" timems="0.015" contextid="4155" timestamp="2019-08-09T21:46:44.505">
  <classunload-info classloadercandidates="69" classloadersunloaded="0" classesunloaded="0" anonymousclassesunloaded="0" quiescems="0.000" setupms="0.015" scanms="0.000" postms="0.000" />
</gc-op>
<heap-resize id="4160" type="contract" space="default" amount="12582912" count="1" timems="0.545" reason="excess free space following gc" timestamp="2019-08-09T21:46:44.505" />
<gc-end id="4161" type="partial gc" contextid="4155" durationms="16.659" usertimems="65.064" systemtimems="4.769" timestamp="2019-08-09T21:46:44.505" activeThreads="16">
  <mem-info id="4162" free="163577856" total="226492416" percent="72">
    <mem type="eden" free="2171560" total="6291456" percent="34" />
    <remembered-set count="9856" freebytes="9518336" totalbytes="9557760" percent="99" regionsoverflowed="0" regionsstable="10" regionsrebuilding="0"/>
  </mem-info>
</gc-end>
<cycle-end id="4163" type="partial gc" contextid="4155" timestamp="2019-08-09T21:46:44.505" />
  <attribute name="elasticGC enabled" value="1" />
  <attribute name= "numThreadsSpecified" value="16" />
  <attribute name="heapSize specified" value="0" />
  <attribute name="Current GC Util" value="23" />
  <attribute name= "Current Time Running" value="217579" />
  <attribute name ="GC Interval" value="0" />
  <attribute name="Target GC Util Change" value ="80.000000" />
  <attribute name="Current GC Util Change" value="23.000000"/>
  <attribute name="Current Error" value="190.000000" />
  <attribute name="Output H" value="239151232"/>
  <attribute name="Output I" value="2232"/>
  <attribute name="Output T" value="16"/>
  <attribute name= "Current Time Running" value="217579" />
  <attribute name="GC Util currently" value="23" />
  <attribute name="CPU Util currently" value="335344197185" />
<exclusive-end id="4164" timestamp="2019-08-09T21:46:44.506" durationms="17.449" />

<exclusive-start id="4165" timestamp="2019-08-09T21:46:44.590" intervalms="102.411">
  <response-info timems="4.503" idlems="4.503" threads="0" lastid="0000000002103E00" lastname="Thread-39" />
</exclusive-start>
<allocation-taxation id="4166" taxation-threshold="62914560" timestamp="2019-08-09T21:46:44.591" intervalms="102.579" />
<cycle-start id="4167" type="partial gc" contextid="0" timestamp="2019-08-09T21:46:44.591" intervalms="102.595" />
<gc-start id="4168" type="partial gc" contextid="4167" timestamp="2019-08-09T21:46:44.591">
  <mem-info id="4169" free="100663296" total="226492416" percent="44">
    <mem type="eden" free="0" total="62914560" percent="0" />
    <remembered-set count="9632" freebytes="9519232" totalbytes="9557760" percent="99" regionsoverflowed="0" regionsstable="10" regionsrebuilding="0"/>
  </mem-info>
</gc-start>
<allocation-stats totalBytes="62777456" >
  <allocated-bytes non-tlh="40976" tlh="62736480" arrayletleaf="0"/>
  <largest-consumer threadName="Thread-42" threadId="0000000002129500" bytes="7446208" />
</allocation-stats>
<gc-op id="4170" type="copy forward" timems="9.688" contextid="4167" timestamp="2019-08-09T21:46:44.603">
  <memory-copied type="eden" objects="10192" bytes="3942808" bytesdiscarded="849824" />
  <memory-copied type="other" objects="25784" bytes="987240" bytesdiscarded="73584" />
  <memory-cardclean objects="804" bytes="98224" />
  <regions eden="30" other="4" />
  <remembered-set-cleared processed="1613" cleared="844" durationms="0.107" />
  <finalization candidates="1" enqueued="0" />
  <references type="soft" candidates="25" cleared="0" enqueued="0" dynamicThreshold="23" maxThreshold="32" />
  <references type="weak" candidates="79" cleared="0" enqueued="0" />
  <references type="phantom" candidates="20" cleared="0" enqueued="0" />
  <stringconstants candidates="16515" cleared="0"  />
</gc-op>
<gc-op id="4171" type="classunload" timems="0.014" contextid="4167" timestamp="2019-08-09T21:46:44.603">
  <classunload-info classloadercandidates="69" classloadersunloaded="0" classesunloaded="0" anonymousclassesunloaded="0" quiescems="0.000" setupms="0.014" scanms="0.000" postms="0.000" />
</gc-op>
<heap-resize id="4172" type="contract" space="default" amount="12582912" count="1" timems="0.539" reason="excess free space following gc" timestamp="2019-08-09T21:46:44.604" />
<gc-end id="4173" type="partial gc" contextid="4167" durationms="12.424" usertimems="31.392" systemtimems="11.886" timestamp="2019-08-09T21:46:44.604" activeThreads="16">
  <mem-info id="4174" free="148897792" total="213909504" percent="69">
    <mem type="eden" free="1498552" total="6291456" percent="23" />
    <remembered-set count="10432" freebytes="9012992" totalbytes="9054720" percent="99" regionsoverflowed="0" regionsstable="10" regionsrebuilding="0"/>
  </mem-info>
</gc-end>
<cycle-end id="4175" type="partial gc" contextid="4167" timestamp="2019-08-09T21:46:44.604" />
  <attribute name="elasticGC enabled" value="1" />
  <attribute name= "numThreadsSpecified" value="16" />
  <attribute name="heapSize specified" value="0" />
  <attribute name="Current GC Util" value="67" />
  <attribute name= "Current Time Running" value="217680" />
  <attribute name ="GC Interval" value="0" />
  <attribute name="Target GC Util Change" value ="80.000000" />
  <attribute name="Current GC Util Change" value="67.000000"/>
  <attribute name="Current Error" value="253.000000" />
  <attribute name="Output H" value="226568392"/>
  <attribute name="Output I" value="2304"/>
  <attribute name="Output T" value="16"/>
  <attribute name= "Current Time Running" value="217680" />
  <attribute name="GC Util currently" value="67" />
  <attribute name="CPU Util currently" value="664277905959" />
<exclusive-end id="4176" timestamp="2019-08-09T21:46:44.604" durationms="13.585" />

<exclusive-start id="4177" timestamp="2019-08-09T21:46:44.643" intervalms="52.535">
  <response-info timems="2.579" idlems="2.579" threads="0" lastid="00000000020ED600" lastname="Thread-43" />
</exclusive-start>
<allocation-taxation id="4178" taxation-threshold="29360128" timestamp="2019-08-09T21:46:44.643" intervalms="52.358" />
<cycle-start id="4179" type="global mark phase" contextid="0" timestamp="2019-08-09T21:46:44.643" intervalms="13389.132" />
<gc-start id="4180" type="global mark phase" contextid="4179" timestamp="2019-08-09T21:46:44.643">
  <mem-info id="4181" free="119537664" total="213909504" percent="55">
    <remembered-set count="10304" freebytes="9013504" totalbytes="9054720" percent="99" regionsoverflowed="0" regionsstable="10" regionsrebuilding="0"/>
  </mem-info>
</gc-start>
<gc-op id="4182" type="mark increment" timems="3.222" contextid="4179" timestamp="2019-08-09T21:46:44.646">
  <trace-info objectcount="6137" scancount="1523" scanbytes="193040" />
</gc-op>
<gc-end id="4183" type="global mark phase" contextid="4179" durationms="3.271" usertimems="3.744" systemtimems="3.687" timestamp="2019-08-09T21:46:44.646" activeThreads="16">
  <mem-info id="4184" free="119537664" total="213909504" percent="55">
    <remembered-set count="11328" freebytes="9009408" totalbytes="9054720" percent="99" regionsoverflowed="0" regionsstable="0" regionsrebuilding="10"/>
  </mem-info>
</gc-end>
<concurrent-start id="4185" type="GMP work packet processing" contextid="4179" timestamp="2019-08-09T21:46:44.646">
  <concurrent-mark-start scanTarget="10418351" />
</concurrent-start>
<exclusive-end id="4186" timestamp="2019-08-09T21:46:44.647" durationms="3.549" />

<exclusive-start id="4187" timestamp="2019-08-09T21:46:44.732" intervalms="88.579">
  <response-info timems="3.489" idlems="1.762" threads="1" lastid="0000000002116900" lastname="Thread-45" />
</exclusive-start>
<allocation-taxation id="4188" taxation-threshold="29360128" timestamp="2019-08-09T21:46:44.732" intervalms="88.585" />
<concurrent-end id="4189" type="GMP work packet processing" contextid="4179" timestamp="2019-08-09T21:46:44.732">
  <concurrent-mark-end bytesScanned="10640544" reasonForTermination="Work target met" />
</concurrent-end>

<cycle-start id="4190" type="partial gc" contextid="0" timestamp="2019-08-09T21:46:44.732" intervalms="141.110" />
<gc-start id="4191" type="partial gc" contextid="4190" timestamp="2019-08-09T21:46:44.732">
  <mem-info id="4192" free="90177536" total="213909504" percent="42">
    <mem type="eden" free="0" total="58720256" percent="0" />
    <remembered-set count="62656" freebytes="8804096" totalbytes="9054720" percent="97" regionsoverflowed="0" regionsstable="0" regionsrebuilding="10"/>
  </mem-info>
</gc-start>
<allocation-stats totalBytes="58415920" >
  <allocated-bytes non-tlh="16392" tlh="58399528" arrayletleaf="0"/>
  <largest-consumer threadName="Thread-48" threadId="00000000020FC600" bytes="4057344" />
</allocation-stats>
<gc-op id="4193" type="copy forward" timems="11.165" contextid="4190" timestamp="2019-08-09T21:46:44.745">
  <memory-copied type="eden" objects="7862" bytes="3095120" bytesdiscarded="647736" />
  <memory-copied type="other" objects="19" bytes="896" bytesdiscarded="0" />
  <memory-cardclean objects="8409" bytes="327168" />
  <regions eden="28" other="3" />
  <remembered-set-cleared processed="52397" cleared="4683" durationms="0.585" />
  <references type="phantom" candidates="2" cleared="0" enqueued="0" />
  <stringconstants candidates="16515" cleared="0"  />
</gc-op>
<gc-op id="4194" type="classunload" timems="0.012" contextid="4190" timestamp="2019-08-09T21:46:44.746">
  <classunload-info classloadercandidates="69" classloadersunloaded="0" classesunloaded="0" anonymousclassesunloaded="0" quiescems="0.000" setupms="0.012" scanms="0.000" postms="0.000" />
</gc-op>
<heap-resize id="4195" type="contract" space="default" amount="12582912" count="1" timems="0.496" reason="excess free space following gc" timestamp="2019-08-09T21:46:44.746" />
<gc-end id="4196" type="partial gc" contextid="4190" durationms="14.011" usertimems="28.489" systemtimems="17.508" timestamp="2019-08-09T21:46:44.746" activeThreads="16">
  <mem-info id="4197" free="136314880" total="201326592" percent="67">
    <mem type="eden" free="451200" total="4194304" percent="10" />
    <remembered-set count="59040" freebytes="8315520" totalbytes="8551680" percent="97" regionsoverflowed="0" regionsstable="0" regionsrebuilding="10"/>
  </mem-info>
</gc-end>
<cycle-end id="4198" type="partial gc" contextid="4190" timestamp="2019-08-09T21:46:44.746" />
  <attribute name="elasticGC enabled" value="1" />
  <attribute name= "numThreadsSpecified" value="16" />
  <attribute name="heapSize specified" value="0" />
  <attribute name="Current GC Util" value="203" />
  <attribute name= "Current Time Running" value="217821" />
  <attribute name ="GC Interval" value="0" />
  <attribute name="Target GC Util Change" value ="80.000000" />
  <attribute name="Current GC Util Change" value="203.000000"/>
  <attribute name="Current Error" value="-653.000000" />
  <attribute name="Output H" value="213984432"/>
  <attribute name="Output I" value="1256"/>
  <attribute name="Output T" value="16"/>
  <attribute name= "Current Time Running" value="217821" />
  <attribute name="GC Util currently" value="203" />
  <attribute name="CPU Util currently" value="610969800070" />
<exclusive-end id="4199" timestamp="2019-08-09T21:46:44.746" durationms="14.770" />

<exclusive-start id="4200" timestamp="2019-08-09T21:46:44.766" intervalms="34.880">
  <response-info timems="0.631" idlems="0.631" threads="0" lastid="0000000002103E00" lastname="Thread-39" />
</exclusive-start>
<allocation-taxation id="4201" taxation-threshold="27262976" timestamp="2019-08-09T21:46:44.767" intervalms="34.891" />
<gc-start id="4202" type="global mark phase" contextid="4179" timestamp="2019-08-09T21:46:44.767">
  <mem-info id="4203" free="109051904" total="201326592" percent="54">
    <remembered-set count="58880" freebytes="8316160" totalbytes="8551680" percent="97" regionsoverflowed="0" regionsstable="0" regionsrebuilding="10"/>
  </mem-info>
</gc-start>
<gc-end id="4204" type="global mark phase" contextid="4179" durationms="0.022" usertimems="0.019" systemtimems="0.018" timestamp="2019-08-09T21:46:44.767" activeThreads="16">
  <mem-info id="4205" free="109051904" total="201326592" percent="54">
    <remembered-set count="58880" freebytes="8316160" totalbytes="8551680" percent="97" regionsoverflowed="0" regionsstable="0" regionsrebuilding="10"/>
  </mem-info>
</gc-end>
<concurrent-start id="4206" type="GMP work packet processing" contextid="4179" timestamp="2019-08-09T21:46:44.767">
  <concurrent-mark-start scanTarget="10418351" />
</concurrent-start>
<exclusive-end id="4207" timestamp="2019-08-09T21:46:44.767" durationms="0.698" />

<concurrent-end id="4208" type="GMP work packet processing" contextid="4179" timestamp="2019-08-09T21:46:44.791">
  <concurrent-mark-end bytesScanned="7136456" reasonForTermination="Completed all work in GC phase" />
</concurrent-end>

<exclusive-start id="4209" timestamp="2019-08-09T21:46:44.810" intervalms="43.403">
  <response-info timems="1.066" idlems="1.066" threads="0" lastid="0000000002134100" lastname="Thread-51" />
</exclusive-start>
<allocation-taxation id="4210" taxation-threshold="27262976" timestamp="2019-08-09T21:46:44.810" intervalms="43.391" />
<cycle-start id="4211" type="partial gc" contextid="0" timestamp="2019-08-09T21:46:44.810" intervalms="78.069" />
<gc-start id="4212" type="partial gc" contextid="4211" timestamp="2019-08-09T21:46:44.810">
  <mem-info id="4213" free="81788928" total="201326592" percent="40">
    <mem type="eden" free="0" total="54525952" percent="0" />
    <remembered-set count="130336" freebytes="8030336" totalbytes="8551680" percent="93" regionsoverflowed="0" regionsstable="0" regionsrebuilding="10"/>
  </mem-info>
</gc-start>
<allocation-stats totalBytes="54434304" >
  <allocated-bytes non-tlh="0" tlh="54434304" arrayletleaf="0"/>
  <largest-consumer threadName="Thread-39" threadId="0000000002103E00" bytes="3799184" />
</allocation-stats>
<gc-op id="4214" type="copy forward" timems="14.220" contextid="4211" timestamp="2019-08-09T21:46:44.826">
  <memory-copied type="eden" objects="9739" bytes="3761688" bytesdiscarded="902592" />
  <memory-copied type="other" objects="25589" bytes="982576" bytesdiscarded="68080" />
  <memory-cardclean objects="26419" bytes="1411112" />
  <regions eden="26" other="3" />
  <remembered-set-cleared processed="117965" cleared="13268" durationms="0.592" />
  <finalization candidates="1" enqueued="0" />
  <references type="soft" candidates="25" cleared="0" enqueued="0" dynamicThreshold="17" maxThreshold="32" />
  <references type="weak" candidates="79" cleared="0" enqueued="0" />
  <references type="phantom" candidates="20" cleared="0" enqueued="0" />
  <stringconstants candidates="16515" cleared="0"  />
</gc-op>
<gc-op id="4215" type="classunload" timems="0.013" contextid="4211" timestamp="2019-08-09T21:46:44.826">
  <classunload-info classloadercandidates="69" classloadersunloaded="0" classesunloaded="0" anonymousclassesunloaded="0" quiescems="0.000" setupms="0.012" scanms="0.000" postms="0.000" />
</gc-op>
<heap-resize id="4216" type="contract" space="default" amount="10485760" count="1" timems="0.427" reason="excess free space following gc" timestamp="2019-08-09T21:46:44.827" />
<gc-end id="4217" type="partial gc" contextid="4211" durationms="16.539" usertimems="39.082" systemtimems="18.030" timestamp="2019-08-09T21:46:44.827" activeThreads="16">
  <mem-info id="4218" free="119537664" total="190840832" percent="62">
    <mem type="eden" free="3724064" total="8388608" percent="44" />
    <remembered-set count="123616" freebytes="7554176" totalbytes="8048640" percent="93" regionsoverflowed="0" regionsstable="0" regionsrebuilding="10"/>
  </mem-info>
</gc-end>
<cycle-end id="4219" type="partial gc" contextid="4211" timestamp="2019-08-09T21:46:44.827" />
  <attribute name="elasticGC enabled" value="1" />
  <attribute name= "numThreadsSpecified" value="16" />
  <attribute name="heapSize specified" value="0" />
  <attribute name="Current GC Util" value="200" />
  <attribute name= "Current Time Running" value="217898" />
  <attribute name ="GC Interval" value="0" />
  <attribute name="Target GC Util Change" value ="80.000000" />
  <attribute name="Current GC Util Change" value="200.000000"/>
  <attribute name="Current Error" value="-162.000000" />
  <attribute name="Output H" value="201402088"/>
  <attribute name="Output I" value="1824"/>
  <attribute name="Output T" value="16"/>
  <attribute name= "Current Time Running" value="217898" />
  <attribute name="GC Util currently" value="200" />
  <attribute name="CPU Util currently" value="824427453074" />
<exclusive-end id="4220" timestamp="2019-08-09T21:46:44.827" durationms="17.233" />

<exclusive-start id="4221" timestamp="2019-08-09T21:46:44.874" intervalms="63.649">
  <response-info timems="1.291" idlems="0.628" threads="2" lastid="0000000002112D00" lastname="Thread-46" />
</exclusive-start>
<allocation-taxation id="4222" taxation-threshold="27262976" timestamp="2019-08-09T21:46:44.874" intervalms="63.667" />
<gc-start id="4223" type="global mark phase" contextid="4179" timestamp="2019-08-09T21:46:44.874">
  <mem-info id="4224" free="92274688" total="190840832" percent="48">
    <remembered-set count="123232" freebytes="7555712" totalbytes="8048640" percent="93" regionsoverflowed="0" regionsstable="0" regionsrebuilding="10"/>
  </mem-info>
</gc-start>
<gc-op id="4225" type="mark increment" timems="10.256" contextid="4179" timestamp="2019-08-09T21:46:44.884">
  <trace-info objectcount="10109" scancount="8209" scanbytes="2220052" />
  <cardclean-info objects="53755" bytes="2209896" />
  <finalization candidates="154" enqueued="0" />
  <ownableSynchronizers candidates="22" cleared="0" />
  <references type="soft" candidates="4652" cleared="2" enqueued="2" dynamicThreshold="20" maxThreshold="32" />
  <references type="weak" candidates="6388" cleared="20" enqueued="19" />
  <references type="phantom" candidates="909" cleared="0" enqueued="0" />
  <stringconstants candidates="16515" cleared="0"  />
</gc-op>
<gc-op id="4226" type="classunload" timems="0.012" contextid="4179" timestamp="2019-08-09T21:46:44.884">
  <classunload-info classloadercandidates="69" classloadersunloaded="0" classesunloaded="0" anonymousclassesunloaded="0" quiescems="0.000" setupms="0.012" scanms="0.000" postms="0.000" />
</gc-op>
<gc-end id="4227" type="global mark phase" contextid="4179" durationms="10.389" usertimems="27.094" systemtimems="10.540" timestamp="2019-08-09T21:46:44.884" activeThreads="16">
  <mem-info id="4228" free="92274688" total="190840832" percent="48">
    <pending-finalizers system="0" default="0" reference="21" classloader="0" />
    <remembered-set count="132960" freebytes="7516800" totalbytes="8048640" percent="93" regionsoverflowed="0" regionsstable="0" regionsrebuilding="0"/>
  </mem-info>
</gc-end>
<cycle-end id="4229" type="global mark phase" contextid="4179" timestamp="2019-08-09T21:46:44.884" />
  <attribute name="elasticGC enabled" value="1" />
  <attribute name= "numThreadsSpecified" value="16" />
  <attribute name="heapSize specified" value="0" />
  <attribute name="Current GC Util" value="200" />
  <attribute name= "Current Time Running" value="217965" />
  <attribute name ="GC Interval" value="0" />
  <attribute name="Target GC Util Change" value ="80.000000" />
  <attribute name="Current GC Util Change" value="200.000000"/>
  <attribute name="Current Error" value="-529.000000" />
  <attribute name="Output H" value="190915904"/>
  <attribute name="Output I" value="1400"/>
  <attribute name="Output T" value="16"/>
  <attribute name= "Current Time Running" value="217965" />
  <attribute name="GC Util currently" value="200" />
  <attribute name="CPU Util currently" value="548628499797" />
<exclusive-end id="4230" timestamp="2019-08-09T21:46:44.884" durationms="10.766" />

<exclusive-start id="4231" timestamp="2019-08-09T21:46:44.910" intervalms="36.371">
  <response-info timems="0.900" idlems="0.480" threads="1" lastid="0000000002129500" lastname="Thread-42" />
</exclusive-start>
<allocation-taxation id="4232" taxation-threshold="27262976" timestamp="2019-08-09T21:46:44.910" intervalms="36.354" />
<cycle-start id="4233" type="partial gc" contextid="0" timestamp="2019-08-09T21:46:44.910" intervalms="100.026" />
<gc-start id="4234" type="partial gc" contextid="4233" timestamp="2019-08-09T21:46:44.910">
  <mem-info id="4235" free="65011712" total="190840832" percent="34">
    <mem type="eden" free="0" total="54525952" percent="0" />
    <remembered-set count="9120" freebytes="8012160" totalbytes="8048640" percent="99" regionsoverflowed="0" regionsstable="10" regionsrebuilding="0"/>
  </mem-info>
</gc-start>
<allocation-stats totalBytes="54213704" >
  <allocated-bytes non-tlh="65560" tlh="54148144" arrayletleaf="0"/>
  <largest-consumer threadName="Thread-47" threadId="00000000020D3300" bytes="5634856" />
</allocation-stats>
<gc-op id="4236" type="sweep" timems="4.954" contextid="4233" timestamp="2019-08-09T21:46:44.915" />
<gc-op id="4237" type="copy forward" timems="7.941" contextid="4233" timestamp="2019-08-09T21:46:44.925">
  <memory-copied type="eden" objects="8308" bytes="3337424" bytesdiscarded="609946" />
  <memory-copied type="other" objects="646" bytes="217856" bytesdiscarded="17582" />
  <memory-cardclean objects="4614" bytes="219536" />
  <regions eden="13" other="16" />
  <remembered-set-cleared processed="2054" cleared="990" durationms="0.140" />
  <references type="weak" candidates="1" cleared="0" enqueued="0" />
  <references type="phantom" candidates="4" cleared="0" enqueued="0" />
  <stringconstants candidates="16515" cleared="0"  />
</gc-op>
<gc-op id="4238" type="classunload" timems="0.012" contextid="4233" timestamp="2019-08-09T21:46:44.925">
  <classunload-info classloadercandidates="69" classloadersunloaded="0" classesunloaded="0" anonymousclassesunloaded="0" quiescems="0.000" setupms="0.012" scanms="0.000" postms="0.000" />
</gc-op>
<heap-resize id="4239" type="contract" space="default" amount="6291456" count="1" timems="0.397" reason="excess free space following gc" timestamp="2019-08-09T21:46:44.925" />
<gc-end id="4240" type="partial gc" contextid="4233" durationms="16.375" usertimems="22.517" systemtimems="19.488" timestamp="2019-08-09T21:46:44.927" activeThreads="16">
  <mem-info id="4241" free="113246208" total="184549376" percent="61">
    <mem type="eden" free="2108912" total="6291456" percent="33" />
    <remembered-set count="9312" freebytes="7592192" totalbytes="7629440" percent="99" regionsoverflowed="0" regionsstable="10" regionsrebuilding="0"/>
  </mem-info>
</gc-end>
<cycle-end id="4242" type="partial gc" contextid="4233" timestamp="2019-08-09T21:46:44.927" />
  <attribute name="elasticGC enabled" value="1" />
  <attribute name= "numThreadsSpecified" value="16" />
  <attribute name="heapSize specified" value="0" />
  <attribute name="Current GC Util" value="70" />
  <attribute name= "Current Time Running" value="218003" />
  <attribute name ="GC Interval" value="0" />
  <attribute name="Target GC Util Change" value ="80.000000" />
  <attribute name="Current GC Util Change" value="70.000000"/>
  <attribute name="Current Error" value="52.000000" />
  <attribute name="Output H" value="190916576"/>
  <attribute name="Output I" value="2072"/>
  <attribute name="Output T" value="16"/>
  <attribute name= "Current Time Running" value="218003" />
  <attribute name="GC Util currently" value="70" />
  <attribute name="CPU Util currently" value="1126390396239" />
<exclusive-end id="4243" timestamp="2019-08-09T21:46:44.927" durationms="17.087" />

<exclusive-start id="4244" timestamp="2019-08-09T21:46:44.951" intervalms="41.148">
  <response-info timems="3.127" idlems="1.327" threads="2" lastid="0000000002116900" lastname="Thread-45" />
</exclusive-start>
<allocation-taxation id="4245" taxation-threshold="25165824" timestamp="2019-08-09T21:46:44.951" intervalms="41.146" />
<cycle-start id="4246" type="global mark phase" contextid="0" timestamp="2019-08-09T21:46:44.951" intervalms="308.000" />
<gc-start id="4247" type="global mark phase" contextid="4246" timestamp="2019-08-09T21:46:44.951">
  <mem-info id="4248" free="88080384" total="184549376" percent="47">
    <remembered-set count="9088" freebytes="7593088" totalbytes="7629440" percent="99" regionsoverflowed="0" regionsstable="10" regionsrebuilding="0"/>
  </mem-info>
</gc-start>
<gc-op id="4249" type="mark increment" timems="3.261" contextid="4246" timestamp="2019-08-09T21:46:44.954">
  <trace-info objectcount="17036" scancount="5869" scanbytes="899344" />
</gc-op>
<gc-end id="4250" type="global mark phase" contextid="4246" durationms="3.307" usertimems="3.393" systemtimems="7.617" timestamp="2019-08-09T21:46:44.955" activeThreads="16">
  <mem-info id="4251" free="88080384" total="184549376" percent="47">
    <remembered-set count="11136" freebytes="7584896" totalbytes="7629440" percent="99" regionsoverflowed="0" regionsstable="0" regionsrebuilding="10"/>
  </mem-info>
</gc-end>
<concurrent-start id="4252" type="GMP work packet processing" contextid="4246" timestamp="2019-08-09T21:46:44.955">
  <concurrent-mark-start scanTarget="12444228" />
</concurrent-start>
<exclusive-end id="4253" timestamp="2019-08-09T21:46:44.955" durationms="3.539" />

<concurrent-end id="4254" type="GMP work packet processing" contextid="4246" timestamp="2019-08-09T21:46:44.970">
  <concurrent-mark-end bytesScanned="12648504" reasonForTermination="Work target met" />
</concurrent-end>

<exclusive-start id="4255" timestamp="2019-08-09T21:46:44.993" intervalms="42.382">
  <response-info timems="0.263" idlems="0.263" threads="0" lastid="00000000020ED600" lastname="Thread-43" />
</exclusive-start>
<allocation-taxation id="4256" taxation-threshold="25165824" timestamp="2019-08-09T21:46:44.994" intervalms="42.389" />
<cycle-start id="4257" type="partial gc" contextid="0" timestamp="2019-08-09T21:46:44.994" intervalms="83.564" />
<gc-start id="4258" type="partial gc" contextid="4257" timestamp="2019-08-09T21:46:44.994">
  <mem-info id="4259" free="62914560" total="184549376" percent="34">
    <mem type="eden" free="0" total="50331648" percent="0" />
    <remembered-set count="100128" freebytes="7228928" totalbytes="7629440" percent="94" regionsoverflowed="0" regionsstable="0" regionsrebuilding="10"/>
  </mem-info>
</gc-start>
<allocation-stats totalBytes="49845912" >
  <allocated-bytes non-tlh="32784" tlh="49813128" arrayletleaf="0"/>
  <largest-consumer threadName="Thread-38" threadId="0000000002125900" bytes="3377376" />
</allocation-stats>
<gc-op id="4260" type="copy forward" timems="15.915" contextid="4257" timestamp="2019-08-09T21:46:45.012">
  <memory-copied type="eden" objects="8623" bytes="3422384" bytesdiscarded="590192" />
  <memory-copied type="other" objects="21" bytes="1512" bytesdiscarded="248" />
  <memory-cardclean objects="105893" bytes="3847496" />
  <regions eden="24" other="4" />
  <remembered-set-cleared processed="64724" cleared="24429" durationms="0.744" />
  <references type="weak" candidates="1" cleared="0" enqueued="0" />
  <references type="phantom" candidates="2" cleared="0" enqueued="0" />
  <stringconstants candidates="16515" cleared="0"  />
</gc-op>
<gc-op id="4261" type="classunload" timems="0.013" contextid="4257" timestamp="2019-08-09T21:46:45.012">
  <classunload-info classloadercandidates="69" classloadersunloaded="0" classesunloaded="0" anonymousclassesunloaded="0" quiescems="0.000" setupms="0.012" scanms="0.000" postms="0.000" />
</gc-op>
<gc-end id="4262" type="partial gc" contextid="4257" durationms="17.872" usertimems="40.110" systemtimems="16.265" timestamp="2019-08-09T21:46:45.012" activeThreads="16">
  <mem-info id="4263" free="111149056" total="184549376" percent="60">
    <mem type="eden" free="2278632" total="6291456" percent="36" />
    <remembered-set count="68096" freebytes="7105536" totalbytes="7377920" percent="96" regionsoverflowed="0" regionsstable="0" regionsrebuilding="10"/>
  </mem-info>
</gc-end>
<cycle-end id="4264" type="partial gc" contextid="4257" timestamp="2019-08-09T21:46:45.012" />
  <attribute name="elasticGC enabled" value="1" />
  <attribute name= "numThreadsSpecified" value="16" />
  <attribute name="heapSize specified" value="0" />
  <attribute name="Current GC Util" value="306" />
  <attribute name= "Current Time Running" value="218082" />
  <attribute name ="GC Interval" value="0" />
  <attribute name="Target GC Util Change" value ="80.000000" />
  <attribute name="Current GC Util Change" value="306.000000"/>
  <attribute name="Current Error" value="-614.000000" />
  <attribute name="Output H" value="184624352"/>
  <attribute name="Output I" value="1304"/>
  <attribute name="Output T" value="16"/>
  <attribute name= "Current Time Running" value="218082" />
  <attribute name="GC Util currently" value="306" />
  <attribute name="CPU Util currently" value="801781282330" />
<exclusive-end id="4265" timestamp="2019-08-09T21:46:45.012" durationms="18.609" />

<exclusive-start id="4266" timestamp="2019-08-09T21:46:45.031" intervalms="37.916">
  <response-info timems="1.655" idlems="1.655" threads="0" lastid="0000000002129500" lastname="Thread-42" />
</exclusive-start>
<allocation-taxation id="4267" taxation-threshold="25165824" timestamp="2019-08-09T21:46:45.031" intervalms="37.922" />
<gc-start id="4268" type="global mark phase" contextid="4246" timestamp="2019-08-09T21:46:45.032">
  <mem-info id="4269" free="85983232" total="184549376" percent="46">
    <remembered-set count="67712" freebytes="7107072" totalbytes="7377920" percent="96" regionsoverflowed="0" regionsstable="0" regionsrebuilding="10"/>
  </mem-info>
</gc-start>
<gc-end id="4270" type="global mark phase" contextid="4246" durationms="0.024" usertimems="0.011" systemtimems="0.010" timestamp="2019-08-09T21:46:45.032" activeThreads="16">
  <mem-info id="4271" free="85983232" total="184549376" percent="46">
    <remembered-set count="67712" freebytes="7107072" totalbytes="7377920" percent="96" regionsoverflowed="0" regionsstable="0" regionsrebuilding="10"/>
  </mem-info>
</gc-end>
<concurrent-start id="4272" type="GMP work packet processing" contextid="4246" timestamp="2019-08-09T21:46:45.032">
  <concurrent-mark-start scanTarget="12444228" />
</concurrent-start>
<exclusive-end id="4273" timestamp="2019-08-09T21:46:45.033" durationms="1.452" />

<concurrent-end id="4274" type="GMP work packet processing" contextid="4246" timestamp="2019-08-09T21:46:45.059">
  <concurrent-mark-end bytesScanned="3330120" reasonForTermination="Completed all work in GC phase" />
</concurrent-end>

<exclusive-start id="4275" timestamp="2019-08-09T21:46:45.060" intervalms="28.270">
  <response-info timems="0.967" idlems="0.967" threads="0" lastid="00000000020DAB00" lastname="Thread-49" />
</exclusive-start>
<allocation-taxation id="4276" taxation-threshold="25165824" timestamp="2019-08-09T21:46:45.060" intervalms="28.248" />
<cycle-start id="4277" type="partial gc" contextid="0" timestamp="2019-08-09T21:46:45.060" intervalms="66.427" />
<gc-start id="4278" type="partial gc" contextid="4277" timestamp="2019-08-09T21:46:45.060">
  <mem-info id="4279" free="60817408" total="184549376" percent="32">
    <mem type="eden" free="0" total="50331648" percent="0" />
    <remembered-set count="97696" freebytes="6987136" totalbytes="7377920" percent="94" regionsoverflowed="0" regionsstable="0" regionsrebuilding="10"/>
  </mem-info>
</gc-start>
<allocation-stats totalBytes="50179000" >
  <allocated-bytes non-tlh="73752" tlh="50105248" arrayletleaf="0"/>
  <largest-consumer threadName="Thread-44" threadId="000000000210B600" bytes="4598184" />
</allocation-stats>
<gc-op id="4280" type="copy forward" timems="14.847" contextid="4277" timestamp="2019-08-09T21:46:45.076">
  <memory-copied type="eden" objects="9800" bytes="3802848" bytesdiscarded="635800" />
  <memory-copied type="other" objects="698" bytes="288904" bytesdiscarded="18960" />
  <memory-cardclean objects="2845" bytes="133248" />
  <regions eden="24" other="4" />
  <remembered-set-cleared processed="89646" cleared="1526" durationms="1.759" />
  <references type="phantom" candidates="2" cleared="0" enqueued="0" />
  <stringconstants candidates="16515" cleared="0"  />
</gc-op>
<gc-op id="4281" type="classunload" timems="0.013" contextid="4277" timestamp="2019-08-09T21:46:45.076">
  <classunload-info classloadercandidates="69" classloadersunloaded="0" classesunloaded="0" anonymousclassesunloaded="0" quiescems="0.000" setupms="0.013" scanms="0.000" postms="0.000" />
</gc-op>
<heap-resize id="4282" type="expand" space="default" amount="10485760" count="1" timems="0.076" reason="excessive time being spent in gc" timestamp="2019-08-09T21:46:45.077" />
<gc-end id="4283" type="partial gc" contextid="4277" durationms="16.493" usertimems="29.373" systemtimems="15.839" timestamp="2019-08-09T21:46:45.077" activeThreads="16">
  <mem-info id="4284" free="117440512" total="195035136" percent="60">
    <mem type="eden" free="3949696" total="8388608" percent="47" />
    <remembered-set count="99680" freebytes="7398400" totalbytes="7797120" percent="94" regionsoverflowed="0" regionsstable="0" regionsrebuilding="10"/>
  </mem-info>
</gc-end>
<cycle-end id="4285" type="partial gc" contextid="4277" timestamp="2019-08-09T21:46:45.077" />
  <attribute name="elasticGC enabled" value="1" />
  <attribute name= "numThreadsSpecified" value="16" />
  <attribute name="heapSize specified" value="0" />
  <attribute name="Current GC Util" value="68" />
  <attribute name= "Current Time Running" value="218148" />
  <attribute name ="GC Interval" value="0" />
  <attribute name="Target GC Util Change" value ="80.000000" />
  <attribute name="Current GC Util Change" value="68.000000"/>
  <attribute name="Current Error" value="-664.000000" />
  <attribute name="Output H" value="184624296"/>
  <attribute name="Output I" value="1248"/>
  <attribute name="Output T" value="16"/>
  <attribute name= "Current Time Running" value="218148" />
  <attribute name="GC Util currently" value="68" />
  <attribute name="CPU Util currently" value="1072951128097" />
<exclusive-end id="4286" timestamp="2019-08-09T21:46:45.077" durationms="17.422" />

<exclusive-start id="4287" timestamp="2019-08-09T21:46:45.123" intervalms="63.812">
  <response-info timems="7.267" idlems="7.267" threads="0" lastid="0000000002100200" lastname="Thread-50" />
</exclusive-start>
<allocation-taxation id="4288" taxation-threshold="27262976" timestamp="2019-08-09T21:46:45.123" intervalms="63.821" />
<gc-start id="4289" type="global mark phase" contextid="4246" timestamp="2019-08-09T21:46:45.124">
  <mem-info id="4290" free="90177536" total="195035136" percent="46">
    <remembered-set count="99392" freebytes="7399552" totalbytes="7797120" percent="94" regionsoverflowed="0" regionsstable="0" regionsrebuilding="10"/>
  </mem-info>
</gc-start>
<gc-op id="4291" type="mark increment" timems="10.278" contextid="4246" timestamp="2019-08-09T21:46:45.134">
  <trace-info objectcount="10474" scancount="8572" scanbytes="2285988" />
  <cardclean-info objects="160408" bytes="4891884" />
  <finalization candidates="154" enqueued="0" />
  <ownableSynchronizers candidates="22" cleared="0" />
  <references type="soft" candidates="4650" cleared="540" enqueued="534" dynamicThreshold="19" maxThreshold="32" />
  <references type="weak" candidates="6368" cleared="0" enqueued="0" />
  <references type="phantom" candidates="906" cleared="0" enqueued="0" />
  <stringconstants candidates="16515" cleared="0"  />
</gc-op>
<gc-op id="4292" type="classunload" timems="0.011" contextid="4246" timestamp="2019-08-09T21:46:45.134">
  <classunload-info classloadercandidates="69" classloadersunloaded="0" classesunloaded="0" anonymousclassesunloaded="0" quiescems="0.000" setupms="0.011" scanms="0.000" postms="0.000" />
</gc-op>
<gc-end id="4293" type="global mark phase" contextid="4246" durationms="10.445" usertimems="25.066" systemtimems="11.331" timestamp="2019-08-09T21:46:45.134" activeThreads="16">
  <mem-info id="4294" free="90177536" total="195035136" percent="46">
    <pending-finalizers system="0" default="0" reference="534" classloader="0" />
    <remembered-set count="119360" freebytes="7319680" totalbytes="7797120" percent="93" regionsoverflowed="0" regionsstable="0" regionsrebuilding="0"/>
  </mem-info>
</gc-end>
<cycle-end id="4295" type="global mark phase" contextid="4246" timestamp="2019-08-09T21:46:45.134" />
  <attribute name="elasticGC enabled" value="1" />
  <attribute name= "numThreadsSpecified" value="16" />
  <attribute name="heapSize specified" value="0" />
  <attribute name="Current GC Util" value="345" />
  <attribute name= "Current Time Running" value="218215" />
  <attribute name ="GC Interval" value="0" />
  <attribute name="Target GC Util Change" value ="80.000000" />
  <attribute name="Current GC Util Change" value="345.000000"/>
  <attribute name="Current Error" value="-467.000000" />
  <attribute name="Output H" value="195110280"/>
  <attribute name="Output I" value="1472"/>
  <attribute name="Output T" value="16"/>
  <attribute name= "Current Time Running" value="218215" />
  <attribute name="GC Util currently" value="345" />
  <attribute name="CPU Util currently" value="724721732593" />
<exclusive-end id="4296" timestamp="2019-08-09T21:46:45.134" durationms="10.772" />

<exclusive-start id="4297" timestamp="2019-08-09T21:46:45.179" intervalms="55.555">
  <response-info timems="0.484" idlems="0.350" threads="1" lastid="00000000020D3300" lastname="Thread-47" />
</exclusive-start>
<allocation-taxation id="4298" taxation-threshold="27262976" timestamp="2019-08-09T21:46:45.179" intervalms="55.561" />
<cycle-start id="4299" type="partial gc" contextid="0" timestamp="2019-08-09T21:46:45.179" intervalms="119.084" />
<gc-start id="4300" type="partial gc" contextid="4299" timestamp="2019-08-09T21:46:45.179">
  <mem-info id="4301" free="62914560" total="195035136" percent="32">
    <mem type="eden" free="1886104" total="56623104" percent="3" />
    <remembered-set count="23136" freebytes="7704576" totalbytes="7797120" percent="98" regionsoverflowed="0" regionsstable="9" regionsrebuilding="0"/>
  </mem-info>
</gc-start>
<allocation-stats totalBytes="54222400" >
  <allocated-bytes non-tlh="81944" tlh="54140456" arrayletleaf="0"/>
  <largest-consumer threadName="Thread-49" threadId="00000000020DAB00" bytes="4876976" />
</allocation-stats>
<gc-op id="4302" type="sweep" timems="3.001" contextid="4299" timestamp="2019-08-09T21:46:45.183" />
<gc-op id="4303" type="copy forward" timems="10.307" contextid="4299" timestamp="2019-08-09T21:46:45.194">
  <memory-copied type="eden" objects="8406" bytes="3387848" bytesdiscarded="800319" />
  <memory-copied type="other" objects="1348" bytes="546008" bytesdiscarded="160985" />
  <memory-cardclean objects="3743" bytes="223840" />
  <regions eden="13" other="14" />
  <remembered-set-cleared processed="16968" cleared="1087" durationms="0.447" />
  <references type="phantom" candidates="3" cleared="0" enqueued="0" />
  <stringconstants candidates="16515" cleared="0"  />
</gc-op>
<gc-op id="4304" type="classunload" timems="0.013" contextid="4299" timestamp="2019-08-09T21:46:45.194">
  <classunload-info classloadercandidates="69" classloadersunloaded="0" classesunloaded="0" anonymousclassesunloaded="0" quiescems="0.000" setupms="0.012" scanms="0.000" postms="0.000" />
</gc-op>
<heap-resize id="4305" type="expand" space="default" amount="4194304" count="1" timems="0.060" reason="excessive time being spent in gc" timestamp="2019-08-09T21:46:45.194" />
<gc-end id="4306" type="partial gc" contextid="4299" durationms="14.620" usertimems="24.917" systemtimems="17.870" timestamp="2019-08-09T21:46:45.194" activeThreads="16">
  <mem-info id="4307" free="119537664" total="199229440" percent="60">
    <mem type="eden" free="3493600" total="8388608" percent="41" />
    <remembered-set count="26112" freebytes="7860352" totalbytes="7964800" percent="98" regionsoverflowed="0" regionsstable="9" regionsrebuilding="0"/>
  </mem-info>
</gc-end>
<cycle-end id="4308" type="partial gc" contextid="4299" timestamp="2019-08-09T21:46:45.194" />
  <attribute name="elasticGC enabled" value="1" />
  <attribute name= "numThreadsSpecified" value="16" />
  <attribute name="heapSize specified" value="0" />
  <attribute name="Current GC Util" value="275" />
  <attribute name= "Current Time Running" value="218270" />
  <attribute name ="GC Interval" value="0" />
  <attribute name="Target GC Util Change" value ="80.000000" />
  <attribute name="Current GC Util Change" value="275.000000"/>
  <attribute name="Current Error" value="-645.000000" />
  <attribute name="Output H" value="195110072"/>
  <attribute name="Output I" value="1264"/>
  <attribute name="Output T" value="16"/>
  <attribute name= "Current Time Running" value="218270" />
  <attribute name="GC Util currently" value="275" />
  <attribute name="CPU Util currently" value="2232094389515" />
<exclusive-end id="4309" timestamp="2019-08-09T21:46:45.194" durationms="15.435" />

<exclusive-start id="4310" timestamp="2019-08-09T21:46:45.228" intervalms="49.100">
  <response-info timems="1.658" idlems="1.068" threads="1" lastid="0000000001DFF600" lastname="JIT Compilation Thread-5" />
</exclusive-start>
<allocation-taxation id="4311" taxation-threshold="27262976" timestamp="2019-08-09T21:46:45.228" intervalms="49.163" />
<cycle-start id="4312" type="global mark phase" contextid="0" timestamp="2019-08-09T21:46:45.229" intervalms="277.902" />
<gc-start id="4313" type="global mark phase" contextid="4312" timestamp="2019-08-09T21:46:45.229">
  <mem-info id="4314" free="92274688" total="199229440" percent="46">
    <remembered-set count="25920" freebytes="7861120" totalbytes="7964800" percent="98" regionsoverflowed="0" regionsstable="9" regionsrebuilding="0"/>
  </mem-info>
</gc-start>
<gc-op id="4315" type="mark increment" timems="4.897" contextid="4312" timestamp="2019-08-09T21:46:45.234">
  <trace-info objectcount="691" scancount="0" scanbytes="0" />
</gc-op>
<gc-end id="4316" type="global mark phase" contextid="4312" durationms="4.945" usertimems="2.484" systemtimems="8.401" timestamp="2019-08-09T21:46:45.234" activeThreads="16">
  <mem-info id="4317" free="92274688" total="199229440" percent="46">
    <remembered-set count="25920" freebytes="7861120" totalbytes="7964800" percent="98" regionsoverflowed="0" regionsstable="0" regionsrebuilding="9"/>
  </mem-info>
</gc-end>
<concurrent-start id="4318" type="GMP work packet processing" contextid="4312" timestamp="2019-08-09T21:46:45.234">
  <concurrent-mark-start scanTarget="17634514" />
</concurrent-start>
<exclusive-end id="4319" timestamp="2019-08-09T21:46:45.234" durationms="6.043" />

<concurrent-end id="4320" type="GMP work packet processing" contextid="4312" timestamp="2019-08-09T21:46:45.246">
  <concurrent-mark-end bytesScanned="16811332" reasonForTermination="Completed all work in GC phase" />
</concurrent-end>

<exclusive-start id="4321" timestamp="2019-08-09T21:46:45.260" intervalms="31.426">
  <response-info timems="0.182" idlems="0.093" threads="1" lastid="0000000002134100" lastname="Thread-51" />
</exclusive-start>
<allocation-taxation id="4322" taxation-threshold="27262976" timestamp="2019-08-09T21:46:45.260" intervalms="31.375" />
<cycle-start id="4323" type="partial gc" contextid="0" timestamp="2019-08-09T21:46:45.260" intervalms="80.573" />
<gc-start id="4324" type="partial gc" contextid="4323" timestamp="2019-08-09T21:46:45.260">
  <mem-info id="4325" free="65011712" total="199229440" percent="32">
    <mem type="eden" free="0" total="54525952" percent="0" />
    <remembered-set count="131264" freebytes="7439744" totalbytes="7964800" percent="93" regionsoverflowed="0" regionsstable="0" regionsrebuilding="9"/>
  </mem-info>
</gc-start>
<allocation-stats totalBytes="54315520" >
  <allocated-bytes non-tlh="49168" tlh="54266352" arrayletleaf="0"/>
  <largest-consumer threadName="Thread-45" threadId="0000000002116900" bytes="3909064" />
</allocation-stats>
<gc-op id="4326" type="copy forward" timems="18.350" contextid="4323" timestamp="2019-08-09T21:46:45.279">
  <memory-copied type="eden" objects="7810" bytes="3249040" bytesdiscarded="438648" />
  <memory-copied type="other" objects="14209" bytes="1725600" bytesdiscarded="174704" />
  <memory-cardclean objects="4708" bytes="221888" />
  <regions eden="26" other="7" />
  <remembered-set-cleared processed="119836" cleared="3805" durationms="0.533" />
  <finalization candidates="2" enqueued="0" />
  <references type="soft" candidates="71" cleared="0" enqueued="0" dynamicThreshold="14" maxThreshold="32" />
  <references type="weak" candidates="18" cleared="0" enqueued="0" />
  <references type="phantom" candidates="49" cleared="0" enqueued="0" />
  <stringconstants candidates="16515" cleared="0"  />
</gc-op>
<gc-op id="4327" type="classunload" timems="0.014" contextid="4323" timestamp="2019-08-09T21:46:45.279">
  <classunload-info classloadercandidates="69" classloadersunloaded="0" classesunloaded="0" anonymousclassesunloaded="0" quiescems="0.000" setupms="0.013" scanms="0.000" postms="0.000" />
</gc-op>
<gc-end id="4328" type="partial gc" contextid="4323" durationms="19.438" usertimems="27.632" systemtimems="19.396" timestamp="2019-08-09T21:46:45.279" activeThreads="16">
  <mem-info id="4329" free="121634816" total="199229440" percent="61">
    <mem type="eden" free="506368" total="4194304" percent="12" />
    <remembered-set count="127808" freebytes="7453568" totalbytes="7964800" percent="93" regionsoverflowed="0" regionsstable="0" regionsrebuilding="9"/>
  </mem-info>
</gc-end>
<cycle-end id="4330" type="partial gc" contextid="4323" timestamp="2019-08-09T21:46:45.279" />
  <attribute name="elasticGC enabled" value="1" />
  <attribute name= "numThreadsSpecified" value="16" />
  <attribute name="heapSize specified" value="0" />
  <attribute name="Current GC Util" value="152" />
  <attribute name= "Current Time Running" value="218347" />
  <attribute name ="GC Interval" value="0" />
  <attribute name="Target GC Util Change" value ="80.000000" />
  <attribute name="Current GC Util Change" value="152.000000"/>
  <attribute name="Current Error" value="-457.000000" />
  <attribute name="Output H" value="199304600"/>
  <attribute name="Output I" value="1488"/>
  <attribute name="Output T" value="16"/>
  <attribute name= "Current Time Running" value="218347" />
  <attribute name="GC Util currently" value="152" />
  <attribute name="CPU Util currently" value="1973626230644" />
<exclusive-end id="4331" timestamp="2019-08-09T21:46:45.280" durationms="20.108" />

<exclusive-start id="4332" timestamp="2019-08-09T21:46:45.296" intervalms="36.797">
  <response-info timems="0.132" idlems="0.132" threads="0" lastid="0000000002129500" lastname="Thread-42" />
</exclusive-start>
<allocation-taxation id="4333" taxation-threshold="27262976" timestamp="2019-08-09T21:46:45.296" intervalms="36.775" />
<gc-start id="4334" type="global mark phase" contextid="4312" timestamp="2019-08-09T21:46:45.296">
  <mem-info id="4335" free="94371840" total="199229440" percent="47">
    <remembered-set count="127808" freebytes="7453568" totalbytes="7964800" percent="93" regionsoverflowed="0" regionsstable="0" regionsrebuilding="9"/>
  </mem-info>
</gc-start>
<gc-op id="4336" type="mark increment" timems="8.957" contextid="4312" timestamp="2019-08-09T21:46:45.305">
  <trace-info objectcount="10621" scancount="8598" scanbytes="2090276" />
  <cardclean-info objects="7576" bytes="948020" />
  <finalization candidates="154" enqueued="0" />
  <ownableSynchronizers candidates="22" cleared="0" />
  <references type="soft" candidates="4110" cleared="416" enqueued="411" dynamicThreshold="19" maxThreshold="32" />
  <references type="weak" candidates="6368" cleared="0" enqueued="0" />
  <references type="phantom" candidates="907" cleared="0" enqueued="0" />
  <stringconstants candidates="16515" cleared="41"  />
</gc-op>
<gc-op id="4337" type="classunload" timems="0.012" contextid="4312" timestamp="2019-08-09T21:46:45.305">
  <classunload-info classloadercandidates="69" classloadersunloaded="0" classesunloaded="0" anonymousclassesunloaded="0" quiescems="0.000" setupms="0.012" scanms="0.000" postms="0.000" />
</gc-op>
<gc-end id="4338" type="global mark phase" contextid="4312" durationms="9.121" usertimems="13.203" systemtimems="14.911" timestamp="2019-08-09T21:46:45.306" activeThreads="16">
  <mem-info id="4339" free="94371840" total="199229440" percent="47">
    <pending-finalizers system="0" default="0" reference="411" classloader="0" />
    <remembered-set count="132928" freebytes="7433088" totalbytes="7964800" percent="93" regionsoverflowed="0" regionsstable="0" regionsrebuilding="0"/>
  </mem-info>
</gc-end>
<cycle-end id="4340" type="global mark phase" contextid="4312" timestamp="2019-08-09T21:46:45.306" />
  <attribute name="elasticGC enabled" value="1" />
  <attribute name= "numThreadsSpecified" value="16" />
  <attribute name="heapSize specified" value="0" />
  <attribute name="Current GC Util" value="308" />
  <attribute name= "Current Time Running" value="218386" />
  <attribute name ="GC Interval" value="0" />
  <attribute name="Target GC Util Change" value ="80.000000" />
  <attribute name="Current GC Util Change" value="308.000000"/>
  <attribute name="Current Error" value="-339.000000" />
  <attribute name="Output H" value="199304736"/>
  <attribute name="Output I" value="1624"/>
  <attribute name="Output T" value="16"/>
  <attribute name= "Current Time Running" value="218386" />
  <attribute name="GC Util currently" value="308" />
  <attribute name="CPU Util currently" value="809409584367" />
<exclusive-end id="4341" timestamp="2019-08-09T21:46:45.306" durationms="9.686" />

<exclusive-start id="4342" timestamp="2019-08-09T21:46:45.324" intervalms="27.901">
  <response-info timems="0.089" idlems="0.047" threads="1" lastid="0000000002134100" lastname="Thread-51" />
</exclusive-start>
<allocation-taxation id="4343" taxation-threshold="27262976" timestamp="2019-08-09T21:46:45.324" intervalms="27.901" />
<cycle-start id="4344" type="partial gc" contextid="0" timestamp="2019-08-09T21:46:45.324" intervalms="64.641" />
<gc-start id="4345" type="partial gc" contextid="4344" timestamp="2019-08-09T21:46:45.325">
  <mem-info id="4346" free="67108864" total="199229440" percent="33">
    <mem type="eden" free="0" total="54525952" percent="0" />
    <remembered-set count="24224" freebytes="7867904" totalbytes="7964800" percent="98" regionsoverflowed="0" regionsstable="9" regionsrebuilding="0"/>
  </mem-info>
</gc-start>
<allocation-stats totalBytes="54316496" >
  <allocated-bytes non-tlh="163888" tlh="54152608" arrayletleaf="0"/>
  <largest-consumer threadName="Thread-46" threadId="0000000002112D00" bytes="3301888" />
</allocation-stats>
<gc-op id="4347" type="sweep" timems="2.500" contextid="4344" timestamp="2019-08-09T21:46:45.327" />
<gc-op id="4348" type="copy forward" timems="15.436" contextid="4344" timestamp="2019-08-09T21:46:45.343">
  <memory-copied type="eden" objects="7940" bytes="3102896" bytesdiscarded="713955" />
  <memory-copied type="other" objects="25914" bytes="1744312" bytesdiscarded="1916717" />
  <memory-cardclean objects="3304" bytes="216584" />
  <regions eden="13" other="17" />
  <remembered-set-cleared processed="16282" cleared="866" durationms="0.312" />
  <finalization candidates="1" enqueued="0" />
  <references type="soft" candidates="22" cleared="0" enqueued="0" dynamicThreshold="15" maxThreshold="32" />
  <references type="weak" candidates="59" cleared="0" enqueued="0" />
  <references type="phantom" candidates="21" cleared="0" enqueued="0" />
  <stringconstants candidates="16474" cleared="0"  />
</gc-op>
<gc-op id="4349" type="classunload" timems="0.013" contextid="4344" timestamp="2019-08-09T21:46:45.344">
  <classunload-info classloadercandidates="69" classloadersunloaded="0" classesunloaded="0" anonymousclassesunloaded="0" quiescems="0.000" setupms="0.012" scanms="0.000" postms="0.000" />
</gc-op>
<heap-resize id="4350" type="expand" space="default" amount="16777216" count="1" timems="0.106" reason="excessive time being spent in gc" timestamp="2019-08-09T21:46:45.344" />
<gc-end id="4351" type="partial gc" contextid="4344" durationms="19.276" usertimems="35.975" systemtimems="26.763" timestamp="2019-08-09T21:46:45.344" activeThreads="16">
  <mem-info id="4352" free="130023424" total="216006656" percent="60">
    <mem type="eden" free="3562800" total="8388608" percent="42" />
    <remembered-set count="24960" freebytes="8535680" totalbytes="8635520" percent="98" regionsoverflowed="0" regionsstable="9" regionsrebuilding="0"/>
  </mem-info>
</gc-end>
<cycle-end id="4353" type="partial gc" contextid="4344" timestamp="2019-08-09T21:46:45.344" />
  <attribute name="elasticGC enabled" value="1" />
  <attribute name= "numThreadsSpecified" value="16" />
  <attribute name="heapSize specified" value="0" />
  <attribute name="Current GC Util" value="168" />
  <attribute name= "Current Time Running" value="218414" />
  <attribute name ="GC Interval" value="0" />
  <attribute name="Target GC Util Change" value ="80.000000" />
  <attribute name="Current GC Util Change" value="168.000000"/>
  <attribute name="Current Error" value="-510.000000" />
  <attribute name="Output H" value="199304536"/>
  <attribute name="Output I" value="1424"/>
  <attribute name="Output T" value="16"/>
  <attribute name= "Current Time Running" value="218414" />
  <attribute name="GC Util currently" value="168" />
  <attribute name="CPU Util currently" value="2366253230907" />
<exclusive-end id="4354" timestamp="2019-08-09T21:46:45.344" durationms="19.803" />

<exclusive-start id="4355" timestamp="2019-08-09T21:46:45.380" intervalms="55.458">
  <response-info timems="0.197" idlems="0.197" threads="0" lastid="0000000002112D00" lastname="Thread-46" />
</exclusive-start>
<allocation-taxation id="4356" taxation-threshold="60817408" timestamp="2019-08-09T21:46:45.380" intervalms="55.731" />
<cycle-start id="4357" type="partial gc" contextid="0" timestamp="2019-08-09T21:46:45.380" intervalms="55.781" />
<gc-start id="4358" type="partial gc" contextid="4357" timestamp="2019-08-09T21:46:45.380">
  <mem-info id="4359" free="69206016" total="216006656" percent="32">
    <mem type="eden" free="0" total="60817408" percent="0" />
    <remembered-set count="24640" freebytes="8536960" totalbytes="8635520" percent="98" regionsoverflowed="0" regionsstable="9" regionsrebuilding="0"/>
  </mem-info>
</gc-start>
<allocation-stats totalBytes="60693888" >
  <allocated-bytes non-tlh="49168" tlh="60644720" arrayletleaf="0"/>
  <largest-consumer threadName="Thread-44" threadId="000000000210B600" bytes="7251184" />
</allocation-stats>
<gc-op id="4360" type="copy forward" timems="11.080" contextid="4357" timestamp="2019-08-09T21:46:45.392">
  <memory-copied type="eden" objects="9347" bytes="3686664" bytesdiscarded="491384" />
  <memory-copied type="other" objects="17233" bytes="1820728" bytesdiscarded="271776" />
  <memory-cardclean objects="4856" bytes="291968" />
  <regions eden="29" other="9" />
  <remembered-set-cleared processed="15605" cleared="269" durationms="0.191" />
  <finalization candidates="3" enqueued="0" />
  <references type="soft" candidates="75" cleared="0" enqueued="0" dynamicThreshold="19" maxThreshold="32" />
  <references type="weak" candidates="39" cleared="0" enqueued="0" />
  <references type="phantom" candidates="65" cleared="0" enqueued="0" />
  <stringconstants candidates="16474" cleared="0"  />
</gc-op>
<gc-op id="4361" type="classunload" timems="0.012" contextid="4357" timestamp="2019-08-09T21:46:45.392">
  <classunload-info classloadercandidates="69" classloadersunloaded="0" classesunloaded="0" anonymousclassesunloaded="0" quiescems="0.000" setupms="0.012" scanms="0.000" postms="0.000" />
</gc-op>
<gc-end id="4362" type="partial gc" contextid="4357" durationms="12.258" usertimems="30.647" systemtimems="14.002" timestamp="2019-08-09T21:46:45.393" activeThreads="16">
  <mem-info id="4363" free="138412032" total="216006656" percent="64">
    <mem type="eden" free="16000" total="4194304" percent="0" />
    <remembered-set count="24096" freebytes="8539136" totalbytes="8635520" percent="98" regionsoverflowed="0" regionsstable="9" regionsrebuilding="0"/>
  </mem-info>
</gc-end>
<cycle-end id="4364" type="partial gc" contextid="4357" timestamp="2019-08-09T21:46:45.393" />
  <attribute name="elasticGC enabled" value="1" />
  <attribute name= "numThreadsSpecified" value="16" />
  <attribute name="heapSize specified" value="0" />
  <attribute name="Current GC Util" value="130" />
  <attribute name= "Current Time Running" value="218468" />
  <attribute name ="GC Interval" value="0" />
  <attribute name="Target GC Util Change" value ="80.000000" />
  <attribute name="Current GC Util Change" value="130.000000"/>
  <attribute name="Current Error" value="-50.000000" />
  <attribute name="Output H" value="216082280"/>
  <attribute name="Output I" value="1952"/>
  <attribute name="Output T" value="16"/>
  <attribute name= "Current Time Running" value="218468" />
  <attribute name="GC Util currently" value="130" />
  <attribute name="CPU Util currently" value="1630637990193" />
<exclusive-end id="4365" timestamp="2019-08-09T21:46:45.393" durationms="13.372" />

<exclusive-start id="4366" timestamp="2019-08-09T21:46:45.429" intervalms="48.921">
  <response-info timems="0.719" idlems="0.261" threads="2" lastid="000000000211E100" lastname="Thread-41" />
</exclusive-start>
<allocation-taxation id="4367" taxation-threshold="60817408" timestamp="2019-08-09T21:46:45.429" intervalms="48.652" />
<cycle-start id="4368" type="partial gc" contextid="0" timestamp="2019-08-09T21:46:45.429" intervalms="48.673" />
<gc-start id="4369" type="partial gc" contextid="4368" timestamp="2019-08-09T21:46:45.429">
  <mem-info id="4370" free="77594624" total="216006656" percent="35">
    <mem type="eden" free="0" total="60817408" percent="0" />
    <remembered-set count="22624" freebytes="8545024" totalbytes="8635520" percent="98" regionsoverflowed="0" regionsstable="10" regionsrebuilding="0"/>
  </mem-info>
</gc-start>
<allocation-stats totalBytes="60595232" >
  <allocated-bytes non-tlh="98328" tlh="60496904" arrayletleaf="0"/>
  <largest-consumer threadName="Thread-44" threadId="000000000210B600" bytes="7988960" />
</allocation-stats>
<gc-op id="4371" type="copy forward" timems="15.226" contextid="4368" timestamp="2019-08-09T21:46:45.446">
  <memory-copied type="eden" objects="9257" bytes="3671184" bytesdiscarded="728592" />
  <memory-copied type="other" objects="4605" bytes="1717800" bytesdiscarded="186392" />
  <memory-cardclean objects="51438" bytes="1953232" />
  <regions eden="29" other="6" />
  <remembered-set-cleared processed="1013" cleared="230" durationms="0.116" />
  <finalization candidates="8" enqueued="0" />
  <ownableSynchronizers candidates="2" cleared="0" />
  <references type="soft" candidates="37" cleared="0" enqueued="0" dynamicThreshold="20" maxThreshold="32" />
  <references type="weak" candidates="286" cleared="0" enqueued="0" />
  <references type="phantom" candidates="10" cleared="0" enqueued="0" />
  <stringconstants candidates="16474" cleared="0"  />
</gc-op>
<gc-op id="4372" type="classunload" timems="0.012" contextid="4368" timestamp="2019-08-09T21:46:45.446">
  <classunload-info classloadercandidates="69" classloadersunloaded="0" classesunloaded="0" anonymousclassesunloaded="0" quiescems="0.000" setupms="0.012" scanms="0.000" postms="0.000" />
</gc-op>
<gc-end id="4373" type="partial gc" contextid="4368" durationms="16.582" usertimems="44.787" systemtimems="17.015" timestamp="2019-08-09T21:46:45.446" activeThreads="16">
  <mem-info id="4374" free="140509184" total="216006656" percent="65">
    <mem type="eden" free="1891408" total="6291456" percent="30" />
    <remembered-set count="11776" freebytes="8588416" totalbytes="8635520" percent="99" regionsoverflowed="0" regionsstable="10" regionsrebuilding="0"/>
  </mem-info>
</gc-end>
<cycle-end id="4375" type="partial gc" contextid="4368" timestamp="2019-08-09T21:46:45.446" />
  <attribute name="elasticGC enabled" value="1" />
  <attribute name= "numThreadsSpecified" value="16" />
  <attribute name="heapSize specified" value="0" />
  <attribute name="Current GC Util" value="153" />
  <attribute name= "Current Time Running" value="218517" />
  <attribute name ="GC Interval" value="0" />
  <attribute name="Target GC Util Change" value ="80.000000" />
  <attribute name="Current GC Util Change" value="153.000000"/>
  <attribute name="Current Error" value="-118.000000" />
  <attribute name="Output H" value="216082200"/>
  <attribute name="Output I" value="1872"/>
  <attribute name="Output T" value="16"/>
  <attribute name= "Current Time Running" value="218517" />
  <attribute name="GC Util currently" value="153" />
  <attribute name="CPU Util currently" value="1540000524192" />
<exclusive-end id="4376" timestamp="2019-08-09T21:46:45.446" durationms="17.584" />

<exclusive-start id="4377" timestamp="2019-08-09T21:46:45.527" intervalms="98.710">
  <response-info timems="1.443" idlems="1.443" threads="0" lastid="00000000020FC600" lastname="Thread-48" />
</exclusive-start>
<allocation-taxation id="4378" taxation-threshold="60817408" timestamp="2019-08-09T21:46:45.527" intervalms="98.711" />
<cycle-start id="4379" type="partial gc" contextid="0" timestamp="2019-08-09T21:46:45.527" intervalms="98.648" />
<gc-start id="4380" type="partial gc" contextid="4379" timestamp="2019-08-09T21:46:45.528">
  <mem-info id="4381" free="79691776" total="216006656" percent="36">
    <mem type="eden" free="0" total="60817408" percent="0" />
    <remembered-set count="11520" freebytes="8589440" totalbytes="8635520" percent="99" regionsoverflowed="0" regionsstable="10" regionsrebuilding="0"/>
  </mem-info>
</gc-start>
<allocation-stats totalBytes="60703688" >
  <allocated-bytes non-tlh="155696" tlh="60547992" arrayletleaf="0"/>
  <largest-consumer threadName="Thread-49" threadId="00000000020DAB00" bytes="8551776" />
</allocation-stats>
<gc-op id="4382" type="copy forward" timems="13.589" contextid="4379" timestamp="2019-08-09T21:46:45.542">
  <memory-copied type="eden" objects="9927" bytes="3951112" bytesdiscarded="807768" />
  <memory-copied type="other" objects="46591" bytes="1459008" bytesdiscarded="80112" />
  <memory-cardclean objects="13041" bytes="524712" />
  <regions eden="29" other="7" />
  <remembered-set-cleared processed="4953" cleared="568" durationms="0.351" />
  <references type="phantom" candidates="2" cleared="0" enqueued="0" />
  <stringconstants candidates="16474" cleared="0"  />
</gc-op>
<gc-op id="4383" type="classunload" timems="0.015" contextid="4379" timestamp="2019-08-09T21:46:45.542">
  <classunload-info classloadercandidates="69" classloadersunloaded="0" classesunloaded="0" anonymousclassesunloaded="0" quiescems="0.000" setupms="0.015" scanms="0.000" postms="0.000" />
</gc-op>
<heap-resize id="4384" type="contract" space="default" amount="12582912" count="1" timems="0.106" reason="excess free space following gc" timestamp="2019-08-09T21:46:45.542" />
<gc-end id="4385" type="partial gc" contextid="4379" durationms="14.797" usertimems="35.885" systemtimems="16.113" timestamp="2019-08-09T21:46:45.542" activeThreads="16">
  <mem-info id="4386" free="125829120" total="203423744" percent="61">
    <mem type="eden" free="3629448" total="8388608" percent="43" />
    <remembered-set count="13888" freebytes="8579968" totalbytes="8635520" percent="99" regionsoverflowed="0" regionsstable="10" regionsrebuilding="0"/>
  </mem-info>
</gc-end>
<cycle-end id="4387" type="partial gc" contextid="4379" timestamp="2019-08-09T21:46:45.543" />
  <attribute name="elasticGC enabled" value="1" />
  <attribute name= "numThreadsSpecified" value="16" />
  <attribute name="heapSize specified" value="0" />
  <attribute name="Current GC Util" value="160" />
  <attribute name= "Current Time Running" value="218615" />
  <attribute name ="GC Interval" value="0" />
  <attribute name="Target GC Util Change" value ="80.000000" />
  <attribute name="Current GC Util Change" value="160.000000"/>
  <attribute name="Current Error" value="-172.000000" />
  <attribute name="Output H" value="216082144"/>
  <attribute name="Output I" value="1816"/>
  <attribute name="Output T" value="16"/>
  <attribute name= "Current Time Running" value="218615" />
  <attribute name="GC Util currently" value="160" />
  <attribute name="CPU Util currently" value="2063870481347" />
<exclusive-end id="4388" timestamp="2019-08-09T21:46:45.543" durationms="15.963" />

<exclusive-start id="4389" timestamp="2019-08-09T21:46:45.581" intervalms="53.776">
  <response-info timems="0.441" idlems="0.238" threads="4" lastid="00000000020D3300" lastname="Thread-47" />
</exclusive-start>
<allocation-taxation id="4390" taxation-threshold="58720256" timestamp="2019-08-09T21:46:45.581" intervalms="53.830" />
<cycle-start id="4391" type="partial gc" contextid="0" timestamp="2019-08-09T21:46:45.581" intervalms="53.858" />
<gc-start id="4392" type="partial gc" contextid="4391" timestamp="2019-08-09T21:46:45.582">
  <mem-info id="4393" free="67108864" total="203423744" percent="32">
    <mem type="eden" free="0" total="58720256" percent="0" />
    <remembered-set count="13888" freebytes="8579968" totalbytes="8635520" percent="99" regionsoverflowed="0" regionsstable="10" regionsrebuilding="0"/>
  </mem-info>
</gc-start>
<allocation-stats totalBytes="58591872" >
  <allocated-bytes non-tlh="0" tlh="58591872" arrayletleaf="0"/>
  <largest-consumer threadName="Thread-48" threadId="00000000020FC600" bytes="7828480" />
</allocation-stats>
<gc-op id="4394" type="copy forward" timems="17.514" contextid="4391" timestamp="2019-08-09T21:46:45.602">
  <memory-copied type="eden" objects="9598" bytes="3870896" bytesdiscarded="710552" />
  <memory-copied type="other" objects="47" bytes="37888" bytesdiscarded="3960" />
  <memory-cardclean objects="3106" bytes="139632" />
  <regions eden="28" other="6" />
  <remembered-set-cleared processed="5744" cleared="112" durationms="0.148" />
  <references type="weak" candidates="1" cleared="0" enqueued="0" />
  <references type="phantom" candidates="5" cleared="0" enqueued="0" />
  <stringconstants candidates="16474" cleared="0"  />
</gc-op>
<gc-op id="4395" type="classunload" timems="0.013" contextid="4391" timestamp="2019-08-09T21:46:45.602">
  <classunload-info classloadercandidates="69" classloadersunloaded="0" classesunloaded="0" anonymousclassesunloaded="0" quiescems="0.000" setupms="0.013" scanms="0.000" postms="0.000" />
</gc-op>
<heap-resize id="4396" type="contract" space="default" amount="4194304" count="1" timems="0.067" reason="excess free space following gc" timestamp="2019-08-09T21:46:45.602" />
<gc-end id="4397" type="partial gc" contextid="4391" durationms="20.502" usertimems="38.908" systemtimems="20.539" timestamp="2019-08-09T21:46:45.602" activeThreads="16">
  <mem-info id="4398" free="121634816" total="199229440" percent="61">
    <mem type="eden" free="1709728" total="6291456" percent="27" />
    <remembered-set count="12864" freebytes="8081024" totalbytes="8132480" percent="99" regionsoverflowed="0" regionsstable="10" regionsrebuilding="0"/>
  </mem-info>
</gc-end>
<cycle-end id="4399" type="partial gc" contextid="4391" timestamp="2019-08-09T21:46:45.602" />
  <attribute name="elasticGC enabled" value="1" />
  <attribute name= "numThreadsSpecified" value="16" />
  <attribute name="heapSize specified" value="0" />
  <attribute name="Current GC Util" value="143" />
  <attribute name= "Current Time Running" value="218671" />
  <attribute name ="GC Interval" value="0" />
  <attribute name="Target GC Util Change" value ="80.000000" />
  <attribute name="Current GC Util Change" value="143.000000"/>
  <attribute name="Current Error" value="-63.000000" />
  <attribute name="Output H" value="203499352"/>
  <attribute name="Output I" value="1936"/>
  <attribute name="Output T" value="16"/>
  <attribute name= "Current Time Running" value="218671" />
  <attribute name="GC Util currently" value="143" />
  <attribute name="CPU Util currently" value="778182796881" />
<exclusive-end id="4400" timestamp="2019-08-09T21:46:45.603" durationms="21.440" />

<exclusive-start id="4401" timestamp="2019-08-09T21:46:45.646" intervalms="65.128">
  <response-info timems="0.521" idlems="0.521" threads="0" lastid="0000000002134100" lastname="Thread-51" />
</exclusive-start>
<allocation-taxation id="4402" taxation-threshold="56623104" timestamp="2019-08-09T21:46:45.646" intervalms="65.108" />
<cycle-start id="4403" type="partial gc" contextid="0" timestamp="2019-08-09T21:46:45.646" intervalms="65.116" />
<gc-start id="4404" type="partial gc" contextid="4403" timestamp="2019-08-09T21:46:45.647">
  <mem-info id="4405" free="65011712" total="199229440" percent="32">
    <mem type="eden" free="0" total="56623104" percent="0" />
    <remembered-set count="12480" freebytes="8082560" totalbytes="8132480" percent="99" regionsoverflowed="0" regionsstable="10" regionsrebuilding="0"/>
  </mem-info>
</gc-start>
<allocation-stats totalBytes="56387048" >
  <allocated-bytes non-tlh="16392" tlh="56370656" arrayletleaf="0"/>
  <largest-consumer threadName="Thread-48" threadId="00000000020FC600" bytes="6648760" />
</allocation-stats>
<gc-op id="4406" type="copy forward" timems="11.090" contextid="4403" timestamp="2019-08-09T21:46:45.660">
  <memory-copied type="eden" objects="8993" bytes="3599936" bytesdiscarded="553944" />
  <memory-copied type="other" objects="46" bytes="2096" bytesdiscarded="944" />
  <memory-cardclean objects="3084" bytes="139976" />
  <regions eden="27" other="7" />
  <remembered-set-cleared processed="5754" cleared="126" durationms="0.134" />
  <references type="phantom" candidates="4" cleared="0" enqueued="0" />
  <stringconstants candidates="16474" cleared="0"  />
</gc-op>
<gc-op id="4407" type="classunload" timems="0.012" contextid="4403" timestamp="2019-08-09T21:46:45.660">
  <classunload-info classloadercandidates="69" classloadersunloaded="0" classesunloaded="0" anonymousclassesunloaded="0" quiescems="0.000" setupms="0.011" scanms="0.000" postms="0.000" />
</gc-op>
<heap-resize id="4408" type="contract" space="default" amount="10485760" count="1" timems="0.104" reason="excess free space following gc" timestamp="2019-08-09T21:46:45.661" />
<gc-end id="4409" type="partial gc" contextid="4403" durationms="13.899" usertimems="26.100" systemtimems="20.837" timestamp="2019-08-09T21:46:45.661" activeThreads="16">
  <mem-info id="4410" free="115343360" total="188743680" percent="61">
    <mem type="eden" free="40152" total="4194304" percent="0" />
    <remembered-set count="12800" freebytes="7913600" totalbytes="7964800" percent="99" regionsoverflowed="0" regionsstable="10" regionsrebuilding="0"/>
  </mem-info>
</gc-end>
<cycle-end id="4411" type="partial gc" contextid="4403" timestamp="2019-08-09T21:46:45.661" />
  <attribute name="elasticGC enabled" value="1" />
  <attribute name= "numThreadsSpecified" value="16" />
  <attribute name="heapSize specified" value="0" />
  <attribute name="Current GC Util" value="72" />
  <attribute name= "Current Time Running" value="218736" />
  <attribute name ="GC Interval" value="0" />
  <attribute name="Target GC Util Change" value ="80.000000" />
  <attribute name="Current GC Util Change" value="72.000000"/>
  <attribute name="Current Error" value="-46.000000" />
  <attribute name="Output H" value="199305072"/>
  <attribute name="Output I" value="1960"/>
  <attribute name="Output T" value="16"/>
  <attribute name= "Current Time Running" value="218736" />
  <attribute name="GC Util currently" value="72" />
  <attribute name="CPU Util currently" value="528665622802" />
<exclusive-end id="4412" timestamp="2019-08-09T21:46:45.661" durationms="14.793" />

<exclusive-start id="4413" timestamp="2019-08-09T21:46:45.694" intervalms="47.347">
  <response-info timems="0.792" idlems="0.373" threads="2" lastid="000000000211E100" lastname="Thread-41" />
</exclusive-start>
<allocation-taxation id="4414" taxation-threshold="54525952" timestamp="2019-08-09T21:46:45.694" intervalms="47.310" />
<cycle-start id="4415" type="partial gc" contextid="0" timestamp="2019-08-09T21:46:45.694" intervalms="47.272" />
<gc-start id="4416" type="partial gc" contextid="4415" timestamp="2019-08-09T21:46:45.695">
  <mem-info id="4417" free="60817408" total="188743680" percent="32">
    <mem type="eden" free="0" total="54525952" percent="0" />
    <remembered-set count="12352" freebytes="7915392" totalbytes="7964800" percent="99" regionsoverflowed="0" regionsstable="10" regionsrebuilding="0"/>
  </mem-info>
</gc-start>
<allocation-stats totalBytes="54346928" >
  <allocated-bytes non-tlh="65552" tlh="54281376" arrayletleaf="0"/>
  <largest-consumer threadName="Thread-51" threadId="0000000002134100" bytes="7514776" />
</allocation-stats>
<gc-op id="4418" type="copy forward" timems="21.013" contextid="4415" timestamp="2019-08-09T21:46:45.718">
  <memory-copied type="eden" objects="8411" bytes="3376896" bytesdiscarded="672176" />
  <memory-copied type="other" objects="715" bytes="301656" bytesdiscarded="26616" />
  <memory-cardclean objects="19076" bytes="833672" />
  <regions eden="26" other="3" />
  <remembered-set-cleared processed="4290" cleared="180" durationms="0.281" />
  <references type="weak" candidates="1" cleared="0" enqueued="0" />
  <references type="phantom" candidates="6" cleared="0" enqueued="0" />
  <stringconstants candidates="16474" cleared="0"  />
</gc-op>
<gc-op id="4419" type="classunload" timems="0.011" contextid="4415" timestamp="2019-08-09T21:46:45.718">
  <classunload-info classloadercandidates="69" classloadersunloaded="0" classesunloaded="0" anonymousclassesunloaded="0" quiescems="0.000" setupms="0.011" scanms="0.000" postms="0.000" />
</gc-op>
<gc-end id="4420" type="partial gc" contextid="4415" durationms="22.967" usertimems="47.905" systemtimems="20.730" timestamp="2019-08-09T21:46:45.718" activeThreads="16">
  <mem-info id="4421" free="113246208" total="188743680" percent="60">
    <mem type="eden" free="144968" total="4194304" percent="3" />
    <remembered-set count="13632" freebytes="7491072" totalbytes="7545600" percent="99" regionsoverflowed="0" regionsstable="10" regionsrebuilding="0"/>
  </mem-info>
</gc-end>
<cycle-end id="4422" type="partial gc" contextid="4415" timestamp="2019-08-09T21:46:45.718" />
  <attribute name="elasticGC enabled" value="1" />
  <attribute name= "numThreadsSpecified" value="16" />
  <attribute name="heapSize specified" value="0" />
  <attribute name="Current GC Util" value="122" />
  <attribute name= "Current Time Running" value="218783" />
  <attribute name ="GC Interval" value="0" />
  <attribute name="Target GC Util Change" value ="80.000000" />
  <attribute name="Current GC Util Change" value="122.000000"/>
  <attribute name="Current Error" value="-85.000000" />
  <attribute name="Output H" value="188819264"/>
  <attribute name="Output I" value="1912"/>
  <attribute name="Output T" value="16"/>
  <attribute name= "Current Time Running" value="218783" />
  <attribute name="GC Util currently" value="122" />
  <attribute name="CPU Util currently" value="794088623959" />
<exclusive-end id="4423" timestamp="2019-08-09T21:46:45.718" durationms="24.711" />

<exclusive-start id="4424" timestamp="2019-08-09T21:46:45.747" intervalms="53.625">
  <response-info timems="0.503" idlems="0.254" threads="1" lastid="00000000020F8A00" lastname="Thread-52" />
</exclusive-start>
<allocation-taxation id="4425" taxation-threshold="54525952" timestamp="2019-08-09T21:46:45.747" intervalms="53.671" />
<cycle-start id="4426" type="partial gc" contextid="0" timestamp="2019-08-09T21:46:45.747" intervalms="53.706" />
<gc-start id="4427" type="partial gc" contextid="4426" timestamp="2019-08-09T21:46:45.748">
  <mem-info id="4428" free="58720256" total="188743680" percent="31">
    <mem type="eden" free="0" total="54525952" percent="0" />
    <remembered-set count="13504" freebytes="7491584" totalbytes="7545600" percent="99" regionsoverflowed="0" regionsstable="10" regionsrebuilding="0"/>
  </mem-info>
</gc-start>
<allocation-stats totalBytes="54338456" >
  <allocated-bytes non-tlh="0" tlh="54338456" arrayletleaf="0"/>
  <largest-consumer threadName="Thread-51" threadId="0000000002134100" bytes="7038864" />
</allocation-stats>
<gc-op id="4429" type="copy forward" timems="12.582" contextid="4426" timestamp="2019-08-09T21:46:45.761">
  <memory-copied type="eden" objects="8628" bytes="3381040" bytesdiscarded="617352" />
  <memory-copied type="other" objects="1474" bytes="648544" bytesdiscarded="102296" />
  <memory-cardclean objects="2883" bytes="214136" />
  <regions eden="26" other="3" />
  <remembered-set-cleared processed="5751" cleared="138" durationms="0.152" />
  <references type="phantom" candidates="2" cleared="0" enqueued="0" />
  <stringconstants candidates="16474" cleared="0"  />
</gc-op>
<gc-op id="4430" type="classunload" timems="0.012" contextid="4426" timestamp="2019-08-09T21:46:45.761">
  <classunload-info classloadercandidates="69" classloadersunloaded="0" classesunloaded="0" anonymousclassesunloaded="0" quiescems="0.000" setupms="0.012" scanms="0.000" postms="0.000" />
</gc-op>
<heap-resize id="4431" type="expand" space="default" amount="6291456" count="1" timems="0.061" reason="excessive time being spent in gc" timestamp="2019-08-09T21:46:45.762" />
<gc-end id="4432" type="partial gc" contextid="4426" durationms="13.931" usertimems="19.821" systemtimems="21.358" timestamp="2019-08-09T21:46:45.762" activeThreads="16">
  <mem-info id="4433" free="117440512" total="195035136" percent="60">
    <mem type="eden" free="195688" total="4194304" percent="4" />
    <remembered-set count="12320" freebytes="7747840" totalbytes="7797120" percent="99" regionsoverflowed="0" regionsstable="10" regionsrebuilding="0"/>
  </mem-info>
</gc-end>
<cycle-end id="4434" type="partial gc" contextid="4426" timestamp="2019-08-09T21:46:45.762" />
  <attribute name="elasticGC enabled" value="1" />
  <attribute name= "numThreadsSpecified" value="16" />
  <attribute name="heapSize specified" value="0" />
  <attribute name="Current GC Util" value="132" />
  <attribute name= "Current Time Running" value="218835" />
  <attribute name ="GC Interval" value="0" />
  <attribute name="Target GC Util Change" value ="80.000000" />
  <attribute name="Current GC Util Change" value="132.000000"/>
  <attribute name="Current Error" value="-52.000000" />
  <attribute name="Output H" value="188819304"/>
  <attribute name="Output I" value="1952"/>
  <attribute name="Output T" value="16"/>
  <attribute name= "Current Time Running" value="218835" />
  <attribute name="GC Util currently" value="132" />
  <attribute name="CPU Util currently" value="1636651847677" />
<exclusive-end id="4435" timestamp="2019-08-09T21:46:45.762" durationms="14.630" />

<exclusive-start id="4436" timestamp="2019-08-09T21:46:45.794" intervalms="47.239">
  <response-info timems="0.469" idlems="0.252" threads="1" lastid="0000000002100200" lastname="Thread-50" />
</exclusive-start>
<allocation-taxation id="4437" taxation-threshold="56623104" timestamp="2019-08-09T21:46:45.794" intervalms="47.207" />
<cycle-start id="4438" type="partial gc" contextid="0" timestamp="2019-08-09T21:46:45.795" intervalms="47.179" />
<gc-start id="4439" type="partial gc" contextid="4438" timestamp="2019-08-09T21:46:45.795">
  <mem-info id="4440" free="60817408" total="195035136" percent="31">
    <mem type="eden" free="0" total="56623104" percent="0" />
    <remembered-set count="11904" freebytes="7749504" totalbytes="7797120" percent="99" regionsoverflowed="0" regionsstable="10" regionsrebuilding="0"/>
  </mem-info>
</gc-start>
<allocation-stats totalBytes="56446192" >
  <allocated-bytes non-tlh="106528" tlh="56339664" arrayletleaf="0"/>
  <largest-consumer threadName="Thread-43" threadId="00000000020ED600" bytes="9948600" />
</allocation-stats>
<gc-op id="4441" type="copy forward" timems="15.256" contextid="4438" timestamp="2019-08-09T21:46:45.811">
  <memory-copied type="eden" objects="8424" bytes="3474976" bytesdiscarded="623976" />
  <memory-copied type="other" objects="1771" bytes="733720" bytesdiscarded="106536" />
  <memory-cardclean objects="3126" bytes="423704" />
  <regions eden="27" other="6" />
  <remembered-set-cleared processed="5772" cleared="156" durationms="0.130" />
  <references type="weak" candidates="1" cleared="0" enqueued="0" />
  <references type="phantom" candidates="11" cleared="0" enqueued="0" />
  <stringconstants candidates="16474" cleared="0"  />
</gc-op>
<gc-op id="4442" type="classunload" timems="0.012" contextid="4438" timestamp="2019-08-09T21:46:45.811">
  <classunload-info classloadercandidates="69" classloadersunloaded="0" classesunloaded="0" anonymousclassesunloaded="0" quiescems="0.000" setupms="0.011" scanms="0.000" postms="0.000" />
</gc-op>
<gc-end id="4443" type="partial gc" contextid="4438" durationms="16.270" usertimems="44.428" systemtimems="22.189" timestamp="2019-08-09T21:46:45.811" activeThreads="16">
  <mem-info id="4444" free="117440512" total="195035136" percent="60">
    <mem type="eden" free="2192240" total="6291456" percent="34" />
    <remembered-set count="14848" freebytes="7737728" totalbytes="7797120" percent="99" regionsoverflowed="0" regionsstable="10" regionsrebuilding="0"/>
  </mem-info>
</gc-end>
<cycle-end id="4445" type="partial gc" contextid="4438" timestamp="2019-08-09T21:46:45.811" />
  <attribute name="elasticGC enabled" value="1" />
  <attribute name= "numThreadsSpecified" value="16" />
  <attribute name="heapSize specified" value="0" />
  <attribute name="Current GC Util" value="188" />
  <attribute name= "Current Time Running" value="218882" />
  <attribute name ="GC Interval" value="0" />
  <attribute name="Target GC Util Change" value ="80.000000" />
  <attribute name="Current GC Util Change" value="188.000000"/>
  <attribute name="Current Error" value="-158.000000" />
  <attribute name="Output H" value="195110640"/>
  <attribute name="Output I" value="1832"/>
  <attribute name="Output T" value="16"/>
  <attribute name= "Current Time Running" value="218882" />
  <attribute name="GC Util currently" value="188" />
  <attribute name="CPU Util currently" value="2171443459877" />
<exclusive-end id="4446" timestamp="2019-08-09T21:46:45.811" durationms="16.933" />

<exclusive-start id="4447" timestamp="2019-08-09T21:46:45.892" intervalms="97.802">
  <response-info timems="14.019" idlems="4.856" threads="5" lastid="00000000020FC600" lastname="Thread-48" />
</exclusive-start>
<allocation-taxation id="4448" taxation-threshold="56623104" timestamp="2019-08-09T21:46:45.892" intervalms="97.795" />
<cycle-start id="4449" type="partial gc" contextid="0" timestamp="2019-08-09T21:46:45.892" intervalms="97.801" />
<gc-start id="4450" type="partial gc" contextid="4449" timestamp="2019-08-09T21:46:45.893">
  <mem-info id="4451" free="60817408" total="195035136" percent="31">
    <mem type="eden" free="0" total="56623104" percent="0" />
    <remembered-set count="14528" freebytes="7739008" totalbytes="7797120" percent="99" regionsoverflowed="0" regionsstable="10" regionsrebuilding="0"/>
  </mem-info>
</gc-start>
<allocation-stats totalBytes="56505072" >
  <allocated-bytes non-tlh="98328" tlh="56406744" arrayletleaf="0"/>
  <largest-consumer threadName="Thread-40" threadId="0000000002107A00" bytes="7271336" />
</allocation-stats>
<gc-op id="4452" type="copy forward" timems="13.010" contextid="4449" timestamp="2019-08-09T21:46:45.907">
  <memory-copied type="eden" objects="9349" bytes="3733264" bytesdiscarded="729576" />
  <memory-copied type="other" objects="937" bytes="445960" bytesdiscarded="79984" />
  <memory-cardclean objects="3273" bytes="299464" />
  <regions eden="27" other="5" />
  <remembered-set-cleared processed="5740" cleared="147" durationms="0.115" />
  <references type="phantom" candidates="4" cleared="0" enqueued="0" />
  <stringconstants candidates="16474" cleared="0"  />
</gc-op>
<gc-op id="4453" type="classunload" timems="0.012" contextid="4449" timestamp="2019-08-09T21:46:45.907">
  <classunload-info classloadercandidates="69" classloadersunloaded="0" classesunloaded="0" anonymousclassesunloaded="0" quiescems="0.000" setupms="0.011" scanms="0.000" postms="0.000" />
</gc-op>
<heap-resize id="4454" type="expand" space="default" amount="4194304" count="1" timems="0.065" reason="excessive time being spent in gc" timestamp="2019-08-09T21:46:45.907" />
<gc-end id="4455" type="partial gc" contextid="4449" durationms="14.439" usertimems="21.471" systemtimems="16.850" timestamp="2019-08-09T21:46:45.907" activeThreads="16">
  <mem-info id="4456" free="119537664" total="199229440" percent="60">
    <mem type="eden" free="1828320" total="6291456" percent="29" />
    <remembered-set count="14048" freebytes="7908608" totalbytes="7964800" percent="99" regionsoverflowed="0" regionsstable="10" regionsrebuilding="0"/>
  </mem-info>
</gc-end>
<cycle-end id="4457" type="partial gc" contextid="4449" timestamp="2019-08-09T21:46:45.907" />
  <attribute name="elasticGC enabled" value="1" />
  <attribute name= "numThreadsSpecified" value="16" />
  <attribute name="heapSize specified" value="0" />
  <attribute name="Current GC Util" value="146" />
  <attribute name= "Current Time Running" value="218980" />
  <attribute name ="GC Interval" value="0" />
  <attribute name="Target GC Util Change" value ="80.000000" />
  <attribute name="Current GC Util Change" value="146.000000"/>
  <attribute name="Current Error" value="-203.000000" />
  <attribute name="Output H" value="195110584"/>
  <attribute name="Output I" value="1776"/>
  <attribute name="Output T" value="16"/>
  <attribute name= "Current Time Running" value="218980" />
  <attribute name="GC Util currently" value="146" />
  <attribute name="CPU Util currently" value="1666432594236" />
<exclusive-end id="4458" timestamp="2019-08-09T21:46:45.907" durationms="15.023" />

<exclusive-start id="4459" timestamp="2019-08-09T21:46:45.977" intervalms="84.915">
  <response-info timems="0.553" idlems="0.553" threads="0" lastid="0000000002129500" lastname="Thread-42" />
</exclusive-start>
<allocation-taxation id="4460" taxation-threshold="56623104" timestamp="2019-08-09T21:46:45.977" intervalms="84.906" />
<cycle-start id="4461" type="partial gc" contextid="0" timestamp="2019-08-09T21:46:45.977" intervalms="84.899" />
<gc-start id="4462" type="partial gc" contextid="4461" timestamp="2019-08-09T21:46:45.977">
  <mem-info id="4463" free="62914560" total="199229440" percent="31">
    <mem type="eden" free="0" total="56623104" percent="0" />
    <remembered-set count="13824" freebytes="7909504" totalbytes="7964800" percent="99" regionsoverflowed="0" regionsstable="10" regionsrebuilding="0"/>
  </mem-info>
</gc-start>
<allocation-stats totalBytes="56408928" >
  <allocated-bytes non-tlh="114736" tlh="56294192" arrayletleaf="0"/>
  <largest-consumer threadName="Thread-43" threadId="00000000020ED600" bytes="8006288" />
</allocation-stats>
<gc-op id="4464" type="copy forward" timems="11.975" contextid="4461" timestamp="2019-08-09T21:46:45.992">
  <memory-copied type="eden" objects="9677" bytes="3847248" bytesdiscarded="849376" />
  <memory-copied type="other" objects="453" bytes="386840" bytesdiscarded="42144" />
  <memory-cardclean objects="3228" bytes="182024" />
  <regions eden="27" other="5" />
  <remembered-set-cleared processed="5768" cleared="178" durationms="0.131" />
  <stringconstants candidates="16474" cleared="0"  />
</gc-op>
<gc-op id="4465" type="classunload" timems="0.012" contextid="4461" timestamp="2019-08-09T21:46:45.992">
  <classunload-info classloadercandidates="69" classloadersunloaded="0" classesunloaded="0" anonymousclassesunloaded="0" quiescems="0.000" setupms="0.012" scanms="0.000" postms="0.000" />
</gc-op>
<heap-resize id="4466" type="expand" space="default" amount="6291456" count="1" timems="0.062" reason="excessive time being spent in gc" timestamp="2019-08-09T21:46:45.992" />
<gc-end id="4467" type="partial gc" contextid="4461" durationms="14.533" usertimems="22.922" systemtimems="23.389" timestamp="2019-08-09T21:46:45.992" activeThreads="16">
  <mem-info id="4468" free="123731968" total="205520896" percent="60">
    <mem type="eden" free="1594576" total="6291456" percent="25" />
    <remembered-set count="14048" freebytes="8160128" totalbytes="8216320" percent="99" regionsoverflowed="0" regionsstable="10" regionsrebuilding="0"/>
  </mem-info>
</gc-end>
<cycle-end id="4469" type="partial gc" contextid="4461" timestamp="2019-08-09T21:46:45.993" />
  <attribute name="elasticGC enabled" value="1" />
  <attribute name= "numThreadsSpecified" value="16" />
  <attribute name="heapSize specified" value="0" />
  <attribute name="Current GC Util" value="165" />
  <attribute name= "Current Time Running" value="219066" />
  <attribute name ="GC Interval" value="0" />
  <attribute name="Target GC Util Change" value ="80.000000" />
  <attribute name="Current GC Util Change" value="165.000000"/>
  <attribute name="Current Error" value="-85.000000" />
  <attribute name="Output H" value="199305024"/>
  <attribute name="Output I" value="1912"/>
  <attribute name="Output T" value="16"/>
  <attribute name= "Current Time Running" value="219066" />
  <attribute name="GC Util currently" value="165" />
  <attribute name="CPU Util currently" value="891016113682" />
<exclusive-end id="4470" timestamp="2019-08-09T21:46:45.993" durationms="15.580" />

<exclusive-start id="4471" timestamp="2019-08-09T21:46:46.027" intervalms="49.830">
  <response-info timems="1.137" idlems="1.137" threads="0" lastid="0000000002125900" lastname="Thread-38" />
</exclusive-start>
<allocation-taxation id="4472" taxation-threshold="58720256" timestamp="2019-08-09T21:46:46.027" intervalms="49.835" />
<cycle-start id="4473" type="partial gc" contextid="0" timestamp="2019-08-09T21:46:46.027" intervalms="50.012" />
<gc-start id="4474" type="partial gc" contextid="4473" timestamp="2019-08-09T21:46:46.027">
  <mem-info id="4475" free="65011712" total="205520896" percent="31">
    <mem type="eden" free="0" total="58720256" percent="0" />
    <remembered-set count="13696" freebytes="8161536" totalbytes="8216320" percent="99" regionsoverflowed="0" regionsstable="10" regionsrebuilding="0"/>
  </mem-info>
</gc-start>
<allocation-stats totalBytes="58549728" >
  <allocated-bytes non-tlh="0" tlh="58549728" arrayletleaf="0"/>
  <largest-consumer threadName="Thread-38" threadId="0000000002125900" bytes="6405936" />
</allocation-stats>
<gc-op id="4476" type="copy forward" timems="20.428" contextid="4473" timestamp="2019-08-09T21:46:46.050">
  <memory-copied type="eden" objects="10255" bytes="3969488" bytesdiscarded="859160" />
  <memory-copied type="other" objects="902" bytes="485616" bytesdiscarded="38600" />
  <memory-cardclean objects="3118" bytes="141768" />
  <regions eden="28" other="5" />
  <remembered-set-cleared processed="5774" cleared="135" durationms="0.417" />
  <references type="phantom" candidates="2" cleared="0" enqueued="0" />
  <stringconstants candidates="16474" cleared="0"  />
</gc-op>
<gc-op id="4477" type="classunload" timems="0.015" contextid="4473" timestamp="2019-08-09T21:46:46.050">
  <classunload-info classloadercandidates="69" classloadersunloaded="0" classesunloaded="0" anonymousclassesunloaded="0" quiescems="0.000" setupms="0.015" scanms="0.000" postms="0.000" />
</gc-op>
<heap-resize id="4478" type="expand" space="default" amount="10485760" count="1" timems="0.078" reason="excessive time being spent in gc" timestamp="2019-08-09T21:46:46.050" />
<gc-end id="4479" type="partial gc" contextid="4473" durationms="22.621" usertimems="55.366" systemtimems="37.746" timestamp="2019-08-09T21:46:46.050" activeThreads="16">
  <mem-info id="4480" free="130023424" total="216006656" percent="60">
    <mem type="eden" free="3559680" total="8388608" percent="42" />
    <remembered-set count="15392" freebytes="8573952" totalbytes="8635520" percent="99" regionsoverflowed="0" regionsstable="10" regionsrebuilding="0"/>
  </mem-info>
</gc-end>
<cycle-end id="4481" type="partial gc" contextid="4473" timestamp="2019-08-09T21:46:46.050" />
  <attribute name="elasticGC enabled" value="1" />
  <attribute name= "numThreadsSpecified" value="16" />
  <attribute name="heapSize specified" value="0" />
  <attribute name="Current GC Util" value="132" />
  <attribute name= "Current Time Running" value="219116" />
  <attribute name ="GC Interval" value="0" />
  <attribute name="Target GC Util Change" value ="80.000000" />
  <attribute name="Current GC Util Change" value="132.000000"/>
  <attribute name="Current Error" value="-132.000000" />
  <attribute name="Output H" value="205596424"/>
  <attribute name="Output I" value="1856"/>
  <attribute name="Output T" value="16"/>
  <attribute name= "Current Time Running" value="219116" />
  <attribute name="GC Util currently" value="132" />
  <attribute name="CPU Util currently" value="1803443184285" />
<exclusive-end id="4482" timestamp="2019-08-09T21:46:46.050" durationms="23.381" />

<exclusive-start id="4483" timestamp="2019-08-09T21:46:46.092" intervalms="64.752">
  <response-info timems="0.843" idlems="0.264" threads="3" lastid="000000000211E100" lastname="Thread-41" />
</exclusive-start>
<allocation-taxation id="4484" taxation-threshold="60817408" timestamp="2019-08-09T21:46:46.092" intervalms="64.762" />
<cycle-start id="4485" type="partial gc" contextid="0" timestamp="2019-08-09T21:46:46.092" intervalms="64.781" />
<gc-start id="4486" type="partial gc" contextid="4485" timestamp="2019-08-09T21:46:46.092">
  <mem-info id="4487" free="69206016" total="216006656" percent="32">
    <mem type="eden" free="0" total="60817408" percent="0" />
    <remembered-set count="15168" freebytes="8574848" totalbytes="8635520" percent="99" regionsoverflowed="0" regionsstable="10" regionsrebuilding="0"/>
  </mem-info>
</gc-start>
<allocation-stats totalBytes="60581432" >
  <allocated-bytes non-tlh="98344" tlh="60483088" arrayletleaf="0"/>
  <largest-consumer threadName="Thread-42" threadId="0000000002129500" bytes="7151328" />
</allocation-stats>
<gc-op id="4488" type="copy forward" timems="14.791" contextid="4485" timestamp="2019-08-09T21:46:46.109">
  <memory-copied type="eden" objects="8432" bytes="3342360" bytesdiscarded="656464" />
  <memory-copied type="other" objects="8" bytes="392" bytesdiscarded="624" />
  <memory-cardclean objects="3054" bytes="138624" />
  <regions eden="29" other="4" />
  <remembered-set-cleared processed="5777" cleared="111" durationms="0.156" />
  <references type="weak" candidates="1" cleared="0" enqueued="0" />
  <references type="phantom" candidates="4" cleared="0" enqueued="0" />
  <stringconstants candidates="16474" cleared="0"  />
</gc-op>
<gc-op id="4489" type="classunload" timems="0.011" contextid="4485" timestamp="2019-08-09T21:46:46.109">
  <classunload-info classloadercandidates="69" classloadersunloaded="0" classesunloaded="0" anonymousclassesunloaded="0" quiescems="0.000" setupms="0.011" scanms="0.000" postms="0.000" />
</gc-op>
<gc-end id="4490" type="partial gc" contextid="4485" durationms="16.735" usertimems="27.887" systemtimems="19.302" timestamp="2019-08-09T21:46:46.109" activeThreads="16">
  <mem-info id="4491" free="130023424" total="216006656" percent="60">
    <mem type="eden" free="2292360" total="6291456" percent="36" />
    <remembered-set count="14720" freebytes="8576640" totalbytes="8635520" percent="99" regionsoverflowed="0" regionsstable="10" regionsrebuilding="0"/>
  </mem-info>
</gc-end>
<cycle-end id="4492" type="partial gc" contextid="4485" timestamp="2019-08-09T21:46:46.109" />
  <attribute name="elasticGC enabled" value="1" />
  <attribute name= "numThreadsSpecified" value="16" />
  <attribute name="heapSize specified" value="0" />
  <attribute name="Current GC Util" value="76" />
  <attribute name= "Current Time Running" value="219180" />
  <attribute name ="GC Interval" value="0" />
  <attribute name="Target GC Util Change" value ="80.000000" />
  <attribute name="Current GC Util Change" value="76.000000"/>
  <attribute name="Current Error" value="-175.000000" />
  <attribute name="Output H" value="216082136"/>
  <attribute name="Output I" value="1808"/>
  <attribute name="Output T" value="16"/>
  <attribute name= "Current Time Running" value="219180" />
  <attribute name="GC Util currently" value="76" />
  <attribute name="CPU Util currently" value="809853625976" />
<exclusive-end id="4493" timestamp="2019-08-09T21:46:46.109" durationms="17.766" />

<exclusive-start id="4494" timestamp="2019-08-09T21:46:46.144" intervalms="52.519">
  <response-info timems="0.297" idlems="0.159" threads="3" lastid="0000000002121D00" lastname="Thread-37" />
</exclusive-start>
<allocation-taxation id="4495" taxation-threshold="60817408" timestamp="2019-08-09T21:46:46.144" intervalms="52.523" />
<cycle-start id="4496" type="partial gc" contextid="0" timestamp="2019-08-09T21:46:46.144" intervalms="52.328" />
<gc-start id="4497" type="partial gc" contextid="4496" timestamp="2019-08-09T21:46:46.145">
  <mem-info id="4498" free="69206016" total="216006656" percent="32">
    <mem type="eden" free="0" total="60817408" percent="0" />
    <remembered-set count="14240" freebytes="8578560" totalbytes="8635520" percent="99" regionsoverflowed="0" regionsstable="10" regionsrebuilding="0"/>
  </mem-info>
</gc-start>
<allocation-stats totalBytes="60635152" >
  <allocated-bytes non-tlh="65560" tlh="60569592" arrayletleaf="0"/>
  <largest-consumer threadName="Thread-45" threadId="0000000002116900" bytes="8704744" />
</allocation-stats>
<gc-op id="4499" type="copy forward" timems="23.534" contextid="4496" timestamp="2019-08-09T21:46:46.172">
  <memory-copied type="eden" objects="5794" bytes="2298752" bytesdiscarded="441824" />
  <memory-copied type="other" objects="535" bytes="210648" bytesdiscarded="9056" />
  <memory-cardclean objects="3025" bytes="136968" />
  <memory-traced type="eden" objects="2601" bytes="194632" />
  <memory-traced type="other" objects="0" bytes="0" />
  <regions eden="29" other="3" evacuated="31" marked="1" />
  <remembered-set-cleared processed="5780" cleared="115" durationms="0.183" />
  <references type="weak" candidates="1" cleared="0" enqueued="0" />
  <references type="phantom" candidates="5" cleared="0" enqueued="0" />
  <stringconstants candidates="16474" cleared="0"  />
</gc-op>
<gc-op id="4500" type="classunload" timems="0.015" contextid="4496" timestamp="2019-08-09T21:46:46.172">
  <classunload-info classloadercandidates="69" classloadersunloaded="0" classesunloaded="0" anonymousclassesunloaded="0" quiescems="0.000" setupms="0.015" scanms="0.000" postms="0.000" />
</gc-op>
<gc-op id="4501" type="sweep" timems="2.320" contextid="4496" timestamp="2019-08-09T21:46:46.174" />
<gc-op id="4502" type="compact" timems="4.526" contextid="4496" timestamp="2019-08-09T21:46:46.179">
  <compact-info movecount="0" movebytes="0" />
  <remembered-set-cleared processed="11811" cleared="115" durationms="0.183" />
</gc-op>
<heap-resize id="4503" type="expand" space="default" amount="4194304" count="1" timems="0.062" reason="excessive time being spent in gc" timestamp="2019-08-09T21:46:46.179" />
<gc-end id="4504" type="partial gc" contextid="4496" durationms="34.562" usertimems="57.962" systemtimems="72.640" timestamp="2019-08-09T21:46:46.179" activeThreads="16">
  <mem-info id="4505" free="132120576" total="220200960" percent="60">
    <mem type="eden" free="1453536" total="6291456" percent="23" />
    <remembered-set count="9696" freebytes="8764416" totalbytes="8803200" percent="99" regionsoverflowed="0" regionsstable="10" regionsrebuilding="0"/>
  </mem-info>
</gc-end>
<cycle-end id="4506" type="partial gc" contextid="4496" timestamp="2019-08-09T21:46:46.179" />
  <attribute name="elasticGC enabled" value="1" />
  <attribute name= "numThreadsSpecified" value="16" />
  <attribute name="heapSize specified" value="0" />
  <attribute name="Current GC Util" value="201" />
  <attribute name= "Current Time Running" value="219261" />
  <attribute name ="GC Interval" value="0" />
  <attribute name="Target GC Util Change" value ="80.000000" />
  <attribute name="Current GC Util Change" value="201.000000"/>
  <attribute name="Current Error" value="-529.000000" />
  <attribute name="Output H" value="216081728"/>
  <attribute name="Output I" value="1400"/>
  <attribute name="Output T" value="16"/>
  <attribute name= "Current Time Running" value="219261" />
  <attribute name="GC Util currently" value="201" />
  <attribute name="CPU Util currently" value="474469452498" />
<exclusive-end id="4507" timestamp="2019-08-09T21:46:46.179" durationms="35.136" />

<exclusive-start id="4508" timestamp="2019-08-09T21:46:46.235" intervalms="90.696">
  <response-info timems="7.738" idlems="1.221" threads="7" lastid="00000000020D3300" lastname="Thread-47" />
</exclusive-start>
<allocation-taxation id="4509" taxation-threshold="62914560" timestamp="2019-08-09T21:46:46.235" intervalms="90.671" />
<cycle-start id="4510" type="partial gc" contextid="0" timestamp="2019-08-09T21:46:46.235" intervalms="90.657" />
<gc-start id="4511" type="partial gc" contextid="4510" timestamp="2019-08-09T21:46:46.235">
  <mem-info id="4512" free="69206016" total="220200960" percent="31">
    <mem type="eden" free="0" total="65011712" percent="0" />
    <remembered-set count="9696" freebytes="8764416" totalbytes="8803200" percent="99" regionsoverflowed="0" regionsstable="10" regionsrebuilding="0"/>
  </mem-info>
</gc-start>
<allocation-stats totalBytes="62801792" >
  <allocated-bytes non-tlh="376928" tlh="62424864" arrayletleaf="0"/>
  <largest-consumer threadName="Thread-43" threadId="00000000020ED600" bytes="8130944" />
</allocation-stats>
<gc-op id="4513" type="copy forward" timems="15.756" contextid="4510" timestamp="2019-08-09T21:46:46.254">
  <memory-copied type="eden" objects="8943" bytes="3558472" bytesdiscarded="841280" />
  <memory-copied type="other" objects="1638" bytes="860520" bytesdiscarded="93792" />
  <memory-cardclean objects="3013" bytes="137600" />
  <regions eden="30" other="5" />
  <remembered-set-cleared processed="5797" cleared="156" durationms="0.320" />
  <references type="weak" candidates="1" cleared="0" enqueued="0" />
  <references type="phantom" candidates="3" cleared="0" enqueued="0" />
  <stringconstants candidates="16474" cleared="0"  />
</gc-op>
<gc-op id="4514" type="classunload" timems="0.012" contextid="4510" timestamp="2019-08-09T21:46:46.254">
  <classunload-info classloadercandidates="69" classloadersunloaded="0" classesunloaded="0" anonymousclassesunloaded="0" quiescems="0.000" setupms="0.012" scanms="0.000" postms="0.000" />
</gc-op>
<heap-resize id="4515" type="expand" space="default" amount="6291456" count="1" timems="0.062" reason="excessive time being spent in gc" timestamp="2019-08-09T21:46:46.254" />
<gc-end id="4516" type="partial gc" contextid="4510" durationms="19.268" usertimems="46.104" systemtimems="28.221" timestamp="2019-08-09T21:46:46.254" activeThreads="16">
  <mem-info id="4517" free="136314880" total="226492416" percent="60">
    <mem type="eden" free="1891464" total="6291456" percent="30" />
    <remembered-set count="14784" freebytes="8995584" totalbytes="9054720" percent="99" regionsoverflowed="0" regionsstable="10" regionsrebuilding="0"/>
  </mem-info>
</gc-end>
<cycle-end id="4518" type="partial gc" contextid="4510" timestamp="2019-08-09T21:46:46.255" />
  <attribute name="elasticGC enabled" value="1" />
  <attribute name= "numThreadsSpecified" value="16" />
  <attribute name="heapSize specified" value="0" />
  <attribute name="Current GC Util" value="378" />
  <attribute name= "Current Time Running" value="219325" />
  <attribute name ="GC Interval" value="0" />
  <attribute name="Target GC Util Change" value ="80.000000" />
  <attribute name="Current GC Util Change" value="378.000000"/>
  <attribute name="Current Error" value="-779.000000" />
  <attribute name="Output H" value="220275744"/>
  <attribute name="Output I" value="1112"/>
  <attribute name="Output T" value="16"/>
  <attribute name= "Current Time Running" value="219325" />
  <attribute name="GC Util currently" value="378" />
  <attribute name="CPU Util currently" value="386929739242" />
<exclusive-end id="4519" timestamp="2019-08-09T21:46:46.255" durationms="19.750" />

<exclusive-start id="4520" timestamp="2019-08-09T21:46:46.311" intervalms="75.576">
  <response-info timems="0.160" idlems="0.160" threads="0" lastid="00000000020ED600" lastname="Thread-43" />
</exclusive-start>
<allocation-taxation id="4521" taxation-threshold="62914560" timestamp="2019-08-09T21:46:46.311" intervalms="75.591" />
<cycle-start id="4522" type="partial gc" contextid="0" timestamp="2019-08-09T21:46:46.311" intervalms="75.610" />
<gc-start id="4523" type="partial gc" contextid="4522" timestamp="2019-08-09T21:46:46.311">
  <mem-info id="4524" free="73400320" total="226492416" percent="32">
    <mem type="eden" free="0" total="62914560" percent="0" />
    <remembered-set count="14432" freebytes="8996992" totalbytes="9054720" percent="99" regionsoverflowed="0" regionsstable="10" regionsrebuilding="0"/>
  </mem-info>
</gc-start>
<allocation-stats totalBytes="62669456" >
  <allocated-bytes non-tlh="49168" tlh="62620288" arrayletleaf="0"/>
  <largest-consumer threadName="Thread-45" threadId="0000000002116900" bytes="7429976" />
</allocation-stats>
<gc-op id="4525" type="copy forward" timems="24.536" contextid="4522" timestamp="2019-08-09T21:46:46.346">
  <memory-copied type="eden" objects="9324" bytes="3550576" bytesdiscarded="744488" />
  <memory-copied type="other" objects="239" bytes="94552" bytesdiscarded="10096" />
  <memory-cardclean objects="3137" bytes="226992" />
  <regions eden="30" other="4" />
  <remembered-set-cleared processed="5840" cleared="139" durationms="0.936" />
  <references type="weak" candidates="1" cleared="0" enqueued="0" />
  <references type="phantom" candidates="2" cleared="0" enqueued="0" />
  <stringconstants candidates="16474" cleared="0"  />
</gc-op>
<gc-op id="4526" type="classunload" timems="0.016" contextid="4522" timestamp="2019-08-09T21:46:46.346">
  <classunload-info classloadercandidates="69" classloadersunloaded="0" classesunloaded="0" anonymousclassesunloaded="0" quiescems="0.000" setupms="0.016" scanms="0.000" postms="0.000" />
</gc-op>
<heap-resize id="4527" type="expand" space="default" amount="4194304" count="1" timems="0.059" reason="excessive time being spent in gc" timestamp="2019-08-09T21:46:46.346" />
<gc-end id="4528" type="partial gc" contextid="4522" durationms="34.956" usertimems="54.065" systemtimems="56.500" timestamp="2019-08-09T21:46:46.346" activeThreads="16">
  <mem-info id="4529" free="138412032" total="230686720" percent="60">
    <mem type="eden" free="1996136" total="6291456" percent="31" />
    <remembered-set count="14272" freebytes="9165312" totalbytes="9222400" percent="99" regionsoverflowed="0" regionsstable="10" regionsrebuilding="0"/>
  </mem-info>
</gc-end>
<cycle-end id="4530" type="partial gc" contextid="4522" timestamp="2019-08-09T21:46:46.346" />
  <attribute name="elasticGC enabled" value="1" />
  <attribute name= "numThreadsSpecified" value="16" />
  <attribute name="heapSize specified" value="0" />
  <attribute name="Current GC Util" value="191" />
  <attribute name= "Current Time Running" value="219408" />
  <attribute name ="GC Interval" value="0" />
  <attribute name="Target GC Util Change" value ="80.000000" />
  <attribute name="Current GC Util Change" value="191.000000"/>
  <attribute name="Current Error" value="-111.000000" />
  <attribute name="Output H" value="226567968"/>
  <attribute name="Output I" value="1880"/>
  <attribute name="Output T" value="16"/>
  <attribute name= "Current Time Running" value="219408" />
  <attribute name="GC Util currently" value="191" />
  <attribute name="CPU Util currently" value="118410953054" />
<exclusive-end id="4531" timestamp="2019-08-09T21:46:46.346" durationms="35.899" />

<exclusive-start id="4532" timestamp="2019-08-09T21:46:46.385" intervalms="74.949">
  <response-info timems="1.318" idlems="0.355" threads="4" lastid="000000000210B600" lastname="Thread-44" />
</exclusive-start>
<allocation-taxation id="4533" taxation-threshold="65011712" timestamp="2019-08-09T21:46:46.386" intervalms="74.964" />
<cycle-start id="4534" type="partial gc" contextid="0" timestamp="2019-08-09T21:46:46.386" intervalms="74.971" />
<gc-start id="4535" type="partial gc" contextid="4534" timestamp="2019-08-09T21:46:46.386">
  <mem-info id="4536" free="73400320" total="230686720" percent="31">
    <mem type="eden" free="0" total="65011712" percent="0" />
    <remembered-set count="13792" freebytes="9167232" totalbytes="9222400" percent="99" regionsoverflowed="0" regionsstable="10" regionsrebuilding="0"/>
  </mem-info>
</gc-start>
<allocation-stats totalBytes="64740568" >
  <allocated-bytes non-tlh="98336" tlh="64642232" arrayletleaf="0"/>
  <largest-consumer threadName="Thread-46" threadId="0000000002112D00" bytes="8473184" />
</allocation-stats>
<gc-op id="4537" type="copy forward" timems="28.103" contextid="4534" timestamp="2019-08-09T21:46:46.416">
  <memory-copied type="eden" objects="8984" bytes="3763552" bytesdiscarded="169600" />
  <memory-copied type="other" objects="81" bytes="39104" bytesdiscarded="3880" />
  <memory-cardclean objects="3065" bytes="173336" />
  <regions eden="31" other="4" />
  <remembered-set-cleared processed="5854" cleared="127" durationms="0.823" />
  <references type="phantom" candidates="6" cleared="0" enqueued="0" />
  <stringconstants candidates="16474" cleared="0"  />
</gc-op>
<gc-op id="4538" type="classunload" timems="0.016" contextid="4534" timestamp="2019-08-09T21:46:46.416">
  <classunload-info classloadercandidates="69" classloadersunloaded="0" classesunloaded="0" anonymousclassesunloaded="0" quiescems="0.000" setupms="0.016" scanms="0.000" postms="0.000" />
</gc-op>
<gc-end id="4539" type="partial gc" contextid="4534" durationms="30.562" usertimems="49.353" systemtimems="25.153" timestamp="2019-08-09T21:46:46.417" activeThreads="16">
  <mem-info id="4540" free="138412032" total="230686720" percent="60">
    <mem type="eden" free="260864" total="4194304" percent="6" />
    <remembered-set count="11424" freebytes="9176704" totalbytes="9222400" percent="99" regionsoverflowed="0" regionsstable="10" regionsrebuilding="0"/>
  </mem-info>
</gc-end>
<cycle-end id="4541" type="partial gc" contextid="4534" timestamp="2019-08-09T21:46:46.417" />
  <attribute name="elasticGC enabled" value="1" />
  <attribute name= "numThreadsSpecified" value="16" />
  <attribute name="heapSize specified" value="0" />
  <attribute name="Current GC Util" value="55" />
  <attribute name= "Current Time Running" value="219475" />
  <attribute name ="GC Interval" value="0" />
  <attribute name="Target GC Util Change" value ="80.000000" />
  <attribute name="Current GC Util Change" value="55.000000"/>
  <attribute name="Current Error" value="-110.000000" />
  <attribute name="Output H" value="230762280"/>
  <attribute name="Output I" value="1888"/>
  <attribute name="Output T" value="16"/>
  <attribute name= "Current Time Running" value="219475" />
  <attribute name="GC Util currently" value="55" />
  <attribute name="CPU Util currently" value="664539795007" />
<exclusive-end id="4542" timestamp="2019-08-09T21:46:46.418" durationms="32.194" />

<exclusive-start id="4543" timestamp="2019-08-09T21:46:46.479" intervalms="93.094">
  <response-info timems="2.346" idlems="0.819" threads="2" lastid="000000000210B600" lastname="Thread-44" />
</exclusive-start>
<allocation-taxation id="4544" taxation-threshold="65011712" timestamp="2019-08-09T21:46:46.479" intervalms="93.091" />
<cycle-start id="4545" type="partial gc" contextid="0" timestamp="2019-08-09T21:46:46.479" intervalms="93.095" />
<gc-start id="4546" type="partial gc" contextid="4545" timestamp="2019-08-09T21:46:46.479">
  <mem-info id="4547" free="73400320" total="230686720" percent="31">
    <mem type="eden" free="0" total="65011712" percent="0" />
    <remembered-set count="11136" freebytes="9177856" totalbytes="9222400" percent="99" regionsoverflowed="0" regionsstable="10" regionsrebuilding="0"/>
  </mem-info>
</gc-start>
<allocation-stats totalBytes="64884648" >
  <allocated-bytes non-tlh="98336" tlh="64786312" arrayletleaf="0"/>
  <largest-consumer threadName="Thread-40" threadId="0000000002107A00" bytes="8463496" />
</allocation-stats>
<gc-op id="4548" type="copy forward" timems="24.179" contextid="4545" timestamp="2019-08-09T21:46:46.504">
  <memory-copied type="eden" objects="7953" bytes="3245144" bytesdiscarded="501392" />
  <memory-copied type="other" objects="1351" bytes="586392" bytesdiscarded="47464" />
  <memory-cardclean objects="2917" bytes="134752" />
  <regions eden="31" other="2" />
  <remembered-set-cleared processed="5854" cleared="110" durationms="0.371" />
  <references type="phantom" candidates="6" cleared="0" enqueued="0" />
  <stringconstants candidates="16474" cleared="0"  />
</gc-op>
<gc-op id="4549" type="classunload" timems="0.012" contextid="4545" timestamp="2019-08-09T21:46:46.504">
  <classunload-info classloadercandidates="69" classloadersunloaded="0" classesunloaded="0" anonymousclassesunloaded="0" quiescems="0.000" setupms="0.012" scanms="0.000" postms="0.000" />
</gc-op>
<heap-resize id="4550" type="expand" space="default" amount="6291456" count="1" timems="0.068" reason="excessive time being spent in gc" timestamp="2019-08-09T21:46:46.505" />
<gc-end id="4551" type="partial gc" contextid="4545" durationms="25.694" usertimems="57.342" systemtimems="12.816" timestamp="2019-08-09T21:46:46.505" activeThreads="16">
  <mem-info id="4552" free="142606336" total="236978176" percent="60">
    <mem type="eden" free="447496" total="4194304" percent="10" />
    <remembered-set count="13728" freebytes="9419008" totalbytes="9473920" percent="99" regionsoverflowed="0" regionsstable="10" regionsrebuilding="0"/>
  </mem-info>
</gc-end>
<cycle-end id="4553" type="partial gc" contextid="4545" timestamp="2019-08-09T21:46:46.505" />
  <attribute name="elasticGC enabled" value="1" />
  <attribute name= "numThreadsSpecified" value="16" />
  <attribute name="heapSize specified" value="0" />
  <attribute name="Current GC Util" value="131" />
  <attribute name= "Current Time Running" value="219567" />
  <attribute name ="GC Interval" value="0" />
  <attribute name="Target GC Util Change" value ="80.000000" />
  <attribute name="Current GC Util Change" value="131.000000"/>
  <attribute name="Current Error" value="-133.000000" />
  <attribute name="Output H" value="230762248"/>
  <attribute name="Output I" value="1856"/>
  <attribute name="Output T" value="16"/>
  <attribute name= "Current Time Running" value="219567" />
  <attribute name="GC Util currently" value="131" />
  <attribute name="CPU Util currently" value="1280045240118" />
<exclusive-end id="4554" timestamp="2019-08-09T21:46:46.505" durationms="26.658" />

<exclusive-start id="4555" timestamp="2019-08-09T21:46:46.579" intervalms="100.431">
  <response-info timems="1.396" idlems="1.396" threads="0" lastid="0000000002116900" lastname="Thread-45" />
</exclusive-start>
<allocation-taxation id="4556" taxation-threshold="67108864" timestamp="2019-08-09T21:46:46.579" intervalms="100.431" />
<cycle-start id="4557" type="partial gc" contextid="0" timestamp="2019-08-09T21:46:46.579" intervalms="100.412" />
<gc-start id="4558" type="partial gc" contextid="4557" timestamp="2019-08-09T21:46:46.579">
  <mem-info id="4559" free="75497472" total="236978176" percent="31">
    <mem type="eden" free="0" total="67108864" percent="0" />
    <remembered-set count="13408" freebytes="9420288" totalbytes="9473920" percent="99" regionsoverflowed="0" regionsstable="10" regionsrebuilding="0"/>
  </mem-info>
</gc-start>
<allocation-stats totalBytes="66933576" >
  <allocated-bytes non-tlh="122920" tlh="66810656" arrayletleaf="0"/>
  <largest-consumer threadName="Thread-41" threadId="000000000211E100" bytes="8190904" />
</allocation-stats>
<gc-op id="4560" type="copy forward" timems="19.027" contextid="4557" timestamp="2019-08-09T21:46:46.600">
  <memory-copied type="eden" objects="9340" bytes="3652536" bytesdiscarded="500096" />
  <memory-copied type="other" objects="80" bytes="39016" bytesdiscarded="1536" />
  <memory-cardclean objects="3107" bytes="175040" />
  <regions eden="32" other="4" />
  <remembered-set-cleared processed="5836" cleared="111" durationms="0.214" />
  <references type="phantom" candidates="3" cleared="0" enqueued="0" />
  <stringconstants candidates="16474" cleared="0"  />
</gc-op>
<gc-op id="4561" type="classunload" timems="0.012" contextid="4557" timestamp="2019-08-09T21:46:46.600">
  <classunload-info classloadercandidates="69" classloadersunloaded="0" classesunloaded="0" anonymousclassesunloaded="0" quiescems="0.000" setupms="0.012" scanms="0.000" postms="0.000" />
</gc-op>
<heap-resize id="4562" type="expand" space="default" amount="4194304" count="1" timems="0.184" reason="excessive time being spent in gc" timestamp="2019-08-09T21:46:46.600" />
<gc-end id="4563" type="partial gc" contextid="4557" durationms="20.592" usertimems="40.757" systemtimems="7.805" timestamp="2019-08-09T21:46:46.600" activeThreads="16">
  <mem-info id="4564" free="144703488" total="241172480" percent="60">
    <mem type="eden" free="41400" total="4194304" percent="0" />
    <remembered-set count="15008" freebytes="9581568" totalbytes="9641600" percent="99" regionsoverflowed="0" regionsstable="10" regionsrebuilding="0"/>
  </mem-info>
</gc-end>
<cycle-end id="4565" type="partial gc" contextid="4557" timestamp="2019-08-09T21:46:46.600" />
  <attribute name="elasticGC enabled" value="1" />
  <attribute name= "numThreadsSpecified" value="16" />
  <attribute name="heapSize specified" value="0" />
  <attribute name="Current GC Util" value="81" />
  <attribute name= "Current Time Running" value="219667" />
  <attribute name ="GC Interval" value="0" />
  <attribute name="Target GC Util Change" value ="80.000000" />
  <attribute name="Current GC Util Change" value="81.000000"/>
  <attribute name="Current Error" value="-1.000000" />
  <attribute name="Output H" value="237053856"/>
  <attribute name="Output I" value="2008"/>
  <attribute name="Output T" value="16"/>
  <attribute name= "Current Time Running" value="219667" />
  <attribute name="GC Util currently" value="81" />
  <attribute name="CPU Util currently" value="1410648229011" />
<exclusive-end id="4566" timestamp="2019-08-09T21:46:46.600" durationms="21.399" />

<exclusive-start id="4567" timestamp="2019-08-09T21:46:46.697" intervalms="118.342">
  <response-info timems="0.105" idlems="0.105" threads="0" lastid="0000000002107A00" lastname="Thread-40" />
</exclusive-start>
<allocation-taxation id="4568" taxation-threshold="67108864" timestamp="2019-08-09T21:46:46.697" intervalms="118.325" />
<cycle-start id="4569" type="partial gc" contextid="0" timestamp="2019-08-09T21:46:46.697" intervalms="118.330" />
<gc-start id="4570" type="partial gc" contextid="4569" timestamp="2019-08-09T21:46:46.698">
  <mem-info id="4571" free="77594624" total="241172480" percent="32">
    <mem type="eden" free="0" total="67108864" percent="0" />
    <remembered-set count="14656" freebytes="9582976" totalbytes="9641600" percent="99" regionsoverflowed="0" regionsstable="10" regionsrebuilding="0"/>
  </mem-info>
</gc-start>
<allocation-stats totalBytes="66979016" >
  <allocated-bytes non-tlh="81944" tlh="66897072" arrayletleaf="0"/>
  <largest-consumer threadName="Thread-45" threadId="0000000002116900" bytes="8265448" />
</allocation-stats>
<gc-op id="4572" type="copy forward" timems="10.309" contextid="4569" timestamp="2019-08-09T21:46:46.709">
  <memory-copied type="eden" objects="6002" bytes="2439816" bytesdiscarded="621392" />
  <memory-copied type="other" objects="27" bytes="1000" bytesdiscarded="448" />
  <memory-cardclean objects="3082" bytes="140512" />
  <regions eden="32" other="3" />
  <remembered-set-cleared processed="5845" cleared="102" durationms="0.189" />
  <references type="weak" candidates="4" cleared="0" enqueued="0" />
  <references type="phantom" candidates="5" cleared="0" enqueued="0" />
  <stringconstants candidates="16474" cleared="0"  />
</gc-op>
<gc-op id="4573" type="classunload" timems="0.018" contextid="4569" timestamp="2019-08-09T21:46:46.709">
  <classunload-info classloadercandidates="69" classloadersunloaded="0" classesunloaded="0" anonymousclassesunloaded="0" quiescems="0.000" setupms="0.017" scanms="0.000" postms="0.000" />
</gc-op>
<heap-resize id="4574" type="expand" space="default" amount="6291456" count="1" timems="0.062" reason="excessive time being spent in gc" timestamp="2019-08-09T21:46:46.709" />
<gc-end id="4575" type="partial gc" contextid="4569" durationms="11.692" usertimems="12.163" systemtimems="16.461" timestamp="2019-08-09T21:46:46.709" activeThreads="16">
  <mem-info id="4576" free="148897792" total="247463936" percent="60">
    <mem type="eden" free="1132880" total="4194304" percent="27" />
    <remembered-set count="13152" freebytes="9840512" totalbytes="9893120" percent="99" regionsoverflowed="0" regionsstable="10" regionsrebuilding="0"/>
  </mem-info>
</gc-end>
<cycle-end id="4577" type="partial gc" contextid="4569" timestamp="2019-08-09T21:46:46.710" />
  <attribute name="elasticGC enabled" value="1" />
  <attribute name= "numThreadsSpecified" value="16" />
  <attribute name="heapSize specified" value="0" />
  <attribute name="Current GC Util" value="122" />
  <attribute name= "Current Time Running" value="219785" />
  <attribute name ="GC Interval" value="0" />
  <attribute name="Target GC Util Change" value ="80.000000" />
  <attribute name="Current GC Util Change" value="122.000000"/>
  <attribute name="Current Error" value="7.000000" />
  <attribute name="Output H" value="241248168"/>
  <attribute name="Output I" value="2016"/>
  <attribute name="Output T" value="16"/>
  <attribute name= "Current Time Running" value="219785" />
  <attribute name="GC Util currently" value="122" />
  <attribute name="CPU Util currently" value="2102608810827" />
<exclusive-end id="4578" timestamp="2019-08-09T21:46:46.710" durationms="12.572" />

<exclusive-start id="4579" timestamp="2019-08-09T21:46:46.767" intervalms="69.384">
  <response-info timems="1.310" idlems="0.750" threads="1" lastid="00000000020DAB00" lastname="Thread-49" />
</exclusive-start>
<allocation-taxation id="4580" taxation-threshold="69206016" timestamp="2019-08-09T21:46:46.767" intervalms="69.382" />
<cycle-start id="4581" type="partial gc" contextid="0" timestamp="2019-08-09T21:46:46.767" intervalms="69.424" />
<gc-start id="4582" type="partial gc" contextid="4581" timestamp="2019-08-09T21:46:46.767">
  <mem-info id="4583" free="79691776" total="247463936" percent="32">
    <mem type="eden" free="0" total="69206016" percent="0" />
    <remembered-set count="12832" freebytes="9841792" totalbytes="9893120" percent="99" regionsoverflowed="0" regionsstable="10" regionsrebuilding="0"/>
  </mem-info>
</gc-start>
<allocation-stats totalBytes="69006344" >
  <allocated-bytes non-tlh="32776" tlh="68973568" arrayletleaf="0"/>
  <largest-consumer threadName="Thread-46" threadId="0000000002112D00" bytes="8361384" />
</allocation-stats>
<gc-op id="4584" type="copy forward" timems="7.848" contextid="4581" timestamp="2019-08-09T21:46:46.776">
  <memory-copied type="eden" objects="10400" bytes="4047304" bytesdiscarded="946352" />
  <memory-copied type="other" objects="32" bytes="1152" bytesdiscarded="480" />
  <memory-cardclean objects="3084" bytes="140544" />
  <regions eden="33" other="3" />
  <remembered-set-cleared processed="5866" cleared="122" durationms="0.323" />
  <references type="weak" candidates="1" cleared="0" enqueued="0" />
  <references type="phantom" candidates="2" cleared="0" enqueued="0" />
  <stringconstants candidates="16474" cleared="0"  />
</gc-op>
<gc-op id="4585" type="classunload" timems="0.012" contextid="4581" timestamp="2019-08-09T21:46:46.776">
  <classunload-info classloadercandidates="69" classloadersunloaded="0" classesunloaded="0" anonymousclassesunloaded="0" quiescems="0.000" setupms="0.012" scanms="0.000" postms="0.000" />
</gc-op>
<heap-resize id="4586" type="expand" space="default" amount="10485760" count="1" timems="0.072" reason="excessive time being spent in gc" timestamp="2019-08-09T21:46:46.777" />
<gc-end id="4587" type="partial gc" contextid="4581" durationms="9.458" usertimems="22.761" systemtimems="4.723" timestamp="2019-08-09T21:46:46.777" activeThreads="16">
  <mem-info id="4588" free="155189248" total="257949696" percent="60">
    <mem type="eden" free="1297528" total="6291456" percent="20" />
    <remembered-set count="14688" freebytes="10253568" totalbytes="10312320" percent="99" regionsoverflowed="0" regionsstable="10" regionsrebuilding="0"/>
  </mem-info>
</gc-end>
<cycle-end id="4589" type="partial gc" contextid="4581" timestamp="2019-08-09T21:46:46.777" />
  <attribute name="elasticGC enabled" value="1" />
  <attribute name= "numThreadsSpecified" value="16" />
  <attribute name="heapSize specified" value="0" />
  <attribute name="Current GC Util" value="59" />
  <attribute name= "Current Time Running" value="219855" />
  <attribute name ="GC Interval" value="0" />
  <attribute name="Target GC Util Change" value ="80.000000" />
  <attribute name="Current GC Util Change" value="59.000000"/>
  <attribute name="Current Error" value="77.000000" />
  <attribute name="Output H" value="247539704"/>
  <attribute name="Output I" value="2096"/>
  <attribute name="Output T" value="16"/>
  <attribute name= "Current Time Running" value="219855" />
  <attribute name="GC Util currently" value="59" />
  <attribute name="CPU Util currently" value="1110749558084" />
<exclusive-end id="4590" timestamp="2019-08-09T21:46:46.777" durationms="10.488" />

<exclusive-start id="4591" timestamp="2019-08-09T21:46:46.829" intervalms="62.593">
  <response-info timems="1.171" idlems="1.164" threads="1" lastid="0000000002121D00" lastname="Thread-37" />
</exclusive-start>
<allocation-taxation id="4592" taxation-threshold="71303168" timestamp="2019-08-09T21:46:46.829" intervalms="62.604" />
<cycle-start id="4593" type="partial gc" contextid="0" timestamp="2019-08-09T21:46:46.829" intervalms="62.565" />
<gc-start id="4594" type="partial gc" contextid="4593" timestamp="2019-08-09T21:46:46.830">
  <mem-info id="4595" free="83886080" total="257949696" percent="32">
    <mem type="eden" free="0" total="71303168" percent="0" />
    <remembered-set count="14368" freebytes="10254848" totalbytes="10312320" percent="99" regionsoverflowed="0" regionsstable="10" regionsrebuilding="0"/>
  </mem-info>
</gc-start>
<allocation-stats totalBytes="71167464" >
  <allocated-bytes non-tlh="49168" tlh="71118296" arrayletleaf="0"/>
  <largest-consumer threadName="Thread-50" threadId="0000000002100200" bytes="8289312" />
</allocation-stats>
<gc-op id="4596" type="copy forward" timems="8.924" contextid="4593" timestamp="2019-08-09T21:46:46.840">
  <memory-copied type="eden" objects="8264" bytes="3293640" bytesdiscarded="835040" />
  <memory-copied type="other" objects="377" bytes="344144" bytesdiscarded="35032" />
  <memory-cardclean objects="3203" bytes="146240" />
  <regions eden="34" other="5" />
  <remembered-set-cleared processed="5840" cleared="159" durationms="0.453" />
  <references type="weak" candidates="1" cleared="0" enqueued="0" />
  <references type="phantom" candidates="3" cleared="0" enqueued="0" />
  <stringconstants candidates="16474" cleared="0"  />
</gc-op>
<gc-op id="4597" type="classunload" timems="0.011" contextid="4593" timestamp="2019-08-09T21:46:46.840">
  <classunload-info classloadercandidates="69" classloadersunloaded="0" classesunloaded="0" anonymousclassesunloaded="0" quiescems="0.000" setupms="0.011" scanms="0.000" postms="0.000" />
</gc-op>
<gc-end id="4598" type="partial gc" contextid="4593" durationms="10.269" usertimems="23.521" systemtimems="11.352" timestamp="2019-08-09T21:46:46.840" activeThreads="16">
  <mem-info id="4599" free="155189248" total="257949696" percent="60">
    <mem type="eden" free="65360" total="4194304" percent="1" />
    <remembered-set count="14144" freebytes="10255744" totalbytes="10312320" percent="99" regionsoverflowed="0" regionsstable="10" regionsrebuilding="0"/>
  </mem-info>
</gc-end>
<cycle-end id="4600" type="partial gc" contextid="4593" timestamp="2019-08-09T21:46:46.841" />
  <attribute name="elasticGC enabled" value="1" />
  <attribute name= "numThreadsSpecified" value="16" />
  <attribute name="heapSize specified" value="0" />
  <attribute name="Current GC Util" value="161" />
  <attribute name= "Current Time Running" value="219918" />
  <attribute name ="GC Interval" value="0" />
  <attribute name="Target GC Util Change" value ="80.000000" />
  <attribute name="Current GC Util Change" value="161.000000"/>
  <attribute name="Current Error" value="-81.000000" />
  <attribute name="Output H" value="258025288"/>
  <attribute name="Output I" value="1920"/>
  <attribute name="Output T" value="16"/>
  <attribute name= "Current Time Running" value="219918" />
  <attribute name="GC Util currently" value="161" />
  <attribute name="CPU Util currently" value="1352406798792" />
<exclusive-end id="4601" timestamp="2019-08-09T21:46:46.841" durationms="11.744" />

<exclusive-start id="4602" timestamp="2019-08-09T21:46:46.878" intervalms="48.958">
  <response-info timems="0.261" idlems="0.261" threads="0" lastid="000000000211E100" lastname="Thread-41" />
</exclusive-start>
<allocation-taxation id="4603" taxation-threshold="71303168" timestamp="2019-08-09T21:46:46.878" intervalms="48.950" />
<cycle-start id="4604" type="partial gc" contextid="0" timestamp="2019-08-09T21:46:46.878" intervalms="48.939" />
<gc-start id="4605" type="partial gc" contextid="4604" timestamp="2019-08-09T21:46:46.879">
  <mem-info id="4606" free="83886080" total="257949696" percent="32">
    <mem type="eden" free="0" total="71303168" percent="0" />
    <remembered-set count="13856" freebytes="10256896" totalbytes="10312320" percent="99" regionsoverflowed="0" regionsstable="10" regionsrebuilding="0"/>
  </mem-info>
</gc-start>
<allocation-stats totalBytes="71168456" >
  <allocated-bytes non-tlh="16392" tlh="71152064" arrayletleaf="0"/>
  <largest-consumer threadName="Thread-50" threadId="0000000002100200" bytes="8466664" />
</allocation-stats>
<gc-op id="4607" type="copy forward" timems="19.601" contextid="4604" timestamp="2019-08-09T21:46:46.900">
  <memory-copied type="eden" objects="8498" bytes="3453648" bytesdiscarded="466504" />
  <memory-copied type="other" objects="22" bytes="928" bytesdiscarded="560" />
  <memory-cardclean objects="3062" bytes="139280" />
  <regions eden="34" other="3" />
  <remembered-set-cleared processed="5856" cleared="112" durationms="0.292" />
  <references type="weak" candidates="1" cleared="0" enqueued="0" />
  <references type="phantom" candidates="5" cleared="0" enqueued="0" />
  <stringconstants candidates="16474" cleared="0"  />
</gc-op>
<gc-op id="4608" type="classunload" timems="0.012" contextid="4604" timestamp="2019-08-09T21:46:46.900">
  <classunload-info classloadercandidates="69" classloadersunloaded="0" classesunloaded="0" anonymousclassesunloaded="0" quiescems="0.000" setupms="0.012" scanms="0.000" postms="0.000" />
</gc-op>
<heap-resize id="4609" type="expand" space="default" amount="4194304" count="1" timems="0.058" reason="excessive time being spent in gc" timestamp="2019-08-09T21:46:46.900" />
<gc-end id="4610" type="partial gc" contextid="4604" durationms="21.632" usertimems="50.324" systemtimems="21.922" timestamp="2019-08-09T21:46:46.900" activeThreads="16">
  <mem-info id="4611" free="157286400" total="262144000" percent="60">
    <mem type="eden" free="273872" total="4194304" percent="6" />
    <remembered-set count="13536" freebytes="10425856" totalbytes="10480000" percent="99" regionsoverflowed="0" regionsstable="10" regionsrebuilding="0"/>
  </mem-info>
</gc-end>
<cycle-end id="4612" type="partial gc" contextid="4604" timestamp="2019-08-09T21:46:46.900" />
  <attribute name="elasticGC enabled" value="1" />
  <attribute name= "numThreadsSpecified" value="16" />
  <attribute name="heapSize specified" value="0" />
  <attribute name="Current GC Util" value="116" />
  <attribute name= "Current Time Running" value="219967" />
  <attribute name ="GC Interval" value="0" />
  <attribute name="Target GC Util Change" value ="80.000000" />
  <attribute name="Current GC Util Change" value="116.000000"/>
  <attribute name="Current Error" value="-93.000000" />
  <attribute name="Output H" value="258025272"/>
  <attribute name="Output I" value="1904"/>
  <attribute name="Output T" value="16"/>
  <attribute name= "Current Time Running" value="219967" />
  <attribute name="GC Util currently" value="116" />
  <attribute name="CPU Util currently" value="969618825650" />
<exclusive-end id="4613" timestamp="2019-08-09T21:46:46.900" durationms="22.123" />

<exclusive-start id="4614" timestamp="2019-08-09T21:46:46.961" intervalms="82.933">
  <response-info timems="0.357" idlems="0.148" threads="2" lastid="0000000002100200" lastname="Thread-50" />
</exclusive-start>
<allocation-taxation id="4615" taxation-threshold="73400320" timestamp="2019-08-09T21:46:46.961" intervalms="82.937" />
<cycle-start id="4616" type="partial gc" contextid="0" timestamp="2019-08-09T21:46:46.961" intervalms="82.947" />
<gc-start id="4617" type="partial gc" contextid="4616" timestamp="2019-08-09T21:46:46.962">
  <mem-info id="4618" free="83886080" total="262144000" percent="32">
    <mem type="eden" free="0" total="73400320" percent="0" />
    <remembered-set count="13408" freebytes="10426368" totalbytes="10480000" percent="99" regionsoverflowed="0" regionsstable="10" regionsrebuilding="0"/>
  </mem-info>
</gc-start>
<allocation-stats totalBytes="73351648" >
  <allocated-bytes non-tlh="98336" tlh="73253312" arrayletleaf="0"/>
  <largest-consumer threadName="Thread-50" threadId="0000000002100200" bytes="7514784" />
</allocation-stats>
<gc-op id="4619" type="copy forward" timems="12.886" contextid="4616" timestamp="2019-08-09T21:46:46.976">
  <memory-copied type="eden" objects="8947" bytes="3581464" bytesdiscarded="718696" />
  <memory-copied type="other" objects="486" bytes="244616" bytesdiscarded="14568" />
  <memory-cardclean objects="3096" bytes="140728" />
  <regions eden="35" other="4" />
  <remembered-set-cleared processed="5863" cleared="128" durationms="0.630" />
  <stringconstants candidates="16474" cleared="0"  />
</gc-op>
<gc-op id="4620" type="classunload" timems="0.013" contextid="4616" timestamp="2019-08-09T21:46:46.976">
  <classunload-info classloadercandidates="69" classloadersunloaded="0" classesunloaded="0" anonymousclassesunloaded="0" quiescems="0.000" setupms="0.012" scanms="0.000" postms="0.000" />
</gc-op>
<heap-resize id="4621" type="expand" space="default" amount="10485760" count="1" timems="0.067" reason="excessive time being spent in gc" timestamp="2019-08-09T21:46:46.976" />
<gc-end id="4622" type="partial gc" contextid="4616" durationms="14.847" usertimems="39.526" systemtimems="13.429" timestamp="2019-08-09T21:46:46.976" activeThreads="16">
  <mem-info id="4623" free="163577856" total="272629760" percent="60">
    <mem type="eden" free="1991056" total="6291456" percent="31" />
    <remembered-set count="14464" freebytes="10841344" totalbytes="10899200" percent="99" regionsoverflowed="0" regionsstable="10" regionsrebuilding="0"/>
  </mem-info>
</gc-end>
<cycle-end id="4624" type="partial gc" contextid="4616" timestamp="2019-08-09T21:46:46.976" />
  <attribute name="elasticGC enabled" value="1" />
  <attribute name= "numThreadsSpecified" value="16" />
  <attribute name="heapSize specified" value="0" />
  <attribute name="Current GC Util" value="113" />
  <attribute name= "Current Time Running" value="220050" />
  <attribute name ="GC Interval" value="0" />
  <attribute name="Target GC Util Change" value ="80.000000" />
  <attribute name="Current GC Util Change" value="113.000000"/>
  <attribute name="Current Error" value="-106.000000" />
  <attribute name="Output H" value="262219560"/>
  <attribute name="Output I" value="1888"/>
  <attribute name="Output T" value="16"/>
  <attribute name= "Current Time Running" value="220050" />
  <attribute name="GC Util currently" value="113" />
  <attribute name="CPU Util currently" value="1116573566539" />
<exclusive-end id="4625" timestamp="2019-08-09T21:46:46.977" durationms="15.385" />

<exclusive-start id="4626" timestamp="2019-08-09T21:46:47.019" intervalms="57.670">
  <response-info timems="0.378" idlems="0.191" threads="3" lastid="00000000020DAB00" lastname="Thread-49" />
</exclusive-start>
<allocation-taxation id="4627" taxation-threshold="75497472" timestamp="2019-08-09T21:46:47.019" intervalms="57.663" />
<cycle-start id="4628" type="partial gc" contextid="0" timestamp="2019-08-09T21:46:47.019" intervalms="57.646" />
<gc-start id="4629" type="partial gc" contextid="4628" timestamp="2019-08-09T21:46:47.019">
  <mem-info id="4630" free="88080384" total="272629760" percent="32">
    <mem type="eden" free="0" total="75497472" percent="0" />
    <remembered-set count="14368" freebytes="10841728" totalbytes="10899200" percent="99" regionsoverflowed="0" regionsstable="10" regionsrebuilding="0"/>
  </mem-info>
</gc-start>
<allocation-stats totalBytes="75289632" >
  <allocated-bytes non-tlh="114720" tlh="75174912" arrayletleaf="0"/>
  <largest-consumer threadName="Thread-51" threadId="0000000002134100" bytes="8855960" />
</allocation-stats>
<gc-op id="4631" type="copy forward" timems="14.208" contextid="4628" timestamp="2019-08-09T21:46:47.034">
  <memory-copied type="eden" objects="8458" bytes="3430152" bytesdiscarded="584312" />
  <memory-copied type="other" objects="536" bytes="353352" bytesdiscarded="40872" />
  <memory-cardclean objects="3170" bytes="161320" />
  <regions eden="36" other="6" />
  <remembered-set-cleared processed="5841" cleared="138" durationms="0.139" />
  <references type="phantom" candidates="4" cleared="0" enqueued="0" />
  <stringconstants candidates="16474" cleared="0"  />
</gc-op>
<gc-op id="4632" type="classunload" timems="0.016" contextid="4628" timestamp="2019-08-09T21:46:47.035">
  <classunload-info classloadercandidates="69" classloadersunloaded="0" classesunloaded="0" anonymousclassesunloaded="0" quiescems="0.000" setupms="0.015" scanms="0.000" postms="0.000" />
</gc-op>
<gc-end id="4633" type="partial gc" contextid="4628" durationms="15.494" usertimems="26.207" systemtimems="20.737" timestamp="2019-08-09T21:46:47.035" activeThreads="16">
  <mem-info id="4634" free="163577856" total="272629760" percent="60">
    <mem type="eden" free="179560" total="4194304" percent="4" />
    <remembered-set count="13216" freebytes="10846336" totalbytes="10899200" percent="99" regionsoverflowed="0" regionsstable="10" regionsrebuilding="0"/>
  </mem-info>
</gc-end>
<cycle-end id="4635" type="partial gc" contextid="4628" timestamp="2019-08-09T21:46:47.035" />
  <attribute name="elasticGC enabled" value="1" />
  <attribute name= "numThreadsSpecified" value="16" />
  <attribute name="heapSize specified" value="0" />
  <attribute name="Current GC Util" value="172" />
  <attribute name= "Current Time Running" value="220107" />
  <attribute name ="GC Interval" value="0" />
  <attribute name="Target GC Util Change" value ="80.000000" />
  <attribute name="Current GC Util Change" value="172.000000"/>
  <attribute name="Current Error" value="-92.000000" />
  <attribute name="Output H" value="272705336"/>
  <attribute name="Output I" value="1904"/>
  <attribute name="Output T" value="16"/>
  <attribute name= "Current Time Running" value="220107" />
  <attribute name="GC Util currently" value="172" />
  <attribute name="CPU Util currently" value="1593718393872" />
<exclusive-end id="4636" timestamp="2019-08-09T21:46:47.035" durationms="16.302" />

<exclusive-start id="4637" timestamp="2019-08-09T21:46:47.086" intervalms="66.668">
  <response-info timems="0.840" idlems="0.579" threads="2" lastid="00000000020ED600" lastname="Thread-43" />
</exclusive-start>
<allocation-taxation id="4638" taxation-threshold="75497472" timestamp="2019-08-09T21:46:47.086" intervalms="66.675" />
<cycle-start id="4639" type="partial gc" contextid="0" timestamp="2019-08-09T21:46:47.086" intervalms="66.681" />
<gc-start id="4640" type="partial gc" contextid="4639" timestamp="2019-08-09T21:46:47.086">
  <mem-info id="4641" free="88080384" total="272629760" percent="32">
    <mem type="eden" free="0" total="75497472" percent="0" />
    <remembered-set count="12928" freebytes="10847488" totalbytes="10899200" percent="99" regionsoverflowed="0" regionsstable="10" regionsrebuilding="0"/>
  </mem-info>
</gc-start>
<allocation-stats totalBytes="75378976" >
  <allocated-bytes non-tlh="98336" tlh="75280640" arrayletleaf="0"/>
  <largest-consumer threadName="Thread-46" threadId="0000000002112D00" bytes="7017408" />
</allocation-stats>
<gc-op id="4642" type="copy forward" timems="9.960" contextid="4639" timestamp="2019-08-09T21:46:47.097">
  <memory-copied type="eden" objects="9549" bytes="3840408" bytesdiscarded="483824" />
  <memory-copied type="other" objects="19" bytes="912" bytesdiscarded="624" />
  <memory-cardclean objects="3103" bytes="140936" />
  <regions eden="36" other="3" />
  <remembered-set-cleared processed="5857" cleared="114" durationms="0.396" />
  <references type="phantom" candidates="1" cleared="0" enqueued="0" />
  <stringconstants candidates="16474" cleared="0"  />
</gc-op>
<gc-op id="4643" type="classunload" timems="0.011" contextid="4639" timestamp="2019-08-09T21:46:47.097">
  <classunload-info classloadercandidates="69" classloadersunloaded="0" classesunloaded="0" anonymousclassesunloaded="0" quiescems="0.000" setupms="0.011" scanms="0.000" postms="0.000" />
</gc-op>
<heap-resize id="4644" type="expand" space="default" amount="10485760" count="1" timems="0.066" reason="excessive time being spent in gc" timestamp="2019-08-09T21:46:47.097" />
<gc-end id="4645" type="partial gc" contextid="4639" durationms="11.373" usertimems="33.292" systemtimems="1.329" timestamp="2019-08-09T21:46:47.098" activeThreads="16">
  <mem-info id="4646" free="169869312" total="283115520" percent="60">
    <mem type="eden" free="1966960" total="6291456" percent="31" />
    <remembered-set count="16032" freebytes="11254272" totalbytes="11318400" percent="99" regionsoverflowed="0" regionsstable="10" regionsrebuilding="0"/>
  </mem-info>
</gc-end>
<cycle-end id="4647" type="partial gc" contextid="4639" timestamp="2019-08-09T21:46:47.098" />
  <attribute name="elasticGC enabled" value="1" />
  <attribute name= "numThreadsSpecified" value="16" />
  <attribute name="heapSize specified" value="0" />
  <attribute name="Current GC Util" value="172" />
  <attribute name= "Current Time Running" value="220174" />
  <attribute name ="GC Interval" value="0" />
  <attribute name="Target GC Util Change" value ="80.000000" />
  <attribute name="Current GC Util Change" value="172.000000"/>
  <attribute name="Current Error" value="-158.000000" />
  <attribute name="Output H" value="272705264"/>
  <attribute name="Output I" value="1832"/>
  <attribute name="Output T" value="16"/>
  <attribute name= "Current Time Running" value="220174" />
  <attribute name="GC Util currently" value="172" />
  <attribute name="CPU Util currently" value="1419055267477" />
<exclusive-end id="4648" timestamp="2019-08-09T21:46:47.098" durationms="12.217" />

<exclusive-start id="4649" timestamp="2019-08-09T21:46:47.153" intervalms="67.448">
  <response-info timems="2.486" idlems="1.258" threads="1" lastid="0000000002129500" lastname="Thread-42" />
</exclusive-start>
<allocation-taxation id="4650" taxation-threshold="77594624" timestamp="2019-08-09T21:46:47.153" intervalms="67.525" />
<cycle-start id="4651" type="partial gc" contextid="0" timestamp="2019-08-09T21:46:47.153" intervalms="67.566" />
<gc-start id="4652" type="partial gc" contextid="4651" timestamp="2019-08-09T21:46:47.154">
  <mem-info id="4653" free="92274688" total="283115520" percent="32">
    <mem type="eden" free="0" total="77594624" percent="0" />
    <remembered-set count="15648" freebytes="11255808" totalbytes="11318400" percent="99" regionsoverflowed="0" regionsstable="10" regionsrebuilding="0"/>
  </mem-info>
</gc-start>
<allocation-stats totalBytes="77450536" >
  <allocated-bytes non-tlh="65560" tlh="77384976" arrayletleaf="0"/>
  <largest-consumer threadName="Thread-39" threadId="0000000002103E00" bytes="8549384" />
</allocation-stats>
<gc-op id="4654" type="copy forward" timems="8.618" contextid="4651" timestamp="2019-08-09T21:46:47.163">
  <memory-copied type="eden" objects="9897" bytes="3986168" bytesdiscarded="745192" />
  <memory-copied type="other" objects="284" bytes="152368" bytesdiscarded="17152" />
  <memory-cardclean objects="3104" bytes="141568" />
  <regions eden="37" other="5" />
  <remembered-set-cleared processed="5845" cleared="141" durationms="0.610" />
  <references type="phantom" candidates="3" cleared="0" enqueued="0" />
  <stringconstants candidates="16474" cleared="0"  />
</gc-op>
<gc-op id="4655" type="classunload" timems="0.013" contextid="4651" timestamp="2019-08-09T21:46:47.163">
  <classunload-info classloadercandidates="69" classloadersunloaded="0" classesunloaded="0" anonymousclassesunloaded="0" quiescems="0.000" setupms="0.012" scanms="0.000" postms="0.000" />
</gc-op>
<heap-resize id="4656" type="expand" space="default" amount="6291456" count="1" timems="0.063" reason="excessive time being spent in gc" timestamp="2019-08-09T21:46:47.163" />
<gc-end id="4657" type="partial gc" contextid="4651" durationms="9.911" usertimems="33.703" systemtimems="1.976" timestamp="2019-08-09T21:46:47.163" activeThreads="16">
  <mem-info id="4658" free="174063616" total="289406976" percent="60">
    <mem type="eden" free="1559816" total="6291456" percent="24" />
    <remembered-set count="14656" freebytes="11511296" totalbytes="11569920" percent="99" regionsoverflowed="0" regionsstable="10" regionsrebuilding="0"/>
  </mem-info>
</gc-end>
<cycle-end id="4659" type="partial gc" contextid="4651" timestamp="2019-08-09T21:46:47.164" />
  <attribute name="elasticGC enabled" value="1" />
  <attribute name= "numThreadsSpecified" value="16" />
  <attribute name="heapSize specified" value="0" />
  <attribute name="Current GC Util" value="106" />
  <attribute name= "Current Time Running" value="220241" />
  <attribute name ="GC Interval" value="0" />
  <attribute name="Target GC Util Change" value ="80.000000" />
  <attribute name="Current GC Util Change" value="106.000000"/>
  <attribute name="Current Error" value="-142.000000" />
  <attribute name="Output H" value="283191040"/>
  <attribute name="Output I" value="1848"/>
  <attribute name="Output T" value="16"/>
  <attribute name= "Current Time Running" value="220241" />
  <attribute name="GC Util currently" value="106" />
  <attribute name="CPU Util currently" value="1693895807704" />
<exclusive-end id="4660" timestamp="2019-08-09T21:46:47.164" durationms="10.821" />

<exclusive-start id="4661" timestamp="2019-08-09T21:46:47.258" intervalms="105.039">
  <response-info timems="0.778" idlems="0.332" threads="2" lastid="0000000002100200" lastname="Thread-50" />
</exclusive-start>
<allocation-taxation id="4662" taxation-threshold="79691776" timestamp="2019-08-09T21:46:47.258" intervalms="104.967" />
<cycle-start id="4663" type="partial gc" contextid="0" timestamp="2019-08-09T21:46:47.258" intervalms="104.944" />
<gc-start id="4664" type="partial gc" contextid="4663" timestamp="2019-08-09T21:46:47.258">
  <mem-info id="4665" free="94371840" total="289406976" percent="32">
    <mem type="eden" free="0" total="79691776" percent="0" />
    <remembered-set count="14240" freebytes="11512960" totalbytes="11569920" percent="99" regionsoverflowed="0" regionsstable="10" regionsrebuilding="0"/>
  </mem-info>
</gc-start>
<allocation-stats totalBytes="79592984" >
  <allocated-bytes non-tlh="73760" tlh="79519224" arrayletleaf="0"/>
  <largest-consumer threadName="Thread-39" threadId="0000000002103E00" bytes="9056080" />
</allocation-stats>
<gc-op id="4666" type="copy forward" timems="13.772" contextid="4663" timestamp="2019-08-09T21:46:47.273">
  <memory-copied type="eden" objects="11116" bytes="4332264" bytesdiscarded="706200" />
  <memory-copied type="other" objects="12" bytes="432" bytesdiscarded="0" />
  <memory-cardclean objects="3106" bytes="141512" />
  <regions eden="38" other="4" />
  <remembered-set-cleared processed="5849" cleared="112" durationms="0.207" />
  <references type="phantom" candidates="1" cleared="0" enqueued="0" />
  <stringconstants candidates="16474" cleared="0"  />
</gc-op>
<gc-op id="4667" type="classunload" timems="0.012" contextid="4663" timestamp="2019-08-09T21:46:47.273">
  <classunload-info classloadercandidates="69" classloadersunloaded="0" classesunloaded="0" anonymousclassesunloaded="0" quiescems="0.000" setupms="0.011" scanms="0.000" postms="0.000" />
</gc-op>
<heap-resize id="4668" type="expand" space="default" amount="4194304" count="1" timems="0.055" reason="excessive time being spent in gc" timestamp="2019-08-09T21:46:47.273" />
<gc-end id="4669" type="partial gc" contextid="4663" durationms="15.074" usertimems="23.970" systemtimems="17.909" timestamp="2019-08-09T21:46:47.273" activeThreads="16">
  <mem-info id="4670" free="176160768" total="293601280" percent="60">
    <mem type="eden" free="1252728" total="6291456" percent="19" />
    <remembered-set count="16512" freebytes="11671552" totalbytes="11737600" percent="99" regionsoverflowed="0" regionsstable="10" regionsrebuilding="0"/>
  </mem-info>
</gc-end>
<cycle-end id="4671" type="partial gc" contextid="4663" timestamp="2019-08-09T21:46:47.274" />
  <attribute name="elasticGC enabled" value="1" />
  <attribute name= "numThreadsSpecified" value="16" />
  <attribute name="heapSize specified" value="0" />
  <attribute name="Current GC Util" value="123" />
  <attribute name= "Current Time Running" value="220346" />
  <attribute name ="GC Interval" value="0" />
  <attribute name="Target GC Util Change" value ="80.000000" />
  <attribute name="Current GC Util Change" value="123.000000"/>
  <attribute name="Current Error" value="-43.000000" />
  <attribute name="Output H" value="289482608"/>
  <attribute name="Output I" value="1960"/>
  <attribute name="Output T" value="16"/>
  <attribute name= "Current Time Running" value="220346" />
  <attribute name="GC Util currently" value="123" />
  <attribute name="CPU Util currently" value="1579363834686" />
<exclusive-end id="4672" timestamp="2019-08-09T21:46:47.274" durationms="15.759" />

<exclusive-start id="4673" timestamp="2019-08-09T21:46:47.319" intervalms="61.466">
  <response-info timems="1.878" idlems="1.878" threads="0" lastid="0000000002121D00" lastname="Thread-37" />
</exclusive-start>
<allocation-taxation id="4674" taxation-threshold="79691776" timestamp="2019-08-09T21:46:47.320" intervalms="61.466" />
<cycle-start id="4675" type="partial gc" contextid="0" timestamp="2019-08-09T21:46:47.320" intervalms="61.451" />
<gc-start id="4676" type="partial gc" contextid="4675" timestamp="2019-08-09T21:46:47.320">
  <mem-info id="4677" free="96468992" total="293601280" percent="32">
    <mem type="eden" free="0" total="79691776" percent="0" />
    <remembered-set count="16096" freebytes="11673216" totalbytes="11737600" percent="99" regionsoverflowed="0" regionsstable="10" regionsrebuilding="0"/>
  </mem-info>
</gc-start>
<allocation-stats totalBytes="79483952" >
  <allocated-bytes non-tlh="32776" tlh="79451176" arrayletleaf="0"/>
  <largest-consumer threadName="Thread-48" threadId="00000000020FC600" bytes="10436128" />
</allocation-stats>
<gc-op id="4678" type="copy forward" timems="14.096" contextid="4675" timestamp="2019-08-09T21:46:47.336">
  <memory-copied type="eden" objects="9464" bytes="3750016" bytesdiscarded="730504" />
  <memory-copied type="other" objects="355" bytes="340296" bytesdiscarded="33824" />
  <memory-cardclean objects="3175" bytes="144952" />
  <regions eden="38" other="5" />
  <remembered-set-cleared processed="5827" cleared="153" durationms="0.147" />
  <references type="phantom" candidates="1" cleared="0" enqueued="0" />
  <stringconstants candidates="16474" cleared="0"  />
</gc-op>
<gc-op id="4679" type="classunload" timems="0.016" contextid="4675" timestamp="2019-08-09T21:46:47.336">
  <classunload-info classloadercandidates="69" classloadersunloaded="0" classesunloaded="0" anonymousclassesunloaded="0" quiescems="0.000" setupms="0.016" scanms="0.000" postms="0.000" />
</gc-op>
<heap-resize id="4680" type="expand" space="default" amount="6291456" count="1" timems="0.069" reason="excessive time being spent in gc" timestamp="2019-08-09T21:46:47.336" />
<gc-end id="4681" type="partial gc" contextid="4675" durationms="16.023" usertimems="28.726" systemtimems="13.237" timestamp="2019-08-09T21:46:47.336" activeThreads="16">
  <mem-info id="4682" free="180355072" total="299892736" percent="60">
    <mem type="eden" free="1810664" total="6291456" percent="28" />
    <remembered-set count="15680" freebytes="11926400" totalbytes="11989120" percent="99" regionsoverflowed="0" regionsstable="10" regionsrebuilding="0"/>
  </mem-info>
</gc-end>
<cycle-end id="4683" type="partial gc" contextid="4675" timestamp="2019-08-09T21:46:47.336" />
  <attribute name="elasticGC enabled" value="1" />
  <attribute name= "numThreadsSpecified" value="16" />
  <attribute name="heapSize specified" value="0" />
  <attribute name="Current GC Util" value="59" />
  <attribute name= "Current Time Running" value="220408" />
  <attribute name ="GC Interval" value="0" />
  <attribute name="Target GC Util Change" value ="80.000000" />
  <attribute name="Current GC Util Change" value="59.000000"/>
  <attribute name="Current Error" value="3.000000" />
  <attribute name="Output H" value="293676968"/>
  <attribute name="Output I" value="2016"/>
  <attribute name="Output T" value="16"/>
  <attribute name= "Current Time Running" value="220408" />
  <attribute name="GC Util currently" value="59" />
  <attribute name="CPU Util currently" value="1122441486272" />
<exclusive-end id="4684" timestamp="2019-08-09T21:46:47.336" durationms="16.980" />

<exclusive-start id="4685" timestamp="2019-08-09T21:46:47.395" intervalms="75.252">
  <response-info timems="0.234" idlems="0.234" threads="0" lastid="0000000002116900" lastname="Thread-45" />
</exclusive-start>
<allocation-taxation id="4686" taxation-threshold="81788928" timestamp="2019-08-09T21:46:47.395" intervalms="75.315" />
<cycle-start id="4687" type="partial gc" contextid="0" timestamp="2019-08-09T21:46:47.395" intervalms="75.327" />
<gc-start id="4688" type="partial gc" contextid="4687" timestamp="2019-08-09T21:46:47.395">
  <mem-info id="4689" free="98566144" total="299892736" percent="32">
    <mem type="eden" free="0" total="81788928" percent="0" />
    <remembered-set count="15296" freebytes="11927936" totalbytes="11989120" percent="99" regionsoverflowed="0" regionsstable="10" regionsrebuilding="0"/>
  </mem-info>
</gc-start>
<allocation-stats totalBytes="81617704" >
  <allocated-bytes non-tlh="16392" tlh="81601312" arrayletleaf="0"/>
  <largest-consumer threadName="Thread-37" threadId="0000000002121D00" bytes="8567232" />
</allocation-stats>
<gc-op id="4690" type="copy forward" timems="8.005" contextid="4687" timestamp="2019-08-09T21:46:47.404">
  <memory-copied type="eden" objects="9295" bytes="3767400" bytesdiscarded="589976" />
  <memory-copied type="other" objects="28" bytes="1288" bytesdiscarded="624" />
  <memory-cardclean objects="3090" bytes="140312" />
  <regions eden="39" other="4" />
  <remembered-set-cleared processed="5857" cleared="119" durationms="0.156" />
  <references type="phantom" candidates="4" cleared="0" enqueued="0" />
  <stringconstants candidates="16474" cleared="0"  />
</gc-op>
<gc-op id="4691" type="classunload" timems="0.014" contextid="4687" timestamp="2019-08-09T21:46:47.404">
  <classunload-info classloadercandidates="69" classloadersunloaded="0" classesunloaded="0" anonymousclassesunloaded="0" quiescems="0.000" setupms="0.014" scanms="0.000" postms="0.000" />
</gc-op>
<heap-resize id="4692" type="expand" space="default" amount="4194304" count="1" timems="0.066" reason="excessive time being spent in gc" timestamp="2019-08-09T21:46:47.405" />
<gc-end id="4693" type="partial gc" contextid="4687" durationms="9.432" usertimems="18.652" systemtimems="10.135" timestamp="2019-08-09T21:46:47.405" activeThreads="16">
  <mem-info id="4694" free="182452224" total="304087040" percent="60">
    <mem type="eden" free="1933800" total="6291456" percent="30" />
    <remembered-set count="14624" freebytes="12098304" totalbytes="12156800" percent="99" regionsoverflowed="0" regionsstable="10" regionsrebuilding="0"/>
  </mem-info>
</gc-end>
<cycle-end id="4695" type="partial gc" contextid="4687" timestamp="2019-08-09T21:46:47.405" />
  <attribute name="elasticGC enabled" value="1" />
  <attribute name= "numThreadsSpecified" value="16" />
  <attribute name="heapSize specified" value="0" />
  <attribute name="Current GC Util" value="100" />
  <attribute name= "Current Time Running" value="220483" />
  <attribute name ="GC Interval" value="0" />
  <attribute name="Target GC Util Change" value ="80.000000" />
  <attribute name="Current GC Util Change" value="100.000000"/>
  <attribute name="Current Error" value="22.000000" />
  <attribute name="Output H" value="299968448"/>
  <attribute name="Output I" value="2040"/>
  <attribute name="Output T" value="16"/>
  <attribute name= "Current Time Running" value="220483" />
  <attribute name="GC Util currently" value="100" />
  <attribute name="CPU Util currently" value="1607484143237" />
<exclusive-end id="4696" timestamp="2019-08-09T21:46:47.405" durationms="10.271" />

<exclusive-start id="4697" timestamp="2019-08-09T21:46:47.485" intervalms="90.109">
  <response-info timems="1.772" idlems="1.772" threads="0" lastid="00000000020FC600" lastname="Thread-48" />
</exclusive-start>
<allocation-taxation id="4698" taxation-threshold="83886080" timestamp="2019-08-09T21:46:47.485" intervalms="90.067" />
<cycle-start id="4699" type="partial gc" contextid="0" timestamp="2019-08-09T21:46:47.485" intervalms="90.099" />
<gc-start id="4700" type="partial gc" contextid="4699" timestamp="2019-08-09T21:46:47.485">
  <mem-info id="4701" free="98566144" total="304087040" percent="32">
    <mem type="eden" free="0" total="83886080" percent="0" />
    <remembered-set count="14240" freebytes="12099840" totalbytes="12156800" percent="99" regionsoverflowed="0" regionsstable="10" regionsrebuilding="0"/>
  </mem-info>
</gc-start>
<allocation-stats totalBytes="83701832" >
  <allocated-bytes non-tlh="32784" tlh="83669048" arrayletleaf="0"/>
  <largest-consumer threadName="Thread-48" threadId="00000000020FC600" bytes="9194560" />
</allocation-stats>
<gc-op id="4702" type="copy forward" timems="8.575" contextid="4699" timestamp="2019-08-09T21:46:47.495">
  <memory-copied type="eden" objects="10258" bytes="4056040" bytesdiscarded="918560" />
  <memory-copied type="other" objects="398" bytes="152344" bytesdiscarded="8904" />
  <memory-cardclean objects="3183" bytes="164776" />
  <regions eden="40" other="5" />
  <remembered-set-cleared processed="5814" cleared="140" durationms="0.183" />
  <stringconstants candidates="16474" cleared="0"  />
</gc-op>
<gc-op id="4703" type="classunload" timems="0.015" contextid="4699" timestamp="2019-08-09T21:46:47.495">
  <classunload-info classloadercandidates="69" classloadersunloaded="0" classesunloaded="0" anonymousclassesunloaded="0" quiescems="0.000" setupms="0.015" scanms="0.000" postms="0.000" />
</gc-op>
<heap-resize id="4704" type="expand" space="default" amount="6291456" count="1" timems="0.069" reason="excessive time being spent in gc" timestamp="2019-08-09T21:46:47.496" />
<gc-end id="4705" type="partial gc" contextid="4699" durationms="10.288" usertimems="18.611" systemtimems="11.929" timestamp="2019-08-09T21:46:47.496" activeThreads="16">
  <mem-info id="4706" free="186646528" total="310378496" percent="60">
    <mem type="eden" free="1316600" total="6291456" percent="20" />
    <remembered-set count="13664" freebytes="12353664" totalbytes="12408320" percent="99" regionsoverflowed="0" regionsstable="10" regionsrebuilding="0"/>
  </mem-info>
</gc-end>
<cycle-end id="4707" type="partial gc" contextid="4699" timestamp="2019-08-09T21:46:47.496" />
  <attribute name="elasticGC enabled" value="1" />
  <attribute name= "numThreadsSpecified" value="16" />
  <attribute name="heapSize specified" value="0" />
  <attribute name="Current GC Util" value="84" />
  <attribute name= "Current Time Running" value="220573" />
  <attribute name ="GC Interval" value="0" />
  <attribute name="Target GC Util Change" value ="80.000000" />
  <attribute name="Current GC Util Change" value="84.000000"/>
  <attribute name="Current Error" value="-4.000000" />
  <attribute name="Output H" value="304162720"/>
  <attribute name="Output I" value="2008"/>
  <attribute name="Output T" value="16"/>
  <attribute name= "Current Time Running" value="220573" />
  <attribute name="GC Util currently" value="84" />
  <attribute name="CPU Util currently" value="1154209482261" />
<exclusive-end id="4708" timestamp="2019-08-09T21:46:47.496" durationms="11.232" />

<exclusive-start id="4709" timestamp="2019-08-09T21:46:47.550" intervalms="65.504">
  <response-info timems="1.655" idlems="1.220" threads="3" lastid="00000000020DAB00" lastname="Thread-49" />
</exclusive-start>
<allocation-taxation id="4710" taxation-threshold="83886080" timestamp="2019-08-09T21:46:47.550" intervalms="65.554" />
<cycle-start id="4711" type="partial gc" contextid="0" timestamp="2019-08-09T21:46:47.551" intervalms="65.949" />
<gc-start id="4712" type="partial gc" contextid="4711" timestamp="2019-08-09T21:46:47.551">
  <mem-info id="4713" free="102760448" total="310378496" percent="33">
    <mem type="eden" free="0" total="83886080" percent="0" />
    <remembered-set count="13280" freebytes="12355200" totalbytes="12408320" percent="99" regionsoverflowed="0" regionsstable="10" regionsrebuilding="0"/>
  </mem-info>
</gc-start>
<allocation-stats totalBytes="83638680" >
  <allocated-bytes non-tlh="131128" tlh="83507552" arrayletleaf="0"/>
  <largest-consumer threadName="Thread-43" threadId="00000000020ED600" bytes="9280616" />
</allocation-stats>
<gc-op id="4714" type="copy forward" timems="10.174" contextid="4711" timestamp="2019-08-09T21:46:47.563">
  <memory-copied type="eden" objects="9448" bytes="3875216" bytesdiscarded="698056" />
  <memory-copied type="other" objects="31" bytes="1912" bytesdiscarded="0" />
  <memory-cardclean objects="3095" bytes="140840" />
  <regions eden="40" other="4" />
  <remembered-set-cleared processed="5830" cleared="107" durationms="0.402" />
  <references type="weak" candidates="1" cleared="0" enqueued="0" />
  <references type="phantom" candidates="6" cleared="0" enqueued="0" />
  <stringconstants candidates="16474" cleared="0"  />
</gc-op>
<gc-op id="4715" type="classunload" timems="0.036" contextid="4711" timestamp="2019-08-09T21:46:47.563">
  <classunload-info classloadercandidates="69" classloadersunloaded="0" classesunloaded="0" anonymousclassesunloaded="0" quiescems="0.000" setupms="0.035" scanms="0.000" postms="0.000" />
</gc-op>
<heap-resize id="4716" type="expand" space="default" amount="4194304" count="1" timems="0.057" reason="excessive time being spent in gc" timestamp="2019-08-09T21:46:47.563" />
<gc-end id="4717" type="partial gc" contextid="4711" durationms="12.266" usertimems="32.060" systemtimems="0.246" timestamp="2019-08-09T21:46:47.563" activeThreads="16">
  <mem-info id="4718" free="188743680" total="314572800" percent="60">
    <mem type="eden" free="1717888" total="6291456" percent="27" />
    <remembered-set count="13472" freebytes="12522112" totalbytes="12576000" percent="99" regionsoverflowed="0" regionsstable="10" regionsrebuilding="0"/>
  </mem-info>
</gc-end>
<cycle-end id="4719" type="partial gc" contextid="4711" timestamp="2019-08-09T21:46:47.564" />
  <attribute name="elasticGC enabled" value="1" />
  <attribute name= "numThreadsSpecified" value="16" />
  <attribute name="heapSize specified" value="0" />
  <attribute name="Current GC Util" value="49" />
  <attribute name= "Current Time Running" value="220639" />
  <attribute name ="GC Interval" value="0" />
  <attribute name="Target GC Util Change" value ="80.000000" />
  <attribute name="Current GC Util Change" value="49.000000"/>
  <attribute name="Current Error" value="69.000000" />
  <attribute name="Output H" value="310454256"/>
  <attribute name="Output I" value="2088"/>
  <attribute name="Output T" value="16"/>
  <attribute name= "Current Time Running" value="220639" />
  <attribute name="GC Util currently" value="49" />
  <attribute name="CPU Util currently" value="781759277884" />
<exclusive-end id="4720" timestamp="2019-08-09T21:46:47.564" durationms="13.605" />

<exclusive-start id="4721" timestamp="2019-08-09T21:46:47.613" intervalms="62.321">
  <response-info timems="0.234" idlems="0.234" threads="0" lastid="00000000020FC600" lastname="Thread-48" />
</exclusive-start>
<allocation-taxation id="4722" taxation-threshold="85983232" timestamp="2019-08-09T21:46:47.613" intervalms="62.253" />
<cycle-start id="4723" type="partial gc" contextid="0" timestamp="2019-08-09T21:46:47.613" intervalms="61.835" />
<gc-start id="4724" type="partial gc" contextid="4723" timestamp="2019-08-09T21:46:47.613">
  <mem-info id="4725" free="102760448" total="314572800" percent="32">
    <mem type="eden" free="0" total="85983232" percent="0" />
    <remembered-set count="13024" freebytes="12523904" totalbytes="12576000" percent="99" regionsoverflowed="0" regionsstable="10" regionsrebuilding="0"/>
  </mem-info>
</gc-start>
<allocation-stats totalBytes="85817392" >
  <allocated-bytes non-tlh="81944" tlh="85735448" arrayletleaf="0"/>
  <largest-consumer threadName="Thread-38" threadId="0000000002125900" bytes="10685504" />
</allocation-stats>
<gc-op id="4726" type="copy forward" timems="15.913" contextid="4723" timestamp="2019-08-09T21:46:47.630">
  <memory-copied type="eden" objects="10408" bytes="4111096" bytesdiscarded="664464" />
  <memory-copied type="other" objects="29" bytes="2144" bytesdiscarded="1288" />
  <memory-cardclean objects="3096" bytes="140760" />
  <regions eden="41" other="4" />
  <remembered-set-cleared processed="5848" cleared="126" durationms="0.356" />
  <references type="phantom" candidates="3" cleared="0" enqueued="0" />
  <stringconstants candidates="16474" cleared="0"  />
</gc-op>
<gc-op id="4727" type="classunload" timems="0.011" contextid="4723" timestamp="2019-08-09T21:46:47.630">
  <classunload-info classloadercandidates="69" classloadersunloaded="0" classesunloaded="0" anonymousclassesunloaded="0" quiescems="0.000" setupms="0.011" scanms="0.000" postms="0.000" />
</gc-op>
<heap-resize id="4728" type="expand" space="default" amount="6291456" count="1" timems="0.073" reason="excessive time being spent in gc" timestamp="2019-08-09T21:46:47.630" />
<gc-end id="4729" type="partial gc" contextid="4723" durationms="17.348" usertimems="30.848" systemtimems="14.310" timestamp="2019-08-09T21:46:47.630" activeThreads="16">
  <mem-info id="4730" free="192937984" total="320864256" percent="60">
    <mem type="eden" free="1515616" total="6291456" percent="24" />
    <remembered-set count="13472" freebytes="12773632" totalbytes="12827520" percent="99" regionsoverflowed="0" regionsstable="10" regionsrebuilding="0"/>
  </mem-info>
</gc-end>
<cycle-end id="4731" type="partial gc" contextid="4723" timestamp="2019-08-09T21:46:47.631" />
  <attribute name="elasticGC enabled" value="1" />
  <attribute name= "numThreadsSpecified" value="16" />
  <attribute name="heapSize specified" value="0" />
  <attribute name="Current GC Util" value="105" />
  <attribute name= "Current Time Running" value="220701" />
  <attribute name ="GC Interval" value="0" />
  <attribute name="Target GC Util Change" value ="80.000000" />
  <attribute name="Current GC Util Change" value="105.000000"/>
  <attribute name="Current Error" value="82.000000" />
  <attribute name="Output H" value="314648576"/>
  <attribute name="Output I" value="2104"/>
  <attribute name="Output T" value="16"/>
  <attribute name= "Current Time Running" value="220701" />
  <attribute name="GC Util currently" value="105" />
  <attribute name="CPU Util currently" value="1415483702601" />
<exclusive-end id="4732" timestamp="2019-08-09T21:46:47.631" durationms="18.349" />

<exclusive-start id="4733" timestamp="2019-08-09T21:46:47.689" intervalms="76.648">
  <response-info timems="1.438" idlems="1.438" threads="0" lastid="0000000002100200" lastname="Thread-50" />
</exclusive-start>
<allocation-taxation id="4734" taxation-threshold="88080384" timestamp="2019-08-09T21:46:47.689" intervalms="76.641" />
<cycle-start id="4735" type="partial gc" contextid="0" timestamp="2019-08-09T21:46:47.689" intervalms="76.635" />
<gc-start id="4736" type="partial gc" contextid="4735" timestamp="2019-08-09T21:46:47.690">
  <mem-info id="4737" free="104857600" total="320864256" percent="32">
    <mem type="eden" free="0" total="88080384" percent="0" />
    <remembered-set count="13088" freebytes="12775168" totalbytes="12827520" percent="99" regionsoverflowed="0" regionsstable="10" regionsrebuilding="0"/>
  </mem-info>
</gc-start>
<allocation-stats totalBytes="87855272" >
  <allocated-bytes non-tlh="8200" tlh="87847072" arrayletleaf="0"/>
  <largest-consumer threadName="Thread-41" threadId="000000000211E100" bytes="8381120" />
</allocation-stats>
<gc-op id="4738" type="copy forward" timems="15.282" contextid="4735" timestamp="2019-08-09T21:46:47.708">
  <memory-copied type="eden" objects="9427" bytes="3849376" bytesdiscarded="283992" />
  <memory-copied type="other" objects="20" bytes="720" bytesdiscarded="624" />
  <memory-cardclean objects="3111" bytes="141576" />
  <regions eden="42" other="4" />
  <remembered-set-cleared processed="5843" cleared="121" durationms="0.535" />
  <references type="weak" candidates="1" cleared="0" enqueued="0" />
  <references type="phantom" candidates="3" cleared="0" enqueued="0" />
  <stringconstants candidates="16474" cleared="0"  />
</gc-op>
<gc-op id="4739" type="classunload" timems="0.012" contextid="4735" timestamp="2019-08-09T21:46:47.708">
  <classunload-info classloadercandidates="69" classloadersunloaded="0" classesunloaded="0" anonymousclassesunloaded="0" quiescems="0.000" setupms="0.011" scanms="0.000" postms="0.000" />
</gc-op>
<gc-end id="4740" type="partial gc" contextid="4735" durationms="18.499" usertimems="23.782" systemtimems="20.694" timestamp="2019-08-09T21:46:47.708" activeThreads="16">
  <mem-info id="4741" free="192937984" total="320864256" percent="60">
    <mem type="eden" free="60656" total="4194304" percent="1" />
    <remembered-set count="11936" freebytes="12779776" totalbytes="12827520" percent="99" regionsoverflowed="0" regionsstable="10" regionsrebuilding="0"/>
  </mem-info>
</gc-end>
<cycle-end id="4742" type="partial gc" contextid="4735" timestamp="2019-08-09T21:46:47.708" />
  <attribute name="elasticGC enabled" value="1" />
  <attribute name= "numThreadsSpecified" value="16" />
  <attribute name="heapSize specified" value="0" />
  <attribute name="Current GC Util" value="22" />
  <attribute name= "Current Time Running" value="220779" />
  <attribute name ="GC Interval" value="0" />
  <attribute name="Target GC Util Change" value ="80.000000" />
  <attribute name="Current GC Util Change" value="22.000000"/>
  <attribute name="Current Error" value="58.000000" />
  <attribute name="Output H" value="320940008"/>
  <attribute name="Output I" value="2080"/>
  <attribute name="Output T" value="16"/>
  <attribute name= "Current Time Running" value="220779" />
  <attribute name="GC Util currently" value="22" />
  <attribute name="CPU Util currently" value="438092137834" />
<exclusive-end id="4743" timestamp="2019-08-09T21:46:47.708" durationms="19.094" />

<exclusive-start id="4744" timestamp="2019-08-09T21:46:47.755" intervalms="66.087">
  <response-info timems="3.230" idlems="2.128" threads="2" lastid="00000000020DAB00" lastname="Thread-49" />
</exclusive-start>
<allocation-taxation id="4745" taxation-threshold="88080384" timestamp="2019-08-09T21:46:47.755" intervalms="66.086" />
<cycle-start id="4746" type="partial gc" contextid="0" timestamp="2019-08-09T21:46:47.756" intervalms="66.062" />
<gc-start id="4747" type="partial gc" contextid="4746" timestamp="2019-08-09T21:46:47.756">
  <mem-info id="4748" free="104857600" total="320864256" percent="32">
    <mem type="eden" free="0" total="88080384" percent="0" />
    <remembered-set count="11616" freebytes="12781056" totalbytes="12827520" percent="99" regionsoverflowed="0" regionsstable="10" regionsrebuilding="0"/>
  </mem-info>
</gc-start>
<allocation-stats totalBytes="87980296" >
  <allocated-bytes non-tlh="98336" tlh="87881960" arrayletleaf="0"/>
  <largest-consumer threadName="Thread-48" threadId="00000000020FC600" bytes="9465248" />
</allocation-stats>
<gc-op id="4749" type="copy forward" timems="18.730" contextid="4746" timestamp="2019-08-09T21:46:47.775">
  <memory-copied type="eden" objects="9431" bytes="3686312" bytesdiscarded="820320" />
  <memory-copied type="other" objects="28" bytes="1008" bytesdiscarded="0" />
  <memory-cardclean objects="3080" bytes="140256" />
  <regions eden="42" other="3" />
  <remembered-set-cleared processed="5843" cleared="119" durationms="0.318" />
  <references type="weak" candidates="1" cleared="0" enqueued="0" />
  <references type="phantom" candidates="5" cleared="0" enqueued="0" />
  <stringconstants candidates="16474" cleared="0"  />
</gc-op>
<gc-op id="4750" type="classunload" timems="0.013" contextid="4746" timestamp="2019-08-09T21:46:47.775">
  <classunload-info classloadercandidates="69" classloadersunloaded="0" classesunloaded="0" anonymousclassesunloaded="0" quiescems="0.000" setupms="0.012" scanms="0.000" postms="0.000" />
</gc-op>
<heap-resize id="4751" type="expand" space="default" amount="10485760" count="1" timems="0.068" reason="excessive time being spent in gc" timestamp="2019-08-09T21:46:47.776" />
<gc-end id="4752" type="partial gc" contextid="4746" durationms="19.947" usertimems="40.014" systemtimems="37.434" timestamp="2019-08-09T21:46:47.776" activeThreads="16">
  <mem-info id="4753" free="199229440" total="331350016" percent="60">
    <mem type="eden" free="1784536" total="6291456" percent="28" />
    <remembered-set count="15520" freebytes="13184640" totalbytes="13246720" percent="99" regionsoverflowed="0" regionsstable="10" regionsrebuilding="0"/>
  </mem-info>
</gc-end>
<cycle-end id="4754" type="partial gc" contextid="4746" timestamp="2019-08-09T21:46:47.776" />
  <attribute name="elasticGC enabled" value="1" />
  <attribute name= "numThreadsSpecified" value="16" />
  <attribute name="heapSize specified" value="0" />
  <attribute name="Current GC Util" value="162" />
  <attribute name= "Current Time Running" value="220843" />
  <attribute name ="GC Interval" value="0" />
  <attribute name="Target GC Util Change" value ="80.000000" />
  <attribute name="Current GC Util Change" value="162.000000"/>
  <attribute name="Current Error" value="9.000000" />
  <attribute name="Output H" value="320939952"/>
  <attribute name="Output I" value="2024"/>
  <attribute name="Output T" value="16"/>
  <attribute name= "Current Time Running" value="220843" />
  <attribute name="GC Util currently" value="162" />
  <attribute name="CPU Util currently" value="2410108898666" />
<exclusive-end id="4755" timestamp="2019-08-09T21:46:47.776" durationms="20.519" />

<exclusive-start id="4756" timestamp="2019-08-09T21:46:47.820" intervalms="64.705">
  <response-info timems="0.703" idlems="0.703" threads="0" lastid="0000000002103E00" lastname="Thread-39" />
</exclusive-start>
<allocation-taxation id="4757" taxation-threshold="90177536" timestamp="2019-08-09T21:46:47.820" intervalms="64.775" />
<cycle-start id="4758" type="partial gc" contextid="0" timestamp="2019-08-09T21:46:47.820" intervalms="64.852" />
<gc-start id="4759" type="partial gc" contextid="4758" timestamp="2019-08-09T21:46:47.821">
  <mem-info id="4760" free="109051904" total="331350016" percent="32">
    <mem type="eden" free="0" total="90177536" percent="0" />
    <remembered-set count="15200" freebytes="13185920" totalbytes="13246720" percent="99" regionsoverflowed="0" regionsstable="10" regionsrebuilding="0"/>
  </mem-info>
</gc-start>
<allocation-stats totalBytes="89967984" >
  <allocated-bytes non-tlh="49176" tlh="89918808" arrayletleaf="0"/>
  <largest-consumer threadName="Thread-39" threadId="0000000002103E00" bytes="10668488" />
</allocation-stats>
<gc-op id="4761" type="copy forward" timems="22.056" contextid="4758" timestamp="2019-08-09T21:46:47.845">
  <memory-copied type="eden" objects="9299" bytes="3837936" bytesdiscarded="807136" />
  <memory-copied type="other" objects="33" bytes="1256" bytesdiscarded="0" />
  <memory-cardclean objects="3107" bytes="141928" />
  <regions eden="43" other="4" />
  <remembered-set-cleared processed="5851" cleared="128" durationms="0.188" />
  <references type="phantom" candidates="3" cleared="0" enqueued="0" />
  <stringconstants candidates="16474" cleared="0"  />
</gc-op>
<gc-op id="4762" type="classunload" timems="0.012" contextid="4758" timestamp="2019-08-09T21:46:47.845">
  <classunload-info classloadercandidates="69" classloadersunloaded="0" classesunloaded="0" anonymousclassesunloaded="0" quiescems="0.000" setupms="0.012" scanms="0.000" postms="0.000" />
</gc-op>
<heap-resize id="4763" type="expand" space="default" amount="4194304" count="1" timems="0.063" reason="excessive time being spent in gc" timestamp="2019-08-09T21:46:47.845" />
<gc-end id="4764" type="partial gc" contextid="4758" durationms="24.374" usertimems="39.949" systemtimems="30.305" timestamp="2019-08-09T21:46:47.845" activeThreads="16">
  <mem-info id="4765" free="201326592" total="335544320" percent="60">
    <mem type="eden" free="1646112" total="6291456" percent="26" />
    <remembered-set count="14976" freebytes="13354496" totalbytes="13414400" percent="99" regionsoverflowed="0" regionsstable="10" regionsrebuilding="0"/>
  </mem-info>
</gc-end>
<cycle-end id="4766" type="partial gc" contextid="4758" timestamp="2019-08-09T21:46:47.845" />
  <attribute name="elasticGC enabled" value="1" />
  <attribute name= "numThreadsSpecified" value="16" />
  <attribute name="heapSize specified" value="0" />
  <attribute name="Current GC Util" value="155" />
  <attribute name= "Current Time Running" value="220909" />
  <attribute name ="GC Interval" value="0" />
  <attribute name="Target GC Util Change" value ="80.000000" />
  <attribute name="Current GC Util Change" value="155.000000"/>
  <attribute name="Current Error" value="-88.000000" />
  <attribute name="Output H" value="331425600"/>
  <attribute name="Output I" value="1912"/>
  <attribute name="Output T" value="16"/>
  <attribute name= "Current Time Running" value="220909" />
  <attribute name="GC Util currently" value="155" />
  <attribute name="CPU Util currently" value="1996300416640" />
<exclusive-end id="4767" timestamp="2019-08-09T21:46:47.845" durationms="25.353" />

<exclusive-start id="4768" timestamp="2019-08-09T21:46:47.905" intervalms="85.028">
  <response-info timems="2.128" idlems="2.128" threads="0" lastid="00000000020F8A00" lastname="Thread-52" />
</exclusive-start>
<allocation-taxation id="4769" taxation-threshold="90177536" timestamp="2019-08-09T21:46:47.905" intervalms="85.001" />
<cycle-start id="4770" type="partial gc" contextid="0" timestamp="2019-08-09T21:46:47.905" intervalms="84.977" />
<gc-start id="4771" type="partial gc" contextid="4770" timestamp="2019-08-09T21:46:47.906">
  <mem-info id="4772" free="111149056" total="335544320" percent="33">
    <mem type="eden" free="0" total="90177536" percent="0" />
    <remembered-set count="14752" freebytes="13355392" totalbytes="13414400" percent="99" regionsoverflowed="0" regionsstable="10" regionsrebuilding="0"/>
  </mem-info>
</gc-start>
<allocation-stats totalBytes="89989512" >
  <allocated-bytes non-tlh="139320" tlh="89850192" arrayletleaf="0"/>
  <largest-consumer threadName="Thread-46" threadId="0000000002112D00" bytes="10000336" />
</allocation-stats>
<gc-op id="4773" type="copy forward" timems="17.579" contextid="4770" timestamp="2019-08-09T21:46:47.925">
  <memory-copied type="eden" objects="10063" bytes="3971504" bytesdiscarded="918128" />
  <memory-copied type="other" objects="22" bytes="936" bytesdiscarded="0" />
  <memory-cardclean objects="3090" bytes="141192" />
  <regions eden="43" other="4" />
  <remembered-set-cleared processed="5841" cleared="118" durationms="0.451" />
  <references type="phantom" candidates="3" cleared="0" enqueued="0" />
  <stringconstants candidates="16474" cleared="0"  />
</gc-op>
<gc-op id="4774" type="classunload" timems="0.016" contextid="4770" timestamp="2019-08-09T21:46:47.925">
  <classunload-info classloadercandidates="69" classloadersunloaded="0" classesunloaded="0" anonymousclassesunloaded="0" quiescems="0.000" setupms="0.016" scanms="0.000" postms="0.000" />
</gc-op>
<heap-resize id="4775" type="expand" space="default" amount="10485760" count="1" timems="0.081" reason="excessive time being spent in gc" timestamp="2019-08-09T21:46:47.926" />
<gc-end id="4776" type="partial gc" contextid="4770" durationms="20.023" usertimems="33.555" systemtimems="25.933" timestamp="2019-08-09T21:46:47.926" activeThreads="16">
  <mem-info id="4777" free="207618048" total="346030080" percent="60">
    <mem type="eden" free="3498696" total="8388608" percent="41" />
    <remembered-set count="16512" freebytes="13767552" totalbytes="13833600" percent="99" regionsoverflowed="0" regionsstable="10" regionsrebuilding="0"/>
  </mem-info>
</gc-end>
<cycle-end id="4778" type="partial gc" contextid="4770" timestamp="2019-08-09T21:46:47.926" />
  <attribute name="elasticGC enabled" value="1" />
  <attribute name= "numThreadsSpecified" value="16" />
  <attribute name="heapSize specified" value="0" />
  <attribute name="Current GC Util" value="44" />
  <attribute name= "Current Time Running" value="220994" />
  <attribute name ="GC Interval" value="0" />
  <attribute name="Target GC Util Change" value ="80.000000" />
  <attribute name="Current GC Util Change" value="44.000000"/>
  <attribute name="Current Error" value="36.000000" />
  <attribute name="Output H" value="335620048"/>
  <attribute name="Output I" value="2056"/>
  <attribute name="Output T" value="16"/>
  <attribute name= "Current Time Running" value="220994" />
  <attribute name="GC Util currently" value="44" />
  <attribute name="CPU Util currently" value="678496767053" />
<exclusive-end id="4779" timestamp="2019-08-09T21:46:47.926" durationms="20.714" />

<exclusive-start id="4780" timestamp="2019-08-09T21:46:47.976" intervalms="71.042">
  <response-info timems="0.372" idlems="0.372" threads="0" lastid="00000000020FC600" lastname="Thread-48" />
</exclusive-start>
<allocation-taxation id="4781" taxation-threshold="94371840" timestamp="2019-08-09T21:46:47.976" intervalms="71.002" />
<cycle-start id="4782" type="partial gc" contextid="0" timestamp="2019-08-09T21:46:47.976" intervalms="70.965" />
<gc-start id="4783" type="partial gc" contextid="4782" timestamp="2019-08-09T21:46:47.977">
  <mem-info id="4784" free="113246208" total="346030080" percent="32">
    <mem type="eden" free="0" total="94371840" percent="0" />
    <remembered-set count="16256" freebytes="13768576" totalbytes="13833600" percent="99" regionsoverflowed="0" regionsstable="10" regionsrebuilding="0"/>
  </mem-info>
</gc-start>
<allocation-stats totalBytes="94199984" >
  <allocated-bytes non-tlh="49168" tlh="94150816" arrayletleaf="0"/>
  <largest-consumer threadName="Thread-47" threadId="00000000020D3300" bytes="9530648" />
</allocation-stats>
<gc-op id="4785" type="copy forward" timems="13.566" contextid="4782" timestamp="2019-08-09T21:46:47.993">
  <memory-copied type="eden" objects="9497" bytes="3691256" bytesdiscarded="832552" />
  <memory-copied type="other" objects="17" bytes="688" bytesdiscarded="0" />
  <memory-cardclean objects="3094" bytes="140896" />
  <regions eden="45" other="5" />
  <remembered-set-cleared processed="5854" cleared="130" durationms="0.268" />
  <references type="weak" candidates="1" cleared="0" enqueued="0" />
  <references type="phantom" candidates="4" cleared="0" enqueued="0" />
  <stringconstants candidates="16474" cleared="0"  />
</gc-op>
<gc-op id="4786" type="classunload" timems="0.015" contextid="4782" timestamp="2019-08-09T21:46:47.994">
  <classunload-info classloadercandidates="69" classloadersunloaded="0" classesunloaded="0" anonymousclassesunloaded="0" quiescems="0.000" setupms="0.015" scanms="0.000" postms="0.000" />
</gc-op>
<heap-resize id="4787" type="expand" space="default" amount="10485760" count="1" timems="0.076" reason="excessive time being spent in gc" timestamp="2019-08-09T21:46:47.994" />
<gc-end id="4788" type="partial gc" contextid="4782" durationms="17.227" usertimems="28.454" systemtimems="21.504" timestamp="2019-08-09T21:46:47.994" activeThreads="16">
  <mem-info id="4789" free="213909504" total="356515840" percent="60">
    <mem type="eden" free="5961680" total="10485760" percent="56" />
    <remembered-set count="15488" freebytes="14190848" totalbytes="14252800" percent="99" regionsoverflowed="0" regionsstable="10" regionsrebuilding="0"/>
  </mem-info>
</gc-end>
<cycle-end id="4790" type="partial gc" contextid="4782" timestamp="2019-08-09T21:46:47.994" />
  <attribute name="elasticGC enabled" value="1" />
  <attribute name= "numThreadsSpecified" value="16" />
  <attribute name="heapSize specified" value="0" />
  <attribute name="Current GC Util" value="33" />
  <attribute name= "Current Time Running" value="221066" />
  <attribute name ="GC Interval" value="0" />
  <attribute name="Target GC Util Change" value ="80.000000" />
  <attribute name="Current GC Util Change" value="33.000000"/>
  <attribute name="Current Error" value="97.000000" />
  <attribute name="Output H" value="346105872"/>
  <attribute name="Output I" value="2120"/>
  <attribute name="Output T" value="16"/>
  <attribute name= "Current Time Running" value="221066" />
  <attribute name="GC Util currently" value="33" />
  <attribute name="CPU Util currently" value="421357053255" />
<exclusive-end id="4791" timestamp="2019-08-09T21:46:47.994" durationms="18.129" />

<exclusive-start id="4792" timestamp="2019-08-09T21:46:48.048" intervalms="71.940">
  <response-info timems="3.503" idlems="3.503" threads="0" lastid="0000000002129500" lastname="Thread-42" />
</exclusive-start>
<allocation-taxation id="4793" taxation-threshold="96468992" timestamp="2019-08-09T21:46:48.048" intervalms="71.976" />
<cycle-start id="4794" type="partial gc" contextid="0" timestamp="2019-08-09T21:46:48.048" intervalms="71.979" />
<gc-start id="4795" type="partial gc" contextid="4794" timestamp="2019-08-09T21:46:48.049">
  <mem-info id="4796" free="117440512" total="356515840" percent="32">
    <mem type="eden" free="0" total="96468992" percent="0" />
    <remembered-set count="15104" freebytes="14192384" totalbytes="14252800" percent="99" regionsoverflowed="0" regionsstable="10" regionsrebuilding="0"/>
  </mem-info>
</gc-start>
<allocation-stats totalBytes="96217856" >
  <allocated-bytes non-tlh="65552" tlh="96152304" arrayletleaf="0"/>
  <largest-consumer threadName="Thread-48" threadId="00000000020FC600" bytes="10444312" />
</allocation-stats>
<gc-op id="4797" type="copy forward" timems="11.660" contextid="4794" timestamp="2019-08-09T21:46:48.062">
  <memory-copied type="eden" objects="9673" bytes="3850288" bytesdiscarded="839440" />
  <memory-copied type="other" objects="22" bytes="1008" bytesdiscarded="0" />
  <memory-cardclean objects="3087" bytes="140792" />
  <regions eden="46" other="6" />
  <remembered-set-cleared processed="5851" cleared="127" durationms="0.156" />
  <references type="phantom" candidates="3" cleared="0" enqueued="0" />
  <stringconstants candidates="16474" cleared="0"  />
</gc-op>
<gc-op id="4798" type="classunload" timems="0.011" contextid="4794" timestamp="2019-08-09T21:46:48.062">
  <classunload-info classloadercandidates="69" classloadersunloaded="0" classesunloaded="0" anonymousclassesunloaded="0" quiescems="0.000" setupms="0.010" scanms="0.000" postms="0.000" />
</gc-op>
<gc-end id="4799" type="partial gc" contextid="4794" durationms="13.396" usertimems="23.932" systemtimems="16.868" timestamp="2019-08-09T21:46:48.062" activeThreads="16">
  <mem-info id="4800" free="216006656" total="356515840" percent="60">
    <mem type="eden" free="1601448" total="6291456" percent="25" />
    <remembered-set count="14464" freebytes="14194944" totalbytes="14252800" percent="99" regionsoverflowed="0" regionsstable="10" regionsrebuilding="0"/>
  </mem-info>
</gc-end>
<cycle-end id="4801" type="partial gc" contextid="4794" timestamp="2019-08-09T21:46:48.062" />
  <attribute name="elasticGC enabled" value="1" />
  <attribute name= "numThreadsSpecified" value="16" />
  <attribute name="heapSize specified" value="0" />
  <attribute name="Current GC Util" value="96" />
  <attribute name= "Current Time Running" value="221136" />
  <attribute name ="GC Interval" value="0" />
  <attribute name="Target GC Util Change" value ="80.000000" />
  <attribute name="Current GC Util Change" value="96.000000"/>
  <attribute name="Current Error" value="103.000000" />
  <attribute name="Output H" value="356591640"/>
  <attribute name="Output I" value="2128"/>
  <attribute name="Output T" value="16"/>
  <attribute name= "Current Time Running" value="221136" />
  <attribute name="GC Util currently" value="96" />
  <attribute name="CPU Util currently" value="1297868651272" />
<exclusive-end id="4802" timestamp="2019-08-09T21:46:48.062" durationms="14.185" />

<exclusive-start id="4803" timestamp="2019-08-09T21:46:48.135" intervalms="86.776">
  <response-info timems="1.339" idlems="0.673" threads="1" lastid="00000000020DAB00" lastname="Thread-49" />
</exclusive-start>
<allocation-taxation id="4804" taxation-threshold="96468992" timestamp="2019-08-09T21:46:48.135" intervalms="86.774" />
<cycle-start id="4805" type="partial gc" contextid="0" timestamp="2019-08-09T21:46:48.135" intervalms="86.787" />
<gc-start id="4806" type="partial gc" contextid="4805" timestamp="2019-08-09T21:46:48.135">
  <mem-info id="4807" free="119537664" total="356515840" percent="33">
    <mem type="eden" free="0" total="96468992" percent="0" />
    <remembered-set count="14208" freebytes="14195968" totalbytes="14252800" percent="99" regionsoverflowed="0" regionsstable="10" regionsrebuilding="0"/>
  </mem-info>
</gc-start>
<allocation-stats totalBytes="96350024" >
  <allocated-bytes non-tlh="147512" tlh="96202512" arrayletleaf="0"/>
  <largest-consumer threadName="Thread-43" threadId="00000000020ED600" bytes="11198424" />
</allocation-stats>
<gc-op id="4808" type="copy forward" timems="11.871" contextid="4805" timestamp="2019-08-09T21:46:48.148">
  <memory-copied type="eden" objects="9402" bytes="3803320" bytesdiscarded="756096" />
  <memory-copied type="other" objects="28" bytes="1008" bytesdiscarded="480" />
  <memory-cardclean objects="3096" bytes="140648" />
  <regions eden="46" other="4" />
  <remembered-set-cleared processed="5842" cleared="120" durationms="0.952" />
  <references type="phantom" candidates="3" cleared="0" enqueued="0" />
  <stringconstants candidates="16474" cleared="0"  />
</gc-op>
<gc-op id="4809" type="classunload" timems="0.011" contextid="4805" timestamp="2019-08-09T21:46:48.148">
  <classunload-info classloadercandidates="69" classloadersunloaded="0" classesunloaded="0" anonymousclassesunloaded="0" quiescems="0.000" setupms="0.011" scanms="0.000" postms="0.000" />
</gc-op>
<gc-end id="4810" type="partial gc" contextid="4805" durationms="13.129" usertimems="23.420" systemtimems="15.297" timestamp="2019-08-09T21:46:48.148" activeThreads="16">
  <mem-info id="4811" free="213909504" total="356515840" percent="60">
    <mem type="eden" free="1731760" total="6291456" percent="27" />
    <remembered-set count="14464" freebytes="14194944" totalbytes="14252800" percent="99" regionsoverflowed="0" regionsstable="10" regionsrebuilding="0"/>
  </mem-info>
</gc-end>
<cycle-end id="4812" type="partial gc" contextid="4805" timestamp="2019-08-09T21:46:48.149" />
  <attribute name="elasticGC enabled" value="1" />
  <attribute name= "numThreadsSpecified" value="16" />
  <attribute name="heapSize specified" value="0" />
  <attribute name="Current GC Util" value="137" />
  <attribute name= "Current Time Running" value="221223" />
  <attribute name ="GC Interval" value="0" />
  <attribute name="Target GC Util Change" value ="80.000000" />
  <attribute name="Current GC Util Change" value="137.000000"/>
  <attribute name="Current Error" value="-57.000000" />
  <attribute name="Output H" value="356591456"/>
  <attribute name="Output I" value="1944"/>
  <attribute name="Output T" value="16"/>
  <attribute name= "Current Time Running" value="221223" />
  <attribute name="GC Util currently" value="137" />
  <attribute name="CPU Util currently" value="1805722608038" />
<exclusive-end id="4813" timestamp="2019-08-09T21:46:48.149" durationms="13.875" />

<exclusive-start id="4814" timestamp="2019-08-09T21:46:48.229" intervalms="93.813">
  <response-info timems="4.387" idlems="3.044" threads="2" lastid="00000000020DAB00" lastname="Thread-49" />
</exclusive-start>
<allocation-taxation id="4815" taxation-threshold="96468992" timestamp="2019-08-09T21:46:48.230" intervalms="94.819" />
<cycle-start id="4816" type="partial gc" contextid="0" timestamp="2019-08-09T21:46:48.230" intervalms="94.940" />
<gc-start id="4817" type="partial gc" contextid="4816" timestamp="2019-08-09T21:46:48.230">
  <mem-info id="4818" free="117440512" total="356515840" percent="32">
    <mem type="eden" free="0" total="96468992" percent="0" />
    <remembered-set count="14176" freebytes="14196096" totalbytes="14252800" percent="99" regionsoverflowed="0" regionsstable="10" regionsrebuilding="0"/>
  </mem-info>
</gc-start>
<allocation-stats totalBytes="96326448" >
  <allocated-bytes non-tlh="65552" tlh="96260896" arrayletleaf="0"/>
  <largest-consumer threadName="Thread-44" threadId="000000000210B600" bytes="10878568" />
</allocation-stats>
<gc-op id="4819" type="copy forward" timems="10.384" contextid="4816" timestamp="2019-08-09T21:46:48.243">
  <memory-copied type="eden" objects="8538" bytes="3415080" bytesdiscarded="715128" />
  <memory-copied type="other" objects="25" bytes="968" bytesdiscarded="0" />
  <memory-cardclean objects="3093" bytes="140656" />
  <memory-traced type="eden" objects="1089" bytes="93952" />
  <memory-traced type="other" objects="0" bytes="0" />
  <regions eden="46" other="4" evacuated="49" marked="1" />
  <remembered-set-cleared processed="5843" cleared="121" durationms="0.272" />
  <references type="weak" candidates="1" cleared="0" enqueued="0" />
  <references type="phantom" candidates="3" cleared="0" enqueued="0" />
  <stringconstants candidates="16474" cleared="0"  />
</gc-op>
<gc-op id="4820" type="classunload" timems="0.010" contextid="4816" timestamp="2019-08-09T21:46:48.243">
  <classunload-info classloadercandidates="69" classloadersunloaded="0" classesunloaded="0" anonymousclassesunloaded="0" quiescems="0.000" setupms="0.010" scanms="0.000" postms="0.000" />
</gc-op>
<gc-op id="4821" type="sweep" timems="1.855" contextid="4816" timestamp="2019-08-09T21:46:48.244" />
<gc-op id="4822" type="compact" timems="4.261" contextid="4816" timestamp="2019-08-09T21:46:48.249">
  <compact-info movecount="0" movebytes="0" />
  <remembered-set-cleared processed="12096" cleared="121" durationms="0.272" />
</gc-op>
<heap-resize id="4823" type="expand" space="default" amount="10485760" count="1" timems="0.073" reason="excessive time being spent in gc" timestamp="2019-08-09T21:46:48.249" />
<gc-end id="4824" type="partial gc" contextid="4816" durationms="18.888" usertimems="26.270" systemtimems="24.407" timestamp="2019-08-09T21:46:48.249" activeThreads="16">
  <mem-info id="4825" free="220200960" total="367001600" percent="60">
    <mem type="eden" free="2161016" total="8388608" percent="25" />
    <remembered-set count="10432" freebytes="14630272" totalbytes="14672000" percent="99" regionsoverflowed="0" regionsstable="10" regionsrebuilding="0"/>
  </mem-info>
</gc-end>
<cycle-end id="4826" type="partial gc" contextid="4816" timestamp="2019-08-09T21:46:48.249" />
  <attribute name="elasticGC enabled" value="1" />
  <attribute name= "numThreadsSpecified" value="16" />
  <attribute name="heapSize specified" value="0" />
  <attribute name="Current GC Util" value="138" />
  <attribute name= "Current Time Running" value="221331" />
  <attribute name ="GC Interval" value="0" />
  <attribute name="Target GC Util Change" value ="80.000000" />
  <attribute name="Current GC Util Change" value="138.000000"/>
  <attribute name="Current Error" value="-243.000000" />
  <attribute name="Output H" value="356591240"/>
  <attribute name="Output I" value="1728"/>
  <attribute name="Output T" value="16"/>
  <attribute name= "Current Time Running" value="221331" />
  <attribute name="GC Util currently" value="138" />
  <attribute name="CPU Util currently" value="587980103081" />
<exclusive-end id="4827" timestamp="2019-08-09T21:46:48.249" durationms="20.636" />

<exclusive-start id="4828" timestamp="2019-08-09T21:46:48.327" intervalms="98.427">
  <response-info timems="0.119" idlems="0.119" threads="0" lastid="00000000020FC600" lastname="Thread-48" />
</exclusive-start>
<allocation-taxation id="4829" taxation-threshold="98566144" timestamp="2019-08-09T21:46:48.327" intervalms="97.397" />
<cycle-start id="4830" type="partial gc" contextid="0" timestamp="2019-08-09T21:46:48.327" intervalms="97.305" />
<gc-start id="4831" type="partial gc" contextid="4830" timestamp="2019-08-09T21:46:48.328">
  <mem-info id="4832" free="121634816" total="367001600" percent="33">
    <mem type="eden" free="0" total="100663296" percent="0" />
    <remembered-set count="10432" freebytes="14630272" totalbytes="14672000" percent="99" regionsoverflowed="0" regionsstable="10" regionsrebuilding="0"/>
  </mem-info>
</gc-start>
<allocation-stats totalBytes="98437448" >
  <allocated-bytes non-tlh="475256" tlh="97962192" arrayletleaf="0"/>
  <largest-consumer threadName="Thread-39" threadId="0000000002103E00" bytes="13558968" />
</allocation-stats>
<gc-op id="4833" type="copy forward" timems="11.955" contextid="4830" timestamp="2019-08-09T21:46:48.341">
  <memory-copied type="eden" objects="9419" bytes="3676736" bytesdiscarded="800616" />
  <memory-copied type="other" objects="26" bytes="1080" bytesdiscarded="0" />
  <memory-cardclean objects="3109" bytes="141832" />
  <regions eden="47" other="5" />
  <remembered-set-cleared processed="5897" cleared="133" durationms="0.171" />
  <stringconstants candidates="16474" cleared="0"  />
</gc-op>
<gc-op id="4834" type="classunload" timems="0.011" contextid="4830" timestamp="2019-08-09T21:46:48.341">
  <classunload-info classloadercandidates="69" classloadersunloaded="0" classesunloaded="0" anonymousclassesunloaded="0" quiescems="0.000" setupms="0.010" scanms="0.000" postms="0.000" />
</gc-op>
<gc-end id="4835" type="partial gc" contextid="4830" durationms="13.182" usertimems="23.283" systemtimems="11.902" timestamp="2019-08-09T21:46:48.341" activeThreads="16">
  <mem-info id="4836" free="220200960" total="367001600" percent="60">
    <mem type="eden" free="1813856" total="6291456" percent="28" />
    <remembered-set count="14528" freebytes="14613888" totalbytes="14672000" percent="99" regionsoverflowed="0" regionsstable="10" regionsrebuilding="0"/>
  </mem-info>
</gc-end>
<cycle-end id="4837" type="partial gc" contextid="4830" timestamp="2019-08-09T21:46:48.341" />
  <attribute name="elasticGC enabled" value="1" />
  <attribute name= "numThreadsSpecified" value="16" />
  <attribute name="heapSize specified" value="0" />
  <attribute name="Current GC Util" value="144" />
  <attribute name= "Current Time Running" value="221415" />
  <attribute name ="GC Interval" value="0" />
  <attribute name="Target GC Util Change" value ="80.000000" />
  <attribute name="Current GC Util Change" value="144.000000"/>
  <attribute name="Current Error" value="-64.000000" />
  <attribute name="Output H" value="367077208"/>
  <attribute name="Output I" value="1936"/>
  <attribute name="Output T" value="16"/>
  <attribute name= "Current Time Running" value="221415" />
  <attribute name="GC Util currently" value="144" />
  <attribute name="CPU Util currently" value="2145145615046" />
<exclusive-end id="4838" timestamp="2019-08-09T21:46:48.341" durationms="14.116" />

<exclusive-start id="4839" timestamp="2019-08-09T21:46:48.408" intervalms="81.157">
  <response-info timems="0.119" idlems="0.119" threads="0" lastid="000000000210B600" lastname="Thread-44" />
</exclusive-start>
<allocation-taxation id="4840" taxation-threshold="98566144" timestamp="2019-08-09T21:46:48.408" intervalms="81.146" />
<cycle-start id="4841" type="partial gc" contextid="0" timestamp="2019-08-09T21:46:48.408" intervalms="81.117" />
<gc-start id="4842" type="partial gc" contextid="4841" timestamp="2019-08-09T21:46:48.409">
  <mem-info id="4843" free="121634816" total="367001600" percent="33">
    <mem type="eden" free="0" total="98566144" percent="0" />
    <remembered-set count="14240" freebytes="14615040" totalbytes="14672000" percent="99" regionsoverflowed="0" regionsstable="10" regionsrebuilding="0"/>
  </mem-info>
</gc-start>
<allocation-stats totalBytes="98382784" >
  <allocated-bytes non-tlh="32784" tlh="98350000" arrayletleaf="0"/>
  <largest-consumer threadName="Thread-41" threadId="000000000211E100" bytes="12156920" />
</allocation-stats>
<gc-op id="4844" type="copy forward" timems="10.799" contextid="4841" timestamp="2019-08-09T21:46:48.420">
  <memory-copied type="eden" objects="8337" bytes="3378784" bytesdiscarded="288040" />
  <memory-copied type="other" objects="27" bytes="1008" bytesdiscarded="736" />
  <memory-cardclean objects="3085" bytes="140720" />
  <regions eden="47" other="4" />
  <remembered-set-cleared processed="5878" cleared="115" durationms="0.565" />
  <references type="weak" candidates="1" cleared="0" enqueued="0" />
  <references type="phantom" candidates="8" cleared="0" enqueued="0" />
  <stringconstants candidates="16474" cleared="0"  />
</gc-op>
<gc-op id="4845" type="classunload" timems="0.011" contextid="4841" timestamp="2019-08-09T21:46:48.420">
  <classunload-info classloadercandidates="69" classloadersunloaded="0" classesunloaded="0" anonymousclassesunloaded="0" quiescems="0.000" setupms="0.011" scanms="0.000" postms="0.000" />
</gc-op>
<heap-resize id="4846" type="expand" space="default" amount="20971520" count="1" timems="0.080" reason="excessive time being spent in gc" timestamp="2019-08-09T21:46:48.421" />
<gc-end id="4847" type="partial gc" contextid="4841" durationms="11.967" usertimems="13.405" systemtimems="16.309" timestamp="2019-08-09T21:46:48.421" activeThreads="16">
  <mem-info id="4848" free="232783872" total="387973120" percent="60">
    <mem type="eden" free="8915784" total="12582912" percent="70" />
    <remembered-set count="14528" freebytes="15452288" totalbytes="15510400" percent="99" regionsoverflowed="0" regionsstable="10" regionsrebuilding="0"/>
  </mem-info>
</gc-end>
<cycle-end id="4849" type="partial gc" contextid="4841" timestamp="2019-08-09T21:46:48.421" />
  <attribute name="elasticGC enabled" value="1" />
  <attribute name= "numThreadsSpecified" value="16" />
  <attribute name="heapSize specified" value="0" />
  <attribute name="Current GC Util" value="0" />
  <attribute name= "Current Time Running" value="221496" />
  <attribute name ="GC Interval" value="0" />
  <attribute name="Target GC Util Change" value ="80.000000" />
  <attribute name="Current GC Util Change" value="0.000000"/>
  <attribute name="Current Error" value="53.000000" />
  <attribute name="Output H" value="367077344"/>
  <attribute name="Output I" value="2072"/>
  <attribute name="Output T" value="16"/>
  <attribute name= "Current Time Running" value="221496" />
  <attribute name="GC Util currently" value="0" />
  <attribute name="CPU Util currently" value="3312154919046" />
<exclusive-end id="4850" timestamp="2019-08-09T21:46:48.421" durationms="12.602" />

<exclusive-start id="4851" timestamp="2019-08-09T21:46:48.508" intervalms="100.162">
  <response-info timems="0.174" idlems="0.174" threads="0" lastid="00000000020D3300" lastname="Thread-47" />
</exclusive-start>
<allocation-taxation id="4852" taxation-threshold="102760448" timestamp="2019-08-09T21:46:48.509" intervalms="100.167" />
<cycle-start id="4853" type="partial gc" contextid="0" timestamp="2019-08-09T21:46:48.509" intervalms="100.149" />
<gc-start id="4854" type="partial gc" contextid="4853" timestamp="2019-08-09T21:46:48.509">
  <mem-info id="4855" free="130023424" total="387973120" percent="33">
    <mem type="eden" free="0" total="102760448" percent="0" />
    <remembered-set count="14048" freebytes="15454208" totalbytes="15510400" percent="99" regionsoverflowed="0" regionsstable="10" regionsrebuilding="0"/>
  </mem-info>
</gc-start>
<allocation-stats totalBytes="102509176" >
  <allocated-bytes non-tlh="155696" tlh="102353480" arrayletleaf="0"/>
  <largest-consumer threadName="Thread-41" threadId="000000000211E100" bytes="13012712" />
</allocation-stats>
<gc-op id="4856" type="copy forward" timems="16.315" contextid="4853" timestamp="2019-08-09T21:46:48.526">
  <memory-copied type="eden" objects="9600" bytes="3702392" bytesdiscarded="609432" />
  <memory-copied type="other" objects="24" bytes="864" bytesdiscarded="0" />
  <memory-cardclean objects="3123" bytes="142528" />
  <regions eden="49" other="7" />
  <remembered-set-cleared processed="5899" cleared="135" durationms="0.248" />
  <references type="phantom" candidates="3" cleared="0" enqueued="0" />
  <stringconstants candidates="16474" cleared="0"  />
</gc-op>
<gc-op id="4857" type="classunload" timems="0.013" contextid="4853" timestamp="2019-08-09T21:46:48.526">
  <classunload-info classloadercandidates="69" classloadersunloaded="0" classesunloaded="0" anonymousclassesunloaded="0" quiescems="0.000" setupms="0.013" scanms="0.000" postms="0.000" />
</gc-op>
<gc-end id="4858" type="partial gc" contextid="4853" durationms="17.497" usertimems="12.963" systemtimems="27.237" timestamp="2019-08-09T21:46:48.526" activeThreads="16">
  <mem-info id="4859" free="236978176" total="387973120" percent="61">
    <mem type="eden" free="1979360" total="6291456" percent="31" />
    <remembered-set count="14528" freebytes="15452288" totalbytes="15510400" percent="99" regionsoverflowed="0" regionsstable="10" regionsrebuilding="0"/>
  </mem-info>
</gc-end>
<cycle-end id="4860" type="partial gc" contextid="4853" timestamp="2019-08-09T21:46:48.526" />
  <attribute name="elasticGC enabled" value="1" />
  <attribute name= "numThreadsSpecified" value="16" />
  <attribute name="heapSize specified" value="0" />
  <attribute name="Current GC Util" value="159" />
  <attribute name= "Current Time Running" value="221596" />
  <attribute name ="GC Interval" value="0" />
  <attribute name="Target GC Util Change" value ="80.000000" />
  <attribute name="Current GC Util Change" value="159.000000"/>
  <attribute name="Current Error" value="24.000000" />
  <attribute name="Output H" value="388048832"/>
  <attribute name="Output I" value="2040"/>
  <attribute name="Output T" value="16"/>
  <attribute name= "Current Time Running" value="221596" />
  <attribute name="GC Util currently" value="159" />
  <attribute name="CPU Util currently" value="2189825792072" />
<exclusive-end id="4861" timestamp="2019-08-09T21:46:48.527" durationms="18.060" />

<exclusive-start id="4862" timestamp="2019-08-09T21:46:48.585" intervalms="76.964">
  <response-info timems="5.312" idlems="5.312" threads="0" lastid="0000000002107A00" lastname="Thread-40" />
</exclusive-start>
<allocation-taxation id="4863" taxation-threshold="102760448" timestamp="2019-08-09T21:46:48.585" intervalms="76.966" />
<cycle-start id="4864" type="partial gc" contextid="0" timestamp="2019-08-09T21:46:48.586" intervalms="77.019" />
<gc-start id="4865" type="partial gc" contextid="4864" timestamp="2019-08-09T21:46:48.586">
  <mem-info id="4866" free="134217728" total="387973120" percent="34">
    <mem type="eden" free="0" total="102760448" percent="0" />
    <remembered-set count="14240" freebytes="15453440" totalbytes="15510400" percent="99" regionsoverflowed="0" regionsstable="10" regionsrebuilding="0"/>
  </mem-info>
</gc-start>
<allocation-stats totalBytes="102643032" >
  <allocated-bytes non-tlh="81944" tlh="102561088" arrayletleaf="0"/>
  <largest-consumer threadName="Thread-44" threadId="000000000210B600" bytes="12155104" />
</allocation-stats>
<gc-op id="4867" type="copy forward" timems="11.497" contextid="4864" timestamp="2019-08-09T21:46:48.599">
  <memory-copied type="eden" objects="9628" bytes="3934784" bytesdiscarded="666848" />
  <memory-copied type="other" objects="35" bytes="1552" bytesdiscarded="624" />
  <memory-cardclean objects="3117" bytes="142432" />
  <regions eden="49" other="4" />
  <remembered-set-cleared processed="5886" cleared="122" durationms="0.371" />
  <references type="phantom" candidates="1" cleared="0" enqueued="0" />
  <stringconstants candidates="16474" cleared="0"  />
</gc-op>
<gc-op id="4868" type="classunload" timems="0.043" contextid="4864" timestamp="2019-08-09T21:46:48.599">
  <classunload-info classloadercandidates="69" classloadersunloaded="0" classesunloaded="0" anonymousclassesunloaded="0" quiescems="0.000" setupms="0.043" scanms="0.000" postms="0.000" />
</gc-op>
<gc-end id="4869" type="partial gc" contextid="4864" durationms="13.539" usertimems="25.167" systemtimems="4.300" timestamp="2019-08-09T21:46:48.600" activeThreads="16">
  <mem-info id="4870" free="232783872" total="387973120" percent="60">
    <mem type="eden" free="3786712" total="8388608" percent="45" />
    <remembered-set count="15040" freebytes="15450240" totalbytes="15510400" percent="99" regionsoverflowed="0" regionsstable="10" regionsrebuilding="0"/>
  </mem-info>
</gc-end>
<cycle-end id="4871" type="partial gc" contextid="4864" timestamp="2019-08-09T21:46:48.600" />
  <attribute name="elasticGC enabled" value="1" />
  <attribute name= "numThreadsSpecified" value="16" />
  <attribute name="heapSize specified" value="0" />
  <attribute name="Current GC Util" value="65" />
  <attribute name= "Current Time Running" value="221675" />
  <attribute name ="GC Interval" value="0" />
  <attribute name="Target GC Util Change" value ="80.000000" />
  <attribute name="Current GC Util Change" value="65.000000"/>
  <attribute name="Current Error" value="15.000000" />
  <attribute name="Output H" value="388048824"/>
  <attribute name="Output I" value="2032"/>
  <attribute name="Output T" value="16"/>
  <attribute name= "Current Time Running" value="221675" />
  <attribute name="GC Util currently" value="65" />
  <attribute name="CPU Util currently" value="800328609066" />
<exclusive-end id="4872" timestamp="2019-08-09T21:46:48.600" durationms="14.744" />

<exclusive-start id="4873" timestamp="2019-08-09T21:46:48.681" intervalms="95.837">
  <response-info timems="0.183" idlems="0.183" threads="0" lastid="00000000020DAB00" lastname="Thread-49" />
</exclusive-start>
<allocation-taxation id="4874" taxation-threshold="102760448" timestamp="2019-08-09T21:46:48.681" intervalms="95.837" />
<cycle-start id="4875" type="partial gc" contextid="0" timestamp="2019-08-09T21:46:48.681" intervalms="95.781" />
<gc-start id="4876" type="partial gc" contextid="4875" timestamp="2019-08-09T21:46:48.682">
  <mem-info id="4877" free="130023424" total="387973120" percent="33">
    <mem type="eden" free="0" total="102760448" percent="0" />
    <remembered-set count="14816" freebytes="15451136" totalbytes="15510400" percent="99" regionsoverflowed="0" regionsstable="10" regionsrebuilding="0"/>
  </mem-info>
</gc-start>
<allocation-stats totalBytes="102447768" >
  <allocated-bytes non-tlh="98336" tlh="102349432" arrayletleaf="0"/>
  <largest-consumer threadName="Thread-44" threadId="000000000210B600" bytes="12340432" />
</allocation-stats>
<gc-op id="4878" type="copy forward" timems="9.098" contextid="4875" timestamp="2019-08-09T21:46:48.692">
  <memory-copied type="eden" objects="9799" bytes="3808648" bytesdiscarded="855264" />
  <memory-copied type="other" objects="23" bytes="1120" bytesdiscarded="0" />
  <memory-cardclean objects="3120" bytes="142008" />
  <regions eden="49" other="5" />
  <remembered-set-cleared processed="5891" cleared="128" durationms="1.099" />
  <references type="phantom" candidates="4" cleared="0" enqueued="0" />
  <stringconstants candidates="16474" cleared="0"  />
</gc-op>
<gc-op id="4879" type="classunload" timems="0.014" contextid="4875" timestamp="2019-08-09T21:46:48.692">
  <classunload-info classloadercandidates="69" classloadersunloaded="0" classesunloaded="0" anonymousclassesunloaded="0" quiescems="0.000" setupms="0.013" scanms="0.000" postms="0.000" />
</gc-op>
<gc-end id="4880" type="partial gc" contextid="4875" durationms="10.382" usertimems="11.101" systemtimems="15.056" timestamp="2019-08-09T21:46:48.692" activeThreads="16">
  <mem-info id="4881" free="232783872" total="387973120" percent="60">
    <mem type="eden" free="1627256" total="6291456" percent="25" />
    <remembered-set count="15040" freebytes="15450240" totalbytes="15510400" percent="99" regionsoverflowed="0" regionsstable="10" regionsrebuilding="0"/>
  </mem-info>
</gc-end>
<cycle-end id="4882" type="partial gc" contextid="4875" timestamp="2019-08-09T21:46:48.692" />
  <attribute name="elasticGC enabled" value="1" />
  <attribute name= "numThreadsSpecified" value="16" />
  <attribute name="heapSize specified" value="0" />
  <attribute name="Current GC Util" value="114" />
  <attribute name= "Current Time Running" value="221769" />
  <attribute name ="GC Interval" value="0" />
  <attribute name="Target GC Util Change" value ="80.000000" />
  <attribute name="Current GC Util Change" value="114.000000"/>
  <attribute name="Current Error" value="30.000000" />
  <attribute name="Output H" value="388048840"/>
  <attribute name="Output I" value="2048"/>
  <attribute name="Output T" value="16"/>
  <attribute name= "Current Time Running" value="221769" />
  <attribute name="GC Util currently" value="114" />
  <attribute name="CPU Util currently" value="1588674008629" />
<exclusive-end id="4883" timestamp="2019-08-09T21:46:48.692" durationms="10.919" />

<exclusive-start id="4884" timestamp="2019-08-09T21:46:48.779" intervalms="98.106">
  <response-info timems="4.640" idlems="2.347" threads="1" lastid="0000000002116900" lastname="Thread-45" />
</exclusive-start>
<allocation-taxation id="4885" taxation-threshold="102760448" timestamp="2019-08-09T21:46:48.779" intervalms="98.102" />
<cycle-start id="4886" type="partial gc" contextid="0" timestamp="2019-08-09T21:46:48.779" intervalms="98.097" />
<gc-start id="4887" type="partial gc" contextid="4886" timestamp="2019-08-09T21:46:48.780">
  <mem-info id="4888" free="130023424" total="387973120" percent="33">
    <mem type="eden" free="0" total="102760448" percent="0" />
    <remembered-set count="14688" freebytes="15451648" totalbytes="15510400" percent="99" regionsoverflowed="0" regionsstable="10" regionsrebuilding="0"/>
  </mem-info>
</gc-start>
<allocation-stats totalBytes="102530448" >
  <allocated-bytes non-tlh="24592" tlh="102505856" arrayletleaf="0"/>
  <largest-consumer threadName="Thread-42" threadId="0000000002129500" bytes="9249672" />
</allocation-stats>
<gc-op id="4889" type="copy forward" timems="5.387" contextid="4886" timestamp="2019-08-09T21:46:48.786">
  <memory-copied type="eden" objects="9367" bytes="3665984" bytesdiscarded="573120" />
  <memory-copied type="other" objects="16" bytes="576" bytesdiscarded="0" />
  <memory-cardclean objects="3125" bytes="141832" />
  <regions eden="49" other="4" />
  <remembered-set-cleared processed="5882" cleared="118" durationms="0.203" />
  <references type="phantom" candidates="5" cleared="0" enqueued="0" />
  <stringconstants candidates="16474" cleared="0"  />
</gc-op>
<gc-op id="4890" type="classunload" timems="0.013" contextid="4886" timestamp="2019-08-09T21:46:48.786">
  <classunload-info classloadercandidates="69" classloadersunloaded="0" classesunloaded="0" anonymousclassesunloaded="0" quiescems="0.000" setupms="0.012" scanms="0.000" postms="0.000" />
</gc-op>
<heap-resize id="4891" type="expand" space="default" amount="6291456" count="1" timems="0.062" reason="excessive time being spent in gc" timestamp="2019-08-09T21:46:48.786" />
<gc-end id="4892" type="partial gc" contextid="4886" durationms="6.616" usertimems="17.443" systemtimems="2.766" timestamp="2019-08-09T21:46:48.786" activeThreads="8">
  <mem-info id="4893" free="236978176" total="394264576" percent="60">
    <mem type="eden" free="2052056" total="6291456" percent="32" />
    <remembered-set count="15168" freebytes="15701248" totalbytes="15761920" percent="99" regionsoverflowed="0" regionsstable="10" regionsrebuilding="0"/>
  </mem-info>
</gc-end>
<cycle-end id="4894" type="partial gc" contextid="4886" timestamp="2019-08-09T21:46:48.786" />
  <attribute name="elasticGC enabled" value="1" />
  <attribute name= "numThreadsSpecified" value="8" />
  <attribute name="heapSize specified" value="0" />
  <attribute name="Current GC Util" value="180" />
  <attribute name= "Current Time Running" value="221867" />
  <attribute name ="GC Interval" value="0" />
  <attribute name="Target GC Util Change" value ="80.000000" />
  <attribute name="Current GC Util Change" value="180.000000"/>
  <attribute name="Current Error" value="-16.000000" />
  <attribute name="Output H" value="388048784"/>
  <attribute name="Output I" value="1992"/>
  <attribute name="Output T" value="8"/>
  <attribute name= "Current Time Running" value="221867" />
  <attribute name="GC Util currently" value="180" />
  <attribute name="CPU Util currently" value="3064153288965" />
<exclusive-end id="4895" timestamp="2019-08-09T21:46:48.787" durationms="7.204" />

<exclusive-start id="4896" timestamp="2019-08-09T21:46:48.874" intervalms="95.077">
  <response-info timems="0.928" idlems="0.928" threads="0" lastid="000000000211E100" lastname="Thread-41" />
</exclusive-start>
<allocation-taxation id="4897" taxation-threshold="104857600" timestamp="2019-08-09T21:46:48.875" intervalms="95.111" />
<cycle-start id="4898" type="partial gc" contextid="0" timestamp="2019-08-09T21:46:48.875" intervalms="95.168" />
<gc-start id="4899" type="partial gc" contextid="4898" timestamp="2019-08-09T21:46:48.875">
  <mem-info id="4900" free="132120576" total="394264576" percent="33">
    <mem type="eden" free="0" total="104857600" percent="0" />
    <remembered-set count="14784" freebytes="15702784" totalbytes="15761920" percent="99" regionsoverflowed="0" regionsstable="10" regionsrebuilding="0"/>
  </mem-info>
</gc-start>
<allocation-stats totalBytes="104651400" >
  <allocated-bytes non-tlh="57376" tlh="104594024" arrayletleaf="0"/>
  <largest-consumer threadName="Thread-52" threadId="00000000020F8A00" bytes="11749040" />
</allocation-stats>
<gc-op id="4901" type="copy forward" timems="12.747" contextid="4898" timestamp="2019-08-09T21:46:48.889">
  <memory-copied type="eden" objects="9426" bytes="3814680" bytesdiscarded="839176" />
  <memory-copied type="other" objects="16" bytes="576" bytesdiscarded="0" />
  <memory-cardclean objects="3136" bytes="142632" />
  <regions eden="50" other="4" />
  <remembered-set-cleared processed="5876" cleared="113" durationms="0.151" />
  <references type="phantom" candidates="3" cleared="0" enqueued="0" />
  <stringconstants candidates="16474" cleared="0"  />
</gc-op>
<gc-op id="4902" type="classunload" timems="0.012" contextid="4898" timestamp="2019-08-09T21:46:48.889">
  <classunload-info classloadercandidates="69" classloadersunloaded="0" classesunloaded="0" anonymousclassesunloaded="0" quiescems="0.000" setupms="0.012" scanms="0.000" postms="0.000" />
</gc-op>
<gc-end id="4903" type="partial gc" contextid="4898" durationms="13.981" usertimems="29.974" systemtimems="15.023" timestamp="2019-08-09T21:46:48.889" activeThreads="16">
  <mem-info id="4904" free="234881024" total="394264576" percent="59">
    <mem type="eden" free="1637312" total="6291456" percent="26" />
    <remembered-set count="16064" freebytes="15697664" totalbytes="15761920" percent="99" regionsoverflowed="0" regionsstable="10" regionsrebuilding="0"/>
  </mem-info>
</gc-end>
<cycle-end id="4905" type="partial gc" contextid="4898" timestamp="2019-08-09T21:46:48.889" />
  <attribute name="elasticGC enabled" value="1" />
  <attribute name= "numThreadsSpecified" value="16" />
  <attribute name="heapSize specified" value="0" />
  <attribute name="Current GC Util" value="237" />
  <attribute name= "Current Time Running" value="221962" />
  <attribute name ="GC Interval" value="0" />
  <attribute name="Target GC Util Change" value ="80.000000" />
  <attribute name="Current GC Util Change" value="237.000000"/>
  <attribute name="Current Error" value="-157.000000" />
  <attribute name="Output H" value="394340080"/>
  <attribute name="Output I" value="1832"/>
  <attribute name="Output T" value="16"/>
  <attribute name= "Current Time Running" value="221962" />
  <attribute name="GC Util currently" value="237" />
  <attribute name="CPU Util currently" value="1860703049220" />
<exclusive-end id="4906" timestamp="2019-08-09T21:46:48.890" durationms="15.133" />

<exclusive-start id="4907" timestamp="2019-08-09T21:46:48.952" intervalms="77.803">
  <response-info timems="0.128" idlems="0.128" threads="0" lastid="00000000020FC600" lastname="Thread-48" />
</exclusive-start>
<allocation-taxation id="4908" taxation-threshold="104857600" timestamp="2019-08-09T21:46:48.952" intervalms="77.775" />
<cycle-start id="4909" type="partial gc" contextid="0" timestamp="2019-08-09T21:46:48.952" intervalms="77.734" />
<gc-start id="4910" type="partial gc" contextid="4909" timestamp="2019-08-09T21:46:48.953">
  <mem-info id="4911" free="130023424" total="394264576" percent="32">
    <mem type="eden" free="0" total="104857600" percent="0" />
    <remembered-set count="15648" freebytes="15699328" totalbytes="15761920" percent="99" regionsoverflowed="0" regionsstable="10" regionsrebuilding="0"/>
  </mem-info>
</gc-start>
<allocation-stats totalBytes="104757128" >
  <allocated-bytes non-tlh="57376" tlh="104699752" arrayletleaf="0"/>
  <largest-consumer threadName="Thread-48" threadId="00000000020FC600" bytes="11539680" />
</allocation-stats>
<gc-op id="4912" type="copy forward" timems="10.450" contextid="4909" timestamp="2019-08-09T21:46:48.964">
  <memory-copied type="eden" objects="9693" bytes="3775848" bytesdiscarded="721336" />
  <memory-copied type="other" objects="24" bytes="864" bytesdiscarded="0" />
  <memory-cardclean objects="3096" bytes="140888" />
  <regions eden="50" other="4" />
  <remembered-set-cleared processed="5889" cleared="124" durationms="0.175" />
  <references type="phantom" candidates="1" cleared="0" enqueued="0" />
  <stringconstants candidates="16474" cleared="0"  />
</gc-op>
<gc-op id="4913" type="classunload" timems="0.010" contextid="4909" timestamp="2019-08-09T21:46:48.964">
  <classunload-info classloadercandidates="69" classloadersunloaded="0" classesunloaded="0" anonymousclassesunloaded="0" quiescems="0.000" setupms="0.010" scanms="0.000" postms="0.000" />
</gc-op>
<gc-end id="4914" type="partial gc" contextid="4909" durationms="11.524" usertimems="15.325" systemtimems="15.026" timestamp="2019-08-09T21:46:48.964" activeThreads="16">
  <mem-info id="4915" free="232783872" total="394264576" percent="59">
    <mem type="eden" free="1794016" total="6291456" percent="28" />
    <remembered-set count="15552" freebytes="15699712" totalbytes="15761920" percent="99" regionsoverflowed="0" regionsstable="10" regionsrebuilding="0"/>
  </mem-info>
</gc-end>
<cycle-end id="4916" type="partial gc" contextid="4909" timestamp="2019-08-09T21:46:48.964" />
  <attribute name="elasticGC enabled" value="1" />
  <attribute name= "numThreadsSpecified" value="16" />
  <attribute name="heapSize specified" value="0" />
  <attribute name="Current GC Util" value="149" />
  <attribute name= "Current Time Running" value="222040" />
  <attribute name ="GC Interval" value="0" />
  <attribute name="Target GC Util Change" value ="80.000000" />
  <attribute name="Current GC Util Change" value="149.000000"/>
  <attribute name="Current Error" value="-191.000000" />
  <attribute name="Output H" value="394340040"/>
  <attribute name="Output I" value="1792"/>
  <attribute name="Output T" value="16"/>
  <attribute name= "Current Time Running" value="222040" />
  <attribute name="GC Util currently" value="149" />
  <attribute name="CPU Util currently" value="2051063726643" />
<exclusive-end id="4917" timestamp="2019-08-09T21:46:48.964" durationms="12.126" />

<exclusive-start id="4918" timestamp="2019-08-09T21:46:49.016" intervalms="64.095">
  <response-info timems="0.187" idlems="0.187" threads="0" lastid="0000000002129500" lastname="Thread-42" />
</exclusive-start>
<allocation-taxation id="4919" taxation-threshold="104857600" timestamp="2019-08-09T21:46:49.016" intervalms="64.081" />
<cycle-start id="4920" type="partial gc" contextid="0" timestamp="2019-08-09T21:46:49.016" intervalms="64.073" />
<gc-start id="4921" type="partial gc" contextid="4920" timestamp="2019-08-09T21:46:49.017">
  <mem-info id="4922" free="127926272" total="394264576" percent="32">
    <mem type="eden" free="0" total="104857600" percent="0" />
    <remembered-set count="15168" freebytes="15701248" totalbytes="15761920" percent="99" regionsoverflowed="0" regionsstable="10" regionsrebuilding="0"/>
  </mem-info>
</gc-start>
<allocation-stats totalBytes="104677400" >
  <allocated-bytes non-tlh="49168" tlh="104628232" arrayletleaf="0"/>
  <largest-consumer threadName="Thread-52" threadId="00000000020F8A00" bytes="11324040" />
</allocation-stats>
<gc-op id="4923" type="copy forward" timems="8.153" contextid="4920" timestamp="2019-08-09T21:46:49.026">
  <memory-copied type="eden" objects="9798" bytes="3848408" bytesdiscarded="707128" />
  <memory-copied type="other" objects="24" bytes="864" bytesdiscarded="624" />
  <memory-cardclean objects="3151" bytes="143976" />
  <regions eden="50" other="4" />
  <remembered-set-cleared processed="5881" cleared="116" durationms="0.186" />
  <references type="weak" candidates="1" cleared="0" enqueued="0" />
  <references type="phantom" candidates="3" cleared="0" enqueued="0" />
  <stringconstants candidates="16474" cleared="0"  />
</gc-op>
<gc-op id="4924" type="classunload" timems="0.011" contextid="4920" timestamp="2019-08-09T21:46:49.026">
  <classunload-info classloadercandidates="69" classloadersunloaded="0" classesunloaded="0" anonymousclassesunloaded="0" quiescems="0.000" setupms="0.011" scanms="0.000" postms="0.000" />
</gc-op>
<heap-resize id="4925" type="expand" space="default" amount="20971520" count="1" timems="0.082" reason="excessive time being spent in gc" timestamp="2019-08-09T21:46:49.026" />
<gc-end id="4926" type="partial gc" contextid="4920" durationms="9.854" usertimems="11.742" systemtimems="12.168" timestamp="2019-08-09T21:46:49.027" activeThreads="16">
  <mem-info id="4927" free="249561088" total="415236096" percent="60">
    <mem type="eden" free="3832808" total="8388608" percent="45" />
    <remembered-set count="15552" freebytes="16538112" totalbytes="16600320" percent="99" regionsoverflowed="0" regionsstable="10" regionsrebuilding="0"/>
  </mem-info>
</gc-end>
<cycle-end id="4928" type="partial gc" contextid="4920" timestamp="2019-08-09T21:46:49.027" />
  <attribute name="elasticGC enabled" value="1" />
  <attribute name= "numThreadsSpecified" value="16" />
  <attribute name="heapSize specified" value="0" />
  <attribute name="Current GC Util" value="128" />
  <attribute name= "Current Time Running" value="222104" />
  <attribute name ="GC Interval" value="0" />
  <attribute name="Target GC Util Change" value ="80.000000" />
  <attribute name="Current GC Util Change" value="128.000000"/>
  <attribute name="Current Error" value="-205.000000" />
  <attribute name="Output H" value="394340024"/>
  <attribute name="Output I" value="1776"/>
  <attribute name="Output T" value="16"/>
  <attribute name= "Current Time Running" value="222104" />
  <attribute name="GC Util currently" value="128" />
  <attribute name="CPU Util currently" value="1367146382538" />
<exclusive-end id="4929" timestamp="2019-08-09T21:46:49.027" durationms="10.409" />

<exclusive-start id="4930" timestamp="2019-08-09T21:46:49.110" intervalms="93.628">
  <response-info timems="0.251" idlems="0.251" threads="0" lastid="00000000020FC600" lastname="Thread-48" />
</exclusive-start>
<allocation-taxation id="4931" taxation-threshold="111149056" timestamp="2019-08-09T21:46:49.110" intervalms="93.629" />
<cycle-start id="4932" type="partial gc" contextid="0" timestamp="2019-08-09T21:46:49.110" intervalms="93.629" />
<gc-start id="4933" type="partial gc" contextid="4932" timestamp="2019-08-09T21:46:49.110">
  <mem-info id="4934" free="138412032" total="415236096" percent="33">
    <mem type="eden" free="0" total="111149056" percent="0" />
    <remembered-set count="15136" freebytes="16539776" totalbytes="16600320" percent="99" regionsoverflowed="0" regionsstable="10" regionsrebuilding="0"/>
  </mem-info>
</gc-start>
<allocation-stats totalBytes="110936480" >
  <allocated-bytes non-tlh="0" tlh="110936480" arrayletleaf="0"/>
  <largest-consumer threadName="Thread-48" threadId="00000000020FC600" bytes="12004552" />
</allocation-stats>
<gc-op id="4935" type="copy forward" timems="5.670" contextid="4932" timestamp="2019-08-09T21:46:49.117">
  <memory-copied type="eden" objects="10123" bytes="4058928" bytesdiscarded="581440" />
  <memory-copied type="other" objects="33" bytes="1264" bytesdiscarded="704" />
  <memory-cardclean objects="3145" bytes="143688" />
  <regions eden="53" other="5" />
  <remembered-set-cleared processed="5890" cleared="126" durationms="0.848" />
  <references type="phantom" candidates="3" cleared="0" enqueued="0" />
  <stringconstants candidates="16474" cleared="0"  />
</gc-op>
<gc-op id="4936" type="classunload" timems="0.013" contextid="4932" timestamp="2019-08-09T21:46:49.117">
  <classunload-info classloadercandidates="69" classloadersunloaded="0" classesunloaded="0" anonymousclassesunloaded="0" quiescems="0.000" setupms="0.013" scanms="0.000" postms="0.000" />
</gc-op>
<gc-end id="4937" type="partial gc" contextid="4932" durationms="6.983" usertimems="17.554" systemtimems="1.171" timestamp="2019-08-09T21:46:49.117" activeThreads="8">
  <mem-info id="4938" free="249561088" total="415236096" percent="60">
    <mem type="eden" free="1650800" total="6291456" percent="26" />
    <remembered-set count="15232" freebytes="16539392" totalbytes="16600320" percent="99" regionsoverflowed="0" regionsstable="10" regionsrebuilding="0"/>
  </mem-info>
</gc-end>
<cycle-end id="4939" type="partial gc" contextid="4932" timestamp="2019-08-09T21:46:49.117" />
  <attribute name="elasticGC enabled" value="1" />
  <attribute name= "numThreadsSpecified" value="8" />
  <attribute name="heapSize specified" value="0" />
  <attribute name="Current GC Util" value="98" />
  <attribute name= "Current Time Running" value="222198" />
  <attribute name ="GC Interval" value="0" />
  <attribute name="Target GC Util Change" value ="80.000000" />
  <attribute name="Current GC Util Change" value="98.000000"/>
  <attribute name="Current Error" value="-18.000000" />
  <attribute name="Output H" value="415311760"/>
  <attribute name="Output I" value="1992"/>
  <attribute name="Output T" value="8"/>
  <attribute name= "Current Time Running" value="222198" />
  <attribute name="GC Util currently" value="98" />
  <attribute name="CPU Util currently" value="1550204753896" />
<exclusive-end id="4940" timestamp="2019-08-09T21:46:49.118" durationms="7.570" />

<exclusive-start id="4941" timestamp="2019-08-09T21:46:49.172" intervalms="62.231">
  <response-info timems="0.194" idlems="0.194" threads="0" lastid="00000000020FC600" lastname="Thread-48" />
</exclusive-start>
<allocation-taxation id="4942" taxation-threshold="111149056" timestamp="2019-08-09T21:46:49.172" intervalms="62.235" />
<cycle-start id="4943" type="partial gc" contextid="0" timestamp="2019-08-09T21:46:49.172" intervalms="62.232" />
<gc-start id="4944" type="partial gc" contextid="4943" timestamp="2019-08-09T21:46:49.173">
  <mem-info id="4945" free="138412032" total="415236096" percent="33">
    <mem type="eden" free="0" total="111149056" percent="0" />
    <remembered-set count="14880" freebytes="16540800" totalbytes="16600320" percent="99" regionsoverflowed="0" regionsstable="10" regionsrebuilding="0"/>
  </mem-info>
</gc-start>
<allocation-stats totalBytes="111003728" >
  <allocated-bytes non-tlh="81944" tlh="110921784" arrayletleaf="0"/>
  <largest-consumer threadName="Thread-48" threadId="00000000020FC600" bytes="14076128" />
</allocation-stats>
<gc-op id="4946" type="copy forward" timems="10.404" contextid="4943" timestamp="2019-08-09T21:46:49.185">
  <memory-copied type="eden" objects="8987" bytes="3675288" bytesdiscarded="751160" />
  <memory-copied type="other" objects="17" bytes="688" bytesdiscarded="624" />
  <memory-cardclean objects="3125" bytes="142352" />
  <regions eden="53" other="4" />
  <remembered-set-cleared processed="5880" cleared="116" durationms="0.217" />
  <references type="phantom" candidates="4" cleared="0" enqueued="0" />
  <stringconstants candidates="16474" cleared="0"  />
</gc-op>
<gc-op id="4947" type="classunload" timems="0.011" contextid="4943" timestamp="2019-08-09T21:46:49.185">
  <classunload-info classloadercandidates="69" classloadersunloaded="0" classesunloaded="0" anonymousclassesunloaded="0" quiescems="0.000" setupms="0.011" scanms="0.000" postms="0.000" />
</gc-op>
<heap-resize id="4948" type="expand" space="default" amount="10485760" count="1" timems="0.076" reason="excessive time being spent in gc" timestamp="2019-08-09T21:46:49.186" />
<gc-end id="4949" type="partial gc" contextid="4943" durationms="13.207" usertimems="23.636" systemtimems="5.640" timestamp="2019-08-09T21:46:49.186" activeThreads="16">
  <mem-info id="4950" free="255852544" total="425721856" percent="60">
    <mem type="eden" free="3961880" total="8388608" percent="47" />
    <remembered-set count="13504" freebytes="16965504" totalbytes="17019520" percent="99" regionsoverflowed="0" regionsstable="10" regionsrebuilding="0"/>
  </mem-info>
</gc-end>
<cycle-end id="4951" type="partial gc" contextid="4943" timestamp="2019-08-09T21:46:49.186" />
  <attribute name="elasticGC enabled" value="1" />
  <attribute name= "numThreadsSpecified" value="16" />
  <attribute name="heapSize specified" value="0" />
  <attribute name="Current GC Util" value="107" />
  <attribute name= "Current Time Running" value="222261" />
  <attribute name ="GC Interval" value="0" />
  <attribute name="Target GC Util Change" value ="80.000000" />
  <attribute name="Current GC Util Change" value="107.000000"/>
  <attribute name="Current Error" value="11.000000" />
  <attribute name="Output H" value="415311792"/>
  <attribute name="Output I" value="2024"/>
  <attribute name="Output T" value="16"/>
  <attribute name= "Current Time Running" value="222261" />
  <attribute name="GC Util currently" value="107" />
  <attribute name="CPU Util currently" value="1294617236401" />
<exclusive-end id="4952" timestamp="2019-08-09T21:46:49.186" durationms="13.807" />

<exclusive-start id="4953" timestamp="2019-08-09T21:46:49.248" intervalms="76.079">
  <response-info timems="0.181" idlems="0.181" threads="0" lastid="00000000020D3300" lastname="Thread-47" />
</exclusive-start>
<allocation-taxation id="4954" taxation-threshold="113246208" timestamp="2019-08-09T21:46:49.248" intervalms="76.135" />
<cycle-start id="4955" type="partial gc" contextid="0" timestamp="2019-08-09T21:46:49.249" intervalms="76.244" />
<gc-start id="4956" type="partial gc" contextid="4955" timestamp="2019-08-09T21:46:49.249">
  <mem-info id="4957" free="142606336" total="425721856" percent="33">
    <mem type="eden" free="0" total="113246208" percent="0" />
    <remembered-set count="13216" freebytes="16966656" totalbytes="17019520" percent="99" regionsoverflowed="0" regionsstable="10" regionsrebuilding="0"/>
  </mem-info>
</gc-start>
<allocation-stats totalBytes="112983976" >
  <allocated-bytes non-tlh="16392" tlh="112967584" arrayletleaf="0"/>
  <largest-consumer threadName="Thread-43" threadId="00000000020ED600" bytes="13362936" />
</allocation-stats>
<gc-op id="4958" type="copy forward" timems="8.050" contextid="4955" timestamp="2019-08-09T21:46:49.260">
  <memory-copied type="eden" objects="9636" bytes="3863576" bytesdiscarded="724888" />
  <memory-copied type="other" objects="14" bytes="728" bytesdiscarded="0" />
  <memory-cardclean objects="3144" bytes="143328" />
  <regions eden="54" other="5" />
  <remembered-set-cleared processed="5892" cleared="128" durationms="0.219" />
  <references type="phantom" candidates="3" cleared="0" enqueued="0" />
  <stringconstants candidates="16474" cleared="0"  />
</gc-op>
<gc-op id="4959" type="classunload" timems="0.014" contextid="4955" timestamp="2019-08-09T21:46:49.260">
  <classunload-info classloadercandidates="69" classloadersunloaded="0" classesunloaded="0" anonymousclassesunloaded="0" quiescems="0.000" setupms="0.013" scanms="0.000" postms="0.000" />
</gc-op>
<gc-end id="4960" type="partial gc" contextid="4955" durationms="10.766" usertimems="15.284" systemtimems="6.993" timestamp="2019-08-09T21:46:49.260" activeThreads="16">
  <mem-info id="4961" free="257949696" total="425721856" percent="60">
    <mem type="eden" free="1702712" total="6291456" percent="27" />
    <remembered-set count="15552" freebytes="16957312" totalbytes="17019520" percent="99" regionsoverflowed="0" regionsstable="10" regionsrebuilding="0"/>
  </mem-info>
</gc-end>
<cycle-end id="4962" type="partial gc" contextid="4955" timestamp="2019-08-09T21:46:49.260" />
  <attribute name="elasticGC enabled" value="1" />
  <attribute name= "numThreadsSpecified" value="16" />
  <attribute name="heapSize specified" value="0" />
  <attribute name="Current GC Util" value="33" />
  <attribute name= "Current Time Running" value="222338" />
  <attribute name ="GC Interval" value="0" />
  <attribute name="Target GC Util Change" value ="80.000000" />
  <attribute name="Current GC Util Change" value="33.000000"/>
  <attribute name="Current Error" value="100.000000" />
  <attribute name="Output H" value="425797656"/>
  <attribute name="Output I" value="2128"/>
  <attribute name="Output T" value="16"/>
  <attribute name= "Current Time Running" value="222338" />
  <attribute name="GC Util currently" value="33" />
  <attribute name="CPU Util currently" value="529251702600" />
<exclusive-end id="4963" timestamp="2019-08-09T21:46:49.260" durationms="11.751" />

<exclusive-start id="4964" timestamp="2019-08-09T21:46:49.362" intervalms="114.037">
  <response-info timems="0.260" idlems="0.260" threads="0" lastid="0000000002125900" lastname="Thread-38" />
</exclusive-start>
<allocation-taxation id="4965" taxation-threshold="113246208" timestamp="2019-08-09T21:46:49.362" intervalms="113.985" />
<cycle-start id="4966" type="partial gc" contextid="0" timestamp="2019-08-09T21:46:49.362" intervalms="113.874" />
<gc-start id="4967" type="partial gc" contextid="4966" timestamp="2019-08-09T21:46:49.363">
  <mem-info id="4968" free="144703488" total="425721856" percent="33">
    <mem type="eden" free="0" total="113246208" percent="0" />
    <remembered-set count="15200" freebytes="16958720" totalbytes="17019520" percent="99" regionsoverflowed="0" regionsstable="10" regionsrebuilding="0"/>
  </mem-info>
</gc-start>
<allocation-stats totalBytes="113037608" >
  <allocated-bytes non-tlh="122928" tlh="112914680" arrayletleaf="0"/>
  <largest-consumer threadName="Thread-52" threadId="00000000020F8A00" bytes="12233632" />
</allocation-stats>
<gc-op id="4969" type="copy forward" timems="7.925" contextid="4966" timestamp="2019-08-09T21:46:49.371">
  <memory-copied type="eden" objects="8332" bytes="3396040" bytesdiscarded="767832" />
  <memory-copied type="other" objects="20" bytes="720" bytesdiscarded="624" />
  <memory-cardclean objects="3139" bytes="143328" />
  <regions eden="54" other="4" />
  <remembered-set-cleared processed="5880" cleared="117" durationms="0.416" />
  <references type="phantom" candidates="3" cleared="0" enqueued="0" />
  <stringconstants candidates="16474" cleared="0"  />
</gc-op>
<gc-op id="4970" type="classunload" timems="0.015" contextid="4966" timestamp="2019-08-09T21:46:49.371">
  <classunload-info classloadercandidates="69" classloadersunloaded="0" classesunloaded="0" anonymousclassesunloaded="0" quiescems="0.000" setupms="0.015" scanms="0.000" postms="0.000" />
</gc-op>
<gc-end id="4971" type="partial gc" contextid="4966" durationms="8.948" usertimems="16.205" systemtimems="8.307" timestamp="2019-08-09T21:46:49.372" activeThreads="16">
  <mem-info id="4972" free="260046848" total="425721856" percent="61">
    <mem type="eden" free="30144" total="4194304" percent="0" />
    <remembered-set count="15040" freebytes="16959360" totalbytes="17019520" percent="99" regionsoverflowed="0" regionsstable="10" regionsrebuilding="0"/>
  </mem-info>
</gc-end>
<cycle-end id="4973" type="partial gc" contextid="4966" timestamp="2019-08-09T21:46:49.372" />
  <attribute name="elasticGC enabled" value="1" />
  <attribute name= "numThreadsSpecified" value="16" />
  <attribute name="heapSize specified" value="0" />
  <attribute name="Current GC Util" value="153" />
  <attribute name= "Current Time Running" value="222450" />
  <attribute name ="GC Interval" value="0" />
  <attribute name="Target GC Util Change" value ="80.000000" />
  <attribute name="Current GC Util Change" value="153.000000"/>
  <attribute name="Current Error" value="-73.000000" />
  <attribute name="Output H" value="425797456"/>
  <attribute name="Output I" value="1928"/>
  <attribute name="Output T" value="16"/>
  <attribute name= "Current Time Running" value="222450" />
  <attribute name="GC Util currently" value="153" />
  <attribute name="CPU Util currently" value="2605313075929" />
<exclusive-end id="4974" timestamp="2019-08-09T21:46:49.372" durationms="9.584" />

<exclusive-start id="4975" timestamp="2019-08-09T21:46:49.435" intervalms="72.185">
  <response-info timems="1.070" idlems="0.404" threads="2" lastid="000000000210B600" lastname="Thread-44" />
</exclusive-start>
<allocation-taxation id="4976" taxation-threshold="113246208" timestamp="2019-08-09T21:46:49.435" intervalms="72.182" />
<cycle-start id="4977" type="partial gc" contextid="0" timestamp="2019-08-09T21:46:49.435" intervalms="72.208" />
<gc-start id="4978" type="partial gc" contextid="4977" timestamp="2019-08-09T21:46:49.435">
  <mem-info id="4979" free="146800640" total="425721856" percent="34">
    <mem type="eden" free="0" total="113246208" percent="0" />
    <remembered-set count="14624" freebytes="16961024" totalbytes="17019520" percent="99" regionsoverflowed="0" regionsstable="10" regionsrebuilding="0"/>
  </mem-info>
</gc-start>
<allocation-stats totalBytes="113104616" >
  <allocated-bytes non-tlh="32784" tlh="113071832" arrayletleaf="0"/>
  <largest-consumer threadName="Thread-42" threadId="0000000002129500" bytes="12483656" />
</allocation-stats>
<gc-op id="4980" type="copy forward" timems="22.307" contextid="4977" timestamp="2019-08-09T21:46:49.460">
  <memory-copied type="eden" objects="9094" bytes="3561792" bytesdiscarded="407488" />
  <memory-copied type="other" objects="29" bytes="1112" bytesdiscarded="624" />
  <memory-cardclean objects="3143" bytes="143208" />
  <regions eden="54" other="3" />
  <remembered-set-cleared processed="5881" cleared="117" durationms="0.271" />
  <references type="phantom" candidates="1" cleared="0" enqueued="0" />
  <stringconstants candidates="16474" cleared="0"  />
</gc-op>
<gc-op id="4981" type="classunload" timems="0.012" contextid="4977" timestamp="2019-08-09T21:46:49.460">
  <classunload-info classloadercandidates="69" classloadersunloaded="0" classesunloaded="0" anonymousclassesunloaded="0" quiescems="0.000" setupms="0.012" scanms="0.000" postms="0.000" />
</gc-op>
<heap-resize id="4982" type="expand" space="default" amount="14680064" count="1" timems="0.230" reason="excessive time being spent in gc" timestamp="2019-08-09T21:46:49.460" />
<gc-end id="4983" type="partial gc" contextid="4977" durationms="24.950" usertimems="32.179" systemtimems="35.959" timestamp="2019-08-09T21:46:49.460" activeThreads="16">
  <mem-info id="4984" free="264241152" total="440401920" percent="60">
    <mem type="eden" free="8613376" total="12582912" percent="68" />
    <remembered-set count="12992" freebytes="17554432" totalbytes="17606400" percent="99" regionsoverflowed="0" regionsstable="10" regionsrebuilding="0"/>
  </mem-info>
</gc-end>
<cycle-end id="4985" type="partial gc" contextid="4977" timestamp="2019-08-09T21:46:49.460" />
  <attribute name="elasticGC enabled" value="1" />
  <attribute name= "numThreadsSpecified" value="16" />
  <attribute name="heapSize specified" value="0" />
  <attribute name="Current GC Util" value="0" />
  <attribute name= "Current Time Running" value="222524" />
  <attribute name ="GC Interval" value="0" />
  <attribute name="Target GC Util Change" value ="80.000000" />
  <attribute name="Current GC Util Change" value="0.000000"/>
  <attribute name="Current Error" value="56.000000" />
  <attribute name="Output H" value="425797600"/>
  <attribute name="Output I" value="2072"/>
  <attribute name="Output T" value="16"/>
  <attribute name= "Current Time Running" value="222524" />
  <attribute name="GC Util currently" value="0" />
  <attribute name="CPU Util currently" value="631339220070" />
<exclusive-end id="4986" timestamp="2019-08-09T21:46:49.460" durationms="25.656" />

<exclusive-start id="4987" timestamp="2019-08-09T21:46:49.526" intervalms="91.604">
  <response-info timems="0.666" idlems="0.660" threads="2" lastid="0000000002112D00" lastname="Thread-46" />
</exclusive-start>
<allocation-taxation id="4988" taxation-threshold="117440512" timestamp="2019-08-09T21:46:49.526" intervalms="91.613" />
<cycle-start id="4989" type="partial gc" contextid="0" timestamp="2019-08-09T21:46:49.526" intervalms="91.602" />
<gc-start id="4990" type="partial gc" contextid="4989" timestamp="2019-08-09T21:46:49.527">
  <mem-info id="4991" free="146800640" total="440401920" percent="33">
    <mem type="eden" free="0" total="117440512" percent="0" />
    <remembered-set count="12704" freebytes="17555584" totalbytes="17606400" percent="99" regionsoverflowed="0" regionsstable="10" regionsrebuilding="0"/>
  </mem-info>
</gc-start>
<allocation-stats totalBytes="117258128" >
  <allocated-bytes non-tlh="49168" tlh="117208960" arrayletleaf="0"/>
  <largest-consumer threadName="Thread-52" threadId="00000000020F8A00" bytes="12307032" />
</allocation-stats>
<gc-op id="4992" type="copy forward" timems="9.394" contextid="4989" timestamp="2019-08-09T21:46:49.537">
  <memory-copied type="eden" objects="7790" bytes="2951176" bytesdiscarded="349824" />
  <memory-copied type="other" objects="21" bytes="824" bytesdiscarded="0" />
  <memory-cardclean objects="3121" bytes="142808" />
  <memory-traced type="eden" objects="1167" bytes="132128" />
  <memory-traced type="other" objects="0" bytes="0" />
  <regions eden="56" other="7" evacuated="62" marked="1" />
  <remembered-set-cleared processed="5888" cleared="124" durationms="0.181" />
  <references type="weak" candidates="2" cleared="0" enqueued="0" />
  <references type="phantom" candidates="6" cleared="0" enqueued="0" />
  <stringconstants candidates="16474" cleared="0"  />
</gc-op>
<gc-op id="4993" type="classunload" timems="0.011" contextid="4989" timestamp="2019-08-09T21:46:49.537">
  <classunload-info classloadercandidates="69" classloadersunloaded="0" classesunloaded="0" anonymousclassesunloaded="0" quiescems="0.000" setupms="0.011" scanms="0.000" postms="0.000" />
</gc-op>
<gc-op id="4994" type="sweep" timems="1.495" contextid="4989" timestamp="2019-08-09T21:46:49.539" />
<gc-op id="4995" type="compact" timems="3.225" contextid="4989" timestamp="2019-08-09T21:46:49.542">
  <compact-info movecount="0" movebytes="0" />
  <remembered-set-cleared processed="11990" cleared="124" durationms="0.190" />
</gc-op>
<gc-end id="4996" type="partial gc" contextid="4989" durationms="15.879" usertimems="20.419" systemtimems="16.606" timestamp="2019-08-09T21:46:49.543" activeThreads="16">
  <mem-info id="4997" free="268435456" total="440401920" percent="60">
    <mem type="eden" free="893072" total="6291456" percent="14" />
    <remembered-set count="10432" freebytes="17564672" totalbytes="17606400" percent="99" regionsoverflowed="0" regionsstable="10" regionsrebuilding="0"/>
  </mem-info>
</gc-end>
<cycle-end id="4998" type="partial gc" contextid="4989" timestamp="2019-08-09T21:46:49.543" />
  <attribute name="elasticGC enabled" value="1" />
  <attribute name= "numThreadsSpecified" value="16" />
  <attribute name="heapSize specified" value="0" />
  <attribute name="Current GC Util" value="131" />
  <attribute name= "Current Time Running" value="222626" />
  <attribute name ="GC Interval" value="0" />
  <attribute name="Target GC Util Change" value ="80.000000" />
  <attribute name="Current GC Util Change" value="131.000000"/>
  <attribute name="Current Error" value="-51.000000" />
  <attribute name="Output H" value="440477544"/>
  <attribute name="Output I" value="1952"/>
  <attribute name="Output T" value="16"/>
  <attribute name= "Current Time Running" value="222626" />
  <attribute name="GC Util currently" value="131" />
  <attribute name="CPU Util currently" value="708448986336" />
<exclusive-end id="4999" timestamp="2019-08-09T21:46:49.543" durationms="16.766" />

<exclusive-start id="5000" timestamp="2019-08-09T21:46:49.666" intervalms="139.761">
  <response-info timems="2.518" idlems="1.832" threads="13" lastid="00000000020D3300" lastname="Thread-47" />
</exclusive-start>
<allocation-taxation id="5001" taxation-threshold="117440512" timestamp="2019-08-09T21:46:49.666" intervalms="139.820" />
<cycle-start id="5002" type="partial gc" contextid="0" timestamp="2019-08-09T21:46:49.666" intervalms="139.831" />
<gc-start id="5003" type="partial gc" contextid="5002" timestamp="2019-08-09T21:46:49.666">
  <mem-info id="5004" free="150994944" total="440401920" percent="34">
    <mem type="eden" free="0" total="119537664" percent="0" />
    <remembered-set count="10432" freebytes="17564672" totalbytes="17606400" percent="99" regionsoverflowed="0" regionsstable="10" regionsrebuilding="0"/>
  </mem-info>
</gc-start>
<allocation-stats totalBytes="117193200" >
  <allocated-bytes non-tlh="475264" tlh="116717936" arrayletleaf="0"/>
  <largest-consumer threadName="Thread-41" threadId="000000000211E100" bytes="11407656" />
</allocation-stats>
<gc-op id="5005" type="copy forward" timems="4.150" contextid="5002" timestamp="2019-08-09T21:46:49.672">
  <memory-copied type="eden" objects="9866" bytes="3902232" bytesdiscarded="573200" />
  <memory-copied type="other" objects="16" bytes="576" bytesdiscarded="0" />
  <memory-cardclean objects="3138" bytes="143392" />
  <regions eden="56" other="4" />
  <remembered-set-cleared processed="5934" cleared="128" durationms="0.185" />
  <references type="phantom" candidates="3" cleared="0" enqueued="0" />
  <stringconstants candidates="16474" cleared="0"  />
</gc-op>
<gc-op id="5006" type="classunload" timems="0.010" contextid="5002" timestamp="2019-08-09T21:46:49.672">
  <classunload-info classloadercandidates="69" classloadersunloaded="0" classesunloaded="0" anonymousclassesunloaded="0" quiescems="0.000" setupms="0.009" scanms="0.000" postms="0.000" />
</gc-op>
<gc-end id="5007" type="partial gc" contextid="5002" durationms="5.465" usertimems="9.647" systemtimems="5.424" timestamp="2019-08-09T21:46:49.672" activeThreads="8">
  <mem-info id="5008" free="266338304" total="440401920" percent="60">
    <mem type="eden" free="1815744" total="6291456" percent="28" />
    <remembered-set count="13952" freebytes="17550592" totalbytes="17606400" percent="99" regionsoverflowed="0" regionsstable="10" regionsrebuilding="0"/>
  </mem-info>
</gc-end>
<cycle-end id="5009" type="partial gc" contextid="5002" timestamp="2019-08-09T21:46:49.672" />
  <attribute name="elasticGC enabled" value="1" />
  <attribute name= "numThreadsSpecified" value="8" />
  <attribute name="heapSize specified" value="0" />
  <attribute name="Current GC Util" value="114" />
  <attribute name= "Current Time Running" value="222754" />
  <attribute name ="GC Interval" value="0" />
  <attribute name="Target GC Util Change" value ="80.000000" />
  <attribute name="Current GC Util Change" value="114.000000"/>
  <attribute name="Current Error" value="-15.000000" />
  <attribute name="Output H" value="440477584"/>
  <attribute name="Output I" value="1992"/>
  <attribute name="Output T" value="8"/>
  <attribute name= "Current Time Running" value="222754" />
  <attribute name="GC Util currently" value="114" />
  <attribute name="CPU Util currently" value="1869070813637" />
<exclusive-end id="5010" timestamp="2019-08-09T21:46:49.672" durationms="6.177" />

<exclusive-start id="5011" timestamp="2019-08-09T21:46:49.748" intervalms="82.209">
  <response-info timems="1.430" idlems="1.430" threads="0" lastid="0000000002129500" lastname="Thread-42" />
</exclusive-start>
<allocation-taxation id="5012" taxation-threshold="117440512" timestamp="2019-08-09T21:46:49.748" intervalms="82.140" />
<cycle-start id="5013" type="partial gc" contextid="0" timestamp="2019-08-09T21:46:49.748" intervalms="82.147" />
<gc-start id="5014" type="partial gc" contextid="5013" timestamp="2019-08-09T21:46:49.748">
  <mem-info id="5015" free="148897792" total="440401920" percent="33">
    <mem type="eden" free="0" total="117440512" percent="0" />
    <remembered-set count="13728" freebytes="17551488" totalbytes="17606400" percent="99" regionsoverflowed="0" regionsstable="10" regionsrebuilding="0"/>
  </mem-info>
</gc-start>
<allocation-stats totalBytes="117215016" >
  <allocated-bytes non-tlh="32776" tlh="117182240" arrayletleaf="0"/>
  <largest-consumer threadName="Thread-38" threadId="0000000002125900" bytes="10986128" />
</allocation-stats>
<gc-op id="5016" type="copy forward" timems="13.228" contextid="5013" timestamp="2019-08-09T21:46:49.764">
  <memory-copied type="eden" objects="9040" bytes="3656912" bytesdiscarded="818960" />
  <memory-copied type="other" objects="16" bytes="576" bytesdiscarded="624" />
  <memory-cardclean objects="3154" bytes="143528" />
  <regions eden="56" other="4" />
  <remembered-set-cleared processed="5937" cleared="132" durationms="0.507" />
  <references type="weak" candidates="1" cleared="0" enqueued="0" />
  <references type="phantom" candidates="4" cleared="0" enqueued="0" />
  <stringconstants candidates="16474" cleared="0"  />
</gc-op>
<gc-op id="5017" type="classunload" timems="0.011" contextid="5013" timestamp="2019-08-09T21:46:49.764">
  <classunload-info classloadercandidates="69" classloadersunloaded="0" classesunloaded="0" anonymousclassesunloaded="0" quiescems="0.000" setupms="0.011" scanms="0.000" postms="0.000" />
</gc-op>
<gc-end id="5018" type="partial gc" contextid="5013" durationms="15.514" usertimems="25.867" systemtimems="13.758" timestamp="2019-08-09T21:46:49.764" activeThreads="16">
  <mem-info id="5019" free="266338304" total="440401920" percent="60">
    <mem type="eden" free="1815304" total="6291456" percent="28" />
    <remembered-set count="14592" freebytes="17548032" totalbytes="17606400" percent="99" regionsoverflowed="0" regionsstable="10" regionsrebuilding="0"/>
  </mem-info>
</gc-end>
<cycle-end id="5020" type="partial gc" contextid="5013" timestamp="2019-08-09T21:46:49.764" />
  <attribute name="elasticGC enabled" value="1" />
  <attribute name= "numThreadsSpecified" value="16" />
  <attribute name="heapSize specified" value="0" />
  <attribute name="Current GC Util" value="63" />
  <attribute name= "Current Time Running" value="222837" />
  <attribute name ="GC Interval" value="0" />
  <attribute name="Target GC Util Change" value ="80.000000" />
  <attribute name="Current GC Util Change" value="63.000000"/>
  <attribute name="Current Error" value="67.000000" />
  <attribute name="Output H" value="440477680"/>
  <attribute name="Output I" value="2088"/>
  <attribute name="Output T" value="16"/>
  <attribute name= "Current Time Running" value="222837" />
  <attribute name="GC Util currently" value="63" />
  <attribute name="CPU Util currently" value="821445228597" />
<exclusive-end id="5021" timestamp="2019-08-09T21:46:49.764" durationms="16.150" />

<exclusive-start id="5022" timestamp="2019-08-09T21:46:49.835" intervalms="87.020">
  <response-info timems="1.589" idlems="1.589" threads="0" lastid="000000000210B600" lastname="Thread-44" />
</exclusive-start>
<allocation-taxation id="5023" taxation-threshold="117440512" timestamp="2019-08-09T21:46:49.835" intervalms="87.021" />
<cycle-start id="5024" type="partial gc" contextid="0" timestamp="2019-08-09T21:46:49.835" intervalms="86.992" />
<gc-start id="5025" type="partial gc" contextid="5024" timestamp="2019-08-09T21:46:49.836">
  <mem-info id="5026" free="148897792" total="440401920" percent="33">
    <mem type="eden" free="0" total="117440512" percent="0" />
    <remembered-set count="14144" freebytes="17549824" totalbytes="17606400" percent="99" regionsoverflowed="0" regionsstable="10" regionsrebuilding="0"/>
  </mem-info>
</gc-start>
<allocation-stats totalBytes="117269720" >
  <allocated-bytes non-tlh="32784" tlh="117236936" arrayletleaf="0"/>
  <largest-consumer threadName="Thread-41" threadId="000000000211E100" bytes="11528048" />
</allocation-stats>
<gc-op id="5027" type="copy forward" timems="10.957" contextid="5024" timestamp="2019-08-09T21:46:49.848">
  <memory-copied type="eden" objects="8887" bytes="3595512" bytesdiscarded="549752" />
  <memory-copied type="other" objects="26" bytes="1072" bytesdiscarded="624" />
  <memory-cardclean objects="3130" bytes="142840" />
  <regions eden="56" other="4" />
  <remembered-set-cleared processed="5925" cleared="119" durationms="0.556" />
  <references type="weak" candidates="1" cleared="0" enqueued="0" />
  <references type="phantom" candidates="3" cleared="0" enqueued="0" />
  <stringconstants candidates="16474" cleared="0"  />
</gc-op>
<gc-op id="5028" type="classunload" timems="0.015" contextid="5024" timestamp="2019-08-09T21:46:49.848">
  <classunload-info classloadercandidates="69" classloadersunloaded="0" classesunloaded="0" anonymousclassesunloaded="0" quiescems="0.000" setupms="0.015" scanms="0.000" postms="0.000" />
</gc-op>
<gc-end id="5029" type="partial gc" contextid="5024" durationms="12.340" usertimems="28.113" systemtimems="7.958" timestamp="2019-08-09T21:46:49.848" activeThreads="16">
  <mem-info id="5030" free="266338304" total="440401920" percent="60">
    <mem type="eden" free="48768" total="4194304" percent="1" />
    <remembered-set count="15104" freebytes="17545984" totalbytes="17606400" percent="99" regionsoverflowed="0" regionsstable="10" regionsrebuilding="0"/>
  </mem-info>
</gc-end>
<cycle-end id="5031" type="partial gc" contextid="5024" timestamp="2019-08-09T21:46:49.848" />
  <attribute name="elasticGC enabled" value="1" />
  <attribute name= "numThreadsSpecified" value="16" />
  <attribute name="heapSize specified" value="0" />
  <attribute name="Current GC Util" value="134" />
  <attribute name= "Current Time Running" value="222923" />
  <attribute name ="GC Interval" value="0" />
  <attribute name="Target GC Util Change" value ="80.000000" />
  <attribute name="Current GC Util Change" value="134.000000"/>
  <attribute name="Current Error" value="-54.000000" />
  <attribute name="Output H" value="440477544"/>
  <attribute name="Output I" value="1952"/>
  <attribute name="Output T" value="16"/>
  <attribute name= "Current Time Running" value="222923" />
  <attribute name="GC Util currently" value="134" />
  <attribute name="CPU Util currently" value="2341028414109" />
<exclusive-end id="5032" timestamp="2019-08-09T21:46:49.848" durationms="12.971" />

<exclusive-start id="5033" timestamp="2019-08-09T21:46:49.957" intervalms="121.536">
  <response-info timems="0.152" idlems="0.152" threads="0" lastid="0000000002134100" lastname="Thread-51" />
</exclusive-start>
<allocation-taxation id="5034" taxation-threshold="117440512" timestamp="2019-08-09T21:46:49.957" intervalms="121.530" />
<cycle-start id="5035" type="partial gc" contextid="0" timestamp="2019-08-09T21:46:49.957" intervalms="121.533" />
<gc-start id="5036" type="partial gc" contextid="5035" timestamp="2019-08-09T21:46:49.957">
  <mem-info id="5037" free="148897792" total="440401920" percent="33">
    <mem type="eden" free="0" total="117440512" percent="0" />
    <remembered-set count="14848" freebytes="17547008" totalbytes="17606400" percent="99" regionsoverflowed="0" regionsstable="10" regionsrebuilding="0"/>
  </mem-info>
</gc-start>
<allocation-stats totalBytes="117295800" >
  <allocated-bytes non-tlh="65568" tlh="117230232" arrayletleaf="0"/>
  <largest-consumer threadName="Thread-48" threadId="00000000020FC600" bytes="11352904" />
</allocation-stats>
<gc-op id="5038" type="copy forward" timems="9.267" contextid="5035" timestamp="2019-08-09T21:46:49.967">
  <memory-copied type="eden" objects="9609" bytes="3898320" bytesdiscarded="468488" />
  <memory-copied type="other" objects="26" bytes="1072" bytesdiscarded="0" />
  <memory-cardclean objects="3148" bytes="144128" />
  <regions eden="56" other="3" />
  <remembered-set-cleared processed="5937" cleared="134" durationms="0.213" />
  <references type="weak" candidates="1" cleared="0" enqueued="0" />
  <references type="phantom" candidates="6" cleared="0" enqueued="0" />
  <stringconstants candidates="16474" cleared="0"  />
</gc-op>
<gc-op id="5039" type="classunload" timems="0.010" contextid="5035" timestamp="2019-08-09T21:46:49.967">
  <classunload-info classloadercandidates="69" classloadersunloaded="0" classesunloaded="0" anonymousclassesunloaded="0" quiescems="0.000" setupms="0.010" scanms="0.000" postms="0.000" />
</gc-op>
<gc-end id="5040" type="partial gc" contextid="5035" durationms="10.440" usertimems="11.276" systemtimems="12.512" timestamp="2019-08-09T21:46:49.967" activeThreads="16">
  <mem-info id="5041" free="260046848" total="440401920" percent="59">
    <mem type="eden" free="4021504" total="8388608" percent="47" />
    <remembered-set count="14080" freebytes="17550080" totalbytes="17606400" percent="99" regionsoverflowed="0" regionsstable="10" regionsrebuilding="0"/>
  </mem-info>
</gc-end>
<cycle-end id="5042" type="partial gc" contextid="5035" timestamp="2019-08-09T21:46:49.968" />
  <attribute name="elasticGC enabled" value="1" />
  <attribute name= "numThreadsSpecified" value="16" />
  <attribute name="heapSize specified" value="0" />
  <attribute name="Current GC Util" value="113" />
  <attribute name= "Current Time Running" value="223044" />
  <attribute name ="GC Interval" value="0" />
  <attribute name="Target GC Util Change" value ="80.000000" />
  <attribute name="Current GC Util Change" value="113.000000"/>
  <attribute name="Current Error" value="-36.000000" />
  <attribute name="Output H" value="440477560"/>
  <attribute name="Output I" value="1968"/>
  <attribute name="Output T" value="16"/>
  <attribute name= "Current Time Running" value="223044" />
  <attribute name="GC Util currently" value="113" />
  <attribute name="CPU Util currently" value="1830301215882" />
<exclusive-end id="5043" timestamp="2019-08-09T21:46:49.968" durationms="11.084" />

<exclusive-start id="5044" timestamp="2019-08-09T21:46:50.047" intervalms="90.371">
  <response-info timems="0.633" idlems="0.319" threads="1" lastid="0000000002100200" lastname="Thread-50" />
</exclusive-start>
<allocation-taxation id="5045" taxation-threshold="117440512" timestamp="2019-08-09T21:46:50.047" intervalms="90.377" />
<cycle-start id="5046" type="partial gc" contextid="0" timestamp="2019-08-09T21:46:50.047" intervalms="90.390" />
<gc-start id="5047" type="partial gc" contextid="5046" timestamp="2019-08-09T21:46:50.047">
  <mem-info id="5048" free="142606336" total="440401920" percent="32">
    <mem type="eden" free="0" total="117440512" percent="0" />
    <remembered-set count="13824" freebytes="17551104" totalbytes="17606400" percent="99" regionsoverflowed="0" regionsstable="10" regionsrebuilding="0"/>
  </mem-info>
</gc-start>
<allocation-stats totalBytes="117292424" >
  <allocated-bytes non-tlh="65560" tlh="117226864" arrayletleaf="0"/>
  <largest-consumer threadName="Thread-42" threadId="0000000002129500" bytes="12143592" />
</allocation-stats>
<gc-op id="5049" type="copy forward" timems="7.492" contextid="5046" timestamp="2019-08-09T21:46:50.056">
  <memory-copied type="eden" objects="10214" bytes="4073296" bytesdiscarded="776272" />
  <memory-copied type="other" objects="16" bytes="576" bytesdiscarded="0" />
  <memory-cardclean objects="3157" bytes="144304" />
  <regions eden="56" other="5" />
  <remembered-set-cleared processed="5938" cleared="134" durationms="0.216" />
  <references type="phantom" candidates="3" cleared="0" enqueued="0" />
  <stringconstants candidates="16474" cleared="0"  />
</gc-op>
<gc-op id="5050" type="classunload" timems="0.010" contextid="5046" timestamp="2019-08-09T21:46:50.056">
  <classunload-info classloadercandidates="69" classloadersunloaded="0" classesunloaded="0" anonymousclassesunloaded="0" quiescems="0.000" setupms="0.009" scanms="0.000" postms="0.000" />
</gc-op>
<heap-resize id="5051" type="expand" space="default" amount="10485760" count="1" timems="0.076" reason="excessive time being spent in gc" timestamp="2019-08-09T21:46:50.056" />
<gc-end id="5052" type="partial gc" contextid="5046" durationms="8.699" usertimems="11.404" systemtimems="11.754" timestamp="2019-08-09T21:46:50.056" activeThreads="16">
  <mem-info id="5053" free="270532608" total="450887680" percent="60">
    <mem type="eden" free="1441608" total="6291456" percent="22" />
    <remembered-set count="14592" freebytes="17967232" totalbytes="18025600" percent="99" regionsoverflowed="0" regionsstable="10" regionsrebuilding="0"/>
  </mem-info>
</gc-end>
<cycle-end id="5054" type="partial gc" contextid="5046" timestamp="2019-08-09T21:46:50.056" />
  <attribute name="elasticGC enabled" value="1" />
  <attribute name= "numThreadsSpecified" value="16" />
  <attribute name="heapSize specified" value="0" />
  <attribute name="Current GC Util" value="142" />
  <attribute name= "Current Time Running" value="223135" />
  <attribute name ="GC Interval" value="0" />
  <attribute name="Target GC Util Change" value ="80.000000" />
  <attribute name="Current GC Util Change" value="142.000000"/>
  <attribute name="Current Error" value="-44.000000" />
  <attribute name="Output H" value="440477552"/>
  <attribute name="Output I" value="1960"/>
  <attribute name="Output T" value="16"/>
  <attribute name= "Current Time Running" value="223135" />
  <attribute name="GC Util currently" value="142" />
  <attribute name="CPU Util currently" value="2457049587927" />
<exclusive-end id="5055" timestamp="2019-08-09T21:46:50.056" durationms="9.323" />

<exclusive-start id="5056" timestamp="2019-08-09T21:46:50.126" intervalms="79.165">
  <response-info timems="0.824" idlems="0.824" threads="0" lastid="0000000002100200" lastname="Thread-50" />
</exclusive-start>
<allocation-taxation id="5057" taxation-threshold="119537664" timestamp="2019-08-09T21:46:50.126" intervalms="79.189" />
<cycle-start id="5058" type="partial gc" contextid="0" timestamp="2019-08-09T21:46:50.126" intervalms="79.187" />
<gc-start id="5059" type="partial gc" contextid="5058" timestamp="2019-08-09T21:46:50.127">
  <mem-info id="5060" free="150994944" total="450887680" percent="33">
    <mem type="eden" free="0" total="119537664" percent="0" />
    <remembered-set count="14176" freebytes="17968896" totalbytes="18025600" percent="99" regionsoverflowed="0" regionsstable="10" regionsrebuilding="0"/>
  </mem-info>
</gc-start>
<allocation-stats totalBytes="119292712" >
  <allocated-bytes non-tlh="81944" tlh="119210768" arrayletleaf="0"/>
  <largest-consumer threadName="Thread-42" threadId="0000000002129500" bytes="13747952" />
</allocation-stats>
<gc-op id="5061" type="copy forward" timems="7.250" contextid="5058" timestamp="2019-08-09T21:46:50.135">
  <memory-copied type="eden" objects="8230" bytes="3496448" bytesdiscarded="668280" />
  <memory-copied type="other" objects="21" bytes="832" bytesdiscarded="512" />
  <memory-cardclean objects="3160" bytes="144544" />
  <regions eden="57" other="4" />
  <remembered-set-cleared processed="5935" cleared="132" durationms="0.197" />
  <references type="phantom" candidates="3" cleared="0" enqueued="0" />
  <stringconstants candidates="16474" cleared="0"  />
</gc-op>
<gc-op id="5062" type="classunload" timems="0.014" contextid="5058" timestamp="2019-08-09T21:46:50.135">
  <classunload-info classloadercandidates="69" classloadersunloaded="0" classesunloaded="0" anonymousclassesunloaded="0" quiescems="0.000" setupms="0.014" scanms="0.000" postms="0.000" />
</gc-op>
<gc-end id="5063" type="partial gc" contextid="5058" durationms="8.655" usertimems="10.289" systemtimems="10.406" timestamp="2019-08-09T21:46:50.135" activeThreads="16">
  <mem-info id="5064" free="270532608" total="450887680" percent="60">
    <mem type="eden" free="29304" total="4194304" percent="0" />
    <remembered-set count="14592" freebytes="17967232" totalbytes="18025600" percent="99" regionsoverflowed="0" regionsstable="10" regionsrebuilding="0"/>
  </mem-info>
</gc-end>
<cycle-end id="5065" type="partial gc" contextid="5058" timestamp="2019-08-09T21:46:50.135" />
  <attribute name="elasticGC enabled" value="1" />
  <attribute name= "numThreadsSpecified" value="16" />
  <attribute name="heapSize specified" value="0" />
  <attribute name="Current GC Util" value="82" />
  <attribute name= "Current Time Running" value="223214" />
  <attribute name ="GC Interval" value="0" />
  <attribute name="Target GC Util Change" value ="80.000000" />
  <attribute name="Current GC Util Change" value="82.000000"/>
  <attribute name="Current Error" value="-2.000000" />
  <attribute name="Output H" value="450963360"/>
  <attribute name="Output I" value="2008"/>
  <attribute name="Output T" value="16"/>
  <attribute name= "Current Time Running" value="223214" />
  <attribute name="GC Util currently" value="82" />
  <attribute name="CPU Util currently" value="1366781712559" />
<exclusive-end id="5066" timestamp="2019-08-09T21:46:50.136" durationms="9.351" />

<exclusive-start id="5067" timestamp="2019-08-09T21:46:50.209" intervalms="83.084">
  <response-info timems="0.162" idlems="0.162" threads="0" lastid="0000000002121D00" lastname="Thread-37" />
</exclusive-start>
<allocation-taxation id="5068" taxation-threshold="119537664" timestamp="2019-08-09T21:46:50.209" intervalms="83.060" />
<cycle-start id="5069" type="partial gc" contextid="0" timestamp="2019-08-09T21:46:50.209" intervalms="83.050" />
<gc-start id="5070" type="partial gc" contextid="5069" timestamp="2019-08-09T21:46:50.210">
  <mem-info id="5071" free="150994944" total="450887680" percent="33">
    <mem type="eden" free="0" total="119537664" percent="0" />
    <remembered-set count="14208" freebytes="17968768" totalbytes="18025600" percent="99" regionsoverflowed="0" regionsstable="10" regionsrebuilding="0"/>
  </mem-info>
</gc-start>
<allocation-stats totalBytes="119456456" >
  <allocated-bytes non-tlh="49168" tlh="119407288" arrayletleaf="0"/>
  <largest-consumer threadName="Thread-51" threadId="0000000002134100" bytes="12581352" />
</allocation-stats>
<gc-op id="5072" type="copy forward" timems="8.971" contextid="5069" timestamp="2019-08-09T21:46:50.219">
  <memory-copied type="eden" objects="9879" bytes="3969480" bytesdiscarded="637816" />
  <memory-copied type="other" objects="22" bytes="936" bytesdiscarded="0" />
  <memory-cardclean objects="3137" bytes="143440" />
  <regions eden="57" other="3" />
  <remembered-set-cleared processed="5924" cleared="120" durationms="0.767" />
  <references type="phantom" candidates="3" cleared="0" enqueued="0" />
  <stringconstants candidates="16474" cleared="0"  />
</gc-op>
<gc-op id="5073" type="classunload" timems="0.011" contextid="5069" timestamp="2019-08-09T21:46:50.219">
  <classunload-info classloadercandidates="69" classloadersunloaded="0" classesunloaded="0" anonymousclassesunloaded="0" quiescems="0.000" setupms="0.011" scanms="0.000" postms="0.000" />
</gc-op>
<gc-end id="5074" type="partial gc" contextid="5069" durationms="10.005" usertimems="23.276" systemtimems="3.948" timestamp="2019-08-09T21:46:50.220" activeThreads="16">
  <mem-info id="5075" free="266338304" total="450887680" percent="59">
    <mem type="eden" free="1683880" total="6291456" percent="26" />
    <remembered-set count="15616" freebytes="17963136" totalbytes="18025600" percent="99" regionsoverflowed="0" regionsstable="10" regionsrebuilding="0"/>
  </mem-info>
</gc-end>
<cycle-end id="5076" type="partial gc" contextid="5069" timestamp="2019-08-09T21:46:50.220" />
  <attribute name="elasticGC enabled" value="1" />
  <attribute name= "numThreadsSpecified" value="16" />
  <attribute name="heapSize specified" value="0" />
  <attribute name="Current GC Util" value="147" />
  <attribute name= "Current Time Running" value="223297" />
  <attribute name ="GC Interval" value="0" />
  <attribute name="Target GC Util Change" value ="80.000000" />
  <attribute name="Current GC Util Change" value="147.000000"/>
  <attribute name="Current Error" value="-12.000000" />
  <attribute name="Output H" value="450963352"/>
  <attribute name="Output I" value="2000"/>
  <attribute name="Output T" value="16"/>
  <attribute name= "Current Time Running" value="223297" />
  <attribute name="GC Util currently" value="147" />
  <attribute name="CPU Util currently" value="2598413750377" />
<exclusive-end id="5077" timestamp="2019-08-09T21:46:50.220" durationms="10.605" />

<exclusive-start id="5078" timestamp="2019-08-09T21:46:50.282" intervalms="72.911">
  <response-info timems="0.124" idlems="0.124" threads="0" lastid="00000000020D3300" lastname="Thread-47" />
</exclusive-start>
<allocation-taxation id="5079" taxation-threshold="119537664" timestamp="2019-08-09T21:46:50.282" intervalms="72.910" />
<cycle-start id="5080" type="partial gc" contextid="0" timestamp="2019-08-09T21:46:50.282" intervalms="72.904" />
<gc-start id="5081" type="partial gc" contextid="5080" timestamp="2019-08-09T21:46:50.283">
  <mem-info id="5082" free="146800640" total="450887680" percent="32">
    <mem type="eden" free="0" total="119537664" percent="0" />
    <remembered-set count="15200" freebytes="17964800" totalbytes="18025600" percent="99" regionsoverflowed="0" regionsstable="10" regionsrebuilding="0"/>
  </mem-info>
</gc-start>
<allocation-stats totalBytes="119355848" >
  <allocated-bytes non-tlh="32784" tlh="119323064" arrayletleaf="0"/>
  <largest-consumer threadName="Thread-51" threadId="0000000002134100" bytes="12157664" />
</allocation-stats>
<gc-op id="5083" type="copy forward" timems="8.532" contextid="5080" timestamp="2019-08-09T21:46:50.292">
  <memory-copied type="eden" objects="9789" bytes="3841104" bytesdiscarded="661728" />
  <memory-copied type="other" objects="21" bytes="824" bytesdiscarded="624" />
  <memory-cardclean objects="3151" bytes="143808" />
  <regions eden="57" other="4" />
  <remembered-set-cleared processed="5927" cleared="124" durationms="0.548" />
  <references type="phantom" candidates="4" cleared="0" enqueued="0" />
  <stringconstants candidates="16474" cleared="0"  />
</gc-op>
<gc-op id="5084" type="classunload" timems="0.014" contextid="5080" timestamp="2019-08-09T21:46:50.292">
  <classunload-info classloadercandidates="69" classloadersunloaded="0" classesunloaded="0" anonymousclassesunloaded="0" quiescems="0.000" setupms="0.012" scanms="0.000" postms="0.000" />
</gc-op>
<gc-end id="5085" type="partial gc" contextid="5080" durationms="9.752" usertimems="25.041" systemtimems="1.796" timestamp="2019-08-09T21:46:50.292" activeThreads="16">
  <mem-info id="5086" free="264241152" total="450887680" percent="58">
    <mem type="eden" free="1788336" total="6291456" percent="28" />
    <remembered-set count="16128" freebytes="17961088" totalbytes="18025600" percent="99" regionsoverflowed="0" regionsstable="10" regionsrebuilding="0"/>
  </mem-info>
</gc-end>
<cycle-end id="5087" type="partial gc" contextid="5080" timestamp="2019-08-09T21:46:50.292" />
  <attribute name="elasticGC enabled" value="1" />
  <attribute name= "numThreadsSpecified" value="16" />
  <attribute name="heapSize specified" value="0" />
  <attribute name="Current GC Util" value="146" />
  <attribute name= "Current Time Running" value="223370" />
  <attribute name ="GC Interval" value="0" />
  <attribute name="Target GC Util Change" value ="80.000000" />
  <attribute name="Current GC Util Change" value="146.000000"/>
  <attribute name="Current Error" value="-35.000000" />
  <attribute name="Output H" value="450963320"/>
  <attribute name="Output I" value="1968"/>
  <attribute name="Output T" value="16"/>
  <attribute name= "Current Time Running" value="223370" />
  <attribute name="GC Util currently" value="146" />
  <attribute name="CPU Util currently" value="2292030976728" />
<exclusive-end id="5088" timestamp="2019-08-09T21:46:50.292" durationms="10.322" />

<exclusive-start id="5089" timestamp="2019-08-09T21:46:50.353" intervalms="71.199">
  <response-info timems="0.281" idlems="0.143" threads="3" lastid="000000000210B600" lastname="Thread-44" />
</exclusive-start>
<allocation-taxation id="5090" taxation-threshold="119537664" timestamp="2019-08-09T21:46:50.353" intervalms="71.208" />
<cycle-start id="5091" type="partial gc" contextid="0" timestamp="2019-08-09T21:46:50.353" intervalms="71.205" />
<gc-start id="5092" type="partial gc" contextid="5091" timestamp="2019-08-09T21:46:50.354">
  <mem-info id="5093" free="144703488" total="450887680" percent="32">
    <mem type="eden" free="0" total="119537664" percent="0" />
    <remembered-set count="15744" freebytes="17962624" totalbytes="18025600" percent="99" regionsoverflowed="0" regionsstable="10" regionsrebuilding="0"/>
  </mem-info>
</gc-start>
<allocation-stats totalBytes="119398008" >
  <allocated-bytes non-tlh="49168" tlh="119348840" arrayletleaf="0"/>
  <largest-consumer threadName="Thread-42" threadId="0000000002129500" bytes="12592224" />
</allocation-stats>
<gc-op id="5094" type="copy forward" timems="9.595" contextid="5091" timestamp="2019-08-09T21:46:50.364">
  <memory-copied type="eden" objects="8167" bytes="3223936" bytesdiscarded="762520" />
  <memory-copied type="other" objects="12" bytes="432" bytesdiscarded="0" />
  <memory-cardclean objects="3152" bytes="143880" />
  <memory-traced type="eden" objects="881" bytes="67872" />
  <memory-traced type="other" objects="0" bytes="0" />
  <regions eden="57" other="4" evacuated="60" marked="1" />
  <remembered-set-cleared processed="5934" cleared="131" durationms="0.738" />
  <references type="weak" candidates="1" cleared="0" enqueued="0" />
  <references type="phantom" candidates="5" cleared="0" enqueued="0" />
  <stringconstants candidates="16474" cleared="0"  />
</gc-op>
<gc-op id="5095" type="classunload" timems="0.012" contextid="5091" timestamp="2019-08-09T21:46:50.364">
  <classunload-info classloadercandidates="69" classloadersunloaded="0" classesunloaded="0" anonymousclassesunloaded="0" quiescems="0.000" setupms="0.012" scanms="0.000" postms="0.000" />
</gc-op>
<gc-op id="5096" type="sweep" timems="1.215" contextid="5091" timestamp="2019-08-09T21:46:50.366" />
<gc-op id="5097" type="compact" timems="3.088" contextid="5091" timestamp="2019-08-09T21:46:50.369">
  <compact-info movecount="0" movebytes="0" />
  <remembered-set-cleared processed="12162" cleared="131" durationms="0.738" />
</gc-op>
<heap-resize id="5098" type="expand" space="default" amount="20971520" count="1" timems="0.091" reason="excessive time being spent in gc" timestamp="2019-08-09T21:46:50.369" />
<gc-end id="5099" type="partial gc" contextid="5091" durationms="15.396" usertimems="32.508" systemtimems="10.445" timestamp="2019-08-09T21:46:50.369" activeThreads="16">
  <mem-info id="5100" free="283115520" total="471859200" percent="60">
    <mem type="eden" free="207624" total="6291456" percent="3" />
    <remembered-set count="11072" freebytes="18819712" totalbytes="18864000" percent="99" regionsoverflowed="0" regionsstable="10" regionsrebuilding="0"/>
  </mem-info>
</gc-end>
<cycle-end id="5101" type="partial gc" contextid="5091" timestamp="2019-08-09T21:46:50.369" />
  <attribute name="elasticGC enabled" value="1" />
  <attribute name= "numThreadsSpecified" value="16" />
  <attribute name="heapSize specified" value="0" />
  <attribute name="Current GC Util" value="108" />
  <attribute name= "Current Time Running" value="223452" />
  <attribute name ="GC Interval" value="0" />
  <attribute name="Target GC Util Change" value ="80.000000" />
  <attribute name="Current GC Util Change" value="108.000000"/>
  <attribute name="Current Error" value="-292.000000" />
  <attribute name="Output H" value="450963024"/>
  <attribute name="Output I" value="1672"/>
  <attribute name="Output T" value="16"/>
  <attribute name= "Current Time Running" value="223452" />
  <attribute name="GC Util currently" value="108" />
  <attribute name="CPU Util currently" value="866322100956" />
<exclusive-end id="5102" timestamp="2019-08-09T21:46:50.369" durationms="15.933" />

<exclusive-start id="5103" timestamp="2019-08-09T21:46:50.474" intervalms="120.435">
  <response-info timems="0.457" idlems="0.457" threads="0" lastid="000000000211E100" lastname="Thread-41" />
</exclusive-start>
<allocation-taxation id="5104" taxation-threshold="123731968" timestamp="2019-08-09T21:46:50.474" intervalms="120.707" />
<cycle-start id="5105" type="partial gc" contextid="0" timestamp="2019-08-09T21:46:50.474" intervalms="120.713" />
<gc-start id="5106" type="partial gc" contextid="5105" timestamp="2019-08-09T21:46:50.474">
  <mem-info id="5107" free="159383552" total="471859200" percent="33">
    <mem type="eden" free="0" total="125829120" percent="0" />
    <remembered-set count="11072" freebytes="18819712" totalbytes="18864000" percent="99" regionsoverflowed="0" regionsstable="10" regionsrebuilding="0"/>
  </mem-info>
</gc-start>
<allocation-stats totalBytes="123556760" >
  <allocated-bytes non-tlh="573584" tlh="122983176" arrayletleaf="0"/>
  <largest-consumer threadName="Thread-47" threadId="00000000020D3300" bytes="13124616" />
</allocation-stats>
<gc-op id="5108" type="copy forward" timems="11.897" contextid="5105" timestamp="2019-08-09T21:46:50.488">
  <memory-copied type="eden" objects="8959" bytes="3572072" bytesdiscarded="732816" />
  <memory-copied type="other" objects="33" bytes="1256" bytesdiscarded="648" />
  <memory-cardclean objects="3125" bytes="142952" />
  <regions eden="59" other="4" />
  <remembered-set-cleared processed="5985" cleared="138" durationms="0.200" />
  <references type="phantom" candidates="1" cleared="0" enqueued="0" />
  <stringconstants candidates="16474" cleared="0"  />
</gc-op>
<gc-op id="5109" type="classunload" timems="0.015" contextid="5105" timestamp="2019-08-09T21:46:50.488">
  <classunload-info classloadercandidates="69" classloadersunloaded="0" classesunloaded="0" anonymousclassesunloaded="0" quiescems="0.000" setupms="0.015" scanms="0.000" postms="0.000" />
</gc-op>
<heap-resize id="5110" type="expand" space="default" amount="6291456" count="1" timems="0.068" reason="excessive time being spent in gc" timestamp="2019-08-09T21:46:50.488" />
<gc-end id="5111" type="partial gc" contextid="5105" durationms="13.815" usertimems="10.028" systemtimems="18.470" timestamp="2019-08-09T21:46:50.488" activeThreads="16">
  <mem-info id="5112" free="287309824" total="478150656" percent="60">
    <mem type="eden" free="1986312" total="6291456" percent="31" />
    <remembered-set count="15648" freebytes="19052928" totalbytes="19115520" percent="99" regionsoverflowed="0" regionsstable="10" regionsrebuilding="0"/>
  </mem-info>
</gc-end>
<cycle-end id="5113" type="partial gc" contextid="5105" timestamp="2019-08-09T21:46:50.488" />
  <attribute name="elasticGC enabled" value="1" />
  <attribute name= "numThreadsSpecified" value="16" />
  <attribute name="heapSize specified" value="0" />
  <attribute name="Current GC Util" value="59" />
  <attribute name= "Current Time Running" value="223562" />
  <attribute name ="GC Interval" value="0" />
  <attribute name="Target GC Util Change" value ="80.000000" />
  <attribute name="Current GC Util Change" value="59.000000"/>
  <attribute name="Current Error" value="-202.000000" />
  <attribute name="Output H" value="471934648"/>
  <attribute name="Output I" value="1776"/>
  <attribute name="Output T" value="16"/>
  <attribute name= "Current Time Running" value="223562" />
  <attribute name="GC Util currently" value="59" />
  <attribute name="CPU Util currently" value="1043257299703" />
<exclusive-end id="5114" timestamp="2019-08-09T21:46:50.488" durationms="14.630" />

<exclusive-start id="5115" timestamp="2019-08-09T21:46:50.575" intervalms="101.553">
  <response-info timems="2.884" idlems="1.935" threads="2" lastid="0000000002134100" lastname="Thread-51" />
</exclusive-start>
<allocation-taxation id="5116" taxation-threshold="125829120" timestamp="2019-08-09T21:46:50.575" intervalms="101.271" />
<cycle-start id="5117" type="partial gc" contextid="0" timestamp="2019-08-09T21:46:50.575" intervalms="101.297" />
<gc-start id="5118" type="partial gc" contextid="5117" timestamp="2019-08-09T21:46:50.576">
  <mem-info id="5119" free="161480704" total="478150656" percent="33">
    <mem type="eden" free="0" total="125829120" percent="0" />
    <remembered-set count="15296" freebytes="19054336" totalbytes="19115520" percent="99" regionsoverflowed="0" regionsstable="10" regionsrebuilding="0"/>
  </mem-info>
</gc-start>
<allocation-stats totalBytes="125641824" >
  <allocated-bytes non-tlh="16392" tlh="125625432" arrayletleaf="0"/>
  <largest-consumer threadName="Thread-48" threadId="00000000020FC600" bytes="15852920" />
</allocation-stats>
<gc-op id="5120" type="copy forward" timems="7.250" contextid="5117" timestamp="2019-08-09T21:46:50.584">
  <memory-copied type="eden" objects="9463" bytes="3657352" bytesdiscarded="776064" />
  <memory-copied type="other" objects="36" bytes="1560" bytesdiscarded="1248" />
  <memory-cardclean objects="3135" bytes="143864" />
  <regions eden="60" other="4" />
  <remembered-set-cleared processed="5980" cleared="134" durationms="0.208" />
  <references type="phantom" candidates="2" cleared="0" enqueued="0" />
  <stringconstants candidates="16474" cleared="0"  />
</gc-op>
<gc-op id="5121" type="classunload" timems="0.011" contextid="5117" timestamp="2019-08-09T21:46:50.584">
  <classunload-info classloadercandidates="69" classloadersunloaded="0" classesunloaded="0" anonymousclassesunloaded="0" quiescems="0.000" setupms="0.011" scanms="0.000" postms="0.000" />
</gc-op>
<heap-resize id="5122" type="expand" space="default" amount="4194304" count="1" timems="0.060" reason="excessive time being spent in gc" timestamp="2019-08-09T21:46:50.584" />
<gc-end id="5123" type="partial gc" contextid="5117" durationms="8.456" usertimems="10.492" systemtimems="10.035" timestamp="2019-08-09T21:46:50.584" activeThreads="16">
  <mem-info id="5124" free="289406976" total="482344960" percent="60">
    <mem type="eden" free="1857760" total="6291456" percent="29" />
    <remembered-set count="13568" freebytes="19228928" totalbytes="19283200" percent="99" regionsoverflowed="0" regionsstable="10" regionsrebuilding="0"/>
  </mem-info>
</gc-end>
<cycle-end id="5125" type="partial gc" contextid="5117" timestamp="2019-08-09T21:46:50.584" />
  <attribute name="elasticGC enabled" value="1" />
  <attribute name= "numThreadsSpecified" value="16" />
  <attribute name="heapSize specified" value="0" />
  <attribute name="Current GC Util" value="111" />
  <attribute name= "Current Time Running" value="223663" />
  <attribute name ="GC Interval" value="0" />
  <attribute name="Target GC Util Change" value ="80.000000" />
  <attribute name="Current GC Util Change" value="111.000000"/>
  <attribute name="Current Error" value="-31.000000" />
  <attribute name="Output H" value="478226304"/>
  <attribute name="Output I" value="1976"/>
  <attribute name="Output T" value="16"/>
  <attribute name= "Current Time Running" value="223663" />
  <attribute name="GC Util currently" value="111" />
  <attribute name="CPU Util currently" value="1914541171416" />
<exclusive-end id="5126" timestamp="2019-08-09T21:46:50.584" durationms="9.124" />

<exclusive-start id="5127" timestamp="2019-08-09T21:46:50.671" intervalms="95.877">
  <response-info timems="0.746" idlems="0.746" threads="0" lastid="000000000211E100" lastname="Thread-41" />
</exclusive-start>
<allocation-taxation id="5128" taxation-threshold="127926272" timestamp="2019-08-09T21:46:50.671" intervalms="95.929" />
<cycle-start id="5129" type="partial gc" contextid="0" timestamp="2019-08-09T21:46:50.671" intervalms="95.903" />
<gc-start id="5130" type="partial gc" contextid="5129" timestamp="2019-08-09T21:46:50.672">
  <mem-info id="5131" free="161480704" total="482344960" percent="33">
    <mem type="eden" free="0" total="127926272" percent="0" />
    <remembered-set count="13280" freebytes="19230080" totalbytes="19283200" percent="99" regionsoverflowed="0" regionsstable="10" regionsrebuilding="0"/>
  </mem-info>
</gc-start>
<allocation-stats totalBytes="127655944" >
  <allocated-bytes non-tlh="8200" tlh="127647744" arrayletleaf="0"/>
  <largest-consumer threadName="Thread-48" threadId="00000000020FC600" bytes="12672648" />
</allocation-stats>
<gc-op id="5132" type="copy forward" timems="15.898" contextid="5129" timestamp="2019-08-09T21:46:50.691">
  <memory-copied type="eden" objects="8820" bytes="3534976" bytesdiscarded="659328" />
  <memory-copied type="other" objects="28" bytes="1544" bytesdiscarded="624" />
  <memory-cardclean objects="3134" bytes="143336" />
  <regions eden="61" other="4" />
  <remembered-set-cleared processed="5981" cleared="136" durationms="0.589" />
  <references type="phantom" candidates="4" cleared="0" enqueued="0" />
  <stringconstants candidates="16474" cleared="0"  />
</gc-op>
<gc-op id="5133" type="classunload" timems="0.014" contextid="5129" timestamp="2019-08-09T21:46:50.691">
  <classunload-info classloadercandidates="69" classloadersunloaded="0" classesunloaded="0" anonymousclassesunloaded="0" quiescems="0.000" setupms="0.014" scanms="0.000" postms="0.000" />
</gc-op>
<gc-end id="5134" type="partial gc" contextid="5129" durationms="19.710" usertimems="27.006" systemtimems="11.647" timestamp="2019-08-09T21:46:50.691" activeThreads="16">
  <mem-info id="5135" free="287309824" total="482344960" percent="59">
    <mem type="eden" free="2096872" total="6291456" percent="33" />
    <remembered-set count="14592" freebytes="19224832" totalbytes="19283200" percent="99" regionsoverflowed="0" regionsstable="10" regionsrebuilding="0"/>
  </mem-info>
</gc-end>
<cycle-end id="5136" type="partial gc" contextid="5129" timestamp="2019-08-09T21:46:50.691" />
  <attribute name="elasticGC enabled" value="1" />
  <attribute name= "numThreadsSpecified" value="16" />
  <attribute name="heapSize specified" value="0" />
  <attribute name="Current GC Util" value="27" />
  <attribute name= "Current Time Running" value="223762" />
  <attribute name ="GC Interval" value="0" />
  <attribute name="Target GC Util Change" value ="80.000000" />
  <attribute name="Current GC Util Change" value="27.000000"/>
  <attribute name="Current Error" value="81.000000" />
  <attribute name="Output H" value="482420736"/>
  <attribute name="Output I" value="2104"/>
  <attribute name="Output T" value="16"/>
  <attribute name= "Current Time Running" value="223762" />
  <attribute name="GC Util currently" value="27" />
  <attribute name="CPU Util currently" value="378796893531" />
<exclusive-end id="5137" timestamp="2019-08-09T21:46:50.692" durationms="20.384" />

<exclusive-start id="5138" timestamp="2019-08-09T21:46:50.785" intervalms="113.817">
  <response-info timems="0.361" idlems="0.361" threads="0" lastid="00000000020D3300" lastname="Thread-47" />
</exclusive-start>
<allocation-taxation id="5139" taxation-threshold="127926272" timestamp="2019-08-09T21:46:50.785" intervalms="113.765" />
<cycle-start id="5140" type="partial gc" contextid="0" timestamp="2019-08-09T21:46:50.785" intervalms="113.759" />
<gc-start id="5141" type="partial gc" contextid="5140" timestamp="2019-08-09T21:46:50.785">
  <mem-info id="5142" free="159383552" total="482344960" percent="33">
    <mem type="eden" free="0" total="127926272" percent="0" />
    <remembered-set count="14592" freebytes="19224832" totalbytes="19283200" percent="99" regionsoverflowed="0" regionsstable="10" regionsrebuilding="0"/>
  </mem-info>
</gc-start>
<allocation-stats totalBytes="127785632" >
  <allocated-bytes non-tlh="0" tlh="127785632" arrayletleaf="0"/>
  <largest-consumer threadName="Thread-48" threadId="00000000020FC600" bytes="10501256" />
</allocation-stats>
<gc-op id="5143" type="copy forward" timems="9.055" contextid="5140" timestamp="2019-08-09T21:46:50.795">
  <memory-copied type="eden" objects="9231" bytes="3661520" bytesdiscarded="695024" />
  <memory-copied type="other" objects="27" bytes="1456" bytesdiscarded="624" />
  <memory-cardclean objects="3149" bytes="144032" />
  <regions eden="61" other="4" />
  <remembered-set-cleared processed="5977" cleared="133" durationms="0.338" />
  <references type="phantom" candidates="3" cleared="0" enqueued="0" />
  <stringconstants candidates="16474" cleared="0"  />
</gc-op>
<gc-op id="5144" type="classunload" timems="0.018" contextid="5140" timestamp="2019-08-09T21:46:50.795">
  <classunload-info classloadercandidates="69" classloadersunloaded="0" classesunloaded="0" anonymousclassesunloaded="0" quiescems="0.000" setupms="0.018" scanms="0.000" postms="0.000" />
</gc-op>
<heap-resize id="5145" type="expand" space="default" amount="10485760" count="1" timems="0.071" reason="excessive time being spent in gc" timestamp="2019-08-09T21:46:50.796" />
<gc-end id="5146" type="partial gc" contextid="5140" durationms="10.671" usertimems="19.164" systemtimems="13.965" timestamp="2019-08-09T21:46:50.796" activeThreads="16">
  <mem-info id="5147" free="295698432" total="492830720" percent="60">
    <mem type="eden" free="1934640" total="6291456" percent="30" />
    <remembered-set count="14592" freebytes="19644032" totalbytes="19702400" percent="99" regionsoverflowed="0" regionsstable="10" regionsrebuilding="0"/>
  </mem-info>
</gc-end>
<cycle-end id="5148" type="partial gc" contextid="5140" timestamp="2019-08-09T21:46:50.796" />
  <attribute name="elasticGC enabled" value="1" />
  <attribute name= "numThreadsSpecified" value="16" />
  <attribute name="heapSize specified" value="0" />
  <attribute name="Current GC Util" value="122" />
  <attribute name= "Current Time Running" value="223873" />
  <attribute name ="GC Interval" value="0" />
  <attribute name="Target GC Util Change" value ="80.000000" />
  <attribute name="Current GC Util Change" value="122.000000"/>
  <attribute name="Current Error" value="87.000000" />
  <attribute name="Output H" value="482420744"/>
  <attribute name="Output I" value="2112"/>
  <attribute name="Output T" value="16"/>
  <attribute name= "Current Time Running" value="223873" />
  <attribute name="GC Util currently" value="122" />
  <attribute name="CPU Util currently" value="1737324242880" />
<exclusive-end id="5149" timestamp="2019-08-09T21:46:50.796" durationms="11.199" />

<exclusive-start id="5150" timestamp="2019-08-09T21:46:50.890" intervalms="104.865">
  <response-info timems="1.622" idlems="0.829" threads="1" lastid="00000000020DAB00" lastname="Thread-49" />
</exclusive-start>
<allocation-taxation id="5151" taxation-threshold="130023424" timestamp="2019-08-09T21:46:50.890" intervalms="104.885" />
<cycle-start id="5152" type="partial gc" contextid="0" timestamp="2019-08-09T21:46:50.890" intervalms="104.897" />
<gc-start id="5153" type="partial gc" contextid="5152" timestamp="2019-08-09T21:46:50.890">
  <mem-info id="5154" free="165675008" total="492830720" percent="33">
    <mem type="eden" free="0" total="130023424" percent="0" />
    <remembered-set count="14304" freebytes="19645184" totalbytes="19702400" percent="99" regionsoverflowed="0" regionsstable="10" regionsrebuilding="0"/>
  </mem-info>
</gc-start>
<allocation-stats totalBytes="129801384" >
  <allocated-bytes non-tlh="32784" tlh="129768600" arrayletleaf="0"/>
  <largest-consumer threadName="Thread-47" threadId="00000000020D3300" bytes="12278272" />
</allocation-stats>
<gc-op id="5155" type="copy forward" timems="7.542" contextid="5152" timestamp="2019-08-09T21:46:50.899">
  <memory-copied type="eden" objects="9260" bytes="3708560" bytesdiscarded="716744" />
  <memory-copied type="other" objects="15" bytes="752" bytesdiscarded="624" />
  <memory-cardclean objects="3172" bytes="144944" />
  <regions eden="62" other="4" />
  <remembered-set-cleared processed="5975" cleared="130" durationms="0.485" />
  <references type="weak" candidates="1" cleared="0" enqueued="0" />
  <references type="phantom" candidates="1" cleared="0" enqueued="0" />
  <stringconstants candidates="16474" cleared="0"  />
</gc-op>
<gc-op id="5156" type="classunload" timems="0.013" contextid="5152" timestamp="2019-08-09T21:46:50.899">
  <classunload-info classloadercandidates="69" classloadersunloaded="0" classesunloaded="0" anonymousclassesunloaded="0" quiescems="0.000" setupms="0.012" scanms="0.000" postms="0.000" />
</gc-op>
<gc-end id="5157" type="partial gc" contextid="5152" durationms="8.829" usertimems="14.472" systemtimems="10.577" timestamp="2019-08-09T21:46:50.899" activeThreads="16">
  <mem-info id="5158" free="291504128" total="492830720" percent="59">
    <mem type="eden" free="3963064" total="8388608" percent="47" />
    <remembered-set count="13568" freebytes="19648128" totalbytes="19702400" percent="99" regionsoverflowed="0" regionsstable="10" regionsrebuilding="0"/>
  </mem-info>
</gc-end>
<cycle-end id="5159" type="partial gc" contextid="5152" timestamp="2019-08-09T21:46:50.899" />
  <attribute name="elasticGC enabled" value="1" />
  <attribute name= "numThreadsSpecified" value="16" />
  <attribute name="heapSize specified" value="0" />
  <attribute name="Current GC Util" value="114" />
  <attribute name= "Current Time Running" value="223978" />
  <attribute name ="GC Interval" value="0" />
  <attribute name="Target GC Util Change" value ="80.000000" />
  <attribute name="Current GC Util Change" value="114.000000"/>
  <attribute name="Current Error" value="-34.000000" />
  <attribute name="Output H" value="492906368"/>
  <attribute name="Output I" value="1976"/>
  <attribute name="Output T" value="16"/>
  <attribute name= "Current Time Running" value="223978" />
  <attribute name="GC Util currently" value="114" />
  <attribute name="CPU Util currently" value="1533686708242" />
<exclusive-end id="5160" timestamp="2019-08-09T21:46:50.899" durationms="9.445" />

<exclusive-start id="5161" timestamp="2019-08-09T21:46:50.993" intervalms="102.649">
  <response-info timems="1.947" idlems="1.947" threads="0" lastid="0000000002116900" lastname="Thread-45" />
</exclusive-start>
<allocation-taxation id="5162" taxation-threshold="130023424" timestamp="2019-08-09T21:46:50.993" intervalms="102.708" />
<cycle-start id="5163" type="partial gc" contextid="0" timestamp="2019-08-09T21:46:50.993" intervalms="102.740" />
<gc-start id="5164" type="partial gc" contextid="5163" timestamp="2019-08-09T21:46:50.993">
  <mem-info id="5165" free="161480704" total="492830720" percent="32">
    <mem type="eden" free="0" total="130023424" percent="0" />
    <remembered-set count="13248" freebytes="19649408" totalbytes="19702400" percent="99" regionsoverflowed="0" regionsstable="10" regionsrebuilding="0"/>
  </mem-info>
</gc-start>
<allocation-stats totalBytes="129802832" >
  <allocated-bytes non-tlh="81944" tlh="129720888" arrayletleaf="0"/>
  <largest-consumer threadName="Thread-43" threadId="00000000020ED600" bytes="13355936" />
</allocation-stats>
<gc-op id="5166" type="copy forward" timems="45.380" contextid="5163" timestamp="2019-08-09T21:46:51.039">
  <memory-copied type="eden" objects="9669" bytes="3765368" bytesdiscarded="873024" />
  <memory-copied type="other" objects="32" bytes="1440" bytesdiscarded="624" />
  <memory-cardclean objects="3155" bytes="144336" />
  <regions eden="62" other="5" />
  <remembered-set-cleared processed="5976" cleared="132" durationms="0.197" />
  <references type="phantom" candidates="3" cleared="0" enqueued="0" />
  <stringconstants candidates="16474" cleared="0"  />
</gc-op>
<gc-op id="5167" type="classunload" timems="0.012" contextid="5163" timestamp="2019-08-09T21:46:51.040">
  <classunload-info classloadercandidates="69" classloadersunloaded="0" classesunloaded="0" anonymousclassesunloaded="0" quiescems="0.000" setupms="0.012" scanms="0.000" postms="0.000" />
</gc-op>
<gc-end id="5168" type="partial gc" contextid="5163" durationms="46.765" usertimems="59.265" systemtimems="49.193" timestamp="2019-08-09T21:46:51.040" activeThreads="16">
  <mem-info id="5169" free="291504128" total="492830720" percent="59">
    <mem type="eden" free="1652784" total="6291456" percent="26" />
    <remembered-set count="13568" freebytes="19648128" totalbytes="19702400" percent="99" regionsoverflowed="0" regionsstable="10" regionsrebuilding="0"/>
  </mem-info>
</gc-end>
<cycle-end id="5170" type="partial gc" contextid="5163" timestamp="2019-08-09T21:46:51.040" />
  <attribute name="elasticGC enabled" value="1" />
  <attribute name= "numThreadsSpecified" value="16" />
  <attribute name="heapSize specified" value="0" />
  <attribute name="Current GC Util" value="109" />
  <attribute name= "Current Time Running" value="224080" />
  <attribute name ="GC Interval" value="0" />
  <attribute name="Target GC Util Change" value ="80.000000" />
  <attribute name="Current GC Util Change" value="109.000000"/>
  <attribute name="Current Error" value="-2.000000" />
  <attribute name="Output H" value="492906400"/>
  <attribute name="Output I" value="2008"/>
  <attribute name="Output T" value="16"/>
  <attribute name= "Current Time Running" value="224080" />
  <attribute name="GC Util currently" value="109" />
  <attribute name="CPU Util currently" value="1971965354727" />
<exclusive-end id="5171" timestamp="2019-08-09T21:46:51.040" durationms="47.569" />

<exclusive-start id="5172" timestamp="2019-08-09T21:46:51.760" intervalms="767.732">
  <response-info timems="14.378" idlems="4.869" threads="2" lastid="000000000210B600" lastname="Thread-44" />
</exclusive-start>
<allocation-taxation id="5173" taxation-threshold="130023424" timestamp="2019-08-09T21:46:51.763" intervalms="770.371" />
<cycle-start id="5174" type="partial gc" contextid="0" timestamp="2019-08-09T21:46:51.766" intervalms="773.426" />
<gc-start id="5175" type="partial gc" contextid="5174" timestamp="2019-08-09T21:46:51.766">
  <mem-info id="5176" free="161480704" total="492830720" percent="32">
    <mem type="eden" free="0" total="130023424" percent="0" />
    <remembered-set count="13408" freebytes="19648768" totalbytes="19702400" percent="99" regionsoverflowed="0" regionsstable="10" regionsrebuilding="0"/>
  </mem-info>
</gc-start>
<allocation-stats totalBytes="129827976" >
  <allocated-bytes non-tlh="8200" tlh="129819776" arrayletleaf="0"/>
  <largest-consumer threadName="Thread-46" threadId="0000000002112D00" bytes="12064200" />
</allocation-stats>
<gc-op id="5177" type="copy forward" timems="34.996" contextid="5174" timestamp="2019-08-09T21:46:51.823">
  <memory-copied type="eden" objects="7302" bytes="2968136" bytesdiscarded="542712" />
  <memory-copied type="other" objects="28" bytes="1296" bytesdiscarded="624" />
  <memory-cardclean objects="3172" bytes="144352" />
  <regions eden="62" other="4" />
  <remembered-set-cleared processed="5978" cleared="134" durationms="0.199" />
  <references type="weak" candidates="1" cleared="0" enqueued="0" />
  <references type="phantom" candidates="5" cleared="0" enqueued="0" />
  <stringconstants candidates="16474" cleared="0"  />
</gc-op>
<gc-op id="5178" type="classunload" timems="0.027" contextid="5174" timestamp="2019-08-09T21:46:51.823">
  <classunload-info classloadercandidates="69" classloadersunloaded="0" classesunloaded="0" anonymousclassesunloaded="0" quiescems="0.000" setupms="0.026" scanms="0.000" postms="0.000" />
</gc-op>
<gc-end id="5179" type="partial gc" contextid="5174" durationms="57.025" usertimems="28.662" systemtimems="71.329" timestamp="2019-08-09T21:46:51.823" activeThreads="16">
  <mem-info id="5180" free="291504128" total="492830720" percent="59">
    <mem type="eden" free="683200" total="4194304" percent="16" />
    <remembered-set count="14592" freebytes="19644032" totalbytes="19702400" percent="99" regionsoverflowed="0" regionsstable="10" regionsrebuilding="0"/>
  </mem-info>
</gc-end>
<cycle-end id="5181" type="partial gc" contextid="5174" timestamp="2019-08-09T21:46:51.824" />
  <attribute name="elasticGC enabled" value="1" />
  <attribute name= "numThreadsSpecified" value="16" />
  <attribute name="heapSize specified" value="0" />
  <attribute name="Current GC Util" value="71" />
  <attribute name= "Current Time Running" value="224875" />
  <attribute name ="GC Interval" value="0" />
  <attribute name="Target GC Util Change" value ="80.000000" />
  <attribute name="Current GC Util Change" value="71.000000"/>
  <attribute name="Current Error" value="78.000000" />
  <attribute name="Output H" value="492906496"/>
  <attribute name="Output I" value="2104"/>
  <attribute name="Output T" value="16"/>
  <attribute name= "Current Time Running" value="224875" />
  <attribute name="GC Util currently" value="71" />
  <attribute name="CPU Util currently" value="57860543372" />
<exclusive-end id="5182" timestamp="2019-08-09T21:46:51.824" durationms="63.420" />

<exclusive-start id="5183" timestamp="2019-08-09T21:46:51.961" intervalms="200.698">
  <response-info timems="0.289" idlems="0.289" threads="0" lastid="00000000020D3300" lastname="Thread-47" />
</exclusive-start>
<allocation-taxation id="5184" taxation-threshold="130023424" timestamp="2019-08-09T21:46:51.961" intervalms="197.980" />
<cycle-start id="5185" type="partial gc" contextid="0" timestamp="2019-08-09T21:46:51.961" intervalms="194.897" />
<gc-start id="5186" type="partial gc" contextid="5185" timestamp="2019-08-09T21:46:51.961">
  <mem-info id="5187" free="161480704" total="492830720" percent="32">
    <mem type="eden" free="0" total="130023424" percent="0" />
    <remembered-set count="14272" freebytes="19645312" totalbytes="19702400" percent="99" regionsoverflowed="0" regionsstable="10" regionsrebuilding="0"/>
  </mem-info>
</gc-start>
<allocation-stats totalBytes="129901736" >
  <allocated-bytes non-tlh="49168" tlh="129852568" arrayletleaf="0"/>
  <largest-consumer threadName="Thread-44" threadId="000000000210B600" bytes="12946480" />
</allocation-stats>
<gc-op id="5188" type="copy forward" timems="9.599" contextid="5185" timestamp="2019-08-09T21:46:51.973">
  <memory-copied type="eden" objects="10573" bytes="4195496" bytesdiscarded="881520" />
  <memory-copied type="other" objects="37" bytes="1928" bytesdiscarded="544" />
  <memory-cardclean objects="3143" bytes="143912" />
  <regions eden="62" other="3" />
  <remembered-set-cleared processed="5981" cleared="134" durationms="0.360" />
  <references type="phantom" candidates="3" cleared="0" enqueued="0" />
  <stringconstants candidates="16474" cleared="0"  />
</gc-op>
<gc-op id="5189" type="classunload" timems="0.014" contextid="5185" timestamp="2019-08-09T21:46:51.973">
  <classunload-info classloadercandidates="69" classloadersunloaded="0" classesunloaded="0" anonymousclassesunloaded="0" quiescems="0.000" setupms="0.014" scanms="0.000" postms="0.000" />
</gc-op>
<gc-end id="5190" type="partial gc" contextid="5185" durationms="11.951" usertimems="12.374" systemtimems="18.648" timestamp="2019-08-09T21:46:51.973" activeThreads="16">
  <mem-info id="5191" free="287309824" total="492830720" percent="58">
    <mem type="eden" free="1214160" total="6291456" percent="19" />
    <remembered-set count="15104" freebytes="19641984" totalbytes="19702400" percent="99" regionsoverflowed="0" regionsstable="10" regionsrebuilding="0"/>
  </mem-info>
</gc-end>
<cycle-end id="5192" type="partial gc" contextid="5185" timestamp="2019-08-09T21:46:51.973" />
  <attribute name="elasticGC enabled" value="1" />
  <attribute name= "numThreadsSpecified" value="16" />
  <attribute name="heapSize specified" value="0" />
  <attribute name="Current GC Util" value="50" />
  <attribute name= "Current Time Running" value="225050" />
  <attribute name ="GC Interval" value="0" />
  <attribute name="Target GC Util Change" value ="80.000000" />
  <attribute name="Current GC Util Change" value="50.000000"/>
  <attribute name="Current Error" value="30.000000" />
  <attribute name="Output H" value="492906440"/>
  <attribute name="Output I" value="2048"/>
  <attribute name="Output T" value="16"/>
  <attribute name= "Current Time Running" value="225050" />
  <attribute name="GC Util currently" value="50" />
  <attribute name="CPU Util currently" value="671522015736" />
<exclusive-end id="5193" timestamp="2019-08-09T21:46:51.974" durationms="12.568" />

<exclusive-start id="5194" timestamp="2019-08-09T21:46:52.049" intervalms="87.705">
  <response-info timems="0.381" idlems="0.381" threads="0" lastid="0000000002134100" lastname="Thread-51" />
</exclusive-start>
<allocation-taxation id="5195" taxation-threshold="130023424" timestamp="2019-08-09T21:46:52.049" intervalms="87.699" />
<cycle-start id="5196" type="partial gc" contextid="0" timestamp="2019-08-09T21:46:52.049" intervalms="87.915" />
<gc-start id="5197" type="partial gc" contextid="5196" timestamp="2019-08-09T21:46:52.049">
  <mem-info id="5198" free="157286400" total="492830720" percent="31">
    <mem type="eden" free="0" total="130023424" percent="0" />
    <remembered-set count="14784" freebytes="19643264" totalbytes="19702400" percent="99" regionsoverflowed="0" regionsstable="10" regionsrebuilding="0"/>
  </mem-info>
</gc-start>
<allocation-stats totalBytes="129922888" >
  <allocated-bytes non-tlh="8200" tlh="129914688" arrayletleaf="0"/>
  <largest-consumer threadName="Thread-46" threadId="0000000002112D00" bytes="12602120" />
</allocation-stats>
<gc-op id="5199" type="copy forward" timems="12.274" contextid="5196" timestamp="2019-08-09T21:46:52.063">
  <memory-copied type="eden" objects="9839" bytes="3972256" bytesdiscarded="881152" />
  <memory-copied type="other" objects="30" bytes="2088" bytesdiscarded="544" />
  <memory-cardclean objects="3187" bytes="145352" />
  <regions eden="62" other="4" />
  <remembered-set-cleared processed="5992" cleared="147" durationms="0.276" />
  <references type="phantom" candidates="1" cleared="0" enqueued="0" />
  <stringconstants candidates="16474" cleared="0"  />
</gc-op>
<gc-op id="5200" type="classunload" timems="0.014" contextid="5196" timestamp="2019-08-09T21:46:52.063">
  <classunload-info classloadercandidates="69" classloadersunloaded="0" classesunloaded="0" anonymousclassesunloaded="0" quiescems="0.000" setupms="0.014" scanms="0.000" postms="0.000" />
</gc-op>
<gc-end id="5201" type="partial gc" contextid="5196" durationms="13.501" usertimems="28.135" systemtimems="17.797" timestamp="2019-08-09T21:46:52.063" activeThreads="16">
  <mem-info id="5202" free="285212672" total="492830720" percent="57">
    <mem type="eden" free="1437784" total="6291456" percent="22" />
    <remembered-set count="15104" freebytes="19641984" totalbytes="19702400" percent="99" regionsoverflowed="0" regionsstable="10" regionsrebuilding="0"/>
  </mem-info>
</gc-end>
<cycle-end id="5203" type="partial gc" contextid="5196" timestamp="2019-08-09T21:46:52.063" />
  <attribute name="elasticGC enabled" value="1" />
  <attribute name= "numThreadsSpecified" value="16" />
  <attribute name="heapSize specified" value="0" />
  <attribute name="Current GC Util" value="128" />
  <attribute name= "Current Time Running" value="225137" />
  <attribute name ="GC Interval" value="0" />
  <attribute name="Target GC Util Change" value ="80.000000" />
  <attribute name="Current GC Util Change" value="128.000000"/>
  <attribute name="Current Error" value="27.000000" />
  <attribute name="Output H" value="492906432"/>
  <attribute name="Output I" value="2040"/>
  <attribute name="Output T" value="16"/>
  <attribute name= "Current Time Running" value="225137" />
  <attribute name="GC Util currently" value="128" />
  <attribute name="CPU Util currently" value="1744653890536" />
<exclusive-end id="5204" timestamp="2019-08-09T21:46:52.063" durationms="14.353" />

<exclusive-start id="5205" timestamp="2019-08-09T21:46:52.169" intervalms="120.499">
  <response-info timems="2.097" idlems="2.097" threads="0" lastid="00000000020FC600" lastname="Thread-48" />
</exclusive-start>
<allocation-taxation id="5206" taxation-threshold="130023424" timestamp="2019-08-09T21:46:52.169" intervalms="120.515" />
<cycle-start id="5207" type="partial gc" contextid="0" timestamp="2019-08-09T21:46:52.169" intervalms="120.319" />
<gc-start id="5208" type="partial gc" contextid="5207" timestamp="2019-08-09T21:46:52.170">
  <mem-info id="5209" free="155189248" total="492830720" percent="31">
    <mem type="eden" free="0" total="130023424" percent="0" />
    <remembered-set count="14784" freebytes="19643264" totalbytes="19702400" percent="99" regionsoverflowed="0" regionsstable="10" regionsrebuilding="0"/>
  </mem-info>
</gc-start>
<allocation-stats totalBytes="129761656" >
  <allocated-bytes non-tlh="16392" tlh="129745264" arrayletleaf="0"/>
  <largest-consumer threadName="Thread-45" threadId="0000000002116900" bytes="13437256" />
</allocation-stats>
<gc-op id="5210" type="copy forward" timems="10.759" contextid="5207" timestamp="2019-08-09T21:46:52.182">
  <memory-copied type="eden" objects="9766" bytes="3943600" bytesdiscarded="797448" />
  <memory-copied type="other" objects="25" bytes="1240" bytesdiscarded="0" />
  <memory-cardclean objects="3188" bytes="145680" />
  <regions eden="62" other="4" />
  <remembered-set-cleared processed="5989" cleared="144" durationms="0.219" />
  <references type="phantom" candidates="3" cleared="0" enqueued="0" />
  <stringconstants candidates="16474" cleared="0"  />
</gc-op>
<gc-op id="5211" type="classunload" timems="0.010" contextid="5207" timestamp="2019-08-09T21:46:52.182">
  <classunload-info classloadercandidates="69" classloadersunloaded="0" classesunloaded="0" anonymousclassesunloaded="0" quiescems="0.000" setupms="0.010" scanms="0.000" postms="0.000" />
</gc-op>
<heap-resize id="5212" type="expand" space="default" amount="31457280" count="1" timems="0.142" reason="excessive time being spent in gc" timestamp="2019-08-09T21:46:52.182" />
<gc-end id="5213" type="partial gc" contextid="5207" durationms="12.384" usertimems="14.336" systemtimems="15.335" timestamp="2019-08-09T21:46:52.182" activeThreads="16">
  <mem-info id="5214" free="314572800" total="524288000" percent="60">
    <mem type="eden" free="1550128" total="6291456" percent="24" />
    <remembered-set count="14080" freebytes="20903680" totalbytes="20960000" percent="99" regionsoverflowed="0" regionsstable="10" regionsrebuilding="0"/>
  </mem-info>
</gc-end>
<cycle-end id="5215" type="partial gc" contextid="5207" timestamp="2019-08-09T21:46:52.182" />
  <attribute name="elasticGC enabled" value="1" />
  <attribute name= "numThreadsSpecified" value="16" />
  <attribute name="heapSize specified" value="0" />
  <attribute name="Current GC Util" value="114" />
  <attribute name= "Current Time Running" value="225257" />
  <attribute name ="GC Interval" value="0" />
  <attribute name="Target GC Util Change" value ="80.000000" />
  <attribute name="Current GC Util Change" value="114.000000"/>
  <attribute name="Current Error" value="37.000000" />
  <attribute name="Output H" value="492906448"/>
  <attribute name="Output I" value="2056"/>
  <attribute name="Output T" value="16"/>
  <attribute name= "Current Time Running" value="225257" />
  <attribute name="GC Util currently" value="114" />
  <attribute name="CPU Util currently" value="1878578789772" />
<exclusive-end id="5216" timestamp="2019-08-09T21:46:52.182" durationms="12.991" />

<exclusive-start id="5217" timestamp="2019-08-09T21:46:52.278" intervalms="109.240">
  <response-info timems="0.185" idlems="0.185" threads="0" lastid="00000000020F8A00" lastname="Thread-52" />
</exclusive-start>
<allocation-taxation id="5218" taxation-threshold="138412032" timestamp="2019-08-09T21:46:52.279" intervalms="109.242" />
<cycle-start id="5219" type="partial gc" contextid="0" timestamp="2019-08-09T21:46:52.279" intervalms="109.230" />
<gc-start id="5220" type="partial gc" contextid="5219" timestamp="2019-08-09T21:46:52.279">
  <mem-info id="5221" free="176160768" total="524288000" percent="33">
    <mem type="eden" free="0" total="138412032" percent="0" />
    <remembered-set count="13728" freebytes="20905088" totalbytes="20960000" percent="99" regionsoverflowed="0" regionsstable="10" regionsrebuilding="0"/>
  </mem-info>
</gc-start>
<allocation-stats totalBytes="138155456" >
  <allocated-bytes non-tlh="81944" tlh="138073512" arrayletleaf="0"/>
  <largest-consumer threadName="Thread-44" threadId="000000000210B600" bytes="14046168" />
</allocation-stats>
<gc-op id="5222" type="copy forward" timems="10.827" contextid="5219" timestamp="2019-08-09T21:46:52.291">
  <memory-copied type="eden" objects="9384" bytes="3743792" bytesdiscarded="960568" />
  <memory-copied type="other" objects="29" bytes="1384" bytesdiscarded="0" />
  <memory-cardclean objects="3171" bytes="145736" />
  <regions eden="66" other="5" />
  <remembered-set-cleared processed="5993" cleared="147" durationms="0.337" />
  <references type="weak" candidates="1" cleared="0" enqueued="0" />
  <references type="phantom" candidates="3" cleared="0" enqueued="0" />
  <stringconstants candidates="16474" cleared="0"  />
</gc-op>
<gc-op id="5223" type="classunload" timems="0.017" contextid="5219" timestamp="2019-08-09T21:46:52.291">
  <classunload-info classloadercandidates="69" classloadersunloaded="0" classesunloaded="0" anonymousclassesunloaded="0" quiescems="0.000" setupms="0.016" scanms="0.000" postms="0.000" />
</gc-op>
<gc-end id="5224" type="partial gc" contextid="5219" durationms="12.621" usertimems="26.859" systemtimems="28.012" timestamp="2019-08-09T21:46:52.291" activeThreads="16">
  <mem-info id="5225" free="310378496" total="524288000" percent="59">
    <mem type="eden" free="3683984" total="8388608" percent="43" />
    <remembered-set count="16640" freebytes="20893440" totalbytes="20960000" percent="99" regionsoverflowed="0" regionsstable="10" regionsrebuilding="0"/>
  </mem-info>
</gc-end>
<cycle-end id="5226" type="partial gc" contextid="5219" timestamp="2019-08-09T21:46:52.292" />
  <attribute name="elasticGC enabled" value="1" />
  <attribute name= "numThreadsSpecified" value="16" />
  <attribute name="heapSize specified" value="0" />
  <attribute name="Current GC Util" value="224" />
  <attribute name= "Current Time Running" value="225367" />
  <attribute name ="GC Interval" value="0" />
  <attribute name="Target GC Util Change" value ="80.000000" />
  <attribute name="Current GC Util Change" value="224.000000"/>
  <attribute name="Current Error" value="-144.000000" />
  <attribute name="Output H" value="524363520"/>
  <attribute name="Output I" value="1848"/>
  <attribute name="Output T" value="16"/>
  <attribute name= "Current Time Running" value="225367" />
  <attribute name="GC Util currently" value="224" />
  <attribute name="CPU Util currently" value="1236456366804" />
<exclusive-end id="5227" timestamp="2019-08-09T21:46:52.292" durationms="13.228" />

<exclusive-start id="5228" timestamp="2019-08-09T21:46:52.406" intervalms="127.159">
  <response-info timems="4.773" idlems="4.773" threads="0" lastid="00000000020ED600" lastname="Thread-43" />
</exclusive-start>
<allocation-taxation id="5229" taxation-threshold="138412032" timestamp="2019-08-09T21:46:52.406" intervalms="127.168" />
<cycle-start id="5230" type="partial gc" contextid="0" timestamp="2019-08-09T21:46:52.406" intervalms="127.432" />
<gc-start id="5231" type="partial gc" contextid="5230" timestamp="2019-08-09T21:46:52.408">
  <mem-info id="5232" free="171966464" total="524288000" percent="32">
    <mem type="eden" free="0" total="138412032" percent="0" />
    <remembered-set count="16288" freebytes="20894848" totalbytes="20960000" percent="99" regionsoverflowed="0" regionsstable="10" regionsrebuilding="0"/>
  </mem-info>
</gc-start>
<allocation-stats totalBytes="138282088" >
  <allocated-bytes non-tlh="81944" tlh="138200144" arrayletleaf="0"/>
  <largest-consumer threadName="Thread-44" threadId="000000000210B600" bytes="13245008" />
</allocation-stats>
<gc-op id="5233" type="copy forward" timems="15.863" contextid="5230" timestamp="2019-08-09T21:46:52.429">
  <memory-copied type="eden" objects="9930" bytes="4028248" bytesdiscarded="709544" />
  <memory-copied type="other" objects="17" bytes="688" bytesdiscarded="0" />
  <memory-cardclean objects="3207" bytes="147032" />
  <regions eden="66" other="6" />
  <remembered-set-cleared processed="5993" cleared="146" durationms="0.233" />
  <references type="phantom" candidates="3" cleared="0" enqueued="0" />
  <stringconstants candidates="16474" cleared="0"  />
</gc-op>
<gc-op id="5234" type="classunload" timems="0.011" contextid="5230" timestamp="2019-08-09T21:46:52.429">
  <classunload-info classloadercandidates="69" classloadersunloaded="0" classesunloaded="0" anonymousclassesunloaded="0" quiescems="0.000" setupms="0.011" scanms="0.000" postms="0.000" />
</gc-op>
<gc-end id="5235" type="partial gc" contextid="5230" durationms="21.370" usertimems="38.841" systemtimems="20.343" timestamp="2019-08-09T21:46:52.429" activeThreads="16">
  <mem-info id="5236" free="310378496" total="524288000" percent="59">
    <mem type="eden" free="1553384" total="6291456" percent="24" />
    <remembered-set count="17184" freebytes="20891264" totalbytes="20960000" percent="99" regionsoverflowed="0" regionsstable="10" regionsrebuilding="0"/>
  </mem-info>
</gc-end>
<cycle-end id="5237" type="partial gc" contextid="5230" timestamp="2019-08-09T21:46:52.429" />
  <attribute name="elasticGC enabled" value="1" />
  <attribute name= "numThreadsSpecified" value="16" />
  <attribute name="heapSize specified" value="0" />
  <attribute name="Current GC Util" value="59" />
  <attribute name= "Current Time Running" value="225499" />
  <attribute name ="GC Interval" value="0" />
  <attribute name="Target GC Util Change" value ="80.000000" />
  <attribute name="Current GC Util Change" value="59.000000"/>
  <attribute name="Current Error" value="-73.000000" />
  <attribute name="Output H" value="524363600"/>
  <attribute name="Output I" value="1928"/>
  <attribute name="Output T" value="16"/>
  <attribute name= "Current Time Running" value="225499" />
  <attribute name="GC Util currently" value="59" />
  <attribute name="CPU Util currently" value="452355577458" />
<exclusive-end id="5238" timestamp="2019-08-09T21:46:52.429" durationms="23.437" />

===== DaCapo 9.12-MR1 xalan PASSED in 12498 msec =====
</verbosegc>

