<?xml version="1.0" ?>

<verbosegc xmlns="http://www.ibm.com/j9/verbosegc" version="25b0271_CMPRSS">

<initialized id="1" timestamp="2019-07-02T19:00:15.886">
  <attribute name="gcPolicy" value="-Xgcpolicy:gencon" />
  <attribute name="GC Util" value="0" />
  <attribute name="CPU Util" value="0" />
  <attribute name="Time Running"value="0"/>
  <attribute name="Number of cores"value="0"/>
  <attribute name="maxHeapSize" value="0x7cbc0000" />
  <attribute name="initialHeapSize" value="0x800000" />
  <attribute name="compressedRefs" value="true" />
  <attribute name="compressedRefsDisplacement" value="0x0" />
  <attribute name="compressedRefsShift" value="0x0" />
  <attribute name="pageSize" value="0x1000" />
  <attribute name="pageType" value="not used" />
  <attribute name="requestedPageSize" value="0x1000" />
  <attribute name="requestedPageType" value="not used" />
  <attribute name="gcthreads" value="4" />
  <attribute name="gcthreads Concurrent Mark" value="1" />
  <attribute name="packetListSplit" value="4" />
  <attribute name="cacheListSplit" value="4" />
  <attribute name="splitFreeListSplitAmount" value="1" />
  <attribute name="numaNodes" value="0" />
  <system>
    <attribute name="physicalMemory" value="8370962432" />
    <attribute name="numCPUs" value="4" />
    <attribute name="architecture" value="amd64" />
    <attribute name="os" value="Linux" />
    <attribute name="osVersion" value="4.4.0-148-generic" />
  </system>
  <vmargs>
    <vmarg name="-Xoptionsfile=/vagrant/jdk/lib/options.default" />
    <vmarg name="-Xlockword:mode=default,noLockword=java/lang/String,noLockword=java/util/MapEntry,noLockword=java/util/HashMap$Entry,noLockword..." />
    <vmarg name="-Xjcl:jclse11_29" />
    <vmarg name="-Dcom.ibm.oti.vm.bootstrap.library.path=/vagrant/jdk/lib/compressedrefs:/vagrant/jdk/lib" />
    <vmarg name="-Dsun.boot.library.path=/vagrant/jdk/lib/compressedrefs:/vagrant/jdk/lib" />
    <vmarg name="-Djava.library.path=/vagrant/jdk/lib/compressedrefs:/vagrant/jdk/lib:/usr/lib64:/usr/lib" />
    <vmarg name="-Djava.home=/vagrant/jdk" />
    <vmarg name="-Duser.dir=/vagrant" />
    <vmarg name="-verbose:gc" />
    <vmarg name="-Xloggc:small-jdkF-verbose16jython.txt" />
    <vmarg name="-Djava.class.path=dacapo-9.12-MR1-bach.jar" />
    <vmarg name="-Dsun.java.command=dacapo-9.12-MR1-bach.jar jython --size=small" />
    <vmarg name="-Dsun.java.launcher=SUN_STANDARD" />
    <vmarg name="-Dsun.java.launcher.pid=3553" />
  </vmargs>
</initialized>

<exclusive-start id="2" timestamp="2019-07-02T19:00:16.011" intervalms="124.645">
  <response-info timems="0.023" idlems="0.023" threads="0" lastid="0000000000D90700" lastname="main" />
</exclusive-start>
<af-start id="3" threadId="0000000000D91088" totalBytesRequested="15632" timestamp="2019-07-02T19:00:16.011" intervalms="124.861" type="nursery" />
<cycle-start id="4" type="scavenge" contextid="0" timestamp="2019-07-02T19:00:16.012" intervalms="125.238" />
  <attribute name="GC Util" value="0" />
  <attribute name="CPU Util" value="39" />
  <attribute name="Time Running"value="0"/>
  <attribute name="Number of cores"value="4"/>
<gc-start id="5" type="scavenge" contextid="4" timestamp="2019-07-02T19:00:16.012">
  <mem-info id="6" free="6065704" total="8388608" percent="72">
    <mem type="nursery" free="0" total="2097152" percent="0">
      <mem type="allocate" free="0" total="1048576" percent="0" />
      <mem type="survivor" free="0" total="1048576" percent="0" />
    </mem>
    <mem type="tenure" free="6065704" total="6291456" percent="96">
      <mem type="soa" free="5751336" total="5977088" percent="96" />
      <mem type="loa" free="314368" total="314368" percent="100" />
    </mem>
    <remembered-set count="3122" />
  </mem-info>
</gc-start>
<allocation-stats totalBytes="1259400" >
  <allocated-bytes non-tlh="300120" tlh="959280" />
  <largest-consumer threadName="main" threadId="0000000000D90700" bytes="1183768" />
</allocation-stats>
<gc-op id="7" type="scavenge" timems="1.747" contextid="4" timestamp="2019-07-02T19:00:16.014">
  <scavenger-info tenureage="2" tenuremask="fffc" tiltratio="50" />
  <memory-copied type="nursery" objects="10438" bytes="495616" bytesdiscarded="159232" />
  <finalization candidates="16" enqueued="0" />
  <references type="soft" candidates="62" cleared="0" enqueued="0" dynamicThreshold="32" maxThreshold="32" />
  <references type="weak" candidates="307" cleared="155" enqueued="117" />
  <references type="phantom" candidates="19" cleared="3" enqueued="3" />
</gc-op>
<gc-end id="8" type="scavenge" contextid="4" durationms="2.501" usertimems="4.000" systemtimems="0.000" timestamp="2019-07-02T19:00:16.014" activeThreads="4">
  <mem-info id="9" free="6457344" total="8388608" percent="76">
    <mem type="nursery" free="391640" total="2097152" percent="18">
      <mem type="allocate" free="391640" total="1048576" percent="37" />
      <mem type="survivor" free="0" total="1048576" percent="0" />
    </mem>
    <mem type="tenure" free="6065704" total="6291456" percent="96">
      <mem type="soa" free="5751336" total="5977088" percent="96" />
      <mem type="loa" free="314368" total="314368" percent="100" />
    </mem>
    <pending-finalizers system="0" default="0" reference="120" classloader="0" />
    <remembered-set count="3122" />
  </mem-info>
</gc-end>
<cycle-end id="10" type="scavenge" contextid="4" timestamp="2019-07-02T19:00:16.014">
  <attribute name="GC Util" value="0" />
  <attribute name="CPU Util" value="172" />
  <attribute name="Time Running"value="23"/>
  <attribute name="Number of cores"value="4"/>
</cycle-end>
<allocation-satisfied id="11" threadId="0000000000D90700" bytesRequested="15632" />
<af-end id="12" timestamp="2019-07-02T19:00:16.015" threadId="0000000000D91088" success="true" from="nursery"/>
<exclusive-end id="13" timestamp="2019-07-02T19:00:16.015" durationms="3.671" />

<exclusive-start id="14" timestamp="2019-07-02T19:00:16.033" intervalms="21.837">
  <response-info timems="0.022" idlems="0.022" threads="0" lastid="0000000000D90700" lastname="main" />
</exclusive-start>
<af-start id="15" threadId="0000000000D91088" totalBytesRequested="56" timestamp="2019-07-02T19:00:16.033" intervalms="21.745" type="nursery" />
<cycle-start id="16" type="scavenge" contextid="0" timestamp="2019-07-02T19:00:16.033" intervalms="21.470" />
  <attribute name="GC Util" value="0" />
  <attribute name="CPU Util" value="172" />
  <attribute name="Time Running"value="23"/>
  <attribute name="Number of cores"value="4"/>
<gc-start id="17" type="scavenge" contextid="16" timestamp="2019-07-02T19:00:16.033">
  <mem-info id="18" free="6055824" total="8388608" percent="72">
    <mem type="nursery" free="0" total="2097152" percent="0">
      <mem type="allocate" free="0" total="1048576" percent="0" />
      <mem type="survivor" free="0" total="1048576" percent="0" />
    </mem>
    <mem type="tenure" free="6055824" total="6291456" percent="96">
      <mem type="soa" free="5741456" total="5977088" percent="96" />
      <mem type="loa" free="314368" total="314368" percent="100" />
    </mem>
    <remembered-set count="3259" />
  </mem-info>
</gc-start>
<allocation-stats totalBytes="400768" >
  <allocated-bytes non-tlh="25512" tlh="375256" />
  <largest-consumer threadName="main" threadId="0000000000D90700" bytes="388792" />
</allocation-stats>
<gc-op id="19" type="scavenge" timems="0.858" contextid="16" timestamp="2019-07-02T19:00:16.034">
  <scavenger-info tenureage="9" tenuremask="7e00" tiltratio="50" />
  <memory-copied type="nursery" objects="10922" bytes="485928" bytesdiscarded="104848" />
  <finalization candidates="16" enqueued="0" />
  <references type="soft" candidates="62" cleared="0" enqueued="0" dynamicThreshold="32" maxThreshold="32" />
  <references type="weak" candidates="281" cleared="117" enqueued="114" />
  <references type="phantom" candidates="41" cleared="14" enqueued="14" />
</gc-op>
<gc-end id="20" type="scavenge" contextid="16" durationms="1.055" usertimems="4.000" systemtimems="0.000" timestamp="2019-07-02T19:00:16.034" activeThreads="4">
  <mem-info id="21" free="6512160" total="8388608" percent="77">
    <mem type="nursery" free="456336" total="2097152" percent="21">
      <mem type="allocate" free="456336" total="1048576" percent="43" />
      <mem type="survivor" free="0" total="1048576" percent="0" />
    </mem>
    <mem type="tenure" free="6055824" total="6291456" percent="96">
      <mem type="soa" free="5741456" total="5977088" percent="96" />
      <mem type="loa" free="314368" total="314368" percent="100" />
    </mem>
    <pending-finalizers system="0" default="0" reference="128" classloader="0" />
    <remembered-set count="3259" />
  </mem-info>
</gc-end>
<cycle-end id="22" type="scavenge" contextid="16" timestamp="2019-07-02T19:00:16.034">
  <attribute name="GC Util" value="15" />
  <attribute name="CPU Util" value="125" />
  <attribute name="Time Running"value="44"/>
  <attribute name="Number of cores"value="4"/>
</cycle-end>
<allocation-satisfied id="23" threadId="0000000000D90700" bytesRequested="56" />
<af-end id="24" timestamp="2019-07-02T19:00:16.035" threadId="0000000000D91088" success="true" from="nursery"/>
<exclusive-end id="25" timestamp="2019-07-02T19:00:16.035" durationms="1.678" />

<exclusive-start id="26" timestamp="2019-07-02T19:00:16.053" intervalms="20.425">
  <response-info timems="0.037" idlems="0.037" threads="0" lastid="0000000000D90700" lastname="main" />
</exclusive-start>
<af-start id="27" threadId="0000000000D91088" totalBytesRequested="8200" timestamp="2019-07-02T19:00:16.053" intervalms="20.437" type="nursery" />
<cycle-start id="28" type="scavenge" contextid="0" timestamp="2019-07-02T19:00:16.054" intervalms="20.452" />
  <attribute name="GC Util" value="15" />
  <attribute name="CPU Util" value="125" />
  <attribute name="Time Running"value="44"/>
  <attribute name="Number of cores"value="4"/>
<gc-start id="29" type="scavenge" contextid="28" timestamp="2019-07-02T19:00:16.054">
  <mem-info id="30" free="6053048" total="8388608" percent="72">
    <mem type="nursery" free="0" total="2097152" percent="0">
      <mem type="allocate" free="0" total="1048576" percent="0" />
      <mem type="survivor" free="0" total="1048576" percent="0" />
    </mem>
    <mem type="tenure" free="6053048" total="6291456" percent="96">
      <mem type="soa" free="5738680" total="5977088" percent="96" />
      <mem type="loa" free="314368" total="314368" percent="100" />
    </mem>
    <remembered-set count="3293" />
  </mem-info>
</gc-start>
<allocation-stats totalBytes="438288" >
  <allocated-bytes non-tlh="2832" tlh="435456" />
  <largest-consumer threadName="main" threadId="0000000000D90700" bytes="430096" />
</allocation-stats>
<gc-op id="31" type="scavenge" timems="0.902" contextid="28" timestamp="2019-07-02T19:00:16.055">
  <scavenger-info tenureage="8" tenuremask="7f00" tiltratio="50" />
  <memory-copied type="nursery" objects="10865" bytes="487720" bytesdiscarded="111264" />
  <finalization candidates="16" enqueued="0" />
  <references type="soft" candidates="62" cleared="0" enqueued="0" dynamicThreshold="32" maxThreshold="32" />
  <references type="weak" candidates="244" cleared="78" enqueued="78" />
  <references type="phantom" candidates="39" cleared="10" enqueued="10" />
</gc-op>
<gc-end id="32" type="scavenge" contextid="28" durationms="1.229" usertimems="0.000" systemtimems="4.000" timestamp="2019-07-02T19:00:16.055" activeThreads="4">
  <mem-info id="33" free="6501184" total="8388608" percent="77">
    <mem type="nursery" free="448136" total="2097152" percent="21">
      <mem type="allocate" free="448136" total="1048576" percent="42" />
      <mem type="survivor" free="0" total="1048576" percent="0" />
    </mem>
    <mem type="tenure" free="6053048" total="6291456" percent="96">
      <mem type="soa" free="5738680" total="5977088" percent="96" />
      <mem type="loa" free="314368" total="314368" percent="100" />
    </mem>
    <pending-finalizers system="0" default="0" reference="88" classloader="0" />
    <remembered-set count="1066" />
  </mem-info>
</gc-end>
<cycle-end id="34" type="scavenge" contextid="28" timestamp="2019-07-02T19:00:16.055">
  <attribute name="GC Util" value="7" />
  <attribute name="CPU Util" value="72" />
  <attribute name="Time Running"value="65"/>
  <attribute name="Number of cores"value="4"/>
</cycle-end>
<allocation-satisfied id="35" threadId="0000000000D90700" bytesRequested="8200" />
<af-end id="36" timestamp="2019-07-02T19:00:16.055" threadId="0000000000D91088" success="true" from="nursery"/>
<exclusive-end id="37" timestamp="2019-07-02T19:00:16.055" durationms="1.846" />

<exclusive-start id="38" timestamp="2019-07-02T19:00:16.300" intervalms="247.172">
  <response-info timems="0.025" idlems="0.025" threads="0" lastid="0000000000D90700" lastname="main" />
</exclusive-start>
<af-start id="39" threadId="0000000000D91088" totalBytesRequested="43048" timestamp="2019-07-02T19:00:16.301" intervalms="247.219" type="nursery" />
<cycle-start id="40" type="scavenge" contextid="0" timestamp="2019-07-02T19:00:16.301" intervalms="247.252" />
  <attribute name="GC Util" value="7" />
  <attribute name="CPU Util" value="72" />
  <attribute name="Time Running"value="65"/>
  <attribute name="Number of cores"value="4"/>
<gc-start id="41" type="scavenge" contextid="40" timestamp="2019-07-02T19:00:16.301">
  <mem-info id="42" free="6075568" total="8388608" percent="72">
    <mem type="nursery" free="26240" total="2097152" percent="1">
      <mem type="allocate" free="26240" total="1048576" percent="2" />
      <mem type="survivor" free="0" total="1048576" percent="0" />
    </mem>
    <mem type="tenure" free="6049328" total="6291456" percent="96">
      <mem type="soa" free="5734960" total="5977088" percent="95" />
      <mem type="loa" free="314368" total="314368" percent="100" />
    </mem>
    <remembered-set count="1132" />
  </mem-info>
</gc-start>
<allocation-stats totalBytes="418320" >
  <allocated-bytes non-tlh="11920" tlh="406400" />
  <largest-consumer threadName="main" threadId="0000000000D90700" bytes="418320" />
</allocation-stats>
<gc-op id="43" type="scavenge" timems="1.142" contextid="40" timestamp="2019-07-02T19:00:16.302">
  <scavenger-info tenureage="3" tenuremask="fff8" tiltratio="50" />
  <memory-copied type="nursery" objects="749" bytes="98576" bytesdiscarded="88760" />
  <memory-copied type="tenure" objects="10227" bytes="457400" bytesdiscarded="808" />
  <finalization candidates="18" enqueued="0" />
  <references type="soft" candidates="1" cleared="0" enqueued="0" dynamicThreshold="32" maxThreshold="32" />
  <references type="weak" candidates="63" cleared="48" enqueued="48" />
  <references type="phantom" candidates="24" cleared="10" enqueued="10" />
</gc-op>
<gc-end id="44" type="scavenge" contextid="40" durationms="1.548" usertimems="0.000" systemtimems="0.000" timestamp="2019-07-02T19:00:16.303" activeThreads="4">
  <mem-info id="45" free="6243992" total="8388608" percent="74">
    <mem type="nursery" free="861184" total="2097152" percent="41">
      <mem type="allocate" free="861184" total="1048576" percent="82" />
      <mem type="survivor" free="0" total="1048576" percent="0" />
    </mem>
    <mem type="tenure" free="5382808" total="6291456" percent="85">
      <mem type="soa" free="5068440" total="5977088" percent="84" />
      <mem type="loa" free="314368" total="314368" percent="100" />
    </mem>
    <pending-finalizers system="0" default="0" reference="58" classloader="0" />
    <remembered-set count="211" />
  </mem-info>
</gc-end>
<cycle-end id="46" type="scavenge" contextid="40" timestamp="2019-07-02T19:00:16.303">
  <attribute name="GC Util" value="0" />
  <attribute name="CPU Util" value="114" />
  <attribute name="Time Running"value="312"/>
  <attribute name="Number of cores"value="4"/>
</cycle-end>
<allocation-satisfied id="47" threadId="0000000000D90700" bytesRequested="43048" />
<af-end id="48" timestamp="2019-07-02T19:00:16.303" threadId="0000000000D91088" success="true" from="nursery"/>
<exclusive-end id="49" timestamp="2019-07-02T19:00:16.303" durationms="2.490" />

<exclusive-start id="50" timestamp="2019-07-02T19:00:16.521" intervalms="220.854">
  <response-info timems="0.031" idlems="0.031" threads="0" lastid="0000000000D90700" lastname="main" />
</exclusive-start>
<af-start id="51" threadId="0000000000D91088" totalBytesRequested="2056" timestamp="2019-07-02T19:00:16.521" intervalms="220.755" type="nursery" />
<cycle-start id="52" type="scavenge" contextid="0" timestamp="2019-07-02T19:00:16.521" intervalms="220.665" />
  <attribute name="GC Util" value="0" />
  <attribute name="CPU Util" value="114" />
  <attribute name="Time Running"value="312"/>
  <attribute name="Number of cores"value="4"/>
<gc-start id="53" type="scavenge" contextid="52" timestamp="2019-07-02T19:00:16.522">
  <mem-info id="54" free="5381888" total="8388608" percent="64">
    <mem type="nursery" free="0" total="2097152" percent="0">
      <mem type="allocate" free="0" total="1048576" percent="0" />
      <mem type="survivor" free="0" total="1048576" percent="0" />
    </mem>
    <mem type="tenure" free="5381888" total="6291456" percent="85">
      <mem type="soa" free="5067520" total="5977088" percent="84" />
      <mem type="loa" free="314368" total="314368" percent="100" />
    </mem>
    <remembered-set count="233" />
  </mem-info>
</gc-start>
<allocation-stats totalBytes="855536" >
  <allocated-bytes non-tlh="76672" tlh="778864" />
  <largest-consumer threadName="main" threadId="0000000000D90700" bytes="855536" />
</allocation-stats>
<gc-op id="55" type="scavenge" timems="0.459" contextid="52" timestamp="2019-07-02T19:00:16.522">
  <scavenger-info tenureage="3" tenuremask="ffe8" tiltratio="50" />
  <memory-copied type="nursery" objects="455" bytes="202360" bytesdiscarded="71064" />
  <memory-copied type="tenure" objects="328" bytes="17248" bytesdiscarded="0" />
  <finalization candidates="3" enqueued="1" />
  <references type="soft" candidates="1" cleared="0" enqueued="0" dynamicThreshold="32" maxThreshold="32" />
  <references type="weak" candidates="11" cleared="9" enqueued="9" />
  <references type="phantom" candidates="12" cleared="7" enqueued="7" />
</gc-op>
<gc-end id="56" type="scavenge" contextid="52" durationms="0.628" usertimems="0.000" systemtimems="0.000" timestamp="2019-07-02T19:00:16.522" activeThreads="4">
  <mem-info id="57" free="6156960" total="8388608" percent="73">
    <mem type="nursery" free="775072" total="2097152" percent="36">
      <mem type="allocate" free="775072" total="1048576" percent="73" />
      <mem type="survivor" free="0" total="1048576" percent="0" />
    </mem>
    <mem type="tenure" free="5381888" total="6291456" percent="85">
      <mem type="soa" free="5067520" total="5977088" percent="84" />
      <mem type="loa" free="314368" total="314368" percent="100" />
    </mem>
    <pending-finalizers system="1" default="0" reference="16" classloader="0" />
    <remembered-set count="182" />
  </mem-info>
</gc-end>
<cycle-end id="58" type="scavenge" contextid="52" timestamp="2019-07-02T19:00:16.522">
  <attribute name="GC Util" value="0" />
  <attribute name="CPU Util" value="100" />
  <attribute name="Time Running"value="532"/>
  <attribute name="Number of cores"value="4"/>
</cycle-end>
<allocation-satisfied id="59" threadId="0000000000D90700" bytesRequested="2056" />
<af-end id="60" timestamp="2019-07-02T19:00:16.522" threadId="0000000000D91088" success="true" from="nursery"/>
<exclusive-end id="61" timestamp="2019-07-02T19:00:16.522" durationms="1.044" />

<exclusive-start id="62" timestamp="2019-07-02T19:00:16.717" intervalms="195.904">
  <response-info timems="0.026" idlems="0.026" threads="0" lastid="0000000000D90700" lastname="main" />
</exclusive-start>
<af-start id="63" threadId="0000000000D91088" totalBytesRequested="2056" timestamp="2019-07-02T19:00:16.717" intervalms="195.904" type="nursery" />
<cycle-start id="64" type="scavenge" contextid="0" timestamp="2019-07-02T19:00:16.717" intervalms="195.901" />
  <attribute name="GC Util" value="0" />
  <attribute name="CPU Util" value="100" />
  <attribute name="Time Running"value="532"/>
  <attribute name="Number of cores"value="4"/>
<gc-start id="65" type="scavenge" contextid="64" timestamp="2019-07-02T19:00:16.717">
  <mem-info id="66" free="5381888" total="8388608" percent="64">
    <mem type="nursery" free="0" total="2097152" percent="0">
      <mem type="allocate" free="0" total="1048576" percent="0" />
      <mem type="survivor" free="0" total="1048576" percent="0" />
    </mem>
    <mem type="tenure" free="5381888" total="6291456" percent="85">
      <mem type="soa" free="5067520" total="5977088" percent="84" />
      <mem type="loa" free="314368" total="314368" percent="100" />
    </mem>
    <remembered-set count="184" />
  </mem-info>
</gc-start>
<allocation-stats totalBytes="765624" >
  <allocated-bytes non-tlh="2056" tlh="763568" />
  <largest-consumer threadName="main" threadId="0000000000D90700" bytes="765624" />
</allocation-stats>
<gc-op id="67" type="scavenge" timems="0.293" contextid="64" timestamp="2019-07-02T19:00:16.718">
  <scavenger-info tenureage="5" tenuremask="ffe0" tiltratio="50" />
  <memory-copied type="nursery" objects="418" bytes="84624" bytesdiscarded="49192" />
  <finalization candidates="2" enqueued="0" />
  <references type="soft" candidates="1" cleared="0" enqueued="0" dynamicThreshold="32" maxThreshold="32" />
  <references type="weak" candidates="2" cleared="0" enqueued="0" />
  <references type="phantom" candidates="5" cleared="0" enqueued="0" />
</gc-op>
<gc-end id="68" type="scavenge" contextid="64" durationms="0.509" usertimems="0.000" systemtimems="0.000" timestamp="2019-07-02T19:00:16.718" activeThreads="4">
  <mem-info id="69" free="6362104" total="8388608" percent="75">
    <mem type="nursery" free="980216" total="2097152" percent="46">
      <mem type="allocate" free="980216" total="1114112" percent="87" />
      <mem type="survivor" free="0" total="983040" percent="0" />
    </mem>
    <mem type="tenure" free="5381888" total="6291456" percent="85">
      <mem type="soa" free="5067520" total="5977088" percent="84" />
      <mem type="loa" free="314368" total="314368" percent="100" />
    </mem>
    <remembered-set count="112" />
  </mem-info>
</gc-end>
<cycle-end id="70" type="scavenge" contextid="64" timestamp="2019-07-02T19:00:16.718">
  <attribute name="GC Util" value="0" />
  <attribute name="CPU Util" value="102" />
  <attribute name="Time Running"value="728"/>
  <attribute name="Number of cores"value="4"/>
</cycle-end>
<allocation-satisfied id="71" threadId="0000000000D90700" bytesRequested="2056" />
<af-end id="72" timestamp="2019-07-02T19:00:16.718" threadId="0000000000D91088" success="true" from="nursery"/>
<exclusive-end id="73" timestamp="2019-07-02T19:00:16.718" durationms="0.923" />

<exclusive-start id="74" timestamp="2019-07-02T19:00:16.879" intervalms="161.405">
  <response-info timems="0.029" idlems="0.029" threads="0" lastid="0000000000D90700" lastname="main" />
</exclusive-start>
<af-start id="75" threadId="0000000000D91088" totalBytesRequested="2056" timestamp="2019-07-02T19:00:16.879" intervalms="161.403" type="nursery" />
<cycle-start id="76" type="scavenge" contextid="0" timestamp="2019-07-02T19:00:16.879" intervalms="161.405" />
  <attribute name="GC Util" value="0" />
  <attribute name="CPU Util" value="102" />
  <attribute name="Time Running"value="728"/>
  <attribute name="Number of cores"value="4"/>
<gc-start id="77" type="scavenge" contextid="76" timestamp="2019-07-02T19:00:16.879">
  <mem-info id="78" free="5381888" total="8388608" percent="64">
    <mem type="nursery" free="0" total="2097152" percent="0">
      <mem type="allocate" free="0" total="1114112" percent="0" />
      <mem type="survivor" free="0" total="983040" percent="0" />
    </mem>
    <mem type="tenure" free="5381888" total="6291456" percent="85">
      <mem type="soa" free="5067520" total="5977088" percent="84" />
      <mem type="loa" free="314368" total="314368" percent="100" />
    </mem>
    <remembered-set count="112" />
  </mem-info>
</gc-start>
<allocation-stats totalBytes="973576" >
  <allocated-bytes non-tlh="2056" tlh="971520" />
  <largest-consumer threadName="main" threadId="0000000000D90700" bytes="973576" />
</allocation-stats>
<gc-op id="79" type="scavenge" timems="0.303" contextid="76" timestamp="2019-07-02T19:00:16.879">
  <scavenger-info tenureage="3" tenuremask="fff8" tiltratio="53" />
  <memory-copied type="nursery" objects="163" bytes="27784" bytesdiscarded="50520" />
  <memory-copied type="tenure" objects="256" bytes="58864" bytesdiscarded="0" />
  <finalization candidates="2" enqueued="0" />
  <references type="weak" candidates="1" cleared="0" enqueued="0" />
  <references type="phantom" candidates="3" cleared="0" enqueued="0" />
</gc-op>
<gc-end id="80" type="scavenge" contextid="76" durationms="0.474" usertimems="0.000" systemtimems="0.000" timestamp="2019-07-02T19:00:16.879" activeThreads="4">
  <mem-info id="81" free="6575104" total="8388608" percent="78">
    <mem type="nursery" free="1232384" total="2097152" percent="58">
      <mem type="allocate" free="1232384" total="1310720" percent="94" />
      <mem type="survivor" free="0" total="786432" percent="0" />
    </mem>
    <mem type="tenure" free="5342720" total="6291456" percent="84">
      <mem type="soa" free="5028352" total="5977088" percent="84" />
      <mem type="loa" free="314368" total="314368" percent="100" />
    </mem>
    <remembered-set count="81" />
  </mem-info>
</gc-end>
<cycle-end id="82" type="scavenge" contextid="76" timestamp="2019-07-02T19:00:16.879">
  <attribute name="GC Util" value="0" />
  <attribute name="CPU Util" value="92" />
  <attribute name="Time Running"value="890"/>
  <attribute name="Number of cores"value="4"/>
</cycle-end>
<allocation-satisfied id="83" threadId="0000000000D90700" bytesRequested="2056" />
<af-end id="84" timestamp="2019-07-02T19:00:16.879" threadId="0000000000D91088" success="true" from="nursery"/>
<exclusive-end id="85" timestamp="2019-07-02T19:00:16.880" durationms="0.884" />

<exclusive-start id="86" timestamp="2019-07-02T19:00:17.081" intervalms="202.870">
  <response-info timems="0.024" idlems="0.024" threads="0" lastid="0000000000D90700" lastname="main" />
</exclusive-start>
<af-start id="87" threadId="0000000000D91088" totalBytesRequested="2056" timestamp="2019-07-02T19:00:17.082" intervalms="202.868" type="nursery" />
<cycle-start id="88" type="scavenge" contextid="0" timestamp="2019-07-02T19:00:17.082" intervalms="202.869" />
  <attribute name="GC Util" value="0" />
  <attribute name="CPU Util" value="92" />
  <attribute name="Time Running"value="890"/>
  <attribute name="Number of cores"value="4"/>
<gc-start id="89" type="scavenge" contextid="88" timestamp="2019-07-02T19:00:17.082">
  <mem-info id="90" free="5342720" total="8388608" percent="63">
    <mem type="nursery" free="0" total="2097152" percent="0">
      <mem type="allocate" free="0" total="1310720" percent="0" />
      <mem type="survivor" free="0" total="786432" percent="0" />
    </mem>
    <mem type="tenure" free="5342720" total="6291456" percent="84">
      <mem type="soa" free="5028352" total="5977088" percent="84" />
      <mem type="loa" free="314368" total="314368" percent="100" />
    </mem>
    <remembered-set count="81" />
  </mem-info>
</gc-start>
<allocation-stats totalBytes="1216272" >
  <allocated-bytes non-tlh="2056" tlh="1214216" />
  <largest-consumer threadName="main" threadId="0000000000D90700" bytes="1216272" />
</allocation-stats>
<gc-op id="91" type="scavenge" timems="0.263" contextid="88" timestamp="2019-07-02T19:00:17.082">
  <scavenger-info tenureage="3" tenuremask="ffc8" tiltratio="62" />
  <memory-copied type="nursery" objects="14" bytes="2528" bytesdiscarded="106512" />
  <memory-copied type="tenure" objects="150" bytes="25232" bytesdiscarded="56" />
  <references type="phantom" candidates="1" cleared="0" enqueued="0" />
</gc-op>
<gc-end id="92" type="scavenge" contextid="88" durationms="0.442" usertimems="0.000" systemtimems="0.000" timestamp="2019-07-02T19:00:17.082" activeThreads="4">
  <mem-info id="93" free="6597368" total="8388608" percent="78">
    <mem type="nursery" free="1332736" total="2097152" percent="63">
      <mem type="allocate" free="1332736" total="1441792" percent="92" />
      <mem type="survivor" free="0" total="655360" percent="0" />
    </mem>
    <mem type="tenure" free="5264632" total="6291456" percent="83">
      <mem type="soa" free="4950264" total="5977088" percent="82" />
      <mem type="loa" free="314368" total="314368" percent="100" />
    </mem>
    <remembered-set count="62" />
  </mem-info>
</gc-end>
<cycle-end id="94" type="scavenge" contextid="88" timestamp="2019-07-02T19:00:17.082">
  <attribute name="GC Util" value="0" />
  <attribute name="CPU Util" value="78" />
  <attribute name="Time Running"value="1092"/>
  <attribute name="Number of cores"value="4"/>
</cycle-end>
<allocation-satisfied id="95" threadId="0000000000D90700" bytesRequested="2056" />
<af-end id="96" timestamp="2019-07-02T19:00:17.082" threadId="0000000000D91088" success="true" from="nursery"/>
<exclusive-end id="97" timestamp="2019-07-02T19:00:17.082" durationms="0.859" />

<exclusive-start id="98" timestamp="2019-07-02T19:00:17.343" intervalms="261.372">
  <response-info timems="0.024" idlems="0.024" threads="0" lastid="0000000000D90700" lastname="main" />
</exclusive-start>
<af-start id="99" threadId="0000000000D91088" totalBytesRequested="2056" timestamp="2019-07-02T19:00:17.343" intervalms="261.368" type="nursery" />
<cycle-start id="100" type="scavenge" contextid="0" timestamp="2019-07-02T19:00:17.343" intervalms="261.366" />
  <attribute name="GC Util" value="0" />
  <attribute name="CPU Util" value="78" />
  <attribute name="Time Running"value="1092"/>
  <attribute name="Number of cores"value="4"/>
<gc-start id="101" type="scavenge" contextid="100" timestamp="2019-07-02T19:00:17.343">
  <mem-info id="102" free="5264632" total="8388608" percent="62">
    <mem type="nursery" free="0" total="2097152" percent="0">
      <mem type="allocate" free="0" total="1441792" percent="0" />
      <mem type="survivor" free="0" total="655360" percent="0" />
    </mem>
    <mem type="tenure" free="5264632" total="6291456" percent="83">
      <mem type="soa" free="4950264" total="5977088" percent="82" />
      <mem type="loa" free="314368" total="314368" percent="100" />
    </mem>
    <remembered-set count="62" />
  </mem-info>
</gc-start>
<allocation-stats totalBytes="1326056" >
  <allocated-bytes non-tlh="2056" tlh="1324000" />
  <largest-consumer threadName="main" threadId="0000000000D90700" bytes="1326056" />
</allocation-stats>
<gc-op id="103" type="scavenge" timems="0.208" contextid="100" timestamp="2019-07-02T19:00:17.343">
  <scavenger-info tenureage="3" tenuremask="ffe8" tiltratio="68" />
  <memory-copied type="nursery" objects="13" bytes="568" bytesdiscarded="77752" />
  <references type="phantom" candidates="1" cleared="0" enqueued="0" />
</gc-op>
<gc-end id="104" type="scavenge" contextid="100" durationms="0.384" usertimems="4.000" systemtimems="0.000" timestamp="2019-07-02T19:00:17.343" activeThreads="4">
  <mem-info id="105" free="6759160" total="8388608" percent="80">
    <mem type="nursery" free="1494528" total="2097152" percent="71">
      <mem type="allocate" free="1494528" total="1572864" percent="95" />
      <mem type="survivor" free="0" total="524288" percent="0" />
    </mem>
    <mem type="tenure" free="5264632" total="6291456" percent="83">
      <mem type="soa" free="4950264" total="5977088" percent="82" />
      <mem type="loa" free="314368" total="314368" percent="100" />
    </mem>
    <remembered-set count="62" />
  </mem-info>
</gc-end>
<cycle-end id="106" type="scavenge" contextid="100" timestamp="2019-07-02T19:00:17.344">
  <attribute name="GC Util" value="0" />
  <attribute name="CPU Util" value="18" />
  <attribute name="Time Running"value="1354"/>
  <attribute name="Number of cores"value="4"/>
</cycle-end>
<allocation-satisfied id="107" threadId="0000000000D90700" bytesRequested="2056" />
<af-end id="108" timestamp="2019-07-02T19:00:17.344" threadId="0000000000D91088" success="true" from="nursery"/>
<exclusive-end id="109" timestamp="2019-07-02T19:00:17.344" durationms="0.786" />

<exclusive-start id="110" timestamp="2019-07-02T19:00:17.602" intervalms="259.526">
  <response-info timems="0.020" idlems="0.020" threads="0" lastid="0000000000D90700" lastname="main" />
</exclusive-start>
<af-start id="111" threadId="0000000000D91088" totalBytesRequested="2056" timestamp="2019-07-02T19:00:17.602" intervalms="259.524" type="nursery" />
<cycle-start id="112" type="scavenge" contextid="0" timestamp="2019-07-02T19:00:17.603" intervalms="259.530" />
  <attribute name="GC Util" value="0" />
  <attribute name="CPU Util" value="18" />
  <attribute name="Time Running"value="1354"/>
  <attribute name="Number of cores"value="4"/>
<gc-start id="113" type="scavenge" contextid="112" timestamp="2019-07-02T19:00:17.603">
  <mem-info id="114" free="5264632" total="8388608" percent="62">
    <mem type="nursery" free="0" total="2097152" percent="0">
      <mem type="allocate" free="0" total="1572864" percent="0" />
      <mem type="survivor" free="0" total="524288" percent="0" />
    </mem>
    <mem type="tenure" free="5264632" total="6291456" percent="83">
      <mem type="soa" free="4950264" total="5977088" percent="82" />
      <mem type="loa" free="314368" total="314368" percent="100" />
    </mem>
    <remembered-set count="62" />
  </mem-info>
</gc-start>
<allocation-stats totalBytes="1481464" >
  <allocated-bytes non-tlh="2056" tlh="1479408" />
  <largest-consumer threadName="main" threadId="0000000000D90700" bytes="1481464" />
</allocation-stats>
<gc-op id="115" type="scavenge" timems="0.193" contextid="112" timestamp="2019-07-02T19:00:17.603">
  <scavenger-info tenureage="3" tenuremask="fff8" tiltratio="75" />
  <memory-copied type="nursery" objects="13" bytes="504" bytesdiscarded="38648" />
  <references type="phantom" candidates="1" cleared="0" enqueued="0" />
</gc-op>
<gc-end id="116" type="scavenge" contextid="112" durationms="0.361" usertimems="0.000" systemtimems="0.000" timestamp="2019-07-02T19:00:17.603" activeThreads="4">
  <mem-info id="117" free="6863864" total="8388608" percent="81">
    <mem type="nursery" free="1599232" total="2097152" percent="76">
      <mem type="allocate" free="1599232" total="1638400" percent="97" />
      <mem type="survivor" free="0" total="458752" percent="0" />
    </mem>
    <mem type="tenure" free="5264632" total="6291456" percent="83">
      <mem type="soa" free="4950264" total="5977088" percent="82" />
      <mem type="loa" free="314368" total="314368" percent="100" />
    </mem>
    <remembered-set count="62" />
  </mem-info>
</gc-end>
<cycle-end id="118" type="scavenge" contextid="112" timestamp="2019-07-02T19:00:17.603">
  <attribute name="GC Util" value="0" />
  <attribute name="CPU Util" value="18" />
  <attribute name="Time Running"value="1613"/>
  <attribute name="Number of cores"value="4"/>
</cycle-end>
<allocation-satisfied id="119" threadId="0000000000D90700" bytesRequested="2056" />
<af-end id="120" timestamp="2019-07-02T19:00:17.603" threadId="0000000000D91088" success="true" from="nursery"/>
<exclusive-end id="121" timestamp="2019-07-02T19:00:17.603" durationms="0.769" />

<exclusive-start id="122" timestamp="2019-07-02T19:00:17.795" intervalms="192.847">
  <response-info timems="0.024" idlems="0.024" threads="0" lastid="0000000000D90700" lastname="main" />
</exclusive-start>
<af-start id="123" threadId="0000000000D91088" totalBytesRequested="2056" timestamp="2019-07-02T19:00:17.795" intervalms="192.844" type="nursery" />
<cycle-start id="124" type="scavenge" contextid="0" timestamp="2019-07-02T19:00:17.795" intervalms="192.837" />
  <attribute name="GC Util" value="0" />
  <attribute name="CPU Util" value="18" />
  <attribute name="Time Running"value="1613"/>
  <attribute name="Number of cores"value="4"/>
<gc-start id="125" type="scavenge" contextid="124" timestamp="2019-07-02T19:00:17.795">
  <mem-info id="126" free="5264632" total="8388608" percent="62">
    <mem type="nursery" free="0" total="2097152" percent="0">
      <mem type="allocate" free="0" total="1638400" percent="0" />
      <mem type="survivor" free="0" total="458752" percent="0" />
    </mem>
    <mem type="tenure" free="5264632" total="6291456" percent="83">
      <mem type="soa" free="4950264" total="5977088" percent="82" />
      <mem type="loa" free="314368" total="314368" percent="100" />
    </mem>
    <remembered-set count="62" />
  </mem-info>
</gc-start>
<allocation-stats totalBytes="1588184" >
  <allocated-bytes non-tlh="2056" tlh="1586128" />
  <largest-consumer threadName="main" threadId="0000000000D90700" bytes="1588184" />
</allocation-stats>
<gc-op id="127" type="scavenge" timems="0.210" contextid="124" timestamp="2019-07-02T19:00:17.796">
  <scavenger-info tenureage="3" tenuremask="fff8" tiltratio="78" />
  <memory-copied type="nursery" objects="13" bytes="536" bytesdiscarded="38616" />
  <references type="phantom" candidates="1" cleared="0" enqueued="0" />
</gc-op>
<gc-end id="128" type="scavenge" contextid="124" durationms="0.378" usertimems="0.000" systemtimems="0.000" timestamp="2019-07-02T19:00:17.796" activeThreads="4">
  <mem-info id="129" free="6994936" total="8388608" percent="83">
    <mem type="nursery" free="1730304" total="2097152" percent="82">
      <mem type="allocate" free="1730304" total="1769472" percent="97" />
      <mem type="survivor" free="0" total="327680" percent="0" />
    </mem>
    <mem type="tenure" free="5264632" total="6291456" percent="83">
      <mem type="soa" free="4950264" total="5977088" percent="82" />
      <mem type="loa" free="314368" total="314368" percent="100" />
    </mem>
    <remembered-set count="62" />
  </mem-info>
</gc-end>
<cycle-end id="130" type="scavenge" contextid="124" timestamp="2019-07-02T19:00:17.796">
  <attribute name="GC Util" value="0" />
  <attribute name="CPU Util" value="19" />
  <attribute name="Time Running"value="1806"/>
  <attribute name="Number of cores"value="4"/>
</cycle-end>
<allocation-satisfied id="131" threadId="0000000000D90700" bytesRequested="2056" />
<af-end id="132" timestamp="2019-07-02T19:00:17.796" threadId="0000000000D91088" success="true" from="nursery"/>
<exclusive-end id="133" timestamp="2019-07-02T19:00:17.796" durationms="0.771" />

<exclusive-start id="134" timestamp="2019-07-02T19:00:17.983" intervalms="188.198">
  <response-info timems="0.053" idlems="0.053" threads="0" lastid="0000000000D90700" lastname="main" />
</exclusive-start>
<af-start id="135" threadId="0000000000D91088" totalBytesRequested="64064" timestamp="2019-07-02T19:00:17.984" intervalms="188.213" type="nursery" />
<cycle-start id="136" type="scavenge" contextid="0" timestamp="2019-07-02T19:00:17.984" intervalms="188.218" />
  <attribute name="GC Util" value="0" />
  <attribute name="CPU Util" value="19" />
  <attribute name="Time Running"value="1806"/>
  <attribute name="Number of cores"value="4"/>
<gc-start id="137" type="scavenge" contextid="136" timestamp="2019-07-02T19:00:17.984">
  <mem-info id="138" free="5263688" total="8388608" percent="62">
    <mem type="nursery" free="0" total="2097152" percent="0">
      <mem type="allocate" free="0" total="1769472" percent="0" />
      <mem type="survivor" free="0" total="327680" percent="0" />
    </mem>
    <mem type="tenure" free="5263688" total="6291456" percent="83">
      <mem type="soa" free="4949320" total="5977088" percent="82" />
      <mem type="loa" free="314368" total="314368" percent="100" />
    </mem>
    <remembered-set count="99" />
  </mem-info>
</gc-start>
<allocation-stats totalBytes="1675592" >
  <allocated-bytes non-tlh="472376" tlh="1203216" />
  <largest-consumer threadName="main" threadId="0000000000D90700" bytes="1675592" />
</allocation-stats>
<gc-op id="139" type="scavenge" timems="0.361" contextid="136" timestamp="2019-07-02T19:00:17.984">
  <scavenger-info tenureage="3" tenuremask="fff8" tiltratio="84" />
  <memory-copied type="nursery" objects="356" bytes="306576" bytesdiscarded="21104" />
  <memory-copied type="tenure" objects="107" bytes="319136" bytesdiscarded="0" />
  <copy-failed type="nursery" objects="107" bytes="319136" />
  <references type="soft" candidates="1" cleared="0" enqueued="0" dynamicThreshold="32" maxThreshold="32" />
  <references type="weak" candidates="4" cleared="4" enqueued="4" />
  <references type="phantom" candidates="9" cleared="1" enqueued="1" />
</gc-op>
<gc-end id="140" type="scavenge" contextid="136" durationms="0.578" usertimems="0.000" systemtimems="0.000" timestamp="2019-07-02T19:00:17.984" activeThreads="4">
  <mem-info id="141" free="5669984" total="8388608" percent="67">
    <mem type="nursery" free="720896" total="2097152" percent="34">
      <mem type="allocate" free="720896" total="1048576" percent="68" />
      <mem type="survivor" free="0" total="1048576" percent="0" />
    </mem>
    <mem type="tenure" free="4949088" total="6291456" percent="78">
      <mem type="soa" free="4634720" total="5977088" percent="77" />
      <mem type="loa" free="314368" total="314368" percent="100" />
    </mem>
    <pending-finalizers system="0" default="0" reference="5" classloader="0" />
    <remembered-set count="119" />
  </mem-info>
</gc-end>
<cycle-end id="142" type="scavenge" contextid="136" timestamp="2019-07-02T19:00:17.984">
  <attribute name="GC Util" value="0" />
  <attribute name="CPU Util" value="35" />
  <attribute name="Time Running"value="1994"/>
  <attribute name="Number of cores"value="4"/>
</cycle-end>
<allocation-satisfied id="143" threadId="0000000000D90700" bytesRequested="64064" />
<af-end id="144" timestamp="2019-07-02T19:00:17.984" threadId="0000000000D91088" success="true" from="nursery"/>
<exclusive-end id="145" timestamp="2019-07-02T19:00:17.984" durationms="1.024" />

<exclusive-start id="146" timestamp="2019-07-02T19:00:17.991" intervalms="7.594">
  <response-info timems="0.018" idlems="0.018" threads="0" lastid="0000000000D90700" lastname="main" />
</exclusive-start>
<af-start id="147" threadId="0000000000D91088" totalBytesRequested="15368" timestamp="2019-07-02T19:00:17.991" intervalms="7.685" type="nursery" />
<cycle-start id="148" type="scavenge" contextid="0" timestamp="2019-07-02T19:00:17.991" intervalms="7.783" />
  <attribute name="GC Util" value="0" />
  <attribute name="CPU Util" value="35" />
  <attribute name="Time Running"value="1994"/>
  <attribute name="Number of cores"value="4"/>
<gc-start id="149" type="scavenge" contextid="148" timestamp="2019-07-02T19:00:17.992">
  <mem-info id="150" free="4947680" total="8388608" percent="58">
    <mem type="nursery" free="0" total="2097152" percent="0">
      <mem type="allocate" free="0" total="1048576" percent="0" />
      <mem type="survivor" free="0" total="1048576" percent="0" />
    </mem>
    <mem type="tenure" free="4947680" total="6291456" percent="78">
      <mem type="soa" free="4633312" total="5977088" percent="77" />
      <mem type="loa" free="314368" total="314368" percent="100" />
    </mem>
    <remembered-set count="137" />
  </mem-info>
</gc-start>
<allocation-stats totalBytes="687912" >
  <allocated-bytes non-tlh="261624" tlh="426288" />
  <largest-consumer threadName="main" threadId="0000000000D90700" bytes="683816" />
</allocation-stats>
<gc-op id="151" type="scavenge" timems="0.243" contextid="148" timestamp="2019-07-02T19:00:17.992">
  <scavenger-info tenureage="3" tenuremask="fff8" tiltratio="50" />
  <memory-copied type="nursery" objects="387" bytes="337024" bytesdiscarded="117112" />
  <references type="soft" candidates="1" cleared="0" enqueued="0" dynamicThreshold="32" maxThreshold="32" />
  <references type="weak" candidates="8" cleared="7" enqueued="7" />
  <references type="phantom" candidates="9" cleared="0" enqueued="0" />
</gc-op>
<gc-end id="152" type="scavenge" contextid="148" durationms="0.476" usertimems="0.000" systemtimems="0.000" timestamp="2019-07-02T19:00:17.992" activeThreads="4">
  <mem-info id="153" free="5542112" total="8388608" percent="66">
    <mem type="nursery" free="594432" total="2097152" percent="28">
      <mem type="allocate" free="594432" total="1048576" percent="56" />
      <mem type="survivor" free="0" total="1048576" percent="0" />
    </mem>
    <mem type="tenure" free="4947680" total="6291456" percent="78">
      <mem type="soa" free="4633312" total="5977088" percent="77" />
      <mem type="loa" free="314368" total="314368" percent="100" />
    </mem>
    <pending-finalizers system="0" default="0" reference="7" classloader="0" />
    <remembered-set count="135" />
  </mem-info>
</gc-end>
<cycle-end id="154" type="scavenge" contextid="148" timestamp="2019-07-02T19:00:17.992">
  <attribute name="GC Util" value="8" />
  <attribute name="CPU Util" value="86" />
  <attribute name="Time Running"value="2002"/>
  <attribute name="Number of cores"value="4"/>
</cycle-end>
<allocation-satisfied id="155" threadId="0000000000D90700" bytesRequested="15368" />
<af-end id="156" timestamp="2019-07-02T19:00:17.992" threadId="0000000000D91088" success="true" from="nursery"/>
<exclusive-end id="157" timestamp="2019-07-02T19:00:17.992" durationms="1.178" />

<exclusive-start id="158" timestamp="2019-07-02T19:00:17.998" intervalms="6.734">
  <response-info timems="0.035" idlems="0.035" threads="0" lastid="0000000000D90700" lastname="main" />
</exclusive-start>
<af-start id="159" threadId="0000000000D91088" totalBytesRequested="16656" timestamp="2019-07-02T19:00:17.998" intervalms="6.761" type="nursery" />
<cycle-start id="160" type="scavenge" contextid="0" timestamp="2019-07-02T19:00:17.998" intervalms="6.773" />
  <attribute name="GC Util" value="8" />
  <attribute name="CPU Util" value="86" />
  <attribute name="Time Running"value="2002"/>
  <attribute name="Number of cores"value="4"/>
<gc-start id="161" type="scavenge" contextid="160" timestamp="2019-07-02T19:00:17.998">
  <mem-info id="162" free="4942680" total="8388608" percent="58">
    <mem type="nursery" free="0" total="2097152" percent="0">
      <mem type="allocate" free="0" total="1048576" percent="0" />
      <mem type="survivor" free="0" total="1048576" percent="0" />
    </mem>
    <mem type="tenure" free="4942680" total="6291456" percent="78">
      <mem type="soa" free="4628312" total="5977088" percent="77" />
      <mem type="loa" free="314368" total="314368" percent="100" />
    </mem>
    <remembered-set count="164" />
  </mem-info>
</gc-start>
<allocation-stats totalBytes="540840" >
  <allocated-bytes non-tlh="114736" tlh="426104" />
  <largest-consumer threadName="main" threadId="0000000000D90700" bytes="540840" />
</allocation-stats>
<gc-op id="163" type="scavenge" timems="0.306" contextid="160" timestamp="2019-07-02T19:00:17.999">
  <scavenger-info tenureage="2" tenuremask="fffc" tiltratio="50" />
  <memory-copied type="nursery" objects="82" bytes="6056" bytesdiscarded="72280" />
  <memory-copied type="tenure" objects="324" bytes="304544" bytesdiscarded="472" />
  <references type="soft" candidates="2" cleared="0" enqueued="0" dynamicThreshold="32" maxThreshold="32" />
  <references type="weak" candidates="6" cleared="6" enqueued="6" />
</gc-op>
<gc-end id="164" type="scavenge" contextid="160" durationms="0.563" usertimems="0.000" systemtimems="0.000" timestamp="2019-07-02T19:00:17.999" activeThreads="4">
  <mem-info id="165" free="5654200" total="8388608" percent="67">
    <mem type="nursery" free="970240" total="2097152" percent="46">
      <mem type="allocate" free="970240" total="1048576" percent="92" />
      <mem type="survivor" free="0" total="1048576" percent="0" />
    </mem>
    <mem type="tenure" free="4683960" total="6291456" percent="74">
      <mem type="soa" free="4369592" total="5977088" percent="73" />
      <mem type="loa" free="314368" total="314368" percent="100" />
    </mem>
    <pending-finalizers system="0" default="0" reference="6" classloader="0" />
    <remembered-set count="115" />
  </mem-info>
</gc-end>
<cycle-end id="166" type="scavenge" contextid="160" timestamp="2019-07-02T19:00:17.999">
  <attribute name="GC Util" value="8" />
  <attribute name="CPU Util" value="2718233321775" />
  <attribute name="Time Running"value="2009"/>
  <attribute name="Number of cores"value="4"/>
</cycle-end>
<allocation-satisfied id="167" threadId="0000000000D90700" bytesRequested="16656" />
<af-end id="168" timestamp="2019-07-02T19:00:17.999" threadId="0000000000D91088" success="true" from="nursery"/>
<exclusive-end id="169" timestamp="2019-07-02T19:00:17.999" durationms="1.264" />

<exclusive-start id="170" timestamp="2019-07-02T19:00:18.021" intervalms="22.866">
  <response-info timems="0.008" idlems="0.008" threads="0" lastid="0000000000D90700" lastname="main" />
</exclusive-start>
<af-start id="171" threadId="0000000000D91088" totalBytesRequested="21432" timestamp="2019-07-02T19:00:18.021" intervalms="22.822" type="nursery" />
<cycle-start id="172" type="scavenge" contextid="0" timestamp="2019-07-02T19:00:18.021" intervalms="22.841" />
  <attribute name="GC Util" value="8" />
  <attribute name="CPU Util" value="2718233321775" />
  <attribute name="Time Running"value="2009"/>
  <attribute name="Number of cores"value="4"/>
<gc-start id="173" type="scavenge" contextid="172" timestamp="2019-07-02T19:00:18.021">
  <mem-info id="174" free="4670688" total="8388608" percent="55">
    <mem type="nursery" free="0" total="2097152" percent="0">
      <mem type="allocate" free="0" total="1048576" percent="0" />
      <mem type="survivor" free="0" total="1048576" percent="0" />
    </mem>
    <mem type="tenure" free="4670688" total="6291456" percent="74">
      <mem type="soa" free="4356320" total="5977088" percent="72" />
      <mem type="loa" free="314368" total="314368" percent="100" />
    </mem>
    <remembered-set count="277" />
  </mem-info>
</gc-start>
<allocation-stats totalBytes="966816" >
  <allocated-bytes non-tlh="29928" tlh="936888" />
  <largest-consumer threadName="main" threadId="0000000000D90700" bytes="966816" />
</allocation-stats>
<gc-op id="175" type="scavenge" timems="0.269" contextid="172" timestamp="2019-07-02T19:00:18.022">
  <scavenger-info tenureage="4" tenuremask="fff0" tiltratio="50" />
  <memory-copied type="nursery" objects="260" bytes="48136" bytesdiscarded="45560" />
  <references type="soft" candidates="3" cleared="0" enqueued="0" dynamicThreshold="32" maxThreshold="32" />
  <references type="weak" candidates="17" cleared="16" enqueued="16" />
  <references type="phantom" candidates="3" cleared="1" enqueued="1" />
</gc-op>
<gc-end id="176" type="scavenge" contextid="172" durationms="0.607" usertimems="0.000" systemtimems="0.000" timestamp="2019-07-02T19:00:18.022" activeThreads="4">
  <mem-info id="177" free="5756632" total="8388608" percent="68">
    <mem type="nursery" free="1085944" total="2097152" percent="51">
      <mem type="allocate" free="1085944" total="1179648" percent="92" />
      <mem type="survivor" free="0" total="917504" percent="0" />
    </mem>
    <mem type="tenure" free="4670688" total="6291456" percent="74">
      <mem type="soa" free="4356320" total="5977088" percent="72" />
      <mem type="loa" free="314368" total="314368" percent="100" />
    </mem>
    <pending-finalizers system="0" default="0" reference="17" classloader="0" />
    <remembered-set count="263" />
  </mem-info>
</gc-end>
<cycle-end id="178" type="scavenge" contextid="172" timestamp="2019-07-02T19:00:18.022">
  <attribute name="GC Util" value="2" />
  <attribute name="CPU Util" value="68" />
  <attribute name="Time Running"value="2032"/>
  <attribute name="Number of cores"value="4"/>
</cycle-end>
<allocation-satisfied id="179" threadId="0000000000D90700" bytesRequested="21432" />
<af-end id="180" timestamp="2019-07-02T19:00:18.022" threadId="0000000000D91088" success="true" from="nursery"/>
<exclusive-end id="181" timestamp="2019-07-02T19:00:18.022" durationms="1.372" />

<exclusive-start id="182" timestamp="2019-07-02T19:00:18.043" intervalms="22.658">
  <response-info timems="0.086" idlems="0.086" threads="0" lastid="0000000000D90700" lastname="main" />
</exclusive-start>
<af-start id="183" threadId="0000000000D91088" totalBytesRequested="88" timestamp="2019-07-02T19:00:18.043" intervalms="22.625" type="nursery" />
<cycle-start id="184" type="scavenge" contextid="0" timestamp="2019-07-02T19:00:18.044" intervalms="22.534" />
  <attribute name="GC Util" value="2" />
  <attribute name="CPU Util" value="68" />
  <attribute name="Time Running"value="2032"/>
  <attribute name="Number of cores"value="4"/>
<gc-start id="185" type="scavenge" contextid="184" timestamp="2019-07-02T19:00:18.044">
  <mem-info id="186" free="4640408" total="8388608" percent="55">
    <mem type="nursery" free="0" total="2097152" percent="0">
      <mem type="allocate" free="0" total="1179648" percent="0" />
      <mem type="survivor" free="0" total="917504" percent="0" />
    </mem>
    <mem type="tenure" free="4640408" total="6291456" percent="73">
      <mem type="soa" free="4326040" total="5977088" percent="72" />
      <mem type="loa" free="314368" total="314368" percent="100" />
    </mem>
    <remembered-set count="697" />
  </mem-info>
</gc-start>
<allocation-stats totalBytes="1114176" >
  <allocated-bytes non-tlh="51712" tlh="1062464" />
  <largest-consumer threadName="main" threadId="0000000000D90700" bytes="1110080" />
</allocation-stats>
<gc-op id="187" type="scavenge" timems="0.513" contextid="184" timestamp="2019-07-02T19:00:18.044">
  <scavenger-info tenureage="3" tenuremask="fff8" tiltratio="56" />
  <memory-copied type="nursery" objects="2778" bytes="108904" bytesdiscarded="86760" />
  <memory-copied type="tenure" objects="15" bytes="800" bytesdiscarded="0" />
  <finalization candidates="39" enqueued="1" />
  <ownableSynchronizers candidates="17" cleared="0" />
  <references type="soft" candidates="8" cleared="0" enqueued="0" dynamicThreshold="32" maxThreshold="32" />
  <references type="weak" candidates="711" cleared="356" enqueued="254" />
  <references type="phantom" candidates="6" cleared="1" enqueued="1" />
</gc-op>
<gc-end id="188" type="scavenge" contextid="184" durationms="0.749" usertimems="0.000" systemtimems="0.000" timestamp="2019-07-02T19:00:18.044" activeThreads="4">
  <mem-info id="189" free="5755288" total="8388608" percent="68">
    <mem type="nursery" free="1114880" total="2097152" percent="53">
      <mem type="allocate" free="1114880" total="1310720" percent="85" />
      <mem type="survivor" free="0" total="786432" percent="0" />
    </mem>
    <mem type="tenure" free="4640408" total="6291456" percent="73">
      <mem type="soa" free="4326040" total="5977088" percent="72" />
      <mem type="loa" free="314368" total="314368" percent="100" />
    </mem>
    <pending-finalizers system="1" default="0" reference="255" classloader="0" />
    <remembered-set count="662" />
  </mem-info>
</gc-end>
<cycle-end id="190" type="scavenge" contextid="184" timestamp="2019-07-02T19:00:18.044">
  <attribute name="GC Util" value="2" />
  <attribute name="CPU Util" value="22" />
  <attribute name="Time Running"value="2054"/>
  <attribute name="Number of cores"value="4"/>
</cycle-end>
<allocation-satisfied id="191" threadId="0000000000D90700" bytesRequested="88" />
<af-end id="192" timestamp="2019-07-02T19:00:18.045" threadId="0000000000D91088" success="true" from="nursery"/>
<exclusive-end id="193" timestamp="2019-07-02T19:00:18.045" durationms="1.283" />

<exclusive-start id="194" timestamp="2019-07-02T19:00:18.070" intervalms="26.339">
  <response-info timems="0.012" idlems="0.012" threads="0" lastid="0000000000D90700" lastname="main" />
</exclusive-start>
<af-start id="195" threadId="0000000000D91088" totalBytesRequested="1032" timestamp="2019-07-02T19:00:18.070" intervalms="26.300" type="nursery" />
<cycle-start id="196" type="scavenge" contextid="0" timestamp="2019-07-02T19:00:18.070" intervalms="26.263" />
  <attribute name="GC Util" value="2" />
  <attribute name="CPU Util" value="22" />
  <attribute name="Time Running"value="2054"/>
  <attribute name="Number of cores"value="4"/>
<gc-start id="197" type="scavenge" contextid="196" timestamp="2019-07-02T19:00:18.070">
  <mem-info id="198" free="4616488" total="8388608" percent="55">
    <mem type="nursery" free="0" total="2097152" percent="0">
      <mem type="allocate" free="0" total="1310720" percent="0" />
      <mem type="survivor" free="0" total="786432" percent="0" />
    </mem>
    <mem type="tenure" free="4616488" total="6291456" percent="73">
      <mem type="soa" free="4302120" total="5977088" percent="71" />
      <mem type="loa" free="314368" total="314368" percent="100" />
    </mem>
    <remembered-set count="957" />
  </mem-info>
</gc-start>
<allocation-stats totalBytes="1134760" >
  <allocated-bytes non-tlh="73824" tlh="1060936" />
  <largest-consumer threadName="main" threadId="0000000000D90700" bytes="1122928" />
</allocation-stats>
<gc-op id="199" type="scavenge" timems="0.564" contextid="196" timestamp="2019-07-02T19:00:18.071">
  <scavenger-info tenureage="3" tenuremask="ffe8" tiltratio="62" />
  <memory-copied type="nursery" objects="2999" bytes="126512" bytesdiscarded="29976" />
  <memory-copied type="tenure" objects="28" bytes="3296" bytesdiscarded="0" />
  <finalization candidates="38" enqueued="0" />
  <ownableSynchronizers candidates="17" cleared="0" />
  <references type="soft" candidates="6" cleared="0" enqueued="0" dynamicThreshold="32" maxThreshold="32" />
  <references type="weak" candidates="510" cleared="19" enqueued="17" />
  <references type="phantom" candidates="6" cleared="0" enqueued="0" />
</gc-op>
<gc-end id="200" type="scavenge" contextid="196" durationms="0.764" usertimems="0.000" systemtimems="0.000" timestamp="2019-07-02T19:00:18.071" activeThreads="4">
  <mem-info id="201" free="5901608" total="8388608" percent="70">
    <mem type="nursery" free="1285120" total="2097152" percent="61">
      <mem type="allocate" free="1285120" total="1441792" percent="89" />
      <mem type="survivor" free="0" total="655360" percent="0" />
    </mem>
    <mem type="tenure" free="4616488" total="6291456" percent="73">
      <mem type="soa" free="4302120" total="5977088" percent="71" />
      <mem type="loa" free="314368" total="314368" percent="100" />
    </mem>
    <pending-finalizers system="0" default="0" reference="17" classloader="0" />
    <remembered-set count="854" />
  </mem-info>
</gc-end>
<cycle-end id="202" type="scavenge" contextid="196" timestamp="2019-07-02T19:00:18.071">
  <attribute name="GC Util" value="3" />
  <attribute name="CPU Util" value="168" />
  <attribute name="Time Running"value="2081"/>
  <attribute name="Number of cores"value="4"/>
</cycle-end>
<allocation-satisfied id="203" threadId="0000000000D90700" bytesRequested="1032" />
<af-end id="204" timestamp="2019-07-02T19:00:18.071" threadId="0000000000D91088" success="true" from="nursery"/>
<exclusive-end id="205" timestamp="2019-07-02T19:00:18.071" durationms="1.191" />

<exclusive-start id="206" timestamp="2019-07-02T19:00:18.110" intervalms="40.427">
  <response-info timems="0.026" idlems="0.026" threads="0" lastid="0000000000D90700" lastname="main" />
</exclusive-start>
<af-start id="207" threadId="0000000000D91088" totalBytesRequested="32" timestamp="2019-07-02T19:00:18.110" intervalms="40.451" type="nursery" />
<cycle-start id="208" type="scavenge" contextid="0" timestamp="2019-07-02T19:00:18.110" intervalms="40.494" />
  <attribute name="GC Util" value="3" />
  <attribute name="CPU Util" value="168" />
  <attribute name="Time Running"value="2081"/>
  <attribute name="Number of cores"value="4"/>
<gc-start id="209" type="scavenge" contextid="208" timestamp="2019-07-02T19:00:18.110">
  <mem-info id="210" free="4531744" total="8388608" percent="54">
    <mem type="nursery" free="0" total="2097152" percent="0">
      <mem type="allocate" free="0" total="1441792" percent="0" />
      <mem type="survivor" free="0" total="655360" percent="0" />
    </mem>
    <mem type="tenure" free="4531744" total="6291456" percent="72">
      <mem type="soa" free="4217376" total="5977088" percent="70" />
      <mem type="loa" free="314368" total="314368" percent="100" />
    </mem>
    <remembered-set count="1785" />
  </mem-info>
</gc-start>
<allocation-stats totalBytes="1367160" >
  <allocated-bytes non-tlh="85776" tlh="1281384" />
  <largest-consumer threadName="main" threadId="0000000000D90700" bytes="1358968" />
</allocation-stats>
<gc-op id="211" type="scavenge" timems="0.798" contextid="208" timestamp="2019-07-02T19:00:18.111">
  <scavenger-info tenureage="3" tenuremask="ffe8" tiltratio="68" />
  <memory-copied type="nursery" objects="7026" bytes="258680" bytesdiscarded="45912" />
  <memory-copied type="tenure" objects="116" bytes="3000" bytesdiscarded="0" />
  <finalization candidates="45" enqueued="0" />
  <ownableSynchronizers candidates="17" cleared="0" />
  <references type="soft" candidates="24" cleared="0" enqueued="0" dynamicThreshold="32" maxThreshold="32" />
  <references type="weak" candidates="884" cleared="50" enqueued="36" />
  <references type="phantom" candidates="5" cleared="0" enqueued="0" />
</gc-op>
<gc-end id="212" type="scavenge" contextid="208" durationms="1.147" usertimems="4.000" systemtimems="0.000" timestamp="2019-07-02T19:00:18.112" activeThreads="4">
  <mem-info id="213" free="5734176" total="8388608" percent="68">
    <mem type="nursery" free="1202432" total="2097152" percent="57">
      <mem type="allocate" free="1202432" total="1507328" percent="79" />
      <mem type="survivor" free="0" total="589824" percent="0" />
    </mem>
    <mem type="tenure" free="4531744" total="6291456" percent="72">
      <mem type="soa" free="4217376" total="5977088" percent="70" />
      <mem type="loa" free="314368" total="314368" percent="100" />
    </mem>
    <pending-finalizers system="0" default="0" reference="36" classloader="0" />
    <remembered-set count="1518" />
  </mem-info>
</gc-end>
<cycle-end id="214" type="scavenge" contextid="208" timestamp="2019-07-02T19:00:18.112">
  <attribute name="GC Util" value="2" />
  <attribute name="CPU Util" value="454013764854" />
  <attribute name="Time Running"value="2121"/>
  <attribute name="Number of cores"value="4"/>
</cycle-end>
<allocation-satisfied id="215" threadId="0000000000D90700" bytesRequested="32" />
<af-end id="216" timestamp="2019-07-02T19:00:18.112" threadId="0000000000D91088" success="true" from="nursery"/>
<exclusive-end id="217" timestamp="2019-07-02T19:00:18.112" durationms="1.779" />

<exclusive-start id="218" timestamp="2019-07-02T19:00:18.139" intervalms="29.194">
  <response-info timems="0.022" idlems="0.022" threads="0" lastid="0000000000D90700" lastname="main" />
</exclusive-start>
<af-start id="219" threadId="0000000000D91088" totalBytesRequested="23288" timestamp="2019-07-02T19:00:18.139" intervalms="29.194" type="nursery" />
<cycle-start id="220" type="scavenge" contextid="0" timestamp="2019-07-02T19:00:18.139" intervalms="29.180" />
  <attribute name="GC Util" value="2" />
  <attribute name="CPU Util" value="454013764854" />
  <attribute name="Time Running"value="2121"/>
  <attribute name="Number of cores"value="4"/>
<gc-start id="221" type="scavenge" contextid="220" timestamp="2019-07-02T19:00:18.140">
  <mem-info id="222" free="4467976" total="8388608" percent="53">
    <mem type="nursery" free="0" total="2097152" percent="0">
      <mem type="allocate" free="0" total="1507328" percent="0" />
      <mem type="survivor" free="0" total="589824" percent="0" />
    </mem>
    <mem type="tenure" free="4467976" total="6291456" percent="71">
      <mem type="soa" free="4153608" total="5977088" percent="69" />
      <mem type="loa" free="314368" total="314368" percent="100" />
    </mem>
    <remembered-set count="2423" />
  </mem-info>
</gc-start>
<allocation-stats totalBytes="1192968" >
  <allocated-bytes non-tlh="63800" tlh="1129168" />
  <largest-consumer threadName="main" threadId="0000000000D90700" bytes="1184776" />
</allocation-stats>
<gc-op id="223" type="scavenge" timems="1.025" contextid="220" timestamp="2019-07-02T19:00:18.141">
  <scavenger-info tenureage="3" tenuremask="ffe8" tiltratio="71" />
  <memory-copied type="nursery" objects="8418" bytes="305824" bytesdiscarded="124344" />
  <memory-copied type="tenure" objects="2368" bytes="94520" bytesdiscarded="304" />
  <finalization candidates="45" enqueued="0" />
  <ownableSynchronizers candidates="17" cleared="0" />
  <references type="soft" candidates="40" cleared="0" enqueued="0" dynamicThreshold="32" maxThreshold="32" />
  <references type="weak" candidates="598" cleared="34" enqueued="31" />
  <references type="phantom" candidates="8" cleared="3" enqueued="3" />
</gc-op>
<gc-end id="224" type="scavenge" contextid="220" durationms="1.217" usertimems="4.000" systemtimems="0.000" timestamp="2019-07-02T19:00:18.141" activeThreads="4">
  <mem-info id="225" free="5597688" total="8388608" percent="66">
    <mem type="nursery" free="1208048" total="2097152" percent="57">
      <mem type="allocate" free="1208048" total="1638400" percent="73" />
      <mem type="survivor" free="0" total="458752" percent="0" />
    </mem>
    <mem type="tenure" free="4389640" total="6291456" percent="69">
      <mem type="soa" free="4075272" total="5977088" percent="68" />
      <mem type="loa" free="314368" total="314368" percent="100" />
    </mem>
    <pending-finalizers system="0" default="0" reference="34" classloader="0" />
    <remembered-set count="1999" />
  </mem-info>
</gc-end>
<cycle-end id="226" type="scavenge" contextid="220" timestamp="2019-07-02T19:00:18.141">
  <attribute name="GC Util" value="4" />
  <attribute name="CPU Util" value="144" />
  <attribute name="Time Running"value="2150"/>
  <attribute name="Number of cores"value="4"/>
</cycle-end>
<allocation-satisfied id="227" threadId="0000000000D90700" bytesRequested="23288" />
<af-end id="228" timestamp="2019-07-02T19:00:18.141" threadId="0000000000D91088" success="true" from="nursery"/>
<exclusive-end id="229" timestamp="2019-07-02T19:00:18.141" durationms="1.741" />

<exclusive-start id="230" timestamp="2019-07-02T19:00:18.164" intervalms="24.505">
  <response-info timems="0.023" idlems="0.023" threads="0" lastid="0000000000D90700" lastname="main" />
</exclusive-start>
<af-start id="231" threadId="0000000000D91088" totalBytesRequested="24" timestamp="2019-07-02T19:00:18.164" intervalms="24.547" type="nursery" />
<cycle-start id="232" type="scavenge" contextid="0" timestamp="2019-07-02T19:00:18.164" intervalms="24.587" />
  <attribute name="GC Util" value="4" />
  <attribute name="CPU Util" value="144" />
  <attribute name="Time Running"value="2150"/>
  <attribute name="Number of cores"value="4"/>
<gc-start id="233" type="scavenge" contextid="232" timestamp="2019-07-02T19:00:18.164">
  <mem-info id="234" free="4367496" total="8388608" percent="52">
    <mem type="nursery" free="0" total="2097152" percent="0">
      <mem type="allocate" free="0" total="1638400" percent="0" />
      <mem type="survivor" free="0" total="458752" percent="0" />
    </mem>
    <mem type="tenure" free="4367496" total="6291456" percent="69">
      <mem type="soa" free="4053128" total="5977088" percent="67" />
      <mem type="loa" free="314368" total="314368" percent="100" />
    </mem>
    <remembered-set count="2337" />
  </mem-info>
</gc-start>
<allocation-stats totalBytes="1228144" >
  <allocated-bytes non-tlh="45432" tlh="1182712" />
  <largest-consumer threadName="main" threadId="0000000000D90700" bytes="1219952" />
</allocation-stats>
<gc-op id="235" type="scavenge" timems="0.893" contextid="232" timestamp="2019-07-02T19:00:18.165">
  <scavenger-info tenureage="3" tenuremask="ffe8" tiltratio="78" />
  <memory-copied type="nursery" objects="10831" bytes="362816" bytesdiscarded="66736" />
  <memory-copied type="tenure" objects="312" bytes="21592" bytesdiscarded="8" />
  <finalization candidates="7" enqueued="0" />
  <references type="soft" candidates="328" cleared="0" enqueued="0" dynamicThreshold="32" maxThreshold="32" />
  <references type="weak" candidates="548" cleared="16" enqueued="16" />
  <references type="phantom" candidates="4" cleared="0" enqueued="0" />
</gc-op>
<gc-end id="236" type="scavenge" contextid="232" durationms="1.196" usertimems="0.000" systemtimems="0.000" timestamp="2019-07-02T19:00:18.165" activeThreads="4">
  <mem-info id="237" free="5475456" total="8388608" percent="65">
    <mem type="nursery" free="1208568" total="2097152" percent="57">
      <mem type="allocate" free="1208568" total="1638400" percent="73" />
      <mem type="survivor" free="0" total="458752" percent="0" />
    </mem>
    <mem type="tenure" free="4266888" total="6291456" percent="67">
      <mem type="soa" free="3952520" total="5977088" percent="66" />
      <mem type="loa" free="314368" total="314368" percent="100" />
    </mem>
    <pending-finalizers system="0" default="0" reference="16" classloader="0" />
    <remembered-set count="1510" />
  </mem-info>
</gc-end>
<cycle-end id="238" type="scavenge" contextid="232" timestamp="2019-07-02T19:00:18.165">
  <attribute name="GC Util" value="6" />
  <attribute name="CPU Util" value="82" />
  <attribute name="Time Running"value="2175"/>
  <attribute name="Number of cores"value="4"/>
</cycle-end>
<allocation-satisfied id="239" threadId="0000000000D90700" bytesRequested="24" />
<af-end id="240" timestamp="2019-07-02T19:00:18.166" threadId="0000000000D91088" success="true" from="nursery"/>
<exclusive-end id="241" timestamp="2019-07-02T19:00:18.166" durationms="1.851" />

<exclusive-start id="242" timestamp="2019-07-02T19:00:20.902" intervalms="2737.990">
  <response-info timems="0.024" idlems="0.024" threads="0" lastid="0000000000D90700" lastname="main" />
</exclusive-start>
<af-start id="243" threadId="0000000000D91088" totalBytesRequested="24" timestamp="2019-07-02T19:00:20.902" intervalms="2737.979" type="nursery" />
<cycle-start id="244" type="scavenge" contextid="0" timestamp="2019-07-02T19:00:20.902" intervalms="2737.974" />
  <attribute name="GC Util" value="6" />
  <attribute name="CPU Util" value="82" />
  <attribute name="Time Running"value="2175"/>
  <attribute name="Number of cores"value="4"/>
<gc-start id="245" type="scavenge" contextid="244" timestamp="2019-07-02T19:00:20.902">
  <mem-info id="246" free="4243248" total="8388608" percent="50">
    <mem type="nursery" free="0" total="2097152" percent="0">
      <mem type="allocate" free="0" total="1638400" percent="0" />
      <mem type="survivor" free="0" total="458752" percent="0" />
    </mem>
    <mem type="tenure" free="4243248" total="6291456" percent="67">
      <mem type="soa" free="3928880" total="5977088" percent="65" />
      <mem type="loa" free="314368" total="314368" percent="100" />
    </mem>
    <remembered-set count="1858" />
  </mem-info>
</gc-start>
<allocation-stats totalBytes="1229528" >
  <allocated-bytes non-tlh="23664" tlh="1205864" />
  <largest-consumer threadName="main" threadId="0000000000D90700" bytes="1229528" />
</allocation-stats>
<gc-op id="247" type="scavenge" timems="0.869" contextid="244" timestamp="2019-07-02T19:00:20.903">
  <scavenger-info tenureage="3" tenuremask="ffe8" tiltratio="78" />
  <memory-copied type="nursery" objects="8784" bytes="300336" bytesdiscarded="65720" />
  <memory-copied type="tenure" objects="4180" bytes="127880" bytesdiscarded="8" />
  <finalization candidates="7" enqueued="0" />
  <references type="soft" candidates="468" cleared="0" enqueued="0" dynamicThreshold="32" maxThreshold="32" />
  <references type="weak" candidates="302" cleared="12" enqueued="12" />
  <references type="phantom" candidates="5" cleared="2" enqueued="2" />
</gc-op>
<gc-end id="248" type="scavenge" contextid="244" durationms="1.216" usertimems="4.000" systemtimems="0.000" timestamp="2019-07-02T19:00:20.903" activeThreads="4">
  <mem-info id="249" free="5406256" total="8388608" percent="64">
    <mem type="nursery" free="1272064" total="2097152" percent="60">
      <mem type="allocate" free="1272064" total="1638400" percent="77" />
      <mem type="survivor" free="0" total="458752" percent="0" />
    </mem>
    <mem type="tenure" free="4134192" total="6291456" percent="65">
      <mem type="soa" free="3819824" total="5977088" percent="63" />
      <mem type="loa" free="314368" total="314368" percent="100" />
    </mem>
    <pending-finalizers system="0" default="0" reference="14" classloader="0" />
    <remembered-set count="896" />
  </mem-info>
</gc-end>
<cycle-end id="250" type="scavenge" contextid="244" timestamp="2019-07-02T19:00:20.903">
  <attribute name="GC Util" value="0" />
  <attribute name="CPU Util" value="2" />
  <attribute name="Time Running"value="4913"/>
  <attribute name="Number of cores"value="4"/>
</cycle-end>
<allocation-satisfied id="251" threadId="0000000000D90700" bytesRequested="24" />
<af-end id="252" timestamp="2019-07-02T19:00:20.904" threadId="0000000000D91088" success="true" from="nursery"/>
<exclusive-end id="253" timestamp="2019-07-02T19:00:20.904" durationms="2.026" />

<exclusive-start id="254" timestamp="2019-07-02T19:00:20.932" intervalms="30.004">
  <response-info timems="0.010" idlems="0.010" threads="0" lastid="0000000000D90700" lastname="main" />
</exclusive-start>
<af-start id="255" threadId="0000000000D91088" totalBytesRequested="23264" timestamp="2019-07-02T19:00:20.932" intervalms="29.931" type="nursery" />
<cycle-start id="256" type="scavenge" contextid="0" timestamp="2019-07-02T19:00:20.932" intervalms="29.870" />
  <attribute name="GC Util" value="0" />
  <attribute name="CPU Util" value="2" />
  <attribute name="Time Running"value="4913"/>
  <attribute name="Number of cores"value="4"/>
<gc-start id="257" type="scavenge" contextid="256" timestamp="2019-07-02T19:00:20.932">
  <mem-info id="258" free="4100256" total="8388608" percent="48">
    <mem type="nursery" free="0" total="2097152" percent="0">
      <mem type="allocate" free="0" total="1638400" percent="0" />
      <mem type="survivor" free="0" total="458752" percent="0" />
    </mem>
    <mem type="tenure" free="4100256" total="6291456" percent="65">
      <mem type="soa" free="3785888" total="5977088" percent="63" />
      <mem type="loa" free="314368" total="314368" percent="100" />
    </mem>
    <remembered-set count="1206" />
  </mem-info>
</gc-start>
<allocation-stats totalBytes="1285040" >
  <allocated-bytes non-tlh="33960" tlh="1251080" />
  <largest-consumer threadName="main" threadId="0000000000D90700" bytes="1285040" />
</allocation-stats>
<gc-op id="259" type="scavenge" timems="0.825" contextid="256" timestamp="2019-07-02T19:00:20.933">
  <scavenger-info tenureage="3" tenuremask="ffe8" tiltratio="78" />
  <memory-copied type="nursery" objects="5429" bytes="243104" bytesdiscarded="86568" />
  <memory-copied type="tenure" objects="3744" bytes="109728" bytesdiscarded="0" />
  <references type="soft" candidates="472" cleared="0" enqueued="0" dynamicThreshold="32" maxThreshold="32" />
  <references type="weak" candidates="385" cleared="0" enqueued="0" />
  <references type="phantom" candidates="1" cleared="0" enqueued="0" />
</gc-op>
<gc-end id="260" type="scavenge" contextid="256" durationms="1.003" usertimems="0.000" systemtimems="0.000" timestamp="2019-07-02T19:00:20.933" activeThreads="4">
  <mem-info id="261" free="5369544" total="8388608" percent="64">
    <mem type="nursery" free="1308456" total="2097152" percent="62">
      <mem type="allocate" free="1308456" total="1638400" percent="79" />
      <mem type="survivor" free="0" total="458752" percent="0" />
    </mem>
    <mem type="tenure" free="4061088" total="6291456" percent="64">
      <mem type="soa" free="3746720" total="5977088" percent="62" />
      <mem type="loa" free="314368" total="314368" percent="100" />
    </mem>
    <remembered-set count="768" />
  </mem-info>
</gc-end>
<cycle-end id="262" type="scavenge" contextid="256" timestamp="2019-07-02T19:00:20.933">
  <attribute name="GC Util" value="5" />
  <attribute name="CPU Util" value="620823478841" />
  <attribute name="Time Running"value="4943"/>
  <attribute name="Number of cores"value="4"/>
</cycle-end>
<allocation-satisfied id="263" threadId="0000000000D90700" bytesRequested="23264" />
<af-end id="264" timestamp="2019-07-02T19:00:20.933" threadId="0000000000D91088" success="true" from="nursery"/>
<exclusive-end id="265" timestamp="2019-07-02T19:00:20.933" durationms="1.419" />

<exclusive-start id="266" timestamp="2019-07-02T19:00:20.953" intervalms="21.502">
  <response-info timems="0.010" idlems="0.010" threads="0" lastid="0000000000D90700" lastname="main" />
</exclusive-start>
<af-start id="267" threadId="0000000000D91088" totalBytesRequested="1592" timestamp="2019-07-02T19:00:20.953" intervalms="21.498" type="nursery" />
<cycle-start id="268" type="scavenge" contextid="0" timestamp="2019-07-02T19:00:20.953" intervalms="21.487" />
  <attribute name="GC Util" value="5" />
  <attribute name="CPU Util" value="620823478841" />
  <attribute name="Time Running"value="4943"/>
  <attribute name="Number of cores"value="4"/>
<gc-start id="269" type="scavenge" contextid="268" timestamp="2019-07-02T19:00:20.953">
  <mem-info id="270" free="4042824" total="8388608" percent="48">
    <mem type="nursery" free="0" total="2097152" percent="0">
      <mem type="allocate" free="0" total="1638400" percent="0" />
      <mem type="survivor" free="0" total="458752" percent="0" />
    </mem>
    <mem type="tenure" free="4042824" total="6291456" percent="64">
      <mem type="soa" free="3728456" total="5977088" percent="62" />
      <mem type="loa" free="314368" total="314368" percent="100" />
    </mem>
    <remembered-set count="1019" />
  </mem-info>
</gc-start>
<allocation-stats totalBytes="1324432" >
  <allocated-bytes non-tlh="41528" tlh="1282904" />
  <largest-consumer threadName="main" threadId="0000000000D90700" bytes="1324432" />
</allocation-stats>
<gc-op id="271" type="scavenge" timems="0.636" contextid="268" timestamp="2019-07-02T19:00:20.954">
  <scavenger-info tenureage="3" tenuremask="ffe8" tiltratio="78" />
  <memory-copied type="nursery" objects="4369" bytes="181232" bytesdiscarded="53528" />
  <memory-copied type="tenure" objects="2320" bytes="90776" bytesdiscarded="24" />
  <finalization candidates="3" enqueued="0" />
  <references type="soft" candidates="229" cleared="0" enqueued="0" dynamicThreshold="32" maxThreshold="32" />
  <references type="weak" candidates="361" cleared="23" enqueued="23" />
  <references type="phantom" candidates="3" cleared="1" enqueued="1" />
</gc-op>
<gc-end id="272" type="scavenge" contextid="268" durationms="0.812" usertimems="0.000" systemtimems="0.000" timestamp="2019-07-02T19:00:20.954" activeThreads="4">
  <mem-info id="273" free="5363528" total="8388608" percent="63">
    <mem type="nursery" free="1468928" total="2097152" percent="70">
      <mem type="allocate" free="1468928" total="1703936" percent="86" />
      <mem type="survivor" free="0" total="393216" percent="0" />
    </mem>
    <mem type="tenure" free="3894600" total="6291456" percent="61">
      <mem type="soa" free="3580232" total="5977088" percent="59" />
      <mem type="loa" free="314368" total="314368" percent="100" />
    </mem>
    <pending-finalizers system="0" default="0" reference="24" classloader="0" />
    <remembered-set count="654" />
  </mem-info>
</gc-end>
<cycle-end id="274" type="scavenge" contextid="268" timestamp="2019-07-02T19:00:20.954">
  <attribute name="GC Util" value="6" />
  <attribute name="CPU Util" value="858800801598" />
  <attribute name="Time Running"value="4964"/>
  <attribute name="Number of cores"value="4"/>
</cycle-end>
<allocation-satisfied id="275" threadId="0000000000D90700" bytesRequested="1592" />
<af-end id="276" timestamp="2019-07-02T19:00:20.954" threadId="0000000000D91088" success="true" from="nursery"/>
<exclusive-end id="277" timestamp="2019-07-02T19:00:20.954" durationms="1.208" />

<exclusive-start id="278" timestamp="2019-07-02T19:00:20.994" intervalms="40.528">
  <response-info timems="0.017" idlems="0.017" threads="0" lastid="0000000000D90700" lastname="main" />
</exclusive-start>
<af-start id="279" threadId="0000000000D91088" totalBytesRequested="23280" timestamp="2019-07-02T19:00:20.994" intervalms="40.543" type="nursery" />
<cycle-start id="280" type="scavenge" contextid="0" timestamp="2019-07-02T19:00:20.994" intervalms="40.551" />
  <attribute name="GC Util" value="6" />
  <attribute name="CPU Util" value="858800801598" />
  <attribute name="Time Running"value="4964"/>
  <attribute name="Number of cores"value="4"/>
<gc-start id="281" type="scavenge" contextid="280" timestamp="2019-07-02T19:00:20.994">
  <mem-info id="282" free="3848040" total="8388608" percent="45">
    <mem type="nursery" free="0" total="2097152" percent="0">
      <mem type="allocate" free="0" total="1703936" percent="0" />
      <mem type="survivor" free="0" total="393216" percent="0" />
    </mem>
    <mem type="tenure" free="3848040" total="6291456" percent="61">
      <mem type="soa" free="3533672" total="5977088" percent="59" />
      <mem type="loa" free="314368" total="314368" percent="100" />
    </mem>
    <remembered-set count="1105" />
  </mem-info>
</gc-start>
<allocation-stats totalBytes="1496536" >
  <allocated-bytes non-tlh="48152" tlh="1448384" />
  <largest-consumer threadName="main" threadId="0000000000D90700" bytes="1492440" />
</allocation-stats>
<gc-op id="283" type="scavenge" timems="0.697" contextid="280" timestamp="2019-07-02T19:00:20.995">
  <scavenger-info tenureage="3" tenuremask="ffe8" tiltratio="81" />
  <memory-copied type="nursery" objects="2965" bytes="128176" bytesdiscarded="36472" />
  <memory-copied type="tenure" objects="2351" bytes="84904" bytesdiscarded="64" />
  <finalization candidates="3" enqueued="0" />
  <references type="soft" candidates="70" cleared="0" enqueued="0" dynamicThreshold="32" maxThreshold="32" />
  <references type="weak" candidates="611" cleared="2" enqueued="2" />
  <references type="phantom" candidates="1" cleared="0" enqueued="0" />
</gc-op>
<gc-end id="284" type="scavenge" contextid="280" durationms="0.889" usertimems="0.000" systemtimems="4.000" timestamp="2019-07-02T19:00:20.995" activeThreads="4">
  <mem-info id="285" free="5308768" total="8388608" percent="63">
    <mem type="nursery" free="1539064" total="2097152" percent="73">
      <mem type="allocate" free="1539064" total="1703936" percent="90" />
      <mem type="survivor" free="0" total="393216" percent="0" />
    </mem>
    <mem type="tenure" free="3769704" total="6291456" percent="59">
      <mem type="soa" free="3455336" total="5977088" percent="57" />
      <mem type="loa" free="314368" total="314368" percent="100" />
    </mem>
    <pending-finalizers system="0" default="0" reference="2" classloader="0" />
    <remembered-set count="789" />
  </mem-info>
</gc-end>
<cycle-end id="286" type="scavenge" contextid="280" timestamp="2019-07-02T19:00:20.995">
  <attribute name="GC Util" value="2" />
  <attribute name="CPU Util" value="454659581568" />
  <attribute name="Time Running"value="5005"/>
  <attribute name="Number of cores"value="4"/>
</cycle-end>
<allocation-satisfied id="287" threadId="0000000000D90700" bytesRequested="23280" />
<af-end id="288" timestamp="2019-07-02T19:00:20.995" threadId="0000000000D91088" success="true" from="nursery"/>
<exclusive-end id="289" timestamp="2019-07-02T19:00:20.995" durationms="1.313" />

<exclusive-start id="290" timestamp="2019-07-02T19:00:21.029" intervalms="35.215">
  <response-info timems="0.022" idlems="0.022" threads="0" lastid="0000000000D90700" lastname="main" />
</exclusive-start>
<af-start id="291" threadId="0000000000D91088" totalBytesRequested="7568" timestamp="2019-07-02T19:00:21.029" intervalms="35.228" type="nursery" />
<cycle-start id="292" type="scavenge" contextid="0" timestamp="2019-07-02T19:00:21.029" intervalms="35.231" />
  <attribute name="GC Util" value="2" />
  <attribute name="CPU Util" value="454659581568" />
  <attribute name="Time Running"value="5005"/>
  <attribute name="Number of cores"value="4"/>
<gc-start id="293" type="scavenge" contextid="292" timestamp="2019-07-02T19:00:21.029">
  <mem-info id="294" free="3721424" total="8388608" percent="44">
    <mem type="nursery" free="0" total="2097152" percent="0">
      <mem type="allocate" free="0" total="1703936" percent="0" />
      <mem type="survivor" free="0" total="393216" percent="0" />
    </mem>
    <mem type="tenure" free="3721424" total="6291456" percent="59">
      <mem type="soa" free="3407056" total="5977088" percent="57" />
      <mem type="loa" free="314368" total="314368" percent="100" />
    </mem>
    <remembered-set count="1251" />
  </mem-info>
</gc-start>
<allocation-stats totalBytes="1580320" >
  <allocated-bytes non-tlh="71560" tlh="1508760" />
  <largest-consumer threadName="main" threadId="0000000000D90700" bytes="1580320" />
</allocation-stats>
<gc-op id="295" type="scavenge" timems="0.672" contextid="292" timestamp="2019-07-02T19:00:21.030">
  <scavenger-info tenureage="3" tenuremask="ffe8" tiltratio="81" />
  <memory-copied type="nursery" objects="3642" bytes="152896" bytesdiscarded="42608" />
  <memory-copied type="tenure" objects="678" bytes="24752" bytesdiscarded="0" />
  <finalization candidates="3" enqueued="0" />
  <ownableSynchronizers candidates="1" cleared="0" />
  <references type="soft" candidates="81" cleared="0" enqueued="0" dynamicThreshold="32" maxThreshold="32" />
  <references type="weak" candidates="741" cleared="1" enqueued="1" />
  <references type="phantom" candidates="1" cleared="0" enqueued="0" />
</gc-op>
<gc-end id="296" type="scavenge" contextid="292" durationms="0.857" usertimems="0.000" systemtimems="0.000" timestamp="2019-07-02T19:00:21.030" activeThreads="4">
  <mem-info id="297" free="5295056" total="8388608" percent="63">
    <mem type="nursery" free="1573632" total="2097152" percent="75">
      <mem type="allocate" free="1573632" total="1769472" percent="88" />
      <mem type="survivor" free="0" total="327680" percent="0" />
    </mem>
    <mem type="tenure" free="3721424" total="6291456" percent="59">
      <mem type="soa" free="3407056" total="5977088" percent="57" />
      <mem type="loa" free="314368" total="314368" percent="100" />
    </mem>
    <pending-finalizers system="0" default="0" reference="1" classloader="0" />
    <remembered-set count="1074" />
  </mem-info>
</gc-end>
<cycle-end id="298" type="scavenge" contextid="292" timestamp="2019-07-02T19:00:21.030">
  <attribute name="GC Util" value="3" />
  <attribute name="CPU Util" value="65" />
  <attribute name="Time Running"value="5040"/>
  <attribute name="Number of cores"value="4"/>
</cycle-end>
<allocation-satisfied id="299" threadId="0000000000D90700" bytesRequested="7568" />
<af-end id="300" timestamp="2019-07-02T19:00:21.030" threadId="0000000000D91088" success="true" from="nursery"/>
<exclusive-end id="301" timestamp="2019-07-02T19:00:21.030" durationms="1.299" />

<exclusive-start id="302" timestamp="2019-07-02T19:00:21.068" intervalms="39.136">
  <response-info timems="0.023" idlems="0.023" threads="0" lastid="0000000000D90700" lastname="main" />
</exclusive-start>
<af-start id="303" threadId="0000000000D91088" totalBytesRequested="88" timestamp="2019-07-02T19:00:21.068" intervalms="39.200" type="nursery" />
<cycle-start id="304" type="scavenge" contextid="0" timestamp="2019-07-02T19:00:21.068" intervalms="39.277" />
  <attribute name="GC Util" value="3" />
  <attribute name="CPU Util" value="65" />
  <attribute name="Time Running"value="5040"/>
  <attribute name="Number of cores"value="4"/>
<gc-start id="305" type="scavenge" contextid="304" timestamp="2019-07-02T19:00:21.069">
  <mem-info id="306" free="3666016" total="8388608" percent="43">
    <mem type="nursery" free="0" total="2097152" percent="0">
      <mem type="allocate" free="0" total="1769472" percent="0" />
      <mem type="survivor" free="0" total="327680" percent="0" />
    </mem>
    <mem type="tenure" free="3666016" total="6291456" percent="58">
      <mem type="soa" free="3351648" total="5977088" percent="56" />
      <mem type="loa" free="314368" total="314368" percent="100" />
    </mem>
    <remembered-set count="1984" />
  </mem-info>
</gc-start>
<allocation-stats totalBytes="1627096" >
  <allocated-bytes non-tlh="62976" tlh="1564120" />
  <largest-consumer threadName="main" threadId="0000000000D90700" bytes="1565968" />
</allocation-stats>
<gc-op id="307" type="scavenge" timems="1.041" contextid="304" timestamp="2019-07-02T19:00:21.070">
  <scavenger-info tenureage="3" tenuremask="ffe8" tiltratio="84" />
  <memory-copied type="nursery" objects="7791" bytes="313032" bytesdiscarded="13328" />
  <memory-copied type="tenure" objects="2176" bytes="105176" bytesdiscarded="80" />
  <copy-failed type="nursery" objects="983" bytes="42808" />
  <finalization candidates="16" enqueued="0" />
  <ownableSynchronizers candidates="4" cleared="0" />
  <references type="soft" candidates="215" cleared="0" enqueued="0" dynamicThreshold="32" maxThreshold="32" />
  <references type="weak" candidates="1733" cleared="317" enqueued="214" />
  <references type="phantom" candidates="2" cleared="1" enqueued="1" />
</gc-op>
<gc-end id="308" type="scavenge" contextid="304" durationms="1.453" usertimems="4.000" systemtimems="0.000" timestamp="2019-07-02T19:00:21.070" activeThreads="4">
  <mem-info id="309" free="4701792" total="8388608" percent="56">
    <mem type="nursery" free="1114112" total="2097152" percent="53">
      <mem type="allocate" free="1114112" total="1441792" percent="77" />
      <mem type="survivor" free="0" total="655360" percent="0" />
    </mem>
    <mem type="tenure" free="3587680" total="6291456" percent="57">
      <mem type="soa" free="3273312" total="5977088" percent="54" />
      <mem type="loa" free="314368" total="314368" percent="100" />
    </mem>
    <pending-finalizers system="0" default="0" reference="215" classloader="0" />
    <remembered-set count="2019" />
  </mem-info>
</gc-end>
<cycle-end id="310" type="scavenge" contextid="304" timestamp="2019-07-02T19:00:21.070">
  <attribute name="GC Util" value="2" />
  <attribute name="CPU Util" value="55" />
  <attribute name="Time Running"value="5079"/>
  <attribute name="Number of cores"value="4"/>
</cycle-end>
<allocation-satisfied id="311" threadId="0000000000D90700" bytesRequested="88" />
<af-end id="312" timestamp="2019-07-02T19:00:21.070" threadId="0000000000D91088" success="true" from="nursery"/>
<exclusive-end id="313" timestamp="2019-07-02T19:00:21.070" durationms="2.338" />

<exclusive-start id="314" timestamp="2019-07-02T19:00:21.092" intervalms="23.690">
  <response-info timems="0.023" idlems="0.023" threads="0" lastid="0000000000D90700" lastname="main" />
</exclusive-start>
<af-start id="315" threadId="0000000000D91088" totalBytesRequested="18504" timestamp="2019-07-02T19:00:21.092" intervalms="23.684" type="nursery" />
<cycle-start id="316" type="scavenge" contextid="0" timestamp="2019-07-02T19:00:21.092" intervalms="23.674" />
  <attribute name="GC Util" value="2" />
  <attribute name="CPU Util" value="55" />
  <attribute name="Time Running"value="5079"/>
  <attribute name="Number of cores"value="4"/>
<gc-start id="317" type="scavenge" contextid="316" timestamp="2019-07-02T19:00:21.092">
  <mem-info id="318" free="3577096" total="8388608" percent="42">
    <mem type="nursery" free="0" total="2097152" percent="0">
      <mem type="allocate" free="0" total="1441792" percent="0" />
      <mem type="survivor" free="0" total="655360" percent="0" />
    </mem>
    <mem type="tenure" free="3577096" total="6291456" percent="56">
      <mem type="soa" free="3262728" total="5977088" percent="54" />
      <mem type="loa" free="314368" total="314368" percent="100" />
    </mem>
    <remembered-set count="2233" />
  </mem-info>
</gc-start>
<allocation-stats totalBytes="1092960" >
  <allocated-bytes non-tlh="272824" tlh="820136" />
  <largest-consumer threadName="main" threadId="0000000000D90700" bytes="1081128" />
</allocation-stats>
<gc-op id="319" type="scavenge" timems="1.169" contextid="316" timestamp="2019-07-02T19:00:21.094">
  <scavenger-info tenureage="3" tenuremask="ffe8" tiltratio="68" />
  <memory-copied type="nursery" objects="6886" bytes="598328" bytesdiscarded="56272" />
  <memory-copied type="tenure" objects="2320" bytes="84416" bytesdiscarded="24" />
  <copy-failed type="nursery" objects="1463" bytes="52080" />
  <finalization candidates="14" enqueued="0" />
  <ownableSynchronizers candidates="4" cleared="0" />
  <references type="soft" candidates="298" cleared="0" enqueued="0" dynamicThreshold="32" maxThreshold="32" />
  <references type="weak" candidates="1094" cleared="16" enqueued="13" />
  <references type="phantom" candidates="6" cleared="2" enqueued="2" />
</gc-op>
<gc-end id="320" type="scavenge" contextid="316" durationms="1.479" usertimems="0.000" systemtimems="0.000" timestamp="2019-07-02T19:00:21.094" activeThreads="4">
  <mem-info id="321" free="3838984" total="8388608" percent="45">
    <mem type="nursery" free="393216" total="2097152" percent="18">
      <mem type="allocate" free="393216" total="1048576" percent="37" />
      <mem type="survivor" free="0" total="1048576" percent="0" />
    </mem>
    <mem type="tenure" free="3445768" total="6291456" percent="54">
      <mem type="soa" free="3131400" total="5977088" percent="52" />
      <mem type="loa" free="314368" total="314368" percent="100" />
    </mem>
    <pending-finalizers system="0" default="0" reference="15" classloader="0" />
    <remembered-set count="1990" />
  </mem-info>
</gc-end>
<cycle-end id="322" type="scavenge" contextid="316" timestamp="2019-07-02T19:00:21.094">
  <attribute name="GC Util" value="8" />
  <attribute name="CPU Util" value="780640559598" />
  <attribute name="Time Running"value="5103"/>
  <attribute name="Number of cores"value="4"/>
</cycle-end>
<allocation-satisfied id="323" threadId="0000000000D90700" bytesRequested="18504" />
<af-end id="324" timestamp="2019-07-02T19:00:21.094" threadId="0000000000D91088" success="true" from="nursery"/>
<exclusive-end id="325" timestamp="2019-07-02T19:00:21.094" durationms="2.320" />

<exclusive-start id="326" timestamp="2019-07-02T19:00:21.105" intervalms="13.122">
  <response-info timems="0.024" idlems="0.024" threads="0" lastid="0000000000D90700" lastname="main" />
</exclusive-start>
<af-start id="327" threadId="0000000000D91088" totalBytesRequested="1376" timestamp="2019-07-02T19:00:21.105" intervalms="13.104" type="nursery" />
<cycle-start id="328" type="scavenge" contextid="0" timestamp="2019-07-02T19:00:21.105" intervalms="13.094" />
  <attribute name="GC Util" value="8" />
  <attribute name="CPU Util" value="780640559598" />
  <attribute name="Time Running"value="5103"/>
  <attribute name="Number of cores"value="4"/>
<gc-start id="329" type="scavenge" contextid="328" timestamp="2019-07-02T19:00:21.105">
  <mem-info id="330" free="3441152" total="8388608" percent="41">
    <mem type="nursery" free="0" total="2097152" percent="0">
      <mem type="allocate" free="0" total="1048576" percent="0" />
      <mem type="survivor" free="0" total="1048576" percent="0" />
    </mem>
    <mem type="tenure" free="3441152" total="6291456" percent="54">
      <mem type="soa" free="3126784" total="5977088" percent="52" />
      <mem type="loa" free="314368" total="314368" percent="100" />
    </mem>
    <remembered-set count="2074" />
  </mem-info>
</gc-start>
<allocation-stats totalBytes="392144" >
  <allocated-bytes non-tlh="23120" tlh="369024" />
  <largest-consumer threadName="main" threadId="0000000000D90700" bytes="383952" />
</allocation-stats>
<gc-op id="331" type="scavenge" timems="0.956" contextid="328" timestamp="2019-07-02T19:00:21.106">
  <scavenger-info tenureage="2" tenuremask="600c" tiltratio="50" />
  <memory-copied type="nursery" objects="1112" bytes="351680" bytesdiscarded="5128" />
  <memory-copied type="tenure" objects="5721" bytes="239200" bytesdiscarded="72" />
  <finalization candidates="14" enqueued="0" />
  <ownableSynchronizers candidates="4" cleared="0" />
  <references type="soft" candidates="92" cleared="0" enqueued="0" dynamicThreshold="32" maxThreshold="32" />
  <references type="weak" candidates="61" cleared="11" enqueued="8" />
  <references type="phantom" candidates="7" cleared="1" enqueued="1" />
</gc-op>
<heap-resize id="332" type="expand" space="nursery" amount="131072" count="1" timems="0.102" reason="excessive time being spent scavenging" timestamp="2019-07-02T19:00:21.107" />
<gc-end id="333" type="scavenge" contextid="328" durationms="1.363" usertimems="0.000" systemtimems="0.000" timestamp="2019-07-02T19:00:21.107" activeThreads="4">
  <mem-info id="334" free="4107240" total="8519680" percent="48">
    <mem type="nursery" free="822760" total="2228224" percent="36">
      <mem type="allocate" free="822760" total="1179648" percent="69" />
      <mem type="survivor" free="0" total="1048576" percent="0" />
    </mem>
    <mem type="tenure" free="3284480" total="6291456" percent="52">
      <mem type="soa" free="2970112" total="5977088" percent="49" />
      <mem type="loa" free="314368" total="314368" percent="100" />
    </mem>
    <pending-finalizers system="0" default="0" reference="9" classloader="0" />
    <remembered-set count="438" />
  </mem-info>
</gc-end>
<cycle-end id="335" type="scavenge" contextid="328" timestamp="2019-07-02T19:00:21.107">
  <attribute name="GC Util" value="13" />
  <attribute name="CPU Util" value="1414206496066" />
  <attribute name="Time Running"value="5116"/>
  <attribute name="Number of cores"value="4"/>
</cycle-end>
<allocation-satisfied id="336" threadId="0000000000D90700" bytesRequested="1376" />
<af-end id="337" timestamp="2019-07-02T19:00:21.107" threadId="0000000000D91088" success="true" from="nursery"/>
<exclusive-end id="338" timestamp="2019-07-02T19:00:21.107" durationms="1.967" />

<exclusive-start id="339" timestamp="2019-07-02T19:00:21.118" intervalms="13.093">
  <response-info timems="0.010" idlems="0.010" threads="0" lastid="0000000000D90700" lastname="main" />
</exclusive-start>
<af-start id="340" threadId="0000000000D91088" totalBytesRequested="131080" timestamp="2019-07-02T19:00:21.118" intervalms="13.056" type="nursery" />
<cycle-start id="341" type="scavenge" contextid="0" timestamp="2019-07-02T19:00:21.118" intervalms="13.041" />
  <attribute name="GC Util" value="13" />
  <attribute name="CPU Util" value="1414206496066" />
  <attribute name="Time Running"value="5116"/>
  <attribute name="Number of cores"value="4"/>
<gc-start id="342" type="scavenge" contextid="341" timestamp="2019-07-02T19:00:21.118">
  <mem-info id="343" free="3276288" total="8519680" percent="38">
    <mem type="nursery" free="0" total="2228224" percent="0">
      <mem type="allocate" free="0" total="1179648" percent="0" />
      <mem type="survivor" free="0" total="1048576" percent="0" />
    </mem>
    <mem type="tenure" free="3276288" total="6291456" percent="52">
      <mem type="soa" free="2961920" total="5977088" percent="49" />
      <mem type="loa" free="314368" total="314368" percent="100" />
    </mem>
    <remembered-set count="528" />
  </mem-info>
</gc-start>
<allocation-stats totalBytes="793352" >
  <allocated-bytes non-tlh="290272" tlh="503080" />
  <largest-consumer threadName="main" threadId="0000000000D90700" bytes="785160" />
</allocation-stats>
<gc-op id="344" type="scavenge" timems="0.491" contextid="341" timestamp="2019-07-02T19:00:21.119">
  <scavenger-info tenureage="2" tenuremask="6004" tiltratio="52" />
  <memory-copied type="nursery" objects="314" bytes="279904" bytesdiscarded="31176" />
  <memory-copied type="tenure" objects="843" bytes="304232" bytesdiscarded="48" />
  <finalization candidates="1" enqueued="0" />
  <references type="soft" candidates="9" cleared="0" enqueued="0" dynamicThreshold="32" maxThreshold="32" />
  <references type="weak" candidates="5" cleared="0" enqueued="0" />
  <references type="phantom" candidates="2" cleared="0" enqueued="0" />
</gc-op>
<gc-end id="345" type="scavenge" contextid="341" durationms="0.689" usertimems="0.000" systemtimems="0.000" timestamp="2019-07-02T19:00:21.119" activeThreads="4">
  <mem-info id="346" free="4040088" total="8519680" percent="47">
    <mem type="nursery" free="1065120" total="2228224" percent="47">
      <mem type="allocate" free="1065120" total="1376256" percent="77" />
      <mem type="survivor" free="0" total="851968" percent="0" />
    </mem>
    <mem type="tenure" free="2974968" total="6291456" percent="47">
      <mem type="soa" free="2660600" total="5977088" percent="44" />
      <mem type="loa" free="314368" total="314368" percent="100" />
    </mem>
    <remembered-set count="248" />
  </mem-info>
</gc-end>
<cycle-end id="347" type="scavenge" contextid="341" timestamp="2019-07-02T19:00:21.119">
  <attribute name="GC Util" value="11" />
  <attribute name="CPU Util" value="1424174276770" />
  <attribute name="Time Running"value="5129"/>
  <attribute name="Number of cores"value="4"/>
</cycle-end>
<allocation-satisfied id="348" threadId="0000000000D90700" bytesRequested="131080" />
<af-end id="349" timestamp="2019-07-02T19:00:21.119" threadId="0000000000D91088" success="true" from="nursery"/>
<exclusive-end id="350" timestamp="2019-07-02T19:00:21.119" durationms="1.253" />

<exclusive-start id="351" timestamp="2019-07-02T19:00:21.129" intervalms="11.087">
  <response-info timems="0.009" idlems="0.009" threads="0" lastid="0000000000D90700" lastname="main" />
</exclusive-start>
<af-start id="352" threadId="0000000000D91088" totalBytesRequested="262168" timestamp="2019-07-02T19:00:21.129" intervalms="11.079" type="nursery" />
<cycle-start id="353" type="scavenge" contextid="0" timestamp="2019-07-02T19:00:21.129" intervalms="11.053" />
  <attribute name="GC Util" value="11" />
  <attribute name="CPU Util" value="1424174276770" />
  <attribute name="Time Running"value="5129"/>
  <attribute name="Number of cores"value="4"/>
<gc-start id="354" type="scavenge" contextid="353" timestamp="2019-07-02T19:00:21.129">
  <mem-info id="355" free="3107440" total="8519680" percent="36">
    <mem type="nursery" free="139392" total="2228224" percent="6">
      <mem type="allocate" free="139392" total="1376256" percent="10" />
      <mem type="survivor" free="0" total="851968" percent="0" />
    </mem>
    <mem type="tenure" free="2968048" total="6291456" percent="47">
      <mem type="soa" free="2653680" total="5977088" percent="44" />
      <mem type="loa" free="314368" total="314368" percent="100" />
    </mem>
    <remembered-set count="403" />
  </mem-info>
</gc-start>
<allocation-stats totalBytes="930576" >
  <allocated-bytes non-tlh="756536" tlh="174040" />
  <largest-consumer threadName="main" threadId="0000000000D90700" bytes="930576" />
</allocation-stats>
<gc-op id="356" type="scavenge" timems="0.339" contextid="353" timestamp="2019-07-02T19:00:21.130">
  <scavenger-info tenureage="2" tenuremask="6004" tiltratio="61" />
  <memory-copied type="nursery" objects="399" bytes="686240" bytesdiscarded="54184" />
  <memory-copied type="tenure" objects="219" bytes="148728" bytesdiscarded="0" />
  <copy-failed type="nursery" objects="1" bytes="131080" />
  <references type="weak" candidates="2" cleared="1" enqueued="1" />
  <references type="phantom" candidates="1" cleared="0" enqueued="0" />
</gc-op>
<gc-end id="357" type="scavenge" contextid="353" durationms="0.537" usertimems="0.000" systemtimems="0.000" timestamp="2019-07-02T19:00:21.130" activeThreads="4">
  <mem-info id="358" free="3210640" total="8519680" percent="37">
    <mem type="nursery" free="373672" total="2228224" percent="16">
      <mem type="allocate" free="373672" total="1114112" percent="33" />
      <mem type="survivor" free="0" total="1114112" percent="0" />
    </mem>
    <mem type="tenure" free="2836968" total="6291456" percent="45">
      <mem type="soa" free="2522600" total="5977088" percent="42" />
      <mem type="loa" free="314368" total="314368" percent="100" />
    </mem>
    <pending-finalizers system="0" default="0" reference="1" classloader="0" />
    <remembered-set count="327" />
  </mem-info>
</gc-end>
<cycle-end id="359" type="scavenge" contextid="353" timestamp="2019-07-02T19:00:21.130">
  <attribute name="GC Util" value="7" />
  <attribute name="CPU Util" value="1668646697744" />
  <attribute name="Time Running"value="5140"/>
  <attribute name="Number of cores"value="4"/>
</cycle-end>
<allocation-satisfied id="360" threadId="0000000000D90700" bytesRequested="262168" />
<af-end id="361" timestamp="2019-07-02T19:00:21.130" threadId="0000000000D91088" success="true" from="nursery"/>
<exclusive-end id="362" timestamp="2019-07-02T19:00:21.130" durationms="1.011" />

<exclusive-start id="363" timestamp="2019-07-02T19:00:21.136" intervalms="7.159">
  <response-info timems="0.010" idlems="0.010" threads="0" lastid="0000000000D90700" lastname="main" />
</exclusive-start>
<af-start id="364" threadId="0000000000D91088" totalBytesRequested="5456" timestamp="2019-07-02T19:00:21.136" intervalms="7.193" type="nursery" />
<cycle-start id="365" type="scavenge" contextid="0" timestamp="2019-07-02T19:00:21.137" intervalms="7.233" />
  <attribute name="GC Util" value="7" />
  <attribute name="CPU Util" value="1668646697744" />
  <attribute name="Time Running"value="5140"/>
  <attribute name="Number of cores"value="4"/>
<gc-start id="366" type="scavenge" contextid="365" timestamp="2019-07-02T19:00:21.137">
  <mem-info id="367" free="2835488" total="8519680" percent="33">
    <mem type="nursery" free="0" total="2228224" percent="0">
      <mem type="allocate" free="0" total="1114112" percent="0" />
      <mem type="survivor" free="0" total="1114112" percent="0" />
    </mem>
    <mem type="tenure" free="2835488" total="6291456" percent="45">
      <mem type="soa" free="2521120" total="5977088" percent="42" />
      <mem type="loa" free="314368" total="314368" percent="100" />
    </mem>
    <remembered-set count="350" />
  </mem-info>
</gc-start>
<allocation-stats totalBytes="373680" >
  <allocated-bytes non-tlh="263648" tlh="110032" />
  <largest-consumer threadName="main" threadId="0000000000D90700" bytes="373680" />
</allocation-stats>
<gc-op id="368" type="scavenge" timems="0.307" contextid="365" timestamp="2019-07-02T19:00:21.137">
  <scavenger-info tenureage="2" tenuremask="7004" tiltratio="50" />
  <memory-copied type="nursery" objects="323" bytes="155280" bytesdiscarded="146296" />
  <memory-copied type="tenure" objects="88" bytes="261872" bytesdiscarded="0" />
</gc-op>
<gc-end id="369" type="scavenge" contextid="365" durationms="0.610" usertimems="0.000" systemtimems="0.000" timestamp="2019-07-02T19:00:21.137" activeThreads="4">
  <mem-info id="370" free="3390648" total="8519680" percent="39">
    <mem type="nursery" free="812536" total="2228224" percent="36">
      <mem type="allocate" free="812536" total="1114112" percent="72" />
      <mem type="survivor" free="0" total="1114112" percent="0" />
    </mem>
    <mem type="tenure" free="2578112" total="6291456" percent="40">
      <mem type="soa" free="2263744" total="5977088" percent="37" />
      <mem type="loa" free="314368" total="314368" percent="100" />
    </mem>
    <remembered-set count="255" />
  </mem-info>
</gc-end>
<cycle-end id="371" type="scavenge" contextid="365" timestamp="2019-07-02T19:00:21.137">
  <attribute name="GC Util" value="8" />
  <attribute name="CPU Util" value="2499727497903" />
  <attribute name="Time Running"value="5148"/>
  <attribute name="Number of cores"value="4"/>
</cycle-end>
<allocation-satisfied id="372" threadId="0000000000D90700" bytesRequested="5456" />
<af-end id="373" timestamp="2019-07-02T19:00:21.137" threadId="0000000000D91088" success="true" from="nursery"/>
<exclusive-end id="374" timestamp="2019-07-02T19:00:21.138" durationms="1.230" />

<exclusive-start id="375" timestamp="2019-07-02T19:00:21.163" intervalms="26.552">
  <response-info timems="0.008" idlems="0.008" threads="0" lastid="0000000000D90700" lastname="main" />
</exclusive-start>
<af-start id="376" threadId="0000000000D91088" totalBytesRequested="27360" timestamp="2019-07-02T19:00:21.163" intervalms="26.587" type="nursery" />
<cycle-start id="377" type="scavenge" contextid="0" timestamp="2019-07-02T19:00:21.163" intervalms="26.618" />
  <attribute name="GC Util" value="8" />
  <attribute name="CPU Util" value="2499727497903" />
  <attribute name="Time Running"value="5148"/>
  <attribute name="Number of cores"value="4"/>
<gc-start id="378" type="scavenge" contextid="377" timestamp="2019-07-02T19:00:21.163">
  <mem-info id="379" free="2564704" total="8519680" percent="30">
    <mem type="nursery" free="0" total="2228224" percent="0">
      <mem type="allocate" free="0" total="1114112" percent="0" />
      <mem type="survivor" free="0" total="1114112" percent="0" />
    </mem>
    <mem type="tenure" free="2564704" total="6291456" percent="40">
      <mem type="soa" free="2250336" total="5977088" percent="37" />
      <mem type="loa" free="314368" total="314368" percent="100" />
    </mem>
    <remembered-set count="509" />
  </mem-info>
</gc-start>
<allocation-stats totalBytes="755136" >
  <allocated-bytes non-tlh="18864" tlh="736272" />
  <largest-consumer threadName="main" threadId="0000000000D90700" bytes="755136" />
</allocation-stats>
<gc-op id="380" type="scavenge" timems="0.301" contextid="377" timestamp="2019-07-02T19:00:21.164">
  <scavenger-info tenureage="2" tenuremask="7004" tiltratio="50" />
  <memory-copied type="nursery" objects="1521" bytes="43496" bytesdiscarded="65560" />
  <memory-copied type="tenure" objects="285" bytes="153488" bytesdiscarded="232" />
  <references type="weak" candidates="1" cleared="1" enqueued="1" />
</gc-op>
<gc-end id="381" type="scavenge" contextid="377" durationms="0.510" usertimems="0.000" systemtimems="0.000" timestamp="2019-07-02T19:00:21.164" activeThreads="4">
  <mem-info id="382" free="3368792" total="8519680" percent="39">
    <mem type="nursery" free="1005056" total="2228224" percent="45">
      <mem type="allocate" free="1005056" total="1114112" percent="90" />
      <mem type="survivor" free="0" total="1114112" percent="0" />
    </mem>
    <mem type="tenure" free="2363736" total="6291456" percent="37">
      <mem type="soa" free="2049368" total="5977088" percent="34" />
      <mem type="loa" free="314368" total="314368" percent="100" />
    </mem>
    <pending-finalizers system="0" default="0" reference="1" classloader="0" />
    <remembered-set count="346" />
  </mem-info>
</gc-end>
<cycle-end id="383" type="scavenge" contextid="377" timestamp="2019-07-02T19:00:21.164">
  <attribute name="GC Util" value="2" />
  <attribute name="CPU Util" value="695837582426" />
  <attribute name="Time Running"value="5174"/>
  <attribute name="Number of cores"value="4"/>
</cycle-end>
<allocation-satisfied id="384" threadId="0000000000D90700" bytesRequested="27360" />
<af-end id="385" timestamp="2019-07-02T19:00:21.164" threadId="0000000000D91088" success="true" from="nursery"/>
<exclusive-end id="386" timestamp="2019-07-02T19:00:21.164" durationms="1.316" />

<exclusive-start id="387" timestamp="2019-07-02T19:00:21.196" intervalms="32.754">
  <response-info timems="0.011" idlems="0.011" threads="0" lastid="0000000000D90700" lastname="main" />
</exclusive-start>
<af-start id="388" threadId="0000000000D91088" totalBytesRequested="88" timestamp="2019-07-02T19:00:21.196" intervalms="32.764" type="nursery" />
<cycle-start id="389" type="scavenge" contextid="0" timestamp="2019-07-02T19:00:21.196" intervalms="32.755" />
  <attribute name="GC Util" value="2" />
  <attribute name="CPU Util" value="695837582426" />
  <attribute name="Time Running"value="5174"/>
  <attribute name="Number of cores"value="4"/>
<gc-start id="390" type="scavenge" contextid="389" timestamp="2019-07-02T19:00:21.196">
  <mem-info id="391" free="2353976" total="8519680" percent="27">
    <mem type="nursery" free="0" total="2228224" percent="0">
      <mem type="allocate" free="0" total="1114112" percent="0" />
      <mem type="survivor" free="0" total="1114112" percent="0" />
    </mem>
    <mem type="tenure" free="2353976" total="6291456" percent="37">
      <mem type="soa" free="2039608" total="5977088" percent="34" />
      <mem type="loa" free="314368" total="314368" percent="100" />
    </mem>
    <remembered-set count="510" />
  </mem-info>
</gc-start>
<allocation-stats totalBytes="1013592" >
  <allocated-bytes non-tlh="64480" tlh="949112" />
  <largest-consumer threadName="main" threadId="0000000000D90700" bytes="1013592" />
</allocation-stats>
<gc-op id="392" type="scavenge" timems="0.516" contextid="389" timestamp="2019-07-02T19:00:21.197">
  <scavenger-info tenureage="2" tenuremask="6004" tiltratio="50" />
  <memory-copied type="nursery" objects="6389" bytes="282600" bytesdiscarded="161040" />
  <memory-copied type="tenure" objects="16" bytes="376" bytesdiscarded="0" />
  <references type="soft" candidates="39" cleared="0" enqueued="0" dynamicThreshold="32" maxThreshold="32" />
  <references type="weak" candidates="5" cleared="1" enqueued="1" />
</gc-op>
<gc-end id="393" type="scavenge" contextid="389" durationms="0.953" usertimems="0.000" systemtimems="0.000" timestamp="2019-07-02T19:00:21.197" activeThreads="4">
  <mem-info id="394" free="3089960" total="8519680" percent="36">
    <mem type="nursery" free="735984" total="2228224" percent="33">
      <mem type="allocate" free="735984" total="1179648" percent="62" />
      <mem type="survivor" free="0" total="1048576" percent="0" />
    </mem>
    <mem type="tenure" free="2353976" total="6291456" percent="37">
      <mem type="soa" free="2039608" total="5977088" percent="34" />
      <mem type="loa" free="314368" total="314368" percent="100" />
    </mem>
    <pending-finalizers system="0" default="0" reference="1" classloader="0" />
    <remembered-set count="479" />
  </mem-info>
</gc-end>
<cycle-end id="395" type="scavenge" contextid="389" timestamp="2019-07-02T19:00:21.197">
  <attribute name="GC Util" value="1" />
  <attribute name="CPU Util" value="559748549740" />
  <attribute name="Time Running"value="5207"/>
  <attribute name="Number of cores"value="4"/>
</cycle-end>
<allocation-satisfied id="396" threadId="0000000000D90700" bytesRequested="88" />
<af-end id="397" timestamp="2019-07-02T19:00:21.197" threadId="0000000000D91088" success="true" from="nursery"/>
<exclusive-end id="398" timestamp="2019-07-02T19:00:21.197" durationms="1.718" />

<exclusive-start id="399" timestamp="2019-07-02T19:00:21.217" intervalms="21.114">
  <response-info timems="0.009" idlems="0.009" threads="0" lastid="0000000000D90700" lastname="main" />
</exclusive-start>
<af-start id="400" threadId="0000000000D91088" totalBytesRequested="7176" timestamp="2019-07-02T19:00:21.217" intervalms="21.013" type="nursery" />
<cycle-start id="401" type="scavenge" contextid="0" timestamp="2019-07-02T19:00:21.217" intervalms="20.925" />
  <attribute name="GC Util" value="1" />
  <attribute name="CPU Util" value="559748549740" />
  <attribute name="Time Running"value="5207"/>
  <attribute name="Number of cores"value="4"/>
<gc-start id="402" type="scavenge" contextid="401" timestamp="2019-07-02T19:00:21.217">
  <mem-info id="403" free="2334272" total="8519680" percent="27">
    <mem type="nursery" free="0" total="2228224" percent="0">
      <mem type="allocate" free="0" total="1179648" percent="0" />
      <mem type="survivor" free="0" total="1048576" percent="0" />
    </mem>
    <mem type="tenure" free="2334272" total="6291456" percent="37">
      <mem type="soa" free="2019904" total="5977088" percent="33" />
      <mem type="loa" free="314368" total="314368" percent="100" />
    </mem>
    <remembered-set count="760" />
  </mem-info>
</gc-start>
<allocation-stats totalBytes="749680" >
  <allocated-bytes non-tlh="19792" tlh="729888" />
  <largest-consumer threadName="main" threadId="0000000000D90700" bytes="749680" />
</allocation-stats>
<gc-op id="404" type="scavenge" timems="0.570" contextid="401" timestamp="2019-07-02T19:00:21.218">
  <scavenger-info tenureage="13" tenuremask="6000" tiltratio="52" />
  <memory-copied type="nursery" objects="5937" bytes="296984" bytesdiscarded="116872" />
  <references type="soft" candidates="54" cleared="0" enqueued="0" dynamicThreshold="32" maxThreshold="32" />
  <references type="weak" candidates="137" cleared="0" enqueued="0" />
  <references type="phantom" candidates="1" cleared="0" enqueued="0" />
</gc-op>
<gc-end id="405" type="scavenge" contextid="401" durationms="0.737" usertimems="0.000" systemtimems="0.000" timestamp="2019-07-02T19:00:21.218" activeThreads="4">
  <mem-info id="406" free="3231032" total="8519680" percent="37">
    <mem type="nursery" free="896760" total="2228224" percent="40">
      <mem type="allocate" free="896760" total="1310720" percent="68" />
      <mem type="survivor" free="0" total="917504" percent="0" />
    </mem>
    <mem type="tenure" free="2334272" total="6291456" percent="37">
      <mem type="soa" free="2019904" total="5977088" percent="33" />
      <mem type="loa" free="314368" total="314368" percent="100" />
    </mem>
    <remembered-set count="519" />
  </mem-info>
</gc-end>
<cycle-end id="407" type="scavenge" contextid="401" timestamp="2019-07-02T19:00:21.218">
  <attribute name="GC Util" value="4" />
  <attribute name="CPU Util" value="894229729918" />
  <attribute name="Time Running"value="5228"/>
  <attribute name="Number of cores"value="4"/>
</cycle-end>
<allocation-satisfied id="408" threadId="0000000000D90700" bytesRequested="7176" />
<af-end id="409" timestamp="2019-07-02T19:00:21.218" threadId="0000000000D91088" success="true" from="nursery"/>
<exclusive-end id="410" timestamp="2019-07-02T19:00:21.218" durationms="1.132" />

<exclusive-start id="411" timestamp="2019-07-02T19:00:21.235" intervalms="18.729">
  <response-info timems="0.010" idlems="0.010" threads="0" lastid="0000000000D90700" lastname="main" />
</exclusive-start>
<af-start id="412" threadId="0000000000D91088" totalBytesRequested="1032" timestamp="2019-07-02T19:00:21.236" intervalms="18.732" type="nursery" />
<cycle-start id="413" type="scavenge" contextid="0" timestamp="2019-07-02T19:00:21.236" intervalms="18.733" />
  <attribute name="GC Util" value="4" />
  <attribute name="CPU Util" value="894229729918" />
  <attribute name="Time Running"value="5228"/>
  <attribute name="Number of cores"value="4"/>
<gc-start id="414" type="scavenge" contextid="413" timestamp="2019-07-02T19:00:21.236">
  <mem-info id="415" free="2320024" total="8519680" percent="27">
    <mem type="nursery" free="0" total="2228224" percent="0">
      <mem type="allocate" free="0" total="1310720" percent="0" />
      <mem type="survivor" free="0" total="917504" percent="0" />
    </mem>
    <mem type="tenure" free="2320024" total="6291456" percent="36">
      <mem type="soa" free="2005656" total="5977088" percent="33" />
      <mem type="loa" free="314368" total="314368" percent="100" />
    </mem>
    <remembered-set count="703" />
  </mem-info>
</gc-start>
<allocation-stats totalBytes="875192" >
  <allocated-bytes non-tlh="21424" tlh="853768" />
  <largest-consumer threadName="main" threadId="0000000000D90700" bytes="875192" />
</allocation-stats>
<gc-op id="416" type="scavenge" timems="0.639" contextid="413" timestamp="2019-07-02T19:00:21.236">
  <scavenger-info tenureage="3" tenuremask="6008" tiltratio="58" />
  <memory-copied type="nursery" objects="4819" bytes="241144" bytesdiscarded="68624" />
  <memory-copied type="tenure" objects="1475" bytes="41488" bytesdiscarded="0" />
  <references type="soft" candidates="54" cleared="0" enqueued="0" dynamicThreshold="32" maxThreshold="32" />
  <references type="weak" candidates="185" cleared="0" enqueued="0" />
  <references type="phantom" candidates="1" cleared="0" enqueued="0" />
</gc-op>
<gc-end id="417" type="scavenge" contextid="413" durationms="0.812" usertimems="0.000" systemtimems="0.000" timestamp="2019-07-02T19:00:21.236" activeThreads="4">
  <mem-info id="418" free="3451880" total="8519680" percent="40">
    <mem type="nursery" free="1131856" total="2228224" percent="50">
      <mem type="allocate" free="1131856" total="1441792" percent="78" />
      <mem type="survivor" free="0" total="786432" percent="0" />
    </mem>
    <mem type="tenure" free="2320024" total="6291456" percent="36">
      <mem type="soa" free="2005656" total="5977088" percent="33" />
      <mem type="loa" free="314368" total="314368" percent="100" />
    </mem>
    <remembered-set count="536" />
  </mem-info>
</gc-end>
<cycle-end id="419" type="scavenge" contextid="413" timestamp="2019-07-02T19:00:21.237">
  <attribute name="GC Util" value="5" />
  <attribute name="CPU Util" value="983899237703" />
  <attribute name="Time Running"value="5246"/>
  <attribute name="Number of cores"value="4"/>
</cycle-end>
<allocation-satisfied id="420" threadId="0000000000D90700" bytesRequested="1032" />
<af-end id="421" timestamp="2019-07-02T19:00:21.237" threadId="0000000000D91088" success="true" from="nursery"/>
<exclusive-end id="422" timestamp="2019-07-02T19:00:21.237" durationms="1.224" />

<exclusive-start id="423" timestamp="2019-07-02T19:00:21.260" intervalms="24.759">
  <response-info timems="0.011" idlems="0.011" threads="0" lastid="0000000000D90700" lastname="main" />
</exclusive-start>
<af-start id="424" threadId="0000000000D91088" totalBytesRequested="23280" timestamp="2019-07-02T19:00:21.260" intervalms="24.760" type="nursery" />
<cycle-start id="425" type="scavenge" contextid="0" timestamp="2019-07-02T19:00:21.260" intervalms="24.760" />
  <attribute name="GC Util" value="5" />
  <attribute name="CPU Util" value="983899237703" />
  <attribute name="Time Running"value="5246"/>
  <attribute name="Number of cores"value="4"/>
<gc-start id="426" type="scavenge" contextid="425" timestamp="2019-07-02T19:00:21.260">
  <mem-info id="427" free="2298856" total="8519680" percent="26">
    <mem type="nursery" free="0" total="2228224" percent="0">
      <mem type="allocate" free="0" total="1441792" percent="0" />
      <mem type="survivor" free="0" total="786432" percent="0" />
    </mem>
    <mem type="tenure" free="2298856" total="6291456" percent="36">
      <mem type="soa" free="1984488" total="5977088" percent="33" />
      <mem type="loa" free="314368" total="314368" percent="100" />
    </mem>
    <remembered-set count="798" />
  </mem-info>
</gc-start>
<allocation-stats totalBytes="1143624" >
  <allocated-bytes non-tlh="22200" tlh="1121424" />
  <largest-consumer threadName="main" threadId="0000000000D90700" bytes="1143624" />
</allocation-stats>
<gc-op id="428" type="scavenge" timems="0.661" contextid="425" timestamp="2019-07-02T19:00:21.261">
  <scavenger-info tenureage="3" tenuremask="ffe8" tiltratio="64" />
  <memory-copied type="nursery" objects="1843" bytes="74792" bytesdiscarded="42472" />
  <memory-copied type="tenure" objects="3695" bytes="191320" bytesdiscarded="80" />
  <references type="soft" candidates="15" cleared="0" enqueued="0" dynamicThreshold="32" maxThreshold="32" />
  <references type="weak" candidates="396" cleared="0" enqueued="0" />
</gc-op>
<gc-end id="429" type="scavenge" contextid="425" durationms="0.842" usertimems="0.000" systemtimems="0.000" timestamp="2019-07-02T19:00:21.261" activeThreads="4">
  <mem-info id="430" free="3402384" total="8519680" percent="39">
    <mem type="nursery" free="1389824" total="2228224" percent="62">
      <mem type="allocate" free="1389824" total="1507328" percent="92" />
      <mem type="survivor" free="0" total="720896" percent="0" />
    </mem>
    <mem type="tenure" free="2012560" total="6291456" percent="31">
      <mem type="soa" free="1698192" total="5977088" percent="28" />
      <mem type="loa" free="314368" total="314368" percent="100" />
    </mem>
    <remembered-set count="566" />
  </mem-info>
</gc-end>
<cycle-end id="431" type="scavenge" contextid="425" timestamp="2019-07-02T19:00:21.261">
  <attribute name="GC Util" value="5" />
  <attribute name="CPU Util" value="745035785266" />
  <attribute name="Time Running"value="5271"/>
  <attribute name="Number of cores"value="4"/>
</cycle-end>
<allocation-satisfied id="432" threadId="0000000000D90700" bytesRequested="23280" />
<af-end id="433" timestamp="2019-07-02T19:00:21.261" threadId="0000000000D91088" success="true" from="nursery"/>
<exclusive-end id="434" timestamp="2019-07-02T19:00:21.261" durationms="1.253" />

<exclusive-start id="435" timestamp="2019-07-02T19:00:21.287" intervalms="26.317">
  <response-info timems="0.026" idlems="0.026" threads="0" lastid="0000000000D90700" lastname="main" />
</exclusive-start>
<af-start id="436" threadId="0000000000D91088" totalBytesRequested="616" timestamp="2019-07-02T19:00:21.287" intervalms="26.359" type="nursery" />
<cycle-start id="437" type="scavenge" contextid="0" timestamp="2019-07-02T19:00:21.287" intervalms="26.366" />
  <attribute name="GC Util" value="5" />
  <attribute name="CPU Util" value="745035785266" />
  <attribute name="Time Running"value="5271"/>
  <attribute name="Number of cores"value="4"/>
<gc-start id="438" type="scavenge" contextid="437" timestamp="2019-07-02T19:00:21.287">
  <mem-info id="439" free="1996448" total="8519680" percent="23">
    <mem type="nursery" free="0" total="2228224" percent="0">
      <mem type="allocate" free="0" total="1507328" percent="0" />
      <mem type="survivor" free="0" total="720896" percent="0" />
    </mem>
    <mem type="tenure" free="1996448" total="6291456" percent="31">
      <mem type="soa" free="1682080" total="5977088" percent="28" />
      <mem type="loa" free="314368" total="314368" percent="100" />
    </mem>
    <remembered-set count="833" />
  </mem-info>
</gc-start>
<allocation-stats totalBytes="1404112" >
  <allocated-bytes non-tlh="39392" tlh="1364720" />
  <largest-consumer threadName="main" threadId="0000000000D90700" bytes="1404112" />
</allocation-stats>
<gc-op id="440" type="scavenge" timems="0.513" contextid="437" timestamp="2019-07-02T19:00:21.287">
  <scavenger-info tenureage="3" tenuremask="ffe8" tiltratio="67" />
  <memory-copied type="nursery" objects="2340" bytes="81760" bytesdiscarded="35488" />
  <memory-copied type="tenure" objects="718" bytes="35600" bytesdiscarded="0" />
  <references type="weak" candidates="420" cleared="0" enqueued="0" />
</gc-op>
<gc-end id="441" type="scavenge" contextid="437" durationms="0.703" usertimems="0.000" systemtimems="0.000" timestamp="2019-07-02T19:00:21.287" activeThreads="4">
  <mem-info id="442" free="3517344" total="8519680" percent="41">
    <mem type="nursery" free="1520896" total="2228224" percent="68">
      <mem type="allocate" free="1520896" total="1638400" percent="92" />
      <mem type="survivor" free="0" total="589824" percent="0" />
    </mem>
    <mem type="tenure" free="1996448" total="6291456" percent="31">
      <mem type="soa" free="1682080" total="5977088" percent="28" />
      <mem type="loa" free="314368" total="314368" percent="100" />
    </mem>
    <remembered-set count="673" />
  </mem-info>
</gc-end>
<cycle-end id="443" type="scavenge" contextid="437" timestamp="2019-07-02T19:00:21.288">
  <attribute name="GC Util" value="5" />
  <attribute name="CPU Util" value="699254681764" />
  <attribute name="Time Running"value="5298"/>
  <attribute name="Number of cores"value="4"/>
</cycle-end>
<allocation-satisfied id="444" threadId="0000000000D90700" bytesRequested="616" />
<af-end id="445" timestamp="2019-07-02T19:00:21.288" threadId="0000000000D91088" success="true" from="nursery"/>
<exclusive-end id="446" timestamp="2019-07-02T19:00:21.288" durationms="1.171" />

<exclusive-start id="447" timestamp="2019-07-02T19:00:21.320" intervalms="33.159">
  <response-info timems="0.011" idlems="0.011" threads="0" lastid="0000000000D90700" lastname="main" />
</exclusive-start>
<af-start id="448" threadId="0000000000D91088" totalBytesRequested="7176" timestamp="2019-07-02T19:00:21.320" intervalms="33.126" type="nursery" />
<cycle-start id="449" type="scavenge" contextid="0" timestamp="2019-07-02T19:00:21.320" intervalms="33.121" />
  <attribute name="GC Util" value="5" />
  <attribute name="CPU Util" value="699254681764" />
  <attribute name="Time Running"value="5298"/>
  <attribute name="Number of cores"value="4"/>
<gc-start id="450" type="scavenge" contextid="449" timestamp="2019-07-02T19:00:21.320">
  <mem-info id="451" free="1972888" total="8519680" percent="23">
    <mem type="nursery" free="0" total="2228224" percent="0">
      <mem type="allocate" free="0" total="1638400" percent="0" />
      <mem type="survivor" free="0" total="589824" percent="0" />
    </mem>
    <mem type="tenure" free="1972888" total="6291456" percent="31">
      <mem type="soa" free="1658520" total="5977088" percent="27" />
      <mem type="loa" free="314368" total="314368" percent="100" />
    </mem>
    <remembered-set count="1009" />
  </mem-info>
</gc-start>
<allocation-stats totalBytes="1537152" >
  <allocated-bytes non-tlh="24176" tlh="1512976" />
  <largest-consumer threadName="main" threadId="0000000000D90700" bytes="1537152" />
</allocation-stats>
<gc-op id="452" type="scavenge" timems="0.549" contextid="449" timestamp="2019-07-02T19:00:21.321">
  <scavenger-info tenureage="3" tenuremask="ffe8" tiltratio="73" />
  <memory-copied type="nursery" objects="3209" bytes="140080" bytesdiscarded="19408" />
  <memory-copied type="tenure" objects="313" bytes="9184" bytesdiscarded="0" />
  <references type="weak" candidates="577" cleared="0" enqueued="0" />
  <references type="phantom" candidates="1" cleared="0" enqueued="0" />
</gc-op>
<gc-end id="453" type="scavenge" contextid="449" durationms="0.724" usertimems="0.000" systemtimems="0.000" timestamp="2019-07-02T19:00:21.321" activeThreads="4">
  <mem-info id="454" free="3517072" total="8519680" percent="41">
    <mem type="nursery" free="1544184" total="2228224" percent="69">
      <mem type="allocate" free="1544184" total="1703936" percent="90" />
      <mem type="survivor" free="0" total="524288" percent="0" />
    </mem>
    <mem type="tenure" free="1972888" total="6291456" percent="31">
      <mem type="soa" free="1658520" total="5977088" percent="27" />
      <mem type="loa" free="314368" total="314368" percent="100" />
    </mem>
    <remembered-set count="713" />
  </mem-info>
</gc-end>
<cycle-end id="455" type="scavenge" contextid="449" timestamp="2019-07-02T19:00:21.321">
  <attribute name="GC Util" value="2" />
  <attribute name="CPU Util" value="557122827386" />
  <attribute name="Time Running"value="5331"/>
  <attribute name="Number of cores"value="4"/>
</cycle-end>
<allocation-satisfied id="456" threadId="0000000000D90700" bytesRequested="7176" />
<af-end id="457" timestamp="2019-07-02T19:00:21.321" threadId="0000000000D91088" success="true" from="nursery"/>
<exclusive-end id="458" timestamp="2019-07-02T19:00:21.321" durationms="1.151" />

<exclusive-start id="459" timestamp="2019-07-02T19:00:21.339" intervalms="19.499">
  <response-info timems="0.022" idlems="0.022" threads="0" lastid="0000000000D90700" lastname="main" />
</exclusive-start>
<af-start id="460" threadId="0000000000D91088" totalBytesRequested="24" timestamp="2019-07-02T19:00:21.339" intervalms="19.559" type="nursery" />
<cycle-start id="461" type="scavenge" contextid="0" timestamp="2019-07-02T19:00:21.339" intervalms="19.622" />
  <attribute name="GC Util" value="2" />
  <attribute name="CPU Util" value="557122827386" />
  <attribute name="Time Running"value="5331"/>
  <attribute name="Number of cores"value="4"/>
<gc-start id="462" type="scavenge" contextid="461" timestamp="2019-07-02T19:00:21.340">
  <mem-info id="463" free="1966264" total="8519680" percent="23">
    <mem type="nursery" free="0" total="2228224" percent="0">
      <mem type="allocate" free="0" total="1703936" percent="0" />
      <mem type="survivor" free="0" total="524288" percent="0" />
    </mem>
    <mem type="tenure" free="1966264" total="6291456" percent="31">
      <mem type="soa" free="1651896" total="5977088" percent="27" />
      <mem type="loa" free="314368" total="314368" percent="100" />
    </mem>
    <remembered-set count="965" />
  </mem-info>
</gc-start>
<allocation-stats totalBytes="1550088" >
  <allocated-bytes non-tlh="13800" tlh="1536288" />
  <largest-consumer threadName="main" threadId="0000000000D90700" bytes="1550088" />
</allocation-stats>
<gc-op id="464" type="scavenge" timems="0.643" contextid="461" timestamp="2019-07-02T19:00:21.341">
  <scavenger-info tenureage="3" tenuremask="ffe8" tiltratio="76" />
  <memory-copied type="nursery" objects="4479" bytes="158096" bytesdiscarded="37568" />
  <memory-copied type="tenure" objects="710" bytes="25960" bytesdiscarded="0" />
  <references type="weak" candidates="406" cleared="0" enqueued="0" />
</gc-op>
<gc-end id="465" type="scavenge" contextid="461" durationms="1.101" usertimems="0.000" systemtimems="0.000" timestamp="2019-07-02T19:00:21.341" activeThreads="4">
  <mem-info id="466" free="3539896" total="8519680" percent="41">
    <mem type="nursery" free="1573632" total="2228224" percent="70">
      <mem type="allocate" free="1573632" total="1769472" percent="88" />
      <mem type="survivor" free="0" total="458752" percent="0" />
    </mem>
    <mem type="tenure" free="1966264" total="6291456" percent="31">
      <mem type="soa" free="1651896" total="5977088" percent="27" />
      <mem type="loa" free="314368" total="314368" percent="100" />
    </mem>
    <remembered-set count="753" />
  </mem-info>
</gc-end>
<cycle-end id="467" type="scavenge" contextid="461" timestamp="2019-07-02T19:00:21.341">
  <attribute name="GC Util" value="4" />
  <attribute name="CPU Util" value="926433289397" />
  <attribute name="Time Running"value="5351"/>
  <attribute name="Number of cores"value="4"/>
</cycle-end>
<allocation-satisfied id="468" threadId="0000000000D90700" bytesRequested="24" />
<af-end id="469" timestamp="2019-07-02T19:00:21.341" threadId="0000000000D91088" success="true" from="nursery"/>
<exclusive-end id="470" timestamp="2019-07-02T19:00:21.341" durationms="1.838" />

<exclusive-start id="471" timestamp="2019-07-02T19:00:21.361" intervalms="22.050">
  <response-info timems="0.011" idlems="0.011" threads="0" lastid="0000000000D90700" lastname="main" />
</exclusive-start>
<af-start id="472" threadId="0000000000D91088" totalBytesRequested="40" timestamp="2019-07-02T19:00:21.361" intervalms="21.983" type="nursery" />
<cycle-start id="473" type="scavenge" contextid="0" timestamp="2019-07-02T19:00:21.361" intervalms="21.944" />
  <attribute name="GC Util" value="4" />
  <attribute name="CPU Util" value="926433289397" />
  <attribute name="Time Running"value="5351"/>
  <attribute name="Number of cores"value="4"/>
<gc-start id="474" type="scavenge" contextid="473" timestamp="2019-07-02T19:00:21.361">
  <mem-info id="475" free="1958072" total="8519680" percent="22">
    <mem type="nursery" free="0" total="2228224" percent="0">
      <mem type="allocate" free="0" total="1769472" percent="0" />
      <mem type="survivor" free="0" total="458752" percent="0" />
    </mem>
    <mem type="tenure" free="1958072" total="6291456" percent="31">
      <mem type="soa" free="1643704" total="5977088" percent="27" />
      <mem type="loa" free="314368" total="314368" percent="100" />
    </mem>
    <remembered-set count="1012" />
  </mem-info>
</gc-start>
<allocation-stats totalBytes="1580912" >
  <allocated-bytes non-tlh="8216" tlh="1572696" />
  <largest-consumer threadName="main" threadId="0000000000D90700" bytes="1580912" />
</allocation-stats>
<gc-op id="476" type="scavenge" timems="0.686" contextid="473" timestamp="2019-07-02T19:00:21.362">
  <scavenger-info tenureage="3" tenuremask="ffe8" tiltratio="79" />
  <memory-copied type="nursery" objects="5189" bytes="184848" bytesdiscarded="50016" />
  <memory-copied type="tenure" objects="1185" bytes="41600" bytesdiscarded="24" />
  <references type="weak" candidates="312" cleared="0" enqueued="0" />
</gc-op>
<gc-end id="477" type="scavenge" contextid="473" durationms="0.858" usertimems="0.000" systemtimems="0.000" timestamp="2019-07-02T19:00:21.362" activeThreads="4">
  <mem-info id="478" free="3518904" total="8519680" percent="41">
    <mem type="nursery" free="1600000" total="2228224" percent="71">
      <mem type="allocate" free="1600000" total="1835008" percent="87" />
      <mem type="survivor" free="0" total="393216" percent="0" />
    </mem>
    <mem type="tenure" free="1918904" total="6291456" percent="30">
      <mem type="soa" free="1604536" total="5977088" percent="26" />
      <mem type="loa" free="314368" total="314368" percent="100" />
    </mem>
    <remembered-set count="664" />
  </mem-info>
</gc-end>
<cycle-end id="479" type="scavenge" contextid="473" timestamp="2019-07-02T19:00:21.362">
  <attribute name="GC Util" value="4" />
  <attribute name="CPU Util" value="851089403107" />
  <attribute name="Time Running"value="5372"/>
  <attribute name="Number of cores"value="4"/>
</cycle-end>
<allocation-satisfied id="480" threadId="0000000000D90700" bytesRequested="40" />
<af-end id="481" timestamp="2019-07-02T19:00:21.362" threadId="0000000000D91088" success="true" from="nursery"/>
<exclusive-end id="482" timestamp="2019-07-02T19:00:21.363" durationms="1.317" />

<exclusive-start id="483" timestamp="2019-07-02T19:00:21.385" intervalms="23.695">
  <response-info timems="0.010" idlems="0.010" threads="0" lastid="0000000000D90700" lastname="main" />
</exclusive-start>
<af-start id="484" threadId="0000000000D91088" totalBytesRequested="144" timestamp="2019-07-02T19:00:21.385" intervalms="23.695" type="nursery" />
<cycle-start id="485" type="scavenge" contextid="0" timestamp="2019-07-02T19:00:21.385" intervalms="23.672" />
  <attribute name="GC Util" value="4" />
  <attribute name="CPU Util" value="851089403107" />
  <attribute name="Time Running"value="5372"/>
  <attribute name="Number of cores"value="4"/>
<gc-start id="486" type="scavenge" contextid="485" timestamp="2019-07-02T19:00:21.385">
  <mem-info id="487" free="1908056" total="8519680" percent="22">
    <mem type="nursery" free="0" total="2228224" percent="0">
      <mem type="allocate" free="0" total="1835008" percent="0" />
      <mem type="survivor" free="0" total="393216" percent="0" />
    </mem>
    <mem type="tenure" free="1908056" total="6291456" percent="30">
      <mem type="soa" free="1593688" total="5977088" percent="26" />
      <mem type="loa" free="314368" total="314368" percent="100" />
    </mem>
    <remembered-set count="959" />
  </mem-info>
</gc-start>
<allocation-stats totalBytes="1610488" >
  <allocated-bytes non-tlh="10888" tlh="1599600" />
  <largest-consumer threadName="main" threadId="0000000000D90700" bytes="1610488" />
</allocation-stats>
<gc-op id="488" type="scavenge" timems="0.695" contextid="485" timestamp="2019-07-02T19:00:21.386">
  <scavenger-info tenureage="3" tenuremask="ffe8" tiltratio="82" />
  <memory-copied type="nursery" objects="6043" bytes="215176" bytesdiscarded="58888" />
  <memory-copied type="tenure" objects="1199" bytes="41616" bytesdiscarded="64" />
  <references type="weak" candidates="190" cleared="0" enqueued="0" />
</gc-op>
<gc-end id="489" type="scavenge" contextid="485" durationms="0.876" usertimems="0.000" systemtimems="0.000" timestamp="2019-07-02T19:00:21.386" activeThreads="4">
  <mem-info id="490" free="3429720" total="8519680" percent="40">
    <mem type="nursery" free="1560832" total="2228224" percent="70">
      <mem type="allocate" free="1560832" total="1835008" percent="85" />
      <mem type="survivor" free="0" total="393216" percent="0" />
    </mem>
    <mem type="tenure" free="1868888" total="6291456" percent="29">
      <mem type="soa" free="1554520" total="5977088" percent="26" />
      <mem type="loa" free="314368" total="314368" percent="100" />
    </mem>
    <remembered-set count="805" />
  </mem-info>
</gc-end>
<cycle-end id="491" type="scavenge" contextid="485" timestamp="2019-07-02T19:00:21.386">
  <attribute name="GC Util" value="4" />
  <attribute name="CPU Util" value="779951417585" />
  <attribute name="Time Running"value="5396"/>
  <attribute name="Number of cores"value="4"/>
</cycle-end>
<allocation-satisfied id="492" threadId="0000000000D90700" bytesRequested="144" />
<af-end id="493" timestamp="2019-07-02T19:00:21.386" threadId="0000000000D91088" success="true" from="nursery"/>
<exclusive-end id="494" timestamp="2019-07-02T19:00:21.386" durationms="1.314" />

<exclusive-start id="495" timestamp="2019-07-02T19:00:21.403" intervalms="17.777">
  <response-info timems="0.010" idlems="0.010" threads="0" lastid="0000000000D90700" lastname="main" />
</exclusive-start>
<af-start id="496" threadId="0000000000D91088" totalBytesRequested="11552" timestamp="2019-07-02T19:00:21.403" intervalms="17.776" type="nursery" />
<cycle-start id="497" type="scavenge" contextid="0" timestamp="2019-07-02T19:00:21.403" intervalms="17.772" />
  <attribute name="GC Util" value="4" />
  <attribute name="CPU Util" value="779951417585" />
  <attribute name="Time Running"value="5396"/>
  <attribute name="Number of cores"value="4"/>
<gc-start id="498" type="scavenge" contextid="497" timestamp="2019-07-02T19:00:21.403">
  <mem-info id="499" free="1863712" total="8519680" percent="21">
    <mem type="nursery" free="0" total="2228224" percent="0">
      <mem type="allocate" free="0" total="1835008" percent="0" />
      <mem type="survivor" free="0" total="393216" percent="0" />
    </mem>
    <mem type="tenure" free="1863712" total="6291456" percent="29">
      <mem type="soa" free="1549344" total="5977088" percent="25" />
      <mem type="loa" free="314368" total="314368" percent="100" />
    </mem>
    <remembered-set count="1072" />
  </mem-info>
</gc-start>
<allocation-stats totalBytes="1560200" >
  <allocated-bytes non-tlh="5320" tlh="1554880" />
  <largest-consumer threadName="main" threadId="0000000000D90700" bytes="1560200" />
</allocation-stats>
<gc-op id="500" type="scavenge" timems="0.713" contextid="497" timestamp="2019-07-02T19:00:21.404">
  <scavenger-info tenureage="3" tenuremask="ffe8" tiltratio="82" />
  <memory-copied type="nursery" objects="6084" bytes="220568" bytesdiscarded="53504" />
  <memory-copied type="tenure" objects="1953" bytes="70200" bytesdiscarded="32" />
  <references type="weak" candidates="182" cleared="0" enqueued="0" />
</gc-op>
<gc-end id="501" type="scavenge" contextid="497" durationms="0.891" usertimems="0.000" systemtimems="0.000" timestamp="2019-07-02T19:00:21.404" activeThreads="4">
  <mem-info id="502" free="3346208" total="8519680" percent="39">
    <mem type="nursery" free="1560832" total="2228224" percent="70">
      <mem type="allocate" free="1560832" total="1835008" percent="85" />
      <mem type="survivor" free="0" total="393216" percent="0" />
    </mem>
    <mem type="tenure" free="1785376" total="6291456" percent="28">
      <mem type="soa" free="1471008" total="5977088" percent="24" />
      <mem type="loa" free="314368" total="314368" percent="100" />
    </mem>
    <remembered-set count="801" />
  </mem-info>
</gc-end>
<cycle-end id="503" type="scavenge" contextid="497" timestamp="2019-07-02T19:00:21.404">
  <attribute name="GC Util" value="6" />
  <attribute name="CPU Util" value="1037584108849" />
  <attribute name="Time Running"value="5414"/>
  <attribute name="Number of cores"value="4"/>
</cycle-end>
<allocation-satisfied id="504" threadId="0000000000D90700" bytesRequested="11552" />
<af-end id="505" timestamp="2019-07-02T19:00:21.404" threadId="0000000000D91088" success="true" from="nursery"/>
<exclusive-end id="506" timestamp="2019-07-02T19:00:21.404" durationms="1.314" />

<exclusive-start id="507" timestamp="2019-07-02T19:00:21.426" intervalms="23.311">
  <response-info timems="0.011" idlems="0.011" threads="0" lastid="0000000000D90700" lastname="main" />
</exclusive-start>
<af-start id="508" threadId="0000000000D91088" totalBytesRequested="56" timestamp="2019-07-02T19:00:21.426" intervalms="23.402" type="nursery" />
<cycle-start id="509" type="scavenge" contextid="0" timestamp="2019-07-02T19:00:21.426" intervalms="23.497" />
  <attribute name="GC Util" value="6" />
  <attribute name="CPU Util" value="1037584108849" />
  <attribute name="Time Running"value="5414"/>
  <attribute name="Number of cores"value="4"/>
<gc-start id="510" type="scavenge" contextid="509" timestamp="2019-07-02T19:00:21.426">
  <mem-info id="511" free="1771752" total="8519680" percent="20">
    <mem type="nursery" free="0" total="2228224" percent="0">
      <mem type="allocate" free="0" total="1835008" percent="0" />
      <mem type="survivor" free="0" total="393216" percent="0" />
    </mem>
    <mem type="tenure" free="1771752" total="6291456" percent="28">
      <mem type="soa" free="1457384" total="5977088" percent="24" />
      <mem type="loa" free="314368" total="314368" percent="100" />
    </mem>
    <remembered-set count="1026" />
  </mem-info>
</gc-start>
<allocation-stats totalBytes="1572856" >
  <allocated-bytes non-tlh="139048" tlh="1433808" />
  <largest-consumer threadName="main" threadId="0000000000D90700" bytes="1572856" />
</allocation-stats>
<gc-op id="512" type="scavenge" timems="0.698" contextid="509" timestamp="2019-07-02T19:00:21.427">
  <scavenger-info tenureage="3" tenuremask="ffe8" tiltratio="82" />
  <memory-copied type="nursery" objects="6422" bytes="254856" bytesdiscarded="41512" />
  <memory-copied type="tenure" objects="1903" bytes="69072" bytesdiscarded="32" />
  <references type="soft" candidates="2" cleared="0" enqueued="0" dynamicThreshold="32" maxThreshold="32" />
  <references type="weak" candidates="139" cleared="5" enqueued="5" />
</gc-op>
<gc-end id="513" type="scavenge" contextid="509" durationms="1.114" usertimems="0.000" systemtimems="0.000" timestamp="2019-07-02T19:00:21.428" activeThreads="4">
  <mem-info id="514" free="3236072" total="8519680" percent="37">
    <mem type="nursery" free="1604096" total="2228224" percent="71">
      <mem type="allocate" free="1604096" total="1900544" percent="84" />
      <mem type="survivor" free="0" total="327680" percent="0" />
    </mem>
    <mem type="tenure" free="1631976" total="6291456" percent="25">
      <mem type="soa" free="1317608" total="5977088" percent="22" />
      <mem type="loa" free="314368" total="314368" percent="100" />
    </mem>
    <pending-finalizers system="0" default="0" reference="5" classloader="0" />
    <remembered-set count="734" />
  </mem-info>
</gc-end>
<cycle-end id="515" type="scavenge" contextid="509" timestamp="2019-07-02T19:00:21.428">
  <attribute name="GC Util" value="4" />
  <attribute name="CPU Util" value="776511784689" />
  <attribute name="Time Running"value="5437"/>
  <attribute name="Number of cores"value="4"/>
</cycle-end>
<allocation-satisfied id="516" threadId="0000000000D90700" bytesRequested="56" />
<af-end id="517" timestamp="2019-07-02T19:00:21.428" threadId="0000000000D91088" success="true" from="nursery"/>
<exclusive-end id="518" timestamp="2019-07-02T19:00:21.428" durationms="2.003" />

<exclusive-start id="519" timestamp="2019-07-02T19:00:21.441" intervalms="14.910">
  <response-info timems="0.024" idlems="0.024" threads="0" lastid="0000000000D90700" lastname="main" />
</exclusive-start>
<af-start id="520" threadId="0000000000D91088" totalBytesRequested="312" timestamp="2019-07-02T19:00:21.441" intervalms="14.902" type="nursery" />
<cycle-start id="521" type="scavenge" contextid="0" timestamp="2019-07-02T19:00:21.441" intervalms="14.891" />
  <attribute name="GC Util" value="4" />
  <attribute name="CPU Util" value="776511784689" />
  <attribute name="Time Running"value="5437"/>
  <attribute name="Number of cores"value="4"/>
<gc-start id="522" type="scavenge" contextid="521" timestamp="2019-07-02T19:00:21.441">
  <mem-info id="523" free="1631312" total="8519680" percent="19">
    <mem type="nursery" free="0" total="2228224" percent="0">
      <mem type="allocate" free="0" total="1900544" percent="0" />
      <mem type="survivor" free="0" total="327680" percent="0" />
    </mem>
    <mem type="tenure" free="1631312" total="6291456" percent="25">
      <mem type="soa" free="1316944" total="5977088" percent="22" />
      <mem type="loa" free="314368" total="314368" percent="100" />
    </mem>
    <remembered-set count="774" />
  </mem-info>
</gc-start>
<allocation-stats totalBytes="1604120" >
  <allocated-bytes non-tlh="720" tlh="1603400" />
  <largest-consumer threadName="main" threadId="0000000000D90700" bytes="1604120" />
</allocation-stats>
<gc-op id="524" type="scavenge" timems="0.615" contextid="521" timestamp="2019-07-02T19:00:21.442">
  <scavenger-info tenureage="5" tenuremask="ffe0" tiltratio="85" />
  <memory-copied type="nursery" objects="7035" bytes="327520" bytesdiscarded="88" />
  <memory-copied type="tenure" objects="2021" bytes="82344" bytesdiscarded="24" />
  <copy-failed type="nursery" objects="2021" bytes="82344" />
  <references type="soft" candidates="2" cleared="0" enqueued="0" dynamicThreshold="32" maxThreshold="32" />
  <references type="weak" candidates="134" cleared="0" enqueued="0" />
</gc-op>
<heap-resize id="525" type="expand" space="nursery" amount="131072" count="1" timems="0.012" reason="excessive time being spent scavenging" timestamp="2019-07-02T19:00:21.442" />
<gc-end id="526" type="scavenge" contextid="521" durationms="1.127" usertimems="4.000" systemtimems="0.000" timestamp="2019-07-02T19:00:21.442" activeThreads="4">
  <mem-info id="527" free="2872144" total="8650752" percent="33">
    <mem type="nursery" free="1310720" total="2359296" percent="55">
      <mem type="allocate" free="1310720" total="1638400" percent="80" />
      <mem type="survivor" free="0" total="720896" percent="0" />
    </mem>
    <mem type="tenure" free="1561424" total="6291456" percent="24">
      <mem type="soa" free="1247056" total="5977088" percent="20" />
      <mem type="loa" free="314368" total="314368" percent="100" />
    </mem>
    <remembered-set count="1302" />
  </mem-info>
</gc-end>
<cycle-end id="528" type="scavenge" contextid="521" timestamp="2019-07-02T19:00:21.443">
  <attribute name="GC Util" value="8" />
  <attribute name="CPU Util" value="1238372038847" />
  <attribute name="Time Running"value="5452"/>
  <attribute name="Number of cores"value="4"/>
</cycle-end>
<allocation-satisfied id="529" threadId="0000000000D90700" bytesRequested="312" />
<af-end id="530" timestamp="2019-07-02T19:00:21.443" threadId="0000000000D91088" success="true" from="nursery"/>
<exclusive-end id="531" timestamp="2019-07-02T19:00:21.443" durationms="1.869" />

<exclusive-start id="532" timestamp="2019-07-02T19:00:21.458" intervalms="16.650">
  <response-info timems="0.037" idlems="0.037" threads="0" lastid="0000000000D90700" lastname="main" />
</exclusive-start>
<af-start id="533" threadId="0000000000D91088" totalBytesRequested="8200" timestamp="2019-07-02T19:00:21.458" intervalms="16.571" type="nursery" />
<cycle-start id="534" type="scavenge" contextid="0" timestamp="2019-07-02T19:00:21.458" intervalms="16.567" />
  <attribute name="GC Util" value="8" />
  <attribute name="CPU Util" value="1238372038847" />
  <attribute name="Time Running"value="5452"/>
  <attribute name="Number of cores"value="4"/>
<gc-start id="535" type="scavenge" contextid="534" timestamp="2019-07-02T19:00:21.458">
  <mem-info id="536" free="1544976" total="8650752" percent="17">
    <mem type="nursery" free="0" total="2359296" percent="0">
      <mem type="allocate" free="0" total="1638400" percent="0" />
      <mem type="survivor" free="0" total="720896" percent="0" />
    </mem>
    <mem type="tenure" free="1544976" total="6291456" percent="24">
      <mem type="soa" free="1230608" total="5977088" percent="20" />
      <mem type="loa" free="314368" total="314368" percent="100" />
    </mem>
    <remembered-set count="1579" />
  </mem-info>
</gc-start>
<allocation-stats totalBytes="1291328" >
  <allocated-bytes non-tlh="216768" tlh="1074560" />
  <largest-consumer threadName="main" threadId="0000000000D90700" bytes="1291328" />
</allocation-stats>
<gc-op id="537" type="scavenge" timems="0.819" contextid="534" timestamp="2019-07-02T19:00:21.459">
  <scavenger-info tenureage="5" tenuremask="ffe0" tiltratio="69" />
  <memory-copied type="nursery" objects="8093" bytes="719720" bytesdiscarded="1032" />
  <memory-copied type="tenure" objects="1026" bytes="38984" bytesdiscarded="0" />
  <copy-failed type="nursery" objects="1026" bytes="38984" />
  <references type="soft" candidates="73" cleared="0" enqueued="0" dynamicThreshold="32" maxThreshold="32" />
  <references type="weak" candidates="142" cleared="0" enqueued="0" />
  <references type="phantom" candidates="1" cleared="0" enqueued="0" />
</gc-op>
<gc-end id="538" type="scavenge" contextid="534" durationms="1.222" usertimems="0.000" systemtimems="0.000" timestamp="2019-07-02T19:00:21.459" activeThreads="4">
  <mem-info id="539" free="2003728" total="8650752" percent="23">
    <mem type="nursery" free="458752" total="2359296" percent="19">
      <mem type="allocate" free="458752" total="1179648" percent="38" />
      <mem type="survivor" free="0" total="1179648" percent="0" />
    </mem>
    <mem type="tenure" free="1544976" total="6291456" percent="24">
      <mem type="soa" free="1230608" total="5977088" percent="20" />
      <mem type="loa" free="314368" total="314368" percent="100" />
    </mem>
    <remembered-set count="1611" />
  </mem-info>
</gc-end>
<cycle-end id="540" type="scavenge" contextid="534" timestamp="2019-07-02T19:00:21.459">
  <attribute name="GC Util" value="7" />
  <attribute name="CPU Util" value="1117110773166" />
  <attribute name="Time Running"value="5469"/>
  <attribute name="Number of cores"value="4"/>
</cycle-end>
<allocation-satisfied id="541" threadId="0000000000D90700" bytesRequested="8200" />
<af-end id="542" timestamp="2019-07-02T19:00:21.459" threadId="0000000000D91088" success="true" from="nursery"/>
<exclusive-end id="543" timestamp="2019-07-02T19:00:21.459" durationms="1.830" />

<exclusive-start id="544" timestamp="2019-07-02T19:00:21.474" intervalms="16.091">
  <response-info timems="0.065" idlems="0.065" threads="0" lastid="0000000000D90700" lastname="main" />
</exclusive-start>
<af-start id="545" threadId="0000000000D91088" totalBytesRequested="48" timestamp="2019-07-02T19:00:21.474" intervalms="16.169" type="nursery" />
<cycle-start id="546" type="scavenge" contextid="0" timestamp="2019-07-02T19:00:21.474" intervalms="16.183" />
  <attribute name="GC Util" value="7" />
  <attribute name="CPU Util" value="1117110773166" />
  <attribute name="Time Running"value="5469"/>
  <attribute name="Number of cores"value="4"/>
<gc-start id="547" type="scavenge" contextid="546" timestamp="2019-07-02T19:00:21.474">
  <mem-info id="548" free="1544904" total="8650752" percent="17">
    <mem type="nursery" free="0" total="2359296" percent="0">
      <mem type="allocate" free="0" total="1179648" percent="0" />
      <mem type="survivor" free="0" total="1179648" percent="0" />
    </mem>
    <mem type="tenure" free="1544904" total="6291456" percent="24">
      <mem type="soa" free="1230536" total="5977088" percent="20" />
      <mem type="loa" free="314368" total="314368" percent="100" />
    </mem>
    <remembered-set count="1613" />
  </mem-info>
</gc-start>
<allocation-stats totalBytes="458736" >
  <allocated-bytes non-tlh="8272" tlh="450464" />
  <largest-consumer threadName="main" threadId="0000000000D90700" bytes="458736" />
</allocation-stats>
<gc-op id="549" type="scavenge" timems="0.929" contextid="546" timestamp="2019-07-02T19:00:21.475">
  <scavenger-info tenureage="3" tenuremask="fff8" tiltratio="50" />
  <memory-copied type="nursery" objects="7814" bytes="765896" bytesdiscarded="35280" />
  <memory-copied type="tenure" objects="4969" bytes="190720" bytesdiscarded="40" />
  <references type="soft" candidates="71" cleared="0" enqueued="0" dynamicThreshold="32" maxThreshold="32" />
  <references type="weak" candidates="8" cleared="0" enqueued="0" />
  <references type="phantom" candidates="1" cleared="0" enqueued="0" />
</gc-op>
<heap-resize id="550" type="expand" space="nursery" amount="131072" count="1" timems="0.013" reason="excessive time being spent scavenging" timestamp="2019-07-02T19:00:21.475" />
<gc-end id="551" type="scavenge" contextid="546" durationms="1.466" usertimems="4.000" systemtimems="0.000" timestamp="2019-07-02T19:00:21.476" activeThreads="4">
  <mem-info id="552" free="2014944" total="8781824" percent="22">
    <mem type="nursery" free="640536" total="2490368" percent="25">
      <mem type="allocate" free="640536" total="1441792" percent="44" />
      <mem type="survivor" free="0" total="1048576" percent="0" />
    </mem>
    <mem type="tenure" free="1374408" total="6291456" percent="21">
      <mem type="soa" free="1060040" total="5977088" percent="17" />
      <mem type="loa" free="314368" total="314368" percent="100" />
    </mem>
    <remembered-set count="826" />
  </mem-info>
</gc-end>
<cycle-end id="553" type="scavenge" contextid="546" timestamp="2019-07-02T19:00:21.476">
  <attribute name="GC Util" value="8" />
  <attribute name="CPU Util" value="1139388488849" />
  <attribute name="Time Running"value="5485"/>
  <attribute name="Number of cores"value="4"/>
</cycle-end>
<allocation-satisfied id="554" threadId="0000000000D90700" bytesRequested="48" />
<af-end id="555" timestamp="2019-07-02T19:00:21.476" threadId="0000000000D91088" success="true" from="nursery"/>
<exclusive-end id="556" timestamp="2019-07-02T19:00:21.476" durationms="2.179" />

<exclusive-start id="557" timestamp="2019-07-02T19:00:21.486" intervalms="12.678">
  <response-info timems="0.009" idlems="0.009" threads="0" lastid="0000000000D90700" lastname="main" />
</exclusive-start>
<af-start id="558" threadId="0000000000D91088" totalBytesRequested="888" timestamp="2019-07-02T19:00:21.486" intervalms="12.592" type="nursery" />
<cycle-start id="559" type="scavenge" contextid="0" timestamp="2019-07-02T19:00:21.486" intervalms="12.497" />
  <attribute name="GC Util" value="8" />
  <attribute name="CPU Util" value="1139388488849" />
  <attribute name="Time Running"value="5485"/>
  <attribute name="Number of cores"value="4"/>
<gc-start id="560" type="scavenge" contextid="559" timestamp="2019-07-02T19:00:21.487">
  <mem-info id="561" free="1370400" total="8781824" percent="15">
    <mem type="nursery" free="0" total="2490368" percent="0">
      <mem type="allocate" free="0" total="1441792" percent="0" />
      <mem type="survivor" free="0" total="1048576" percent="0" />
    </mem>
    <mem type="tenure" free="1370400" total="6291456" percent="21">
      <mem type="soa" free="1056032" total="5977088" percent="17" />
      <mem type="loa" free="314368" total="314368" percent="100" />
    </mem>
    <remembered-set count="890" />
  </mem-info>
</gc-start>
<allocation-stats totalBytes="643528" >
  <allocated-bytes non-tlh="4056" tlh="639472" />
  <largest-consumer threadName="main" threadId="0000000000D90700" bytes="643528" />
</allocation-stats>
<gc-op id="562" type="scavenge" timems="0.736" contextid="559" timestamp="2019-07-02T19:00:21.487">
  <scavenger-info tenureage="3" tenuremask="7008" tiltratio="57" />
  <memory-copied type="nursery" objects="7309" bytes="714448" bytesdiscarded="124112" />
  <memory-copied type="tenure" objects="1313" bytes="103408" bytesdiscarded="0" />
  <references type="soft" candidates="71" cleared="0" enqueued="0" dynamicThreshold="32" maxThreshold="32" />
  <references type="weak" candidates="33" cleared="0" enqueued="0" />
  <references type="phantom" candidates="2" cleared="0" enqueued="0" />
</gc-op>
<gc-end id="563" type="scavenge" contextid="559" durationms="0.922" usertimems="4.000" systemtimems="0.000" timestamp="2019-07-02T19:00:21.487" activeThreads="4">
  <mem-info id="564" free="1956888" total="8781824" percent="22">
    <mem type="nursery" free="734208" total="2490368" percent="29">
      <mem type="allocate" free="734208" total="1572864" percent="46" />
      <mem type="survivor" free="0" total="917504" percent="0" />
    </mem>
    <mem type="tenure" free="1222680" total="6291456" percent="19">
      <mem type="soa" free="908312" total="5977088" percent="15" />
      <mem type="loa" free="314368" total="314368" percent="100" />
    </mem>
    <remembered-set count="433" />
  </mem-info>
</gc-end>
<cycle-end id="565" type="scavenge" contextid="559" timestamp="2019-07-02T19:00:21.488">
  <attribute name="GC Util" value="14" />
  <attribute name="CPU Util" value="1504387885008" />
  <attribute name="Time Running"value="5497"/>
  <attribute name="Number of cores"value="4"/>
</cycle-end>
<allocation-satisfied id="566" threadId="0000000000D90700" bytesRequested="888" />
<af-end id="567" timestamp="2019-07-02T19:00:21.488" threadId="0000000000D91088" success="true" from="nursery"/>
<exclusive-end id="568" timestamp="2019-07-02T19:00:21.488" durationms="1.323" />

<exclusive-start id="569" timestamp="2019-07-02T19:00:21.493" intervalms="6.515">
  <response-info timems="0.047" idlems="0.047" threads="0" lastid="0000000000D90700" lastname="main" />
</exclusive-start>
<af-start id="570" threadId="0000000000D91088" totalBytesRequested="40" timestamp="2019-07-02T19:00:21.493" intervalms="6.566" type="nursery" />
<cycle-start id="571" type="scavenge" contextid="0" timestamp="2019-07-02T19:00:21.493" intervalms="6.625" />
  <attribute name="GC Util" value="14" />
  <attribute name="CPU Util" value="1504387885008" />
  <attribute name="Time Running"value="5497"/>
  <attribute name="Number of cores"value="4"/>
<gc-start id="572" type="scavenge" contextid="571" timestamp="2019-07-02T19:00:21.493">
  <mem-info id="573" free="1221424" total="8781824" percent="13">
    <mem type="nursery" free="0" total="2490368" percent="0">
      <mem type="allocate" free="0" total="1572864" percent="0" />
      <mem type="survivor" free="0" total="917504" percent="0" />
    </mem>
    <mem type="tenure" free="1221424" total="6291456" percent="19">
      <mem type="soa" free="907056" total="5977088" percent="15" />
      <mem type="loa" free="314368" total="314368" percent="100" />
    </mem>
    <remembered-set count="458" />
  </mem-info>
</gc-start>
<allocation-stats totalBytes="735320" >
  <allocated-bytes non-tlh="2144" tlh="733176" />
  <largest-consumer threadName="main" threadId="0000000000D90700" bytes="735320" />
</allocation-stats>
<gc-op id="574" type="scavenge" timems="0.757" contextid="571" timestamp="2019-07-02T19:00:21.494">
  <scavenger-info tenureage="3" tenuremask="7808" tiltratio="63" />
  <memory-copied type="nursery" objects="6750" bytes="363584" bytesdiscarded="78488" />
  <memory-copied type="tenure" objects="1801" bytes="392184" bytesdiscarded="400" />
  <references type="weak" candidates="38" cleared="0" enqueued="0" />
</gc-op>
<heap-resize id="575" type="expand" space="nursery" amount="262144" count="1" timems="0.012" reason="excessive time being spent scavenging" timestamp="2019-07-02T19:00:21.494" />
<gc-end id="576" type="scavenge" contextid="571" durationms="1.291" usertimems="0.000" systemtimems="0.000" timestamp="2019-07-02T19:00:21.495" activeThreads="4">
  <mem-info id="577" free="2108896" total="9043968" percent="23">
    <mem type="nursery" free="1261832" total="2752512" percent="45">
      <mem type="allocate" free="1261832" total="1703936" percent="74" />
      <mem type="survivor" free="0" total="1048576" percent="0" />
    </mem>
    <mem type="tenure" free="847064" total="6291456" percent="13">
      <mem type="soa" free="532696" total="5977088" percent="8" />
      <mem type="loa" free="314368" total="314368" percent="100" />
    </mem>
    <remembered-set count="157" />
  </mem-info>
</gc-end>
<cycle-end id="578" type="scavenge" contextid="571" timestamp="2019-07-02T19:00:21.495">
  <attribute name="GC Util" value="21" />
  <attribute name="CPU Util" value="2674341530968" />
  <attribute name="Time Running"value="5504"/>
  <attribute name="Number of cores"value="4"/>
</cycle-end>
<allocation-satisfied id="579" threadId="0000000000D90700" bytesRequested="40" />
<af-end id="580" timestamp="2019-07-02T19:00:21.495" threadId="0000000000D91088" success="true" from="nursery"/>
<exclusive-end id="581" timestamp="2019-07-02T19:00:21.495" durationms="1.964" />

<exclusive-start id="582" timestamp="2019-07-02T19:00:21.502" intervalms="8.998">
  <response-info timems="0.057" idlems="0.057" threads="0" lastid="0000000000D90700" lastname="main" />
</exclusive-start>
<af-start id="583" threadId="0000000000D91088" totalBytesRequested="5264" timestamp="2019-07-02T19:00:21.502" intervalms="8.986" type="nursery" />
<cycle-start id="584" type="scavenge" contextid="0" timestamp="2019-07-02T19:00:21.502" intervalms="9.021" />
  <attribute name="GC Util" value="21" />
  <attribute name="CPU Util" value="2674341530968" />
  <attribute name="Time Running"value="5504"/>
  <attribute name="Number of cores"value="4"/>
<gc-start id="585" type="scavenge" contextid="584" timestamp="2019-07-02T19:00:21.502">
  <mem-info id="586" free="847064" total="9043968" percent="9">
    <mem type="nursery" free="0" total="2752512" percent="0">
      <mem type="allocate" free="0" total="1703936" percent="0" />
      <mem type="survivor" free="0" total="1048576" percent="0" />
    </mem>
    <mem type="tenure" free="847064" total="6291456" percent="13">
      <mem type="soa" free="532696" total="5977088" percent="8" />
      <mem type="loa" free="314368" total="314368" percent="100" />
    </mem>
    <remembered-set count="157" />
  </mem-info>
</gc-start>
<allocation-stats totalBytes="1257800" >
  <allocated-bytes non-tlh="40" tlh="1257760" />
  <largest-consumer threadName="main" threadId="0000000000D90700" bytes="1257800" />
</allocation-stats>
<gc-op id="587" type="scavenge" timems="0.832" contextid="584" timestamp="2019-07-02T19:00:21.503">
  <scavenger-info tenureage="3" tenuremask="7808" tiltratio="61" />
  <memory-copied type="nursery" objects="3799" bytes="167312" bytesdiscarded="12120" />
  <memory-copied type="tenure" objects="4695" bytes="263400" bytesdiscarded="72" />
  <references type="weak" candidates="38" cleared="0" enqueued="0" />
</gc-op>
<heap-resize id="588" type="expand" space="nursery" amount="262144" count="1" timems="0.009" reason="excessive time being spent scavenging" timestamp="2019-07-02T19:00:21.503" />
<gc-end id="589" type="scavenge" contextid="584" durationms="1.326" usertimems="0.000" systemtimems="0.000" timestamp="2019-07-02T19:00:21.504" activeThreads="4">
  <mem-info id="590" free="2532328" total="9306112" percent="27">
    <mem type="nursery" free="1917704" total="3014656" percent="63">
      <mem type="allocate" free="1917704" total="2097152" percent="91" />
      <mem type="survivor" free="0" total="917504" percent="0" />
    </mem>
    <mem type="tenure" free="614624" total="6291456" percent="9">
      <mem type="soa" free="300256" total="5977088" percent="5" />
      <mem type="loa" free="314368" total="314368" percent="100" />
    </mem>
    <remembered-set count="450" />
  </mem-info>
</gc-end>
<cycle-end id="591" type="scavenge" contextid="584" timestamp="2019-07-02T19:00:21.504">
  <attribute name="GC Util" value="17" />
  <attribute name="CPU Util" value="2052165585833" />
  <attribute name="Time Running"value="5513"/>
  <attribute name="Number of cores"value="4"/>
</cycle-end>
<allocation-satisfied id="592" threadId="0000000000D90700" bytesRequested="5264" />
<af-end id="593" timestamp="2019-07-02T19:00:21.504" threadId="0000000000D91088" success="true" from="nursery"/>
<exclusive-end id="594" timestamp="2019-07-02T19:00:21.504" durationms="2.031" />

<concurrent-kickoff id="595" timestamp="2019-07-02T19:00:21.519">
  <kickoff reason="threshold reached" targetBytes="1867303" thresholdFreeBytes="258252"  remainingFree="238344" tenureFreeBytes="609864" nurseryFreeBytes="238344" />
</concurrent-kickoff>
<exclusive-start id="596" timestamp="2019-07-02T19:00:21.520" intervalms="17.911">
  <response-info timems="0.050" idlems="0.050" threads="0" lastid="0000000000D90700" lastname="main" />
</exclusive-start>
<cycle-start id="597" type="global" contextid="0" timestamp="2019-07-02T19:00:21.520" intervalms="5633.565" />
  <attribute name="GC Util" value="17" />
  <attribute name="CPU Util" value="2052165585833" />
  <attribute name="Time Running"value="5513"/>
  <attribute name="Number of cores"value="4"/>
<exclusive-end id="598" timestamp="2019-07-02T19:00:21.520" durationms="0.252" />

<exclusive-start id="599" timestamp="2019-07-02T19:00:21.522" intervalms="2.487">
  <response-info timems="0.048" idlems="0.048" threads="0" lastid="0000000000D90700" lastname="main" />
</exclusive-start>
<af-start id="600" threadId="0000000000D91088" totalBytesRequested="48" timestamp="2019-07-02T19:00:21.522" intervalms="20.405" type="nursery" />
<cycle-start id="601" type="scavenge" contextid="0" timestamp="2019-07-02T19:00:21.522" intervalms="20.348" />
  <attribute name="GC Util" value="17" />
  <attribute name="CPU Util" value="2052165585833" />
  <attribute name="Time Running"value="5513"/>
  <attribute name="Number of cores"value="4"/>
<gc-start id="602" type="scavenge" contextid="601" timestamp="2019-07-02T19:00:21.523">
  <mem-info id="603" free="609864" total="9306112" percent="6">
    <mem type="nursery" free="0" total="3014656" percent="0">
      <mem type="allocate" free="0" total="2097152" percent="0" />
      <mem type="survivor" free="0" total="917504" percent="0" />
    </mem>
    <mem type="tenure" free="609864" total="6291456" percent="9">
      <mem type="soa" free="295496" total="5977088" percent="4" />
      <mem type="loa" free="314368" total="314368" percent="100" />
    </mem>
    <remembered-set count="703" />
  </mem-info>
</gc-start>
<allocation-stats totalBytes="1922248" >
  <allocated-bytes non-tlh="10024" tlh="1912224" />
  <largest-consumer threadName="main" threadId="0000000000D90700" bytes="1922248" />
</allocation-stats>
<gc-op id="604" type="scavenge" timems="0.838" contextid="601" timestamp="2019-07-02T19:00:21.524">
  <scavenger-info tenureage="3" tenuremask="7008" tiltratio="69" />
  <memory-copied type="nursery" objects="5228" bytes="203912" bytesdiscarded="31056" />
  <memory-copied type="tenure" objects="655" bytes="52216" bytesdiscarded="8" />
  <references type="weak" candidates="52" cleared="0" enqueued="0" />
</gc-op>
<gc-end id="605" type="scavenge" contextid="601" durationms="1.195" usertimems="4.000" systemtimems="0.000" timestamp="2019-07-02T19:00:21.524" activeThreads="4">
  <mem-info id="606" free="2629448" total="9306112" percent="28">
    <mem type="nursery" free="2058752" total="3014656" percent="68">
      <mem type="allocate" free="2058752" total="2293760" percent="89" />
      <mem type="survivor" free="0" total="720896" percent="0" />
    </mem>
    <mem type="tenure" free="570696" total="6291456" percent="9">
      <mem type="soa" free="256328" total="5977088" percent="4" />
      <mem type="loa" free="314368" total="314368" percent="100" />
    </mem>
    <remembered-set count="643" />
  </mem-info>
</gc-end>
<cycle-end id="607" type="scavenge" contextid="601" timestamp="2019-07-02T19:00:21.524">
  <attribute name="GC Util" value="6" />
  <attribute name="CPU Util" value="907866269104" />
  <attribute name="Time Running"value="5533"/>
  <attribute name="Number of cores"value="4"/>
</cycle-end>
<allocation-satisfied id="608" threadId="0000000000D90700" bytesRequested="48" />
<af-end id="609" timestamp="2019-07-02T19:00:21.524" threadId="0000000000D91088" success="true" from="nursery"/>
<exclusive-end id="610" timestamp="2019-07-02T19:00:21.524" durationms="1.879" />

<exclusive-start id="611" timestamp="2019-07-02T19:00:21.537" intervalms="15.205">
  <response-info timems="0.117" idlems="0.117" threads="0" lastid="0000000000D90700" lastname="main" />
</exclusive-start>
<af-start id="612" threadId="0000000000D91088" totalBytesRequested="24" timestamp="2019-07-02T19:00:21.538" intervalms="15.249" type="nursery" />
<cycle-start id="613" type="scavenge" contextid="0" timestamp="2019-07-02T19:00:21.538" intervalms="15.311" />
  <attribute name="GC Util" value="6" />
  <attribute name="CPU Util" value="907866269104" />
  <attribute name="Time Running"value="5533"/>
  <attribute name="Number of cores"value="4"/>
<gc-start id="614" type="scavenge" contextid="613" timestamp="2019-07-02T19:00:21.538">
  <mem-info id="615" free="570696" total="9306112" percent="6">
    <mem type="nursery" free="0" total="3014656" percent="0">
      <mem type="allocate" free="0" total="2293760" percent="0" />
      <mem type="survivor" free="0" total="720896" percent="0" />
    </mem>
    <mem type="tenure" free="570696" total="6291456" percent="9">
      <mem type="soa" free="256328" total="5977088" percent="4" />
      <mem type="loa" free="314368" total="314368" percent="100" />
    </mem>
    <remembered-set count="955" />
  </mem-info>
</gc-start>
<allocation-stats totalBytes="2058496" >
  <allocated-bytes non-tlh="48" tlh="2058448" />
  <largest-consumer threadName="main" threadId="0000000000D90700" bytes="2058496" />
</allocation-stats>
<gc-op id="616" type="scavenge" timems="0.721" contextid="613" timestamp="2019-07-02T19:00:21.539">
  <scavenger-info tenureage="3" tenuremask="6008" tiltratio="76" />
  <memory-copied type="nursery" objects="7588" bytes="296184" bytesdiscarded="117752" />
  <memory-copied type="tenure" objects="1211" bytes="41472" bytesdiscarded="40" />
  <references type="weak" candidates="38" cleared="0" enqueued="0" />
</gc-op>
<gc-end id="617" type="scavenge" contextid="613" durationms="1.115" usertimems="4.000" systemtimems="0.000" timestamp="2019-07-02T19:00:21.539" activeThreads="4">
  <mem-info id="618" free="2437704" total="9306112" percent="26">
    <mem type="nursery" free="1945344" total="3014656" percent="64">
      <mem type="allocate" free="1945344" total="2359296" percent="82" />
      <mem type="survivor" free="0" total="655360" percent="0" />
    </mem>
    <mem type="tenure" free="492360" total="6291456" percent="7">
      <mem type="soa" free="177992" total="5977088" percent="2" />
      <mem type="loa" free="314368" total="314368" percent="100" />
    </mem>
    <remembered-set count="860" />
  </mem-info>
</gc-end>
<cycle-end id="619" type="scavenge" contextid="613" timestamp="2019-07-02T19:00:21.539">
  <attribute name="GC Util" value="7" />
  <attribute name="CPU Util" value="1199700839347" />
  <attribute name="Time Running"value="5549"/>
  <attribute name="Number of cores"value="4"/>
</cycle-end>
<concurrent-collection-start id="620" timestamp="2019-07-02T19:00:21.539" intervalms="5652.845" >
  <concurrent-trace-info reason="card cleaning threshold reached" tracedByMutators="451992" tracedByHelpers="1549144" cardsCleaned="115" workStackOverflowCount="0" />
</concurrent-collection-start>
<gc-start id="621" type="global" contextid="597" timestamp="2019-07-02T19:00:21.539">
  <mem-info id="622" free="2437680" total="9306112" percent="26">
    <mem type="nursery" free="1945320" total="3014656" percent="64">
      <mem type="allocate" free="1945320" total="2359296" percent="82" />
      <mem type="survivor" free="0" total="655360" percent="0" />
    </mem>
    <mem type="tenure" free="492360" total="6291456" percent="7">
      <mem type="soa" free="177992" total="5977088" percent="2" />
      <mem type="loa" free="314368" total="314368" percent="100" />
    </mem>
    <remembered-set count="860" />
  </mem-info>
</gc-start>
<allocation-stats totalBytes="24" >
  <allocated-bytes non-tlh="24" tlh="0" />
  <largest-consumer threadName="main" threadId="0000000000D90700" bytes="24" />
</allocation-stats>
<gc-op id="623" type="rs-scan" timems="0.309" contextid="597" timestamp="2019-07-02T19:00:21.540">
  <scan objectsFound="726" bytesTraced="56904" workStackOverflowCount="0" />
</gc-op>
<gc-op id="624" type="card-cleaning" timems="0.175" contextid="597" timestamp="2019-07-02T19:00:21.540">
  <card-cleaning cardsCleaned="60" bytesTraced="34384" workStackOverflowCount="0" />
</gc-op>
<gc-op id="625" type="mark" timems="2.164" contextid="597" timestamp="2019-07-02T19:00:21.542">
  <trace-info objectcount="7719" scancount="7530" scanbytes="296964" />
  <finalization candidates="80" enqueued="0" />
  <ownableSynchronizers candidates="21" cleared="0" />
  <references type="soft" candidates="1095" cleared="0" enqueued="0" dynamicThreshold="32" maxThreshold="32" />
  <references type="weak" candidates="3940" cleared="179" enqueued="104" />
  <references type="phantom" candidates="73" cleared="0" enqueued="0" />
  <stringconstants candidates="7828" cleared="0"  />
</gc-op>
<gc-op id="626" type="classunload" timems="0.135" contextid="597" timestamp="2019-07-02T19:00:21.543">
  <classunload-info classloadercandidates="12" classloadersunloaded="0" classesunloaded="0" anonymousclassesunloaded="0" quiescems="0.000" setupms="0.135" scanms="0.000" postms="0.000" />
</gc-op>
<gc-op id="627" type="sweep" timems="0.706" contextid="597" timestamp="2019-07-02T19:00:21.544" />
<heap-resize id="628" type="expand" space="tenure" amount="1048576" count="1" timems="0.015" reason="insufficient free space following gc" timestamp="2019-07-02T19:00:21.544" />
<gc-end id="629" type="global" contextid="597" durationms="4.453" usertimems="4.000" systemtimems="0.000" timestamp="2019-07-02T19:00:21.544" activeThreads="4">
  <mem-info id="630" free="4855952" total="10354688" percent="46">
    <mem type="nursery" free="2062416" total="3014656" percent="68">
      <mem type="allocate" free="2062416" total="2359296" percent="87" />
      <mem type="survivor" free="0" total="655360" percent="0" />
    </mem>
    <mem type="tenure" free="2793536" total="7340032" percent="38" micro-fragmented="43552" macro-fragmented="0">
      <mem type="soa" free="2426944" total="6973440" percent="34" />
      <mem type="loa" free="366592" total="366592" percent="100" />
    </mem>
    <pending-finalizers system="0" default="0" reference="104" classloader="0" />
    <remembered-set count="860" />
  </mem-info>
</gc-end>
<cycle-end id="631" type="global" contextid="597" timestamp="2019-07-02T19:00:21.544">
  <attribute name="GC Util" value="27" />
  <attribute name="CPU Util" value="7245174850715" />
  <attribute name="Time Running"value="5553"/>
  <attribute name="Number of cores"value="4"/>
</cycle-end>
<concurrent-collection-end id="632" timestamp="2019-07-02T19:00:21.544" />
<allocation-satisfied id="633" threadId="0000000000D90700" bytesRequested="24" />
<af-end id="634" timestamp="2019-07-02T19:00:21.544" threadId="0000000000D91088" success="true" from="nursery"/>
<exclusive-end id="635" timestamp="2019-07-02T19:00:21.544" durationms="6.705" />

<exclusive-start id="636" timestamp="2019-07-02T19:00:21.557" intervalms="19.974">
  <response-info timems="0.023" idlems="0.023" threads="0" lastid="0000000000D90700" lastname="main" />
</exclusive-start>
<af-start id="637" threadId="0000000000D91088" totalBytesRequested="32" timestamp="2019-07-02T19:00:21.558" intervalms="19.982" type="nursery" />
<cycle-start id="638" type="scavenge" contextid="0" timestamp="2019-07-02T19:00:21.558" intervalms="19.980" />
  <attribute name="GC Util" value="27" />
  <attribute name="CPU Util" value="7245174850715" />
  <attribute name="Time Running"value="5553"/>
  <attribute name="Number of cores"value="4"/>
<gc-start id="639" type="scavenge" contextid="638" timestamp="2019-07-02T19:00:21.558">
  <mem-info id="640" free="2791656" total="10354688" percent="26">
    <mem type="nursery" free="0" total="3014656" percent="0">
      <mem type="allocate" free="0" total="2359296" percent="0" />
      <mem type="survivor" free="0" total="655360" percent="0" />
    </mem>
    <mem type="tenure" free="2791656" total="7340032" percent="38">
      <mem type="soa" free="2425064" total="6973440" percent="34" />
      <mem type="loa" free="366592" total="366592" percent="100" />
    </mem>
    <remembered-set count="1299" />
  </mem-info>
</gc-start>
<allocation-stats totalBytes="2063904" >
  <allocated-bytes non-tlh="1880" tlh="2062024" />
  <largest-consumer threadName="main" threadId="0000000000D90700" bytes="2059808" />
</allocation-stats>
<gc-op id="641" type="scavenge" timems="0.924" contextid="638" timestamp="2019-07-02T19:00:21.559">
  <scavenger-info tenureage="3" tenuremask="6008" tiltratio="78" />
  <memory-copied type="nursery" objects="8737" bytes="346648" bytesdiscarded="24904" />
  <memory-copied type="tenure" objects="1836" bytes="70408" bytesdiscarded="728" />
  <ownableSynchronizers candidates="42" cleared="42" />
  <references type="weak" candidates="54" cleared="0" enqueued="0" />
</gc-op>
<gc-end id="642" type="scavenge" contextid="638" durationms="1.361" usertimems="0.000" systemtimems="0.000" timestamp="2019-07-02T19:00:21.559" activeThreads="4">
  <mem-info id="643" free="4768560" total="10354688" percent="46">
    <mem type="nursery" free="2053248" total="3014656" percent="68">
      <mem type="allocate" free="2053248" total="2424832" percent="84" />
      <mem type="survivor" free="0" total="589824" percent="0" />
    </mem>
    <mem type="tenure" free="2715312" total="7340032" percent="36">
      <mem type="soa" free="2348720" total="6973440" percent="33" />
      <mem type="loa" free="366592" total="366592" percent="100" />
    </mem>
    <remembered-set count="1029" />
  </mem-info>
</gc-end>
<cycle-end id="644" type="scavenge" contextid="638" timestamp="2019-07-02T19:00:21.559">
  <attribute name="GC Util" value="17" />
  <attribute name="CPU Util" value="1199369720381" />
  <attribute name="Time Running"value="5569"/>
  <attribute name="Number of cores"value="4"/>
</cycle-end>
<allocation-satisfied id="645" threadId="0000000000D90700" bytesRequested="32" />
<af-end id="646" timestamp="2019-07-02T19:00:21.560" threadId="0000000000D91088" success="true" from="nursery"/>
<exclusive-end id="647" timestamp="2019-07-02T19:00:21.560" durationms="2.148" />

<exclusive-start id="648" timestamp="2019-07-02T19:00:21.574" intervalms="16.871">
  <response-info timems="0.073" idlems="0.073" threads="0" lastid="0000000000D90700" lastname="main" />
</exclusive-start>
<af-start id="649" threadId="0000000000D91088" totalBytesRequested="64" timestamp="2019-07-02T19:00:21.574" intervalms="16.896" type="nursery" />
<cycle-start id="650" type="scavenge" contextid="0" timestamp="2019-07-02T19:00:21.575" intervalms="16.878" />
  <attribute name="GC Util" value="17" />
  <attribute name="CPU Util" value="1199369720381" />
  <attribute name="Time Running"value="5569"/>
  <attribute name="Number of cores"value="4"/>
<gc-start id="651" type="scavenge" contextid="650" timestamp="2019-07-02T19:00:21.575">
  <mem-info id="652" free="2715024" total="10354688" percent="26">
    <mem type="nursery" free="0" total="3014656" percent="0">
      <mem type="allocate" free="0" total="2424832" percent="0" />
      <mem type="survivor" free="0" total="589824" percent="0" />
    </mem>
    <mem type="tenure" free="2715024" total="7340032" percent="36">
      <mem type="soa" free="2348432" total="6973440" percent="33" />
      <mem type="loa" free="366592" total="366592" percent="100" />
    </mem>
    <remembered-set count="1147" />
  </mem-info>
</gc-start>
<allocation-stats totalBytes="2053000" >
  <allocated-bytes non-tlh="320" tlh="2052680" />
  <largest-consumer threadName="main" threadId="0000000000D90700" bytes="2053000" />
</allocation-stats>
<gc-op id="653" type="scavenge" timems="1.166" contextid="650" timestamp="2019-07-02T19:00:21.576">
  <scavenger-info tenureage="3" tenuremask="6008" tiltratio="80" />
  <memory-copied type="nursery" objects="12684" bytes="544936" bytesdiscarded="44880" />
  <memory-copied type="tenure" objects="2803" bytes="120320" bytesdiscarded="472" />
  <copy-failed type="nursery" objects="796" bytes="32800" />
  <references type="weak" candidates="16" cleared="0" enqueued="0" />
</gc-op>
<heap-resize id="654" type="expand" space="nursery" amount="131072" count="1" timems="0.014" reason="excessive time being spent scavenging" timestamp="2019-07-02T19:00:21.576" />
<gc-end id="655" type="scavenge" contextid="650" durationms="1.681" usertimems="4.000" systemtimems="0.000" timestamp="2019-07-02T19:00:21.576" activeThreads="4">
  <mem-info id="656" free="4034192" total="10485760" percent="38">
    <mem type="nursery" free="1572864" total="3145728" percent="50">
      <mem type="allocate" free="1572864" total="2162688" percent="72" />
      <mem type="survivor" free="0" total="983040" percent="0" />
    </mem>
    <mem type="tenure" free="2461328" total="7340032" percent="33">
      <mem type="soa" free="2094736" total="6973440" percent="30" />
      <mem type="loa" free="366592" total="366592" percent="100" />
    </mem>
    <remembered-set count="1181" />
  </mem-info>
</gc-end>
<cycle-end id="657" type="scavenge" contextid="650" timestamp="2019-07-02T19:00:21.577">
  <attribute name="GC Util" value="8" />
  <attribute name="CPU Util" value="1099454614207" />
  <attribute name="Time Running"value="5586"/>
  <attribute name="Number of cores"value="4"/>
</cycle-end>
<allocation-satisfied id="658" threadId="0000000000D90700" bytesRequested="64" />
<af-end id="659" timestamp="2019-07-02T19:00:21.577" threadId="0000000000D91088" success="true" from="nursery"/>
<exclusive-end id="660" timestamp="2019-07-02T19:00:21.577" durationms="2.516" />

<exclusive-start id="661" timestamp="2019-07-02T19:00:21.597" intervalms="22.297">
  <response-info timems="0.021" idlems="0.021" threads="0" lastid="0000000000D90700" lastname="main" />
</exclusive-start>
<af-start id="662" threadId="0000000000D91088" totalBytesRequested="24" timestamp="2019-07-02T19:00:21.597" intervalms="22.183" type="nursery" />
<cycle-start id="663" type="scavenge" contextid="0" timestamp="2019-07-02T19:00:21.597" intervalms="22.131" />
  <attribute name="GC Util" value="8" />
  <attribute name="CPU Util" value="1099454614207" />
  <attribute name="Time Running"value="5586"/>
  <attribute name="Number of cores"value="4"/>
<gc-start id="664" type="scavenge" contextid="663" timestamp="2019-07-02T19:00:21.597">
  <mem-info id="665" free="2429416" total="10485760" percent="23">
    <mem type="nursery" free="0" total="3145728" percent="0">
      <mem type="allocate" free="0" total="2162688" percent="0" />
      <mem type="survivor" free="0" total="983040" percent="0" />
    </mem>
    <mem type="tenure" free="2429416" total="7340032" percent="33">
      <mem type="soa" free="2062824" total="6973440" percent="29" />
      <mem type="loa" free="366592" total="366592" percent="100" />
    </mem>
    <remembered-set count="1475" />
  </mem-info>
</gc-start>
<allocation-stats totalBytes="1603824" >
  <allocated-bytes non-tlh="31976" tlh="1571848" />
  <largest-consumer threadName="main" threadId="0000000000D90700" bytes="1603824" />
</allocation-stats>
<gc-op id="666" type="scavenge" timems="0.800" contextid="663" timestamp="2019-07-02T19:00:21.598">
  <scavenger-info tenureage="13" tenuremask="6000" tiltratio="68" />
  <memory-copied type="nursery" objects="8090" bytes="356936" bytesdiscarded="43080" />
  <references type="soft" candidates="11" cleared="0" enqueued="0" dynamicThreshold="12" maxThreshold="32" />
  <references type="weak" candidates="54" cleared="0" enqueued="0" />
</gc-op>
<gc-end id="667" type="scavenge" contextid="663" durationms="0.976" usertimems="0.000" systemtimems="0.000" timestamp="2019-07-02T19:00:21.598" activeThreads="4">
  <mem-info id="668" free="4323088" total="10485760" percent="41">
    <mem type="nursery" free="1893672" total="3145728" percent="60">
      <mem type="allocate" free="1893672" total="2293760" percent="82" />
      <mem type="survivor" free="0" total="851968" percent="0" />
    </mem>
    <mem type="tenure" free="2429416" total="7340032" percent="33">
      <mem type="soa" free="2062824" total="6973440" percent="29" />
      <mem type="loa" free="366592" total="366592" percent="100" />
    </mem>
    <remembered-set count="1295" />
  </mem-info>
</gc-end>
<cycle-end id="669" type="scavenge" contextid="663" timestamp="2019-07-02T19:00:21.598">
  <attribute name="GC Util" value="8" />
  <attribute name="CPU Util" value="840021138120" />
  <attribute name="Time Running"value="5608"/>
  <attribute name="Number of cores"value="4"/>
</cycle-end>
<allocation-satisfied id="670" threadId="0000000000D90700" bytesRequested="24" />
<af-end id="671" timestamp="2019-07-02T19:00:21.598" threadId="0000000000D91088" success="true" from="nursery"/>
<exclusive-end id="672" timestamp="2019-07-02T19:00:21.598" durationms="1.424" />

<exclusive-start id="673" timestamp="2019-07-02T19:00:21.627" intervalms="30.291">
  <response-info timems="0.024" idlems="0.024" threads="0" lastid="0000000000D90700" lastname="main" />
</exclusive-start>
<af-start id="674" threadId="0000000000D91088" totalBytesRequested="32" timestamp="2019-07-02T19:00:21.627" intervalms="30.381" type="nursery" />
<cycle-start id="675" type="scavenge" contextid="0" timestamp="2019-07-02T19:00:21.627" intervalms="30.449" />
  <attribute name="GC Util" value="8" />
  <attribute name="CPU Util" value="840021138120" />
  <attribute name="Time Running"value="5608"/>
  <attribute name="Number of cores"value="4"/>
<gc-start id="676" type="scavenge" contextid="675" timestamp="2019-07-02T19:00:21.627">
  <mem-info id="677" free="2403104" total="10485760" percent="22">
    <mem type="nursery" free="0" total="3145728" percent="0">
      <mem type="allocate" free="0" total="2293760" percent="0" />
      <mem type="survivor" free="0" total="851968" percent="0" />
    </mem>
    <mem type="tenure" free="2403104" total="7340032" percent="32">
      <mem type="soa" free="2036512" total="6973440" percent="29" />
      <mem type="loa" free="366592" total="366592" percent="100" />
    </mem>
    <remembered-set count="1731" />
  </mem-info>
</gc-start>
<allocation-stats totalBytes="1918848" >
  <allocated-bytes non-tlh="291200" tlh="1627648" />
  <largest-consumer threadName="main" threadId="0000000000D90700" bytes="1918848" />
</allocation-stats>
<gc-op id="678" type="scavenge" timems="1.074" contextid="675" timestamp="2019-07-02T19:00:21.629">
  <scavenger-info tenureage="3" tenuremask="6018" tiltratio="72" />
  <memory-copied type="nursery" objects="10034" bytes="762864" bytesdiscarded="56056" />
  <memory-copied type="tenure" objects="5665" bytes="224928" bytesdiscarded="368" />
  <references type="soft" candidates="224" cleared="0" enqueued="0" dynamicThreshold="12" maxThreshold="32" />
  <references type="weak" candidates="398" cleared="18" enqueued="12" />
  <references type="phantom" candidates="1" cleared="0" enqueued="0" />
</gc-op>
<gc-end id="679" type="scavenge" contextid="675" durationms="1.478" usertimems="0.000" systemtimems="0.000" timestamp="2019-07-02T19:00:21.629" activeThreads="4">
  <mem-info id="680" free="3407200" total="10485760" percent="32">
    <mem type="nursery" free="1146960" total="3145728" percent="36">
      <mem type="allocate" free="1146960" total="1966080" percent="58" />
      <mem type="survivor" free="0" total="1179648" percent="0" />
    </mem>
    <mem type="tenure" free="2260240" total="7340032" percent="30">
      <mem type="soa" free="1893648" total="6973440" percent="27" />
      <mem type="loa" free="366592" total="366592" percent="100" />
    </mem>
    <pending-finalizers system="0" default="0" reference="12" classloader="0" />
    <remembered-set count="982" />
  </mem-info>
</gc-end>
<cycle-end id="681" type="scavenge" contextid="675" timestamp="2019-07-02T19:00:21.629">
  <attribute name="GC Util" value="3" />
  <attribute name="CPU Util" value="600445432498" />
  <attribute name="Time Running"value="5638"/>
  <attribute name="Number of cores"value="4"/>
</cycle-end>
<allocation-satisfied id="682" threadId="0000000000D90700" bytesRequested="32" />
<af-end id="683" timestamp="2019-07-02T19:00:21.629" threadId="0000000000D91088" success="true" from="nursery"/>
<exclusive-end id="684" timestamp="2019-07-02T19:00:21.629" durationms="2.331" />

<exclusive-start id="685" timestamp="2019-07-02T19:00:21.632" intervalms="5.403">
  <response-info timems="0.059" idlems="0.059" threads="0" lastid="0000000000D90700" lastname="main" />
</exclusive-start>
<af-start id="686" threadId="0000000000D91088" totalBytesRequested="24" timestamp="2019-07-02T19:00:21.632" intervalms="5.305" type="nursery" />
<cycle-start id="687" type="scavenge" contextid="0" timestamp="2019-07-02T19:00:21.633" intervalms="5.308" />
  <attribute name="GC Util" value="3" />
  <attribute name="CPU Util" value="600445432498" />
  <attribute name="Time Running"value="5638"/>
  <attribute name="Number of cores"value="4"/>
<gc-start id="688" type="scavenge" contextid="687" timestamp="2019-07-02T19:00:21.633">
  <mem-info id="689" free="2260240" total="10485760" percent="21">
    <mem type="nursery" free="0" total="3145728" percent="0">
      <mem type="allocate" free="0" total="1966080" percent="0" />
      <mem type="survivor" free="0" total="1179648" percent="0" />
    </mem>
    <mem type="tenure" free="2260240" total="7340032" percent="30">
      <mem type="soa" free="1893648" total="6973440" percent="27" />
      <mem type="loa" free="366592" total="366592" percent="100" />
    </mem>
    <remembered-set count="984" />
  </mem-info>
</gc-start>
<allocation-stats totalBytes="1146792" >
  <allocated-bytes non-tlh="32" tlh="1146760" />
  <largest-consumer threadName="main" threadId="0000000000D90700" bytes="1142696" />
</allocation-stats>
<gc-op id="690" type="scavenge" timems="0.933" contextid="687" timestamp="2019-07-02T19:00:21.634">
  <scavenger-info tenureage="2" tenuremask="700c" tiltratio="62" />
  <memory-copied type="nursery" objects="9469" bytes="701096" bytesdiscarded="198400" />
  <memory-copied type="tenure" objects="2413" bytes="131592" bytesdiscarded="736" />
  <references type="soft" candidates="213" cleared="0" enqueued="0" dynamicThreshold="12" maxThreshold="32" />
  <references type="weak" candidates="342" cleared="0" enqueued="0" />
  <references type="phantom" candidates="1" cleared="0" enqueued="0" />
</gc-op>
<heap-resize id="691" type="expand" space="nursery" amount="393216" count="1" timems="0.015" reason="excessive time being spent scavenging" timestamp="2019-07-02T19:00:21.634" />
<gc-end id="692" type="scavenge" contextid="687" durationms="1.447" usertimems="0.000" systemtimems="0.000" timestamp="2019-07-02T19:00:21.634" activeThreads="4">
  <mem-info id="693" free="3450472" total="10878976" percent="31">
    <mem type="nursery" free="1328640" total="3538944" percent="37">
      <mem type="allocate" free="1328640" total="2228224" percent="59" />
      <mem type="survivor" free="0" total="1310720" percent="0" />
    </mem>
    <mem type="tenure" free="2121832" total="7340032" percent="28">
      <mem type="soa" free="1755240" total="6973440" percent="25" />
      <mem type="loa" free="366592" total="366592" percent="100" />
    </mem>
    <remembered-set count="507" />
  </mem-info>
</gc-end>
<cycle-end id="694" type="scavenge" contextid="687" timestamp="2019-07-02T19:00:21.634">
  <attribute name="GC Util" value="38" />
  <attribute name="CPU Util" value="3530217887675" />
  <attribute name="Time Running"value="5644"/>
  <attribute name="Number of cores"value="4"/>
</cycle-end>
<allocation-satisfied id="695" threadId="0000000000D90700" bytesRequested="24" />
<af-end id="696" timestamp="2019-07-02T19:00:21.634" threadId="0000000000D91088" success="true" from="nursery"/>
<exclusive-end id="697" timestamp="2019-07-02T19:00:21.634" durationms="2.059" />

<exclusive-start id="698" timestamp="2019-07-02T19:00:21.638" intervalms="5.877">
  <response-info timems="0.024" idlems="0.024" threads="0" lastid="0000000000D90700" lastname="main" />
</exclusive-start>
<af-start id="699" threadId="0000000000D91088" totalBytesRequested="32" timestamp="2019-07-02T19:00:21.638" intervalms="5.880" type="nursery" />
<cycle-start id="700" type="scavenge" contextid="0" timestamp="2019-07-02T19:00:21.638" intervalms="5.783" />
  <attribute name="GC Util" value="38" />
  <attribute name="CPU Util" value="3530217887675" />
  <attribute name="Time Running"value="5644"/>
  <attribute name="Number of cores"value="4"/>
<gc-start id="701" type="scavenge" contextid="700" timestamp="2019-07-02T19:00:21.638">
  <mem-info id="702" free="2121832" total="10878976" percent="19">
    <mem type="nursery" free="0" total="3538944" percent="0">
      <mem type="allocate" free="0" total="2228224" percent="0" />
      <mem type="survivor" free="0" total="1310720" percent="0" />
    </mem>
    <mem type="tenure" free="2121832" total="7340032" percent="28">
      <mem type="soa" free="1755240" total="6973440" percent="25" />
      <mem type="loa" free="366592" total="366592" percent="100" />
    </mem>
    <remembered-set count="507" />
  </mem-info>
</gc-start>
<allocation-stats totalBytes="1328448" >
  <allocated-bytes non-tlh="24" tlh="1328424" />
  <largest-consumer threadName="main" threadId="0000000000D90700" bytes="1328448" />
</allocation-stats>
<gc-op id="703" type="scavenge" timems="0.892" contextid="700" timestamp="2019-07-02T19:00:21.639">
  <scavenger-info tenureage="2" tenuremask="7804" tiltratio="62" />
  <memory-copied type="nursery" objects="4704" bytes="175232" bytesdiscarded="188032" />
  <memory-copied type="tenure" objects="7448" bytes="625256" bytesdiscarded="464" />
</gc-op>
<heap-resize id="704" type="expand" space="nursery" amount="393216" count="1" timems="0.011" reason="excessive time being spent scavenging" timestamp="2019-07-02T19:00:21.639" />
<gc-end id="705" type="scavenge" contextid="700" durationms="1.228" usertimems="4.000" systemtimems="0.000" timestamp="2019-07-02T19:00:21.640" activeThreads="4">
  <mem-info id="706" free="3878960" total="11272192" percent="34">
    <mem type="nursery" free="2389248" total="3932160" percent="60">
      <mem type="allocate" free="2389248" total="2752512" percent="86" />
      <mem type="survivor" free="0" total="1179648" percent="0" />
    </mem>
    <mem type="tenure" free="1489712" total="7340032" percent="20">
      <mem type="soa" free="1123120" total="6973440" percent="16" />
      <mem type="loa" free="366592" total="366592" percent="100" />
    </mem>
    <remembered-set count="518" />
  </mem-info>
</gc-end>
<cycle-end id="707" type="scavenge" contextid="700" timestamp="2019-07-02T19:00:21.640">
  <attribute name="GC Util" value="32" />
  <attribute name="CPU Util" value="3311634986335" />
  <attribute name="Time Running"value="5649"/>
  <attribute name="Number of cores"value="4"/>
</cycle-end>
<allocation-satisfied id="708" threadId="0000000000D90700" bytesRequested="32" />
<af-end id="709" timestamp="2019-07-02T19:00:21.640" threadId="0000000000D91088" success="true" from="nursery"/>
<exclusive-end id="710" timestamp="2019-07-02T19:00:21.640" durationms="1.740" />

<exclusive-start id="711" timestamp="2019-07-02T19:00:21.650" intervalms="11.464">
  <response-info timems="0.048" idlems="0.048" threads="0" lastid="0000000000D90700" lastname="main" />
</exclusive-start>
<af-start id="712" threadId="0000000000D91088" totalBytesRequested="32" timestamp="2019-07-02T19:00:21.650" intervalms="11.555" type="nursery" />
<cycle-start id="713" type="scavenge" contextid="0" timestamp="2019-07-02T19:00:21.650" intervalms="11.646" />
  <attribute name="GC Util" value="32" />
  <attribute name="CPU Util" value="3311634986335" />
  <attribute name="Time Running"value="5649"/>
  <attribute name="Number of cores"value="4"/>
<gc-start id="714" type="scavenge" contextid="713" timestamp="2019-07-02T19:00:21.650">
  <mem-info id="715" free="1487368" total="11272192" percent="13">
    <mem type="nursery" free="0" total="3932160" percent="0">
      <mem type="allocate" free="0" total="2752512" percent="0" />
      <mem type="survivor" free="0" total="1179648" percent="0" />
    </mem>
    <mem type="tenure" free="1487368" total="7340032" percent="20">
      <mem type="soa" free="1120776" total="6973440" percent="16" />
      <mem type="loa" free="366592" total="366592" percent="100" />
    </mem>
    <remembered-set count="880" />
  </mem-info>
</gc-start>
<allocation-stats totalBytes="2391216" >
  <allocated-bytes non-tlh="2376" tlh="2388840" />
  <largest-consumer threadName="main" threadId="0000000000D90700" bytes="2391216" />
</allocation-stats>
<gc-op id="716" type="scavenge" timems="0.832" contextid="713" timestamp="2019-07-02T19:00:21.651">
  <scavenger-info tenureage="12" tenuremask="7000" tiltratio="70" />
  <memory-copied type="nursery" objects="8252" bytes="305960" bytesdiscarded="46536" />
  <references type="weak" candidates="18" cleared="0" enqueued="0" />
</gc-op>
<heap-resize id="717" type="expand" space="nursery" amount="262144" count="1" timems="0.012" reason="excessive time being spent scavenging" timestamp="2019-07-02T19:00:21.651" />
<gc-end id="718" type="scavenge" contextid="713" durationms="1.362" usertimems="0.000" systemtimems="4.000" timestamp="2019-07-02T19:00:21.651" activeThreads="4">
  <mem-info id="719" free="4280584" total="11534336" percent="37">
    <mem type="nursery" free="2793216" total="4194304" percent="66">
      <mem type="allocate" free="2793216" total="3145728" percent="88" />
      <mem type="survivor" free="0" total="1048576" percent="0" />
    </mem>
    <mem type="tenure" free="1487368" total="7340032" percent="20">
      <mem type="soa" free="1120776" total="6973440" percent="16" />
      <mem type="loa" free="366592" total="366592" percent="100" />
    </mem>
    <remembered-set count="865" />
  </mem-info>
</gc-end>
<cycle-end id="720" type="scavenge" contextid="713" timestamp="2019-07-02T19:00:21.652">
  <attribute name="GC Util" value="15" />
  <attribute name="CPU Util" value="1544784858771" />
  <attribute name="Time Running"value="5661"/>
  <attribute name="Number of cores"value="4"/>
</cycle-end>
<allocation-satisfied id="721" threadId="0000000000D90700" bytesRequested="32" />
<af-end id="722" timestamp="2019-07-02T19:00:21.652" threadId="0000000000D91088" success="true" from="nursery"/>
<exclusive-end id="723" timestamp="2019-07-02T19:00:21.652" durationms="2.122" />

<exclusive-start id="724" timestamp="2019-07-02T19:00:21.669" intervalms="19.470">
  <response-info timems="0.019" idlems="0.019" threads="0" lastid="0000000000D90700" lastname="main" />
</exclusive-start>
<af-start id="725" threadId="0000000000D91088" totalBytesRequested="200008" timestamp="2019-07-02T19:00:21.669" intervalms="19.359" type="nursery" />
<cycle-start id="726" type="scavenge" contextid="0" timestamp="2019-07-02T19:00:21.669" intervalms="19.271" />
  <attribute name="GC Util" value="15" />
  <attribute name="CPU Util" value="1544784858771" />
  <attribute name="Time Running"value="5661"/>
  <attribute name="Number of cores"value="4"/>
<gc-start id="727" type="scavenge" contextid="726" timestamp="2019-07-02T19:00:21.669">
  <mem-info id="728" free="1473672" total="11534336" percent="12">
    <mem type="nursery" free="0" total="4194304" percent="0">
      <mem type="allocate" free="0" total="3145728" percent="0" />
      <mem type="survivor" free="0" total="1048576" percent="0" />
    </mem>
    <mem type="tenure" free="1473672" total="7340032" percent="20">
      <mem type="soa" free="1107080" total="6973440" percent="15" />
      <mem type="loa" free="366592" total="366592" percent="100" />
    </mem>
    <remembered-set count="1098" />
  </mem-info>
</gc-start>
<allocation-stats totalBytes="2780248" >
  <allocated-bytes non-tlh="10736" tlh="2769512" />
  <largest-consumer threadName="main" threadId="0000000000D90700" bytes="2780248" />
</allocation-stats>
<gc-op id="729" type="scavenge" timems="0.834" contextid="726" timestamp="2019-07-02T19:00:21.670">
  <scavenger-info tenureage="3" tenuremask="6008" tiltratio="75" />
  <memory-copied type="nursery" objects="7679" bytes="356528" bytesdiscarded="57712" />
  <memory-copied type="tenure" objects="1796" bytes="69752" bytesdiscarded="112" />
  <references type="soft" candidates="1" cleared="0" enqueued="0" dynamicThreshold="12" maxThreshold="32" />
  <references type="weak" candidates="18" cleared="0" enqueued="0" />
  <references type="phantom" candidates="1" cleared="0" enqueued="0" />
</gc-op>
<gc-end id="730" type="scavenge" contextid="726" durationms="1.013" usertimems="0.000" systemtimems="0.000" timestamp="2019-07-02T19:00:21.670" activeThreads="4">
  <mem-info id="731" free="4319784" total="11534336" percent="37">
    <mem type="nursery" free="2928040" total="4194304" percent="69">
      <mem type="allocate" free="2928040" total="3342336" percent="87" />
      <mem type="survivor" free="0" total="851968" percent="0" />
    </mem>
    <mem type="tenure" free="1391744" total="7340032" percent="18">
      <mem type="soa" free="1025152" total="6973440" percent="14" />
      <mem type="loa" free="366592" total="366592" percent="100" />
    </mem>
    <remembered-set count="964" />
  </mem-info>
</gc-end>
<cycle-end id="732" type="scavenge" contextid="726" timestamp="2019-07-02T19:00:21.670">
  <attribute name="GC Util" value="6" />
  <attribute name="CPU Util" value="970989097698" />
  <attribute name="Time Running"value="5680"/>
  <attribute name="Number of cores"value="4"/>
</cycle-end>
<allocation-satisfied id="733" threadId="0000000000D90700" bytesRequested="200008" />
<af-end id="734" timestamp="2019-07-02T19:00:21.670" threadId="0000000000D91088" success="true" from="nursery"/>
<exclusive-end id="735" timestamp="2019-07-02T19:00:21.671" durationms="1.422" />

<exclusive-start id="736" timestamp="2019-07-02T19:00:21.712" intervalms="42.934">
  <response-info timems="0.025" idlems="0.025" threads="0" lastid="0000000000D90700" lastname="main" />
</exclusive-start>
<af-start id="737" threadId="0000000000D91088" totalBytesRequested="136" timestamp="2019-07-02T19:00:21.712" intervalms="42.965" type="nursery" />
<cycle-start id="738" type="scavenge" contextid="0" timestamp="2019-07-02T19:00:21.712" intervalms="42.965" />
  <attribute name="GC Util" value="6" />
  <attribute name="CPU Util" value="970989097698" />
  <attribute name="Time Running"value="5680"/>
  <attribute name="Number of cores"value="4"/>
<gc-start id="739" type="scavenge" contextid="738" timestamp="2019-07-02T19:00:21.712">
  <mem-info id="740" free="1371792" total="11534336" percent="11">
    <mem type="nursery" free="0" total="4194304" percent="0">
      <mem type="allocate" free="0" total="3342336" percent="0" />
      <mem type="survivor" free="0" total="851968" percent="0" />
    </mem>
    <mem type="tenure" free="1371792" total="7340032" percent="18">
      <mem type="soa" free="1005200" total="6973440" percent="14" />
      <mem type="loa" free="366592" total="366592" percent="100" />
    </mem>
    <remembered-set count="1424" />
  </mem-info>
</gc-start>
<allocation-stats totalBytes="2946464" >
  <allocated-bytes non-tlh="219960" tlh="2726504" />
  <largest-consumer threadName="main" threadId="0000000000D90700" bytes="2946464" />
</allocation-stats>
<gc-op id="741" type="scavenge" timems="1.079" contextid="738" timestamp="2019-07-02T19:00:21.713">
  <scavenger-info tenureage="13" tenuremask="6000" tiltratio="79" />
  <memory-copied type="nursery" objects="12255" bytes="488720" bytesdiscarded="3576" />
  <references type="soft" candidates="321" cleared="0" enqueued="0" dynamicThreshold="12" maxThreshold="32" />
  <references type="weak" candidates="288" cleared="33" enqueued="25" />
</gc-op>
<gc-end id="742" type="scavenge" contextid="738" durationms="1.252" usertimems="4.000" systemtimems="0.000" timestamp="2019-07-02T19:00:21.713" activeThreads="4">
  <mem-info id="743" free="4221496" total="11534336" percent="36">
    <mem type="nursery" free="2849704" total="4194304" percent="67">
      <mem type="allocate" free="2849704" total="3342336" percent="85" />
      <mem type="survivor" free="0" total="851968" percent="0" />
    </mem>
    <mem type="tenure" free="1371792" total="7340032" percent="18">
      <mem type="soa" free="1005200" total="6973440" percent="14" />
      <mem type="loa" free="366592" total="366592" percent="100" />
    </mem>
    <pending-finalizers system="0" default="0" reference="25" classloader="0" />
    <remembered-set count="1373" />
  </mem-info>
</gc-end>
<cycle-end id="744" type="scavenge" contextid="738" timestamp="2019-07-02T19:00:21.714">
  <attribute name="GC Util" value="2" />
  <attribute name="CPU Util" value="429265114111" />
  <attribute name="Time Running"value="5723"/>
  <attribute name="Number of cores"value="4"/>
</cycle-end>
<allocation-satisfied id="745" threadId="0000000000D90700" bytesRequested="136" />
<af-end id="746" timestamp="2019-07-02T19:00:21.714" threadId="0000000000D91088" success="true" from="nursery"/>
<exclusive-end id="747" timestamp="2019-07-02T19:00:21.714" durationms="1.800" />

<exclusive-start id="748" timestamp="2019-07-02T19:00:21.722" intervalms="10.345">
  <response-info timems="0.019" idlems="0.019" threads="0" lastid="0000000000D90700" lastname="main" />
</exclusive-start>
<sys-start reason="explicit" id="749" timestamp="2019-07-02T19:00:21.722" intervalms="5836.113" />
<cycle-start id="750" type="global" contextid="0" timestamp="2019-07-02T19:00:21.723" intervalms="202.673" />
  <attribute name="GC Util" value="2" />
  <attribute name="CPU Util" value="429265114111" />
  <attribute name="Time Running"value="5723"/>
  <attribute name="Number of cores"value="4"/>
<gc-start id="751" type="global" contextid="750" timestamp="2019-07-02T19:00:21.723">
  <mem-info id="752" free="3641440" total="11534336" percent="31">
    <mem type="nursery" free="2272728" total="4194304" percent="54">
      <mem type="allocate" free="2272728" total="3342336" percent="67" />
      <mem type="survivor" free="0" total="851968" percent="0" />
    </mem>
    <mem type="tenure" free="1368712" total="7340032" percent="18">
      <mem type="soa" free="1002120" total="6973440" percent="14" />
      <mem type="loa" free="366592" total="366592" percent="100" />
    </mem>
    <remembered-set count="1435" />
  </mem-info>
</gc-start>
<allocation-stats totalBytes="579880" >
  <allocated-bytes non-tlh="203224" tlh="376656" />
  <largest-consumer threadName="main" threadId="0000000000D90700" bytes="575784" />
</allocation-stats>
<gc-op id="753" type="mark" timems="3.299" contextid="750" timestamp="2019-07-02T19:00:21.726">
  <trace-info objectcount="74342" scancount="62115" scanbytes="2117544" />
  <finalization candidates="80" enqueued="0" />
  <ownableSynchronizers candidates="21" cleared="0" />
  <references type="soft" candidates="1640" cleared="0" enqueued="0" dynamicThreshold="12" maxThreshold="32" />
  <references type="weak" candidates="4402" cleared="19" enqueued="16" />
  <references type="phantom" candidates="74" cleared="2" enqueued="2" />
  <stringconstants candidates="8662" cleared="15"  />
</gc-op>
<gc-op id="754" type="classunload" timems="0.631" contextid="750" timestamp="2019-07-02T19:00:21.727">
  <classunload-info classloadercandidates="17" classloadersunloaded="1" classesunloaded="1" anonymousclassesunloaded="0" quiescems="0.000" setupms="0.622" scanms="0.006" postms="0.003" />
</gc-op>
<gc-op id="755" type="sweep" timems="0.271" contextid="750" timestamp="2019-07-02T19:00:21.727" />
<mem-info id="756" free="6308208" total="11534336" percent="54">
  <mem type="nursery" free="3150760" total="4194304" percent="75">
    <mem type="allocate" free="3150760" total="3342336" percent="94" />
    <mem type="survivor" free="0" total="851968" percent="0" />
  </mem>
  <mem type="tenure" free="3157448" total="7340032" percent="43" micro-fragmented="109181" macro-fragmented="0">
    <mem type="soa" free="2790856" total="6973440" percent="40" />
    <mem type="loa" free="366592" total="366592" percent="100" />
  </mem>
  <pending-finalizers system="0" default="0" reference="18" classloader="0" />
  <remembered-set count="667" />
</mem-info>
<gc-op id="757" type="compact" timems="16.185" contextid="750" timestamp="2019-07-02T19:00:21.744">
  <compact-info movecount="71136" movebytes="4122608" reason="compact on aggressive collection" />
</gc-op>
<gc-end id="758" type="global" contextid="750" durationms="21.668" usertimems="28.000" systemtimems="0.000" timestamp="2019-07-02T19:00:21.744" activeThreads="4">
  <mem-info id="759" free="6414664" total="11534336" percent="55">
    <mem type="nursery" free="3156240" total="4194304" percent="75">
      <mem type="allocate" free="3156240" total="3342336" percent="94" />
      <mem type="survivor" free="0" total="851968" percent="0" />
    </mem>
    <mem type="tenure" free="3258424" total="7340032" percent="44">
      <mem type="soa" free="2891832" total="6973440" percent="41" />
      <mem type="loa" free="366592" total="366592" percent="100" />
    </mem>
    <pending-finalizers system="0" default="0" reference="18" classloader="0" />
    <remembered-set count="667" />
  </mem-info>
</gc-end>
<cycle-end id="760" type="global" contextid="750" timestamp="2019-07-02T19:00:21.745">
  <attribute name="GC Util" value="9" />
  <attribute name="CPU Util" value="27628121354079" />
  <attribute name="Time Running"value="5738"/>
  <attribute name="Number of cores"value="4"/>
</cycle-end>
<sys-end id="761" timestamp="2019-07-02T19:00:21.745" />
<exclusive-end id="762" timestamp="2019-07-02T19:00:21.745" durationms="22.520" />

<exclusive-start id="763" timestamp="2019-07-02T19:00:21.810" intervalms="87.190">
  <response-info timems="0.069" idlems="0.069" threads="0" lastid="0000000000D90700" lastname="main" />
</exclusive-start>
<af-start id="764" threadId="0000000000D91088" totalBytesRequested="24" timestamp="2019-07-02T19:00:21.810" intervalms="97.664" type="nursery" />
<cycle-start id="765" type="scavenge" contextid="0" timestamp="2019-07-02T19:00:21.810" intervalms="97.753" />
  <attribute name="GC Util" value="9" />
  <attribute name="CPU Util" value="27628121354079" />
  <attribute name="Time Running"value="5738"/>
  <attribute name="Number of cores"value="4"/>
<gc-start id="766" type="scavenge" contextid="765" timestamp="2019-07-02T19:00:21.810">
  <mem-info id="767" free="3256632" total="11534336" percent="28">
    <mem type="nursery" free="0" total="4194304" percent="0">
      <mem type="allocate" free="0" total="3342336" percent="0" />
      <mem type="survivor" free="0" total="851968" percent="0" />
    </mem>
    <mem type="tenure" free="3256632" total="7340032" percent="44">
      <mem type="soa" free="2890040" total="6973440" percent="41" />
      <mem type="loa" free="366592" total="366592" percent="100" />
    </mem>
    <remembered-set count="737" />
  </mem-info>
</gc-start>
<allocation-stats totalBytes="3157024" >
  <allocated-bytes non-tlh="463952" tlh="2693072" />
  <largest-consumer threadName="main" threadId="0000000000D90700" bytes="3148776" />
</allocation-stats>
<gc-op id="768" type="scavenge" timems="0.731" contextid="765" timestamp="2019-07-02T19:00:21.811">
  <scavenger-info tenureage="3" tenuremask="6018" tiltratio="79" />
  <memory-copied type="nursery" objects="5516" bytes="514704" bytesdiscarded="45688" />
  <memory-copied type="tenure" objects="62" bytes="1928" bytesdiscarded="0" />
  <ownableSynchronizers candidates="42" cleared="42" />
  <references type="soft" candidates="355" cleared="0" enqueued="0" dynamicThreshold="14" maxThreshold="32" />
  <references type="weak" candidates="269" cleared="11" enqueued="11" />
  <references type="phantom" candidates="5" cleared="2" enqueued="2" />
</gc-op>
<gc-end id="769" type="scavenge" contextid="765" durationms="1.203" usertimems="0.000" systemtimems="0.000" timestamp="2019-07-02T19:00:21.811" activeThreads="4">
  <mem-info id="770" free="6165024" total="11534336" percent="53">
    <mem type="nursery" free="2978280" total="4194304" percent="71">
      <mem type="allocate" free="2978280" total="3538944" percent="84" />
      <mem type="survivor" free="0" total="655360" percent="0" />
    </mem>
    <mem type="tenure" free="3186744" total="7340032" percent="43">
      <mem type="soa" free="2820152" total="6973440" percent="40" />
      <mem type="loa" free="366592" total="366592" percent="100" />
    </mem>
    <pending-finalizers system="0" default="0" reference="13" classloader="0" />
    <remembered-set count="610" />
  </mem-info>
</gc-end>
<cycle-end id="771" type="scavenge" contextid="765" timestamp="2019-07-02T19:00:21.812">
  <attribute name="GC Util" value="29" />
  <attribute name="CPU Util" value="223080071355" />
  <attribute name="Time Running"value="5821"/>
  <attribute name="Number of cores"value="4"/>
</cycle-end>
<allocation-satisfied id="772" threadId="0000000000D90700" bytesRequested="24" />
<af-end id="773" timestamp="2019-07-02T19:00:21.812" threadId="0000000000D91088" success="true" from="nursery"/>
<exclusive-end id="774" timestamp="2019-07-02T19:00:21.812" durationms="2.227" />

<exclusive-start id="775" timestamp="2019-07-02T19:00:21.874" intervalms="64.357">
  <response-info timems="0.082" idlems="0.082" threads="0" lastid="0000000000D90700" lastname="main" />
</exclusive-start>
<af-start id="776" threadId="0000000000D91088" totalBytesRequested="24" timestamp="2019-07-02T19:00:21.874" intervalms="64.292" type="nursery" />
<cycle-start id="777" type="scavenge" contextid="0" timestamp="2019-07-02T19:00:21.874" intervalms="64.278" />
  <attribute name="GC Util" value="29" />
  <attribute name="CPU Util" value="223080071355" />
  <attribute name="Time Running"value="5821"/>
  <attribute name="Number of cores"value="4"/>
<gc-start id="778" type="scavenge" contextid="777" timestamp="2019-07-02T19:00:21.874">
  <mem-info id="779" free="3186744" total="11534336" percent="27">
    <mem type="nursery" free="0" total="4194304" percent="0">
      <mem type="allocate" free="0" total="3538944" percent="0" />
      <mem type="survivor" free="0" total="655360" percent="0" />
    </mem>
    <mem type="tenure" free="3186744" total="7340032" percent="43">
      <mem type="soa" free="2820152" total="6973440" percent="40" />
      <mem type="loa" free="366592" total="366592" percent="100" />
    </mem>
    <remembered-set count="614" />
  </mem-info>
</gc-start>
<allocation-stats totalBytes="2978048" >
  <allocated-bytes non-tlh="24" tlh="2978024" />
  <largest-consumer threadName="main" threadId="0000000000D90700" bytes="2973952" />
</allocation-stats>
<gc-op id="780" type="scavenge" timems="0.625" contextid="777" timestamp="2019-07-02T19:00:21.875">
  <scavenger-info tenureage="13" tenuremask="6000" tiltratio="84" />
  <memory-copied type="nursery" objects="5486" bytes="513760" bytesdiscarded="44568" />
  <references type="soft" candidates="355" cleared="0" enqueued="0" dynamicThreshold="14" maxThreshold="32" />
  <references type="weak" candidates="257" cleared="0" enqueued="0" />
  <references type="phantom" candidates="3" cleared="0" enqueued="0" />
</gc-op>
<gc-end id="781" type="scavenge" contextid="777" durationms="1.057" usertimems="0.000" systemtimems="0.000" timestamp="2019-07-02T19:00:21.875" activeThreads="4">
  <mem-info id="782" free="6232624" total="11534336" percent="54">
    <mem type="nursery" free="3045880" total="4194304" percent="72">
      <mem type="allocate" free="3045880" total="3604480" percent="84" />
      <mem type="survivor" free="0" total="589824" percent="0" />
    </mem>
    <mem type="tenure" free="3186744" total="7340032" percent="43">
      <mem type="soa" free="2820152" total="6973440" percent="40" />
      <mem type="loa" free="366592" total="366592" percent="100" />
    </mem>
    <remembered-set count="316" />
  </mem-info>
</gc-end>
<cycle-end id="783" type="scavenge" contextid="777" timestamp="2019-07-02T19:00:21.876">
  <attribute name="GC Util" value="1" />
  <attribute name="CPU Util" value="287281717981" />
  <attribute name="Time Running"value="5885"/>
  <attribute name="Number of cores"value="4"/>
</cycle-end>
<allocation-satisfied id="784" threadId="0000000000D90700" bytesRequested="24" />
<af-end id="785" timestamp="2019-07-02T19:00:21.876" threadId="0000000000D91088" success="true" from="nursery"/>
<exclusive-end id="786" timestamp="2019-07-02T19:00:21.876" durationms="1.784" />

<exclusive-start id="787" timestamp="2019-07-02T19:00:21.890" intervalms="15.660">
  <response-info timems="0.074" idlems="0.074" threads="0" lastid="0000000000D90700" lastname="main" />
</exclusive-start>
<af-start id="788" threadId="0000000000D91088" totalBytesRequested="24" timestamp="2019-07-02T19:00:21.890" intervalms="15.690" type="nursery" />
<cycle-start id="789" type="scavenge" contextid="0" timestamp="2019-07-02T19:00:21.890" intervalms="15.708" />
  <attribute name="GC Util" value="1" />
  <attribute name="CPU Util" value="287281717981" />
  <attribute name="Time Running"value="5885"/>
  <attribute name="Number of cores"value="4"/>
<gc-start id="790" type="scavenge" contextid="789" timestamp="2019-07-02T19:00:21.890">
  <mem-info id="791" free="3186744" total="11534336" percent="27">
    <mem type="nursery" free="0" total="4194304" percent="0">
      <mem type="allocate" free="0" total="3604480" percent="0" />
      <mem type="survivor" free="0" total="589824" percent="0" />
    </mem>
    <mem type="tenure" free="3186744" total="7340032" percent="43">
      <mem type="soa" free="2820152" total="6973440" percent="40" />
      <mem type="loa" free="366592" total="366592" percent="100" />
    </mem>
    <remembered-set count="316" />
  </mem-info>
</gc-start>
<allocation-stats totalBytes="3045656" >
  <allocated-bytes non-tlh="24" tlh="3045632" />
  <largest-consumer threadName="main" threadId="0000000000D90700" bytes="3045656" />
</allocation-stats>
<gc-op id="792" type="scavenge" timems="0.612" contextid="789" timestamp="2019-07-02T19:00:21.891">
  <scavenger-info tenureage="3" tenuremask="6008" tiltratio="85" />
  <memory-copied type="nursery" objects="958" bytes="346704" bytesdiscarded="24376" />
  <memory-copied type="tenure" objects="4532" bytes="167144" bytesdiscarded="96" />
  <references type="soft" candidates="35" cleared="0" enqueued="0" dynamicThreshold="14" maxThreshold="32" />
  <references type="weak" candidates="24" cleared="0" enqueued="0" />
  <references type="phantom" candidates="3" cleared="0" enqueued="0" />
</gc-op>
<gc-end id="793" type="scavenge" contextid="789" durationms="1.074" usertimems="0.000" systemtimems="0.000" timestamp="2019-07-02T19:00:21.891" activeThreads="4">
  <mem-info id="794" free="6232624" total="11534336" percent="54">
    <mem type="nursery" free="3233272" total="4194304" percent="77">
      <mem type="allocate" free="3233272" total="3604480" percent="89" />
      <mem type="survivor" free="0" total="589824" percent="0" />
    </mem>
    <mem type="tenure" free="2999352" total="7340032" percent="40">
      <mem type="soa" free="2632760" total="6973440" percent="37" />
      <mem type="loa" free="366592" total="366592" percent="100" />
    </mem>
    <remembered-set count="182" />
  </mem-info>
</gc-end>
<cycle-end id="795" type="scavenge" contextid="789" timestamp="2019-07-02T19:00:21.891">
  <attribute name="GC Util" value="6" />
  <attribute name="CPU Util" value="1174061658344" />
  <attribute name="Time Running"value="5901"/>
  <attribute name="Number of cores"value="4"/>
</cycle-end>
<allocation-satisfied id="796" threadId="0000000000D90700" bytesRequested="24" />
<af-end id="797" timestamp="2019-07-02T19:00:21.891" threadId="0000000000D91088" success="true" from="nursery"/>
<exclusive-end id="798" timestamp="2019-07-02T19:00:21.891" durationms="1.841" />

<exclusive-start id="799" timestamp="2019-07-02T19:00:21.906" intervalms="16.452">
  <response-info timems="0.064" idlems="0.064" threads="0" lastid="0000000000D90700" lastname="main" />
</exclusive-start>
<af-start id="800" threadId="0000000000D91088" totalBytesRequested="24" timestamp="2019-07-02T19:00:21.906" intervalms="16.430" type="nursery" />
<cycle-start id="801" type="scavenge" contextid="0" timestamp="2019-07-02T19:00:21.906" intervalms="16.431" />
  <attribute name="GC Util" value="6" />
  <attribute name="CPU Util" value="1174061658344" />
  <attribute name="Time Running"value="5901"/>
  <attribute name="Number of cores"value="4"/>
<gc-start id="802" type="scavenge" contextid="801" timestamp="2019-07-02T19:00:21.906">
  <mem-info id="803" free="2999352" total="11534336" percent="26">
    <mem type="nursery" free="0" total="4194304" percent="0">
      <mem type="allocate" free="0" total="3604480" percent="0" />
      <mem type="survivor" free="0" total="589824" percent="0" />
    </mem>
    <mem type="tenure" free="2999352" total="7340032" percent="40">
      <mem type="soa" free="2632760" total="6973440" percent="37" />
      <mem type="loa" free="366592" total="366592" percent="100" />
    </mem>
    <remembered-set count="182" />
  </mem-info>
</gc-start>
<allocation-stats totalBytes="3233000" >
  <allocated-bytes non-tlh="24" tlh="3232976" />
  <largest-consumer threadName="main" threadId="0000000000D90700" bytes="3233000" />
</allocation-stats>
<gc-op id="804" type="scavenge" timems="0.296" contextid="801" timestamp="2019-07-02T19:00:21.907">
  <scavenger-info tenureage="3" tenuremask="4028" tiltratio="85" />
  <memory-copied type="nursery" objects="13" bytes="33072" bytesdiscarded="36816" />
  <memory-copied type="tenure" objects="945" bytes="313632" bytesdiscarded="24" />
</gc-op>
<gc-end id="805" type="scavenge" contextid="801" durationms="0.754" usertimems="0.000" systemtimems="0.000" timestamp="2019-07-02T19:00:21.907" activeThreads="4">
  <mem-info id="806" free="6162736" total="11534336" percent="53">
    <mem type="nursery" free="3534592" total="4194304" percent="84">
      <mem type="allocate" free="3534592" total="3604480" percent="98" />
      <mem type="survivor" free="0" total="589824" percent="0" />
    </mem>
    <mem type="tenure" free="2628144" total="7340032" percent="35">
      <mem type="soa" free="2261552" total="6973440" percent="32" />
      <mem type="loa" free="366592" total="366592" percent="100" />
    </mem>
    <remembered-set count="74" />
  </mem-info>
</gc-end>
<cycle-end id="807" type="scavenge" contextid="801" timestamp="2019-07-02T19:00:21.907">
  <attribute name="GC Util" value="5" />
  <attribute name="CPU Util" value="1122919550003" />
  <attribute name="Time Running"value="5917"/>
  <attribute name="Number of cores"value="4"/>
</cycle-end>
<allocation-satisfied id="808" threadId="0000000000D90700" bytesRequested="24" />
<af-end id="809" timestamp="2019-07-02T19:00:21.908" threadId="0000000000D91088" success="true" from="nursery"/>
<exclusive-end id="810" timestamp="2019-07-02T19:00:21.908" durationms="1.541" />

<exclusive-start id="811" timestamp="2019-07-02T19:00:21.924" intervalms="17.603">
  <response-info timems="0.068" idlems="0.068" threads="0" lastid="0000000000D90700" lastname="main" />
</exclusive-start>
<af-start id="812" threadId="0000000000D91088" totalBytesRequested="24" timestamp="2019-07-02T19:00:21.924" intervalms="17.609" type="nursery" />
<cycle-start id="813" type="scavenge" contextid="0" timestamp="2019-07-02T19:00:21.924" intervalms="17.605" />
  <attribute name="GC Util" value="5" />
  <attribute name="CPU Util" value="1122919550003" />
  <attribute name="Time Running"value="5917"/>
  <attribute name="Number of cores"value="4"/>
<gc-start id="814" type="scavenge" contextid="813" timestamp="2019-07-02T19:00:21.924">
  <mem-info id="815" free="2628144" total="11534336" percent="22">
    <mem type="nursery" free="0" total="4194304" percent="0">
      <mem type="allocate" free="0" total="3604480" percent="0" />
      <mem type="survivor" free="0" total="589824" percent="0" />
    </mem>
    <mem type="tenure" free="2628144" total="7340032" percent="35">
      <mem type="soa" free="2261552" total="6973440" percent="32" />
      <mem type="loa" free="366592" total="366592" percent="100" />
    </mem>
    <remembered-set count="74" />
  </mem-info>
</gc-start>
<allocation-stats totalBytes="3534296" >
  <allocated-bytes non-tlh="24" tlh="3534272" />
  <largest-consumer threadName="main" threadId="0000000000D90700" bytes="3534296" />
</allocation-stats>
<gc-op id="816" type="scavenge" timems="0.181" contextid="813" timestamp="2019-07-02T19:00:21.925">
  <scavenger-info tenureage="14" tenuremask="4000" tiltratio="85" />
  <memory-copied type="nursery" objects="13" bytes="33072" bytesdiscarded="6096" />
</gc-op>
<gc-end id="817" type="scavenge" contextid="813" durationms="0.617" usertimems="0.000" systemtimems="0.000" timestamp="2019-07-02T19:00:21.925" activeThreads="4">
  <mem-info id="818" free="6324528" total="11534336" percent="54">
    <mem type="nursery" free="3696384" total="4194304" percent="88">
      <mem type="allocate" free="3696384" total="3735552" percent="98" />
      <mem type="survivor" free="0" total="458752" percent="0" />
    </mem>
    <mem type="tenure" free="2628144" total="7340032" percent="35">
      <mem type="soa" free="2261552" total="6973440" percent="32" />
      <mem type="loa" free="366592" total="366592" percent="100" />
    </mem>
    <remembered-set count="74" />
  </mem-info>
</gc-end>
<cycle-end id="819" type="scavenge" contextid="813" timestamp="2019-07-02T19:00:21.925">
  <attribute name="GC Util" value="3" />
  <attribute name="CPU Util" value="1047848198438" />
  <attribute name="Time Running"value="5935"/>
  <attribute name="Number of cores"value="4"/>
</cycle-end>
<allocation-satisfied id="820" threadId="0000000000D90700" bytesRequested="24" />
<af-end id="821" timestamp="2019-07-02T19:00:21.925" threadId="0000000000D91088" success="true" from="nursery"/>
<exclusive-end id="822" timestamp="2019-07-02T19:00:21.925" durationms="1.364" />

<exclusive-start id="823" timestamp="2019-07-02T19:00:21.942" intervalms="18.160">
  <response-info timems="0.058" idlems="0.058" threads="0" lastid="0000000000D90700" lastname="main" />
</exclusive-start>
<af-start id="824" threadId="0000000000D91088" totalBytesRequested="24" timestamp="2019-07-02T19:00:21.942" intervalms="18.171" type="nursery" />
<cycle-start id="825" type="scavenge" contextid="0" timestamp="2019-07-02T19:00:21.942" intervalms="18.175" />
  <attribute name="GC Util" value="3" />
  <attribute name="CPU Util" value="1047848198438" />
  <attribute name="Time Running"value="5935"/>
  <attribute name="Number of cores"value="4"/>
<gc-start id="826" type="scavenge" contextid="825" timestamp="2019-07-02T19:00:21.942">
  <mem-info id="827" free="2628144" total="11534336" percent="22">
    <mem type="nursery" free="0" total="4194304" percent="0">
      <mem type="allocate" free="0" total="3735552" percent="0" />
      <mem type="survivor" free="0" total="458752" percent="0" />
    </mem>
    <mem type="tenure" free="2628144" total="7340032" percent="35">
      <mem type="soa" free="2261552" total="6973440" percent="32" />
      <mem type="loa" free="366592" total="366592" percent="100" />
    </mem>
    <remembered-set count="74" />
  </mem-info>
</gc-start>
<allocation-stats totalBytes="3696032" >
  <allocated-bytes non-tlh="24" tlh="3696008" />
  <largest-consumer threadName="main" threadId="0000000000D90700" bytes="3696032" />
</allocation-stats>
<gc-op id="828" type="scavenge" timems="0.186" contextid="825" timestamp="2019-07-02T19:00:21.943">
  <scavenger-info tenureage="14" tenuremask="4000" tiltratio="89" />
  <memory-copied type="nursery" objects="14" bytes="33096" bytesdiscarded="6072" />
</gc-op>
<gc-end id="829" type="scavenge" contextid="825" durationms="0.643" usertimems="0.000" systemtimems="0.000" timestamp="2019-07-02T19:00:21.943" activeThreads="4">
  <mem-info id="830" free="6324528" total="11534336" percent="54">
    <mem type="nursery" free="3696384" total="4194304" percent="88">
      <mem type="allocate" free="3696384" total="3735552" percent="98" />
      <mem type="survivor" free="0" total="458752" percent="0" />
    </mem>
    <mem type="tenure" free="2628144" total="7340032" percent="35">
      <mem type="soa" free="2261552" total="6973440" percent="32" />
      <mem type="loa" free="366592" total="366592" percent="100" />
    </mem>
    <remembered-set count="74" />
  </mem-info>
</gc-end>
<cycle-end id="831" type="scavenge" contextid="825" timestamp="2019-07-02T19:00:21.943">
  <attribute name="GC Util" value="2" />
  <attribute name="CPU Util" value="1013671097866" />
  <attribute name="Time Running"value="5953"/>
  <attribute name="Number of cores"value="4"/>
</cycle-end>
<allocation-satisfied id="832" threadId="0000000000D90700" bytesRequested="24" />
<af-end id="833" timestamp="2019-07-02T19:00:21.943" threadId="0000000000D91088" success="true" from="nursery"/>
<exclusive-end id="834" timestamp="2019-07-02T19:00:21.943" durationms="1.449" />

<exclusive-start id="835" timestamp="2019-07-02T19:00:21.960" intervalms="18.278">
  <response-info timems="0.077" idlems="0.077" threads="0" lastid="0000000000D90700" lastname="main" />
</exclusive-start>
<af-start id="836" threadId="0000000000D91088" totalBytesRequested="24" timestamp="2019-07-02T19:00:21.960" intervalms="18.278" type="nursery" />
<cycle-start id="837" type="scavenge" contextid="0" timestamp="2019-07-02T19:00:21.960" intervalms="18.278" />
  <attribute name="GC Util" value="2" />
  <attribute name="CPU Util" value="1013671097866" />
  <attribute name="Time Running"value="5953"/>
  <attribute name="Number of cores"value="4"/>
<gc-start id="838" type="scavenge" contextid="837" timestamp="2019-07-02T19:00:21.961">
  <mem-info id="839" free="2628144" total="11534336" percent="22">
    <mem type="nursery" free="0" total="4194304" percent="0">
      <mem type="allocate" free="0" total="3735552" percent="0" />
      <mem type="survivor" free="0" total="458752" percent="0" />
    </mem>
    <mem type="tenure" free="2628144" total="7340032" percent="35">
      <mem type="soa" free="2261552" total="6973440" percent="32" />
      <mem type="loa" free="366592" total="366592" percent="100" />
    </mem>
    <remembered-set count="74" />
  </mem-info>
</gc-start>
<allocation-stats totalBytes="3696120" >
  <allocated-bytes non-tlh="24" tlh="3696096" />
  <largest-consumer threadName="main" threadId="0000000000D90700" bytes="3696120" />
</allocation-stats>
<gc-op id="840" type="scavenge" timems="0.150" contextid="837" timestamp="2019-07-02T19:00:21.961">
  <scavenger-info tenureage="3" tenuremask="fff8" tiltratio="89" />
  <memory-copied type="nursery" objects="13" bytes="33072" bytesdiscarded="6096" />
</gc-op>
<gc-end id="841" type="scavenge" contextid="837" durationms="0.529" usertimems="4.000" systemtimems="0.000" timestamp="2019-07-02T19:00:21.961" activeThreads="4">
  <mem-info id="842" free="6324528" total="11534336" percent="54">
    <mem type="nursery" free="3696384" total="4194304" percent="88">
      <mem type="allocate" free="3696384" total="3735552" percent="98" />
      <mem type="survivor" free="0" total="458752" percent="0" />
    </mem>
    <mem type="tenure" free="2628144" total="7340032" percent="35">
      <mem type="soa" free="2261552" total="6973440" percent="32" />
      <mem type="loa" free="366592" total="366592" percent="100" />
    </mem>
    <remembered-set count="74" />
  </mem-info>
</gc-end>
<cycle-end id="843" type="scavenge" contextid="837" timestamp="2019-07-02T19:00:21.961">
  <attribute name="GC Util" value="2" />
  <attribute name="CPU Util" value="1011726086389" />
  <attribute name="Time Running"value="5971"/>
  <attribute name="Number of cores"value="4"/>
</cycle-end>
<allocation-satisfied id="844" threadId="0000000000D90700" bytesRequested="24" />
<af-end id="845" timestamp="2019-07-02T19:00:21.961" threadId="0000000000D91088" success="true" from="nursery"/>
<exclusive-end id="846" timestamp="2019-07-02T19:00:21.961" durationms="1.308" />

<exclusive-start id="847" timestamp="2019-07-02T19:00:21.978" intervalms="18.056">
  <response-info timems="0.063" idlems="0.063" threads="0" lastid="0000000000D90700" lastname="main" />
</exclusive-start>
<af-start id="848" threadId="0000000000D91088" totalBytesRequested="24" timestamp="2019-07-02T19:00:21.978" intervalms="18.035" type="nursery" />
<cycle-start id="849" type="scavenge" contextid="0" timestamp="2019-07-02T19:00:21.978" intervalms="18.035" />
  <attribute name="GC Util" value="2" />
  <attribute name="CPU Util" value="1011726086389" />
  <attribute name="Time Running"value="5971"/>
  <attribute name="Number of cores"value="4"/>
<gc-start id="850" type="scavenge" contextid="849" timestamp="2019-07-02T19:00:21.979">
  <mem-info id="851" free="2628144" total="11534336" percent="22">
    <mem type="nursery" free="0" total="4194304" percent="0">
      <mem type="allocate" free="0" total="3735552" percent="0" />
      <mem type="survivor" free="0" total="458752" percent="0" />
    </mem>
    <mem type="tenure" free="2628144" total="7340032" percent="35">
      <mem type="soa" free="2261552" total="6973440" percent="32" />
      <mem type="loa" free="366592" total="366592" percent="100" />
    </mem>
    <remembered-set count="74" />
  </mem-info>
</gc-start>
<allocation-stats totalBytes="3696080" >
  <allocated-bytes non-tlh="24" tlh="3696056" />
  <largest-consumer threadName="main" threadId="0000000000D90700" bytes="3696080" />
</allocation-stats>
<gc-op id="852" type="scavenge" timems="0.177" contextid="849" timestamp="2019-07-02T19:00:21.979">
  <scavenger-info tenureage="3" tenuremask="fff8" tiltratio="89" />
  <memory-copied type="nursery" objects="14" bytes="33096" bytesdiscarded="6072" />
</gc-op>
<gc-end id="853" type="scavenge" contextid="849" durationms="0.558" usertimems="0.000" systemtimems="0.000" timestamp="2019-07-02T19:00:21.979" activeThreads="4">
  <mem-info id="854" free="6324528" total="11534336" percent="54">
    <mem type="nursery" free="3696384" total="4194304" percent="88">
      <mem type="allocate" free="3696384" total="3735552" percent="98" />
      <mem type="survivor" free="0" total="458752" percent="0" />
    </mem>
    <mem type="tenure" free="2628144" total="7340032" percent="35">
      <mem type="soa" free="2261552" total="6973440" percent="32" />
      <mem type="loa" free="366592" total="366592" percent="100" />
    </mem>
    <remembered-set count="74" />
  </mem-info>
</gc-end>
<cycle-end id="855" type="scavenge" contextid="849" timestamp="2019-07-02T19:00:21.979">
  <attribute name="GC Util" value="2" />
  <attribute name="CPU Util" value="1023188947337" />
  <attribute name="Time Running"value="5989"/>
  <attribute name="Number of cores"value="4"/>
</cycle-end>
<allocation-satisfied id="856" threadId="0000000000D90700" bytesRequested="24" />
<af-end id="857" timestamp="2019-07-02T19:00:21.979" threadId="0000000000D91088" success="true" from="nursery"/>
<exclusive-end id="858" timestamp="2019-07-02T19:00:21.979" durationms="1.316" />

<exclusive-start id="859" timestamp="2019-07-02T19:00:21.996" intervalms="17.984">
  <response-info timems="0.067" idlems="0.067" threads="0" lastid="0000000000D90700" lastname="main" />
</exclusive-start>
<af-start id="860" threadId="0000000000D91088" totalBytesRequested="24" timestamp="2019-07-02T19:00:21.996" intervalms="18.000" type="nursery" />
<cycle-start id="861" type="scavenge" contextid="0" timestamp="2019-07-02T19:00:21.996" intervalms="17.998" />
  <attribute name="GC Util" value="2" />
  <attribute name="CPU Util" value="1023188947337" />
  <attribute name="Time Running"value="5989"/>
  <attribute name="Number of cores"value="4"/>
<gc-start id="862" type="scavenge" contextid="861" timestamp="2019-07-02T19:00:21.997">
  <mem-info id="863" free="2628144" total="11534336" percent="22">
    <mem type="nursery" free="0" total="4194304" percent="0">
      <mem type="allocate" free="0" total="3735552" percent="0" />
      <mem type="survivor" free="0" total="458752" percent="0" />
    </mem>
    <mem type="tenure" free="2628144" total="7340032" percent="35">
      <mem type="soa" free="2261552" total="6973440" percent="32" />
      <mem type="loa" free="366592" total="366592" percent="100" />
    </mem>
    <remembered-set count="74" />
  </mem-info>
</gc-start>
<allocation-stats totalBytes="3696096" >
  <allocated-bytes non-tlh="24" tlh="3696072" />
  <largest-consumer threadName="main" threadId="0000000000D90700" bytes="3696096" />
</allocation-stats>
<gc-op id="864" type="scavenge" timems="0.178" contextid="861" timestamp="2019-07-02T19:00:21.997">
  <scavenger-info tenureage="3" tenuremask="fff8" tiltratio="89" />
  <memory-copied type="nursery" objects="13" bytes="33072" bytesdiscarded="6096" />
</gc-op>
<gc-end id="865" type="scavenge" contextid="861" durationms="0.621" usertimems="0.000" systemtimems="0.000" timestamp="2019-07-02T19:00:21.997" activeThreads="4">
  <mem-info id="866" free="6324528" total="11534336" percent="54">
    <mem type="nursery" free="3696384" total="4194304" percent="88">
      <mem type="allocate" free="3696384" total="3735552" percent="98" />
      <mem type="survivor" free="0" total="458752" percent="0" />
    </mem>
    <mem type="tenure" free="2628144" total="7340032" percent="35">
      <mem type="soa" free="2261552" total="6973440" percent="32" />
      <mem type="loa" free="366592" total="366592" percent="100" />
    </mem>
    <remembered-set count="74" />
  </mem-info>
</gc-end>
<cycle-end id="867" type="scavenge" contextid="861" timestamp="2019-07-02T19:00:21.997">
  <attribute name="GC Util" value="2" />
  <attribute name="CPU Util" value="1025622119789" />
  <attribute name="Time Running"value="6007"/>
  <attribute name="Number of cores"value="4"/>
</cycle-end>
<allocation-satisfied id="868" threadId="0000000000D90700" bytesRequested="24" />
<af-end id="869" timestamp="2019-07-02T19:00:21.997" threadId="0000000000D91088" success="true" from="nursery"/>
<exclusive-end id="870" timestamp="2019-07-02T19:00:21.997" durationms="1.348" />

<exclusive-start id="871" timestamp="2019-07-02T19:00:22.014" intervalms="18.217">
  <response-info timems="0.072" idlems="0.072" threads="0" lastid="0000000000D90700" lastname="main" />
</exclusive-start>
<af-start id="872" threadId="0000000000D91088" totalBytesRequested="24" timestamp="2019-07-02T19:00:22.014" intervalms="18.216" type="nursery" />
<cycle-start id="873" type="scavenge" contextid="0" timestamp="2019-07-02T19:00:22.015" intervalms="18.219" />
  <attribute name="GC Util" value="2" />
  <attribute name="CPU Util" value="1025622119789" />
  <attribute name="Time Running"value="6007"/>
  <attribute name="Number of cores"value="4"/>
<gc-start id="874" type="scavenge" contextid="873" timestamp="2019-07-02T19:00:22.015">
  <mem-info id="875" free="2628144" total="11534336" percent="22">
    <mem type="nursery" free="0" total="4194304" percent="0">
      <mem type="allocate" free="0" total="3735552" percent="0" />
      <mem type="survivor" free="0" total="458752" percent="0" />
    </mem>
    <mem type="tenure" free="2628144" total="7340032" percent="35">
      <mem type="soa" free="2261552" total="6973440" percent="32" />
      <mem type="loa" free="366592" total="366592" percent="100" />
    </mem>
    <remembered-set count="74" />
  </mem-info>
</gc-start>
<allocation-stats totalBytes="3696104" >
  <allocated-bytes non-tlh="24" tlh="3696080" />
  <largest-consumer threadName="main" threadId="0000000000D90700" bytes="3696104" />
</allocation-stats>
<gc-op id="876" type="scavenge" timems="0.199" contextid="873" timestamp="2019-07-02T19:00:22.015">
  <scavenger-info tenureage="3" tenuremask="fff8" tiltratio="89" />
  <memory-copied type="nursery" objects="14" bytes="33096" bytesdiscarded="6072" />
</gc-op>
<gc-end id="877" type="scavenge" contextid="873" durationms="0.628" usertimems="0.000" systemtimems="0.000" timestamp="2019-07-02T19:00:22.015" activeThreads="4">
  <mem-info id="878" free="6324528" total="11534336" percent="54">
    <mem type="nursery" free="3696384" total="4194304" percent="88">
      <mem type="allocate" free="3696384" total="3735552" percent="98" />
      <mem type="survivor" free="0" total="458752" percent="0" />
    </mem>
    <mem type="tenure" free="2628144" total="7340032" percent="35">
      <mem type="soa" free="2261552" total="6973440" percent="32" />
      <mem type="loa" free="366592" total="366592" percent="100" />
    </mem>
    <remembered-set count="74" />
  </mem-info>
</gc-end>
<cycle-end id="879" type="scavenge" contextid="873" timestamp="2019-07-02T19:00:22.016">
  <attribute name="GC Util" value="2" />
  <attribute name="CPU Util" value="1010080967193" />
  <attribute name="Time Running"value="6026"/>
  <attribute name="Number of cores"value="4"/>
</cycle-end>
<allocation-satisfied id="880" threadId="0000000000D90700" bytesRequested="24" />
<af-end id="881" timestamp="2019-07-02T19:00:22.016" threadId="0000000000D91088" success="true" from="nursery"/>
<exclusive-end id="882" timestamp="2019-07-02T19:00:22.016" durationms="1.349" />

</verbosegc>

