<?xml version="1.0" ?>

<verbosegc xmlns="http://www.ibm.com/j9/verbosegc" version="25b0271_CMPRSS">

<initialized id="1" timestamp="2019-07-02T18:59:45.974">
  <attribute name="gcPolicy" value="-Xgcpolicy:gencon" />
  <attribute name="GC Util" value="0" />
  <attribute name="CPU Util" value="0" />
  <attribute name="Time Running"value="0"/>
  <attribute name="Number of cores"value="0"/>
  <attribute name="maxHeapSize" value="0x7cbc0000" />
  <attribute name="initialHeapSize" value="0x800000" />
  <attribute name="compressedRefs" value="true" />
  <attribute name="compressedRefsDisplacement" value="0x0" />
  <attribute name="compressedRefsShift" value="0x0" />
  <attribute name="pageSize" value="0x1000" />
  <attribute name="pageType" value="not used" />
  <attribute name="requestedPageSize" value="0x1000" />
  <attribute name="requestedPageType" value="not used" />
  <attribute name="gcthreads" value="4" />
  <attribute name="gcthreads Concurrent Mark" value="1" />
  <attribute name="packetListSplit" value="4" />
  <attribute name="cacheListSplit" value="4" />
  <attribute name="splitFreeListSplitAmount" value="1" />
  <attribute name="numaNodes" value="0" />
  <system>
    <attribute name="physicalMemory" value="8370962432" />
    <attribute name="numCPUs" value="4" />
    <attribute name="architecture" value="amd64" />
    <attribute name="os" value="Linux" />
    <attribute name="osVersion" value="4.4.0-148-generic" />
  </system>
  <vmargs>
    <vmarg name="-Xoptionsfile=/vagrant/jdk/lib/options.default" />
    <vmarg name="-Xlockword:mode=default,noLockword=java/lang/String,noLockword=java/util/MapEntry,noLockword=java/util/HashMap$Entry,noLockword..." />
    <vmarg name="-Xjcl:jclse11_29" />
    <vmarg name="-Dcom.ibm.oti.vm.bootstrap.library.path=/vagrant/jdk/lib/compressedrefs:/vagrant/jdk/lib" />
    <vmarg name="-Dsun.boot.library.path=/vagrant/jdk/lib/compressedrefs:/vagrant/jdk/lib" />
    <vmarg name="-Djava.library.path=/vagrant/jdk/lib/compressedrefs:/vagrant/jdk/lib:/usr/lib64:/usr/lib" />
    <vmarg name="-Djava.home=/vagrant/jdk" />
    <vmarg name="-Duser.dir=/vagrant" />
    <vmarg name="-verbose:gc" />
    <vmarg name="-Xloggc:small-jdkF-verbose11jython.txt" />
    <vmarg name="-Djava.class.path=dacapo-9.12-MR1-bach.jar" />
    <vmarg name="-Dsun.java.command=dacapo-9.12-MR1-bach.jar jython --size=small" />
    <vmarg name="-Dsun.java.launcher=SUN_STANDARD" />
    <vmarg name="-Dsun.java.launcher.pid=3383" />
  </vmargs>
</initialized>

<exclusive-start id="2" timestamp="2019-07-02T18:59:46.117" intervalms="142.384">
  <response-info timems="0.019" idlems="0.019" threads="0" lastid="000000000161F700" lastname="main" />
</exclusive-start>
<af-start id="3" threadId="0000000001620088" totalBytesRequested="15632" timestamp="2019-07-02T18:59:46.117" intervalms="142.631" type="nursery" />
<cycle-start id="4" type="scavenge" contextid="0" timestamp="2019-07-02T18:59:46.117" intervalms="142.935" />
  <attribute name="GC Util" value="0" />
  <attribute name="CPU Util" value="38" />
  <attribute name="Time Running"value="0"/>
  <attribute name="Number of cores"value="4"/>
<gc-start id="5" type="scavenge" contextid="4" timestamp="2019-07-02T18:59:46.117">
  <mem-info id="6" free="6065704" total="8388608" percent="72">
    <mem type="nursery" free="0" total="2097152" percent="0">
      <mem type="allocate" free="0" total="1048576" percent="0" />
      <mem type="survivor" free="0" total="1048576" percent="0" />
    </mem>
    <mem type="tenure" free="6065704" total="6291456" percent="96">
      <mem type="soa" free="5751336" total="5977088" percent="96" />
      <mem type="loa" free="314368" total="314368" percent="100" />
    </mem>
    <remembered-set count="3122" />
  </mem-info>
</gc-start>
<allocation-stats totalBytes="1259520" >
  <allocated-bytes non-tlh="300120" tlh="959400" />
  <largest-consumer threadName="main" threadId="000000000161F700" bytes="1183888" />
</allocation-stats>
<gc-op id="7" type="scavenge" timems="1.729" contextid="4" timestamp="2019-07-02T18:59:46.119">
  <scavenger-info tenureage="2" tenuremask="fffc" tiltratio="50" />
  <memory-copied type="nursery" objects="10438" bytes="495616" bytesdiscarded="145064" />
  <finalization candidates="16" enqueued="0" />
  <references type="soft" candidates="62" cleared="0" enqueued="0" dynamicThreshold="32" maxThreshold="32" />
  <references type="weak" candidates="307" cleared="155" enqueued="117" />
  <references type="phantom" candidates="19" cleared="3" enqueued="3" />
</gc-op>
<gc-end id="8" type="scavenge" contextid="4" durationms="2.153" usertimems="4.000" systemtimems="0.000" timestamp="2019-07-02T18:59:46.120" activeThreads="4">
  <mem-info id="9" free="6471512" total="8388608" percent="77">
    <mem type="nursery" free="405808" total="2097152" percent="19">
      <mem type="allocate" free="405808" total="1048576" percent="38" />
      <mem type="survivor" free="0" total="1048576" percent="0" />
    </mem>
    <mem type="tenure" free="6065704" total="6291456" percent="96">
      <mem type="soa" free="5751336" total="5977088" percent="96" />
      <mem type="loa" free="314368" total="314368" percent="100" />
    </mem>
    <pending-finalizers system="0" default="0" reference="120" classloader="0" />
    <remembered-set count="3122" />
  </mem-info>
</gc-end>
<cycle-end id="10" type="scavenge" contextid="4" timestamp="2019-07-02T18:59:46.120">
  <attribute name="GC Util" value="0" />
  <attribute name="CPU Util" value="106" />
  <attribute name="Time Running"value="18"/>
  <attribute name="Number of cores"value="4"/>
</cycle-end>
<allocation-satisfied id="11" threadId="000000000161F700" bytesRequested="15632" />
<af-end id="12" timestamp="2019-07-02T18:59:46.120" threadId="0000000001620088" success="true" from="nursery"/>
<exclusive-end id="13" timestamp="2019-07-02T18:59:46.120" durationms="3.177" />

<exclusive-start id="14" timestamp="2019-07-02T18:59:46.135" intervalms="18.884">
  <response-info timems="0.022" idlems="0.022" threads="0" lastid="000000000161F700" lastname="main" />
</exclusive-start>
<af-start id="15" threadId="0000000001620088" totalBytesRequested="80" timestamp="2019-07-02T18:59:46.136" intervalms="18.739" type="nursery" />
<cycle-start id="16" type="scavenge" contextid="0" timestamp="2019-07-02T18:59:46.136" intervalms="18.529" />
  <attribute name="GC Util" value="0" />
  <attribute name="CPU Util" value="106" />
  <attribute name="Time Running"value="18"/>
  <attribute name="Number of cores"value="4"/>
<gc-start id="17" type="scavenge" contextid="16" timestamp="2019-07-02T18:59:46.136">
  <mem-info id="18" free="6055824" total="8388608" percent="72">
    <mem type="nursery" free="0" total="2097152" percent="0">
      <mem type="allocate" free="0" total="1048576" percent="0" />
      <mem type="survivor" free="0" total="1048576" percent="0" />
    </mem>
    <mem type="tenure" free="6055824" total="6291456" percent="96">
      <mem type="soa" free="5741456" total="5977088" percent="96" />
      <mem type="loa" free="314368" total="314368" percent="100" />
    </mem>
    <remembered-set count="3259" />
  </mem-info>
</gc-start>
<allocation-stats totalBytes="414952" >
  <allocated-bytes non-tlh="25512" tlh="389440" />
  <largest-consumer threadName="main" threadId="000000000161F700" bytes="402976" />
</allocation-stats>
<gc-op id="19" type="scavenge" timems="0.911" contextid="16" timestamp="2019-07-02T18:59:46.137">
  <scavenger-info tenureage="9" tenuremask="7e00" tiltratio="50" />
  <memory-copied type="nursery" objects="10922" bytes="485912" bytesdiscarded="114392" />
  <finalization candidates="16" enqueued="0" />
  <references type="soft" candidates="62" cleared="0" enqueued="0" dynamicThreshold="32" maxThreshold="32" />
  <references type="weak" candidates="281" cleared="117" enqueued="114" />
  <references type="phantom" candidates="41" cleared="14" enqueued="14" />
</gc-op>
<gc-end id="20" type="scavenge" contextid="16" durationms="1.170" usertimems="4.000" systemtimems="0.000" timestamp="2019-07-02T18:59:46.137" activeThreads="4">
  <mem-info id="21" free="6502632" total="8388608" percent="77">
    <mem type="nursery" free="446808" total="2097152" percent="21">
      <mem type="allocate" free="446808" total="1048576" percent="42" />
      <mem type="survivor" free="0" total="1048576" percent="0" />
    </mem>
    <mem type="tenure" free="6055824" total="6291456" percent="96">
      <mem type="soa" free="5741456" total="5977088" percent="96" />
      <mem type="loa" free="314368" total="314368" percent="100" />
    </mem>
    <pending-finalizers system="0" default="0" reference="128" classloader="0" />
    <remembered-set count="3259" />
  </mem-info>
</gc-end>
<cycle-end id="22" type="scavenge" contextid="16" timestamp="2019-07-02T18:59:46.137">
  <attribute name="GC Util" value="19" />
  <attribute name="CPU Util" value="197" />
  <attribute name="Time Running"value="37"/>
  <attribute name="Number of cores"value="4"/>
</cycle-end>
<allocation-satisfied id="23" threadId="000000000161F700" bytesRequested="80" />
<af-end id="24" timestamp="2019-07-02T18:59:46.137" threadId="0000000001620088" success="true" from="nursery"/>
<exclusive-end id="25" timestamp="2019-07-02T18:59:46.137" durationms="1.691" />

<exclusive-start id="26" timestamp="2019-07-02T18:59:46.152" intervalms="17.031">
  <response-info timems="0.021" idlems="0.021" threads="0" lastid="000000000161F700" lastname="main" />
</exclusive-start>
<af-start id="27" threadId="0000000001620088" totalBytesRequested="16392" timestamp="2019-07-02T18:59:46.153" intervalms="17.031" type="nursery" />
<cycle-start id="28" type="scavenge" contextid="0" timestamp="2019-07-02T18:59:46.153" intervalms="17.027" />
  <attribute name="GC Util" value="19" />
  <attribute name="CPU Util" value="197" />
  <attribute name="Time Running"value="37"/>
  <attribute name="Number of cores"value="4"/>
<gc-start id="29" type="scavenge" contextid="28" timestamp="2019-07-02T18:59:46.153">
  <mem-info id="30" free="6053048" total="8388608" percent="72">
    <mem type="nursery" free="0" total="2097152" percent="0">
      <mem type="allocate" free="0" total="1048576" percent="0" />
      <mem type="survivor" free="0" total="1048576" percent="0" />
    </mem>
    <mem type="tenure" free="6053048" total="6291456" percent="96">
      <mem type="soa" free="5738680" total="5977088" percent="96" />
      <mem type="loa" free="314368" total="314368" percent="100" />
    </mem>
    <remembered-set count="3293" />
  </mem-info>
</gc-start>
<allocation-stats totalBytes="444864" >
  <allocated-bytes non-tlh="2856" tlh="442008" />
  <largest-consumer threadName="main" threadId="000000000161F700" bytes="436672" />
</allocation-stats>
<gc-op id="31" type="scavenge" timems="0.908" contextid="28" timestamp="2019-07-02T18:59:46.154">
  <scavenger-info tenureage="8" tenuremask="7f00" tiltratio="50" />
  <memory-copied type="nursery" objects="10867" bytes="504120" bytesdiscarded="118864" />
  <finalization candidates="16" enqueued="0" />
  <references type="soft" candidates="62" cleared="0" enqueued="0" dynamicThreshold="32" maxThreshold="32" />
  <references type="weak" candidates="244" cleared="78" enqueued="78" />
  <references type="phantom" candidates="39" cleared="10" enqueued="10" />
</gc-op>
<gc-end id="32" type="scavenge" contextid="28" durationms="1.095" usertimems="4.000" systemtimems="0.000" timestamp="2019-07-02T18:59:46.154" activeThreads="4">
  <mem-info id="33" free="6477184" total="8388608" percent="77">
    <mem type="nursery" free="424136" total="2097152" percent="20">
      <mem type="allocate" free="424136" total="1048576" percent="40" />
      <mem type="survivor" free="0" total="1048576" percent="0" />
    </mem>
    <mem type="tenure" free="6053048" total="6291456" percent="96">
      <mem type="soa" free="5738680" total="5977088" percent="96" />
      <mem type="loa" free="314368" total="314368" percent="100" />
    </mem>
    <pending-finalizers system="0" default="0" reference="88" classloader="0" />
    <remembered-set count="1066" />
  </mem-info>
</gc-end>
<cycle-end id="34" type="scavenge" contextid="28" timestamp="2019-07-02T18:59:46.154">
  <attribute name="GC Util" value="10" />
  <attribute name="CPU Util" value="27" />
  <attribute name="Time Running"value="54"/>
  <attribute name="Number of cores"value="4"/>
</cycle-end>
<allocation-satisfied id="35" threadId="000000000161F700" bytesRequested="16392" />
<af-end id="36" timestamp="2019-07-02T18:59:46.154" threadId="0000000001620088" success="true" from="nursery"/>
<exclusive-end id="37" timestamp="2019-07-02T18:59:46.154" durationms="1.640" />

<exclusive-start id="38" timestamp="2019-07-02T18:59:46.348" intervalms="195.043">
  <response-info timems="0.026" idlems="0.026" threads="0" lastid="000000000161F700" lastname="main" />
</exclusive-start>
<af-start id="39" threadId="0000000001620088" totalBytesRequested="43048" timestamp="2019-07-02T18:59:46.348" intervalms="195.032" type="nursery" />
<cycle-start id="40" type="scavenge" contextid="0" timestamp="2019-07-02T18:59:46.348" intervalms="194.995" />
  <attribute name="GC Util" value="10" />
  <attribute name="CPU Util" value="27" />
  <attribute name="Time Running"value="54"/>
  <attribute name="Number of cores"value="4"/>
<gc-start id="41" type="scavenge" contextid="40" timestamp="2019-07-02T18:59:46.348">
  <mem-info id="42" free="6049328" total="8388608" percent="72">
    <mem type="nursery" free="0" total="2097152" percent="0">
      <mem type="allocate" free="0" total="1048576" percent="0" />
      <mem type="survivor" free="0" total="1048576" percent="0" />
    </mem>
    <mem type="tenure" free="6049328" total="6291456" percent="96">
      <mem type="soa" free="5734960" total="5977088" percent="95" />
      <mem type="loa" free="314368" total="314368" percent="100" />
    </mem>
    <remembered-set count="1132" />
  </mem-info>
</gc-start>
<allocation-stats totalBytes="427720" >
  <allocated-bytes non-tlh="20112" tlh="407608" />
  <largest-consumer threadName="main" threadId="000000000161F700" bytes="427720" />
</allocation-stats>
<gc-op id="43" type="scavenge" timems="1.057" contextid="40" timestamp="2019-07-02T18:59:46.349">
  <scavenger-info tenureage="3" tenuremask="fff8" tiltratio="50" />
  <memory-copied type="nursery" objects="749" bytes="98576" bytesdiscarded="49592" />
  <memory-copied type="tenure" objects="10227" bytes="457400" bytesdiscarded="128" />
  <finalization candidates="18" enqueued="0" />
  <references type="soft" candidates="1" cleared="0" enqueued="0" dynamicThreshold="32" maxThreshold="32" />
  <references type="weak" candidates="63" cleared="48" enqueued="48" />
  <references type="phantom" candidates="24" cleared="10" enqueued="10" />
</gc-op>
<gc-end id="44" type="scavenge" contextid="40" durationms="1.221" usertimems="0.000" systemtimems="0.000" timestamp="2019-07-02T18:59:46.349" activeThreads="4">
  <mem-info id="45" free="6392216" total="8388608" percent="76">
    <mem type="nursery" free="900352" total="2097152" percent="42">
      <mem type="allocate" free="900352" total="1048576" percent="85" />
      <mem type="survivor" free="0" total="1048576" percent="0" />
    </mem>
    <mem type="tenure" free="5491864" total="6291456" percent="87">
      <mem type="soa" free="5177496" total="5977088" percent="86" />
      <mem type="loa" free="314368" total="314368" percent="100" />
    </mem>
    <pending-finalizers system="0" default="0" reference="58" classloader="0" />
    <remembered-set count="211" />
  </mem-info>
</gc-end>
<cycle-end id="46" type="scavenge" contextid="40" timestamp="2019-07-02T18:59:46.349">
  <attribute name="GC Util" value="0" />
  <attribute name="CPU Util" value="129" />
  <attribute name="Time Running"value="249"/>
  <attribute name="Number of cores"value="4"/>
</cycle-end>
<allocation-satisfied id="47" threadId="000000000161F700" bytesRequested="43048" />
<af-end id="48" timestamp="2019-07-02T18:59:46.349" threadId="0000000001620088" success="true" from="nursery"/>
<exclusive-end id="49" timestamp="2019-07-02T18:59:46.349" durationms="1.664" />

<exclusive-start id="50" timestamp="2019-07-02T18:59:46.533" intervalms="185.505">
  <response-info timems="0.026" idlems="0.026" threads="0" lastid="000000000161F700" lastname="main" />
</exclusive-start>
<af-start id="51" threadId="0000000001620088" totalBytesRequested="2056" timestamp="2019-07-02T18:59:46.533" intervalms="185.495" type="nursery" />
<cycle-start id="52" type="scavenge" contextid="0" timestamp="2019-07-02T18:59:46.533" intervalms="185.493" />
  <attribute name="GC Util" value="0" />
  <attribute name="CPU Util" value="129" />
  <attribute name="Time Running"value="249"/>
  <attribute name="Number of cores"value="4"/>
<gc-start id="53" type="scavenge" contextid="52" timestamp="2019-07-02T18:59:46.533">
  <mem-info id="54" free="5490944" total="8388608" percent="65">
    <mem type="nursery" free="0" total="2097152" percent="0">
      <mem type="allocate" free="0" total="1048576" percent="0" />
      <mem type="survivor" free="0" total="1048576" percent="0" />
    </mem>
    <mem type="tenure" free="5490944" total="6291456" percent="87">
      <mem type="soa" free="5176576" total="5977088" percent="86" />
      <mem type="loa" free="314368" total="314368" percent="100" />
    </mem>
    <remembered-set count="231" />
  </mem-info>
</gc-start>
<allocation-stats totalBytes="897080" >
  <allocated-bytes non-tlh="76672" tlh="820408" />
  <largest-consumer threadName="main" threadId="000000000161F700" bytes="897080" />
</allocation-stats>
<gc-op id="55" type="scavenge" timems="0.444" contextid="52" timestamp="2019-07-02T18:59:46.534">
  <scavenger-info tenureage="3" tenuremask="ffe8" tiltratio="50" />
  <memory-copied type="nursery" objects="456" bytes="204400" bytesdiscarded="118056" />
  <memory-copied type="tenure" objects="328" bytes="17248" bytesdiscarded="0" />
  <finalization candidates="3" enqueued="1" />
  <references type="soft" candidates="1" cleared="0" enqueued="0" dynamicThreshold="32" maxThreshold="32" />
  <references type="weak" candidates="11" cleared="9" enqueued="9" />
  <references type="phantom" candidates="12" cleared="7" enqueued="7" />
</gc-op>
<gc-end id="56" type="scavenge" contextid="52" durationms="0.600" usertimems="4.000" systemtimems="0.000" timestamp="2019-07-02T18:59:46.534" activeThreads="4">
  <mem-info id="57" free="6177816" total="8388608" percent="73">
    <mem type="nursery" free="726040" total="2097152" percent="34">
      <mem type="allocate" free="726040" total="1048576" percent="69" />
      <mem type="survivor" free="0" total="1048576" percent="0" />
    </mem>
    <mem type="tenure" free="5451776" total="6291456" percent="86">
      <mem type="soa" free="5137408" total="5977088" percent="85" />
      <mem type="loa" free="314368" total="314368" percent="100" />
    </mem>
    <pending-finalizers system="1" default="0" reference="16" classloader="0" />
    <remembered-set count="182" />
  </mem-info>
</gc-end>
<cycle-end id="58" type="scavenge" contextid="52" timestamp="2019-07-02T18:59:46.534">
  <attribute name="GC Util" value="1" />
  <attribute name="CPU Util" value="135" />
  <attribute name="Time Running"value="434"/>
  <attribute name="Number of cores"value="4"/>
</cycle-end>
<allocation-satisfied id="59" threadId="000000000161F700" bytesRequested="2056" />
<af-end id="60" timestamp="2019-07-02T18:59:46.534" threadId="0000000001620088" success="true" from="nursery"/>
<exclusive-end id="61" timestamp="2019-07-02T18:59:46.534" durationms="1.058" />

<exclusive-start id="62" timestamp="2019-07-02T18:59:46.683" intervalms="149.547">
  <response-info timems="0.030" idlems="0.030" threads="0" lastid="000000000161F700" lastname="main" />
</exclusive-start>
<af-start id="63" threadId="0000000001620088" totalBytesRequested="2056" timestamp="2019-07-02T18:59:46.683" intervalms="149.542" type="nursery" />
<cycle-start id="64" type="scavenge" contextid="0" timestamp="2019-07-02T18:59:46.683" intervalms="149.545" />
  <attribute name="GC Util" value="1" />
  <attribute name="CPU Util" value="135" />
  <attribute name="Time Running"value="434"/>
  <attribute name="Number of cores"value="4"/>
<gc-start id="65" type="scavenge" contextid="64" timestamp="2019-07-02T18:59:46.683">
  <mem-info id="66" free="5451776" total="8388608" percent="64">
    <mem type="nursery" free="0" total="2097152" percent="0">
      <mem type="allocate" free="0" total="1048576" percent="0" />
      <mem type="survivor" free="0" total="1048576" percent="0" />
    </mem>
    <mem type="tenure" free="5451776" total="6291456" percent="86">
      <mem type="soa" free="5137408" total="5977088" percent="85" />
      <mem type="loa" free="314368" total="314368" percent="100" />
    </mem>
    <remembered-set count="184" />
  </mem-info>
</gc-start>
<allocation-stats totalBytes="720960" >
  <allocated-bytes non-tlh="2056" tlh="718904" />
  <largest-consumer threadName="main" threadId="000000000161F700" bytes="720960" />
</allocation-stats>
<gc-op id="67" type="scavenge" timems="0.273" contextid="64" timestamp="2019-07-02T18:59:46.683">
  <scavenger-info tenureage="5" tenuremask="ffe0" tiltratio="50" />
  <memory-copied type="nursery" objects="419" bytes="86632" bytesdiscarded="47184" />
  <finalization candidates="2" enqueued="0" />
  <references type="soft" candidates="1" cleared="0" enqueued="0" dynamicThreshold="32" maxThreshold="32" />
  <references type="weak" candidates="2" cleared="0" enqueued="0" />
  <references type="phantom" candidates="5" cleared="0" enqueued="0" />
</gc-op>
<gc-end id="68" type="scavenge" contextid="64" durationms="0.458" usertimems="0.000" systemtimems="0.000" timestamp="2019-07-02T18:59:46.683" activeThreads="4">
  <mem-info id="69" free="6431992" total="8388608" percent="76">
    <mem type="nursery" free="980216" total="2097152" percent="46">
      <mem type="allocate" free="980216" total="1114112" percent="87" />
      <mem type="survivor" free="0" total="983040" percent="0" />
    </mem>
    <mem type="tenure" free="5451776" total="6291456" percent="86">
      <mem type="soa" free="5137408" total="5977088" percent="85" />
      <mem type="loa" free="314368" total="314368" percent="100" />
    </mem>
    <remembered-set count="112" />
  </mem-info>
</gc-end>
<cycle-end id="70" type="scavenge" contextid="64" timestamp="2019-07-02T18:59:46.683">
  <attribute name="GC Util" value="0" />
  <attribute name="CPU Util" value="140" />
  <attribute name="Time Running"value="584"/>
  <attribute name="Number of cores"value="4"/>
</cycle-end>
<allocation-satisfied id="71" threadId="000000000161F700" bytesRequested="2056" />
<af-end id="72" timestamp="2019-07-02T18:59:46.683" threadId="0000000001620088" success="true" from="nursery"/>
<exclusive-end id="73" timestamp="2019-07-02T18:59:46.683" durationms="0.808" />

<exclusive-start id="74" timestamp="2019-07-02T18:59:46.812" intervalms="129.425">
  <response-info timems="0.025" idlems="0.025" threads="0" lastid="000000000161F700" lastname="main" />
</exclusive-start>
<af-start id="75" threadId="0000000001620088" totalBytesRequested="2056" timestamp="2019-07-02T18:59:46.812" intervalms="129.424" type="nursery" />
<cycle-start id="76" type="scavenge" contextid="0" timestamp="2019-07-02T18:59:46.812" intervalms="129.424" />
  <attribute name="GC Util" value="0" />
  <attribute name="CPU Util" value="140" />
  <attribute name="Time Running"value="584"/>
  <attribute name="Number of cores"value="4"/>
<gc-start id="77" type="scavenge" contextid="76" timestamp="2019-07-02T18:59:46.812">
  <mem-info id="78" free="5451776" total="8388608" percent="64">
    <mem type="nursery" free="0" total="2097152" percent="0">
      <mem type="allocate" free="0" total="1114112" percent="0" />
      <mem type="survivor" free="0" total="983040" percent="0" />
    </mem>
    <mem type="tenure" free="5451776" total="6291456" percent="86">
      <mem type="soa" free="5137408" total="5977088" percent="85" />
      <mem type="loa" free="314368" total="314368" percent="100" />
    </mem>
    <remembered-set count="112" />
  </mem-info>
</gc-start>
<allocation-stats totalBytes="969552" >
  <allocated-bytes non-tlh="2056" tlh="967496" />
  <largest-consumer threadName="main" threadId="000000000161F700" bytes="969552" />
</allocation-stats>
<gc-op id="79" type="scavenge" timems="0.309" contextid="76" timestamp="2019-07-02T18:59:46.813">
  <scavenger-info tenureage="3" tenuremask="fff8" tiltratio="53" />
  <memory-copied type="nursery" objects="162" bytes="25704" bytesdiscarded="52600" />
  <memory-copied type="tenure" objects="256" bytes="58864" bytesdiscarded="8" />
  <finalization candidates="2" enqueued="0" />
  <references type="weak" candidates="1" cleared="0" enqueued="0" />
  <references type="phantom" candidates="3" cleared="0" enqueued="0" />
</gc-op>
<gc-end id="80" type="scavenge" contextid="76" durationms="0.456" usertimems="0.000" systemtimems="0.000" timestamp="2019-07-02T18:59:46.813" activeThreads="4">
  <mem-info id="81" free="6589424" total="8388608" percent="78">
    <mem type="nursery" free="1232384" total="2097152" percent="58">
      <mem type="allocate" free="1232384" total="1310720" percent="94" />
      <mem type="survivor" free="0" total="786432" percent="0" />
    </mem>
    <mem type="tenure" free="5357040" total="6291456" percent="85">
      <mem type="soa" free="5042672" total="5977088" percent="84" />
      <mem type="loa" free="314368" total="314368" percent="100" />
    </mem>
    <remembered-set count="81" />
  </mem-info>
</gc-end>
<cycle-end id="82" type="scavenge" contextid="76" timestamp="2019-07-02T18:59:46.813">
  <attribute name="GC Util" value="0" />
  <attribute name="CPU Util" value="138" />
  <attribute name="Time Running"value="713"/>
  <attribute name="Number of cores"value="4"/>
</cycle-end>
<allocation-satisfied id="83" threadId="000000000161F700" bytesRequested="2056" />
<af-end id="84" timestamp="2019-07-02T18:59:46.813" threadId="0000000001620088" success="true" from="nursery"/>
<exclusive-end id="85" timestamp="2019-07-02T18:59:46.813" durationms="0.804" />

<exclusive-start id="86" timestamp="2019-07-02T18:59:46.979" intervalms="166.992">
  <response-info timems="0.029" idlems="0.029" threads="0" lastid="000000000161F700" lastname="main" />
</exclusive-start>
<af-start id="87" threadId="0000000001620088" totalBytesRequested="2056" timestamp="2019-07-02T18:59:46.979" intervalms="166.990" type="nursery" />
<cycle-start id="88" type="scavenge" contextid="0" timestamp="2019-07-02T18:59:46.979" intervalms="166.984" />
  <attribute name="GC Util" value="0" />
  <attribute name="CPU Util" value="138" />
  <attribute name="Time Running"value="713"/>
  <attribute name="Number of cores"value="4"/>
<gc-start id="89" type="scavenge" contextid="88" timestamp="2019-07-02T18:59:46.979">
  <mem-info id="90" free="5357040" total="8388608" percent="63">
    <mem type="nursery" free="0" total="2097152" percent="0">
      <mem type="allocate" free="0" total="1310720" percent="0" />
      <mem type="survivor" free="0" total="786432" percent="0" />
    </mem>
    <mem type="tenure" free="5357040" total="6291456" percent="85">
      <mem type="soa" free="5042672" total="5977088" percent="84" />
      <mem type="loa" free="314368" total="314368" percent="100" />
    </mem>
    <remembered-set count="81" />
  </mem-info>
</gc-start>
<allocation-stats totalBytes="1220056" >
  <allocated-bytes non-tlh="2056" tlh="1218000" />
  <largest-consumer threadName="main" threadId="000000000161F700" bytes="1220056" />
</allocation-stats>
<gc-op id="91" type="scavenge" timems="0.261" contextid="88" timestamp="2019-07-02T18:59:46.980">
  <scavenger-info tenureage="3" tenuremask="ffc8" tiltratio="62" />
  <memory-copied type="nursery" objects="13" bytes="2520" bytesdiscarded="75800" />
  <memory-copied type="tenure" objects="150" bytes="25232" bytesdiscarded="56" />
  <references type="phantom" candidates="1" cleared="0" enqueued="0" />
</gc-op>
<gc-end id="92" type="scavenge" contextid="88" durationms="0.406" usertimems="0.000" systemtimems="0.000" timestamp="2019-07-02T18:59:46.980" activeThreads="4">
  <mem-info id="93" free="6642408" total="8388608" percent="79">
    <mem type="nursery" free="1363456" total="2097152" percent="65">
      <mem type="allocate" free="1363456" total="1441792" percent="94" />
      <mem type="survivor" free="0" total="655360" percent="0" />
    </mem>
    <mem type="tenure" free="5278952" total="6291456" percent="83">
      <mem type="soa" free="4964584" total="5977088" percent="83" />
      <mem type="loa" free="314368" total="314368" percent="100" />
    </mem>
    <remembered-set count="62" />
  </mem-info>
</gc-end>
<cycle-end id="94" type="scavenge" contextid="88" timestamp="2019-07-02T18:59:46.980">
  <attribute name="GC Util" value="0" />
  <attribute name="CPU Util" value="131" />
  <attribute name="Time Running"value="880"/>
  <attribute name="Number of cores"value="4"/>
</cycle-end>
<allocation-satisfied id="95" threadId="000000000161F700" bytesRequested="2056" />
<af-end id="96" timestamp="2019-07-02T18:59:46.980" threadId="0000000001620088" success="true" from="nursery"/>
<exclusive-end id="97" timestamp="2019-07-02T18:59:46.980" durationms="0.744" />

<exclusive-start id="98" timestamp="2019-07-02T18:59:47.192" intervalms="213.213">
  <response-info timems="0.030" idlems="0.030" threads="0" lastid="000000000161F700" lastname="main" />
</exclusive-start>
<af-start id="99" threadId="0000000001620088" totalBytesRequested="2056" timestamp="2019-07-02T18:59:47.192" intervalms="213.215" type="nursery" />
<cycle-start id="100" type="scavenge" contextid="0" timestamp="2019-07-02T18:59:47.192" intervalms="213.221" />
  <attribute name="GC Util" value="0" />
  <attribute name="CPU Util" value="131" />
  <attribute name="Time Running"value="880"/>
  <attribute name="Number of cores"value="4"/>
<gc-start id="101" type="scavenge" contextid="100" timestamp="2019-07-02T18:59:47.192">
  <mem-info id="102" free="5278952" total="8388608" percent="62">
    <mem type="nursery" free="0" total="2097152" percent="0">
      <mem type="allocate" free="0" total="1441792" percent="0" />
      <mem type="survivor" free="0" total="655360" percent="0" />
    </mem>
    <mem type="tenure" free="5278952" total="6291456" percent="83">
      <mem type="soa" free="4964584" total="5977088" percent="83" />
      <mem type="loa" free="314368" total="314368" percent="100" />
    </mem>
    <remembered-set count="62" />
  </mem-info>
</gc-start>
<allocation-stats totalBytes="1351880" >
  <allocated-bytes non-tlh="2056" tlh="1349824" />
  <largest-consumer threadName="main" threadId="000000000161F700" bytes="1351880" />
</allocation-stats>
<gc-op id="103" type="scavenge" timems="0.238" contextid="100" timestamp="2019-07-02T18:59:47.193">
  <scavenger-info tenureage="3" tenuremask="ffe8" tiltratio="68" />
  <memory-copied type="nursery" objects="13" bytes="560" bytesdiscarded="38592" />
  <references type="phantom" candidates="1" cleared="0" enqueued="0" />
</gc-op>
<gc-end id="104" type="scavenge" contextid="100" durationms="0.381" usertimems="0.000" systemtimems="0.000" timestamp="2019-07-02T18:59:47.193" activeThreads="4">
  <mem-info id="105" free="6812648" total="8388608" percent="81">
    <mem type="nursery" free="1533696" total="2097152" percent="73">
      <mem type="allocate" free="1533696" total="1572864" percent="97" />
      <mem type="survivor" free="0" total="524288" percent="0" />
    </mem>
    <mem type="tenure" free="5278952" total="6291456" percent="83">
      <mem type="soa" free="4964584" total="5977088" percent="83" />
      <mem type="loa" free="314368" total="314368" percent="100" />
    </mem>
    <remembered-set count="62" />
  </mem-info>
</gc-end>
<cycle-end id="106" type="scavenge" contextid="100" timestamp="2019-07-02T18:59:47.193">
  <attribute name="GC Util" value="0" />
  <attribute name="CPU Util" value="74" />
  <attribute name="Time Running"value="1093"/>
  <attribute name="Number of cores"value="4"/>
</cycle-end>
<allocation-satisfied id="107" threadId="000000000161F700" bytesRequested="2056" />
<af-end id="108" timestamp="2019-07-02T18:59:47.193" threadId="0000000001620088" success="true" from="nursery"/>
<exclusive-end id="109" timestamp="2019-07-02T18:59:47.193" durationms="0.728" />

<exclusive-start id="110" timestamp="2019-07-02T18:59:47.398" intervalms="206.076">
  <response-info timems="0.025" idlems="0.025" threads="0" lastid="000000000161F700" lastname="main" />
</exclusive-start>
<af-start id="111" threadId="0000000001620088" totalBytesRequested="2056" timestamp="2019-07-02T18:59:47.398" intervalms="206.070" type="nursery" />
<cycle-start id="112" type="scavenge" contextid="0" timestamp="2019-07-02T18:59:47.398" intervalms="206.067" />
  <attribute name="GC Util" value="0" />
  <attribute name="CPU Util" value="74" />
  <attribute name="Time Running"value="1093"/>
  <attribute name="Number of cores"value="4"/>
<gc-start id="113" type="scavenge" contextid="112" timestamp="2019-07-02T18:59:47.398">
  <mem-info id="114" free="5278952" total="8388608" percent="62">
    <mem type="nursery" free="0" total="2097152" percent="0">
      <mem type="allocate" free="0" total="1572864" percent="0" />
      <mem type="survivor" free="0" total="524288" percent="0" />
    </mem>
    <mem type="tenure" free="5278952" total="6291456" percent="83">
      <mem type="soa" free="4964584" total="5977088" percent="83" />
      <mem type="loa" free="314368" total="314368" percent="100" />
    </mem>
    <remembered-set count="62" />
  </mem-info>
</gc-start>
<allocation-stats totalBytes="1518144" >
  <allocated-bytes non-tlh="2056" tlh="1516088" />
  <largest-consumer threadName="main" threadId="000000000161F700" bytes="1518144" />
</allocation-stats>
<gc-op id="115" type="scavenge" timems="0.196" contextid="112" timestamp="2019-07-02T18:59:47.399">
  <scavenger-info tenureage="3" tenuremask="fff8" tiltratio="75" />
  <memory-copied type="nursery" objects="14" bytes="2600" bytesdiscarded="36552" />
  <references type="phantom" candidates="1" cleared="0" enqueued="0" />
</gc-op>
<gc-end id="116" type="scavenge" contextid="112" durationms="0.335" usertimems="0.000" systemtimems="0.000" timestamp="2019-07-02T18:59:47.399" activeThreads="4">
  <mem-info id="117" free="6878184" total="8388608" percent="81">
    <mem type="nursery" free="1599232" total="2097152" percent="76">
      <mem type="allocate" free="1599232" total="1638400" percent="97" />
      <mem type="survivor" free="0" total="458752" percent="0" />
    </mem>
    <mem type="tenure" free="5278952" total="6291456" percent="83">
      <mem type="soa" free="4964584" total="5977088" percent="83" />
      <mem type="loa" free="314368" total="314368" percent="100" />
    </mem>
    <remembered-set count="62" />
  </mem-info>
</gc-end>
<cycle-end id="118" type="scavenge" contextid="112" timestamp="2019-07-02T18:59:47.399">
  <attribute name="GC Util" value="0" />
  <attribute name="CPU Util" value="13" />
  <attribute name="Time Running"value="1299"/>
  <attribute name="Number of cores"value="4"/>
</cycle-end>
<allocation-satisfied id="119" threadId="000000000161F700" bytesRequested="2056" />
<af-end id="120" timestamp="2019-07-02T18:59:47.399" threadId="0000000001620088" success="true" from="nursery"/>
<exclusive-end id="121" timestamp="2019-07-02T18:59:47.399" durationms="0.669" />

<exclusive-start id="122" timestamp="2019-07-02T18:59:47.548" intervalms="150.012">
  <response-info timems="0.022" idlems="0.022" threads="0" lastid="000000000161F700" lastname="main" />
</exclusive-start>
<af-start id="123" threadId="0000000001620088" totalBytesRequested="2056" timestamp="2019-07-02T18:59:47.548" intervalms="150.000" type="nursery" />
<cycle-start id="124" type="scavenge" contextid="0" timestamp="2019-07-02T18:59:47.548" intervalms="149.993" />
  <attribute name="GC Util" value="0" />
  <attribute name="CPU Util" value="13" />
  <attribute name="Time Running"value="1299"/>
  <attribute name="Number of cores"value="4"/>
<gc-start id="125" type="scavenge" contextid="124" timestamp="2019-07-02T18:59:47.548">
  <mem-info id="126" free="5278952" total="8388608" percent="62">
    <mem type="nursery" free="0" total="2097152" percent="0">
      <mem type="allocate" free="0" total="1638400" percent="0" />
      <mem type="survivor" free="0" total="458752" percent="0" />
    </mem>
    <mem type="tenure" free="5278952" total="6291456" percent="83">
      <mem type="soa" free="4964584" total="5977088" percent="83" />
      <mem type="loa" free="314368" total="314368" percent="100" />
    </mem>
    <remembered-set count="62" />
  </mem-info>
</gc-start>
<allocation-stats totalBytes="1586128" >
  <allocated-bytes non-tlh="2056" tlh="1584072" />
  <largest-consumer threadName="main" threadId="000000000161F700" bytes="1586128" />
</allocation-stats>
<gc-op id="127" type="scavenge" timems="0.187" contextid="124" timestamp="2019-07-02T18:59:47.549">
  <scavenger-info tenureage="3" tenuremask="fff8" tiltratio="78" />
  <memory-copied type="nursery" objects="13" bytes="504" bytesdiscarded="38648" />
  <references type="phantom" candidates="1" cleared="0" enqueued="0" />
</gc-op>
<gc-end id="128" type="scavenge" contextid="124" durationms="0.324" usertimems="0.000" systemtimems="0.000" timestamp="2019-07-02T18:59:47.549" activeThreads="4">
  <mem-info id="129" free="7009256" total="8388608" percent="83">
    <mem type="nursery" free="1730304" total="2097152" percent="82">
      <mem type="allocate" free="1730304" total="1769472" percent="97" />
      <mem type="survivor" free="0" total="327680" percent="0" />
    </mem>
    <mem type="tenure" free="5278952" total="6291456" percent="83">
      <mem type="soa" free="4964584" total="5977088" percent="83" />
      <mem type="loa" free="314368" total="314368" percent="100" />
    </mem>
    <remembered-set count="62" />
  </mem-info>
</gc-end>
<cycle-end id="130" type="scavenge" contextid="124" timestamp="2019-07-02T18:59:47.549">
  <attribute name="GC Util" value="0" />
  <attribute name="CPU Util" value="25" />
  <attribute name="Time Running"value="1449"/>
  <attribute name="Number of cores"value="4"/>
</cycle-end>
<allocation-satisfied id="131" threadId="000000000161F700" bytesRequested="2056" />
<af-end id="132" timestamp="2019-07-02T18:59:47.549" threadId="0000000001620088" success="true" from="nursery"/>
<exclusive-end id="133" timestamp="2019-07-02T18:59:47.549" durationms="0.636" />

<exclusive-start id="134" timestamp="2019-07-02T18:59:47.695" intervalms="146.997">
  <response-info timems="0.010" idlems="0.010" threads="0" lastid="000000000161F700" lastname="main" />
</exclusive-start>
<af-start id="135" threadId="0000000001620088" totalBytesRequested="64064" timestamp="2019-07-02T18:59:47.695" intervalms="147.019" type="nursery" />
<cycle-start id="136" type="scavenge" contextid="0" timestamp="2019-07-02T18:59:47.695" intervalms="147.029" />
  <attribute name="GC Util" value="0" />
  <attribute name="CPU Util" value="25" />
  <attribute name="Time Running"value="1449"/>
  <attribute name="Number of cores"value="4"/>
<gc-start id="137" type="scavenge" contextid="136" timestamp="2019-07-02T18:59:47.695">
  <mem-info id="138" free="5278008" total="8388608" percent="62">
    <mem type="nursery" free="0" total="2097152" percent="0">
      <mem type="allocate" free="0" total="1769472" percent="0" />
      <mem type="survivor" free="0" total="327680" percent="0" />
    </mem>
    <mem type="tenure" free="5278008" total="6291456" percent="83">
      <mem type="soa" free="4963640" total="5977088" percent="83" />
      <mem type="loa" free="314368" total="314368" percent="100" />
    </mem>
    <remembered-set count="97" />
  </mem-info>
</gc-start>
<allocation-stats totalBytes="1651024" >
  <allocated-bytes non-tlh="317600" tlh="1333424" />
  <largest-consumer threadName="main" threadId="000000000161F700" bytes="1651024" />
</allocation-stats>
<gc-op id="139" type="scavenge" timems="0.380" contextid="136" timestamp="2019-07-02T18:59:47.696">
  <scavenger-info tenureage="3" tenuremask="fff8" tiltratio="84" />
  <memory-copied type="nursery" objects="381" bytes="295640" bytesdiscarded="32040" />
  <memory-copied type="tenure" objects="82" bytes="330072" bytesdiscarded="0" />
  <copy-failed type="nursery" objects="82" bytes="330072" />
  <references type="soft" candidates="1" cleared="0" enqueued="0" dynamicThreshold="32" maxThreshold="32" />
  <references type="weak" candidates="4" cleared="4" enqueued="4" />
  <references type="phantom" candidates="29" cleared="1" enqueued="1" />
</gc-op>
<gc-end id="140" type="scavenge" contextid="136" durationms="0.537" usertimems="0.000" systemtimems="0.000" timestamp="2019-07-02T18:59:47.696" activeThreads="4">
  <mem-info id="141" free="5684304" total="8388608" percent="67">
    <mem type="nursery" free="720896" total="2097152" percent="34">
      <mem type="allocate" free="720896" total="1048576" percent="68" />
      <mem type="survivor" free="0" total="1048576" percent="0" />
    </mem>
    <mem type="tenure" free="4963408" total="6291456" percent="78">
      <mem type="soa" free="4649040" total="5977088" percent="77" />
      <mem type="loa" free="314368" total="314368" percent="100" />
    </mem>
    <pending-finalizers system="0" default="0" reference="5" classloader="0" />
    <remembered-set count="105" />
  </mem-info>
</gc-end>
<cycle-end id="142" type="scavenge" contextid="136" timestamp="2019-07-02T18:59:47.696">
  <attribute name="GC Util" value="0" />
  <attribute name="CPU Util" value="18" />
  <attribute name="Time Running"value="1596"/>
  <attribute name="Number of cores"value="4"/>
</cycle-end>
<allocation-satisfied id="143" threadId="000000000161F700" bytesRequested="64064" />
<af-end id="144" timestamp="2019-07-02T18:59:47.696" threadId="0000000001620088" success="true" from="nursery"/>
<exclusive-end id="145" timestamp="2019-07-02T18:59:47.696" durationms="0.898" />

<exclusive-start id="146" timestamp="2019-07-02T18:59:47.702" intervalms="6.684">
  <response-info timems="0.017" idlems="0.017" threads="0" lastid="000000000161F700" lastname="main" />
</exclusive-start>
<af-start id="147" threadId="0000000001620088" totalBytesRequested="15368" timestamp="2019-07-02T18:59:47.702" intervalms="6.764" type="nursery" />
<cycle-start id="148" type="scavenge" contextid="0" timestamp="2019-07-02T18:59:47.702" intervalms="6.830" />
  <attribute name="GC Util" value="0" />
  <attribute name="CPU Util" value="18" />
  <attribute name="Time Running"value="1596"/>
  <attribute name="Number of cores"value="4"/>
<gc-start id="149" type="scavenge" contextid="148" timestamp="2019-07-02T18:59:47.702">
  <mem-info id="150" free="4962000" total="8388608" percent="59">
    <mem type="nursery" free="0" total="2097152" percent="0">
      <mem type="allocate" free="0" total="1048576" percent="0" />
      <mem type="survivor" free="0" total="1048576" percent="0" />
    </mem>
    <mem type="tenure" free="4962000" total="6291456" percent="78">
      <mem type="soa" free="4647632" total="5977088" percent="77" />
      <mem type="loa" free="314368" total="314368" percent="100" />
    </mem>
    <remembered-set count="123" />
  </mem-info>
</gc-start>
<allocation-stats totalBytes="687912" >
  <allocated-bytes non-tlh="261624" tlh="426288" />
  <largest-consumer threadName="main" threadId="000000000161F700" bytes="683816" />
</allocation-stats>
<gc-op id="151" type="scavenge" timems="0.269" contextid="148" timestamp="2019-07-02T18:59:47.703">
  <scavenger-info tenureage="3" tenuremask="fff8" tiltratio="50" />
  <memory-copied type="nursery" objects="412" bytes="326088" bytesdiscarded="33584" />
  <references type="soft" candidates="1" cleared="0" enqueued="0" dynamicThreshold="32" maxThreshold="32" />
  <references type="weak" candidates="8" cleared="7" enqueued="7" />
  <references type="phantom" candidates="29" cleared="0" enqueued="0" />
</gc-op>
<gc-end id="152" type="scavenge" contextid="148" durationms="0.444" usertimems="0.000" systemtimems="0.000" timestamp="2019-07-02T18:59:47.703" activeThreads="4">
  <mem-info id="153" free="5650896" total="8388608" percent="67">
    <mem type="nursery" free="688896" total="2097152" percent="32">
      <mem type="allocate" free="688896" total="1048576" percent="65" />
      <mem type="survivor" free="0" total="1048576" percent="0" />
    </mem>
    <mem type="tenure" free="4962000" total="6291456" percent="78">
      <mem type="soa" free="4647632" total="5977088" percent="77" />
      <mem type="loa" free="314368" total="314368" percent="100" />
    </mem>
    <pending-finalizers system="0" default="0" reference="7" classloader="0" />
    <remembered-set count="121" />
  </mem-info>
</gc-end>
<cycle-end id="154" type="scavenge" contextid="148" timestamp="2019-07-02T18:59:47.703">
  <attribute name="GC Util" value="9" />
  <attribute name="CPU Util" value="2679185109955" />
  <attribute name="Time Running"value="1603"/>
  <attribute name="Number of cores"value="4"/>
</cycle-end>
<allocation-satisfied id="155" threadId="000000000161F700" bytesRequested="15368" />
<af-end id="156" timestamp="2019-07-02T18:59:47.703" threadId="0000000001620088" success="true" from="nursery"/>
<exclusive-end id="157" timestamp="2019-07-02T18:59:47.703" durationms="1.017" />

<exclusive-start id="158" timestamp="2019-07-02T18:59:47.710" intervalms="7.943">
  <response-info timems="0.015" idlems="0.015" threads="0" lastid="000000000161F700" lastname="main" />
</exclusive-start>
<af-start id="159" threadId="0000000001620088" totalBytesRequested="25808" timestamp="2019-07-02T18:59:47.710" intervalms="7.886" type="nursery" />
<cycle-start id="160" type="scavenge" contextid="0" timestamp="2019-07-02T18:59:47.710" intervalms="7.855" />
  <attribute name="GC Util" value="9" />
  <attribute name="CPU Util" value="2679185109955" />
  <attribute name="Time Running"value="1603"/>
  <attribute name="Number of cores"value="4"/>
<gc-start id="161" type="scavenge" contextid="160" timestamp="2019-07-02T18:59:47.710">
  <mem-info id="162" free="4956296" total="8388608" percent="59">
    <mem type="nursery" free="0" total="2097152" percent="0">
      <mem type="allocate" free="0" total="1048576" percent="0" />
      <mem type="survivor" free="0" total="1048576" percent="0" />
    </mem>
    <mem type="tenure" free="4956296" total="6291456" percent="78">
      <mem type="soa" free="4641928" total="5977088" percent="77" />
      <mem type="loa" free="314368" total="314368" percent="100" />
    </mem>
    <remembered-set count="158" />
  </mem-info>
</gc-start>
<allocation-stats totalBytes="635152" >
  <allocated-bytes non-tlh="115440" tlh="519712" />
  <largest-consumer threadName="main" threadId="000000000161F700" bytes="635152" />
</allocation-stats>
<gc-op id="163" type="scavenge" timems="0.345" contextid="160" timestamp="2019-07-02T18:59:47.711">
  <scavenger-info tenureage="2" tenuremask="fffc" tiltratio="50" />
  <memory-copied type="nursery" objects="90" bytes="6256" bytesdiscarded="32912" />
  <memory-copied type="tenure" objects="349" bytes="293608" bytesdiscarded="368" />
  <references type="soft" candidates="2" cleared="0" enqueued="0" dynamicThreshold="32" maxThreshold="32" />
  <references type="weak" candidates="7" cleared="7" enqueued="7" />
</gc-op>
<gc-end id="164" type="scavenge" contextid="160" durationms="0.579" usertimems="0.000" systemtimems="0.000" timestamp="2019-07-02T18:59:47.711" activeThreads="4">
  <mem-info id="165" free="5694952" total="8388608" percent="67">
    <mem type="nursery" free="1009408" total="2097152" percent="48">
      <mem type="allocate" free="1009408" total="1048576" percent="96" />
      <mem type="survivor" free="0" total="1048576" percent="0" />
    </mem>
    <mem type="tenure" free="4685544" total="6291456" percent="74">
      <mem type="soa" free="4371176" total="5977088" percent="73" />
      <mem type="loa" free="314368" total="314368" percent="100" />
    </mem>
    <pending-finalizers system="0" default="0" reference="7" classloader="0" />
    <remembered-set count="123" />
  </mem-info>
</gc-end>
<cycle-end id="166" type="scavenge" contextid="160" timestamp="2019-07-02T18:59:47.711">
  <attribute name="GC Util" value="7" />
  <attribute name="CPU Util" value="2330949667910" />
  <attribute name="Time Running"value="1611"/>
  <attribute name="Number of cores"value="4"/>
</cycle-end>
<allocation-satisfied id="167" threadId="000000000161F700" bytesRequested="25808" />
<af-end id="168" timestamp="2019-07-02T18:59:47.711" threadId="0000000001620088" success="true" from="nursery"/>
<exclusive-end id="169" timestamp="2019-07-02T18:59:47.711" durationms="1.074" />

<exclusive-start id="170" timestamp="2019-07-02T18:59:47.728" intervalms="17.743">
  <response-info timems="0.009" idlems="0.009" threads="0" lastid="000000000161F700" lastname="main" />
</exclusive-start>
<af-start id="171" threadId="0000000001620088" totalBytesRequested="184" timestamp="2019-07-02T18:59:47.728" intervalms="17.707" type="nursery" />
<cycle-start id="172" type="scavenge" contextid="0" timestamp="2019-07-02T18:59:47.728" intervalms="17.680" />
  <attribute name="GC Util" value="7" />
  <attribute name="CPU Util" value="2330949667910" />
  <attribute name="Time Running"value="1611"/>
  <attribute name="Number of cores"value="4"/>
<gc-start id="173" type="scavenge" contextid="172" timestamp="2019-07-02T18:59:47.728">
  <mem-info id="174" free="4669624" total="8388608" percent="55">
    <mem type="nursery" free="0" total="2097152" percent="0">
      <mem type="allocate" free="0" total="1048576" percent="0" />
      <mem type="survivor" free="0" total="1048576" percent="0" />
    </mem>
    <mem type="tenure" free="4669624" total="6291456" percent="74">
      <mem type="soa" free="4355256" total="5977088" percent="72" />
      <mem type="loa" free="314368" total="314368" percent="100" />
    </mem>
    <remembered-set count="312" />
  </mem-info>
</gc-start>
<allocation-stats totalBytes="1024144" >
  <allocated-bytes non-tlh="41728" tlh="982416" />
  <largest-consumer threadName="main" threadId="000000000161F700" bytes="1024144" />
</allocation-stats>
<gc-op id="175" type="scavenge" timems="0.248" contextid="172" timestamp="2019-07-02T18:59:47.728">
  <scavenger-info tenureage="4" tenuremask="fff0" tiltratio="50" />
  <memory-copied type="nursery" objects="305" bytes="12048" bytesdiscarded="66288" />
  <references type="soft" candidates="3" cleared="0" enqueued="0" dynamicThreshold="32" maxThreshold="32" />
  <references type="weak" candidates="25" cleared="25" enqueued="25" />
  <references type="phantom" candidates="2" cleared="1" enqueued="1" />
</gc-op>
<gc-end id="176" type="scavenge" contextid="172" durationms="0.400" usertimems="0.000" systemtimems="0.000" timestamp="2019-07-02T18:59:47.728" activeThreads="4">
  <mem-info id="177" free="5836472" total="8388608" percent="69">
    <mem type="nursery" free="1166848" total="2097152" percent="55">
      <mem type="allocate" free="1166848" total="1245184" percent="93" />
      <mem type="survivor" free="0" total="851968" percent="0" />
    </mem>
    <mem type="tenure" free="4669624" total="6291456" percent="74">
      <mem type="soa" free="4355256" total="5977088" percent="72" />
      <mem type="loa" free="314368" total="314368" percent="100" />
    </mem>
    <pending-finalizers system="0" default="0" reference="26" classloader="0" />
    <remembered-set count="299" />
  </mem-info>
</gc-end>
<cycle-end id="178" type="scavenge" contextid="172" timestamp="2019-07-02T18:59:47.728">
  <attribute name="GC Util" value="3" />
  <attribute name="CPU Util" value="30" />
  <attribute name="Time Running"value="1629"/>
  <attribute name="Number of cores"value="4"/>
</cycle-end>
<allocation-satisfied id="179" threadId="000000000161F700" bytesRequested="184" />
<af-end id="180" timestamp="2019-07-02T18:59:47.728" threadId="0000000001620088" success="true" from="nursery"/>
<exclusive-end id="181" timestamp="2019-07-02T18:59:47.728" durationms="0.744" />

<exclusive-start id="182" timestamp="2019-07-02T18:59:47.746" intervalms="18.716">
  <response-info timems="0.414" idlems="0.383" threads="1" lastid="0000000001623300" lastname="JIT Compilation Thread-0" />
</exclusive-start>
<af-start id="183" threadId="0000000001620088" totalBytesRequested="28760" timestamp="2019-07-02T18:59:47.746" intervalms="18.723" type="nursery" />
<cycle-start id="184" type="scavenge" contextid="0" timestamp="2019-07-02T18:59:47.747" intervalms="18.710" />
  <attribute name="GC Util" value="3" />
  <attribute name="CPU Util" value="30" />
  <attribute name="Time Running"value="1629"/>
  <attribute name="Number of cores"value="4"/>
<gc-start id="185" type="scavenge" contextid="184" timestamp="2019-07-02T18:59:47.747">
  <mem-info id="186" free="4642296" total="8388608" percent="55">
    <mem type="nursery" free="0" total="2097152" percent="0">
      <mem type="allocate" free="0" total="1245184" percent="0" />
      <mem type="survivor" free="0" total="851968" percent="0" />
    </mem>
    <mem type="tenure" free="4642296" total="6291456" percent="73">
      <mem type="soa" free="4327928" total="5977088" percent="72" />
      <mem type="loa" free="314368" total="314368" percent="100" />
    </mem>
    <remembered-set count="694" />
  </mem-info>
</gc-start>
<allocation-stats totalBytes="1134736" >
  <allocated-bytes non-tlh="27512" tlh="1107224" />
  <largest-consumer threadName="main" threadId="000000000161F700" bytes="1130640" />
</allocation-stats>
<gc-op id="187" type="scavenge" timems="0.521" contextid="184" timestamp="2019-07-02T18:59:47.747">
  <scavenger-info tenureage="3" tenuremask="fff8" tiltratio="59" />
  <memory-copied type="nursery" objects="2750" bytes="108392" bytesdiscarded="48104" />
  <memory-copied type="tenure" objects="15" bytes="800" bytesdiscarded="0" />
  <finalization candidates="39" enqueued="1" />
  <ownableSynchronizers candidates="17" cleared="0" />
  <references type="soft" candidates="8" cleared="0" enqueued="0" dynamicThreshold="32" maxThreshold="32" />
  <references type="weak" candidates="703" cleared="347" enqueued="245" />
  <references type="phantom" candidates="6" cleared="1" enqueued="1" />
</gc-op>
<gc-end id="188" type="scavenge" contextid="184" durationms="0.684" usertimems="0.000" systemtimems="0.000" timestamp="2019-07-02T18:59:47.747" activeThreads="4">
  <mem-info id="189" free="5861880" total="8388608" percent="69">
    <mem type="nursery" free="1219584" total="2097152" percent="58">
      <mem type="allocate" free="1219584" total="1376256" percent="88" />
      <mem type="survivor" free="0" total="720896" percent="0" />
    </mem>
    <mem type="tenure" free="4642296" total="6291456" percent="73">
      <mem type="soa" free="4327928" total="5977088" percent="72" />
      <mem type="loa" free="314368" total="314368" percent="100" />
    </mem>
    <pending-finalizers system="1" default="0" reference="246" classloader="0" />
    <remembered-set count="655" />
  </mem-info>
</gc-end>
<cycle-end id="190" type="scavenge" contextid="184" timestamp="2019-07-02T18:59:47.747">
  <attribute name="GC Util" value="2" />
  <attribute name="CPU Util" value="79" />
  <attribute name="Time Running"value="1648"/>
  <attribute name="Number of cores"value="4"/>
</cycle-end>
<allocation-satisfied id="191" threadId="000000000161F700" bytesRequested="28760" />
<af-end id="192" timestamp="2019-07-02T18:59:47.747" threadId="0000000001620088" success="true" from="nursery"/>
<exclusive-end id="193" timestamp="2019-07-02T18:59:47.747" durationms="1.039" />

<exclusive-start id="194" timestamp="2019-07-02T18:59:47.775" intervalms="28.147">
  <response-info timems="0.025" idlems="0.025" threads="0" lastid="000000000161F700" lastname="main" />
</exclusive-start>
<af-start id="195" threadId="0000000001620088" totalBytesRequested="1000" timestamp="2019-07-02T18:59:47.775" intervalms="28.149" type="nursery" />
<cycle-start id="196" type="scavenge" contextid="0" timestamp="2019-07-02T18:59:47.775" intervalms="28.154" />
  <attribute name="GC Util" value="2" />
  <attribute name="CPU Util" value="79" />
  <attribute name="Time Running"value="1648"/>
  <attribute name="Number of cores"value="4"/>
<gc-start id="197" type="scavenge" contextid="196" timestamp="2019-07-02T18:59:47.775">
  <mem-info id="198" free="4608864" total="8388608" percent="54">
    <mem type="nursery" free="0" total="2097152" percent="0">
      <mem type="allocate" free="0" total="1376256" percent="0" />
      <mem type="survivor" free="0" total="720896" percent="0" />
    </mem>
    <mem type="tenure" free="4608864" total="6291456" percent="73">
      <mem type="soa" free="4294496" total="5977088" percent="71" />
      <mem type="loa" free="314368" total="314368" percent="100" />
    </mem>
    <remembered-set count="1044" />
  </mem-info>
</gc-start>
<allocation-stats totalBytes="1237496" >
  <allocated-bytes non-tlh="62192" tlh="1175304" />
  <largest-consumer threadName="main" threadId="000000000161F700" bytes="1225664" />
</allocation-stats>
<gc-op id="199" type="scavenge" timems="0.582" contextid="196" timestamp="2019-07-02T18:59:47.775">
  <scavenger-info tenureage="3" tenuremask="ffe8" tiltratio="65" />
  <memory-copied type="nursery" objects="3188" bytes="133336" bytesdiscarded="23112" />
  <memory-copied type="tenure" objects="32" bytes="3360" bytesdiscarded="0" />
  <finalization candidates="38" enqueued="0" />
  <ownableSynchronizers candidates="17" cleared="0" />
  <references type="soft" candidates="6" cleared="0" enqueued="0" dynamicThreshold="32" maxThreshold="32" />
  <references type="weak" candidates="564" cleared="21" enqueued="19" />
  <references type="phantom" candidates="6" cleared="0" enqueued="0" />
</gc-op>
<gc-end id="200" type="scavenge" contextid="196" durationms="0.754" usertimems="0.000" systemtimems="0.000" timestamp="2019-07-02T18:59:47.775" activeThreads="4">
  <mem-info id="201" free="5893984" total="8388608" percent="70">
    <mem type="nursery" free="1285120" total="2097152" percent="61">
      <mem type="allocate" free="1285120" total="1441792" percent="89" />
      <mem type="survivor" free="0" total="655360" percent="0" />
    </mem>
    <mem type="tenure" free="4608864" total="6291456" percent="73">
      <mem type="soa" free="4294496" total="5977088" percent="71" />
      <mem type="loa" free="314368" total="314368" percent="100" />
    </mem>
    <pending-finalizers system="0" default="0" reference="19" classloader="0" />
    <remembered-set count="923" />
  </mem-info>
</gc-end>
<cycle-end id="202" type="scavenge" contextid="196" timestamp="2019-07-02T18:59:47.776">
  <attribute name="GC Util" value="2" />
  <attribute name="CPU Util" value="191" />
  <attribute name="Time Running"value="1676"/>
  <attribute name="Number of cores"value="4"/>
</cycle-end>
<allocation-satisfied id="203" threadId="000000000161F700" bytesRequested="1000" />
<af-end id="204" timestamp="2019-07-02T18:59:47.776" threadId="0000000001620088" success="true" from="nursery"/>
<exclusive-end id="205" timestamp="2019-07-02T18:59:47.776" durationms="1.109" />

<exclusive-start id="206" timestamp="2019-07-02T18:59:47.814" intervalms="39.264">
  <response-info timems="0.037" idlems="0.037" threads="0" lastid="000000000161F700" lastname="main" />
</exclusive-start>
<af-start id="207" threadId="0000000001620088" totalBytesRequested="1216" timestamp="2019-07-02T18:59:47.814" intervalms="39.285" type="nursery" />
<cycle-start id="208" type="scavenge" contextid="0" timestamp="2019-07-02T18:59:47.814" intervalms="39.285" />
  <attribute name="GC Util" value="2" />
  <attribute name="CPU Util" value="191" />
  <attribute name="Time Running"value="1676"/>
  <attribute name="Number of cores"value="4"/>
<gc-start id="209" type="scavenge" contextid="208" timestamp="2019-07-02T18:59:47.814">
  <mem-info id="210" free="4500104" total="8388608" percent="53">
    <mem type="nursery" free="0" total="2097152" percent="0">
      <mem type="allocate" free="0" total="1441792" percent="0" />
      <mem type="survivor" free="0" total="655360" percent="0" />
    </mem>
    <mem type="tenure" free="4500104" total="6291456" percent="71">
      <mem type="soa" free="4185736" total="5977088" percent="70" />
      <mem type="loa" free="314368" total="314368" percent="100" />
    </mem>
    <remembered-set count="2341" />
  </mem-info>
</gc-start>
<allocation-stats totalBytes="1390448" >
  <allocated-bytes non-tlh="109760" tlh="1280688" />
  <largest-consumer threadName="main" threadId="000000000161F700" bytes="1382256" />
</allocation-stats>
<gc-op id="211" type="scavenge" timems="0.891" contextid="208" timestamp="2019-07-02T18:59:47.815">
  <scavenger-info tenureage="3" tenuremask="ffe8" tiltratio="68" />
  <memory-copied type="nursery" objects="9811" bytes="322968" bytesdiscarded="51504" />
  <memory-copied type="tenure" objects="131" bytes="3296" bytesdiscarded="0" />
  <finalization candidates="45" enqueued="0" />
  <ownableSynchronizers candidates="17" cleared="0" />
  <references type="soft" candidates="38" cleared="0" enqueued="0" dynamicThreshold="32" maxThreshold="32" />
  <references type="weak" candidates="951" cleared="67" enqueued="51" />
  <references type="phantom" candidates="5" cleared="0" enqueued="0" />
</gc-op>
<gc-end id="212" type="scavenge" contextid="208" durationms="1.065" usertimems="0.000" systemtimems="0.000" timestamp="2019-07-02T18:59:47.815" activeThreads="4">
  <mem-info id="213" free="5632648" total="8388608" percent="67">
    <mem type="nursery" free="1132544" total="2097152" percent="54">
      <mem type="allocate" free="1132544" total="1507328" percent="75" />
      <mem type="survivor" free="0" total="589824" percent="0" />
    </mem>
    <mem type="tenure" free="4500104" total="6291456" percent="71">
      <mem type="soa" free="4185736" total="5977088" percent="70" />
      <mem type="loa" free="314368" total="314368" percent="100" />
    </mem>
    <pending-finalizers system="0" default="0" reference="51" classloader="0" />
    <remembered-set count="2081" />
  </mem-info>
</gc-end>
<cycle-end id="214" type="scavenge" contextid="208" timestamp="2019-07-02T18:59:47.815">
  <attribute name="GC Util" value="2" />
  <attribute name="CPU Util" value="134" />
  <attribute name="Time Running"value="1715"/>
  <attribute name="Number of cores"value="4"/>
</cycle-end>
<allocation-satisfied id="215" threadId="000000000161F700" bytesRequested="1216" />
<af-end id="216" timestamp="2019-07-02T18:59:47.815" threadId="0000000001620088" success="true" from="nursery"/>
<exclusive-end id="217" timestamp="2019-07-02T18:59:47.815" durationms="1.460" />

<exclusive-start id="218" timestamp="2019-07-02T18:59:47.837" intervalms="23.162">
  <response-info timems="0.010" idlems="0.010" threads="0" lastid="000000000161F700" lastname="main" />
</exclusive-start>
<af-start id="219" threadId="0000000001620088" totalBytesRequested="7176" timestamp="2019-07-02T18:59:47.837" intervalms="23.137" type="nursery" />
<cycle-start id="220" type="scavenge" contextid="0" timestamp="2019-07-02T18:59:47.837" intervalms="23.142" />
  <attribute name="GC Util" value="2" />
  <attribute name="CPU Util" value="134" />
  <attribute name="Time Running"value="1715"/>
  <attribute name="Number of cores"value="4"/>
<gc-start id="221" type="scavenge" contextid="220" timestamp="2019-07-02T18:59:47.837">
  <mem-info id="222" free="4464288" total="8388608" percent="53">
    <mem type="nursery" free="0" total="2097152" percent="0">
      <mem type="allocate" free="0" total="1507328" percent="0" />
      <mem type="survivor" free="0" total="589824" percent="0" />
    </mem>
    <mem type="tenure" free="4464288" total="6291456" percent="70">
      <mem type="soa" free="4149920" total="5977088" percent="69" />
      <mem type="loa" free="314368" total="314368" percent="100" />
    </mem>
    <remembered-set count="2465" />
  </mem-info>
</gc-start>
<allocation-stats totalBytes="1159960" >
  <allocated-bytes non-tlh="37032" tlh="1122928" />
  <largest-consumer threadName="main" threadId="000000000161F700" bytes="1151768" />
</allocation-stats>
<gc-op id="223" type="scavenge" timems="0.880" contextid="220" timestamp="2019-07-02T18:59:47.838">
  <scavenger-info tenureage="3" tenuremask="ffe8" tiltratio="71" />
  <memory-copied type="nursery" objects="8550" bytes="283520" bytesdiscarded="60328" />
  <memory-copied type="tenure" objects="2349" bytes="94168" bytesdiscarded="0" />
  <finalization candidates="45" enqueued="0" />
  <ownableSynchronizers candidates="17" cleared="0" />
  <references type="soft" candidates="40" cleared="0" enqueued="0" dynamicThreshold="32" maxThreshold="32" />
  <references type="weak" candidates="619" cleared="14" enqueued="14" />
  <references type="phantom" candidates="8" cleared="3" enqueued="3" />
</gc-op>
<gc-end id="224" type="scavenge" contextid="220" durationms="1.044" usertimems="4.000" systemtimems="0.000" timestamp="2019-07-02T18:59:47.838" activeThreads="4">
  <mem-info id="225" free="5614752" total="8388608" percent="66">
    <mem type="nursery" free="1228800" total="2097152" percent="58">
      <mem type="allocate" free="1228800" total="1572864" percent="78" />
      <mem type="survivor" free="0" total="524288" percent="0" />
    </mem>
    <mem type="tenure" free="4385952" total="6291456" percent="69">
      <mem type="soa" free="4071584" total="5977088" percent="68" />
      <mem type="loa" free="314368" total="314368" percent="100" />
    </mem>
    <pending-finalizers system="0" default="0" reference="17" classloader="0" />
    <remembered-set count="1973" />
  </mem-info>
</gc-end>
<cycle-end id="226" type="scavenge" contextid="220" timestamp="2019-07-02T18:59:47.838">
  <attribute name="GC Util" value="6" />
  <attribute name="CPU Util" value="49" />
  <attribute name="Time Running"value="1738"/>
  <attribute name="Number of cores"value="4"/>
</cycle-end>
<allocation-satisfied id="227" threadId="000000000161F700" bytesRequested="7176" />
<af-end id="228" timestamp="2019-07-02T18:59:47.838" threadId="0000000001620088" success="true" from="nursery"/>
<exclusive-end id="229" timestamp="2019-07-02T18:59:47.838" durationms="1.416" />

<exclusive-start id="230" timestamp="2019-07-02T18:59:47.856" intervalms="19.404">
  <response-info timems="0.021" idlems="0.021" threads="0" lastid="000000000161F700" lastname="main" />
</exclusive-start>
<af-start id="231" threadId="0000000001620088" totalBytesRequested="23328" timestamp="2019-07-02T18:59:47.856" intervalms="19.414" type="nursery" />
<cycle-start id="232" type="scavenge" contextid="0" timestamp="2019-07-02T18:59:47.856" intervalms="19.404" />
  <attribute name="GC Util" value="6" />
  <attribute name="CPU Util" value="49" />
  <attribute name="Time Running"value="1738"/>
  <attribute name="Number of cores"value="4"/>
<gc-start id="233" type="scavenge" contextid="232" timestamp="2019-07-02T18:59:47.857">
  <mem-info id="234" free="4368568" total="8388608" percent="52">
    <mem type="nursery" free="0" total="2097152" percent="0">
      <mem type="allocate" free="0" total="1572864" percent="0" />
      <mem type="survivor" free="0" total="524288" percent="0" />
    </mem>
    <mem type="tenure" free="4368568" total="6291456" percent="69">
      <mem type="soa" free="4054200" total="5977088" percent="67" />
      <mem type="loa" free="314368" total="314368" percent="100" />
    </mem>
    <remembered-set count="2260" />
  </mem-info>
</gc-start>
<allocation-stats totalBytes="1213968" >
  <allocated-bytes non-tlh="24560" tlh="1189408" />
  <largest-consumer threadName="main" threadId="000000000161F700" bytes="1205776" />
</allocation-stats>
<gc-op id="235" type="scavenge" timems="0.930" contextid="232" timestamp="2019-07-02T18:59:47.858">
  <scavenger-info tenureage="3" tenuremask="ffe8" tiltratio="75" />
  <memory-copied type="nursery" objects="10400" bytes="334600" bytesdiscarded="116736" />
  <memory-copied type="tenure" objects="497" bytes="28136" bytesdiscarded="80" />
  <finalization candidates="7" enqueued="0" />
  <references type="soft" candidates="349" cleared="0" enqueued="0" dynamicThreshold="32" maxThreshold="32" />
  <references type="weak" candidates="501" cleared="15" enqueued="15" />
  <references type="phantom" candidates="4" cleared="0" enqueued="0" />
</gc-op>
<gc-end id="236" type="scavenge" contextid="232" durationms="1.083" usertimems="0.000" systemtimems="0.000" timestamp="2019-07-02T18:59:47.858" activeThreads="4">
  <mem-info id="237" free="5516200" total="8388608" percent="65">
    <mem type="nursery" free="1186800" total="2097152" percent="56">
      <mem type="allocate" free="1186800" total="1638400" percent="72" />
      <mem type="survivor" free="0" total="458752" percent="0" />
    </mem>
    <mem type="tenure" free="4329400" total="6291456" percent="68">
      <mem type="soa" free="4015032" total="5977088" percent="67" />
      <mem type="loa" free="314368" total="314368" percent="100" />
    </mem>
    <pending-finalizers system="0" default="0" reference="15" classloader="0" />
    <remembered-set count="982" />
  </mem-info>
</gc-end>
<cycle-end id="238" type="scavenge" contextid="232" timestamp="2019-07-02T18:59:47.858">
  <attribute name="GC Util" value="8" />
  <attribute name="CPU Util" value="153" />
  <attribute name="Time Running"value="1757"/>
  <attribute name="Number of cores"value="4"/>
</cycle-end>
<allocation-satisfied id="239" threadId="000000000161F700" bytesRequested="23328" />
<af-end id="240" timestamp="2019-07-02T18:59:47.858" threadId="0000000001620088" success="true" from="nursery"/>
<exclusive-end id="241" timestamp="2019-07-02T18:59:47.858" durationms="1.468" />

<exclusive-start id="242" timestamp="2019-07-02T18:59:49.991" intervalms="2135.063">
  <response-info timems="0.019" idlems="0.019" threads="0" lastid="000000000161F700" lastname="main" />
</exclusive-start>
<af-start id="243" threadId="0000000001620088" totalBytesRequested="22768" timestamp="2019-07-02T18:59:49.992" intervalms="2135.070" type="nursery" />
<cycle-start id="244" type="scavenge" contextid="0" timestamp="2019-07-02T18:59:49.992" intervalms="2135.080" />
  <attribute name="GC Util" value="8" />
  <attribute name="CPU Util" value="153" />
  <attribute name="Time Running"value="1757"/>
  <attribute name="Number of cores"value="4"/>
<gc-start id="245" type="scavenge" contextid="244" timestamp="2019-07-02T18:59:49.992">
  <mem-info id="246" free="4302120" total="8388608" percent="51">
    <mem type="nursery" free="0" total="2097152" percent="0">
      <mem type="allocate" free="0" total="1638400" percent="0" />
      <mem type="survivor" free="0" total="458752" percent="0" />
    </mem>
    <mem type="tenure" free="4302120" total="6291456" percent="68">
      <mem type="soa" free="3987752" total="5977088" percent="66" />
      <mem type="loa" free="314368" total="314368" percent="100" />
    </mem>
    <remembered-set count="1366" />
  </mem-info>
</gc-start>
<allocation-stats totalBytes="1209704" >
  <allocated-bytes non-tlh="50608" tlh="1159096" />
  <largest-consumer threadName="main" threadId="000000000161F700" bytes="1209704" />
</allocation-stats>
<gc-op id="247" type="scavenge" timems="0.951" contextid="244" timestamp="2019-07-02T18:59:49.993">
  <scavenger-info tenureage="3" tenuremask="ffe8" tiltratio="78" />
  <memory-copied type="nursery" objects="5969" bytes="226984" bytesdiscarded="38480" />
  <memory-copied type="tenure" objects="6774" bytes="193128" bytesdiscarded="24" />
  <finalization candidates="7" enqueued="0" />
  <references type="soft" candidates="467" cleared="0" enqueued="0" dynamicThreshold="32" maxThreshold="32" />
  <references type="weak" candidates="282" cleared="12" enqueued="12" />
  <references type="phantom" candidates="5" cleared="2" enqueued="2" />
</gc-op>
<gc-end id="248" type="scavenge" contextid="244" durationms="1.109" usertimems="4.000" systemtimems="0.000" timestamp="2019-07-02T18:59:49.993" activeThreads="4">
  <mem-info id="249" free="5553184" total="8388608" percent="66">
    <mem type="nursery" free="1372672" total="2097152" percent="65">
      <mem type="allocate" free="1372672" total="1638400" percent="83" />
      <mem type="survivor" free="0" total="458752" percent="0" />
    </mem>
    <mem type="tenure" free="4180512" total="6291456" percent="66">
      <mem type="soa" free="3866144" total="5977088" percent="64" />
      <mem type="loa" free="314368" total="314368" percent="100" />
    </mem>
    <pending-finalizers system="0" default="0" reference="14" classloader="0" />
    <remembered-set count="824" />
  </mem-info>
</gc-end>
<cycle-end id="250" type="scavenge" contextid="244" timestamp="2019-07-02T18:59:49.993">
  <attribute name="GC Util" value="0" />
  <attribute name="CPU Util" value="3" />
  <attribute name="Time Running"value="3893"/>
  <attribute name="Number of cores"value="4"/>
</cycle-end>
<allocation-satisfied id="251" threadId="000000000161F700" bytesRequested="22768" />
<af-end id="252" timestamp="2019-07-02T18:59:49.993" threadId="0000000001620088" success="true" from="nursery"/>
<exclusive-end id="253" timestamp="2019-07-02T18:59:49.993" durationms="1.604" />

<exclusive-start id="254" timestamp="2019-07-02T18:59:50.019" intervalms="27.503">
  <response-info timems="0.021" idlems="0.021" threads="0" lastid="000000000161F700" lastname="main" />
</exclusive-start>
<af-start id="255" threadId="0000000001620088" totalBytesRequested="3480" timestamp="2019-07-02T18:59:50.019" intervalms="27.486" type="nursery" />
<cycle-start id="256" type="scavenge" contextid="0" timestamp="2019-07-02T18:59:50.019" intervalms="27.490" />
  <attribute name="GC Util" value="0" />
  <attribute name="CPU Util" value="3" />
  <attribute name="Time Running"value="3893"/>
  <attribute name="Number of cores"value="4"/>
<gc-start id="257" type="scavenge" contextid="256" timestamp="2019-07-02T18:59:50.019">
  <mem-info id="258" free="4146128" total="8388608" percent="49">
    <mem type="nursery" free="0" total="2097152" percent="0">
      <mem type="allocate" free="0" total="1638400" percent="0" />
      <mem type="survivor" free="0" total="458752" percent="0" />
    </mem>
    <mem type="tenure" free="4146128" total="6291456" percent="65">
      <mem type="soa" free="3831760" total="5977088" percent="64" />
      <mem type="loa" free="314368" total="314368" percent="100" />
    </mem>
    <remembered-set count="1154" />
  </mem-info>
</gc-start>
<allocation-stats totalBytes="1364520" >
  <allocated-bytes non-tlh="57152" tlh="1307368" />
  <largest-consumer threadName="main" threadId="000000000161F700" bytes="1364520" />
</allocation-stats>
<gc-op id="259" type="scavenge" timems="0.748" contextid="256" timestamp="2019-07-02T18:59:50.020">
  <scavenger-info tenureage="3" tenuremask="ffe8" tiltratio="78" />
  <memory-copied type="nursery" objects="5482" bytes="232184" bytesdiscarded="103088" />
  <memory-copied type="tenure" objects="1147" bytes="45264" bytesdiscarded="24" />
  <finalization candidates="3" enqueued="0" />
  <references type="soft" candidates="474" cleared="0" enqueued="0" dynamicThreshold="32" maxThreshold="32" />
  <references type="weak" candidates="380" cleared="9" enqueued="9" />
  <references type="phantom" candidates="1" cleared="0" enqueued="0" />
</gc-op>
<gc-end id="260" type="scavenge" contextid="256" durationms="0.917" usertimems="0.000" systemtimems="0.000" timestamp="2019-07-02T18:59:50.020" activeThreads="4">
  <mem-info id="261" free="5405392" total="8388608" percent="64">
    <mem type="nursery" free="1368320" total="2097152" percent="65">
      <mem type="allocate" free="1368320" total="1703936" percent="80" />
      <mem type="survivor" free="0" total="393216" percent="0" />
    </mem>
    <mem type="tenure" free="4037072" total="6291456" percent="64">
      <mem type="soa" free="3722704" total="5977088" percent="62" />
      <mem type="loa" free="314368" total="314368" percent="100" />
    </mem>
    <pending-finalizers system="0" default="0" reference="9" classloader="0" />
    <remembered-set count="829" />
  </mem-info>
</gc-end>
<cycle-end id="262" type="scavenge" contextid="256" timestamp="2019-07-02T18:59:50.020">
  <attribute name="GC Util" value="6" />
  <attribute name="CPU Util" value="59" />
  <attribute name="Time Running"value="3920"/>
  <attribute name="Number of cores"value="4"/>
</cycle-end>
<allocation-satisfied id="263" threadId="000000000161F700" bytesRequested="3480" />
<af-end id="264" timestamp="2019-07-02T18:59:50.020" threadId="0000000001620088" success="true" from="nursery"/>
<exclusive-end id="265" timestamp="2019-07-02T18:59:50.020" durationms="1.285" />

<exclusive-start id="266" timestamp="2019-07-02T18:59:50.043" intervalms="23.614">
  <response-info timems="0.105" idlems="0.061" threads="1" lastid="0000000001626F00" lastname="JIT Compilation Thread-1" />
</exclusive-start>
<af-start id="267" threadId="0000000001620088" totalBytesRequested="1080" timestamp="2019-07-02T18:59:50.043" intervalms="23.624" type="nursery" />
<cycle-start id="268" type="scavenge" contextid="0" timestamp="2019-07-02T18:59:50.043" intervalms="23.616" />
  <attribute name="GC Util" value="6" />
  <attribute name="CPU Util" value="59" />
  <attribute name="Time Running"value="3920"/>
  <attribute name="Number of cores"value="4"/>
<gc-start id="269" type="scavenge" contextid="268" timestamp="2019-07-02T18:59:50.043">
  <mem-info id="270" free="4016016" total="8388608" percent="47">
    <mem type="nursery" free="0" total="2097152" percent="0">
      <mem type="allocate" free="0" total="1703936" percent="0" />
      <mem type="survivor" free="0" total="393216" percent="0" />
    </mem>
    <mem type="tenure" free="4016016" total="6291456" percent="63">
      <mem type="soa" free="3701648" total="5977088" percent="61" />
      <mem type="loa" free="314368" total="314368" percent="100" />
    </mem>
    <remembered-set count="1090" />
  </mem-info>
</gc-start>
<allocation-stats totalBytes="1368704" >
  <allocated-bytes non-tlh="24536" tlh="1344168" />
  <largest-consumer threadName="main" threadId="000000000161F700" bytes="1368704" />
</allocation-stats>
<gc-op id="271" type="scavenge" timems="0.659" contextid="268" timestamp="2019-07-02T18:59:50.043">
  <scavenger-info tenureage="3" tenuremask="ffe8" tiltratio="81" />
  <memory-copied type="nursery" objects="4316" bytes="177224" bytesdiscarded="49128" />
  <memory-copied type="tenure" objects="2346" bytes="90296" bytesdiscarded="96" />
  <finalization candidates="3" enqueued="0" />
  <references type="soft" candidates="208" cleared="0" enqueued="0" dynamicThreshold="32" maxThreshold="32" />
  <references type="weak" candidates="416" cleared="15" enqueued="15" />
  <references type="phantom" candidates="2" cleared="1" enqueued="1" />
</gc-op>
<gc-end id="272" type="scavenge" contextid="268" durationms="0.830" usertimems="0.000" systemtimems="0.000" timestamp="2019-07-02T18:59:50.044" activeThreads="4">
  <mem-info id="273" free="5375008" total="8388608" percent="64">
    <mem type="nursery" free="1477376" total="2097152" percent="70">
      <mem type="allocate" free="1477376" total="1703936" percent="86" />
      <mem type="survivor" free="0" total="393216" percent="0" />
    </mem>
    <mem type="tenure" free="3897632" total="6291456" percent="61">
      <mem type="soa" free="3583264" total="5977088" percent="59" />
      <mem type="loa" free="314368" total="314368" percent="100" />
    </mem>
    <pending-finalizers system="0" default="0" reference="16" classloader="0" />
    <remembered-set count="675" />
  </mem-info>
</gc-end>
<cycle-end id="274" type="scavenge" contextid="268" timestamp="2019-07-02T18:59:50.044">
  <attribute name="GC Util" value="5" />
  <attribute name="CPU Util" value="63" />
  <attribute name="Time Running"value="3944"/>
  <attribute name="Number of cores"value="4"/>
</cycle-end>
<allocation-satisfied id="275" threadId="000000000161F700" bytesRequested="1080" />
<af-end id="276" timestamp="2019-07-02T18:59:50.044" threadId="0000000001620088" success="true" from="nursery"/>
<exclusive-end id="277" timestamp="2019-07-02T18:59:50.044" durationms="1.226" />

<exclusive-start id="278" timestamp="2019-07-02T18:59:50.079" intervalms="36.461">
  <response-info timems="0.011" idlems="0.011" threads="0" lastid="000000000161F700" lastname="main" />
</exclusive-start>
<af-start id="279" threadId="0000000001620088" totalBytesRequested="1032" timestamp="2019-07-02T18:59:50.079" intervalms="36.451" type="nursery" />
<cycle-start id="280" type="scavenge" contextid="0" timestamp="2019-07-02T18:59:50.079" intervalms="36.449" />
  <attribute name="GC Util" value="5" />
  <attribute name="CPU Util" value="63" />
  <attribute name="Time Running"value="3944"/>
  <attribute name="Number of cores"value="4"/>
<gc-start id="281" type="scavenge" contextid="280" timestamp="2019-07-02T18:59:50.079">
  <mem-info id="282" free="3851576" total="8388608" percent="45">
    <mem type="nursery" free="0" total="2097152" percent="0">
      <mem type="allocate" free="0" total="1703936" percent="0" />
      <mem type="survivor" free="0" total="393216" percent="0" />
    </mem>
    <mem type="tenure" free="3851576" total="6291456" percent="61">
      <mem type="soa" free="3537208" total="5977088" percent="59" />
      <mem type="loa" free="314368" total="314368" percent="100" />
    </mem>
    <remembered-set count="1109" />
  </mem-info>
</gc-start>
<allocation-stats totalBytes="1498360" >
  <allocated-bytes non-tlh="47136" tlh="1451224" />
  <largest-consumer threadName="main" threadId="000000000161F700" bytes="1494264" />
</allocation-stats>
<gc-op id="283" type="scavenge" timems="0.658" contextid="280" timestamp="2019-07-02T18:59:50.080">
  <scavenger-info tenureage="3" tenuremask="ffe8" tiltratio="81" />
  <memory-copied type="nursery" objects="2933" bytes="128296" bytesdiscarded="28104" />
  <memory-copied type="tenure" objects="2369" bytes="86336" bytesdiscarded="16" />
  <finalization candidates="3" enqueued="0" />
  <references type="soft" candidates="57" cleared="0" enqueued="0" dynamicThreshold="32" maxThreshold="32" />
  <references type="weak" candidates="619" cleared="1" enqueued="1" />
  <references type="phantom" candidates="2" cleared="0" enqueued="0" />
</gc-op>
<gc-end id="284" type="scavenge" contextid="280" durationms="0.830" usertimems="0.000" systemtimems="0.000" timestamp="2019-07-02T18:59:50.080" activeThreads="4">
  <mem-info id="285" free="5425208" total="8388608" percent="64">
    <mem type="nursery" free="1612800" total="2097152" percent="76">
      <mem type="allocate" free="1612800" total="1769472" percent="91" />
      <mem type="survivor" free="0" total="327680" percent="0" />
    </mem>
    <mem type="tenure" free="3812408" total="6291456" percent="60">
      <mem type="soa" free="3498040" total="5977088" percent="58" />
      <mem type="loa" free="314368" total="314368" percent="100" />
    </mem>
    <pending-finalizers system="0" default="0" reference="1" classloader="0" />
    <remembered-set count="810" />
  </mem-info>
</gc-end>
<cycle-end id="286" type="scavenge" contextid="280" timestamp="2019-07-02T18:59:50.080">
  <attribute name="GC Util" value="3" />
  <attribute name="CPU Util" value="506001984182" />
  <attribute name="Time Running"value="3980"/>
  <attribute name="Number of cores"value="4"/>
</cycle-end>
<allocation-satisfied id="287" threadId="000000000161F700" bytesRequested="1032" />
<af-end id="288" timestamp="2019-07-02T18:59:50.080" threadId="0000000001620088" success="true" from="nursery"/>
<exclusive-end id="289" timestamp="2019-07-02T18:59:50.080" durationms="1.188" />

<exclusive-start id="290" timestamp="2019-07-02T18:59:50.113" intervalms="33.678">
  <response-info timems="0.020" idlems="0.020" threads="0" lastid="000000000161F700" lastname="main" />
</exclusive-start>
<af-start id="291" threadId="0000000001620088" totalBytesRequested="104" timestamp="2019-07-02T18:59:50.113" intervalms="33.692" type="nursery" />
<cycle-start id="292" type="scavenge" contextid="0" timestamp="2019-07-02T18:59:50.113" intervalms="33.735" />
  <attribute name="GC Util" value="3" />
  <attribute name="CPU Util" value="506001984182" />
  <attribute name="Time Running"value="3980"/>
  <attribute name="Number of cores"value="4"/>
<gc-start id="293" type="scavenge" contextid="292" timestamp="2019-07-02T18:59:50.113">
  <mem-info id="294" free="3756240" total="8388608" percent="44">
    <mem type="nursery" free="0" total="2097152" percent="0">
      <mem type="allocate" free="0" total="1769472" percent="0" />
      <mem type="survivor" free="0" total="327680" percent="0" />
    </mem>
    <mem type="tenure" free="3756240" total="6291456" percent="59">
      <mem type="soa" free="3441872" total="5977088" percent="57" />
      <mem type="loa" free="314368" total="314368" percent="100" />
    </mem>
    <remembered-set count="1456" />
  </mem-info>
</gc-start>
<allocation-stats totalBytes="1667688" >
  <allocated-bytes non-tlh="57200" tlh="1610488" />
  <largest-consumer threadName="main" threadId="000000000161F700" bytes="1667688" />
</allocation-stats>
<gc-op id="295" type="scavenge" timems="0.893" contextid="292" timestamp="2019-07-02T18:59:50.114">
  <scavenger-info tenureage="3" tenuremask="ffe8" tiltratio="84" />
  <memory-copied type="nursery" objects="5263" bytes="190080" bytesdiscarded="136640" />
  <memory-copied type="tenure" objects="1499" bytes="76976" bytesdiscarded="16" />
  <copy-failed type="nursery" objects="821" bytes="32488" />
  <finalization candidates="3" enqueued="0" />
  <ownableSynchronizers candidates="1" cleared="0" />
  <references type="soft" candidates="216" cleared="0" enqueued="0" dynamicThreshold="32" maxThreshold="32" />
  <references type="weak" candidates="849" cleared="1" enqueued="1" />
  <references type="phantom" candidates="1" cleared="0" enqueued="0" />
</gc-op>
<gc-end id="296" type="scavenge" contextid="292" durationms="1.116" usertimems="0.000" systemtimems="0.000" timestamp="2019-07-02T18:59:50.114" activeThreads="4">
  <mem-info id="297" free="5076928" total="8388608" percent="60">
    <mem type="nursery" free="1376256" total="2097152" percent="65">
      <mem type="allocate" free="1376256" total="1703936" percent="80" />
      <mem type="survivor" free="0" total="393216" percent="0" />
    </mem>
    <mem type="tenure" free="3700672" total="6291456" percent="58">
      <mem type="soa" free="3386304" total="5977088" percent="56" />
      <mem type="loa" free="314368" total="314368" percent="100" />
    </mem>
    <pending-finalizers system="0" default="0" reference="1" classloader="0" />
    <remembered-set count="1322" />
  </mem-info>
</gc-end>
<cycle-end id="298" type="scavenge" contextid="292" timestamp="2019-07-02T18:59:50.114">
  <attribute name="GC Util" value="3" />
  <attribute name="CPU Util" value="545636259482" />
  <attribute name="Time Running"value="4014"/>
  <attribute name="Number of cores"value="4"/>
</cycle-end>
<allocation-satisfied id="299" threadId="000000000161F700" bytesRequested="104" />
<af-end id="300" timestamp="2019-07-02T18:59:50.114" threadId="0000000001620088" success="true" from="nursery"/>
<exclusive-end id="301" timestamp="2019-07-02T18:59:50.114" durationms="1.577" />

<exclusive-start id="302" timestamp="2019-07-02T18:59:50.151" intervalms="38.707">
  <response-info timems="0.020" idlems="0.020" threads="0" lastid="000000000161F700" lastname="main" />
</exclusive-start>
<af-start id="303" threadId="0000000001620088" totalBytesRequested="262152" timestamp="2019-07-02T18:59:50.151" intervalms="38.739" type="nursery" />
<cycle-start id="304" type="scavenge" contextid="0" timestamp="2019-07-02T18:59:50.152" intervalms="38.738" />
  <attribute name="GC Util" value="3" />
  <attribute name="CPU Util" value="545636259482" />
  <attribute name="Time Running"value="4014"/>
  <attribute name="Number of cores"value="4"/>
<gc-start id="305" type="scavenge" contextid="304" timestamp="2019-07-02T18:59:50.152">
  <mem-info id="306" free="3655208" total="8388608" percent="43">
    <mem type="nursery" free="0" total="2097152" percent="0">
      <mem type="allocate" free="0" total="1703936" percent="0" />
      <mem type="survivor" free="0" total="393216" percent="0" />
    </mem>
    <mem type="tenure" free="3655208" total="6291456" percent="58">
      <mem type="soa" free="3340840" total="5977088" percent="55" />
      <mem type="loa" free="314368" total="314368" percent="100" />
    </mem>
    <remembered-set count="2085" />
  </mem-info>
</gc-start>
<allocation-stats totalBytes="1419992" >
  <allocated-bytes non-tlh="45568" tlh="1374424" />
  <largest-consumer threadName="main" threadId="000000000161F700" bytes="1358864" />
</allocation-stats>
<gc-op id="307" type="scavenge" timems="0.913" contextid="304" timestamp="2019-07-02T18:59:50.153">
  <scavenger-info tenureage="3" tenuremask="ffe8" tiltratio="81" />
  <memory-copied type="nursery" objects="8186" bytes="334736" bytesdiscarded="39120" />
  <memory-copied type="tenure" objects="998" bytes="33376" bytesdiscarded="32" />
  <finalization candidates="14" enqueued="0" />
  <ownableSynchronizers candidates="4" cleared="0" />
  <references type="soft" candidates="250" cleared="0" enqueued="0" dynamicThreshold="32" maxThreshold="32" />
  <references type="weak" candidates="1946" cleared="431" enqueued="289" />
  <references type="phantom" candidates="4" cleared="1" enqueued="1" />
</gc-op>
<gc-end id="308" type="scavenge" contextid="304" durationms="1.109" usertimems="0.000" systemtimems="0.000" timestamp="2019-07-02T18:59:50.153" activeThreads="4">
  <mem-info id="309" free="4848936" total="8388608" percent="57">
    <mem type="nursery" free="1263616" total="2097152" percent="60">
      <mem type="allocate" free="1263616" total="1638400" percent="77" />
      <mem type="survivor" free="0" total="458752" percent="0" />
    </mem>
    <mem type="tenure" free="3585320" total="6291456" percent="56">
      <mem type="soa" free="3270952" total="5977088" percent="54" />
      <mem type="loa" free="314368" total="314368" percent="100" />
    </mem>
    <pending-finalizers system="0" default="0" reference="290" classloader="0" />
    <remembered-set count="1645" />
  </mem-info>
</gc-end>
<cycle-end id="310" type="scavenge" contextid="304" timestamp="2019-07-02T18:59:50.153">
  <attribute name="GC Util" value="3" />
  <attribute name="CPU Util" value="80" />
  <attribute name="Time Running"value="4053"/>
  <attribute name="Number of cores"value="4"/>
</cycle-end>
<allocation-satisfied id="311" threadId="000000000161F700" bytesRequested="262152" />
<af-end id="312" timestamp="2019-07-02T18:59:50.153" threadId="0000000001620088" success="true" from="nursery"/>
<exclusive-end id="313" timestamp="2019-07-02T18:59:50.153" durationms="1.760" />

<exclusive-start id="314" timestamp="2019-07-02T18:59:50.173" intervalms="21.202">
  <response-info timems="0.041" idlems="0.029" threads="1" lastid="0000000001626F00" lastname="JIT Compilation Thread-1" />
</exclusive-start>
<af-start id="315" threadId="0000000001620088" totalBytesRequested="1032" timestamp="2019-07-02T18:59:50.173" intervalms="21.188" type="nursery" />
<cycle-start id="316" type="scavenge" contextid="0" timestamp="2019-07-02T18:59:50.173" intervalms="21.181" />
  <attribute name="GC Util" value="3" />
  <attribute name="CPU Util" value="80" />
  <attribute name="Time Running"value="4053"/>
  <attribute name="Number of cores"value="4"/>
<gc-start id="317" type="scavenge" contextid="316" timestamp="2019-07-02T18:59:50.173">
  <mem-info id="318" free="3576264" total="8388608" percent="42">
    <mem type="nursery" free="0" total="2097152" percent="0">
      <mem type="allocate" free="0" total="1638400" percent="0" />
      <mem type="survivor" free="0" total="458752" percent="0" />
    </mem>
    <mem type="tenure" free="3576264" total="6291456" percent="56">
      <mem type="soa" free="3261896" total="5977088" percent="54" />
      <mem type="loa" free="314368" total="314368" percent="100" />
    </mem>
    <remembered-set count="1822" />
  </mem-info>
</gc-start>
<allocation-stats totalBytes="1241232" >
  <allocated-bytes non-tlh="370520" tlh="870712" />
  <largest-consumer threadName="main" threadId="000000000161F700" bytes="1229400" />
</allocation-stats>
<gc-op id="319" type="scavenge" timems="0.915" contextid="316" timestamp="2019-07-02T18:59:50.174">
  <scavenger-info tenureage="3" tenuremask="ffe8" tiltratio="78" />
  <memory-copied type="nursery" objects="4019" bytes="458240" bytesdiscarded="64" />
  <memory-copied type="tenure" objects="5248" bytes="204264" bytesdiscarded="96" />
  <copy-failed type="nursery" objects="4208" bytes="166888" />
  <finalization candidates="14" enqueued="0" />
  <ownableSynchronizers candidates="4" cleared="0" />
  <references type="soft" candidates="124" cleared="0" enqueued="0" dynamicThreshold="32" maxThreshold="32" />
  <references type="weak" candidates="531" cleared="11" enqueued="8" />
  <references type="phantom" candidates="10" cleared="3" enqueued="3" />
</gc-op>
<gc-end id="320" type="scavenge" contextid="316" durationms="1.144" usertimems="0.000" systemtimems="0.000" timestamp="2019-07-02T18:59:50.174" activeThreads="4">
  <mem-info id="321" free="3978696" total="8388608" percent="47">
    <mem type="nursery" free="589824" total="2097152" percent="28">
      <mem type="allocate" free="589824" total="1048576" percent="56" />
      <mem type="survivor" free="0" total="1048576" percent="0" />
    </mem>
    <mem type="tenure" free="3388872" total="6291456" percent="53">
      <mem type="soa" free="3074504" total="5977088" percent="51" />
      <mem type="loa" free="314368" total="314368" percent="100" />
    </mem>
    <pending-finalizers system="0" default="0" reference="11" classloader="0" />
    <remembered-set count="1984" />
  </mem-info>
</gc-end>
<cycle-end id="322" type="scavenge" contextid="316" timestamp="2019-07-02T18:59:50.174">
  <attribute name="GC Util" value="8" />
  <attribute name="CPU Util" value="45" />
  <attribute name="Time Running"value="4074"/>
  <attribute name="Number of cores"value="4"/>
</cycle-end>
<allocation-satisfied id="323" threadId="000000000161F700" bytesRequested="1032" />
<af-end id="324" timestamp="2019-07-02T18:59:50.174" threadId="0000000001620088" success="true" from="nursery"/>
<exclusive-end id="325" timestamp="2019-07-02T18:59:50.174" durationms="1.622" />

<exclusive-start id="326" timestamp="2019-07-02T18:59:50.179" intervalms="6.886">
  <response-info timems="0.023" idlems="0.023" threads="0" lastid="000000000161F700" lastname="main" />
</exclusive-start>
<af-start id="327" threadId="0000000001620088" totalBytesRequested="13792" timestamp="2019-07-02T18:59:50.180" intervalms="6.874" type="nursery" />
<cycle-start id="328" type="scavenge" contextid="0" timestamp="2019-07-02T18:59:50.180" intervalms="6.870" />
  <attribute name="GC Util" value="8" />
  <attribute name="CPU Util" value="45" />
  <attribute name="Time Running"value="4074"/>
  <attribute name="Number of cores"value="4"/>
<gc-start id="329" type="scavenge" contextid="328" timestamp="2019-07-02T18:59:50.180">
  <mem-info id="330" free="3386664" total="8388608" percent="40">
    <mem type="nursery" free="0" total="2097152" percent="0">
      <mem type="allocate" free="0" total="1048576" percent="0" />
      <mem type="survivor" free="0" total="1048576" percent="0" />
    </mem>
    <mem type="tenure" free="3386664" total="6291456" percent="53">
      <mem type="soa" free="3072296" total="5977088" percent="51" />
      <mem type="loa" free="314368" total="314368" percent="100" />
    </mem>
    <remembered-set count="2020" />
  </mem-info>
</gc-start>
<allocation-stats totalBytes="541632" >
  <allocated-bytes non-tlh="203248" tlh="338384" />
  <largest-consumer threadName="main" threadId="000000000161F700" bytes="533440" />
</allocation-stats>
<gc-op id="331" type="scavenge" timems="0.598" contextid="328" timestamp="2019-07-02T18:59:50.180">
  <scavenger-info tenureage="2" tenuremask="600c" tiltratio="50" />
  <memory-copied type="nursery" objects="741" bytes="586432" bytesdiscarded="18544" />
  <memory-copied type="tenure" objects="3317" bytes="150520" bytesdiscarded="136" />
  <finalization candidates="13" enqueued="0" />
  <ownableSynchronizers candidates="3" cleared="0" />
  <references type="soft" candidates="79" cleared="0" enqueued="0" dynamicThreshold="32" maxThreshold="32" />
  <references type="weak" candidates="46" cleared="3" enqueued="3" />
  <references type="phantom" candidates="5" cleared="0" enqueued="0" />
</gc-op>
<gc-end id="332" type="scavenge" contextid="328" durationms="0.746" usertimems="0.000" systemtimems="0.000" timestamp="2019-07-02T18:59:50.180" activeThreads="4">
  <mem-info id="333" free="3747512" total="8388608" percent="44">
    <mem type="nursery" free="509072" total="2097152" percent="24">
      <mem type="allocate" free="509072" total="1114112" percent="45" />
      <mem type="survivor" free="0" total="983040" percent="0" />
    </mem>
    <mem type="tenure" free="3238440" total="6291456" percent="51">
      <mem type="soa" free="2924072" total="5977088" percent="48" />
      <mem type="loa" free="314368" total="314368" percent="100" />
    </mem>
    <pending-finalizers system="0" default="0" reference="3" classloader="0" />
    <remembered-set count="351" />
  </mem-info>
</gc-end>
<cycle-end id="334" type="scavenge" contextid="328" timestamp="2019-07-02T18:59:50.180">
  <attribute name="GC Util" value="25" />
  <attribute name="CPU Util" value="2740112474584" />
  <attribute name="Time Running"value="4081"/>
  <attribute name="Number of cores"value="4"/>
</cycle-end>
<allocation-satisfied id="335" threadId="000000000161F700" bytesRequested="13792" />
<af-end id="336" timestamp="2019-07-02T18:59:50.181" threadId="0000000001620088" success="true" from="nursery"/>
<exclusive-end id="337" timestamp="2019-07-02T18:59:50.181" durationms="1.155" />

<exclusive-start id="338" timestamp="2019-07-02T18:59:50.187" intervalms="7.098">
  <response-info timems="0.009" idlems="0.009" threads="0" lastid="000000000161F700" lastname="main" />
</exclusive-start>
<af-start id="339" threadId="0000000001620088" totalBytesRequested="131080" timestamp="2019-07-02T18:59:50.187" intervalms="7.112" type="nursery" />
<cycle-start id="340" type="scavenge" contextid="0" timestamp="2019-07-02T18:59:50.187" intervalms="7.109" />
  <attribute name="GC Util" value="25" />
  <attribute name="CPU Util" value="2740112474584" />
  <attribute name="Time Running"value="4081"/>
  <attribute name="Number of cores"value="4"/>
<gc-start id="341" type="scavenge" contextid="340" timestamp="2019-07-02T18:59:50.187">
  <mem-info id="342" free="3304616" total="8388608" percent="39">
    <mem type="nursery" free="72768" total="2097152" percent="3">
      <mem type="allocate" free="72768" total="1114112" percent="6" />
      <mem type="survivor" free="0" total="983040" percent="0" />
    </mem>
    <mem type="tenure" free="3231848" total="6291456" percent="51">
      <mem type="soa" free="2917480" total="5977088" percent="48" />
      <mem type="loa" free="314368" total="314368" percent="100" />
    </mem>
    <remembered-set count="420" />
  </mem-info>
</gc-start>
<allocation-stats totalBytes="438336" >
  <allocated-bytes non-tlh="279056" tlh="159280" />
  <largest-consumer threadName="main" threadId="000000000161F700" bytes="438336" />
</allocation-stats>
<gc-op id="343" type="scavenge" timems="0.360" contextid="340" timestamp="2019-07-02T18:59:50.187">
  <scavenger-info tenureage="2" tenuremask="7004" tiltratio="53" />
  <memory-copied type="nursery" objects="126" bytes="402896" bytesdiscarded="67960" />
  <memory-copied type="tenure" objects="654" bytes="295224" bytesdiscarded="88" />
  <references type="soft" candidates="2" cleared="0" enqueued="0" dynamicThreshold="32" maxThreshold="32" />
</gc-op>
<gc-end id="344" type="scavenge" contextid="340" durationms="0.548" usertimems="4.000" systemtimems="0.000" timestamp="2019-07-02T18:59:50.187" activeThreads="4">
  <mem-info id="345" free="3608592" total="8388608" percent="43">
    <mem type="nursery" free="708784" total="2097152" percent="33">
      <mem type="allocate" free="708784" total="1179648" percent="60" />
      <mem type="survivor" free="0" total="917504" percent="0" />
    </mem>
    <mem type="tenure" free="2899808" total="6291456" percent="46">
      <mem type="soa" free="2585440" total="5977088" percent="43" />
      <mem type="loa" free="314368" total="314368" percent="100" />
    </mem>
    <remembered-set count="183" />
  </mem-info>
</gc-end>
<cycle-end id="346" type="scavenge" contextid="340" timestamp="2019-07-02T18:59:50.187">
  <attribute name="GC Util" value="15" />
  <attribute name="CPU Util" value="2579979721610" />
  <attribute name="Time Running"value="4088"/>
  <attribute name="Number of cores"value="4"/>
</cycle-end>
<allocation-satisfied id="347" threadId="000000000161F700" bytesRequested="131080" />
<af-end id="348" timestamp="2019-07-02T18:59:50.188" threadId="0000000001620088" success="true" from="nursery"/>
<exclusive-end id="349" timestamp="2019-07-02T18:59:50.188" durationms="0.993" />

<exclusive-start id="350" timestamp="2019-07-02T18:59:50.194" intervalms="7.474">
  <response-info timems="0.008" idlems="0.008" threads="0" lastid="000000000161F700" lastname="main" />
</exclusive-start>
<af-start id="351" threadId="0000000001620088" totalBytesRequested="261128" timestamp="2019-07-02T18:59:50.194" intervalms="7.428" type="nursery" />
<cycle-start id="352" type="scavenge" contextid="0" timestamp="2019-07-02T18:59:50.194" intervalms="7.393" />
  <attribute name="GC Util" value="15" />
  <attribute name="CPU Util" value="2579979721610" />
  <attribute name="Time Running"value="4088"/>
  <attribute name="Number of cores"value="4"/>
<gc-start id="353" type="scavenge" contextid="352" timestamp="2019-07-02T18:59:50.194">
  <mem-info id="354" free="3063032" total="8388608" percent="36">
    <mem type="nursery" free="170144" total="2097152" percent="8">
      <mem type="allocate" free="170144" total="1179648" percent="14" />
      <mem type="survivor" free="0" total="917504" percent="0" />
    </mem>
    <mem type="tenure" free="2892888" total="6291456" percent="45">
      <mem type="soa" free="2578520" total="5977088" percent="43" />
      <mem type="loa" free="314368" total="314368" percent="100" />
    </mem>
    <remembered-set count="342" />
  </mem-info>
</gc-start>
<allocation-stats totalBytes="540272" >
  <allocated-bytes non-tlh="332576" tlh="207696" />
  <largest-consumer threadName="main" threadId="000000000161F700" bytes="540272" />
</allocation-stats>
<gc-op id="355" type="scavenge" timems="0.338" contextid="352" timestamp="2019-07-02T18:59:50.195">
  <scavenger-info tenureage="2" tenuremask="7804" tiltratio="56" />
  <memory-copied type="nursery" objects="377" bytes="427560" bytesdiscarded="42984" />
  <memory-copied type="tenure" objects="52" bytes="268248" bytesdiscarded="0" />
  <references type="weak" candidates="2" cleared="1" enqueued="1" />
  <references type="phantom" candidates="1" cleared="0" enqueued="0" />
</gc-op>
<gc-end id="356" type="scavenge" contextid="352" durationms="0.483" usertimems="0.000" systemtimems="0.000" timestamp="2019-07-02T18:59:50.195" activeThreads="4">
  <mem-info id="357" free="3467512" total="8388608" percent="41">
    <mem type="nursery" free="774632" total="2097152" percent="36">
      <mem type="allocate" free="774632" total="1245184" percent="62" />
      <mem type="survivor" free="0" total="851968" percent="0" />
    </mem>
    <mem type="tenure" free="2692880" total="6291456" percent="42">
      <mem type="soa" free="2378512" total="5977088" percent="39" />
      <mem type="loa" free="314368" total="314368" percent="100" />
    </mem>
    <pending-finalizers system="0" default="0" reference="1" classloader="0" />
    <remembered-set count="302" />
  </mem-info>
</gc-end>
<cycle-end id="358" type="scavenge" contextid="352" timestamp="2019-07-02T18:59:50.195">
  <attribute name="GC Util" value="9" />
  <attribute name="CPU Util" value="2512165599497" />
  <attribute name="Time Running"value="4095"/>
  <attribute name="Number of cores"value="4"/>
</cycle-end>
<allocation-satisfied id="359" threadId="000000000161F700" bytesRequested="261128" />
<af-end id="360" timestamp="2019-07-02T18:59:50.195" threadId="0000000001620088" success="true" from="nursery"/>
<exclusive-end id="361" timestamp="2019-07-02T18:59:50.195" durationms="0.809" />

<exclusive-start id="362" timestamp="2019-07-02T18:59:50.205" intervalms="11.111">
  <response-info timems="0.020" idlems="0.020" threads="0" lastid="000000000161F700" lastname="main" />
</exclusive-start>
<af-start id="363" threadId="0000000001620088" totalBytesRequested="6928" timestamp="2019-07-02T18:59:50.205" intervalms="11.138" type="nursery" />
<cycle-start id="364" type="scavenge" contextid="0" timestamp="2019-07-02T18:59:50.205" intervalms="11.173" />
  <attribute name="GC Util" value="9" />
  <attribute name="CPU Util" value="2512165599497" />
  <attribute name="Time Running"value="4095"/>
  <attribute name="Number of cores"value="4"/>
<gc-start id="365" type="scavenge" contextid="364" timestamp="2019-07-02T18:59:50.205">
  <mem-info id="366" free="2690208" total="8388608" percent="32">
    <mem type="nursery" free="0" total="2097152" percent="0">
      <mem type="allocate" free="0" total="1245184" percent="0" />
      <mem type="survivor" free="0" total="851968" percent="0" />
    </mem>
    <mem type="tenure" free="2690208" total="6291456" percent="42">
      <mem type="soa" free="2375840" total="5977088" percent="39" />
      <mem type="loa" free="314368" total="314368" percent="100" />
    </mem>
    <remembered-set count="341" />
  </mem-info>
</gc-start>
<allocation-stats totalBytes="761704" >
  <allocated-bytes non-tlh="525968" tlh="235736" />
  <largest-consumer threadName="main" threadId="000000000161F700" bytes="761704" />
</allocation-stats>
<gc-op id="367" type="scavenge" timems="0.296" contextid="364" timestamp="2019-07-02T18:59:50.206">
  <scavenger-info tenureage="2" tenuremask="7c04" tiltratio="59" />
  <memory-copied type="nursery" objects="332" bytes="165352" bytesdiscarded="47136" />
  <memory-copied type="tenure" objects="68" bytes="134352" bytesdiscarded="0" />
  <references type="weak" candidates="1" cleared="0" enqueued="0" />
  <references type="phantom" candidates="1" cleared="0" enqueued="0" />
</gc-op>
<gc-end id="368" type="scavenge" contextid="364" durationms="0.444" usertimems="4.000" systemtimems="0.000" timestamp="2019-07-02T18:59:50.206" activeThreads="4">
  <mem-info id="369" free="3657352" total="8388608" percent="43">
    <mem type="nursery" free="1098224" total="2097152" percent="52">
      <mem type="allocate" free="1098224" total="1310720" percent="83" />
      <mem type="survivor" free="0" total="786432" percent="0" />
    </mem>
    <mem type="tenure" free="2559128" total="6291456" percent="40">
      <mem type="soa" free="2244760" total="5977088" percent="37" />
      <mem type="loa" free="314368" total="314368" percent="100" />
    </mem>
    <remembered-set count="271" />
  </mem-info>
</gc-end>
<cycle-end id="370" type="scavenge" contextid="364" timestamp="2019-07-02T18:59:50.206">
  <attribute name="GC Util" value="5" />
  <attribute name="CPU Util" value="1650608857473" />
  <attribute name="Time Running"value="4106"/>
  <attribute name="Number of cores"value="4"/>
</cycle-end>
<allocation-satisfied id="371" threadId="000000000161F700" bytesRequested="6928" />
<af-end id="372" timestamp="2019-07-02T18:59:50.206" threadId="0000000001620088" success="true" from="nursery"/>
<exclusive-end id="373" timestamp="2019-07-02T18:59:50.206" durationms="0.831" />

<exclusive-start id="374" timestamp="2019-07-02T18:59:50.232" intervalms="27.299">
  <response-info timems="0.009" idlems="0.009" threads="0" lastid="000000000161F700" lastname="main" />
</exclusive-start>
<af-start id="375" threadId="0000000001620088" totalBytesRequested="1032" timestamp="2019-07-02T18:59:50.233" intervalms="27.282" type="nursery" />
<cycle-start id="376" type="scavenge" contextid="0" timestamp="2019-07-02T18:59:50.233" intervalms="27.261" />
  <attribute name="GC Util" value="5" />
  <attribute name="CPU Util" value="1650608857473" />
  <attribute name="Time Running"value="4106"/>
  <attribute name="Number of cores"value="4"/>
<gc-start id="377" type="scavenge" contextid="376" timestamp="2019-07-02T18:59:50.233">
  <mem-info id="378" free="2543088" total="8388608" percent="30">
    <mem type="nursery" free="0" total="2097152" percent="0">
      <mem type="allocate" free="0" total="1310720" percent="0" />
      <mem type="survivor" free="0" total="786432" percent="0" />
    </mem>
    <mem type="tenure" free="2543088" total="6291456" percent="40">
      <mem type="soa" free="2228720" total="5977088" percent="37" />
      <mem type="loa" free="314368" total="314368" percent="100" />
    </mem>
    <remembered-set count="550" />
  </mem-info>
</gc-start>
<allocation-stats totalBytes="1063896" >
  <allocated-bytes non-tlh="22968" tlh="1040928" />
  <largest-consumer threadName="main" threadId="000000000161F700" bytes="1063896" />
</allocation-stats>
<gc-op id="379" type="scavenge" timems="0.369" contextid="376" timestamp="2019-07-02T18:59:50.233">
  <scavenger-info tenureage="2" tenuremask="7c04" tiltratio="62" />
  <memory-copied type="nursery" objects="1555" bytes="48816" bytesdiscarded="60240" />
  <memory-copied type="tenure" objects="282" bytes="153296" bytesdiscarded="0" />
  <references type="weak" candidates="3" cleared="2" enqueued="2" />
  <references type="phantom" candidates="1" cleared="0" enqueued="0" />
</gc-op>
<gc-end id="380" type="scavenge" contextid="376" durationms="0.531" usertimems="4.000" systemtimems="0.000" timestamp="2019-07-02T18:59:50.233" activeThreads="4">
  <mem-info id="381" free="3744744" total="8388608" percent="44">
    <mem type="nursery" free="1332736" total="2097152" percent="63">
      <mem type="allocate" free="1332736" total="1441792" percent="92" />
      <mem type="survivor" free="0" total="655360" percent="0" />
    </mem>
    <mem type="tenure" free="2412008" total="6291456" percent="38">
      <mem type="soa" free="2097640" total="5977088" percent="35" />
      <mem type="loa" free="314368" total="314368" percent="100" />
    </mem>
    <pending-finalizers system="0" default="0" reference="2" classloader="0" />
    <remembered-set count="393" />
  </mem-info>
</gc-end>
<cycle-end id="382" type="scavenge" contextid="376" timestamp="2019-07-02T18:59:50.233">
  <attribute name="GC Util" value="2" />
  <attribute name="CPU Util" value="675727806572" />
  <attribute name="Time Running"value="4134"/>
  <attribute name="Number of cores"value="4"/>
</cycle-end>
<allocation-satisfied id="383" threadId="000000000161F700" bytesRequested="1032" />
<af-end id="384" timestamp="2019-07-02T18:59:50.233" threadId="0000000001620088" success="true" from="nursery"/>
<exclusive-end id="385" timestamp="2019-07-02T18:59:50.233" durationms="0.906" />

<exclusive-start id="386" timestamp="2019-07-02T18:59:50.272" intervalms="39.637">
  <response-info timems="0.010" idlems="0.010" threads="0" lastid="000000000161F700" lastname="main" />
</exclusive-start>
<af-start id="387" threadId="0000000001620088" totalBytesRequested="15368" timestamp="2019-07-02T18:59:50.272" intervalms="39.642" type="nursery" />
<cycle-start id="388" type="scavenge" contextid="0" timestamp="2019-07-02T18:59:50.272" intervalms="39.634" />
  <attribute name="GC Util" value="2" />
  <attribute name="CPU Util" value="675727806572" />
  <attribute name="Time Running"value="4134"/>
  <attribute name="Number of cores"value="4"/>
<gc-start id="389" type="scavenge" contextid="388" timestamp="2019-07-02T18:59:50.272">
  <mem-info id="390" free="2386368" total="8388608" percent="28">
    <mem type="nursery" free="0" total="2097152" percent="0">
      <mem type="allocate" free="0" total="1441792" percent="0" />
      <mem type="survivor" free="0" total="655360" percent="0" />
    </mem>
    <mem type="tenure" free="2386368" total="6291456" percent="37">
      <mem type="soa" free="2072000" total="5977088" percent="34" />
      <mem type="loa" free="314368" total="314368" percent="100" />
    </mem>
    <remembered-set count="779" />
  </mem-info>
</gc-start>
<allocation-stats totalBytes="1331488" >
  <allocated-bytes non-tlh="26672" tlh="1304816" />
  <largest-consumer threadName="main" threadId="000000000161F700" bytes="1331488" />
</allocation-stats>
<gc-op id="391" type="scavenge" timems="0.567" contextid="388" timestamp="2019-07-02T18:59:50.273">
  <scavenger-info tenureage="2" tenuremask="7804" tiltratio="68" />
  <memory-copied type="nursery" objects="5924" bytes="300280" bytesdiscarded="171664" />
  <memory-copied type="tenure" objects="18" bytes="376" bytesdiscarded="0" />
  <references type="soft" candidates="54" cleared="0" enqueued="0" dynamicThreshold="32" maxThreshold="32" />
  <references type="weak" candidates="127" cleared="0" enqueued="0" />
  <references type="phantom" candidates="1" cleared="0" enqueued="0" />
</gc-op>
<gc-end id="392" type="scavenge" contextid="388" durationms="0.737" usertimems="4.000" systemtimems="0.000" timestamp="2019-07-02T18:59:50.273" activeThreads="4">
  <mem-info id="393" free="3356104" total="8388608" percent="40">
    <mem type="nursery" free="969736" total="2097152" percent="46">
      <mem type="allocate" free="969736" total="1441792" percent="67" />
      <mem type="survivor" free="0" total="655360" percent="0" />
    </mem>
    <mem type="tenure" free="2386368" total="6291456" percent="37">
      <mem type="soa" free="2072000" total="5977088" percent="34" />
      <mem type="loa" free="314368" total="314368" percent="100" />
    </mem>
    <remembered-set count="731" />
  </mem-info>
</gc-end>
<cycle-end id="394" type="scavenge" contextid="388" timestamp="2019-07-02T18:59:50.273">
  <attribute name="GC Util" value="1" />
  <attribute name="CPU Util" value="10" />
  <attribute name="Time Running"value="4173"/>
  <attribute name="Number of cores"value="4"/>
</cycle-end>
<allocation-satisfied id="395" threadId="000000000161F700" bytesRequested="15368" />
<af-end id="396" timestamp="2019-07-02T18:59:50.273" threadId="0000000001620088" success="true" from="nursery"/>
<exclusive-end id="397" timestamp="2019-07-02T18:59:50.273" durationms="1.117" />

<exclusive-start id="398" timestamp="2019-07-02T18:59:50.292" intervalms="20.208">
  <response-info timems="0.019" idlems="0.019" threads="0" lastid="000000000161F700" lastname="main" />
</exclusive-start>
<af-start id="399" threadId="0000000001620088" totalBytesRequested="1032" timestamp="2019-07-02T18:59:50.292" intervalms="20.202" type="nursery" />
<cycle-start id="400" type="scavenge" contextid="0" timestamp="2019-07-02T18:59:50.292" intervalms="20.200" />
  <attribute name="GC Util" value="1" />
  <attribute name="CPU Util" value="10" />
  <attribute name="Time Running"value="4173"/>
  <attribute name="Number of cores"value="4"/>
<gc-start id="401" type="scavenge" contextid="400" timestamp="2019-07-02T18:59:50.292">
  <mem-info id="402" free="2369616" total="8388608" percent="28">
    <mem type="nursery" free="0" total="2097152" percent="0">
      <mem type="allocate" free="0" total="1441792" percent="0" />
      <mem type="survivor" free="0" total="655360" percent="0" />
    </mem>
    <mem type="tenure" free="2369616" total="6291456" percent="37">
      <mem type="soa" free="2055248" total="5977088" percent="34" />
      <mem type="loa" free="314368" total="314368" percent="100" />
    </mem>
    <remembered-set count="946" />
  </mem-info>
</gc-start>
<allocation-stats totalBytes="983528" >
  <allocated-bytes non-tlh="32120" tlh="951408" />
  <largest-consumer threadName="main" threadId="000000000161F700" bytes="983528" />
</allocation-stats>
<gc-op id="403" type="scavenge" timems="0.615" contextid="400" timestamp="2019-07-02T18:59:50.293">
  <scavenger-info tenureage="11" tenuremask="7800" tiltratio="68" />
  <memory-copied type="nursery" objects="6277" bytes="304704" bytesdiscarded="29032" />
  <references type="soft" candidates="54" cleared="0" enqueued="0" dynamicThreshold="32" maxThreshold="32" />
  <references type="weak" candidates="207" cleared="0" enqueued="0" />
  <references type="phantom" candidates="1" cleared="0" enqueued="0" />
</gc-op>
<gc-end id="404" type="scavenge" contextid="400" durationms="0.768" usertimems="0.000" systemtimems="0.000" timestamp="2019-07-02T18:59:50.293" activeThreads="4">
  <mem-info id="405" free="3543032" total="8388608" percent="42">
    <mem type="nursery" free="1173416" total="2097152" percent="55">
      <mem type="allocate" free="1173416" total="1507328" percent="77" />
      <mem type="survivor" free="0" total="589824" percent="0" />
    </mem>
    <mem type="tenure" free="2369616" total="6291456" percent="37">
      <mem type="soa" free="2055248" total="5977088" percent="34" />
      <mem type="loa" free="314368" total="314368" percent="100" />
    </mem>
    <remembered-set count="682" />
  </mem-info>
</gc-end>
<cycle-end id="406" type="scavenge" contextid="400" timestamp="2019-07-02T18:59:50.293">
  <attribute name="GC Util" value="5" />
  <attribute name="CPU Util" value="913418313116" />
  <attribute name="Time Running"value="4193"/>
  <attribute name="Number of cores"value="4"/>
</cycle-end>
<allocation-satisfied id="407" threadId="000000000161F700" bytesRequested="1032" />
<af-end id="408" timestamp="2019-07-02T18:59:50.293" threadId="0000000001620088" success="true" from="nursery"/>
<exclusive-end id="409" timestamp="2019-07-02T18:59:50.293" durationms="1.115" />

<exclusive-start id="410" timestamp="2019-07-02T18:59:50.316" intervalms="23.896">
  <response-info timems="0.010" idlems="0.010" threads="0" lastid="000000000161F700" lastname="main" />
</exclusive-start>
<af-start id="411" threadId="0000000001620088" totalBytesRequested="816" timestamp="2019-07-02T18:59:50.316" intervalms="23.895" type="nursery" />
<cycle-start id="412" type="scavenge" contextid="0" timestamp="2019-07-02T18:59:50.316" intervalms="23.893" />
  <attribute name="GC Util" value="5" />
  <attribute name="CPU Util" value="913418313116" />
  <attribute name="Time Running"value="4193"/>
  <attribute name="Number of cores"value="4"/>
<gc-start id="413" type="scavenge" contextid="412" timestamp="2019-07-02T18:59:50.316">
  <mem-info id="414" free="2348536" total="8388608" percent="27">
    <mem type="nursery" free="0" total="2097152" percent="0">
      <mem type="allocate" free="0" total="1507328" percent="0" />
      <mem type="survivor" free="0" total="589824" percent="0" />
    </mem>
    <mem type="tenure" free="2348536" total="6291456" percent="37">
      <mem type="soa" free="2034168" total="5977088" percent="34" />
      <mem type="loa" free="314368" total="314368" percent="100" />
    </mem>
    <remembered-set count="940" />
  </mem-info>
</gc-start>
<allocation-stats totalBytes="1191264" >
  <allocated-bytes non-tlh="22112" tlh="1169152" />
  <largest-consumer threadName="main" threadId="000000000161F700" bytes="1191264" />
</allocation-stats>
<gc-op id="415" type="scavenge" timems="0.662" contextid="412" timestamp="2019-07-02T18:59:50.317">
  <scavenger-info tenureage="3" tenuremask="7808" tiltratio="71" />
  <memory-copied type="nursery" objects="5565" bytes="268232" bytesdiscarded="142048" />
  <memory-copied type="tenure" objects="1494" bytes="42344" bytesdiscarded="16" />
  <references type="soft" candidates="54" cleared="0" enqueued="0" dynamicThreshold="32" maxThreshold="32" />
  <references type="weak" candidates="407" cleared="0" enqueued="0" />
  <references type="phantom" candidates="1" cleared="0" enqueued="0" />
</gc-op>
<gc-end id="416" type="scavenge" contextid="412" durationms="0.821" usertimems="0.000" systemtimems="0.000" timestamp="2019-07-02T18:59:50.317" activeThreads="4">
  <mem-info id="417" free="3410248" total="8388608" percent="40">
    <mem type="nursery" free="1162320" total="2097152" percent="55">
      <mem type="allocate" free="1162320" total="1572864" percent="73" />
      <mem type="survivor" free="0" total="524288" percent="0" />
    </mem>
    <mem type="tenure" free="2247928" total="6291456" percent="35">
      <mem type="soa" free="1933560" total="5977088" percent="32" />
      <mem type="loa" free="314368" total="314368" percent="100" />
    </mem>
    <remembered-set count="564" />
  </mem-info>
</gc-end>
<cycle-end id="418" type="scavenge" contextid="412" timestamp="2019-07-02T18:59:50.317">
  <attribute name="GC Util" value="4" />
  <attribute name="CPU Util" value="771870730253" />
  <attribute name="Time Running"value="4217"/>
  <attribute name="Number of cores"value="4"/>
</cycle-end>
<allocation-satisfied id="419" threadId="000000000161F700" bytesRequested="816" />
<af-end id="420" timestamp="2019-07-02T18:59:50.317" threadId="0000000001620088" success="true" from="nursery"/>
<exclusive-end id="421" timestamp="2019-07-02T18:59:50.317" durationms="1.166" />

<exclusive-start id="422" timestamp="2019-07-02T18:59:50.337" intervalms="21.208">
  <response-info timems="0.023" idlems="0.023" threads="0" lastid="000000000161F700" lastname="main" />
</exclusive-start>
<af-start id="423" threadId="0000000001620088" totalBytesRequested="32" timestamp="2019-07-02T18:59:50.337" intervalms="21.210" type="nursery" />
<cycle-start id="424" type="scavenge" contextid="0" timestamp="2019-07-02T18:59:50.338" intervalms="21.258" />
  <attribute name="GC Util" value="4" />
  <attribute name="CPU Util" value="771870730253" />
  <attribute name="Time Running"value="4217"/>
  <attribute name="Number of cores"value="4"/>
<gc-start id="425" type="scavenge" contextid="424" timestamp="2019-07-02T18:59:50.338">
  <mem-info id="426" free="2234232" total="8388608" percent="26">
    <mem type="nursery" free="0" total="2097152" percent="0">
      <mem type="allocate" free="0" total="1572864" percent="0" />
      <mem type="survivor" free="0" total="524288" percent="0" />
    </mem>
    <mem type="tenure" free="2234232" total="6291456" percent="35">
      <mem type="soa" free="1919864" total="5977088" percent="32" />
      <mem type="loa" free="314368" total="314368" percent="100" />
    </mem>
    <remembered-set count="734" />
  </mem-info>
</gc-start>
<allocation-stats totalBytes="1175056" >
  <allocated-bytes non-tlh="14512" tlh="1160544" />
  <largest-consumer threadName="main" threadId="000000000161F700" bytes="1175056" />
</allocation-stats>
<gc-op id="427" type="scavenge" timems="0.795" contextid="424" timestamp="2019-07-02T18:59:50.339">
  <scavenger-info tenureage="3" tenuremask="7808" tiltratio="75" />
  <memory-copied type="nursery" objects="2289" bytes="79360" bytesdiscarded="37896" />
  <memory-copied type="tenure" objects="4376" bytes="225160" bytesdiscarded="32" />
  <references type="weak" candidates="408" cleared="0" enqueued="0" />
</gc-op>
<gc-end id="428" type="scavenge" contextid="424" durationms="0.969" usertimems="0.000" systemtimems="0.000" timestamp="2019-07-02T18:59:50.339" activeThreads="4">
  <mem-info id="429" free="3413712" total="8388608" percent="40">
    <mem type="nursery" free="1455360" total="2097152" percent="69">
      <mem type="allocate" free="1455360" total="1572864" percent="92" />
      <mem type="survivor" free="0" total="524288" percent="0" />
    </mem>
    <mem type="tenure" free="1958352" total="6291456" percent="31">
      <mem type="soa" free="1643984" total="5977088" percent="27" />
      <mem type="loa" free="314368" total="314368" percent="100" />
    </mem>
    <remembered-set count="640" />
  </mem-info>
</gc-end>
<cycle-end id="430" type="scavenge" contextid="424" timestamp="2019-07-02T18:59:50.339">
  <attribute name="GC Util" value="6" />
  <attribute name="CPU Util" value="867171768006" />
  <attribute name="Time Running"value="4239"/>
  <attribute name="Number of cores"value="4"/>
</cycle-end>
<allocation-satisfied id="431" threadId="000000000161F700" bytesRequested="32" />
<af-end id="432" timestamp="2019-07-02T18:59:50.339" threadId="0000000001620088" success="true" from="nursery"/>
<exclusive-end id="433" timestamp="2019-07-02T18:59:50.339" durationms="1.363" />

<exclusive-start id="434" timestamp="2019-07-02T18:59:50.365" intervalms="27.628">
  <response-info timems="0.010" idlems="0.010" threads="0" lastid="000000000161F700" lastname="main" />
</exclusive-start>
<af-start id="435" threadId="0000000001620088" totalBytesRequested="15368" timestamp="2019-07-02T18:59:50.365" intervalms="27.627" type="nursery" />
<cycle-start id="436" type="scavenge" contextid="0" timestamp="2019-07-02T18:59:50.365" intervalms="27.581" />
  <attribute name="GC Util" value="6" />
  <attribute name="CPU Util" value="867171768006" />
  <attribute name="Time Running"value="4239"/>
  <attribute name="Number of cores"value="4"/>
<gc-start id="437" type="scavenge" contextid="436" timestamp="2019-07-02T18:59:50.365">
  <mem-info id="438" free="1937424" total="8388608" percent="23">
    <mem type="nursery" free="0" total="2097152" percent="0">
      <mem type="allocate" free="0" total="1572864" percent="0" />
      <mem type="survivor" free="0" total="524288" percent="0" />
    </mem>
    <mem type="tenure" free="1937424" total="6291456" percent="30">
      <mem type="soa" free="1623056" total="5977088" percent="27" />
      <mem type="loa" free="314368" total="314368" percent="100" />
    </mem>
    <remembered-set count="950" />
  </mem-info>
</gc-start>
<allocation-stats totalBytes="1466968" >
  <allocated-bytes non-tlh="20960" tlh="1446008" />
  <largest-consumer threadName="main" threadId="000000000161F700" bytes="1466968" />
</allocation-stats>
<gc-op id="439" type="scavenge" timems="0.525" contextid="436" timestamp="2019-07-02T18:59:50.366">
  <scavenger-info tenureage="12" tenuremask="7000" tiltratio="75" />
  <memory-copied type="nursery" objects="3436" bytes="150632" bytesdiscarded="43600" />
  <references type="weak" candidates="575" cleared="0" enqueued="0" />
  <references type="phantom" candidates="1" cleared="0" enqueued="0" />
</gc-op>
<gc-end id="440" type="scavenge" contextid="436" durationms="0.678" usertimems="0.000" systemtimems="0.000" timestamp="2019-07-02T18:59:50.366" activeThreads="4">
  <mem-info id="441" free="3381256" total="8388608" percent="40">
    <mem type="nursery" free="1443832" total="2097152" percent="68">
      <mem type="allocate" free="1443832" total="1638400" percent="88" />
      <mem type="survivor" free="0" total="458752" percent="0" />
    </mem>
    <mem type="tenure" free="1937424" total="6291456" percent="30">
      <mem type="soa" free="1623056" total="5977088" percent="27" />
      <mem type="loa" free="314368" total="314368" percent="100" />
    </mem>
    <remembered-set count="717" />
  </mem-info>
</gc-end>
<cycle-end id="442" type="scavenge" contextid="436" timestamp="2019-07-02T18:59:50.366">
  <attribute name="GC Util" value="5" />
  <attribute name="CPU Util" value="669133845080" />
  <attribute name="Time Running"value="4266"/>
  <attribute name="Number of cores"value="4"/>
</cycle-end>
<allocation-satisfied id="443" threadId="000000000161F700" bytesRequested="15368" />
<af-end id="444" timestamp="2019-07-02T18:59:50.366" threadId="0000000001620088" success="true" from="nursery"/>
<exclusive-end id="445" timestamp="2019-07-02T18:59:50.366" durationms="1.048" />

<exclusive-start id="446" timestamp="2019-07-02T18:59:50.385" intervalms="19.532">
  <response-info timems="0.022" idlems="0.022" threads="0" lastid="000000000161F700" lastname="main" />
</exclusive-start>
<af-start id="447" threadId="0000000001620088" totalBytesRequested="32" timestamp="2019-07-02T18:59:50.385" intervalms="19.571" type="nursery" />
<cycle-start id="448" type="scavenge" contextid="0" timestamp="2019-07-02T18:59:50.385" intervalms="19.615" />
  <attribute name="GC Util" value="5" />
  <attribute name="CPU Util" value="669133845080" />
  <attribute name="Time Running"value="4266"/>
  <attribute name="Number of cores"value="4"/>
<gc-start id="449" type="scavenge" contextid="448" timestamp="2019-07-02T18:59:50.385">
  <mem-info id="450" free="1928168" total="8388608" percent="22">
    <mem type="nursery" free="0" total="2097152" percent="0">
      <mem type="allocate" free="0" total="1638400" percent="0" />
      <mem type="survivor" free="0" total="458752" percent="0" />
    </mem>
    <mem type="tenure" free="1928168" total="6291456" percent="30">
      <mem type="soa" free="1613800" total="5977088" percent="26" />
      <mem type="loa" free="314368" total="314368" percent="100" />
    </mem>
    <remembered-set count="967" />
  </mem-info>
</gc-start>
<allocation-stats totalBytes="1452440" >
  <allocated-bytes non-tlh="24624" tlh="1427816" />
  <largest-consumer threadName="main" threadId="000000000161F700" bytes="1452440" />
</allocation-stats>
<gc-op id="451" type="scavenge" timems="0.654" contextid="448" timestamp="2019-07-02T18:59:50.386">
  <scavenger-info tenureage="3" tenuremask="6018" tiltratio="78" />
  <memory-copied type="nursery" objects="3972" bytes="140272" bytesdiscarded="55392" />
  <memory-copied type="tenure" objects="1094" bytes="38344" bytesdiscarded="0" />
  <references type="weak" candidates="374" cleared="0" enqueued="0" />
</gc-op>
<gc-end id="452" type="scavenge" contextid="448" durationms="0.927" usertimems="4.000" systemtimems="0.000" timestamp="2019-07-02T18:59:50.386" activeThreads="4">
  <mem-info id="453" free="3436264" total="8388608" percent="40">
    <mem type="nursery" free="1508096" total="2097152" percent="71">
      <mem type="allocate" free="1508096" total="1703936" percent="88" />
      <mem type="survivor" free="0" total="393216" percent="0" />
    </mem>
    <mem type="tenure" free="1928168" total="6291456" percent="30">
      <mem type="soa" free="1613800" total="5977088" percent="26" />
      <mem type="loa" free="314368" total="314368" percent="100" />
    </mem>
    <remembered-set count="722" />
  </mem-info>
</gc-end>
<cycle-end id="454" type="scavenge" contextid="448" timestamp="2019-07-02T18:59:50.386">
  <attribute name="GC Util" value="4" />
  <attribute name="CPU Util" value="934667477135" />
  <attribute name="Time Running"value="4286"/>
  <attribute name="Number of cores"value="4"/>
</cycle-end>
<allocation-satisfied id="455" threadId="000000000161F700" bytesRequested="32" />
<af-end id="456" timestamp="2019-07-02T18:59:50.386" threadId="0000000001620088" success="true" from="nursery"/>
<exclusive-end id="457" timestamp="2019-07-02T18:59:50.386" durationms="1.437" />

<exclusive-start id="458" timestamp="2019-07-02T18:59:50.401" intervalms="16.534">
  <response-info timems="0.010" idlems="0.010" threads="0" lastid="000000000161F700" lastname="main" />
</exclusive-start>
<af-start id="459" threadId="0000000001620088" totalBytesRequested="15368" timestamp="2019-07-02T18:59:50.401" intervalms="16.492" type="nursery" />
<cycle-start id="460" type="scavenge" contextid="0" timestamp="2019-07-02T18:59:50.401" intervalms="16.449" />
  <attribute name="GC Util" value="4" />
  <attribute name="CPU Util" value="934667477135" />
  <attribute name="Time Running"value="4286"/>
  <attribute name="Number of cores"value="4"/>
<gc-start id="461" type="scavenge" contextid="460" timestamp="2019-07-02T18:59:50.401">
  <mem-info id="462" free="1922928" total="8388608" percent="22">
    <mem type="nursery" free="0" total="2097152" percent="0">
      <mem type="allocate" free="0" total="1703936" percent="0" />
      <mem type="survivor" free="0" total="393216" percent="0" />
    </mem>
    <mem type="tenure" free="1922928" total="6291456" percent="30">
      <mem type="soa" free="1608560" total="5977088" percent="26" />
      <mem type="loa" free="314368" total="314368" percent="100" />
    </mem>
    <remembered-set count="966" />
  </mem-info>
</gc-start>
<allocation-stats totalBytes="1507864" >
  <allocated-bytes non-tlh="5272" tlh="1502592" />
  <largest-consumer threadName="main" threadId="000000000161F700" bytes="1507864" />
</allocation-stats>
<gc-op id="463" type="scavenge" timems="0.662" contextid="460" timestamp="2019-07-02T18:59:50.402">
  <scavenger-info tenureage="3" tenuremask="4008" tiltratio="81" />
  <memory-copied type="nursery" objects="5032" bytes="210752" bytesdiscarded="101200" />
  <memory-copied type="tenure" objects="1013" bytes="35200" bytesdiscarded="0" />
  <references type="weak" candidates="281" cleared="0" enqueued="0" />
  <references type="phantom" candidates="1" cleared="0" enqueued="0" />
</gc-op>
<gc-end id="464" type="scavenge" contextid="460" durationms="0.816" usertimems="4.000" systemtimems="0.000" timestamp="2019-07-02T18:59:50.402" activeThreads="4">
  <mem-info id="465" free="3275624" total="8388608" percent="39">
    <mem type="nursery" free="1391864" total="2097152" percent="66">
      <mem type="allocate" free="1391864" total="1703936" percent="81" />
      <mem type="survivor" free="0" total="393216" percent="0" />
    </mem>
    <mem type="tenure" free="1883760" total="6291456" percent="29">
      <mem type="soa" free="1569392" total="5977088" percent="26" />
      <mem type="loa" free="314368" total="314368" percent="100" />
    </mem>
    <remembered-set count="658" />
  </mem-info>
</gc-end>
<cycle-end id="466" type="scavenge" contextid="460" timestamp="2019-07-02T18:59:50.402">
  <attribute name="GC Util" value="6" />
  <attribute name="CPU Util" value="1130007910375" />
  <attribute name="Time Running"value="4302"/>
  <attribute name="Number of cores"value="4"/>
</cycle-end>
<allocation-satisfied id="467" threadId="000000000161F700" bytesRequested="15368" />
<af-end id="468" timestamp="2019-07-02T18:59:50.402" threadId="0000000001620088" success="true" from="nursery"/>
<exclusive-end id="469" timestamp="2019-07-02T18:59:50.402" durationms="1.168" />

<exclusive-start id="470" timestamp="2019-07-02T18:59:50.419" intervalms="17.450">
  <response-info timems="0.010" idlems="0.010" threads="0" lastid="000000000161F700" lastname="main" />
</exclusive-start>
<af-start id="471" threadId="0000000001620088" totalBytesRequested="792" timestamp="2019-07-02T18:59:50.419" intervalms="17.445" type="nursery" />
<cycle-start id="472" type="scavenge" contextid="0" timestamp="2019-07-02T18:59:50.419" intervalms="17.440" />
  <attribute name="GC Util" value="6" />
  <attribute name="CPU Util" value="1130007910375" />
  <attribute name="Time Running"value="4302"/>
  <attribute name="Number of cores"value="4"/>
<gc-start id="473" type="scavenge" contextid="472" timestamp="2019-07-02T18:59:50.419">
  <mem-info id="474" free="1874800" total="8388608" percent="22">
    <mem type="nursery" free="0" total="2097152" percent="0">
      <mem type="allocate" free="0" total="1703936" percent="0" />
      <mem type="survivor" free="0" total="393216" percent="0" />
    </mem>
    <mem type="tenure" free="1874800" total="6291456" percent="29">
      <mem type="soa" free="1560432" total="5977088" percent="26" />
      <mem type="loa" free="314368" total="314368" percent="100" />
    </mem>
    <remembered-set count="907" />
  </mem-info>
</gc-start>
<allocation-stats totalBytes="1398280" >
  <allocated-bytes non-tlh="24328" tlh="1373952" />
  <largest-consumer threadName="main" threadId="000000000161F700" bytes="1398280" />
</allocation-stats>
<gc-op id="475" type="scavenge" timems="0.643" contextid="472" timestamp="2019-07-02T18:59:50.419">
  <scavenger-info tenureage="3" tenuremask="4008" tiltratio="81" />
  <memory-copied type="nursery" objects="5572" bytes="201104" bytesdiscarded="33800" />
  <memory-copied type="tenure" objects="1184" bytes="41016" bytesdiscarded="40" />
  <references type="weak" candidates="181" cleared="0" enqueued="0" />
  <references type="phantom" candidates="1" cleared="0" enqueued="0" />
</gc-op>
<gc-end id="476" type="scavenge" contextid="472" durationms="0.801" usertimems="0.000" systemtimems="0.000" timestamp="2019-07-02T18:59:50.420" activeThreads="4">
  <mem-info id="477" free="3304560" total="8388608" percent="39">
    <mem type="nursery" free="1468928" total="2097152" percent="70">
      <mem type="allocate" free="1468928" total="1703936" percent="86" />
      <mem type="survivor" free="0" total="393216" percent="0" />
    </mem>
    <mem type="tenure" free="1835632" total="6291456" percent="29">
      <mem type="soa" free="1521264" total="5977088" percent="25" />
      <mem type="loa" free="314368" total="314368" percent="100" />
    </mem>
    <remembered-set count="726" />
  </mem-info>
</gc-end>
<cycle-end id="478" type="scavenge" contextid="472" timestamp="2019-07-02T18:59:50.420">
  <attribute name="GC Util" value="6" />
  <attribute name="CPU Util" value="1058153659461" />
  <attribute name="Time Running"value="4320"/>
  <attribute name="Number of cores"value="4"/>
</cycle-end>
<allocation-satisfied id="479" threadId="000000000161F700" bytesRequested="792" />
<af-end id="480" timestamp="2019-07-02T18:59:50.420" threadId="0000000001620088" success="true" from="nursery"/>
<exclusive-end id="481" timestamp="2019-07-02T18:59:50.420" durationms="1.144" />

<exclusive-start id="482" timestamp="2019-07-02T18:59:50.432" intervalms="13.245">
  <response-info timems="0.022" idlems="0.022" threads="0" lastid="000000000161F700" lastname="main" />
</exclusive-start>
<af-start id="483" threadId="0000000001620088" totalBytesRequested="32" timestamp="2019-07-02T18:59:50.432" intervalms="13.291" type="nursery" />
<cycle-start id="484" type="scavenge" contextid="0" timestamp="2019-07-02T18:59:50.432" intervalms="13.330" />
  <attribute name="GC Util" value="6" />
  <attribute name="CPU Util" value="1058153659461" />
  <attribute name="Time Running"value="4320"/>
  <attribute name="Number of cores"value="4"/>
<gc-start id="485" type="scavenge" contextid="484" timestamp="2019-07-02T18:59:50.432">
  <mem-info id="486" free="1830792" total="8388608" percent="21">
    <mem type="nursery" free="0" total="2097152" percent="0">
      <mem type="allocate" free="0" total="1703936" percent="0" />
      <mem type="survivor" free="0" total="393216" percent="0" />
    </mem>
    <mem type="tenure" free="1830792" total="6291456" percent="29">
      <mem type="soa" free="1516424" total="5977088" percent="25" />
      <mem type="loa" free="314368" total="314368" percent="100" />
    </mem>
    <remembered-set count="970" />
  </mem-info>
</gc-start>
<allocation-stats totalBytes="1473480" >
  <allocated-bytes non-tlh="5632" tlh="1467848" />
  <largest-consumer threadName="main" threadId="000000000161F700" bytes="1473480" />
</allocation-stats>
<gc-op id="487" type="scavenge" timems="0.772" contextid="484" timestamp="2019-07-02T18:59:50.433">
  <scavenger-info tenureage="3" tenuremask="4008" tiltratio="81" />
  <memory-copied type="nursery" objects="5931" bytes="213904" bytesdiscarded="60200" />
  <memory-copied type="tenure" objects="1718" bytes="62136" bytesdiscarded="0" />
  <references type="weak" candidates="144" cleared="0" enqueued="0" />
</gc-op>
<heap-resize id="488" type="expand" space="nursery" amount="131072" count="1" timems="0.088" reason="excessive time being spent scavenging" timestamp="2019-07-02T18:59:50.433" />
<gc-end id="489" type="scavenge" contextid="484" durationms="1.199" usertimems="0.000" systemtimems="0.000" timestamp="2019-07-02T18:59:50.433" activeThreads="4">
  <mem-info id="490" free="3352456" total="8519680" percent="39">
    <mem type="nursery" free="1560832" total="2228224" percent="70">
      <mem type="allocate" free="1560832" total="1835008" percent="85" />
      <mem type="survivor" free="0" total="393216" percent="0" />
    </mem>
    <mem type="tenure" free="1791624" total="6291456" percent="28">
      <mem type="soa" free="1477256" total="5977088" percent="24" />
      <mem type="loa" free="314368" total="314368" percent="100" />
    </mem>
    <remembered-set count="737" />
  </mem-info>
</gc-end>
<cycle-end id="491" type="scavenge" contextid="484" timestamp="2019-07-02T18:59:50.433">
  <attribute name="GC Util" value="7" />
  <attribute name="CPU Util" value="1369413547042" />
  <attribute name="Time Running"value="4333"/>
  <attribute name="Number of cores"value="4"/>
</cycle-end>
<allocation-satisfied id="492" threadId="000000000161F700" bytesRequested="32" />
<af-end id="493" timestamp="2019-07-02T18:59:50.433" threadId="0000000001620088" success="true" from="nursery"/>
<exclusive-end id="494" timestamp="2019-07-02T18:59:50.433" durationms="1.660" />

<exclusive-start id="495" timestamp="2019-07-02T18:59:50.455" intervalms="23.693">
  <response-info timems="0.023" idlems="0.023" threads="0" lastid="000000000161F700" lastname="main" />
</exclusive-start>
<af-start id="496" threadId="0000000001620088" totalBytesRequested="19208" timestamp="2019-07-02T18:59:50.456" intervalms="23.660" type="nursery" />
<cycle-start id="497" type="scavenge" contextid="0" timestamp="2019-07-02T18:59:50.456" intervalms="23.624" />
  <attribute name="GC Util" value="7" />
  <attribute name="CPU Util" value="1369413547042" />
  <attribute name="Time Running"value="4333"/>
  <attribute name="Number of cores"value="4"/>
<gc-start id="498" type="scavenge" contextid="497" timestamp="2019-07-02T18:59:50.456">
  <mem-info id="499" free="1775520" total="8519680" percent="20">
    <mem type="nursery" free="0" total="2228224" percent="0">
      <mem type="allocate" free="0" total="1835008" percent="0" />
      <mem type="survivor" free="0" total="393216" percent="0" />
    </mem>
    <mem type="tenure" free="1775520" total="6291456" percent="28">
      <mem type="soa" free="1461152" total="5977088" percent="24" />
      <mem type="loa" free="314368" total="314368" percent="100" />
    </mem>
    <remembered-set count="1010" />
  </mem-info>
</gc-start>
<allocation-stats totalBytes="1542152" >
  <allocated-bytes non-tlh="16136" tlh="1526016" />
  <largest-consumer threadName="main" threadId="000000000161F700" bytes="1542152" />
</allocation-stats>
<gc-op id="500" type="scavenge" timems="0.648" contextid="497" timestamp="2019-07-02T18:59:50.456">
  <scavenger-info tenureage="3" tenuremask="4008" tiltratio="82" />
  <memory-copied type="nursery" objects="5601" bytes="242232" bytesdiscarded="38752" />
  <memory-copied type="tenure" objects="1967" bytes="71304" bytesdiscarded="32" />
  <references type="soft" candidates="2" cleared="0" enqueued="0" dynamicThreshold="32" maxThreshold="32" />
  <references type="weak" candidates="153" cleared="4" enqueued="4" />
  <references type="phantom" candidates="1" cleared="0" enqueued="0" />
</gc-op>
<gc-end id="501" type="scavenge" contextid="497" durationms="0.801" usertimems="0.000" systemtimems="0.000" timestamp="2019-07-02T18:59:50.456" activeThreads="4">
  <mem-info id="502" free="3255192" total="8519680" percent="38">
    <mem type="nursery" free="1619448" total="2228224" percent="72">
      <mem type="allocate" free="1619448" total="1900544" percent="85" />
      <mem type="survivor" free="0" total="327680" percent="0" />
    </mem>
    <mem type="tenure" free="1635744" total="6291456" percent="25">
      <mem type="soa" free="1321376" total="5977088" percent="22" />
      <mem type="loa" free="314368" total="314368" percent="100" />
    </mem>
    <pending-finalizers system="0" default="0" reference="4" classloader="0" />
    <remembered-set count="748" />
  </mem-info>
</gc-end>
<cycle-end id="503" type="scavenge" contextid="497" timestamp="2019-07-02T18:59:50.457">
  <attribute name="GC Util" value="5" />
  <attribute name="CPU Util" value="785421739691" />
  <attribute name="Time Running"value="4357"/>
  <attribute name="Number of cores"value="4"/>
</cycle-end>
<allocation-satisfied id="504" threadId="000000000161F700" bytesRequested="19208" />
<af-end id="505" timestamp="2019-07-02T18:59:50.457" threadId="0000000001620088" success="true" from="nursery"/>
<exclusive-end id="506" timestamp="2019-07-02T18:59:50.457" durationms="1.175" />

<exclusive-start id="507" timestamp="2019-07-02T18:59:50.472" intervalms="16.598">
  <response-info timems="0.021" idlems="0.021" threads="0" lastid="000000000161F700" lastname="main" />
</exclusive-start>
<af-start id="508" threadId="0000000001620088" totalBytesRequested="152" timestamp="2019-07-02T18:59:50.472" intervalms="16.635" type="nursery" />
<cycle-start id="509" type="scavenge" contextid="0" timestamp="2019-07-02T18:59:50.472" intervalms="16.681" />
  <attribute name="GC Util" value="5" />
  <attribute name="CPU Util" value="785421739691" />
  <attribute name="Time Running"value="4357"/>
  <attribute name="Number of cores"value="4"/>
<gc-start id="510" type="scavenge" contextid="509" timestamp="2019-07-02T18:59:50.472">
  <mem-info id="511" free="1632728" total="8519680" percent="19">
    <mem type="nursery" free="0" total="2228224" percent="0">
      <mem type="allocate" free="0" total="1900544" percent="0" />
      <mem type="survivor" free="0" total="327680" percent="0" />
    </mem>
    <mem type="tenure" free="1632728" total="6291456" percent="25">
      <mem type="soa" free="1318360" total="5977088" percent="22" />
      <mem type="loa" free="314368" total="314368" percent="100" />
    </mem>
    <remembered-set count="850" />
  </mem-info>
</gc-start>
<allocation-stats totalBytes="1622112" >
  <allocated-bytes non-tlh="22224" tlh="1599888" />
  <largest-consumer threadName="main" threadId="000000000161F700" bytes="1622112" />
</allocation-stats>
<gc-op id="512" type="scavenge" timems="0.861" contextid="509" timestamp="2019-07-02T18:59:50.473">
  <scavenger-info tenureage="3" tenuremask="4008" tiltratio="85" />
  <memory-copied type="nursery" objects="5969" bytes="266904" bytesdiscarded="60712" />
  <memory-copied type="tenure" objects="2492" bytes="93328" bytesdiscarded="0" />
  <copy-failed type="nursery" objects="858" bytes="34464" />
  <references type="soft" candidates="2" cleared="0" enqueued="0" dynamicThreshold="32" maxThreshold="32" />
  <references type="weak" candidates="97" cleared="1" enqueued="1" />
</gc-op>
<gc-end id="513" type="scavenge" contextid="509" durationms="1.149" usertimems="0.000" systemtimems="0.000" timestamp="2019-07-02T18:59:50.474" activeThreads="4">
  <mem-info id="514" free="3140056" total="8519680" percent="36">
    <mem type="nursery" free="1507328" total="2228224" percent="67">
      <mem type="allocate" free="1507328" total="1835008" percent="82" />
      <mem type="survivor" free="0" total="393216" percent="0" />
    </mem>
    <mem type="tenure" free="1632728" total="6291456" percent="25">
      <mem type="soa" free="1318360" total="5977088" percent="22" />
      <mem type="loa" free="314368" total="314368" percent="100" />
    </mem>
    <pending-finalizers system="0" default="0" reference="1" classloader="0" />
    <remembered-set count="822" />
  </mem-info>
</gc-end>
<cycle-end id="515" type="scavenge" contextid="509" timestamp="2019-07-02T18:59:50.474">
  <attribute name="GC Util" value="7" />
  <attribute name="CPU Util" value="1097529009538" />
  <attribute name="Time Running"value="4373"/>
  <attribute name="Number of cores"value="4"/>
</cycle-end>
<allocation-satisfied id="516" threadId="000000000161F700" bytesRequested="152" />
<af-end id="517" timestamp="2019-07-02T18:59:50.474" threadId="0000000001620088" success="true" from="nursery"/>
<exclusive-end id="518" timestamp="2019-07-02T18:59:50.474" durationms="1.711" />

<exclusive-start id="519" timestamp="2019-07-02T18:59:50.489" intervalms="17.103">
  <response-info timems="0.021" idlems="0.021" threads="0" lastid="000000000161F700" lastname="main" />
</exclusive-start>
<af-start id="520" threadId="0000000001620088" totalBytesRequested="65544" timestamp="2019-07-02T18:59:50.489" intervalms="17.050" type="nursery" />
<cycle-start id="521" type="scavenge" contextid="0" timestamp="2019-07-02T18:59:50.489" intervalms="17.002" />
  <attribute name="GC Util" value="7" />
  <attribute name="CPU Util" value="1097529009538" />
  <attribute name="Time Running"value="4373"/>
  <attribute name="Number of cores"value="4"/>
<gc-start id="522" type="scavenge" contextid="521" timestamp="2019-07-02T18:59:50.489">
  <mem-info id="523" free="1615936" total="8519680" percent="18">
    <mem type="nursery" free="0" total="2228224" percent="0">
      <mem type="allocate" free="0" total="1835008" percent="0" />
      <mem type="survivor" free="0" total="393216" percent="0" />
    </mem>
    <mem type="tenure" free="1615936" total="6291456" percent="25">
      <mem type="soa" free="1301568" total="5977088" percent="21" />
      <mem type="loa" free="314368" total="314368" percent="100" />
    </mem>
    <remembered-set count="1125" />
  </mem-info>
</gc-start>
<allocation-stats totalBytes="1518128" >
  <allocated-bytes non-tlh="16944" tlh="1501184" />
  <largest-consumer threadName="main" threadId="000000000161F700" bytes="1518128" />
</allocation-stats>
<gc-op id="524" type="scavenge" timems="0.508" contextid="521" timestamp="2019-07-02T18:59:50.490">
  <scavenger-info tenureage="3" tenuremask="4008" tiltratio="82" />
  <memory-copied type="nursery" objects="2181" bytes="153784" bytesdiscarded="142320" />
  <memory-copied type="tenure" objects="1728" bytes="64688" bytesdiscarded="0" />
  <references type="soft" candidates="73" cleared="0" enqueued="0" dynamicThreshold="32" maxThreshold="32" />
  <references type="weak" candidates="60" cleared="0" enqueued="0" />
  <references type="phantom" candidates="1" cleared="0" enqueued="0" />
</gc-op>
<gc-end id="525" type="scavenge" contextid="521" durationms="0.660" usertimems="0.000" systemtimems="0.000" timestamp="2019-07-02T18:59:50.490" activeThreads="4">
  <mem-info id="526" free="3084856" total="8519680" percent="36">
    <mem type="nursery" free="1538808" total="2228224" percent="69">
      <mem type="allocate" free="1538808" total="1835008" percent="83" />
      <mem type="survivor" free="0" total="393216" percent="0" />
    </mem>
    <mem type="tenure" free="1546048" total="6291456" percent="24">
      <mem type="soa" free="1231680" total="5977088" percent="20" />
      <mem type="loa" free="314368" total="314368" percent="100" />
    </mem>
    <remembered-set count="658" />
  </mem-info>
</gc-end>
<cycle-end id="527" type="scavenge" contextid="521" timestamp="2019-07-02T18:59:50.490">
  <attribute name="GC Util" value="8" />
  <attribute name="CPU Util" value="1093402741365" />
  <attribute name="Time Running"value="4390"/>
  <attribute name="Number of cores"value="4"/>
</cycle-end>
<allocation-satisfied id="528" threadId="000000000161F700" bytesRequested="65544" />
<af-end id="529" timestamp="2019-07-02T18:59:50.490" threadId="0000000001620088" success="true" from="nursery"/>
<exclusive-end id="530" timestamp="2019-07-02T18:59:50.490" durationms="1.003" />

<exclusive-start id="531" timestamp="2019-07-02T18:59:50.515" intervalms="25.550">
  <response-info timems="0.075" idlems="0.075" threads="0" lastid="000000000161F700" lastname="main" />
</exclusive-start>
<af-start id="532" threadId="0000000001620088" totalBytesRequested="32" timestamp="2019-07-02T18:59:50.515" intervalms="25.608" type="nursery" />
<cycle-start id="533" type="scavenge" contextid="0" timestamp="2019-07-02T18:59:50.515" intervalms="25.648" />
  <attribute name="GC Util" value="8" />
  <attribute name="CPU Util" value="1093402741365" />
  <attribute name="Time Running"value="4390"/>
  <attribute name="Number of cores"value="4"/>
<gc-start id="534" type="scavenge" contextid="533" timestamp="2019-07-02T18:59:50.515">
  <mem-info id="535" free="1545976" total="8519680" percent="18">
    <mem type="nursery" free="0" total="2228224" percent="0">
      <mem type="allocate" free="0" total="1835008" percent="0" />
      <mem type="survivor" free="0" total="393216" percent="0" />
    </mem>
    <mem type="tenure" free="1545976" total="6291456" percent="24">
      <mem type="soa" free="1231608" total="5977088" percent="20" />
      <mem type="loa" free="314368" total="314368" percent="100" />
    </mem>
    <remembered-set count="660" />
  </mem-info>
</gc-start>
<allocation-stats totalBytes="1538416" >
  <allocated-bytes non-tlh="313240" tlh="1225176" />
  <largest-consumer threadName="main" threadId="000000000161F700" bytes="1538416" />
</allocation-stats>
<gc-op id="536" type="scavenge" timems="0.878" contextid="533" timestamp="2019-07-02T18:59:50.516">
  <scavenger-info tenureage="14" tenuremask="4000" tiltratio="82" />
  <memory-copied type="nursery" objects="5819" bytes="393008" bytesdiscarded="104" />
  <memory-copied type="tenure" objects="1610" bytes="314344" bytesdiscarded="16" />
  <copy-failed type="nursery" objects="1778" bytes="322424" />
  <references type="soft" candidates="73" cleared="0" enqueued="0" dynamicThreshold="32" maxThreshold="32" />
  <references type="weak" candidates="60" cleared="0" enqueued="0" />
  <references type="phantom" candidates="1" cleared="0" enqueued="0" />
</gc-op>
<gc-end id="537" type="scavenge" contextid="533" durationms="1.079" usertimems="4.000" systemtimems="0.000" timestamp="2019-07-02T18:59:50.516" activeThreads="4">
  <mem-info id="538" free="1902760" total="8519680" percent="22">
    <mem type="nursery" free="720896" total="2228224" percent="32">
      <mem type="allocate" free="720896" total="1114112" percent="64" />
      <mem type="survivor" free="0" total="1114112" percent="0" />
    </mem>
    <mem type="tenure" free="1181864" total="6291456" percent="18">
      <mem type="soa" free="867496" total="5977088" percent="14" />
      <mem type="loa" free="314368" total="314368" percent="100" />
    </mem>
    <remembered-set count="1862" />
  </mem-info>
</gc-end>
<cycle-end id="539" type="scavenge" contextid="533" timestamp="2019-07-02T18:59:50.516">
  <attribute name="GC Util" value="3" />
  <attribute name="CPU Util" value="717886725451" />
  <attribute name="Time Running"value="4416"/>
  <attribute name="Number of cores"value="4"/>
</cycle-end>
<allocation-satisfied id="540" threadId="000000000161F700" bytesRequested="32" />
<af-end id="541" timestamp="2019-07-02T18:59:50.516" threadId="0000000001620088" success="true" from="nursery"/>
<exclusive-end id="542" timestamp="2019-07-02T18:59:50.516" durationms="1.580" />

<exclusive-start id="543" timestamp="2019-07-02T18:59:50.525" intervalms="10.751">
  <response-info timems="0.022" idlems="0.022" threads="0" lastid="000000000161F700" lastname="main" />
</exclusive-start>
<af-start id="544" threadId="0000000001620088" totalBytesRequested="32" timestamp="2019-07-02T18:59:50.526" intervalms="10.736" type="nursery" />
<cycle-start id="545" type="scavenge" contextid="0" timestamp="2019-07-02T18:59:50.526" intervalms="10.744" />
  <attribute name="GC Util" value="3" />
  <attribute name="CPU Util" value="717886725451" />
  <attribute name="Time Running"value="4416"/>
  <attribute name="Number of cores"value="4"/>
<gc-start id="546" type="scavenge" contextid="545" timestamp="2019-07-02T18:59:50.526">
  <mem-info id="547" free="1176600" total="8519680" percent="13">
    <mem type="nursery" free="0" total="2228224" percent="0">
      <mem type="allocate" free="0" total="1114112" percent="0" />
      <mem type="survivor" free="0" total="1114112" percent="0" />
    </mem>
    <mem type="tenure" free="1176600" total="6291456" percent="18">
      <mem type="soa" free="862232" total="5977088" percent="14" />
      <mem type="loa" free="314368" total="314368" percent="100" />
    </mem>
    <remembered-set count="1934" />
  </mem-info>
</gc-start>
<allocation-stats totalBytes="725864" >
  <allocated-bytes non-tlh="5296" tlh="720568" />
  <largest-consumer threadName="main" threadId="000000000161F700" bytes="725864" />
</allocation-stats>
<gc-op id="548" type="scavenge" timems="0.655" contextid="545" timestamp="2019-07-02T18:59:50.527">
  <scavenger-info tenureage="3" tenuremask="fff8" tiltratio="50" />
  <memory-copied type="nursery" objects="5737" bytes="387168" bytesdiscarded="119880" />
  <memory-copied type="tenure" objects="928" bytes="34904" bytesdiscarded="40" />
  <references type="soft" candidates="71" cleared="0" enqueued="0" dynamicThreshold="32" maxThreshold="32" />
  <references type="weak" candidates="46" cleared="0" enqueued="0" />
  <references type="phantom" candidates="1" cleared="0" enqueued="0" />
</gc-op>
<gc-end id="549" type="scavenge" contextid="545" durationms="0.880" usertimems="0.000" systemtimems="0.000" timestamp="2019-07-02T18:59:50.527" activeThreads="4">
  <mem-info id="550" free="1682960" total="8519680" percent="19">
    <mem type="nursery" free="606968" total="2228224" percent="27">
      <mem type="allocate" free="606968" total="1114112" percent="54" />
      <mem type="survivor" free="0" total="1114112" percent="0" />
    </mem>
    <mem type="tenure" free="1075992" total="6291456" percent="17">
      <mem type="soa" free="761624" total="5977088" percent="12" />
      <mem type="loa" free="314368" total="314368" percent="100" />
    </mem>
    <remembered-set count="1582" />
  </mem-info>
</gc-end>
<cycle-end id="551" type="scavenge" contextid="545" timestamp="2019-07-02T18:59:50.527">
  <attribute name="GC Util" value="15" />
  <attribute name="CPU Util" value="1705463871861" />
  <attribute name="Time Running"value="4427"/>
  <attribute name="Number of cores"value="4"/>
</cycle-end>
<allocation-satisfied id="552" threadId="000000000161F700" bytesRequested="32" />
<af-end id="553" timestamp="2019-07-02T18:59:50.527" threadId="0000000001620088" success="true" from="nursery"/>
<exclusive-end id="554" timestamp="2019-07-02T18:59:50.527" durationms="1.424" />

<exclusive-start id="555" timestamp="2019-07-02T18:59:50.530" intervalms="4.917">
  <response-info timems="0.028" idlems="0.028" threads="0" lastid="000000000161F700" lastname="main" />
</exclusive-start>
<af-start id="556" threadId="0000000001620088" totalBytesRequested="32" timestamp="2019-07-02T18:59:50.530" intervalms="4.872" type="nursery" />
<cycle-start id="557" type="scavenge" contextid="0" timestamp="2019-07-02T18:59:50.531" intervalms="4.822" />
  <attribute name="GC Util" value="15" />
  <attribute name="CPU Util" value="1705463871861" />
  <attribute name="Time Running"value="4427"/>
  <attribute name="Number of cores"value="4"/>
<gc-start id="558" type="scavenge" contextid="557" timestamp="2019-07-02T18:59:50.531">
  <mem-info id="559" free="1075992" total="8519680" percent="12">
    <mem type="nursery" free="0" total="2228224" percent="0">
      <mem type="allocate" free="0" total="1114112" percent="0" />
      <mem type="survivor" free="0" total="1114112" percent="0" />
    </mem>
    <mem type="tenure" free="1075992" total="6291456" percent="17">
      <mem type="soa" free="761624" total="5977088" percent="12" />
      <mem type="loa" free="314368" total="314368" percent="100" />
    </mem>
    <remembered-set count="1582" />
  </mem-info>
</gc-start>
<allocation-stats totalBytes="606784" >
  <allocated-bytes non-tlh="32" tlh="606752" />
  <largest-consumer threadName="main" threadId="000000000161F700" bytes="606784" />
</allocation-stats>
<gc-op id="560" type="scavenge" timems="0.645" contextid="557" timestamp="2019-07-02T18:59:50.531">
  <scavenger-info tenureage="3" tenuremask="ffc8" tiltratio="50" />
  <memory-copied type="nursery" objects="5543" bytes="345848" bytesdiscarded="100080" />
  <memory-copied type="tenure" objects="1237" bytes="77424" bytesdiscarded="0" />
  <references type="weak" candidates="38" cleared="0" enqueued="0" />
  <references type="phantom" candidates="1" cleared="0" enqueued="0" />
</gc-op>
<gc-end id="561" type="scavenge" contextid="557" durationms="0.795" usertimems="0.000" systemtimems="0.000" timestamp="2019-07-02T18:59:50.531" activeThreads="4">
  <mem-info id="562" free="1744144" total="8519680" percent="20">
    <mem type="nursery" free="668152" total="2228224" percent="29">
      <mem type="allocate" free="668152" total="1114112" percent="59" />
      <mem type="survivor" free="0" total="1114112" percent="0" />
    </mem>
    <mem type="tenure" free="1075992" total="6291456" percent="17">
      <mem type="soa" free="761624" total="5977088" percent="12" />
      <mem type="loa" free="314368" total="314368" percent="100" />
    </mem>
    <remembered-set count="1394" />
  </mem-info>
</gc-end>
<cycle-end id="563" type="scavenge" contextid="557" timestamp="2019-07-02T18:59:50.531">
  <attribute name="GC Util" value="28" />
  <attribute name="CPU Util" value="3929405634687" />
  <attribute name="Time Running"value="4431"/>
  <attribute name="Number of cores"value="4"/>
</cycle-end>
<allocation-satisfied id="564" threadId="000000000161F700" bytesRequested="32" />
<af-end id="565" timestamp="2019-07-02T18:59:50.531" threadId="0000000001620088" success="true" from="nursery"/>
<exclusive-end id="566" timestamp="2019-07-02T18:59:50.532" durationms="1.123" />

<exclusive-start id="567" timestamp="2019-07-02T18:59:50.535" intervalms="4.859">
  <response-info timems="0.031" idlems="0.031" threads="0" lastid="000000000161F700" lastname="main" />
</exclusive-start>
<af-start id="568" threadId="0000000001620088" totalBytesRequested="24" timestamp="2019-07-02T18:59:50.535" intervalms="4.860" type="nursery" />
<cycle-start id="569" type="scavenge" contextid="0" timestamp="2019-07-02T18:59:50.535" intervalms="4.861" />
  <attribute name="GC Util" value="28" />
  <attribute name="CPU Util" value="3929405634687" />
  <attribute name="Time Running"value="4431"/>
  <attribute name="Number of cores"value="4"/>
<gc-start id="570" type="scavenge" contextid="569" timestamp="2019-07-02T18:59:50.535">
  <mem-info id="571" free="1075992" total="8519680" percent="12">
    <mem type="nursery" free="0" total="2228224" percent="0">
      <mem type="allocate" free="0" total="1114112" percent="0" />
      <mem type="survivor" free="0" total="1114112" percent="0" />
    </mem>
    <mem type="tenure" free="1075992" total="6291456" percent="17">
      <mem type="soa" free="761624" total="5977088" percent="12" />
      <mem type="loa" free="314368" total="314368" percent="100" />
    </mem>
    <remembered-set count="1394" />
  </mem-info>
</gc-start>
<allocation-stats totalBytes="668024" >
  <allocated-bytes non-tlh="32" tlh="667992" />
  <largest-consumer threadName="main" threadId="000000000161F700" bytes="668024" />
</allocation-stats>
<gc-op id="572" type="scavenge" timems="0.712" contextid="569" timestamp="2019-07-02T18:59:50.536">
  <scavenger-info tenureage="3" tenuremask="ffe8" tiltratio="50" />
  <memory-copied type="nursery" objects="3113" bytes="113088" bytesdiscarded="96560" />
  <memory-copied type="tenure" objects="3494" bytes="275656" bytesdiscarded="32" />
  <references type="weak" candidates="38" cleared="0" enqueued="0" />
</gc-op>
<gc-end id="573" type="scavenge" contextid="569" durationms="0.858" usertimems="0.000" systemtimems="0.000" timestamp="2019-07-02T18:59:50.536" activeThreads="4">
  <mem-info id="574" free="1796864" total="8519680" percent="21">
    <mem type="nursery" free="1035520" total="2228224" percent="46">
      <mem type="allocate" free="1035520" total="1245184" percent="83" />
      <mem type="survivor" free="0" total="983040" percent="0" />
    </mem>
    <mem type="tenure" free="761344" total="6291456" percent="12">
      <mem type="soa" free="446976" total="5977088" percent="7" />
      <mem type="loa" free="314368" total="314368" percent="100" />
    </mem>
    <remembered-set count="401" />
  </mem-info>
</gc-end>
<cycle-end id="575" type="scavenge" contextid="569" timestamp="2019-07-02T18:59:50.536">
  <attribute name="GC Util" value="25" />
  <attribute name="CPU Util" value="3799263012317" />
  <attribute name="Time Running"value="4436"/>
  <attribute name="Number of cores"value="4"/>
</cycle-end>
<allocation-satisfied id="576" threadId="000000000161F700" bytesRequested="24" />
<af-end id="577" timestamp="2019-07-02T18:59:50.536" threadId="0000000001620088" success="true" from="nursery"/>
<exclusive-end id="578" timestamp="2019-07-02T18:59:50.536" durationms="1.209" />

<exclusive-start id="579" timestamp="2019-07-02T18:59:50.546" intervalms="11.095">
  <response-info timems="0.017" idlems="0.017" threads="0" lastid="000000000161F700" lastname="main" />
</exclusive-start>
<af-start id="580" threadId="0000000001620088" totalBytesRequested="816" timestamp="2019-07-02T18:59:50.546" intervalms="11.099" type="nursery" />
<cycle-start id="581" type="scavenge" contextid="0" timestamp="2019-07-02T18:59:50.546" intervalms="11.100" />
  <attribute name="GC Util" value="25" />
  <attribute name="CPU Util" value="3799263012317" />
  <attribute name="Time Running"value="4436"/>
  <attribute name="Number of cores"value="4"/>
<gc-start id="582" type="scavenge" contextid="581" timestamp="2019-07-02T18:59:50.547">
  <mem-info id="583" free="757560" total="8519680" percent="8">
    <mem type="nursery" free="0" total="2228224" percent="0">
      <mem type="allocate" free="0" total="1245184" percent="0" />
      <mem type="survivor" free="0" total="983040" percent="0" />
    </mem>
    <mem type="tenure" free="757560" total="6291456" percent="12">
      <mem type="soa" free="443192" total="5977088" percent="7" />
      <mem type="loa" free="314368" total="314368" percent="100" />
    </mem>
    <remembered-set count="566" />
  </mem-info>
</gc-start>
<allocation-stats totalBytes="1037096" >
  <allocated-bytes non-tlh="3808" tlh="1033288" />
  <largest-consumer threadName="main" threadId="000000000161F700" bytes="1037096" />
</allocation-stats>
<gc-op id="584" type="scavenge" timems="0.546" contextid="581" timestamp="2019-07-02T18:59:50.547">
  <scavenger-info tenureage="3" tenuremask="ffe8" tiltratio="55" />
  <memory-copied type="nursery" objects="3408" bytes="137096" bytesdiscarded="58728" />
  <memory-copied type="tenure" objects="837" bytes="28632" bytesdiscarded="504" />
  <references type="weak" candidates="27" cleared="0" enqueued="0" />
  <references type="phantom" candidates="1" cleared="0" enqueued="0" />
</gc-op>
<gc-end id="585" type="scavenge" contextid="581" durationms="0.693" usertimems="0.000" systemtimems="0.000" timestamp="2019-07-02T18:59:50.547" activeThreads="4">
  <mem-info id="586" free="1898808" total="8519680" percent="22">
    <mem type="nursery" free="1180416" total="2228224" percent="52">
      <mem type="allocate" free="1180416" total="1376256" percent="85" />
      <mem type="survivor" free="0" total="851968" percent="0" />
    </mem>
    <mem type="tenure" free="718392" total="6291456" percent="11">
      <mem type="soa" free="404024" total="5977088" percent="6" />
      <mem type="loa" free="314368" total="314368" percent="100" />
    </mem>
    <remembered-set count="480" />
  </mem-info>
</gc-end>
<cycle-end id="587" type="scavenge" contextid="581" timestamp="2019-07-02T18:59:50.547">
  <attribute name="GC Util" value="12" />
  <attribute name="CPU Util" value="1660676888056" />
  <attribute name="Time Running"value="4447"/>
  <attribute name="Number of cores"value="4"/>
</cycle-end>
<allocation-satisfied id="588" threadId="000000000161F700" bytesRequested="816" />
<af-end id="589" timestamp="2019-07-02T18:59:50.547" threadId="0000000001620088" success="true" from="nursery"/>
<exclusive-end id="590" timestamp="2019-07-02T18:59:50.547" durationms="1.025" />

<exclusive-start id="591" timestamp="2019-07-02T18:59:50.555" intervalms="8.272">
  <response-info timems="0.031" idlems="0.031" threads="0" lastid="000000000161F700" lastname="main" />
</exclusive-start>
<af-start id="592" threadId="0000000001620088" totalBytesRequested="40" timestamp="2019-07-02T18:59:50.555" intervalms="8.311" type="nursery" />
<cycle-start id="593" type="scavenge" contextid="0" timestamp="2019-07-02T18:59:50.555" intervalms="8.352" />
  <attribute name="GC Util" value="12" />
  <attribute name="CPU Util" value="1660676888056" />
  <attribute name="Time Running"value="4447"/>
  <attribute name="Number of cores"value="4"/>
<gc-start id="594" type="scavenge" contextid="593" timestamp="2019-07-02T18:59:50.555">
  <mem-info id="595" free="717416" total="8519680" percent="8">
    <mem type="nursery" free="0" total="2228224" percent="0">
      <mem type="allocate" free="0" total="1376256" percent="0" />
      <mem type="survivor" free="0" total="851968" percent="0" />
    </mem>
    <mem type="tenure" free="717416" total="6291456" percent="11">
      <mem type="soa" free="403048" total="5977088" percent="6" />
      <mem type="loa" free="314368" total="314368" percent="100" />
    </mem>
    <remembered-set count="609" />
  </mem-info>
</gc-start>
<allocation-stats totalBytes="1181248" >
  <allocated-bytes non-tlh="1792" tlh="1179456" />
  <largest-consumer threadName="main" threadId="000000000161F700" bytes="1181248" />
</allocation-stats>
<gc-op id="596" type="scavenge" timems="0.464" contextid="593" timestamp="2019-07-02T18:59:50.555">
  <scavenger-info tenureage="3" tenuremask="ffe8" tiltratio="61" />
  <memory-copied type="nursery" objects="3538" bytes="145616" bytesdiscarded="41752" />
  <memory-copied type="tenure" objects="1149" bytes="39568" bytesdiscarded="48" />
  <references type="weak" candidates="38" cleared="0" enqueued="0" />
</gc-op>
<gc-end id="597" type="scavenge" contextid="593" durationms="0.694" usertimems="4.000" systemtimems="0.000" timestamp="2019-07-02T18:59:50.556" activeThreads="4">
  <mem-info id="598" free="1998184" total="8519680" percent="23">
    <mem type="nursery" free="1319936" total="2228224" percent="59">
      <mem type="allocate" free="1319936" total="1507328" percent="87" />
      <mem type="survivor" free="0" total="720896" percent="0" />
    </mem>
    <mem type="tenure" free="678248" total="6291456" percent="10">
      <mem type="soa" free="363880" total="5977088" percent="6" />
      <mem type="loa" free="314368" total="314368" percent="100" />
    </mem>
    <remembered-set count="461" />
  </mem-info>
</gc-end>
<cycle-end id="599" type="scavenge" contextid="593" timestamp="2019-07-02T18:59:50.556">
  <attribute name="GC Util" value="10" />
  <attribute name="CPU Util" value="2188604655313" />
  <attribute name="Time Running"value="4456"/>
  <attribute name="Number of cores"value="4"/>
</cycle-end>
<allocation-satisfied id="600" threadId="000000000161F700" bytesRequested="40" />
<af-end id="601" timestamp="2019-07-02T18:59:50.556" threadId="0000000001620088" success="true" from="nursery"/>
<exclusive-end id="602" timestamp="2019-07-02T18:59:50.556" durationms="1.189" />

<exclusive-start id="603" timestamp="2019-07-02T18:59:50.563" intervalms="8.334">
  <response-info timems="0.061" idlems="0.061" threads="0" lastid="000000000161F700" lastname="main" />
</exclusive-start>
<af-start id="604" threadId="0000000001620088" totalBytesRequested="32" timestamp="2019-07-02T18:59:50.563" intervalms="8.315" type="nursery" />
<cycle-start id="605" type="scavenge" contextid="0" timestamp="2019-07-02T18:59:50.563" intervalms="8.276" />
  <attribute name="GC Util" value="10" />
  <attribute name="CPU Util" value="2188604655313" />
  <attribute name="Time Running"value="4456"/>
  <attribute name="Number of cores"value="4"/>
<gc-start id="606" type="scavenge" contextid="605" timestamp="2019-07-02T18:59:50.563">
  <mem-info id="607" free="678248" total="8519680" percent="7">
    <mem type="nursery" free="0" total="2228224" percent="0">
      <mem type="allocate" free="0" total="1507328" percent="0" />
      <mem type="survivor" free="0" total="720896" percent="0" />
    </mem>
    <mem type="tenure" free="678248" total="6291456" percent="10">
      <mem type="soa" free="363880" total="5977088" percent="6" />
      <mem type="loa" free="314368" total="314368" percent="100" />
    </mem>
    <remembered-set count="665" />
  </mem-info>
</gc-start>
<allocation-stats totalBytes="1319752" >
  <allocated-bytes non-tlh="40" tlh="1319712" />
  <largest-consumer threadName="main" threadId="000000000161F700" bytes="1319752" />
</allocation-stats>
<gc-op id="608" type="scavenge" timems="0.624" contextid="605" timestamp="2019-07-02T18:59:50.564">
  <scavenger-info tenureage="3" tenuremask="ffe8" tiltratio="67" />
  <memory-copied type="nursery" objects="4988" bytes="193360" bytesdiscarded="41632" />
  <memory-copied type="tenure" objects="975" bytes="40128" bytesdiscarded="24" />
  <references type="weak" candidates="38" cleared="0" enqueued="0" />
</gc-op>
<gc-end id="609" type="scavenge" contextid="605" durationms="0.827" usertimems="4.000" systemtimems="0.000" timestamp="2019-07-02T18:59:50.564" activeThreads="4">
  <mem-info id="610" free="2042472" total="8519680" percent="23">
    <mem type="nursery" free="1403392" total="2228224" percent="62">
      <mem type="allocate" free="1403392" total="1638400" percent="85" />
      <mem type="survivor" free="0" total="589824" percent="0" />
    </mem>
    <mem type="tenure" free="639080" total="6291456" percent="10">
      <mem type="soa" free="324712" total="5977088" percent="5" />
      <mem type="loa" free="314368" total="314368" percent="100" />
    </mem>
    <remembered-set count="542" />
  </mem-info>
</gc-end>
<cycle-end id="611" type="scavenge" contextid="605" timestamp="2019-07-02T18:59:50.564">
  <attribute name="GC Util" value="11" />
  <attribute name="CPU Util" value="2244621791009" />
  <attribute name="Time Running"value="4464"/>
  <attribute name="Number of cores"value="4"/>
</cycle-end>
<allocation-satisfied id="612" threadId="000000000161F700" bytesRequested="32" />
<af-end id="613" timestamp="2019-07-02T18:59:50.564" threadId="0000000001620088" success="true" from="nursery"/>
<exclusive-end id="614" timestamp="2019-07-02T18:59:50.564" durationms="1.239" />

<exclusive-start id="615" timestamp="2019-07-02T18:59:50.571" intervalms="8.245">
  <response-info timems="0.058" idlems="0.058" threads="0" lastid="000000000161F700" lastname="main" />
</exclusive-start>
<af-start id="616" threadId="0000000001620088" totalBytesRequested="32" timestamp="2019-07-02T18:59:50.571" intervalms="8.264" type="nursery" />
<cycle-start id="617" type="scavenge" contextid="0" timestamp="2019-07-02T18:59:50.571" intervalms="8.304" />
  <attribute name="GC Util" value="11" />
  <attribute name="CPU Util" value="2244621791009" />
  <attribute name="Time Running"value="4464"/>
  <attribute name="Number of cores"value="4"/>
<gc-start id="618" type="scavenge" contextid="617" timestamp="2019-07-02T18:59:50.571">
  <mem-info id="619" free="639080" total="8519680" percent="7">
    <mem type="nursery" free="0" total="2228224" percent="0">
      <mem type="allocate" free="0" total="1638400" percent="0" />
      <mem type="survivor" free="0" total="589824" percent="0" />
    </mem>
    <mem type="tenure" free="639080" total="6291456" percent="10">
      <mem type="soa" free="324712" total="5977088" percent="5" />
      <mem type="loa" free="314368" total="314368" percent="100" />
    </mem>
    <remembered-set count="740" />
  </mem-info>
</gc-start>
<allocation-stats totalBytes="1403248" >
  <allocated-bytes non-tlh="32" tlh="1403216" />
  <largest-consumer threadName="main" threadId="000000000161F700" bytes="1403248" />
</allocation-stats>
<gc-op id="620" type="scavenge" timems="0.647" contextid="617" timestamp="2019-07-02T18:59:50.572">
  <scavenger-info tenureage="3" tenuremask="ffe8" tiltratio="73" />
  <memory-copied type="nursery" objects="5785" bytes="222048" bytesdiscarded="52120" />
  <memory-copied type="tenure" objects="1146" bytes="51296" bytesdiscarded="16" />
  <references type="weak" candidates="12" cleared="0" enqueued="0" />
</gc-op>
<gc-end id="621" type="scavenge" contextid="617" durationms="0.819" usertimems="0.000" systemtimems="0.000" timestamp="2019-07-02T18:59:50.572" activeThreads="4">
  <mem-info id="622" free="2024424" total="8519680" percent="23">
    <mem type="nursery" free="1429760" total="2228224" percent="64">
      <mem type="allocate" free="1429760" total="1703936" percent="83" />
      <mem type="survivor" free="0" total="524288" percent="0" />
    </mem>
    <mem type="tenure" free="594664" total="6291456" percent="9">
      <mem type="soa" free="280296" total="5977088" percent="4" />
      <mem type="loa" free="314368" total="314368" percent="100" />
    </mem>
    <remembered-set count="612" />
  </mem-info>
</gc-end>
<cycle-end id="623" type="scavenge" contextid="617" timestamp="2019-07-02T18:59:50.572">
  <attribute name="GC Util" value="12" />
  <attribute name="CPU Util" value="2224559281028" />
  <attribute name="Time Running"value="4472"/>
  <attribute name="Number of cores"value="4"/>
</cycle-end>
<allocation-satisfied id="624" threadId="000000000161F700" bytesRequested="32" />
<af-end id="625" timestamp="2019-07-02T18:59:50.572" threadId="0000000001620088" success="true" from="nursery"/>
<exclusive-end id="626" timestamp="2019-07-02T18:59:50.572" durationms="1.237" />

<exclusive-start id="627" timestamp="2019-07-02T18:59:50.581" intervalms="9.968">
  <response-info timems="0.035" idlems="0.035" threads="0" lastid="000000000161F700" lastname="main" />
</exclusive-start>
<af-start id="628" threadId="0000000001620088" totalBytesRequested="40" timestamp="2019-07-02T18:59:50.581" intervalms="9.974" type="nursery" />
<cycle-start id="629" type="scavenge" contextid="0" timestamp="2019-07-02T18:59:50.581" intervalms="9.977" />
  <attribute name="GC Util" value="12" />
  <attribute name="CPU Util" value="2224559281028" />
  <attribute name="Time Running"value="4472"/>
  <attribute name="Number of cores"value="4"/>
<gc-start id="630" type="scavenge" contextid="629" timestamp="2019-07-02T18:59:50.581">
  <mem-info id="631" free="592784" total="8519680" percent="6">
    <mem type="nursery" free="0" total="2228224" percent="0">
      <mem type="allocate" free="0" total="1703936" percent="0" />
      <mem type="survivor" free="0" total="524288" percent="0" />
    </mem>
    <mem type="tenure" free="592784" total="6291456" percent="9">
      <mem type="soa" free="278416" total="5977088" percent="4" />
      <mem type="loa" free="314368" total="314368" percent="100" />
    </mem>
    <remembered-set count="855" />
  </mem-info>
</gc-start>
<allocation-stats totalBytes="1431216" >
  <allocated-bytes non-tlh="1912" tlh="1429304" />
  <largest-consumer threadName="main" threadId="000000000161F700" bytes="1431216" />
</allocation-stats>
<gc-op id="632" type="scavenge" timems="0.738" contextid="629" timestamp="2019-07-02T18:59:50.582">
  <scavenger-info tenureage="3" tenuremask="ffe8" tiltratio="76" />
  <memory-copied type="nursery" objects="6644" bytes="254264" bytesdiscarded="59064" />
  <memory-copied type="tenure" objects="1282" bytes="49920" bytesdiscarded="48" />
  <references type="weak" candidates="16" cleared="0" enqueued="0" />
</gc-op>
<heap-resize id="633" type="expand" space="nursery" amount="131072" count="1" timems="0.012" reason="excessive time being spent scavenging" timestamp="2019-07-02T18:59:50.582" />
<gc-end id="634" type="scavenge" contextid="629" durationms="1.107" usertimems="0.000" systemtimems="4.000" timestamp="2019-07-02T18:59:50.583" activeThreads="4">
  <mem-info id="635" free="2009744" total="8650752" percent="23">
    <mem type="nursery" free="1456128" total="2359296" percent="61">
      <mem type="allocate" free="1456128" total="1769472" percent="82" />
      <mem type="survivor" free="0" total="589824" percent="0" />
    </mem>
    <mem type="tenure" free="553616" total="6291456" percent="8">
      <mem type="soa" free="239248" total="5977088" percent="4" />
      <mem type="loa" free="314368" total="314368" percent="100" />
    </mem>
    <remembered-set count="734" />
  </mem-info>
</gc-end>
<cycle-end id="636" type="scavenge" contextid="629" timestamp="2019-07-02T18:59:50.583">
  <attribute name="GC Util" value="9" />
  <attribute name="CPU Util" value="1826077993906" />
  <attribute name="Time Running"value="4482"/>
  <attribute name="Number of cores"value="4"/>
</cycle-end>
<allocation-satisfied id="637" threadId="000000000161F700" bytesRequested="40" />
<af-end id="638" timestamp="2019-07-02T18:59:50.583" threadId="0000000001620088" success="true" from="nursery"/>
<exclusive-end id="639" timestamp="2019-07-02T18:59:50.583" durationms="1.619" />

<exclusive-start id="640" timestamp="2019-07-02T18:59:50.594" intervalms="12.552">
  <response-info timems="0.254" idlems="0.254" threads="0" lastid="000000000161F700" lastname="main" />
</exclusive-start>
<af-start id="641" threadId="0000000001620088" totalBytesRequested="64" timestamp="2019-07-02T18:59:50.594" intervalms="12.552" type="nursery" />
<cycle-start id="642" type="scavenge" contextid="0" timestamp="2019-07-02T18:59:50.594" intervalms="12.550" />
  <attribute name="GC Util" value="9" />
  <attribute name="CPU Util" value="1826077993906" />
  <attribute name="Time Running"value="4482"/>
  <attribute name="Number of cores"value="4"/>
<gc-start id="643" type="scavenge" contextid="642" timestamp="2019-07-02T18:59:50.594">
  <mem-info id="644" free="553328" total="8650752" percent="6">
    <mem type="nursery" free="0" total="2359296" percent="0">
      <mem type="allocate" free="0" total="1769472" percent="0" />
      <mem type="survivor" free="0" total="589824" percent="0" />
    </mem>
    <mem type="tenure" free="553328" total="6291456" percent="8">
      <mem type="soa" free="238960" total="5977088" percent="3" />
      <mem type="loa" free="314368" total="314368" percent="100" />
    </mem>
    <remembered-set count="878" />
  </mem-info>
</gc-start>
<allocation-stats totalBytes="1455832" >
  <allocated-bytes non-tlh="328" tlh="1455504" />
  <largest-consumer threadName="main" threadId="000000000161F700" bytes="1455832" />
</allocation-stats>
<gc-op id="645" type="scavenge" timems="0.756" contextid="642" timestamp="2019-07-02T18:59:50.595">
  <scavenger-info tenureage="3" tenuremask="ffe8" tiltratio="75" />
  <memory-copied type="nursery" objects="9693" bytes="412864" bytesdiscarded="115512" />
  <memory-copied type="tenure" objects="2333" bytes="86096" bytesdiscarded="32" />
  <references type="weak" candidates="16" cleared="0" enqueued="0" />
</gc-op>
<gc-end id="646" type="scavenge" contextid="642" durationms="1.023" usertimems="0.000" systemtimems="0.000" timestamp="2019-07-02T18:59:50.595" activeThreads="4">
  <mem-info id="647" free="1654640" total="8650752" percent="19">
    <mem type="nursery" free="1241088" total="2359296" percent="52">
      <mem type="allocate" free="1241088" total="1769472" percent="70" />
      <mem type="survivor" free="0" total="589824" percent="0" />
    </mem>
    <mem type="tenure" free="413552" total="6291456" percent="6">
      <mem type="soa" free="99184" total="5977088" percent="1" />
      <mem type="loa" free="314368" total="314368" percent="100" />
    </mem>
    <remembered-set count="679" />
  </mem-info>
</gc-end>
<cycle-end id="648" type="scavenge" contextid="642" timestamp="2019-07-02T18:59:50.595">
  <attribute name="GC Util" value="8" />
  <attribute name="CPU Util" value="1470971811819" />
  <attribute name="Time Running"value="4495"/>
  <attribute name="Number of cores"value="4"/>
</cycle-end>
<allocation-satisfied id="649" threadId="000000000161F700" bytesRequested="64" />
<af-end id="650" timestamp="2019-07-02T18:59:50.595" threadId="0000000001620088" success="true" from="nursery"/>
<exclusive-end id="651" timestamp="2019-07-02T18:59:50.595" durationms="1.522" />

<concurrent-kickoff id="652" timestamp="2019-07-02T18:59:50.602">
  <kickoff reason="threshold reached" targetBytes="1867303" thresholdFreeBytes="258076"  remainingFree="184256" tenureFreeBytes="413552" nurseryFreeBytes="184256" />
</concurrent-kickoff>
<exclusive-start id="653" timestamp="2019-07-02T18:59:50.603" intervalms="9.173">
  <response-info timems="0.062" idlems="0.062" threads="0" lastid="000000000161F700" lastname="main" />
</exclusive-start>
<cycle-start id="654" type="global" contextid="0" timestamp="2019-07-02T18:59:50.603" intervalms="4628.827" />
  <attribute name="GC Util" value="8" />
  <attribute name="CPU Util" value="1470971811819" />
  <attribute name="Time Running"value="4495"/>
  <attribute name="Number of cores"value="4"/>
<exclusive-end id="655" timestamp="2019-07-02T18:59:50.603" durationms="0.151" />

<exclusive-start id="656" timestamp="2019-07-02T18:59:50.606" intervalms="2.605">
  <response-info timems="0.021" idlems="0.021" threads="0" lastid="000000000161F700" lastname="main" />
</exclusive-start>
<af-start id="657" threadId="0000000001620088" totalBytesRequested="152" timestamp="2019-07-02T18:59:50.606" intervalms="11.769" type="nursery" />
<cycle-start id="658" type="scavenge" contextid="0" timestamp="2019-07-02T18:59:50.606" intervalms="11.770" />
  <attribute name="GC Util" value="8" />
  <attribute name="CPU Util" value="1470971811819" />
  <attribute name="Time Running"value="4495"/>
  <attribute name="Number of cores"value="4"/>
<gc-start id="659" type="scavenge" contextid="658" timestamp="2019-07-02T18:59:50.606">
  <mem-info id="660" free="413552" total="8650752" percent="4">
    <mem type="nursery" free="0" total="2359296" percent="0">
      <mem type="allocate" free="0" total="1769472" percent="0" />
      <mem type="survivor" free="0" total="589824" percent="0" />
    </mem>
    <mem type="tenure" free="413552" total="6291456" percent="6">
      <mem type="soa" free="99184" total="5977088" percent="1" />
      <mem type="loa" free="314368" total="314368" percent="100" />
    </mem>
    <remembered-set count="703" />
  </mem-info>
</gc-start>
<allocation-stats totalBytes="1240208" >
  <allocated-bytes non-tlh="64" tlh="1240144" />
  <largest-consumer threadName="main" threadId="000000000161F700" bytes="1240208" />
</allocation-stats>
<gc-op id="661" type="scavenge" timems="0.663" contextid="658" timestamp="2019-07-02T18:59:50.607">
  <scavenger-info tenureage="5" tenuremask="ffe0" tiltratio="75" />
  <memory-copied type="nursery" objects="11733" bytes="557416" bytesdiscarded="32400" />
  <memory-copied type="tenure" objects="587" bytes="24568" bytesdiscarded="0" />
  <copy-failed type="nursery" objects="587" bytes="24568" />
  <references type="weak" candidates="16" cleared="0" enqueued="0" />
</gc-op>
<gc-end id="662" type="scavenge" contextid="658" durationms="0.927" usertimems="0.000" systemtimems="0.000" timestamp="2019-07-02T18:59:50.607" activeThreads="4">
  <mem-info id="663" free="1331056" total="8650752" percent="15">
    <mem type="nursery" free="917504" total="2359296" percent="38">
      <mem type="allocate" free="917504" total="1507328" percent="60" />
      <mem type="survivor" free="0" total="851968" percent="0" />
    </mem>
    <mem type="tenure" free="413552" total="6291456" percent="6">
      <mem type="soa" free="99184" total="5977088" percent="1" />
      <mem type="loa" free="314368" total="314368" percent="100" />
    </mem>
    <remembered-set count="1010" />
  </mem-info>
</gc-end>
<cycle-end id="664" type="scavenge" contextid="658" timestamp="2019-07-02T18:59:50.607">
  <attribute name="GC Util" value="12" />
  <attribute name="CPU Util" value="1567531672324" />
  <attribute name="Time Running"value="4507"/>
  <attribute name="Number of cores"value="4"/>
</cycle-end>
<allocation-satisfied id="665" threadId="000000000161F700" bytesRequested="152" />
<af-end id="666" timestamp="2019-07-02T18:59:50.607" threadId="0000000001620088" success="true" from="nursery"/>
<exclusive-end id="667" timestamp="2019-07-02T18:59:50.607" durationms="1.460" />

<exclusive-start id="668" timestamp="2019-07-02T18:59:50.619" intervalms="13.348">
  <response-info timems="0.028" idlems="0.028" threads="0" lastid="000000000161F700" lastname="main" />
</exclusive-start>
<concurrent-collection-start id="669" timestamp="2019-07-02T18:59:50.619" intervalms="4644.779" >
  <concurrent-trace-info reason="card cleaning threshold reached" tracedByMutators="233332" tracedByHelpers="1547140" cardsCleaned="107" workStackOverflowCount="0" />
</concurrent-collection-start>
<gc-start id="670" type="global" contextid="654" timestamp="2019-07-02T18:59:50.619">
  <mem-info id="671" free="386112" total="8650752" percent="4">
    <mem type="nursery" free="0" total="2359296" percent="0">
      <mem type="allocate" free="0" total="1507328" percent="0" />
      <mem type="survivor" free="0" total="851968" percent="0" />
    </mem>
    <mem type="tenure" free="386112" total="6291456" percent="6">
      <mem type="soa" free="71744" total="5977088" percent="1" />
      <mem type="loa" free="314368" total="314368" percent="100" />
    </mem>
    <remembered-set count="1163" />
  </mem-info>
</gc-start>
<allocation-stats totalBytes="944120" >
  <allocated-bytes non-tlh="122744" tlh="821376" />
  <largest-consumer threadName="main" threadId="000000000161F700" bytes="944120" />
</allocation-stats>
<gc-op id="672" type="rs-scan" timems="0.291" contextid="654" timestamp="2019-07-02T18:59:50.619">
  <scan objectsFound="212" bytesTraced="15820" workStackOverflowCount="0" />
</gc-op>
<gc-op id="673" type="card-cleaning" timems="0.152" contextid="654" timestamp="2019-07-02T18:59:50.620">
  <card-cleaning cardsCleaned="1" bytesTraced="17400" workStackOverflowCount="0" />
</gc-op>
<gc-op id="674" type="mark" timems="2.161" contextid="654" timestamp="2019-07-02T18:59:50.622">
  <trace-info objectcount="750" scancount="741" scanbytes="21620" />
  <finalization candidates="80" enqueued="0" />
  <ownableSynchronizers candidates="21" cleared="0" />
  <references type="soft" candidates="1106" cleared="0" enqueued="0" dynamicThreshold="32" maxThreshold="32" />
  <references type="weak" candidates="3859" cleared="77" enqueued="39" />
  <references type="phantom" candidates="72" cleared="0" enqueued="0" />
  <stringconstants candidates="7970" cleared="12"  />
</gc-op>
<gc-op id="675" type="classunload" timems="0.068" contextid="654" timestamp="2019-07-02T18:59:50.622">
  <classunload-info classloadercandidates="13" classloadersunloaded="0" classesunloaded="0" anonymousclassesunloaded="0" quiescems="0.000" setupms="0.067" scanms="0.000" postms="0.001" />
</gc-op>
<gc-op id="676" type="sweep" timems="0.497" contextid="654" timestamp="2019-07-02T18:59:50.623" />
<gc-end id="677" type="global" contextid="654" durationms="3.617" usertimems="4.000" systemtimems="0.000" timestamp="2019-07-02T18:59:50.623" activeThreads="4">
  <mem-info id="678" free="3741832" total="8650752" percent="43">
    <mem type="nursery" free="1409848" total="2359296" percent="59">
      <mem type="allocate" free="1409848" total="1507328" percent="93" />
      <mem type="survivor" free="0" total="851968" percent="0" />
    </mem>
    <mem type="tenure" free="2331984" total="6291456" percent="37" micro-fragmented="106616" macro-fragmented="0">
      <mem type="soa" free="2017616" total="5977088" percent="33" />
      <mem type="loa" free="314368" total="314368" percent="100" />
    </mem>
    <pending-finalizers system="0" default="0" reference="39" classloader="0" />
    <remembered-set count="250" />
  </mem-info>
</gc-end>
<cycle-end id="679" type="global" contextid="654" timestamp="2019-07-02T18:59:50.623">
  <attribute name="GC Util" value="75" />
  <attribute name="CPU Util" value="7781285791143" />
  <attribute name="Time Running"value="4523"/>
  <attribute name="Number of cores"value="4"/>
</cycle-end>
<concurrent-collection-end id="680" timestamp="2019-07-02T18:59:50.623" />
<exclusive-end id="681" timestamp="2019-07-02T18:59:50.623" durationms="4.004" />

<exclusive-start id="682" timestamp="2019-07-02T18:59:50.647" intervalms="28.108">
  <response-info timems="0.024" idlems="0.024" threads="0" lastid="000000000161F700" lastname="main" />
</exclusive-start>
<af-start id="683" threadId="0000000001620088" totalBytesRequested="2008" timestamp="2019-07-02T18:59:50.647" intervalms="41.458" type="nursery" />
<cycle-start id="684" type="scavenge" contextid="0" timestamp="2019-07-02T18:59:50.647" intervalms="41.464" />
  <attribute name="GC Util" value="75" />
  <attribute name="CPU Util" value="7781285791143" />
  <attribute name="Time Running"value="4523"/>
  <attribute name="Number of cores"value="4"/>
<gc-start id="685" type="scavenge" contextid="684" timestamp="2019-07-02T18:59:50.647">
  <mem-info id="686" free="2288608" total="8650752" percent="26">
    <mem type="nursery" free="0" total="2359296" percent="0">
      <mem type="allocate" free="0" total="1507328" percent="0" />
      <mem type="survivor" free="0" total="851968" percent="0" />
    </mem>
    <mem type="tenure" free="2288608" total="6291456" percent="36">
      <mem type="soa" free="1974240" total="5977088" percent="33" />
      <mem type="loa" free="314368" total="314368" percent="100" />
    </mem>
    <remembered-set count="774" />
  </mem-info>
</gc-start>
<allocation-stats totalBytes="1419224" >
  <allocated-bytes non-tlh="377096" tlh="1042128" />
  <largest-consumer threadName="main" threadId="000000000161F700" bytes="1410976" />
</allocation-stats>
<gc-op id="687" type="scavenge" timems="0.514" contextid="684" timestamp="2019-07-02T18:59:50.648">
  <scavenger-info tenureage="3" tenuremask="fff8" tiltratio="63" />
  <memory-copied type="nursery" objects="4710" bytes="511816" bytesdiscarded="101640" />
  <memory-copied type="tenure" objects="56" bytes="1752" bytesdiscarded="0" />
  <ownableSynchronizers candidates="42" cleared="42" />
  <references type="soft" candidates="226" cleared="0" enqueued="0" dynamicThreshold="11" maxThreshold="32" />
  <references type="weak" candidates="402" cleared="22" enqueued="16" />
  <references type="phantom" candidates="1" cleared="0" enqueued="0" />
</gc-op>
<gc-end id="688" type="scavenge" contextid="684" durationms="0.707" usertimems="0.000" systemtimems="0.000" timestamp="2019-07-02T18:59:50.648" activeThreads="4">
  <mem-info id="689" free="3242864" total="8650752" percent="37">
    <mem type="nursery" free="959192" total="2359296" percent="40">
      <mem type="allocate" free="959192" total="1572864" percent="60" />
      <mem type="survivor" free="0" total="786432" percent="0" />
    </mem>
    <mem type="tenure" free="2283672" total="6291456" percent="36">
      <mem type="soa" free="1969304" total="5977088" percent="32" />
      <mem type="loa" free="314368" total="314368" percent="100" />
    </mem>
    <pending-finalizers system="0" default="0" reference="16" classloader="0" />
    <remembered-set count="736" />
  </mem-info>
</gc-end>
<cycle-end id="690" type="scavenge" contextid="684" timestamp="2019-07-02T18:59:50.648">
  <attribute name="GC Util" value="6" />
  <attribute name="CPU Util" value="733755303393" />
  <attribute name="Time Running"value="4548"/>
  <attribute name="Number of cores"value="4"/>
</cycle-end>
<allocation-satisfied id="691" threadId="000000000161F700" bytesRequested="2008" />
<af-end id="692" timestamp="2019-07-02T18:59:50.648" threadId="0000000001620088" success="true" from="nursery"/>
<exclusive-end id="693" timestamp="2019-07-02T18:59:50.648" durationms="1.168" />

<exclusive-start id="694" timestamp="2019-07-02T18:59:50.658" intervalms="11.509">
  <response-info timems="0.073" idlems="0.073" threads="0" lastid="000000000161F700" lastname="main" />
</exclusive-start>
<af-start id="695" threadId="0000000001620088" totalBytesRequested="24" timestamp="2019-07-02T18:59:50.659" intervalms="11.515" type="nursery" />
<cycle-start id="696" type="scavenge" contextid="0" timestamp="2019-07-02T18:59:50.659" intervalms="11.511" />
  <attribute name="GC Util" value="6" />
  <attribute name="CPU Util" value="733755303393" />
  <attribute name="Time Running"value="4548"/>
  <attribute name="Number of cores"value="4"/>
<gc-start id="697" type="scavenge" contextid="696" timestamp="2019-07-02T18:59:50.659">
  <mem-info id="698" free="2283064" total="8650752" percent="26">
    <mem type="nursery" free="0" total="2359296" percent="0">
      <mem type="allocate" free="0" total="1572864" percent="0" />
      <mem type="survivor" free="0" total="786432" percent="0" />
    </mem>
    <mem type="tenure" free="2283064" total="6291456" percent="36">
      <mem type="soa" free="1968696" total="5977088" percent="32" />
      <mem type="loa" free="314368" total="314368" percent="100" />
    </mem>
    <remembered-set count="752" />
  </mem-info>
</gc-start>
<allocation-stats totalBytes="959688" >
  <allocated-bytes non-tlh="2616" tlh="957072" />
  <largest-consumer threadName="main" threadId="000000000161F700" bytes="955592" />
</allocation-stats>
<gc-op id="699" type="scavenge" timems="0.656" contextid="696" timestamp="2019-07-02T18:59:50.660">
  <scavenger-info tenureage="6" tenuremask="ffc0" tiltratio="66" />
  <memory-copied type="nursery" objects="8460" bytes="699728" bytesdiscarded="86560" />
  <memory-copied type="tenure" objects="778" bytes="36560" bytesdiscarded="128" />
  <copy-failed type="nursery" objects="791" bytes="37184" />
  <references type="soft" candidates="226" cleared="0" enqueued="0" dynamicThreshold="11" maxThreshold="32" />
  <references type="weak" candidates="382" cleared="0" enqueued="0" />
  <references type="phantom" candidates="1" cleared="0" enqueued="0" />
</gc-op>
<gc-end id="700" type="scavenge" contextid="696" durationms="0.939" usertimems="0.000" systemtimems="0.000" timestamp="2019-07-02T18:59:50.660" activeThreads="4">
  <mem-info id="701" free="2736944" total="8650752" percent="31">
    <mem type="nursery" free="524288" total="2359296" percent="22">
      <mem type="allocate" free="524288" total="1310720" percent="40" />
      <mem type="survivor" free="0" total="1048576" percent="0" />
    </mem>
    <mem type="tenure" free="2212656" total="6291456" percent="35">
      <mem type="soa" free="1898288" total="5977088" percent="31" />
      <mem type="loa" free="314368" total="314368" percent="100" />
    </mem>
    <remembered-set count="1323" />
  </mem-info>
</gc-end>
<cycle-end id="702" type="scavenge" contextid="696" timestamp="2019-07-02T18:59:50.660">
  <attribute name="GC Util" value="9" />
  <attribute name="CPU Util" value="1586334175594" />
  <attribute name="Time Running"value="4560"/>
  <attribute name="Number of cores"value="4"/>
</cycle-end>
<allocation-satisfied id="703" threadId="000000000161F700" bytesRequested="24" />
<af-end id="704" timestamp="2019-07-02T18:59:50.660" threadId="0000000001620088" success="true" from="nursery"/>
<exclusive-end id="705" timestamp="2019-07-02T18:59:50.660" durationms="1.426" />

<exclusive-start id="706" timestamp="2019-07-02T18:59:50.661" intervalms="2.954">
  <response-info timems="0.027" idlems="0.027" threads="0" lastid="000000000161F700" lastname="main" />
</exclusive-start>
<af-start id="707" threadId="0000000001620088" totalBytesRequested="72" timestamp="2019-07-02T18:59:50.661" intervalms="2.909" type="nursery" />
<cycle-start id="708" type="scavenge" contextid="0" timestamp="2019-07-02T18:59:50.662" intervalms="2.861" />
  <attribute name="GC Util" value="9" />
  <attribute name="CPU Util" value="1586334175594" />
  <attribute name="Time Running"value="4560"/>
  <attribute name="Number of cores"value="4"/>
<gc-start id="709" type="scavenge" contextid="708" timestamp="2019-07-02T18:59:50.662">
  <mem-info id="710" free="2212656" total="8650752" percent="25">
    <mem type="nursery" free="0" total="2359296" percent="0">
      <mem type="allocate" free="0" total="1310720" percent="0" />
      <mem type="survivor" free="0" total="1048576" percent="0" />
    </mem>
    <mem type="tenure" free="2212656" total="6291456" percent="35">
      <mem type="soa" free="1898288" total="5977088" percent="31" />
      <mem type="loa" free="314368" total="314368" percent="100" />
    </mem>
    <remembered-set count="1323" />
  </mem-info>
</gc-start>
<allocation-stats totalBytes="524064" >
  <allocated-bytes non-tlh="24" tlh="524040" />
  <largest-consumer threadName="main" threadId="000000000161F700" bytes="524064" />
</allocation-stats>
<gc-op id="711" type="scavenge" timems="0.675" contextid="708" timestamp="2019-07-02T18:59:50.662">
  <scavenger-info tenureage="2" tenuremask="7804" tiltratio="55" />
  <memory-copied type="nursery" objects="4903" bytes="232040" bytesdiscarded="209552" />
  <memory-copied type="tenure" objects="4493" bytes="502768" bytesdiscarded="528" />
  <references type="weak" candidates="2" cleared="0" enqueued="0" />
</gc-op>
<gc-end id="712" type="scavenge" contextid="708" durationms="0.826" usertimems="0.000" systemtimems="0.000" timestamp="2019-07-02T18:59:50.662" activeThreads="4">
  <mem-info id="713" free="2528432" total="8650752" percent="29">
    <mem type="nursery" free="869120" total="2359296" percent="36">
      <mem type="allocate" free="869120" total="1310720" percent="66" />
      <mem type="survivor" free="0" total="1048576" percent="0" />
    </mem>
    <mem type="tenure" free="1659312" total="6291456" percent="26">
      <mem type="soa" free="1344944" total="5977088" percent="22" />
      <mem type="loa" free="314368" total="314368" percent="100" />
    </mem>
    <remembered-set count="107" />
  </mem-info>
</gc-end>
<cycle-end id="714" type="scavenge" contextid="708" timestamp="2019-07-02T18:59:50.662">
  <attribute name="GC Util" value="53" />
  <attribute name="CPU Util" value="6796218229083" />
  <attribute name="Time Running"value="4563"/>
  <attribute name="Number of cores"value="4"/>
</cycle-end>
<allocation-satisfied id="715" threadId="000000000161F700" bytesRequested="72" />
<af-end id="716" timestamp="2019-07-02T18:59:50.663" threadId="0000000001620088" success="true" from="nursery"/>
<exclusive-end id="717" timestamp="2019-07-02T18:59:50.663" durationms="1.149" />

<exclusive-start id="718" timestamp="2019-07-02T18:59:50.665" intervalms="3.545">
  <response-info timems="0.034" idlems="0.034" threads="0" lastid="000000000161F700" lastname="main" />
</exclusive-start>
<af-start id="719" threadId="0000000001620088" totalBytesRequested="32" timestamp="2019-07-02T18:59:50.665" intervalms="3.547" type="nursery" />
<cycle-start id="720" type="scavenge" contextid="0" timestamp="2019-07-02T18:59:50.665" intervalms="3.552" />
  <attribute name="GC Util" value="53" />
  <attribute name="CPU Util" value="6796218229083" />
  <attribute name="Time Running"value="4563"/>
  <attribute name="Number of cores"value="4"/>
<gc-start id="721" type="scavenge" contextid="720" timestamp="2019-07-02T18:59:50.665">
  <mem-info id="722" free="1659312" total="8650752" percent="19">
    <mem type="nursery" free="0" total="2359296" percent="0">
      <mem type="allocate" free="0" total="1310720" percent="0" />
      <mem type="survivor" free="0" total="1048576" percent="0" />
    </mem>
    <mem type="tenure" free="1659312" total="6291456" percent="26">
      <mem type="soa" free="1344944" total="5977088" percent="22" />
      <mem type="loa" free="314368" total="314368" percent="100" />
    </mem>
    <remembered-set count="107" />
  </mem-info>
</gc-start>
<allocation-stats totalBytes="868992" >
  <allocated-bytes non-tlh="72" tlh="868920" />
  <largest-consumer threadName="main" threadId="000000000161F700" bytes="868992" />
</allocation-stats>
<gc-op id="723" type="scavenge" timems="0.660" contextid="720" timestamp="2019-07-02T18:59:50.666">
  <scavenger-info tenureage="2" tenuremask="fff4" tiltratio="55" />
  <memory-copied type="nursery" objects="2722" bytes="101472" bytesdiscarded="178080" />
  <memory-copied type="tenure" objects="3910" bytes="195008" bytesdiscarded="624" />
</gc-op>
<gc-end id="724" type="scavenge" contextid="720" durationms="0.802" usertimems="4.000" systemtimems="0.000" timestamp="2019-07-02T18:59:50.666" activeThreads="4">
  <mem-info id="725" free="2657248" total="8650752" percent="30">
    <mem type="nursery" free="1227776" total="2359296" percent="52">
      <mem type="allocate" free="1227776" total="1507328" percent="81" />
      <mem type="survivor" free="0" total="851968" percent="0" />
    </mem>
    <mem type="tenure" free="1429472" total="6291456" percent="22">
      <mem type="soa" free="1115104" total="5977088" percent="18" />
      <mem type="loa" free="314368" total="314368" percent="100" />
    </mem>
    <remembered-set count="318" />
  </mem-info>
</gc-end>
<cycle-end id="726" type="scavenge" contextid="720" timestamp="2019-07-02T18:59:50.666">
  <attribute name="GC Util" value="53" />
  <attribute name="CPU Util" value="5194138532159" />
  <attribute name="Time Running"value="4566"/>
  <attribute name="Number of cores"value="4"/>
</cycle-end>
<allocation-satisfied id="727" threadId="000000000161F700" bytesRequested="32" />
<af-end id="728" timestamp="2019-07-02T18:59:50.666" threadId="0000000001620088" success="true" from="nursery"/>
<exclusive-end id="729" timestamp="2019-07-02T18:59:50.666" durationms="1.150" />

<exclusive-start id="730" timestamp="2019-07-02T18:59:50.669" intervalms="4.293">
  <response-info timems="0.025" idlems="0.025" threads="0" lastid="000000000161F700" lastname="main" />
</exclusive-start>
<af-start id="731" threadId="0000000001620088" totalBytesRequested="24" timestamp="2019-07-02T18:59:50.669" intervalms="4.289" type="nursery" />
<cycle-start id="732" type="scavenge" contextid="0" timestamp="2019-07-02T18:59:50.669" intervalms="4.284" />
  <attribute name="GC Util" value="53" />
  <attribute name="CPU Util" value="5194138532159" />
  <attribute name="Time Running"value="4566"/>
  <attribute name="Number of cores"value="4"/>
<gc-start id="733" type="scavenge" contextid="732" timestamp="2019-07-02T18:59:50.669">
  <mem-info id="734" free="1429472" total="8650752" percent="16">
    <mem type="nursery" free="0" total="2359296" percent="0">
      <mem type="allocate" free="0" total="1507328" percent="0" />
      <mem type="survivor" free="0" total="851968" percent="0" />
    </mem>
    <mem type="tenure" free="1429472" total="6291456" percent="22">
      <mem type="soa" free="1115104" total="5977088" percent="18" />
      <mem type="loa" free="314368" total="314368" percent="100" />
    </mem>
    <remembered-set count="513" />
  </mem-info>
</gc-start>
<allocation-stats totalBytes="1227568" >
  <allocated-bytes non-tlh="32" tlh="1227536" />
  <largest-consumer threadName="main" threadId="000000000161F700" bytes="1227568" />
</allocation-stats>
<gc-op id="735" type="scavenge" timems="0.452" contextid="732" timestamp="2019-07-02T18:59:50.670">
  <scavenger-info tenureage="2" tenuremask="fff4" tiltratio="63" />
  <memory-copied type="nursery" objects="3895" bytes="146464" bytesdiscarded="49376" />
  <memory-copied type="tenure" objects="984" bytes="36576" bytesdiscarded="408" />
</gc-op>
<gc-end id="736" type="scavenge" contextid="732" durationms="0.593" usertimems="4.000" systemtimems="0.000" timestamp="2019-07-02T18:59:50.670" activeThreads="4">
  <mem-info id="737" free="2842064" total="8650752" percent="32">
    <mem type="nursery" free="1442560" total="2359296" percent="61">
      <mem type="allocate" free="1442560" total="1638400" percent="88" />
      <mem type="survivor" free="0" total="720896" percent="0" />
    </mem>
    <mem type="tenure" free="1399504" total="6291456" percent="22">
      <mem type="soa" free="1085136" total="5977088" percent="18" />
      <mem type="loa" free="314368" total="314368" percent="100" />
    </mem>
    <remembered-set count="429" />
  </mem-info>
</gc-end>
<cycle-end id="738" type="scavenge" contextid="732" timestamp="2019-07-02T18:59:50.670">
  <attribute name="GC Util" value="41" />
  <attribute name="CPU Util" value="4304904528931" />
  <attribute name="Time Running"value="4570"/>
  <attribute name="Number of cores"value="4"/>
</cycle-end>
<allocation-satisfied id="739" threadId="000000000161F700" bytesRequested="24" />
<af-end id="740" timestamp="2019-07-02T18:59:50.670" threadId="0000000001620088" success="true" from="nursery"/>
<exclusive-end id="741" timestamp="2019-07-02T18:59:50.670" durationms="0.964" />

<exclusive-start id="742" timestamp="2019-07-02T18:59:50.677" intervalms="7.567">
  <response-info timems="0.022" idlems="0.022" threads="0" lastid="000000000161F700" lastname="main" />
</exclusive-start>
<af-start id="743" threadId="0000000001620088" totalBytesRequested="32" timestamp="2019-07-02T18:59:50.677" intervalms="7.607" type="nursery" />
<cycle-start id="744" type="scavenge" contextid="0" timestamp="2019-07-02T18:59:50.677" intervalms="7.663" />
  <attribute name="GC Util" value="41" />
  <attribute name="CPU Util" value="4304904528931" />
  <attribute name="Time Running"value="4570"/>
  <attribute name="Number of cores"value="4"/>
<gc-start id="745" type="scavenge" contextid="744" timestamp="2019-07-02T18:59:50.677">
  <mem-info id="746" free="1397160" total="8650752" percent="16">
    <mem type="nursery" free="0" total="2359296" percent="0">
      <mem type="allocate" free="0" total="1638400" percent="0" />
      <mem type="survivor" free="0" total="720896" percent="0" />
    </mem>
    <mem type="tenure" free="1397160" total="6291456" percent="22">
      <mem type="soa" free="1082792" total="5977088" percent="18" />
      <mem type="loa" free="314368" total="314368" percent="100" />
    </mem>
    <remembered-set count="666" />
  </mem-info>
</gc-start>
<allocation-stats totalBytes="1444696" >
  <allocated-bytes non-tlh="2368" tlh="1442328" />
  <largest-consumer threadName="main" threadId="000000000161F700" bytes="1444696" />
</allocation-stats>
<gc-op id="747" type="scavenge" timems="0.869" contextid="744" timestamp="2019-07-02T18:59:50.678">
  <scavenger-info tenureage="13" tenuremask="e000" tiltratio="69" />
  <memory-copied type="nursery" objects="6039" bytes="223112" bytesdiscarded="51048" />
  <references type="weak" candidates="18" cleared="0" enqueued="0" />
</gc-op>
<heap-resize id="748" type="expand" space="nursery" amount="262144" count="1" timems="0.012" reason="excessive time being spent scavenging" timestamp="2019-07-02T18:59:50.678" />
<gc-end id="749" type="scavenge" contextid="744" durationms="1.195" usertimems="0.000" systemtimems="4.000" timestamp="2019-07-02T18:59:50.678" activeThreads="4">
  <mem-info id="750" free="2957992" total="8912896" percent="33">
    <mem type="nursery" free="1560832" total="2621440" percent="59">
      <mem type="allocate" free="1560832" total="1835008" percent="85" />
      <mem type="survivor" free="0" total="786432" percent="0" />
    </mem>
    <mem type="tenure" free="1397160" total="6291456" percent="22">
      <mem type="soa" free="1082792" total="5977088" percent="18" />
      <mem type="loa" free="314368" total="314368" percent="100" />
    </mem>
    <remembered-set count="651" />
  </mem-info>
</gc-end>
<cycle-end id="751" type="scavenge" contextid="744" timestamp="2019-07-02T18:59:50.678">
  <attribute name="GC Util" value="10" />
  <attribute name="CPU Util" value="2377598331537" />
  <attribute name="Time Running"value="4578"/>
  <attribute name="Number of cores"value="4"/>
</cycle-end>
<allocation-satisfied id="752" threadId="000000000161F700" bytesRequested="32" />
<af-end id="753" timestamp="2019-07-02T18:59:50.678" threadId="0000000001620088" success="true" from="nursery"/>
<exclusive-end id="754" timestamp="2019-07-02T18:59:50.679" durationms="1.694" />

<exclusive-start id="755" timestamp="2019-07-02T18:59:50.684" intervalms="7.122">
  <response-info timems="0.021" idlems="0.021" threads="0" lastid="000000000161F700" lastname="main" />
</exclusive-start>
<af-start id="756" threadId="0000000001620088" totalBytesRequested="176" timestamp="2019-07-02T18:59:50.684" intervalms="7.124" type="nursery" />
<cycle-start id="757" type="scavenge" contextid="0" timestamp="2019-07-02T18:59:50.684" intervalms="7.101" />
  <attribute name="GC Util" value="10" />
  <attribute name="CPU Util" value="2377598331537" />
  <attribute name="Time Running"value="4578"/>
  <attribute name="Number of cores"value="4"/>
<gc-start id="758" type="scavenge" contextid="757" timestamp="2019-07-02T18:59:50.684">
  <mem-info id="759" free="1396216" total="8912896" percent="15">
    <mem type="nursery" free="0" total="2621440" percent="0">
      <mem type="allocate" free="0" total="1835008" percent="0" />
      <mem type="survivor" free="0" total="786432" percent="0" />
    </mem>
    <mem type="tenure" free="1396216" total="6291456" percent="22">
      <mem type="soa" free="1081848" total="5977088" percent="18" />
      <mem type="loa" free="314368" total="314368" percent="100" />
    </mem>
    <remembered-set count="874" />
  </mem-info>
</gc-start>
<allocation-stats totalBytes="1560648" >
  <allocated-bytes non-tlh="240" tlh="1560408" />
  <largest-consumer threadName="main" threadId="000000000161F700" bytes="1560648" />
</allocation-stats>
<gc-op id="760" type="scavenge" timems="0.789" contextid="757" timestamp="2019-07-02T18:59:50.685">
  <scavenger-info tenureage="3" tenuremask="6008" tiltratio="70" />
  <memory-copied type="nursery" objects="8262" bytes="322352" bytesdiscarded="60872" />
  <memory-copied type="tenure" objects="1665" bytes="62736" bytesdiscarded="40" />
  <references type="weak" candidates="18" cleared="0" enqueued="0" />
</gc-op>
<heap-resize id="761" type="expand" space="nursery" amount="262144" count="1" timems="0.083" reason="excessive time being spent scavenging" timestamp="2019-07-02T18:59:50.685" />
<gc-end id="762" type="scavenge" contextid="757" durationms="1.243" usertimems="0.000" systemtimems="0.000" timestamp="2019-07-02T18:59:50.685" activeThreads="4">
  <mem-info id="763" free="3100040" total="9175040" percent="33">
    <mem type="nursery" free="1779456" total="2883584" percent="61">
      <mem type="allocate" free="1779456" total="2162688" percent="82" />
      <mem type="survivor" free="0" total="720896" percent="0" />
    </mem>
    <mem type="tenure" free="1320584" total="6291456" percent="20">
      <mem type="soa" free="1006216" total="5977088" percent="16" />
      <mem type="loa" free="314368" total="314368" percent="100" />
    </mem>
    <remembered-set count="743" />
  </mem-info>
</gc-end>
<cycle-end id="764" type="scavenge" contextid="757" timestamp="2019-07-02T18:59:50.686">
  <attribute name="GC Util" value="27" />
  <attribute name="CPU Util" value="2580357213446" />
  <attribute name="Time Running"value="4585"/>
  <attribute name="Number of cores"value="4"/>
</cycle-end>
<allocation-satisfied id="765" threadId="000000000161F700" bytesRequested="176" />
<af-end id="766" timestamp="2019-07-02T18:59:50.686" threadId="0000000001620088" success="true" from="nursery"/>
<exclusive-end id="767" timestamp="2019-07-02T18:59:50.686" durationms="1.691" />

<exclusive-start id="768" timestamp="2019-07-02T18:59:50.697" intervalms="13.480">
  <response-info timems="0.032" idlems="0.022" threads="1" lastid="0000000001626F00" lastname="JIT Compilation Thread-1" />
</exclusive-start>
<af-start id="769" threadId="0000000001620088" totalBytesRequested="200008" timestamp="2019-07-02T18:59:50.697" intervalms="13.448" type="nursery" />
<cycle-start id="770" type="scavenge" contextid="0" timestamp="2019-07-02T18:59:50.698" intervalms="13.419" />
  <attribute name="GC Util" value="27" />
  <attribute name="CPU Util" value="2580357213446" />
  <attribute name="Time Running"value="4585"/>
  <attribute name="Number of cores"value="4"/>
<gc-start id="771" type="scavenge" contextid="770" timestamp="2019-07-02T18:59:50.698">
  <mem-info id="772" free="1389624" total="9175040" percent="15">
    <mem type="nursery" free="83712" total="2883584" percent="2">
      <mem type="allocate" free="83712" total="2162688" percent="3" />
      <mem type="survivor" free="0" total="720896" percent="0" />
    </mem>
    <mem type="tenure" free="1305912" total="6291456" percent="20">
      <mem type="soa" free="991544" total="5977088" percent="16" />
      <mem type="loa" free="314368" total="314368" percent="100" />
    </mem>
    <remembered-set count="875" />
  </mem-info>
</gc-start>
<allocation-stats totalBytes="1705464" >
  <allocated-bytes non-tlh="10672" tlh="1694792" />
  <largest-consumer threadName="main" threadId="000000000161F700" bytes="1705464" />
</allocation-stats>
<gc-op id="773" type="scavenge" timems="1.148" contextid="770" timestamp="2019-07-02T18:59:50.699">
  <scavenger-info tenureage="13" tenuremask="6000" tiltratio="75" />
  <memory-copied type="nursery" objects="6478" bytes="311224" bytesdiscarded="63848" />
  <references type="soft" candidates="1" cleared="0" enqueued="0" dynamicThreshold="11" maxThreshold="32" />
  <references type="weak" candidates="18" cleared="0" enqueued="0" />
  <references type="phantom" candidates="1" cleared="0" enqueued="0" />
</gc-op>
<gc-end id="774" type="scavenge" contextid="770" durationms="1.295" usertimems="4.000" systemtimems="0.000" timestamp="2019-07-02T18:59:50.699" activeThreads="4">
  <mem-info id="775" free="3224544" total="9175040" percent="35">
    <mem type="nursery" free="1918632" total="2883584" percent="66">
      <mem type="allocate" free="1918632" total="2293760" percent="83" />
      <mem type="survivor" free="0" total="589824" percent="0" />
    </mem>
    <mem type="tenure" free="1305912" total="6291456" percent="20">
      <mem type="soa" free="991544" total="5977088" percent="16" />
      <mem type="loa" free="314368" total="314368" percent="100" />
    </mem>
    <remembered-set count="848" />
  </mem-info>
</gc-end>
<cycle-end id="776" type="scavenge" contextid="770" timestamp="2019-07-02T18:59:50.699">
  <attribute name="GC Util" value="14" />
  <attribute name="CPU Util" value="1387148039627" />
  <attribute name="Time Running"value="4599"/>
  <attribute name="Number of cores"value="4"/>
</cycle-end>
<allocation-satisfied id="777" threadId="000000000161F700" bytesRequested="200008" />
<af-end id="778" timestamp="2019-07-02T18:59:50.699" threadId="0000000001620088" success="true" from="nursery"/>
<exclusive-end id="779" timestamp="2019-07-02T18:59:50.699" durationms="1.656" />

<exclusive-start id="780" timestamp="2019-07-02T18:59:50.712" intervalms="14.582">
  <response-info timems="0.023" idlems="0.023" threads="0" lastid="000000000161F700" lastname="main" />
</exclusive-start>
<af-start id="781" threadId="0000000001620088" totalBytesRequested="24" timestamp="2019-07-02T18:59:50.712" intervalms="14.578" type="nursery" />
<cycle-start id="782" type="scavenge" contextid="0" timestamp="2019-07-02T18:59:50.712" intervalms="14.576" />
  <attribute name="GC Util" value="14" />
  <attribute name="CPU Util" value="1387148039627" />
  <attribute name="Time Running"value="4599"/>
  <attribute name="Number of cores"value="4"/>
<gc-start id="783" type="scavenge" contextid="782" timestamp="2019-07-02T18:59:50.712">
  <mem-info id="784" free="1300168" total="9175040" percent="14">
    <mem type="nursery" free="0" total="2883584" percent="0">
      <mem type="allocate" free="0" total="2293760" percent="0" />
      <mem type="survivor" free="0" total="589824" percent="0" />
    </mem>
    <mem type="tenure" free="1300168" total="6291456" percent="20">
      <mem type="soa" free="985800" total="5977088" percent="16" />
      <mem type="loa" free="314368" total="314368" percent="100" />
    </mem>
    <remembered-set count="961" />
  </mem-info>
</gc-start>
<allocation-stats totalBytes="1923880" >
  <allocated-bytes non-tlh="205752" tlh="1718128" />
  <largest-consumer threadName="main" threadId="000000000161F700" bytes="1923880" />
</allocation-stats>
<gc-op id="785" type="scavenge" timems="0.984" contextid="782" timestamp="2019-07-02T18:59:50.713">
  <scavenger-info tenureage="13" tenuremask="6000" tiltratio="79" />
  <memory-copied type="nursery" objects="6731" bytes="283784" bytesdiscarded="161160" />
  <references type="soft" candidates="2" cleared="0" enqueued="0" dynamicThreshold="11" maxThreshold="32" />
  <references type="weak" candidates="44" cleared="2" enqueued="2" />
</gc-op>
<heap-resize id="786" type="expand" space="nursery" amount="131072" count="1" timems="0.013" reason="excessive time being spent scavenging" timestamp="2019-07-02T18:59:50.713" />
<gc-end id="787" type="scavenge" contextid="782" durationms="1.185" usertimems="0.000" systemtimems="4.000" timestamp="2019-07-02T18:59:50.713" activeThreads="4">
  <mem-info id="788" free="3279984" total="9306112" percent="35">
    <mem type="nursery" free="1979816" total="3014656" percent="65">
      <mem type="allocate" free="1979816" total="2424832" percent="81" />
      <mem type="survivor" free="0" total="589824" percent="0" />
    </mem>
    <mem type="tenure" free="1300168" total="6291456" percent="20">
      <mem type="soa" free="985800" total="5977088" percent="16" />
      <mem type="loa" free="314368" total="314368" percent="100" />
    </mem>
    <pending-finalizers system="0" default="0" reference="2" classloader="0" />
    <remembered-set count="944" />
  </mem-info>
</gc-end>
<cycle-end id="789" type="scavenge" contextid="782" timestamp="2019-07-02T18:59:50.713">
  <attribute name="GC Util" value="16" />
  <attribute name="CPU Util" value="1265660272068" />
  <attribute name="Time Running"value="4613"/>
  <attribute name="Number of cores"value="4"/>
</cycle-end>
<allocation-satisfied id="790" threadId="000000000161F700" bytesRequested="24" />
<af-end id="791" timestamp="2019-07-02T18:59:50.714" threadId="0000000001620088" success="true" from="nursery"/>
<exclusive-end id="792" timestamp="2019-07-02T18:59:50.714" durationms="1.590" />

<exclusive-start id="793" timestamp="2019-07-02T18:59:50.744" intervalms="32.148">
  <response-info timems="0.035" idlems="0.024" threads="1" lastid="0000000001626F00" lastname="JIT Compilation Thread-1" />
</exclusive-start>
<sys-start reason="explicit" id="794" timestamp="2019-07-02T18:59:50.744" intervalms="4770.052" />
<cycle-start id="795" type="global" contextid="0" timestamp="2019-07-02T18:59:50.744" intervalms="141.307" />
  <attribute name="GC Util" value="16" />
  <attribute name="CPU Util" value="1265660272068" />
  <attribute name="Time Running"value="4613"/>
  <attribute name="Number of cores"value="4"/>
<gc-start id="796" type="global" contextid="795" timestamp="2019-07-02T18:59:50.744">
  <mem-info id="797" free="1629088" total="9306112" percent="17">
    <mem type="nursery" free="346208" total="3014656" percent="11">
      <mem type="allocate" free="346208" total="2424832" percent="14" />
      <mem type="survivor" free="0" total="589824" percent="0" />
    </mem>
    <mem type="tenure" free="1282880" total="6291456" percent="20">
      <mem type="soa" free="968512" total="5977088" percent="16" />
      <mem type="loa" free="314368" total="314368" percent="100" />
    </mem>
    <remembered-set count="1353" />
  </mem-info>
</gc-start>
<allocation-stats totalBytes="1649704" >
  <allocated-bytes non-tlh="217320" tlh="1432384" />
  <largest-consumer threadName="main" threadId="000000000161F700" bytes="1649704" />
</allocation-stats>
<gc-op id="798" type="mark" timems="3.595" contextid="795" timestamp="2019-07-02T18:59:50.748">
  <trace-info objectcount="74390" scancount="62153" scanbytes="2117264" />
  <finalization candidates="80" enqueued="0" />
  <ownableSynchronizers candidates="21" cleared="0" />
  <references type="soft" candidates="1642" cleared="0" enqueued="0" dynamicThreshold="11" maxThreshold="32" />
  <references type="weak" candidates="4425" cleared="50" enqueued="39" />
  <references type="phantom" candidates="74" cleared="2" enqueued="2" />
  <stringconstants candidates="8663" cleared="15"  />
</gc-op>
<gc-op id="799" type="classunload" timems="0.439" contextid="795" timestamp="2019-07-02T18:59:50.749">
  <classunload-info classloadercandidates="17" classloadersunloaded="1" classesunloaded="1" anonymousclassesunloaded="0" quiescems="0.000" setupms="0.431" scanms="0.006" postms="0.002" />
</gc-op>
<gc-op id="800" type="sweep" timems="0.311" contextid="795" timestamp="2019-07-02T18:59:50.749" />
<mem-info id="801" free="4220904" total="9306112" percent="45">
  <mem type="nursery" free="2137368" total="3014656" percent="70">
    <mem type="allocate" free="2137368" total="2424832" percent="88" />
    <mem type="survivor" free="0" total="589824" percent="0" />
  </mem>
  <mem type="tenure" free="2083536" total="6291456" percent="33" micro-fragmented="138793" macro-fragmented="0">
    <mem type="soa" free="1769168" total="5977088" percent="29" />
    <mem type="loa" free="314368" total="314368" percent="100" />
  </mem>
  <pending-finalizers system="0" default="0" reference="41" classloader="0" />
  <remembered-set count="671" />
</mem-info>
<gc-op id="802" type="compact" timems="16.517" contextid="795" timestamp="2019-07-02T18:59:50.766">
  <compact-info movecount="71184" movebytes="4122720" reason="compact on aggressive collection" />
</gc-op>
<gc-end id="803" type="global" contextid="795" durationms="21.528" usertimems="28.000" systemtimems="0.000" timestamp="2019-07-02T18:59:50.766" activeThreads="4">
  <mem-info id="804" free="4448472" total="9306112" percent="47">
    <mem type="nursery" free="2239432" total="3014656" percent="74">
      <mem type="allocate" free="2239432" total="2424832" percent="92" />
      <mem type="survivor" free="0" total="589824" percent="0" />
    </mem>
    <mem type="tenure" free="2209040" total="6291456" percent="35">
      <mem type="soa" free="1894672" total="5977088" percent="31" />
      <mem type="loa" free="314368" total="314368" percent="100" />
    </mem>
    <pending-finalizers system="0" default="0" reference="41" classloader="0" />
    <remembered-set count="671" />
  </mem-info>
</gc-end>
<cycle-end id="805" type="global" contextid="795" timestamp="2019-07-02T18:59:50.766">
  <attribute name="GC Util" value="18" />
  <attribute name="CPU Util" value="31472372045060" />
  <attribute name="Time Running"value="4650"/>
  <attribute name="Number of cores"value="4"/>
</cycle-end>
<sys-end id="806" timestamp="2019-07-02T18:59:50.766" />
<exclusive-end id="807" timestamp="2019-07-02T18:59:50.766" durationms="22.036" />

<exclusive-start id="808" timestamp="2019-07-02T18:59:50.810" intervalms="66.207">
  <response-info timems="0.063" idlems="0.063" threads="0" lastid="000000000161F700" lastname="main" />
</exclusive-start>
<af-start id="809" threadId="0000000001620088" totalBytesRequested="24" timestamp="2019-07-02T18:59:50.811" intervalms="98.458" type="nursery" />
<cycle-start id="810" type="scavenge" contextid="0" timestamp="2019-07-02T18:59:50.811" intervalms="98.512" />
  <attribute name="GC Util" value="18" />
  <attribute name="CPU Util" value="31472372045060" />
  <attribute name="Time Running"value="4650"/>
  <attribute name="Number of cores"value="4"/>
<gc-start id="811" type="scavenge" contextid="810" timestamp="2019-07-02T18:59:50.811">
  <mem-info id="812" free="2207304" total="9306112" percent="23">
    <mem type="nursery" free="0" total="3014656" percent="0">
      <mem type="allocate" free="0" total="2424832" percent="0" />
      <mem type="survivor" free="0" total="589824" percent="0" />
    </mem>
    <mem type="tenure" free="2207304" total="6291456" percent="35">
      <mem type="soa" free="1892936" total="5977088" percent="31" />
      <mem type="loa" free="314368" total="314368" percent="100" />
    </mem>
    <remembered-set count="738" />
  </mem-info>
</gc-start>
<allocation-stats totalBytes="2240864" >
  <allocated-bytes non-tlh="463896" tlh="1776968" />
  <largest-consumer threadName="main" threadId="000000000161F700" bytes="2232672" />
</allocation-stats>
<gc-op id="813" type="scavenge" timems="1.284" contextid="810" timestamp="2019-07-02T18:59:50.812">
  <scavenger-info tenureage="3" tenuremask="6038" tiltratio="80" />
  <memory-copied type="nursery" objects="5462" bytes="511936" bytesdiscarded="77616" />
  <memory-copied type="tenure" objects="91" bytes="3376" bytesdiscarded="0" />
  <copy-failed type="nursery" objects="29" bytes="1448" />
  <ownableSynchronizers candidates="42" cleared="42" />
  <references type="soft" candidates="353" cleared="0" enqueued="0" dynamicThreshold="11" maxThreshold="32" />
  <references type="weak" candidates="267" cleared="7" enqueued="7" />
  <references type="phantom" candidates="5" cleared="2" enqueued="2" />
</gc-op>
<gc-end id="814" type="scavenge" contextid="810" durationms="1.491" usertimems="4.000" systemtimems="0.000" timestamp="2019-07-02T18:59:50.812" activeThreads="4">
  <mem-info id="815" free="3671112" total="9306112" percent="39">
    <mem type="nursery" free="1572864" total="3014656" percent="52">
      <mem type="allocate" free="1572864" total="2162688" percent="72" />
      <mem type="survivor" free="0" total="851968" percent="0" />
    </mem>
    <mem type="tenure" free="2098248" total="6291456" percent="33">
      <mem type="soa" free="1783880" total="5977088" percent="29" />
      <mem type="loa" free="314368" total="314368" percent="100" />
    </mem>
    <pending-finalizers system="0" default="0" reference="9" classloader="0" />
    <remembered-set count="606" />
  </mem-info>
</gc-end>
<cycle-end id="816" type="scavenge" contextid="810" timestamp="2019-07-02T18:59:50.812">
  <attribute name="GC Util" value="40" />
  <attribute name="CPU Util" value="299445790671" />
  <attribute name="Time Running"value="4712"/>
  <attribute name="Number of cores"value="4"/>
</cycle-end>
<allocation-satisfied id="817" threadId="000000000161F700" bytesRequested="24" />
<af-end id="818" timestamp="2019-07-02T18:59:50.812" threadId="0000000001620088" success="true" from="nursery"/>
<exclusive-end id="819" timestamp="2019-07-02T18:59:50.813" durationms="2.148" />

<exclusive-start id="820" timestamp="2019-07-02T18:59:50.848" intervalms="38.006">
  <response-info timems="0.100" idlems="0.100" threads="0" lastid="000000000161F700" lastname="main" />
</exclusive-start>
<af-start id="821" threadId="0000000001620088" totalBytesRequested="24" timestamp="2019-07-02T18:59:50.848" intervalms="37.946" type="nursery" />
<cycle-start id="822" type="scavenge" contextid="0" timestamp="2019-07-02T18:59:50.849" intervalms="37.939" />
  <attribute name="GC Util" value="40" />
  <attribute name="CPU Util" value="299445790671" />
  <attribute name="Time Running"value="4712"/>
  <attribute name="Number of cores"value="4"/>
<gc-start id="823" type="scavenge" contextid="822" timestamp="2019-07-02T18:59:50.849">
  <mem-info id="824" free="2098248" total="9306112" percent="22">
    <mem type="nursery" free="0" total="3014656" percent="0">
      <mem type="allocate" free="0" total="2162688" percent="0" />
      <mem type="survivor" free="0" total="851968" percent="0" />
    </mem>
    <mem type="tenure" free="2098248" total="6291456" percent="33">
      <mem type="soa" free="1783880" total="5977088" percent="29" />
      <mem type="loa" free="314368" total="314368" percent="100" />
    </mem>
    <remembered-set count="611" />
  </mem-info>
</gc-start>
<allocation-stats totalBytes="1572720" >
  <allocated-bytes non-tlh="24" tlh="1572696" />
  <largest-consumer threadName="main" threadId="000000000161F700" bytes="1568624" />
</allocation-stats>
<gc-op id="825" type="scavenge" timems="1.119" contextid="822" timestamp="2019-07-02T18:59:50.850">
  <scavenger-info tenureage="13" tenuremask="6000" tiltratio="71" />
  <memory-copied type="nursery" objects="5443" bytes="511336" bytesdiscarded="125328" />
  <references type="soft" candidates="353" cleared="0" enqueued="0" dynamicThreshold="11" maxThreshold="32" />
  <references type="weak" candidates="259" cleared="0" enqueued="0" />
  <references type="phantom" candidates="3" cleared="0" enqueued="0" />
</gc-op>
<gc-end id="826" type="scavenge" contextid="822" durationms="1.390" usertimems="4.000" systemtimems="0.000" timestamp="2019-07-02T18:59:50.850" activeThreads="4">
  <mem-info id="827" free="3689536" total="9306112" percent="39">
    <mem type="nursery" free="1591288" total="3014656" percent="52">
      <mem type="allocate" free="1591288" total="2228224" percent="71" />
      <mem type="survivor" free="0" total="786432" percent="0" />
    </mem>
    <mem type="tenure" free="2098248" total="6291456" percent="33">
      <mem type="soa" free="1783880" total="5977088" percent="29" />
      <mem type="loa" free="314368" total="314368" percent="100" />
    </mem>
    <remembered-set count="513" />
  </mem-info>
</gc-end>
<cycle-end id="828" type="scavenge" contextid="822" timestamp="2019-07-02T18:59:50.850">
  <attribute name="GC Util" value="6" />
  <attribute name="CPU Util" value="485536628996" />
  <attribute name="Time Running"value="4750"/>
  <attribute name="Number of cores"value="4"/>
</cycle-end>
<allocation-satisfied id="829" threadId="000000000161F700" bytesRequested="24" />
<af-end id="830" timestamp="2019-07-02T18:59:50.850" threadId="0000000001620088" success="true" from="nursery"/>
<exclusive-end id="831" timestamp="2019-07-02T18:59:50.850" durationms="1.895" />

<exclusive-start id="832" timestamp="2019-07-02T18:59:50.886" intervalms="37.874">
  <response-info timems="0.081" idlems="0.081" threads="0" lastid="000000000161F700" lastname="main" />
</exclusive-start>
<af-start id="833" threadId="0000000001620088" totalBytesRequested="24" timestamp="2019-07-02T18:59:50.886" intervalms="37.891" type="nursery" />
<cycle-start id="834" type="scavenge" contextid="0" timestamp="2019-07-02T18:59:50.886" intervalms="37.887" />
  <attribute name="GC Util" value="6" />
  <attribute name="CPU Util" value="485536628996" />
  <attribute name="Time Running"value="4750"/>
  <attribute name="Number of cores"value="4"/>
<gc-start id="835" type="scavenge" contextid="834" timestamp="2019-07-02T18:59:50.887">
  <mem-info id="836" free="2098248" total="9306112" percent="22">
    <mem type="nursery" free="0" total="3014656" percent="0">
      <mem type="allocate" free="0" total="2228224" percent="0" />
      <mem type="survivor" free="0" total="786432" percent="0" />
    </mem>
    <mem type="tenure" free="2098248" total="6291456" percent="33">
      <mem type="soa" free="1783880" total="5977088" percent="29" />
      <mem type="loa" free="314368" total="314368" percent="100" />
    </mem>
    <remembered-set count="513" />
  </mem-info>
</gc-start>
<allocation-stats totalBytes="1591136" >
  <allocated-bytes non-tlh="24" tlh="1591112" />
  <largest-consumer threadName="main" threadId="000000000161F700" bytes="1591136" />
</allocation-stats>
<gc-op id="837" type="scavenge" timems="0.930" contextid="834" timestamp="2019-07-02T18:59:50.888">
  <scavenger-info tenureage="3" tenuremask="6018" tiltratio="73" />
  <memory-copied type="nursery" objects="4804" bytes="490200" bytesdiscarded="100968" />
  <memory-copied type="tenure" objects="640" bytes="21160" bytesdiscarded="0" />
  <references type="soft" candidates="351" cleared="0" enqueued="0" dynamicThreshold="11" maxThreshold="32" />
  <references type="weak" candidates="235" cleared="0" enqueued="0" />
  <references type="phantom" candidates="3" cleared="0" enqueued="0" />
</gc-op>
<gc-end id="838" type="scavenge" contextid="834" durationms="1.204" usertimems="0.000" systemtimems="0.000" timestamp="2019-07-02T18:59:50.888" activeThreads="4">
  <mem-info id="839" free="3761456" total="9306112" percent="40">
    <mem type="nursery" free="1702376" total="3014656" percent="56">
      <mem type="allocate" free="1702376" total="2293760" percent="74" />
      <mem type="survivor" free="0" total="720896" percent="0" />
    </mem>
    <mem type="tenure" free="2059080" total="6291456" percent="32">
      <mem type="soa" free="1744712" total="5977088" percent="29" />
      <mem type="loa" free="314368" total="314368" percent="100" />
    </mem>
    <remembered-set count="247" />
  </mem-info>
</gc-end>
<cycle-end id="840" type="scavenge" contextid="834" timestamp="2019-07-02T18:59:50.888">
  <attribute name="GC Util" value="6" />
  <attribute name="CPU Util" value="487057844826" />
  <attribute name="Time Running"value="4788"/>
  <attribute name="Number of cores"value="4"/>
</cycle-end>
<allocation-satisfied id="841" threadId="000000000161F700" bytesRequested="24" />
<af-end id="842" timestamp="2019-07-02T18:59:50.888" threadId="0000000001620088" success="true" from="nursery"/>
<exclusive-end id="843" timestamp="2019-07-02T18:59:50.888" durationms="1.736" />

<exclusive-start id="844" timestamp="2019-07-02T18:59:50.897" intervalms="11.183">
  <response-info timems="0.074" idlems="0.074" threads="0" lastid="000000000161F700" lastname="main" />
</exclusive-start>
<af-start id="845" threadId="0000000001620088" totalBytesRequested="24" timestamp="2019-07-02T18:59:50.898" intervalms="11.160" type="nursery" />
<cycle-start id="846" type="scavenge" contextid="0" timestamp="2019-07-02T18:59:50.898" intervalms="11.157" />
  <attribute name="GC Util" value="6" />
  <attribute name="CPU Util" value="487057844826" />
  <attribute name="Time Running"value="4788"/>
  <attribute name="Number of cores"value="4"/>
<gc-start id="847" type="scavenge" contextid="846" timestamp="2019-07-02T18:59:50.898">
  <mem-info id="848" free="2059080" total="9306112" percent="22">
    <mem type="nursery" free="0" total="3014656" percent="0">
      <mem type="allocate" free="0" total="2293760" percent="0" />
      <mem type="survivor" free="0" total="720896" percent="0" />
    </mem>
    <mem type="tenure" free="2059080" total="6291456" percent="32">
      <mem type="soa" free="1744712" total="5977088" percent="29" />
      <mem type="loa" free="314368" total="314368" percent="100" />
    </mem>
    <remembered-set count="247" />
  </mem-info>
</gc-start>
<allocation-stats totalBytes="1702224" >
  <allocated-bytes non-tlh="24" tlh="1702200" />
  <largest-consumer threadName="main" threadId="000000000161F700" bytes="1702224" />
</allocation-stats>
<gc-op id="849" type="scavenge" timems="0.712" contextid="846" timestamp="2019-07-02T18:59:50.899">
  <scavenger-info tenureage="3" tenuremask="6008" tiltratio="76" />
  <memory-copied type="nursery" objects="13" bytes="33072" bytesdiscarded="45264" />
  <memory-copied type="tenure" objects="4795" bytes="457216" bytesdiscarded="48" />
</gc-op>
<gc-end id="850" type="scavenge" contextid="846" durationms="0.989" usertimems="4.000" systemtimems="0.000" timestamp="2019-07-02T18:59:50.899" activeThreads="4">
  <mem-info id="851" free="3824960" total="9306112" percent="41">
    <mem type="nursery" free="2215424" total="3014656" percent="73">
      <mem type="allocate" free="2215424" total="2293760" percent="96" />
      <mem type="survivor" free="0" total="720896" percent="0" />
    </mem>
    <mem type="tenure" free="1609536" total="6291456" percent="25">
      <mem type="soa" free="1295168" total="5977088" percent="21" />
      <mem type="loa" free="314368" total="314368" percent="100" />
    </mem>
    <remembered-set count="74" />
  </mem-info>
</gc-end>
<cycle-end id="852" type="scavenge" contextid="846" timestamp="2019-07-02T18:59:50.899">
  <attribute name="GC Util" value="18" />
  <attribute name="CPU Util" value="1654597103800" />
  <attribute name="Time Running"value="4799"/>
  <attribute name="Number of cores"value="4"/>
</cycle-end>
<allocation-satisfied id="853" threadId="000000000161F700" bytesRequested="24" />
<af-end id="854" timestamp="2019-07-02T18:59:50.899" threadId="0000000001620088" success="true" from="nursery"/>
<exclusive-end id="855" timestamp="2019-07-02T18:59:50.899" durationms="1.452" />

<exclusive-start id="856" timestamp="2019-07-02T18:59:50.909" intervalms="11.724">
  <response-info timems="0.074" idlems="0.074" threads="0" lastid="000000000161F700" lastname="main" />
</exclusive-start>
<af-start id="857" threadId="0000000001620088" totalBytesRequested="24" timestamp="2019-07-02T18:59:50.909" intervalms="11.731" type="nursery" />
<cycle-start id="858" type="scavenge" contextid="0" timestamp="2019-07-02T18:59:50.909" intervalms="11.734" />
  <attribute name="GC Util" value="18" />
  <attribute name="CPU Util" value="1654597103800" />
  <attribute name="Time Running"value="4799"/>
  <attribute name="Number of cores"value="4"/>
<gc-start id="859" type="scavenge" contextid="858" timestamp="2019-07-02T18:59:50.909">
  <mem-info id="860" free="1609536" total="9306112" percent="17">
    <mem type="nursery" free="0" total="3014656" percent="0">
      <mem type="allocate" free="0" total="2293760" percent="0" />
      <mem type="survivor" free="0" total="720896" percent="0" />
    </mem>
    <mem type="tenure" free="1609536" total="6291456" percent="25">
      <mem type="soa" free="1295168" total="5977088" percent="21" />
      <mem type="loa" free="314368" total="314368" percent="100" />
    </mem>
    <remembered-set count="74" />
  </mem-info>
</gc-start>
<allocation-stats totalBytes="2215248" >
  <allocated-bytes non-tlh="24" tlh="2215224" />
  <largest-consumer threadName="main" threadId="000000000161F700" bytes="2215248" />
</allocation-stats>
<gc-op id="861" type="scavenge" timems="0.435" contextid="858" timestamp="2019-07-02T18:59:50.910">
  <scavenger-info tenureage="3" tenuremask="ffe8" tiltratio="76" />
  <memory-copied type="nursery" objects="13" bytes="33072" bytesdiscarded="45264" />
</gc-op>
<gc-end id="862" type="scavenge" contextid="858" durationms="0.723" usertimems="0.000" systemtimems="0.000" timestamp="2019-07-02T18:59:50.910" activeThreads="4">
  <mem-info id="863" free="3956032" total="9306112" percent="42">
    <mem type="nursery" free="2346496" total="3014656" percent="77">
      <mem type="allocate" free="2346496" total="2424832" percent="96" />
      <mem type="survivor" free="0" total="589824" percent="0" />
    </mem>
    <mem type="tenure" free="1609536" total="6291456" percent="25">
      <mem type="soa" free="1295168" total="5977088" percent="21" />
      <mem type="loa" free="314368" total="314368" percent="100" />
    </mem>
    <remembered-set count="74" />
  </mem-info>
</gc-end>
<cycle-end id="864" type="scavenge" contextid="858" timestamp="2019-07-02T18:59:50.910">
  <attribute name="GC Util" value="12" />
  <attribute name="CPU Util" value="1564078424147" />
  <attribute name="Time Running"value="4811"/>
  <attribute name="Number of cores"value="4"/>
</cycle-end>
<allocation-satisfied id="865" threadId="000000000161F700" bytesRequested="24" />
<af-end id="866" timestamp="2019-07-02T18:59:50.910" threadId="0000000001620088" success="true" from="nursery"/>
<exclusive-end id="867" timestamp="2019-07-02T18:59:50.910" durationms="1.239" />

<exclusive-start id="868" timestamp="2019-07-02T18:59:50.921" intervalms="11.796">
  <response-info timems="0.084" idlems="0.084" threads="0" lastid="000000000161F700" lastname="main" />
</exclusive-start>
<af-start id="869" threadId="0000000001620088" totalBytesRequested="32784" timestamp="2019-07-02T18:59:50.921" intervalms="11.799" type="nursery" />
<cycle-start id="870" type="scavenge" contextid="0" timestamp="2019-07-02T18:59:50.921" intervalms="11.803" />
  <attribute name="GC Util" value="12" />
  <attribute name="CPU Util" value="1564078424147" />
  <attribute name="Time Running"value="4811"/>
  <attribute name="Number of cores"value="4"/>
<gc-start id="871" type="scavenge" contextid="870" timestamp="2019-07-02T18:59:50.921">
  <mem-info id="872" free="1609536" total="9306112" percent="17">
    <mem type="nursery" free="0" total="3014656" percent="0">
      <mem type="allocate" free="0" total="2424832" percent="0" />
      <mem type="survivor" free="0" total="589824" percent="0" />
    </mem>
    <mem type="tenure" free="1609536" total="6291456" percent="25">
      <mem type="soa" free="1295168" total="5977088" percent="21" />
      <mem type="loa" free="314368" total="314368" percent="100" />
    </mem>
    <remembered-set count="74" />
  </mem-info>
</gc-start>
<allocation-stats totalBytes="2330960" >
  <allocated-bytes non-tlh="24" tlh="2330936" />
  <largest-consumer threadName="main" threadId="000000000161F700" bytes="2330960" />
</allocation-stats>
<gc-op id="873" type="scavenge" timems="0.349" contextid="870" timestamp="2019-07-02T18:59:50.922">
  <scavenger-info tenureage="3" tenuremask="fff8" tiltratio="80" />
  <memory-copied type="nursery" objects="18" bytes="65928" bytesdiscarded="6024" />
</gc-op>
<gc-end id="874" type="scavenge" contextid="870" durationms="0.675" usertimems="0.000" systemtimems="0.000" timestamp="2019-07-02T18:59:50.922" activeThreads="4">
  <mem-info id="875" free="4027952" total="9306112" percent="43">
    <mem type="nursery" free="2418416" total="3014656" percent="80">
      <mem type="allocate" free="2418416" total="2490368" percent="97" />
      <mem type="survivor" free="0" total="524288" percent="0" />
    </mem>
    <mem type="tenure" free="1609536" total="6291456" percent="25">
      <mem type="soa" free="1295168" total="5977088" percent="21" />
      <mem type="loa" free="314368" total="314368" percent="100" />
    </mem>
    <remembered-set count="74" />
  </mem-info>
</gc-end>
<cycle-end id="876" type="scavenge" contextid="870" timestamp="2019-07-02T18:59:50.922">
  <attribute name="GC Util" value="8" />
  <attribute name="CPU Util" value="1562421150501" />
  <attribute name="Time Running"value="4822"/>
  <attribute name="Number of cores"value="4"/>
</cycle-end>
<allocation-satisfied id="877" threadId="000000000161F700" bytesRequested="32784" />
<af-end id="878" timestamp="2019-07-02T18:59:50.922" threadId="0000000001620088" success="true" from="nursery"/>
<exclusive-end id="879" timestamp="2019-07-02T18:59:50.922" durationms="1.270" />

<exclusive-start id="880" timestamp="2019-07-02T18:59:50.933" intervalms="12.336">
  <response-info timems="0.083" idlems="0.083" threads="0" lastid="000000000161F700" lastname="main" />
</exclusive-start>
<af-start id="881" threadId="0000000001620088" totalBytesRequested="24" timestamp="2019-07-02T18:59:50.933" intervalms="12.334" type="nursery" />
<cycle-start id="882" type="scavenge" contextid="0" timestamp="2019-07-02T18:59:50.934" intervalms="12.365" />
  <attribute name="GC Util" value="8" />
  <attribute name="CPU Util" value="1562421150501" />
  <attribute name="Time Running"value="4822"/>
  <attribute name="Number of cores"value="4"/>
<gc-start id="883" type="scavenge" contextid="882" timestamp="2019-07-02T18:59:50.934">
  <mem-info id="884" free="1609536" total="9306112" percent="17">
    <mem type="nursery" free="0" total="3014656" percent="0">
      <mem type="allocate" free="0" total="2490368" percent="0" />
      <mem type="survivor" free="0" total="524288" percent="0" />
    </mem>
    <mem type="tenure" free="1609536" total="6291456" percent="25">
      <mem type="soa" free="1295168" total="5977088" percent="21" />
      <mem type="loa" free="314368" total="314368" percent="100" />
    </mem>
    <remembered-set count="74" />
  </mem-info>
</gc-start>
<allocation-stats totalBytes="2417528" >
  <allocated-bytes non-tlh="32784" tlh="2384744" />
  <largest-consumer threadName="main" threadId="000000000161F700" bytes="2417528" />
</allocation-stats>
<gc-op id="885" type="scavenge" timems="0.344" contextid="882" timestamp="2019-07-02T18:59:50.934">
  <scavenger-info tenureage="3" tenuremask="fff8" tiltratio="82" />
  <memory-copied type="nursery" objects="13" bytes="33072" bytesdiscarded="6096" />
</gc-op>
<gc-end id="886" type="scavenge" contextid="882" durationms="0.666" usertimems="4.000" systemtimems="0.000" timestamp="2019-07-02T18:59:50.934" activeThreads="4">
  <mem-info id="887" free="4191808" total="9306112" percent="45">
    <mem type="nursery" free="2582272" total="3014656" percent="85">
      <mem type="allocate" free="2582272" total="2621440" percent="98" />
      <mem type="survivor" free="0" total="393216" percent="0" />
    </mem>
    <mem type="tenure" free="1609536" total="6291456" percent="25">
      <mem type="soa" free="1295168" total="5977088" percent="21" />
      <mem type="loa" free="314368" total="314368" percent="100" />
    </mem>
    <remembered-set count="74" />
  </mem-info>
</gc-end>
<cycle-end id="888" type="scavenge" contextid="882" timestamp="2019-07-02T18:59:50.934">
  <attribute name="GC Util" value="8" />
  <attribute name="CPU Util" value="1490110749096" />
  <attribute name="Time Running"value="4835"/>
  <attribute name="Number of cores"value="4"/>
</cycle-end>
<allocation-satisfied id="889" threadId="000000000161F700" bytesRequested="24" />
<af-end id="890" timestamp="2019-07-02T18:59:50.934" threadId="0000000001620088" success="true" from="nursery"/>
<exclusive-end id="891" timestamp="2019-07-02T18:59:50.935" durationms="1.221" />

<exclusive-start id="892" timestamp="2019-07-02T18:59:50.946" intervalms="12.837">
  <response-info timems="0.070" idlems="0.070" threads="0" lastid="000000000161F700" lastname="main" />
</exclusive-start>
<af-start id="893" threadId="0000000001620088" totalBytesRequested="24" timestamp="2019-07-02T18:59:50.946" intervalms="12.837" type="nursery" />
<cycle-start id="894" type="scavenge" contextid="0" timestamp="2019-07-02T18:59:50.946" intervalms="12.805" />
  <attribute name="GC Util" value="8" />
  <attribute name="CPU Util" value="1490110749096" />
  <attribute name="Time Running"value="4835"/>
  <attribute name="Number of cores"value="4"/>
<gc-start id="895" type="scavenge" contextid="894" timestamp="2019-07-02T18:59:50.946">
  <mem-info id="896" free="1609536" total="9306112" percent="17">
    <mem type="nursery" free="0" total="3014656" percent="0">
      <mem type="allocate" free="0" total="2621440" percent="0" />
      <mem type="survivor" free="0" total="393216" percent="0" />
    </mem>
    <mem type="tenure" free="1609536" total="6291456" percent="25">
      <mem type="soa" free="1295168" total="5977088" percent="21" />
      <mem type="loa" free="314368" total="314368" percent="100" />
    </mem>
    <remembered-set count="74" />
  </mem-info>
</gc-start>
<allocation-stats totalBytes="2582056" >
  <allocated-bytes non-tlh="24" tlh="2582032" />
  <largest-consumer threadName="main" threadId="000000000161F700" bytes="2582056" />
</allocation-stats>
<gc-op id="897" type="scavenge" timems="0.171" contextid="894" timestamp="2019-07-02T18:59:50.947">
  <scavenger-info tenureage="3" tenuremask="fff8" tiltratio="86" />
  <memory-copied type="nursery" objects="13" bytes="33072" bytesdiscarded="6096" />
</gc-op>
<gc-end id="898" type="scavenge" contextid="894" durationms="0.452" usertimems="0.000" systemtimems="0.000" timestamp="2019-07-02T18:59:50.947" activeThreads="4">
  <mem-info id="899" free="4257344" total="9306112" percent="45">
    <mem type="nursery" free="2647808" total="3014656" percent="87">
      <mem type="allocate" free="2647808" total="2686976" percent="98" />
      <mem type="survivor" free="0" total="327680" percent="0" />
    </mem>
    <mem type="tenure" free="1609536" total="6291456" percent="25">
      <mem type="soa" free="1295168" total="5977088" percent="21" />
      <mem type="loa" free="314368" total="314368" percent="100" />
    </mem>
    <remembered-set count="74" />
  </mem-info>
</gc-end>
<cycle-end id="900" type="scavenge" contextid="894" timestamp="2019-07-02T18:59:50.947">
  <attribute name="GC Util" value="7" />
  <attribute name="CPU Util" value="1443930882777" />
  <attribute name="Time Running"value="4847"/>
  <attribute name="Number of cores"value="4"/>
</cycle-end>
<allocation-satisfied id="901" threadId="000000000161F700" bytesRequested="24" />
<af-end id="902" timestamp="2019-07-02T18:59:50.947" threadId="0000000001620088" success="true" from="nursery"/>
<exclusive-end id="903" timestamp="2019-07-02T18:59:50.947" durationms="0.978" />

<exclusive-start id="904" timestamp="2019-07-02T18:59:50.959" intervalms="12.910">
  <response-info timems="0.079" idlems="0.079" threads="0" lastid="000000000161F700" lastname="main" />
</exclusive-start>
<af-start id="905" threadId="0000000001620088" totalBytesRequested="24" timestamp="2019-07-02T18:59:50.959" intervalms="12.987" type="nursery" />
<cycle-start id="906" type="scavenge" contextid="0" timestamp="2019-07-02T18:59:50.959" intervalms="13.058" />
  <attribute name="GC Util" value="7" />
  <attribute name="CPU Util" value="1443930882777" />
  <attribute name="Time Running"value="4847"/>
  <attribute name="Number of cores"value="4"/>
<gc-start id="907" type="scavenge" contextid="906" timestamp="2019-07-02T18:59:50.959">
  <mem-info id="908" free="1609536" total="9306112" percent="17">
    <mem type="nursery" free="0" total="3014656" percent="0">
      <mem type="allocate" free="0" total="2686976" percent="0" />
      <mem type="survivor" free="0" total="327680" percent="0" />
    </mem>
    <mem type="tenure" free="1609536" total="6291456" percent="25">
      <mem type="soa" free="1295168" total="5977088" percent="21" />
      <mem type="loa" free="314368" total="314368" percent="100" />
    </mem>
    <remembered-set count="74" />
  </mem-info>
</gc-start>
<allocation-stats totalBytes="2647576" >
  <allocated-bytes non-tlh="24" tlh="2647552" />
  <largest-consumer threadName="main" threadId="000000000161F700" bytes="2647576" />
</allocation-stats>
<gc-op id="909" type="scavenge" timems="0.358" contextid="906" timestamp="2019-07-02T18:59:50.960">
  <scavenger-info tenureage="3" tenuremask="fff8" tiltratio="89" />
  <memory-copied type="nursery" objects="13" bytes="33072" bytesdiscarded="6096" />
</gc-op>
<gc-end id="910" type="scavenge" contextid="906" durationms="0.671" usertimems="0.000" systemtimems="0.000" timestamp="2019-07-02T18:59:50.960" activeThreads="4">
  <mem-info id="911" free="4257344" total="9306112" percent="45">
    <mem type="nursery" free="2647808" total="3014656" percent="87">
      <mem type="allocate" free="2647808" total="2686976" percent="98" />
      <mem type="survivor" free="0" total="327680" percent="0" />
    </mem>
    <mem type="tenure" free="1609536" total="6291456" percent="25">
      <mem type="soa" free="1295168" total="5977088" percent="21" />
      <mem type="loa" free="314368" total="314368" percent="100" />
    </mem>
    <remembered-set count="74" />
  </mem-info>
</gc-end>
<cycle-end id="912" type="scavenge" contextid="906" timestamp="2019-07-02T18:59:50.960">
  <attribute name="GC Util" value="3" />
  <attribute name="CPU Util" value="1413966929577" />
  <attribute name="Time Running"value="4861"/>
  <attribute name="Number of cores"value="4"/>
</cycle-end>
<allocation-satisfied id="913" threadId="000000000161F700" bytesRequested="24" />
<af-end id="914" timestamp="2019-07-02T18:59:50.960" threadId="0000000001620088" success="true" from="nursery"/>
<exclusive-end id="915" timestamp="2019-07-02T18:59:50.960" durationms="1.307" />

<exclusive-start id="916" timestamp="2019-07-02T18:59:50.972" intervalms="13.396">
  <response-info timems="0.050" idlems="0.050" threads="0" lastid="000000000161F700" lastname="main" />
</exclusive-start>
<af-start id="917" threadId="0000000001620088" totalBytesRequested="24" timestamp="2019-07-02T18:59:50.973" intervalms="13.347" type="nursery" />
<cycle-start id="918" type="scavenge" contextid="0" timestamp="2019-07-02T18:59:50.973" intervalms="13.271" />
  <attribute name="GC Util" value="3" />
  <attribute name="CPU Util" value="1413966929577" />
  <attribute name="Time Running"value="4861"/>
  <attribute name="Number of cores"value="4"/>
<gc-start id="919" type="scavenge" contextid="918" timestamp="2019-07-02T18:59:50.973">
  <mem-info id="920" free="1609536" total="9306112" percent="17">
    <mem type="nursery" free="0" total="3014656" percent="0">
      <mem type="allocate" free="0" total="2686976" percent="0" />
      <mem type="survivor" free="0" total="327680" percent="0" />
    </mem>
    <mem type="tenure" free="1609536" total="6291456" percent="25">
      <mem type="soa" free="1295168" total="5977088" percent="21" />
      <mem type="loa" free="314368" total="314368" percent="100" />
    </mem>
    <remembered-set count="74" />
  </mem-info>
</gc-start>
<allocation-stats totalBytes="2647600" >
  <allocated-bytes non-tlh="24" tlh="2647576" />
  <largest-consumer threadName="main" threadId="000000000161F700" bytes="2647600" />
</allocation-stats>
<gc-op id="921" type="scavenge" timems="0.180" contextid="918" timestamp="2019-07-02T18:59:50.973">
  <scavenger-info tenureage="3" tenuremask="fff8" tiltratio="89" />
  <memory-copied type="nursery" objects="13" bytes="33072" bytesdiscarded="6096" />
</gc-op>
<gc-end id="922" type="scavenge" contextid="918" durationms="0.496" usertimems="0.000" systemtimems="0.000" timestamp="2019-07-02T18:59:50.973" activeThreads="4">
  <mem-info id="923" free="4257344" total="9306112" percent="45">
    <mem type="nursery" free="2647808" total="3014656" percent="87">
      <mem type="allocate" free="2647808" total="2686976" percent="98" />
      <mem type="survivor" free="0" total="327680" percent="0" />
    </mem>
    <mem type="tenure" free="1609536" total="6291456" percent="25">
      <mem type="soa" free="1295168" total="5977088" percent="21" />
      <mem type="loa" free="314368" total="314368" percent="100" />
    </mem>
    <remembered-set count="74" />
  </mem-info>
</gc-end>
<cycle-end id="924" type="scavenge" contextid="918" timestamp="2019-07-02T18:59:50.973">
  <attribute name="GC Util" value="7" />
  <attribute name="CPU Util" value="1386744164298" />
  <attribute name="Time Running"value="4874"/>
  <attribute name="Number of cores"value="4"/>
</cycle-end>
<allocation-satisfied id="925" threadId="000000000161F700" bytesRequested="24" />
<af-end id="926" timestamp="2019-07-02T18:59:50.973" threadId="0000000001620088" success="true" from="nursery"/>
<exclusive-end id="927" timestamp="2019-07-02T18:59:50.973" durationms="1.038" />

<exclusive-start id="928" timestamp="2019-07-02T18:59:50.985" intervalms="13.016">
  <response-info timems="0.081" idlems="0.081" threads="0" lastid="000000000161F700" lastname="main" />
</exclusive-start>
<af-start id="929" threadId="0000000001620088" totalBytesRequested="24" timestamp="2019-07-02T18:59:50.986" intervalms="12.974" type="nursery" />
<cycle-start id="930" type="scavenge" contextid="0" timestamp="2019-07-02T18:59:50.986" intervalms="13.006" />
  <attribute name="GC Util" value="7" />
  <attribute name="CPU Util" value="1386744164298" />
  <attribute name="Time Running"value="4874"/>
  <attribute name="Number of cores"value="4"/>
<gc-start id="931" type="scavenge" contextid="930" timestamp="2019-07-02T18:59:50.986">
  <mem-info id="932" free="1609536" total="9306112" percent="17">
    <mem type="nursery" free="0" total="3014656" percent="0">
      <mem type="allocate" free="0" total="2686976" percent="0" />
      <mem type="survivor" free="0" total="327680" percent="0" />
    </mem>
    <mem type="tenure" free="1609536" total="6291456" percent="25">
      <mem type="soa" free="1295168" total="5977088" percent="21" />
      <mem type="loa" free="314368" total="314368" percent="100" />
    </mem>
    <remembered-set count="74" />
  </mem-info>
</gc-start>
<allocation-stats totalBytes="2647600" >
  <allocated-bytes non-tlh="24" tlh="2647576" />
  <largest-consumer threadName="main" threadId="000000000161F700" bytes="2647600" />
</allocation-stats>
<gc-op id="933" type="scavenge" timems="0.648" contextid="930" timestamp="2019-07-02T18:59:50.987">
  <scavenger-info tenureage="3" tenuremask="fff8" tiltratio="89" />
  <memory-copied type="nursery" objects="13" bytes="33072" bytesdiscarded="6096" />
</gc-op>
<gc-end id="934" type="scavenge" contextid="930" durationms="0.958" usertimems="0.000" systemtimems="0.000" timestamp="2019-07-02T18:59:50.987" activeThreads="4">
  <mem-info id="935" free="4257344" total="9306112" percent="45">
    <mem type="nursery" free="2647808" total="3014656" percent="87">
      <mem type="allocate" free="2647808" total="2686976" percent="98" />
      <mem type="survivor" free="0" total="327680" percent="0" />
    </mem>
    <mem type="tenure" free="1609536" total="6291456" percent="25">
      <mem type="soa" free="1295168" total="5977088" percent="21" />
      <mem type="loa" free="314368" total="314368" percent="100" />
    </mem>
    <remembered-set count="74" />
  </mem-info>
</gc-end>
<cycle-end id="936" type="scavenge" contextid="930" timestamp="2019-07-02T18:59:50.987">
  <attribute name="GC Util" value="3" />
  <attribute name="CPU Util" value="1420166697875" />
  <attribute name="Time Running"value="4887"/>
  <attribute name="Number of cores"value="4"/>
</cycle-end>
<allocation-satisfied id="937" threadId="000000000161F700" bytesRequested="24" />
<af-end id="938" timestamp="2019-07-02T18:59:50.987" threadId="0000000001620088" success="true" from="nursery"/>
<exclusive-end id="939" timestamp="2019-07-02T18:59:50.987" durationms="1.526" />

<exclusive-start id="940" timestamp="2019-07-02T18:59:50.999" intervalms="13.357">
  <response-info timems="0.071" idlems="0.071" threads="0" lastid="000000000161F700" lastname="main" />
</exclusive-start>
<af-start id="941" threadId="0000000001620088" totalBytesRequested="32784" timestamp="2019-07-02T18:59:50.999" intervalms="13.383" type="nursery" />
<cycle-start id="942" type="scavenge" contextid="0" timestamp="2019-07-02T18:59:50.999" intervalms="13.350" />
  <attribute name="GC Util" value="3" />
  <attribute name="CPU Util" value="1420166697875" />
  <attribute name="Time Running"value="4887"/>
  <attribute name="Number of cores"value="4"/>
<gc-start id="943" type="scavenge" contextid="942" timestamp="2019-07-02T18:59:50.999">
  <mem-info id="944" free="1609536" total="9306112" percent="17">
    <mem type="nursery" free="0" total="3014656" percent="0">
      <mem type="allocate" free="0" total="2686976" percent="0" />
      <mem type="survivor" free="0" total="327680" percent="0" />
    </mem>
    <mem type="tenure" free="1609536" total="6291456" percent="25">
      <mem type="soa" free="1295168" total="5977088" percent="21" />
      <mem type="loa" free="314368" total="314368" percent="100" />
    </mem>
    <remembered-set count="74" />
  </mem-info>
</gc-start>
<allocation-stats totalBytes="2596256" >
  <allocated-bytes non-tlh="24" tlh="2596232" />
  <largest-consumer threadName="main" threadId="000000000161F700" bytes="2596256" />
</allocation-stats>
<gc-op id="945" type="scavenge" timems="0.482" contextid="942" timestamp="2019-07-02T18:59:51.000">
  <scavenger-info tenureage="3" tenuremask="fff8" tiltratio="89" />
  <memory-copied type="nursery" objects="18" bytes="65928" bytesdiscarded="45192" />
</gc-op>
<gc-end id="946" type="scavenge" contextid="942" durationms="0.780" usertimems="0.000" systemtimems="0.000" timestamp="2019-07-02T18:59:51.000" activeThreads="4">
  <mem-info id="947" free="4185392" total="9306112" percent="44">
    <mem type="nursery" free="2575856" total="3014656" percent="85">
      <mem type="allocate" free="2575856" total="2686976" percent="95" />
      <mem type="survivor" free="0" total="327680" percent="0" />
    </mem>
    <mem type="tenure" free="1609536" total="6291456" percent="25">
      <mem type="soa" free="1295168" total="5977088" percent="21" />
      <mem type="loa" free="314368" total="314368" percent="100" />
    </mem>
    <remembered-set count="74" />
  </mem-info>
</gc-end>
<cycle-end id="948" type="scavenge" contextid="942" timestamp="2019-07-02T18:59:51.000">
  <attribute name="GC Util" value="10" />
  <attribute name="CPU Util" value="1380217849681" />
  <attribute name="Time Running"value="4900"/>
  <attribute name="Number of cores"value="4"/>
</cycle-end>
<allocation-satisfied id="949" threadId="000000000161F700" bytesRequested="32784" />
<af-end id="950" timestamp="2019-07-02T18:59:51.000" threadId="0000000001620088" success="true" from="nursery"/>
<exclusive-end id="951" timestamp="2019-07-02T18:59:51.000" durationms="1.353" />

<exclusive-start id="952" timestamp="2019-07-02T18:59:51.012" intervalms="13.050">
  <response-info timems="0.079" idlems="0.079" threads="0" lastid="000000000161F700" lastname="main" />
</exclusive-start>
<af-start id="953" threadId="0000000001620088" totalBytesRequested="24" timestamp="2019-07-02T18:59:51.012" intervalms="13.042" type="nursery" />
<cycle-start id="954" type="scavenge" contextid="0" timestamp="2019-07-02T18:59:51.012" intervalms="13.042" />
  <attribute name="GC Util" value="10" />
  <attribute name="CPU Util" value="1380217849681" />
  <attribute name="Time Running"value="4900"/>
  <attribute name="Number of cores"value="4"/>
<gc-start id="955" type="scavenge" contextid="954" timestamp="2019-07-02T18:59:51.012">
  <mem-info id="956" free="1609536" total="9306112" percent="17">
    <mem type="nursery" free="0" total="3014656" percent="0">
      <mem type="allocate" free="0" total="2686976" percent="0" />
      <mem type="survivor" free="0" total="327680" percent="0" />
    </mem>
    <mem type="tenure" free="1609536" total="6291456" percent="25">
      <mem type="soa" free="1295168" total="5977088" percent="21" />
      <mem type="loa" free="314368" total="314368" percent="100" />
    </mem>
    <remembered-set count="74" />
  </mem-info>
</gc-start>
<allocation-stats totalBytes="2574944" >
  <allocated-bytes non-tlh="32784" tlh="2542160" />
  <largest-consumer threadName="main" threadId="000000000161F700" bytes="2574944" />
</allocation-stats>
<gc-op id="957" type="scavenge" timems="0.483" contextid="954" timestamp="2019-07-02T18:59:51.013">
  <scavenger-info tenureage="3" tenuremask="fff8" tiltratio="89" />
  <memory-copied type="nursery" objects="14" bytes="33096" bytesdiscarded="6072" />
</gc-op>
<gc-end id="958" type="scavenge" contextid="954" durationms="0.721" usertimems="0.000" systemtimems="0.000" timestamp="2019-07-02T18:59:51.013" activeThreads="4">
  <mem-info id="959" free="4257344" total="9306112" percent="45">
    <mem type="nursery" free="2647808" total="3014656" percent="87">
      <mem type="allocate" free="2647808" total="2686976" percent="98" />
      <mem type="survivor" free="0" total="327680" percent="0" />
    </mem>
    <mem type="tenure" free="1609536" total="6291456" percent="25">
      <mem type="soa" free="1295168" total="5977088" percent="21" />
      <mem type="loa" free="314368" total="314368" percent="100" />
    </mem>
    <remembered-set count="74" />
  </mem-info>
</gc-end>
<cycle-end id="960" type="scavenge" contextid="954" timestamp="2019-07-02T18:59:51.013">
  <attribute name="GC Util" value="8" />
  <attribute name="CPU Util" value="1420470167117" />
  <attribute name="Time Running"value="4913"/>
  <attribute name="Number of cores"value="4"/>
</cycle-end>
<allocation-satisfied id="961" threadId="000000000161F700" bytesRequested="24" />
<af-end id="962" timestamp="2019-07-02T18:59:51.013" threadId="0000000001620088" success="true" from="nursery"/>
<exclusive-end id="963" timestamp="2019-07-02T18:59:51.013" durationms="1.213" />

<exclusive-start id="964" timestamp="2019-07-02T18:59:51.025" intervalms="13.390">
  <response-info timems="0.056" idlems="0.056" threads="0" lastid="000000000161F700" lastname="main" />
</exclusive-start>
<af-start id="965" threadId="0000000001620088" totalBytesRequested="24" timestamp="2019-07-02T18:59:51.025" intervalms="13.390" type="nursery" />
<cycle-start id="966" type="scavenge" contextid="0" timestamp="2019-07-02T18:59:51.025" intervalms="13.393" />
  <attribute name="GC Util" value="8" />
  <attribute name="CPU Util" value="1420470167117" />
  <attribute name="Time Running"value="4913"/>
  <attribute name="Number of cores"value="4"/>
<gc-start id="967" type="scavenge" contextid="966" timestamp="2019-07-02T18:59:51.026">
  <mem-info id="968" free="1609536" total="9306112" percent="17">
    <mem type="nursery" free="0" total="3014656" percent="0">
      <mem type="allocate" free="0" total="2686976" percent="0" />
      <mem type="survivor" free="0" total="327680" percent="0" />
    </mem>
    <mem type="tenure" free="1609536" total="6291456" percent="25">
      <mem type="soa" free="1295168" total="5977088" percent="21" />
      <mem type="loa" free="314368" total="314368" percent="100" />
    </mem>
    <remembered-set count="74" />
  </mem-info>
</gc-start>
<allocation-stats totalBytes="2647600" >
  <allocated-bytes non-tlh="24" tlh="2647576" />
  <largest-consumer threadName="main" threadId="000000000161F700" bytes="2647600" />
</allocation-stats>
<gc-op id="969" type="scavenge" timems="0.337" contextid="966" timestamp="2019-07-02T18:59:51.026">
  <scavenger-info tenureage="3" tenuremask="fff8" tiltratio="89" />
  <memory-copied type="nursery" objects="14" bytes="33096" bytesdiscarded="6072" />
</gc-op>
<gc-end id="970" type="scavenge" contextid="966" durationms="0.578" usertimems="0.000" systemtimems="0.000" timestamp="2019-07-02T18:59:51.026" activeThreads="4">
  <mem-info id="971" free="4257344" total="9306112" percent="45">
    <mem type="nursery" free="2647808" total="3014656" percent="87">
      <mem type="allocate" free="2647808" total="2686976" percent="98" />
      <mem type="survivor" free="0" total="327680" percent="0" />
    </mem>
    <mem type="tenure" free="1609536" total="6291456" percent="25">
      <mem type="soa" free="1295168" total="5977088" percent="21" />
      <mem type="loa" free="314368" total="314368" percent="100" />
    </mem>
    <remembered-set count="74" />
  </mem-info>
</gc-end>
<cycle-end id="972" type="scavenge" contextid="966" timestamp="2019-07-02T18:59:51.026">
  <attribute name="GC Util" value="9" />
  <attribute name="CPU Util" value="1377537725818" />
  <attribute name="Time Running"value="4927"/>
  <attribute name="Number of cores"value="4"/>
</cycle-end>
<allocation-satisfied id="973" threadId="000000000161F700" bytesRequested="24" />
<af-end id="974" timestamp="2019-07-02T18:59:51.026" threadId="0000000001620088" success="true" from="nursery"/>
<exclusive-end id="975" timestamp="2019-07-02T18:59:51.026" durationms="1.042" />

<exclusive-start id="976" timestamp="2019-07-02T18:59:51.038" intervalms="13.229">
  <response-info timems="0.062" idlems="0.062" threads="0" lastid="000000000161F700" lastname="main" />
</exclusive-start>
<af-start id="977" threadId="0000000001620088" totalBytesRequested="24" timestamp="2019-07-02T18:59:51.039" intervalms="13.225" type="nursery" />
<cycle-start id="978" type="scavenge" contextid="0" timestamp="2019-07-02T18:59:51.039" intervalms="13.225" />
  <attribute name="GC Util" value="9" />
  <attribute name="CPU Util" value="1377537725818" />
  <attribute name="Time Running"value="4927"/>
  <attribute name="Number of cores"value="4"/>
<gc-start id="979" type="scavenge" contextid="978" timestamp="2019-07-02T18:59:51.039">
  <mem-info id="980" free="1609536" total="9306112" percent="17">
    <mem type="nursery" free="0" total="3014656" percent="0">
      <mem type="allocate" free="0" total="2686976" percent="0" />
      <mem type="survivor" free="0" total="327680" percent="0" />
    </mem>
    <mem type="tenure" free="1609536" total="6291456" percent="25">
      <mem type="soa" free="1295168" total="5977088" percent="21" />
      <mem type="loa" free="314368" total="314368" percent="100" />
    </mem>
    <remembered-set count="74" />
  </mem-info>
</gc-start>
<allocation-stats totalBytes="2647576" >
  <allocated-bytes non-tlh="24" tlh="2647552" />
  <largest-consumer threadName="main" threadId="000000000161F700" bytes="2647576" />
</allocation-stats>
<gc-op id="981" type="scavenge" timems="0.360" contextid="978" timestamp="2019-07-02T18:59:51.039">
  <scavenger-info tenureage="3" tenuremask="fff8" tiltratio="89" />
  <memory-copied type="nursery" objects="14" bytes="33096" bytesdiscarded="6072" />
</gc-op>
<gc-end id="982" type="scavenge" contextid="978" durationms="0.593" usertimems="4.000" systemtimems="0.000" timestamp="2019-07-02T18:59:51.039" activeThreads="4">
  <mem-info id="983" free="4257344" total="9306112" percent="45">
    <mem type="nursery" free="2647808" total="3014656" percent="87">
      <mem type="allocate" free="2647808" total="2686976" percent="98" />
      <mem type="survivor" free="0" total="327680" percent="0" />
    </mem>
    <mem type="tenure" free="1609536" total="6291456" percent="25">
      <mem type="soa" free="1295168" total="5977088" percent="21" />
      <mem type="loa" free="314368" total="314368" percent="100" />
    </mem>
    <remembered-set count="74" />
  </mem-info>
</gc-end>
<cycle-end id="984" type="scavenge" contextid="978" timestamp="2019-07-02T18:59:51.039">
  <attribute name="GC Util" value="6" />
  <attribute name="CPU Util" value="1396031382087" />
  <attribute name="Time Running"value="4940"/>
  <attribute name="Number of cores"value="4"/>
</cycle-end>
<allocation-satisfied id="985" threadId="000000000161F700" bytesRequested="24" />
<af-end id="986" timestamp="2019-07-02T18:59:51.039" threadId="0000000001620088" success="true" from="nursery"/>
<exclusive-end id="987" timestamp="2019-07-02T18:59:51.040" durationms="1.048" />

</verbosegc>

