<?xml version="1.0" ?>

<verbosegc xmlns="http://www.ibm.com/j9/verbosegc" version="10b4217_CMPRSS">

<initialized id="1" timestamp="2019-06-15T06:12:58.895">
  <attribute name="gcPolicy" value="-Xgcpolicy:optavgpause" />
  <attribute name="elasticGC enabled" value="1" />
  <attribute name= "numThreadsSpecified" value="0" />
  <attribute name="heapSize specified" value="0" />
  <attribute name="Current GC Util" value="0" />
  <attribute name= "Current Time Running" value="0" />
  <attribute name ="GC Interval" value="0" />
  <attribute name="ProportionalT" value="0.000000" />
  <attribute name="ProportionalI" value="0.000000" />
  <attribute name="ProportionalH" value="0.000000" />
  <attribute name="IntegralT" value="0.000000" />
  <attribute name="IntegralI" value="0.000000" />
  <attribute name="IntegralH" value="0.000000" />
  <attribute name="DerivativeT" value="0.000000" />
  <attribute name="DerivativeI" value="0.000000" />
  <attribute name="DerivativeH" value="0.000000" />
  <attribute name="Target GC Util Change" value ="0.000000" />
  <attribute name="Current GC Util Change" value="0.000000"/>
  <attribute name="Current Error" value="0.000000" />
  <attribute name="Loop Time for DT" value="0.000000" />
  <attribute name="Output H" value="0"/>
  <attribute name="Output I" value="0"/>
  <attribute name="Output T" value="0"/>
  <attribute name="GC Util currently" value="0" />
  <attribute name="CPU Util currently" value="0" />
  <attribute name="maxHeapSize" value="0x7cbc0000" />
  <attribute name="initialHeapSize" value="0x800000" />
  <attribute name="compressedRefs" value="true" />
  <attribute name="compressedRefsDisplacement" value="0x0" />
  <attribute name="compressedRefsShift" value="0x0" />
  <attribute name="pageSize" value="0x1000" />
  <attribute name="pageType" value="not used" />
  <attribute name="requestedPageSize" value="0x1000" />
  <attribute name="requestedPageType" value="not used" />
  <attribute name="gcthreads" value="4" />
  <attribute name="packetListSplit" value="4" />
  <attribute name="cacheListSplit" value="4" />
  <attribute name="splitFreeListSplitAmount" value="1" />
  <attribute name="numaNodes" value="0" />
  <system>
    <attribute name="physicalMemory" value="8370958336" />
    <attribute name="numCPUs" value="4" />
    <attribute name="architecture" value="amd64" />
    <attribute name="os" value="Linux" />
    <attribute name="osVersion" value="4.4.0-150-generic" />
  </system>
  <vmargs>
    <vmarg name="-Xoptionsfile=/vagrant/jdk/lib/options.default" />
    <vmarg name="-Xlockword:mode=default,noLockword=java/lang/String,noLockword=java/util/MapEntry,noLockword=java/util/HashMap$Entry,noLockword..." />
    <vmarg name="-Xjcl:jclse29" />
    <vmarg name="-Dcom.ibm.oti.vm.bootstrap.library.path=/vagrant/jdk/lib/compressedrefs:/vagrant/jdk/lib" />
    <vmarg name="-Dsun.boot.library.path=/vagrant/jdk/lib/compressedrefs:/vagrant/jdk/lib" />
    <vmarg name="-Djava.library.path=/vagrant/jdk/lib/compressedrefs:/vagrant/jdk/lib:/usr/lib64:/usr/lib" />
    <vmarg name="-Djava.home=/vagrant/jdk" />
    <vmarg name="-Duser.dir=/vagrant" />
    <vmarg name="-Xgcpolicy:optavgpause" />
    <vmarg name="-Xgcelastic" />
    <vmarg name="-Xcheck:gc:::elasticGC" />
    <vmarg name="-verbose:gc" />
    <vmarg name="-Xloggc:jdk0.5-1-1-large-OAP-4CORE-elasticverbose12pmd.txt" />
    <vmarg name="-Djava.class.path=dacapo-9.12-MR1-bach.jar" />
    <vmarg name="-Dsun.java.command=dacapo-9.12-MR1-bach.jar pmd --size=large" />
    <vmarg name="-Dsun.java.launcher=SUN_STANDARD" />
    <vmarg name="-Dsun.java.launcher.pid=31980" />
  </vmargs>
</initialized>

<exclusive-start id="2" timestamp="2019-06-15T06:13:16.328" intervalms="17432.935">
  <response-info timems="0.056" idlems="0.056" threads="0" lastid="0000000000F25700" lastname="main" />
</exclusive-start>
<af-start id="3" threadId="0000000000F26088" totalBytesRequested="10336" timestamp="2019-06-15T06:13:16.328" intervalms="17433.354" />
<cycle-start id="4" type="global" contextid="0" timestamp="2019-06-15T06:13:16.329" intervalms="17433.695" />
<gc-start id="5" type="global" contextid="4" timestamp="2019-06-15T06:13:16.329">
  <mem-info id="6" free="418816" total="8388608" percent="4">
    <mem type="tenure" free="418816" total="8388608" percent="4">
      <mem type="soa" free="0" total="7969792" percent="0" />
      <mem type="loa" free="418816" total="418816" percent="100" />
    </mem>
  </mem-info>
</gc-start>
<allocation-stats totalBytes="7951144" >
  <allocated-bytes non-tlh="539056" tlh="7412088" />
  <largest-consumer threadName="main" threadId="0000000000F25700" bytes="7873720" />
</allocation-stats>
<gc-op id="7" type="mark" timems="4.984" contextid="4" timestamp="2019-06-15T06:13:16.334">
  <trace-info objectcount="21653" scancount="17680" scanbytes="558816" />
  <finalization candidates="46" enqueued="1" />
  <ownableSynchronizers candidates="4" cleared="3" />
  <references type="soft" candidates="66" cleared="0" enqueued="0" dynamicThreshold="32" maxThreshold="32" />
  <references type="weak" candidates="911" cleared="529" enqueued="452" />
  <references type="phantom" candidates="125" cleared="44" enqueued="44" />
  <stringconstants candidates="2485" cleared="0"  />
</gc-op>
<gc-op id="8" type="classunload" timems="0.083" contextid="4" timestamp="2019-06-15T06:13:16.334">
  <classunload-info classloadercandidates="6" classloadersunloaded="0" classesunloaded="0" anonymousclassesunloaded="0" quiescems="0.000" setupms="0.083" scanms="0.000" postms="0.000" />
</gc-op>
<gc-op id="9" type="sweep" timems="0.745" contextid="4" timestamp="2019-06-15T06:13:16.335" />
<mem-info id="10" free="6469552" total="8388608" percent="77">
  <mem type="tenure" free="6469552" total="8388608" percent="77" micro-fragmented="470287">
    <mem type="soa" free="6050736" total="7969792" percent="75" />
    <mem type="loa" free="418816" total="418816" percent="100" />
  </mem>
  <pending-finalizers system="1" default="0" reference="496" classloader="0" />
</mem-info>
<gc-op id="11" type="compact" timems="4.406" contextid="4" timestamp="2019-06-15T06:13:16.340">
  <compact-info movecount="21652" movebytes="1397376" reason="compact to aid heap contraction" />
</gc-op>
<heap-resize id="12" type="expand" space="tenure" amount="2084241408" count="1" timems="0.249" reason="satisfy allocation request" timestamp="2019-06-15T06:13:16.340" />
<gc-end id="13" type="global" contextid="4" durationms="11.638" usertimems="12.000" systemtimems="0.000" timestamp="2019-06-15T06:13:16.341" activeThreads="4">
  <mem-info id="14" free="2091167016" total="2092630016" percent="99">
    <mem type="tenure" free="2091167016" total="2092630016" percent="99">
      <mem type="soa" free="1986535720" total="1987998720" percent="99" />
      <mem type="loa" free="104631296" total="104631296" percent="100" />
    </mem>
    <pending-finalizers system="1" default="0" reference="496" classloader="0" />
  </mem-info>
</gc-end>
<cycle-end id="15" type="global" contextid="4" timestamp="2019-06-15T06:13:16.341" />
  <attribute name="elasticGC enabled" value="1" />
  <attribute name= "numThreadsSpecified" value="4" />
  <attribute name="heapSize specified" value="8388608" />
  <attribute name="Current GC Util" value="29" />
  <attribute name= "Current Time Running" value="17246" />
  <attribute name ="GC Interval" value="0" />
  <attribute name="ProportionalT" value="4.500000" />
  <attribute name="ProportionalI" value="4.500000" />
  <attribute name="ProportionalH" value="4.500000" />
  <attribute name="Current Error" value="9.000000" />
  <attribute name="IntegralT" value="-344391.000000" />
  <attribute name="IntegralI" value="-344391.000000" />
  <attribute name="IntegralH" value="-344391.000000" />
  <attribute name="DerivativeT" value="2.250000" />
  <attribute name="DerivativeI" value="2.250000" />
  <attribute name="DerivativeH" value="2.250000" />
  <attribute name="Loop Time for DT" value="4.000000" />
  <attribute name="Output H" value="2092630016"/>
  <attribute name="Output I" value="200"/>
  <attribute name="Output T" value="4"/>
  <attribute name="Target GC Util Change" value ="20.000000" />
  <attribute name="Current GC Util Change" value="29.000000"/>
  <attribute name="GC Util currently" value="29" />
  <attribute name="CPU Util currently" value="21" />
<allocation-satisfied id="16" threadId="0000000000F25700" bytesRequested="10336" />
<af-end id="17" timestamp="2019-06-15T06:13:16.341" threadId="0000000000F26088" success="true" />
<exclusive-end id="18" timestamp="2019-06-15T06:13:16.341" durationms="12.968" />

<exclusive-start id="19" timestamp="2019-06-15T06:13:16.397" intervalms="68.652">
  <response-info timems="0.132" idlems="0.132" threads="0" lastid="0000000000F25700" lastname="main" />
</exclusive-start>
<sys-start reason="explicit" id="20" timestamp="2019-06-15T06:13:16.397" intervalms="17501.711" />
<cycle-start id="21" type="global" contextid="0" timestamp="2019-06-15T06:13:16.397" intervalms="68.095" />
<gc-start id="22" type="global" contextid="21" timestamp="2019-06-15T06:13:16.397">
  <mem-info id="23" free="1914359760" total="2092630016" percent="91">
    <mem type="tenure" free="1914359760" total="2092630016" percent="91">
      <mem type="soa" free="1809728464" total="1987998720" percent="91" />
      <mem type="loa" free="104631296" total="104631296" percent="100" />
    </mem>
  </mem-info>
</gc-start>
<allocation-stats totalBytes="162147352" >
  <allocated-bytes non-tlh="73604440" tlh="88542912" />
  <largest-consumer threadName="main" threadId="0000000000F25700" bytes="162131280" />
</allocation-stats>
<gc-op id="24" type="mark" timems="8.836" contextid="21" timestamp="2019-06-15T06:13:16.410">
  <trace-info objectcount="19075" scancount="15789" scanbytes="518084" />
  <finalization candidates="45" enqueued="0" />
  <ownableSynchronizers candidates="1" cleared="0" />
  <references type="soft" candidates="66" cleared="0" enqueued="0" dynamicThreshold="31" maxThreshold="32" />
  <references type="weak" candidates="382" cleared="0" enqueued="0" />
  <references type="phantom" candidates="80" cleared="0" enqueued="0" />
  <stringconstants candidates="2485" cleared="0"  />
</gc-op>
<gc-op id="25" type="classunload" timems="0.002" contextid="21" timestamp="2019-06-15T06:13:16.410">
  <classunload-info classloadercandidates="6" classloadersunloaded="0" classesunloaded="0" anonymousclassesunloaded="0" quiescems="4.124" setupms="0.001" scanms="0.000" postms="0.001" />
</gc-op>
<gc-op id="26" type="sweep" timems="2.096" contextid="21" timestamp="2019-06-15T06:13:16.412" />
<mem-info id="27" free="2091345824" total="2092630016" percent="99">
  <mem type="tenure" free="2091345824" total="2092630016" percent="99" micro-fragmented="29229">
    <mem type="soa" free="1986714528" total="1987998720" percent="99" />
    <mem type="loa" free="104631296" total="104631296" percent="100" />
  </mem>
</mem-info>
<gc-op id="28" type="compact" timems="11.497" contextid="21" timestamp="2019-06-15T06:13:16.424">
  <compact-info movecount="7972" movebytes="778200" reason="compact to aid heap contraction" />
</gc-op>
<gc-end id="29" type="global" contextid="21" durationms="27.246" usertimems="36.000" systemtimems="4.000" timestamp="2019-06-15T06:13:16.424" activeThreads="4">
  <mem-info id="30" free="2091374056" total="2092630016" percent="99">
    <mem type="tenure" free="2091374056" total="2092630016" percent="99">
      <mem type="soa" free="1986742760" total="1987998720" percent="99" />
      <mem type="loa" free="104631296" total="104631296" percent="100" />
    </mem>
  </mem-info>
</gc-end>
<cycle-end id="31" type="global" contextid="21" timestamp="2019-06-15T06:13:16.424" />
  <attribute name="elasticGC enabled" value="1" />
  <attribute name= "numThreadsSpecified" value="4" />
  <attribute name="heapSize specified" value="2092630016" />
  <attribute name="Current GC Util" value="99" />
  <attribute name= "Current Time Running" value="17330" />
  <attribute name ="GC Interval" value="0" />
  <attribute name="ProportionalT" value="39.500000" />
  <attribute name="ProportionalI" value="39.500000" />
  <attribute name="ProportionalH" value="39.500000" />
  <attribute name="Current Error" value="79.000000" />
  <attribute name="IntegralT" value="869.000000" />
  <attribute name="IntegralI" value="869.000000" />
  <attribute name="IntegralH" value="869.000000" />
  <attribute name="DerivativeT" value="7.090909" />
  <attribute name="DerivativeI" value="7.090909" />
  <attribute name="DerivativeH" value="7.090909" />
  <attribute name="Loop Time for DT" value="11.000000" />
  <attribute name="Output H" value="8388608"/>
  <attribute name="Output I" value="920"/>
  <attribute name="Output T" value="4"/>
  <attribute name="Target GC Util Change" value ="20.000000" />
  <attribute name="Current GC Util Change" value="99.000000"/>
  <attribute name="GC Util currently" value="99" />
  <attribute name="CPU Util currently" value="396777521978" />
<sys-end id="32" timestamp="2019-06-15T06:13:16.424" />
<exclusive-end id="33" timestamp="2019-06-15T06:13:16.424" durationms="27.784" />

</verbosegc>

