<?xml version="1.0" ?>

<verbosegc xmlns="http://www.ibm.com/j9/verbosegc" version="10b4217_CMPRSS">

<initialized id="1" timestamp="2019-06-14T23:15:00.212">
  <attribute name="gcPolicy" value="-Xgcpolicy:gencon" />
  <attribute name="elasticGC enabled" value="1" />
  <attribute name= "numThreadsSpecified" value="0" />
  <attribute name="heapSize specified" value="0" />
  <attribute name="Current GC Util" value="0" />
  <attribute name= "Current Time Running" value="0" />
  <attribute name ="GC Interval" value="0" />
  <attribute name="ProportionalT" value="0.000000" />
  <attribute name="ProportionalI" value="0.000000" />
  <attribute name="ProportionalH" value="0.000000" />
  <attribute name="IntegralT" value="0.000000" />
  <attribute name="IntegralI" value="0.000000" />
  <attribute name="IntegralH" value="0.000000" />
  <attribute name="DerivativeT" value="0.000000" />
  <attribute name="DerivativeI" value="0.000000" />
  <attribute name="DerivativeH" value="0.000000" />
  <attribute name="Target GC Util Change" value ="0.000000" />
  <attribute name="Current GC Util Change" value="0.000000"/>
  <attribute name="Current Error" value="0.000000" />
  <attribute name="Loop Time for DT" value="0.000000" />
  <attribute name="Output H" value="0"/>
  <attribute name="Output I" value="0"/>
  <attribute name="Output T" value="0"/>
  <attribute name="GC Util currently" value="0" />
  <attribute name="CPU Util currently" value="0" />
  <attribute name="maxHeapSize" value="0x7cbc0000" />
  <attribute name="initialHeapSize" value="0x800000" />
  <attribute name="compressedRefs" value="true" />
  <attribute name="compressedRefsDisplacement" value="0x0" />
  <attribute name="compressedRefsShift" value="0x0" />
  <attribute name="pageSize" value="0x1000" />
  <attribute name="pageType" value="not used" />
  <attribute name="requestedPageSize" value="0x1000" />
  <attribute name="requestedPageType" value="not used" />
  <attribute name="gcthreads" value="4" />
  <attribute name="gcthreads Concurrent Mark" value="1" />
  <attribute name="packetListSplit" value="4" />
  <attribute name="cacheListSplit" value="4" />
  <attribute name="splitFreeListSplitAmount" value="1" />
  <attribute name="numaNodes" value="0" />
  <system>
    <attribute name="physicalMemory" value="8370958336" />
    <attribute name="numCPUs" value="4" />
    <attribute name="architecture" value="amd64" />
    <attribute name="os" value="Linux" />
    <attribute name="osVersion" value="4.4.0-150-generic" />
  </system>
  <vmargs>
    <vmarg name="-Xoptionsfile=/vagrant/jdk/lib/options.default" />
    <vmarg name="-Xlockword:mode=default,noLockword=java/lang/String,noLockword=java/util/MapEntry,noLockword=java/util/HashMap$Entry,noLockword..." />
    <vmarg name="-Xjcl:jclse29" />
    <vmarg name="-Dcom.ibm.oti.vm.bootstrap.library.path=/vagrant/jdk/lib/compressedrefs:/vagrant/jdk/lib" />
    <vmarg name="-Dsun.boot.library.path=/vagrant/jdk/lib/compressedrefs:/vagrant/jdk/lib" />
    <vmarg name="-Djava.library.path=/vagrant/jdk/lib/compressedrefs:/vagrant/jdk/lib:/usr/lib64:/usr/lib" />
    <vmarg name="-Djava.home=/vagrant/jdk" />
    <vmarg name="-Duser.dir=/vagrant" />
    <vmarg name="-Xgcpolicy:gencon" />
    <vmarg name="-Xgcelastic" />
    <vmarg name="-Xcheck:gc:::elasticGC" />
    <vmarg name="-verbose:gc" />
    <vmarg name="-Xloggc:jdk0.5-1-1-small-GEN-4CORE-elasticverbose4pmd.txt" />
    <vmarg name="-Djava.class.path=dacapo-9.12-MR1-bach.jar" />
    <vmarg name="-Dsun.java.command=dacapo-9.12-MR1-bach.jar pmd --size=small" />
    <vmarg name="-Dsun.java.launcher=SUN_STANDARD" />
    <vmarg name="-Dsun.java.launcher.pid=12222" />
  </vmargs>
</initialized>

<exclusive-start id="2" timestamp="2019-06-14T23:15:00.396" intervalms="184.189">
  <response-info timems="0.020" idlems="0.020" threads="0" lastid="00000000009A8700" lastname="main" />
</exclusive-start>
<af-start id="3" threadId="00000000009A9088" totalBytesRequested="3080" timestamp="2019-06-14T23:15:00.396" intervalms="184.426" type="nursery" />
<cycle-start id="4" type="scavenge" contextid="0" timestamp="2019-06-14T23:15:00.397" intervalms="184.941" />
<gc-start id="5" type="scavenge" contextid="4" timestamp="2019-06-14T23:15:00.402">
  <mem-info id="6" free="6062624" total="8388608" percent="72">
    <mem type="nursery" free="0" total="2097152" percent="0">
      <mem type="allocate" free="0" total="1048576" percent="0" />
      <mem type="survivor" free="0" total="1048576" percent="0" />
    </mem>
    <mem type="tenure" free="6062624" total="6291456" percent="96">
      <mem type="soa" free="5748256" total="5977088" percent="96" />
      <mem type="loa" free="314368" total="314368" percent="100" />
    </mem>
    <remembered-set count="3161" />
  </mem-info>
</gc-start>
<allocation-stats totalBytes="1271120" >
  <allocated-bytes non-tlh="344784" tlh="926336" />
  <largest-consumer threadName="main" threadId="00000000009A8700" bytes="1197480" />
</allocation-stats>
<gc-op id="7" type="scavenge" timems="2.103" contextid="4" timestamp="2019-06-14T23:15:00.404">
  <scavenger-info tenureage="2" tenuremask="fffc" tiltratio="50" />
  <memory-copied type="nursery" objects="10578" bytes="477544" bytesdiscarded="89736" />
  <finalization candidates="11" enqueued="0" />
  <references type="soft" candidates="62" cleared="0" enqueued="0" dynamicThreshold="32" maxThreshold="32" />
  <references type="weak" candidates="309" cleared="177" enqueued="141" />
  <references type="phantom" candidates="25" cleared="6" enqueued="6" />
</gc-op>
<gc-end id="8" type="scavenge" contextid="4" durationms="5.682" usertimems="8.000" systemtimems="0.000" timestamp="2019-06-14T23:15:00.407" activeThreads="4">
  <mem-info id="9" free="6541824" total="8388608" percent="77">
    <mem type="nursery" free="479200" total="2097152" percent="22">
      <mem type="allocate" free="479200" total="1048576" percent="45" />
      <mem type="survivor" free="0" total="1048576" percent="0" />
    </mem>
    <mem type="tenure" free="6062624" total="6291456" percent="96">
      <mem type="soa" free="5748256" total="5977088" percent="96" />
      <mem type="loa" free="314368" total="314368" percent="100" />
    </mem>
    <pending-finalizers system="0" default="0" reference="147" classloader="0" />
    <remembered-set count="3161" />
  </mem-info>
</gc-end>
<cycle-end id="10" type="scavenge" contextid="4" timestamp="2019-06-14T23:15:00.408" />
  <attribute name="elasticGC enabled" value="1" />
  <attribute name= "numThreadsSpecified" value="0" />
  <attribute name="heapSize specified" value="0" />
  <attribute name="Current GC Util" value="0" />
  <attribute name= "Current Time Running" value="74" />
  <attribute name ="GC Interval" value="1" />
  <attribute name="ProportionalT" value="0.000000" />
  <attribute name="ProportionalI" value="0.000000" />
  <attribute name="ProportionalH" value="0.000000" />
  <attribute name="Current Error" value="0.000000" />
  <attribute name="IntegralT" value="0.000000" />
  <attribute name="IntegralI" value="0.000000" />
  <attribute name="IntegralH" value="0.000000" />
  <attribute name="DerivativeT" value="0.000000" />
  <attribute name="DerivativeI" value="0.000000" />
  <attribute name="DerivativeH" value="0.000000" />
  <attribute name="Loop Time for DT" value="0.000000" />
  <attribute name="Output H" value="0"/>
  <attribute name="Output I" value="0"/>
  <attribute name="Output T" value="0"/>
  <attribute name="Target GC Util Change" value ="20.000000" />
  <attribute name="Current GC Util Change" value="0.000000"/>
  <attribute name="GC Util currently" value="0" />
  <attribute name="CPU Util currently" value="16" />
<allocation-satisfied id="11" threadId="00000000009A8700" bytesRequested="3080" />
<af-end id="12" timestamp="2019-06-14T23:15:00.408" threadId="00000000009A9088" success="true" from="nursery"/>
<exclusive-end id="13" timestamp="2019-06-14T23:15:00.408" durationms="11.916" />

<exclusive-start id="14" timestamp="2019-06-14T23:15:00.442" intervalms="46.374">
  <response-info timems="0.063" idlems="0.063" threads="0" lastid="00000000009A8700" lastname="main" />
</exclusive-start>
<af-start id="15" threadId="00000000009A9088" totalBytesRequested="3616" timestamp="2019-06-14T23:15:00.442" intervalms="46.300" type="nursery" />
<cycle-start id="16" type="scavenge" contextid="0" timestamp="2019-06-14T23:15:00.442" intervalms="45.933" />
<gc-start id="17" type="scavenge" contextid="16" timestamp="2019-06-14T23:15:00.447">
  <mem-info id="18" free="6054720" total="8388608" percent="72">
    <mem type="nursery" free="0" total="2097152" percent="0">
      <mem type="allocate" free="0" total="1048576" percent="0" />
      <mem type="survivor" free="0" total="1048576" percent="0" />
    </mem>
    <mem type="tenure" free="6054720" total="6291456" percent="96">
      <mem type="soa" free="5740352" total="5977088" percent="96" />
      <mem type="loa" free="314368" total="314368" percent="100" />
    </mem>
    <remembered-set count="3264" />
  </mem-info>
</gc-start>
<allocation-stats totalBytes="483136" >
  <allocated-bytes non-tlh="10984" tlh="472152" />
  <largest-consumer threadName="main" threadId="00000000009A8700" bytes="471160" />
</allocation-stats>
<gc-op id="19" type="scavenge" timems="0.796" contextid="16" timestamp="2019-06-14T23:15:00.448">
  <scavenger-info tenureage="5" tenuremask="7fe0" tiltratio="50" />
  <memory-copied type="nursery" objects="10910" bytes="486496" bytesdiscarded="136728" />
  <finalization candidates="11" enqueued="0" />
  <references type="soft" candidates="62" cleared="0" enqueued="0" dynamicThreshold="32" maxThreshold="32" />
  <references type="weak" candidates="248" cleared="103" enqueued="100" />
  <references type="phantom" candidates="37" cleared="12" enqueued="12" />
</gc-op>
<gc-end id="20" type="scavenge" contextid="16" durationms="1.209" usertimems="0.000" systemtimems="0.000" timestamp="2019-06-14T23:15:00.448" activeThreads="4">
  <mem-info id="21" free="6478608" total="8388608" percent="77">
    <mem type="nursery" free="423888" total="2097152" percent="20">
      <mem type="allocate" free="423888" total="1048576" percent="40" />
      <mem type="survivor" free="0" total="1048576" percent="0" />
    </mem>
    <mem type="tenure" free="6054720" total="6291456" percent="96">
      <mem type="soa" free="5740352" total="5977088" percent="96" />
      <mem type="loa" free="314368" total="314368" percent="100" />
    </mem>
    <pending-finalizers system="0" default="0" reference="112" classloader="0" />
    <remembered-set count="3264" />
  </mem-info>
</gc-end>
<cycle-end id="22" type="scavenge" contextid="16" timestamp="2019-06-14T23:15:00.448" />
  <attribute name="elasticGC enabled" value="1" />
  <attribute name= "numThreadsSpecified" value="4" />
  <attribute name="heapSize specified" value="0" />
  <attribute name="Current GC Util" value="25" />
  <attribute name= "Current Time Running" value="119" />
  <attribute name ="GC Interval" value="232" />
  <attribute name="ProportionalT" value="2.500000" />
  <attribute name="ProportionalI" value="2.500000" />
  <attribute name="ProportionalH" value="2.500000" />
  <attribute name="Current Error" value="5.000000" />
  <attribute name="IntegralT" value="225.000000" />
  <attribute name="IntegralI" value="225.000000" />
  <attribute name="IntegralH" value="225.000000" />
  <attribute name="DerivativeT" value="0.111111" />
  <attribute name="DerivativeI" value="0.111111" />
  <attribute name="DerivativeH" value="0.111111" />
  <attribute name="Loop Time for DT" value="45.000000" />
  <attribute name="Output H" value="8388608"/>
  <attribute name="Output I" value="232"/>
  <attribute name="Output T" value="4"/>
  <attribute name="Target GC Util Change" value ="20.000000" />
  <attribute name="Current GC Util Change" value="25.000000"/>
  <attribute name="GC Util currently" value="25" />
  <attribute name="CPU Util currently" value="15" />
<allocation-satisfied id="23" threadId="00000000009A8700" bytesRequested="3616" />
<af-end id="24" timestamp="2019-06-14T23:15:00.448" threadId="00000000009A9088" success="true" from="nursery"/>
<exclusive-end id="25" timestamp="2019-06-14T23:15:00.448" durationms="6.160" />

<exclusive-start id="26" timestamp="2019-06-14T23:15:00.459" intervalms="16.966">
  <response-info timems="0.060" idlems="0.060" threads="0" lastid="00000000009A8700" lastname="main" />
</exclusive-start>
<af-start id="27" threadId="00000000009A9088" totalBytesRequested="15368" timestamp="2019-06-14T23:15:00.459" intervalms="16.951" type="nursery" />
<cycle-start id="28" type="scavenge" contextid="0" timestamp="2019-06-14T23:15:00.459" intervalms="16.929" />
<gc-start id="29" type="scavenge" contextid="28" timestamp="2019-06-14T23:15:00.460">
  <mem-info id="30" free="6052200" total="8388608" percent="72">
    <mem type="nursery" free="0" total="2097152" percent="0">
      <mem type="allocate" free="0" total="1048576" percent="0" />
      <mem type="survivor" free="0" total="1048576" percent="0" />
    </mem>
    <mem type="tenure" free="6052200" total="6291456" percent="96">
      <mem type="soa" free="5737832" total="5977088" percent="95" />
      <mem type="loa" free="314368" total="314368" percent="100" />
    </mem>
    <remembered-set count="3295" />
  </mem-info>
</gc-start>
<allocation-stats totalBytes="401864" >
  <allocated-bytes non-tlh="6136" tlh="395728" />
  <largest-consumer threadName="main" threadId="00000000009A8700" bytes="393672" />
</allocation-stats>
<gc-op id="31" type="scavenge" timems="0.820" contextid="28" timestamp="2019-06-14T23:15:00.460">
  <scavenger-info tenureage="4" tenuremask="7ff0" tiltratio="50" />
  <memory-copied type="nursery" objects="10916" bytes="567944" bytesdiscarded="100072" />
  <finalization candidates="11" enqueued="0" />
  <references type="soft" candidates="62" cleared="0" enqueued="0" dynamicThreshold="32" maxThreshold="32" />
  <references type="weak" candidates="217" cleared="69" enqueued="69" />
  <references type="phantom" candidates="39" cleared="10" enqueued="10" />
</gc-op>
<gc-end id="32" type="scavenge" contextid="28" durationms="1.034" usertimems="0.000" systemtimems="0.000" timestamp="2019-06-14T23:15:00.461" activeThreads="4">
  <mem-info id="33" free="6431296" total="8388608" percent="76">
    <mem type="nursery" free="379096" total="2097152" percent="18">
      <mem type="allocate" free="379096" total="1048576" percent="36" />
      <mem type="survivor" free="0" total="1048576" percent="0" />
    </mem>
    <mem type="tenure" free="6052200" total="6291456" percent="96">
      <mem type="soa" free="5737832" total="5977088" percent="95" />
      <mem type="loa" free="314368" total="314368" percent="100" />
    </mem>
    <pending-finalizers system="0" default="0" reference="79" classloader="0" />
    <remembered-set count="1025" />
  </mem-info>
</gc-end>
<cycle-end id="34" type="scavenge" contextid="28" timestamp="2019-06-14T23:15:00.461" />
  <attribute name="elasticGC enabled" value="1" />
  <attribute name= "numThreadsSpecified" value="4" />
  <attribute name="heapSize specified" value="0" />
  <attribute name="Current GC Util" value="42" />
  <attribute name= "Current Time Running" value="131" />
  <attribute name ="GC Interval" value="504" />
  <attribute name="ProportionalT" value="11.000000" />
  <attribute name="ProportionalI" value="11.000000" />
  <attribute name="ProportionalH" value="11.000000" />
  <attribute name="Current Error" value="22.000000" />
  <attribute name="IntegralT" value="489.000000" />
  <attribute name="IntegralI" value="489.000000" />
  <attribute name="IntegralH" value="489.000000" />
  <attribute name="DerivativeT" value="1.416667" />
  <attribute name="DerivativeI" value="1.416667" />
  <attribute name="DerivativeH" value="1.416667" />
  <attribute name="Loop Time for DT" value="12.000000" />
  <attribute name="Output H" value="8388608"/>
  <attribute name="Output I" value="504"/>
  <attribute name="Output T" value="4"/>
  <attribute name="Target GC Util Change" value ="20.000000" />
  <attribute name="Current GC Util Change" value="42.000000"/>
  <attribute name="GC Util currently" value="42" />
  <attribute name="CPU Util currently" value="361405390468" />
<allocation-satisfied id="35" threadId="00000000009A8700" bytesRequested="15368" />
<af-end id="36" timestamp="2019-06-14T23:15:00.461" threadId="00000000009A9088" success="true" from="nursery"/>
<exclusive-end id="37" timestamp="2019-06-14T23:15:00.461" durationms="1.696" />

<exclusive-start id="38" timestamp="2019-06-14T23:15:00.687" intervalms="228.058">
  <response-info timems="0.037" idlems="0.037" threads="0" lastid="00000000009A8700" lastname="main" />
</exclusive-start>
<af-start id="39" threadId="00000000009A9088" totalBytesRequested="64" timestamp="2019-06-14T23:15:00.687" intervalms="228.095" type="nursery" />
<cycle-start id="40" type="scavenge" contextid="0" timestamp="2019-06-14T23:15:00.688" intervalms="228.213" />
<gc-start id="41" type="scavenge" contextid="40" timestamp="2019-06-14T23:15:00.688">
  <mem-info id="42" free="6048488" total="8388608" percent="72">
    <mem type="nursery" free="0" total="2097152" percent="0">
      <mem type="allocate" free="0" total="1048576" percent="0" />
      <mem type="survivor" free="0" total="1048576" percent="0" />
    </mem>
    <mem type="tenure" free="6048488" total="6291456" percent="96">
      <mem type="soa" free="5734120" total="5977088" percent="95" />
      <mem type="loa" free="314368" total="314368" percent="100" />
    </mem>
    <remembered-set count="1091" />
  </mem-info>
</gc-start>
<allocation-stats totalBytes="381944" >
  <allocated-bytes non-tlh="62128" tlh="319816" />
  <largest-consumer threadName="main" threadId="00000000009A8700" bytes="381944" />
</allocation-stats>
<gc-op id="43" type="scavenge" timems="1.614" contextid="40" timestamp="2019-06-14T23:15:00.690">
  <scavenger-info tenureage="3" tenuremask="fff8" tiltratio="50" />
  <memory-copied type="nursery" objects="791" bytes="142360" bytesdiscarded="42728" />
  <memory-copied type="tenure" objects="10289" bytes="459832" bytesdiscarded="112" />
  <finalization candidates="13" enqueued="0" />
  <references type="soft" candidates="1" cleared="0" enqueued="0" dynamicThreshold="32" maxThreshold="32" />
  <references type="weak" candidates="61" cleared="46" enqueued="46" />
  <references type="phantom" candidates="20" cleared="10" enqueued="10" />
</gc-op>
<gc-end id="44" type="scavenge" contextid="40" durationms="2.213" usertimems="0.000" systemtimems="4.000" timestamp="2019-06-14T23:15:00.690" activeThreads="4">
  <mem-info id="45" free="6354456" total="8388608" percent="75">
    <mem type="nursery" free="863432" total="2097152" percent="41">
      <mem type="allocate" free="863432" total="1048576" percent="82" />
      <mem type="survivor" free="0" total="1048576" percent="0" />
    </mem>
    <mem type="tenure" free="5491024" total="6291456" percent="87">
      <mem type="soa" free="5176656" total="5977088" percent="86" />
      <mem type="loa" free="314368" total="314368" percent="100" />
    </mem>
    <pending-finalizers system="0" default="0" reference="56" classloader="0" />
    <remembered-set count="216" />
  </mem-info>
</gc-end>
<cycle-end id="46" type="scavenge" contextid="40" timestamp="2019-06-14T23:15:00.690" />
  <attribute name="elasticGC enabled" value="1" />
  <attribute name= "numThreadsSpecified" value="4" />
  <attribute name="heapSize specified" value="0" />
  <attribute name="Current GC Util" value="0" />
  <attribute name= "Current Time Running" value="360" />
  <attribute name ="GC Interval" value="200" />
  <attribute name="ProportionalT" value="-10.000000" />
  <attribute name="ProportionalI" value="-10.000000" />
  <attribute name="ProportionalH" value="-10.000000" />
  <attribute name="Current Error" value="-20.000000" />
  <attribute name="IntegralT" value="-4091.000000" />
  <attribute name="IntegralI" value="-4091.000000" />
  <attribute name="IntegralH" value="-4091.000000" />
  <attribute name="DerivativeT" value="-0.183406" />
  <attribute name="DerivativeI" value="-0.183406" />
  <attribute name="DerivativeH" value="-0.183406" />
  <attribute name="Loop Time for DT" value="229.000000" />
  <attribute name="Output H" value="2092630016"/>
  <attribute name="Output I" value="200"/>
  <attribute name="Output T" value="4"/>
  <attribute name="Target GC Util Change" value ="20.000000" />
  <attribute name="Current GC Util Change" value="0.000000"/>
  <attribute name="GC Util currently" value="0" />
  <attribute name="CPU Util currently" value="1" />
<allocation-satisfied id="47" threadId="00000000009A8700" bytesRequested="64" />
<af-end id="48" timestamp="2019-06-14T23:15:00.691" threadId="00000000009A9088" success="true" from="nursery"/>
<exclusive-end id="49" timestamp="2019-06-14T23:15:00.691" durationms="3.546" />

<exclusive-start id="50" timestamp="2019-06-14T23:15:04.378" intervalms="3690.868">
  <response-info timems="0.178" idlems="0.178" threads="0" lastid="00000000009A8700" lastname="main" />
</exclusive-start>
<af-start id="51" threadId="00000000009A9088" totalBytesRequested="2056" timestamp="2019-06-14T23:15:04.379" intervalms="3691.263" type="nursery" />
<cycle-start id="52" type="scavenge" contextid="0" timestamp="2019-06-14T23:15:04.379" intervalms="3691.609" />
<gc-start id="53" type="scavenge" contextid="52" timestamp="2019-06-14T23:15:04.380">
  <mem-info id="54" free="5490104" total="8388608" percent="65">
    <mem type="nursery" free="0" total="2097152" percent="0">
      <mem type="allocate" free="0" total="1048576" percent="0" />
      <mem type="survivor" free="0" total="1048576" percent="0" />
    </mem>
    <mem type="tenure" free="5490104" total="6291456" percent="87">
      <mem type="soa" free="5175736" total="5977088" percent="86" />
      <mem type="loa" free="314368" total="314368" percent="100" />
    </mem>
    <remembered-set count="230" />
  </mem-info>
</gc-start>
<allocation-stats totalBytes="856440" >
  <allocated-bytes non-tlh="984" tlh="855456" />
  <largest-consumer threadName="main" threadId="00000000009A8700" bytes="856440" />
</allocation-stats>
<gc-op id="55" type="scavenge" timems="3.310" contextid="52" timestamp="2019-06-14T23:15:04.384">
  <scavenger-info tenureage="3" tenuremask="fff8" tiltratio="50" />
  <memory-copied type="nursery" objects="484" bytes="112192" bytesdiscarded="116360" />
  <memory-copied type="tenure" objects="304" bytes="15560" bytesdiscarded="0" />
  <finalization candidates="3" enqueued="1" />
  <references type="soft" candidates="1" cleared="0" enqueued="0" dynamicThreshold="32" maxThreshold="32" />
  <references type="weak" candidates="7" cleared="5" enqueued="5" />
  <references type="phantom" candidates="9" cleared="3" enqueued="3" />
</gc-op>
<gc-end id="56" type="scavenge" contextid="52" durationms="4.744" usertimems="0.000" systemtimems="4.000" timestamp="2019-06-14T23:15:04.384" activeThreads="4">
  <mem-info id="57" free="6270880" total="8388608" percent="74">
    <mem type="nursery" free="819944" total="2097152" percent="39">
      <mem type="allocate" free="819944" total="1048576" percent="78" />
      <mem type="survivor" free="0" total="1048576" percent="0" />
    </mem>
    <mem type="tenure" free="5450936" total="6291456" percent="86">
      <mem type="soa" free="5136568" total="5977088" percent="85" />
      <mem type="loa" free="314368" total="314368" percent="100" />
    </mem>
    <pending-finalizers system="1" default="0" reference="8" classloader="0" />
    <remembered-set count="176" />
  </mem-info>
</gc-end>
<cycle-end id="58" type="scavenge" contextid="52" timestamp="2019-06-14T23:15:04.385" />
  <attribute name="elasticGC enabled" value="1" />
  <attribute name= "numThreadsSpecified" value="4" />
  <attribute name="heapSize specified" value="0" />
  <attribute name="Current GC Util" value="0" />
  <attribute name= "Current Time Running" value="4052" />
  <attribute name ="GC Interval" value="200" />
  <attribute name="ProportionalT" value="-10.000000" />
  <attribute name="ProportionalI" value="-10.000000" />
  <attribute name="ProportionalH" value="-10.000000" />
  <attribute name="Current Error" value="-20.000000" />
  <attribute name="IntegralT" value="-77931.000000" />
  <attribute name="IntegralI" value="-77931.000000" />
  <attribute name="IntegralH" value="-77931.000000" />
  <attribute name="DerivativeT" value="-0.005417" />
  <attribute name="DerivativeI" value="-0.005417" />
  <attribute name="DerivativeH" value="-0.005417" />
  <attribute name="Loop Time for DT" value="3692.000000" />
  <attribute name="Output H" value="2092630016"/>
  <attribute name="Output I" value="200"/>
  <attribute name="Output T" value="4"/>
  <attribute name="Target GC Util Change" value ="20.000000" />
  <attribute name="Current GC Util Change" value="0.000000"/>
  <attribute name="GC Util currently" value="0" />
  <attribute name="CPU Util currently" value="2" />
<allocation-satisfied id="59" threadId="00000000009A8700" bytesRequested="2056" />
<af-end id="60" timestamp="2019-06-14T23:15:04.386" threadId="00000000009A9088" success="true" from="nursery"/>
<exclusive-end id="61" timestamp="2019-06-14T23:15:04.386" durationms="8.276" />

<exclusive-start id="62" timestamp="2019-06-14T23:15:07.565" intervalms="3186.900">
  <response-info timems="0.199" idlems="0.199" threads="0" lastid="00000000009A8700" lastname="main" />
</exclusive-start>
<af-start id="63" threadId="00000000009A9088" totalBytesRequested="2056" timestamp="2019-06-14T23:15:07.566" intervalms="3186.902" type="nursery" />
<cycle-start id="64" type="scavenge" contextid="0" timestamp="2019-06-14T23:15:07.566" intervalms="3186.972" />
<gc-start id="65" type="scavenge" contextid="64" timestamp="2019-06-14T23:15:07.567">
  <mem-info id="66" free="5450936" total="8388608" percent="64">
    <mem type="nursery" free="0" total="2097152" percent="0">
      <mem type="allocate" free="0" total="1048576" percent="0" />
      <mem type="survivor" free="0" total="1048576" percent="0" />
    </mem>
    <mem type="tenure" free="5450936" total="6291456" percent="86">
      <mem type="soa" free="5136568" total="5977088" percent="85" />
      <mem type="loa" free="314368" total="314368" percent="100" />
    </mem>
    <remembered-set count="178" />
  </mem-info>
</gc-start>
<allocation-stats totalBytes="812576" >
  <allocated-bytes non-tlh="2056" tlh="810520" />
  <largest-consumer threadName="main" threadId="00000000009A8700" bytes="812576" />
</allocation-stats>
<gc-op id="67" type="scavenge" timems="1.642" contextid="64" timestamp="2019-06-14T23:15:07.569">
  <scavenger-info tenureage="3" tenuremask="fff8" tiltratio="50" />
  <memory-copied type="nursery" objects="428" bytes="86928" bytesdiscarded="15928" />
  <memory-copied type="tenure" objects="32" bytes="1888" bytesdiscarded="0" />
  <finalization candidates="2" enqueued="0" />
  <references type="soft" candidates="1" cleared="0" enqueued="0" dynamicThreshold="32" maxThreshold="32" />
  <references type="weak" candidates="1" cleared="0" enqueued="0" />
  <references type="phantom" candidates="5" cleared="0" enqueued="0" />
</gc-op>
<gc-end id="68" type="scavenge" contextid="64" durationms="3.540" usertimems="4.000" systemtimems="0.000" timestamp="2019-06-14T23:15:07.570" activeThreads="4">
  <mem-info id="69" free="6527648" total="8388608" percent="77">
    <mem type="nursery" free="1076712" total="2097152" percent="51">
      <mem type="allocate" free="1076712" total="1179648" percent="91" />
      <mem type="survivor" free="0" total="917504" percent="0" />
    </mem>
    <mem type="tenure" free="5450936" total="6291456" percent="86">
      <mem type="soa" free="5136568" total="5977088" percent="85" />
      <mem type="loa" free="314368" total="314368" percent="100" />
    </mem>
    <remembered-set count="94" />
  </mem-info>
</gc-end>
<cycle-end id="70" type="scavenge" contextid="64" timestamp="2019-06-14T23:15:07.571" />
  <attribute name="elasticGC enabled" value="1" />
  <attribute name= "numThreadsSpecified" value="4" />
  <attribute name="heapSize specified" value="0" />
  <attribute name="Current GC Util" value="0" />
  <attribute name= "Current Time Running" value="7240" />
  <attribute name ="GC Interval" value="200" />
  <attribute name="ProportionalT" value="-10.000000" />
  <attribute name="ProportionalI" value="-10.000000" />
  <attribute name="ProportionalH" value="-10.000000" />
  <attribute name="Current Error" value="-20.000000" />
  <attribute name="IntegralT" value="-141691.000000" />
  <attribute name="IntegralI" value="-141691.000000" />
  <attribute name="IntegralH" value="-141691.000000" />
  <attribute name="DerivativeT" value="-0.006274" />
  <attribute name="DerivativeI" value="-0.006274" />
  <attribute name="DerivativeH" value="-0.006274" />
  <attribute name="Loop Time for DT" value="3188.000000" />
  <attribute name="Output H" value="2092630016"/>
  <attribute name="Output I" value="200"/>
  <attribute name="Output T" value="4"/>
  <attribute name="Target GC Util Change" value ="20.000000" />
  <attribute name="Current GC Util Change" value="0.000000"/>
  <attribute name="GC Util currently" value="0" />
  <attribute name="CPU Util currently" value="3" />
<allocation-satisfied id="71" threadId="00000000009A8700" bytesRequested="2056" />
<af-end id="72" timestamp="2019-06-14T23:15:07.572" threadId="00000000009A9088" success="true" from="nursery"/>
<exclusive-end id="73" timestamp="2019-06-14T23:15:07.572" durationms="7.499" />

<exclusive-start id="74" timestamp="2019-06-14T23:15:13.377" intervalms="5811.645">
  <response-info timems="0.247" idlems="0.247" threads="0" lastid="00000000009A8700" lastname="main" />
</exclusive-start>
<af-start id="75" threadId="00000000009A9088" totalBytesRequested="2056" timestamp="2019-06-14T23:15:13.377" intervalms="5811.691" type="nursery" />
<cycle-start id="76" type="scavenge" contextid="0" timestamp="2019-06-14T23:15:13.378" intervalms="5811.687" />
<gc-start id="77" type="scavenge" contextid="76" timestamp="2019-06-14T23:15:13.378">
  <mem-info id="78" free="5450936" total="8388608" percent="64">
    <mem type="nursery" free="0" total="2097152" percent="0">
      <mem type="allocate" free="0" total="1179648" percent="0" />
      <mem type="survivor" free="0" total="917504" percent="0" />
    </mem>
    <mem type="tenure" free="5450936" total="6291456" percent="86">
      <mem type="soa" free="5136568" total="5977088" percent="85" />
      <mem type="loa" free="314368" total="314368" percent="100" />
    </mem>
    <remembered-set count="94" />
  </mem-info>
</gc-start>
<allocation-stats totalBytes="1069448" >
  <allocated-bytes non-tlh="2056" tlh="1067392" />
  <largest-consumer threadName="main" threadId="00000000009A8700" bytes="1069448" />
</allocation-stats>
<gc-op id="79" type="scavenge" timems="8.439" contextid="76" timestamp="2019-06-14T23:15:13.388">
  <scavenger-info tenureage="3" tenuremask="fff8" tiltratio="56" />
  <memory-copied type="nursery" objects="115" bytes="23848" bytesdiscarded="23488" />
  <memory-copied type="tenure" objects="312" bytes="61024" bytesdiscarded="32" />
  <finalization candidates="2" enqueued="0" />
  <references type="weak" candidates="1" cleared="0" enqueued="0" />
  <references type="phantom" candidates="3" cleared="0" enqueued="0" />
</gc-op>
<gc-end id="80" type="scavenge" contextid="76" durationms="11.324" usertimems="4.000" systemtimems="4.000" timestamp="2019-06-14T23:15:13.390" activeThreads="4">
  <mem-info id="81" free="6628000" total="8388608" percent="79">
    <mem type="nursery" free="1263352" total="2097152" percent="60">
      <mem type="allocate" free="1263352" total="1310720" percent="96" />
      <mem type="survivor" free="0" total="786432" percent="0" />
    </mem>
    <mem type="tenure" free="5364648" total="6291456" percent="85" macro-fragmented="2160235">
      <mem type="soa" free="5050280" total="5977088" percent="84" />
      <mem type="loa" free="314368" total="314368" percent="100" />
    </mem>
    <remembered-set count="75" />
  </mem-info>
</gc-end>
<cycle-end id="82" type="scavenge" contextid="76" timestamp="2019-06-14T23:15:13.390" />
  <attribute name="elasticGC enabled" value="1" />
  <attribute name= "numThreadsSpecified" value="4" />
  <attribute name="heapSize specified" value="0" />
  <attribute name="Current GC Util" value="0" />
  <attribute name= "Current Time Running" value="13051" />
  <attribute name ="GC Interval" value="200" />
  <attribute name="ProportionalT" value="-10.000000" />
  <attribute name="ProportionalI" value="-10.000000" />
  <attribute name="ProportionalH" value="-10.000000" />
  <attribute name="Current Error" value="-20.000000" />
  <attribute name="IntegralT" value="-116220.000000" />
  <attribute name="IntegralI" value="-116220.000000" />
  <attribute name="IntegralH" value="-116220.000000" />
  <attribute name="DerivativeT" value="-0.003442" />
  <attribute name="DerivativeI" value="-0.003442" />
  <attribute name="DerivativeH" value="-0.003442" />
  <attribute name="Loop Time for DT" value="5811.000000" />
  <attribute name="Output H" value="2092630016"/>
  <attribute name="Output I" value="200"/>
  <attribute name="Output T" value="4"/>
  <attribute name="Target GC Util Change" value ="20.000000" />
  <attribute name="Current GC Util Change" value="0.000000"/>
  <attribute name="GC Util currently" value="0" />
  <attribute name="CPU Util currently" value="0" />
<allocation-satisfied id="83" threadId="00000000009A8700" bytesRequested="2056" />
<af-end id="84" timestamp="2019-06-14T23:15:13.392" threadId="00000000009A9088" success="true" from="nursery"/>
<exclusive-end id="85" timestamp="2019-06-14T23:15:13.392" durationms="15.439" />

<exclusive-start id="86" timestamp="2019-06-14T23:15:17.449" intervalms="4072.283">
  <response-info timems="0.068" idlems="0.068" threads="0" lastid="00000000009A8700" lastname="main" />
</exclusive-start>
<af-start id="87" threadId="00000000009A9088" totalBytesRequested="80" timestamp="2019-06-14T23:15:17.449" intervalms="4071.806" type="nursery" />
<cycle-start id="88" type="scavenge" contextid="0" timestamp="2019-06-14T23:15:17.449" intervalms="4071.355" />
<gc-start id="89" type="scavenge" contextid="88" timestamp="2019-06-14T23:15:17.449">
  <mem-info id="90" free="5363200" total="8388608" percent="63">
    <mem type="nursery" free="0" total="2097152" percent="0">
      <mem type="allocate" free="0" total="1310720" percent="0" />
      <mem type="survivor" free="0" total="786432" percent="0" />
    </mem>
    <mem type="tenure" free="5363200" total="6291456" percent="85">
      <mem type="soa" free="5048832" total="5977088" percent="84" />
      <mem type="loa" free="314368" total="314368" percent="100" />
    </mem>
    <remembered-set count="97" />
  </mem-info>
</gc-start>
<allocation-stats totalBytes="1262656" >
  <allocated-bytes non-tlh="171640" tlh="1091016" />
  <largest-consumer threadName="main" threadId="00000000009A8700" bytes="1262656" />
</allocation-stats>
<gc-op id="91" type="scavenge" timems="0.479" contextid="88" timestamp="2019-06-14T23:15:17.450">
  <scavenger-info tenureage="3" tenuremask="ffe8" tiltratio="62" />
  <memory-copied type="nursery" objects="449" bytes="320224" bytesdiscarded="101992" />
  <memory-copied type="tenure" objects="58" bytes="2312" bytesdiscarded="0" />
  <references type="soft" candidates="1" cleared="0" enqueued="0" dynamicThreshold="32" maxThreshold="32" />
  <references type="weak" candidates="14" cleared="14" enqueued="14" />
  <references type="phantom" candidates="24" cleared="0" enqueued="0" />
</gc-op>
<gc-end id="92" type="scavenge" contextid="88" durationms="1.126" usertimems="0.000" systemtimems="0.000" timestamp="2019-06-14T23:15:17.451" activeThreads="4">
  <mem-info id="93" free="6251696" total="8388608" percent="74">
    <mem type="nursery" free="888496" total="2097152" percent="42">
      <mem type="allocate" free="888496" total="1310720" percent="67" />
      <mem type="survivor" free="0" total="786432" percent="0" />
    </mem>
    <mem type="tenure" free="5363200" total="6291456" percent="85" macro-fragmented="4479464">
      <mem type="soa" free="5048832" total="5977088" percent="84" />
      <mem type="loa" free="314368" total="314368" percent="100" />
    </mem>
    <pending-finalizers system="0" default="0" reference="14" classloader="0" />
    <remembered-set count="92" />
  </mem-info>
</gc-end>
<cycle-end id="94" type="scavenge" contextid="88" timestamp="2019-06-14T23:15:17.451" />
  <attribute name="elasticGC enabled" value="1" />
  <attribute name= "numThreadsSpecified" value="4" />
  <attribute name="heapSize specified" value="0" />
  <attribute name="Current GC Util" value="0" />
  <attribute name= "Current Time Running" value="17121" />
  <attribute name ="GC Interval" value="200" />
  <attribute name="ProportionalT" value="-10.000000" />
  <attribute name="ProportionalI" value="-10.000000" />
  <attribute name="ProportionalH" value="-10.000000" />
  <attribute name="Current Error" value="-20.000000" />
  <attribute name="IntegralT" value="-81400.000000" />
  <attribute name="IntegralI" value="-81400.000000" />
  <attribute name="IntegralH" value="-81400.000000" />
  <attribute name="DerivativeT" value="-0.004914" />
  <attribute name="DerivativeI" value="-0.004914" />
  <attribute name="DerivativeH" value="-0.004914" />
  <attribute name="Loop Time for DT" value="4070.000000" />
  <attribute name="Output H" value="2092630016"/>
  <attribute name="Output I" value="200"/>
  <attribute name="Output T" value="4"/>
  <attribute name="Target GC Util Change" value ="20.000000" />
  <attribute name="Current GC Util Change" value="0.000000"/>
  <attribute name="GC Util currently" value="0" />
  <attribute name="CPU Util currently" value="1" />
<allocation-satisfied id="95" threadId="00000000009A8700" bytesRequested="80" />
<af-end id="96" timestamp="2019-06-14T23:15:17.451" threadId="00000000009A9088" success="true" from="nursery"/>
<exclusive-end id="97" timestamp="2019-06-14T23:15:17.451" durationms="2.120" />

<exclusive-start id="98" timestamp="2019-06-14T23:15:17.480" intervalms="30.669">
  <response-info timems="0.031" idlems="0.031" threads="0" lastid="00000000009A8700" lastname="main" />
</exclusive-start>
<sys-start reason="explicit" id="99" timestamp="2019-06-14T23:15:17.480" intervalms="17268.024" />
<cycle-start id="100" type="global" contextid="0" timestamp="2019-06-14T23:15:17.480" intervalms="17268.187" />
<gc-start id="101" type="global" contextid="100" timestamp="2019-06-14T23:15:17.480">
  <mem-info id="102" free="5868616" total="8388608" percent="69">
    <mem type="nursery" free="519776" total="2097152" percent="24">
      <mem type="allocate" free="519776" total="1310720" percent="39" />
      <mem type="survivor" free="0" total="786432" percent="0" />
    </mem>
    <mem type="tenure" free="5348840" total="6291456" percent="85">
      <mem type="soa" free="5034472" total="5977088" percent="84" />
      <mem type="loa" free="314368" total="314368" percent="100" />
    </mem>
    <remembered-set count="339" />
  </mem-info>
</gc-start>
<allocation-stats totalBytes="380200" >
  <allocated-bytes non-tlh="14440" tlh="365760" />
  <largest-consumer threadName="main" threadId="00000000009A8700" bytes="380200" />
</allocation-stats>
<gc-op id="103" type="mark" timems="1.786" contextid="100" timestamp="2019-06-14T23:15:17.482">
  <trace-info objectcount="19084" scancount="15775" scanbytes="515108" />
  <finalization candidates="45" enqueued="0" />
  <ownableSynchronizers candidates="4" cleared="3" />
  <references type="soft" candidates="66" cleared="0" enqueued="0" dynamicThreshold="32" maxThreshold="32" />
  <references type="weak" candidates="618" cleared="250" enqueued="172" />
  <references type="phantom" candidates="55" cleared="3" enqueued="3" />
  <stringconstants candidates="2485" cleared="0"  />
</gc-op>
<gc-op id="104" type="classunload" timems="0.086" contextid="100" timestamp="2019-06-14T23:15:17.482">
  <classunload-info classloadercandidates="6" classloadersunloaded="0" classesunloaded="0" anonymousclassesunloaded="0" quiescems="0.000" setupms="0.085" scanms="0.001" postms="0.000" />
</gc-op>
<gc-op id="105" type="sweep" timems="0.605" contextid="100" timestamp="2019-06-14T23:15:17.483" />
<mem-info id="106" free="6347120" total="8388608" percent="75">
  <mem type="nursery" free="855400" total="2097152" percent="40">
    <mem type="allocate" free="855400" total="1310720" percent="65" />
    <mem type="survivor" free="0" total="786432" percent="0" />
  </mem>
  <mem type="tenure" free="5491720" total="6291456" percent="87" micro-fragmented="260" macro-fragmented="4479464">
    <mem type="soa" free="5177352" total="5977088" percent="86" />
    <mem type="loa" free="314368" total="314368" percent="100" />
  </mem>
  <pending-finalizers system="0" default="0" reference="175" classloader="0" />
  <remembered-set count="327" />
</mem-info>
<gc-op id="107" type="compact" timems="4.088" contextid="100" timestamp="2019-06-14T23:15:17.487">
  <compact-info movecount="14661" movebytes="997416" reason="compact to aid heap contraction" />
</gc-op>
<gc-end id="108" type="global" contextid="100" durationms="7.862" usertimems="8.000" systemtimems="0.000" timestamp="2019-06-14T23:15:17.488" activeThreads="4">
  <mem-info id="109" free="6420952" total="8388608" percent="76">
    <mem type="nursery" free="925480" total="2097152" percent="44">
      <mem type="allocate" free="925480" total="1310720" percent="70" />
      <mem type="survivor" free="0" total="786432" percent="0" />
    </mem>
    <mem type="tenure" free="5495472" total="6291456" percent="87">
      <mem type="soa" free="5181104" total="5977088" percent="86" />
      <mem type="loa" free="314368" total="314368" percent="100" />
    </mem>
    <pending-finalizers system="0" default="0" reference="175" classloader="0" />
    <remembered-set count="327" />
  </mem-info>
</gc-end>
<cycle-end id="110" type="global" contextid="100" timestamp="2019-06-14T23:15:17.488" />
  <attribute name="elasticGC enabled" value="1" />
  <attribute name= "numThreadsSpecified" value="4" />
  <attribute name="heapSize specified" value="8388608" />
  <attribute name="Current GC Util" value="39" />
  <attribute name= "Current Time Running" value="17159" />
  <attribute name ="GC Interval" value="200" />
  <attribute name="ProportionalT" value="9.500000" />
  <attribute name="ProportionalI" value="9.500000" />
  <attribute name="ProportionalH" value="9.500000" />
  <attribute name="Current Error" value="19.000000" />
  <attribute name="IntegralT" value="76.000000" />
  <attribute name="IntegralI" value="76.000000" />
  <attribute name="IntegralH" value="76.000000" />
  <attribute name="DerivativeT" value="4.750000" />
  <attribute name="DerivativeI" value="4.750000" />
  <attribute name="DerivativeH" value="4.750000" />
  <attribute name="Loop Time for DT" value="4.000000" />
  <attribute name="Output H" value="8388608"/>
  <attribute name="Output I" value="200"/>
  <attribute name="Output T" value="4"/>
  <attribute name="Target GC Util Change" value ="20.000000" />
  <attribute name="Current GC Util Change" value="39.000000"/>
  <attribute name="GC Util currently" value="39" />
  <attribute name="CPU Util currently" value="1115296152184" />
<sys-end id="111" timestamp="2019-06-14T23:15:17.488" />
<exclusive-end id="112" timestamp="2019-06-14T23:15:17.488" durationms="8.393" />

<exclusive-start id="113" timestamp="2019-06-14T23:15:17.562" intervalms="82.101">
  <response-info timems="0.053" idlems="0.053" threads="0" lastid="00000000009A8700" lastname="main" />
</exclusive-start>
<af-start id="114" threadId="00000000009A9088" totalBytesRequested="40632" timestamp="2019-06-14T23:15:17.562" intervalms="112.696" type="nursery" />
<cycle-start id="115" type="scavenge" contextid="0" timestamp="2019-06-14T23:15:17.562" intervalms="112.556" />
<gc-start id="116" type="scavenge" contextid="115" timestamp="2019-06-14T23:15:17.562">
  <mem-info id="117" free="5477536" total="8388608" percent="65">
    <mem type="nursery" free="0" total="2097152" percent="0">
      <mem type="allocate" free="0" total="1310720" percent="0" />
      <mem type="survivor" free="0" total="786432" percent="0" />
    </mem>
    <mem type="tenure" free="5477536" total="6291456" percent="87">
      <mem type="soa" free="5163168" total="5977088" percent="86" />
      <mem type="loa" free="314368" total="314368" percent="100" />
    </mem>
    <remembered-set count="594" />
  </mem-info>
</gc-start>
<allocation-stats totalBytes="896960" >
  <allocated-bytes non-tlh="17936" tlh="879024" />
  <largest-consumer threadName="main" threadId="00000000009A8700" bytes="892864" />
</allocation-stats>
<gc-op id="118" type="scavenge" timems="0.503" contextid="115" timestamp="2019-06-14T23:15:17.562">
  <scavenger-info tenureage="3" tenuremask="ffe8" tiltratio="62" />
  <memory-copied type="nursery" objects="3140" bytes="509224" bytesdiscarded="89688" />
  <finalization candidates="32" enqueued="0" />
  <ownableSynchronizers candidates="1" cleared="0" />
  <references type="soft" candidates="5" cleared="0" enqueued="0" dynamicThreshold="27" maxThreshold="32" />
  <references type="weak" candidates="286" cleared="43" enqueued="43" />
  <references type="phantom" candidates="32" cleared="2" enqueued="2" />
</gc-op>
<gc-end id="119" type="scavenge" contextid="115" durationms="0.914" usertimems="4.000" systemtimems="0.000" timestamp="2019-06-14T23:15:17.563" activeThreads="4">
  <mem-info id="120" free="6189152" total="8388608" percent="73">
    <mem type="nursery" free="711616" total="2097152" percent="33">
      <mem type="allocate" free="711616" total="1310720" percent="54" />
      <mem type="survivor" free="0" total="786432" percent="0" />
    </mem>
    <mem type="tenure" free="5477536" total="6291456" percent="87" macro-fragmented="3732887">
      <mem type="soa" free="5163168" total="5977088" percent="86" />
      <mem type="loa" free="314368" total="314368" percent="100" />
    </mem>
    <pending-finalizers system="0" default="0" reference="45" classloader="0" />
    <remembered-set count="590" />
  </mem-info>
</gc-end>
<cycle-end id="121" type="scavenge" contextid="115" timestamp="2019-06-14T23:15:17.563" />
  <attribute name="elasticGC enabled" value="1" />
  <attribute name= "numThreadsSpecified" value="4" />
  <attribute name="heapSize specified" value="8388608" />
  <attribute name="Current GC Util" value="8" />
  <attribute name= "Current Time Running" value="17234" />
  <attribute name ="GC Interval" value="200" />
  <attribute name="ProportionalT" value="-6.000000" />
  <attribute name="ProportionalI" value="-6.000000" />
  <attribute name="ProportionalH" value="-6.000000" />
  <attribute name="Current Error" value="-12.000000" />
  <attribute name="IntegralT" value="-900.000000" />
  <attribute name="IntegralI" value="-900.000000" />
  <attribute name="IntegralH" value="-900.000000" />
  <attribute name="DerivativeT" value="-0.413333" />
  <attribute name="DerivativeI" value="-0.413333" />
  <attribute name="DerivativeH" value="-0.413333" />
  <attribute name="Loop Time for DT" value="75.000000" />
  <attribute name="Output H" value="2092630016"/>
  <attribute name="Output I" value="200"/>
  <attribute name="Output T" value="4"/>
  <attribute name="Target GC Util Change" value ="20.000000" />
  <attribute name="Current GC Util Change" value="8.000000"/>
  <attribute name="GC Util currently" value="8" />
  <attribute name="CPU Util currently" value="61812220430" />
<allocation-satisfied id="122" threadId="00000000009A8700" bytesRequested="40632" />
<af-end id="123" timestamp="2019-06-14T23:15:17.563" threadId="00000000009A9088" success="true" from="nursery"/>
<exclusive-end id="124" timestamp="2019-06-14T23:15:17.563" durationms="1.371" />

<exclusive-start id="125" timestamp="2019-06-14T23:15:17.580" intervalms="18.127">
  <response-info timems="0.025" idlems="0.025" threads="0" lastid="00000000009A8700" lastname="main" />
</exclusive-start>
<af-start id="126" threadId="00000000009A9088" totalBytesRequested="3080" timestamp="2019-06-14T23:15:17.580" intervalms="18.109" type="nursery" />
<cycle-start id="127" type="scavenge" contextid="0" timestamp="2019-06-14T23:15:17.580" intervalms="18.092" />
<gc-start id="128" type="scavenge" contextid="127" timestamp="2019-06-14T23:15:17.580">
  <mem-info id="129" free="5465424" total="8388608" percent="65">
    <mem type="nursery" free="0" total="2097152" percent="0">
      <mem type="allocate" free="0" total="1310720" percent="0" />
      <mem type="survivor" free="0" total="786432" percent="0" />
    </mem>
    <mem type="tenure" free="5465424" total="6291456" percent="86">
      <mem type="soa" free="5151056" total="5977088" percent="86" />
      <mem type="loa" free="314368" total="314368" percent="100" />
    </mem>
    <remembered-set count="714" />
  </mem-info>
</gc-start>
<allocation-stats totalBytes="722848" >
  <allocated-bytes non-tlh="52744" tlh="670104" />
  <largest-consumer threadName="main" threadId="00000000009A8700" bytes="718752" />
</allocation-stats>
<gc-op id="130" type="scavenge" timems="0.471" contextid="127" timestamp="2019-06-14T23:15:17.580">
  <scavenger-info tenureage="2" tenuremask="fffc" tiltratio="62" />
  <memory-copied type="nursery" objects="2723" bytes="116752" bytesdiscarded="71488" />
  <memory-copied type="tenure" objects="380" bytes="317904" bytesdiscarded="88" />
  <finalization candidates="32" enqueued="0" />
  <ownableSynchronizers candidates="1" cleared="0" />
  <references type="soft" candidates="4" cleared="0" enqueued="0" dynamicThreshold="27" maxThreshold="32" />
  <references type="weak" candidates="245" cleared="2" enqueued="2" />
  <references type="phantom" candidates="6" cleared="0" enqueued="0" />
</gc-op>
<gc-end id="131" type="scavenge" contextid="127" durationms="0.894" usertimems="0.000" systemtimems="0.000" timestamp="2019-06-14T23:15:17.581" activeThreads="4">
  <mem-info id="132" free="6312280" total="8388608" percent="75">
    <mem type="nursery" free="1187832" total="2097152" percent="56">
      <mem type="allocate" free="1187832" total="1376256" percent="86" />
      <mem type="survivor" free="0" total="720896" percent="0" />
    </mem>
    <mem type="tenure" free="5124448" total="6291456" percent="81" macro-fragmented="2592282">
      <mem type="soa" free="4810080" total="5977088" percent="80" />
      <mem type="loa" free="314368" total="314368" percent="100" />
    </mem>
    <pending-finalizers system="0" default="0" reference="2" classloader="0" />
    <remembered-set count="698" />
  </mem-info>
</gc-end>
<cycle-end id="133" type="scavenge" contextid="127" timestamp="2019-06-14T23:15:17.581" />
  <attribute name="elasticGC enabled" value="1" />
  <attribute name= "numThreadsSpecified" value="4" />
  <attribute name="heapSize specified" value="8388608" />
  <attribute name="Current GC Util" value="5" />
  <attribute name= "Current Time Running" value="17252" />
  <attribute name ="GC Interval" value="200" />
  <attribute name="ProportionalT" value="-7.500000" />
  <attribute name="ProportionalI" value="-7.500000" />
  <attribute name="ProportionalH" value="-7.500000" />
  <attribute name="Current Error" value="-15.000000" />
  <attribute name="IntegralT" value="-270.000000" />
  <attribute name="IntegralI" value="-270.000000" />
  <attribute name="IntegralH" value="-270.000000" />
  <attribute name="DerivativeT" value="-0.833333" />
  <attribute name="DerivativeI" value="-0.833333" />
  <attribute name="DerivativeH" value="-0.833333" />
  <attribute name="Loop Time for DT" value="18.000000" />
  <attribute name="Output H" value="2092630016"/>
  <attribute name="Output I" value="200"/>
  <attribute name="Output T" value="4"/>
  <attribute name="Target GC Util Change" value ="20.000000" />
  <attribute name="Current GC Util Change" value="5.000000"/>
  <attribute name="GC Util currently" value="5" />
  <attribute name="CPU Util currently" value="255220012344" />
<allocation-satisfied id="134" threadId="00000000009A8700" bytesRequested="3080" />
<af-end id="135" timestamp="2019-06-14T23:15:17.581" threadId="00000000009A9088" success="true" from="nursery"/>
<exclusive-end id="136" timestamp="2019-06-14T23:15:17.581" durationms="1.235" />

<exclusive-start id="137" timestamp="2019-06-14T23:15:17.604" intervalms="23.776">
  <response-info timems="0.021" idlems="0.021" threads="0" lastid="00000000009A8700" lastname="main" />
</exclusive-start>
<af-start id="138" threadId="00000000009A9088" totalBytesRequested="1032" timestamp="2019-06-14T23:15:17.604" intervalms="23.782" type="nursery" />
<cycle-start id="139" type="scavenge" contextid="0" timestamp="2019-06-14T23:15:17.604" intervalms="23.787" />
<gc-start id="140" type="scavenge" contextid="139" timestamp="2019-06-14T23:15:17.604">
  <mem-info id="141" free="5105488" total="8388608" percent="60">
    <mem type="nursery" free="0" total="2097152" percent="0">
      <mem type="allocate" free="0" total="1376256" percent="0" />
      <mem type="survivor" free="0" total="720896" percent="0" />
    </mem>
    <mem type="tenure" free="5105488" total="6291456" percent="81">
      <mem type="soa" free="4791120" total="5977088" percent="80" />
      <mem type="loa" free="314368" total="314368" percent="100" />
    </mem>
    <remembered-set count="879" />
  </mem-info>
</gc-start>
<allocation-stats totalBytes="1160928" >
  <allocated-bytes non-tlh="22040" tlh="1138888" />
  <largest-consumer threadName="main" threadId="00000000009A8700" bytes="1160928" />
</allocation-stats>
<gc-op id="142" type="scavenge" timems="0.454" contextid="139" timestamp="2019-06-14T23:15:17.604">
  <scavenger-info tenureage="4" tenuremask="fff0" tiltratio="65" />
  <memory-copied type="nursery" objects="2875" bytes="117928" bytesdiscarded="38560" />
  <finalization candidates="32" enqueued="0" />
  <ownableSynchronizers candidates="1" cleared="0" />
  <references type="soft" candidates="4" cleared="0" enqueued="0" dynamicThreshold="27" maxThreshold="32" />
  <references type="weak" candidates="250" cleared="7" enqueued="7" />
  <references type="phantom" candidates="6" cleared="0" enqueued="0" />
</gc-op>
<gc-end id="143" type="scavenge" contextid="139" durationms="0.826" usertimems="0.000" systemtimems="0.000" timestamp="2019-06-14T23:15:17.605" activeThreads="4">
  <mem-info id="144" free="6390608" total="8388608" percent="76">
    <mem type="nursery" free="1285120" total="2097152" percent="61">
      <mem type="allocate" free="1285120" total="1441792" percent="89" />
      <mem type="survivor" free="0" total="655360" percent="0" />
    </mem>
    <mem type="tenure" free="5105488" total="6291456" percent="81" macro-fragmented="4479464">
      <mem type="soa" free="4791120" total="5977088" percent="80" />
      <mem type="loa" free="314368" total="314368" percent="100" />
    </mem>
    <pending-finalizers system="0" default="0" reference="7" classloader="0" />
    <remembered-set count="554" />
  </mem-info>
</gc-end>
<cycle-end id="145" type="scavenge" contextid="139" timestamp="2019-06-14T23:15:17.605" />
  <attribute name="elasticGC enabled" value="1" />
  <attribute name= "numThreadsSpecified" value="4" />
  <attribute name="heapSize specified" value="8388608" />
  <attribute name="Current GC Util" value="4" />
  <attribute name= "Current Time Running" value="17275" />
  <attribute name ="GC Interval" value="200" />
  <attribute name="ProportionalT" value="-8.000000" />
  <attribute name="ProportionalI" value="-8.000000" />
  <attribute name="ProportionalH" value="-8.000000" />
  <attribute name="Current Error" value="-16.000000" />
  <attribute name="IntegralT" value="-368.000000" />
  <attribute name="IntegralI" value="-368.000000" />
  <attribute name="IntegralH" value="-368.000000" />
  <attribute name="DerivativeT" value="-0.695652" />
  <attribute name="DerivativeI" value="-0.695652" />
  <attribute name="DerivativeH" value="-0.695652" />
  <attribute name="Loop Time for DT" value="23.000000" />
  <attribute name="Output H" value="2092630016"/>
  <attribute name="Output I" value="200"/>
  <attribute name="Output T" value="4"/>
  <attribute name="Target GC Util Change" value ="20.000000" />
  <attribute name="Current GC Util Change" value="4.000000"/>
  <attribute name="GC Util currently" value="4" />
  <attribute name="CPU Util currently" value="193849500658" />
<allocation-satisfied id="146" threadId="00000000009A8700" bytesRequested="1032" />
<af-end id="147" timestamp="2019-06-14T23:15:17.605" threadId="00000000009A9088" success="true" from="nursery"/>
<exclusive-end id="148" timestamp="2019-06-14T23:15:17.605" durationms="1.176" />

<exclusive-start id="149" timestamp="2019-06-14T23:15:17.646" intervalms="41.981">
  <response-info timems="0.052" idlems="0.052" threads="0" lastid="00000000009A8700" lastname="main" />
</exclusive-start>
<af-start id="150" threadId="00000000009A9088" totalBytesRequested="1544" timestamp="2019-06-14T23:15:17.646" intervalms="41.982" type="nursery" />
<cycle-start id="151" type="scavenge" contextid="0" timestamp="2019-06-14T23:15:17.646" intervalms="41.983" />
<gc-start id="152" type="scavenge" contextid="151" timestamp="2019-06-14T23:15:17.646">
  <mem-info id="153" free="5078608" total="8388608" percent="60">
    <mem type="nursery" free="0" total="2097152" percent="0">
      <mem type="allocate" free="0" total="1441792" percent="0" />
      <mem type="survivor" free="0" total="655360" percent="0" />
    </mem>
    <mem type="tenure" free="5078608" total="6291456" percent="80">
      <mem type="soa" free="4764240" total="5977088" percent="79" />
      <mem type="loa" free="314368" total="314368" percent="100" />
    </mem>
    <remembered-set count="848" />
  </mem-info>
</gc-start>
<allocation-stats totalBytes="1304216" >
  <allocated-bytes non-tlh="27912" tlh="1276304" />
  <largest-consumer threadName="main" threadId="00000000009A8700" bytes="1304216" />
</allocation-stats>
<gc-op id="154" type="scavenge" timems="0.473" contextid="151" timestamp="2019-06-14T23:15:17.646">
  <scavenger-info tenureage="3" tenuremask="fff8" tiltratio="68" />
  <memory-copied type="nursery" objects="742" bytes="101328" bytesdiscarded="43488" />
  <memory-copied type="tenure" objects="2565" bytes="104264" bytesdiscarded="0" />
  <finalization candidates="32" enqueued="0" />
  <ownableSynchronizers candidates="1" cleared="0" />
  <references type="weak" candidates="9" cleared="8" enqueued="8" />
  <references type="phantom" candidates="1" cleared="0" enqueued="0" />
</gc-op>
<gc-end id="155" type="scavenge" contextid="151" durationms="0.863" usertimems="0.000" systemtimems="0.000" timestamp="2019-06-14T23:15:17.647" activeThreads="4">
  <mem-info id="156" free="6366784" total="8388608" percent="75">
    <mem type="nursery" free="1427952" total="2097152" percent="68">
      <mem type="allocate" free="1427952" total="1572864" percent="90" />
      <mem type="survivor" free="0" total="524288" percent="0" />
    </mem>
    <mem type="tenure" free="4938832" total="6291456" percent="78" macro-fragmented="3732887">
      <mem type="soa" free="4624464" total="5977088" percent="77" />
      <mem type="loa" free="314368" total="314368" percent="100" />
    </mem>
    <pending-finalizers system="0" default="0" reference="8" classloader="0" />
    <remembered-set count="603" />
  </mem-info>
</gc-end>
<cycle-end id="157" type="scavenge" contextid="151" timestamp="2019-06-14T23:15:17.647" />
  <attribute name="elasticGC enabled" value="1" />
  <attribute name= "numThreadsSpecified" value="4" />
  <attribute name="heapSize specified" value="8388608" />
  <attribute name="Current GC Util" value="1" />
  <attribute name= "Current Time Running" value="17317" />
  <attribute name ="GC Interval" value="200" />
  <attribute name="ProportionalT" value="-9.500000" />
  <attribute name="ProportionalI" value="-9.500000" />
  <attribute name="ProportionalH" value="-9.500000" />
  <attribute name="Current Error" value="-19.000000" />
  <attribute name="IntegralT" value="-798.000000" />
  <attribute name="IntegralI" value="-798.000000" />
  <attribute name="IntegralH" value="-798.000000" />
  <attribute name="DerivativeT" value="-0.452381" />
  <attribute name="DerivativeI" value="-0.452381" />
  <attribute name="DerivativeH" value="-0.452381" />
  <attribute name="Loop Time for DT" value="42.000000" />
  <attribute name="Output H" value="2092630016"/>
  <attribute name="Output I" value="200"/>
  <attribute name="Output T" value="4"/>
  <attribute name="Target GC Util Change" value ="20.000000" />
  <attribute name="Current GC Util Change" value="1.000000"/>
  <attribute name="GC Util currently" value="1" />
  <attribute name="CPU Util currently" value="109829868997" />
<allocation-satisfied id="158" threadId="00000000009A8700" bytesRequested="1544" />
<af-end id="159" timestamp="2019-06-14T23:15:17.647" threadId="00000000009A9088" success="true" from="nursery"/>
<exclusive-end id="160" timestamp="2019-06-14T23:15:17.647" durationms="1.227" />

<exclusive-start id="161" timestamp="2019-06-14T23:15:17.707" intervalms="61.424">
  <response-info timems="0.029" idlems="0.029" threads="0" lastid="00000000009A8700" lastname="main" />
</exclusive-start>
<af-start id="162" threadId="00000000009A9088" totalBytesRequested="288" timestamp="2019-06-14T23:15:17.707" intervalms="61.455" type="nursery" />
<cycle-start id="163" type="scavenge" contextid="0" timestamp="2019-06-14T23:15:17.707" intervalms="61.459" />
<gc-start id="164" type="scavenge" contextid="163" timestamp="2019-06-14T23:15:17.707">
  <mem-info id="165" free="4902648" total="8388608" percent="58">
    <mem type="nursery" free="0" total="2097152" percent="0">
      <mem type="allocate" free="0" total="1572864" percent="0" />
      <mem type="survivor" free="0" total="524288" percent="0" />
    </mem>
    <mem type="tenure" free="4902648" total="6291456" percent="77">
      <mem type="soa" free="4588280" total="5977088" percent="76" />
      <mem type="loa" free="314368" total="314368" percent="100" />
    </mem>
    <remembered-set count="1025" />
  </mem-info>
</gc-start>
<allocation-stats totalBytes="1463008" >
  <allocated-bytes non-tlh="37728" tlh="1425280" />
  <largest-consumer threadName="main" threadId="00000000009A8700" bytes="1463008" />
</allocation-stats>
<gc-op id="166" type="scavenge" timems="0.416" contextid="163" timestamp="2019-06-14T23:15:17.708">
  <scavenger-info tenureage="5" tenuremask="ffe0" tiltratio="75" />
  <memory-copied type="nursery" objects="3385" bytes="259512" bytesdiscarded="96056" />
  <references type="soft" candidates="1" cleared="0" enqueued="0" dynamicThreshold="27" maxThreshold="32" />
  <references type="weak" candidates="4" cleared="4" enqueued="4" />
  <references type="phantom" candidates="2" cleared="1" enqueued="1" />
</gc-op>
<gc-end id="167" type="scavenge" contextid="163" durationms="0.795" usertimems="0.000" systemtimems="0.000" timestamp="2019-06-14T23:15:17.708" activeThreads="4">
  <mem-info id="168" free="6119856" total="8388608" percent="72">
    <mem type="nursery" free="1217208" total="2097152" percent="58">
      <mem type="allocate" free="1217208" total="1572864" percent="77" />
      <mem type="survivor" free="0" total="524288" percent="0" />
    </mem>
    <mem type="tenure" free="4902648" total="6291456" percent="77" macro-fragmented="3110739">
      <mem type="soa" free="4588280" total="5977088" percent="76" />
      <mem type="loa" free="314368" total="314368" percent="100" />
    </mem>
    <pending-finalizers system="0" default="0" reference="5" classloader="0" />
    <remembered-set count="881" />
  </mem-info>
</gc-end>
<cycle-end id="169" type="scavenge" contextid="163" timestamp="2019-06-14T23:15:17.708" />
  <attribute name="elasticGC enabled" value="1" />
  <attribute name= "numThreadsSpecified" value="4" />
  <attribute name="heapSize specified" value="8388608" />
  <attribute name="Current GC Util" value="1" />
  <attribute name= "Current Time Running" value="17379" />
  <attribute name ="GC Interval" value="200" />
  <attribute name="ProportionalT" value="-9.500000" />
  <attribute name="ProportionalI" value="-9.500000" />
  <attribute name="ProportionalH" value="-9.500000" />
  <attribute name="Current Error" value="-19.000000" />
  <attribute name="IntegralT" value="-1178.000000" />
  <attribute name="IntegralI" value="-1178.000000" />
  <attribute name="IntegralH" value="-1178.000000" />
  <attribute name="DerivativeT" value="-0.306452" />
  <attribute name="DerivativeI" value="-0.306452" />
  <attribute name="DerivativeH" value="-0.306452" />
  <attribute name="Loop Time for DT" value="62.000000" />
  <attribute name="Output H" value="2092630016"/>
  <attribute name="Output I" value="200"/>
  <attribute name="Output T" value="4"/>
  <attribute name="Target GC Util Change" value ="20.000000" />
  <attribute name="Current GC Util Change" value="1.000000"/>
  <attribute name="GC Util currently" value="1" />
  <attribute name="CPU Util currently" value="15" />
<allocation-satisfied id="170" threadId="00000000009A8700" bytesRequested="288" />
<af-end id="171" timestamp="2019-06-14T23:15:17.708" threadId="00000000009A9088" success="true" from="nursery"/>
<exclusive-end id="172" timestamp="2019-06-14T23:15:17.708" durationms="1.271" />

<exclusive-start id="173" timestamp="2019-06-14T23:15:17.762" intervalms="55.199">
  <response-info timems="0.063" idlems="0.063" threads="0" lastid="00000000009A8700" lastname="main" />
</exclusive-start>
<af-start id="174" threadId="00000000009A9088" totalBytesRequested="520" timestamp="2019-06-14T23:15:17.762" intervalms="55.186" type="nursery" />
<cycle-start id="175" type="scavenge" contextid="0" timestamp="2019-06-14T23:15:17.762" intervalms="55.181" />
<gc-start id="176" type="scavenge" contextid="175" timestamp="2019-06-14T23:15:17.762">
  <mem-info id="177" free="4888144" total="8388608" percent="58">
    <mem type="nursery" free="0" total="2097152" percent="0">
      <mem type="allocate" free="0" total="1572864" percent="0" />
      <mem type="survivor" free="0" total="524288" percent="0" />
    </mem>
    <mem type="tenure" free="4888144" total="6291456" percent="77">
      <mem type="soa" free="4573776" total="5977088" percent="76" />
      <mem type="loa" free="314368" total="314368" percent="100" />
    </mem>
    <remembered-set count="1107" />
  </mem-info>
</gc-start>
<allocation-stats totalBytes="1230672" >
  <allocated-bytes non-tlh="14792" tlh="1215880" />
  <largest-consumer threadName="main" threadId="00000000009A8700" bytes="1226576" />
</allocation-stats>
<gc-op id="178" type="scavenge" timems="0.528" contextid="175" timestamp="2019-06-14T23:15:17.763">
  <scavenger-info tenureage="5" tenuremask="ffe0" tiltratio="75" />
  <memory-copied type="nursery" objects="2881" bytes="250656" bytesdiscarded="41360" />
  <finalization candidates="5" enqueued="0" />
  <references type="soft" candidates="1" cleared="0" enqueued="0" dynamicThreshold="27" maxThreshold="32" />
  <references type="weak" candidates="103" cleared="33" enqueued="22" />
  <references type="phantom" candidates="1" cleared="0" enqueued="0" />
</gc-op>
<gc-end id="179" type="scavenge" contextid="175" durationms="0.902" usertimems="0.000" systemtimems="4.000" timestamp="2019-06-14T23:15:17.763" activeThreads="4">
  <mem-info id="180" free="6234440" total="8388608" percent="74">
    <mem type="nursery" free="1346296" total="2097152" percent="64">
      <mem type="allocate" free="1346296" total="1638400" percent="82" />
      <mem type="survivor" free="0" total="458752" percent="0" />
    </mem>
    <mem type="tenure" free="4888144" total="6291456" percent="77" macro-fragmented="3732887">
      <mem type="soa" free="4573776" total="5977088" percent="76" />
      <mem type="loa" free="314368" total="314368" percent="100" />
    </mem>
    <pending-finalizers system="0" default="0" reference="22" classloader="0" />
    <remembered-set count="873" />
  </mem-info>
</gc-end>
<cycle-end id="181" type="scavenge" contextid="175" timestamp="2019-06-14T23:15:17.763" />
  <attribute name="elasticGC enabled" value="1" />
  <attribute name= "numThreadsSpecified" value="4" />
  <attribute name="heapSize specified" value="8388608" />
  <attribute name="Current GC Util" value="1" />
  <attribute name= "Current Time Running" value="17434" />
  <attribute name ="GC Interval" value="200" />
  <attribute name="ProportionalT" value="-9.500000" />
  <attribute name="ProportionalI" value="-9.500000" />
  <attribute name="ProportionalH" value="-9.500000" />
  <attribute name="Current Error" value="-19.000000" />
  <attribute name="IntegralT" value="-1045.000000" />
  <attribute name="IntegralI" value="-1045.000000" />
  <attribute name="IntegralH" value="-1045.000000" />
  <attribute name="DerivativeT" value="-0.345455" />
  <attribute name="DerivativeI" value="-0.345455" />
  <attribute name="DerivativeH" value="-0.345455" />
  <attribute name="Loop Time for DT" value="55.000000" />
  <attribute name="Output H" value="2092630016"/>
  <attribute name="Output I" value="200"/>
  <attribute name="Output T" value="4"/>
  <attribute name="Target GC Util Change" value ="20.000000" />
  <attribute name="Current GC Util Change" value="1.000000"/>
  <attribute name="GC Util currently" value="1" />
  <attribute name="CPU Util currently" value="17" />
<allocation-satisfied id="182" threadId="00000000009A8700" bytesRequested="520" />
<af-end id="183" timestamp="2019-06-14T23:15:17.763" threadId="00000000009A9088" success="true" from="nursery"/>
<exclusive-end id="184" timestamp="2019-06-14T23:15:17.763" durationms="1.329" />

<exclusive-start id="185" timestamp="2019-06-14T23:15:17.846" intervalms="83.351">
  <response-info timems="0.075" idlems="0.075" threads="0" lastid="0000000000CB8C00" lastname="PmdThread 1" />
</exclusive-start>
<af-start id="186" threadId="0000000000CB9588" totalBytesRequested="147400" timestamp="2019-06-14T23:15:17.846" intervalms="83.433" type="nursery" />
<cycle-start id="187" type="scavenge" contextid="0" timestamp="2019-06-14T23:15:17.846" intervalms="83.516" />
<gc-start id="188" type="scavenge" contextid="187" timestamp="2019-06-14T23:15:17.846">
  <mem-info id="189" free="5036520" total="8388608" percent="60">
    <mem type="nursery" free="155872" total="2097152" percent="7">
      <mem type="allocate" free="155872" total="1638400" percent="9" />
      <mem type="survivor" free="0" total="458752" percent="0" />
    </mem>
    <mem type="tenure" free="4880648" total="6291456" percent="77">
      <mem type="soa" free="4566280" total="5977088" percent="76" />
      <mem type="loa" free="314368" total="314368" percent="100" />
    </mem>
    <remembered-set count="988" />
  </mem-info>
</gc-start>
<allocation-stats totalBytes="1166312" >
  <allocated-bytes non-tlh="202592" tlh="963720" />
  <largest-consumer threadName="PmdThread 1" threadId="0000000000CB8C00" bytes="1016184" />
</allocation-stats>
<gc-op id="190" type="scavenge" timems="0.606" contextid="187" timestamp="2019-06-14T23:15:17.847">
  <scavenger-info tenureage="3" tenuremask="fff8" tiltratio="78" />
  <memory-copied type="nursery" objects="3463" bytes="382360" bytesdiscarded="76312" />
  <memory-copied type="tenure" objects="970" bytes="128576" bytesdiscarded="216" />
  <copy-failed type="nursery" objects="649" bytes="53952" />
  <finalization candidates="6" enqueued="0" />
  <ownableSynchronizers candidates="4" cleared="0" />
  <references type="soft" candidates="1" cleared="0" enqueued="0" dynamicThreshold="27" maxThreshold="32" />
  <references type="weak" candidates="269" cleared="39" enqueued="27" />
  <references type="phantom" candidates="3" cleared="0" enqueued="0" />
</gc-op>
<gc-end id="191" type="scavenge" contextid="187" durationms="0.968" usertimems="0.000" systemtimems="0.000" timestamp="2019-06-14T23:15:17.847" activeThreads="4">
  <mem-info id="192" free="5653208" total="8388608" percent="67">
    <mem type="nursery" free="917504" total="2097152" percent="43">
      <mem type="allocate" free="917504" total="1376256" percent="66" />
      <mem type="survivor" free="0" total="720896" percent="0" />
    </mem>
    <mem type="tenure" free="4735704" total="6291456" percent="75" macro-fragmented="3732887">
      <mem type="soa" free="4421336" total="5977088" percent="73" />
      <mem type="loa" free="314368" total="314368" percent="100" />
    </mem>
    <pending-finalizers system="0" default="0" reference="27" classloader="0" />
    <remembered-set count="670" />
  </mem-info>
</gc-end>
<cycle-end id="193" type="scavenge" contextid="187" timestamp="2019-06-14T23:15:17.847" />
  <attribute name="elasticGC enabled" value="1" />
  <attribute name= "numThreadsSpecified" value="4" />
  <attribute name="heapSize specified" value="8388608" />
  <attribute name="Current GC Util" value="1" />
  <attribute name= "Current Time Running" value="17518" />
  <attribute name ="GC Interval" value="200" />
  <attribute name="ProportionalT" value="-9.500000" />
  <attribute name="ProportionalI" value="-9.500000" />
  <attribute name="ProportionalH" value="-9.500000" />
  <attribute name="Current Error" value="-19.000000" />
  <attribute name="IntegralT" value="-1596.000000" />
  <attribute name="IntegralI" value="-1596.000000" />
  <attribute name="IntegralH" value="-1596.000000" />
  <attribute name="DerivativeT" value="-0.226190" />
  <attribute name="DerivativeI" value="-0.226190" />
  <attribute name="DerivativeH" value="-0.226190" />
  <attribute name="Loop Time for DT" value="84.000000" />
  <attribute name="Output H" value="2092630016"/>
  <attribute name="Output I" value="200"/>
  <attribute name="Output T" value="4"/>
  <attribute name="Target GC Util Change" value ="20.000000" />
  <attribute name="Current GC Util Change" value="1.000000"/>
  <attribute name="GC Util currently" value="1" />
  <attribute name="CPU Util currently" value="14" />
<allocation-satisfied id="194" threadId="0000000000CB8C00" bytesRequested="147400" />
<af-end id="195" timestamp="2019-06-14T23:15:17.847" threadId="0000000000CB9588" success="true" from="nursery"/>
<exclusive-end id="196" timestamp="2019-06-14T23:15:17.847" durationms="1.750" />

<exclusive-start id="197" timestamp="2019-06-14T23:15:17.884" intervalms="38.586">
  <response-info timems="0.040" idlems="0.040" threads="0" lastid="0000000000CB8C00" lastname="PmdThread 1" />
</exclusive-start>
<af-start id="198" threadId="0000000000CB9588" totalBytesRequested="5752" timestamp="2019-06-14T23:15:17.884" intervalms="38.530" type="nursery" />
<cycle-start id="199" type="scavenge" contextid="0" timestamp="2019-06-14T23:15:17.884" intervalms="38.482" />
<gc-start id="200" type="scavenge" contextid="199" timestamp="2019-06-14T23:15:17.884">
  <mem-info id="201" free="4725248" total="8388608" percent="56">
    <mem type="nursery" free="0" total="2097152" percent="0">
      <mem type="allocate" free="0" total="1376256" percent="0" />
      <mem type="survivor" free="0" total="720896" percent="0" />
    </mem>
    <mem type="tenure" free="4725248" total="6291456" percent="75">
      <mem type="soa" free="4410880" total="5977088" percent="73" />
      <mem type="loa" free="314368" total="314368" percent="100" />
    </mem>
    <remembered-set count="831" />
  </mem-info>
</gc-start>
<allocation-stats totalBytes="911648" >
  <allocated-bytes non-tlh="193928" tlh="717720" />
  <largest-consumer threadName="PmdThread 1" threadId="0000000000CB8C00" bytes="911648" />
</allocation-stats>
<gc-op id="202" type="scavenge" timems="0.480" contextid="199" timestamp="2019-06-14T23:15:17.885">
  <scavenger-info tenureage="3" tenuremask="ff88" tiltratio="65" />
  <memory-copied type="nursery" objects="4066" bytes="310280" bytesdiscarded="81760" />
  <memory-copied type="tenure" objects="411" bytes="23304" bytesdiscarded="8" />
  <finalization candidates="6" enqueued="0" />
  <ownableSynchronizers candidates="4" cleared="0" />
  <references type="weak" candidates="231" cleared="1" enqueued="1" />
</gc-op>
<gc-end id="203" type="scavenge" contextid="199" durationms="0.719" usertimems="0.000" systemtimems="0.000" timestamp="2019-06-14T23:15:17.885" activeThreads="4">
  <mem-info id="204" free="5674328" total="8388608" percent="67">
    <mem type="nursery" free="1049688" total="2097152" percent="50">
      <mem type="allocate" free="1049688" total="1441792" percent="72" />
      <mem type="survivor" free="0" total="655360" percent="0" />
    </mem>
    <mem type="tenure" free="4624640" total="6291456" percent="73" macro-fragmented="3732887">
      <mem type="soa" free="4310272" total="5977088" percent="72" />
      <mem type="loa" free="314368" total="314368" percent="100" />
    </mem>
    <pending-finalizers system="0" default="0" reference="1" classloader="0" />
    <remembered-set count="534" />
  </mem-info>
</gc-end>
<cycle-end id="205" type="scavenge" contextid="199" timestamp="2019-06-14T23:15:17.885" />
  <attribute name="elasticGC enabled" value="1" />
  <attribute name= "numThreadsSpecified" value="4" />
  <attribute name="heapSize specified" value="8388608" />
  <attribute name="Current GC Util" value="3" />
  <attribute name= "Current Time Running" value="17556" />
  <attribute name ="GC Interval" value="200" />
  <attribute name="ProportionalT" value="-8.500000" />
  <attribute name="ProportionalI" value="-8.500000" />
  <attribute name="ProportionalH" value="-8.500000" />
  <attribute name="Current Error" value="-17.000000" />
  <attribute name="IntegralT" value="-646.000000" />
  <attribute name="IntegralI" value="-646.000000" />
  <attribute name="IntegralH" value="-646.000000" />
  <attribute name="DerivativeT" value="-0.447368" />
  <attribute name="DerivativeI" value="-0.447368" />
  <attribute name="DerivativeH" value="-0.447368" />
  <attribute name="Loop Time for DT" value="38.000000" />
  <attribute name="Output H" value="2092630016"/>
  <attribute name="Output I" value="200"/>
  <attribute name="Output T" value="4"/>
  <attribute name="Target GC Util Change" value ="20.000000" />
  <attribute name="Current GC Util Change" value="3.000000"/>
  <attribute name="GC Util currently" value="3" />
  <attribute name="CPU Util currently" value="120368379936" />
<allocation-satisfied id="206" threadId="0000000000CB8C00" bytesRequested="5752" />
<af-end id="207" timestamp="2019-06-14T23:15:17.885" threadId="0000000000CB9588" success="true" from="nursery"/>
<exclusive-end id="208" timestamp="2019-06-14T23:15:17.885" durationms="1.261" />

<exclusive-start id="209" timestamp="2019-06-14T23:15:17.925" intervalms="40.476">
  <response-info timems="0.032" idlems="0.032" threads="0" lastid="0000000000CB8C00" lastname="PmdThread 1" />
</exclusive-start>
<af-start id="210" threadId="0000000000CB9588" totalBytesRequested="416" timestamp="2019-06-14T23:15:17.925" intervalms="40.521" type="nursery" />
<cycle-start id="211" type="scavenge" contextid="0" timestamp="2019-06-14T23:15:17.925" intervalms="40.575" />
<gc-start id="212" type="scavenge" contextid="211" timestamp="2019-06-14T23:15:17.925">
  <mem-info id="213" free="4580216" total="8388608" percent="54">
    <mem type="nursery" free="0" total="2097152" percent="0">
      <mem type="allocate" free="0" total="1441792" percent="0" />
      <mem type="survivor" free="0" total="655360" percent="0" />
    </mem>
    <mem type="tenure" free="4580216" total="6291456" percent="72">
      <mem type="soa" free="4265848" total="5977088" percent="71" />
      <mem type="loa" free="314368" total="314368" percent="100" />
    </mem>
    <remembered-set count="1172" />
  </mem-info>
</gc-start>
<allocation-stats totalBytes="1091832" >
  <allocated-bytes non-tlh="50176" tlh="1041656" />
  <largest-consumer threadName="PmdThread 1" threadId="0000000000CB8C00" bytes="1091832" />
</allocation-stats>
<gc-op id="214" type="scavenge" timems="0.673" contextid="211" timestamp="2019-06-14T23:15:17.926">
  <scavenger-info tenureage="3" tenuremask="7f88" tiltratio="68" />
  <memory-copied type="nursery" objects="5603" bytes="289200" bytesdiscarded="129840" />
  <memory-copied type="tenure" objects="1605" bytes="104104" bytesdiscarded="744" />
  <finalization candidates="7" enqueued="0" />
  <ownableSynchronizers candidates="4" cleared="0" />
  <references type="soft" candidates="23" cleared="0" enqueued="0" dynamicThreshold="27" maxThreshold="32" />
  <references type="weak" candidates="243" cleared="31" enqueued="26" />
  <references type="phantom" candidates="7" cleared="3" enqueued="3" />
</gc-op>
<gc-end id="215" type="scavenge" contextid="211" durationms="1.031" usertimems="4.000" systemtimems="0.000" timestamp="2019-06-14T23:15:17.926" activeThreads="4">
  <mem-info id="216" free="5588816" total="8388608" percent="66">
    <mem type="nursery" free="1088000" total="2097152" percent="51">
      <mem type="allocate" free="1088000" total="1507328" percent="72" />
      <mem type="survivor" free="0" total="589824" percent="0" />
    </mem>
    <mem type="tenure" free="4500816" total="6291456" percent="71" macro-fragmented="3110739">
      <mem type="soa" free="4186448" total="5977088" percent="70" />
      <mem type="loa" free="314368" total="314368" percent="100" />
    </mem>
    <pending-finalizers system="0" default="0" reference="29" classloader="0" />
    <remembered-set count="1013" />
  </mem-info>
</gc-end>
<cycle-end id="217" type="scavenge" contextid="211" timestamp="2019-06-14T23:15:17.926" />
  <attribute name="elasticGC enabled" value="1" />
  <attribute name= "numThreadsSpecified" value="4" />
  <attribute name="heapSize specified" value="8388608" />
  <attribute name="Current GC Util" value="2" />
  <attribute name= "Current Time Running" value="17597" />
  <attribute name ="GC Interval" value="200" />
  <attribute name="ProportionalT" value="-9.000000" />
  <attribute name="ProportionalI" value="-9.000000" />
  <attribute name="ProportionalH" value="-9.000000" />
  <attribute name="Current Error" value="-18.000000" />
  <attribute name="IntegralT" value="-738.000000" />
  <attribute name="IntegralI" value="-738.000000" />
  <attribute name="IntegralH" value="-738.000000" />
  <attribute name="DerivativeT" value="-0.439024" />
  <attribute name="DerivativeI" value="-0.439024" />
  <attribute name="DerivativeH" value="-0.439024" />
  <attribute name="Loop Time for DT" value="41.000000" />
  <attribute name="Output H" value="2092630016"/>
  <attribute name="Output I" value="200"/>
  <attribute name="Output T" value="4"/>
  <attribute name="Target GC Util Change" value ="20.000000" />
  <attribute name="Current GC Util Change" value="2.000000"/>
  <attribute name="GC Util currently" value="2" />
  <attribute name="CPU Util currently" value="15" />
<allocation-satisfied id="218" threadId="0000000000CB8C00" bytesRequested="416" />
<af-end id="219" timestamp="2019-06-14T23:15:17.926" threadId="0000000000CB9588" success="true" from="nursery"/>
<exclusive-end id="220" timestamp="2019-06-14T23:15:17.926" durationms="1.892" />

<exclusive-start id="221" timestamp="2019-06-14T23:15:17.965" intervalms="40.807">
  <response-info timems="0.058" idlems="0.058" threads="0" lastid="0000000000CB8C00" lastname="PmdThread 1" />
</exclusive-start>
<af-start id="222" threadId="0000000000CB9588" totalBytesRequested="88" timestamp="2019-06-14T23:15:17.966" intervalms="40.828" type="nursery" />
<cycle-start id="223" type="scavenge" contextid="0" timestamp="2019-06-14T23:15:17.966" intervalms="40.843" />
<gc-start id="224" type="scavenge" contextid="223" timestamp="2019-06-14T23:15:17.966">
  <mem-info id="225" free="4456344" total="8388608" percent="53">
    <mem type="nursery" free="0" total="2097152" percent="0">
      <mem type="allocate" free="0" total="1507328" percent="0" />
      <mem type="survivor" free="0" total="589824" percent="0" />
    </mem>
    <mem type="tenure" free="4456344" total="6291456" percent="70">
      <mem type="soa" free="4141976" total="5977088" percent="69" />
      <mem type="loa" free="314368" total="314368" percent="100" />
    </mem>
    <remembered-set count="1726" />
  </mem-info>
</gc-start>
<allocation-stats totalBytes="1131080" >
  <allocated-bytes non-tlh="44888" tlh="1086192" />
  <largest-consumer threadName="PmdThread 1" threadId="0000000000CB8C00" bytes="1126984" />
</allocation-stats>
<gc-op id="226" type="scavenge" timems="0.667" contextid="223" timestamp="2019-06-14T23:15:17.967">
  <scavenger-info tenureage="3" tenuremask="7f88" tiltratio="71" />
  <memory-copied type="nursery" objects="6302" bytes="255080" bytesdiscarded="79592" />
  <memory-copied type="tenure" objects="1337" bytes="105256" bytesdiscarded="16" />
  <finalization candidates="2" enqueued="0" />
  <ownableSynchronizers candidates="4" cleared="0" />
  <references type="soft" candidates="28" cleared="0" enqueued="0" dynamicThreshold="27" maxThreshold="32" />
  <references type="weak" candidates="78" cleared="14" enqueued="9" />
  <references type="phantom" candidates="4" cleared="0" enqueued="0" />
</gc-op>
<gc-end id="227" type="scavenge" contextid="223" durationms="1.165" usertimems="0.000" systemtimems="0.000" timestamp="2019-06-14T23:15:17.967" activeThreads="4">
  <mem-info id="228" free="5585040" total="8388608" percent="66">
    <mem type="nursery" free="1237752" total="2097152" percent="59">
      <mem type="allocate" free="1237752" total="1572864" percent="78" />
      <mem type="survivor" free="0" total="524288" percent="0" />
    </mem>
    <mem type="tenure" free="4347288" total="6291456" percent="69" macro-fragmented="3110739">
      <mem type="soa" free="4032920" total="5977088" percent="67" />
      <mem type="loa" free="314368" total="314368" percent="100" />
    </mem>
    <pending-finalizers system="0" default="0" reference="9" classloader="0" />
    <remembered-set count="1455" />
  </mem-info>
</gc-end>
<cycle-end id="229" type="scavenge" contextid="223" timestamp="2019-06-14T23:15:17.967" />
  <attribute name="elasticGC enabled" value="1" />
  <attribute name= "numThreadsSpecified" value="4" />
  <attribute name="heapSize specified" value="8388608" />
  <attribute name="Current GC Util" value="3" />
  <attribute name= "Current Time Running" value="17638" />
  <attribute name ="GC Interval" value="200" />
  <attribute name="ProportionalT" value="-8.500000" />
  <attribute name="ProportionalI" value="-8.500000" />
  <attribute name="ProportionalH" value="-8.500000" />
  <attribute name="Current Error" value="-17.000000" />
  <attribute name="IntegralT" value="-697.000000" />
  <attribute name="IntegralI" value="-697.000000" />
  <attribute name="IntegralH" value="-697.000000" />
  <attribute name="DerivativeT" value="-0.414634" />
  <attribute name="DerivativeI" value="-0.414634" />
  <attribute name="DerivativeH" value="-0.414634" />
  <attribute name="Loop Time for DT" value="41.000000" />
  <attribute name="Output H" value="2092630016"/>
  <attribute name="Output I" value="200"/>
  <attribute name="Output T" value="4"/>
  <attribute name="Target GC Util Change" value ="20.000000" />
  <attribute name="Current GC Util Change" value="3.000000"/>
  <attribute name="GC Util currently" value="3" />
  <attribute name="CPU Util currently" value="112606988941" />
<allocation-satisfied id="230" threadId="0000000000CB8C00" bytesRequested="88" />
<af-end id="231" timestamp="2019-06-14T23:15:17.967" threadId="0000000000CB9588" success="true" from="nursery"/>
<exclusive-end id="232" timestamp="2019-06-14T23:15:17.967" durationms="2.101" />

<exclusive-start id="233" timestamp="2019-06-14T23:15:18.017" intervalms="51.213">
  <response-info timems="0.244" idlems="0.205" threads="1" lastid="00000000009CDF00" lastname="IProfiler" />
</exclusive-start>
<af-start id="234" threadId="00000000009A9088" totalBytesRequested="4216" timestamp="2019-06-14T23:15:18.017" intervalms="51.112" type="nursery" />
<cycle-start id="235" type="scavenge" contextid="0" timestamp="2019-06-14T23:15:18.017" intervalms="51.007" />
<gc-start id="236" type="scavenge" contextid="235" timestamp="2019-06-14T23:15:18.017">
  <mem-info id="237" free="4328800" total="8388608" percent="51">
    <mem type="nursery" free="0" total="2097152" percent="0">
      <mem type="allocate" free="0" total="1572864" percent="0" />
      <mem type="survivor" free="0" total="524288" percent="0" />
    </mem>
    <mem type="tenure" free="4328800" total="6291456" percent="68">
      <mem type="soa" free="4014432" total="5977088" percent="67" />
      <mem type="loa" free="314368" total="314368" percent="100" />
    </mem>
    <remembered-set count="1798" />
  </mem-info>
</gc-start>
<allocation-stats totalBytes="1254552" >
  <allocated-bytes non-tlh="18576" tlh="1235976" />
  <largest-consumer threadName="main" threadId="00000000009A8700" bytes="12600" />
</allocation-stats>
<gc-op id="238" type="scavenge" timems="1.164" contextid="235" timestamp="2019-06-14T23:15:18.018">
  <scavenger-info tenureage="3" tenuremask="7f88" tiltratio="75" />
  <memory-copied type="nursery" objects="10908" bytes="317720" bytesdiscarded="34016" />
  <memory-copied type="tenure" objects="1064" bytes="98384" bytesdiscarded="16" />
  <finalization candidates="2" enqueued="0" />
  <references type="soft" candidates="130" cleared="0" enqueued="0" dynamicThreshold="27" maxThreshold="32" />
  <references type="weak" candidates="80" cleared="10" enqueued="10" />
  <references type="phantom" candidates="5" cleared="1" enqueued="1" />
</gc-op>
<gc-end id="239" type="scavenge" contextid="235" durationms="1.406" usertimems="4.000" systemtimems="0.000" timestamp="2019-06-14T23:15:18.018" activeThreads="4">
  <mem-info id="240" free="5454416" total="8388608" percent="65">
    <mem type="nursery" free="1220352" total="2097152" percent="58">
      <mem type="allocate" free="1220352" total="1572864" percent="77" />
      <mem type="survivor" free="0" total="524288" percent="0" />
    </mem>
    <mem type="tenure" free="4234064" total="6291456" percent="67" macro-fragmented="3732887">
      <mem type="soa" free="3919696" total="5977088" percent="65" />
      <mem type="loa" free="314368" total="314368" percent="100" />
    </mem>
    <pending-finalizers system="0" default="0" reference="11" classloader="0" />
    <remembered-set count="1280" />
  </mem-info>
</gc-end>
<cycle-end id="241" type="scavenge" contextid="235" timestamp="2019-06-14T23:15:18.018" />
  <attribute name="elasticGC enabled" value="1" />
  <attribute name= "numThreadsSpecified" value="4" />
  <attribute name="heapSize specified" value="8388608" />
  <attribute name="Current GC Util" value="2" />
  <attribute name= "Current Time Running" value="17689" />
  <attribute name ="GC Interval" value="200" />
  <attribute name="ProportionalT" value="-9.000000" />
  <attribute name="ProportionalI" value="-9.000000" />
  <attribute name="ProportionalH" value="-9.000000" />
  <attribute name="Current Error" value="-18.000000" />
  <attribute name="IntegralT" value="-918.000000" />
  <attribute name="IntegralI" value="-918.000000" />
  <attribute name="IntegralH" value="-918.000000" />
  <attribute name="DerivativeT" value="-0.352941" />
  <attribute name="DerivativeI" value="-0.352941" />
  <attribute name="DerivativeH" value="-0.352941" />
  <attribute name="Loop Time for DT" value="51.000000" />
  <attribute name="Output H" value="2092630016"/>
  <attribute name="Output I" value="200"/>
  <attribute name="Output T" value="4"/>
  <attribute name="Target GC Util Change" value ="20.000000" />
  <attribute name="Current GC Util Change" value="2.000000"/>
  <attribute name="GC Util currently" value="2" />
  <attribute name="CPU Util currently" value="6" />
<allocation-satisfied id="242" threadId="00000000009A8700" bytesRequested="4216" />
<af-end id="243" timestamp="2019-06-14T23:15:18.018" threadId="00000000009A9088" success="true" from="nursery"/>
<exclusive-end id="244" timestamp="2019-06-14T23:15:18.018" durationms="1.861" />

</verbosegc>

