<?xml version="1.0" ?>

<verbosegc xmlns="http://www.ibm.com/j9/verbosegc" version="08cc62e_CMPRSS">

<initialized id="1" timestamp="2019-08-02T18:57:41.559">
  <attribute name="gcPolicy" value="-Xgcpolicy:optavgpause" />
  <attribute name="elasticGC enabled" value="1" />
  <attribute name= "numThreadsSpecified" value="0" />
  <attribute name="heapSize specified" value="0" />
  <attribute name= "numCores" value="0" />
  <attribute name ="GC Interval" value="0" />
  <attribute name="GC Util Range Max" value="0" />
  <attribute name="Current GC Util" value="0" />
  <attribute name= "Current Time Running" value="0" />
  <attribute name="maxHeapSize" value="0x7cba0000" />
  <attribute name="initialHeapSize" value="0x800000" />
  <attribute name="compressedRefs" value="true" />
  <attribute name="compressedRefsDisplacement" value="0x0" />
  <attribute name="compressedRefsShift" value="0x0" />
  <attribute name="pageSize" value="0x1000" />
  <attribute name="pageType" value="not used" />
  <attribute name="requestedPageSize" value="0x1000" />
  <attribute name="requestedPageType" value="not used" />
  <attribute name="gcthreads" value="8" />
  <attribute name="packetListSplit" value="8" />
  <attribute name="cacheListSplit" value="8" />
  <attribute name="splitFreeListSplitAmount" value="1" />
  <attribute name="numaNodes" value="0" />
  <system>
    <attribute name="physicalMemory" value="8370401280" />
    <attribute name="numCPUs" value="8" />
    <attribute name="architecture" value="amd64" />
    <attribute name="os" value="Linux" />
    <attribute name="osVersion" value="4.4.0-154-generic" />
  </system>
  <vmargs>
    <vmarg name="-Xoptionsfile=/vagrant/jdk/lib/options.default" />
    <vmarg name="-Xlockword:mode=default,noLockword=java/lang/String,noLockword=java/util/MapEntry,noLockword=java/util/HashMap$Entry,noLockword..." />
    <vmarg name="-Xjcl:jclse29" />
    <vmarg name="-Dcom.ibm.oti.vm.bootstrap.library.path=/vagrant/jdk/lib/compressedrefs:/vagrant/jdk/lib" />
    <vmarg name="-Dsun.boot.library.path=/vagrant/jdk/lib/compressedrefs:/vagrant/jdk/lib" />
    <vmarg name="-Djava.library.path=/vagrant/jdk/lib/compressedrefs:/vagrant/jdk/lib:/usr/lib64:/usr/lib" />
    <vmarg name="-Djava.home=/vagrant/jdk" />
    <vmarg name="-Duser.dir=/vagrant" />
    <vmarg name="-Xgcpolicy:optavgpause" />
    <vmarg name="-Xgcelastic" />
    <vmarg name="-Xcheck:gc:::elasticGC" />
    <vmarg name="-verbose:gc" />
    <vmarg name="-Xloggc:jdkA-small-OAP-8core-verbose3jython.txt" />
    <vmarg name="-Djava.class.path=dacapo-9.12-MR1-bach.jar" />
    <vmarg name="-Dsun.java.command=dacapo-9.12-MR1-bach.jar jython --size=small" />
    <vmarg name="-Dsun.java.launcher=SUN_STANDARD" />
    <vmarg name="-Dsun.java.launcher.pid=5161" />
  </vmargs>
</initialized>

<exclusive-start id="2" timestamp="2019-08-02T18:57:43.273" intervalms="1713.656">
  <response-info timems="0.024" idlems="0.024" threads="0" lastid="00000000018F8A00" lastname="main" />
</exclusive-start>
<af-start id="3" threadId="00000000018F9388" totalBytesRequested="2056" timestamp="2019-08-02T18:57:43.273" intervalms="1713.936" />
<cycle-start id="4" type="global" contextid="0" timestamp="2019-08-02T18:57:43.274" intervalms="1714.254" />
<gc-start id="5" type="global" contextid="4" timestamp="2019-08-02T18:57:43.274">
  <mem-info id="6" free="418816" total="8388608" percent="4">
    <mem type="tenure" free="418816" total="8388608" percent="4">
      <mem type="soa" free="0" total="7969792" percent="0" />
      <mem type="loa" free="418816" total="418816" percent="100" />
    </mem>
  </mem-info>
</gc-start>
<allocation-stats totalBytes="7880456" >
  <allocated-bytes non-tlh="357688" tlh="7522768" />
  <largest-consumer threadName="main" threadId="00000000018F8A00" bytes="7787552" />
</allocation-stats>
<gc-op id="7" type="mark" timems="2.013" contextid="4" timestamp="2019-08-02T18:57:43.276">
  <trace-info objectcount="17703" scancount="14659" scanbytes="461912" />
  <finalization candidates="14" enqueued="1" />
  <references type="soft" candidates="63" cleared="0" enqueued="0" dynamicThreshold="32" maxThreshold="32" />
  <references type="weak" candidates="544" cleared="401" enqueued="362" />
  <references type="phantom" candidates="105" cleared="44" enqueued="44" />
  <stringconstants candidates="2406" cleared="0"  />
</gc-op>
<gc-op id="8" type="classunload" timems="0.102" contextid="4" timestamp="2019-08-02T18:57:43.276">
  <classunload-info classloadercandidates="5" classloadersunloaded="0" classesunloaded="0" anonymousclassesunloaded="0" quiescems="0.000" setupms="0.102" scanms="0.000" postms="0.000" />
</gc-op>
<gc-op id="9" type="sweep" timems="0.678" contextid="4" timestamp="2019-08-02T18:57:43.277" />
<mem-info id="10" free="7185928" total="8388608" percent="85">
  <mem type="tenure" free="7185928" total="8388608" percent="85" micro-fragmented="218552">
    <mem type="soa" free="6767112" total="7969792" percent="84" />
    <mem type="loa" free="418816" total="418816" percent="100" />
  </mem>
  <pending-finalizers system="1" default="0" reference="406" classloader="0" />
</mem-info>
<gc-op id="11" type="compact" timems="4.229" contextid="4" timestamp="2019-08-02T18:57:43.282">
  <compact-info movecount="17702" movebytes="965880" reason="no compaction" />
</gc-op>
<gc-end id="12" type="global" contextid="4" durationms="8.368" usertimems="0.000" systemtimems="8.000" timestamp="2019-08-02T18:57:43.282" activeThreads="8">
  <mem-info id="13" free="7357104" total="8388608" percent="87">
    <mem type="tenure" free="7357104" total="8388608" percent="87">
      <mem type="soa" free="6938288" total="7969792" percent="87" />
      <mem type="loa" free="418816" total="418816" percent="100" />
    </mem>
    <pending-finalizers system="1" default="0" reference="406" classloader="0" />
  </mem-info>
</gc-end>
<cycle-end id="14" type="global" contextid="4" timestamp="2019-08-02T18:57:43.282" />
  <attribute name="elasticGC enabled" value="1" />
  <attribute name= "numThreadsSpecified" value="0" />
  <attribute name="heapSize specified" value="8388608" />
  <attribute name= "numCores" value="8" />
  <attribute name ="GC Interval" value="0" />
  <attribute name ="Control flow" value="3" />
  <attribute name="GC Util Range Max" value="83" />
  <attribute name="Current GC Util" value="48" />
  <attribute name= "Current Time Running" value="7" />
<allocation-satisfied id="15" threadId="00000000018F8A00" bytesRequested="2056" />
<af-end id="16" timestamp="2019-08-02T18:57:43.283" threadId="00000000018F9388" success="true" />
<exclusive-end id="17" timestamp="2019-08-02T18:57:43.283" durationms="9.844" />

<exclusive-start id="18" timestamp="2019-08-02T18:57:44.006" intervalms="732.892">
  <response-info timems="0.065" idlems="0.065" threads="0" lastid="00000000018F8A00" lastname="main" />
</exclusive-start>
<af-start id="19" threadId="00000000018F9388" totalBytesRequested="16" timestamp="2019-08-02T18:57:44.006" intervalms="732.733" />
<cycle-start id="20" type="global" contextid="0" timestamp="2019-08-02T18:57:44.006" intervalms="732.532" />
<gc-start id="21" type="global" contextid="20" timestamp="2019-08-02T18:57:44.006">
  <mem-info id="22" free="418816" total="8388608" percent="4">
    <mem type="tenure" free="418816" total="8388608" percent="4">
      <mem type="soa" free="0" total="7969792" percent="0" />
      <mem type="loa" free="418816" total="418816" percent="100" />
    </mem>
  </mem-info>
</gc-start>
<allocation-stats totalBytes="6909632" >
  <allocated-bytes non-tlh="402416" tlh="6507216" />
  <largest-consumer threadName="main" threadId="00000000018F8A00" bytes="6901352" />
</allocation-stats>
<gc-op id="23" type="mark" timems="0.915" contextid="20" timestamp="2019-08-02T18:57:44.007">
  <trace-info objectcount="17816" scancount="14648" scanbytes="472296" />
  <finalization candidates="13" enqueued="0" />
  <references type="soft" candidates="67" cleared="0" enqueued="0" dynamicThreshold="28" maxThreshold="32" />
  <references type="weak" candidates="175" cleared="33" enqueued="33" />
  <references type="phantom" candidates="87" cleared="2" enqueued="2" />
  <stringconstants candidates="2523" cleared="0"  />
</gc-op>
<gc-op id="24" type="sweep" timems="0.222" contextid="20" timestamp="2019-08-02T18:57:44.008" />
<mem-info id="25" free="6884960" total="8388608" percent="82">
  <mem type="tenure" free="6884960" total="8388608" percent="82" micro-fragmented="19346">
    <mem type="soa" free="6466144" total="7969792" percent="81" />
    <mem type="loa" free="418816" total="418816" percent="100" />
  </mem>
  <pending-finalizers system="0" default="0" reference="35" classloader="0" />
</mem-info>
<gc-op id="26" type="compact" timems="2.166" contextid="20" timestamp="2019-08-02T18:57:44.010">
  <compact-info movecount="6708" movebytes="964672" reason="no compaction" />
</gc-op>
<gc-end id="27" type="global" contextid="20" durationms="3.838" usertimems="4.000" systemtimems="0.000" timestamp="2019-08-02T18:57:44.010" activeThreads="8">
  <mem-info id="28" free="6948080" total="8388608" percent="82">
    <mem type="tenure" free="6948080" total="8388608" percent="82">
      <mem type="soa" free="6529264" total="7969792" percent="81" />
      <mem type="loa" free="418816" total="418816" percent="100" />
    </mem>
    <pending-finalizers system="0" default="0" reference="35" classloader="0" />
  </mem-info>
</gc-end>
<cycle-end id="29" type="global" contextid="20" timestamp="2019-08-02T18:57:44.010" />
  <attribute name="elasticGC enabled" value="1" />
  <attribute name= "numThreadsSpecified" value="0" />
  <attribute name="heapSize specified" value="8388608" />
  <attribute name= "numCores" value="8" />
  <attribute name ="GC Interval" value="0" />
  <attribute name ="Control flow" value="3" />
  <attribute name="GC Util Range Max" value="83" />
  <attribute name="Current GC Util" value="55" />
  <attribute name= "Current Time Running" value="735" />
<allocation-satisfied id="30" threadId="00000000018F8A00" bytesRequested="16" />
<af-end id="31" timestamp="2019-08-02T18:57:44.010" threadId="00000000018F9388" success="true" />
<exclusive-end id="32" timestamp="2019-08-02T18:57:44.010" durationms="4.503" />

<exclusive-start id="33" timestamp="2019-08-02T18:57:44.271" intervalms="265.104">
  <response-info timems="0.074" idlems="0.074" threads="0" lastid="00000000018F8A00" lastname="main" />
</exclusive-start>
<af-start id="34" threadId="00000000018F9388" totalBytesRequested="88" timestamp="2019-08-02T18:57:44.271" intervalms="265.184" />
<cycle-start id="35" type="global" contextid="0" timestamp="2019-08-02T18:57:44.271" intervalms="265.278" />
<gc-start id="36" type="global" contextid="35" timestamp="2019-08-02T18:57:44.272">
  <mem-info id="37" free="418816" total="8388608" percent="4">
    <mem type="tenure" free="418816" total="8388608" percent="4">
      <mem type="soa" free="0" total="7969792" percent="0" />
      <mem type="loa" free="418816" total="418816" percent="100" />
    </mem>
  </mem-info>
</gc-start>
<allocation-stats totalBytes="6522424" >
  <allocated-bytes non-tlh="218312" tlh="6304112" />
  <largest-consumer threadName="main" threadId="00000000018F8A00" bytes="6518328" />
</allocation-stats>
<gc-op id="38" type="mark" timems="2.014" contextid="35" timestamp="2019-08-02T18:57:44.274">
  <trace-info objectcount="35412" scancount="28575" scanbytes="926844" />
  <finalization candidates="63" enqueued="1" />
  <ownableSynchronizers candidates="17" cleared="0" />
  <references type="soft" candidates="421" cleared="0" enqueued="0" dynamicThreshold="26" maxThreshold="32" />
  <references type="weak" candidates="1638" cleared="477" enqueued="355" />
  <references type="phantom" candidates="98" cleared="4" enqueued="4" />
  <stringconstants candidates="4467" cleared="0"  />
</gc-op>
<gc-op id="39" type="classunload" timems="0.002" contextid="35" timestamp="2019-08-02T18:57:44.274">
  <classunload-info classloadercandidates="10" classloadersunloaded="0" classesunloaded="0" anonymousclassesunloaded="0" quiescems="0.000" setupms="0.002" scanms="0.000" postms="0.000" />
</gc-op>
<gc-op id="40" type="sweep" timems="0.316" contextid="35" timestamp="2019-08-02T18:57:44.275" />
<mem-info id="41" free="5994672" total="8388608" percent="71">
  <mem type="tenure" free="5994672" total="8388608" percent="71" micro-fragmented="180159">
    <mem type="soa" free="5575856" total="7969792" percent="69" />
    <mem type="loa" free="418816" total="418816" percent="100" />
  </mem>
  <pending-finalizers system="1" default="0" reference="359" classloader="0" />
</mem-info>
<gc-op id="42" type="compact" timems="7.525" contextid="35" timestamp="2019-08-02T18:57:44.282">
  <compact-info movecount="34747" movebytes="2120600" reason="no compaction" />
</gc-op>
<gc-end id="43" type="global" contextid="35" durationms="10.992" usertimems="12.000" systemtimems="4.000" timestamp="2019-08-02T18:57:44.283" activeThreads="8">
  <mem-info id="44" free="6249528" total="8388608" percent="74">
    <mem type="tenure" free="6249528" total="8388608" percent="74">
      <mem type="soa" free="5830712" total="7969792" percent="73" />
      <mem type="loa" free="418816" total="418816" percent="100" />
    </mem>
    <pending-finalizers system="1" default="0" reference="359" classloader="0" />
  </mem-info>
</gc-end>
<cycle-end id="45" type="global" contextid="35" timestamp="2019-08-02T18:57:44.283" />
  <attribute name="elasticGC enabled" value="1" />
  <attribute name= "numThreadsSpecified" value="0" />
  <attribute name="heapSize specified" value="8388608" />
  <attribute name= "numCores" value="8" />
  <attribute name ="GC Interval" value="0" />
  <attribute name ="Control flow" value="3" />
  <attribute name="GC Util Range Max" value="83" />
  <attribute name="Current GC Util" value="30" />
  <attribute name= "Current Time Running" value="1008" />
<allocation-satisfied id="46" threadId="00000000018F8A00" bytesRequested="88" />
<af-end id="47" timestamp="2019-08-02T18:57:44.283" threadId="00000000018F9388" success="true" />
<exclusive-end id="48" timestamp="2019-08-02T18:57:44.283" durationms="12.215" />

<exclusive-start id="49" timestamp="2019-08-02T18:57:47.382" intervalms="3110.668">
  <response-info timems="0.031" idlems="0.031" threads="0" lastid="00000000018F8A00" lastname="main" />
</exclusive-start>
<af-start id="50" threadId="00000000018F9388" totalBytesRequested="88" timestamp="2019-08-02T18:57:47.382" intervalms="3110.621" />
<cycle-start id="51" type="global" contextid="0" timestamp="2019-08-02T18:57:47.382" intervalms="3110.510" />
<gc-start id="52" type="global" contextid="51" timestamp="2019-08-02T18:57:47.382">
  <mem-info id="53" free="418816" total="8388608" percent="4">
    <mem type="tenure" free="418816" total="8388608" percent="4">
      <mem type="soa" free="0" total="7969792" percent="0" />
      <mem type="loa" free="418816" total="418816" percent="100" />
    </mem>
  </mem-info>
</gc-start>
<allocation-stats totalBytes="5818776" >
  <allocated-bytes non-tlh="129056" tlh="5689720" />
  <largest-consumer threadName="main" threadId="00000000018F8A00" bytes="5806944" />
</allocation-stats>
<gc-op id="54" type="mark" timems="1.643" contextid="51" timestamp="2019-08-02T18:57:47.384">
  <trace-info objectcount="42178" scancount="34268" scanbytes="1141092" />
  <finalization candidates="65" enqueued="0" />
  <ownableSynchronizers candidates="17" cleared="0" />
  <references type="soft" candidates="629" cleared="0" enqueued="0" dynamicThreshold="23" maxThreshold="32" />
  <references type="weak" candidates="1833" cleared="37" enqueued="37" />
  <references type="phantom" candidates="98" cleared="3" enqueued="3" />
  <stringconstants candidates="5272" cleared="0"  />
</gc-op>
<gc-op id="55" type="sweep" timems="0.290" contextid="51" timestamp="2019-08-02T18:57:47.384" />
<mem-info id="56" free="5790744" total="8388608" percent="69">
  <mem type="tenure" free="5790744" total="8388608" percent="69" micro-fragmented="42010">
    <mem type="soa" free="5371928" total="7969792" percent="67" />
    <mem type="loa" free="418816" total="418816" percent="100" />
  </mem>
  <pending-finalizers system="0" default="0" reference="40" classloader="0" />
</mem-info>
<gc-op id="57" type="compact" timems="9.038" contextid="51" timestamp="2019-08-02T18:57:47.393">
  <compact-info movecount="40717" movebytes="2412088" reason="no compaction" />
</gc-op>
<gc-end id="58" type="global" contextid="51" durationms="11.561" usertimems="16.000" systemtimems="0.000" timestamp="2019-08-02T18:57:47.394" activeThreads="8">
  <mem-info id="59" free="5923880" total="8388608" percent="70">
    <mem type="tenure" free="5923880" total="8388608" percent="70">
      <mem type="soa" free="5505064" total="7969792" percent="69" />
      <mem type="loa" free="418816" total="418816" percent="100" />
    </mem>
    <pending-finalizers system="0" default="0" reference="40" classloader="0" />
  </mem-info>
</gc-end>
<cycle-end id="60" type="global" contextid="51" timestamp="2019-08-02T18:57:47.394" />
  <attribute name="elasticGC enabled" value="1" />
  <attribute name= "numThreadsSpecified" value="0" />
  <attribute name="heapSize specified" value="8388608" />
  <attribute name= "numCores" value="8" />
  <attribute name ="GC Interval" value="0" />
  <attribute name ="Control flow" value="3" />
  <attribute name="GC Util Range Max" value="83" />
  <attribute name="Current GC Util" value="31" />
  <attribute name= "Current Time Running" value="4119" />
<allocation-satisfied id="61" threadId="00000000018F8A00" bytesRequested="88" />
<af-end id="62" timestamp="2019-08-02T18:57:47.394" threadId="00000000018F9388" success="true" />
<exclusive-end id="63" timestamp="2019-08-02T18:57:47.394" durationms="12.546" />

<exclusive-start id="64" timestamp="2019-08-02T18:57:47.540" intervalms="157.904">
  <response-info timems="0.038" idlems="0.038" threads="0" lastid="00000000018F8A00" lastname="main" />
</exclusive-start>
<af-start id="65" threadId="00000000018F9388" totalBytesRequested="88" timestamp="2019-08-02T18:57:47.540" intervalms="157.852" />
<cycle-start id="66" type="global" contextid="0" timestamp="2019-08-02T18:57:47.540" intervalms="157.817" />
<gc-start id="67" type="global" contextid="66" timestamp="2019-08-02T18:57:47.540">
  <mem-info id="68" free="418816" total="8388608" percent="4">
    <mem type="tenure" free="418816" total="8388608" percent="4">
      <mem type="soa" free="0" total="7969792" percent="0" />
      <mem type="loa" free="418816" total="418816" percent="100" />
    </mem>
  </mem-info>
</gc-start>
<allocation-stats totalBytes="5409568" >
  <allocated-bytes non-tlh="575152" tlh="4834416" />
  <largest-consumer threadName="main" threadId="00000000018F8A00" bytes="5340568" />
</allocation-stats>
<gc-op id="69" type="mark" timems="2.447" contextid="66" timestamp="2019-08-02T18:57:47.542">
  <trace-info objectcount="53028" scancount="43747" scanbytes="1483616" />
  <finalization candidates="80" enqueued="0" />
  <ownableSynchronizers candidates="21" cleared="0" />
  <references type="soft" candidates="968" cleared="0" enqueued="0" dynamicThreshold="22" maxThreshold="32" />
  <references type="weak" candidates="3403" cleared="456" enqueued="308" />
  <references type="phantom" candidates="105" cleared="4" enqueued="4" />
  <stringconstants candidates="6272" cleared="0"  />
</gc-op>
<gc-op id="70" type="classunload" timems="0.003" contextid="66" timestamp="2019-08-02T18:57:47.543">
  <classunload-info classloadercandidates="11" classloadersunloaded="0" classesunloaded="0" anonymousclassesunloaded="0" quiescems="0.000" setupms="0.002" scanms="0.001" postms="0.000" />
</gc-op>
<gc-op id="71" type="sweep" timems="0.380" contextid="66" timestamp="2019-08-02T18:57:47.543" />
<mem-info id="72" free="4695504" total="8388608" percent="55">
  <mem type="tenure" free="4695504" total="8388608" percent="55" micro-fragmented="189406">
    <mem type="soa" free="4276688" total="7969792" percent="53" />
    <mem type="loa" free="418816" total="418816" percent="100" />
  </mem>
  <pending-finalizers system="0" default="0" reference="312" classloader="0" />
</mem-info>
<gc-op id="73" type="compact" timems="11.944" contextid="66" timestamp="2019-08-02T18:57:47.555">
  <compact-info movecount="52274" movebytes="3400720" reason="no compaction" />
</gc-op>
<gc-end id="74" type="global" contextid="66" durationms="15.712" usertimems="20.000" systemtimems="0.000" timestamp="2019-08-02T18:57:47.556" activeThreads="8">
  <mem-info id="75" free="4966720" total="8388608" percent="59">
    <mem type="tenure" free="4966720" total="8388608" percent="59">
      <mem type="soa" free="4547904" total="7969792" percent="57" />
      <mem type="loa" free="418816" total="418816" percent="100" />
    </mem>
    <pending-finalizers system="0" default="0" reference="312" classloader="0" />
  </mem-info>
</gc-end>
<cycle-end id="76" type="global" contextid="66" timestamp="2019-08-02T18:57:47.556" />
  <attribute name="elasticGC enabled" value="1" />
  <attribute name= "numThreadsSpecified" value="0" />
  <attribute name="heapSize specified" value="8388608" />
  <attribute name= "numCores" value="8" />
  <attribute name ="GC Interval" value="0" />
  <attribute name ="Control flow" value="3" />
  <attribute name="GC Util Range Max" value="83" />
  <attribute name="Current GC Util" value="28" />
  <attribute name= "Current Time Running" value="4281" />
<allocation-satisfied id="77" threadId="00000000018F8A00" bytesRequested="88" />
<af-end id="78" timestamp="2019-08-02T18:57:47.556" threadId="00000000018F9388" success="true" />
<exclusive-end id="79" timestamp="2019-08-02T18:57:47.556" durationms="16.635" />

<exclusive-start id="80" timestamp="2019-08-02T18:57:47.687" intervalms="147.463">
  <response-info timems="0.032" idlems="0.032" threads="0" lastid="00000000018F8A00" lastname="main" />
</exclusive-start>
<af-start id="81" threadId="00000000018F9388" totalBytesRequested="88" timestamp="2019-08-02T18:57:47.687" intervalms="147.467" />
<cycle-start id="82" type="global" contextid="0" timestamp="2019-08-02T18:57:47.687" intervalms="147.464" />
<gc-start id="83" type="global" contextid="82" timestamp="2019-08-02T18:57:47.687">
  <mem-info id="84" free="418816" total="8388608" percent="4">
    <mem type="tenure" free="418816" total="8388608" percent="4">
      <mem type="soa" free="0" total="7969792" percent="0" />
      <mem type="loa" free="418816" total="418816" percent="100" />
    </mem>
  </mem-info>
</gc-start>
<allocation-stats totalBytes="4544336" >
  <allocated-bytes non-tlh="1039864" tlh="3504472" />
  <largest-consumer threadName="main" threadId="00000000018F8A00" bytes="4536144" />
</allocation-stats>
<gc-op id="85" type="mark" timems="1.895" contextid="82" timestamp="2019-08-02T18:57:47.689">
  <trace-info objectcount="61022" scancount="50354" scanbytes="1748056" />
  <finalization candidates="80" enqueued="0" />
  <ownableSynchronizers candidates="21" cleared="0" />
  <references type="soft" candidates="1022" cleared="0" enqueued="0" dynamicThreshold="18" maxThreshold="32" />
  <references type="weak" candidates="3082" cleared="3" enqueued="3" />
  <references type="phantom" candidates="101" cleared="0" enqueued="0" />
  <stringconstants candidates="6954" cleared="0"  />
</gc-op>
<gc-op id="86" type="sweep" timems="0.294" contextid="82" timestamp="2019-08-02T18:57:47.690" />
<mem-info id="87" free="4241184" total="8388608" percent="50">
  <mem type="tenure" free="4241184" total="8388608" percent="50" micro-fragmented="48317">
    <mem type="soa" free="3822368" total="7969792" percent="47" />
    <mem type="loa" free="418816" total="418816" percent="100" />
  </mem>
  <pending-finalizers system="0" default="0" reference="3" classloader="0" />
</mem-info>
<gc-op id="88" type="compact" timems="9.054" contextid="82" timestamp="2019-08-02T18:57:47.699">
  <compact-info movecount="36777" movebytes="2334456" reason="no compaction" />
</gc-op>
<gc-end id="89" type="global" contextid="82" durationms="11.894" usertimems="16.000" systemtimems="0.000" timestamp="2019-08-02T18:57:47.699" activeThreads="8">
  <mem-info id="90" free="4348144" total="8388608" percent="51">
    <mem type="tenure" free="4348144" total="8388608" percent="51">
      <mem type="soa" free="3929328" total="7969792" percent="49" />
      <mem type="loa" free="418816" total="418816" percent="100" />
    </mem>
    <pending-finalizers system="0" default="0" reference="3" classloader="0" />
  </mem-info>
</gc-end>
<cycle-end id="91" type="global" contextid="82" timestamp="2019-08-02T18:57:47.699" />
  <attribute name="elasticGC enabled" value="1" />
  <attribute name= "numThreadsSpecified" value="0" />
  <attribute name="heapSize specified" value="8388608" />
  <attribute name= "numCores" value="8" />
  <attribute name ="GC Interval" value="0" />
  <attribute name ="Control flow" value="3" />
  <attribute name="GC Util Range Max" value="83" />
  <attribute name="Current GC Util" value="31" />
  <attribute name= "Current Time Running" value="4425" />
<allocation-satisfied id="92" threadId="00000000018F8A00" bytesRequested="88" />
<af-end id="93" timestamp="2019-08-02T18:57:47.700" threadId="00000000018F9388" success="true" />
<exclusive-end id="94" timestamp="2019-08-02T18:57:47.700" durationms="12.790" />

<exclusive-start id="95" timestamp="2019-08-02T18:57:47.794" intervalms="106.986">
  <response-info timems="0.038" idlems="0.038" threads="0" lastid="00000000018F8A00" lastname="main" />
</exclusive-start>
<af-start id="96" threadId="00000000018F9388" totalBytesRequested="23264" timestamp="2019-08-02T18:57:47.794" intervalms="106.973" />
<cycle-start id="97" type="global" contextid="0" timestamp="2019-08-02T18:57:47.794" intervalms="106.972" />
<gc-start id="98" type="global" contextid="97" timestamp="2019-08-02T18:57:47.794">
  <mem-info id="99" free="418816" total="8388608" percent="4">
    <mem type="tenure" free="418816" total="8388608" percent="4">
      <mem type="soa" free="0" total="7969792" percent="0" />
      <mem type="loa" free="418816" total="418816" percent="100" />
    </mem>
  </mem-info>
</gc-start>
<allocation-stats totalBytes="3912984" >
  <allocated-bytes non-tlh="58576" tlh="3854408" />
  <largest-consumer threadName="main" threadId="00000000018F8A00" bytes="3912984" />
</allocation-stats>
<gc-op id="100" type="mark" timems="4.010" contextid="97" timestamp="2019-08-02T18:57:47.798">
  <trace-info objectcount="64640" scancount="53487" scanbytes="1863372" />
  <finalization candidates="80" enqueued="0" />
  <ownableSynchronizers candidates="21" cleared="0" />
  <references type="soft" candidates="1022" cleared="0" enqueued="0" dynamicThreshold="16" maxThreshold="32" />
  <references type="weak" candidates="3452" cleared="0" enqueued="0" />
  <references type="phantom" candidates="102" cleared="0" enqueued="0" />
  <stringconstants candidates="7306" cleared="0"  />
</gc-op>
<gc-op id="101" type="sweep" timems="0.282" contextid="97" timestamp="2019-08-02T18:57:47.799" />
<mem-info id="102" free="4105672" total="8388608" percent="48">
  <mem type="tenure" free="4105672" total="8388608" percent="48" micro-fragmented="10511">
    <mem type="soa" free="3686856" total="7969792" percent="46" />
    <mem type="loa" free="418816" total="418816" percent="100" />
  </mem>
</mem-info>
<gc-op id="103" type="compact" timems="6.808" contextid="97" timestamp="2019-08-02T18:57:47.806">
  <compact-info movecount="26918" movebytes="2027600" reason="no compaction" />
</gc-op>
<gc-end id="104" type="global" contextid="97" durationms="11.867" usertimems="12.000" systemtimems="8.000" timestamp="2019-08-02T18:57:47.806" activeThreads="8">
  <mem-info id="105" free="4100760" total="8388608" percent="48">
    <mem type="tenure" free="4100760" total="8388608" percent="48">
      <mem type="soa" free="3681944" total="7969792" percent="46" />
      <mem type="loa" free="418816" total="418816" percent="100" />
    </mem>
  </mem-info>
</gc-end>
<cycle-end id="106" type="global" contextid="97" timestamp="2019-08-02T18:57:47.806" />
  <attribute name="elasticGC enabled" value="1" />
  <attribute name= "numThreadsSpecified" value="0" />
  <attribute name="heapSize specified" value="8388608" />
  <attribute name= "numCores" value="8" />
  <attribute name ="GC Interval" value="0" />
  <attribute name ="Control flow" value="3" />
  <attribute name="GC Util Range Max" value="83" />
  <attribute name="Current GC Util" value="36" />
  <attribute name= "Current Time Running" value="4531" />
<allocation-satisfied id="107" threadId="00000000018F8A00" bytesRequested="23264" />
<af-end id="108" timestamp="2019-08-02T18:57:47.807" threadId="00000000018F9388" success="true" />
<exclusive-end id="109" timestamp="2019-08-02T18:57:47.807" durationms="12.707" />

<exclusive-start id="110" timestamp="2019-08-02T18:57:47.864" intervalms="70.170">
  <response-info timems="0.037" idlems="0.037" threads="0" lastid="00000000018F8A00" lastname="main" />
</exclusive-start>
<af-start id="111" threadId="00000000018F9388" totalBytesRequested="23288" timestamp="2019-08-02T18:57:47.864" intervalms="70.168" />
<cycle-start id="112" type="global" contextid="0" timestamp="2019-08-02T18:57:47.864" intervalms="70.169" />
<gc-start id="113" type="global" contextid="112" timestamp="2019-08-02T18:57:47.864">
  <mem-info id="114" free="418816" total="8388608" percent="4">
    <mem type="tenure" free="418816" total="8388608" percent="4">
      <mem type="soa" free="0" total="7969792" percent="0" />
      <mem type="loa" free="418816" total="418816" percent="100" />
    </mem>
  </mem-info>
</gc-start>
<allocation-stats totalBytes="3721504" >
  <allocated-bytes non-tlh="23216" tlh="3698288" />
  <largest-consumer threadName="main" threadId="00000000018F8A00" bytes="3721504" />
</allocation-stats>
<gc-op id="115" type="mark" timems="3.308" contextid="112" timestamp="2019-08-02T18:57:47.868">
  <trace-info objectcount="69028" scancount="57295" scanbytes="2007888" />
  <finalization candidates="80" enqueued="0" />
  <ownableSynchronizers candidates="21" cleared="0" />
  <references type="soft" candidates="1022" cleared="0" enqueued="0" dynamicThreshold="15" maxThreshold="32" />
  <references type="weak" candidates="3620" cleared="0" enqueued="0" />
  <references type="phantom" candidates="102" cleared="0" enqueued="0" />
  <stringconstants candidates="7434" cleared="0"  />
</gc-op>
<gc-op id="116" type="sweep" timems="0.282" contextid="112" timestamp="2019-08-02T18:57:47.868" />
<mem-info id="117" free="3875312" total="8388608" percent="46">
  <mem type="tenure" free="3875312" total="8388608" percent="46" micro-fragmented="59016">
    <mem type="soa" free="3456496" total="7969792" percent="43" />
    <mem type="loa" free="418816" total="418816" percent="100" />
  </mem>
</mem-info>
<gc-op id="118" type="compact" timems="6.624" contextid="112" timestamp="2019-08-02T18:57:47.875">
  <compact-info movecount="15163" movebytes="677264" reason="no compaction" />
</gc-op>
<gc-end id="119" type="global" contextid="112" durationms="10.961" usertimems="16.000" systemtimems="0.000" timestamp="2019-08-02T18:57:47.875" activeThreads="8">
  <mem-info id="120" free="3931736" total="8388608" percent="46">
    <mem type="tenure" free="3931736" total="8388608" percent="46">
      <mem type="soa" free="3512920" total="7969792" percent="44" />
      <mem type="loa" free="418816" total="418816" percent="100" />
    </mem>
  </mem-info>
</gc-end>
<cycle-end id="121" type="global" contextid="112" timestamp="2019-08-02T18:57:47.876" />
  <attribute name="elasticGC enabled" value="1" />
  <attribute name= "numThreadsSpecified" value="0" />
  <attribute name="heapSize specified" value="8388608" />
  <attribute name= "numCores" value="8" />
  <attribute name ="GC Interval" value="0" />
  <attribute name ="Control flow" value="3" />
  <attribute name="GC Util Range Max" value="83" />
  <attribute name="Current GC Util" value="52" />
  <attribute name= "Current Time Running" value="4601" />
<allocation-satisfied id="122" threadId="00000000018F8A00" bytesRequested="23288" />
<af-end id="123" timestamp="2019-08-02T18:57:47.876" threadId="00000000018F9388" success="true" />
<exclusive-end id="124" timestamp="2019-08-02T18:57:47.876" durationms="11.809" />

<exclusive-start id="125" timestamp="2019-08-02T18:57:47.922" intervalms="57.738">
  <response-info timems="0.057" idlems="0.057" threads="0" lastid="00000000018F8A00" lastname="main" />
</exclusive-start>
<af-start id="126" threadId="00000000018F9388" totalBytesRequested="88" timestamp="2019-08-02T18:57:47.922" intervalms="57.795" />
<cycle-start id="127" type="global" contextid="0" timestamp="2019-08-02T18:57:47.922" intervalms="57.808" />
<gc-start id="128" type="global" contextid="127" timestamp="2019-08-02T18:57:47.922">
  <mem-info id="129" free="418816" total="8388608" percent="4">
    <mem type="tenure" free="418816" total="8388608" percent="4">
      <mem type="soa" free="0" total="7969792" percent="0" />
      <mem type="loa" free="418816" total="418816" percent="100" />
    </mem>
  </mem-info>
</gc-start>
<allocation-stats totalBytes="3575960" >
  <allocated-bytes non-tlh="20688" tlh="3555272" />
  <largest-consumer threadName="main" threadId="00000000018F8A00" bytes="3575960" />
</allocation-stats>
<gc-op id="130" type="mark" timems="7.270" contextid="127" timestamp="2019-08-02T18:57:47.930">
  <trace-info objectcount="70665" scancount="58595" scanbytes="2005792" />
  <finalization candidates="80" enqueued="0" />
  <ownableSynchronizers candidates="21" cleared="0" />
  <references type="soft" candidates="1022" cleared="0" enqueued="0" dynamicThreshold="14" maxThreshold="32" />
  <references type="weak" candidates="3744" cleared="1" enqueued="1" />
  <references type="phantom" candidates="100" cleared="0" enqueued="0" />
  <stringconstants candidates="7562" cleared="0"  />
</gc-op>
<gc-op id="131" type="sweep" timems="0.366" contextid="127" timestamp="2019-08-02T18:57:47.930" />
<mem-info id="132" free="4032336" total="8388608" percent="48">
  <mem type="tenure" free="4032336" total="8388608" percent="48" micro-fragmented="153566">
    <mem type="soa" free="3613520" total="7969792" percent="45" />
    <mem type="loa" free="418816" total="418816" percent="100" />
  </mem>
  <pending-finalizers system="0" default="0" reference="1" classloader="0" />
</mem-info>
<gc-op id="133" type="compact" timems="12.976" contextid="127" timestamp="2019-08-02T18:57:47.943">
  <compact-info movecount="39793" movebytes="2213240" reason="no compaction" />
</gc-op>
<gc-end id="134" type="global" contextid="127" durationms="21.393" usertimems="24.000" systemtimems="0.000" timestamp="2019-08-02T18:57:47.944" activeThreads="8">
  <mem-info id="135" free="4245192" total="8388608" percent="50">
    <mem type="tenure" free="4245192" total="8388608" percent="50">
      <mem type="soa" free="3826376" total="7969792" percent="48" />
      <mem type="loa" free="418816" total="418816" percent="100" />
    </mem>
    <pending-finalizers system="0" default="0" reference="1" classloader="0" />
  </mem-info>
</gc-end>
<cycle-end id="136" type="global" contextid="127" timestamp="2019-08-02T18:57:47.944" />
  <attribute name="elasticGC enabled" value="1" />
  <attribute name= "numThreadsSpecified" value="0" />
  <attribute name="heapSize specified" value="8388608" />
  <attribute name= "numCores" value="8" />
  <attribute name ="GC Interval" value="0" />
  <attribute name ="Control flow" value="3" />
  <attribute name="GC Util Range Max" value="83" />
  <attribute name="Current GC Util" value="46" />
  <attribute name= "Current Time Running" value="4669" />
<allocation-satisfied id="137" threadId="00000000018F8A00" bytesRequested="88" />
<af-end id="138" timestamp="2019-08-02T18:57:47.944" threadId="00000000018F9388" success="true" />
<exclusive-end id="139" timestamp="2019-08-02T18:57:47.944" durationms="22.348" />

<exclusive-start id="140" timestamp="2019-08-02T18:57:47.996" intervalms="74.104">
  <response-info timems="0.025" idlems="0.025" threads="0" lastid="00000000018F8A00" lastname="main" />
</exclusive-start>
<af-start id="141" threadId="00000000018F9388" totalBytesRequested="88" timestamp="2019-08-02T18:57:47.996" intervalms="74.079" />
<cycle-start id="142" type="global" contextid="0" timestamp="2019-08-02T18:57:47.996" intervalms="74.104" />
<gc-start id="143" type="global" contextid="142" timestamp="2019-08-02T18:57:47.996">
  <mem-info id="144" free="418816" total="8388608" percent="4">
    <mem type="tenure" free="418816" total="8388608" percent="4">
      <mem type="soa" free="0" total="7969792" percent="0" />
      <mem type="loa" free="418816" total="418816" percent="100" />
    </mem>
  </mem-info>
</gc-start>
<allocation-stats totalBytes="3824160" >
  <allocated-bytes non-tlh="80488" tlh="3743672" />
  <largest-consumer threadName="main" threadId="00000000018F8A00" bytes="3824160" />
</allocation-stats>
<gc-op id="145" type="mark" timems="4.212" contextid="142" timestamp="2019-08-02T18:57:48.001">
  <trace-info objectcount="62434" scancount="51252" scanbytes="1723484" />
  <finalization candidates="80" enqueued="0" />
  <ownableSynchronizers candidates="21" cleared="0" />
  <references type="soft" candidates="1095" cleared="0" enqueued="0" dynamicThreshold="16" maxThreshold="32" />
  <references type="weak" candidates="3767" cleared="5" enqueued="5" />
  <references type="phantom" candidates="100" cleared="0" enqueued="0" />
  <stringconstants candidates="7733" cleared="13"  />
</gc-op>
<gc-op id="146" type="sweep" timems="0.249" contextid="142" timestamp="2019-08-02T18:57:48.001" />
<mem-info id="147" free="4550424" total="8388608" percent="54">
  <mem type="tenure" free="4550424" total="8388608" percent="54" micro-fragmented="22422">
    <mem type="soa" free="4131608" total="7969792" percent="51" />
    <mem type="loa" free="418816" total="418816" percent="100" />
  </mem>
  <pending-finalizers system="0" default="0" reference="5" classloader="0" />
</mem-info>
<gc-op id="148" type="compact" timems="11.207" contextid="142" timestamp="2019-08-02T18:57:48.013">
  <compact-info movecount="42431" movebytes="2255856" reason="no compaction" />
</gc-op>
<gc-end id="149" type="global" contextid="142" durationms="16.390" usertimems="24.000" systemtimems="0.000" timestamp="2019-08-02T18:57:48.013" activeThreads="8">
  <mem-info id="150" free="4591344" total="8388608" percent="54">
    <mem type="tenure" free="4591344" total="8388608" percent="54">
      <mem type="soa" free="4172528" total="7969792" percent="52" />
      <mem type="loa" free="418816" total="418816" percent="100" />
    </mem>
    <pending-finalizers system="0" default="0" reference="5" classloader="0" />
  </mem-info>
</gc-end>
<cycle-end id="151" type="global" contextid="142" timestamp="2019-08-02T18:57:48.013" />
  <attribute name="elasticGC enabled" value="1" />
  <attribute name= "numThreadsSpecified" value="0" />
  <attribute name="heapSize specified" value="8388608" />
  <attribute name= "numCores" value="8" />
  <attribute name ="GC Interval" value="0" />
  <attribute name ="Control flow" value="3" />
  <attribute name="GC Util Range Max" value="83" />
  <attribute name="Current GC Util" value="44" />
  <attribute name= "Current Time Running" value="4738" />
<allocation-satisfied id="152" threadId="00000000018F8A00" bytesRequested="88" />
<af-end id="153" timestamp="2019-08-02T18:57:48.013" threadId="00000000018F9388" success="true" />
<exclusive-end id="154" timestamp="2019-08-02T18:57:48.013" durationms="17.266" />

<exclusive-start id="155" timestamp="2019-08-02T18:57:48.063" intervalms="66.454">
  <response-info timems="0.063" idlems="0.063" threads="0" lastid="00000000018F8A00" lastname="main" />
</exclusive-start>
<af-start id="156" threadId="00000000018F9388" totalBytesRequested="32" timestamp="2019-08-02T18:57:48.063" intervalms="66.471" />
<cycle-start id="157" type="global" contextid="0" timestamp="2019-08-02T18:57:48.063" intervalms="66.470" />
<gc-start id="158" type="global" contextid="157" timestamp="2019-08-02T18:57:48.063">
  <mem-info id="159" free="418816" total="8388608" percent="4">
    <mem type="tenure" free="418816" total="8388608" percent="4">
      <mem type="soa" free="0" total="7969792" percent="0" />
      <mem type="loa" free="418816" total="418816" percent="100" />
    </mem>
  </mem-info>
</gc-start>
<allocation-stats totalBytes="4171784" >
  <allocated-bytes non-tlh="321872" tlh="3849912" />
  <largest-consumer threadName="main" threadId="00000000018F8A00" bytes="4163536" />
</allocation-stats>
<gc-op id="160" type="mark" timems="3.135" contextid="157" timestamp="2019-08-02T18:57:48.066">
  <trace-info objectcount="71777" scancount="59691" scanbytes="2119128" />
  <finalization candidates="80" enqueued="0" />
  <ownableSynchronizers candidates="21" cleared="0" />
  <references type="soft" candidates="1097" cleared="0" enqueued="0" dynamicThreshold="17" maxThreshold="32" />
  <references type="weak" candidates="3807" cleared="4" enqueued="4" />
  <references type="phantom" candidates="101" cleared="0" enqueued="0" />
  <stringconstants candidates="7821" cleared="0"  />
</gc-op>
<gc-op id="161" type="sweep" timems="0.279" contextid="157" timestamp="2019-08-02T18:57:48.067" />
<mem-info id="162" free="3635256" total="8388608" percent="43">
  <mem type="tenure" free="3635256" total="8388608" percent="43" micro-fragmented="151808">
    <mem type="soa" free="3216440" total="7969792" percent="40" />
    <mem type="loa" free="418816" total="418816" percent="100" />
  </mem>
  <pending-finalizers system="0" default="0" reference="4" classloader="0" />
</mem-info>
<gc-op id="163" type="compact" timems="7.154" contextid="157" timestamp="2019-08-02T18:57:48.074">
  <compact-info movecount="19275" movebytes="1427800" reason="no compaction" />
</gc-op>
<gc-end id="164" type="global" contextid="157" durationms="11.494" usertimems="16.000" systemtimems="0.000" timestamp="2019-08-02T18:57:48.074" activeThreads="8">
  <mem-info id="165" free="3771984" total="8388608" percent="44">
    <mem type="tenure" free="3771984" total="8388608" percent="44">
      <mem type="soa" free="3353168" total="7969792" percent="42" />
      <mem type="loa" free="418816" total="418816" percent="100" />
    </mem>
    <pending-finalizers system="0" default="0" reference="4" classloader="0" />
  </mem-info>
</gc-end>
<cycle-end id="166" type="global" contextid="157" timestamp="2019-08-02T18:57:48.075" />
  <attribute name="elasticGC enabled" value="1" />
  <attribute name= "numThreadsSpecified" value="0" />
  <attribute name="heapSize specified" value="8388608" />
  <attribute name= "numCores" value="8" />
  <attribute name ="GC Interval" value="0" />
  <attribute name ="Control flow" value="3" />
  <attribute name="GC Util Range Max" value="83" />
  <attribute name="Current GC Util" value="64" />
  <attribute name= "Current Time Running" value="4800" />
<allocation-satisfied id="167" threadId="00000000018F8A00" bytesRequested="32" />
<af-end id="168" timestamp="2019-08-02T18:57:48.075" threadId="00000000018F9388" success="true" />
<exclusive-end id="169" timestamp="2019-08-02T18:57:48.075" durationms="12.560" />

<exclusive-start id="170" timestamp="2019-08-02T18:57:48.102" intervalms="39.470">
  <response-info timems="0.069" idlems="0.069" threads="0" lastid="00000000018F8A00" lastname="main" />
</exclusive-start>
<af-start id="171" threadId="00000000018F9388" totalBytesRequested="48" timestamp="2019-08-02T18:57:48.102" intervalms="39.464" />
<cycle-start id="172" type="global" contextid="0" timestamp="2019-08-02T18:57:48.102" intervalms="39.465" />
<gc-start id="173" type="global" contextid="172" timestamp="2019-08-02T18:57:48.102">
  <mem-info id="174" free="418816" total="8388608" percent="4">
    <mem type="tenure" free="418816" total="8388608" percent="4">
      <mem type="soa" free="0" total="7969792" percent="0" />
      <mem type="loa" free="418816" total="418816" percent="100" />
    </mem>
  </mem-info>
</gc-start>
<allocation-stats totalBytes="3417752" >
  <allocated-bytes non-tlh="4760" tlh="3412992" />
  <largest-consumer threadName="main" threadId="00000000018F8A00" bytes="3417752" />
</allocation-stats>
<gc-op id="175" type="mark" timems="2.186" contextid="172" timestamp="2019-08-02T18:57:48.105">
  <trace-info objectcount="76494" scancount="63922" scanbytes="2279200" />
  <finalization candidates="80" enqueued="0" />
  <ownableSynchronizers candidates="21" cleared="0" />
  <references type="soft" candidates="1097" cleared="0" enqueued="0" dynamicThreshold="14" maxThreshold="32" />
  <references type="weak" candidates="3841" cleared="0" enqueued="0" />
  <references type="phantom" candidates="101" cleared="0" enqueued="0" />
  <stringconstants candidates="7847" cleared="0"  />
</gc-op>
<gc-op id="176" type="sweep" timems="0.320" contextid="172" timestamp="2019-08-02T18:57:48.105" />
<mem-info id="177" free="3520752" total="8388608" percent="41">
  <mem type="tenure" free="3520752" total="8388608" percent="41" micro-fragmented="71303">
    <mem type="soa" free="3101936" total="7969792" percent="38" />
    <mem type="loa" free="418816" total="418816" percent="100" />
  </mem>
</mem-info>
<gc-op id="178" type="compact" timems="5.873" contextid="172" timestamp="2019-08-02T18:57:48.111">
  <compact-info movecount="19313" movebytes="1163744" reason="no compaction" />
</gc-op>
<gc-end id="179" type="global" contextid="172" durationms="9.274" usertimems="16.000" systemtimems="0.000" timestamp="2019-08-02T18:57:48.112" activeThreads="8">
  <mem-info id="180" free="3595584" total="8388608" percent="42">
    <mem type="tenure" free="3595584" total="8388608" percent="42">
      <mem type="soa" free="3176768" total="7969792" percent="39" />
      <mem type="loa" free="418816" total="418816" percent="100" />
    </mem>
  </mem-info>
</gc-end>
<cycle-end id="181" type="global" contextid="172" timestamp="2019-08-02T18:57:48.112" />
  <attribute name="elasticGC enabled" value="1" />
  <attribute name= "numThreadsSpecified" value="0" />
  <attribute name="heapSize specified" value="8388608" />
  <attribute name= "numCores" value="8" />
  <attribute name ="GC Interval" value="0" />
  <attribute name ="Control flow" value="3" />
  <attribute name="GC Util Range Max" value="83" />
  <attribute name="Current GC Util" value="31" />
  <attribute name= "Current Time Running" value="4837" />
<allocation-satisfied id="182" threadId="00000000018F8A00" bytesRequested="48" />
<af-end id="183" timestamp="2019-08-02T18:57:48.112" threadId="00000000018F9388" success="true" />
<exclusive-end id="184" timestamp="2019-08-02T18:57:48.112" durationms="10.317" />

<exclusive-start id="185" timestamp="2019-08-02T18:57:48.135" intervalms="33.032">
  <response-info timems="0.111" idlems="0.111" threads="0" lastid="00000000018F8A00" lastname="main" />
</exclusive-start>
<af-start id="186" threadId="00000000018F9388" totalBytesRequested="56" timestamp="2019-08-02T18:57:48.135" intervalms="33.011" />
<cycle-start id="187" type="global" contextid="0" timestamp="2019-08-02T18:57:48.135" intervalms="33.040" />
<gc-start id="188" type="global" contextid="187" timestamp="2019-08-02T18:57:48.135">
  <mem-info id="189" free="418816" total="8388608" percent="4">
    <mem type="tenure" free="418816" total="8388608" percent="4">
      <mem type="soa" free="0" total="7969792" percent="0" />
      <mem type="loa" free="418816" total="418816" percent="100" />
    </mem>
  </mem-info>
</gc-start>
<allocation-stats totalBytes="3241464" >
  <allocated-bytes non-tlh="2048" tlh="3239416" />
  <largest-consumer threadName="main" threadId="00000000018F8A00" bytes="3241464" />
</allocation-stats>
<gc-op id="190" type="mark" timems="2.067" contextid="187" timestamp="2019-08-02T18:57:48.138">
  <trace-info objectcount="79291" scancount="66688" scanbytes="2310500" />
  <finalization candidates="80" enqueued="0" />
  <ownableSynchronizers candidates="21" cleared="0" />
  <references type="soft" candidates="1097" cleared="0" enqueued="0" dynamicThreshold="13" maxThreshold="32" />
  <references type="weak" candidates="3857" cleared="0" enqueued="0" />
  <references type="phantom" candidates="100" cleared="0" enqueued="0" />
  <stringconstants candidates="7861" cleared="0"  />
</gc-op>
<gc-op id="191" type="sweep" timems="0.281" contextid="187" timestamp="2019-08-02T18:57:48.138" />
<mem-info id="192" free="3551016" total="8388608" percent="42">
  <mem type="tenure" free="3551016" total="8388608" percent="42" micro-fragmented="176125">
    <mem type="soa" free="3132200" total="7969792" percent="39" />
    <mem type="loa" free="418816" total="418816" percent="100" />
  </mem>
</mem-info>
<gc-op id="193" type="compact" timems="6.314" contextid="187" timestamp="2019-08-02T18:57:48.144">
  <compact-info movecount="22548" movebytes="994800" reason="no compaction" />
</gc-op>
<gc-end id="194" type="global" contextid="187" durationms="9.417" usertimems="16.000" systemtimems="0.000" timestamp="2019-08-02T18:57:48.145" activeThreads="8">
  <mem-info id="195" free="3784032" total="8388608" percent="45">
    <mem type="tenure" free="3784032" total="8388608" percent="45">
      <mem type="soa" free="3365216" total="7969792" percent="42" />
      <mem type="loa" free="418816" total="418816" percent="100" />
    </mem>
  </mem-info>
</gc-end>
<cycle-end id="196" type="global" contextid="187" timestamp="2019-08-02T18:57:48.145" />
  <attribute name="elasticGC enabled" value="1" />
  <attribute name= "numThreadsSpecified" value="0" />
  <attribute name="heapSize specified" value="8388608" />
  <attribute name= "numCores" value="8" />
  <attribute name ="GC Interval" value="0" />
  <attribute name ="Control flow" value="3" />
  <attribute name="GC Util Range Max" value="83" />
  <attribute name="Current GC Util" value="29" />
  <attribute name= "Current Time Running" value="4870" />
<allocation-satisfied id="197" threadId="00000000018F8A00" bytesRequested="56" />
<af-end id="198" timestamp="2019-08-02T18:57:48.145" threadId="00000000018F9388" success="true" />
<exclusive-end id="199" timestamp="2019-08-02T18:57:48.145" durationms="10.320" />

<exclusive-start id="200" timestamp="2019-08-02T18:57:48.206" intervalms="70.620">
  <response-info timems="0.468" idlems="0.241" threads="1" lastid="00000000018FC600" lastname="JIT Compilation Thread-0" />
</exclusive-start>
<af-start id="201" threadId="00000000018F9388" totalBytesRequested="16" timestamp="2019-08-02T18:57:48.206" intervalms="70.678" />
<cycle-start id="202" type="global" contextid="0" timestamp="2019-08-02T18:57:48.206" intervalms="70.679" />
<gc-start id="203" type="global" contextid="202" timestamp="2019-08-02T18:57:48.206">
  <mem-info id="204" free="418816" total="8388608" percent="4">
    <mem type="tenure" free="418816" total="8388608" percent="4">
      <mem type="soa" free="0" total="7969792" percent="0" />
      <mem type="loa" free="418816" total="418816" percent="100" />
    </mem>
  </mem-info>
</gc-start>
<allocation-stats totalBytes="3429640" >
  <allocated-bytes non-tlh="53840" tlh="3375800" />
  <largest-consumer threadName="main" threadId="00000000018F8A00" bytes="3429640" />
</allocation-stats>
<gc-op id="205" type="mark" timems="2.008" contextid="202" timestamp="2019-08-02T18:57:48.208">
  <trace-info objectcount="68372" scancount="56565" scanbytes="1908832" />
  <finalization candidates="80" enqueued="0" />
  <ownableSynchronizers candidates="21" cleared="0" />
  <references type="soft" candidates="1317" cleared="0" enqueued="0" dynamicThreshold="14" maxThreshold="32" />
  <references type="weak" candidates="3975" cleared="7" enqueued="6" />
  <references type="phantom" candidates="100" cleared="0" enqueued="0" />
  <stringconstants candidates="8255" cleared="12"  />
</gc-op>
<gc-op id="206" type="sweep" timems="0.240" contextid="202" timestamp="2019-08-02T18:57:48.209" />
<mem-info id="207" free="4273408" total="8388608" percent="50">
  <mem type="tenure" free="4273408" total="8388608" percent="50" micro-fragmented="65883">
    <mem type="soa" free="3854592" total="7969792" percent="48" />
    <mem type="loa" free="418816" total="418816" percent="100" />
  </mem>
  <pending-finalizers system="0" default="0" reference="6" classloader="0" />
</mem-info>
<gc-op id="208" type="compact" timems="13.796" contextid="202" timestamp="2019-08-02T18:57:48.223">
  <compact-info movecount="57635" movebytes="3568392" reason="no compaction" />
</gc-op>
<gc-end id="209" type="global" contextid="202" durationms="16.751" usertimems="24.000" systemtimems="0.000" timestamp="2019-08-02T18:57:48.223" activeThreads="8">
  <mem-info id="210" free="4355520" total="8388608" percent="51">
    <mem type="tenure" free="4355520" total="8388608" percent="51">
      <mem type="soa" free="3936704" total="7969792" percent="49" />
      <mem type="loa" free="418816" total="418816" percent="100" />
    </mem>
    <pending-finalizers system="0" default="0" reference="6" classloader="0" />
  </mem-info>
</gc-end>
<cycle-end id="211" type="global" contextid="202" timestamp="2019-08-02T18:57:48.223" />
  <attribute name="elasticGC enabled" value="1" />
  <attribute name= "numThreadsSpecified" value="0" />
  <attribute name="heapSize specified" value="8388608" />
  <attribute name= "numCores" value="8" />
  <attribute name ="GC Interval" value="0" />
  <attribute name ="Control flow" value="3" />
  <attribute name="GC Util Range Max" value="83" />
  <attribute name="Current GC Util" value="27" />
  <attribute name= "Current Time Running" value="4948" />
<allocation-satisfied id="212" threadId="00000000018F8A00" bytesRequested="16" />
<af-end id="213" timestamp="2019-08-02T18:57:48.223" threadId="00000000018F9388" success="true" />
<exclusive-end id="214" timestamp="2019-08-02T18:57:48.224" durationms="17.882" />

<exclusive-start id="215" timestamp="2019-08-02T18:57:48.252" intervalms="46.414">
  <response-info timems="0.064" idlems="0.064" threads="0" lastid="00000000018F8A00" lastname="main" />
</exclusive-start>
<af-start id="216" threadId="00000000018F9388" totalBytesRequested="32" timestamp="2019-08-02T18:57:48.252" intervalms="46.396" />
<cycle-start id="217" type="global" contextid="0" timestamp="2019-08-02T18:57:48.252" intervalms="46.367" />
<gc-start id="218" type="global" contextid="217" timestamp="2019-08-02T18:57:48.252">
  <mem-info id="219" free="418816" total="8388608" percent="4">
    <mem type="tenure" free="418816" total="8388608" percent="4">
      <mem type="soa" free="0" total="7969792" percent="0" />
      <mem type="loa" free="418816" total="418816" percent="100" />
    </mem>
  </mem-info>
</gc-start>
<allocation-stats totalBytes="3936248" >
  <allocated-bytes non-tlh="203600" tlh="3732648" />
  <largest-consumer threadName="main" threadId="00000000018F8A00" bytes="3932152" />
</allocation-stats>
<heap-resize id="220" type="loa contract" space="tenure" amount="83968" count="1" timems="0.000" reason="contract underutilized loa" timestamp="2019-08-02T18:57:48.253" />
<gc-op id="221" type="mark" timems="3.251" contextid="217" timestamp="2019-08-02T18:57:48.256">
  <trace-info objectcount="77785" scancount="64986" scanbytes="2278932" />
  <finalization candidates="80" enqueued="0" />
  <ownableSynchronizers candidates="21" cleared="0" />
  <references type="soft" candidates="1321" cleared="0" enqueued="0" dynamicThreshold="16" maxThreshold="32" />
  <references type="weak" candidates="4233" cleared="2" enqueued="2" />
  <references type="phantom" candidates="101" cleared="0" enqueued="0" />
  <stringconstants candidates="8297" cleared="0"  />
</gc-op>
<gc-op id="222" type="classunload" timems="0.004" contextid="217" timestamp="2019-08-02T18:57:48.256">
  <classunload-info classloadercandidates="14" classloadersunloaded="0" classesunloaded="0" anonymousclassesunloaded="0" quiescems="0.000" setupms="0.003" scanms="0.000" postms="0.001" />
</gc-op>
<gc-op id="223" type="sweep" timems="0.301" contextid="217" timestamp="2019-08-02T18:57:48.257" />
<mem-info id="224" free="3385464" total="8388608" percent="40">
  <mem type="tenure" free="3385464" total="8388608" percent="40" micro-fragmented="255656">
    <mem type="soa" free="3050616" total="8053760" percent="37" />
    <mem type="loa" free="334848" total="334848" percent="100" />
  </mem>
  <pending-finalizers system="0" default="0" reference="2" classloader="0" />
</mem-info>
<gc-op id="225" type="compact" timems="12.065" contextid="217" timestamp="2019-08-02T18:57:48.269">
  <compact-info movecount="54566" movebytes="3058216" reason="no compaction" />
</gc-op>
<gc-end id="226" type="global" contextid="217" durationms="16.707" usertimems="24.000" systemtimems="0.000" timestamp="2019-08-02T18:57:48.269" activeThreads="8">
  <mem-info id="227" free="3592800" total="8388608" percent="42">
    <mem type="tenure" free="3592800" total="8388608" percent="42">
      <mem type="soa" free="3257952" total="8053760" percent="40" />
      <mem type="loa" free="334848" total="334848" percent="100" />
    </mem>
    <pending-finalizers system="0" default="0" reference="2" classloader="0" />
  </mem-info>
</gc-end>
<cycle-end id="228" type="global" contextid="217" timestamp="2019-08-02T18:57:48.269" />
  <attribute name="elasticGC enabled" value="1" />
  <attribute name= "numThreadsSpecified" value="0" />
  <attribute name="heapSize specified" value="8388608" />
  <attribute name= "numCores" value="8" />
  <attribute name ="GC Interval" value="0" />
  <attribute name ="Control flow" value="3" />
  <attribute name="GC Util Range Max" value="83" />
  <attribute name="Current GC Util" value="27" />
  <attribute name= "Current Time Running" value="4995" />
<allocation-satisfied id="229" threadId="00000000018F8A00" bytesRequested="32" />
<af-end id="230" timestamp="2019-08-02T18:57:48.270" threadId="00000000018F9388" success="true" />
<exclusive-end id="231" timestamp="2019-08-02T18:57:48.270" durationms="17.660" />

<concurrent-kickoff id="232" timestamp="2019-08-02T18:57:48.285">
  <kickoff reason="threshold reached" targetBytes="2489738" thresholdFreeBytes="343258" remainingFree="334848" tenureFreeBytes="334848" />
</concurrent-kickoff>
<exclusive-start id="233" timestamp="2019-08-02T18:57:48.285" intervalms="33.052">
  <response-info timems="0.032" idlems="0.032" threads="0" lastid="00000000018F8A00" lastname="main" />
</exclusive-start>
<cycle-start id="234" type="global" contextid="0" timestamp="2019-08-02T18:57:48.285" intervalms="32.898" />
<exclusive-end id="235" timestamp="2019-08-02T18:57:48.285" durationms="0.179" />

<exclusive-start id="236" timestamp="2019-08-02T18:57:48.286" intervalms="0.965">
  <response-info timems="0.017" idlems="0.017" threads="0" lastid="00000000018F8A00" lastname="main" />
</exclusive-start>
<af-start id="237" threadId="00000000018F9388" totalBytesRequested="56" timestamp="2019-08-02T18:57:48.286" intervalms="33.967" />
<concurrent-aborted id="238" timestamp="2019-08-02T18:57:48.286">
  <reason value="insufficient progress made" />
</concurrent-aborted>
<cycle-end id="239" type="global" contextid="234" timestamp="2019-08-02T18:57:48.286" />
  <attribute name="elasticGC enabled" value="1" />
  <attribute name= "numThreadsSpecified" value="0" />
  <attribute name="heapSize specified" value="8388608" />
  <attribute name= "numCores" value="8" />
  <attribute name ="GC Interval" value="0" />
  <attribute name ="Control flow" value="3" />
  <attribute name="GC Util Range Max" value="83" />
  <attribute name="Current GC Util" value="27" />
  <attribute name= "Current Time Running" value="4995" />
<cycle-start id="240" type="global" contextid="0" timestamp="2019-08-02T18:57:48.286" intervalms="1.202" />
<gc-start id="241" type="global" contextid="240" timestamp="2019-08-02T18:57:48.286">
  <mem-info id="242" free="334848" total="8388608" percent="3">
    <mem type="tenure" free="334848" total="8388608" percent="3">
      <mem type="soa" free="0" total="8053760" percent="0" />
      <mem type="loa" free="334848" total="334848" percent="100" />
    </mem>
  </mem-info>
</gc-start>
<allocation-stats totalBytes="3322944" >
  <allocated-bytes non-tlh="2552" tlh="3320392" />
  <largest-consumer threadName="main" threadId="00000000018F8A00" bytes="3322944" />
</allocation-stats>
<heap-resize id="243" type="loa contract" space="tenure" amount="83968" count="1" timems="0.000" reason="contract underutilized loa" timestamp="2019-08-02T18:57:48.287" />
<gc-op id="244" type="mark" timems="2.014" contextid="240" timestamp="2019-08-02T18:57:48.289">
  <trace-info objectcount="80780" scancount="67961" scanbytes="2339160" />
  <finalization candidates="80" enqueued="0" />
  <ownableSynchronizers candidates="21" cleared="0" />
  <references type="soft" candidates="1321" cleared="45" enqueued="43" dynamicThreshold="13" maxThreshold="32" />
  <references type="weak" candidates="4249" cleared="0" enqueued="0" />
  <references type="phantom" candidates="100" cleared="0" enqueued="0" />
  <stringconstants candidates="8311" cleared="0"  />
</gc-op>
<gc-op id="245" type="sweep" timems="0.296" contextid="240" timestamp="2019-08-02T18:57:48.289" />
<mem-info id="246" free="3525088" total="8388608" percent="42">
  <mem type="tenure" free="3525088" total="8388608" percent="42" micro-fragmented="211469">
    <mem type="soa" free="3274208" total="8137728" percent="40" />
    <mem type="loa" free="250880" total="250880" percent="100" />
  </mem>
  <pending-finalizers system="0" default="0" reference="43" classloader="0" />
</mem-info>
<gc-op id="247" type="compact" timems="16.161" contextid="240" timestamp="2019-08-02T18:57:48.305">
  <compact-info movecount="69941" movebytes="4106424" reason="no compaction" />
</gc-op>
<gc-end id="248" type="global" contextid="240" durationms="19.127" usertimems="28.000" systemtimems="0.000" timestamp="2019-08-02T18:57:48.306" activeThreads="8">
  <mem-info id="249" free="3745336" total="8388608" percent="44">
    <mem type="tenure" free="3745336" total="8388608" percent="44">
      <mem type="soa" free="3494456" total="8137728" percent="42" />
      <mem type="loa" free="250880" total="250880" percent="100" />
    </mem>
    <pending-finalizers system="0" default="0" reference="43" classloader="0" />
  </mem-info>
</gc-end>
<cycle-end id="250" type="global" contextid="240" timestamp="2019-08-02T18:57:48.306" />
  <attribute name="elasticGC enabled" value="1" />
  <attribute name= "numThreadsSpecified" value="0" />
  <attribute name="heapSize specified" value="8388608" />
  <attribute name= "numCores" value="8" />
  <attribute name ="GC Interval" value="0" />
  <attribute name ="Control flow" value="3" />
  <attribute name="GC Util Range Max" value="83" />
  <attribute name="Current GC Util" value="24" />
  <attribute name= "Current Time Running" value="5031" />
<allocation-satisfied id="251" threadId="00000000018F8A00" bytesRequested="56" />
<af-end id="252" timestamp="2019-08-02T18:57:48.306" threadId="00000000018F9388" success="true" />
<exclusive-end id="253" timestamp="2019-08-02T18:57:48.306" durationms="20.160" />

<concurrent-kickoff id="254" timestamp="2019-08-02T18:57:48.328">
  <kickoff reason="threshold reached" targetBytes="2489738" thresholdFreeBytes="343258" remainingFree="294896" tenureFreeBytes="294896" />
</concurrent-kickoff>
<exclusive-start id="255" timestamp="2019-08-02T18:57:48.329" intervalms="42.422">
  <response-info timems="0.058" idlems="0.058" threads="0" lastid="00000000018F8A00" lastname="main" />
</exclusive-start>
<cycle-start id="256" type="global" contextid="0" timestamp="2019-08-02T18:57:48.329" intervalms="42.165" />
<exclusive-end id="257" timestamp="2019-08-02T18:57:48.329" durationms="0.129" />

<exclusive-start id="258" timestamp="2019-08-02T18:57:48.334" intervalms="5.499">
  <response-info timems="0.047" idlems="0.047" threads="0" lastid="00000000018F8A00" lastname="main" />
</exclusive-start>
<af-start id="259" threadId="00000000018F9388" totalBytesRequested="88" timestamp="2019-08-02T18:57:48.334" intervalms="47.917" />
<gc-start id="260" type="global" contextid="256" timestamp="2019-08-02T18:57:48.334">
  <mem-info id="261" free="250880" total="8388608" percent="2">
    <mem type="tenure" free="250880" total="8388608" percent="2">
      <mem type="soa" free="0" total="8137728" percent="0" />
      <mem type="loa" free="250880" total="250880" percent="100" />
    </mem>
  </mem-info>
</gc-start>
<allocation-stats totalBytes="3557968" >
  <allocated-bytes non-tlh="213944" tlh="3344024" />
  <largest-consumer threadName="main" threadId="00000000018F8A00" bytes="3553872" />
</allocation-stats>
<heap-resize id="262" type="loa contract" space="tenure" amount="83968" count="1" timems="0.000" reason="contract underutilized loa" timestamp="2019-08-02T18:57:48.334" />
<concurrent-halted id="263" timestamp="2019-08-02T18:57:48.334">
  <halted state="Complete" status="trace only" />
  <traced bytesTarget="2489738" bytesTotal="387776" bytesByMutator="1664" bytesByHelper="386112" percent="15" />
  <cards cleaned="0" thresholdBytes="135222" />
</concurrent-halted>
<gc-op id="264" type="card-cleaning" timems="0.889" contextid="256" timestamp="2019-08-02T18:57:48.335">
  <card-cleaning cardsCleaned="225" bytesTraced="377040" workStackOverflowCount="0" />
</gc-op>
<gc-op id="265" type="mark" timems="1.484" contextid="256" timestamp="2019-08-02T18:57:48.337">
  <trace-info objectcount="46810" scancount="38869" scanbytes="1280936" />
  <finalization candidates="80" enqueued="0" />
  <ownableSynchronizers candidates="21" cleared="0" />
  <references type="soft" candidates="1278" cleared="0" enqueued="0" dynamicThreshold="14" maxThreshold="32" />
  <references type="weak" candidates="4255" cleared="0" enqueued="0" />
  <references type="phantom" candidates="100" cleared="0" enqueued="0" />
  <stringconstants candidates="8464" cleared="0"  />
</gc-op>
<gc-op id="266" type="sweep" timems="0.319" contextid="256" timestamp="2019-08-02T18:57:48.337" />
<mem-info id="267" free="4051600" total="8388608" percent="48">
  <mem type="tenure" free="4051600" total="8388608" percent="48" micro-fragmented="86782">
    <mem type="soa" free="3884688" total="8221696" percent="47" />
    <mem type="loa" free="166912" total="166912" percent="100" />
  </mem>
</mem-info>
<gc-op id="268" type="compact" timems="14.166" contextid="256" timestamp="2019-08-02T18:57:48.352">
  <compact-info movecount="61525" movebytes="3746456" reason="no compaction" />
</gc-op>
<gc-end id="269" type="global" contextid="256" durationms="17.779" usertimems="24.000" systemtimems="0.000" timestamp="2019-08-02T18:57:48.352" activeThreads="8">
  <mem-info id="270" free="4170592" total="8388608" percent="49">
    <mem type="tenure" free="4170592" total="8388608" percent="49">
      <mem type="soa" free="4003680" total="8221696" percent="48" />
      <mem type="loa" free="166912" total="166912" percent="100" />
    </mem>
  </mem-info>
</gc-end>
<cycle-end id="271" type="global" contextid="256" timestamp="2019-08-02T18:57:48.352" />
  <attribute name="elasticGC enabled" value="1" />
  <attribute name= "numThreadsSpecified" value="0" />
  <attribute name="heapSize specified" value="8388608" />
  <attribute name= "numCores" value="8" />
  <attribute name ="GC Interval" value="0" />
  <attribute name ="Control flow" value="3" />
  <attribute name="GC Util Range Max" value="83" />
  <attribute name="Current GC Util" value="27" />
  <attribute name= "Current Time Running" value="5077" />
<allocation-satisfied id="272" threadId="00000000018F8A00" bytesRequested="88" />
<af-end id="273" timestamp="2019-08-02T18:57:48.352" threadId="00000000018F9388" success="true" />
<exclusive-end id="274" timestamp="2019-08-02T18:57:48.353" durationms="18.617" />

<exclusive-start id="275" timestamp="2019-08-02T18:57:48.408" intervalms="73.529">
  <response-info timems="0.019" idlems="0.019" threads="0" lastid="00000000018F8A00" lastname="main" />
</exclusive-start>
<sys-start reason="explicit" id="276" timestamp="2019-08-02T18:57:48.408" intervalms="6848.267" />
<cycle-start id="277" type="global" contextid="0" timestamp="2019-08-02T18:57:48.408" intervalms="79.161" />
<gc-start id="278" type="global" contextid="277" timestamp="2019-08-02T18:57:48.408">
  <mem-info id="279" free="2391808" total="8388608" percent="28">
    <mem type="tenure" free="2391808" total="8388608" percent="28">
      <mem type="soa" free="2224896" total="8221696" percent="27" />
      <mem type="loa" free="166912" total="166912" percent="100" />
    </mem>
  </mem-info>
</gc-start>
<allocation-stats totalBytes="1777888" >
  <allocated-bytes non-tlh="218296" tlh="1559592" />
  <largest-consumer threadName="main" threadId="00000000018F8A00" bytes="1777888" />
</allocation-stats>
<gc-op id="280" type="mark" timems="3.952" contextid="277" timestamp="2019-08-02T18:57:48.412">
  <trace-info objectcount="73885" scancount="61636" scanbytes="2078384" />
  <finalization candidates="80" enqueued="0" />
  <ownableSynchronizers candidates="21" cleared="0" />
  <references type="soft" candidates="1597" cleared="1" enqueued="1" dynamicThreshold="15" maxThreshold="32" />
  <references type="weak" candidates="4517" cleared="32" enqueued="30" />
  <references type="phantom" candidates="102" cleared="2" enqueued="2" />
  <stringconstants candidates="8681" cleared="15"  />
</gc-op>
<gc-op id="281" type="classunload" timems="0.361" contextid="277" timestamp="2019-08-02T18:57:48.412">
  <classunload-info classloadercandidates="17" classloadersunloaded="1" classesunloaded="1" anonymousclassesunloaded="0" quiescems="0.000" setupms="0.353" scanms="0.006" postms="0.002" />
</gc-op>
<gc-op id="282" type="sweep" timems="0.330" contextid="277" timestamp="2019-08-02T18:57:48.413" />
<mem-info id="283" free="4051192" total="8388608" percent="48">
  <mem type="tenure" free="4051192" total="8388608" percent="48" micro-fragmented="99322">
    <mem type="soa" free="3884280" total="8221696" percent="47" />
    <mem type="loa" free="166912" total="166912" percent="100" />
  </mem>
  <pending-finalizers system="0" default="0" reference="33" classloader="0" />
</mem-info>
<gc-op id="284" type="compact" timems="16.984" contextid="277" timestamp="2019-08-02T18:57:48.430">
  <compact-info movecount="72116" movebytes="4116752" reason="no compaction" />
</gc-op>
<gc-end id="285" type="global" contextid="277" durationms="22.535" usertimems="28.000" systemtimems="0.000" timestamp="2019-08-02T18:57:48.430" activeThreads="8">
  <mem-info id="286" free="4158864" total="8388608" percent="49">
    <mem type="tenure" free="4158864" total="8388608" percent="49">
      <mem type="soa" free="3991952" total="8221696" percent="48" />
      <mem type="loa" free="166912" total="166912" percent="100" />
    </mem>
    <pending-finalizers system="0" default="0" reference="33" classloader="0" />
  </mem-info>
</gc-end>
<cycle-end id="287" type="global" contextid="277" timestamp="2019-08-02T18:57:48.431" />
  <attribute name="elasticGC enabled" value="1" />
  <attribute name= "numThreadsSpecified" value="0" />
  <attribute name="heapSize specified" value="8388608" />
  <attribute name= "numCores" value="8" />
  <attribute name ="GC Interval" value="0" />
  <attribute name ="Control flow" value="3" />
  <attribute name="GC Util Range Max" value="83" />
  <attribute name="Current GC Util" value="24" />
  <attribute name= "Current Time Running" value="5156" />
<sys-end id="288" timestamp="2019-08-02T18:57:48.431" />
<exclusive-end id="289" timestamp="2019-08-02T18:57:48.431" durationms="23.167" />

<concurrent-kickoff id="290" timestamp="2019-08-02T18:57:48.539">
  <kickoff reason="threshold reached" targetBytes="2233822" thresholdFreeBytes="304664" remainingFree="299384" tenureFreeBytes="299384" />
</concurrent-kickoff>
<exclusive-start id="291" timestamp="2019-08-02T18:57:48.539" intervalms="131.708">
  <response-info timems="0.075" idlems="0.075" threads="0" lastid="00000000018F8A00" lastname="main" />
</exclusive-start>
<cycle-start id="292" type="global" contextid="0" timestamp="2019-08-02T18:57:48.539" intervalms="131.596" />
<exclusive-end id="293" timestamp="2019-08-02T18:57:48.539" durationms="0.196" />

<exclusive-start id="294" timestamp="2019-08-02T18:57:48.546" intervalms="7.236">
  <response-info timems="0.097" idlems="0.097" threads="0" lastid="00000000018F8A00" lastname="main" />
</exclusive-start>
<af-start id="295" threadId="00000000018F9388" totalBytesRequested="24" timestamp="2019-08-02T18:57:48.547" intervalms="212.495" />
<concurrent-aborted id="296" timestamp="2019-08-02T18:57:48.547">
  <reason value="insufficient progress made" />
</concurrent-aborted>
<cycle-end id="297" type="global" contextid="292" timestamp="2019-08-02T18:57:48.547" />
  <attribute name="elasticGC enabled" value="1" />
  <attribute name= "numThreadsSpecified" value="0" />
  <attribute name="heapSize specified" value="8388608" />
  <attribute name= "numCores" value="8" />
  <attribute name ="GC Interval" value="0" />
  <attribute name ="Control flow" value="3" />
  <attribute name="GC Util Range Max" value="83" />
  <attribute name="Current GC Util" value="24" />
  <attribute name= "Current Time Running" value="5156" />
<cycle-start id="298" type="global" contextid="0" timestamp="2019-08-02T18:57:48.547" intervalms="7.545" />
<gc-start id="299" type="global" contextid="298" timestamp="2019-08-02T18:57:48.547">
  <mem-info id="300" free="166912" total="8388608" percent="1">
    <mem type="tenure" free="166912" total="8388608" percent="1">
      <mem type="soa" free="0" total="8221696" percent="0" />
      <mem type="loa" free="166912" total="166912" percent="100" />
    </mem>
  </mem-info>
</gc-start>
<allocation-stats totalBytes="3991552" >
  <allocated-bytes non-tlh="463896" tlh="3527656" />
  <largest-consumer threadName="main" threadId="00000000018F8A00" bytes="3987456" />
</allocation-stats>
<heap-resize id="301" type="loa contract" space="tenure" amount="83968" count="1" timems="0.000" reason="contract underutilized loa" timestamp="2019-08-02T18:57:48.547" />
<gc-op id="302" type="mark" timems="2.130" contextid="298" timestamp="2019-08-02T18:57:48.549">
  <trace-info objectcount="73547" scancount="61574" scanbytes="2110336" />
  <finalization candidates="80" enqueued="0" />
  <ownableSynchronizers candidates="21" cleared="0" />
  <references type="soft" candidates="1628" cleared="50" enqueued="48" dynamicThreshold="15" maxThreshold="32" />
  <references type="weak" candidates="4502" cleared="7" enqueued="7" />
  <references type="phantom" candidates="105" cleared="5" enqueued="5" />
  <stringconstants candidates="8698" cleared="12"  />
</gc-op>
<gc-op id="303" type="sweep" timems="0.290" contextid="298" timestamp="2019-08-02T18:57:48.550" />
<mem-info id="304" free="4114656" total="8388608" percent="49">
  <mem type="tenure" free="4114656" total="8388608" percent="49" micro-fragmented="7707">
    <mem type="soa" free="4031712" total="8305664" percent="48" />
    <mem type="loa" free="82944" total="82944" percent="100" />
  </mem>
  <pending-finalizers system="0" default="0" reference="60" classloader="0" />
</mem-info>
<gc-op id="305" type="compact" timems="14.941" contextid="298" timestamp="2019-08-02T18:57:48.565">
  <compact-info movecount="57750" movebytes="3548032" reason="no compaction" />
</gc-op>
<gc-end id="306" type="global" contextid="298" durationms="18.114" usertimems="24.000" systemtimems="0.000" timestamp="2019-08-02T18:57:48.565" activeThreads="8">
  <mem-info id="307" free="4075416" total="8388608" percent="48">
    <mem type="tenure" free="4075416" total="8388608" percent="48">
      <mem type="soa" free="3992472" total="8305664" percent="48" />
      <mem type="loa" free="82944" total="82944" percent="100" />
    </mem>
    <pending-finalizers system="0" default="0" reference="60" classloader="0" />
  </mem-info>
</gc-end>
<cycle-end id="308" type="global" contextid="298" timestamp="2019-08-02T18:57:48.565" />
  <attribute name="elasticGC enabled" value="1" />
  <attribute name= "numThreadsSpecified" value="0" />
  <attribute name="heapSize specified" value="8388608" />
  <attribute name= "numCores" value="8" />
  <attribute name ="GC Interval" value="0" />
  <attribute name ="Control flow" value="3" />
  <attribute name="GC Util Range Max" value="83" />
  <attribute name="Current GC Util" value="25" />
  <attribute name= "Current Time Running" value="5290" />
<allocation-satisfied id="309" threadId="00000000018F8A00" bytesRequested="24" />
<af-end id="310" timestamp="2019-08-02T18:57:48.565" threadId="00000000018F9388" success="true" />
<exclusive-end id="311" timestamp="2019-08-02T18:57:48.565" durationms="19.010" />

<concurrent-kickoff id="312" timestamp="2019-08-02T18:57:48.644">
  <kickoff reason="threshold reached" targetBytes="2233822" thresholdFreeBytes="304664" remainingFree="188312" tenureFreeBytes="188312" />
</concurrent-kickoff>
<exclusive-start id="313" timestamp="2019-08-02T18:57:48.644" intervalms="97.782">
  <response-info timems="0.089" idlems="0.089" threads="0" lastid="00000000018F8A00" lastname="main" />
</exclusive-start>
<cycle-start id="314" type="global" contextid="0" timestamp="2019-08-02T18:57:48.644" intervalms="97.465" />
<exclusive-end id="315" timestamp="2019-08-02T18:57:48.644" durationms="0.188" />

<exclusive-start id="316" timestamp="2019-08-02T18:57:48.651" intervalms="6.444">
  <response-info timems="0.064" idlems="0.064" threads="0" lastid="00000000018F8A00" lastname="main" />
</exclusive-start>
<af-start id="317" threadId="00000000018F9388" totalBytesRequested="24" timestamp="2019-08-02T18:57:48.651" intervalms="104.226" />
<concurrent-aborted id="318" timestamp="2019-08-02T18:57:48.651">
  <reason value="insufficient progress made" />
</concurrent-aborted>
<cycle-end id="319" type="global" contextid="314" timestamp="2019-08-02T18:57:48.651" />
  <attribute name="elasticGC enabled" value="1" />
  <attribute name= "numThreadsSpecified" value="0" />
  <attribute name="heapSize specified" value="8388608" />
  <attribute name= "numCores" value="8" />
  <attribute name ="GC Interval" value="0" />
  <attribute name ="Control flow" value="3" />
  <attribute name="GC Util Range Max" value="83" />
  <attribute name="Current GC Util" value="25" />
  <attribute name= "Current Time Running" value="5290" />
<cycle-start id="320" type="global" contextid="0" timestamp="2019-08-02T18:57:48.651" intervalms="6.739" />
<gc-start id="321" type="global" contextid="320" timestamp="2019-08-02T18:57:48.651">
  <mem-info id="322" free="82944" total="8388608" percent="0">
    <mem type="tenure" free="82944" total="8388608" percent="0">
      <mem type="soa" free="0" total="8305664" percent="0" />
      <mem type="loa" free="82944" total="82944" percent="100" />
    </mem>
  </mem-info>
</gc-start>
<allocation-stats totalBytes="4057696" >
  <allocated-bytes non-tlh="0" tlh="4057696" />
  <largest-consumer threadName="main" threadId="00000000018F8A00" bytes="4053600" />
</allocation-stats>
<gc-op id="323" type="mark" timems="3.255" contextid="320" timestamp="2019-08-02T18:57:48.655">
  <trace-info objectcount="73122" scancount="61190" scanbytes="2095492" />
  <finalization candidates="80" enqueued="0" />
  <ownableSynchronizers candidates="21" cleared="0" />
  <references type="soft" candidates="1578" cleared="117" enqueued="115" dynamicThreshold="15" maxThreshold="32" />
  <references type="weak" candidates="4494" cleared="0" enqueued="0" />
  <references type="phantom" candidates="100" cleared="0" enqueued="0" />
  <stringconstants candidates="8686" cleared="14"  />
</gc-op>
<gc-op id="324" type="sweep" timems="0.244" contextid="320" timestamp="2019-08-02T18:57:48.655" />
<mem-info id="325" free="4144832" total="8388608" percent="49">
  <mem type="tenure" free="4144832" total="8388608" percent="49" micro-fragmented="16134">
    <mem type="soa" free="4061888" total="8305664" percent="48" />
    <mem type="loa" free="82944" total="82944" percent="100" />
  </mem>
  <pending-finalizers system="0" default="0" reference="115" classloader="0" />
</mem-info>
<gc-op id="326" type="compact" timems="16.755" contextid="320" timestamp="2019-08-02T18:57:48.672">
  <compact-info movecount="58324" movebytes="3573240" reason="no compaction" />
</gc-op>
<gc-end id="327" type="global" contextid="320" durationms="20.939" usertimems="32.000" systemtimems="0.000" timestamp="2019-08-02T18:57:48.672" activeThreads="8">
  <mem-info id="328" free="4091680" total="8388608" percent="48">
    <mem type="tenure" free="4091680" total="8388608" percent="48">
      <mem type="soa" free="4008736" total="8305664" percent="48" />
      <mem type="loa" free="82944" total="82944" percent="100" />
    </mem>
    <pending-finalizers system="0" default="0" reference="115" classloader="0" />
  </mem-info>
</gc-end>
<cycle-end id="329" type="global" contextid="320" timestamp="2019-08-02T18:57:48.672" />
  <attribute name="elasticGC enabled" value="1" />
  <attribute name= "numThreadsSpecified" value="0" />
  <attribute name="heapSize specified" value="8388608" />
  <attribute name= "numCores" value="8" />
  <attribute name ="GC Interval" value="0" />
  <attribute name ="Control flow" value="3" />
  <attribute name="GC Util Range Max" value="83" />
  <attribute name="Current GC Util" value="33" />
  <attribute name= "Current Time Running" value="5397" />
<allocation-satisfied id="330" threadId="00000000018F8A00" bytesRequested="24" />
<af-end id="331" timestamp="2019-08-02T18:57:48.672" threadId="00000000018F9388" success="true" />
<exclusive-end id="332" timestamp="2019-08-02T18:57:48.672" durationms="21.725" />

<concurrent-kickoff id="333" timestamp="2019-08-02T18:57:48.750">
  <kickoff reason="threshold reached" targetBytes="2233822" thresholdFreeBytes="304664" remainingFree="204576" tenureFreeBytes="204576" />
</concurrent-kickoff>
<exclusive-start id="334" timestamp="2019-08-02T18:57:48.750" intervalms="99.137">
  <response-info timems="0.086" idlems="0.086" threads="0" lastid="00000000018F8A00" lastname="main" />
</exclusive-start>
<cycle-start id="335" type="global" contextid="0" timestamp="2019-08-02T18:57:48.750" intervalms="98.811" />
<exclusive-end id="336" timestamp="2019-08-02T18:57:48.750" durationms="0.158" />

<exclusive-start id="337" timestamp="2019-08-02T18:57:48.757" intervalms="6.660">
  <response-info timems="0.008" idlems="0.008" threads="0" lastid="00000000018F8A00" lastname="main" />
</exclusive-start>
<af-start id="338" threadId="00000000018F9388" totalBytesRequested="24" timestamp="2019-08-02T18:57:48.757" intervalms="105.803" />
<concurrent-aborted id="339" timestamp="2019-08-02T18:57:48.757">
  <reason value="insufficient progress made" />
</concurrent-aborted>
<cycle-end id="340" type="global" contextid="335" timestamp="2019-08-02T18:57:48.757" />
  <attribute name="elasticGC enabled" value="1" />
  <attribute name= "numThreadsSpecified" value="0" />
  <attribute name="heapSize specified" value="8388608" />
  <attribute name= "numCores" value="8" />
  <attribute name ="GC Interval" value="0" />
  <attribute name ="Control flow" value="3" />
  <attribute name="GC Util Range Max" value="83" />
  <attribute name="Current GC Util" value="33" />
  <attribute name= "Current Time Running" value="5397" />
<cycle-start id="341" type="global" contextid="0" timestamp="2019-08-02T18:57:48.757" intervalms="7.025" />
<gc-start id="342" type="global" contextid="341" timestamp="2019-08-02T18:57:48.757">
  <mem-info id="343" free="82944" total="8388608" percent="0">
    <mem type="tenure" free="82944" total="8388608" percent="0">
      <mem type="soa" free="0" total="8305664" percent="0" />
      <mem type="loa" free="82944" total="82944" percent="100" />
    </mem>
  </mem-info>
</gc-start>
<allocation-stats totalBytes="4073968" >
  <allocated-bytes non-tlh="0" tlh="4073968" />
  <largest-consumer threadName="main" threadId="00000000018F8A00" bytes="4069872" />
</allocation-stats>
<gc-op id="344" type="mark" timems="4.479" contextid="341" timestamp="2019-08-02T18:57:48.762">
  <trace-info objectcount="72714" scancount="60779" scanbytes="2083160" />
  <finalization candidates="80" enqueued="0" />
  <ownableSynchronizers candidates="21" cleared="0" />
  <references type="soft" candidates="1461" cleared="1" enqueued="0" dynamicThreshold="15" maxThreshold="32" />
  <references type="weak" candidates="4494" cleared="0" enqueued="0" />
  <references type="phantom" candidates="100" cleared="0" enqueued="0" />
  <stringconstants candidates="8672" cleared="8"  />
</gc-op>
<gc-op id="345" type="sweep" timems="0.296" contextid="341" timestamp="2019-08-02T18:57:48.762" />
<mem-info id="346" free="4156320" total="8388608" percent="49">
  <mem type="tenure" free="4156320" total="8388608" percent="49" micro-fragmented="24954">
    <mem type="soa" free="4073376" total="8305664" percent="49" />
    <mem type="loa" free="82944" total="82944" percent="100" />
  </mem>
</mem-info>
<gc-op id="347" type="compact" timems="17.450" contextid="341" timestamp="2019-08-02T18:57:48.780">
  <compact-info movecount="61857" movebytes="3746984" reason="no compaction" />
</gc-op>
<gc-end id="348" type="global" contextid="341" durationms="22.910" usertimems="28.000" systemtimems="0.000" timestamp="2019-08-02T18:57:48.780" activeThreads="8">
  <mem-info id="349" free="4104384" total="8388608" percent="48">
    <mem type="tenure" free="4104384" total="8388608" percent="48">
      <mem type="soa" free="4021440" total="8305664" percent="48" />
      <mem type="loa" free="82944" total="82944" percent="100" />
    </mem>
  </mem-info>
</gc-end>
<cycle-end id="350" type="global" contextid="341" timestamp="2019-08-02T18:57:48.780" />
  <attribute name="elasticGC enabled" value="1" />
  <attribute name= "numThreadsSpecified" value="0" />
  <attribute name="heapSize specified" value="8388608" />
  <attribute name= "numCores" value="8" />
  <attribute name ="GC Interval" value="0" />
  <attribute name ="Control flow" value="3" />
  <attribute name="GC Util Range Max" value="83" />
  <attribute name="Current GC Util" value="36" />
  <attribute name= "Current Time Running" value="5505" />
<allocation-satisfied id="351" threadId="00000000018F8A00" bytesRequested="24" />
<af-end id="352" timestamp="2019-08-02T18:57:48.780" threadId="00000000018F9388" success="true" />
<exclusive-end id="353" timestamp="2019-08-02T18:57:48.780" durationms="23.801" />

<concurrent-kickoff id="354" timestamp="2019-08-02T18:57:48.856">
  <kickoff reason="threshold reached" targetBytes="2233822" thresholdFreeBytes="304664" remainingFree="270528" tenureFreeBytes="270528" />
</concurrent-kickoff>
<exclusive-start id="355" timestamp="2019-08-02T18:57:48.856" intervalms="99.666">
  <response-info timems="0.062" idlems="0.062" threads="0" lastid="00000000018F8A00" lastname="main" />
</exclusive-start>
<cycle-start id="356" type="global" contextid="0" timestamp="2019-08-02T18:57:48.857" intervalms="100.290" />
<exclusive-end id="357" timestamp="2019-08-02T18:57:48.857" durationms="1.152" />

<exclusive-start id="358" timestamp="2019-08-02T18:57:48.865" intervalms="8.991">
  <response-info timems="0.062" idlems="0.062" threads="0" lastid="00000000018F8A00" lastname="main" />
</exclusive-start>
<af-start id="359" threadId="00000000018F9388" totalBytesRequested="24" timestamp="2019-08-02T18:57:48.865" intervalms="108.664" />
<concurrent-aborted id="360" timestamp="2019-08-02T18:57:48.865">
  <reason value="insufficient progress made" />
</concurrent-aborted>
<cycle-end id="361" type="global" contextid="356" timestamp="2019-08-02T18:57:48.865" />
  <attribute name="elasticGC enabled" value="1" />
  <attribute name= "numThreadsSpecified" value="0" />
  <attribute name="heapSize specified" value="8388608" />
  <attribute name= "numCores" value="8" />
  <attribute name ="GC Interval" value="0" />
  <attribute name ="Control flow" value="3" />
  <attribute name="GC Util Range Max" value="83" />
  <attribute name="Current GC Util" value="36" />
  <attribute name= "Current Time Running" value="5505" />
<cycle-start id="362" type="global" contextid="0" timestamp="2019-08-02T18:57:48.866" intervalms="8.303" />
<gc-start id="363" type="global" contextid="362" timestamp="2019-08-02T18:57:48.866">
  <mem-info id="364" free="82944" total="8388608" percent="0">
    <mem type="tenure" free="82944" total="8388608" percent="0">
      <mem type="soa" free="0" total="8305664" percent="0" />
      <mem type="loa" free="82944" total="82944" percent="100" />
    </mem>
  </mem-info>
</gc-start>
<allocation-stats totalBytes="4086456" >
  <allocated-bytes non-tlh="0" tlh="4086456" />
  <largest-consumer threadName="main" threadId="00000000018F8A00" bytes="4086456" />
</allocation-stats>
<gc-op id="365" type="mark" timems="5.847" contextid="362" timestamp="2019-08-02T18:57:48.872">
  <trace-info objectcount="72714" scancount="60772" scanbytes="2083160" />
  <finalization candidates="80" enqueued="0" />
  <ownableSynchronizers candidates="21" cleared="0" />
  <references type="soft" candidates="1460" cleared="0" enqueued="0" dynamicThreshold="15" maxThreshold="32" />
  <references type="weak" candidates="4494" cleared="0" enqueued="0" />
  <references type="phantom" candidates="100" cleared="0" enqueued="0" />
  <stringconstants candidates="8664" cleared="0"  />
</gc-op>
<gc-op id="366" type="sweep" timems="1.374" contextid="362" timestamp="2019-08-02T18:57:48.873" />
<mem-info id="367" free="4169744" total="8388608" percent="49">
  <mem type="tenure" free="4169744" total="8388608" percent="49" micro-fragmented="0">
    <mem type="soa" free="4086800" total="8305664" percent="49" />
    <mem type="loa" free="82944" total="82944" percent="100" />
  </mem>
</mem-info>
<gc-op id="368" type="compact" timems="6.247" contextid="362" timestamp="2019-08-02T18:57:48.880">
  <compact-info movecount="9" movebytes="32984" reason="no compaction" />
</gc-op>
<gc-end id="369" type="global" contextid="362" durationms="14.509" usertimems="24.000" systemtimems="0.000" timestamp="2019-08-02T18:57:48.880" activeThreads="8">
  <mem-info id="370" free="4104384" total="8388608" percent="48">
    <mem type="tenure" free="4104384" total="8388608" percent="48">
      <mem type="soa" free="4021440" total="8305664" percent="48" />
      <mem type="loa" free="82944" total="82944" percent="100" />
    </mem>
  </mem-info>
</gc-end>
<cycle-end id="371" type="global" contextid="362" timestamp="2019-08-02T18:57:48.880" />
  <attribute name="elasticGC enabled" value="1" />
  <attribute name= "numThreadsSpecified" value="0" />
  <attribute name="heapSize specified" value="8388608" />
  <attribute name= "numCores" value="8" />
  <attribute name ="GC Interval" value="0" />
  <attribute name ="Control flow" value="3" />
  <attribute name="GC Util Range Max" value="83" />
  <attribute name="Current GC Util" value="103" />
  <attribute name= "Current Time Running" value="5605" />
<allocation-satisfied id="372" threadId="00000000018F8A00" bytesRequested="24" />
<af-end id="373" timestamp="2019-08-02T18:57:48.880" threadId="00000000018F9388" success="true" />
<exclusive-end id="374" timestamp="2019-08-02T18:57:48.881" durationms="15.371" />

<concurrent-kickoff id="375" timestamp="2019-08-02T18:57:48.898">
  <kickoff reason="threshold reached" targetBytes="2233822" thresholdFreeBytes="304664" remainingFree="250048" tenureFreeBytes="250048" />
</concurrent-kickoff>
<exclusive-start id="376" timestamp="2019-08-02T18:57:48.898" intervalms="32.780">
  <response-info timems="0.031" idlems="0.031" threads="0" lastid="00000000018F8A00" lastname="main" />
</exclusive-start>
<cycle-start id="377" type="global" contextid="0" timestamp="2019-08-02T18:57:48.898" intervalms="32.515" />
<exclusive-end id="378" timestamp="2019-08-02T18:57:48.898" durationms="0.193" />

<exclusive-start id="379" timestamp="2019-08-02T18:57:48.899" intervalms="1.516">
  <response-info timems="0.017" idlems="0.017" threads="0" lastid="00000000018F8A00" lastname="main" />
</exclusive-start>
<af-start id="380" threadId="00000000018F9388" totalBytesRequested="24" timestamp="2019-08-02T18:57:48.900" intervalms="34.237" />
<concurrent-aborted id="381" timestamp="2019-08-02T18:57:48.900">
  <reason value="insufficient progress made" />
</concurrent-aborted>
<cycle-end id="382" type="global" contextid="377" timestamp="2019-08-02T18:57:48.900" />
  <attribute name="elasticGC enabled" value="1" />
  <attribute name= "numThreadsSpecified" value="0" />
  <attribute name="heapSize specified" value="8388608" />
  <attribute name= "numCores" value="8" />
  <attribute name ="GC Interval" value="0" />
  <attribute name ="Control flow" value="3" />
  <attribute name="GC Util Range Max" value="83" />
  <attribute name="Current GC Util" value="103" />
  <attribute name= "Current Time Running" value="5605" />
<cycle-start id="383" type="global" contextid="0" timestamp="2019-08-02T18:57:48.900" intervalms="1.775" />
<gc-start id="384" type="global" contextid="383" timestamp="2019-08-02T18:57:48.900">
  <mem-info id="385" free="82944" total="8388608" percent="0">
    <mem type="tenure" free="82944" total="8388608" percent="0">
      <mem type="soa" free="0" total="8305664" percent="0" />
      <mem type="loa" free="82944" total="82944" percent="100" />
    </mem>
  </mem-info>
</gc-start>
<allocation-stats totalBytes="4086672" >
  <allocated-bytes non-tlh="0" tlh="4086672" />
  <largest-consumer threadName="main" threadId="00000000018F8A00" bytes="4086672" />
</allocation-stats>
<gc-op id="386" type="mark" timems="3.586" contextid="383" timestamp="2019-08-02T18:57:48.904">
  <trace-info objectcount="72714" scancount="60773" scanbytes="2083160" />
  <finalization candidates="80" enqueued="0" />
  <ownableSynchronizers candidates="21" cleared="0" />
  <references type="soft" candidates="1460" cleared="0" enqueued="0" dynamicThreshold="15" maxThreshold="32" />
  <references type="weak" candidates="4494" cleared="0" enqueued="0" />
  <references type="phantom" candidates="100" cleared="0" enqueued="0" />
  <stringconstants candidates="8664" cleared="0"  />
</gc-op>
<gc-op id="387" type="sweep" timems="1.372" contextid="383" timestamp="2019-08-02T18:57:48.905" />
<mem-info id="388" free="4169632" total="8388608" percent="49">
  <mem type="tenure" free="4169632" total="8388608" percent="49" micro-fragmented="0">
    <mem type="soa" free="4086688" total="8305664" percent="49" />
    <mem type="loa" free="82944" total="82944" percent="100" />
  </mem>
</mem-info>
<gc-op id="389" type="compact" timems="4.787" contextid="383" timestamp="2019-08-02T18:57:48.910">
  <compact-info movecount="9" movebytes="32984" reason="no compaction" />
</gc-op>
<gc-end id="390" type="global" contextid="383" durationms="10.750" usertimems="20.000" systemtimems="0.000" timestamp="2019-08-02T18:57:48.911" activeThreads="8">
  <mem-info id="391" free="4104384" total="8388608" percent="48">
    <mem type="tenure" free="4104384" total="8388608" percent="48">
      <mem type="soa" free="4021440" total="8305664" percent="48" />
      <mem type="loa" free="82944" total="82944" percent="100" />
    </mem>
  </mem-info>
</gc-end>
<cycle-end id="392" type="global" contextid="383" timestamp="2019-08-02T18:57:48.911" />
  <attribute name="elasticGC enabled" value="1" />
  <attribute name= "numThreadsSpecified" value="0" />
  <attribute name="heapSize specified" value="8388608" />
  <attribute name= "numCores" value="8" />
  <attribute name ="GC Interval" value="0" />
  <attribute name ="Control flow" value="3" />
  <attribute name="GC Util Range Max" value="83" />
  <attribute name="Current GC Util" value="100" />
  <attribute name= "Current Time Running" value="5636" />
<allocation-satisfied id="393" threadId="00000000018F8A00" bytesRequested="24" />
<af-end id="394" timestamp="2019-08-02T18:57:48.911" threadId="00000000018F9388" success="true" />
<exclusive-end id="395" timestamp="2019-08-02T18:57:48.911" durationms="11.832" />

<concurrent-kickoff id="396" timestamp="2019-08-02T18:57:48.925">
  <kickoff reason="threshold reached" targetBytes="2233822" thresholdFreeBytes="304664" remainingFree="217280" tenureFreeBytes="217280" />
</concurrent-kickoff>
<exclusive-start id="397" timestamp="2019-08-02T18:57:48.925" intervalms="26.001">
  <response-info timems="0.075" idlems="0.075" threads="0" lastid="00000000018F8A00" lastname="main" />
</exclusive-start>
<cycle-start id="398" type="global" contextid="0" timestamp="2019-08-02T18:57:48.926" intervalms="25.761" />
<exclusive-end id="399" timestamp="2019-08-02T18:57:48.926" durationms="0.272" />

<exclusive-start id="400" timestamp="2019-08-02T18:57:48.927" intervalms="1.444">
  <response-info timems="0.007" idlems="0.007" threads="0" lastid="00000000018F8A00" lastname="main" />
</exclusive-start>
<af-start id="401" threadId="00000000018F9388" totalBytesRequested="24" timestamp="2019-08-02T18:57:48.927" intervalms="27.505" />
<concurrent-aborted id="402" timestamp="2019-08-02T18:57:48.927">
  <reason value="insufficient progress made" />
</concurrent-aborted>
<cycle-end id="403" type="global" contextid="398" timestamp="2019-08-02T18:57:48.927" />
  <attribute name="elasticGC enabled" value="1" />
  <attribute name= "numThreadsSpecified" value="0" />
  <attribute name="heapSize specified" value="8388608" />
  <attribute name= "numCores" value="8" />
  <attribute name ="GC Interval" value="0" />
  <attribute name ="Control flow" value="3" />
  <attribute name="GC Util Range Max" value="83" />
  <attribute name="Current GC Util" value="100" />
  <attribute name= "Current Time Running" value="5636" />
<cycle-start id="404" type="global" contextid="0" timestamp="2019-08-02T18:57:48.927" intervalms="1.774" />
<gc-start id="405" type="global" contextid="404" timestamp="2019-08-02T18:57:48.927">
  <mem-info id="406" free="82944" total="8388608" percent="0">
    <mem type="tenure" free="82944" total="8388608" percent="0">
      <mem type="soa" free="0" total="8305664" percent="0" />
      <mem type="loa" free="82944" total="82944" percent="100" />
    </mem>
  </mem-info>
</gc-start>
<allocation-stats totalBytes="4086672" >
  <allocated-bytes non-tlh="0" tlh="4086672" />
  <largest-consumer threadName="main" threadId="00000000018F8A00" bytes="4086672" />
</allocation-stats>
<gc-op id="407" type="mark" timems="2.590" contextid="404" timestamp="2019-08-02T18:57:48.930">
  <trace-info objectcount="72714" scancount="60775" scanbytes="2083160" />
  <finalization candidates="80" enqueued="0" />
  <ownableSynchronizers candidates="21" cleared="0" />
  <references type="soft" candidates="1460" cleared="0" enqueued="0" dynamicThreshold="15" maxThreshold="32" />
  <references type="weak" candidates="4494" cleared="0" enqueued="0" />
  <references type="phantom" candidates="100" cleared="0" enqueued="0" />
  <stringconstants candidates="8664" cleared="0"  />
</gc-op>
<gc-op id="408" type="sweep" timems="1.425" contextid="404" timestamp="2019-08-02T18:57:48.932" />
<mem-info id="409" free="4169736" total="8388608" percent="49">
  <mem type="tenure" free="4169736" total="8388608" percent="49" micro-fragmented="0">
    <mem type="soa" free="4086792" total="8305664" percent="49" />
    <mem type="loa" free="82944" total="82944" percent="100" />
  </mem>
</mem-info>
<gc-op id="410" type="compact" timems="4.878" contextid="404" timestamp="2019-08-02T18:57:48.937">
  <compact-info movecount="9" movebytes="32984" reason="no compaction" />
</gc-op>
<gc-end id="411" type="global" contextid="404" durationms="9.862" usertimems="16.000" systemtimems="0.000" timestamp="2019-08-02T18:57:48.937" activeThreads="8">
  <mem-info id="412" free="4104384" total="8388608" percent="48">
    <mem type="tenure" free="4104384" total="8388608" percent="48">
      <mem type="soa" free="4021440" total="8305664" percent="48" />
      <mem type="loa" free="82944" total="82944" percent="100" />
    </mem>
  </mem-info>
</gc-end>
<cycle-end id="413" type="global" contextid="404" timestamp="2019-08-02T18:57:48.937" />
  <attribute name="elasticGC enabled" value="1" />
  <attribute name= "numThreadsSpecified" value="0" />
  <attribute name="heapSize specified" value="8388608" />
  <attribute name= "numCores" value="8" />
  <attribute name ="GC Interval" value="0" />
  <attribute name ="Control flow" value="3" />
  <attribute name="GC Util Range Max" value="83" />
  <attribute name="Current GC Util" value="93" />
  <attribute name= "Current Time Running" value="5662" />
<allocation-satisfied id="414" threadId="00000000018F8A00" bytesRequested="24" />
<af-end id="415" timestamp="2019-08-02T18:57:48.938" threadId="00000000018F9388" success="true" />
<exclusive-end id="416" timestamp="2019-08-02T18:57:48.938" durationms="10.972" />

<concurrent-kickoff id="417" timestamp="2019-08-02T18:57:48.952">
  <kickoff reason="threshold reached" targetBytes="2233822" thresholdFreeBytes="304664" remainingFree="196800" tenureFreeBytes="196800" />
</concurrent-kickoff>
<exclusive-start id="418" timestamp="2019-08-02T18:57:48.952" intervalms="25.248">
  <response-info timems="0.074" idlems="0.074" threads="0" lastid="00000000018F8A00" lastname="main" />
</exclusive-start>
<cycle-start id="419" type="global" contextid="0" timestamp="2019-08-02T18:57:48.952" intervalms="24.928" />
<exclusive-end id="420" timestamp="2019-08-02T18:57:48.952" durationms="0.211" />

<exclusive-start id="421" timestamp="2019-08-02T18:57:48.953" intervalms="1.191">
  <response-info timems="0.007" idlems="0.007" threads="0" lastid="00000000018F8A00" lastname="main" />
</exclusive-start>
<af-start id="422" threadId="00000000018F9388" totalBytesRequested="24" timestamp="2019-08-02T18:57:48.953" intervalms="26.373" />
<concurrent-aborted id="423" timestamp="2019-08-02T18:57:48.953">
  <reason value="insufficient progress made" />
</concurrent-aborted>
<cycle-end id="424" type="global" contextid="419" timestamp="2019-08-02T18:57:48.954" />
  <attribute name="elasticGC enabled" value="1" />
  <attribute name= "numThreadsSpecified" value="0" />
  <attribute name="heapSize specified" value="8388608" />
  <attribute name= "numCores" value="8" />
  <attribute name ="GC Interval" value="0" />
  <attribute name ="Control flow" value="3" />
  <attribute name="GC Util Range Max" value="83" />
  <attribute name="Current GC Util" value="93" />
  <attribute name= "Current Time Running" value="5662" />
<cycle-start id="425" type="global" contextid="0" timestamp="2019-08-02T18:57:48.954" intervalms="1.343" />
<gc-start id="426" type="global" contextid="425" timestamp="2019-08-02T18:57:48.954">
  <mem-info id="427" free="82944" total="8388608" percent="0">
    <mem type="tenure" free="82944" total="8388608" percent="0">
      <mem type="soa" free="0" total="8305664" percent="0" />
      <mem type="loa" free="82944" total="82944" percent="100" />
    </mem>
  </mem-info>
</gc-start>
<allocation-stats totalBytes="4086720" >
  <allocated-bytes non-tlh="0" tlh="4086720" />
  <largest-consumer threadName="main" threadId="00000000018F8A00" bytes="4086720" />
</allocation-stats>
<gc-op id="428" type="mark" timems="2.697" contextid="425" timestamp="2019-08-02T18:57:48.956">
  <trace-info objectcount="72680" scancount="60743" scanbytes="2079484" />
  <finalization candidates="80" enqueued="0" />
  <ownableSynchronizers candidates="21" cleared="0" />
  <references type="soft" candidates="1460" cleared="13" enqueued="12" dynamicThreshold="15" maxThreshold="32" />
  <references type="weak" candidates="4494" cleared="0" enqueued="0" />
  <references type="phantom" candidates="100" cleared="0" enqueued="0" />
  <stringconstants candidates="8664" cleared="0"  />
</gc-op>
<gc-op id="429" type="sweep" timems="0.798" contextid="425" timestamp="2019-08-02T18:57:48.957" />
<mem-info id="430" free="4171544" total="8388608" percent="49">
  <mem type="tenure" free="4171544" total="8388608" percent="49" micro-fragmented="3079">
    <mem type="soa" free="4088600" total="8305664" percent="49" />
    <mem type="loa" free="82944" total="82944" percent="100" />
  </mem>
  <pending-finalizers system="0" default="0" reference="12" classloader="0" />
</mem-info>
<gc-op id="431" type="compact" timems="12.150" contextid="425" timestamp="2019-08-02T18:57:48.970">
  <compact-info movecount="34960" movebytes="1994096" reason="no compaction" />
</gc-op>
<gc-end id="432" type="global" contextid="425" durationms="16.596" usertimems="20.000" systemtimems="8.000" timestamp="2019-08-02T18:57:48.970" activeThreads="8">
  <mem-info id="433" free="4108216" total="8388608" percent="48">
    <mem type="tenure" free="4108216" total="8388608" percent="48">
      <mem type="soa" free="4025272" total="8305664" percent="48" />
      <mem type="loa" free="82944" total="82944" percent="100" />
    </mem>
    <pending-finalizers system="0" default="0" reference="12" classloader="0" />
  </mem-info>
</gc-end>
<cycle-end id="434" type="global" contextid="425" timestamp="2019-08-02T18:57:48.970" />
  <attribute name="elasticGC enabled" value="1" />
  <attribute name= "numThreadsSpecified" value="0" />
  <attribute name="heapSize specified" value="8388608" />
  <attribute name= "numCores" value="8" />
  <attribute name ="GC Interval" value="0" />
  <attribute name ="Control flow" value="3" />
  <attribute name="GC Util Range Max" value="83" />
  <attribute name="Current GC Util" value="62" />
  <attribute name= "Current Time Running" value="5695" />
<allocation-satisfied id="435" threadId="00000000018F8A00" bytesRequested="24" />
<af-end id="436" timestamp="2019-08-02T18:57:48.971" threadId="00000000018F9388" success="true" />
<exclusive-end id="437" timestamp="2019-08-02T18:57:48.971" durationms="17.520" />

<concurrent-kickoff id="438" timestamp="2019-08-02T18:57:48.985">
  <kickoff reason="threshold reached" targetBytes="2233822" thresholdFreeBytes="304664" remainingFree="196536" tenureFreeBytes="196536" />
</concurrent-kickoff>
<exclusive-start id="439" timestamp="2019-08-02T18:57:48.985" intervalms="32.054">
  <response-info timems="0.063" idlems="0.063" threads="0" lastid="00000000018F8A00" lastname="main" />
</exclusive-start>
<cycle-start id="440" type="global" contextid="0" timestamp="2019-08-02T18:57:48.986" intervalms="31.891" />
<exclusive-end id="441" timestamp="2019-08-02T18:57:48.986" durationms="0.264" />

<exclusive-start id="442" timestamp="2019-08-02T18:57:48.987" intervalms="1.234">
  <response-info timems="0.008" idlems="0.008" threads="0" lastid="00000000018F8A00" lastname="main" />
</exclusive-start>
<af-start id="443" threadId="00000000018F9388" totalBytesRequested="24" timestamp="2019-08-02T18:57:48.987" intervalms="33.400" />
<concurrent-aborted id="444" timestamp="2019-08-02T18:57:48.987">
  <reason value="insufficient progress made" />
</concurrent-aborted>
<cycle-end id="445" type="global" contextid="440" timestamp="2019-08-02T18:57:48.987" />
  <attribute name="elasticGC enabled" value="1" />
  <attribute name= "numThreadsSpecified" value="0" />
  <attribute name="heapSize specified" value="8388608" />
  <attribute name= "numCores" value="8" />
  <attribute name ="GC Interval" value="0" />
  <attribute name ="Control flow" value="3" />
  <attribute name="GC Util Range Max" value="83" />
  <attribute name="Current GC Util" value="62" />
  <attribute name= "Current Time Running" value="5695" />
<cycle-start id="446" type="global" contextid="0" timestamp="2019-08-02T18:57:48.987" intervalms="1.698" />
<gc-start id="447" type="global" contextid="446" timestamp="2019-08-02T18:57:48.987">
  <mem-info id="448" free="82944" total="8388608" percent="0">
    <mem type="tenure" free="82944" total="8388608" percent="0">
      <mem type="soa" free="0" total="8305664" percent="0" />
      <mem type="loa" free="82944" total="82944" percent="100" />
    </mem>
  </mem-info>
</gc-start>
<allocation-stats totalBytes="4090536" >
  <allocated-bytes non-tlh="0" tlh="4090536" />
  <largest-consumer threadName="main" threadId="00000000018F8A00" bytes="4090536" />
</allocation-stats>
<gc-op id="449" type="mark" timems="2.628" contextid="446" timestamp="2019-08-02T18:57:48.990">
  <trace-info objectcount="72646" scancount="60735" scanbytes="2078320" />
  <finalization candidates="80" enqueued="0" />
  <ownableSynchronizers candidates="21" cleared="0" />
  <references type="soft" candidates="1447" cleared="0" enqueued="0" dynamicThreshold="15" maxThreshold="32" />
  <references type="weak" candidates="4494" cleared="0" enqueued="0" />
  <references type="phantom" candidates="100" cleared="0" enqueued="0" />
  <stringconstants candidates="8664" cleared="0"  />
</gc-op>
<gc-op id="450" type="sweep" timems="1.397" contextid="446" timestamp="2019-08-02T18:57:48.991" />
<mem-info id="451" free="4173376" total="8388608" percent="49">
  <mem type="tenure" free="4173376" total="8388608" percent="49" micro-fragmented="0">
    <mem type="soa" free="4090432" total="8305664" percent="49" />
    <mem type="loa" free="82944" total="82944" percent="100" />
  </mem>
</mem-info>
<gc-op id="452" type="compact" timems="8.296" contextid="446" timestamp="2019-08-02T18:57:49.000">
  <compact-info movecount="13970" movebytes="849680" reason="no compaction" />
</gc-op>
<gc-end id="453" type="global" contextid="446" durationms="13.520" usertimems="20.000" systemtimems="0.000" timestamp="2019-08-02T18:57:49.001" activeThreads="8">
  <mem-info id="454" free="4109384" total="8388608" percent="48">
    <mem type="tenure" free="4109384" total="8388608" percent="48">
      <mem type="soa" free="4026440" total="8305664" percent="48" />
      <mem type="loa" free="82944" total="82944" percent="100" />
    </mem>
  </mem-info>
</gc-end>
<cycle-end id="455" type="global" contextid="446" timestamp="2019-08-02T18:57:49.001" />
  <attribute name="elasticGC enabled" value="1" />
  <attribute name= "numThreadsSpecified" value="0" />
  <attribute name="heapSize specified" value="8388608" />
  <attribute name= "numCores" value="8" />
  <attribute name ="GC Interval" value="0" />
  <attribute name ="Control flow" value="3" />
  <attribute name="GC Util Range Max" value="83" />
  <attribute name="Current GC Util" value="70" />
  <attribute name= "Current Time Running" value="5726" />
<allocation-satisfied id="456" threadId="00000000018F8A00" bytesRequested="24" />
<af-end id="457" timestamp="2019-08-02T18:57:49.001" threadId="00000000018F9388" success="true" />
<exclusive-end id="458" timestamp="2019-08-02T18:57:49.001" durationms="14.762" />

<concurrent-kickoff id="459" timestamp="2019-08-02T18:57:49.440">
  <kickoff reason="threshold reached" targetBytes="2233822" thresholdFreeBytes="304664" remainingFree="182640" tenureFreeBytes="182640" />
</concurrent-kickoff>
<exclusive-start id="460" timestamp="2019-08-02T18:57:49.441" intervalms="454.005">
  <response-info timems="0.055" idlems="0.055" threads="0" lastid="00000000018F8A00" lastname="main" />
</exclusive-start>
<cycle-start id="461" type="global" contextid="0" timestamp="2019-08-02T18:57:49.441" intervalms="453.523" />
<exclusive-end id="462" timestamp="2019-08-02T18:57:49.441" durationms="0.161" />

<exclusive-start id="463" timestamp="2019-08-02T18:57:49.634" intervalms="192.931">
  <response-info timems="0.026" idlems="0.026" threads="0" lastid="00000000018F8A00" lastname="main" />
</exclusive-start>
<af-start id="464" threadId="00000000018F9388" totalBytesRequested="32" timestamp="2019-08-02T18:57:49.634" intervalms="646.834" />
<concurrent-aborted id="465" timestamp="2019-08-02T18:57:49.634">
  <reason value="insufficient progress made" />
</concurrent-aborted>
<cycle-end id="466" type="global" contextid="461" timestamp="2019-08-02T18:57:49.634" />
  <attribute name="elasticGC enabled" value="1" />
  <attribute name= "numThreadsSpecified" value="0" />
  <attribute name="heapSize specified" value="8388608" />
  <attribute name= "numCores" value="8" />
  <attribute name ="GC Interval" value="0" />
  <attribute name ="Control flow" value="3" />
  <attribute name="GC Util Range Max" value="83" />
  <attribute name="Current GC Util" value="70" />
  <attribute name= "Current Time Running" value="5726" />
<cycle-start id="467" type="global" contextid="0" timestamp="2019-08-02T18:57:49.634" intervalms="193.073" />
<gc-start id="468" type="global" contextid="467" timestamp="2019-08-02T18:57:49.634">
  <mem-info id="469" free="82944" total="8388608" percent="0">
    <mem type="tenure" free="82944" total="8388608" percent="0">
      <mem type="soa" free="0" total="8305664" percent="0" />
      <mem type="loa" free="82944" total="82944" percent="100" />
    </mem>
  </mem-info>
</gc-start>
<allocation-stats totalBytes="4091568" >
  <allocated-bytes non-tlh="35544" tlh="4056024" />
  <largest-consumer threadName="main" threadId="00000000018F8A00" bytes="4091568" />
</allocation-stats>
<gc-op id="470" type="mark" timems="3.290" contextid="467" timestamp="2019-08-02T18:57:49.637">
  <trace-info objectcount="77501" scancount="64057" scanbytes="2126420" />
  <finalization candidates="80" enqueued="0" />
  <ownableSynchronizers candidates="21" cleared="0" />
  <references type="soft" candidates="1450" cleared="0" enqueued="0" dynamicThreshold="15" maxThreshold="32" />
  <references type="weak" candidates="4521" cleared="19" enqueued="19" />
  <references type="phantom" candidates="102" cleared="2" enqueued="2" />
  <stringconstants candidates="9070" cleared="0"  />
</gc-op>
<gc-op id="471" type="sweep" timems="1.033" contextid="467" timestamp="2019-08-02T18:57:49.638" />
<mem-info id="472" free="3822792" total="8388608" percent="45">
  <mem type="tenure" free="3822792" total="8388608" percent="45" micro-fragmented="169926">
    <mem type="soa" free="3739848" total="8305664" percent="45" />
    <mem type="loa" free="82944" total="82944" percent="100" />
  </mem>
  <pending-finalizers system="0" default="0" reference="21" classloader="0" />
</mem-info>
<gc-op id="473" type="compact" timems="16.844" contextid="467" timestamp="2019-08-02T18:57:49.655">
  <compact-info movecount="64160" movebytes="3820368" reason="no compaction" />
</gc-op>
<gc-end id="474" type="global" contextid="467" durationms="22.482" usertimems="28.000" systemtimems="4.000" timestamp="2019-08-02T18:57:49.656" activeThreads="8">
  <mem-info id="475" free="3942216" total="8388608" percent="46">
    <mem type="tenure" free="3942216" total="8388608" percent="46">
      <mem type="soa" free="3859272" total="8305664" percent="46" />
      <mem type="loa" free="82944" total="82944" percent="100" />
    </mem>
    <pending-finalizers system="0" default="0" reference="21" classloader="0" />
  </mem-info>
</gc-end>
<cycle-end id="476" type="global" contextid="467" timestamp="2019-08-02T18:57:49.657" />
  <attribute name="elasticGC enabled" value="1" />
  <attribute name= "numThreadsSpecified" value="0" />
  <attribute name="heapSize specified" value="8388608" />
  <attribute name= "numCores" value="8" />
  <attribute name ="GC Interval" value="0" />
  <attribute name ="Control flow" value="3" />
  <attribute name="GC Util Range Max" value="83" />
  <attribute name="Current GC Util" value="129" />
  <attribute name= "Current Time Running" value="6381" />
<allocation-satisfied id="477" threadId="00000000018F8A00" bytesRequested="32" />
<af-end id="478" timestamp="2019-08-02T18:57:49.657" threadId="00000000018F9388" success="true" />
<exclusive-end id="479" timestamp="2019-08-02T18:57:49.657" durationms="23.446" />

</verbosegc>

