<?xml version="1.0" ?>

<verbosegc xmlns="http://www.ibm.com/j9/verbosegc" version="10b4217_CMPRSS">

<initialized id="1" timestamp="2019-06-17T01:07:44.558">
  <attribute name="gcPolicy" value="-Xgcpolicy:optthruput" />
  <attribute name="elasticGC enabled" value="1" />
  <attribute name= "numThreadsSpecified" value="0" />
  <attribute name="heapSize specified" value="0" />
  <attribute name="Current GC Util" value="0" />
  <attribute name= "Current Time Running" value="0" />
  <attribute name ="GC Interval" value="0" />
  <attribute name="ProportionalT" value="0.000000" />
  <attribute name="ProportionalI" value="0.000000" />
  <attribute name="ProportionalH" value="0.000000" />
  <attribute name="IntegralT" value="0.000000" />
  <attribute name="IntegralI" value="0.000000" />
  <attribute name="IntegralH" value="0.000000" />
  <attribute name="DerivativeT" value="0.000000" />
  <attribute name="DerivativeI" value="0.000000" />
  <attribute name="DerivativeH" value="0.000000" />
  <attribute name="Target GC Util Change" value ="0.000000" />
  <attribute name="Current GC Util Change" value="0.000000"/>
  <attribute name="Current Error" value="0.000000" />
  <attribute name="Loop Time for DT" value="0.000000" />
  <attribute name="Output H" value="0"/>
  <attribute name="Output I" value="0"/>
  <attribute name="Output T" value="0"/>
  <attribute name="GC Util currently" value="0" />
  <attribute name="CPU Util currently" value="0" />
  <attribute name="maxHeapSize" value="0x7cbc0000" />
  <attribute name="initialHeapSize" value="0x800000" />
  <attribute name="compressedRefs" value="true" />
  <attribute name="compressedRefsDisplacement" value="0x0" />
  <attribute name="compressedRefsShift" value="0x0" />
  <attribute name="pageSize" value="0x1000" />
  <attribute name="pageType" value="not used" />
  <attribute name="requestedPageSize" value="0x1000" />
  <attribute name="requestedPageType" value="not used" />
  <attribute name="gcthreads" value="4" />
  <attribute name="packetListSplit" value="4" />
  <attribute name="cacheListSplit" value="4" />
  <attribute name="splitFreeListSplitAmount" value="1" />
  <attribute name="numaNodes" value="0" />
  <system>
    <attribute name="physicalMemory" value="8370958336" />
    <attribute name="numCPUs" value="4" />
    <attribute name="architecture" value="amd64" />
    <attribute name="os" value="Linux" />
    <attribute name="osVersion" value="4.4.0-150-generic" />
  </system>
  <vmargs>
    <vmarg name="-Xoptionsfile=/vagrant/jdk/lib/options.default" />
    <vmarg name="-Xlockword:mode=default,noLockword=java/lang/String,noLockword=java/util/MapEntry,noLockword=java/util/HashMap$Entry,noLockword..." />
    <vmarg name="-Xjcl:jclse29" />
    <vmarg name="-Dcom.ibm.oti.vm.bootstrap.library.path=/vagrant/jdk/lib/compressedrefs:/vagrant/jdk/lib" />
    <vmarg name="-Dsun.boot.library.path=/vagrant/jdk/lib/compressedrefs:/vagrant/jdk/lib" />
    <vmarg name="-Djava.library.path=/vagrant/jdk/lib/compressedrefs:/vagrant/jdk/lib:/usr/lib64:/usr/lib" />
    <vmarg name="-Djava.home=/vagrant/jdk" />
    <vmarg name="-Duser.dir=/vagrant" />
    <vmarg name="-Xgcpolicy:optthruput" />
    <vmarg name="-Xgcelastic" />
    <vmarg name="-Xcheck:gc:::elasticGC" />
    <vmarg name="-verbose:gc" />
    <vmarg name="-Xloggc:jdk1.5-1-1.5-small-OTT-4CORE-elasticverbose1xalan.txt" />
    <vmarg name="-Djava.class.path=dacapo-9.12-MR1-bach.jar" />
    <vmarg name="-Dsun.java.command=dacapo-9.12-MR1-bach.jar xalan --size=small" />
    <vmarg name="-Dsun.java.launcher=SUN_STANDARD" />
    <vmarg name="-Dsun.java.launcher.pid=28175" />
  </vmargs>
</initialized>

<exclusive-start id="2" timestamp="2019-06-17T01:07:46.227" intervalms="1669.958">
  <response-info timems="0.024" idlems="0.024" threads="0" lastid="0000000001EC7700" lastname="main" />
</exclusive-start>
<af-start id="3" threadId="0000000001EC8088" totalBytesRequested="88" timestamp="2019-06-17T01:07:46.228" intervalms="1670.344" />
<cycle-start id="4" type="global" contextid="0" timestamp="2019-06-17T01:07:46.228" intervalms="1670.738" />
<gc-start id="5" type="global" contextid="4" timestamp="2019-06-17T01:07:46.228">
  <mem-info id="6" free="418816" total="8388608" percent="4">
    <mem type="tenure" free="418816" total="8388608" percent="4">
      <mem type="soa" free="0" total="7969792" percent="0" />
      <mem type="loa" free="418816" total="418816" percent="100" />
    </mem>
  </mem-info>
</gc-start>
<allocation-stats totalBytes="7881288" >
  <allocated-bytes non-tlh="758040" tlh="7123248" />
  <largest-consumer threadName="main" threadId="0000000001EC7700" bytes="7810992" />
</allocation-stats>
<gc-op id="7" type="mark" timems="2.360" contextid="4" timestamp="2019-06-17T01:07:46.231">
  <trace-info objectcount="21466" scancount="17508" scanbytes="560488" />
  <finalization candidates="15" enqueued="1" />
  <references type="soft" candidates="74" cleared="0" enqueued="0" dynamicThreshold="32" maxThreshold="32" />
  <references type="weak" candidates="575" cleared="432" enqueued="393" />
  <references type="phantom" candidates="127" cleared="44" enqueued="44" />
  <stringconstants candidates="2930" cleared="0"  />
</gc-op>
<gc-op id="8" type="classunload" timems="0.071" contextid="4" timestamp="2019-06-17T01:07:46.231">
  <classunload-info classloadercandidates="6" classloadersunloaded="0" classesunloaded="0" anonymousclassesunloaded="0" quiescems="0.000" setupms="0.070" scanms="0.000" postms="0.001" />
</gc-op>
<gc-op id="9" type="sweep" timems="0.567" contextid="4" timestamp="2019-06-17T01:07:46.232" />
<mem-info id="10" free="6520560" total="8388608" percent="77">
  <mem type="tenure" free="6520560" total="8388608" percent="77" micro-fragmented="286041" macro-fragmented="0">
    <mem type="soa" free="6101744" total="7969792" percent="76" />
    <mem type="loa" free="418816" total="418816" percent="100" />
  </mem>
  <pending-finalizers system="1" default="0" reference="437" classloader="0" />
</mem-info>
<gc-op id="11" type="compact" timems="4.732" contextid="4" timestamp="2019-06-17T01:07:46.237">
  <compact-info movecount="21465" movebytes="1537096" reason="compact to aid heap contraction" />
</gc-op>
<heap-resize id="12" type="expand" space="tenure" amount="2084241408" count="1" timems="0.346" reason="satisfy allocation request" timestamp="2019-06-17T01:07:46.238" />
<gc-end id="13" type="global" contextid="4" durationms="9.363" usertimems="12.000" systemtimems="0.000" timestamp="2019-06-17T01:07:46.238" activeThreads="4">
  <mem-info id="14" free="2091092744" total="2092630016" percent="99">
    <mem type="tenure" free="2091092744" total="2092630016" percent="99">
      <mem type="soa" free="1986461448" total="1987998720" percent="99" />
      <mem type="loa" free="104631296" total="104631296" percent="100" />
    </mem>
    <pending-finalizers system="1" default="0" reference="437" classloader="0" />
  </mem-info>
</gc-end>
<cycle-end id="15" type="global" contextid="4" timestamp="2019-06-17T01:07:46.238" />
  <attribute name="elasticGC enabled" value="1" />
  <attribute name= "numThreadsSpecified" value="4" />
  <attribute name="heapSize specified" value="8388608" />
  <attribute name="Current GC Util" value="31" />
  <attribute name= "Current Time Running" value="1558" />
  <attribute name ="GC Interval" value="0" />
  <attribute name="ProportionalT" value="16.500000" />
  <attribute name="ProportionalI" value="16.500000" />
  <attribute name="ProportionalH" value="16.500000" />
  <attribute name="Current Error" value="11.000000" />
  <attribute name="IntegralT" value="-30771.000000" />
  <attribute name="IntegralI" value="-30771.000000" />
  <attribute name="IntegralH" value="-30771.000000" />
  <attribute name="DerivativeT" value="3.300000" />
  <attribute name="DerivativeI" value="3.300000" />
  <attribute name="DerivativeH" value="3.300000" />
  <attribute name="Loop Time for DT" value="5.000000" />
  <attribute name="Output H" value="2092630016"/>
  <attribute name="Output I" value="200"/>
  <attribute name="Output T" value="4"/>
  <attribute name="Target GC Util Change" value ="20.000000" />
  <attribute name="Current GC Util Change" value="31.000000"/>
  <attribute name="GC Util currently" value="31" />
  <attribute name="CPU Util currently" value="949519282058" />
<allocation-satisfied id="16" threadId="0000000001EC7700" bytesRequested="88" />
<af-end id="17" timestamp="2019-06-17T01:07:46.238" threadId="0000000001EC8088" success="true" />
<exclusive-end id="18" timestamp="2019-06-17T01:07:46.238" durationms="11.050" />

<exclusive-start id="19" timestamp="2019-06-17T01:07:46.469" intervalms="241.487">
  <response-info timems="0.101" idlems="0.101" threads="0" lastid="0000000001EC7700" lastname="main" />
</exclusive-start>
<sys-start reason="explicit" id="20" timestamp="2019-06-17T01:07:46.469" intervalms="1911.742" />
<cycle-start id="21" type="global" contextid="0" timestamp="2019-06-17T01:07:46.539" intervalms="310.589" />
<gc-start id="22" type="global" contextid="21" timestamp="2019-06-17T01:07:46.539">
  <mem-info id="23" free="2084963056" total="2092630016" percent="99">
    <mem type="tenure" free="2084963056" total="2092630016" percent="99">
      <mem type="soa" free="1980331760" total="1987998720" percent="99" />
      <mem type="loa" free="104631296" total="104631296" percent="100" />
    </mem>
  </mem-info>
</gc-start>
<allocation-stats totalBytes="6096168" >
  <allocated-bytes non-tlh="137328" tlh="5958840" />
  <largest-consumer threadName="main" threadId="0000000001EC7700" bytes="6071856" />
</allocation-stats>
<gc-op id="24" type="mark" timems="15.812" contextid="21" timestamp="2019-06-17T01:07:46.555">
  <trace-info objectcount="29515" scancount="23885" scanbytes="871152" />
  <finalization candidates="15" enqueued="0" />
  <references type="soft" candidates="133" cleared="0" enqueued="0" dynamicThreshold="31" maxThreshold="32" />
  <references type="weak" candidates="179" cleared="33" enqueued="33" />
  <references type="phantom" candidates="85" cleared="2" enqueued="2" />
  <stringconstants candidates="3535" cleared="22"  />
</gc-op>
<gc-op id="25" type="classunload" timems="0.005" contextid="21" timestamp="2019-06-17T01:07:46.556">
  <classunload-info classloadercandidates="19" classloadersunloaded="0" classesunloaded="0" anonymousclassesunloaded="0" quiescems="0.000" setupms="0.004" scanms="0.001" postms="0.000" />
</gc-op>
<gc-op id="26" type="sweep" timems="3.818" contextid="21" timestamp="2019-06-17T01:07:46.560" />
<mem-info id="27" free="2090302112" total="2092630016" percent="99">
  <mem type="tenure" free="2090302112" total="2092630016" percent="99" micro-fragmented="232147" macro-fragmented="0">
    <mem type="soa" free="1985670816" total="1987998720" percent="99" />
    <mem type="loa" free="104631296" total="104631296" percent="100" />
  </mem>
  <pending-finalizers system="0" default="0" reference="35" classloader="0" />
</mem-info>
<gc-op id="28" type="compact" timems="31.758" contextid="21" timestamp="2019-06-17T01:07:46.593">
  <compact-info movecount="28767" movebytes="1934328" reason="compact to aid heap contraction" />
</gc-op>
<gc-end id="29" type="global" contextid="21" durationms="54.070" usertimems="68.000" systemtimems="16.000" timestamp="2019-06-17T01:07:46.593" activeThreads="4">
  <mem-info id="30" free="2090674776" total="2092630016" percent="99">
    <mem type="tenure" free="2090674776" total="2092630016" percent="99">
      <mem type="soa" free="1986043480" total="1987998720" percent="99" />
      <mem type="loa" free="104631296" total="104631296" percent="100" />
    </mem>
    <pending-finalizers system="0" default="0" reference="35" classloader="0" />
  </mem-info>
</gc-end>
<cycle-end id="31" type="global" contextid="21" timestamp="2019-06-17T01:07:46.593" />
  <attribute name="elasticGC enabled" value="1" />
  <attribute name= "numThreadsSpecified" value="4" />
  <attribute name="heapSize specified" value="2092630016" />
  <attribute name="Current GC Util" value="110" />
  <attribute name= "Current Time Running" value="1914" />
  <attribute name ="GC Interval" value="0" />
  <attribute name="ProportionalT" value="135.000000" />
  <attribute name="ProportionalI" value="135.000000" />
  <attribute name="ProportionalH" value="135.000000" />
  <attribute name="Current Error" value="90.000000" />
  <attribute name="IntegralT" value="2880.000000" />
  <attribute name="IntegralI" value="2880.000000" />
  <attribute name="IntegralH" value="2880.000000" />
  <attribute name="DerivativeT" value="1.171875" />
  <attribute name="DerivativeI" value="1.171875" />
  <attribute name="DerivativeH" value="1.171875" />
  <attribute name="Loop Time for DT" value="32.000000" />
  <attribute name="Output H" value="8388608"/>
  <attribute name="Output I" value="3016"/>
  <attribute name="Output T" value="4"/>
  <attribute name="Target GC Util Change" value ="20.000000" />
  <attribute name="Current GC Util Change" value="110.000000"/>
  <attribute name="GC Util currently" value="110" />
  <attribute name="CPU Util currently" value="144125884897" />
<sys-end id="32" timestamp="2019-06-17T01:07:46.594" />
<exclusive-end id="33" timestamp="2019-06-17T01:07:46.594" durationms="124.788" />

</verbosegc>

