<?xml version="1.0" ?>

<verbosegc xmlns="http://www.ibm.com/j9/verbosegc" version="6fe7bac_CMPRSS">

<initialized id="1" timestamp="2019-09-21T18:42:58.588">
  <attribute name="gcPolicy" value="-Xgcpolicy:balanced" />
  <attribute name="elasticGC enabled" value="1" />
  <attribute name= "numThreadsSpecified" value="0" />
  <attribute name="heapSize specified" value="0" />
  <attribute name="Current GC Util" value="0" />
  <attribute name= "Current Time Running" value="0" />
  <attribute name ="GC Interval" value="0" />
  <attribute name="Target GC Util Change" value ="0.000000" />
  <attribute name="Current GC Util Change" value="0.000000"/>
  <attribute name="Current Error" value="0.000000" />
  <attribute name="Output H" value="0"/>
  <attribute name="Output I" value="0"/>
  <attribute name="Output T" value="0"/>
  <attribute name= "Current Time Running" value="0" />
  <attribute name="GC Util currently" value="0" />
  <attribute name="CPU Util currently" value="0" />
  <attribute name="maxHeapSize" value="0x7cb00000" />
  <attribute name="initialHeapSize" value="0x800000" />
  <attribute name="compressedRefs" value="true" />
  <attribute name="compressedRefsDisplacement" value="0x0" />
  <attribute name="compressedRefsShift" value="0x0" />
  <attribute name="pageSize" value="0x1000" />
  <attribute name="pageType" value="not used" />
  <attribute name="requestedPageSize" value="0x1000" />
  <attribute name="requestedPageType" value="not used" />
  <attribute name="gcthreads" value="8" />
  <attribute name="packetListSplit" value="8" />
  <attribute name="cacheListSplit" value="8" />
  <attribute name="splitFreeListSplitAmount" value="1" />
  <attribute name="numaNodes" value="0" />
  <region>
    <attribute name="regionSize" value="1048576" />
    <attribute name="regionCount" value="1995" />
    <attribute name="arrayletLeafSize" value="1048576" />
  </region>
  <system>
    <attribute name="physicalMemory" value="8370393088" />
    <attribute name="numCPUs" value="8" />
    <attribute name="architecture" value="amd64" />
    <attribute name="os" value="Linux" />
    <attribute name="osVersion" value="4.4.0-157-generic" />
  </system>
  <vmargs>
    <vmarg name="-Xoptionsfile=/vagrant/jdk/lib/options.default" />
    <vmarg name="-Xlockword:mode=default,noLockword=java/lang/String,noLockword=java/util/MapEntry,noLockword=java/util/HashMap$Entry,noLockword..." />
    <vmarg name="-Xjcl:jclse29" />
    <vmarg name="-Dcom.ibm.oti.vm.bootstrap.library.path=/vagrant/jdk/lib/compressedrefs:/vagrant/jdk/lib" />
    <vmarg name="-Dsun.boot.library.path=/vagrant/jdk/lib/compressedrefs:/vagrant/jdk/lib" />
    <vmarg name="-Djava.library.path=/vagrant/jdk/lib/compressedrefs:/vagrant/jdk/lib:/usr/lib64:/usr/lib" />
    <vmarg name="-Djava.home=/vagrant/jdk" />
    <vmarg name="-Duser.dir=/vagrant" />
    <vmarg name="-Xgcpolicy:balanced" />
    <vmarg name="-Xgcelastic" />
    <vmarg name="-Xcheck:gc:::elasticGC" />
    <vmarg name="-verbose:gc" />
    <vmarg name="-Xloggc:large-Balanced-JDK2-2-2-8core-verbose16sunflow.txt" />
    <vmarg name="-Djava.class.path=dacapo-9.12-MR1-bach.jar" />
    <vmarg name="-Dsun.java.command=dacapo-9.12-MR1-bach.jar sunflow --size=large" />
    <vmarg name="-Dsun.java.launcher=SUN_STANDARD" />
    <vmarg name="-Dsun.java.launcher.pid=10549" />
  </vmargs>
</initialized>

<exclusive-start id="2" timestamp="2019-09-21T18:42:59.048" intervalms="459.844">
  <response-info timems="0.046" idlems="0.046" threads="0" lastid="0000000001B77A00" lastname="main" />
</exclusive-start>
<allocation-taxation id="3" taxation-threshold="8388608" timestamp="2019-09-21T18:42:59.048" intervalms="460.088" />
<cycle-start id="4" type="partial gc" contextid="0" timestamp="2019-09-21T18:42:59.048" intervalms="460.427" />
<gc-start id="5" type="partial gc" contextid="4" timestamp="2019-09-21T18:42:59.049">
  <mem-info id="6" free="0" total="8388608" percent="0">
    <mem type="eden" free="264" total="8388608" percent="0" />
    <arraylet-primitive objects="1" leaves="1" largest="1" />
    <remembered-set count="0" freebytes="334848" totalbytes="334848" percent="100" regionsoverflowed="0" regionsstable="0" regionsrebuilding="0"/>
  </mem-info>
</gc-start>
<allocation-stats totalBytes="8382376" >
  <allocated-bytes non-tlh="1288352" tlh="6045448" arrayletleaf="1048576"/>
  <largest-consumer threadName="main" threadId="0000000001B77A00" bytes="8289424" />
</allocation-stats>
<gc-op id="7" type="mark" timems="4.750" contextid="4" timestamp="2019-09-21T18:42:59.055">
  <trace-info objectcount="30332" scancount="23653" scanbytes="766236" />
  <remembered-set-cleared processed="0" cleared="0" durationms="0.172" />
  <finalization candidates="125" enqueued="1" />
  <ownableSynchronizers candidates="3" cleared="0" />
  <references type="soft" candidates="131" cleared="0" enqueued="0" dynamicThreshold="32" maxThreshold="32" />
  <references type="weak" candidates="1321" cleared="568" enqueued="478" />
  <references type="phantom" candidates="106" cleared="42" enqueued="42" />
  <stringconstants candidates="3958" cleared="0"  />
  <warning details="Mark for calibration purposes" />
</gc-op>
<gc-op id="8" type="classunload" timems="0.085" contextid="4" timestamp="2019-09-21T18:42:59.055">
  <classunload-info classloadercandidates="7" classloadersunloaded="0" classesunloaded="0" anonymousclassesunloaded="0" quiescems="0.000" setupms="0.085" scanms="0.000" postms="0.000" />
</gc-op>
<gc-op id="9" type="sweep" timems="0.893" contextid="4" timestamp="2019-09-21T18:42:59.056" />
<gc-op id="10" type="compact" timems="6.751" contextid="4" timestamp="2019-09-21T18:42:59.064">
  <compact-info movecount="30314" movebytes="1338240" />
  <remembered-set-cleared processed="0" cleared="0" durationms="0.172" />
</gc-op>
<heap-resize id="11" type="expand" space="default" amount="1048576" count="1" timems="0.057" reason="insufficient free space following gc" timestamp="2019-09-21T18:42:59.065" />
<gc-end id="12" type="partial gc" contextid="4" durationms="16.455" usertimems="16.000" systemtimems="0.000" timestamp="2019-09-21T18:42:59.065" activeThreads="8">
  <mem-info id="13" free="5242880" total="9437184" percent="55">
    <mem type="eden" free="984008" total="4194304" percent="23" />
    <arraylet-primitive objects="1" leaves="1" largest="1" />
    <pending-finalizers system="1" default="0" reference="520" classloader="0" />
    <remembered-set count="2048" freebytes="368512" totalbytes="376704" percent="97" regionsoverflowed="0" regionsstable="0" regionsrebuilding="0"/>
  </mem-info>
</gc-end>
<cycle-end id="14" type="partial gc" contextid="4" timestamp="2019-09-21T18:42:59.065" />
  <attribute name="elasticGC enabled" value="1" />
  <attribute name= "numThreadsSpecified" value="8" />
  <attribute name="heapSize specified" value="0" />
  <attribute name="Current GC Util" value="23" />
  <attribute name= "Current Time Running" value="335" />
  <attribute name ="GC Interval" value="0" />
  <attribute name="Target GC Util Change" value ="40.000000" />
  <attribute name="Current GC Util Change" value="23.000000"/>
  <attribute name="Current Error" value="-106.000000" />
  <attribute name="Output H" value="8464168"/>
  <attribute name="Output I" value="1888"/>
  <attribute name="Output T" value="8"/>
  <attribute name= "Current Time Running" value="335" />
  <attribute name="GC Util currently" value="23" />
  <attribute name="CPU Util currently" value="1509306502463" />
<exclusive-end id="15" timestamp="2019-09-21T18:42:59.066" durationms="17.687" />

<exclusive-start id="16" timestamp="2019-09-21T18:42:59.091" intervalms="43.185">
  <response-info timems="0.109" idlems="0.109" threads="0" lastid="0000000001B77A00" lastname="main" />
</exclusive-start>
<sys-start reason="explicit" id="17" timestamp="2019-09-21T18:42:59.091" intervalms="503.122" />
<cycle-start id="18" type="global garbage collect" contextid="0" timestamp="2019-09-21T18:42:59.091" intervalms="503.305" />
<gc-start id="19" type="global garbage collect" contextid="18" timestamp="2019-09-21T18:42:59.091">
  <mem-info id="20" free="1572864" total="9437184" percent="16">
    <mem type="eden" free="524288" total="4194304" percent="12" />
    <arraylet-primitive objects="2" leaves="2" largest="1" />
    <remembered-set count="2048" freebytes="368512" totalbytes="376704" percent="97" regionsoverflowed="0" regionsstable="0" regionsrebuilding="0"/>
  </mem-info>
</gc-start>
<allocation-stats totalBytes="3669608" >
  <allocated-bytes non-tlh="88" tlh="2620944" arrayletleaf="1048576"/>
  <largest-consumer threadName="main" threadId="0000000001B77A00" bytes="3653536" />
</allocation-stats>
<gc-op id="21" type="global mark" timems="2.841" contextid="18" timestamp="2019-09-21T18:42:59.095">
  <trace-info objectcount="29380" scancount="22853" scanbytes="751940" />
  <finalization candidates="124" enqueued="0" />
  <ownableSynchronizers candidates="3" cleared="0" />
  <references type="soft" candidates="131" cleared="0" enqueued="0" dynamicThreshold="17" maxThreshold="32" />
  <references type="weak" candidates="755" cleared="2" enqueued="2" />
  <references type="phantom" candidates="63" cleared="0" enqueued="0" />
  <stringconstants candidates="3958" cleared="0"  />
</gc-op>
<gc-op id="22" type="classunload" timems="0.003" contextid="18" timestamp="2019-09-21T18:42:59.095">
  <classunload-info classloadercandidates="7" classloadersunloaded="0" classesunloaded="0" anonymousclassesunloaded="0" quiescems="0.000" setupms="0.003" scanms="0.000" postms="0.000" />
</gc-op>
<gc-op id="23" type="sweep" timems="0.512" contextid="18" timestamp="2019-09-21T18:42:59.095" />
<gc-op id="24" type="compact" timems="4.726" contextid="18" timestamp="2019-09-21T18:42:59.101">
  <compact-info movecount="29380" movebytes="1300048" />
  <remembered-set-cleared processed="1945" cleared="1945" durationms="0.060" />
</gc-op>
<gc-end id="25" type="global garbage collect" contextid="18" durationms="9.593" usertimems="12.000" systemtimems="0.000" timestamp="2019-09-21T18:42:59.101" activeThreads="8">
  <mem-info id="26" free="4194304" total="9437184" percent="44">
    <arraylet-primitive objects="2" leaves="2" largest="1" />
    <pending-finalizers system="0" default="0" reference="2" classloader="0" />
    <remembered-set count="2048" freebytes="368512" totalbytes="376704" percent="97" regionsoverflowed="0" regionsstable="0" regionsrebuilding="0"/>
  </mem-info>
</gc-end>
<cycle-end id="27" type="global garbage collect" contextid="18" timestamp="2019-09-21T18:42:59.101" />
  <attribute name="elasticGC enabled" value="1" />
  <attribute name= "numThreadsSpecified" value="8" />
  <attribute name="heapSize specified" value="0" />
  <attribute name="Current GC Util" value="32" />
  <attribute name= "Current Time Running" value="374" />
  <attribute name ="GC Interval" value="0" />
  <attribute name="Target GC Util Change" value ="40.000000" />
  <attribute name="Current GC Util Change" value="32.000000"/>
  <attribute name="Current Error" value="-92.000000" />
  <attribute name="Output H" value="9512760"/>
  <attribute name="Output I" value="1904"/>
  <attribute name="Output T" value="8"/>
  <attribute name= "Current Time Running" value="374" />
  <attribute name="GC Util currently" value="32" />
  <attribute name="CPU Util currently" value="2375245301425" />
<sys-end id="28" timestamp="2019-09-21T18:42:59.101" />
<exclusive-end id="29" timestamp="2019-09-21T18:42:59.102" durationms="10.528" />

<exclusive-start id="30" timestamp="2019-09-21T18:42:59.239" intervalms="148.095">
  <response-info timems="0.086" idlems="0.045" threads="1" lastid="0000000001EEAB00" lastname="Thread-8" />
</exclusive-start>
<allocation-taxation id="31" taxation-threshold="4194304" timestamp="2019-09-21T18:42:59.239" intervalms="191.236" />
<cycle-start id="32" type="partial gc" contextid="0" timestamp="2019-09-21T18:42:59.240" intervalms="191.172" />
<gc-start id="33" type="partial gc" contextid="32" timestamp="2019-09-21T18:42:59.240">
  <mem-info id="34" free="0" total="9437184" percent="0">
    <mem type="eden" free="0" total="4194304" percent="0" />
    <arraylet-primitive objects="2" leaves="2" largest="1" />
    <remembered-set count="2048" freebytes="368512" totalbytes="376704" percent="97" regionsoverflowed="0" regionsstable="0" regionsrebuilding="0"/>
  </mem-info>
</gc-start>
<allocation-stats totalBytes="4180208" >
  <allocated-bytes non-tlh="652720" tlh="3527488" arrayletleaf="0"/>
  <largest-consumer threadName="main" threadId="0000000001B77A00" bytes="3032456" />
</allocation-stats>
<gc-op id="35" type="mark" timems="8.451" contextid="32" timestamp="2019-09-21T18:42:59.249">
  <trace-info objectcount="11429" scancount="8115" scanbytes="241272" />
  <cardclean-info objects="528" bytes="22916" />
  <remembered-set-cleared processed="847" cleared="35" durationms="0.079" />
  <references type="soft" candidates="17" cleared="0" enqueued="0" dynamicThreshold="14" maxThreshold="32" />
  <references type="weak" candidates="45" cleared="29" enqueued="28" />
  <references type="phantom" candidates="2" cleared="0" enqueued="0" />
  <stringconstants candidates="4509" cleared="1"  />
  <warning details="Mark invoked due to insufficient free space for Copy-Forward" />
</gc-op>
<gc-op id="36" type="classunload" timems="0.002" contextid="32" timestamp="2019-09-21T18:42:59.249">
  <classunload-info classloadercandidates="8" classloadersunloaded="0" classesunloaded="0" anonymousclassesunloaded="0" quiescems="0.000" setupms="0.002" scanms="0.000" postms="0.000" />
</gc-op>
<gc-op id="37" type="sweep" timems="3.313" contextid="32" timestamp="2019-09-21T18:42:59.253" />
<gc-op id="38" type="compact" timems="6.337" contextid="32" timestamp="2019-09-21T18:42:59.259">
  <compact-info movecount="11429" movebytes="1582312" />
  <remembered-set-cleared processed="3059" cleared="1424" durationms="0.079" />
</gc-op>
<heap-resize id="39" type="expand" space="default" amount="4194304" count="1" timems="0.073" reason="insufficient free space following gc" timestamp="2019-09-21T18:42:59.260" />
<gc-end id="40" type="partial gc" contextid="32" durationms="19.965" usertimems="20.000" systemtimems="0.000" timestamp="2019-09-21T18:42:59.260" activeThreads="8">
  <mem-info id="41" free="6291456" total="13631488" percent="46">
    <mem type="eden" free="513736" total="2097152" percent="24" />
    <arraylet-primitive objects="2" leaves="2" largest="1" />
    <pending-finalizers system="0" default="0" reference="28" classloader="0" />
    <remembered-set count="2528" freebytes="534016" totalbytes="544128" percent="98" regionsoverflowed="0" regionsstable="0" regionsrebuilding="0"/>
  </mem-info>
</gc-end>
<cycle-end id="42" type="partial gc" contextid="32" timestamp="2019-09-21T18:42:59.260" />
  <attribute name="elasticGC enabled" value="1" />
  <attribute name= "numThreadsSpecified" value="8" />
  <attribute name="heapSize specified" value="0" />
  <attribute name="Current GC Util" value="99" />
  <attribute name= "Current Time Running" value="531" />
  <attribute name ="GC Interval" value="0" />
  <attribute name="Target GC Util Change" value ="40.000000" />
  <attribute name="Current GC Util Change" value="99.000000"/>
  <attribute name="Current Error" value="-214.000000" />
  <attribute name="Output H" value="9512624"/>
  <attribute name="Output I" value="1768"/>
  <attribute name="Output T" value="8"/>
  <attribute name= "Current Time Running" value="531" />
  <attribute name="GC Util currently" value="99" />
  <attribute name="CPU Util currently" value="644301153544" />
<exclusive-end id="43" timestamp="2019-09-21T18:42:59.260" durationms="21.315" />

<exclusive-start id="44" timestamp="2019-09-21T18:42:59.344" intervalms="104.865">
  <response-info timems="0.178" idlems="0.178" threads="0" lastid="0000000001EDBB00" lastname="Thread-4" />
</exclusive-start>
<allocation-taxation id="45" taxation-threshold="3145728" timestamp="2019-09-21T18:42:59.344" intervalms="104.895" />
<cycle-start id="46" type="global mark phase" contextid="0" timestamp="2019-09-21T18:42:59.344" intervalms="756.424" />
<gc-start id="47" type="global mark phase" contextid="46" timestamp="2019-09-21T18:42:59.345">
  <mem-info id="48" free="3145728" total="13631488" percent="23">
    <remembered-set count="2528" freebytes="534016" totalbytes="544128" percent="98" regionsoverflowed="0" regionsstable="0" regionsrebuilding="0"/>
  </mem-info>
</gc-start>
<gc-op id="49" type="mark increment" timems="2.765" contextid="46" timestamp="2019-09-21T18:42:59.347">
  <trace-info objectcount="204" scancount="0" scanbytes="0" />
</gc-op>
<gc-end id="50" type="global mark phase" contextid="46" durationms="3.008" usertimems="4.000" systemtimems="0.000" timestamp="2019-09-21T18:42:59.348" activeThreads="8">
  <mem-info id="51" free="3145728" total="13631488" percent="23">
    <remembered-set count="2528" freebytes="534016" totalbytes="544128" percent="98" regionsoverflowed="0" regionsstable="0" regionsrebuilding="0"/>
  </mem-info>
</gc-end>
<concurrent-start id="52" type="GMP work packet processing" contextid="46" timestamp="2019-09-21T18:42:59.348">
  <concurrent-mark-start scanTarget="18446744073709551615" />
</concurrent-start>
<exclusive-end id="53" timestamp="2019-09-21T18:42:59.348" durationms="3.985" />

<concurrent-end id="54" type="GMP work packet processing" contextid="46" timestamp="2019-09-21T18:42:59.352">
  <concurrent-mark-end bytesScanned="1204592" reasonForTermination="Completed all work in GC phase" />
</concurrent-end>

<exclusive-start id="55" timestamp="2019-09-21T18:42:59.359" intervalms="14.740">
  <response-info timems="0.074" idlems="0.074" threads="0" lastid="0000000001EDBB00" lastname="Thread-4" />
</exclusive-start>
<allocation-taxation id="56" taxation-threshold="3145728" timestamp="2019-09-21T18:42:59.359" intervalms="14.743" />
<cycle-start id="57" type="partial gc" contextid="0" timestamp="2019-09-21T18:42:59.359" intervalms="119.533" />
<gc-start id="58" type="partial gc" contextid="57" timestamp="2019-09-21T18:42:59.359">
  <mem-info id="59" free="0" total="13631488" percent="0">
    <mem type="eden" free="0" total="6291456" percent="0" />
    <arraylet-primitive objects="2" leaves="2" largest="1" />
    <remembered-set count="2528" freebytes="534016" totalbytes="544128" percent="98" regionsoverflowed="0" regionsstable="0" regionsrebuilding="0"/>
  </mem-info>
</gc-start>
<allocation-stats totalBytes="6271920" >
  <allocated-bytes non-tlh="872928" tlh="5398992" arrayletleaf="0"/>
  <largest-consumer threadName="Thread-4" threadId="0000000001EDBB00" bytes="3140128" />
</allocation-stats>
<gc-op id="60" type="mark" timems="3.685" contextid="57" timestamp="2019-09-21T18:42:59.365">
  <trace-info objectcount="15205" scancount="12340" scanbytes="454912" />
  <cardclean-info objects="130" bytes="9720" />
  <remembered-set-cleared processed="1402" cleared="582" durationms="0.091" />
  <references type="soft" candidates="17" cleared="0" enqueued="0" dynamicThreshold="7" maxThreshold="32" />
  <references type="weak" candidates="16" cleared="0" enqueued="0" />
  <references type="phantom" candidates="2" cleared="0" enqueued="0" />
  <stringconstants candidates="4533" cleared="0"  />
  <warning details="Mark invoked due to insufficient free space for Copy-Forward" />
</gc-op>
<gc-op id="61" type="classunload" timems="0.003" contextid="57" timestamp="2019-09-21T18:42:59.365">
  <classunload-info classloadercandidates="8" classloadersunloaded="0" classesunloaded="0" anonymousclassesunloaded="0" quiescems="0.000" setupms="0.003" scanms="0.000" postms="0.000" />
</gc-op>
<gc-op id="62" type="sweep" timems="0.436" contextid="57" timestamp="2019-09-21T18:42:59.365" />
<gc-op id="63" type="compact" timems="2.276" contextid="57" timestamp="2019-09-21T18:42:59.368">
  <compact-info movecount="15205" movebytes="1592216" />
  <remembered-set-cleared processed="3492" cleared="1847" durationms="0.091" />
</gc-op>
<gc-end id="64" type="partial gc" contextid="57" durationms="8.767" usertimems="8.000" systemtimems="0.000" timestamp="2019-09-21T18:42:59.368" activeThreads="1">
  <mem-info id="65" free="6291456" total="13631488" percent="46">
    <mem type="eden" free="329120" total="1048576" percent="31" />
    <arraylet-primitive objects="2" leaves="2" largest="1" />
    <remembered-set count="4256" freebytes="527104" totalbytes="544128" percent="96" regionsoverflowed="0" regionsstable="0" regionsrebuilding="0"/>
  </mem-info>
</gc-end>
<cycle-end id="66" type="partial gc" contextid="57" timestamp="2019-09-21T18:42:59.368" />
  <attribute name="elasticGC enabled" value="1" />
  <attribute name= "numThreadsSpecified" value="1" />
  <attribute name="heapSize specified" value="0" />
  <attribute name="Current GC Util" value="57" />
  <attribute name= "Current Time Running" value="643" />
  <attribute name ="GC Interval" value="0" />
  <attribute name="Target GC Util Change" value ="40.000000" />
  <attribute name="Current GC Util Change" value="57.000000"/>
  <attribute name="Current Error" value="-17.000000" />
  <attribute name="Output H" value="13707152"/>
  <attribute name="Output I" value="1992"/>
  <attribute name="Output T" value="1"/>
  <attribute name= "Current Time Running" value="643" />
  <attribute name="GC Util currently" value="57" />
  <attribute name="CPU Util currently" value="3543307837709" />
<exclusive-end id="67" timestamp="2019-09-21T18:42:59.369" durationms="9.845" />

<exclusive-start id="68" timestamp="2019-09-21T18:42:59.395" intervalms="36.614">
  <response-info timems="0.183" idlems="0.102" threads="1" lastid="0000000001EDBB00" lastname="Thread-16" />
</exclusive-start>
<allocation-taxation id="69" taxation-threshold="3145728" timestamp="2019-09-21T18:42:59.395" intervalms="36.521" />
<gc-start id="70" type="global mark phase" contextid="46" timestamp="2019-09-21T18:42:59.396">
  <mem-info id="71" free="3145728" total="13631488" percent="23">
    <remembered-set count="3968" freebytes="528256" totalbytes="544128" percent="97" regionsoverflowed="0" regionsstable="0" regionsrebuilding="0"/>
  </mem-info>
</gc-start>
<gc-op id="72" type="mark increment" timems="1.821" contextid="46" timestamp="2019-09-21T18:42:59.398">
  <trace-info objectcount="27627" scancount="24699" scanbytes="1176920" />
  <cardclean-info objects="464" bytes="20492" />
  <finalization candidates="124" enqueued="0" />
  <ownableSynchronizers candidates="3" cleared="0" />
  <references type="soft" candidates="148" cleared="0" enqueued="0" dynamicThreshold="14" maxThreshold="32" />
  <references type="weak" candidates="769" cleared="0" enqueued="0" />
  <references type="phantom" candidates="65" cleared="2" enqueued="2" />
  <stringconstants candidates="4596" cleared="0"  />
</gc-op>
<gc-op id="73" type="classunload" timems="0.004" contextid="46" timestamp="2019-09-21T18:42:59.398">
  <classunload-info classloadercandidates="8" classloadersunloaded="0" classesunloaded="0" anonymousclassesunloaded="0" quiescems="0.000" setupms="0.004" scanms="0.000" postms="0.000" />
</gc-op>
<gc-end id="74" type="global mark phase" contextid="46" durationms="2.185" usertimems="4.000" systemtimems="0.000" timestamp="2019-09-21T18:42:59.398" activeThreads="8">
  <mem-info id="75" free="3145728" total="13631488" percent="23">
    <pending-finalizers system="0" default="0" reference="2" classloader="0" />
    <remembered-set count="3968" freebytes="528256" totalbytes="544128" percent="97" regionsoverflowed="0" regionsstable="0" regionsrebuilding="0"/>
  </mem-info>
</gc-end>
<cycle-end id="76" type="global mark phase" contextid="46" timestamp="2019-09-21T18:42:59.398" />
  <attribute name="elasticGC enabled" value="1" />
  <attribute name= "numThreadsSpecified" value="8" />
  <attribute name="heapSize specified" value="0" />
  <attribute name="Current GC Util" value="184" />
  <attribute name= "Current Time Running" value="674" />
  <attribute name ="GC Interval" value="0" />
  <attribute name="Target GC Util Change" value ="40.000000" />
  <attribute name="Current GC Util Change" value="184.000000"/>
  <attribute name="Current Error" value="-274.000000" />
  <attribute name="Output H" value="13706856"/>
  <attribute name="Output I" value="1696"/>
  <attribute name="Output T" value="8"/>
  <attribute name= "Current Time Running" value="674" />
  <attribute name="GC Util currently" value="184" />
  <attribute name="CPU Util currently" value="4105750772138" />
<exclusive-end id="77" timestamp="2019-09-21T18:42:59.398" durationms="2.705" />

<exclusive-start id="78" timestamp="2019-09-21T18:42:59.431" intervalms="35.336">
  <response-info timems="0.071" idlems="0.022" threads="3" lastid="0000000001ED7F00" lastname="Thread-17" />
</exclusive-start>
<allocation-taxation id="79" taxation-threshold="3145728" timestamp="2019-09-21T18:42:59.431" intervalms="35.403" />
<cycle-start id="80" type="partial gc" contextid="0" timestamp="2019-09-21T18:42:59.431" intervalms="71.913" />
<gc-start id="81" type="partial gc" contextid="80" timestamp="2019-09-21T18:42:59.431">
  <mem-info id="82" free="0" total="13631488" percent="0">
    <mem type="eden" free="0" total="6291456" percent="0" />
    <arraylet-primitive objects="2" leaves="2" largest="1" />
    <remembered-set count="3968" freebytes="528256" totalbytes="544128" percent="97" regionsoverflowed="0" regionsstable="0" regionsrebuilding="0"/>
  </mem-info>
</gc-start>
<allocation-stats totalBytes="6264256" >
  <allocated-bytes non-tlh="662336" tlh="5601920" arrayletleaf="0"/>
  <largest-consumer threadName="Thread-11" threadId="0000000001EEE700" bytes="606080" />
</allocation-stats>
<gc-op id="83" type="sweep" timems="0.692" contextid="80" timestamp="2019-09-21T18:42:59.432" />
<gc-op id="84" type="mark" timems="2.384" contextid="80" timestamp="2019-09-21T18:42:59.435">
  <trace-info objectcount="45063" scancount="44807" scanbytes="2298024" />
  <cardclean-info objects="267" bytes="10192" />
  <remembered-set-cleared processed="1428" cleared="47" durationms="0.072" />
  <stringconstants candidates="4596" cleared="0"  />
  <warning details="Mark invoked due to insufficient free space for Copy-Forward" />
</gc-op>
<gc-op id="85" type="classunload" timems="0.002" contextid="80" timestamp="2019-09-21T18:42:59.435">
  <classunload-info classloadercandidates="8" classloadersunloaded="0" classesunloaded="0" anonymousclassesunloaded="0" quiescems="0.000" setupms="0.002" scanms="0.000" postms="0.000" />
</gc-op>
<gc-op id="86" type="sweep" timems="0.459" contextid="80" timestamp="2019-09-21T18:42:59.436" />
<gc-op id="87" type="compact" timems="4.273" contextid="80" timestamp="2019-09-21T18:42:59.441">
  <compact-info movecount="40962" movebytes="2930608" />
  <remembered-set-cleared processed="2976" cleared="198" durationms="0.072" />
</gc-op>
<heap-resize id="88" type="expand" space="default" amount="3145728" count="1" timems="0.070" reason="insufficient free space following gc" timestamp="2019-09-21T18:42:59.441" />
<gc-end id="89" type="partial gc" contextid="80" durationms="9.748" usertimems="12.000" systemtimems="4.000" timestamp="2019-09-21T18:42:59.441" activeThreads="8">
  <mem-info id="90" free="6291456" total="16777216" percent="37">
    <mem type="eden" free="517696" total="3145728" percent="16" />
    <arraylet-primitive objects="2" leaves="2" largest="1" />
    <remembered-set count="4384" freebytes="652160" totalbytes="669696" percent="97" regionsoverflowed="0" regionsstable="0" regionsrebuilding="0"/>
  </mem-info>
</gc-end>
<cycle-end id="91" type="partial gc" contextid="80" timestamp="2019-09-21T18:42:59.441" />
  <attribute name="elasticGC enabled" value="1" />
  <attribute name= "numThreadsSpecified" value="8" />
  <attribute name="heapSize specified" value="0" />
  <attribute name="Current GC Util" value="56" />
  <attribute name= "Current Time Running" value="714" />
  <attribute name ="GC Interval" value="0" />
  <attribute name="Target GC Util Change" value ="40.000000" />
  <attribute name="Current GC Util Change" value="56.000000"/>
  <attribute name="Current Error" value="-184.000000" />
  <attribute name="Output H" value="13706960"/>
  <attribute name="Output I" value="1800"/>
  <attribute name="Output T" value="8"/>
  <attribute name= "Current Time Running" value="714" />
  <attribute name="GC Util currently" value="56" />
  <attribute name="CPU Util currently" value="3456901242666" />
<exclusive-end id="92" timestamp="2019-09-21T18:42:59.442" durationms="10.881" />

<exclusive-start id="93" timestamp="2019-09-21T18:42:59.472" intervalms="41.515">
  <response-info timems="0.064" idlems="0.064" threads="0" lastid="0000000001EEE700" lastname="Thread-11" />
</exclusive-start>
<allocation-taxation id="94" taxation-threshold="6291456" timestamp="2019-09-21T18:42:59.472" intervalms="41.489" />
<cycle-start id="95" type="partial gc" contextid="0" timestamp="2019-09-21T18:42:59.473" intervalms="41.507" />
<gc-start id="96" type="partial gc" contextid="95" timestamp="2019-09-21T18:42:59.473">
  <mem-info id="97" free="0" total="16777216" percent="0">
    <mem type="eden" free="0" total="6291456" percent="0" />
    <arraylet-primitive objects="2" leaves="2" largest="1" />
    <remembered-set count="4384" freebytes="652160" totalbytes="669696" percent="97" regionsoverflowed="0" regionsstable="0" regionsrebuilding="0"/>
  </mem-info>
</gc-start>
<allocation-stats totalBytes="6290192" >
  <allocated-bytes non-tlh="0" tlh="6290192" arrayletleaf="0"/>
  <largest-consumer threadName="Thread-11" threadId="0000000001EEE700" bytes="1511200" />
</allocation-stats>
<gc-op id="98" type="mark" timems="2.080" contextid="95" timestamp="2019-09-21T18:42:59.476">
  <trace-info objectcount="42991" scancount="42894" scanbytes="2137344" />
  <cardclean-info objects="26" bytes="1668" />
  <remembered-set-cleared processed="1553" cleared="132" durationms="0.068" />
  <stringconstants candidates="4596" cleared="0"  />
  <warning details="Mark invoked due to insufficient free space for Copy-Forward" />
</gc-op>
<gc-op id="99" type="classunload" timems="0.003" contextid="95" timestamp="2019-09-21T18:42:59.476">
  <classunload-info classloadercandidates="8" classloadersunloaded="0" classesunloaded="0" anonymousclassesunloaded="0" quiescems="0.000" setupms="0.002" scanms="0.000" postms="0.000" />
</gc-op>
<gc-op id="100" type="sweep" timems="0.455" contextid="95" timestamp="2019-09-21T18:42:59.476" />
<gc-op id="101" type="compact" timems="4.184" contextid="95" timestamp="2019-09-21T18:42:59.481">
  <compact-info movecount="33829" movebytes="2173536" />
  <remembered-set-cleared processed="3245" cleared="442" durationms="0.068" />
</gc-op>
<heap-resize id="102" type="expand" space="default" amount="2097152" count="1" timems="0.062" reason="insufficient free space following gc" timestamp="2019-09-21T18:42:59.481" />
<gc-end id="103" type="partial gc" contextid="95" durationms="8.254" usertimems="12.000" systemtimems="0.000" timestamp="2019-09-21T18:42:59.481" activeThreads="1">
  <mem-info id="104" free="7340032" total="18874368" percent="38">
    <mem type="eden" free="982672" total="1048576" percent="93" />
    <arraylet-primitive objects="2" leaves="2" largest="1" />
    <remembered-set count="4064" freebytes="737152" totalbytes="753408" percent="97" regionsoverflowed="0" regionsstable="0" regionsrebuilding="0"/>
  </mem-info>
</gc-end>
<cycle-end id="105" type="partial gc" contextid="95" timestamp="2019-09-21T18:42:59.481" />
  <attribute name="elasticGC enabled" value="1" />
  <attribute name= "numThreadsSpecified" value="1" />
  <attribute name="heapSize specified" value="0" />
  <attribute name="Current GC Util" value="60" />
  <attribute name= "Current Time Running" value="754" />
  <attribute name ="GC Interval" value="0" />
  <attribute name="Target GC Util Change" value ="40.000000" />
  <attribute name="Current GC Util Change" value="60.000000"/>
  <attribute name="Current Error" value="-20.000000" />
  <attribute name="Output H" value="16852880"/>
  <attribute name="Output I" value="1992"/>
  <attribute name="Output T" value="1"/>
  <attribute name= "Current Time Running" value="754" />
  <attribute name="GC Util currently" value="60" />
  <attribute name="CPU Util currently" value="3637515669679" />
<exclusive-end id="106" timestamp="2019-09-21T18:42:59.482" durationms="9.435" />

<exclusive-start id="107" timestamp="2019-09-21T18:42:59.496" intervalms="23.771">
  <response-info timems="0.106" idlems="0.106" threads="0" lastid="0000000001EEE700" lastname="Thread-11" />
</exclusive-start>
<allocation-taxation id="108" taxation-threshold="7340032" timestamp="2019-09-21T18:42:59.496" intervalms="23.743" />
<cycle-start id="109" type="partial gc" contextid="0" timestamp="2019-09-21T18:42:59.496" intervalms="23.684" />
<gc-start id="110" type="partial gc" contextid="109" timestamp="2019-09-21T18:42:59.496">
  <mem-info id="111" free="0" total="18874368" percent="0">
    <mem type="eden" free="0" total="7340032" percent="0" />
    <arraylet-primitive objects="2" leaves="2" largest="1" />
    <remembered-set count="3648" freebytes="738816" totalbytes="753408" percent="98" regionsoverflowed="0" regionsstable="0" regionsrebuilding="0"/>
  </mem-info>
</gc-start>
<allocation-stats totalBytes="7338640" >
  <allocated-bytes non-tlh="0" tlh="7338640" arrayletleaf="0"/>
  <largest-consumer threadName="Thread-14" threadId="0000000001EF2300" bytes="1740408" />
</allocation-stats>
<gc-op id="112" type="mark" timems="1.546" contextid="109" timestamp="2019-09-21T18:42:59.499">
  <trace-info objectcount="5876" scancount="5876" scanbytes="143216" />
  <cardclean-info objects="8812" bytes="425496" />
  <remembered-set-cleared processed="1842" cleared="267" durationms="0.061" />
  <stringconstants candidates="4596" cleared="0"  />
  <warning details="Mark invoked due to insufficient free space for Copy-Forward" />
</gc-op>
<gc-op id="113" type="classunload" timems="0.003" contextid="109" timestamp="2019-09-21T18:42:59.499">
  <classunload-info classloadercandidates="8" classloadersunloaded="0" classesunloaded="0" anonymousclassesunloaded="0" quiescems="0.000" setupms="0.003" scanms="0.000" postms="0.000" />
</gc-op>
<gc-op id="114" type="sweep" timems="0.378" contextid="109" timestamp="2019-09-21T18:42:59.499" />
<gc-op id="115" type="compact" timems="1.502" contextid="109" timestamp="2019-09-21T18:42:59.501">
  <compact-info movecount="5805" movebytes="141512" />
  <remembered-set-cleared processed="3805" cleared="644" durationms="0.061" />
</gc-op>
<heap-resize id="116" type="expand" space="default" amount="1048576" count="1" timems="0.054" reason="insufficient free space following gc" timestamp="2019-09-21T18:42:59.501" />
<gc-end id="117" type="partial gc" contextid="109" durationms="4.711" usertimems="8.000" systemtimems="0.000" timestamp="2019-09-21T18:42:59.501" activeThreads="8">
  <mem-info id="118" free="7340032" total="19922944" percent="36">
    <mem type="eden" free="958304" total="1048576" percent="91" />
    <arraylet-primitive objects="2" leaves="2" largest="1" />
    <remembered-set count="5696" freebytes="772480" totalbytes="795264" percent="97" regionsoverflowed="0" regionsstable="0" regionsrebuilding="0"/>
  </mem-info>
</gc-end>
<cycle-end id="119" type="partial gc" contextid="109" timestamp="2019-09-21T18:42:59.501" />
  <attribute name="elasticGC enabled" value="1" />
  <attribute name= "numThreadsSpecified" value="8" />
  <attribute name="heapSize specified" value="0" />
  <attribute name="Current GC Util" value="56" />
  <attribute name= "Current Time Running" value="777" />
  <attribute name ="GC Interval" value="0" />
  <attribute name="Target GC Util Change" value ="40.000000" />
  <attribute name="Current GC Util Change" value="56.000000"/>
  <attribute name="Current Error" value="-192.000000" />
  <attribute name="Output H" value="18949832"/>
  <attribute name="Output I" value="1792"/>
  <attribute name="Output T" value="8"/>
  <attribute name= "Current Time Running" value="777" />
  <attribute name="GC Util currently" value="56" />
  <attribute name="CPU Util currently" value="4086316478916" />
<exclusive-end id="120" timestamp="2019-09-21T18:42:59.501" durationms="5.494" />

<exclusive-start id="121" timestamp="2019-09-21T18:42:59.512" intervalms="16.454">
  <response-info timems="0.059" idlems="0.059" threads="0" lastid="0000000001EE6F00" lastname="Thread-13" />
</exclusive-start>
<allocation-taxation id="122" taxation-threshold="7340032" timestamp="2019-09-21T18:42:59.513" intervalms="16.495" />
<cycle-start id="123" type="partial gc" contextid="0" timestamp="2019-09-21T18:42:59.513" intervalms="16.506" />
<gc-start id="124" type="partial gc" contextid="123" timestamp="2019-09-21T18:42:59.513">
  <mem-info id="125" free="0" total="19922944" percent="0">
    <mem type="eden" free="0" total="7340032" percent="0" />
    <arraylet-primitive objects="2" leaves="2" largest="1" />
    <remembered-set count="5696" freebytes="772480" totalbytes="795264" percent="97" regionsoverflowed="0" regionsstable="0" regionsrebuilding="0"/>
  </mem-info>
</gc-start>
<allocation-stats totalBytes="7338760" >
  <allocated-bytes non-tlh="0" tlh="7338760" arrayletleaf="0"/>
  <largest-consumer threadName="Thread-18" threadId="0000000001EE3300" bytes="1490592" />
</allocation-stats>
<gc-op id="126" type="mark" timems="1.640" contextid="123" timestamp="2019-09-21T18:42:59.515">
  <trace-info objectcount="7186" scancount="7186" scanbytes="174240" />
  <cardclean-info objects="10521" bytes="507640" />
  <remembered-set-cleared processed="2530" cleared="604" durationms="0.066" />
  <stringconstants candidates="4596" cleared="0"  />
  <warning details="Mark invoked due to insufficient free space for Copy-Forward" />
</gc-op>
<gc-op id="127" type="classunload" timems="0.003" contextid="123" timestamp="2019-09-21T18:42:59.515">
  <classunload-info classloadercandidates="8" classloadersunloaded="0" classesunloaded="0" anonymousclassesunloaded="0" quiescems="0.000" setupms="0.002" scanms="0.000" postms="0.000" />
</gc-op>
<gc-op id="128" type="sweep" timems="0.407" contextid="123" timestamp="2019-09-21T18:42:59.516" />
<gc-op id="129" type="compact" timems="1.734" contextid="123" timestamp="2019-09-21T18:42:59.518">
  <compact-info movecount="7097" movebytes="172104" />
  <remembered-set-cleared processed="5159" cleared="1297" durationms="0.066" />
</gc-op>
<heap-resize id="130" type="expand" space="default" amount="2097152" count="1" timems="0.083" reason="insufficient free space following gc" timestamp="2019-09-21T18:42:59.518" />
<gc-end id="131" type="partial gc" contextid="123" durationms="5.266" usertimems="8.000" systemtimems="0.000" timestamp="2019-09-21T18:42:59.518" activeThreads="8">
  <mem-info id="132" free="8388608" total="22020096" percent="38">
    <mem type="eden" free="954472" total="1048576" percent="91" />
    <arraylet-primitive objects="2" leaves="2" largest="1" />
    <remembered-set count="6848" freebytes="851584" totalbytes="878976" percent="96" regionsoverflowed="0" regionsstable="0" regionsrebuilding="0"/>
  </mem-info>
</gc-end>
<cycle-end id="133" type="partial gc" contextid="123" timestamp="2019-09-21T18:42:59.518" />
  <attribute name="elasticGC enabled" value="1" />
  <attribute name= "numThreadsSpecified" value="8" />
  <attribute name="heapSize specified" value="0" />
  <attribute name="Current GC Util" value="58" />
  <attribute name= "Current Time Running" value="794" />
  <attribute name ="GC Interval" value="0" />
  <attribute name="Target GC Util Change" value ="40.000000" />
  <attribute name="Current GC Util Change" value="58.000000"/>
  <attribute name="Current Error" value="-192.000000" />
  <attribute name="Output H" value="19998408"/>
  <attribute name="Output I" value="1792"/>
  <attribute name="Output T" value="8"/>
  <attribute name= "Current Time Running" value="794" />
  <attribute name="GC Util currently" value="58" />
  <attribute name="CPU Util currently" value="3695977918598" />
<exclusive-end id="134" timestamp="2019-09-21T18:42:59.519" durationms="6.243" />

<exclusive-start id="135" timestamp="2019-09-21T18:42:59.531" intervalms="18.797">
  <response-info timems="0.237" idlems="0.137" threads="3" lastid="0000000001EE6F00" lastname="Thread-13" />
</exclusive-start>
<allocation-taxation id="136" taxation-threshold="8388608" timestamp="2019-09-21T18:42:59.531" intervalms="18.775" />
<cycle-start id="137" type="partial gc" contextid="0" timestamp="2019-09-21T18:42:59.532" intervalms="18.856" />
<gc-start id="138" type="partial gc" contextid="137" timestamp="2019-09-21T18:42:59.532">
  <mem-info id="139" free="0" total="22020096" percent="0">
    <mem type="eden" free="0" total="8388608" percent="0" />
    <arraylet-primitive objects="2" leaves="2" largest="1" />
    <remembered-set count="6560" freebytes="852736" totalbytes="878976" percent="97" regionsoverflowed="0" regionsstable="0" regionsrebuilding="0"/>
  </mem-info>
</gc-start>
<allocation-stats totalBytes="8387016" >
  <allocated-bytes non-tlh="0" tlh="8387016" arrayletleaf="0"/>
  <largest-consumer threadName="Thread-18" threadId="0000000001EE3300" bytes="2399816" />
</allocation-stats>
<gc-op id="140" type="mark" timems="3.356" contextid="137" timestamp="2019-09-21T18:42:59.536">
  <trace-info objectcount="7936" scancount="7936" scanbytes="195668" />
  <cardclean-info objects="11701" bytes="580352" />
  <remembered-set-cleared processed="3359" cleared="761" durationms="0.099" />
  <stringconstants candidates="4596" cleared="0"  />
  <warning details="Mark invoked due to insufficient free space for Copy-Forward" />
</gc-op>
<gc-op id="141" type="classunload" timems="0.003" contextid="137" timestamp="2019-09-21T18:42:59.536">
  <classunload-info classloadercandidates="8" classloadersunloaded="0" classesunloaded="0" anonymousclassesunloaded="0" quiescems="0.000" setupms="0.003" scanms="0.000" postms="0.000" />
</gc-op>
<gc-op id="142" type="sweep" timems="0.530" contextid="137" timestamp="2019-09-21T18:42:59.537" />
<gc-op id="143" type="compact" timems="1.993" contextid="137" timestamp="2019-09-21T18:42:59.539">
  <compact-info movecount="7379" movebytes="179640" />
  <remembered-set-cleared processed="6823" cleared="1618" durationms="0.099" />
</gc-op>
<heap-resize id="144" type="expand" space="default" amount="1048576" count="1" timems="0.058" reason="insufficient free space following gc" timestamp="2019-09-21T18:42:59.540" />
<gc-end id="145" type="partial gc" contextid="137" durationms="7.655" usertimems="16.000" systemtimems="0.000" timestamp="2019-09-21T18:42:59.540" activeThreads="8">
  <mem-info id="146" free="8388608" total="23068672" percent="36">
    <mem type="eden" free="943472" total="1048576" percent="89" />
    <arraylet-primitive objects="2" leaves="2" largest="1" />
    <remembered-set count="8256" freebytes="887808" totalbytes="920832" percent="96" regionsoverflowed="0" regionsstable="0" regionsrebuilding="0"/>
  </mem-info>
</gc-end>
<cycle-end id="147" type="partial gc" contextid="137" timestamp="2019-09-21T18:42:59.540" />
  <attribute name="elasticGC enabled" value="1" />
  <attribute name= "numThreadsSpecified" value="8" />
  <attribute name="heapSize specified" value="0" />
  <attribute name="Current GC Util" value="47" />
  <attribute name= "Current Time Running" value="815" />
  <attribute name ="GC Interval" value="0" />
  <attribute name="Target GC Util Change" value ="40.000000" />
  <attribute name="Current GC Util Change" value="47.000000"/>
  <attribute name="Current Error" value="-7.000000" />
  <attribute name="Output H" value="22095768"/>
  <attribute name="Output I" value="2000"/>
  <attribute name="Output T" value="8"/>
  <attribute name= "Current Time Running" value="815" />
  <attribute name="GC Util currently" value="47" />
  <attribute name="CPU Util currently" value="3070617025282" />
<exclusive-end id="148" timestamp="2019-09-21T18:42:59.540" durationms="8.696" />

<exclusive-start id="149" timestamp="2019-09-21T18:42:59.547" intervalms="15.503">
  <response-info timems="0.118" idlems="0.118" threads="0" lastid="0000000001EDBB00" lastname="Thread-16" />
</exclusive-start>
<allocation-taxation id="150" taxation-threshold="8388608" timestamp="2019-09-21T18:42:59.547" intervalms="15.517" />
<cycle-start id="151" type="partial gc" contextid="0" timestamp="2019-09-21T18:42:59.547" intervalms="15.487" />
<gc-start id="152" type="partial gc" contextid="151" timestamp="2019-09-21T18:42:59.547">
  <mem-info id="153" free="0" total="23068672" percent="0">
    <mem type="eden" free="0" total="8388608" percent="0" />
    <arraylet-primitive objects="2" leaves="2" largest="1" />
    <remembered-set count="7968" freebytes="888960" totalbytes="920832" percent="96" regionsoverflowed="0" regionsstable="0" regionsrebuilding="0"/>
  </mem-info>
</gc-start>
<allocation-stats totalBytes="8386960" >
  <allocated-bytes non-tlh="0" tlh="8386960" arrayletleaf="0"/>
  <largest-consumer threadName="Thread-11" threadId="0000000001EEE700" bytes="2018984" />
</allocation-stats>
<gc-op id="154" type="mark" timems="4.566" contextid="151" timestamp="2019-09-21T18:42:59.552">
  <trace-info objectcount="8225" scancount="8225" scanbytes="203036" />
  <cardclean-info objects="12089" bytes="599144" />
  <remembered-set-cleared processed="4170" cleared="780" durationms="0.109" />
  <stringconstants candidates="4596" cleared="0"  />
  <warning details="Mark invoked due to insufficient free space for Copy-Forward" />
</gc-op>
<gc-op id="155" type="classunload" timems="0.003" contextid="151" timestamp="2019-09-21T18:42:59.553">
  <classunload-info classloadercandidates="8" classloadersunloaded="0" classesunloaded="0" anonymousclassesunloaded="0" quiescems="0.000" setupms="0.002" scanms="0.000" postms="0.000" />
</gc-op>
<gc-op id="156" type="sweep" timems="0.504" contextid="151" timestamp="2019-09-21T18:42:59.553" />
<gc-op id="157" type="compact" timems="3.932" contextid="151" timestamp="2019-09-21T18:42:59.557">
  <compact-info movecount="7058" movebytes="172256" />
  <remembered-set-cleared processed="8441" cleared="1656" durationms="0.109" />
</gc-op>
<heap-resize id="158" type="expand" space="default" amount="1048576" count="1" timems="0.065" reason="insufficient free space following gc" timestamp="2019-09-21T18:42:59.558" />
<gc-end id="159" type="partial gc" contextid="151" durationms="10.790" usertimems="16.000" systemtimems="0.000" timestamp="2019-09-21T18:42:59.558" activeThreads="8">
  <mem-info id="160" free="8388608" total="24117248" percent="34">
    <mem type="eden" free="942464" total="1048576" percent="89" />
    <arraylet-primitive objects="2" leaves="2" largest="1" />
    <remembered-set count="8576" freebytes="928384" totalbytes="962688" percent="96" regionsoverflowed="0" regionsstable="0" regionsrebuilding="0"/>
  </mem-info>
</gc-end>
<cycle-end id="161" type="partial gc" contextid="151" timestamp="2019-09-21T18:42:59.558" />
  <attribute name="elasticGC enabled" value="1" />
  <attribute name= "numThreadsSpecified" value="8" />
  <attribute name="heapSize specified" value="0" />
  <attribute name="Current GC Util" value="43" />
  <attribute name= "Current Time Running" value="831" />
  <attribute name ="GC Interval" value="0" />
  <attribute name="Target GC Util Change" value ="40.000000" />
  <attribute name="Current GC Util Change" value="43.000000"/>
  <attribute name="Current Error" value="-148.000000" />
  <attribute name="Output H" value="23144184"/>
  <attribute name="Output I" value="1840"/>
  <attribute name="Output T" value="8"/>
  <attribute name= "Current Time Running" value="831" />
  <attribute name="GC Util currently" value="43" />
  <attribute name="CPU Util currently" value="2930596323623" />
<exclusive-end id="162" timestamp="2019-09-21T18:42:59.558" durationms="11.711" />

<exclusive-start id="163" timestamp="2019-09-21T18:42:59.565" intervalms="18.095">
  <response-info timems="0.101" idlems="0.101" threads="0" lastid="0000000001EDBB00" lastname="Thread-16" />
</exclusive-start>
<allocation-taxation id="164" taxation-threshold="8388608" timestamp="2019-09-21T18:42:59.565" intervalms="18.080" />
<cycle-start id="165" type="partial gc" contextid="0" timestamp="2019-09-21T18:42:59.565" intervalms="18.118" />
<gc-start id="166" type="partial gc" contextid="165" timestamp="2019-09-21T18:42:59.565">
  <mem-info id="167" free="0" total="24117248" percent="0">
    <mem type="eden" free="0" total="8388608" percent="0" />
    <arraylet-primitive objects="2" leaves="2" largest="1" />
    <remembered-set count="8576" freebytes="928384" totalbytes="962688" percent="96" regionsoverflowed="0" regionsstable="0" regionsrebuilding="0"/>
  </mem-info>
</gc-start>
<allocation-stats totalBytes="8387336" >
  <allocated-bytes non-tlh="0" tlh="8387336" arrayletleaf="0"/>
  <largest-consumer threadName="Thread-11" threadId="0000000001EEE700" bytes="2207552" />
</allocation-stats>
<gc-op id="168" type="mark" timems="4.027" contextid="165" timestamp="2019-09-21T18:42:59.570">
  <trace-info objectcount="7689" scancount="7689" scanbytes="189756" />
  <cardclean-info objects="11409" bytes="566192" />
  <remembered-set-cleared processed="5044" cleared="857" durationms="0.104" />
  <stringconstants candidates="4596" cleared="0"  />
  <warning details="Mark invoked due to insufficient free space for Copy-Forward" />
</gc-op>
<gc-op id="169" type="classunload" timems="0.002" contextid="165" timestamp="2019-09-21T18:42:59.570">
  <classunload-info classloadercandidates="8" classloadersunloaded="0" classesunloaded="0" anonymousclassesunloaded="0" quiescems="0.000" setupms="0.002" scanms="0.000" postms="0.000" />
</gc-op>
<gc-op id="170" type="sweep" timems="0.691" contextid="165" timestamp="2019-09-21T18:42:59.571" />
<gc-op id="171" type="compact" timems="3.806" contextid="165" timestamp="2019-09-21T18:42:59.575">
  <compact-info movecount="7241" movebytes="176344" />
  <remembered-set-cleared processed="10181" cleared="1803" durationms="0.108" />
</gc-op>
<heap-resize id="172" type="expand" space="default" amount="2097152" count="1" timems="0.068" reason="insufficient free space following gc" timestamp="2019-09-21T18:42:59.575" />
<gc-end id="173" type="partial gc" contextid="165" durationms="10.135" usertimems="16.000" systemtimems="4.000" timestamp="2019-09-21T18:42:59.576" activeThreads="8">
  <mem-info id="174" free="9437184" total="26214400" percent="36">
    <mem type="eden" free="956024" total="1048576" percent="91" />
    <arraylet-primitive objects="2" leaves="2" largest="1" />
    <remembered-set count="9056" freebytes="1010176" totalbytes="1046400" percent="96" regionsoverflowed="0" regionsstable="0" regionsrebuilding="0"/>
  </mem-info>
</gc-end>
<cycle-end id="175" type="partial gc" contextid="165" timestamp="2019-09-21T18:42:59.576" />
  <attribute name="elasticGC enabled" value="1" />
  <attribute name= "numThreadsSpecified" value="8" />
  <attribute name="heapSize specified" value="0" />
  <attribute name="Current GC Util" value="114" />
  <attribute name= "Current Time Running" value="849" />
  <attribute name ="GC Interval" value="0" />
  <attribute name="Target GC Util Change" value ="40.000000" />
  <attribute name="Current GC Util Change" value="114.000000"/>
  <attribute name="Current Error" value="-237.000000" />
  <attribute name="Output H" value="24192656"/>
  <attribute name="Output I" value="1736"/>
  <attribute name="Output T" value="8"/>
  <attribute name= "Current Time Running" value="849" />
  <attribute name="GC Util currently" value="114" />
  <attribute name="CPU Util currently" value="2380618225816" />
<exclusive-end id="176" timestamp="2019-09-21T18:42:59.576" durationms="11.177" />

<exclusive-start id="177" timestamp="2019-09-21T18:42:59.584" intervalms="19.215">
  <response-info timems="0.108" idlems="0.108" threads="0" lastid="0000000001EF2300" lastname="Thread-14" />
</exclusive-start>
<allocation-taxation id="178" taxation-threshold="9437184" timestamp="2019-09-21T18:42:59.584" intervalms="19.285" />
<cycle-start id="179" type="partial gc" contextid="0" timestamp="2019-09-21T18:42:59.584" intervalms="19.278" />
<gc-start id="180" type="partial gc" contextid="179" timestamp="2019-09-21T18:42:59.585">
  <mem-info id="181" free="0" total="26214400" percent="0">
    <mem type="eden" free="0" total="9437184" percent="0" />
    <arraylet-primitive objects="2" leaves="2" largest="1" />
    <remembered-set count="9024" freebytes="1010304" totalbytes="1046400" percent="96" regionsoverflowed="0" regionsstable="0" regionsrebuilding="0"/>
  </mem-info>
</gc-start>
<allocation-stats totalBytes="9435784" >
  <allocated-bytes non-tlh="0" tlh="9435784" arrayletleaf="0"/>
  <largest-consumer threadName="Thread-14" threadId="0000000001EF2300" bytes="2727536" />
</allocation-stats>
<gc-op id="182" type="mark" timems="4.974" contextid="179" timestamp="2019-09-21T18:42:59.590">
  <trace-info objectcount="7544" scancount="7544" scanbytes="185540" />
  <cardclean-info objects="10485" bytes="521528" />
  <remembered-set-cleared processed="5919" cleared="807" durationms="0.111" />
  <stringconstants candidates="4596" cleared="0"  />
  <warning details="Mark invoked due to insufficient free space for Copy-Forward" />
</gc-op>
<gc-op id="183" type="classunload" timems="0.003" contextid="179" timestamp="2019-09-21T18:42:59.590">
  <classunload-info classloadercandidates="8" classloadersunloaded="0" classesunloaded="0" anonymousclassesunloaded="0" quiescems="0.000" setupms="0.003" scanms="0.000" postms="0.000" />
</gc-op>
<gc-op id="184" type="sweep" timems="2.029" contextid="179" timestamp="2019-09-21T18:42:59.593" />
<gc-op id="185" type="compact" timems="4.216" contextid="179" timestamp="2019-09-21T18:42:59.597">
  <compact-info movecount="7349" movebytes="178200" />
  <remembered-set-cleared processed="11947" cleared="1717" durationms="0.111" />
</gc-op>
<heap-resize id="186" type="expand" space="default" amount="1048576" count="1" timems="0.063" reason="insufficient free space following gc" timestamp="2019-09-21T18:42:59.597" />
<gc-end id="187" type="partial gc" contextid="179" durationms="13.000" usertimems="24.000" systemtimems="0.000" timestamp="2019-09-21T18:42:59.598" activeThreads="8">
  <mem-info id="188" free="9437184" total="27262976" percent="34">
    <mem type="eden" free="950864" total="1048576" percent="90" />
    <arraylet-primitive objects="2" leaves="2" largest="1" />
    <remembered-set count="10272" freebytes="1047168" totalbytes="1088256" percent="96" regionsoverflowed="0" regionsstable="0" regionsrebuilding="0"/>
  </mem-info>
</gc-end>
<cycle-end id="189" type="partial gc" contextid="179" timestamp="2019-09-21T18:42:59.598" />
  <attribute name="elasticGC enabled" value="1" />
  <attribute name= "numThreadsSpecified" value="8" />
  <attribute name="heapSize specified" value="0" />
  <attribute name="Current GC Util" value="118" />
  <attribute name= "Current Time Running" value="871" />
  <attribute name ="GC Interval" value="0" />
  <attribute name="Target GC Util Change" value ="40.000000" />
  <attribute name="Current GC Util Change" value="118.000000"/>
  <attribute name="Current Error" value="-78.000000" />
  <attribute name="Output H" value="26289992"/>
  <attribute name="Output I" value="1920"/>
  <attribute name="Output T" value="8"/>
  <attribute name= "Current Time Running" value="871" />
  <attribute name="GC Util currently" value="118" />
  <attribute name="CPU Util currently" value="983579169693" />
<exclusive-end id="190" timestamp="2019-09-21T18:42:59.598" durationms="14.058" />

<exclusive-start id="191" timestamp="2019-09-21T18:42:59.609" intervalms="24.909">
  <response-info timems="0.143" idlems="0.143" threads="0" lastid="0000000001EE6F00" lastname="Thread-13" />
</exclusive-start>
<allocation-taxation id="192" taxation-threshold="9437184" timestamp="2019-09-21T18:42:59.609" intervalms="24.885" />
<cycle-start id="193" type="partial gc" contextid="0" timestamp="2019-09-21T18:42:59.609" intervalms="24.869" />
<gc-start id="194" type="partial gc" contextid="193" timestamp="2019-09-21T18:42:59.610">
  <mem-info id="195" free="0" total="27262976" percent="0">
    <mem type="eden" free="0" total="9437184" percent="0" />
    <arraylet-primitive objects="2" leaves="2" largest="1" />
    <remembered-set count="10016" freebytes="1048192" totalbytes="1088256" percent="96" regionsoverflowed="0" regionsstable="0" regionsrebuilding="0"/>
  </mem-info>
</gc-start>
<allocation-stats totalBytes="9435440" >
  <allocated-bytes non-tlh="256" tlh="9435184" arrayletleaf="0"/>
  <largest-consumer threadName="Thread-12" threadId="0000000001EDF700" bytes="3161312" />
</allocation-stats>
<gc-op id="196" type="mark" timems="4.571" contextid="193" timestamp="2019-09-21T18:42:59.615">
  <trace-info objectcount="9514" scancount="9510" scanbytes="229472" />
  <cardclean-info objects="10670" bytes="525236" />
  <remembered-set-cleared processed="6704" cleared="1168" durationms="0.115" />
  <stringconstants candidates="4597" cleared="0"  />
  <warning details="Mark invoked due to insufficient free space for Copy-Forward" />
</gc-op>
<gc-op id="197" type="classunload" timems="0.003" contextid="193" timestamp="2019-09-21T18:42:59.615">
  <classunload-info classloadercandidates="8" classloadersunloaded="0" classesunloaded="0" anonymousclassesunloaded="0" quiescems="0.000" setupms="0.003" scanms="0.000" postms="0.000" />
</gc-op>
<gc-op id="198" type="sweep" timems="0.805" contextid="193" timestamp="2019-09-21T18:42:59.616" />
<gc-op id="199" type="compact" timems="3.871" contextid="193" timestamp="2019-09-21T18:42:59.620">
  <compact-info movecount="8444" movebytes="205992" />
  <remembered-set-cleared processed="13450" cleared="2359" durationms="0.115" />
</gc-op>
<heap-resize id="200" type="expand" space="default" amount="2097152" count="1" timems="0.069" reason="insufficient free space following gc" timestamp="2019-09-21T18:42:59.621" />
<gc-end id="201" type="partial gc" contextid="193" durationms="11.131" usertimems="16.000" systemtimems="0.000" timestamp="2019-09-21T18:42:59.621" activeThreads="8">
  <mem-info id="202" free="10485760" total="29360128" percent="35">
    <mem type="eden" free="907120" total="1048576" percent="86" />
    <arraylet-primitive objects="2" leaves="2" largest="1" />
    <remembered-set count="11616" freebytes="1125504" totalbytes="1171968" percent="96" regionsoverflowed="0" regionsstable="0" regionsrebuilding="0"/>
  </mem-info>
</gc-end>
<cycle-end id="203" type="partial gc" contextid="193" timestamp="2019-09-21T18:42:59.621" />
  <attribute name="elasticGC enabled" value="1" />
  <attribute name= "numThreadsSpecified" value="8" />
  <attribute name="heapSize specified" value="0" />
  <attribute name="Current GC Util" value="101" />
  <attribute name= "Current Time Running" value="894" />
  <attribute name ="GC Interval" value="0" />
  <attribute name="Target GC Util Change" value ="40.000000" />
  <attribute name="Current GC Util Change" value="101.000000"/>
  <attribute name="Current Error" value="-276.000000" />
  <attribute name="Output H" value="27338344"/>
  <attribute name="Output I" value="1696"/>
  <attribute name="Output T" value="8"/>
  <attribute name= "Current Time Running" value="894" />
  <attribute name="GC Util currently" value="101" />
  <attribute name="CPU Util currently" value="2117637935378" />
<exclusive-end id="204" timestamp="2019-09-21T18:42:59.621" durationms="12.328" />

<exclusive-start id="205" timestamp="2019-09-21T18:42:59.633" intervalms="24.016">
  <response-info timems="0.102" idlems="0.058" threads="1" lastid="0000000001EE3300" lastname="Thread-18" />
</exclusive-start>
<allocation-taxation id="206" taxation-threshold="10485760" timestamp="2019-09-21T18:42:59.633" intervalms="23.964" />
<cycle-start id="207" type="partial gc" contextid="0" timestamp="2019-09-21T18:42:59.633" intervalms="23.955" />
<gc-start id="208" type="partial gc" contextid="207" timestamp="2019-09-21T18:42:59.634">
  <mem-info id="209" free="0" total="29360128" percent="0">
    <mem type="eden" free="0" total="10485760" percent="0" />
    <arraylet-primitive objects="2" leaves="2" largest="1" />
    <remembered-set count="11488" freebytes="1126016" totalbytes="1171968" percent="96" regionsoverflowed="0" regionsstable="0" regionsrebuilding="0"/>
  </mem-info>
</gc-start>
<allocation-stats totalBytes="10483968" >
  <allocated-bytes non-tlh="0" tlh="10483968" arrayletleaf="0"/>
  <largest-consumer threadName="Thread-12" threadId="0000000001EDF700" bytes="3698192" />
</allocation-stats>
<gc-op id="210" type="mark" timems="5.301" contextid="207" timestamp="2019-09-21T18:42:59.640">
  <trace-info objectcount="8465" scancount="8461" scanbytes="204744" />
  <cardclean-info objects="10094" bytes="498424" />
  <remembered-set-cleared processed="7379" cleared="1181" durationms="0.090" />
  <stringconstants candidates="4597" cleared="0"  />
  <warning details="Mark invoked due to insufficient free space for Copy-Forward" />
</gc-op>
<gc-op id="211" type="classunload" timems="0.003" contextid="207" timestamp="2019-09-21T18:42:59.640">
  <classunload-info classloadercandidates="8" classloadersunloaded="0" classesunloaded="0" anonymousclassesunloaded="0" quiescems="0.000" setupms="0.002" scanms="0.000" postms="0.000" />
</gc-op>
<gc-op id="212" type="sweep" timems="1.206" contextid="207" timestamp="2019-09-21T18:42:59.641" />
<gc-op id="213" type="compact" timems="4.151" contextid="207" timestamp="2019-09-21T18:42:59.646">
  <compact-info movecount="8419" movebytes="205840" />
  <remembered-set-cleared processed="14860" cleared="2456" durationms="0.115" />
</gc-op>
<heap-resize id="214" type="expand" space="default" amount="1048576" count="1" timems="0.056" reason="insufficient free space following gc" timestamp="2019-09-21T18:42:59.646" />
<gc-end id="215" type="partial gc" contextid="207" durationms="12.521" usertimems="8.000" systemtimems="8.000" timestamp="2019-09-21T18:42:59.646" activeThreads="8">
  <mem-info id="216" free="10485760" total="30408704" percent="34">
    <mem type="eden" free="978208" total="1048576" percent="93" />
    <arraylet-primitive objects="2" leaves="2" largest="1" />
    <remembered-set count="11968" freebytes="1165952" totalbytes="1213824" percent="96" regionsoverflowed="0" regionsstable="0" regionsrebuilding="0"/>
  </mem-info>
</gc-end>
<cycle-end id="217" type="partial gc" contextid="207" timestamp="2019-09-21T18:42:59.646" />
  <attribute name="elasticGC enabled" value="1" />
  <attribute name= "numThreadsSpecified" value="8" />
  <attribute name="heapSize specified" value="0" />
  <attribute name="Current GC Util" value="79" />
  <attribute name= "Current Time Running" value="919" />
  <attribute name ="GC Interval" value="0" />
  <attribute name="Target GC Util Change" value ="40.000000" />
  <attribute name="Current GC Util Change" value="79.000000"/>
  <attribute name="Current Error" value="-159.000000" />
  <attribute name="Output H" value="29435632"/>
  <attribute name="Output I" value="1832"/>
  <attribute name="Output T" value="8"/>
  <attribute name= "Current Time Running" value="919" />
  <attribute name="GC Util currently" value="79" />
  <attribute name="CPU Util currently" value="1512490378482" />
<exclusive-end id="218" timestamp="2019-09-21T18:42:59.647" durationms="13.587" />

<exclusive-start id="219" timestamp="2019-09-21T18:42:59.661" intervalms="27.551">
  <response-info timems="0.218" idlems="0.218" threads="0" lastid="0000000001EDF700" lastname="Thread-12" />
</exclusive-start>
<allocation-taxation id="220" taxation-threshold="10485760" timestamp="2019-09-21T18:42:59.661" intervalms="27.606" />
<cycle-start id="221" type="partial gc" contextid="0" timestamp="2019-09-21T18:42:59.661" intervalms="27.634" />
<gc-start id="222" type="partial gc" contextid="221" timestamp="2019-09-21T18:42:59.661">
  <mem-info id="223" free="0" total="30408704" percent="0">
    <mem type="eden" free="0" total="10485760" percent="0" />
    <arraylet-primitive objects="2" leaves="2" largest="1" />
    <remembered-set count="11712" freebytes="1166976" totalbytes="1213824" percent="96" regionsoverflowed="0" regionsstable="0" regionsrebuilding="0"/>
  </mem-info>
</gc-start>
<allocation-stats totalBytes="10484264" >
  <allocated-bytes non-tlh="0" tlh="10484264" arrayletleaf="0"/>
  <largest-consumer threadName="Thread-12" threadId="0000000001EDF700" bytes="4644296" />
</allocation-stats>
<gc-op id="224" type="mark" timems="3.969" contextid="221" timestamp="2019-09-21T18:42:59.666">
  <trace-info objectcount="7183" scancount="7173" scanbytes="174152" />
  <cardclean-info objects="8616" bytes="418368" />
  <remembered-set-cleared processed="8127" cleared="754" durationms="0.125" />
  <stringconstants candidates="4597" cleared="0"  />
  <warning details="Mark invoked due to insufficient free space for Copy-Forward" />
</gc-op>
<gc-op id="225" type="classunload" timems="0.003" contextid="221" timestamp="2019-09-21T18:42:59.666">
  <classunload-info classloadercandidates="8" classloadersunloaded="0" classesunloaded="0" anonymousclassesunloaded="0" quiescems="0.000" setupms="0.002" scanms="0.000" postms="0.000" />
</gc-op>
<gc-op id="226" type="sweep" timems="0.844" contextid="221" timestamp="2019-09-21T18:42:59.667" />
<gc-op id="227" type="compact" timems="3.289" contextid="221" timestamp="2019-09-21T18:42:59.670">
  <compact-info movecount="5745" movebytes="149960" />
  <remembered-set-cleared processed="16371" cleared="1618" durationms="0.125" />
</gc-op>
<heap-resize id="228" type="expand" space="default" amount="2097152" count="1" timems="0.072" reason="insufficient free space following gc" timestamp="2019-09-21T18:42:59.671" />
<gc-end id="229" type="partial gc" contextid="221" durationms="9.723" usertimems="12.000" systemtimems="0.000" timestamp="2019-09-21T18:42:59.671" activeThreads="8">
  <mem-info id="230" free="11534336" total="32505856" percent="35">
    <mem type="eden" free="929216" total="1048576" percent="88" />
    <arraylet-primitive objects="2" leaves="2" largest="1" />
    <remembered-set count="12800" freebytes="1246336" totalbytes="1297536" percent="96" regionsoverflowed="0" regionsstable="0" regionsrebuilding="0"/>
  </mem-info>
</gc-end>
<cycle-end id="231" type="partial gc" contextid="221" timestamp="2019-09-21T18:42:59.671" />
  <attribute name="elasticGC enabled" value="1" />
  <attribute name= "numThreadsSpecified" value="8" />
  <attribute name="heapSize specified" value="0" />
  <attribute name="Current GC Util" value="85" />
  <attribute name= "Current Time Running" value="945" />
  <attribute name ="GC Interval" value="0" />
  <attribute name="Target GC Util Change" value ="40.000000" />
  <attribute name="Current GC Util Change" value="85.000000"/>
  <attribute name="Current Error" value="-45.000000" />
  <attribute name="Output H" value="30484336"/>
  <attribute name="Output I" value="1960"/>
  <attribute name="Output T" value="8"/>
  <attribute name= "Current Time Running" value="945" />
  <attribute name="GC Util currently" value="85" />
  <attribute name="CPU Util currently" value="2130794016437" />
<exclusive-end id="232" timestamp="2019-09-21T18:42:59.671" durationms="10.923" />

<exclusive-start id="233" timestamp="2019-09-21T18:42:59.685" intervalms="24.333">
  <response-info timems="0.249" idlems="0.208" threads="1" lastid="0000000001B7B600" lastname="JIT Compilation Thread-0" />
</exclusive-start>
<allocation-taxation id="234" taxation-threshold="11534336" timestamp="2019-09-21T18:42:59.685" intervalms="24.316" />
<cycle-start id="235" type="partial gc" contextid="0" timestamp="2019-09-21T18:42:59.685" intervalms="24.367" />
<gc-start id="236" type="partial gc" contextid="235" timestamp="2019-09-21T18:42:59.686">
  <mem-info id="237" free="0" total="32505856" percent="0">
    <mem type="eden" free="0" total="11534336" percent="0" />
    <arraylet-primitive objects="2" leaves="2" largest="1" />
    <remembered-set count="12640" freebytes="1246976" totalbytes="1297536" percent="96" regionsoverflowed="0" regionsstable="0" regionsrebuilding="0"/>
  </mem-info>
</gc-start>
<allocation-stats totalBytes="11531464" >
  <allocated-bytes non-tlh="0" tlh="11531464" arrayletleaf="0"/>
  <largest-consumer threadName="Thread-12" threadId="0000000001EDF700" bytes="5672456" />
</allocation-stats>
<gc-op id="238" type="mark" timems="4.550" contextid="235" timestamp="2019-09-21T18:42:59.691">
  <trace-info objectcount="26711" scancount="26690" scanbytes="1193424" />
  <cardclean-info objects="7411" bytes="366120" />
  <remembered-set-cleared processed="8775" cleared="766" durationms="0.122" />
  <stringconstants candidates="4597" cleared="0"  />
  <warning details="Mark invoked due to insufficient free space for Copy-Forward" />
</gc-op>
<gc-op id="239" type="classunload" timems="0.003" contextid="235" timestamp="2019-09-21T18:42:59.691">
  <classunload-info classloadercandidates="8" classloadersunloaded="0" classesunloaded="0" anonymousclassesunloaded="0" quiescems="0.000" setupms="0.002" scanms="0.000" postms="0.000" />
</gc-op>
<gc-op id="240" type="sweep" timems="1.670" contextid="235" timestamp="2019-09-21T18:42:59.693" />
<gc-op id="241" type="compact" timems="5.177" contextid="235" timestamp="2019-09-21T18:42:59.698">
  <compact-info movecount="25201" movebytes="1164952" />
  <remembered-set-cleared processed="17643" cleared="1616" durationms="0.123" />
</gc-op>
<heap-resize id="242" type="expand" space="default" amount="2097152" count="1" timems="0.063" reason="insufficient free space following gc" timestamp="2019-09-21T18:42:59.699" />
<gc-end id="243" type="partial gc" contextid="235" durationms="13.112" usertimems="16.000" systemtimems="4.000" timestamp="2019-09-21T18:42:59.699" activeThreads="8">
  <mem-info id="244" free="11534336" total="34603008" percent="33">
    <mem type="eden" free="999328" total="2097152" percent="47" />
    <arraylet-primitive objects="2" leaves="2" largest="1" />
    <remembered-set count="12704" freebytes="1330432" totalbytes="1381248" percent="96" regionsoverflowed="0" regionsstable="0" regionsrebuilding="0"/>
  </mem-info>
</gc-end>
<cycle-end id="245" type="partial gc" contextid="235" timestamp="2019-09-21T18:42:59.699" />
  <attribute name="elasticGC enabled" value="1" />
  <attribute name= "numThreadsSpecified" value="8" />
  <attribute name="heapSize specified" value="0" />
  <attribute name="Current GC Util" value="105" />
  <attribute name= "Current Time Running" value="971" />
  <attribute name ="GC Interval" value="0" />
  <attribute name="Target GC Util Change" value ="40.000000" />
  <attribute name="Current GC Util Change" value="105.000000"/>
  <attribute name="Current Error" value="-239.000000" />
  <attribute name="Output H" value="32581264"/>
  <attribute name="Output I" value="1736"/>
  <attribute name="Output T" value="8"/>
  <attribute name= "Current Time Running" value="971" />
  <attribute name="GC Util currently" value="105" />
  <attribute name="CPU Util currently" value="1161133620666" />
<exclusive-end id="246" timestamp="2019-09-21T18:42:59.699" durationms="14.330" />

<exclusive-start id="247" timestamp="2019-09-21T18:42:59.705" intervalms="19.697">
  <response-info timems="0.060" idlems="0.060" threads="0" lastid="0000000001EEE700" lastname="Thread-11" />
</exclusive-start>
<allocation-taxation id="248" taxation-threshold="11534336" timestamp="2019-09-21T18:42:59.705" intervalms="19.642" />
<cycle-start id="249" type="partial gc" contextid="0" timestamp="2019-09-21T18:42:59.705" intervalms="19.560" />
<gc-start id="250" type="partial gc" contextid="249" timestamp="2019-09-21T18:42:59.705">
  <mem-info id="251" free="0" total="34603008" percent="0">
    <mem type="eden" free="0" total="11534336" percent="0" />
    <arraylet-primitive objects="2" leaves="2" largest="1" />
    <remembered-set count="12704" freebytes="1330432" totalbytes="1381248" percent="96" regionsoverflowed="0" regionsstable="0" regionsrebuilding="0"/>
  </mem-info>
</gc-start>
<allocation-stats totalBytes="11532776" >
  <allocated-bytes non-tlh="0" tlh="11532776" arrayletleaf="0"/>
  <largest-consumer threadName="Thread-12" threadId="0000000001EDF700" bytes="2485888" />
</allocation-stats>
<gc-op id="252" type="mark" timems="3.813" contextid="249" timestamp="2019-09-21T18:42:59.709">
  <trace-info objectcount="25386" scancount="25375" scanbytes="1160656" />
  <cardclean-info objects="4269" bytes="218888" />
  <remembered-set-cleared processed="9419" cleared="541" durationms="0.145" />
  <stringconstants candidates="4597" cleared="0"  />
  <warning details="Mark invoked due to insufficient free space for Copy-Forward" />
</gc-op>
<gc-op id="253" type="classunload" timems="0.002" contextid="249" timestamp="2019-09-21T18:42:59.710">
  <classunload-info classloadercandidates="8" classloadersunloaded="0" classesunloaded="0" anonymousclassesunloaded="0" quiescems="0.000" setupms="0.002" scanms="0.000" postms="0.000" />
</gc-op>
<gc-op id="254" type="sweep" timems="1.532" contextid="249" timestamp="2019-09-21T18:42:59.711" />
<gc-op id="255" type="compact" timems="4.947" contextid="249" timestamp="2019-09-21T18:42:59.716">
  <compact-info movecount="24332" movebytes="1119752" />
  <remembered-set-cleared processed="19001" cleared="1237" durationms="0.145" />
</gc-op>
<heap-resize id="256" type="expand" space="default" amount="2097152" count="1" timems="0.070" reason="insufficient free space following gc" timestamp="2019-09-21T18:42:59.717" />
<gc-end id="257" type="partial gc" contextid="249" durationms="11.924" usertimems="20.000" systemtimems="0.000" timestamp="2019-09-21T18:42:59.717" activeThreads="8">
  <mem-info id="258" free="12582912" total="36700160" percent="34">
    <mem type="eden" free="966960" total="1048576" percent="92" />
    <arraylet-primitive objects="2" leaves="2" largest="1" />
    <remembered-set count="14208" freebytes="1408128" totalbytes="1464960" percent="96" regionsoverflowed="0" regionsstable="0" regionsrebuilding="0"/>
  </mem-info>
</gc-end>
<cycle-end id="259" type="partial gc" contextid="249" timestamp="2019-09-21T18:42:59.717" />
  <attribute name="elasticGC enabled" value="1" />
  <attribute name= "numThreadsSpecified" value="8" />
  <attribute name="heapSize specified" value="0" />
  <attribute name="Current GC Util" value="135" />
  <attribute name= "Current Time Running" value="989" />
  <attribute name ="GC Interval" value="0" />
  <attribute name="Target GC Util Change" value ="40.000000" />
  <attribute name="Current GC Util Change" value="135.000000"/>
  <attribute name="Current Error" value="-355.000000" />
  <attribute name="Output H" value="34678280"/>
  <attribute name="Output I" value="1600"/>
  <attribute name="Output T" value="8"/>
  <attribute name= "Current Time Running" value="989" />
  <attribute name="GC Util currently" value="135" />
  <attribute name="CPU Util currently" value="1310421748172" />
<exclusive-end id="260" timestamp="2019-09-21T18:42:59.718" durationms="12.980" />

<exclusive-start id="261" timestamp="2019-09-21T18:42:59.724" intervalms="19.066">
  <response-info timems="0.110" idlems="0.110" threads="0" lastid="0000000001EDF700" lastname="Thread-12" />
</exclusive-start>
<allocation-taxation id="262" taxation-threshold="12582912" timestamp="2019-09-21T18:42:59.724" intervalms="19.073" />
<cycle-start id="263" type="partial gc" contextid="0" timestamp="2019-09-21T18:42:59.724" intervalms="19.147" />
<gc-start id="264" type="partial gc" contextid="263" timestamp="2019-09-21T18:42:59.724">
  <mem-info id="265" free="0" total="36700160" percent="0">
    <mem type="eden" free="0" total="12582912" percent="0" />
    <arraylet-primitive objects="2" leaves="2" largest="1" />
    <remembered-set count="14208" freebytes="1408128" totalbytes="1464960" percent="96" regionsoverflowed="0" regionsstable="0" regionsrebuilding="0"/>
  </mem-info>
</gc-start>
<allocation-stats totalBytes="12581008" >
  <allocated-bytes non-tlh="0" tlh="12581008" arrayletleaf="0"/>
  <largest-consumer threadName="Thread-14" threadId="0000000001EF2300" bytes="2846368" />
</allocation-stats>
<gc-op id="266" type="mark" timems="3.163" contextid="263" timestamp="2019-09-21T18:42:59.729">
  <trace-info objectcount="10768" scancount="10768" scanbytes="397676" />
  <cardclean-info objects="7484" bytes="365192" />
  <remembered-set-cleared processed="9873" cleared="520" durationms="0.147" />
  <stringconstants candidates="4597" cleared="0"  />
  <warning details="Mark invoked due to insufficient free space for Copy-Forward" />
</gc-op>
<gc-op id="267" type="classunload" timems="0.002" contextid="263" timestamp="2019-09-21T18:42:59.729">
  <classunload-info classloadercandidates="8" classloadersunloaded="0" classesunloaded="0" anonymousclassesunloaded="0" quiescems="0.000" setupms="0.002" scanms="0.000" postms="0.000" />
</gc-op>
<gc-op id="268" type="sweep" timems="1.472" contextid="263" timestamp="2019-09-21T18:42:59.730" />
<gc-op id="269" type="compact" timems="3.417" contextid="263" timestamp="2019-09-21T18:42:59.734">
  <compact-info movecount="8460" movebytes="291840" />
  <remembered-set-cleared processed="19876" cleared="1162" durationms="0.147" />
</gc-op>
<heap-resize id="270" type="expand" space="default" amount="1048576" count="1" timems="0.052" reason="insufficient free space following gc" timestamp="2019-09-21T18:42:59.734" />
<gc-end id="271" type="partial gc" contextid="263" durationms="10.113" usertimems="12.000" systemtimems="4.000" timestamp="2019-09-21T18:42:59.734" activeThreads="8">
  <mem-info id="272" free="12582912" total="37748736" percent="33">
    <mem type="eden" free="727656" total="1048576" percent="69" />
    <arraylet-primitive objects="2" leaves="2" largest="1" />
    <remembered-set count="14400" freebytes="1449216" totalbytes="1506816" percent="96" regionsoverflowed="0" regionsstable="0" regionsrebuilding="0"/>
  </mem-info>
</gc-end>
<cycle-end id="273" type="partial gc" contextid="263" timestamp="2019-09-21T18:42:59.735" />
  <attribute name="elasticGC enabled" value="1" />
  <attribute name= "numThreadsSpecified" value="8" />
  <attribute name="heapSize specified" value="0" />
  <attribute name="Current GC Util" value="133" />
  <attribute name= "Current Time Running" value="1008" />
  <attribute name ="GC Interval" value="0" />
  <attribute name="Target GC Util Change" value ="40.000000" />
  <attribute name="Current GC Util Change" value="133.000000"/>
  <attribute name="Current Error" value="-93.000000" />
  <attribute name="Output H" value="36775736"/>
  <attribute name="Output I" value="1904"/>
  <attribute name="Output T" value="8"/>
  <attribute name= "Current Time Running" value="1008" />
  <attribute name="GC Util currently" value="133" />
  <attribute name="CPU Util currently" value="1342744641520" />
<exclusive-end id="274" timestamp="2019-09-21T18:42:59.735" durationms="11.242" />

<exclusive-start id="275" timestamp="2019-09-21T18:42:59.741" intervalms="17.625">
  <response-info timems="0.026" idlems="0.026" threads="0" lastid="0000000001EDF700" lastname="Thread-12" />
</exclusive-start>
<allocation-taxation id="276" taxation-threshold="12582912" timestamp="2019-09-21T18:42:59.741" intervalms="17.704" />
<cycle-start id="277" type="partial gc" contextid="0" timestamp="2019-09-21T18:42:59.742" intervalms="17.669" />
<gc-start id="278" type="partial gc" contextid="277" timestamp="2019-09-21T18:42:59.742">
  <mem-info id="279" free="0" total="37748736" percent="0">
    <mem type="eden" free="0" total="12582912" percent="0" />
    <arraylet-primitive objects="2" leaves="2" largest="1" />
    <remembered-set count="14400" freebytes="1449216" totalbytes="1506816" percent="96" regionsoverflowed="0" regionsstable="0" regionsrebuilding="0"/>
  </mem-info>
</gc-start>
<allocation-stats totalBytes="12580920" >
  <allocated-bytes non-tlh="0" tlh="12580920" arrayletleaf="0"/>
  <largest-consumer threadName="Thread-12" threadId="0000000001EDF700" bytes="3014288" />
</allocation-stats>
<gc-op id="280" type="mark" timems="4.390" contextid="277" timestamp="2019-09-21T18:42:59.747">
  <trace-info objectcount="14973" scancount="14973" scanbytes="636896" />
  <cardclean-info objects="6775" bytes="330544" />
  <remembered-set-cleared processed="10574" cleared="688" durationms="0.163" />
  <stringconstants candidates="4597" cleared="0"  />
  <warning details="Mark invoked due to insufficient free space for Copy-Forward" />
</gc-op>
<gc-op id="281" type="classunload" timems="0.003" contextid="277" timestamp="2019-09-21T18:42:59.748">
  <classunload-info classloadercandidates="8" classloadersunloaded="0" classesunloaded="0" anonymousclassesunloaded="0" quiescems="0.000" setupms="0.003" scanms="0.000" postms="0.000" />
</gc-op>
<gc-op id="282" type="sweep" timems="1.833" contextid="277" timestamp="2019-09-21T18:42:59.750" />
<gc-op id="283" type="compact" timems="2.944" contextid="277" timestamp="2019-09-21T18:42:59.753">
  <compact-info movecount="10046" movebytes="394768" />
  <remembered-set-cleared processed="21269" cleared="1481" durationms="0.163" />
</gc-op>
<heap-resize id="284" type="expand" space="default" amount="2097152" count="1" timems="0.072" reason="insufficient free space following gc" timestamp="2019-09-21T18:42:59.753" />
<gc-end id="285" type="partial gc" contextid="277" durationms="11.382" usertimems="16.000" systemtimems="4.000" timestamp="2019-09-21T18:42:59.753" activeThreads="8">
  <mem-info id="286" free="13631488" total="39845888" percent="34">
    <mem type="eden" free="729904" total="1048576" percent="69" />
    <arraylet-primitive objects="2" leaves="2" largest="1" />
    <remembered-set count="14976" freebytes="1530624" totalbytes="1590528" percent="96" regionsoverflowed="0" regionsstable="0" regionsrebuilding="0"/>
  </mem-info>
</gc-end>
<cycle-end id="287" type="partial gc" contextid="277" timestamp="2019-09-21T18:42:59.754" />
  <attribute name="elasticGC enabled" value="1" />
  <attribute name= "numThreadsSpecified" value="8" />
  <attribute name="heapSize specified" value="0" />
  <attribute name="Current GC Util" value="128" />
  <attribute name= "Current Time Running" value="1028" />
  <attribute name ="GC Interval" value="0" />
  <attribute name="Target GC Util Change" value ="40.000000" />
  <attribute name="Current GC Util Change" value="128.000000"/>
  <attribute name="Current Error" value="-431.000000" />
  <attribute name="Output H" value="37823920"/>
  <attribute name="Output I" value="1512"/>
  <attribute name="Output T" value="8"/>
  <attribute name= "Current Time Running" value="1028" />
  <attribute name="GC Util currently" value="128" />
  <attribute name="CPU Util currently" value="1072388354478" />
<exclusive-end id="288" timestamp="2019-09-21T18:42:59.754" durationms="12.601" />

<exclusive-start id="289" timestamp="2019-09-21T18:42:59.760" intervalms="18.527">
  <response-info timems="0.063" idlems="0.063" threads="0" lastid="0000000001EDF700" lastname="Thread-12" />
</exclusive-start>
<allocation-taxation id="290" taxation-threshold="13631488" timestamp="2019-09-21T18:42:59.760" intervalms="18.506" />
<cycle-start id="291" type="partial gc" contextid="0" timestamp="2019-09-21T18:42:59.760" intervalms="18.519" />
<gc-start id="292" type="partial gc" contextid="291" timestamp="2019-09-21T18:42:59.760">
  <mem-info id="293" free="0" total="39845888" percent="0">
    <mem type="eden" free="0" total="13631488" percent="0" />
    <arraylet-primitive objects="2" leaves="2" largest="1" />
    <remembered-set count="14976" freebytes="1530624" totalbytes="1590528" percent="96" regionsoverflowed="0" regionsstable="0" regionsrebuilding="0"/>
  </mem-info>
</gc-start>
<allocation-stats totalBytes="13629512" >
  <allocated-bytes non-tlh="0" tlh="13629512" arrayletleaf="0"/>
  <largest-consumer threadName="Thread-14" threadId="0000000001EF2300" bytes="2920024" />
</allocation-stats>
<gc-op id="294" type="mark" timems="2.892" contextid="291" timestamp="2019-09-21T18:42:59.764">
  <trace-info objectcount="9020" scancount="9020" scanbytes="356396" />
  <cardclean-info objects="7418" bytes="357536" />
  <remembered-set-cleared processed="11109" cleared="814" durationms="0.171" />
  <stringconstants candidates="4597" cleared="0"  />
  <warning details="Mark invoked due to insufficient free space for Copy-Forward" />
</gc-op>
<gc-op id="295" type="classunload" timems="0.002" contextid="291" timestamp="2019-09-21T18:42:59.764">
  <classunload-info classloadercandidates="8" classloadersunloaded="0" classesunloaded="0" anonymousclassesunloaded="0" quiescems="0.000" setupms="0.002" scanms="0.000" postms="0.000" />
</gc-op>
<gc-op id="296" type="sweep" timems="1.614" contextid="291" timestamp="2019-09-21T18:42:59.766" />
<gc-op id="297" type="compact" timems="3.037" contextid="291" timestamp="2019-09-21T18:42:59.770">
  <compact-info movecount="8232" movebytes="337488" />
  <remembered-set-cleared processed="22357" cleared="1752" durationms="0.171" />
</gc-op>
<heap-resize id="298" type="expand" space="default" amount="1048576" count="1" timems="0.063" reason="insufficient free space following gc" timestamp="2019-09-21T18:42:59.770" />
<gc-end id="299" type="partial gc" contextid="291" durationms="9.613" usertimems="12.000" systemtimems="4.000" timestamp="2019-09-21T18:42:59.770" activeThreads="8">
  <mem-info id="300" free="13631488" total="40894464" percent="33">
    <mem type="eden" free="1006368" total="1048576" percent="95" />
    <arraylet-primitive objects="2" leaves="2" largest="1" />
    <remembered-set count="16000" freebytes="1568384" totalbytes="1632384" percent="96" regionsoverflowed="0" regionsstable="0" regionsrebuilding="0"/>
  </mem-info>
</gc-end>
<cycle-end id="301" type="partial gc" contextid="291" timestamp="2019-09-21T18:42:59.770" />
  <attribute name="elasticGC enabled" value="1" />
  <attribute name= "numThreadsSpecified" value="8" />
  <attribute name="heapSize specified" value="0" />
  <attribute name="Current GC Util" value="138" />
  <attribute name= "Current Time Running" value="1044" />
  <attribute name ="GC Interval" value="0" />
  <attribute name="Target GC Util Change" value ="40.000000" />
  <attribute name="Current GC Util Change" value="138.000000"/>
  <attribute name="Current Error" value="-325.000000" />
  <attribute name="Output H" value="39921200"/>
  <attribute name="Output I" value="1640"/>
  <attribute name="Output T" value="8"/>
  <attribute name= "Current Time Running" value="1044" />
  <attribute name="GC Util currently" value="138" />
  <attribute name="CPU Util currently" value="1241547509323" />
<exclusive-end id="302" timestamp="2019-09-21T18:42:59.770" durationms="10.678" />

<exclusive-start id="303" timestamp="2019-09-21T18:42:59.777" intervalms="16.891">
  <response-info timems="0.059" idlems="0.059" threads="0" lastid="0000000001ED7F00" lastname="Thread-17" />
</exclusive-start>
<allocation-taxation id="304" taxation-threshold="13631488" timestamp="2019-09-21T18:42:59.777" intervalms="16.817" />
<cycle-start id="305" type="partial gc" contextid="0" timestamp="2019-09-21T18:42:59.777" intervalms="16.789" />
<gc-start id="306" type="partial gc" contextid="305" timestamp="2019-09-21T18:42:59.777">
  <mem-info id="307" free="0" total="40894464" percent="0">
    <mem type="eden" free="0" total="13631488" percent="0" />
    <arraylet-primitive objects="2" leaves="2" largest="1" />
    <remembered-set count="16000" freebytes="1568384" totalbytes="1632384" percent="96" regionsoverflowed="0" regionsstable="0" regionsrebuilding="0"/>
  </mem-info>
</gc-start>
<allocation-stats totalBytes="13629376" >
  <allocated-bytes non-tlh="0" tlh="13629376" arrayletleaf="0"/>
  <largest-consumer threadName="Thread-12" threadId="0000000001EDF700" bytes="2956928" />
</allocation-stats>
<gc-op id="308" type="mark" timems="2.604" contextid="305" timestamp="2019-09-21T18:42:59.781">
  <trace-info objectcount="4778" scancount="4778" scanbytes="117288" />
  <cardclean-info objects="7455" bytes="362368" />
  <remembered-set-cleared processed="11725" cleared="949" durationms="0.124" />
  <stringconstants candidates="4597" cleared="0"  />
  <warning details="Mark invoked due to insufficient free space for Copy-Forward" />
</gc-op>
<gc-op id="309" type="classunload" timems="0.002" contextid="305" timestamp="2019-09-21T18:42:59.781">
  <classunload-info classloadercandidates="8" classloadersunloaded="0" classesunloaded="0" anonymousclassesunloaded="0" quiescems="0.000" setupms="0.002" scanms="0.000" postms="0.000" />
</gc-op>
<gc-op id="310" type="sweep" timems="1.402" contextid="305" timestamp="2019-09-21T18:42:59.782" />
<gc-op id="311" type="compact" timems="2.709" contextid="305" timestamp="2019-09-21T18:42:59.785">
  <compact-info movecount="3924" movebytes="96408" />
  <remembered-set-cleared processed="23577" cleared="2009" durationms="0.124" />
</gc-op>
<heap-resize id="312" type="expand" space="default" amount="2097152" count="1" timems="0.061" reason="insufficient free space following gc" timestamp="2019-09-21T18:42:59.786" />
<gc-end id="313" type="partial gc" contextid="305" durationms="8.454" usertimems="16.000" systemtimems="0.000" timestamp="2019-09-21T18:42:59.786" activeThreads="8">
  <mem-info id="314" free="14680064" total="42991616" percent="34">
    <mem type="eden" free="970648" total="1048576" percent="92" />
    <arraylet-primitive objects="2" leaves="2" largest="1" />
    <remembered-set count="16064" freebytes="1651840" totalbytes="1716096" percent="96" regionsoverflowed="0" regionsstable="0" regionsrebuilding="0"/>
  </mem-info>
</gc-end>
<cycle-end id="315" type="partial gc" contextid="305" timestamp="2019-09-21T18:42:59.786" />
  <attribute name="elasticGC enabled" value="1" />
  <attribute name= "numThreadsSpecified" value="8" />
  <attribute name="heapSize specified" value="0" />
  <attribute name="Current GC Util" value="151" />
  <attribute name= "Current Time Running" value="1060" />
  <attribute name ="GC Interval" value="0" />
  <attribute name="Target GC Util Change" value ="40.000000" />
  <attribute name="Current GC Util Change" value="151.000000"/>
  <attribute name="Current Error" value="-111.000000" />
  <attribute name="Output H" value="40970016"/>
  <attribute name="Output I" value="1880"/>
  <attribute name="Output T" value="8"/>
  <attribute name= "Current Time Running" value="1060" />
  <attribute name="GC Util currently" value="151" />
  <attribute name="CPU Util currently" value="1451436210934" />
<exclusive-end id="316" timestamp="2019-09-21T18:42:59.786" durationms="9.374" />

<exclusive-start id="317" timestamp="2019-09-21T18:42:59.792" intervalms="15.735">
  <response-info timems="0.107" idlems="0.107" threads="0" lastid="0000000001EE3300" lastname="Thread-18" />
</exclusive-start>
<allocation-taxation id="318" taxation-threshold="14680064" timestamp="2019-09-21T18:42:59.793" intervalms="15.748" />
<cycle-start id="319" type="partial gc" contextid="0" timestamp="2019-09-21T18:42:59.793" intervalms="15.737" />
<gc-start id="320" type="partial gc" contextid="319" timestamp="2019-09-21T18:42:59.793">
  <mem-info id="321" free="0" total="42991616" percent="0">
    <mem type="eden" free="0" total="14680064" percent="0" />
    <arraylet-primitive objects="2" leaves="2" largest="1" />
    <remembered-set count="16000" freebytes="1652096" totalbytes="1716096" percent="96" regionsoverflowed="0" regionsstable="0" regionsrebuilding="0"/>
  </mem-info>
</gc-start>
<allocation-stats totalBytes="14678120" >
  <allocated-bytes non-tlh="0" tlh="14678120" arrayletleaf="0"/>
  <largest-consumer threadName="Thread-12" threadId="0000000001EDF700" bytes="3161696" />
</allocation-stats>
<gc-op id="322" type="mark" timems="1.953" contextid="319" timestamp="2019-09-21T18:42:59.796">
  <trace-info objectcount="8846" scancount="8846" scanbytes="214112" />
  <cardclean-info objects="15474" bytes="748352" />
  <remembered-set-cleared processed="11544" cleared="2174" durationms="0.123" />
  <stringconstants candidates="4597" cleared="0"  />
  <warning details="Mark invoked due to insufficient free space for Copy-Forward" />
</gc-op>
<gc-op id="323" type="classunload" timems="0.002" contextid="319" timestamp="2019-09-21T18:42:59.796">
  <classunload-info classloadercandidates="8" classloadersunloaded="0" classesunloaded="0" anonymousclassesunloaded="0" quiescems="0.000" setupms="0.002" scanms="0.000" postms="0.000" />
</gc-op>
<gc-op id="324" type="sweep" timems="1.628" contextid="319" timestamp="2019-09-21T18:42:59.798" />
<gc-op id="325" type="compact" timems="2.409" contextid="319" timestamp="2019-09-21T18:42:59.800">
  <compact-info movecount="4485" movebytes="109336" />
  <remembered-set-cleared processed="23202" cleared="4449" durationms="0.129" />
</gc-op>
<heap-resize id="326" type="expand" space="default" amount="1048576" count="1" timems="0.051" reason="insufficient free space following gc" timestamp="2019-09-21T18:42:59.800" />
<gc-end id="327" type="partial gc" contextid="319" durationms="7.791" usertimems="12.000" systemtimems="0.000" timestamp="2019-09-21T18:42:59.801" activeThreads="8">
  <mem-info id="328" free="14680064" total="44040192" percent="33">
    <mem type="eden" free="985280" total="1048576" percent="93" />
    <arraylet-primitive objects="2" leaves="2" largest="1" />
    <remembered-set count="18176" freebytes="1685248" totalbytes="1757952" percent="95" regionsoverflowed="0" regionsstable="0" regionsrebuilding="0"/>
  </mem-info>
</gc-end>
<cycle-end id="329" type="partial gc" contextid="319" timestamp="2019-09-21T18:42:59.801" />
  <attribute name="elasticGC enabled" value="1" />
  <attribute name= "numThreadsSpecified" value="8" />
  <attribute name="heapSize specified" value="0" />
  <attribute name="Current GC Util" value="150" />
  <attribute name= "Current Time Running" value="1075" />
  <attribute name ="GC Interval" value="0" />
  <attribute name="Target GC Util Change" value ="40.000000" />
  <attribute name="Current GC Util Change" value="150.000000"/>
  <attribute name="Current Error" value="-535.000000" />
  <attribute name="Output H" value="43066680"/>
  <attribute name="Output I" value="1392"/>
  <attribute name="Output T" value="8"/>
  <attribute name= "Current Time Running" value="1075" />
  <attribute name="GC Util currently" value="150" />
  <attribute name="CPU Util currently" value="1248874395546" />
<exclusive-end id="330" timestamp="2019-09-21T18:42:59.801" durationms="8.700" />

<exclusive-start id="331" timestamp="2019-09-21T18:42:59.808" intervalms="15.385">
  <response-info timems="0.055" idlems="0.055" threads="0" lastid="0000000001ED7F00" lastname="Thread-17" />
</exclusive-start>
<allocation-taxation id="332" taxation-threshold="14680064" timestamp="2019-09-21T18:42:59.808" intervalms="15.379" />
<cycle-start id="333" type="partial gc" contextid="0" timestamp="2019-09-21T18:42:59.808" intervalms="15.402" />
<gc-start id="334" type="partial gc" contextid="333" timestamp="2019-09-21T18:42:59.808">
  <mem-info id="335" free="0" total="44040192" percent="0">
    <mem type="eden" free="0" total="14680064" percent="0" />
    <arraylet-primitive objects="2" leaves="2" largest="1" />
    <remembered-set count="18176" freebytes="1685248" totalbytes="1757952" percent="95" regionsoverflowed="0" regionsstable="0" regionsrebuilding="0"/>
  </mem-info>
</gc-start>
<allocation-stats totalBytes="14677600" >
  <allocated-bytes non-tlh="0" tlh="14677600" arrayletleaf="0"/>
  <largest-consumer threadName="Thread-16" threadId="0000000001EDBB00" bytes="3206712" />
</allocation-stats>
<gc-op id="336" type="mark" timems="2.805" contextid="333" timestamp="2019-09-21T18:42:59.812">
  <trace-info objectcount="13501" scancount="13501" scanbytes="463268" />
  <cardclean-info objects="14971" bytes="724008" />
  <remembered-set-cleared processed="12190" cleared="2163" durationms="0.142" />
  <stringconstants candidates="4597" cleared="0"  />
  <warning details="Mark invoked due to insufficient free space for Copy-Forward" />
</gc-op>
<gc-op id="337" type="classunload" timems="0.002" contextid="333" timestamp="2019-09-21T18:42:59.812">
  <classunload-info classloadercandidates="8" classloadersunloaded="0" classesunloaded="0" anonymousclassesunloaded="0" quiescems="0.000" setupms="0.002" scanms="0.000" postms="0.000" />
</gc-op>
<gc-op id="338" type="sweep" timems="1.186" contextid="333" timestamp="2019-09-21T18:42:59.814" />
<gc-op id="339" type="compact" timems="2.622" contextid="333" timestamp="2019-09-21T18:42:59.816">
  <compact-info movecount="8493" movebytes="342936" />
  <remembered-set-cleared processed="24477" cleared="4409" durationms="0.142" />
</gc-op>
<heap-resize id="340" type="expand" space="default" amount="1048576" count="1" timems="0.055" reason="insufficient free space following gc" timestamp="2019-09-21T18:42:59.817" />
<gc-end id="341" type="partial gc" contextid="333" durationms="8.539" usertimems="12.000" systemtimems="4.000" timestamp="2019-09-21T18:42:59.817" activeThreads="8">
  <mem-info id="342" free="14680064" total="45088768" percent="32">
    <mem type="eden" free="723080" total="1048576" percent="68" />
    <arraylet-primitive objects="2" leaves="2" largest="1" />
    <remembered-set count="18208" freebytes="1726976" totalbytes="1799808" percent="95" regionsoverflowed="0" regionsstable="0" regionsrebuilding="0"/>
  </mem-info>
</gc-end>
<cycle-end id="343" type="partial gc" contextid="333" timestamp="2019-09-21T18:42:59.817" />
  <attribute name="elasticGC enabled" value="1" />
  <attribute name= "numThreadsSpecified" value="8" />
  <attribute name="heapSize specified" value="0" />
  <attribute name="Current GC Util" value="134" />
  <attribute name= "Current Time Running" value="1091" />
  <attribute name ="GC Interval" value="0" />
  <attribute name="Target GC Util Change" value ="40.000000" />
  <attribute name="Current GC Util Change" value="134.000000"/>
  <attribute name="Current Error" value="-337.000000" />
  <attribute name="Output H" value="44115488"/>
  <attribute name="Output I" value="1624"/>
  <attribute name="Output T" value="8"/>
  <attribute name= "Current Time Running" value="1091" />
  <attribute name="GC Util currently" value="134" />
  <attribute name="CPU Util currently" value="1613889496793" />
<exclusive-end id="344" timestamp="2019-09-21T18:42:59.817" durationms="9.540" />

<exclusive-start id="345" timestamp="2019-09-21T18:42:59.824" intervalms="15.809">
  <response-info timems="0.066" idlems="0.066" threads="0" lastid="0000000001ED7F00" lastname="Thread-17" />
</exclusive-start>
<allocation-taxation id="346" taxation-threshold="14680064" timestamp="2019-09-21T18:42:59.824" intervalms="15.839" />
<cycle-start id="347" type="partial gc" contextid="0" timestamp="2019-09-21T18:42:59.824" intervalms="15.844" />
<gc-start id="348" type="partial gc" contextid="347" timestamp="2019-09-21T18:42:59.824">
  <mem-info id="349" free="0" total="45088768" percent="0">
    <mem type="eden" free="0" total="14680064" percent="0" />
    <arraylet-primitive objects="2" leaves="2" largest="1" />
    <remembered-set count="18208" freebytes="1726976" totalbytes="1799808" percent="95" regionsoverflowed="0" regionsstable="0" regionsrebuilding="0"/>
  </mem-info>
</gc-start>
<allocation-stats totalBytes="14678104" >
  <allocated-bytes non-tlh="0" tlh="14678104" arrayletleaf="0"/>
  <largest-consumer threadName="Thread-12" threadId="0000000001EDF700" bytes="3128952" />
</allocation-stats>
<gc-op id="350" type="mark" timems="3.939" contextid="347" timestamp="2019-09-21T18:42:59.829">
  <trace-info objectcount="19083" scancount="19082" scanbytes="839076" />
  <cardclean-info objects="6633" bytes="340928" />
  <remembered-set-cleared processed="13552" cleared="3463" durationms="0.208" />
  <stringconstants candidates="4597" cleared="0"  />
  <warning details="Mark invoked due to insufficient free space for Copy-Forward" />
</gc-op>
<gc-op id="351" type="classunload" timems="0.002" contextid="347" timestamp="2019-09-21T18:42:59.829">
  <classunload-info classloadercandidates="8" classloadersunloaded="0" classesunloaded="0" anonymousclassesunloaded="0" quiescems="0.000" setupms="0.002" scanms="0.000" postms="0.000" />
</gc-op>
<gc-op id="352" type="sweep" timems="1.945" contextid="347" timestamp="2019-09-21T18:42:59.831" />
<gc-op id="353" type="compact" timems="3.777" contextid="347" timestamp="2019-09-21T18:42:59.835">
  <compact-info movecount="16736" movebytes="776080" />
  <remembered-set-cleared processed="26987" cleared="6799" durationms="0.208" />
</gc-op>
<heap-resize id="354" type="expand" space="default" amount="2097152" count="1" timems="0.059" reason="insufficient free space following gc" timestamp="2019-09-21T18:42:59.836" />
<gc-end id="355" type="partial gc" contextid="347" durationms="11.647" usertimems="20.000" systemtimems="0.000" timestamp="2019-09-21T18:42:59.836" activeThreads="8">
  <mem-info id="356" free="15728640" total="47185920" percent="33">
    <mem type="eden" free="993392" total="1048576" percent="94" />
    <arraylet-primitive objects="2" leaves="2" largest="1" />
    <remembered-set count="19072" freebytes="1807232" totalbytes="1883520" percent="95" regionsoverflowed="0" regionsstable="0" regionsrebuilding="0"/>
  </mem-info>
</gc-end>
<cycle-end id="357" type="partial gc" contextid="347" timestamp="2019-09-21T18:42:59.836" />
  <attribute name="elasticGC enabled" value="1" />
  <attribute name= "numThreadsSpecified" value="8" />
  <attribute name="heapSize specified" value="0" />
  <attribute name="Current GC Util" value="127" />
  <attribute name= "Current Time Running" value="1109" />
  <attribute name ="GC Interval" value="0" />
  <attribute name="Target GC Util Change" value ="40.000000" />
  <attribute name="Current GC Util Change" value="127.000000"/>
  <attribute name="Current Error" value="-87.000000" />
  <attribute name="Output H" value="45164352"/>
  <attribute name="Output I" value="1912"/>
  <attribute name="Output T" value="8"/>
  <attribute name= "Current Time Running" value="1109" />
  <attribute name="GC Util currently" value="127" />
  <attribute name="CPU Util currently" value="1046297033554" />
<exclusive-end id="358" timestamp="2019-09-21T18:42:59.836" durationms="12.676" />

<exclusive-start id="359" timestamp="2019-09-21T18:42:59.843" intervalms="19.183">
  <response-info timems="0.059" idlems="0.059" threads="0" lastid="0000000001EEE700" lastname="Thread-11" />
</exclusive-start>
<allocation-taxation id="360" taxation-threshold="15728640" timestamp="2019-09-21T18:42:59.843" intervalms="19.229" />
<cycle-start id="361" type="partial gc" contextid="0" timestamp="2019-09-21T18:42:59.843" intervalms="19.278" />
<gc-start id="362" type="partial gc" contextid="361" timestamp="2019-09-21T18:42:59.843">
  <mem-info id="363" free="0" total="47185920" percent="0">
    <mem type="eden" free="0" total="15728640" percent="0" />
    <arraylet-primitive objects="2" leaves="2" largest="1" />
    <remembered-set count="19072" freebytes="1807232" totalbytes="1883520" percent="95" regionsoverflowed="0" regionsstable="0" regionsrebuilding="0"/>
  </mem-info>
</gc-start>
<allocation-stats totalBytes="15726136" >
  <allocated-bytes non-tlh="0" tlh="15726136" arrayletleaf="0"/>
  <largest-consumer threadName="Thread-14" threadId="0000000001EF2300" bytes="3333480" />
</allocation-stats>
<gc-op id="364" type="mark" timems="3.751" contextid="361" timestamp="2019-09-21T18:42:59.848">
  <trace-info objectcount="15473" scancount="15382" scanbytes="605600" />
  <cardclean-info objects="7698" bytes="422964" />
  <remembered-set-cleared processed="13847" cleared="3605" durationms="0.212" />
  <stringconstants candidates="4597" cleared="0"  />
  <warning details="Mark invoked due to insufficient free space for Copy-Forward" />
</gc-op>
<gc-op id="365" type="classunload" timems="0.002" contextid="361" timestamp="2019-09-21T18:42:59.849">
  <classunload-info classloadercandidates="8" classloadersunloaded="0" classesunloaded="0" anonymousclassesunloaded="0" quiescems="0.000" setupms="0.002" scanms="0.000" postms="0.000" />
</gc-op>
<gc-op id="366" type="sweep" timems="0.849" contextid="361" timestamp="2019-09-21T18:42:59.850" />
<gc-op id="367" type="compact" timems="2.547" contextid="361" timestamp="2019-09-21T18:42:59.852">
  <compact-info movecount="12914" movebytes="889864" />
  <remembered-set-cleared processed="26025" cleared="5527" durationms="0.212" />
</gc-op>
<heap-resize id="368" type="expand" space="default" amount="1048576" count="1" timems="0.053" reason="insufficient free space following gc" timestamp="2019-09-21T18:42:59.853" />
<gc-end id="369" type="partial gc" contextid="361" durationms="9.418" usertimems="16.000" systemtimems="0.000" timestamp="2019-09-21T18:42:59.853" activeThreads="8">
  <mem-info id="370" free="15728640" total="48234496" percent="32">
    <mem type="eden" free="704480" total="1048576" percent="67" />
    <arraylet-primitive objects="2" leaves="2" largest="1" />
    <remembered-set count="17344" freebytes="1856000" totalbytes="1925376" percent="96" regionsoverflowed="0" regionsstable="0" regionsrebuilding="0"/>
  </mem-info>
</gc-end>
<cycle-end id="371" type="partial gc" contextid="361" timestamp="2019-09-21T18:42:59.853" />
  <attribute name="elasticGC enabled" value="1" />
  <attribute name= "numThreadsSpecified" value="8" />
  <attribute name="heapSize specified" value="0" />
  <attribute name="Current GC Util" value="112" />
  <attribute name= "Current Time Running" value="1127" />
  <attribute name ="GC Interval" value="0" />
  <attribute name="Target GC Util Change" value ="40.000000" />
  <attribute name="Current GC Util Change" value="112.000000"/>
  <attribute name="Current Error" value="-395.000000" />
  <attribute name="Output H" value="47261144"/>
  <attribute name="Output I" value="1552"/>
  <attribute name="Output T" value="8"/>
  <attribute name= "Current Time Running" value="1127" />
  <attribute name="GC Util currently" value="112" />
  <attribute name="CPU Util currently" value="2111166049278" />
<exclusive-end id="372" timestamp="2019-09-21T18:42:59.853" durationms="10.607" />

<exclusive-start id="373" timestamp="2019-09-21T18:42:59.860" intervalms="17.611">
  <response-info timems="0.109" idlems="0.109" threads="0" lastid="0000000001EDF700" lastname="Thread-12" />
</exclusive-start>
<allocation-taxation id="374" taxation-threshold="15728640" timestamp="2019-09-21T18:42:59.861" intervalms="17.605" />
<cycle-start id="375" type="partial gc" contextid="0" timestamp="2019-09-21T18:42:59.861" intervalms="17.589" />
<gc-start id="376" type="partial gc" contextid="375" timestamp="2019-09-21T18:42:59.861">
  <mem-info id="377" free="0" total="48234496" percent="0">
    <mem type="eden" free="0" total="15728640" percent="0" />
    <arraylet-primitive objects="2" leaves="2" largest="1" />
    <remembered-set count="17344" freebytes="1856000" totalbytes="1925376" percent="96" regionsoverflowed="0" regionsstable="0" regionsrebuilding="0"/>
  </mem-info>
</gc-start>
<allocation-stats totalBytes="15726120" >
  <allocated-bytes non-tlh="0" tlh="15726120" arrayletleaf="0"/>
  <largest-consumer threadName="Thread-11" threadId="0000000001EEE700" bytes="3243544" />
</allocation-stats>
<gc-op id="378" type="mark" timems="2.308" contextid="375" timestamp="2019-09-21T18:42:59.864">
  <trace-info objectcount="19337" scancount="19337" scanbytes="765504" />
  <cardclean-info objects="6291" bytes="345128" />
  <remembered-set-cleared processed="12732" cleared="974" durationms="0.193" />
  <stringconstants candidates="4597" cleared="0"  />
  <warning details="Mark invoked due to insufficient free space for Copy-Forward" />
</gc-op>
<gc-op id="379" type="classunload" timems="0.002" contextid="375" timestamp="2019-09-21T18:42:59.865">
  <classunload-info classloadercandidates="8" classloadersunloaded="0" classesunloaded="0" anonymousclassesunloaded="0" quiescems="0.000" setupms="0.002" scanms="0.000" postms="0.000" />
</gc-op>
<gc-op id="380" type="sweep" timems="0.880" contextid="375" timestamp="2019-09-21T18:42:59.866" />
<gc-op id="381" type="compact" timems="3.776" contextid="375" timestamp="2019-09-21T18:42:59.870">
  <compact-info movecount="11157" movebytes="406880" />
  <remembered-set-cleared processed="25638" cleared="2113" durationms="0.193" />
</gc-op>
<heap-resize id="382" type="expand" space="default" amount="2097152" count="1" timems="0.059" reason="insufficient free space following gc" timestamp="2019-09-21T18:42:59.870" />
<gc-end id="383" type="partial gc" contextid="375" durationms="9.016" usertimems="12.000" systemtimems="0.000" timestamp="2019-09-21T18:42:59.870" activeThreads="8">
  <mem-info id="384" free="16777216" total="50331648" percent="33">
    <mem type="eden" free="668152" total="1048576" percent="63" />
    <arraylet-primitive objects="2" leaves="2" largest="1" />
    <remembered-set count="17728" freebytes="1938176" totalbytes="2009088" percent="96" regionsoverflowed="0" regionsstable="0" regionsrebuilding="0"/>
  </mem-info>
</gc-end>
<cycle-end id="385" type="partial gc" contextid="375" timestamp="2019-09-21T18:42:59.870" />
  <attribute name="elasticGC enabled" value="1" />
  <attribute name= "numThreadsSpecified" value="8" />
  <attribute name="heapSize specified" value="0" />
  <attribute name="Current GC Util" value="128" />
  <attribute name= "Current Time Running" value="1143" />
  <attribute name ="GC Interval" value="0" />
  <attribute name="Target GC Util Change" value ="40.000000" />
  <attribute name="Current GC Util Change" value="128.000000"/>
  <attribute name="Current Error" value="-349.000000" />
  <attribute name="Output H" value="48309776"/>
  <attribute name="Output I" value="1608"/>
  <attribute name="Output T" value="8"/>
  <attribute name= "Current Time Running" value="1143" />
  <attribute name="GC Util currently" value="128" />
  <attribute name="CPU Util currently" value="2104846958257" />
<exclusive-end id="386" timestamp="2019-09-21T18:42:59.870" durationms="10.095" />

<exclusive-start id="387" timestamp="2019-09-21T18:42:59.878" intervalms="17.499">
  <response-info timems="0.104" idlems="0.104" threads="0" lastid="0000000001ED7F00" lastname="Thread-17" />
</exclusive-start>
<allocation-taxation id="388" taxation-threshold="16777216" timestamp="2019-09-21T18:42:59.878" intervalms="17.427" />
<cycle-start id="389" type="partial gc" contextid="0" timestamp="2019-09-21T18:42:59.878" intervalms="17.391" />
<gc-start id="390" type="partial gc" contextid="389" timestamp="2019-09-21T18:42:59.878">
  <mem-info id="391" free="0" total="50331648" percent="0">
    <mem type="eden" free="0" total="16777216" percent="0" />
    <arraylet-primitive objects="2" leaves="2" largest="1" />
    <remembered-set count="17536" freebytes="1938944" totalbytes="2009088" percent="96" regionsoverflowed="0" regionsstable="0" regionsrebuilding="0"/>
  </mem-info>
</gc-start>
<allocation-stats totalBytes="16774880" >
  <allocated-bytes non-tlh="0" tlh="16774880" arrayletleaf="0"/>
  <largest-consumer threadName="Thread-16" threadId="0000000001EDBB00" bytes="3411456" />
</allocation-stats>
<gc-op id="392" type="mark" timems="2.503" contextid="389" timestamp="2019-09-21T18:42:59.882">
  <trace-info objectcount="14504" scancount="14504" scanbytes="487252" />
  <cardclean-info objects="11455" bytes="559008" />
  <remembered-set-cleared processed="13354" cleared="843" durationms="0.156" />
  <stringconstants candidates="4597" cleared="0"  />
  <warning details="Mark invoked due to insufficient free space for Copy-Forward" />
</gc-op>
<gc-op id="393" type="classunload" timems="0.002" contextid="389" timestamp="2019-09-21T18:42:59.882">
  <classunload-info classloadercandidates="8" classloadersunloaded="0" classesunloaded="0" anonymousclassesunloaded="0" quiescems="0.000" setupms="0.002" scanms="0.000" postms="0.000" />
</gc-op>
<gc-op id="394" type="sweep" timems="1.692" contextid="389" timestamp="2019-09-21T18:42:59.884" />
<gc-op id="395" type="compact" timems="4.279" contextid="389" timestamp="2019-09-21T18:42:59.888">
  <compact-info movecount="13761" movebytes="503984" />
  <remembered-set-cleared processed="25999" cleared="2318" durationms="0.156" />
</gc-op>
<heap-resize id="396" type="expand" space="default" amount="1048576" count="1" timems="0.054" reason="insufficient free space following gc" timestamp="2019-09-21T18:42:59.889" />
<gc-end id="397" type="partial gc" contextid="389" durationms="10.451" usertimems="16.000" systemtimems="4.000" timestamp="2019-09-21T18:42:59.889" activeThreads="8">
  <mem-info id="398" free="16777216" total="51380224" percent="32">
    <mem type="eden" free="938600" total="1048576" percent="89" />
    <arraylet-primitive objects="2" leaves="2" largest="1" />
    <remembered-set count="18432" freebytes="1977216" totalbytes="2050944" percent="96" regionsoverflowed="0" regionsstable="0" regionsrebuilding="0"/>
  </mem-info>
</gc-end>
<cycle-end id="399" type="partial gc" contextid="389" timestamp="2019-09-21T18:42:59.889" />
  <attribute name="elasticGC enabled" value="1" />
  <attribute name= "numThreadsSpecified" value="8" />
  <attribute name="heapSize specified" value="0" />
  <attribute name="Current GC Util" value="142" />
  <attribute name= "Current Time Running" value="1162" />
  <attribute name ="GC Interval" value="0" />
  <attribute name="Target GC Util Change" value ="40.000000" />
  <attribute name="Current GC Util Change" value="142.000000"/>
  <attribute name="Current Error" value="-102.000000" />
  <attribute name="Output H" value="50407216"/>
  <attribute name="Output I" value="1896"/>
  <attribute name="Output T" value="8"/>
  <attribute name= "Current Time Running" value="1162" />
  <attribute name="GC Util currently" value="142" />
  <attribute name="CPU Util currently" value="1193678459203" />
<exclusive-end id="400" timestamp="2019-09-21T18:42:59.889" durationms="11.502" />

<exclusive-start id="401" timestamp="2019-09-21T18:42:59.897" intervalms="18.888">
  <response-info timems="0.057" idlems="0.057" threads="0" lastid="0000000001ED7F00" lastname="Thread-17" />
</exclusive-start>
<allocation-taxation id="402" taxation-threshold="16777216" timestamp="2019-09-21T18:42:59.897" intervalms="18.928" />
<cycle-start id="403" type="partial gc" contextid="0" timestamp="2019-09-21T18:42:59.897" intervalms="18.931" />
<gc-start id="404" type="partial gc" contextid="403" timestamp="2019-09-21T18:42:59.897">
  <mem-info id="405" free="0" total="51380224" percent="0">
    <mem type="eden" free="0" total="16777216" percent="0" />
    <arraylet-primitive objects="2" leaves="2" largest="1" />
    <remembered-set count="18272" freebytes="1977856" totalbytes="2050944" percent="96" regionsoverflowed="0" regionsstable="0" regionsrebuilding="0"/>
  </mem-info>
</gc-start>
<allocation-stats totalBytes="16774664" >
  <allocated-bytes non-tlh="0" tlh="16774664" arrayletleaf="0"/>
  <largest-consumer threadName="Thread-17" threadId="0000000001ED7F00" bytes="3497512" />
</allocation-stats>
<gc-op id="406" type="mark" timems="2.374" contextid="403" timestamp="2019-09-21T18:42:59.901">
  <trace-info objectcount="16087" scancount="16087" scanbytes="525228" />
  <cardclean-info objects="13406" bytes="651960" />
  <remembered-set-cleared processed="13965" cleared="902" durationms="0.151" />
  <stringconstants candidates="4597" cleared="0"  />
  <warning details="Mark invoked due to insufficient free space for Copy-Forward" />
</gc-op>
<gc-op id="407" type="classunload" timems="0.002" contextid="403" timestamp="2019-09-21T18:42:59.901">
  <classunload-info classloadercandidates="8" classloadersunloaded="0" classesunloaded="0" anonymousclassesunloaded="0" quiescems="0.000" setupms="0.002" scanms="0.000" postms="0.000" />
</gc-op>
<gc-op id="408" type="sweep" timems="0.404" contextid="403" timestamp="2019-09-21T18:42:59.902" />
<gc-op id="409" type="compact" timems="2.647" contextid="403" timestamp="2019-09-21T18:42:59.905">
  <compact-info movecount="22326" movebytes="901072" />
  <remembered-set-cleared processed="25516" cleared="6410" durationms="0.151" />
</gc-op>
<heap-resize id="410" type="expand" space="default" amount="2097152" count="1" timems="0.069" reason="insufficient free space following gc" timestamp="2019-09-21T18:42:59.905" />
<gc-end id="411" type="partial gc" contextid="403" durationms="7.626" usertimems="12.000" systemtimems="4.000" timestamp="2019-09-21T18:42:59.905" activeThreads="8">
  <mem-info id="412" free="17825792" total="53477376" percent="33">
    <mem type="eden" free="630176" total="1048576" percent="60" />
    <arraylet-primitive objects="2" leaves="2" largest="1" />
    <remembered-set count="20832" freebytes="2051328" totalbytes="2134656" percent="96" regionsoverflowed="0" regionsstable="0" regionsrebuilding="0"/>
  </mem-info>
</gc-end>
<cycle-end id="413" type="partial gc" contextid="403" timestamp="2019-09-21T18:42:59.905" />
  <attribute name="elasticGC enabled" value="1" />
  <attribute name= "numThreadsSpecified" value="8" />
  <attribute name="heapSize specified" value="0" />
  <attribute name="Current GC Util" value="63" />
  <attribute name= "Current Time Running" value="1180" />
  <attribute name ="GC Interval" value="0" />
  <attribute name="Target GC Util Change" value ="40.000000" />
  <attribute name="Current GC Util Change" value="63.000000"/>
  <attribute name="Current Error" value="-387.000000" />
  <attribute name="Output H" value="51455464"/>
  <attribute name="Output I" value="1568"/>
  <attribute name="Output T" value="8"/>
  <attribute name= "Current Time Running" value="1180" />
  <attribute name="GC Util currently" value="63" />
  <attribute name="CPU Util currently" value="3630414115143" />
<exclusive-end id="414" timestamp="2019-09-21T18:42:59.905" durationms="8.669" />

<exclusive-start id="415" timestamp="2019-09-21T18:42:59.913" intervalms="16.411">
  <response-info timems="0.108" idlems="0.108" threads="0" lastid="0000000001EEE700" lastname="Thread-11" />
</exclusive-start>
<allocation-taxation id="416" taxation-threshold="17825792" timestamp="2019-09-21T18:42:59.913" intervalms="16.430" />
<cycle-start id="417" type="partial gc" contextid="0" timestamp="2019-09-21T18:42:59.913" intervalms="16.334" />
<gc-start id="418" type="partial gc" contextid="417" timestamp="2019-09-21T18:42:59.914">
  <mem-info id="419" free="0" total="53477376" percent="0">
    <mem type="eden" free="0" total="17825792" percent="0" />
    <arraylet-primitive objects="2" leaves="2" largest="1" />
    <remembered-set count="20640" freebytes="2052096" totalbytes="2134656" percent="96" regionsoverflowed="0" regionsstable="0" regionsrebuilding="0"/>
  </mem-info>
</gc-start>
<allocation-stats totalBytes="17823240" >
  <allocated-bytes non-tlh="0" tlh="17823240" arrayletleaf="0"/>
  <largest-consumer threadName="Thread-14" threadId="0000000001EF2300" bytes="3661200" />
</allocation-stats>
<gc-op id="420" type="mark" timems="3.263" contextid="417" timestamp="2019-09-21T18:42:59.917">
  <trace-info objectcount="22826" scancount="22826" scanbytes="824096" />
  <cardclean-info objects="11503" bytes="561616" />
  <remembered-set-cleared processed="14889" cleared="1111" durationms="0.105" />
  <stringconstants candidates="4597" cleared="0"  />
  <warning details="Mark invoked due to insufficient free space for Copy-Forward" />
</gc-op>
<gc-op id="421" type="classunload" timems="0.002" contextid="417" timestamp="2019-09-21T18:42:59.918">
  <classunload-info classloadercandidates="8" classloadersunloaded="0" classesunloaded="0" anonymousclassesunloaded="0" quiescems="0.000" setupms="0.002" scanms="0.000" postms="0.000" />
</gc-op>
<gc-op id="422" type="sweep" timems="0.588" contextid="417" timestamp="2019-09-21T18:42:59.918" />
<gc-op id="423" type="compact" timems="2.833" contextid="417" timestamp="2019-09-21T18:42:59.921">
  <compact-info movecount="20775" movebytes="774880" />
  <remembered-set-cleared processed="29961" cleared="2388" durationms="0.118" />
</gc-op>
<heap-resize id="424" type="expand" space="default" amount="1048576" count="1" timems="0.061" reason="insufficient free space following gc" timestamp="2019-09-21T18:42:59.922" />
<gc-end id="425" type="partial gc" contextid="417" durationms="8.287" usertimems="12.000" systemtimems="4.000" timestamp="2019-09-21T18:42:59.922" activeThreads="8">
  <mem-info id="426" free="17825792" total="54525952" percent="32">
    <mem type="eden" free="639760" total="1048576" percent="61" />
    <arraylet-primitive objects="2" leaves="2" largest="1" />
    <remembered-set count="21728" freebytes="2089600" totalbytes="2176512" percent="96" regionsoverflowed="0" regionsstable="0" regionsrebuilding="0"/>
  </mem-info>
</gc-end>
<cycle-end id="427" type="partial gc" contextid="417" timestamp="2019-09-21T18:42:59.922" />
  <attribute name="elasticGC enabled" value="1" />
  <attribute name= "numThreadsSpecified" value="8" />
  <attribute name="heapSize specified" value="0" />
  <attribute name="Current GC Util" value="140" />
  <attribute name= "Current Time Running" value="1196" />
  <attribute name ="GC Interval" value="0" />
  <attribute name="Target GC Util Change" value ="40.000000" />
  <attribute name="Current GC Util Change" value="140.000000"/>
  <attribute name="Current Error" value="-290.000000" />
  <attribute name="Output H" value="53552728"/>
  <attribute name="Output I" value="1680"/>
  <attribute name="Output T" value="8"/>
  <attribute name= "Current Time Running" value="1196" />
  <attribute name="GC Util currently" value="140" />
  <attribute name="CPU Util currently" value="2808763309172" />
<exclusive-end id="428" timestamp="2019-09-21T18:42:59.922" durationms="9.246" />

<exclusive-start id="429" timestamp="2019-09-21T18:42:59.930" intervalms="17.009">
  <response-info timems="0.100" idlems="0.100" threads="0" lastid="0000000001ED7F00" lastname="Thread-17" />
</exclusive-start>
<allocation-taxation id="430" taxation-threshold="17825792" timestamp="2019-09-21T18:42:59.930" intervalms="16.979" />
<cycle-start id="431" type="partial gc" contextid="0" timestamp="2019-09-21T18:42:59.931" intervalms="17.031" />
<gc-start id="432" type="partial gc" contextid="431" timestamp="2019-09-21T18:42:59.931">
  <mem-info id="433" free="0" total="54525952" percent="0">
    <mem type="eden" free="0" total="17825792" percent="0" />
    <arraylet-primitive objects="2" leaves="2" largest="1" />
    <remembered-set count="21568" freebytes="2090240" totalbytes="2176512" percent="96" regionsoverflowed="0" regionsstable="0" regionsrebuilding="0"/>
  </mem-info>
</gc-start>
<allocation-stats totalBytes="17823440" >
  <allocated-bytes non-tlh="0" tlh="17823440" arrayletleaf="0"/>
  <largest-consumer threadName="Thread-13" threadId="0000000001EE6F00" bytes="3845568" />
</allocation-stats>
<gc-op id="434" type="mark" timems="4.146" contextid="431" timestamp="2019-09-21T18:42:59.935">
  <trace-info objectcount="29233" scancount="29233" scanbytes="1115348" />
  <cardclean-info objects="11924" bytes="584912" />
  <remembered-set-cleared processed="15902" cleared="1200" durationms="0.135" />
  <stringconstants candidates="4597" cleared="0"  />
  <warning details="Mark invoked due to insufficient free space for Copy-Forward" />
</gc-op>
<gc-op id="435" type="classunload" timems="0.002" contextid="431" timestamp="2019-09-21T18:42:59.936">
  <classunload-info classloadercandidates="8" classloadersunloaded="0" classesunloaded="0" anonymousclassesunloaded="0" quiescems="0.000" setupms="0.002" scanms="0.000" postms="0.000" />
</gc-op>
<gc-op id="436" type="sweep" timems="0.914" contextid="431" timestamp="2019-09-21T18:42:59.937" />
<gc-op id="437" type="compact" timems="1.921" contextid="431" timestamp="2019-09-21T18:42:59.939">
  <compact-info movecount="22861" movebytes="902912" />
  <remembered-set-cleared processed="32015" cleared="2593" durationms="0.135" />
</gc-op>
<heap-resize id="438" type="expand" space="default" amount="1048576" count="1" timems="0.054" reason="insufficient free space following gc" timestamp="2019-09-21T18:42:59.939" />
<gc-end id="439" type="partial gc" contextid="431" durationms="8.479" usertimems="12.000" systemtimems="4.000" timestamp="2019-09-21T18:42:59.939" activeThreads="8">
  <mem-info id="440" free="17825792" total="55574528" percent="32">
    <mem type="eden" free="340696" total="1048576" percent="32" />
    <arraylet-primitive objects="2" leaves="2" largest="1" />
    <remembered-set count="22816" freebytes="2127104" totalbytes="2218368" percent="95" regionsoverflowed="0" regionsstable="0" regionsrebuilding="0"/>
  </mem-info>
</gc-end>
<cycle-end id="441" type="partial gc" contextid="431" timestamp="2019-09-21T18:42:59.939" />
  <attribute name="elasticGC enabled" value="1" />
  <attribute name= "numThreadsSpecified" value="8" />
  <attribute name="heapSize specified" value="0" />
  <attribute name="Current GC Util" value="86" />
  <attribute name= "Current Time Running" value="1215" />
  <attribute name ="GC Interval" value="0" />
  <attribute name="Target GC Util Change" value ="40.000000" />
  <attribute name="Current GC Util Change" value="86.000000"/>
  <attribute name="Current Error" value="-46.000000" />
  <attribute name="Output H" value="54601584"/>
  <attribute name="Output I" value="1960"/>
  <attribute name="Output T" value="8"/>
  <attribute name= "Current Time Running" value="1215" />
  <attribute name="GC Util currently" value="86" />
  <attribute name="CPU Util currently" value="1957782548357" />
<exclusive-end id="442" timestamp="2019-09-21T18:42:59.940" durationms="9.416" />

<exclusive-start id="443" timestamp="2019-09-21T18:42:59.947" intervalms="17.233">
  <response-info timems="0.110" idlems="0.110" threads="0" lastid="0000000001EDF700" lastname="Thread-12" />
</exclusive-start>
<allocation-taxation id="444" taxation-threshold="17825792" timestamp="2019-09-21T18:42:59.948" intervalms="17.220" />
<cycle-start id="445" type="partial gc" contextid="0" timestamp="2019-09-21T18:42:59.948" intervalms="17.126" />
<gc-start id="446" type="partial gc" contextid="445" timestamp="2019-09-21T18:42:59.948">
  <mem-info id="447" free="0" total="55574528" percent="0">
    <mem type="eden" free="0" total="17825792" percent="0" />
    <arraylet-primitive objects="2" leaves="2" largest="1" />
    <remembered-set count="22528" freebytes="2128256" totalbytes="2218368" percent="95" regionsoverflowed="0" regionsstable="0" regionsrebuilding="0"/>
  </mem-info>
</gc-start>
<allocation-stats totalBytes="17823184" >
  <allocated-bytes non-tlh="0" tlh="17823184" arrayletleaf="0"/>
  <largest-consumer threadName="Thread-14" threadId="0000000001EF2300" bytes="3759528" />
</allocation-stats>
<gc-op id="448" type="mark" timems="1.811" contextid="445" timestamp="2019-09-21T18:42:59.950">
  <trace-info objectcount="31313" scancount="31313" scanbytes="1165124" />
  <cardclean-info objects="14097" bytes="689664" />
  <remembered-set-cleared processed="16880" cleared="1053" durationms="0.122" />
  <stringconstants candidates="4597" cleared="0"  />
  <warning details="Mark invoked due to insufficient free space for Copy-Forward" />
</gc-op>
<gc-op id="449" type="classunload" timems="0.002" contextid="445" timestamp="2019-09-21T18:42:59.950">
  <classunload-info classloadercandidates="8" classloadersunloaded="0" classesunloaded="0" anonymousclassesunloaded="0" quiescems="0.000" setupms="0.002" scanms="0.000" postms="0.000" />
</gc-op>
<gc-op id="450" type="sweep" timems="0.379" contextid="445" timestamp="2019-09-21T18:42:59.951" />
<gc-op id="451" type="compact" timems="2.706" contextid="445" timestamp="2019-09-21T18:42:59.954">
  <compact-info movecount="30417" movebytes="1143632" />
  <remembered-set-cleared processed="34006" cleared="2335" durationms="0.122" />
</gc-op>
<heap-resize id="452" type="expand" space="default" amount="2097152" count="1" timems="0.059" reason="insufficient free space following gc" timestamp="2019-09-21T18:42:59.954" />
<gc-end id="453" type="partial gc" contextid="445" durationms="6.353" usertimems="4.000" systemtimems="8.000" timestamp="2019-09-21T18:42:59.954" activeThreads="8">
  <mem-info id="454" free="18874368" total="57671680" percent="32">
    <mem type="eden" free="589960" total="1048576" percent="56" />
    <arraylet-primitive objects="2" leaves="2" largest="1" />
    <remembered-set count="24768" freebytes="2203008" totalbytes="2302080" percent="95" regionsoverflowed="0" regionsstable="0" regionsrebuilding="0"/>
  </mem-info>
</gc-end>
<cycle-end id="455" type="partial gc" contextid="445" timestamp="2019-09-21T18:42:59.954" />
  <attribute name="elasticGC enabled" value="1" />
  <attribute name= "numThreadsSpecified" value="8" />
  <attribute name="heapSize specified" value="0" />
  <attribute name="Current GC Util" value="72" />
  <attribute name= "Current Time Running" value="1229" />
  <attribute name ="GC Interval" value="0" />
  <attribute name="Target GC Util Change" value ="40.000000" />
  <attribute name="Current GC Util Change" value="72.000000"/>
  <attribute name="Current Error" value="-339.000000" />
  <attribute name="Output H" value="55649824"/>
  <attribute name="Output I" value="1624"/>
  <attribute name="Output T" value="8"/>
  <attribute name= "Current Time Running" value="1229" />
  <attribute name="GC Util currently" value="72" />
  <attribute name="CPU Util currently" value="3961507542129" />
<exclusive-end id="456" timestamp="2019-09-21T18:42:59.955" durationms="7.211" />

<exclusive-start id="457" timestamp="2019-09-21T18:42:59.963" intervalms="15.316">
  <response-info timems="0.065" idlems="0.065" threads="0" lastid="0000000001EDF700" lastname="Thread-12" />
</exclusive-start>
<allocation-taxation id="458" taxation-threshold="18874368" timestamp="2019-09-21T18:42:59.963" intervalms="15.362" />
<cycle-start id="459" type="partial gc" contextid="0" timestamp="2019-09-21T18:42:59.963" intervalms="15.456" />
<gc-start id="460" type="partial gc" contextid="459" timestamp="2019-09-21T18:42:59.963">
  <mem-info id="461" free="0" total="57671680" percent="0">
    <mem type="eden" free="0" total="18874368" percent="0" />
    <arraylet-primitive objects="2" leaves="2" largest="1" />
    <remembered-set count="24448" freebytes="2204288" totalbytes="2302080" percent="95" regionsoverflowed="0" regionsstable="0" regionsrebuilding="0"/>
  </mem-info>
</gc-start>
<allocation-stats totalBytes="18871888" >
  <allocated-bytes non-tlh="0" tlh="18871888" arrayletleaf="0"/>
  <largest-consumer threadName="Thread-13" threadId="0000000001EE6F00" bytes="4058600" />
</allocation-stats>
<gc-op id="462" type="mark" timems="1.922" contextid="459" timestamp="2019-09-21T18:42:59.966">
  <trace-info objectcount="34199" scancount="34196" scanbytes="1238428" />
  <cardclean-info objects="15727" bytes="772056" />
  <remembered-set-cleared processed="17130" cleared="1426" durationms="0.116" />
  <stringconstants candidates="4597" cleared="0"  />
  <warning details="Mark invoked due to insufficient free space for Copy-Forward" />
</gc-op>
<gc-op id="463" type="classunload" timems="0.002" contextid="459" timestamp="2019-09-21T18:42:59.966">
  <classunload-info classloadercandidates="8" classloadersunloaded="0" classesunloaded="0" anonymousclassesunloaded="0" quiescems="0.000" setupms="0.002" scanms="0.000" postms="0.000" />
</gc-op>
<gc-op id="464" type="sweep" timems="0.422" contextid="459" timestamp="2019-09-21T18:42:59.966" />
<gc-op id="465" type="compact" timems="2.301" contextid="459" timestamp="2019-09-21T18:42:59.969">
  <compact-info movecount="33724" movebytes="1227112" />
  <remembered-set-cleared processed="34294" cleared="2875" durationms="0.116" />
</gc-op>
<heap-resize id="466" type="expand" space="default" amount="1048576" count="1" timems="0.050" reason="insufficient free space following gc" timestamp="2019-09-21T18:42:59.969" />
<gc-end id="467" type="partial gc" contextid="459" durationms="6.047" usertimems="8.000" systemtimems="4.000" timestamp="2019-09-21T18:42:59.969" activeThreads="8">
  <mem-info id="468" free="18874368" total="58720256" percent="32">
    <mem type="eden" free="394528" total="1048576" percent="37" />
    <arraylet-primitive objects="2" leaves="2" largest="1" />
    <remembered-set count="25760" freebytes="2240896" totalbytes="2343936" percent="95" regionsoverflowed="0" regionsstable="0" regionsrebuilding="0"/>
  </mem-info>
</gc-end>
<cycle-end id="469" type="partial gc" contextid="459" timestamp="2019-09-21T18:42:59.969" />
  <attribute name="elasticGC enabled" value="1" />
  <attribute name= "numThreadsSpecified" value="8" />
  <attribute name="heapSize specified" value="0" />
  <attribute name="Current GC Util" value="68" />
  <attribute name= "Current Time Running" value="1244" />
  <attribute name ="GC Interval" value="0" />
  <attribute name="Target GC Util Change" value ="40.000000" />
  <attribute name="Current GC Util Change" value="68.000000"/>
  <attribute name="Current Error" value="-234.000000" />
  <attribute name="Output H" value="57747096"/>
  <attribute name="Output I" value="1744"/>
  <attribute name="Output T" value="8"/>
  <attribute name= "Current Time Running" value="1244" />
  <attribute name="GC Util currently" value="68" />
  <attribute name="CPU Util currently" value="3665828846633" />
<exclusive-end id="470" timestamp="2019-09-21T18:42:59.970" durationms="7.026" />

<exclusive-start id="471" timestamp="2019-09-21T18:42:59.978" intervalms="15.526">
  <response-info timems="0.139" idlems="0.139" threads="0" lastid="0000000001EE3300" lastname="Thread-18" />
</exclusive-start>
<allocation-taxation id="472" taxation-threshold="18874368" timestamp="2019-09-21T18:42:59.978" intervalms="15.461" />
<cycle-start id="473" type="partial gc" contextid="0" timestamp="2019-09-21T18:42:59.979" intervalms="15.608" />
<gc-start id="474" type="partial gc" contextid="473" timestamp="2019-09-21T18:42:59.979">
  <mem-info id="475" free="0" total="58720256" percent="0">
    <mem type="eden" free="0" total="18874368" percent="0" />
    <arraylet-primitive objects="2" leaves="2" largest="1" />
    <remembered-set count="25280" freebytes="2242816" totalbytes="2343936" percent="95" regionsoverflowed="0" regionsstable="0" regionsrebuilding="0"/>
  </mem-info>
</gc-start>
<allocation-stats totalBytes="18871712" >
  <allocated-bytes non-tlh="0" tlh="18871712" arrayletleaf="0"/>
  <largest-consumer threadName="Thread-11" threadId="0000000001EEE700" bytes="3968472" />
</allocation-stats>
<gc-op id="476" type="mark" timems="2.164" contextid="473" timestamp="2019-09-21T18:42:59.982">
  <trace-info objectcount="30433" scancount="30433" scanbytes="1281480" />
  <cardclean-info objects="7199" bytes="358520" />
  <remembered-set-cleared processed="18747" cleared="887" durationms="0.130" />
  <stringconstants candidates="4597" cleared="0"  />
  <warning details="Mark invoked due to insufficient free space for Copy-Forward" />
</gc-op>
<gc-op id="477" type="classunload" timems="0.002" contextid="473" timestamp="2019-09-21T18:42:59.982">
  <classunload-info classloadercandidates="8" classloadersunloaded="0" classesunloaded="0" anonymousclassesunloaded="0" quiescems="0.000" setupms="0.002" scanms="0.000" postms="0.000" />
</gc-op>
<gc-op id="478" type="sweep" timems="0.442" contextid="473" timestamp="2019-09-21T18:42:59.982" />
<gc-op id="479" type="compact" timems="2.377" contextid="473" timestamp="2019-09-21T18:42:59.985">
  <compact-info movecount="18661" movebytes="796072" />
  <remembered-set-cleared processed="37702" cleared="1964" durationms="0.130" />
</gc-op>
<heap-resize id="480" type="expand" space="default" amount="2097152" count="1" timems="0.060" reason="insufficient free space following gc" timestamp="2019-09-21T18:42:59.985" />
<gc-end id="481" type="partial gc" contextid="473" durationms="6.604" usertimems="8.000" systemtimems="4.000" timestamp="2019-09-21T18:42:59.985" activeThreads="8">
  <mem-info id="482" free="19922944" total="60817408" percent="32">
    <mem type="eden" free="420568" total="1048576" percent="40" />
    <arraylet-primitive objects="2" leaves="2" largest="1" />
    <remembered-set count="26176" freebytes="2322944" totalbytes="2427648" percent="95" regionsoverflowed="0" regionsstable="0" regionsrebuilding="0"/>
  </mem-info>
</gc-end>
<cycle-end id="483" type="partial gc" contextid="473" timestamp="2019-09-21T18:42:59.986" />
  <attribute name="elasticGC enabled" value="1" />
  <attribute name= "numThreadsSpecified" value="8" />
  <attribute name="heapSize specified" value="0" />
  <attribute name="Current GC Util" value="63" />
  <attribute name= "Current Time Running" value="1260" />
  <attribute name ="GC Interval" value="0" />
  <attribute name="Target GC Util Change" value ="40.000000" />
  <attribute name="Current GC Util Change" value="63.000000"/>
  <attribute name="Current Error" value="-23.000000" />
  <attribute name="Output H" value="58795912"/>
  <attribute name="Output I" value="1984"/>
  <attribute name="Output T" value="8"/>
  <attribute name= "Current Time Running" value="1260" />
  <attribute name="GC Util currently" value="63" />
  <attribute name="CPU Util currently" value="3257203844269" />
<exclusive-end id="484" timestamp="2019-09-21T18:42:59.986" durationms="7.595" />

<exclusive-start id="485" timestamp="2019-09-21T18:42:59.995" intervalms="16.560">
  <response-info timems="0.060" idlems="0.060" threads="0" lastid="0000000001EEE700" lastname="Thread-11" />
</exclusive-start>
<allocation-taxation id="486" taxation-threshold="19922944" timestamp="2019-09-21T18:42:59.995" intervalms="16.634" />
<cycle-start id="487" type="partial gc" contextid="0" timestamp="2019-09-21T18:42:59.995" intervalms="16.563" />
<gc-start id="488" type="partial gc" contextid="487" timestamp="2019-09-21T18:42:59.995">
  <mem-info id="489" free="0" total="60817408" percent="0">
    <mem type="eden" free="0" total="19922944" percent="0" />
    <arraylet-primitive objects="2" leaves="2" largest="1" />
    <remembered-set count="26048" freebytes="2323456" totalbytes="2427648" percent="95" regionsoverflowed="0" regionsstable="0" regionsrebuilding="0"/>
  </mem-info>
</gc-start>
<allocation-stats totalBytes="19920512" >
  <allocated-bytes non-tlh="0" tlh="19920512" arrayletleaf="0"/>
  <largest-consumer threadName="Thread-13" threadId="0000000001EE6F00" bytes="4386248" />
</allocation-stats>
<gc-op id="490" type="mark" timems="2.390" contextid="487" timestamp="2019-09-21T18:42:59.998">
  <trace-info objectcount="34263" scancount="34263" scanbytes="1377328" />
  <cardclean-info objects="7936" bytes="399392" />
  <remembered-set-cleared processed="18964" cleared="1097" durationms="0.122" />
  <stringconstants candidates="4597" cleared="0"  />
  <warning details="Mark invoked due to insufficient free space for Copy-Forward" />
</gc-op>
<gc-op id="491" type="classunload" timems="0.003" contextid="487" timestamp="2019-09-21T18:42:59.999">
  <classunload-info classloadercandidates="8" classloadersunloaded="0" classesunloaded="0" anonymousclassesunloaded="0" quiescems="0.000" setupms="0.003" scanms="0.000" postms="0.000" />
</gc-op>
<gc-op id="492" type="sweep" timems="0.421" contextid="487" timestamp="2019-09-21T18:42:59.999" />
<gc-op id="493" type="compact" timems="2.400" contextid="487" timestamp="2019-09-21T18:43:00.002">
  <compact-info movecount="34208" movebytes="1376024" />
  <remembered-set-cleared processed="38074" cleared="2322" durationms="0.122" />
</gc-op>
<heap-resize id="494" type="expand" space="default" amount="1048576" count="1" timems="0.054" reason="insufficient free space following gc" timestamp="2019-09-21T18:43:00.002" />
<gc-end id="495" type="partial gc" contextid="487" durationms="6.757" usertimems="12.000" systemtimems="4.000" timestamp="2019-09-21T18:43:00.002" activeThreads="8">
  <mem-info id="496" free="19922944" total="61865984" percent="32">
    <mem type="eden" free="632840" total="1048576" percent="60" />
    <arraylet-primitive objects="2" leaves="2" largest="1" />
    <remembered-set count="26752" freebytes="2362496" totalbytes="2469504" percent="95" regionsoverflowed="0" regionsstable="0" regionsrebuilding="0"/>
  </mem-info>
</gc-end>
<cycle-end id="497" type="partial gc" contextid="487" timestamp="2019-09-21T18:43:00.002" />
  <attribute name="elasticGC enabled" value="1" />
  <attribute name= "numThreadsSpecified" value="8" />
  <attribute name="heapSize specified" value="0" />
  <attribute name="Current GC Util" value="83" />
  <attribute name= "Current Time Running" value="1277" />
  <attribute name ="GC Interval" value="0" />
  <attribute name="Target GC Util Change" value ="40.000000" />
  <attribute name="Current GC Util Change" value="83.000000"/>
  <attribute name="Current Error" value="-326.000000" />
  <attribute name="Output H" value="60892712"/>
  <attribute name="Output I" value="1632"/>
  <attribute name="Output T" value="8"/>
  <attribute name= "Current Time Running" value="1277" />
  <attribute name="GC Util currently" value="83" />
  <attribute name="CPU Util currently" value="3553716248119" />
<exclusive-end id="498" timestamp="2019-09-21T18:43:00.003" durationms="7.855" />

<exclusive-start id="499" timestamp="2019-09-21T18:43:00.012" intervalms="16.801">
  <response-info timems="0.369" idlems="0.369" threads="0" lastid="0000000001EDF700" lastname="Thread-12" />
</exclusive-start>
<allocation-taxation id="500" taxation-threshold="19922944" timestamp="2019-09-21T18:43:00.012" intervalms="16.741" />
<cycle-start id="501" type="partial gc" contextid="0" timestamp="2019-09-21T18:43:00.012" intervalms="16.711" />
<gc-start id="502" type="partial gc" contextid="501" timestamp="2019-09-21T18:43:00.012">
  <mem-info id="503" free="0" total="61865984" percent="0">
    <mem type="eden" free="0" total="19922944" percent="0" />
    <arraylet-primitive objects="2" leaves="2" largest="1" />
    <remembered-set count="26272" freebytes="2364416" totalbytes="2469504" percent="95" regionsoverflowed="0" regionsstable="0" regionsrebuilding="0"/>
  </mem-info>
</gc-start>
<allocation-stats totalBytes="19920296" >
  <allocated-bytes non-tlh="0" tlh="19920296" arrayletleaf="0"/>
  <largest-consumer threadName="Thread-12" threadId="0000000001EDF700" bytes="4267576" />
</allocation-stats>
<gc-op id="504" type="mark" timems="2.955" contextid="501" timestamp="2019-09-21T18:43:00.016">
  <trace-info objectcount="40976" scancount="40976" scanbytes="1672572" />
  <cardclean-info objects="7377" bytes="371376" />
  <remembered-set-cleared processed="19619" cleared="1139" durationms="0.140" />
  <stringconstants candidates="4597" cleared="0"  />
  <warning details="Mark invoked due to insufficient free space for Copy-Forward" />
</gc-op>
<gc-op id="505" type="classunload" timems="0.002" contextid="501" timestamp="2019-09-21T18:43:00.016">
  <classunload-info classloadercandidates="8" classloadersunloaded="0" classesunloaded="0" anonymousclassesunloaded="0" quiescems="0.000" setupms="0.002" scanms="0.000" postms="0.000" />
</gc-op>
<gc-op id="506" type="sweep" timems="0.461" contextid="501" timestamp="2019-09-21T18:43:00.016" />
<gc-op id="507" type="compact" timems="4.130" contextid="501" timestamp="2019-09-21T18:43:00.021">
  <compact-info movecount="35330" movebytes="1536784" />
  <remembered-set-cleared processed="39476" cleared="2505" durationms="0.140" />
</gc-op>
<heap-resize id="508" type="expand" space="default" amount="2097152" count="1" timems="0.058" reason="insufficient free space following gc" timestamp="2019-09-21T18:43:00.021" />
<gc-end id="509" type="partial gc" contextid="501" durationms="9.106" usertimems="16.000" systemtimems="4.000" timestamp="2019-09-21T18:43:00.021" activeThreads="8">
  <mem-info id="510" free="20971520" total="63963136" percent="32">
    <mem type="eden" free="366088" total="1048576" percent="34" />
    <arraylet-primitive objects="2" leaves="2" largest="1" />
    <remembered-set count="26272" freebytes="2448128" totalbytes="2553216" percent="95" regionsoverflowed="0" regionsstable="0" regionsrebuilding="0"/>
  </mem-info>
</gc-end>
<cycle-end id="511" type="partial gc" contextid="501" timestamp="2019-09-21T18:43:00.021" />
  <attribute name="elasticGC enabled" value="1" />
  <attribute name= "numThreadsSpecified" value="8" />
  <attribute name="heapSize specified" value="0" />
  <attribute name="Current GC Util" value="66" />
  <attribute name= "Current Time Running" value="1294" />
  <attribute name ="GC Interval" value="0" />
  <attribute name="Target GC Util Change" value ="40.000000" />
  <attribute name="Current GC Util Change" value="66.000000"/>
  <attribute name="Current Error" value="-247.000000" />
  <attribute name="Output H" value="61941384"/>
  <attribute name="Output I" value="1728"/>
  <attribute name="Output T" value="8"/>
  <attribute name= "Current Time Running" value="1294" />
  <attribute name="GC Util currently" value="66" />
  <attribute name="CPU Util currently" value="3276033885338" />
<exclusive-end id="512" timestamp="2019-09-21T18:43:00.022" durationms="10.159" />

<exclusive-start id="513" timestamp="2019-09-21T18:43:00.032" intervalms="19.945">
  <response-info timems="0.062" idlems="0.062" threads="0" lastid="0000000001EDF700" lastname="Thread-12" />
</exclusive-start>
<allocation-taxation id="514" taxation-threshold="20971520" timestamp="2019-09-21T18:43:00.032" intervalms="19.884" />
<cycle-start id="515" type="partial gc" contextid="0" timestamp="2019-09-21T18:43:00.032" intervalms="19.801" />
<gc-start id="516" type="partial gc" contextid="515" timestamp="2019-09-21T18:43:00.032">
  <mem-info id="517" free="0" total="63963136" percent="0">
    <mem type="eden" free="0" total="20971520" percent="0" />
    <arraylet-primitive objects="2" leaves="2" largest="1" />
    <remembered-set count="26272" freebytes="2448128" totalbytes="2553216" percent="95" regionsoverflowed="0" regionsstable="0" regionsrebuilding="0"/>
  </mem-info>
</gc-start>
<allocation-stats totalBytes="20968496" >
  <allocated-bytes non-tlh="0" tlh="20968496" arrayletleaf="0"/>
  <largest-consumer threadName="Thread-12" threadId="0000000001EDF700" bytes="4431320" />
</allocation-stats>
<gc-op id="518" type="mark" timems="3.068" contextid="515" timestamp="2019-09-21T18:43:00.036">
  <trace-info objectcount="30898" scancount="30898" scanbytes="1155460" />
  <cardclean-info objects="13284" bytes="646872" />
  <remembered-set-cleared processed="20704" cleared="904" durationms="0.144" />
  <stringconstants candidates="4597" cleared="0"  />
  <warning details="Mark invoked due to insufficient free space for Copy-Forward" />
</gc-op>
<gc-op id="519" type="classunload" timems="0.002" contextid="515" timestamp="2019-09-21T18:43:00.036">
  <classunload-info classloadercandidates="8" classloadersunloaded="0" classesunloaded="0" anonymousclassesunloaded="0" quiescems="0.000" setupms="0.001" scanms="0.000" postms="0.000" />
</gc-op>
<gc-op id="520" type="sweep" timems="0.475" contextid="515" timestamp="2019-09-21T18:43:00.036" />
<gc-op id="521" type="compact" timems="3.139" contextid="515" timestamp="2019-09-21T18:43:00.040">
  <compact-info movecount="20241" movebytes="762328" />
  <remembered-set-cleared processed="41660" cleared="2035" durationms="0.174" />
</gc-op>
<heap-resize id="522" type="expand" space="default" amount="1048576" count="1" timems="0.062" reason="insufficient free space following gc" timestamp="2019-09-21T18:43:00.040" />
<gc-end id="523" type="partial gc" contextid="515" durationms="8.193" usertimems="16.000" systemtimems="0.000" timestamp="2019-09-21T18:43:00.040" activeThreads="8">
  <mem-info id="524" free="20971520" total="65011712" percent="32">
    <mem type="eden" free="568864" total="1048576" percent="54" />
    <arraylet-primitive objects="2" leaves="2" largest="1" />
    <remembered-set count="28384" freebytes="2481536" totalbytes="2595072" percent="95" regionsoverflowed="0" regionsstable="0" regionsrebuilding="0"/>
  </mem-info>
</gc-end>
<cycle-end id="525" type="partial gc" contextid="515" timestamp="2019-09-21T18:43:00.040" />
  <attribute name="elasticGC enabled" value="1" />
  <attribute name= "numThreadsSpecified" value="8" />
  <attribute name="heapSize specified" value="0" />
  <attribute name="Current GC Util" value="63" />
  <attribute name= "Current Time Running" value="1314" />
  <attribute name ="GC Interval" value="0" />
  <attribute name="Target GC Util Change" value ="40.000000" />
  <attribute name="Current GC Util Change" value="63.000000"/>
  <attribute name="Current Error" value="-23.000000" />
  <attribute name="Output H" value="64038792"/>
  <attribute name="Output I" value="1984"/>
  <attribute name="Output T" value="8"/>
  <attribute name= "Current Time Running" value="1314" />
  <attribute name="GC Util currently" value="63" />
  <attribute name="CPU Util currently" value="3179170742541" />
<exclusive-end id="526" timestamp="2019-09-21T18:43:00.041" durationms="9.077" />

<exclusive-start id="527" timestamp="2019-09-21T18:43:00.050" intervalms="18.014">
  <response-info timems="0.061" idlems="0.061" threads="0" lastid="0000000001EDF700" lastname="Thread-12" />
</exclusive-start>
<allocation-taxation id="528" taxation-threshold="20971520" timestamp="2019-09-21T18:43:00.050" intervalms="18.134" />
<cycle-start id="529" type="partial gc" contextid="0" timestamp="2019-09-21T18:43:00.050" intervalms="18.167" />
<gc-start id="530" type="partial gc" contextid="529" timestamp="2019-09-21T18:43:00.050">
  <mem-info id="531" free="0" total="65011712" percent="0">
    <mem type="eden" free="0" total="20971520" percent="0" />
    <arraylet-primitive objects="2" leaves="2" largest="1" />
    <remembered-set count="28128" freebytes="2482560" totalbytes="2595072" percent="95" regionsoverflowed="0" regionsstable="0" regionsrebuilding="0"/>
  </mem-info>
</gc-start>
<allocation-stats totalBytes="20968504" >
  <allocated-bytes non-tlh="0" tlh="20968504" arrayletleaf="0"/>
  <largest-consumer threadName="Thread-18" threadId="0000000001EE3300" bytes="4226448" />
</allocation-stats>
<gc-op id="532" type="mark" timems="4.036" contextid="529" timestamp="2019-09-21T18:43:00.055">
  <trace-info objectcount="25330" scancount="25330" scanbytes="885352" />
  <cardclean-info objects="16038" bytes="777664" />
  <remembered-set-cleared processed="21539" cleared="879" durationms="0.161" />
  <stringconstants candidates="4597" cleared="0"  />
  <warning details="Mark invoked due to insufficient free space for Copy-Forward" />
</gc-op>
<gc-op id="533" type="classunload" timems="0.002" contextid="529" timestamp="2019-09-21T18:43:00.055">
  <classunload-info classloadercandidates="8" classloadersunloaded="0" classesunloaded="0" anonymousclassesunloaded="0" quiescems="0.000" setupms="0.002" scanms="0.000" postms="0.000" />
</gc-op>
<gc-op id="534" type="sweep" timems="0.991" contextid="529" timestamp="2019-09-21T18:43:00.056" />
<gc-op id="535" type="compact" timems="3.122" contextid="529" timestamp="2019-09-21T18:43:00.060">
  <compact-info movecount="17989" movebytes="702912" />
  <remembered-set-cleared processed="43286" cleared="1954" durationms="0.161" />
</gc-op>
<heap-resize id="536" type="expand" space="default" amount="1048576" count="1" timems="0.054" reason="insufficient free space following gc" timestamp="2019-09-21T18:43:00.060" />
<gc-end id="537" type="partial gc" contextid="529" durationms="9.791" usertimems="20.000" systemtimems="0.000" timestamp="2019-09-21T18:43:00.060" activeThreads="8">
  <mem-info id="538" free="20971520" total="66060288" percent="31">
    <mem type="eden" free="639840" total="1048576" percent="61" />
    <arraylet-primitive objects="2" leaves="2" largest="1" />
    <remembered-set count="29344" freebytes="2519552" totalbytes="2636928" percent="95" regionsoverflowed="0" regionsstable="0" regionsrebuilding="0"/>
  </mem-info>
</gc-end>
<cycle-end id="539" type="partial gc" contextid="529" timestamp="2019-09-21T18:43:00.060" />
  <attribute name="elasticGC enabled" value="1" />
  <attribute name= "numThreadsSpecified" value="8" />
  <attribute name="heapSize specified" value="0" />
  <attribute name="Current GC Util" value="94" />
  <attribute name= "Current Time Running" value="1334" />
  <attribute name ="GC Interval" value="0" />
  <attribute name="Target GC Util Change" value ="40.000000" />
  <attribute name="Current GC Util Change" value="94.000000"/>
  <attribute name="Current Error" value="-298.000000" />
  <attribute name="Output H" value="65087048"/>
  <attribute name="Output I" value="1664"/>
  <attribute name="Output T" value="8"/>
  <attribute name= "Current Time Running" value="1334" />
  <attribute name="GC Util currently" value="94" />
  <attribute name="CPU Util currently" value="1839666094487" />
<exclusive-end id="540" timestamp="2019-09-21T18:43:00.060" durationms="10.898" />

<exclusive-start id="541" timestamp="2019-09-21T18:43:00.069" intervalms="19.926">
  <response-info timems="0.106" idlems="0.106" threads="0" lastid="0000000001EE6F00" lastname="Thread-13" />
</exclusive-start>
<allocation-taxation id="542" taxation-threshold="20971520" timestamp="2019-09-21T18:43:00.070" intervalms="19.870" />
<cycle-start id="543" type="partial gc" contextid="0" timestamp="2019-09-21T18:43:00.070" intervalms="19.856" />
<gc-start id="544" type="partial gc" contextid="543" timestamp="2019-09-21T18:43:00.070">
  <mem-info id="545" free="0" total="66060288" percent="0">
    <mem type="eden" free="0" total="20971520" percent="0" />
    <arraylet-primitive objects="2" leaves="2" largest="1" />
    <remembered-set count="29344" freebytes="2519552" totalbytes="2636928" percent="95" regionsoverflowed="0" regionsstable="0" regionsrebuilding="0"/>
  </mem-info>
</gc-start>
<allocation-stats totalBytes="20968640" >
  <allocated-bytes non-tlh="0" tlh="20968640" arrayletleaf="0"/>
  <largest-consumer threadName="Thread-13" threadId="0000000001EE6F00" bytes="4378000" />
</allocation-stats>
<gc-op id="546" type="mark" timems="3.124" contextid="543" timestamp="2019-09-21T18:43:00.074">
  <trace-info objectcount="29336" scancount="29336" scanbytes="1118516" />
  <cardclean-info objects="11864" bytes="581576" />
  <remembered-set-cleared processed="22934" cleared="903" durationms="0.157" />
  <stringconstants candidates="4597" cleared="0"  />
  <warning details="Mark invoked due to insufficient free space for Copy-Forward" />
</gc-op>
<gc-op id="547" type="classunload" timems="0.003" contextid="543" timestamp="2019-09-21T18:43:00.074">
  <classunload-info classloadercandidates="8" classloadersunloaded="0" classesunloaded="0" anonymousclassesunloaded="0" quiescems="0.000" setupms="0.002" scanms="0.000" postms="0.000" />
</gc-op>
<gc-op id="548" type="sweep" timems="0.450" contextid="543" timestamp="2019-09-21T18:43:00.074" />
<gc-op id="549" type="compact" timems="2.172" contextid="543" timestamp="2019-09-21T18:43:00.077">
  <compact-info movecount="19226" movebytes="738208" />
  <remembered-set-cleared processed="46127" cleared="2039" durationms="0.157" />
</gc-op>
<heap-resize id="550" type="expand" space="default" amount="2097152" count="1" timems="0.068" reason="insufficient free space following gc" timestamp="2019-09-21T18:43:00.077" />
<gc-end id="551" type="partial gc" contextid="543" durationms="7.321" usertimems="8.000" systemtimems="8.000" timestamp="2019-09-21T18:43:00.077" activeThreads="8">
  <mem-info id="552" free="22020096" total="68157440" percent="32">
    <mem type="eden" free="332288" total="1048576" percent="31" />
    <arraylet-primitive objects="2" leaves="2" largest="1" />
    <remembered-set count="30816" freebytes="2597376" totalbytes="2720640" percent="95" regionsoverflowed="0" regionsstable="0" regionsrebuilding="0"/>
  </mem-info>
</gc-end>
<cycle-end id="553" type="partial gc" contextid="543" timestamp="2019-09-21T18:43:00.077" />
  <attribute name="elasticGC enabled" value="1" />
  <attribute name= "numThreadsSpecified" value="8" />
  <attribute name="heapSize specified" value="0" />
  <attribute name="Current GC Util" value="69" />
  <attribute name= "Current Time Running" value="1352" />
  <attribute name ="GC Interval" value="0" />
  <attribute name="Target GC Util Change" value ="40.000000" />
  <attribute name="Current GC Util Change" value="69.000000"/>
  <attribute name="Current Error" value="-202.000000" />
  <attribute name="Output H" value="66135736"/>
  <attribute name="Output I" value="1776"/>
  <attribute name="Output T" value="8"/>
  <attribute name= "Current Time Running" value="1352" />
  <attribute name="GC Util currently" value="69" />
  <attribute name="CPU Util currently" value="3379069156389" />
<exclusive-end id="554" timestamp="2019-09-21T18:43:00.078" durationms="8.228" />

<exclusive-start id="555" timestamp="2019-09-21T18:43:00.088" intervalms="18.003">
  <response-info timems="0.131" idlems="0.131" threads="0" lastid="0000000001EDF700" lastname="Thread-12" />
</exclusive-start>
<allocation-taxation id="556" taxation-threshold="22020096" timestamp="2019-09-21T18:43:00.088" intervalms="18.013" />
<cycle-start id="557" type="partial gc" contextid="0" timestamp="2019-09-21T18:43:00.088" intervalms="18.068" />
<gc-start id="558" type="partial gc" contextid="557" timestamp="2019-09-21T18:43:00.088">
  <mem-info id="559" free="0" total="68157440" percent="0">
    <mem type="eden" free="0" total="22020096" percent="0" />
    <arraylet-primitive objects="2" leaves="2" largest="1" />
    <remembered-set count="30688" freebytes="2597888" totalbytes="2720640" percent="95" regionsoverflowed="0" regionsstable="0" regionsrebuilding="0"/>
  </mem-info>
</gc-start>
<allocation-stats totalBytes="22017344" >
  <allocated-bytes non-tlh="0" tlh="22017344" arrayletleaf="0"/>
  <largest-consumer threadName="Thread-13" threadId="0000000001EE6F00" bytes="4615576" />
</allocation-stats>
<gc-op id="560" type="mark" timems="1.728" contextid="557" timestamp="2019-09-21T18:43:00.090">
  <trace-info objectcount="24335" scancount="24335" scanbytes="860592" />
  <cardclean-info objects="10920" bytes="537432" />
  <remembered-set-cleared processed="23993" cleared="979" durationms="0.134" />
  <stringconstants candidates="4597" cleared="0"  />
  <warning details="Mark invoked due to insufficient free space for Copy-Forward" />
</gc-op>
<gc-op id="561" type="classunload" timems="0.002" contextid="557" timestamp="2019-09-21T18:43:00.090">
  <classunload-info classloadercandidates="8" classloadersunloaded="0" classesunloaded="0" anonymousclassesunloaded="0" quiescems="0.000" setupms="0.002" scanms="0.000" postms="0.000" />
</gc-op>
<gc-op id="562" type="sweep" timems="0.432" contextid="557" timestamp="2019-09-21T18:43:00.091" />
<gc-op id="563" type="compact" timems="2.502" contextid="557" timestamp="2019-09-21T18:43:00.094">
  <compact-info movecount="15160" movebytes="560024" />
  <remembered-set-cleared processed="48178" cleared="2131" durationms="0.134" />
</gc-op>
<heap-resize id="564" type="expand" space="default" amount="1048576" count="1" timems="0.051" reason="insufficient free space following gc" timestamp="2019-09-21T18:43:00.094" />
<gc-end id="565" type="partial gc" contextid="557" durationms="6.027" usertimems="4.000" systemtimems="8.000" timestamp="2019-09-21T18:43:00.094" activeThreads="8">
  <mem-info id="566" free="22020096" total="69206016" percent="31">
    <mem type="eden" free="898160" total="1048576" percent="85" />
    <arraylet-primitive objects="2" leaves="2" largest="1" />
    <remembered-set count="31872" freebytes="2635008" totalbytes="2762496" percent="95" regionsoverflowed="0" regionsstable="0" regionsrebuilding="0"/>
  </mem-info>
</gc-end>
<cycle-end id="567" type="partial gc" contextid="557" timestamp="2019-09-21T18:43:00.094" />
  <attribute name="elasticGC enabled" value="1" />
  <attribute name= "numThreadsSpecified" value="8" />
  <attribute name="heapSize specified" value="0" />
  <attribute name="Current GC Util" value="89" />
  <attribute name= "Current Time Running" value="1369" />
  <attribute name ="GC Interval" value="0" />
  <attribute name="Target GC Util Change" value ="40.000000" />
  <attribute name="Current GC Util Change" value="89.000000"/>
  <attribute name="Current Error" value="-49.000000" />
  <attribute name="Output H" value="68233064"/>
  <attribute name="Output I" value="1952"/>
  <attribute name="Output T" value="8"/>
  <attribute name= "Current Time Running" value="1369" />
  <attribute name="GC Util currently" value="89" />
  <attribute name="CPU Util currently" value="3584620528961" />
<exclusive-end id="568" timestamp="2019-09-21T18:43:00.094" durationms="6.954" />

<exclusive-start id="569" timestamp="2019-09-21T18:43:00.104" intervalms="16.165">
  <response-info timems="0.104" idlems="0.104" threads="0" lastid="0000000001EE3300" lastname="Thread-18" />
</exclusive-start>
<allocation-taxation id="570" taxation-threshold="22020096" timestamp="2019-09-21T18:43:00.104" intervalms="16.209" />
<cycle-start id="571" type="partial gc" contextid="0" timestamp="2019-09-21T18:43:00.104" intervalms="16.182" />
<gc-start id="572" type="partial gc" contextid="571" timestamp="2019-09-21T18:43:00.104">
  <mem-info id="573" free="0" total="69206016" percent="0">
    <mem type="eden" free="0" total="22020096" percent="0" />
    <arraylet-primitive objects="2" leaves="2" largest="1" />
    <remembered-set count="31520" freebytes="2636416" totalbytes="2762496" percent="95" regionsoverflowed="0" regionsstable="0" regionsrebuilding="0"/>
  </mem-info>
</gc-start>
<allocation-stats totalBytes="22017296" >
  <allocated-bytes non-tlh="0" tlh="22017296" arrayletleaf="0"/>
  <largest-consumer threadName="Thread-15" threadId="0000000001EEAB00" bytes="4562376" />
</allocation-stats>
<gc-op id="574" type="mark" timems="2.174" contextid="571" timestamp="2019-09-21T18:43:00.107">
  <trace-info objectcount="29011" scancount="29011" scanbytes="1110148" />
  <cardclean-info objects="12464" bytes="610408" />
  <remembered-set-cleared processed="24934" cleared="824" durationms="0.137" />
  <stringconstants candidates="4597" cleared="0"  />
  <warning details="Mark invoked due to insufficient free space for Copy-Forward" />
</gc-op>
<gc-op id="575" type="classunload" timems="0.002" contextid="571" timestamp="2019-09-21T18:43:00.107">
  <classunload-info classloadercandidates="8" classloadersunloaded="0" classesunloaded="0" anonymousclassesunloaded="0" quiescems="0.000" setupms="0.002" scanms="0.000" postms="0.000" />
</gc-op>
<gc-op id="576" type="sweep" timems="0.594" contextid="571" timestamp="2019-09-21T18:43:00.108" />
<gc-op id="577" type="compact" timems="4.508" contextid="571" timestamp="2019-09-21T18:43:00.113">
  <compact-info movecount="24791" movebytes="1008880" />
  <remembered-set-cleared processed="50130" cleared="1901" durationms="0.140" />
</gc-op>
<heap-resize id="578" type="expand" space="default" amount="2097152" count="1" timems="0.068" reason="insufficient free space following gc" timestamp="2019-09-21T18:43:00.113" />
<gc-end id="579" type="partial gc" contextid="571" durationms="8.963" usertimems="12.000" systemtimems="4.000" timestamp="2019-09-21T18:43:00.113" activeThreads="8">
  <mem-info id="580" free="23068672" total="71303168" percent="32">
    <mem type="eden" free="84296" total="1048576" percent="8" />
    <arraylet-primitive objects="2" leaves="2" largest="1" />
    <remembered-set count="32032" freebytes="2718080" totalbytes="2846208" percent="95" regionsoverflowed="0" regionsstable="0" regionsrebuilding="0"/>
  </mem-info>
</gc-end>
<cycle-end id="581" type="partial gc" contextid="571" timestamp="2019-09-21T18:43:00.113" />
  <attribute name="elasticGC enabled" value="1" />
  <attribute name= "numThreadsSpecified" value="8" />
  <attribute name="heapSize specified" value="0" />
  <attribute name="Current GC Util" value="97" />
  <attribute name= "Current Time Running" value="1386" />
  <attribute name ="GC Interval" value="0" />
  <attribute name="Target GC Util Change" value ="40.000000" />
  <attribute name="Current GC Util Change" value="97.000000"/>
  <attribute name="Current Error" value="-338.000000" />
  <attribute name="Output H" value="69281312"/>
  <attribute name="Output I" value="1624"/>
  <attribute name="Output T" value="8"/>
  <attribute name= "Current Time Running" value="1386" />
  <attribute name="GC Util currently" value="97" />
  <attribute name="CPU Util currently" value="2640073690425" />
<exclusive-end id="582" timestamp="2019-09-21T18:43:00.114" durationms="9.985" />

<exclusive-start id="583" timestamp="2019-09-21T18:43:00.124" intervalms="20.326">
  <response-info timems="0.067" idlems="0.067" threads="0" lastid="0000000001EEE700" lastname="Thread-11" />
</exclusive-start>
<allocation-taxation id="584" taxation-threshold="23068672" timestamp="2019-09-21T18:43:00.124" intervalms="20.335" />
<cycle-start id="585" type="partial gc" contextid="0" timestamp="2019-09-21T18:43:00.124" intervalms="20.359" />
<gc-start id="586" type="partial gc" contextid="585" timestamp="2019-09-21T18:43:00.125">
  <mem-info id="587" free="0" total="71303168" percent="0">
    <mem type="eden" free="0" total="23068672" percent="0" />
    <arraylet-primitive objects="2" leaves="2" largest="1" />
    <remembered-set count="32032" freebytes="2718080" totalbytes="2846208" percent="95" regionsoverflowed="0" regionsstable="0" regionsrebuilding="0"/>
  </mem-info>
</gc-start>
<allocation-stats totalBytes="23065472" >
  <allocated-bytes non-tlh="0" tlh="23065472" arrayletleaf="0"/>
  <largest-consumer threadName="Thread-18" threadId="0000000001EE3300" bytes="4922656" />
</allocation-stats>
<gc-op id="588" type="mark" timems="1.907" contextid="585" timestamp="2019-09-21T18:43:00.127">
  <trace-info objectcount="29047" scancount="29047" scanbytes="1111284" />
  <cardclean-info objects="10366" bytes="507576" />
  <remembered-set-cleared processed="26011" cleared="778" durationms="0.135" />
  <stringconstants candidates="4597" cleared="0"  />
  <warning details="Mark invoked due to insufficient free space for Copy-Forward" />
</gc-op>
<gc-op id="589" type="classunload" timems="0.002" contextid="585" timestamp="2019-09-21T18:43:00.127">
  <classunload-info classloadercandidates="8" classloadersunloaded="0" classesunloaded="0" anonymousclassesunloaded="0" quiescems="0.000" setupms="0.002" scanms="0.000" postms="0.000" />
</gc-op>
<gc-op id="590" type="sweep" timems="0.415" contextid="585" timestamp="2019-09-21T18:43:00.128" />
<gc-op id="591" type="compact" timems="3.095" contextid="585" timestamp="2019-09-21T18:43:00.131">
  <compact-info movecount="28929" movebytes="1108464" />
  <remembered-set-cleared processed="52249" cleared="1765" durationms="0.135" />
</gc-op>
<heap-resize id="592" type="expand" space="default" amount="1048576" count="1" timems="0.063" reason="insufficient free space following gc" timestamp="2019-09-21T18:43:00.131" />
<gc-end id="593" type="partial gc" contextid="585" durationms="6.906" usertimems="12.000" systemtimems="0.000" timestamp="2019-09-21T18:43:00.131" activeThreads="8">
  <mem-info id="594" free="23068672" total="72351744" percent="31">
    <mem type="eden" free="896040" total="1048576" percent="85" />
    <arraylet-primitive objects="2" leaves="2" largest="1" />
    <remembered-set count="33824" freebytes="2752768" totalbytes="2888064" percent="95" regionsoverflowed="0" regionsstable="0" regionsrebuilding="0"/>
  </mem-info>
</gc-end>
<cycle-end id="595" type="partial gc" contextid="585" timestamp="2019-09-21T18:43:00.132" />
  <attribute name="elasticGC enabled" value="1" />
  <attribute name= "numThreadsSpecified" value="8" />
  <attribute name="heapSize specified" value="0" />
  <attribute name="Current GC Util" value="71" />
  <attribute name= "Current Time Running" value="1406" />
  <attribute name ="GC Interval" value="0" />
  <attribute name="Target GC Util Change" value ="40.000000" />
  <attribute name="Current GC Util Change" value="71.000000"/>
  <attribute name="Current Error" value="-239.000000" />
  <attribute name="Output H" value="71378576"/>
  <attribute name="Output I" value="1736"/>
  <attribute name="Output T" value="8"/>
  <attribute name= "Current Time Running" value="1406" />
  <attribute name="GC Util currently" value="71" />
  <attribute name="CPU Util currently" value="3623550914851" />
<exclusive-end id="596" timestamp="2019-09-21T18:43:00.132" durationms="7.886" />

<exclusive-start id="597" timestamp="2019-09-21T18:43:00.142" intervalms="18.103">
  <response-info timems="0.064" idlems="0.064" threads="0" lastid="0000000001EDF700" lastname="Thread-12" />
</exclusive-start>
<allocation-taxation id="598" taxation-threshold="23068672" timestamp="2019-09-21T18:43:00.142" intervalms="18.033" />
<cycle-start id="599" type="partial gc" contextid="0" timestamp="2019-09-21T18:43:00.142" intervalms="17.979" />
<gc-start id="600" type="partial gc" contextid="599" timestamp="2019-09-21T18:43:00.143">
  <mem-info id="601" free="0" total="72351744" percent="0">
    <mem type="eden" free="0" total="23068672" percent="0" />
    <arraylet-primitive objects="2" leaves="2" largest="1" />
    <remembered-set count="33824" freebytes="2752768" totalbytes="2888064" percent="95" regionsoverflowed="0" regionsstable="0" regionsrebuilding="0"/>
  </mem-info>
</gc-start>
<allocation-stats totalBytes="23065840" >
  <allocated-bytes non-tlh="0" tlh="23065840" arrayletleaf="0"/>
  <largest-consumer threadName="Thread-15" threadId="0000000001EEAB00" bytes="4947208" />
</allocation-stats>
<gc-op id="602" type="mark" timems="1.503" contextid="599" timestamp="2019-09-21T18:43:00.145">
  <trace-info objectcount="9935" scancount="9935" scanbytes="241416" />
  <cardclean-info objects="12942" bytes="621768" />
  <remembered-set-cleared processed="26904" cleared="778" durationms="0.124" />
  <stringconstants candidates="4597" cleared="0"  />
  <warning details="Mark invoked due to insufficient free space for Copy-Forward" />
</gc-op>
<gc-op id="603" type="classunload" timems="0.002" contextid="599" timestamp="2019-09-21T18:43:00.145">
  <classunload-info classloadercandidates="8" classloadersunloaded="0" classesunloaded="0" anonymousclassesunloaded="0" quiescems="0.000" setupms="0.002" scanms="0.000" postms="0.000" />
</gc-op>
<gc-op id="604" type="sweep" timems="0.371" contextid="599" timestamp="2019-09-21T18:43:00.145" />
<gc-op id="605" type="compact" timems="1.912" contextid="599" timestamp="2019-09-21T18:43:00.147">
  <compact-info movecount="7498" movebytes="182928" />
  <remembered-set-cleared processed="53988" cleared="1720" durationms="0.124" />
</gc-op>
<heap-resize id="606" type="expand" space="default" amount="2097152" count="1" timems="0.057" reason="insufficient free space following gc" timestamp="2019-09-21T18:43:00.148" />
<gc-end id="607" type="partial gc" contextid="599" durationms="5.374" usertimems="12.000" systemtimems="0.000" timestamp="2019-09-21T18:43:00.148" activeThreads="8">
  <mem-info id="608" free="24117248" total="74448896" percent="32">
    <mem type="eden" free="956504" total="1048576" percent="91" />
    <arraylet-primitive objects="2" leaves="2" largest="1" />
    <remembered-set count="34784" freebytes="2832640" totalbytes="2971776" percent="95" regionsoverflowed="0" regionsstable="0" regionsrebuilding="0"/>
  </mem-info>
</gc-end>
<cycle-end id="609" type="partial gc" contextid="599" timestamp="2019-09-21T18:43:00.148" />
  <attribute name="elasticGC enabled" value="1" />
  <attribute name= "numThreadsSpecified" value="8" />
  <attribute name="heapSize specified" value="0" />
  <attribute name="Current GC Util" value="72" />
  <attribute name= "Current Time Running" value="1423" />
  <attribute name ="GC Interval" value="0" />
  <attribute name="Target GC Util Change" value ="40.000000" />
  <attribute name="Current GC Util Change" value="72.000000"/>
  <attribute name="Current Error" value="-32.000000" />
  <attribute name="Output H" value="72427392"/>
  <attribute name="Output I" value="1976"/>
  <attribute name="Output T" value="8"/>
  <attribute name= "Current Time Running" value="1423" />
  <attribute name="GC Util currently" value="72" />
  <attribute name="CPU Util currently" value="3998243498440" />
<exclusive-end id="610" timestamp="2019-09-21T18:43:00.148" durationms="6.280" />

<exclusive-start id="611" timestamp="2019-09-21T18:43:00.159" intervalms="17.061">
  <response-info timems="0.105" idlems="0.105" threads="0" lastid="0000000001EE6F00" lastname="Thread-13" />
</exclusive-start>
<allocation-taxation id="612" taxation-threshold="24117248" timestamp="2019-09-21T18:43:00.159" intervalms="17.115" />
<cycle-start id="613" type="partial gc" contextid="0" timestamp="2019-09-21T18:43:00.160" intervalms="17.118" />
<gc-start id="614" type="partial gc" contextid="613" timestamp="2019-09-21T18:43:00.160">
  <mem-info id="615" free="0" total="74448896" percent="0">
    <mem type="eden" free="0" total="24117248" percent="0" />
    <arraylet-primitive objects="2" leaves="2" largest="1" />
    <remembered-set count="34752" freebytes="2832768" totalbytes="2971776" percent="95" regionsoverflowed="0" regionsstable="0" regionsrebuilding="0"/>
  </mem-info>
</gc-start>
<allocation-stats totalBytes="24113944" >
  <allocated-bytes non-tlh="0" tlh="24113944" arrayletleaf="0"/>
  <largest-consumer threadName="Thread-18" threadId="0000000001EE3300" bytes="5152072" />
</allocation-stats>
<gc-op id="616" type="mark" timems="2.002" contextid="613" timestamp="2019-09-21T18:43:00.162">
  <trace-info objectcount="39415" scancount="39415" scanbytes="1498648" />
  <cardclean-info objects="16000" bytes="781480" />
  <remembered-set-cleared processed="27398" cleared="2108" durationms="0.157" />
  <stringconstants candidates="4597" cleared="0"  />
  <warning details="Mark invoked due to insufficient free space for Copy-Forward" />
</gc-op>
<gc-op id="617" type="classunload" timems="0.002" contextid="613" timestamp="2019-09-21T18:43:00.162">
  <classunload-info classloadercandidates="8" classloadersunloaded="0" classesunloaded="0" anonymousclassesunloaded="0" quiescems="0.000" setupms="0.002" scanms="0.000" postms="0.000" />
</gc-op>
<gc-op id="618" type="sweep" timems="0.389" contextid="613" timestamp="2019-09-21T18:43:00.163" />
<gc-op id="619" type="compact" timems="2.736" contextid="613" timestamp="2019-09-21T18:43:00.166">
  <compact-info movecount="26518" movebytes="1053224" />
  <remembered-set-cleared processed="55068" cleared="4469" durationms="0.157" />
</gc-op>
<heap-resize id="620" type="expand" space="default" amount="1048576" count="1" timems="0.061" reason="insufficient free space following gc" timestamp="2019-09-21T18:43:00.166" />
<gc-end id="621" type="partial gc" contextid="613" durationms="6.733" usertimems="12.000" systemtimems="4.000" timestamp="2019-09-21T18:43:00.166" activeThreads="8">
  <mem-info id="622" free="24117248" total="75497472" percent="31">
    <mem type="eden" free="594736" total="1048576" percent="56" />
    <arraylet-primitive objects="2" leaves="2" largest="1" />
    <remembered-set count="37056" freebytes="2865408" totalbytes="3013632" percent="95" regionsoverflowed="0" regionsstable="0" regionsrebuilding="0"/>
  </mem-info>
</gc-end>
<cycle-end id="623" type="partial gc" contextid="613" timestamp="2019-09-21T18:43:00.167" />
  <attribute name="elasticGC enabled" value="1" />
  <attribute name= "numThreadsSpecified" value="8" />
  <attribute name="heapSize specified" value="0" />
  <attribute name="Current GC Util" value="78" />
  <attribute name= "Current Time Running" value="1441" />
  <attribute name ="GC Interval" value="0" />
  <attribute name="Target GC Util Change" value ="40.000000" />
  <attribute name="Current GC Util Change" value="78.000000"/>
  <attribute name="Current Error" value="-303.000000" />
  <attribute name="Output H" value="74524232"/>
  <attribute name="Output I" value="1664"/>
  <attribute name="Output T" value="8"/>
  <attribute name= "Current Time Running" value="1441" />
  <attribute name="GC Util currently" value="78" />
  <attribute name="CPU Util currently" value="3866347077422" />
<exclusive-end id="624" timestamp="2019-09-21T18:43:00.167" durationms="7.655" />

<exclusive-start id="625" timestamp="2019-09-21T18:43:00.178" intervalms="19.054">
  <response-info timems="0.123" idlems="0.123" threads="0" lastid="0000000001EEE700" lastname="Thread-11" />
</exclusive-start>
<allocation-taxation id="626" taxation-threshold="24117248" timestamp="2019-09-21T18:43:00.178" intervalms="19.004" />
<cycle-start id="627" type="partial gc" contextid="0" timestamp="2019-09-21T18:43:00.179" intervalms="19.033" />
<gc-start id="628" type="partial gc" contextid="627" timestamp="2019-09-21T18:43:00.179">
  <mem-info id="629" free="0" total="75497472" percent="0">
    <mem type="eden" free="0" total="24117248" percent="0" />
    <arraylet-primitive objects="2" leaves="2" largest="1" />
    <remembered-set count="36640" freebytes="2867072" totalbytes="3013632" percent="95" regionsoverflowed="0" regionsstable="0" regionsrebuilding="0"/>
  </mem-info>
</gc-start>
<allocation-stats totalBytes="24113688" >
  <allocated-bytes non-tlh="0" tlh="24113688" arrayletleaf="0"/>
  <largest-consumer threadName="Thread-18" threadId="0000000001EE3300" bytes="5127496" />
</allocation-stats>
<gc-op id="630" type="mark" timems="2.109" contextid="627" timestamp="2019-09-21T18:43:00.181">
  <trace-info objectcount="46867" scancount="46867" scanbytes="1813484" />
  <cardclean-info objects="14340" bytes="705936" />
  <remembered-set-cleared processed="28297" cleared="2576" durationms="0.169" />
  <stringconstants candidates="4597" cleared="0"  />
  <warning details="Mark invoked due to insufficient free space for Copy-Forward" />
</gc-op>
<gc-op id="631" type="classunload" timems="0.003" contextid="627" timestamp="2019-09-21T18:43:00.182">
  <classunload-info classloadercandidates="8" classloadersunloaded="0" classesunloaded="0" anonymousclassesunloaded="0" quiescems="0.000" setupms="0.002" scanms="0.000" postms="0.000" />
</gc-op>
<gc-op id="632" type="sweep" timems="0.400" contextid="627" timestamp="2019-09-21T18:43:00.182" />
<gc-op id="633" type="compact" timems="3.127" contextid="627" timestamp="2019-09-21T18:43:00.185">
  <compact-info movecount="40492" movebytes="1660504" />
  <remembered-set-cleared processed="56447" cleared="4983" durationms="0.169" />
</gc-op>
<heap-resize id="634" type="expand" space="default" amount="1048576" count="1" timems="0.056" reason="insufficient free space following gc" timestamp="2019-09-21T18:43:00.186" />
<gc-end id="635" type="partial gc" contextid="627" durationms="7.176" usertimems="12.000" systemtimems="4.000" timestamp="2019-09-21T18:43:00.186" activeThreads="8">
  <mem-info id="636" free="24117248" total="76546048" percent="31">
    <mem type="eden" free="372480" total="1048576" percent="35" />
    <arraylet-primitive objects="2" leaves="2" largest="1" />
    <remembered-set count="36960" freebytes="2907648" totalbytes="3055488" percent="95" regionsoverflowed="0" regionsstable="0" regionsrebuilding="0"/>
  </mem-info>
</gc-end>
<cycle-end id="637" type="partial gc" contextid="627" timestamp="2019-09-21T18:43:00.186" />
  <attribute name="elasticGC enabled" value="1" />
  <attribute name= "numThreadsSpecified" value="8" />
  <attribute name="heapSize specified" value="0" />
  <attribute name="Current GC Util" value="80" />
  <attribute name= "Current Time Running" value="1460" />
  <attribute name ="GC Interval" value="0" />
  <attribute name="Target GC Util Change" value ="40.000000" />
  <attribute name="Current GC Util Change" value="80.000000"/>
  <attribute name="Current Error" value="-265.000000" />
  <attribute name="Output H" value="75572848"/>
  <attribute name="Output I" value="1704"/>
  <attribute name="Output T" value="8"/>
  <attribute name= "Current Time Running" value="1460" />
  <attribute name="GC Util currently" value="80" />
  <attribute name="CPU Util currently" value="3799266129433" />
<exclusive-end id="638" timestamp="2019-09-21T18:43:00.186" durationms="8.188" />

<exclusive-start id="639" timestamp="2019-09-21T18:43:00.201" intervalms="22.906">
  <response-info timems="0.092" idlems="0.092" threads="0" lastid="0000000001EE3300" lastname="Thread-18" />
</exclusive-start>
<allocation-taxation id="640" taxation-threshold="24117248" timestamp="2019-09-21T18:43:00.201" intervalms="22.942" />
<cycle-start id="641" type="partial gc" contextid="0" timestamp="2019-09-21T18:43:00.201" intervalms="22.893" />
<gc-start id="642" type="partial gc" contextid="641" timestamp="2019-09-21T18:43:00.202">
  <mem-info id="643" free="0" total="76546048" percent="0">
    <mem type="eden" free="0" total="24117248" percent="0" />
    <arraylet-primitive objects="2" leaves="2" largest="1" />
    <remembered-set count="36608" freebytes="2909056" totalbytes="3055488" percent="95" regionsoverflowed="0" regionsstable="0" regionsrebuilding="0"/>
  </mem-info>
</gc-start>
<allocation-stats totalBytes="24113624" >
  <allocated-bytes non-tlh="0" tlh="24113624" arrayletleaf="0"/>
  <largest-consumer threadName="Thread-11" threadId="0000000001EEE700" bytes="5844232" />
</allocation-stats>
<gc-op id="644" type="mark" timems="2.000" contextid="641" timestamp="2019-09-21T18:43:00.204">
  <trace-info objectcount="37148" scancount="37148" scanbytes="1442792" />
  <cardclean-info objects="11521" bytes="570072" />
  <remembered-set-cleared processed="29649" cleared="1002" durationms="0.168" />
  <stringconstants candidates="4597" cleared="0"  />
  <warning details="Mark invoked due to insufficient free space for Copy-Forward" />
</gc-op>
<gc-op id="645" type="classunload" timems="0.003" contextid="641" timestamp="2019-09-21T18:43:00.204">
  <classunload-info classloadercandidates="8" classloadersunloaded="0" classesunloaded="0" anonymousclassesunloaded="0" quiescems="0.000" setupms="0.003" scanms="0.000" postms="0.000" />
</gc-op>
<gc-op id="646" type="sweep" timems="0.433" contextid="641" timestamp="2019-09-21T18:43:00.205" />
<gc-op id="647" type="compact" timems="3.015" contextid="641" timestamp="2019-09-21T18:43:00.208">
  <compact-info movecount="36311" movebytes="1422720" />
  <remembered-set-cleared processed="59603" cleared="2287" durationms="0.168" />
</gc-op>
<heap-resize id="648" type="expand" space="default" amount="2097152" count="1" timems="0.060" reason="insufficient free space following gc" timestamp="2019-09-21T18:43:00.208" />
<gc-end id="649" type="partial gc" contextid="641" durationms="6.872" usertimems="16.000" systemtimems="0.000" timestamp="2019-09-21T18:43:00.209" activeThreads="8">
  <mem-info id="650" free="25165824" total="78643200" percent="32">
    <mem type="eden" free="274984" total="1048576" percent="26" />
    <arraylet-primitive objects="2" leaves="2" largest="1" />
    <remembered-set count="38656" freebytes="2984576" totalbytes="3139200" percent="95" regionsoverflowed="0" regionsstable="0" regionsrebuilding="0"/>
  </mem-info>
</gc-end>
<cycle-end id="651" type="partial gc" contextid="641" timestamp="2019-09-21T18:43:00.209" />
  <attribute name="elasticGC enabled" value="1" />
  <attribute name= "numThreadsSpecified" value="8" />
  <attribute name="heapSize specified" value="0" />
  <attribute name="Current GC Util" value="76" />
  <attribute name= "Current Time Running" value="1483" />
  <attribute name ="GC Interval" value="0" />
  <attribute name="Target GC Util Change" value ="40.000000" />
  <attribute name="Current GC Util Change" value="76.000000"/>
  <attribute name="Current Error" value="-36.000000" />
  <attribute name="Output H" value="76621688"/>
  <attribute name="Output I" value="1968"/>
  <attribute name="Output T" value="8"/>
  <attribute name= "Current Time Running" value="1483" />
  <attribute name="GC Util currently" value="76" />
  <attribute name="CPU Util currently" value="3586694728187" />
<exclusive-end id="652" timestamp="2019-09-21T18:43:00.209" durationms="7.732" />

<exclusive-start id="653" timestamp="2019-09-21T18:43:00.226" intervalms="24.554">
  <response-info timems="0.204" idlems="0.204" threads="0" lastid="0000000001EE6F00" lastname="Thread-13" />
</exclusive-start>
<allocation-taxation id="654" taxation-threshold="25165824" timestamp="2019-09-21T18:43:00.226" intervalms="24.450" />
<cycle-start id="655" type="partial gc" contextid="0" timestamp="2019-09-21T18:43:00.226" intervalms="24.429" />
<gc-start id="656" type="partial gc" contextid="655" timestamp="2019-09-21T18:43:00.226">
  <mem-info id="657" free="0" total="78643200" percent="0">
    <mem type="eden" free="0" total="25165824" percent="0" />
    <arraylet-primitive objects="2" leaves="2" largest="1" />
    <remembered-set count="38496" freebytes="2985216" totalbytes="3139200" percent="95" regionsoverflowed="0" regionsstable="0" regionsrebuilding="0"/>
  </mem-info>
</gc-start>
<allocation-stats totalBytes="25162648" >
  <allocated-bytes non-tlh="0" tlh="25162648" arrayletleaf="0"/>
  <largest-consumer threadName="Thread-12" threadId="0000000001EDF700" bytes="6090032" />
</allocation-stats>
<gc-op id="658" type="mark" timems="2.012" contextid="655" timestamp="2019-09-21T18:43:00.229">
  <trace-info objectcount="43324" scancount="43324" scanbytes="1729548" />
  <cardclean-info objects="10375" bytes="520248" />
  <remembered-set-cleared processed="30761" cleared="1073" durationms="0.126" />
  <stringconstants candidates="4597" cleared="0"  />
  <warning details="Mark invoked due to insufficient free space for Copy-Forward" />
</gc-op>
<gc-op id="659" type="classunload" timems="0.003" contextid="655" timestamp="2019-09-21T18:43:00.229">
  <classunload-info classloadercandidates="8" classloadersunloaded="0" classesunloaded="0" anonymousclassesunloaded="0" quiescems="0.000" setupms="0.003" scanms="0.000" postms="0.000" />
</gc-op>
<gc-op id="660" type="sweep" timems="0.378" contextid="655" timestamp="2019-09-21T18:43:00.229" />
<gc-op id="661" type="compact" timems="3.257" contextid="655" timestamp="2019-09-21T18:43:00.233">
  <compact-info movecount="39171" movebytes="1629760" />
  <remembered-set-cleared processed="61852" cleared="2456" durationms="0.141" />
</gc-op>
<heap-resize id="662" type="expand" space="default" amount="1048576" count="1" timems="0.055" reason="insufficient free space following gc" timestamp="2019-09-21T18:43:00.233" />
<gc-end id="663" type="partial gc" contextid="655" durationms="6.851" usertimems="16.000" systemtimems="0.000" timestamp="2019-09-21T18:43:00.233" activeThreads="8">
  <mem-info id="664" free="25165824" total="79691776" percent="31">
    <mem type="eden" free="84648" total="1048576" percent="8" />
    <arraylet-primitive objects="2" leaves="2" largest="1" />
    <remembered-set count="38784" freebytes="3025920" totalbytes="3181056" percent="95" regionsoverflowed="0" regionsstable="0" regionsrebuilding="0"/>
  </mem-info>
</gc-end>
<cycle-end id="665" type="partial gc" contextid="655" timestamp="2019-09-21T18:43:00.233" />
  <attribute name="elasticGC enabled" value="1" />
  <attribute name= "numThreadsSpecified" value="8" />
  <attribute name="heapSize specified" value="0" />
  <attribute name="Current GC Util" value="91" />
  <attribute name= "Current Time Running" value="1507" />
  <attribute name ="GC Interval" value="0" />
  <attribute name="Target GC Util Change" value ="40.000000" />
  <attribute name="Current GC Util Change" value="91.000000"/>
  <attribute name="Current Error" value="-399.000000" />
  <attribute name="Output H" value="78718424"/>
  <attribute name="Output I" value="1552"/>
  <attribute name="Output T" value="8"/>
  <attribute name= "Current Time Running" value="1507" />
  <attribute name="GC Util currently" value="91" />
  <attribute name="CPU Util currently" value="4237388958897" />
<exclusive-end id="666" timestamp="2019-09-21T18:43:00.233" durationms="7.627" />

<exclusive-start id="667" timestamp="2019-09-21T18:43:00.248" intervalms="22.459">
  <response-info timems="0.230" idlems="0.127" threads="1" lastid="0000000001EDBB00" lastname="Thread-16" />
</exclusive-start>
<allocation-taxation id="668" taxation-threshold="25165824" timestamp="2019-09-21T18:43:00.248" intervalms="22.514" />
<cycle-start id="669" type="partial gc" contextid="0" timestamp="2019-09-21T18:43:00.248" intervalms="22.547" />
<gc-start id="670" type="partial gc" contextid="669" timestamp="2019-09-21T18:43:00.249">
  <mem-info id="671" free="0" total="79691776" percent="0">
    <mem type="eden" free="0" total="25165824" percent="0" />
    <arraylet-primitive objects="2" leaves="2" largest="1" />
    <remembered-set count="38784" freebytes="3025920" totalbytes="3181056" percent="95" regionsoverflowed="0" regionsstable="0" regionsrebuilding="0"/>
  </mem-info>
</gc-start>
<allocation-stats totalBytes="25162464" >
  <allocated-bytes non-tlh="0" tlh="25162464" arrayletleaf="0"/>
  <largest-consumer threadName="Thread-18" threadId="0000000001EE3300" bytes="6003928" />
</allocation-stats>
<gc-op id="672" type="mark" timems="1.851" contextid="669" timestamp="2019-09-21T18:43:00.251">
  <trace-info objectcount="32914" scancount="32914" scanbytes="1342288" />
  <cardclean-info objects="11252" bytes="553592" />
  <remembered-set-cleared processed="31999" cleared="1025" durationms="0.167" />
  <stringconstants candidates="4597" cleared="0"  />
  <warning details="Mark invoked due to insufficient free space for Copy-Forward" />
</gc-op>
<gc-op id="673" type="classunload" timems="0.002" contextid="669" timestamp="2019-09-21T18:43:00.251">
  <classunload-info classloadercandidates="8" classloadersunloaded="0" classesunloaded="0" anonymousclassesunloaded="0" quiescems="0.000" setupms="0.002" scanms="0.000" postms="0.000" />
</gc-op>
<gc-op id="674" type="sweep" timems="0.368" contextid="669" timestamp="2019-09-21T18:43:00.252" />
<gc-op id="675" type="compact" timems="3.052" contextid="669" timestamp="2019-09-21T18:43:00.255">
  <compact-info movecount="32311" movebytes="1327832" />
  <remembered-set-cleared processed="64281" cleared="2316" durationms="0.167" />
</gc-op>
<heap-resize id="676" type="expand" space="default" amount="2097152" count="1" timems="0.070" reason="insufficient free space following gc" timestamp="2019-09-21T18:43:00.255" />
<gc-end id="677" type="partial gc" contextid="669" durationms="6.907" usertimems="12.000" systemtimems="0.000" timestamp="2019-09-21T18:43:00.256" activeThreads="8">
  <mem-info id="678" free="26214400" total="81788928" percent="32">
    <mem type="eden" free="659016" total="1048576" percent="62" />
    <arraylet-primitive objects="2" leaves="2" largest="1" />
    <remembered-set count="41056" freebytes="3100544" totalbytes="3264768" percent="94" regionsoverflowed="0" regionsstable="0" regionsrebuilding="0"/>
  </mem-info>
</gc-end>
<cycle-end id="679" type="partial gc" contextid="669" timestamp="2019-09-21T18:43:00.256" />
  <attribute name="elasticGC enabled" value="1" />
  <attribute name= "numThreadsSpecified" value="8" />
  <attribute name="heapSize specified" value="0" />
  <attribute name="Current GC Util" value="81" />
  <attribute name= "Current Time Running" value="1530" />
  <attribute name ="GC Interval" value="0" />
  <attribute name="Target GC Util Change" value ="40.000000" />
  <attribute name="Current GC Util Change" value="81.000000"/>
  <attribute name="Current Error" value="-274.000000" />
  <attribute name="Output H" value="79767144"/>
  <attribute name="Output I" value="1696"/>
  <attribute name="Output T" value="8"/>
  <attribute name= "Current Time Running" value="1530" />
  <attribute name="GC Util currently" value="81" />
  <attribute name="CPU Util currently" value="3910952770238" />
<exclusive-end id="680" timestamp="2019-09-21T18:43:00.256" durationms="7.787" />

<exclusive-start id="681" timestamp="2019-09-21T18:43:00.270" intervalms="21.853">
  <response-info timems="0.248" idlems="0.248" threads="0" lastid="0000000001EDBB00" lastname="Thread-16" />
</exclusive-start>
<allocation-taxation id="682" taxation-threshold="26214400" timestamp="2019-09-21T18:43:00.273" intervalms="24.957" />
<cycle-start id="683" type="partial gc" contextid="0" timestamp="2019-09-21T18:43:00.274" intervalms="25.719" />
<gc-start id="684" type="partial gc" contextid="683" timestamp="2019-09-21T18:43:00.274">
  <mem-info id="685" free="0" total="81788928" percent="0">
    <mem type="eden" free="0" total="26214400" percent="0" />
    <arraylet-primitive objects="2" leaves="2" largest="1" />
    <remembered-set count="40672" freebytes="3102080" totalbytes="3264768" percent="95" regionsoverflowed="0" regionsstable="0" regionsrebuilding="0"/>
  </mem-info>
</gc-start>
<allocation-stats totalBytes="26210496" >
  <allocated-bytes non-tlh="0" tlh="26210496" arrayletleaf="0"/>
  <largest-consumer threadName="Thread-18" threadId="0000000001EE3300" bytes="5602552" />
</allocation-stats>
<gc-op id="686" type="mark" timems="1.518" contextid="683" timestamp="2019-09-21T18:43:00.277">
  <trace-info objectcount="15192" scancount="15192" scanbytes="504812" />
  <cardclean-info objects="11597" bytes="561648" />
  <remembered-set-cleared processed="33048" cleared="774" durationms="0.134" />
  <stringconstants candidates="4597" cleared="0"  />
  <warning details="Mark invoked due to insufficient free space for Copy-Forward" />
</gc-op>
<gc-op id="687" type="classunload" timems="0.003" contextid="683" timestamp="2019-09-21T18:43:00.277">
  <classunload-info classloadercandidates="8" classloadersunloaded="0" classesunloaded="0" anonymousclassesunloaded="0" quiescems="0.000" setupms="0.003" scanms="0.000" postms="0.000" />
</gc-op>
<gc-op id="688" type="sweep" timems="0.406" contextid="683" timestamp="2019-09-21T18:43:00.277" />
<gc-op id="689" type="compact" timems="1.759" contextid="683" timestamp="2019-09-21T18:43:00.279">
  <compact-info movecount="15109" movebytes="502824" />
  <remembered-set-cleared processed="66326" cleared="1757" durationms="0.134" />
</gc-op>
<heap-resize id="690" type="expand" space="default" amount="1048576" count="1" timems="0.064" reason="insufficient free space following gc" timestamp="2019-09-21T18:43:00.280" />
<gc-end id="691" type="partial gc" contextid="683" durationms="5.147" usertimems="12.000" systemtimems="4.000" timestamp="2019-09-21T18:43:00.280" activeThreads="8">
  <mem-info id="692" free="26214400" total="82837504" percent="31">
    <mem type="eden" free="924424" total="1048576" percent="88" />
    <arraylet-primitive objects="2" leaves="2" largest="1" />
    <remembered-set count="41408" freebytes="3140992" totalbytes="3306624" percent="94" regionsoverflowed="0" regionsstable="0" regionsrebuilding="0"/>
  </mem-info>
</gc-end>
<cycle-end id="693" type="partial gc" contextid="683" timestamp="2019-09-21T18:43:00.280" />
  <attribute name="elasticGC enabled" value="1" />
  <attribute name= "numThreadsSpecified" value="8" />
  <attribute name="heapSize specified" value="0" />
  <attribute name="Current GC Util" value="79" />
  <attribute name= "Current Time Running" value="1555" />
  <attribute name ="GC Interval" value="0" />
  <attribute name="Target GC Util Change" value ="40.000000" />
  <attribute name="Current GC Util Change" value="79.000000"/>
  <attribute name="Current Error" value="-39.000000" />
  <attribute name="Output H" value="81864568"/>
  <attribute name="Output I" value="1968"/>
  <attribute name="Output T" value="8"/>
  <attribute name= "Current Time Running" value="1555" />
  <attribute name="GC Util currently" value="79" />
  <attribute name="CPU Util currently" value="3651016051980" />
<exclusive-end id="694" timestamp="2019-09-21T18:43:00.286" durationms="15.952" />

<exclusive-start id="695" timestamp="2019-09-21T18:43:00.297" intervalms="27.165">
  <response-info timems="0.052" idlems="0.052" threads="0" lastid="0000000001EDBB00" lastname="Thread-16" />
</exclusive-start>
<allocation-taxation id="696" taxation-threshold="26214400" timestamp="2019-09-21T18:43:00.297" intervalms="24.090" />
<cycle-start id="697" type="partial gc" contextid="0" timestamp="2019-09-21T18:43:00.297" intervalms="23.346" />
<gc-start id="698" type="partial gc" contextid="697" timestamp="2019-09-21T18:43:00.298">
  <mem-info id="699" free="0" total="82837504" percent="0">
    <mem type="eden" free="0" total="26214400" percent="0" />
    <arraylet-primitive objects="2" leaves="2" largest="1" />
    <remembered-set count="40960" freebytes="3142784" totalbytes="3306624" percent="95" regionsoverflowed="0" regionsstable="0" regionsrebuilding="0"/>
  </mem-info>
</gc-start>
<allocation-stats totalBytes="26211184" >
  <allocated-bytes non-tlh="0" tlh="26211184" arrayletleaf="0"/>
  <largest-consumer threadName="Thread-14" threadId="0000000001EF2300" bytes="4767288" />
</allocation-stats>
<gc-op id="700" type="mark" timems="1.607" contextid="697" timestamp="2019-09-21T18:43:00.300">
  <trace-info objectcount="10211" scancount="10211" scanbytes="247552" />
  <cardclean-info objects="14334" bytes="690368" />
  <remembered-set-cleared processed="34036" cleared="953" durationms="0.165" />
  <stringconstants candidates="4597" cleared="0"  />
  <warning details="Mark invoked due to insufficient free space for Copy-Forward" />
</gc-op>
<gc-op id="701" type="classunload" timems="0.002" contextid="697" timestamp="2019-09-21T18:43:00.300">
  <classunload-info classloadercandidates="8" classloadersunloaded="0" classesunloaded="0" anonymousclassesunloaded="0" quiescems="0.000" setupms="0.002" scanms="0.000" postms="0.000" />
</gc-op>
<gc-op id="702" type="sweep" timems="0.404" contextid="697" timestamp="2019-09-21T18:43:00.301" />
<gc-op id="703" type="compact" timems="1.660" contextid="697" timestamp="2019-09-21T18:43:00.303">
  <compact-info movecount="9722" movebytes="235408" />
  <remembered-set-cleared processed="68287" cleared="2099" durationms="0.165" />
</gc-op>
<heap-resize id="704" type="expand" space="default" amount="2097152" count="1" timems="0.069" reason="insufficient free space following gc" timestamp="2019-09-21T18:43:00.303" />
<gc-end id="705" type="partial gc" contextid="697" durationms="5.250" usertimems="12.000" systemtimems="0.000" timestamp="2019-09-21T18:43:00.303" activeThreads="8">
  <mem-info id="706" free="27262976" total="84934656" percent="32">
    <mem type="eden" free="914016" total="1048576" percent="87" />
    <arraylet-primitive objects="2" leaves="2" largest="1" />
    <remembered-set count="43328" freebytes="3217024" totalbytes="3390336" percent="94" regionsoverflowed="0" regionsstable="0" regionsrebuilding="0"/>
  </mem-info>
</gc-end>
<cycle-end id="707" type="partial gc" contextid="697" timestamp="2019-09-21T18:43:00.303" />
  <attribute name="elasticGC enabled" value="1" />
  <attribute name= "numThreadsSpecified" value="8" />
  <attribute name="heapSize specified" value="0" />
  <attribute name="Current GC Util" value="77" />
  <attribute name= "Current Time Running" value="1579" />
  <attribute name ="GC Interval" value="0" />
  <attribute name="Target GC Util Change" value ="40.000000" />
  <attribute name="Current GC Util Change" value="77.000000"/>
  <attribute name="Current Error" value="-307.000000" />
  <attribute name="Output H" value="82912832"/>
  <attribute name="Output I" value="1656"/>
  <attribute name="Output T" value="8"/>
  <attribute name= "Current Time Running" value="1579" />
  <attribute name="GC Util currently" value="77" />
  <attribute name="CPU Util currently" value="3622469321858" />
<exclusive-end id="708" timestamp="2019-09-21T18:43:00.303" durationms="6.246" />

<exclusive-start id="709" timestamp="2019-09-21T18:43:00.316" intervalms="18.602">
  <response-info timems="0.242" idlems="0.242" threads="0" lastid="0000000001EE6F00" lastname="Thread-13" />
</exclusive-start>
<allocation-taxation id="710" taxation-threshold="27262976" timestamp="2019-09-21T18:43:00.316" intervalms="18.547" />
<cycle-start id="711" type="partial gc" contextid="0" timestamp="2019-09-21T18:43:00.316" intervalms="18.508" />
<gc-start id="712" type="partial gc" contextid="711" timestamp="2019-09-21T18:43:00.316">
  <mem-info id="713" free="0" total="84934656" percent="0">
    <mem type="eden" free="0" total="27262976" percent="0" />
    <arraylet-primitive objects="2" leaves="2" largest="1" />
    <remembered-set count="43136" freebytes="3217792" totalbytes="3390336" percent="94" regionsoverflowed="0" regionsstable="0" regionsrebuilding="0"/>
  </mem-info>
</gc-start>
<allocation-stats totalBytes="27259464" >
  <allocated-bytes non-tlh="0" tlh="27259464" arrayletleaf="0"/>
  <largest-consumer threadName="Thread-14" threadId="0000000001EF2300" bytes="5074504" />
</allocation-stats>
<gc-op id="714" type="mark" timems="1.576" contextid="711" timestamp="2019-09-21T18:43:00.318">
  <trace-info objectcount="18432" scancount="18430" scanbytes="582180" />
  <cardclean-info objects="16008" bytes="777776" />
  <remembered-set-cleared processed="35156" cleared="1213" durationms="0.157" />
  <stringconstants candidates="4597" cleared="0"  />
  <warning details="Mark invoked due to insufficient free space for Copy-Forward" />
</gc-op>
<gc-op id="715" type="classunload" timems="0.002" contextid="711" timestamp="2019-09-21T18:43:00.318">
  <classunload-info classloadercandidates="8" classloadersunloaded="0" classesunloaded="0" anonymousclassesunloaded="0" quiescems="0.000" setupms="0.002" scanms="0.000" postms="0.000" />
</gc-op>
<gc-op id="716" type="sweep" timems="0.372" contextid="711" timestamp="2019-09-21T18:43:00.319" />
<gc-op id="717" type="compact" timems="1.797" contextid="711" timestamp="2019-09-21T18:43:00.321">
  <compact-info movecount="18382" movebytes="581032" />
  <remembered-set-cleared processed="70586" cleared="2677" durationms="0.157" />
</gc-op>
<heap-resize id="718" type="expand" space="default" amount="2097152" count="1" timems="0.061" reason="insufficient free space following gc" timestamp="2019-09-21T18:43:00.321" />
<gc-end id="719" type="partial gc" contextid="711" durationms="4.924" usertimems="8.000" systemtimems="8.000" timestamp="2019-09-21T18:43:00.321" activeThreads="8">
  <mem-info id="720" free="28311552" total="87031808" percent="32">
    <mem type="eden" free="589632" total="1048576" percent="56" />
    <arraylet-primitive objects="2" leaves="2" largest="1" />
    <remembered-set count="44832" freebytes="3294720" totalbytes="3474048" percent="94" regionsoverflowed="0" regionsstable="0" regionsrebuilding="0"/>
  </mem-info>
</gc-end>
<cycle-end id="721" type="partial gc" contextid="711" timestamp="2019-09-21T18:43:00.321" />
  <attribute name="elasticGC enabled" value="1" />
  <attribute name= "numThreadsSpecified" value="8" />
  <attribute name="heapSize specified" value="0" />
  <attribute name="Current GC Util" value="90" />
  <attribute name= "Current Time Running" value="1597" />
  <attribute name ="GC Interval" value="0" />
  <attribute name="Target GC Util Change" value ="40.000000" />
  <attribute name="Current GC Util Change" value="90.000000"/>
  <attribute name="Current Error" value="-302.000000" />
  <attribute name="Output H" value="85009992"/>
  <attribute name="Output I" value="1664"/>
  <attribute name="Output T" value="8"/>
  <attribute name= "Current Time Running" value="1597" />
  <attribute name="GC Util currently" value="90" />
  <attribute name="CPU Util currently" value="4276415058445" />
<exclusive-end id="722" timestamp="2019-09-21T18:43:00.321" durationms="5.677" />

<exclusive-start id="723" timestamp="2019-09-21T18:43:00.334" intervalms="18.323">
  <response-info timems="0.136" idlems="0.136" threads="0" lastid="0000000001EDF700" lastname="Thread-12" />
</exclusive-start>
<allocation-taxation id="724" taxation-threshold="28311552" timestamp="2019-09-21T18:43:00.334" intervalms="18.366" />
<cycle-start id="725" type="partial gc" contextid="0" timestamp="2019-09-21T18:43:00.334" intervalms="18.398" />
<gc-start id="726" type="partial gc" contextid="725" timestamp="2019-09-21T18:43:00.335">
  <mem-info id="727" free="0" total="87031808" percent="0">
    <mem type="eden" free="0" total="28311552" percent="0" />
    <arraylet-primitive objects="2" leaves="2" largest="1" />
    <remembered-set count="44640" freebytes="3295488" totalbytes="3474048" percent="94" regionsoverflowed="0" regionsstable="0" regionsrebuilding="0"/>
  </mem-info>
</gc-start>
<allocation-stats totalBytes="28308016" >
  <allocated-bytes non-tlh="0" tlh="28308016" arrayletleaf="0"/>
  <largest-consumer threadName="Thread-11" threadId="0000000001EEE700" bytes="5393752" />
</allocation-stats>
<gc-op id="728" type="mark" timems="5.706" contextid="725" timestamp="2019-09-21T18:43:00.341">
  <trace-info objectcount="47621" scancount="47621" scanbytes="1969776" />
  <cardclean-info objects="13778" bytes="684240" />
  <remembered-set-cleared processed="35586" cleared="3006" durationms="0.171" />
  <stringconstants candidates="4597" cleared="0"  />
  <warning details="Mark invoked due to insufficient free space for Copy-Forward" />
</gc-op>
<gc-op id="729" type="classunload" timems="0.002" contextid="725" timestamp="2019-09-21T18:43:00.341">
  <classunload-info classloadercandidates="8" classloadersunloaded="0" classesunloaded="0" anonymousclassesunloaded="0" quiescems="0.000" setupms="0.002" scanms="0.000" postms="0.000" />
</gc-op>
<gc-op id="730" type="sweep" timems="1.044" contextid="725" timestamp="2019-09-21T18:43:00.342" />
<gc-op id="731" type="compact" timems="6.913" contextid="725" timestamp="2019-09-21T18:43:00.349">
  <compact-info movecount="47582" movebytes="1968864" />
  <remembered-set-cleared processed="70912" cleared="5732" durationms="0.328" />
</gc-op>
<heap-resize id="732" type="expand" space="default" amount="15728640" count="1" timems="0.147" reason="excessive time being spent in gc" timestamp="2019-09-21T18:43:00.350" />
<gc-end id="733" type="partial gc" contextid="725" durationms="15.408" usertimems="36.000" systemtimems="4.000" timestamp="2019-09-21T18:43:00.350" activeThreads="8">
  <mem-info id="734" free="42991616" total="102760448" percent="41">
    <mem type="eden" free="177712" total="1048576" percent="16" />
    <arraylet-primitive objects="2" leaves="2" largest="1" />
    <remembered-set count="44864" freebytes="3922432" totalbytes="4101888" percent="95" regionsoverflowed="0" regionsstable="0" regionsrebuilding="0"/>
  </mem-info>
</gc-end>
<cycle-end id="735" type="partial gc" contextid="725" timestamp="2019-09-21T18:43:00.350" />
  <attribute name="elasticGC enabled" value="1" />
  <attribute name= "numThreadsSpecified" value="8" />
  <attribute name="heapSize specified" value="0" />
  <attribute name="Current GC Util" value="93" />
  <attribute name= "Current Time Running" value="1620" />
  <attribute name ="GC Interval" value="0" />
  <attribute name="Target GC Util Change" value ="40.000000" />
  <attribute name="Current GC Util Change" value="93.000000"/>
  <attribute name="Current Error" value="-53.000000" />
  <attribute name="Output H" value="87107432"/>
  <attribute name="Output I" value="1952"/>
  <attribute name="Output T" value="8"/>
  <attribute name= "Current Time Running" value="1620" />
  <attribute name="GC Util currently" value="93" />
  <attribute name="CPU Util currently" value="1762406666191" />
<exclusive-end id="736" timestamp="2019-09-21T18:43:00.350" durationms="16.395" />

<exclusive-start id="737" timestamp="2019-09-21T18:43:00.368" intervalms="33.733">
  <response-info timems="0.057" idlems="0.057" threads="0" lastid="0000000001EE3300" lastname="Thread-18" />
</exclusive-start>
<allocation-taxation id="738" taxation-threshold="32505856" timestamp="2019-09-21T18:43:00.368" intervalms="33.748" />
<cycle-start id="739" type="partial gc" contextid="0" timestamp="2019-09-21T18:43:00.368" intervalms="33.771" />
<gc-start id="740" type="partial gc" contextid="739" timestamp="2019-09-21T18:43:00.368">
  <mem-info id="741" free="10485760" total="102760448" percent="10">
    <mem type="eden" free="0" total="32505856" percent="0" />
    <arraylet-primitive objects="2" leaves="2" largest="1" />
    <remembered-set count="44608" freebytes="3923456" totalbytes="4101888" percent="95" regionsoverflowed="0" regionsstable="0" regionsrebuilding="0"/>
  </mem-info>
</gc-start>
<allocation-stats totalBytes="32501368" >
  <allocated-bytes non-tlh="0" tlh="32501368" arrayletleaf="0"/>
  <largest-consumer threadName="Thread-13" threadId="0000000001EE6F00" bytes="6565008" />
</allocation-stats>
<gc-op id="742" type="copy forward" timems="5.656" contextid="739" timestamp="2019-09-21T18:43:00.375">
  <memory-copied type="eden" objects="4920" bytes="120088" bytesdiscarded="79480" />
  <memory-copied type="other" objects="18576" bytes="858344" bytesdiscarded="81096" />
  <memory-cardclean objects="6728" bytes="329512" />
  <regions eden="31" other="1" />
  <remembered-set-cleared processed="36930" cleared="868" durationms="0.181" />
  <stringconstants candidates="4597" cleared="0"  />
</gc-op>
<gc-op id="743" type="classunload" timems="0.003" contextid="739" timestamp="2019-09-21T18:43:00.375">
  <classunload-info classloadercandidates="8" classloadersunloaded="0" classesunloaded="0" anonymousclassesunloaded="0" quiescems="0.000" setupms="0.003" scanms="0.000" postms="0.000" />
</gc-op>
<heap-resize id="744" type="expand" space="default" amount="17825792" count="1" timems="0.145" reason="excessive time being spent in gc" timestamp="2019-09-21T18:43:00.375" />
<gc-end id="745" type="partial gc" contextid="739" durationms="7.062" usertimems="0.000" systemtimems="12.000" timestamp="2019-09-21T18:43:00.376" activeThreads="8">
  <mem-info id="746" free="59768832" total="120586240" percent="49">
    <mem type="eden" free="849008" total="1048576" percent="80" />
    <arraylet-primitive objects="2" leaves="2" largest="1" />
    <remembered-set count="47168" freebytes="4624768" totalbytes="4813440" percent="96" regionsoverflowed="0" regionsstable="0" regionsrebuilding="0"/>
  </mem-info>
</gc-end>
<cycle-end id="747" type="partial gc" contextid="739" timestamp="2019-09-21T18:43:00.376" />
  <attribute name="elasticGC enabled" value="1" />
  <attribute name= "numThreadsSpecified" value="8" />
  <attribute name="heapSize specified" value="0" />
  <attribute name="Current GC Util" value="64" />
  <attribute name= "Current Time Running" value="1647" />
  <attribute name ="GC Interval" value="0" />
  <attribute name="Target GC Util Change" value ="40.000000" />
  <attribute name="Current GC Util Change" value="64.000000"/>
  <attribute name="Current Error" value="-102.000000" />
  <attribute name="Output H" value="102836016"/>
  <attribute name="Output I" value="1896"/>
  <attribute name="Output T" value="8"/>
  <attribute name= "Current Time Running" value="1647" />
  <attribute name="GC Util currently" value="64" />
  <attribute name="CPU Util currently" value="5496187443449" />
<exclusive-end id="748" timestamp="2019-09-21T18:43:00.376" durationms="8.108" />

<exclusive-start id="749" timestamp="2019-09-21T18:43:00.400" intervalms="32.471">
  <response-info timems="0.169" idlems="0.169" threads="0" lastid="0000000001EE3300" lastname="Thread-18" />
</exclusive-start>
<allocation-taxation id="750" taxation-threshold="36700160" timestamp="2019-09-21T18:43:00.400" intervalms="32.426" />
<cycle-start id="751" type="partial gc" contextid="0" timestamp="2019-09-21T18:43:00.401" intervalms="32.367" />
<gc-start id="752" type="partial gc" contextid="751" timestamp="2019-09-21T18:43:00.401">
  <mem-info id="753" free="23068672" total="120586240" percent="19">
    <mem type="eden" free="0" total="36700160" percent="0" />
    <arraylet-primitive objects="2" leaves="2" largest="1" />
    <remembered-set count="45248" freebytes="4632448" totalbytes="4813440" percent="96" regionsoverflowed="0" regionsstable="3" regionsrebuilding="0"/>
  </mem-info>
</gc-start>
<allocation-stats totalBytes="36695480" >
  <allocated-bytes non-tlh="0" tlh="36695480" arrayletleaf="0"/>
  <largest-consumer threadName="Thread-11" threadId="0000000001EEE700" bytes="7076872" />
</allocation-stats>
<gc-op id="754" type="copy forward" timems="3.161" contextid="751" timestamp="2019-09-21T18:43:00.405">
  <memory-copied type="eden" objects="12325" bytes="435496" bytesdiscarded="32472" />
  <memory-copied type="other" objects="34468" bytes="1376736" bytesdiscarded="110120" />
  <memory-cardclean objects="12703" bytes="627552" />
  <regions eden="35" other="3" />
  <remembered-set-cleared processed="35517" cleared="1704" durationms="0.178" />
  <stringconstants candidates="4597" cleared="0"  />
</gc-op>
<gc-op id="755" type="classunload" timems="0.003" contextid="751" timestamp="2019-09-21T18:43:00.405">
  <classunload-info classloadercandidates="8" classloadersunloaded="0" classesunloaded="0" anonymousclassesunloaded="0" quiescems="0.000" setupms="0.003" scanms="0.000" postms="0.000" />
</gc-op>
<heap-resize id="756" type="expand" space="default" amount="20971520" count="1" timems="0.160" reason="excessive time being spent in gc" timestamp="2019-09-21T18:43:00.405" />
<gc-end id="757" type="partial gc" contextid="751" durationms="4.448" usertimems="8.000" systemtimems="0.000" timestamp="2019-09-21T18:43:00.405" activeThreads="8">
  <mem-info id="758" free="78643200" total="141557760" percent="55">
    <mem type="eden" free="1629184" total="2097152" percent="77" />
    <arraylet-primitive objects="2" leaves="2" largest="1" />
    <remembered-set count="46784" freebytes="5463424" totalbytes="5650560" percent="96" regionsoverflowed="0" regionsstable="3" regionsrebuilding="0"/>
  </mem-info>
</gc-end>
<cycle-end id="759" type="partial gc" contextid="751" timestamp="2019-09-21T18:43:00.406" />
  <attribute name="elasticGC enabled" value="1" />
  <attribute name= "numThreadsSpecified" value="8" />
  <attribute name="heapSize specified" value="0" />
  <attribute name="Current GC Util" value="101" />
  <attribute name= "Current Time Running" value="1679" />
  <attribute name ="GC Interval" value="0" />
  <attribute name="Target GC Util Change" value ="40.000000" />
  <attribute name="Current GC Util Change" value="101.000000"/>
  <attribute name="Current Error" value="-161.000000" />
  <attribute name="Output H" value="120661736"/>
  <attribute name="Output I" value="1824"/>
  <attribute name="Output T" value="8"/>
  <attribute name= "Current Time Running" value="1679" />
  <attribute name="GC Util currently" value="101" />
  <attribute name="CPU Util currently" value="8400340258553" />
<exclusive-end id="760" timestamp="2019-09-21T18:43:00.406" durationms="5.455" />

<exclusive-start id="761" timestamp="2019-09-21T18:43:00.431" intervalms="30.888">
  <response-info timems="0.044" idlems="0.044" threads="0" lastid="0000000001EDBB00" lastname="Thread-16" />
</exclusive-start>
<allocation-taxation id="762" taxation-threshold="41943040" timestamp="2019-09-21T18:43:00.431" intervalms="30.969" />
<cycle-start id="763" type="partial gc" contextid="0" timestamp="2019-09-21T18:43:00.432" intervalms="31.047" />
<gc-start id="764" type="partial gc" contextid="763" timestamp="2019-09-21T18:43:00.432">
  <mem-info id="765" free="36700160" total="141557760" percent="25">
    <mem type="eden" free="0" total="41943040" percent="0" />
    <arraylet-primitive objects="2" leaves="2" largest="1" />
    <remembered-set count="46496" freebytes="5464576" totalbytes="5650560" percent="96" regionsoverflowed="0" regionsstable="3" regionsrebuilding="0"/>
  </mem-info>
</gc-start>
<allocation-stats totalBytes="41937472" >
  <allocated-bytes non-tlh="0" tlh="41937472" arrayletleaf="0"/>
  <largest-consumer threadName="Thread-11" threadId="0000000001EEE700" bytes="8485904" />
</allocation-stats>
<gc-op id="766" type="copy forward" timems="3.129" contextid="763" timestamp="2019-09-21T18:43:00.436">
  <memory-copied type="eden" objects="7541" bytes="183296" bytesdiscarded="22112" />
  <memory-copied type="other" objects="34957" bytes="1388472" bytesdiscarded="118048" />
  <memory-cardclean objects="10574" bytes="537312" />
  <regions eden="40" other="4" />
  <remembered-set-cleared processed="36688" cleared="1689" durationms="0.178" />
  <stringconstants candidates="4597" cleared="0"  />
</gc-op>
<gc-op id="767" type="classunload" timems="0.003" contextid="763" timestamp="2019-09-21T18:43:00.436">
  <classunload-info classloadercandidates="8" classloadersunloaded="0" classesunloaded="0" anonymousclassesunloaded="0" quiescems="0.000" setupms="0.002" scanms="0.000" postms="0.000" />
</gc-op>
<heap-resize id="768" type="expand" space="default" amount="18874368" count="1" timems="0.148" reason="excessive time being spent in gc" timestamp="2019-09-21T18:43:00.436" />
<gc-end id="769" type="partial gc" contextid="763" durationms="4.575" usertimems="4.000" systemtimems="4.000" timestamp="2019-09-21T18:43:00.436" activeThreads="8">
  <mem-info id="770" free="96468992" total="160432128" percent="60">
    <mem type="eden" free="1891744" total="2097152" percent="90" />
    <arraylet-primitive objects="2" leaves="2" largest="1" />
    <remembered-set count="48640" freebytes="6209408" totalbytes="6403968" percent="96" regionsoverflowed="0" regionsstable="3" regionsrebuilding="0"/>
  </mem-info>
</gc-end>
<cycle-end id="771" type="partial gc" contextid="763" timestamp="2019-09-21T18:43:00.437" />
  <attribute name="elasticGC enabled" value="1" />
  <attribute name= "numThreadsSpecified" value="8" />
  <attribute name="heapSize specified" value="0" />
  <attribute name="Current GC Util" value="90" />
  <attribute name= "Current Time Running" value="1710" />
  <attribute name ="GC Interval" value="0" />
  <attribute name="Target GC Util Change" value ="40.000000" />
  <attribute name="Current GC Util Change" value="90.000000"/>
  <attribute name="Current Error" value="-50.000000" />
  <attribute name="Output H" value="141633384"/>
  <attribute name="Output I" value="1952"/>
  <attribute name="Output T" value="8"/>
  <attribute name= "Current Time Running" value="1710" />
  <attribute name="GC Util currently" value="90" />
  <attribute name="CPU Util currently" value="8005259663705" />
<exclusive-end id="772" timestamp="2019-09-21T18:43:00.437" durationms="5.724" />

<exclusive-start id="773" timestamp="2019-09-21T18:43:00.461" intervalms="30.099">
  <response-info timems="0.326" idlems="0.162" threads="3" lastid="0000000001EDF700" lastname="Thread-12" />
</exclusive-start>
<allocation-taxation id="774" taxation-threshold="46137344" timestamp="2019-09-21T18:43:00.461" intervalms="30.104" />
<cycle-start id="775" type="partial gc" contextid="0" timestamp="2019-09-21T18:43:00.462" intervalms="30.116" />
<gc-start id="776" type="partial gc" contextid="775" timestamp="2019-09-21T18:43:00.462">
  <mem-info id="777" free="50331648" total="160432128" percent="31">
    <mem type="eden" free="0" total="46137344" percent="0" />
    <arraylet-primitive objects="2" leaves="2" largest="1" />
    <remembered-set count="48416" freebytes="6210304" totalbytes="6403968" percent="96" regionsoverflowed="0" regionsstable="3" regionsrebuilding="0"/>
  </mem-info>
</gc-start>
<allocation-stats totalBytes="46131736" >
  <allocated-bytes non-tlh="0" tlh="46131736" arrayletleaf="0"/>
  <largest-consumer threadName="Thread-18" threadId="0000000001EE3300" bytes="9260000" />
</allocation-stats>
<gc-op id="778" type="copy forward" timems="4.050" contextid="775" timestamp="2019-09-21T18:43:00.467">
  <memory-copied type="eden" objects="25268" bytes="1020656" bytesdiscarded="69040" />
  <memory-copied type="other" objects="41267" bytes="1402536" bytesdiscarded="96096" />
  <memory-cardclean objects="25522" bytes="1256160" />
  <regions eden="44" other="6" />
  <remembered-set-cleared processed="36407" cleared="7414" durationms="0.183" />
  <stringconstants candidates="4597" cleared="0"  />
</gc-op>
<gc-op id="779" type="classunload" timems="0.003" contextid="775" timestamp="2019-09-21T18:43:00.467">
  <classunload-info classloadercandidates="8" classloadersunloaded="0" classesunloaded="0" anonymousclassesunloaded="0" quiescems="0.000" setupms="0.003" scanms="0.000" postms="0.000" />
</gc-op>
<heap-resize id="780" type="expand" space="default" amount="2097152" count="1" timems="0.060" reason="excessive time being spent in gc" timestamp="2019-09-21T18:43:00.467" />
<gc-end id="781" type="partial gc" contextid="775" durationms="5.230" usertimems="8.000" systemtimems="8.000" timestamp="2019-09-21T18:43:00.467" activeThreads="8">
  <mem-info id="782" free="97517568" total="162529280" percent="60">
    <mem type="eden" free="1007456" total="2097152" percent="48" />
    <arraylet-primitive objects="2" leaves="2" largest="1" />
    <remembered-set count="46464" freebytes="6301824" totalbytes="6487680" percent="97" regionsoverflowed="0" regionsstable="3" regionsrebuilding="0"/>
  </mem-info>
</gc-end>
<cycle-end id="783" type="partial gc" contextid="775" timestamp="2019-09-21T18:43:00.467" />
  <attribute name="elasticGC enabled" value="1" />
  <attribute name= "numThreadsSpecified" value="8" />
  <attribute name="heapSize specified" value="0" />
  <attribute name="Current GC Util" value="98" />
  <attribute name= "Current Time Running" value="1740" />
  <attribute name ="GC Interval" value="0" />
  <attribute name="Target GC Util Change" value ="40.000000" />
  <attribute name="Current GC Util Change" value="98.000000"/>
  <attribute name="Current Error" value="-102.000000" />
  <attribute name="Output H" value="160507696"/>
  <attribute name="Output I" value="1896"/>
  <attribute name="Output T" value="8"/>
  <attribute name= "Current Time Running" value="1740" />
  <attribute name="GC Util currently" value="98" />
  <attribute name="CPU Util currently" value="8124400577351" />
<exclusive-end id="784" timestamp="2019-09-21T18:43:00.468" durationms="6.412" />

<exclusive-start id="785" timestamp="2019-09-21T18:43:00.492" intervalms="30.623">
  <response-info timems="0.044" idlems="0.044" threads="0" lastid="0000000001EE3300" lastname="Thread-18" />
</exclusive-start>
<allocation-taxation id="786" taxation-threshold="47185920" timestamp="2019-09-21T18:43:00.492" intervalms="30.640" />
<cycle-start id="787" type="partial gc" contextid="0" timestamp="2019-09-21T18:43:00.492" intervalms="30.592" />
<gc-start id="788" type="partial gc" contextid="787" timestamp="2019-09-21T18:43:00.493">
  <mem-info id="789" free="50331648" total="162529280" percent="30">
    <mem type="eden" free="0" total="47185920" percent="0" />
    <arraylet-primitive objects="2" leaves="2" largest="1" />
    <remembered-set count="46208" freebytes="6302848" totalbytes="6487680" percent="97" regionsoverflowed="0" regionsstable="3" regionsrebuilding="0"/>
  </mem-info>
</gc-start>
<allocation-stats totalBytes="47180392" >
  <allocated-bytes non-tlh="0" tlh="47180392" arrayletleaf="0"/>
  <largest-consumer threadName="Thread-18" threadId="0000000001EE3300" bytes="8768472" />
</allocation-stats>
<gc-op id="790" type="copy forward" timems="3.398" contextid="787" timestamp="2019-09-21T18:43:00.497">
  <memory-copied type="eden" objects="24168" bytes="994992" bytesdiscarded="92976" />
  <memory-copied type="other" objects="37152" bytes="1303984" bytesdiscarded="120096" />
  <memory-cardclean objects="24660" bytes="1229736" />
  <regions eden="45" other="6" />
  <remembered-set-cleared processed="34960" cleared="7427" durationms="0.190" />
  <stringconstants candidates="4597" cleared="0"  />
</gc-op>
<gc-op id="791" type="classunload" timems="0.003" contextid="787" timestamp="2019-09-21T18:43:00.497">
  <classunload-info classloadercandidates="8" classloadersunloaded="0" classesunloaded="0" anonymousclassesunloaded="0" quiescems="0.000" setupms="0.003" scanms="0.000" postms="0.000" />
</gc-op>
<heap-resize id="792" type="expand" space="default" amount="5242880" count="1" timems="0.077" reason="excessive time being spent in gc" timestamp="2019-09-21T18:43:00.497" />
<gc-end id="793" type="partial gc" contextid="787" durationms="4.528" usertimems="12.000" systemtimems="0.000" timestamp="2019-09-21T18:43:00.497" activeThreads="8">
  <mem-info id="794" free="100663296" total="167772160" percent="60">
    <mem type="eden" free="1009184" total="2097152" percent="48" />
    <arraylet-primitive objects="2" leaves="2" largest="1" />
    <remembered-set count="42336" freebytes="6527616" totalbytes="6696960" percent="97" regionsoverflowed="0" regionsstable="3" regionsrebuilding="0"/>
  </mem-info>
</gc-end>
<cycle-end id="795" type="partial gc" contextid="787" timestamp="2019-09-21T18:43:00.497" />
  <attribute name="elasticGC enabled" value="1" />
  <attribute name= "numThreadsSpecified" value="8" />
  <attribute name="heapSize specified" value="0" />
  <attribute name="Current GC Util" value="104" />
  <attribute name= "Current Time Running" value="1771" />
  <attribute name ="GC Interval" value="0" />
  <attribute name="Target GC Util Change" value ="40.000000" />
  <attribute name="Current GC Util Change" value="104.000000"/>
  <attribute name="Current Error" value="-170.000000" />
  <attribute name="Output H" value="162604768"/>
  <attribute name="Output I" value="1816"/>
  <attribute name="Output T" value="8"/>
  <attribute name= "Current Time Running" value="1771" />
  <attribute name="GC Util currently" value="104" />
  <attribute name="CPU Util currently" value="8727212508426" />
<exclusive-end id="796" timestamp="2019-09-21T18:43:00.497" durationms="5.442" />

<exclusive-start id="797" timestamp="2019-09-21T18:43:00.522" intervalms="30.433">
  <response-info timems="0.058" idlems="0.026" threads="2" lastid="0000000001EDBB00" lastname="Thread-16" />
</exclusive-start>
<allocation-taxation id="798" taxation-threshold="48234496" timestamp="2019-09-21T18:43:00.522" intervalms="30.373" />
<cycle-start id="799" type="partial gc" contextid="0" timestamp="2019-09-21T18:43:00.523" intervalms="30.323" />
<gc-start id="800" type="partial gc" contextid="799" timestamp="2019-09-21T18:43:00.523">
  <mem-info id="801" free="52428800" total="167772160" percent="31">
    <mem type="eden" free="0" total="48234496" percent="0" />
    <arraylet-primitive objects="2" leaves="2" largest="1" />
    <remembered-set count="42080" freebytes="6528640" totalbytes="6696960" percent="97" regionsoverflowed="0" regionsstable="3" regionsrebuilding="0"/>
  </mem-info>
</gc-start>
<allocation-stats totalBytes="48228456" >
  <allocated-bytes non-tlh="0" tlh="48228456" arrayletleaf="0"/>
  <largest-consumer threadName="Thread-13" threadId="0000000001EE6F00" bytes="9292696" />
</allocation-stats>
<gc-op id="802" type="copy forward" timems="2.620" contextid="799" timestamp="2019-09-21T18:43:00.526">
  <memory-copied type="eden" objects="20005" bytes="894640" bytesdiscarded="87848" />
  <memory-copied type="other" objects="29151" bytes="1111752" bytesdiscarded="148360" />
  <memory-cardclean objects="11658" bytes="593904" />
  <regions eden="46" other="4" />
  <remembered-set-cleared processed="32924" cleared="1755" durationms="0.160" />
  <stringconstants candidates="4597" cleared="0"  />
</gc-op>
<gc-op id="803" type="classunload" timems="0.003" contextid="799" timestamp="2019-09-21T18:43:00.526">
  <classunload-info classloadercandidates="8" classloadersunloaded="0" classesunloaded="0" anonymousclassesunloaded="0" quiescems="0.000" setupms="0.003" scanms="0.000" postms="0.000" />
</gc-op>
<gc-end id="804" type="partial gc" contextid="799" durationms="3.460" usertimems="8.000" systemtimems="0.000" timestamp="2019-09-21T18:43:00.526" activeThreads="8">
  <mem-info id="805" free="101711872" total="167772160" percent="60">
    <mem type="eden" free="66088" total="1048576" percent="6" />
    <arraylet-primitive objects="2" leaves="2" largest="1" />
    <remembered-set count="42880" freebytes="6525440" totalbytes="6696960" percent="97" regionsoverflowed="0" regionsstable="3" regionsrebuilding="0"/>
  </mem-info>
</gc-end>
<cycle-end id="806" type="partial gc" contextid="799" timestamp="2019-09-21T18:43:00.526" />
  <attribute name="elasticGC enabled" value="1" />
  <attribute name= "numThreadsSpecified" value="8" />
  <attribute name="heapSize specified" value="0" />
  <attribute name="Current GC Util" value="121" />
  <attribute name= "Current Time Running" value="1801" />
  <attribute name ="GC Interval" value="0" />
  <attribute name="Target GC Util Change" value ="40.000000" />
  <attribute name="Current GC Util Change" value="121.000000"/>
  <attribute name="Current Error" value="-81.000000" />
  <attribute name="Output H" value="167847752"/>
  <attribute name="Output I" value="1920"/>
  <attribute name="Output T" value="8"/>
  <attribute name= "Current Time Running" value="1801" />
  <attribute name="GC Util currently" value="121" />
  <attribute name="CPU Util currently" value="9958939246058" />
<exclusive-end id="807" timestamp="2019-09-21T18:43:00.527" durationms="4.205" />

<exclusive-start id="808" timestamp="2019-09-21T18:43:00.555" intervalms="32.408">
  <response-info timems="0.056" idlems="0.056" threads="0" lastid="0000000001EDF700" lastname="Thread-12" />
</exclusive-start>
<allocation-taxation id="809" taxation-threshold="48234496" timestamp="2019-09-21T18:43:00.555" intervalms="32.360" />
<cycle-start id="810" type="partial gc" contextid="0" timestamp="2019-09-21T18:43:00.555" intervalms="32.316" />
<gc-start id="811" type="partial gc" contextid="810" timestamp="2019-09-21T18:43:00.555">
  <mem-info id="812" free="53477376" total="167772160" percent="31">
    <mem type="eden" free="0" total="48234496" percent="0" />
    <arraylet-primitive objects="2" leaves="2" largest="1" />
    <remembered-set count="42688" freebytes="6526208" totalbytes="6696960" percent="97" regionsoverflowed="0" regionsstable="3" regionsrebuilding="0"/>
  </mem-info>
</gc-start>
<allocation-stats totalBytes="48228776" >
  <allocated-bytes non-tlh="0" tlh="48228776" arrayletleaf="0"/>
  <largest-consumer threadName="Thread-13" threadId="0000000001EE6F00" bytes="9702496" />
</allocation-stats>
<gc-op id="813" type="copy forward" timems="3.436" contextid="810" timestamp="2019-09-21T18:43:00.559">
  <memory-copied type="eden" objects="17555" bytes="561416" bytesdiscarded="48056" />
  <memory-copied type="other" objects="48513" bytes="1988568" bytesdiscarded="106248" />
  <memory-cardclean objects="11638" bytes="592944" />
  <regions eden="46" other="5" />
  <remembered-set-cleared processed="32744" cleared="3612" durationms="0.170" />
  <stringconstants candidates="4597" cleared="0"  />
</gc-op>
<gc-op id="814" type="classunload" timems="0.003" contextid="810" timestamp="2019-09-21T18:43:00.559">
  <classunload-info classloadercandidates="8" classloadersunloaded="0" classesunloaded="0" anonymousclassesunloaded="0" quiescems="0.000" setupms="0.003" scanms="0.000" postms="0.000" />
</gc-op>
<gc-end id="815" type="partial gc" contextid="810" durationms="4.313" usertimems="16.000" systemtimems="0.000" timestamp="2019-09-21T18:43:00.559" activeThreads="8">
  <mem-info id="816" free="100663296" total="167772160" percent="60">
    <mem type="eden" free="439104" total="1048576" percent="41" />
    <arraylet-primitive objects="2" leaves="2" largest="1" />
    <remembered-set count="43104" freebytes="6524544" totalbytes="6696960" percent="97" regionsoverflowed="0" regionsstable="3" regionsrebuilding="0"/>
  </mem-info>
</gc-end>
<cycle-end id="817" type="partial gc" contextid="810" timestamp="2019-09-21T18:43:00.560" />
  <attribute name="elasticGC enabled" value="1" />
  <attribute name= "numThreadsSpecified" value="8" />
  <attribute name="heapSize specified" value="0" />
  <attribute name="Current GC Util" value="109" />
  <attribute name= "Current Time Running" value="1833" />
  <attribute name ="GC Interval" value="0" />
  <attribute name="Target GC Util Change" value ="40.000000" />
  <attribute name="Current GC Util Change" value="109.000000"/>
  <attribute name="Current Error" value="-141.000000" />
  <attribute name="Output H" value="167847680"/>
  <attribute name="Output I" value="1848"/>
  <attribute name="Output T" value="8"/>
  <attribute name= "Current Time Running" value="1833" />
  <attribute name="GC Util currently" value="109" />
  <attribute name="CPU Util currently" value="9123235361505" />
<exclusive-end id="818" timestamp="2019-09-21T18:43:00.560" durationms="4.953" />

<exclusive-start id="819" timestamp="2019-09-21T18:43:00.589" intervalms="34.097">
  <response-info timems="0.081" idlems="0.081" threads="0" lastid="0000000001EEAB00" lastname="Thread-15" />
</exclusive-start>
<allocation-taxation id="820" taxation-threshold="48234496" timestamp="2019-09-21T18:43:00.589" intervalms="34.121" />
<cycle-start id="821" type="partial gc" contextid="0" timestamp="2019-09-21T18:43:00.589" intervalms="34.169" />
<gc-start id="822" type="partial gc" contextid="821" timestamp="2019-09-21T18:43:00.589">
  <mem-info id="823" free="52428800" total="167772160" percent="31">
    <mem type="eden" free="0" total="48234496" percent="0" />
    <arraylet-primitive objects="2" leaves="2" largest="1" />
    <remembered-set count="42816" freebytes="6525696" totalbytes="6696960" percent="97" regionsoverflowed="0" regionsstable="3" regionsrebuilding="0"/>
  </mem-info>
</gc-start>
<allocation-stats totalBytes="48228448" >
  <allocated-bytes non-tlh="0" tlh="48228448" arrayletleaf="0"/>
  <largest-consumer threadName="Thread-18" threadId="0000000001EE3300" bytes="9579400" />
</allocation-stats>
<gc-op id="824" type="copy forward" timems="3.440" contextid="821" timestamp="2019-09-21T18:43:00.594">
  <memory-copied type="eden" objects="37448" bytes="1643840" bytesdiscarded="132552" />
  <memory-copied type="other" objects="17290" bytes="414960" bytesdiscarded="17248" />
  <memory-cardclean objects="25329" bytes="1291224" />
  <regions eden="46" other="5" />
  <remembered-set-cleared processed="32042" cleared="4808" durationms="0.169" />
  <stringconstants candidates="4597" cleared="0"  />
</gc-op>
<gc-op id="825" type="classunload" timems="0.002" contextid="821" timestamp="2019-09-21T18:43:00.594">
  <classunload-info classloadercandidates="8" classloadersunloaded="0" classesunloaded="0" anonymousclassesunloaded="0" quiescems="0.000" setupms="0.002" scanms="0.000" postms="0.000" />
</gc-op>
<heap-resize id="826" type="expand" space="default" amount="5242880" count="1" timems="0.078" reason="excessive time being spent in gc" timestamp="2019-09-21T18:43:00.594" />
<gc-end id="827" type="partial gc" contextid="821" durationms="4.609" usertimems="12.000" systemtimems="0.000" timestamp="2019-09-21T18:43:00.594" activeThreads="8">
  <mem-info id="828" free="103809024" total="173015040" percent="60">
    <mem type="eden" free="320760" total="2097152" percent="15" />
    <arraylet-primitive objects="2" leaves="2" largest="1" />
    <remembered-set count="41280" freebytes="6741120" totalbytes="6906240" percent="97" regionsoverflowed="0" regionsstable="3" regionsrebuilding="0"/>
  </mem-info>
</gc-end>
<cycle-end id="829" type="partial gc" contextid="821" timestamp="2019-09-21T18:43:00.594" />
  <attribute name="elasticGC enabled" value="1" />
  <attribute name= "numThreadsSpecified" value="8" />
  <attribute name="heapSize specified" value="0" />
  <attribute name="Current GC Util" value="112" />
  <attribute name= "Current Time Running" value="1868" />
  <attribute name ="GC Interval" value="0" />
  <attribute name="Target GC Util Change" value ="40.000000" />
  <attribute name="Current GC Util Change" value="112.000000"/>
  <attribute name="Current Error" value="-209.000000" />
  <attribute name="Output H" value="167847600"/>
  <attribute name="Output I" value="1768"/>
  <attribute name="Output T" value="8"/>
  <attribute name= "Current Time Running" value="1868" />
  <attribute name="GC Util currently" value="112" />
  <attribute name="CPU Util currently" value="8186560480470" />
<exclusive-end id="830" timestamp="2019-09-21T18:43:00.594" durationms="5.467" />

<exclusive-start id="831" timestamp="2019-09-21T18:43:00.638" intervalms="48.720">
  <response-info timems="0.080" idlems="0.080" threads="0" lastid="0000000001EE3300" lastname="Thread-18" />
</exclusive-start>
<allocation-taxation id="832" taxation-threshold="49283072" timestamp="2019-09-21T18:43:00.638" intervalms="48.757" />
<cycle-start id="833" type="partial gc" contextid="0" timestamp="2019-09-21T18:43:00.638" intervalms="48.746" />
<gc-start id="834" type="partial gc" contextid="833" timestamp="2019-09-21T18:43:00.638">
  <mem-info id="835" free="54525952" total="173015040" percent="31">
    <mem type="eden" free="0" total="49283072" percent="0" />
    <arraylet-primitive objects="2" leaves="2" largest="1" />
    <remembered-set count="41056" freebytes="6742016" totalbytes="6906240" percent="97" regionsoverflowed="0" regionsstable="3" regionsrebuilding="0"/>
  </mem-info>
</gc-start>
<allocation-stats totalBytes="49276568" >
  <allocated-bytes non-tlh="0" tlh="49276568" arrayletleaf="0"/>
  <largest-consumer threadName="Thread-11" threadId="0000000001EEE700" bytes="9390920" />
</allocation-stats>
<gc-op id="836" type="copy forward" timems="2.592" contextid="833" timestamp="2019-09-21T18:43:00.641">
  <memory-copied type="eden" objects="33163" bytes="1429584" bytesdiscarded="105336" />
  <memory-copied type="other" objects="17745" bytes="756480" bytesdiscarded="69488" />
  <memory-cardclean objects="11331" bytes="550512" />
  <regions eden="47" other="6" />
  <remembered-set-cleared processed="31591" cleared="4865" durationms="0.170" />
  <stringconstants candidates="4597" cleared="0"  />
</gc-op>
<gc-op id="837" type="classunload" timems="0.003" contextid="833" timestamp="2019-09-21T18:43:00.642">
  <classunload-info classloadercandidates="8" classloadersunloaded="0" classesunloaded="0" anonymousclassesunloaded="0" quiescems="0.000" setupms="0.003" scanms="0.000" postms="0.000" />
</gc-op>
<gc-end id="838" type="partial gc" contextid="833" durationms="3.576" usertimems="12.000" systemtimems="0.000" timestamp="2019-09-21T18:43:00.642" activeThreads="8">
  <mem-info id="839" free="102760448" total="173015040" percent="59">
    <mem type="eden" free="562232" total="2097152" percent="26" />
    <arraylet-primitive objects="2" leaves="2" largest="1" />
    <remembered-set count="38752" freebytes="6751232" totalbytes="6906240" percent="97" regionsoverflowed="0" regionsstable="3" regionsrebuilding="0"/>
  </mem-info>
</gc-end>
<cycle-end id="840" type="partial gc" contextid="833" timestamp="2019-09-21T18:43:00.642" />
  <attribute name="elasticGC enabled" value="1" />
  <attribute name= "numThreadsSpecified" value="8" />
  <attribute name="heapSize specified" value="0" />
  <attribute name="Current GC Util" value="109" />
  <attribute name= "Current Time Running" value="1916" />
  <attribute name ="GC Interval" value="0" />
  <attribute name="Target GC Util Change" value ="40.000000" />
  <attribute name="Current GC Util Change" value="109.000000"/>
  <attribute name="Current Error" value="-69.000000" />
  <attribute name="Output H" value="173090648"/>
  <attribute name="Output I" value="1936"/>
  <attribute name="Output T" value="8"/>
  <attribute name= "Current Time Running" value="1916" />
  <attribute name="GC Util currently" value="109" />
  <attribute name="CPU Util currently" value="8791397866073" />
<exclusive-end id="841" timestamp="2019-09-21T18:43:00.642" durationms="4.426" />

<exclusive-start id="842" timestamp="2019-09-21T18:43:00.706" intervalms="68.310">
  <response-info timems="0.061" idlems="0.061" threads="0" lastid="0000000001EE3300" lastname="Thread-18" />
</exclusive-start>
<allocation-taxation id="843" taxation-threshold="49283072" timestamp="2019-09-21T18:43:00.706" intervalms="68.275" />
<cycle-start id="844" type="partial gc" contextid="0" timestamp="2019-09-21T18:43:00.706" intervalms="68.267" />
<gc-start id="845" type="partial gc" contextid="844" timestamp="2019-09-21T18:43:00.706">
  <mem-info id="846" free="53477376" total="173015040" percent="30">
    <mem type="eden" free="0" total="49283072" percent="0" />
    <arraylet-primitive objects="2" leaves="2" largest="1" />
    <remembered-set count="38528" freebytes="6752128" totalbytes="6906240" percent="97" regionsoverflowed="0" regionsstable="3" regionsrebuilding="0"/>
  </mem-info>
</gc-start>
<allocation-stats totalBytes="49277200" >
  <allocated-bytes non-tlh="0" tlh="49277200" arrayletleaf="0"/>
  <largest-consumer threadName="Thread-13" threadId="0000000001EE6F00" bytes="8649712" />
</allocation-stats>
<gc-op id="847" type="copy forward" timems="2.756" contextid="844" timestamp="2019-09-21T18:43:00.710">
  <memory-copied type="eden" objects="9205" bytes="361304" bytesdiscarded="37208" />
  <memory-copied type="other" objects="40045" bytes="1785336" bytesdiscarded="111464" />
  <memory-cardclean objects="4046" bytes="201408" />
  <regions eden="47" other="4" />
  <remembered-set-cleared processed="29741" cleared="962" durationms="0.167" />
  <stringconstants candidates="4597" cleared="0"  />
</gc-op>
<gc-op id="848" type="classunload" timems="0.003" contextid="844" timestamp="2019-09-21T18:43:00.710">
  <classunload-info classloadercandidates="8" classloadersunloaded="0" classesunloaded="0" anonymousclassesunloaded="0" quiescems="0.000" setupms="0.003" scanms="0.000" postms="0.000" />
</gc-op>
<gc-end id="849" type="partial gc" contextid="844" durationms="3.740" usertimems="4.000" systemtimems="4.000" timestamp="2019-09-21T18:43:00.710" activeThreads="8">
  <mem-info id="850" free="100663296" total="173015040" percent="58">
    <mem type="eden" free="1698640" total="2097152" percent="80" />
    <arraylet-primitive objects="2" leaves="2" largest="1" />
    <remembered-set count="39488" freebytes="6748288" totalbytes="6906240" percent="97" regionsoverflowed="0" regionsstable="3" regionsrebuilding="0"/>
  </mem-info>
</gc-end>
<cycle-end id="851" type="partial gc" contextid="844" timestamp="2019-09-21T18:43:00.710" />
  <attribute name="elasticGC enabled" value="1" />
  <attribute name= "numThreadsSpecified" value="8" />
  <attribute name="heapSize specified" value="0" />
  <attribute name="Current GC Util" value="104" />
  <attribute name= "Current Time Running" value="1985" />
  <attribute name ="GC Interval" value="0" />
  <attribute name="Target GC Util Change" value ="40.000000" />
  <attribute name="Current GC Util Change" value="104.000000"/>
  <attribute name="Current Error" value="-108.000000" />
  <attribute name="Output H" value="173090600"/>
  <attribute name="Output I" value="1888"/>
  <attribute name="Output T" value="8"/>
  <attribute name= "Current Time Running" value="1985" />
  <attribute name="GC Util currently" value="104" />
  <attribute name="CPU Util currently" value="8252749604596" />
<exclusive-end id="852" timestamp="2019-09-21T18:43:00.710" durationms="4.489" />

<exclusive-start id="853" timestamp="2019-09-21T18:43:00.746" intervalms="40.208">
  <response-info timems="0.067" idlems="0.067" threads="0" lastid="0000000001EDF700" lastname="Thread-12" />
</exclusive-start>
<allocation-taxation id="854" taxation-threshold="49283072" timestamp="2019-09-21T18:43:00.746" intervalms="40.230" />
<cycle-start id="855" type="partial gc" contextid="0" timestamp="2019-09-21T18:43:00.746" intervalms="40.226" />
<gc-start id="856" type="partial gc" contextid="855" timestamp="2019-09-21T18:43:00.747">
  <mem-info id="857" free="51380224" total="173015040" percent="29">
    <mem type="eden" free="0" total="49283072" percent="0" />
    <arraylet-primitive objects="2" leaves="2" largest="1" />
    <remembered-set count="39040" freebytes="6750080" totalbytes="6906240" percent="97" regionsoverflowed="0" regionsstable="3" regionsrebuilding="0"/>
  </mem-info>
</gc-start>
<allocation-stats totalBytes="49276216" >
  <allocated-bytes non-tlh="0" tlh="49276216" arrayletleaf="0"/>
  <largest-consumer threadName="Thread-11" threadId="0000000001EEE700" bytes="9181936" />
</allocation-stats>
<gc-op id="858" type="copy forward" timems="2.693" contextid="855" timestamp="2019-09-21T18:43:00.750">
  <memory-copied type="eden" objects="8217" bytes="337096" bytesdiscarded="41128" />
  <memory-copied type="other" objects="39227" bytes="1765704" bytesdiscarded="121824" />
  <memory-cardclean objects="4521" bytes="224064" />
  <regions eden="47" other="6" />
  <remembered-set-cleared processed="30132" cleared="1371" durationms="0.175" />
  <stringconstants candidates="4597" cleared="0"  />
</gc-op>
<gc-op id="859" type="classunload" timems="0.003" contextid="855" timestamp="2019-09-21T18:43:00.750">
  <classunload-info classloadercandidates="8" classloadersunloaded="0" classesunloaded="0" anonymousclassesunloaded="0" quiescems="0.000" setupms="0.003" scanms="0.000" postms="0.000" />
</gc-op>
<gc-end id="860" type="partial gc" contextid="855" durationms="3.665" usertimems="12.000" systemtimems="0.000" timestamp="2019-09-21T18:43:00.750" activeThreads="8">
  <mem-info id="861" free="100663296" total="173015040" percent="58">
    <mem type="eden" free="670352" total="1048576" percent="63" />
    <arraylet-primitive objects="2" leaves="2" largest="1" />
    <remembered-set count="40992" freebytes="6742272" totalbytes="6906240" percent="97" regionsoverflowed="0" regionsstable="3" regionsrebuilding="0"/>
  </mem-info>
</gc-end>
<cycle-end id="862" type="partial gc" contextid="855" timestamp="2019-09-21T18:43:00.750" />
  <attribute name="elasticGC enabled" value="1" />
  <attribute name= "numThreadsSpecified" value="8" />
  <attribute name="heapSize specified" value="0" />
  <attribute name="Current GC Util" value="104" />
  <attribute name= "Current Time Running" value="2025" />
  <attribute name ="GC Interval" value="0" />
  <attribute name="Target GC Util Change" value ="40.000000" />
  <attribute name="Current GC Util Change" value="104.000000"/>
  <attribute name="Current Error" value="-155.000000" />
  <attribute name="Output H" value="173090544"/>
  <attribute name="Output I" value="1832"/>
  <attribute name="Output T" value="8"/>
  <attribute name= "Current Time Running" value="2025" />
  <attribute name="GC Util currently" value="104" />
  <attribute name="CPU Util currently" value="8386713456208" />
<exclusive-end id="863" timestamp="2019-09-21T18:43:00.751" durationms="4.495" />

<exclusive-start id="864" timestamp="2019-09-21T18:43:00.775" intervalms="29.347">
  <response-info timems="0.049" idlems="0.049" threads="0" lastid="0000000001EE3300" lastname="Thread-18" />
</exclusive-start>
<allocation-taxation id="865" taxation-threshold="49283072" timestamp="2019-09-21T18:43:00.776" intervalms="29.379" />
<cycle-start id="866" type="partial gc" contextid="0" timestamp="2019-09-21T18:43:00.776" intervalms="29.412" />
<gc-start id="867" type="partial gc" contextid="866" timestamp="2019-09-21T18:43:00.776">
  <mem-info id="868" free="51380224" total="173015040" percent="29">
    <mem type="eden" free="0" total="49283072" percent="0" />
    <arraylet-primitive objects="2" leaves="2" largest="1" />
    <remembered-set count="40896" freebytes="6742656" totalbytes="6906240" percent="97" regionsoverflowed="0" regionsstable="3" regionsrebuilding="0"/>
  </mem-info>
</gc-start>
<allocation-stats totalBytes="49276328" >
  <allocated-bytes non-tlh="0" tlh="49276328" arrayletleaf="0"/>
  <largest-consumer threadName="Thread-11" threadId="0000000001EEE700" bytes="9100032" />
</allocation-stats>
<gc-op id="869" type="copy forward" timems="2.744" contextid="866" timestamp="2019-09-21T18:43:00.780">
  <memory-copied type="eden" objects="9640" bytes="371648" bytesdiscarded="27392" />
  <memory-copied type="other" objects="40317" bytes="1787496" bytesdiscarded="86072" />
  <memory-cardclean objects="6485" bytes="341400" />
  <regions eden="47" other="5" />
  <remembered-set-cleared processed="30451" cleared="3096" durationms="0.163" />
  <stringconstants candidates="4597" cleared="0"  />
</gc-op>
<gc-op id="870" type="classunload" timems="0.004" contextid="866" timestamp="2019-09-21T18:43:00.780">
  <classunload-info classloadercandidates="8" classloadersunloaded="0" classesunloaded="0" anonymousclassesunloaded="0" quiescems="0.000" setupms="0.004" scanms="0.000" postms="0.000" />
</gc-op>
<gc-end id="871" type="partial gc" contextid="866" durationms="3.727" usertimems="0.000" systemtimems="8.000" timestamp="2019-09-21T18:43:00.780" activeThreads="8">
  <mem-info id="872" free="99614720" total="173015040" percent="57">
    <mem type="eden" free="649536" total="1048576" percent="61" />
    <arraylet-primitive objects="2" leaves="2" largest="1" />
    <remembered-set count="39744" freebytes="6747264" totalbytes="6906240" percent="97" regionsoverflowed="0" regionsstable="3" regionsrebuilding="0"/>
  </mem-info>
</gc-end>
<cycle-end id="873" type="partial gc" contextid="866" timestamp="2019-09-21T18:43:00.780" />
  <attribute name="elasticGC enabled" value="1" />
  <attribute name= "numThreadsSpecified" value="8" />
  <attribute name="heapSize specified" value="0" />
  <attribute name="Current GC Util" value="112" />
  <attribute name= "Current Time Running" value="2054" />
  <attribute name ="GC Interval" value="0" />
  <attribute name="Target GC Util Change" value ="40.000000" />
  <attribute name="Current GC Util Change" value="112.000000"/>
  <attribute name="Current Error" value="-72.000000" />
  <attribute name="Output H" value="173090640"/>
  <attribute name="Output I" value="1928"/>
  <attribute name="Output T" value="8"/>
  <attribute name= "Current Time Running" value="2054" />
  <attribute name="GC Util currently" value="112" />
  <attribute name="CPU Util currently" value="8397005850375" />
<exclusive-end id="874" timestamp="2019-09-21T18:43:00.780" durationms="4.530" />

<exclusive-start id="875" timestamp="2019-09-21T18:43:00.805" intervalms="29.936">
  <response-info timems="0.053" idlems="0.053" threads="0" lastid="0000000001EDF700" lastname="Thread-12" />
</exclusive-start>
<allocation-taxation id="876" taxation-threshold="49283072" timestamp="2019-09-21T18:43:00.805" intervalms="29.887" />
<cycle-start id="877" type="partial gc" contextid="0" timestamp="2019-09-21T18:43:00.806" intervalms="29.839" />
<gc-start id="878" type="partial gc" contextid="877" timestamp="2019-09-21T18:43:00.806">
  <mem-info id="879" free="50331648" total="173015040" percent="29">
    <mem type="eden" free="0" total="49283072" percent="0" />
    <arraylet-primitive objects="2" leaves="2" largest="1" />
    <remembered-set count="39520" freebytes="6748160" totalbytes="6906240" percent="97" regionsoverflowed="0" regionsstable="3" regionsrebuilding="0"/>
  </mem-info>
</gc-start>
<allocation-stats totalBytes="49276512" >
  <allocated-bytes non-tlh="0" tlh="49276512" arrayletleaf="0"/>
  <largest-consumer threadName="Thread-18" threadId="0000000001EE3300" bytes="9779720" />
</allocation-stats>
<gc-op id="880" type="copy forward" timems="2.469" contextid="877" timestamp="2019-09-21T18:43:00.809">
  <memory-copied type="eden" objects="8471" bytes="343808" bytesdiscarded="51448" />
  <memory-copied type="other" objects="33583" bytes="1496928" bytesdiscarded="167424" />
  <memory-cardclean objects="7942" bytes="426288" />
  <regions eden="47" other="3" />
  <remembered-set-cleared processed="30496" cleared="2158" durationms="0.152" />
  <stringconstants candidates="4597" cleared="0"  />
</gc-op>
<gc-op id="881" type="classunload" timems="0.003" contextid="877" timestamp="2019-09-21T18:43:00.809">
  <classunload-info classloadercandidates="8" classloadersunloaded="0" classesunloaded="0" anonymousclassesunloaded="0" quiescems="0.000" setupms="0.003" scanms="0.000" postms="0.000" />
</gc-op>
<heap-resize id="882" type="expand" space="default" amount="15728640" count="1" timems="0.136" reason="excessive time being spent in gc" timestamp="2019-09-21T18:43:00.809" />
<gc-end id="883" type="partial gc" contextid="877" durationms="3.497" usertimems="8.000" systemtimems="4.000" timestamp="2019-09-21T18:43:00.809" activeThreads="8">
  <mem-info id="884" free="113246208" total="188743680" percent="60">
    <mem type="eden" free="1701896" total="2097152" percent="81" />
    <arraylet-primitive objects="2" leaves="2" largest="1" />
    <remembered-set count="40608" freebytes="7371648" totalbytes="7534080" percent="97" regionsoverflowed="0" regionsstable="3" regionsrebuilding="0"/>
  </mem-info>
</gc-end>
<cycle-end id="885" type="partial gc" contextid="877" timestamp="2019-09-21T18:43:00.809" />
  <attribute name="elasticGC enabled" value="1" />
  <attribute name= "numThreadsSpecified" value="8" />
  <attribute name="heapSize specified" value="0" />
  <attribute name="Current GC Util" value="120" />
  <attribute name= "Current Time Running" value="2084" />
  <attribute name ="GC Interval" value="0" />
  <attribute name="Target GC Util Change" value ="40.000000" />
  <attribute name="Current GC Util Change" value="120.000000"/>
  <attribute name="Current Error" value="-144.000000" />
  <attribute name="Output H" value="173090560"/>
  <attribute name="Output I" value="1848"/>
  <attribute name="Output T" value="8"/>
  <attribute name= "Current Time Running" value="2084" />
  <attribute name="GC Util currently" value="120" />
  <attribute name="CPU Util currently" value="8813171724870" />
<exclusive-end id="886" timestamp="2019-09-21T18:43:00.810" durationms="4.289" />

<exclusive-start id="887" timestamp="2019-09-21T18:43:00.837" intervalms="31.724">
  <response-info timems="0.050" idlems="0.050" threads="0" lastid="0000000001EDF700" lastname="Thread-12" />
</exclusive-start>
<allocation-taxation id="888" taxation-threshold="53477376" timestamp="2019-09-21T18:43:00.837" intervalms="31.731" />
<cycle-start id="889" type="partial gc" contextid="0" timestamp="2019-09-21T18:43:00.837" intervalms="31.764" />
<gc-start id="890" type="partial gc" contextid="889" timestamp="2019-09-21T18:43:00.838">
  <mem-info id="891" free="59768832" total="188743680" percent="31">
    <mem type="eden" free="0" total="53477376" percent="0" />
    <arraylet-primitive objects="2" leaves="2" largest="1" />
    <remembered-set count="40608" freebytes="7371648" totalbytes="7534080" percent="97" regionsoverflowed="0" regionsstable="3" regionsrebuilding="0"/>
  </mem-info>
</gc-start>
<allocation-stats totalBytes="53469952" >
  <allocated-bytes non-tlh="0" tlh="53469952" arrayletleaf="0"/>
  <largest-consumer threadName="Thread-18" threadId="0000000001EE3300" bytes="10688984" />
</allocation-stats>
<gc-op id="892" type="copy forward" timems="2.737" contextid="889" timestamp="2019-09-21T18:43:00.841">
  <memory-copied type="eden" objects="10614" bytes="394808" bytesdiscarded="16336" />
  <memory-copied type="other" objects="44601" bytes="2042808" bytesdiscarded="204368" />
  <memory-cardclean objects="3561" bytes="201192" />
  <regions eden="51" other="6" />
  <remembered-set-cleared processed="30132" cleared="1661" durationms="0.165" />
  <stringconstants candidates="4597" cleared="0"  />
</gc-op>
<gc-op id="893" type="classunload" timems="0.005" contextid="889" timestamp="2019-09-21T18:43:00.841">
  <classunload-info classloadercandidates="8" classloadersunloaded="0" classesunloaded="0" anonymousclassesunloaded="0" quiescems="0.000" setupms="0.004" scanms="0.000" postms="0.000" />
</gc-op>
<heap-resize id="894" type="expand" space="default" amount="3145728" count="1" timems="0.066" reason="excessive time being spent in gc" timestamp="2019-09-21T18:43:00.841" />
<gc-end id="895" type="partial gc" contextid="889" durationms="3.749" usertimems="4.000" systemtimems="4.000" timestamp="2019-09-21T18:43:00.841" activeThreads="8">
  <mem-info id="896" free="115343360" total="191889408" percent="60">
    <mem type="eden" free="1686008" total="2097152" percent="80" />
    <arraylet-primitive objects="2" leaves="2" largest="1" />
    <remembered-set count="42272" freebytes="7490560" totalbytes="7659648" percent="97" regionsoverflowed="0" regionsstable="3" regionsrebuilding="0"/>
  </mem-info>
</gc-end>
<cycle-end id="897" type="partial gc" contextid="889" timestamp="2019-09-21T18:43:00.842" />
  <attribute name="elasticGC enabled" value="1" />
  <attribute name= "numThreadsSpecified" value="8" />
  <attribute name="heapSize specified" value="0" />
  <attribute name="Current GC Util" value="120" />
  <attribute name= "Current Time Running" value="2116" />
  <attribute name ="GC Interval" value="0" />
  <attribute name="Target GC Util Change" value ="40.000000" />
  <attribute name="Current GC Util Change" value="120.000000"/>
  <attribute name="Current Error" value="-211.000000" />
  <attribute name="Output H" value="188819120"/>
  <attribute name="Output I" value="1768"/>
  <attribute name="Output T" value="8"/>
  <attribute name= "Current Time Running" value="2116" />
  <attribute name="GC Util currently" value="120" />
  <attribute name="CPU Util currently" value="8316656798392" />
<exclusive-end id="898" timestamp="2019-09-21T18:43:00.842" durationms="4.717" />

<exclusive-start id="899" timestamp="2019-09-21T18:43:00.866" intervalms="28.890">
  <response-info timems="0.068" idlems="0.068" threads="0" lastid="0000000001ED7F00" lastname="Thread-17" />
</exclusive-start>
<allocation-taxation id="900" taxation-threshold="54525952" timestamp="2019-09-21T18:43:00.866" intervalms="28.882" />
<cycle-start id="901" type="partial gc" contextid="0" timestamp="2019-09-21T18:43:00.866" intervalms="28.894" />
<gc-start id="902" type="partial gc" contextid="901" timestamp="2019-09-21T18:43:00.867">
  <mem-info id="903" free="60817408" total="191889408" percent="31">
    <mem type="eden" free="0" total="54525952" percent="0" />
    <arraylet-primitive objects="2" leaves="2" largest="1" />
    <remembered-set count="41824" freebytes="7492352" totalbytes="7659648" percent="97" regionsoverflowed="0" regionsstable="3" regionsrebuilding="0"/>
  </mem-info>
</gc-start>
<allocation-stats totalBytes="54518216" >
  <allocated-bytes non-tlh="0" tlh="54518216" arrayletleaf="0"/>
  <largest-consumer threadName="Thread-18" threadId="0000000001EE3300" bytes="11639224" />
</allocation-stats>
<gc-op id="904" type="copy forward" timems="2.639" contextid="901" timestamp="2019-09-21T18:43:00.870">
  <memory-copied type="eden" objects="4734" bytes="116520" bytesdiscarded="14880" />
  <memory-copied type="other" objects="53196" bytes="2308464" bytesdiscarded="245744" />
  <memory-cardclean objects="4551" bytes="267288" />
  <regions eden="52" other="6" />
  <remembered-set-cleared processed="30530" cleared="2265" durationms="0.162" />
  <stringconstants candidates="4597" cleared="0"  />
</gc-op>
<gc-op id="905" type="classunload" timems="0.003" contextid="901" timestamp="2019-09-21T18:43:00.870">
  <classunload-info classloadercandidates="8" classloadersunloaded="0" classesunloaded="0" anonymousclassesunloaded="0" quiescems="0.000" setupms="0.003" scanms="0.000" postms="0.000" />
</gc-op>
<heap-resize id="906" type="expand" space="default" amount="2097152" count="1" timems="0.060" reason="excessive time being spent in gc" timestamp="2019-09-21T18:43:00.870" />
<gc-end id="907" type="partial gc" contextid="901" durationms="3.789" usertimems="12.000" systemtimems="0.000" timestamp="2019-09-21T18:43:00.870" activeThreads="8">
  <mem-info id="908" free="116391936" total="193986560" percent="60">
    <mem type="eden" free="1965752" total="2097152" percent="93" />
    <arraylet-primitive objects="2" leaves="2" largest="1" />
    <remembered-set count="42560" freebytes="7573120" totalbytes="7743360" percent="97" regionsoverflowed="0" regionsstable="3" regionsrebuilding="0"/>
  </mem-info>
</gc-end>
<cycle-end id="909" type="partial gc" contextid="901" timestamp="2019-09-21T18:43:00.871" />
  <attribute name="elasticGC enabled" value="1" />
  <attribute name= "numThreadsSpecified" value="8" />
  <attribute name="heapSize specified" value="0" />
  <attribute name="Current GC Util" value="114" />
  <attribute name= "Current Time Running" value="2145" />
  <attribute name ="GC Interval" value="0" />
  <attribute name="Target GC Util Change" value ="40.000000" />
  <attribute name="Current GC Util Change" value="114.000000"/>
  <attribute name="Current Error" value="-74.000000" />
  <attribute name="Output H" value="191965008"/>
  <attribute name="Output I" value="1928"/>
  <attribute name="Output T" value="8"/>
  <attribute name= "Current Time Running" value="2145" />
  <attribute name="GC Util currently" value="114" />
  <attribute name="CPU Util currently" value="8283196098670" />
<exclusive-end id="910" timestamp="2019-09-21T18:43:00.871" durationms="4.795" />

<exclusive-start id="911" timestamp="2019-09-21T18:43:00.892" intervalms="25.623">
  <response-info timems="0.055" idlems="0.055" threads="0" lastid="0000000001EEAB00" lastname="Thread-15" />
</exclusive-start>
<allocation-taxation id="912" taxation-threshold="54525952" timestamp="2019-09-21T18:43:00.892" intervalms="25.638" />
<cycle-start id="913" type="partial gc" contextid="0" timestamp="2019-09-21T18:43:00.892" intervalms="25.634" />
<gc-start id="914" type="partial gc" contextid="913" timestamp="2019-09-21T18:43:00.892">
  <mem-info id="915" free="61865984" total="193986560" percent="31">
    <mem type="eden" free="0" total="54525952" percent="0" />
    <arraylet-primitive objects="2" leaves="2" largest="1" />
    <remembered-set count="42432" freebytes="7573632" totalbytes="7743360" percent="97" regionsoverflowed="0" regionsstable="3" regionsrebuilding="0"/>
  </mem-info>
</gc-start>
<allocation-stats totalBytes="54518000" >
  <allocated-bytes non-tlh="0" tlh="54518000" arrayletleaf="0"/>
  <largest-consumer threadName="Thread-18" threadId="0000000001EE3300" bytes="12339424" />
</allocation-stats>
<gc-op id="916" type="copy forward" timems="2.565" contextid="913" timestamp="2019-09-21T18:43:00.895">
  <memory-copied type="eden" objects="4542" bytes="111760" bytesdiscarded="2888" />
  <memory-copied type="other" objects="50334" bytes="2113632" bytesdiscarded="179032" />
  <memory-cardclean objects="6718" bytes="390744" />
  <regions eden="52" other="6" />
  <remembered-set-cleared processed="31477" cleared="3060" durationms="0.162" />
  <stringconstants candidates="4597" cleared="0"  />
</gc-op>
<gc-op id="917" type="classunload" timems="0.003" contextid="913" timestamp="2019-09-21T18:43:00.896">
  <classunload-info classloadercandidates="8" classloadersunloaded="0" classesunloaded="0" anonymousclassesunloaded="0" quiescems="0.000" setupms="0.003" scanms="0.000" postms="0.000" />
</gc-op>
<gc-end id="918" type="partial gc" contextid="913" durationms="3.554" usertimems="12.000" systemtimems="0.000" timestamp="2019-09-21T18:43:00.896" activeThreads="8">
  <mem-info id="919" free="116391936" total="193986560" percent="60">
    <mem type="eden" free="933928" total="1048576" percent="89" />
    <arraylet-primitive objects="2" leaves="2" largest="1" />
    <remembered-set count="42720" freebytes="7572480" totalbytes="7743360" percent="97" regionsoverflowed="0" regionsstable="3" regionsrebuilding="0"/>
  </mem-info>
</gc-end>
<cycle-end id="920" type="partial gc" contextid="913" timestamp="2019-09-21T18:43:00.896" />
  <attribute name="elasticGC enabled" value="1" />
  <attribute name= "numThreadsSpecified" value="8" />
  <attribute name="heapSize specified" value="0" />
  <attribute name="Current GC Util" value="109" />
  <attribute name= "Current Time Running" value="2170" />
  <attribute name ="GC Interval" value="0" />
  <attribute name="Target GC Util Change" value ="40.000000" />
  <attribute name="Current GC Util Change" value="109.000000"/>
  <attribute name="Current Error" value="-143.000000" />
  <attribute name="Output H" value="194062080"/>
  <attribute name="Output I" value="1848"/>
  <attribute name="Output T" value="8"/>
  <attribute name= "Current Time Running" value="2170" />
  <attribute name="GC Util currently" value="109" />
  <attribute name="CPU Util currently" value="8469268335525" />
<exclusive-end id="921" timestamp="2019-09-21T18:43:00.896" durationms="4.279" />

<exclusive-start id="922" timestamp="2019-09-21T18:43:00.917" intervalms="25.784">
  <response-info timems="0.062" idlems="0.062" threads="0" lastid="0000000001EF2300" lastname="Thread-14" />
</exclusive-start>
<allocation-taxation id="923" taxation-threshold="54525952" timestamp="2019-09-21T18:43:00.918" intervalms="25.769" />
<cycle-start id="924" type="partial gc" contextid="0" timestamp="2019-09-21T18:43:00.918" intervalms="25.727" />
<gc-start id="925" type="partial gc" contextid="924" timestamp="2019-09-21T18:43:00.918">
  <mem-info id="926" free="61865984" total="193986560" percent="31">
    <mem type="eden" free="0" total="54525952" percent="0" />
    <arraylet-primitive objects="2" leaves="2" largest="1" />
    <remembered-set count="42688" freebytes="7572608" totalbytes="7743360" percent="97" regionsoverflowed="0" regionsstable="3" regionsrebuilding="0"/>
  </mem-info>
</gc-start>
<allocation-stats totalBytes="54517856" >
  <allocated-bytes non-tlh="0" tlh="54517856" arrayletleaf="0"/>
  <largest-consumer threadName="Thread-18" threadId="0000000001EE3300" bytes="11618624" />
</allocation-stats>
<gc-op id="927" type="copy forward" timems="2.679" contextid="924" timestamp="2019-09-21T18:43:00.921">
  <memory-copied type="eden" objects="10610" bytes="395064" bytesdiscarded="27360" />
  <memory-copied type="other" objects="42061" bytes="1762080" bytesdiscarded="169448" />
  <memory-cardclean objects="8929" bytes="514344" />
  <regions eden="52" other="5" />
  <remembered-set-cleared processed="32536" cleared="4078" durationms="0.168" />
  <stringconstants candidates="4597" cleared="0"  />
</gc-op>
<gc-op id="928" type="classunload" timems="0.004" contextid="924" timestamp="2019-09-21T18:43:00.921">
  <classunload-info classloadercandidates="8" classloadersunloaded="0" classesunloaded="0" anonymousclassesunloaded="0" quiescems="0.000" setupms="0.004" scanms="0.000" postms="0.000" />
</gc-op>
<heap-resize id="929" type="expand" space="default" amount="5242880" count="1" timems="0.078" reason="excessive time being spent in gc" timestamp="2019-09-21T18:43:00.921" />
<gc-end id="930" type="partial gc" contextid="924" durationms="3.728" usertimems="12.000" systemtimems="0.000" timestamp="2019-09-21T18:43:00.922" activeThreads="8">
  <mem-info id="931" free="119537664" total="199229440" percent="60">
    <mem type="eden" free="1674728" total="2097152" percent="79" />
    <arraylet-primitive objects="2" leaves="2" largest="1" />
    <remembered-set count="44960" freebytes="7772800" totalbytes="7952640" percent="97" regionsoverflowed="0" regionsstable="3" regionsrebuilding="0"/>
  </mem-info>
</gc-end>
<cycle-end id="932" type="partial gc" contextid="924" timestamp="2019-09-21T18:43:00.922" />
  <attribute name="elasticGC enabled" value="1" />
  <attribute name= "numThreadsSpecified" value="8" />
  <attribute name="heapSize specified" value="0" />
  <attribute name="Current GC Util" value="127" />
  <attribute name= "Current Time Running" value="2196" />
  <attribute name ="GC Interval" value="0" />
  <attribute name="Target GC Util Change" value ="40.000000" />
  <attribute name="Current GC Util Change" value="127.000000"/>
  <attribute name="Current Error" value="-228.000000" />
  <attribute name="Output H" value="194061984"/>
  <attribute name="Output I" value="1752"/>
  <attribute name="Output T" value="8"/>
  <attribute name= "Current Time Running" value="2196" />
  <attribute name="GC Util currently" value="127" />
  <attribute name="CPU Util currently" value="8958417822107" />
<exclusive-end id="933" timestamp="2019-09-21T18:43:00.922" durationms="4.386" />

<exclusive-start id="934" timestamp="2019-09-21T18:43:00.944" intervalms="26.349">
  <response-info timems="0.091" idlems="0.091" threads="0" lastid="0000000001ED7F00" lastname="Thread-17" />
</exclusive-start>
<allocation-taxation id="935" taxation-threshold="55574528" timestamp="2019-09-21T18:43:00.944" intervalms="26.447" />
<cycle-start id="936" type="partial gc" contextid="0" timestamp="2019-09-21T18:43:00.944" intervalms="26.513" />
<gc-start id="937" type="partial gc" contextid="936" timestamp="2019-09-21T18:43:00.944">
  <mem-info id="938" free="63963136" total="199229440" percent="32">
    <mem type="eden" free="0" total="55574528" percent="0" />
    <arraylet-primitive objects="2" leaves="2" largest="1" />
    <remembered-set count="44672" freebytes="7773952" totalbytes="7952640" percent="97" regionsoverflowed="0" regionsstable="3" regionsrebuilding="0"/>
  </mem-info>
</gc-start>
<allocation-stats totalBytes="55566616" >
  <allocated-bytes non-tlh="0" tlh="55566616" arrayletleaf="0"/>
  <largest-consumer threadName="Thread-12" threadId="0000000001EDF700" bytes="10803760" />
</allocation-stats>
<gc-op id="939" type="copy forward" timems="2.742" contextid="936" timestamp="2019-09-21T18:43:00.948">
  <memory-copied type="eden" objects="8063" bytes="333904" bytesdiscarded="23240" />
  <memory-copied type="other" objects="41426" bytes="1737264" bytesdiscarded="184672" />
  <memory-cardclean objects="10673" bytes="580344" />
  <regions eden="53" other="6" />
  <remembered-set-cleared processed="33549" cleared="4623" durationms="0.187" />
  <stringconstants candidates="4597" cleared="0"  />
</gc-op>
<gc-op id="940" type="classunload" timems="0.002" contextid="936" timestamp="2019-09-21T18:43:00.948">
  <classunload-info classloadercandidates="8" classloadersunloaded="0" classesunloaded="0" anonymousclassesunloaded="0" quiescems="0.000" setupms="0.002" scanms="0.000" postms="0.000" />
</gc-op>
<gc-end id="941" type="partial gc" contextid="936" durationms="3.930" usertimems="8.000" systemtimems="4.000" timestamp="2019-09-21T18:43:00.948" activeThreads="8">
  <mem-info id="942" free="120586240" total="199229440" percent="60">
    <mem type="eden" free="691432" total="1048576" percent="65" />
    <arraylet-primitive objects="2" leaves="2" largest="1" />
    <remembered-set count="44544" freebytes="7774464" totalbytes="7952640" percent="97" regionsoverflowed="0" regionsstable="3" regionsrebuilding="0"/>
  </mem-info>
</gc-end>
<cycle-end id="943" type="partial gc" contextid="936" timestamp="2019-09-21T18:43:00.948" />
  <attribute name="elasticGC enabled" value="1" />
  <attribute name= "numThreadsSpecified" value="8" />
  <attribute name="heapSize specified" value="0" />
  <attribute name="Current GC Util" value="100" />
  <attribute name= "Current Time Running" value="2223" />
  <attribute name ="GC Interval" value="0" />
  <attribute name="Target GC Util Change" value ="40.000000" />
  <attribute name="Current GC Util Change" value="100.000000"/>
  <attribute name="Current Error" value="-60.000000" />
  <attribute name="Output H" value="199305056"/>
  <attribute name="Output I" value="1944"/>
  <attribute name="Output T" value="8"/>
  <attribute name= "Current Time Running" value="2223" />
  <attribute name="GC Util currently" value="100" />
  <attribute name="CPU Util currently" value="7621135040694" />
<exclusive-end id="944" timestamp="2019-09-21T18:43:00.949" durationms="4.908" />

<exclusive-start id="945" timestamp="2019-09-21T18:43:00.969" intervalms="25.593">
  <response-info timems="0.054" idlems="0.054" threads="0" lastid="0000000001EE3300" lastname="Thread-18" />
</exclusive-start>
<allocation-taxation id="946" taxation-threshold="55574528" timestamp="2019-09-21T18:43:00.970" intervalms="25.552" />
<cycle-start id="947" type="partial gc" contextid="0" timestamp="2019-09-21T18:43:00.970" intervalms="25.908" />
<gc-start id="948" type="partial gc" contextid="947" timestamp="2019-09-21T18:43:00.970">
  <mem-info id="949" free="65011712" total="199229440" percent="32">
    <mem type="eden" free="0" total="55574528" percent="0" />
    <arraylet-primitive objects="2" leaves="2" largest="1" />
    <remembered-set count="44512" freebytes="7774592" totalbytes="7952640" percent="97" regionsoverflowed="0" regionsstable="3" regionsrebuilding="0"/>
  </mem-info>
</gc-start>
<allocation-stats totalBytes="55566496" >
  <allocated-bytes non-tlh="0" tlh="55566496" arrayletleaf="0"/>
  <largest-consumer threadName="Thread-12" threadId="0000000001EDF700" bytes="12134896" />
</allocation-stats>
<gc-op id="950" type="copy forward" timems="2.990" contextid="947" timestamp="2019-09-21T18:43:00.974">
  <memory-copied type="eden" objects="9321" bytes="364264" bytesdiscarded="28696" />
  <memory-copied type="other" objects="37758" bytes="1537224" bytesdiscarded="197112" />
  <memory-cardclean objects="15146" bytes="794472" />
  <regions eden="53" other="5" />
  <remembered-set-cleared processed="33229" cleared="4508" durationms="0.198" />
  <stringconstants candidates="4597" cleared="0"  />
</gc-op>
<gc-op id="951" type="classunload" timems="0.003" contextid="947" timestamp="2019-09-21T18:43:00.974">
  <classunload-info classloadercandidates="8" classloadersunloaded="0" classesunloaded="0" anonymousclassesunloaded="0" quiescems="0.000" setupms="0.003" scanms="0.000" postms="0.000" />
</gc-op>
<heap-resize id="952" type="expand" space="default" amount="3145728" count="1" timems="0.083" reason="excessive time being spent in gc" timestamp="2019-09-21T18:43:00.974" />
<gc-end id="953" type="partial gc" contextid="947" durationms="4.190" usertimems="4.000" systemtimems="8.000" timestamp="2019-09-21T18:43:00.975" activeThreads="8">
  <mem-info id="954" free="121634816" total="202375168" percent="60">
    <mem type="eden" free="1704192" total="2097152" percent="81" />
    <arraylet-primitive objects="2" leaves="2" largest="1" />
    <remembered-set count="45056" freebytes="7897984" totalbytes="8078208" percent="97" regionsoverflowed="0" regionsstable="3" regionsrebuilding="0"/>
  </mem-info>
</gc-end>
<cycle-end id="955" type="partial gc" contextid="947" timestamp="2019-09-21T18:43:00.975" />
  <attribute name="elasticGC enabled" value="1" />
  <attribute name= "numThreadsSpecified" value="8" />
  <attribute name="heapSize specified" value="0" />
  <attribute name="Current GC Util" value="116" />
  <attribute name= "Current Time Running" value="2249" />
  <attribute name ="GC Interval" value="0" />
  <attribute name="Target GC Util Change" value ="40.000000" />
  <attribute name="Current GC Util Change" value="116.000000"/>
  <attribute name="Current Error" value="-135.000000" />
  <attribute name="Output H" value="199304968"/>
  <attribute name="Output I" value="1856"/>
  <attribute name="Output T" value="8"/>
  <attribute name= "Current Time Running" value="2249" />
  <attribute name="GC Util currently" value="116" />
  <attribute name="CPU Util currently" value="7740065780428" />
<exclusive-end id="956" timestamp="2019-09-21T18:43:00.975" durationms="5.546" />

<exclusive-start id="957" timestamp="2019-09-21T18:43:00.997" intervalms="28.060">
  <response-info timems="0.063" idlems="0.063" threads="0" lastid="0000000001EF2300" lastname="Thread-14" />
</exclusive-start>
<allocation-taxation id="958" taxation-threshold="56623104" timestamp="2019-09-21T18:43:00.998" intervalms="28.083" />
<cycle-start id="959" type="partial gc" contextid="0" timestamp="2019-09-21T18:43:00.998" intervalms="27.769" />
<gc-start id="960" type="partial gc" contextid="959" timestamp="2019-09-21T18:43:00.998">
  <mem-info id="961" free="65011712" total="202375168" percent="32">
    <mem type="eden" free="0" total="56623104" percent="0" />
    <arraylet-primitive objects="2" leaves="2" largest="1" />
    <remembered-set count="44864" freebytes="7898752" totalbytes="8078208" percent="97" regionsoverflowed="0" regionsstable="3" regionsrebuilding="0"/>
  </mem-info>
</gc-start>
<allocation-stats totalBytes="56615320" >
  <allocated-bytes non-tlh="0" tlh="56615320" arrayletleaf="0"/>
  <largest-consumer threadName="Thread-18" threadId="0000000001EE3300" bytes="12536344" />
</allocation-stats>
<gc-op id="962" type="copy forward" timems="3.162" contextid="959" timestamp="2019-09-21T18:43:01.002">
  <memory-copied type="eden" objects="3144" bytes="78128" bytesdiscarded="19872" />
  <memory-copied type="other" objects="43846" bytes="1820712" bytesdiscarded="124904" />
  <memory-cardclean objects="13987" bytes="716232" />
  <regions eden="54" other="6" />
  <remembered-set-cleared processed="33531" cleared="4022" durationms="0.190" />
  <stringconstants candidates="4597" cleared="0"  />
</gc-op>
<gc-op id="963" type="classunload" timems="0.003" contextid="959" timestamp="2019-09-21T18:43:01.002">
  <classunload-info classloadercandidates="8" classloadersunloaded="0" classesunloaded="0" anonymousclassesunloaded="0" quiescems="0.000" setupms="0.003" scanms="0.000" postms="0.000" />
</gc-op>
<heap-resize id="964" type="expand" space="default" amount="2097152" count="1" timems="0.074" reason="excessive time being spent in gc" timestamp="2019-09-21T18:43:01.003" />
<gc-end id="965" type="partial gc" contextid="959" durationms="4.512" usertimems="8.000" systemtimems="4.000" timestamp="2019-09-21T18:43:01.003" activeThreads="8">
  <mem-info id="966" free="122683392" total="204472320" percent="60">
    <mem type="eden" free="1999152" total="2097152" percent="95" />
    <arraylet-primitive objects="2" leaves="2" largest="1" />
    <remembered-set count="46976" freebytes="7974016" totalbytes="8161920" percent="97" regionsoverflowed="0" regionsstable="3" regionsrebuilding="0"/>
  </mem-info>
</gc-end>
<cycle-end id="967" type="partial gc" contextid="959" timestamp="2019-09-21T18:43:01.003" />
  <attribute name="elasticGC enabled" value="1" />
  <attribute name= "numThreadsSpecified" value="8" />
  <attribute name="heapSize specified" value="0" />
  <attribute name="Current GC Util" value="93" />
  <attribute name= "Current Time Running" value="2277" />
  <attribute name ="GC Interval" value="0" />
  <attribute name="Target GC Util Change" value ="40.000000" />
  <attribute name="Current GC Util Change" value="93.000000"/>
  <attribute name="Current Error" value="-187.000000" />
  <attribute name="Output H" value="202450640"/>
  <attribute name="Output I" value="1800"/>
  <attribute name="Output T" value="8"/>
  <attribute name= "Current Time Running" value="2277" />
  <attribute name="GC Util currently" value="93" />
  <attribute name="CPU Util currently" value="6170684833444" />
<exclusive-end id="968" timestamp="2019-09-21T18:43:01.003" durationms="5.765" />

<exclusive-start id="969" timestamp="2019-09-21T18:43:01.026" intervalms="28.484">
  <response-info timems="0.061" idlems="0.061" threads="0" lastid="0000000001EDBB00" lastname="Thread-16" />
</exclusive-start>
<allocation-taxation id="970" taxation-threshold="57671680" timestamp="2019-09-21T18:43:01.026" intervalms="28.462" />
<cycle-start id="971" type="partial gc" contextid="0" timestamp="2019-09-21T18:43:01.026" intervalms="28.449" />
<gc-start id="972" type="partial gc" contextid="971" timestamp="2019-09-21T18:43:01.027">
  <mem-info id="973" free="65011712" total="204472320" percent="31">
    <mem type="eden" free="0" total="57671680" percent="0" />
    <arraylet-primitive objects="2" leaves="2" largest="1" />
    <remembered-set count="46688" freebytes="7975168" totalbytes="8161920" percent="97" regionsoverflowed="0" regionsstable="3" regionsrebuilding="0"/>
  </mem-info>
</gc-start>
<allocation-stats totalBytes="57663152" >
  <allocated-bytes non-tlh="0" tlh="57663152" arrayletleaf="0"/>
  <largest-consumer threadName="Thread-18" threadId="0000000001EE3300" bytes="12613840" />
</allocation-stats>
<gc-op id="974" type="copy forward" timems="2.746" contextid="971" timestamp="2019-09-21T18:43:01.030">
  <memory-copied type="eden" objects="3557" bytes="88144" bytesdiscarded="2832" />
  <memory-copied type="other" objects="25232" bytes="1017696" bytesdiscarded="84432" />
  <memory-cardclean objects="14726" bytes="770160" />
  <regions eden="55" other="5" />
  <remembered-set-cleared processed="34716" cleared="3252" durationms="0.193" />
  <stringconstants candidates="4597" cleared="0"  />
</gc-op>
<gc-op id="975" type="classunload" timems="0.003" contextid="971" timestamp="2019-09-21T18:43:01.030">
  <classunload-info classloadercandidates="8" classloadersunloaded="0" classesunloaded="0" anonymousclassesunloaded="0" quiescems="0.000" setupms="0.002" scanms="0.000" postms="0.000" />
</gc-op>
<heap-resize id="976" type="expand" space="default" amount="3145728" count="1" timems="0.078" reason="excessive time being spent in gc" timestamp="2019-09-21T18:43:01.030" />
<gc-end id="977" type="partial gc" contextid="971" durationms="4.081" usertimems="12.000" systemtimems="0.000" timestamp="2019-09-21T18:43:01.031" activeThreads="8">
  <mem-info id="978" free="124780544" total="207618048" percent="60">
    <mem type="eden" free="2006176" total="2097152" percent="95" />
    <arraylet-primitive objects="2" leaves="2" largest="1" />
    <remembered-set count="47776" freebytes="8096384" totalbytes="8287488" percent="97" regionsoverflowed="0" regionsstable="3" regionsrebuilding="0"/>
  </mem-info>
</gc-end>
<cycle-end id="979" type="partial gc" contextid="971" timestamp="2019-09-21T18:43:01.031" />
  <attribute name="elasticGC enabled" value="1" />
  <attribute name= "numThreadsSpecified" value="8" />
  <attribute name="heapSize specified" value="0" />
  <attribute name="Current GC Util" value="109" />
  <attribute name= "Current Time Running" value="2305" />
  <attribute name ="GC Interval" value="0" />
  <attribute name="Target GC Util Change" value ="40.000000" />
  <attribute name="Current GC Util Change" value="109.000000"/>
  <attribute name="Current Error" value="-69.000000" />
  <attribute name="Output H" value="204547928"/>
  <attribute name="Output I" value="1936"/>
  <attribute name="Output T" value="8"/>
  <attribute name= "Current Time Running" value="2305" />
  <attribute name="GC Util currently" value="109" />
  <attribute name="CPU Util currently" value="7302679614640" />
<exclusive-end id="980" timestamp="2019-09-21T18:43:01.031" durationms="5.097" />

<exclusive-start id="981" timestamp="2019-09-21T18:43:01.054" intervalms="28.182">
  <response-info timems="0.069" idlems="0.069" threads="0" lastid="0000000001EEAB00" lastname="Thread-15" />
</exclusive-start>
<allocation-taxation id="982" taxation-threshold="57671680" timestamp="2019-09-21T18:43:01.054" intervalms="28.175" />
<cycle-start id="983" type="partial gc" contextid="0" timestamp="2019-09-21T18:43:01.054" intervalms="28.179" />
<gc-start id="984" type="partial gc" contextid="983" timestamp="2019-09-21T18:43:01.055">
  <mem-info id="985" free="67108864" total="207618048" percent="32">
    <mem type="eden" free="0" total="57671680" percent="0" />
    <arraylet-primitive objects="2" leaves="2" largest="1" />
    <remembered-set count="47424" freebytes="8097792" totalbytes="8287488" percent="97" regionsoverflowed="0" regionsstable="3" regionsrebuilding="0"/>
  </mem-info>
</gc-start>
<allocation-stats totalBytes="57663672" >
  <allocated-bytes non-tlh="0" tlh="57663672" arrayletleaf="0"/>
  <largest-consumer threadName="Thread-18" threadId="0000000001EE3300" bytes="12126536" />
</allocation-stats>
<gc-op id="986" type="copy forward" timems="2.484" contextid="983" timestamp="2019-09-21T18:43:01.058">
  <memory-copied type="eden" objects="4241" bytes="104800" bytesdiscarded="3256" />
  <memory-copied type="other" objects="22663" bytes="900192" bytesdiscarded="52856" />
  <memory-cardclean objects="14076" bytes="752760" />
  <regions eden="55" other="4" />
  <remembered-set-cleared processed="36546" cleared="4212" durationms="0.201" />
  <stringconstants candidates="4597" cleared="0"  />
</gc-op>
<gc-op id="987" type="classunload" timems="0.004" contextid="983" timestamp="2019-09-21T18:43:01.058">
  <classunload-info classloadercandidates="8" classloadersunloaded="0" classesunloaded="0" anonymousclassesunloaded="0" quiescems="0.000" setupms="0.004" scanms="0.000" postms="0.000" />
</gc-op>
<gc-end id="988" type="partial gc" contextid="983" durationms="3.680" usertimems="8.000" systemtimems="0.000" timestamp="2019-09-21T18:43:01.058" activeThreads="8">
  <mem-info id="989" free="124780544" total="207618048" percent="60">
    <mem type="eden" free="940520" total="1048576" percent="89" />
    <arraylet-primitive objects="2" leaves="2" largest="1" />
    <remembered-set count="48736" freebytes="8092544" totalbytes="8287488" percent="97" regionsoverflowed="0" regionsstable="3" regionsrebuilding="0"/>
  </mem-info>
</gc-end>
<cycle-end id="990" type="partial gc" contextid="983" timestamp="2019-09-21T18:43:01.059" />
  <attribute name="elasticGC enabled" value="1" />
  <attribute name= "numThreadsSpecified" value="8" />
  <attribute name="heapSize specified" value="0" />
  <attribute name="Current GC Util" value="126" />
  <attribute name= "Current Time Running" value="2333" />
  <attribute name ="GC Interval" value="0" />
  <attribute name="Target GC Util Change" value ="40.000000" />
  <attribute name="Current GC Util Change" value="126.000000"/>
  <attribute name="Current Error" value="-149.000000" />
  <attribute name="Output H" value="207693560"/>
  <attribute name="Output I" value="1840"/>
  <attribute name="Output T" value="8"/>
  <attribute name= "Current Time Running" value="2333" />
  <attribute name="GC Util currently" value="126" />
  <attribute name="CPU Util currently" value="6996052684037" />
<exclusive-end id="991" timestamp="2019-09-21T18:43:01.059" durationms="4.716" />

<exclusive-start id="992" timestamp="2019-09-21T18:43:01.079" intervalms="24.822">
  <response-info timems="0.073" idlems="0.067" threads="1" lastid="0000000001EEE700" lastname="Thread-11" />
</exclusive-start>
<allocation-taxation id="993" taxation-threshold="57671680" timestamp="2019-09-21T18:43:01.079" intervalms="24.867" />
<cycle-start id="994" type="partial gc" contextid="0" timestamp="2019-09-21T18:43:01.079" intervalms="24.829" />
<gc-start id="995" type="partial gc" contextid="994" timestamp="2019-09-21T18:43:01.080">
  <mem-info id="996" free="67108864" total="207618048" percent="32">
    <mem type="eden" free="0" total="57671680" percent="0" />
    <arraylet-primitive objects="2" leaves="2" largest="1" />
    <remembered-set count="48448" freebytes="8093696" totalbytes="8287488" percent="97" regionsoverflowed="0" regionsstable="3" regionsrebuilding="0"/>
  </mem-info>
</gc-start>
<allocation-stats totalBytes="57663456" >
  <allocated-bytes non-tlh="0" tlh="57663456" arrayletleaf="0"/>
  <largest-consumer threadName="Thread-16" threadId="0000000001EDBB00" bytes="12834928" />
</allocation-stats>
<gc-op id="997" type="copy forward" timems="2.952" contextid="994" timestamp="2019-09-21T18:43:01.083">
  <memory-copied type="eden" objects="18065" bytes="711624" bytesdiscarded="21832" />
  <memory-copied type="other" objects="32331" bytes="1269600" bytesdiscarded="136904" />
  <memory-cardclean objects="17397" bytes="883464" />
  <regions eden="55" other="5" />
  <remembered-set-cleared processed="36519" cleared="6782" durationms="0.227" />
  <stringconstants candidates="4597" cleared="0"  />
</gc-op>
<gc-op id="998" type="classunload" timems="0.002" contextid="994" timestamp="2019-09-21T18:43:01.083">
  <classunload-info classloadercandidates="8" classloadersunloaded="0" classesunloaded="0" anonymousclassesunloaded="0" quiescems="0.000" setupms="0.002" scanms="0.000" postms="0.000" />
</gc-op>
<heap-resize id="999" type="expand" space="default" amount="2097152" count="1" timems="0.064" reason="excessive time being spent in gc" timestamp="2019-09-21T18:43:01.084" />
<gc-end id="1000" type="partial gc" contextid="994" durationms="4.160" usertimems="12.000" systemtimems="0.000" timestamp="2019-09-21T18:43:01.084" activeThreads="8">
  <mem-info id="1001" free="125829120" total="209715200" percent="60">
    <mem type="eden" free="315120" total="1048576" percent="30" />
    <arraylet-primitive objects="2" leaves="2" largest="1" />
    <remembered-set count="47744" freebytes="8180224" totalbytes="8371200" percent="97" regionsoverflowed="0" regionsstable="3" regionsrebuilding="0"/>
  </mem-info>
</gc-end>
<cycle-end id="1002" type="partial gc" contextid="994" timestamp="2019-09-21T18:43:01.084" />
  <attribute name="elasticGC enabled" value="1" />
  <attribute name= "numThreadsSpecified" value="8" />
  <attribute name="heapSize specified" value="0" />
  <attribute name="Current GC Util" value="125" />
  <attribute name= "Current Time Running" value="2358" />
  <attribute name ="GC Interval" value="0" />
  <attribute name="Target GC Util Change" value ="40.000000" />
  <attribute name="Current GC Util Change" value="125.000000"/>
  <attribute name="Current Error" value="-232.000000" />
  <attribute name="Output H" value="207693464"/>
  <attribute name="Output I" value="1744"/>
  <attribute name="Output T" value="8"/>
  <attribute name= "Current Time Running" value="2358" />
  <attribute name="GC Util currently" value="125" />
  <attribute name="CPU Util currently" value="7701572136565" />
<exclusive-end id="1003" timestamp="2019-09-21T18:43:01.084" durationms="5.348" />

<exclusive-start id="1004" timestamp="2019-09-21T18:43:01.105" intervalms="25.971">
  <response-info timems="0.158" idlems="0.158" threads="0" lastid="0000000001EEE700" lastname="Thread-11" />
</exclusive-start>
<allocation-taxation id="1005" taxation-threshold="58720256" timestamp="2019-09-21T18:43:01.105" intervalms="25.929" />
<cycle-start id="1006" type="partial gc" contextid="0" timestamp="2019-09-21T18:43:01.105" intervalms="25.984" />
<gc-start id="1007" type="partial gc" contextid="1006" timestamp="2019-09-21T18:43:01.106">
  <mem-info id="1008" free="67108864" total="209715200" percent="32">
    <mem type="eden" free="0" total="58720256" percent="0" />
    <arraylet-primitive objects="2" leaves="2" largest="1" />
    <remembered-set count="47680" freebytes="8180480" totalbytes="8371200" percent="97" regionsoverflowed="0" regionsstable="3" regionsrebuilding="0"/>
  </mem-info>
</gc-start>
<allocation-stats totalBytes="58711960" >
  <allocated-bytes non-tlh="0" tlh="58711960" arrayletleaf="0"/>
  <largest-consumer threadName="Thread-18" threadId="0000000001EE3300" bytes="9874048" />
</allocation-stats>
<gc-op id="1009" type="copy forward" timems="3.166" contextid="1006" timestamp="2019-09-21T18:43:01.110">
  <memory-copied type="eden" objects="8009" bytes="195464" bytesdiscarded="44976" />
  <memory-copied type="other" objects="45338" bytes="1856520" bytesdiscarded="159976" />
  <memory-cardclean objects="14469" bytes="762504" />
  <regions eden="56" other="5" />
  <remembered-set-cleared processed="36347" cleared="6718" durationms="0.198" />
  <stringconstants candidates="4597" cleared="0"  />
</gc-op>
<gc-op id="1010" type="classunload" timems="0.003" contextid="1006" timestamp="2019-09-21T18:43:01.110">
  <classunload-info classloadercandidates="8" classloadersunloaded="0" classesunloaded="0" anonymousclassesunloaded="0" quiescems="0.000" setupms="0.003" scanms="0.000" postms="0.000" />
</gc-op>
<heap-resize id="1011" type="expand" space="default" amount="5242880" count="1" timems="0.093" reason="excessive time being spent in gc" timestamp="2019-09-21T18:43:01.110" />
<gc-end id="1012" type="partial gc" contextid="1006" durationms="4.568" usertimems="12.000" systemtimems="4.000" timestamp="2019-09-21T18:43:01.110" activeThreads="8">
  <mem-info id="1013" free="128974848" total="214958080" percent="60">
    <mem type="eden" free="1856712" total="2097152" percent="88" />
    <arraylet-primitive objects="2" leaves="2" largest="1" />
    <remembered-set count="48928" freebytes="8384768" totalbytes="8580480" percent="97" regionsoverflowed="0" regionsstable="3" regionsrebuilding="0"/>
  </mem-info>
</gc-end>
<cycle-end id="1014" type="partial gc" contextid="1006" timestamp="2019-09-21T18:43:01.110" />
  <attribute name="elasticGC enabled" value="1" />
  <attribute name= "numThreadsSpecified" value="8" />
  <attribute name="heapSize specified" value="0" />
  <attribute name="Current GC Util" value="141" />
  <attribute name= "Current Time Running" value="2384" />
  <attribute name ="GC Interval" value="0" />
  <attribute name="Target GC Util Change" value ="40.000000" />
  <attribute name="Current GC Util Change" value="141.000000"/>
  <attribute name="Current Error" value="-101.000000" />
  <attribute name="Output H" value="209790768"/>
  <attribute name="Output I" value="1896"/>
  <attribute name="Output T" value="8"/>
  <attribute name= "Current Time Running" value="2384" />
  <attribute name="GC Util currently" value="141" />
  <attribute name="CPU Util currently" value="6923912835536" />
<exclusive-end id="1015" timestamp="2019-09-21T18:43:01.110" durationms="5.665" />

<exclusive-start id="1016" timestamp="2019-09-21T18:43:01.129" intervalms="23.992">
  <response-info timems="0.115" idlems="0.115" threads="0" lastid="0000000001EE6F00" lastname="Thread-13" />
</exclusive-start>
<allocation-taxation id="1017" taxation-threshold="59768832" timestamp="2019-09-21T18:43:01.129" intervalms="24.008" />
<cycle-start id="1018" type="partial gc" contextid="0" timestamp="2019-09-21T18:43:01.129" intervalms="23.983" />
<gc-start id="1019" type="partial gc" contextid="1018" timestamp="2019-09-21T18:43:01.130">
  <mem-info id="1020" free="69206016" total="214958080" percent="32">
    <mem type="eden" free="0" total="59768832" percent="0" />
    <arraylet-primitive objects="2" leaves="2" largest="1" />
    <remembered-set count="48832" freebytes="8385152" totalbytes="8580480" percent="97" regionsoverflowed="0" regionsstable="3" regionsrebuilding="0"/>
  </mem-info>
</gc-start>
<allocation-stats totalBytes="59759632" >
  <allocated-bytes non-tlh="0" tlh="59759632" arrayletleaf="0"/>
  <largest-consumer threadName="Thread-16" threadId="0000000001EDBB00" bytes="11053336" />
</allocation-stats>
<gc-op id="1021" type="copy forward" timems="3.126" contextid="1018" timestamp="2019-09-21T18:43:01.134">
  <memory-copied type="eden" objects="8866" bytes="353264" bytesdiscarded="20984" />
  <memory-copied type="other" objects="42746" bytes="1656936" bytesdiscarded="213552" />
  <memory-cardclean objects="13733" bytes="719352" />
  <regions eden="57" other="7" />
  <remembered-set-cleared processed="35359" cleared="6445" durationms="0.198" />
  <stringconstants candidates="4597" cleared="0"  />
</gc-op>
<gc-op id="1022" type="classunload" timems="0.003" contextid="1018" timestamp="2019-09-21T18:43:01.134">
  <classunload-info classloadercandidates="8" classloadersunloaded="0" classesunloaded="0" anonymousclassesunloaded="0" quiescems="0.000" setupms="0.003" scanms="0.000" postms="0.000" />
</gc-op>
<heap-resize id="1023" type="expand" space="default" amount="3145728" count="1" timems="0.079" reason="excessive time being spent in gc" timestamp="2019-09-21T18:43:01.134" />
<gc-end id="1024" type="partial gc" contextid="1018" durationms="4.420" usertimems="12.000" systemtimems="0.000" timestamp="2019-09-21T18:43:01.134" activeThreads="8">
  <mem-info id="1025" free="131072000" total="218103808" percent="60">
    <mem type="eden" free="1722904" total="2097152" percent="82" />
    <arraylet-primitive objects="2" leaves="2" largest="1" />
    <remembered-set count="48512" freebytes="8512000" totalbytes="8706048" percent="97" regionsoverflowed="0" regionsstable="3" regionsrebuilding="0"/>
  </mem-info>
</gc-end>
<cycle-end id="1026" type="partial gc" contextid="1018" timestamp="2019-09-21T18:43:01.134" />
  <attribute name="elasticGC enabled" value="1" />
  <attribute name= "numThreadsSpecified" value="8" />
  <attribute name="heapSize specified" value="0" />
  <attribute name="Current GC Util" value="120" />
  <attribute name= "Current Time Running" value="2408" />
  <attribute name ="GC Interval" value="0" />
  <attribute name="Target GC Util Change" value ="40.000000" />
  <attribute name="Current GC Util Change" value="120.000000"/>
  <attribute name="Current Error" value="-196.000000" />
  <attribute name="Output H" value="215033536"/>
  <attribute name="Output I" value="1784"/>
  <attribute name="Output T" value="8"/>
  <attribute name= "Current Time Running" value="2408" />
  <attribute name="GC Util currently" value="120" />
  <attribute name="CPU Util currently" value="7594102793882" />
<exclusive-end id="1027" timestamp="2019-09-21T18:43:01.134" durationms="5.473" />

<exclusive-start id="1028" timestamp="2019-09-21T18:43:01.151" intervalms="22.047">
  <response-info timems="0.051" idlems="0.051" threads="0" lastid="0000000001EDF700" lastname="Thread-12" />
</exclusive-start>
<allocation-taxation id="1029" taxation-threshold="60817408" timestamp="2019-09-21T18:43:01.151" intervalms="22.011" />
<cycle-start id="1030" type="partial gc" contextid="0" timestamp="2019-09-21T18:43:01.151" intervalms="22.019" />
<gc-start id="1031" type="partial gc" contextid="1030" timestamp="2019-09-21T18:43:01.152">
  <mem-info id="1032" free="70254592" total="218103808" percent="32">
    <mem type="eden" free="0" total="60817408" percent="0" />
    <arraylet-primitive objects="2" leaves="2" largest="1" />
    <remembered-set count="48128" freebytes="8513536" totalbytes="8706048" percent="97" regionsoverflowed="0" regionsstable="3" regionsrebuilding="0"/>
  </mem-info>
</gc-start>
<allocation-stats totalBytes="60809016" >
  <allocated-bytes non-tlh="0" tlh="60809016" arrayletleaf="0"/>
  <largest-consumer threadName="Thread-16" threadId="0000000001EDBB00" bytes="12229016" />
</allocation-stats>
<gc-op id="1033" type="copy forward" timems="2.819" contextid="1030" timestamp="2019-09-21T18:43:01.155">
  <memory-copied type="eden" objects="28753" bytes="1379824" bytesdiscarded="96616" />
  <memory-copied type="other" objects="17210" bytes="631944" bytesdiscarded="82616" />
  <memory-cardclean objects="8843" bytes="469488" />
  <regions eden="58" other="6" />
  <remembered-set-cleared processed="35512" cleared="5407" durationms="0.190" />
  <stringconstants candidates="4597" cleared="0"  />
</gc-op>
<gc-op id="1034" type="classunload" timems="0.003" contextid="1030" timestamp="2019-09-21T18:43:01.156">
  <classunload-info classloadercandidates="8" classloadersunloaded="0" classesunloaded="0" anonymousclassesunloaded="0" quiescems="0.000" setupms="0.002" scanms="0.000" postms="0.000" />
</gc-op>
<heap-resize id="1035" type="expand" space="default" amount="5242880" count="1" timems="0.095" reason="excessive time being spent in gc" timestamp="2019-09-21T18:43:01.156" />
<gc-end id="1036" type="partial gc" contextid="1030" durationms="4.281" usertimems="8.000" systemtimems="4.000" timestamp="2019-09-21T18:43:01.156" activeThreads="8">
  <mem-info id="1037" free="134217728" total="223346688" percent="60">
    <mem type="eden" free="1669288" total="3145728" percent="53" />
    <arraylet-primitive objects="2" leaves="2" largest="1" />
    <remembered-set count="45472" freebytes="8733440" totalbytes="8915328" percent="97" regionsoverflowed="0" regionsstable="3" regionsrebuilding="0"/>
  </mem-info>
</gc-end>
<cycle-end id="1038" type="partial gc" contextid="1030" timestamp="2019-09-21T18:43:01.156" />
  <attribute name="elasticGC enabled" value="1" />
  <attribute name= "numThreadsSpecified" value="8" />
  <attribute name="heapSize specified" value="0" />
  <attribute name="Current GC Util" value="105" />
  <attribute name= "Current Time Running" value="2430" />
  <attribute name ="GC Interval" value="0" />
  <attribute name="Target GC Util Change" value ="40.000000" />
  <attribute name="Current GC Util Change" value="105.000000"/>
  <attribute name="Current Error" value="-279.000000" />
  <attribute name="Output H" value="218179168"/>
  <attribute name="Output I" value="1688"/>
  <attribute name="Output T" value="8"/>
  <attribute name= "Current Time Running" value="2430" />
  <attribute name="GC Util currently" value="105" />
  <attribute name="CPU Util currently" value="6053702029503" />
<exclusive-end id="1039" timestamp="2019-09-21T18:43:01.156" durationms="5.366" />

<exclusive-start id="1040" timestamp="2019-09-21T18:43:01.172" intervalms="21.063">
  <response-info timems="0.048" idlems="0.048" threads="0" lastid="0000000001EDF700" lastname="Thread-12" />
</exclusive-start>
<allocation-taxation id="1041" taxation-threshold="61865984" timestamp="2019-09-21T18:43:01.172" intervalms="21.059" />
<cycle-start id="1042" type="partial gc" contextid="0" timestamp="2019-09-21T18:43:01.172" intervalms="20.982" />
<gc-start id="1043" type="partial gc" contextid="1042" timestamp="2019-09-21T18:43:01.172">
  <mem-info id="1044" free="72351744" total="223346688" percent="32">
    <mem type="eden" free="0" total="61865984" percent="0" />
    <arraylet-primitive objects="2" leaves="2" largest="1" />
    <remembered-set count="45152" freebytes="8734720" totalbytes="8915328" percent="97" regionsoverflowed="0" regionsstable="3" regionsrebuilding="0"/>
  </mem-info>
</gc-start>
<allocation-stats totalBytes="61857784" >
  <allocated-bytes non-tlh="0" tlh="61857784" arrayletleaf="0"/>
  <largest-consumer threadName="Thread-12" threadId="0000000001EDF700" bytes="11782504" />
</allocation-stats>
<gc-op id="1045" type="copy forward" timems="2.760" contextid="1042" timestamp="2019-09-21T18:43:01.176">
  <memory-copied type="eden" objects="12851" bytes="448880" bytesdiscarded="63888" />
  <memory-copied type="other" objects="36671" bytes="1648512" bytesdiscarded="121152" />
  <memory-cardclean objects="6594" bytes="342720" />
  <regions eden="59" other="5" />
  <remembered-set-cleared processed="34215" cleared="3278" durationms="0.194" />
  <stringconstants candidates="4597" cleared="0"  />
</gc-op>
<gc-op id="1046" type="classunload" timems="0.004" contextid="1042" timestamp="2019-09-21T18:43:01.176">
  <classunload-info classloadercandidates="8" classloadersunloaded="0" classesunloaded="0" anonymousclassesunloaded="0" quiescems="0.000" setupms="0.002" scanms="0.000" postms="0.000" />
</gc-op>
<gc-end id="1047" type="partial gc" contextid="1042" durationms="3.852" usertimems="12.000" systemtimems="0.000" timestamp="2019-09-21T18:43:01.176" activeThreads="8">
  <mem-info id="1048" free="134217728" total="223346688" percent="60">
    <mem type="eden" free="535808" total="1048576" percent="51" />
    <arraylet-primitive objects="2" leaves="2" largest="1" />
    <remembered-set count="46016" freebytes="8731264" totalbytes="8915328" percent="97" regionsoverflowed="0" regionsstable="3" regionsrebuilding="0"/>
  </mem-info>
</gc-end>
<cycle-end id="1049" type="partial gc" contextid="1042" timestamp="2019-09-21T18:43:01.176" />
  <attribute name="elasticGC enabled" value="1" />
  <attribute name= "numThreadsSpecified" value="8" />
  <attribute name="heapSize specified" value="0" />
  <attribute name="Current GC Util" value="116" />
  <attribute name= "Current Time Running" value="2451" />
  <attribute name ="GC Interval" value="0" />
  <attribute name="Target GC Util Change" value ="40.000000" />
  <attribute name="Current GC Util Change" value="116.000000"/>
  <attribute name="Current Error" value="-76.000000" />
  <attribute name="Output H" value="223422288"/>
  <attribute name="Output I" value="1928"/>
  <attribute name="Output T" value="8"/>
  <attribute name= "Current Time Running" value="2451" />
  <attribute name="GC Util currently" value="116" />
  <attribute name="CPU Util currently" value="7486794925392" />
<exclusive-end id="1050" timestamp="2019-09-21T18:43:01.177" durationms="4.810" />

<exclusive-start id="1051" timestamp="2019-09-21T18:43:01.193" intervalms="20.591">
  <response-info timems="0.051" idlems="0.051" threads="0" lastid="0000000001EDBB00" lastname="Thread-16" />
</exclusive-start>
<allocation-taxation id="1052" taxation-threshold="61865984" timestamp="2019-09-21T18:43:01.193" intervalms="20.669" />
<cycle-start id="1053" type="partial gc" contextid="0" timestamp="2019-09-21T18:43:01.193" intervalms="20.811" />
<gc-start id="1054" type="partial gc" contextid="1053" timestamp="2019-09-21T18:43:01.193">
  <mem-info id="1055" free="72351744" total="223346688" percent="32">
    <mem type="eden" free="0" total="61865984" percent="0" />
    <arraylet-primitive objects="2" leaves="2" largest="1" />
    <remembered-set count="45856" freebytes="8731904" totalbytes="8915328" percent="97" regionsoverflowed="0" regionsstable="3" regionsrebuilding="0"/>
  </mem-info>
</gc-start>
<allocation-stats totalBytes="61857456" >
  <allocated-bytes non-tlh="0" tlh="61857456" arrayletleaf="0"/>
  <largest-consumer threadName="Thread-12" threadId="0000000001EDF700" bytes="11786880" />
</allocation-stats>
<gc-op id="1056" type="copy forward" timems="2.878" contextid="1053" timestamp="2019-09-21T18:43:01.197">
  <memory-copied type="eden" objects="21917" bytes="941256" bytesdiscarded="99464" />
  <memory-copied type="other" objects="21312" bytes="923616" bytesdiscarded="115072" />
  <memory-cardclean objects="6153" bytes="321480" />
  <regions eden="59" other="5" />
  <remembered-set-cleared processed="34605" cleared="2741" durationms="0.200" />
  <stringconstants candidates="4597" cleared="0"  />
</gc-op>
<gc-op id="1057" type="classunload" timems="0.002" contextid="1053" timestamp="2019-09-21T18:43:01.197">
  <classunload-info classloadercandidates="8" classloadersunloaded="0" classesunloaded="0" anonymousclassesunloaded="0" quiescems="0.000" setupms="0.002" scanms="0.000" postms="0.000" />
</gc-op>
<gc-end id="1058" type="partial gc" contextid="1053" durationms="4.079" usertimems="12.000" systemtimems="0.000" timestamp="2019-09-21T18:43:01.197" activeThreads="8">
  <mem-info id="1059" free="134217728" total="223346688" percent="60">
    <mem type="eden" free="7856" total="1048576" percent="0" />
    <arraylet-primitive objects="2" leaves="2" largest="1" />
    <remembered-set count="45600" freebytes="8732928" totalbytes="8915328" percent="97" regionsoverflowed="0" regionsstable="3" regionsrebuilding="0"/>
  </mem-info>
</gc-end>
<cycle-end id="1060" type="partial gc" contextid="1053" timestamp="2019-09-21T18:43:01.198" />
  <attribute name="elasticGC enabled" value="1" />
  <attribute name= "numThreadsSpecified" value="8" />
  <attribute name="heapSize specified" value="0" />
  <attribute name="Current GC Util" value="122" />
  <attribute name= "Current Time Running" value="2472" />
  <attribute name ="GC Interval" value="0" />
  <attribute name="Target GC Util Change" value ="40.000000" />
  <attribute name="Current GC Util Change" value="122.000000"/>
  <attribute name="Current Error" value="-172.000000" />
  <attribute name="Output H" value="223422176"/>
  <attribute name="Output I" value="1816"/>
  <attribute name="Output T" value="8"/>
  <attribute name= "Current Time Running" value="2472" />
  <attribute name="GC Util currently" value="122" />
  <attribute name="CPU Util currently" value="7154204375144" />
<exclusive-end id="1061" timestamp="2019-09-21T18:43:01.198" durationms="5.172" />

<exclusive-start id="1062" timestamp="2019-09-21T18:43:01.213" intervalms="20.937">
  <response-info timems="0.109" idlems="0.109" threads="0" lastid="0000000001ED7F00" lastname="Thread-17" />
</exclusive-start>
<allocation-taxation id="1063" taxation-threshold="61865984" timestamp="2019-09-21T18:43:01.214" intervalms="20.875" />
<cycle-start id="1064" type="partial gc" contextid="0" timestamp="2019-09-21T18:43:01.214" intervalms="20.804" />
<gc-start id="1065" type="partial gc" contextid="1064" timestamp="2019-09-21T18:43:01.214">
  <mem-info id="1066" free="72351744" total="223346688" percent="32">
    <mem type="eden" free="0" total="61865984" percent="0" />
    <arraylet-primitive objects="2" leaves="2" largest="1" />
    <remembered-set count="45312" freebytes="8734080" totalbytes="8915328" percent="97" regionsoverflowed="0" regionsstable="3" regionsrebuilding="0"/>
  </mem-info>
</gc-start>
<allocation-stats totalBytes="61857616" >
  <allocated-bytes non-tlh="0" tlh="61857616" arrayletleaf="0"/>
  <largest-consumer threadName="Thread-16" threadId="0000000001EDBB00" bytes="12053208" />
</allocation-stats>
<gc-op id="1067" type="copy forward" timems="2.644" contextid="1064" timestamp="2019-09-21T18:43:01.218">
  <memory-copied type="eden" objects="7661" bytes="186336" bytesdiscarded="30504" />
  <memory-copied type="other" objects="41439" bytes="1818792" bytesdiscarded="151824" />
  <memory-cardclean objects="4752" bytes="254304" />
  <regions eden="59" other="3" />
  <remembered-set-cleared processed="33942" cleared="1500" durationms="0.183" />
  <stringconstants candidates="4597" cleared="0"  />
</gc-op>
<gc-op id="1068" type="classunload" timems="0.002" contextid="1064" timestamp="2019-09-21T18:43:01.218">
  <classunload-info classloadercandidates="8" classloadersunloaded="0" classesunloaded="0" anonymousclassesunloaded="0" quiescems="0.000" setupms="0.002" scanms="0.000" postms="0.000" />
</gc-op>
<heap-resize id="1069" type="expand" space="default" amount="2097152" count="1" timems="0.077" reason="excessive time being spent in gc" timestamp="2019-09-21T18:43:01.218" />
<gc-end id="1070" type="partial gc" contextid="1064" durationms="3.875" usertimems="12.000" systemtimems="0.000" timestamp="2019-09-21T18:43:01.218" activeThreads="8">
  <mem-info id="1071" free="135266304" total="225443840" percent="60">
    <mem type="eden" free="831736" total="1048576" percent="79" />
    <arraylet-primitive objects="2" leaves="2" largest="1" />
    <remembered-set count="46240" freebytes="8814080" totalbytes="8999040" percent="97" regionsoverflowed="0" regionsstable="3" regionsrebuilding="0"/>
  </mem-info>
</gc-end>
<cycle-end id="1072" type="partial gc" contextid="1064" timestamp="2019-09-21T18:43:01.218" />
  <attribute name="elasticGC enabled" value="1" />
  <attribute name= "numThreadsSpecified" value="8" />
  <attribute name="heapSize specified" value="0" />
  <attribute name="Current GC Util" value="132" />
  <attribute name= "Current Time Running" value="2493" />
  <attribute name ="GC Interval" value="0" />
  <attribute name="Target GC Util Change" value ="40.000000" />
  <attribute name="Current GC Util Change" value="132.000000"/>
  <attribute name="Current Error" value="-277.000000" />
  <attribute name="Output H" value="223422056"/>
  <attribute name="Output I" value="1696"/>
  <attribute name="Output T" value="8"/>
  <attribute name= "Current Time Running" value="2493" />
  <attribute name="GC Util currently" value="132" />
  <attribute name="CPU Util currently" value="8939246955547" />
<exclusive-end id="1073" timestamp="2019-09-21T18:43:01.218" durationms="4.944" />

<exclusive-start id="1074" timestamp="2019-09-21T18:43:01.234" intervalms="20.501">
  <response-info timems="0.068" idlems="0.068" threads="0" lastid="0000000001ED7F00" lastname="Thread-17" />
</exclusive-start>
<allocation-taxation id="1075" taxation-threshold="62914560" timestamp="2019-09-21T18:43:01.234" intervalms="20.528" />
<cycle-start id="1076" type="partial gc" contextid="0" timestamp="2019-09-21T18:43:01.234" intervalms="20.577" />
<gc-start id="1077" type="partial gc" contextid="1076" timestamp="2019-09-21T18:43:01.235">
  <mem-info id="1078" free="72351744" total="225443840" percent="32">
    <mem type="eden" free="0" total="62914560" percent="0" />
    <arraylet-primitive objects="2" leaves="2" largest="1" />
    <remembered-set count="46240" freebytes="8814080" totalbytes="8999040" percent="97" regionsoverflowed="0" regionsstable="3" regionsrebuilding="0"/>
  </mem-info>
</gc-start>
<allocation-stats totalBytes="62906048" >
  <allocated-bytes non-tlh="0" tlh="62906048" arrayletleaf="0"/>
  <largest-consumer threadName="Thread-16" threadId="0000000001EDBB00" bytes="12094080" />
</allocation-stats>
<gc-op id="1079" type="copy forward" timems="2.864" contextid="1076" timestamp="2019-09-21T18:43:01.239">
  <memory-copied type="eden" objects="16005" bytes="661488" bytesdiscarded="36760" />
  <memory-copied type="other" objects="34709" bytes="1519896" bytesdiscarded="113600" />
  <memory-cardclean objects="2501" bytes="142200" />
  <regions eden="60" other="6" />
  <remembered-set-cleared processed="34094" cleared="3792" durationms="0.192" />
  <stringconstants candidates="4597" cleared="0"  />
</gc-op>
<gc-op id="1080" type="classunload" timems="0.002" contextid="1076" timestamp="2019-09-21T18:43:01.239">
  <classunload-info classloadercandidates="8" classloadersunloaded="0" classesunloaded="0" anonymousclassesunloaded="0" quiescems="0.000" setupms="0.002" scanms="0.000" postms="0.000" />
</gc-op>
<heap-resize id="1081" type="expand" space="default" amount="3145728" count="1" timems="0.079" reason="excessive time being spent in gc" timestamp="2019-09-21T18:43:01.239" />
<gc-end id="1082" type="partial gc" contextid="1076" durationms="4.193" usertimems="8.000" systemtimems="4.000" timestamp="2019-09-21T18:43:01.239" activeThreads="8">
  <mem-info id="1083" free="137363456" total="228589568" percent="60">
    <mem type="eden" free="350328" total="1048576" percent="33" />
    <arraylet-primitive objects="2" leaves="2" largest="1" />
    <remembered-set count="45824" freebytes="8941312" totalbytes="9124608" percent="97" regionsoverflowed="0" regionsstable="3" regionsrebuilding="0"/>
  </mem-info>
</gc-end>
<cycle-end id="1084" type="partial gc" contextid="1076" timestamp="2019-09-21T18:43:01.239" />
  <attribute name="elasticGC enabled" value="1" />
  <attribute name= "numThreadsSpecified" value="8" />
  <attribute name="heapSize specified" value="0" />
  <attribute name="Current GC Util" value="141" />
  <attribute name= "Current Time Running" value="2513" />
  <attribute name ="GC Interval" value="0" />
  <attribute name="Target GC Util Change" value ="40.000000" />
  <attribute name="Current GC Util Change" value="141.000000"/>
  <attribute name="Current Error" value="-101.000000" />
  <attribute name="Output H" value="225519408"/>
  <attribute name="Output I" value="1896"/>
  <attribute name="Output T" value="8"/>
  <attribute name= "Current Time Running" value="2513" />
  <attribute name="GC Util currently" value="141" />
  <attribute name="CPU Util currently" value="7506536910363" />
<exclusive-end id="1085" timestamp="2019-09-21T18:43:01.239" durationms="5.215" />

<exclusive-start id="1086" timestamp="2019-09-21T18:43:01.255" intervalms="21.323">
  <response-info timems="0.093" idlems="0.093" threads="0" lastid="0000000001EDBB00" lastname="Thread-16" />
</exclusive-start>
<allocation-taxation id="1087" taxation-threshold="62914560" timestamp="2019-09-21T18:43:01.256" intervalms="21.355" />
<cycle-start id="1088" type="partial gc" contextid="0" timestamp="2019-09-21T18:43:01.256" intervalms="21.310" />
<gc-start id="1089" type="partial gc" contextid="1088" timestamp="2019-09-21T18:43:01.256">
  <mem-info id="1090" free="74448896" total="228589568" percent="32">
    <mem type="eden" free="0" total="62914560" percent="0" />
    <arraylet-primitive objects="2" leaves="2" largest="1" />
    <remembered-set count="45344" freebytes="8943232" totalbytes="9124608" percent="98" regionsoverflowed="0" regionsstable="3" regionsrebuilding="0"/>
  </mem-info>
</gc-start>
<allocation-stats totalBytes="62905952" >
  <allocated-bytes non-tlh="0" tlh="62905952" arrayletleaf="0"/>
  <largest-consumer threadName="Thread-16" threadId="0000000001EDBB00" bytes="12540304" />
</allocation-stats>
<gc-op id="1091" type="copy forward" timems="2.941" contextid="1088" timestamp="2019-09-21T18:43:01.260">
  <memory-copied type="eden" objects="19432" bytes="881440" bytesdiscarded="69344" />
  <memory-copied type="other" objects="26629" bytes="1188600" bytesdiscarded="89672" />
  <memory-cardclean objects="3500" bytes="197856" />
  <regions eden="60" other="4" />
  <remembered-set-cleared processed="33542" cleared="1936" durationms="0.186" />
  <stringconstants candidates="4597" cleared="0"  />
</gc-op>
<gc-op id="1092" type="classunload" timems="0.002" contextid="1088" timestamp="2019-09-21T18:43:01.260">
  <classunload-info classloadercandidates="8" classloadersunloaded="0" classesunloaded="0" anonymousclassesunloaded="0" quiescems="0.000" setupms="0.002" scanms="0.000" postms="0.000" />
</gc-op>
<heap-resize id="1093" type="expand" space="default" amount="2097152" count="1" timems="0.075" reason="excessive time being spent in gc" timestamp="2019-09-21T18:43:01.260" />
<gc-end id="1094" type="partial gc" contextid="1088" durationms="4.218" usertimems="12.000" systemtimems="0.000" timestamp="2019-09-21T18:43:01.260" activeThreads="8">
  <mem-info id="1095" free="138412032" total="230686720" percent="60">
    <mem type="eden" free="97792" total="1048576" percent="9" />
    <arraylet-primitive objects="2" leaves="2" largest="1" />
    <remembered-set count="45248" freebytes="9027328" totalbytes="9208320" percent="98" regionsoverflowed="0" regionsstable="3" regionsrebuilding="0"/>
  </mem-info>
</gc-end>
<cycle-end id="1096" type="partial gc" contextid="1088" timestamp="2019-09-21T18:43:01.260" />
  <attribute name="elasticGC enabled" value="1" />
  <attribute name= "numThreadsSpecified" value="8" />
  <attribute name="heapSize specified" value="0" />
  <attribute name="Current GC Util" value="115" />
  <attribute name= "Current Time Running" value="2535" />
  <attribute name ="GC Interval" value="0" />
  <attribute name="Target GC Util Change" value ="40.000000" />
  <attribute name="Current GC Util Change" value="115.000000"/>
  <attribute name="Current Error" value="-190.000000" />
  <attribute name="Output H" value="228665032"/>
  <attribute name="Output I" value="1792"/>
  <attribute name="Output T" value="8"/>
  <attribute name= "Current Time Running" value="2535" />
  <attribute name="GC Util currently" value="115" />
  <attribute name="CPU Util currently" value="7484753547565" />
<exclusive-end id="1097" timestamp="2019-09-21T18:43:01.261" durationms="5.287" />

<exclusive-start id="1098" timestamp="2019-09-21T18:43:01.278" intervalms="22.362">
  <response-info timems="0.101" idlems="0.101" threads="0" lastid="0000000001EEE700" lastname="Thread-11" />
</exclusive-start>
<allocation-taxation id="1099" taxation-threshold="63963136" timestamp="2019-09-21T18:43:01.278" intervalms="22.266" />
<cycle-start id="1100" type="partial gc" contextid="0" timestamp="2019-09-21T18:43:01.278" intervalms="22.323" />
<gc-start id="1101" type="partial gc" contextid="1100" timestamp="2019-09-21T18:43:01.278">
  <mem-info id="1102" free="74448896" total="230686720" percent="32">
    <mem type="eden" free="0" total="63963136" percent="0" />
    <arraylet-primitive objects="2" leaves="2" largest="1" />
    <remembered-set count="44800" freebytes="9029120" totalbytes="9208320" percent="98" regionsoverflowed="0" regionsstable="3" regionsrebuilding="0"/>
  </mem-info>
</gc-start>
<allocation-stats totalBytes="63954768" >
  <allocated-bytes non-tlh="0" tlh="63954768" arrayletleaf="0"/>
  <largest-consumer threadName="Thread-16" threadId="0000000001EDBB00" bytes="11827728" />
</allocation-stats>
<gc-op id="1103" type="copy forward" timems="2.796" contextid="1100" timestamp="2019-09-21T18:43:01.282">
  <memory-copied type="eden" objects="14326" bytes="621728" bytesdiscarded="101352" />
  <memory-copied type="other" objects="36742" bytes="1706064" bytesdiscarded="98680" />
  <memory-cardclean objects="3778" bytes="192168" />
  <regions eden="61" other="5" />
  <remembered-set-cleared processed="33530" cleared="1981" durationms="0.202" />
  <stringconstants candidates="4597" cleared="0"  />
</gc-op>
<gc-op id="1104" type="classunload" timems="0.002" contextid="1100" timestamp="2019-09-21T18:43:01.282">
  <classunload-info classloadercandidates="8" classloadersunloaded="0" classesunloaded="0" anonymousclassesunloaded="0" quiescems="0.000" setupms="0.002" scanms="0.000" postms="0.000" />
</gc-op>
<heap-resize id="1105" type="expand" space="default" amount="3145728" count="1" timems="0.082" reason="excessive time being spent in gc" timestamp="2019-09-21T18:43:01.282" />
<gc-end id="1106" type="partial gc" contextid="1100" durationms="4.212" usertimems="12.000" systemtimems="0.000" timestamp="2019-09-21T18:43:01.283" activeThreads="8">
  <mem-info id="1107" free="140509184" total="233832448" percent="60">
    <mem type="eden" free="325496" total="1048576" percent="31" />
    <arraylet-primitive objects="2" leaves="2" largest="1" />
    <remembered-set count="45184" freebytes="9153152" totalbytes="9333888" percent="98" regionsoverflowed="0" regionsstable="3" regionsrebuilding="0"/>
  </mem-info>
</gc-end>
<cycle-end id="1108" type="partial gc" contextid="1100" timestamp="2019-09-21T18:43:01.283" />
  <attribute name="elasticGC enabled" value="1" />
  <attribute name= "numThreadsSpecified" value="8" />
  <attribute name="heapSize specified" value="0" />
  <attribute name="Current GC Util" value="113" />
  <attribute name= "Current Time Running" value="2557" />
  <attribute name ="GC Interval" value="0" />
  <attribute name="Target GC Util Change" value ="40.000000" />
  <attribute name="Current GC Util Change" value="113.000000"/>
  <attribute name="Current Error" value="-277.000000" />
  <attribute name="Output H" value="230762088"/>
  <attribute name="Output I" value="1696"/>
  <attribute name="Output T" value="8"/>
  <attribute name= "Current Time Running" value="2557" />
  <attribute name="GC Util currently" value="113" />
  <attribute name="CPU Util currently" value="7117524299542" />
<exclusive-end id="1109" timestamp="2019-09-21T18:43:01.283" durationms="5.240" />

<exclusive-start id="1110" timestamp="2019-09-21T18:43:01.300" intervalms="21.954">
  <response-info timems="0.089" idlems="0.089" threads="0" lastid="0000000001EDF700" lastname="Thread-12" />
</exclusive-start>
<allocation-taxation id="1111" taxation-threshold="65011712" timestamp="2019-09-21T18:43:01.300" intervalms="21.948" />
<cycle-start id="1112" type="partial gc" contextid="0" timestamp="2019-09-21T18:43:01.300" intervalms="21.914" />
<gc-start id="1113" type="partial gc" contextid="1112" timestamp="2019-09-21T18:43:01.300">
  <mem-info id="1114" free="75497472" total="233832448" percent="32">
    <mem type="eden" free="0" total="65011712" percent="0" />
    <arraylet-primitive objects="2" leaves="2" largest="1" />
    <remembered-set count="44864" freebytes="9154432" totalbytes="9333888" percent="98" regionsoverflowed="0" regionsstable="3" regionsrebuilding="0"/>
  </mem-info>
</gc-start>
<allocation-stats totalBytes="65003152" >
  <allocated-bytes non-tlh="0" tlh="65003152" arrayletleaf="0"/>
  <largest-consumer threadName="Thread-18" threadId="0000000001EE3300" bytes="12982800" />
</allocation-stats>
<gc-op id="1115" type="copy forward" timems="2.707" contextid="1112" timestamp="2019-09-21T18:43:01.304">
  <memory-copied type="eden" objects="4569" bytes="112536" bytesdiscarded="27872" />
  <memory-copied type="other" objects="35483" bytes="1675848" bytesdiscarded="138256" />
  <memory-cardclean objects="5093" bytes="270528" />
  <regions eden="62" other="4" />
  <remembered-set-cleared processed="34305" cleared="2916" durationms="0.181" />
  <stringconstants candidates="4597" cleared="0"  />
</gc-op>
<gc-op id="1116" type="classunload" timems="0.002" contextid="1112" timestamp="2019-09-21T18:43:01.304">
  <classunload-info classloadercandidates="8" classloadersunloaded="0" classesunloaded="0" anonymousclassesunloaded="0" quiescems="0.000" setupms="0.002" scanms="0.000" postms="0.000" />
</gc-op>
<heap-resize id="1117" type="expand" space="default" amount="2097152" count="1" timems="0.073" reason="excessive time being spent in gc" timestamp="2019-09-21T18:43:01.304" />
<gc-end id="1118" type="partial gc" contextid="1112" durationms="4.027" usertimems="8.000" systemtimems="0.000" timestamp="2019-09-21T18:43:01.304" activeThreads="8">
  <mem-info id="1119" free="141557760" total="235929600" percent="60">
    <mem type="eden" free="908168" total="1048576" percent="86" />
    <arraylet-primitive objects="2" leaves="2" largest="1" />
    <remembered-set count="44672" freebytes="9238912" totalbytes="9417600" percent="98" regionsoverflowed="0" regionsstable="3" regionsrebuilding="0"/>
  </mem-info>
</gc-end>
<cycle-end id="1120" type="partial gc" contextid="1112" timestamp="2019-09-21T18:43:01.304" />
  <attribute name="elasticGC enabled" value="1" />
  <attribute name= "numThreadsSpecified" value="8" />
  <attribute name="heapSize specified" value="0" />
  <attribute name="Current GC Util" value="111" />
  <attribute name= "Current Time Running" value="2579" />
  <attribute name ="GC Interval" value="0" />
  <attribute name="Target GC Util Change" value ="40.000000" />
  <attribute name="Current GC Util Change" value="111.000000"/>
  <attribute name="Current Error" value="-71.000000" />
  <attribute name="Output H" value="233908048"/>
  <attribute name="Output I" value="1928"/>
  <attribute name="Output T" value="8"/>
  <attribute name= "Current Time Running" value="2579" />
  <attribute name="GC Util currently" value="111" />
  <attribute name="CPU Util currently" value="6670243062727" />
<exclusive-end id="1121" timestamp="2019-09-21T18:43:01.305" durationms="5.024" />

<exclusive-start id="1122" timestamp="2019-09-21T18:43:01.321" intervalms="21.585">
  <response-info timems="0.050" idlems="0.050" threads="0" lastid="0000000001EDF700" lastname="Thread-12" />
</exclusive-start>
<allocation-taxation id="1123" taxation-threshold="65011712" timestamp="2019-09-21T18:43:01.321" intervalms="21.676" />
<cycle-start id="1124" type="partial gc" contextid="0" timestamp="2019-09-21T18:43:01.322" intervalms="21.724" />
<gc-start id="1125" type="partial gc" contextid="1124" timestamp="2019-09-21T18:43:01.322">
  <mem-info id="1126" free="76546048" total="235929600" percent="32">
    <mem type="eden" free="0" total="65011712" percent="0" />
    <arraylet-primitive objects="2" leaves="2" largest="1" />
    <remembered-set count="44288" freebytes="9240448" totalbytes="9417600" percent="98" regionsoverflowed="0" regionsstable="3" regionsrebuilding="0"/>
  </mem-info>
</gc-start>
<allocation-stats totalBytes="65003008" >
  <allocated-bytes non-tlh="0" tlh="65003008" arrayletleaf="0"/>
  <largest-consumer threadName="Thread-18" threadId="0000000001EE3300" bytes="12364208" />
</allocation-stats>
<gc-op id="1127" type="copy forward" timems="3.010" contextid="1124" timestamp="2019-09-21T18:43:01.326">
  <memory-copied type="eden" objects="4545" bytes="112344" bytesdiscarded="5296" />
  <memory-copied type="other" objects="40048" bytes="1785408" bytesdiscarded="95840" />
  <memory-cardclean objects="5633" bytes="296448" />
  <regions eden="62" other="5" />
  <remembered-set-cleared processed="33009" cleared="1612" durationms="0.188" />
  <stringconstants candidates="4597" cleared="0"  />
</gc-op>
<gc-op id="1128" type="classunload" timems="0.003" contextid="1124" timestamp="2019-09-21T18:43:01.326">
  <classunload-info classloadercandidates="8" classloadersunloaded="0" classesunloaded="0" anonymousclassesunloaded="0" quiescems="0.000" setupms="0.003" scanms="0.000" postms="0.000" />
</gc-op>
<heap-resize id="1129" type="expand" space="default" amount="3145728" count="1" timems="0.079" reason="excessive time being spent in gc" timestamp="2019-09-21T18:43:01.326" />
<gc-end id="1130" type="partial gc" contextid="1124" durationms="4.413" usertimems="8.000" systemtimems="4.000" timestamp="2019-09-21T18:43:01.326" activeThreads="8">
  <mem-info id="1131" free="143654912" total="239075328" percent="60">
    <mem type="eden" free="930936" total="1048576" percent="88" />
    <arraylet-primitive objects="2" leaves="2" largest="1" />
    <remembered-set count="46080" freebytes="9358848" totalbytes="9543168" percent="98" regionsoverflowed="0" regionsstable="3" regionsrebuilding="0"/>
  </mem-info>
</gc-end>
<cycle-end id="1132" type="partial gc" contextid="1124" timestamp="2019-09-21T18:43:01.327" />
  <attribute name="elasticGC enabled" value="1" />
  <attribute name= "numThreadsSpecified" value="8" />
  <attribute name="heapSize specified" value="0" />
  <attribute name="Current GC Util" value="114" />
  <attribute name= "Current Time Running" value="2601" />
  <attribute name ="GC Interval" value="0" />
  <attribute name="Target GC Util Change" value ="40.000000" />
  <attribute name="Current GC Util Change" value="114.000000"/>
  <attribute name="Current Error" value="-156.000000" />
  <attribute name="Output H" value="236005104"/>
  <attribute name="Output I" value="1832"/>
  <attribute name="Output T" value="8"/>
  <attribute name= "Current Time Running" value="2601" />
  <attribute name="GC Util currently" value="114" />
  <attribute name="CPU Util currently" value="7222664907713" />
<exclusive-end id="1133" timestamp="2019-09-21T18:43:01.327" durationms="5.653" />

<exclusive-start id="1134" timestamp="2019-09-21T18:43:01.346" intervalms="25.146">
  <response-info timems="0.070" idlems="0.070" threads="0" lastid="0000000001EE6F00" lastname="Thread-13" />
</exclusive-start>
<allocation-taxation id="1135" taxation-threshold="66060288" timestamp="2019-09-21T18:43:01.347" intervalms="25.097" />
<cycle-start id="1136" type="partial gc" contextid="0" timestamp="2019-09-21T18:43:01.347" intervalms="24.963" />
<gc-start id="1137" type="partial gc" contextid="1136" timestamp="2019-09-21T18:43:01.347">
  <mem-info id="1138" free="77594624" total="239075328" percent="32">
    <mem type="eden" free="0" total="66060288" percent="0" />
    <arraylet-primitive objects="2" leaves="2" largest="1" />
    <remembered-set count="45632" freebytes="9360640" totalbytes="9543168" percent="98" regionsoverflowed="0" regionsstable="3" regionsrebuilding="0"/>
  </mem-info>
</gc-start>
<allocation-stats totalBytes="66051768" >
  <allocated-bytes non-tlh="0" tlh="66051768" arrayletleaf="0"/>
  <largest-consumer threadName="Thread-18" threadId="0000000001EE3300" bytes="14125232" />
</allocation-stats>
<gc-op id="1139" type="copy forward" timems="3.003" contextid="1136" timestamp="2019-09-21T18:43:01.351">
  <memory-copied type="eden" objects="4824" bytes="118808" bytesdiscarded="4416" />
  <memory-copied type="other" objects="37547" bytes="1588008" bytesdiscarded="137096" />
  <memory-cardclean objects="8224" bytes="439632" />
  <regions eden="63" other="4" />
  <remembered-set-cleared processed="33712" cleared="1575" durationms="0.166" />
  <stringconstants candidates="4597" cleared="0"  />
</gc-op>
<gc-op id="1140" type="classunload" timems="0.004" contextid="1136" timestamp="2019-09-21T18:43:01.351">
  <classunload-info classloadercandidates="8" classloadersunloaded="0" classesunloaded="0" anonymousclassesunloaded="0" quiescems="0.000" setupms="0.004" scanms="0.000" postms="0.000" />
</gc-op>
<heap-resize id="1141" type="expand" space="default" amount="5242880" count="1" timems="0.084" reason="excessive time being spent in gc" timestamp="2019-09-21T18:43:01.351" />
<gc-end id="1142" type="partial gc" contextid="1136" durationms="4.192" usertimems="4.000" systemtimems="12.000" timestamp="2019-09-21T18:43:01.351" activeThreads="8">
  <mem-info id="1143" free="146800640" total="244318208" percent="60">
    <mem type="eden" free="1973928" total="2097152" percent="94" />
    <arraylet-primitive objects="2" leaves="2" largest="1" />
    <remembered-set count="46944" freebytes="9564672" totalbytes="9752448" percent="98" regionsoverflowed="0" regionsstable="3" regionsrebuilding="0"/>
  </mem-info>
</gc-end>
<cycle-end id="1144" type="partial gc" contextid="1136" timestamp="2019-09-21T18:43:01.351" />
  <attribute name="elasticGC enabled" value="1" />
  <attribute name= "numThreadsSpecified" value="8" />
  <attribute name="heapSize specified" value="0" />
  <attribute name="Current GC Util" value="130" />
  <attribute name= "Current Time Running" value="2625" />
  <attribute name ="GC Interval" value="0" />
  <attribute name="Target GC Util Change" value ="40.000000" />
  <attribute name="Current GC Util Change" value="130.000000"/>
  <attribute name="Current Error" value="-256.000000" />
  <attribute name="Output H" value="239150720"/>
  <attribute name="Output I" value="1720"/>
  <attribute name="Output T" value="8"/>
  <attribute name= "Current Time Running" value="2625" />
  <attribute name="GC Util currently" value="130" />
  <attribute name="CPU Util currently" value="7951264993407" />
<exclusive-end id="1145" timestamp="2019-09-21T18:43:01.351" durationms="5.097" />

<exclusive-start id="1146" timestamp="2019-09-21T18:43:01.371" intervalms="25.081">
  <response-info timems="0.105" idlems="0.105" threads="0" lastid="0000000001EEE700" lastname="Thread-11" />
</exclusive-start>
<allocation-taxation id="1147" taxation-threshold="67108864" timestamp="2019-09-21T18:43:01.372" intervalms="25.063" />
<cycle-start id="1148" type="partial gc" contextid="0" timestamp="2019-09-21T18:43:01.372" intervalms="25.064" />
<gc-start id="1149" type="partial gc" contextid="1148" timestamp="2019-09-21T18:43:01.372">
  <mem-info id="1150" free="79691776" total="244318208" percent="32">
    <mem type="eden" free="0" total="67108864" percent="0" />
    <arraylet-primitive objects="2" leaves="2" largest="1" />
    <remembered-set count="46944" freebytes="9564672" totalbytes="9752448" percent="98" regionsoverflowed="0" regionsstable="3" regionsrebuilding="0"/>
  </mem-info>
</gc-start>
<allocation-stats totalBytes="67099840" >
  <allocated-bytes non-tlh="0" tlh="67099840" arrayletleaf="0"/>
  <largest-consumer threadName="Thread-12" threadId="0000000001EDF700" bytes="15485304" />
</allocation-stats>
<gc-op id="1151" type="copy forward" timems="3.274" contextid="1148" timestamp="2019-09-21T18:43:01.376">
  <memory-copied type="eden" objects="11095" bytes="406792" bytesdiscarded="21888" />
  <memory-copied type="other" objects="37765" bytes="1593240" bytesdiscarded="116488" />
  <memory-cardclean objects="9227" bytes="471936" />
  <regions eden="64" other="5" />
  <remembered-set-cleared processed="34905" cleared="2777" durationms="0.174" />
  <stringconstants candidates="4597" cleared="0"  />
</gc-op>
<gc-op id="1152" type="classunload" timems="0.003" contextid="1148" timestamp="2019-09-21T18:43:01.376">
  <classunload-info classloadercandidates="8" classloadersunloaded="0" classesunloaded="0" anonymousclassesunloaded="0" quiescems="0.000" setupms="0.003" scanms="0.000" postms="0.000" />
</gc-op>
<gc-end id="1153" type="partial gc" contextid="1148" durationms="4.346" usertimems="8.000" systemtimems="8.000" timestamp="2019-09-21T18:43:01.376" activeThreads="8">
  <mem-info id="1154" free="146800640" total="244318208" percent="60">
    <mem type="eden" free="619896" total="1048576" percent="59" />
    <arraylet-primitive objects="2" leaves="2" largest="1" />
    <remembered-set count="47968" freebytes="9560576" totalbytes="9752448" percent="98" regionsoverflowed="0" regionsstable="3" regionsrebuilding="0"/>
  </mem-info>
</gc-end>
<cycle-end id="1155" type="partial gc" contextid="1148" timestamp="2019-09-21T18:43:01.376" />
  <attribute name="elasticGC enabled" value="1" />
  <attribute name= "numThreadsSpecified" value="8" />
  <attribute name="heapSize specified" value="0" />
  <attribute name="Current GC Util" value="125" />
  <attribute name= "Current Time Running" value="2650" />
  <attribute name ="GC Interval" value="0" />
  <attribute name="Target GC Util Change" value ="40.000000" />
  <attribute name="Current GC Util Change" value="125.000000"/>
  <attribute name="Current Error" value="-85.000000" />
  <attribute name="Output H" value="244393792"/>
  <attribute name="Output I" value="1912"/>
  <attribute name="Output T" value="8"/>
  <attribute name= "Current Time Running" value="2650" />
  <attribute name="GC Util currently" value="125" />
  <attribute name="CPU Util currently" value="7288368457927" />
<exclusive-end id="1156" timestamp="2019-09-21T18:43:01.377" durationms="5.210" />

<exclusive-start id="1157" timestamp="2019-09-21T18:43:01.398" intervalms="26.555">
  <response-info timems="0.386" idlems="0.386" threads="0" lastid="0000000001EE3300" lastname="Thread-18" />
</exclusive-start>
<allocation-taxation id="1158" taxation-threshold="67108864" timestamp="2019-09-21T18:43:01.398" intervalms="26.571" />
<cycle-start id="1159" type="partial gc" contextid="0" timestamp="2019-09-21T18:43:01.398" intervalms="26.587" />
<gc-start id="1160" type="partial gc" contextid="1159" timestamp="2019-09-21T18:43:01.399">
  <mem-info id="1161" free="79691776" total="244318208" percent="32">
    <mem type="eden" free="0" total="67108864" percent="0" />
    <arraylet-primitive objects="2" leaves="2" largest="1" />
    <remembered-set count="47648" freebytes="9561856" totalbytes="9752448" percent="98" regionsoverflowed="0" regionsstable="3" regionsrebuilding="0"/>
  </mem-info>
</gc-start>
<allocation-stats totalBytes="67099856" >
  <allocated-bytes non-tlh="0" tlh="67099856" arrayletleaf="0"/>
  <largest-consumer threadName="Thread-12" threadId="0000000001EDF700" bytes="16312232" />
</allocation-stats>
<gc-op id="1162" type="copy forward" timems="2.806" contextid="1159" timestamp="2019-09-21T18:43:01.402">
  <memory-copied type="eden" objects="15076" bytes="639728" bytesdiscarded="26872" />
  <memory-copied type="other" objects="40032" bytes="1785024" bytesdiscarded="103624" />
  <memory-cardclean objects="4563" bytes="229776" />
  <regions eden="64" other="5" />
  <remembered-set-cleared processed="36045" cleared="4817" durationms="0.197" />
  <stringconstants candidates="4597" cleared="0"  />
</gc-op>
<gc-op id="1163" type="classunload" timems="0.003" contextid="1159" timestamp="2019-09-21T18:43:01.402">
  <classunload-info classloadercandidates="8" classloadersunloaded="0" classesunloaded="0" anonymousclassesunloaded="0" quiescems="0.000" setupms="0.003" scanms="0.000" postms="0.000" />
</gc-op>
<heap-resize id="1164" type="expand" space="default" amount="5242880" count="1" timems="0.086" reason="excessive time being spent in gc" timestamp="2019-09-21T18:43:01.402" />
<gc-end id="1165" type="partial gc" contextid="1159" durationms="3.969" usertimems="12.000" systemtimems="4.000" timestamp="2019-09-21T18:43:01.403" activeThreads="8">
  <mem-info id="1166" free="149946368" total="249561088" percent="60">
    <mem type="eden" free="1430552" total="2097152" percent="68" />
    <arraylet-primitive objects="2" leaves="2" largest="1" />
    <remembered-set count="46336" freebytes="9776384" totalbytes="9961728" percent="98" regionsoverflowed="0" regionsstable="3" regionsrebuilding="0"/>
  </mem-info>
</gc-end>
<cycle-end id="1167" type="partial gc" contextid="1159" timestamp="2019-09-21T18:43:01.403" />
  <attribute name="elasticGC enabled" value="1" />
  <attribute name= "numThreadsSpecified" value="8" />
  <attribute name="heapSize specified" value="0" />
  <attribute name="Current GC Util" value="126" />
  <attribute name= "Current Time Running" value="2677" />
  <attribute name ="GC Interval" value="0" />
  <attribute name="Target GC Util Change" value ="40.000000" />
  <attribute name="Current GC Util Change" value="126.000000"/>
  <attribute name="Current Error" value="-179.000000" />
  <attribute name="Output H" value="244393688"/>
  <attribute name="Output I" value="1808"/>
  <attribute name="Output T" value="8"/>
  <attribute name= "Current Time Running" value="2677" />
  <attribute name="GC Util currently" value="126" />
  <attribute name="CPU Util currently" value="7935421349241" />
<exclusive-end id="1168" timestamp="2019-09-21T18:43:01.403" durationms="4.862" />

<exclusive-start id="1169" timestamp="2019-09-21T18:43:01.425" intervalms="26.753">
  <response-info timems="0.294" idlems="0.242" threads="1" lastid="0000000001EF2300" lastname="Thread-14" />
</exclusive-start>
<allocation-taxation id="1170" taxation-threshold="68157440" timestamp="2019-09-21T18:43:01.425" intervalms="26.771" />
<cycle-start id="1171" type="partial gc" contextid="0" timestamp="2019-09-21T18:43:01.425" intervalms="26.761" />
<gc-start id="1172" type="partial gc" contextid="1171" timestamp="2019-09-21T18:43:01.425">
  <mem-info id="1173" free="81788928" total="249561088" percent="32">
    <mem type="eden" free="0" total="68157440" percent="0" />
    <arraylet-primitive objects="2" leaves="2" largest="1" />
    <remembered-set count="46304" freebytes="9776512" totalbytes="9961728" percent="98" regionsoverflowed="0" regionsstable="3" regionsrebuilding="0"/>
  </mem-info>
</gc-start>
<allocation-stats totalBytes="68148776" >
  <allocated-bytes non-tlh="0" tlh="68148776" arrayletleaf="0"/>
  <largest-consumer threadName="Thread-12" threadId="0000000001EDF700" bytes="16787648" />
</allocation-stats>
<gc-op id="1174" type="copy forward" timems="2.954" contextid="1171" timestamp="2019-09-21T18:43:01.429">
  <memory-copied type="eden" objects="9500" bytes="368552" bytesdiscarded="52496" />
  <memory-copied type="other" objects="43056" bytes="1857600" bytesdiscarded="140280" />
  <memory-cardclean objects="7503" bytes="390408" />
  <regions eden="65" other="7" />
  <remembered-set-cleared processed="34070" cleared="2467" durationms="0.184" />
  <stringconstants candidates="4597" cleared="0"  />
</gc-op>
<gc-op id="1175" type="classunload" timems="0.003" contextid="1171" timestamp="2019-09-21T18:43:01.429">
  <classunload-info classloadercandidates="8" classloadersunloaded="0" classesunloaded="0" anonymousclassesunloaded="0" quiescems="0.000" setupms="0.003" scanms="0.000" postms="0.000" />
</gc-op>
<gc-end id="1176" type="partial gc" contextid="1171" durationms="4.130" usertimems="12.000" systemtimems="0.000" timestamp="2019-09-21T18:43:01.429" activeThreads="8">
  <mem-info id="1177" free="149946368" total="249561088" percent="60">
    <mem type="eden" free="627528" total="1048576" percent="59" />
    <arraylet-primitive objects="2" leaves="2" largest="1" />
    <remembered-set count="45760" freebytes="9778688" totalbytes="9961728" percent="98" regionsoverflowed="0" regionsstable="3" regionsrebuilding="0"/>
  </mem-info>
</gc-end>
<cycle-end id="1178" type="partial gc" contextid="1171" timestamp="2019-09-21T18:43:01.430" />
  <attribute name="elasticGC enabled" value="1" />
  <attribute name= "numThreadsSpecified" value="8" />
  <attribute name="heapSize specified" value="0" />
  <attribute name="Current GC Util" value="140" />
  <attribute name= "Current Time Running" value="2704" />
  <attribute name ="GC Interval" value="0" />
  <attribute name="Target GC Util Change" value ="40.000000" />
  <attribute name="Current GC Util Change" value="140.000000"/>
  <attribute name="Current Error" value="-285.000000" />
  <attribute name="Output H" value="249636440"/>
  <attribute name="Output I" value="1680"/>
  <attribute name="Output T" value="8"/>
  <attribute name= "Current Time Running" value="2704" />
  <attribute name="GC Util currently" value="140" />
  <attribute name="CPU Util currently" value="7634179994229" />
<exclusive-end id="1179" timestamp="2019-09-21T18:43:01.430" durationms="5.163" />

<exclusive-start id="1180" timestamp="2019-09-21T18:43:01.453" intervalms="27.824">
  <response-info timems="0.102" idlems="0.102" threads="0" lastid="0000000001ED7F00" lastname="Thread-17" />
</exclusive-start>
<allocation-taxation id="1181" taxation-threshold="68157440" timestamp="2019-09-21T18:43:01.453" intervalms="27.874" />
<cycle-start id="1182" type="partial gc" contextid="0" timestamp="2019-09-21T18:43:01.453" intervalms="27.920" />
<gc-start id="1183" type="partial gc" contextid="1182" timestamp="2019-09-21T18:43:01.453">
  <mem-info id="1184" free="81788928" total="249561088" percent="32">
    <mem type="eden" free="0" total="68157440" percent="0" />
    <arraylet-primitive objects="2" leaves="2" largest="1" />
    <remembered-set count="45760" freebytes="9778688" totalbytes="9961728" percent="98" regionsoverflowed="0" regionsstable="3" regionsrebuilding="0"/>
  </mem-info>
</gc-start>
<allocation-stats totalBytes="68148112" >
  <allocated-bytes non-tlh="0" tlh="68148112" arrayletleaf="0"/>
  <largest-consumer threadName="Thread-12" threadId="0000000001EDF700" bytes="16881712" />
</allocation-stats>
<gc-op id="1185" type="copy forward" timems="2.661" contextid="1182" timestamp="2019-09-21T18:43:01.457">
  <memory-copied type="eden" objects="5009" bytes="123728" bytesdiscarded="24160" />
  <memory-copied type="other" objects="43355" bytes="1864776" bytesdiscarded="150960" />
  <memory-cardclean objects="7776" bytes="422424" />
  <regions eden="65" other="5" />
  <remembered-set-cleared processed="34794" cleared="2516" durationms="0.185" />
  <stringconstants candidates="4597" cleared="0"  />
</gc-op>
<gc-op id="1186" type="classunload" timems="0.003" contextid="1182" timestamp="2019-09-21T18:43:01.457">
  <classunload-info classloadercandidates="8" classloadersunloaded="0" classesunloaded="0" anonymousclassesunloaded="0" quiescems="0.000" setupms="0.002" scanms="0.000" postms="0.000" />
</gc-op>
<heap-resize id="1187" type="expand" space="default" amount="2097152" count="1" timems="0.065" reason="excessive time being spent in gc" timestamp="2019-09-21T18:43:01.457" />
<gc-end id="1188" type="partial gc" contextid="1182" durationms="3.872" usertimems="16.000" systemtimems="0.000" timestamp="2019-09-21T18:43:01.457" activeThreads="8">
  <mem-info id="1189" free="150994944" total="251658240" percent="60">
    <mem type="eden" free="900688" total="1048576" percent="85" />
    <arraylet-primitive objects="2" leaves="2" largest="1" />
    <remembered-set count="48096" freebytes="9853056" totalbytes="10045440" percent="98" regionsoverflowed="0" regionsstable="3" regionsrebuilding="0"/>
  </mem-info>
</gc-end>
<cycle-end id="1190" type="partial gc" contextid="1182" timestamp="2019-09-21T18:43:01.457" />
  <attribute name="elasticGC enabled" value="1" />
  <attribute name= "numThreadsSpecified" value="8" />
  <attribute name="heapSize specified" value="0" />
  <attribute name="Current GC Util" value="123" />
  <attribute name= "Current Time Running" value="2732" />
  <attribute name ="GC Interval" value="0" />
  <attribute name="Target GC Util Change" value ="40.000000" />
  <attribute name="Current GC Util Change" value="123.000000"/>
  <attribute name="Current Error" value="-83.000000" />
  <attribute name="Output H" value="249636680"/>
  <attribute name="Output I" value="1920"/>
  <attribute name="Output T" value="8"/>
  <attribute name= "Current Time Running" value="2732" />
  <attribute name="GC Util currently" value="123" />
  <attribute name="CPU Util currently" value="7771971787727" />
<exclusive-end id="1191" timestamp="2019-09-21T18:43:01.457" durationms="4.905" />

<exclusive-start id="1192" timestamp="2019-09-21T18:43:01.482" intervalms="29.794">
  <response-info timems="0.077" idlems="0.077" threads="0" lastid="0000000001EE6F00" lastname="Thread-13" />
</exclusive-start>
<allocation-taxation id="1193" taxation-threshold="69206016" timestamp="2019-09-21T18:43:01.483" intervalms="29.727" />
<cycle-start id="1194" type="partial gc" contextid="0" timestamp="2019-09-21T18:43:01.483" intervalms="29.702" />
<gc-start id="1195" type="partial gc" contextid="1194" timestamp="2019-09-21T18:43:01.483">
  <mem-info id="1196" free="81788928" total="251658240" percent="32">
    <mem type="eden" free="0" total="69206016" percent="0" />
    <arraylet-primitive objects="2" leaves="2" largest="1" />
    <remembered-set count="47712" freebytes="9854592" totalbytes="10045440" percent="98" regionsoverflowed="0" regionsstable="3" regionsrebuilding="0"/>
  </mem-info>
</gc-start>
<allocation-stats totalBytes="69196472" >
  <allocated-bytes non-tlh="0" tlh="69196472" arrayletleaf="0"/>
  <largest-consumer threadName="Thread-12" threadId="0000000001EDF700" bytes="13785456" />
</allocation-stats>
<gc-op id="1197" type="copy forward" timems="2.873" contextid="1194" timestamp="2019-09-21T18:43:01.487">
  <memory-copied type="eden" objects="9478" bytes="367912" bytesdiscarded="26128" />
  <memory-copied type="other" objects="34327" bytes="1373352" bytesdiscarded="121696" />
  <memory-cardclean objects="9933" bytes="526008" />
  <regions eden="66" other="6" />
  <remembered-set-cleared processed="35222" cleared="2859" durationms="0.195" />
  <stringconstants candidates="4597" cleared="0"  />
</gc-op>
<gc-op id="1198" type="classunload" timems="0.003" contextid="1194" timestamp="2019-09-21T18:43:01.487">
  <classunload-info classloadercandidates="8" classloadersunloaded="0" classesunloaded="0" anonymousclassesunloaded="0" quiescems="0.000" setupms="0.003" scanms="0.000" postms="0.000" />
</gc-op>
<heap-resize id="1199" type="expand" space="default" amount="3145728" count="1" timems="0.070" reason="excessive time being spent in gc" timestamp="2019-09-21T18:43:01.487" />
<gc-end id="1200" type="partial gc" contextid="1194" durationms="4.276" usertimems="8.000" systemtimems="4.000" timestamp="2019-09-21T18:43:01.487" activeThreads="8">
  <mem-info id="1201" free="153092096" total="254803968" percent="60">
    <mem type="eden" free="654536" total="1048576" percent="62" />
    <arraylet-primitive objects="2" leaves="2" largest="1" />
    <remembered-set count="48416" freebytes="9977344" totalbytes="10171008" percent="98" regionsoverflowed="0" regionsstable="3" regionsrebuilding="0"/>
  </mem-info>
</gc-end>
<cycle-end id="1202" type="partial gc" contextid="1194" timestamp="2019-09-21T18:43:01.487" />
  <attribute name="elasticGC enabled" value="1" />
  <attribute name= "numThreadsSpecified" value="8" />
  <attribute name="heapSize specified" value="0" />
  <attribute name="Current GC Util" value="110" />
  <attribute name= "Current Time Running" value="2762" />
  <attribute name ="GC Interval" value="0" />
  <attribute name="Target GC Util Change" value ="40.000000" />
  <attribute name="Current GC Util Change" value="110.000000"/>
  <attribute name="Current Error" value="-152.000000" />
  <attribute name="Output H" value="251733752"/>
  <attribute name="Output I" value="1840"/>
  <attribute name="Output T" value="8"/>
  <attribute name= "Current Time Running" value="2762" />
  <attribute name="GC Util currently" value="110" />
  <attribute name="CPU Util currently" value="7203643284498" />
<exclusive-end id="1203" timestamp="2019-09-21T18:43:01.488" durationms="5.232" />

<exclusive-start id="1204" timestamp="2019-09-21T18:43:01.509" intervalms="27.104">
  <response-info timems="0.279" idlems="0.279" threads="0" lastid="0000000001EE3300" lastname="Thread-18" />
</exclusive-start>
<allocation-taxation id="1205" taxation-threshold="69206016" timestamp="2019-09-21T18:43:01.510" intervalms="27.131" />
<cycle-start id="1206" type="partial gc" contextid="0" timestamp="2019-09-21T18:43:01.510" intervalms="27.162" />
<gc-start id="1207" type="partial gc" contextid="1206" timestamp="2019-09-21T18:43:01.510">
  <mem-info id="1208" free="83886080" total="254803968" percent="32">
    <mem type="eden" free="0" total="69206016" percent="0" />
    <arraylet-primitive objects="2" leaves="2" largest="1" />
    <remembered-set count="48064" freebytes="9978752" totalbytes="10171008" percent="98" regionsoverflowed="0" regionsstable="3" regionsrebuilding="0"/>
  </mem-info>
</gc-start>
<allocation-stats totalBytes="69196648" >
  <allocated-bytes non-tlh="0" tlh="69196648" arrayletleaf="0"/>
  <largest-consumer threadName="Thread-12" threadId="0000000001EDF700" bytes="15538144" />
</allocation-stats>
<gc-op id="1209" type="copy forward" timems="3.169" contextid="1206" timestamp="2019-09-21T18:43:01.514">
  <memory-copied type="eden" objects="15216" bytes="505960" bytesdiscarded="42568" />
  <memory-copied type="other" objects="24488" bytes="999840" bytesdiscarded="53616" />
  <memory-cardclean objects="9602" bytes="483048" />
  <regions eden="66" other="5" />
  <remembered-set-cleared processed="35327" cleared="2854" durationms="0.189" />
  <stringconstants candidates="4597" cleared="0"  />
</gc-op>
<gc-op id="1210" type="classunload" timems="0.002" contextid="1206" timestamp="2019-09-21T18:43:01.514">
  <classunload-info classloadercandidates="8" classloadersunloaded="0" classesunloaded="0" anonymousclassesunloaded="0" quiescems="0.000" setupms="0.002" scanms="0.000" postms="0.000" />
</gc-op>
<heap-resize id="1211" type="expand" space="default" amount="2097152" count="1" timems="0.063" reason="excessive time being spent in gc" timestamp="2019-09-21T18:43:01.515" />
<gc-end id="1212" type="partial gc" contextid="1206" durationms="4.448" usertimems="8.000" systemtimems="4.000" timestamp="2019-09-21T18:43:01.515" activeThreads="8">
  <mem-info id="1213" free="154140672" total="256901120" percent="60">
    <mem type="eden" free="500048" total="1048576" percent="47" />
    <arraylet-primitive objects="2" leaves="2" largest="1" />
    <remembered-set count="47712" freebytes="10063872" totalbytes="10254720" percent="98" regionsoverflowed="0" regionsstable="3" regionsrebuilding="0"/>
  </mem-info>
</gc-end>
<cycle-end id="1214" type="partial gc" contextid="1206" timestamp="2019-09-21T18:43:01.515" />
  <attribute name="elasticGC enabled" value="1" />
  <attribute name= "numThreadsSpecified" value="8" />
  <attribute name="heapSize specified" value="0" />
  <attribute name="Current GC Util" value="121" />
  <attribute name= "Current Time Running" value="2789" />
  <attribute name ="GC Interval" value="0" />
  <attribute name="Target GC Util Change" value ="40.000000" />
  <attribute name="Current GC Util Change" value="121.000000"/>
  <attribute name="Current Error" value="-237.000000" />
  <attribute name="Output H" value="254879376"/>
  <attribute name="Output I" value="1736"/>
  <attribute name="Output T" value="8"/>
  <attribute name= "Current Time Running" value="2789" />
  <attribute name="GC Util currently" value="121" />
  <attribute name="CPU Util currently" value="7627462698156" />
<exclusive-end id="1215" timestamp="2019-09-21T18:43:01.515" durationms="5.425" />

<exclusive-start id="1216" timestamp="2019-09-21T18:43:01.538" intervalms="28.668">
  <response-info timems="0.065" idlems="0.065" threads="0" lastid="0000000001EEAB00" lastname="Thread-15" />
</exclusive-start>
<allocation-taxation id="1217" taxation-threshold="70254592" timestamp="2019-09-21T18:43:01.538" intervalms="28.713" />
<cycle-start id="1218" type="partial gc" contextid="0" timestamp="2019-09-21T18:43:01.539" intervalms="28.725" />
<gc-start id="1219" type="partial gc" contextid="1218" timestamp="2019-09-21T18:43:01.539">
  <mem-info id="1220" free="83886080" total="256901120" percent="32">
    <mem type="eden" free="0" total="70254592" percent="0" />
    <arraylet-primitive objects="2" leaves="2" largest="1" />
    <remembered-set count="47232" freebytes="10065792" totalbytes="10254720" percent="98" regionsoverflowed="0" regionsstable="3" regionsrebuilding="0"/>
  </mem-info>
</gc-start>
<allocation-stats totalBytes="70244968" >
  <allocated-bytes non-tlh="0" tlh="70244968" arrayletleaf="0"/>
  <largest-consumer threadName="Thread-12" threadId="0000000001EDF700" bytes="16651952" />
</allocation-stats>
<gc-op id="1221" type="copy forward" timems="2.870" contextid="1218" timestamp="2019-09-21T18:43:01.543">
  <memory-copied type="eden" objects="19483" bytes="882688" bytesdiscarded="80104" />
  <memory-copied type="other" objects="31055" bytes="1294824" bytesdiscarded="138120" />
  <memory-cardclean objects="2105" bytes="108240" />
  <regions eden="67" other="7" />
  <remembered-set-cleared processed="34213" cleared="2652" durationms="0.204" />
  <stringconstants candidates="4597" cleared="0"  />
</gc-op>
<gc-op id="1222" type="classunload" timems="0.003" contextid="1218" timestamp="2019-09-21T18:43:01.543">
  <classunload-info classloadercandidates="8" classloadersunloaded="0" classesunloaded="0" anonymousclassesunloaded="0" quiescems="0.000" setupms="0.003" scanms="0.000" postms="0.000" />
</gc-op>
<heap-resize id="1223" type="expand" space="default" amount="3145728" count="1" timems="0.079" reason="excessive time being spent in gc" timestamp="2019-09-21T18:43:01.543" />
<gc-end id="1224" type="partial gc" contextid="1218" durationms="4.223" usertimems="8.000" systemtimems="4.000" timestamp="2019-09-21T18:43:01.543" activeThreads="8">
  <mem-info id="1225" free="156237824" total="260046848" percent="60">
    <mem type="eden" free="85784" total="1048576" percent="8" />
    <arraylet-primitive objects="2" leaves="2" largest="1" />
    <remembered-set count="47008" freebytes="10192256" totalbytes="10380288" percent="98" regionsoverflowed="0" regionsstable="3" regionsrebuilding="0"/>
  </mem-info>
</gc-end>
<cycle-end id="1226" type="partial gc" contextid="1218" timestamp="2019-09-21T18:43:01.543" />
  <attribute name="elasticGC enabled" value="1" />
  <attribute name= "numThreadsSpecified" value="8" />
  <attribute name="heapSize specified" value="0" />
  <attribute name="Current GC Util" value="151" />
  <attribute name= "Current Time Running" value="2817" />
  <attribute name ="GC Interval" value="0" />
  <attribute name="Target GC Util Change" value ="40.000000" />
  <attribute name="Current GC Util Change" value="151.000000"/>
  <attribute name="Current Error" value="-111.000000" />
  <attribute name="Output H" value="256976672"/>
  <attribute name="Output I" value="1880"/>
  <attribute name="Output T" value="8"/>
  <attribute name= "Current Time Running" value="2817" />
  <attribute name="GC Util currently" value="151" />
  <attribute name="CPU Util currently" value="7263138145096" />
<exclusive-end id="1227" timestamp="2019-09-21T18:43:01.544" durationms="5.436" />

<exclusive-start id="1228" timestamp="2019-09-21T18:43:01.567" intervalms="28.856">
  <response-info timems="0.064" idlems="0.034" threads="1" lastid="0000000001EF2300" lastname="Thread-14" />
</exclusive-start>
<allocation-taxation id="1229" taxation-threshold="71303168" timestamp="2019-09-21T18:43:01.567" intervalms="28.873" />
<cycle-start id="1230" type="partial gc" contextid="0" timestamp="2019-09-21T18:43:01.567" intervalms="28.922" />
<gc-start id="1231" type="partial gc" contextid="1230" timestamp="2019-09-21T18:43:01.568">
  <mem-info id="1232" free="84934656" total="260046848" percent="32">
    <mem type="eden" free="0" total="71303168" percent="0" />
    <arraylet-primitive objects="2" leaves="2" largest="1" />
    <remembered-set count="46592" freebytes="10193920" totalbytes="10380288" percent="98" regionsoverflowed="0" regionsstable="3" regionsrebuilding="0"/>
  </mem-info>
</gc-start>
<allocation-stats totalBytes="71293704" >
  <allocated-bytes non-tlh="0" tlh="71293704" arrayletleaf="0"/>
  <largest-consumer threadName="Thread-12" threadId="0000000001EDF700" bytes="15370136" />
</allocation-stats>
<gc-op id="1233" type="copy forward" timems="2.820" contextid="1230" timestamp="2019-09-21T18:43:01.572">
  <memory-copied type="eden" objects="11482" bytes="278872" bytesdiscarded="51072" />
  <memory-copied type="other" objects="34052" bytes="1504128" bytesdiscarded="114216" />
  <memory-cardclean objects="7371" bytes="394968" />
  <regions eden="68" other="4" />
  <remembered-set-cleared processed="34671" cleared="2372" durationms="0.193" />
  <stringconstants candidates="4597" cleared="0"  />
</gc-op>
<gc-op id="1234" type="classunload" timems="0.003" contextid="1230" timestamp="2019-09-21T18:43:01.572">
  <classunload-info classloadercandidates="8" classloadersunloaded="0" classesunloaded="0" anonymousclassesunloaded="0" quiescems="0.000" setupms="0.003" scanms="0.000" postms="0.000" />
</gc-op>
<heap-resize id="1235" type="expand" space="default" amount="2097152" count="1" timems="0.064" reason="excessive time being spent in gc" timestamp="2019-09-21T18:43:01.572" />
<gc-end id="1236" type="partial gc" contextid="1230" durationms="4.069" usertimems="12.000" systemtimems="0.000" timestamp="2019-09-21T18:43:01.572" activeThreads="8">
  <mem-info id="1237" free="157286400" total="262144000" percent="60">
    <mem type="eden" free="718632" total="1048576" percent="68" />
    <arraylet-primitive objects="2" leaves="2" largest="1" />
    <remembered-set count="49248" freebytes="10267008" totalbytes="10464000" percent="98" regionsoverflowed="0" regionsstable="3" regionsrebuilding="0"/>
  </mem-info>
</gc-end>
<cycle-end id="1238" type="partial gc" contextid="1230" timestamp="2019-09-21T18:43:01.572" />
  <attribute name="elasticGC enabled" value="1" />
  <attribute name= "numThreadsSpecified" value="8" />
  <attribute name="heapSize specified" value="0" />
  <attribute name="Current GC Util" value="126" />
  <attribute name= "Current Time Running" value="2846" />
  <attribute name ="GC Interval" value="0" />
  <attribute name="Target GC Util Change" value ="40.000000" />
  <attribute name="Current GC Util Change" value="126.000000"/>
  <attribute name="Current Error" value="-199.000000" />
  <attribute name="Output H" value="260122304"/>
  <attribute name="Output I" value="1784"/>
  <attribute name="Output T" value="8"/>
  <attribute name= "Current Time Running" value="2846" />
  <attribute name="GC Util currently" value="126" />
  <attribute name="CPU Util currently" value="7202315746040" />
<exclusive-end id="1239" timestamp="2019-09-21T18:43:01.572" durationms="5.376" />

<exclusive-start id="1240" timestamp="2019-09-21T18:43:01.597" intervalms="30.393">
  <response-info timems="0.068" idlems="0.068" threads="0" lastid="0000000001EE6F00" lastname="Thread-13" />
</exclusive-start>
<allocation-taxation id="1241" taxation-threshold="71303168" timestamp="2019-09-21T18:43:01.598" intervalms="30.311" />
<cycle-start id="1242" type="partial gc" contextid="0" timestamp="2019-09-21T18:43:01.598" intervalms="30.206" />
<gc-start id="1243" type="partial gc" contextid="1242" timestamp="2019-09-21T18:43:01.598">
  <mem-info id="1244" free="85983232" total="262144000" percent="32">
    <mem type="eden" free="0" total="71303168" percent="0" />
    <arraylet-primitive objects="2" leaves="2" largest="1" />
    <remembered-set count="48800" freebytes="10268800" totalbytes="10464000" percent="98" regionsoverflowed="0" regionsstable="3" regionsrebuilding="0"/>
  </mem-info>
</gc-start>
<allocation-stats totalBytes="71293272" >
  <allocated-bytes non-tlh="0" tlh="71293272" arrayletleaf="0"/>
  <largest-consumer threadName="Thread-12" threadId="0000000001EDF700" bytes="14010608" />
</allocation-stats>
<gc-op id="1245" type="copy forward" timems="2.784" contextid="1242" timestamp="2019-09-21T18:43:01.602">
  <memory-copied type="eden" objects="16084" bytes="663968" bytesdiscarded="60048" />
  <memory-copied type="other" objects="37416" bytes="1584864" bytesdiscarded="108880" />
  <memory-cardclean objects="4084" bytes="203232" />
  <regions eden="68" other="7" />
  <remembered-set-cleared processed="34993" cleared="3615" durationms="0.190" />
  <stringconstants candidates="4597" cleared="0"  />
</gc-op>
<gc-op id="1246" type="classunload" timems="0.003" contextid="1242" timestamp="2019-09-21T18:43:01.602">
  <classunload-info classloadercandidates="8" classloadersunloaded="0" classesunloaded="0" anonymousclassesunloaded="0" quiescems="0.000" setupms="0.002" scanms="0.000" postms="0.000" />
</gc-op>
<heap-resize id="1247" type="expand" space="default" amount="3145728" count="1" timems="0.075" reason="excessive time being spent in gc" timestamp="2019-09-21T18:43:01.602" />
<gc-end id="1248" type="partial gc" contextid="1242" durationms="4.026" usertimems="12.000" systemtimems="0.000" timestamp="2019-09-21T18:43:01.602" activeThreads="8">
  <mem-info id="1249" free="159383552" total="265289728" percent="60">
    <mem type="eden" free="324560" total="1048576" percent="30" />
    <arraylet-primitive objects="2" leaves="2" largest="1" />
    <remembered-set count="49056" freebytes="10393344" totalbytes="10589568" percent="98" regionsoverflowed="0" regionsstable="3" regionsrebuilding="0"/>
  </mem-info>
</gc-end>
<cycle-end id="1250" type="partial gc" contextid="1242" timestamp="2019-09-21T18:43:01.602" />
  <attribute name="elasticGC enabled" value="1" />
  <attribute name= "numThreadsSpecified" value="8" />
  <attribute name="heapSize specified" value="0" />
  <attribute name="Current GC Util" value="137" />
  <attribute name= "Current Time Running" value="2876" />
  <attribute name ="GC Interval" value="0" />
  <attribute name="Target GC Util Change" value ="40.000000" />
  <attribute name="Current GC Util Change" value="137.000000"/>
  <attribute name="Current Error" value="-296.000000" />
  <attribute name="Output H" value="262219344"/>
  <attribute name="Output I" value="1672"/>
  <attribute name="Output T" value="8"/>
  <attribute name= "Current Time Running" value="2876" />
  <attribute name="GC Util currently" value="137" />
  <attribute name="CPU Util currently" value="7110566641849" />
<exclusive-end id="1251" timestamp="2019-09-21T18:43:01.602" durationms="5.011" />

<exclusive-start id="1252" timestamp="2019-09-21T18:43:01.630" intervalms="33.035">
  <response-info timems="0.066" idlems="0.066" threads="0" lastid="0000000001EE6F00" lastname="Thread-13" />
</exclusive-start>
<allocation-taxation id="1253" taxation-threshold="72351744" timestamp="2019-09-21T18:43:01.631" intervalms="33.041" />
<cycle-start id="1254" type="partial gc" contextid="0" timestamp="2019-09-21T18:43:01.631" intervalms="33.040" />
<gc-start id="1255" type="partial gc" contextid="1254" timestamp="2019-09-21T18:43:01.631">
  <mem-info id="1256" free="87031808" total="265289728" percent="32">
    <mem type="eden" free="0" total="72351744" percent="0" />
    <arraylet-primitive objects="2" leaves="2" largest="1" />
    <remembered-set count="48672" freebytes="10394880" totalbytes="10589568" percent="98" regionsoverflowed="0" regionsstable="3" regionsrebuilding="0"/>
  </mem-info>
</gc-start>
<allocation-stats totalBytes="72341360" >
  <allocated-bytes non-tlh="0" tlh="72341360" arrayletleaf="0"/>
  <largest-consumer threadName="Thread-18" threadId="0000000001EE3300" bytes="12683344" />
</allocation-stats>
<gc-op id="1257" type="copy forward" timems="3.200" contextid="1254" timestamp="2019-09-21T18:43:01.635">
  <memory-copied type="eden" objects="26381" bytes="1185952" bytesdiscarded="84976" />
  <memory-copied type="other" objects="16420" bytes="668832" bytesdiscarded="48048" />
  <memory-cardclean objects="8728" bytes="468216" />
  <regions eden="69" other="5" />
  <remembered-set-cleared processed="35536" cleared="3074" durationms="0.168" />
  <stringconstants candidates="4597" cleared="0"  />
</gc-op>
<gc-op id="1258" type="classunload" timems="0.002" contextid="1254" timestamp="2019-09-21T18:43:01.635">
  <classunload-info classloadercandidates="8" classloadersunloaded="0" classesunloaded="0" anonymousclassesunloaded="0" quiescems="0.000" setupms="0.002" scanms="0.000" postms="0.000" />
</gc-op>
<heap-resize id="1259" type="expand" space="default" amount="5242880" count="1" timems="0.082" reason="excessive time being spent in gc" timestamp="2019-09-21T18:43:01.635" />
<gc-end id="1260" type="partial gc" contextid="1254" durationms="4.384" usertimems="8.000" systemtimems="4.000" timestamp="2019-09-21T18:43:01.635" activeThreads="8">
  <mem-info id="1261" free="162529280" total="270532608" percent="60">
    <mem type="eden" free="826224" total="2097152" percent="39" />
    <arraylet-primitive objects="2" leaves="2" largest="1" />
    <remembered-set count="47488" freebytes="10608896" totalbytes="10798848" percent="98" regionsoverflowed="0" regionsstable="3" regionsrebuilding="0"/>
  </mem-info>
</gc-end>
<cycle-end id="1262" type="partial gc" contextid="1254" timestamp="2019-09-21T18:43:01.635" />
  <attribute name="elasticGC enabled" value="1" />
  <attribute name= "numThreadsSpecified" value="8" />
  <attribute name="heapSize specified" value="0" />
  <attribute name="Current GC Util" value="119" />
  <attribute name= "Current Time Running" value="2909" />
  <attribute name ="GC Interval" value="0" />
  <attribute name="Target GC Util Change" value ="40.000000" />
  <attribute name="Current GC Util Change" value="119.000000"/>
  <attribute name="Current Error" value="-79.000000" />
  <attribute name="Output H" value="265365320"/>
  <attribute name="Output I" value="1920"/>
  <attribute name="Output T" value="8"/>
  <attribute name= "Current Time Running" value="2909" />
  <attribute name="GC Util currently" value="119" />
  <attribute name="CPU Util currently" value="7491586799893" />
<exclusive-end id="1263" timestamp="2019-09-21T18:43:01.636" durationms="5.246" />

<exclusive-start id="1264" timestamp="2019-09-21T18:43:01.672" intervalms="41.884">
  <response-info timems="0.119" idlems="0.119" threads="0" lastid="0000000001EE3300" lastname="Thread-18" />
</exclusive-start>
<allocation-taxation id="1265" taxation-threshold="73400320" timestamp="2019-09-21T18:43:01.673" intervalms="41.912" />
<cycle-start id="1266" type="partial gc" contextid="0" timestamp="2019-09-21T18:43:01.673" intervalms="42.002" />
<gc-start id="1267" type="partial gc" contextid="1266" timestamp="2019-09-21T18:43:01.673">
  <mem-info id="1268" free="89128960" total="270532608" percent="32">
    <mem type="eden" free="0" total="73400320" percent="0" />
    <arraylet-primitive objects="2" leaves="2" largest="1" />
    <remembered-set count="47168" freebytes="10610176" totalbytes="10798848" percent="98" regionsoverflowed="0" regionsstable="3" regionsrebuilding="0"/>
  </mem-info>
</gc-start>
<allocation-stats totalBytes="73389904" >
  <allocated-bytes non-tlh="0" tlh="73389904" arrayletleaf="0"/>
  <largest-consumer threadName="Thread-12" threadId="0000000001EDF700" bytes="16119448" />
</allocation-stats>
<gc-op id="1269" type="copy forward" timems="2.733" contextid="1266" timestamp="2019-09-21T18:43:01.677">
  <memory-copied type="eden" objects="10180" bytes="384336" bytesdiscarded="68968" />
  <memory-copied type="other" objects="33867" bytes="1637064" bytesdiscarded="104776" />
  <memory-cardclean objects="2577" bytes="126840" />
  <regions eden="70" other="7" />
  <remembered-set-cleared processed="34663" cleared="2992" durationms="0.173" />
  <stringconstants candidates="4597" cleared="0"  />
</gc-op>
<gc-op id="1270" type="classunload" timems="0.004" contextid="1266" timestamp="2019-09-21T18:43:01.677">
  <classunload-info classloadercandidates="8" classloadersunloaded="0" classesunloaded="0" anonymousclassesunloaded="0" quiescems="0.000" setupms="0.004" scanms="0.000" postms="0.000" />
</gc-op>
<heap-resize id="1271" type="expand" space="default" amount="2097152" count="1" timems="0.064" reason="excessive time being spent in gc" timestamp="2019-09-21T18:43:01.677" />
<gc-end id="1272" type="partial gc" contextid="1266" durationms="3.998" usertimems="12.000" systemtimems="4.000" timestamp="2019-09-21T18:43:01.677" activeThreads="8">
  <mem-info id="1273" free="163577856" total="272629760" percent="60">
    <mem type="eden" free="595272" total="1048576" percent="56" />
    <arraylet-primitive objects="2" leaves="2" largest="1" />
    <remembered-set count="46272" freebytes="10697472" totalbytes="10882560" percent="98" regionsoverflowed="0" regionsstable="3" regionsrebuilding="0"/>
  </mem-info>
</gc-end>
<cycle-end id="1274" type="partial gc" contextid="1266" timestamp="2019-09-21T18:43:01.677" />
  <attribute name="elasticGC enabled" value="1" />
  <attribute name= "numThreadsSpecified" value="8" />
  <attribute name="heapSize specified" value="0" />
  <attribute name="Current GC Util" value="122" />
  <attribute name= "Current Time Running" value="2952" />
  <attribute name ="GC Interval" value="0" />
  <attribute name="Target GC Util Change" value ="40.000000" />
  <attribute name="Current GC Util Change" value="122.000000"/>
  <attribute name="Current Error" value="-149.000000" />
  <attribute name="Output H" value="270608120"/>
  <attribute name="Output I" value="1840"/>
  <attribute name="Output T" value="8"/>
  <attribute name= "Current Time Running" value="2952" />
  <attribute name="GC Util currently" value="122" />
  <attribute name="CPU Util currently" value="7228030721441" />
<exclusive-end id="1275" timestamp="2019-09-21T18:43:01.678" durationms="5.285" />

<exclusive-start id="1276" timestamp="2019-09-21T18:43:01.712" intervalms="39.530">
  <response-info timems="0.108" idlems="0.108" threads="0" lastid="0000000001EDBB00" lastname="Thread-16" />
</exclusive-start>
<allocation-taxation id="1277" taxation-threshold="74448896" timestamp="2019-09-21T18:43:01.712" intervalms="39.542" />
<cycle-start id="1278" type="partial gc" contextid="0" timestamp="2019-09-21T18:43:01.712" intervalms="39.523" />
<gc-start id="1279" type="partial gc" contextid="1278" timestamp="2019-09-21T18:43:01.713">
  <mem-info id="1280" free="89128960" total="272629760" percent="32">
    <mem type="eden" free="0" total="74448896" percent="0" />
    <arraylet-primitive objects="2" leaves="2" largest="1" />
    <remembered-set count="46272" freebytes="10697472" totalbytes="10882560" percent="98" regionsoverflowed="0" regionsstable="3" regionsrebuilding="0"/>
  </mem-info>
</gc-start>
<allocation-stats totalBytes="74437992" >
  <allocated-bytes non-tlh="0" tlh="74437992" arrayletleaf="0"/>
  <largest-consumer threadName="Thread-12" threadId="0000000001EDF700" bytes="15476648" />
</allocation-stats>
<gc-op id="1281" type="copy forward" timems="3.343" contextid="1278" timestamp="2019-09-21T18:43:01.717">
  <memory-copied type="eden" objects="10916" bytes="401880" bytesdiscarded="59872" />
  <memory-copied type="other" objects="36712" bytes="1662336" bytesdiscarded="119128" />
  <memory-cardclean objects="7171" bytes="369960" />
  <regions eden="71" other="6" />
  <remembered-set-cleared processed="34020" cleared="1774" durationms="0.214" />
  <stringconstants candidates="4597" cleared="0"  />
</gc-op>
<gc-op id="1282" type="classunload" timems="0.003" contextid="1278" timestamp="2019-09-21T18:43:01.717">
  <classunload-info classloadercandidates="8" classloadersunloaded="0" classesunloaded="0" anonymousclassesunloaded="0" quiescems="0.000" setupms="0.002" scanms="0.000" postms="0.000" />
</gc-op>
<gc-end id="1283" type="partial gc" contextid="1278" durationms="4.535" usertimems="12.000" systemtimems="0.000" timestamp="2019-09-21T18:43:01.717" activeThreads="8">
  <mem-info id="1284" free="162529280" total="272629760" percent="59">
    <mem type="eden" free="586824" total="1048576" percent="55" />
    <arraylet-primitive objects="2" leaves="2" largest="1" />
    <remembered-set count="47680" freebytes="10691840" totalbytes="10882560" percent="98" regionsoverflowed="0" regionsstable="3" regionsrebuilding="0"/>
  </mem-info>
</gc-end>
<cycle-end id="1285" type="partial gc" contextid="1278" timestamp="2019-09-21T18:43:01.717" />
  <attribute name="elasticGC enabled" value="1" />
  <attribute name= "numThreadsSpecified" value="8" />
  <attribute name="heapSize specified" value="0" />
  <attribute name="Current GC Util" value="120" />
  <attribute name= "Current Time Running" value="2991" />
  <attribute name ="GC Interval" value="0" />
  <attribute name="Target GC Util Change" value ="40.000000" />
  <attribute name="Current GC Util Change" value="120.000000"/>
  <attribute name="Current Error" value="-217.000000" />
  <attribute name="Output H" value="272705192"/>
  <attribute name="Output I" value="1760"/>
  <attribute name="Output T" value="8"/>
  <attribute name= "Current Time Running" value="2991" />
  <attribute name="GC Util currently" value="120" />
  <attribute name="CPU Util currently" value="7477714479822" />
<exclusive-end id="1286" timestamp="2019-09-21T18:43:01.717" durationms="5.693" />

<exclusive-start id="1287" timestamp="2019-09-21T18:43:01.751" intervalms="38.983">
  <response-info timems="0.058" idlems="0.058" threads="0" lastid="0000000001EE3300" lastname="Thread-18" />
</exclusive-start>
<allocation-taxation id="1288" taxation-threshold="74448896" timestamp="2019-09-21T18:43:01.751" intervalms="38.957" />
<cycle-start id="1289" type="partial gc" contextid="0" timestamp="2019-09-21T18:43:01.751" intervalms="38.915" />
<gc-start id="1290" type="partial gc" contextid="1289" timestamp="2019-09-21T18:43:01.751">
  <mem-info id="1291" free="88080384" total="272629760" percent="32">
    <mem type="eden" free="0" total="74448896" percent="0" />
    <arraylet-primitive objects="2" leaves="2" largest="1" />
    <remembered-set count="47456" freebytes="10692736" totalbytes="10882560" percent="98" regionsoverflowed="0" regionsstable="3" regionsrebuilding="0"/>
  </mem-info>
</gc-start>
<allocation-stats totalBytes="74438296" >
  <allocated-bytes non-tlh="0" tlh="74438296" arrayletleaf="0"/>
  <largest-consumer threadName="Thread-12" threadId="0000000001EDF700" bytes="13277432" />
</allocation-stats>
<gc-op id="1292" type="copy forward" timems="2.587" contextid="1289" timestamp="2019-09-21T18:43:01.755">
  <memory-copied type="eden" objects="5940" bytes="145336" bytesdiscarded="14384" />
  <memory-copied type="other" objects="46432" bytes="2063880" bytesdiscarded="142440" />
  <memory-cardclean objects="4953" bytes="244680" />
  <regions eden="71" other="5" />
  <remembered-set-cleared processed="34908" cleared="1953" durationms="0.194" />
  <stringconstants candidates="4597" cleared="0"  />
</gc-op>
<gc-op id="1293" type="classunload" timems="0.003" contextid="1289" timestamp="2019-09-21T18:43:01.755">
  <classunload-info classloadercandidates="8" classloadersunloaded="0" classesunloaded="0" anonymousclassesunloaded="0" quiescems="0.000" setupms="0.003" scanms="0.000" postms="0.000" />
</gc-op>
<gc-end id="1294" type="partial gc" contextid="1289" durationms="3.674" usertimems="12.000" systemtimems="0.000" timestamp="2019-09-21T18:43:01.755" activeThreads="8">
  <mem-info id="1295" free="161480704" total="272629760" percent="59">
    <mem type="eden" free="888856" total="1048576" percent="84" />
    <arraylet-primitive objects="2" leaves="2" largest="1" />
    <remembered-set count="49952" freebytes="10682752" totalbytes="10882560" percent="98" regionsoverflowed="0" regionsstable="3" regionsrebuilding="0"/>
  </mem-info>
</gc-end>
<cycle-end id="1296" type="partial gc" contextid="1289" timestamp="2019-09-21T18:43:01.755" />
  <attribute name="elasticGC enabled" value="1" />
  <attribute name= "numThreadsSpecified" value="8" />
  <attribute name="heapSize specified" value="0" />
  <attribute name="Current GC Util" value="144" />
  <attribute name= "Current Time Running" value="3030" />
  <attribute name ="GC Interval" value="0" />
  <attribute name="Target GC Util Change" value ="40.000000" />
  <attribute name="Current GC Util Change" value="144.000000"/>
  <attribute name="Current Error" value="-104.000000" />
  <attribute name="Output H" value="272705320"/>
  <attribute name="Output I" value="1888"/>
  <attribute name="Output T" value="8"/>
  <attribute name= "Current Time Running" value="3030" />
  <attribute name="GC Util currently" value="144" />
  <attribute name="CPU Util currently" value="8701031637756" />
<exclusive-end id="1297" timestamp="2019-09-21T18:43:01.755" durationms="4.581" />

<exclusive-start id="1298" timestamp="2019-09-21T18:43:01.788" intervalms="36.878">
  <response-info timems="0.062" idlems="0.062" threads="0" lastid="0000000001EDBB00" lastname="Thread-16" />
</exclusive-start>
<allocation-taxation id="1299" taxation-threshold="74448896" timestamp="2019-09-21T18:43:01.788" intervalms="36.861" />
<cycle-start id="1300" type="partial gc" contextid="0" timestamp="2019-09-21T18:43:01.788" intervalms="36.875" />
<gc-start id="1301" type="partial gc" contextid="1300" timestamp="2019-09-21T18:43:01.788">
  <mem-info id="1302" free="87031808" total="272629760" percent="31">
    <mem type="eden" free="0" total="74448896" percent="0" />
    <arraylet-primitive objects="2" leaves="2" largest="1" />
    <remembered-set count="49472" freebytes="10684672" totalbytes="10882560" percent="98" regionsoverflowed="0" regionsstable="3" regionsrebuilding="0"/>
  </mem-info>
</gc-start>
<allocation-stats totalBytes="74437792" >
  <allocated-bytes non-tlh="0" tlh="74437792" arrayletleaf="0"/>
  <largest-consumer threadName="Thread-12" threadId="0000000001EDF700" bytes="13473840" />
</allocation-stats>
<gc-op id="1303" type="copy forward" timems="3.027" contextid="1300" timestamp="2019-09-21T18:43:01.792">
  <memory-copied type="eden" objects="5447" bytes="133320" bytesdiscarded="6416" />
  <memory-copied type="other" objects="56599" bytes="2400648" bytesdiscarded="122608" />
  <memory-cardclean objects="3881" bytes="197136" />
  <regions eden="71" other="7" />
  <remembered-set-cleared processed="35151" cleared="3085" durationms="0.178" />
  <stringconstants candidates="4597" cleared="0"  />
</gc-op>
<gc-op id="1304" type="classunload" timems="0.004" contextid="1300" timestamp="2019-09-21T18:43:01.792">
  <classunload-info classloadercandidates="8" classloadersunloaded="0" classesunloaded="0" anonymousclassesunloaded="0" quiescems="0.000" setupms="0.004" scanms="0.000" postms="0.000" />
</gc-op>
<gc-end id="1305" type="partial gc" contextid="1300" durationms="4.124" usertimems="12.000" systemtimems="0.000" timestamp="2019-09-21T18:43:01.792" activeThreads="8">
  <mem-info id="1306" free="160432128" total="272629760" percent="58">
    <mem type="eden" free="908840" total="1048576" percent="86" />
    <arraylet-primitive objects="2" leaves="2" largest="1" />
    <remembered-set count="50784" freebytes="10679424" totalbytes="10882560" percent="98" regionsoverflowed="0" regionsstable="3" regionsrebuilding="0"/>
  </mem-info>
</gc-end>
<cycle-end id="1307" type="partial gc" contextid="1300" timestamp="2019-09-21T18:43:01.793" />
  <attribute name="elasticGC enabled" value="1" />
  <attribute name= "numThreadsSpecified" value="8" />
  <attribute name="heapSize specified" value="0" />
  <attribute name="Current GC Util" value="133" />
  <attribute name= "Current Time Running" value="3067" />
  <attribute name ="GC Interval" value="0" />
  <attribute name="Target GC Util Change" value ="40.000000" />
  <attribute name="Current GC Util Change" value="133.000000"/>
  <attribute name="Current Error" value="-189.000000" />
  <attribute name="Output H" value="272705224"/>
  <attribute name="Output I" value="1792"/>
  <attribute name="Output T" value="8"/>
  <attribute name= "Current Time Running" value="3067" />
  <attribute name="GC Util currently" value="133" />
  <attribute name="CPU Util currently" value="7796805973133" />
<exclusive-end id="1308" timestamp="2019-09-21T18:43:01.793" durationms="5.222" />

<exclusive-start id="1309" timestamp="2019-09-21T18:43:01.838" intervalms="50.060">
  <response-info timems="0.060" idlems="0.060" threads="0" lastid="0000000001EEE700" lastname="Thread-11" />
</exclusive-start>
<allocation-taxation id="1310" taxation-threshold="74448896" timestamp="2019-09-21T18:43:01.838" intervalms="50.035" />
<cycle-start id="1311" type="partial gc" contextid="0" timestamp="2019-09-21T18:43:01.838" intervalms="49.947" />
<gc-start id="1312" type="partial gc" contextid="1311" timestamp="2019-09-21T18:43:01.838">
  <mem-info id="1313" free="85983232" total="272629760" percent="31">
    <mem type="eden" free="0" total="74448896" percent="0" />
    <arraylet-primitive objects="2" leaves="2" largest="1" />
    <remembered-set count="50432" freebytes="10680832" totalbytes="10882560" percent="98" regionsoverflowed="0" regionsstable="3" regionsrebuilding="0"/>
  </mem-info>
</gc-start>
<allocation-stats totalBytes="74437856" >
  <allocated-bytes non-tlh="0" tlh="74437856" arrayletleaf="0"/>
  <largest-consumer threadName="Thread-11" threadId="0000000001EEE700" bytes="14034992" />
</allocation-stats>
<gc-op id="1314" type="copy forward" timems="3.281" contextid="1311" timestamp="2019-09-21T18:43:01.842">
  <memory-copied type="eden" objects="16964" bytes="684336" bytesdiscarded="48880" />
  <memory-copied type="other" objects="40224" bytes="1622664" bytesdiscarded="214584" />
  <memory-cardclean objects="7787" bytes="418992" />
  <regions eden="71" other="6" />
  <remembered-set-cleared processed="35901" cleared="3818" durationms="0.188" />
  <stringconstants candidates="4597" cleared="0"  />
</gc-op>
<gc-op id="1315" type="classunload" timems="0.002" contextid="1311" timestamp="2019-09-21T18:43:01.842">
  <classunload-info classloadercandidates="8" classloadersunloaded="0" classesunloaded="0" anonymousclassesunloaded="0" quiescems="0.000" setupms="0.002" scanms="0.000" postms="0.000" />
</gc-op>
<gc-end id="1316" type="partial gc" contextid="1311" durationms="4.283" usertimems="12.000" systemtimems="4.000" timestamp="2019-09-21T18:43:01.843" activeThreads="8">
  <mem-info id="1317" free="160432128" total="272629760" percent="58">
    <mem type="eden" free="315360" total="1048576" percent="30" />
    <arraylet-primitive objects="2" leaves="2" largest="1" />
    <remembered-set count="48800" freebytes="10687360" totalbytes="10882560" percent="98" regionsoverflowed="0" regionsstable="3" regionsrebuilding="0"/>
  </mem-info>
</gc-end>
<cycle-end id="1318" type="partial gc" contextid="1311" timestamp="2019-09-21T18:43:01.843" />
  <attribute name="elasticGC enabled" value="1" />
  <attribute name= "numThreadsSpecified" value="8" />
  <attribute name="heapSize specified" value="0" />
  <attribute name="Current GC Util" value="162" />
  <attribute name= "Current Time Running" value="3117" />
  <attribute name ="GC Interval" value="0" />
  <attribute name="Target GC Util Change" value ="40.000000" />
  <attribute name="Current GC Util Change" value="162.000000"/>
  <attribute name="Current Error" value="-298.000000" />
  <attribute name="Output H" value="272705096"/>
  <attribute name="Output I" value="1664"/>
  <attribute name="Output T" value="8"/>
  <attribute name= "Current Time Running" value="3117" />
  <attribute name="GC Util currently" value="162" />
  <attribute name="CPU Util currently" value="7896884839864" />
<exclusive-end id="1319" timestamp="2019-09-21T18:43:01.843" durationms="5.166" />

<exclusive-start id="1320" timestamp="2019-09-21T18:43:01.882" intervalms="44.089">
  <response-info timems="0.075" idlems="0.075" threads="0" lastid="0000000001EDF700" lastname="Thread-12" />
</exclusive-start>
<allocation-taxation id="1321" taxation-threshold="74448896" timestamp="2019-09-21T18:43:01.882" intervalms="44.090" />
<cycle-start id="1322" type="partial gc" contextid="0" timestamp="2019-09-21T18:43:01.882" intervalms="44.158" />
<gc-start id="1323" type="partial gc" contextid="1322" timestamp="2019-09-21T18:43:01.882">
  <mem-info id="1324" free="85983232" total="272629760" percent="31">
    <mem type="eden" free="0" total="74448896" percent="0" />
    <arraylet-primitive objects="2" leaves="2" largest="1" />
    <remembered-set count="48512" freebytes="10688512" totalbytes="10882560" percent="98" regionsoverflowed="0" regionsstable="3" regionsrebuilding="0"/>
  </mem-info>
</gc-start>
<allocation-stats totalBytes="74438040" >
  <allocated-bytes non-tlh="0" tlh="74438040" arrayletleaf="0"/>
  <largest-consumer threadName="Thread-11" threadId="0000000001EEE700" bytes="15808528" />
</allocation-stats>
<gc-op id="1325" type="copy forward" timems="2.989" contextid="1322" timestamp="2019-09-21T18:43:01.886">
  <memory-copied type="eden" objects="12151" bytes="432072" bytesdiscarded="31416" />
  <memory-copied type="other" objects="49152" bytes="2003904" bytesdiscarded="158976" />
  <memory-cardclean objects="7267" bytes="356016" />
  <regions eden="71" other="6" />
  <remembered-set-cleared processed="34635" cleared="2469" durationms="0.175" />
  <stringconstants candidates="4597" cleared="0"  />
</gc-op>
<gc-op id="1326" type="classunload" timems="0.004" contextid="1322" timestamp="2019-09-21T18:43:01.886">
  <classunload-info classloadercandidates="8" classloadersunloaded="0" classesunloaded="0" anonymousclassesunloaded="0" quiescems="0.000" setupms="0.004" scanms="0.000" postms="0.000" />
</gc-op>
<gc-end id="1327" type="partial gc" contextid="1322" durationms="4.070" usertimems="4.000" systemtimems="8.000" timestamp="2019-09-21T18:43:01.887" activeThreads="8">
  <mem-info id="1328" free="159383552" total="272629760" percent="58">
    <mem type="eden" free="585088" total="1048576" percent="55" />
    <arraylet-primitive objects="2" leaves="2" largest="1" />
    <remembered-set count="50336" freebytes="10681216" totalbytes="10882560" percent="98" regionsoverflowed="0" regionsstable="3" regionsrebuilding="0"/>
  </mem-info>
</gc-end>
<cycle-end id="1329" type="partial gc" contextid="1322" timestamp="2019-09-21T18:43:01.887" />
  <attribute name="elasticGC enabled" value="1" />
  <attribute name= "numThreadsSpecified" value="8" />
  <attribute name="heapSize specified" value="0" />
  <attribute name="Current GC Util" value="119" />
  <attribute name= "Current Time Running" value="3161" />
  <attribute name ="GC Interval" value="0" />
  <attribute name="Target GC Util Change" value ="40.000000" />
  <attribute name="Current GC Util Change" value="119.000000"/>
  <attribute name="Current Error" value="-79.000000" />
  <attribute name="Output H" value="272705352"/>
  <attribute name="Output I" value="1920"/>
  <attribute name="Output T" value="8"/>
  <attribute name= "Current Time Running" value="3161" />
  <attribute name="GC Util currently" value="119" />
  <attribute name="CPU Util currently" value="7570938852979" />
<exclusive-end id="1330" timestamp="2019-09-21T18:43:01.887" durationms="4.938" />

<exclusive-start id="1331" timestamp="2019-09-21T18:43:01.924" intervalms="41.701">
  <response-info timems="0.049" idlems="0.049" threads="0" lastid="0000000001EEE700" lastname="Thread-11" />
</exclusive-start>
<allocation-taxation id="1332" taxation-threshold="74448896" timestamp="2019-09-21T18:43:01.924" intervalms="41.676" />
<cycle-start id="1333" type="partial gc" contextid="0" timestamp="2019-09-21T18:43:01.924" intervalms="41.600" />
<gc-start id="1334" type="partial gc" contextid="1333" timestamp="2019-09-21T18:43:01.924">
  <mem-info id="1335" free="84934656" total="272629760" percent="31">
    <mem type="eden" free="0" total="74448896" percent="0" />
    <arraylet-primitive objects="2" leaves="2" largest="1" />
    <remembered-set count="49952" freebytes="10682752" totalbytes="10882560" percent="98" regionsoverflowed="0" regionsstable="3" regionsrebuilding="0"/>
  </mem-info>
</gc-start>
<allocation-stats totalBytes="74438048" >
  <allocated-bytes non-tlh="0" tlh="74438048" arrayletleaf="0"/>
  <largest-consumer threadName="Thread-18" threadId="0000000001EE3300" bytes="16221704" />
</allocation-stats>
<gc-op id="1336" type="copy forward" timems="2.764" contextid="1333" timestamp="2019-09-21T18:43:01.928">
  <memory-copied type="eden" objects="25358" bytes="1160688" bytesdiscarded="59184" />
  <memory-copied type="other" objects="28825" bytes="1103928" bytesdiscarded="97848" />
  <memory-cardclean objects="10989" bytes="557400" />
  <regions eden="71" other="6" />
  <remembered-set-cleared processed="35161" cleared="2945" durationms="0.235" />
  <stringconstants candidates="4597" cleared="0"  />
</gc-op>
<gc-op id="1337" type="classunload" timems="0.003" contextid="1333" timestamp="2019-09-21T18:43:01.928">
  <classunload-info classloadercandidates="8" classloadersunloaded="0" classesunloaded="0" anonymousclassesunloaded="0" quiescems="0.000" setupms="0.003" scanms="0.000" postms="0.000" />
</gc-op>
<gc-end id="1338" type="partial gc" contextid="1333" durationms="3.812" usertimems="16.000" systemtimems="0.000" timestamp="2019-09-21T18:43:01.928" activeThreads="8">
  <mem-info id="1339" free="157286400" total="272629760" percent="57">
    <mem type="eden" free="877280" total="2097152" percent="41" />
    <arraylet-primitive objects="2" leaves="2" largest="1" />
    <remembered-set count="48384" freebytes="10689024" totalbytes="10882560" percent="98" regionsoverflowed="0" regionsstable="3" regionsrebuilding="0"/>
  </mem-info>
</gc-end>
<cycle-end id="1340" type="partial gc" contextid="1333" timestamp="2019-09-21T18:43:01.928" />
  <attribute name="elasticGC enabled" value="1" />
  <attribute name= "numThreadsSpecified" value="8" />
  <attribute name="heapSize specified" value="0" />
  <attribute name="Current GC Util" value="189" />
  <attribute name= "Current Time Running" value="3202" />
  <attribute name ="GC Interval" value="0" />
  <attribute name="Target GC Util Change" value ="40.000000" />
  <attribute name="Current GC Util Change" value="189.000000"/>
  <attribute name="Current Error" value="-219.000000" />
  <attribute name="Output H" value="272705192"/>
  <attribute name="Output I" value="1760"/>
  <attribute name="Output T" value="8"/>
  <attribute name= "Current Time Running" value="3202" />
  <attribute name="GC Util currently" value="189" />
  <attribute name="CPU Util currently" value="7496214224231" />
<exclusive-end id="1341" timestamp="2019-09-21T18:43:01.928" durationms="4.636" />

<exclusive-start id="1342" timestamp="2019-09-21T18:43:01.965" intervalms="41.782">
  <response-info timems="0.265" idlems="0.265" threads="0" lastid="0000000001EE3300" lastname="Thread-18" />
</exclusive-start>
<allocation-taxation id="1343" taxation-threshold="74448896" timestamp="2019-09-21T18:43:01.966" intervalms="41.828" />
<cycle-start id="1344" type="partial gc" contextid="0" timestamp="2019-09-21T18:43:01.966" intervalms="41.871" />
<gc-start id="1345" type="partial gc" contextid="1344" timestamp="2019-09-21T18:43:01.966">
  <mem-info id="1346" free="82837504" total="272629760" percent="30">
    <mem type="eden" free="0" total="74448896" percent="0" />
    <arraylet-primitive objects="2" leaves="2" largest="1" />
    <remembered-set count="48256" freebytes="10689536" totalbytes="10882560" percent="98" regionsoverflowed="0" regionsstable="3" regionsrebuilding="0"/>
  </mem-info>
</gc-start>
<allocation-stats totalBytes="74437488" >
  <allocated-bytes non-tlh="0" tlh="74437488" arrayletleaf="0"/>
  <largest-consumer threadName="Thread-18" threadId="0000000001EE3300" bytes="16671944" />
</allocation-stats>
<gc-op id="1347" type="copy forward" timems="2.884" contextid="1344" timestamp="2019-09-21T18:43:01.970">
  <memory-copied type="eden" objects="7563" bytes="183896" bytesdiscarded="28760" />
  <memory-copied type="other" objects="49973" bytes="2160984" bytesdiscarded="172744" />
  <memory-cardclean objects="9622" bytes="492120" />
  <regions eden="71" other="6" />
  <remembered-set-cleared processed="35660" cleared="2964" durationms="0.201" />
  <stringconstants candidates="4597" cleared="0"  />
</gc-op>
<gc-op id="1348" type="classunload" timems="0.002" contextid="1344" timestamp="2019-09-21T18:43:01.970">
  <classunload-info classloadercandidates="8" classloadersunloaded="0" classesunloaded="0" anonymousclassesunloaded="0" quiescems="0.000" setupms="0.002" scanms="0.000" postms="0.000" />
</gc-op>
<gc-end id="1349" type="partial gc" contextid="1344" durationms="4.060" usertimems="12.000" systemtimems="0.000" timestamp="2019-09-21T18:43:01.970" activeThreads="8">
  <mem-info id="1350" free="156237824" total="272629760" percent="57">
    <mem type="eden" free="835920" total="1048576" percent="79" />
    <arraylet-primitive objects="2" leaves="2" largest="1" />
    <remembered-set count="50272" freebytes="10681472" totalbytes="10882560" percent="98" regionsoverflowed="0" regionsstable="3" regionsrebuilding="0"/>
  </mem-info>
</gc-end>
<cycle-end id="1351" type="partial gc" contextid="1344" timestamp="2019-09-21T18:43:01.970" />
  <attribute name="elasticGC enabled" value="1" />
  <attribute name= "numThreadsSpecified" value="8" />
  <attribute name="heapSize specified" value="0" />
  <attribute name="Current GC Util" value="107" />
  <attribute name= "Current Time Running" value="3245" />
  <attribute name ="GC Interval" value="0" />
  <attribute name="Target GC Util Change" value ="40.000000" />
  <attribute name="Current GC Util Change" value="107.000000"/>
  <attribute name="Current Error" value="-276.000000" />
  <attribute name="Output H" value="272705128"/>
  <attribute name="Output I" value="1696"/>
  <attribute name="Output T" value="8"/>
  <attribute name= "Current Time Running" value="3245" />
  <attribute name="GC Util currently" value="107" />
  <attribute name="CPU Util currently" value="6518652620431" />
<exclusive-end id="1352" timestamp="2019-09-21T18:43:01.970" durationms="4.968" />

<exclusive-start id="1353" timestamp="2019-09-21T18:43:02.006" intervalms="41.184">
  <response-info timems="0.058" idlems="0.058" threads="0" lastid="0000000001EEE700" lastname="Thread-11" />
</exclusive-start>
<allocation-taxation id="1354" taxation-threshold="74448896" timestamp="2019-09-21T18:43:02.007" intervalms="41.188" />
<cycle-start id="1355" type="partial gc" contextid="0" timestamp="2019-09-21T18:43:02.007" intervalms="41.153" />
<gc-start id="1356" type="partial gc" contextid="1355" timestamp="2019-09-21T18:43:02.007">
  <mem-info id="1357" free="81788928" total="272629760" percent="30">
    <mem type="eden" free="0" total="74448896" percent="0" />
    <arraylet-primitive objects="2" leaves="2" largest="1" />
    <remembered-set count="49920" freebytes="10682880" totalbytes="10882560" percent="98" regionsoverflowed="0" regionsstable="3" regionsrebuilding="0"/>
  </mem-info>
</gc-start>
<allocation-stats totalBytes="74437448" >
  <allocated-bytes non-tlh="0" tlh="74437448" arrayletleaf="0"/>
  <largest-consumer threadName="Thread-18" threadId="0000000001EE3300" bytes="17745208" />
</allocation-stats>
<gc-op id="1358" type="copy forward" timems="2.677" contextid="1355" timestamp="2019-09-21T18:43:02.010">
  <memory-copied type="eden" objects="14230" bytes="481520" bytesdiscarded="28656" />
  <memory-copied type="other" objects="40923" bytes="1669032" bytesdiscarded="157696" />
  <memory-cardclean objects="9456" bytes="503160" />
  <regions eden="71" other="6" />
  <remembered-set-cleared processed="36457" cleared="2486" durationms="0.184" />
  <stringconstants candidates="4597" cleared="0"  />
</gc-op>
<gc-op id="1359" type="classunload" timems="0.003" contextid="1355" timestamp="2019-09-21T18:43:02.011">
  <classunload-info classloadercandidates="8" classloadersunloaded="0" classesunloaded="0" anonymousclassesunloaded="0" quiescems="0.000" setupms="0.003" scanms="0.000" postms="0.000" />
</gc-op>
<gc-end id="1360" type="partial gc" contextid="1355" durationms="3.627" usertimems="12.000" systemtimems="4.000" timestamp="2019-09-21T18:43:02.011" activeThreads="8">
  <mem-info id="1361" free="156237824" total="272629760" percent="57">
    <mem type="eden" free="538400" total="1048576" percent="51" />
    <arraylet-primitive objects="2" leaves="2" largest="1" />
    <remembered-set count="50816" freebytes="10679296" totalbytes="10882560" percent="98" regionsoverflowed="0" regionsstable="3" regionsrebuilding="0"/>
  </mem-info>
</gc-end>
<cycle-end id="1362" type="partial gc" contextid="1355" timestamp="2019-09-21T18:43:02.011" />
  <attribute name="elasticGC enabled" value="1" />
  <attribute name= "numThreadsSpecified" value="8" />
  <attribute name="heapSize specified" value="0" />
  <attribute name="Current GC Util" value="138" />
  <attribute name= "Current Time Running" value="3285" />
  <attribute name ="GC Interval" value="0" />
  <attribute name="Target GC Util Change" value ="40.000000" />
  <attribute name="Current GC Util Change" value="138.000000"/>
  <attribute name="Current Error" value="-98.000000" />
  <attribute name="Output H" value="272705328"/>
  <attribute name="Output I" value="1896"/>
  <attribute name="Output T" value="8"/>
  <attribute name= "Current Time Running" value="3285" />
  <attribute name="GC Util currently" value="138" />
  <attribute name="CPU Util currently" value="8034072190521" />
<exclusive-end id="1363" timestamp="2019-09-21T18:43:02.011" durationms="4.470" />

<exclusive-start id="1364" timestamp="2019-09-21T18:43:02.047" intervalms="40.164">
  <response-info timems="0.066" idlems="0.066" threads="0" lastid="0000000001EDBB00" lastname="Thread-16" />
</exclusive-start>
<allocation-taxation id="1365" taxation-threshold="74448896" timestamp="2019-09-21T18:43:02.047" intervalms="40.132" />
<cycle-start id="1366" type="partial gc" contextid="0" timestamp="2019-09-21T18:43:02.047" intervalms="40.134" />
<gc-start id="1367" type="partial gc" contextid="1366" timestamp="2019-09-21T18:43:02.047">
  <mem-info id="1368" free="81788928" total="272629760" percent="30">
    <mem type="eden" free="0" total="74448896" percent="0" />
    <arraylet-primitive objects="2" leaves="2" largest="1" />
    <remembered-set count="50624" freebytes="10680064" totalbytes="10882560" percent="98" regionsoverflowed="0" regionsstable="3" regionsrebuilding="0"/>
  </mem-info>
</gc-start>
<allocation-stats totalBytes="74437328" >
  <allocated-bytes non-tlh="0" tlh="74437328" arrayletleaf="0"/>
  <largest-consumer threadName="Thread-11" threadId="0000000001EEE700" bytes="16393632" />
</allocation-stats>
<gc-op id="1369" type="copy forward" timems="2.780" contextid="1366" timestamp="2019-09-21T18:43:02.051">
  <memory-copied type="eden" objects="28066" bytes="1224704" bytesdiscarded="90536" />
  <memory-copied type="other" objects="23521" bytes="976632" bytesdiscarded="105176" />
  <memory-cardclean objects="6850" bytes="358176" />
  <regions eden="71" other="6" />
  <remembered-set-cleared processed="37028" cleared="3606" durationms="0.194" />
  <stringconstants candidates="4597" cleared="0"  />
</gc-op>
<gc-op id="1370" type="classunload" timems="0.003" contextid="1366" timestamp="2019-09-21T18:43:02.051">
  <classunload-info classloadercandidates="8" classloadersunloaded="0" classesunloaded="0" anonymousclassesunloaded="0" quiescems="0.000" setupms="0.003" scanms="0.000" postms="0.000" />
</gc-op>
<gc-end id="1371" type="partial gc" contextid="1366" durationms="3.837" usertimems="16.000" systemtimems="0.000" timestamp="2019-09-21T18:43:02.051" activeThreads="8">
  <mem-info id="1372" free="154140672" total="272629760" percent="56">
    <mem type="eden" free="781912" total="2097152" percent="37" />
    <arraylet-primitive objects="2" leaves="2" largest="1" />
    <remembered-set count="49728" freebytes="10683648" totalbytes="10882560" percent="98" regionsoverflowed="0" regionsstable="3" regionsrebuilding="0"/>
  </mem-info>
</gc-end>
<cycle-end id="1373" type="partial gc" contextid="1366" timestamp="2019-09-21T18:43:02.051" />
  <attribute name="elasticGC enabled" value="1" />
  <attribute name= "numThreadsSpecified" value="8" />
  <attribute name="heapSize specified" value="0" />
  <attribute name="Current GC Util" value="147" />
  <attribute name= "Current Time Running" value="3326" />
  <attribute name ="GC Interval" value="0" />
  <attribute name="Target GC Util Change" value ="40.000000" />
  <attribute name="Current GC Util Change" value="147.000000"/>
  <attribute name="Current Error" value="-196.000000" />
  <attribute name="Output H" value="272705216"/>
  <attribute name="Output I" value="1784"/>
  <attribute name="Output T" value="8"/>
  <attribute name= "Current Time Running" value="3326" />
  <attribute name="GC Util currently" value="147" />
  <attribute name="CPU Util currently" value="7581418640819" />
<exclusive-end id="1374" timestamp="2019-09-21T18:43:02.051" durationms="4.624" />

<exclusive-start id="1375" timestamp="2019-09-21T18:43:02.090" intervalms="43.181">
  <response-info timems="0.110" idlems="0.110" threads="0" lastid="0000000001EE3300" lastname="Thread-18" />
</exclusive-start>
<allocation-taxation id="1376" taxation-threshold="74448896" timestamp="2019-09-21T18:43:02.090" intervalms="43.278" />
<cycle-start id="1377" type="partial gc" contextid="0" timestamp="2019-09-21T18:43:02.090" intervalms="43.326" />
<gc-start id="1378" type="partial gc" contextid="1377" timestamp="2019-09-21T18:43:02.091">
  <mem-info id="1379" free="79691776" total="272629760" percent="29">
    <mem type="eden" free="0" total="74448896" percent="0" />
    <arraylet-primitive objects="2" leaves="2" largest="1" />
    <remembered-set count="49664" freebytes="10683904" totalbytes="10882560" percent="98" regionsoverflowed="0" regionsstable="3" regionsrebuilding="0"/>
  </mem-info>
</gc-start>
<allocation-stats totalBytes="74437952" >
  <allocated-bytes non-tlh="0" tlh="74437952" arrayletleaf="0"/>
  <largest-consumer threadName="Thread-11" threadId="0000000001EEE700" bytes="15451944" />
</allocation-stats>
<gc-op id="1380" type="copy forward" timems="3.127" contextid="1377" timestamp="2019-09-21T18:43:02.095">
  <memory-copied type="eden" objects="23343" bytes="974560" bytesdiscarded="91152" />
  <memory-copied type="other" objects="33895" bytes="1500360" bytesdiscarded="51088" />
  <memory-cardclean objects="5900" bytes="309408" />
  <regions eden="71" other="7" />
  <remembered-set-cleared processed="36086" cleared="3380" durationms="0.201" />
  <stringconstants candidates="4597" cleared="0"  />
</gc-op>
<gc-op id="1381" type="classunload" timems="0.003" contextid="1377" timestamp="2019-09-21T18:43:02.095">
  <classunload-info classloadercandidates="8" classloadersunloaded="0" classesunloaded="0" anonymousclassesunloaded="0" quiescems="0.000" setupms="0.003" scanms="0.000" postms="0.000" />
</gc-op>
<gc-end id="1382" type="partial gc" contextid="1377" durationms="4.334" usertimems="8.000" systemtimems="4.000" timestamp="2019-09-21T18:43:02.095" activeThreads="8">
  <mem-info id="1383" free="153092096" total="272629760" percent="56">
    <mem type="eden" free="1031440" total="2097152" percent="49" />
    <arraylet-primitive objects="2" leaves="2" largest="1" />
    <remembered-set count="49312" freebytes="10685312" totalbytes="10882560" percent="98" regionsoverflowed="0" regionsstable="3" regionsrebuilding="0"/>
  </mem-info>
</gc-end>
<cycle-end id="1384" type="partial gc" contextid="1377" timestamp="2019-09-21T18:43:02.095" />
  <attribute name="elasticGC enabled" value="1" />
  <attribute name= "numThreadsSpecified" value="8" />
  <attribute name="heapSize specified" value="0" />
  <attribute name="Current GC Util" value="132" />
  <attribute name= "Current Time Running" value="3369" />
  <attribute name ="GC Interval" value="0" />
  <attribute name="Target GC Util Change" value ="40.000000" />
  <attribute name="Current GC Util Change" value="132.000000"/>
  <attribute name="Current Error" value="-276.000000" />
  <attribute name="Output H" value="272705128"/>
  <attribute name="Output I" value="1696"/>
  <attribute name="Output T" value="8"/>
  <attribute name= "Current Time Running" value="3369" />
  <attribute name="GC Util currently" value="132" />
  <attribute name="CPU Util currently" value="7791299880502" />
<exclusive-end id="1385" timestamp="2019-09-21T18:43:02.095" durationms="5.303" />

<exclusive-start id="1386" timestamp="2019-09-21T18:43:02.136" intervalms="46.632">
  <response-info timems="0.113" idlems="0.113" threads="0" lastid="0000000001EDF700" lastname="Thread-12" />
</exclusive-start>
<allocation-taxation id="1387" taxation-threshold="74448896" timestamp="2019-09-21T18:43:02.137" intervalms="46.576" />
<cycle-start id="1388" type="partial gc" contextid="0" timestamp="2019-09-21T18:43:02.137" intervalms="46.574" />
<gc-start id="1389" type="partial gc" contextid="1388" timestamp="2019-09-21T18:43:02.137">
  <mem-info id="1390" free="78643200" total="272629760" percent="28">
    <mem type="eden" free="0" total="74448896" percent="0" />
    <arraylet-primitive objects="2" leaves="2" largest="1" />
    <remembered-set count="49152" freebytes="10685952" totalbytes="10882560" percent="98" regionsoverflowed="0" regionsstable="3" regionsrebuilding="0"/>
  </mem-info>
</gc-start>
<allocation-stats totalBytes="74437520" >
  <allocated-bytes non-tlh="0" tlh="74437520" arrayletleaf="0"/>
  <largest-consumer threadName="Thread-18" threadId="0000000001EE3300" bytes="14063640" />
</allocation-stats>
<gc-op id="1391" type="copy forward" timems="2.846" contextid="1388" timestamp="2019-09-21T18:43:02.141">
  <memory-copied type="eden" objects="20299" bytes="764792" bytesdiscarded="88560" />
  <memory-copied type="other" objects="27267" bytes="1203912" bytesdiscarded="79528" />
  <memory-cardclean objects="8394" bytes="470520" />
  <regions eden="71" other="6" />
  <remembered-set-cleared processed="35479" cleared="2232" durationms="0.186" />
  <stringconstants candidates="4597" cleared="0"  />
</gc-op>
<gc-op id="1392" type="classunload" timems="0.004" contextid="1388" timestamp="2019-09-21T18:43:02.141">
  <classunload-info classloadercandidates="8" classloadersunloaded="0" classesunloaded="0" anonymousclassesunloaded="0" quiescems="0.000" setupms="0.004" scanms="0.000" postms="0.000" />
</gc-op>
<gc-end id="1393" type="partial gc" contextid="1388" durationms="3.981" usertimems="8.000" systemtimems="4.000" timestamp="2019-09-21T18:43:02.141" activeThreads="8">
  <mem-info id="1394" free="152043520" total="272629760" percent="55">
    <mem type="eden" free="1243800" total="2097152" percent="59" />
    <arraylet-primitive objects="2" leaves="2" largest="1" />
    <remembered-set count="49568" freebytes="10684288" totalbytes="10882560" percent="98" regionsoverflowed="0" regionsstable="3" regionsrebuilding="0"/>
  </mem-info>
</gc-end>
<cycle-end id="1395" type="partial gc" contextid="1388" timestamp="2019-09-21T18:43:02.141" />
  <attribute name="elasticGC enabled" value="1" />
  <attribute name= "numThreadsSpecified" value="8" />
  <attribute name="heapSize specified" value="0" />
  <attribute name="Current GC Util" value="124" />
  <attribute name= "Current Time Running" value="3416" />
  <attribute name ="GC Interval" value="0" />
  <attribute name="Target GC Util Change" value ="40.000000" />
  <attribute name="Current GC Util Change" value="124.000000"/>
  <attribute name="Current Error" value="-84.000000" />
  <attribute name="Output H" value="272705344"/>
  <attribute name="Output I" value="1912"/>
  <attribute name="Output T" value="8"/>
  <attribute name= "Current Time Running" value="3416" />
  <attribute name="GC Util currently" value="124" />
  <attribute name="CPU Util currently" value="7923940764912" />
<exclusive-end id="1396" timestamp="2019-09-21T18:43:02.141" durationms="4.987" />

<exclusive-start id="1397" timestamp="2019-09-21T18:43:02.181" intervalms="44.940">
  <response-info timems="0.066" idlems="0.066" threads="0" lastid="0000000001EDF700" lastname="Thread-12" />
</exclusive-start>
<allocation-taxation id="1398" taxation-threshold="74448896" timestamp="2019-09-21T18:43:02.182" intervalms="44.946" />
<cycle-start id="1399" type="partial gc" contextid="0" timestamp="2019-09-21T18:43:02.182" intervalms="44.937" />
<gc-start id="1400" type="partial gc" contextid="1399" timestamp="2019-09-21T18:43:02.182">
  <mem-info id="1401" free="77594624" total="272629760" percent="28">
    <mem type="eden" free="0" total="74448896" percent="0" />
    <arraylet-primitive objects="2" leaves="2" largest="1" />
    <remembered-set count="49248" freebytes="10685568" totalbytes="10882560" percent="98" regionsoverflowed="0" regionsstable="3" regionsrebuilding="0"/>
  </mem-info>
</gc-start>
<allocation-stats totalBytes="74438280" >
  <allocated-bytes non-tlh="0" tlh="74438280" arrayletleaf="0"/>
  <largest-consumer threadName="Thread-12" threadId="0000000001EDF700" bytes="14059616" />
</allocation-stats>
<gc-op id="1402" type="copy forward" timems="2.550" contextid="1399" timestamp="2019-09-21T18:43:02.185">
  <memory-copied type="eden" objects="17986" bytes="709152" bytesdiscarded="43008" />
  <memory-copied type="other" objects="37212" bytes="1717344" bytesdiscarded="87544" />
  <memory-cardclean objects="1003" bytes="51288" />
  <regions eden="71" other="7" />
  <remembered-set-cleared processed="35553" cleared="2793" durationms="0.179" />
  <stringconstants candidates="4597" cleared="0"  />
</gc-op>
<gc-op id="1403" type="classunload" timems="0.002" contextid="1399" timestamp="2019-09-21T18:43:02.185">
  <classunload-info classloadercandidates="8" classloadersunloaded="0" classesunloaded="0" anonymousclassesunloaded="0" quiescems="0.000" setupms="0.002" scanms="0.000" postms="0.000" />
</gc-op>
<gc-end id="1404" type="partial gc" contextid="1399" durationms="3.492" usertimems="12.000" systemtimems="0.000" timestamp="2019-09-21T18:43:02.186" activeThreads="8">
  <mem-info id="1405" free="152043520" total="272629760" percent="55">
    <mem type="eden" free="296416" total="1048576" percent="28" />
    <arraylet-primitive objects="2" leaves="2" largest="1" />
    <remembered-set count="47872" freebytes="10691072" totalbytes="10882560" percent="98" regionsoverflowed="0" regionsstable="3" regionsrebuilding="0"/>
  </mem-info>
</gc-end>
<cycle-end id="1406" type="partial gc" contextid="1399" timestamp="2019-09-21T18:43:02.186" />
  <attribute name="elasticGC enabled" value="1" />
  <attribute name= "numThreadsSpecified" value="8" />
  <attribute name="heapSize specified" value="0" />
  <attribute name="Current GC Util" value="145" />
  <attribute name= "Current Time Running" value="3460" />
  <attribute name ="GC Interval" value="0" />
  <attribute name="Target GC Util Change" value ="40.000000" />
  <attribute name="Current GC Util Change" value="145.000000"/>
  <attribute name="Current Error" value="-176.000000" />
  <attribute name="Output H" value="272705240"/>
  <attribute name="Output I" value="1808"/>
  <attribute name="Output T" value="8"/>
  <attribute name= "Current Time Running" value="3460" />
  <attribute name="GC Util currently" value="145" />
  <attribute name="CPU Util currently" value="8468428498651" />
<exclusive-end id="1407" timestamp="2019-09-21T18:43:02.186" durationms="4.437" />

<exclusive-start id="1408" timestamp="2019-09-21T18:43:02.222" intervalms="40.746">
  <response-info timems="0.068" idlems="0.068" threads="0" lastid="0000000001EE6F00" lastname="Thread-13" />
</exclusive-start>
<allocation-taxation id="1409" taxation-threshold="74448896" timestamp="2019-09-21T18:43:02.222" intervalms="40.699" />
<cycle-start id="1410" type="partial gc" contextid="0" timestamp="2019-09-21T18:43:02.222" intervalms="40.737" />
<gc-start id="1411" type="partial gc" contextid="1410" timestamp="2019-09-21T18:43:02.223">
  <mem-info id="1412" free="77594624" total="272629760" percent="28">
    <mem type="eden" free="0" total="74448896" percent="0" />
    <arraylet-primitive objects="2" leaves="2" largest="1" />
    <remembered-set count="47616" freebytes="10692096" totalbytes="10882560" percent="98" regionsoverflowed="0" regionsstable="3" regionsrebuilding="0"/>
  </mem-info>
</gc-start>
<allocation-stats totalBytes="74437552" >
  <allocated-bytes non-tlh="0" tlh="74437552" arrayletleaf="0"/>
  <largest-consumer threadName="Thread-12" threadId="0000000001EDF700" bytes="13035640" />
</allocation-stats>
<gc-op id="1413" type="copy forward" timems="3.070" contextid="1410" timestamp="2019-09-21T18:43:02.227">
  <memory-copied type="eden" objects="12076" bytes="429304" bytesdiscarded="43000" />
  <memory-copied type="other" objects="29717" bytes="1266792" bytesdiscarded="62344" />
  <memory-cardclean objects="6497" bytes="333696" />
  <regions eden="71" other="5" />
  <remembered-set-cleared processed="34666" cleared="1364" durationms="0.198" />
  <stringconstants candidates="4597" cleared="0"  />
</gc-op>
<gc-op id="1414" type="classunload" timems="0.003" contextid="1410" timestamp="2019-09-21T18:43:02.227">
  <classunload-info classloadercandidates="8" classloadersunloaded="0" classesunloaded="0" anonymousclassesunloaded="0" quiescems="0.000" setupms="0.002" scanms="0.000" postms="0.000" />
</gc-op>
<gc-end id="1415" type="partial gc" contextid="1410" durationms="4.283" usertimems="8.000" systemtimems="4.000" timestamp="2019-09-21T18:43:02.227" activeThreads="8">
  <mem-info id="1416" free="150994944" total="272629760" percent="55">
    <mem type="eden" free="576272" total="1048576" percent="54" />
    <arraylet-primitive objects="2" leaves="2" largest="1" />
    <remembered-set count="49056" freebytes="10686336" totalbytes="10882560" percent="98" regionsoverflowed="0" regionsstable="3" regionsrebuilding="0"/>
  </mem-info>
</gc-end>
<cycle-end id="1417" type="partial gc" contextid="1410" timestamp="2019-09-21T18:43:02.227" />
  <attribute name="elasticGC enabled" value="1" />
  <attribute name= "numThreadsSpecified" value="8" />
  <attribute name="heapSize specified" value="0" />
  <attribute name="Current GC Util" value="108" />
  <attribute name= "Current Time Running" value="3501" />
  <attribute name ="GC Interval" value="0" />
  <attribute name="Target GC Util Change" value ="40.000000" />
  <attribute name="Current GC Util Change" value="108.000000"/>
  <attribute name="Current Error" value="-232.000000" />
  <attribute name="Output H" value="272705176"/>
  <attribute name="Output I" value="1744"/>
  <attribute name="Output T" value="8"/>
  <attribute name= "Current Time Running" value="3501" />
  <attribute name="GC Util currently" value="108" />
  <attribute name="CPU Util currently" value="7034985082316" />
<exclusive-end id="1418" timestamp="2019-09-21T18:43:02.227" durationms="5.315" />

<exclusive-start id="1419" timestamp="2019-09-21T18:43:02.269" intervalms="46.533">
  <response-info timems="0.069" idlems="0.069" threads="0" lastid="0000000001EE3300" lastname="Thread-18" />
</exclusive-start>
<allocation-taxation id="1420" taxation-threshold="74448896" timestamp="2019-09-21T18:43:02.269" intervalms="46.557" />
<cycle-start id="1421" type="partial gc" contextid="0" timestamp="2019-09-21T18:43:02.269" intervalms="46.510" />
<gc-start id="1422" type="partial gc" contextid="1421" timestamp="2019-09-21T18:43:02.269">
  <mem-info id="1423" free="76546048" total="272629760" percent="28">
    <mem type="eden" free="0" total="74448896" percent="0" />
    <arraylet-primitive objects="2" leaves="2" largest="1" />
    <remembered-set count="48736" freebytes="10687616" totalbytes="10882560" percent="98" regionsoverflowed="0" regionsstable="3" regionsrebuilding="0"/>
  </mem-info>
</gc-start>
<allocation-stats totalBytes="74438472" >
  <allocated-bytes non-tlh="0" tlh="74438472" arrayletleaf="0"/>
  <largest-consumer threadName="Thread-12" threadId="0000000001EDF700" bytes="15030128" />
</allocation-stats>
<gc-op id="1424" type="copy forward" timems="2.543" contextid="1421" timestamp="2019-09-21T18:43:02.273">
  <memory-copied type="eden" objects="23037" bytes="967656" bytesdiscarded="36248" />
  <memory-copied type="other" objects="34252" bytes="1508928" bytesdiscarded="90656" />
  <memory-cardclean objects="45" bytes="5304" />
  <regions eden="71" other="6" />
  <remembered-set-cleared processed="34961" cleared="1817" durationms="0.193" />
  <stringconstants candidates="4597" cleared="0"  />
</gc-op>
<gc-op id="1425" type="classunload" timems="0.004" contextid="1421" timestamp="2019-09-21T18:43:02.273">
  <classunload-info classloadercandidates="8" classloadersunloaded="0" classesunloaded="0" anonymousclassesunloaded="0" quiescems="0.000" setupms="0.004" scanms="0.000" postms="0.000" />
</gc-op>
<gc-end id="1426" type="partial gc" contextid="1421" durationms="3.827" usertimems="12.000" systemtimems="0.000" timestamp="2019-09-21T18:43:02.273" activeThreads="8">
  <mem-info id="1427" free="149946368" total="272629760" percent="55">
    <mem type="eden" free="44672" total="1048576" percent="4" />
    <arraylet-primitive objects="2" leaves="2" largest="1" />
    <remembered-set count="48320" freebytes="10689280" totalbytes="10882560" percent="98" regionsoverflowed="0" regionsstable="3" regionsrebuilding="0"/>
  </mem-info>
</gc-end>
<cycle-end id="1428" type="partial gc" contextid="1421" timestamp="2019-09-21T18:43:02.273" />
  <attribute name="elasticGC enabled" value="1" />
  <attribute name= "numThreadsSpecified" value="8" />
  <attribute name="heapSize specified" value="0" />
  <attribute name="Current GC Util" value="112" />
  <attribute name= "Current Time Running" value="3548" />
  <attribute name ="GC Interval" value="0" />
  <attribute name="Target GC Util Change" value ="40.000000" />
  <attribute name="Current GC Util Change" value="112.000000"/>
  <attribute name="Current Error" value="-72.000000" />
  <attribute name="Output H" value="272705360"/>
  <attribute name="Output I" value="1928"/>
  <attribute name="Output T" value="8"/>
  <attribute name= "Current Time Running" value="3548" />
  <attribute name="GC Util currently" value="112" />
  <attribute name="CPU Util currently" value="6673370369605" />
<exclusive-end id="1429" timestamp="2019-09-21T18:43:02.274" durationms="4.925" />

<exclusive-start id="1430" timestamp="2019-09-21T18:43:02.316" intervalms="46.858">
  <response-info timems="0.105" idlems="0.105" threads="0" lastid="0000000001EEE700" lastname="Thread-11" />
</exclusive-start>
<allocation-taxation id="1431" taxation-threshold="74448896" timestamp="2019-09-21T18:43:02.316" intervalms="46.871" />
<cycle-start id="1432" type="partial gc" contextid="0" timestamp="2019-09-21T18:43:02.316" intervalms="46.914" />
<gc-start id="1433" type="partial gc" contextid="1432" timestamp="2019-09-21T18:43:02.316">
  <mem-info id="1434" free="75497472" total="272629760" percent="27">
    <mem type="eden" free="0" total="74448896" percent="0" />
    <arraylet-primitive objects="2" leaves="2" largest="1" />
    <remembered-set count="48032" freebytes="10690432" totalbytes="10882560" percent="98" regionsoverflowed="0" regionsstable="3" regionsrebuilding="0"/>
  </mem-info>
</gc-start>
<allocation-stats totalBytes="74438400" >
  <allocated-bytes non-tlh="0" tlh="74438400" arrayletleaf="0"/>
  <largest-consumer threadName="Thread-18" threadId="0000000001EE3300" bytes="15357776" />
</allocation-stats>
<gc-op id="1435" type="copy forward" timems="3.520" contextid="1432" timestamp="2019-09-21T18:43:02.321">
  <memory-copied type="eden" objects="18686" bytes="725680" bytesdiscarded="95576" />
  <memory-copied type="other" objects="26185" bytes="1040568" bytesdiscarded="90464" />
  <memory-cardclean objects="11743" bytes="585720" />
  <regions eden="71" other="5" />
  <remembered-set-cleared processed="35030" cleared="1503" durationms="0.176" />
  <stringconstants candidates="4597" cleared="0"  />
</gc-op>
<gc-op id="1436" type="classunload" timems="0.003" contextid="1432" timestamp="2019-09-21T18:43:02.321">
  <classunload-info classloadercandidates="8" classloadersunloaded="0" classesunloaded="0" anonymousclassesunloaded="0" quiescems="0.000" setupms="0.003" scanms="0.000" postms="0.000" />
</gc-op>
<gc-end id="1437" type="partial gc" contextid="1432" durationms="4.827" usertimems="12.000" systemtimems="0.000" timestamp="2019-09-21T18:43:02.321" activeThreads="8">
  <mem-info id="1438" free="148897792" total="272629760" percent="54">
    <mem type="eden" free="227320" total="1048576" percent="21" />
    <arraylet-primitive objects="2" leaves="2" largest="1" />
    <remembered-set count="49568" freebytes="10684288" totalbytes="10882560" percent="98" regionsoverflowed="0" regionsstable="3" regionsrebuilding="0"/>
  </mem-info>
</gc-end>
<cycle-end id="1439" type="partial gc" contextid="1432" timestamp="2019-09-21T18:43:02.321" />
  <attribute name="elasticGC enabled" value="1" />
  <attribute name= "numThreadsSpecified" value="8" />
  <attribute name="heapSize specified" value="0" />
  <attribute name="Current GC Util" value="140" />
  <attribute name= "Current Time Running" value="3595" />
  <attribute name ="GC Interval" value="0" />
  <attribute name="Target GC Util Change" value ="40.000000" />
  <attribute name="Current GC Util Change" value="140.000000"/>
  <attribute name="Current Error" value="-157.000000" />
  <attribute name="Output H" value="272705264"/>
  <attribute name="Output I" value="1832"/>
  <attribute name="Output T" value="8"/>
  <attribute name= "Current Time Running" value="3595" />
  <attribute name="GC Util currently" value="140" />
  <attribute name="CPU Util currently" value="6882147848385" />
<exclusive-end id="1440" timestamp="2019-09-21T18:43:02.321" durationms="5.814" />

<exclusive-start id="1441" timestamp="2019-09-21T18:43:02.367" intervalms="51.494">
  <response-info timems="0.117" idlems="0.117" threads="0" lastid="0000000001EF2300" lastname="Thread-14" />
</exclusive-start>
<allocation-taxation id="1442" taxation-threshold="74448896" timestamp="2019-09-21T18:43:02.367" intervalms="51.458" />
<cycle-start id="1443" type="partial gc" contextid="0" timestamp="2019-09-21T18:43:02.367" intervalms="51.405" />
<gc-start id="1444" type="partial gc" contextid="1443" timestamp="2019-09-21T18:43:02.368">
  <mem-info id="1445" free="74448896" total="272629760" percent="27">
    <mem type="eden" free="0" total="74448896" percent="0" />
    <arraylet-primitive objects="2" leaves="2" largest="1" />
    <remembered-set count="49536" freebytes="10684416" totalbytes="10882560" percent="98" regionsoverflowed="0" regionsstable="3" regionsrebuilding="0"/>
  </mem-info>
</gc-start>
<allocation-stats totalBytes="74438784" >
  <allocated-bytes non-tlh="0" tlh="74438784" arrayletleaf="0"/>
  <largest-consumer threadName="Thread-18" threadId="0000000001EE3300" bytes="17053544" />
</allocation-stats>
<gc-op id="1446" type="copy forward" timems="3.044" contextid="1443" timestamp="2019-09-21T18:43:02.372">
  <memory-copied type="eden" objects="11439" bytes="469680" bytesdiscarded="44072" />
  <memory-copied type="other" objects="27310" bytes="1067568" bytesdiscarded="40576" />
  <memory-cardclean objects="10741" bytes="541440" />
  <regions eden="71" other="4" />
  <remembered-set-cleared processed="35860" cleared="1730" durationms="0.169" />
  <stringconstants candidates="4597" cleared="0"  />
</gc-op>
<gc-op id="1447" type="classunload" timems="0.003" contextid="1443" timestamp="2019-09-21T18:43:02.372">
  <classunload-info classloadercandidates="8" classloadersunloaded="0" classesunloaded="0" anonymousclassesunloaded="0" quiescems="0.000" setupms="0.003" scanms="0.000" postms="0.000" />
</gc-op>
<gc-end id="1448" type="partial gc" contextid="1443" durationms="4.254" usertimems="8.000" systemtimems="8.000" timestamp="2019-09-21T18:43:02.372" activeThreads="8">
  <mem-info id="1449" free="147849216" total="272629760" percent="54">
    <mem type="eden" free="534824" total="1048576" percent="51" />
    <arraylet-primitive objects="2" leaves="2" largest="1" />
    <remembered-set count="49568" freebytes="10684288" totalbytes="10882560" percent="98" regionsoverflowed="0" regionsstable="3" regionsrebuilding="0"/>
  </mem-info>
</gc-end>
<cycle-end id="1450" type="partial gc" contextid="1443" timestamp="2019-09-21T18:43:02.372" />
  <attribute name="elasticGC enabled" value="1" />
  <attribute name= "numThreadsSpecified" value="8" />
  <attribute name="heapSize specified" value="0" />
  <attribute name="Current GC Util" value="118" />
  <attribute name= "Current Time Running" value="3646" />
  <attribute name ="GC Interval" value="0" />
  <attribute name="Target GC Util Change" value ="40.000000" />
  <attribute name="Current GC Util Change" value="118.000000"/>
  <attribute name="Current Error" value="-220.000000" />
  <attribute name="Output H" value="272705192"/>
  <attribute name="Output I" value="1760"/>
  <attribute name="Output T" value="8"/>
  <attribute name= "Current Time Running" value="3646" />
  <attribute name="GC Util currently" value="118" />
  <attribute name="CPU Util currently" value="7163650510555" />
<exclusive-end id="1451" timestamp="2019-09-21T18:43:02.372" durationms="5.187" />

<exclusive-start id="1452" timestamp="2019-09-21T18:43:02.411" intervalms="43.597">
  <response-info timems="0.105" idlems="0.105" threads="0" lastid="0000000001EEE700" lastname="Thread-11" />
</exclusive-start>
<allocation-taxation id="1453" taxation-threshold="74448896" timestamp="2019-09-21T18:43:02.411" intervalms="43.586" />
<cycle-start id="1454" type="partial gc" contextid="0" timestamp="2019-09-21T18:43:02.411" intervalms="43.562" />
<gc-start id="1455" type="partial gc" contextid="1454" timestamp="2019-09-21T18:43:02.411">
  <mem-info id="1456" free="73400320" total="272629760" percent="26">
    <mem type="eden" free="0" total="74448896" percent="0" />
    <arraylet-primitive objects="2" leaves="2" largest="1" />
    <remembered-set count="49376" freebytes="10685056" totalbytes="10882560" percent="98" regionsoverflowed="0" regionsstable="3" regionsrebuilding="0"/>
  </mem-info>
</gc-start>
<allocation-stats totalBytes="74438320" >
  <allocated-bytes non-tlh="0" tlh="74438320" arrayletleaf="0"/>
  <largest-consumer threadName="Thread-18" threadId="0000000001EE3300" bytes="15542240" />
</allocation-stats>
<gc-op id="1457" type="copy forward" timems="2.641" contextid="1454" timestamp="2019-09-21T18:43:02.414">
  <memory-copied type="eden" objects="32674" bytes="1418096" bytesdiscarded="93248" />
  <memory-copied type="other" objects="21218" bytes="976824" bytesdiscarded="82176" />
  <memory-cardclean objects="45" bytes="5304" />
  <regions eden="71" other="7" />
  <remembered-set-cleared processed="35640" cleared="2496" durationms="0.187" />
  <stringconstants candidates="4597" cleared="0"  />
</gc-op>
<gc-op id="1458" type="classunload" timems="0.004" contextid="1454" timestamp="2019-09-21T18:43:02.415">
  <classunload-info classloadercandidates="8" classloadersunloaded="0" classesunloaded="0" anonymousclassesunloaded="0" quiescems="0.000" setupms="0.003" scanms="0.000" postms="0.000" />
</gc-op>
<gc-end id="1459" type="partial gc" contextid="1454" durationms="3.626" usertimems="12.000" systemtimems="0.000" timestamp="2019-09-21T18:43:02.415" activeThreads="8">
  <mem-info id="1460" free="145752064" total="272629760" percent="53">
    <mem type="eden" free="585808" total="2097152" percent="27" />
    <arraylet-primitive objects="2" leaves="2" largest="1" />
    <remembered-set count="47808" freebytes="10691328" totalbytes="10882560" percent="98" regionsoverflowed="0" regionsstable="3" regionsrebuilding="0"/>
  </mem-info>
</gc-end>
<cycle-end id="1461" type="partial gc" contextid="1454" timestamp="2019-09-21T18:43:02.415" />
  <attribute name="elasticGC enabled" value="1" />
  <attribute name= "numThreadsSpecified" value="8" />
  <attribute name="heapSize specified" value="0" />
  <attribute name="Current GC Util" value="147" />
  <attribute name= "Current Time Running" value="3689" />
  <attribute name ="GC Interval" value="0" />
  <attribute name="Target GC Util Change" value ="40.000000" />
  <attribute name="Current GC Util Change" value="147.000000"/>
  <attribute name="Current Error" value="-107.000000" />
  <attribute name="Output H" value="272705320"/>
  <attribute name="Output I" value="1888"/>
  <attribute name="Output T" value="8"/>
  <attribute name= "Current Time Running" value="3689" />
  <attribute name="GC Util currently" value="147" />
  <attribute name="CPU Util currently" value="8482821630972" />
<exclusive-end id="1462" timestamp="2019-09-21T18:43:02.415" durationms="4.375" />

<exclusive-start id="1463" timestamp="2019-09-21T18:43:02.444" intervalms="33.097">
  <response-info timems="0.118" idlems="0.118" threads="0" lastid="0000000001EDF700" lastname="Thread-12" />
</exclusive-start>
<allocation-taxation id="1464" taxation-threshold="74448896" timestamp="2019-09-21T18:43:02.444" intervalms="33.124" />
<cycle-start id="1465" type="partial gc" contextid="0" timestamp="2019-09-21T18:43:02.444" intervalms="33.181" />
<gc-start id="1466" type="partial gc" contextid="1465" timestamp="2019-09-21T18:43:02.444">
  <mem-info id="1467" free="71303168" total="272629760" percent="26">
    <mem type="eden" free="0" total="74448896" percent="0" />
    <arraylet-primitive objects="2" leaves="2" largest="1" />
    <remembered-set count="47680" freebytes="10691840" totalbytes="10882560" percent="98" regionsoverflowed="0" regionsstable="3" regionsrebuilding="0"/>
  </mem-info>
</gc-start>
<allocation-stats totalBytes="74436992" >
  <allocated-bytes non-tlh="0" tlh="74436992" arrayletleaf="0"/>
  <largest-consumer threadName="Thread-11" threadId="0000000001EEE700" bytes="19866552" />
</allocation-stats>
<gc-op id="1468" type="copy forward" timems="2.677" contextid="1465" timestamp="2019-09-21T18:43:02.448">
  <memory-copied type="eden" objects="14573" bytes="627072" bytesdiscarded="108408" />
  <memory-copied type="other" objects="36504" bytes="1700352" bytesdiscarded="99272" />
  <memory-cardclean objects="45" bytes="5304" />
  <regions eden="71" other="6" />
  <remembered-set-cleared processed="35160" cleared="2016" durationms="0.181" />
  <stringconstants candidates="4597" cleared="0"  />
</gc-op>
<gc-op id="1469" type="classunload" timems="0.003" contextid="1465" timestamp="2019-09-21T18:43:02.448">
  <classunload-info classloadercandidates="8" classloadersunloaded="0" classesunloaded="0" anonymousclassesunloaded="0" quiescems="0.000" setupms="0.003" scanms="0.000" postms="0.000" />
</gc-op>
<gc-op id="1470" type="compact" timems="1.115" contextid="1465" timestamp="2019-09-21T18:43:02.449">
  <compact-info movecount="0" movebytes="0" />
  <remembered-set-cleared processed="72190" cleared="2016" durationms="0.181" />
</gc-op>
<gc-end id="1471" type="partial gc" contextid="1465" durationms="5.284" usertimems="16.000" systemtimems="0.000" timestamp="2019-09-21T18:43:02.450" activeThreads="8">
  <mem-info id="1472" free="145752064" total="272629760" percent="53">
    <mem type="eden" free="313096" total="1048576" percent="29" />
    <arraylet-primitive objects="2" leaves="2" largest="1" />
    <remembered-set count="46304" freebytes="10697344" totalbytes="10882560" percent="98" regionsoverflowed="0" regionsstable="3" regionsrebuilding="0"/>
  </mem-info>
</gc-end>
<cycle-end id="1473" type="partial gc" contextid="1465" timestamp="2019-09-21T18:43:02.450" />
  <attribute name="elasticGC enabled" value="1" />
  <attribute name= "numThreadsSpecified" value="8" />
  <attribute name="heapSize specified" value="0" />
  <attribute name="Current GC Util" value="293" />
  <attribute name= "Current Time Running" value="3726" />
  <attribute name ="GC Interval" value="0" />
  <attribute name="Target GC Util Change" value ="40.000000" />
  <attribute name="Current GC Util Change" value="293.000000"/>
  <attribute name="Current Error" value="-420.000000" />
  <attribute name="Output H" value="272704960"/>
  <attribute name="Output I" value="1528"/>
  <attribute name="Output T" value="8"/>
  <attribute name= "Current Time Running" value="3726" />
  <attribute name="GC Util currently" value="293" />
  <attribute name="CPU Util currently" value="780672863211" />
<exclusive-end id="1474" timestamp="2019-09-21T18:43:02.450" durationms="6.211" />

<exclusive-start id="1475" timestamp="2019-09-21T18:43:02.474" intervalms="29.871">
  <response-info timems="0.053" idlems="0.053" threads="0" lastid="0000000001EDBB00" lastname="Thread-16" />
</exclusive-start>
<allocation-taxation id="1476" taxation-threshold="74448896" timestamp="2019-09-21T18:43:02.474" intervalms="29.877" />
<cycle-start id="1477" type="partial gc" contextid="0" timestamp="2019-09-21T18:43:02.474" intervalms="29.867" />
<gc-start id="1478" type="partial gc" contextid="1477" timestamp="2019-09-21T18:43:02.474">
  <mem-info id="1479" free="71303168" total="272629760" percent="26">
    <mem type="eden" free="0" total="74448896" percent="0" />
    <arraylet-primitive objects="2" leaves="2" largest="1" />
    <remembered-set count="46304" freebytes="10697344" totalbytes="10882560" percent="98" regionsoverflowed="0" regionsstable="3" regionsrebuilding="0"/>
  </mem-info>
</gc-start>
<allocation-stats totalBytes="74437192" >
  <allocated-bytes non-tlh="0" tlh="74437192" arrayletleaf="0"/>
  <largest-consumer threadName="Thread-11" threadId="0000000001EEE700" bytes="17777848" />
</allocation-stats>
<gc-op id="1480" type="copy forward" timems="2.784" contextid="1477" timestamp="2019-09-21T18:43:02.478">
  <memory-copied type="eden" objects="18572" bytes="723552" bytesdiscarded="46704" />
  <memory-copied type="other" objects="37961" bytes="1735320" bytesdiscarded="101960" />
  <memory-cardclean objects="2253" bytes="133944" />
  <regions eden="71" other="5" />
  <remembered-set-cleared processed="35411" cleared="1406" durationms="0.194" />
  <stringconstants candidates="4597" cleared="0"  />
</gc-op>
<gc-op id="1481" type="classunload" timems="0.003" contextid="1477" timestamp="2019-09-21T18:43:02.478">
  <classunload-info classloadercandidates="8" classloadersunloaded="0" classesunloaded="0" anonymousclassesunloaded="0" quiescems="0.000" setupms="0.003" scanms="0.000" postms="0.000" />
</gc-op>
<heap-resize id="1482" type="expand" space="default" amount="47185920" count="1" timems="0.353" reason="excessive time being spent in gc" timestamp="2019-09-21T18:43:02.479" />
<gc-end id="1483" type="partial gc" contextid="1477" durationms="4.413" usertimems="8.000" systemtimems="4.000" timestamp="2019-09-21T18:43:02.479" activeThreads="8">
  <mem-info id="1484" free="191889408" total="319815680" percent="60">
    <mem type="eden" free="278320" total="1048576" percent="26" />
    <arraylet-primitive objects="2" leaves="2" largest="1" />
    <remembered-set count="49280" freebytes="12568960" totalbytes="12766080" percent="98" regionsoverflowed="0" regionsstable="3" regionsrebuilding="0"/>
  </mem-info>
</gc-end>
<cycle-end id="1485" type="partial gc" contextid="1477" timestamp="2019-09-21T18:43:02.479" />
  <attribute name="elasticGC enabled" value="1" />
  <attribute name= "numThreadsSpecified" value="8" />
  <attribute name="heapSize specified" value="0" />
  <attribute name="Current GC Util" value="137" />
  <attribute name= "Current Time Running" value="3753" />
  <attribute name ="GC Interval" value="0" />
  <attribute name="Target GC Util Change" value ="40.000000" />
  <attribute name="Current GC Util Change" value="137.000000"/>
  <attribute name="Current Error" value="-500.000000" />
  <attribute name="Output H" value="272704864"/>
  <attribute name="Output I" value="1432"/>
  <attribute name="Output T" value="8"/>
  <attribute name= "Current Time Running" value="3753" />
  <attribute name="GC Util currently" value="137" />
  <attribute name="CPU Util currently" value="7639491470390" />
<exclusive-end id="1486" timestamp="2019-09-21T18:43:02.479" durationms="5.498" />

<exclusive-start id="1487" timestamp="2019-09-21T18:43:02.506" intervalms="32.251">
  <response-info timems="0.049" idlems="0.049" threads="0" lastid="0000000001EE3300" lastname="Thread-18" />
</exclusive-start>
<allocation-taxation id="1488" taxation-threshold="85983232" timestamp="2019-09-21T18:43:02.506" intervalms="32.240" />
<cycle-start id="1489" type="partial gc" contextid="0" timestamp="2019-09-21T18:43:02.506" intervalms="32.226" />
<gc-start id="1490" type="partial gc" contextid="1489" timestamp="2019-09-21T18:43:02.506">
  <mem-info id="1491" free="105906176" total="319815680" percent="33">
    <mem type="eden" free="0" total="85983232" percent="0" />
    <arraylet-primitive objects="2" leaves="2" largest="1" />
    <remembered-set count="48800" freebytes="12570880" totalbytes="12766080" percent="98" regionsoverflowed="0" regionsstable="3" regionsrebuilding="0"/>
  </mem-info>
</gc-start>
<allocation-stats totalBytes="85971096" >
  <allocated-bytes non-tlh="0" tlh="85971096" arrayletleaf="0"/>
  <largest-consumer threadName="Thread-16" threadId="0000000001EDBB00" bytes="17545024" />
</allocation-stats>
<gc-op id="1492" type="copy forward" timems="3.088" contextid="1489" timestamp="2019-09-21T18:43:02.511">
  <memory-copied type="eden" objects="22450" bytes="816176" bytesdiscarded="48336" />
  <memory-copied type="other" objects="36972" bytes="1574208" bytesdiscarded="109128" />
  <memory-cardclean objects="6140" bytes="319320" />
  <regions eden="82" other="5" />
  <remembered-set-cleared processed="35530" cleared="1468" durationms="0.194" />
  <stringconstants candidates="4597" cleared="0"  />
</gc-op>
<gc-op id="1493" type="classunload" timems="0.003" contextid="1489" timestamp="2019-09-21T18:43:02.511">
  <classunload-info classloadercandidates="8" classloadersunloaded="0" classesunloaded="0" anonymousclassesunloaded="0" quiescems="0.000" setupms="0.003" scanms="0.000" postms="0.000" />
</gc-op>
<heap-resize id="1494" type="expand" space="default" amount="3145728" count="1" timems="0.080" reason="excessive time being spent in gc" timestamp="2019-09-21T18:43:02.511" />
<gc-end id="1495" type="partial gc" contextid="1489" durationms="4.571" usertimems="12.000" systemtimems="4.000" timestamp="2019-09-21T18:43:02.511" activeThreads="8">
  <mem-info id="1496" free="193986560" total="322961408" percent="60">
    <mem type="eden" free="184064" total="1048576" percent="17" />
    <arraylet-primitive objects="2" leaves="2" largest="1" />
    <remembered-set count="50464" freebytes="12689792" totalbytes="12891648" percent="98" regionsoverflowed="0" regionsstable="3" regionsrebuilding="0"/>
  </mem-info>
</gc-end>
<cycle-end id="1497" type="partial gc" contextid="1489" timestamp="2019-09-21T18:43:02.511" />
  <attribute name="elasticGC enabled" value="1" />
  <attribute name= "numThreadsSpecified" value="8" />
  <attribute name="heapSize specified" value="0" />
  <attribute name="Current GC Util" value="95" />
  <attribute name= "Current Time Running" value="3785" />
  <attribute name ="GC Interval" value="0" />
  <attribute name="Target GC Util Change" value ="40.000000" />
  <attribute name="Current GC Util Change" value="95.000000"/>
  <attribute name="Current Error" value="-54.000000" />
  <attribute name="Output H" value="319891304"/>
  <attribute name="Output I" value="1952"/>
  <attribute name="Output T" value="8"/>
  <attribute name= "Current Time Running" value="3785" />
  <attribute name="GC Util currently" value="95" />
  <attribute name="CPU Util currently" value="5987693981847" />
<exclusive-end id="1498" timestamp="2019-09-21T18:43:02.511" durationms="5.505" />

<exclusive-start id="1499" timestamp="2019-09-21T18:43:02.537" intervalms="31.125">
  <response-info timems="0.055" idlems="0.055" threads="0" lastid="0000000001EDBB00" lastname="Thread-16" />
</exclusive-start>
<allocation-taxation id="1500" taxation-threshold="85983232" timestamp="2019-09-21T18:43:02.537" intervalms="31.135" />
<cycle-start id="1501" type="partial gc" contextid="0" timestamp="2019-09-21T18:43:02.537" intervalms="31.165" />
<gc-start id="1502" type="partial gc" contextid="1501" timestamp="2019-09-21T18:43:02.538">
  <mem-info id="1503" free="108003328" total="322961408" percent="33">
    <mem type="eden" free="0" total="85983232" percent="0" />
    <arraylet-primitive objects="2" leaves="2" largest="1" />
    <remembered-set count="50400" freebytes="12690048" totalbytes="12891648" percent="98" regionsoverflowed="0" regionsstable="3" regionsrebuilding="0"/>
  </mem-info>
</gc-start>
<allocation-stats totalBytes="85971680" >
  <allocated-bytes non-tlh="0" tlh="85971680" arrayletleaf="0"/>
  <largest-consumer threadName="Thread-11" threadId="0000000001EEE700" bytes="15177696" />
</allocation-stats>
<gc-op id="1504" type="copy forward" timems="3.054" contextid="1501" timestamp="2019-09-21T18:43:02.542">
  <memory-copied type="eden" objects="28947" bytes="1247224" bytesdiscarded="62088" />
  <memory-copied type="other" objects="32433" bytes="1327896" bytesdiscarded="79736" />
  <memory-cardclean objects="4548" bytes="224736" />
  <regions eden="82" other="7" />
  <remembered-set-cleared processed="35880" cleared="2712" durationms="0.201" />
  <stringconstants candidates="4597" cleared="0"  />
</gc-op>
<gc-op id="1505" type="classunload" timems="0.002" contextid="1501" timestamp="2019-09-21T18:43:02.542">
  <classunload-info classloadercandidates="8" classloadersunloaded="0" classesunloaded="0" anonymousclassesunloaded="0" quiescems="0.000" setupms="0.002" scanms="0.000" postms="0.000" />
</gc-op>
<heap-resize id="1506" type="expand" space="default" amount="2097152" count="1" timems="0.082" reason="excessive time being spent in gc" timestamp="2019-09-21T18:43:02.542" />
<gc-end id="1507" type="partial gc" contextid="1501" durationms="4.471" usertimems="8.000" systemtimems="4.000" timestamp="2019-09-21T18:43:02.542" activeThreads="8">
  <mem-info id="1508" free="195035136" total="325058560" percent="60">
    <mem type="eden" free="787840" total="2097152" percent="37" />
    <arraylet-primitive objects="2" leaves="2" largest="1" />
    <remembered-set count="48320" freebytes="12782080" totalbytes="12975360" percent="98" regionsoverflowed="0" regionsstable="3" regionsrebuilding="0"/>
  </mem-info>
</gc-end>
<cycle-end id="1509" type="partial gc" contextid="1501" timestamp="2019-09-21T18:43:02.542" />
  <attribute name="elasticGC enabled" value="1" />
  <attribute name= "numThreadsSpecified" value="8" />
  <attribute name="heapSize specified" value="0" />
  <attribute name="Current GC Util" value="100" />
  <attribute name= "Current Time Running" value="3816" />
  <attribute name ="GC Interval" value="0" />
  <attribute name="Target GC Util Change" value ="40.000000" />
  <attribute name="Current GC Util Change" value="100.000000"/>
  <attribute name="Current Error" value="-118.000000" />
  <attribute name="Output H" value="323036952"/>
  <attribute name="Output I" value="1872"/>
  <attribute name="Output T" value="8"/>
  <attribute name= "Current Time Running" value="3816" />
  <attribute name="GC Util currently" value="100" />
  <attribute name="CPU Util currently" value="6083215905950" />
<exclusive-end id="1510" timestamp="2019-09-21T18:43:02.543" durationms="5.578" />

<exclusive-start id="1511" timestamp="2019-09-21T18:43:02.571" intervalms="33.730">
  <response-info timems="0.233" idlems="0.233" threads="0" lastid="0000000001EE3300" lastname="Thread-18" />
</exclusive-start>
<allocation-taxation id="1512" taxation-threshold="87031808" timestamp="2019-09-21T18:43:02.571" intervalms="33.723" />
<cycle-start id="1513" type="partial gc" contextid="0" timestamp="2019-09-21T18:43:02.571" intervalms="33.722" />
<gc-start id="1514" type="partial gc" contextid="1513" timestamp="2019-09-21T18:43:02.571">
  <mem-info id="1515" free="108003328" total="325058560" percent="33">
    <mem type="eden" free="0" total="87031808" percent="0" />
    <arraylet-primitive objects="2" leaves="2" largest="1" />
    <remembered-set count="47840" freebytes="12784000" totalbytes="12975360" percent="98" regionsoverflowed="0" regionsstable="3" regionsrebuilding="0"/>
  </mem-info>
</gc-start>
<allocation-stats totalBytes="87019784" >
  <allocated-bytes non-tlh="0" tlh="87019784" arrayletleaf="0"/>
  <largest-consumer threadName="Thread-12" threadId="0000000001EDF700" bytes="15865536" />
</allocation-stats>
<gc-op id="1516" type="copy forward" timems="3.605" contextid="1513" timestamp="2019-09-21T18:43:02.576">
  <memory-copied type="eden" objects="18527" bytes="721808" bytesdiscarded="90840" />
  <memory-copied type="other" objects="41120" bytes="1811136" bytesdiscarded="77064" />
  <memory-cardclean objects="4375" bytes="235752" />
  <regions eden="83" other="7" />
  <remembered-set-cleared processed="35181" cleared="1948" durationms="0.220" />
  <stringconstants candidates="4597" cleared="0"  />
</gc-op>
<gc-op id="1517" type="classunload" timems="0.004" contextid="1513" timestamp="2019-09-21T18:43:02.576">
  <classunload-info classloadercandidates="8" classloadersunloaded="0" classesunloaded="0" anonymousclassesunloaded="0" quiescems="0.000" setupms="0.003" scanms="0.000" postms="0.000" />
</gc-op>
<heap-resize id="1518" type="expand" space="default" amount="3145728" count="1" timems="0.084" reason="excessive time being spent in gc" timestamp="2019-09-21T18:43:02.576" />
<gc-end id="1519" type="partial gc" contextid="1513" durationms="5.090" usertimems="12.000" systemtimems="0.000" timestamp="2019-09-21T18:43:02.576" activeThreads="8">
  <mem-info id="1520" free="197132288" total="328204288" percent="60">
    <mem type="eden" free="1284504" total="2097152" percent="61" />
    <arraylet-primitive objects="2" leaves="2" largest="1" />
    <remembered-set count="49056" freebytes="12904704" totalbytes="13100928" percent="98" regionsoverflowed="0" regionsstable="3" regionsrebuilding="0"/>
  </mem-info>
</gc-end>
<cycle-end id="1521" type="partial gc" contextid="1513" timestamp="2019-09-21T18:43:02.577" />
  <attribute name="elasticGC enabled" value="1" />
  <attribute name= "numThreadsSpecified" value="8" />
  <attribute name="heapSize specified" value="0" />
  <attribute name="Current GC Util" value="103" />
  <attribute name= "Current Time Running" value="3850" />
  <attribute name ="GC Interval" value="0" />
  <attribute name="Target GC Util Change" value ="40.000000" />
  <attribute name="Current GC Util Change" value="103.000000"/>
  <attribute name="Current Error" value="-180.000000" />
  <attribute name="Output H" value="325134040"/>
  <attribute name="Output I" value="1808"/>
  <attribute name="Output T" value="8"/>
  <attribute name= "Current Time Running" value="3850" />
  <attribute name="GC Util currently" value="103" />
  <attribute name="CPU Util currently" value="6186943717995" />
<exclusive-end id="1522" timestamp="2019-09-21T18:43:02.577" durationms="6.097" />

<exclusive-start id="1523" timestamp="2019-09-21T18:43:02.605" intervalms="34.153">
  <response-info timems="0.064" idlems="0.064" threads="0" lastid="0000000001EDF700" lastname="Thread-12" />
</exclusive-start>
<allocation-taxation id="1524" taxation-threshold="88080384" timestamp="2019-09-21T18:43:02.605" intervalms="34.174" />
<cycle-start id="1525" type="partial gc" contextid="0" timestamp="2019-09-21T18:43:02.605" intervalms="34.187" />
<gc-start id="1526" type="partial gc" contextid="1525" timestamp="2019-09-21T18:43:02.606">
  <mem-info id="1527" free="109051904" total="328204288" percent="33">
    <mem type="eden" free="0" total="88080384" percent="0" />
    <arraylet-primitive objects="2" leaves="2" largest="1" />
    <remembered-set count="48608" freebytes="12906496" totalbytes="13100928" percent="98" regionsoverflowed="0" regionsstable="3" regionsrebuilding="0"/>
  </mem-info>
</gc-start>
<allocation-stats totalBytes="88068152" >
  <allocated-bytes non-tlh="0" tlh="88068152" arrayletleaf="0"/>
  <largest-consumer threadName="Thread-12" threadId="0000000001EDF700" bytes="15844840" />
</allocation-stats>
<gc-op id="1528" type="copy forward" timems="3.117" contextid="1525" timestamp="2019-09-21T18:43:02.610">
  <memory-copied type="eden" objects="9510" bytes="231752" bytesdiscarded="26448" />
  <memory-copied type="other" objects="54661" bytes="2333520" bytesdiscarded="127104" />
  <memory-cardclean objects="5821" bytes="286608" />
  <regions eden="84" other="6" />
  <remembered-set-cleared processed="35054" cleared="1657" durationms="0.210" />
  <stringconstants candidates="4597" cleared="0"  />
</gc-op>
<gc-op id="1529" type="classunload" timems="0.003" contextid="1525" timestamp="2019-09-21T18:43:02.610">
  <classunload-info classloadercandidates="8" classloadersunloaded="0" classesunloaded="0" anonymousclassesunloaded="0" quiescems="0.000" setupms="0.002" scanms="0.000" postms="0.000" />
</gc-op>
<gc-end id="1530" type="partial gc" contextid="1525" durationms="4.313" usertimems="16.000" systemtimems="0.000" timestamp="2019-09-21T18:43:02.610" activeThreads="8">
  <mem-info id="1531" free="197132288" total="328204288" percent="60">
    <mem type="eden" free="790376" total="1048576" percent="75" />
    <arraylet-primitive objects="2" leaves="2" largest="1" />
    <remembered-set count="50240" freebytes="12899968" totalbytes="13100928" percent="98" regionsoverflowed="0" regionsstable="3" regionsrebuilding="0"/>
  </mem-info>
</gc-end>
<cycle-end id="1532" type="partial gc" contextid="1525" timestamp="2019-09-21T18:43:02.610" />
  <attribute name="elasticGC enabled" value="1" />
  <attribute name= "numThreadsSpecified" value="8" />
  <attribute name="heapSize specified" value="0" />
  <attribute name="Current GC Util" value="106" />
  <attribute name= "Current Time Running" value="3884" />
  <attribute name ="GC Interval" value="0" />
  <attribute name="Target GC Util Change" value ="40.000000" />
  <attribute name="Current GC Util Change" value="106.000000"/>
  <attribute name="Current Error" value="-67.000000" />
  <attribute name="Output H" value="328279896"/>
  <attribute name="Output I" value="1936"/>
  <attribute name="Output T" value="8"/>
  <attribute name= "Current Time Running" value="3884" />
  <attribute name="GC Util currently" value="106" />
  <attribute name="CPU Util currently" value="6833605458136" />
<exclusive-end id="1533" timestamp="2019-09-21T18:43:02.610" durationms="5.363" />

<exclusive-start id="1534" timestamp="2019-09-21T18:43:02.636" intervalms="31.060">
  <response-info timems="0.088" idlems="0.088" threads="0" lastid="0000000001EEE700" lastname="Thread-11" />
</exclusive-start>
<allocation-taxation id="1535" taxation-threshold="88080384" timestamp="2019-09-21T18:43:02.636" intervalms="31.079" />
<cycle-start id="1536" type="partial gc" contextid="0" timestamp="2019-09-21T18:43:02.636" intervalms="31.065" />
<gc-start id="1537" type="partial gc" contextid="1536" timestamp="2019-09-21T18:43:02.637">
  <mem-info id="1538" free="109051904" total="328204288" percent="33">
    <mem type="eden" free="0" total="88080384" percent="0" />
    <arraylet-primitive objects="2" leaves="2" largest="1" />
    <remembered-set count="50016" freebytes="12900864" totalbytes="13100928" percent="98" regionsoverflowed="0" regionsstable="3" regionsrebuilding="0"/>
  </mem-info>
</gc-start>
<allocation-stats totalBytes="88067904" >
  <allocated-bytes non-tlh="0" tlh="88067904" arrayletleaf="0"/>
  <largest-consumer threadName="Thread-12" threadId="0000000001EDF700" bytes="14800552" />
</allocation-stats>
<gc-op id="1539" type="copy forward" timems="2.707" contextid="1536" timestamp="2019-09-21T18:43:02.640">
  <memory-copied type="eden" objects="19716" bytes="888704" bytesdiscarded="35704" />
  <memory-copied type="other" objects="36484" bytes="1562496" bytesdiscarded="181824" />
  <memory-cardclean objects="45" bytes="5304" />
  <regions eden="84" other="8" />
  <remembered-set-cleared processed="35449" cleared="2290" durationms="0.192" />
  <stringconstants candidates="4597" cleared="0"  />
</gc-op>
<gc-op id="1540" type="classunload" timems="0.003" contextid="1536" timestamp="2019-09-21T18:43:02.640">
  <classunload-info classloadercandidates="8" classloadersunloaded="0" classesunloaded="0" anonymousclassesunloaded="0" quiescems="0.000" setupms="0.003" scanms="0.000" postms="0.000" />
</gc-op>
<gc-end id="1541" type="partial gc" contextid="1536" durationms="3.885" usertimems="12.000" systemtimems="0.000" timestamp="2019-09-21T18:43:02.640" activeThreads="8">
  <mem-info id="1542" free="197132288" total="328204288" percent="60">
    <mem type="eden" free="1172744" total="2097152" percent="55" />
    <arraylet-primitive objects="2" leaves="2" largest="1" />
    <remembered-set count="48320" freebytes="12907648" totalbytes="13100928" percent="98" regionsoverflowed="0" regionsstable="3" regionsrebuilding="0"/>
  </mem-info>
</gc-end>
<cycle-end id="1543" type="partial gc" contextid="1536" timestamp="2019-09-21T18:43:02.641" />
  <attribute name="elasticGC enabled" value="1" />
  <attribute name= "numThreadsSpecified" value="8" />
  <attribute name="heapSize specified" value="0" />
  <attribute name="Current GC Util" value="118" />
  <attribute name= "Current Time Running" value="3915" />
  <attribute name ="GC Interval" value="0" />
  <attribute name="Target GC Util Change" value ="40.000000" />
  <attribute name="Current GC Util Change" value="118.000000"/>
  <attribute name="Current Error" value="-148.000000" />
  <attribute name="Output H" value="328279800"/>
  <attribute name="Output I" value="1840"/>
  <attribute name="Output T" value="8"/>
  <attribute name= "Current Time Running" value="3915" />
  <attribute name="GC Util currently" value="118" />
  <attribute name="CPU Util currently" value="7330865134774" />
<exclusive-end id="1544" timestamp="2019-09-21T18:43:02.641" durationms="4.768" />

<exclusive-start id="1545" timestamp="2019-09-21T18:43:02.666" intervalms="29.833">
  <response-info timems="0.329" idlems="0.329" threads="0" lastid="0000000001EE3300" lastname="Thread-18" />
</exclusive-start>
<allocation-taxation id="1546" taxation-threshold="88080384" timestamp="2019-09-21T18:43:02.666" intervalms="29.805" />
<cycle-start id="1547" type="partial gc" contextid="0" timestamp="2019-09-21T18:43:02.666" intervalms="29.784" />
<gc-start id="1548" type="partial gc" contextid="1547" timestamp="2019-09-21T18:43:02.666">
  <mem-info id="1549" free="109051904" total="328204288" percent="33">
    <mem type="eden" free="0" total="88080384" percent="0" />
    <arraylet-primitive objects="2" leaves="2" largest="1" />
    <remembered-set count="47872" freebytes="12909440" totalbytes="13100928" percent="98" regionsoverflowed="0" regionsstable="3" regionsrebuilding="0"/>
  </mem-info>
</gc-start>
<allocation-stats totalBytes="88069080" >
  <allocated-bytes non-tlh="0" tlh="88069080" arrayletleaf="0"/>
  <largest-consumer threadName="Thread-11" threadId="0000000001EEE700" bytes="15919264" />
</allocation-stats>
<gc-op id="1550" type="copy forward" timems="2.704" contextid="1547" timestamp="2019-09-21T18:43:02.670">
  <memory-copied type="eden" objects="20763" bytes="913664" bytesdiscarded="89504" />
  <memory-copied type="other" objects="29075" bytes="1384680" bytesdiscarded="92336" />
  <memory-cardclean objects="45" bytes="5304" />
  <regions eden="84" other="7" />
  <remembered-set-cleared processed="34623" cleared="1464" durationms="0.193" />
  <stringconstants candidates="4597" cleared="0"  />
</gc-op>
<gc-op id="1551" type="classunload" timems="0.002" contextid="1547" timestamp="2019-09-21T18:43:02.670">
  <classunload-info classloadercandidates="8" classloadersunloaded="0" classesunloaded="0" anonymousclassesunloaded="0" quiescems="0.000" setupms="0.002" scanms="0.000" postms="0.000" />
</gc-op>
<gc-end id="1552" type="partial gc" contextid="1547" durationms="4.135" usertimems="4.000" systemtimems="8.000" timestamp="2019-09-21T18:43:02.671" activeThreads="8">
  <mem-info id="1553" free="199229440" total="328204288" percent="60">
    <mem type="eden" free="45408" total="1048576" percent="4" />
    <arraylet-primitive objects="2" leaves="2" largest="1" />
    <remembered-set count="46784" freebytes="12913792" totalbytes="13100928" percent="98" regionsoverflowed="0" regionsstable="3" regionsrebuilding="0"/>
  </mem-info>
</gc-end>
<cycle-end id="1554" type="partial gc" contextid="1547" timestamp="2019-09-21T18:43:02.671" />
  <attribute name="elasticGC enabled" value="1" />
  <attribute name= "numThreadsSpecified" value="8" />
  <attribute name="heapSize specified" value="0" />
  <attribute name="Current GC Util" value="89" />
  <attribute name= "Current Time Running" value="3945" />
  <attribute name ="GC Interval" value="0" />
  <attribute name="Target GC Util Change" value ="40.000000" />
  <attribute name="Current GC Util Change" value="89.000000"/>
  <attribute name="Current Error" value="-198.000000" />
  <attribute name="Output H" value="328279744"/>
  <attribute name="Output I" value="1784"/>
  <attribute name="Output T" value="8"/>
  <attribute name= "Current Time Running" value="3945" />
  <attribute name="GC Util currently" value="89" />
  <attribute name="CPU Util currently" value="5898895834854" />
<exclusive-end id="1555" timestamp="2019-09-21T18:43:02.671" durationms="5.099" />

<exclusive-start id="1556" timestamp="2019-09-21T18:43:02.693" intervalms="26.812">
  <response-info timems="0.048" idlems="0.048" threads="0" lastid="0000000001EEE700" lastname="Thread-11" />
</exclusive-start>
<allocation-taxation id="1557" taxation-threshold="88080384" timestamp="2019-09-21T18:43:02.693" intervalms="26.829" />
<cycle-start id="1558" type="partial gc" contextid="0" timestamp="2019-09-21T18:43:02.693" intervalms="26.902" />
<gc-start id="1559" type="partial gc" contextid="1558" timestamp="2019-09-21T18:43:02.693">
  <mem-info id="1560" free="111149056" total="328204288" percent="33">
    <mem type="eden" free="0" total="88080384" percent="0" />
    <arraylet-primitive objects="2" leaves="2" largest="1" />
    <remembered-set count="46496" freebytes="12914944" totalbytes="13100928" percent="98" regionsoverflowed="0" regionsstable="3" regionsrebuilding="0"/>
  </mem-info>
</gc-start>
<allocation-stats totalBytes="88069528" >
  <allocated-bytes non-tlh="0" tlh="88069528" arrayletleaf="0"/>
  <largest-consumer threadName="Thread-18" threadId="0000000001EE3300" bytes="18642296" />
</allocation-stats>
<gc-op id="1561" type="copy forward" timems="2.754" contextid="1558" timestamp="2019-09-21T18:43:02.697">
  <memory-copied type="eden" objects="9195" bytes="224520" bytesdiscarded="32280" />
  <memory-copied type="other" objects="49301" bytes="2282232" bytesdiscarded="100560" />
  <memory-cardclean objects="45" bytes="5304" />
  <regions eden="84" other="6" />
  <remembered-set-cleared processed="34232" cleared="1073" durationms="0.208" />
  <stringconstants candidates="4597" cleared="0"  />
</gc-op>
<gc-op id="1562" type="classunload" timems="0.003" contextid="1558" timestamp="2019-09-21T18:43:02.697">
  <classunload-info classloadercandidates="8" classloadersunloaded="0" classesunloaded="0" anonymousclassesunloaded="0" quiescems="0.000" setupms="0.003" scanms="0.000" postms="0.000" />
</gc-op>
<gc-end id="1563" type="partial gc" contextid="1558" durationms="3.932" usertimems="12.000" systemtimems="0.000" timestamp="2019-09-21T18:43:02.697" activeThreads="8">
  <mem-info id="1564" free="199229440" total="328204288" percent="60">
    <mem type="eden" free="791776" total="1048576" percent="75" />
    <arraylet-primitive objects="2" leaves="2" largest="1" />
    <remembered-set count="47808" freebytes="12909696" totalbytes="13100928" percent="98" regionsoverflowed="0" regionsstable="3" regionsrebuilding="0"/>
  </mem-info>
</gc-end>
<cycle-end id="1565" type="partial gc" contextid="1558" timestamp="2019-09-21T18:43:02.697" />
  <attribute name="elasticGC enabled" value="1" />
  <attribute name= "numThreadsSpecified" value="8" />
  <attribute name="heapSize specified" value="0" />
  <attribute name="Current GC Util" value="126" />
  <attribute name= "Current Time Running" value="3972" />
  <attribute name ="GC Interval" value="0" />
  <attribute name="Target GC Util Change" value ="40.000000" />
  <attribute name="Current GC Util Change" value="126.000000"/>
  <attribute name="Current Error" value="-89.000000" />
  <attribute name="Output H" value="328279872"/>
  <attribute name="Output I" value="1912"/>
  <attribute name="Output T" value="8"/>
  <attribute name= "Current Time Running" value="3972" />
  <attribute name="GC Util currently" value="126" />
  <attribute name="CPU Util currently" value="6917847185935" />
<exclusive-end id="1566" timestamp="2019-09-21T18:43:02.697" durationms="4.894" />

<exclusive-start id="1567" timestamp="2019-09-21T18:43:02.718" intervalms="25.921">
  <response-info timems="0.057" idlems="0.057" threads="0" lastid="0000000001EDBB00" lastname="Thread-16" />
</exclusive-start>
<allocation-taxation id="1568" taxation-threshold="88080384" timestamp="2019-09-21T18:43:02.719" intervalms="25.925" />
<cycle-start id="1569" type="partial gc" contextid="0" timestamp="2019-09-21T18:43:02.719" intervalms="25.936" />
<gc-start id="1570" type="partial gc" contextid="1569" timestamp="2019-09-21T18:43:02.719">
  <mem-info id="1571" free="111149056" total="328204288" percent="33">
    <mem type="eden" free="0" total="88080384" percent="0" />
    <arraylet-primitive objects="2" leaves="2" largest="1" />
    <remembered-set count="47744" freebytes="12909952" totalbytes="13100928" percent="98" regionsoverflowed="0" regionsstable="3" regionsrebuilding="0"/>
  </mem-info>
</gc-start>
<allocation-stats totalBytes="88069560" >
  <allocated-bytes non-tlh="0" tlh="88069560" arrayletleaf="0"/>
  <largest-consumer threadName="Thread-18" threadId="0000000001EE3300" bytes="19056720" />
</allocation-stats>
<gc-op id="1572" type="copy forward" timems="2.715" contextid="1569" timestamp="2019-09-21T18:43:02.723">
  <memory-copied type="eden" objects="12896" bytes="450720" bytesdiscarded="17536" />
  <memory-copied type="other" objects="48551" bytes="2126856" bytesdiscarded="172536" />
  <memory-cardclean objects="45" bytes="5304" />
  <regions eden="84" other="6" />
  <remembered-set-cleared processed="34782" cleared="1623" durationms="0.190" />
  <stringconstants candidates="4597" cleared="0"  />
</gc-op>
<gc-op id="1573" type="classunload" timems="0.003" contextid="1569" timestamp="2019-09-21T18:43:02.723">
  <classunload-info classloadercandidates="8" classloadersunloaded="0" classesunloaded="0" anonymousclassesunloaded="0" quiescems="0.000" setupms="0.003" scanms="0.000" postms="0.000" />
</gc-op>
<gc-end id="1574" type="partial gc" contextid="1569" durationms="3.936" usertimems="8.000" systemtimems="4.000" timestamp="2019-09-21T18:43:02.723" activeThreads="8">
  <mem-info id="1575" free="198180864" total="328204288" percent="60">
    <mem type="eden" free="580320" total="1048576" percent="55" />
    <arraylet-primitive objects="2" leaves="2" largest="1" />
    <remembered-set count="48832" freebytes="12905600" totalbytes="13100928" percent="98" regionsoverflowed="0" regionsstable="3" regionsrebuilding="0"/>
  </mem-info>
</gc-end>
<cycle-end id="1576" type="partial gc" contextid="1569" timestamp="2019-09-21T18:43:02.723" />
  <attribute name="elasticGC enabled" value="1" />
  <attribute name= "numThreadsSpecified" value="8" />
  <attribute name="heapSize specified" value="0" />
  <attribute name="Current GC Util" value="151" />
  <attribute name= "Current Time Running" value="3998" />
  <attribute name ="GC Interval" value="0" />
  <attribute name="Target GC Util Change" value ="40.000000" />
  <attribute name="Current GC Util Change" value="151.000000"/>
  <attribute name="Current Error" value="-207.000000" />
  <attribute name="Output H" value="328279736"/>
  <attribute name="Output I" value="1776"/>
  <attribute name="Output T" value="8"/>
  <attribute name= "Current Time Running" value="3998" />
  <attribute name="GC Util currently" value="151" />
  <attribute name="CPU Util currently" value="8168724296222" />
<exclusive-end id="1577" timestamp="2019-09-21T18:43:02.724" durationms="5.056" />

<exclusive-start id="1578" timestamp="2019-09-21T18:43:02.744" intervalms="25.426">
  <response-info timems="0.055" idlems="0.055" threads="0" lastid="0000000001EEE700" lastname="Thread-11" />
</exclusive-start>
<allocation-taxation id="1579" taxation-threshold="88080384" timestamp="2019-09-21T18:43:02.744" intervalms="25.368" />
<cycle-start id="1580" type="partial gc" contextid="0" timestamp="2019-09-21T18:43:02.744" intervalms="25.286" />
<gc-start id="1581" type="partial gc" contextid="1580" timestamp="2019-09-21T18:43:02.744">
  <mem-info id="1582" free="110100480" total="328204288" percent="33">
    <mem type="eden" free="0" total="88080384" percent="0" />
    <arraylet-primitive objects="2" leaves="2" largest="1" />
    <remembered-set count="48448" freebytes="12907136" totalbytes="13100928" percent="98" regionsoverflowed="0" regionsstable="3" regionsrebuilding="0"/>
  </mem-info>
</gc-start>
<allocation-stats totalBytes="88070032" >
  <allocated-bytes non-tlh="0" tlh="88070032" arrayletleaf="0"/>
  <largest-consumer threadName="Thread-18" threadId="0000000001EE3300" bytes="18258208" />
</allocation-stats>
<gc-op id="1583" type="copy forward" timems="3.064" contextid="1580" timestamp="2019-09-21T18:43:02.748">
  <memory-copied type="eden" objects="16714" bytes="680080" bytesdiscarded="47784" />
  <memory-copied type="other" objects="40166" bytes="1650864" bytesdiscarded="99040" />
  <memory-cardclean objects="4084" bytes="241248" />
  <regions eden="84" other="5" />
  <remembered-set-cleared processed="35019" cleared="1728" durationms="0.221" />
  <stringconstants candidates="4597" cleared="0"  />
</gc-op>
<gc-op id="1584" type="classunload" timems="0.003" contextid="1580" timestamp="2019-09-21T18:43:02.748">
  <classunload-info classloadercandidates="8" classloadersunloaded="0" classesunloaded="0" anonymousclassesunloaded="0" quiescems="0.000" setupms="0.002" scanms="0.000" postms="0.000" />
</gc-op>
<gc-end id="1585" type="partial gc" contextid="1580" durationms="4.025" usertimems="16.000" systemtimems="0.000" timestamp="2019-09-21T18:43:02.748" activeThreads="8">
  <mem-info id="1586" free="197132288" total="328204288" percent="60">
    <mem type="eden" free="320712" total="1048576" percent="30" />
    <arraylet-primitive objects="2" leaves="2" largest="1" />
    <remembered-set count="49632" freebytes="12902400" totalbytes="13100928" percent="98" regionsoverflowed="0" regionsstable="3" regionsrebuilding="0"/>
  </mem-info>
</gc-end>
<cycle-end id="1587" type="partial gc" contextid="1580" timestamp="2019-09-21T18:43:02.749" />
  <attribute name="elasticGC enabled" value="1" />
  <attribute name= "numThreadsSpecified" value="8" />
  <attribute name="heapSize specified" value="0" />
  <attribute name="Current GC Util" value="157" />
  <attribute name= "Current Time Running" value="4023" />
  <attribute name ="GC Interval" value="0" />
  <attribute name="Target GC Util Change" value ="40.000000" />
  <attribute name="Current GC Util Change" value="157.000000"/>
  <attribute name="Current Error" value="-335.000000" />
  <attribute name="Output H" value="328279584"/>
  <attribute name="Output I" value="1624"/>
  <attribute name="Output T" value="8"/>
  <attribute name= "Current Time Running" value="4023" />
  <attribute name="GC Util currently" value="157" />
  <attribute name="CPU Util currently" value="8433645397028" />
<exclusive-end id="1588" timestamp="2019-09-21T18:43:02.749" durationms="4.722" />

<exclusive-start id="1589" timestamp="2019-09-21T18:43:02.769" intervalms="24.760">
  <response-info timems="0.060" idlems="0.060" threads="0" lastid="0000000001EEE700" lastname="Thread-11" />
</exclusive-start>
<allocation-taxation id="1590" taxation-threshold="88080384" timestamp="2019-09-21T18:43:02.769" intervalms="24.794" />
<cycle-start id="1591" type="partial gc" contextid="0" timestamp="2019-09-21T18:43:02.769" intervalms="24.802" />
<gc-start id="1592" type="partial gc" contextid="1591" timestamp="2019-09-21T18:43:02.769">
  <mem-info id="1593" free="109051904" total="328204288" percent="33">
    <mem type="eden" free="0" total="88080384" percent="0" />
    <arraylet-primitive objects="2" leaves="2" largest="1" />
    <remembered-set count="49632" freebytes="12902400" totalbytes="13100928" percent="98" regionsoverflowed="0" regionsstable="3" regionsrebuilding="0"/>
  </mem-info>
</gc-start>
<allocation-stats totalBytes="88069888" >
  <allocated-bytes non-tlh="0" tlh="88069888" arrayletleaf="0"/>
  <largest-consumer threadName="Thread-11" threadId="0000000001EEE700" bytes="18421880" />
</allocation-stats>
<gc-op id="1594" type="copy forward" timems="2.727" contextid="1591" timestamp="2019-09-21T18:43:02.773">
  <memory-copied type="eden" objects="11453" bytes="416432" bytesdiscarded="31200" />
  <memory-copied type="other" objects="48191" bytes="2118216" bytesdiscarded="99728" />
  <memory-cardclean objects="45" bytes="5304" />
  <regions eden="84" other="8" />
  <remembered-set-cleared processed="35093" cleared="1934" durationms="0.217" />
  <stringconstants candidates="4597" cleared="0"  />
</gc-op>
<gc-op id="1595" type="classunload" timems="0.003" contextid="1591" timestamp="2019-09-21T18:43:02.773">
  <classunload-info classloadercandidates="8" classloadersunloaded="0" classesunloaded="0" anonymousclassesunloaded="0" quiescems="0.000" setupms="0.003" scanms="0.000" postms="0.000" />
</gc-op>
<gc-end id="1596" type="partial gc" contextid="1591" durationms="3.793" usertimems="12.000" systemtimems="4.000" timestamp="2019-09-21T18:43:02.773" activeThreads="8">
  <mem-info id="1597" free="197132288" total="328204288" percent="60">
    <mem type="eden" free="600944" total="1048576" percent="57" />
    <arraylet-primitive objects="2" leaves="2" largest="1" />
    <remembered-set count="49856" freebytes="12901504" totalbytes="13100928" percent="98" regionsoverflowed="0" regionsstable="3" regionsrebuilding="0"/>
  </mem-info>
</gc-end>
<cycle-end id="1598" type="partial gc" contextid="1591" timestamp="2019-09-21T18:43:02.773" />
  <attribute name="elasticGC enabled" value="1" />
  <attribute name= "numThreadsSpecified" value="8" />
  <attribute name="heapSize specified" value="0" />
  <attribute name="Current GC Util" value="136" />
  <attribute name= "Current Time Running" value="4048" />
  <attribute name ="GC Interval" value="0" />
  <attribute name="Target GC Util Change" value ="40.000000" />
  <attribute name="Current GC Util Change" value="136.000000"/>
  <attribute name="Current Error" value="-108.000000" />
  <attribute name="Output H" value="328279848"/>
  <attribute name="Output I" value="1888"/>
  <attribute name="Output T" value="8"/>
  <attribute name= "Current Time Running" value="4048" />
  <attribute name="GC Util currently" value="136" />
  <attribute name="CPU Util currently" value="7977122117214" />
<exclusive-end id="1599" timestamp="2019-09-21T18:43:02.773" durationms="4.681" />

<exclusive-start id="1600" timestamp="2019-09-21T18:43:02.793" intervalms="24.195">
  <response-info timems="0.102" idlems="0.097" threads="2" lastid="0000000001EF2300" lastname="Thread-14" />
</exclusive-start>
<allocation-taxation id="1601" taxation-threshold="88080384" timestamp="2019-09-21T18:43:02.793" intervalms="24.228" />
<cycle-start id="1602" type="partial gc" contextid="0" timestamp="2019-09-21T18:43:02.793" intervalms="24.349" />
<gc-start id="1603" type="partial gc" contextid="1602" timestamp="2019-09-21T18:43:02.794">
  <mem-info id="1604" free="109051904" total="328204288" percent="33">
    <mem type="eden" free="0" total="88080384" percent="0" />
    <arraylet-primitive objects="2" leaves="2" largest="1" />
    <remembered-set count="49504" freebytes="12902912" totalbytes="13100928" percent="98" regionsoverflowed="0" regionsstable="3" regionsrebuilding="0"/>
  </mem-info>
</gc-start>
<allocation-stats totalBytes="88070664" >
  <allocated-bytes non-tlh="0" tlh="88070664" arrayletleaf="0"/>
  <largest-consumer threadName="Thread-11" threadId="0000000001EEE700" bytes="17811704" />
</allocation-stats>
<gc-op id="1605" type="copy forward" timems="2.566" contextid="1602" timestamp="2019-09-21T18:43:02.797">
  <memory-copied type="eden" objects="23903" bytes="1126536" bytesdiscarded="69232" />
  <memory-copied type="other" objects="18009" bytes="844344" bytesdiscarded="44944" />
  <memory-cardclean objects="2029" bytes="119544" />
  <regions eden="84" other="6" />
  <remembered-set-cleared processed="35060" cleared="1849" durationms="0.191" />
  <stringconstants candidates="4597" cleared="0"  />
</gc-op>
<gc-op id="1606" type="classunload" timems="0.002" contextid="1602" timestamp="2019-09-21T18:43:02.797">
  <classunload-info classloadercandidates="8" classloadersunloaded="0" classesunloaded="0" anonymousclassesunloaded="0" quiescems="0.000" setupms="0.002" scanms="0.000" postms="0.000" />
</gc-op>
<heap-resize id="1607" type="expand" space="default" amount="5242880" count="1" timems="0.098" reason="excessive time being spent in gc" timestamp="2019-09-21T18:43:02.798" />
<gc-end id="1608" type="partial gc" contextid="1602" durationms="3.946" usertimems="12.000" systemtimems="0.000" timestamp="2019-09-21T18:43:02.798" activeThreads="8">
  <mem-info id="1609" free="200278016" total="333447168" percent="60">
    <mem type="eden" free="901384" total="2097152" percent="42" />
    <arraylet-primitive objects="2" leaves="2" largest="1" />
    <remembered-set count="46336" freebytes="13124864" totalbytes="13310208" percent="98" regionsoverflowed="0" regionsstable="3" regionsrebuilding="0"/>
  </mem-info>
</gc-end>
<cycle-end id="1610" type="partial gc" contextid="1602" timestamp="2019-09-21T18:43:02.798" />
  <attribute name="elasticGC enabled" value="1" />
  <attribute name= "numThreadsSpecified" value="8" />
  <attribute name="heapSize specified" value="0" />
  <attribute name="Current GC Util" value="125" />
  <attribute name= "Current Time Running" value="4072" />
  <attribute name ="GC Interval" value="0" />
  <attribute name="Target GC Util Change" value ="40.000000" />
  <attribute name="Current GC Util Change" value="125.000000"/>
  <attribute name="Current Error" value="-203.000000" />
  <attribute name="Output H" value="328279736"/>
  <attribute name="Output I" value="1776"/>
  <attribute name="Output T" value="8"/>
  <attribute name= "Current Time Running" value="4072" />
  <attribute name="GC Util currently" value="125" />
  <attribute name="CPU Util currently" value="7509103658341" />
<exclusive-end id="1611" timestamp="2019-09-21T18:43:02.798" durationms="5.235" />

<exclusive-start id="1612" timestamp="2019-09-21T18:43:02.818" intervalms="25.409">
  <response-info timems="0.093" idlems="0.093" threads="0" lastid="0000000001EEAB00" lastname="Thread-15" />
</exclusive-start>
<allocation-taxation id="1613" taxation-threshold="89128960" timestamp="2019-09-21T18:43:02.818" intervalms="25.400" />
<cycle-start id="1614" type="partial gc" contextid="0" timestamp="2019-09-21T18:43:02.819" intervalms="25.354" />
<gc-start id="1615" type="partial gc" contextid="1614" timestamp="2019-09-21T18:43:02.819">
  <mem-info id="1616" free="111149056" total="333447168" percent="33">
    <mem type="eden" free="0" total="89128960" percent="0" />
    <arraylet-primitive objects="2" leaves="2" largest="1" />
    <remembered-set count="46048" freebytes="13126016" totalbytes="13310208" percent="98" regionsoverflowed="0" regionsstable="3" regionsrebuilding="0"/>
  </mem-info>
</gc-start>
<allocation-stats totalBytes="89118704" >
  <allocated-bytes non-tlh="0" tlh="89118704" arrayletleaf="0"/>
  <largest-consumer threadName="Thread-11" threadId="0000000001EEE700" bytes="18012512" />
</allocation-stats>
<gc-op id="1617" type="copy forward" timems="2.764" contextid="1614" timestamp="2019-09-21T18:43:02.823">
  <memory-copied type="eden" objects="9416" bytes="229872" bytesdiscarded="43320" />
  <memory-copied type="other" objects="45643" bytes="2194440" bytesdiscarded="138688" />
  <memory-cardclean objects="45" bytes="5304" />
  <regions eden="85" other="7" />
  <remembered-set-cleared processed="34328" cleared="1169" durationms="0.190" />
  <stringconstants candidates="4597" cleared="0"  />
</gc-op>
<gc-op id="1618" type="classunload" timems="0.003" contextid="1614" timestamp="2019-09-21T18:43:02.823">
  <classunload-info classloadercandidates="8" classloadersunloaded="0" classesunloaded="0" anonymousclassesunloaded="0" quiescems="0.000" setupms="0.003" scanms="0.000" postms="0.000" />
</gc-op>
<heap-resize id="1619" type="expand" space="default" amount="2097152" count="1" timems="0.065" reason="excessive time being spent in gc" timestamp="2019-09-21T18:43:02.823" />
<gc-end id="1620" type="partial gc" contextid="1614" durationms="4.127" usertimems="12.000" systemtimems="0.000" timestamp="2019-09-21T18:43:02.823" activeThreads="8">
  <mem-info id="1621" free="201326592" total="335544320" percent="60">
    <mem type="eden" free="775384" total="1048576" percent="73" />
    <arraylet-primitive objects="2" leaves="2" largest="1" />
    <remembered-set count="48832" freebytes="13198592" totalbytes="13393920" percent="98" regionsoverflowed="0" regionsstable="3" regionsrebuilding="0"/>
  </mem-info>
</gc-end>
<cycle-end id="1622" type="partial gc" contextid="1614" timestamp="2019-09-21T18:43:02.823" />
  <attribute name="elasticGC enabled" value="1" />
  <attribute name= "numThreadsSpecified" value="8" />
  <attribute name="heapSize specified" value="0" />
  <attribute name="Current GC Util" value="114" />
  <attribute name= "Current Time Running" value="4098" />
  <attribute name ="GC Interval" value="0" />
  <attribute name="Target GC Util Change" value ="40.000000" />
  <attribute name="Current GC Util Change" value="114.000000"/>
  <attribute name="Current Error" value="-281.000000" />
  <attribute name="Output H" value="333522528"/>
  <attribute name="Output I" value="1688"/>
  <attribute name="Output T" value="8"/>
  <attribute name= "Current Time Running" value="4098" />
  <attribute name="GC Util currently" value="114" />
  <attribute name="CPU Util currently" value="7361266082032" />
<exclusive-end id="1623" timestamp="2019-09-21T18:43:02.823" durationms="5.115" />

<exclusive-start id="1624" timestamp="2019-09-21T18:43:02.844" intervalms="25.653">
  <response-info timems="0.063" idlems="0.063" threads="0" lastid="0000000001ED7F00" lastname="Thread-17" />
</exclusive-start>
<allocation-taxation id="1625" taxation-threshold="89128960" timestamp="2019-09-21T18:43:02.844" intervalms="25.585" />
<cycle-start id="1626" type="partial gc" contextid="0" timestamp="2019-09-21T18:43:02.844" intervalms="25.474" />
<gc-start id="1627" type="partial gc" contextid="1626" timestamp="2019-09-21T18:43:02.844">
  <mem-info id="1628" free="112197632" total="335544320" percent="33">
    <mem type="eden" free="0" total="89128960" percent="0" />
    <arraylet-primitive objects="2" leaves="2" largest="1" />
    <remembered-set count="48768" freebytes="13198848" totalbytes="13393920" percent="98" regionsoverflowed="0" regionsstable="3" regionsrebuilding="0"/>
  </mem-info>
</gc-start>
<allocation-stats totalBytes="89117176" >
  <allocated-bytes non-tlh="0" tlh="89117176" arrayletleaf="0"/>
  <largest-consumer threadName="Thread-11" threadId="0000000001EEE700" bytes="17855832" />
</allocation-stats>
<gc-op id="1629" type="copy forward" timems="2.698" contextid="1626" timestamp="2019-09-21T18:43:02.848">
  <memory-copied type="eden" objects="17020" bytes="686560" bytesdiscarded="34848" />
  <memory-copied type="other" objects="32477" bytes="1466328" bytesdiscarded="105016" />
  <memory-cardclean objects="2337" bytes="134328" />
  <regions eden="85" other="6" />
  <remembered-set-cleared processed="34947" cleared="1526" durationms="0.197" />
  <stringconstants candidates="4597" cleared="0"  />
</gc-op>
<gc-op id="1630" type="classunload" timems="0.002" contextid="1626" timestamp="2019-09-21T18:43:02.848">
  <classunload-info classloadercandidates="8" classloadersunloaded="0" classesunloaded="0" anonymousclassesunloaded="0" quiescems="0.000" setupms="0.002" scanms="0.000" postms="0.000" />
</gc-op>
<gc-end id="1631" type="partial gc" contextid="1626" durationms="3.887" usertimems="12.000" systemtimems="0.000" timestamp="2019-09-21T18:43:02.848" activeThreads="8">
  <mem-info id="1632" free="201326592" total="335544320" percent="60">
    <mem type="eden" free="327168" total="1048576" percent="31" />
    <arraylet-primitive objects="2" leaves="2" largest="1" />
    <remembered-set count="48864" freebytes="13198464" totalbytes="13393920" percent="98" regionsoverflowed="0" regionsstable="3" regionsrebuilding="0"/>
  </mem-info>
</gc-end>
<cycle-end id="1633" type="partial gc" contextid="1626" timestamp="2019-09-21T18:43:02.848" />
  <attribute name="elasticGC enabled" value="1" />
  <attribute name= "numThreadsSpecified" value="8" />
  <attribute name="heapSize specified" value="0" />
  <attribute name="Current GC Util" value="124" />
  <attribute name= "Current Time Running" value="4123" />
  <attribute name ="GC Interval" value="0" />
  <attribute name="Target GC Util Change" value ="40.000000" />
  <attribute name="Current GC Util Change" value="124.000000"/>
  <attribute name="Current Error" value="-92.000000" />
  <attribute name="Output H" value="335619896"/>
  <attribute name="Output I" value="1904"/>
  <attribute name="Output T" value="8"/>
  <attribute name= "Current Time Running" value="4123" />
  <attribute name="GC Util currently" value="124" />
  <attribute name="CPU Util currently" value="5191679659610" />
<exclusive-end id="1634" timestamp="2019-09-21T18:43:02.849" durationms="4.581" />

<exclusive-start id="1635" timestamp="2019-09-21T18:43:02.871" intervalms="27.098">
  <response-info timems="0.102" idlems="0.102" threads="0" lastid="0000000001EF2300" lastname="Thread-14" />
</exclusive-start>
<allocation-taxation id="1636" taxation-threshold="89128960" timestamp="2019-09-21T18:43:02.871" intervalms="27.154" />
<cycle-start id="1637" type="partial gc" contextid="0" timestamp="2019-09-21T18:43:02.871" intervalms="27.240" />
<gc-start id="1638" type="partial gc" contextid="1637" timestamp="2019-09-21T18:43:02.872">
  <mem-info id="1639" free="112197632" total="335544320" percent="33">
    <mem type="eden" free="0" total="89128960" percent="0" />
    <arraylet-primitive objects="2" leaves="2" largest="1" />
    <remembered-set count="48512" freebytes="13199872" totalbytes="13393920" percent="98" regionsoverflowed="0" regionsstable="3" regionsrebuilding="0"/>
  </mem-info>
</gc-start>
<allocation-stats totalBytes="89117672" >
  <allocated-bytes non-tlh="0" tlh="89117672" arrayletleaf="0"/>
  <largest-consumer threadName="Thread-11" threadId="0000000001EEE700" bytes="17143328" />
</allocation-stats>
<gc-op id="1640" type="copy forward" timems="2.888" contextid="1637" timestamp="2019-09-21T18:43:02.876">
  <memory-copied type="eden" objects="12834" bytes="449472" bytesdiscarded="52824" />
  <memory-copied type="other" objects="39972" bytes="1783584" bytesdiscarded="115528" />
  <memory-cardclean objects="3669" bytes="179256" />
  <regions eden="85" other="5" />
  <remembered-set-cleared processed="34927" cleared="1450" durationms="0.181" />
  <stringconstants candidates="4597" cleared="0"  />
</gc-op>
<gc-op id="1641" type="classunload" timems="0.003" contextid="1637" timestamp="2019-09-21T18:43:02.876">
  <classunload-info classloadercandidates="8" classloadersunloaded="0" classesunloaded="0" anonymousclassesunloaded="0" quiescems="0.000" setupms="0.003" scanms="0.000" postms="0.000" />
</gc-op>
<heap-resize id="1642" type="expand" space="default" amount="3145728" count="1" timems="0.085" reason="excessive time being spent in gc" timestamp="2019-09-21T18:43:02.876" />
<gc-end id="1643" type="partial gc" contextid="1637" durationms="4.327" usertimems="8.000" systemtimems="4.000" timestamp="2019-09-21T18:43:02.876" activeThreads="8">
  <mem-info id="1644" free="203423744" total="338690048" percent="60">
    <mem type="eden" free="546280" total="1048576" percent="52" />
    <arraylet-primitive objects="2" leaves="2" largest="1" />
    <remembered-set count="49536" freebytes="13321344" totalbytes="13519488" percent="98" regionsoverflowed="0" regionsstable="3" regionsrebuilding="0"/>
  </mem-info>
</gc-end>
<cycle-end id="1645" type="partial gc" contextid="1637" timestamp="2019-09-21T18:43:02.876" />
  <attribute name="elasticGC enabled" value="1" />
  <attribute name= "numThreadsSpecified" value="8" />
  <attribute name="heapSize specified" value="0" />
  <attribute name="Current GC Util" value="111" />
  <attribute name= "Current Time Running" value="4150" />
  <attribute name ="GC Interval" value="0" />
  <attribute name="Target GC Util Change" value ="40.000000" />
  <attribute name="Current GC Util Change" value="111.000000"/>
  <attribute name="Current Error" value="-168.000000" />
  <attribute name="Output H" value="335619808"/>
  <attribute name="Output I" value="1816"/>
  <attribute name="Output T" value="8"/>
  <attribute name= "Current Time Running" value="4150" />
  <attribute name="GC Util currently" value="111" />
  <attribute name="CPU Util currently" value="6948449562215" />
<exclusive-end id="1646" timestamp="2019-09-21T18:43:02.876" durationms="5.288" />

<exclusive-start id="1647" timestamp="2019-09-21T18:43:02.900" intervalms="29.369">
  <response-info timems="0.097" idlems="0.060" threads="1" lastid="0000000001EE3300" lastname="Thread-18" />
</exclusive-start>
<allocation-taxation id="1648" taxation-threshold="90177536" timestamp="2019-09-21T18:43:02.901" intervalms="29.312" />
<cycle-start id="1649" type="partial gc" contextid="0" timestamp="2019-09-21T18:43:02.901" intervalms="29.226" />
<gc-start id="1650" type="partial gc" contextid="1649" timestamp="2019-09-21T18:43:02.901">
  <mem-info id="1651" free="113246208" total="338690048" percent="33">
    <mem type="eden" free="0" total="90177536" percent="0" />
    <arraylet-primitive objects="2" leaves="2" largest="1" />
    <remembered-set count="49184" freebytes="13322752" totalbytes="13519488" percent="98" regionsoverflowed="0" regionsstable="3" regionsrebuilding="0"/>
  </mem-info>
</gc-start>
<allocation-stats totalBytes="90166088" >
  <allocated-bytes non-tlh="0" tlh="90166088" arrayletleaf="0"/>
  <largest-consumer threadName="Thread-11" threadId="0000000001EEE700" bytes="15243248" />
</allocation-stats>
<gc-op id="1652" type="copy forward" timems="2.870" contextid="1649" timestamp="2019-09-21T18:43:02.904">
  <memory-copied type="eden" objects="17822" bytes="843952" bytesdiscarded="61872" />
  <memory-copied type="other" objects="21465" bytes="927288" bytesdiscarded="117064" />
  <memory-cardclean objects="4856" bytes="239808" />
  <regions eden="86" other="6" />
  <remembered-set-cleared processed="35100" cleared="1909" durationms="0.188" />
  <stringconstants candidates="4597" cleared="0"  />
</gc-op>
<gc-op id="1653" type="classunload" timems="0.003" contextid="1649" timestamp="2019-09-21T18:43:02.905">
  <classunload-info classloadercandidates="8" classloadersunloaded="0" classesunloaded="0" anonymousclassesunloaded="0" quiescems="0.000" setupms="0.002" scanms="0.000" postms="0.000" />
</gc-op>
<heap-resize id="1654" type="expand" space="default" amount="2097152" count="1" timems="0.067" reason="excessive time being spent in gc" timestamp="2019-09-21T18:43:02.905" />
<gc-end id="1655" type="partial gc" contextid="1649" durationms="4.002" usertimems="8.000" systemtimems="4.000" timestamp="2019-09-21T18:43:02.905" activeThreads="8">
  <mem-info id="1656" free="204472320" total="340787200" percent="60">
    <mem type="eden" free="142752" total="1048576" percent="13" />
    <arraylet-primitive objects="2" leaves="2" largest="1" />
    <remembered-set count="49344" freebytes="13405824" totalbytes="13603200" percent="98" regionsoverflowed="0" regionsstable="3" regionsrebuilding="0"/>
  </mem-info>
</gc-end>
<cycle-end id="1657" type="partial gc" contextid="1649" timestamp="2019-09-21T18:43:02.905" />
  <attribute name="elasticGC enabled" value="1" />
  <attribute name= "numThreadsSpecified" value="8" />
  <attribute name="heapSize specified" value="0" />
  <attribute name="Current GC Util" value="155" />
  <attribute name= "Current Time Running" value="4179" />
  <attribute name ="GC Interval" value="0" />
  <attribute name="Target GC Util Change" value ="40.000000" />
  <attribute name="Current GC Util Change" value="155.000000"/>
  <attribute name="Current Error" value="-290.000000" />
  <attribute name="Output H" value="338765400"/>
  <attribute name="Output I" value="1680"/>
  <attribute name="Output T" value="8"/>
  <attribute name= "Current Time Running" value="4179" />
  <attribute name="GC Util currently" value="155" />
  <attribute name="CPU Util currently" value="7506756824568" />
<exclusive-end id="1658" timestamp="2019-09-21T18:43:02.905" durationms="4.731" />

<exclusive-start id="1659" timestamp="2019-09-21T18:43:02.931" intervalms="30.266">
  <response-info timems="0.059" idlems="0.059" threads="0" lastid="0000000001EDF700" lastname="Thread-12" />
</exclusive-start>
<allocation-taxation id="1660" taxation-threshold="91226112" timestamp="2019-09-21T18:43:02.931" intervalms="30.272" />
<cycle-start id="1661" type="partial gc" contextid="0" timestamp="2019-09-21T18:43:02.931" intervalms="30.348" />
<gc-start id="1662" type="partial gc" contextid="1661" timestamp="2019-09-21T18:43:02.931">
  <mem-info id="1663" free="113246208" total="340787200" percent="33">
    <mem type="eden" free="0" total="91226112" percent="0" />
    <arraylet-primitive objects="2" leaves="2" largest="1" />
    <remembered-set count="48928" freebytes="13407488" totalbytes="13603200" percent="98" regionsoverflowed="0" regionsstable="3" regionsrebuilding="0"/>
  </mem-info>
</gc-start>
<allocation-stats totalBytes="91214056" >
  <allocated-bytes non-tlh="0" tlh="91214056" arrayletleaf="0"/>
  <largest-consumer threadName="Thread-18" threadId="0000000001EE3300" bytes="14948432" />
</allocation-stats>
<gc-op id="1664" type="copy forward" timems="3.304" contextid="1661" timestamp="2019-09-21T18:43:02.936">
  <memory-copied type="eden" objects="11896" bytes="427360" bytesdiscarded="44088" />
  <memory-copied type="other" objects="43231" bytes="1999176" bytesdiscarded="125904" />
  <memory-cardclean objects="4294" bytes="232320" />
  <regions eden="87" other="6" />
  <remembered-set-cleared processed="34864" cleared="1490" durationms="0.222" />
  <stringconstants candidates="4597" cleared="0"  />
</gc-op>
<gc-op id="1665" type="classunload" timems="0.003" contextid="1661" timestamp="2019-09-21T18:43:02.936">
  <classunload-info classloadercandidates="8" classloadersunloaded="0" classesunloaded="0" anonymousclassesunloaded="0" quiescems="0.000" setupms="0.003" scanms="0.000" postms="0.000" />
</gc-op>
<heap-resize id="1666" type="expand" space="default" amount="3145728" count="1" timems="0.079" reason="excessive time being spent in gc" timestamp="2019-09-21T18:43:02.936" />
<gc-end id="1667" type="partial gc" contextid="1661" durationms="4.592" usertimems="12.000" systemtimems="4.000" timestamp="2019-09-21T18:43:02.936" activeThreads="8">
  <mem-info id="1668" free="206569472" total="343932928" percent="60">
    <mem type="eden" free="577128" total="1048576" percent="55" />
    <arraylet-primitive objects="2" leaves="2" largest="1" />
    <remembered-set count="50720" freebytes="13525888" totalbytes="13728768" percent="98" regionsoverflowed="0" regionsstable="3" regionsrebuilding="0"/>
  </mem-info>
</gc-end>
<cycle-end id="1669" type="partial gc" contextid="1661" timestamp="2019-09-21T18:43:02.936" />
  <attribute name="elasticGC enabled" value="1" />
  <attribute name= "numThreadsSpecified" value="8" />
  <attribute name="heapSize specified" value="0" />
  <attribute name="Current GC Util" value="130" />
  <attribute name= "Current Time Running" value="4210" />
  <attribute name ="GC Interval" value="0" />
  <attribute name="Target GC Util Change" value ="40.000000" />
  <attribute name="Current GC Util Change" value="130.000000"/>
  <attribute name="Current Error" value="-90.000000" />
  <attribute name="Output H" value="340862784"/>
  <attribute name="Output I" value="1912"/>
  <attribute name="Output T" value="8"/>
  <attribute name= "Current Time Running" value="4210" />
  <attribute name="GC Util currently" value="130" />
  <attribute name="CPU Util currently" value="7876384223233" />
<exclusive-end id="1670" timestamp="2019-09-21T18:43:02.936" durationms="5.495" />

<exclusive-start id="1671" timestamp="2019-09-21T18:43:02.961" intervalms="30.362">
  <response-info timems="0.053" idlems="0.053" threads="0" lastid="0000000001EEE700" lastname="Thread-11" />
</exclusive-start>
<allocation-taxation id="1672" taxation-threshold="91226112" timestamp="2019-09-21T18:43:02.961" intervalms="30.428" />
<cycle-start id="1673" type="partial gc" contextid="0" timestamp="2019-09-21T18:43:02.961" intervalms="30.401" />
<gc-start id="1674" type="partial gc" contextid="1673" timestamp="2019-09-21T18:43:02.962">
  <mem-info id="1675" free="115343360" total="343932928" percent="33">
    <mem type="eden" free="0" total="91226112" percent="0" />
    <arraylet-primitive objects="2" leaves="2" largest="1" />
    <remembered-set count="50432" freebytes="13527040" totalbytes="13728768" percent="98" regionsoverflowed="0" regionsstable="3" regionsrebuilding="0"/>
  </mem-info>
</gc-start>
<allocation-stats totalBytes="91213752" >
  <allocated-bytes non-tlh="0" tlh="91213752" arrayletleaf="0"/>
  <largest-consumer threadName="Thread-16" threadId="0000000001EDBB00" bytes="14956632" />
</allocation-stats>
<gc-op id="1676" type="copy forward" timems="2.574" contextid="1673" timestamp="2019-09-21T18:43:02.965">
  <memory-copied type="eden" objects="11115" bytes="408376" bytesdiscarded="41984" />
  <memory-copied type="other" objects="43227" bytes="1999080" bytesdiscarded="75152" />
  <memory-cardclean objects="45" bytes="5304" />
  <regions eden="87" other="7" />
  <remembered-set-cleared processed="35557" cleared="2398" durationms="0.202" />
  <stringconstants candidates="4597" cleared="0"  />
</gc-op>
<gc-op id="1677" type="classunload" timems="0.003" contextid="1673" timestamp="2019-09-21T18:43:02.965">
  <classunload-info classloadercandidates="8" classloadersunloaded="0" classesunloaded="0" anonymousclassesunloaded="0" quiescems="0.000" setupms="0.002" scanms="0.000" postms="0.000" />
</gc-op>
<gc-end id="1678" type="partial gc" contextid="1673" durationms="3.836" usertimems="12.000" systemtimems="0.000" timestamp="2019-09-21T18:43:02.965" activeThreads="8">
  <mem-info id="1679" free="206569472" total="343932928" percent="60">
    <mem type="eden" free="598216" total="1048576" percent="57" />
    <arraylet-primitive objects="2" leaves="2" largest="1" />
    <remembered-set count="48832" freebytes="13533440" totalbytes="13728768" percent="98" regionsoverflowed="0" regionsstable="3" regionsrebuilding="0"/>
  </mem-info>
</gc-end>
<cycle-end id="1680" type="partial gc" contextid="1673" timestamp="2019-09-21T18:43:02.966" />
  <attribute name="elasticGC enabled" value="1" />
  <attribute name= "numThreadsSpecified" value="8" />
  <attribute name="heapSize specified" value="0" />
  <attribute name="Current GC Util" value="132" />
  <attribute name= "Current Time Running" value="4240" />
  <attribute name ="GC Interval" value="0" />
  <attribute name="Target GC Util Change" value ="40.000000" />
  <attribute name="Current GC Util Change" value="132.000000"/>
  <attribute name="Current Error" value="-190.000000" />
  <attribute name="Output H" value="344008392"/>
  <attribute name="Output I" value="1792"/>
  <attribute name="Output T" value="8"/>
  <attribute name= "Current Time Running" value="4240" />
  <attribute name="GC Util currently" value="132" />
  <attribute name="CPU Util currently" value="7793222161507" />
<exclusive-end id="1681" timestamp="2019-09-21T18:43:02.966" durationms="4.709" />

<exclusive-start id="1682" timestamp="2019-09-21T18:43:02.992" intervalms="30.915">
  <response-info timems="0.047" idlems="0.047" threads="0" lastid="0000000001EE3300" lastname="Thread-18" />
</exclusive-start>
<allocation-taxation id="1683" taxation-threshold="91226112" timestamp="2019-09-21T18:43:02.992" intervalms="30.974" />
<cycle-start id="1684" type="partial gc" contextid="0" timestamp="2019-09-21T18:43:02.992" intervalms="31.072" />
<gc-start id="1685" type="partial gc" contextid="1684" timestamp="2019-09-21T18:43:02.993">
  <mem-info id="1686" free="115343360" total="343932928" percent="33">
    <mem type="eden" free="0" total="91226112" percent="0" />
    <arraylet-primitive objects="2" leaves="2" largest="1" />
    <remembered-set count="48544" freebytes="13534592" totalbytes="13728768" percent="98" regionsoverflowed="0" regionsstable="3" regionsrebuilding="0"/>
  </mem-info>
</gc-start>
<allocation-stats totalBytes="91214296" >
  <allocated-bytes non-tlh="0" tlh="91214296" arrayletleaf="0"/>
  <largest-consumer threadName="Thread-12" threadId="0000000001EDF700" bytes="14530776" />
</allocation-stats>
<gc-op id="1687" type="copy forward" timems="2.738" contextid="1684" timestamp="2019-09-21T18:43:02.997">
  <memory-copied type="eden" objects="10987" bytes="405432" bytesdiscarded="32712" />
  <memory-copied type="other" objects="44069" bytes="2019288" bytesdiscarded="102584" />
  <memory-cardclean objects="45" bytes="5304" />
  <regions eden="87" other="6" />
  <remembered-set-cleared processed="35158" cleared="1999" durationms="0.196" />
  <stringconstants candidates="4597" cleared="0"  />
</gc-op>
<gc-op id="1688" type="classunload" timems="0.003" contextid="1684" timestamp="2019-09-21T18:43:02.997">
  <classunload-info classloadercandidates="8" classloadersunloaded="0" classesunloaded="0" anonymousclassesunloaded="0" quiescems="0.000" setupms="0.002" scanms="0.000" postms="0.000" />
</gc-op>
<heap-resize id="1689" type="expand" space="default" amount="2097152" count="1" timems="0.084" reason="excessive time being spent in gc" timestamp="2019-09-21T18:43:02.997" />
<gc-end id="1690" type="partial gc" contextid="1684" durationms="4.205" usertimems="16.000" systemtimems="0.000" timestamp="2019-09-21T18:43:02.997" activeThreads="8">
  <mem-info id="1691" free="207618048" total="346030080" percent="60">
    <mem type="eden" free="610432" total="1048576" percent="58" />
    <arraylet-primitive objects="2" leaves="2" largest="1" />
    <remembered-set count="49856" freebytes="13613056" totalbytes="13812480" percent="98" regionsoverflowed="0" regionsstable="3" regionsrebuilding="0"/>
  </mem-info>
</gc-end>
<cycle-end id="1692" type="partial gc" contextid="1684" timestamp="2019-09-21T18:43:02.997" />
  <attribute name="elasticGC enabled" value="1" />
  <attribute name= "numThreadsSpecified" value="8" />
  <attribute name="heapSize specified" value="0" />
  <attribute name="Current GC Util" value="123" />
  <attribute name= "Current Time Running" value="4272" />
  <attribute name ="GC Interval" value="0" />
  <attribute name="Target GC Util Change" value ="40.000000" />
  <attribute name="Current GC Util Change" value="123.000000"/>
  <attribute name="Current Error" value="-274.000000" />
  <attribute name="Output H" value="344008296"/>
  <attribute name="Output I" value="1696"/>
  <attribute name="Output T" value="8"/>
  <attribute name= "Current Time Running" value="4272" />
  <attribute name="GC Util currently" value="123" />
  <attribute name="CPU Util currently" value="7431586672947" />
<exclusive-end id="1693" timestamp="2019-09-21T18:43:02.997" durationms="5.405" />

<exclusive-start id="1694" timestamp="2019-09-21T18:43:03.023" intervalms="31.488">
  <response-info timems="0.064" idlems="0.064" threads="0" lastid="0000000001EEAB00" lastname="Thread-15" />
</exclusive-start>
<allocation-taxation id="1695" taxation-threshold="92274688" timestamp="2019-09-21T18:43:03.024" intervalms="31.357" />
<cycle-start id="1696" type="partial gc" contextid="0" timestamp="2019-09-21T18:43:03.024" intervalms="31.273" />
<gc-start id="1697" type="partial gc" contextid="1696" timestamp="2019-09-21T18:43:03.024">
  <mem-info id="1698" free="115343360" total="346030080" percent="33">
    <mem type="eden" free="0" total="92274688" percent="0" />
    <arraylet-primitive objects="2" leaves="2" largest="1" />
    <remembered-set count="49632" freebytes="13613952" totalbytes="13812480" percent="98" regionsoverflowed="0" regionsstable="3" regionsrebuilding="0"/>
  </mem-info>
</gc-start>
<allocation-stats totalBytes="92262640" >
  <allocated-bytes non-tlh="0" tlh="92262640" arrayletleaf="0"/>
  <largest-consumer threadName="Thread-12" threadId="0000000001EDF700" bytes="14706880" />
</allocation-stats>
<gc-op id="1699" type="copy forward" timems="3.467" contextid="1696" timestamp="2019-09-21T18:43:03.028">
  <memory-copied type="eden" objects="5749" bytes="141360" bytesdiscarded="13312" />
  <memory-copied type="other" objects="38404" bytes="1608576" bytesdiscarded="98080" />
  <memory-cardclean objects="8601" bytes="472896" />
  <regions eden="88" other="5" />
  <remembered-set-cleared processed="35499" cleared="1621" durationms="0.197" />
  <stringconstants candidates="4597" cleared="0"  />
</gc-op>
<gc-op id="1700" type="classunload" timems="0.003" contextid="1696" timestamp="2019-09-21T18:43:03.029">
  <classunload-info classloadercandidates="8" classloadersunloaded="0" classesunloaded="0" anonymousclassesunloaded="0" quiescems="0.000" setupms="0.003" scanms="0.000" postms="0.000" />
</gc-op>
<heap-resize id="1701" type="expand" space="default" amount="3145728" count="1" timems="0.076" reason="excessive time being spent in gc" timestamp="2019-09-21T18:43:03.029" />
<gc-end id="1702" type="partial gc" contextid="1696" durationms="4.736" usertimems="8.000" systemtimems="4.000" timestamp="2019-09-21T18:43:03.029" activeThreads="8">
  <mem-info id="1703" free="209715200" total="349175808" percent="60">
    <mem type="eden" free="893904" total="1048576" percent="85" />
    <arraylet-primitive objects="2" leaves="2" largest="1" />
    <remembered-set count="51392" freebytes="13732480" totalbytes="13938048" percent="98" regionsoverflowed="0" regionsstable="3" regionsrebuilding="0"/>
  </mem-info>
</gc-end>
<cycle-end id="1704" type="partial gc" contextid="1696" timestamp="2019-09-21T18:43:03.029" />
  <attribute name="elasticGC enabled" value="1" />
  <attribute name= "numThreadsSpecified" value="8" />
  <attribute name="heapSize specified" value="0" />
  <attribute name="Current GC Util" value="135" />
  <attribute name= "Current Time Running" value="4303" />
  <attribute name ="GC Interval" value="0" />
  <attribute name="Target GC Util Change" value ="40.000000" />
  <attribute name="Current GC Util Change" value="135.000000"/>
  <attribute name="Current Error" value="-100.000000" />
  <attribute name="Output H" value="346105648"/>
  <attribute name="Output I" value="1896"/>
  <attribute name="Output T" value="8"/>
  <attribute name= "Current Time Running" value="4303" />
  <attribute name="GC Util currently" value="135" />
  <attribute name="CPU Util currently" value="8111625061057" />
<exclusive-end id="1705" timestamp="2019-09-21T18:43:03.029" durationms="5.641" />

<exclusive-start id="1706" timestamp="2019-09-21T18:43:03.056" intervalms="32.145">
  <response-info timems="0.063" idlems="0.063" threads="0" lastid="0000000001ED7F00" lastname="Thread-17" />
</exclusive-start>
<allocation-taxation id="1707" taxation-threshold="93323264" timestamp="2019-09-21T18:43:03.056" intervalms="32.156" />
<cycle-start id="1708" type="partial gc" contextid="0" timestamp="2019-09-21T18:43:03.056" intervalms="32.177" />
<gc-start id="1709" type="partial gc" contextid="1708" timestamp="2019-09-21T18:43:03.056">
  <mem-info id="1710" free="116391936" total="349175808" percent="33">
    <mem type="eden" free="0" total="93323264" percent="0" />
    <arraylet-primitive objects="2" leaves="2" largest="1" />
    <remembered-set count="51360" freebytes="13732608" totalbytes="13938048" percent="98" regionsoverflowed="0" regionsstable="3" regionsrebuilding="0"/>
  </mem-info>
</gc-start>
<allocation-stats totalBytes="93311000" >
  <allocated-bytes non-tlh="0" tlh="93311000" arrayletleaf="0"/>
  <largest-consumer threadName="Thread-12" threadId="0000000001EDF700" bytes="14653488" />
</allocation-stats>
<gc-op id="1711" type="copy forward" timems="2.742" contextid="1708" timestamp="2019-09-21T18:43:03.060">
  <memory-copied type="eden" objects="17062" bytes="687624" bytesdiscarded="43976" />
  <memory-copied type="other" objects="44353" bytes="1888728" bytesdiscarded="115976" />
  <memory-cardclean objects="45" bytes="5304" />
  <regions eden="89" other="8" />
  <remembered-set-cleared processed="35625" cleared="2466" durationms="0.198" />
  <stringconstants candidates="4597" cleared="0"  />
</gc-op>
<gc-op id="1712" type="classunload" timems="0.003" contextid="1708" timestamp="2019-09-21T18:43:03.060">
  <classunload-info classloadercandidates="8" classloadersunloaded="0" classesunloaded="0" anonymousclassesunloaded="0" quiescems="0.000" setupms="0.003" scanms="0.000" postms="0.000" />
</gc-op>
<heap-resize id="1713" type="expand" space="default" amount="2097152" count="1" timems="0.076" reason="excessive time being spent in gc" timestamp="2019-09-21T18:43:03.060" />
<gc-end id="1714" type="partial gc" contextid="1708" durationms="4.313" usertimems="16.000" systemtimems="0.000" timestamp="2019-09-21T18:43:03.061" activeThreads="8">
  <mem-info id="1715" free="210763776" total="351272960" percent="60">
    <mem type="eden" free="316976" total="1048576" percent="30" />
    <arraylet-primitive objects="2" leaves="2" largest="1" />
    <remembered-set count="50368" freebytes="13820288" totalbytes="14021760" percent="98" regionsoverflowed="0" regionsstable="3" regionsrebuilding="0"/>
  </mem-info>
</gc-end>
<cycle-end id="1716" type="partial gc" contextid="1708" timestamp="2019-09-21T18:43:03.061" />
  <attribute name="elasticGC enabled" value="1" />
  <attribute name= "numThreadsSpecified" value="8" />
  <attribute name="heapSize specified" value="0" />
  <attribute name="Current GC Util" value="116" />
  <attribute name= "Current Time Running" value="4335" />
  <attribute name ="GC Interval" value="0" />
  <attribute name="Target GC Util Change" value ="40.000000" />
  <attribute name="Current GC Util Change" value="116.000000"/>
  <attribute name="Current Error" value="-178.000000" />
  <attribute name="Output H" value="349251288"/>
  <attribute name="Output I" value="1808"/>
  <attribute name="Output T" value="8"/>
  <attribute name= "Current Time Running" value="4335" />
  <attribute name="GC Util currently" value="116" />
  <attribute name="CPU Util currently" value="6505796608578" />
<exclusive-end id="1717" timestamp="2019-09-21T18:43:03.061" durationms="5.372" />

<exclusive-start id="1718" timestamp="2019-09-21T18:43:03.089" intervalms="33.122">
  <response-info timems="0.051" idlems="0.051" threads="0" lastid="0000000001EE3300" lastname="Thread-18" />
</exclusive-start>
<allocation-taxation id="1719" taxation-threshold="93323264" timestamp="2019-09-21T18:43:03.089" intervalms="33.147" />
<cycle-start id="1720" type="partial gc" contextid="0" timestamp="2019-09-21T18:43:03.089" intervalms="33.103" />
<gc-start id="1721" type="partial gc" contextid="1720" timestamp="2019-09-21T18:43:03.089">
  <mem-info id="1722" free="117440512" total="351272960" percent="33">
    <mem type="eden" free="0" total="93323264" percent="0" />
    <arraylet-primitive objects="2" leaves="2" largest="1" />
    <remembered-set count="49920" freebytes="13822080" totalbytes="14021760" percent="98" regionsoverflowed="0" regionsstable="3" regionsrebuilding="0"/>
  </mem-info>
</gc-start>
<allocation-stats totalBytes="93310832" >
  <allocated-bytes non-tlh="0" tlh="93310832" arrayletleaf="0"/>
  <largest-consumer threadName="Thread-12" threadId="0000000001EDF700" bytes="15898736" />
</allocation-stats>
<gc-op id="1723" type="copy forward" timems="2.977" contextid="1720" timestamp="2019-09-21T18:43:03.093">
  <memory-copied type="eden" objects="36308" bytes="1424256" bytesdiscarded="78008" />
  <memory-copied type="other" objects="23037" bytes="965016" bytesdiscarded="73448" />
  <memory-cardclean objects="7400" bytes="399744" />
  <regions eden="89" other="5" />
  <remembered-set-cleared processed="36280" cleared="3000" durationms="0.208" />
  <stringconstants candidates="4597" cleared="0"  />
</gc-op>
<gc-op id="1724" type="classunload" timems="0.002" contextid="1720" timestamp="2019-09-21T18:43:03.093">
  <classunload-info classloadercandidates="8" classloadersunloaded="0" classesunloaded="0" anonymousclassesunloaded="0" quiescems="0.000" setupms="0.002" scanms="0.000" postms="0.000" />
</gc-op>
<heap-resize id="1725" type="expand" space="default" amount="3145728" count="1" timems="0.075" reason="excessive time being spent in gc" timestamp="2019-09-21T18:43:03.094" />
<gc-end id="1726" type="partial gc" contextid="1720" durationms="4.378" usertimems="12.000" systemtimems="0.000" timestamp="2019-09-21T18:43:03.094" activeThreads="8">
  <mem-info id="1727" free="212860928" total="354418688" percent="60">
    <mem type="eden" free="594888" total="2097152" percent="28" />
    <arraylet-primitive objects="2" leaves="2" largest="1" />
    <remembered-set count="49568" freebytes="13949056" totalbytes="14147328" percent="98" regionsoverflowed="0" regionsstable="3" regionsrebuilding="0"/>
  </mem-info>
</gc-end>
<cycle-end id="1728" type="partial gc" contextid="1720" timestamp="2019-09-21T18:43:03.094" />
  <attribute name="elasticGC enabled" value="1" />
  <attribute name= "numThreadsSpecified" value="8" />
  <attribute name="heapSize specified" value="0" />
  <attribute name="Current GC Util" value="128" />
  <attribute name= "Current Time Running" value="4368" />
  <attribute name ="GC Interval" value="0" />
  <attribute name="Target GC Util Change" value ="40.000000" />
  <attribute name="Current GC Util Change" value="128.000000"/>
  <attribute name="Current Error" value="-270.000000" />
  <attribute name="Output H" value="351348336"/>
  <attribute name="Output I" value="1704"/>
  <attribute name="Output T" value="8"/>
  <attribute name= "Current Time Running" value="4368" />
  <attribute name="GC Util currently" value="128" />
  <attribute name="CPU Util currently" value="7230478530102" />
<exclusive-end id="1729" timestamp="2019-09-21T18:43:03.094" durationms="5.355" />

<exclusive-start id="1730" timestamp="2019-09-21T18:43:03.120" intervalms="31.360">
  <response-info timems="0.044" idlems="0.044" threads="0" lastid="0000000001EEE700" lastname="Thread-11" />
</exclusive-start>
<allocation-taxation id="1731" taxation-threshold="94371840" timestamp="2019-09-21T18:43:03.120" intervalms="31.366" />
<cycle-start id="1732" type="partial gc" contextid="0" timestamp="2019-09-21T18:43:03.120" intervalms="31.352" />
<gc-start id="1733" type="partial gc" contextid="1732" timestamp="2019-09-21T18:43:03.121">
  <mem-info id="1734" free="118489088" total="354418688" percent="33">
    <mem type="eden" free="0" total="94371840" percent="0" />
    <arraylet-primitive objects="2" leaves="2" largest="1" />
    <remembered-set count="49280" freebytes="13950208" totalbytes="14147328" percent="98" regionsoverflowed="0" regionsstable="3" regionsrebuilding="0"/>
  </mem-info>
</gc-start>
<allocation-stats totalBytes="94359256" >
  <allocated-bytes non-tlh="0" tlh="94359256" arrayletleaf="0"/>
  <largest-consumer threadName="Thread-16" threadId="0000000001EDBB00" bytes="17098624" />
</allocation-stats>
<gc-op id="1735" type="copy forward" timems="3.123" contextid="1732" timestamp="2019-09-21T18:43:03.125">
  <memory-copied type="eden" objects="22370" bytes="951672" bytesdiscarded="112288" />
  <memory-copied type="other" objects="31646" bytes="1309008" bytesdiscarded="90280" />
  <memory-cardclean objects="3745" bytes="182424" />
  <regions eden="90" other="7" />
  <remembered-set-cleared processed="35153" cleared="1982" durationms="0.199" />
  <stringconstants candidates="4597" cleared="0"  />
</gc-op>
<gc-op id="1736" type="classunload" timems="0.003" contextid="1732" timestamp="2019-09-21T18:43:03.125">
  <classunload-info classloadercandidates="8" classloadersunloaded="0" classesunloaded="0" anonymousclassesunloaded="0" quiescems="0.000" setupms="0.003" scanms="0.000" postms="0.000" />
</gc-op>
<heap-resize id="1737" type="expand" space="default" amount="2097152" count="1" timems="0.077" reason="excessive time being spent in gc" timestamp="2019-09-21T18:43:03.125" />
<gc-end id="1738" type="partial gc" contextid="1732" durationms="4.398" usertimems="16.000" systemtimems="0.000" timestamp="2019-09-21T18:43:03.125" activeThreads="8">
  <mem-info id="1739" free="213909504" total="356515840" percent="60">
    <mem type="eden" free="1033192" total="2097152" percent="49" />
    <arraylet-primitive objects="2" leaves="2" largest="1" />
    <remembered-set count="48320" freebytes="14037760" totalbytes="14231040" percent="98" regionsoverflowed="0" regionsstable="3" regionsrebuilding="0"/>
  </mem-info>
</gc-end>
<cycle-end id="1740" type="partial gc" contextid="1732" timestamp="2019-09-21T18:43:03.125" />
  <attribute name="elasticGC enabled" value="1" />
  <attribute name= "numThreadsSpecified" value="8" />
  <attribute name="heapSize specified" value="0" />
  <attribute name="Current GC Util" value="169" />
  <attribute name= "Current Time Running" value="4399" />
  <attribute name ="GC Interval" value="0" />
  <attribute name="Target GC Util Change" value ="40.000000" />
  <attribute name="Current GC Util Change" value="169.000000"/>
  <attribute name="Current Error" value="-137.000000" />
  <attribute name="Output H" value="354494216"/>
  <attribute name="Output I" value="1856"/>
  <attribute name="Output T" value="8"/>
  <attribute name= "Current Time Running" value="4399" />
  <attribute name="GC Util currently" value="169" />
  <attribute name="CPU Util currently" value="7774120415383" />
<exclusive-end id="1741" timestamp="2019-09-21T18:43:03.125" durationms="5.297" />

<exclusive-start id="1742" timestamp="2019-09-21T18:43:03.151" intervalms="30.540">
  <response-info timems="0.092" idlems="0.092" threads="0" lastid="0000000001EEE700" lastname="Thread-11" />
</exclusive-start>
<allocation-taxation id="1743" taxation-threshold="94371840" timestamp="2019-09-21T18:43:03.151" intervalms="30.531" />
<cycle-start id="1744" type="partial gc" contextid="0" timestamp="2019-09-21T18:43:03.151" intervalms="30.534" />
<gc-start id="1745" type="partial gc" contextid="1744" timestamp="2019-09-21T18:43:03.151">
  <mem-info id="1746" free="119537664" total="356515840" percent="33">
    <mem type="eden" free="0" total="94371840" percent="0" />
    <arraylet-primitive objects="2" leaves="2" largest="1" />
    <remembered-set count="48032" freebytes="14038912" totalbytes="14231040" percent="98" regionsoverflowed="0" regionsstable="3" regionsrebuilding="0"/>
  </mem-info>
</gc-start>
<allocation-stats totalBytes="94359256" >
  <allocated-bytes non-tlh="0" tlh="94359256" arrayletleaf="0"/>
  <largest-consumer threadName="Thread-12" threadId="0000000001EDF700" bytes="16791432" />
</allocation-stats>
<gc-op id="1747" type="copy forward" timems="2.745" contextid="1744" timestamp="2019-09-21T18:43:03.155">
  <memory-copied type="eden" objects="39894" bytes="1647344" bytesdiscarded="140560" />
  <memory-copied type="other" objects="20954" bytes="915024" bytesdiscarded="101896" />
  <memory-cardclean objects="45" bytes="5304" />
  <regions eden="90" other="7" />
  <remembered-set-cleared processed="35483" cleared="2324" durationms="0.201" />
  <stringconstants candidates="4597" cleared="0"  />
</gc-op>
<gc-op id="1748" type="classunload" timems="0.003" contextid="1744" timestamp="2019-09-21T18:43:03.155">
  <classunload-info classloadercandidates="8" classloadersunloaded="0" classesunloaded="0" anonymousclassesunloaded="0" quiescems="0.000" setupms="0.003" scanms="0.000" postms="0.000" />
</gc-op>
<heap-resize id="1749" type="expand" space="default" amount="3145728" count="1" timems="0.075" reason="excessive time being spent in gc" timestamp="2019-09-21T18:43:03.155" />
<gc-end id="1750" type="partial gc" contextid="1744" durationms="3.958" usertimems="12.000" systemtimems="0.000" timestamp="2019-09-21T18:43:03.155" activeThreads="8">
  <mem-info id="1751" free="216006656" total="359661568" percent="60">
    <mem type="eden" free="309248" total="2097152" percent="14" />
    <arraylet-primitive objects="2" leaves="2" largest="1" />
    <remembered-set count="48832" freebytes="14161280" totalbytes="14356608" percent="98" regionsoverflowed="0" regionsstable="3" regionsrebuilding="0"/>
  </mem-info>
</gc-end>
<cycle-end id="1752" type="partial gc" contextid="1744" timestamp="2019-09-21T18:43:03.155" />
  <attribute name="elasticGC enabled" value="1" />
  <attribute name= "numThreadsSpecified" value="8" />
  <attribute name="heapSize specified" value="0" />
  <attribute name="Current GC Util" value="147" />
  <attribute name= "Current Time Running" value="4430" />
  <attribute name ="GC Interval" value="0" />
  <attribute name="Target GC Util Change" value ="40.000000" />
  <attribute name="Current GC Util Change" value="147.000000"/>
  <attribute name="Current Error" value="-251.000000" />
  <attribute name="Output H" value="356591232"/>
  <attribute name="Output I" value="1720"/>
  <attribute name="Output T" value="8"/>
  <attribute name= "Current Time Running" value="4430" />
  <attribute name="GC Util currently" value="147" />
  <attribute name="CPU Util currently" value="8317346728638" />
<exclusive-end id="1753" timestamp="2019-09-21T18:43:03.155" durationms="4.777" />

<exclusive-start id="1754" timestamp="2019-09-21T18:43:03.181" intervalms="30.714">
  <response-info timems="0.062" idlems="0.062" threads="0" lastid="0000000001EEE700" lastname="Thread-11" />
</exclusive-start>
<allocation-taxation id="1755" taxation-threshold="95420416" timestamp="2019-09-21T18:43:03.182" intervalms="30.771" />
<cycle-start id="1756" type="partial gc" contextid="0" timestamp="2019-09-21T18:43:03.182" intervalms="30.785" />
<gc-start id="1757" type="partial gc" contextid="1756" timestamp="2019-09-21T18:43:03.182">
  <mem-info id="1758" free="120586240" total="359661568" percent="33">
    <mem type="eden" free="0" total="95420416" percent="0" />
    <arraylet-primitive objects="2" leaves="2" largest="1" />
    <remembered-set count="48640" freebytes="14162048" totalbytes="14356608" percent="98" regionsoverflowed="0" regionsstable="3" regionsrebuilding="0"/>
  </mem-info>
</gc-start>
<allocation-stats totalBytes="95408248" >
  <allocated-bytes non-tlh="0" tlh="95408248" arrayletleaf="0"/>
  <largest-consumer threadName="Thread-16" threadId="0000000001EDBB00" bytes="16820104" />
</allocation-stats>
<gc-op id="1759" type="copy forward" timems="2.755" contextid="1756" timestamp="2019-09-21T18:43:03.186">
  <memory-copied type="eden" objects="35198" bytes="1397584" bytesdiscarded="74408" />
  <memory-copied type="other" objects="21195" bytes="920808" bytesdiscarded="36272" />
  <memory-cardclean objects="2973" bytes="164568" />
  <regions eden="91" other="6" />
  <remembered-set-cleared processed="35316" cleared="1746" durationms="0.194" />
  <stringconstants candidates="4597" cleared="0"  />
</gc-op>
<gc-op id="1760" type="classunload" timems="0.003" contextid="1756" timestamp="2019-09-21T18:43:03.186">
  <classunload-info classloadercandidates="8" classloadersunloaded="0" classesunloaded="0" anonymousclassesunloaded="0" quiescems="0.000" setupms="0.003" scanms="0.000" postms="0.000" />
</gc-op>
<heap-resize id="1761" type="expand" space="default" amount="2097152" count="1" timems="0.066" reason="excessive time being spent in gc" timestamp="2019-09-21T18:43:03.186" />
<gc-end id="1762" type="partial gc" contextid="1756" durationms="3.998" usertimems="12.000" systemtimems="0.000" timestamp="2019-09-21T18:43:03.186" activeThreads="8">
  <mem-info id="1763" free="217055232" total="361758720" percent="60">
    <mem type="eden" free="625160" total="2097152" percent="29" />
    <arraylet-primitive objects="2" leaves="2" largest="1" />
    <remembered-set count="48864" freebytes="14244864" totalbytes="14440320" percent="98" regionsoverflowed="0" regionsstable="3" regionsrebuilding="0"/>
  </mem-info>
</gc-end>
<cycle-end id="1764" type="partial gc" contextid="1756" timestamp="2019-09-21T18:43:03.186" />
  <attribute name="elasticGC enabled" value="1" />
  <attribute name= "numThreadsSpecified" value="8" />
  <attribute name="heapSize specified" value="0" />
  <attribute name="Current GC Util" value="137" />
  <attribute name= "Current Time Running" value="4461" />
  <attribute name ="GC Interval" value="0" />
  <attribute name="Target GC Util Change" value ="40.000000" />
  <attribute name="Current GC Util Change" value="137.000000"/>
  <attribute name="Current Error" value="-353.000000" />
  <attribute name="Output H" value="359736848"/>
  <attribute name="Output I" value="1608"/>
  <attribute name="Output T" value="8"/>
  <attribute name= "Current Time Running" value="4461" />
  <attribute name="GC Util currently" value="137" />
  <attribute name="CPU Util currently" value="8061063340778" />
<exclusive-end id="1765" timestamp="2019-09-21T18:43:03.186" durationms="4.912" />

<exclusive-start id="1766" timestamp="2019-09-21T18:43:03.213" intervalms="31.711">
  <response-info timems="0.097" idlems="0.097" threads="0" lastid="0000000001EE6F00" lastname="Thread-13" />
</exclusive-start>
<allocation-taxation id="1767" taxation-threshold="96468992" timestamp="2019-09-21T18:43:03.213" intervalms="31.695" />
<cycle-start id="1768" type="partial gc" contextid="0" timestamp="2019-09-21T18:43:03.213" intervalms="31.750" />
<gc-start id="1769" type="partial gc" contextid="1768" timestamp="2019-09-21T18:43:03.214">
  <mem-info id="1770" free="120586240" total="361758720" percent="33">
    <mem type="eden" free="0" total="96468992" percent="0" />
    <arraylet-primitive objects="2" leaves="2" largest="1" />
    <remembered-set count="48672" freebytes="14245632" totalbytes="14440320" percent="98" regionsoverflowed="0" regionsstable="3" regionsrebuilding="0"/>
  </mem-info>
</gc-start>
<allocation-stats totalBytes="96456024" >
  <allocated-bytes non-tlh="0" tlh="96456024" arrayletleaf="0"/>
  <largest-consumer threadName="Thread-11" threadId="0000000001EEE700" bytes="16340704" />
</allocation-stats>
<gc-op id="1771" type="copy forward" timems="3.661" contextid="1768" timestamp="2019-09-21T18:43:03.218">
  <memory-copied type="eden" objects="50700" bytes="2044256" bytesdiscarded="225720" />
  <memory-copied type="other" objects="12397" bytes="434904" bytesdiscarded="17768" />
  <memory-cardclean objects="8369" bytes="446208" />
  <regions eden="92" other="6" />
  <remembered-set-cleared processed="35661" cleared="2136" durationms="0.200" />
  <stringconstants candidates="4597" cleared="0"  />
</gc-op>
<gc-op id="1772" type="classunload" timems="0.004" contextid="1768" timestamp="2019-09-21T18:43:03.219">
  <classunload-info classloadercandidates="8" classloadersunloaded="0" classesunloaded="0" anonymousclassesunloaded="0" quiescems="0.000" setupms="0.004" scanms="0.000" postms="0.000" />
</gc-op>
<heap-resize id="1773" type="expand" space="default" amount="5242880" count="1" timems="0.098" reason="excessive time being spent in gc" timestamp="2019-09-21T18:43:03.219" />
<gc-end id="1774" type="partial gc" contextid="1768" durationms="5.144" usertimems="8.000" systemtimems="8.000" timestamp="2019-09-21T18:43:03.219" activeThreads="8">
  <mem-info id="1775" free="220200960" total="367001600" percent="60">
    <mem type="eden" free="875752" total="3145728" percent="27" />
    <arraylet-primitive objects="2" leaves="2" largest="1" />
    <remembered-set count="48864" freebytes="14454144" totalbytes="14649600" percent="98" regionsoverflowed="0" regionsstable="3" regionsrebuilding="0"/>
  </mem-info>
</gc-end>
<cycle-end id="1776" type="partial gc" contextid="1768" timestamp="2019-09-21T18:43:03.219" />
  <attribute name="elasticGC enabled" value="1" />
  <attribute name= "numThreadsSpecified" value="8" />
  <attribute name="heapSize specified" value="0" />
  <attribute name="Current GC Util" value="109" />
  <attribute name= "Current Time Running" value="4492" />
  <attribute name ="GC Interval" value="0" />
  <attribute name="Target GC Util Change" value ="40.000000" />
  <attribute name="Current GC Util Change" value="109.000000"/>
  <attribute name="Current Error" value="-74.000000" />
  <attribute name="Output H" value="361834320"/>
  <attribute name="Output I" value="1928"/>
  <attribute name="Output T" value="8"/>
  <attribute name= "Current Time Running" value="4492" />
  <attribute name="GC Util currently" value="109" />
  <attribute name="CPU Util currently" value="6734983950768" />
<exclusive-end id="1777" timestamp="2019-09-21T18:43:03.219" durationms="6.316" />

<exclusive-start id="1778" timestamp="2019-09-21T18:43:03.249" intervalms="36.068">
  <response-info timems="0.052" idlems="0.052" threads="0" lastid="0000000001EE3300" lastname="Thread-18" />
</exclusive-start>
<allocation-taxation id="1779" taxation-threshold="97517568" timestamp="2019-09-21T18:43:03.249" intervalms="36.062" />
<cycle-start id="1780" type="partial gc" contextid="0" timestamp="2019-09-21T18:43:03.249" intervalms="36.022" />
<gc-start id="1781" type="partial gc" contextid="1780" timestamp="2019-09-21T18:43:03.250">
  <mem-info id="1782" free="122683392" total="367001600" percent="33">
    <mem type="eden" free="0" total="97517568" percent="0" />
    <arraylet-primitive objects="2" leaves="2" largest="1" />
    <remembered-set count="48640" freebytes="14455040" totalbytes="14649600" percent="98" regionsoverflowed="0" regionsstable="3" regionsrebuilding="0"/>
  </mem-info>
</gc-start>
<allocation-stats totalBytes="97504600" >
  <allocated-bytes non-tlh="0" tlh="97504600" arrayletleaf="0"/>
  <largest-consumer threadName="Thread-18" threadId="0000000001EE3300" bytes="16484304" />
</allocation-stats>
<gc-op id="1783" type="copy forward" timems="2.981" contextid="1780" timestamp="2019-09-21T18:43:03.254">
  <memory-copied type="eden" objects="42268" bytes="1978976" bytesdiscarded="126600" />
  <memory-copied type="other" objects="12241" bytes="431160" bytesdiscarded="22168" />
  <memory-cardclean objects="4435" bytes="220080" />
  <regions eden="93" other="7" />
  <remembered-set-cleared processed="35415" cleared="2209" durationms="0.211" />
  <stringconstants candidates="4597" cleared="0"  />
</gc-op>
<gc-op id="1784" type="classunload" timems="0.002" contextid="1780" timestamp="2019-09-21T18:43:03.254">
  <classunload-info classloadercandidates="8" classloadersunloaded="0" classesunloaded="0" anonymousclassesunloaded="0" quiescems="0.000" setupms="0.002" scanms="0.000" postms="0.000" />
</gc-op>
<gc-end id="1785" type="partial gc" contextid="1780" durationms="4.235" usertimems="12.000" systemtimems="0.000" timestamp="2019-09-21T18:43:03.254" activeThreads="8">
  <mem-info id="1786" free="220200960" total="367001600" percent="60">
    <mem type="eden" free="1040152" total="3145728" percent="33" />
    <arraylet-primitive objects="2" leaves="2" largest="1" />
    <remembered-set count="46848" freebytes="14462208" totalbytes="14649600" percent="98" regionsoverflowed="0" regionsstable="3" regionsrebuilding="0"/>
  </mem-info>
</gc-end>
<cycle-end id="1787" type="partial gc" contextid="1780" timestamp="2019-09-21T18:43:03.254" />
  <attribute name="elasticGC enabled" value="1" />
  <attribute name= "numThreadsSpecified" value="8" />
  <attribute name="heapSize specified" value="0" />
  <attribute name="Current GC Util" value="127" />
  <attribute name= "Current Time Running" value="4528" />
  <attribute name ="GC Interval" value="0" />
  <attribute name="Target GC Util Change" value ="40.000000" />
  <attribute name="Current GC Util Change" value="127.000000"/>
  <attribute name="Current Error" value="-164.000000" />
  <attribute name="Output H" value="367077096"/>
  <attribute name="Output I" value="1824"/>
  <attribute name="Output T" value="8"/>
  <attribute name= "Current Time Running" value="4528" />
  <attribute name="GC Util currently" value="127" />
  <attribute name="CPU Util currently" value="7888482869111" />
<exclusive-end id="1788" timestamp="2019-09-21T18:43:03.254" durationms="5.314" />

<exclusive-start id="1789" timestamp="2019-09-21T18:43:03.284" intervalms="34.750">
  <response-info timems="0.053" idlems="0.053" threads="0" lastid="0000000001EDF700" lastname="Thread-12" />
</exclusive-start>
<allocation-taxation id="1790" taxation-threshold="97517568" timestamp="2019-09-21T18:43:03.284" intervalms="34.750" />
<cycle-start id="1791" type="partial gc" contextid="0" timestamp="2019-09-21T18:43:03.284" intervalms="34.718" />
<gc-start id="1792" type="partial gc" contextid="1791" timestamp="2019-09-21T18:43:03.285">
  <mem-info id="1793" free="122683392" total="367001600" percent="33">
    <mem type="eden" free="0" total="97517568" percent="0" />
    <arraylet-primitive objects="2" leaves="2" largest="1" />
    <remembered-set count="46688" freebytes="14462848" totalbytes="14649600" percent="98" regionsoverflowed="0" regionsstable="3" regionsrebuilding="0"/>
  </mem-info>
</gc-start>
<allocation-stats totalBytes="97504192" >
  <allocated-bytes non-tlh="0" tlh="97504192" arrayletleaf="0"/>
  <largest-consumer threadName="Thread-18" threadId="0000000001EE3300" bytes="18581088" />
</allocation-stats>
<gc-op id="1794" type="copy forward" timems="2.593" contextid="1791" timestamp="2019-09-21T18:43:03.288">
  <memory-copied type="eden" objects="38753" bytes="1620040" bytesdiscarded="92896" />
  <memory-copied type="other" objects="16728" bytes="813600" bytesdiscarded="52112" />
  <memory-cardclean objects="45" bytes="5304" />
  <regions eden="93" other="7" />
  <remembered-set-cleared processed="34355" cleared="1196" durationms="0.196" />
  <stringconstants candidates="4597" cleared="0"  />
</gc-op>
<gc-op id="1795" type="classunload" timems="0.004" contextid="1791" timestamp="2019-09-21T18:43:03.288">
  <classunload-info classloadercandidates="8" classloadersunloaded="0" classesunloaded="0" anonymousclassesunloaded="0" quiescems="0.000" setupms="0.003" scanms="0.000" postms="0.000" />
</gc-op>
<gc-end id="1796" type="partial gc" contextid="1791" durationms="3.891" usertimems="12.000" systemtimems="0.000" timestamp="2019-09-21T18:43:03.288" activeThreads="8">
  <mem-info id="1797" free="224395264" total="367001600" percent="61">
    <mem type="eden" free="384216" total="2097152" percent="18" />
    <arraylet-primitive objects="2" leaves="2" largest="1" />
    <remembered-set count="45760" freebytes="14466560" totalbytes="14649600" percent="98" regionsoverflowed="0" regionsstable="3" regionsrebuilding="0"/>
  </mem-info>
</gc-end>
<cycle-end id="1798" type="partial gc" contextid="1791" timestamp="2019-09-21T18:43:03.289" />
  <attribute name="elasticGC enabled" value="1" />
  <attribute name= "numThreadsSpecified" value="8" />
  <attribute name="heapSize specified" value="0" />
  <attribute name="Current GC Util" value="115" />
  <attribute name= "Current Time Running" value="4563" />
  <attribute name ="GC Interval" value="0" />
  <attribute name="Target GC Util Change" value ="40.000000" />
  <attribute name="Current GC Util Change" value="115.000000"/>
  <attribute name="Current Error" value="-238.000000" />
  <attribute name="Output H" value="367077008"/>
  <attribute name="Output I" value="1736"/>
  <attribute name="Output T" value="8"/>
  <attribute name= "Current Time Running" value="4563" />
  <attribute name="GC Util currently" value="115" />
  <attribute name="CPU Util currently" value="6400905473005" />
<exclusive-end id="1799" timestamp="2019-09-21T18:43:03.289" durationms="4.926" />

<exclusive-start id="1800" timestamp="2019-09-21T18:43:03.317" intervalms="33.039">
  <response-info timems="0.063" idlems="0.063" threads="0" lastid="0000000001EF2300" lastname="Thread-14" />
</exclusive-start>
<allocation-taxation id="1801" taxation-threshold="97517568" timestamp="2019-09-21T18:43:03.317" intervalms="32.974" />
<cycle-start id="1802" type="partial gc" contextid="0" timestamp="2019-09-21T18:43:03.317" intervalms="32.963" />
<gc-start id="1803" type="partial gc" contextid="1802" timestamp="2019-09-21T18:43:03.317">
  <mem-info id="1804" free="126877696" total="367001600" percent="34">
    <mem type="eden" free="0" total="97517568" percent="0" />
    <arraylet-primitive objects="2" leaves="2" largest="1" />
    <remembered-set count="45696" freebytes="14466816" totalbytes="14649600" percent="98" regionsoverflowed="0" regionsstable="3" regionsrebuilding="0"/>
  </mem-info>
</gc-start>
<allocation-stats totalBytes="97504728" >
  <allocated-bytes non-tlh="0" tlh="97504728" arrayletleaf="0"/>
  <largest-consumer threadName="Thread-16" threadId="0000000001EDBB00" bytes="18446200" />
</allocation-stats>
<gc-op id="1805" type="copy forward" timems="2.496" contextid="1802" timestamp="2019-09-21T18:43:03.321">
  <memory-copied type="eden" objects="31870" bytes="1454944" bytesdiscarded="102128" />
  <memory-copied type="other" objects="17014" bytes="820464" bytesdiscarded="29688" />
  <memory-cardclean objects="45" bytes="5304" />
  <regions eden="93" other="5" />
  <remembered-set-cleared processed="33969" cleared="810" durationms="0.200" />
  <stringconstants candidates="4597" cleared="0"  />
</gc-op>
<gc-op id="1806" type="classunload" timems="0.003" contextid="1802" timestamp="2019-09-21T18:43:03.321">
  <classunload-info classloadercandidates="8" classloadersunloaded="0" classesunloaded="0" anonymousclassesunloaded="0" quiescems="0.000" setupms="0.002" scanms="0.000" postms="0.000" />
</gc-op>
<gc-end id="1807" type="partial gc" contextid="1802" durationms="3.787" usertimems="8.000" systemtimems="4.000" timestamp="2019-09-21T18:43:03.321" activeThreads="8">
  <mem-info id="1808" free="225443840" total="367001600" percent="61">
    <mem type="eden" free="540080" total="2097152" percent="25" />
    <arraylet-primitive objects="2" leaves="2" largest="1" />
    <remembered-set count="45760" freebytes="14466560" totalbytes="14649600" percent="98" regionsoverflowed="0" regionsstable="3" regionsrebuilding="0"/>
  </mem-info>
</gc-end>
<cycle-end id="1809" type="partial gc" contextid="1802" timestamp="2019-09-21T18:43:03.321" />
  <attribute name="elasticGC enabled" value="1" />
  <attribute name= "numThreadsSpecified" value="8" />
  <attribute name="heapSize specified" value="0" />
  <attribute name="Current GC Util" value="122" />
  <attribute name= "Current Time Running" value="4596" />
  <attribute name ="GC Interval" value="0" />
  <attribute name="Target GC Util Change" value ="40.000000" />
  <attribute name="Current GC Util Change" value="122.000000"/>
  <attribute name="Current Error" value="-83.000000" />
  <attribute name="Output H" value="367077192"/>
  <attribute name="Output I" value="1920"/>
  <attribute name="Output T" value="8"/>
  <attribute name= "Current Time Running" value="4596" />
  <attribute name="GC Util currently" value="122" />
  <attribute name="CPU Util currently" value="7020462982367" />
<exclusive-end id="1810" timestamp="2019-09-21T18:43:03.322" durationms="4.700" />

<exclusive-start id="1811" timestamp="2019-09-21T18:43:03.350" intervalms="33.587">
  <response-info timems="0.059" idlems="0.059" threads="0" lastid="0000000001EEAB00" lastname="Thread-15" />
</exclusive-start>
<allocation-taxation id="1812" taxation-threshold="97517568" timestamp="2019-09-21T18:43:03.351" intervalms="33.624" />
<cycle-start id="1813" type="partial gc" contextid="0" timestamp="2019-09-21T18:43:03.351" intervalms="33.705" />
<gc-start id="1814" type="partial gc" contextid="1813" timestamp="2019-09-21T18:43:03.351">
  <mem-info id="1815" free="127926272" total="367001600" percent="34">
    <mem type="eden" free="0" total="97517568" percent="0" />
    <arraylet-primitive objects="2" leaves="2" largest="1" />
    <remembered-set count="45536" freebytes="14467456" totalbytes="14649600" percent="98" regionsoverflowed="0" regionsstable="3" regionsrebuilding="0"/>
  </mem-info>
</gc-start>
<allocation-stats totalBytes="97503888" >
  <allocated-bytes non-tlh="0" tlh="97503888" arrayletleaf="0"/>
  <largest-consumer threadName="Thread-16" threadId="0000000001EDBB00" bytes="18908760" />
</allocation-stats>
<gc-op id="1816" type="copy forward" timems="2.571" contextid="1813" timestamp="2019-09-21T18:43:03.355">
  <memory-copied type="eden" objects="20690" bytes="773648" bytesdiscarded="100728" />
  <memory-copied type="other" objects="35134" bytes="1667472" bytesdiscarded="90528" />
  <memory-cardclean objects="45" bytes="5304" />
  <regions eden="93" other="6" />
  <remembered-set-cleared processed="33948" cleared="789" durationms="0.244" />
  <stringconstants candidates="4597" cleared="0"  />
</gc-op>
<gc-op id="1817" type="classunload" timems="0.003" contextid="1813" timestamp="2019-09-21T18:43:03.355">
  <classunload-info classloadercandidates="8" classloadersunloaded="0" classesunloaded="0" anonymousclassesunloaded="0" quiescems="0.000" setupms="0.002" scanms="0.000" postms="0.000" />
</gc-op>
<heap-resize id="1818" type="contract" space="default" amount="8388608" count="1" timems="0.070" reason="excess free space following gc" timestamp="2019-09-21T18:43:03.355" />
<gc-end id="1819" type="partial gc" contextid="1813" durationms="3.989" usertimems="16.000" systemtimems="0.000" timestamp="2019-09-21T18:43:03.355" activeThreads="8">
  <mem-info id="1820" free="219152384" total="358612992" percent="61">
    <mem type="eden" free="174200" total="1048576" percent="16" />
    <arraylet-primitive objects="2" leaves="2" largest="1" />
    <remembered-set count="47296" freebytes="14460416" totalbytes="14649600" percent="98" regionsoverflowed="0" regionsstable="3" regionsrebuilding="0"/>
  </mem-info>
</gc-end>
<cycle-end id="1821" type="partial gc" contextid="1813" timestamp="2019-09-21T18:43:03.355" />
  <attribute name="elasticGC enabled" value="1" />
  <attribute name= "numThreadsSpecified" value="8" />
  <attribute name="heapSize specified" value="0" />
  <attribute name="Current GC Util" value="133" />
  <attribute name= "Current Time Running" value="4630" />
  <attribute name ="GC Interval" value="0" />
  <attribute name="Target GC Util Change" value ="40.000000" />
  <attribute name="Current GC Util Change" value="133.000000"/>
  <attribute name="Current Error" value="-173.000000" />
  <attribute name="Output H" value="367077088"/>
  <attribute name="Output I" value="1816"/>
  <attribute name="Output T" value="8"/>
  <attribute name= "Current Time Running" value="4630" />
  <attribute name="GC Util currently" value="133" />
  <attribute name="CPU Util currently" value="7978833490358" />
<exclusive-end id="1822" timestamp="2019-09-21T18:43:03.356" durationms="5.165" />

<exclusive-start id="1823" timestamp="2019-09-21T18:43:03.382" intervalms="31.791">
  <response-info timems="0.053" idlems="0.053" threads="0" lastid="0000000001EEE700" lastname="Thread-11" />
</exclusive-start>
<allocation-taxation id="1824" taxation-threshold="95420416" timestamp="2019-09-21T18:43:03.382" intervalms="31.811" />
<cycle-start id="1825" type="partial gc" contextid="0" timestamp="2019-09-21T18:43:03.383" intervalms="31.786" />
<gc-start id="1826" type="partial gc" contextid="1825" timestamp="2019-09-21T18:43:03.383">
  <mem-info id="1827" free="123731968" total="358612992" percent="34">
    <mem type="eden" free="0" total="95420416" percent="0" />
    <arraylet-primitive objects="2" leaves="2" largest="1" />
    <remembered-set count="47040" freebytes="14461440" totalbytes="14649600" percent="98" regionsoverflowed="0" regionsstable="3" regionsrebuilding="0"/>
  </mem-info>
</gc-start>
<allocation-stats totalBytes="95407336" >
  <allocated-bytes non-tlh="0" tlh="95407336" arrayletleaf="0"/>
  <largest-consumer threadName="Thread-18" threadId="0000000001EE3300" bytes="17282856" />
</allocation-stats>
<gc-op id="1828" type="copy forward" timems="2.564" contextid="1825" timestamp="2019-09-21T18:43:03.387">
  <memory-copied type="eden" objects="31320" bytes="1302800" bytesdiscarded="82696" />
  <memory-copied type="other" objects="25661" bytes="1165368" bytesdiscarded="56496" />
  <memory-cardclean objects="45" bytes="5304" />
  <regions eden="91" other="6" />
  <remembered-set-cleared processed="34272" cleared="1113" durationms="0.198" />
  <stringconstants candidates="4597" cleared="0"  />
</gc-op>
<gc-op id="1829" type="classunload" timems="0.003" contextid="1825" timestamp="2019-09-21T18:43:03.387">
  <classunload-info classloadercandidates="8" classloadersunloaded="0" classesunloaded="0" anonymousclassesunloaded="0" quiescems="0.000" setupms="0.002" scanms="0.000" postms="0.000" />
</gc-op>
<gc-end id="1830" type="partial gc" contextid="1825" durationms="4.649" usertimems="8.000" systemtimems="4.000" timestamp="2019-09-21T18:43:03.388" activeThreads="8">
  <mem-info id="1831" free="219152384" total="358612992" percent="61">
    <mem type="eden" free="711656" total="2097152" percent="33" />
    <arraylet-primitive objects="2" leaves="2" largest="1" />
    <remembered-set count="47808" freebytes="14123520" totalbytes="14314752" percent="98" regionsoverflowed="0" regionsstable="3" regionsrebuilding="0"/>
  </mem-info>
</gc-end>
<cycle-end id="1832" type="partial gc" contextid="1825" timestamp="2019-09-21T18:43:03.388" />
  <attribute name="elasticGC enabled" value="1" />
  <attribute name= "numThreadsSpecified" value="8" />
  <attribute name="heapSize specified" value="0" />
  <attribute name="Current GC Util" value="48" />
  <attribute name= "Current Time Running" value="4662" />
  <attribute name ="GC Interval" value="0" />
  <attribute name="Target GC Util Change" value ="40.000000" />
  <attribute name="Current GC Util Change" value="48.000000"/>
  <attribute name="Current Error" value="-183.000000" />
  <attribute name="Output H" value="358688464"/>
  <attribute name="Output I" value="1800"/>
  <attribute name="Output T" value="8"/>
  <attribute name= "Current Time Running" value="4662" />
  <attribute name="GC Util currently" value="48" />
  <attribute name="CPU Util currently" value="1848642313358" />
<exclusive-end id="1833" timestamp="2019-09-21T18:43:03.388" durationms="5.587" />

<exclusive-start id="1834" timestamp="2019-09-21T18:43:03.414" intervalms="31.367">
  <response-info timems="0.050" idlems="0.050" threads="0" lastid="0000000001EE3300" lastname="Thread-18" />
</exclusive-start>
<allocation-taxation id="1835" taxation-threshold="95420416" timestamp="2019-09-21T18:43:03.414" intervalms="31.409" />
<cycle-start id="1836" type="partial gc" contextid="0" timestamp="2019-09-21T18:43:03.414" intervalms="31.427" />
<gc-start id="1837" type="partial gc" contextid="1836" timestamp="2019-09-21T18:43:03.414">
  <mem-info id="1838" free="123731968" total="358612992" percent="34">
    <mem type="eden" free="0" total="95420416" percent="0" />
    <arraylet-primitive objects="2" leaves="2" largest="1" />
    <remembered-set count="47584" freebytes="14124416" totalbytes="14314752" percent="98" regionsoverflowed="0" regionsstable="3" regionsrebuilding="0"/>
  </mem-info>
</gc-start>
<allocation-stats totalBytes="95407864" >
  <allocated-bytes non-tlh="0" tlh="95407864" arrayletleaf="0"/>
  <largest-consumer threadName="Thread-18" threadId="0000000001EE3300" bytes="16737992" />
</allocation-stats>
<gc-op id="1839" type="copy forward" timems="2.488" contextid="1836" timestamp="2019-09-21T18:43:03.418">
  <memory-copied type="eden" objects="41657" bytes="1825928" bytesdiscarded="177568" />
  <memory-copied type="other" objects="12483" bytes="574344" bytesdiscarded="14520" />
  <memory-cardclean objects="45" bytes="5304" />
  <regions eden="91" other="7" />
  <remembered-set-cleared processed="34236" cleared="1077" durationms="0.226" />
  <stringconstants candidates="4597" cleared="0"  />
</gc-op>
<gc-op id="1840" type="classunload" timems="0.003" contextid="1836" timestamp="2019-09-21T18:43:03.418">
  <classunload-info classloadercandidates="8" classloadersunloaded="0" classesunloaded="0" anonymousclassesunloaded="0" quiescems="0.000" setupms="0.003" scanms="0.000" postms="0.000" />
</gc-op>
<heap-resize id="1841" type="contract" space="default" amount="6291456" count="1" timems="0.065" reason="excess free space following gc" timestamp="2019-09-21T18:43:03.418" />
<gc-end id="1842" type="partial gc" contextid="1836" durationms="3.946" usertimems="12.000" systemtimems="0.000" timestamp="2019-09-21T18:43:03.418" activeThreads="8">
  <mem-info id="1843" free="214958080" total="352321536" percent="61">
    <mem type="eden" free="93656" total="2097152" percent="4" />
    <arraylet-primitive objects="2" leaves="2" largest="1" />
    <remembered-set count="46784" freebytes="14127616" totalbytes="14314752" percent="98" regionsoverflowed="0" regionsstable="3" regionsrebuilding="0"/>
  </mem-info>
</gc-end>
<cycle-end id="1844" type="partial gc" contextid="1836" timestamp="2019-09-21T18:43:03.418" />
  <attribute name="elasticGC enabled" value="1" />
  <attribute name= "numThreadsSpecified" value="8" />
  <attribute name="heapSize specified" value="0" />
  <attribute name="Current GC Util" value="117" />
  <attribute name= "Current Time Running" value="4693" />
  <attribute name ="GC Interval" value="0" />
  <attribute name="Target GC Util Change" value ="40.000000" />
  <attribute name="Current GC Util Change" value="117.000000"/>
  <attribute name="Current Error" value="-83.000000" />
  <attribute name="Output H" value="358688584"/>
  <attribute name="Output I" value="1920"/>
  <attribute name="Output T" value="8"/>
  <attribute name= "Current Time Running" value="4693" />
  <attribute name="GC Util currently" value="117" />
  <attribute name="CPU Util currently" value="6153230089875" />
<exclusive-end id="1845" timestamp="2019-09-21T18:43:03.419" durationms="5.048" />

<exclusive-start id="1846" timestamp="2019-09-21T18:43:03.442" intervalms="28.178">
  <response-info timems="0.106" idlems="0.106" threads="0" lastid="0000000001EE3300" lastname="Thread-18" />
</exclusive-start>
<allocation-taxation id="1847" taxation-threshold="93323264" timestamp="2019-09-21T18:43:03.442" intervalms="28.176" />
<cycle-start id="1848" type="partial gc" contextid="0" timestamp="2019-09-21T18:43:03.442" intervalms="28.209" />
<gc-start id="1849" type="partial gc" contextid="1848" timestamp="2019-09-21T18:43:03.443">
  <mem-info id="1850" free="121634816" total="352321536" percent="34">
    <mem type="eden" free="0" total="93323264" percent="0" />
    <arraylet-primitive objects="2" leaves="2" largest="1" />
    <remembered-set count="46528" freebytes="14128640" totalbytes="14314752" percent="98" regionsoverflowed="0" regionsstable="3" regionsrebuilding="0"/>
  </mem-info>
</gc-start>
<allocation-stats totalBytes="93309952" >
  <allocated-bytes non-tlh="0" tlh="93309952" arrayletleaf="0"/>
  <largest-consumer threadName="Thread-18" threadId="0000000001EE3300" bytes="15718208" />
</allocation-stats>
<gc-op id="1851" type="copy forward" timems="2.507" contextid="1848" timestamp="2019-09-21T18:43:03.447">
  <memory-copied type="eden" objects="28861" bytes="1106776" bytesdiscarded="74592" />
  <memory-copied type="other" objects="28694" bytes="1375536" bytesdiscarded="30576" />
  <memory-cardclean objects="1510" bytes="75888" />
  <regions eden="89" other="5" />
  <remembered-set-cleared processed="33663" cleared="963" durationms="0.206" />
  <stringconstants candidates="4597" cleared="0"  />
</gc-op>
<gc-op id="1852" type="classunload" timems="0.003" contextid="1848" timestamp="2019-09-21T18:43:03.447">
  <classunload-info classloadercandidates="8" classloadersunloaded="0" classesunloaded="0" anonymousclassesunloaded="0" quiescems="0.000" setupms="0.003" scanms="0.000" postms="0.000" />
</gc-op>
<gc-end id="1853" type="partial gc" contextid="1848" durationms="4.649" usertimems="12.000" systemtimems="0.000" timestamp="2019-09-21T18:43:03.447" activeThreads="8">
  <mem-info id="1854" free="212860928" total="352321536" percent="60">
    <mem type="eden" free="915784" total="2097152" percent="43" />
    <arraylet-primitive objects="2" leaves="2" largest="1" />
    <remembered-set count="46944" freebytes="13875840" totalbytes="14063616" percent="98" regionsoverflowed="0" regionsstable="3" regionsrebuilding="0"/>
  </mem-info>
</gc-end>
<cycle-end id="1855" type="partial gc" contextid="1848" timestamp="2019-09-21T18:43:03.447" />
  <attribute name="elasticGC enabled" value="1" />
  <attribute name= "numThreadsSpecified" value="8" />
  <attribute name="heapSize specified" value="0" />
  <attribute name="Current GC Util" value="43" />
  <attribute name= "Current Time Running" value="4722" />
  <attribute name ="GC Interval" value="0" />
  <attribute name="Target GC Util Change" value ="40.000000" />
  <attribute name="Current GC Util Change" value="43.000000"/>
  <attribute name="Current Error" value="-91.000000" />
  <attribute name="Output H" value="352397112"/>
  <attribute name="Output I" value="1904"/>
  <attribute name="Output T" value="8"/>
  <attribute name= "Current Time Running" value="4722" />
  <attribute name="GC Util currently" value="43" />
  <attribute name="CPU Util currently" value="1907458774265" />
<exclusive-end id="1856" timestamp="2019-09-21T18:43:03.448" durationms="5.749" />

<exclusive-start id="1857" timestamp="2019-09-21T18:43:03.470" intervalms="28.527">
  <response-info timems="0.125" idlems="0.125" threads="0" lastid="0000000001EE6F00" lastname="Thread-13" />
</exclusive-start>
<allocation-taxation id="1858" taxation-threshold="93323264" timestamp="2019-09-21T18:43:03.471" intervalms="28.492" />
<cycle-start id="1859" type="partial gc" contextid="0" timestamp="2019-09-21T18:43:03.471" intervalms="28.490" />
<gc-start id="1860" type="partial gc" contextid="1859" timestamp="2019-09-21T18:43:03.471">
  <mem-info id="1861" free="119537664" total="352321536" percent="33">
    <mem type="eden" free="0" total="93323264" percent="0" />
    <arraylet-primitive objects="2" leaves="2" largest="1" />
    <remembered-set count="46720" freebytes="13876736" totalbytes="14063616" percent="98" regionsoverflowed="0" regionsstable="3" regionsrebuilding="0"/>
  </mem-info>
</gc-start>
<allocation-stats totalBytes="93310392" >
  <allocated-bytes non-tlh="0" tlh="93310392" arrayletleaf="0"/>
  <largest-consumer threadName="Thread-18" threadId="0000000001EE3300" bytes="15476664" />
</allocation-stats>
<gc-op id="1862" type="copy forward" timems="3.236" contextid="1859" timestamp="2019-09-21T18:43:03.475">
  <memory-copied type="eden" objects="35989" bytes="1416168" bytesdiscarded="111760" />
  <memory-copied type="other" objects="29306" bytes="1252848" bytesdiscarded="95848" />
  <memory-cardclean objects="5537" bytes="291624" />
  <regions eden="89" other="5" />
  <remembered-set-cleared processed="34192" cleared="1054" durationms="0.207" />
  <stringconstants candidates="4597" cleared="0"  />
</gc-op>
<gc-op id="1863" type="classunload" timems="0.003" contextid="1859" timestamp="2019-09-21T18:43:03.475">
  <classunload-info classloadercandidates="8" classloadersunloaded="0" classesunloaded="0" anonymousclassesunloaded="0" quiescems="0.000" setupms="0.003" scanms="0.000" postms="0.000" />
</gc-op>
<gc-op id="1864" type="compact" timems="1.314" contextid="1859" timestamp="2019-09-21T18:43:03.477">
  <compact-info movecount="0" movebytes="0" />
  <remembered-set-cleared processed="71160" cleared="1054" durationms="0.207" />
</gc-op>
<gc-end id="1865" type="partial gc" contextid="1859" durationms="5.984" usertimems="20.000" systemtimems="0.000" timestamp="2019-09-21T18:43:03.477" activeThreads="8">
  <mem-info id="1866" free="212860928" total="352321536" percent="60">
    <mem type="eden" free="569224" total="2097152" percent="27" />
    <arraylet-primitive objects="2" leaves="2" largest="1" />
    <remembered-set count="46048" freebytes="13879424" totalbytes="14063616" percent="98" regionsoverflowed="0" regionsstable="3" regionsrebuilding="0"/>
  </mem-info>
</gc-end>
<cycle-end id="1867" type="partial gc" contextid="1859" timestamp="2019-09-21T18:43:03.477" />
  <attribute name="elasticGC enabled" value="1" />
  <attribute name= "numThreadsSpecified" value="8" />
  <attribute name="heapSize specified" value="0" />
  <attribute name="Current GC Util" value="342" />
  <attribute name= "Current Time Running" value="4753" />
  <attribute name ="GC Interval" value="0" />
  <attribute name="Target GC Util Change" value ="40.000000" />
  <attribute name="Current GC Util Change" value="342.000000"/>
  <attribute name="Current Error" value="-302.000000" />
  <attribute name="Output H" value="352396872"/>
  <attribute name="Output I" value="1664"/>
  <attribute name="Output T" value="8"/>
  <attribute name= "Current Time Running" value="4753" />
  <attribute name="GC Util currently" value="342" />
  <attribute name="CPU Util currently" value="656232537239" />
<exclusive-end id="1868" timestamp="2019-09-21T18:43:03.477" durationms="7.078" />

<exclusive-start id="1869" timestamp="2019-09-21T18:43:03.502" intervalms="31.719">
  <response-info timems="0.080" idlems="0.080" threads="0" lastid="0000000001EDBB00" lastname="Thread-16" />
</exclusive-start>
<allocation-taxation id="1870" taxation-threshold="93323264" timestamp="2019-09-21T18:43:03.502" intervalms="31.673" />
<cycle-start id="1871" type="partial gc" contextid="0" timestamp="2019-09-21T18:43:03.502" intervalms="31.610" />
<gc-start id="1872" type="partial gc" contextid="1871" timestamp="2019-09-21T18:43:03.503">
  <mem-info id="1873" free="119537664" total="352321536" percent="33">
    <mem type="eden" free="0" total="93323264" percent="0" />
    <arraylet-primitive objects="2" leaves="2" largest="1" />
    <remembered-set count="46048" freebytes="13879424" totalbytes="14063616" percent="98" regionsoverflowed="0" regionsstable="3" regionsrebuilding="0"/>
  </mem-info>
</gc-start>
<allocation-stats totalBytes="93309576" >
  <allocated-bytes non-tlh="0" tlh="93309576" arrayletleaf="0"/>
  <largest-consumer threadName="Thread-11" threadId="0000000001EEE700" bytes="17528184" />
</allocation-stats>
<gc-op id="1874" type="copy forward" timems="2.355" contextid="1871" timestamp="2019-09-21T18:43:03.506">
  <memory-copied type="eden" objects="28605" bytes="1100648" bytesdiscarded="98480" />
  <memory-copied type="other" objects="18973" bytes="867480" bytesdiscarded="74240" />
  <memory-cardclean objects="45" bytes="5304" />
  <regions eden="89" other="7" />
  <remembered-set-cleared processed="34412" cleared="1263" durationms="0.199" />
  <stringconstants candidates="4597" cleared="0"  />
</gc-op>
<gc-op id="1875" type="classunload" timems="0.002" contextid="1871" timestamp="2019-09-21T18:43:03.506">
  <classunload-info classloadercandidates="8" classloadersunloaded="0" classesunloaded="0" anonymousclassesunloaded="0" quiescems="0.000" setupms="0.002" scanms="0.000" postms="0.000" />
</gc-op>
<gc-op id="1876" type="compact" timems="1.113" contextid="1871" timestamp="2019-09-21T18:43:03.507">
  <compact-info movecount="0" movebytes="0" />
  <remembered-set-cleared processed="70125" cleared="1263" durationms="0.199" />
</gc-op>
<gc-end id="1877" type="partial gc" contextid="1871" durationms="4.945" usertimems="12.000" systemtimems="4.000" timestamp="2019-09-21T18:43:03.508" activeThreads="8">
  <mem-info id="1878" free="214958080" total="352321536" percent="61">
    <mem type="eden" free="898024" total="2097152" percent="42" />
    <arraylet-primitive objects="2" leaves="2" largest="1" />
    <remembered-set count="45376" freebytes="13882112" totalbytes="14063616" percent="98" regionsoverflowed="0" regionsstable="3" regionsrebuilding="0"/>
  </mem-info>
</gc-end>
<cycle-end id="1879" type="partial gc" contextid="1871" timestamp="2019-09-21T18:43:03.508" />
  <attribute name="elasticGC enabled" value="1" />
  <attribute name= "numThreadsSpecified" value="8" />
  <attribute name="heapSize specified" value="0" />
  <attribute name="Current GC Util" value="347" />
  <attribute name= "Current Time Running" value="4784" />
  <attribute name ="GC Interval" value="0" />
  <attribute name="Target GC Util Change" value ="40.000000" />
  <attribute name="Current GC Util Change" value="347.000000"/>
  <attribute name="Current Error" value="-720.000000" />
  <attribute name="Output H" value="352396392"/>
  <attribute name="Output I" value="1184"/>
  <attribute name="Output T" value="8"/>
  <attribute name= "Current Time Running" value="4784" />
  <attribute name="GC Util currently" value="347" />
  <attribute name="CPU Util currently" value="876678713998" />
<exclusive-end id="1880" timestamp="2019-09-21T18:43:03.508" durationms="5.949" />

</verbosegc>

