<?xml version="1.0" ?>

<verbosegc xmlns="http://www.ibm.com/j9/verbosegc" version="6fe7bac_CMPRSS">

<initialized id="1" timestamp="2019-09-21T18:42:53.691">
  <attribute name="gcPolicy" value="-Xgcpolicy:balanced" />
  <attribute name="elasticGC enabled" value="1" />
  <attribute name= "numThreadsSpecified" value="0" />
  <attribute name="heapSize specified" value="0" />
  <attribute name="Current GC Util" value="0" />
  <attribute name= "Current Time Running" value="0" />
  <attribute name ="GC Interval" value="0" />
  <attribute name="Target GC Util Change" value ="0.000000" />
  <attribute name="Current GC Util Change" value="0.000000"/>
  <attribute name="Current Error" value="0.000000" />
  <attribute name="Output H" value="0"/>
  <attribute name="Output I" value="0"/>
  <attribute name="Output T" value="0"/>
  <attribute name= "Current Time Running" value="0" />
  <attribute name="GC Util currently" value="0" />
  <attribute name="CPU Util currently" value="0" />
  <attribute name="maxHeapSize" value="0x7cb00000" />
  <attribute name="initialHeapSize" value="0x800000" />
  <attribute name="compressedRefs" value="true" />
  <attribute name="compressedRefsDisplacement" value="0x0" />
  <attribute name="compressedRefsShift" value="0x0" />
  <attribute name="pageSize" value="0x1000" />
  <attribute name="pageType" value="not used" />
  <attribute name="requestedPageSize" value="0x1000" />
  <attribute name="requestedPageType" value="not used" />
  <attribute name="gcthreads" value="8" />
  <attribute name="packetListSplit" value="8" />
  <attribute name="cacheListSplit" value="8" />
  <attribute name="splitFreeListSplitAmount" value="1" />
  <attribute name="numaNodes" value="0" />
  <region>
    <attribute name="regionSize" value="1048576" />
    <attribute name="regionCount" value="1995" />
    <attribute name="arrayletLeafSize" value="1048576" />
  </region>
  <system>
    <attribute name="physicalMemory" value="8370393088" />
    <attribute name="numCPUs" value="8" />
    <attribute name="architecture" value="amd64" />
    <attribute name="os" value="Linux" />
    <attribute name="osVersion" value="4.4.0-157-generic" />
  </system>
  <vmargs>
    <vmarg name="-Xoptionsfile=/vagrant/jdk/lib/options.default" />
    <vmarg name="-Xlockword:mode=default,noLockword=java/lang/String,noLockword=java/util/MapEntry,noLockword=java/util/HashMap$Entry,noLockword..." />
    <vmarg name="-Xjcl:jclse29" />
    <vmarg name="-Dcom.ibm.oti.vm.bootstrap.library.path=/vagrant/jdk/lib/compressedrefs:/vagrant/jdk/lib" />
    <vmarg name="-Dsun.boot.library.path=/vagrant/jdk/lib/compressedrefs:/vagrant/jdk/lib" />
    <vmarg name="-Djava.library.path=/vagrant/jdk/lib/compressedrefs:/vagrant/jdk/lib:/usr/lib64:/usr/lib" />
    <vmarg name="-Djava.home=/vagrant/jdk" />
    <vmarg name="-Duser.dir=/vagrant" />
    <vmarg name="-Xgcpolicy:balanced" />
    <vmarg name="-Xgcelastic" />
    <vmarg name="-Xcheck:gc:::elasticGC" />
    <vmarg name="-verbose:gc" />
    <vmarg name="-Xloggc:large-Balanced-JDK2-2-2-8core-verbose15sunflow.txt" />
    <vmarg name="-Djava.class.path=dacapo-9.12-MR1-bach.jar" />
    <vmarg name="-Dsun.java.command=dacapo-9.12-MR1-bach.jar sunflow --size=large" />
    <vmarg name="-Dsun.java.launcher=SUN_STANDARD" />
    <vmarg name="-Dsun.java.launcher.pid=10503" />
  </vmargs>
</initialized>

<exclusive-start id="2" timestamp="2019-09-21T18:42:54.130" intervalms="439.439">
  <response-info timems="0.070" idlems="0.070" threads="0" lastid="000000000246EA00" lastname="main" />
</exclusive-start>
<allocation-taxation id="3" taxation-threshold="8388608" timestamp="2019-09-21T18:42:54.131" intervalms="439.797" />
<cycle-start id="4" type="partial gc" contextid="0" timestamp="2019-09-21T18:42:54.131" intervalms="440.181" />
<gc-start id="5" type="partial gc" contextid="4" timestamp="2019-09-21T18:42:54.132">
  <mem-info id="6" free="0" total="8388608" percent="0">
    <mem type="eden" free="264" total="8388608" percent="0" />
    <arraylet-primitive objects="1" leaves="1" largest="1" />
    <remembered-set count="0" freebytes="334848" totalbytes="334848" percent="100" regionsoverflowed="0" regionsstable="0" regionsrebuilding="0"/>
  </mem-info>
</gc-start>
<allocation-stats totalBytes="8382096" >
  <allocated-bytes non-tlh="1288352" tlh="6045168" arrayletleaf="1048576"/>
  <largest-consumer threadName="main" threadId="000000000246EA00" bytes="8289800" />
</allocation-stats>
<gc-op id="7" type="mark" timems="4.820" contextid="4" timestamp="2019-09-21T18:42:54.138">
  <trace-info objectcount="30331" scancount="23652" scanbytes="766220" />
  <remembered-set-cleared processed="0" cleared="0" durationms="0.811" />
  <finalization candidates="125" enqueued="1" />
  <ownableSynchronizers candidates="3" cleared="0" />
  <references type="soft" candidates="131" cleared="0" enqueued="0" dynamicThreshold="32" maxThreshold="32" />
  <references type="weak" candidates="1321" cleared="568" enqueued="478" />
  <references type="phantom" candidates="106" cleared="42" enqueued="42" />
  <stringconstants candidates="3958" cleared="0"  />
  <warning details="Mark for calibration purposes" />
</gc-op>
<gc-op id="8" type="classunload" timems="0.146" contextid="4" timestamp="2019-09-21T18:42:54.138">
  <classunload-info classloadercandidates="7" classloadersunloaded="0" classesunloaded="0" anonymousclassesunloaded="0" quiescems="0.000" setupms="0.146" scanms="0.000" postms="0.000" />
</gc-op>
<gc-op id="9" type="sweep" timems="1.025" contextid="4" timestamp="2019-09-21T18:42:54.140" />
<gc-op id="10" type="compact" timems="5.367" contextid="4" timestamp="2019-09-21T18:42:54.145">
  <compact-info movecount="30331" movebytes="2126160" />
  <remembered-set-cleared processed="0" cleared="0" durationms="0.811" />
</gc-op>
<heap-resize id="11" type="expand" space="default" amount="1048576" count="1" timems="0.061" reason="insufficient free space following gc" timestamp="2019-09-21T18:42:54.146" />
<gc-end id="12" type="partial gc" contextid="4" durationms="15.028" usertimems="16.000" systemtimems="4.000" timestamp="2019-09-21T18:42:54.147" activeThreads="8">
  <mem-info id="13" free="5242880" total="9437184" percent="55">
    <mem type="eden" free="651360" total="4194304" percent="15" />
    <arraylet-primitive objects="1" leaves="1" largest="1" />
    <pending-finalizers system="1" default="0" reference="520" classloader="0" />
    <remembered-set count="4096" freebytes="360320" totalbytes="376704" percent="95" regionsoverflowed="0" regionsstable="0" regionsrebuilding="0"/>
  </mem-info>
</gc-end>
<cycle-end id="14" type="partial gc" contextid="4" timestamp="2019-09-21T18:42:54.147" />
  <attribute name="elasticGC enabled" value="1" />
  <attribute name= "numThreadsSpecified" value="8" />
  <attribute name="heapSize specified" value="0" />
  <attribute name="Current GC Util" value="70" />
  <attribute name= "Current Time Running" value="333" />
  <attribute name ="GC Interval" value="0" />
  <attribute name="Target GC Util Change" value ="40.000000" />
  <attribute name="Current GC Util Change" value="70.000000"/>
  <attribute name="Current Error" value="-135.000000" />
  <attribute name="Output H" value="8464136"/>
  <attribute name="Output I" value="1856"/>
  <attribute name="Output T" value="8"/>
  <attribute name= "Current Time Running" value="333" />
  <attribute name="GC Util currently" value="70" />
  <attribute name="CPU Util currently" value="1542167721907" />
<exclusive-end id="15" timestamp="2019-09-21T18:42:54.147" durationms="16.472" />

<exclusive-start id="16" timestamp="2019-09-21T18:42:54.165" intervalms="34.315">
  <response-info timems="0.074" idlems="0.074" threads="0" lastid="000000000246EA00" lastname="main" />
</exclusive-start>
<sys-start reason="explicit" id="17" timestamp="2019-09-21T18:42:54.165" intervalms="473.900" />
<cycle-start id="18" type="global garbage collect" contextid="0" timestamp="2019-09-21T18:42:54.165" intervalms="474.157" />
<gc-start id="19" type="global garbage collect" contextid="18" timestamp="2019-09-21T18:42:54.165">
  <mem-info id="20" free="1572864" total="9437184" percent="16">
    <mem type="eden" free="524288" total="4194304" percent="12" />
    <arraylet-primitive objects="2" leaves="2" largest="1" />
    <remembered-set count="4096" freebytes="360320" totalbytes="376704" percent="95" regionsoverflowed="0" regionsstable="0" regionsrebuilding="0"/>
  </mem-info>
</gc-start>
<allocation-stats totalBytes="3669608" >
  <allocated-bytes non-tlh="88" tlh="2620944" arrayletleaf="1048576"/>
  <largest-consumer threadName="main" threadId="000000000246EA00" bytes="3653536" />
</allocation-stats>
<gc-op id="21" type="global mark" timems="3.067" contextid="18" timestamp="2019-09-21T18:42:54.169">
  <trace-info objectcount="29379" scancount="22852" scanbytes="751924" />
  <finalization candidates="124" enqueued="0" />
  <ownableSynchronizers candidates="3" cleared="0" />
  <references type="soft" candidates="131" cleared="0" enqueued="0" dynamicThreshold="17" maxThreshold="32" />
  <references type="weak" candidates="755" cleared="2" enqueued="2" />
  <references type="phantom" candidates="63" cleared="0" enqueued="0" />
  <stringconstants candidates="3958" cleared="0"  />
</gc-op>
<gc-op id="22" type="classunload" timems="0.004" contextid="18" timestamp="2019-09-21T18:42:54.169">
  <classunload-info classloadercandidates="7" classloadersunloaded="0" classesunloaded="0" anonymousclassesunloaded="0" quiescems="0.000" setupms="0.003" scanms="0.000" postms="0.000" />
</gc-op>
<gc-op id="23" type="sweep" timems="0.341" contextid="18" timestamp="2019-09-21T18:42:54.170" />
<gc-op id="24" type="compact" timems="4.357" contextid="18" timestamp="2019-09-21T18:42:54.174">
  <compact-info movecount="23509" movebytes="1083736" />
  <remembered-set-cleared processed="6948" cleared="6948" durationms="0.067" />
</gc-op>
<gc-end id="25" type="global garbage collect" contextid="18" durationms="9.226" usertimems="8.000" systemtimems="4.000" timestamp="2019-09-21T18:42:54.175" activeThreads="8">
  <mem-info id="26" free="4194304" total="9437184" percent="44">
    <arraylet-primitive objects="2" leaves="2" largest="1" />
    <pending-finalizers system="0" default="0" reference="2" classloader="0" />
    <remembered-set count="3072" freebytes="364416" totalbytes="376704" percent="96" regionsoverflowed="0" regionsstable="0" regionsrebuilding="0"/>
  </mem-info>
</gc-end>
<cycle-end id="27" type="global garbage collect" contextid="18" timestamp="2019-09-21T18:42:54.175" />
  <attribute name="elasticGC enabled" value="1" />
  <attribute name= "numThreadsSpecified" value="8" />
  <attribute name="heapSize specified" value="0" />
  <attribute name="Current GC Util" value="45" />
  <attribute name= "Current Time Running" value="362" />
  <attribute name ="GC Interval" value="0" />
  <attribute name="Target GC Util Change" value ="40.000000" />
  <attribute name="Current GC Util Change" value="45.000000"/>
  <attribute name="Current Error" value="-130.000000" />
  <attribute name="Output H" value="9512720"/>
  <attribute name="Output I" value="1864"/>
  <attribute name="Output T" value="8"/>
  <attribute name= "Current Time Running" value="362" />
  <attribute name="GC Util currently" value="45" />
  <attribute name="CPU Util currently" value="3639944574523" />
<sys-end id="28" timestamp="2019-09-21T18:42:54.175" />
<exclusive-end id="29" timestamp="2019-09-21T18:42:54.175" durationms="10.425" />

<exclusive-start id="30" timestamp="2019-09-21T18:42:54.326" intervalms="160.891">
  <response-info timems="0.093" idlems="0.093" threads="0" lastid="00000000027CEF00" lastname="Thread-3" />
</exclusive-start>
<allocation-taxation id="31" taxation-threshold="4194304" timestamp="2019-09-21T18:42:54.326" intervalms="195.035" />
<cycle-start id="32" type="partial gc" contextid="0" timestamp="2019-09-21T18:42:54.326" intervalms="194.854" />
<gc-start id="33" type="partial gc" contextid="32" timestamp="2019-09-21T18:42:54.326">
  <mem-info id="34" free="0" total="9437184" percent="0">
    <mem type="eden" free="0" total="4194304" percent="0" />
    <arraylet-primitive objects="2" leaves="2" largest="1" />
    <remembered-set count="3072" freebytes="364416" totalbytes="376704" percent="96" regionsoverflowed="0" regionsstable="0" regionsrebuilding="0"/>
  </mem-info>
</gc-start>
<allocation-stats totalBytes="4183272" >
  <allocated-bytes non-tlh="707000" tlh="3476272" arrayletleaf="0"/>
  <largest-consumer threadName="main" threadId="000000000246EA00" bytes="3032456" />
</allocation-stats>
<gc-op id="35" type="mark" timems="1.771" contextid="32" timestamp="2019-09-21T18:42:54.329">
  <trace-info objectcount="11535" scancount="8242" scanbytes="244320" />
  <cardclean-info objects="487" bytes="21244" />
  <remembered-set-cleared processed="1320" cleared="45" durationms="0.082" />
  <references type="soft" candidates="17" cleared="0" enqueued="0" dynamicThreshold="14" maxThreshold="32" />
  <references type="weak" candidates="45" cleared="29" enqueued="28" />
  <references type="phantom" candidates="2" cleared="0" enqueued="0" />
  <stringconstants candidates="4509" cleared="1"  />
  <warning details="Mark invoked due to insufficient free space for Copy-Forward" />
</gc-op>
<gc-op id="36" type="classunload" timems="0.003" contextid="32" timestamp="2019-09-21T18:42:54.329">
  <classunload-info classloadercandidates="8" classloadersunloaded="0" classesunloaded="0" anonymousclassesunloaded="0" quiescems="0.000" setupms="0.003" scanms="0.000" postms="0.000" />
</gc-op>
<gc-op id="37" type="sweep" timems="0.416" contextid="32" timestamp="2019-09-21T18:42:54.330" />
<gc-op id="38" type="compact" timems="1.903" contextid="32" timestamp="2019-09-21T18:42:54.332">
  <compact-info movecount="11533" movebytes="1479864" />
  <remembered-set-cleared processed="4210" cleared="1654" durationms="0.082" />
</gc-op>
<heap-resize id="39" type="expand" space="default" amount="4194304" count="1" timems="0.076" reason="insufficient free space following gc" timestamp="2019-09-21T18:42:54.332" />
<gc-end id="40" type="partial gc" contextid="32" durationms="5.870" usertimems="12.000" systemtimems="0.000" timestamp="2019-09-21T18:42:54.332" activeThreads="8">
  <mem-info id="41" free="6291456" total="13631488" percent="46">
    <mem type="eden" free="508312" total="2097152" percent="24" />
    <arraylet-primitive objects="2" leaves="2" largest="1" />
    <pending-finalizers system="0" default="0" reference="28" classloader="0" />
    <remembered-set count="4064" freebytes="527872" totalbytes="544128" percent="97" regionsoverflowed="0" regionsstable="0" regionsrebuilding="0"/>
  </mem-info>
</gc-end>
<cycle-end id="42" type="partial gc" contextid="32" timestamp="2019-09-21T18:42:54.332" />
  <attribute name="elasticGC enabled" value="1" />
  <attribute name= "numThreadsSpecified" value="8" />
  <attribute name="heapSize specified" value="0" />
  <attribute name="Current GC Util" value="48" />
  <attribute name= "Current Time Running" value="522" />
  <attribute name ="GC Interval" value="0" />
  <attribute name="Target GC Util Change" value ="40.000000" />
  <attribute name="Current GC Util Change" value="48.000000"/>
  <attribute name="Current Error" value="-264.000000" />
  <attribute name="Output H" value="9512560"/>
  <attribute name="Output I" value="1704"/>
  <attribute name="Output T" value="8"/>
  <attribute name= "Current Time Running" value="522" />
  <attribute name="GC Util currently" value="48" />
  <attribute name="CPU Util currently" value="3446762884822" />
<exclusive-end id="43" timestamp="2019-09-21T18:42:54.333" durationms="7.086" />

<exclusive-start id="44" timestamp="2019-09-21T18:42:54.454" intervalms="127.979">
  <response-info timems="0.086" idlems="0.086" threads="0" lastid="00000000027E9300" lastname="Thread-10" />
</exclusive-start>
<allocation-taxation id="45" taxation-threshold="3145728" timestamp="2019-09-21T18:42:54.454" intervalms="128.035" />
<cycle-start id="46" type="global mark phase" contextid="0" timestamp="2019-09-21T18:42:54.454" intervalms="763.083" />
<gc-start id="47" type="global mark phase" contextid="46" timestamp="2019-09-21T18:42:54.454">
  <mem-info id="48" free="3145728" total="13631488" percent="23">
    <remembered-set count="4064" freebytes="527872" totalbytes="544128" percent="97" regionsoverflowed="0" regionsstable="0" regionsrebuilding="0"/>
  </mem-info>
</gc-start>
<gc-op id="49" type="mark increment" timems="0.823" contextid="46" timestamp="2019-09-21T18:42:54.455">
  <trace-info objectcount="206" scancount="0" scanbytes="0" />
</gc-op>
<gc-end id="50" type="global mark phase" contextid="46" durationms="1.087" usertimems="0.000" systemtimems="0.000" timestamp="2019-09-21T18:42:54.455" activeThreads="8">
  <mem-info id="51" free="3145728" total="13631488" percent="23">
    <remembered-set count="4064" freebytes="527872" totalbytes="544128" percent="97" regionsoverflowed="0" regionsstable="0" regionsrebuilding="0"/>
  </mem-info>
</gc-end>
<concurrent-start id="52" type="GMP work packet processing" contextid="46" timestamp="2019-09-21T18:42:54.455">
  <concurrent-mark-start scanTarget="18446744073709551615" />
</concurrent-start>
<exclusive-end id="53" timestamp="2019-09-21T18:42:54.456" durationms="2.008" />

<concurrent-end id="54" type="GMP work packet processing" contextid="46" timestamp="2019-09-21T18:42:54.457">
  <concurrent-mark-end bytesScanned="1204600" reasonForTermination="Completed all work in GC phase" />
</concurrent-end>

<exclusive-start id="55" timestamp="2019-09-21T18:42:54.470" intervalms="16.245">
  <response-info timems="0.069" idlems="0.069" threads="0" lastid="00000000027E9300" lastname="Thread-10" />
</exclusive-start>
<allocation-taxation id="56" taxation-threshold="3145728" timestamp="2019-09-21T18:42:54.470" intervalms="16.183" />
<cycle-start id="57" type="partial gc" contextid="0" timestamp="2019-09-21T18:42:54.470" intervalms="144.197" />
<gc-start id="58" type="partial gc" contextid="57" timestamp="2019-09-21T18:42:54.470">
  <mem-info id="59" free="0" total="13631488" percent="0">
    <mem type="eden" free="0" total="7340032" percent="0" />
    <arraylet-primitive objects="2" leaves="2" largest="1" />
    <remembered-set count="4064" freebytes="527872" totalbytes="544128" percent="97" regionsoverflowed="0" regionsstable="0" regionsrebuilding="0"/>
  </mem-info>
</gc-start>
<allocation-stats totalBytes="6263504" >
  <allocated-bytes non-tlh="839424" tlh="5424080" arrayletleaf="0"/>
  <largest-consumer threadName="Thread-10" threadId="00000000027E9300" bytes="3128296" />
</allocation-stats>
<gc-op id="60" type="mark" timems="2.280" contextid="57" timestamp="2019-09-21T18:42:54.473">
  <trace-info objectcount="15206" scancount="12339" scanbytes="454888" />
  <cardclean-info objects="164" bytes="11628" />
  <remembered-set-cleared processed="1967" cleared="684" durationms="0.084" />
  <references type="soft" candidates="17" cleared="0" enqueued="0" dynamicThreshold="7" maxThreshold="32" />
  <references type="weak" candidates="16" cleared="0" enqueued="0" />
  <references type="phantom" candidates="2" cleared="0" enqueued="0" />
  <stringconstants candidates="4533" cleared="0"  />
  <warning details="Mark invoked due to insufficient free space for Copy-Forward" />
</gc-op>
<gc-op id="61" type="classunload" timems="0.002" contextid="57" timestamp="2019-09-21T18:42:54.474">
  <classunload-info classloadercandidates="8" classloadersunloaded="0" classesunloaded="0" anonymousclassesunloaded="0" quiescems="0.000" setupms="0.002" scanms="0.000" postms="0.000" />
</gc-op>
<gc-op id="62" type="sweep" timems="0.477" contextid="57" timestamp="2019-09-21T18:42:54.474" />
<gc-op id="63" type="compact" timems="2.630" contextid="57" timestamp="2019-09-21T18:42:54.477">
  <compact-info movecount="15204" movebytes="1480680" />
  <remembered-set-cleared processed="4748" cleared="2181" durationms="0.084" />
</gc-op>
<gc-end id="64" type="partial gc" contextid="57" durationms="7.030" usertimems="0.000" systemtimems="8.000" timestamp="2019-09-21T18:42:54.477" activeThreads="8">
  <mem-info id="65" free="6291456" total="13631488" percent="46">
    <mem type="eden" free="507912" total="2097152" percent="24" />
    <arraylet-primitive objects="2" leaves="2" largest="1" />
    <remembered-set count="4672" freebytes="525440" totalbytes="544128" percent="96" regionsoverflowed="0" regionsstable="0" regionsrebuilding="0"/>
  </mem-info>
</gc-end>
<cycle-end id="66" type="partial gc" contextid="57" timestamp="2019-09-21T18:42:54.478" />
  <attribute name="elasticGC enabled" value="1" />
  <attribute name= "numThreadsSpecified" value="8" />
  <attribute name="heapSize specified" value="0" />
  <attribute name="Current GC Util" value="48" />
  <attribute name= "Current Time Running" value="667" />
  <attribute name ="GC Interval" value="0" />
  <attribute name="Target GC Util Change" value ="40.000000" />
  <attribute name="Current GC Util Change" value="48.000000"/>
  <attribute name="Current Error" value="-8.000000" />
  <attribute name="Output H" value="13707160"/>
  <attribute name="Output I" value="2000"/>
  <attribute name="Output T" value="8"/>
  <attribute name= "Current Time Running" value="667" />
  <attribute name="GC Util currently" value="48" />
  <attribute name="CPU Util currently" value="3192817207248" />
<exclusive-end id="67" timestamp="2019-09-21T18:42:54.478" durationms="8.046" />

<exclusive-start id="68" timestamp="2019-09-21T18:42:54.494" intervalms="24.524">
  <response-info timems="0.060" idlems="0.060" threads="0" lastid="00000000027CEF00" lastname="Thread-13" />
</exclusive-start>
<allocation-taxation id="69" taxation-threshold="3145728" timestamp="2019-09-21T18:42:54.495" intervalms="24.522" />
<gc-start id="70" type="global mark phase" contextid="46" timestamp="2019-09-21T18:42:54.495">
  <mem-info id="71" free="3145728" total="13631488" percent="23">
    <remembered-set count="4672" freebytes="525440" totalbytes="544128" percent="96" regionsoverflowed="0" regionsstable="0" regionsrebuilding="0"/>
  </mem-info>
</gc-start>
<gc-op id="72" type="mark increment" timems="2.235" contextid="46" timestamp="2019-09-21T18:42:54.497">
  <trace-info objectcount="31848" scancount="28921" scanbytes="1381728" />
  <cardclean-info objects="464" bytes="20788" />
  <finalization candidates="124" enqueued="0" />
  <ownableSynchronizers candidates="3" cleared="0" />
  <references type="soft" candidates="148" cleared="0" enqueued="0" dynamicThreshold="14" maxThreshold="32" />
  <references type="weak" candidates="769" cleared="0" enqueued="0" />
  <references type="phantom" candidates="65" cleared="2" enqueued="2" />
  <stringconstants candidates="4594" cleared="0"  />
</gc-op>
<gc-op id="73" type="classunload" timems="0.004" contextid="46" timestamp="2019-09-21T18:42:54.497">
  <classunload-info classloadercandidates="8" classloadersunloaded="0" classesunloaded="0" anonymousclassesunloaded="0" quiescems="0.000" setupms="0.004" scanms="0.000" postms="0.000" />
</gc-op>
<gc-end id="74" type="global mark phase" contextid="46" durationms="2.669" usertimems="4.000" systemtimems="0.000" timestamp="2019-09-21T18:42:54.497" activeThreads="8">
  <mem-info id="75" free="3145728" total="13631488" percent="23">
    <pending-finalizers system="0" default="0" reference="2" classloader="0" />
    <remembered-set count="4672" freebytes="525440" totalbytes="544128" percent="96" regionsoverflowed="0" regionsstable="0" regionsrebuilding="0"/>
  </mem-info>
</gc-end>
<cycle-end id="76" type="global mark phase" contextid="46" timestamp="2019-09-21T18:42:54.497" />
  <attribute name="elasticGC enabled" value="1" />
  <attribute name= "numThreadsSpecified" value="8" />
  <attribute name="heapSize specified" value="0" />
  <attribute name="Current GC Util" value="150" />
  <attribute name= "Current Time Running" value="688" />
  <attribute name ="GC Interval" value="0" />
  <attribute name="Target GC Util Change" value ="40.000000" />
  <attribute name="Current GC Util Change" value="150.000000"/>
  <attribute name="Current Error" value="-194.000000" />
  <attribute name="Output H" value="13706944"/>
  <attribute name="Output I" value="1784"/>
  <attribute name="Output T" value="8"/>
  <attribute name= "Current Time Running" value="688" />
  <attribute name="GC Util currently" value="150" />
  <attribute name="CPU Util currently" value="3681784954639" />
<exclusive-end id="77" timestamp="2019-09-21T18:42:54.498" durationms="3.340" />

<exclusive-start id="78" timestamp="2019-09-21T18:42:54.537" intervalms="42.965">
  <response-info timems="0.066" idlems="0.066" threads="0" lastid="00000000027E9300" lastname="Thread-15" />
</exclusive-start>
<allocation-taxation id="79" taxation-threshold="3145728" timestamp="2019-09-21T18:42:54.537" intervalms="42.947" />
<cycle-start id="80" type="partial gc" contextid="0" timestamp="2019-09-21T18:42:54.538" intervalms="67.417" />
<gc-start id="81" type="partial gc" contextid="80" timestamp="2019-09-21T18:42:54.538">
  <mem-info id="82" free="0" total="13631488" percent="0">
    <mem type="eden" free="0" total="6291456" percent="0" />
    <arraylet-primitive objects="2" leaves="2" largest="1" />
    <remembered-set count="4672" freebytes="525440" totalbytes="544128" percent="96" regionsoverflowed="0" regionsstable="0" regionsrebuilding="0"/>
  </mem-info>
</gc-start>
<allocation-stats totalBytes="6235720" >
  <allocated-bytes non-tlh="662248" tlh="5573472" arrayletleaf="0"/>
  <largest-consumer threadName="Thread-12" threadId="00000000027D6700" bytes="458688" />
</allocation-stats>
<gc-op id="83" type="sweep" timems="0.582" contextid="80" timestamp="2019-09-21T18:42:54.539" />
<gc-op id="84" type="copy forward" timems="7.489" contextid="80" timestamp="2019-09-21T18:42:54.547">
  <memory-copied type="eden" objects="22952" bytes="1178760" bytesdiscarded="95602" />
  <memory-copied type="other" objects="22135" bytes="1965880" bytesdiscarded="201262" />
  <memory-cardclean objects="280" bytes="11024" />
  <regions eden="3" other="3" />
  <remembered-set-cleared processed="1992" cleared="57" durationms="0.068" />
  <stringconstants candidates="4596" cleared="0"  />
  <heap-resize type="expand" space="default" amount="4194304" count="4" timems="1.380" reason="continue current collection" />
</gc-op>
<gc-op id="85" type="classunload" timems="0.004" contextid="80" timestamp="2019-09-21T18:42:54.547">
  <classunload-info classloadercandidates="8" classloadersunloaded="0" classesunloaded="0" anonymousclassesunloaded="0" quiescems="0.000" setupms="0.003" scanms="0.000" postms="0.000" />
</gc-op>
<gc-op id="86" type="compact" timems="1.132" contextid="80" timestamp="2019-09-21T18:42:54.549">
  <compact-info movecount="0" movebytes="0" />
  <remembered-set-cleared processed="4132" cleared="57" durationms="0.068" />
</gc-op>
<heap-resize id="87" type="expand" space="default" amount="1048576" count="1" timems="0.053" reason="insufficient free space following gc" timestamp="2019-09-21T18:42:54.549" />
<gc-end id="88" type="partial gc" contextid="80" durationms="11.299" usertimems="16.000" systemtimems="4.000" timestamp="2019-09-21T18:42:54.549" activeThreads="8">
  <mem-info id="89" free="7340032" total="18874368" percent="38">
    <mem type="eden" free="1314984" total="4194304" percent="31" />
    <arraylet-primitive objects="2" leaves="2" largest="1" />
    <remembered-set count="4512" freebytes="735360" totalbytes="753408" percent="97" regionsoverflowed="0" regionsstable="0" regionsrebuilding="0"/>
  </mem-info>
</gc-end>
<cycle-end id="90" type="partial gc" contextid="80" timestamp="2019-09-21T18:42:54.549" />
  <attribute name="elasticGC enabled" value="1" />
  <attribute name= "numThreadsSpecified" value="8" />
  <attribute name="heapSize specified" value="0" />
  <attribute name="Current GC Util" value="143" />
  <attribute name= "Current Time Running" value="740" />
  <attribute name ="GC Interval" value="0" />
  <attribute name="Target GC Util Change" value ="40.000000" />
  <attribute name="Current GC Util Change" value="143.000000"/>
  <attribute name="Current Error" value="-94.000000" />
  <attribute name="Output H" value="17901368"/>
  <attribute name="Output I" value="1904"/>
  <attribute name="Output T" value="8"/>
  <attribute name= "Current Time Running" value="740" />
  <attribute name="GC Util currently" value="143" />
  <attribute name="CPU Util currently" value="301990655804" />
<exclusive-end id="91" timestamp="2019-09-21T18:42:54.550" durationms="12.334" />

<exclusive-start id="92" timestamp="2019-09-21T18:42:54.603" intervalms="66.162">
  <response-info timems="0.585" idlems="0.585" threads="0" lastid="00000000027DDF00" lastname="Thread-16" />
</exclusive-start>
<allocation-taxation id="93" taxation-threshold="7340032" timestamp="2019-09-21T18:42:54.604" intervalms="66.175" />
<cycle-start id="94" type="partial gc" contextid="0" timestamp="2019-09-21T18:42:54.604" intervalms="66.367" />
<gc-start id="95" type="partial gc" contextid="94" timestamp="2019-09-21T18:42:54.604">
  <mem-info id="96" free="0" total="18874368" percent="0">
    <mem type="eden" free="0" total="7340032" percent="0" />
    <arraylet-primitive objects="2" leaves="2" largest="1" />
    <remembered-set count="3680" freebytes="738688" totalbytes="753408" percent="98" regionsoverflowed="0" regionsstable="1" regionsrebuilding="0"/>
  </mem-info>
</gc-start>
<allocation-stats totalBytes="7338280" >
  <allocated-bytes non-tlh="0" tlh="7338280" arrayletleaf="0"/>
  <largest-consumer threadName="Thread-12" threadId="00000000027D6700" bytes="1613440" />
</allocation-stats>
<gc-op id="97" type="mark" timems="2.411" contextid="94" timestamp="2019-09-21T18:42:54.607">
  <trace-info objectcount="43247" scancount="43150" scanbytes="2144008" />
  <cardclean-info objects="37" bytes="2540" />
  <remembered-set-cleared processed="1455" cleared="90" durationms="0.079" />
  <stringconstants candidates="4596" cleared="0"  />
  <warning details="Mark invoked due to insufficient free space for Copy-Forward" />
</gc-op>
<gc-op id="98" type="classunload" timems="0.003" contextid="94" timestamp="2019-09-21T18:42:54.607">
  <classunload-info classloadercandidates="8" classloadersunloaded="0" classesunloaded="0" anonymousclassesunloaded="0" quiescems="0.000" setupms="0.003" scanms="0.000" postms="0.000" />
</gc-op>
<gc-op id="99" type="sweep" timems="0.417" contextid="94" timestamp="2019-09-21T18:42:54.608" />
<gc-op id="100" type="compact" timems="4.808" contextid="94" timestamp="2019-09-21T18:42:54.613">
  <compact-info movecount="43186" movebytes="2690960" />
  <remembered-set-cleared processed="3069" cleared="366" durationms="0.079" />
</gc-op>
<heap-resize id="101" type="expand" space="default" amount="4194304" count="1" timems="0.089" reason="excessive time being spent in gc" timestamp="2019-09-21T18:42:54.614" />
<gc-end id="102" type="partial gc" contextid="94" durationms="9.627" usertimems="12.000" systemtimems="0.000" timestamp="2019-09-21T18:42:54.614" activeThreads="8">
  <mem-info id="103" free="11534336" total="23068672" percent="50">
    <mem type="eden" free="974280" total="1048576" percent="92" />
    <arraylet-primitive objects="2" leaves="2" largest="1" />
    <remembered-set count="4704" freebytes="902016" totalbytes="920832" percent="97" regionsoverflowed="0" regionsstable="1" regionsrebuilding="0"/>
  </mem-info>
</gc-end>
<cycle-end id="104" type="partial gc" contextid="94" timestamp="2019-09-21T18:42:54.614" />
  <attribute name="elasticGC enabled" value="1" />
  <attribute name= "numThreadsSpecified" value="8" />
  <attribute name="heapSize specified" value="0" />
  <attribute name="Current GC Util" value="45" />
  <attribute name= "Current Time Running" value="801" />
  <attribute name ="GC Interval" value="0" />
  <attribute name="Target GC Util Change" value ="40.000000" />
  <attribute name="Current GC Util Change" value="45.000000"/>
  <attribute name="Current Error" value="-244.000000" />
  <attribute name="Output H" value="18949768"/>
  <attribute name="Output I" value="1728"/>
  <attribute name="Output T" value="8"/>
  <attribute name= "Current Time Running" value="801" />
  <attribute name="GC Util currently" value="45" />
  <attribute name="CPU Util currently" value="3229965090230" />
<exclusive-end id="105" timestamp="2019-09-21T18:42:54.614" durationms="10.855" />

<exclusive-start id="106" timestamp="2019-09-21T18:42:54.651" intervalms="47.279">
  <response-info timems="1.712" idlems="0.868" threads="1" lastid="00000000027DA300" lastname="Thread-11" />
</exclusive-start>
<allocation-taxation id="107" taxation-threshold="11534336" timestamp="2019-09-21T18:42:54.651" intervalms="47.312" />
<cycle-start id="108" type="partial gc" contextid="0" timestamp="2019-09-21T18:42:54.651" intervalms="47.226" />
<gc-start id="109" type="partial gc" contextid="108" timestamp="2019-09-21T18:42:54.652">
  <mem-info id="110" free="0" total="23068672" percent="0">
    <mem type="eden" free="0" total="11534336" percent="0" />
    <arraylet-primitive objects="2" leaves="2" largest="1" />
    <remembered-set count="4704" freebytes="902016" totalbytes="920832" percent="97" regionsoverflowed="0" regionsstable="1" regionsrebuilding="0"/>
  </mem-info>
</gc-start>
<allocation-stats totalBytes="11532384" >
  <allocated-bytes non-tlh="0" tlh="11532384" arrayletleaf="0"/>
  <largest-consumer threadName="Thread-12" threadId="00000000027D6700" bytes="2862608" />
</allocation-stats>
<gc-op id="111" type="mark" timems="1.881" contextid="108" timestamp="2019-09-21T18:42:54.654">
  <trace-info objectcount="8450" scancount="8450" scanbytes="211096" />
  <cardclean-info objects="11630" bytes="593584" />
  <remembered-set-cleared processed="1651" cleared="211" durationms="0.075" />
  <stringconstants candidates="4596" cleared="0"  />
  <warning details="Mark invoked due to insufficient free space for Copy-Forward" />
</gc-op>
<gc-op id="112" type="classunload" timems="0.002" contextid="108" timestamp="2019-09-21T18:42:54.654">
  <classunload-info classloadercandidates="8" classloadersunloaded="0" classesunloaded="0" anonymousclassesunloaded="0" quiescems="0.000" setupms="0.002" scanms="0.000" postms="0.000" />
</gc-op>
<gc-op id="113" type="sweep" timems="0.406" contextid="108" timestamp="2019-09-21T18:42:54.655" />
<gc-op id="114" type="compact" timems="2.085" contextid="108" timestamp="2019-09-21T18:42:54.657">
  <compact-info movecount="7909" movebytes="192792" />
  <remembered-set-cleared processed="3484" cleared="586" durationms="0.077" />
</gc-op>
<heap-resize id="115" type="expand" space="default" amount="4194304" count="1" timems="0.084" reason="excessive time being spent in gc" timestamp="2019-09-21T18:42:54.658" />
<gc-end id="116" type="partial gc" contextid="108" durationms="6.271" usertimems="16.000" systemtimems="0.000" timestamp="2019-09-21T18:42:54.658" activeThreads="8">
  <mem-info id="117" free="14680064" total="27262976" percent="53">
    <mem type="eden" free="900904" total="1048576" percent="85" />
    <arraylet-primitive objects="2" leaves="2" largest="1" />
    <remembered-set count="4640" freebytes="1069696" totalbytes="1088256" percent="98" regionsoverflowed="0" regionsstable="1" regionsrebuilding="0"/>
  </mem-info>
</gc-end>
<cycle-end id="118" type="partial gc" contextid="108" timestamp="2019-09-21T18:42:54.658" />
  <attribute name="elasticGC enabled" value="1" />
  <attribute name= "numThreadsSpecified" value="8" />
  <attribute name="heapSize specified" value="0" />
  <attribute name="Current GC Util" value="47" />
  <attribute name= "Current Time Running" value="848" />
  <attribute name ="GC Interval" value="0" />
  <attribute name="Target GC Util Change" value ="40.000000" />
  <attribute name="Current GC Util Change" value="47.000000"/>
  <attribute name="Current Error" value="-154.000000" />
  <attribute name="Output H" value="23144176"/>
  <attribute name="Output I" value="1832"/>
  <attribute name="Output T" value="8"/>
  <attribute name= "Current Time Running" value="848" />
  <attribute name="GC Util currently" value="47" />
  <attribute name="CPU Util currently" value="3402248068321" />
<exclusive-end id="119" timestamp="2019-09-21T18:42:54.658" durationms="7.555" />

<exclusive-start id="120" timestamp="2019-09-21T18:42:54.672" intervalms="21.147">
  <response-info timems="0.050" idlems="0.050" threads="0" lastid="00000000027E9300" lastname="Thread-15" />
</exclusive-start>
<allocation-taxation id="121" taxation-threshold="13631488" timestamp="2019-09-21T18:42:54.672" intervalms="21.183" />
<cycle-start id="122" type="partial gc" contextid="0" timestamp="2019-09-21T18:42:54.672" intervalms="21.134" />
<gc-start id="123" type="partial gc" contextid="122" timestamp="2019-09-21T18:42:54.673">
  <mem-info id="124" free="1048576" total="27262976" percent="3">
    <mem type="eden" free="0" total="13631488" percent="0" />
    <arraylet-primitive objects="2" leaves="2" largest="1" />
    <remembered-set count="4640" freebytes="1069696" totalbytes="1088256" percent="98" regionsoverflowed="0" regionsstable="1" regionsrebuilding="0"/>
  </mem-info>
</gc-start>
<allocation-stats totalBytes="13629360" >
  <allocated-bytes non-tlh="0" tlh="13629360" arrayletleaf="0"/>
  <largest-consumer threadName="Thread-14" threadId="00000000027E5700" bytes="3104224" />
</allocation-stats>
<gc-op id="125" type="copy forward" timems="2.528" contextid="122" timestamp="2019-09-21T18:42:54.676">
  <memory-copied type="eden" objects="6617" bytes="160864" bytesdiscarded="4736" />
  <memory-copied type="other" objects="5533" bytes="133200" bytesdiscarded="3696" />
  <memory-cardclean objects="15760" bytes="781376" />
  <regions eden="13" other="1" />
  <remembered-set-cleared processed="2469" cleared="717" durationms="0.097" />
  <stringconstants candidates="4596" cleared="0"  />
  <heap-resize type="expand" space="default" amount="1048576" count="1" timems="0.095" reason="continue current collection" />
</gc-op>
<gc-op id="126" type="classunload" timems="0.002" contextid="122" timestamp="2019-09-21T18:42:54.676">
  <classunload-info classloadercandidates="8" classloadersunloaded="0" classesunloaded="0" anonymousclassesunloaded="0" quiescems="0.000" setupms="0.002" scanms="0.000" postms="0.000" />
</gc-op>
<heap-resize id="127" type="expand" space="default" amount="5242880" count="1" timems="0.085" reason="excessive time being spent in gc" timestamp="2019-09-21T18:42:54.676" />
<gc-end id="128" type="partial gc" contextid="122" durationms="3.778" usertimems="4.000" systemtimems="4.000" timestamp="2019-09-21T18:42:54.676" activeThreads="8">
  <mem-info id="129" free="19922944" total="33554432" percent="59">
    <mem type="eden" free="882976" total="1048576" percent="84" />
    <arraylet-primitive objects="2" leaves="2" largest="1" />
    <remembered-set count="7072" freebytes="1311104" totalbytes="1339392" percent="97" regionsoverflowed="0" regionsstable="1" regionsrebuilding="0"/>
  </mem-info>
</gc-end>
<cycle-end id="130" type="partial gc" contextid="122" timestamp="2019-09-21T18:42:54.677" />
  <attribute name="elasticGC enabled" value="1" />
  <attribute name= "numThreadsSpecified" value="8" />
  <attribute name="heapSize specified" value="0" />
  <attribute name="Current GC Util" value="85" />
  <attribute name= "Current Time Running" value="866" />
  <attribute name ="GC Interval" value="0" />
  <attribute name="Target GC Util Change" value ="40.000000" />
  <attribute name="Current GC Util Change" value="85.000000"/>
  <attribute name="Current Error" value="-193.000000" />
  <attribute name="Output H" value="27338440"/>
  <attribute name="Output I" value="1792"/>
  <attribute name="Output T" value="8"/>
  <attribute name= "Current Time Running" value="866" />
  <attribute name="GC Util currently" value="85" />
  <attribute name="CPU Util currently" value="8410420761194" />
<exclusive-end id="131" timestamp="2019-09-21T18:42:54.677" durationms="4.899" />

<exclusive-start id="132" timestamp="2019-09-21T18:42:54.692" intervalms="20.068">
  <response-info timems="0.058" idlems="0.058" threads="0" lastid="00000000027E9300" lastname="Thread-15" />
</exclusive-start>
<allocation-taxation id="133" taxation-threshold="14680064" timestamp="2019-09-21T18:42:54.692" intervalms="19.967" />
<cycle-start id="134" type="partial gc" contextid="0" timestamp="2019-09-21T18:42:54.692" intervalms="19.906" />
<gc-start id="135" type="partial gc" contextid="134" timestamp="2019-09-21T18:42:54.693">
  <mem-info id="136" free="5242880" total="33554432" percent="15">
    <mem type="eden" free="0" total="14680064" percent="0" />
    <arraylet-primitive objects="2" leaves="2" largest="1" />
    <remembered-set count="6784" freebytes="1312256" totalbytes="1339392" percent="97" regionsoverflowed="0" regionsstable="1" regionsrebuilding="0"/>
  </mem-info>
</gc-start>
<allocation-stats totalBytes="14677872" >
  <allocated-bytes non-tlh="0" tlh="14677872" arrayletleaf="0"/>
  <largest-consumer threadName="Thread-13" threadId="00000000027CEF00" bytes="3300824" />
</allocation-stats>
<gc-op id="137" type="copy forward" timems="2.719" contextid="134" timestamp="2019-09-21T18:42:54.696">
  <memory-copied type="eden" objects="7288" bytes="176944" bytesdiscarded="10848" />
  <memory-copied type="other" objects="8723" bytes="209744" bytesdiscarded="4816" />
  <memory-cardclean objects="21533" bytes="1096472" />
  <regions eden="14" other="2" />
  <remembered-set-cleared processed="3027" cleared="1284" durationms="0.089" />
  <stringconstants candidates="4596" cleared="0"  />
</gc-op>
<gc-op id="138" type="classunload" timems="0.003" contextid="134" timestamp="2019-09-21T18:42:54.696">
  <classunload-info classloadercandidates="8" classloadersunloaded="0" classesunloaded="0" anonymousclassesunloaded="0" quiescems="0.000" setupms="0.003" scanms="0.000" postms="0.000" />
</gc-op>
<heap-resize id="139" type="expand" space="default" amount="3145728" count="1" timems="0.079" reason="excessive time being spent in gc" timestamp="2019-09-21T18:42:54.697" />
<gc-end id="140" type="partial gc" contextid="134" durationms="4.139" usertimems="12.000" systemtimems="0.000" timestamp="2019-09-21T18:42:54.697" activeThreads="8">
  <mem-info id="141" free="22020096" total="36700160" percent="60">
    <mem type="eden" free="860784" total="1048576" percent="82" />
    <arraylet-primitive objects="2" leaves="2" largest="1" />
    <remembered-set count="7552" freebytes="1434752" totalbytes="1464960" percent="97" regionsoverflowed="0" regionsstable="1" regionsrebuilding="0"/>
  </mem-info>
</gc-end>
<cycle-end id="142" type="partial gc" contextid="134" timestamp="2019-09-21T18:42:54.697" />
  <attribute name="elasticGC enabled" value="1" />
  <attribute name= "numThreadsSpecified" value="8" />
  <attribute name="heapSize specified" value="0" />
  <attribute name="Current GC Util" value="82" />
  <attribute name= "Current Time Running" value="886" />
  <attribute name ="GC Interval" value="0" />
  <attribute name="Target GC Util Change" value ="40.000000" />
  <attribute name="Current GC Util Change" value="82.000000"/>
  <attribute name="Current Error" value="-32.000000" />
  <attribute name="Output H" value="33630080"/>
  <attribute name="Output I" value="1976"/>
  <attribute name="Output T" value="8"/>
  <attribute name= "Current Time Running" value="886" />
  <attribute name="GC Util currently" value="82" />
  <attribute name="CPU Util currently" value="8155290009668" />
<exclusive-end id="143" timestamp="2019-09-21T18:42:54.697" durationms="5.200" />

<exclusive-start id="144" timestamp="2019-09-21T18:42:54.712" intervalms="20.306">
  <response-info timems="0.112" idlems="0.112" threads="0" lastid="00000000027E5700" lastname="Thread-14" />
</exclusive-start>
<allocation-taxation id="145" taxation-threshold="15728640" timestamp="2019-09-21T18:42:54.712" intervalms="20.362" />
<cycle-start id="146" type="partial gc" contextid="0" timestamp="2019-09-21T18:42:54.713" intervalms="20.412" />
<gc-start id="147" type="partial gc" contextid="146" timestamp="2019-09-21T18:42:54.713">
  <mem-info id="148" free="6291456" total="36700160" percent="17">
    <mem type="eden" free="0" total="15728640" percent="0" />
    <arraylet-primitive objects="2" leaves="2" largest="1" />
    <remembered-set count="7392" freebytes="1435392" totalbytes="1464960" percent="97" regionsoverflowed="0" regionsstable="1" regionsrebuilding="0"/>
  </mem-info>
</gc-start>
<allocation-stats totalBytes="15726520" >
  <allocated-bytes non-tlh="0" tlh="15726520" arrayletleaf="0"/>
  <largest-consumer threadName="Thread-16" threadId="00000000027DDF00" bytes="2588272" />
</allocation-stats>
<gc-op id="149" type="copy forward" timems="3.271" contextid="146" timestamp="2019-09-21T18:42:54.717">
  <memory-copied type="eden" objects="7038" bytes="170448" bytesdiscarded="12192" />
  <memory-copied type="other" objects="23752" bytes="1215960" bytesdiscarded="108800" />
  <memory-cardclean objects="11836" bytes="609600" />
  <regions eden="15" other="2" />
  <remembered-set-cleared processed="4848" cleared="2040" durationms="0.088" />
  <stringconstants candidates="4596" cleared="0"  />
</gc-op>
<gc-op id="150" type="classunload" timems="0.004" contextid="146" timestamp="2019-09-21T18:42:54.717">
  <classunload-info classloadercandidates="8" classloadersunloaded="0" classesunloaded="0" anonymousclassesunloaded="0" quiescems="0.000" setupms="0.004" scanms="0.000" postms="0.000" />
</gc-op>
<heap-resize id="151" type="expand" space="default" amount="3145728" count="1" timems="0.077" reason="excessive time being spent in gc" timestamp="2019-09-21T18:42:54.717" />
<gc-end id="152" type="partial gc" contextid="146" durationms="4.568" usertimems="12.000" systemtimems="0.000" timestamp="2019-09-21T18:42:54.718" activeThreads="8">
  <mem-info id="153" free="24117248" total="39845888" percent="60">
    <mem type="eden" free="865936" total="1048576" percent="82" />
    <arraylet-primitive objects="2" leaves="2" largest="1" />
    <remembered-set count="11104" freebytes="1546112" totalbytes="1590528" percent="97" regionsoverflowed="0" regionsstable="1" regionsrebuilding="0"/>
  </mem-info>
</gc-end>
<cycle-end id="154" type="partial gc" contextid="146" timestamp="2019-09-21T18:42:54.718" />
  <attribute name="elasticGC enabled" value="1" />
  <attribute name= "numThreadsSpecified" value="8" />
  <attribute name="heapSize specified" value="0" />
  <attribute name="Current GC Util" value="87" />
  <attribute name= "Current Time Running" value="906" />
  <attribute name ="GC Interval" value="0" />
  <attribute name="Target GC Util Change" value ="40.000000" />
  <attribute name="Current GC Util Change" value="87.000000"/>
  <attribute name="Current Error" value="-74.000000" />
  <attribute name="Output H" value="36775760"/>
  <attribute name="Output I" value="1928"/>
  <attribute name="Output T" value="8"/>
  <attribute name= "Current Time Running" value="906" />
  <attribute name="GC Util currently" value="87" />
  <attribute name="CPU Util currently" value="8300759242955" />
<exclusive-end id="155" timestamp="2019-09-21T18:42:54.718" durationms="5.697" />

<exclusive-start id="156" timestamp="2019-09-21T18:42:54.741" intervalms="28.779">
  <response-info timems="0.080" idlems="0.080" threads="0" lastid="00000000027DA300" lastname="Thread-11" />
</exclusive-start>
<allocation-taxation id="157" taxation-threshold="16777216" timestamp="2019-09-21T18:42:54.741" intervalms="28.784" />
<cycle-start id="158" type="partial gc" contextid="0" timestamp="2019-09-21T18:42:54.741" intervalms="28.774" />
<gc-start id="159" type="partial gc" contextid="158" timestamp="2019-09-21T18:42:54.742">
  <mem-info id="160" free="7340032" total="39845888" percent="18">
    <mem type="eden" free="0" total="16777216" percent="0" />
    <arraylet-primitive objects="2" leaves="2" largest="1" />
    <remembered-set count="11040" freebytes="1546368" totalbytes="1590528" percent="97" regionsoverflowed="0" regionsstable="1" regionsrebuilding="0"/>
  </mem-info>
</gc-start>
<allocation-stats totalBytes="16775112" >
  <allocated-bytes non-tlh="256" tlh="16774856" arrayletleaf="0"/>
  <largest-consumer threadName="Thread-16" threadId="00000000027DDF00" bytes="4640104" />
</allocation-stats>
<gc-op id="161" type="copy forward" timems="3.316" contextid="158" timestamp="2019-09-21T18:42:54.746">
  <memory-copied type="eden" objects="9464" bytes="249504" bytesdiscarded="6912" />
  <memory-copied type="other" objects="16559" bytes="625528" bytesdiscarded="32560" />
  <memory-cardclean objects="21764" bytes="1122936" />
  <regions eden="16" other="2" />
  <remembered-set-cleared processed="5230" cleared="2047" durationms="0.085" />
  <references type="soft" candidates="17" cleared="0" enqueued="0" dynamicThreshold="19" maxThreshold="32" />
  <references type="weak" candidates="16" cleared="0" enqueued="0" />
  <references type="phantom" candidates="2" cleared="0" enqueued="0" />
  <stringconstants candidates="4597" cleared="0"  />
</gc-op>
<gc-op id="162" type="classunload" timems="0.003" contextid="158" timestamp="2019-09-21T18:42:54.746">
  <classunload-info classloadercandidates="8" classloadersunloaded="0" classesunloaded="0" anonymousclassesunloaded="0" quiescems="0.000" setupms="0.003" scanms="0.000" postms="0.000" />
</gc-op>
<heap-resize id="163" type="expand" space="default" amount="2097152" count="1" timems="0.064" reason="excessive time being spent in gc" timestamp="2019-09-21T18:42:54.746" />
<gc-end id="164" type="partial gc" contextid="158" durationms="4.527" usertimems="12.000" systemtimems="4.000" timestamp="2019-09-21T18:42:54.746" activeThreads="8">
  <mem-info id="165" free="25165824" total="41943040" percent="60">
    <mem type="eden" free="792160" total="1048576" percent="75" />
    <arraylet-primitive objects="2" leaves="2" largest="1" />
    <remembered-set count="12576" freebytes="1623936" totalbytes="1674240" percent="96" regionsoverflowed="0" regionsstable="1" regionsrebuilding="0"/>
  </mem-info>
</gc-end>
<cycle-end id="166" type="partial gc" contextid="158" timestamp="2019-09-21T18:42:54.746" />
  <attribute name="elasticGC enabled" value="1" />
  <attribute name= "numThreadsSpecified" value="8" />
  <attribute name="heapSize specified" value="0" />
  <attribute name="Current GC Util" value="82" />
  <attribute name= "Current Time Running" value="935" />
  <attribute name ="GC Interval" value="0" />
  <attribute name="Target GC Util Change" value ="40.000000" />
  <attribute name="Current GC Util Change" value="82.000000"/>
  <attribute name="Current Error" value="-105.000000" />
  <attribute name="Output H" value="39921448"/>
  <attribute name="Output I" value="1888"/>
  <attribute name="Output T" value="8"/>
  <attribute name= "Current Time Running" value="935" />
  <attribute name="GC Util currently" value="82" />
  <attribute name="CPU Util currently" value="8228923129511" />
<exclusive-end id="167" timestamp="2019-09-21T18:42:54.747" durationms="5.616" />

<exclusive-start id="168" timestamp="2019-09-21T18:42:54.767" intervalms="25.556">
  <response-info timems="0.081" idlems="0.051" threads="2" lastid="00000000027D6700" lastname="Thread-12" />
</exclusive-start>
<allocation-taxation id="169" taxation-threshold="16777216" timestamp="2019-09-21T18:42:54.767" intervalms="25.552" />
<cycle-start id="170" type="partial gc" contextid="0" timestamp="2019-09-21T18:42:54.767" intervalms="25.575" />
<gc-start id="171" type="partial gc" contextid="170" timestamp="2019-09-21T18:42:54.767">
  <mem-info id="172" free="8388608" total="41943040" percent="20">
    <mem type="eden" free="0" total="16777216" percent="0" />
    <arraylet-primitive objects="2" leaves="2" largest="1" />
    <remembered-set count="12192" freebytes="1625472" totalbytes="1674240" percent="97" regionsoverflowed="0" regionsstable="1" regionsrebuilding="0"/>
  </mem-info>
</gc-start>
<allocation-stats totalBytes="16774920" >
  <allocated-bytes non-tlh="0" tlh="16774920" arrayletleaf="0"/>
  <largest-consumer threadName="Thread-16" threadId="00000000027DDF00" bytes="4963768" />
</allocation-stats>
<gc-op id="173" type="copy forward" timems="3.535" contextid="170" timestamp="2019-09-21T18:42:54.772">
  <memory-copied type="eden" objects="26815" bytes="1312248" bytesdiscarded="77632" />
  <memory-copied type="other" objects="17379" bytes="783200" bytesdiscarded="45280" />
  <memory-cardclean objects="8732" bytes="519048" />
  <regions eden="16" other="2" />
  <remembered-set-cleared processed="7381" cleared="2045" durationms="0.090" />
  <stringconstants candidates="4597" cleared="0"  />
</gc-op>
<gc-op id="174" type="classunload" timems="0.004" contextid="170" timestamp="2019-09-21T18:42:54.772">
  <classunload-info classloadercandidates="8" classloadersunloaded="0" classesunloaded="0" anonymousclassesunloaded="0" quiescems="0.000" setupms="0.004" scanms="0.000" postms="0.000" />
</gc-op>
<heap-resize id="175" type="expand" space="default" amount="5242880" count="1" timems="0.091" reason="excessive time being spent in gc" timestamp="2019-09-21T18:42:54.772" />
<gc-end id="176" type="partial gc" contextid="170" durationms="4.966" usertimems="12.000" systemtimems="0.000" timestamp="2019-09-21T18:42:54.772" activeThreads="8">
  <mem-info id="177" free="28311552" total="47185920" percent="60">
    <mem type="eden" free="707272" total="2097152" percent="33" />
    <arraylet-primitive objects="2" leaves="2" largest="1" />
    <remembered-set count="13536" freebytes="1829376" totalbytes="1883520" percent="97" regionsoverflowed="0" regionsstable="1" regionsrebuilding="0"/>
  </mem-info>
</gc-end>
<cycle-end id="178" type="partial gc" contextid="170" timestamp="2019-09-21T18:42:54.772" />
  <attribute name="elasticGC enabled" value="1" />
  <attribute name= "numThreadsSpecified" value="8" />
  <attribute name="heapSize specified" value="0" />
  <attribute name="Current GC Util" value="83" />
  <attribute name= "Current Time Running" value="961" />
  <attribute name ="GC Interval" value="0" />
  <attribute name="Target GC Util Change" value ="40.000000" />
  <attribute name="Current GC Util Change" value="83.000000"/>
  <attribute name="Current Error" value="-34.000000" />
  <attribute name="Output H" value="42018688"/>
  <attribute name="Output I" value="1976"/>
  <attribute name="Output T" value="8"/>
  <attribute name= "Current Time Running" value="961" />
  <attribute name="GC Util currently" value="83" />
  <attribute name="CPU Util currently" value="8356077984301" />
<exclusive-end id="179" timestamp="2019-09-21T18:42:54.773" durationms="6.120" />

<exclusive-start id="180" timestamp="2019-09-21T18:42:54.785" intervalms="18.398">
  <response-info timems="0.048" idlems="0.048" threads="0" lastid="00000000027DA300" lastname="Thread-11" />
</exclusive-start>
<allocation-taxation id="181" taxation-threshold="18874368" timestamp="2019-09-21T18:42:54.785" intervalms="18.419" />
<cycle-start id="182" type="partial gc" contextid="0" timestamp="2019-09-21T18:42:54.785" intervalms="18.411" />
<gc-start id="183" type="partial gc" contextid="182" timestamp="2019-09-21T18:42:54.786">
  <mem-info id="184" free="9437184" total="47185920" percent="20">
    <mem type="eden" free="0" total="18874368" percent="0" />
    <arraylet-primitive objects="2" leaves="2" largest="1" />
    <remembered-set count="13408" freebytes="1829888" totalbytes="1883520" percent="97" regionsoverflowed="0" regionsstable="1" regionsrebuilding="0"/>
  </mem-info>
</gc-start>
<allocation-stats totalBytes="18871768" >
  <allocated-bytes non-tlh="0" tlh="18871768" arrayletleaf="0"/>
  <largest-consumer threadName="Thread-11" threadId="00000000027DA300" bytes="5348664" />
</allocation-stats>
<gc-op id="185" type="copy forward" timems="2.588" contextid="182" timestamp="2019-09-21T18:42:54.789">
  <memory-copied type="eden" objects="5415" bytes="151760" bytesdiscarded="24448" />
  <memory-copied type="other" objects="26565" bytes="1304888" bytesdiscarded="89712" />
  <memory-cardclean objects="3816" bytes="192904" />
  <regions eden="18" other="2" />
  <remembered-set-cleared processed="8469" cleared="724" durationms="0.097" />
  <stringconstants candidates="4597" cleared="0"  />
</gc-op>
<gc-op id="186" type="classunload" timems="0.003" contextid="182" timestamp="2019-09-21T18:42:54.789">
  <classunload-info classloadercandidates="8" classloadersunloaded="0" classesunloaded="0" anonymousclassesunloaded="0" quiescems="0.000" setupms="0.003" scanms="0.000" postms="0.000" />
</gc-op>
<heap-resize id="187" type="expand" space="default" amount="3145728" count="1" timems="0.067" reason="excessive time being spent in gc" timestamp="2019-09-21T18:42:54.790" />
<gc-end id="188" type="partial gc" contextid="182" durationms="4.032" usertimems="4.000" systemtimems="0.000" timestamp="2019-09-21T18:42:54.790" activeThreads="8">
  <mem-info id="189" free="30408704" total="50331648" percent="60">
    <mem type="eden" free="872368" total="1048576" percent="83" />
    <arraylet-primitive objects="2" leaves="2" largest="1" />
    <remembered-set count="12896" freebytes="1957504" totalbytes="2009088" percent="97" regionsoverflowed="0" regionsstable="1" regionsrebuilding="0"/>
  </mem-info>
</gc-end>
<cycle-end id="190" type="partial gc" contextid="182" timestamp="2019-09-21T18:42:54.790" />
  <attribute name="elasticGC enabled" value="1" />
  <attribute name= "numThreadsSpecified" value="8" />
  <attribute name="heapSize specified" value="0" />
  <attribute name="Current GC Util" value="81" />
  <attribute name= "Current Time Running" value="979" />
  <attribute name ="GC Interval" value="0" />
  <attribute name="Target GC Util Change" value ="40.000000" />
  <attribute name="Current GC Util Change" value="81.000000"/>
  <attribute name="Current Error" value="-83.000000" />
  <attribute name="Output H" value="47261512"/>
  <attribute name="Output I" value="1920"/>
  <attribute name="Output T" value="8"/>
  <attribute name= "Current Time Running" value="979" />
  <attribute name="GC Util currently" value="81" />
  <attribute name="CPU Util currently" value="8428928647142" />
<exclusive-end id="191" timestamp="2019-09-21T18:42:54.790" durationms="5.269" />

<exclusive-start id="192" timestamp="2019-09-21T18:42:54.801" intervalms="15.859">
  <response-info timems="0.060" idlems="0.060" threads="0" lastid="00000000027E5700" lastname="Thread-14" />
</exclusive-start>
<allocation-taxation id="193" taxation-threshold="18874368" timestamp="2019-09-21T18:42:54.801" intervalms="15.790" />
<cycle-start id="194" type="partial gc" contextid="0" timestamp="2019-09-21T18:42:54.801" intervalms="15.805" />
<gc-start id="195" type="partial gc" contextid="194" timestamp="2019-09-21T18:42:54.802">
  <mem-info id="196" free="11534336" total="50331648" percent="22">
    <mem type="eden" free="0" total="18874368" percent="0" />
    <arraylet-primitive objects="2" leaves="2" largest="1" />
    <remembered-set count="12544" freebytes="1958912" totalbytes="2009088" percent="97" regionsoverflowed="0" regionsstable="1" regionsrebuilding="0"/>
  </mem-info>
</gc-start>
<allocation-stats totalBytes="18871464" >
  <allocated-bytes non-tlh="0" tlh="18871464" arrayletleaf="0"/>
  <largest-consumer threadName="Thread-11" threadId="00000000027DA300" bytes="4775320" />
</allocation-stats>
<gc-op id="197" type="copy forward" timems="2.885" contextid="194" timestamp="2019-09-21T18:42:54.805">
  <memory-copied type="eden" objects="8333" bytes="339416" bytesdiscarded="12560" />
  <memory-copied type="other" objects="12390" bytes="431192" bytesdiscarded="9576" />
  <memory-cardclean objects="10374" bytes="588552" />
  <regions eden="18" other="2" />
  <remembered-set-cleared processed="8694" cleared="937" durationms="0.104" />
  <stringconstants candidates="4597" cleared="0"  />
</gc-op>
<gc-op id="198" type="classunload" timems="0.002" contextid="194" timestamp="2019-09-21T18:42:54.805">
  <classunload-info classloadercandidates="8" classloadersunloaded="0" classesunloaded="0" anonymousclassesunloaded="0" quiescems="0.000" setupms="0.002" scanms="0.000" postms="0.000" />
</gc-op>
<heap-resize id="199" type="expand" space="default" amount="2097152" count="1" timems="0.072" reason="excessive time being spent in gc" timestamp="2019-09-21T18:42:54.806" />
<gc-end id="200" type="partial gc" contextid="194" durationms="4.410" usertimems="8.000" systemtimems="0.000" timestamp="2019-09-21T18:42:54.806" activeThreads="8">
  <mem-info id="201" free="31457280" total="52428800" percent="60">
    <mem type="eden" free="696600" total="1048576" percent="66" />
    <arraylet-primitive objects="2" leaves="2" largest="1" />
    <remembered-set count="14496" freebytes="2034816" totalbytes="2092800" percent="97" regionsoverflowed="0" regionsstable="1" regionsrebuilding="0"/>
  </mem-info>
</gc-end>
<cycle-end id="202" type="partial gc" contextid="194" timestamp="2019-09-21T18:42:54.806" />
  <attribute name="elasticGC enabled" value="1" />
  <attribute name= "numThreadsSpecified" value="8" />
  <attribute name="heapSize specified" value="0" />
  <attribute name="Current GC Util" value="87" />
  <attribute name= "Current Time Running" value="995" />
  <attribute name ="GC Interval" value="0" />
  <attribute name="Target GC Util Change" value ="40.000000" />
  <attribute name="Current GC Util Change" value="87.000000"/>
  <attribute name="Current Error" value="-134.000000" />
  <attribute name="Output H" value="50407176"/>
  <attribute name="Output I" value="1856"/>
  <attribute name="Output T" value="8"/>
  <attribute name= "Current Time Running" value="995" />
  <attribute name="GC Util currently" value="87" />
  <attribute name="CPU Util currently" value="8312459470971" />
<exclusive-end id="203" timestamp="2019-09-21T18:42:54.806" durationms="5.513" />

<exclusive-start id="204" timestamp="2019-09-21T18:42:54.817" intervalms="15.906">
  <response-info timems="0.071" idlems="0.068" threads="1" lastid="00000000027E5700" lastname="Thread-14" />
</exclusive-start>
<allocation-taxation id="205" taxation-threshold="19922944" timestamp="2019-09-21T18:42:54.817" intervalms="15.924" />
<cycle-start id="206" type="partial gc" contextid="0" timestamp="2019-09-21T18:42:54.817" intervalms="15.931" />
<gc-start id="207" type="partial gc" contextid="206" timestamp="2019-09-21T18:42:54.817">
  <mem-info id="208" free="11534336" total="52428800" percent="22">
    <mem type="eden" free="0" total="19922944" percent="0" />
    <arraylet-primitive objects="2" leaves="2" largest="1" />
    <remembered-set count="14272" freebytes="2035712" totalbytes="2092800" percent="97" regionsoverflowed="0" regionsstable="1" regionsrebuilding="0"/>
  </mem-info>
</gc-start>
<allocation-stats totalBytes="19919888" >
  <allocated-bytes non-tlh="0" tlh="19919888" arrayletleaf="0"/>
  <largest-consumer threadName="Thread-11" threadId="00000000027DA300" bytes="4828544" />
</allocation-stats>
<gc-op id="209" type="copy forward" timems="2.536" contextid="206" timestamp="2019-09-21T18:42:54.821">
  <memory-copied type="eden" objects="2832" bytes="70488" bytesdiscarded="17648" />
  <memory-copied type="other" objects="27295" bytes="1346352" bytesdiscarded="124304" />
  <memory-cardclean objects="4058" bytes="200712" />
  <regions eden="19" other="2" />
  <remembered-set-cleared processed="9925" cleared="1352" durationms="0.117" />
  <stringconstants candidates="4597" cleared="0"  />
</gc-op>
<gc-op id="210" type="classunload" timems="0.002" contextid="206" timestamp="2019-09-21T18:42:54.821">
  <classunload-info classloadercandidates="8" classloadersunloaded="0" classesunloaded="0" anonymousclassesunloaded="0" quiescems="0.000" setupms="0.002" scanms="0.000" postms="0.000" />
</gc-op>
<heap-resize id="211" type="expand" space="default" amount="3145728" count="1" timems="0.079" reason="excessive time being spent in gc" timestamp="2019-09-21T18:42:54.821" />
<gc-end id="212" type="partial gc" contextid="206" durationms="3.845" usertimems="8.000" systemtimems="0.000" timestamp="2019-09-21T18:42:54.821" activeThreads="8">
  <mem-info id="213" free="33554432" total="55574528" percent="60">
    <mem type="eden" free="960440" total="1048576" percent="91" />
    <arraylet-primitive objects="2" leaves="2" largest="1" />
    <remembered-set count="15456" freebytes="2156544" totalbytes="2218368" percent="97" regionsoverflowed="0" regionsstable="1" regionsrebuilding="0"/>
  </mem-info>
</gc-end>
<cycle-end id="214" type="partial gc" contextid="206" timestamp="2019-09-21T18:42:54.821" />
  <attribute name="elasticGC enabled" value="1" />
  <attribute name= "numThreadsSpecified" value="8" />
  <attribute name="heapSize specified" value="0" />
  <attribute name="Current GC Util" value="81" />
  <attribute name= "Current Time Running" value="1011" />
  <attribute name ="GC Interval" value="0" />
  <attribute name="Target GC Util Change" value ="40.000000" />
  <attribute name="Current GC Util Change" value="81.000000"/>
  <attribute name="Current Error" value="-42.000000" />
  <attribute name="Output H" value="52504432"/>
  <attribute name="Output I" value="1960"/>
  <attribute name="Output T" value="8"/>
  <attribute name= "Current Time Running" value="1011" />
  <attribute name="GC Util currently" value="81" />
  <attribute name="CPU Util currently" value="6990750138934" />
<exclusive-end id="215" timestamp="2019-09-21T18:42:54.822" durationms="4.852" />

<exclusive-start id="216" timestamp="2019-09-21T18:42:54.833" intervalms="16.204">
  <response-info timems="0.070" idlems="0.070" threads="0" lastid="00000000027DA300" lastname="Thread-11" />
</exclusive-start>
<allocation-taxation id="217" taxation-threshold="20971520" timestamp="2019-09-21T18:42:54.833" intervalms="16.210" />
<cycle-start id="218" type="partial gc" contextid="0" timestamp="2019-09-21T18:42:54.833" intervalms="16.206" />
<gc-start id="219" type="partial gc" contextid="218" timestamp="2019-09-21T18:42:54.834">
  <mem-info id="220" free="12582912" total="55574528" percent="22">
    <mem type="eden" free="0" total="20971520" percent="0" />
    <arraylet-primitive objects="2" leaves="2" largest="1" />
    <remembered-set count="15232" freebytes="2157440" totalbytes="2218368" percent="97" regionsoverflowed="0" regionsstable="1" regionsrebuilding="0"/>
  </mem-info>
</gc-start>
<allocation-stats totalBytes="20968568" >
  <allocated-bytes non-tlh="0" tlh="20968568" arrayletleaf="0"/>
  <largest-consumer threadName="Thread-11" threadId="00000000027DA300" bytes="5225904" />
</allocation-stats>
<gc-op id="221" type="copy forward" timems="2.613" contextid="218" timestamp="2019-09-21T18:42:54.837">
  <memory-copied type="eden" objects="9056" bytes="356240" bytesdiscarded="14664" />
  <memory-copied type="other" objects="9114" bytes="359520" bytesdiscarded="36624" />
  <memory-cardclean objects="8015" bytes="446632" />
  <regions eden="20" other="2" />
  <remembered-set-cleared processed="10651" cleared="1525" durationms="0.130" />
  <stringconstants candidates="4597" cleared="0"  />
</gc-op>
<gc-op id="222" type="classunload" timems="0.002" contextid="218" timestamp="2019-09-21T18:42:54.837">
  <classunload-info classloadercandidates="8" classloadersunloaded="0" classesunloaded="0" anonymousclassesunloaded="0" quiescems="0.000" setupms="0.002" scanms="0.000" postms="0.000" />
</gc-op>
<heap-resize id="223" type="expand" space="default" amount="2097152" count="1" timems="0.071" reason="excessive time being spent in gc" timestamp="2019-09-21T18:42:54.837" />
<gc-end id="224" type="partial gc" contextid="218" durationms="3.950" usertimems="8.000" systemtimems="0.000" timestamp="2019-09-21T18:42:54.838" activeThreads="8">
  <mem-info id="225" free="34603008" total="57671680" percent="60">
    <mem type="eden" free="677672" total="1048576" percent="64" />
    <arraylet-primitive objects="2" leaves="2" largest="1" />
    <remembered-set count="17152" freebytes="2233472" totalbytes="2302080" percent="97" regionsoverflowed="0" regionsstable="1" regionsrebuilding="0"/>
  </mem-info>
</gc-end>
<cycle-end id="226" type="partial gc" contextid="218" timestamp="2019-09-21T18:42:54.838" />
  <attribute name="elasticGC enabled" value="1" />
  <attribute name= "numThreadsSpecified" value="8" />
  <attribute name="heapSize specified" value="0" />
  <attribute name="Current GC Util" value="90" />
  <attribute name= "Current Time Running" value="1027" />
  <attribute name ="GC Interval" value="0" />
  <attribute name="Target GC Util Change" value ="40.000000" />
  <attribute name="Current GC Util Change" value="90.000000"/>
  <attribute name="Current Error" value="-96.000000" />
  <attribute name="Output H" value="55650104"/>
  <attribute name="Output I" value="1904"/>
  <attribute name="Output T" value="8"/>
  <attribute name= "Current Time Running" value="1027" />
  <attribute name="GC Util currently" value="90" />
  <attribute name="CPU Util currently" value="8527399769362" />
<exclusive-end id="227" timestamp="2019-09-21T18:42:54.838" durationms="4.967" />

<exclusive-start id="228" timestamp="2019-09-21T18:42:54.849" intervalms="15.686">
  <response-info timems="0.175" idlems="0.175" threads="0" lastid="00000000027D6700" lastname="Thread-12" />
</exclusive-start>
<allocation-taxation id="229" taxation-threshold="20971520" timestamp="2019-09-21T18:42:54.849" intervalms="15.660" />
<cycle-start id="230" type="partial gc" contextid="0" timestamp="2019-09-21T18:42:54.849" intervalms="15.580" />
<gc-start id="231" type="partial gc" contextid="230" timestamp="2019-09-21T18:42:54.849">
  <mem-info id="232" free="13631488" total="57671680" percent="23">
    <mem type="eden" free="0" total="20971520" percent="0" />
    <arraylet-primitive objects="2" leaves="2" largest="1" />
    <remembered-set count="16704" freebytes="2235264" totalbytes="2302080" percent="97" regionsoverflowed="0" regionsstable="1" regionsrebuilding="0"/>
  </mem-info>
</gc-start>
<allocation-stats totalBytes="20968712" >
  <allocated-bytes non-tlh="0" tlh="20968712" arrayletleaf="0"/>
  <largest-consumer threadName="Thread-14" threadId="00000000027E5700" bytes="5131648" />
</allocation-stats>
<gc-op id="233" type="copy forward" timems="2.133" contextid="230" timestamp="2019-09-21T18:42:54.852">
  <memory-copied type="eden" objects="3367" bytes="82272" bytesdiscarded="17920" />
  <memory-copied type="other" objects="8874" bytes="350816" bytesdiscarded="26328" />
  <memory-cardclean objects="10256" bytes="515320" />
  <regions eden="20" other="1" />
  <remembered-set-cleared processed="11526" cleared="1208" durationms="0.100" />
  <stringconstants candidates="4597" cleared="0"  />
</gc-op>
<gc-op id="234" type="classunload" timems="0.002" contextid="230" timestamp="2019-09-21T18:42:54.852">
  <classunload-info classloadercandidates="8" classloadersunloaded="0" classesunloaded="0" anonymousclassesunloaded="0" quiescems="0.000" setupms="0.001" scanms="0.000" postms="0.000" />
</gc-op>
<heap-resize id="235" type="expand" space="default" amount="3145728" count="1" timems="0.078" reason="excessive time being spent in gc" timestamp="2019-09-21T18:42:54.852" />
<gc-end id="236" type="partial gc" contextid="230" durationms="3.435" usertimems="0.000" systemtimems="4.000" timestamp="2019-09-21T18:42:54.853" activeThreads="8">
  <mem-info id="237" free="36700160" total="60817408" percent="60">
    <mem type="eden" free="948384" total="1048576" percent="90" />
    <arraylet-primitive objects="2" leaves="2" largest="1" />
    <remembered-set count="17664" freebytes="2356992" totalbytes="2427648" percent="97" regionsoverflowed="0" regionsstable="1" regionsrebuilding="0"/>
  </mem-info>
</gc-end>
<cycle-end id="238" type="partial gc" contextid="230" timestamp="2019-09-21T18:42:54.853" />
  <attribute name="elasticGC enabled" value="1" />
  <attribute name= "numThreadsSpecified" value="8" />
  <attribute name="heapSize specified" value="0" />
  <attribute name="Current GC Util" value="85" />
  <attribute name= "Current Time Running" value="1042" />
  <attribute name ="GC Interval" value="0" />
  <attribute name="Target GC Util Change" value ="40.000000" />
  <attribute name="Current GC Util Change" value="85.000000"/>
  <attribute name="Current Error" value="-146.000000" />
  <attribute name="Output H" value="57747192"/>
  <attribute name="Output I" value="1840"/>
  <attribute name="Output T" value="8"/>
  <attribute name= "Current Time Running" value="1042" />
  <attribute name="GC Util currently" value="85" />
  <attribute name="CPU Util currently" value="8769030994679" />
<exclusive-end id="239" timestamp="2019-09-21T18:42:54.853" durationms="4.242" />

<exclusive-start id="240" timestamp="2019-09-21T18:42:54.864" intervalms="15.335">
  <response-info timems="0.029" idlems="0.029" threads="0" lastid="00000000027CEF00" lastname="Thread-13" />
</exclusive-start>
<allocation-taxation id="241" taxation-threshold="22020096" timestamp="2019-09-21T18:42:54.864" intervalms="15.319" />
<cycle-start id="242" type="partial gc" contextid="0" timestamp="2019-09-21T18:42:54.864" intervalms="15.312" />
<gc-start id="243" type="partial gc" contextid="242" timestamp="2019-09-21T18:42:54.864">
  <mem-info id="244" free="14680064" total="60817408" percent="24">
    <mem type="eden" free="0" total="22020096" percent="0" />
    <arraylet-primitive objects="2" leaves="2" largest="1" />
    <remembered-set count="17408" freebytes="2358016" totalbytes="2427648" percent="97" regionsoverflowed="0" regionsstable="1" regionsrebuilding="0"/>
  </mem-info>
</gc-start>
<allocation-stats totalBytes="22017112" >
  <allocated-bytes non-tlh="0" tlh="22017112" arrayletleaf="0"/>
  <largest-consumer threadName="Thread-11" threadId="00000000027DA300" bytes="5193112" />
</allocation-stats>
<gc-op id="245" type="copy forward" timems="2.451" contextid="242" timestamp="2019-09-21T18:42:54.868">
  <memory-copied type="eden" objects="3656" bytes="89408" bytesdiscarded="3488" />
  <memory-copied type="other" objects="22990" bytes="1078664" bytesdiscarded="72704" />
  <memory-cardclean objects="8715" bytes="443256" />
  <regions eden="21" other="2" />
  <remembered-set-cleared processed="12031" cleared="2954" durationms="0.098" />
  <stringconstants candidates="4597" cleared="0"  />
</gc-op>
<gc-op id="246" type="classunload" timems="0.002" contextid="242" timestamp="2019-09-21T18:42:54.868">
  <classunload-info classloadercandidates="8" classloadersunloaded="0" classesunloaded="0" anonymousclassesunloaded="0" quiescems="0.000" setupms="0.002" scanms="0.000" postms="0.000" />
</gc-op>
<heap-resize id="247" type="expand" space="default" amount="2097152" count="1" timems="0.069" reason="excessive time being spent in gc" timestamp="2019-09-21T18:42:54.868" />
<gc-end id="248" type="partial gc" contextid="242" durationms="3.620" usertimems="4.000" systemtimems="4.000" timestamp="2019-09-21T18:42:54.868" activeThreads="8">
  <mem-info id="249" free="37748736" total="62914560" percent="60">
    <mem type="eden" free="955680" total="1048576" percent="91" />
    <arraylet-primitive objects="2" leaves="2" largest="1" />
    <remembered-set count="18688" freebytes="2436608" totalbytes="2511360" percent="97" regionsoverflowed="0" regionsstable="1" regionsrebuilding="0"/>
  </mem-info>
</gc-end>
<cycle-end id="250" type="partial gc" contextid="242" timestamp="2019-09-21T18:42:54.868" />
  <attribute name="elasticGC enabled" value="1" />
  <attribute name= "numThreadsSpecified" value="8" />
  <attribute name="heapSize specified" value="0" />
  <attribute name="Current GC Util" value="98" />
  <attribute name= "Current Time Running" value="1058" />
  <attribute name ="GC Interval" value="0" />
  <attribute name="Target GC Util Change" value ="40.000000" />
  <attribute name="Current GC Util Change" value="98.000000"/>
  <attribute name="Current Error" value="-56.000000" />
  <attribute name="Output H" value="60893024"/>
  <attribute name="Output I" value="1944"/>
  <attribute name="Output T" value="8"/>
  <attribute name= "Current Time Running" value="1058" />
  <attribute name="GC Util currently" value="98" />
  <attribute name="CPU Util currently" value="8818058774752" />
<exclusive-end id="251" timestamp="2019-09-21T18:42:54.868" durationms="4.354" />

<exclusive-start id="252" timestamp="2019-09-21T18:42:54.877" intervalms="12.880">
  <response-info timems="0.030" idlems="0.030" threads="0" lastid="00000000027DDF00" lastname="Thread-16" />
</exclusive-start>
<allocation-taxation id="253" taxation-threshold="22020096" timestamp="2019-09-21T18:42:54.877" intervalms="12.832" />
<cycle-start id="254" type="partial gc" contextid="0" timestamp="2019-09-21T18:42:54.877" intervalms="12.893" />
<gc-start id="255" type="partial gc" contextid="254" timestamp="2019-09-21T18:42:54.877">
  <mem-info id="256" free="15728640" total="62914560" percent="25">
    <mem type="eden" free="0" total="22020096" percent="0" />
    <arraylet-primitive objects="2" leaves="2" largest="1" />
    <remembered-set count="18464" freebytes="2437504" totalbytes="2511360" percent="97" regionsoverflowed="0" regionsstable="1" regionsrebuilding="0"/>
  </mem-info>
</gc-start>
<allocation-stats totalBytes="22016960" >
  <allocated-bytes non-tlh="0" tlh="22016960" arrayletleaf="0"/>
  <largest-consumer threadName="Thread-11" threadId="00000000027DA300" bytes="4066832" />
</allocation-stats>
<gc-op id="257" type="copy forward" timems="2.321" contextid="254" timestamp="2019-09-21T18:42:54.880">
  <memory-copied type="eden" objects="10181" bytes="384072" bytesdiscarded="24728" />
  <memory-copied type="other" objects="3386" bytes="81312" bytesdiscarded="2952" />
  <memory-cardclean objects="11926" bytes="639992" />
  <regions eden="21" other="1" />
  <remembered-set-cleared processed="13224" cleared="1143" durationms="0.110" />
  <stringconstants candidates="4597" cleared="0"  />
</gc-op>
<gc-op id="258" type="classunload" timems="0.001" contextid="254" timestamp="2019-09-21T18:42:54.881">
  <classunload-info classloadercandidates="8" classloadersunloaded="0" classesunloaded="0" anonymousclassesunloaded="0" quiescems="0.000" setupms="0.001" scanms="0.000" postms="0.000" />
</gc-op>
<heap-resize id="259" type="expand" space="default" amount="3145728" count="1" timems="0.077" reason="excessive time being spent in gc" timestamp="2019-09-21T18:42:54.881" />
<gc-end id="260" type="partial gc" contextid="254" durationms="3.670" usertimems="8.000" systemtimems="0.000" timestamp="2019-09-21T18:42:54.881" activeThreads="8">
  <mem-info id="261" free="39845888" total="66060288" percent="60">
    <mem type="eden" free="639776" total="1048576" percent="61" />
    <arraylet-primitive objects="2" leaves="2" largest="1" />
    <remembered-set count="18720" freebytes="2562048" totalbytes="2636928" percent="97" regionsoverflowed="0" regionsstable="1" regionsrebuilding="0"/>
  </mem-info>
</gc-end>
<cycle-end id="262" type="partial gc" contextid="254" timestamp="2019-09-21T18:42:54.881" />
  <attribute name="elasticGC enabled" value="1" />
  <attribute name= "numThreadsSpecified" value="8" />
  <attribute name="heapSize specified" value="0" />
  <attribute name="Current GC Util" value="97" />
  <attribute name= "Current Time Running" value="1071" />
  <attribute name ="GC Interval" value="0" />
  <attribute name="Target GC Util Change" value ="40.000000" />
  <attribute name="Current GC Util Change" value="97.000000"/>
  <attribute name="Current Error" value="-129.000000" />
  <attribute name="Output H" value="62990096"/>
  <attribute name="Output I" value="1864"/>
  <attribute name="Output T" value="8"/>
  <attribute name= "Current Time Running" value="1071" />
  <attribute name="GC Util currently" value="97" />
  <attribute name="CPU Util currently" value="8358137621336" />
<exclusive-end id="263" timestamp="2019-09-21T18:42:54.881" durationms="4.602" />

<exclusive-start id="264" timestamp="2019-09-21T18:42:54.892" intervalms="15.238">
  <response-info timems="0.038" idlems="0.038" threads="0" lastid="00000000027D6700" lastname="Thread-12" />
</exclusive-start>
<allocation-taxation id="265" taxation-threshold="23068672" timestamp="2019-09-21T18:42:54.892" intervalms="15.330" />
<cycle-start id="266" type="partial gc" contextid="0" timestamp="2019-09-21T18:42:54.892" intervalms="15.339" />
<gc-start id="267" type="partial gc" contextid="266" timestamp="2019-09-21T18:42:54.893">
  <mem-info id="268" free="16777216" total="66060288" percent="25">
    <mem type="eden" free="0" total="23068672" percent="0" />
    <arraylet-primitive objects="2" leaves="2" largest="1" />
    <remembered-set count="18656" freebytes="2562304" totalbytes="2636928" percent="97" regionsoverflowed="0" regionsstable="1" regionsrebuilding="0"/>
  </mem-info>
</gc-start>
<allocation-stats totalBytes="23065560" >
  <allocated-bytes non-tlh="0" tlh="23065560" arrayletleaf="0"/>
  <largest-consumer threadName="Thread-13" threadId="00000000027CEF00" bytes="4435344" />
</allocation-stats>
<gc-op id="269" type="copy forward" timems="3.210" contextid="266" timestamp="2019-09-21T18:42:54.896">
  <memory-copied type="eden" objects="7612" bytes="183880" bytesdiscarded="14168" />
  <memory-copied type="other" objects="9765" bytes="371736" bytesdiscarded="25048" />
  <memory-cardclean objects="13385" bytes="679112" />
  <regions eden="22" other="1" />
  <remembered-set-cleared processed="14134" cleared="1390" durationms="0.106" />
  <stringconstants candidates="4597" cleared="0"  />
</gc-op>
<gc-op id="270" type="classunload" timems="0.002" contextid="266" timestamp="2019-09-21T18:42:54.897">
  <classunload-info classloadercandidates="8" classloadersunloaded="0" classesunloaded="0" anonymousclassesunloaded="0" quiescems="0.000" setupms="0.002" scanms="0.000" postms="0.000" />
</gc-op>
<heap-resize id="271" type="expand" space="default" amount="5242880" count="1" timems="0.086" reason="excessive time being spent in gc" timestamp="2019-09-21T18:42:54.897" />
<gc-end id="272" type="partial gc" contextid="266" durationms="4.298" usertimems="4.000" systemtimems="4.000" timestamp="2019-09-21T18:42:54.897" activeThreads="8">
  <mem-info id="273" free="42991616" total="71303168" percent="60">
    <mem type="eden" free="1899104" total="2097152" percent="90" />
    <arraylet-primitive objects="2" leaves="2" largest="1" />
    <remembered-set count="21504" freebytes="2760192" totalbytes="2846208" percent="96" regionsoverflowed="0" regionsstable="1" regionsrebuilding="0"/>
  </mem-info>
</gc-end>
<cycle-end id="274" type="partial gc" contextid="266" timestamp="2019-09-21T18:42:54.897" />
  <attribute name="elasticGC enabled" value="1" />
  <attribute name= "numThreadsSpecified" value="8" />
  <attribute name="heapSize specified" value="0" />
  <attribute name="Current GC Util" value="87" />
  <attribute name= "Current Time Running" value="1086" />
  <attribute name ="GC Interval" value="0" />
  <attribute name="Target GC Util Change" value ="40.000000" />
  <attribute name="Current GC Util Change" value="87.000000"/>
  <attribute name="Current Error" value="-176.000000" />
  <attribute name="Output H" value="66135768"/>
  <attribute name="Output I" value="1808"/>
  <attribute name="Output T" value="8"/>
  <attribute name= "Current Time Running" value="1086" />
  <attribute name="GC Util currently" value="87" />
  <attribute name="CPU Util currently" value="8662037358599" />
<exclusive-end id="275" timestamp="2019-09-21T18:42:54.897" durationms="5.257" />

<exclusive-start id="276" timestamp="2019-09-21T18:42:54.908" intervalms="15.525">
  <response-info timems="0.036" idlems="0.036" threads="0" lastid="00000000027DA300" lastname="Thread-11" />
</exclusive-start>
<allocation-taxation id="277" taxation-threshold="24117248" timestamp="2019-09-21T18:42:54.908" intervalms="15.421" />
<cycle-start id="278" type="partial gc" contextid="0" timestamp="2019-09-21T18:42:54.908" intervalms="15.383" />
<gc-start id="279" type="partial gc" contextid="278" timestamp="2019-09-21T18:42:54.908">
  <mem-info id="280" free="18874368" total="71303168" percent="26">
    <mem type="eden" free="0" total="24117248" percent="0" />
    <arraylet-primitive objects="2" leaves="2" largest="1" />
    <remembered-set count="21504" freebytes="2760192" totalbytes="2846208" percent="96" regionsoverflowed="0" regionsstable="1" regionsrebuilding="0"/>
  </mem-info>
</gc-start>
<allocation-stats totalBytes="24114008" >
  <allocated-bytes non-tlh="0" tlh="24114008" arrayletleaf="0"/>
  <largest-consumer threadName="Thread-11" threadId="00000000027DA300" bytes="4988392" />
</allocation-stats>
<gc-op id="281" type="copy forward" timems="2.462" contextid="278" timestamp="2019-09-21T18:42:54.911">
  <memory-copied type="eden" objects="17520" bytes="696584" bytesdiscarded="29888" />
  <memory-copied type="other" objects="7423" bytes="178152" bytesdiscarded="4808" />
  <memory-cardclean objects="15567" bytes="798336" />
  <regions eden="23" other="2" />
  <remembered-set-cleared processed="15133" cleared="1547" durationms="0.133" />
  <stringconstants candidates="4597" cleared="0"  />
</gc-op>
<gc-op id="282" type="classunload" timems="0.002" contextid="278" timestamp="2019-09-21T18:42:54.911">
  <classunload-info classloadercandidates="8" classloadersunloaded="0" classesunloaded="0" anonymousclassesunloaded="0" quiescems="0.000" setupms="0.001" scanms="0.000" postms="0.000" />
</gc-op>
<gc-end id="283" type="partial gc" contextid="278" durationms="3.444" usertimems="8.000" systemtimems="0.000" timestamp="2019-09-21T18:42:54.911" activeThreads="8">
  <mem-info id="284" free="42991616" total="71303168" percent="60">
    <mem type="eden" free="322104" total="1048576" percent="30" />
    <arraylet-primitive objects="2" leaves="2" largest="1" />
    <remembered-set count="20800" freebytes="2763008" totalbytes="2846208" percent="97" regionsoverflowed="0" regionsstable="1" regionsrebuilding="0"/>
  </mem-info>
</gc-end>
<cycle-end id="285" type="partial gc" contextid="278" timestamp="2019-09-21T18:42:54.912" />
  <attribute name="elasticGC enabled" value="1" />
  <attribute name= "numThreadsSpecified" value="8" />
  <attribute name="heapSize specified" value="0" />
  <attribute name="Current GC Util" value="91" />
  <attribute name= "Current Time Running" value="1101" />
  <attribute name ="GC Interval" value="0" />
  <attribute name="Target GC Util Change" value ="40.000000" />
  <attribute name="Current GC Util Change" value="91.000000"/>
  <attribute name="Current Error" value="-61.000000" />
  <attribute name="Output H" value="71378784"/>
  <attribute name="Output I" value="1944"/>
  <attribute name="Output T" value="8"/>
  <attribute name= "Current Time Running" value="1101" />
  <attribute name="GC Util currently" value="91" />
  <attribute name="CPU Util currently" value="9125437828412" />
<exclusive-end id="286" timestamp="2019-09-21T18:42:54.912" durationms="4.229" />

<exclusive-start id="287" timestamp="2019-09-21T18:42:54.923" intervalms="15.013">
  <response-info timems="0.037" idlems="0.037" threads="0" lastid="00000000027CEF00" lastname="Thread-13" />
</exclusive-start>
<allocation-taxation id="288" taxation-threshold="24117248" timestamp="2019-09-21T18:42:54.923" intervalms="15.106" />
<cycle-start id="289" type="partial gc" contextid="0" timestamp="2019-09-21T18:42:54.923" intervalms="15.132" />
<gc-start id="290" type="partial gc" contextid="289" timestamp="2019-09-21T18:42:54.923">
  <mem-info id="291" free="18874368" total="71303168" percent="26">
    <mem type="eden" free="0" total="24117248" percent="0" />
    <arraylet-primitive objects="2" leaves="2" largest="1" />
    <remembered-set count="20800" freebytes="2763008" totalbytes="2846208" percent="97" regionsoverflowed="0" regionsstable="1" regionsrebuilding="0"/>
  </mem-info>
</gc-start>
<allocation-stats totalBytes="24113976" >
  <allocated-bytes non-tlh="0" tlh="24113976" arrayletleaf="0"/>
  <largest-consumer threadName="Thread-11" threadId="00000000027DA300" bytes="5356880" />
</allocation-stats>
<gc-op id="292" type="copy forward" timems="2.197" contextid="289" timestamp="2019-09-21T18:42:54.926">
  <memory-copied type="eden" objects="24038" bytes="989888" bytesdiscarded="64736" />
  <memory-copied type="other" objects="10298" bytes="384528" bytesdiscarded="20160" />
  <memory-cardclean objects="11151" bytes="575360" />
  <regions eden="23" other="1" />
  <remembered-set-cleared processed="16496" cleared="1112" durationms="0.116" />
  <stringconstants candidates="4597" cleared="0"  />
</gc-op>
<gc-op id="293" type="classunload" timems="0.002" contextid="289" timestamp="2019-09-21T18:42:54.926">
  <classunload-info classloadercandidates="8" classloadersunloaded="0" classesunloaded="0" anonymousclassesunloaded="0" quiescems="0.000" setupms="0.002" scanms="0.000" postms="0.000" />
</gc-op>
<heap-resize id="294" type="expand" space="default" amount="5242880" count="1" timems="0.092" reason="excessive time being spent in gc" timestamp="2019-09-21T18:42:54.926" />
<gc-end id="295" type="partial gc" contextid="289" durationms="3.299" usertimems="8.000" systemtimems="0.000" timestamp="2019-09-21T18:42:54.926" activeThreads="8">
  <mem-info id="296" free="46137344" total="76546048" percent="60">
    <mem type="eden" free="1042528" total="2097152" percent="49" />
    <arraylet-primitive objects="2" leaves="2" largest="1" />
    <remembered-set count="23264" freebytes="2962432" totalbytes="3055488" percent="96" regionsoverflowed="0" regionsstable="1" regionsrebuilding="0"/>
  </mem-info>
</gc-end>
<cycle-end id="297" type="partial gc" contextid="289" timestamp="2019-09-21T18:42:54.927" />
  <attribute name="elasticGC enabled" value="1" />
  <attribute name= "numThreadsSpecified" value="8" />
  <attribute name="heapSize specified" value="0" />
  <attribute name="Current GC Util" value="102" />
  <attribute name= "Current Time Running" value="1116" />
  <attribute name ="GC Interval" value="0" />
  <attribute name="Target GC Util Change" value ="40.000000" />
  <attribute name="Current GC Util Change" value="102.000000"/>
  <attribute name="Current Error" value="-130.000000" />
  <attribute name="Output H" value="71378704"/>
  <attribute name="Output I" value="1864"/>
  <attribute name="Output T" value="8"/>
  <attribute name= "Current Time Running" value="1116" />
  <attribute name="GC Util currently" value="102" />
  <attribute name="CPU Util currently" value="10590669869674" />
<exclusive-end id="298" timestamp="2019-09-21T18:42:54.927" durationms="4.168" />

<exclusive-start id="299" timestamp="2019-09-21T18:42:54.937" intervalms="14.741">
  <response-info timems="0.034" idlems="0.032" threads="1" lastid="00000000027CEF00" lastname="Thread-13" />
</exclusive-start>
<allocation-taxation id="300" taxation-threshold="26214400" timestamp="2019-09-21T18:42:54.938" intervalms="14.730" />
<cycle-start id="301" type="partial gc" contextid="0" timestamp="2019-09-21T18:42:54.938" intervalms="14.699" />
<gc-start id="302" type="partial gc" contextid="301" timestamp="2019-09-21T18:42:54.938">
  <mem-info id="303" free="19922944" total="76546048" percent="26">
    <mem type="eden" free="0" total="26214400" percent="0" />
    <arraylet-primitive objects="2" leaves="2" largest="1" />
    <remembered-set count="22880" freebytes="2963968" totalbytes="3055488" percent="97" regionsoverflowed="0" regionsstable="1" regionsrebuilding="0"/>
  </mem-info>
</gc-start>
<allocation-stats totalBytes="26211032" >
  <allocated-bytes non-tlh="0" tlh="26211032" arrayletleaf="0"/>
  <largest-consumer threadName="Thread-11" threadId="00000000027DA300" bytes="5569960" />
</allocation-stats>
<gc-op id="304" type="copy forward" timems="2.521" contextid="301" timestamp="2019-09-21T18:42:54.941">
  <memory-copied type="eden" objects="21651" bytes="795720" bytesdiscarded="59008" />
  <memory-copied type="other" objects="23961" bytes="987192" bytesdiscarded="81408" />
  <memory-cardclean objects="10452" bytes="538928" />
  <regions eden="25" other="2" />
  <remembered-set-cleared processed="17377" cleared="951" durationms="0.105" />
  <stringconstants candidates="4597" cleared="0"  />
</gc-op>
<gc-op id="305" type="classunload" timems="0.002" contextid="301" timestamp="2019-09-21T18:42:54.941">
  <classunload-info classloadercandidates="8" classloadersunloaded="0" classesunloaded="0" anonymousclassesunloaded="0" quiescems="0.000" setupms="0.002" scanms="0.000" postms="0.000" />
</gc-op>
<heap-resize id="306" type="expand" space="default" amount="5242880" count="1" timems="0.079" reason="excessive time being spent in gc" timestamp="2019-09-21T18:42:54.941" />
<gc-end id="307" type="partial gc" contextid="301" durationms="3.749" usertimems="12.000" systemtimems="0.000" timestamp="2019-09-21T18:42:54.942" activeThreads="8">
  <mem-info id="308" free="49283072" total="81788928" percent="60">
    <mem type="eden" free="1242424" total="2097152" percent="59" />
    <arraylet-primitive objects="2" leaves="2" largest="1" />
    <remembered-set count="24928" freebytes="3165056" totalbytes="3264768" percent="96" regionsoverflowed="0" regionsstable="1" regionsrebuilding="0"/>
  </mem-info>
</gc-end>
<cycle-end id="309" type="partial gc" contextid="301" timestamp="2019-09-21T18:42:54.942" />
  <attribute name="elasticGC enabled" value="1" />
  <attribute name= "numThreadsSpecified" value="8" />
  <attribute name="heapSize specified" value="0" />
  <attribute name="Current GC Util" value="97" />
  <attribute name= "Current Time Running" value="1131" />
  <attribute name ="GC Interval" value="0" />
  <attribute name="Target GC Util Change" value ="40.000000" />
  <attribute name="Current GC Util Change" value="97.000000"/>
  <attribute name="Current Error" value="-194.000000" />
  <attribute name="Output H" value="76621504"/>
  <attribute name="Output I" value="1784"/>
  <attribute name="Output T" value="8"/>
  <attribute name= "Current Time Running" value="1131" />
  <attribute name="GC Util currently" value="97" />
  <attribute name="CPU Util currently" value="10479104019305" />
<exclusive-end id="310" timestamp="2019-09-21T18:42:54.942" durationms="4.532" />

<exclusive-start id="311" timestamp="2019-09-21T18:42:54.954" intervalms="16.442">
  <response-info timems="0.050" idlems="0.050" threads="0" lastid="00000000027E5700" lastname="Thread-14" />
</exclusive-start>
<allocation-taxation id="312" taxation-threshold="27262976" timestamp="2019-09-21T18:42:54.954" intervalms="16.474" />
<cycle-start id="313" type="partial gc" contextid="0" timestamp="2019-09-21T18:42:54.954" intervalms="16.503" />
<gc-start id="314" type="partial gc" contextid="313" timestamp="2019-09-21T18:42:54.954">
  <mem-info id="315" free="22020096" total="81788928" percent="26">
    <mem type="eden" free="0" total="27262976" percent="0" />
    <arraylet-primitive objects="2" leaves="2" largest="1" />
    <remembered-set count="24928" freebytes="3165056" totalbytes="3264768" percent="96" regionsoverflowed="0" regionsstable="1" regionsrebuilding="0"/>
  </mem-info>
</gc-start>
<allocation-stats totalBytes="27258920" >
  <allocated-bytes non-tlh="0" tlh="27258920" arrayletleaf="0"/>
  <largest-consumer threadName="Thread-11" threadId="00000000027DA300" bytes="6020416" />
</allocation-stats>
<gc-op id="316" type="copy forward" timems="2.717" contextid="313" timestamp="2019-09-21T18:42:54.958">
  <memory-copied type="eden" objects="22089" bytes="943776" bytesdiscarded="58360" />
  <memory-copied type="other" objects="30229" bytes="1137760" bytesdiscarded="85424" />
  <memory-cardclean objects="11078" bytes="554216" />
  <regions eden="26" other="3" />
  <remembered-set-cleared processed="17929" cleared="1350" durationms="0.111" />
  <stringconstants candidates="4597" cleared="0"  />
</gc-op>
<gc-op id="317" type="classunload" timems="0.002" contextid="313" timestamp="2019-09-21T18:42:54.958">
  <classunload-info classloadercandidates="8" classloadersunloaded="0" classesunloaded="0" anonymousclassesunloaded="0" quiescems="0.000" setupms="0.002" scanms="0.000" postms="0.000" />
</gc-op>
<gc-end id="318" type="partial gc" contextid="313" durationms="3.665" usertimems="8.000" systemtimems="0.000" timestamp="2019-09-21T18:42:54.958" activeThreads="8">
  <mem-info id="319" free="50331648" total="81788928" percent="61">
    <mem type="eden" free="46440" total="1048576" percent="4" />
    <arraylet-primitive objects="2" leaves="2" largest="1" />
    <remembered-set count="25632" freebytes="3162240" totalbytes="3264768" percent="96" regionsoverflowed="0" regionsstable="1" regionsrebuilding="0"/>
  </mem-info>
</gc-end>
<cycle-end id="320" type="partial gc" contextid="313" timestamp="2019-09-21T18:42:54.958" />
  <attribute name="elasticGC enabled" value="1" />
  <attribute name= "numThreadsSpecified" value="8" />
  <attribute name="heapSize specified" value="0" />
  <attribute name="Current GC Util" value="99" />
  <attribute name= "Current Time Running" value="1147" />
  <attribute name ="GC Interval" value="0" />
  <attribute name="Target GC Util Change" value ="40.000000" />
  <attribute name="Current GC Util Change" value="99.000000"/>
  <attribute name="Current Error" value="-69.000000" />
  <attribute name="Output H" value="81864536"/>
  <attribute name="Output I" value="1936"/>
  <attribute name="Output T" value="8"/>
  <attribute name= "Current Time Running" value="1147" />
  <attribute name="GC Util currently" value="99" />
  <attribute name="CPU Util currently" value="9385248797299" />
<exclusive-end id="321" timestamp="2019-09-21T18:42:54.958" durationms="4.595" />

<exclusive-start id="322" timestamp="2019-09-21T18:42:54.970" intervalms="16.256">
  <response-info timems="0.060" idlems="0.060" threads="0" lastid="00000000027D2B00" lastname="Thread-18" />
</exclusive-start>
<allocation-taxation id="323" taxation-threshold="27262976" timestamp="2019-09-21T18:42:54.970" intervalms="16.218" />
<cycle-start id="324" type="partial gc" contextid="0" timestamp="2019-09-21T18:42:54.970" intervalms="16.188" />
<gc-start id="325" type="partial gc" contextid="324" timestamp="2019-09-21T18:42:54.971">
  <mem-info id="326" free="23068672" total="81788928" percent="28">
    <mem type="eden" free="0" total="27262976" percent="0" />
    <arraylet-primitive objects="2" leaves="2" largest="1" />
    <remembered-set count="25312" freebytes="3163520" totalbytes="3264768" percent="96" regionsoverflowed="0" regionsstable="1" regionsrebuilding="0"/>
  </mem-info>
</gc-start>
<allocation-stats totalBytes="27259176" >
  <allocated-bytes non-tlh="0" tlh="27259176" arrayletleaf="0"/>
  <largest-consumer threadName="Thread-18" threadId="00000000027D2B00" bytes="5561624" />
</allocation-stats>
<gc-op id="327" type="copy forward" timems="3.275" contextid="324" timestamp="2019-09-21T18:42:54.974">
  <memory-copied type="eden" objects="25691" bytes="1031032" bytesdiscarded="82536" />
  <memory-copied type="other" objects="34089" bytes="1367640" bytesdiscarded="112232" />
  <memory-cardclean objects="16761" bytes="865088" />
  <regions eden="26" other="2" />
  <remembered-set-cleared processed="18584" cleared="1141" durationms="0.114" />
  <stringconstants candidates="4597" cleared="0"  />
</gc-op>
<gc-op id="328" type="classunload" timems="0.002" contextid="324" timestamp="2019-09-21T18:42:54.974">
  <classunload-info classloadercandidates="8" classloadersunloaded="0" classesunloaded="0" anonymousclassesunloaded="0" quiescems="0.000" setupms="0.002" scanms="0.000" postms="0.000" />
</gc-op>
<heap-resize id="329" type="expand" space="default" amount="2097152" count="1" timems="0.067" reason="excessive time being spent in gc" timestamp="2019-09-21T18:42:54.975" />
<gc-end id="330" type="partial gc" contextid="324" durationms="4.304" usertimems="12.000" systemtimems="0.000" timestamp="2019-09-21T18:42:54.975" activeThreads="8">
  <mem-info id="331" free="50331648" total="83886080" percent="60">
    <mem type="eden" free="983584" total="2097152" percent="46" />
    <arraylet-primitive objects="2" leaves="2" largest="1" />
    <remembered-set count="27040" freebytes="3240320" totalbytes="3348480" percent="96" regionsoverflowed="0" regionsstable="1" regionsrebuilding="0"/>
  </mem-info>
</gc-end>
<cycle-end id="332" type="partial gc" contextid="324" timestamp="2019-09-21T18:42:54.975" />
  <attribute name="elasticGC enabled" value="1" />
  <attribute name= "numThreadsSpecified" value="8" />
  <attribute name="heapSize specified" value="0" />
  <attribute name="Current GC Util" value="96" />
  <attribute name= "Current Time Running" value="1164" />
  <attribute name ="GC Interval" value="0" />
  <attribute name="Target GC Util Change" value ="40.000000" />
  <attribute name="Current GC Util Change" value="96.000000"/>
  <attribute name="Current Error" value="-138.000000" />
  <attribute name="Output H" value="81864456"/>
  <attribute name="Output I" value="1856"/>
  <attribute name="Output T" value="8"/>
  <attribute name= "Current Time Running" value="1164" />
  <attribute name="GC Util currently" value="96" />
  <attribute name="CPU Util currently" value="9652604021225" />
<exclusive-end id="333" timestamp="2019-09-21T18:42:54.975" durationms="5.116" />

<exclusive-start id="334" timestamp="2019-09-21T18:42:54.987" intervalms="17.113">
  <response-info timems="0.086" idlems="0.086" threads="0" lastid="00000000027D6700" lastname="Thread-12" />
</exclusive-start>
<allocation-taxation id="335" taxation-threshold="27262976" timestamp="2019-09-21T18:42:54.987" intervalms="17.155" />
<cycle-start id="336" type="partial gc" contextid="0" timestamp="2019-09-21T18:42:54.988" intervalms="17.197" />
<gc-start id="337" type="partial gc" contextid="336" timestamp="2019-09-21T18:42:54.988">
  <mem-info id="338" free="23068672" total="83886080" percent="27">
    <mem type="eden" free="0" total="27262976" percent="0" />
    <arraylet-primitive objects="2" leaves="2" largest="1" />
    <remembered-set count="26784" freebytes="3241344" totalbytes="3348480" percent="96" regionsoverflowed="0" regionsstable="1" regionsrebuilding="0"/>
  </mem-info>
</gc-start>
<allocation-stats totalBytes="27259400" >
  <allocated-bytes non-tlh="0" tlh="27259400" arrayletleaf="0"/>
  <largest-consumer threadName="Thread-18" threadId="00000000027D2B00" bytes="5733576" />
</allocation-stats>
<gc-op id="339" type="copy forward" timems="2.971" contextid="336" timestamp="2019-09-21T18:42:54.991">
  <memory-copied type="eden" objects="14911" bytes="497184" bytesdiscarded="66832" />
  <memory-copied type="other" objects="47221" bytes="1957952" bytesdiscarded="169240" />
  <memory-cardclean objects="15457" bytes="783680" />
  <regions eden="26" other="3" />
  <remembered-set-cleared processed="19825" cleared="1248" durationms="0.118" />
  <stringconstants candidates="4597" cleared="0"  />
</gc-op>
<gc-op id="340" type="classunload" timems="0.003" contextid="336" timestamp="2019-09-21T18:42:54.991">
  <classunload-info classloadercandidates="8" classloadersunloaded="0" classesunloaded="0" anonymousclassesunloaded="0" quiescems="0.000" setupms="0.003" scanms="0.000" postms="0.000" />
</gc-op>
<heap-resize id="341" type="expand" space="default" amount="3145728" count="1" timems="0.068" reason="excessive time being spent in gc" timestamp="2019-09-21T18:42:54.992" />
<gc-end id="342" type="partial gc" contextid="336" durationms="4.080" usertimems="12.000" systemtimems="0.000" timestamp="2019-09-21T18:42:54.992" activeThreads="8">
  <mem-info id="343" free="52428800" total="87031808" percent="60">
    <mem type="eden" free="484560" total="1048576" percent="46" />
    <arraylet-primitive objects="2" leaves="2" largest="1" />
    <remembered-set count="29376" freebytes="3356544" totalbytes="3474048" percent="96" regionsoverflowed="0" regionsstable="1" regionsrebuilding="0"/>
  </mem-info>
</gc-end>
<cycle-end id="344" type="partial gc" contextid="336" timestamp="2019-09-21T18:42:54.992" />
  <attribute name="elasticGC enabled" value="1" />
  <attribute name= "numThreadsSpecified" value="8" />
  <attribute name="heapSize specified" value="0" />
  <attribute name="Current GC Util" value="114" />
  <attribute name= "Current Time Running" value="1181" />
  <attribute name ="GC Interval" value="0" />
  <attribute name="Target GC Util Change" value ="40.000000" />
  <attribute name="Current GC Util Change" value="114.000000"/>
  <attribute name="Current Error" value="-224.000000" />
  <attribute name="Output H" value="83961504"/>
  <attribute name="Output I" value="1752"/>
  <attribute name="Output T" value="8"/>
  <attribute name= "Current Time Running" value="1181" />
  <attribute name="GC Util currently" value="114" />
  <attribute name="CPU Util currently" value="10976859463243" />
<exclusive-end id="345" timestamp="2019-09-21T18:42:54.992" durationms="5.069" />

<exclusive-start id="346" timestamp="2019-09-21T18:42:55.005" intervalms="17.414">
  <response-info timems="0.045" idlems="0.045" threads="0" lastid="00000000027CEF00" lastname="Thread-13" />
</exclusive-start>
<allocation-taxation id="347" taxation-threshold="28311552" timestamp="2019-09-21T18:42:55.005" intervalms="17.429" />
<cycle-start id="348" type="partial gc" contextid="0" timestamp="2019-09-21T18:42:55.005" intervalms="17.430" />
<gc-start id="349" type="partial gc" contextid="348" timestamp="2019-09-21T18:42:55.005">
  <mem-info id="350" free="24117248" total="87031808" percent="27">
    <mem type="eden" free="0" total="28311552" percent="0" />
    <arraylet-primitive objects="2" leaves="2" largest="1" />
    <remembered-set count="28928" freebytes="3358336" totalbytes="3474048" percent="96" regionsoverflowed="0" regionsstable="1" regionsrebuilding="0"/>
  </mem-info>
</gc-start>
<allocation-stats totalBytes="28307736" >
  <allocated-bytes non-tlh="0" tlh="28307736" arrayletleaf="0"/>
  <largest-consumer threadName="Thread-18" threadId="00000000027D2B00" bytes="5410072" />
</allocation-stats>
<gc-op id="351" type="copy forward" timems="3.042" contextid="348" timestamp="2019-09-21T18:42:55.009">
  <memory-copied type="eden" objects="11348" bytes="411872" bytesdiscarded="16552" />
  <memory-copied type="other" objects="29083" bytes="1110272" bytesdiscarded="103440" />
  <memory-cardclean objects="13332" bytes="719008" />
  <regions eden="27" other="2" />
  <remembered-set-cleared processed="21416" cleared="1047" durationms="0.190" />
  <stringconstants candidates="4597" cleared="0"  />
</gc-op>
<gc-op id="352" type="classunload" timems="0.003" contextid="348" timestamp="2019-09-21T18:42:55.009">
  <classunload-info classloadercandidates="8" classloadersunloaded="0" classesunloaded="0" anonymousclassesunloaded="0" quiescems="0.000" setupms="0.002" scanms="0.000" postms="0.000" />
</gc-op>
<heap-resize id="353" type="expand" space="default" amount="5242880" count="1" timems="0.089" reason="excessive time being spent in gc" timestamp="2019-09-21T18:42:55.009" />
<gc-end id="354" type="partial gc" contextid="348" durationms="4.210" usertimems="8.000" systemtimems="0.000" timestamp="2019-09-21T18:42:55.009" activeThreads="8">
  <mem-info id="355" free="55574528" total="92274688" percent="60">
    <mem type="eden" free="2717304" total="3145728" percent="86" />
    <arraylet-primitive objects="2" leaves="2" largest="1" />
    <remembered-set count="29664" freebytes="3564672" totalbytes="3683328" percent="96" regionsoverflowed="0" regionsstable="1" regionsrebuilding="0"/>
  </mem-info>
</gc-end>
<cycle-end id="356" type="partial gc" contextid="348" timestamp="2019-09-21T18:42:55.010" />
  <attribute name="elasticGC enabled" value="1" />
  <attribute name= "numThreadsSpecified" value="8" />
  <attribute name="heapSize specified" value="0" />
  <attribute name="Current GC Util" value="0" />
  <attribute name= "Current Time Running" value="1198" />
  <attribute name ="GC Interval" value="0" />
  <attribute name="Target GC Util Change" value ="40.000000" />
  <attribute name="Current GC Util Change" value="0.000000"/>
  <attribute name="Current Error" value="26.000000" />
  <attribute name="Output H" value="87107520"/>
  <attribute name="Output I" value="2040"/>
  <attribute name="Output T" value="8"/>
  <attribute name= "Current Time Running" value="1198" />
  <attribute name="GC Util currently" value="0" />
  <attribute name="CPU Util currently" value="12050079727053" />
<exclusive-end id="357" timestamp="2019-09-21T18:42:55.010" durationms="5.199" />

<exclusive-start id="358" timestamp="2019-09-21T18:42:55.023" intervalms="18.042">
  <response-info timems="0.268" idlems="0.218" threads="1" lastid="00000000027E1B00" lastname="Thread-17" />
</exclusive-start>
<allocation-taxation id="359" taxation-threshold="29360128" timestamp="2019-09-21T18:42:55.023" intervalms="18.005" />
<cycle-start id="360" type="partial gc" contextid="0" timestamp="2019-09-21T18:42:55.023" intervalms="17.997" />
<gc-start id="361" type="partial gc" contextid="360" timestamp="2019-09-21T18:42:55.023">
  <mem-info id="362" free="26214400" total="92274688" percent="28">
    <mem type="eden" free="0" total="29360128" percent="0" />
    <arraylet-primitive objects="2" leaves="2" largest="1" />
    <remembered-set count="29312" freebytes="3566080" totalbytes="3683328" percent="96" regionsoverflowed="0" regionsstable="1" regionsrebuilding="0"/>
  </mem-info>
</gc-start>
<allocation-stats totalBytes="29356272" >
  <allocated-bytes non-tlh="0" tlh="29356272" arrayletleaf="0"/>
  <largest-consumer threadName="Thread-14" threadId="00000000027E5700" bytes="5651784" />
</allocation-stats>
<gc-op id="363" type="copy forward" timems="3.693" contextid="360" timestamp="2019-09-21T18:42:55.028">
  <memory-copied type="eden" objects="18863" bytes="730376" bytesdiscarded="47904" />
  <memory-copied type="other" objects="50631" bytes="2035240" bytesdiscarded="222120" />
  <memory-cardclean objects="23166" bytes="1131184" />
  <regions eden="28" other="6" />
  <remembered-set-cleared processed="19960" cleared="2668" durationms="0.126" />
  <references type="weak" candidates="5" cleared="0" enqueued="0" />
  <stringconstants candidates="4597" cleared="0"  />
</gc-op>
<gc-op id="364" type="classunload" timems="0.003" contextid="360" timestamp="2019-09-21T18:42:55.028">
  <classunload-info classloadercandidates="8" classloadersunloaded="0" classesunloaded="0" anonymousclassesunloaded="0" quiescems="0.000" setupms="0.003" scanms="0.000" postms="0.000" />
</gc-op>
<gc-end id="365" type="partial gc" contextid="360" durationms="4.843" usertimems="12.000" systemtimems="0.000" timestamp="2019-09-21T18:42:55.028" activeThreads="8">
  <mem-info id="366" free="56623104" total="92274688" percent="61">
    <mem type="eden" free="270296" total="1048576" percent="25" />
    <arraylet-primitive objects="2" leaves="2" largest="1" />
    <remembered-set count="30144" freebytes="3562752" totalbytes="3683328" percent="96" regionsoverflowed="0" regionsstable="1" regionsrebuilding="0"/>
  </mem-info>
</gc-end>
<cycle-end id="367" type="partial gc" contextid="360" timestamp="2019-09-21T18:42:55.028" />
  <attribute name="elasticGC enabled" value="1" />
  <attribute name= "numThreadsSpecified" value="8" />
  <attribute name="heapSize specified" value="0" />
  <attribute name="Current GC Util" value="98" />
  <attribute name= "Current Time Running" value="1216" />
  <attribute name ="GC Interval" value="0" />
  <attribute name="Target GC Util Change" value ="40.000000" />
  <attribute name="Current GC Util Change" value="98.000000"/>
  <attribute name="Current Error" value="-45.000000" />
  <attribute name="Output H" value="92350320"/>
  <attribute name="Output I" value="1960"/>
  <attribute name="Output T" value="8"/>
  <attribute name= "Current Time Running" value="1216" />
  <attribute name="GC Util currently" value="98" />
  <attribute name="CPU Util currently" value="8700572050802" />
<exclusive-end id="368" timestamp="2019-09-21T18:42:55.028" durationms="5.766" />

<exclusive-start id="369" timestamp="2019-09-21T18:42:55.041" intervalms="18.189">
  <response-info timems="0.047" idlems="0.047" threads="0" lastid="00000000027CEF00" lastname="Thread-13" />
</exclusive-start>
<allocation-taxation id="370" taxation-threshold="29360128" timestamp="2019-09-21T18:42:55.041" intervalms="18.194" />
<cycle-start id="371" type="partial gc" contextid="0" timestamp="2019-09-21T18:42:55.041" intervalms="18.149" />
<gc-start id="372" type="partial gc" contextid="371" timestamp="2019-09-21T18:42:55.041">
  <mem-info id="373" free="27262976" total="92274688" percent="29">
    <mem type="eden" free="0" total="29360128" percent="0" />
    <arraylet-primitive objects="2" leaves="2" largest="1" />
    <remembered-set count="29440" freebytes="3565568" totalbytes="3683328" percent="96" regionsoverflowed="0" regionsstable="3" regionsrebuilding="0"/>
  </mem-info>
</gc-start>
<allocation-stats totalBytes="29356440" >
  <allocated-bytes non-tlh="0" tlh="29356440" arrayletleaf="0"/>
  <largest-consumer threadName="Thread-18" threadId="00000000027D2B00" bytes="6176016" />
</allocation-stats>
<gc-op id="374" type="copy forward" timems="2.882" contextid="371" timestamp="2019-09-21T18:42:55.045">
  <memory-copied type="eden" objects="17263" bytes="691120" bytesdiscarded="38400" />
  <memory-copied type="other" objects="38007" bytes="1461808" bytesdiscarded="159576" />
  <memory-cardclean objects="20618" bytes="1034512" />
  <regions eden="28" other="3" />
  <remembered-set-cleared processed="22363" cleared="4701" durationms="0.126" />
  <stringconstants candidates="4597" cleared="0"  />
</gc-op>
<gc-op id="375" type="classunload" timems="0.003" contextid="371" timestamp="2019-09-21T18:42:55.045">
  <classunload-info classloadercandidates="8" classloadersunloaded="0" classesunloaded="0" anonymousclassesunloaded="0" quiescems="0.000" setupms="0.003" scanms="0.000" postms="0.000" />
</gc-op>
<gc-end id="376" type="partial gc" contextid="371" durationms="4.072" usertimems="12.000" systemtimems="0.000" timestamp="2019-09-21T18:42:55.045" activeThreads="8">
  <mem-info id="377" free="56623104" total="92274688" percent="61">
    <mem type="eden" free="319056" total="1048576" percent="30" />
    <arraylet-primitive objects="2" leaves="2" largest="1" />
    <remembered-set count="30048" freebytes="3563136" totalbytes="3683328" percent="96" regionsoverflowed="0" regionsstable="3" regionsrebuilding="0"/>
  </mem-info>
</gc-end>
<cycle-end id="378" type="partial gc" contextid="371" timestamp="2019-09-21T18:42:55.046" />
  <attribute name="elasticGC enabled" value="1" />
  <attribute name= "numThreadsSpecified" value="8" />
  <attribute name="heapSize specified" value="0" />
  <attribute name="Current GC Util" value="102" />
  <attribute name= "Current Time Running" value="1235" />
  <attribute name ="GC Interval" value="0" />
  <attribute name="Target GC Util Change" value ="40.000000" />
  <attribute name="Current GC Util Change" value="102.000000"/>
  <attribute name="Current Error" value="-143.000000" />
  <attribute name="Output H" value="92350208"/>
  <attribute name="Output I" value="1848"/>
  <attribute name="Output T" value="8"/>
  <attribute name= "Current Time Running" value="1235" />
  <attribute name="GC Util currently" value="102" />
  <attribute name="CPU Util currently" value="8087158590639" />
<exclusive-end id="379" timestamp="2019-09-21T18:42:55.046" durationms="5.068" />

<exclusive-start id="380" timestamp="2019-09-21T18:42:55.057" intervalms="16.248">
  <response-info timems="0.054" idlems="0.054" threads="0" lastid="00000000027D6700" lastname="Thread-12" />
</exclusive-start>
<allocation-taxation id="381" taxation-threshold="29360128" timestamp="2019-09-21T18:42:55.057" intervalms="16.279" />
<cycle-start id="382" type="partial gc" contextid="0" timestamp="2019-09-21T18:42:55.057" intervalms="16.304" />
<gc-start id="383" type="partial gc" contextid="382" timestamp="2019-09-21T18:42:55.058">
  <mem-info id="384" free="27262976" total="92274688" percent="29">
    <mem type="eden" free="0" total="29360128" percent="0" />
    <arraylet-primitive objects="2" leaves="2" largest="1" />
    <remembered-set count="29952" freebytes="3563520" totalbytes="3683328" percent="96" regionsoverflowed="0" regionsstable="3" regionsrebuilding="0"/>
  </mem-info>
</gc-start>
<allocation-stats totalBytes="29356680" >
  <allocated-bytes non-tlh="0" tlh="29356680" arrayletleaf="0"/>
  <largest-consumer threadName="Thread-11" threadId="00000000027DA300" bytes="5737912" />
</allocation-stats>
<gc-op id="385" type="copy forward" timems="2.492" contextid="382" timestamp="2019-09-21T18:42:55.061">
  <memory-copied type="eden" objects="14159" bytes="479744" bytesdiscarded="38528" />
  <memory-copied type="other" objects="40691" bytes="1663600" bytesdiscarded="134208" />
  <memory-cardclean objects="14372" bytes="723208" />
  <regions eden="28" other="3" />
  <remembered-set-cleared processed="22199" cleared="2879" durationms="0.141" />
  <stringconstants candidates="4597" cleared="0"  />
</gc-op>
<gc-op id="386" type="classunload" timems="0.002" contextid="382" timestamp="2019-09-21T18:42:55.061">
  <classunload-info classloadercandidates="8" classloadersunloaded="0" classesunloaded="0" anonymousclassesunloaded="0" quiescems="0.000" setupms="0.002" scanms="0.000" postms="0.000" />
</gc-op>
<gc-end id="387" type="partial gc" contextid="382" durationms="3.633" usertimems="8.000" systemtimems="0.000" timestamp="2019-09-21T18:42:55.061" activeThreads="8">
  <mem-info id="388" free="55574528" total="92274688" percent="60">
    <mem type="eden" free="530304" total="1048576" percent="50" />
    <arraylet-primitive objects="2" leaves="2" largest="1" />
    <remembered-set count="29792" freebytes="3564160" totalbytes="3683328" percent="96" regionsoverflowed="0" regionsstable="3" regionsrebuilding="0"/>
  </mem-info>
</gc-end>
<cycle-end id="389" type="partial gc" contextid="382" timestamp="2019-09-21T18:42:55.061" />
  <attribute name="elasticGC enabled" value="1" />
  <attribute name= "numThreadsSpecified" value="8" />
  <attribute name="heapSize specified" value="0" />
  <attribute name="Current GC Util" value="99" />
  <attribute name= "Current Time Running" value="1251" />
  <attribute name ="GC Interval" value="0" />
  <attribute name="Target GC Util Change" value ="40.000000" />
  <attribute name="Current GC Util Change" value="99.000000"/>
  <attribute name="Current Error" value="-86.000000" />
  <attribute name="Output H" value="92350272"/>
  <attribute name="Output I" value="1912"/>
  <attribute name="Output T" value="8"/>
  <attribute name= "Current Time Running" value="1251" />
  <attribute name="GC Util currently" value="99" />
  <attribute name="CPU Util currently" value="8180722570398" />
<exclusive-end id="390" timestamp="2019-09-21T18:42:55.062" durationms="4.561" />

<exclusive-start id="391" timestamp="2019-09-21T18:42:55.073" intervalms="15.556">
  <response-info timems="0.077" idlems="0.077" threads="0" lastid="00000000027E9300" lastname="Thread-15" />
</exclusive-start>
<allocation-taxation id="392" taxation-threshold="29360128" timestamp="2019-09-21T18:42:55.073" intervalms="15.561" />
<cycle-start id="393" type="partial gc" contextid="0" timestamp="2019-09-21T18:42:55.073" intervalms="15.596" />
<gc-start id="394" type="partial gc" contextid="393" timestamp="2019-09-21T18:42:55.073">
  <mem-info id="395" free="26214400" total="92274688" percent="28">
    <mem type="eden" free="0" total="29360128" percent="0" />
    <arraylet-primitive objects="2" leaves="2" largest="1" />
    <remembered-set count="29600" freebytes="3564928" totalbytes="3683328" percent="96" regionsoverflowed="0" regionsstable="3" regionsrebuilding="0"/>
  </mem-info>
</gc-start>
<allocation-stats totalBytes="29356304" >
  <allocated-bytes non-tlh="0" tlh="29356304" arrayletleaf="0"/>
  <largest-consumer threadName="Thread-11" threadId="00000000027DA300" bytes="5524864" />
</allocation-stats>
<gc-op id="396" type="copy forward" timems="2.738" contextid="393" timestamp="2019-09-21T18:42:55.077">
  <memory-copied type="eden" objects="22076" bytes="944488" bytesdiscarded="55664" />
  <memory-copied type="other" objects="31876" bytes="1177304" bytesdiscarded="51824" />
  <memory-cardclean objects="16619" bytes="831280" />
  <regions eden="28" other="3" />
  <remembered-set-cleared processed="22558" cleared="2725" durationms="0.142" />
  <stringconstants candidates="4597" cleared="0"  />
</gc-op>
<gc-op id="397" type="classunload" timems="0.002" contextid="393" timestamp="2019-09-21T18:42:55.077">
  <classunload-info classloadercandidates="8" classloadersunloaded="0" classesunloaded="0" anonymousclassesunloaded="0" quiescems="0.000" setupms="0.002" scanms="0.000" postms="0.000" />
</gc-op>
<heap-resize id="398" type="expand" space="default" amount="2097152" count="1" timems="0.076" reason="excessive time being spent in gc" timestamp="2019-09-21T18:42:55.077" />
<gc-end id="399" type="partial gc" contextid="393" durationms="4.044" usertimems="8.000" systemtimems="0.000" timestamp="2019-09-21T18:42:55.077" activeThreads="8">
  <mem-info id="400" free="56623104" total="94371840" percent="60">
    <mem type="eden" free="48424" total="1048576" percent="4" />
    <arraylet-primitive objects="2" leaves="2" largest="1" />
    <remembered-set count="30464" freebytes="3645184" totalbytes="3767040" percent="96" regionsoverflowed="0" regionsstable="3" regionsrebuilding="0"/>
  </mem-info>
</gc-end>
<cycle-end id="401" type="partial gc" contextid="393" timestamp="2019-09-21T18:42:55.077" />
  <attribute name="elasticGC enabled" value="1" />
  <attribute name= "numThreadsSpecified" value="8" />
  <attribute name="heapSize specified" value="0" />
  <attribute name="Current GC Util" value="108" />
  <attribute name= "Current Time Running" value="1267" />
  <attribute name ="GC Interval" value="0" />
  <attribute name="Target GC Util Change" value ="40.000000" />
  <attribute name="Current GC Util Change" value="108.000000"/>
  <attribute name="Current Error" value="-174.000000" />
  <attribute name="Output H" value="92350168"/>
  <attribute name="Output I" value="1808"/>
  <attribute name="Output T" value="8"/>
  <attribute name= "Current Time Running" value="1267" />
  <attribute name="GC Util currently" value="108" />
  <attribute name="CPU Util currently" value="7812444539186" />
<exclusive-end id="402" timestamp="2019-09-21T18:42:55.078" durationms="5.069" />

<exclusive-start id="403" timestamp="2019-09-21T18:42:55.091" intervalms="17.874">
  <response-info timems="0.041" idlems="0.041" threads="0" lastid="00000000027DDF00" lastname="Thread-16" />
</exclusive-start>
<allocation-taxation id="404" taxation-threshold="30408704" timestamp="2019-09-21T18:42:55.091" intervalms="17.840" />
<cycle-start id="405" type="partial gc" contextid="0" timestamp="2019-09-21T18:42:55.091" intervalms="17.824" />
<gc-start id="406" type="partial gc" contextid="405" timestamp="2019-09-21T18:42:55.091">
  <mem-info id="407" free="26214400" total="94371840" percent="27">
    <mem type="eden" free="0" total="30408704" percent="0" />
    <arraylet-primitive objects="2" leaves="2" largest="1" />
    <remembered-set count="30080" freebytes="3646720" totalbytes="3767040" percent="96" regionsoverflowed="0" regionsstable="3" regionsrebuilding="0"/>
  </mem-info>
</gc-start>
<allocation-stats totalBytes="30405080" >
  <allocated-bytes non-tlh="0" tlh="30405080" arrayletleaf="0"/>
  <largest-consumer threadName="Thread-16" threadId="00000000027DDF00" bytes="5717256" />
</allocation-stats>
<gc-op id="408" type="copy forward" timems="2.395" contextid="405" timestamp="2019-09-21T18:42:55.094">
  <memory-copied type="eden" objects="11971" bytes="427304" bytesdiscarded="50568" />
  <memory-copied type="other" objects="27291" bytes="1067112" bytesdiscarded="60104" />
  <memory-cardclean objects="14642" bytes="793672" />
  <regions eden="29" other="3" />
  <remembered-set-cleared processed="23464" cleared="2767" durationms="0.123" />
  <stringconstants candidates="4597" cleared="0"  />
</gc-op>
<gc-op id="409" type="classunload" timems="0.003" contextid="405" timestamp="2019-09-21T18:42:55.094">
  <classunload-info classloadercandidates="8" classloadersunloaded="0" classesunloaded="0" anonymousclassesunloaded="0" quiescems="0.000" setupms="0.003" scanms="0.000" postms="0.000" />
</gc-op>
<heap-resize id="410" type="expand" space="default" amount="3145728" count="1" timems="0.078" reason="excessive time being spent in gc" timestamp="2019-09-21T18:42:55.095" />
<gc-end id="411" type="partial gc" contextid="405" durationms="3.559" usertimems="12.000" systemtimems="0.000" timestamp="2019-09-21T18:42:55.095" activeThreads="8">
  <mem-info id="412" free="58720256" total="97517568" percent="60">
    <mem type="eden" free="570704" total="1048576" percent="54" />
    <arraylet-primitive objects="2" leaves="2" largest="1" />
    <remembered-set count="31392" freebytes="3767040" totalbytes="3892608" percent="96" regionsoverflowed="0" regionsstable="3" regionsrebuilding="0"/>
  </mem-info>
</gc-end>
<cycle-end id="413" type="partial gc" contextid="405" timestamp="2019-09-21T18:42:55.095" />
  <attribute name="elasticGC enabled" value="1" />
  <attribute name= "numThreadsSpecified" value="8" />
  <attribute name="heapSize specified" value="0" />
  <attribute name="Current GC Util" value="92" />
  <attribute name= "Current Time Running" value="1284" />
  <attribute name ="GC Interval" value="0" />
  <attribute name="Target GC Util Change" value ="40.000000" />
  <attribute name="Current GC Util Change" value="92.000000"/>
  <attribute name="Current Error" value="-239.000000" />
  <attribute name="Output H" value="94447248"/>
  <attribute name="Output I" value="1736"/>
  <attribute name="Output T" value="8"/>
  <attribute name= "Current Time Running" value="1284" />
  <attribute name="GC Util currently" value="92" />
  <attribute name="CPU Util currently" value="8762899195083" />
<exclusive-end id="414" timestamp="2019-09-21T18:42:55.095" durationms="4.569" />

<exclusive-start id="415" timestamp="2019-09-21T18:42:55.109" intervalms="18.015">
  <response-info timems="0.043" idlems="0.043" threads="0" lastid="00000000027E9300" lastname="Thread-15" />
</exclusive-start>
<allocation-taxation id="416" taxation-threshold="30408704" timestamp="2019-09-21T18:42:55.109" intervalms="18.059" />
<cycle-start id="417" type="partial gc" contextid="0" timestamp="2019-09-21T18:42:55.109" intervalms="18.136" />
<gc-start id="418" type="partial gc" contextid="417" timestamp="2019-09-21T18:42:55.109">
  <mem-info id="419" free="28311552" total="97517568" percent="29">
    <mem type="eden" free="0" total="30408704" percent="0" />
    <arraylet-primitive objects="2" leaves="2" largest="1" />
    <remembered-set count="31328" freebytes="3767296" totalbytes="3892608" percent="96" regionsoverflowed="0" regionsstable="3" regionsrebuilding="0"/>
  </mem-info>
</gc-start>
<allocation-stats totalBytes="30404728" >
  <allocated-bytes non-tlh="0" tlh="30404728" arrayletleaf="0"/>
  <largest-consumer threadName="Thread-14" threadId="00000000027E5700" bytes="5475576" />
</allocation-stats>
<gc-op id="420" type="copy forward" timems="2.535" contextid="417" timestamp="2019-09-21T18:42:55.113">
  <memory-copied type="eden" objects="18031" bytes="709728" bytesdiscarded="54672" />
  <memory-copied type="other" objects="24638" bytes="1003848" bytesdiscarded="80848" />
  <memory-cardclean objects="13179" bytes="665536" />
  <regions eden="29" other="3" />
  <remembered-set-cleared processed="23506" cleared="2238" durationms="0.144" />
  <stringconstants candidates="4597" cleared="0"  />
</gc-op>
<gc-op id="421" type="classunload" timems="0.002" contextid="417" timestamp="2019-09-21T18:42:55.113">
  <classunload-info classloadercandidates="8" classloadersunloaded="0" classesunloaded="0" anonymousclassesunloaded="0" quiescems="0.000" setupms="0.002" scanms="0.000" postms="0.000" />
</gc-op>
<heap-resize id="422" type="expand" space="default" amount="5242880" count="1" timems="0.088" reason="excessive time being spent in gc" timestamp="2019-09-21T18:42:55.113" />
<gc-end id="423" type="partial gc" contextid="417" durationms="3.885" usertimems="4.000" systemtimems="4.000" timestamp="2019-09-21T18:42:55.113" activeThreads="8">
  <mem-info id="424" free="61865984" total="102760448" percent="60">
    <mem type="eden" free="1332752" total="2097152" percent="63" />
    <arraylet-primitive objects="2" leaves="2" largest="1" />
    <remembered-set count="31584" freebytes="3975552" totalbytes="4101888" percent="96" regionsoverflowed="0" regionsstable="3" regionsrebuilding="0"/>
  </mem-info>
</gc-end>
<cycle-end id="425" type="partial gc" contextid="417" timestamp="2019-09-21T18:42:55.113" />
  <attribute name="elasticGC enabled" value="1" />
  <attribute name= "numThreadsSpecified" value="8" />
  <attribute name="heapSize specified" value="0" />
  <attribute name="Current GC Util" value="89" />
  <attribute name= "Current Time Running" value="1303" />
  <attribute name ="GC Interval" value="0" />
  <attribute name="Target GC Util Change" value ="40.000000" />
  <attribute name="Current GC Util Change" value="89.000000"/>
  <attribute name="Current Error" value="-55.000000" />
  <attribute name="Output H" value="97593192"/>
  <attribute name="Output I" value="1952"/>
  <attribute name="Output T" value="8"/>
  <attribute name= "Current Time Running" value="1303" />
  <attribute name="GC Util currently" value="89" />
  <attribute name="CPU Util currently" value="7310157579777" />
<exclusive-end id="426" timestamp="2019-09-21T18:42:55.114" durationms="5.046" />

<exclusive-start id="427" timestamp="2019-09-21T18:42:55.129" intervalms="20.240">
  <response-info timems="0.124" idlems="0.124" threads="0" lastid="00000000027DDF00" lastname="Thread-16" />
</exclusive-start>
<allocation-taxation id="428" taxation-threshold="32505856" timestamp="2019-09-21T18:42:55.129" intervalms="20.244" />
<cycle-start id="429" type="partial gc" contextid="0" timestamp="2019-09-21T18:42:55.129" intervalms="20.134" />
<gc-start id="430" type="partial gc" contextid="429" timestamp="2019-09-21T18:42:55.129">
  <mem-info id="431" free="29360128" total="102760448" percent="28">
    <mem type="eden" free="0" total="32505856" percent="0" />
    <arraylet-primitive objects="2" leaves="2" largest="1" />
    <remembered-set count="31264" freebytes="3976832" totalbytes="4101888" percent="96" regionsoverflowed="0" regionsstable="3" regionsrebuilding="0"/>
  </mem-info>
</gc-start>
<allocation-stats totalBytes="32501664" >
  <allocated-bytes non-tlh="0" tlh="32501664" arrayletleaf="0"/>
  <largest-consumer threadName="Thread-14" threadId="00000000027E5700" bytes="6483120" />
</allocation-stats>
<gc-op id="432" type="copy forward" timems="2.458" contextid="429" timestamp="2019-09-21T18:42:55.133">
  <memory-copied type="eden" objects="11378" bytes="412552" bytesdiscarded="43768" />
  <memory-copied type="other" objects="27084" bytes="1062536" bytesdiscarded="85280" />
  <memory-cardclean objects="13495" bytes="677336" />
  <regions eden="31" other="4" />
  <remembered-set-cleared processed="24076" cleared="1439" durationms="0.125" />
  <stringconstants candidates="4597" cleared="0"  />
</gc-op>
<gc-op id="433" type="classunload" timems="0.003" contextid="429" timestamp="2019-09-21T18:42:55.133">
  <classunload-info classloadercandidates="8" classloadersunloaded="0" classesunloaded="0" anonymousclassesunloaded="0" quiescems="0.000" setupms="0.002" scanms="0.000" postms="0.000" />
</gc-op>
<gc-end id="434" type="partial gc" contextid="429" durationms="3.713" usertimems="12.000" systemtimems="0.000" timestamp="2019-09-21T18:42:55.133" activeThreads="8">
  <mem-info id="435" free="61865984" total="102760448" percent="60">
    <mem type="eden" free="592256" total="1048576" percent="56" />
    <arraylet-primitive objects="2" leaves="2" largest="1" />
    <remembered-set count="33120" freebytes="3969408" totalbytes="4101888" percent="96" regionsoverflowed="0" regionsstable="3" regionsrebuilding="0"/>
  </mem-info>
</gc-end>
<cycle-end id="436" type="partial gc" contextid="429" timestamp="2019-09-21T18:42:55.133" />
  <attribute name="elasticGC enabled" value="1" />
  <attribute name= "numThreadsSpecified" value="8" />
  <attribute name="heapSize specified" value="0" />
  <attribute name="Current GC Util" value="98" />
  <attribute name= "Current Time Running" value="1323" />
  <attribute name ="GC Interval" value="0" />
  <attribute name="Target GC Util Change" value ="40.000000" />
  <attribute name="Current GC Util Change" value="98.000000"/>
  <attribute name="Current Error" value="-118.000000" />
  <attribute name="Output H" value="102835992"/>
  <attribute name="Output I" value="1872"/>
  <attribute name="Output T" value="8"/>
  <attribute name= "Current Time Running" value="1323" />
  <attribute name="GC Util currently" value="98" />
  <attribute name="CPU Util currently" value="7834928645893" />
<exclusive-end id="437" timestamp="2019-09-21T18:42:55.134" durationms="4.802" />

<exclusive-start id="438" timestamp="2019-09-21T18:42:55.150" intervalms="21.463">
  <response-info timems="0.040" idlems="0.040" threads="0" lastid="00000000027DA300" lastname="Thread-11" />
</exclusive-start>
<allocation-taxation id="439" taxation-threshold="32505856" timestamp="2019-09-21T18:42:55.150" intervalms="21.409" />
<cycle-start id="440" type="partial gc" contextid="0" timestamp="2019-09-21T18:42:55.151" intervalms="21.489" />
<gc-start id="441" type="partial gc" contextid="440" timestamp="2019-09-21T18:42:55.151">
  <mem-info id="442" free="29360128" total="102760448" percent="28">
    <mem type="eden" free="0" total="32505856" percent="0" />
    <arraylet-primitive objects="2" leaves="2" largest="1" />
    <remembered-set count="32672" freebytes="3971200" totalbytes="4101888" percent="96" regionsoverflowed="0" regionsstable="3" regionsrebuilding="0"/>
  </mem-info>
</gc-start>
<allocation-stats totalBytes="32501800" >
  <allocated-bytes non-tlh="0" tlh="32501800" arrayletleaf="0"/>
  <largest-consumer threadName="Thread-12" threadId="00000000027D6700" bytes="6315280" />
</allocation-stats>
<gc-op id="443" type="copy forward" timems="2.667" contextid="440" timestamp="2019-09-21T18:42:55.154">
  <memory-copied type="eden" objects="15790" bytes="656064" bytesdiscarded="21464" />
  <memory-copied type="other" objects="31162" bytes="1297392" bytesdiscarded="88624" />
  <memory-cardclean objects="15277" bytes="781640" />
  <regions eden="31" other="3" />
  <remembered-set-cleared processed="24728" cleared="2992" durationms="0.133" />
  <stringconstants candidates="4597" cleared="0"  />
</gc-op>
<gc-op id="444" type="classunload" timems="0.002" contextid="440" timestamp="2019-09-21T18:42:55.155">
  <classunload-info classloadercandidates="8" classloadersunloaded="0" classesunloaded="0" anonymousclassesunloaded="0" quiescems="0.000" setupms="0.002" scanms="0.000" postms="0.000" />
</gc-op>
<heap-resize id="445" type="expand" space="default" amount="5242880" count="1" timems="0.092" reason="excessive time being spent in gc" timestamp="2019-09-21T18:42:55.155" />
<gc-end id="446" type="partial gc" contextid="440" durationms="4.020" usertimems="8.000" systemtimems="0.000" timestamp="2019-09-21T18:42:55.155" activeThreads="8">
  <mem-info id="447" free="65011712" total="108003328" percent="60">
    <mem type="eden" free="1419624" total="2097152" percent="67" />
    <arraylet-primitive objects="2" leaves="2" largest="1" />
    <remembered-set count="32576" freebytes="4180864" totalbytes="4311168" percent="96" regionsoverflowed="0" regionsstable="3" regionsrebuilding="0"/>
  </mem-info>
</gc-end>
<cycle-end id="448" type="partial gc" contextid="440" timestamp="2019-09-21T18:42:55.155" />
  <attribute name="elasticGC enabled" value="1" />
  <attribute name= "numThreadsSpecified" value="8" />
  <attribute name="heapSize specified" value="0" />
  <attribute name="Current GC Util" value="106" />
  <attribute name= "Current Time Running" value="1344" />
  <attribute name ="GC Interval" value="0" />
  <attribute name="Target GC Util Change" value ="40.000000" />
  <attribute name="Current GC Util Change" value="106.000000"/>
  <attribute name="Current Error" value="-184.000000" />
  <attribute name="Output H" value="102835920"/>
  <attribute name="Output I" value="1800"/>
  <attribute name="Output T" value="8"/>
  <attribute name= "Current Time Running" value="1344" />
  <attribute name="GC Util currently" value="106" />
  <attribute name="CPU Util currently" value="8903040619168" />
<exclusive-end id="449" timestamp="2019-09-21T18:42:55.155" durationms="5.174" />

<exclusive-start id="450" timestamp="2019-09-21T18:42:55.170" intervalms="19.487">
  <response-info timems="0.045" idlems="0.045" threads="0" lastid="00000000027E5700" lastname="Thread-14" />
</exclusive-start>
<allocation-taxation id="451" taxation-threshold="33554432" timestamp="2019-09-21T18:42:55.170" intervalms="19.504" />
<cycle-start id="452" type="partial gc" contextid="0" timestamp="2019-09-21T18:42:55.170" intervalms="19.522" />
<gc-start id="453" type="partial gc" contextid="452" timestamp="2019-09-21T18:42:55.170">
  <mem-info id="454" free="31457280" total="108003328" percent="29">
    <mem type="eden" free="0" total="33554432" percent="0" />
    <arraylet-primitive objects="2" leaves="2" largest="1" />
    <remembered-set count="32384" freebytes="4181632" totalbytes="4311168" percent="96" regionsoverflowed="0" regionsstable="4" regionsrebuilding="0"/>
  </mem-info>
</gc-start>
<allocation-stats totalBytes="33550224" >
  <allocated-bytes non-tlh="0" tlh="33550224" arrayletleaf="0"/>
  <largest-consumer threadName="Thread-18" threadId="00000000027D2B00" bytes="5836000" />
</allocation-stats>
<gc-op id="455" type="copy forward" timems="2.458" contextid="452" timestamp="2019-09-21T18:42:55.174">
  <memory-copied type="eden" objects="16897" bytes="682560" bytesdiscarded="39504" />
  <memory-copied type="other" objects="35158" bytes="1393704" bytesdiscarded="73304" />
  <memory-cardclean objects="16487" bytes="870736" />
  <regions eden="32" other="5" />
  <remembered-set-cleared processed="25216" cleared="2599" durationms="0.118" />
  <stringconstants candidates="4597" cleared="0"  />
</gc-op>
<gc-op id="456" type="classunload" timems="0.003" contextid="452" timestamp="2019-09-21T18:42:55.174">
  <classunload-info classloadercandidates="8" classloadersunloaded="0" classesunloaded="0" anonymousclassesunloaded="0" quiescems="0.000" setupms="0.003" scanms="0.000" postms="0.000" />
</gc-op>
<gc-end id="457" type="partial gc" contextid="452" durationms="3.501" usertimems="8.000" systemtimems="0.000" timestamp="2019-09-21T18:42:55.174" activeThreads="8">
  <mem-info id="458" free="65011712" total="108003328" percent="60">
    <mem type="eden" free="326512" total="1048576" percent="31" />
    <arraylet-primitive objects="2" leaves="2" largest="1" />
    <remembered-set count="32960" freebytes="4179328" totalbytes="4311168" percent="96" regionsoverflowed="0" regionsstable="4" regionsrebuilding="0"/>
  </mem-info>
</gc-end>
<cycle-end id="459" type="partial gc" contextid="452" timestamp="2019-09-21T18:42:55.174" />
  <attribute name="elasticGC enabled" value="1" />
  <attribute name= "numThreadsSpecified" value="8" />
  <attribute name="heapSize specified" value="0" />
  <attribute name="Current GC Util" value="85" />
  <attribute name= "Current Time Running" value="1364" />
  <attribute name ="GC Interval" value="0" />
  <attribute name="Target GC Util Change" value ="40.000000" />
  <attribute name="Current GC Util Change" value="85.000000"/>
  <attribute name="Current Error" value="-54.000000" />
  <attribute name="Output H" value="108078952"/>
  <attribute name="Output I" value="1952"/>
  <attribute name="Output T" value="8"/>
  <attribute name= "Current Time Running" value="1364" />
  <attribute name="GC Util currently" value="85" />
  <attribute name="CPU Util currently" value="8545444793782" />
<exclusive-end id="460" timestamp="2019-09-21T18:42:55.174" durationms="4.520" />

<exclusive-start id="461" timestamp="2019-09-21T18:42:55.191" intervalms="21.715">
  <response-info timems="0.043" idlems="0.043" threads="0" lastid="00000000027DA300" lastname="Thread-11" />
</exclusive-start>
<allocation-taxation id="462" taxation-threshold="33554432" timestamp="2019-09-21T18:42:55.192" intervalms="21.643" />
<cycle-start id="463" type="partial gc" contextid="0" timestamp="2019-09-21T18:42:55.192" intervalms="21.475" />
<gc-start id="464" type="partial gc" contextid="463" timestamp="2019-09-21T18:42:55.192">
  <mem-info id="465" free="31457280" total="108003328" percent="29">
    <mem type="eden" free="0" total="33554432" percent="0" />
    <arraylet-primitive objects="2" leaves="2" largest="1" />
    <remembered-set count="32960" freebytes="4179328" totalbytes="4311168" percent="96" regionsoverflowed="0" regionsstable="4" regionsrebuilding="0"/>
  </mem-info>
</gc-start>
<allocation-stats totalBytes="33550112" >
  <allocated-bytes non-tlh="0" tlh="33550112" arrayletleaf="0"/>
  <largest-consumer threadName="Thread-16" threadId="00000000027DDF00" bytes="6991008" />
</allocation-stats>
<gc-op id="466" type="copy forward" timems="2.542" contextid="463" timestamp="2019-09-21T18:42:55.195">
  <memory-copied type="eden" objects="13168" bytes="455808" bytesdiscarded="73472" />
  <memory-copied type="other" objects="36630" bytes="1566000" bytesdiscarded="94536" />
  <memory-cardclean objects="15788" bytes="810656" />
  <regions eden="32" other="3" />
  <remembered-set-cleared processed="25927" cleared="3346" durationms="0.127" />
  <stringconstants candidates="4597" cleared="0"  />
</gc-op>
<gc-op id="467" type="classunload" timems="0.003" contextid="463" timestamp="2019-09-21T18:42:55.195">
  <classunload-info classloadercandidates="8" classloadersunloaded="0" classesunloaded="0" anonymousclassesunloaded="0" quiescems="0.000" setupms="0.003" scanms="0.000" postms="0.000" />
</gc-op>
<heap-resize id="468" type="expand" space="default" amount="2097152" count="1" timems="0.073" reason="excessive time being spent in gc" timestamp="2019-09-21T18:42:55.195" />
<gc-end id="469" type="partial gc" contextid="463" durationms="3.682" usertimems="12.000" systemtimems="0.000" timestamp="2019-09-21T18:42:55.196" activeThreads="8">
  <mem-info id="470" free="66060288" total="110100480" percent="60">
    <mem type="eden" free="519296" total="1048576" percent="49" />
    <arraylet-primitive objects="2" leaves="2" largest="1" />
    <remembered-set count="33952" freebytes="4259072" totalbytes="4394880" percent="96" regionsoverflowed="0" regionsstable="4" regionsrebuilding="0"/>
  </mem-info>
</gc-end>
<cycle-end id="471" type="partial gc" contextid="463" timestamp="2019-09-21T18:42:55.196" />
  <attribute name="elasticGC enabled" value="1" />
  <attribute name= "numThreadsSpecified" value="8" />
  <attribute name="heapSize specified" value="0" />
  <attribute name="Current GC Util" value="123" />
  <attribute name= "Current Time Running" value="1385" />
  <attribute name ="GC Interval" value="0" />
  <attribute name="Target GC Util Change" value ="40.000000" />
  <attribute name="Current GC Util Change" value="123.000000"/>
  <attribute name="Current Error" value="-140.000000" />
  <attribute name="Output H" value="108078848"/>
  <attribute name="Output I" value="1848"/>
  <attribute name="Output T" value="8"/>
  <attribute name= "Current Time Running" value="1385" />
  <attribute name="GC Util currently" value="123" />
  <attribute name="CPU Util currently" value="10000750345549" />
<exclusive-end id="472" timestamp="2019-09-21T18:42:55.196" durationms="4.498" />

<exclusive-start id="473" timestamp="2019-09-21T18:42:55.212" intervalms="20.647">
  <response-info timems="0.211" idlems="0.189" threads="1" lastid="00000000027E5700" lastname="Thread-14" />
</exclusive-start>
<allocation-taxation id="474" taxation-threshold="33554432" timestamp="2019-09-21T18:42:55.212" intervalms="20.648" />
<cycle-start id="475" type="partial gc" contextid="0" timestamp="2019-09-21T18:42:55.212" intervalms="20.664" />
<gc-start id="476" type="partial gc" contextid="475" timestamp="2019-09-21T18:42:55.212">
  <mem-info id="477" free="32505856" total="110100480" percent="29">
    <mem type="eden" free="0" total="33554432" percent="0" />
    <arraylet-primitive objects="2" leaves="2" largest="1" />
    <remembered-set count="33696" freebytes="4260096" totalbytes="4394880" percent="96" regionsoverflowed="0" regionsstable="4" regionsrebuilding="0"/>
  </mem-info>
</gc-start>
<allocation-stats totalBytes="33549992" >
  <allocated-bytes non-tlh="0" tlh="33549992" arrayletleaf="0"/>
  <largest-consumer threadName="Thread-16" threadId="00000000027DDF00" bytes="7863384" />
</allocation-stats>
<gc-op id="478" type="copy forward" timems="2.607" contextid="475" timestamp="2019-09-21T18:42:55.216">
  <memory-copied type="eden" objects="11363" bytes="412776" bytesdiscarded="37408" />
  <memory-copied type="other" objects="42726" bytes="1712304" bytesdiscarded="188344" />
  <memory-cardclean objects="13994" bytes="709496" />
  <regions eden="32" other="3" />
  <remembered-set-cleared processed="25804" cleared="1710" durationms="0.115" />
  <stringconstants candidates="4597" cleared="0"  />
</gc-op>
<gc-op id="479" type="classunload" timems="0.003" contextid="475" timestamp="2019-09-21T18:42:55.216">
  <classunload-info classloadercandidates="8" classloadersunloaded="0" classesunloaded="0" anonymousclassesunloaded="0" quiescems="0.000" setupms="0.003" scanms="0.000" postms="0.000" />
</gc-op>
<heap-resize id="480" type="expand" space="default" amount="3145728" count="1" timems="0.079" reason="excessive time being spent in gc" timestamp="2019-09-21T18:42:55.216" />
<gc-end id="481" type="partial gc" contextid="475" durationms="3.659" usertimems="8.000" systemtimems="0.000" timestamp="2019-09-21T18:42:55.216" activeThreads="8">
  <mem-info id="482" free="68157440" total="113246208" percent="60">
    <mem type="eden" free="598392" total="1048576" percent="57" />
    <arraylet-primitive objects="2" leaves="2" largest="1" />
    <remembered-set count="35136" freebytes="4379904" totalbytes="4520448" percent="96" regionsoverflowed="0" regionsstable="4" regionsrebuilding="0"/>
  </mem-info>
</gc-end>
<cycle-end id="483" type="partial gc" contextid="475" timestamp="2019-09-21T18:42:55.216" />
  <attribute name="elasticGC enabled" value="1" />
  <attribute name= "numThreadsSpecified" value="8" />
  <attribute name="heapSize specified" value="0" />
  <attribute name="Current GC Util" value="98" />
  <attribute name= "Current Time Running" value="1406" />
  <attribute name ="GC Interval" value="0" />
  <attribute name="Target GC Util Change" value ="40.000000" />
  <attribute name="Current GC Util Change" value="98.000000"/>
  <attribute name="Current Error" value="-203.000000" />
  <attribute name="Output H" value="110175928"/>
  <attribute name="Output I" value="1776"/>
  <attribute name="Output T" value="8"/>
  <attribute name= "Current Time Running" value="1406" />
  <attribute name="GC Util currently" value="98" />
  <attribute name="CPU Util currently" value="8391780171350" />
<exclusive-end id="484" timestamp="2019-09-21T18:42:55.216" durationms="4.319" />

<exclusive-start id="485" timestamp="2019-09-21T18:42:55.234" intervalms="21.933">
  <response-info timems="1.817" idlems="1.231" threads="2" lastid="00000000027D2B00" lastname="Thread-18" />
</exclusive-start>
<allocation-taxation id="486" taxation-threshold="34603008" timestamp="2019-09-21T18:42:55.234" intervalms="21.972" />
<cycle-start id="487" type="partial gc" contextid="0" timestamp="2019-09-21T18:42:55.234" intervalms="22.003" />
<gc-start id="488" type="partial gc" contextid="487" timestamp="2019-09-21T18:42:55.235">
  <mem-info id="489" free="33554432" total="113246208" percent="29">
    <mem type="eden" free="0" total="34603008" percent="0" />
    <arraylet-primitive objects="2" leaves="2" largest="1" />
    <remembered-set count="34656" freebytes="4381824" totalbytes="4520448" percent="96" regionsoverflowed="0" regionsstable="4" regionsrebuilding="0"/>
  </mem-info>
</gc-start>
<allocation-stats totalBytes="34597976" >
  <allocated-bytes non-tlh="0" tlh="34597976" arrayletleaf="0"/>
  <largest-consumer threadName="Thread-11" threadId="00000000027DA300" bytes="8366992" />
</allocation-stats>
<gc-op id="490" type="copy forward" timems="2.962" contextid="487" timestamp="2019-09-21T18:42:55.238">
  <memory-copied type="eden" objects="6311" bytes="153520" bytesdiscarded="17856" />
  <memory-copied type="other" objects="53575" bytes="2110056" bytesdiscarded="163208" />
  <memory-cardclean objects="14262" bytes="703736" />
  <regions eden="33" other="4" />
  <remembered-set-cleared processed="26176" cleared="2082" durationms="0.128" />
  <stringconstants candidates="4597" cleared="0"  />
</gc-op>
<gc-op id="491" type="classunload" timems="0.003" contextid="487" timestamp="2019-09-21T18:42:55.238">
  <classunload-info classloadercandidates="8" classloadersunloaded="0" classesunloaded="0" anonymousclassesunloaded="0" quiescems="0.000" setupms="0.003" scanms="0.000" postms="0.000" />
</gc-op>
<heap-resize id="492" type="expand" space="default" amount="2097152" count="1" timems="0.062" reason="excessive time being spent in gc" timestamp="2019-09-21T18:42:55.239" />
<gc-end id="493" type="partial gc" contextid="487" durationms="4.211" usertimems="12.000" systemtimems="4.000" timestamp="2019-09-21T18:42:55.239" activeThreads="8">
  <mem-info id="494" free="69206016" total="115343360" percent="60">
    <mem type="eden" free="877200" total="1048576" percent="83" />
    <arraylet-primitive objects="2" leaves="2" largest="1" />
    <remembered-set count="36160" freebytes="4459520" totalbytes="4604160" percent="96" regionsoverflowed="0" regionsstable="4" regionsrebuilding="0"/>
  </mem-info>
</gc-end>
<cycle-end id="495" type="partial gc" contextid="487" timestamp="2019-09-21T18:42:55.239" />
  <attribute name="elasticGC enabled" value="1" />
  <attribute name= "numThreadsSpecified" value="8" />
  <attribute name="heapSize specified" value="0" />
  <attribute name="Current GC Util" value="96" />
  <attribute name= "Current Time Running" value="1428" />
  <attribute name ="GC Interval" value="0" />
  <attribute name="Target GC Util Change" value ="40.000000" />
  <attribute name="Current GC Util Change" value="96.000000"/>
  <attribute name="Current Error" value="-59.000000" />
  <attribute name="Output H" value="113321824"/>
  <attribute name="Output I" value="1944"/>
  <attribute name="Output T" value="8"/>
  <attribute name= "Current Time Running" value="1428" />
  <attribute name="GC Util currently" value="96" />
  <attribute name="CPU Util currently" value="7699566259440" />
<exclusive-end id="496" timestamp="2019-09-21T18:42:55.239" durationms="5.010" />

<exclusive-start id="497" timestamp="2019-09-21T18:42:55.254" intervalms="20.266">
  <response-info timems="0.096" idlems="0.096" threads="0" lastid="00000000027D6700" lastname="Thread-12" />
</exclusive-start>
<allocation-taxation id="498" taxation-threshold="35651584" timestamp="2019-09-21T18:42:55.254" intervalms="20.221" />
<cycle-start id="499" type="partial gc" contextid="0" timestamp="2019-09-21T18:42:55.254" intervalms="20.190" />
<gc-start id="500" type="partial gc" contextid="499" timestamp="2019-09-21T18:42:55.255">
  <mem-info id="501" free="33554432" total="115343360" percent="29">
    <mem type="eden" free="0" total="35651584" percent="0" />
    <arraylet-primitive objects="2" leaves="2" largest="1" />
    <remembered-set count="36000" freebytes="4460160" totalbytes="4604160" percent="96" regionsoverflowed="0" regionsstable="4" regionsrebuilding="0"/>
  </mem-info>
</gc-start>
<allocation-stats totalBytes="35646992" >
  <allocated-bytes non-tlh="0" tlh="35646992" arrayletleaf="0"/>
  <largest-consumer threadName="Thread-11" threadId="00000000027DA300" bytes="8100872" />
</allocation-stats>
<gc-op id="502" type="copy forward" timems="2.548" contextid="499" timestamp="2019-09-21T18:42:55.259">
  <memory-copied type="eden" objects="6073" bytes="148056" bytesdiscarded="8600" />
  <memory-copied type="other" objects="32972" bytes="1203456" bytesdiscarded="116424" />
  <memory-cardclean objects="20739" bytes="1062512" />
  <regions eden="34" other="4" />
  <remembered-set-cleared processed="28014" cleared="4575" durationms="0.151" />
  <stringconstants candidates="4597" cleared="0"  />
</gc-op>
<gc-op id="503" type="classunload" timems="0.002" contextid="499" timestamp="2019-09-21T18:42:55.260">
  <classunload-info classloadercandidates="8" classloadersunloaded="0" classesunloaded="0" anonymousclassesunloaded="0" quiescems="0.000" setupms="0.002" scanms="0.000" postms="0.000" />
</gc-op>
<heap-resize id="504" type="expand" space="default" amount="3145728" count="1" timems="0.068" reason="excessive time being spent in gc" timestamp="2019-09-21T18:42:55.260" />
<gc-end id="505" type="partial gc" contextid="499" durationms="5.208" usertimems="12.000" systemtimems="0.000" timestamp="2019-09-21T18:42:55.260" activeThreads="8">
  <mem-info id="506" free="71303168" total="118489088" percent="60">
    <mem type="eden" free="891920" total="1048576" percent="85" />
    <arraylet-primitive objects="2" leaves="2" largest="1" />
    <remembered-set count="37088" freebytes="4581376" totalbytes="4729728" percent="96" regionsoverflowed="0" regionsstable="4" regionsrebuilding="0"/>
  </mem-info>
</gc-end>
<cycle-end id="507" type="partial gc" contextid="499" timestamp="2019-09-21T18:42:55.260" />
  <attribute name="elasticGC enabled" value="1" />
  <attribute name= "numThreadsSpecified" value="8" />
  <attribute name="heapSize specified" value="0" />
  <attribute name="Current GC Util" value="13" />
  <attribute name= "Current Time Running" value="1449" />
  <attribute name ="GC Interval" value="0" />
  <attribute name="Target GC Util Change" value ="40.000000" />
  <attribute name="Current GC Util Change" value="13.000000"/>
  <attribute name="Current Error" value="-51.000000" />
  <attribute name="Output H" value="115418984"/>
  <attribute name="Output I" value="1952"/>
  <attribute name="Output T" value="8"/>
  <attribute name= "Current Time Running" value="1449" />
  <attribute name="GC Util currently" value="13" />
  <attribute name="CPU Util currently" value="1163073974993" />
<exclusive-end id="508" timestamp="2019-09-21T18:42:55.260" durationms="5.799" />

<exclusive-start id="509" timestamp="2019-09-21T18:42:55.277" intervalms="23.195">
  <response-info timems="0.046" idlems="0.046" threads="0" lastid="00000000027DDF00" lastname="Thread-16" />
</exclusive-start>
<allocation-taxation id="510" taxation-threshold="35651584" timestamp="2019-09-21T18:42:55.278" intervalms="23.290" />
<cycle-start id="511" type="partial gc" contextid="0" timestamp="2019-09-21T18:42:55.278" intervalms="23.334" />
<gc-start id="512" type="partial gc" contextid="511" timestamp="2019-09-21T18:42:55.278">
  <mem-info id="513" free="35651584" total="118489088" percent="30">
    <mem type="eden" free="0" total="35651584" percent="0" />
    <arraylet-primitive objects="2" leaves="2" largest="1" />
    <remembered-set count="37056" freebytes="4581504" totalbytes="4729728" percent="96" regionsoverflowed="0" regionsstable="4" regionsrebuilding="0"/>
  </mem-info>
</gc-start>
<allocation-stats totalBytes="35647120" >
  <allocated-bytes non-tlh="0" tlh="35647120" arrayletleaf="0"/>
  <largest-consumer threadName="Thread-16" threadId="00000000027DDF00" bytes="7924952" />
</allocation-stats>
<gc-op id="514" type="copy forward" timems="2.550" contextid="511" timestamp="2019-09-21T18:42:55.281">
  <memory-copied type="eden" objects="23167" bytes="970728" bytesdiscarded="65664" />
  <memory-copied type="other" objects="27483" bytes="934344" bytesdiscarded="43768" />
  <memory-cardclean objects="23739" bytes="1195856" />
  <regions eden="34" other="4" />
  <remembered-set-cleared processed="28250" cleared="4525" durationms="0.127" />
  <stringconstants candidates="4597" cleared="0"  />
</gc-op>
<gc-op id="515" type="classunload" timems="0.003" contextid="511" timestamp="2019-09-21T18:42:55.281">
  <classunload-info classloadercandidates="8" classloadersunloaded="0" classesunloaded="0" anonymousclassesunloaded="0" quiescems="0.000" setupms="0.002" scanms="0.000" postms="0.000" />
</gc-op>
<heap-resize id="516" type="expand" space="default" amount="5242880" count="1" timems="0.078" reason="excessive time being spent in gc" timestamp="2019-09-21T18:42:55.282" />
<gc-end id="517" type="partial gc" contextid="511" durationms="3.598" usertimems="8.000" systemtimems="4.000" timestamp="2019-09-21T18:42:55.282" activeThreads="8">
  <mem-info id="518" free="74448896" total="123731968" percent="60">
    <mem type="eden" free="1060760" total="2097152" percent="50" />
    <arraylet-primitive objects="2" leaves="2" largest="1" />
    <remembered-set count="37952" freebytes="4787200" totalbytes="4939008" percent="96" regionsoverflowed="0" regionsstable="4" regionsrebuilding="0"/>
  </mem-info>
</gc-end>
<cycle-end id="519" type="partial gc" contextid="511" timestamp="2019-09-21T18:42:55.282" />
  <attribute name="elasticGC enabled" value="1" />
  <attribute name= "numThreadsSpecified" value="8" />
  <attribute name="heapSize specified" value="0" />
  <attribute name="Current GC Util" value="118" />
  <attribute name= "Current Time Running" value="1471" />
  <attribute name ="GC Interval" value="0" />
  <attribute name="Target GC Util Change" value ="40.000000" />
  <attribute name="Current GC Util Change" value="118.000000"/>
  <attribute name="Current Error" value="-136.000000" />
  <attribute name="Output H" value="118564616"/>
  <attribute name="Output I" value="1856"/>
  <attribute name="Output T" value="8"/>
  <attribute name= "Current Time Running" value="1471" />
  <attribute name="GC Util currently" value="118" />
  <attribute name="CPU Util currently" value="9064845990911" />
<exclusive-end id="520" timestamp="2019-09-21T18:42:55.282" durationms="4.522" />

<exclusive-start id="521" timestamp="2019-09-21T18:42:55.309" intervalms="31.758">
  <response-info timems="0.147" idlems="0.147" threads="0" lastid="00000000027E9300" lastname="Thread-15" />
</exclusive-start>
<allocation-taxation id="522" taxation-threshold="37748736" timestamp="2019-09-21T18:42:55.309" intervalms="31.663" />
<cycle-start id="523" type="partial gc" contextid="0" timestamp="2019-09-21T18:42:55.310" intervalms="31.695" />
<gc-start id="524" type="partial gc" contextid="523" timestamp="2019-09-21T18:42:55.310">
  <mem-info id="525" free="36700160" total="123731968" percent="29">
    <mem type="eden" free="0" total="37748736" percent="0" />
    <arraylet-primitive objects="2" leaves="2" largest="1" />
    <remembered-set count="37632" freebytes="4788480" totalbytes="4939008" percent="96" regionsoverflowed="0" regionsstable="4" regionsrebuilding="0"/>
  </mem-info>
</gc-start>
<allocation-stats totalBytes="37744392" >
  <allocated-bytes non-tlh="0" tlh="37744392" arrayletleaf="0"/>
  <largest-consumer threadName="Thread-16" threadId="00000000027DDF00" bytes="8129672" />
</allocation-stats>
<gc-op id="526" type="copy forward" timems="2.890" contextid="523" timestamp="2019-09-21T18:42:55.314">
  <memory-copied type="eden" objects="13367" bytes="461208" bytesdiscarded="67656" />
  <memory-copied type="other" objects="42398" bytes="1704432" bytesdiscarded="170480" />
  <memory-cardclean objects="16409" bytes="844328" />
  <regions eden="36" other="5" />
  <remembered-set-cleared processed="28911" cleared="4175" durationms="0.160" />
  <stringconstants candidates="4597" cleared="0"  />
</gc-op>
<gc-op id="527" type="classunload" timems="0.003" contextid="523" timestamp="2019-09-21T18:42:55.314">
  <classunload-info classloadercandidates="8" classloadersunloaded="0" classesunloaded="0" anonymousclassesunloaded="0" quiescems="0.000" setupms="0.003" scanms="0.000" postms="0.000" />
</gc-op>
<heap-resize id="528" type="expand" space="default" amount="2097152" count="1" timems="0.061" reason="excessive time being spent in gc" timestamp="2019-09-21T18:42:55.314" />
<gc-end id="529" type="partial gc" contextid="523" durationms="4.035" usertimems="12.000" systemtimems="0.000" timestamp="2019-09-21T18:42:55.314" activeThreads="8">
  <mem-info id="530" free="75497472" total="125829120" percent="60">
    <mem type="eden" free="519712" total="1048576" percent="49" />
    <arraylet-primitive objects="2" leaves="2" largest="1" />
    <remembered-set count="38592" freebytes="4868352" totalbytes="5022720" percent="96" regionsoverflowed="0" regionsstable="4" regionsrebuilding="0"/>
  </mem-info>
</gc-end>
<cycle-end id="531" type="partial gc" contextid="523" timestamp="2019-09-21T18:42:55.314" />
  <attribute name="elasticGC enabled" value="1" />
  <attribute name= "numThreadsSpecified" value="8" />
  <attribute name="heapSize specified" value="0" />
  <attribute name="Current GC Util" value="114" />
  <attribute name= "Current Time Running" value="1503" />
  <attribute name ="GC Interval" value="0" />
  <attribute name="Target GC Util Change" value ="40.000000" />
  <attribute name="Current GC Util Change" value="114.000000"/>
  <attribute name="Current Error" value="-68.000000" />
  <attribute name="Output H" value="123807576"/>
  <attribute name="Output I" value="1936"/>
  <attribute name="Output T" value="8"/>
  <attribute name= "Current Time Running" value="1503" />
  <attribute name="GC Util currently" value="114" />
  <attribute name="CPU Util currently" value="8373708557154" />
<exclusive-end id="532" timestamp="2019-09-21T18:42:55.314" durationms="4.958" />

<exclusive-start id="533" timestamp="2019-09-21T18:42:55.365" intervalms="55.559">
  <response-info timems="0.049" idlems="0.049" threads="0" lastid="00000000027E9300" lastname="Thread-15" />
</exclusive-start>
<allocation-taxation id="534" taxation-threshold="37748736" timestamp="2019-09-21T18:42:55.365" intervalms="55.586" />
<cycle-start id="535" type="partial gc" contextid="0" timestamp="2019-09-21T18:42:55.365" intervalms="55.553" />
<gc-start id="536" type="partial gc" contextid="535" timestamp="2019-09-21T18:42:55.365">
  <mem-info id="537" free="37748736" total="125829120" percent="30">
    <mem type="eden" free="0" total="37748736" percent="0" />
    <arraylet-primitive objects="2" leaves="2" largest="1" />
    <remembered-set count="38240" freebytes="4869760" totalbytes="5022720" percent="96" regionsoverflowed="0" regionsstable="4" regionsrebuilding="0"/>
  </mem-info>
</gc-start>
<allocation-stats totalBytes="37743952" >
  <allocated-bytes non-tlh="0" tlh="37743952" arrayletleaf="0"/>
  <largest-consumer threadName="Thread-11" threadId="00000000027DA300" bytes="7273696" />
</allocation-stats>
<gc-op id="538" type="copy forward" timems="2.671" contextid="535" timestamp="2019-09-21T18:42:55.369">
  <memory-copied type="eden" objects="10551" bytes="393480" bytesdiscarded="14584" />
  <memory-copied type="other" objects="43897" bytes="1740408" bytesdiscarded="166976" />
  <memory-cardclean objects="12058" bytes="615584" />
  <regions eden="36" other="4" />
  <remembered-set-cleared processed="29050" cleared="3143" durationms="0.129" />
  <stringconstants candidates="4597" cleared="0"  />
</gc-op>
<gc-op id="539" type="classunload" timems="0.004" contextid="535" timestamp="2019-09-21T18:42:55.369">
  <classunload-info classloadercandidates="8" classloadersunloaded="0" classesunloaded="0" anonymousclassesunloaded="0" quiescems="0.000" setupms="0.003" scanms="0.000" postms="0.000" />
</gc-op>
<heap-resize id="540" type="expand" space="default" amount="3145728" count="1" timems="0.070" reason="excessive time being spent in gc" timestamp="2019-09-21T18:42:55.369" />
<gc-end id="541" type="partial gc" contextid="535" durationms="3.768" usertimems="12.000" systemtimems="0.000" timestamp="2019-09-21T18:42:55.369" activeThreads="8">
  <mem-info id="542" free="77594624" total="128974848" percent="60">
    <mem type="eden" free="1689088" total="2097152" percent="80" />
    <arraylet-primitive objects="2" leaves="2" largest="1" />
    <remembered-set count="39328" freebytes="4990976" totalbytes="5148288" percent="96" regionsoverflowed="0" regionsstable="4" regionsrebuilding="0"/>
  </mem-info>
</gc-end>
<cycle-end id="543" type="partial gc" contextid="535" timestamp="2019-09-21T18:42:55.369" />
  <attribute name="elasticGC enabled" value="1" />
  <attribute name= "numThreadsSpecified" value="8" />
  <attribute name="heapSize specified" value="0" />
  <attribute name="Current GC Util" value="126" />
  <attribute name= "Current Time Running" value="1558" />
  <attribute name ="GC Interval" value="0" />
  <attribute name="Target GC Util Change" value ="40.000000" />
  <attribute name="Current GC Util Change" value="126.000000"/>
  <attribute name="Current Error" value="-135.000000" />
  <attribute name="Output H" value="125904648"/>
  <attribute name="Output I" value="1856"/>
  <attribute name="Output T" value="8"/>
  <attribute name= "Current Time Running" value="1558" />
  <attribute name="GC Util currently" value="126" />
  <attribute name="CPU Util currently" value="8500458982689" />
<exclusive-end id="544" timestamp="2019-09-21T18:42:55.369" durationms="4.626" />

<exclusive-start id="545" timestamp="2019-09-21T18:42:55.420" intervalms="55.695">
  <response-info timems="0.083" idlems="0.083" threads="0" lastid="00000000027D6700" lastname="Thread-12" />
</exclusive-start>
<allocation-taxation id="546" taxation-threshold="38797312" timestamp="2019-09-21T18:42:55.421" intervalms="55.694" />
<cycle-start id="547" type="partial gc" contextid="0" timestamp="2019-09-21T18:42:55.421" intervalms="55.664" />
<gc-start id="548" type="partial gc" contextid="547" timestamp="2019-09-21T18:42:55.421">
  <mem-info id="549" free="38797312" total="128974848" percent="30">
    <mem type="eden" free="0" total="38797312" percent="0" />
    <arraylet-primitive objects="2" leaves="2" largest="1" />
    <remembered-set count="39104" freebytes="4991872" totalbytes="5148288" percent="96" regionsoverflowed="0" regionsstable="4" regionsrebuilding="0"/>
  </mem-info>
</gc-start>
<allocation-stats totalBytes="38792208" >
  <allocated-bytes non-tlh="0" tlh="38792208" arrayletleaf="0"/>
  <largest-consumer threadName="Thread-11" threadId="00000000027DA300" bytes="8191008" />
</allocation-stats>
<gc-op id="550" type="copy forward" timems="3.021" contextid="547" timestamp="2019-09-21T18:42:55.425">
  <memory-copied type="eden" objects="19426" bytes="744016" bytesdiscarded="52376" />
  <memory-copied type="other" objects="28246" bytes="1090032" bytesdiscarded="136856" />
  <memory-cardclean objects="14584" bytes="776096" />
  <regions eden="37" other="5" />
  <remembered-set-cleared processed="29929" cleared="3529" durationms="0.147" />
  <stringconstants candidates="4597" cleared="0"  />
</gc-op>
<gc-op id="551" type="classunload" timems="0.003" contextid="547" timestamp="2019-09-21T18:42:55.425">
  <classunload-info classloadercandidates="8" classloadersunloaded="0" classesunloaded="0" anonymousclassesunloaded="0" quiescems="0.000" setupms="0.003" scanms="0.000" postms="0.000" />
</gc-op>
<gc-end id="552" type="partial gc" contextid="547" durationms="4.005" usertimems="16.000" systemtimems="0.000" timestamp="2019-09-21T18:42:55.425" activeThreads="8">
  <mem-info id="553" free="77594624" total="128974848" percent="60">
    <mem type="eden" free="252184" total="1048576" percent="24" />
    <arraylet-primitive objects="2" leaves="2" largest="1" />
    <remembered-set count="37920" freebytes="4996608" totalbytes="5148288" percent="97" regionsoverflowed="0" regionsstable="4" regionsrebuilding="0"/>
  </mem-info>
</gc-end>
<cycle-end id="554" type="partial gc" contextid="547" timestamp="2019-09-21T18:42:55.425" />
  <attribute name="elasticGC enabled" value="1" />
  <attribute name= "numThreadsSpecified" value="8" />
  <attribute name="heapSize specified" value="0" />
  <attribute name="Current GC Util" value="113" />
  <attribute name= "Current Time Running" value="1614" />
  <attribute name ="GC Interval" value="0" />
  <attribute name="Target GC Util Change" value ="40.000000" />
  <attribute name="Current GC Util Change" value="113.000000"/>
  <attribute name="Current Error" value="-187.000000" />
  <attribute name="Output H" value="129050320"/>
  <attribute name="Output I" value="1800"/>
  <attribute name="Output T" value="8"/>
  <attribute name= "Current Time Running" value="1614" />
  <attribute name="GC Util currently" value="113" />
  <attribute name="CPU Util currently" value="8230891159797" />
<exclusive-end id="555" timestamp="2019-09-21T18:42:55.425" durationms="4.713" />

<exclusive-start id="556" timestamp="2019-09-21T18:42:55.455" intervalms="34.967">
  <response-info timems="0.082" idlems="0.082" threads="0" lastid="00000000027D6700" lastname="Thread-12" />
</exclusive-start>
<allocation-taxation id="557" taxation-threshold="38797312" timestamp="2019-09-21T18:42:55.456" intervalms="35.073" />
<cycle-start id="558" type="partial gc" contextid="0" timestamp="2019-09-21T18:42:55.456" intervalms="35.158" />
<gc-start id="559" type="partial gc" contextid="558" timestamp="2019-09-21T18:42:55.456">
  <mem-info id="560" free="38797312" total="128974848" percent="30">
    <mem type="eden" free="0" total="38797312" percent="0" />
    <arraylet-primitive objects="2" leaves="2" largest="1" />
    <remembered-set count="37728" freebytes="4997376" totalbytes="5148288" percent="97" regionsoverflowed="0" regionsstable="4" regionsrebuilding="0"/>
  </mem-info>
</gc-start>
<allocation-stats totalBytes="38792192" >
  <allocated-bytes non-tlh="0" tlh="38792192" arrayletleaf="0"/>
  <largest-consumer threadName="Thread-11" threadId="00000000027DA300" bytes="8469384" />
</allocation-stats>
<gc-op id="561" type="copy forward" timems="2.678" contextid="558" timestamp="2019-09-21T18:42:55.460">
  <memory-copied type="eden" objects="25739" bytes="1032904" bytesdiscarded="87456" />
  <memory-copied type="other" objects="20554" bytes="768048" bytesdiscarded="50056" />
  <memory-cardclean objects="18567" bytes="942632" />
  <regions eden="37" other="4" />
  <remembered-set-cleared processed="30194" cleared="4565" durationms="0.178" />
  <stringconstants candidates="4597" cleared="0"  />
</gc-op>
<gc-op id="562" type="classunload" timems="0.003" contextid="558" timestamp="2019-09-21T18:42:55.460">
  <classunload-info classloadercandidates="8" classloadersunloaded="0" classesunloaded="0" anonymousclassesunloaded="0" quiescems="0.000" setupms="0.003" scanms="0.000" postms="0.000" />
</gc-op>
<gc-end id="563" type="partial gc" contextid="558" durationms="3.741" usertimems="12.000" systemtimems="0.000" timestamp="2019-09-21T18:42:55.460" activeThreads="8">
  <mem-info id="564" free="75497472" total="128974848" percent="58">
    <mem type="eden" free="976792" total="2097152" percent="46" />
    <arraylet-primitive objects="2" leaves="2" largest="1" />
    <remembered-set count="37760" freebytes="4997248" totalbytes="5148288" percent="97" regionsoverflowed="0" regionsstable="4" regionsrebuilding="0"/>
  </mem-info>
</gc-end>
<cycle-end id="565" type="partial gc" contextid="558" timestamp="2019-09-21T18:42:55.460" />
  <attribute name="elasticGC enabled" value="1" />
  <attribute name= "numThreadsSpecified" value="8" />
  <attribute name="heapSize specified" value="0" />
  <attribute name="Current GC Util" value="118" />
  <attribute name= "Current Time Running" value="1649" />
  <attribute name ="GC Interval" value="0" />
  <attribute name="Target GC Util Change" value ="40.000000" />
  <attribute name="Current GC Util Change" value="118.000000"/>
  <attribute name="Current Error" value="-68.000000" />
  <attribute name="Output H" value="129050456"/>
  <attribute name="Output I" value="1936"/>
  <attribute name="Output T" value="8"/>
  <attribute name= "Current Time Running" value="1649" />
  <attribute name="GC Util currently" value="118" />
  <attribute name="CPU Util currently" value="8028058351261" />
<exclusive-end id="566" timestamp="2019-09-21T18:42:55.460" durationms="4.684" />

<exclusive-start id="567" timestamp="2019-09-21T18:42:55.475" intervalms="19.895">
  <response-info timems="0.088" idlems="0.088" threads="0" lastid="00000000027E1B00" lastname="Thread-17" />
</exclusive-start>
<allocation-taxation id="568" taxation-threshold="38797312" timestamp="2019-09-21T18:42:55.476" intervalms="19.849" />
<cycle-start id="569" type="partial gc" contextid="0" timestamp="2019-09-21T18:42:55.476" intervalms="19.839" />
<gc-start id="570" type="partial gc" contextid="569" timestamp="2019-09-21T18:42:55.476">
  <mem-info id="571" free="36700160" total="128974848" percent="28">
    <mem type="eden" free="0" total="38797312" percent="0" />
    <arraylet-primitive objects="2" leaves="2" largest="1" />
    <remembered-set count="37536" freebytes="4998144" totalbytes="5148288" percent="97" regionsoverflowed="0" regionsstable="4" regionsrebuilding="0"/>
  </mem-info>
</gc-start>
<allocation-stats totalBytes="38792264" >
  <allocated-bytes non-tlh="0" tlh="38792264" arrayletleaf="0"/>
  <largest-consumer threadName="Thread-11" threadId="00000000027DA300" bytes="7855160" />
</allocation-stats>
<gc-op id="572" type="copy forward" timems="2.676" contextid="569" timestamp="2019-09-21T18:42:55.479">
  <memory-copied type="eden" objects="21778" bytes="800024" bytesdiscarded="87976" />
  <memory-copied type="other" objects="25503" bytes="1024200" bytesdiscarded="94424" />
  <memory-cardclean objects="11750" bytes="593624" />
  <regions eden="37" other="5" />
  <remembered-set-cleared processed="28923" cleared="3674" durationms="0.155" />
  <stringconstants candidates="4597" cleared="0"  />
</gc-op>
<gc-op id="573" type="classunload" timems="0.003" contextid="569" timestamp="2019-09-21T18:42:55.479">
  <classunload-info classloadercandidates="8" classloadersunloaded="0" classesunloaded="0" anonymousclassesunloaded="0" quiescems="0.000" setupms="0.003" scanms="0.000" postms="0.000" />
</gc-op>
<gc-end id="574" type="partial gc" contextid="569" durationms="3.666" usertimems="8.000" systemtimems="0.000" timestamp="2019-09-21T18:42:55.480" activeThreads="8">
  <mem-info id="575" free="75497472" total="128974848" percent="58">
    <mem type="eden" free="160576" total="1048576" percent="15" />
    <arraylet-primitive objects="2" leaves="2" largest="1" />
    <remembered-set count="36224" freebytes="5003392" totalbytes="5148288" percent="97" regionsoverflowed="0" regionsstable="4" regionsrebuilding="0"/>
  </mem-info>
</gc-end>
<cycle-end id="576" type="partial gc" contextid="569" timestamp="2019-09-21T18:42:55.480" />
  <attribute name="elasticGC enabled" value="1" />
  <attribute name= "numThreadsSpecified" value="8" />
  <attribute name="heapSize specified" value="0" />
  <attribute name="Current GC Util" value="109" />
  <attribute name= "Current Time Running" value="1669" />
  <attribute name ="GC Interval" value="0" />
  <attribute name="Target GC Util Change" value ="40.000000" />
  <attribute name="Current GC Util Change" value="109.000000"/>
  <attribute name="Current Error" value="-150.000000" />
  <attribute name="Output H" value="129050360"/>
  <attribute name="Output I" value="1840"/>
  <attribute name="Output T" value="8"/>
  <attribute name= "Current Time Running" value="1669" />
  <attribute name="GC Util currently" value="109" />
  <attribute name="CPU Util currently" value="8287661842139" />
<exclusive-end id="577" timestamp="2019-09-21T18:42:55.480" durationms="4.537" />

<exclusive-start id="578" timestamp="2019-09-21T18:42:55.496" intervalms="20.935">
  <response-info timems="0.073" idlems="0.073" threads="0" lastid="00000000027DDF00" lastname="Thread-16" />
</exclusive-start>
<allocation-taxation id="579" taxation-threshold="38797312" timestamp="2019-09-21T18:42:55.497" intervalms="20.970" />
<cycle-start id="580" type="partial gc" contextid="0" timestamp="2019-09-21T18:42:55.497" intervalms="21.022" />
<gc-start id="581" type="partial gc" contextid="580" timestamp="2019-09-21T18:42:55.497">
  <mem-info id="582" free="36700160" total="128974848" percent="28">
    <mem type="eden" free="0" total="38797312" percent="0" />
    <arraylet-primitive objects="2" leaves="2" largest="1" />
    <remembered-set count="35904" freebytes="5004672" totalbytes="5148288" percent="97" regionsoverflowed="0" regionsstable="4" regionsrebuilding="0"/>
  </mem-info>
</gc-start>
<allocation-stats totalBytes="38792320" >
  <allocated-bytes non-tlh="0" tlh="38792320" arrayletleaf="0"/>
  <largest-consumer threadName="Thread-11" threadId="00000000027DA300" bytes="7801944" />
</allocation-stats>
<gc-op id="583" type="copy forward" timems="2.811" contextid="580" timestamp="2019-09-21T18:42:55.501">
  <memory-copied type="eden" objects="36843" bytes="1573920" bytesdiscarded="103744" />
  <memory-copied type="other" objects="17767" bytes="701520" bytesdiscarded="27552" />
  <memory-cardclean objects="7781" bytes="399384" />
  <regions eden="37" other="4" />
  <remembered-set-cleared processed="27353" cleared="1774" durationms="0.152" />
  <stringconstants candidates="4597" cleared="0"  />
</gc-op>
<gc-op id="584" type="classunload" timems="0.003" contextid="580" timestamp="2019-09-21T18:42:55.501">
  <classunload-info classloadercandidates="8" classloadersunloaded="0" classesunloaded="0" anonymousclassesunloaded="0" quiescems="0.000" setupms="0.002" scanms="0.000" postms="0.000" />
</gc-op>
<heap-resize id="585" type="expand" space="default" amount="10485760" count="1" timems="0.112" reason="excessive time being spent in gc" timestamp="2019-09-21T18:42:55.501" />
<gc-end id="586" type="partial gc" contextid="580" durationms="4.002" usertimems="8.000" systemtimems="0.000" timestamp="2019-09-21T18:42:55.501" activeThreads="8">
  <mem-info id="587" free="83886080" total="139460608" percent="60">
    <mem type="eden" free="419488" total="2097152" percent="20" />
    <arraylet-primitive objects="2" leaves="2" largest="1" />
    <remembered-set count="34688" freebytes="5428096" totalbytes="5566848" percent="97" regionsoverflowed="0" regionsstable="4" regionsrebuilding="0"/>
  </mem-info>
</gc-end>
<cycle-end id="588" type="partial gc" contextid="580" timestamp="2019-09-21T18:42:55.501" />
  <attribute name="elasticGC enabled" value="1" />
  <attribute name= "numThreadsSpecified" value="8" />
  <attribute name="heapSize specified" value="0" />
  <attribute name="Current GC Util" value="113" />
  <attribute name= "Current Time Running" value="1690" />
  <attribute name ="GC Interval" value="0" />
  <attribute name="Target GC Util Change" value ="40.000000" />
  <attribute name="Current GC Util Change" value="113.000000"/>
  <attribute name="Current Error" value="-232.000000" />
  <attribute name="Output H" value="129050264"/>
  <attribute name="Output I" value="1744"/>
  <attribute name="Output T" value="8"/>
  <attribute name= "Current Time Running" value="1690" />
  <attribute name="GC Util currently" value="113" />
  <attribute name="CPU Util currently" value="8138278998772" />
<exclusive-end id="589" timestamp="2019-09-21T18:42:55.501" durationms="4.975" />

<exclusive-start id="590" timestamp="2019-09-21T18:42:55.519" intervalms="22.528">
  <response-info timems="0.054" idlems="0.054" threads="0" lastid="00000000027DA300" lastname="Thread-11" />
</exclusive-start>
<allocation-taxation id="591" taxation-threshold="40894464" timestamp="2019-09-21T18:42:55.519" intervalms="22.422" />
<cycle-start id="592" type="partial gc" contextid="0" timestamp="2019-09-21T18:42:55.519" intervalms="22.272" />
<gc-start id="593" type="partial gc" contextid="592" timestamp="2019-09-21T18:42:55.519">
  <mem-info id="594" free="42991616" total="139460608" percent="30">
    <mem type="eden" free="0" total="40894464" percent="0" />
    <arraylet-primitive objects="2" leaves="2" largest="1" />
    <remembered-set count="34336" freebytes="5429504" totalbytes="5566848" percent="97" regionsoverflowed="0" regionsstable="4" regionsrebuilding="0"/>
  </mem-info>
</gc-start>
<allocation-stats totalBytes="40889424" >
  <allocated-bytes non-tlh="0" tlh="40889424" arrayletleaf="0"/>
  <largest-consumer threadName="Thread-11" threadId="00000000027DA300" bytes="8182840" />
</allocation-stats>
<gc-op id="595" type="copy forward" timems="2.839" contextid="592" timestamp="2019-09-21T18:42:55.523">
  <memory-copied type="eden" objects="24713" bytes="1008264" bytesdiscarded="73848" />
  <memory-copied type="other" objects="26943" bytes="1058760" bytesdiscarded="68336" />
  <memory-cardclean objects="15664" bytes="796712" />
  <regions eden="39" other="5" />
  <remembered-set-cleared processed="26544" cleared="1890" durationms="0.154" />
  <stringconstants candidates="4597" cleared="0"  />
</gc-op>
<gc-op id="596" type="classunload" timems="0.002" contextid="592" timestamp="2019-09-21T18:42:55.523">
  <classunload-info classloadercandidates="8" classloadersunloaded="0" classesunloaded="0" anonymousclassesunloaded="0" quiescems="0.000" setupms="0.002" scanms="0.000" postms="0.000" />
</gc-op>
<heap-resize id="597" type="expand" space="default" amount="2097152" count="1" timems="0.061" reason="excessive time being spent in gc" timestamp="2019-09-21T18:42:55.523" />
<gc-end id="598" type="partial gc" contextid="592" durationms="3.852" usertimems="8.000" systemtimems="4.000" timestamp="2019-09-21T18:42:55.523" activeThreads="8">
  <mem-info id="599" free="84934656" total="141557760" percent="60">
    <mem type="eden" free="1015040" total="2097152" percent="48" />
    <arraylet-primitive objects="2" leaves="2" largest="1" />
    <remembered-set count="36192" freebytes="5505792" totalbytes="5650560" percent="97" regionsoverflowed="0" regionsstable="4" regionsrebuilding="0"/>
  </mem-info>
</gc-end>
<cycle-end id="600" type="partial gc" contextid="592" timestamp="2019-09-21T18:42:55.523" />
  <attribute name="elasticGC enabled" value="1" />
  <attribute name= "numThreadsSpecified" value="8" />
  <attribute name="heapSize specified" value="0" />
  <attribute name="Current GC Util" value="119" />
  <attribute name= "Current Time Running" value="1712" />
  <attribute name ="GC Interval" value="0" />
  <attribute name="Target GC Util Change" value ="40.000000" />
  <attribute name="Current GC Util Change" value="119.000000"/>
  <attribute name="Current Error" value="-87.000000" />
  <attribute name="Output H" value="139536192"/>
  <attribute name="Output I" value="1912"/>
  <attribute name="Output T" value="8"/>
  <attribute name= "Current Time Running" value="1712" />
  <attribute name="GC Util currently" value="119" />
  <attribute name="CPU Util currently" value="8740146778598" />
<exclusive-end id="601" timestamp="2019-09-21T18:42:55.524" durationms="4.699" />

<exclusive-start id="602" timestamp="2019-09-21T18:42:55.544" intervalms="24.991">
  <response-info timems="0.200" idlems="0.125" threads="1" lastid="00000000027E1B00" lastname="Thread-17" />
</exclusive-start>
<allocation-taxation id="603" taxation-threshold="41943040" timestamp="2019-09-21T18:42:55.544" intervalms="25.050" />
<cycle-start id="604" type="partial gc" contextid="0" timestamp="2019-09-21T18:42:55.544" intervalms="25.138" />
<gc-start id="605" type="partial gc" contextid="604" timestamp="2019-09-21T18:42:55.544">
  <mem-info id="606" free="42991616" total="141557760" percent="30">
    <mem type="eden" free="0" total="41943040" percent="0" />
    <arraylet-primitive objects="2" leaves="2" largest="1" />
    <remembered-set count="36064" freebytes="5506304" totalbytes="5650560" percent="97" regionsoverflowed="0" regionsstable="4" regionsrebuilding="0"/>
  </mem-info>
</gc-start>
<allocation-stats totalBytes="41937864" >
  <allocated-bytes non-tlh="0" tlh="41937864" arrayletleaf="0"/>
  <largest-consumer threadName="Thread-11" threadId="00000000027DA300" bytes="8957040" />
</allocation-stats>
<gc-op id="607" type="copy forward" timems="2.990" contextid="604" timestamp="2019-09-21T18:42:55.548">
  <memory-copied type="eden" objects="16732" bytes="678872" bytesdiscarded="80360" />
  <memory-copied type="other" objects="38468" bytes="1610112" bytesdiscarded="103824" />
  <memory-cardclean objects="10689" bytes="527528" />
  <regions eden="40" other="4" />
  <remembered-set-cleared processed="27498" cleared="1211" durationms="0.150" />
  <stringconstants candidates="4597" cleared="0"  />
</gc-op>
<gc-op id="608" type="classunload" timems="0.002" contextid="604" timestamp="2019-09-21T18:42:55.548">
  <classunload-info classloadercandidates="8" classloadersunloaded="0" classesunloaded="0" anonymousclassesunloaded="0" quiescems="0.000" setupms="0.002" scanms="0.000" postms="0.000" />
</gc-op>
<gc-end id="609" type="partial gc" contextid="604" durationms="3.990" usertimems="16.000" systemtimems="0.000" timestamp="2019-09-21T18:42:55.548" activeThreads="8">
  <mem-info id="610" free="84934656" total="141557760" percent="60">
    <mem type="eden" free="289344" total="1048576" percent="27" />
    <arraylet-primitive objects="2" leaves="2" largest="1" />
    <remembered-set count="37056" freebytes="5502336" totalbytes="5650560" percent="97" regionsoverflowed="0" regionsstable="4" regionsrebuilding="0"/>
  </mem-info>
</gc-end>
<cycle-end id="611" type="partial gc" contextid="604" timestamp="2019-09-21T18:42:55.548" />
  <attribute name="elasticGC enabled" value="1" />
  <attribute name= "numThreadsSpecified" value="8" />
  <attribute name="heapSize specified" value="0" />
  <attribute name="Current GC Util" value="119" />
  <attribute name= "Current Time Running" value="1738" />
  <attribute name ="GC Interval" value="0" />
  <attribute name="Target GC Util Change" value ="40.000000" />
  <attribute name="Current GC Util Change" value="119.000000"/>
  <attribute name="Current Error" value="-171.000000" />
  <attribute name="Output H" value="141633248"/>
  <attribute name="Output I" value="1816"/>
  <attribute name="Output T" value="8"/>
  <attribute name= "Current Time Running" value="1738" />
  <attribute name="GC Util currently" value="119" />
  <attribute name="CPU Util currently" value="9204043521715" />
<exclusive-end id="612" timestamp="2019-09-21T18:42:55.549" durationms="4.794" />

<exclusive-start id="613" timestamp="2019-09-21T18:42:55.569" intervalms="24.984">
  <response-info timems="0.041" idlems="0.041" threads="0" lastid="00000000027E1B00" lastname="Thread-17" />
</exclusive-start>
<allocation-taxation id="614" taxation-threshold="41943040" timestamp="2019-09-21T18:42:55.569" intervalms="24.931" />
<cycle-start id="615" type="partial gc" contextid="0" timestamp="2019-09-21T18:42:55.569" intervalms="24.851" />
<gc-start id="616" type="partial gc" contextid="615" timestamp="2019-09-21T18:42:55.569">
  <mem-info id="617" free="42991616" total="141557760" percent="30">
    <mem type="eden" free="0" total="41943040" percent="0" />
    <arraylet-primitive objects="2" leaves="2" largest="1" />
    <remembered-set count="36992" freebytes="5502592" totalbytes="5650560" percent="97" regionsoverflowed="0" regionsstable="4" regionsrebuilding="0"/>
  </mem-info>
</gc-start>
<allocation-stats totalBytes="41937792" >
  <allocated-bytes non-tlh="0" tlh="41937792" arrayletleaf="0"/>
  <largest-consumer threadName="Thread-11" threadId="00000000027DA300" bytes="8719464" />
</allocation-stats>
<gc-op id="618" type="copy forward" timems="2.930" contextid="615" timestamp="2019-09-21T18:42:55.573">
  <memory-copied type="eden" objects="12383" bytes="574520" bytesdiscarded="50616" />
  <memory-copied type="other" objects="45643" bytes="1919688" bytesdiscarded="110848" />
  <memory-cardclean objects="10377" bytes="513200" />
  <regions eden="40" other="4" />
  <remembered-set-cleared processed="27800" cleared="1513" durationms="0.149" />
  <stringconstants candidates="4597" cleared="0"  />
</gc-op>
<gc-op id="619" type="classunload" timems="0.002" contextid="615" timestamp="2019-09-21T18:42:55.573">
  <classunload-info classloadercandidates="8" classloadersunloaded="0" classesunloaded="0" anonymousclassesunloaded="0" quiescems="0.000" setupms="0.002" scanms="0.000" postms="0.000" />
</gc-op>
<heap-resize id="620" type="expand" space="default" amount="5242880" count="1" timems="0.078" reason="excessive time being spent in gc" timestamp="2019-09-21T18:42:55.573" />
<gc-end id="621" type="partial gc" contextid="615" durationms="3.895" usertimems="12.000" systemtimems="0.000" timestamp="2019-09-21T18:42:55.573" activeThreads="8">
  <mem-info id="622" free="88080384" total="146800640" percent="60">
    <mem type="eden" free="1472016" total="2097152" percent="70" />
    <arraylet-primitive objects="2" leaves="2" largest="1" />
    <remembered-set count="37056" freebytes="5711616" totalbytes="5859840" percent="97" regionsoverflowed="0" regionsstable="4" regionsrebuilding="0"/>
  </mem-info>
</gc-end>
<cycle-end id="623" type="partial gc" contextid="615" timestamp="2019-09-21T18:42:55.573" />
  <attribute name="elasticGC enabled" value="1" />
  <attribute name= "numThreadsSpecified" value="8" />
  <attribute name="heapSize specified" value="0" />
  <attribute name="Current GC Util" value="125" />
  <attribute name= "Current Time Running" value="1762" />
  <attribute name ="GC Interval" value="0" />
  <attribute name="Target GC Util Change" value ="40.000000" />
  <attribute name="Current GC Util Change" value="125.000000"/>
  <attribute name="Current Error" value="-263.000000" />
  <attribute name="Output H" value="141633144"/>
  <attribute name="Output I" value="1712"/>
  <attribute name="Output T" value="8"/>
  <attribute name= "Current Time Running" value="1762" />
  <attribute name="GC Util currently" value="125" />
  <attribute name="CPU Util currently" value="9645497568090" />
<exclusive-end id="624" timestamp="2019-09-21T18:42:55.573" durationms="4.523" />

<exclusive-start id="625" timestamp="2019-09-21T18:42:55.594" intervalms="25.093">
  <response-info timems="0.069" idlems="0.069" threads="0" lastid="00000000027E9300" lastname="Thread-15" />
</exclusive-start>
<allocation-taxation id="626" taxation-threshold="42991616" timestamp="2019-09-21T18:42:55.594" intervalms="25.144" />
<cycle-start id="627" type="partial gc" contextid="0" timestamp="2019-09-21T18:42:55.594" intervalms="25.199" />
<gc-start id="628" type="partial gc" contextid="627" timestamp="2019-09-21T18:42:55.594">
  <mem-info id="629" free="45088768" total="146800640" percent="30">
    <mem type="eden" free="0" total="42991616" percent="0" />
    <arraylet-primitive objects="2" leaves="2" largest="1" />
    <remembered-set count="37024" freebytes="5711744" totalbytes="5859840" percent="97" regionsoverflowed="0" regionsstable="4" regionsrebuilding="0"/>
  </mem-info>
</gc-start>
<allocation-stats totalBytes="42986040" >
  <allocated-bytes non-tlh="0" tlh="42986040" arrayletleaf="0"/>
  <largest-consumer threadName="Thread-11" threadId="00000000027DA300" bytes="8399736" />
</allocation-stats>
<gc-op id="630" type="copy forward" timems="2.741" contextid="627" timestamp="2019-09-21T18:42:55.598">
  <memory-copied type="eden" objects="3342" bytes="82992" bytesdiscarded="8232" />
  <memory-copied type="other" objects="51376" bytes="2332032" bytesdiscarded="89960" />
  <memory-cardclean objects="4872" bytes="244904" />
  <regions eden="41" other="6" />
  <remembered-set-cleared processed="28482" cleared="2112" durationms="0.141" />
  <stringconstants candidates="4597" cleared="0"  />
</gc-op>
<gc-op id="631" type="classunload" timems="0.003" contextid="627" timestamp="2019-09-21T18:42:55.598">
  <classunload-info classloadercandidates="8" classloadersunloaded="0" classesunloaded="0" anonymousclassesunloaded="0" quiescems="0.000" setupms="0.003" scanms="0.000" postms="0.000" />
</gc-op>
<gc-end id="632" type="partial gc" contextid="627" durationms="3.698" usertimems="16.000" systemtimems="0.000" timestamp="2019-09-21T18:42:55.598" activeThreads="8">
  <mem-info id="633" free="88080384" total="146800640" percent="60">
    <mem type="eden" free="957352" total="1048576" percent="91" />
    <arraylet-primitive objects="2" leaves="2" largest="1" />
    <remembered-set count="37120" freebytes="5711360" totalbytes="5859840" percent="97" regionsoverflowed="0" regionsstable="4" regionsrebuilding="0"/>
  </mem-info>
</gc-end>
<cycle-end id="634" type="partial gc" contextid="627" timestamp="2019-09-21T18:42:55.598" />
  <attribute name="elasticGC enabled" value="1" />
  <attribute name= "numThreadsSpecified" value="8" />
  <attribute name="heapSize specified" value="0" />
  <attribute name="Current GC Util" value="122" />
  <attribute name= "Current Time Running" value="1788" />
  <attribute name ="GC Interval" value="0" />
  <attribute name="Target GC Util Change" value ="40.000000" />
  <attribute name="Current GC Util Change" value="122.000000"/>
  <attribute name="Current Error" value="-88.000000" />
  <attribute name="Output H" value="146876224"/>
  <attribute name="Output I" value="1912"/>
  <attribute name="Output T" value="8"/>
  <attribute name= "Current Time Running" value="1788" />
  <attribute name="GC Util currently" value="122" />
  <attribute name="CPU Util currently" value="8690439500017" />
<exclusive-end id="635" timestamp="2019-09-21T18:42:55.598" durationms="4.465" />

<exclusive-start id="636" timestamp="2019-09-21T18:42:55.621" intervalms="27.009">
  <response-info timems="0.139" idlems="0.139" threads="0" lastid="00000000027D6700" lastname="Thread-12" />
</exclusive-start>
<allocation-taxation id="637" taxation-threshold="42991616" timestamp="2019-09-21T18:42:55.621" intervalms="26.971" />
<cycle-start id="638" type="partial gc" contextid="0" timestamp="2019-09-21T18:42:55.621" intervalms="27.005" />
<gc-start id="639" type="partial gc" contextid="638" timestamp="2019-09-21T18:42:55.622">
  <mem-info id="640" free="45088768" total="146800640" percent="30">
    <mem type="eden" free="0" total="42991616" percent="0" />
    <arraylet-primitive objects="2" leaves="2" largest="1" />
    <remembered-set count="36992" freebytes="5711872" totalbytes="5859840" percent="97" regionsoverflowed="0" regionsstable="4" regionsrebuilding="0"/>
  </mem-info>
</gc-start>
<allocation-stats totalBytes="42985952" >
  <allocated-bytes non-tlh="0" tlh="42985952" arrayletleaf="0"/>
  <largest-consumer threadName="Thread-11" threadId="00000000027DA300" bytes="8502104" />
</allocation-stats>
<gc-op id="641" type="copy forward" timems="2.783" contextid="638" timestamp="2019-09-21T18:42:55.625">
  <memory-copied type="eden" objects="3785" bytes="93480" bytesdiscarded="5592" />
  <memory-copied type="other" objects="48282" bytes="2120400" bytesdiscarded="141872" />
  <memory-cardclean objects="7769" bytes="402968" />
  <regions eden="41" other="4" />
  <remembered-set-cleared processed="28226" cleared="1558" durationms="0.171" />
  <stringconstants candidates="4597" cleared="0"  />
</gc-op>
<gc-op id="642" type="classunload" timems="0.003" contextid="638" timestamp="2019-09-21T18:42:55.625">
  <classunload-info classloadercandidates="8" classloadersunloaded="0" classesunloaded="0" anonymousclassesunloaded="0" quiescems="0.000" setupms="0.003" scanms="0.000" postms="0.000" />
</gc-op>
<heap-resize id="643" type="expand" space="default" amount="3145728" count="1" timems="0.074" reason="excessive time being spent in gc" timestamp="2019-09-21T18:42:55.625" />
<gc-end id="644" type="partial gc" contextid="638" durationms="4.064" usertimems="4.000" systemtimems="8.000" timestamp="2019-09-21T18:42:55.626" activeThreads="8">
  <mem-info id="645" free="90177536" total="149946368" percent="60">
    <mem type="eden" free="949504" total="1048576" percent="90" />
    <arraylet-primitive objects="2" leaves="2" largest="1" />
    <remembered-set count="38400" freebytes="5831808" totalbytes="5985408" percent="97" regionsoverflowed="0" regionsstable="4" regionsrebuilding="0"/>
  </mem-info>
</gc-end>
<cycle-end id="646" type="partial gc" contextid="638" timestamp="2019-09-21T18:42:55.626" />
  <attribute name="elasticGC enabled" value="1" />
  <attribute name= "numThreadsSpecified" value="8" />
  <attribute name="heapSize specified" value="0" />
  <attribute name="Current GC Util" value="120" />
  <attribute name= "Current Time Running" value="1815" />
  <attribute name ="GC Interval" value="0" />
  <attribute name="Target GC Util Change" value ="40.000000" />
  <attribute name="Current GC Util Change" value="120.000000"/>
  <attribute name="Current Error" value="-169.000000" />
  <attribute name="Output H" value="146876128"/>
  <attribute name="Output I" value="1816"/>
  <attribute name="Output T" value="8"/>
  <attribute name= "Current Time Running" value="1815" />
  <attribute name="GC Util currently" value="120" />
  <attribute name="CPU Util currently" value="7302910921100" />
<exclusive-end id="647" timestamp="2019-09-21T18:42:55.626" durationms="5.155" />

<exclusive-start id="648" timestamp="2019-09-21T18:42:55.662" intervalms="41.200">
  <response-info timems="0.084" idlems="0.084" threads="0" lastid="00000000027D2B00" lastname="Thread-18" />
</exclusive-start>
<allocation-taxation id="649" taxation-threshold="44040192" timestamp="2019-09-21T18:42:55.662" intervalms="41.199" />
<cycle-start id="650" type="partial gc" contextid="0" timestamp="2019-09-21T18:42:55.662" intervalms="41.116" />
<gc-start id="651" type="partial gc" contextid="650" timestamp="2019-09-21T18:42:55.663">
  <mem-info id="652" free="46137344" total="149946368" percent="30">
    <mem type="eden" free="0" total="44040192" percent="0" />
    <arraylet-primitive objects="2" leaves="2" largest="1" />
    <remembered-set count="38112" freebytes="5832960" totalbytes="5985408" percent="97" regionsoverflowed="0" regionsstable="4" regionsrebuilding="0"/>
  </mem-info>
</gc-start>
<allocation-stats totalBytes="44034632" >
  <allocated-bytes non-tlh="0" tlh="44034632" arrayletleaf="0"/>
  <largest-consumer threadName="Thread-17" threadId="00000000027E1B00" bytes="7896032" />
</allocation-stats>
<gc-op id="653" type="copy forward" timems="3.214" contextid="650" timestamp="2019-09-21T18:42:55.667">
  <memory-copied type="eden" objects="5374" bytes="131208" bytesdiscarded="5096" />
  <memory-copied type="other" objects="31443" bytes="1304136" bytesdiscarded="116088" />
  <memory-cardclean objects="11453" bytes="598352" />
  <regions eden="42" other="5" />
  <remembered-set-cleared processed="28978" cleared="2417" durationms="0.180" />
  <stringconstants candidates="4597" cleared="0"  />
</gc-op>
<gc-op id="654" type="classunload" timems="0.003" contextid="650" timestamp="2019-09-21T18:42:55.667">
  <classunload-info classloadercandidates="8" classloadersunloaded="0" classesunloaded="0" anonymousclassesunloaded="0" quiescems="0.000" setupms="0.003" scanms="0.000" postms="0.000" />
</gc-op>
<heap-resize id="655" type="expand" space="default" amount="5242880" count="1" timems="0.085" reason="excessive time being spent in gc" timestamp="2019-09-21T18:42:55.667" />
<gc-end id="656" type="partial gc" contextid="650" durationms="4.561" usertimems="12.000" systemtimems="4.000" timestamp="2019-09-21T18:42:55.667" activeThreads="8">
  <mem-info id="657" free="93323264" total="155189248" percent="60">
    <mem type="eden" free="1960848" total="2097152" percent="93" />
    <arraylet-primitive objects="2" leaves="2" largest="1" />
    <remembered-set count="39296" freebytes="6037504" totalbytes="6194688" percent="97" regionsoverflowed="0" regionsstable="4" regionsrebuilding="0"/>
  </mem-info>
</gc-end>
<cycle-end id="658" type="partial gc" contextid="650" timestamp="2019-09-21T18:42:55.667" />
  <attribute name="elasticGC enabled" value="1" />
  <attribute name= "numThreadsSpecified" value="8" />
  <attribute name="heapSize specified" value="0" />
  <attribute name="Current GC Util" value="118" />
  <attribute name= "Current Time Running" value="1856" />
  <attribute name ="GC Interval" value="0" />
  <attribute name="Target GC Util Change" value ="40.000000" />
  <attribute name="Current GC Util Change" value="118.000000"/>
  <attribute name="Current Error" value="-235.000000" />
  <attribute name="Output H" value="150021784"/>
  <attribute name="Output I" value="1744"/>
  <attribute name="Output T" value="8"/>
  <attribute name= "Current Time Running" value="1856" />
  <attribute name="GC Util currently" value="118" />
  <attribute name="CPU Util currently" value="7411426467885" />
<exclusive-end id="659" timestamp="2019-09-21T18:42:55.668" durationms="5.414" />

<exclusive-start id="660" timestamp="2019-09-21T18:42:55.692" intervalms="29.548">
  <response-info timems="0.108" idlems="0.108" threads="0" lastid="00000000027D6700" lastname="Thread-12" />
</exclusive-start>
<allocation-taxation id="661" taxation-threshold="45088768" timestamp="2019-09-21T18:42:55.692" intervalms="29.602" />
<cycle-start id="662" type="partial gc" contextid="0" timestamp="2019-09-21T18:42:55.692" intervalms="29.637" />
<gc-start id="663" type="partial gc" contextid="662" timestamp="2019-09-21T18:42:55.692">
  <mem-info id="664" free="48234496" total="155189248" percent="31">
    <mem type="eden" free="0" total="45088768" percent="0" />
    <arraylet-primitive objects="2" leaves="2" largest="1" />
    <remembered-set count="39104" freebytes="6038272" totalbytes="6194688" percent="97" regionsoverflowed="0" regionsstable="4" regionsrebuilding="0"/>
  </mem-info>
</gc-start>
<allocation-stats totalBytes="45083208" >
  <allocated-bytes non-tlh="0" tlh="45083208" arrayletleaf="0"/>
  <largest-consumer threadName="Thread-17" threadId="00000000027E1B00" bytes="9042848" />
</allocation-stats>
<gc-op id="665" type="copy forward" timems="3.401" contextid="662" timestamp="2019-09-21T18:42:55.696">
  <memory-copied type="eden" objects="11198" bytes="409192" bytesdiscarded="13464" />
  <memory-copied type="other" objects="50724" bytes="2179008" bytesdiscarded="172040" />
  <memory-cardclean objects="6180" bytes="326312" />
  <regions eden="43" other="6" />
  <remembered-set-cleared processed="29054" cleared="2741" durationms="0.160" />
  <stringconstants candidates="4597" cleared="0"  />
</gc-op>
<gc-op id="666" type="classunload" timems="0.002" contextid="662" timestamp="2019-09-21T18:42:55.696">
  <classunload-info classloadercandidates="8" classloadersunloaded="0" classesunloaded="0" anonymousclassesunloaded="0" quiescems="0.000" setupms="0.002" scanms="0.000" postms="0.000" />
</gc-op>
<gc-end id="667" type="partial gc" contextid="662" durationms="4.423" usertimems="12.000" systemtimems="0.000" timestamp="2019-09-21T18:42:55.697" activeThreads="8">
  <mem-info id="668" free="93323264" total="155189248" percent="60">
    <mem type="eden" free="625920" total="1048576" percent="59" />
    <arraylet-primitive objects="2" leaves="2" largest="1" />
    <remembered-set count="40800" freebytes="6031488" totalbytes="6194688" percent="97" regionsoverflowed="0" regionsstable="4" regionsrebuilding="0"/>
  </mem-info>
</gc-end>
<cycle-end id="669" type="partial gc" contextid="662" timestamp="2019-09-21T18:42:55.697" />
  <attribute name="elasticGC enabled" value="1" />
  <attribute name= "numThreadsSpecified" value="8" />
  <attribute name="heapSize specified" value="0" />
  <attribute name="Current GC Util" value="132" />
  <attribute name= "Current Time Running" value="1885" />
  <attribute name ="GC Interval" value="0" />
  <attribute name="Target GC Util Change" value ="40.000000" />
  <attribute name="Current GC Util Change" value="132.000000"/>
  <attribute name="Current Error" value="-90.000000" />
  <attribute name="Output H" value="155264832"/>
  <attribute name="Output I" value="1912"/>
  <attribute name="Output T" value="8"/>
  <attribute name= "Current Time Running" value="1885" />
  <attribute name="GC Util currently" value="132" />
  <attribute name="CPU Util currently" value="7419391486558" />
<exclusive-end id="670" timestamp="2019-09-21T18:42:55.697" durationms="5.203" />

<exclusive-start id="671" timestamp="2019-09-21T18:42:55.723" intervalms="31.144">
  <response-info timems="0.101" idlems="0.101" threads="0" lastid="00000000027E5700" lastname="Thread-14" />
</exclusive-start>
<allocation-taxation id="672" taxation-threshold="45088768" timestamp="2019-09-21T18:42:55.723" intervalms="31.212" />
<cycle-start id="673" type="partial gc" contextid="0" timestamp="2019-09-21T18:42:55.723" intervalms="31.306" />
<gc-start id="674" type="partial gc" contextid="673" timestamp="2019-09-21T18:42:55.724">
  <mem-info id="675" free="48234496" total="155189248" percent="31">
    <mem type="eden" free="0" total="45088768" percent="0" />
    <arraylet-primitive objects="2" leaves="2" largest="1" />
    <remembered-set count="40512" freebytes="6032640" totalbytes="6194688" percent="97" regionsoverflowed="0" regionsstable="4" regionsrebuilding="0"/>
  </mem-info>
</gc-start>
<allocation-stats totalBytes="45082608" >
  <allocated-bytes non-tlh="0" tlh="45082608" arrayletleaf="0"/>
  <largest-consumer threadName="Thread-17" threadId="00000000027E1B00" bytes="8334112" />
</allocation-stats>
<gc-op id="676" type="copy forward" timems="3.676" contextid="673" timestamp="2019-09-21T18:42:55.728">
  <memory-copied type="eden" objects="4211" bytes="103648" bytesdiscarded="21104" />
  <memory-copied type="other" objects="42227" bytes="1837704" bytesdiscarded="111672" />
  <memory-cardclean objects="9592" bytes="505424" />
  <regions eden="43" other="5" />
  <remembered-set-cleared processed="30607" cleared="4040" durationms="0.183" />
  <stringconstants candidates="4597" cleared="0"  />
</gc-op>
<gc-op id="677" type="classunload" timems="0.002" contextid="673" timestamp="2019-09-21T18:42:55.728">
  <classunload-info classloadercandidates="8" classloadersunloaded="0" classesunloaded="0" anonymousclassesunloaded="0" quiescems="0.000" setupms="0.002" scanms="0.000" postms="0.000" />
</gc-op>
<heap-resize id="678" type="expand" space="default" amount="2097152" count="1" timems="0.066" reason="excessive time being spent in gc" timestamp="2019-09-21T18:42:55.728" />
<gc-end id="679" type="partial gc" contextid="673" durationms="5.025" usertimems="12.000" systemtimems="0.000" timestamp="2019-09-21T18:42:55.729" activeThreads="8">
  <mem-info id="680" free="94371840" total="157286400" percent="60">
    <mem type="eden" free="923824" total="1048576" percent="88" />
    <arraylet-primitive objects="2" leaves="2" largest="1" />
    <remembered-set count="41280" freebytes="6113280" totalbytes="6278400" percent="97" regionsoverflowed="0" regionsstable="4" regionsrebuilding="0"/>
  </mem-info>
</gc-end>
<cycle-end id="681" type="partial gc" contextid="673" timestamp="2019-09-21T18:42:55.729" />
  <attribute name="elasticGC enabled" value="1" />
  <attribute name= "numThreadsSpecified" value="8" />
  <attribute name="heapSize specified" value="0" />
  <attribute name="Current GC Util" value="108" />
  <attribute name= "Current Time Running" value="1917" />
  <attribute name ="GC Interval" value="0" />
  <attribute name="Target GC Util Change" value ="40.000000" />
  <attribute name="Current GC Util Change" value="108.000000"/>
  <attribute name="Current Error" value="-160.000000" />
  <attribute name="Output H" value="155264744"/>
  <attribute name="Output I" value="1824"/>
  <attribute name="Output T" value="8"/>
  <attribute name= "Current Time Running" value="1917" />
  <attribute name="GC Util currently" value="108" />
  <attribute name="CPU Util currently" value="7918362519389" />
<exclusive-end id="682" timestamp="2019-09-21T18:42:55.729" durationms="6.079" />

<exclusive-start id="683" timestamp="2019-09-21T18:42:55.754" intervalms="30.803">
  <response-info timems="0.063" idlems="0.063" threads="0" lastid="00000000027E9300" lastname="Thread-15" />
</exclusive-start>
<allocation-taxation id="684" taxation-threshold="46137344" timestamp="2019-09-21T18:42:55.754" intervalms="30.713" />
<cycle-start id="685" type="partial gc" contextid="0" timestamp="2019-09-21T18:42:55.754" intervalms="30.655" />
<gc-start id="686" type="partial gc" contextid="685" timestamp="2019-09-21T18:42:55.754">
  <mem-info id="687" free="48234496" total="157286400" percent="30">
    <mem type="eden" free="0" total="46137344" percent="0" />
    <arraylet-primitive objects="2" leaves="2" largest="1" />
    <remembered-set count="41088" freebytes="6114048" totalbytes="6278400" percent="97" regionsoverflowed="0" regionsstable="4" regionsrebuilding="0"/>
  </mem-info>
</gc-start>
<allocation-stats totalBytes="46131360" >
  <allocated-bytes non-tlh="0" tlh="46131360" arrayletleaf="0"/>
  <largest-consumer threadName="Thread-11" threadId="00000000027DA300" bytes="9145304" />
</allocation-stats>
<gc-op id="688" type="copy forward" timems="3.193" contextid="685" timestamp="2019-09-21T18:42:55.758">
  <memory-copied type="eden" objects="14776" bytes="632400" bytesdiscarded="15264" />
  <memory-copied type="other" objects="39854" bytes="1780752" bytesdiscarded="118696" />
  <memory-cardclean objects="1597" bytes="83648" />
  <regions eden="44" other="5" />
  <remembered-set-cleared processed="31208" cleared="4898" durationms="0.172" />
  <stringconstants candidates="4597" cleared="0"  />
</gc-op>
<gc-op id="689" type="classunload" timems="0.003" contextid="685" timestamp="2019-09-21T18:42:55.758">
  <classunload-info classloadercandidates="8" classloadersunloaded="0" classesunloaded="0" anonymousclassesunloaded="0" quiescems="0.000" setupms="0.003" scanms="0.000" postms="0.000" />
</gc-op>
<heap-resize id="690" type="expand" space="default" amount="3145728" count="1" timems="0.072" reason="excessive time being spent in gc" timestamp="2019-09-21T18:42:55.759" />
<gc-end id="691" type="partial gc" contextid="685" durationms="4.424" usertimems="20.000" systemtimems="0.000" timestamp="2019-09-21T18:42:55.759" activeThreads="8">
  <mem-info id="692" free="96468992" total="160432128" percent="60">
    <mem type="eden" free="400912" total="1048576" percent="38" />
    <arraylet-primitive objects="2" leaves="2" largest="1" />
    <remembered-set count="39840" freebytes="6244608" totalbytes="6403968" percent="97" regionsoverflowed="0" regionsstable="4" regionsrebuilding="0"/>
  </mem-info>
</gc-end>
<cycle-end id="693" type="partial gc" contextid="685" timestamp="2019-09-21T18:42:55.759" />
  <attribute name="elasticGC enabled" value="1" />
  <attribute name= "numThreadsSpecified" value="8" />
  <attribute name="heapSize specified" value="0" />
  <attribute name="Current GC Util" value="116" />
  <attribute name= "Current Time Running" value="1947" />
  <attribute name ="GC Interval" value="0" />
  <attribute name="Target GC Util Change" value ="40.000000" />
  <attribute name="Current GC Util Change" value="116.000000"/>
  <attribute name="Current Error" value="-236.000000" />
  <attribute name="Output H" value="157361808"/>
  <attribute name="Output I" value="1736"/>
  <attribute name="Output T" value="8"/>
  <attribute name= "Current Time Running" value="1947" />
  <attribute name="GC Util currently" value="116" />
  <attribute name="CPU Util currently" value="8245165566100" />
<exclusive-end id="694" timestamp="2019-09-21T18:42:55.759" durationms="5.378" />

<exclusive-start id="695" timestamp="2019-09-21T18:42:55.783" intervalms="29.271">
  <response-info timems="0.187" idlems="0.183" threads="1" lastid="00000000027E5700" lastname="Thread-14" />
</exclusive-start>
<allocation-taxation id="696" taxation-threshold="46137344" timestamp="2019-09-21T18:42:55.783" intervalms="29.312" />
<cycle-start id="697" type="partial gc" contextid="0" timestamp="2019-09-21T18:42:55.783" intervalms="29.364" />
<gc-start id="698" type="partial gc" contextid="697" timestamp="2019-09-21T18:42:55.784">
  <mem-info id="699" free="50331648" total="160432128" percent="31">
    <mem type="eden" free="0" total="46137344" percent="0" />
    <arraylet-primitive objects="2" leaves="2" largest="1" />
    <remembered-set count="39712" freebytes="6245120" totalbytes="6403968" percent="97" regionsoverflowed="0" regionsstable="4" regionsrebuilding="0"/>
  </mem-info>
</gc-start>
<allocation-stats totalBytes="46131288" >
  <allocated-bytes non-tlh="0" tlh="46131288" arrayletleaf="0"/>
  <largest-consumer threadName="Thread-11" threadId="00000000027DA300" bytes="9108288" />
</allocation-stats>
<gc-op id="700" type="copy forward" timems="3.053" contextid="697" timestamp="2019-09-21T18:42:55.787">
  <memory-copied type="eden" objects="9664" bytes="372296" bytesdiscarded="50632" />
  <memory-copied type="other" objects="39818" bytes="1779888" bytesdiscarded="86776" />
  <memory-cardclean objects="2387" bytes="140552" />
  <regions eden="44" other="5" />
  <remembered-set-cleared processed="30745" cleared="4434" durationms="0.149" />
  <stringconstants candidates="4597" cleared="0"  />
</gc-op>
<gc-op id="701" type="classunload" timems="0.003" contextid="697" timestamp="2019-09-21T18:42:55.788">
  <classunload-info classloadercandidates="8" classloadersunloaded="0" classesunloaded="0" anonymousclassesunloaded="0" quiescems="0.000" setupms="0.003" scanms="0.000" postms="0.000" />
</gc-op>
<heap-resize id="702" type="expand" space="default" amount="2097152" count="1" timems="0.066" reason="excessive time being spent in gc" timestamp="2019-09-21T18:42:55.788" />
<gc-end id="703" type="partial gc" contextid="697" durationms="4.259" usertimems="20.000" systemtimems="0.000" timestamp="2019-09-21T18:42:55.788" activeThreads="8">
  <mem-info id="704" free="97517568" total="162529280" percent="60">
    <mem type="eden" free="625648" total="1048576" percent="59" />
    <arraylet-primitive objects="2" leaves="2" largest="1" />
    <remembered-set count="39840" freebytes="6328320" totalbytes="6487680" percent="97" regionsoverflowed="0" regionsstable="4" regionsrebuilding="0"/>
  </mem-info>
</gc-end>
<cycle-end id="705" type="partial gc" contextid="697" timestamp="2019-09-21T18:42:55.788" />
  <attribute name="elasticGC enabled" value="1" />
  <attribute name= "numThreadsSpecified" value="8" />
  <attribute name="heapSize specified" value="0" />
  <attribute name="Current GC Util" value="114" />
  <attribute name= "Current Time Running" value="1977" />
  <attribute name ="GC Interval" value="0" />
  <attribute name="Target GC Util Change" value ="40.000000" />
  <attribute name="Current GC Util Change" value="114.000000"/>
  <attribute name="Current Error" value="-76.000000" />
  <attribute name="Output H" value="160507728"/>
  <attribute name="Output I" value="1928"/>
  <attribute name="Output T" value="8"/>
  <attribute name= "Current Time Running" value="1977" />
  <attribute name="GC Util currently" value="114" />
  <attribute name="CPU Util currently" value="7395855992485" />
<exclusive-end id="706" timestamp="2019-09-21T18:42:55.788" durationms="5.331" />

<exclusive-start id="707" timestamp="2019-09-21T18:42:55.812" intervalms="29.284">
  <response-info timems="0.051" idlems="0.051" threads="0" lastid="00000000027DA300" lastname="Thread-11" />
</exclusive-start>
<allocation-taxation id="708" taxation-threshold="47185920" timestamp="2019-09-21T18:42:55.812" intervalms="29.264" />
<cycle-start id="709" type="partial gc" contextid="0" timestamp="2019-09-21T18:42:55.813" intervalms="29.229" />
<gc-start id="710" type="partial gc" contextid="709" timestamp="2019-09-21T18:42:55.813">
  <mem-info id="711" free="50331648" total="162529280" percent="30">
    <mem type="eden" free="0" total="47185920" percent="0" />
    <arraylet-primitive objects="2" leaves="2" largest="1" />
    <remembered-set count="39552" freebytes="6329472" totalbytes="6487680" percent="97" regionsoverflowed="0" regionsstable="4" regionsrebuilding="0"/>
  </mem-info>
</gc-start>
<allocation-stats totalBytes="47180016" >
  <allocated-bytes non-tlh="0" tlh="47180016" arrayletleaf="0"/>
  <largest-consumer threadName="Thread-11" threadId="00000000027DA300" bytes="10263456" />
</allocation-stats>
<gc-op id="712" type="copy forward" timems="3.343" contextid="709" timestamp="2019-09-21T18:42:55.817">
  <memory-copied type="eden" objects="25984" bytes="1038040" bytesdiscarded="77384" />
  <memory-copied type="other" objects="15793" bytes="653784" bytesdiscarded="49256" />
  <memory-cardclean objects="8929" bytes="477248" />
  <regions eden="45" other="3" />
  <remembered-set-cleared processed="31018" cleared="1743" durationms="0.175" />
  <stringconstants candidates="4597" cleared="0"  />
</gc-op>
<gc-op id="713" type="classunload" timems="0.002" contextid="709" timestamp="2019-09-21T18:42:55.817">
  <classunload-info classloadercandidates="8" classloadersunloaded="0" classesunloaded="0" anonymousclassesunloaded="0" quiescems="0.000" setupms="0.002" scanms="0.000" postms="0.000" />
</gc-op>
<heap-resize id="714" type="expand" space="default" amount="5242880" count="1" timems="0.082" reason="excessive time being spent in gc" timestamp="2019-09-21T18:42:55.817" />
<gc-end id="715" type="partial gc" contextid="709" durationms="4.567" usertimems="12.000" systemtimems="0.000" timestamp="2019-09-21T18:42:55.817" activeThreads="8">
  <mem-info id="716" free="100663296" total="167772160" percent="60">
    <mem type="eden" free="981728" total="2097152" percent="46" />
    <arraylet-primitive objects="2" leaves="2" largest="1" />
    <remembered-set count="40832" freebytes="6533632" totalbytes="6696960" percent="97" regionsoverflowed="0" regionsstable="4" regionsrebuilding="0"/>
  </mem-info>
</gc-end>
<cycle-end id="717" type="partial gc" contextid="709" timestamp="2019-09-21T18:42:55.817" />
  <attribute name="elasticGC enabled" value="1" />
  <attribute name= "numThreadsSpecified" value="8" />
  <attribute name="heapSize specified" value="0" />
  <attribute name="Current GC Util" value="121" />
  <attribute name= "Current Time Running" value="2006" />
  <attribute name ="GC Interval" value="0" />
  <attribute name="Target GC Util Change" value ="40.000000" />
  <attribute name="Current GC Util Change" value="121.000000"/>
  <attribute name="Current Error" value="-163.000000" />
  <attribute name="Output H" value="162604776"/>
  <attribute name="Output I" value="1824"/>
  <attribute name="Output T" value="8"/>
  <attribute name= "Current Time Running" value="2006" />
  <attribute name="GC Util currently" value="121" />
  <attribute name="CPU Util currently" value="7301870248033" />
<exclusive-end id="718" timestamp="2019-09-21T18:42:55.818" durationms="5.579" />

<exclusive-start id="719" timestamp="2019-09-21T18:42:55.841" intervalms="28.598">
  <response-info timems="0.068" idlems="0.065" threads="1" lastid="00000000027DA300" lastname="Thread-11" />
</exclusive-start>
<allocation-taxation id="720" taxation-threshold="48234496" timestamp="2019-09-21T18:42:55.841" intervalms="28.665" />
<cycle-start id="721" type="partial gc" contextid="0" timestamp="2019-09-21T18:42:55.841" intervalms="28.614" />
<gc-start id="722" type="partial gc" contextid="721" timestamp="2019-09-21T18:42:55.841">
  <mem-info id="723" free="52428800" total="167772160" percent="31">
    <mem type="eden" free="0" total="48234496" percent="0" />
    <arraylet-primitive objects="2" leaves="2" largest="1" />
    <remembered-set count="40544" freebytes="6534784" totalbytes="6696960" percent="97" regionsoverflowed="0" regionsstable="4" regionsrebuilding="0"/>
  </mem-info>
</gc-start>
<allocation-stats totalBytes="48228480" >
  <allocated-bytes non-tlh="0" tlh="48228480" arrayletleaf="0"/>
  <largest-consumer threadName="Thread-15" threadId="00000000027E9300" bytes="10451792" />
</allocation-stats>
<gc-op id="724" type="copy forward" timems="2.835" contextid="721" timestamp="2019-09-21T18:42:55.845">
  <memory-copied type="eden" objects="14934" bytes="636080" bytesdiscarded="61576" />
  <memory-copied type="other" objects="29121" bytes="1385784" bytesdiscarded="82952" />
  <memory-cardclean objects="2671" bytes="130880" />
  <regions eden="46" other="6" />
  <remembered-set-cleared processed="31149" cleared="4402" durationms="0.167" />
  <stringconstants candidates="4597" cleared="0"  />
</gc-op>
<gc-op id="725" type="classunload" timems="0.003" contextid="721" timestamp="2019-09-21T18:42:55.845">
  <classunload-info classloadercandidates="8" classloadersunloaded="0" classesunloaded="0" anonymousclassesunloaded="0" quiescems="0.000" setupms="0.003" scanms="0.000" postms="0.000" />
</gc-op>
<gc-end id="726" type="partial gc" contextid="721" durationms="4.184" usertimems="12.000" systemtimems="0.000" timestamp="2019-09-21T18:42:55.846" activeThreads="8">
  <mem-info id="727" free="100663296" total="167772160" percent="60">
    <mem type="eden" free="350920" total="1048576" percent="33" />
    <arraylet-primitive objects="2" leaves="2" largest="1" />
    <remembered-set count="37920" freebytes="6545280" totalbytes="6696960" percent="97" regionsoverflowed="0" regionsstable="4" regionsrebuilding="0"/>
  </mem-info>
</gc-end>
<cycle-end id="728" type="partial gc" contextid="721" timestamp="2019-09-21T18:42:55.846" />
  <attribute name="elasticGC enabled" value="1" />
  <attribute name= "numThreadsSpecified" value="8" />
  <attribute name="heapSize specified" value="0" />
  <attribute name="Current GC Util" value="103" />
  <attribute name= "Current Time Running" value="2035" />
  <attribute name ="GC Interval" value="0" />
  <attribute name="Target GC Util Change" value ="40.000000" />
  <attribute name="Current GC Util Change" value="103.000000"/>
  <attribute name="Current Error" value="-224.000000" />
  <attribute name="Output H" value="167847584"/>
  <attribute name="Output I" value="1752"/>
  <attribute name="Output T" value="8"/>
  <attribute name= "Current Time Running" value="2035" />
  <attribute name="GC Util currently" value="103" />
  <attribute name="CPU Util currently" value="6676577982421" />
<exclusive-end id="729" timestamp="2019-09-21T18:42:55.846" durationms="5.368" />

<exclusive-start id="730" timestamp="2019-09-21T18:42:55.869" intervalms="28.198">
  <response-info timems="0.060" idlems="0.060" threads="0" lastid="00000000027DA300" lastname="Thread-11" />
</exclusive-start>
<allocation-taxation id="731" taxation-threshold="48234496" timestamp="2019-09-21T18:42:55.869" intervalms="28.148" />
<cycle-start id="732" type="partial gc" contextid="0" timestamp="2019-09-21T18:42:55.869" intervalms="28.228" />
<gc-start id="733" type="partial gc" contextid="732" timestamp="2019-09-21T18:42:55.870">
  <mem-info id="734" free="52428800" total="167772160" percent="31">
    <mem type="eden" free="0" total="48234496" percent="0" />
    <arraylet-primitive objects="2" leaves="2" largest="1" />
    <remembered-set count="37760" freebytes="6545920" totalbytes="6696960" percent="97" regionsoverflowed="0" regionsstable="4" regionsrebuilding="0"/>
  </mem-info>
</gc-start>
<allocation-stats totalBytes="48228104" >
  <allocated-bytes non-tlh="0" tlh="48228104" arrayletleaf="0"/>
  <largest-consumer threadName="Thread-15" threadId="00000000027E9300" bytes="10742400" />
</allocation-stats>
<gc-op id="735" type="copy forward" timems="2.380" contextid="732" timestamp="2019-09-21T18:42:55.873">
  <memory-copied type="eden" objects="8273" bytes="338624" bytesdiscarded="57096" />
  <memory-copied type="other" objects="19770" bytes="886608" bytesdiscarded="66344" />
  <memory-cardclean objects="5154" bytes="307352" />
  <regions eden="46" other="3" />
  <remembered-set-cleared processed="29422" cleared="1209" durationms="0.191" />
  <stringconstants candidates="4597" cleared="0"  />
</gc-op>
<gc-op id="736" type="classunload" timems="0.003" contextid="732" timestamp="2019-09-21T18:42:55.873">
  <classunload-info classloadercandidates="8" classloadersunloaded="0" classesunloaded="0" anonymousclassesunloaded="0" quiescems="0.000" setupms="0.003" scanms="0.000" postms="0.000" />
</gc-op>
<heap-resize id="737" type="expand" space="default" amount="3145728" count="1" timems="0.089" reason="excessive time being spent in gc" timestamp="2019-09-21T18:42:55.873" />
<gc-end id="738" type="partial gc" contextid="732" durationms="3.714" usertimems="12.000" systemtimems="0.000" timestamp="2019-09-21T18:42:55.873" activeThreads="8">
  <mem-info id="739" free="102760448" total="170917888" percent="60">
    <mem type="eden" free="652856" total="1048576" percent="62" />
    <arraylet-primitive objects="2" leaves="2" largest="1" />
    <remembered-set count="38368" freebytes="6669056" totalbytes="6822528" percent="97" regionsoverflowed="0" regionsstable="4" regionsrebuilding="0"/>
  </mem-info>
</gc-end>
<cycle-end id="740" type="partial gc" contextid="732" timestamp="2019-09-21T18:42:55.874" />
  <attribute name="elasticGC enabled" value="1" />
  <attribute name= "numThreadsSpecified" value="8" />
  <attribute name="heapSize specified" value="0" />
  <attribute name="Current GC Util" value="115" />
  <attribute name= "Current Time Running" value="2063" />
  <attribute name ="GC Interval" value="0" />
  <attribute name="Target GC Util Change" value ="40.000000" />
  <attribute name="Current GC Util Change" value="115.000000"/>
  <attribute name="Current Error" value="-73.000000" />
  <attribute name="Output H" value="167847760"/>
  <attribute name="Output I" value="1928"/>
  <attribute name="Output T" value="8"/>
  <attribute name= "Current Time Running" value="2063" />
  <attribute name="GC Util currently" value="115" />
  <attribute name="CPU Util currently" value="6476432163399" />
<exclusive-end id="741" timestamp="2019-09-21T18:42:55.874" durationms="4.877" />

<exclusive-start id="742" timestamp="2019-09-21T18:42:55.898" intervalms="29.244">
  <response-info timems="0.057" idlems="0.057" threads="0" lastid="00000000027E1B00" lastname="Thread-17" />
</exclusive-start>
<allocation-taxation id="743" taxation-threshold="49283072" timestamp="2019-09-21T18:42:55.898" intervalms="29.217" />
<cycle-start id="744" type="partial gc" contextid="0" timestamp="2019-09-21T18:42:55.899" intervalms="29.185" />
<gc-start id="745" type="partial gc" contextid="744" timestamp="2019-09-21T18:42:55.899">
  <mem-info id="746" free="53477376" total="170917888" percent="31">
    <mem type="eden" free="0" total="49283072" percent="0" />
    <arraylet-primitive objects="2" leaves="2" largest="1" />
    <remembered-set count="38368" freebytes="6669056" totalbytes="6822528" percent="97" regionsoverflowed="0" regionsstable="4" regionsrebuilding="0"/>
  </mem-info>
</gc-start>
<allocation-stats totalBytes="49277000" >
  <allocated-bytes non-tlh="0" tlh="49277000" arrayletleaf="0"/>
  <largest-consumer threadName="Thread-15" threadId="00000000027E9300" bytes="10332928" />
</allocation-stats>
<gc-op id="747" type="copy forward" timems="2.596" contextid="744" timestamp="2019-09-21T18:42:55.902">
  <memory-copied type="eden" objects="3640" bytes="89968" bytesdiscarded="16648" />
  <memory-copied type="other" objects="27941" bytes="1220088" bytesdiscarded="77816" />
  <memory-cardclean objects="8049" bytes="411920" />
  <regions eden="47" other="4" />
  <remembered-set-cleared processed="29750" cleared="2388" durationms="0.181" />
  <stringconstants candidates="4597" cleared="0"  />
</gc-op>
<gc-op id="748" type="classunload" timems="0.003" contextid="744" timestamp="2019-09-21T18:42:55.902">
  <classunload-info classloadercandidates="8" classloadersunloaded="0" classesunloaded="0" anonymousclassesunloaded="0" quiescems="0.000" setupms="0.003" scanms="0.000" postms="0.000" />
</gc-op>
<heap-resize id="749" type="expand" space="default" amount="2097152" count="1" timems="0.066" reason="excessive time being spent in gc" timestamp="2019-09-21T18:42:55.903" />
<gc-end id="750" type="partial gc" contextid="744" durationms="3.742" usertimems="16.000" systemtimems="0.000" timestamp="2019-09-21T18:42:55.903" activeThreads="8">
  <mem-info id="751" free="103809024" total="173015040" percent="60">
    <mem type="eden" free="941960" total="1048576" percent="89" />
    <arraylet-primitive objects="2" leaves="2" largest="1" />
    <remembered-set count="39936" freebytes="6746496" totalbytes="6906240" percent="97" regionsoverflowed="0" regionsstable="4" regionsrebuilding="0"/>
  </mem-info>
</gc-end>
<cycle-end id="752" type="partial gc" contextid="744" timestamp="2019-09-21T18:42:55.903" />
  <attribute name="elasticGC enabled" value="1" />
  <attribute name= "numThreadsSpecified" value="8" />
  <attribute name="heapSize specified" value="0" />
  <attribute name="Current GC Util" value="119" />
  <attribute name= "Current Time Running" value="2092" />
  <attribute name ="GC Interval" value="0" />
  <attribute name="Target GC Util Change" value ="40.000000" />
  <attribute name="Current GC Util Change" value="119.000000"/>
  <attribute name="Current Error" value="-144.000000" />
  <attribute name="Output H" value="170993408"/>
  <attribute name="Output I" value="1848"/>
  <attribute name="Output T" value="8"/>
  <attribute name= "Current Time Running" value="2092" />
  <attribute name="GC Util currently" value="119" />
  <attribute name="CPU Util currently" value="7421158505247" />
<exclusive-end id="753" timestamp="2019-09-21T18:42:55.903" durationms="4.763" />

<exclusive-start id="754" timestamp="2019-09-21T18:42:55.927" intervalms="28.717">
  <response-info timems="0.080" idlems="0.080" threads="0" lastid="00000000027E9300" lastname="Thread-15" />
</exclusive-start>
<allocation-taxation id="755" taxation-threshold="49283072" timestamp="2019-09-21T18:42:55.927" intervalms="28.751" />
<cycle-start id="756" type="partial gc" contextid="0" timestamp="2019-09-21T18:42:55.927" intervalms="28.730" />
<gc-start id="757" type="partial gc" contextid="756" timestamp="2019-09-21T18:42:55.928">
  <mem-info id="758" free="54525952" total="173015040" percent="31">
    <mem type="eden" free="0" total="49283072" percent="0" />
    <arraylet-primitive objects="2" leaves="2" largest="1" />
    <remembered-set count="39648" freebytes="6747648" totalbytes="6906240" percent="97" regionsoverflowed="0" regionsstable="4" regionsrebuilding="0"/>
  </mem-info>
</gc-start>
<allocation-stats totalBytes="49276936" >
  <allocated-bytes non-tlh="0" tlh="49276936" arrayletleaf="0"/>
  <largest-consumer threadName="Thread-15" threadId="00000000027E9300" bytes="9604088" />
</allocation-stats>
<gc-op id="759" type="copy forward" timems="3.134" contextid="756" timestamp="2019-09-21T18:42:55.931">
  <memory-copied type="eden" objects="11581" bytes="418464" bytesdiscarded="33272" />
  <memory-copied type="other" objects="28582" bytes="1235472" bytesdiscarded="82272" />
  <memory-cardclean objects="10755" bytes="560360" />
  <regions eden="47" other="5" />
  <remembered-set-cleared processed="30257" cleared="2566" durationms="0.153" />
  <stringconstants candidates="4597" cleared="0"  />
</gc-op>
<gc-op id="760" type="classunload" timems="0.003" contextid="756" timestamp="2019-09-21T18:42:55.932">
  <classunload-info classloadercandidates="8" classloadersunloaded="0" classesunloaded="0" anonymousclassesunloaded="0" quiescems="0.000" setupms="0.003" scanms="0.000" postms="0.000" />
</gc-op>
<heap-resize id="761" type="expand" space="default" amount="3145728" count="1" timems="0.069" reason="excessive time being spent in gc" timestamp="2019-09-21T18:42:55.932" />
<gc-end id="762" type="partial gc" contextid="756" durationms="4.292" usertimems="8.000" systemtimems="8.000" timestamp="2019-09-21T18:42:55.932" activeThreads="8">
  <mem-info id="763" free="105906176" total="176160768" percent="60">
    <mem type="eden" free="596840" total="1048576" percent="56" />
    <arraylet-primitive objects="2" leaves="2" largest="1" />
    <remembered-set count="40704" freebytes="6868992" totalbytes="7031808" percent="97" regionsoverflowed="0" regionsstable="4" regionsrebuilding="0"/>
  </mem-info>
</gc-end>
<cycle-end id="764" type="partial gc" contextid="756" timestamp="2019-09-21T18:42:55.932" />
  <attribute name="elasticGC enabled" value="1" />
  <attribute name= "numThreadsSpecified" value="8" />
  <attribute name="heapSize specified" value="0" />
  <attribute name="Current GC Util" value="117" />
  <attribute name= "Current Time Running" value="2121" />
  <attribute name ="GC Interval" value="0" />
  <attribute name="Target GC Util Change" value ="40.000000" />
  <attribute name="Current GC Util Change" value="117.000000"/>
  <attribute name="Current Error" value="-216.000000" />
  <attribute name="Output H" value="173090472"/>
  <attribute name="Output I" value="1760"/>
  <attribute name="Output T" value="8"/>
  <attribute name= "Current Time Running" value="2121" />
  <attribute name="GC Util currently" value="117" />
  <attribute name="CPU Util currently" value="7813424015040" />
<exclusive-end id="765" timestamp="2019-09-21T18:42:55.932" durationms="5.262" />

<exclusive-start id="766" timestamp="2019-09-21T18:42:55.957" intervalms="29.644">
  <response-info timems="0.053" idlems="0.053" threads="0" lastid="00000000027E9300" lastname="Thread-15" />
</exclusive-start>
<allocation-taxation id="767" taxation-threshold="50331648" timestamp="2019-09-21T18:42:55.957" intervalms="29.634" />
<cycle-start id="768" type="partial gc" contextid="0" timestamp="2019-09-21T18:42:55.957" intervalms="29.960" />
<gc-start id="769" type="partial gc" contextid="768" timestamp="2019-09-21T18:42:55.958">
  <mem-info id="770" free="55574528" total="176160768" percent="31">
    <mem type="eden" free="0" total="50331648" percent="0" />
    <arraylet-primitive objects="2" leaves="2" largest="1" />
    <remembered-set count="40672" freebytes="6869120" totalbytes="7031808" percent="97" regionsoverflowed="0" regionsstable="4" regionsrebuilding="0"/>
  </mem-info>
</gc-start>
<allocation-stats totalBytes="50325176" >
  <allocated-bytes non-tlh="0" tlh="50325176" arrayletleaf="0"/>
  <largest-consumer threadName="Thread-15" threadId="00000000027E9300" bytes="9636816" />
</allocation-stats>
<gc-op id="771" type="copy forward" timems="2.366" contextid="768" timestamp="2019-09-21T18:42:55.961">
  <memory-copied type="eden" objects="5708" bytes="140344" bytesdiscarded="14424" />
  <memory-copied type="other" objects="20325" bytes="762552" bytesdiscarded="42024" />
  <memory-cardclean objects="14080" bytes="758096" />
  <regions eden="48" other="3" />
  <remembered-set-cleared processed="31650" cleared="2909" durationms="0.180" />
  <stringconstants candidates="4597" cleared="0"  />
</gc-op>
<gc-op id="772" type="classunload" timems="0.002" contextid="768" timestamp="2019-09-21T18:42:55.961">
  <classunload-info classloadercandidates="8" classloadersunloaded="0" classesunloaded="0" anonymousclassesunloaded="0" quiescems="0.000" setupms="0.002" scanms="0.000" postms="0.000" />
</gc-op>
<heap-resize id="773" type="expand" space="default" amount="5242880" count="1" timems="0.084" reason="excessive time being spent in gc" timestamp="2019-09-21T18:42:55.961" />
<gc-end id="774" type="partial gc" contextid="768" durationms="3.638" usertimems="16.000" systemtimems="0.000" timestamp="2019-09-21T18:42:55.961" activeThreads="8">
  <mem-info id="775" free="109051904" total="181403648" percent="60">
    <mem type="eden" free="1942384" total="2097152" percent="92" />
    <arraylet-primitive objects="2" leaves="2" largest="1" />
    <remembered-set count="42688" freebytes="7070336" totalbytes="7241088" percent="97" regionsoverflowed="0" regionsstable="4" regionsrebuilding="0"/>
  </mem-info>
</gc-end>
<cycle-end id="776" type="partial gc" contextid="768" timestamp="2019-09-21T18:42:55.961" />
  <attribute name="elasticGC enabled" value="1" />
  <attribute name= "numThreadsSpecified" value="8" />
  <attribute name="heapSize specified" value="0" />
  <attribute name="Current GC Util" value="111" />
  <attribute name= "Current Time Running" value="2151" />
  <attribute name ="GC Interval" value="0" />
  <attribute name="Target GC Util Change" value ="40.000000" />
  <attribute name="Current GC Util Change" value="111.000000"/>
  <attribute name="Current Error" value="-72.000000" />
  <attribute name="Output H" value="176236368"/>
  <attribute name="Output I" value="1928"/>
  <attribute name="Output T" value="8"/>
  <attribute name= "Current Time Running" value="2151" />
  <attribute name="GC Util currently" value="111" />
  <attribute name="CPU Util currently" value="7646508932673" />
<exclusive-end id="777" timestamp="2019-09-21T18:42:55.962" durationms="4.966" />

<exclusive-start id="778" timestamp="2019-09-21T18:42:55.987" intervalms="30.729">
  <response-info timems="0.050" idlems="0.050" threads="0" lastid="00000000027DDF00" lastname="Thread-16" />
</exclusive-start>
<allocation-taxation id="779" taxation-threshold="51380224" timestamp="2019-09-21T18:42:55.987" intervalms="30.703" />
<cycle-start id="780" type="partial gc" contextid="0" timestamp="2019-09-21T18:42:55.988" intervalms="30.432" />
<gc-start id="781" type="partial gc" contextid="780" timestamp="2019-09-21T18:42:55.988">
  <mem-info id="782" free="57671680" total="181403648" percent="31">
    <mem type="eden" free="0" total="51380224" percent="0" />
    <arraylet-primitive objects="2" leaves="2" largest="1" />
    <remembered-set count="42656" freebytes="7070464" totalbytes="7241088" percent="97" regionsoverflowed="0" regionsstable="4" regionsrebuilding="0"/>
  </mem-info>
</gc-start>
<allocation-stats totalBytes="51373664" >
  <allocated-bytes non-tlh="0" tlh="51373664" arrayletleaf="0"/>
  <largest-consumer threadName="Thread-15" threadId="00000000027E9300" bytes="10087256" />
</allocation-stats>
<gc-op id="783" type="copy forward" timems="2.681" contextid="780" timestamp="2019-09-21T18:42:55.992">
  <memory-copied type="eden" objects="10438" bytes="390704" bytesdiscarded="22272" />
  <memory-copied type="other" objects="15991" bytes="521160" bytesdiscarded="64336" />
  <memory-cardclean objects="17738" bytes="880304" />
  <regions eden="49" other="5" />
  <remembered-set-cleared processed="32170" cleared="3032" durationms="0.176" />
  <stringconstants candidates="4597" cleared="0"  />
</gc-op>
<gc-op id="784" type="classunload" timems="0.003" contextid="780" timestamp="2019-09-21T18:42:55.992">
  <classunload-info classloadercandidates="8" classloadersunloaded="0" classesunloaded="0" anonymousclassesunloaded="0" quiescems="0.000" setupms="0.002" scanms="0.000" postms="0.000" />
</gc-op>
<gc-end id="785" type="partial gc" contextid="780" durationms="3.846" usertimems="12.000" systemtimems="0.000" timestamp="2019-09-21T18:42:55.992" activeThreads="8">
  <mem-info id="786" free="109051904" total="181403648" percent="60">
    <mem type="eden" free="635600" total="1048576" percent="60" />
    <arraylet-primitive objects="2" leaves="2" largest="1" />
    <remembered-set count="42976" freebytes="7069184" totalbytes="7241088" percent="97" regionsoverflowed="0" regionsstable="4" regionsrebuilding="0"/>
  </mem-info>
</gc-end>
<cycle-end id="787" type="partial gc" contextid="780" timestamp="2019-09-21T18:42:55.992" />
  <attribute name="elasticGC enabled" value="1" />
  <attribute name= "numThreadsSpecified" value="8" />
  <attribute name="heapSize specified" value="0" />
  <attribute name="Current GC Util" value="109" />
  <attribute name= "Current Time Running" value="2181" />
  <attribute name ="GC Interval" value="0" />
  <attribute name="Target GC Util Change" value ="40.000000" />
  <attribute name="Current GC Util Change" value="109.000000"/>
  <attribute name="Current Error" value="-133.000000" />
  <attribute name="Output H" value="181479176"/>
  <attribute name="Output I" value="1856"/>
  <attribute name="Output T" value="8"/>
  <attribute name= "Current Time Running" value="2181" />
  <attribute name="GC Util currently" value="109" />
  <attribute name="CPU Util currently" value="7249847513527" />
<exclusive-end id="788" timestamp="2019-09-21T18:42:55.992" durationms="4.781" />

<exclusive-start id="789" timestamp="2019-09-21T18:42:56.014" intervalms="26.801">
  <response-info timems="0.113" idlems="0.113" threads="0" lastid="00000000027D2B00" lastname="Thread-18" />
</exclusive-start>
<allocation-taxation id="790" taxation-threshold="51380224" timestamp="2019-09-21T18:42:56.014" intervalms="26.802" />
<cycle-start id="791" type="partial gc" contextid="0" timestamp="2019-09-21T18:42:56.014" intervalms="26.769" />
<gc-start id="792" type="partial gc" contextid="791" timestamp="2019-09-21T18:42:56.015">
  <mem-info id="793" free="57671680" total="181403648" percent="31">
    <mem type="eden" free="0" total="51380224" percent="0" />
    <arraylet-primitive objects="2" leaves="2" largest="1" />
    <remembered-set count="42944" freebytes="7069312" totalbytes="7241088" percent="97" regionsoverflowed="0" regionsstable="4" regionsrebuilding="0"/>
  </mem-info>
</gc-start>
<allocation-stats totalBytes="51372992" >
  <allocated-bytes non-tlh="0" tlh="51372992" arrayletleaf="0"/>
  <largest-consumer threadName="Thread-17" threadId="00000000027E1B00" bytes="10771016" />
</allocation-stats>
<gc-op id="794" type="copy forward" timems="2.899" contextid="791" timestamp="2019-09-21T18:42:56.019">
  <memory-copied type="eden" objects="17241" bytes="691216" bytesdiscarded="29144" />
  <memory-copied type="other" objects="18793" bytes="725784" bytesdiscarded="63320" />
  <memory-cardclean objects="15818" bytes="784112" />
  <regions eden="49" other="4" />
  <remembered-set-cleared processed="33044" cleared="4260" durationms="0.204" />
  <stringconstants candidates="4597" cleared="0"  />
</gc-op>
<gc-op id="795" type="classunload" timems="0.003" contextid="791" timestamp="2019-09-21T18:42:56.019">
  <classunload-info classloadercandidates="8" classloadersunloaded="0" classesunloaded="0" anonymousclassesunloaded="0" quiescems="0.000" setupms="0.002" scanms="0.000" postms="0.000" />
</gc-op>
<heap-resize id="796" type="expand" space="default" amount="2097152" count="1" timems="0.069" reason="excessive time being spent in gc" timestamp="2019-09-21T18:42:56.019" />
<gc-end id="797" type="partial gc" contextid="791" durationms="4.204" usertimems="12.000" systemtimems="0.000" timestamp="2019-09-21T18:42:56.019" activeThreads="8">
  <mem-info id="798" free="110100480" total="183500800" percent="60">
    <mem type="eden" free="328216" total="1048576" percent="31" />
    <arraylet-primitive objects="2" leaves="2" largest="1" />
    <remembered-set count="43232" freebytes="7151872" totalbytes="7324800" percent="97" regionsoverflowed="0" regionsstable="4" regionsrebuilding="0"/>
  </mem-info>
</gc-end>
<cycle-end id="799" type="partial gc" contextid="791" timestamp="2019-09-21T18:42:56.019" />
  <attribute name="elasticGC enabled" value="1" />
  <attribute name= "numThreadsSpecified" value="8" />
  <attribute name="heapSize specified" value="0" />
  <attribute name="Current GC Util" value="123" />
  <attribute name= "Current Time Running" value="2208" />
  <attribute name ="GC Interval" value="0" />
  <attribute name="Target GC Util Change" value ="40.000000" />
  <attribute name="Current GC Util Change" value="123.000000"/>
  <attribute name="Current Error" value="-215.000000" />
  <attribute name="Output H" value="181479080"/>
  <attribute name="Output I" value="1760"/>
  <attribute name="Output T" value="8"/>
  <attribute name= "Current Time Running" value="2208" />
  <attribute name="GC Util currently" value="123" />
  <attribute name="CPU Util currently" value="7526653547759" />
<exclusive-end id="800" timestamp="2019-09-21T18:42:56.019" durationms="5.154" />

<exclusive-start id="801" timestamp="2019-09-21T18:42:56.040" intervalms="25.994">
  <response-info timems="0.068" idlems="0.068" threads="0" lastid="00000000027E1B00" lastname="Thread-17" />
</exclusive-start>
<allocation-taxation id="802" taxation-threshold="52428800" timestamp="2019-09-21T18:42:56.040" intervalms="25.974" />
<cycle-start id="803" type="partial gc" contextid="0" timestamp="2019-09-21T18:42:56.040" intervalms="25.945" />
<gc-start id="804" type="partial gc" contextid="803" timestamp="2019-09-21T18:42:56.041">
  <mem-info id="805" free="57671680" total="183500800" percent="31">
    <mem type="eden" free="0" total="52428800" percent="0" />
    <arraylet-primitive objects="2" leaves="2" largest="1" />
    <remembered-set count="42944" freebytes="7153024" totalbytes="7324800" percent="97" regionsoverflowed="0" regionsstable="4" regionsrebuilding="0"/>
  </mem-info>
</gc-start>
<allocation-stats totalBytes="52421632" >
  <allocated-bytes non-tlh="0" tlh="52421632" arrayletleaf="0"/>
  <largest-consumer threadName="Thread-11" threadId="00000000027DA300" bytes="11794896" />
</allocation-stats>
<gc-op id="806" type="copy forward" timems="2.861" contextid="803" timestamp="2019-09-21T18:42:56.044">
  <memory-copied type="eden" objects="14654" bytes="629144" bytesdiscarded="76992" />
  <memory-copied type="other" objects="17551" bytes="696328" bytesdiscarded="116664" />
  <memory-cardclean objects="10186" bytes="510872" />
  <regions eden="50" other="5" />
  <remembered-set-cleared processed="32696" cleared="3483" durationms="0.181" />
  <stringconstants candidates="4597" cleared="0"  />
</gc-op>
<gc-op id="807" type="classunload" timems="0.003" contextid="803" timestamp="2019-09-21T18:42:56.045">
  <classunload-info classloadercandidates="8" classloadersunloaded="0" classesunloaded="0" anonymousclassesunloaded="0" quiescems="0.000" setupms="0.003" scanms="0.000" postms="0.000" />
</gc-op>
<heap-resize id="808" type="expand" space="default" amount="3145728" count="1" timems="0.072" reason="excessive time being spent in gc" timestamp="2019-09-21T18:42:56.045" />
<gc-end id="809" type="partial gc" contextid="803" durationms="4.226" usertimems="12.000" systemtimems="0.000" timestamp="2019-09-21T18:42:56.045" activeThreads="8">
  <mem-info id="810" free="112197632" total="186646528" percent="60">
    <mem type="eden" free="342440" total="1048576" percent="32" />
    <arraylet-primitive objects="2" leaves="2" largest="1" />
    <remembered-set count="42688" freebytes="7279616" totalbytes="7450368" percent="97" regionsoverflowed="0" regionsstable="4" regionsrebuilding="0"/>
  </mem-info>
</gc-end>
<cycle-end id="811" type="partial gc" contextid="803" timestamp="2019-09-21T18:42:56.045" />
  <attribute name="elasticGC enabled" value="1" />
  <attribute name= "numThreadsSpecified" value="8" />
  <attribute name="heapSize specified" value="0" />
  <attribute name="Current GC Util" value="110" />
  <attribute name= "Current Time Running" value="2234" />
  <attribute name ="GC Interval" value="0" />
  <attribute name="Target GC Util Change" value ="40.000000" />
  <attribute name="Current GC Util Change" value="110.000000"/>
  <attribute name="Current Error" value="-74.000000" />
  <attribute name="Output H" value="183576400"/>
  <attribute name="Output I" value="1928"/>
  <attribute name="Output T" value="8"/>
  <attribute name= "Current Time Running" value="2234" />
  <attribute name="GC Util currently" value="110" />
  <attribute name="CPU Util currently" value="6841228777791" />
<exclusive-end id="812" timestamp="2019-09-21T18:42:56.045" durationms="5.122" />

<exclusive-start id="813" timestamp="2019-09-21T18:42:56.067" intervalms="27.178">
  <response-info timems="0.065" idlems="0.065" threads="0" lastid="00000000027DDF00" lastname="Thread-16" />
</exclusive-start>
<allocation-taxation id="814" taxation-threshold="52428800" timestamp="2019-09-21T18:42:56.067" intervalms="27.242" />
<cycle-start id="815" type="partial gc" contextid="0" timestamp="2019-09-21T18:42:56.068" intervalms="27.282" />
<gc-start id="816" type="partial gc" contextid="815" timestamp="2019-09-21T18:42:56.068">
  <mem-info id="817" free="59768832" total="186646528" percent="32">
    <mem type="eden" free="0" total="52428800" percent="0" />
    <arraylet-primitive objects="2" leaves="2" largest="1" />
    <remembered-set count="42272" freebytes="7281280" totalbytes="7450368" percent="97" regionsoverflowed="0" regionsstable="4" regionsrebuilding="0"/>
  </mem-info>
</gc-start>
<allocation-stats totalBytes="52421304" >
  <allocated-bytes non-tlh="0" tlh="52421304" arrayletleaf="0"/>
  <largest-consumer threadName="Thread-11" threadId="00000000027DA300" bytes="11041536" />
</allocation-stats>
<gc-op id="818" type="copy forward" timems="2.902" contextid="815" timestamp="2019-09-21T18:42:56.072">
  <memory-copied type="eden" objects="8880" bytes="353768" bytesdiscarded="33720" />
  <memory-copied type="other" objects="23521" bytes="976632" bytesdiscarded="104680" />
  <memory-cardclean objects="9509" bytes="478232" />
  <regions eden="50" other="4" />
  <remembered-set-cleared processed="32749" cleared="2835" durationms="0.186" />
  <stringconstants candidates="4597" cleared="0"  />
</gc-op>
<gc-op id="819" type="classunload" timems="0.002" contextid="815" timestamp="2019-09-21T18:42:56.072">
  <classunload-info classloadercandidates="8" classloadersunloaded="0" classesunloaded="0" anonymousclassesunloaded="0" quiescems="0.000" setupms="0.002" scanms="0.000" postms="0.000" />
</gc-op>
<heap-resize id="820" type="expand" space="default" amount="5242880" count="1" timems="0.086" reason="excessive time being spent in gc" timestamp="2019-09-21T18:42:56.072" />
<gc-end id="821" type="partial gc" contextid="815" durationms="4.301" usertimems="12.000" systemtimems="0.000" timestamp="2019-09-21T18:42:56.072" activeThreads="8">
  <mem-info id="822" free="115343360" total="191889408" percent="60">
    <mem type="eden" free="1709664" total="2097152" percent="81" />
    <arraylet-primitive objects="2" leaves="2" largest="1" />
    <remembered-set count="43936" freebytes="7483904" totalbytes="7659648" percent="97" regionsoverflowed="0" regionsstable="4" regionsrebuilding="0"/>
  </mem-info>
</gc-end>
<cycle-end id="823" type="partial gc" contextid="815" timestamp="2019-09-21T18:42:56.072" />
  <attribute name="elasticGC enabled" value="1" />
  <attribute name= "numThreadsSpecified" value="8" />
  <attribute name="heapSize specified" value="0" />
  <attribute name="Current GC Util" value="109" />
  <attribute name= "Current Time Running" value="2261" />
  <attribute name ="GC Interval" value="0" />
  <attribute name="Target GC Util Change" value ="40.000000" />
  <attribute name="Current GC Util Change" value="109.000000"/>
  <attribute name="Current Error" value="-143.000000" />
  <attribute name="Output H" value="186722048"/>
  <attribute name="Output I" value="1848"/>
  <attribute name="Output T" value="8"/>
  <attribute name= "Current Time Running" value="2261" />
  <attribute name="GC Util currently" value="109" />
  <attribute name="CPU Util currently" value="6840985218312" />
<exclusive-end id="824" timestamp="2019-09-21T18:42:56.073" durationms="5.308" />

<exclusive-start id="825" timestamp="2019-09-21T18:42:56.096" intervalms="28.406">
  <response-info timems="0.117" idlems="0.061" threads="1" lastid="00000000027E5700" lastname="Thread-14" />
</exclusive-start>
<allocation-taxation id="826" taxation-threshold="54525952" timestamp="2019-09-21T18:42:56.096" intervalms="28.407" />
<cycle-start id="827" type="partial gc" contextid="0" timestamp="2019-09-21T18:42:56.096" intervalms="28.436" />
<gc-start id="828" type="partial gc" contextid="827" timestamp="2019-09-21T18:42:56.096">
  <mem-info id="829" free="60817408" total="191889408" percent="31">
    <mem type="eden" free="0" total="54525952" percent="0" />
    <arraylet-primitive objects="2" leaves="2" largest="1" />
    <remembered-set count="43520" freebytes="7485568" totalbytes="7659648" percent="97" regionsoverflowed="0" regionsstable="4" regionsrebuilding="0"/>
  </mem-info>
</gc-start>
<allocation-stats totalBytes="54517832" >
  <allocated-bytes non-tlh="0" tlh="54517832" arrayletleaf="0"/>
  <largest-consumer threadName="Thread-11" threadId="00000000027DA300" bytes="11741968" />
</allocation-stats>
<gc-op id="830" type="copy forward" timems="2.591" contextid="827" timestamp="2019-09-21T18:42:56.100">
  <memory-copied type="eden" objects="17175" bytes="827640" bytesdiscarded="70448" />
  <memory-copied type="other" objects="10544" bytes="390432" bytesdiscarded="56120" />
  <memory-cardclean objects="10491" bytes="506384" />
  <regions eden="52" other="6" />
  <remembered-set-cleared processed="32976" cleared="3092" durationms="0.169" />
  <stringconstants candidates="4597" cleared="0"  />
</gc-op>
<gc-op id="831" type="classunload" timems="0.004" contextid="827" timestamp="2019-09-21T18:42:56.100">
  <classunload-info classloadercandidates="8" classloadersunloaded="0" classesunloaded="0" anonymousclassesunloaded="0" quiescems="0.000" setupms="0.004" scanms="0.000" postms="0.000" />
</gc-op>
<gc-end id="832" type="partial gc" contextid="827" durationms="3.727" usertimems="8.000" systemtimems="0.000" timestamp="2019-09-21T18:42:56.100" activeThreads="8">
  <mem-info id="833" free="115343360" total="191889408" percent="60">
    <mem type="eden" free="150488" total="1048576" percent="14" />
    <arraylet-primitive objects="2" leaves="2" largest="1" />
    <remembered-set count="42880" freebytes="7488128" totalbytes="7659648" percent="97" regionsoverflowed="0" regionsstable="4" regionsrebuilding="0"/>
  </mem-info>
</gc-end>
<cycle-end id="834" type="partial gc" contextid="827" timestamp="2019-09-21T18:42:56.100" />
  <attribute name="elasticGC enabled" value="1" />
  <attribute name= "numThreadsSpecified" value="8" />
  <attribute name="heapSize specified" value="0" />
  <attribute name="Current GC Util" value="116" />
  <attribute name= "Current Time Running" value="2290" />
  <attribute name ="GC Interval" value="0" />
  <attribute name="Target GC Util Change" value ="40.000000" />
  <attribute name="Current GC Util Change" value="116.000000"/>
  <attribute name="Current Error" value="-221.000000" />
  <attribute name="Output H" value="191964840"/>
  <attribute name="Output I" value="1760"/>
  <attribute name="Output T" value="8"/>
  <attribute name= "Current Time Running" value="2290" />
  <attribute name="GC Util currently" value="116" />
  <attribute name="CPU Util currently" value="7521129748279" />
<exclusive-end id="835" timestamp="2019-09-21T18:42:56.100" durationms="4.743" />

<exclusive-start id="836" timestamp="2019-09-21T18:42:56.125" intervalms="29.397">
  <response-info timems="0.075" idlems="0.075" threads="0" lastid="00000000027E1B00" lastname="Thread-17" />
</exclusive-start>
<allocation-taxation id="837" taxation-threshold="54525952" timestamp="2019-09-21T18:42:56.125" intervalms="29.351" />
<cycle-start id="838" type="partial gc" contextid="0" timestamp="2019-09-21T18:42:56.125" intervalms="29.300" />
<gc-start id="839" type="partial gc" contextid="838" timestamp="2019-09-21T18:42:56.126">
  <mem-info id="840" free="60817408" total="191889408" percent="31">
    <mem type="eden" free="0" total="54525952" percent="0" />
    <arraylet-primitive objects="2" leaves="2" largest="1" />
    <remembered-set count="42432" freebytes="7489920" totalbytes="7659648" percent="97" regionsoverflowed="0" regionsstable="4" regionsrebuilding="0"/>
  </mem-info>
</gc-start>
<allocation-stats totalBytes="54518400" >
  <allocated-bytes non-tlh="0" tlh="54518400" arrayletleaf="0"/>
  <largest-consumer threadName="Thread-11" threadId="00000000027DA300" bytes="12483072" />
</allocation-stats>
<gc-op id="841" type="copy forward" timems="2.558" contextid="838" timestamp="2019-09-21T18:42:56.129">
  <memory-copied type="eden" objects="5311" bytes="129872" bytesdiscarded="47864" />
  <memory-copied type="other" objects="23547" bytes="1114632" bytesdiscarded="86928" />
  <memory-cardclean objects="5781" bytes="284072" />
  <regions eden="52" other="3" />
  <remembered-set-cleared processed="33040" cleared="1163" durationms="0.189" />
  <stringconstants candidates="4597" cleared="0"  />
</gc-op>
<gc-op id="842" type="classunload" timems="0.003" contextid="838" timestamp="2019-09-21T18:42:56.129">
  <classunload-info classloadercandidates="8" classloadersunloaded="0" classesunloaded="0" anonymousclassesunloaded="0" quiescems="0.000" setupms="0.002" scanms="0.000" postms="0.000" />
</gc-op>
<heap-resize id="843" type="expand" space="default" amount="2097152" count="1" timems="0.087" reason="excessive time being spent in gc" timestamp="2019-09-21T18:42:56.130" />
<gc-end id="844" type="partial gc" contextid="838" durationms="3.989" usertimems="12.000" systemtimems="0.000" timestamp="2019-09-21T18:42:56.130" activeThreads="8">
  <mem-info id="845" free="116391936" total="193986560" percent="60">
    <mem type="eden" free="870840" total="1048576" percent="83" />
    <arraylet-primitive objects="2" leaves="2" largest="1" />
    <remembered-set count="43616" freebytes="7568896" totalbytes="7743360" percent="97" regionsoverflowed="0" regionsstable="4" regionsrebuilding="0"/>
  </mem-info>
</gc-end>
<cycle-end id="846" type="partial gc" contextid="838" timestamp="2019-09-21T18:42:56.130" />
  <attribute name="elasticGC enabled" value="1" />
  <attribute name= "numThreadsSpecified" value="8" />
  <attribute name="heapSize specified" value="0" />
  <attribute name="Current GC Util" value="105" />
  <attribute name= "Current Time Running" value="2319" />
  <attribute name ="GC Interval" value="0" />
  <attribute name="Target GC Util Change" value ="40.000000" />
  <attribute name="Current GC Util Change" value="105.000000"/>
  <attribute name="Current Error" value="-59.000000" />
  <attribute name="Output H" value="191965024"/>
  <attribute name="Output I" value="1944"/>
  <attribute name="Output T" value="8"/>
  <attribute name= "Current Time Running" value="2319" />
  <attribute name="GC Util currently" value="105" />
  <attribute name="CPU Util currently" value="6473032343102" />
<exclusive-end id="847" timestamp="2019-09-21T18:42:56.130" durationms="5.216" />

<exclusive-start id="848" timestamp="2019-09-21T18:42:56.153" intervalms="27.858">
  <response-info timems="0.065" idlems="0.065" threads="0" lastid="00000000027D2B00" lastname="Thread-18" />
</exclusive-start>
<allocation-taxation id="849" taxation-threshold="54525952" timestamp="2019-09-21T18:42:56.153" intervalms="27.902" />
<cycle-start id="850" type="partial gc" contextid="0" timestamp="2019-09-21T18:42:56.153" intervalms="27.933" />
<gc-start id="851" type="partial gc" contextid="850" timestamp="2019-09-21T18:42:56.154">
  <mem-info id="852" free="61865984" total="193986560" percent="31">
    <mem type="eden" free="0" total="54525952" percent="0" />
    <arraylet-primitive objects="2" leaves="2" largest="1" />
    <remembered-set count="43360" freebytes="7569920" totalbytes="7743360" percent="97" regionsoverflowed="0" regionsstable="4" regionsrebuilding="0"/>
  </mem-info>
</gc-start>
<allocation-stats totalBytes="54518216" >
  <allocated-bytes non-tlh="0" tlh="54518216" arrayletleaf="0"/>
  <largest-consumer threadName="Thread-11" threadId="00000000027DA300" bytes="11348608" />
</allocation-stats>
<gc-op id="853" type="copy forward" timems="3.662" contextid="850" timestamp="2019-09-21T18:42:56.158">
  <memory-copied type="eden" objects="15628" bytes="653288" bytesdiscarded="62304" />
  <memory-copied type="other" objects="23510" bytes="976368" bytesdiscarded="100824" />
  <memory-cardclean objects="11974" bytes="604712" />
  <regions eden="52" other="5" />
  <remembered-set-cleared processed="32969" cleared="3853" durationms="0.161" />
  <stringconstants candidates="4597" cleared="0"  />
</gc-op>
<gc-op id="854" type="classunload" timems="0.002" contextid="850" timestamp="2019-09-21T18:42:56.158">
  <classunload-info classloadercandidates="8" classloadersunloaded="0" classesunloaded="0" anonymousclassesunloaded="0" quiescems="0.000" setupms="0.002" scanms="0.000" postms="0.000" />
</gc-op>
<heap-resize id="855" type="expand" space="default" amount="3145728" count="1" timems="0.075" reason="excessive time being spent in gc" timestamp="2019-09-21T18:42:56.158" />
<gc-end id="856" type="partial gc" contextid="850" durationms="4.983" usertimems="16.000" systemtimems="0.000" timestamp="2019-09-21T18:42:56.159" activeThreads="8">
  <mem-info id="857" free="118489088" total="197132288" percent="60">
    <mem type="eden" free="332984" total="1048576" percent="31" />
    <arraylet-primitive objects="2" leaves="2" largest="1" />
    <remembered-set count="42112" freebytes="7700480" totalbytes="7868928" percent="97" regionsoverflowed="0" regionsstable="4" regionsrebuilding="0"/>
  </mem-info>
</gc-end>
<cycle-end id="858" type="partial gc" contextid="850" timestamp="2019-09-21T18:42:56.159" />
  <attribute name="elasticGC enabled" value="1" />
  <attribute name= "numThreadsSpecified" value="8" />
  <attribute name="heapSize specified" value="0" />
  <attribute name="Current GC Util" value="117" />
  <attribute name= "Current Time Running" value="2347" />
  <attribute name ="GC Interval" value="0" />
  <attribute name="Target GC Util Change" value ="40.000000" />
  <attribute name="Current GC Util Change" value="117.000000"/>
  <attribute name="Current Error" value="-133.000000" />
  <attribute name="Output H" value="194062088"/>
  <attribute name="Output I" value="1856"/>
  <attribute name="Output T" value="8"/>
  <attribute name= "Current Time Running" value="2347" />
  <attribute name="GC Util currently" value="117" />
  <attribute name="CPU Util currently" value="6804204966941" />
<exclusive-end id="859" timestamp="2019-09-21T18:42:56.159" durationms="5.987" />

<exclusive-start id="860" timestamp="2019-09-21T18:42:56.183" intervalms="30.328">
  <response-info timems="0.064" idlems="0.059" threads="1" lastid="00000000027D6700" lastname="Thread-12" />
</exclusive-start>
<allocation-taxation id="861" taxation-threshold="55574528" timestamp="2019-09-21T18:42:56.183" intervalms="30.312" />
<cycle-start id="862" type="partial gc" contextid="0" timestamp="2019-09-21T18:42:56.184" intervalms="30.308" />
<gc-start id="863" type="partial gc" contextid="862" timestamp="2019-09-21T18:42:56.184">
  <mem-info id="864" free="62914560" total="197132288" percent="31">
    <mem type="eden" free="0" total="55574528" percent="0" />
    <arraylet-primitive objects="2" leaves="2" largest="1" />
    <remembered-set count="42112" freebytes="7700480" totalbytes="7868928" percent="97" regionsoverflowed="0" regionsstable="4" regionsrebuilding="0"/>
  </mem-info>
</gc-start>
<allocation-stats totalBytes="55566944" >
  <allocated-bytes non-tlh="0" tlh="55566944" arrayletleaf="0"/>
  <largest-consumer threadName="Thread-11" threadId="00000000027DA300" bytes="12241448" />
</allocation-stats>
<gc-op id="865" type="copy forward" timems="2.912" contextid="862" timestamp="2019-09-21T18:42:56.188">
  <memory-copied type="eden" objects="4854" bytes="119696" bytesdiscarded="36328" />
  <memory-copied type="other" objects="40101" bytes="1786680" bytesdiscarded="110904" />
  <memory-cardclean objects="4702" bytes="232688" />
  <regions eden="53" other="4" />
  <remembered-set-cleared processed="32676" cleared="1809" durationms="0.169" />
  <stringconstants candidates="4597" cleared="0"  />
</gc-op>
<gc-op id="866" type="classunload" timems="0.003" contextid="862" timestamp="2019-09-21T18:42:56.188">
  <classunload-info classloadercandidates="8" classloadersunloaded="0" classesunloaded="0" anonymousclassesunloaded="0" quiescems="0.000" setupms="0.003" scanms="0.000" postms="0.000" />
</gc-op>
<heap-resize id="867" type="expand" space="default" amount="2097152" count="1" timems="0.067" reason="excessive time being spent in gc" timestamp="2019-09-21T18:42:56.188" />
<gc-end id="868" type="partial gc" contextid="862" durationms="4.199" usertimems="8.000" systemtimems="4.000" timestamp="2019-09-21T18:42:56.188" activeThreads="8">
  <mem-info id="869" free="119537664" total="199229440" percent="60">
    <mem type="eden" free="892552" total="1048576" percent="85" />
    <arraylet-primitive objects="2" leaves="2" largest="1" />
    <remembered-set count="43616" freebytes="7778176" totalbytes="7952640" percent="97" regionsoverflowed="0" regionsstable="4" regionsrebuilding="0"/>
  </mem-info>
</gc-end>
<cycle-end id="870" type="partial gc" contextid="862" timestamp="2019-09-21T18:42:56.188" />
  <attribute name="elasticGC enabled" value="1" />
  <attribute name= "numThreadsSpecified" value="8" />
  <attribute name="heapSize specified" value="0" />
  <attribute name="Current GC Util" value="111" />
  <attribute name= "Current Time Running" value="2377" />
  <attribute name ="GC Interval" value="0" />
  <attribute name="Target GC Util Change" value ="40.000000" />
  <attribute name="Current GC Util Change" value="111.000000"/>
  <attribute name="Current Error" value="-208.000000" />
  <attribute name="Output H" value="197207728"/>
  <attribute name="Output I" value="1768"/>
  <attribute name="Output T" value="8"/>
  <attribute name= "Current Time Running" value="2377" />
  <attribute name="GC Util currently" value="111" />
  <attribute name="CPU Util currently" value="7200359105830" />
<exclusive-end id="871" timestamp="2019-09-21T18:42:56.189" durationms="5.306" />

<exclusive-start id="872" timestamp="2019-09-21T18:42:56.212" intervalms="28.735">
  <response-info timems="0.082" idlems="0.082" threads="0" lastid="00000000027D2B00" lastname="Thread-18" />
</exclusive-start>
<allocation-taxation id="873" taxation-threshold="55574528" timestamp="2019-09-21T18:42:56.212" intervalms="28.735" />
<cycle-start id="874" type="partial gc" contextid="0" timestamp="2019-09-21T18:42:56.212" intervalms="28.701" />
<gc-start id="875" type="partial gc" contextid="874" timestamp="2019-09-21T18:42:56.213">
  <mem-info id="876" free="63963136" total="199229440" percent="32">
    <mem type="eden" free="0" total="55574528" percent="0" />
    <arraylet-primitive objects="2" leaves="2" largest="1" />
    <remembered-set count="43360" freebytes="7779200" totalbytes="7952640" percent="97" regionsoverflowed="0" regionsstable="4" regionsrebuilding="0"/>
  </mem-info>
</gc-start>
<allocation-stats totalBytes="55566848" >
  <allocated-bytes non-tlh="0" tlh="55566848" arrayletleaf="0"/>
  <largest-consumer threadName="Thread-11" threadId="00000000027DA300" bytes="12175792" />
</allocation-stats>
<gc-op id="877" type="copy forward" timems="2.830" contextid="874" timestamp="2019-09-21T18:42:56.216">
  <memory-copied type="eden" objects="8879" bytes="353976" bytesdiscarded="10120" />
  <memory-copied type="other" objects="30017" bytes="1269912" bytesdiscarded="122600" />
  <memory-cardclean objects="8467" bytes="436472" />
  <regions eden="53" other="4" />
  <remembered-set-cleared processed="33164" cleared="1855" durationms="0.204" />
  <stringconstants candidates="4597" cleared="0"  />
</gc-op>
<gc-op id="878" type="classunload" timems="0.003" contextid="874" timestamp="2019-09-21T18:42:56.216">
  <classunload-info classloadercandidates="8" classloadersunloaded="0" classesunloaded="0" anonymousclassesunloaded="0" quiescems="0.000" setupms="0.003" scanms="0.000" postms="0.000" />
</gc-op>
<heap-resize id="879" type="expand" space="default" amount="3145728" count="1" timems="0.072" reason="excessive time being spent in gc" timestamp="2019-09-21T18:42:56.217" />
<gc-end id="880" type="partial gc" contextid="874" durationms="4.123" usertimems="12.000" systemtimems="0.000" timestamp="2019-09-21T18:42:56.217" activeThreads="8">
  <mem-info id="881" free="121634816" total="202375168" percent="60">
    <mem type="eden" free="684480" total="1048576" percent="65" />
    <arraylet-primitive objects="2" leaves="2" largest="1" />
    <remembered-set count="44224" freebytes="7901312" totalbytes="8078208" percent="97" regionsoverflowed="0" regionsstable="4" regionsrebuilding="0"/>
  </mem-info>
</gc-end>
<cycle-end id="882" type="partial gc" contextid="874" timestamp="2019-09-21T18:42:56.217" />
  <attribute name="elasticGC enabled" value="1" />
  <attribute name= "numThreadsSpecified" value="8" />
  <attribute name="heapSize specified" value="0" />
  <attribute name="Current GC Util" value="120" />
  <attribute name= "Current Time Running" value="2406" />
  <attribute name ="GC Interval" value="0" />
  <attribute name="Target GC Util Change" value ="40.000000" />
  <attribute name="Current GC Util Change" value="120.000000"/>
  <attribute name="Current Error" value="-81.000000" />
  <attribute name="Output H" value="199305032"/>
  <attribute name="Output I" value="1920"/>
  <attribute name="Output T" value="8"/>
  <attribute name= "Current Time Running" value="2406" />
  <attribute name="GC Util currently" value="120" />
  <attribute name="CPU Util currently" value="7240650258120" />
<exclusive-end id="883" timestamp="2019-09-21T18:42:56.217" durationms="5.078" />

<exclusive-start id="884" timestamp="2019-09-21T18:42:56.236" intervalms="24.071">
  <response-info timems="0.071" idlems="0.071" threads="0" lastid="00000000027DA300" lastname="Thread-11" />
</exclusive-start>
<allocation-taxation id="885" taxation-threshold="56623104" timestamp="2019-09-21T18:42:56.236" intervalms="24.036" />
<cycle-start id="886" type="partial gc" contextid="0" timestamp="2019-09-21T18:42:56.236" intervalms="24.005" />
<gc-start id="887" type="partial gc" contextid="886" timestamp="2019-09-21T18:42:56.237">
  <mem-info id="888" free="65011712" total="202375168" percent="32">
    <mem type="eden" free="0" total="56623104" percent="0" />
    <arraylet-primitive objects="2" leaves="2" largest="1" />
    <remembered-set count="44000" freebytes="7902208" totalbytes="8078208" percent="97" regionsoverflowed="0" regionsstable="4" regionsrebuilding="0"/>
  </mem-info>
</gc-start>
<allocation-stats totalBytes="56615440" >
  <allocated-bytes non-tlh="0" tlh="56615440" arrayletleaf="0"/>
  <largest-consumer threadName="Thread-11" threadId="00000000027DA300" bytes="12896896" />
</allocation-stats>
<gc-op id="889" type="copy forward" timems="3.576" contextid="886" timestamp="2019-09-21T18:42:56.241">
  <memory-copied type="eden" objects="10325" bytes="388936" bytesdiscarded="56520" />
  <memory-copied type="other" objects="36102" bytes="1553328" bytesdiscarded="167200" />
  <memory-cardclean objects="8557" bytes="421568" />
  <regions eden="54" other="4" />
  <remembered-set-cleared processed="33702" cleared="2364" durationms="0.188" />
  <stringconstants candidates="4597" cleared="0"  />
</gc-op>
<gc-op id="890" type="classunload" timems="0.003" contextid="886" timestamp="2019-09-21T18:42:56.241">
  <classunload-info classloadercandidates="8" classloadersunloaded="0" classesunloaded="0" anonymousclassesunloaded="0" quiescems="0.000" setupms="0.003" scanms="0.000" postms="0.000" />
</gc-op>
<heap-resize id="891" type="expand" space="default" amount="2097152" count="1" timems="0.065" reason="excessive time being spent in gc" timestamp="2019-09-21T18:42:56.241" />
<gc-end id="892" type="partial gc" contextid="886" durationms="4.723" usertimems="12.000" systemtimems="0.000" timestamp="2019-09-21T18:42:56.241" activeThreads="8">
  <mem-info id="893" free="122683392" total="204472320" percent="60">
    <mem type="eden" free="603120" total="1048576" percent="57" />
    <arraylet-primitive objects="2" leaves="2" largest="1" />
    <remembered-set count="46400" freebytes="7976320" totalbytes="8161920" percent="97" regionsoverflowed="0" regionsstable="4" regionsrebuilding="0"/>
  </mem-info>
</gc-end>
<cycle-end id="894" type="partial gc" contextid="886" timestamp="2019-09-21T18:42:56.241" />
  <attribute name="elasticGC enabled" value="1" />
  <attribute name= "numThreadsSpecified" value="8" />
  <attribute name="heapSize specified" value="0" />
  <attribute name="Current GC Util" value="118" />
  <attribute name= "Current Time Running" value="2430" />
  <attribute name ="GC Interval" value="0" />
  <attribute name="Target GC Util Change" value ="40.000000" />
  <attribute name="Current GC Util Change" value="118.000000"/>
  <attribute name="Current Error" value="-167.000000" />
  <attribute name="Output H" value="202450656"/>
  <attribute name="Output I" value="1816"/>
  <attribute name="Output T" value="8"/>
  <attribute name= "Current Time Running" value="2430" />
  <attribute name="GC Util currently" value="118" />
  <attribute name="CPU Util currently" value="7373365181514" />
<exclusive-end id="895" timestamp="2019-09-21T18:42:56.242" durationms="5.550" />

<exclusive-start id="896" timestamp="2019-09-21T18:42:56.261" intervalms="24.541">
  <response-info timems="0.074" idlems="0.040" threads="1" lastid="00000000027E5700" lastname="Thread-14" />
</exclusive-start>
<allocation-taxation id="897" taxation-threshold="57671680" timestamp="2019-09-21T18:42:56.261" intervalms="24.554" />
<cycle-start id="898" type="partial gc" contextid="0" timestamp="2019-09-21T18:42:56.261" intervalms="24.522" />
<gc-start id="899" type="partial gc" contextid="898" timestamp="2019-09-21T18:42:56.261">
  <mem-info id="900" free="65011712" total="204472320" percent="31">
    <mem type="eden" free="0" total="57671680" percent="0" />
    <arraylet-primitive objects="2" leaves="2" largest="1" />
    <remembered-set count="46016" freebytes="7977856" totalbytes="8161920" percent="97" regionsoverflowed="0" regionsstable="4" regionsrebuilding="0"/>
  </mem-info>
</gc-start>
<allocation-stats totalBytes="57663880" >
  <allocated-bytes non-tlh="0" tlh="57663880" arrayletleaf="0"/>
  <largest-consumer threadName="Thread-11" threadId="00000000027DA300" bytes="13052056" />
</allocation-stats>
<gc-op id="901" type="copy forward" timems="2.812" contextid="898" timestamp="2019-09-21T18:42:56.265">
  <memory-copied type="eden" objects="4483" bytes="111312" bytesdiscarded="18512" />
  <memory-copied type="other" objects="39504" bytes="1772352" bytesdiscarded="87808" />
  <memory-cardclean objects="5380" bytes="265232" />
  <regions eden="55" other="5" />
  <remembered-set-cleared processed="34504" cleared="3575" durationms="0.203" />
  <stringconstants candidates="4597" cleared="0"  />
</gc-op>
<gc-op id="902" type="classunload" timems="0.002" contextid="898" timestamp="2019-09-21T18:42:56.265">
  <classunload-info classloadercandidates="8" classloadersunloaded="0" classesunloaded="0" anonymousclassesunloaded="0" quiescems="0.000" setupms="0.002" scanms="0.000" postms="0.000" />
</gc-op>
<heap-resize id="903" type="expand" space="default" amount="3145728" count="1" timems="0.068" reason="excessive time being spent in gc" timestamp="2019-09-21T18:42:56.265" />
<gc-end id="904" type="partial gc" contextid="898" durationms="4.024" usertimems="8.000" systemtimems="4.000" timestamp="2019-09-21T18:42:56.265" activeThreads="8">
  <mem-info id="905" free="124780544" total="207618048" percent="60">
    <mem type="eden" free="918752" total="1048576" percent="87" />
    <arraylet-primitive objects="2" leaves="2" largest="1" />
    <remembered-set count="46304" freebytes="8102272" totalbytes="8287488" percent="97" regionsoverflowed="0" regionsstable="4" regionsrebuilding="0"/>
  </mem-info>
</gc-end>
<cycle-end id="906" type="partial gc" contextid="898" timestamp="2019-09-21T18:42:56.265" />
  <attribute name="elasticGC enabled" value="1" />
  <attribute name= "numThreadsSpecified" value="8" />
  <attribute name="heapSize specified" value="0" />
  <attribute name="Current GC Util" value="116" />
  <attribute name= "Current Time Running" value="2454" />
  <attribute name ="GC Interval" value="0" />
  <attribute name="Target GC Util Change" value ="40.000000" />
  <attribute name="Current GC Util Change" value="116.000000"/>
  <attribute name="Current Error" value="-255.000000" />
  <attribute name="Output H" value="204547712"/>
  <attribute name="Output I" value="1720"/>
  <attribute name="Output T" value="8"/>
  <attribute name= "Current Time Running" value="2454" />
  <attribute name="GC Util currently" value="116" />
  <attribute name="CPU Util currently" value="7199100206027" />
<exclusive-end id="907" timestamp="2019-09-21T18:42:56.265" durationms="4.832" />

<exclusive-start id="908" timestamp="2019-09-21T18:42:56.283" intervalms="22.890">
  <response-info timems="0.067" idlems="0.067" threads="0" lastid="00000000027E1B00" lastname="Thread-17" />
</exclusive-start>
<allocation-taxation id="909" taxation-threshold="57671680" timestamp="2019-09-21T18:42:56.284" intervalms="22.868" />
<cycle-start id="910" type="partial gc" contextid="0" timestamp="2019-09-21T18:42:56.284" intervalms="22.963" />
<gc-start id="911" type="partial gc" contextid="910" timestamp="2019-09-21T18:42:56.284">
  <mem-info id="912" free="67108864" total="207618048" percent="32">
    <mem type="eden" free="0" total="57671680" percent="0" />
    <arraylet-primitive objects="2" leaves="2" largest="1" />
    <remembered-set count="46176" freebytes="8102784" totalbytes="8287488" percent="97" regionsoverflowed="0" regionsstable="4" regionsrebuilding="0"/>
  </mem-info>
</gc-start>
<allocation-stats totalBytes="57663920" >
  <allocated-bytes non-tlh="0" tlh="57663920" arrayletleaf="0"/>
  <largest-consumer threadName="Thread-11" threadId="00000000027DA300" bytes="12740976" />
</allocation-stats>
<gc-op id="913" type="copy forward" timems="2.874" contextid="910" timestamp="2019-09-21T18:42:56.288">
  <memory-copied type="eden" objects="5043" bytes="124920" bytesdiscarded="6080" />
  <memory-copied type="other" objects="40700" bytes="1801056" bytesdiscarded="121648" />
  <memory-cardclean objects="9292" bytes="471944" />
  <regions eden="55" other="5" />
  <remembered-set-cleared processed="34692" cleared="4828" durationms="0.199" />
  <stringconstants candidates="4597" cleared="0"  />
</gc-op>
<gc-op id="914" type="classunload" timems="0.004" contextid="910" timestamp="2019-09-21T18:42:56.288">
  <classunload-info classloadercandidates="8" classloadersunloaded="0" classesunloaded="0" anonymousclassesunloaded="0" quiescems="0.000" setupms="0.004" scanms="0.000" postms="0.000" />
</gc-op>
<heap-resize id="915" type="expand" space="default" amount="5242880" count="1" timems="0.087" reason="excessive time being spent in gc" timestamp="2019-09-21T18:42:56.288" />
<gc-end id="916" type="partial gc" contextid="910" durationms="4.149" usertimems="12.000" systemtimems="0.000" timestamp="2019-09-21T18:42:56.288" activeThreads="8">
  <mem-info id="917" free="127926272" total="212860928" percent="60">
    <mem type="eden" free="1966152" total="2097152" percent="93" />
    <arraylet-primitive objects="2" leaves="2" largest="1" />
    <remembered-set count="46592" freebytes="8310400" totalbytes="8496768" percent="97" regionsoverflowed="0" regionsstable="4" regionsrebuilding="0"/>
  </mem-info>
</gc-end>
<cycle-end id="918" type="partial gc" contextid="910" timestamp="2019-09-21T18:42:56.288" />
  <attribute name="elasticGC enabled" value="1" />
  <attribute name= "numThreadsSpecified" value="8" />
  <attribute name="heapSize specified" value="0" />
  <attribute name="Current GC Util" value="123" />
  <attribute name= "Current Time Running" value="2477" />
  <attribute name ="GC Interval" value="0" />
  <attribute name="Target GC Util Change" value ="40.000000" />
  <attribute name="Current GC Util Change" value="123.000000"/>
  <attribute name="Current Error" value="-92.000000" />
  <attribute name="Output H" value="207693624"/>
  <attribute name="Output I" value="1904"/>
  <attribute name="Output T" value="8"/>
  <attribute name= "Current Time Running" value="2477" />
  <attribute name="GC Util currently" value="123" />
  <attribute name="CPU Util currently" value="7834183281558" />
<exclusive-end id="919" timestamp="2019-09-21T18:42:56.289" durationms="5.188" />

<exclusive-start id="920" timestamp="2019-09-21T18:42:56.308" intervalms="24.357">
  <response-info timems="0.114" idlems="0.114" threads="0" lastid="00000000027E9300" lastname="Thread-15" />
</exclusive-start>
<allocation-taxation id="921" taxation-threshold="59768832" timestamp="2019-09-21T18:42:56.308" intervalms="24.377" />
<cycle-start id="922" type="partial gc" contextid="0" timestamp="2019-09-21T18:42:56.308" intervalms="24.302" />
<gc-start id="923" type="partial gc" contextid="922" timestamp="2019-09-21T18:42:56.308">
  <mem-info id="924" free="68157440" total="212860928" percent="32">
    <mem type="eden" free="0" total="59768832" percent="0" />
    <arraylet-primitive objects="2" leaves="2" largest="1" />
    <remembered-set count="46560" freebytes="8310528" totalbytes="8496768" percent="97" regionsoverflowed="0" regionsstable="4" regionsrebuilding="0"/>
  </mem-info>
</gc-start>
<allocation-stats totalBytes="59760680" >
  <allocated-bytes non-tlh="0" tlh="59760680" arrayletleaf="0"/>
  <largest-consumer threadName="Thread-17" threadId="00000000027E1B00" bytes="12352128" />
</allocation-stats>
<gc-op id="925" type="copy forward" timems="3.102" contextid="922" timestamp="2019-09-21T18:42:56.312">
  <memory-copied type="eden" objects="10229" bytes="385920" bytesdiscarded="48584" />
  <memory-copied type="other" objects="31376" bytes="1302528" bytesdiscarded="109072" />
  <memory-cardclean objects="11195" bytes="585800" />
  <regions eden="57" other="5" />
  <remembered-set-cleared processed="35841" cleared="4188" durationms="0.195" />
  <stringconstants candidates="4597" cleared="0"  />
</gc-op>
<gc-op id="926" type="classunload" timems="0.002" contextid="922" timestamp="2019-09-21T18:42:56.312">
  <classunload-info classloadercandidates="8" classloadersunloaded="0" classesunloaded="0" anonymousclassesunloaded="0" quiescems="0.000" setupms="0.002" scanms="0.000" postms="0.000" />
</gc-op>
<gc-end id="927" type="partial gc" contextid="922" durationms="4.238" usertimems="16.000" systemtimems="0.000" timestamp="2019-09-21T18:42:56.313" activeThreads="8">
  <mem-info id="928" free="127926272" total="212860928" percent="60">
    <mem type="eden" free="614072" total="1048576" percent="58" />
    <arraylet-primitive objects="2" leaves="2" largest="1" />
    <remembered-set count="48768" freebytes="8301696" totalbytes="8496768" percent="97" regionsoverflowed="0" regionsstable="4" regionsrebuilding="0"/>
  </mem-info>
</gc-end>
<cycle-end id="929" type="partial gc" contextid="922" timestamp="2019-09-21T18:42:56.313" />
  <attribute name="elasticGC enabled" value="1" />
  <attribute name= "numThreadsSpecified" value="8" />
  <attribute name="heapSize specified" value="0" />
  <attribute name="Current GC Util" value="135" />
  <attribute name= "Current Time Running" value="2502" />
  <attribute name ="GC Interval" value="0" />
  <attribute name="Target GC Util Change" value ="40.000000" />
  <attribute name="Current GC Util Change" value="135.000000"/>
  <attribute name="Current Error" value="-198.000000" />
  <attribute name="Output H" value="212936384"/>
  <attribute name="Output I" value="1784"/>
  <attribute name="Output T" value="8"/>
  <attribute name= "Current Time Running" value="2502" />
  <attribute name="GC Util currently" value="135" />
  <attribute name="CPU Util currently" value="7041430000138" />
<exclusive-end id="930" timestamp="2019-09-21T18:42:56.313" durationms="5.028" />

<exclusive-start id="931" timestamp="2019-09-21T18:42:56.332" intervalms="23.741">
  <response-info timems="0.121" idlems="0.064" threads="1" lastid="00000000027CEF00" lastname="Thread-13" />
</exclusive-start>
<allocation-taxation id="932" taxation-threshold="59768832" timestamp="2019-09-21T18:42:56.332" intervalms="23.760" />
<cycle-start id="933" type="partial gc" contextid="0" timestamp="2019-09-21T18:42:56.332" intervalms="23.830" />
<gc-start id="934" type="partial gc" contextid="933" timestamp="2019-09-21T18:42:56.332">
  <mem-info id="935" free="68157440" total="212860928" percent="32">
    <mem type="eden" free="0" total="59768832" percent="0" />
    <arraylet-primitive objects="2" leaves="2" largest="1" />
    <remembered-set count="48608" freebytes="8302336" totalbytes="8496768" percent="97" regionsoverflowed="0" regionsstable="4" regionsrebuilding="0"/>
  </mem-info>
</gc-start>
<allocation-stats totalBytes="59760792" >
  <allocated-bytes non-tlh="0" tlh="59760792" arrayletleaf="0"/>
  <largest-consumer threadName="Thread-17" threadId="00000000027E1B00" bytes="12536504" />
</allocation-stats>
<gc-op id="936" type="copy forward" timems="2.857" contextid="933" timestamp="2019-09-21T18:42:56.336">
  <memory-copied type="eden" objects="13968" bytes="613568" bytesdiscarded="56368" />
  <memory-copied type="other" objects="22066" bytes="941712" bytesdiscarded="118784" />
  <memory-cardclean objects="8062" bytes="393632" />
  <regions eden="57" other="5" />
  <remembered-set-cleared processed="36413" cleared="4907" durationms="0.183" />
  <stringconstants candidates="4597" cleared="0"  />
</gc-op>
<gc-op id="937" type="classunload" timems="0.003" contextid="933" timestamp="2019-09-21T18:42:56.336">
  <classunload-info classloadercandidates="8" classloadersunloaded="0" classesunloaded="0" anonymousclassesunloaded="0" quiescems="0.000" setupms="0.003" scanms="0.000" postms="0.000" />
</gc-op>
<heap-resize id="938" type="expand" space="default" amount="5242880" count="1" timems="0.086" reason="excessive time being spent in gc" timestamp="2019-09-21T18:42:56.336" />
<gc-end id="939" type="partial gc" contextid="933" durationms="4.132" usertimems="8.000" systemtimems="4.000" timestamp="2019-09-21T18:42:56.336" activeThreads="8">
  <mem-info id="940" free="131072000" total="218103808" percent="60">
    <mem type="eden" free="1427216" total="2097152" percent="68" />
    <arraylet-primitive objects="2" leaves="2" largest="1" />
    <remembered-set count="46176" freebytes="8521344" totalbytes="8706048" percent="97" regionsoverflowed="0" regionsstable="4" regionsrebuilding="0"/>
  </mem-info>
</gc-end>
<cycle-end id="941" type="partial gc" contextid="933" timestamp="2019-09-21T18:42:56.336" />
  <attribute name="elasticGC enabled" value="1" />
  <attribute name= "numThreadsSpecified" value="8" />
  <attribute name="heapSize specified" value="0" />
  <attribute name="Current GC Util" value="127" />
  <attribute name= "Current Time Running" value="2526" />
  <attribute name ="GC Interval" value="0" />
  <attribute name="Target GC Util Change" value ="40.000000" />
  <attribute name="Current GC Util Change" value="127.000000"/>
  <attribute name="Current Error" value="-298.000000" />
  <attribute name="Output H" value="212936264"/>
  <attribute name="Output I" value="1664"/>
  <attribute name="Output T" value="8"/>
  <attribute name= "Current Time Running" value="2526" />
  <attribute name="GC Util currently" value="127" />
  <attribute name="CPU Util currently" value="8239155443802" />
<exclusive-end id="942" timestamp="2019-09-21T18:42:56.337" durationms="5.097" />

<exclusive-start id="943" timestamp="2019-09-21T18:42:56.355" intervalms="23.265">
  <response-info timems="0.075" idlems="0.075" threads="0" lastid="00000000027E9300" lastname="Thread-15" />
</exclusive-start>
<allocation-taxation id="944" taxation-threshold="60817408" timestamp="2019-09-21T18:42:56.355" intervalms="23.290" />
<cycle-start id="945" type="partial gc" contextid="0" timestamp="2019-09-21T18:42:56.355" intervalms="23.319" />
<gc-start id="946" type="partial gc" contextid="945" timestamp="2019-09-21T18:42:56.356">
  <mem-info id="947" free="70254592" total="218103808" percent="32">
    <mem type="eden" free="0" total="60817408" percent="0" />
    <arraylet-primitive objects="2" leaves="2" largest="1" />
    <remembered-set count="46016" freebytes="8521984" totalbytes="8706048" percent="97" regionsoverflowed="0" regionsstable="4" regionsrebuilding="0"/>
  </mem-info>
</gc-start>
<allocation-stats totalBytes="60809664" >
  <allocated-bytes non-tlh="0" tlh="60809664" arrayletleaf="0"/>
  <largest-consumer threadName="Thread-16" threadId="00000000027DDF00" bytes="11778728" />
</allocation-stats>
<gc-op id="948" type="copy forward" timems="3.564" contextid="945" timestamp="2019-09-21T18:42:56.360">
  <memory-copied type="eden" objects="18081" bytes="711904" bytesdiscarded="63960" />
  <memory-copied type="other" objects="34741" bytes="1520664" bytesdiscarded="95448" />
  <memory-cardclean objects="10086" bytes="518216" />
  <regions eden="58" other="6" />
  <remembered-set-cleared processed="34697" cleared="2839" durationms="0.204" />
  <stringconstants candidates="4597" cleared="0"  />
</gc-op>
<gc-op id="949" type="classunload" timems="0.003" contextid="945" timestamp="2019-09-21T18:42:56.360">
  <classunload-info classloadercandidates="8" classloadersunloaded="0" classesunloaded="0" anonymousclassesunloaded="0" quiescems="0.000" setupms="0.003" scanms="0.000" postms="0.000" />
</gc-op>
<heap-resize id="950" type="expand" space="default" amount="2097152" count="1" timems="0.068" reason="excessive time being spent in gc" timestamp="2019-09-21T18:42:56.360" />
<gc-end id="951" type="partial gc" contextid="945" durationms="4.912" usertimems="8.000" systemtimems="4.000" timestamp="2019-09-21T18:42:56.361" activeThreads="8">
  <mem-info id="952" free="132120576" total="220200960" percent="60">
    <mem type="eden" free="1321288" total="2097152" percent="63" />
    <arraylet-primitive objects="2" leaves="2" largest="1" />
    <remembered-set count="47712" freebytes="8598912" totalbytes="8789760" percent="97" regionsoverflowed="0" regionsstable="4" regionsrebuilding="0"/>
  </mem-info>
</gc-end>
<cycle-end id="953" type="partial gc" contextid="945" timestamp="2019-09-21T18:42:56.361" />
  <attribute name="elasticGC enabled" value="1" />
  <attribute name= "numThreadsSpecified" value="8" />
  <attribute name="heapSize specified" value="0" />
  <attribute name="Current GC Util" value="122" />
  <attribute name= "Current Time Running" value="2549" />
  <attribute name ="GC Interval" value="0" />
  <attribute name="Target GC Util Change" value ="40.000000" />
  <attribute name="Current GC Util Change" value="122.000000"/>
  <attribute name="Current Error" value="-90.000000" />
  <attribute name="Output H" value="218179392"/>
  <attribute name="Output I" value="1912"/>
  <attribute name="Output T" value="8"/>
  <attribute name= "Current Time Running" value="2549" />
  <attribute name="GC Util currently" value="122" />
  <attribute name="CPU Util currently" value="7428737573024" />
<exclusive-end id="954" timestamp="2019-09-21T18:42:56.361" durationms="6.078" />

<exclusive-start id="955" timestamp="2019-09-21T18:42:56.379" intervalms="23.899">
  <response-info timems="0.070" idlems="0.070" threads="0" lastid="00000000027DDF00" lastname="Thread-16" />
</exclusive-start>
<allocation-taxation id="956" taxation-threshold="60817408" timestamp="2019-09-21T18:42:56.379" intervalms="23.922" />
<cycle-start id="957" type="partial gc" contextid="0" timestamp="2019-09-21T18:42:56.379" intervalms="23.905" />
<gc-start id="958" type="partial gc" contextid="957" timestamp="2019-09-21T18:42:56.380">
  <mem-info id="959" free="71303168" total="220200960" percent="32">
    <mem type="eden" free="0" total="60817408" percent="0" />
    <arraylet-primitive objects="2" leaves="2" largest="1" />
    <remembered-set count="47456" freebytes="8599936" totalbytes="8789760" percent="97" regionsoverflowed="0" regionsstable="4" regionsrebuilding="0"/>
  </mem-info>
</gc-start>
<allocation-stats totalBytes="60809280" >
  <allocated-bytes non-tlh="0" tlh="60809280" arrayletleaf="0"/>
  <largest-consumer threadName="Thread-16" threadId="00000000027DDF00" bytes="11500040" />
</allocation-stats>
<gc-op id="960" type="copy forward" timems="2.778" contextid="957" timestamp="2019-09-21T18:42:56.383">
  <memory-copied type="eden" objects="9140" bytes="360048" bytesdiscarded="32280" />
  <memory-copied type="other" objects="29943" bytes="1268136" bytesdiscarded="158344" />
  <memory-cardclean objects="9103" bytes="481928" />
  <regions eden="58" other="5" />
  <remembered-set-cleared processed="35762" cleared="3213" durationms="0.195" />
  <stringconstants candidates="4597" cleared="0"  />
</gc-op>
<gc-op id="961" type="classunload" timems="0.003" contextid="957" timestamp="2019-09-21T18:42:56.383">
  <classunload-info classloadercandidates="8" classloadersunloaded="0" classesunloaded="0" anonymousclassesunloaded="0" quiescems="0.000" setupms="0.003" scanms="0.000" postms="0.000" />
</gc-op>
<heap-resize id="962" type="expand" space="default" amount="3145728" count="1" timems="0.075" reason="excessive time being spent in gc" timestamp="2019-09-21T18:42:56.383" />
<gc-end id="963" type="partial gc" contextid="957" durationms="4.074" usertimems="12.000" systemtimems="0.000" timestamp="2019-09-21T18:42:56.384" activeThreads="8">
  <mem-info id="964" free="134217728" total="223346688" percent="60">
    <mem type="eden" free="1704824" total="2097152" percent="81" />
    <arraylet-primitive objects="2" leaves="2" largest="1" />
    <remembered-set count="47904" freebytes="8723712" totalbytes="8915328" percent="97" regionsoverflowed="0" regionsstable="4" regionsrebuilding="0"/>
  </mem-info>
</gc-end>
<cycle-end id="965" type="partial gc" contextid="957" timestamp="2019-09-21T18:42:56.384" />
  <attribute name="elasticGC enabled" value="1" />
  <attribute name= "numThreadsSpecified" value="8" />
  <attribute name="heapSize specified" value="0" />
  <attribute name="Current GC Util" value="118" />
  <attribute name= "Current Time Running" value="2573" />
  <attribute name ="GC Interval" value="0" />
  <attribute name="Target GC Util Change" value ="40.000000" />
  <attribute name="Current GC Util Change" value="118.000000"/>
  <attribute name="Current Error" value="-185.000000" />
  <attribute name="Output H" value="220276432"/>
  <attribute name="Output I" value="1800"/>
  <attribute name="Output T" value="8"/>
  <attribute name= "Current Time Running" value="2573" />
  <attribute name="GC Util currently" value="118" />
  <attribute name="CPU Util currently" value="7483174687898" />
<exclusive-end id="966" timestamp="2019-09-21T18:42:56.384" durationms="5.148" />

<exclusive-start id="967" timestamp="2019-09-21T18:42:56.402" intervalms="23.590">
  <response-info timems="0.147" idlems="0.147" threads="0" lastid="00000000027D6700" lastname="Thread-12" />
</exclusive-start>
<allocation-taxation id="968" taxation-threshold="61865984" timestamp="2019-09-21T18:42:56.403" intervalms="23.520" />
<cycle-start id="969" type="partial gc" contextid="0" timestamp="2019-09-21T18:42:56.403" intervalms="23.468" />
<gc-start id="970" type="partial gc" contextid="969" timestamp="2019-09-21T18:42:56.403">
  <mem-info id="971" free="72351744" total="223346688" percent="32">
    <mem type="eden" free="0" total="61865984" percent="0" />
    <arraylet-primitive objects="2" leaves="2" largest="1" />
    <remembered-set count="47520" freebytes="8725248" totalbytes="8915328" percent="97" regionsoverflowed="0" regionsstable="4" regionsrebuilding="0"/>
  </mem-info>
</gc-start>
<allocation-stats totalBytes="61857704" >
  <allocated-bytes non-tlh="0" tlh="61857704" arrayletleaf="0"/>
  <largest-consumer threadName="Thread-16" threadId="00000000027DDF00" bytes="11844152" />
</allocation-stats>
<gc-op id="972" type="copy forward" timems="2.856" contextid="969" timestamp="2019-09-21T18:42:56.407">
  <memory-copied type="eden" objects="7840" bytes="191480" bytesdiscarded="17128" />
  <memory-copied type="other" objects="44316" bytes="1887840" bytesdiscarded="138224" />
  <memory-cardclean objects="6913" bytes="342872" />
  <regions eden="59" other="6" />
  <remembered-set-cleared processed="34864" cleared="2654" durationms="0.167" />
  <stringconstants candidates="4597" cleared="0"  />
</gc-op>
<gc-op id="973" type="classunload" timems="0.003" contextid="969" timestamp="2019-09-21T18:42:56.407">
  <classunload-info classloadercandidates="8" classloadersunloaded="0" classesunloaded="0" anonymousclassesunloaded="0" quiescems="0.000" setupms="0.003" scanms="0.000" postms="0.000" />
</gc-op>
<gc-end id="974" type="partial gc" contextid="969" durationms="3.912" usertimems="12.000" systemtimems="0.000" timestamp="2019-09-21T18:42:56.407" activeThreads="8">
  <mem-info id="975" free="134217728" total="223346688" percent="60">
    <mem type="eden" free="839968" total="1048576" percent="80" />
    <arraylet-primitive objects="2" leaves="2" largest="1" />
    <remembered-set count="48256" freebytes="8722304" totalbytes="8915328" percent="97" regionsoverflowed="0" regionsstable="4" regionsrebuilding="0"/>
  </mem-info>
</gc-end>
<cycle-end id="976" type="partial gc" contextid="969" timestamp="2019-09-21T18:42:56.407" />
  <attribute name="elasticGC enabled" value="1" />
  <attribute name= "numThreadsSpecified" value="8" />
  <attribute name="heapSize specified" value="0" />
  <attribute name="Current GC Util" value="134" />
  <attribute name= "Current Time Running" value="2596" />
  <attribute name ="GC Interval" value="0" />
  <attribute name="Target GC Util Change" value ="40.000000" />
  <attribute name="Current GC Util Change" value="134.000000"/>
  <attribute name="Current Error" value="-288.000000" />
  <attribute name="Output H" value="223422040"/>
  <attribute name="Output I" value="1680"/>
  <attribute name="Output T" value="8"/>
  <attribute name= "Current Time Running" value="2596" />
  <attribute name="GC Util currently" value="134" />
  <attribute name="CPU Util currently" value="7900348100354" />
<exclusive-end id="977" timestamp="2019-09-21T18:42:56.407" durationms="4.834" />

<exclusive-start id="978" timestamp="2019-09-21T18:42:56.426" intervalms="23.800">
  <response-info timems="0.071" idlems="0.071" threads="0" lastid="00000000027D2B00" lastname="Thread-18" />
</exclusive-start>
<allocation-taxation id="979" taxation-threshold="61865984" timestamp="2019-09-21T18:42:56.426" intervalms="23.811" />
<cycle-start id="980" type="partial gc" contextid="0" timestamp="2019-09-21T18:42:56.426" intervalms="23.846" />
<gc-start id="981" type="partial gc" contextid="980" timestamp="2019-09-21T18:42:56.427">
  <mem-info id="982" free="72351744" total="223346688" percent="32">
    <mem type="eden" free="0" total="61865984" percent="0" />
    <arraylet-primitive objects="2" leaves="2" largest="1" />
    <remembered-set count="48128" freebytes="8722816" totalbytes="8915328" percent="97" regionsoverflowed="0" regionsstable="4" regionsrebuilding="0"/>
  </mem-info>
</gc-start>
<allocation-stats totalBytes="61856960" >
  <allocated-bytes non-tlh="0" tlh="61856960" arrayletleaf="0"/>
  <largest-consumer threadName="Thread-12" threadId="00000000027D6700" bytes="11668032" />
</allocation-stats>
<gc-op id="983" type="copy forward" timems="3.564" contextid="980" timestamp="2019-09-21T18:42:56.431">
  <memory-copied type="eden" objects="28851" bytes="1245152" bytesdiscarded="88744" />
  <memory-copied type="other" objects="26440" bytes="1046688" bytesdiscarded="133120" />
  <memory-cardclean objects="10789" bytes="570344" />
  <regions eden="59" other="5" />
  <remembered-set-cleared processed="35641" cleared="2937" durationms="0.163" />
  <stringconstants candidates="4597" cleared="0"  />
</gc-op>
<gc-op id="984" type="classunload" timems="0.003" contextid="980" timestamp="2019-09-21T18:42:56.431">
  <classunload-info classloadercandidates="8" classloadersunloaded="0" classesunloaded="0" anonymousclassesunloaded="0" quiescems="0.000" setupms="0.002" scanms="0.000" postms="0.000" />
</gc-op>
<heap-resize id="985" type="expand" space="default" amount="5242880" count="1" timems="0.087" reason="excessive time being spent in gc" timestamp="2019-09-21T18:42:56.432" />
<gc-end id="986" type="partial gc" contextid="980" durationms="4.874" usertimems="16.000" systemtimems="0.000" timestamp="2019-09-21T18:42:56.432" activeThreads="8">
  <mem-info id="987" free="137363456" total="228589568" percent="60">
    <mem type="eden" free="763256" total="2097152" percent="36" />
    <arraylet-primitive objects="2" leaves="2" largest="1" />
    <remembered-set count="48224" freebytes="8931712" totalbytes="9124608" percent="97" regionsoverflowed="0" regionsstable="4" regionsrebuilding="0"/>
  </mem-info>
</gc-end>
<cycle-end id="988" type="partial gc" contextid="980" timestamp="2019-09-21T18:42:56.432" />
  <attribute name="elasticGC enabled" value="1" />
  <attribute name= "numThreadsSpecified" value="8" />
  <attribute name="heapSize specified" value="0" />
  <attribute name="Current GC Util" value="120" />
  <attribute name= "Current Time Running" value="2620" />
  <attribute name ="GC Interval" value="0" />
  <attribute name="Target GC Util Change" value ="40.000000" />
  <attribute name="Current GC Util Change" value="120.000000"/>
  <attribute name="Current Error" value="-93.000000" />
  <attribute name="Output H" value="223422264"/>
  <attribute name="Output I" value="1904"/>
  <attribute name="Output T" value="8"/>
  <attribute name= "Current Time Running" value="2620" />
  <attribute name="GC Util currently" value="120" />
  <attribute name="CPU Util currently" value="7408021507523" />
<exclusive-end id="989" timestamp="2019-09-21T18:42:56.432" durationms="5.870" />

<exclusive-start id="990" timestamp="2019-09-21T18:42:56.454" intervalms="27.475">
  <response-info timems="0.111" idlems="0.111" threads="0" lastid="00000000027D6700" lastname="Thread-12" />
</exclusive-start>
<allocation-taxation id="991" taxation-threshold="62914560" timestamp="2019-09-21T18:42:56.454" intervalms="27.449" />
<cycle-start id="992" type="partial gc" contextid="0" timestamp="2019-09-21T18:42:56.454" intervalms="27.393" />
<gc-start id="993" type="partial gc" contextid="992" timestamp="2019-09-21T18:42:56.454">
  <mem-info id="994" free="74448896" total="228589568" percent="32">
    <mem type="eden" free="0" total="62914560" percent="0" />
    <arraylet-primitive objects="2" leaves="2" largest="1" />
    <remembered-set count="47904" freebytes="8932992" totalbytes="9124608" percent="97" regionsoverflowed="0" regionsstable="4" regionsrebuilding="0"/>
  </mem-info>
</gc-start>
<allocation-stats totalBytes="62905880" >
  <allocated-bytes non-tlh="0" tlh="62905880" arrayletleaf="0"/>
  <largest-consumer threadName="Thread-17" threadId="00000000027E1B00" bytes="12773864" />
</allocation-stats>
<gc-op id="995" type="copy forward" timems="3.127" contextid="992" timestamp="2019-09-21T18:42:56.458">
  <memory-copied type="eden" objects="19030" bytes="734040" bytesdiscarded="115744" />
  <memory-copied type="other" objects="33147" bytes="1345032" bytesdiscarded="106624" />
  <memory-cardclean objects="15088" bytes="776936" />
  <regions eden="60" other="4" />
  <remembered-set-cleared processed="36808" cleared="2823" durationms="0.193" />
  <stringconstants candidates="4597" cleared="0"  />
</gc-op>
<gc-op id="996" type="classunload" timems="0.004" contextid="992" timestamp="2019-09-21T18:42:56.458">
  <classunload-info classloadercandidates="8" classloadersunloaded="0" classesunloaded="0" anonymousclassesunloaded="0" quiescems="0.000" setupms="0.003" scanms="0.000" postms="0.000" />
</gc-op>
<gc-end id="997" type="partial gc" contextid="992" durationms="4.262" usertimems="16.000" systemtimems="0.000" timestamp="2019-09-21T18:42:56.458" activeThreads="8">
  <mem-info id="998" free="137363456" total="228589568" percent="60">
    <mem type="eden" free="198792" total="1048576" percent="18" />
    <arraylet-primitive objects="2" leaves="2" largest="1" />
    <remembered-set count="50016" freebytes="8924544" totalbytes="9124608" percent="97" regionsoverflowed="0" regionsstable="4" regionsrebuilding="0"/>
  </mem-info>
</gc-end>
<cycle-end id="999" type="partial gc" contextid="992" timestamp="2019-09-21T18:42:56.459" />
  <attribute name="elasticGC enabled" value="1" />
  <attribute name= "numThreadsSpecified" value="8" />
  <attribute name="heapSize specified" value="0" />
  <attribute name="Current GC Util" value="121" />
  <attribute name= "Current Time Running" value="2647" />
  <attribute name ="GC Interval" value="0" />
  <attribute name="Target GC Util Change" value ="40.000000" />
  <attribute name="Current GC Util Change" value="121.000000"/>
  <attribute name="Current Error" value="-182.000000" />
  <attribute name="Output H" value="228665040"/>
  <attribute name="Output I" value="1800"/>
  <attribute name="Output T" value="8"/>
  <attribute name= "Current Time Running" value="2647" />
  <attribute name="GC Util currently" value="121" />
  <attribute name="CPU Util currently" value="7199257540306" />
<exclusive-end id="1000" timestamp="2019-09-21T18:42:56.459" durationms="5.126" />

<exclusive-start id="1001" timestamp="2019-09-21T18:42:56.482" intervalms="28.603">
  <response-info timems="0.065" idlems="0.065" threads="0" lastid="00000000027E1B00" lastname="Thread-17" />
</exclusive-start>
<allocation-taxation id="1002" taxation-threshold="62914560" timestamp="2019-09-21T18:42:56.482" intervalms="28.643" />
<cycle-start id="1003" type="partial gc" contextid="0" timestamp="2019-09-21T18:42:56.483" intervalms="28.719" />
<gc-start id="1004" type="partial gc" contextid="1003" timestamp="2019-09-21T18:42:56.483">
  <mem-info id="1005" free="74448896" total="228589568" percent="32">
    <mem type="eden" free="0" total="62914560" percent="0" />
    <arraylet-primitive objects="2" leaves="2" largest="1" />
    <remembered-set count="49728" freebytes="8925696" totalbytes="9124608" percent="97" regionsoverflowed="0" regionsstable="4" regionsrebuilding="0"/>
  </mem-info>
</gc-start>
<allocation-stats totalBytes="62905872" >
  <allocated-bytes non-tlh="0" tlh="62905872" arrayletleaf="0"/>
  <largest-consumer threadName="Thread-17" threadId="00000000027E1B00" bytes="12478904" />
</allocation-stats>
<gc-op id="1006" type="copy forward" timems="2.958" contextid="1003" timestamp="2019-09-21T18:42:56.487">
  <memory-copied type="eden" objects="20032" bytes="895632" bytesdiscarded="93528" />
  <memory-copied type="other" objects="24424" bytes="998304" bytesdiscarded="56808" />
  <memory-cardclean objects="11992" bytes="609632" />
  <regions eden="60" other="4" />
  <remembered-set-cleared processed="37229" cleared="2129" durationms="0.176" />
  <stringconstants candidates="4597" cleared="0"  />
</gc-op>
<gc-op id="1007" type="classunload" timems="0.003" contextid="1003" timestamp="2019-09-21T18:42:56.487">
  <classunload-info classloadercandidates="8" classloadersunloaded="0" classesunloaded="0" anonymousclassesunloaded="0" quiescems="0.000" setupms="0.002" scanms="0.000" postms="0.000" />
</gc-op>
<heap-resize id="1008" type="expand" space="default" amount="2097152" count="1" timems="0.069" reason="excessive time being spent in gc" timestamp="2019-09-21T18:42:56.487" />
<gc-end id="1009" type="partial gc" contextid="1003" durationms="4.263" usertimems="8.000" systemtimems="4.000" timestamp="2019-09-21T18:42:56.487" activeThreads="8">
  <mem-info id="1010" free="138412032" total="230686720" percent="60">
    <mem type="eden" free="59416" total="1048576" percent="5" />
    <arraylet-primitive objects="2" leaves="2" largest="1" />
    <remembered-set count="49792" freebytes="9009152" totalbytes="9208320" percent="97" regionsoverflowed="0" regionsstable="4" regionsrebuilding="0"/>
  </mem-info>
</gc-end>
<cycle-end id="1011" type="partial gc" contextid="1003" timestamp="2019-09-21T18:42:56.487" />
  <attribute name="elasticGC enabled" value="1" />
  <attribute name= "numThreadsSpecified" value="8" />
  <attribute name="heapSize specified" value="0" />
  <attribute name="Current GC Util" value="132" />
  <attribute name= "Current Time Running" value="2676" />
  <attribute name ="GC Interval" value="0" />
  <attribute name="Target GC Util Change" value ="40.000000" />
  <attribute name="Current GC Util Change" value="132.000000"/>
  <attribute name="Current Error" value="-279.000000" />
  <attribute name="Output H" value="228664928"/>
  <attribute name="Output I" value="1688"/>
  <attribute name="Output T" value="8"/>
  <attribute name= "Current Time Running" value="2676" />
  <attribute name="GC Util currently" value="132" />
  <attribute name="CPU Util currently" value="7435492862799" />
<exclusive-end id="1012" timestamp="2019-09-21T18:42:56.488" durationms="5.320" />

<exclusive-start id="1013" timestamp="2019-09-21T18:42:56.514" intervalms="31.407">
  <response-info timems="0.081" idlems="0.081" threads="0" lastid="00000000027DDF00" lastname="Thread-16" />
</exclusive-start>
<allocation-taxation id="1014" taxation-threshold="63963136" timestamp="2019-09-21T18:42:56.514" intervalms="31.370" />
<cycle-start id="1015" type="partial gc" contextid="0" timestamp="2019-09-21T18:42:56.514" intervalms="31.359" />
<gc-start id="1016" type="partial gc" contextid="1015" timestamp="2019-09-21T18:42:56.514">
  <mem-info id="1017" free="74448896" total="230686720" percent="32">
    <mem type="eden" free="0" total="63963136" percent="0" />
    <arraylet-primitive objects="2" leaves="2" largest="1" />
    <remembered-set count="49568" freebytes="9010048" totalbytes="9208320" percent="97" regionsoverflowed="0" regionsstable="4" regionsrebuilding="0"/>
  </mem-info>
</gc-start>
<allocation-stats totalBytes="63953992" >
  <allocated-bytes non-tlh="0" tlh="63953992" arrayletleaf="0"/>
  <largest-consumer threadName="Thread-17" threadId="00000000027E1B00" bytes="11348312" />
</allocation-stats>
<gc-op id="1018" type="copy forward" timems="2.638" contextid="1015" timestamp="2019-09-21T18:42:56.518">
  <memory-copied type="eden" objects="6503" bytes="159296" bytesdiscarded="30280" />
  <memory-copied type="other" objects="44728" bytes="2035104" bytesdiscarded="137008" />
  <memory-cardclean objects="8314" bytes="410120" />
  <regions eden="61" other="5" />
  <remembered-set-cleared processed="37140" cleared="3405" durationms="0.177" />
  <stringconstants candidates="4597" cleared="0"  />
</gc-op>
<gc-op id="1019" type="classunload" timems="0.003" contextid="1015" timestamp="2019-09-21T18:42:56.518">
  <classunload-info classloadercandidates="8" classloadersunloaded="0" classesunloaded="0" anonymousclassesunloaded="0" quiescems="0.000" setupms="0.003" scanms="0.000" postms="0.000" />
</gc-op>
<heap-resize id="1020" type="expand" space="default" amount="3145728" count="1" timems="0.075" reason="excessive time being spent in gc" timestamp="2019-09-21T18:42:56.518" />
<gc-end id="1021" type="partial gc" contextid="1015" durationms="3.985" usertimems="16.000" systemtimems="0.000" timestamp="2019-09-21T18:42:56.518" activeThreads="8">
  <mem-info id="1022" free="140509184" total="233832448" percent="60">
    <mem type="eden" free="859000" total="1048576" percent="81" />
    <arraylet-primitive objects="2" leaves="2" largest="1" />
    <remembered-set count="49824" freebytes="9134592" totalbytes="9333888" percent="97" regionsoverflowed="0" regionsstable="4" regionsrebuilding="0"/>
  </mem-info>
</gc-end>
<cycle-end id="1023" type="partial gc" contextid="1015" timestamp="2019-09-21T18:42:56.518" />
  <attribute name="elasticGC enabled" value="1" />
  <attribute name= "numThreadsSpecified" value="8" />
  <attribute name="heapSize specified" value="0" />
  <attribute name="Current GC Util" value="121" />
  <attribute name= "Current Time Running" value="2708" />
  <attribute name ="GC Interval" value="0" />
  <attribute name="Target GC Util Change" value ="40.000000" />
  <attribute name="Current GC Util Change" value="121.000000"/>
  <attribute name="Current Error" value="-78.000000" />
  <attribute name="Output H" value="230762312"/>
  <attribute name="Output I" value="1920"/>
  <attribute name="Output T" value="8"/>
  <attribute name= "Current Time Running" value="2708" />
  <attribute name="GC Util currently" value="121" />
  <attribute name="CPU Util currently" value="7264923086161" />
<exclusive-end id="1024" timestamp="2019-09-21T18:42:56.519" durationms="5.066" />

<exclusive-start id="1025" timestamp="2019-09-21T18:42:56.545" intervalms="31.749">
  <response-info timems="0.125" idlems="0.066" threads="1" lastid="00000000027CEF00" lastname="Thread-13" />
</exclusive-start>
<allocation-taxation id="1026" taxation-threshold="65011712" timestamp="2019-09-21T18:42:56.546" intervalms="31.794" />
<cycle-start id="1027" type="partial gc" contextid="0" timestamp="2019-09-21T18:42:56.546" intervalms="31.781" />
<gc-start id="1028" type="partial gc" contextid="1027" timestamp="2019-09-21T18:42:56.546">
  <mem-info id="1029" free="75497472" total="233832448" percent="32">
    <mem type="eden" free="0" total="65011712" percent="0" />
    <arraylet-primitive objects="2" leaves="2" largest="1" />
    <remembered-set count="49504" freebytes="9135872" totalbytes="9333888" percent="97" regionsoverflowed="0" regionsstable="4" regionsrebuilding="0"/>
  </mem-info>
</gc-start>
<allocation-stats totalBytes="65002432" >
  <allocated-bytes non-tlh="0" tlh="65002432" arrayletleaf="0"/>
  <largest-consumer threadName="Thread-17" threadId="00000000027E1B00" bytes="11585624" />
</allocation-stats>
<gc-op id="1030" type="copy forward" timems="3.205" contextid="1027" timestamp="2019-09-21T18:42:56.550">
  <memory-copied type="eden" objects="10525" bytes="392944" bytesdiscarded="23880" />
  <memory-copied type="other" objects="39691" bytes="1776840" bytesdiscarded="127624" />
  <memory-cardclean objects="7939" bytes="426056" />
  <regions eden="62" other="4" />
  <remembered-set-cleared processed="37916" cleared="2467" durationms="0.183" />
  <stringconstants candidates="4597" cleared="0"  />
</gc-op>
<gc-op id="1031" type="classunload" timems="0.004" contextid="1027" timestamp="2019-09-21T18:42:56.550">
  <classunload-info classloadercandidates="8" classloadersunloaded="0" classesunloaded="0" anonymousclassesunloaded="0" quiescems="0.000" setupms="0.003" scanms="0.000" postms="0.000" />
</gc-op>
<heap-resize id="1032" type="expand" space="default" amount="5242880" count="1" timems="0.085" reason="excessive time being spent in gc" timestamp="2019-09-21T18:42:56.551" />
<gc-end id="1033" type="partial gc" contextid="1027" durationms="4.558" usertimems="16.000" systemtimems="0.000" timestamp="2019-09-21T18:42:56.551" activeThreads="8">
  <mem-info id="1034" free="143654912" total="239075328" percent="60">
    <mem type="eden" free="1680328" total="2097152" percent="80" />
    <arraylet-primitive objects="2" leaves="2" largest="1" />
    <remembered-set count="51392" freebytes="9337600" totalbytes="9543168" percent="97" regionsoverflowed="0" regionsstable="4" regionsrebuilding="0"/>
  </mem-info>
</gc-end>
<cycle-end id="1035" type="partial gc" contextid="1027" timestamp="2019-09-21T18:42:56.551" />
  <attribute name="elasticGC enabled" value="1" />
  <attribute name= "numThreadsSpecified" value="8" />
  <attribute name="heapSize specified" value="0" />
  <attribute name="Current GC Util" value="124" />
  <attribute name= "Current Time Running" value="2739" />
  <attribute name ="GC Interval" value="0" />
  <attribute name="Target GC Util Change" value ="40.000000" />
  <attribute name="Current GC Util Change" value="124.000000"/>
  <attribute name="Current Error" value="-159.000000" />
  <attribute name="Output H" value="233907952"/>
  <attribute name="Output I" value="1832"/>
  <attribute name="Output T" value="8"/>
  <attribute name= "Current Time Running" value="2739" />
  <attribute name="GC Util currently" value="124" />
  <attribute name="CPU Util currently" value="7924349265093" />
<exclusive-end id="1036" timestamp="2019-09-21T18:42:56.551" durationms="5.662" />

<exclusive-start id="1037" timestamp="2019-09-21T18:42:56.579" intervalms="33.285">
  <response-info timems="0.102" idlems="0.102" threads="0" lastid="00000000027DDF00" lastname="Thread-16" />
</exclusive-start>
<allocation-taxation id="1038" taxation-threshold="66060288" timestamp="2019-09-21T18:42:56.579" intervalms="33.233" />
<cycle-start id="1039" type="partial gc" contextid="0" timestamp="2019-09-21T18:42:56.579" intervalms="33.280" />
<gc-start id="1040" type="partial gc" contextid="1039" timestamp="2019-09-21T18:42:56.579">
  <mem-info id="1041" free="77594624" total="239075328" percent="32">
    <mem type="eden" free="0" total="66060288" percent="0" />
    <arraylet-primitive objects="2" leaves="2" largest="1" />
    <remembered-set count="50944" freebytes="9339392" totalbytes="9543168" percent="97" regionsoverflowed="0" regionsstable="4" regionsrebuilding="0"/>
  </mem-info>
</gc-start>
<allocation-stats totalBytes="66050480" >
  <allocated-bytes non-tlh="0" tlh="66050480" arrayletleaf="0"/>
  <largest-consumer threadName="Thread-17" threadId="00000000027E1B00" bytes="12707792" />
</allocation-stats>
<gc-op id="1042" type="copy forward" timems="2.694" contextid="1039" timestamp="2019-09-21T18:42:56.583">
  <memory-copied type="eden" objects="4982" bytes="122040" bytesdiscarded="20712" />
  <memory-copied type="other" objects="41735" bytes="1825896" bytesdiscarded="177424" />
  <memory-cardclean objects="6150" bytes="325256" />
  <regions eden="63" other="6" />
  <remembered-set-cleared processed="38049" cleared="1959" durationms="0.161" />
  <stringconstants candidates="4597" cleared="0"  />
</gc-op>
<gc-op id="1043" type="classunload" timems="0.004" contextid="1039" timestamp="2019-09-21T18:42:56.583">
  <classunload-info classloadercandidates="8" classloadersunloaded="0" classesunloaded="0" anonymousclassesunloaded="0" quiescems="0.000" setupms="0.004" scanms="0.000" postms="0.000" />
</gc-op>
<gc-end id="1044" type="partial gc" contextid="1039" durationms="3.835" usertimems="12.000" systemtimems="0.000" timestamp="2019-09-21T18:42:56.583" activeThreads="8">
  <mem-info id="1045" free="143654912" total="239075328" percent="60">
    <mem type="eden" free="905824" total="1048576" percent="86" />
    <arraylet-primitive objects="2" leaves="2" largest="1" />
    <remembered-set count="52672" freebytes="9332480" totalbytes="9543168" percent="97" regionsoverflowed="0" regionsstable="4" regionsrebuilding="0"/>
  </mem-info>
</gc-end>
<cycle-end id="1046" type="partial gc" contextid="1039" timestamp="2019-09-21T18:42:56.583" />
  <attribute name="elasticGC enabled" value="1" />
  <attribute name= "numThreadsSpecified" value="8" />
  <attribute name="heapSize specified" value="0" />
  <attribute name="Current GC Util" value="113" />
  <attribute name= "Current Time Running" value="2773" />
  <attribute name ="GC Interval" value="0" />
  <attribute name="Target GC Util Change" value ="40.000000" />
  <attribute name="Current GC Util Change" value="113.000000"/>
  <attribute name="Current Error" value="-229.000000" />
  <attribute name="Output H" value="239150744"/>
  <attribute name="Output I" value="1744"/>
  <attribute name="Output T" value="8"/>
  <attribute name= "Current Time Running" value="2773" />
  <attribute name="GC Util currently" value="113" />
  <attribute name="CPU Util currently" value="7269320488826" />
<exclusive-end id="1047" timestamp="2019-09-21T18:42:56.584" durationms="4.899" />

<exclusive-start id="1048" timestamp="2019-09-21T18:42:56.611" intervalms="32.601">
  <response-info timems="0.115" idlems="0.115" threads="0" lastid="00000000027DA300" lastname="Thread-11" />
</exclusive-start>
<allocation-taxation id="1049" taxation-threshold="66060288" timestamp="2019-09-21T18:42:56.611" intervalms="32.638" />
<cycle-start id="1050" type="partial gc" contextid="0" timestamp="2019-09-21T18:42:56.612" intervalms="32.516" />
<gc-start id="1051" type="partial gc" contextid="1050" timestamp="2019-09-21T18:42:56.612">
  <mem-info id="1052" free="77594624" total="239075328" percent="32">
    <mem type="eden" free="0" total="66060288" percent="0" />
    <arraylet-primitive objects="2" leaves="2" largest="1" />
    <remembered-set count="52320" freebytes="9333888" totalbytes="9543168" percent="97" regionsoverflowed="0" regionsstable="4" regionsrebuilding="0"/>
  </mem-info>
</gc-start>
<allocation-stats totalBytes="66049848" >
  <allocated-bytes non-tlh="0" tlh="66049848" arrayletleaf="0"/>
  <largest-consumer threadName="Thread-17" threadId="00000000027E1B00" bytes="15476168" />
</allocation-stats>
<gc-op id="1053" type="copy forward" timems="3.113" contextid="1050" timestamp="2019-09-21T18:42:56.616">
  <memory-copied type="eden" objects="8859" bytes="353160" bytesdiscarded="13064" />
  <memory-copied type="other" objects="41508" bytes="1820448" bytesdiscarded="100296" />
  <memory-cardclean objects="6095" bytes="295496" />
  <regions eden="63" other="6" />
  <remembered-set-cleared processed="38162" cleared="3419" durationms="0.176" />
  <stringconstants candidates="4597" cleared="0"  />
</gc-op>
<gc-op id="1054" type="classunload" timems="0.003" contextid="1050" timestamp="2019-09-21T18:42:56.616">
  <classunload-info classloadercandidates="8" classloadersunloaded="0" classesunloaded="0" anonymousclassesunloaded="0" quiescems="0.000" setupms="0.003" scanms="0.000" postms="0.000" />
</gc-op>
<heap-resize id="1055" type="expand" space="default" amount="2097152" count="1" timems="0.068" reason="excessive time being spent in gc" timestamp="2019-09-21T18:42:56.616" />
<gc-end id="1056" type="partial gc" contextid="1050" durationms="4.308" usertimems="8.000" systemtimems="8.000" timestamp="2019-09-21T18:42:56.616" activeThreads="8">
  <mem-info id="1057" free="144703488" total="241172480" percent="60">
    <mem type="eden" free="682352" total="1048576" percent="65" />
    <arraylet-primitive objects="2" leaves="2" largest="1" />
    <remembered-set count="52096" freebytes="9418496" totalbytes="9626880" percent="97" regionsoverflowed="0" regionsstable="4" regionsrebuilding="0"/>
  </mem-info>
</gc-end>
<cycle-end id="1058" type="partial gc" contextid="1050" timestamp="2019-09-21T18:42:56.616" />
  <attribute name="elasticGC enabled" value="1" />
  <attribute name= "numThreadsSpecified" value="8" />
  <attribute name="heapSize specified" value="0" />
  <attribute name="Current GC Util" value="126" />
  <attribute name= "Current Time Running" value="2805" />
  <attribute name ="GC Interval" value="0" />
  <attribute name="Target GC Util Change" value ="40.000000" />
  <attribute name="Current GC Util Change" value="126.000000"/>
  <attribute name="Current Error" value="-82.000000" />
  <attribute name="Output H" value="239150920"/>
  <attribute name="Output I" value="1920"/>
  <attribute name="Output T" value="8"/>
  <attribute name= "Current Time Running" value="2805" />
  <attribute name="GC Util currently" value="126" />
  <attribute name="CPU Util currently" value="7430604825219" />
<exclusive-end id="1059" timestamp="2019-09-21T18:42:56.616" durationms="5.146" />

<exclusive-start id="1060" timestamp="2019-09-21T18:42:56.644" intervalms="32.732">
  <response-info timems="0.057" idlems="0.057" threads="0" lastid="00000000027D6700" lastname="Thread-12" />
</exclusive-start>
<allocation-taxation id="1061" taxation-threshold="66060288" timestamp="2019-09-21T18:42:56.644" intervalms="32.728" />
<cycle-start id="1062" type="partial gc" contextid="0" timestamp="2019-09-21T18:42:56.644" intervalms="32.816" />
<gc-start id="1063" type="partial gc" contextid="1062" timestamp="2019-09-21T18:42:56.645">
  <mem-info id="1064" free="78643200" total="241172480" percent="32">
    <mem type="eden" free="0" total="66060288" percent="0" />
    <arraylet-primitive objects="2" leaves="2" largest="1" />
    <remembered-set count="52000" freebytes="9418880" totalbytes="9626880" percent="97" regionsoverflowed="0" regionsstable="4" regionsrebuilding="0"/>
  </mem-info>
</gc-start>
<allocation-stats totalBytes="66050400" >
  <allocated-bytes non-tlh="0" tlh="66050400" arrayletleaf="0"/>
  <largest-consumer threadName="Thread-17" threadId="00000000027E1B00" bytes="13007056" />
</allocation-stats>
<gc-op id="1065" type="copy forward" timems="3.040" contextid="1062" timestamp="2019-09-21T18:42:56.649">
  <memory-copied type="eden" objects="4487" bytes="110632" bytesdiscarded="15488" />
  <memory-copied type="other" objects="23123" bytes="967080" bytesdiscarded="62360" />
  <memory-cardclean objects="12742" bytes="689576" />
  <regions eden="63" other="3" />
  <remembered-set-cleared processed="40072" cleared="2819" durationms="0.192" />
  <stringconstants candidates="4597" cleared="0"  />
</gc-op>
<gc-op id="1066" type="classunload" timems="0.003" contextid="1062" timestamp="2019-09-21T18:42:56.649">
  <classunload-info classloadercandidates="8" classloadersunloaded="0" classesunloaded="0" anonymousclassesunloaded="0" quiescems="0.000" setupms="0.003" scanms="0.000" postms="0.000" />
</gc-op>
<heap-resize id="1067" type="expand" space="default" amount="3145728" count="1" timems="0.075" reason="excessive time being spent in gc" timestamp="2019-09-21T18:42:56.649" />
<gc-end id="1068" type="partial gc" contextid="1062" durationms="4.332" usertimems="12.000" systemtimems="4.000" timestamp="2019-09-21T18:42:56.649" activeThreads="8">
  <mem-info id="1069" free="146800640" total="244318208" percent="60">
    <mem type="eden" free="922456" total="1048576" percent="87" />
    <arraylet-primitive objects="2" leaves="2" largest="1" />
    <remembered-set count="54144" freebytes="9535872" totalbytes="9752448" percent="97" regionsoverflowed="0" regionsstable="4" regionsrebuilding="0"/>
  </mem-info>
</gc-end>
<cycle-end id="1070" type="partial gc" contextid="1062" timestamp="2019-09-21T18:42:56.649" />
  <attribute name="elasticGC enabled" value="1" />
  <attribute name= "numThreadsSpecified" value="8" />
  <attribute name="heapSize specified" value="0" />
  <attribute name="Current GC Util" value="121" />
  <attribute name= "Current Time Running" value="2838" />
  <attribute name ="GC Interval" value="0" />
  <attribute name="Target GC Util Change" value ="40.000000" />
  <attribute name="Current GC Util Change" value="121.000000"/>
  <attribute name="Current Error" value="-162.000000" />
  <attribute name="Output H" value="241247976"/>
  <attribute name="Output I" value="1824"/>
  <attribute name="Output T" value="8"/>
  <attribute name= "Current Time Running" value="2838" />
  <attribute name="GC Util currently" value="121" />
  <attribute name="CPU Util currently" value="7629380731957" />
<exclusive-end id="1071" timestamp="2019-09-21T18:42:56.649" durationms="5.372" />

<exclusive-start id="1072" timestamp="2019-09-21T18:42:56.674" intervalms="29.879">
  <response-info timems="0.057" idlems="0.057" threads="0" lastid="00000000027DDF00" lastname="Thread-16" />
</exclusive-start>
<allocation-taxation id="1073" taxation-threshold="67108864" timestamp="2019-09-21T18:42:56.674" intervalms="29.870" />
<cycle-start id="1074" type="partial gc" contextid="0" timestamp="2019-09-21T18:42:56.674" intervalms="29.862" />
<gc-start id="1075" type="partial gc" contextid="1074" timestamp="2019-09-21T18:42:56.675">
  <mem-info id="1076" free="79691776" total="244318208" percent="32">
    <mem type="eden" free="0" total="67108864" percent="0" />
    <arraylet-primitive objects="2" leaves="2" largest="1" />
    <remembered-set count="53984" freebytes="9536512" totalbytes="9752448" percent="97" regionsoverflowed="0" regionsstable="4" regionsrebuilding="0"/>
  </mem-info>
</gc-start>
<allocation-stats totalBytes="67098520" >
  <allocated-bytes non-tlh="0" tlh="67098520" arrayletleaf="0"/>
  <largest-consumer threadName="Thread-17" threadId="00000000027E1B00" bytes="12744840" />
</allocation-stats>
<gc-op id="1077" type="copy forward" timems="3.281" contextid="1074" timestamp="2019-09-21T18:42:56.679">
  <memory-copied type="eden" objects="25339" bytes="1023424" bytesdiscarded="56952" />
  <memory-copied type="other" objects="36702" bytes="1430352" bytesdiscarded="65760" />
  <memory-cardclean objects="15925" bytes="820880" />
  <regions eden="64" other="6" />
  <remembered-set-cleared processed="39407" cleared="4333" durationms="0.211" />
  <stringconstants candidates="4597" cleared="0"  />
</gc-op>
<gc-op id="1078" type="classunload" timems="0.003" contextid="1074" timestamp="2019-09-21T18:42:56.679">
  <classunload-info classloadercandidates="8" classloadersunloaded="0" classesunloaded="0" anonymousclassesunloaded="0" quiescems="0.000" setupms="0.003" scanms="0.000" postms="0.000" />
</gc-op>
<heap-resize id="1079" type="expand" space="default" amount="5242880" count="1" timems="0.084" reason="excessive time being spent in gc" timestamp="2019-09-21T18:42:56.679" />
<gc-end id="1080" type="partial gc" contextid="1074" durationms="4.614" usertimems="20.000" systemtimems="0.000" timestamp="2019-09-21T18:42:56.679" activeThreads="8">
  <mem-info id="1081" free="149946368" total="249561088" percent="60">
    <mem type="eden" free="1016776" total="2097152" percent="48" />
    <arraylet-primitive objects="2" leaves="2" largest="1" />
    <remembered-set count="55392" freebytes="9740160" totalbytes="9961728" percent="97" regionsoverflowed="0" regionsstable="4" regionsrebuilding="0"/>
  </mem-info>
</gc-end>
<cycle-end id="1082" type="partial gc" contextid="1074" timestamp="2019-09-21T18:42:56.679" />
  <attribute name="elasticGC enabled" value="1" />
  <attribute name= "numThreadsSpecified" value="8" />
  <attribute name="heapSize specified" value="0" />
  <attribute name="Current GC Util" value="128" />
  <attribute name= "Current Time Running" value="2868" />
  <attribute name ="GC Interval" value="0" />
  <attribute name="Target GC Util Change" value ="40.000000" />
  <attribute name="Current GC Util Change" value="128.000000"/>
  <attribute name="Current Error" value="-246.000000" />
  <attribute name="Output H" value="244393608"/>
  <attribute name="Output I" value="1728"/>
  <attribute name="Output T" value="8"/>
  <attribute name= "Current Time Running" value="2868" />
  <attribute name="GC Util currently" value="128" />
  <attribute name="CPU Util currently" value="7137197661341" />
<exclusive-end id="1083" timestamp="2019-09-21T18:42:56.679" durationms="5.624" />

<exclusive-start id="1084" timestamp="2019-09-21T18:42:56.708" intervalms="33.673">
  <response-info timems="0.102" idlems="0.102" threads="0" lastid="00000000027DDF00" lastname="Thread-16" />
</exclusive-start>
<allocation-taxation id="1085" taxation-threshold="68157440" timestamp="2019-09-21T18:42:56.708" intervalms="33.667" />
<cycle-start id="1086" type="partial gc" contextid="0" timestamp="2019-09-21T18:42:56.708" intervalms="33.613" />
<gc-start id="1087" type="partial gc" contextid="1086" timestamp="2019-09-21T18:42:56.708">
  <mem-info id="1088" free="81788928" total="249561088" percent="32">
    <mem type="eden" free="0" total="68157440" percent="0" />
    <arraylet-primitive objects="2" leaves="2" largest="1" />
    <remembered-set count="55040" freebytes="9741568" totalbytes="9961728" percent="97" regionsoverflowed="0" regionsstable="4" regionsrebuilding="0"/>
  </mem-info>
</gc-start>
<allocation-stats totalBytes="68147288" >
  <allocated-bytes non-tlh="0" tlh="68147288" arrayletleaf="0"/>
  <largest-consumer threadName="Thread-17" threadId="00000000027E1B00" bytes="13350728" />
</allocation-stats>
<gc-op id="1089" type="copy forward" timems="2.870" contextid="1086" timestamp="2019-09-21T18:42:56.712">
  <memory-copied type="eden" objects="12594" bytes="579392" bytesdiscarded="74640" />
  <memory-copied type="other" objects="37160" bytes="1578720" bytesdiscarded="150528" />
  <memory-cardclean objects="8418" bytes="434120" />
  <regions eden="65" other="6" />
  <remembered-set-cleared processed="41491" cleared="4684" durationms="0.217" />
  <stringconstants candidates="4597" cleared="0"  />
</gc-op>
<gc-op id="1090" type="classunload" timems="0.004" contextid="1086" timestamp="2019-09-21T18:42:56.712">
  <classunload-info classloadercandidates="8" classloadersunloaded="0" classesunloaded="0" anonymousclassesunloaded="0" quiescems="0.000" setupms="0.003" scanms="0.000" postms="0.000" />
</gc-op>
<gc-end id="1091" type="partial gc" contextid="1086" durationms="4.069" usertimems="12.000" systemtimems="0.000" timestamp="2019-09-21T18:42:56.712" activeThreads="8">
  <mem-info id="1092" free="149946368" total="249561088" percent="60">
    <mem type="eden" free="394544" total="1048576" percent="37" />
    <arraylet-primitive objects="2" leaves="2" largest="1" />
    <remembered-set count="55264" freebytes="9740672" totalbytes="9961728" percent="97" regionsoverflowed="0" regionsstable="4" regionsrebuilding="0"/>
  </mem-info>
</gc-end>
<cycle-end id="1093" type="partial gc" contextid="1086" timestamp="2019-09-21T18:42:56.712" />
  <attribute name="elasticGC enabled" value="1" />
  <attribute name= "numThreadsSpecified" value="8" />
  <attribute name="heapSize specified" value="0" />
  <attribute name="Current GC Util" value="131" />
  <attribute name= "Current Time Running" value="2901" />
  <attribute name ="GC Interval" value="0" />
  <attribute name="Target GC Util Change" value ="40.000000" />
  <attribute name="Current GC Util Change" value="131.000000"/>
  <attribute name="Current Error" value="-96.000000" />
  <attribute name="Output H" value="249636664"/>
  <attribute name="Output I" value="1904"/>
  <attribute name="Output T" value="8"/>
  <attribute name= "Current Time Running" value="2901" />
  <attribute name="GC Util currently" value="131" />
  <attribute name="CPU Util currently" value="6776529736904" />
<exclusive-end id="1094" timestamp="2019-09-21T18:42:56.713" durationms="5.003" />

<exclusive-start id="1095" timestamp="2019-09-21T18:42:56.738" intervalms="30.178">
  <response-info timems="0.145" idlems="0.145" threads="0" lastid="00000000027D6700" lastname="Thread-12" />
</exclusive-start>
<allocation-taxation id="1096" taxation-threshold="68157440" timestamp="2019-09-21T18:42:56.738" intervalms="30.185" />
<cycle-start id="1097" type="partial gc" contextid="0" timestamp="2019-09-21T18:42:56.738" intervalms="30.227" />
<gc-start id="1098" type="partial gc" contextid="1097" timestamp="2019-09-21T18:42:56.738">
  <mem-info id="1099" free="81788928" total="249561088" percent="32">
    <mem type="eden" free="0" total="68157440" percent="0" />
    <arraylet-primitive objects="2" leaves="2" largest="1" />
    <remembered-set count="54912" freebytes="9742080" totalbytes="9961728" percent="97" regionsoverflowed="0" regionsstable="4" regionsrebuilding="0"/>
  </mem-info>
</gc-start>
<allocation-stats totalBytes="68147440" >
  <allocated-bytes non-tlh="0" tlh="68147440" arrayletleaf="0"/>
  <largest-consumer threadName="Thread-17" threadId="00000000027E1B00" bytes="12875848" />
</allocation-stats>
<gc-op id="1100" type="copy forward" timems="2.906" contextid="1097" timestamp="2019-09-21T18:42:56.742">
  <memory-copied type="eden" objects="10465" bytes="391112" bytesdiscarded="27952" />
  <memory-copied type="other" objects="40145" bytes="1787736" bytesdiscarded="97064" />
  <memory-cardclean objects="7532" bytes="372584" />
  <regions eden="65" other="5" />
  <remembered-set-cleared processed="41232" cleared="4040" durationms="0.225" />
  <stringconstants candidates="4597" cleared="0"  />
</gc-op>
<gc-op id="1101" type="classunload" timems="0.004" contextid="1097" timestamp="2019-09-21T18:42:56.742">
  <classunload-info classloadercandidates="8" classloadersunloaded="0" classesunloaded="0" anonymousclassesunloaded="0" quiescems="0.000" setupms="0.003" scanms="0.000" postms="0.000" />
</gc-op>
<heap-resize id="1102" type="expand" space="default" amount="2097152" count="1" timems="0.069" reason="excessive time being spent in gc" timestamp="2019-09-21T18:42:56.742" />
<gc-end id="1103" type="partial gc" contextid="1097" durationms="4.172" usertimems="12.000" systemtimems="4.000" timestamp="2019-09-21T18:42:56.743" activeThreads="8">
  <mem-info id="1104" free="150994944" total="251658240" percent="60">
    <mem type="eden" free="629512" total="1048576" percent="60" />
    <arraylet-primitive objects="2" leaves="2" largest="1" />
    <remembered-set count="54176" freebytes="9828736" totalbytes="10045440" percent="97" regionsoverflowed="0" regionsstable="4" regionsrebuilding="0"/>
  </mem-info>
</gc-end>
<cycle-end id="1105" type="partial gc" contextid="1097" timestamp="2019-09-21T18:42:56.743" />
  <attribute name="elasticGC enabled" value="1" />
  <attribute name= "numThreadsSpecified" value="8" />
  <attribute name="heapSize specified" value="0" />
  <attribute name="Current GC Util" value="117" />
  <attribute name= "Current Time Running" value="2932" />
  <attribute name ="GC Interval" value="0" />
  <attribute name="Target GC Util Change" value ="40.000000" />
  <attribute name="Current GC Util Change" value="117.000000"/>
  <attribute name="Current Error" value="-174.000000" />
  <attribute name="Output H" value="249636568"/>
  <attribute name="Output I" value="1808"/>
  <attribute name="Output T" value="8"/>
  <attribute name= "Current Time Running" value="2932" />
  <attribute name="GC Util currently" value="117" />
  <attribute name="CPU Util currently" value="7167881590985" />
<exclusive-end id="1106" timestamp="2019-09-21T18:42:56.743" durationms="5.109" />

<exclusive-start id="1107" timestamp="2019-09-21T18:42:56.766" intervalms="28.751">
  <response-info timems="0.105" idlems="0.104" threads="1" lastid="00000000027D6700" lastname="Thread-12" />
</exclusive-start>
<allocation-taxation id="1108" taxation-threshold="69206016" timestamp="2019-09-21T18:42:56.767" intervalms="28.745" />
<cycle-start id="1109" type="partial gc" contextid="0" timestamp="2019-09-21T18:42:56.767" intervalms="28.711" />
<gc-start id="1110" type="partial gc" contextid="1109" timestamp="2019-09-21T18:42:56.767">
  <mem-info id="1111" free="81788928" total="251658240" percent="32">
    <mem type="eden" free="0" total="69206016" percent="0" />
    <arraylet-primitive objects="2" leaves="2" largest="1" />
    <remembered-set count="53952" freebytes="9829632" totalbytes="10045440" percent="97" regionsoverflowed="0" regionsstable="4" regionsrebuilding="0"/>
  </mem-info>
</gc-start>
<allocation-stats totalBytes="69196120" >
  <allocated-bytes non-tlh="0" tlh="69196120" arrayletleaf="0"/>
  <largest-consumer threadName="Thread-12" threadId="00000000027D6700" bytes="13801312" />
</allocation-stats>
<gc-op id="1112" type="copy forward" timems="3.663" contextid="1109" timestamp="2019-09-21T18:42:56.772">
  <memory-copied type="eden" objects="12463" bytes="439088" bytesdiscarded="24552" />
  <memory-copied type="other" objects="46887" bytes="1949544" bytesdiscarded="180736" />
  <memory-cardclean objects="10256" bytes="545144" />
  <regions eden="66" other="6" />
  <remembered-set-cleared processed="40352" cleared="2959" durationms="0.191" />
  <stringconstants candidates="4597" cleared="0"  />
</gc-op>
<gc-op id="1113" type="classunload" timems="0.002" contextid="1109" timestamp="2019-09-21T18:42:56.772">
  <classunload-info classloadercandidates="8" classloadersunloaded="0" classesunloaded="0" anonymousclassesunloaded="0" quiescems="0.000" setupms="0.002" scanms="0.000" postms="0.000" />
</gc-op>
<heap-resize id="1114" type="expand" space="default" amount="5242880" count="1" timems="0.082" reason="excessive time being spent in gc" timestamp="2019-09-21T18:42:56.772" />
<gc-end id="1115" type="partial gc" contextid="1109" durationms="4.876" usertimems="12.000" systemtimems="4.000" timestamp="2019-09-21T18:42:56.772" activeThreads="8">
  <mem-info id="1116" free="154140672" total="256901120" percent="60">
    <mem type="eden" free="1633512" total="2097152" percent="77" />
    <arraylet-primitive objects="2" leaves="2" largest="1" />
    <remembered-set count="55808" freebytes="10031488" totalbytes="10254720" percent="97" regionsoverflowed="0" regionsstable="4" regionsrebuilding="0"/>
  </mem-info>
</gc-end>
<cycle-end id="1117" type="partial gc" contextid="1109" timestamp="2019-09-21T18:42:56.772" />
  <attribute name="elasticGC enabled" value="1" />
  <attribute name= "numThreadsSpecified" value="8" />
  <attribute name="heapSize specified" value="0" />
  <attribute name="Current GC Util" value="127" />
  <attribute name= "Current Time Running" value="2960" />
  <attribute name ="GC Interval" value="0" />
  <attribute name="Target GC Util Change" value ="40.000000" />
  <attribute name="Current GC Util Change" value="127.000000"/>
  <attribute name="Current Error" value="-265.000000" />
  <attribute name="Output H" value="251733616"/>
  <attribute name="Output I" value="1704"/>
  <attribute name="Output T" value="8"/>
  <attribute name= "Current Time Running" value="2960" />
  <attribute name="GC Util currently" value="127" />
  <attribute name="CPU Util currently" value="8116507610974" />
<exclusive-end id="1118" timestamp="2019-09-21T18:42:56.772" durationms="5.814" />

<exclusive-start id="1119" timestamp="2019-09-21T18:42:56.793" intervalms="26.984">
  <response-info timems="0.096" idlems="0.096" threads="0" lastid="00000000027D6700" lastname="Thread-12" />
</exclusive-start>
<allocation-taxation id="1120" taxation-threshold="70254592" timestamp="2019-09-21T18:42:56.794" intervalms="26.984" />
<cycle-start id="1121" type="partial gc" contextid="0" timestamp="2019-09-21T18:42:56.794" intervalms="27.044" />
<gc-start id="1122" type="partial gc" contextid="1121" timestamp="2019-09-21T18:42:56.794">
  <mem-info id="1123" free="83886080" total="256901120" percent="32">
    <mem type="eden" free="0" total="70254592" percent="0" />
    <arraylet-primitive objects="2" leaves="2" largest="1" />
    <remembered-set count="55776" freebytes="10031616" totalbytes="10254720" percent="97" regionsoverflowed="0" regionsstable="4" regionsrebuilding="0"/>
  </mem-info>
</gc-start>
<allocation-stats totalBytes="70243528" >
  <allocated-bytes non-tlh="0" tlh="70243528" arrayletleaf="0"/>
  <largest-consumer threadName="Thread-16" threadId="00000000027DDF00" bytes="13100584" />
</allocation-stats>
<gc-op id="1124" type="copy forward" timems="3.236" contextid="1121" timestamp="2019-09-21T18:42:56.798">
  <memory-copied type="eden" objects="17314" bytes="692344" bytesdiscarded="43408" />
  <memory-copied type="other" objects="41394" bytes="1680336" bytesdiscarded="107808" />
  <memory-cardclean objects="12459" bytes="632144" />
  <regions eden="67" other="8" />
  <remembered-set-cleared processed="40839" cleared="3569" durationms="0.237" />
  <stringconstants candidates="4597" cleared="0"  />
</gc-op>
<gc-op id="1125" type="classunload" timems="0.004" contextid="1121" timestamp="2019-09-21T18:42:56.798">
  <classunload-info classloadercandidates="8" classloadersunloaded="0" classesunloaded="0" anonymousclassesunloaded="0" quiescems="0.000" setupms="0.003" scanms="0.000" postms="0.000" />
</gc-op>
<gc-end id="1126" type="partial gc" contextid="1121" durationms="4.286" usertimems="12.000" systemtimems="0.000" timestamp="2019-09-21T18:42:56.798" activeThreads="8">
  <mem-info id="1127" free="154140672" total="256901120" percent="60">
    <mem type="eden" free="312824" total="1048576" percent="29" />
    <arraylet-primitive objects="2" leaves="2" largest="1" />
    <remembered-set count="55904" freebytes="10031104" totalbytes="10254720" percent="97" regionsoverflowed="0" regionsstable="4" regionsrebuilding="0"/>
  </mem-info>
</gc-end>
<cycle-end id="1128" type="partial gc" contextid="1121" timestamp="2019-09-21T18:42:56.799" />
  <attribute name="elasticGC enabled" value="1" />
  <attribute name= "numThreadsSpecified" value="8" />
  <attribute name="heapSize specified" value="0" />
  <attribute name="Current GC Util" value="0" />
  <attribute name= "Current Time Running" value="2987" />
  <attribute name ="GC Interval" value="0" />
  <attribute name="Target GC Util Change" value ="40.000000" />
  <attribute name="Current GC Util Change" value="0.000000"/>
  <attribute name="Current Error" value="22.000000" />
  <attribute name="Output H" value="256976832"/>
  <attribute name="Output I" value="2040"/>
  <attribute name="Output T" value="8"/>
  <attribute name= "Current Time Running" value="2987" />
  <attribute name="GC Util currently" value="0" />
  <attribute name="CPU Util currently" value="9502048051371" />
<exclusive-end id="1129" timestamp="2019-09-21T18:42:56.799" durationms="5.251" />

<exclusive-start id="1130" timestamp="2019-09-21T18:42:56.822" intervalms="28.793">
  <response-info timems="0.144" idlems="0.144" threads="0" lastid="00000000027D6700" lastname="Thread-12" />
</exclusive-start>
<allocation-taxation id="1131" taxation-threshold="70254592" timestamp="2019-09-21T18:42:56.822" intervalms="28.776" />
<cycle-start id="1132" type="partial gc" contextid="0" timestamp="2019-09-21T18:42:56.823" intervalms="28.727" />
<gc-start id="1133" type="partial gc" contextid="1132" timestamp="2019-09-21T18:42:56.823">
  <mem-info id="1134" free="83886080" total="256901120" percent="32">
    <mem type="eden" free="0" total="70254592" percent="0" />
    <arraylet-primitive objects="2" leaves="2" largest="1" />
    <remembered-set count="55616" freebytes="10032256" totalbytes="10254720" percent="97" regionsoverflowed="0" regionsstable="4" regionsrebuilding="0"/>
  </mem-info>
</gc-start>
<allocation-stats totalBytes="70244448" >
  <allocated-bytes non-tlh="0" tlh="70244448" arrayletleaf="0"/>
  <largest-consumer threadName="Thread-16" threadId="00000000027DDF00" bytes="12482600" />
</allocation-stats>
<gc-op id="1135" type="copy forward" timems="3.178" contextid="1132" timestamp="2019-09-21T18:42:56.827">
  <memory-copied type="eden" objects="11998" bytes="427336" bytesdiscarded="37288" />
  <memory-copied type="other" objects="39513" bytes="1635192" bytesdiscarded="130112" />
  <memory-cardclean objects="10173" bytes="518192" />
  <regions eden="67" other="7" />
  <remembered-set-cleared processed="41347" cleared="3747" durationms="0.188" />
  <stringconstants candidates="4597" cleared="0"  />
</gc-op>
<gc-op id="1136" type="classunload" timems="0.002" contextid="1132" timestamp="2019-09-21T18:42:56.827">
  <classunload-info classloadercandidates="8" classloadersunloaded="0" classesunloaded="0" anonymousclassesunloaded="0" quiescems="0.000" setupms="0.002" scanms="0.000" postms="0.000" />
</gc-op>
<heap-resize id="1137" type="expand" space="default" amount="3145728" count="1" timems="0.074" reason="excessive time being spent in gc" timestamp="2019-09-21T18:42:56.827" />
<gc-end id="1138" type="partial gc" contextid="1132" durationms="4.466" usertimems="8.000" systemtimems="4.000" timestamp="2019-09-21T18:42:56.827" activeThreads="8">
  <mem-info id="1139" free="156237824" total="260046848" percent="60">
    <mem type="eden" free="583952" total="1048576" percent="55" />
    <arraylet-primitive objects="2" leaves="2" largest="1" />
    <remembered-set count="55808" freebytes="10157056" totalbytes="10380288" percent="97" regionsoverflowed="0" regionsstable="4" regionsrebuilding="0"/>
  </mem-info>
</gc-end>
<cycle-end id="1140" type="partial gc" contextid="1132" timestamp="2019-09-21T18:42:56.827" />
  <attribute name="elasticGC enabled" value="1" />
  <attribute name= "numThreadsSpecified" value="8" />
  <attribute name="heapSize specified" value="0" />
  <attribute name="Current GC Util" value="118" />
  <attribute name= "Current Time Running" value="3016" />
  <attribute name ="GC Interval" value="0" />
  <attribute name="Target GC Util Change" value ="40.000000" />
  <attribute name="Current GC Util Change" value="118.000000"/>
  <attribute name="Current Error" value="-65.000000" />
  <attribute name="Output H" value="256976728"/>
  <attribute name="Output I" value="1936"/>
  <attribute name="Output T" value="8"/>
  <attribute name= "Current Time Running" value="3016" />
  <attribute name="GC Util currently" value="118" />
  <attribute name="CPU Util currently" value="7071749706654" />
<exclusive-end id="1141" timestamp="2019-09-21T18:42:56.828" durationms="5.323" />

<exclusive-start id="1142" timestamp="2019-09-21T18:42:56.853" intervalms="31.014">
  <response-info timems="0.062" idlems="0.062" threads="0" lastid="00000000027CEF00" lastname="Thread-13" />
</exclusive-start>
<allocation-taxation id="1143" taxation-threshold="71303168" timestamp="2019-09-21T18:42:56.853" intervalms="31.034" />
<cycle-start id="1144" type="partial gc" contextid="0" timestamp="2019-09-21T18:42:56.854" intervalms="31.064" />
<gc-start id="1145" type="partial gc" contextid="1144" timestamp="2019-09-21T18:42:56.854">
  <mem-info id="1146" free="84934656" total="260046848" percent="32">
    <mem type="eden" free="0" total="71303168" percent="0" />
    <arraylet-primitive objects="2" leaves="2" largest="1" />
    <remembered-set count="55680" freebytes="10157568" totalbytes="10380288" percent="97" regionsoverflowed="0" regionsstable="4" regionsrebuilding="0"/>
  </mem-info>
</gc-start>
<allocation-stats totalBytes="71292368" >
  <allocated-bytes non-tlh="0" tlh="71292368" arrayletleaf="0"/>
  <largest-consumer threadName="Thread-15" threadId="00000000027E9300" bytes="13318120" />
</allocation-stats>
<gc-op id="1147" type="copy forward" timems="3.240" contextid="1144" timestamp="2019-09-21T18:42:56.858">
  <memory-copied type="eden" objects="8583" bytes="208480" bytesdiscarded="15992" />
  <memory-copied type="other" objects="45515" bytes="1916616" bytesdiscarded="98392" />
  <memory-cardclean objects="7695" bytes="395360" />
  <regions eden="68" other="6" />
  <remembered-set-cleared processed="41348" cleared="3173" durationms="0.196" />
  <stringconstants candidates="4597" cleared="0"  />
</gc-op>
<gc-op id="1148" type="classunload" timems="0.005" contextid="1144" timestamp="2019-09-21T18:42:56.858">
  <classunload-info classloadercandidates="8" classloadersunloaded="0" classesunloaded="0" anonymousclassesunloaded="0" quiescems="0.000" setupms="0.005" scanms="0.000" postms="0.000" />
</gc-op>
<heap-resize id="1149" type="expand" space="default" amount="2097152" count="1" timems="0.081" reason="excessive time being spent in gc" timestamp="2019-09-21T18:42:56.859" />
<gc-end id="1150" type="partial gc" contextid="1144" durationms="4.775" usertimems="12.000" systemtimems="8.000" timestamp="2019-09-21T18:42:56.859" activeThreads="8">
  <mem-info id="1151" free="157286400" total="262144000" percent="60">
    <mem type="eden" free="824104" total="1048576" percent="78" />
    <arraylet-primitive objects="2" leaves="2" largest="1" />
    <remembered-set count="57376" freebytes="10234496" totalbytes="10464000" percent="97" regionsoverflowed="0" regionsstable="4" regionsrebuilding="0"/>
  </mem-info>
</gc-end>
<cycle-end id="1152" type="partial gc" contextid="1144" timestamp="2019-09-21T18:42:56.859" />
  <attribute name="elasticGC enabled" value="1" />
  <attribute name= "numThreadsSpecified" value="8" />
  <attribute name="heapSize specified" value="0" />
  <attribute name="Current GC Util" value="115" />
  <attribute name= "Current Time Running" value="3047" />
  <attribute name ="GC Interval" value="0" />
  <attribute name="Target GC Util Change" value ="40.000000" />
  <attribute name="Current GC Util Change" value="115.000000"/>
  <attribute name="Current Error" value="-141.000000" />
  <attribute name="Output H" value="260122368"/>
  <attribute name="Output I" value="1848"/>
  <attribute name="Output T" value="8"/>
  <attribute name= "Current Time Running" value="3047" />
  <attribute name="GC Util currently" value="115" />
  <attribute name="CPU Util currently" value="6246899355178" />
<exclusive-end id="1153" timestamp="2019-09-21T18:42:56.859" durationms="5.781" />

<exclusive-start id="1154" timestamp="2019-09-21T18:42:56.883" intervalms="29.926">
  <response-info timems="0.107" idlems="0.065" threads="1" lastid="00000000027E5700" lastname="Thread-14" />
</exclusive-start>
<allocation-taxation id="1155" taxation-threshold="71303168" timestamp="2019-09-21T18:42:56.883" intervalms="29.972" />
<cycle-start id="1156" type="partial gc" contextid="0" timestamp="2019-09-21T18:42:56.884" intervalms="29.988" />
<gc-start id="1157" type="partial gc" contextid="1156" timestamp="2019-09-21T18:42:56.884">
  <mem-info id="1158" free="85983232" total="262144000" percent="32">
    <mem type="eden" free="0" total="71303168" percent="0" />
    <arraylet-primitive objects="2" leaves="2" largest="1" />
    <remembered-set count="57088" freebytes="10235648" totalbytes="10464000" percent="97" regionsoverflowed="0" regionsstable="4" regionsrebuilding="0"/>
  </mem-info>
</gc-start>
<allocation-stats totalBytes="71292608" >
  <allocated-bytes non-tlh="0" tlh="71292608" arrayletleaf="0"/>
  <largest-consumer threadName="Thread-15" threadId="00000000027E9300" bytes="12581024" />
</allocation-stats>
<gc-op id="1159" type="copy forward" timems="3.402" contextid="1156" timestamp="2019-09-21T18:42:56.888">
  <memory-copied type="eden" objects="26700" bytes="1192176" bytesdiscarded="130904" />
  <memory-copied type="other" objects="19246" bytes="599280" bytesdiscarded="80832" />
  <memory-cardclean objects="16191" bytes="849032" />
  <regions eden="68" other="5" />
  <remembered-set-cleared processed="42501" cleared="3369" durationms="0.188" />
  <stringconstants candidates="4597" cleared="0"  />
</gc-op>
<gc-op id="1160" type="classunload" timems="0.003" contextid="1156" timestamp="2019-09-21T18:42:56.888">
  <classunload-info classloadercandidates="8" classloadersunloaded="0" classesunloaded="0" anonymousclassesunloaded="0" quiescems="0.000" setupms="0.003" scanms="0.000" postms="0.000" />
</gc-op>
<heap-resize id="1161" type="expand" space="default" amount="5242880" count="1" timems="0.085" reason="excessive time being spent in gc" timestamp="2019-09-21T18:42:56.889" />
<gc-end id="1162" type="partial gc" contextid="1156" durationms="4.730" usertimems="8.000" systemtimems="4.000" timestamp="2019-09-21T18:42:56.889" activeThreads="8">
  <mem-info id="1163" free="160432128" total="267386880" percent="60">
    <mem type="eden" free="774072" total="2097152" percent="36" />
    <arraylet-primitive objects="2" leaves="2" largest="1" />
    <remembered-set count="56128" freebytes="10448768" totalbytes="10673280" percent="97" regionsoverflowed="0" regionsstable="4" regionsrebuilding="0"/>
  </mem-info>
</gc-end>
<cycle-end id="1164" type="partial gc" contextid="1156" timestamp="2019-09-21T18:42:56.889" />
  <attribute name="elasticGC enabled" value="1" />
  <attribute name= "numThreadsSpecified" value="8" />
  <attribute name="heapSize specified" value="0" />
  <attribute name="Current GC Util" value="129" />
  <attribute name= "Current Time Running" value="3077" />
  <attribute name ="GC Interval" value="0" />
  <attribute name="Target GC Util Change" value ="40.000000" />
  <attribute name="Current GC Util Change" value="129.000000"/>
  <attribute name="Current Error" value="-95.000000" />
  <attribute name="Output H" value="262219576"/>
  <attribute name="Output I" value="1904"/>
  <attribute name="Output T" value="8"/>
  <attribute name= "Current Time Running" value="3077" />
  <attribute name="GC Util currently" value="129" />
  <attribute name="CPU Util currently" value="7204160939312" />
<exclusive-end id="1165" timestamp="2019-09-21T18:42:56.889" durationms="5.725" />

<exclusive-start id="1166" timestamp="2019-09-21T18:42:56.915" intervalms="31.959">
  <response-info timems="0.066" idlems="0.066" threads="0" lastid="00000000027DDF00" lastname="Thread-16" />
</exclusive-start>
<allocation-taxation id="1167" taxation-threshold="72351744" timestamp="2019-09-21T18:42:56.915" intervalms="31.911" />
<cycle-start id="1168" type="partial gc" contextid="0" timestamp="2019-09-21T18:42:56.915" intervalms="31.894" />
<gc-start id="1169" type="partial gc" contextid="1168" timestamp="2019-09-21T18:42:56.916">
  <mem-info id="1170" free="88080384" total="267386880" percent="32">
    <mem type="eden" free="0" total="72351744" percent="0" />
    <arraylet-primitive objects="2" leaves="2" largest="1" />
    <remembered-set count="56128" freebytes="10448768" totalbytes="10673280" percent="97" regionsoverflowed="0" regionsstable="4" regionsrebuilding="0"/>
  </mem-info>
</gc-start>
<allocation-stats totalBytes="72340824" >
  <allocated-bytes non-tlh="0" tlh="72340824" arrayletleaf="0"/>
  <largest-consumer threadName="Thread-17" threadId="00000000027E1B00" bytes="12306592" />
</allocation-stats>
<gc-op id="1171" type="copy forward" timems="2.872" contextid="1168" timestamp="2019-09-21T18:42:56.920">
  <memory-copied type="eden" objects="15408" bytes="647232" bytesdiscarded="49424" />
  <memory-copied type="other" objects="28683" bytes="1237896" bytesdiscarded="81536" />
  <memory-cardclean objects="8972" bytes="456584" />
  <regions eden="69" other="5" />
  <remembered-set-cleared processed="43264" cleared="3219" durationms="0.241" />
  <stringconstants candidates="4597" cleared="0"  />
</gc-op>
<gc-op id="1172" type="classunload" timems="0.002" contextid="1168" timestamp="2019-09-21T18:42:56.920">
  <classunload-info classloadercandidates="8" classloadersunloaded="0" classesunloaded="0" anonymousclassesunloaded="0" quiescems="0.000" setupms="0.002" scanms="0.000" postms="0.000" />
</gc-op>
<heap-resize id="1173" type="expand" space="default" amount="3145728" count="1" timems="0.076" reason="excessive time being spent in gc" timestamp="2019-09-21T18:42:56.920" />
<gc-end id="1174" type="partial gc" contextid="1168" durationms="4.297" usertimems="8.000" systemtimems="4.000" timestamp="2019-09-21T18:42:56.920" activeThreads="8">
  <mem-info id="1175" free="162529280" total="270532608" percent="60">
    <mem type="eden" free="1400496" total="2097152" percent="66" />
    <arraylet-primitive objects="2" leaves="2" largest="1" />
    <remembered-set count="57184" freebytes="10570112" totalbytes="10798848" percent="97" regionsoverflowed="0" regionsstable="4" regionsrebuilding="0"/>
  </mem-info>
</gc-end>
<cycle-end id="1176" type="partial gc" contextid="1168" timestamp="2019-09-21T18:42:56.920" />
  <attribute name="elasticGC enabled" value="1" />
  <attribute name= "numThreadsSpecified" value="8" />
  <attribute name="heapSize specified" value="0" />
  <attribute name="Current GC Util" value="101" />
  <attribute name= "Current Time Running" value="3109" />
  <attribute name ="GC Interval" value="0" />
  <attribute name="Target GC Util Change" value ="40.000000" />
  <attribute name="Current GC Util Change" value="101.000000"/>
  <attribute name="Current Error" value="-155.000000" />
  <attribute name="Output H" value="267462384"/>
  <attribute name="Output I" value="1832"/>
  <attribute name="Output T" value="8"/>
  <attribute name= "Current Time Running" value="3109" />
  <attribute name="GC Util currently" value="101" />
  <attribute name="CPU Util currently" value="6028363461982" />
<exclusive-end id="1177" timestamp="2019-09-21T18:42:56.920" durationms="5.265" />

<exclusive-start id="1178" timestamp="2019-09-21T18:42:56.948" intervalms="33.011">
  <response-info timems="0.058" idlems="0.058" threads="0" lastid="00000000027E1B00" lastname="Thread-17" />
</exclusive-start>
<allocation-taxation id="1179" taxation-threshold="73400320" timestamp="2019-09-21T18:42:56.948" intervalms="33.004" />
<cycle-start id="1180" type="partial gc" contextid="0" timestamp="2019-09-21T18:42:56.948" intervalms="32.951" />
<gc-start id="1181" type="partial gc" contextid="1180" timestamp="2019-09-21T18:42:56.949">
  <mem-info id="1182" free="89128960" total="270532608" percent="32">
    <mem type="eden" free="0" total="73400320" percent="0" />
    <arraylet-primitive objects="2" leaves="2" largest="1" />
    <remembered-set count="56928" freebytes="10571136" totalbytes="10798848" percent="97" regionsoverflowed="0" regionsstable="4" regionsrebuilding="0"/>
  </mem-info>
</gc-start>
<allocation-stats totalBytes="73389496" >
  <allocated-bytes non-tlh="0" tlh="73389496" arrayletleaf="0"/>
  <largest-consumer threadName="Thread-17" threadId="00000000027E1B00" bytes="12638640" />
</allocation-stats>
<gc-op id="1183" type="copy forward" timems="3.274" contextid="1180" timestamp="2019-09-21T18:42:56.953">
  <memory-copied type="eden" objects="20537" bytes="769976" bytesdiscarded="55360" />
  <memory-copied type="other" objects="37245" bytes="1580760" bytesdiscarded="96888" />
  <memory-cardclean objects="8901" bytes="442352" />
  <regions eden="70" other="7" />
  <remembered-set-cleared processed="42575" cleared="3667" durationms="0.218" />
  <stringconstants candidates="4597" cleared="0"  />
</gc-op>
<gc-op id="1184" type="classunload" timems="0.003" contextid="1180" timestamp="2019-09-21T18:42:56.953">
  <classunload-info classloadercandidates="8" classloadersunloaded="0" classesunloaded="0" anonymousclassesunloaded="0" quiescems="0.000" setupms="0.003" scanms="0.000" postms="0.000" />
</gc-op>
<gc-end id="1185" type="partial gc" contextid="1180" durationms="4.609" usertimems="20.000" systemtimems="0.000" timestamp="2019-09-21T18:42:56.953" activeThreads="8">
  <mem-info id="1186" free="162529280" total="270532608" percent="60">
    <mem type="eden" free="223240" total="1048576" percent="21" />
    <arraylet-primitive objects="2" leaves="2" largest="1" />
    <remembered-set count="55328" freebytes="10577536" totalbytes="10798848" percent="97" regionsoverflowed="0" regionsstable="4" regionsrebuilding="0"/>
  </mem-info>
</gc-end>
<cycle-end id="1187" type="partial gc" contextid="1180" timestamp="2019-09-21T18:42:56.953" />
  <attribute name="elasticGC enabled" value="1" />
  <attribute name= "numThreadsSpecified" value="8" />
  <attribute name="heapSize specified" value="0" />
  <attribute name="Current GC Util" value="111" />
  <attribute name= "Current Time Running" value="3142" />
  <attribute name ="GC Interval" value="0" />
  <attribute name="Target GC Util Change" value ="40.000000" />
  <attribute name="Current GC Util Change" value="111.000000"/>
  <attribute name="Current Error" value="-224.000000" />
  <attribute name="Output H" value="270608032"/>
  <attribute name="Output I" value="1752"/>
  <attribute name="Output T" value="8"/>
  <attribute name= "Current Time Running" value="3142" />
  <attribute name="GC Util currently" value="111" />
  <attribute name="CPU Util currently" value="6122270533790" />
<exclusive-end id="1188" timestamp="2019-09-21T18:42:56.954" durationms="5.534" />

<exclusive-start id="1189" timestamp="2019-09-21T18:42:56.983" intervalms="34.395">
  <response-info timems="0.063" idlems="0.058" threads="1" lastid="00000000027E5700" lastname="Thread-14" />
</exclusive-start>
<allocation-taxation id="1190" taxation-threshold="73400320" timestamp="2019-09-21T18:42:56.983" intervalms="34.423" />
<cycle-start id="1191" type="partial gc" contextid="0" timestamp="2019-09-21T18:42:56.983" intervalms="34.436" />
<gc-start id="1192" type="partial gc" contextid="1191" timestamp="2019-09-21T18:42:56.983">
  <mem-info id="1193" free="89128960" total="270532608" percent="32">
    <mem type="eden" free="0" total="73400320" percent="0" />
    <arraylet-primitive objects="2" leaves="2" largest="1" />
    <remembered-set count="54944" freebytes="10579072" totalbytes="10798848" percent="97" regionsoverflowed="0" regionsstable="4" regionsrebuilding="0"/>
  </mem-info>
</gc-start>
<allocation-stats totalBytes="73389992" >
  <allocated-bytes non-tlh="0" tlh="73389992" arrayletleaf="0"/>
  <largest-consumer threadName="Thread-15" threadId="00000000027E9300" bytes="12863648" />
</allocation-stats>
<gc-op id="1194" type="copy forward" timems="3.439" contextid="1191" timestamp="2019-09-21T18:42:56.988">
  <memory-copied type="eden" objects="22824" bytes="962704" bytesdiscarded="73040" />
  <memory-copied type="other" objects="37369" bytes="1583736" bytesdiscarded="86928" />
  <memory-cardclean objects="4657" bytes="234584" />
  <regions eden="70" other="5" />
  <remembered-set-cleared processed="42230" cleared="1821" durationms="0.201" />
  <stringconstants candidates="4597" cleared="0"  />
</gc-op>
<gc-op id="1195" type="classunload" timems="0.005" contextid="1191" timestamp="2019-09-21T18:42:56.988">
  <classunload-info classloadercandidates="8" classloadersunloaded="0" classesunloaded="0" anonymousclassesunloaded="0" quiescems="0.000" setupms="0.005" scanms="0.000" postms="0.000" />
</gc-op>
<heap-resize id="1196" type="expand" space="default" amount="2097152" count="1" timems="0.092" reason="excessive time being spent in gc" timestamp="2019-09-21T18:42:56.988" />
<gc-end id="1197" type="partial gc" contextid="1191" durationms="4.862" usertimems="16.000" systemtimems="4.000" timestamp="2019-09-21T18:42:56.988" activeThreads="8">
  <mem-info id="1198" free="163577856" total="272629760" percent="60">
    <mem type="eden" free="12832" total="1048576" percent="1" />
    <arraylet-primitive objects="2" leaves="2" largest="1" />
    <remembered-set count="56320" freebytes="10657280" totalbytes="10882560" percent="97" regionsoverflowed="0" regionsstable="4" regionsrebuilding="0"/>
  </mem-info>
</gc-end>
<cycle-end id="1199" type="partial gc" contextid="1191" timestamp="2019-09-21T18:42:56.988" />
  <attribute name="elasticGC enabled" value="1" />
  <attribute name= "numThreadsSpecified" value="8" />
  <attribute name="heapSize specified" value="0" />
  <attribute name="Current GC Util" value="120" />
  <attribute name= "Current Time Running" value="3176" />
  <attribute name ="GC Interval" value="0" />
  <attribute name="Target GC Util Change" value ="40.000000" />
  <attribute name="Current GC Util Change" value="120.000000"/>
  <attribute name="Current Error" value="-80.000000" />
  <attribute name="Output H" value="270608200"/>
  <attribute name="Output I" value="1920"/>
  <attribute name="Output T" value="8"/>
  <attribute name= "Current Time Running" value="3176" />
  <attribute name="GC Util currently" value="120" />
  <attribute name="CPU Util currently" value="7127226236851" />
<exclusive-end id="1200" timestamp="2019-09-21T18:42:56.988" durationms="5.818" />

<exclusive-start id="1201" timestamp="2019-09-21T18:42:57.017" intervalms="34.549">
  <response-info timems="0.055" idlems="0.055" threads="0" lastid="00000000027E1B00" lastname="Thread-17" />
</exclusive-start>
<allocation-taxation id="1202" taxation-threshold="74448896" timestamp="2019-09-21T18:42:57.017" intervalms="34.537" />
<cycle-start id="1203" type="partial gc" contextid="0" timestamp="2019-09-21T18:42:57.017" intervalms="34.545" />
<gc-start id="1204" type="partial gc" contextid="1203" timestamp="2019-09-21T18:42:57.018">
  <mem-info id="1205" free="89128960" total="272629760" percent="32">
    <mem type="eden" free="0" total="74448896" percent="0" />
    <arraylet-primitive objects="2" leaves="2" largest="1" />
    <remembered-set count="56160" freebytes="10657920" totalbytes="10882560" percent="97" regionsoverflowed="0" regionsstable="4" regionsrebuilding="0"/>
  </mem-info>
</gc-start>
<allocation-stats totalBytes="74438608" >
  <allocated-bytes non-tlh="0" tlh="74438608" arrayletleaf="0"/>
  <largest-consumer threadName="Thread-15" threadId="00000000027E9300" bytes="13162720" />
</allocation-stats>
<gc-op id="1206" type="copy forward" timems="3.508" contextid="1203" timestamp="2019-09-21T18:42:57.022">
  <memory-copied type="eden" objects="19383" bytes="742888" bytesdiscarded="75672" />
  <memory-copied type="other" objects="42893" bytes="1853688" bytesdiscarded="158424" />
  <memory-cardclean objects="4611" bytes="232376" />
  <regions eden="71" other="6" />
  <remembered-set-cleared processed="42353" cleared="1944" durationms="0.189" />
  <stringconstants candidates="4597" cleared="0"  />
</gc-op>
<gc-op id="1207" type="classunload" timems="0.004" contextid="1203" timestamp="2019-09-21T18:42:57.022">
  <classunload-info classloadercandidates="8" classloadersunloaded="0" classesunloaded="0" anonymousclassesunloaded="0" quiescems="0.000" setupms="0.004" scanms="0.000" postms="0.000" />
</gc-op>
<heap-resize id="1208" type="expand" space="default" amount="3145728" count="1" timems="0.076" reason="excessive time being spent in gc" timestamp="2019-09-21T18:42:57.023" />
<gc-end id="1209" type="partial gc" contextid="1203" durationms="4.918" usertimems="12.000" systemtimems="4.000" timestamp="2019-09-21T18:42:57.023" activeThreads="8">
  <mem-info id="1210" free="165675008" total="275775488" percent="60">
    <mem type="eden" free="230016" total="1048576" percent="21" />
    <arraylet-primitive objects="2" leaves="2" largest="1" />
    <remembered-set count="57344" freebytes="10778752" totalbytes="11008128" percent="97" regionsoverflowed="0" regionsstable="4" regionsrebuilding="0"/>
  </mem-info>
</gc-end>
<cycle-end id="1211" type="partial gc" contextid="1203" timestamp="2019-09-21T18:42:57.023" />
  <attribute name="elasticGC enabled" value="1" />
  <attribute name= "numThreadsSpecified" value="8" />
  <attribute name="heapSize specified" value="0" />
  <attribute name="Current GC Util" value="118" />
  <attribute name= "Current Time Running" value="3211" />
  <attribute name ="GC Interval" value="0" />
  <attribute name="Target GC Util Change" value ="40.000000" />
  <attribute name="Current GC Util Change" value="118.000000"/>
  <attribute name="Current Error" value="-159.000000" />
  <attribute name="Output H" value="272705264"/>
  <attribute name="Output I" value="1832"/>
  <attribute name="Output T" value="8"/>
  <attribute name= "Current Time Running" value="3211" />
  <attribute name="GC Util currently" value="118" />
  <attribute name="CPU Util currently" value="6473650211889" />
<exclusive-end id="1212" timestamp="2019-09-21T18:42:57.023" durationms="5.926" />

<exclusive-start id="1213" timestamp="2019-09-21T18:42:57.055" intervalms="37.528">
  <response-info timems="0.059" idlems="0.059" threads="0" lastid="00000000027DDF00" lastname="Thread-16" />
</exclusive-start>
<allocation-taxation id="1214" taxation-threshold="74448896" timestamp="2019-09-21T18:42:57.055" intervalms="37.525" />
<cycle-start id="1215" type="partial gc" contextid="0" timestamp="2019-09-21T18:42:57.055" intervalms="37.545" />
<gc-start id="1216" type="partial gc" contextid="1215" timestamp="2019-09-21T18:42:57.055">
  <mem-info id="1217" free="91226112" total="275775488" percent="33">
    <mem type="eden" free="0" total="74448896" percent="0" />
    <arraylet-primitive objects="2" leaves="2" largest="1" />
    <remembered-set count="56896" freebytes="10780544" totalbytes="11008128" percent="97" regionsoverflowed="0" regionsstable="4" regionsrebuilding="0"/>
  </mem-info>
</gc-start>
<allocation-stats totalBytes="74438512" >
  <allocated-bytes non-tlh="0" tlh="74438512" arrayletleaf="0"/>
  <largest-consumer threadName="Thread-17" threadId="00000000027E1B00" bytes="14575488" />
</allocation-stats>
<gc-op id="1218" type="copy forward" timems="3.157" contextid="1215" timestamp="2019-09-21T18:42:57.059">
  <memory-copied type="eden" objects="16367" bytes="670448" bytesdiscarded="76736" />
  <memory-copied type="other" objects="44114" bytes="1882992" bytesdiscarded="138624" />
  <memory-cardclean objects="3963" bytes="201272" />
  <regions eden="71" other="6" />
  <remembered-set-cleared processed="42576" cleared="1932" durationms="0.205" />
  <stringconstants candidates="4597" cleared="0"  />
</gc-op>
<gc-op id="1219" type="classunload" timems="0.003" contextid="1215" timestamp="2019-09-21T18:42:57.060">
  <classunload-info classloadercandidates="8" classloadersunloaded="0" classesunloaded="0" anonymousclassesunloaded="0" quiescems="0.000" setupms="0.003" scanms="0.000" postms="0.000" />
</gc-op>
<heap-resize id="1220" type="expand" space="default" amount="2097152" count="1" timems="0.068" reason="excessive time being spent in gc" timestamp="2019-09-21T18:42:57.060" />
<gc-end id="1221" type="partial gc" contextid="1215" durationms="4.533" usertimems="16.000" systemtimems="0.000" timestamp="2019-09-21T18:42:57.060" activeThreads="8">
  <mem-info id="1222" free="166723584" total="277872640" percent="60">
    <mem type="eden" free="301392" total="1048576" percent="28" />
    <arraylet-primitive objects="2" leaves="2" largest="1" />
    <remembered-set count="56256" freebytes="10866816" totalbytes="11091840" percent="97" regionsoverflowed="0" regionsstable="4" regionsrebuilding="0"/>
  </mem-info>
</gc-end>
<cycle-end id="1223" type="partial gc" contextid="1215" timestamp="2019-09-21T18:42:57.060" />
  <attribute name="elasticGC enabled" value="1" />
  <attribute name= "numThreadsSpecified" value="8" />
  <attribute name="heapSize specified" value="0" />
  <attribute name="Current GC Util" value="150" />
  <attribute name= "Current Time Running" value="3249" />
  <attribute name ="GC Interval" value="0" />
  <attribute name="Target GC Util Change" value ="40.000000" />
  <attribute name="Current GC Util Change" value="150.000000"/>
  <attribute name="Current Error" value="-270.000000" />
  <attribute name="Output H" value="275850864"/>
  <attribute name="Output I" value="1704"/>
  <attribute name="Output T" value="8"/>
  <attribute name= "Current Time Running" value="3249" />
  <attribute name="GC Util currently" value="150" />
  <attribute name="CPU Util currently" value="8073651685825" />
<exclusive-end id="1224" timestamp="2019-09-21T18:42:57.060" durationms="5.582" />

<exclusive-start id="1225" timestamp="2019-09-21T18:42:57.093" intervalms="38.122">
  <response-info timems="0.114" idlems="0.114" threads="0" lastid="00000000027E9300" lastname="Thread-15" />
</exclusive-start>
<allocation-taxation id="1226" taxation-threshold="75497472" timestamp="2019-09-21T18:42:57.093" intervalms="38.159" />
<cycle-start id="1227" type="partial gc" contextid="0" timestamp="2019-09-21T18:42:57.093" intervalms="38.157" />
<gc-start id="1228" type="partial gc" contextid="1227" timestamp="2019-09-21T18:42:57.093">
  <mem-info id="1229" free="91226112" total="277872640" percent="32">
    <mem type="eden" free="0" total="75497472" percent="0" />
    <arraylet-primitive objects="2" leaves="2" largest="1" />
    <remembered-set count="56128" freebytes="10867328" totalbytes="11091840" percent="97" regionsoverflowed="0" regionsstable="4" regionsrebuilding="0"/>
  </mem-info>
</gc-start>
<allocation-stats totalBytes="75486376" >
  <allocated-bytes non-tlh="0" tlh="75486376" arrayletleaf="0"/>
  <largest-consumer threadName="Thread-17" threadId="00000000027E1B00" bytes="14235712" />
</allocation-stats>
<gc-op id="1230" type="copy forward" timems="2.787" contextid="1227" timestamp="2019-09-21T18:42:57.097">
  <memory-copied type="eden" objects="21574" bytes="932752" bytesdiscarded="66688" />
  <memory-copied type="other" objects="31882" bytes="1314672" bytesdiscarded="83216" />
  <memory-cardclean objects="5287" bytes="279776" />
  <regions eden="72" other="5" />
  <remembered-set-cleared processed="42891" cleared="1612" durationms="0.218" />
  <stringconstants candidates="4597" cleared="0"  />
</gc-op>
<gc-op id="1231" type="classunload" timems="0.004" contextid="1227" timestamp="2019-09-21T18:42:57.097">
  <classunload-info classloadercandidates="8" classloadersunloaded="0" classesunloaded="0" anonymousclassesunloaded="0" quiescems="0.000" setupms="0.004" scanms="0.000" postms="0.000" />
</gc-op>
<heap-resize id="1232" type="expand" space="default" amount="3145728" count="1" timems="0.075" reason="excessive time being spent in gc" timestamp="2019-09-21T18:42:57.097" />
<gc-end id="1233" type="partial gc" contextid="1227" durationms="4.066" usertimems="8.000" systemtimems="8.000" timestamp="2019-09-21T18:42:57.098" activeThreads="8">
  <mem-info id="1234" free="168820736" total="281018368" percent="60">
    <mem type="eden" free="49136" total="1048576" percent="4" />
    <arraylet-primitive objects="2" leaves="2" largest="1" />
    <remembered-set count="57056" freebytes="10989184" totalbytes="11217408" percent="97" regionsoverflowed="0" regionsstable="4" regionsrebuilding="0"/>
  </mem-info>
</gc-end>
<cycle-end id="1235" type="partial gc" contextid="1227" timestamp="2019-09-21T18:42:57.098" />
  <attribute name="elasticGC enabled" value="1" />
  <attribute name= "numThreadsSpecified" value="8" />
  <attribute name="heapSize specified" value="0" />
  <attribute name="Current GC Util" value="141" />
  <attribute name= "Current Time Running" value="3287" />
  <attribute name ="GC Interval" value="0" />
  <attribute name="Target GC Util Change" value ="40.000000" />
  <attribute name="Current GC Util Change" value="141.000000"/>
  <attribute name="Current Error" value="-99.000000" />
  <attribute name="Output H" value="277948208"/>
  <attribute name="Output I" value="1896"/>
  <attribute name="Output T" value="8"/>
  <attribute name= "Current Time Running" value="3287" />
  <attribute name="GC Util currently" value="141" />
  <attribute name="CPU Util currently" value="7014291131334" />
<exclusive-end id="1236" timestamp="2019-09-21T18:42:57.098" durationms="5.112" />

<exclusive-start id="1237" timestamp="2019-09-21T18:42:57.127" intervalms="34.172">
  <response-info timems="0.170" idlems="0.111" threads="1" lastid="00000000027E5700" lastname="Thread-14" />
</exclusive-start>
<allocation-taxation id="1238" taxation-threshold="76546048" timestamp="2019-09-21T18:42:57.127" intervalms="34.174" />
<cycle-start id="1239" type="partial gc" contextid="0" timestamp="2019-09-21T18:42:57.127" intervalms="34.166" />
<gc-start id="1240" type="partial gc" contextid="1239" timestamp="2019-09-21T18:42:57.128">
  <mem-info id="1241" free="92274688" total="281018368" percent="32">
    <mem type="eden" free="0" total="76546048" percent="0" />
    <arraylet-primitive objects="2" leaves="2" largest="1" />
    <remembered-set count="56640" freebytes="10990848" totalbytes="11217408" percent="97" regionsoverflowed="0" regionsstable="4" regionsrebuilding="0"/>
  </mem-info>
</gc-start>
<allocation-stats totalBytes="76534616" >
  <allocated-bytes non-tlh="0" tlh="76534616" arrayletleaf="0"/>
  <largest-consumer threadName="Thread-16" threadId="00000000027DDF00" bytes="14374616" />
</allocation-stats>
<gc-op id="1242" type="copy forward" timems="3.455" contextid="1239" timestamp="2019-09-21T18:42:57.132">
  <memory-copied type="eden" objects="18353" bytes="717584" bytesdiscarded="120576" />
  <memory-copied type="other" objects="29503" bytes="1257576" bytesdiscarded="58776" />
  <memory-cardclean objects="8900" bytes="472160" />
  <regions eden="73" other="5" />
  <remembered-set-cleared processed="43070" cleared="1475" durationms="0.194" />
  <stringconstants candidates="4597" cleared="0"  />
</gc-op>
<gc-op id="1243" type="classunload" timems="0.003" contextid="1239" timestamp="2019-09-21T18:42:57.132">
  <classunload-info classloadercandidates="8" classloadersunloaded="0" classesunloaded="0" anonymousclassesunloaded="0" quiescems="0.000" setupms="0.003" scanms="0.000" postms="0.000" />
</gc-op>
<heap-resize id="1244" type="expand" space="default" amount="2097152" count="1" timems="0.084" reason="excessive time being spent in gc" timestamp="2019-09-21T18:42:57.132" />
<gc-end id="1245" type="partial gc" contextid="1239" durationms="4.856" usertimems="8.000" systemtimems="8.000" timestamp="2019-09-21T18:42:57.132" activeThreads="8">
  <mem-info id="1246" free="169869312" total="283115520" percent="60">
    <mem type="eden" free="210416" total="1048576" percent="20" />
    <arraylet-primitive objects="2" leaves="2" largest="1" />
    <remembered-set count="57952" freebytes="11069312" totalbytes="11301120" percent="97" regionsoverflowed="0" regionsstable="4" regionsrebuilding="0"/>
  </mem-info>
</gc-end>
<cycle-end id="1247" type="partial gc" contextid="1239" timestamp="2019-09-21T18:42:57.133" />
  <attribute name="elasticGC enabled" value="1" />
  <attribute name= "numThreadsSpecified" value="8" />
  <attribute name="heapSize specified" value="0" />
  <attribute name="Current GC Util" value="125" />
  <attribute name= "Current Time Running" value="3321" />
  <attribute name ="GC Interval" value="0" />
  <attribute name="Target GC Util Change" value ="40.000000" />
  <attribute name="Current GC Util Change" value="125.000000"/>
  <attribute name="Current Error" value="-183.000000" />
  <attribute name="Output H" value="281093840"/>
  <attribute name="Output I" value="1800"/>
  <attribute name="Output T" value="8"/>
  <attribute name= "Current Time Running" value="3321" />
  <attribute name="GC Util currently" value="125" />
  <attribute name="CPU Util currently" value="6893484510308" />
<exclusive-end id="1248" timestamp="2019-09-21T18:42:57.133" durationms="5.875" />

<exclusive-start id="1249" timestamp="2019-09-21T18:42:57.161" intervalms="34.560">
  <response-info timems="0.069" idlems="0.069" threads="0" lastid="00000000027CEF00" lastname="Thread-13" />
</exclusive-start>
<allocation-taxation id="1250" taxation-threshold="76546048" timestamp="2019-09-21T18:42:57.162" intervalms="34.516" />
<cycle-start id="1251" type="partial gc" contextid="0" timestamp="2019-09-21T18:42:57.162" intervalms="34.526" />
<gc-start id="1252" type="partial gc" contextid="1251" timestamp="2019-09-21T18:42:57.162">
  <mem-info id="1253" free="93323264" total="283115520" percent="32">
    <mem type="eden" free="0" total="76546048" percent="0" />
    <arraylet-primitive objects="2" leaves="2" largest="1" />
    <remembered-set count="57824" freebytes="11069824" totalbytes="11301120" percent="97" regionsoverflowed="0" regionsstable="4" regionsrebuilding="0"/>
  </mem-info>
</gc-start>
<allocation-stats totalBytes="76534632" >
  <allocated-bytes non-tlh="0" tlh="76534632" arrayletleaf="0"/>
  <largest-consumer threadName="Thread-13" threadId="00000000027CEF00" bytes="18179432" />
</allocation-stats>
<gc-op id="1254" type="copy forward" timems="3.809" contextid="1251" timestamp="2019-09-21T18:42:57.167">
  <memory-copied type="eden" objects="26211" bytes="1181280" bytesdiscarded="106104" />
  <memory-copied type="other" objects="29767" bytes="1263912" bytesdiscarded="124944" />
  <memory-cardclean objects="5666" bytes="282968" />
  <regions eden="73" other="5" />
  <remembered-set-cleared processed="43913" cleared="2267" durationms="0.196" />
  <stringconstants candidates="4597" cleared="0"  />
</gc-op>
<gc-op id="1255" type="classunload" timems="0.005" contextid="1251" timestamp="2019-09-21T18:42:57.167">
  <classunload-info classloadercandidates="8" classloadersunloaded="0" classesunloaded="0" anonymousclassesunloaded="0" quiescems="0.000" setupms="0.003" scanms="0.000" postms="0.000" />
</gc-op>
<heap-resize id="1256" type="expand" space="default" amount="5242880" count="1" timems="0.126" reason="excessive time being spent in gc" timestamp="2019-09-21T18:42:57.167" />
<gc-end id="1257" type="partial gc" contextid="1251" durationms="5.450" usertimems="16.000" systemtimems="4.000" timestamp="2019-09-21T18:42:57.168" activeThreads="8">
  <mem-info id="1258" free="173015040" total="288358400" percent="60">
    <mem type="eden" free="809768" total="2097152" percent="38" />
    <arraylet-primitive objects="2" leaves="2" largest="1" />
    <remembered-set count="57984" freebytes="11278464" totalbytes="11510400" percent="97" regionsoverflowed="0" regionsstable="4" regionsrebuilding="0"/>
  </mem-info>
</gc-end>
<cycle-end id="1259" type="partial gc" contextid="1251" timestamp="2019-09-21T18:42:57.168" />
  <attribute name="elasticGC enabled" value="1" />
  <attribute name= "numThreadsSpecified" value="8" />
  <attribute name="heapSize specified" value="0" />
  <attribute name="Current GC Util" value="132" />
  <attribute name= "Current Time Running" value="3356" />
  <attribute name ="GC Interval" value="0" />
  <attribute name="Target GC Util Change" value ="40.000000" />
  <attribute name="Current GC Util Change" value="132.000000"/>
  <attribute name="Current Error" value="-278.000000" />
  <attribute name="Output H" value="283190880"/>
  <attribute name="Output I" value="1688"/>
  <attribute name="Output T" value="8"/>
  <attribute name= "Current Time Running" value="3356" />
  <attribute name="GC Util currently" value="132" />
  <attribute name="CPU Util currently" value="6029056999032" />
<exclusive-end id="1260" timestamp="2019-09-21T18:42:57.168" durationms="6.453" />

<exclusive-start id="1261" timestamp="2019-09-21T18:42:57.196" intervalms="34.297">
  <response-info timems="0.059" idlems="0.059" threads="0" lastid="00000000027E1B00" lastname="Thread-17" />
</exclusive-start>
<allocation-taxation id="1262" taxation-threshold="77594624" timestamp="2019-09-21T18:42:57.196" intervalms="34.291" />
<cycle-start id="1263" type="partial gc" contextid="0" timestamp="2019-09-21T18:42:57.196" intervalms="34.264" />
<gc-start id="1264" type="partial gc" contextid="1263" timestamp="2019-09-21T18:42:57.196">
  <mem-info id="1265" free="95420416" total="288358400" percent="33">
    <mem type="eden" free="0" total="77594624" percent="0" />
    <arraylet-primitive objects="2" leaves="2" largest="1" />
    <remembered-set count="57888" freebytes="11278848" totalbytes="11510400" percent="97" regionsoverflowed="0" regionsstable="4" regionsrebuilding="0"/>
  </mem-info>
</gc-start>
<allocation-stats totalBytes="77583160" >
  <allocated-bytes non-tlh="0" tlh="77583160" arrayletleaf="0"/>
  <largest-consumer threadName="Thread-13" threadId="00000000027CEF00" bytes="17953944" />
</allocation-stats>
<gc-op id="1266" type="copy forward" timems="2.786" contextid="1263" timestamp="2019-09-21T18:42:57.200">
  <memory-copied type="eden" objects="19533" bytes="745696" bytesdiscarded="100096" />
  <memory-copied type="other" objects="31748" bytes="1448832" bytesdiscarded="109016" />
  <memory-cardclean objects="5244" bytes="273656" />
  <regions eden="74" other="7" />
  <remembered-set-cleared processed="43799" cleared="2116" durationms="0.255" />
  <stringconstants candidates="4597" cleared="0"  />
</gc-op>
<gc-op id="1267" type="classunload" timems="0.003" contextid="1263" timestamp="2019-09-21T18:42:57.200">
  <classunload-info classloadercandidates="8" classloadersunloaded="0" classesunloaded="0" anonymousclassesunloaded="0" quiescems="0.000" setupms="0.002" scanms="0.000" postms="0.000" />
</gc-op>
<gc-end id="1268" type="partial gc" contextid="1263" durationms="3.937" usertimems="16.000" systemtimems="0.000" timestamp="2019-09-21T18:42:57.200" activeThreads="8">
  <mem-info id="1269" free="173015040" total="288358400" percent="60">
    <mem type="eden" free="202784" total="1048576" percent="19" />
    <arraylet-primitive objects="2" leaves="2" largest="1" />
    <remembered-set count="57760" freebytes="11279360" totalbytes="11510400" percent="97" regionsoverflowed="0" regionsstable="4" regionsrebuilding="0"/>
  </mem-info>
</gc-end>
<cycle-end id="1270" type="partial gc" contextid="1263" timestamp="2019-09-21T18:42:57.200" />
  <attribute name="elasticGC enabled" value="1" />
  <attribute name= "numThreadsSpecified" value="8" />
  <attribute name="heapSize specified" value="0" />
  <attribute name="Current GC Util" value="137" />
  <attribute name= "Current Time Running" value="3390" />
  <attribute name ="GC Interval" value="0" />
  <attribute name="Target GC Util Change" value ="40.000000" />
  <attribute name="Current GC Util Change" value="137.000000"/>
  <attribute name="Current Error" value="-104.000000" />
  <attribute name="Output H" value="288433960"/>
  <attribute name="Output I" value="1888"/>
  <attribute name="Output T" value="8"/>
  <attribute name= "Current Time Running" value="3390" />
  <attribute name="GC Util currently" value="137" />
  <attribute name="CPU Util currently" value="7798493612516" />
<exclusive-end id="1271" timestamp="2019-09-21T18:42:57.201" durationms="4.782" />

<exclusive-start id="1272" timestamp="2019-09-21T18:42:57.231" intervalms="35.678">
  <response-info timems="0.065" idlems="0.065" threads="0" lastid="00000000027CEF00" lastname="Thread-13" />
</exclusive-start>
<allocation-taxation id="1273" taxation-threshold="77594624" timestamp="2019-09-21T18:42:57.232" intervalms="35.701" />
<cycle-start id="1274" type="partial gc" contextid="0" timestamp="2019-09-21T18:42:57.232" intervalms="35.688" />
<gc-start id="1275" type="partial gc" contextid="1274" timestamp="2019-09-21T18:42:57.232">
  <mem-info id="1276" free="95420416" total="288358400" percent="33">
    <mem type="eden" free="0" total="77594624" percent="0" />
    <arraylet-primitive objects="2" leaves="2" largest="1" />
    <remembered-set count="57504" freebytes="11280384" totalbytes="11510400" percent="98" regionsoverflowed="0" regionsstable="4" regionsrebuilding="0"/>
  </mem-info>
</gc-start>
<allocation-stats totalBytes="77583768" >
  <allocated-bytes non-tlh="0" tlh="77583768" arrayletleaf="0"/>
  <largest-consumer threadName="Thread-13" threadId="00000000027CEF00" bytes="17942160" />
</allocation-stats>
<gc-op id="1277" type="copy forward" timems="3.032" contextid="1274" timestamp="2019-09-21T18:42:57.236">
  <memory-copied type="eden" objects="25901" bytes="1036728" bytesdiscarded="90960" />
  <memory-copied type="other" objects="29245" bytes="1251384" bytesdiscarded="85152" />
  <memory-cardclean objects="4080" bytes="221840" />
  <regions eden="74" other="6" />
  <remembered-set-cleared processed="43599" cleared="2047" durationms="0.195" />
  <stringconstants candidates="4597" cleared="0"  />
</gc-op>
<gc-op id="1278" type="classunload" timems="0.004" contextid="1274" timestamp="2019-09-21T18:42:57.236">
  <classunload-info classloadercandidates="8" classloadersunloaded="0" classesunloaded="0" anonymousclassesunloaded="0" quiescems="0.000" setupms="0.004" scanms="0.000" postms="0.000" />
</gc-op>
<heap-resize id="1279" type="expand" space="default" amount="5242880" count="1" timems="0.110" reason="excessive time being spent in gc" timestamp="2019-09-21T18:42:57.237" />
<gc-end id="1280" type="partial gc" contextid="1274" durationms="4.559" usertimems="20.000" systemtimems="0.000" timestamp="2019-09-21T18:42:57.237" activeThreads="8">
  <mem-info id="1281" free="176160768" total="293601280" percent="60">
    <mem type="eden" free="969464" total="2097152" percent="46" />
    <arraylet-primitive objects="2" leaves="2" largest="1" />
    <remembered-set count="58496" freebytes="11485696" totalbytes="11719680" percent="98" regionsoverflowed="0" regionsstable="4" regionsrebuilding="0"/>
  </mem-info>
</gc-end>
<cycle-end id="1282" type="partial gc" contextid="1274" timestamp="2019-09-21T18:42:57.237" />
  <attribute name="elasticGC enabled" value="1" />
  <attribute name= "numThreadsSpecified" value="8" />
  <attribute name="heapSize specified" value="0" />
  <attribute name="Current GC Util" value="125" />
  <attribute name= "Current Time Running" value="3426" />
  <attribute name ="GC Interval" value="0" />
  <attribute name="Target GC Util Change" value ="40.000000" />
  <attribute name="Current GC Util Change" value="125.000000"/>
  <attribute name="Current Error" value="-186.000000" />
  <attribute name="Output H" value="288433872"/>
  <attribute name="Output I" value="1800"/>
  <attribute name="Output T" value="8"/>
  <attribute name= "Current Time Running" value="3426" />
  <attribute name="GC Util currently" value="125" />
  <attribute name="CPU Util currently" value="7312081593255" />
<exclusive-end id="1283" timestamp="2019-09-21T18:42:57.237" durationms="5.594" />

<exclusive-start id="1284" timestamp="2019-09-21T18:42:57.267" intervalms="35.988">
  <response-info timems="0.061" idlems="0.061" threads="0" lastid="00000000027E9300" lastname="Thread-15" />
</exclusive-start>
<allocation-taxation id="1285" taxation-threshold="79691776" timestamp="2019-09-21T18:42:57.268" intervalms="35.972" />
<cycle-start id="1286" type="partial gc" contextid="0" timestamp="2019-09-21T18:42:57.268" intervalms="36.009" />
<gc-start id="1287" type="partial gc" contextid="1286" timestamp="2019-09-21T18:42:57.268">
  <mem-info id="1288" free="96468992" total="293601280" percent="32">
    <mem type="eden" free="0" total="79691776" percent="0" />
    <arraylet-primitive objects="2" leaves="2" largest="1" />
    <remembered-set count="58016" freebytes="11487616" totalbytes="11719680" percent="98" regionsoverflowed="0" regionsstable="4" regionsrebuilding="0"/>
  </mem-info>
</gc-start>
<allocation-stats totalBytes="79681088" >
  <allocated-bytes non-tlh="0" tlh="79681088" arrayletleaf="0"/>
  <largest-consumer threadName="Thread-13" threadId="00000000027CEF00" bytes="20436632" />
</allocation-stats>
<gc-op id="1289" type="copy forward" timems="3.061" contextid="1286" timestamp="2019-09-21T18:42:57.272">
  <memory-copied type="eden" objects="18310" bytes="716944" bytesdiscarded="67976" />
  <memory-copied type="other" objects="32661" bytes="1333368" bytesdiscarded="96160" />
  <memory-cardclean objects="9909" bytes="520040" />
  <regions eden="76" other="5" />
  <remembered-set-cleared processed="44394" cleared="1537" durationms="0.212" />
  <stringconstants candidates="4597" cleared="0"  />
</gc-op>
<gc-op id="1290" type="classunload" timems="0.003" contextid="1286" timestamp="2019-09-21T18:42:57.272">
  <classunload-info classloadercandidates="8" classloadersunloaded="0" classesunloaded="0" anonymousclassesunloaded="0" quiescems="0.000" setupms="0.003" scanms="0.000" postms="0.000" />
</gc-op>
<gc-end id="1291" type="partial gc" contextid="1286" durationms="4.333" usertimems="16.000" systemtimems="0.000" timestamp="2019-09-21T18:42:57.272" activeThreads="8">
  <mem-info id="1292" free="176160768" total="293601280" percent="60">
    <mem type="eden" free="263656" total="1048576" percent="25" />
    <arraylet-primitive objects="2" leaves="2" largest="1" />
    <remembered-set count="59840" freebytes="11480320" totalbytes="11719680" percent="97" regionsoverflowed="0" regionsstable="4" regionsrebuilding="0"/>
  </mem-info>
</gc-end>
<cycle-end id="1293" type="partial gc" contextid="1286" timestamp="2019-09-21T18:42:57.273" />
  <attribute name="elasticGC enabled" value="1" />
  <attribute name= "numThreadsSpecified" value="8" />
  <attribute name="heapSize specified" value="0" />
  <attribute name="Current GC Util" value="133" />
  <attribute name= "Current Time Running" value="3461" />
  <attribute name ="GC Interval" value="0" />
  <attribute name="Target GC Util Change" value ="40.000000" />
  <attribute name="Current GC Util Change" value="133.000000"/>
  <attribute name="Current Error" value="-280.000000" />
  <attribute name="Output H" value="293676640"/>
  <attribute name="Output I" value="1688"/>
  <attribute name="Output T" value="8"/>
  <attribute name= "Current Time Running" value="3461" />
  <attribute name="GC Util currently" value="133" />
  <attribute name="CPU Util currently" value="7386095494040" />
<exclusive-end id="1294" timestamp="2019-09-21T18:42:57.273" durationms="5.317" />

<exclusive-start id="1295" timestamp="2019-09-21T18:42:57.302" intervalms="34.262">
  <response-info timems="0.060" idlems="0.033" threads="1" lastid="00000000027E5700" lastname="Thread-14" />
</exclusive-start>
<allocation-taxation id="1296" taxation-threshold="79691776" timestamp="2019-09-21T18:42:57.302" intervalms="34.303" />
<cycle-start id="1297" type="partial gc" contextid="0" timestamp="2019-09-21T18:42:57.302" intervalms="34.294" />
<gc-start id="1298" type="partial gc" contextid="1297" timestamp="2019-09-21T18:42:57.302">
  <mem-info id="1299" free="96468992" total="293601280" percent="32">
    <mem type="eden" free="0" total="79691776" percent="0" />
    <arraylet-primitive objects="2" leaves="2" largest="1" />
    <remembered-set count="59584" freebytes="11481344" totalbytes="11719680" percent="97" regionsoverflowed="0" regionsstable="4" regionsrebuilding="0"/>
  </mem-info>
</gc-start>
<allocation-stats totalBytes="79680448" >
  <allocated-bytes non-tlh="0" tlh="79680448" arrayletleaf="0"/>
  <largest-consumer threadName="Thread-13" threadId="00000000027CEF00" bytes="15460128" />
</allocation-stats>
<gc-op id="1300" type="copy forward" timems="3.750" contextid="1297" timestamp="2019-09-21T18:42:57.307">
  <memory-copied type="eden" objects="20200" bytes="762744" bytesdiscarded="49328" />
  <memory-copied type="other" objects="46485" bytes="1939896" bytesdiscarded="146216" />
  <memory-cardclean objects="7841" bytes="406376" />
  <regions eden="76" other="6" />
  <remembered-set-cleared processed="44687" cleared="2336" durationms="0.232" />
  <stringconstants candidates="4597" cleared="0"  />
</gc-op>
<gc-op id="1301" type="classunload" timems="0.003" contextid="1297" timestamp="2019-09-21T18:42:57.307">
  <classunload-info classloadercandidates="8" classloadersunloaded="0" classesunloaded="0" anonymousclassesunloaded="0" quiescems="0.000" setupms="0.003" scanms="0.000" postms="0.000" />
</gc-op>
<heap-resize id="1302" type="expand" space="default" amount="3145728" count="1" timems="0.079" reason="excessive time being spent in gc" timestamp="2019-09-21T18:42:57.307" />
<gc-end id="1303" type="partial gc" contextid="1297" durationms="5.037" usertimems="16.000" systemtimems="0.000" timestamp="2019-09-21T18:42:57.307" activeThreads="8">
  <mem-info id="1304" free="178257920" total="296747008" percent="60">
    <mem type="eden" free="236504" total="1048576" percent="22" />
    <arraylet-primitive objects="2" leaves="2" largest="1" />
    <remembered-set count="62144" freebytes="11596672" totalbytes="11845248" percent="97" regionsoverflowed="0" regionsstable="4" regionsrebuilding="0"/>
  </mem-info>
</gc-end>
<cycle-end id="1305" type="partial gc" contextid="1297" timestamp="2019-09-21T18:42:57.308" />
  <attribute name="elasticGC enabled" value="1" />
  <attribute name= "numThreadsSpecified" value="8" />
  <attribute name="heapSize specified" value="0" />
  <attribute name="Current GC Util" value="147" />
  <attribute name= "Current Time Running" value="3496" />
  <attribute name ="GC Interval" value="0" />
  <attribute name="Target GC Util Change" value ="40.000000" />
  <attribute name="Current GC Util Change" value="147.000000"/>
  <attribute name="Current Error" value="-111.000000" />
  <attribute name="Output H" value="293676832"/>
  <attribute name="Output I" value="1880"/>
  <attribute name="Output T" value="8"/>
  <attribute name= "Current Time Running" value="3496" />
  <attribute name="GC Util currently" value="147" />
  <attribute name="CPU Util currently" value="7839243742979" />
<exclusive-end id="1306" timestamp="2019-09-21T18:42:57.308" durationms="6.043" />

<exclusive-start id="1307" timestamp="2019-09-21T18:42:57.337" intervalms="35.343">
  <response-info timems="0.060" idlems="0.060" threads="0" lastid="00000000027E1B00" lastname="Thread-17" />
</exclusive-start>
<allocation-taxation id="1308" taxation-threshold="79691776" timestamp="2019-09-21T18:42:57.337" intervalms="35.335" />
<cycle-start id="1309" type="partial gc" contextid="0" timestamp="2019-09-21T18:42:57.337" intervalms="35.349" />
<gc-start id="1310" type="partial gc" contextid="1309" timestamp="2019-09-21T18:42:57.338">
  <mem-info id="1311" free="98566144" total="296747008" percent="33">
    <mem type="eden" free="0" total="79691776" percent="0" />
    <arraylet-primitive objects="2" leaves="2" largest="1" />
    <remembered-set count="61856" freebytes="11597824" totalbytes="11845248" percent="97" regionsoverflowed="0" regionsstable="4" regionsrebuilding="0"/>
  </mem-info>
</gc-start>
<allocation-stats totalBytes="79680688" >
  <allocated-bytes non-tlh="0" tlh="79680688" arrayletleaf="0"/>
  <largest-consumer threadName="Thread-17" threadId="00000000027E1B00" bytes="15128688" />
</allocation-stats>
<gc-op id="1312" type="copy forward" timems="3.586" contextid="1309" timestamp="2019-09-21T18:42:57.342">
  <memory-copied type="eden" objects="16126" bytes="665168" bytesdiscarded="55272" />
  <memory-copied type="other" objects="44977" bytes="1903704" bytesdiscarded="132992" />
  <memory-cardclean objects="5812" bytes="308768" />
  <regions eden="76" other="8" />
  <remembered-set-cleared processed="44706" cleared="3141" durationms="0.199" />
  <stringconstants candidates="4597" cleared="0"  />
</gc-op>
<gc-op id="1313" type="classunload" timems="0.003" contextid="1309" timestamp="2019-09-21T18:42:57.342">
  <classunload-info classloadercandidates="8" classloadersunloaded="0" classesunloaded="0" anonymousclassesunloaded="0" quiescems="0.000" setupms="0.003" scanms="0.000" postms="0.000" />
</gc-op>
<heap-resize id="1314" type="expand" space="default" amount="2097152" count="1" timems="0.072" reason="excessive time being spent in gc" timestamp="2019-09-21T18:42:57.343" />
<gc-end id="1315" type="partial gc" contextid="1309" durationms="4.993" usertimems="12.000" systemtimems="0.000" timestamp="2019-09-21T18:42:57.343" activeThreads="8">
  <mem-info id="1316" free="179306496" total="298844160" percent="60">
    <mem type="eden" free="328136" total="1048576" percent="31" />
    <arraylet-primitive objects="2" leaves="2" largest="1" />
    <remembered-set count="59104" freebytes="11692544" totalbytes="11928960" percent="98" regionsoverflowed="0" regionsstable="4" regionsrebuilding="0"/>
  </mem-info>
</gc-end>
<cycle-end id="1317" type="partial gc" contextid="1309" timestamp="2019-09-21T18:42:57.343" />
  <attribute name="elasticGC enabled" value="1" />
  <attribute name= "numThreadsSpecified" value="8" />
  <attribute name="heapSize specified" value="0" />
  <attribute name="Current GC Util" value="127" />
  <attribute name= "Current Time Running" value="3531" />
  <attribute name ="GC Interval" value="0" />
  <attribute name="Target GC Util Change" value ="40.000000" />
  <attribute name="Current GC Util Change" value="127.000000"/>
  <attribute name="Current Error" value="-204.000000" />
  <attribute name="Output H" value="296822456"/>
  <attribute name="Output I" value="1776"/>
  <attribute name="Output T" value="8"/>
  <attribute name= "Current Time Running" value="3531" />
  <attribute name="GC Util currently" value="127" />
  <attribute name="CPU Util currently" value="6231031334526" />
<exclusive-end id="1318" timestamp="2019-09-21T18:42:57.343" durationms="6.091" />

<exclusive-start id="1319" timestamp="2019-09-21T18:42:57.373" intervalms="35.989">
  <response-info timems="0.124" idlems="0.124" threads="0" lastid="00000000027D6700" lastname="Thread-12" />
</exclusive-start>
<allocation-taxation id="1320" taxation-threshold="80740352" timestamp="2019-09-21T18:42:57.373" intervalms="35.942" />
<cycle-start id="1321" type="partial gc" contextid="0" timestamp="2019-09-21T18:42:57.373" intervalms="35.898" />
<gc-start id="1322" type="partial gc" contextid="1321" timestamp="2019-09-21T18:42:57.374">
  <mem-info id="1323" free="98566144" total="298844160" percent="32">
    <mem type="eden" free="0" total="80740352" percent="0" />
    <arraylet-primitive objects="2" leaves="2" largest="1" />
    <remembered-set count="58912" freebytes="11693312" totalbytes="11928960" percent="98" regionsoverflowed="0" regionsstable="4" regionsrebuilding="0"/>
  </mem-info>
</gc-start>
<allocation-stats totalBytes="80728616" >
  <allocated-bytes non-tlh="0" tlh="80728616" arrayletleaf="0"/>
  <largest-consumer threadName="Thread-17" threadId="00000000027E1B00" bytes="17467264" />
</allocation-stats>
<gc-op id="1324" type="copy forward" timems="3.157" contextid="1321" timestamp="2019-09-21T18:42:57.378">
  <memory-copied type="eden" objects="15982" bytes="662000" bytesdiscarded="59736" />
  <memory-copied type="other" objects="39908" bytes="1782048" bytesdiscarded="119784" />
  <memory-cardclean objects="3792" bytes="189008" />
  <regions eden="77" other="6" />
  <remembered-set-cleared processed="44021" cleared="1763" durationms="0.204" />
  <stringconstants candidates="4597" cleared="0"  />
</gc-op>
<gc-op id="1325" type="classunload" timems="0.003" contextid="1321" timestamp="2019-09-21T18:42:57.378">
  <classunload-info classloadercandidates="8" classloadersunloaded="0" classesunloaded="0" anonymousclassesunloaded="0" quiescems="0.000" setupms="0.003" scanms="0.000" postms="0.000" />
</gc-op>
<heap-resize id="1326" type="expand" space="default" amount="3145728" count="1" timems="0.090" reason="excessive time being spent in gc" timestamp="2019-09-21T18:42:57.378" />
<gc-end id="1327" type="partial gc" contextid="1321" durationms="4.639" usertimems="16.000" systemtimems="4.000" timestamp="2019-09-21T18:42:57.378" activeThreads="8">
  <mem-info id="1328" free="181403648" total="301989888" percent="60">
    <mem type="eden" free="326840" total="1048576" percent="31" />
    <arraylet-primitive objects="2" leaves="2" largest="1" />
    <remembered-set count="57504" freebytes="11824512" totalbytes="12054528" percent="98" regionsoverflowed="0" regionsstable="4" regionsrebuilding="0"/>
  </mem-info>
</gc-end>
<cycle-end id="1329" type="partial gc" contextid="1321" timestamp="2019-09-21T18:42:57.378" />
  <attribute name="elasticGC enabled" value="1" />
  <attribute name= "numThreadsSpecified" value="8" />
  <attribute name="heapSize specified" value="0" />
  <attribute name="Current GC Util" value="128" />
  <attribute name= "Current Time Running" value="3567" />
  <attribute name ="GC Interval" value="0" />
  <attribute name="Target GC Util Change" value ="40.000000" />
  <attribute name="Current GC Util Change" value="128.000000"/>
  <attribute name="Current Error" value="-294.000000" />
  <attribute name="Output H" value="298919504"/>
  <attribute name="Output I" value="1672"/>
  <attribute name="Output T" value="8"/>
  <attribute name= "Current Time Running" value="3567" />
  <attribute name="GC Util currently" value="128" />
  <attribute name="CPU Util currently" value="6715408611794" />
<exclusive-end id="1330" timestamp="2019-09-21T18:42:57.379" durationms="5.629" />

<exclusive-start id="1331" timestamp="2019-09-21T18:42:57.405" intervalms="31.573">
  <response-info timems="0.053" idlems="0.053" threads="0" lastid="00000000027E1B00" lastname="Thread-17" />
</exclusive-start>
<allocation-taxation id="1332" taxation-threshold="81788928" timestamp="2019-09-21T18:42:57.405" intervalms="31.573" />
<cycle-start id="1333" type="partial gc" contextid="0" timestamp="2019-09-21T18:42:57.405" intervalms="31.576" />
<gc-start id="1334" type="partial gc" contextid="1333" timestamp="2019-09-21T18:42:57.405">
  <mem-info id="1335" free="99614720" total="301989888" percent="32">
    <mem type="eden" free="0" total="81788928" percent="0" />
    <arraylet-primitive objects="2" leaves="2" largest="1" />
    <remembered-set count="57376" freebytes="11825024" totalbytes="12054528" percent="98" regionsoverflowed="0" regionsstable="4" regionsrebuilding="0"/>
  </mem-info>
</gc-start>
<allocation-stats totalBytes="81777288" >
  <allocated-bytes non-tlh="0" tlh="81777288" arrayletleaf="0"/>
  <largest-consumer threadName="Thread-13" threadId="00000000027CEF00" bytes="20689832" />
</allocation-stats>
<gc-op id="1336" type="copy forward" timems="2.956" contextid="1333" timestamp="2019-09-21T18:42:57.409">
  <memory-copied type="eden" objects="12209" bytes="434040" bytesdiscarded="42592" />
  <memory-copied type="other" objects="39860" bytes="1780896" bytesdiscarded="96240" />
  <memory-cardclean objects="3552" bytes="192440" />
  <regions eden="78" other="7" />
  <remembered-set-cleared processed="44007" cleared="1986" durationms="0.216" />
  <stringconstants candidates="4597" cleared="0"  />
</gc-op>
<gc-op id="1337" type="classunload" timems="0.005" contextid="1333" timestamp="2019-09-21T18:42:57.409">
  <classunload-info classloadercandidates="8" classloadersunloaded="0" classesunloaded="0" anonymousclassesunloaded="0" quiescems="0.000" setupms="0.004" scanms="0.000" postms="0.000" />
</gc-op>
<gc-end id="1338" type="partial gc" contextid="1333" durationms="4.262" usertimems="16.000" systemtimems="0.000" timestamp="2019-09-21T18:42:57.409" activeThreads="8">
  <mem-info id="1339" free="181403648" total="301989888" percent="60">
    <mem type="eden" free="571944" total="1048576" percent="54" />
    <arraylet-primitive objects="2" leaves="2" largest="1" />
    <remembered-set count="57664" freebytes="11823872" totalbytes="12054528" percent="98" regionsoverflowed="0" regionsstable="4" regionsrebuilding="0"/>
  </mem-info>
</gc-end>
<cycle-end id="1340" type="partial gc" contextid="1333" timestamp="2019-09-21T18:42:57.410" />
  <attribute name="elasticGC enabled" value="1" />
  <attribute name= "numThreadsSpecified" value="8" />
  <attribute name="heapSize specified" value="0" />
  <attribute name="Current GC Util" value="147" />
  <attribute name= "Current Time Running" value="3599" />
  <attribute name ="GC Interval" value="0" />
  <attribute name="Target GC Util Change" value ="40.000000" />
  <attribute name="Current GC Util Change" value="147.000000"/>
  <attribute name="Current Error" value="-113.000000" />
  <attribute name="Output H" value="302065440"/>
  <attribute name="Output I" value="1880"/>
  <attribute name="Output T" value="8"/>
  <attribute name= "Current Time Running" value="3599" />
  <attribute name="GC Util currently" value="147" />
  <attribute name="CPU Util currently" value="6309616371805" />
<exclusive-end id="1341" timestamp="2019-09-21T18:42:57.410" durationms="5.194" />

<exclusive-start id="1342" timestamp="2019-09-21T18:42:57.438" intervalms="33.697">
  <response-info timems="0.061" idlems="0.061" threads="0" lastid="00000000027E9300" lastname="Thread-15" />
</exclusive-start>
<allocation-taxation id="1343" taxation-threshold="81788928" timestamp="2019-09-21T18:42:57.439" intervalms="33.735" />
<cycle-start id="1344" type="partial gc" contextid="0" timestamp="2019-09-21T18:42:57.439" intervalms="33.790" />
<gc-start id="1345" type="partial gc" contextid="1344" timestamp="2019-09-21T18:42:57.439">
  <mem-info id="1346" free="99614720" total="301989888" percent="32">
    <mem type="eden" free="0" total="81788928" percent="0" />
    <arraylet-primitive objects="2" leaves="2" largest="1" />
    <remembered-set count="57504" freebytes="11824512" totalbytes="12054528" percent="98" regionsoverflowed="0" regionsstable="4" regionsrebuilding="0"/>
  </mem-info>
</gc-start>
<allocation-stats totalBytes="81778560" >
  <allocated-bytes non-tlh="0" tlh="81778560" arrayletleaf="0"/>
  <largest-consumer threadName="Thread-17" threadId="00000000027E1B00" bytes="19924696" />
</allocation-stats>
<gc-op id="1347" type="copy forward" timems="2.736" contextid="1344" timestamp="2019-09-21T18:42:57.443">
  <memory-copied type="eden" objects="11178" bytes="409400" bytesdiscarded="33336" />
  <memory-copied type="other" objects="47019" bytes="2090088" bytesdiscarded="97480" />
  <memory-cardclean objects="48" bytes="5240" />
  <regions eden="78" other="7" />
  <remembered-set-cleared processed="43521" cleared="1511" durationms="0.188" />
  <stringconstants candidates="4597" cleared="0"  />
</gc-op>
<gc-op id="1348" type="classunload" timems="0.003" contextid="1344" timestamp="2019-09-21T18:42:57.443">
  <classunload-info classloadercandidates="8" classloadersunloaded="0" classesunloaded="0" anonymousclassesunloaded="0" quiescems="0.000" setupms="0.003" scanms="0.000" postms="0.000" />
</gc-op>
<heap-resize id="1349" type="expand" space="default" amount="2097152" count="1" timems="0.085" reason="excessive time being spent in gc" timestamp="2019-09-21T18:42:57.443" />
<gc-end id="1350" type="partial gc" contextid="1344" durationms="4.224" usertimems="12.000" systemtimems="4.000" timestamp="2019-09-21T18:42:57.443" activeThreads="8">
  <mem-info id="1351" free="182452224" total="304087040" percent="60">
    <mem type="eden" free="605840" total="1048576" percent="57" />
    <arraylet-primitive objects="2" leaves="2" largest="1" />
    <remembered-set count="58656" freebytes="11903616" totalbytes="12138240" percent="98" regionsoverflowed="0" regionsstable="4" regionsrebuilding="0"/>
  </mem-info>
</gc-end>
<cycle-end id="1352" type="partial gc" contextid="1344" timestamp="2019-09-21T18:42:57.443" />
  <attribute name="elasticGC enabled" value="1" />
  <attribute name= "numThreadsSpecified" value="8" />
  <attribute name="heapSize specified" value="0" />
  <attribute name="Current GC Util" value="122" />
  <attribute name= "Current Time Running" value="3632" />
  <attribute name ="GC Interval" value="0" />
  <attribute name="Target GC Util Change" value ="40.000000" />
  <attribute name="Current GC Util Change" value="122.000000"/>
  <attribute name="Current Error" value="-195.000000" />
  <attribute name="Output H" value="302065344"/>
  <attribute name="Output I" value="1784"/>
  <attribute name="Output T" value="8"/>
  <attribute name= "Current Time Running" value="3632" />
  <attribute name="GC Util currently" value="122" />
  <attribute name="CPU Util currently" value="7048985509873" />
<exclusive-end id="1353" timestamp="2019-09-21T18:42:57.444" durationms="5.281" />

<exclusive-start id="1354" timestamp="2019-09-21T18:42:57.471" intervalms="32.990">
  <response-info timems="0.127" idlems="0.127" threads="0" lastid="00000000027D6700" lastname="Thread-12" />
</exclusive-start>
<allocation-taxation id="1355" taxation-threshold="81788928" timestamp="2019-09-21T18:42:57.471" intervalms="32.980" />
<cycle-start id="1356" type="partial gc" contextid="0" timestamp="2019-09-21T18:42:57.472" intervalms="32.967" />
<gc-start id="1357" type="partial gc" contextid="1356" timestamp="2019-09-21T18:42:57.472">
  <mem-info id="1358" free="100663296" total="304087040" percent="33">
    <mem type="eden" free="0" total="81788928" percent="0" />
    <arraylet-primitive objects="2" leaves="2" largest="1" />
    <remembered-set count="58656" freebytes="11903616" totalbytes="12138240" percent="98" regionsoverflowed="0" regionsstable="4" regionsrebuilding="0"/>
  </mem-info>
</gc-start>
<allocation-stats totalBytes="81778312" >
  <allocated-bytes non-tlh="0" tlh="81778312" arrayletleaf="0"/>
  <largest-consumer threadName="Thread-17" threadId="00000000027E1B00" bytes="19302464" />
</allocation-stats>
<gc-op id="1359" type="copy forward" timems="3.191" contextid="1356" timestamp="2019-09-21T18:42:57.476">
  <memory-copied type="eden" objects="7478" bytes="183208" bytesdiscarded="11664" />
  <memory-copied type="other" objects="52150" bytes="2213232" bytesdiscarded="164328" />
  <memory-cardclean objects="4044" bytes="215984" />
  <regions eden="78" other="6" />
  <remembered-set-cleared processed="43859" cleared="1682" durationms="0.202" />
  <stringconstants candidates="4597" cleared="0"  />
</gc-op>
<gc-op id="1360" type="classunload" timems="0.003" contextid="1356" timestamp="2019-09-21T18:42:57.476">
  <classunload-info classloadercandidates="8" classloadersunloaded="0" classesunloaded="0" anonymousclassesunloaded="0" quiescems="0.000" setupms="0.003" scanms="0.000" postms="0.000" />
</gc-op>
<heap-resize id="1361" type="expand" space="default" amount="3145728" count="1" timems="0.077" reason="excessive time being spent in gc" timestamp="2019-09-21T18:42:57.477" />
<gc-end id="1362" type="partial gc" contextid="1356" durationms="4.575" usertimems="20.000" systemtimems="0.000" timestamp="2019-09-21T18:42:57.477" activeThreads="8">
  <mem-info id="1363" free="184549376" total="307232768" percent="60">
    <mem type="eden" free="853704" total="1048576" percent="81" />
    <arraylet-primitive objects="2" leaves="2" largest="1" />
    <remembered-set count="61504" freebytes="12017792" totalbytes="12263808" percent="97" regionsoverflowed="0" regionsstable="4" regionsrebuilding="0"/>
  </mem-info>
</gc-end>
<cycle-end id="1364" type="partial gc" contextid="1356" timestamp="2019-09-21T18:42:57.477" />
  <attribute name="elasticGC enabled" value="1" />
  <attribute name= "numThreadsSpecified" value="8" />
  <attribute name="heapSize specified" value="0" />
  <attribute name="Current GC Util" value="125" />
  <attribute name= "Current Time Running" value="3665" />
  <attribute name ="GC Interval" value="0" />
  <attribute name="Target GC Util Change" value ="40.000000" />
  <attribute name="Current GC Util Change" value="125.000000"/>
  <attribute name="Current Error" value="-281.000000" />
  <attribute name="Output H" value="304162400"/>
  <attribute name="Output I" value="1688"/>
  <attribute name="Output T" value="8"/>
  <attribute name= "Current Time Running" value="3665" />
  <attribute name="GC Util currently" value="125" />
  <attribute name="CPU Util currently" value="6822807935996" />
<exclusive-end id="1365" timestamp="2019-09-21T18:42:57.477" durationms="5.560" />

<exclusive-start id="1366" timestamp="2019-09-21T18:42:57.502" intervalms="30.843">
  <response-info timems="0.110" idlems="0.110" threads="0" lastid="00000000027E9300" lastname="Thread-15" />
</exclusive-start>
<allocation-taxation id="1367" taxation-threshold="82837504" timestamp="2019-09-21T18:42:57.502" intervalms="30.872" />
<cycle-start id="1368" type="partial gc" contextid="0" timestamp="2019-09-21T18:42:57.503" intervalms="30.877" />
<gc-start id="1369" type="partial gc" contextid="1368" timestamp="2019-09-21T18:42:57.503">
  <mem-info id="1370" free="101711872" total="307232768" percent="33">
    <mem type="eden" free="0" total="82837504" percent="0" />
    <arraylet-primitive objects="2" leaves="2" largest="1" />
    <remembered-set count="61472" freebytes="12017920" totalbytes="12263808" percent="97" regionsoverflowed="0" regionsstable="4" regionsrebuilding="0"/>
  </mem-info>
</gc-start>
<allocation-stats totalBytes="82827032" >
  <allocated-bytes non-tlh="0" tlh="82827032" arrayletleaf="0"/>
  <largest-consumer threadName="Thread-17" threadId="00000000027E1B00" bytes="18221336" />
</allocation-stats>
<gc-op id="1371" type="copy forward" timems="3.040" contextid="1368" timestamp="2019-09-21T18:42:57.507">
  <memory-copied type="eden" objects="23826" bytes="1124432" bytesdiscarded="90288" />
  <memory-copied type="other" objects="18293" bytes="713784" bytesdiscarded="69712" />
  <memory-cardclean objects="5854" bytes="306776" />
  <regions eden="79" other="6" />
  <remembered-set-cleared processed="44600" cleared="2493" durationms="0.227" />
  <stringconstants candidates="4597" cleared="0"  />
</gc-op>
<gc-op id="1372" type="classunload" timems="0.003" contextid="1368" timestamp="2019-09-21T18:42:57.507">
  <classunload-info classloadercandidates="8" classloadersunloaded="0" classesunloaded="0" anonymousclassesunloaded="0" quiescems="0.000" setupms="0.003" scanms="0.000" postms="0.000" />
</gc-op>
<heap-resize id="1373" type="expand" space="default" amount="5242880" count="1" timems="0.088" reason="excessive time being spent in gc" timestamp="2019-09-21T18:42:57.507" />
<gc-end id="1374" type="partial gc" contextid="1368" durationms="4.320" usertimems="4.000" systemtimems="8.000" timestamp="2019-09-21T18:42:57.507" activeThreads="8">
  <mem-info id="1375" free="187695104" total="312475648" percent="60">
    <mem type="eden" free="882432" total="2097152" percent="42" />
    <arraylet-primitive objects="2" leaves="2" largest="1" />
    <remembered-set count="57792" freebytes="12241920" totalbytes="12473088" percent="98" regionsoverflowed="0" regionsstable="4" regionsrebuilding="0"/>
  </mem-info>
</gc-end>
<cycle-end id="1376" type="partial gc" contextid="1368" timestamp="2019-09-21T18:42:57.507" />
  <attribute name="elasticGC enabled" value="1" />
  <attribute name= "numThreadsSpecified" value="8" />
  <attribute name="heapSize specified" value="0" />
  <attribute name="Current GC Util" value="146" />
  <attribute name= "Current Time Running" value="3696" />
  <attribute name ="GC Interval" value="0" />
  <attribute name="Target GC Util Change" value ="40.000000" />
  <attribute name="Current GC Util Change" value="146.000000"/>
  <attribute name="Current Error" value="-113.000000" />
  <attribute name="Output H" value="307308320"/>
  <attribute name="Output I" value="1880"/>
  <attribute name="Output T" value="8"/>
  <attribute name= "Current Time Running" value="3696" />
  <attribute name="GC Util currently" value="146" />
  <attribute name="CPU Util currently" value="7735573624364" />
<exclusive-end id="1377" timestamp="2019-09-21T18:42:57.507" durationms="5.354" />

<exclusive-start id="1378" timestamp="2019-09-21T18:42:57.529" intervalms="26.598">
  <response-info timems="0.104" idlems="0.104" threads="0" lastid="00000000027E1B00" lastname="Thread-17" />
</exclusive-start>
<allocation-taxation id="1379" taxation-threshold="83886080" timestamp="2019-09-21T18:42:57.529" intervalms="26.568" />
<cycle-start id="1380" type="partial gc" contextid="0" timestamp="2019-09-21T18:42:57.529" intervalms="26.507" />
<gc-start id="1381" type="partial gc" contextid="1380" timestamp="2019-09-21T18:42:57.529">
  <mem-info id="1382" free="103809024" total="312475648" percent="33">
    <mem type="eden" free="0" total="83886080" percent="0" />
    <arraylet-primitive objects="2" leaves="2" largest="1" />
    <remembered-set count="57472" freebytes="12243200" totalbytes="12473088" percent="98" regionsoverflowed="0" regionsstable="4" regionsrebuilding="0"/>
  </mem-info>
</gc-start>
<allocation-stats totalBytes="83877256" >
  <allocated-bytes non-tlh="0" tlh="83877256" arrayletleaf="0"/>
  <largest-consumer threadName="Thread-15" threadId="00000000027E9300" bytes="15706880" />
</allocation-stats>
<gc-op id="1383" type="copy forward" timems="2.987" contextid="1380" timestamp="2019-09-21T18:42:57.533">
  <memory-copied type="eden" objects="16146" bytes="665656" bytesdiscarded="75464" />
  <memory-copied type="other" objects="36130" bytes="1691376" bytesdiscarded="63648" />
  <memory-cardclean objects="3582" bytes="178928" />
  <regions eden="80" other="6" />
  <remembered-set-cleared processed="43988" cleared="1640" durationms="0.206" />
  <stringconstants candidates="4597" cleared="0"  />
</gc-op>
<gc-op id="1384" type="classunload" timems="0.003" contextid="1380" timestamp="2019-09-21T18:42:57.533">
  <classunload-info classloadercandidates="8" classloadersunloaded="0" classesunloaded="0" anonymousclassesunloaded="0" quiescems="0.000" setupms="0.002" scanms="0.000" postms="0.000" />
</gc-op>
<heap-resize id="1385" type="expand" space="default" amount="2097152" count="1" timems="0.072" reason="excessive time being spent in gc" timestamp="2019-09-21T18:42:57.533" />
<gc-end id="1386" type="partial gc" contextid="1380" durationms="4.127" usertimems="16.000" systemtimems="0.000" timestamp="2019-09-21T18:42:57.533" activeThreads="8">
  <mem-info id="1387" free="188743680" total="314572800" percent="60">
    <mem type="eden" free="307456" total="1048576" percent="29" />
    <arraylet-primitive objects="2" leaves="2" largest="1" />
    <remembered-set count="58656" freebytes="12322176" totalbytes="12556800" percent="98" regionsoverflowed="0" regionsstable="4" regionsrebuilding="0"/>
  </mem-info>
</gc-end>
<cycle-end id="1388" type="partial gc" contextid="1380" timestamp="2019-09-21T18:42:57.534" />
  <attribute name="elasticGC enabled" value="1" />
  <attribute name= "numThreadsSpecified" value="8" />
  <attribute name="heapSize specified" value="0" />
  <attribute name="Current GC Util" value="162" />
  <attribute name= "Current Time Running" value="3722" />
  <attribute name ="GC Interval" value="0" />
  <attribute name="Target GC Util Change" value ="40.000000" />
  <attribute name="Current GC Util Change" value="162.000000"/>
  <attribute name="Current Error" value="-243.000000" />
  <attribute name="Output H" value="312551048"/>
  <attribute name="Output I" value="1728"/>
  <attribute name="Output T" value="8"/>
  <attribute name= "Current Time Running" value="3722" />
  <attribute name="GC Util currently" value="162" />
  <attribute name="CPU Util currently" value="8240716028433" />
<exclusive-end id="1389" timestamp="2019-09-21T18:42:57.534" durationms="5.016" />

<exclusive-start id="1390" timestamp="2019-09-21T18:42:57.557" intervalms="28.107">
  <response-info timems="0.106" idlems="0.106" threads="0" lastid="00000000027CEF00" lastname="Thread-13" />
</exclusive-start>
<allocation-taxation id="1391" taxation-threshold="84934656" timestamp="2019-09-21T18:42:57.557" intervalms="28.125" />
<cycle-start id="1392" type="partial gc" contextid="0" timestamp="2019-09-21T18:42:57.557" intervalms="28.170" />
<gc-start id="1393" type="partial gc" contextid="1392" timestamp="2019-09-21T18:42:57.557">
  <mem-info id="1394" free="103809024" total="314572800" percent="33">
    <mem type="eden" free="0" total="84934656" percent="0" />
    <arraylet-primitive objects="2" leaves="2" largest="1" />
    <remembered-set count="58208" freebytes="12323968" totalbytes="12556800" percent="98" regionsoverflowed="0" regionsstable="4" regionsrebuilding="0"/>
  </mem-info>
</gc-start>
<allocation-stats totalBytes="84925176" >
  <allocated-bytes non-tlh="0" tlh="84925176" arrayletleaf="0"/>
  <largest-consumer threadName="Thread-15" threadId="00000000027E9300" bytes="16308672" />
</allocation-stats>
<gc-op id="1395" type="copy forward" timems="3.292" contextid="1392" timestamp="2019-09-21T18:42:57.562">
  <memory-copied type="eden" objects="13392" bytes="461944" bytesdiscarded="41056" />
  <memory-copied type="other" objects="37525" bytes="1703592" bytesdiscarded="197376" />
  <memory-cardclean objects="7217" bytes="391016" />
  <regions eden="81" other="5" />
  <remembered-set-cleared processed="44514" cleared="2342" durationms="0.160" />
  <stringconstants candidates="4597" cleared="0"  />
</gc-op>
<gc-op id="1396" type="classunload" timems="0.004" contextid="1392" timestamp="2019-09-21T18:42:57.562">
  <classunload-info classloadercandidates="8" classloadersunloaded="0" classesunloaded="0" anonymousclassesunloaded="0" quiescems="0.000" setupms="0.003" scanms="0.000" postms="0.000" />
</gc-op>
<gc-end id="1397" type="partial gc" contextid="1392" durationms="4.446" usertimems="16.000" systemtimems="0.000" timestamp="2019-09-21T18:42:57.562" activeThreads="8">
  <mem-info id="1398" free="188743680" total="314572800" percent="60">
    <mem type="eden" free="545576" total="1048576" percent="52" />
    <arraylet-primitive objects="2" leaves="2" largest="1" />
    <remembered-set count="57856" freebytes="12325376" totalbytes="12556800" percent="98" regionsoverflowed="0" regionsstable="4" regionsrebuilding="0"/>
  </mem-info>
</gc-end>
<cycle-end id="1399" type="partial gc" contextid="1392" timestamp="2019-09-21T18:42:57.562" />
  <attribute name="elasticGC enabled" value="1" />
  <attribute name= "numThreadsSpecified" value="8" />
  <attribute name="heapSize specified" value="0" />
  <attribute name="Current GC Util" value="140" />
  <attribute name= "Current Time Running" value="3751" />
  <attribute name ="GC Interval" value="0" />
  <attribute name="Target GC Util Change" value ="40.000000" />
  <attribute name="Current GC Util Change" value="140.000000"/>
  <attribute name="Current Error" value="-351.000000" />
  <attribute name="Output H" value="314648080"/>
  <attribute name="Output I" value="1608"/>
  <attribute name="Output T" value="8"/>
  <attribute name= "Current Time Running" value="3751" />
  <attribute name="GC Util currently" value="140" />
  <attribute name="CPU Util currently" value="8075433015329" />
<exclusive-end id="1400" timestamp="2019-09-21T18:42:57.562" durationms="5.382" />

<exclusive-start id="1401" timestamp="2019-09-21T18:42:57.588" intervalms="31.158">
  <response-info timems="2.328" idlems="1.175" threads="1" lastid="00000000027D2B00" lastname="Thread-18" />
</exclusive-start>
<allocation-taxation id="1402" taxation-threshold="84934656" timestamp="2019-09-21T18:42:57.588" intervalms="31.140" />
<cycle-start id="1403" type="partial gc" contextid="0" timestamp="2019-09-21T18:42:57.588" intervalms="31.121" />
<gc-start id="1404" type="partial gc" contextid="1403" timestamp="2019-09-21T18:42:57.589">
  <mem-info id="1405" free="103809024" total="314572800" percent="33">
    <mem type="eden" free="0" total="84934656" percent="0" />
    <arraylet-primitive objects="2" leaves="2" largest="1" />
    <remembered-set count="57568" freebytes="12326528" totalbytes="12556800" percent="98" regionsoverflowed="0" regionsstable="4" regionsrebuilding="0"/>
  </mem-info>
</gc-start>
<allocation-stats totalBytes="84924528" >
  <allocated-bytes non-tlh="0" tlh="84924528" arrayletleaf="0"/>
  <largest-consumer threadName="Thread-15" threadId="00000000027E9300" bytes="16632272" />
</allocation-stats>
<gc-op id="1406" type="copy forward" timems="3.134" contextid="1403" timestamp="2019-09-21T18:42:57.593">
  <memory-copied type="eden" objects="8873" bytes="216568" bytesdiscarded="22136" />
  <memory-copied type="other" objects="43828" bytes="1977144" bytesdiscarded="174624" />
  <memory-cardclean objects="5294" bytes="257048" />
  <regions eden="81" other="6" />
  <remembered-set-cleared processed="43928" cleared="1843" durationms="0.232" />
  <stringconstants candidates="4597" cleared="0"  />
</gc-op>
<gc-op id="1407" type="classunload" timems="0.003" contextid="1403" timestamp="2019-09-21T18:42:57.593">
  <classunload-info classloadercandidates="8" classloadersunloaded="0" classesunloaded="0" anonymousclassesunloaded="0" quiescems="0.000" setupms="0.003" scanms="0.000" postms="0.000" />
</gc-op>
<heap-resize id="1408" type="expand" space="default" amount="3145728" count="1" timems="0.079" reason="excessive time being spent in gc" timestamp="2019-09-21T18:42:57.593" />
<gc-end id="1409" type="partial gc" contextid="1403" durationms="4.381" usertimems="16.000" systemtimems="0.000" timestamp="2019-09-21T18:42:57.593" activeThreads="8">
  <mem-info id="1410" free="190840832" total="317718528" percent="60">
    <mem type="eden" free="809872" total="1048576" percent="77" />
    <arraylet-primitive objects="2" leaves="2" largest="1" />
    <remembered-set count="58784" freebytes="12447232" totalbytes="12682368" percent="98" regionsoverflowed="0" regionsstable="4" regionsrebuilding="0"/>
  </mem-info>
</gc-end>
<cycle-end id="1411" type="partial gc" contextid="1403" timestamp="2019-09-21T18:42:57.593" />
  <attribute name="elasticGC enabled" value="1" />
  <attribute name= "numThreadsSpecified" value="8" />
  <attribute name="heapSize specified" value="0" />
  <attribute name="Current GC Util" value="142" />
  <attribute name= "Current Time Running" value="3782" />
  <attribute name ="GC Interval" value="0" />
  <attribute name="Target GC Util Change" value ="40.000000" />
  <attribute name="Current GC Util Change" value="142.000000"/>
  <attribute name="Current Error" value="-107.000000" />
  <attribute name="Output H" value="314648360"/>
  <attribute name="Output I" value="1888"/>
  <attribute name="Output T" value="8"/>
  <attribute name= "Current Time Running" value="3782" />
  <attribute name="GC Util currently" value="142" />
  <attribute name="CPU Util currently" value="8521821532741" />
<exclusive-end id="1412" timestamp="2019-09-21T18:42:57.593" durationms="5.339" />

<exclusive-start id="1413" timestamp="2019-09-21T18:42:57.618" intervalms="30.070">
  <response-info timems="2.283" idlems="1.170" threads="1" lastid="00000000027D2B00" lastname="Thread-18" />
</exclusive-start>
<allocation-taxation id="1414" taxation-threshold="84934656" timestamp="2019-09-21T18:42:57.618" intervalms="30.039" />
<cycle-start id="1415" type="partial gc" contextid="0" timestamp="2019-09-21T18:42:57.618" intervalms="30.043" />
<gc-start id="1416" type="partial gc" contextid="1415" timestamp="2019-09-21T18:42:57.619">
  <mem-info id="1417" free="105906176" total="317718528" percent="33">
    <mem type="eden" free="0" total="84934656" percent="0" />
    <arraylet-primitive objects="2" leaves="2" largest="1" />
    <remembered-set count="58656" freebytes="12447744" totalbytes="12682368" percent="98" regionsoverflowed="0" regionsstable="4" regionsrebuilding="0"/>
  </mem-info>
</gc-start>
<allocation-stats totalBytes="84924416" >
  <allocated-bytes non-tlh="0" tlh="84924416" arrayletleaf="0"/>
  <largest-consumer threadName="Thread-15" threadId="00000000027E9300" bytes="14997680" />
</allocation-stats>
<gc-op id="1418" type="copy forward" timems="2.542" contextid="1415" timestamp="2019-09-21T18:42:57.622">
  <memory-copied type="eden" objects="24353" bytes="1136944" bytesdiscarded="63008" />
  <memory-copied type="other" objects="21833" bytes="1021440" bytesdiscarded="100136" />
  <memory-cardclean objects="906" bytes="46424" />
  <regions eden="81" other="7" />
  <remembered-set-cleared processed="43936" cleared="1926" durationms="0.229" />
  <stringconstants candidates="4597" cleared="0"  />
</gc-op>
<gc-op id="1419" type="classunload" timems="0.002" contextid="1415" timestamp="2019-09-21T18:42:57.622">
  <classunload-info classloadercandidates="8" classloadersunloaded="0" classesunloaded="0" anonymousclassesunloaded="0" quiescems="0.000" setupms="0.002" scanms="0.000" postms="0.000" />
</gc-op>
<gc-end id="1420" type="partial gc" contextid="1415" durationms="3.677" usertimems="12.000" systemtimems="0.000" timestamp="2019-09-21T18:42:57.622" activeThreads="8">
  <mem-info id="1421" free="192937984" total="317718528" percent="60">
    <mem type="eden" free="897200" total="2097152" percent="42" />
    <arraylet-primitive objects="2" leaves="2" largest="1" />
    <remembered-set count="57120" freebytes="12453888" totalbytes="12682368" percent="98" regionsoverflowed="0" regionsstable="4" regionsrebuilding="0"/>
  </mem-info>
</gc-end>
<cycle-end id="1422" type="partial gc" contextid="1415" timestamp="2019-09-21T18:42:57.622" />
  <attribute name="elasticGC enabled" value="1" />
  <attribute name= "numThreadsSpecified" value="8" />
  <attribute name="heapSize specified" value="0" />
  <attribute name="Current GC Util" value="143" />
  <attribute name= "Current Time Running" value="3812" />
  <attribute name ="GC Interval" value="0" />
  <attribute name="Target GC Util Change" value ="40.000000" />
  <attribute name="Current GC Util Change" value="143.000000"/>
  <attribute name="Current Error" value="-215.000000" />
  <attribute name="Output H" value="317793960"/>
  <attribute name="Output I" value="1760"/>
  <attribute name="Output T" value="8"/>
  <attribute name= "Current Time Running" value="3812" />
  <attribute name="GC Util currently" value="143" />
  <attribute name="CPU Util currently" value="7967529904372" />
<exclusive-end id="1423" timestamp="2019-09-21T18:42:57.623" durationms="4.596" />

<exclusive-start id="1424" timestamp="2019-09-21T18:42:57.648" intervalms="30.114">
  <response-info timems="0.086" idlems="0.052" threads="1" lastid="00000000027D2B00" lastname="Thread-18" />
</exclusive-start>
<allocation-taxation id="1425" taxation-threshold="84934656" timestamp="2019-09-21T18:42:57.648" intervalms="30.165" />
<cycle-start id="1426" type="partial gc" contextid="0" timestamp="2019-09-21T18:42:57.649" intervalms="30.183" />
<gc-start id="1427" type="partial gc" contextid="1426" timestamp="2019-09-21T18:42:57.649">
  <mem-info id="1428" free="108003328" total="317718528" percent="33">
    <mem type="eden" free="0" total="84934656" percent="0" />
    <arraylet-primitive objects="2" leaves="2" largest="1" />
    <remembered-set count="56768" freebytes="12455296" totalbytes="12682368" percent="98" regionsoverflowed="0" regionsstable="4" regionsrebuilding="0"/>
  </mem-info>
</gc-start>
<allocation-stats totalBytes="84923704" >
  <allocated-bytes non-tlh="0" tlh="84923704" arrayletleaf="0"/>
  <largest-consumer threadName="Thread-15" threadId="00000000027E9300" bytes="15337328" />
</allocation-stats>
<gc-op id="1429" type="copy forward" timems="2.537" contextid="1426" timestamp="2019-09-21T18:42:57.652">
  <memory-copied type="eden" objects="6229" bytes="153264" bytesdiscarded="19656" />
  <memory-copied type="other" objects="47894" bytes="2248464" bytesdiscarded="118440" />
  <memory-cardclean objects="48" bytes="5240" />
  <regions eden="81" other="6" />
  <remembered-set-cleared processed="43011" cleared="1001" durationms="0.205" />
  <stringconstants candidates="4597" cleared="0"  />
</gc-op>
<gc-op id="1430" type="classunload" timems="0.003" contextid="1426" timestamp="2019-09-21T18:42:57.652">
  <classunload-info classloadercandidates="8" classloadersunloaded="0" classesunloaded="0" anonymousclassesunloaded="0" quiescems="0.000" setupms="0.003" scanms="0.000" postms="0.000" />
</gc-op>
<gc-end id="1431" type="partial gc" contextid="1426" durationms="3.643" usertimems="12.000" systemtimems="0.000" timestamp="2019-09-21T18:42:57.652" activeThreads="8">
  <mem-info id="1432" free="191889408" total="317718528" percent="60">
    <mem type="eden" free="875656" total="1048576" percent="83" />
    <arraylet-primitive objects="2" leaves="2" largest="1" />
    <remembered-set count="58144" freebytes="12449792" totalbytes="12682368" percent="98" regionsoverflowed="0" regionsstable="4" regionsrebuilding="0"/>
  </mem-info>
</gc-end>
<cycle-end id="1433" type="partial gc" contextid="1426" timestamp="2019-09-21T18:42:57.653" />
  <attribute name="elasticGC enabled" value="1" />
  <attribute name= "numThreadsSpecified" value="8" />
  <attribute name="heapSize specified" value="0" />
  <attribute name="Current GC Util" value="150" />
  <attribute name= "Current Time Running" value="3842" />
  <attribute name ="GC Interval" value="0" />
  <attribute name="Target GC Util Change" value ="40.000000" />
  <attribute name="Current GC Util Change" value="150.000000"/>
  <attribute name="Current Error" value="-325.000000" />
  <attribute name="Output H" value="317793840"/>
  <attribute name="Output I" value="1640"/>
  <attribute name="Output T" value="8"/>
  <attribute name= "Current Time Running" value="3842" />
  <attribute name="GC Util currently" value="150" />
  <attribute name="CPU Util currently" value="7824134966419" />
<exclusive-end id="1434" timestamp="2019-09-21T18:42:57.653" durationms="4.578" />

<exclusive-start id="1435" timestamp="2019-09-21T18:42:57.687" intervalms="38.903">
  <response-info timems="0.059" idlems="0.059" threads="0" lastid="00000000027CEF00" lastname="Thread-13" />
</exclusive-start>
<allocation-taxation id="1436" taxation-threshold="84934656" timestamp="2019-09-21T18:42:57.687" intervalms="38.977" />
<cycle-start id="1437" type="partial gc" contextid="0" timestamp="2019-09-21T18:42:57.688" intervalms="39.104" />
<gc-start id="1438" type="partial gc" contextid="1437" timestamp="2019-09-21T18:42:57.688">
  <mem-info id="1439" free="106954752" total="317718528" percent="33">
    <mem type="eden" free="0" total="84934656" percent="0" />
    <arraylet-primitive objects="2" leaves="2" largest="1" />
    <remembered-set count="57984" freebytes="12450432" totalbytes="12682368" percent="98" regionsoverflowed="0" regionsstable="4" regionsrebuilding="0"/>
  </mem-info>
</gc-start>
<allocation-stats totalBytes="84924184" >
  <allocated-bytes non-tlh="0" tlh="84924184" arrayletleaf="0"/>
  <largest-consumer threadName="Thread-16" threadId="00000000027DDF00" bytes="14878816" />
</allocation-stats>
<gc-op id="1440" type="copy forward" timems="2.627" contextid="1437" timestamp="2019-09-21T18:42:57.692">
  <memory-copied type="eden" objects="9847" bytes="377352" bytesdiscarded="17816" />
  <memory-copied type="other" objects="46072" bytes="2067360" bytesdiscarded="143112" />
  <memory-cardclean objects="48" bytes="5240" />
  <regions eden="81" other="6" />
  <remembered-set-cleared processed="43740" cleared="1730" durationms="0.207" />
  <stringconstants candidates="4597" cleared="0"  />
</gc-op>
<gc-op id="1441" type="classunload" timems="0.003" contextid="1437" timestamp="2019-09-21T18:42:57.692">
  <classunload-info classloadercandidates="8" classloadersunloaded="0" classesunloaded="0" anonymousclassesunloaded="0" quiescems="0.000" setupms="0.002" scanms="0.000" postms="0.000" />
</gc-op>
<gc-end id="1442" type="partial gc" contextid="1437" durationms="3.882" usertimems="12.000" systemtimems="0.000" timestamp="2019-09-21T18:42:57.692" activeThreads="8">
  <mem-info id="1443" free="190840832" total="317718528" percent="60">
    <mem type="eden" free="653408" total="1048576" percent="62" />
    <arraylet-primitive objects="2" leaves="2" largest="1" />
    <remembered-set count="59168" freebytes="12445696" totalbytes="12682368" percent="98" regionsoverflowed="0" regionsstable="4" regionsrebuilding="0"/>
  </mem-info>
</gc-end>
<cycle-end id="1444" type="partial gc" contextid="1437" timestamp="2019-09-21T18:42:57.692" />
  <attribute name="elasticGC enabled" value="1" />
  <attribute name= "numThreadsSpecified" value="8" />
  <attribute name="heapSize specified" value="0" />
  <attribute name="Current GC Util" value="126" />
  <attribute name= "Current Time Running" value="3881" />
  <attribute name ="GC Interval" value="0" />
  <attribute name="Target GC Util Change" value ="40.000000" />
  <attribute name="Current GC Util Change" value="126.000000"/>
  <attribute name="Current Error" value="-80.000000" />
  <attribute name="Output H" value="317794120"/>
  <attribute name="Output I" value="1920"/>
  <attribute name="Output T" value="8"/>
  <attribute name= "Current Time Running" value="3881" />
  <attribute name="GC Util currently" value="126" />
  <attribute name="CPU Util currently" value="8247023364511" />
<exclusive-end id="1445" timestamp="2019-09-21T18:42:57.692" durationms="5.261" />

<exclusive-start id="1446" timestamp="2019-09-21T18:42:57.716" intervalms="29.403">
  <response-info timems="0.059" idlems="0.059" threads="0" lastid="00000000027E1B00" lastname="Thread-17" />
</exclusive-start>
<allocation-taxation id="1447" taxation-threshold="84934656" timestamp="2019-09-21T18:42:57.717" intervalms="29.331" />
<cycle-start id="1448" type="partial gc" contextid="0" timestamp="2019-09-21T18:42:57.717" intervalms="29.238" />
<gc-start id="1449" type="partial gc" contextid="1448" timestamp="2019-09-21T18:42:57.717">
  <mem-info id="1450" free="105906176" total="317718528" percent="33">
    <mem type="eden" free="0" total="84934656" percent="0" />
    <arraylet-primitive objects="2" leaves="2" largest="1" />
    <remembered-set count="58816" freebytes="12447104" totalbytes="12682368" percent="98" regionsoverflowed="0" regionsstable="4" regionsrebuilding="0"/>
  </mem-info>
</gc-start>
<allocation-stats totalBytes="84924152" >
  <allocated-bytes non-tlh="0" tlh="84924152" arrayletleaf="0"/>
  <largest-consumer threadName="Thread-11" threadId="00000000027DA300" bytes="14612656" />
</allocation-stats>
<gc-op id="1451" type="copy forward" timems="2.258" contextid="1448" timestamp="2019-09-21T18:42:57.720">
  <memory-copied type="eden" objects="15574" bytes="651424" bytesdiscarded="50440" />
  <memory-copied type="other" objects="31451" bytes="1445784" bytesdiscarded="121368" />
  <memory-cardclean objects="48" bytes="5240" />
  <regions eden="81" other="6" />
  <remembered-set-cleared processed="44228" cleared="2218" durationms="0.223" />
  <stringconstants candidates="4597" cleared="0"  />
</gc-op>
<gc-op id="1452" type="classunload" timems="0.002" contextid="1448" timestamp="2019-09-21T18:42:57.720">
  <classunload-info classloadercandidates="8" classloadersunloaded="0" classesunloaded="0" anonymousclassesunloaded="0" quiescems="0.000" setupms="0.002" scanms="0.000" postms="0.000" />
</gc-op>
<gc-end id="1453" type="partial gc" contextid="1448" durationms="3.393" usertimems="12.000" systemtimems="0.000" timestamp="2019-09-21T18:42:57.721" activeThreads="8">
  <mem-info id="1454" free="190840832" total="317718528" percent="60">
    <mem type="eden" free="346712" total="1048576" percent="33" />
    <arraylet-primitive objects="2" leaves="2" largest="1" />
    <remembered-set count="58144" freebytes="12449792" totalbytes="12682368" percent="98" regionsoverflowed="0" regionsstable="4" regionsrebuilding="0"/>
  </mem-info>
</gc-end>
<cycle-end id="1455" type="partial gc" contextid="1448" timestamp="2019-09-21T18:42:57.721" />
  <attribute name="elasticGC enabled" value="1" />
  <attribute name= "numThreadsSpecified" value="8" />
  <attribute name="heapSize specified" value="0" />
  <attribute name="Current GC Util" value="134" />
  <attribute name= "Current Time Running" value="3910" />
  <attribute name ="GC Interval" value="0" />
  <attribute name="Target GC Util Change" value ="40.000000" />
  <attribute name="Current GC Util Change" value="134.000000"/>
  <attribute name="Current Error" value="-180.000000" />
  <attribute name="Output H" value="317794008"/>
  <attribute name="Output I" value="1808"/>
  <attribute name="Output T" value="8"/>
  <attribute name= "Current Time Running" value="3910" />
  <attribute name="GC Util currently" value="134" />
  <attribute name="CPU Util currently" value="7124297459595" />
<exclusive-end id="1456" timestamp="2019-09-21T18:42:57.721" durationms="4.386" />

<exclusive-start id="1457" timestamp="2019-09-21T18:42:57.746" intervalms="29.109">
  <response-info timems="0.042" idlems="0.042" threads="0" lastid="00000000027CEF00" lastname="Thread-13" />
</exclusive-start>
<allocation-taxation id="1458" taxation-threshold="84934656" timestamp="2019-09-21T18:42:57.746" intervalms="29.082" />
<cycle-start id="1459" type="partial gc" contextid="0" timestamp="2019-09-21T18:42:57.746" intervalms="29.033" />
<gc-start id="1460" type="partial gc" contextid="1459" timestamp="2019-09-21T18:42:57.746">
  <mem-info id="1461" free="105906176" total="317718528" percent="33">
    <mem type="eden" free="0" total="84934656" percent="0" />
    <arraylet-primitive objects="2" leaves="2" largest="1" />
    <remembered-set count="58144" freebytes="12449792" totalbytes="12682368" percent="98" regionsoverflowed="0" regionsstable="4" regionsrebuilding="0"/>
  </mem-info>
</gc-start>
<allocation-stats totalBytes="84923360" >
  <allocated-bytes non-tlh="0" tlh="84923360" arrayletleaf="0"/>
  <largest-consumer threadName="Thread-12" threadId="00000000027D6700" bytes="14997720" />
</allocation-stats>
<gc-op id="1462" type="copy forward" timems="2.566" contextid="1459" timestamp="2019-09-21T18:42:57.750">
  <memory-copied type="eden" objects="18478" bytes="858840" bytesdiscarded="82216" />
  <memory-copied type="other" objects="29268" bytes="1389312" bytesdiscarded="90840" />
  <memory-cardclean objects="48" bytes="5240" />
  <regions eden="81" other="5" />
  <remembered-set-cleared processed="43792" cleared="1782" durationms="0.199" />
  <stringconstants candidates="4597" cleared="0"  />
</gc-op>
<gc-op id="1463" type="classunload" timems="0.002" contextid="1459" timestamp="2019-09-21T18:42:57.750">
  <classunload-info classloadercandidates="8" classloadersunloaded="0" classesunloaded="0" anonymousclassesunloaded="0" quiescems="0.000" setupms="0.002" scanms="0.000" postms="0.000" />
</gc-op>
<heap-resize id="1464" type="expand" space="default" amount="2097152" count="1" timems="0.076" reason="excessive time being spent in gc" timestamp="2019-09-21T18:42:57.750" />
<gc-end id="1465" type="partial gc" contextid="1459" durationms="3.801" usertimems="12.000" systemtimems="0.000" timestamp="2019-09-21T18:42:57.750" activeThreads="8">
  <mem-info id="1466" free="191889408" total="319815680" percent="60">
    <mem type="eden" free="107520" total="1048576" percent="10" />
    <arraylet-primitive objects="2" leaves="2" largest="1" />
    <remembered-set count="57632" freebytes="12535552" totalbytes="12766080" percent="98" regionsoverflowed="0" regionsstable="4" regionsrebuilding="0"/>
  </mem-info>
</gc-end>
<cycle-end id="1467" type="partial gc" contextid="1459" timestamp="2019-09-21T18:42:57.750" />
  <attribute name="elasticGC enabled" value="1" />
  <attribute name= "numThreadsSpecified" value="8" />
  <attribute name="heapSize specified" value="0" />
  <attribute name="Current GC Util" value="144" />
  <attribute name= "Current Time Running" value="3939" />
  <attribute name ="GC Interval" value="0" />
  <attribute name="Target GC Util Change" value ="40.000000" />
  <attribute name="Current GC Util Change" value="144.000000"/>
  <attribute name="Current Error" value="-285.000000" />
  <attribute name="Output H" value="317793880"/>
  <attribute name="Output I" value="1680"/>
  <attribute name="Output T" value="8"/>
  <attribute name= "Current Time Running" value="3939" />
  <attribute name="GC Util currently" value="144" />
  <attribute name="CPU Util currently" value="7977646507795" />
<exclusive-end id="1468" timestamp="2019-09-21T18:42:57.750" durationms="4.758" />

<exclusive-start id="1469" timestamp="2019-09-21T18:42:57.776" intervalms="30.847">
  <response-info timems="0.049" idlems="0.049" threads="0" lastid="00000000027D6700" lastname="Thread-12" />
</exclusive-start>
<allocation-taxation id="1470" taxation-threshold="85983232" timestamp="2019-09-21T18:42:57.777" intervalms="30.820" />
<cycle-start id="1471" type="partial gc" contextid="0" timestamp="2019-09-21T18:42:57.777" intervalms="30.788" />
<gc-start id="1472" type="partial gc" contextid="1471" timestamp="2019-09-21T18:42:57.777">
  <mem-info id="1473" free="105906176" total="319815680" percent="33">
    <mem type="eden" free="0" total="85983232" percent="0" />
    <arraylet-primitive objects="2" leaves="2" largest="1" />
    <remembered-set count="57152" freebytes="12537472" totalbytes="12766080" percent="98" regionsoverflowed="0" regionsstable="4" regionsrebuilding="0"/>
  </mem-info>
</gc-start>
<allocation-stats totalBytes="85971752" >
  <allocated-bytes non-tlh="0" tlh="85971752" arrayletleaf="0"/>
  <largest-consumer threadName="Thread-12" threadId="00000000027D6700" bytes="15501672" />
</allocation-stats>
<gc-op id="1474" type="copy forward" timems="3.123" contextid="1471" timestamp="2019-09-21T18:42:57.781">
  <memory-copied type="eden" objects="10630" bytes="396368" bytesdiscarded="52200" />
  <memory-copied type="other" objects="31149" bytes="1434456" bytesdiscarded="90480" />
  <memory-cardclean objects="6548" bytes="355256" />
  <regions eden="82" other="5" />
  <remembered-set-cleared processed="43699" cleared="1155" durationms="0.246" />
  <stringconstants candidates="4597" cleared="0"  />
</gc-op>
<gc-op id="1475" type="classunload" timems="0.003" contextid="1471" timestamp="2019-09-21T18:42:57.781">
  <classunload-info classloadercandidates="8" classloadersunloaded="0" classesunloaded="0" anonymousclassesunloaded="0" quiescems="0.000" setupms="0.002" scanms="0.000" postms="0.000" />
</gc-op>
<heap-resize id="1476" type="expand" space="default" amount="3145728" count="1" timems="0.079" reason="excessive time being spent in gc" timestamp="2019-09-21T18:42:57.781" />
<gc-end id="1477" type="partial gc" contextid="1471" durationms="4.422" usertimems="16.000" systemtimems="0.000" timestamp="2019-09-21T18:42:57.781" activeThreads="8">
  <mem-info id="1478" free="193986560" total="322961408" percent="60">
    <mem type="eden" free="600008" total="1048576" percent="57" />
    <arraylet-primitive objects="2" leaves="2" largest="1" />
    <remembered-set count="58560" freebytes="12657408" totalbytes="12891648" percent="98" regionsoverflowed="0" regionsstable="4" regionsrebuilding="0"/>
  </mem-info>
</gc-end>
<cycle-end id="1479" type="partial gc" contextid="1471" timestamp="2019-09-21T18:42:57.781" />
  <attribute name="elasticGC enabled" value="1" />
  <attribute name= "numThreadsSpecified" value="8" />
  <attribute name="heapSize specified" value="0" />
  <attribute name="Current GC Util" value="151" />
  <attribute name= "Current Time Running" value="3970" />
  <attribute name ="GC Interval" value="0" />
  <attribute name="Target GC Util Change" value ="40.000000" />
  <attribute name="Current GC Util Change" value="151.000000"/>
  <attribute name="Current Error" value="-112.000000" />
  <attribute name="Output H" value="319891232"/>
  <attribute name="Output I" value="1880"/>
  <attribute name="Output T" value="8"/>
  <attribute name= "Current Time Running" value="3970" />
  <attribute name="GC Util currently" value="151" />
  <attribute name="CPU Util currently" value="8023504941631" />
<exclusive-end id="1480" timestamp="2019-09-21T18:42:57.782" durationms="5.276" />

<exclusive-start id="1481" timestamp="2019-09-21T18:42:57.808" intervalms="31.872">
  <response-info timems="0.053" idlems="0.053" threads="0" lastid="00000000027D6700" lastname="Thread-12" />
</exclusive-start>
<allocation-taxation id="1482" taxation-threshold="85983232" timestamp="2019-09-21T18:42:57.808" intervalms="31.876" />
<cycle-start id="1483" type="partial gc" contextid="0" timestamp="2019-09-21T18:42:57.809" intervalms="31.980" />
<gc-start id="1484" type="partial gc" contextid="1483" timestamp="2019-09-21T18:42:57.809">
  <mem-info id="1485" free="108003328" total="322961408" percent="33">
    <mem type="eden" free="0" total="85983232" percent="0" />
    <arraylet-primitive objects="2" leaves="2" largest="1" />
    <remembered-set count="58176" freebytes="12658944" totalbytes="12891648" percent="98" regionsoverflowed="0" regionsstable="4" regionsrebuilding="0"/>
  </mem-info>
</gc-start>
<allocation-stats totalBytes="85972504" >
  <allocated-bytes non-tlh="0" tlh="85972504" arrayletleaf="0"/>
  <largest-consumer threadName="Thread-12" threadId="00000000027D6700" bytes="15370488" />
</allocation-stats>
<gc-op id="1486" type="copy forward" timems="2.381" contextid="1483" timestamp="2019-09-21T18:42:57.812">
  <memory-copied type="eden" objects="7553" bytes="259312" bytesdiscarded="16424" />
  <memory-copied type="other" objects="42848" bytes="1989984" bytesdiscarded="151568" />
  <memory-cardclean objects="48" bytes="5240" />
  <regions eden="82" other="6" />
  <remembered-set-cleared processed="44088" cleared="2078" durationms="0.193" />
  <stringconstants candidates="4597" cleared="0"  />
</gc-op>
<gc-op id="1487" type="classunload" timems="0.003" contextid="1483" timestamp="2019-09-21T18:42:57.813">
  <classunload-info classloadercandidates="8" classloadersunloaded="0" classesunloaded="0" anonymousclassesunloaded="0" quiescems="0.000" setupms="0.003" scanms="0.000" postms="0.000" />
</gc-op>
<heap-resize id="1488" type="expand" space="default" amount="2097152" count="1" timems="0.072" reason="excessive time being spent in gc" timestamp="2019-09-21T18:42:57.813" />
<gc-end id="1489" type="partial gc" contextid="1483" durationms="3.838" usertimems="16.000" systemtimems="0.000" timestamp="2019-09-21T18:42:57.813" activeThreads="8">
  <mem-info id="1490" free="195035136" total="325058560" percent="60">
    <mem type="eden" free="772840" total="1048576" percent="73" />
    <arraylet-primitive objects="2" leaves="2" largest="1" />
    <remembered-set count="58656" freebytes="12740736" totalbytes="12975360" percent="98" regionsoverflowed="0" regionsstable="4" regionsrebuilding="0"/>
  </mem-info>
</gc-end>
<cycle-end id="1491" type="partial gc" contextid="1483" timestamp="2019-09-21T18:42:57.813" />
  <attribute name="elasticGC enabled" value="1" />
  <attribute name= "numThreadsSpecified" value="8" />
  <attribute name="heapSize specified" value="0" />
  <attribute name="Current GC Util" value="135" />
  <attribute name= "Current Time Running" value="4002" />
  <attribute name ="GC Interval" value="0" />
  <attribute name="Target GC Util Change" value ="40.000000" />
  <attribute name="Current GC Util Change" value="135.000000"/>
  <attribute name="Current Error" value="-206.000000" />
  <attribute name="Output H" value="323036856"/>
  <attribute name="Output I" value="1776"/>
  <attribute name="Output T" value="8"/>
  <attribute name= "Current Time Running" value="4002" />
  <attribute name="GC Util currently" value="135" />
  <attribute name="CPU Util currently" value="7262200259496" />
<exclusive-end id="1492" timestamp="2019-09-21T18:42:57.813" durationms="4.951" />

<exclusive-start id="1493" timestamp="2019-09-21T18:42:57.841" intervalms="32.643">
  <response-info timems="0.047" idlems="0.047" threads="0" lastid="00000000027D6700" lastname="Thread-12" />
</exclusive-start>
<allocation-taxation id="1494" taxation-threshold="87031808" timestamp="2019-09-21T18:42:57.841" intervalms="32.642" />
<cycle-start id="1495" type="partial gc" contextid="0" timestamp="2019-09-21T18:42:57.841" intervalms="32.544" />
<gc-start id="1496" type="partial gc" contextid="1495" timestamp="2019-09-21T18:42:57.842">
  <mem-info id="1497" free="108003328" total="325058560" percent="33">
    <mem type="eden" free="0" total="87031808" percent="0" />
    <arraylet-primitive objects="2" leaves="2" largest="1" />
    <remembered-set count="58624" freebytes="12740864" totalbytes="12975360" percent="98" regionsoverflowed="0" regionsstable="4" regionsrebuilding="0"/>
  </mem-info>
</gc-start>
<allocation-stats totalBytes="87020240" >
  <allocated-bytes non-tlh="0" tlh="87020240" arrayletleaf="0"/>
  <largest-consumer threadName="Thread-16" threadId="00000000027DDF00" bytes="13473984" />
</allocation-stats>
<gc-op id="1498" type="copy forward" timems="3.286" contextid="1495" timestamp="2019-09-21T18:42:57.846">
  <memory-copied type="eden" objects="23107" bytes="970272" bytesdiscarded="48784" />
  <memory-copied type="other" objects="34906" bytes="1524624" bytesdiscarded="116688" />
  <memory-cardclean objects="3924" bytes="214352" />
  <regions eden="83" other="6" />
  <remembered-set-cleared processed="43680" cleared="1376" durationms="0.231" />
  <stringconstants candidates="4597" cleared="0"  />
</gc-op>
<gc-op id="1499" type="classunload" timems="0.003" contextid="1495" timestamp="2019-09-21T18:42:57.846">
  <classunload-info classloadercandidates="8" classloadersunloaded="0" classesunloaded="0" anonymousclassesunloaded="0" quiescems="0.000" setupms="0.003" scanms="0.000" postms="0.000" />
</gc-op>
<heap-resize id="1500" type="expand" space="default" amount="3145728" count="1" timems="0.087" reason="excessive time being spent in gc" timestamp="2019-09-21T18:42:57.846" />
<gc-end id="1501" type="partial gc" contextid="1495" durationms="4.552" usertimems="8.000" systemtimems="4.000" timestamp="2019-09-21T18:42:57.846" activeThreads="8">
  <mem-info id="1502" free="197132288" total="328204288" percent="60">
    <mem type="eden" free="29520" total="1048576" percent="2" />
    <arraylet-primitive objects="2" leaves="2" largest="1" />
    <remembered-set count="59744" freebytes="12861952" totalbytes="13100928" percent="98" regionsoverflowed="0" regionsstable="4" regionsrebuilding="0"/>
  </mem-info>
</gc-end>
<cycle-end id="1503" type="partial gc" contextid="1495" timestamp="2019-09-21T18:42:57.846" />
  <attribute name="elasticGC enabled" value="1" />
  <attribute name= "numThreadsSpecified" value="8" />
  <attribute name="heapSize specified" value="0" />
  <attribute name="Current GC Util" value="144" />
  <attribute name= "Current Time Running" value="4035" />
  <attribute name ="GC Interval" value="0" />
  <attribute name="Target GC Util Change" value ="40.000000" />
  <attribute name="Current GC Util Change" value="144.000000"/>
  <attribute name="Current Error" value="-309.000000" />
  <attribute name="Output H" value="325133888"/>
  <attribute name="Output I" value="1656"/>
  <attribute name="Output T" value="8"/>
  <attribute name= "Current Time Running" value="4035" />
  <attribute name="GC Util currently" value="144" />
  <attribute name="CPU Util currently" value="7937388093896" />
<exclusive-end id="1504" timestamp="2019-09-21T18:42:57.846" durationms="5.387" />

<exclusive-start id="1505" timestamp="2019-09-21T18:42:57.875" intervalms="34.125">
  <response-info timems="0.062" idlems="0.062" threads="0" lastid="00000000027E5700" lastname="Thread-14" />
</exclusive-start>
<allocation-taxation id="1506" taxation-threshold="88080384" timestamp="2019-09-21T18:42:57.875" intervalms="34.118" />
<cycle-start id="1507" type="partial gc" contextid="0" timestamp="2019-09-21T18:42:57.875" intervalms="34.104" />
<gc-start id="1508" type="partial gc" contextid="1507" timestamp="2019-09-21T18:42:57.876">
  <mem-info id="1509" free="109051904" total="328204288" percent="33">
    <mem type="eden" free="0" total="88080384" percent="0" />
    <arraylet-primitive objects="2" leaves="2" largest="1" />
    <remembered-set count="59488" freebytes="12862976" totalbytes="13100928" percent="98" regionsoverflowed="0" regionsstable="4" regionsrebuilding="0"/>
  </mem-info>
</gc-start>
<allocation-stats totalBytes="88068648" >
  <allocated-bytes non-tlh="0" tlh="88068648" arrayletleaf="0"/>
  <largest-consumer threadName="Thread-12" threadId="00000000027D6700" bytes="14710904" />
</allocation-stats>
<gc-op id="1510" type="copy forward" timems="3.265" contextid="1507" timestamp="2019-09-21T18:42:57.880">
  <memory-copied type="eden" objects="20501" bytes="770504" bytesdiscarded="86376" />
  <memory-copied type="other" objects="42266" bytes="1838640" bytesdiscarded="90904" />
  <memory-cardclean objects="3342" bytes="186416" />
  <regions eden="84" other="5" />
  <remembered-set-cleared processed="44098" cleared="1592" durationms="0.217" />
  <stringconstants candidates="4597" cleared="0"  />
</gc-op>
<gc-op id="1511" type="classunload" timems="0.002" contextid="1507" timestamp="2019-09-21T18:42:57.880">
  <classunload-info classloadercandidates="8" classloadersunloaded="0" classesunloaded="0" anonymousclassesunloaded="0" quiescems="0.000" setupms="0.002" scanms="0.000" postms="0.000" />
</gc-op>
<heap-resize id="1512" type="expand" space="default" amount="2097152" count="1" timems="0.070" reason="excessive time being spent in gc" timestamp="2019-09-21T18:42:57.880" />
<gc-end id="1513" type="partial gc" contextid="1507" durationms="4.524" usertimems="8.000" systemtimems="4.000" timestamp="2019-09-21T18:42:57.880" activeThreads="8">
  <mem-info id="1514" free="198180864" total="330301440" percent="60">
    <mem type="eden" free="191696" total="1048576" percent="18" />
    <arraylet-primitive objects="2" leaves="2" largest="1" />
    <remembered-set count="59936" freebytes="12944896" totalbytes="13184640" percent="98" regionsoverflowed="0" regionsstable="4" regionsrebuilding="0"/>
  </mem-info>
</gc-end>
<cycle-end id="1515" type="partial gc" contextid="1507" timestamp="2019-09-21T18:42:57.880" />
  <attribute name="elasticGC enabled" value="1" />
  <attribute name= "numThreadsSpecified" value="8" />
  <attribute name="heapSize specified" value="0" />
  <attribute name="Current GC Util" value="145" />
  <attribute name= "Current Time Running" value="4069" />
  <attribute name ="GC Interval" value="0" />
  <attribute name="Target GC Util Change" value ="40.000000" />
  <attribute name="Current GC Util Change" value="145.000000"/>
  <attribute name="Current Error" value="-107.000000" />
  <attribute name="Output H" value="328279848"/>
  <attribute name="Output I" value="1888"/>
  <attribute name="Output T" value="8"/>
  <attribute name= "Current Time Running" value="4069" />
  <attribute name="GC Util currently" value="145" />
  <attribute name="CPU Util currently" value="8118422224184" />
<exclusive-end id="1516" timestamp="2019-09-21T18:42:57.880" durationms="5.365" />

<exclusive-start id="1517" timestamp="2019-09-21T18:42:57.907" intervalms="32.249">
  <response-info timems="0.048" idlems="0.048" threads="0" lastid="00000000027DDF00" lastname="Thread-16" />
</exclusive-start>
<allocation-taxation id="1518" taxation-threshold="88080384" timestamp="2019-09-21T18:42:57.907" intervalms="32.247" />
<cycle-start id="1519" type="partial gc" contextid="0" timestamp="2019-09-21T18:42:57.908" intervalms="32.280" />
<gc-start id="1520" type="partial gc" contextid="1519" timestamp="2019-09-21T18:42:57.908">
  <mem-info id="1521" free="110100480" total="330301440" percent="33">
    <mem type="eden" free="0" total="88080384" percent="0" />
    <arraylet-primitive objects="2" leaves="2" largest="1" />
    <remembered-set count="59680" freebytes="12945920" totalbytes="13184640" percent="98" regionsoverflowed="0" regionsstable="4" regionsrebuilding="0"/>
  </mem-info>
</gc-start>
<allocation-stats totalBytes="88067976" >
  <allocated-bytes non-tlh="0" tlh="88067976" arrayletleaf="0"/>
  <largest-consumer threadName="Thread-16" threadId="00000000027DDF00" bytes="15345632" />
</allocation-stats>
<gc-op id="1522" type="copy forward" timems="2.595" contextid="1519" timestamp="2019-09-21T18:42:57.911">
  <memory-copied type="eden" objects="23840" bytes="987648" bytesdiscarded="75264" />
  <memory-copied type="other" objects="35842" bytes="1547088" bytesdiscarded="125272" />
  <memory-cardclean objects="48" bytes="5240" />
  <regions eden="84" other="7" />
  <remembered-set-cleared processed="44280" cleared="2270" durationms="0.241" />
  <stringconstants candidates="4597" cleared="0"  />
</gc-op>
<gc-op id="1523" type="classunload" timems="0.003" contextid="1519" timestamp="2019-09-21T18:42:57.911">
  <classunload-info classloadercandidates="8" classloadersunloaded="0" classesunloaded="0" anonymousclassesunloaded="0" quiescems="0.000" setupms="0.003" scanms="0.000" postms="0.000" />
</gc-op>
<heap-resize id="1524" type="expand" space="default" amount="3145728" count="1" timems="0.077" reason="excessive time being spent in gc" timestamp="2019-09-21T18:42:57.912" />
<gc-end id="1525" type="partial gc" contextid="1519" durationms="3.872" usertimems="8.000" systemtimems="4.000" timestamp="2019-09-21T18:42:57.912" activeThreads="8">
  <mem-info id="1526" free="200278016" total="333447168" percent="60">
    <mem type="eden" free="1034240" total="2097152" percent="49" />
    <arraylet-primitive objects="2" leaves="2" largest="1" />
    <remembered-set count="58144" freebytes="13077632" totalbytes="13310208" percent="98" regionsoverflowed="0" regionsstable="4" regionsrebuilding="0"/>
  </mem-info>
</gc-end>
<cycle-end id="1527" type="partial gc" contextid="1519" timestamp="2019-09-21T18:42:57.912" />
  <attribute name="elasticGC enabled" value="1" />
  <attribute name= "numThreadsSpecified" value="8" />
  <attribute name="heapSize specified" value="0" />
  <attribute name="Current GC Util" value="142" />
  <attribute name= "Current Time Running" value="4101" />
  <attribute name ="GC Interval" value="0" />
  <attribute name="Target GC Util Change" value ="40.000000" />
  <attribute name="Current GC Util Change" value="142.000000"/>
  <attribute name="Current Error" value="-213.000000" />
  <attribute name="Output H" value="330376880"/>
  <attribute name="Output I" value="1768"/>
  <attribute name="Output T" value="8"/>
  <attribute name= "Current Time Running" value="4101" />
  <attribute name="GC Util currently" value="142" />
  <attribute name="CPU Util currently" value="8135321520418" />
<exclusive-end id="1528" timestamp="2019-09-21T18:42:57.912" durationms="4.785" />

<exclusive-start id="1529" timestamp="2019-09-21T18:42:57.940" intervalms="32.340">
  <response-info timems="0.047" idlems="0.047" threads="0" lastid="00000000027E9300" lastname="Thread-15" />
</exclusive-start>
<allocation-taxation id="1530" taxation-threshold="89128960" timestamp="2019-09-21T18:42:57.940" intervalms="32.357" />
<cycle-start id="1531" type="partial gc" contextid="0" timestamp="2019-09-21T18:42:57.940" intervalms="32.395" />
<gc-start id="1532" type="partial gc" contextid="1531" timestamp="2019-09-21T18:42:57.940">
  <mem-info id="1533" free="111149056" total="333447168" percent="33">
    <mem type="eden" free="0" total="89128960" percent="0" />
    <arraylet-primitive objects="2" leaves="2" largest="1" />
    <remembered-set count="57952" freebytes="13078400" totalbytes="13310208" percent="98" regionsoverflowed="0" regionsstable="4" regionsrebuilding="0"/>
  </mem-info>
</gc-start>
<allocation-stats totalBytes="89117016" >
  <allocated-bytes non-tlh="0" tlh="89117016" arrayletleaf="0"/>
  <largest-consumer threadName="Thread-16" threadId="00000000027DDF00" bytes="15714200" />
</allocation-stats>
<gc-op id="1534" type="copy forward" timems="3.112" contextid="1531" timestamp="2019-09-21T18:42:57.944">
  <memory-copied type="eden" objects="22048" bytes="945104" bytesdiscarded="103472" />
  <memory-copied type="other" objects="33988" bytes="1365216" bytesdiscarded="76776" />
  <memory-cardclean objects="3432" bytes="190736" />
  <regions eden="85" other="7" />
  <remembered-set-cleared processed="43421" cleared="1400" durationms="0.199" />
  <stringconstants candidates="4597" cleared="0"  />
</gc-op>
<gc-op id="1535" type="classunload" timems="0.003" contextid="1531" timestamp="2019-09-21T18:42:57.945">
  <classunload-info classloadercandidates="8" classloadersunloaded="0" classesunloaded="0" anonymousclassesunloaded="0" quiescems="0.000" setupms="0.003" scanms="0.000" postms="0.000" />
</gc-op>
<gc-end id="1536" type="partial gc" contextid="1531" durationms="4.358" usertimems="16.000" systemtimems="0.000" timestamp="2019-09-21T18:42:57.945" activeThreads="8">
  <mem-info id="1537" free="200278016" total="333447168" percent="60">
    <mem type="eden" free="0" total="1048576" percent="0" />
    <arraylet-primitive objects="2" leaves="2" largest="1" />
    <remembered-set count="58688" freebytes="13075456" totalbytes="13310208" percent="98" regionsoverflowed="0" regionsstable="4" regionsrebuilding="0"/>
  </mem-info>
</gc-end>
<cycle-end id="1538" type="partial gc" contextid="1531" timestamp="2019-09-21T18:42:57.945" />
  <attribute name="elasticGC enabled" value="1" />
  <attribute name= "numThreadsSpecified" value="8" />
  <attribute name="heapSize specified" value="0" />
  <attribute name="Current GC Util" value="144" />
  <attribute name= "Current Time Running" value="4134" />
  <attribute name ="GC Interval" value="0" />
  <attribute name="Target GC Util Change" value ="40.000000" />
  <attribute name="Current GC Util Change" value="144.000000"/>
  <attribute name="Current Error" value="-320.000000" />
  <attribute name="Output H" value="333522480"/>
  <attribute name="Output I" value="1640"/>
  <attribute name="Output T" value="8"/>
  <attribute name= "Current Time Running" value="4134" />
  <attribute name="GC Util currently" value="144" />
  <attribute name="CPU Util currently" value="8122969525451" />
<exclusive-end id="1539" timestamp="2019-09-21T18:42:57.945" durationms="5.293" />

<exclusive-start id="1540" timestamp="2019-09-21T18:42:57.972" intervalms="32.808">
  <response-info timems="0.100" idlems="0.100" threads="0" lastid="00000000027E5700" lastname="Thread-14" />
</exclusive-start>
<allocation-taxation id="1541" taxation-threshold="89128960" timestamp="2019-09-21T18:42:57.973" intervalms="32.833" />
<cycle-start id="1542" type="partial gc" contextid="0" timestamp="2019-09-21T18:42:57.973" intervalms="32.803" />
<gc-start id="1543" type="partial gc" contextid="1542" timestamp="2019-09-21T18:42:57.973">
  <mem-info id="1544" free="111149056" total="333447168" percent="33">
    <mem type="eden" free="0" total="89128960" percent="0" />
    <arraylet-primitive objects="2" leaves="2" largest="1" />
    <remembered-set count="58624" freebytes="13075712" totalbytes="13310208" percent="98" regionsoverflowed="0" regionsstable="4" regionsrebuilding="0"/>
  </mem-info>
</gc-start>
<allocation-stats totalBytes="89117168" >
  <allocated-bytes non-tlh="0" tlh="89117168" arrayletleaf="0"/>
  <largest-consumer threadName="Thread-16" threadId="00000000027DDF00" bytes="15828720" />
</allocation-stats>
<gc-op id="1545" type="copy forward" timems="3.784" contextid="1542" timestamp="2019-09-21T18:42:57.978">
  <memory-copied type="eden" objects="25762" bytes="1058024" bytesdiscarded="72216" />
  <memory-copied type="other" objects="22118" bytes="805584" bytesdiscarded="46880" />
  <memory-cardclean objects="11147" bytes="598688" />
  <regions eden="85" other="5" />
  <remembered-set-cleared processed="44571" cleared="1973" durationms="0.212" />
  <stringconstants candidates="4597" cleared="0"  />
</gc-op>
<gc-op id="1546" type="classunload" timems="0.003" contextid="1542" timestamp="2019-09-21T18:42:57.978">
  <classunload-info classloadercandidates="8" classloadersunloaded="0" classesunloaded="0" anonymousclassesunloaded="0" quiescems="0.000" setupms="0.002" scanms="0.000" postms="0.000" />
</gc-op>
<heap-resize id="1547" type="expand" space="default" amount="5242880" count="1" timems="0.093" reason="excessive time being spent in gc" timestamp="2019-09-21T18:42:57.978" />
<gc-end id="1548" type="partial gc" contextid="1542" durationms="5.035" usertimems="12.000" systemtimems="4.000" timestamp="2019-09-21T18:42:57.978" activeThreads="8">
  <mem-info id="1549" free="203423744" total="338690048" percent="60">
    <mem type="eden" free="966912" total="2097152" percent="46" />
    <arraylet-primitive objects="2" leaves="2" largest="1" />
    <remembered-set count="61376" freebytes="13273984" totalbytes="13519488" percent="98" regionsoverflowed="0" regionsstable="4" regionsrebuilding="0"/>
  </mem-info>
</gc-end>
<cycle-end id="1550" type="partial gc" contextid="1542" timestamp="2019-09-21T18:42:57.978" />
  <attribute name="elasticGC enabled" value="1" />
  <attribute name= "numThreadsSpecified" value="8" />
  <attribute name="heapSize specified" value="0" />
  <attribute name="Current GC Util" value="139" />
  <attribute name= "Current Time Running" value="4166" />
  <attribute name ="GC Interval" value="0" />
  <attribute name="Target GC Util Change" value ="40.000000" />
  <attribute name="Current GC Util Change" value="139.000000"/>
  <attribute name="Current Error" value="-102.000000" />
  <attribute name="Output H" value="333522736"/>
  <attribute name="Output I" value="1896"/>
  <attribute name="Output T" value="8"/>
  <attribute name= "Current Time Running" value="4166" />
  <attribute name="GC Util currently" value="139" />
  <attribute name="CPU Util currently" value="7674529179513" />
<exclusive-end id="1551" timestamp="2019-09-21T18:42:57.978" durationms="5.994" />

<exclusive-start id="1552" timestamp="2019-09-21T18:42:58.006" intervalms="33.322">
  <response-info timems="0.051" idlems="0.051" threads="0" lastid="00000000027DDF00" lastname="Thread-16" />
</exclusive-start>
<allocation-taxation id="1553" taxation-threshold="90177536" timestamp="2019-09-21T18:42:58.006" intervalms="33.332" />
<cycle-start id="1554" type="partial gc" contextid="0" timestamp="2019-09-21T18:42:58.006" intervalms="33.370" />
<gc-start id="1555" type="partial gc" contextid="1554" timestamp="2019-09-21T18:42:58.007">
  <mem-info id="1556" free="113246208" total="338690048" percent="33">
    <mem type="eden" free="0" total="90177536" percent="0" />
    <arraylet-primitive objects="2" leaves="2" largest="1" />
    <remembered-set count="61152" freebytes="13274880" totalbytes="13519488" percent="98" regionsoverflowed="0" regionsstable="4" regionsrebuilding="0"/>
  </mem-info>
</gc-start>
<allocation-stats totalBytes="90165704" >
  <allocated-bytes non-tlh="0" tlh="90165704" arrayletleaf="0"/>
  <largest-consumer threadName="Thread-16" threadId="00000000027DDF00" bytes="14829712" />
</allocation-stats>
<gc-op id="1557" type="copy forward" timems="3.172" contextid="1554" timestamp="2019-09-21T18:42:58.011">
  <memory-copied type="eden" objects="47181" bytes="1797576" bytesdiscarded="109928" />
  <memory-copied type="other" objects="18200" bytes="736320" bytesdiscarded="101624" />
  <memory-cardclean objects="8380" bytes="428240" />
  <regions eden="86" other="6" />
  <remembered-set-cleared processed="45343" cleared="3227" durationms="0.217" />
  <stringconstants candidates="4597" cleared="0"  />
</gc-op>
<gc-op id="1558" type="classunload" timems="0.003" contextid="1554" timestamp="2019-09-21T18:42:58.011">
  <classunload-info classloadercandidates="8" classloadersunloaded="0" classesunloaded="0" anonymousclassesunloaded="0" quiescems="0.000" setupms="0.003" scanms="0.000" postms="0.000" />
</gc-op>
<heap-resize id="1559" type="expand" space="default" amount="2097152" count="1" timems="0.074" reason="excessive time being spent in gc" timestamp="2019-09-21T18:42:58.011" />
<gc-end id="1560" type="partial gc" contextid="1554" durationms="4.577" usertimems="16.000" systemtimems="0.000" timestamp="2019-09-21T18:42:58.011" activeThreads="8">
  <mem-info id="1561" free="204472320" total="340787200" percent="60">
    <mem type="eden" free="189648" total="2097152" percent="9" />
    <arraylet-primitive objects="2" leaves="2" largest="1" />
    <remembered-set count="61088" freebytes="13358848" totalbytes="13603200" percent="98" regionsoverflowed="0" regionsstable="4" regionsrebuilding="0"/>
  </mem-info>
</gc-end>
<cycle-end id="1562" type="partial gc" contextid="1554" timestamp="2019-09-21T18:42:58.011" />
  <attribute name="elasticGC enabled" value="1" />
  <attribute name= "numThreadsSpecified" value="8" />
  <attribute name="heapSize specified" value="0" />
  <attribute name="Current GC Util" value="117" />
  <attribute name= "Current Time Running" value="4200" />
  <attribute name ="GC Interval" value="0" />
  <attribute name="Target GC Util Change" value ="40.000000" />
  <attribute name="Current GC Util Change" value="117.000000"/>
  <attribute name="Current Error" value="-185.000000" />
  <attribute name="Output H" value="338765520"/>
  <attribute name="Output I" value="1800"/>
  <attribute name="Output T" value="8"/>
  <attribute name= "Current Time Running" value="4200" />
  <attribute name="GC Util currently" value="117" />
  <attribute name="CPU Util currently" value="6432439416032" />
<exclusive-end id="1563" timestamp="2019-09-21T18:42:58.011" durationms="5.647" />

<exclusive-start id="1564" timestamp="2019-09-21T18:42:58.039" intervalms="33.458">
  <response-info timems="0.060" idlems="0.059" threads="1" lastid="00000000027D2B00" lastname="Thread-18" />
</exclusive-start>
<allocation-taxation id="1565" taxation-threshold="91226112" timestamp="2019-09-21T18:42:58.039" intervalms="33.399" />
<cycle-start id="1566" type="partial gc" contextid="0" timestamp="2019-09-21T18:42:58.040" intervalms="33.314" />
<gc-start id="1567" type="partial gc" contextid="1566" timestamp="2019-09-21T18:42:58.040">
  <mem-info id="1568" free="113246208" total="340787200" percent="33">
    <mem type="eden" free="0" total="91226112" percent="0" />
    <arraylet-primitive objects="2" leaves="2" largest="1" />
    <remembered-set count="60992" freebytes="13359232" totalbytes="13603200" percent="98" regionsoverflowed="0" regionsstable="4" regionsrebuilding="0"/>
  </mem-info>
</gc-start>
<allocation-stats totalBytes="91213672" >
  <allocated-bytes non-tlh="0" tlh="91213672" arrayletleaf="0"/>
  <largest-consumer threadName="Thread-12" threadId="00000000027D6700" bytes="14456912" />
</allocation-stats>
<gc-op id="1569" type="copy forward" timems="3.219" contextid="1566" timestamp="2019-09-21T18:42:58.044">
  <memory-copied type="eden" objects="47838" bytes="1975240" bytesdiscarded="99600" />
  <memory-copied type="other" objects="10102" bytes="379824" bytesdiscarded="13592" />
  <memory-cardclean objects="3924" bytes="191288" />
  <regions eden="87" other="7" />
  <remembered-set-cleared processed="44809" cleared="2593" durationms="0.244" />
  <stringconstants candidates="4597" cleared="0"  />
</gc-op>
<gc-op id="1570" type="classunload" timems="0.003" contextid="1566" timestamp="2019-09-21T18:42:58.044">
  <classunload-info classloadercandidates="8" classloadersunloaded="0" classesunloaded="0" anonymousclassesunloaded="0" quiescems="0.000" setupms="0.003" scanms="0.000" postms="0.000" />
</gc-op>
<heap-resize id="1571" type="expand" space="default" amount="5242880" count="1" timems="0.088" reason="excessive time being spent in gc" timestamp="2019-09-21T18:42:58.044" />
<gc-end id="1572" type="partial gc" contextid="1566" durationms="4.472" usertimems="12.000" systemtimems="4.000" timestamp="2019-09-21T18:42:58.044" activeThreads="8">
  <mem-info id="1573" free="207618048" total="346030080" percent="60">
    <mem type="eden" free="1070888" total="3145728" percent="34" />
    <arraylet-primitive objects="2" leaves="2" largest="1" />
    <remembered-set count="57920" freebytes="13580800" totalbytes="13812480" percent="98" regionsoverflowed="0" regionsstable="4" regionsrebuilding="0"/>
  </mem-info>
</gc-end>
<cycle-end id="1574" type="partial gc" contextid="1566" timestamp="2019-09-21T18:42:58.044" />
  <attribute name="elasticGC enabled" value="1" />
  <attribute name= "numThreadsSpecified" value="8" />
  <attribute name="heapSize specified" value="0" />
  <attribute name="Current GC Util" value="143" />
  <attribute name= "Current Time Running" value="4233" />
  <attribute name ="GC Interval" value="0" />
  <attribute name="Target GC Util Change" value ="40.000000" />
  <attribute name="Current GC Util Change" value="143.000000"/>
  <attribute name="Current Error" value="-297.000000" />
  <attribute name="Output H" value="340862544"/>
  <attribute name="Output I" value="1672"/>
  <attribute name="Output T" value="8"/>
  <attribute name= "Current Time Running" value="4233" />
  <attribute name="GC Util currently" value="143" />
  <attribute name="CPU Util currently" value="7896857787626" />
<exclusive-end id="1575" timestamp="2019-09-21T18:42:58.045" durationms="5.275" />

<exclusive-start id="1576" timestamp="2019-09-21T18:42:58.075" intervalms="35.515">
  <response-info timems="0.094" idlems="0.094" threads="0" lastid="00000000027DA300" lastname="Thread-11" />
</exclusive-start>
<allocation-taxation id="1577" taxation-threshold="92274688" timestamp="2019-09-21T18:42:58.075" intervalms="35.520" />
<cycle-start id="1578" type="partial gc" contextid="0" timestamp="2019-09-21T18:42:58.075" intervalms="35.543" />
<gc-start id="1579" type="partial gc" contextid="1578" timestamp="2019-09-21T18:42:58.075">
  <mem-info id="1580" free="115343360" total="346030080" percent="33">
    <mem type="eden" free="0" total="92274688" percent="0" />
    <arraylet-primitive objects="2" leaves="2" largest="1" />
    <remembered-set count="57536" freebytes="13582336" totalbytes="13812480" percent="98" regionsoverflowed="0" regionsstable="4" regionsrebuilding="0"/>
  </mem-info>
</gc-start>
<allocation-stats totalBytes="92261560" >
  <allocated-bytes non-tlh="0" tlh="92261560" arrayletleaf="0"/>
  <largest-consumer threadName="Thread-16" threadId="00000000027DDF00" bytes="15456120" />
</allocation-stats>
<gc-op id="1581" type="copy forward" timems="2.630" contextid="1578" timestamp="2019-09-21T18:42:58.079">
  <memory-copied type="eden" objects="49541" bytes="2153888" bytesdiscarded="105552" />
  <memory-copied type="other" objects="6503" bytes="293448" bytesdiscarded="22368" />
  <memory-cardclean objects="48" bytes="5240" />
  <regions eden="88" other="7" />
  <remembered-set-cleared processed="43849" cleared="1839" durationms="0.200" />
  <stringconstants candidates="4597" cleared="0"  />
</gc-op>
<gc-op id="1582" type="classunload" timems="0.002" contextid="1578" timestamp="2019-09-21T18:42:58.079">
  <classunload-info classloadercandidates="8" classloadersunloaded="0" classesunloaded="0" anonymousclassesunloaded="0" quiescems="0.000" setupms="0.002" scanms="0.000" postms="0.000" />
</gc-op>
<heap-resize id="1583" type="expand" space="default" amount="3145728" count="1" timems="0.079" reason="excessive time being spent in gc" timestamp="2019-09-21T18:42:58.079" />
<gc-end id="1584" type="partial gc" contextid="1578" durationms="3.947" usertimems="12.000" systemtimems="0.000" timestamp="2019-09-21T18:42:58.079" activeThreads="8">
  <mem-info id="1585" free="209715200" total="349175808" percent="60">
    <mem type="eden" free="886288" total="3145728" percent="28" />
    <arraylet-primitive objects="2" leaves="2" largest="1" />
    <remembered-set count="58144" freebytes="13705472" totalbytes="13938048" percent="98" regionsoverflowed="0" regionsstable="4" regionsrebuilding="0"/>
  </mem-info>
</gc-end>
<cycle-end id="1586" type="partial gc" contextid="1578" timestamp="2019-09-21T18:42:58.079" />
  <attribute name="elasticGC enabled" value="1" />
  <attribute name= "numThreadsSpecified" value="8" />
  <attribute name="heapSize specified" value="0" />
  <attribute name="Current GC Util" value="132" />
  <attribute name= "Current Time Running" value="4269" />
  <attribute name ="GC Interval" value="0" />
  <attribute name="Target GC Util Change" value ="40.000000" />
  <attribute name="Current GC Util Change" value="132.000000"/>
  <attribute name="Current Error" value="-93.000000" />
  <attribute name="Output H" value="346105656"/>
  <attribute name="Output I" value="1904"/>
  <attribute name="Output T" value="8"/>
  <attribute name= "Current Time Running" value="4269" />
  <attribute name="GC Util currently" value="132" />
  <attribute name="CPU Util currently" value="7769248358306" />
<exclusive-end id="1587" timestamp="2019-09-21T18:42:58.080" durationms="4.778" />

<exclusive-start id="1588" timestamp="2019-09-21T18:42:58.110" intervalms="35.102">
  <response-info timems="0.050" idlems="0.050" threads="0" lastid="00000000027CEF00" lastname="Thread-13" />
</exclusive-start>
<allocation-taxation id="1589" taxation-threshold="93323264" timestamp="2019-09-21T18:42:58.110" intervalms="35.103" />
<cycle-start id="1590" type="partial gc" contextid="0" timestamp="2019-09-21T18:42:58.110" intervalms="35.084" />
<gc-start id="1591" type="partial gc" contextid="1590" timestamp="2019-09-21T18:42:58.110">
  <mem-info id="1592" free="116391936" total="349175808" percent="33">
    <mem type="eden" free="0" total="93323264" percent="0" />
    <arraylet-primitive objects="2" leaves="2" largest="1" />
    <remembered-set count="57888" freebytes="13706496" totalbytes="13938048" percent="98" regionsoverflowed="0" regionsstable="4" regionsrebuilding="0"/>
  </mem-info>
</gc-start>
<allocation-stats totalBytes="93310576" >
  <allocated-bytes non-tlh="0" tlh="93310576" arrayletleaf="0"/>
  <largest-consumer threadName="Thread-16" threadId="00000000027DDF00" bytes="16537696" />
</allocation-stats>
<gc-op id="1593" type="copy forward" timems="2.571" contextid="1590" timestamp="2019-09-21T18:42:58.114">
  <memory-copied type="eden" objects="32527" bytes="1470000" bytesdiscarded="96496" />
  <memory-copied type="other" objects="11472" bytes="554160" bytesdiscarded="22184" />
  <memory-cardclean objects="1934" bytes="118832" />
  <regions eden="89" other="5" />
  <remembered-set-cleared processed="43930" cleared="965" durationms="0.213" />
  <stringconstants candidates="4597" cleared="0"  />
</gc-op>
<gc-op id="1594" type="classunload" timems="0.003" contextid="1590" timestamp="2019-09-21T18:42:58.114">
  <classunload-info classloadercandidates="8" classloadersunloaded="0" classesunloaded="0" anonymousclassesunloaded="0" quiescems="0.000" setupms="0.003" scanms="0.000" postms="0.000" />
</gc-op>
<gc-end id="1595" type="partial gc" contextid="1590" durationms="3.651" usertimems="12.000" systemtimems="0.000" timestamp="2019-09-21T18:42:58.114" activeThreads="8">
  <mem-info id="1596" free="209715200" total="349175808" percent="60">
    <mem type="eden" free="530656" total="2097152" percent="25" />
    <arraylet-primitive objects="2" leaves="2" largest="1" />
    <remembered-set count="57728" freebytes="13707136" totalbytes="13938048" percent="98" regionsoverflowed="0" regionsstable="4" regionsrebuilding="0"/>
  </mem-info>
</gc-end>
<cycle-end id="1597" type="partial gc" contextid="1590" timestamp="2019-09-21T18:42:58.114" />
  <attribute name="elasticGC enabled" value="1" />
  <attribute name= "numThreadsSpecified" value="8" />
  <attribute name="heapSize specified" value="0" />
  <attribute name="Current GC Util" value="139" />
  <attribute name= "Current Time Running" value="4304" />
  <attribute name ="GC Interval" value="0" />
  <attribute name="Target GC Util Change" value ="40.000000" />
  <attribute name="Current GC Util Change" value="139.000000"/>
  <attribute name="Current Error" value="-189.000000" />
  <attribute name="Output H" value="349251272"/>
  <attribute name="Output I" value="1792"/>
  <attribute name="Output T" value="8"/>
  <attribute name= "Current Time Running" value="4304" />
  <attribute name="GC Util currently" value="139" />
  <attribute name="CPU Util currently" value="7449738270033" />
<exclusive-end id="1598" timestamp="2019-09-21T18:42:58.114" durationms="4.514" />

<exclusive-start id="1599" timestamp="2019-09-21T18:42:58.145" intervalms="34.774">
  <response-info timems="0.049" idlems="0.049" threads="0" lastid="00000000027DDF00" lastname="Thread-16" />
</exclusive-start>
<allocation-taxation id="1600" taxation-threshold="93323264" timestamp="2019-09-21T18:42:58.145" intervalms="34.779" />
<cycle-start id="1601" type="partial gc" contextid="0" timestamp="2019-09-21T18:42:58.145" intervalms="34.784" />
<gc-start id="1602" type="partial gc" contextid="1601" timestamp="2019-09-21T18:42:58.145">
  <mem-info id="1603" free="116391936" total="349175808" percent="33">
    <mem type="eden" free="0" total="93323264" percent="0" />
    <arraylet-primitive objects="2" leaves="2" largest="1" />
    <remembered-set count="57312" freebytes="13708800" totalbytes="13938048" percent="98" regionsoverflowed="0" regionsstable="4" regionsrebuilding="0"/>
  </mem-info>
</gc-start>
<allocation-stats totalBytes="93310576" >
  <allocated-bytes non-tlh="0" tlh="93310576" arrayletleaf="0"/>
  <largest-consumer threadName="Thread-16" threadId="00000000027DDF00" bytes="15906800" />
</allocation-stats>
<gc-op id="1604" type="copy forward" timems="2.608" contextid="1601" timestamp="2019-09-21T18:42:58.149">
  <memory-copied type="eden" objects="34207" bytes="1373400" bytesdiscarded="142960" />
  <memory-copied type="other" objects="21164" bytes="1057440" bytesdiscarded="79664" />
  <memory-cardclean objects="48" bytes="5240" />
  <regions eden="89" other="6" />
  <remembered-set-cleared processed="43723" cleared="1713" durationms="0.205" />
  <stringconstants candidates="4597" cleared="0"  />
</gc-op>
<gc-op id="1605" type="classunload" timems="0.003" contextid="1601" timestamp="2019-09-21T18:42:58.149">
  <classunload-info classloadercandidates="8" classloadersunloaded="0" classesunloaded="0" anonymousclassesunloaded="0" quiescems="0.000" setupms="0.003" scanms="0.000" postms="0.000" />
</gc-op>
<gc-end id="1606" type="partial gc" contextid="1601" durationms="3.746" usertimems="12.000" systemtimems="4.000" timestamp="2019-09-21T18:42:58.149" activeThreads="8">
  <mem-info id="1607" free="211812352" total="349175808" percent="60">
    <mem type="eden" free="580792" total="2097152" percent="27" />
    <arraylet-primitive objects="2" leaves="2" largest="1" />
    <remembered-set count="56096" freebytes="13713664" totalbytes="13938048" percent="98" regionsoverflowed="0" regionsstable="4" regionsrebuilding="0"/>
  </mem-info>
</gc-end>
<cycle-end id="1608" type="partial gc" contextid="1601" timestamp="2019-09-21T18:42:58.149" />
  <attribute name="elasticGC enabled" value="1" />
  <attribute name= "numThreadsSpecified" value="8" />
  <attribute name="heapSize specified" value="0" />
  <attribute name="Current GC Util" value="135" />
  <attribute name= "Current Time Running" value="4338" />
  <attribute name ="GC Interval" value="0" />
  <attribute name="Target GC Util Change" value ="40.000000" />
  <attribute name="Current GC Util Change" value="135.000000"/>
  <attribute name="Current Error" value="-279.000000" />
  <attribute name="Output H" value="349251168"/>
  <attribute name="Output I" value="1688"/>
  <attribute name="Output T" value="8"/>
  <attribute name= "Current Time Running" value="4338" />
  <attribute name="GC Util currently" value="135" />
  <attribute name="CPU Util currently" value="7599508895866" />
<exclusive-end id="1609" timestamp="2019-09-21T18:42:58.149" durationms="4.579" />

<exclusive-start id="1610" timestamp="2019-09-21T18:42:58.180" intervalms="35.016">
  <response-info timems="0.054" idlems="0.054" threads="0" lastid="00000000027E9300" lastname="Thread-15" />
</exclusive-start>
<allocation-taxation id="1611" taxation-threshold="93323264" timestamp="2019-09-21T18:42:58.180" intervalms="35.032" />
<cycle-start id="1612" type="partial gc" contextid="0" timestamp="2019-09-21T18:42:58.180" intervalms="35.121" />
<gc-start id="1613" type="partial gc" contextid="1612" timestamp="2019-09-21T18:42:58.180">
  <mem-info id="1614" free="118489088" total="349175808" percent="33">
    <mem type="eden" free="0" total="93323264" percent="0" />
    <arraylet-primitive objects="2" leaves="2" largest="1" />
    <remembered-set count="55808" freebytes="13714816" totalbytes="13938048" percent="98" regionsoverflowed="0" regionsstable="4" regionsrebuilding="0"/>
  </mem-info>
</gc-start>
<allocation-stats totalBytes="93310112" >
  <allocated-bytes non-tlh="0" tlh="93310112" arrayletleaf="0"/>
  <largest-consumer threadName="Thread-16" threadId="00000000027DDF00" bytes="15877864" />
</allocation-stats>
<gc-op id="1615" type="copy forward" timems="2.493" contextid="1612" timestamp="2019-09-21T18:42:58.184">
  <memory-copied type="eden" objects="27595" bytes="1076552" bytesdiscarded="93576" />
  <memory-copied type="other" objects="31251" bytes="1436904" bytesdiscarded="120064" />
  <memory-cardclean objects="48" bytes="5240" />
  <regions eden="89" other="6" />
  <remembered-set-cleared processed="42892" cleared="882" durationms="0.213" />
  <stringconstants candidates="4597" cleared="0"  />
</gc-op>
<gc-op id="1616" type="classunload" timems="0.003" contextid="1612" timestamp="2019-09-21T18:42:58.184">
  <classunload-info classloadercandidates="8" classloadersunloaded="0" classesunloaded="0" anonymousclassesunloaded="0" quiescems="0.000" setupms="0.003" scanms="0.000" postms="0.000" />
</gc-op>
<gc-end id="1617" type="partial gc" contextid="1612" durationms="3.731" usertimems="12.000" systemtimems="0.000" timestamp="2019-09-21T18:42:58.184" activeThreads="8">
  <mem-info id="1618" free="212860928" total="349175808" percent="60">
    <mem type="eden" free="927024" total="2097152" percent="44" />
    <arraylet-primitive objects="2" leaves="2" largest="1" />
    <remembered-set count="56096" freebytes="13713664" totalbytes="13938048" percent="98" regionsoverflowed="0" regionsstable="4" regionsrebuilding="0"/>
  </mem-info>
</gc-end>
<cycle-end id="1619" type="partial gc" contextid="1612" timestamp="2019-09-21T18:42:58.184" />
  <attribute name="elasticGC enabled" value="1" />
  <attribute name= "numThreadsSpecified" value="8" />
  <attribute name="heapSize specified" value="0" />
  <attribute name="Current GC Util" value="132" />
  <attribute name= "Current Time Running" value="4374" />
  <attribute name ="GC Interval" value="0" />
  <attribute name="Target GC Util Change" value ="40.000000" />
  <attribute name="Current GC Util Change" value="132.000000"/>
  <attribute name="Current Error" value="-89.000000" />
  <attribute name="Output H" value="349251392"/>
  <attribute name="Output I" value="1912"/>
  <attribute name="Output T" value="8"/>
  <attribute name= "Current Time Running" value="4374" />
  <attribute name="GC Util currently" value="132" />
  <attribute name="CPU Util currently" value="8124142922131" />
<exclusive-end id="1620" timestamp="2019-09-21T18:42:58.184" durationms="4.653" />

<exclusive-start id="1621" timestamp="2019-09-21T18:42:58.216" intervalms="35.852">
  <response-info timems="0.132" idlems="0.132" threads="0" lastid="00000000027DDF00" lastname="Thread-16" />
</exclusive-start>
<allocation-taxation id="1622" taxation-threshold="93323264" timestamp="2019-09-21T18:42:58.216" intervalms="35.865" />
<cycle-start id="1623" type="partial gc" contextid="0" timestamp="2019-09-21T18:42:58.216" intervalms="35.807" />
<gc-start id="1624" type="partial gc" contextid="1623" timestamp="2019-09-21T18:42:58.216">
  <mem-info id="1625" free="119537664" total="349175808" percent="34">
    <mem type="eden" free="0" total="93323264" percent="0" />
    <arraylet-primitive objects="2" leaves="2" largest="1" />
    <remembered-set count="55968" freebytes="13714176" totalbytes="13938048" percent="98" regionsoverflowed="0" regionsstable="4" regionsrebuilding="0"/>
  </mem-info>
</gc-start>
<allocation-stats totalBytes="93309856" >
  <allocated-bytes non-tlh="0" tlh="93309856" arrayletleaf="0"/>
  <largest-consumer threadName="Thread-16" threadId="00000000027DDF00" bytes="16177032" />
</allocation-stats>
<gc-op id="1626" type="copy forward" timems="2.641" contextid="1623" timestamp="2019-09-21T18:42:58.220">
  <memory-copied type="eden" objects="36638" bytes="1430960" bytesdiscarded="119128" />
  <memory-copied type="other" objects="25365" bytes="1158264" bytesdiscarded="47488" />
  <memory-cardclean objects="48" bytes="5240" />
  <regions eden="89" other="7" />
  <remembered-set-cleared processed="43164" cleared="1154" durationms="0.221" />
  <stringconstants candidates="4597" cleared="0"  />
</gc-op>
<gc-op id="1627" type="classunload" timems="0.003" contextid="1623" timestamp="2019-09-21T18:42:58.220">
  <classunload-info classloadercandidates="8" classloadersunloaded="0" classesunloaded="0" anonymousclassesunloaded="0" quiescems="0.000" setupms="0.003" scanms="0.000" postms="0.000" />
</gc-op>
<gc-end id="1628" type="partial gc" contextid="1623" durationms="3.931" usertimems="16.000" systemtimems="0.000" timestamp="2019-09-21T18:42:58.220" activeThreads="8">
  <mem-info id="1629" free="213909504" total="349175808" percent="61">
    <mem type="eden" free="547064" total="2097152" percent="26" />
    <arraylet-primitive objects="2" leaves="2" largest="1" />
    <remembered-set count="56608" freebytes="13711616" totalbytes="13938048" percent="98" regionsoverflowed="0" regionsstable="4" regionsrebuilding="0"/>
  </mem-info>
</gc-end>
<cycle-end id="1630" type="partial gc" contextid="1623" timestamp="2019-09-21T18:42:58.220" />
  <attribute name="elasticGC enabled" value="1" />
  <attribute name= "numThreadsSpecified" value="8" />
  <attribute name="heapSize specified" value="0" />
  <attribute name="Current GC Util" value="161" />
  <attribute name= "Current Time Running" value="4410" />
  <attribute name ="GC Interval" value="0" />
  <attribute name="Target GC Util Change" value ="40.000000" />
  <attribute name="Current GC Util Change" value="161.000000"/>
  <attribute name="Current Error" value="-207.000000" />
  <attribute name="Output H" value="349251256"/>
  <attribute name="Output I" value="1776"/>
  <attribute name="Output T" value="8"/>
  <attribute name= "Current Time Running" value="4410" />
  <attribute name="GC Util currently" value="161" />
  <attribute name="CPU Util currently" value="7456845303073" />
<exclusive-end id="1631" timestamp="2019-09-21T18:42:58.220" durationms="4.869" />

<exclusive-start id="1632" timestamp="2019-09-21T18:42:58.251" intervalms="35.761">
  <response-info timems="0.043" idlems="0.043" threads="0" lastid="00000000027DDF00" lastname="Thread-16" />
</exclusive-start>
<allocation-taxation id="1633" taxation-threshold="93323264" timestamp="2019-09-21T18:42:58.251" intervalms="35.757" />
<cycle-start id="1634" type="partial gc" contextid="0" timestamp="2019-09-21T18:42:58.252" intervalms="35.811" />
<gc-start id="1635" type="partial gc" contextid="1634" timestamp="2019-09-21T18:42:58.252">
  <mem-info id="1636" free="120586240" total="349175808" percent="34">
    <mem type="eden" free="0" total="93323264" percent="0" />
    <arraylet-primitive objects="2" leaves="2" largest="1" />
    <remembered-set count="56256" freebytes="13713024" totalbytes="13938048" percent="98" regionsoverflowed="0" regionsstable="4" regionsrebuilding="0"/>
  </mem-info>
</gc-start>
<allocation-stats totalBytes="93310336" >
  <allocated-bytes non-tlh="0" tlh="93310336" arrayletleaf="0"/>
  <largest-consumer threadName="Thread-16" threadId="00000000027DDF00" bytes="17196904" />
</allocation-stats>
<gc-op id="1637" type="copy forward" timems="2.645" contextid="1634" timestamp="2019-09-21T18:42:58.255">
  <memory-copied type="eden" objects="31344" bytes="1303888" bytesdiscarded="104016" />
  <memory-copied type="other" objects="26774" bytes="1192080" bytesdiscarded="61320" />
  <memory-cardclean objects="48" bytes="5240" />
  <regions eden="89" other="6" />
  <remembered-set-cleared processed="43274" cleared="1264" durationms="0.236" />
  <stringconstants candidates="4597" cleared="0"  />
</gc-op>
<gc-op id="1638" type="classunload" timems="0.003" contextid="1634" timestamp="2019-09-21T18:42:58.255">
  <classunload-info classloadercandidates="8" classloadersunloaded="0" classesunloaded="0" anonymousclassesunloaded="0" quiescems="0.000" setupms="0.003" scanms="0.000" postms="0.000" />
</gc-op>
<gc-end id="1639" type="partial gc" contextid="1634" durationms="3.787" usertimems="16.000" systemtimems="0.000" timestamp="2019-09-21T18:42:58.256" activeThreads="8">
  <mem-info id="1640" free="212860928" total="349175808" percent="60">
    <mem type="eden" free="689248" total="2097152" percent="32" />
    <arraylet-primitive objects="2" leaves="2" largest="1" />
    <remembered-set count="57632" freebytes="13707520" totalbytes="13938048" percent="98" regionsoverflowed="0" regionsstable="4" regionsrebuilding="0"/>
  </mem-info>
</gc-end>
<cycle-end id="1641" type="partial gc" contextid="1634" timestamp="2019-09-21T18:42:58.256" />
  <attribute name="elasticGC enabled" value="1" />
  <attribute name= "numThreadsSpecified" value="8" />
  <attribute name="heapSize specified" value="0" />
  <attribute name="Current GC Util" value="140" />
  <attribute name= "Current Time Running" value="4445" />
  <attribute name ="GC Interval" value="0" />
  <attribute name="Target GC Util Change" value ="40.000000" />
  <attribute name="Current GC Util Change" value="140.000000"/>
  <attribute name="Current Error" value="-306.000000" />
  <attribute name="Output H" value="349251136"/>
  <attribute name="Output I" value="1656"/>
  <attribute name="Output T" value="8"/>
  <attribute name= "Current Time Running" value="4445" />
  <attribute name="GC Util currently" value="140" />
  <attribute name="CPU Util currently" value="8134804901899" />
<exclusive-end id="1642" timestamp="2019-09-21T18:42:58.256" durationms="4.670" />

<exclusive-start id="1643" timestamp="2019-09-21T18:42:58.285" intervalms="33.957">
  <response-info timems="0.052" idlems="0.052" threads="0" lastid="00000000027CEF00" lastname="Thread-13" />
</exclusive-start>
<allocation-taxation id="1644" taxation-threshold="93323264" timestamp="2019-09-21T18:42:58.285" intervalms="33.969" />
<cycle-start id="1645" type="partial gc" contextid="0" timestamp="2019-09-21T18:42:58.286" intervalms="33.978" />
<gc-start id="1646" type="partial gc" contextid="1645" timestamp="2019-09-21T18:42:58.286">
  <mem-info id="1647" free="119537664" total="349175808" percent="34">
    <mem type="eden" free="0" total="93323264" percent="0" />
    <arraylet-primitive objects="2" leaves="2" largest="1" />
    <remembered-set count="57344" freebytes="13708672" totalbytes="13938048" percent="98" regionsoverflowed="0" regionsstable="4" regionsrebuilding="0"/>
  </mem-info>
</gc-start>
<allocation-stats totalBytes="93310056" >
  <allocated-bytes non-tlh="0" tlh="93310056" arrayletleaf="0"/>
  <largest-consumer threadName="Thread-16" threadId="00000000027DDF00" bytes="16422608" />
</allocation-stats>
<gc-op id="1648" type="copy forward" timems="2.556" contextid="1645" timestamp="2019-09-21T18:42:58.289">
  <memory-copied type="eden" objects="24651" bytes="1005984" bytesdiscarded="72568" />
  <memory-copied type="other" objects="24614" bytes="1144320" bytesdiscarded="68576" />
  <memory-cardclean objects="48" bytes="5240" />
  <regions eden="89" other="6" />
  <remembered-set-cleared processed="43371" cleared="1361" durationms="0.236" />
  <stringconstants candidates="4597" cleared="0"  />
</gc-op>
<gc-op id="1649" type="classunload" timems="0.003" contextid="1645" timestamp="2019-09-21T18:42:58.290">
  <classunload-info classloadercandidates="8" classloadersunloaded="0" classesunloaded="0" anonymousclassesunloaded="0" quiescems="0.000" setupms="0.003" scanms="0.000" postms="0.000" />
</gc-op>
<gc-end id="1650" type="partial gc" contextid="1645" durationms="3.808" usertimems="12.000" systemtimems="0.000" timestamp="2019-09-21T18:42:58.290" activeThreads="8">
  <mem-info id="1651" free="211812352" total="349175808" percent="60">
    <mem type="eden" free="1018600" total="2097152" percent="48" />
    <arraylet-primitive objects="2" leaves="2" largest="1" />
    <remembered-set count="57120" freebytes="13709568" totalbytes="13938048" percent="98" regionsoverflowed="0" regionsstable="4" regionsrebuilding="0"/>
  </mem-info>
</gc-end>
<cycle-end id="1652" type="partial gc" contextid="1645" timestamp="2019-09-21T18:42:58.290" />
  <attribute name="elasticGC enabled" value="1" />
  <attribute name= "numThreadsSpecified" value="8" />
  <attribute name="heapSize specified" value="0" />
  <attribute name="Current GC Util" value="144" />
  <attribute name= "Current Time Running" value="4479" />
  <attribute name ="GC Interval" value="0" />
  <attribute name="Target GC Util Change" value ="40.000000" />
  <attribute name="Current GC Util Change" value="144.000000"/>
  <attribute name="Current Error" value="-103.000000" />
  <attribute name="Output H" value="349251376"/>
  <attribute name="Output I" value="1896"/>
  <attribute name="Output T" value="8"/>
  <attribute name= "Current Time Running" value="4479" />
  <attribute name="GC Util currently" value="144" />
  <attribute name="CPU Util currently" value="7659869941071" />
<exclusive-end id="1653" timestamp="2019-09-21T18:42:58.290" durationms="4.822" />

<exclusive-start id="1654" timestamp="2019-09-21T18:42:58.318" intervalms="33.034">
  <response-info timems="0.082" idlems="0.082" threads="0" lastid="00000000027DDF00" lastname="Thread-16" />
</exclusive-start>
<allocation-taxation id="1655" taxation-threshold="93323264" timestamp="2019-09-21T18:42:58.319" intervalms="33.098" />
<cycle-start id="1656" type="partial gc" contextid="0" timestamp="2019-09-21T18:42:58.319" intervalms="33.109" />
<gc-start id="1657" type="partial gc" contextid="1656" timestamp="2019-09-21T18:42:58.319">
  <mem-info id="1658" free="118489088" total="349175808" percent="33">
    <mem type="eden" free="0" total="93323264" percent="0" />
    <arraylet-primitive objects="2" leaves="2" largest="1" />
    <remembered-set count="56960" freebytes="13710208" totalbytes="13938048" percent="98" regionsoverflowed="0" regionsstable="4" regionsrebuilding="0"/>
  </mem-info>
</gc-start>
<allocation-stats totalBytes="93310040" >
  <allocated-bytes non-tlh="0" tlh="93310040" arrayletleaf="0"/>
  <largest-consumer threadName="Thread-16" threadId="00000000027DDF00" bytes="16082752" />
</allocation-stats>
<gc-op id="1659" type="copy forward" timems="2.671" contextid="1656" timestamp="2019-09-21T18:42:58.323">
  <memory-copied type="eden" objects="24971" bytes="1014632" bytesdiscarded="107576" />
  <memory-copied type="other" objects="32855" bytes="1475400" bytesdiscarded="79352" />
  <memory-cardclean objects="48" bytes="5240" />
  <regions eden="89" other="6" />
  <remembered-set-cleared processed="43575" cleared="1565" durationms="0.238" />
  <stringconstants candidates="4597" cleared="0"  />
</gc-op>
<gc-op id="1660" type="classunload" timems="0.003" contextid="1656" timestamp="2019-09-21T18:42:58.323">
  <classunload-info classloadercandidates="8" classloadersunloaded="0" classesunloaded="0" anonymousclassesunloaded="0" quiescems="0.000" setupms="0.003" scanms="0.000" postms="0.000" />
</gc-op>
<gc-end id="1661" type="partial gc" contextid="1656" durationms="3.894" usertimems="12.000" systemtimems="4.000" timestamp="2019-09-21T18:42:58.323" activeThreads="8">
  <mem-info id="1662" free="210763776" total="349175808" percent="60">
    <mem type="eden" free="974944" total="2097152" percent="46" />
    <arraylet-primitive objects="2" leaves="2" largest="1" />
    <remembered-set count="58144" freebytes="13705472" totalbytes="13938048" percent="98" regionsoverflowed="0" regionsstable="4" regionsrebuilding="0"/>
  </mem-info>
</gc-end>
<cycle-end id="1663" type="partial gc" contextid="1656" timestamp="2019-09-21T18:42:58.323" />
  <attribute name="elasticGC enabled" value="1" />
  <attribute name= "numThreadsSpecified" value="8" />
  <attribute name="heapSize specified" value="0" />
  <attribute name="Current GC Util" value="116" />
  <attribute name= "Current Time Running" value="4512" />
  <attribute name ="GC Interval" value="0" />
  <attribute name="Target GC Util Change" value ="40.000000" />
  <attribute name="Current GC Util Change" value="116.000000"/>
  <attribute name="Current Error" value="-177.000000" />
  <attribute name="Output H" value="349251288"/>
  <attribute name="Output I" value="1808"/>
  <attribute name="Output T" value="8"/>
  <attribute name= "Current Time Running" value="4512" />
  <attribute name="GC Util currently" value="116" />
  <attribute name="CPU Util currently" value="6782150459661" />
<exclusive-end id="1664" timestamp="2019-09-21T18:42:58.323" durationms="5.047" />

<exclusive-start id="1665" timestamp="2019-09-21T18:42:58.351" intervalms="32.279">
  <response-info timems="0.097" idlems="0.097" threads="0" lastid="00000000027D6700" lastname="Thread-12" />
</exclusive-start>
<allocation-taxation id="1666" taxation-threshold="93323264" timestamp="2019-09-21T18:42:58.351" intervalms="32.185" />
<cycle-start id="1667" type="partial gc" contextid="0" timestamp="2019-09-21T18:42:58.351" intervalms="32.139" />
<gc-start id="1668" type="partial gc" contextid="1667" timestamp="2019-09-21T18:42:58.351">
  <mem-info id="1669" free="117440512" total="349175808" percent="33">
    <mem type="eden" free="0" total="93323264" percent="0" />
    <arraylet-primitive objects="2" leaves="2" largest="1" />
    <remembered-set count="57920" freebytes="13706368" totalbytes="13938048" percent="98" regionsoverflowed="0" regionsstable="4" regionsrebuilding="0"/>
  </mem-info>
</gc-start>
<allocation-stats totalBytes="93310600" >
  <allocated-bytes non-tlh="0" tlh="93310600" arrayletleaf="0"/>
  <largest-consumer threadName="Thread-16" threadId="00000000027DDF00" bytes="15320848" />
</allocation-stats>
<gc-op id="1670" type="copy forward" timems="2.551" contextid="1667" timestamp="2019-09-21T18:42:58.355">
  <memory-copied type="eden" objects="30636" bytes="1286952" bytesdiscarded="72800" />
  <memory-copied type="other" objects="29130" bytes="1248624" bytesdiscarded="69376" />
  <memory-cardclean objects="48" bytes="5240" />
  <regions eden="89" other="7" />
  <remembered-set-cleared processed="43778" cleared="1768" durationms="0.208" />
  <stringconstants candidates="4597" cleared="0"  />
</gc-op>
<gc-op id="1671" type="classunload" timems="0.003" contextid="1667" timestamp="2019-09-21T18:42:58.355">
  <classunload-info classloadercandidates="8" classloadersunloaded="0" classesunloaded="0" anonymousclassesunloaded="0" quiescems="0.000" setupms="0.003" scanms="0.000" postms="0.000" />
</gc-op>
<gc-end id="1672" type="partial gc" contextid="1667" durationms="3.832" usertimems="12.000" systemtimems="0.000" timestamp="2019-09-21T18:42:58.355" activeThreads="8">
  <mem-info id="1673" free="209715200" total="349175808" percent="60">
    <mem type="eden" free="737400" total="2097152" percent="35" />
    <arraylet-primitive objects="2" leaves="2" largest="1" />
    <remembered-set count="58144" freebytes="13705472" totalbytes="13938048" percent="98" regionsoverflowed="0" regionsstable="4" regionsrebuilding="0"/>
  </mem-info>
</gc-end>
<cycle-end id="1674" type="partial gc" contextid="1667" timestamp="2019-09-21T18:42:58.355" />
  <attribute name="elasticGC enabled" value="1" />
  <attribute name= "numThreadsSpecified" value="8" />
  <attribute name="heapSize specified" value="0" />
  <attribute name="Current GC Util" value="137" />
  <attribute name= "Current Time Running" value="4545" />
  <attribute name ="GC Interval" value="0" />
  <attribute name="Target GC Util Change" value ="40.000000" />
  <attribute name="Current GC Util Change" value="137.000000"/>
  <attribute name="Current Error" value="-276.000000" />
  <attribute name="Output H" value="349251176"/>
  <attribute name="Output I" value="1696"/>
  <attribute name="Output T" value="8"/>
  <attribute name= "Current Time Running" value="4545" />
  <attribute name="GC Util currently" value="137" />
  <attribute name="CPU Util currently" value="7608661754976" />
<exclusive-end id="1675" timestamp="2019-09-21T18:42:58.355" durationms="4.784" />

</verbosegc>

