<?xml version="1.0" ?>

<verbosegc xmlns="http://www.ibm.com/j9/verbosegc" version="10b4217_CMPRSS">

<initialized id="1" timestamp="2019-06-14T22:01:04.229">
  <attribute name="gcPolicy" value="-Xgcpolicy:optavgpause" />
  <attribute name="elasticGC enabled" value="1" />
  <attribute name= "numThreadsSpecified" value="0" />
  <attribute name="heapSize specified" value="0" />
  <attribute name="Current GC Util" value="0" />
  <attribute name= "Current Time Running" value="0" />
  <attribute name ="GC Interval" value="0" />
  <attribute name="ProportionalT" value="0.000000" />
  <attribute name="ProportionalI" value="0.000000" />
  <attribute name="ProportionalH" value="0.000000" />
  <attribute name="IntegralT" value="0.000000" />
  <attribute name="IntegralI" value="0.000000" />
  <attribute name="IntegralH" value="0.000000" />
  <attribute name="DerivativeT" value="0.000000" />
  <attribute name="DerivativeI" value="0.000000" />
  <attribute name="DerivativeH" value="0.000000" />
  <attribute name="Target GC Util Change" value ="0.000000" />
  <attribute name="Current GC Util Change" value="0.000000"/>
  <attribute name="Current Error" value="0.000000" />
  <attribute name="Loop Time for DT" value="0.000000" />
  <attribute name="Output H" value="0"/>
  <attribute name="Output I" value="0"/>
  <attribute name="Output T" value="0"/>
  <attribute name="GC Util currently" value="0" />
  <attribute name="CPU Util currently" value="0" />
  <attribute name="maxHeapSize" value="0x7cbc0000" />
  <attribute name="initialHeapSize" value="0x800000" />
  <attribute name="compressedRefs" value="true" />
  <attribute name="compressedRefsDisplacement" value="0x0" />
  <attribute name="compressedRefsShift" value="0x0" />
  <attribute name="pageSize" value="0x1000" />
  <attribute name="pageType" value="not used" />
  <attribute name="requestedPageSize" value="0x1000" />
  <attribute name="requestedPageType" value="not used" />
  <attribute name="gcthreads" value="4" />
  <attribute name="packetListSplit" value="4" />
  <attribute name="cacheListSplit" value="4" />
  <attribute name="splitFreeListSplitAmount" value="1" />
  <attribute name="numaNodes" value="0" />
  <system>
    <attribute name="physicalMemory" value="8370962432" />
    <attribute name="numCPUs" value="4" />
    <attribute name="architecture" value="amd64" />
    <attribute name="os" value="Linux" />
    <attribute name="osVersion" value="4.4.0-148-generic" />
  </system>
  <vmargs>
    <vmarg name="-Xoptionsfile=/vagrant/jdk/lib/options.default" />
    <vmarg name="-Xlockword:mode=default,noLockword=java/lang/String,noLockword=java/util/MapEntry,noLockword=java/util/HashMap$Entry,noLockword..." />
    <vmarg name="-Xjcl:jclse29" />
    <vmarg name="-Dcom.ibm.oti.vm.bootstrap.library.path=/vagrant/jdk/lib/compressedrefs:/vagrant/jdk/lib" />
    <vmarg name="-Dsun.boot.library.path=/vagrant/jdk/lib/compressedrefs:/vagrant/jdk/lib" />
    <vmarg name="-Djava.library.path=/vagrant/jdk/lib/compressedrefs:/vagrant/jdk/lib:/usr/lib64:/usr/lib" />
    <vmarg name="-Djava.home=/vagrant/jdk" />
    <vmarg name="-Duser.dir=/vagrant" />
    <vmarg name="-Xgcpolicy:optavgpause" />
    <vmarg name="-Xgcelastic" />
    <vmarg name="-Xcheck:gc:::elasticGC" />
    <vmarg name="-verbose:gc" />
    <vmarg name="-Xloggc:large-OPTAVGPAUSE-jdk0.5-1-0.5-verbose9xalan.txt" />
    <vmarg name="-Djava.class.path=dacapo-9.12-MR1-bach.jar" />
    <vmarg name="-Dsun.java.command=dacapo-9.12-MR1-bach.jar xalan --size=large" />
    <vmarg name="-Dsun.java.launcher=SUN_STANDARD" />
    <vmarg name="-Dsun.java.launcher.pid=24861" />
  </vmargs>
</initialized>

<exclusive-start id="2" timestamp="2019-06-14T22:01:04.953" intervalms="723.962">
  <response-info timems="0.027" idlems="0.027" threads="0" lastid="0000000002134700" lastname="main" />
</exclusive-start>
<af-start id="3" threadId="0000000002135088" totalBytesRequested="88" timestamp="2019-06-14T22:01:04.953" intervalms="724.248" />
<cycle-start id="4" type="global" contextid="0" timestamp="2019-06-14T22:01:04.953" intervalms="724.555" />
<gc-start id="5" type="global" contextid="4" timestamp="2019-06-14T22:01:04.954">
  <mem-info id="6" free="418816" total="8388608" percent="4">
    <mem type="tenure" free="418816" total="8388608" percent="4">
      <mem type="soa" free="0" total="7969792" percent="0" />
      <mem type="loa" free="418816" total="418816" percent="100" />
    </mem>
  </mem-info>
</gc-start>
<allocation-stats totalBytes="7882608" >
  <allocated-bytes non-tlh="758040" tlh="7124568" />
  <largest-consumer threadName="main" threadId="0000000002134700" bytes="7806040" />
</allocation-stats>
<gc-op id="7" type="mark" timems="1.862" contextid="4" timestamp="2019-06-14T22:01:04.956">
  <trace-info objectcount="21473" scancount="17497" scanbytes="560712" />
  <finalization candidates="15" enqueued="1" />
  <references type="soft" candidates="74" cleared="0" enqueued="0" dynamicThreshold="32" maxThreshold="32" />
  <references type="weak" candidates="575" cleared="432" enqueued="393" />
  <references type="phantom" candidates="127" cleared="44" enqueued="44" />
  <stringconstants candidates="2930" cleared="0"  />
</gc-op>
<gc-op id="8" type="classunload" timems="0.107" contextid="4" timestamp="2019-06-14T22:01:04.956">
  <classunload-info classloadercandidates="6" classloadersunloaded="0" classesunloaded="0" anonymousclassesunloaded="0" quiescems="0.000" setupms="0.107" scanms="0.000" postms="0.000" />
</gc-op>
<gc-op id="9" type="sweep" timems="0.787" contextid="4" timestamp="2019-06-14T22:01:04.957" />
<mem-info id="10" free="6520080" total="8388608" percent="77">
  <mem type="tenure" free="6520080" total="8388608" percent="77" micro-fragmented="307317">
    <mem type="soa" free="6101264" total="7969792" percent="76" />
    <mem type="loa" free="418816" total="418816" percent="100" />
  </mem>
  <pending-finalizers system="1" default="0" reference="437" classloader="0" />
</mem-info>
<gc-op id="11" type="compact" timems="4.809" contextid="4" timestamp="2019-06-14T22:01:04.962">
  <compact-info movecount="21472" movebytes="1537648" reason="compact to aid heap contraction" />
</gc-op>
<heap-resize id="12" type="expand" space="tenure" amount="2084241408" count="1" timems="0.253" reason="satisfy allocation request" timestamp="2019-06-14T22:01:04.963" />
<gc-end id="13" type="global" contextid="4" durationms="9.070" usertimems="12.000" systemtimems="0.000" timestamp="2019-06-14T22:01:04.963" activeThreads="4">
  <mem-info id="14" free="2091092192" total="2092630016" percent="99">
    <mem type="tenure" free="2091092192" total="2092630016" percent="99">
      <mem type="soa" free="1986460896" total="1987998720" percent="99" />
      <mem type="loa" free="104631296" total="104631296" percent="100" />
    </mem>
    <pending-finalizers system="1" default="0" reference="437" classloader="0" />
  </mem-info>
</gc-end>
<cycle-end id="15" type="global" contextid="4" timestamp="2019-06-14T22:01:04.963" />
  <attribute name="elasticGC enabled" value="1" />
  <attribute name= "numThreadsSpecified" value="4" />
  <attribute name="heapSize specified" value="8388608" />
  <attribute name="Current GC Util" value="28" />
  <attribute name= "Current Time Running" value="618" />
  <attribute name ="GC Interval" value="0" />
  <attribute name="ProportionalT" value="4.000000" />
  <attribute name="ProportionalI" value="4.000000" />
  <attribute name="ProportionalH" value="4.000000" />
  <attribute name="Current Error" value="8.000000" />
  <attribute name="IntegralT" value="-12001.000000" />
  <attribute name="IntegralI" value="-12001.000000" />
  <attribute name="IntegralH" value="-12001.000000" />
  <attribute name="DerivativeT" value="0.800000" />
  <attribute name="DerivativeI" value="0.800000" />
  <attribute name="DerivativeH" value="0.800000" />
  <attribute name="Loop Time for DT" value="5.000000" />
  <attribute name="Output H" value="2092630016"/>
  <attribute name="Output I" value="200"/>
  <attribute name="Output T" value="4"/>
  <attribute name="Target GC Util Change" value ="20.000000" />
  <attribute name="Current GC Util Change" value="28.000000"/>
  <attribute name="GC Util currently" value="28" />
  <attribute name="CPU Util currently" value="933554798122" />
<allocation-satisfied id="16" threadId="0000000002134700" bytesRequested="88" />
<af-end id="17" timestamp="2019-06-14T22:01:04.963" threadId="0000000002135088" success="true" />
<exclusive-end id="18" timestamp="2019-06-14T22:01:04.963" durationms="10.235" />

<exclusive-start id="19" timestamp="2019-06-14T22:01:05.157" intervalms="204.040">
  <response-info timems="0.130" idlems="0.130" threads="0" lastid="0000000002134700" lastname="main" />
</exclusive-start>
<sys-start reason="explicit" id="20" timestamp="2019-06-14T22:01:05.157" intervalms="928.087" />
<cycle-start id="21" type="global" contextid="0" timestamp="2019-06-14T22:01:05.157" intervalms="203.586" />
<gc-start id="22" type="global" contextid="21" timestamp="2019-06-14T22:01:05.157">
  <mem-info id="23" free="2085089480" total="2092630016" percent="99">
    <mem type="tenure" free="2085089480" total="2092630016" percent="99">
      <mem type="soa" free="1980458184" total="1987998720" percent="99" />
      <mem type="loa" free="104631296" total="104631296" percent="100" />
    </mem>
  </mem-info>
</gc-start>
<allocation-stats totalBytes="5994696" >
  <allocated-bytes non-tlh="137328" tlh="5857368" />
  <largest-consumer threadName="main" threadId="0000000002134700" bytes="5966288" />
</allocation-stats>
<gc-op id="24" type="mark" timems="7.548" contextid="21" timestamp="2019-06-14T22:01:05.166">
  <trace-info objectcount="29518" scancount="23886" scanbytes="871272" />
  <finalization candidates="15" enqueued="0" />
  <references type="soft" candidates="133" cleared="0" enqueued="0" dynamicThreshold="31" maxThreshold="32" />
  <references type="weak" candidates="178" cleared="33" enqueued="33" />
  <references type="phantom" candidates="85" cleared="2" enqueued="2" />
  <stringconstants candidates="3535" cleared="22"  />
</gc-op>
<gc-op id="25" type="classunload" timems="0.003" contextid="21" timestamp="2019-06-14T22:01:05.166">
  <classunload-info classloadercandidates="19" classloadersunloaded="0" classesunloaded="0" anonymousclassesunloaded="0" quiescems="0.993" setupms="0.002" scanms="0.000" postms="0.001" />
</gc-op>
<gc-op id="26" type="sweep" timems="1.885" contextid="21" timestamp="2019-06-14T22:01:05.168" />
<mem-info id="27" free="2090304192" total="2092630016" percent="99">
  <mem type="tenure" free="2090304192" total="2092630016" percent="99" micro-fragmented="286075">
    <mem type="soa" free="1985672896" total="1987998720" percent="99" />
    <mem type="loa" free="104631296" total="104631296" percent="100" />
  </mem>
  <pending-finalizers system="0" default="0" reference="35" classloader="0" />
</mem-info>
<gc-op id="28" type="compact" timems="15.775" contextid="21" timestamp="2019-06-14T22:01:05.184">
  <compact-info movecount="28770" movebytes="1934712" reason="compact to aid heap contraction" />
</gc-op>
<gc-end id="29" type="global" contextid="21" durationms="27.166" usertimems="32.000" systemtimems="8.000" timestamp="2019-06-14T22:01:05.184" activeThreads="4">
  <mem-info id="30" free="2090674392" total="2092630016" percent="99">
    <mem type="tenure" free="2090674392" total="2092630016" percent="99">
      <mem type="soa" free="1986043096" total="1987998720" percent="99" />
      <mem type="loa" free="104631296" total="104631296" percent="100" />
    </mem>
    <pending-finalizers system="0" default="0" reference="35" classloader="0" />
  </mem-info>
</gc-end>
<cycle-end id="31" type="global" contextid="21" timestamp="2019-06-14T22:01:05.184" />
  <attribute name="elasticGC enabled" value="1" />
  <attribute name= "numThreadsSpecified" value="4" />
  <attribute name="heapSize specified" value="2092630016" />
  <attribute name="Current GC Util" value="96" />
  <attribute name= "Current Time Running" value="840" />
  <attribute name ="GC Interval" value="0" />
  <attribute name="ProportionalT" value="38.000000" />
  <attribute name="ProportionalI" value="38.000000" />
  <attribute name="ProportionalH" value="38.000000" />
  <attribute name="Current Error" value="76.000000" />
  <attribute name="IntegralT" value="1216.000000" />
  <attribute name="IntegralI" value="1216.000000" />
  <attribute name="IntegralH" value="1216.000000" />
  <attribute name="DerivativeT" value="2.375000" />
  <attribute name="DerivativeI" value="2.375000" />
  <attribute name="DerivativeH" value="2.375000" />
  <attribute name="Loop Time for DT" value="16.000000" />
  <attribute name="Output H" value="8388608"/>
  <attribute name="Output I" value="1256"/>
  <attribute name="Output T" value="4"/>
  <attribute name="Target GC Util Change" value ="20.000000" />
  <attribute name="Current GC Util Change" value="96.000000"/>
  <attribute name="GC Util currently" value="96" />
  <attribute name="CPU Util currently" value="288698916428" />
<sys-end id="32" timestamp="2019-06-14T22:01:05.185" />
<exclusive-end id="33" timestamp="2019-06-14T22:01:05.185" durationms="27.821" />

<exclusive-start id="34" timestamp="2019-06-14T22:01:21.276" intervalms="16119.546">
  <response-info timems="0.036" idlems="0.036" threads="0" lastid="0000000002469500" lastname="Thread-4" />
</exclusive-start>
<af-start id="35" threadId="0000000002469E88" totalBytesRequested="8200" timestamp="2019-06-14T22:01:21.277" intervalms="16323.396" />
<cycle-start id="36" type="global" contextid="0" timestamp="2019-06-14T22:01:21.277" intervalms="16119.574" />
<gc-start id="37" type="global" contextid="36" timestamp="2019-06-14T22:01:21.277">
  <mem-info id="38" free="104631296" total="2092630016" percent="4">
    <mem type="tenure" free="104631296" total="2092630016" percent="4">
      <mem type="soa" free="0" total="1987998720" percent="0" />
      <mem type="loa" free="104631296" total="104631296" percent="100" />
    </mem>
  </mem-info>
</gc-start>
<allocation-stats totalBytes="1985317096" >
  <allocated-bytes non-tlh="258936" tlh="1985058160" />
  <largest-consumer threadName="Thread-4" threadId="0000000002469500" bytes="534295768" />
</allocation-stats>
<gc-op id="39" type="mark" timems="4.246" contextid="36" timestamp="2019-06-14T22:01:21.281">
  <trace-info objectcount="53103" scancount="45367" scanbytes="1949812" />
  <finalization candidates="27" enqueued="2" />
  <references type="soft" candidates="164" cleared="0" enqueued="0" dynamicThreshold="31" maxThreshold="32" />
  <references type="weak" candidates="297" cleared="30" enqueued="28" />
  <references type="phantom" candidates="99" cleared="2" enqueued="2" />
  <stringconstants candidates="3963" cleared="0"  />
</gc-op>
<gc-op id="40" type="classunload" timems="0.275" contextid="36" timestamp="2019-06-14T22:01:21.281">
  <classunload-info classloadercandidates="20" classloadersunloaded="0" classesunloaded="3" anonymousclassesunloaded="3" quiescems="0.000" setupms="0.269" scanms="0.005" postms="0.001" />
</gc-op>
<gc-op id="41" type="sweep" timems="207.176" contextid="36" timestamp="2019-06-14T22:01:21.489" />
<mem-info id="42" free="2088693416" total="2092630016" percent="99">
  <mem type="tenure" free="2088693416" total="2092630016" percent="99" micro-fragmented="108896">
    <mem type="soa" free="1984062120" total="1987998720" percent="99" />
    <mem type="loa" free="104631296" total="104631296" percent="100" />
  </mem>
  <pending-finalizers system="2" default="0" reference="30" classloader="0" />
</mem-info>
<gc-op id="43" type="compact" timems="15.740" contextid="36" timestamp="2019-06-14T22:01:21.505">
  <compact-info movecount="52421" movebytes="3653256" reason="compact to aid heap contraction" />
</gc-op>
<gc-end id="44" type="global" contextid="36" durationms="228.626" usertimems="184.000" systemtimems="60.000" timestamp="2019-06-14T22:01:21.505" activeThreads="4">
  <mem-info id="45" free="2088892552" total="2092630016" percent="99">
    <mem type="tenure" free="2088892552" total="2092630016" percent="99">
      <mem type="soa" free="1984261256" total="1987998720" percent="99" />
      <mem type="loa" free="104631296" total="104631296" percent="100" />
    </mem>
    <pending-finalizers system="2" default="0" reference="30" classloader="0" />
  </mem-info>
</gc-end>
<cycle-end id="46" type="global" contextid="36" timestamp="2019-06-14T22:01:21.507" />
  <attribute name="elasticGC enabled" value="1" />
  <attribute name= "numThreadsSpecified" value="4" />
  <attribute name="heapSize specified" value="2092630016" />
  <attribute name="Current GC Util" value="71" />
  <attribute name= "Current Time Running" value="17161" />
  <attribute name ="GC Interval" value="0" />
  <attribute name="ProportionalT" value="25.500000" />
  <attribute name="ProportionalI" value="25.500000" />
  <attribute name="ProportionalH" value="25.500000" />
  <attribute name="Current Error" value="51.000000" />
  <attribute name="IntegralT" value="816.000000" />
  <attribute name="IntegralI" value="816.000000" />
  <attribute name="IntegralH" value="816.000000" />
  <attribute name="DerivativeT" value="1.593750" />
  <attribute name="DerivativeI" value="1.593750" />
  <attribute name="DerivativeH" value="1.593750" />
  <attribute name="Loop Time for DT" value="16.000000" />
  <attribute name="Output H" value="8388608"/>
  <attribute name="Output I" value="848"/>
  <attribute name="Output T" value="4"/>
  <attribute name="Target GC Util Change" value ="20.000000" />
  <attribute name="Current GC Util Change" value="71.000000"/>
  <attribute name="GC Util currently" value="71" />
  <attribute name="CPU Util currently" value="289441507908" />
<allocation-satisfied id="47" threadId="0000000002469500" bytesRequested="8200" />
<af-end id="48" timestamp="2019-06-14T22:01:21.508" threadId="0000000002469E88" success="true" />
<exclusive-end id="49" timestamp="2019-06-14T22:01:21.508" durationms="231.356" />

<exclusive-start id="50" timestamp="2019-06-14T22:01:36.984" intervalms="15707.160">
  <response-info timems="0.039" idlems="0.039" threads="0" lastid="0000000002469500" lastname="Thread-4" />
</exclusive-start>
<af-start id="51" threadId="0000000002469E88" totalBytesRequested="32776" timestamp="2019-06-14T22:01:36.984" intervalms="15707.168" />
<cycle-start id="52" type="global" contextid="0" timestamp="2019-06-14T22:01:36.984" intervalms="15707.171" />
<gc-start id="53" type="global" contextid="52" timestamp="2019-06-14T22:01:36.984">
  <mem-info id="54" free="104631296" total="2092630016" percent="4">
    <mem type="tenure" free="104631296" total="2092630016" percent="4">
      <mem type="soa" free="0" total="1987998720" percent="0" />
      <mem type="loa" free="104631296" total="104631296" percent="100" />
    </mem>
  </mem-info>
</gc-start>
<allocation-stats totalBytes="1983607152" >
  <allocated-bytes non-tlh="0" tlh="1983607152" />
  <largest-consumer threadName="Thread-4" threadId="0000000002469500" bytes="592094688" />
</allocation-stats>
<gc-op id="55" type="mark" timems="4.167" contextid="52" timestamp="2019-06-14T22:01:36.988">
  <trace-info objectcount="49455" scancount="41711" scanbytes="1864712" />
  <finalization candidates="25" enqueued="0" />
  <references type="soft" candidates="164" cleared="0" enqueued="0" dynamicThreshold="31" maxThreshold="32" />
  <references type="weak" candidates="266" cleared="0" enqueued="0" />
  <references type="phantom" candidates="96" cleared="0" enqueued="0" />
  <stringconstants candidates="3963" cleared="0"  />
</gc-op>
<gc-op id="56" type="sweep" timems="225.012" contextid="52" timestamp="2019-06-14T22:01:37.213" />
<mem-info id="57" free="2088958520" total="2092630016" percent="99">
  <mem type="tenure" free="2088958520" total="2092630016" percent="99" micro-fragmented="8517">
    <mem type="soa" free="1984327224" total="1987998720" percent="99" />
    <mem type="loa" free="104631296" total="104631296" percent="100" />
  </mem>
</mem-info>
<gc-op id="58" type="compact" timems="11.558" contextid="52" timestamp="2019-06-14T22:01:37.225">
  <compact-info movecount="24010" movebytes="2396592" reason="compact to aid heap contraction" />
</gc-op>
<gc-end id="59" type="global" contextid="52" durationms="241.820" usertimems="176.000" systemtimems="80.000" timestamp="2019-06-14T22:01:37.226" activeThreads="4">
  <mem-info id="60" free="2088920696" total="2092630016" percent="99">
    <mem type="tenure" free="2088920696" total="2092630016" percent="99">
      <mem type="soa" free="1984289400" total="1987998720" percent="99" />
      <mem type="loa" free="104631296" total="104631296" percent="100" />
    </mem>
  </mem-info>
</gc-end>
<cycle-end id="61" type="global" contextid="52" timestamp="2019-06-14T22:01:37.227" />
  <attribute name="elasticGC enabled" value="1" />
  <attribute name= "numThreadsSpecified" value="4" />
  <attribute name="heapSize specified" value="2092630016" />
  <attribute name="Current GC Util" value="122" />
  <attribute name= "Current Time Running" value="32881" />
  <attribute name ="GC Interval" value="0" />
  <attribute name="ProportionalT" value="51.000000" />
  <attribute name="ProportionalI" value="51.000000" />
  <attribute name="ProportionalH" value="51.000000" />
  <attribute name="Current Error" value="102.000000" />
  <attribute name="IntegralT" value="1122.000000" />
  <attribute name="IntegralI" value="1122.000000" />
  <attribute name="IntegralH" value="1122.000000" />
  <attribute name="DerivativeT" value="4.636364" />
  <attribute name="DerivativeI" value="4.636364" />
  <attribute name="DerivativeH" value="4.636364" />
  <attribute name="Loop Time for DT" value="11.000000" />
  <attribute name="Output H" value="8388608"/>
  <attribute name="Output I" value="1184"/>
  <attribute name="Output T" value="4"/>
  <attribute name="Target GC Util Change" value ="20.000000" />
  <attribute name="Current GC Util Change" value="122.000000"/>
  <attribute name="GC Util currently" value="122" />
  <attribute name="CPU Util currently" value="393855942368" />
<allocation-satisfied id="62" threadId="0000000002469500" bytesRequested="32776" />
<af-end id="63" timestamp="2019-06-14T22:01:37.227" threadId="0000000002469E88" success="true" />
<exclusive-end id="64" timestamp="2019-06-14T22:01:37.227" durationms="243.615" />

<exclusive-start id="65" timestamp="2019-06-14T22:01:52.362" intervalms="15378.345">
  <response-info timems="0.051" idlems="0.051" threads="0" lastid="0000000002470D00" lastname="Thread-6" />
</exclusive-start>
<af-start id="66" threadId="0000000002471688" totalBytesRequested="16392" timestamp="2019-06-14T22:01:52.362" intervalms="15378.332" />
<cycle-start id="67" type="global" contextid="0" timestamp="2019-06-14T22:01:52.362" intervalms="15378.328" />
<gc-start id="68" type="global" contextid="67" timestamp="2019-06-14T22:01:52.362">
  <mem-info id="69" free="104631296" total="2092630016" percent="4">
    <mem type="tenure" free="104631296" total="2092630016" percent="4">
      <mem type="soa" free="0" total="1987998720" percent="0" />
      <mem type="loa" free="104631296" total="104631296" percent="100" />
    </mem>
  </mem-info>
</gc-start>
<allocation-stats totalBytes="1983747416" >
  <allocated-bytes non-tlh="0" tlh="1983747416" />
  <largest-consumer threadName="Thread-6" threadId="0000000002470D00" bytes="585218512" />
</allocation-stats>
<gc-op id="70" type="mark" timems="3.750" contextid="67" timestamp="2019-06-14T22:01:52.366">
  <trace-info objectcount="45940" scancount="38150" scanbytes="1778664" />
  <finalization candidates="25" enqueued="0" />
  <references type="soft" candidates="164" cleared="0" enqueued="0" dynamicThreshold="31" maxThreshold="32" />
  <references type="weak" candidates="267" cleared="0" enqueued="0" />
  <references type="phantom" candidates="97" cleared="0" enqueued="0" />
  <stringconstants candidates="3963" cleared="0"  />
</gc-op>
<gc-op id="71" type="sweep" timems="225.035" contextid="67" timestamp="2019-06-14T22:01:52.591" />
<mem-info id="72" free="2088997712" total="2092630016" percent="99">
  <mem type="tenure" free="2088997712" total="2092630016" percent="99" micro-fragmented="3093">
    <mem type="soa" free="1984366416" total="1987998720" percent="99" />
    <mem type="loa" free="104631296" total="104631296" percent="100" />
  </mem>
</mem-info>
<gc-op id="73" type="compact" timems="10.741" contextid="67" timestamp="2019-06-14T22:01:52.602">
  <compact-info movecount="13220" movebytes="1425528" reason="compact to aid heap contraction" />
</gc-op>
<gc-end id="74" type="global" contextid="67" durationms="240.688" usertimems="152.000" systemtimems="104.000" timestamp="2019-06-14T22:01:52.603" activeThreads="4">
  <mem-info id="75" free="2088960408" total="2092630016" percent="99">
    <mem type="tenure" free="2088960408" total="2092630016" percent="99">
      <mem type="soa" free="1984329112" total="1987998720" percent="99" />
      <mem type="loa" free="104631296" total="104631296" percent="100" />
    </mem>
  </mem-info>
</gc-end>
<cycle-end id="76" type="global" contextid="67" timestamp="2019-06-14T22:01:52.604" />
  <attribute name="elasticGC enabled" value="1" />
  <attribute name= "numThreadsSpecified" value="4" />
  <attribute name="heapSize specified" value="2092630016" />
  <attribute name="Current GC Util" value="97" />
  <attribute name= "Current Time Running" value="48259" />
  <attribute name ="GC Interval" value="0" />
  <attribute name="ProportionalT" value="38.500000" />
  <attribute name="ProportionalI" value="38.500000" />
  <attribute name="ProportionalH" value="38.500000" />
  <attribute name="Current Error" value="77.000000" />
  <attribute name="IntegralT" value="847.000000" />
  <attribute name="IntegralI" value="847.000000" />
  <attribute name="IntegralH" value="847.000000" />
  <attribute name="DerivativeT" value="3.500000" />
  <attribute name="DerivativeI" value="3.500000" />
  <attribute name="DerivativeH" value="3.500000" />
  <attribute name="Loop Time for DT" value="11.000000" />
  <attribute name="Output H" value="8388608"/>
  <attribute name="Output I" value="896"/>
  <attribute name="Output T" value="4"/>
  <attribute name="Target GC Util Change" value ="20.000000" />
  <attribute name="Current GC Util Change" value="97.000000"/>
  <attribute name="GC Util currently" value="97" />
  <attribute name="CPU Util currently" value="420553173098" />
<allocation-satisfied id="77" threadId="0000000002470D00" bytesRequested="16392" />
<af-end id="78" timestamp="2019-06-14T22:01:52.604" threadId="0000000002471688" success="true" />
<exclusive-end id="79" timestamp="2019-06-14T22:01:52.604" durationms="242.098" />

<exclusive-start id="80" timestamp="2019-06-14T22:02:07.863" intervalms="15501.196">
  <response-info timems="0.039" idlems="0.039" threads="0" lastid="0000000002465900" lastname="Thread-3" />
</exclusive-start>
<af-start id="81" threadId="0000000002466288" totalBytesRequested="16392" timestamp="2019-06-14T22:02:07.863" intervalms="15501.385" />
<cycle-start id="82" type="global" contextid="0" timestamp="2019-06-14T22:02:07.864" intervalms="15501.384" />
<gc-start id="83" type="global" contextid="82" timestamp="2019-06-14T22:02:07.864">
  <mem-info id="84" free="104631296" total="2092630016" percent="4">
    <mem type="tenure" free="104631296" total="2092630016" percent="4">
      <mem type="soa" free="0" total="1987998720" percent="0" />
      <mem type="loa" free="104631296" total="104631296" percent="100" />
    </mem>
  </mem-info>
</gc-start>
<allocation-stats totalBytes="1983689352" >
  <allocated-bytes non-tlh="0" tlh="1983689352" />
  <largest-consumer threadName="Thread-3" threadId="0000000002465900" bytes="565677528" />
</allocation-stats>
<gc-op id="85" type="mark" timems="3.376" contextid="82" timestamp="2019-06-14T22:02:07.867">
  <trace-info objectcount="41740" scancount="34049" scanbytes="1608696" />
  <finalization candidates="25" enqueued="0" />
  <references type="soft" candidates="164" cleared="0" enqueued="0" dynamicThreshold="31" maxThreshold="32" />
  <references type="weak" candidates="266" cleared="0" enqueued="0" />
  <references type="phantom" candidates="96" cleared="0" enqueued="0" />
  <stringconstants candidates="3963" cleared="0"  />
</gc-op>
<gc-op id="86" type="sweep" timems="229.413" contextid="82" timestamp="2019-06-14T22:02:08.097" />
<mem-info id="87" free="2089325368" total="2092630016" percent="99">
  <mem type="tenure" free="2089325368" total="2092630016" percent="99" micro-fragmented="2293">
    <mem type="soa" free="1984694072" total="1987998720" percent="99" />
    <mem type="loa" free="104631296" total="104631296" percent="100" />
  </mem>
</mem-info>
<gc-op id="88" type="compact" timems="10.647" contextid="82" timestamp="2019-06-14T22:02:08.108">
  <compact-info movecount="5105" movebytes="932848" reason="compact to aid heap contraction" />
</gc-op>
<gc-end id="89" type="global" contextid="82" durationms="244.674" usertimems="144.000" systemtimems="112.000" timestamp="2019-06-14T22:02:08.108" activeThreads="4">
  <mem-info id="90" free="2089278488" total="2092630016" percent="99">
    <mem type="tenure" free="2089278488" total="2092630016" percent="99">
      <mem type="soa" free="1984647192" total="1987998720" percent="99" />
      <mem type="loa" free="104631296" total="104631296" percent="100" />
    </mem>
  </mem-info>
</gc-end>
<cycle-end id="91" type="global" contextid="82" timestamp="2019-06-14T22:02:08.109" />
  <attribute name="elasticGC enabled" value="1" />
  <attribute name= "numThreadsSpecified" value="4" />
  <attribute name="heapSize specified" value="2092630016" />
  <attribute name="Current GC Util" value="139" />
  <attribute name= "Current Time Running" value="63764" />
  <attribute name ="GC Interval" value="0" />
  <attribute name="ProportionalT" value="59.500000" />
  <attribute name="ProportionalI" value="59.500000" />
  <attribute name="ProportionalH" value="59.500000" />
  <attribute name="Current Error" value="119.000000" />
  <attribute name="IntegralT" value="1309.000000" />
  <attribute name="IntegralI" value="1309.000000" />
  <attribute name="IntegralH" value="1309.000000" />
  <attribute name="DerivativeT" value="5.409091" />
  <attribute name="DerivativeI" value="5.409091" />
  <attribute name="DerivativeH" value="5.409091" />
  <attribute name="Loop Time for DT" value="11.000000" />
  <attribute name="Output H" value="8388608"/>
  <attribute name="Output I" value="1376"/>
  <attribute name="Output T" value="4"/>
  <attribute name="Target GC Util Change" value ="20.000000" />
  <attribute name="Current GC Util Change" value="139.000000"/>
  <attribute name="GC Util currently" value="139" />
  <attribute name="CPU Util currently" value="425493128431" />
<allocation-satisfied id="92" threadId="0000000002465900" bytesRequested="16392" />
<af-end id="93" timestamp="2019-06-14T22:02:08.109" threadId="0000000002466288" success="true" />
<exclusive-end id="94" timestamp="2019-06-14T22:02:08.109" durationms="246.279" />

</verbosegc>

