<?xml version="1.0" ?>

<verbosegc xmlns="http://www.ibm.com/j9/verbosegc" version="10b4217_CMPRSS">

<initialized id="1" timestamp="2019-06-14T23:33:20.072">
  <attribute name="gcPolicy" value="-Xgcpolicy:optavgpause" />
  <attribute name="elasticGC enabled" value="1" />
  <attribute name= "numThreadsSpecified" value="0" />
  <attribute name="heapSize specified" value="0" />
  <attribute name="Current GC Util" value="0" />
  <attribute name= "Current Time Running" value="0" />
  <attribute name ="GC Interval" value="0" />
  <attribute name="ProportionalT" value="0.000000" />
  <attribute name="ProportionalI" value="0.000000" />
  <attribute name="ProportionalH" value="0.000000" />
  <attribute name="IntegralT" value="0.000000" />
  <attribute name="IntegralI" value="0.000000" />
  <attribute name="IntegralH" value="0.000000" />
  <attribute name="DerivativeT" value="0.000000" />
  <attribute name="DerivativeI" value="0.000000" />
  <attribute name="DerivativeH" value="0.000000" />
  <attribute name="Target GC Util Change" value ="0.000000" />
  <attribute name="Current GC Util Change" value="0.000000"/>
  <attribute name="Current Error" value="0.000000" />
  <attribute name="Loop Time for DT" value="0.000000" />
  <attribute name="Output H" value="0"/>
  <attribute name="Output I" value="0"/>
  <attribute name="Output T" value="0"/>
  <attribute name="GC Util currently" value="0" />
  <attribute name="CPU Util currently" value="0" />
  <attribute name="maxHeapSize" value="0x7cbc0000" />
  <attribute name="initialHeapSize" value="0x800000" />
  <attribute name="compressedRefs" value="true" />
  <attribute name="compressedRefsDisplacement" value="0x0" />
  <attribute name="compressedRefsShift" value="0x0" />
  <attribute name="pageSize" value="0x1000" />
  <attribute name="pageType" value="not used" />
  <attribute name="requestedPageSize" value="0x1000" />
  <attribute name="requestedPageType" value="not used" />
  <attribute name="gcthreads" value="4" />
  <attribute name="packetListSplit" value="4" />
  <attribute name="cacheListSplit" value="4" />
  <attribute name="splitFreeListSplitAmount" value="1" />
  <attribute name="numaNodes" value="0" />
  <system>
    <attribute name="physicalMemory" value="8370958336" />
    <attribute name="numCPUs" value="4" />
    <attribute name="architecture" value="amd64" />
    <attribute name="os" value="Linux" />
    <attribute name="osVersion" value="4.4.0-150-generic" />
  </system>
  <vmargs>
    <vmarg name="-Xoptionsfile=/vagrant/jdk/lib/options.default" />
    <vmarg name="-Xlockword:mode=default,noLockword=java/lang/String,noLockword=java/util/MapEntry,noLockword=java/util/HashMap$Entry,noLockword..." />
    <vmarg name="-Xjcl:jclse29" />
    <vmarg name="-Dcom.ibm.oti.vm.bootstrap.library.path=/vagrant/jdk/lib/compressedrefs:/vagrant/jdk/lib" />
    <vmarg name="-Dsun.boot.library.path=/vagrant/jdk/lib/compressedrefs:/vagrant/jdk/lib" />
    <vmarg name="-Djava.library.path=/vagrant/jdk/lib/compressedrefs:/vagrant/jdk/lib:/usr/lib64:/usr/lib" />
    <vmarg name="-Djava.home=/vagrant/jdk" />
    <vmarg name="-Duser.dir=/vagrant" />
    <vmarg name="-Xgcpolicy:optavgpause" />
    <vmarg name="-Xgcelastic" />
    <vmarg name="-Xcheck:gc:::elasticGC" />
    <vmarg name="-verbose:gc" />
    <vmarg name="-Xloggc:jdk0.5-1-1-small-OAP-4CORE-elasticverbose1xalan.txt" />
    <vmarg name="-Djava.class.path=dacapo-9.12-MR1-bach.jar" />
    <vmarg name="-Dsun.java.command=dacapo-9.12-MR1-bach.jar xalan --size=small" />
    <vmarg name="-Dsun.java.launcher=SUN_STANDARD" />
    <vmarg name="-Dsun.java.launcher.pid=15529" />
  </vmargs>
</initialized>

<exclusive-start id="2" timestamp="2019-06-14T23:33:21.559" intervalms="1487.589">
  <response-info timems="0.034" idlems="0.034" threads="0" lastid="00000000020B1700" lastname="main" />
</exclusive-start>
<af-start id="3" threadId="00000000020B2088" totalBytesRequested="88" timestamp="2019-06-14T23:33:21.560" intervalms="1487.796" />
<cycle-start id="4" type="global" contextid="0" timestamp="2019-06-14T23:33:21.560" intervalms="1488.033" />
<gc-start id="5" type="global" contextid="4" timestamp="2019-06-14T23:33:21.560">
  <mem-info id="6" free="418816" total="8388608" percent="4">
    <mem type="tenure" free="418816" total="8388608" percent="4">
      <mem type="soa" free="0" total="7969792" percent="0" />
      <mem type="loa" free="418816" total="418816" percent="100" />
    </mem>
  </mem-info>
</gc-start>
<allocation-stats totalBytes="7881328" >
  <allocated-bytes non-tlh="758128" tlh="7123200" />
  <largest-consumer threadName="main" threadId="00000000020B1700" bytes="7794648" />
</allocation-stats>
<gc-op id="7" type="mark" timems="1.807" contextid="4" timestamp="2019-06-14T23:33:21.562">
  <trace-info objectcount="21493" scancount="17514" scanbytes="561380" />
  <finalization candidates="15" enqueued="1" />
  <references type="soft" candidates="75" cleared="0" enqueued="0" dynamicThreshold="32" maxThreshold="32" />
  <references type="weak" candidates="579" cleared="432" enqueued="393" />
  <references type="phantom" candidates="128" cleared="44" enqueued="44" />
  <stringconstants candidates="2930" cleared="0"  />
</gc-op>
<gc-op id="8" type="sweep" timems="0.706" contextid="4" timestamp="2019-06-14T23:33:21.563" />
<mem-info id="9" free="6512040" total="8388608" percent="77">
  <mem type="tenure" free="6512040" total="8388608" percent="77" micro-fragmented="255027">
    <mem type="soa" free="6093224" total="7969792" percent="76" />
    <mem type="loa" free="418816" total="418816" percent="100" />
  </mem>
  <pending-finalizers system="1" default="0" reference="437" classloader="0" />
</mem-info>
<gc-op id="10" type="compact" timems="4.537" contextid="4" timestamp="2019-06-14T23:33:21.567">
  <compact-info movecount="21492" movebytes="1538376" reason="compact to aid heap contraction" />
</gc-op>
<heap-resize id="11" type="expand" space="tenure" amount="2084241408" count="1" timems="0.207" reason="satisfy allocation request" timestamp="2019-06-14T23:33:21.568" />
<gc-end id="12" type="global" contextid="4" durationms="8.084" usertimems="16.000" systemtimems="0.000" timestamp="2019-06-14T23:33:21.568" activeThreads="4">
  <mem-info id="13" free="2091091464" total="2092630016" percent="99">
    <mem type="tenure" free="2091091464" total="2092630016" percent="99">
      <mem type="soa" free="1986460168" total="1987998720" percent="99" />
      <mem type="loa" free="104631296" total="104631296" percent="100" />
    </mem>
    <pending-finalizers system="1" default="0" reference="437" classloader="0" />
  </mem-info>
</gc-end>
<cycle-end id="14" type="global" contextid="4" timestamp="2019-06-14T23:33:21.568" />
  <attribute name="elasticGC enabled" value="1" />
  <attribute name= "numThreadsSpecified" value="4" />
  <attribute name="heapSize specified" value="8388608" />
  <attribute name="Current GC Util" value="33" />
  <attribute name= "Current Time Running" value="1380" />
  <attribute name ="GC Interval" value="0" />
  <attribute name="ProportionalT" value="6.500000" />
  <attribute name="ProportionalI" value="6.500000" />
  <attribute name="ProportionalH" value="6.500000" />
  <attribute name="Current Error" value="13.000000" />
  <attribute name="IntegralT" value="-27196.000000" />
  <attribute name="IntegralI" value="-27196.000000" />
  <attribute name="IntegralH" value="-27196.000000" />
  <attribute name="DerivativeT" value="2.600000" />
  <attribute name="DerivativeI" value="2.600000" />
  <attribute name="DerivativeH" value="2.600000" />
  <attribute name="Loop Time for DT" value="5.000000" />
  <attribute name="Output H" value="2092630016"/>
  <attribute name="Output I" value="200"/>
  <attribute name="Output T" value="4"/>
  <attribute name="Target GC Util Change" value ="20.000000" />
  <attribute name="Current GC Util Change" value="33.000000"/>
  <attribute name="GC Util currently" value="33" />
  <attribute name="CPU Util currently" value="35" />
<allocation-satisfied id="15" threadId="00000000020B1700" bytesRequested="88" />
<af-end id="16" timestamp="2019-06-14T23:33:21.568" threadId="00000000020B2088" success="true" />
<exclusive-end id="17" timestamp="2019-06-14T23:33:21.568" durationms="8.923" />

<exclusive-start id="18" timestamp="2019-06-14T23:33:21.761" intervalms="201.282">
  <response-info timems="0.050" idlems="0.050" threads="0" lastid="00000000020B1700" lastname="main" />
</exclusive-start>
<sys-start reason="explicit" id="19" timestamp="2019-06-14T23:33:21.761" intervalms="1689.187" />
<cycle-start id="20" type="global" contextid="0" timestamp="2019-06-14T23:33:21.787" intervalms="227.462" />
<gc-start id="21" type="global" contextid="20" timestamp="2019-06-14T23:33:21.787">
  <mem-info id="22" free="2084990456" total="2092630016" percent="99">
    <mem type="tenure" free="2084990456" total="2092630016" percent="99">
      <mem type="soa" free="1980359160" total="1987998720" percent="99" />
      <mem type="loa" free="104631296" total="104631296" percent="100" />
    </mem>
  </mem-info>
</gc-start>
<allocation-stats totalBytes="6089696" >
  <allocated-bytes non-tlh="71784" tlh="6017912" />
  <largest-consumer threadName="main" threadId="00000000020B1700" bytes="6061288" />
</allocation-stats>
<gc-op id="23" type="mark" timems="9.182" contextid="20" timestamp="2019-06-14T23:33:21.797">
  <trace-info objectcount="29553" scancount="23916" scanbytes="872316" />
  <finalization candidates="15" enqueued="0" />
  <references type="soft" candidates="134" cleared="0" enqueued="0" dynamicThreshold="31" maxThreshold="32" />
  <references type="weak" candidates="184" cleared="33" enqueued="33" />
  <references type="phantom" candidates="86" cleared="2" enqueued="2" />
  <stringconstants candidates="3535" cleared="22"  />
</gc-op>
<gc-op id="24" type="classunload" timems="0.110" contextid="20" timestamp="2019-06-14T23:33:21.799">
  <classunload-info classloadercandidates="19" classloadersunloaded="0" classesunloaded="0" anonymousclassesunloaded="0" quiescems="0.000" setupms="0.109" scanms="0.000" postms="0.001" />
</gc-op>
<gc-op id="25" type="sweep" timems="1.859" contextid="20" timestamp="2019-06-14T23:33:21.801" />
<mem-info id="26" free="2090302144" total="2092630016" percent="99">
  <mem type="tenure" free="2090302144" total="2092630016" percent="99" micro-fragmented="273752">
    <mem type="soa" free="1985670848" total="1987998720" percent="99" />
    <mem type="loa" free="104631296" total="104631296" percent="100" />
  </mem>
  <pending-finalizers system="0" default="0" reference="35" classloader="0" />
</mem-info>
<gc-op id="27" type="compact" timems="14.094" contextid="20" timestamp="2019-06-14T23:33:21.826">
  <compact-info movecount="28804" movebytes="1936072" reason="compact to aid heap contraction" />
</gc-op>
<gc-end id="28" type="global" contextid="20" durationms="39.061" usertimems="40.000" systemtimems="0.000" timestamp="2019-06-14T23:33:21.827" activeThreads="4">
  <mem-info id="29" free="2090673032" total="2092630016" percent="99">
    <mem type="tenure" free="2090673032" total="2092630016" percent="99">
      <mem type="soa" free="1986041736" total="1987998720" percent="99" />
      <mem type="loa" free="104631296" total="104631296" percent="100" />
    </mem>
    <pending-finalizers system="0" default="0" reference="35" classloader="0" />
  </mem-info>
</gc-end>
<cycle-end id="30" type="global" contextid="20" timestamp="2019-06-14T23:33:21.827" />
  <attribute name="elasticGC enabled" value="1" />
  <attribute name= "numThreadsSpecified" value="4" />
  <attribute name="heapSize specified" value="2092630016" />
  <attribute name="Current GC Util" value="106" />
  <attribute name= "Current Time Running" value="1638" />
  <attribute name ="GC Interval" value="0" />
  <attribute name="ProportionalT" value="43.000000" />
  <attribute name="ProportionalI" value="43.000000" />
  <attribute name="ProportionalH" value="43.000000" />
  <attribute name="Current Error" value="86.000000" />
  <attribute name="IntegralT" value="1204.000000" />
  <attribute name="IntegralI" value="1204.000000" />
  <attribute name="IntegralH" value="1204.000000" />
  <attribute name="DerivativeT" value="6.142857" />
  <attribute name="DerivativeI" value="6.142857" />
  <attribute name="DerivativeH" value="6.142857" />
  <attribute name="Loop Time for DT" value="14.000000" />
  <attribute name="Output H" value="8388608"/>
  <attribute name="Output I" value="1256"/>
  <attribute name="Output T" value="4"/>
  <attribute name="Target GC Util Change" value ="20.000000" />
  <attribute name="Current GC Util Change" value="106.000000"/>
  <attribute name="GC Util currently" value="106" />
  <attribute name="CPU Util currently" value="323509467754" />
<sys-end id="31" timestamp="2019-06-14T23:33:21.827" />
<exclusive-end id="32" timestamp="2019-06-14T23:33:21.827" durationms="66.219" />

</verbosegc>

