<?xml version="1.0" ?>

<verbosegc xmlns="http://www.ibm.com/j9/verbosegc" version="10b4217_CMPRSS">

<initialized id="1" timestamp="2019-06-14T12:19:45.639">
  <attribute name="gcPolicy" value="-Xgcpolicy:optthruput" />
  <attribute name="elasticGC enabled" value="1" />
  <attribute name= "numThreadsSpecified" value="0" />
  <attribute name="heapSize specified" value="0" />
  <attribute name="Current GC Util" value="0" />
  <attribute name= "Current Time Running" value="0" />
  <attribute name ="GC Interval" value="0" />
  <attribute name="ProportionalT" value="0.000000" />
  <attribute name="ProportionalI" value="0.000000" />
  <attribute name="ProportionalH" value="0.000000" />
  <attribute name="IntegralT" value="0.000000" />
  <attribute name="IntegralI" value="0.000000" />
  <attribute name="IntegralH" value="0.000000" />
  <attribute name="DerivativeT" value="0.000000" />
  <attribute name="DerivativeI" value="0.000000" />
  <attribute name="DerivativeH" value="0.000000" />
  <attribute name="Target GC Util Change" value ="0.000000" />
  <attribute name="Current GC Util Change" value="0.000000"/>
  <attribute name="Current Error" value="0.000000" />
  <attribute name="Loop Time for DT" value="0.000000" />
  <attribute name="Output H" value="0"/>
  <attribute name="Output I" value="0"/>
  <attribute name="Output T" value="0"/>
  <attribute name="GC Util currently" value="0" />
  <attribute name="CPU Util currently" value="0" />
  <attribute name="maxHeapSize" value="0x7cbc0000" />
  <attribute name="initialHeapSize" value="0x800000" />
  <attribute name="compressedRefs" value="true" />
  <attribute name="compressedRefsDisplacement" value="0x0" />
  <attribute name="compressedRefsShift" value="0x0" />
  <attribute name="pageSize" value="0x1000" />
  <attribute name="pageType" value="not used" />
  <attribute name="requestedPageSize" value="0x1000" />
  <attribute name="requestedPageType" value="not used" />
  <attribute name="gcthreads" value="4" />
  <attribute name="packetListSplit" value="4" />
  <attribute name="cacheListSplit" value="4" />
  <attribute name="splitFreeListSplitAmount" value="1" />
  <attribute name="numaNodes" value="0" />
  <system>
    <attribute name="physicalMemory" value="8370958336" />
    <attribute name="numCPUs" value="4" />
    <attribute name="architecture" value="amd64" />
    <attribute name="os" value="Linux" />
    <attribute name="osVersion" value="4.4.0-150-generic" />
  </system>
  <vmargs>
    <vmarg name="-Xoptionsfile=/vagrant/jdk/lib/options.default" />
    <vmarg name="-Xlockword:mode=default,noLockword=java/lang/String,noLockword=java/util/MapEntry,noLockword=java/util/HashMap$Entry,noLockword..." />
    <vmarg name="-Xjcl:jclse29" />
    <vmarg name="-Dcom.ibm.oti.vm.bootstrap.library.path=/vagrant/jdk/lib/compressedrefs:/vagrant/jdk/lib" />
    <vmarg name="-Dsun.boot.library.path=/vagrant/jdk/lib/compressedrefs:/vagrant/jdk/lib" />
    <vmarg name="-Djava.library.path=/vagrant/jdk/lib/compressedrefs:/vagrant/jdk/lib:/usr/lib64:/usr/lib" />
    <vmarg name="-Djava.home=/vagrant/jdk" />
    <vmarg name="-Duser.dir=/vagrant" />
    <vmarg name="-Xgcpolicy:optthruput" />
    <vmarg name="-Xgcelastic" />
    <vmarg name="-Xcheck:gc:::elasticGC" />
    <vmarg name="-verbose:gc" />
    <vmarg name="-Xloggc:jdk0.5-0.5-1-large-OTT-4CORE-elasticverbose13xalan.txt" />
    <vmarg name="-Djava.class.path=dacapo-9.12-MR1-bach.jar" />
    <vmarg name="-Dsun.java.command=dacapo-9.12-MR1-bach.jar xalan --size=large" />
    <vmarg name="-Dsun.java.launcher=SUN_STANDARD" />
    <vmarg name="-Dsun.java.launcher.pid=7163" />
  </vmargs>
</initialized>

<exclusive-start id="2" timestamp="2019-06-14T12:19:47.394" intervalms="1754.215">
  <response-info timems="0.019" idlems="0.019" threads="0" lastid="00000000020DE700" lastname="main" />
</exclusive-start>
<af-start id="3" threadId="00000000020DF088" totalBytesRequested="88" timestamp="2019-06-14T12:19:47.394" intervalms="1754.456" />
<cycle-start id="4" type="global" contextid="0" timestamp="2019-06-14T12:19:47.394" intervalms="1754.683" />
<gc-start id="5" type="global" contextid="4" timestamp="2019-06-14T12:19:47.394">
  <mem-info id="6" free="418816" total="8388608" percent="4">
    <mem type="tenure" free="418816" total="8388608" percent="4">
      <mem type="soa" free="0" total="7969792" percent="0" />
      <mem type="loa" free="418816" total="418816" percent="100" />
    </mem>
  </mem-info>
</gc-start>
<allocation-stats totalBytes="7881168" >
  <allocated-bytes non-tlh="758040" tlh="7123128" />
  <largest-consumer threadName="main" threadId="00000000020DE700" bytes="7810944" />
</allocation-stats>
<gc-op id="7" type="mark" timems="1.804" contextid="4" timestamp="2019-06-14T12:19:47.396">
  <trace-info objectcount="21466" scancount="17490" scanbytes="560488" />
  <finalization candidates="15" enqueued="1" />
  <references type="soft" candidates="74" cleared="0" enqueued="0" dynamicThreshold="32" maxThreshold="32" />
  <references type="weak" candidates="575" cleared="432" enqueued="393" />
  <references type="phantom" candidates="127" cleared="44" enqueued="44" />
  <stringconstants candidates="2930" cleared="0"  />
</gc-op>
<gc-op id="8" type="classunload" timems="0.041" contextid="4" timestamp="2019-06-14T12:19:47.396">
  <classunload-info classloadercandidates="6" classloadersunloaded="0" classesunloaded="0" anonymousclassesunloaded="0" quiescems="0.000" setupms="0.040" scanms="0.001" postms="0.000" />
</gc-op>
<gc-op id="9" type="sweep" timems="0.549" contextid="4" timestamp="2019-06-14T12:19:47.397" />
<mem-info id="10" free="6520584" total="8388608" percent="77">
  <mem type="tenure" free="6520584" total="8388608" percent="77" micro-fragmented="298377" macro-fragmented="0">
    <mem type="soa" free="6101768" total="7969792" percent="76" />
    <mem type="loa" free="418816" total="418816" percent="100" />
  </mem>
  <pending-finalizers system="1" default="0" reference="437" classloader="0" />
</mem-info>
<gc-op id="11" type="compact" timems="4.574" contextid="4" timestamp="2019-06-14T12:19:47.402">
  <compact-info movecount="21465" movebytes="1537080" reason="compact to aid heap contraction" />
</gc-op>
<heap-resize id="12" type="expand" space="tenure" amount="2084241408" count="1" timems="0.094" reason="satisfy allocation request" timestamp="2019-06-14T12:19:47.402" />
<gc-end id="13" type="global" contextid="4" durationms="8.094" usertimems="12.000" systemtimems="0.000" timestamp="2019-06-14T12:19:47.402" activeThreads="4">
  <mem-info id="14" free="2091092760" total="2092630016" percent="99">
    <mem type="tenure" free="2091092760" total="2092630016" percent="99">
      <mem type="soa" free="1986461464" total="1987998720" percent="99" />
      <mem type="loa" free="104631296" total="104631296" percent="100" />
    </mem>
    <pending-finalizers system="1" default="0" reference="437" classloader="0" />
  </mem-info>
</gc-end>
<cycle-end id="15" type="global" contextid="4" timestamp="2019-06-14T12:19:47.403" />
  <attribute name="elasticGC enabled" value="1" />
  <attribute name= "numThreadsSpecified" value="4" />
  <attribute name="heapSize specified" value="8388608" />
  <attribute name="Current GC Util" value="32" />
  <attribute name= "Current Time Running" value="1641" />
  <attribute name ="GC Interval" value="0" />
  <attribute name="ProportionalT" value="6.000000" />
  <attribute name="ProportionalI" value="6.000000" />
  <attribute name="ProportionalH" value="6.000000" />
  <attribute name="Current Error" value="12.000000" />
  <attribute name="IntegralT" value="-16233.500000" />
  <attribute name="IntegralI" value="-16233.500000" />
  <attribute name="IntegralH" value="-16233.500000" />
  <attribute name="DerivativeT" value="2.400000" />
  <attribute name="DerivativeI" value="2.400000" />
  <attribute name="DerivativeH" value="2.400000" />
  <attribute name="Loop Time for DT" value="5.000000" />
  <attribute name="Output H" value="2092630016"/>
  <attribute name="Output I" value="200"/>
  <attribute name="Output T" value="4"/>
  <attribute name="Target GC Util Change" value ="20.000000" />
  <attribute name="Current GC Util Change" value="32.000000"/>
  <attribute name="GC Util currently" value="32" />
  <attribute name="CPU Util currently" value="992057197829" />
<allocation-satisfied id="16" threadId="00000000020DE700" bytesRequested="88" />
<af-end id="17" timestamp="2019-06-14T12:19:47.403" threadId="00000000020DF088" success="true" />
<exclusive-end id="18" timestamp="2019-06-14T12:19:47.403" durationms="9.135" />

<exclusive-start id="19" timestamp="2019-06-14T12:19:47.620" intervalms="226.318">
  <response-info timems="0.150" idlems="0.082" threads="1" lastid="000000000240BE00" lastname="Thread-3" />
</exclusive-start>
<sys-start reason="explicit" id="20" timestamp="2019-06-14T12:19:47.620" intervalms="1980.654" />
<cycle-start id="21" type="global" contextid="0" timestamp="2019-06-14T12:19:47.620" intervalms="226.070" />
<gc-start id="22" type="global" contextid="21" timestamp="2019-06-14T12:19:47.620">
  <mem-info id="23" free="2084967168" total="2092630016" percent="99">
    <mem type="tenure" free="2084967168" total="2092630016" percent="99">
      <mem type="soa" free="1980335872" total="1987998720" percent="99" />
      <mem type="loa" free="104631296" total="104631296" percent="100" />
    </mem>
  </mem-info>
</gc-start>
<allocation-stats totalBytes="6092056" >
  <allocated-bytes non-tlh="137328" tlh="5954728" />
  <largest-consumer threadName="main" threadId="00000000020DE700" bytes="6071840" />
</allocation-stats>
<gc-op id="24" type="mark" timems="8.906" contextid="21" timestamp="2019-06-14T12:19:47.629">
  <trace-info objectcount="29507" scancount="23877" scanbytes="870920" />
  <finalization candidates="15" enqueued="0" />
  <references type="soft" candidates="133" cleared="0" enqueued="0" dynamicThreshold="31" maxThreshold="32" />
  <references type="weak" candidates="178" cleared="33" enqueued="33" />
  <references type="phantom" candidates="85" cleared="2" enqueued="2" />
  <stringconstants candidates="3535" cleared="22"  />
</gc-op>
<gc-op id="25" type="classunload" timems="0.003" contextid="21" timestamp="2019-06-14T12:19:47.630">
  <classunload-info classloadercandidates="19" classloadersunloaded="0" classesunloaded="0" anonymousclassesunloaded="0" quiescems="0.000" setupms="0.002" scanms="0.001" postms="0.000" />
</gc-op>
<gc-op id="26" type="sweep" timems="1.926" contextid="21" timestamp="2019-06-14T12:19:47.632" />
<mem-info id="27" free="2090302584" total="2092630016" percent="99">
  <mem type="tenure" free="2090302584" total="2092630016" percent="99" micro-fragmented="280847" macro-fragmented="0">
    <mem type="soa" free="1985671288" total="1987998720" percent="99" />
    <mem type="loa" free="104631296" total="104631296" percent="100" />
  </mem>
  <pending-finalizers system="0" default="0" reference="35" classloader="0" />
</mem-info>
<gc-op id="28" type="compact" timems="14.502" contextid="21" timestamp="2019-06-14T12:19:47.646">
  <compact-info movecount="28759" movebytes="1934016" reason="compact to aid heap contraction" />
</gc-op>
<gc-end id="29" type="global" contextid="21" durationms="26.470" usertimems="36.000" systemtimems="4.000" timestamp="2019-06-14T12:19:47.647" activeThreads="4">
  <mem-info id="30" free="2090675088" total="2092630016" percent="99">
    <mem type="tenure" free="2090675088" total="2092630016" percent="99">
      <mem type="soa" free="1986043792" total="1987998720" percent="99" />
      <mem type="loa" free="104631296" total="104631296" percent="100" />
    </mem>
    <pending-finalizers system="0" default="0" reference="35" classloader="0" />
  </mem-info>
</gc-end>
<cycle-end id="31" type="global" contextid="21" timestamp="2019-06-14T12:19:47.647" />
  <attribute name="elasticGC enabled" value="1" />
  <attribute name= "numThreadsSpecified" value="4" />
  <attribute name="heapSize specified" value="2092630016" />
  <attribute name="Current GC Util" value="116" />
  <attribute name= "Current Time Running" value="1885" />
  <attribute name ="GC Interval" value="0" />
  <attribute name="ProportionalT" value="48.000000" />
  <attribute name="ProportionalI" value="48.000000" />
  <attribute name="ProportionalH" value="48.000000" />
  <attribute name="Current Error" value="96.000000" />
  <attribute name="IntegralT" value="672.000000" />
  <attribute name="IntegralI" value="672.000000" />
  <attribute name="IntegralH" value="672.000000" />
  <attribute name="DerivativeT" value="2.500000" />
  <attribute name="DerivativeI" value="2.500000" />
  <attribute name="DerivativeH" value="2.500000" />
  <attribute name="Loop Time for DT" value="14.000000" />
  <attribute name="Output H" value="8388608"/>
  <attribute name="Output I" value="728"/>
  <attribute name="Output T" value="4"/>
  <attribute name="Target GC Util Change" value ="20.000000" />
  <attribute name="Current GC Util Change" value="116.000000"/>
  <attribute name="GC Util currently" value="116" />
  <attribute name="CPU Util currently" value="313780459972" />
<sys-end id="32" timestamp="2019-06-14T12:19:47.647" />
<exclusive-end id="33" timestamp="2019-06-14T12:19:47.647" durationms="27.249" />

<exclusive-start id="34" timestamp="2019-06-14T12:20:04.184" intervalms="16563.656">
  <response-info timems="0.081" idlems="0.081" threads="0" lastid="0000000002413500" lastname="Thread-5" />
</exclusive-start>
<af-start id="35" threadId="0000000002413E88" totalBytesRequested="32776" timestamp="2019-06-14T12:20:04.184" intervalms="16789.813" />
<cycle-start id="36" type="global" contextid="0" timestamp="2019-06-14T12:20:04.184" intervalms="16563.570" />
<gc-start id="37" type="global" contextid="36" timestamp="2019-06-14T12:20:04.184">
  <mem-info id="38" free="104631296" total="2092630016" percent="4">
    <mem type="tenure" free="104631296" total="2092630016" percent="4">
      <mem type="soa" free="0" total="1987998720" percent="0" />
      <mem type="loa" free="104631296" total="104631296" percent="100" />
    </mem>
  </mem-info>
</gc-start>
<allocation-stats totalBytes="1985213544" >
  <allocated-bytes non-tlh="345200" tlh="1984868344" />
  <largest-consumer threadName="Thread-5" threadId="0000000002413500" bytes="503206736" />
</allocation-stats>
<gc-op id="39" type="mark" timems="3.412" contextid="36" timestamp="2019-06-14T12:20:04.187">
  <trace-info objectcount="52668" scancount="44949" scanbytes="1900004" />
  <finalization candidates="28" enqueued="3" />
  <references type="soft" candidates="164" cleared="0" enqueued="0" dynamicThreshold="31" maxThreshold="32" />
  <references type="weak" candidates="315" cleared="40" enqueued="35" />
  <references type="phantom" candidates="97" cleared="2" enqueued="2" />
  <stringconstants candidates="3963" cleared="0"  />
</gc-op>
<gc-op id="40" type="sweep" timems="1.553" contextid="36" timestamp="2019-06-14T12:20:04.189" />
<mem-info id="41" free="2088795360" total="2092630016" percent="99">
  <mem type="tenure" free="2088795360" total="2092630016" percent="99" micro-fragmented="201962" macro-fragmented="0">
    <mem type="soa" free="1984164064" total="1987998720" percent="99" />
    <mem type="loa" free="104631296" total="104631296" percent="100" />
  </mem>
  <pending-finalizers system="3" default="0" reference="37" classloader="0" />
</mem-info>
<gc-op id="42" type="compact" timems="13.511" contextid="36" timestamp="2019-06-14T12:20:04.203">
  <compact-info movecount="51965" movebytes="3544968" reason="compact to aid heap contraction" />
</gc-op>
<gc-end id="43" type="global" contextid="36" durationms="19.212" usertimems="60.000" systemtimems="0.000" timestamp="2019-06-14T12:20:04.203" activeThreads="4">
  <mem-info id="44" free="2088996400" total="2092630016" percent="99">
    <mem type="tenure" free="2088996400" total="2092630016" percent="99">
      <mem type="soa" free="1984365104" total="1987998720" percent="99" />
      <mem type="loa" free="104631296" total="104631296" percent="100" />
    </mem>
    <pending-finalizers system="3" default="0" reference="37" classloader="0" />
  </mem-info>
</gc-end>
<cycle-end id="45" type="global" contextid="36" timestamp="2019-06-14T12:20:04.205" />
  <attribute name="elasticGC enabled" value="1" />
  <attribute name= "numThreadsSpecified" value="4" />
  <attribute name="heapSize specified" value="2092630016" />
  <attribute name="Current GC Util" value="167" />
  <attribute name= "Current Time Running" value="18441" />
  <attribute name ="GC Interval" value="0" />
  <attribute name="ProportionalT" value="73.500000" />
  <attribute name="ProportionalI" value="73.500000" />
  <attribute name="ProportionalH" value="73.500000" />
  <attribute name="Current Error" value="147.000000" />
  <attribute name="IntegralT" value="955.500000" />
  <attribute name="IntegralI" value="955.500000" />
  <attribute name="IntegralH" value="955.500000" />
  <attribute name="DerivativeT" value="0.538462" />
  <attribute name="DerivativeI" value="0.538462" />
  <attribute name="DerivativeH" value="0.538462" />
  <attribute name="Loop Time for DT" value="13.000000" />
  <attribute name="Output H" value="8388608"/>
  <attribute name="Output I" value="1032"/>
  <attribute name="Output T" value="4"/>
  <attribute name="Target GC Util Change" value ="20.000000" />
  <attribute name="Current GC Util Change" value="167.000000"/>
  <attribute name="GC Util currently" value="167" />
  <attribute name="CPU Util currently" value="336962750378" />
<allocation-satisfied id="46" threadId="0000000002413500" bytesRequested="32776" />
<af-end id="47" timestamp="2019-06-14T12:20:04.205" threadId="0000000002413E88" success="true" />
<exclusive-end id="48" timestamp="2019-06-14T12:20:04.205" durationms="21.779" />

<exclusive-start id="49" timestamp="2019-06-14T12:20:20.670" intervalms="16486.412">
  <response-info timems="0.032" idlems="0.032" threads="0" lastid="000000000240BE00" lastname="Thread-3" />
</exclusive-start>
<af-start id="50" threadId="000000000240C788" totalBytesRequested="48" timestamp="2019-06-14T12:20:20.670" intervalms="16486.432" />
<cycle-start id="51" type="global" contextid="0" timestamp="2019-06-14T12:20:20.670" intervalms="16486.452" />
<gc-start id="52" type="global" contextid="51" timestamp="2019-06-14T12:20:20.670">
  <mem-info id="53" free="104631296" total="2092630016" percent="4">
    <mem type="tenure" free="104631296" total="2092630016" percent="4">
      <mem type="soa" free="0" total="1987998720" percent="0" />
      <mem type="loa" free="104631296" total="104631296" percent="100" />
    </mem>
  </mem-info>
</gc-start>
<allocation-stats totalBytes="1983653656" >
  <allocated-bytes non-tlh="0" tlh="1983653656" />
  <largest-consumer threadName="Thread-4" threadId="000000000240F900" bytes="657620640" />
</allocation-stats>
<gc-op id="54" type="mark" timems="5.373" contextid="51" timestamp="2019-06-14T12:20:20.676">
  <trace-info objectcount="49768" scancount="41942" scanbytes="1868072" />
  <finalization candidates="25" enqueued="0" />
  <references type="soft" candidates="164" cleared="0" enqueued="0" dynamicThreshold="31" maxThreshold="32" />
  <references type="weak" candidates="267" cleared="0" enqueued="0" />
  <references type="phantom" candidates="96" cleared="0" enqueued="0" />
  <stringconstants candidates="3963" cleared="0"  />
</gc-op>
<gc-op id="55" type="classunload" timems="0.279" contextid="51" timestamp="2019-06-14T12:20:20.676">
  <classunload-info classloadercandidates="20" classloadersunloaded="0" classesunloaded="4" anonymousclassesunloaded="4" quiescems="0.000" setupms="0.274" scanms="0.005" postms="0.000" />
</gc-op>
<gc-op id="56" type="sweep" timems="2.222" contextid="51" timestamp="2019-06-14T12:20:20.679" />
<mem-info id="57" free="2088837624" total="2092630016" percent="99">
  <mem type="tenure" free="2088837624" total="2092630016" percent="99" micro-fragmented="25760" macro-fragmented="0">
    <mem type="soa" free="1984206328" total="1987998720" percent="99" />
    <mem type="loa" free="104631296" total="104631296" percent="100" />
  </mem>
</mem-info>
<gc-op id="58" type="compact" timems="11.017" contextid="51" timestamp="2019-06-14T12:20:20.690">
  <compact-info movecount="25170" movebytes="2651768" reason="compact to aid heap contraction" />
</gc-op>
<gc-end id="59" type="global" contextid="51" durationms="19.670" usertimems="44.000" systemtimems="0.000" timestamp="2019-06-14T12:20:20.690" activeThreads="4">
  <mem-info id="60" free="2088809640" total="2092630016" percent="99">
    <mem type="tenure" free="2088809640" total="2092630016" percent="99">
      <mem type="soa" free="1984178344" total="1987998720" percent="99" />
      <mem type="loa" free="104631296" total="104631296" percent="100" />
    </mem>
  </mem-info>
</gc-end>
<cycle-end id="61" type="global" contextid="51" timestamp="2019-06-14T12:20:20.691" />
  <attribute name="elasticGC enabled" value="1" />
  <attribute name= "numThreadsSpecified" value="4" />
  <attribute name="heapSize specified" value="2092630016" />
  <attribute name="Current GC Util" value="202" />
  <attribute name= "Current Time Running" value="34928" />
  <attribute name ="GC Interval" value="0" />
  <attribute name="ProportionalT" value="91.000000" />
  <attribute name="ProportionalI" value="91.000000" />
  <attribute name="ProportionalH" value="91.000000" />
  <attribute name="Current Error" value="182.000000" />
  <attribute name="IntegralT" value="1001.000000" />
  <attribute name="IntegralI" value="1001.000000" />
  <attribute name="IntegralH" value="1001.000000" />
  <attribute name="DerivativeT" value="-2.454545" />
  <attribute name="DerivativeI" value="-2.454545" />
  <attribute name="DerivativeH" value="-2.454545" />
  <attribute name="Loop Time for DT" value="11.000000" />
  <attribute name="Output H" value="8388608"/>
  <attribute name="Output I" value="1096"/>
  <attribute name="Output T" value="4"/>
  <attribute name="Target GC Util Change" value ="20.000000" />
  <attribute name="Current GC Util Change" value="202.000000"/>
  <attribute name="GC Util currently" value="202" />
  <attribute name="CPU Util currently" value="416592232856" />
<allocation-satisfied id="62" threadId="000000000240BE00" bytesRequested="48" />
<af-end id="63" timestamp="2019-06-14T12:20:20.691" threadId="000000000240C788" success="true" />
<exclusive-end id="64" timestamp="2019-06-14T12:20:20.691" durationms="21.431" />

<exclusive-start id="65" timestamp="2019-06-14T12:20:35.321" intervalms="14651.169">
  <response-info timems="0.052" idlems="0.052" threads="0" lastid="000000000240F900" lastname="Thread-4" />
</exclusive-start>
<af-start id="66" threadId="0000000002410288" totalBytesRequested="2056" timestamp="2019-06-14T12:20:35.321" intervalms="14651.162" />
<cycle-start id="67" type="global" contextid="0" timestamp="2019-06-14T12:20:35.321" intervalms="14651.163" />
<gc-start id="68" type="global" contextid="67" timestamp="2019-06-14T12:20:35.321">
  <mem-info id="69" free="104631296" total="2092630016" percent="4">
    <mem type="tenure" free="104631296" total="2092630016" percent="4">
      <mem type="soa" free="0" total="1987998720" percent="0" />
      <mem type="loa" free="104631296" total="104631296" percent="100" />
    </mem>
  </mem-info>
</gc-start>
<allocation-stats totalBytes="1983397984" >
  <allocated-bytes non-tlh="16392" tlh="1983381592" />
  <largest-consumer threadName="Thread-4" threadId="000000000240F900" bytes="578460736" />
</allocation-stats>
<gc-op id="70" type="mark" timems="2.465" contextid="67" timestamp="2019-06-14T12:20:35.324">
  <trace-info objectcount="45951" scancount="38165" scanbytes="1776568" />
  <finalization candidates="25" enqueued="0" />
  <references type="soft" candidates="164" cleared="0" enqueued="0" dynamicThreshold="31" maxThreshold="32" />
  <references type="weak" candidates="267" cleared="0" enqueued="0" />
  <references type="phantom" candidates="97" cleared="0" enqueued="0" />
  <stringconstants candidates="3963" cleared="0"  />
</gc-op>
<gc-op id="71" type="sweep" timems="1.402" contextid="67" timestamp="2019-06-14T12:20:35.326" />
<mem-info id="72" free="2089043584" total="2092630016" percent="99">
  <mem type="tenure" free="2089043584" total="2092630016" percent="99" micro-fragmented="2511" macro-fragmented="0">
    <mem type="soa" free="1984412288" total="1987998720" percent="99" />
    <mem type="loa" free="104631296" total="104631296" percent="100" />
  </mem>
</mem-info>
<gc-op id="73" type="compact" timems="5.884" contextid="67" timestamp="2019-06-14T12:20:35.332">
  <compact-info movecount="9946" movebytes="1238512" reason="compact to aid heap contraction" />
</gc-op>
<gc-end id="74" type="global" contextid="67" durationms="10.425" usertimems="28.000" systemtimems="0.000" timestamp="2019-06-14T12:20:35.332" activeThreads="4">
  <mem-info id="75" free="2089000728" total="2092630016" percent="99">
    <mem type="tenure" free="2089000728" total="2092630016" percent="99">
      <mem type="soa" free="1984369432" total="1987998720" percent="99" />
      <mem type="loa" free="104631296" total="104631296" percent="100" />
    </mem>
  </mem-info>
</gc-end>
<cycle-end id="76" type="global" contextid="67" timestamp="2019-06-14T12:20:35.332" />
  <attribute name="elasticGC enabled" value="1" />
  <attribute name= "numThreadsSpecified" value="4" />
  <attribute name="heapSize specified" value="2092630016" />
  <attribute name="Current GC Util" value="189" />
  <attribute name= "Current Time Running" value="49570" />
  <attribute name ="GC Interval" value="0" />
  <attribute name="ProportionalT" value="84.500000" />
  <attribute name="ProportionalI" value="84.500000" />
  <attribute name="ProportionalH" value="84.500000" />
  <attribute name="Current Error" value="169.000000" />
  <attribute name="IntegralT" value="507.000000" />
  <attribute name="IntegralI" value="507.000000" />
  <attribute name="IntegralH" value="507.000000" />
  <attribute name="DerivativeT" value="-6.666667" />
  <attribute name="DerivativeI" value="-6.666667" />
  <attribute name="DerivativeH" value="-6.666667" />
  <attribute name="Loop Time for DT" value="6.000000" />
  <attribute name="Output H" value="8388608"/>
  <attribute name="Output I" value="584"/>
  <attribute name="Output T" value="4"/>
  <attribute name="Target GC Util Change" value ="20.000000" />
  <attribute name="Current GC Util Change" value="189.000000"/>
  <attribute name="GC Util currently" value="189" />
  <attribute name="CPU Util currently" value="768587435240" />
<allocation-satisfied id="77" threadId="000000000240F900" bytesRequested="2056" />
<af-end id="78" timestamp="2019-06-14T12:20:35.332" threadId="0000000002410288" success="true" />
<exclusive-end id="79" timestamp="2019-06-14T12:20:35.333" durationms="11.309" />

<exclusive-start id="80" timestamp="2019-06-14T12:20:51.081" intervalms="15760.161">
  <response-info timems="0.036" idlems="0.036" threads="0" lastid="000000000240F900" lastname="Thread-4" />
</exclusive-start>
<af-start id="81" threadId="0000000002410288" totalBytesRequested="48" timestamp="2019-06-14T12:20:51.081" intervalms="15760.162" />
<cycle-start id="82" type="global" contextid="0" timestamp="2019-06-14T12:20:51.082" intervalms="15760.157" />
<gc-start id="83" type="global" contextid="82" timestamp="2019-06-14T12:20:51.082">
  <mem-info id="84" free="104631296" total="2092630016" percent="4">
    <mem type="tenure" free="104631296" total="2092630016" percent="4">
      <mem type="soa" free="0" total="1987998720" percent="0" />
      <mem type="loa" free="104631296" total="104631296" percent="100" />
    </mem>
  </mem-info>
</gc-start>
<allocation-stats totalBytes="1983525552" >
  <allocated-bytes non-tlh="0" tlh="1983525552" />
  <largest-consumer threadName="Thread-4" threadId="000000000240F900" bytes="557562600" />
</allocation-stats>
<gc-op id="85" type="mark" timems="2.243" contextid="82" timestamp="2019-06-14T12:20:51.084">
  <trace-info objectcount="42392" scancount="34615" scanbytes="1691612" />
  <finalization candidates="25" enqueued="0" />
  <references type="soft" candidates="164" cleared="0" enqueued="0" dynamicThreshold="31" maxThreshold="32" />
  <references type="weak" candidates="267" cleared="0" enqueued="0" />
  <references type="phantom" candidates="97" cleared="0" enqueued="0" />
  <stringconstants candidates="3963" cleared="0"  />
</gc-op>
<gc-op id="86" type="sweep" timems="1.457" contextid="82" timestamp="2019-06-14T12:20:51.086" />
<mem-info id="87" free="2089103288" total="2092630016" percent="99">
  <mem type="tenure" free="2089103288" total="2092630016" percent="99" micro-fragmented="5749" macro-fragmented="0">
    <mem type="soa" free="1984471992" total="1987998720" percent="99" />
    <mem type="loa" free="104631296" total="104631296" percent="100" />
  </mem>
</mem-info>
<gc-op id="88" type="compact" timems="6.714" contextid="82" timestamp="2019-06-14T12:20:51.092">
  <compact-info movecount="6381" movebytes="1177944" reason="compact to aid heap contraction" />
</gc-op>
<gc-end id="89" type="global" contextid="82" durationms="11.083" usertimems="16.000" systemtimems="16.000" timestamp="2019-06-14T12:20:51.093" activeThreads="4">
  <mem-info id="90" free="2089060872" total="2092630016" percent="99">
    <mem type="tenure" free="2089060872" total="2092630016" percent="99">
      <mem type="soa" free="1984429576" total="1987998720" percent="99" />
      <mem type="loa" free="104631296" total="104631296" percent="100" />
    </mem>
  </mem-info>
</gc-end>
<cycle-end id="91" type="global" contextid="82" timestamp="2019-06-14T12:20:51.093" />
  <attribute name="elasticGC enabled" value="1" />
  <attribute name= "numThreadsSpecified" value="4" />
  <attribute name="heapSize specified" value="2092630016" />
  <attribute name="Current GC Util" value="185" />
  <attribute name= "Current Time Running" value="65331" />
  <attribute name ="GC Interval" value="0" />
  <attribute name="ProportionalT" value="82.500000" />
  <attribute name="ProportionalI" value="82.500000" />
  <attribute name="ProportionalH" value="82.500000" />
  <attribute name="Current Error" value="165.000000" />
  <attribute name="IntegralT" value="577.500000" />
  <attribute name="IntegralI" value="577.500000" />
  <attribute name="IntegralH" value="577.500000" />
  <attribute name="DerivativeT" value="-6.142857" />
  <attribute name="DerivativeI" value="-6.142857" />
  <attribute name="DerivativeH" value="-6.142857" />
  <attribute name="Loop Time for DT" value="7.000000" />
  <attribute name="Output H" value="8388608"/>
  <attribute name="Output I" value="656"/>
  <attribute name="Output T" value="4"/>
  <attribute name="Target GC Util Change" value ="20.000000" />
  <attribute name="Current GC Util Change" value="185.000000"/>
  <attribute name="GC Util currently" value="185" />
  <attribute name="CPU Util currently" value="673226450740" />
<allocation-satisfied id="92" threadId="000000000240F900" bytesRequested="48" />
<af-end id="93" timestamp="2019-06-14T12:20:51.093" threadId="0000000002410288" success="true" />
<exclusive-end id="94" timestamp="2019-06-14T12:20:51.093" durationms="12.103" />

</verbosegc>

