<?xml version="1.0" ?>

<verbosegc xmlns="http://www.ibm.com/j9/verbosegc" version="10b4217_CMPRSS">

<initialized id="1" timestamp="2019-06-16T18:48:41.986">
  <attribute name="gcPolicy" value="-Xgcpolicy:gencon" />
  <attribute name="elasticGC enabled" value="1" />
  <attribute name= "numThreadsSpecified" value="0" />
  <attribute name="heapSize specified" value="0" />
  <attribute name="Current GC Util" value="0" />
  <attribute name= "Current Time Running" value="0" />
  <attribute name ="GC Interval" value="0" />
  <attribute name="ProportionalT" value="0.000000" />
  <attribute name="ProportionalI" value="0.000000" />
  <attribute name="ProportionalH" value="0.000000" />
  <attribute name="IntegralT" value="0.000000" />
  <attribute name="IntegralI" value="0.000000" />
  <attribute name="IntegralH" value="0.000000" />
  <attribute name="DerivativeT" value="0.000000" />
  <attribute name="DerivativeI" value="0.000000" />
  <attribute name="DerivativeH" value="0.000000" />
  <attribute name="Target GC Util Change" value ="0.000000" />
  <attribute name="Current GC Util Change" value="0.000000"/>
  <attribute name="Current Error" value="0.000000" />
  <attribute name="Loop Time for DT" value="0.000000" />
  <attribute name="Output H" value="0"/>
  <attribute name="Output I" value="0"/>
  <attribute name="Output T" value="0"/>
  <attribute name="GC Util currently" value="0" />
  <attribute name="CPU Util currently" value="0" />
  <attribute name="maxHeapSize" value="0x7cbc0000" />
  <attribute name="initialHeapSize" value="0x800000" />
  <attribute name="compressedRefs" value="true" />
  <attribute name="compressedRefsDisplacement" value="0x0" />
  <attribute name="compressedRefsShift" value="0x0" />
  <attribute name="pageSize" value="0x1000" />
  <attribute name="pageType" value="not used" />
  <attribute name="requestedPageSize" value="0x1000" />
  <attribute name="requestedPageType" value="not used" />
  <attribute name="gcthreads" value="4" />
  <attribute name="gcthreads Concurrent Mark" value="1" />
  <attribute name="packetListSplit" value="4" />
  <attribute name="cacheListSplit" value="4" />
  <attribute name="splitFreeListSplitAmount" value="1" />
  <attribute name="numaNodes" value="0" />
  <system>
    <attribute name="physicalMemory" value="8370962432" />
    <attribute name="numCPUs" value="4" />
    <attribute name="architecture" value="amd64" />
    <attribute name="os" value="Linux" />
    <attribute name="osVersion" value="4.4.0-148-generic" />
  </system>
  <vmargs>
    <vmarg name="-Xoptionsfile=/vagrant/jdk/lib/options.default" />
    <vmarg name="-Xlockword:mode=default,noLockword=java/lang/String,noLockword=java/util/MapEntry,noLockword=java/util/HashMap$Entry,noLockword..." />
    <vmarg name="-Xjcl:jclse29" />
    <vmarg name="-Dcom.ibm.oti.vm.bootstrap.library.path=/vagrant/jdk/lib/compressedrefs:/vagrant/jdk/lib" />
    <vmarg name="-Dsun.boot.library.path=/vagrant/jdk/lib/compressedrefs:/vagrant/jdk/lib" />
    <vmarg name="-Djava.library.path=/vagrant/jdk/lib/compressedrefs:/vagrant/jdk/lib:/usr/lib64:/usr/lib" />
    <vmarg name="-Djava.home=/vagrant/jdk" />
    <vmarg name="-Duser.dir=/vagrant" />
    <vmarg name="-verbose:gc" />
    <vmarg name="-Xgcelastic" />
    <vmarg name="-Xcheck:gc:::elasticGC" />
    <vmarg name="-Xloggc:large-jdk-1-1-0.5-verbose12pmd.txt" />
    <vmarg name="-Djava.class.path=dacapo-9.12-MR1-bach.jar" />
    <vmarg name="-Dsun.java.command=dacapo-9.12-MR1-bach.jar pmd --size=large" />
    <vmarg name="-Dsun.java.launcher=SUN_STANDARD" />
    <vmarg name="-Dsun.java.launcher.pid=25270" />
  </vmargs>
</initialized>

<exclusive-start id="2" timestamp="2019-06-16T18:48:42.200" intervalms="213.982">
  <response-info timems="0.061" idlems="0.061" threads="0" lastid="0000000000769700" lastname="main" />
</exclusive-start>
<af-start id="3" threadId="000000000076A088" totalBytesRequested="3080" timestamp="2019-06-16T18:48:42.201" intervalms="214.261" type="nursery" />
<cycle-start id="4" type="scavenge" contextid="0" timestamp="2019-06-16T18:48:42.201" intervalms="214.761" />
<gc-start id="5" type="scavenge" contextid="4" timestamp="2019-06-16T18:48:42.207">
  <mem-info id="6" free="6062624" total="8388608" percent="72">
    <mem type="nursery" free="0" total="2097152" percent="0">
      <mem type="allocate" free="0" total="1048576" percent="0" />
      <mem type="survivor" free="0" total="1048576" percent="0" />
    </mem>
    <mem type="tenure" free="6062624" total="6291456" percent="96">
      <mem type="soa" free="5748256" total="5977088" percent="96" />
      <mem type="loa" free="314368" total="314368" percent="100" />
    </mem>
    <remembered-set count="3161" />
  </mem-info>
</gc-start>
<allocation-stats totalBytes="1273280" >
  <allocated-bytes non-tlh="344784" tlh="928496" />
  <largest-consumer threadName="main" threadId="0000000000769700" bytes="1197360" />
</allocation-stats>
<gc-op id="7" type="scavenge" timems="2.398" contextid="4" timestamp="2019-06-16T18:48:42.209">
  <scavenger-info tenureage="2" tenuremask="fffc" tiltratio="50" />
  <memory-copied type="nursery" objects="10578" bytes="477544" bytesdiscarded="121848" />
  <finalization candidates="11" enqueued="0" />
  <references type="soft" candidates="62" cleared="0" enqueued="0" dynamicThreshold="32" maxThreshold="32" />
  <references type="weak" candidates="309" cleared="177" enqueued="141" />
  <references type="phantom" candidates="25" cleared="6" enqueued="6" />
</gc-op>
<gc-end id="8" type="scavenge" contextid="4" durationms="6.069" usertimems="0.000" systemtimems="4.000" timestamp="2019-06-16T18:48:42.213" activeThreads="4">
  <mem-info id="9" free="6509712" total="8388608" percent="77">
    <mem type="nursery" free="447088" total="2097152" percent="21">
      <mem type="allocate" free="447088" total="1048576" percent="42" />
      <mem type="survivor" free="0" total="1048576" percent="0" />
    </mem>
    <mem type="tenure" free="6062624" total="6291456" percent="96">
      <mem type="soa" free="5748256" total="5977088" percent="96" />
      <mem type="loa" free="314368" total="314368" percent="100" />
    </mem>
    <pending-finalizers system="0" default="0" reference="147" classloader="0" />
    <remembered-set count="3161" />
  </mem-info>
</gc-end>
<cycle-end id="10" type="scavenge" contextid="4" timestamp="2019-06-16T18:48:42.213" />
  <attribute name="elasticGC enabled" value="1" />
  <attribute name= "numThreadsSpecified" value="0" />
  <attribute name="heapSize specified" value="0" />
  <attribute name="Current GC Util" value="0" />
  <attribute name= "Current Time Running" value="78" />
  <attribute name ="GC Interval" value="1" />
  <attribute name="ProportionalT" value="0.000000" />
  <attribute name="ProportionalI" value="0.000000" />
  <attribute name="ProportionalH" value="0.000000" />
  <attribute name="Current Error" value="0.000000" />
  <attribute name="IntegralT" value="0.000000" />
  <attribute name="IntegralI" value="0.000000" />
  <attribute name="IntegralH" value="0.000000" />
  <attribute name="DerivativeT" value="0.000000" />
  <attribute name="DerivativeI" value="0.000000" />
  <attribute name="DerivativeH" value="0.000000" />
  <attribute name="Loop Time for DT" value="0.000000" />
  <attribute name="Output H" value="0"/>
  <attribute name="Output I" value="0"/>
  <attribute name="Output T" value="0"/>
  <attribute name="Target GC Util Change" value ="20.000000" />
  <attribute name="Current GC Util Change" value="0.000000"/>
  <attribute name="GC Util currently" value="0" />
  <attribute name="CPU Util currently" value="25" />
<allocation-satisfied id="11" threadId="0000000000769700" bytesRequested="3080" />
<af-end id="12" timestamp="2019-06-16T18:48:42.213" threadId="000000000076A088" success="true" from="nursery"/>
<exclusive-end id="13" timestamp="2019-06-16T18:48:42.213" durationms="12.792" />

<exclusive-start id="14" timestamp="2019-06-16T18:48:42.234" intervalms="33.584">
  <response-info timems="0.026" idlems="0.026" threads="0" lastid="0000000000769700" lastname="main" />
</exclusive-start>
<af-start id="15" threadId="000000000076A088" totalBytesRequested="3080" timestamp="2019-06-16T18:48:42.234" intervalms="33.381" type="nursery" />
<cycle-start id="16" type="scavenge" contextid="0" timestamp="2019-06-16T18:48:42.234" intervalms="32.952" />
<gc-start id="17" type="scavenge" contextid="16" timestamp="2019-06-16T18:48:42.238">
  <mem-info id="18" free="6054888" total="8388608" percent="72">
    <mem type="nursery" free="0" total="2097152" percent="0">
      <mem type="allocate" free="0" total="1048576" percent="0" />
      <mem type="survivor" free="0" total="1048576" percent="0" />
    </mem>
    <mem type="tenure" free="6054888" total="6291456" percent="96">
      <mem type="soa" free="5740520" total="5977088" percent="96" />
      <mem type="loa" free="314368" total="314368" percent="100" />
    </mem>
    <remembered-set count="3262" />
  </mem-info>
</gc-start>
<allocation-stats totalBytes="450168" >
  <allocated-bytes non-tlh="10816" tlh="439352" />
  <largest-consumer threadName="main" threadId="0000000000769700" bytes="438192" />
</allocation-stats>
<gc-op id="19" type="scavenge" timems="0.838" contextid="16" timestamp="2019-06-16T18:48:42.239">
  <scavenger-info tenureage="5" tenuremask="7fe0" tiltratio="50" />
  <memory-copied type="nursery" objects="10895" bytes="501984" bytesdiscarded="58344" />
  <finalization candidates="11" enqueued="0" />
  <references type="soft" candidates="62" cleared="0" enqueued="0" dynamicThreshold="32" maxThreshold="32" />
  <references type="weak" candidates="242" cleared="96" enqueued="93" />
  <references type="phantom" candidates="38" cleared="12" enqueued="12" />
</gc-op>
<gc-end id="20" type="scavenge" contextid="16" durationms="1.035" usertimems="0.000" systemtimems="4.000" timestamp="2019-06-16T18:48:42.239" activeThreads="4">
  <mem-info id="21" free="6541664" total="8388608" percent="77">
    <mem type="nursery" free="486776" total="2097152" percent="23">
      <mem type="allocate" free="486776" total="1048576" percent="46" />
      <mem type="survivor" free="0" total="1048576" percent="0" />
    </mem>
    <mem type="tenure" free="6054888" total="6291456" percent="96">
      <mem type="soa" free="5740520" total="5977088" percent="96" />
      <mem type="loa" free="314368" total="314368" percent="100" />
    </mem>
    <pending-finalizers system="0" default="0" reference="105" classloader="0" />
    <remembered-set count="3262" />
  </mem-info>
</gc-end>
<cycle-end id="22" type="scavenge" contextid="16" timestamp="2019-06-16T18:48:42.239" />
  <attribute name="elasticGC enabled" value="1" />
  <attribute name= "numThreadsSpecified" value="4" />
  <attribute name="heapSize specified" value="0" />
  <attribute name="Current GC Util" value="36" />
  <attribute name= "Current Time Running" value="109" />
  <attribute name ="GC Interval" value="512" />
  <attribute name="ProportionalT" value="16.000000" />
  <attribute name="ProportionalI" value="16.000000" />
  <attribute name="ProportionalH" value="16.000000" />
  <attribute name="Current Error" value="16.000000" />
  <attribute name="IntegralT" value="496.000000" />
  <attribute name="IntegralI" value="496.000000" />
  <attribute name="IntegralH" value="496.000000" />
  <attribute name="DerivativeT" value="0.258065" />
  <attribute name="DerivativeI" value="0.258065" />
  <attribute name="DerivativeH" value="0.258065" />
  <attribute name="Loop Time for DT" value="31.000000" />
  <attribute name="Output H" value="8388608"/>
  <attribute name="Output I" value="512"/>
  <attribute name="Output T" value="4"/>
  <attribute name="Target GC Util Change" value ="20.000000" />
  <attribute name="Current GC Util Change" value="36.000000"/>
  <attribute name="GC Util currently" value="36" />
  <attribute name="CPU Util currently" value="22" />
<allocation-satisfied id="23" threadId="0000000000769700" bytesRequested="3080" />
<af-end id="24" timestamp="2019-06-16T18:48:42.239" threadId="000000000076A088" success="true" from="nursery"/>
<exclusive-end id="25" timestamp="2019-06-16T18:48:42.239" durationms="5.406" />

<exclusive-start id="26" timestamp="2019-06-16T18:48:42.250" intervalms="16.117">
  <response-info timems="0.103" idlems="0.103" threads="0" lastid="0000000000769700" lastname="main" />
</exclusive-start>
<af-start id="27" threadId="000000000076A088" totalBytesRequested="2864" timestamp="2019-06-16T18:48:42.250" intervalms="16.185" type="nursery" />
<cycle-start id="28" type="scavenge" contextid="0" timestamp="2019-06-16T18:48:42.250" intervalms="16.233" />
<gc-start id="29" type="scavenge" contextid="28" timestamp="2019-06-16T18:48:42.250">
  <mem-info id="30" free="6052008" total="8388608" percent="72">
    <mem type="nursery" free="0" total="2097152" percent="0">
      <mem type="allocate" free="0" total="1048576" percent="0" />
      <mem type="survivor" free="0" total="1048576" percent="0" />
    </mem>
    <mem type="tenure" free="6052008" total="6291456" percent="96">
      <mem type="soa" free="5737640" total="5977088" percent="95" />
      <mem type="loa" free="314368" total="314368" percent="100" />
    </mem>
    <remembered-set count="3297" />
  </mem-info>
</gc-start>
<allocation-stats totalBytes="476432" >
  <allocated-bytes non-tlh="5960" tlh="470472" />
  <largest-consumer threadName="main" threadId="0000000000769700" bytes="468240" />
</allocation-stats>
<gc-op id="31" type="scavenge" timems="0.842" contextid="28" timestamp="2019-06-16T18:48:42.251">
  <scavenger-info tenureage="4" tenuremask="7ff0" tiltratio="50" />
  <memory-copied type="nursery" objects="10935" bytes="540896" bytesdiscarded="79768" />
  <finalization candidates="11" enqueued="0" />
  <references type="soft" candidates="62" cleared="0" enqueued="0" dynamicThreshold="32" maxThreshold="32" />
  <references type="weak" candidates="226" cleared="79" enqueued="79" />
  <references type="phantom" candidates="37" cleared="10" enqueued="10" />
</gc-op>
<gc-end id="32" type="scavenge" contextid="28" durationms="1.067" usertimems="4.000" systemtimems="0.000" timestamp="2019-06-16T18:48:42.251" activeThreads="4">
  <mem-info id="33" free="6478464" total="8388608" percent="77">
    <mem type="nursery" free="426456" total="2097152" percent="20">
      <mem type="allocate" free="426456" total="1048576" percent="40" />
      <mem type="survivor" free="0" total="1048576" percent="0" />
    </mem>
    <mem type="tenure" free="6052008" total="6291456" percent="96">
      <mem type="soa" free="5737640" total="5977088" percent="95" />
      <mem type="loa" free="314368" total="314368" percent="100" />
    </mem>
    <pending-finalizers system="0" default="0" reference="89" classloader="0" />
    <remembered-set count="1027" />
  </mem-info>
</gc-end>
<cycle-end id="34" type="scavenge" contextid="28" timestamp="2019-06-16T18:48:42.251" />
  <attribute name="elasticGC enabled" value="1" />
  <attribute name= "numThreadsSpecified" value="4" />
  <attribute name="heapSize specified" value="0" />
  <attribute name="Current GC Util" value="41" />
  <attribute name= "Current Time Running" value="122" />
  <attribute name ="GC Interval" value="792" />
  <attribute name="ProportionalT" value="21.000000" />
  <attribute name="ProportionalI" value="21.000000" />
  <attribute name="ProportionalH" value="21.000000" />
  <attribute name="Current Error" value="21.000000" />
  <attribute name="IntegralT" value="769.000000" />
  <attribute name="IntegralI" value="769.000000" />
  <attribute name="IntegralH" value="769.000000" />
  <attribute name="DerivativeT" value="0.192308" />
  <attribute name="DerivativeI" value="0.192308" />
  <attribute name="DerivativeH" value="0.192308" />
  <attribute name="Loop Time for DT" value="13.000000" />
  <attribute name="Output H" value="8388608"/>
  <attribute name="Output I" value="792"/>
  <attribute name="Output T" value="4"/>
  <attribute name="Target GC Util Change" value ="20.000000" />
  <attribute name="Current GC Util Change" value="41.000000"/>
  <attribute name="GC Util currently" value="41" />
  <attribute name="CPU Util currently" value="367594572833" />
<allocation-satisfied id="35" threadId="0000000000769700" bytesRequested="2864" />
<af-end id="36" timestamp="2019-06-16T18:48:42.252" threadId="000000000076A088" success="true" from="nursery"/>
<exclusive-end id="37" timestamp="2019-06-16T18:48:42.252" durationms="1.724" />

<exclusive-start id="38" timestamp="2019-06-16T18:48:42.362" intervalms="111.764">
  <response-info timems="0.028" idlems="0.028" threads="0" lastid="0000000000769700" lastname="main" />
</exclusive-start>
<af-start id="39" threadId="000000000076A088" totalBytesRequested="32" timestamp="2019-06-16T18:48:42.362" intervalms="111.713" type="nursery" />
<cycle-start id="40" type="scavenge" contextid="0" timestamp="2019-06-16T18:48:42.362" intervalms="111.663" />
<gc-start id="41" type="scavenge" contextid="40" timestamp="2019-06-16T18:48:42.362">
  <mem-info id="42" free="6048488" total="8388608" percent="72">
    <mem type="nursery" free="0" total="2097152" percent="0">
      <mem type="allocate" free="0" total="1048576" percent="0" />
      <mem type="survivor" free="0" total="1048576" percent="0" />
    </mem>
    <mem type="tenure" free="6048488" total="6291456" percent="96">
      <mem type="soa" free="5734120" total="5977088" percent="95" />
      <mem type="loa" free="314368" total="314368" percent="100" />
    </mem>
    <remembered-set count="1091" />
  </mem-info>
</gc-start>
<allocation-stats totalBytes="429784" >
  <allocated-bytes non-tlh="49432" tlh="380352" />
  <largest-consumer threadName="main" threadId="0000000000769700" bytes="429784" />
</allocation-stats>
<gc-op id="43" type="scavenge" timems="1.053" contextid="40" timestamp="2019-06-16T18:48:42.363">
  <scavenger-info tenureage="3" tenuremask="fff8" tiltratio="50" />
  <memory-copied type="nursery" objects="801" bytes="158640" bytesdiscarded="110416" />
  <memory-copied type="tenure" objects="10290" bytes="460032" bytesdiscarded="456" />
  <finalization candidates="13" enqueued="0" />
  <references type="soft" candidates="1" cleared="0" enqueued="0" dynamicThreshold="32" maxThreshold="32" />
  <references type="weak" candidates="60" cleared="45" enqueued="45" />
  <references type="phantom" candidates="21" cleared="12" enqueued="12" />
</gc-op>
<gc-end id="44" type="scavenge" contextid="40" durationms="1.248" usertimems="0.000" systemtimems="0.000" timestamp="2019-06-16T18:48:42.363" activeThreads="4">
  <mem-info id="45" free="6284808" total="8388608" percent="74">
    <mem type="nursery" free="779464" total="2097152" percent="37">
      <mem type="allocate" free="779464" total="1048576" percent="74" />
      <mem type="survivor" free="0" total="1048576" percent="0" />
    </mem>
    <mem type="tenure" free="5505344" total="6291456" percent="87">
      <mem type="soa" free="5190976" total="5977088" percent="86" />
      <mem type="loa" free="314368" total="314368" percent="100" />
    </mem>
    <pending-finalizers system="0" default="0" reference="57" classloader="0" />
    <remembered-set count="207" />
  </mem-info>
</gc-end>
<cycle-end id="46" type="scavenge" contextid="40" timestamp="2019-06-16T18:48:42.363" />
  <attribute name="elasticGC enabled" value="1" />
  <attribute name= "numThreadsSpecified" value="4" />
  <attribute name="heapSize specified" value="0" />
  <attribute name="Current GC Util" value="1" />
  <attribute name= "Current Time Running" value="233" />
  <attribute name ="GC Interval" value="200" />
  <attribute name="ProportionalT" value="-19.000000" />
  <attribute name="ProportionalI" value="-19.000000" />
  <attribute name="ProportionalH" value="-19.000000" />
  <attribute name="Current Error" value="-19.000000" />
  <attribute name="IntegralT" value="-1340.000000" />
  <attribute name="IntegralI" value="-1340.000000" />
  <attribute name="IntegralH" value="-1340.000000" />
  <attribute name="DerivativeT" value="-0.180180" />
  <attribute name="DerivativeI" value="-0.180180" />
  <attribute name="DerivativeH" value="-0.180180" />
  <attribute name="Loop Time for DT" value="111.000000" />
  <attribute name="Output H" value="2092630016"/>
  <attribute name="Output I" value="200"/>
  <attribute name="Output T" value="4"/>
  <attribute name="Target GC Util Change" value ="20.000000" />
  <attribute name="Current GC Util Change" value="1.000000"/>
  <attribute name="GC Util currently" value="1" />
  <attribute name="CPU Util currently" value="9" />
<allocation-satisfied id="47" threadId="0000000000769700" bytesRequested="32" />
<af-end id="48" timestamp="2019-06-16T18:48:42.363" threadId="000000000076A088" success="true" from="nursery"/>
<exclusive-end id="49" timestamp="2019-06-16T18:48:42.363" durationms="1.730" />

<exclusive-start id="50" timestamp="2019-06-16T18:48:42.488" intervalms="126.688">
  <response-info timems="0.024" idlems="0.024" threads="0" lastid="0000000000769700" lastname="main" />
</exclusive-start>
<af-start id="51" threadId="000000000076A088" totalBytesRequested="2056" timestamp="2019-06-16T18:48:42.488" intervalms="126.671" type="nursery" />
<cycle-start id="52" type="scavenge" contextid="0" timestamp="2019-06-16T18:48:42.489" intervalms="126.666" />
<gc-start id="53" type="scavenge" contextid="52" timestamp="2019-06-16T18:48:42.489">
  <mem-info id="54" free="5504424" total="8388608" percent="65">
    <mem type="nursery" free="0" total="2097152" percent="0">
      <mem type="allocate" free="0" total="1048576" percent="0" />
      <mem type="survivor" free="0" total="1048576" percent="0" />
    </mem>
    <mem type="tenure" free="5504424" total="6291456" percent="87">
      <mem type="soa" free="5190056" total="5977088" percent="86" />
      <mem type="loa" free="314368" total="314368" percent="100" />
    </mem>
    <remembered-set count="223" />
  </mem-info>
</gc-start>
<allocation-stats totalBytes="777080" >
  <allocated-bytes non-tlh="952" tlh="776128" />
  <largest-consumer threadName="main" threadId="0000000000769700" bytes="777080" />
</allocation-stats>
<gc-op id="55" type="scavenge" timems="0.441" contextid="52" timestamp="2019-06-16T18:48:42.489">
  <scavenger-info tenureage="3" tenuremask="fff8" tiltratio="50" />
  <memory-copied type="nursery" objects="472" bytes="95432" bytesdiscarded="38384" />
  <memory-copied type="tenure" objects="303" bytes="15168" bytesdiscarded="0" />
  <finalization candidates="3" enqueued="1" />
  <references type="soft" candidates="1" cleared="0" enqueued="0" dynamicThreshold="32" maxThreshold="32" />
  <references type="weak" candidates="5" cleared="3" enqueued="3" />
  <references type="phantom" candidates="6" cleared="1" enqueued="1" />
</gc-op>
<gc-end id="56" type="scavenge" contextid="52" durationms="0.647" usertimems="0.000" systemtimems="0.000" timestamp="2019-06-16T18:48:42.489" activeThreads="4">
  <mem-info id="57" free="6379936" total="8388608" percent="76">
    <mem type="nursery" free="914680" total="2097152" percent="43">
      <mem type="allocate" free="914680" total="1048576" percent="87" />
      <mem type="survivor" free="0" total="1048576" percent="0" />
    </mem>
    <mem type="tenure" free="5465256" total="6291456" percent="86">
      <mem type="soa" free="5150888" total="5977088" percent="86" />
      <mem type="loa" free="314368" total="314368" percent="100" />
    </mem>
    <pending-finalizers system="1" default="0" reference="4" classloader="0" />
    <remembered-set count="167" />
  </mem-info>
</gc-end>
<cycle-end id="58" type="scavenge" contextid="52" timestamp="2019-06-16T18:48:42.489" />
  <attribute name="elasticGC enabled" value="1" />
  <attribute name= "numThreadsSpecified" value="4" />
  <attribute name="heapSize specified" value="0" />
  <attribute name="Current GC Util" value="1" />
  <attribute name= "Current Time Running" value="360" />
  <attribute name ="GC Interval" value="200" />
  <attribute name="ProportionalT" value="-19.000000" />
  <attribute name="ProportionalI" value="-19.000000" />
  <attribute name="ProportionalH" value="-19.000000" />
  <attribute name="Current Error" value="-19.000000" />
  <attribute name="IntegralT" value="-3753.000000" />
  <attribute name="IntegralI" value="-3753.000000" />
  <attribute name="IntegralH" value="-3753.000000" />
  <attribute name="DerivativeT" value="-0.074803" />
  <attribute name="DerivativeI" value="-0.074803" />
  <attribute name="DerivativeH" value="-0.074803" />
  <attribute name="Loop Time for DT" value="127.000000" />
  <attribute name="Output H" value="2092630016"/>
  <attribute name="Output I" value="200"/>
  <attribute name="Output T" value="4"/>
  <attribute name="Target GC Util Change" value ="20.000000" />
  <attribute name="Current GC Util Change" value="1.000000"/>
  <attribute name="GC Util currently" value="1" />
  <attribute name="CPU Util currently" value="5" />
<allocation-satisfied id="59" threadId="0000000000769700" bytesRequested="2056" />
<af-end id="60" timestamp="2019-06-16T18:48:42.490" threadId="000000000076A088" success="true" from="nursery"/>
<exclusive-end id="61" timestamp="2019-06-16T18:48:42.490" durationms="1.256" />

<exclusive-start id="62" timestamp="2019-06-16T18:48:42.617" intervalms="128.718">
  <response-info timems="0.030" idlems="0.030" threads="0" lastid="0000000000769700" lastname="main" />
</exclusive-start>
<af-start id="63" threadId="000000000076A088" totalBytesRequested="2056" timestamp="2019-06-16T18:48:42.617" intervalms="128.758" type="nursery" />
<cycle-start id="64" type="scavenge" contextid="0" timestamp="2019-06-16T18:48:42.617" intervalms="128.761" />
<gc-start id="65" type="scavenge" contextid="64" timestamp="2019-06-16T18:48:42.617">
  <mem-info id="66" free="5465256" total="8388608" percent="65">
    <mem type="nursery" free="0" total="2097152" percent="0">
      <mem type="allocate" free="0" total="1048576" percent="0" />
      <mem type="survivor" free="0" total="1048576" percent="0" />
    </mem>
    <mem type="tenure" free="5465256" total="6291456" percent="86">
      <mem type="soa" free="5150888" total="5977088" percent="86" />
      <mem type="loa" free="314368" total="314368" percent="100" />
    </mem>
    <remembered-set count="169" />
  </mem-info>
</gc-start>
<allocation-stats totalBytes="905376" >
  <allocated-bytes non-tlh="2056" tlh="903320" />
  <largest-consumer threadName="main" threadId="0000000000769700" bytes="905376" />
</allocation-stats>
<gc-op id="67" type="scavenge" timems="0.281" contextid="64" timestamp="2019-06-16T18:48:42.618">
  <scavenger-info tenureage="4" tenuremask="fff0" tiltratio="50" />
  <memory-copied type="nursery" objects="453" bytes="86480" bytesdiscarded="16368" />
  <finalization candidates="2" enqueued="0" />
  <references type="soft" candidates="1" cleared="0" enqueued="0" dynamicThreshold="32" maxThreshold="32" />
  <references type="weak" candidates="2" cleared="0" enqueued="0" />
  <references type="phantom" candidates="5" cleared="0" enqueued="0" />
</gc-op>
<gc-end id="68" type="scavenge" contextid="64" durationms="0.527" usertimems="0.000" systemtimems="0.000" timestamp="2019-06-16T18:48:42.618" activeThreads="4">
  <mem-info id="69" free="6541976" total="8388608" percent="77">
    <mem type="nursery" free="1076720" total="2097152" percent="51">
      <mem type="allocate" free="1076720" total="1179648" percent="91" />
      <mem type="survivor" free="0" total="917504" percent="0" />
    </mem>
    <mem type="tenure" free="5465256" total="6291456" percent="86">
      <mem type="soa" free="5150888" total="5977088" percent="86" />
      <mem type="loa" free="314368" total="314368" percent="100" />
    </mem>
    <remembered-set count="106" />
  </mem-info>
</gc-end>
<cycle-end id="70" type="scavenge" contextid="64" timestamp="2019-06-16T18:48:42.618" />
  <attribute name="elasticGC enabled" value="1" />
  <attribute name= "numThreadsSpecified" value="4" />
  <attribute name="heapSize specified" value="0" />
  <attribute name="Current GC Util" value="0" />
  <attribute name= "Current Time Running" value="489" />
  <attribute name ="GC Interval" value="200" />
  <attribute name="ProportionalT" value="-20.000000" />
  <attribute name="ProportionalI" value="-20.000000" />
  <attribute name="ProportionalH" value="-20.000000" />
  <attribute name="Current Error" value="-20.000000" />
  <attribute name="IntegralT" value="-6333.000000" />
  <attribute name="IntegralI" value="-6333.000000" />
  <attribute name="IntegralH" value="-6333.000000" />
  <attribute name="DerivativeT" value="-0.077519" />
  <attribute name="DerivativeI" value="-0.077519" />
  <attribute name="DerivativeH" value="-0.077519" />
  <attribute name="Loop Time for DT" value="129.000000" />
  <attribute name="Output H" value="2092630016"/>
  <attribute name="Output I" value="200"/>
  <attribute name="Output T" value="4"/>
  <attribute name="Target GC Util Change" value ="20.000000" />
  <attribute name="Current GC Util Change" value="0.000000"/>
  <attribute name="GC Util currently" value="0" />
  <attribute name="CPU Util currently" value="15" />
<allocation-satisfied id="71" threadId="0000000000769700" bytesRequested="2056" />
<af-end id="72" timestamp="2019-06-16T18:48:42.618" threadId="000000000076A088" success="true" from="nursery"/>
<exclusive-end id="73" timestamp="2019-06-16T18:48:42.618" durationms="1.042" />

<exclusive-start id="74" timestamp="2019-06-16T18:48:42.746" intervalms="129.215">
  <response-info timems="0.025" idlems="0.025" threads="0" lastid="0000000000769700" lastname="main" />
</exclusive-start>
<af-start id="75" threadId="000000000076A088" totalBytesRequested="2056" timestamp="2019-06-16T18:48:42.746" intervalms="129.182" type="nursery" />
<cycle-start id="76" type="scavenge" contextid="0" timestamp="2019-06-16T18:48:42.746" intervalms="129.175" />
<gc-start id="77" type="scavenge" contextid="76" timestamp="2019-06-16T18:48:42.747">
  <mem-info id="78" free="5465256" total="8388608" percent="65">
    <mem type="nursery" free="0" total="2097152" percent="0">
      <mem type="allocate" free="0" total="1179648" percent="0" />
      <mem type="survivor" free="0" total="917504" percent="0" />
    </mem>
    <mem type="tenure" free="5465256" total="6291456" percent="86">
      <mem type="soa" free="5150888" total="5977088" percent="86" />
      <mem type="loa" free="314368" total="314368" percent="100" />
    </mem>
    <remembered-set count="106" />
  </mem-info>
</gc-start>
<allocation-stats totalBytes="1064064" >
  <allocated-bytes non-tlh="2056" tlh="1062008" />
  <largest-consumer threadName="main" threadId="0000000000769700" bytes="1064064" />
</allocation-stats>
<gc-op id="79" type="scavenge" timems="0.311" contextid="76" timestamp="2019-06-16T18:48:42.747">
  <scavenger-info tenureage="3" tenuremask="fff8" tiltratio="56" />
  <memory-copied type="nursery" objects="100" bytes="25496" bytesdiscarded="52808" />
  <memory-copied type="tenure" objects="354" bytes="63120" bytesdiscarded="0" />
  <finalization candidates="2" enqueued="0" />
  <references type="weak" candidates="1" cleared="0" enqueued="0" />
  <references type="phantom" candidates="3" cleared="0" enqueued="0" />
</gc-op>
<gc-end id="80" type="scavenge" contextid="76" durationms="0.486" usertimems="0.000" systemtimems="0.000" timestamp="2019-06-16T18:48:42.747" activeThreads="4">
  <mem-info id="81" free="6656656" total="8388608" percent="79">
    <mem type="nursery" free="1232384" total="2097152" percent="58">
      <mem type="allocate" free="1232384" total="1310720" percent="94" />
      <mem type="survivor" free="0" total="786432" percent="0" />
    </mem>
    <mem type="tenure" free="5424272" total="6291456" percent="86">
      <mem type="soa" free="5109904" total="5977088" percent="85" />
      <mem type="loa" free="314368" total="314368" percent="100" />
    </mem>
    <remembered-set count="72" />
  </mem-info>
</gc-end>
<cycle-end id="82" type="scavenge" contextid="76" timestamp="2019-06-16T18:48:42.747" />
  <attribute name="elasticGC enabled" value="1" />
  <attribute name= "numThreadsSpecified" value="4" />
  <attribute name="heapSize specified" value="0" />
  <attribute name="Current GC Util" value="0" />
  <attribute name= "Current Time Running" value="618" />
  <attribute name ="GC Interval" value="200" />
  <attribute name="ProportionalT" value="-20.000000" />
  <attribute name="ProportionalI" value="-20.000000" />
  <attribute name="ProportionalH" value="-20.000000" />
  <attribute name="Current Error" value="-20.000000" />
  <attribute name="IntegralT" value="-2580.000000" />
  <attribute name="IntegralI" value="-2580.000000" />
  <attribute name="IntegralH" value="-2580.000000" />
  <attribute name="DerivativeT" value="-0.077519" />
  <attribute name="DerivativeI" value="-0.077519" />
  <attribute name="DerivativeH" value="-0.077519" />
  <attribute name="Loop Time for DT" value="129.000000" />
  <attribute name="Output H" value="2092630016"/>
  <attribute name="Output I" value="200"/>
  <attribute name="Output T" value="4"/>
  <attribute name="Target GC Util Change" value ="20.000000" />
  <attribute name="Current GC Util Change" value="0.000000"/>
  <attribute name="GC Util currently" value="0" />
  <attribute name="CPU Util currently" value="15" />
<allocation-satisfied id="83" threadId="0000000000769700" bytesRequested="2056" />
<af-end id="84" timestamp="2019-06-16T18:48:42.747" threadId="000000000076A088" success="true" from="nursery"/>
<exclusive-end id="85" timestamp="2019-06-16T18:48:42.747" durationms="0.916" />

<exclusive-start id="86" timestamp="2019-06-16T18:48:42.848" intervalms="101.631">
  <response-info timems="0.049" idlems="0.049" threads="0" lastid="0000000000769700" lastname="main" />
</exclusive-start>
<af-start id="87" threadId="000000000076A088" totalBytesRequested="72" timestamp="2019-06-16T18:48:42.848" intervalms="101.745" type="nursery" />
<cycle-start id="88" type="scavenge" contextid="0" timestamp="2019-06-16T18:48:42.848" intervalms="101.782" />
<gc-start id="89" type="scavenge" contextid="88" timestamp="2019-06-16T18:48:42.848">
  <mem-info id="90" free="5419608" total="8388608" percent="64">
    <mem type="nursery" free="0" total="2097152" percent="0">
      <mem type="allocate" free="0" total="1310720" percent="0" />
      <mem type="survivor" free="0" total="786432" percent="0" />
    </mem>
    <mem type="tenure" free="5419608" total="6291456" percent="86">
      <mem type="soa" free="5105240" total="5977088" percent="85" />
      <mem type="loa" free="314368" total="314368" percent="100" />
    </mem>
    <remembered-set count="145" />
  </mem-info>
</gc-start>
<allocation-stats totalBytes="1235496" >
  <allocated-bytes non-tlh="174856" tlh="1060640" />
  <largest-consumer threadName="main" threadId="0000000000769700" bytes="1235496" />
</allocation-stats>
<gc-op id="91" type="scavenge" timems="0.336" contextid="88" timestamp="2019-06-16T18:48:42.849">
  <scavenger-info tenureage="3" tenuremask="ffc8" tiltratio="62" />
  <memory-copied type="nursery" objects="820" bytes="333856" bytesdiscarded="126592" />
  <memory-copied type="tenure" objects="45" bytes="1976" bytesdiscarded="0" />
  <references type="soft" candidates="1" cleared="0" enqueued="0" dynamicThreshold="32" maxThreshold="32" />
  <references type="weak" candidates="162" cleared="88" enqueued="69" />
  <references type="phantom" candidates="24" cleared="0" enqueued="0" />
</gc-op>
<gc-end id="92" type="scavenge" contextid="88" durationms="0.633" usertimems="0.000" systemtimems="0.000" timestamp="2019-06-16T18:48:42.849" activeThreads="4">
  <mem-info id="93" free="6269848" total="8388608" percent="74">
    <mem type="nursery" free="850240" total="2097152" percent="40">
      <mem type="allocate" free="850240" total="1310720" percent="64" />
      <mem type="survivor" free="0" total="786432" percent="0" />
    </mem>
    <mem type="tenure" free="5419608" total="6291456" percent="86">
      <mem type="soa" free="5105240" total="5977088" percent="85" />
      <mem type="loa" free="314368" total="314368" percent="100" />
    </mem>
    <pending-finalizers system="0" default="0" reference="69" classloader="0" />
    <remembered-set count="141" />
  </mem-info>
</gc-end>
<cycle-end id="94" type="scavenge" contextid="88" timestamp="2019-06-16T18:48:42.849" />
  <attribute name="elasticGC enabled" value="1" />
  <attribute name= "numThreadsSpecified" value="4" />
  <attribute name="heapSize specified" value="0" />
  <attribute name="Current GC Util" value="0" />
  <attribute name= "Current Time Running" value="720" />
  <attribute name ="GC Interval" value="200" />
  <attribute name="ProportionalT" value="-20.000000" />
  <attribute name="ProportionalI" value="-20.000000" />
  <attribute name="ProportionalH" value="-20.000000" />
  <attribute name="Current Error" value="-20.000000" />
  <attribute name="IntegralT" value="-2040.000000" />
  <attribute name="IntegralI" value="-2040.000000" />
  <attribute name="IntegralH" value="-2040.000000" />
  <attribute name="DerivativeT" value="-0.098039" />
  <attribute name="DerivativeI" value="-0.098039" />
  <attribute name="DerivativeH" value="-0.098039" />
  <attribute name="Loop Time for DT" value="102.000000" />
  <attribute name="Output H" value="2092630016"/>
  <attribute name="Output I" value="200"/>
  <attribute name="Output T" value="4"/>
  <attribute name="Target GC Util Change" value ="20.000000" />
  <attribute name="Current GC Util Change" value="0.000000"/>
  <attribute name="GC Util currently" value="0" />
  <attribute name="CPU Util currently" value="19" />
<allocation-satisfied id="95" threadId="0000000000769700" bytesRequested="72" />
<af-end id="96" timestamp="2019-06-16T18:48:42.849" threadId="000000000076A088" success="true" from="nursery"/>
<exclusive-end id="97" timestamp="2019-06-16T18:48:42.849" durationms="1.310" />

<exclusive-start id="98" timestamp="2019-06-16T18:48:42.876" intervalms="28.125">
  <response-info timems="0.071" idlems="0.071" threads="0" lastid="0000000000769700" lastname="main" />
</exclusive-start>
<af-start id="99" threadId="000000000076A088" totalBytesRequested="3072" timestamp="2019-06-16T18:48:42.876" intervalms="28.128" type="nursery" />
<cycle-start id="100" type="scavenge" contextid="0" timestamp="2019-06-16T18:48:42.876" intervalms="28.180" />
<gc-start id="101" type="scavenge" contextid="100" timestamp="2019-06-16T18:48:42.877">
  <mem-info id="102" free="5408464" total="8388608" percent="64">
    <mem type="nursery" free="0" total="2097152" percent="0">
      <mem type="allocate" free="0" total="1310720" percent="0" />
      <mem type="survivor" free="0" total="786432" percent="0" />
    </mem>
    <mem type="tenure" free="5408464" total="6291456" percent="85">
      <mem type="soa" free="5094096" total="5977088" percent="85" />
      <mem type="loa" free="314368" total="314368" percent="100" />
    </mem>
    <remembered-set count="338" />
  </mem-info>
</gc-start>
<allocation-stats totalBytes="853344" >
  <allocated-bytes non-tlh="11216" tlh="842128" />
  <largest-consumer threadName="main" threadId="0000000000769700" bytes="853344" />
</allocation-stats>
<gc-op id="103" type="scavenge" timems="0.518" contextid="100" timestamp="2019-06-16T18:48:42.877">
  <scavenger-info tenureage="3" tenuremask="ffe8" tiltratio="62" />
  <memory-copied type="nursery" objects="3773" bytes="492912" bytesdiscarded="163736" />
  <finalization candidates="32" enqueued="0" />
  <ownableSynchronizers candidates="4" cleared="3" />
  <references type="soft" candidates="3" cleared="0" enqueued="0" dynamicThreshold="32" maxThreshold="32" />
  <references type="weak" candidates="399" cleared="148" enqueued="103" />
  <references type="phantom" candidates="27" cleared="3" enqueued="3" />
</gc-op>
<gc-end id="104" type="scavenge" contextid="100" durationms="0.878" usertimems="4.000" systemtimems="0.000" timestamp="2019-06-16T18:48:42.877" activeThreads="4">
  <mem-info id="105" free="6127944" total="8388608" percent="73">
    <mem type="nursery" free="719480" total="2097152" percent="34">
      <mem type="allocate" free="719480" total="1376256" percent="52" />
      <mem type="survivor" free="0" total="720896" percent="0" />
    </mem>
    <mem type="tenure" free="5408464" total="6291456" percent="85">
      <mem type="soa" free="5094096" total="5977088" percent="85" />
      <mem type="loa" free="314368" total="314368" percent="100" />
    </mem>
    <pending-finalizers system="0" default="0" reference="106" classloader="0" />
    <remembered-set count="335" />
  </mem-info>
</gc-end>
<cycle-end id="106" type="scavenge" contextid="100" timestamp="2019-06-16T18:48:42.878" />
  <attribute name="elasticGC enabled" value="1" />
  <attribute name= "numThreadsSpecified" value="4" />
  <attribute name="heapSize specified" value="0" />
  <attribute name="Current GC Util" value="2" />
  <attribute name= "Current Time Running" value="748" />
  <attribute name ="GC Interval" value="200" />
  <attribute name="ProportionalT" value="-18.000000" />
  <attribute name="ProportionalI" value="-18.000000" />
  <attribute name="ProportionalH" value="-18.000000" />
  <attribute name="Current Error" value="-18.000000" />
  <attribute name="IntegralT" value="-504.000000" />
  <attribute name="IntegralI" value="-504.000000" />
  <attribute name="IntegralH" value="-504.000000" />
  <attribute name="DerivativeT" value="-0.321429" />
  <attribute name="DerivativeI" value="-0.321429" />
  <attribute name="DerivativeH" value="-0.321429" />
  <attribute name="Loop Time for DT" value="28.000000" />
  <attribute name="Output H" value="2092630016"/>
  <attribute name="Output I" value="200"/>
  <attribute name="Output T" value="4"/>
  <attribute name="Target GC Util Change" value ="20.000000" />
  <attribute name="Current GC Util Change" value="2.000000"/>
  <attribute name="GC Util currently" value="2" />
  <attribute name="CPU Util currently" value="15" />
<allocation-satisfied id="107" threadId="0000000000769700" bytesRequested="3072" />
<af-end id="108" timestamp="2019-06-16T18:48:42.878" threadId="000000000076A088" success="true" from="nursery"/>
<exclusive-end id="109" timestamp="2019-06-16T18:48:42.878" durationms="1.906" />

<exclusive-start id="110" timestamp="2019-06-16T18:48:42.878" intervalms="2.161">
  <response-info timems="0.026" idlems="0.026" threads="0" lastid="0000000000769700" lastname="main" />
</exclusive-start>
<af-start id="111" threadId="000000000076A088" totalBytesRequested="11040" timestamp="2019-06-16T18:48:42.878" intervalms="2.046" type="nursery" />
<cycle-start id="112" type="scavenge" contextid="0" timestamp="2019-06-16T18:48:42.878" intervalms="1.953" />
<gc-start id="113" type="scavenge" contextid="112" timestamp="2019-06-16T18:48:42.878">
  <mem-info id="114" free="5408464" total="8388608" percent="64">
    <mem type="nursery" free="0" total="2097152" percent="0">
      <mem type="allocate" free="0" total="1376256" percent="0" />
      <mem type="survivor" free="0" total="720896" percent="0" />
    </mem>
    <mem type="tenure" free="5408464" total="6291456" percent="85">
      <mem type="soa" free="5094096" total="5977088" percent="85" />
      <mem type="loa" free="314368" total="314368" percent="100" />
    </mem>
    <pending-finalizers system="0" default="0" reference="46" classloader="0" />
    <remembered-set count="337" />
  </mem-info>
</gc-start>
<allocation-stats totalBytes="674192" >
  <allocated-bytes non-tlh="3072" tlh="671120" />
  <largest-consumer threadName="main" threadId="0000000000769700" bytes="670096" />
</allocation-stats>
<gc-op id="115" type="scavenge" timems="0.475" contextid="112" timestamp="2019-06-16T18:48:42.879">
  <scavenger-info tenureage="3" tenuremask="fff8" tiltratio="65" />
  <memory-copied type="nursery" objects="3755" bytes="493208" bytesdiscarded="128800" />
  <finalization candidates="32" enqueued="0" />
  <ownableSynchronizers candidates="1" cleared="0" />
  <references type="soft" candidates="3" cleared="0" enqueued="0" dynamicThreshold="32" maxThreshold="32" />
  <references type="weak" candidates="251" cleared="0" enqueued="0" />
  <references type="phantom" candidates="24" cleared="0" enqueued="0" />
</gc-op>
<gc-end id="116" type="scavenge" contextid="112" durationms="0.640" usertimems="0.000" systemtimems="0.000" timestamp="2019-06-16T18:48:42.879" activeThreads="4">
  <mem-info id="117" free="6293672" total="8388608" percent="75">
    <mem type="nursery" free="885208" total="2097152" percent="42">
      <mem type="allocate" free="885208" total="1507328" percent="58" />
      <mem type="survivor" free="0" total="589824" percent="0" />
    </mem>
    <mem type="tenure" free="5408464" total="6291456" percent="85">
      <mem type="soa" free="5094096" total="5977088" percent="85" />
      <mem type="loa" free="314368" total="314368" percent="100" />
    </mem>
    <pending-finalizers system="0" default="0" reference="46" classloader="0" />
    <remembered-set count="291" />
  </mem-info>
</gc-end>
<cycle-end id="118" type="scavenge" contextid="112" timestamp="2019-06-16T18:48:42.879" />
  <attribute name="elasticGC enabled" value="1" />
  <attribute name= "numThreadsSpecified" value="4" />
  <attribute name="heapSize specified" value="0" />
  <attribute name="Current GC Util" value="57" />
  <attribute name= "Current Time Running" value="750" />
  <attribute name ="GC Interval" value="200" />
  <attribute name="ProportionalT" value="37.000000" />
  <attribute name="ProportionalI" value="37.000000" />
  <attribute name="ProportionalH" value="37.000000" />
  <attribute name="Current Error" value="37.000000" />
  <attribute name="IntegralT" value="74.000000" />
  <attribute name="IntegralI" value="74.000000" />
  <attribute name="IntegralH" value="74.000000" />
  <attribute name="DerivativeT" value="9.250000" />
  <attribute name="DerivativeI" value="9.250000" />
  <attribute name="DerivativeH" value="9.250000" />
  <attribute name="Loop Time for DT" value="2.000000" />
  <attribute name="Output H" value="8388608"/>
  <attribute name="Output I" value="200"/>
  <attribute name="Output T" value="4"/>
  <attribute name="Target GC Util Change" value ="20.000000" />
  <attribute name="Current GC Util Change" value="57.000000"/>
  <attribute name="GC Util currently" value="57" />
  <attribute name="CPU Util currently" value="2607456645157" />
<allocation-satisfied id="119" threadId="0000000000769700" bytesRequested="11040" />
<af-end id="120" timestamp="2019-06-16T18:48:42.879" threadId="000000000076A088" success="true" from="nursery"/>
<exclusive-end id="121" timestamp="2019-06-16T18:48:42.879" durationms="1.132" />

<exclusive-start id="122" timestamp="2019-06-16T18:48:42.880" intervalms="1.287">
  <response-info timems="0.015" idlems="0.015" threads="0" lastid="0000000000769700" lastname="main" />
</exclusive-start>
<af-start id="123" threadId="000000000076A088" totalBytesRequested="7504" timestamp="2019-06-16T18:48:42.880" intervalms="1.262" type="nursery" />
<cycle-start id="124" type="scavenge" contextid="0" timestamp="2019-06-16T18:48:42.880" intervalms="1.261" />
<gc-start id="125" type="scavenge" contextid="124" timestamp="2019-06-16T18:48:42.880">
  <mem-info id="126" free="5408464" total="8388608" percent="64">
    <mem type="nursery" free="0" total="2097152" percent="0">
      <mem type="allocate" free="0" total="1507328" percent="0" />
      <mem type="survivor" free="0" total="589824" percent="0" />
    </mem>
    <mem type="tenure" free="5408464" total="6291456" percent="85">
      <mem type="soa" free="5094096" total="5977088" percent="85" />
      <mem type="loa" free="314368" total="314368" percent="100" />
    </mem>
    <remembered-set count="291" />
  </mem-info>
</gc-start>
<allocation-stats totalBytes="838784" >
  <allocated-bytes non-tlh="18416" tlh="820368" />
  <largest-consumer threadName="main" threadId="0000000000769700" bytes="834688" />
</allocation-stats>
<gc-op id="127" type="scavenge" timems="0.399" contextid="124" timestamp="2019-06-16T18:48:42.880">
  <scavenger-info tenureage="3" tenuremask="fff8" tiltratio="71" />
  <memory-copied type="nursery" objects="3086" bytes="167112" bytesdiscarded="120808" />
  <memory-copied type="tenure" objects="648" bytes="327872" bytesdiscarded="632" />
  <finalization candidates="32" enqueued="0" />
  <ownableSynchronizers candidates="1" cleared="0" />
  <references type="soft" candidates="2" cleared="0" enqueued="0" dynamicThreshold="32" maxThreshold="32" />
  <references type="weak" candidates="213" cleared="0" enqueued="0" />
</gc-op>
<gc-end id="128" type="scavenge" contextid="124" durationms="0.560" usertimems="0.000" systemtimems="0.000" timestamp="2019-06-16T18:48:42.880" activeThreads="4">
  <mem-info id="129" free="6269672" total="8388608" percent="74">
    <mem type="nursery" free="1219328" total="2097152" percent="58">
      <mem type="allocate" free="1219328" total="1507328" percent="80" />
      <mem type="survivor" free="0" total="589824" percent="0" />
    </mem>
    <mem type="tenure" free="5050344" total="6291456" percent="80">
      <mem type="soa" free="4735976" total="5977088" percent="79" />
      <mem type="loa" free="314368" total="314368" percent="100" />
    </mem>
    <remembered-set count="175" />
  </mem-info>
</gc-end>
<cycle-end id="130" type="scavenge" contextid="124" timestamp="2019-06-16T18:48:42.880" />
  <attribute name="elasticGC enabled" value="1" />
  <attribute name= "numThreadsSpecified" value="4" />
  <attribute name="heapSize specified" value="0" />
  <attribute name="Current GC Util" value="61" />
  <attribute name= "Current Time Running" value="751" />
  <attribute name ="GC Interval" value="200" />
  <attribute name="ProportionalT" value="41.000000" />
  <attribute name="ProportionalI" value="41.000000" />
  <attribute name="ProportionalH" value="41.000000" />
  <attribute name="Current Error" value="41.000000" />
  <attribute name="IntegralT" value="41.000000" />
  <attribute name="IntegralI" value="41.000000" />
  <attribute name="IntegralH" value="41.000000" />
  <attribute name="DerivativeT" value="2.000000" />
  <attribute name="DerivativeI" value="2.000000" />
  <attribute name="DerivativeH" value="2.000000" />
  <attribute name="Loop Time for DT" value="1.000000" />
  <attribute name="Output H" value="8388608"/>
  <attribute name="Output I" value="200"/>
  <attribute name="Output T" value="4"/>
  <attribute name="Target GC Util Change" value ="20.000000" />
  <attribute name="Current GC Util Change" value="61.000000"/>
  <attribute name="GC Util currently" value="61" />
  <attribute name="CPU Util currently" value="3789609761792" />
<allocation-satisfied id="131" threadId="0000000000769700" bytesRequested="7504" />
<af-end id="132" timestamp="2019-06-16T18:48:42.880" threadId="000000000076A088" success="true" from="nursery"/>
<exclusive-end id="133" timestamp="2019-06-16T18:48:42.880" durationms="0.943" />

<exclusive-start id="134" timestamp="2019-06-16T18:48:42.881" intervalms="1.133">
  <response-info timems="0.026" idlems="0.026" threads="0" lastid="0000000000769700" lastname="main" />
</exclusive-start>
<af-start id="135" threadId="000000000076A088" totalBytesRequested="9632" timestamp="2019-06-16T18:48:42.881" intervalms="1.133" type="nursery" />
<cycle-start id="136" type="scavenge" contextid="0" timestamp="2019-06-16T18:48:42.881" intervalms="1.132" />
<gc-start id="137" type="scavenge" contextid="136" timestamp="2019-06-16T18:48:42.881">
  <mem-info id="138" free="5050344" total="8388608" percent="60">
    <mem type="nursery" free="0" total="2097152" percent="0">
      <mem type="allocate" free="0" total="1507328" percent="0" />
      <mem type="survivor" free="0" total="589824" percent="0" />
    </mem>
    <mem type="tenure" free="5050344" total="6291456" percent="80">
      <mem type="soa" free="4735976" total="5977088" percent="79" />
      <mem type="loa" free="314368" total="314368" percent="100" />
    </mem>
    <remembered-set count="175" />
  </mem-info>
</gc-start>
<allocation-stats totalBytes="1132856" >
  <allocated-bytes non-tlh="7504" tlh="1125352" />
  <largest-consumer threadName="main" threadId="0000000000769700" bytes="1132856" />
</allocation-stats>
<gc-op id="139" type="scavenge" timems="0.316" contextid="136" timestamp="2019-06-16T18:48:42.881">
  <scavenger-info tenureage="3" tenuremask="fff8" tiltratio="71" />
  <memory-copied type="nursery" objects="8" bytes="11792" bytesdiscarded="127984" />
  <memory-copied type="tenure" objects="3078" bytes="157448" bytesdiscarded="168" />
  <finalization candidates="32" enqueued="0" />
  <ownableSynchronizers candidates="1" cleared="0" />
</gc-op>
<gc-end id="140" type="scavenge" contextid="136" durationms="0.480" usertimems="0.000" systemtimems="4.000" timestamp="2019-06-16T18:48:42.881" activeThreads="4">
  <mem-info id="141" free="6273768" total="8388608" percent="74">
    <mem type="nursery" free="1433088" total="2097152" percent="68">
      <mem type="allocate" free="1433088" total="1572864" percent="91" />
      <mem type="survivor" free="0" total="524288" percent="0" />
    </mem>
    <mem type="tenure" free="4840680" total="6291456" percent="76">
      <mem type="soa" free="4526312" total="5977088" percent="75" />
      <mem type="loa" free="314368" total="314368" percent="100" />
    </mem>
    <remembered-set count="60" />
  </mem-info>
</gc-end>
<cycle-end id="142" type="scavenge" contextid="136" timestamp="2019-06-16T18:48:42.881" />
  <attribute name="elasticGC enabled" value="1" />
  <attribute name= "numThreadsSpecified" value="4" />
  <attribute name="heapSize specified" value="0" />
  <attribute name="Current GC Util" value="69" />
  <attribute name= "Current Time Running" value="752" />
  <attribute name ="GC Interval" value="200" />
  <attribute name="ProportionalT" value="49.000000" />
  <attribute name="ProportionalI" value="49.000000" />
  <attribute name="ProportionalH" value="49.000000" />
  <attribute name="Current Error" value="49.000000" />
  <attribute name="IntegralT" value="49.000000" />
  <attribute name="IntegralI" value="49.000000" />
  <attribute name="IntegralH" value="49.000000" />
  <attribute name="DerivativeT" value="4.000000" />
  <attribute name="DerivativeI" value="4.000000" />
  <attribute name="DerivativeH" value="4.000000" />
  <attribute name="Loop Time for DT" value="1.000000" />
  <attribute name="Output H" value="8388608"/>
  <attribute name="Output I" value="200"/>
  <attribute name="Output T" value="4"/>
  <attribute name="Target GC Util Change" value ="20.000000" />
  <attribute name="Current GC Util Change" value="69.000000"/>
  <attribute name="GC Util currently" value="69" />
  <attribute name="CPU Util currently" value="4045870963538" />
<allocation-satisfied id="143" threadId="0000000000769700" bytesRequested="9632" />
<af-end id="144" timestamp="2019-06-16T18:48:42.881" threadId="000000000076A088" success="true" from="nursery"/>
<exclusive-end id="145" timestamp="2019-06-16T18:48:42.882" durationms="0.870" />

<exclusive-start id="146" timestamp="2019-06-16T18:48:42.882" intervalms="1.055">
  <response-info timems="0.021" idlems="0.021" threads="0" lastid="0000000000769700" lastname="main" />
</exclusive-start>
<af-start id="147" threadId="000000000076A088" totalBytesRequested="11512" timestamp="2019-06-16T18:48:42.882" intervalms="1.055" type="nursery" />
<cycle-start id="148" type="scavenge" contextid="0" timestamp="2019-06-16T18:48:42.882" intervalms="1.056" />
<gc-start id="149" type="scavenge" contextid="148" timestamp="2019-06-16T18:48:42.882">
  <mem-info id="150" free="4840680" total="8388608" percent="57">
    <mem type="nursery" free="0" total="2097152" percent="0">
      <mem type="allocate" free="0" total="1572864" percent="0" />
      <mem type="survivor" free="0" total="524288" percent="0" />
    </mem>
    <mem type="tenure" free="4840680" total="6291456" percent="76">
      <mem type="soa" free="4526312" total="5977088" percent="75" />
      <mem type="loa" free="314368" total="314368" percent="100" />
    </mem>
    <remembered-set count="60" />
  </mem-info>
</gc-start>
<allocation-stats totalBytes="1312416" >
  <allocated-bytes non-tlh="31424" tlh="1280992" />
  <largest-consumer threadName="main" threadId="0000000000769700" bytes="1312416" />
</allocation-stats>
<gc-op id="151" type="scavenge" timems="0.138" contextid="148" timestamp="2019-06-16T18:48:42.882">
  <scavenger-info tenureage="3" tenuremask="ffe8" tiltratio="75" />
  <memory-copied type="nursery" objects="5" bytes="12112" bytesdiscarded="66224" />
  <memory-copied type="tenure" objects="3" bytes="1560" bytesdiscarded="0" />
</gc-op>
<gc-end id="152" type="scavenge" contextid="148" durationms="0.298" usertimems="0.000" systemtimems="0.000" timestamp="2019-06-16T18:48:42.882" activeThreads="4">
  <mem-info id="153" free="6466280" total="8388608" percent="77">
    <mem type="nursery" free="1625600" total="2097152" percent="77">
      <mem type="allocate" free="1625600" total="1703936" percent="95" />
      <mem type="survivor" free="0" total="393216" percent="0" />
    </mem>
    <mem type="tenure" free="4840680" total="6291456" percent="76">
      <mem type="soa" free="4526312" total="5977088" percent="75" />
      <mem type="loa" free="314368" total="314368" percent="100" />
    </mem>
    <remembered-set count="57" />
  </mem-info>
</gc-end>
<cycle-end id="154" type="scavenge" contextid="148" timestamp="2019-06-16T18:48:42.882" />
  <attribute name="elasticGC enabled" value="1" />
  <attribute name= "numThreadsSpecified" value="4" />
  <attribute name="heapSize specified" value="0" />
  <attribute name="Current GC Util" value="62" />
  <attribute name= "Current Time Running" value="753" />
  <attribute name ="GC Interval" value="200" />
  <attribute name="ProportionalT" value="42.000000" />
  <attribute name="ProportionalI" value="42.000000" />
  <attribute name="ProportionalH" value="42.000000" />
  <attribute name="Current Error" value="42.000000" />
  <attribute name="IntegralT" value="42.000000" />
  <attribute name="IntegralI" value="42.000000" />
  <attribute name="IntegralH" value="42.000000" />
  <attribute name="DerivativeT" value="-3.500000" />
  <attribute name="DerivativeI" value="-3.500000" />
  <attribute name="DerivativeH" value="-3.500000" />
  <attribute name="Loop Time for DT" value="1.000000" />
  <attribute name="Output H" value="8388608"/>
  <attribute name="Output I" value="200"/>
  <attribute name="Output T" value="4"/>
  <attribute name="Target GC Util Change" value ="20.000000" />
  <attribute name="Current GC Util Change" value="62.000000"/>
  <attribute name="GC Util currently" value="62" />
  <attribute name="CPU Util currently" value="4397962625999" />
<allocation-satisfied id="155" threadId="0000000000769700" bytesRequested="11512" />
<af-end id="156" timestamp="2019-06-16T18:48:42.882" threadId="000000000076A088" success="true" from="nursery"/>
<exclusive-end id="157" timestamp="2019-06-16T18:48:42.882" durationms="0.679" />

<exclusive-start id="158" timestamp="2019-06-16T18:48:42.883" intervalms="0.864">
  <response-info timems="0.019" idlems="0.019" threads="0" lastid="0000000000769700" lastname="main" />
</exclusive-start>
<af-start id="159" threadId="000000000076A088" totalBytesRequested="26456" timestamp="2019-06-16T18:48:42.883" intervalms="0.863" type="nursery" />
<cycle-start id="160" type="scavenge" contextid="0" timestamp="2019-06-16T18:48:42.883" intervalms="0.862" />
<gc-start id="161" type="scavenge" contextid="160" timestamp="2019-06-16T18:48:42.883">
  <mem-info id="162" free="4840680" total="8388608" percent="57">
    <mem type="nursery" free="0" total="2097152" percent="0">
      <mem type="allocate" free="0" total="1703936" percent="0" />
      <mem type="survivor" free="0" total="393216" percent="0" />
    </mem>
    <mem type="tenure" free="4840680" total="6291456" percent="76">
      <mem type="soa" free="4526312" total="5977088" percent="75" />
      <mem type="loa" free="314368" total="314368" percent="100" />
    </mem>
    <remembered-set count="57" />
  </mem-info>
</gc-start>
<allocation-stats totalBytes="1404128" >
  <allocated-bytes non-tlh="11512" tlh="1392616" />
  <largest-consumer threadName="main" threadId="0000000000769700" bytes="1404128" />
</allocation-stats>
<gc-op id="163" type="scavenge" timems="0.128" contextid="160" timestamp="2019-06-16T18:48:42.883">
  <scavenger-info tenureage="3" tenuremask="ffe8" tiltratio="81" />
  <memory-copied type="nursery" objects="2" bytes="13256" bytesdiscarded="25912" />
  <memory-copied type="tenure" objects="1" bytes="520" bytesdiscarded="0" />
</gc-op>
<gc-end id="164" type="scavenge" contextid="160" durationms="0.287" usertimems="0.000" systemtimems="0.000" timestamp="2019-06-16T18:48:42.883" activeThreads="4">
  <mem-info id="165" free="6570984" total="8388608" percent="78">
    <mem type="nursery" free="1730304" total="2097152" percent="82">
      <mem type="allocate" free="1730304" total="1769472" percent="97" />
      <mem type="survivor" free="0" total="327680" percent="0" />
    </mem>
    <mem type="tenure" free="4840680" total="6291456" percent="76">
      <mem type="soa" free="4526312" total="5977088" percent="75" />
      <mem type="loa" free="314368" total="314368" percent="100" />
    </mem>
    <remembered-set count="56" />
  </mem-info>
</gc-end>
<cycle-end id="166" type="scavenge" contextid="160" timestamp="2019-06-16T18:48:42.883" />
  <attribute name="elasticGC enabled" value="1" />
  <attribute name= "numThreadsSpecified" value="4" />
  <attribute name="heapSize specified" value="0" />
  <attribute name="Current GC Util" value="39" />
  <attribute name= "Current Time Running" value="754" />
  <attribute name ="GC Interval" value="200" />
  <attribute name="ProportionalT" value="19.000000" />
  <attribute name="ProportionalI" value="19.000000" />
  <attribute name="ProportionalH" value="19.000000" />
  <attribute name="Current Error" value="19.000000" />
  <attribute name="IntegralT" value="19.000000" />
  <attribute name="IntegralI" value="19.000000" />
  <attribute name="IntegralH" value="19.000000" />
  <attribute name="DerivativeT" value="-11.500000" />
  <attribute name="DerivativeI" value="-11.500000" />
  <attribute name="DerivativeH" value="-11.500000" />
  <attribute name="Loop Time for DT" value="1.000000" />
  <attribute name="Output H" value="8388608"/>
  <attribute name="Output I" value="200"/>
  <attribute name="Output T" value="4"/>
  <attribute name="Target GC Util Change" value ="20.000000" />
  <attribute name="Current GC Util Change" value="39.000000"/>
  <attribute name="GC Util currently" value="39" />
  <attribute name="CPU Util currently" value="5350815576625" />
<allocation-satisfied id="167" threadId="0000000000769700" bytesRequested="26456" />
<af-end id="168" timestamp="2019-06-16T18:48:42.883" threadId="000000000076A088" success="true" from="nursery"/>
<exclusive-end id="169" timestamp="2019-06-16T18:48:42.883" durationms="0.666" />

<exclusive-start id="170" timestamp="2019-06-16T18:48:42.883" intervalms="0.855">
  <response-info timems="0.020" idlems="0.020" threads="0" lastid="0000000000769700" lastname="main" />
</exclusive-start>
<af-start id="171" threadId="000000000076A088" totalBytesRequested="29912" timestamp="2019-06-16T18:48:42.884" intervalms="0.855" type="nursery" />
<cycle-start id="172" type="scavenge" contextid="0" timestamp="2019-06-16T18:48:42.884" intervalms="0.856" />
<gc-start id="173" type="scavenge" contextid="172" timestamp="2019-06-16T18:48:42.884">
  <mem-info id="174" free="4840680" total="8388608" percent="57">
    <mem type="nursery" free="0" total="2097152" percent="0">
      <mem type="allocate" free="0" total="1769472" percent="0" />
      <mem type="survivor" free="0" total="327680" percent="0" />
    </mem>
    <mem type="tenure" free="4840680" total="6291456" percent="76">
      <mem type="soa" free="4526312" total="5977088" percent="75" />
      <mem type="loa" free="314368" total="314368" percent="100" />
    </mem>
    <remembered-set count="56" />
  </mem-info>
</gc-start>
<allocation-stats totalBytes="1585352" >
  <allocated-bytes non-tlh="26456" tlh="1558896" />
  <largest-consumer threadName="main" threadId="0000000000769700" bytes="1585352" />
</allocation-stats>
<gc-op id="175" type="scavenge" timems="0.135" contextid="172" timestamp="2019-06-16T18:48:42.884">
  <scavenger-info tenureage="3" tenuremask="ffe8" tiltratio="84" />
  <memory-copied type="nursery" objects="2" bytes="14984" bytesdiscarded="24184" />
</gc-op>
<gc-end id="176" type="scavenge" contextid="172" durationms="0.292" usertimems="0.000" systemtimems="0.000" timestamp="2019-06-16T18:48:42.884" activeThreads="4">
  <mem-info id="177" free="6636520" total="8388608" percent="79">
    <mem type="nursery" free="1795840" total="2097152" percent="85">
      <mem type="allocate" free="1795840" total="1835008" percent="97" />
      <mem type="survivor" free="0" total="262144" percent="0" />
    </mem>
    <mem type="tenure" free="4840680" total="6291456" percent="76">
      <mem type="soa" free="4526312" total="5977088" percent="75" />
      <mem type="loa" free="314368" total="314368" percent="100" />
    </mem>
    <remembered-set count="56" />
  </mem-info>
</gc-end>
<cycle-end id="178" type="scavenge" contextid="172" timestamp="2019-06-16T18:48:42.884" />
  <attribute name="elasticGC enabled" value="1" />
  <attribute name= "numThreadsSpecified" value="4" />
  <attribute name="heapSize specified" value="0" />
  <attribute name="Current GC Util" value="38" />
  <attribute name= "Current Time Running" value="755" />
  <attribute name ="GC Interval" value="200" />
  <attribute name="ProportionalT" value="18.000000" />
  <attribute name="ProportionalI" value="18.000000" />
  <attribute name="ProportionalH" value="18.000000" />
  <attribute name="Current Error" value="18.000000" />
  <attribute name="IntegralT" value="18.000000" />
  <attribute name="IntegralI" value="18.000000" />
  <attribute name="IntegralH" value="18.000000" />
  <attribute name="DerivativeT" value="-0.500000" />
  <attribute name="DerivativeI" value="-0.500000" />
  <attribute name="DerivativeH" value="-0.500000" />
  <attribute name="Loop Time for DT" value="1.000000" />
  <attribute name="Output H" value="8388608"/>
  <attribute name="Output I" value="200"/>
  <attribute name="Output T" value="4"/>
  <attribute name="Target GC Util Change" value ="20.000000" />
  <attribute name="Current GC Util Change" value="38.000000"/>
  <attribute name="GC Util currently" value="38" />
  <attribute name="CPU Util currently" value="5378216295234" />
<allocation-satisfied id="179" threadId="0000000000769700" bytesRequested="29912" />
<af-end id="180" timestamp="2019-06-16T18:48:42.884" threadId="000000000076A088" success="true" from="nursery"/>
<exclusive-end id="181" timestamp="2019-06-16T18:48:42.884" durationms="0.673" />

<exclusive-start id="182" timestamp="2019-06-16T18:48:42.884" intervalms="0.863">
  <response-info timems="0.021" idlems="0.021" threads="0" lastid="0000000000769700" lastname="main" />
</exclusive-start>
<af-start id="183" threadId="000000000076A088" totalBytesRequested="33056" timestamp="2019-06-16T18:48:42.884" intervalms="0.863" type="nursery" />
<cycle-start id="184" type="scavenge" contextid="0" timestamp="2019-06-16T18:48:42.884" intervalms="0.862" />
<gc-start id="185" type="scavenge" contextid="184" timestamp="2019-06-16T18:48:42.884">
  <mem-info id="186" free="4840680" total="8388608" percent="57">
    <mem type="nursery" free="0" total="2097152" percent="0">
      <mem type="allocate" free="0" total="1835008" percent="0" />
      <mem type="survivor" free="0" total="262144" percent="0" />
    </mem>
    <mem type="tenure" free="4840680" total="6291456" percent="76">
      <mem type="soa" free="4526312" total="5977088" percent="75" />
      <mem type="loa" free="314368" total="314368" percent="100" />
    </mem>
    <remembered-set count="56" />
  </mem-info>
</gc-start>
<allocation-stats totalBytes="1574024" >
  <allocated-bytes non-tlh="29912" tlh="1544112" />
  <largest-consumer threadName="main" threadId="0000000000769700" bytes="1574024" />
</allocation-stats>
<gc-op id="187" type="scavenge" timems="0.128" contextid="184" timestamp="2019-06-16T18:48:42.885">
  <scavenger-info tenureage="3" tenuremask="fff8" tiltratio="87" />
  <memory-copied type="nursery" objects="2" bytes="16560" bytesdiscarded="22608" />
</gc-op>
<gc-end id="188" type="scavenge" contextid="184" durationms="0.286" usertimems="0.000" systemtimems="0.000" timestamp="2019-06-16T18:48:42.885" activeThreads="4">
  <mem-info id="189" free="6636520" total="8388608" percent="79">
    <mem type="nursery" free="1795840" total="2097152" percent="85">
      <mem type="allocate" free="1795840" total="1835008" percent="97" />
      <mem type="survivor" free="0" total="262144" percent="0" />
    </mem>
    <mem type="tenure" free="4840680" total="6291456" percent="76">
      <mem type="soa" free="4526312" total="5977088" percent="75" />
      <mem type="loa" free="314368" total="314368" percent="100" />
    </mem>
    <remembered-set count="56" />
  </mem-info>
</gc-end>
<cycle-end id="190" type="scavenge" contextid="184" timestamp="2019-06-16T18:48:42.885" />
  <attribute name="elasticGC enabled" value="1" />
  <attribute name= "numThreadsSpecified" value="4" />
  <attribute name="heapSize specified" value="0" />
  <attribute name="Current GC Util" value="38" />
  <attribute name= "Current Time Running" value="756" />
  <attribute name ="GC Interval" value="200" />
  <attribute name="ProportionalT" value="18.000000" />
  <attribute name="ProportionalI" value="18.000000" />
  <attribute name="ProportionalH" value="18.000000" />
  <attribute name="Current Error" value="18.000000" />
  <attribute name="IntegralT" value="18.000000" />
  <attribute name="IntegralI" value="18.000000" />
  <attribute name="IntegralH" value="18.000000" />
  <attribute name="DerivativeT" value="0.000000" />
  <attribute name="DerivativeI" value="0.000000" />
  <attribute name="DerivativeH" value="0.000000" />
  <attribute name="Loop Time for DT" value="1.000000" />
  <attribute name="Output H" value="8388608"/>
  <attribute name="Output I" value="200"/>
  <attribute name="Output T" value="4"/>
  <attribute name="Target GC Util Change" value ="20.000000" />
  <attribute name="Current GC Util Change" value="38.000000"/>
  <attribute name="GC Util currently" value="38" />
  <attribute name="CPU Util currently" value="5361833306492" />
<allocation-satisfied id="191" threadId="0000000000769700" bytesRequested="33056" />
<af-end id="192" timestamp="2019-06-16T18:48:42.885" threadId="000000000076A088" success="true" from="nursery"/>
<exclusive-end id="193" timestamp="2019-06-16T18:48:42.885" durationms="0.672" />

<exclusive-start id="194" timestamp="2019-06-16T18:48:42.885" intervalms="0.854">
  <response-info timems="0.018" idlems="0.018" threads="0" lastid="0000000000769700" lastname="main" />
</exclusive-start>
<af-start id="195" threadId="000000000076A088" totalBytesRequested="35616" timestamp="2019-06-16T18:48:42.885" intervalms="0.854" type="nursery" />
<cycle-start id="196" type="scavenge" contextid="0" timestamp="2019-06-16T18:48:42.885" intervalms="0.855" />
<gc-start id="197" type="scavenge" contextid="196" timestamp="2019-06-16T18:48:42.885">
  <mem-info id="198" free="4840680" total="8388608" percent="57">
    <mem type="nursery" free="0" total="2097152" percent="0">
      <mem type="allocate" free="0" total="1835008" percent="0" />
      <mem type="survivor" free="0" total="262144" percent="0" />
    </mem>
    <mem type="tenure" free="4840680" total="6291456" percent="76">
      <mem type="soa" free="4526312" total="5977088" percent="75" />
      <mem type="loa" free="314368" total="314368" percent="100" />
    </mem>
    <remembered-set count="56" />
  </mem-info>
</gc-start>
<allocation-stats totalBytes="1510688" >
  <allocated-bytes non-tlh="33056" tlh="1477632" />
  <largest-consumer threadName="main" threadId="0000000000769700" bytes="1510688" />
</allocation-stats>
<gc-op id="199" type="scavenge" timems="0.133" contextid="196" timestamp="2019-06-16T18:48:42.886">
  <scavenger-info tenureage="3" tenuremask="fff8" tiltratio="87" />
  <memory-copied type="nursery" objects="2" bytes="17832" bytesdiscarded="21336" />
</gc-op>
<gc-end id="200" type="scavenge" contextid="196" durationms="0.290" usertimems="4.000" systemtimems="0.000" timestamp="2019-06-16T18:48:42.886" activeThreads="4">
  <mem-info id="201" free="6636520" total="8388608" percent="79">
    <mem type="nursery" free="1795840" total="2097152" percent="85">
      <mem type="allocate" free="1795840" total="1835008" percent="97" />
      <mem type="survivor" free="0" total="262144" percent="0" />
    </mem>
    <mem type="tenure" free="4840680" total="6291456" percent="76">
      <mem type="soa" free="4526312" total="5977088" percent="75" />
      <mem type="loa" free="314368" total="314368" percent="100" />
    </mem>
    <remembered-set count="56" />
  </mem-info>
</gc-end>
<cycle-end id="202" type="scavenge" contextid="196" timestamp="2019-06-16T18:48:42.886" />
  <attribute name="elasticGC enabled" value="1" />
  <attribute name= "numThreadsSpecified" value="4" />
  <attribute name="heapSize specified" value="0" />
  <attribute name="Current GC Util" value="38" />
  <attribute name= "Current Time Running" value="757" />
  <attribute name ="GC Interval" value="200" />
  <attribute name="ProportionalT" value="18.000000" />
  <attribute name="ProportionalI" value="18.000000" />
  <attribute name="ProportionalH" value="18.000000" />
  <attribute name="Current Error" value="18.000000" />
  <attribute name="IntegralT" value="18.000000" />
  <attribute name="IntegralI" value="18.000000" />
  <attribute name="IntegralH" value="18.000000" />
  <attribute name="DerivativeT" value="0.000000" />
  <attribute name="DerivativeI" value="0.000000" />
  <attribute name="DerivativeH" value="0.000000" />
  <attribute name="Loop Time for DT" value="1.000000" />
  <attribute name="Output H" value="8388608"/>
  <attribute name="Output I" value="200"/>
  <attribute name="Output T" value="4"/>
  <attribute name="Target GC Util Change" value ="20.000000" />
  <attribute name="Current GC Util Change" value="38.000000"/>
  <attribute name="GC Util currently" value="38" />
  <attribute name="CPU Util currently" value="5397105140401" />
<allocation-satisfied id="203" threadId="0000000000769700" bytesRequested="35616" />
<af-end id="204" timestamp="2019-06-16T18:48:42.886" threadId="000000000076A088" success="true" from="nursery"/>
<exclusive-end id="205" timestamp="2019-06-16T18:48:42.886" durationms="0.670" />

<exclusive-start id="206" timestamp="2019-06-16T18:48:42.886" intervalms="0.861">
  <response-info timems="0.025" idlems="0.025" threads="0" lastid="0000000000769700" lastname="main" />
</exclusive-start>
<af-start id="207" threadId="000000000076A088" totalBytesRequested="37864" timestamp="2019-06-16T18:48:42.886" intervalms="0.862" type="nursery" />
<cycle-start id="208" type="scavenge" contextid="0" timestamp="2019-06-16T18:48:42.886" intervalms="0.861" />
<gc-start id="209" type="scavenge" contextid="208" timestamp="2019-06-16T18:48:42.886">
  <mem-info id="210" free="4840680" total="8388608" percent="57">
    <mem type="nursery" free="0" total="2097152" percent="0">
      <mem type="allocate" free="0" total="1835008" percent="0" />
      <mem type="survivor" free="0" total="262144" percent="0" />
    </mem>
    <mem type="tenure" free="4840680" total="6291456" percent="76">
      <mem type="soa" free="4526312" total="5977088" percent="75" />
      <mem type="loa" free="314368" total="314368" percent="100" />
    </mem>
    <remembered-set count="56" />
  </mem-info>
</gc-start>
<allocation-stats totalBytes="1545104" >
  <allocated-bytes non-tlh="71232" tlh="1473872" />
  <largest-consumer threadName="main" threadId="0000000000769700" bytes="1545104" />
</allocation-stats>
<gc-op id="211" type="scavenge" timems="0.133" contextid="208" timestamp="2019-06-16T18:48:42.886">
  <scavenger-info tenureage="3" tenuremask="fff8" tiltratio="87" />
  <memory-copied type="nursery" objects="2" bytes="18960" bytesdiscarded="20208" />
</gc-op>
<gc-end id="212" type="scavenge" contextid="208" durationms="0.288" usertimems="0.000" systemtimems="0.000" timestamp="2019-06-16T18:48:42.886" activeThreads="4">
  <mem-info id="213" free="6636520" total="8388608" percent="79">
    <mem type="nursery" free="1795840" total="2097152" percent="85">
      <mem type="allocate" free="1795840" total="1835008" percent="97" />
      <mem type="survivor" free="0" total="262144" percent="0" />
    </mem>
    <mem type="tenure" free="4840680" total="6291456" percent="76">
      <mem type="soa" free="4526312" total="5977088" percent="75" />
      <mem type="loa" free="314368" total="314368" percent="100" />
    </mem>
    <remembered-set count="56" />
  </mem-info>
</gc-end>
<cycle-end id="214" type="scavenge" contextid="208" timestamp="2019-06-16T18:48:42.887" />
  <attribute name="elasticGC enabled" value="1" />
  <attribute name= "numThreadsSpecified" value="4" />
  <attribute name="heapSize specified" value="0" />
  <attribute name="Current GC Util" value="37" />
  <attribute name= "Current Time Running" value="758" />
  <attribute name ="GC Interval" value="200" />
  <attribute name="ProportionalT" value="17.000000" />
  <attribute name="ProportionalI" value="17.000000" />
  <attribute name="ProportionalH" value="17.000000" />
  <attribute name="Current Error" value="17.000000" />
  <attribute name="IntegralT" value="17.000000" />
  <attribute name="IntegralI" value="17.000000" />
  <attribute name="IntegralH" value="17.000000" />
  <attribute name="DerivativeT" value="-0.500000" />
  <attribute name="DerivativeI" value="-0.500000" />
  <attribute name="DerivativeH" value="-0.500000" />
  <attribute name="Loop Time for DT" value="1.000000" />
  <attribute name="Output H" value="8388608"/>
  <attribute name="Output I" value="200"/>
  <attribute name="Output T" value="4"/>
  <attribute name="Target GC Util Change" value ="20.000000" />
  <attribute name="Current GC Util Change" value="37.000000"/>
  <attribute name="GC Util currently" value="37" />
  <attribute name="CPU Util currently" value="5358126639941" />
<allocation-satisfied id="215" threadId="0000000000769700" bytesRequested="37864" />
<af-end id="216" timestamp="2019-06-16T18:48:42.887" threadId="000000000076A088" success="true" from="nursery"/>
<exclusive-end id="217" timestamp="2019-06-16T18:48:42.887" durationms="0.668" />

<exclusive-start id="218" timestamp="2019-06-16T18:48:42.887" intervalms="0.852">
  <response-info timems="0.020" idlems="0.020" threads="0" lastid="0000000000769700" lastname="main" />
</exclusive-start>
<af-start id="219" threadId="000000000076A088" totalBytesRequested="20152" timestamp="2019-06-16T18:48:42.887" intervalms="0.851" type="nursery" />
<cycle-start id="220" type="scavenge" contextid="0" timestamp="2019-06-16T18:48:42.887" intervalms="0.851" />
<gc-start id="221" type="scavenge" contextid="220" timestamp="2019-06-16T18:48:42.887">
  <mem-info id="222" free="4840680" total="8388608" percent="57">
    <mem type="nursery" free="0" total="2097152" percent="0">
      <mem type="allocate" free="0" total="1835008" percent="0" />
      <mem type="survivor" free="0" total="262144" percent="0" />
    </mem>
    <mem type="tenure" free="4840680" total="6291456" percent="76">
      <mem type="soa" free="4526312" total="5977088" percent="75" />
      <mem type="loa" free="314368" total="314368" percent="100" />
    </mem>
    <remembered-set count="56" />
  </mem-info>
</gc-start>
<allocation-stats totalBytes="1528296" >
  <allocated-bytes non-tlh="116008" tlh="1412288" />
  <largest-consumer threadName="main" threadId="0000000000769700" bytes="1528296" />
</allocation-stats>
<gc-op id="223" type="scavenge" timems="0.134" contextid="220" timestamp="2019-06-16T18:48:42.887">
  <scavenger-info tenureage="3" tenuremask="fff8" tiltratio="87" />
  <memory-copied type="nursery" objects="2" bytes="40312" bytesdiscarded="39152" />
</gc-op>
<gc-end id="224" type="scavenge" contextid="220" durationms="0.290" usertimems="0.000" systemtimems="0.000" timestamp="2019-06-16T18:48:42.887" activeThreads="4">
  <mem-info id="225" free="6596224" total="8388608" percent="78">
    <mem type="nursery" free="1755544" total="2097152" percent="83">
      <mem type="allocate" free="1755544" total="1835008" percent="95" />
      <mem type="survivor" free="0" total="262144" percent="0" />
    </mem>
    <mem type="tenure" free="4840680" total="6291456" percent="76">
      <mem type="soa" free="4526312" total="5977088" percent="75" />
      <mem type="loa" free="314368" total="314368" percent="100" />
    </mem>
    <remembered-set count="56" />
  </mem-info>
</gc-end>
<cycle-end id="226" type="scavenge" contextid="220" timestamp="2019-06-16T18:48:42.887" />
  <attribute name="elasticGC enabled" value="1" />
  <attribute name= "numThreadsSpecified" value="4" />
  <attribute name="heapSize specified" value="0" />
  <attribute name="Current GC Util" value="38" />
  <attribute name= "Current Time Running" value="759" />
  <attribute name ="GC Interval" value="200" />
  <attribute name="ProportionalT" value="18.000000" />
  <attribute name="ProportionalI" value="18.000000" />
  <attribute name="ProportionalH" value="18.000000" />
  <attribute name="Current Error" value="18.000000" />
  <attribute name="IntegralT" value="18.000000" />
  <attribute name="IntegralI" value="18.000000" />
  <attribute name="IntegralH" value="18.000000" />
  <attribute name="DerivativeT" value="0.500000" />
  <attribute name="DerivativeI" value="0.500000" />
  <attribute name="DerivativeH" value="0.500000" />
  <attribute name="Loop Time for DT" value="1.000000" />
  <attribute name="Output H" value="8388608"/>
  <attribute name="Output I" value="200"/>
  <attribute name="Output T" value="4"/>
  <attribute name="Target GC Util Change" value ="20.000000" />
  <attribute name="Current GC Util Change" value="38.000000"/>
  <attribute name="GC Util currently" value="38" />
  <attribute name="CPU Util currently" value="5424549306797" />
<allocation-satisfied id="227" threadId="0000000000769700" bytesRequested="20152" />
<af-end id="228" timestamp="2019-06-16T18:48:42.887" threadId="000000000076A088" success="true" from="nursery"/>
<exclusive-end id="229" timestamp="2019-06-16T18:48:42.888" durationms="0.663" />

<exclusive-start id="230" timestamp="2019-06-16T18:48:42.888" intervalms="0.854">
  <response-info timems="0.024" idlems="0.024" threads="0" lastid="0000000000769700" lastname="main" />
</exclusive-start>
<af-start id="231" threadId="000000000076A088" totalBytesRequested="42304" timestamp="2019-06-16T18:48:42.888" intervalms="0.855" type="nursery" />
<cycle-start id="232" type="scavenge" contextid="0" timestamp="2019-06-16T18:48:42.888" intervalms="0.858" />
<gc-start id="233" type="scavenge" contextid="232" timestamp="2019-06-16T18:48:42.888">
  <mem-info id="234" free="4840680" total="8388608" percent="57">
    <mem type="nursery" free="0" total="2097152" percent="0">
      <mem type="allocate" free="0" total="1835008" percent="0" />
      <mem type="survivor" free="0" total="262144" percent="0" />
    </mem>
    <mem type="tenure" free="4840680" total="6291456" percent="76">
      <mem type="soa" free="4526312" total="5977088" percent="75" />
      <mem type="loa" free="314368" total="314368" percent="100" />
    </mem>
    <remembered-set count="56" />
  </mem-info>
</gc-start>
<allocation-stats totalBytes="1531056" >
  <allocated-bytes non-tlh="60664" tlh="1470392" />
  <largest-consumer threadName="main" threadId="0000000000769700" bytes="1531056" />
</allocation-stats>
<gc-op id="235" type="scavenge" timems="0.131" contextid="232" timestamp="2019-06-16T18:48:42.888">
  <scavenger-info tenureage="3" tenuremask="fff8" tiltratio="87" />
  <memory-copied type="nursery" objects="2" bytes="21184" bytesdiscarded="17984" />
</gc-op>
<gc-end id="236" type="scavenge" contextid="232" durationms="0.288" usertimems="0.000" systemtimems="0.000" timestamp="2019-06-16T18:48:42.888" activeThreads="4">
  <mem-info id="237" free="6636520" total="8388608" percent="79">
    <mem type="nursery" free="1795840" total="2097152" percent="85">
      <mem type="allocate" free="1795840" total="1835008" percent="97" />
      <mem type="survivor" free="0" total="262144" percent="0" />
    </mem>
    <mem type="tenure" free="4840680" total="6291456" percent="76">
      <mem type="soa" free="4526312" total="5977088" percent="75" />
      <mem type="loa" free="314368" total="314368" percent="100" />
    </mem>
    <remembered-set count="56" />
  </mem-info>
</gc-end>
<cycle-end id="238" type="scavenge" contextid="232" timestamp="2019-06-16T18:48:42.888" />
  <attribute name="elasticGC enabled" value="1" />
  <attribute name= "numThreadsSpecified" value="4" />
  <attribute name="heapSize specified" value="0" />
  <attribute name="Current GC Util" value="37" />
  <attribute name= "Current Time Running" value="759" />
  <attribute name ="GC Interval" value="200" />
  <attribute name="ProportionalT" value="17.000000" />
  <attribute name="ProportionalI" value="17.000000" />
  <attribute name="ProportionalH" value="17.000000" />
  <attribute name="Current Error" value="17.000000" />
  <attribute name="IntegralT" value="0.000000" />
  <attribute name="IntegralI" value="0.000000" />
  <attribute name="IntegralH" value="0.000000" />
  <attribute name="DerivativeT" value="-inf" />
  <attribute name="DerivativeI" value="-inf" />
  <attribute name="DerivativeH" value="-inf" />
  <attribute name="Loop Time for DT" value="0.000000" />
  <attribute name="Output H" value="2092630016"/>
  <attribute name="Output I" value="200"/>
  <attribute name="Output T" value="4"/>
  <attribute name="Target GC Util Change" value ="20.000000" />
  <attribute name="Current GC Util Change" value="37.000000"/>
  <attribute name="GC Util currently" value="37" />
  <attribute name="CPU Util currently" value="5347688367771" />
<allocation-satisfied id="239" threadId="0000000000769700" bytesRequested="42304" />
<af-end id="240" timestamp="2019-06-16T18:48:42.888" threadId="000000000076A088" success="true" from="nursery"/>
<exclusive-end id="241" timestamp="2019-06-16T18:48:42.888" durationms="0.673" />

<exclusive-start id="242" timestamp="2019-06-16T18:48:42.889" intervalms="0.859">
  <response-info timems="0.024" idlems="0.024" threads="0" lastid="0000000000769700" lastname="main" />
</exclusive-start>
<af-start id="243" threadId="000000000076A088" totalBytesRequested="22144" timestamp="2019-06-16T18:48:42.889" intervalms="0.858" type="nursery" />
<cycle-start id="244" type="scavenge" contextid="0" timestamp="2019-06-16T18:48:42.889" intervalms="0.856" />
<gc-start id="245" type="scavenge" contextid="244" timestamp="2019-06-16T18:48:42.889">
  <mem-info id="246" free="4840680" total="8388608" percent="57">
    <mem type="nursery" free="0" total="2097152" percent="0">
      <mem type="allocate" free="0" total="1835008" percent="0" />
      <mem type="survivor" free="0" total="262144" percent="0" />
    </mem>
    <mem type="tenure" free="4840680" total="6291456" percent="76">
      <mem type="soa" free="4526312" total="5977088" percent="75" />
      <mem type="loa" free="314368" total="314368" percent="100" />
    </mem>
    <remembered-set count="56" />
  </mem-info>
</gc-start>
<allocation-stats totalBytes="1540016" >
  <allocated-bytes non-tlh="127568" tlh="1412448" />
  <largest-consumer threadName="main" threadId="0000000000769700" bytes="1540016" />
</allocation-stats>
<gc-op id="247" type="scavenge" timems="0.132" contextid="244" timestamp="2019-06-16T18:48:42.889">
  <scavenger-info tenureage="3" tenuremask="fff8" tiltratio="87" />
  <memory-copied type="nursery" objects="4" bytes="22224" bytesdiscarded="16944" />
</gc-op>
<gc-end id="248" type="scavenge" contextid="244" durationms="0.296" usertimems="0.000" systemtimems="0.000" timestamp="2019-06-16T18:48:42.889" activeThreads="4">
  <mem-info id="249" free="6636520" total="8388608" percent="79">
    <mem type="nursery" free="1795840" total="2097152" percent="85">
      <mem type="allocate" free="1795840" total="1835008" percent="97" />
      <mem type="survivor" free="0" total="262144" percent="0" />
    </mem>
    <mem type="tenure" free="4840680" total="6291456" percent="76">
      <mem type="soa" free="4526312" total="5977088" percent="75" />
      <mem type="loa" free="314368" total="314368" percent="100" />
    </mem>
    <remembered-set count="56" />
  </mem-info>
</gc-end>
<cycle-end id="250" type="scavenge" contextid="244" timestamp="2019-06-16T18:48:42.889" />
  <attribute name="elasticGC enabled" value="1" />
  <attribute name= "numThreadsSpecified" value="4" />
  <attribute name="heapSize specified" value="0" />
  <attribute name="Current GC Util" value="37" />
  <attribute name= "Current Time Running" value="760" />
  <attribute name ="GC Interval" value="200" />
  <attribute name="ProportionalT" value="17.000000" />
  <attribute name="ProportionalI" value="17.000000" />
  <attribute name="ProportionalH" value="17.000000" />
  <attribute name="Current Error" value="17.000000" />
  <attribute name="IntegralT" value="17.000000" />
  <attribute name="IntegralI" value="17.000000" />
  <attribute name="IntegralH" value="17.000000" />
  <attribute name="DerivativeT" value="0.000000" />
  <attribute name="DerivativeI" value="0.000000" />
  <attribute name="DerivativeH" value="0.000000" />
  <attribute name="Loop Time for DT" value="1.000000" />
  <attribute name="Output H" value="8388608"/>
  <attribute name="Output I" value="200"/>
  <attribute name="Output T" value="4"/>
  <attribute name="Target GC Util Change" value ="20.000000" />
  <attribute name="Current GC Util Change" value="37.000000"/>
  <attribute name="GC Util currently" value="37" />
  <attribute name="CPU Util currently" value="5345301989216" />
<allocation-satisfied id="251" threadId="0000000000769700" bytesRequested="22144" />
<af-end id="252" timestamp="2019-06-16T18:48:42.889" threadId="000000000076A088" success="true" from="nursery"/>
<exclusive-end id="253" timestamp="2019-06-16T18:48:42.889" durationms="0.685" />

<exclusive-start id="254" timestamp="2019-06-16T18:48:42.889" intervalms="0.870">
  <response-info timems="0.024" idlems="0.024" threads="0" lastid="0000000000769700" lastname="main" />
</exclusive-start>
<af-start id="255" threadId="000000000076A088" totalBytesRequested="23168" timestamp="2019-06-16T18:48:42.890" intervalms="0.876" type="nursery" />
<cycle-start id="256" type="scavenge" contextid="0" timestamp="2019-06-16T18:48:42.890" intervalms="0.875" />
<gc-start id="257" type="scavenge" contextid="256" timestamp="2019-06-16T18:48:42.890">
  <mem-info id="258" free="4840680" total="8388608" percent="57">
    <mem type="nursery" free="0" total="2097152" percent="0">
      <mem type="allocate" free="0" total="1835008" percent="0" />
      <mem type="survivor" free="0" total="262144" percent="0" />
    </mem>
    <mem type="tenure" free="4840680" total="6291456" percent="76">
      <mem type="soa" free="4526312" total="5977088" percent="75" />
      <mem type="loa" free="314368" total="314368" percent="100" />
    </mem>
    <remembered-set count="56" />
  </mem-info>
</gc-start>
<allocation-stats totalBytes="1518320" >
  <allocated-bytes non-tlh="155696" tlh="1362624" />
  <largest-consumer threadName="main" threadId="0000000000769700" bytes="1518320" />
</allocation-stats>
<gc-op id="259" type="scavenge" timems="0.133" contextid="256" timestamp="2019-06-16T18:48:42.890">
  <scavenger-info tenureage="3" tenuremask="fff8" tiltratio="87" />
  <memory-copied type="nursery" objects="2" bytes="46152" bytesdiscarded="39152" />
</gc-op>
<gc-end id="260" type="scavenge" contextid="256" durationms="0.289" usertimems="4.000" systemtimems="0.000" timestamp="2019-06-16T18:48:42.890" activeThreads="4">
  <mem-info id="261" free="6590384" total="8388608" percent="78">
    <mem type="nursery" free="1749704" total="2097152" percent="83">
      <mem type="allocate" free="1749704" total="1835008" percent="95" />
      <mem type="survivor" free="0" total="262144" percent="0" />
    </mem>
    <mem type="tenure" free="4840680" total="6291456" percent="76">
      <mem type="soa" free="4526312" total="5977088" percent="75" />
      <mem type="loa" free="314368" total="314368" percent="100" />
    </mem>
    <remembered-set count="56" />
  </mem-info>
</gc-end>
<cycle-end id="262" type="scavenge" contextid="256" timestamp="2019-06-16T18:48:42.890" />
  <attribute name="elasticGC enabled" value="1" />
  <attribute name= "numThreadsSpecified" value="4" />
  <attribute name="heapSize specified" value="0" />
  <attribute name="Current GC Util" value="37" />
  <attribute name= "Current Time Running" value="761" />
  <attribute name ="GC Interval" value="200" />
  <attribute name="ProportionalT" value="17.000000" />
  <attribute name="ProportionalI" value="17.000000" />
  <attribute name="ProportionalH" value="17.000000" />
  <attribute name="Current Error" value="17.000000" />
  <attribute name="IntegralT" value="17.000000" />
  <attribute name="IntegralI" value="17.000000" />
  <attribute name="IntegralH" value="17.000000" />
  <attribute name="DerivativeT" value="0.000000" />
  <attribute name="DerivativeI" value="0.000000" />
  <attribute name="DerivativeH" value="0.000000" />
  <attribute name="Loop Time for DT" value="1.000000" />
  <attribute name="Output H" value="8388608"/>
  <attribute name="Output I" value="200"/>
  <attribute name="Output T" value="4"/>
  <attribute name="Target GC Util Change" value ="20.000000" />
  <attribute name="Current GC Util Change" value="37.000000"/>
  <attribute name="GC Util currently" value="37" />
  <attribute name="CPU Util currently" value="5337506892471" />
<allocation-satisfied id="263" threadId="0000000000769700" bytesRequested="23168" />
<af-end id="264" timestamp="2019-06-16T18:48:42.890" threadId="000000000076A088" success="true" from="nursery"/>
<exclusive-end id="265" timestamp="2019-06-16T18:48:42.890" durationms="0.672" />

<exclusive-start id="266" timestamp="2019-06-16T18:48:42.890" intervalms="0.853">
  <response-info timems="0.024" idlems="0.024" threads="0" lastid="0000000000769700" lastname="main" />
</exclusive-start>
<af-start id="267" threadId="000000000076A088" totalBytesRequested="47904" timestamp="2019-06-16T18:48:42.890" intervalms="0.847" type="nursery" />
<cycle-start id="268" type="scavenge" contextid="0" timestamp="2019-06-16T18:48:42.890" intervalms="0.847" />
<gc-start id="269" type="scavenge" contextid="268" timestamp="2019-06-16T18:48:42.890">
  <mem-info id="270" free="4840680" total="8388608" percent="57">
    <mem type="nursery" free="0" total="2097152" percent="0">
      <mem type="allocate" free="0" total="1835008" percent="0" />
      <mem type="survivor" free="0" total="262144" percent="0" />
    </mem>
    <mem type="tenure" free="4840680" total="6291456" percent="76">
      <mem type="soa" free="4526312" total="5977088" percent="75" />
      <mem type="loa" free="314368" total="314368" percent="100" />
    </mem>
    <remembered-set count="56" />
  </mem-info>
</gc-start>
<allocation-stats totalBytes="1461192" >
  <allocated-bytes non-tlh="116040" tlh="1345152" />
  <largest-consumer threadName="main" threadId="0000000000769700" bytes="1461192" />
</allocation-stats>
<gc-op id="271" type="scavenge" timems="0.108" contextid="268" timestamp="2019-06-16T18:48:42.891">
  <scavenger-info tenureage="3" tenuremask="fff8" tiltratio="87" />
  <memory-copied type="nursery" objects="2" bytes="23984" bytesdiscarded="15184" />
</gc-op>
<gc-end id="272" type="scavenge" contextid="268" durationms="0.269" usertimems="0.000" systemtimems="0.000" timestamp="2019-06-16T18:48:42.891" activeThreads="4">
  <mem-info id="273" free="6636520" total="8388608" percent="79">
    <mem type="nursery" free="1795840" total="2097152" percent="85">
      <mem type="allocate" free="1795840" total="1835008" percent="97" />
      <mem type="survivor" free="0" total="262144" percent="0" />
    </mem>
    <mem type="tenure" free="4840680" total="6291456" percent="76">
      <mem type="soa" free="4526312" total="5977088" percent="75" />
      <mem type="loa" free="314368" total="314368" percent="100" />
    </mem>
    <remembered-set count="56" />
  </mem-info>
</gc-end>
<cycle-end id="274" type="scavenge" contextid="268" timestamp="2019-06-16T18:48:42.891" />
  <attribute name="elasticGC enabled" value="1" />
  <attribute name= "numThreadsSpecified" value="4" />
  <attribute name="heapSize specified" value="0" />
  <attribute name="Current GC Util" value="38" />
  <attribute name= "Current Time Running" value="762" />
  <attribute name ="GC Interval" value="200" />
  <attribute name="ProportionalT" value="18.000000" />
  <attribute name="ProportionalI" value="18.000000" />
  <attribute name="ProportionalH" value="18.000000" />
  <attribute name="Current Error" value="18.000000" />
  <attribute name="IntegralT" value="18.000000" />
  <attribute name="IntegralI" value="18.000000" />
  <attribute name="IntegralH" value="18.000000" />
  <attribute name="DerivativeT" value="0.500000" />
  <attribute name="DerivativeI" value="0.500000" />
  <attribute name="DerivativeH" value="0.500000" />
  <attribute name="Loop Time for DT" value="1.000000" />
  <attribute name="Output H" value="8388608"/>
  <attribute name="Output I" value="200"/>
  <attribute name="Output T" value="4"/>
  <attribute name="Target GC Util Change" value ="20.000000" />
  <attribute name="Current GC Util Change" value="38.000000"/>
  <attribute name="GC Util currently" value="38" />
  <attribute name="CPU Util currently" value="5383125597723" />
<allocation-satisfied id="275" threadId="0000000000769700" bytesRequested="47904" />
<af-end id="276" timestamp="2019-06-16T18:48:42.891" threadId="000000000076A088" success="true" from="nursery"/>
<exclusive-end id="277" timestamp="2019-06-16T18:48:42.891" durationms="0.649" />

<exclusive-start id="278" timestamp="2019-06-16T18:48:42.891" intervalms="0.842">
  <response-info timems="0.022" idlems="0.022" threads="0" lastid="0000000000769700" lastname="main" />
</exclusive-start>
<af-start id="279" threadId="000000000076A088" totalBytesRequested="49912" timestamp="2019-06-16T18:48:42.891" intervalms="0.842" type="nursery" />
<cycle-start id="280" type="scavenge" contextid="0" timestamp="2019-06-16T18:48:42.891" intervalms="0.844" />
<gc-start id="281" type="scavenge" contextid="280" timestamp="2019-06-16T18:48:42.891">
  <mem-info id="282" free="4840680" total="8388608" percent="57">
    <mem type="nursery" free="0" total="2097152" percent="0">
      <mem type="allocate" free="0" total="1835008" percent="0" />
      <mem type="survivor" free="0" total="262144" percent="0" />
    </mem>
    <mem type="tenure" free="4840680" total="6291456" percent="76">
      <mem type="soa" free="4526312" total="5977088" percent="75" />
      <mem type="loa" free="314368" total="314368" percent="100" />
    </mem>
    <remembered-set count="56" />
  </mem-info>
</gc-start>
<allocation-stats totalBytes="1568152" >
  <allocated-bytes non-tlh="192560" tlh="1375592" />
  <largest-consumer threadName="main" threadId="0000000000769700" bytes="1568152" />
</allocation-stats>
<gc-op id="283" type="scavenge" timems="0.132" contextid="280" timestamp="2019-06-16T18:48:42.892">
  <scavenger-info tenureage="3" tenuremask="fff8" tiltratio="87" />
  <memory-copied type="nursery" objects="2" bytes="24984" bytesdiscarded="14184" />
</gc-op>
<gc-end id="284" type="scavenge" contextid="280" durationms="0.295" usertimems="0.000" systemtimems="0.000" timestamp="2019-06-16T18:48:42.892" activeThreads="4">
  <mem-info id="285" free="6636520" total="8388608" percent="79">
    <mem type="nursery" free="1795840" total="2097152" percent="85">
      <mem type="allocate" free="1795840" total="1835008" percent="97" />
      <mem type="survivor" free="0" total="262144" percent="0" />
    </mem>
    <mem type="tenure" free="4840680" total="6291456" percent="76">
      <mem type="soa" free="4526312" total="5977088" percent="75" />
      <mem type="loa" free="314368" total="314368" percent="100" />
    </mem>
    <remembered-set count="56" />
  </mem-info>
</gc-end>
<cycle-end id="286" type="scavenge" contextid="280" timestamp="2019-06-16T18:48:42.892" />
  <attribute name="elasticGC enabled" value="1" />
  <attribute name= "numThreadsSpecified" value="4" />
  <attribute name="heapSize specified" value="0" />
  <attribute name="Current GC Util" value="37" />
  <attribute name= "Current Time Running" value="763" />
  <attribute name ="GC Interval" value="200" />
  <attribute name="ProportionalT" value="17.000000" />
  <attribute name="ProportionalI" value="17.000000" />
  <attribute name="ProportionalH" value="17.000000" />
  <attribute name="Current Error" value="17.000000" />
  <attribute name="IntegralT" value="17.000000" />
  <attribute name="IntegralI" value="17.000000" />
  <attribute name="IntegralH" value="17.000000" />
  <attribute name="DerivativeT" value="-0.500000" />
  <attribute name="DerivativeI" value="-0.500000" />
  <attribute name="DerivativeH" value="-0.500000" />
  <attribute name="Loop Time for DT" value="1.000000" />
  <attribute name="Output H" value="8388608"/>
  <attribute name="Output I" value="200"/>
  <attribute name="Output T" value="4"/>
  <attribute name="Target GC Util Change" value ="20.000000" />
  <attribute name="Current GC Util Change" value="37.000000"/>
  <attribute name="GC Util currently" value="37" />
  <attribute name="CPU Util currently" value="5496239869857" />
<allocation-satisfied id="287" threadId="0000000000769700" bytesRequested="49912" />
<af-end id="288" timestamp="2019-06-16T18:48:42.892" threadId="000000000076A088" success="true" from="nursery"/>
<exclusive-end id="289" timestamp="2019-06-16T18:48:42.892" durationms="0.685" />

<exclusive-start id="290" timestamp="2019-06-16T18:48:42.892" intervalms="0.873">
  <response-info timems="0.024" idlems="0.024" threads="0" lastid="0000000000769700" lastname="main" />
</exclusive-start>
<af-start id="291" threadId="000000000076A088" totalBytesRequested="25952" timestamp="2019-06-16T18:48:42.892" intervalms="0.874" type="nursery" />
<cycle-start id="292" type="scavenge" contextid="0" timestamp="2019-06-16T18:48:42.892" intervalms="0.874" />
<gc-start id="293" type="scavenge" contextid="292" timestamp="2019-06-16T18:48:42.892">
  <mem-info id="294" free="4840680" total="8388608" percent="57">
    <mem type="nursery" free="0" total="2097152" percent="0">
      <mem type="allocate" free="0" total="1835008" percent="0" />
      <mem type="survivor" free="0" total="262144" percent="0" />
    </mem>
    <mem type="tenure" free="4840680" total="6291456" percent="76">
      <mem type="soa" free="4526312" total="5977088" percent="75" />
      <mem type="loa" free="314368" total="314368" percent="100" />
    </mem>
    <remembered-set count="56" />
  </mem-info>
</gc-start>
<allocation-stats totalBytes="1607144" >
  <allocated-bytes non-tlh="251336" tlh="1355808" />
  <largest-consumer threadName="main" threadId="0000000000769700" bytes="1607144" />
</allocation-stats>
<gc-op id="295" type="scavenge" timems="0.133" contextid="292" timestamp="2019-06-16T18:48:42.892">
  <scavenger-info tenureage="14" tenuremask="4000" tiltratio="87" />
  <memory-copied type="nursery" objects="4" bytes="26032" bytesdiscarded="13136" />
</gc-op>
<gc-end id="296" type="scavenge" contextid="292" durationms="0.295" usertimems="0.000" systemtimems="0.000" timestamp="2019-06-16T18:48:42.892" activeThreads="4">
  <mem-info id="297" free="6636520" total="8388608" percent="79">
    <mem type="nursery" free="1795840" total="2097152" percent="85">
      <mem type="allocate" free="1795840" total="1835008" percent="97" />
      <mem type="survivor" free="0" total="262144" percent="0" />
    </mem>
    <mem type="tenure" free="4840680" total="6291456" percent="76">
      <mem type="soa" free="4526312" total="5977088" percent="75" />
      <mem type="loa" free="314368" total="314368" percent="100" />
    </mem>
    <remembered-set count="56" />
  </mem-info>
</gc-end>
<cycle-end id="298" type="scavenge" contextid="292" timestamp="2019-06-16T18:48:42.893" />
  <attribute name="elasticGC enabled" value="1" />
  <attribute name= "numThreadsSpecified" value="4" />
  <attribute name="heapSize specified" value="0" />
  <attribute name="Current GC Util" value="37" />
  <attribute name= "Current Time Running" value="764" />
  <attribute name ="GC Interval" value="200" />
  <attribute name="ProportionalT" value="17.000000" />
  <attribute name="ProportionalI" value="17.000000" />
  <attribute name="ProportionalH" value="17.000000" />
  <attribute name="Current Error" value="17.000000" />
  <attribute name="IntegralT" value="17.000000" />
  <attribute name="IntegralI" value="17.000000" />
  <attribute name="IntegralH" value="17.000000" />
  <attribute name="DerivativeT" value="0.000000" />
  <attribute name="DerivativeI" value="0.000000" />
  <attribute name="DerivativeH" value="0.000000" />
  <attribute name="Loop Time for DT" value="1.000000" />
  <attribute name="Output H" value="8388608"/>
  <attribute name="Output I" value="200"/>
  <attribute name="Output T" value="4"/>
  <attribute name="Target GC Util Change" value ="20.000000" />
  <attribute name="Current GC Util Change" value="37.000000"/>
  <attribute name="GC Util currently" value="37" />
  <attribute name="CPU Util currently" value="5285073027302" />
<allocation-satisfied id="299" threadId="0000000000769700" bytesRequested="25952" />
<af-end id="300" timestamp="2019-06-16T18:48:42.893" threadId="000000000076A088" success="true" from="nursery"/>
<exclusive-end id="301" timestamp="2019-06-16T18:48:42.893" durationms="0.681" />

<exclusive-start id="302" timestamp="2019-06-16T18:48:42.893" intervalms="0.868">
  <response-info timems="0.024" idlems="0.024" threads="0" lastid="0000000000769700" lastname="main" />
</exclusive-start>
<af-start id="303" threadId="000000000076A088" totalBytesRequested="26880" timestamp="2019-06-16T18:48:42.893" intervalms="0.868" type="nursery" />
<cycle-start id="304" type="scavenge" contextid="0" timestamp="2019-06-16T18:48:42.893" intervalms="0.869" />
<gc-start id="305" type="scavenge" contextid="304" timestamp="2019-06-16T18:48:42.893">
  <mem-info id="306" free="4840680" total="8388608" percent="57">
    <mem type="nursery" free="0" total="2097152" percent="0">
      <mem type="allocate" free="0" total="1835008" percent="0" />
      <mem type="survivor" free="0" total="262144" percent="0" />
    </mem>
    <mem type="tenure" free="4840680" total="6291456" percent="76">
      <mem type="soa" free="4526312" total="5977088" percent="75" />
      <mem type="loa" free="314368" total="314368" percent="100" />
    </mem>
    <remembered-set count="56" />
  </mem-info>
</gc-start>
<allocation-stats totalBytes="1584192" >
  <allocated-bytes non-tlh="287016" tlh="1297176" />
  <largest-consumer threadName="main" threadId="0000000000769700" bytes="1584192" />
</allocation-stats>
<gc-op id="307" type="scavenge" timems="0.133" contextid="304" timestamp="2019-06-16T18:48:42.893">
  <scavenger-info tenureage="14" tenuremask="4000" tiltratio="87" />
  <memory-copied type="nursery" objects="4" bytes="26960" bytesdiscarded="12208" />
</gc-op>
<gc-end id="308" type="scavenge" contextid="304" durationms="0.292" usertimems="0.000" systemtimems="0.000" timestamp="2019-06-16T18:48:42.893" activeThreads="4">
  <mem-info id="309" free="6636520" total="8388608" percent="79">
    <mem type="nursery" free="1795840" total="2097152" percent="85">
      <mem type="allocate" free="1795840" total="1835008" percent="97" />
      <mem type="survivor" free="0" total="262144" percent="0" />
    </mem>
    <mem type="tenure" free="4840680" total="6291456" percent="76">
      <mem type="soa" free="4526312" total="5977088" percent="75" />
      <mem type="loa" free="314368" total="314368" percent="100" />
    </mem>
    <remembered-set count="56" />
  </mem-info>
</gc-end>
<cycle-end id="310" type="scavenge" contextid="304" timestamp="2019-06-16T18:48:42.893" />
  <attribute name="elasticGC enabled" value="1" />
  <attribute name= "numThreadsSpecified" value="4" />
  <attribute name="heapSize specified" value="0" />
  <attribute name="Current GC Util" value="37" />
  <attribute name= "Current Time Running" value="765" />
  <attribute name ="GC Interval" value="200" />
  <attribute name="ProportionalT" value="17.000000" />
  <attribute name="ProportionalI" value="17.000000" />
  <attribute name="ProportionalH" value="17.000000" />
  <attribute name="Current Error" value="17.000000" />
  <attribute name="IntegralT" value="17.000000" />
  <attribute name="IntegralI" value="17.000000" />
  <attribute name="IntegralH" value="17.000000" />
  <attribute name="DerivativeT" value="0.000000" />
  <attribute name="DerivativeI" value="0.000000" />
  <attribute name="DerivativeH" value="0.000000" />
  <attribute name="Loop Time for DT" value="1.000000" />
  <attribute name="Output H" value="8388608"/>
  <attribute name="Output I" value="200"/>
  <attribute name="Output T" value="4"/>
  <attribute name="Target GC Util Change" value ="20.000000" />
  <attribute name="Current GC Util Change" value="37.000000"/>
  <attribute name="GC Util currently" value="37" />
  <attribute name="CPU Util currently" value="5279700068881" />
<allocation-satisfied id="311" threadId="0000000000769700" bytesRequested="26880" />
<af-end id="312" timestamp="2019-06-16T18:48:42.894" threadId="000000000076A088" success="true" from="nursery"/>
<exclusive-end id="313" timestamp="2019-06-16T18:48:42.894" durationms="0.678" />

<exclusive-start id="314" timestamp="2019-06-16T18:48:42.894" intervalms="0.866">
  <response-info timems="0.024" idlems="0.024" threads="0" lastid="0000000000769700" lastname="main" />
</exclusive-start>
<af-start id="315" threadId="000000000076A088" totalBytesRequested="55576" timestamp="2019-06-16T18:48:42.894" intervalms="0.865" type="nursery" />
<cycle-start id="316" type="scavenge" contextid="0" timestamp="2019-06-16T18:48:42.894" intervalms="0.863" />
<gc-start id="317" type="scavenge" contextid="316" timestamp="2019-06-16T18:48:42.894">
  <mem-info id="318" free="4840680" total="8388608" percent="57">
    <mem type="nursery" free="0" total="2097152" percent="0">
      <mem type="allocate" free="0" total="1835008" percent="0" />
      <mem type="survivor" free="0" total="262144" percent="0" />
    </mem>
    <mem type="tenure" free="4840680" total="6291456" percent="76">
      <mem type="soa" free="4526312" total="5977088" percent="75" />
      <mem type="loa" free="314368" total="314368" percent="100" />
    </mem>
    <remembered-set count="56" />
  </mem-info>
</gc-start>
<allocation-stats totalBytes="1557056" >
  <allocated-bytes non-tlh="324376" tlh="1232680" />
  <largest-consumer threadName="main" threadId="0000000000769700" bytes="1557056" />
</allocation-stats>
<gc-op id="319" type="scavenge" timems="0.132" contextid="316" timestamp="2019-06-16T18:48:42.894">
  <scavenger-info tenureage="14" tenuremask="4000" tiltratio="87" />
  <memory-copied type="nursery" objects="2" bytes="27816" bytesdiscarded="11352" />
</gc-op>
<gc-end id="320" type="scavenge" contextid="316" durationms="0.291" usertimems="0.000" systemtimems="0.000" timestamp="2019-06-16T18:48:42.894" activeThreads="4">
  <mem-info id="321" free="6636520" total="8388608" percent="79">
    <mem type="nursery" free="1795840" total="2097152" percent="85">
      <mem type="allocate" free="1795840" total="1835008" percent="97" />
      <mem type="survivor" free="0" total="262144" percent="0" />
    </mem>
    <mem type="tenure" free="4840680" total="6291456" percent="76">
      <mem type="soa" free="4526312" total="5977088" percent="75" />
      <mem type="loa" free="314368" total="314368" percent="100" />
    </mem>
    <remembered-set count="56" />
  </mem-info>
</gc-end>
<cycle-end id="322" type="scavenge" contextid="316" timestamp="2019-06-16T18:48:42.894" />
  <attribute name="elasticGC enabled" value="1" />
  <attribute name= "numThreadsSpecified" value="4" />
  <attribute name="heapSize specified" value="0" />
  <attribute name="Current GC Util" value="37" />
  <attribute name= "Current Time Running" value="765" />
  <attribute name ="GC Interval" value="200" />
  <attribute name="ProportionalT" value="17.000000" />
  <attribute name="ProportionalI" value="17.000000" />
  <attribute name="ProportionalH" value="17.000000" />
  <attribute name="Current Error" value="17.000000" />
  <attribute name="IntegralT" value="0.000000" />
  <attribute name="IntegralI" value="0.000000" />
  <attribute name="IntegralH" value="0.000000" />
  <attribute name="DerivativeT" value="-nan" />
  <attribute name="DerivativeI" value="-nan" />
  <attribute name="DerivativeH" value="-nan" />
  <attribute name="Loop Time for DT" value="0.000000" />
  <attribute name="Output H" value="2092630016"/>
  <attribute name="Output I" value="200"/>
  <attribute name="Output T" value="4"/>
  <attribute name="Target GC Util Change" value ="20.000000" />
  <attribute name="Current GC Util Change" value="37.000000"/>
  <attribute name="GC Util currently" value="37" />
  <attribute name="CPU Util currently" value="5343152973412" />
<allocation-satisfied id="323" threadId="0000000000769700" bytesRequested="55576" />
<af-end id="324" timestamp="2019-06-16T18:48:42.894" threadId="000000000076A088" success="true" from="nursery"/>
<exclusive-end id="325" timestamp="2019-06-16T18:48:42.894" durationms="0.674" />

<exclusive-start id="326" timestamp="2019-06-16T18:48:42.895" intervalms="0.856">
  <response-info timems="0.024" idlems="0.024" threads="0" lastid="0000000000769700" lastname="main" />
</exclusive-start>
<af-start id="327" threadId="000000000076A088" totalBytesRequested="57320" timestamp="2019-06-16T18:48:42.895" intervalms="0.857" type="nursery" />
<cycle-start id="328" type="scavenge" contextid="0" timestamp="2019-06-16T18:48:42.895" intervalms="0.856" />
<gc-start id="329" type="scavenge" contextid="328" timestamp="2019-06-16T18:48:42.895">
  <mem-info id="330" free="4840680" total="8388608" percent="57">
    <mem type="nursery" free="0" total="2097152" percent="0">
      <mem type="allocate" free="0" total="1835008" percent="0" />
      <mem type="survivor" free="0" total="262144" percent="0" />
    </mem>
    <mem type="tenure" free="4840680" total="6291456" percent="76">
      <mem type="soa" free="4526312" total="5977088" percent="75" />
      <mem type="loa" free="314368" total="314368" percent="100" />
    </mem>
    <remembered-set count="56" />
  </mem-info>
</gc-start>
<allocation-stats totalBytes="1579968" >
  <allocated-bytes non-tlh="335248" tlh="1244720" />
  <largest-consumer threadName="main" threadId="0000000000769700" bytes="1579968" />
</allocation-stats>
<gc-op id="331" type="scavenge" timems="0.130" contextid="328" timestamp="2019-06-16T18:48:42.895">
  <scavenger-info tenureage="14" tenuremask="4000" tiltratio="87" />
  <memory-copied type="nursery" objects="2" bytes="28688" bytesdiscarded="10480" />
</gc-op>
<gc-end id="332" type="scavenge" contextid="328" durationms="0.288" usertimems="0.000" systemtimems="0.000" timestamp="2019-06-16T18:48:42.895" activeThreads="4">
  <mem-info id="333" free="6636520" total="8388608" percent="79">
    <mem type="nursery" free="1795840" total="2097152" percent="85">
      <mem type="allocate" free="1795840" total="1835008" percent="97" />
      <mem type="survivor" free="0" total="262144" percent="0" />
    </mem>
    <mem type="tenure" free="4840680" total="6291456" percent="76">
      <mem type="soa" free="4526312" total="5977088" percent="75" />
      <mem type="loa" free="314368" total="314368" percent="100" />
    </mem>
    <remembered-set count="56" />
  </mem-info>
</gc-end>
<cycle-end id="334" type="scavenge" contextid="328" timestamp="2019-06-16T18:48:42.895" />
  <attribute name="elasticGC enabled" value="1" />
  <attribute name= "numThreadsSpecified" value="4" />
  <attribute name="heapSize specified" value="0" />
  <attribute name="Current GC Util" value="37" />
  <attribute name= "Current Time Running" value="766" />
  <attribute name ="GC Interval" value="200" />
  <attribute name="ProportionalT" value="17.000000" />
  <attribute name="ProportionalI" value="17.000000" />
  <attribute name="ProportionalH" value="17.000000" />
  <attribute name="Current Error" value="17.000000" />
  <attribute name="IntegralT" value="17.000000" />
  <attribute name="IntegralI" value="17.000000" />
  <attribute name="IntegralH" value="17.000000" />
  <attribute name="DerivativeT" value="0.000000" />
  <attribute name="DerivativeI" value="0.000000" />
  <attribute name="DerivativeH" value="0.000000" />
  <attribute name="Loop Time for DT" value="1.000000" />
  <attribute name="Output H" value="8388608"/>
  <attribute name="Output I" value="200"/>
  <attribute name="Output T" value="4"/>
  <attribute name="Target GC Util Change" value ="20.000000" />
  <attribute name="Current GC Util Change" value="37.000000"/>
  <attribute name="GC Util currently" value="37" />
  <attribute name="CPU Util currently" value="5414855252720" />
<allocation-satisfied id="335" threadId="0000000000769700" bytesRequested="57320" />
<af-end id="336" timestamp="2019-06-16T18:48:42.895" threadId="000000000076A088" success="true" from="nursery"/>
<exclusive-end id="337" timestamp="2019-06-16T18:48:42.895" durationms="0.670" />

<exclusive-start id="338" timestamp="2019-06-16T18:48:42.895" intervalms="0.839">
  <response-info timems="0.020" idlems="0.020" threads="0" lastid="0000000000769700" lastname="main" />
</exclusive-start>
<af-start id="339" threadId="000000000076A088" totalBytesRequested="29568" timestamp="2019-06-16T18:48:42.896" intervalms="0.839" type="nursery" />
<cycle-start id="340" type="scavenge" contextid="0" timestamp="2019-06-16T18:48:42.896" intervalms="0.839" />
<gc-start id="341" type="scavenge" contextid="340" timestamp="2019-06-16T18:48:42.896">
  <mem-info id="342" free="4840680" total="8388608" percent="57">
    <mem type="nursery" free="0" total="2097152" percent="0">
      <mem type="allocate" free="0" total="1835008" percent="0" />
      <mem type="survivor" free="0" total="262144" percent="0" />
    </mem>
    <mem type="tenure" free="4840680" total="6291456" percent="76">
      <mem type="soa" free="4526312" total="5977088" percent="75" />
      <mem type="loa" free="314368" total="314368" percent="100" />
    </mem>
    <remembered-set count="56" />
  </mem-info>
</gc-start>
<allocation-stats totalBytes="1601136" >
  <allocated-bytes non-tlh="345696" tlh="1255440" />
  <largest-consumer threadName="main" threadId="0000000000769700" bytes="1601136" />
</allocation-stats>
<gc-op id="343" type="scavenge" timems="0.133" contextid="340" timestamp="2019-06-16T18:48:42.896">
  <scavenger-info tenureage="14" tenuremask="4000" tiltratio="87" />
  <memory-copied type="nursery" objects="4" bytes="29648" bytesdiscarded="9520" />
</gc-op>
<gc-end id="344" type="scavenge" contextid="340" durationms="0.292" usertimems="0.000" systemtimems="0.000" timestamp="2019-06-16T18:48:42.896" activeThreads="4">
  <mem-info id="345" free="6636520" total="8388608" percent="79">
    <mem type="nursery" free="1795840" total="2097152" percent="85">
      <mem type="allocate" free="1795840" total="1835008" percent="97" />
      <mem type="survivor" free="0" total="262144" percent="0" />
    </mem>
    <mem type="tenure" free="4840680" total="6291456" percent="76">
      <mem type="soa" free="4526312" total="5977088" percent="75" />
      <mem type="loa" free="314368" total="314368" percent="100" />
    </mem>
    <remembered-set count="56" />
  </mem-info>
</gc-end>
<cycle-end id="346" type="scavenge" contextid="340" timestamp="2019-06-16T18:48:42.896" />
  <attribute name="elasticGC enabled" value="1" />
  <attribute name= "numThreadsSpecified" value="4" />
  <attribute name="heapSize specified" value="0" />
  <attribute name="Current GC Util" value="38" />
  <attribute name= "Current Time Running" value="767" />
  <attribute name ="GC Interval" value="200" />
  <attribute name="ProportionalT" value="18.000000" />
  <attribute name="ProportionalI" value="18.000000" />
  <attribute name="ProportionalH" value="18.000000" />
  <attribute name="Current Error" value="18.000000" />
  <attribute name="IntegralT" value="18.000000" />
  <attribute name="IntegralI" value="18.000000" />
  <attribute name="IntegralH" value="18.000000" />
  <attribute name="DerivativeT" value="0.500000" />
  <attribute name="DerivativeI" value="0.500000" />
  <attribute name="DerivativeH" value="0.500000" />
  <attribute name="Loop Time for DT" value="1.000000" />
  <attribute name="Output H" value="8388608"/>
  <attribute name="Output I" value="200"/>
  <attribute name="Output T" value="4"/>
  <attribute name="Target GC Util Change" value ="20.000000" />
  <attribute name="Current GC Util Change" value="38.000000"/>
  <attribute name="GC Util currently" value="38" />
  <attribute name="CPU Util currently" value="5576188125601" />
<allocation-satisfied id="347" threadId="0000000000769700" bytesRequested="29568" />
<af-end id="348" timestamp="2019-06-16T18:48:42.896" threadId="000000000076A088" success="true" from="nursery"/>
<exclusive-end id="349" timestamp="2019-06-16T18:48:42.896" durationms="0.659" />

<exclusive-start id="350" timestamp="2019-06-16T18:48:42.896" intervalms="0.832">
  <response-info timems="0.020" idlems="0.020" threads="0" lastid="0000000000769700" lastname="main" />
</exclusive-start>
<af-start id="351" threadId="000000000076A088" totalBytesRequested="60584" timestamp="2019-06-16T18:48:42.896" intervalms="0.831" type="nursery" />
<cycle-start id="352" type="scavenge" contextid="0" timestamp="2019-06-16T18:48:42.896" intervalms="0.830" />
<gc-start id="353" type="scavenge" contextid="352" timestamp="2019-06-16T18:48:42.896">
  <mem-info id="354" free="4840680" total="8388608" percent="57">
    <mem type="nursery" free="0" total="2097152" percent="0">
      <mem type="allocate" free="0" total="1835008" percent="0" />
      <mem type="survivor" free="0" total="262144" percent="0" />
    </mem>
    <mem type="tenure" free="4840680" total="6291456" percent="76">
      <mem type="soa" free="4526312" total="5977088" percent="75" />
      <mem type="loa" free="314368" total="314368" percent="100" />
    </mem>
    <remembered-set count="56" />
  </mem-info>
</gc-start>
<allocation-stats totalBytes="1586896" >
  <allocated-bytes non-tlh="385976" tlh="1200920" />
  <largest-consumer threadName="main" threadId="0000000000769700" bytes="1586896" />
</allocation-stats>
<gc-op id="355" type="scavenge" timems="0.130" contextid="352" timestamp="2019-06-16T18:48:42.897">
  <scavenger-info tenureage="14" tenuremask="4000" tiltratio="87" />
  <memory-copied type="nursery" objects="2" bytes="30320" bytesdiscarded="8848" />
</gc-op>
<gc-end id="356" type="scavenge" contextid="352" durationms="0.289" usertimems="0.000" systemtimems="0.000" timestamp="2019-06-16T18:48:42.897" activeThreads="4">
  <mem-info id="357" free="6636520" total="8388608" percent="79">
    <mem type="nursery" free="1795840" total="2097152" percent="85">
      <mem type="allocate" free="1795840" total="1835008" percent="97" />
      <mem type="survivor" free="0" total="262144" percent="0" />
    </mem>
    <mem type="tenure" free="4840680" total="6291456" percent="76">
      <mem type="soa" free="4526312" total="5977088" percent="75" />
      <mem type="loa" free="314368" total="314368" percent="100" />
    </mem>
    <remembered-set count="56" />
  </mem-info>
</gc-end>
<cycle-end id="358" type="scavenge" contextid="352" timestamp="2019-06-16T18:48:42.897" />
  <attribute name="elasticGC enabled" value="1" />
  <attribute name= "numThreadsSpecified" value="4" />
  <attribute name="heapSize specified" value="0" />
  <attribute name="Current GC Util" value="39" />
  <attribute name= "Current Time Running" value="768" />
  <attribute name ="GC Interval" value="200" />
  <attribute name="ProportionalT" value="19.000000" />
  <attribute name="ProportionalI" value="19.000000" />
  <attribute name="ProportionalH" value="19.000000" />
  <attribute name="Current Error" value="19.000000" />
  <attribute name="IntegralT" value="19.000000" />
  <attribute name="IntegralI" value="19.000000" />
  <attribute name="IntegralH" value="19.000000" />
  <attribute name="DerivativeT" value="0.500000" />
  <attribute name="DerivativeI" value="0.500000" />
  <attribute name="DerivativeH" value="0.500000" />
  <attribute name="Loop Time for DT" value="1.000000" />
  <attribute name="Output H" value="8388608"/>
  <attribute name="Output I" value="200"/>
  <attribute name="Output T" value="4"/>
  <attribute name="Target GC Util Change" value ="20.000000" />
  <attribute name="Current GC Util Change" value="39.000000"/>
  <attribute name="GC Util currently" value="39" />
  <attribute name="CPU Util currently" value="5474298623181" />
<allocation-satisfied id="359" threadId="0000000000769700" bytesRequested="60584" />
<af-end id="360" timestamp="2019-06-16T18:48:42.897" threadId="000000000076A088" success="true" from="nursery"/>
<exclusive-end id="361" timestamp="2019-06-16T18:48:42.897" durationms="0.674" />

<exclusive-start id="362" timestamp="2019-06-16T18:48:42.897" intervalms="0.838">
  <response-info timems="0.021" idlems="0.021" threads="0" lastid="0000000000769700" lastname="main" />
</exclusive-start>
<af-start id="363" threadId="000000000076A088" totalBytesRequested="31152" timestamp="2019-06-16T18:48:42.897" intervalms="0.837" type="nursery" />
<cycle-start id="364" type="scavenge" contextid="0" timestamp="2019-06-16T18:48:42.897" intervalms="0.882" />
<gc-start id="365" type="scavenge" contextid="364" timestamp="2019-06-16T18:48:42.897">
  <mem-info id="366" free="4840680" total="8388608" percent="57">
    <mem type="nursery" free="0" total="2097152" percent="0">
      <mem type="allocate" free="0" total="1835008" percent="0" />
      <mem type="survivor" free="0" total="262144" percent="0" />
    </mem>
    <mem type="tenure" free="4840680" total="6291456" percent="76">
      <mem type="soa" free="4526312" total="5977088" percent="75" />
      <mem type="loa" free="314368" total="314368" percent="100" />
    </mem>
    <remembered-set count="56" />
  </mem-info>
</gc-start>
<allocation-stats totalBytes="1536072" >
  <allocated-bytes non-tlh="489272" tlh="1046800" />
  <largest-consumer threadName="main" threadId="0000000000769700" bytes="1536072" />
</allocation-stats>
<gc-op id="367" type="scavenge" timems="0.134" contextid="364" timestamp="2019-06-16T18:48:42.898">
  <scavenger-info tenureage="14" tenuremask="4000" tiltratio="87" />
  <memory-copied type="nursery" objects="2" bytes="62072" bytesdiscarded="39144" />
</gc-op>
<gc-end id="368" type="scavenge" contextid="364" durationms="0.296" usertimems="0.000" systemtimems="0.000" timestamp="2019-06-16T18:48:42.898" activeThreads="4">
  <mem-info id="369" free="6574472" total="8388608" percent="78">
    <mem type="nursery" free="1733792" total="2097152" percent="82">
      <mem type="allocate" free="1733792" total="1835008" percent="94" />
      <mem type="survivor" free="0" total="262144" percent="0" />
    </mem>
    <mem type="tenure" free="4840680" total="6291456" percent="76">
      <mem type="soa" free="4526312" total="5977088" percent="75" />
      <mem type="loa" free="314368" total="314368" percent="100" />
    </mem>
    <remembered-set count="56" />
  </mem-info>
</gc-end>
<cycle-end id="370" type="scavenge" contextid="364" timestamp="2019-06-16T18:48:42.898" />
  <attribute name="elasticGC enabled" value="1" />
  <attribute name= "numThreadsSpecified" value="4" />
  <attribute name="heapSize specified" value="0" />
  <attribute name="Current GC Util" value="36" />
  <attribute name= "Current Time Running" value="769" />
  <attribute name ="GC Interval" value="200" />
  <attribute name="ProportionalT" value="16.000000" />
  <attribute name="ProportionalI" value="16.000000" />
  <attribute name="ProportionalH" value="16.000000" />
  <attribute name="Current Error" value="16.000000" />
  <attribute name="IntegralT" value="16.000000" />
  <attribute name="IntegralI" value="16.000000" />
  <attribute name="IntegralH" value="16.000000" />
  <attribute name="DerivativeT" value="-1.500000" />
  <attribute name="DerivativeI" value="-1.500000" />
  <attribute name="DerivativeH" value="-1.500000" />
  <attribute name="Loop Time for DT" value="1.000000" />
  <attribute name="Output H" value="8388608"/>
  <attribute name="Output I" value="200"/>
  <attribute name="Output T" value="4"/>
  <attribute name="Target GC Util Change" value ="20.000000" />
  <attribute name="Current GC Util Change" value="36.000000"/>
  <attribute name="GC Util currently" value="36" />
  <attribute name="CPU Util currently" value="5217529941887" />
<allocation-satisfied id="371" threadId="0000000000769700" bytesRequested="31152" />
<af-end id="372" timestamp="2019-06-16T18:48:42.898" threadId="000000000076A088" success="true" from="nursery"/>
<exclusive-end id="373" timestamp="2019-06-16T18:48:42.898" durationms="0.718" />

<exclusive-start id="374" timestamp="2019-06-16T18:48:42.898" intervalms="0.892">
  <response-info timems="0.020" idlems="0.020" threads="0" lastid="0000000000769700" lastname="main" />
</exclusive-start>
<af-start id="375" threadId="000000000076A088" totalBytesRequested="63824" timestamp="2019-06-16T18:48:42.898" intervalms="0.892" type="nursery" />
<cycle-start id="376" type="scavenge" contextid="0" timestamp="2019-06-16T18:48:42.898" intervalms="0.849" />
<gc-start id="377" type="scavenge" contextid="376" timestamp="2019-06-16T18:48:42.898">
  <mem-info id="378" free="4840680" total="8388608" percent="57">
    <mem type="nursery" free="0" total="2097152" percent="0">
      <mem type="allocate" free="0" total="1835008" percent="0" />
      <mem type="survivor" free="0" total="262144" percent="0" />
    </mem>
    <mem type="tenure" free="4840680" total="6291456" percent="76">
      <mem type="soa" free="4526312" total="5977088" percent="75" />
      <mem type="loa" free="314368" total="314368" percent="100" />
    </mem>
    <remembered-set count="56" />
  </mem-info>
</gc-start>
<allocation-stats totalBytes="1575632" >
  <allocated-bytes non-tlh="406784" tlh="1168848" />
  <largest-consumer threadName="main" threadId="0000000000769700" bytes="1575632" />
</allocation-stats>
<gc-op id="379" type="scavenge" timems="0.130" contextid="376" timestamp="2019-06-16T18:48:42.898">
  <scavenger-info tenureage="14" tenuremask="4000" tiltratio="87" />
  <memory-copied type="nursery" objects="2" bytes="31944" bytesdiscarded="7224" />
</gc-op>
<gc-end id="380" type="scavenge" contextid="376" durationms="0.290" usertimems="0.000" systemtimems="0.000" timestamp="2019-06-16T18:48:42.898" activeThreads="4">
  <mem-info id="381" free="6636520" total="8388608" percent="79">
    <mem type="nursery" free="1795840" total="2097152" percent="85">
      <mem type="allocate" free="1795840" total="1835008" percent="97" />
      <mem type="survivor" free="0" total="262144" percent="0" />
    </mem>
    <mem type="tenure" free="4840680" total="6291456" percent="76">
      <mem type="soa" free="4526312" total="5977088" percent="75" />
      <mem type="loa" free="314368" total="314368" percent="100" />
    </mem>
    <remembered-set count="56" />
  </mem-info>
</gc-end>
<cycle-end id="382" type="scavenge" contextid="376" timestamp="2019-06-16T18:48:42.899" />
  <attribute name="elasticGC enabled" value="1" />
  <attribute name= "numThreadsSpecified" value="4" />
  <attribute name="heapSize specified" value="0" />
  <attribute name="Current GC Util" value="38" />
  <attribute name= "Current Time Running" value="770" />
  <attribute name ="GC Interval" value="200" />
  <attribute name="ProportionalT" value="18.000000" />
  <attribute name="ProportionalI" value="18.000000" />
  <attribute name="ProportionalH" value="18.000000" />
  <attribute name="Current Error" value="18.000000" />
  <attribute name="IntegralT" value="18.000000" />
  <attribute name="IntegralI" value="18.000000" />
  <attribute name="IntegralH" value="18.000000" />
  <attribute name="DerivativeT" value="1.000000" />
  <attribute name="DerivativeI" value="1.000000" />
  <attribute name="DerivativeH" value="1.000000" />
  <attribute name="Loop Time for DT" value="1.000000" />
  <attribute name="Output H" value="8388608"/>
  <attribute name="Output I" value="200"/>
  <attribute name="Output T" value="4"/>
  <attribute name="Target GC Util Change" value ="20.000000" />
  <attribute name="Current GC Util Change" value="38.000000"/>
  <attribute name="GC Util currently" value="38" />
  <attribute name="CPU Util currently" value="5444511102998" />
<allocation-satisfied id="383" threadId="0000000000769700" bytesRequested="63824" />
<af-end id="384" timestamp="2019-06-16T18:48:42.899" threadId="000000000076A088" success="true" from="nursery"/>
<exclusive-end id="385" timestamp="2019-06-16T18:48:42.899" durationms="0.668" />

<exclusive-start id="386" timestamp="2019-06-16T18:48:42.899" intervalms="0.838">
  <response-info timems="0.021" idlems="0.021" threads="0" lastid="0000000000769700" lastname="main" />
</exclusive-start>
<af-start id="387" threadId="000000000076A088" totalBytesRequested="32720" timestamp="2019-06-16T18:48:42.899" intervalms="0.839" type="nursery" />
<cycle-start id="388" type="scavenge" contextid="0" timestamp="2019-06-16T18:48:42.899" intervalms="0.838" />
<gc-start id="389" type="scavenge" contextid="388" timestamp="2019-06-16T18:48:42.899">
  <mem-info id="390" free="4840680" total="8388608" percent="57">
    <mem type="nursery" free="0" total="2097152" percent="0">
      <mem type="allocate" free="0" total="1835008" percent="0" />
      <mem type="survivor" free="0" total="262144" percent="0" />
    </mem>
    <mem type="tenure" free="4840680" total="6291456" percent="76">
      <mem type="soa" free="4526312" total="5977088" percent="75" />
      <mem type="loa" free="314368" total="314368" percent="100" />
    </mem>
    <remembered-set count="56" />
  </mem-info>
</gc-start>
<allocation-stats totalBytes="1615736" >
  <allocated-bytes non-tlh="514040" tlh="1101696" />
  <largest-consumer threadName="main" threadId="0000000000769700" bytes="1615736" />
</allocation-stats>
<gc-op id="391" type="scavenge" timems="0.133" contextid="388" timestamp="2019-06-16T18:48:42.899">
  <scavenger-info tenureage="14" tenuremask="4000" tiltratio="87" />
  <memory-copied type="nursery" objects="2" bytes="65456" bytesdiscarded="39144" />
</gc-op>
<gc-end id="392" type="scavenge" contextid="388" durationms="0.292" usertimems="0.000" systemtimems="0.000" timestamp="2019-06-16T18:48:42.899" activeThreads="4">
  <mem-info id="393" free="6571088" total="8388608" percent="78">
    <mem type="nursery" free="1730408" total="2097152" percent="82">
      <mem type="allocate" free="1730408" total="1835008" percent="94" />
      <mem type="survivor" free="0" total="262144" percent="0" />
    </mem>
    <mem type="tenure" free="4840680" total="6291456" percent="76">
      <mem type="soa" free="4526312" total="5977088" percent="75" />
      <mem type="loa" free="314368" total="314368" percent="100" />
    </mem>
    <remembered-set count="56" />
  </mem-info>
</gc-end>
<cycle-end id="394" type="scavenge" contextid="388" timestamp="2019-06-16T18:48:42.899" />
  <attribute name="elasticGC enabled" value="1" />
  <attribute name= "numThreadsSpecified" value="4" />
  <attribute name="heapSize specified" value="0" />
  <attribute name="Current GC Util" value="38" />
  <attribute name= "Current Time Running" value="771" />
  <attribute name ="GC Interval" value="200" />
  <attribute name="ProportionalT" value="18.000000" />
  <attribute name="ProportionalI" value="18.000000" />
  <attribute name="ProportionalH" value="18.000000" />
  <attribute name="Current Error" value="18.000000" />
  <attribute name="IntegralT" value="18.000000" />
  <attribute name="IntegralI" value="18.000000" />
  <attribute name="IntegralH" value="18.000000" />
  <attribute name="DerivativeT" value="0.000000" />
  <attribute name="DerivativeI" value="0.000000" />
  <attribute name="DerivativeH" value="0.000000" />
  <attribute name="Loop Time for DT" value="1.000000" />
  <attribute name="Output H" value="8388608"/>
  <attribute name="Output I" value="200"/>
  <attribute name="Output T" value="4"/>
  <attribute name="Target GC Util Change" value ="20.000000" />
  <attribute name="Current GC Util Change" value="38.000000"/>
  <attribute name="GC Util currently" value="38" />
  <attribute name="CPU Util currently" value="5503284077587" />
<allocation-satisfied id="395" threadId="0000000000769700" bytesRequested="32720" />
<af-end id="396" timestamp="2019-06-16T18:48:42.899" threadId="000000000076A088" success="true" from="nursery"/>
<exclusive-end id="397" timestamp="2019-06-16T18:48:42.900" durationms="0.670" />

<exclusive-start id="398" timestamp="2019-06-16T18:48:42.900" intervalms="0.828">
  <response-info timems="0.023" idlems="0.023" threads="0" lastid="0000000000769700" lastname="main" />
</exclusive-start>
<af-start id="399" threadId="000000000076A088" totalBytesRequested="33456" timestamp="2019-06-16T18:48:42.900" intervalms="0.827" type="nursery" />
<cycle-start id="400" type="scavenge" contextid="0" timestamp="2019-06-16T18:48:42.900" intervalms="0.829" />
<gc-start id="401" type="scavenge" contextid="400" timestamp="2019-06-16T18:48:42.900">
  <mem-info id="402" free="4840680" total="8388608" percent="57">
    <mem type="nursery" free="0" total="2097152" percent="0">
      <mem type="allocate" free="0" total="1835008" percent="0" />
      <mem type="survivor" free="0" total="262144" percent="0" />
    </mem>
    <mem type="tenure" free="4840680" total="6291456" percent="76">
      <mem type="soa" free="4526312" total="5977088" percent="75" />
      <mem type="loa" free="314368" total="314368" percent="100" />
    </mem>
    <remembered-set count="56" />
  </mem-info>
</gc-start>
<allocation-stats totalBytes="1455096" >
  <allocated-bytes non-tlh="560560" tlh="894536" />
  <largest-consumer threadName="main" threadId="0000000000769700" bytes="1455096" />
</allocation-stats>
<gc-op id="403" type="scavenge" timems="0.091" contextid="400" timestamp="2019-06-16T18:48:42.900">
  <scavenger-info tenureage="14" tenuremask="4000" tiltratio="87" />
  <memory-copied type="nursery" objects="2" bytes="66672" bytesdiscarded="39144" />
</gc-op>
<gc-end id="404" type="scavenge" contextid="400" durationms="0.252" usertimems="0.000" systemtimems="0.000" timestamp="2019-06-16T18:48:42.900" activeThreads="1">
  <mem-info id="405" free="6569872" total="8388608" percent="78">
    <mem type="nursery" free="1729192" total="2097152" percent="82">
      <mem type="allocate" free="1729192" total="1835008" percent="94" />
      <mem type="survivor" free="0" total="262144" percent="0" />
    </mem>
    <mem type="tenure" free="4840680" total="6291456" percent="76">
      <mem type="soa" free="4526312" total="5977088" percent="75" />
      <mem type="loa" free="314368" total="314368" percent="100" />
    </mem>
    <remembered-set count="56" />
  </mem-info>
</gc-end>
<cycle-end id="406" type="scavenge" contextid="400" timestamp="2019-06-16T18:48:42.900" />
  <attribute name="elasticGC enabled" value="1" />
  <attribute name= "numThreadsSpecified" value="1" />
  <attribute name="heapSize specified" value="0" />
  <attribute name="Current GC Util" value="39" />
  <attribute name= "Current Time Running" value="771" />
  <attribute name ="GC Interval" value="200" />
  <attribute name="ProportionalT" value="19.000000" />
  <attribute name="ProportionalI" value="19.000000" />
  <attribute name="ProportionalH" value="19.000000" />
  <attribute name="Current Error" value="19.000000" />
  <attribute name="IntegralT" value="0.000000" />
  <attribute name="IntegralI" value="0.000000" />
  <attribute name="IntegralH" value="0.000000" />
  <attribute name="DerivativeT" value="inf" />
  <attribute name="DerivativeI" value="inf" />
  <attribute name="DerivativeH" value="inf" />
  <attribute name="Loop Time for DT" value="0.000000" />
  <attribute name="Output H" value="8388608"/>
  <attribute name="Output I" value="200"/>
  <attribute name="Output T" value="1"/>
  <attribute name="Target GC Util Change" value ="20.000000" />
  <attribute name="Current GC Util Change" value="39.000000"/>
  <attribute name="GC Util currently" value="39" />
  <attribute name="CPU Util currently" value="5570711929892" />
<allocation-satisfied id="407" threadId="0000000000769700" bytesRequested="33456" />
<af-end id="408" timestamp="2019-06-16T18:48:42.900" threadId="000000000076A088" success="true" from="nursery"/>
<exclusive-end id="409" timestamp="2019-06-16T18:48:42.900" durationms="0.632" />

<exclusive-start id="410" timestamp="2019-06-16T18:48:42.900" intervalms="0.802">
  <response-info timems="0.024" idlems="0.024" threads="0" lastid="0000000000769700" lastname="main" />
</exclusive-start>
<af-start id="411" threadId="000000000076A088" totalBytesRequested="34104" timestamp="2019-06-16T18:48:42.901" intervalms="0.804" type="nursery" />
<cycle-start id="412" type="scavenge" contextid="0" timestamp="2019-06-16T18:48:42.901" intervalms="0.804" />
<gc-start id="413" type="scavenge" contextid="412" timestamp="2019-06-16T18:48:42.901">
  <mem-info id="414" free="4840680" total="8388608" percent="57">
    <mem type="nursery" free="0" total="2097152" percent="0">
      <mem type="allocate" free="0" total="1835008" percent="0" />
      <mem type="survivor" free="0" total="262144" percent="0" />
    </mem>
    <mem type="tenure" free="4840680" total="6291456" percent="76">
      <mem type="soa" free="4526312" total="5977088" percent="75" />
      <mem type="loa" free="314368" total="314368" percent="100" />
    </mem>
    <remembered-set count="56" />
  </mem-info>
</gc-start>
<allocation-stats totalBytes="1485280" >
  <allocated-bytes non-tlh="640064" tlh="845216" />
  <largest-consumer threadName="main" threadId="0000000000769700" bytes="1485280" />
</allocation-stats>
<gc-op id="415" type="scavenge" timems="0.136" contextid="412" timestamp="2019-06-16T18:48:42.901">
  <scavenger-info tenureage="14" tenuremask="4000" tiltratio="87" />
  <memory-copied type="nursery" objects="2" bytes="68216" bytesdiscarded="39144" />
</gc-op>
<gc-end id="416" type="scavenge" contextid="412" durationms="0.295" usertimems="0.000" systemtimems="0.000" timestamp="2019-06-16T18:48:42.901" activeThreads="4">
  <mem-info id="417" free="6568328" total="8388608" percent="78">
    <mem type="nursery" free="1727648" total="2097152" percent="82">
      <mem type="allocate" free="1727648" total="1835008" percent="94" />
      <mem type="survivor" free="0" total="262144" percent="0" />
    </mem>
    <mem type="tenure" free="4840680" total="6291456" percent="76">
      <mem type="soa" free="4526312" total="5977088" percent="75" />
      <mem type="loa" free="314368" total="314368" percent="100" />
    </mem>
    <remembered-set count="56" />
  </mem-info>
</gc-end>
<cycle-end id="418" type="scavenge" contextid="412" timestamp="2019-06-16T18:48:42.901" />
  <attribute name="elasticGC enabled" value="1" />
  <attribute name= "numThreadsSpecified" value="4" />
  <attribute name="heapSize specified" value="0" />
  <attribute name="Current GC Util" value="34" />
  <attribute name= "Current Time Running" value="772" />
  <attribute name ="GC Interval" value="200" />
  <attribute name="ProportionalT" value="14.000000" />
  <attribute name="ProportionalI" value="14.000000" />
  <attribute name="ProportionalH" value="14.000000" />
  <attribute name="Current Error" value="14.000000" />
  <attribute name="IntegralT" value="14.000000" />
  <attribute name="IntegralI" value="14.000000" />
  <attribute name="IntegralH" value="14.000000" />
  <attribute name="DerivativeT" value="-2.500000" />
  <attribute name="DerivativeI" value="-2.500000" />
  <attribute name="DerivativeH" value="-2.500000" />
  <attribute name="Loop Time for DT" value="1.000000" />
  <attribute name="Output H" value="8388608"/>
  <attribute name="Output I" value="200"/>
  <attribute name="Output T" value="4"/>
  <attribute name="Target GC Util Change" value ="20.000000" />
  <attribute name="Current GC Util Change" value="34.000000"/>
  <attribute name="GC Util currently" value="34" />
  <attribute name="CPU Util currently" value="5728005566423" />
<allocation-satisfied id="419" threadId="0000000000769700" bytesRequested="34104" />
<af-end id="420" timestamp="2019-06-16T18:48:42.901" threadId="000000000076A088" success="true" from="nursery"/>
<exclusive-end id="421" timestamp="2019-06-16T18:48:42.901" durationms="0.681" />

<exclusive-start id="422" timestamp="2019-06-16T18:48:42.901" intervalms="0.859">
  <response-info timems="0.024" idlems="0.024" threads="0" lastid="0000000000769700" lastname="main" />
</exclusive-start>
<af-start id="423" threadId="000000000076A088" totalBytesRequested="34848" timestamp="2019-06-16T18:48:42.901" intervalms="0.858" type="nursery" />
<cycle-start id="424" type="scavenge" contextid="0" timestamp="2019-06-16T18:48:42.901" intervalms="0.859" />
<gc-start id="425" type="scavenge" contextid="424" timestamp="2019-06-16T18:48:42.902">
  <mem-info id="426" free="4840680" total="8388608" percent="57">
    <mem type="nursery" free="0" total="2097152" percent="0">
      <mem type="allocate" free="0" total="1835008" percent="0" />
      <mem type="survivor" free="0" total="262144" percent="0" />
    </mem>
    <mem type="tenure" free="4840680" total="6291456" percent="76">
      <mem type="soa" free="4526312" total="5977088" percent="75" />
      <mem type="loa" free="314368" total="314368" percent="100" />
    </mem>
    <remembered-set count="56" />
  </mem-info>
</gc-start>
<allocation-stats totalBytes="1516824" >
  <allocated-bytes non-tlh="584344" tlh="932480" />
  <largest-consumer threadName="main" threadId="0000000000769700" bytes="1516824" />
</allocation-stats>
<gc-op id="427" type="scavenge" timems="0.136" contextid="424" timestamp="2019-06-16T18:48:42.902">
  <scavenger-info tenureage="14" tenuremask="4000" tiltratio="87" />
  <memory-copied type="nursery" objects="2" bytes="69488" bytesdiscarded="39144" />
</gc-op>
<gc-end id="428" type="scavenge" contextid="424" durationms="0.300" usertimems="0.000" systemtimems="0.000" timestamp="2019-06-16T18:48:42.902" activeThreads="4">
  <mem-info id="429" free="6567056" total="8388608" percent="78">
    <mem type="nursery" free="1726376" total="2097152" percent="82">
      <mem type="allocate" free="1726376" total="1835008" percent="94" />
      <mem type="survivor" free="0" total="262144" percent="0" />
    </mem>
    <mem type="tenure" free="4840680" total="6291456" percent="76">
      <mem type="soa" free="4526312" total="5977088" percent="75" />
      <mem type="loa" free="314368" total="314368" percent="100" />
    </mem>
    <remembered-set count="56" />
  </mem-info>
</gc-end>
<cycle-end id="430" type="scavenge" contextid="424" timestamp="2019-06-16T18:48:42.902" />
  <attribute name="elasticGC enabled" value="1" />
  <attribute name= "numThreadsSpecified" value="4" />
  <attribute name="heapSize specified" value="0" />
  <attribute name="Current GC Util" value="39" />
  <attribute name= "Current Time Running" value="773" />
  <attribute name ="GC Interval" value="200" />
  <attribute name="ProportionalT" value="19.000000" />
  <attribute name="ProportionalI" value="19.000000" />
  <attribute name="ProportionalH" value="19.000000" />
  <attribute name="Current Error" value="19.000000" />
  <attribute name="IntegralT" value="19.000000" />
  <attribute name="IntegralI" value="19.000000" />
  <attribute name="IntegralH" value="19.000000" />
  <attribute name="DerivativeT" value="2.500000" />
  <attribute name="DerivativeI" value="2.500000" />
  <attribute name="DerivativeH" value="2.500000" />
  <attribute name="Loop Time for DT" value="1.000000" />
  <attribute name="Output H" value="8388608"/>
  <attribute name="Output I" value="200"/>
  <attribute name="Output T" value="4"/>
  <attribute name="Target GC Util Change" value ="20.000000" />
  <attribute name="Current GC Util Change" value="39.000000"/>
  <attribute name="GC Util currently" value="39" />
  <attribute name="CPU Util currently" value="5370387513564" />
<allocation-satisfied id="431" threadId="0000000000769700" bytesRequested="34848" />
<af-end id="432" timestamp="2019-06-16T18:48:42.902" threadId="000000000076A088" success="true" from="nursery"/>
<exclusive-end id="433" timestamp="2019-06-16T18:48:42.902" durationms="0.687" />

<exclusive-start id="434" timestamp="2019-06-16T18:48:42.902" intervalms="0.866">
  <response-info timems="0.020" idlems="0.020" threads="0" lastid="0000000000769700" lastname="main" />
</exclusive-start>
<af-start id="435" threadId="000000000076A088" totalBytesRequested="35504" timestamp="2019-06-16T18:48:42.902" intervalms="0.865" type="nursery" />
<cycle-start id="436" type="scavenge" contextid="0" timestamp="2019-06-16T18:48:42.902" intervalms="0.863" />
<gc-start id="437" type="scavenge" contextid="436" timestamp="2019-06-16T18:48:42.902">
  <mem-info id="438" free="4840680" total="8388608" percent="57">
    <mem type="nursery" free="0" total="2097152" percent="0">
      <mem type="allocate" free="0" total="1835008" percent="0" />
      <mem type="survivor" free="0" total="262144" percent="0" />
    </mem>
    <mem type="tenure" free="4840680" total="6291456" percent="76">
      <mem type="soa" free="4526312" total="5977088" percent="75" />
      <mem type="loa" free="314368" total="314368" percent="100" />
    </mem>
    <remembered-set count="56" />
  </mem-info>
</gc-start>
<allocation-stats totalBytes="1547776" >
  <allocated-bytes non-tlh="667032" tlh="880744" />
  <largest-consumer threadName="main" threadId="0000000000769700" bytes="1547776" />
</allocation-stats>
<gc-op id="439" type="scavenge" timems="0.133" contextid="436" timestamp="2019-06-16T18:48:42.903">
  <scavenger-info tenureage="14" tenuremask="4000" tiltratio="87" />
  <memory-copied type="nursery" objects="2" bytes="71016" bytesdiscarded="39144" />
</gc-op>
<gc-end id="440" type="scavenge" contextid="436" durationms="0.291" usertimems="0.000" systemtimems="0.000" timestamp="2019-06-16T18:48:42.903" activeThreads="4">
  <mem-info id="441" free="6565528" total="8388608" percent="78">
    <mem type="nursery" free="1724848" total="2097152" percent="82">
      <mem type="allocate" free="1724848" total="1835008" percent="93" />
      <mem type="survivor" free="0" total="262144" percent="0" />
    </mem>
    <mem type="tenure" free="4840680" total="6291456" percent="76">
      <mem type="soa" free="4526312" total="5977088" percent="75" />
      <mem type="loa" free="314368" total="314368" percent="100" />
    </mem>
    <remembered-set count="56" />
  </mem-info>
</gc-end>
<cycle-end id="442" type="scavenge" contextid="436" timestamp="2019-06-16T18:48:42.903" />
  <attribute name="elasticGC enabled" value="1" />
  <attribute name= "numThreadsSpecified" value="4" />
  <attribute name="heapSize specified" value="0" />
  <attribute name="Current GC Util" value="38" />
  <attribute name= "Current Time Running" value="774" />
  <attribute name ="GC Interval" value="200" />
  <attribute name="ProportionalT" value="18.000000" />
  <attribute name="ProportionalI" value="18.000000" />
  <attribute name="ProportionalH" value="18.000000" />
  <attribute name="Current Error" value="18.000000" />
  <attribute name="IntegralT" value="18.000000" />
  <attribute name="IntegralI" value="18.000000" />
  <attribute name="IntegralH" value="18.000000" />
  <attribute name="DerivativeT" value="-0.500000" />
  <attribute name="DerivativeI" value="-0.500000" />
  <attribute name="DerivativeH" value="-0.500000" />
  <attribute name="Loop Time for DT" value="1.000000" />
  <attribute name="Output H" value="8388608"/>
  <attribute name="Output I" value="200"/>
  <attribute name="Output T" value="4"/>
  <attribute name="Target GC Util Change" value ="20.000000" />
  <attribute name="Current GC Util Change" value="38.000000"/>
  <attribute name="GC Util currently" value="38" />
  <attribute name="CPU Util currently" value="5359073065428" />
<allocation-satisfied id="443" threadId="0000000000769700" bytesRequested="35504" />
<af-end id="444" timestamp="2019-06-16T18:48:42.903" threadId="000000000076A088" success="true" from="nursery"/>
<exclusive-end id="445" timestamp="2019-06-16T18:48:42.903" durationms="0.668" />

<exclusive-start id="446" timestamp="2019-06-16T18:48:42.903" intervalms="0.844">
  <response-info timems="0.024" idlems="0.024" threads="0" lastid="0000000000769700" lastname="main" />
</exclusive-start>
<af-start id="447" threadId="000000000076A088" totalBytesRequested="72192" timestamp="2019-06-16T18:48:42.903" intervalms="0.845" type="nursery" />
<cycle-start id="448" type="scavenge" contextid="0" timestamp="2019-06-16T18:48:42.903" intervalms="0.848" />
<gc-start id="449" type="scavenge" contextid="448" timestamp="2019-06-16T18:48:42.903">
  <mem-info id="450" free="4840680" total="8388608" percent="57">
    <mem type="nursery" free="0" total="2097152" percent="0">
      <mem type="allocate" free="0" total="1835008" percent="0" />
      <mem type="survivor" free="0" total="262144" percent="0" />
    </mem>
    <mem type="tenure" free="4840680" total="6291456" percent="76">
      <mem type="soa" free="4526312" total="5977088" percent="75" />
      <mem type="loa" free="314368" total="314368" percent="100" />
    </mem>
    <remembered-set count="56" />
  </mem-info>
</gc-start>
<allocation-stats totalBytes="1538944" >
  <allocated-bytes non-tlh="607656" tlh="931288" />
  <largest-consumer threadName="main" threadId="0000000000769700" bytes="1538944" />
</allocation-stats>
<gc-op id="451" type="scavenge" timems="0.133" contextid="448" timestamp="2019-06-16T18:48:42.903">
  <scavenger-info tenureage="14" tenuremask="4000" tiltratio="87" />
  <memory-copied type="nursery" objects="2" bytes="36128" bytesdiscarded="3040" />
</gc-op>
<gc-end id="452" type="scavenge" contextid="448" durationms="0.290" usertimems="0.000" systemtimems="0.000" timestamp="2019-06-16T18:48:42.904" activeThreads="4">
  <mem-info id="453" free="6636520" total="8388608" percent="79">
    <mem type="nursery" free="1795840" total="2097152" percent="85">
      <mem type="allocate" free="1795840" total="1835008" percent="97" />
      <mem type="survivor" free="0" total="262144" percent="0" />
    </mem>
    <mem type="tenure" free="4840680" total="6291456" percent="76">
      <mem type="soa" free="4526312" total="5977088" percent="75" />
      <mem type="loa" free="314368" total="314368" percent="100" />
    </mem>
    <remembered-set count="56" />
  </mem-info>
</gc-end>
<cycle-end id="454" type="scavenge" contextid="448" timestamp="2019-06-16T18:48:42.904" />
  <attribute name="elasticGC enabled" value="1" />
  <attribute name= "numThreadsSpecified" value="4" />
  <attribute name="heapSize specified" value="0" />
  <attribute name="Current GC Util" value="38" />
  <attribute name= "Current Time Running" value="775" />
  <attribute name ="GC Interval" value="200" />
  <attribute name="ProportionalT" value="18.000000" />
  <attribute name="ProportionalI" value="18.000000" />
  <attribute name="ProportionalH" value="18.000000" />
  <attribute name="Current Error" value="18.000000" />
  <attribute name="IntegralT" value="18.000000" />
  <attribute name="IntegralI" value="18.000000" />
  <attribute name="IntegralH" value="18.000000" />
  <attribute name="DerivativeT" value="0.000000" />
  <attribute name="DerivativeI" value="0.000000" />
  <attribute name="DerivativeH" value="0.000000" />
  <attribute name="Loop Time for DT" value="1.000000" />
  <attribute name="Output H" value="8388608"/>
  <attribute name="Output I" value="200"/>
  <attribute name="Output T" value="4"/>
  <attribute name="Target GC Util Change" value ="20.000000" />
  <attribute name="Current GC Util Change" value="38.000000"/>
  <attribute name="GC Util currently" value="38" />
  <attribute name="CPU Util currently" value="5430240465310" />
<allocation-satisfied id="455" threadId="0000000000769700" bytesRequested="72192" />
<af-end id="456" timestamp="2019-06-16T18:48:42.904" threadId="000000000076A088" success="true" from="nursery"/>
<exclusive-end id="457" timestamp="2019-06-16T18:48:42.904" durationms="0.688" />

<exclusive-start id="458" timestamp="2019-06-16T18:48:42.904" intervalms="0.869">
  <response-info timems="0.020" idlems="0.020" threads="0" lastid="0000000000769700" lastname="main" />
</exclusive-start>
<af-start id="459" threadId="000000000076A088" totalBytesRequested="73592" timestamp="2019-06-16T18:48:42.904" intervalms="0.868" type="nursery" />
<cycle-start id="460" type="scavenge" contextid="0" timestamp="2019-06-16T18:48:42.904" intervalms="0.864" />
<gc-start id="461" type="scavenge" contextid="460" timestamp="2019-06-16T18:48:42.904">
  <mem-info id="462" free="4840680" total="8388608" percent="57">
    <mem type="nursery" free="0" total="2097152" percent="0">
      <mem type="allocate" free="0" total="1835008" percent="0" />
      <mem type="survivor" free="0" total="262144" percent="0" />
    </mem>
    <mem type="tenure" free="4840680" total="6291456" percent="76">
      <mem type="soa" free="4526312" total="5977088" percent="75" />
      <mem type="loa" free="314368" total="314368" percent="100" />
    </mem>
    <remembered-set count="56" />
  </mem-info>
</gc-start>
<allocation-stats totalBytes="1623176" >
  <allocated-bytes non-tlh="617592" tlh="1005584" />
  <largest-consumer threadName="main" threadId="0000000000769700" bytes="1623176" />
</allocation-stats>
<gc-op id="463" type="scavenge" timems="0.132" contextid="460" timestamp="2019-06-16T18:48:42.904">
  <scavenger-info tenureage="14" tenuremask="4000" tiltratio="87" />
  <memory-copied type="nursery" objects="2" bytes="36824" bytesdiscarded="2344" />
</gc-op>
<gc-end id="464" type="scavenge" contextid="460" durationms="0.290" usertimems="0.000" systemtimems="0.000" timestamp="2019-06-16T18:48:42.904" activeThreads="4">
  <mem-info id="465" free="6636520" total="8388608" percent="79">
    <mem type="nursery" free="1795840" total="2097152" percent="85">
      <mem type="allocate" free="1795840" total="1835008" percent="97" />
      <mem type="survivor" free="0" total="262144" percent="0" />
    </mem>
    <mem type="tenure" free="4840680" total="6291456" percent="76">
      <mem type="soa" free="4526312" total="5977088" percent="75" />
      <mem type="loa" free="314368" total="314368" percent="100" />
    </mem>
    <remembered-set count="56" />
  </mem-info>
</gc-end>
<cycle-end id="466" type="scavenge" contextid="460" timestamp="2019-06-16T18:48:42.904" />
  <attribute name="elasticGC enabled" value="1" />
  <attribute name= "numThreadsSpecified" value="4" />
  <attribute name="heapSize specified" value="0" />
  <attribute name="Current GC Util" value="39" />
  <attribute name= "Current Time Running" value="776" />
  <attribute name ="GC Interval" value="200" />
  <attribute name="ProportionalT" value="19.000000" />
  <attribute name="ProportionalI" value="19.000000" />
  <attribute name="ProportionalH" value="19.000000" />
  <attribute name="Current Error" value="19.000000" />
  <attribute name="IntegralT" value="19.000000" />
  <attribute name="IntegralI" value="19.000000" />
  <attribute name="IntegralH" value="19.000000" />
  <attribute name="DerivativeT" value="0.500000" />
  <attribute name="DerivativeI" value="0.500000" />
  <attribute name="DerivativeH" value="0.500000" />
  <attribute name="Loop Time for DT" value="1.000000" />
  <attribute name="Output H" value="8388608"/>
  <attribute name="Output I" value="200"/>
  <attribute name="Output T" value="4"/>
  <attribute name="Target GC Util Change" value ="20.000000" />
  <attribute name="Current GC Util Change" value="39.000000"/>
  <attribute name="GC Util currently" value="39" />
  <attribute name="CPU Util currently" value="5337253624546" />
<allocation-satisfied id="467" threadId="0000000000769700" bytesRequested="73592" />
<af-end id="468" timestamp="2019-06-16T18:48:42.905" threadId="000000000076A088" success="true" from="nursery"/>
<exclusive-end id="469" timestamp="2019-06-16T18:48:42.905" durationms="0.675" />

<exclusive-start id="470" timestamp="2019-06-16T18:48:42.905" intervalms="0.846">
  <response-info timems="0.018" idlems="0.018" threads="0" lastid="0000000000769700" lastname="main" />
</exclusive-start>
<af-start id="471" threadId="000000000076A088" totalBytesRequested="37408" timestamp="2019-06-16T18:48:42.905" intervalms="0.842" type="nursery" />
<cycle-start id="472" type="scavenge" contextid="0" timestamp="2019-06-16T18:48:42.905" intervalms="0.847" />
<gc-start id="473" type="scavenge" contextid="472" timestamp="2019-06-16T18:48:42.905">
  <mem-info id="474" free="4840680" total="8388608" percent="57">
    <mem type="nursery" free="0" total="2097152" percent="0">
      <mem type="allocate" free="0" total="1835008" percent="0" />
      <mem type="survivor" free="0" total="262144" percent="0" />
    </mem>
    <mem type="tenure" free="4840680" total="6291456" percent="76">
      <mem type="soa" free="4526312" total="5977088" percent="75" />
      <mem type="loa" free="314368" total="314368" percent="100" />
    </mem>
    <remembered-set count="56" />
  </mem-info>
</gc-start>
<allocation-stats totalBytes="1594968" >
  <allocated-bytes non-tlh="702544" tlh="892424" />
  <largest-consumer threadName="main" threadId="0000000000769700" bytes="1594968" />
</allocation-stats>
<gc-op id="475" type="scavenge" timems="0.132" contextid="472" timestamp="2019-06-16T18:48:42.905">
  <scavenger-info tenureage="14" tenuremask="4000" tiltratio="87" />
  <memory-copied type="nursery" objects="4" bytes="37488" bytesdiscarded="1680" />
</gc-op>
<gc-end id="476" type="scavenge" contextid="472" durationms="0.288" usertimems="0.000" systemtimems="0.000" timestamp="2019-06-16T18:48:42.905" activeThreads="4">
  <mem-info id="477" free="6636520" total="8388608" percent="79">
    <mem type="nursery" free="1795840" total="2097152" percent="85">
      <mem type="allocate" free="1795840" total="1835008" percent="97" />
      <mem type="survivor" free="0" total="262144" percent="0" />
    </mem>
    <mem type="tenure" free="4840680" total="6291456" percent="76">
      <mem type="soa" free="4526312" total="5977088" percent="75" />
      <mem type="loa" free="314368" total="314368" percent="100" />
    </mem>
    <remembered-set count="56" />
  </mem-info>
</gc-end>
<cycle-end id="478" type="scavenge" contextid="472" timestamp="2019-06-16T18:48:42.905" />
  <attribute name="elasticGC enabled" value="1" />
  <attribute name= "numThreadsSpecified" value="4" />
  <attribute name="heapSize specified" value="0" />
  <attribute name="Current GC Util" value="38" />
  <attribute name= "Current Time Running" value="776" />
  <attribute name ="GC Interval" value="200" />
  <attribute name="ProportionalT" value="18.000000" />
  <attribute name="ProportionalI" value="18.000000" />
  <attribute name="ProportionalH" value="18.000000" />
  <attribute name="Current Error" value="18.000000" />
  <attribute name="IntegralT" value="0.000000" />
  <attribute name="IntegralI" value="0.000000" />
  <attribute name="IntegralH" value="0.000000" />
  <attribute name="DerivativeT" value="-inf" />
  <attribute name="DerivativeI" value="-inf" />
  <attribute name="DerivativeH" value="-inf" />
  <attribute name="Loop Time for DT" value="0.000000" />
  <attribute name="Output H" value="2092630016"/>
  <attribute name="Output I" value="200"/>
  <attribute name="Output T" value="4"/>
  <attribute name="Target GC Util Change" value ="20.000000" />
  <attribute name="Current GC Util Change" value="38.000000"/>
  <attribute name="GC Util currently" value="38" />
  <attribute name="CPU Util currently" value="5450598540049" />
<allocation-satisfied id="479" threadId="0000000000769700" bytesRequested="37408" />
<af-end id="480" timestamp="2019-06-16T18:48:42.905" threadId="000000000076A088" success="true" from="nursery"/>
<exclusive-end id="481" timestamp="2019-06-16T18:48:42.906" durationms="0.745" />

<exclusive-start id="482" timestamp="2019-06-16T18:48:42.906" intervalms="0.918">
  <response-info timems="0.018" idlems="0.018" threads="0" lastid="0000000000769700" lastname="main" />
</exclusive-start>
<af-start id="483" threadId="000000000076A088" totalBytesRequested="38200" timestamp="2019-06-16T18:48:42.906" intervalms="0.923" type="nursery" />
<cycle-start id="484" type="scavenge" contextid="0" timestamp="2019-06-16T18:48:42.906" intervalms="0.918" />
<gc-start id="485" type="scavenge" contextid="484" timestamp="2019-06-16T18:48:42.906">
  <mem-info id="486" free="4840680" total="8388608" percent="57">
    <mem type="nursery" free="0" total="2097152" percent="0">
      <mem type="allocate" free="0" total="1835008" percent="0" />
      <mem type="survivor" free="0" total="262144" percent="0" />
    </mem>
    <mem type="tenure" free="4840680" total="6291456" percent="76">
      <mem type="soa" free="4526312" total="5977088" percent="75" />
      <mem type="loa" free="314368" total="314368" percent="100" />
    </mem>
    <remembered-set count="56" />
  </mem-info>
</gc-start>
<allocation-stats totalBytes="1625360" >
  <allocated-bytes non-tlh="753880" tlh="871480" />
  <largest-consumer threadName="main" threadId="0000000000769700" bytes="1625360" />
</allocation-stats>
<gc-op id="487" type="scavenge" timems="0.133" contextid="484" timestamp="2019-06-16T18:48:42.906">
  <scavenger-info tenureage="14" tenuremask="4000" tiltratio="87" />
  <memory-copied type="nursery" objects="2" bytes="76168" bytesdiscarded="39144" />
</gc-op>
<gc-end id="488" type="scavenge" contextid="484" durationms="0.289" usertimems="4.000" systemtimems="0.000" timestamp="2019-06-16T18:48:42.906" activeThreads="4">
  <mem-info id="489" free="6560376" total="8388608" percent="78">
    <mem type="nursery" free="1719696" total="2097152" percent="82">
      <mem type="allocate" free="1719696" total="1835008" percent="93" />
      <mem type="survivor" free="0" total="262144" percent="0" />
    </mem>
    <mem type="tenure" free="4840680" total="6291456" percent="76">
      <mem type="soa" free="4526312" total="5977088" percent="75" />
      <mem type="loa" free="314368" total="314368" percent="100" />
    </mem>
    <remembered-set count="56" />
  </mem-info>
</gc-end>
<cycle-end id="490" type="scavenge" contextid="484" timestamp="2019-06-16T18:48:42.906" />
  <attribute name="elasticGC enabled" value="1" />
  <attribute name= "numThreadsSpecified" value="4" />
  <attribute name="heapSize specified" value="0" />
  <attribute name="Current GC Util" value="35" />
  <attribute name= "Current Time Running" value="777" />
  <attribute name ="GC Interval" value="200" />
  <attribute name="ProportionalT" value="15.000000" />
  <attribute name="ProportionalI" value="15.000000" />
  <attribute name="ProportionalH" value="15.000000" />
  <attribute name="Current Error" value="15.000000" />
  <attribute name="IntegralT" value="15.000000" />
  <attribute name="IntegralI" value="15.000000" />
  <attribute name="IntegralH" value="15.000000" />
  <attribute name="DerivativeT" value="-1.500000" />
  <attribute name="DerivativeI" value="-1.500000" />
  <attribute name="DerivativeH" value="-1.500000" />
  <attribute name="Loop Time for DT" value="1.000000" />
  <attribute name="Output H" value="8388608"/>
  <attribute name="Output I" value="200"/>
  <attribute name="Output T" value="4"/>
  <attribute name="Target GC Util Change" value ="20.000000" />
  <attribute name="Current GC Util Change" value="35.000000"/>
  <attribute name="GC Util currently" value="35" />
  <attribute name="CPU Util currently" value="5028728532175" />
<allocation-satisfied id="491" threadId="0000000000769700" bytesRequested="38200" />
<af-end id="492" timestamp="2019-06-16T18:48:42.906" threadId="000000000076A088" success="true" from="nursery"/>
<exclusive-end id="493" timestamp="2019-06-16T18:48:42.906" durationms="0.670" />

<exclusive-start id="494" timestamp="2019-06-16T18:48:42.907" intervalms="0.832">
  <response-info timems="0.018" idlems="0.018" threads="0" lastid="0000000000769700" lastname="main" />
</exclusive-start>
<af-start id="495" threadId="000000000076A088" totalBytesRequested="77352" timestamp="2019-06-16T18:48:42.907" intervalms="0.830" type="nursery" />
<cycle-start id="496" type="scavenge" contextid="0" timestamp="2019-06-16T18:48:42.907" intervalms="0.830" />
<gc-start id="497" type="scavenge" contextid="496" timestamp="2019-06-16T18:48:42.907">
  <mem-info id="498" free="4906496" total="8388608" percent="58">
    <mem type="nursery" free="65816" total="2097152" percent="3">
      <mem type="allocate" free="65816" total="1835008" percent="3" />
      <mem type="survivor" free="0" total="262144" percent="0" />
    </mem>
    <mem type="tenure" free="4840680" total="6291456" percent="76">
      <mem type="soa" free="4526312" total="5977088" percent="75" />
      <mem type="loa" free="314368" total="314368" percent="100" />
    </mem>
    <remembered-set count="56" />
  </mem-info>
</gc-start>
<allocation-stats totalBytes="1515040" >
  <allocated-bytes non-tlh="613496" tlh="901544" />
  <largest-consumer threadName="main" threadId="0000000000769700" bytes="1515040" />
</allocation-stats>
<gc-op id="499" type="scavenge" timems="0.130" contextid="496" timestamp="2019-06-16T18:48:42.907">
  <scavenger-info tenureage="14" tenuremask="4000" tiltratio="87" />
  <memory-copied type="nursery" objects="2" bytes="38704" bytesdiscarded="464" />
</gc-op>
<gc-end id="500" type="scavenge" contextid="496" durationms="0.286" usertimems="0.000" systemtimems="0.000" timestamp="2019-06-16T18:48:42.907" activeThreads="4">
  <mem-info id="501" free="6636520" total="8388608" percent="79">
    <mem type="nursery" free="1795840" total="2097152" percent="85">
      <mem type="allocate" free="1795840" total="1835008" percent="97" />
      <mem type="survivor" free="0" total="262144" percent="0" />
    </mem>
    <mem type="tenure" free="4840680" total="6291456" percent="76">
      <mem type="soa" free="4526312" total="5977088" percent="75" />
      <mem type="loa" free="314368" total="314368" percent="100" />
    </mem>
    <remembered-set count="56" />
  </mem-info>
</gc-end>
<cycle-end id="502" type="scavenge" contextid="496" timestamp="2019-06-16T18:48:42.907" />
  <attribute name="elasticGC enabled" value="1" />
  <attribute name= "numThreadsSpecified" value="4" />
  <attribute name="heapSize specified" value="0" />
  <attribute name="Current GC Util" value="39" />
  <attribute name= "Current Time Running" value="778" />
  <attribute name ="GC Interval" value="200" />
  <attribute name="ProportionalT" value="19.000000" />
  <attribute name="ProportionalI" value="19.000000" />
  <attribute name="ProportionalH" value="19.000000" />
  <attribute name="Current Error" value="19.000000" />
  <attribute name="IntegralT" value="19.000000" />
  <attribute name="IntegralI" value="19.000000" />
  <attribute name="IntegralH" value="19.000000" />
  <attribute name="DerivativeT" value="2.000000" />
  <attribute name="DerivativeI" value="2.000000" />
  <attribute name="DerivativeH" value="2.000000" />
  <attribute name="Loop Time for DT" value="1.000000" />
  <attribute name="Output H" value="8388608"/>
  <attribute name="Output I" value="200"/>
  <attribute name="Output T" value="4"/>
  <attribute name="Target GC Util Change" value ="20.000000" />
  <attribute name="Current GC Util Change" value="39.000000"/>
  <attribute name="GC Util currently" value="39" />
  <attribute name="CPU Util currently" value="5562997537418" />
<allocation-satisfied id="503" threadId="0000000000769700" bytesRequested="77352" />
<af-end id="504" timestamp="2019-06-16T18:48:42.907" threadId="000000000076A088" success="true" from="nursery"/>
<exclusive-end id="505" timestamp="2019-06-16T18:48:42.907" durationms="0.662" />

<exclusive-start id="506" timestamp="2019-06-16T18:48:42.907" intervalms="0.833">
  <response-info timems="0.018" idlems="0.018" threads="0" lastid="0000000000769700" lastname="main" />
</exclusive-start>
<af-start id="507" threadId="000000000076A088" totalBytesRequested="39440" timestamp="2019-06-16T18:48:42.907" intervalms="0.830" type="nursery" />
<cycle-start id="508" type="scavenge" contextid="0" timestamp="2019-06-16T18:48:42.907" intervalms="0.829" />
<gc-start id="509" type="scavenge" contextid="508" timestamp="2019-06-16T18:48:42.908">
  <mem-info id="510" free="4840680" total="8388608" percent="57">
    <mem type="nursery" free="0" total="2097152" percent="0">
      <mem type="allocate" free="0" total="1835008" percent="0" />
      <mem type="survivor" free="0" total="262144" percent="0" />
    </mem>
    <mem type="tenure" free="4840680" total="6291456" percent="76">
      <mem type="soa" free="4526312" total="5977088" percent="75" />
      <mem type="loa" free="314368" total="314368" percent="100" />
    </mem>
    <remembered-set count="56" />
  </mem-info>
</gc-start>
<allocation-stats totalBytes="1640488" >
  <allocated-bytes non-tlh="740304" tlh="900184" />
  <largest-consumer threadName="main" threadId="0000000000769700" bytes="1640488" />
</allocation-stats>
<gc-op id="511" type="scavenge" timems="0.134" contextid="508" timestamp="2019-06-16T18:48:42.908">
  <scavenger-info tenureage="14" tenuremask="4000" tiltratio="87" />
  <memory-copied type="nursery" objects="2" bytes="78640" bytesdiscarded="39144" />
</gc-op>
<gc-end id="512" type="scavenge" contextid="508" durationms="0.292" usertimems="0.000" systemtimems="0.000" timestamp="2019-06-16T18:48:42.908" activeThreads="4">
  <mem-info id="513" free="6557904" total="8388608" percent="78">
    <mem type="nursery" free="1717224" total="2097152" percent="81">
      <mem type="allocate" free="1717224" total="1835008" percent="93" />
      <mem type="survivor" free="0" total="262144" percent="0" />
    </mem>
    <mem type="tenure" free="4840680" total="6291456" percent="76">
      <mem type="soa" free="4526312" total="5977088" percent="75" />
      <mem type="loa" free="314368" total="314368" percent="100" />
    </mem>
    <remembered-set count="56" />
  </mem-info>
</gc-end>
<cycle-end id="514" type="scavenge" contextid="508" timestamp="2019-06-16T18:48:42.908" />
  <attribute name="elasticGC enabled" value="1" />
  <attribute name= "numThreadsSpecified" value="4" />
  <attribute name="heapSize specified" value="0" />
  <attribute name="Current GC Util" value="38" />
  <attribute name= "Current Time Running" value="779" />
  <attribute name ="GC Interval" value="200" />
  <attribute name="ProportionalT" value="18.000000" />
  <attribute name="ProportionalI" value="18.000000" />
  <attribute name="ProportionalH" value="18.000000" />
  <attribute name="Current Error" value="18.000000" />
  <attribute name="IntegralT" value="18.000000" />
  <attribute name="IntegralI" value="18.000000" />
  <attribute name="IntegralH" value="18.000000" />
  <attribute name="DerivativeT" value="-0.500000" />
  <attribute name="DerivativeI" value="-0.500000" />
  <attribute name="DerivativeH" value="-0.500000" />
  <attribute name="Loop Time for DT" value="1.000000" />
  <attribute name="Output H" value="8388608"/>
  <attribute name="Output I" value="200"/>
  <attribute name="Output T" value="4"/>
  <attribute name="Target GC Util Change" value ="20.000000" />
  <attribute name="Current GC Util Change" value="38.000000"/>
  <attribute name="GC Util currently" value="38" />
  <attribute name="CPU Util currently" value="5550203173325" />
<allocation-satisfied id="515" threadId="0000000000769700" bytesRequested="39440" />
<af-end id="516" timestamp="2019-06-16T18:48:42.908" threadId="000000000076A088" success="true" from="nursery"/>
<exclusive-end id="517" timestamp="2019-06-16T18:48:42.908" durationms="0.663" />

<exclusive-start id="518" timestamp="2019-06-16T18:48:42.908" intervalms="0.827">
  <response-info timems="0.018" idlems="0.018" threads="0" lastid="0000000000769700" lastname="main" />
</exclusive-start>
<af-start id="519" threadId="000000000076A088" totalBytesRequested="79920" timestamp="2019-06-16T18:48:42.908" intervalms="0.830" type="nursery" />
<cycle-start id="520" type="scavenge" contextid="0" timestamp="2019-06-16T18:48:42.908" intervalms="0.834" />
<gc-start id="521" type="scavenge" contextid="520" timestamp="2019-06-16T18:48:42.908">
  <mem-info id="522" free="4840680" total="8388608" percent="57">
    <mem type="nursery" free="0" total="2097152" percent="0">
      <mem type="allocate" free="0" total="1835008" percent="0" />
      <mem type="survivor" free="0" total="262144" percent="0" />
    </mem>
    <mem type="tenure" free="4840680" total="6291456" percent="76">
      <mem type="soa" free="4526312" total="5977088" percent="75" />
      <mem type="loa" free="314368" total="314368" percent="100" />
    </mem>
    <remembered-set count="56" />
  </mem-info>
</gc-start>
<allocation-stats totalBytes="1558048" >
  <allocated-bytes non-tlh="752440" tlh="805608" />
  <largest-consumer threadName="main" threadId="0000000000769700" bytes="1558048" />
</allocation-stats>
<gc-op id="523" type="scavenge" timems="0.132" contextid="520" timestamp="2019-06-16T18:48:42.909">
  <scavenger-info tenureage="14" tenuremask="4000" tiltratio="87" />
  <memory-copied type="nursery" objects="2" bytes="39984" bytesdiscarded="39144" />
</gc-op>
<gc-end id="524" type="scavenge" contextid="520" durationms="0.290" usertimems="0.000" systemtimems="0.000" timestamp="2019-06-16T18:48:42.909" activeThreads="4">
  <mem-info id="525" free="6596560" total="8388608" percent="78">
    <mem type="nursery" free="1755880" total="2097152" percent="83">
      <mem type="allocate" free="1755880" total="1835008" percent="95" />
      <mem type="survivor" free="0" total="262144" percent="0" />
    </mem>
    <mem type="tenure" free="4840680" total="6291456" percent="76">
      <mem type="soa" free="4526312" total="5977088" percent="75" />
      <mem type="loa" free="314368" total="314368" percent="100" />
    </mem>
    <remembered-set count="56" />
  </mem-info>
</gc-end>
<cycle-end id="526" type="scavenge" contextid="520" timestamp="2019-06-16T18:48:42.909" />
  <attribute name="elasticGC enabled" value="1" />
  <attribute name= "numThreadsSpecified" value="4" />
  <attribute name="heapSize specified" value="0" />
  <attribute name="Current GC Util" value="39" />
  <attribute name= "Current Time Running" value="780" />
  <attribute name ="GC Interval" value="200" />
  <attribute name="ProportionalT" value="19.000000" />
  <attribute name="ProportionalI" value="19.000000" />
  <attribute name="ProportionalH" value="19.000000" />
  <attribute name="Current Error" value="19.000000" />
  <attribute name="IntegralT" value="19.000000" />
  <attribute name="IntegralI" value="19.000000" />
  <attribute name="IntegralH" value="19.000000" />
  <attribute name="DerivativeT" value="0.500000" />
  <attribute name="DerivativeI" value="0.500000" />
  <attribute name="DerivativeH" value="0.500000" />
  <attribute name="Loop Time for DT" value="1.000000" />
  <attribute name="Output H" value="8388608"/>
  <attribute name="Output I" value="200"/>
  <attribute name="Output T" value="4"/>
  <attribute name="Target GC Util Change" value ="20.000000" />
  <attribute name="Current GC Util Change" value="39.000000"/>
  <attribute name="GC Util currently" value="39" />
  <attribute name="CPU Util currently" value="5530634048479" />
<allocation-satisfied id="527" threadId="0000000000769700" bytesRequested="79920" />
<af-end id="528" timestamp="2019-06-16T18:48:42.909" threadId="000000000076A088" success="true" from="nursery"/>
<exclusive-end id="529" timestamp="2019-06-16T18:48:42.909" durationms="0.678" />

<exclusive-start id="530" timestamp="2019-06-16T18:48:42.909" intervalms="0.850">
  <response-info timems="0.019" idlems="0.019" threads="0" lastid="0000000000769700" lastname="main" />
</exclusive-start>
<af-start id="531" threadId="000000000076A088" totalBytesRequested="40592" timestamp="2019-06-16T18:48:42.909" intervalms="0.847" type="nursery" />
<cycle-start id="532" type="scavenge" contextid="0" timestamp="2019-06-16T18:48:42.909" intervalms="0.921" />
<gc-start id="533" type="scavenge" contextid="532" timestamp="2019-06-16T18:48:42.909">
  <mem-info id="534" free="4840680" total="8388608" percent="57">
    <mem type="nursery" free="0" total="2097152" percent="0">
      <mem type="allocate" free="0" total="1835008" percent="0" />
      <mem type="survivor" free="0" total="262144" percent="0" />
    </mem>
    <mem type="tenure" free="4840680" total="6291456" percent="76">
      <mem type="soa" free="4526312" total="5977088" percent="75" />
      <mem type="loa" free="314368" total="314368" percent="100" />
    </mem>
    <remembered-set count="56" />
  </mem-info>
</gc-start>
<allocation-stats totalBytes="1572368" >
  <allocated-bytes non-tlh="845256" tlh="727112" />
  <largest-consumer threadName="main" threadId="0000000000769700" bytes="1572368" />
</allocation-stats>
<gc-op id="535" type="scavenge" timems="0.133" contextid="532" timestamp="2019-06-16T18:48:42.909">
  <scavenger-info tenureage="14" tenuremask="4000" tiltratio="87" />
  <memory-copied type="nursery" objects="4" bytes="40672" bytesdiscarded="39088" />
</gc-op>
<gc-end id="536" type="scavenge" contextid="532" durationms="0.288" usertimems="0.000" systemtimems="0.000" timestamp="2019-06-16T18:48:42.910" activeThreads="4">
  <mem-info id="537" free="6595928" total="8388608" percent="78">
    <mem type="nursery" free="1755248" total="2097152" percent="83">
      <mem type="allocate" free="1755248" total="1835008" percent="95" />
      <mem type="survivor" free="0" total="262144" percent="0" />
    </mem>
    <mem type="tenure" free="4840680" total="6291456" percent="76">
      <mem type="soa" free="4526312" total="5977088" percent="75" />
      <mem type="loa" free="314368" total="314368" percent="100" />
    </mem>
    <remembered-set count="56" />
  </mem-info>
</gc-end>
<cycle-end id="538" type="scavenge" contextid="532" timestamp="2019-06-16T18:48:42.910" />
  <attribute name="elasticGC enabled" value="1" />
  <attribute name= "numThreadsSpecified" value="4" />
  <attribute name="heapSize specified" value="0" />
  <attribute name="Current GC Util" value="35" />
  <attribute name= "Current Time Running" value="781" />
  <attribute name ="GC Interval" value="200" />
  <attribute name="ProportionalT" value="15.000000" />
  <attribute name="ProportionalI" value="15.000000" />
  <attribute name="ProportionalH" value="15.000000" />
  <attribute name="Current Error" value="15.000000" />
  <attribute name="IntegralT" value="15.000000" />
  <attribute name="IntegralI" value="15.000000" />
  <attribute name="IntegralH" value="15.000000" />
  <attribute name="DerivativeT" value="-2.000000" />
  <attribute name="DerivativeI" value="-2.000000" />
  <attribute name="DerivativeH" value="-2.000000" />
  <attribute name="Loop Time for DT" value="1.000000" />
  <attribute name="Output H" value="8388608"/>
  <attribute name="Output I" value="200"/>
  <attribute name="Output T" value="4"/>
  <attribute name="Target GC Util Change" value ="20.000000" />
  <attribute name="Current GC Util Change" value="35.000000"/>
  <attribute name="GC Util currently" value="35" />
  <attribute name="CPU Util currently" value="5002300669924" />
<allocation-satisfied id="539" threadId="0000000000769700" bytesRequested="40592" />
<af-end id="540" timestamp="2019-06-16T18:48:42.910" threadId="000000000076A088" success="true" from="nursery"/>
<exclusive-end id="541" timestamp="2019-06-16T18:48:42.910" durationms="0.820" />

<exclusive-start id="542" timestamp="2019-06-16T18:48:42.910" intervalms="0.982">
  <response-info timems="0.019" idlems="0.019" threads="0" lastid="0000000000769700" lastname="main" />
</exclusive-start>
<af-start id="543" threadId="000000000076A088" totalBytesRequested="82160" timestamp="2019-06-16T18:48:42.910" intervalms="0.986" type="nursery" />
<cycle-start id="544" type="scavenge" contextid="0" timestamp="2019-06-16T18:48:42.910" intervalms="0.910" />
<gc-start id="545" type="scavenge" contextid="544" timestamp="2019-06-16T18:48:42.910">
  <mem-info id="546" free="4840680" total="8388608" percent="57">
    <mem type="nursery" free="0" total="2097152" percent="0">
      <mem type="allocate" free="0" total="1835008" percent="0" />
      <mem type="survivor" free="0" total="262144" percent="0" />
    </mem>
    <mem type="tenure" free="4840680" total="6291456" percent="76">
      <mem type="soa" free="4526312" total="5977088" percent="75" />
      <mem type="loa" free="314368" total="314368" percent="100" />
    </mem>
    <remembered-set count="56" />
  </mem-info>
</gc-start>
<allocation-stats totalBytes="1590456" >
  <allocated-bytes non-tlh="815648" tlh="774808" />
  <largest-consumer threadName="main" threadId="0000000000769700" bytes="1590456" />
</allocation-stats>
<gc-op id="547" type="scavenge" timems="0.131" contextid="544" timestamp="2019-06-16T18:48:42.910">
  <scavenger-info tenureage="14" tenuremask="4000" tiltratio="87" />
  <memory-copied type="nursery" objects="2" bytes="41112" bytesdiscarded="39144" />
</gc-op>
<gc-end id="548" type="scavenge" contextid="544" durationms="0.289" usertimems="0.000" systemtimems="0.000" timestamp="2019-06-16T18:48:42.910" activeThreads="4">
  <mem-info id="549" free="6595432" total="8388608" percent="78">
    <mem type="nursery" free="1754752" total="2097152" percent="83">
      <mem type="allocate" free="1754752" total="1835008" percent="95" />
      <mem type="survivor" free="0" total="262144" percent="0" />
    </mem>
    <mem type="tenure" free="4840680" total="6291456" percent="76">
      <mem type="soa" free="4526312" total="5977088" percent="75" />
      <mem type="loa" free="314368" total="314368" percent="100" />
    </mem>
    <remembered-set count="56" />
  </mem-info>
</gc-end>
<cycle-end id="550" type="scavenge" contextid="544" timestamp="2019-06-16T18:48:42.911" />
  <attribute name="elasticGC enabled" value="1" />
  <attribute name= "numThreadsSpecified" value="4" />
  <attribute name="heapSize specified" value="0" />
  <attribute name="Current GC Util" value="35" />
  <attribute name= "Current Time Running" value="782" />
  <attribute name ="GC Interval" value="200" />
  <attribute name="ProportionalT" value="15.000000" />
  <attribute name="ProportionalI" value="15.000000" />
  <attribute name="ProportionalH" value="15.000000" />
  <attribute name="Current Error" value="15.000000" />
  <attribute name="IntegralT" value="15.000000" />
  <attribute name="IntegralI" value="15.000000" />
  <attribute name="IntegralH" value="15.000000" />
  <attribute name="DerivativeT" value="0.000000" />
  <attribute name="DerivativeI" value="0.000000" />
  <attribute name="DerivativeH" value="0.000000" />
  <attribute name="Loop Time for DT" value="1.000000" />
  <attribute name="Output H" value="8388608"/>
  <attribute name="Output I" value="200"/>
  <attribute name="Output T" value="4"/>
  <attribute name="Target GC Util Change" value ="20.000000" />
  <attribute name="Current GC Util Change" value="35.000000"/>
  <attribute name="GC Util currently" value="35" />
  <attribute name="CPU Util currently" value="5066522985479" />
<allocation-satisfied id="551" threadId="0000000000769700" bytesRequested="82160" />
<af-end id="552" timestamp="2019-06-16T18:48:42.911" threadId="000000000076A088" success="true" from="nursery"/>
<exclusive-end id="553" timestamp="2019-06-16T18:48:42.911" durationms="0.669" />

<exclusive-start id="554" timestamp="2019-06-16T18:48:42.911" intervalms="0.837">
  <response-info timems="0.019" idlems="0.019" threads="0" lastid="0000000000769700" lastname="main" />
</exclusive-start>
<af-start id="555" threadId="000000000076A088" totalBytesRequested="41712" timestamp="2019-06-16T18:48:42.911" intervalms="0.833" type="nursery" />
<cycle-start id="556" type="scavenge" contextid="0" timestamp="2019-06-16T18:48:42.911" intervalms="0.833" />
<gc-start id="557" type="scavenge" contextid="556" timestamp="2019-06-16T18:48:42.911">
  <mem-info id="558" free="4840680" total="8388608" percent="57">
    <mem type="nursery" free="0" total="2097152" percent="0">
      <mem type="allocate" free="0" total="1835008" percent="0" />
      <mem type="survivor" free="0" total="262144" percent="0" />
    </mem>
    <mem type="tenure" free="4840680" total="6291456" percent="76">
      <mem type="soa" free="4526312" total="5977088" percent="75" />
      <mem type="loa" free="314368" total="314368" percent="100" />
    </mem>
    <remembered-set count="56" />
  </mem-info>
</gc-start>
<allocation-stats totalBytes="1571168" >
  <allocated-bytes non-tlh="949728" tlh="621440" />
  <largest-consumer threadName="main" threadId="0000000000769700" bytes="1571168" />
</allocation-stats>
<gc-op id="559" type="scavenge" timems="0.132" contextid="556" timestamp="2019-06-16T18:48:42.911">
  <scavenger-info tenureage="14" tenuremask="4000" tiltratio="87" />
  <memory-copied type="nursery" objects="2" bytes="83176" bytesdiscarded="39144" />
</gc-op>
<gc-end id="560" type="scavenge" contextid="556" durationms="0.289" usertimems="0.000" systemtimems="0.000" timestamp="2019-06-16T18:48:42.911" activeThreads="4">
  <mem-info id="561" free="6553368" total="8388608" percent="78">
    <mem type="nursery" free="1712688" total="2097152" percent="81">
      <mem type="allocate" free="1712688" total="1835008" percent="93" />
      <mem type="survivor" free="0" total="262144" percent="0" />
    </mem>
    <mem type="tenure" free="4840680" total="6291456" percent="76">
      <mem type="soa" free="4526312" total="5977088" percent="75" />
      <mem type="loa" free="314368" total="314368" percent="100" />
    </mem>
    <remembered-set count="56" />
  </mem-info>
</gc-end>
<cycle-end id="562" type="scavenge" contextid="556" timestamp="2019-06-16T18:48:42.911" />
  <attribute name="elasticGC enabled" value="1" />
  <attribute name= "numThreadsSpecified" value="4" />
  <attribute name="heapSize specified" value="0" />
  <attribute name="Current GC Util" value="38" />
  <attribute name= "Current Time Running" value="783" />
  <attribute name ="GC Interval" value="200" />
  <attribute name="ProportionalT" value="18.000000" />
  <attribute name="ProportionalI" value="18.000000" />
  <attribute name="ProportionalH" value="18.000000" />
  <attribute name="Current Error" value="18.000000" />
  <attribute name="IntegralT" value="18.000000" />
  <attribute name="IntegralI" value="18.000000" />
  <attribute name="IntegralH" value="18.000000" />
  <attribute name="DerivativeT" value="1.500000" />
  <attribute name="DerivativeI" value="1.500000" />
  <attribute name="DerivativeH" value="1.500000" />
  <attribute name="Loop Time for DT" value="1.000000" />
  <attribute name="Output H" value="8388608"/>
  <attribute name="Output I" value="200"/>
  <attribute name="Output T" value="4"/>
  <attribute name="Target GC Util Change" value ="20.000000" />
  <attribute name="Current GC Util Change" value="38.000000"/>
  <attribute name="GC Util currently" value="38" />
  <attribute name="CPU Util currently" value="5547672714943" />
<allocation-satisfied id="563" threadId="0000000000769700" bytesRequested="41712" />
<af-end id="564" timestamp="2019-06-16T18:48:42.911" threadId="000000000076A088" success="true" from="nursery"/>
<exclusive-end id="565" timestamp="2019-06-16T18:48:42.912" durationms="0.664" />

<exclusive-start id="566" timestamp="2019-06-16T18:48:42.912" intervalms="0.853">
  <response-info timems="0.021" idlems="0.021" threads="0" lastid="0000000000769700" lastname="main" />
</exclusive-start>
<af-start id="567" threadId="000000000076A088" totalBytesRequested="42280" timestamp="2019-06-16T18:48:42.912" intervalms="0.858" type="nursery" />
<cycle-start id="568" type="scavenge" contextid="0" timestamp="2019-06-16T18:48:42.912" intervalms="0.857" />
<gc-start id="569" type="scavenge" contextid="568" timestamp="2019-06-16T18:48:42.912">
  <mem-info id="570" free="4840680" total="8388608" percent="57">
    <mem type="nursery" free="0" total="2097152" percent="0">
      <mem type="allocate" free="0" total="1835008" percent="0" />
      <mem type="survivor" free="0" total="262144" percent="0" />
    </mem>
    <mem type="tenure" free="4840680" total="6291456" percent="76">
      <mem type="soa" free="4526312" total="5977088" percent="75" />
      <mem type="loa" free="314368" total="314368" percent="100" />
    </mem>
    <remembered-set count="56" />
  </mem-info>
</gc-start>
<allocation-stats totalBytes="1553464" >
  <allocated-bytes non-tlh="795752" tlh="757712" />
  <largest-consumer threadName="main" threadId="0000000000769700" bytes="1553464" />
</allocation-stats>
<gc-op id="571" type="scavenge" timems="0.132" contextid="568" timestamp="2019-06-16T18:48:42.912">
  <scavenger-info tenureage="14" tenuremask="4000" tiltratio="87" />
  <memory-copied type="nursery" objects="4" bytes="42360" bytesdiscarded="39088" />
</gc-op>
<gc-end id="572" type="scavenge" contextid="568" durationms="0.290" usertimems="0.000" systemtimems="0.000" timestamp="2019-06-16T18:48:42.912" activeThreads="4">
  <mem-info id="573" free="6594240" total="8388608" percent="78">
    <mem type="nursery" free="1753560" total="2097152" percent="83">
      <mem type="allocate" free="1753560" total="1835008" percent="95" />
      <mem type="survivor" free="0" total="262144" percent="0" />
    </mem>
    <mem type="tenure" free="4840680" total="6291456" percent="76">
      <mem type="soa" free="4526312" total="5977088" percent="75" />
      <mem type="loa" free="314368" total="314368" percent="100" />
    </mem>
    <remembered-set count="56" />
  </mem-info>
</gc-end>
<cycle-end id="574" type="scavenge" contextid="568" timestamp="2019-06-16T18:48:42.912" />
  <attribute name="elasticGC enabled" value="1" />
  <attribute name= "numThreadsSpecified" value="4" />
  <attribute name="heapSize specified" value="0" />
  <attribute name="Current GC Util" value="37" />
  <attribute name= "Current Time Running" value="783" />
  <attribute name ="GC Interval" value="200" />
  <attribute name="ProportionalT" value="17.000000" />
  <attribute name="ProportionalI" value="17.000000" />
  <attribute name="ProportionalH" value="17.000000" />
  <attribute name="Current Error" value="17.000000" />
  <attribute name="IntegralT" value="0.000000" />
  <attribute name="IntegralI" value="0.000000" />
  <attribute name="IntegralH" value="0.000000" />
  <attribute name="DerivativeT" value="-inf" />
  <attribute name="DerivativeI" value="-inf" />
  <attribute name="DerivativeH" value="-inf" />
  <attribute name="Loop Time for DT" value="0.000000" />
  <attribute name="Output H" value="2092630016"/>
  <attribute name="Output I" value="200"/>
  <attribute name="Output T" value="4"/>
  <attribute name="Target GC Util Change" value ="20.000000" />
  <attribute name="Current GC Util Change" value="37.000000"/>
  <attribute name="GC Util currently" value="37" />
  <attribute name="CPU Util currently" value="5365663717392" />
<allocation-satisfied id="575" threadId="0000000000769700" bytesRequested="42280" />
<af-end id="576" timestamp="2019-06-16T18:48:42.912" threadId="000000000076A088" success="true" from="nursery"/>
<exclusive-end id="577" timestamp="2019-06-16T18:48:42.912" durationms="0.671" />

<exclusive-start id="578" timestamp="2019-06-16T18:48:42.913" intervalms="0.838">
  <response-info timems="0.021" idlems="0.021" threads="0" lastid="0000000000769700" lastname="main" />
</exclusive-start>
<af-start id="579" threadId="000000000076A088" totalBytesRequested="86096" timestamp="2019-06-16T18:48:42.913" intervalms="0.838" type="nursery" />
<cycle-start id="580" type="scavenge" contextid="0" timestamp="2019-06-16T18:48:42.913" intervalms="0.838" />
<gc-start id="581" type="scavenge" contextid="580" timestamp="2019-06-16T18:48:42.913">
  <mem-info id="582" free="4840680" total="8388608" percent="57">
    <mem type="nursery" free="0" total="2097152" percent="0">
      <mem type="allocate" free="0" total="1835008" percent="0" />
      <mem type="survivor" free="0" total="262144" percent="0" />
    </mem>
    <mem type="tenure" free="4840680" total="6291456" percent="76">
      <mem type="soa" free="4526312" total="5977088" percent="75" />
      <mem type="loa" free="314368" total="314368" percent="100" />
    </mem>
    <remembered-set count="56" />
  </mem-info>
</gc-start>
<allocation-stats totalBytes="1587824" >
  <allocated-bytes non-tlh="894408" tlh="693416" />
  <largest-consumer threadName="main" threadId="0000000000769700" bytes="1587824" />
</allocation-stats>
<gc-op id="583" type="scavenge" timems="0.114" contextid="580" timestamp="2019-06-16T18:48:42.913">
  <scavenger-info tenureage="14" tenuremask="4000" tiltratio="87" />
  <memory-copied type="nursery" objects="2" bytes="43072" bytesdiscarded="39144" />
</gc-op>
<gc-end id="584" type="scavenge" contextid="580" durationms="0.274" usertimems="0.000" systemtimems="0.000" timestamp="2019-06-16T18:48:42.913" activeThreads="4">
  <mem-info id="585" free="6593472" total="8388608" percent="78">
    <mem type="nursery" free="1752792" total="2097152" percent="83">
      <mem type="allocate" free="1752792" total="1835008" percent="95" />
      <mem type="survivor" free="0" total="262144" percent="0" />
    </mem>
    <mem type="tenure" free="4840680" total="6291456" percent="76">
      <mem type="soa" free="4526312" total="5977088" percent="75" />
      <mem type="loa" free="314368" total="314368" percent="100" />
    </mem>
    <remembered-set count="56" />
  </mem-info>
</gc-end>
<cycle-end id="586" type="scavenge" contextid="580" timestamp="2019-06-16T18:48:42.913" />
  <attribute name="elasticGC enabled" value="1" />
  <attribute name= "numThreadsSpecified" value="4" />
  <attribute name="heapSize specified" value="0" />
  <attribute name="Current GC Util" value="38" />
  <attribute name= "Current Time Running" value="784" />
  <attribute name ="GC Interval" value="200" />
  <attribute name="ProportionalT" value="18.000000" />
  <attribute name="ProportionalI" value="18.000000" />
  <attribute name="ProportionalH" value="18.000000" />
  <attribute name="Current Error" value="18.000000" />
  <attribute name="IntegralT" value="18.000000" />
  <attribute name="IntegralI" value="18.000000" />
  <attribute name="IntegralH" value="18.000000" />
  <attribute name="DerivativeT" value="0.500000" />
  <attribute name="DerivativeI" value="0.500000" />
  <attribute name="DerivativeH" value="0.500000" />
  <attribute name="Loop Time for DT" value="1.000000" />
  <attribute name="Output H" value="8388608"/>
  <attribute name="Output I" value="200"/>
  <attribute name="Output T" value="4"/>
  <attribute name="Target GC Util Change" value ="20.000000" />
  <attribute name="Current GC Util Change" value="38.000000"/>
  <attribute name="GC Util currently" value="38" />
  <attribute name="CPU Util currently" value="5513475600109" />
<allocation-satisfied id="587" threadId="0000000000769700" bytesRequested="86096" />
<af-end id="588" timestamp="2019-06-16T18:48:42.913" threadId="000000000076A088" success="true" from="nursery"/>
<exclusive-end id="589" timestamp="2019-06-16T18:48:42.913" durationms="0.655" />

<exclusive-start id="590" timestamp="2019-06-16T18:48:42.913" intervalms="0.819">
  <response-info timems="0.024" idlems="0.024" threads="0" lastid="0000000000769700" lastname="main" />
</exclusive-start>
<af-start id="591" threadId="000000000076A088" totalBytesRequested="87248" timestamp="2019-06-16T18:48:42.913" intervalms="0.820" type="nursery" />
<cycle-start id="592" type="scavenge" contextid="0" timestamp="2019-06-16T18:48:42.913" intervalms="0.821" />
<gc-start id="593" type="scavenge" contextid="592" timestamp="2019-06-16T18:48:42.914">
  <mem-info id="594" free="4840680" total="8388608" percent="57">
    <mem type="nursery" free="0" total="2097152" percent="0">
      <mem type="allocate" free="0" total="1835008" percent="0" />
      <mem type="survivor" free="0" total="262144" percent="0" />
    </mem>
    <mem type="tenure" free="4840680" total="6291456" percent="76">
      <mem type="soa" free="4526312" total="5977088" percent="75" />
      <mem type="loa" free="314368" total="314368" percent="100" />
    </mem>
    <remembered-set count="56" />
  </mem-info>
</gc-start>
<allocation-stats totalBytes="1628016" >
  <allocated-bytes non-tlh="908992" tlh="719024" />
  <largest-consumer threadName="main" threadId="0000000000769700" bytes="1628016" />
</allocation-stats>
<gc-op id="595" type="scavenge" timems="0.133" contextid="592" timestamp="2019-06-16T18:48:42.914">
  <scavenger-info tenureage="14" tenuremask="4000" tiltratio="87" />
  <memory-copied type="nursery" objects="2" bytes="43648" bytesdiscarded="39144" />
</gc-op>
<gc-end id="596" type="scavenge" contextid="592" durationms="0.290" usertimems="0.000" systemtimems="0.000" timestamp="2019-06-16T18:48:42.914" activeThreads="4">
  <mem-info id="597" free="6592896" total="8388608" percent="78">
    <mem type="nursery" free="1752216" total="2097152" percent="83">
      <mem type="allocate" free="1752216" total="1835008" percent="95" />
      <mem type="survivor" free="0" total="262144" percent="0" />
    </mem>
    <mem type="tenure" free="4840680" total="6291456" percent="76">
      <mem type="soa" free="4526312" total="5977088" percent="75" />
      <mem type="loa" free="314368" total="314368" percent="100" />
    </mem>
    <remembered-set count="56" />
  </mem-info>
</gc-end>
<cycle-end id="598" type="scavenge" contextid="592" timestamp="2019-06-16T18:48:42.914" />
  <attribute name="elasticGC enabled" value="1" />
  <attribute name= "numThreadsSpecified" value="4" />
  <attribute name="heapSize specified" value="0" />
  <attribute name="Current GC Util" value="40" />
  <attribute name= "Current Time Running" value="785" />
  <attribute name ="GC Interval" value="200" />
  <attribute name="ProportionalT" value="20.000000" />
  <attribute name="ProportionalI" value="20.000000" />
  <attribute name="ProportionalH" value="20.000000" />
  <attribute name="Current Error" value="20.000000" />
  <attribute name="IntegralT" value="20.000000" />
  <attribute name="IntegralI" value="20.000000" />
  <attribute name="IntegralH" value="20.000000" />
  <attribute name="DerivativeT" value="1.000000" />
  <attribute name="DerivativeI" value="1.000000" />
  <attribute name="DerivativeH" value="1.000000" />
  <attribute name="Loop Time for DT" value="1.000000" />
  <attribute name="Output H" value="8388608"/>
  <attribute name="Output I" value="200"/>
  <attribute name="Output T" value="4"/>
  <attribute name="Target GC Util Change" value ="20.000000" />
  <attribute name="Current GC Util Change" value="40.000000"/>
  <attribute name="GC Util currently" value="40" />
  <attribute name="CPU Util currently" value="5614421740287" />
<allocation-satisfied id="599" threadId="0000000000769700" bytesRequested="87248" />
<af-end id="600" timestamp="2019-06-16T18:48:42.914" threadId="000000000076A088" success="true" from="nursery"/>
<exclusive-end id="601" timestamp="2019-06-16T18:48:42.914" durationms="0.672" />

<exclusive-start id="602" timestamp="2019-06-16T18:48:42.914" intervalms="0.841">
  <response-info timems="0.020" idlems="0.020" threads="0" lastid="0000000000769700" lastname="main" />
</exclusive-start>
<af-start id="603" threadId="000000000076A088" totalBytesRequested="88616" timestamp="2019-06-16T18:48:42.914" intervalms="0.839" type="nursery" />
<cycle-start id="604" type="scavenge" contextid="0" timestamp="2019-06-16T18:48:42.914" intervalms="0.841" />
<gc-start id="605" type="scavenge" contextid="604" timestamp="2019-06-16T18:48:42.914">
  <mem-info id="606" free="4840680" total="8388608" percent="57">
    <mem type="nursery" free="0" total="2097152" percent="0">
      <mem type="allocate" free="0" total="1835008" percent="0" />
      <mem type="survivor" free="0" total="262144" percent="0" />
    </mem>
    <mem type="tenure" free="4840680" total="6291456" percent="76">
      <mem type="soa" free="4526312" total="5977088" percent="75" />
      <mem type="loa" free="314368" total="314368" percent="100" />
    </mem>
    <remembered-set count="56" />
  </mem-info>
</gc-start>
<allocation-stats totalBytes="1586128" >
  <allocated-bytes non-tlh="966400" tlh="619728" />
  <largest-consumer threadName="main" threadId="0000000000769700" bytes="1586128" />
</allocation-stats>
<gc-op id="607" type="scavenge" timems="0.131" contextid="604" timestamp="2019-06-16T18:48:42.915">
  <scavenger-info tenureage="14" tenuremask="4000" tiltratio="87" />
  <memory-copied type="nursery" objects="2" bytes="44336" bytesdiscarded="39144" />
</gc-op>
<gc-end id="608" type="scavenge" contextid="604" durationms="0.288" usertimems="0.000" systemtimems="0.000" timestamp="2019-06-16T18:48:42.915" activeThreads="4">
  <mem-info id="609" free="6592208" total="8388608" percent="78">
    <mem type="nursery" free="1751528" total="2097152" percent="83">
      <mem type="allocate" free="1751528" total="1835008" percent="95" />
      <mem type="survivor" free="0" total="262144" percent="0" />
    </mem>
    <mem type="tenure" free="4840680" total="6291456" percent="76">
      <mem type="soa" free="4526312" total="5977088" percent="75" />
      <mem type="loa" free="314368" total="314368" percent="100" />
    </mem>
    <remembered-set count="56" />
  </mem-info>
</gc-end>
<cycle-end id="610" type="scavenge" contextid="604" timestamp="2019-06-16T18:48:42.915" />
  <attribute name="elasticGC enabled" value="1" />
  <attribute name= "numThreadsSpecified" value="4" />
  <attribute name="heapSize specified" value="0" />
  <attribute name="Current GC Util" value="38" />
  <attribute name= "Current Time Running" value="786" />
  <attribute name ="GC Interval" value="200" />
  <attribute name="ProportionalT" value="18.000000" />
  <attribute name="ProportionalI" value="18.000000" />
  <attribute name="ProportionalH" value="18.000000" />
  <attribute name="Current Error" value="18.000000" />
  <attribute name="IntegralT" value="18.000000" />
  <attribute name="IntegralI" value="18.000000" />
  <attribute name="IntegralH" value="18.000000" />
  <attribute name="DerivativeT" value="-1.000000" />
  <attribute name="DerivativeI" value="-1.000000" />
  <attribute name="DerivativeH" value="-1.000000" />
  <attribute name="Loop Time for DT" value="1.000000" />
  <attribute name="Output H" value="8388608"/>
  <attribute name="Output I" value="200"/>
  <attribute name="Output T" value="4"/>
  <attribute name="Target GC Util Change" value ="20.000000" />
  <attribute name="Current GC Util Change" value="38.000000"/>
  <attribute name="GC Util currently" value="38" />
  <attribute name="CPU Util currently" value="5487234668386" />
<allocation-satisfied id="611" threadId="0000000000769700" bytesRequested="88616" />
<af-end id="612" timestamp="2019-06-16T18:48:42.915" threadId="000000000076A088" success="true" from="nursery"/>
<exclusive-end id="613" timestamp="2019-06-16T18:48:42.915" durationms="0.670" />

<exclusive-start id="614" timestamp="2019-06-16T18:48:42.915" intervalms="0.830">
  <response-info timems="0.021" idlems="0.021" threads="0" lastid="0000000000769700" lastname="main" />
</exclusive-start>
<af-start id="615" threadId="000000000076A088" totalBytesRequested="44896" timestamp="2019-06-16T18:48:42.915" intervalms="0.831" type="nursery" />
<cycle-start id="616" type="scavenge" contextid="0" timestamp="2019-06-16T18:48:42.915" intervalms="0.829" />
<gc-start id="617" type="scavenge" contextid="616" timestamp="2019-06-16T18:48:42.915">
  <mem-info id="618" free="4840680" total="8388608" percent="57">
    <mem type="nursery" free="0" total="2097152" percent="0">
      <mem type="allocate" free="0" total="1835008" percent="0" />
      <mem type="survivor" free="0" total="262144" percent="0" />
    </mem>
    <mem type="tenure" free="4840680" total="6291456" percent="76">
      <mem type="soa" free="4526312" total="5977088" percent="75" />
      <mem type="loa" free="314368" total="314368" percent="100" />
    </mem>
    <remembered-set count="56" />
  </mem-info>
</gc-start>
<allocation-stats totalBytes="1561472" >
  <allocated-bytes non-tlh="935448" tlh="626024" />
  <largest-consumer threadName="main" threadId="0000000000769700" bytes="1561472" />
</allocation-stats>
<gc-op id="619" type="scavenge" timems="0.133" contextid="616" timestamp="2019-06-16T18:48:42.915">
  <scavenger-info tenureage="14" tenuremask="4000" tiltratio="87" />
  <memory-copied type="nursery" objects="4" bytes="44976" bytesdiscarded="39088" />
</gc-op>
<gc-end id="620" type="scavenge" contextid="616" durationms="0.291" usertimems="0.000" systemtimems="0.000" timestamp="2019-06-16T18:48:42.915" activeThreads="4">
  <mem-info id="621" free="6591624" total="8388608" percent="78">
    <mem type="nursery" free="1750944" total="2097152" percent="83">
      <mem type="allocate" free="1750944" total="1835008" percent="95" />
      <mem type="survivor" free="0" total="262144" percent="0" />
    </mem>
    <mem type="tenure" free="4840680" total="6291456" percent="76">
      <mem type="soa" free="4526312" total="5977088" percent="75" />
      <mem type="loa" free="314368" total="314368" percent="100" />
    </mem>
    <remembered-set count="56" />
  </mem-info>
</gc-end>
<cycle-end id="622" type="scavenge" contextid="616" timestamp="2019-06-16T18:48:42.916" />
  <attribute name="elasticGC enabled" value="1" />
  <attribute name= "numThreadsSpecified" value="4" />
  <attribute name="heapSize specified" value="0" />
  <attribute name="Current GC Util" value="39" />
  <attribute name= "Current Time Running" value="787" />
  <attribute name ="GC Interval" value="200" />
  <attribute name="ProportionalT" value="19.000000" />
  <attribute name="ProportionalI" value="19.000000" />
  <attribute name="ProportionalH" value="19.000000" />
  <attribute name="Current Error" value="19.000000" />
  <attribute name="IntegralT" value="19.000000" />
  <attribute name="IntegralI" value="19.000000" />
  <attribute name="IntegralH" value="19.000000" />
  <attribute name="DerivativeT" value="0.500000" />
  <attribute name="DerivativeI" value="0.500000" />
  <attribute name="DerivativeH" value="0.500000" />
  <attribute name="Loop Time for DT" value="1.000000" />
  <attribute name="Output H" value="8388608"/>
  <attribute name="Output I" value="200"/>
  <attribute name="Output T" value="4"/>
  <attribute name="Target GC Util Change" value ="20.000000" />
  <attribute name="Current GC Util Change" value="39.000000"/>
  <attribute name="GC Util currently" value="39" />
  <attribute name="CPU Util currently" value="5544824539149" />
<allocation-satisfied id="623" threadId="0000000000769700" bytesRequested="44896" />
<af-end id="624" timestamp="2019-06-16T18:48:42.916" threadId="000000000076A088" success="true" from="nursery"/>
<exclusive-end id="625" timestamp="2019-06-16T18:48:42.916" durationms="0.672" />

<exclusive-start id="626" timestamp="2019-06-16T18:48:42.916" intervalms="0.833">
  <response-info timems="0.020" idlems="0.020" threads="0" lastid="0000000000769700" lastname="main" />
</exclusive-start>
<af-start id="627" threadId="000000000076A088" totalBytesRequested="90952" timestamp="2019-06-16T18:48:42.916" intervalms="0.832" type="nursery" />
<cycle-start id="628" type="scavenge" contextid="0" timestamp="2019-06-16T18:48:42.916" intervalms="0.831" />
<gc-start id="629" type="scavenge" contextid="628" timestamp="2019-06-16T18:48:42.916">
  <mem-info id="630" free="4842208" total="8388608" percent="57">
    <mem type="nursery" free="1528" total="2097152" percent="0">
      <mem type="allocate" free="1528" total="1835008" percent="0" />
      <mem type="survivor" free="0" total="262144" percent="0" />
    </mem>
    <mem type="tenure" free="4840680" total="6291456" percent="76">
      <mem type="soa" free="4526312" total="5977088" percent="75" />
      <mem type="loa" free="314368" total="314368" percent="100" />
    </mem>
    <remembered-set count="56" />
  </mem-info>
</gc-start>
<allocation-stats totalBytes="1577928" >
  <allocated-bytes non-tlh="948256" tlh="629672" />
  <largest-consumer threadName="main" threadId="0000000000769700" bytes="1577928" />
</allocation-stats>
<gc-op id="631" type="scavenge" timems="0.133" contextid="628" timestamp="2019-06-16T18:48:42.916">
  <scavenger-info tenureage="14" tenuremask="4000" tiltratio="87" />
  <memory-copied type="nursery" objects="2" bytes="45504" bytesdiscarded="39144" />
</gc-op>
<gc-end id="632" type="scavenge" contextid="628" durationms="0.295" usertimems="0.000" systemtimems="4.000" timestamp="2019-06-16T18:48:42.916" activeThreads="4">
  <mem-info id="633" free="6591040" total="8388608" percent="78">
    <mem type="nursery" free="1750360" total="2097152" percent="83">
      <mem type="allocate" free="1750360" total="1835008" percent="95" />
      <mem type="survivor" free="0" total="262144" percent="0" />
    </mem>
    <mem type="tenure" free="4840680" total="6291456" percent="76">
      <mem type="soa" free="4526312" total="5977088" percent="75" />
      <mem type="loa" free="314368" total="314368" percent="100" />
    </mem>
    <remembered-set count="56" />
  </mem-info>
</gc-end>
<cycle-end id="634" type="scavenge" contextid="628" timestamp="2019-06-16T18:48:42.916" />
  <attribute name="elasticGC enabled" value="1" />
  <attribute name= "numThreadsSpecified" value="4" />
  <attribute name="heapSize specified" value="0" />
  <attribute name="Current GC Util" value="38" />
  <attribute name= "Current Time Running" value="788" />
  <attribute name ="GC Interval" value="200" />
  <attribute name="ProportionalT" value="18.000000" />
  <attribute name="ProportionalI" value="18.000000" />
  <attribute name="ProportionalH" value="18.000000" />
  <attribute name="Current Error" value="18.000000" />
  <attribute name="IntegralT" value="18.000000" />
  <attribute name="IntegralI" value="18.000000" />
  <attribute name="IntegralH" value="18.000000" />
  <attribute name="DerivativeT" value="-0.500000" />
  <attribute name="DerivativeI" value="-0.500000" />
  <attribute name="DerivativeH" value="-0.500000" />
  <attribute name="Loop Time for DT" value="1.000000" />
  <attribute name="Output H" value="8388608"/>
  <attribute name="Output I" value="200"/>
  <attribute name="Output T" value="4"/>
  <attribute name="Target GC Util Change" value ="20.000000" />
  <attribute name="Current GC Util Change" value="38.000000"/>
  <attribute name="GC Util currently" value="38" />
  <attribute name="CPU Util currently" value="5537228168601" />
<allocation-satisfied id="635" threadId="0000000000769700" bytesRequested="90952" />
<af-end id="636" timestamp="2019-06-16T18:48:42.916" threadId="000000000076A088" success="true" from="nursery"/>
<exclusive-end id="637" timestamp="2019-06-16T18:48:42.917" durationms="0.673" />

<exclusive-start id="638" timestamp="2019-06-16T18:48:42.917" intervalms="0.828">
  <response-info timems="0.020" idlems="0.020" threads="0" lastid="0000000000769700" lastname="main" />
</exclusive-start>
<af-start id="639" threadId="000000000076A088" totalBytesRequested="92112" timestamp="2019-06-16T18:48:42.917" intervalms="0.828" type="nursery" />
<cycle-start id="640" type="scavenge" contextid="0" timestamp="2019-06-16T18:48:42.917" intervalms="0.829" />
<gc-start id="641" type="scavenge" contextid="640" timestamp="2019-06-16T18:48:42.917">
  <mem-info id="642" free="4922576" total="8388608" percent="58">
    <mem type="nursery" free="81896" total="2097152" percent="3">
      <mem type="allocate" free="81896" total="1835008" percent="4" />
      <mem type="survivor" free="0" total="262144" percent="0" />
    </mem>
    <mem type="tenure" free="4840680" total="6291456" percent="76">
      <mem type="soa" free="4526312" total="5977088" percent="75" />
      <mem type="loa" free="314368" total="314368" percent="100" />
    </mem>
    <remembered-set count="56" />
  </mem-info>
</gc-start>
<allocation-stats totalBytes="1551256" >
  <allocated-bytes non-tlh="914800" tlh="636456" />
  <largest-consumer threadName="main" threadId="0000000000769700" bytes="1551256" />
</allocation-stats>
<gc-op id="643" type="scavenge" timems="0.091" contextid="640" timestamp="2019-06-16T18:48:42.917">
  <scavenger-info tenureage="14" tenuremask="4000" tiltratio="87" />
  <memory-copied type="nursery" objects="2" bytes="46088" bytesdiscarded="39144" />
</gc-op>
<gc-end id="644" type="scavenge" contextid="640" durationms="0.258" usertimems="0.000" systemtimems="0.000" timestamp="2019-06-16T18:48:42.917" activeThreads="1">
  <mem-info id="645" free="6590456" total="8388608" percent="78">
    <mem type="nursery" free="1749776" total="2097152" percent="83">
      <mem type="allocate" free="1749776" total="1835008" percent="95" />
      <mem type="survivor" free="0" total="262144" percent="0" />
    </mem>
    <mem type="tenure" free="4840680" total="6291456" percent="76">
      <mem type="soa" free="4526312" total="5977088" percent="75" />
      <mem type="loa" free="314368" total="314368" percent="100" />
    </mem>
    <remembered-set count="56" />
  </mem-info>
</gc-end>
<cycle-end id="646" type="scavenge" contextid="640" timestamp="2019-06-16T18:48:42.917" />
  <attribute name="elasticGC enabled" value="1" />
  <attribute name= "numThreadsSpecified" value="1" />
  <attribute name="heapSize specified" value="0" />
  <attribute name="Current GC Util" value="39" />
  <attribute name= "Current Time Running" value="788" />
  <attribute name ="GC Interval" value="200" />
  <attribute name="ProportionalT" value="19.000000" />
  <attribute name="ProportionalI" value="19.000000" />
  <attribute name="ProportionalH" value="19.000000" />
  <attribute name="Current Error" value="19.000000" />
  <attribute name="IntegralT" value="0.000000" />
  <attribute name="IntegralI" value="0.000000" />
  <attribute name="IntegralH" value="0.000000" />
  <attribute name="DerivativeT" value="inf" />
  <attribute name="DerivativeI" value="inf" />
  <attribute name="DerivativeH" value="inf" />
  <attribute name="Loop Time for DT" value="0.000000" />
  <attribute name="Output H" value="8388608"/>
  <attribute name="Output I" value="200"/>
  <attribute name="Output T" value="1"/>
  <attribute name="Target GC Util Change" value ="20.000000" />
  <attribute name="Current GC Util Change" value="39.000000"/>
  <attribute name="GC Util currently" value="39" />
  <attribute name="CPU Util currently" value="5533700052844" />
<allocation-satisfied id="647" threadId="0000000000769700" bytesRequested="92112" />
<af-end id="648" timestamp="2019-06-16T18:48:42.917" threadId="000000000076A088" success="true" from="nursery"/>
<exclusive-end id="649" timestamp="2019-06-16T18:48:42.918" durationms="0.894" />

<exclusive-start id="650" timestamp="2019-06-16T18:48:42.918" intervalms="1.127">
  <response-info timems="0.055" idlems="0.055" threads="0" lastid="0000000000769700" lastname="main" />
</exclusive-start>
<af-start id="651" threadId="000000000076A088" totalBytesRequested="46760" timestamp="2019-06-16T18:48:42.918" intervalms="1.134" type="nursery" />
<cycle-start id="652" type="scavenge" contextid="0" timestamp="2019-06-16T18:48:42.918" intervalms="1.133" />
<gc-start id="653" type="scavenge" contextid="652" timestamp="2019-06-16T18:48:42.918">
  <mem-info id="654" free="4840680" total="8388608" percent="57">
    <mem type="nursery" free="0" total="2097152" percent="0">
      <mem type="allocate" free="0" total="1835008" percent="0" />
      <mem type="survivor" free="0" total="262144" percent="0" />
    </mem>
    <mem type="tenure" free="4840680" total="6291456" percent="76">
      <mem type="soa" free="4526312" total="5977088" percent="75" />
      <mem type="loa" free="314368" total="314368" percent="100" />
    </mem>
    <remembered-set count="56" />
  </mem-info>
</gc-start>
<allocation-stats totalBytes="1577872" >
  <allocated-bytes non-tlh="1066240" tlh="511632" />
  <largest-consumer threadName="main" threadId="0000000000769700" bytes="1577872" />
</allocation-stats>
<gc-op id="655" type="scavenge" timems="0.135" contextid="652" timestamp="2019-06-16T18:48:42.918">
  <scavenger-info tenureage="14" tenuremask="4000" tiltratio="87" />
  <memory-copied type="nursery" objects="2" bytes="93240" bytesdiscarded="39144" />
</gc-op>
<gc-end id="656" type="scavenge" contextid="652" durationms="0.298" usertimems="0.000" systemtimems="0.000" timestamp="2019-06-16T18:48:42.918" activeThreads="4">
  <mem-info id="657" free="6543304" total="8388608" percent="78">
    <mem type="nursery" free="1702624" total="2097152" percent="81">
      <mem type="allocate" free="1702624" total="1835008" percent="92" />
      <mem type="survivor" free="0" total="262144" percent="0" />
    </mem>
    <mem type="tenure" free="4840680" total="6291456" percent="76">
      <mem type="soa" free="4526312" total="5977088" percent="75" />
      <mem type="loa" free="314368" total="314368" percent="100" />
    </mem>
    <remembered-set count="56" />
  </mem-info>
</gc-end>
<cycle-end id="658" type="scavenge" contextid="652" timestamp="2019-06-16T18:48:42.918" />
  <attribute name="elasticGC enabled" value="1" />
  <attribute name= "numThreadsSpecified" value="4" />
  <attribute name="heapSize specified" value="0" />
  <attribute name="Current GC Util" value="25" />
  <attribute name= "Current Time Running" value="790" />
  <attribute name ="GC Interval" value="200" />
  <attribute name="ProportionalT" value="5.000000" />
  <attribute name="ProportionalI" value="5.000000" />
  <attribute name="ProportionalH" value="5.000000" />
  <attribute name="Current Error" value="5.000000" />
  <attribute name="IntegralT" value="10.000000" />
  <attribute name="IntegralI" value="10.000000" />
  <attribute name="IntegralH" value="10.000000" />
  <attribute name="DerivativeT" value="-3.500000" />
  <attribute name="DerivativeI" value="-3.500000" />
  <attribute name="DerivativeH" value="-3.500000" />
  <attribute name="Loop Time for DT" value="2.000000" />
  <attribute name="Output H" value="8388608"/>
  <attribute name="Output I" value="200"/>
  <attribute name="Output T" value="4"/>
  <attribute name="Target GC Util Change" value ="20.000000" />
  <attribute name="Current GC Util Change" value="25.000000"/>
  <attribute name="GC Util currently" value="25" />
  <attribute name="CPU Util currently" value="4082102600731" />
<allocation-satisfied id="659" threadId="0000000000769700" bytesRequested="46760" />
<af-end id="660" timestamp="2019-06-16T18:48:42.918" threadId="000000000076A088" success="true" from="nursery"/>
<exclusive-end id="661" timestamp="2019-06-16T18:48:42.919" durationms="0.686" />

<exclusive-start id="662" timestamp="2019-06-16T18:48:42.919" intervalms="0.848">
  <response-info timems="0.020" idlems="0.020" threads="0" lastid="0000000000769700" lastname="main" />
</exclusive-start>
<af-start id="663" threadId="000000000076A088" totalBytesRequested="47320" timestamp="2019-06-16T18:48:42.919" intervalms="0.843" type="nursery" />
<cycle-start id="664" type="scavenge" contextid="0" timestamp="2019-06-16T18:48:42.919" intervalms="0.844" />
<gc-start id="665" type="scavenge" contextid="664" timestamp="2019-06-16T18:48:42.919">
  <mem-info id="666" free="4840680" total="8388608" percent="57">
    <mem type="nursery" free="0" total="2097152" percent="0">
      <mem type="allocate" free="0" total="1835008" percent="0" />
      <mem type="survivor" free="0" total="262144" percent="0" />
    </mem>
    <mem type="tenure" free="4840680" total="6291456" percent="76">
      <mem type="soa" free="4526312" total="5977088" percent="75" />
      <mem type="loa" free="314368" total="314368" percent="100" />
    </mem>
    <remembered-set count="56" />
  </mem-info>
</gc-start>
<allocation-stats totalBytes="1550936" >
  <allocated-bytes non-tlh="985480" tlh="565456" />
  <largest-consumer threadName="main" threadId="0000000000769700" bytes="1550936" />
</allocation-stats>
<gc-op id="667" type="scavenge" timems="0.091" contextid="664" timestamp="2019-06-16T18:48:42.919">
  <scavenger-info tenureage="14" tenuremask="4000" tiltratio="87" />
  <memory-copied type="nursery" objects="4" bytes="47400" bytesdiscarded="39088" />
</gc-op>
<gc-end id="668" type="scavenge" contextid="664" durationms="0.251" usertimems="0.000" systemtimems="0.000" timestamp="2019-06-16T18:48:42.919" activeThreads="1">
  <mem-info id="669" free="6589200" total="8388608" percent="78">
    <mem type="nursery" free="1748520" total="2097152" percent="83">
      <mem type="allocate" free="1748520" total="1835008" percent="95" />
      <mem type="survivor" free="0" total="262144" percent="0" />
    </mem>
    <mem type="tenure" free="4840680" total="6291456" percent="76">
      <mem type="soa" free="4526312" total="5977088" percent="75" />
      <mem type="loa" free="314368" total="314368" percent="100" />
    </mem>
    <remembered-set count="56" />
  </mem-info>
</gc-end>
<cycle-end id="670" type="scavenge" contextid="664" timestamp="2019-06-16T18:48:42.919" />
  <attribute name="elasticGC enabled" value="1" />
  <attribute name= "numThreadsSpecified" value="1" />
  <attribute name="heapSize specified" value="0" />
  <attribute name="Current GC Util" value="39" />
  <attribute name= "Current Time Running" value="790" />
  <attribute name ="GC Interval" value="200" />
  <attribute name="ProportionalT" value="19.000000" />
  <attribute name="ProportionalI" value="19.000000" />
  <attribute name="ProportionalH" value="19.000000" />
  <attribute name="Current Error" value="19.000000" />
  <attribute name="IntegralT" value="0.000000" />
  <attribute name="IntegralI" value="0.000000" />
  <attribute name="IntegralH" value="0.000000" />
  <attribute name="DerivativeT" value="inf" />
  <attribute name="DerivativeI" value="inf" />
  <attribute name="DerivativeH" value="inf" />
  <attribute name="Loop Time for DT" value="0.000000" />
  <attribute name="Output H" value="8388608"/>
  <attribute name="Output I" value="200"/>
  <attribute name="Output T" value="1"/>
  <attribute name="Target GC Util Change" value ="20.000000" />
  <attribute name="Current GC Util Change" value="39.000000"/>
  <attribute name="GC Util currently" value="39" />
  <attribute name="CPU Util currently" value="5486098855744" />
<allocation-satisfied id="671" threadId="0000000000769700" bytesRequested="47320" />
<af-end id="672" timestamp="2019-06-16T18:48:42.919" threadId="000000000076A088" success="true" from="nursery"/>
<exclusive-end id="673" timestamp="2019-06-16T18:48:42.919" durationms="0.631" />

<exclusive-start id="674" timestamp="2019-06-16T18:48:42.919" intervalms="0.795">
  <response-info timems="0.020" idlems="0.020" threads="0" lastid="0000000000769700" lastname="main" />
</exclusive-start>
<af-start id="675" threadId="000000000076A088" totalBytesRequested="95760" timestamp="2019-06-16T18:48:42.920" intervalms="0.794" type="nursery" />
<cycle-start id="676" type="scavenge" contextid="0" timestamp="2019-06-16T18:48:42.920" intervalms="0.793" />
<gc-start id="677" type="scavenge" contextid="676" timestamp="2019-06-16T18:48:42.920">
  <mem-info id="678" free="4872960" total="8388608" percent="58">
    <mem type="nursery" free="32280" total="2097152" percent="1">
      <mem type="allocate" free="32280" total="1835008" percent="1" />
      <mem type="survivor" free="0" total="262144" percent="0" />
    </mem>
    <mem type="tenure" free="4840680" total="6291456" percent="76">
      <mem type="soa" free="4526312" total="5977088" percent="75" />
      <mem type="loa" free="314368" total="314368" percent="100" />
    </mem>
    <remembered-set count="56" />
  </mem-info>
</gc-start>
<allocation-stats totalBytes="1593816" >
  <allocated-bytes non-tlh="1045400" tlh="548416" />
  <largest-consumer threadName="main" threadId="0000000000769700" bytes="1593816" />
</allocation-stats>
<gc-op id="679" type="scavenge" timems="0.132" contextid="676" timestamp="2019-06-16T18:48:42.920">
  <scavenger-info tenureage="14" tenuremask="4000" tiltratio="87" />
  <memory-copied type="nursery" objects="2" bytes="47904" bytesdiscarded="39144" />
</gc-op>
<gc-end id="680" type="scavenge" contextid="676" durationms="0.292" usertimems="0.000" systemtimems="0.000" timestamp="2019-06-16T18:48:42.920" activeThreads="4">
  <mem-info id="681" free="6588640" total="8388608" percent="78">
    <mem type="nursery" free="1747960" total="2097152" percent="83">
      <mem type="allocate" free="1747960" total="1835008" percent="95" />
      <mem type="survivor" free="0" total="262144" percent="0" />
    </mem>
    <mem type="tenure" free="4840680" total="6291456" percent="76">
      <mem type="soa" free="4526312" total="5977088" percent="75" />
      <mem type="loa" free="314368" total="314368" percent="100" />
    </mem>
    <remembered-set count="56" />
  </mem-info>
</gc-end>
<cycle-end id="682" type="scavenge" contextid="676" timestamp="2019-06-16T18:48:42.920" />
  <attribute name="elasticGC enabled" value="1" />
  <attribute name= "numThreadsSpecified" value="4" />
  <attribute name="heapSize specified" value="0" />
  <attribute name="Current GC Util" value="34" />
  <attribute name= "Current Time Running" value="791" />
  <attribute name ="GC Interval" value="200" />
  <attribute name="ProportionalT" value="14.000000" />
  <attribute name="ProportionalI" value="14.000000" />
  <attribute name="ProportionalH" value="14.000000" />
  <attribute name="Current Error" value="14.000000" />
  <attribute name="IntegralT" value="14.000000" />
  <attribute name="IntegralI" value="14.000000" />
  <attribute name="IntegralH" value="14.000000" />
  <attribute name="DerivativeT" value="-2.500000" />
  <attribute name="DerivativeI" value="-2.500000" />
  <attribute name="DerivativeH" value="-2.500000" />
  <attribute name="Loop Time for DT" value="1.000000" />
  <attribute name="Output H" value="8388608"/>
  <attribute name="Output I" value="200"/>
  <attribute name="Output T" value="4"/>
  <attribute name="Target GC Util Change" value ="20.000000" />
  <attribute name="Current GC Util Change" value="34.000000"/>
  <attribute name="GC Util currently" value="34" />
  <attribute name="CPU Util currently" value="5747071769036" />
<allocation-satisfied id="683" threadId="0000000000769700" bytesRequested="95760" />
<af-end id="684" timestamp="2019-06-16T18:48:42.920" threadId="000000000076A088" success="true" from="nursery"/>
<exclusive-end id="685" timestamp="2019-06-16T18:48:42.920" durationms="0.681" />

<exclusive-start id="686" timestamp="2019-06-16T18:48:42.920" intervalms="0.849">
  <response-info timems="0.025" idlems="0.025" threads="0" lastid="0000000000769700" lastname="main" />
</exclusive-start>
<af-start id="687" threadId="000000000076A088" totalBytesRequested="96968" timestamp="2019-06-16T18:48:42.920" intervalms="0.850" type="nursery" />
<cycle-start id="688" type="scavenge" contextid="0" timestamp="2019-06-16T18:48:42.920" intervalms="0.851" />
<gc-start id="689" type="scavenge" contextid="688" timestamp="2019-06-16T18:48:42.920">
  <mem-info id="690" free="4919736" total="8388608" percent="58">
    <mem type="nursery" free="79056" total="2097152" percent="3">
      <mem type="allocate" free="79056" total="1835008" percent="4" />
      <mem type="survivor" free="0" total="262144" percent="0" />
    </mem>
    <mem type="tenure" free="4840680" total="6291456" percent="76">
      <mem type="soa" free="4526312" total="5977088" percent="75" />
      <mem type="loa" free="314368" total="314368" percent="100" />
    </mem>
    <remembered-set count="56" />
  </mem-info>
</gc-start>
<allocation-stats totalBytes="1574872" >
  <allocated-bytes non-tlh="1009448" tlh="565424" />
  <largest-consumer threadName="main" threadId="0000000000769700" bytes="1574872" />
</allocation-stats>
<gc-op id="691" type="scavenge" timems="0.131" contextid="688" timestamp="2019-06-16T18:48:42.921">
  <scavenger-info tenureage="14" tenuremask="4000" tiltratio="87" />
  <memory-copied type="nursery" objects="2" bytes="48512" bytesdiscarded="39144" />
</gc-op>
<gc-end id="692" type="scavenge" contextid="688" durationms="0.290" usertimems="0.000" systemtimems="0.000" timestamp="2019-06-16T18:48:42.921" activeThreads="4">
  <mem-info id="693" free="6588032" total="8388608" percent="78">
    <mem type="nursery" free="1747352" total="2097152" percent="83">
      <mem type="allocate" free="1747352" total="1835008" percent="95" />
      <mem type="survivor" free="0" total="262144" percent="0" />
    </mem>
    <mem type="tenure" free="4840680" total="6291456" percent="76">
      <mem type="soa" free="4526312" total="5977088" percent="75" />
      <mem type="loa" free="314368" total="314368" percent="100" />
    </mem>
    <remembered-set count="56" />
  </mem-info>
</gc-end>
<cycle-end id="694" type="scavenge" contextid="688" timestamp="2019-06-16T18:48:42.921" />
  <attribute name="elasticGC enabled" value="1" />
  <attribute name= "numThreadsSpecified" value="4" />
  <attribute name="heapSize specified" value="0" />
  <attribute name="Current GC Util" value="40" />
  <attribute name= "Current Time Running" value="792" />
  <attribute name ="GC Interval" value="200" />
  <attribute name="ProportionalT" value="20.000000" />
  <attribute name="ProportionalI" value="20.000000" />
  <attribute name="ProportionalH" value="20.000000" />
  <attribute name="Current Error" value="20.000000" />
  <attribute name="IntegralT" value="20.000000" />
  <attribute name="IntegralI" value="20.000000" />
  <attribute name="IntegralH" value="20.000000" />
  <attribute name="DerivativeT" value="3.000000" />
  <attribute name="DerivativeI" value="3.000000" />
  <attribute name="DerivativeH" value="3.000000" />
  <attribute name="Loop Time for DT" value="1.000000" />
  <attribute name="Output H" value="8388608"/>
  <attribute name="Output I" value="200"/>
  <attribute name="Output T" value="4"/>
  <attribute name="Target GC Util Change" value ="20.000000" />
  <attribute name="Current GC Util Change" value="40.000000"/>
  <attribute name="GC Util currently" value="40" />
  <attribute name="CPU Util currently" value="5493614390876" />
<allocation-satisfied id="695" threadId="0000000000769700" bytesRequested="96968" />
<af-end id="696" timestamp="2019-06-16T18:48:42.921" threadId="000000000076A088" success="true" from="nursery"/>
<exclusive-end id="697" timestamp="2019-06-16T18:48:42.921" durationms="0.678" />

<exclusive-start id="698" timestamp="2019-06-16T18:48:42.921" intervalms="0.839">
  <response-info timems="0.021" idlems="0.021" threads="0" lastid="0000000000769700" lastname="main" />
</exclusive-start>
<af-start id="699" threadId="000000000076A088" totalBytesRequested="98032" timestamp="2019-06-16T18:48:42.921" intervalms="0.838" type="nursery" />
<cycle-start id="700" type="scavenge" contextid="0" timestamp="2019-06-16T18:48:42.921" intervalms="0.873" />
<gc-start id="701" type="scavenge" contextid="700" timestamp="2019-06-16T18:48:42.921">
  <mem-info id="702" free="4840680" total="8388608" percent="57">
    <mem type="nursery" free="0" total="2097152" percent="0">
      <mem type="allocate" free="0" total="1835008" percent="0" />
      <mem type="survivor" free="0" total="262144" percent="0" />
    </mem>
    <mem type="tenure" free="4840680" total="6291456" percent="76">
      <mem type="soa" free="4526312" total="5977088" percent="75" />
      <mem type="loa" free="314368" total="314368" percent="100" />
    </mem>
    <remembered-set count="56" />
  </mem-info>
</gc-start>
<allocation-stats totalBytes="1636400" >
  <allocated-bytes non-tlh="1071152" tlh="565248" />
  <largest-consumer threadName="main" threadId="0000000000769700" bytes="1636400" />
</allocation-stats>
<gc-op id="703" type="scavenge" timems="0.132" contextid="700" timestamp="2019-06-16T18:48:42.922">
  <scavenger-info tenureage="14" tenuremask="4000" tiltratio="87" />
  <memory-copied type="nursery" objects="2" bytes="49048" bytesdiscarded="39144" />
</gc-op>
<gc-end id="704" type="scavenge" contextid="700" durationms="0.289" usertimems="4.000" systemtimems="0.000" timestamp="2019-06-16T18:48:42.922" activeThreads="4">
  <mem-info id="705" free="6587496" total="8388608" percent="78">
    <mem type="nursery" free="1746816" total="2097152" percent="83">
      <mem type="allocate" free="1746816" total="1835008" percent="95" />
      <mem type="survivor" free="0" total="262144" percent="0" />
    </mem>
    <mem type="tenure" free="4840680" total="6291456" percent="76">
      <mem type="soa" free="4526312" total="5977088" percent="75" />
      <mem type="loa" free="314368" total="314368" percent="100" />
    </mem>
    <remembered-set count="56" />
  </mem-info>
</gc-end>
<cycle-end id="706" type="scavenge" contextid="700" timestamp="2019-06-16T18:48:42.922" />
  <attribute name="elasticGC enabled" value="1" />
  <attribute name= "numThreadsSpecified" value="4" />
  <attribute name="heapSize specified" value="0" />
  <attribute name="Current GC Util" value="37" />
  <attribute name= "Current Time Running" value="793" />
  <attribute name ="GC Interval" value="200" />
  <attribute name="ProportionalT" value="17.000000" />
  <attribute name="ProportionalI" value="17.000000" />
  <attribute name="ProportionalH" value="17.000000" />
  <attribute name="Current Error" value="17.000000" />
  <attribute name="IntegralT" value="17.000000" />
  <attribute name="IntegralI" value="17.000000" />
  <attribute name="IntegralH" value="17.000000" />
  <attribute name="DerivativeT" value="-1.500000" />
  <attribute name="DerivativeI" value="-1.500000" />
  <attribute name="DerivativeH" value="-1.500000" />
  <attribute name="Loop Time for DT" value="1.000000" />
  <attribute name="Output H" value="8388608"/>
  <attribute name="Output I" value="200"/>
  <attribute name="Output T" value="4"/>
  <attribute name="Target GC Util Change" value ="20.000000" />
  <attribute name="Current GC Util Change" value="37.000000"/>
  <attribute name="GC Util currently" value="37" />
  <attribute name="CPU Util currently" value="5279192381282" />
<allocation-satisfied id="707" threadId="0000000000769700" bytesRequested="98032" />
<af-end id="708" timestamp="2019-06-16T18:48:42.922" threadId="000000000076A088" success="true" from="nursery"/>
<exclusive-end id="709" timestamp="2019-06-16T18:48:42.922" durationms="0.710" />

<exclusive-start id="710" timestamp="2019-06-16T18:48:42.922" intervalms="0.884">
  <response-info timems="0.026" idlems="0.026" threads="0" lastid="0000000000769700" lastname="main" />
</exclusive-start>
<af-start id="711" threadId="000000000076A088" totalBytesRequested="99136" timestamp="2019-06-16T18:48:42.922" intervalms="0.885" type="nursery" />
<cycle-start id="712" type="scavenge" contextid="0" timestamp="2019-06-16T18:48:42.922" intervalms="0.849" />
<gc-start id="713" type="scavenge" contextid="712" timestamp="2019-06-16T18:48:42.922">
  <mem-info id="714" free="4894872" total="8388608" percent="58">
    <mem type="nursery" free="54192" total="2097152" percent="2">
      <mem type="allocate" free="54192" total="1835008" percent="2" />
      <mem type="survivor" free="0" total="262144" percent="0" />
    </mem>
    <mem type="tenure" free="4840680" total="6291456" percent="76">
      <mem type="soa" free="4526312" total="5977088" percent="75" />
      <mem type="loa" free="314368" total="314368" percent="100" />
    </mem>
    <remembered-set count="56" />
  </mem-info>
</gc-start>
<allocation-stats totalBytes="1608720" >
  <allocated-bytes non-tlh="1033168" tlh="575552" />
  <largest-consumer threadName="main" threadId="0000000000769700" bytes="1608720" />
</allocation-stats>
<gc-op id="715" type="scavenge" timems="0.132" contextid="712" timestamp="2019-06-16T18:48:42.922">
  <scavenger-info tenureage="14" tenuremask="4000" tiltratio="87" />
  <memory-copied type="nursery" objects="2" bytes="49592" bytesdiscarded="39144" />
</gc-op>
<gc-end id="716" type="scavenge" contextid="712" durationms="0.291" usertimems="0.000" systemtimems="0.000" timestamp="2019-06-16T18:48:42.922" activeThreads="4">
  <mem-info id="717" free="6586952" total="8388608" percent="78">
    <mem type="nursery" free="1746272" total="2097152" percent="83">
      <mem type="allocate" free="1746272" total="1835008" percent="95" />
      <mem type="survivor" free="0" total="262144" percent="0" />
    </mem>
    <mem type="tenure" free="4840680" total="6291456" percent="76">
      <mem type="soa" free="4526312" total="5977088" percent="75" />
      <mem type="loa" free="314368" total="314368" percent="100" />
    </mem>
    <remembered-set count="56" />
  </mem-info>
</gc-end>
<cycle-end id="718" type="scavenge" contextid="712" timestamp="2019-06-16T18:48:42.923" />
  <attribute name="elasticGC enabled" value="1" />
  <attribute name= "numThreadsSpecified" value="4" />
  <attribute name="heapSize specified" value="0" />
  <attribute name="Current GC Util" value="38" />
  <attribute name= "Current Time Running" value="794" />
  <attribute name ="GC Interval" value="200" />
  <attribute name="ProportionalT" value="18.000000" />
  <attribute name="ProportionalI" value="18.000000" />
  <attribute name="ProportionalH" value="18.000000" />
  <attribute name="Current Error" value="18.000000" />
  <attribute name="IntegralT" value="18.000000" />
  <attribute name="IntegralI" value="18.000000" />
  <attribute name="IntegralH" value="18.000000" />
  <attribute name="DerivativeT" value="0.500000" />
  <attribute name="DerivativeI" value="0.500000" />
  <attribute name="DerivativeH" value="0.500000" />
  <attribute name="Loop Time for DT" value="1.000000" />
  <attribute name="Output H" value="8388608"/>
  <attribute name="Output I" value="200"/>
  <attribute name="Output T" value="4"/>
  <attribute name="Target GC Util Change" value ="20.000000" />
  <attribute name="Current GC Util Change" value="38.000000"/>
  <attribute name="GC Util currently" value="38" />
  <attribute name="CPU Util currently" value="5429569169193" />
<allocation-satisfied id="719" threadId="0000000000769700" bytesRequested="99136" />
<af-end id="720" timestamp="2019-06-16T18:48:42.923" threadId="000000000076A088" success="true" from="nursery"/>
<exclusive-end id="721" timestamp="2019-06-16T18:48:42.923" durationms="0.677" />

<exclusive-start id="722" timestamp="2019-06-16T18:48:42.923" intervalms="0.841">
  <response-info timems="0.020" idlems="0.020" threads="0" lastid="0000000000769700" lastname="main" />
</exclusive-start>
<af-start id="723" threadId="000000000076A088" totalBytesRequested="100296" timestamp="2019-06-16T18:48:42.923" intervalms="0.840" type="nursery" />
<cycle-start id="724" type="scavenge" contextid="0" timestamp="2019-06-16T18:48:42.923" intervalms="0.841" />
<gc-start id="725" type="scavenge" contextid="724" timestamp="2019-06-16T18:48:42.923">
  <mem-info id="726" free="4840680" total="8388608" percent="57">
    <mem type="nursery" free="0" total="2097152" percent="0">
      <mem type="allocate" free="0" total="1835008" percent="0" />
      <mem type="survivor" free="0" total="262144" percent="0" />
    </mem>
    <mem type="tenure" free="4840680" total="6291456" percent="76">
      <mem type="soa" free="4526312" total="5977088" percent="75" />
      <mem type="loa" free="314368" total="314368" percent="100" />
    </mem>
    <remembered-set count="56" />
  </mem-info>
</gc-start>
<allocation-stats totalBytes="1618136" >
  <allocated-bytes non-tlh="1044904" tlh="573232" />
  <largest-consumer threadName="main" threadId="0000000000769700" bytes="1618136" />
</allocation-stats>
<gc-op id="727" type="scavenge" timems="0.130" contextid="724" timestamp="2019-06-16T18:48:42.923">
  <scavenger-info tenureage="14" tenuremask="4000" tiltratio="87" />
  <memory-copied type="nursery" objects="2" bytes="50176" bytesdiscarded="39144" />
</gc-op>
<gc-end id="728" type="scavenge" contextid="724" durationms="0.288" usertimems="0.000" systemtimems="0.000" timestamp="2019-06-16T18:48:42.923" activeThreads="4">
  <mem-info id="729" free="6586368" total="8388608" percent="78">
    <mem type="nursery" free="1745688" total="2097152" percent="83">
      <mem type="allocate" free="1745688" total="1835008" percent="95" />
      <mem type="survivor" free="0" total="262144" percent="0" />
    </mem>
    <mem type="tenure" free="4840680" total="6291456" percent="76">
      <mem type="soa" free="4526312" total="5977088" percent="75" />
      <mem type="loa" free="314368" total="314368" percent="100" />
    </mem>
    <remembered-set count="56" />
  </mem-info>
</gc-end>
<cycle-end id="730" type="scavenge" contextid="724" timestamp="2019-06-16T18:48:42.923" />
  <attribute name="elasticGC enabled" value="1" />
  <attribute name= "numThreadsSpecified" value="4" />
  <attribute name="heapSize specified" value="0" />
  <attribute name="Current GC Util" value="38" />
  <attribute name= "Current Time Running" value="795" />
  <attribute name ="GC Interval" value="200" />
  <attribute name="ProportionalT" value="18.000000" />
  <attribute name="ProportionalI" value="18.000000" />
  <attribute name="ProportionalH" value="18.000000" />
  <attribute name="Current Error" value="18.000000" />
  <attribute name="IntegralT" value="18.000000" />
  <attribute name="IntegralI" value="18.000000" />
  <attribute name="IntegralH" value="18.000000" />
  <attribute name="DerivativeT" value="0.000000" />
  <attribute name="DerivativeI" value="0.000000" />
  <attribute name="DerivativeH" value="0.000000" />
  <attribute name="Loop Time for DT" value="1.000000" />
  <attribute name="Output H" value="8388608"/>
  <attribute name="Output I" value="200"/>
  <attribute name="Output T" value="4"/>
  <attribute name="Target GC Util Change" value ="20.000000" />
  <attribute name="Current GC Util Change" value="38.000000"/>
  <attribute name="GC Util currently" value="38" />
  <attribute name="CPU Util currently" value="5489664535548" />
<allocation-satisfied id="731" threadId="0000000000769700" bytesRequested="100296" />
<af-end id="732" timestamp="2019-06-16T18:48:42.923" threadId="000000000076A088" success="true" from="nursery"/>
<exclusive-end id="733" timestamp="2019-06-16T18:48:42.924" durationms="0.667" />

<exclusive-start id="734" timestamp="2019-06-16T18:48:42.924" intervalms="0.833">
  <response-info timems="0.024" idlems="0.024" threads="0" lastid="0000000000769700" lastname="main" />
</exclusive-start>
<af-start id="735" threadId="000000000076A088" totalBytesRequested="101488" timestamp="2019-06-16T18:48:42.924" intervalms="0.833" type="nursery" />
<cycle-start id="736" type="scavenge" contextid="0" timestamp="2019-06-16T18:48:42.924" intervalms="0.833" />
<gc-start id="737" type="scavenge" contextid="736" timestamp="2019-06-16T18:48:42.924">
  <mem-info id="738" free="4870056" total="8388608" percent="58">
    <mem type="nursery" free="29376" total="2097152" percent="1">
      <mem type="allocate" free="29376" total="1835008" percent="1" />
      <mem type="survivor" free="0" total="262144" percent="0" />
    </mem>
    <mem type="tenure" free="4840680" total="6291456" percent="76">
      <mem type="soa" free="4526312" total="5977088" percent="75" />
      <mem type="loa" free="314368" total="314368" percent="100" />
    </mem>
    <remembered-set count="56" />
  </mem-info>
</gc-start>
<allocation-stats totalBytes="1642608" >
  <allocated-bytes non-tlh="1056856" tlh="585752" />
  <largest-consumer threadName="main" threadId="0000000000769700" bytes="1642608" />
</allocation-stats>
<gc-op id="739" type="scavenge" timems="0.132" contextid="736" timestamp="2019-06-16T18:48:42.924">
  <scavenger-info tenureage="14" tenuremask="4000" tiltratio="87" />
  <memory-copied type="nursery" objects="2" bytes="50768" bytesdiscarded="39144" />
</gc-op>
<gc-end id="740" type="scavenge" contextid="736" durationms="0.290" usertimems="0.000" systemtimems="0.000" timestamp="2019-06-16T18:48:42.924" activeThreads="4">
  <mem-info id="741" free="6585776" total="8388608" percent="78">
    <mem type="nursery" free="1745096" total="2097152" percent="83">
      <mem type="allocate" free="1745096" total="1835008" percent="95" />
      <mem type="survivor" free="0" total="262144" percent="0" />
    </mem>
    <mem type="tenure" free="4840680" total="6291456" percent="76">
      <mem type="soa" free="4526312" total="5977088" percent="75" />
      <mem type="loa" free="314368" total="314368" percent="100" />
    </mem>
    <remembered-set count="56" />
  </mem-info>
</gc-end>
<cycle-end id="742" type="scavenge" contextid="736" timestamp="2019-06-16T18:48:42.924" />
  <attribute name="elasticGC enabled" value="1" />
  <attribute name= "numThreadsSpecified" value="4" />
  <attribute name="heapSize specified" value="0" />
  <attribute name="Current GC Util" value="38" />
  <attribute name= "Current Time Running" value="795" />
  <attribute name ="GC Interval" value="200" />
  <attribute name="ProportionalT" value="18.000000" />
  <attribute name="ProportionalI" value="18.000000" />
  <attribute name="ProportionalH" value="18.000000" />
  <attribute name="Current Error" value="18.000000" />
  <attribute name="IntegralT" value="0.000000" />
  <attribute name="IntegralI" value="0.000000" />
  <attribute name="IntegralH" value="0.000000" />
  <attribute name="DerivativeT" value="-nan" />
  <attribute name="DerivativeI" value="-nan" />
  <attribute name="DerivativeH" value="-nan" />
  <attribute name="Loop Time for DT" value="0.000000" />
  <attribute name="Output H" value="2092630016"/>
  <attribute name="Output I" value="200"/>
  <attribute name="Output T" value="4"/>
  <attribute name="Target GC Util Change" value ="20.000000" />
  <attribute name="Current GC Util Change" value="38.000000"/>
  <attribute name="GC Util currently" value="38" />
  <attribute name="CPU Util currently" value="5526889112385" />
<allocation-satisfied id="743" threadId="0000000000769700" bytesRequested="101488" />
<af-end id="744" timestamp="2019-06-16T18:48:42.924" threadId="000000000076A088" success="true" from="nursery"/>
<exclusive-end id="745" timestamp="2019-06-16T18:48:42.924" durationms="0.675" />

<exclusive-start id="746" timestamp="2019-06-16T18:48:42.925" intervalms="0.846">
  <response-info timems="0.027" idlems="0.027" threads="0" lastid="0000000000769700" lastname="main" />
</exclusive-start>
<af-start id="747" threadId="000000000076A088" totalBytesRequested="102680" timestamp="2019-06-16T18:48:42.925" intervalms="0.846" type="nursery" />
<cycle-start id="748" type="scavenge" contextid="0" timestamp="2019-06-16T18:48:42.925" intervalms="0.846" />
<gc-start id="749" type="scavenge" contextid="748" timestamp="2019-06-16T18:48:42.925">
  <mem-info id="750" free="4840680" total="8388608" percent="57">
    <mem type="nursery" free="0" total="2097152" percent="0">
      <mem type="allocate" free="0" total="1835008" percent="0" />
      <mem type="survivor" free="0" total="262144" percent="0" />
    </mem>
    <mem type="tenure" free="4840680" total="6291456" percent="76">
      <mem type="soa" free="4526312" total="5977088" percent="75" />
      <mem type="loa" free="314368" total="314368" percent="100" />
    </mem>
    <remembered-set count="56" />
  </mem-info>
</gc-start>
<allocation-stats totalBytes="1651400" >
  <allocated-bytes non-tlh="1069864" tlh="581536" />
  <largest-consumer threadName="main" threadId="0000000000769700" bytes="1651400" />
</allocation-stats>
<gc-op id="751" type="scavenge" timems="0.114" contextid="748" timestamp="2019-06-16T18:48:42.925">
  <scavenger-info tenureage="14" tenuremask="4000" tiltratio="87" />
  <memory-copied type="nursery" objects="2" bytes="51368" bytesdiscarded="39144" />
</gc-op>
<gc-end id="752" type="scavenge" contextid="748" durationms="0.272" usertimems="0.000" systemtimems="0.000" timestamp="2019-06-16T18:48:42.925" activeThreads="4">
  <mem-info id="753" free="6585176" total="8388608" percent="78">
    <mem type="nursery" free="1744496" total="2097152" percent="83">
      <mem type="allocate" free="1744496" total="1835008" percent="95" />
      <mem type="survivor" free="0" total="262144" percent="0" />
    </mem>
    <mem type="tenure" free="4840680" total="6291456" percent="76">
      <mem type="soa" free="4526312" total="5977088" percent="75" />
      <mem type="loa" free="314368" total="314368" percent="100" />
    </mem>
    <remembered-set count="56" />
  </mem-info>
</gc-end>
<cycle-end id="754" type="scavenge" contextid="748" timestamp="2019-06-16T18:48:42.925" />
  <attribute name="elasticGC enabled" value="1" />
  <attribute name= "numThreadsSpecified" value="4" />
  <attribute name="heapSize specified" value="0" />
  <attribute name="Current GC Util" value="38" />
  <attribute name= "Current Time Running" value="796" />
  <attribute name ="GC Interval" value="200" />
  <attribute name="ProportionalT" value="18.000000" />
  <attribute name="ProportionalI" value="18.000000" />
  <attribute name="ProportionalH" value="18.000000" />
  <attribute name="Current Error" value="18.000000" />
  <attribute name="IntegralT" value="18.000000" />
  <attribute name="IntegralI" value="18.000000" />
  <attribute name="IntegralH" value="18.000000" />
  <attribute name="DerivativeT" value="0.000000" />
  <attribute name="DerivativeI" value="0.000000" />
  <attribute name="DerivativeH" value="0.000000" />
  <attribute name="Loop Time for DT" value="1.000000" />
  <attribute name="Output H" value="8388608"/>
  <attribute name="Output I" value="200"/>
  <attribute name="Output T" value="4"/>
  <attribute name="Target GC Util Change" value ="20.000000" />
  <attribute name="Current GC Util Change" value="38.000000"/>
  <attribute name="GC Util currently" value="38" />
  <attribute name="CPU Util currently" value="5459322222999" />
<allocation-satisfied id="755" threadId="0000000000769700" bytesRequested="102680" />
<af-end id="756" timestamp="2019-06-16T18:48:42.925" threadId="000000000076A088" success="true" from="nursery"/>
<exclusive-end id="757" timestamp="2019-06-16T18:48:42.925" durationms="0.656" />

<exclusive-start id="758" timestamp="2019-06-16T18:48:42.925" intervalms="0.825">
  <response-info timems="0.024" idlems="0.024" threads="0" lastid="0000000000769700" lastname="main" />
</exclusive-start>
<af-start id="759" threadId="000000000076A088" totalBytesRequested="103816" timestamp="2019-06-16T18:48:42.925" intervalms="0.826" type="nursery" />
<cycle-start id="760" type="scavenge" contextid="0" timestamp="2019-06-16T18:48:42.925" intervalms="0.827" />
<gc-start id="761" type="scavenge" contextid="760" timestamp="2019-06-16T18:48:42.926">
  <mem-info id="762" free="4840680" total="8388608" percent="57">
    <mem type="nursery" free="0" total="2097152" percent="0">
      <mem type="allocate" free="0" total="1835008" percent="0" />
      <mem type="survivor" free="0" total="262144" percent="0" />
    </mem>
    <mem type="tenure" free="4840680" total="6291456" percent="76">
      <mem type="soa" free="4526312" total="5977088" percent="75" />
      <mem type="loa" free="314368" total="314368" percent="100" />
    </mem>
    <remembered-set count="56" />
  </mem-info>
</gc-start>
<allocation-stats totalBytes="1665472" >
  <allocated-bytes non-tlh="1133608" tlh="531864" />
  <largest-consumer threadName="main" threadId="0000000000769700" bytes="1665472" />
</allocation-stats>
<gc-op id="763" type="scavenge" timems="0.132" contextid="760" timestamp="2019-06-16T18:48:42.926">
  <scavenger-info tenureage="14" tenuremask="4000" tiltratio="87" />
  <memory-copied type="nursery" objects="2" bytes="51936" bytesdiscarded="39144" />
</gc-op>
<gc-end id="764" type="scavenge" contextid="760" durationms="0.294" usertimems="0.000" systemtimems="0.000" timestamp="2019-06-16T18:48:42.926" activeThreads="4">
  <mem-info id="765" free="6584608" total="8388608" percent="78">
    <mem type="nursery" free="1743928" total="2097152" percent="83">
      <mem type="allocate" free="1743928" total="1835008" percent="95" />
      <mem type="survivor" free="0" total="262144" percent="0" />
    </mem>
    <mem type="tenure" free="4840680" total="6291456" percent="76">
      <mem type="soa" free="4526312" total="5977088" percent="75" />
      <mem type="loa" free="314368" total="314368" percent="100" />
    </mem>
    <remembered-set count="56" />
  </mem-info>
</gc-end>
<cycle-end id="766" type="scavenge" contextid="760" timestamp="2019-06-16T18:48:42.926" />
  <attribute name="elasticGC enabled" value="1" />
  <attribute name= "numThreadsSpecified" value="4" />
  <attribute name="heapSize specified" value="0" />
  <attribute name="Current GC Util" value="39" />
  <attribute name= "Current Time Running" value="797" />
  <attribute name ="GC Interval" value="200" />
  <attribute name="ProportionalT" value="19.000000" />
  <attribute name="ProportionalI" value="19.000000" />
  <attribute name="ProportionalH" value="19.000000" />
  <attribute name="Current Error" value="19.000000" />
  <attribute name="IntegralT" value="19.000000" />
  <attribute name="IntegralI" value="19.000000" />
  <attribute name="IntegralH" value="19.000000" />
  <attribute name="DerivativeT" value="0.500000" />
  <attribute name="DerivativeI" value="0.500000" />
  <attribute name="DerivativeH" value="0.500000" />
  <attribute name="Loop Time for DT" value="1.000000" />
  <attribute name="Output H" value="8388608"/>
  <attribute name="Output I" value="200"/>
  <attribute name="Output T" value="4"/>
  <attribute name="Target GC Util Change" value ="20.000000" />
  <attribute name="Current GC Util Change" value="39.000000"/>
  <attribute name="GC Util currently" value="39" />
  <attribute name="CPU Util currently" value="5545597992962" />
<allocation-satisfied id="767" threadId="0000000000769700" bytesRequested="103816" />
<af-end id="768" timestamp="2019-06-16T18:48:42.926" threadId="000000000076A088" success="true" from="nursery"/>
<exclusive-end id="769" timestamp="2019-06-16T18:48:42.926" durationms="0.680" />

<exclusive-start id="770" timestamp="2019-06-16T18:48:42.926" intervalms="0.849">
  <response-info timems="0.024" idlems="0.024" threads="0" lastid="0000000000769700" lastname="main" />
</exclusive-start>
<af-start id="771" threadId="000000000076A088" totalBytesRequested="105184" timestamp="2019-06-16T18:48:42.926" intervalms="0.847" type="nursery" />
<cycle-start id="772" type="scavenge" contextid="0" timestamp="2019-06-16T18:48:42.926" intervalms="0.846" />
<gc-start id="773" type="scavenge" contextid="772" timestamp="2019-06-16T18:48:42.926">
  <mem-info id="774" free="4840680" total="8388608" percent="57">
    <mem type="nursery" free="0" total="2097152" percent="0">
      <mem type="allocate" free="0" total="1835008" percent="0" />
      <mem type="survivor" free="0" total="262144" percent="0" />
    </mem>
    <mem type="tenure" free="4840680" total="6291456" percent="76">
      <mem type="soa" free="4526312" total="5977088" percent="75" />
      <mem type="loa" free="314368" total="314368" percent="100" />
    </mem>
    <remembered-set count="56" />
  </mem-info>
</gc-start>
<allocation-stats totalBytes="1685000" >
  <allocated-bytes non-tlh="1147136" tlh="537864" />
  <largest-consumer threadName="main" threadId="0000000000769700" bytes="1685000" />
</allocation-stats>
<gc-op id="775" type="scavenge" timems="0.139" contextid="772" timestamp="2019-06-16T18:48:42.927">
  <scavenger-info tenureage="14" tenuremask="4000" tiltratio="87" />
  <memory-copied type="nursery" objects="2" bytes="52624" bytesdiscarded="39144" />
</gc-op>
<gc-end id="776" type="scavenge" contextid="772" durationms="0.298" usertimems="0.000" systemtimems="0.000" timestamp="2019-06-16T18:48:42.927" activeThreads="4">
  <mem-info id="777" free="6583920" total="8388608" percent="78">
    <mem type="nursery" free="1743240" total="2097152" percent="83">
      <mem type="allocate" free="1743240" total="1835008" percent="94" />
      <mem type="survivor" free="0" total="262144" percent="0" />
    </mem>
    <mem type="tenure" free="4840680" total="6291456" percent="76">
      <mem type="soa" free="4526312" total="5977088" percent="75" />
      <mem type="loa" free="314368" total="314368" percent="100" />
    </mem>
    <remembered-set count="56" />
  </mem-info>
</gc-end>
<cycle-end id="778" type="scavenge" contextid="772" timestamp="2019-06-16T18:48:42.927" />
  <attribute name="elasticGC enabled" value="1" />
  <attribute name= "numThreadsSpecified" value="4" />
  <attribute name="heapSize specified" value="0" />
  <attribute name="Current GC Util" value="38" />
  <attribute name= "Current Time Running" value="798" />
  <attribute name ="GC Interval" value="200" />
  <attribute name="ProportionalT" value="18.000000" />
  <attribute name="ProportionalI" value="18.000000" />
  <attribute name="ProportionalH" value="18.000000" />
  <attribute name="Current Error" value="18.000000" />
  <attribute name="IntegralT" value="18.000000" />
  <attribute name="IntegralI" value="18.000000" />
  <attribute name="IntegralH" value="18.000000" />
  <attribute name="DerivativeT" value="-0.500000" />
  <attribute name="DerivativeI" value="-0.500000" />
  <attribute name="DerivativeH" value="-0.500000" />
  <attribute name="Loop Time for DT" value="1.000000" />
  <attribute name="Output H" value="8388608"/>
  <attribute name="Output I" value="200"/>
  <attribute name="Output T" value="4"/>
  <attribute name="Target GC Util Change" value ="20.000000" />
  <attribute name="Current GC Util Change" value="38.000000"/>
  <attribute name="GC Util currently" value="38" />
  <attribute name="CPU Util currently" value="5482316207281" />
<allocation-satisfied id="779" threadId="0000000000769700" bytesRequested="105184" />
<af-end id="780" timestamp="2019-06-16T18:48:42.927" threadId="000000000076A088" success="true" from="nursery"/>
<exclusive-end id="781" timestamp="2019-06-16T18:48:42.927" durationms="0.682" />

<exclusive-start id="782" timestamp="2019-06-16T18:48:42.927" intervalms="0.849">
  <response-info timems="0.020" idlems="0.020" threads="0" lastid="0000000000769700" lastname="main" />
</exclusive-start>
<af-start id="783" threadId="000000000076A088" totalBytesRequested="53232" timestamp="2019-06-16T18:48:42.927" intervalms="0.849" type="nursery" />
<cycle-start id="784" type="scavenge" contextid="0" timestamp="2019-06-16T18:48:42.927" intervalms="0.849" />
<gc-start id="785" type="scavenge" contextid="784" timestamp="2019-06-16T18:48:42.927">
  <mem-info id="786" free="4840680" total="8388608" percent="57">
    <mem type="nursery" free="0" total="2097152" percent="0">
      <mem type="allocate" free="0" total="1835008" percent="0" />
      <mem type="survivor" free="0" total="262144" percent="0" />
    </mem>
    <mem type="tenure" free="4840680" total="6291456" percent="76">
      <mem type="soa" free="4526312" total="5977088" percent="75" />
      <mem type="loa" free="314368" total="314368" percent="100" />
    </mem>
    <remembered-set count="56" />
  </mem-info>
</gc-start>
<allocation-stats totalBytes="1640208" >
  <allocated-bytes non-tlh="1162408" tlh="477800" />
  <largest-consumer threadName="main" threadId="0000000000769700" bytes="1640208" />
</allocation-stats>
<gc-op id="787" type="scavenge" timems="0.130" contextid="784" timestamp="2019-06-16T18:48:42.927">
  <scavenger-info tenureage="14" tenuremask="4000" tiltratio="87" />
  <memory-copied type="nursery" objects="4" bytes="53312" bytesdiscarded="39088" />
</gc-op>
<gc-end id="788" type="scavenge" contextid="784" durationms="0.290" usertimems="0.000" systemtimems="0.000" timestamp="2019-06-16T18:48:42.928" activeThreads="4">
  <mem-info id="789" free="6583288" total="8388608" percent="78">
    <mem type="nursery" free="1742608" total="2097152" percent="83">
      <mem type="allocate" free="1742608" total="1835008" percent="94" />
      <mem type="survivor" free="0" total="262144" percent="0" />
    </mem>
    <mem type="tenure" free="4840680" total="6291456" percent="76">
      <mem type="soa" free="4526312" total="5977088" percent="75" />
      <mem type="loa" free="314368" total="314368" percent="100" />
    </mem>
    <remembered-set count="56" />
  </mem-info>
</gc-end>
<cycle-end id="790" type="scavenge" contextid="784" timestamp="2019-06-16T18:48:42.928" />
  <attribute name="elasticGC enabled" value="1" />
  <attribute name= "numThreadsSpecified" value="4" />
  <attribute name="heapSize specified" value="0" />
  <attribute name="Current GC Util" value="41" />
  <attribute name= "Current Time Running" value="799" />
  <attribute name ="GC Interval" value="200" />
  <attribute name="ProportionalT" value="21.000000" />
  <attribute name="ProportionalI" value="21.000000" />
  <attribute name="ProportionalH" value="21.000000" />
  <attribute name="Current Error" value="21.000000" />
  <attribute name="IntegralT" value="21.000000" />
  <attribute name="IntegralI" value="21.000000" />
  <attribute name="IntegralH" value="21.000000" />
  <attribute name="DerivativeT" value="1.500000" />
  <attribute name="DerivativeI" value="1.500000" />
  <attribute name="DerivativeH" value="1.500000" />
  <attribute name="Loop Time for DT" value="1.000000" />
  <attribute name="Output H" value="8388608"/>
  <attribute name="Output I" value="200"/>
  <attribute name="Output T" value="4"/>
  <attribute name="Target GC Util Change" value ="20.000000" />
  <attribute name="Current GC Util Change" value="41.000000"/>
  <attribute name="GC Util currently" value="41" />
  <attribute name="CPU Util currently" value="5432658505355" />
<allocation-satisfied id="791" threadId="0000000000769700" bytesRequested="53232" />
<af-end id="792" timestamp="2019-06-16T18:48:42.928" threadId="000000000076A088" success="true" from="nursery"/>
<exclusive-end id="793" timestamp="2019-06-16T18:48:42.928" durationms="0.677" />

<exclusive-start id="794" timestamp="2019-06-16T18:48:42.928" intervalms="0.843">
  <response-info timems="0.019" idlems="0.019" threads="0" lastid="0000000000769700" lastname="main" />
</exclusive-start>
<af-start id="795" threadId="000000000076A088" totalBytesRequested="53856" timestamp="2019-06-16T18:48:42.928" intervalms="0.843" type="nursery" />
<cycle-start id="796" type="scavenge" contextid="0" timestamp="2019-06-16T18:48:42.928" intervalms="0.843" />
<gc-start id="797" type="scavenge" contextid="796" timestamp="2019-06-16T18:48:42.928">
  <mem-info id="798" free="4840680" total="8388608" percent="57">
    <mem type="nursery" free="0" total="2097152" percent="0">
      <mem type="allocate" free="0" total="1835008" percent="0" />
      <mem type="survivor" free="0" total="262144" percent="0" />
    </mem>
    <mem type="tenure" free="4840680" total="6291456" percent="76">
      <mem type="soa" free="4526312" total="5977088" percent="75" />
      <mem type="loa" free="314368" total="314368" percent="100" />
    </mem>
    <remembered-set count="56" />
  </mem-info>
</gc-start>
<allocation-stats totalBytes="1658216" >
  <allocated-bytes non-tlh="1282632" tlh="375584" />
  <largest-consumer threadName="main" threadId="0000000000769700" bytes="1658216" />
</allocation-stats>
<gc-op id="799" type="scavenge" timems="0.124" contextid="796" timestamp="2019-06-16T18:48:42.928">
  <scavenger-info tenureage="14" tenuremask="4000" tiltratio="87" />
  <memory-copied type="nursery" objects="2" bytes="107464" bytesdiscarded="39144" />
</gc-op>
<gc-end id="800" type="scavenge" contextid="796" durationms="0.283" usertimems="0.000" systemtimems="0.000" timestamp="2019-06-16T18:48:42.928" activeThreads="4">
  <mem-info id="801" free="6529080" total="8388608" percent="77">
    <mem type="nursery" free="1688400" total="2097152" percent="80">
      <mem type="allocate" free="1688400" total="1835008" percent="92" />
      <mem type="survivor" free="0" total="262144" percent="0" />
    </mem>
    <mem type="tenure" free="4840680" total="6291456" percent="76">
      <mem type="soa" free="4526312" total="5977088" percent="75" />
      <mem type="loa" free="314368" total="314368" percent="100" />
    </mem>
    <remembered-set count="56" />
  </mem-info>
</gc-end>
<cycle-end id="802" type="scavenge" contextid="796" timestamp="2019-06-16T18:48:42.928" />
  <attribute name="elasticGC enabled" value="1" />
  <attribute name= "numThreadsSpecified" value="4" />
  <attribute name="heapSize specified" value="0" />
  <attribute name="Current GC Util" value="42" />
  <attribute name= "Current Time Running" value="800" />
  <attribute name ="GC Interval" value="200" />
  <attribute name="ProportionalT" value="22.000000" />
  <attribute name="ProportionalI" value="22.000000" />
  <attribute name="ProportionalH" value="22.000000" />
  <attribute name="Current Error" value="22.000000" />
  <attribute name="IntegralT" value="22.000000" />
  <attribute name="IntegralI" value="22.000000" />
  <attribute name="IntegralH" value="22.000000" />
  <attribute name="DerivativeT" value="0.500000" />
  <attribute name="DerivativeI" value="0.500000" />
  <attribute name="DerivativeH" value="0.500000" />
  <attribute name="Loop Time for DT" value="1.000000" />
  <attribute name="Output H" value="8388608"/>
  <attribute name="Output I" value="200"/>
  <attribute name="Output T" value="4"/>
  <attribute name="Target GC Util Change" value ="20.000000" />
  <attribute name="Current GC Util Change" value="42.000000"/>
  <attribute name="GC Util currently" value="42" />
  <attribute name="CPU Util currently" value="5463066724950" />
<allocation-satisfied id="803" threadId="0000000000769700" bytesRequested="53856" />
<af-end id="804" timestamp="2019-06-16T18:48:42.929" threadId="000000000076A088" success="true" from="nursery"/>
<exclusive-end id="805" timestamp="2019-06-16T18:48:42.929" durationms="0.664" />

<exclusive-start id="806" timestamp="2019-06-16T18:48:42.929" intervalms="0.833">
  <response-info timems="0.024" idlems="0.024" threads="0" lastid="0000000000769700" lastname="main" />
</exclusive-start>
<af-start id="807" threadId="000000000076A088" totalBytesRequested="108656" timestamp="2019-06-16T18:48:42.929" intervalms="0.835" type="nursery" />
<cycle-start id="808" type="scavenge" contextid="0" timestamp="2019-06-16T18:48:42.929" intervalms="0.840" />
<gc-start id="809" type="scavenge" contextid="808" timestamp="2019-06-16T18:48:42.929">
  <mem-info id="810" free="4841672" total="8388608" percent="57">
    <mem type="nursery" free="992" total="2097152" percent="0">
      <mem type="allocate" free="992" total="1835008" percent="0" />
      <mem type="survivor" free="0" total="262144" percent="0" />
    </mem>
    <mem type="tenure" free="4840680" total="6291456" percent="76">
      <mem type="soa" free="4526312" total="5977088" percent="75" />
      <mem type="loa" free="314368" total="314368" percent="100" />
    </mem>
    <remembered-set count="56" />
  </mem-info>
</gc-start>
<allocation-stats totalBytes="1645296" >
  <allocated-bytes non-tlh="1134448" tlh="510848" />
  <largest-consumer threadName="main" threadId="0000000000769700" bytes="1645296" />
</allocation-stats>
<gc-op id="811" type="scavenge" timems="0.132" contextid="808" timestamp="2019-06-16T18:48:42.929">
  <scavenger-info tenureage="14" tenuremask="4000" tiltratio="87" />
  <memory-copied type="nursery" objects="2" bytes="54360" bytesdiscarded="39144" />
</gc-op>
<gc-end id="812" type="scavenge" contextid="808" durationms="0.292" usertimems="0.000" systemtimems="0.000" timestamp="2019-06-16T18:48:42.929" activeThreads="4">
  <mem-info id="813" free="6582184" total="8388608" percent="78">
    <mem type="nursery" free="1741504" total="2097152" percent="83">
      <mem type="allocate" free="1741504" total="1835008" percent="94" />
      <mem type="survivor" free="0" total="262144" percent="0" />
    </mem>
    <mem type="tenure" free="4840680" total="6291456" percent="76">
      <mem type="soa" free="4526312" total="5977088" percent="75" />
      <mem type="loa" free="314368" total="314368" percent="100" />
    </mem>
    <remembered-set count="56" />
  </mem-info>
</gc-end>
<cycle-end id="814" type="scavenge" contextid="808" timestamp="2019-06-16T18:48:42.929" />
  <attribute name="elasticGC enabled" value="1" />
  <attribute name= "numThreadsSpecified" value="4" />
  <attribute name="heapSize specified" value="0" />
  <attribute name="Current GC Util" value="42" />
  <attribute name= "Current Time Running" value="800" />
  <attribute name ="GC Interval" value="200" />
  <attribute name="ProportionalT" value="22.000000" />
  <attribute name="ProportionalI" value="22.000000" />
  <attribute name="ProportionalH" value="22.000000" />
  <attribute name="Current Error" value="22.000000" />
  <attribute name="IntegralT" value="0.000000" />
  <attribute name="IntegralI" value="0.000000" />
  <attribute name="IntegralH" value="0.000000" />
  <attribute name="DerivativeT" value="-nan" />
  <attribute name="DerivativeI" value="-nan" />
  <attribute name="DerivativeH" value="-nan" />
  <attribute name="Loop Time for DT" value="0.000000" />
  <attribute name="Output H" value="2092630016"/>
  <attribute name="Output I" value="200"/>
  <attribute name="Output T" value="4"/>
  <attribute name="Target GC Util Change" value ="20.000000" />
  <attribute name="Current GC Util Change" value="42.000000"/>
  <attribute name="GC Util currently" value="42" />
  <attribute name="CPU Util currently" value="5472940822854" />
<allocation-satisfied id="815" threadId="0000000000769700" bytesRequested="108656" />
<af-end id="816" timestamp="2019-06-16T18:48:42.929" threadId="000000000076A088" success="true" from="nursery"/>
<exclusive-end id="817" timestamp="2019-06-16T18:48:42.930" durationms="0.767" />

<exclusive-start id="818" timestamp="2019-06-16T18:48:42.930" intervalms="0.939">
  <response-info timems="0.024" idlems="0.024" threads="0" lastid="0000000000769700" lastname="main" />
</exclusive-start>
<af-start id="819" threadId="000000000076A088" totalBytesRequested="54976" timestamp="2019-06-16T18:48:42.930" intervalms="0.937" type="nursery" />
<cycle-start id="820" type="scavenge" contextid="0" timestamp="2019-06-16T18:48:42.930" intervalms="0.933" />
<gc-start id="821" type="scavenge" contextid="820" timestamp="2019-06-16T18:48:42.930">
  <mem-info id="822" free="4840680" total="8388608" percent="57">
    <mem type="nursery" free="0" total="2097152" percent="0">
      <mem type="allocate" free="0" total="1835008" percent="0" />
      <mem type="survivor" free="0" total="262144" percent="0" />
    </mem>
    <mem type="tenure" free="4840680" total="6291456" percent="76">
      <mem type="soa" free="4526312" total="5977088" percent="75" />
      <mem type="loa" free="314368" total="314368" percent="100" />
    </mem>
    <remembered-set count="56" />
  </mem-info>
</gc-start>
<allocation-stats totalBytes="1695976" >
  <allocated-bytes non-tlh="1256584" tlh="439392" />
  <largest-consumer threadName="main" threadId="0000000000769700" bytes="1695976" />
</allocation-stats>
<gc-op id="823" type="scavenge" timems="0.131" contextid="820" timestamp="2019-06-16T18:48:42.930">
  <scavenger-info tenureage="14" tenuremask="4000" tiltratio="87" />
  <memory-copied type="nursery" objects="4" bytes="55056" bytesdiscarded="39088" />
</gc-op>
<gc-end id="824" type="scavenge" contextid="820" durationms="0.290" usertimems="0.000" systemtimems="0.000" timestamp="2019-06-16T18:48:42.930" activeThreads="4">
  <mem-info id="825" free="6581544" total="8388608" percent="78">
    <mem type="nursery" free="1740864" total="2097152" percent="83">
      <mem type="allocate" free="1740864" total="1835008" percent="94" />
      <mem type="survivor" free="0" total="262144" percent="0" />
    </mem>
    <mem type="tenure" free="4840680" total="6291456" percent="76">
      <mem type="soa" free="4526312" total="5977088" percent="75" />
      <mem type="loa" free="314368" total="314368" percent="100" />
    </mem>
    <remembered-set count="56" />
  </mem-info>
</gc-end>
<cycle-end id="826" type="scavenge" contextid="820" timestamp="2019-06-16T18:48:42.930" />
  <attribute name="elasticGC enabled" value="1" />
  <attribute name= "numThreadsSpecified" value="4" />
  <attribute name="heapSize specified" value="0" />
  <attribute name="Current GC Util" value="38" />
  <attribute name= "Current Time Running" value="801" />
  <attribute name ="GC Interval" value="200" />
  <attribute name="ProportionalT" value="18.000000" />
  <attribute name="ProportionalI" value="18.000000" />
  <attribute name="ProportionalH" value="18.000000" />
  <attribute name="Current Error" value="18.000000" />
  <attribute name="IntegralT" value="18.000000" />
  <attribute name="IntegralI" value="18.000000" />
  <attribute name="IntegralH" value="18.000000" />
  <attribute name="DerivativeT" value="-2.000000" />
  <attribute name="DerivativeI" value="-2.000000" />
  <attribute name="DerivativeH" value="-2.000000" />
  <attribute name="Loop Time for DT" value="1.000000" />
  <attribute name="Output H" value="8388608"/>
  <attribute name="Output I" value="200"/>
  <attribute name="Output T" value="4"/>
  <attribute name="Target GC Util Change" value ="20.000000" />
  <attribute name="Current GC Util Change" value="38.000000"/>
  <attribute name="GC Util currently" value="38" />
  <attribute name="CPU Util currently" value="4958285014698" />
<allocation-satisfied id="827" threadId="0000000000769700" bytesRequested="54976" />
<af-end id="828" timestamp="2019-06-16T18:48:42.930" threadId="000000000076A088" success="true" from="nursery"/>
<exclusive-end id="829" timestamp="2019-06-16T18:48:42.930" durationms="0.675" />

<exclusive-start id="830" timestamp="2019-06-16T18:48:42.931" intervalms="0.838">
  <response-info timems="0.021" idlems="0.021" threads="0" lastid="0000000000769700" lastname="main" />
</exclusive-start>
<af-start id="831" threadId="000000000076A088" totalBytesRequested="111104" timestamp="2019-06-16T18:48:42.931" intervalms="0.838" type="nursery" />
<cycle-start id="832" type="scavenge" contextid="0" timestamp="2019-06-16T18:48:42.931" intervalms="0.836" />
<gc-start id="833" type="scavenge" contextid="832" timestamp="2019-06-16T18:48:42.931">
  <mem-info id="834" free="4861128" total="8388608" percent="57">
    <mem type="nursery" free="20448" total="2097152" percent="0">
      <mem type="allocate" free="20448" total="1835008" percent="1" />
      <mem type="survivor" free="0" total="262144" percent="0" />
    </mem>
    <mem type="tenure" free="4840680" total="6291456" percent="76">
      <mem type="soa" free="4526312" total="5977088" percent="75" />
      <mem type="loa" free="314368" total="314368" percent="100" />
    </mem>
    <remembered-set count="56" />
  </mem-info>
</gc-start>
<allocation-stats totalBytes="1622840" >
  <allocated-bytes non-tlh="1159264" tlh="463576" />
  <largest-consumer threadName="main" threadId="0000000000769700" bytes="1622840" />
</allocation-stats>
<gc-op id="835" type="scavenge" timems="0.122" contextid="832" timestamp="2019-06-16T18:48:42.931">
  <scavenger-info tenureage="14" tenuremask="4000" tiltratio="87" />
  <memory-copied type="nursery" objects="2" bytes="55576" bytesdiscarded="39144" />
</gc-op>
<gc-end id="836" type="scavenge" contextid="832" durationms="0.281" usertimems="0.000" systemtimems="0.000" timestamp="2019-06-16T18:48:42.931" activeThreads="4">
  <mem-info id="837" free="6580968" total="8388608" percent="78">
    <mem type="nursery" free="1740288" total="2097152" percent="82">
      <mem type="allocate" free="1740288" total="1835008" percent="94" />
      <mem type="survivor" free="0" total="262144" percent="0" />
    </mem>
    <mem type="tenure" free="4840680" total="6291456" percent="76">
      <mem type="soa" free="4526312" total="5977088" percent="75" />
      <mem type="loa" free="314368" total="314368" percent="100" />
    </mem>
    <remembered-set count="56" />
  </mem-info>
</gc-end>
<cycle-end id="838" type="scavenge" contextid="832" timestamp="2019-06-16T18:48:42.931" />
  <attribute name="elasticGC enabled" value="1" />
  <attribute name= "numThreadsSpecified" value="4" />
  <attribute name="heapSize specified" value="0" />
  <attribute name="Current GC Util" value="42" />
  <attribute name= "Current Time Running" value="802" />
  <attribute name ="GC Interval" value="200" />
  <attribute name="ProportionalT" value="22.000000" />
  <attribute name="ProportionalI" value="22.000000" />
  <attribute name="ProportionalH" value="22.000000" />
  <attribute name="Current Error" value="22.000000" />
  <attribute name="IntegralT" value="22.000000" />
  <attribute name="IntegralI" value="22.000000" />
  <attribute name="IntegralH" value="22.000000" />
  <attribute name="DerivativeT" value="2.000000" />
  <attribute name="DerivativeI" value="2.000000" />
  <attribute name="DerivativeH" value="2.000000" />
  <attribute name="Loop Time for DT" value="1.000000" />
  <attribute name="Output H" value="8388608"/>
  <attribute name="Output I" value="200"/>
  <attribute name="Output T" value="4"/>
  <attribute name="Target GC Util Change" value ="20.000000" />
  <attribute name="Current GC Util Change" value="42.000000"/>
  <attribute name="GC Util currently" value="42" />
  <attribute name="CPU Util currently" value="5513594251348" />
<allocation-satisfied id="839" threadId="0000000000769700" bytesRequested="111104" />
<af-end id="840" timestamp="2019-06-16T18:48:42.931" threadId="000000000076A088" success="true" from="nursery"/>
<exclusive-end id="841" timestamp="2019-06-16T18:48:42.931" durationms="0.663" />

<exclusive-start id="842" timestamp="2019-06-16T18:48:42.931" intervalms="0.823">
  <response-info timems="0.020" idlems="0.020" threads="0" lastid="0000000000769700" lastname="main" />
</exclusive-start>
<af-start id="843" threadId="000000000076A088" totalBytesRequested="112024" timestamp="2019-06-16T18:48:42.931" intervalms="0.823" type="nursery" />
<cycle-start id="844" type="scavenge" contextid="0" timestamp="2019-06-16T18:48:42.931" intervalms="0.824" />
<gc-start id="845" type="scavenge" contextid="844" timestamp="2019-06-16T18:48:42.932">
  <mem-info id="846" free="4877032" total="8388608" percent="58">
    <mem type="nursery" free="36352" total="2097152" percent="1">
      <mem type="allocate" free="36352" total="1835008" percent="1" />
      <mem type="survivor" free="0" total="262144" percent="0" />
    </mem>
    <mem type="tenure" free="4840680" total="6291456" percent="76">
      <mem type="soa" free="4526312" total="5977088" percent="75" />
      <mem type="loa" free="314368" total="314368" percent="100" />
    </mem>
    <remembered-set count="56" />
  </mem-info>
</gc-start>
<allocation-stats totalBytes="1637512" >
  <allocated-bytes non-tlh="1170544" tlh="466968" />
  <largest-consumer threadName="main" threadId="0000000000769700" bytes="1637512" />
</allocation-stats>
<gc-op id="847" type="scavenge" timems="0.131" contextid="844" timestamp="2019-06-16T18:48:42.932">
  <scavenger-info tenureage="14" tenuremask="4000" tiltratio="87" />
  <memory-copied type="nursery" objects="2" bytes="56040" bytesdiscarded="39144" />
</gc-op>
<gc-end id="848" type="scavenge" contextid="844" durationms="0.282" usertimems="0.000" systemtimems="0.000" timestamp="2019-06-16T18:48:42.932" activeThreads="4">
  <mem-info id="849" free="6580504" total="8388608" percent="78">
    <mem type="nursery" free="1739824" total="2097152" percent="82">
      <mem type="allocate" free="1739824" total="1835008" percent="94" />
      <mem type="survivor" free="0" total="262144" percent="0" />
    </mem>
    <mem type="tenure" free="4840680" total="6291456" percent="76">
      <mem type="soa" free="4526312" total="5977088" percent="75" />
      <mem type="loa" free="314368" total="314368" percent="100" />
    </mem>
    <remembered-set count="56" />
  </mem-info>
</gc-end>
<cycle-end id="850" type="scavenge" contextid="844" timestamp="2019-06-16T18:48:42.932" />
  <attribute name="elasticGC enabled" value="1" />
  <attribute name= "numThreadsSpecified" value="4" />
  <attribute name="heapSize specified" value="0" />
  <attribute name="Current GC Util" value="43" />
  <attribute name= "Current Time Running" value="803" />
  <attribute name ="GC Interval" value="200" />
  <attribute name="ProportionalT" value="23.000000" />
  <attribute name="ProportionalI" value="23.000000" />
  <attribute name="ProportionalH" value="23.000000" />
  <attribute name="Current Error" value="23.000000" />
  <attribute name="IntegralT" value="23.000000" />
  <attribute name="IntegralI" value="23.000000" />
  <attribute name="IntegralH" value="23.000000" />
  <attribute name="DerivativeT" value="0.500000" />
  <attribute name="DerivativeI" value="0.500000" />
  <attribute name="DerivativeH" value="0.500000" />
  <attribute name="Loop Time for DT" value="1.000000" />
  <attribute name="Output H" value="8388608"/>
  <attribute name="Output I" value="200"/>
  <attribute name="Output T" value="4"/>
  <attribute name="Target GC Util Change" value ="20.000000" />
  <attribute name="Current GC Util Change" value="43.000000"/>
  <attribute name="GC Util currently" value="43" />
  <attribute name="CPU Util currently" value="5672158429421" />
<allocation-satisfied id="851" threadId="0000000000769700" bytesRequested="112024" />
<af-end id="852" timestamp="2019-06-16T18:48:42.932" threadId="000000000076A088" success="true" from="nursery"/>
<exclusive-end id="853" timestamp="2019-06-16T18:48:42.932" durationms="0.664" />

<exclusive-start id="854" timestamp="2019-06-16T18:48:42.932" intervalms="0.830">
  <response-info timems="0.020" idlems="0.020" threads="0" lastid="0000000000769700" lastname="main" />
</exclusive-start>
<af-start id="855" threadId="000000000076A088" totalBytesRequested="56592" timestamp="2019-06-16T18:48:42.932" intervalms="0.831" type="nursery" />
<cycle-start id="856" type="scavenge" contextid="0" timestamp="2019-06-16T18:48:42.932" intervalms="0.831" />
<gc-start id="857" type="scavenge" contextid="856" timestamp="2019-06-16T18:48:42.932">
  <mem-info id="858" free="4840680" total="8388608" percent="57">
    <mem type="nursery" free="0" total="2097152" percent="0">
      <mem type="allocate" free="0" total="1835008" percent="0" />
      <mem type="survivor" free="0" total="262144" percent="0" />
    </mem>
    <mem type="tenure" free="4840680" total="6291456" percent="76">
      <mem type="soa" free="4526312" total="5977088" percent="75" />
      <mem type="loa" free="314368" total="314368" percent="100" />
    </mem>
    <remembered-set count="56" />
  </mem-info>
</gc-start>
<allocation-stats totalBytes="1690336" >
  <allocated-bytes non-tlh="1294656" tlh="395680" />
  <largest-consumer threadName="main" threadId="0000000000769700" bytes="1690336" />
</allocation-stats>
<gc-op id="859" type="scavenge" timems="0.125" contextid="856" timestamp="2019-06-16T18:48:42.933">
  <scavenger-info tenureage="14" tenuremask="4000" tiltratio="87" />
  <memory-copied type="nursery" objects="2" bytes="113200" bytesdiscarded="39144" />
</gc-op>
<gc-end id="860" type="scavenge" contextid="856" durationms="0.284" usertimems="0.000" systemtimems="0.000" timestamp="2019-06-16T18:48:42.933" activeThreads="4">
  <mem-info id="861" free="6523344" total="8388608" percent="77">
    <mem type="nursery" free="1682664" total="2097152" percent="80">
      <mem type="allocate" free="1682664" total="1835008" percent="91" />
      <mem type="survivor" free="0" total="262144" percent="0" />
    </mem>
    <mem type="tenure" free="4840680" total="6291456" percent="76">
      <mem type="soa" free="4526312" total="5977088" percent="75" />
      <mem type="loa" free="314368" total="314368" percent="100" />
    </mem>
    <remembered-set count="56" />
  </mem-info>
</gc-end>
<cycle-end id="862" type="scavenge" contextid="856" timestamp="2019-06-16T18:48:42.933" />
  <attribute name="elasticGC enabled" value="1" />
  <attribute name= "numThreadsSpecified" value="4" />
  <attribute name="heapSize specified" value="0" />
  <attribute name="Current GC Util" value="44" />
  <attribute name= "Current Time Running" value="804" />
  <attribute name ="GC Interval" value="200" />
  <attribute name="ProportionalT" value="24.000000" />
  <attribute name="ProportionalI" value="24.000000" />
  <attribute name="ProportionalH" value="24.000000" />
  <attribute name="Current Error" value="24.000000" />
  <attribute name="IntegralT" value="24.000000" />
  <attribute name="IntegralI" value="24.000000" />
  <attribute name="IntegralH" value="24.000000" />
  <attribute name="DerivativeT" value="0.500000" />
  <attribute name="DerivativeI" value="0.500000" />
  <attribute name="DerivativeH" value="0.500000" />
  <attribute name="Loop Time for DT" value="1.000000" />
  <attribute name="Output H" value="8388608"/>
  <attribute name="Output I" value="200"/>
  <attribute name="Output T" value="4"/>
  <attribute name="Target GC Util Change" value ="20.000000" />
  <attribute name="Current GC Util Change" value="44.000000"/>
  <attribute name="GC Util currently" value="44" />
  <attribute name="CPU Util currently" value="5482492180246" />
<allocation-satisfied id="863" threadId="0000000000769700" bytesRequested="56592" />
<af-end id="864" timestamp="2019-06-16T18:48:42.933" threadId="000000000076A088" success="true" from="nursery"/>
<exclusive-end id="865" timestamp="2019-06-16T18:48:42.933" durationms="0.666" />

<exclusive-start id="866" timestamp="2019-06-16T18:48:42.933" intervalms="0.831">
  <response-info timems="0.024" idlems="0.024" threads="0" lastid="0000000000769700" lastname="main" />
</exclusive-start>
<af-start id="867" threadId="000000000076A088" totalBytesRequested="113984" timestamp="2019-06-16T18:48:42.933" intervalms="0.831" type="nursery" />
<cycle-start id="868" type="scavenge" contextid="0" timestamp="2019-06-16T18:48:42.933" intervalms="0.832" />
<gc-start id="869" type="scavenge" contextid="868" timestamp="2019-06-16T18:48:42.933">
  <mem-info id="870" free="4953448" total="8388608" percent="59">
    <mem type="nursery" free="112768" total="2097152" percent="5">
      <mem type="allocate" free="112768" total="1835008" percent="6" />
      <mem type="survivor" free="0" total="262144" percent="0" />
    </mem>
    <mem type="tenure" free="4840680" total="6291456" percent="76">
      <mem type="soa" free="4526312" total="5977088" percent="75" />
      <mem type="loa" free="314368" total="314368" percent="100" />
    </mem>
    <remembered-set count="56" />
  </mem-info>
</gc-start>
<allocation-stats totalBytes="1551792" >
  <allocated-bytes non-tlh="1135720" tlh="416072" />
  <largest-consumer threadName="main" threadId="0000000000769700" bytes="1551792" />
</allocation-stats>
<gc-op id="871" type="scavenge" timems="0.135" contextid="868" timestamp="2019-06-16T18:48:42.933">
  <scavenger-info tenureage="14" tenuremask="4000" tiltratio="87" />
  <memory-copied type="nursery" objects="2" bytes="57016" bytesdiscarded="39144" />
</gc-op>
<gc-end id="872" type="scavenge" contextid="868" durationms="0.297" usertimems="0.000" systemtimems="0.000" timestamp="2019-06-16T18:48:42.933" activeThreads="4">
  <mem-info id="873" free="6579528" total="8388608" percent="78">
    <mem type="nursery" free="1738848" total="2097152" percent="82">
      <mem type="allocate" free="1738848" total="1835008" percent="94" />
      <mem type="survivor" free="0" total="262144" percent="0" />
    </mem>
    <mem type="tenure" free="4840680" total="6291456" percent="76">
      <mem type="soa" free="4526312" total="5977088" percent="75" />
      <mem type="loa" free="314368" total="314368" percent="100" />
    </mem>
    <remembered-set count="56" />
  </mem-info>
</gc-end>
<cycle-end id="874" type="scavenge" contextid="868" timestamp="2019-06-16T18:48:42.934" />
  <attribute name="elasticGC enabled" value="1" />
  <attribute name= "numThreadsSpecified" value="4" />
  <attribute name="heapSize specified" value="0" />
  <attribute name="Current GC Util" value="42" />
  <attribute name= "Current Time Running" value="805" />
  <attribute name ="GC Interval" value="200" />
  <attribute name="ProportionalT" value="22.000000" />
  <attribute name="ProportionalI" value="22.000000" />
  <attribute name="ProportionalH" value="22.000000" />
  <attribute name="Current Error" value="22.000000" />
  <attribute name="IntegralT" value="22.000000" />
  <attribute name="IntegralI" value="22.000000" />
  <attribute name="IntegralH" value="22.000000" />
  <attribute name="DerivativeT" value="-1.000000" />
  <attribute name="DerivativeI" value="-1.000000" />
  <attribute name="DerivativeH" value="-1.000000" />
  <attribute name="Loop Time for DT" value="1.000000" />
  <attribute name="Output H" value="8388608"/>
  <attribute name="Output I" value="200"/>
  <attribute name="Output T" value="4"/>
  <attribute name="Target GC Util Change" value ="20.000000" />
  <attribute name="Current GC Util Change" value="42.000000"/>
  <attribute name="GC Util currently" value="42" />
  <attribute name="CPU Util currently" value="5544057965654" />
<allocation-satisfied id="875" threadId="0000000000769700" bytesRequested="113984" />
<af-end id="876" timestamp="2019-06-16T18:48:42.934" threadId="000000000076A088" success="true" from="nursery"/>
<exclusive-end id="877" timestamp="2019-06-16T18:48:42.934" durationms="0.681" />

<exclusive-start id="878" timestamp="2019-06-16T18:48:42.934" intervalms="0.904">
  <response-info timems="0.080" idlems="0.080" threads="0" lastid="0000000000769700" lastname="main" />
</exclusive-start>
<af-start id="879" threadId="000000000076A088" totalBytesRequested="115072" timestamp="2019-06-16T18:48:42.934" intervalms="0.900" type="nursery" />
<cycle-start id="880" type="scavenge" contextid="0" timestamp="2019-06-16T18:48:42.934" intervalms="0.897" />
<gc-start id="881" type="scavenge" contextid="880" timestamp="2019-06-16T18:48:42.934">
  <mem-info id="882" free="4874112" total="8388608" percent="58">
    <mem type="nursery" free="33432" total="2097152" percent="1">
      <mem type="allocate" free="33432" total="1835008" percent="1" />
      <mem type="survivor" free="0" total="262144" percent="0" />
    </mem>
    <mem type="tenure" free="4840680" total="6291456" percent="76">
      <mem type="soa" free="4526312" total="5977088" percent="75" />
      <mem type="loa" free="314368" total="314368" percent="100" />
    </mem>
    <remembered-set count="56" />
  </mem-info>
</gc-start>
<allocation-stats totalBytes="1677424" >
  <allocated-bytes non-tlh="1258952" tlh="418472" />
  <largest-consumer threadName="main" threadId="0000000000769700" bytes="1677424" />
</allocation-stats>
<gc-op id="883" type="scavenge" timems="0.124" contextid="880" timestamp="2019-06-16T18:48:42.934">
  <scavenger-info tenureage="14" tenuremask="4000" tiltratio="87" />
  <memory-copied type="nursery" objects="2" bytes="57560" bytesdiscarded="39144" />
</gc-op>
<gc-end id="884" type="scavenge" contextid="880" durationms="0.284" usertimems="0.000" systemtimems="4.000" timestamp="2019-06-16T18:48:42.934" activeThreads="4">
  <mem-info id="885" free="6578984" total="8388608" percent="78">
    <mem type="nursery" free="1738304" total="2097152" percent="82">
      <mem type="allocate" free="1738304" total="1835008" percent="94" />
      <mem type="survivor" free="0" total="262144" percent="0" />
    </mem>
    <mem type="tenure" free="4840680" total="6291456" percent="76">
      <mem type="soa" free="4526312" total="5977088" percent="75" />
      <mem type="loa" free="314368" total="314368" percent="100" />
    </mem>
    <remembered-set count="56" />
  </mem-info>
</gc-end>
<cycle-end id="886" type="scavenge" contextid="880" timestamp="2019-06-16T18:48:42.934" />
  <attribute name="elasticGC enabled" value="1" />
  <attribute name= "numThreadsSpecified" value="4" />
  <attribute name="heapSize specified" value="0" />
  <attribute name="Current GC Util" value="38" />
  <attribute name= "Current Time Running" value="806" />
  <attribute name ="GC Interval" value="200" />
  <attribute name="ProportionalT" value="18.000000" />
  <attribute name="ProportionalI" value="18.000000" />
  <attribute name="ProportionalH" value="18.000000" />
  <attribute name="Current Error" value="18.000000" />
  <attribute name="IntegralT" value="18.000000" />
  <attribute name="IntegralI" value="18.000000" />
  <attribute name="IntegralH" value="18.000000" />
  <attribute name="DerivativeT" value="-2.000000" />
  <attribute name="DerivativeI" value="-2.000000" />
  <attribute name="DerivativeH" value="-2.000000" />
  <attribute name="Loop Time for DT" value="1.000000" />
  <attribute name="Output H" value="8388608"/>
  <attribute name="Output I" value="200"/>
  <attribute name="Output T" value="4"/>
  <attribute name="Target GC Util Change" value ="20.000000" />
  <attribute name="Current GC Util Change" value="38.000000"/>
  <attribute name="GC Util currently" value="38" />
  <attribute name="CPU Util currently" value="5124146816214" />
<allocation-satisfied id="887" threadId="0000000000769700" bytesRequested="115072" />
<af-end id="888" timestamp="2019-06-16T18:48:42.935" threadId="000000000076A088" success="true" from="nursery"/>
<exclusive-end id="889" timestamp="2019-06-16T18:48:42.935" durationms="0.661" />

<exclusive-start id="890" timestamp="2019-06-16T18:48:42.935" intervalms="0.834">
  <response-info timems="0.024" idlems="0.024" threads="0" lastid="0000000000769700" lastname="main" />
</exclusive-start>
<af-start id="891" threadId="000000000076A088" totalBytesRequested="115856" timestamp="2019-06-16T18:48:42.935" intervalms="0.838" type="nursery" />
<cycle-start id="892" type="scavenge" contextid="0" timestamp="2019-06-16T18:48:42.935" intervalms="0.840" />
<gc-start id="893" type="scavenge" contextid="892" timestamp="2019-06-16T18:48:42.935">
  <mem-info id="894" free="4890272" total="8388608" percent="58">
    <mem type="nursery" free="49592" total="2097152" percent="2">
      <mem type="allocate" free="49592" total="1835008" percent="2" />
      <mem type="survivor" free="0" total="262144" percent="0" />
    </mem>
    <mem type="tenure" free="4840680" total="6291456" percent="76">
      <mem type="soa" free="4526312" total="5977088" percent="75" />
      <mem type="loa" free="314368" total="314368" percent="100" />
    </mem>
    <remembered-set count="56" />
  </mem-info>
</gc-start>
<allocation-stats totalBytes="1663032" >
  <allocated-bytes non-tlh="1269672" tlh="393360" />
  <largest-consumer threadName="main" threadId="0000000000769700" bytes="1663032" />
</allocation-stats>
<gc-op id="895" type="scavenge" timems="0.093" contextid="892" timestamp="2019-06-16T18:48:42.935">
  <scavenger-info tenureage="14" tenuremask="4000" tiltratio="87" />
  <memory-copied type="nursery" objects="2" bytes="57952" bytesdiscarded="39144" />
</gc-op>
<gc-end id="896" type="scavenge" contextid="892" durationms="0.253" usertimems="0.000" systemtimems="0.000" timestamp="2019-06-16T18:48:42.935" activeThreads="1">
  <mem-info id="897" free="6578592" total="8388608" percent="78">
    <mem type="nursery" free="1737912" total="2097152" percent="82">
      <mem type="allocate" free="1737912" total="1835008" percent="94" />
      <mem type="survivor" free="0" total="262144" percent="0" />
    </mem>
    <mem type="tenure" free="4840680" total="6291456" percent="76">
      <mem type="soa" free="4526312" total="5977088" percent="75" />
      <mem type="loa" free="314368" total="314368" percent="100" />
    </mem>
    <remembered-set count="56" />
  </mem-info>
</gc-end>
<cycle-end id="898" type="scavenge" contextid="892" timestamp="2019-06-16T18:48:42.935" />
  <attribute name="elasticGC enabled" value="1" />
  <attribute name= "numThreadsSpecified" value="1" />
  <attribute name="heapSize specified" value="0" />
  <attribute name="Current GC Util" value="42" />
  <attribute name= "Current Time Running" value="806" />
  <attribute name ="GC Interval" value="200" />
  <attribute name="ProportionalT" value="22.000000" />
  <attribute name="ProportionalI" value="22.000000" />
  <attribute name="ProportionalH" value="22.000000" />
  <attribute name="Current Error" value="22.000000" />
  <attribute name="IntegralT" value="0.000000" />
  <attribute name="IntegralI" value="0.000000" />
  <attribute name="IntegralH" value="0.000000" />
  <attribute name="DerivativeT" value="inf" />
  <attribute name="DerivativeI" value="inf" />
  <attribute name="DerivativeH" value="inf" />
  <attribute name="Loop Time for DT" value="0.000000" />
  <attribute name="Output H" value="8388608"/>
  <attribute name="Output I" value="200"/>
  <attribute name="Output T" value="1"/>
  <attribute name="Target GC Util Change" value ="20.000000" />
  <attribute name="Current GC Util Change" value="42.000000"/>
  <attribute name="GC Util currently" value="42" />
  <attribute name="CPU Util currently" value="5503868625291" />
<allocation-satisfied id="899" threadId="0000000000769700" bytesRequested="115856" />
<af-end id="900" timestamp="2019-06-16T18:48:42.935" threadId="000000000076A088" success="true" from="nursery"/>
<exclusive-end id="901" timestamp="2019-06-16T18:48:42.935" durationms="0.640" />

<exclusive-start id="902" timestamp="2019-06-16T18:48:42.936" intervalms="0.815">
  <response-info timems="0.031" idlems="0.031" threads="0" lastid="0000000000769700" lastname="main" />
</exclusive-start>
<af-start id="903" threadId="000000000076A088" totalBytesRequested="116736" timestamp="2019-06-16T18:48:42.936" intervalms="0.814" type="nursery" />
<cycle-start id="904" type="scavenge" contextid="0" timestamp="2019-06-16T18:48:42.936" intervalms="0.819" />
<gc-start id="905" type="scavenge" contextid="904" timestamp="2019-06-16T18:48:42.936">
  <mem-info id="906" free="4853800" total="8388608" percent="57">
    <mem type="nursery" free="13120" total="2097152" percent="0">
      <mem type="allocate" free="13120" total="1835008" percent="0" />
      <mem type="survivor" free="0" total="262144" percent="0" />
    </mem>
    <mem type="tenure" free="4840680" total="6291456" percent="76">
      <mem type="soa" free="4526312" total="5977088" percent="75" />
      <mem type="loa" free="314368" total="314368" percent="100" />
    </mem>
    <remembered-set count="56" />
  </mem-info>
</gc-start>
<allocation-stats totalBytes="1701136" >
  <allocated-bytes non-tlh="1278328" tlh="422808" />
  <largest-consumer threadName="main" threadId="0000000000769700" bytes="1701136" />
</allocation-stats>
<gc-op id="907" type="scavenge" timems="0.123" contextid="904" timestamp="2019-06-16T18:48:42.936">
  <scavenger-info tenureage="14" tenuremask="4000" tiltratio="87" />
  <memory-copied type="nursery" objects="2" bytes="58392" bytesdiscarded="39144" />
</gc-op>
<gc-end id="908" type="scavenge" contextid="904" durationms="0.283" usertimems="0.000" systemtimems="0.000" timestamp="2019-06-16T18:48:42.936" activeThreads="4">
  <mem-info id="909" free="6578152" total="8388608" percent="78">
    <mem type="nursery" free="1737472" total="2097152" percent="82">
      <mem type="allocate" free="1737472" total="1835008" percent="94" />
      <mem type="survivor" free="0" total="262144" percent="0" />
    </mem>
    <mem type="tenure" free="4840680" total="6291456" percent="76">
      <mem type="soa" free="4526312" total="5977088" percent="75" />
      <mem type="loa" free="314368" total="314368" percent="100" />
    </mem>
    <remembered-set count="56" />
  </mem-info>
</gc-end>
<cycle-end id="910" type="scavenge" contextid="904" timestamp="2019-06-16T18:48:42.936" />
  <attribute name="elasticGC enabled" value="1" />
  <attribute name= "numThreadsSpecified" value="4" />
  <attribute name="heapSize specified" value="0" />
  <attribute name="Current GC Util" value="34" />
  <attribute name= "Current Time Running" value="807" />
  <attribute name ="GC Interval" value="200" />
  <attribute name="ProportionalT" value="14.000000" />
  <attribute name="ProportionalI" value="14.000000" />
  <attribute name="ProportionalH" value="14.000000" />
  <attribute name="Current Error" value="14.000000" />
  <attribute name="IntegralT" value="14.000000" />
  <attribute name="IntegralI" value="14.000000" />
  <attribute name="IntegralH" value="14.000000" />
  <attribute name="DerivativeT" value="-4.000000" />
  <attribute name="DerivativeI" value="-4.000000" />
  <attribute name="DerivativeH" value="-4.000000" />
  <attribute name="Loop Time for DT" value="1.000000" />
  <attribute name="Output H" value="8388608"/>
  <attribute name="Output I" value="200"/>
  <attribute name="Output T" value="4"/>
  <attribute name="Target GC Util Change" value ="20.000000" />
  <attribute name="Current GC Util Change" value="34.000000"/>
  <attribute name="GC Util currently" value="34" />
  <attribute name="CPU Util currently" value="5629795042349" />
<allocation-satisfied id="911" threadId="0000000000769700" bytesRequested="116736" />
<af-end id="912" timestamp="2019-06-16T18:48:42.936" threadId="000000000076A088" success="true" from="nursery"/>
<exclusive-end id="913" timestamp="2019-06-16T18:48:42.936" durationms="0.667" />

<exclusive-start id="914" timestamp="2019-06-16T18:48:42.936" intervalms="0.831">
  <response-info timems="0.021" idlems="0.021" threads="0" lastid="0000000000769700" lastname="main" />
</exclusive-start>
<af-start id="915" threadId="000000000076A088" totalBytesRequested="117352" timestamp="2019-06-16T18:48:42.936" intervalms="0.832" type="nursery" />
<cycle-start id="916" type="scavenge" contextid="0" timestamp="2019-06-16T18:48:42.937" intervalms="0.827" />
<gc-start id="917" type="scavenge" contextid="916" timestamp="2019-06-16T18:48:42.937">
  <mem-info id="918" free="4887936" total="8388608" percent="58">
    <mem type="nursery" free="47256" total="2097152" percent="2">
      <mem type="allocate" free="47256" total="1835008" percent="2" />
      <mem type="survivor" free="0" total="262144" percent="0" />
    </mem>
    <mem type="tenure" free="4840680" total="6291456" percent="76">
      <mem type="soa" free="4526312" total="5977088" percent="75" />
      <mem type="loa" free="314368" total="314368" percent="100" />
    </mem>
    <remembered-set count="56" />
  </mem-info>
</gc-start>
<allocation-stats totalBytes="1668376" >
  <allocated-bytes non-tlh="1286936" tlh="381440" />
  <largest-consumer threadName="main" threadId="0000000000769700" bytes="1668376" />
</allocation-stats>
<gc-op id="919" type="scavenge" timems="0.121" contextid="916" timestamp="2019-06-16T18:48:42.937">
  <scavenger-info tenureage="14" tenuremask="4000" tiltratio="87" />
  <memory-copied type="nursery" objects="2" bytes="58704" bytesdiscarded="39144" />
</gc-op>
<gc-end id="920" type="scavenge" contextid="916" durationms="0.282" usertimems="0.000" systemtimems="0.000" timestamp="2019-06-16T18:48:42.937" activeThreads="4">
  <mem-info id="921" free="6577840" total="8388608" percent="78">
    <mem type="nursery" free="1737160" total="2097152" percent="82">
      <mem type="allocate" free="1737160" total="1835008" percent="94" />
      <mem type="survivor" free="0" total="262144" percent="0" />
    </mem>
    <mem type="tenure" free="4840680" total="6291456" percent="76">
      <mem type="soa" free="4526312" total="5977088" percent="75" />
      <mem type="loa" free="314368" total="314368" percent="100" />
    </mem>
    <remembered-set count="56" />
  </mem-info>
</gc-end>
<cycle-end id="922" type="scavenge" contextid="916" timestamp="2019-06-16T18:48:42.937" />
  <attribute name="elasticGC enabled" value="1" />
  <attribute name= "numThreadsSpecified" value="4" />
  <attribute name="heapSize specified" value="0" />
  <attribute name="Current GC Util" value="44" />
  <attribute name= "Current Time Running" value="808" />
  <attribute name ="GC Interval" value="200" />
  <attribute name="ProportionalT" value="24.000000" />
  <attribute name="ProportionalI" value="24.000000" />
  <attribute name="ProportionalH" value="24.000000" />
  <attribute name="Current Error" value="24.000000" />
  <attribute name="IntegralT" value="24.000000" />
  <attribute name="IntegralI" value="24.000000" />
  <attribute name="IntegralH" value="24.000000" />
  <attribute name="DerivativeT" value="5.000000" />
  <attribute name="DerivativeI" value="5.000000" />
  <attribute name="DerivativeH" value="5.000000" />
  <attribute name="Loop Time for DT" value="1.000000" />
  <attribute name="Output H" value="8388608"/>
  <attribute name="Output I" value="200"/>
  <attribute name="Output T" value="4"/>
  <attribute name="Target GC Util Change" value ="20.000000" />
  <attribute name="Current GC Util Change" value="44.000000"/>
  <attribute name="GC Util currently" value="44" />
  <attribute name="CPU Util currently" value="5569440406126" />
<allocation-satisfied id="923" threadId="0000000000769700" bytesRequested="117352" />
<af-end id="924" timestamp="2019-06-16T18:48:42.937" threadId="000000000076A088" success="true" from="nursery"/>
<exclusive-end id="925" timestamp="2019-06-16T18:48:42.937" durationms="0.672" />

<exclusive-start id="926" timestamp="2019-06-16T18:48:42.937" intervalms="0.834">
  <response-info timems="0.019" idlems="0.019" threads="0" lastid="0000000000769700" lastname="main" />
</exclusive-start>
<af-start id="927" threadId="000000000076A088" totalBytesRequested="118328" timestamp="2019-06-16T18:48:42.937" intervalms="0.834" type="nursery" />
<cycle-start id="928" type="scavenge" contextid="0" timestamp="2019-06-16T18:48:42.937" intervalms="0.833" />
<gc-start id="929" type="scavenge" contextid="928" timestamp="2019-06-16T18:48:42.937">
  <mem-info id="930" free="4840680" total="8388608" percent="57">
    <mem type="nursery" free="0" total="2097152" percent="0">
      <mem type="allocate" free="0" total="1835008" percent="0" />
      <mem type="survivor" free="0" total="262144" percent="0" />
    </mem>
    <mem type="tenure" free="4840680" total="6291456" percent="76">
      <mem type="soa" free="4526312" total="5977088" percent="75" />
      <mem type="loa" free="314368" total="314368" percent="100" />
    </mem>
    <remembered-set count="56" />
  </mem-info>
</gc-start>
<allocation-stats totalBytes="1717464" >
  <allocated-bytes non-tlh="1295696" tlh="421768" />
  <largest-consumer threadName="main" threadId="0000000000769700" bytes="1717464" />
</allocation-stats>
<gc-op id="931" type="scavenge" timems="0.120" contextid="928" timestamp="2019-06-16T18:48:42.938">
  <scavenger-info tenureage="14" tenuremask="4000" tiltratio="87" />
  <memory-copied type="nursery" objects="2" bytes="59192" bytesdiscarded="39144" />
</gc-op>
<gc-end id="932" type="scavenge" contextid="928" durationms="0.281" usertimems="0.000" systemtimems="0.000" timestamp="2019-06-16T18:48:42.938" activeThreads="4">
  <mem-info id="933" free="6577352" total="8388608" percent="78">
    <mem type="nursery" free="1736672" total="2097152" percent="82">
      <mem type="allocate" free="1736672" total="1835008" percent="94" />
      <mem type="survivor" free="0" total="262144" percent="0" />
    </mem>
    <mem type="tenure" free="4840680" total="6291456" percent="76">
      <mem type="soa" free="4526312" total="5977088" percent="75" />
      <mem type="loa" free="314368" total="314368" percent="100" />
    </mem>
    <remembered-set count="56" />
  </mem-info>
</gc-end>
<cycle-end id="934" type="scavenge" contextid="928" timestamp="2019-06-16T18:48:42.938" />
  <attribute name="elasticGC enabled" value="1" />
  <attribute name= "numThreadsSpecified" value="4" />
  <attribute name="heapSize specified" value="0" />
  <attribute name="Current GC Util" value="41" />
  <attribute name= "Current Time Running" value="809" />
  <attribute name ="GC Interval" value="200" />
  <attribute name="ProportionalT" value="21.000000" />
  <attribute name="ProportionalI" value="21.000000" />
  <attribute name="ProportionalH" value="21.000000" />
  <attribute name="Current Error" value="21.000000" />
  <attribute name="IntegralT" value="21.000000" />
  <attribute name="IntegralI" value="21.000000" />
  <attribute name="IntegralH" value="21.000000" />
  <attribute name="DerivativeT" value="-1.500000" />
  <attribute name="DerivativeI" value="-1.500000" />
  <attribute name="DerivativeH" value="-1.500000" />
  <attribute name="Loop Time for DT" value="1.000000" />
  <attribute name="Output H" value="8388608"/>
  <attribute name="Output I" value="200"/>
  <attribute name="Output T" value="4"/>
  <attribute name="Target GC Util Change" value ="20.000000" />
  <attribute name="Current GC Util Change" value="41.000000"/>
  <attribute name="GC Util currently" value="41" />
  <attribute name="CPU Util currently" value="5539695869255" />
<allocation-satisfied id="935" threadId="0000000000769700" bytesRequested="118328" />
<af-end id="936" timestamp="2019-06-16T18:48:42.938" threadId="000000000076A088" success="true" from="nursery"/>
<exclusive-end id="937" timestamp="2019-06-16T18:48:42.938" durationms="0.663" />

<exclusive-start id="938" timestamp="2019-06-16T18:48:42.938" intervalms="0.829">
  <response-info timems="0.025" idlems="0.025" threads="0" lastid="0000000000769700" lastname="main" />
</exclusive-start>
<af-start id="939" threadId="000000000076A088" totalBytesRequested="59536" timestamp="2019-06-16T18:48:42.938" intervalms="0.829" type="nursery" />
<cycle-start id="940" type="scavenge" contextid="0" timestamp="2019-06-16T18:48:42.938" intervalms="0.830" />
<gc-start id="941" type="scavenge" contextid="940" timestamp="2019-06-16T18:48:42.938">
  <mem-info id="942" free="4840680" total="8388608" percent="57">
    <mem type="nursery" free="0" total="2097152" percent="0">
      <mem type="allocate" free="0" total="1835008" percent="0" />
      <mem type="survivor" free="0" total="262144" percent="0" />
    </mem>
    <mem type="tenure" free="4840680" total="6291456" percent="76">
      <mem type="soa" free="4526312" total="5977088" percent="75" />
      <mem type="loa" free="314368" total="314368" percent="100" />
    </mem>
    <remembered-set count="56" />
  </mem-info>
</gc-start>
<allocation-stats totalBytes="1602416" >
  <allocated-bytes non-tlh="1304704" tlh="297712" />
  <largest-consumer threadName="main" threadId="0000000000769700" bytes="1602416" />
</allocation-stats>
<gc-op id="943" type="scavenge" timems="0.113" contextid="940" timestamp="2019-06-16T18:48:42.938">
  <scavenger-info tenureage="14" tenuremask="4000" tiltratio="87" />
  <memory-copied type="nursery" objects="4" bytes="59616" bytesdiscarded="39088" />
</gc-op>
<gc-end id="944" type="scavenge" contextid="940" durationms="0.273" usertimems="0.000" systemtimems="0.000" timestamp="2019-06-16T18:48:42.938" activeThreads="4">
  <mem-info id="945" free="6576984" total="8388608" percent="78">
    <mem type="nursery" free="1736304" total="2097152" percent="82">
      <mem type="allocate" free="1736304" total="1835008" percent="94" />
      <mem type="survivor" free="0" total="262144" percent="0" />
    </mem>
    <mem type="tenure" free="4840680" total="6291456" percent="76">
      <mem type="soa" free="4526312" total="5977088" percent="75" />
      <mem type="loa" free="314368" total="314368" percent="100" />
    </mem>
    <remembered-set count="56" />
  </mem-info>
</gc-end>
<cycle-end id="946" type="scavenge" contextid="940" timestamp="2019-06-16T18:48:42.939" />
  <attribute name="elasticGC enabled" value="1" />
  <attribute name= "numThreadsSpecified" value="4" />
  <attribute name="heapSize specified" value="0" />
  <attribute name="Current GC Util" value="41" />
  <attribute name= "Current Time Running" value="810" />
  <attribute name ="GC Interval" value="200" />
  <attribute name="ProportionalT" value="21.000000" />
  <attribute name="ProportionalI" value="21.000000" />
  <attribute name="ProportionalH" value="21.000000" />
  <attribute name="Current Error" value="21.000000" />
  <attribute name="IntegralT" value="21.000000" />
  <attribute name="IntegralI" value="21.000000" />
  <attribute name="IntegralH" value="21.000000" />
  <attribute name="DerivativeT" value="0.000000" />
  <attribute name="DerivativeI" value="0.000000" />
  <attribute name="DerivativeH" value="0.000000" />
  <attribute name="Loop Time for DT" value="1.000000" />
  <attribute name="Output H" value="8388608"/>
  <attribute name="Output I" value="200"/>
  <attribute name="Output T" value="4"/>
  <attribute name="Target GC Util Change" value ="20.000000" />
  <attribute name="Current GC Util Change" value="41.000000"/>
  <attribute name="GC Util currently" value="41" />
  <attribute name="CPU Util currently" value="5570705200277" />
<allocation-satisfied id="947" threadId="0000000000769700" bytesRequested="59536" />
<af-end id="948" timestamp="2019-06-16T18:48:42.939" threadId="000000000076A088" success="true" from="nursery"/>
<exclusive-end id="949" timestamp="2019-06-16T18:48:42.939" durationms="0.651" />

<exclusive-start id="950" timestamp="2019-06-16T18:48:42.939" intervalms="0.817">
  <response-info timems="0.025" idlems="0.025" threads="0" lastid="0000000000769700" lastname="main" />
</exclusive-start>
<af-start id="951" threadId="000000000076A088" totalBytesRequested="60104" timestamp="2019-06-16T18:48:42.939" intervalms="0.816" type="nursery" />
<cycle-start id="952" type="scavenge" contextid="0" timestamp="2019-06-16T18:48:42.939" intervalms="0.816" />
<gc-start id="953" type="scavenge" contextid="952" timestamp="2019-06-16T18:48:42.939">
  <mem-info id="954" free="4840680" total="8388608" percent="57">
    <mem type="nursery" free="0" total="2097152" percent="0">
      <mem type="allocate" free="0" total="1835008" percent="0" />
      <mem type="survivor" free="0" total="262144" percent="0" />
    </mem>
    <mem type="tenure" free="4840680" total="6291456" percent="76">
      <mem type="soa" free="4526312" total="5977088" percent="75" />
      <mem type="loa" free="314368" total="314368" percent="100" />
    </mem>
    <remembered-set count="56" />
  </mem-info>
</gc-start>
<allocation-stats totalBytes="1674888" >
  <allocated-bytes non-tlh="1374656" tlh="300232" />
  <largest-consumer threadName="main" threadId="0000000000769700" bytes="1674888" />
</allocation-stats>
<gc-op id="955" type="scavenge" timems="0.135" contextid="952" timestamp="2019-06-16T18:48:42.939">
  <scavenger-info tenureage="14" tenuremask="4000" tiltratio="87" />
  <memory-copied type="nursery" objects="4" bytes="60184" bytesdiscarded="39088" />
</gc-op>
<gc-end id="956" type="scavenge" contextid="952" durationms="0.298" usertimems="0.000" systemtimems="0.000" timestamp="2019-06-16T18:48:42.939" activeThreads="4">
  <mem-info id="957" free="6576416" total="8388608" percent="78">
    <mem type="nursery" free="1735736" total="2097152" percent="82">
      <mem type="allocate" free="1735736" total="1835008" percent="94" />
      <mem type="survivor" free="0" total="262144" percent="0" />
    </mem>
    <mem type="tenure" free="4840680" total="6291456" percent="76">
      <mem type="soa" free="4526312" total="5977088" percent="75" />
      <mem type="loa" free="314368" total="314368" percent="100" />
    </mem>
    <remembered-set count="56" />
  </mem-info>
</gc-end>
<cycle-end id="958" type="scavenge" contextid="952" timestamp="2019-06-16T18:48:42.939" />
  <attribute name="elasticGC enabled" value="1" />
  <attribute name= "numThreadsSpecified" value="4" />
  <attribute name="heapSize specified" value="0" />
  <attribute name="Current GC Util" value="41" />
  <attribute name= "Current Time Running" value="811" />
  <attribute name ="GC Interval" value="200" />
  <attribute name="ProportionalT" value="21.000000" />
  <attribute name="ProportionalI" value="21.000000" />
  <attribute name="ProportionalH" value="21.000000" />
  <attribute name="Current Error" value="21.000000" />
  <attribute name="IntegralT" value="21.000000" />
  <attribute name="IntegralI" value="21.000000" />
  <attribute name="IntegralH" value="21.000000" />
  <attribute name="DerivativeT" value="0.000000" />
  <attribute name="DerivativeI" value="0.000000" />
  <attribute name="DerivativeH" value="0.000000" />
  <attribute name="Loop Time for DT" value="1.000000" />
  <attribute name="Output H" value="8388608"/>
  <attribute name="Output I" value="200"/>
  <attribute name="Output T" value="4"/>
  <attribute name="Target GC Util Change" value ="20.000000" />
  <attribute name="Current GC Util Change" value="41.000000"/>
  <attribute name="GC Util currently" value="41" />
  <attribute name="CPU Util currently" value="5641433864878" />
<allocation-satisfied id="959" threadId="0000000000769700" bytesRequested="60104" />
<af-end id="960" timestamp="2019-06-16T18:48:42.940" threadId="000000000076A088" success="true" from="nursery"/>
<exclusive-end id="961" timestamp="2019-06-16T18:48:42.940" durationms="0.678" />

<exclusive-start id="962" timestamp="2019-06-16T18:48:42.940" intervalms="0.850">
  <response-info timems="0.025" idlems="0.025" threads="0" lastid="0000000000769700" lastname="main" />
</exclusive-start>
<af-start id="963" threadId="000000000076A088" totalBytesRequested="60552" timestamp="2019-06-16T18:48:42.940" intervalms="0.851" type="nursery" />
<cycle-start id="964" type="scavenge" contextid="0" timestamp="2019-06-16T18:48:42.940" intervalms="0.852" />
<gc-start id="965" type="scavenge" contextid="964" timestamp="2019-06-16T18:48:42.940">
  <mem-info id="966" free="4840680" total="8388608" percent="57">
    <mem type="nursery" free="0" total="2097152" percent="0">
      <mem type="allocate" free="0" total="1835008" percent="0" />
      <mem type="survivor" free="0" total="262144" percent="0" />
    </mem>
    <mem type="tenure" free="4840680" total="6291456" percent="76">
      <mem type="soa" free="4526312" total="5977088" percent="75" />
      <mem type="loa" free="314368" total="314368" percent="100" />
    </mem>
    <remembered-set count="56" />
  </mem-info>
</gc-start>
<allocation-stats totalBytes="1628648" >
  <allocated-bytes non-tlh="1386552" tlh="242096" />
  <largest-consumer threadName="main" threadId="0000000000769700" bytes="1628648" />
</allocation-stats>
<gc-op id="967" type="scavenge" timems="0.125" contextid="964" timestamp="2019-06-16T18:48:42.940">
  <scavenger-info tenureage="14" tenuremask="4000" tiltratio="87" />
  <memory-copied type="nursery" objects="2" bytes="121120" bytesdiscarded="39144" />
</gc-op>
<gc-end id="968" type="scavenge" contextid="964" durationms="0.285" usertimems="0.000" systemtimems="0.000" timestamp="2019-06-16T18:48:42.940" activeThreads="4">
  <mem-info id="969" free="6515424" total="8388608" percent="77">
    <mem type="nursery" free="1674744" total="2097152" percent="79">
      <mem type="allocate" free="1674744" total="1835008" percent="91" />
      <mem type="survivor" free="0" total="262144" percent="0" />
    </mem>
    <mem type="tenure" free="4840680" total="6291456" percent="76">
      <mem type="soa" free="4526312" total="5977088" percent="75" />
      <mem type="loa" free="314368" total="314368" percent="100" />
    </mem>
    <remembered-set count="56" />
  </mem-info>
</gc-end>
<cycle-end id="970" type="scavenge" contextid="964" timestamp="2019-06-16T18:48:42.940" />
  <attribute name="elasticGC enabled" value="1" />
  <attribute name= "numThreadsSpecified" value="4" />
  <attribute name="heapSize specified" value="0" />
  <attribute name="Current GC Util" value="40" />
  <attribute name= "Current Time Running" value="811" />
  <attribute name ="GC Interval" value="200" />
  <attribute name="ProportionalT" value="20.000000" />
  <attribute name="ProportionalI" value="20.000000" />
  <attribute name="ProportionalH" value="20.000000" />
  <attribute name="Current Error" value="20.000000" />
  <attribute name="IntegralT" value="0.000000" />
  <attribute name="IntegralI" value="0.000000" />
  <attribute name="IntegralH" value="0.000000" />
  <attribute name="DerivativeT" value="-inf" />
  <attribute name="DerivativeI" value="-inf" />
  <attribute name="DerivativeH" value="-inf" />
  <attribute name="Loop Time for DT" value="0.000000" />
  <attribute name="Output H" value="2092630016"/>
  <attribute name="Output I" value="200"/>
  <attribute name="Output T" value="4"/>
  <attribute name="Target GC Util Change" value ="20.000000" />
  <attribute name="Current GC Util Change" value="40.000000"/>
  <attribute name="GC Util currently" value="40" />
  <attribute name="CPU Util currently" value="5408390633256" />
<allocation-satisfied id="971" threadId="0000000000769700" bytesRequested="60552" />
<af-end id="972" timestamp="2019-06-16T18:48:42.940" threadId="000000000076A088" success="true" from="nursery"/>
<exclusive-end id="973" timestamp="2019-06-16T18:48:42.940" durationms="0.664" />

<exclusive-start id="974" timestamp="2019-06-16T18:48:42.941" intervalms="0.831">
  <response-info timems="0.026" idlems="0.026" threads="0" lastid="0000000000769700" lastname="main" />
</exclusive-start>
<af-start id="975" threadId="000000000076A088" totalBytesRequested="122000" timestamp="2019-06-16T18:48:42.941" intervalms="0.830" type="nursery" />
<cycle-start id="976" type="scavenge" contextid="0" timestamp="2019-06-16T18:48:42.941" intervalms="0.828" />
<gc-start id="977" type="scavenge" contextid="976" timestamp="2019-06-16T18:48:42.941">
  <mem-info id="978" free="4919648" total="8388608" percent="58">
    <mem type="nursery" free="78968" total="2097152" percent="3">
      <mem type="allocate" free="78968" total="1835008" percent="4" />
      <mem type="survivor" free="0" total="262144" percent="0" />
    </mem>
    <mem type="tenure" free="4840680" total="6291456" percent="76">
      <mem type="soa" free="4526312" total="5977088" percent="75" />
      <mem type="loa" free="314368" total="314368" percent="100" />
    </mem>
    <remembered-set count="56" />
  </mem-info>
</gc-start>
<allocation-stats totalBytes="1590392" >
  <allocated-bytes non-tlh="1276288" tlh="314104" />
  <largest-consumer threadName="main" threadId="0000000000769700" bytes="1590392" />
</allocation-stats>
<gc-op id="979" type="scavenge" timems="0.135" contextid="976" timestamp="2019-06-16T18:48:42.941">
  <scavenger-info tenureage="14" tenuremask="4000" tiltratio="87" />
  <memory-copied type="nursery" objects="2" bytes="61032" bytesdiscarded="39144" />
</gc-op>
<gc-end id="980" type="scavenge" contextid="976" durationms="0.298" usertimems="4.000" systemtimems="0.000" timestamp="2019-06-16T18:48:42.941" activeThreads="4">
  <mem-info id="981" free="6575512" total="8388608" percent="78">
    <mem type="nursery" free="1734832" total="2097152" percent="82">
      <mem type="allocate" free="1734832" total="1835008" percent="94" />
      <mem type="survivor" free="0" total="262144" percent="0" />
    </mem>
    <mem type="tenure" free="4840680" total="6291456" percent="76">
      <mem type="soa" free="4526312" total="5977088" percent="75" />
      <mem type="loa" free="314368" total="314368" percent="100" />
    </mem>
    <remembered-set count="56" />
  </mem-info>
</gc-end>
<cycle-end id="982" type="scavenge" contextid="976" timestamp="2019-06-16T18:48:42.941" />
  <attribute name="elasticGC enabled" value="1" />
  <attribute name= "numThreadsSpecified" value="4" />
  <attribute name="heapSize specified" value="0" />
  <attribute name="Current GC Util" value="42" />
  <attribute name= "Current Time Running" value="812" />
  <attribute name ="GC Interval" value="200" />
  <attribute name="ProportionalT" value="22.000000" />
  <attribute name="ProportionalI" value="22.000000" />
  <attribute name="ProportionalH" value="22.000000" />
  <attribute name="Current Error" value="22.000000" />
  <attribute name="IntegralT" value="22.000000" />
  <attribute name="IntegralI" value="22.000000" />
  <attribute name="IntegralH" value="22.000000" />
  <attribute name="DerivativeT" value="1.000000" />
  <attribute name="DerivativeI" value="1.000000" />
  <attribute name="DerivativeH" value="1.000000" />
  <attribute name="Loop Time for DT" value="1.000000" />
  <attribute name="Output H" value="8388608"/>
  <attribute name="Output I" value="200"/>
  <attribute name="Output T" value="4"/>
  <attribute name="Target GC Util Change" value ="20.000000" />
  <attribute name="Current GC Util Change" value="42.000000"/>
  <attribute name="GC Util currently" value="42" />
  <attribute name="CPU Util currently" value="5574718666912" />
<allocation-satisfied id="983" threadId="0000000000769700" bytesRequested="122000" />
<af-end id="984" timestamp="2019-06-16T18:48:42.941" threadId="000000000076A088" success="true" from="nursery"/>
<exclusive-end id="985" timestamp="2019-06-16T18:48:42.941" durationms="0.722" />

<exclusive-start id="986" timestamp="2019-06-16T18:48:42.941" intervalms="0.890">
  <response-info timems="0.024" idlems="0.024" threads="0" lastid="0000000000769700" lastname="main" />
</exclusive-start>
<af-start id="987" threadId="000000000076A088" totalBytesRequested="61480" timestamp="2019-06-16T18:48:42.942" intervalms="0.890" type="nursery" />
<cycle-start id="988" type="scavenge" contextid="0" timestamp="2019-06-16T18:48:42.942" intervalms="0.891" />
<gc-start id="989" type="scavenge" contextid="988" timestamp="2019-06-16T18:48:42.942">
  <mem-info id="990" free="4840680" total="8388608" percent="57">
    <mem type="nursery" free="0" total="2097152" percent="0">
      <mem type="allocate" free="0" total="1835008" percent="0" />
      <mem type="survivor" free="0" total="262144" percent="0" />
    </mem>
    <mem type="tenure" free="4840680" total="6291456" percent="76">
      <mem type="soa" free="4526312" total="5977088" percent="75" />
      <mem type="loa" free="314368" total="314368" percent="100" />
    </mem>
    <remembered-set count="56" />
  </mem-info>
</gc-start>
<allocation-stats totalBytes="1653288" >
  <allocated-bytes non-tlh="1407464" tlh="245824" />
  <largest-consumer threadName="main" threadId="0000000000769700" bytes="1653288" />
</allocation-stats>
<gc-op id="991" type="scavenge" timems="0.131" contextid="988" timestamp="2019-06-16T18:48:42.942">
  <scavenger-info tenureage="14" tenuremask="4000" tiltratio="87" />
  <memory-copied type="nursery" objects="4" bytes="61560" bytesdiscarded="39088" />
</gc-op>
<gc-end id="992" type="scavenge" contextid="988" durationms="0.294" usertimems="0.000" systemtimems="0.000" timestamp="2019-06-16T18:48:42.942" activeThreads="4">
  <mem-info id="993" free="6575040" total="8388608" percent="78">
    <mem type="nursery" free="1734360" total="2097152" percent="82">
      <mem type="allocate" free="1734360" total="1835008" percent="94" />
      <mem type="survivor" free="0" total="262144" percent="0" />
    </mem>
    <mem type="tenure" free="4840680" total="6291456" percent="76">
      <mem type="soa" free="4526312" total="5977088" percent="75" />
      <mem type="loa" free="314368" total="314368" percent="100" />
    </mem>
    <remembered-set count="56" />
  </mem-info>
</gc-end>
<cycle-end id="994" type="scavenge" contextid="988" timestamp="2019-06-16T18:48:42.942" />
  <attribute name="elasticGC enabled" value="1" />
  <attribute name= "numThreadsSpecified" value="4" />
  <attribute name="heapSize specified" value="0" />
  <attribute name="Current GC Util" value="40" />
  <attribute name= "Current Time Running" value="813" />
  <attribute name ="GC Interval" value="200" />
  <attribute name="ProportionalT" value="20.000000" />
  <attribute name="ProportionalI" value="20.000000" />
  <attribute name="ProportionalH" value="20.000000" />
  <attribute name="Current Error" value="20.000000" />
  <attribute name="IntegralT" value="20.000000" />
  <attribute name="IntegralI" value="20.000000" />
  <attribute name="IntegralH" value="20.000000" />
  <attribute name="DerivativeT" value="-1.000000" />
  <attribute name="DerivativeI" value="-1.000000" />
  <attribute name="DerivativeH" value="-1.000000" />
  <attribute name="Loop Time for DT" value="1.000000" />
  <attribute name="Output H" value="8388608"/>
  <attribute name="Output I" value="200"/>
  <attribute name="Output T" value="4"/>
  <attribute name="Target GC Util Change" value ="20.000000" />
  <attribute name="Current GC Util Change" value="40.000000"/>
  <attribute name="GC Util currently" value="40" />
  <attribute name="CPU Util currently" value="5180633555529" />
<allocation-satisfied id="995" threadId="0000000000769700" bytesRequested="61480" />
<af-end id="996" timestamp="2019-06-16T18:48:42.942" threadId="000000000076A088" success="true" from="nursery"/>
<exclusive-end id="997" timestamp="2019-06-16T18:48:42.942" durationms="0.674" />

<exclusive-start id="998" timestamp="2019-06-16T18:48:42.942" intervalms="0.846">
  <response-info timems="0.020" idlems="0.020" threads="0" lastid="0000000000769700" lastname="main" />
</exclusive-start>
<af-start id="999" threadId="000000000076A088" totalBytesRequested="61880" timestamp="2019-06-16T18:48:42.942" intervalms="0.847" type="nursery" />
<cycle-start id="1000" type="scavenge" contextid="0" timestamp="2019-06-16T18:48:42.942" intervalms="0.846" />
<gc-start id="1001" type="scavenge" contextid="1000" timestamp="2019-06-16T18:48:42.942">
  <mem-info id="1002" free="4840680" total="8388608" percent="57">
    <mem type="nursery" free="0" total="2097152" percent="0">
      <mem type="allocate" free="0" total="1835008" percent="0" />
      <mem type="survivor" free="0" total="262144" percent="0" />
    </mem>
    <mem type="tenure" free="4840680" total="6291456" percent="76">
      <mem type="soa" free="4526312" total="5977088" percent="75" />
      <mem type="loa" free="314368" total="314368" percent="100" />
    </mem>
    <remembered-set count="56" />
  </mem-info>
</gc-start>
<allocation-stats totalBytes="1665328" >
  <allocated-bytes non-tlh="1479600" tlh="185728" />
  <largest-consumer threadName="main" threadId="0000000000769700" bytes="1665328" />
</allocation-stats>
<gc-op id="1003" type="scavenge" timems="0.123" contextid="1000" timestamp="2019-06-16T18:48:42.943">
  <scavenger-info tenureage="14" tenuremask="4000" tiltratio="87" />
  <memory-copied type="nursery" objects="2" bytes="123776" bytesdiscarded="39144" />
</gc-op>
<gc-end id="1004" type="scavenge" contextid="1000" durationms="0.282" usertimems="0.000" systemtimems="0.000" timestamp="2019-06-16T18:48:42.943" activeThreads="4">
  <mem-info id="1005" free="6512768" total="8388608" percent="77">
    <mem type="nursery" free="1672088" total="2097152" percent="79">
      <mem type="allocate" free="1672088" total="1835008" percent="91" />
      <mem type="survivor" free="0" total="262144" percent="0" />
    </mem>
    <mem type="tenure" free="4840680" total="6291456" percent="76">
      <mem type="soa" free="4526312" total="5977088" percent="75" />
      <mem type="loa" free="314368" total="314368" percent="100" />
    </mem>
    <remembered-set count="56" />
  </mem-info>
</gc-end>
<cycle-end id="1006" type="scavenge" contextid="1000" timestamp="2019-06-16T18:48:42.943" />
  <attribute name="elasticGC enabled" value="1" />
  <attribute name= "numThreadsSpecified" value="4" />
  <attribute name="heapSize specified" value="0" />
  <attribute name="Current GC Util" value="42" />
  <attribute name= "Current Time Running" value="814" />
  <attribute name ="GC Interval" value="200" />
  <attribute name="ProportionalT" value="22.000000" />
  <attribute name="ProportionalI" value="22.000000" />
  <attribute name="ProportionalH" value="22.000000" />
  <attribute name="Current Error" value="22.000000" />
  <attribute name="IntegralT" value="22.000000" />
  <attribute name="IntegralI" value="22.000000" />
  <attribute name="IntegralH" value="22.000000" />
  <attribute name="DerivativeT" value="1.000000" />
  <attribute name="DerivativeI" value="1.000000" />
  <attribute name="DerivativeH" value="1.000000" />
  <attribute name="Loop Time for DT" value="1.000000" />
  <attribute name="Output H" value="8388608"/>
  <attribute name="Output I" value="200"/>
  <attribute name="Output T" value="4"/>
  <attribute name="Target GC Util Change" value ="20.000000" />
  <attribute name="Current GC Util Change" value="42.000000"/>
  <attribute name="GC Util currently" value="42" />
  <attribute name="CPU Util currently" value="5453099228077" />
<allocation-satisfied id="1007" threadId="0000000000769700" bytesRequested="61880" />
<af-end id="1008" timestamp="2019-06-16T18:48:42.943" threadId="000000000076A088" success="true" from="nursery"/>
<exclusive-end id="1009" timestamp="2019-06-16T18:48:42.943" durationms="0.664" />

<exclusive-start id="1010" timestamp="2019-06-16T18:48:42.943" intervalms="0.835">
  <response-info timems="0.024" idlems="0.024" threads="0" lastid="0000000000769700" lastname="main" />
</exclusive-start>
<af-start id="1011" threadId="000000000076A088" totalBytesRequested="124608" timestamp="2019-06-16T18:48:42.943" intervalms="0.834" type="nursery" />
<cycle-start id="1012" type="scavenge" contextid="0" timestamp="2019-06-16T18:48:42.943" intervalms="0.834" />
<gc-start id="1013" type="scavenge" contextid="1012" timestamp="2019-06-16T18:48:42.943">
  <mem-info id="1014" free="4877592" total="8388608" percent="58">
    <mem type="nursery" free="36912" total="2097152" percent="1">
      <mem type="allocate" free="36912" total="1835008" percent="2" />
      <mem type="survivor" free="0" total="262144" percent="0" />
    </mem>
    <mem type="tenure" free="4840680" total="6291456" percent="76">
      <mem type="soa" free="4526312" total="5977088" percent="75" />
      <mem type="loa" free="314368" total="314368" percent="100" />
    </mem>
    <remembered-set count="56" />
  </mem-info>
</gc-start>
<allocation-stats totalBytes="1629720" >
  <allocated-bytes non-tlh="1428072" tlh="201648" />
  <largest-consumer threadName="main" threadId="0000000000769700" bytes="1629720" />
</allocation-stats>
<gc-op id="1015" type="scavenge" timems="0.122" contextid="1012" timestamp="2019-06-16T18:48:42.944">
  <scavenger-info tenureage="14" tenuremask="4000" tiltratio="87" />
  <memory-copied type="nursery" objects="2" bytes="62336" bytesdiscarded="39144" />
</gc-op>
<gc-end id="1016" type="scavenge" contextid="1012" durationms="0.280" usertimems="0.000" systemtimems="0.000" timestamp="2019-06-16T18:48:42.944" activeThreads="4">
  <mem-info id="1017" free="6574208" total="8388608" percent="78">
    <mem type="nursery" free="1733528" total="2097152" percent="82">
      <mem type="allocate" free="1733528" total="1835008" percent="94" />
      <mem type="survivor" free="0" total="262144" percent="0" />
    </mem>
    <mem type="tenure" free="4840680" total="6291456" percent="76">
      <mem type="soa" free="4526312" total="5977088" percent="75" />
      <mem type="loa" free="314368" total="314368" percent="100" />
    </mem>
    <remembered-set count="56" />
  </mem-info>
</gc-end>
<cycle-end id="1018" type="scavenge" contextid="1012" timestamp="2019-06-16T18:48:42.944" />
  <attribute name="elasticGC enabled" value="1" />
  <attribute name= "numThreadsSpecified" value="4" />
  <attribute name="heapSize specified" value="0" />
  <attribute name="Current GC Util" value="42" />
  <attribute name= "Current Time Running" value="815" />
  <attribute name ="GC Interval" value="200" />
  <attribute name="ProportionalT" value="22.000000" />
  <attribute name="ProportionalI" value="22.000000" />
  <attribute name="ProportionalH" value="22.000000" />
  <attribute name="Current Error" value="22.000000" />
  <attribute name="IntegralT" value="22.000000" />
  <attribute name="IntegralI" value="22.000000" />
  <attribute name="IntegralH" value="22.000000" />
  <attribute name="DerivativeT" value="0.000000" />
  <attribute name="DerivativeI" value="0.000000" />
  <attribute name="DerivativeH" value="0.000000" />
  <attribute name="Loop Time for DT" value="1.000000" />
  <attribute name="Output H" value="8388608"/>
  <attribute name="Output I" value="200"/>
  <attribute name="Output T" value="4"/>
  <attribute name="Target GC Util Change" value ="20.000000" />
  <attribute name="Current GC Util Change" value="42.000000"/>
  <attribute name="GC Util currently" value="42" />
  <attribute name="CPU Util currently" value="5526067893272" />
<allocation-satisfied id="1019" threadId="0000000000769700" bytesRequested="124608" />
<af-end id="1020" timestamp="2019-06-16T18:48:42.944" threadId="000000000076A088" success="true" from="nursery"/>
<exclusive-end id="1021" timestamp="2019-06-16T18:48:42.944" durationms="0.670" />

<exclusive-start id="1022" timestamp="2019-06-16T18:48:42.944" intervalms="0.860">
  <response-info timems="0.046" idlems="0.031" threads="1" lastid="000000000076D300" lastname="JIT Compilation Thread-0" />
</exclusive-start>
<af-start id="1023" threadId="000000000076A088" totalBytesRequested="62840" timestamp="2019-06-16T18:48:42.944" intervalms="0.861" type="nursery" />
<cycle-start id="1024" type="scavenge" contextid="0" timestamp="2019-06-16T18:48:42.944" intervalms="0.862" />
<gc-start id="1025" type="scavenge" contextid="1024" timestamp="2019-06-16T18:48:42.944">
  <mem-info id="1026" free="4840680" total="8388608" percent="57">
    <mem type="nursery" free="0" total="2097152" percent="0">
      <mem type="allocate" free="0" total="1835008" percent="0" />
      <mem type="survivor" free="0" total="262144" percent="0" />
    </mem>
    <mem type="tenure" free="4840680" total="6291456" percent="76">
      <mem type="soa" free="4526312" total="5977088" percent="75" />
      <mem type="loa" free="314368" total="314368" percent="100" />
    </mem>
    <remembered-set count="56" />
  </mem-info>
</gc-start>
<allocation-stats totalBytes="1689720" >
  <allocated-bytes non-tlh="1438456" tlh="251264" />
  <largest-consumer threadName="main" threadId="0000000000769700" bytes="1689720" />
</allocation-stats>
<gc-op id="1027" type="scavenge" timems="0.132" contextid="1024" timestamp="2019-06-16T18:48:42.944">
  <scavenger-info tenureage="14" tenuremask="4000" tiltratio="87" />
  <memory-copied type="nursery" objects="4" bytes="62920" bytesdiscarded="39088" />
</gc-op>
<gc-end id="1028" type="scavenge" contextid="1024" durationms="0.291" usertimems="0.000" systemtimems="0.000" timestamp="2019-06-16T18:48:42.944" activeThreads="4">
  <mem-info id="1029" free="6573680" total="8388608" percent="78">
    <mem type="nursery" free="1733000" total="2097152" percent="82">
      <mem type="allocate" free="1733000" total="1835008" percent="94" />
      <mem type="survivor" free="0" total="262144" percent="0" />
    </mem>
    <mem type="tenure" free="4840680" total="6291456" percent="76">
      <mem type="soa" free="4526312" total="5977088" percent="75" />
      <mem type="loa" free="314368" total="314368" percent="100" />
    </mem>
    <remembered-set count="56" />
  </mem-info>
</gc-end>
<cycle-end id="1030" type="scavenge" contextid="1024" timestamp="2019-06-16T18:48:42.945" />
  <attribute name="elasticGC enabled" value="1" />
  <attribute name= "numThreadsSpecified" value="4" />
  <attribute name="heapSize specified" value="0" />
  <attribute name="Current GC Util" value="41" />
  <attribute name= "Current Time Running" value="816" />
  <attribute name ="GC Interval" value="200" />
  <attribute name="ProportionalT" value="21.000000" />
  <attribute name="ProportionalI" value="21.000000" />
  <attribute name="ProportionalH" value="21.000000" />
  <attribute name="Current Error" value="21.000000" />
  <attribute name="IntegralT" value="21.000000" />
  <attribute name="IntegralI" value="21.000000" />
  <attribute name="IntegralH" value="21.000000" />
  <attribute name="DerivativeT" value="-0.500000" />
  <attribute name="DerivativeI" value="-0.500000" />
  <attribute name="DerivativeH" value="-0.500000" />
  <attribute name="Loop Time for DT" value="1.000000" />
  <attribute name="Output H" value="8388608"/>
  <attribute name="Output I" value="200"/>
  <attribute name="Output T" value="4"/>
  <attribute name="Target GC Util Change" value ="20.000000" />
  <attribute name="Current GC Util Change" value="41.000000"/>
  <attribute name="GC Util currently" value="41" />
  <attribute name="CPU Util currently" value="5354599169780" />
<allocation-satisfied id="1031" threadId="0000000000769700" bytesRequested="62840" />
<af-end id="1032" timestamp="2019-06-16T18:48:42.945" threadId="000000000076A088" success="true" from="nursery"/>
<exclusive-end id="1033" timestamp="2019-06-16T18:48:42.945" durationms="0.674" />

<exclusive-start id="1034" timestamp="2019-06-16T18:48:42.945" intervalms="0.837">
  <response-info timems="0.021" idlems="0.021" threads="0" lastid="0000000000769700" lastname="main" />
</exclusive-start>
<af-start id="1035" threadId="000000000076A088" totalBytesRequested="126448" timestamp="2019-06-16T18:48:42.945" intervalms="0.841" type="nursery" />
<cycle-start id="1036" type="scavenge" contextid="0" timestamp="2019-06-16T18:48:42.945" intervalms="0.881" />
<gc-start id="1037" type="scavenge" contextid="1036" timestamp="2019-06-16T18:48:42.945">
  <mem-info id="1038" free="4869744" total="8388608" percent="58">
    <mem type="nursery" free="29064" total="2097152" percent="1">
      <mem type="allocate" free="29064" total="1835008" percent="1" />
      <mem type="survivor" free="0" total="262144" percent="0" />
    </mem>
    <mem type="tenure" free="4840680" total="6291456" percent="76">
      <mem type="soa" free="4526312" total="5977088" percent="75" />
      <mem type="loa" free="314368" total="314368" percent="100" />
    </mem>
    <remembered-set count="56" />
  </mem-info>
</gc-start>
<allocation-stats totalBytes="1643144" >
  <allocated-bytes non-tlh="1385528" tlh="257616" />
  <largest-consumer threadName="main" threadId="0000000000769700" bytes="1643144" />
</allocation-stats>
<gc-op id="1039" type="scavenge" timems="0.122" contextid="1036" timestamp="2019-06-16T18:48:42.945">
  <scavenger-info tenureage="14" tenuremask="4000" tiltratio="87" />
  <memory-copied type="nursery" objects="2" bytes="63248" bytesdiscarded="39144" />
</gc-op>
<gc-end id="1040" type="scavenge" contextid="1036" durationms="0.281" usertimems="4.000" systemtimems="0.000" timestamp="2019-06-16T18:48:42.945" activeThreads="4">
  <mem-info id="1041" free="6573296" total="8388608" percent="78">
    <mem type="nursery" free="1732616" total="2097152" percent="82">
      <mem type="allocate" free="1732616" total="1835008" percent="94" />
      <mem type="survivor" free="0" total="262144" percent="0" />
    </mem>
    <mem type="tenure" free="4840680" total="6291456" percent="76">
      <mem type="soa" free="4526312" total="5977088" percent="75" />
      <mem type="loa" free="314368" total="314368" percent="100" />
    </mem>
    <remembered-set count="56" />
  </mem-info>
</gc-end>
<cycle-end id="1042" type="scavenge" contextid="1036" timestamp="2019-06-16T18:48:42.945" />
  <attribute name="elasticGC enabled" value="1" />
  <attribute name= "numThreadsSpecified" value="4" />
  <attribute name="heapSize specified" value="0" />
  <attribute name="Current GC Util" value="39" />
  <attribute name= "Current Time Running" value="817" />
  <attribute name ="GC Interval" value="200" />
  <attribute name="ProportionalT" value="19.000000" />
  <attribute name="ProportionalI" value="19.000000" />
  <attribute name="ProportionalH" value="19.000000" />
  <attribute name="Current Error" value="19.000000" />
  <attribute name="IntegralT" value="19.000000" />
  <attribute name="IntegralI" value="19.000000" />
  <attribute name="IntegralH" value="19.000000" />
  <attribute name="DerivativeT" value="-1.000000" />
  <attribute name="DerivativeI" value="-1.000000" />
  <attribute name="DerivativeH" value="-1.000000" />
  <attribute name="Loop Time for DT" value="1.000000" />
  <attribute name="Output H" value="8388608"/>
  <attribute name="Output I" value="200"/>
  <attribute name="Output T" value="4"/>
  <attribute name="Target GC Util Change" value ="20.000000" />
  <attribute name="Current GC Util Change" value="39.000000"/>
  <attribute name="GC Util currently" value="39" />
  <attribute name="CPU Util currently" value="5217990413223" />
<allocation-satisfied id="1043" threadId="0000000000769700" bytesRequested="126448" />
<af-end id="1044" timestamp="2019-06-16T18:48:42.946" threadId="000000000076A088" success="true" from="nursery"/>
<exclusive-end id="1045" timestamp="2019-06-16T18:48:42.946" durationms="0.789" />

<exclusive-start id="1046" timestamp="2019-06-16T18:48:42.946" intervalms="0.987">
  <response-info timems="0.053" idlems="0.053" threads="0" lastid="0000000000769700" lastname="main" />
</exclusive-start>
<af-start id="1047" threadId="000000000076A088" totalBytesRequested="63632" timestamp="2019-06-16T18:48:42.946" intervalms="0.981" type="nursery" />
<cycle-start id="1048" type="scavenge" contextid="0" timestamp="2019-06-16T18:48:42.946" intervalms="0.941" />
<gc-start id="1049" type="scavenge" contextid="1048" timestamp="2019-06-16T18:48:42.946">
  <mem-info id="1050" free="4840680" total="8388608" percent="57">
    <mem type="nursery" free="0" total="2097152" percent="0">
      <mem type="allocate" free="0" total="1835008" percent="0" />
      <mem type="survivor" free="0" total="262144" percent="0" />
    </mem>
    <mem type="tenure" free="4840680" total="6291456" percent="76">
      <mem type="soa" free="4526312" total="5977088" percent="75" />
      <mem type="loa" free="314368" total="314368" percent="100" />
    </mem>
    <remembered-set count="56" />
  </mem-info>
</gc-start>
<allocation-stats totalBytes="1712784" >
  <allocated-bytes non-tlh="1521728" tlh="191056" />
  <largest-consumer threadName="main" threadId="0000000000769700" bytes="1712784" />
</allocation-stats>
<gc-op id="1051" type="scavenge" timems="0.140" contextid="1048" timestamp="2019-06-16T18:48:42.946">
  <scavenger-info tenureage="14" tenuremask="4000" tiltratio="87" />
  <memory-copied type="nursery" objects="4" bytes="63712" bytesdiscarded="39088" />
</gc-op>
<gc-end id="1052" type="scavenge" contextid="1048" durationms="0.299" usertimems="0.000" systemtimems="0.000" timestamp="2019-06-16T18:48:42.946" activeThreads="4">
  <mem-info id="1053" free="6572888" total="8388608" percent="78">
    <mem type="nursery" free="1732208" total="2097152" percent="82">
      <mem type="allocate" free="1732208" total="1835008" percent="94" />
      <mem type="survivor" free="0" total="262144" percent="0" />
    </mem>
    <mem type="tenure" free="4840680" total="6291456" percent="76">
      <mem type="soa" free="4526312" total="5977088" percent="75" />
      <mem type="loa" free="314368" total="314368" percent="100" />
    </mem>
    <remembered-set count="56" />
  </mem-info>
</gc-end>
<cycle-end id="1054" type="scavenge" contextid="1048" timestamp="2019-06-16T18:48:42.946" />
  <attribute name="elasticGC enabled" value="1" />
  <attribute name= "numThreadsSpecified" value="4" />
  <attribute name="heapSize specified" value="0" />
  <attribute name="Current GC Util" value="37" />
  <attribute name= "Current Time Running" value="818" />
  <attribute name ="GC Interval" value="200" />
  <attribute name="ProportionalT" value="17.000000" />
  <attribute name="ProportionalI" value="17.000000" />
  <attribute name="ProportionalH" value="17.000000" />
  <attribute name="Current Error" value="17.000000" />
  <attribute name="IntegralT" value="17.000000" />
  <attribute name="IntegralI" value="17.000000" />
  <attribute name="IntegralH" value="17.000000" />
  <attribute name="DerivativeT" value="-1.000000" />
  <attribute name="DerivativeI" value="-1.000000" />
  <attribute name="DerivativeH" value="-1.000000" />
  <attribute name="Loop Time for DT" value="1.000000" />
  <attribute name="Output H" value="8388608"/>
  <attribute name="Output I" value="200"/>
  <attribute name="Output T" value="4"/>
  <attribute name="Target GC Util Change" value ="20.000000" />
  <attribute name="Current GC Util Change" value="37.000000"/>
  <attribute name="GC Util currently" value="37" />
  <attribute name="CPU Util currently" value="4917862287441" />
<allocation-satisfied id="1055" threadId="0000000000769700" bytesRequested="63632" />
<af-end id="1056" timestamp="2019-06-16T18:48:42.946" threadId="000000000076A088" success="true" from="nursery"/>
<exclusive-end id="1057" timestamp="2019-06-16T18:48:42.946" durationms="0.678" />

<exclusive-start id="1058" timestamp="2019-06-16T18:48:42.947" intervalms="0.840">
  <response-info timems="0.020" idlems="0.020" threads="0" lastid="0000000000769700" lastname="main" />
</exclusive-start>
<af-start id="1059" threadId="000000000076A088" totalBytesRequested="128016" timestamp="2019-06-16T18:48:42.947" intervalms="0.842" type="nursery" />
<cycle-start id="1060" type="scavenge" contextid="0" timestamp="2019-06-16T18:48:42.947" intervalms="0.840" />
<gc-start id="1061" type="scavenge" contextid="1060" timestamp="2019-06-16T18:48:42.947">
  <mem-info id="1062" free="4868952" total="8388608" percent="58">
    <mem type="nursery" free="28272" total="2097152" percent="1">
      <mem type="allocate" free="28272" total="1835008" percent="1" />
      <mem type="survivor" free="0" total="262144" percent="0" />
    </mem>
    <mem type="tenure" free="4840680" total="6291456" percent="76">
      <mem type="soa" free="4526312" total="5977088" percent="75" />
      <mem type="loa" free="314368" total="314368" percent="100" />
    </mem>
    <remembered-set count="56" />
  </mem-info>
</gc-start>
<allocation-stats totalBytes="1663472" >
  <allocated-bytes non-tlh="1404168" tlh="259304" />
  <largest-consumer threadName="main" threadId="0000000000769700" bytes="1663472" />
</allocation-stats>
<gc-op id="1063" type="scavenge" timems="0.094" contextid="1060" timestamp="2019-06-16T18:48:42.947">
  <scavenger-info tenureage="14" tenuremask="4000" tiltratio="87" />
  <memory-copied type="nursery" objects="2" bytes="64032" bytesdiscarded="39144" />
</gc-op>
<gc-end id="1064" type="scavenge" contextid="1060" durationms="0.252" usertimems="0.000" systemtimems="0.000" timestamp="2019-06-16T18:48:42.947" activeThreads="1">
  <mem-info id="1065" free="6572512" total="8388608" percent="78">
    <mem type="nursery" free="1731832" total="2097152" percent="82">
      <mem type="allocate" free="1731832" total="1835008" percent="94" />
      <mem type="survivor" free="0" total="262144" percent="0" />
    </mem>
    <mem type="tenure" free="4840680" total="6291456" percent="76">
      <mem type="soa" free="4526312" total="5977088" percent="75" />
      <mem type="loa" free="314368" total="314368" percent="100" />
    </mem>
    <remembered-set count="56" />
  </mem-info>
</gc-end>
<cycle-end id="1066" type="scavenge" contextid="1060" timestamp="2019-06-16T18:48:42.947" />
  <attribute name="elasticGC enabled" value="1" />
  <attribute name= "numThreadsSpecified" value="1" />
  <attribute name="heapSize specified" value="0" />
  <attribute name="Current GC Util" value="42" />
  <attribute name= "Current Time Running" value="818" />
  <attribute name ="GC Interval" value="200" />
  <attribute name="ProportionalT" value="22.000000" />
  <attribute name="ProportionalI" value="22.000000" />
  <attribute name="ProportionalH" value="22.000000" />
  <attribute name="Current Error" value="22.000000" />
  <attribute name="IntegralT" value="0.000000" />
  <attribute name="IntegralI" value="0.000000" />
  <attribute name="IntegralH" value="0.000000" />
  <attribute name="DerivativeT" value="inf" />
  <attribute name="DerivativeI" value="inf" />
  <attribute name="DerivativeH" value="inf" />
  <attribute name="Loop Time for DT" value="0.000000" />
  <attribute name="Output H" value="8388608"/>
  <attribute name="Output I" value="200"/>
  <attribute name="Output T" value="1"/>
  <attribute name="Target GC Util Change" value ="20.000000" />
  <attribute name="Current GC Util Change" value="42.000000"/>
  <attribute name="GC Util currently" value="42" />
  <attribute name="CPU Util currently" value="5492619852123" />
<allocation-satisfied id="1067" threadId="0000000000769700" bytesRequested="128016" />
<af-end id="1068" timestamp="2019-06-16T18:48:42.947" threadId="000000000076A088" success="true" from="nursery"/>
<exclusive-end id="1069" timestamp="2019-06-16T18:48:42.947" durationms="0.636" />

<exclusive-start id="1070" timestamp="2019-06-16T18:48:42.947" intervalms="0.792">
  <response-info timems="0.020" idlems="0.020" threads="0" lastid="0000000000769700" lastname="main" />
</exclusive-start>
<af-start id="1071" threadId="000000000076A088" totalBytesRequested="128864" timestamp="2019-06-16T18:48:42.947" intervalms="0.792" type="nursery" />
<cycle-start id="1072" type="scavenge" contextid="0" timestamp="2019-06-16T18:48:42.948" intervalms="0.789" />
<gc-start id="1073" type="scavenge" contextid="1072" timestamp="2019-06-16T18:48:42.948">
  <mem-info id="1074" free="4958528" total="8388608" percent="59">
    <mem type="nursery" free="117848" total="2097152" percent="5">
      <mem type="allocate" free="117848" total="1835008" percent="6" />
      <mem type="survivor" free="0" total="262144" percent="0" />
    </mem>
    <mem type="tenure" free="4840680" total="6291456" percent="76">
      <mem type="soa" free="4526312" total="5977088" percent="75" />
      <mem type="loa" free="314368" total="314368" percent="100" />
    </mem>
    <remembered-set count="56" />
  </mem-info>
</gc-start>
<allocation-stats totalBytes="1608960" >
  <allocated-bytes non-tlh="1413280" tlh="195680" />
  <largest-consumer threadName="main" threadId="0000000000769700" bytes="1608960" />
</allocation-stats>
<gc-op id="1075" type="scavenge" timems="0.127" contextid="1072" timestamp="2019-06-16T18:48:42.948">
  <scavenger-info tenureage="14" tenuremask="4000" tiltratio="87" />
  <memory-copied type="nursery" objects="2" bytes="64464" bytesdiscarded="39144" />
</gc-op>
<gc-end id="1076" type="scavenge" contextid="1072" durationms="0.284" usertimems="0.000" systemtimems="0.000" timestamp="2019-06-16T18:48:42.948" activeThreads="4">
  <mem-info id="1077" free="6572080" total="8388608" percent="78">
    <mem type="nursery" free="1731400" total="2097152" percent="82">
      <mem type="allocate" free="1731400" total="1835008" percent="94" />
      <mem type="survivor" free="0" total="262144" percent="0" />
    </mem>
    <mem type="tenure" free="4840680" total="6291456" percent="76">
      <mem type="soa" free="4526312" total="5977088" percent="75" />
      <mem type="loa" free="314368" total="314368" percent="100" />
    </mem>
    <remembered-set count="56" />
  </mem-info>
</gc-end>
<cycle-end id="1078" type="scavenge" contextid="1072" timestamp="2019-06-16T18:48:42.948" />
  <attribute name="elasticGC enabled" value="1" />
  <attribute name= "numThreadsSpecified" value="4" />
  <attribute name="heapSize specified" value="0" />
  <attribute name="Current GC Util" value="35" />
  <attribute name= "Current Time Running" value="819" />
  <attribute name ="GC Interval" value="200" />
  <attribute name="ProportionalT" value="15.000000" />
  <attribute name="ProportionalI" value="15.000000" />
  <attribute name="ProportionalH" value="15.000000" />
  <attribute name="Current Error" value="15.000000" />
  <attribute name="IntegralT" value="15.000000" />
  <attribute name="IntegralI" value="15.000000" />
  <attribute name="IntegralH" value="15.000000" />
  <attribute name="DerivativeT" value="-3.500000" />
  <attribute name="DerivativeI" value="-3.500000" />
  <attribute name="DerivativeH" value="-3.500000" />
  <attribute name="Loop Time for DT" value="1.000000" />
  <attribute name="Output H" value="8388608"/>
  <attribute name="Output I" value="200"/>
  <attribute name="Output T" value="4"/>
  <attribute name="Target GC Util Change" value ="20.000000" />
  <attribute name="Current GC Util Change" value="35.000000"/>
  <attribute name="GC Util currently" value="35" />
  <attribute name="CPU Util currently" value="5796502777952" />
<allocation-satisfied id="1079" threadId="0000000000769700" bytesRequested="128864" />
<af-end id="1080" timestamp="2019-06-16T18:48:42.948" threadId="000000000076A088" success="true" from="nursery"/>
<exclusive-end id="1081" timestamp="2019-06-16T18:48:42.948" durationms="0.667" />

<exclusive-start id="1082" timestamp="2019-06-16T18:48:42.948" intervalms="0.829">
  <response-info timems="0.020" idlems="0.020" threads="0" lastid="0000000000769700" lastname="main" />
</exclusive-start>
<af-start id="1083" threadId="000000000076A088" totalBytesRequested="64848" timestamp="2019-06-16T18:48:42.948" intervalms="0.829" type="nursery" />
<cycle-start id="1084" type="scavenge" contextid="0" timestamp="2019-06-16T18:48:42.948" intervalms="0.833" />
<gc-start id="1085" type="scavenge" contextid="1084" timestamp="2019-06-16T18:48:42.948">
  <mem-info id="1086" free="4840680" total="8388608" percent="57">
    <mem type="nursery" free="0" total="2097152" percent="0">
      <mem type="allocate" free="0" total="1835008" percent="0" />
      <mem type="survivor" free="0" total="262144" percent="0" />
    </mem>
    <mem type="tenure" free="4840680" total="6291456" percent="76">
      <mem type="soa" free="4526312" total="5977088" percent="75" />
      <mem type="loa" free="314368" total="314368" percent="100" />
    </mem>
    <remembered-set count="56" />
  </mem-info>
</gc-start>
<allocation-stats totalBytes="1680752" >
  <allocated-bytes non-tlh="1550984" tlh="129768" />
  <largest-consumer threadName="main" threadId="0000000000769700" bytes="1680752" />
</allocation-stats>
<gc-op id="1087" type="scavenge" timems="0.127" contextid="1084" timestamp="2019-06-16T18:48:42.949">
  <scavenger-info tenureage="14" tenuremask="4000" tiltratio="87" />
  <memory-copied type="nursery" objects="2" bytes="129512" bytesdiscarded="39144" />
</gc-op>
<gc-end id="1088" type="scavenge" contextid="1084" durationms="0.286" usertimems="0.000" systemtimems="0.000" timestamp="2019-06-16T18:48:42.949" activeThreads="4">
  <mem-info id="1089" free="6507032" total="8388608" percent="77">
    <mem type="nursery" free="1666352" total="2097152" percent="79">
      <mem type="allocate" free="1666352" total="1835008" percent="90" />
      <mem type="survivor" free="0" total="262144" percent="0" />
    </mem>
    <mem type="tenure" free="4840680" total="6291456" percent="76">
      <mem type="soa" free="4526312" total="5977088" percent="75" />
      <mem type="loa" free="314368" total="314368" percent="100" />
    </mem>
    <remembered-set count="56" />
  </mem-info>
</gc-end>
<cycle-end id="1090" type="scavenge" contextid="1084" timestamp="2019-06-16T18:48:42.949" />
  <attribute name="elasticGC enabled" value="1" />
  <attribute name= "numThreadsSpecified" value="4" />
  <attribute name="heapSize specified" value="0" />
  <attribute name="Current GC Util" value="45" />
  <attribute name= "Current Time Running" value="820" />
  <attribute name ="GC Interval" value="200" />
  <attribute name="ProportionalT" value="25.000000" />
  <attribute name="ProportionalI" value="25.000000" />
  <attribute name="ProportionalH" value="25.000000" />
  <attribute name="Current Error" value="25.000000" />
  <attribute name="IntegralT" value="25.000000" />
  <attribute name="IntegralI" value="25.000000" />
  <attribute name="IntegralH" value="25.000000" />
  <attribute name="DerivativeT" value="5.000000" />
  <attribute name="DerivativeI" value="5.000000" />
  <attribute name="DerivativeH" value="5.000000" />
  <attribute name="Loop Time for DT" value="1.000000" />
  <attribute name="Output H" value="8388608"/>
  <attribute name="Output I" value="200"/>
  <attribute name="Output T" value="4"/>
  <attribute name="Target GC Util Change" value ="20.000000" />
  <attribute name="Current GC Util Change" value="45.000000"/>
  <attribute name="GC Util currently" value="45" />
  <attribute name="CPU Util currently" value="5584879129906" />
<allocation-satisfied id="1091" threadId="0000000000769700" bytesRequested="64848" />
<af-end id="1092" timestamp="2019-06-16T18:48:42.949" threadId="000000000076A088" success="true" from="nursery"/>
<exclusive-end id="1093" timestamp="2019-06-16T18:48:42.949" durationms="0.672" />

<exclusive-start id="1094" timestamp="2019-06-16T18:48:42.949" intervalms="0.834">
  <response-info timems="0.020" idlems="0.020" threads="0" lastid="0000000000769700" lastname="main" />
</exclusive-start>
<af-start id="1095" threadId="000000000076A088" totalBytesRequested="65208" timestamp="2019-06-16T18:48:42.949" intervalms="0.833" type="nursery" />
<cycle-start id="1096" type="scavenge" contextid="0" timestamp="2019-06-16T18:48:42.949" intervalms="0.869" />
<gc-start id="1097" type="scavenge" contextid="1096" timestamp="2019-06-16T18:48:42.949">
  <mem-info id="1098" free="4840680" total="8388608" percent="57">
    <mem type="nursery" free="0" total="2097152" percent="0">
      <mem type="allocate" free="0" total="1835008" percent="0" />
      <mem type="survivor" free="0" total="262144" percent="0" />
    </mem>
    <mem type="tenure" free="4840680" total="6291456" percent="76">
      <mem type="soa" free="4526312" total="5977088" percent="75" />
      <mem type="loa" free="314368" total="314368" percent="100" />
    </mem>
    <remembered-set count="56" />
  </mem-info>
</gc-start>
<allocation-stats totalBytes="1624728" >
  <allocated-bytes non-tlh="1494112" tlh="130616" />
  <largest-consumer threadName="main" threadId="0000000000769700" bytes="1624728" />
</allocation-stats>
<gc-op id="1099" type="scavenge" timems="0.131" contextid="1096" timestamp="2019-06-16T18:48:42.950">
  <scavenger-info tenureage="14" tenuremask="4000" tiltratio="87" />
  <memory-copied type="nursery" objects="4" bytes="65288" bytesdiscarded="39088" />
</gc-op>
<gc-end id="1100" type="scavenge" contextid="1096" durationms="0.289" usertimems="0.000" systemtimems="0.000" timestamp="2019-06-16T18:48:42.950" activeThreads="4">
  <mem-info id="1101" free="6571312" total="8388608" percent="78">
    <mem type="nursery" free="1730632" total="2097152" percent="82">
      <mem type="allocate" free="1730632" total="1835008" percent="94" />
      <mem type="survivor" free="0" total="262144" percent="0" />
    </mem>
    <mem type="tenure" free="4840680" total="6291456" percent="76">
      <mem type="soa" free="4526312" total="5977088" percent="75" />
      <mem type="loa" free="314368" total="314368" percent="100" />
    </mem>
    <remembered-set count="56" />
  </mem-info>
</gc-end>
<cycle-end id="1102" type="scavenge" contextid="1096" timestamp="2019-06-16T18:48:42.950" />
  <attribute name="elasticGC enabled" value="1" />
  <attribute name= "numThreadsSpecified" value="4" />
  <attribute name="heapSize specified" value="0" />
  <attribute name="Current GC Util" value="41" />
  <attribute name= "Current Time Running" value="821" />
  <attribute name ="GC Interval" value="200" />
  <attribute name="ProportionalT" value="21.000000" />
  <attribute name="ProportionalI" value="21.000000" />
  <attribute name="ProportionalH" value="21.000000" />
  <attribute name="Current Error" value="21.000000" />
  <attribute name="IntegralT" value="21.000000" />
  <attribute name="IntegralI" value="21.000000" />
  <attribute name="IntegralH" value="21.000000" />
  <attribute name="DerivativeT" value="-2.000000" />
  <attribute name="DerivativeI" value="-2.000000" />
  <attribute name="DerivativeH" value="-2.000000" />
  <attribute name="Loop Time for DT" value="1.000000" />
  <attribute name="Output H" value="8388608"/>
  <attribute name="Output I" value="200"/>
  <attribute name="Output T" value="4"/>
  <attribute name="Target GC Util Change" value ="20.000000" />
  <attribute name="Current GC Util Change" value="41.000000"/>
  <attribute name="GC Util currently" value="41" />
  <attribute name="CPU Util currently" value="5299442345238" />
<allocation-satisfied id="1103" threadId="0000000000769700" bytesRequested="65208" />
<af-end id="1104" timestamp="2019-06-16T18:48:42.950" threadId="000000000076A088" success="true" from="nursery"/>
<exclusive-end id="1105" timestamp="2019-06-16T18:48:42.950" durationms="0.708" />

<exclusive-start id="1106" timestamp="2019-06-16T18:48:42.950" intervalms="0.872">
  <response-info timems="0.019" idlems="0.019" threads="0" lastid="0000000000769700" lastname="main" />
</exclusive-start>
<af-start id="1107" threadId="000000000076A088" totalBytesRequested="131408" timestamp="2019-06-16T18:48:42.950" intervalms="0.873" type="nursery" />
<cycle-start id="1108" type="scavenge" contextid="0" timestamp="2019-06-16T18:48:42.950" intervalms="0.837" />
<gc-start id="1109" type="scavenge" contextid="1108" timestamp="2019-06-16T18:48:42.950">
  <mem-info id="1110" free="4927752" total="8388608" percent="58">
    <mem type="nursery" free="87072" total="2097152" percent="4">
      <mem type="allocate" free="87072" total="1835008" percent="4" />
      <mem type="survivor" free="0" total="262144" percent="0" />
    </mem>
    <mem type="tenure" free="4840680" total="6291456" percent="76">
      <mem type="soa" free="4526312" total="5977088" percent="75" />
      <mem type="loa" free="314368" total="314368" percent="100" />
    </mem>
    <remembered-set count="56" />
  </mem-info>
</gc-start>
<allocation-stats totalBytes="1643560" >
  <allocated-bytes non-tlh="1569832" tlh="73728" />
  <largest-consumer threadName="main" threadId="0000000000769700" bytes="1643560" />
</allocation-stats>
<gc-op id="1111" type="scavenge" timems="0.138" contextid="1108" timestamp="2019-06-16T18:48:42.950">
  <scavenger-info tenureage="14" tenuremask="4000" tiltratio="87" />
  <memory-copied type="nursery" objects="2" bytes="65728" bytesdiscarded="39144" />
</gc-op>
<gc-end id="1112" type="scavenge" contextid="1108" durationms="0.297" usertimems="0.000" systemtimems="0.000" timestamp="2019-06-16T18:48:42.950" activeThreads="4">
  <mem-info id="1113" free="6570816" total="8388608" percent="78">
    <mem type="nursery" free="1730136" total="2097152" percent="82">
      <mem type="allocate" free="1730136" total="1835008" percent="94" />
      <mem type="survivor" free="0" total="262144" percent="0" />
    </mem>
    <mem type="tenure" free="4840680" total="6291456" percent="76">
      <mem type="soa" free="4526312" total="5977088" percent="75" />
      <mem type="loa" free="314368" total="314368" percent="100" />
    </mem>
    <remembered-set count="56" />
  </mem-info>
</gc-end>
<cycle-end id="1114" type="scavenge" contextid="1108" timestamp="2019-06-16T18:48:42.950" />
  <attribute name="elasticGC enabled" value="1" />
  <attribute name= "numThreadsSpecified" value="4" />
  <attribute name="heapSize specified" value="0" />
  <attribute name="Current GC Util" value="42" />
  <attribute name= "Current Time Running" value="822" />
  <attribute name ="GC Interval" value="200" />
  <attribute name="ProportionalT" value="22.000000" />
  <attribute name="ProportionalI" value="22.000000" />
  <attribute name="ProportionalH" value="22.000000" />
  <attribute name="Current Error" value="22.000000" />
  <attribute name="IntegralT" value="22.000000" />
  <attribute name="IntegralI" value="22.000000" />
  <attribute name="IntegralH" value="22.000000" />
  <attribute name="DerivativeT" value="0.500000" />
  <attribute name="DerivativeI" value="0.500000" />
  <attribute name="DerivativeH" value="0.500000" />
  <attribute name="Loop Time for DT" value="1.000000" />
  <attribute name="Output H" value="8388608"/>
  <attribute name="Output I" value="200"/>
  <attribute name="Output T" value="4"/>
  <attribute name="Target GC Util Change" value ="20.000000" />
  <attribute name="Current GC Util Change" value="42.000000"/>
  <attribute name="GC Util currently" value="42" />
  <attribute name="CPU Util currently" value="5509990844460" />
<allocation-satisfied id="1115" threadId="0000000000769700" bytesRequested="131408" />
<af-end id="1116" timestamp="2019-06-16T18:48:42.951" threadId="000000000076A088" success="true" from="nursery"/>
<exclusive-end id="1117" timestamp="2019-06-16T18:48:42.951" durationms="0.678" />

<exclusive-start id="1118" timestamp="2019-06-16T18:48:42.951" intervalms="0.847">
  <response-info timems="0.020" idlems="0.020" threads="0" lastid="0000000000769700" lastname="main" />
</exclusive-start>
<af-start id="1119" threadId="000000000076A088" totalBytesRequested="66168" timestamp="2019-06-16T18:48:42.951" intervalms="0.848" type="nursery" />
<cycle-start id="1120" type="scavenge" contextid="0" timestamp="2019-06-16T18:48:42.951" intervalms="0.848" />
<gc-start id="1121" type="scavenge" contextid="1120" timestamp="2019-06-16T18:48:42.951">
  <mem-info id="1122" free="4852856" total="8388608" percent="57">
    <mem type="nursery" free="12176" total="2097152" percent="0">
      <mem type="allocate" free="12176" total="1835008" percent="0" />
      <mem type="survivor" free="0" total="262144" percent="0" />
    </mem>
    <mem type="tenure" free="4840680" total="6291456" percent="76">
      <mem type="soa" free="4526312" total="5977088" percent="75" />
      <mem type="loa" free="314368" total="314368" percent="100" />
    </mem>
    <remembered-set count="56" />
  </mem-info>
</gc-start>
<allocation-stats totalBytes="1717960" >
  <allocated-bytes non-tlh="1648328" tlh="69632" />
  <largest-consumer threadName="main" threadId="0000000000769700" bytes="1717960" />
</allocation-stats>
<gc-op id="1123" type="scavenge" timems="0.130" contextid="1120" timestamp="2019-06-16T18:48:42.951">
  <scavenger-info tenureage="14" tenuremask="4000" tiltratio="87" />
  <memory-copied type="nursery" objects="2" bytes="132352" bytesdiscarded="39144" />
</gc-op>
<gc-end id="1124" type="scavenge" contextid="1120" durationms="0.288" usertimems="0.000" systemtimems="0.000" timestamp="2019-06-16T18:48:42.951" activeThreads="4">
  <mem-info id="1125" free="6504192" total="8388608" percent="77">
    <mem type="nursery" free="1663512" total="2097152" percent="79">
      <mem type="allocate" free="1663512" total="1835008" percent="90" />
      <mem type="survivor" free="0" total="262144" percent="0" />
    </mem>
    <mem type="tenure" free="4840680" total="6291456" percent="76">
      <mem type="soa" free="4526312" total="5977088" percent="75" />
      <mem type="loa" free="314368" total="314368" percent="100" />
    </mem>
    <remembered-set count="56" />
  </mem-info>
</gc-end>
<cycle-end id="1126" type="scavenge" contextid="1120" timestamp="2019-06-16T18:48:42.951" />
  <attribute name="elasticGC enabled" value="1" />
  <attribute name= "numThreadsSpecified" value="4" />
  <attribute name="heapSize specified" value="0" />
  <attribute name="Current GC Util" value="42" />
  <attribute name= "Current Time Running" value="823" />
  <attribute name ="GC Interval" value="200" />
  <attribute name="ProportionalT" value="22.000000" />
  <attribute name="ProportionalI" value="22.000000" />
  <attribute name="ProportionalH" value="22.000000" />
  <attribute name="Current Error" value="22.000000" />
  <attribute name="IntegralT" value="22.000000" />
  <attribute name="IntegralI" value="22.000000" />
  <attribute name="IntegralH" value="22.000000" />
  <attribute name="DerivativeT" value="0.000000" />
  <attribute name="DerivativeI" value="0.000000" />
  <attribute name="DerivativeH" value="0.000000" />
  <attribute name="Loop Time for DT" value="1.000000" />
  <attribute name="Output H" value="8388608"/>
  <attribute name="Output I" value="200"/>
  <attribute name="Output T" value="4"/>
  <attribute name="Target GC Util Change" value ="20.000000" />
  <attribute name="Current GC Util Change" value="42.000000"/>
  <attribute name="GC Util currently" value="42" />
  <attribute name="CPU Util currently" value="5445642619066" />
<allocation-satisfied id="1127" threadId="0000000000769700" bytesRequested="66168" />
<af-end id="1128" timestamp="2019-06-16T18:48:42.951" threadId="000000000076A088" success="true" from="nursery"/>
<exclusive-end id="1129" timestamp="2019-06-16T18:48:42.951" durationms="0.668" />

<exclusive-start id="1130" timestamp="2019-06-16T18:48:42.952" intervalms="0.845">
  <response-info timems="0.019" idlems="0.019" threads="0" lastid="0000000000769700" lastname="main" />
</exclusive-start>
<af-start id="1131" threadId="000000000076A088" totalBytesRequested="133168" timestamp="2019-06-16T18:48:42.952" intervalms="0.845" type="nursery" />
<cycle-start id="1132" type="scavenge" contextid="0" timestamp="2019-06-16T18:48:42.952" intervalms="0.845" />
<gc-start id="1133" type="scavenge" contextid="1132" timestamp="2019-06-16T18:48:42.952">
  <mem-info id="1134" free="4982584" total="8388608" percent="59">
    <mem type="nursery" free="141904" total="2097152" percent="6">
      <mem type="allocate" free="141904" total="1835008" percent="7" />
      <mem type="survivor" free="0" total="262144" percent="0" />
    </mem>
    <mem type="tenure" free="4840680" total="6291456" percent="76">
      <mem type="soa" free="4526312" total="5977088" percent="75" />
      <mem type="loa" free="314368" total="314368" percent="100" />
    </mem>
    <remembered-set count="56" />
  </mem-info>
</gc-start>
<allocation-stats totalBytes="1521608" >
  <allocated-bytes non-tlh="1460168" tlh="61440" />
  <largest-consumer threadName="main" threadId="0000000000769700" bytes="1521608" />
</allocation-stats>
<gc-op id="1135" type="scavenge" timems="0.121" contextid="1132" timestamp="2019-06-16T18:48:42.952">
  <scavenger-info tenureage="14" tenuremask="4000" tiltratio="87" />
  <memory-copied type="nursery" objects="2" bytes="66616" bytesdiscarded="39144" />
</gc-op>
<gc-end id="1136" type="scavenge" contextid="1132" durationms="0.280" usertimems="0.000" systemtimems="0.000" timestamp="2019-06-16T18:48:42.952" activeThreads="4">
  <mem-info id="1137" free="6569928" total="8388608" percent="78">
    <mem type="nursery" free="1729248" total="2097152" percent="82">
      <mem type="allocate" free="1729248" total="1835008" percent="94" />
      <mem type="survivor" free="0" total="262144" percent="0" />
    </mem>
    <mem type="tenure" free="4840680" total="6291456" percent="76">
      <mem type="soa" free="4526312" total="5977088" percent="75" />
      <mem type="loa" free="314368" total="314368" percent="100" />
    </mem>
    <remembered-set count="56" />
  </mem-info>
</gc-end>
<cycle-end id="1138" type="scavenge" contextid="1132" timestamp="2019-06-16T18:48:42.952" />
  <attribute name="elasticGC enabled" value="1" />
  <attribute name= "numThreadsSpecified" value="4" />
  <attribute name="heapSize specified" value="0" />
  <attribute name="Current GC Util" value="42" />
  <attribute name= "Current Time Running" value="823" />
  <attribute name ="GC Interval" value="200" />
  <attribute name="ProportionalT" value="22.000000" />
  <attribute name="ProportionalI" value="22.000000" />
  <attribute name="ProportionalH" value="22.000000" />
  <attribute name="Current Error" value="22.000000" />
  <attribute name="IntegralT" value="0.000000" />
  <attribute name="IntegralI" value="0.000000" />
  <attribute name="IntegralH" value="0.000000" />
  <attribute name="DerivativeT" value="-nan" />
  <attribute name="DerivativeI" value="-nan" />
  <attribute name="DerivativeH" value="-nan" />
  <attribute name="Loop Time for DT" value="0.000000" />
  <attribute name="Output H" value="2092630016"/>
  <attribute name="Output I" value="200"/>
  <attribute name="Output T" value="4"/>
  <attribute name="Target GC Util Change" value ="20.000000" />
  <attribute name="Current GC Util Change" value="42.000000"/>
  <attribute name="GC Util currently" value="42" />
  <attribute name="CPU Util currently" value="5450134746783" />
<allocation-satisfied id="1139" threadId="0000000000769700" bytesRequested="133168" />
<af-end id="1140" timestamp="2019-06-16T18:48:42.952" threadId="000000000076A088" success="true" from="nursery"/>
<exclusive-end id="1141" timestamp="2019-06-16T18:48:42.952" durationms="0.663" />

<exclusive-start id="1142" timestamp="2019-06-16T18:48:42.952" intervalms="0.823">
  <response-info timems="0.020" idlems="0.020" threads="0" lastid="0000000000769700" lastname="main" />
</exclusive-start>
<af-start id="1143" threadId="000000000076A088" totalBytesRequested="133856" timestamp="2019-06-16T18:48:42.953" intervalms="0.821" type="nursery" />
<cycle-start id="1144" type="scavenge" contextid="0" timestamp="2019-06-16T18:48:42.953" intervalms="0.822" />
<gc-start id="1145" type="scavenge" contextid="1144" timestamp="2019-06-16T18:48:42.953">
  <mem-info id="1146" free="4907168" total="8388608" percent="58">
    <mem type="nursery" free="66488" total="2097152" percent="3">
      <mem type="allocate" free="66488" total="1835008" percent="3" />
      <mem type="survivor" free="0" total="262144" percent="0" />
    </mem>
    <mem type="tenure" free="4840680" total="6291456" percent="76">
      <mem type="soa" free="4526312" total="5977088" percent="75" />
      <mem type="loa" free="314368" total="314368" percent="100" />
    </mem>
    <remembered-set count="56" />
  </mem-info>
</gc-start>
<allocation-stats totalBytes="1662760" >
  <allocated-bytes non-tlh="1601320" tlh="61440" />
  <largest-consumer threadName="main" threadId="0000000000769700" bytes="1662760" />
</allocation-stats>
<gc-op id="1147" type="scavenge" timems="0.136" contextid="1144" timestamp="2019-06-16T18:48:42.953">
  <scavenger-info tenureage="14" tenuremask="4000" tiltratio="87" />
  <memory-copied type="nursery" objects="2" bytes="66952" bytesdiscarded="39144" />
</gc-op>
<gc-end id="1148" type="scavenge" contextid="1144" durationms="0.297" usertimems="0.000" systemtimems="0.000" timestamp="2019-06-16T18:48:42.953" activeThreads="4">
  <mem-info id="1149" free="6569592" total="8388608" percent="78">
    <mem type="nursery" free="1728912" total="2097152" percent="82">
      <mem type="allocate" free="1728912" total="1835008" percent="94" />
      <mem type="survivor" free="0" total="262144" percent="0" />
    </mem>
    <mem type="tenure" free="4840680" total="6291456" percent="76">
      <mem type="soa" free="4526312" total="5977088" percent="75" />
      <mem type="loa" free="314368" total="314368" percent="100" />
    </mem>
    <remembered-set count="56" />
  </mem-info>
</gc-end>
<cycle-end id="1150" type="scavenge" contextid="1144" timestamp="2019-06-16T18:48:42.953" />
  <attribute name="elasticGC enabled" value="1" />
  <attribute name= "numThreadsSpecified" value="4" />
  <attribute name="heapSize specified" value="0" />
  <attribute name="Current GC Util" value="42" />
  <attribute name= "Current Time Running" value="824" />
  <attribute name ="GC Interval" value="200" />
  <attribute name="ProportionalT" value="22.000000" />
  <attribute name="ProportionalI" value="22.000000" />
  <attribute name="ProportionalH" value="22.000000" />
  <attribute name="Current Error" value="22.000000" />
  <attribute name="IntegralT" value="22.000000" />
  <attribute name="IntegralI" value="22.000000" />
  <attribute name="IntegralH" value="22.000000" />
  <attribute name="DerivativeT" value="0.000000" />
  <attribute name="DerivativeI" value="0.000000" />
  <attribute name="DerivativeH" value="0.000000" />
  <attribute name="Loop Time for DT" value="1.000000" />
  <attribute name="Output H" value="8388608"/>
  <attribute name="Output I" value="200"/>
  <attribute name="Output T" value="4"/>
  <attribute name="Target GC Util Change" value ="20.000000" />
  <attribute name="Current GC Util Change" value="42.000000"/>
  <attribute name="GC Util currently" value="42" />
  <attribute name="CPU Util currently" value="5609607066104" />
<allocation-satisfied id="1151" threadId="0000000000769700" bytesRequested="133856" />
<af-end id="1152" timestamp="2019-06-16T18:48:42.953" threadId="000000000076A088" success="true" from="nursery"/>
<exclusive-end id="1153" timestamp="2019-06-16T18:48:42.953" durationms="0.678" />

<exclusive-start id="1154" timestamp="2019-06-16T18:48:42.953" intervalms="0.837">
  <response-info timems="0.020" idlems="0.020" threads="0" lastid="0000000000769700" lastname="main" />
</exclusive-start>
<af-start id="1155" threadId="000000000076A088" totalBytesRequested="134552" timestamp="2019-06-16T18:48:42.953" intervalms="0.839" type="nursery" />
<cycle-start id="1156" type="scavenge" contextid="0" timestamp="2019-06-16T18:48:42.953" intervalms="0.837" />
<gc-start id="1157" type="scavenge" contextid="1156" timestamp="2019-06-16T18:48:42.953">
  <mem-info id="1158" free="4898448" total="8388608" percent="58">
    <mem type="nursery" free="57768" total="2097152" percent="2">
      <mem type="allocate" free="57768" total="1835008" percent="3" />
      <mem type="survivor" free="0" total="262144" percent="0" />
    </mem>
    <mem type="tenure" free="4840680" total="6291456" percent="76">
      <mem type="soa" free="4526312" total="5977088" percent="75" />
      <mem type="loa" free="314368" total="314368" percent="100" />
    </mem>
    <remembered-set count="56" />
  </mem-info>
</gc-start>
<allocation-stats totalBytes="1671144" >
  <allocated-bytes non-tlh="1609704" tlh="61440" />
  <largest-consumer threadName="main" threadId="0000000000769700" bytes="1671144" />
</allocation-stats>
<gc-op id="1159" type="scavenge" timems="0.130" contextid="1156" timestamp="2019-06-16T18:48:42.954">
  <scavenger-info tenureage="14" tenuremask="4000" tiltratio="87" />
  <memory-copied type="nursery" objects="2" bytes="67304" bytesdiscarded="39144" />
</gc-op>
<gc-end id="1160" type="scavenge" contextid="1156" durationms="0.288" usertimems="0.000" systemtimems="0.000" timestamp="2019-06-16T18:48:42.954" activeThreads="4">
  <mem-info id="1161" free="6569240" total="8388608" percent="78">
    <mem type="nursery" free="1728560" total="2097152" percent="82">
      <mem type="allocate" free="1728560" total="1835008" percent="94" />
      <mem type="survivor" free="0" total="262144" percent="0" />
    </mem>
    <mem type="tenure" free="4840680" total="6291456" percent="76">
      <mem type="soa" free="4526312" total="5977088" percent="75" />
      <mem type="loa" free="314368" total="314368" percent="100" />
    </mem>
    <remembered-set count="56" />
  </mem-info>
</gc-end>
<cycle-end id="1162" type="scavenge" contextid="1156" timestamp="2019-06-16T18:48:42.954" />
  <attribute name="elasticGC enabled" value="1" />
  <attribute name= "numThreadsSpecified" value="4" />
  <attribute name="heapSize specified" value="0" />
  <attribute name="Current GC Util" value="42" />
  <attribute name= "Current Time Running" value="825" />
  <attribute name ="GC Interval" value="200" />
  <attribute name="ProportionalT" value="22.000000" />
  <attribute name="ProportionalI" value="22.000000" />
  <attribute name="ProportionalH" value="22.000000" />
  <attribute name="Current Error" value="22.000000" />
  <attribute name="IntegralT" value="22.000000" />
  <attribute name="IntegralI" value="22.000000" />
  <attribute name="IntegralH" value="22.000000" />
  <attribute name="DerivativeT" value="0.000000" />
  <attribute name="DerivativeI" value="0.000000" />
  <attribute name="DerivativeH" value="0.000000" />
  <attribute name="Loop Time for DT" value="1.000000" />
  <attribute name="Output H" value="8388608"/>
  <attribute name="Output I" value="200"/>
  <attribute name="Output T" value="4"/>
  <attribute name="Target GC Util Change" value ="20.000000" />
  <attribute name="Current GC Util Change" value="42.000000"/>
  <attribute name="GC Util currently" value="42" />
  <attribute name="CPU Util currently" value="5521469607186" />
<allocation-satisfied id="1163" threadId="0000000000769700" bytesRequested="134552" />
<af-end id="1164" timestamp="2019-06-16T18:48:42.954" threadId="000000000076A088" success="true" from="nursery"/>
<exclusive-end id="1165" timestamp="2019-06-16T18:48:42.954" durationms="0.669" />

<exclusive-start id="1166" timestamp="2019-06-16T18:48:42.954" intervalms="0.827">
  <response-info timems="0.019" idlems="0.019" threads="0" lastid="0000000000769700" lastname="main" />
</exclusive-start>
<af-start id="1167" threadId="000000000076A088" totalBytesRequested="135376" timestamp="2019-06-16T18:48:42.954" intervalms="0.827" type="nursery" />
<cycle-start id="1168" type="scavenge" contextid="0" timestamp="2019-06-16T18:48:42.954" intervalms="0.828" />
<gc-start id="1169" type="scavenge" contextid="1168" timestamp="2019-06-16T18:48:42.954">
  <mem-info id="1170" free="4888816" total="8388608" percent="58">
    <mem type="nursery" free="48136" total="2097152" percent="2">
      <mem type="allocate" free="48136" total="1835008" percent="2" />
      <mem type="survivor" free="0" total="262144" percent="0" />
    </mem>
    <mem type="tenure" free="4840680" total="6291456" percent="76">
      <mem type="soa" free="4526312" total="5977088" percent="75" />
      <mem type="loa" free="314368" total="314368" percent="100" />
    </mem>
    <remembered-set count="56" />
  </mem-info>
</gc-start>
<allocation-stats totalBytes="1680424" >
  <allocated-bytes non-tlh="1618984" tlh="61440" />
  <largest-consumer threadName="main" threadId="0000000000769700" bytes="1680424" />
</allocation-stats>
<gc-op id="1171" type="scavenge" timems="0.131" contextid="1168" timestamp="2019-06-16T18:48:42.955">
  <scavenger-info tenureage="14" tenuremask="4000" tiltratio="87" />
  <memory-copied type="nursery" objects="2" bytes="67720" bytesdiscarded="39144" />
</gc-op>
<gc-end id="1172" type="scavenge" contextid="1168" durationms="0.289" usertimems="4.000" systemtimems="0.000" timestamp="2019-06-16T18:48:42.955" activeThreads="4">
  <mem-info id="1173" free="6568824" total="8388608" percent="78">
    <mem type="nursery" free="1728144" total="2097152" percent="82">
      <mem type="allocate" free="1728144" total="1835008" percent="94" />
      <mem type="survivor" free="0" total="262144" percent="0" />
    </mem>
    <mem type="tenure" free="4840680" total="6291456" percent="76">
      <mem type="soa" free="4526312" total="5977088" percent="75" />
      <mem type="loa" free="314368" total="314368" percent="100" />
    </mem>
    <remembered-set count="56" />
  </mem-info>
</gc-end>
<cycle-end id="1174" type="scavenge" contextid="1168" timestamp="2019-06-16T18:48:42.955" />
  <attribute name="elasticGC enabled" value="1" />
  <attribute name= "numThreadsSpecified" value="4" />
  <attribute name="heapSize specified" value="0" />
  <attribute name="Current GC Util" value="42" />
  <attribute name= "Current Time Running" value="826" />
  <attribute name ="GC Interval" value="200" />
  <attribute name="ProportionalT" value="22.000000" />
  <attribute name="ProportionalI" value="22.000000" />
  <attribute name="ProportionalH" value="22.000000" />
  <attribute name="Current Error" value="22.000000" />
  <attribute name="IntegralT" value="22.000000" />
  <attribute name="IntegralI" value="22.000000" />
  <attribute name="IntegralH" value="22.000000" />
  <attribute name="DerivativeT" value="0.000000" />
  <attribute name="DerivativeI" value="0.000000" />
  <attribute name="DerivativeH" value="0.000000" />
  <attribute name="Loop Time for DT" value="1.000000" />
  <attribute name="Output H" value="8388608"/>
  <attribute name="Output I" value="200"/>
  <attribute name="Output T" value="4"/>
  <attribute name="Target GC Util Change" value ="20.000000" />
  <attribute name="Current GC Util Change" value="42.000000"/>
  <attribute name="GC Util currently" value="42" />
  <attribute name="CPU Util currently" value="5564601820397" />
<allocation-satisfied id="1175" threadId="0000000000769700" bytesRequested="135376" />
<af-end id="1176" timestamp="2019-06-16T18:48:42.955" threadId="000000000076A088" success="true" from="nursery"/>
<exclusive-end id="1177" timestamp="2019-06-16T18:48:42.955" durationms="0.669" />

<exclusive-start id="1178" timestamp="2019-06-16T18:48:42.955" intervalms="0.829">
  <response-info timems="0.020" idlems="0.020" threads="0" lastid="0000000000769700" lastname="main" />
</exclusive-start>
<af-start id="1179" threadId="000000000076A088" totalBytesRequested="136160" timestamp="2019-06-16T18:48:42.955" intervalms="0.828" type="nursery" />
<cycle-start id="1180" type="scavenge" contextid="0" timestamp="2019-06-16T18:48:42.955" intervalms="0.828" />
<gc-start id="1181" type="scavenge" contextid="1180" timestamp="2019-06-16T18:48:42.955">
  <mem-info id="1182" free="4878896" total="8388608" percent="58">
    <mem type="nursery" free="38216" total="2097152" percent="1">
      <mem type="allocate" free="38216" total="1835008" percent="2" />
      <mem type="survivor" free="0" total="262144" percent="0" />
    </mem>
    <mem type="tenure" free="4840680" total="6291456" percent="76">
      <mem type="soa" free="4526312" total="5977088" percent="75" />
      <mem type="loa" free="314368" total="314368" percent="100" />
    </mem>
    <remembered-set count="56" />
  </mem-info>
</gc-start>
<allocation-stats totalBytes="1689928" >
  <allocated-bytes non-tlh="1628488" tlh="61440" />
  <largest-consumer threadName="main" threadId="0000000000769700" bytes="1689928" />
</allocation-stats>
<gc-op id="1183" type="scavenge" timems="0.131" contextid="1180" timestamp="2019-06-16T18:48:42.955">
  <scavenger-info tenureage="14" tenuremask="4000" tiltratio="87" />
  <memory-copied type="nursery" objects="2" bytes="68104" bytesdiscarded="39144" />
</gc-op>
<gc-end id="1184" type="scavenge" contextid="1180" durationms="0.291" usertimems="0.000" systemtimems="0.000" timestamp="2019-06-16T18:48:42.955" activeThreads="4">
  <mem-info id="1185" free="6568440" total="8388608" percent="78">
    <mem type="nursery" free="1727760" total="2097152" percent="82">
      <mem type="allocate" free="1727760" total="1835008" percent="94" />
      <mem type="survivor" free="0" total="262144" percent="0" />
    </mem>
    <mem type="tenure" free="4840680" total="6291456" percent="76">
      <mem type="soa" free="4526312" total="5977088" percent="75" />
      <mem type="loa" free="314368" total="314368" percent="100" />
    </mem>
    <remembered-set count="56" />
  </mem-info>
</gc-end>
<cycle-end id="1186" type="scavenge" contextid="1180" timestamp="2019-06-16T18:48:42.955" />
  <attribute name="elasticGC enabled" value="1" />
  <attribute name= "numThreadsSpecified" value="4" />
  <attribute name="heapSize specified" value="0" />
  <attribute name="Current GC Util" value="42" />
  <attribute name= "Current Time Running" value="827" />
  <attribute name ="GC Interval" value="200" />
  <attribute name="ProportionalT" value="22.000000" />
  <attribute name="ProportionalI" value="22.000000" />
  <attribute name="ProportionalH" value="22.000000" />
  <attribute name="Current Error" value="22.000000" />
  <attribute name="IntegralT" value="22.000000" />
  <attribute name="IntegralI" value="22.000000" />
  <attribute name="IntegralH" value="22.000000" />
  <attribute name="DerivativeT" value="0.000000" />
  <attribute name="DerivativeI" value="0.000000" />
  <attribute name="DerivativeH" value="0.000000" />
  <attribute name="Loop Time for DT" value="1.000000" />
  <attribute name="Output H" value="8388608"/>
  <attribute name="Output I" value="200"/>
  <attribute name="Output T" value="4"/>
  <attribute name="Target GC Util Change" value ="20.000000" />
  <attribute name="Current GC Util Change" value="42.000000"/>
  <attribute name="GC Util currently" value="42" />
  <attribute name="CPU Util currently" value="5565528564562" />
<allocation-satisfied id="1187" threadId="0000000000769700" bytesRequested="136160" />
<af-end id="1188" timestamp="2019-06-16T18:48:42.956" threadId="000000000076A088" success="true" from="nursery"/>
<exclusive-end id="1189" timestamp="2019-06-16T18:48:42.956" durationms="0.658" />

<exclusive-start id="1190" timestamp="2019-06-16T18:48:42.956" intervalms="0.822">
  <response-info timems="0.020" idlems="0.020" threads="0" lastid="0000000000769700" lastname="main" />
</exclusive-start>
<af-start id="1191" threadId="000000000076A088" totalBytesRequested="136968" timestamp="2019-06-16T18:48:42.956" intervalms="0.823" type="nursery" />
<cycle-start id="1192" type="scavenge" contextid="0" timestamp="2019-06-16T18:48:42.956" intervalms="0.824" />
<gc-start id="1193" type="scavenge" contextid="1192" timestamp="2019-06-16T18:48:42.956">
  <mem-info id="1194" free="4869272" total="8388608" percent="58">
    <mem type="nursery" free="28592" total="2097152" percent="1">
      <mem type="allocate" free="28592" total="1835008" percent="1" />
      <mem type="survivor" free="0" total="262144" percent="0" />
    </mem>
    <mem type="tenure" free="4840680" total="6291456" percent="76">
      <mem type="soa" free="4526312" total="5977088" percent="75" />
      <mem type="loa" free="314368" total="314368" percent="100" />
    </mem>
    <remembered-set count="56" />
  </mem-info>
</gc-start>
<allocation-stats totalBytes="1699168" >
  <allocated-bytes non-tlh="1637728" tlh="61440" />
  <largest-consumer threadName="main" threadId="0000000000769700" bytes="1699168" />
</allocation-stats>
<gc-op id="1195" type="scavenge" timems="0.132" contextid="1192" timestamp="2019-06-16T18:48:42.956">
  <scavenger-info tenureage="14" tenuremask="4000" tiltratio="87" />
  <memory-copied type="nursery" objects="2" bytes="68512" bytesdiscarded="39144" />
</gc-op>
<gc-end id="1196" type="scavenge" contextid="1192" durationms="0.290" usertimems="0.000" systemtimems="0.000" timestamp="2019-06-16T18:48:42.956" activeThreads="4">
  <mem-info id="1197" free="6568032" total="8388608" percent="78">
    <mem type="nursery" free="1727352" total="2097152" percent="82">
      <mem type="allocate" free="1727352" total="1835008" percent="94" />
      <mem type="survivor" free="0" total="262144" percent="0" />
    </mem>
    <mem type="tenure" free="4840680" total="6291456" percent="76">
      <mem type="soa" free="4526312" total="5977088" percent="75" />
      <mem type="loa" free="314368" total="314368" percent="100" />
    </mem>
    <remembered-set count="56" />
  </mem-info>
</gc-end>
<cycle-end id="1198" type="scavenge" contextid="1192" timestamp="2019-06-16T18:48:42.956" />
  <attribute name="elasticGC enabled" value="1" />
  <attribute name= "numThreadsSpecified" value="4" />
  <attribute name="heapSize specified" value="0" />
  <attribute name="Current GC Util" value="43" />
  <attribute name= "Current Time Running" value="828" />
  <attribute name ="GC Interval" value="200" />
  <attribute name="ProportionalT" value="23.000000" />
  <attribute name="ProportionalI" value="23.000000" />
  <attribute name="ProportionalH" value="23.000000" />
  <attribute name="Current Error" value="23.000000" />
  <attribute name="IntegralT" value="23.000000" />
  <attribute name="IntegralI" value="23.000000" />
  <attribute name="IntegralH" value="23.000000" />
  <attribute name="DerivativeT" value="0.500000" />
  <attribute name="DerivativeI" value="0.500000" />
  <attribute name="DerivativeH" value="0.500000" />
  <attribute name="Loop Time for DT" value="1.000000" />
  <attribute name="Output H" value="8388608"/>
  <attribute name="Output I" value="200"/>
  <attribute name="Output T" value="4"/>
  <attribute name="Target GC Util Change" value ="20.000000" />
  <attribute name="Current GC Util Change" value="43.000000"/>
  <attribute name="GC Util currently" value="43" />
  <attribute name="CPU Util currently" value="5598153427153" />
<allocation-satisfied id="1199" threadId="0000000000769700" bytesRequested="136968" />
<af-end id="1200" timestamp="2019-06-16T18:48:42.956" threadId="000000000076A088" success="true" from="nursery"/>
<exclusive-end id="1201" timestamp="2019-06-16T18:48:42.956" durationms="0.670" />

<exclusive-start id="1202" timestamp="2019-06-16T18:48:42.957" intervalms="0.831">
  <response-info timems="0.021" idlems="0.021" threads="0" lastid="0000000000769700" lastname="main" />
</exclusive-start>
<af-start id="1203" threadId="000000000076A088" totalBytesRequested="137768" timestamp="2019-06-16T18:48:42.957" intervalms="0.833" type="nursery" />
<cycle-start id="1204" type="scavenge" contextid="0" timestamp="2019-06-16T18:48:42.957" intervalms="0.833" />
<gc-start id="1205" type="scavenge" contextid="1204" timestamp="2019-06-16T18:48:42.957">
  <mem-info id="1206" free="4859072" total="8388608" percent="57">
    <mem type="nursery" free="18392" total="2097152" percent="0">
      <mem type="allocate" free="18392" total="1835008" percent="1" />
      <mem type="survivor" free="0" total="262144" percent="0" />
    </mem>
    <mem type="tenure" free="4840680" total="6291456" percent="76">
      <mem type="soa" free="4526312" total="5977088" percent="75" />
      <mem type="loa" free="314368" total="314368" percent="100" />
    </mem>
    <remembered-set count="56" />
  </mem-info>
</gc-start>
<allocation-stats totalBytes="1708960" >
  <allocated-bytes non-tlh="1647520" tlh="61440" />
  <largest-consumer threadName="main" threadId="0000000000769700" bytes="1708960" />
</allocation-stats>
<gc-op id="1207" type="scavenge" timems="0.127" contextid="1204" timestamp="2019-06-16T18:48:42.957">
  <scavenger-info tenureage="14" tenuremask="4000" tiltratio="87" />
  <memory-copied type="nursery" objects="2" bytes="68912" bytesdiscarded="39144" />
</gc-op>
<gc-end id="1208" type="scavenge" contextid="1204" durationms="0.292" usertimems="0.000" systemtimems="0.000" timestamp="2019-06-16T18:48:42.957" activeThreads="4">
  <mem-info id="1209" free="6567632" total="8388608" percent="78">
    <mem type="nursery" free="1726952" total="2097152" percent="82">
      <mem type="allocate" free="1726952" total="1835008" percent="94" />
      <mem type="survivor" free="0" total="262144" percent="0" />
    </mem>
    <mem type="tenure" free="4840680" total="6291456" percent="76">
      <mem type="soa" free="4526312" total="5977088" percent="75" />
      <mem type="loa" free="314368" total="314368" percent="100" />
    </mem>
    <remembered-set count="56" />
  </mem-info>
</gc-end>
<cycle-end id="1210" type="scavenge" contextid="1204" timestamp="2019-06-16T18:48:42.957" />
  <attribute name="elasticGC enabled" value="1" />
  <attribute name= "numThreadsSpecified" value="4" />
  <attribute name="heapSize specified" value="0" />
  <attribute name="Current GC Util" value="42" />
  <attribute name= "Current Time Running" value="828" />
  <attribute name ="GC Interval" value="200" />
  <attribute name="ProportionalT" value="22.000000" />
  <attribute name="ProportionalI" value="22.000000" />
  <attribute name="ProportionalH" value="22.000000" />
  <attribute name="Current Error" value="22.000000" />
  <attribute name="IntegralT" value="0.000000" />
  <attribute name="IntegralI" value="0.000000" />
  <attribute name="IntegralH" value="0.000000" />
  <attribute name="DerivativeT" value="-inf" />
  <attribute name="DerivativeI" value="-inf" />
  <attribute name="DerivativeH" value="-inf" />
  <attribute name="Loop Time for DT" value="0.000000" />
  <attribute name="Output H" value="2092630016"/>
  <attribute name="Output I" value="200"/>
  <attribute name="Output T" value="4"/>
  <attribute name="Target GC Util Change" value ="20.000000" />
  <attribute name="Current GC Util Change" value="42.000000"/>
  <attribute name="GC Util currently" value="42" />
  <attribute name="CPU Util currently" value="5501714949572" />
<allocation-satisfied id="1211" threadId="0000000000769700" bytesRequested="137768" />
<af-end id="1212" timestamp="2019-06-16T18:48:42.957" threadId="000000000076A088" success="true" from="nursery"/>
<exclusive-end id="1213" timestamp="2019-06-16T18:48:42.957" durationms="0.749" />

<exclusive-start id="1214" timestamp="2019-06-16T18:48:42.958" intervalms="0.914">
  <response-info timems="0.025" idlems="0.025" threads="0" lastid="0000000000769700" lastname="main" />
</exclusive-start>
<af-start id="1215" threadId="000000000076A088" totalBytesRequested="138480" timestamp="2019-06-16T18:48:42.958" intervalms="0.914" type="nursery" />
<cycle-start id="1216" type="scavenge" contextid="0" timestamp="2019-06-16T18:48:42.958" intervalms="0.948" />
<gc-start id="1217" type="scavenge" contextid="1216" timestamp="2019-06-16T18:48:42.958">
  <mem-info id="1218" free="4849432" total="8388608" percent="57">
    <mem type="nursery" free="8752" total="2097152" percent="0">
      <mem type="allocate" free="8752" total="1835008" percent="0" />
      <mem type="survivor" free="0" total="262144" percent="0" />
    </mem>
    <mem type="tenure" free="4840680" total="6291456" percent="76">
      <mem type="soa" free="4526312" total="5977088" percent="75" />
      <mem type="loa" free="314368" total="314368" percent="100" />
    </mem>
    <remembered-set count="56" />
  </mem-info>
</gc-start>
<allocation-stats totalBytes="1718200" >
  <allocated-bytes non-tlh="1656760" tlh="61440" />
  <largest-consumer threadName="main" threadId="0000000000769700" bytes="1718200" />
</allocation-stats>
<gc-op id="1219" type="scavenge" timems="0.146" contextid="1216" timestamp="2019-06-16T18:48:42.958">
  <scavenger-info tenureage="14" tenuremask="4000" tiltratio="87" />
  <memory-copied type="nursery" objects="2" bytes="69264" bytesdiscarded="39144" />
</gc-op>
<gc-end id="1220" type="scavenge" contextid="1216" durationms="0.305" usertimems="0.000" systemtimems="0.000" timestamp="2019-06-16T18:48:42.958" activeThreads="4">
  <mem-info id="1221" free="6567280" total="8388608" percent="78">
    <mem type="nursery" free="1726600" total="2097152" percent="82">
      <mem type="allocate" free="1726600" total="1835008" percent="94" />
      <mem type="survivor" free="0" total="262144" percent="0" />
    </mem>
    <mem type="tenure" free="4840680" total="6291456" percent="76">
      <mem type="soa" free="4526312" total="5977088" percent="75" />
      <mem type="loa" free="314368" total="314368" percent="100" />
    </mem>
    <remembered-set count="56" />
  </mem-info>
</gc-end>
<cycle-end id="1222" type="scavenge" contextid="1216" timestamp="2019-06-16T18:48:42.958" />
  <attribute name="elasticGC enabled" value="1" />
  <attribute name= "numThreadsSpecified" value="4" />
  <attribute name="heapSize specified" value="0" />
  <attribute name="Current GC Util" value="37" />
  <attribute name= "Current Time Running" value="829" />
  <attribute name ="GC Interval" value="200" />
  <attribute name="ProportionalT" value="17.000000" />
  <attribute name="ProportionalI" value="17.000000" />
  <attribute name="ProportionalH" value="17.000000" />
  <attribute name="Current Error" value="17.000000" />
  <attribute name="IntegralT" value="17.000000" />
  <attribute name="IntegralI" value="17.000000" />
  <attribute name="IntegralH" value="17.000000" />
  <attribute name="DerivativeT" value="-2.500000" />
  <attribute name="DerivativeI" value="-2.500000" />
  <attribute name="DerivativeH" value="-2.500000" />
  <attribute name="Loop Time for DT" value="1.000000" />
  <attribute name="Output H" value="8388608"/>
  <attribute name="Output I" value="200"/>
  <attribute name="Output T" value="4"/>
  <attribute name="Target GC Util Change" value ="20.000000" />
  <attribute name="Current GC Util Change" value="37.000000"/>
  <attribute name="GC Util currently" value="37" />
  <attribute name="CPU Util currently" value="4886575431341" />
<allocation-satisfied id="1223" threadId="0000000000769700" bytesRequested="138480" />
<af-end id="1224" timestamp="2019-06-16T18:48:42.958" threadId="000000000076A088" success="true" from="nursery"/>
<exclusive-end id="1225" timestamp="2019-06-16T18:48:42.958" durationms="0.721" />

<exclusive-start id="1226" timestamp="2019-06-16T18:48:42.958" intervalms="0.878">
  <response-info timems="0.020" idlems="0.020" threads="0" lastid="0000000000769700" lastname="main" />
</exclusive-start>
<af-start id="1227" threadId="000000000076A088" totalBytesRequested="69608" timestamp="2019-06-16T18:48:42.958" intervalms="0.875" type="nursery" />
<cycle-start id="1228" type="scavenge" contextid="0" timestamp="2019-06-16T18:48:42.959" intervalms="0.843" />
<gc-start id="1229" type="scavenge" contextid="1228" timestamp="2019-06-16T18:48:42.959">
  <mem-info id="1230" free="4909872" total="8388608" percent="58">
    <mem type="nursery" free="69192" total="2097152" percent="3">
      <mem type="allocate" free="69192" total="1835008" percent="3" />
      <mem type="survivor" free="0" total="262144" percent="0" />
    </mem>
    <mem type="tenure" free="4840680" total="6291456" percent="76">
      <mem type="soa" free="4526312" total="5977088" percent="75" />
      <mem type="loa" free="314368" total="314368" percent="100" />
    </mem>
    <remembered-set count="56" />
  </mem-info>
</gc-start>
<allocation-stats totalBytes="1657408" >
  <allocated-bytes non-tlh="1595968" tlh="61440" />
  <largest-consumer threadName="main" threadId="0000000000769700" bytes="1657408" />
</allocation-stats>
<gc-op id="1231" type="scavenge" timems="0.121" contextid="1228" timestamp="2019-06-16T18:48:42.959">
  <scavenger-info tenureage="14" tenuremask="4000" tiltratio="87" />
  <memory-copied type="nursery" objects="4" bytes="69688" bytesdiscarded="39088" />
</gc-op>
<gc-end id="1232" type="scavenge" contextid="1228" durationms="0.279" usertimems="0.000" systemtimems="0.000" timestamp="2019-06-16T18:48:42.959" activeThreads="4">
  <mem-info id="1233" free="6566912" total="8388608" percent="78">
    <mem type="nursery" free="1726232" total="2097152" percent="82">
      <mem type="allocate" free="1726232" total="1835008" percent="94" />
      <mem type="survivor" free="0" total="262144" percent="0" />
    </mem>
    <mem type="tenure" free="4840680" total="6291456" percent="76">
      <mem type="soa" free="4526312" total="5977088" percent="75" />
      <mem type="loa" free="314368" total="314368" percent="100" />
    </mem>
    <remembered-set count="56" />
  </mem-info>
</gc-end>
<cycle-end id="1234" type="scavenge" contextid="1228" timestamp="2019-06-16T18:48:42.959" />
  <attribute name="elasticGC enabled" value="1" />
  <attribute name= "numThreadsSpecified" value="4" />
  <attribute name="heapSize specified" value="0" />
  <attribute name="Current GC Util" value="42" />
  <attribute name= "Current Time Running" value="830" />
  <attribute name ="GC Interval" value="200" />
  <attribute name="ProportionalT" value="22.000000" />
  <attribute name="ProportionalI" value="22.000000" />
  <attribute name="ProportionalH" value="22.000000" />
  <attribute name="Current Error" value="22.000000" />
  <attribute name="IntegralT" value="22.000000" />
  <attribute name="IntegralI" value="22.000000" />
  <attribute name="IntegralH" value="22.000000" />
  <attribute name="DerivativeT" value="2.500000" />
  <attribute name="DerivativeI" value="2.500000" />
  <attribute name="DerivativeH" value="2.500000" />
  <attribute name="Loop Time for DT" value="1.000000" />
  <attribute name="Output H" value="8388608"/>
  <attribute name="Output I" value="200"/>
  <attribute name="Output T" value="4"/>
  <attribute name="Target GC Util Change" value ="20.000000" />
  <attribute name="Current GC Util Change" value="42.000000"/>
  <attribute name="GC Util currently" value="42" />
  <attribute name="CPU Util currently" value="5481065168760" />
<allocation-satisfied id="1235" threadId="0000000000769700" bytesRequested="69608" />
<af-end id="1236" timestamp="2019-06-16T18:48:42.959" threadId="000000000076A088" success="true" from="nursery"/>
<exclusive-end id="1237" timestamp="2019-06-16T18:48:42.959" durationms="0.662" />

<exclusive-start id="1238" timestamp="2019-06-16T18:48:42.959" intervalms="0.820">
  <response-info timems="0.020" idlems="0.020" threads="0" lastid="0000000000769700" lastname="main" />
</exclusive-start>
<af-start id="1239" threadId="000000000076A088" totalBytesRequested="69968" timestamp="2019-06-16T18:48:42.959" intervalms="0.820" type="nursery" />
<cycle-start id="1240" type="scavenge" contextid="0" timestamp="2019-06-16T18:48:42.959" intervalms="0.817" />
<gc-start id="1241" type="scavenge" contextid="1240" timestamp="2019-06-16T18:48:42.959">
  <mem-info id="1242" free="4901512" total="8388608" percent="58">
    <mem type="nursery" free="60832" total="2097152" percent="2">
      <mem type="allocate" free="60832" total="1835008" percent="3" />
      <mem type="survivor" free="0" total="262144" percent="0" />
    </mem>
    <mem type="tenure" free="4840680" total="6291456" percent="76">
      <mem type="soa" free="4526312" total="5977088" percent="75" />
      <mem type="loa" free="314368" total="314368" percent="100" />
    </mem>
    <remembered-set count="56" />
  </mem-info>
</gc-start>
<allocation-stats totalBytes="1665400" >
  <allocated-bytes non-tlh="1603960" tlh="61440" />
  <largest-consumer threadName="main" threadId="0000000000769700" bytes="1665400" />
</allocation-stats>
<gc-op id="1243" type="scavenge" timems="0.149" contextid="1240" timestamp="2019-06-16T18:48:42.960">
  <scavenger-info tenureage="14" tenuremask="4000" tiltratio="87" />
  <memory-copied type="nursery" objects="2" bytes="139728" bytesdiscarded="39144" />
</gc-op>
<gc-end id="1244" type="scavenge" contextid="1240" durationms="0.311" usertimems="0.000" systemtimems="0.000" timestamp="2019-06-16T18:48:42.960" activeThreads="4">
  <mem-info id="1245" free="6496816" total="8388608" percent="77">
    <mem type="nursery" free="1656136" total="2097152" percent="78">
      <mem type="allocate" free="1656136" total="1835008" percent="90" />
      <mem type="survivor" free="0" total="262144" percent="0" />
    </mem>
    <mem type="tenure" free="4840680" total="6291456" percent="76">
      <mem type="soa" free="4526312" total="5977088" percent="75" />
      <mem type="loa" free="314368" total="314368" percent="100" />
    </mem>
    <remembered-set count="56" />
  </mem-info>
</gc-end>
<cycle-end id="1246" type="scavenge" contextid="1240" timestamp="2019-06-16T18:48:42.960" />
  <attribute name="elasticGC enabled" value="1" />
  <attribute name= "numThreadsSpecified" value="4" />
  <attribute name="heapSize specified" value="0" />
  <attribute name="Current GC Util" value="42" />
  <attribute name= "Current Time Running" value="831" />
  <attribute name ="GC Interval" value="200" />
  <attribute name="ProportionalT" value="22.000000" />
  <attribute name="ProportionalI" value="22.000000" />
  <attribute name="ProportionalH" value="22.000000" />
  <attribute name="Current Error" value="22.000000" />
  <attribute name="IntegralT" value="22.000000" />
  <attribute name="IntegralI" value="22.000000" />
  <attribute name="IntegralH" value="22.000000" />
  <attribute name="DerivativeT" value="0.000000" />
  <attribute name="DerivativeI" value="0.000000" />
  <attribute name="DerivativeH" value="0.000000" />
  <attribute name="Loop Time for DT" value="1.000000" />
  <attribute name="Output H" value="8388608"/>
  <attribute name="Output I" value="200"/>
  <attribute name="Output T" value="4"/>
  <attribute name="Target GC Util Change" value ="20.000000" />
  <attribute name="Current GC Util Change" value="42.000000"/>
  <attribute name="GC Util currently" value="42" />
  <attribute name="CPU Util currently" value="5606027031604" />
<allocation-satisfied id="1247" threadId="0000000000769700" bytesRequested="69968" />
<af-end id="1248" timestamp="2019-06-16T18:48:42.960" threadId="000000000076A088" success="true" from="nursery"/>
<exclusive-end id="1249" timestamp="2019-06-16T18:48:42.960" durationms="0.689" />

<exclusive-start id="1250" timestamp="2019-06-16T18:48:42.960" intervalms="0.851">
  <response-info timems="0.024" idlems="0.024" threads="0" lastid="0000000000769700" lastname="main" />
</exclusive-start>
<af-start id="1251" threadId="000000000076A088" totalBytesRequested="140408" timestamp="2019-06-16T18:48:42.960" intervalms="0.852" type="nursery" />
<cycle-start id="1252" type="scavenge" contextid="0" timestamp="2019-06-16T18:48:42.960" intervalms="0.854" />
<gc-start id="1253" type="scavenge" contextid="1252" timestamp="2019-06-16T18:48:42.960">
  <mem-info id="1254" free="4897848" total="8388608" percent="58">
    <mem type="nursery" free="57168" total="2097152" percent="2">
      <mem type="allocate" free="57168" total="1835008" percent="3" />
      <mem type="survivor" free="0" total="262144" percent="0" />
    </mem>
    <mem type="tenure" free="4840680" total="6291456" percent="76">
      <mem type="soa" free="4526312" total="5977088" percent="75" />
      <mem type="loa" free="314368" total="314368" percent="100" />
    </mem>
    <remembered-set count="56" />
  </mem-info>
</gc-start>
<allocation-stats totalBytes="1598968" >
  <allocated-bytes non-tlh="1541624" tlh="57344" />
  <largest-consumer threadName="main" threadId="0000000000769700" bytes="1598968" />
</allocation-stats>
<gc-op id="1255" type="scavenge" timems="0.131" contextid="1252" timestamp="2019-06-16T18:48:42.960">
  <scavenger-info tenureage="14" tenuremask="4000" tiltratio="87" />
  <memory-copied type="nursery" objects="2" bytes="70232" bytesdiscarded="39144" />
</gc-op>
<gc-end id="1256" type="scavenge" contextid="1252" durationms="0.291" usertimems="0.000" systemtimems="0.000" timestamp="2019-06-16T18:48:42.961" activeThreads="4">
  <mem-info id="1257" free="6566312" total="8388608" percent="78">
    <mem type="nursery" free="1725632" total="2097152" percent="82">
      <mem type="allocate" free="1725632" total="1835008" percent="94" />
      <mem type="survivor" free="0" total="262144" percent="0" />
    </mem>
    <mem type="tenure" free="4840680" total="6291456" percent="76">
      <mem type="soa" free="4526312" total="5977088" percent="75" />
      <mem type="loa" free="314368" total="314368" percent="100" />
    </mem>
    <remembered-set count="56" />
  </mem-info>
</gc-end>
<cycle-end id="1258" type="scavenge" contextid="1252" timestamp="2019-06-16T18:48:42.961" />
  <attribute name="elasticGC enabled" value="1" />
  <attribute name= "numThreadsSpecified" value="4" />
  <attribute name="heapSize specified" value="0" />
  <attribute name="Current GC Util" value="43" />
  <attribute name= "Current Time Running" value="832" />
  <attribute name ="GC Interval" value="200" />
  <attribute name="ProportionalT" value="23.000000" />
  <attribute name="ProportionalI" value="23.000000" />
  <attribute name="ProportionalH" value="23.000000" />
  <attribute name="Current Error" value="23.000000" />
  <attribute name="IntegralT" value="23.000000" />
  <attribute name="IntegralI" value="23.000000" />
  <attribute name="IntegralH" value="23.000000" />
  <attribute name="DerivativeT" value="0.500000" />
  <attribute name="DerivativeI" value="0.500000" />
  <attribute name="DerivativeH" value="0.500000" />
  <attribute name="Loop Time for DT" value="1.000000" />
  <attribute name="Output H" value="8388608"/>
  <attribute name="Output I" value="200"/>
  <attribute name="Output T" value="4"/>
  <attribute name="Target GC Util Change" value ="20.000000" />
  <attribute name="Current GC Util Change" value="43.000000"/>
  <attribute name="GC Util currently" value="43" />
  <attribute name="CPU Util currently" value="5402523634135" />
<allocation-satisfied id="1259" threadId="0000000000769700" bytesRequested="140408" />
<af-end id="1260" timestamp="2019-06-16T18:48:42.961" threadId="000000000076A088" success="true" from="nursery"/>
<exclusive-end id="1261" timestamp="2019-06-16T18:48:42.961" durationms="0.676" />

<exclusive-start id="1262" timestamp="2019-06-16T18:48:42.961" intervalms="0.841">
  <response-info timems="0.021" idlems="0.021" threads="0" lastid="0000000000769700" lastname="main" />
</exclusive-start>
<af-start id="1263" threadId="000000000076A088" totalBytesRequested="70568" timestamp="2019-06-16T18:48:42.961" intervalms="0.840" type="nursery" />
<cycle-start id="1264" type="scavenge" contextid="0" timestamp="2019-06-16T18:48:42.961" intervalms="0.839" />
<gc-start id="1265" type="scavenge" contextid="1264" timestamp="2019-06-16T18:48:42.961">
  <mem-info id="1266" free="4889880" total="8388608" percent="58">
    <mem type="nursery" free="49200" total="2097152" percent="2">
      <mem type="allocate" free="49200" total="1835008" percent="2" />
      <mem type="survivor" free="0" total="262144" percent="0" />
    </mem>
    <mem type="tenure" free="4840680" total="6291456" percent="76">
      <mem type="soa" free="4526312" total="5977088" percent="75" />
      <mem type="loa" free="314368" total="314368" percent="100" />
    </mem>
    <remembered-set count="56" />
  </mem-info>
</gc-start>
<allocation-stats totalBytes="1676432" >
  <allocated-bytes non-tlh="1619088" tlh="57344" />
  <largest-consumer threadName="main" threadId="0000000000769700" bytes="1676432" />
</allocation-stats>
<gc-op id="1267" type="scavenge" timems="0.128" contextid="1264" timestamp="2019-06-16T18:48:42.961">
  <scavenger-info tenureage="14" tenuremask="4000" tiltratio="87" />
  <memory-copied type="nursery" objects="4" bytes="70648" bytesdiscarded="39088" />
</gc-op>
<gc-end id="1268" type="scavenge" contextid="1264" durationms="0.289" usertimems="0.000" systemtimems="0.000" timestamp="2019-06-16T18:48:42.961" activeThreads="4">
  <mem-info id="1269" free="6565952" total="8388608" percent="78">
    <mem type="nursery" free="1725272" total="2097152" percent="82">
      <mem type="allocate" free="1725272" total="1835008" percent="94" />
      <mem type="survivor" free="0" total="262144" percent="0" />
    </mem>
    <mem type="tenure" free="4840680" total="6291456" percent="76">
      <mem type="soa" free="4526312" total="5977088" percent="75" />
      <mem type="loa" free="314368" total="314368" percent="100" />
    </mem>
    <remembered-set count="56" />
  </mem-info>
</gc-end>
<cycle-end id="1270" type="scavenge" contextid="1264" timestamp="2019-06-16T18:48:42.961" />
  <attribute name="elasticGC enabled" value="1" />
  <attribute name= "numThreadsSpecified" value="4" />
  <attribute name="heapSize specified" value="0" />
  <attribute name="Current GC Util" value="42" />
  <attribute name= "Current Time Running" value="833" />
  <attribute name ="GC Interval" value="200" />
  <attribute name="ProportionalT" value="22.000000" />
  <attribute name="ProportionalI" value="22.000000" />
  <attribute name="ProportionalH" value="22.000000" />
  <attribute name="Current Error" value="22.000000" />
  <attribute name="IntegralT" value="22.000000" />
  <attribute name="IntegralI" value="22.000000" />
  <attribute name="IntegralH" value="22.000000" />
  <attribute name="DerivativeT" value="-0.500000" />
  <attribute name="DerivativeI" value="-0.500000" />
  <attribute name="DerivativeH" value="-0.500000" />
  <attribute name="Loop Time for DT" value="1.000000" />
  <attribute name="Output H" value="8388608"/>
  <attribute name="Output I" value="200"/>
  <attribute name="Output T" value="4"/>
  <attribute name="Target GC Util Change" value ="20.000000" />
  <attribute name="Current GC Util Change" value="42.000000"/>
  <attribute name="GC Util currently" value="42" />
  <attribute name="CPU Util currently" value="5505688743837" />
<allocation-satisfied id="1271" threadId="0000000000769700" bytesRequested="70568" />
<af-end id="1272" timestamp="2019-06-16T18:48:42.962" threadId="000000000076A088" success="true" from="nursery"/>
<exclusive-end id="1273" timestamp="2019-06-16T18:48:42.962" durationms="0.670" />

<exclusive-start id="1274" timestamp="2019-06-16T18:48:42.962" intervalms="0.836">
  <response-info timems="0.023" idlems="0.023" threads="0" lastid="0000000000769700" lastname="main" />
</exclusive-start>
<af-start id="1275" threadId="000000000076A088" totalBytesRequested="70984" timestamp="2019-06-16T18:48:42.962" intervalms="0.836" type="nursery" />
<cycle-start id="1276" type="scavenge" contextid="0" timestamp="2019-06-16T18:48:42.962" intervalms="0.835" />
<gc-start id="1277" type="scavenge" contextid="1276" timestamp="2019-06-16T18:48:42.962">
  <mem-info id="1278" free="4876592" total="8388608" percent="58">
    <mem type="nursery" free="35912" total="2097152" percent="1">
      <mem type="allocate" free="35912" total="1835008" percent="1" />
      <mem type="survivor" free="0" total="262144" percent="0" />
    </mem>
    <mem type="tenure" free="4840680" total="6291456" percent="76">
      <mem type="soa" free="4526312" total="5977088" percent="75" />
      <mem type="loa" free="314368" total="314368" percent="100" />
    </mem>
    <remembered-set count="56" />
  </mem-info>
</gc-start>
<allocation-stats totalBytes="1689360" >
  <allocated-bytes non-tlh="1627920" tlh="61440" />
  <largest-consumer threadName="main" threadId="0000000000769700" bytes="1689360" />
</allocation-stats>
<gc-op id="1279" type="scavenge" timems="0.096" contextid="1276" timestamp="2019-06-16T18:48:42.962">
  <scavenger-info tenureage="14" tenuremask="4000" tiltratio="87" />
  <memory-copied type="nursery" objects="2" bytes="141976" bytesdiscarded="39144" />
</gc-op>
<gc-end id="1280" type="scavenge" contextid="1276" durationms="0.259" usertimems="0.000" systemtimems="0.000" timestamp="2019-06-16T18:48:42.962" activeThreads="1">
  <mem-info id="1281" free="6494568" total="8388608" percent="77">
    <mem type="nursery" free="1653888" total="2097152" percent="78">
      <mem type="allocate" free="1653888" total="1835008" percent="90" />
      <mem type="survivor" free="0" total="262144" percent="0" />
    </mem>
    <mem type="tenure" free="4840680" total="6291456" percent="76">
      <mem type="soa" free="4526312" total="5977088" percent="75" />
      <mem type="loa" free="314368" total="314368" percent="100" />
    </mem>
    <remembered-set count="56" />
  </mem-info>
</gc-end>
<cycle-end id="1282" type="scavenge" contextid="1276" timestamp="2019-06-16T18:48:42.962" />
  <attribute name="elasticGC enabled" value="1" />
  <attribute name= "numThreadsSpecified" value="1" />
  <attribute name="heapSize specified" value="0" />
  <attribute name="Current GC Util" value="43" />
  <attribute name= "Current Time Running" value="833" />
  <attribute name ="GC Interval" value="200" />
  <attribute name="ProportionalT" value="23.000000" />
  <attribute name="ProportionalI" value="23.000000" />
  <attribute name="ProportionalH" value="23.000000" />
  <attribute name="Current Error" value="23.000000" />
  <attribute name="IntegralT" value="0.000000" />
  <attribute name="IntegralI" value="0.000000" />
  <attribute name="IntegralH" value="0.000000" />
  <attribute name="DerivativeT" value="inf" />
  <attribute name="DerivativeI" value="inf" />
  <attribute name="DerivativeH" value="inf" />
  <attribute name="Loop Time for DT" value="0.000000" />
  <attribute name="Output H" value="8388608"/>
  <attribute name="Output I" value="200"/>
  <attribute name="Output T" value="1"/>
  <attribute name="Target GC Util Change" value ="20.000000" />
  <attribute name="Current GC Util Change" value="43.000000"/>
  <attribute name="GC Util currently" value="43" />
  <attribute name="CPU Util currently" value="5514405172536" />
<allocation-satisfied id="1283" threadId="0000000000769700" bytesRequested="70984" />
<af-end id="1284" timestamp="2019-06-16T18:48:42.962" threadId="000000000076A088" success="true" from="nursery"/>
<exclusive-end id="1285" timestamp="2019-06-16T18:48:42.962" durationms="0.640" />

<exclusive-start id="1286" timestamp="2019-06-16T18:48:42.963" intervalms="0.804">
  <response-info timems="0.021" idlems="0.021" threads="0" lastid="0000000000769700" lastname="main" />
</exclusive-start>
<af-start id="1287" threadId="000000000076A088" totalBytesRequested="142880" timestamp="2019-06-16T18:48:42.963" intervalms="0.804" type="nursery" />
<cycle-start id="1288" type="scavenge" contextid="0" timestamp="2019-06-16T18:48:42.963" intervalms="0.804" />
<gc-start id="1289" type="scavenge" contextid="1288" timestamp="2019-06-16T18:48:42.963">
  <mem-info id="1290" free="4871048" total="8388608" percent="58">
    <mem type="nursery" free="30368" total="2097152" percent="1">
      <mem type="allocate" free="30368" total="1835008" percent="1" />
      <mem type="survivor" free="0" total="262144" percent="0" />
    </mem>
    <mem type="tenure" free="4840680" total="6291456" percent="76">
      <mem type="soa" free="4526312" total="5977088" percent="75" />
      <mem type="loa" free="314368" total="314368" percent="100" />
    </mem>
    <remembered-set count="56" />
  </mem-info>
</gc-start>
<allocation-stats totalBytes="1623520" >
  <allocated-bytes non-tlh="1566176" tlh="57344" />
  <largest-consumer threadName="main" threadId="0000000000769700" bytes="1623520" />
</allocation-stats>
<gc-op id="1291" type="scavenge" timems="0.124" contextid="1288" timestamp="2019-06-16T18:48:42.963">
  <scavenger-info tenureage="14" tenuremask="4000" tiltratio="87" />
  <memory-copied type="nursery" objects="2" bytes="71472" bytesdiscarded="39144" />
</gc-op>
<gc-end id="1292" type="scavenge" contextid="1288" durationms="0.284" usertimems="0.000" systemtimems="0.000" timestamp="2019-06-16T18:48:42.963" activeThreads="4">
  <mem-info id="1293" free="6565072" total="8388608" percent="78">
    <mem type="nursery" free="1724392" total="2097152" percent="82">
      <mem type="allocate" free="1724392" total="1835008" percent="93" />
      <mem type="survivor" free="0" total="262144" percent="0" />
    </mem>
    <mem type="tenure" free="4840680" total="6291456" percent="76">
      <mem type="soa" free="4526312" total="5977088" percent="75" />
      <mem type="loa" free="314368" total="314368" percent="100" />
    </mem>
    <remembered-set count="56" />
  </mem-info>
</gc-end>
<cycle-end id="1294" type="scavenge" contextid="1288" timestamp="2019-06-16T18:48:42.963" />
  <attribute name="elasticGC enabled" value="1" />
  <attribute name= "numThreadsSpecified" value="4" />
  <attribute name="heapSize specified" value="0" />
  <attribute name="Current GC Util" value="35" />
  <attribute name= "Current Time Running" value="834" />
  <attribute name ="GC Interval" value="200" />
  <attribute name="ProportionalT" value="15.000000" />
  <attribute name="ProportionalI" value="15.000000" />
  <attribute name="ProportionalH" value="15.000000" />
  <attribute name="Current Error" value="15.000000" />
  <attribute name="IntegralT" value="15.000000" />
  <attribute name="IntegralI" value="15.000000" />
  <attribute name="IntegralH" value="15.000000" />
  <attribute name="DerivativeT" value="-4.000000" />
  <attribute name="DerivativeI" value="-4.000000" />
  <attribute name="DerivativeH" value="-4.000000" />
  <attribute name="Loop Time for DT" value="1.000000" />
  <attribute name="Output H" value="8388608"/>
  <attribute name="Output I" value="200"/>
  <attribute name="Output T" value="4"/>
  <attribute name="Target GC Util Change" value ="20.000000" />
  <attribute name="Current GC Util Change" value="35.000000"/>
  <attribute name="GC Util currently" value="35" />
  <attribute name="CPU Util currently" value="5749586725896" />
<allocation-satisfied id="1295" threadId="0000000000769700" bytesRequested="142880" />
<af-end id="1296" timestamp="2019-06-16T18:48:42.963" threadId="000000000076A088" success="true" from="nursery"/>
<exclusive-end id="1297" timestamp="2019-06-16T18:48:42.963" durationms="0.664" />

<exclusive-start id="1298" timestamp="2019-06-16T18:48:42.963" intervalms="0.831">
  <response-info timems="0.024" idlems="0.024" threads="0" lastid="0000000000769700" lastname="main" />
</exclusive-start>
<af-start id="1299" threadId="000000000076A088" totalBytesRequested="71912" timestamp="2019-06-16T18:48:42.963" intervalms="0.831" type="nursery" />
<cycle-start id="1300" type="scavenge" contextid="0" timestamp="2019-06-16T18:48:42.964" intervalms="0.831" />
<gc-start id="1301" type="scavenge" contextid="1300" timestamp="2019-06-16T18:48:42.964">
  <mem-info id="1302" free="4860120" total="8388608" percent="57">
    <mem type="nursery" free="19440" total="2097152" percent="0">
      <mem type="allocate" free="19440" total="1835008" percent="1" />
      <mem type="survivor" free="0" total="262144" percent="0" />
    </mem>
    <mem type="tenure" free="4840680" total="6291456" percent="76">
      <mem type="soa" free="4526312" total="5977088" percent="75" />
      <mem type="loa" free="314368" total="314368" percent="100" />
    </mem>
    <remembered-set count="56" />
  </mem-info>
</gc-start>
<allocation-stats totalBytes="1704952" >
  <allocated-bytes non-tlh="1647608" tlh="57344" />
  <largest-consumer threadName="main" threadId="0000000000769700" bytes="1704952" />
</allocation-stats>
<gc-op id="1303" type="scavenge" timems="0.132" contextid="1300" timestamp="2019-06-16T18:48:42.964">
  <scavenger-info tenureage="14" tenuremask="4000" tiltratio="87" />
  <memory-copied type="nursery" objects="4" bytes="71992" bytesdiscarded="39088" />
</gc-op>
<gc-end id="1304" type="scavenge" contextid="1300" durationms="0.293" usertimems="0.000" systemtimems="0.000" timestamp="2019-06-16T18:48:42.964" activeThreads="4">
  <mem-info id="1305" free="6564608" total="8388608" percent="78">
    <mem type="nursery" free="1723928" total="2097152" percent="82">
      <mem type="allocate" free="1723928" total="1835008" percent="93" />
      <mem type="survivor" free="0" total="262144" percent="0" />
    </mem>
    <mem type="tenure" free="4840680" total="6291456" percent="76">
      <mem type="soa" free="4526312" total="5977088" percent="75" />
      <mem type="loa" free="314368" total="314368" percent="100" />
    </mem>
    <remembered-set count="56" />
  </mem-info>
</gc-end>
<cycle-end id="1306" type="scavenge" contextid="1300" timestamp="2019-06-16T18:48:42.964" />
  <attribute name="elasticGC enabled" value="1" />
  <attribute name= "numThreadsSpecified" value="4" />
  <attribute name="heapSize specified" value="0" />
  <attribute name="Current GC Util" value="43" />
  <attribute name= "Current Time Running" value="835" />
  <attribute name ="GC Interval" value="200" />
  <attribute name="ProportionalT" value="23.000000" />
  <attribute name="ProportionalI" value="23.000000" />
  <attribute name="ProportionalH" value="23.000000" />
  <attribute name="Current Error" value="23.000000" />
  <attribute name="IntegralT" value="23.000000" />
  <attribute name="IntegralI" value="23.000000" />
  <attribute name="IntegralH" value="23.000000" />
  <attribute name="DerivativeT" value="4.000000" />
  <attribute name="DerivativeI" value="4.000000" />
  <attribute name="DerivativeH" value="4.000000" />
  <attribute name="Loop Time for DT" value="1.000000" />
  <attribute name="Output H" value="8388608"/>
  <attribute name="Output I" value="200"/>
  <attribute name="Output T" value="4"/>
  <attribute name="Target GC Util Change" value ="20.000000" />
  <attribute name="Current GC Util Change" value="43.000000"/>
  <attribute name="GC Util currently" value="43" />
  <attribute name="CPU Util currently" value="5458604950914" />
<allocation-satisfied id="1307" threadId="0000000000769700" bytesRequested="71912" />
<af-end id="1308" timestamp="2019-06-16T18:48:42.964" threadId="000000000076A088" success="true" from="nursery"/>
<exclusive-end id="1309" timestamp="2019-06-16T18:48:42.964" durationms="0.686" />

<exclusive-start id="1310" timestamp="2019-06-16T18:48:42.964" intervalms="0.852">
  <response-info timems="0.024" idlems="0.024" threads="0" lastid="0000000000769700" lastname="main" />
</exclusive-start>
<af-start id="1311" threadId="000000000076A088" totalBytesRequested="72320" timestamp="2019-06-16T18:48:42.964" intervalms="0.853" type="nursery" />
<cycle-start id="1312" type="scavenge" contextid="0" timestamp="2019-06-16T18:48:42.964" intervalms="0.855" />
<gc-start id="1313" type="scavenge" contextid="1312" timestamp="2019-06-16T18:48:42.964">
  <mem-info id="1314" free="4846112" total="8388608" percent="57">
    <mem type="nursery" free="5432" total="2097152" percent="0">
      <mem type="allocate" free="5432" total="1835008" percent="0" />
      <mem type="survivor" free="0" total="262144" percent="0" />
    </mem>
    <mem type="tenure" free="4840680" total="6291456" percent="76">
      <mem type="soa" free="4526312" total="5977088" percent="75" />
      <mem type="loa" free="314368" total="314368" percent="100" />
    </mem>
    <remembered-set count="56" />
  </mem-info>
</gc-start>
<allocation-stats totalBytes="1718496" >
  <allocated-bytes non-tlh="1657056" tlh="61440" />
  <largest-consumer threadName="main" threadId="0000000000769700" bytes="1718496" />
</allocation-stats>
<gc-op id="1315" type="scavenge" timems="0.134" contextid="1312" timestamp="2019-06-16T18:48:42.965">
  <scavenger-info tenureage="14" tenuremask="4000" tiltratio="87" />
  <memory-copied type="nursery" objects="2" bytes="144368" bytesdiscarded="39144" />
</gc-op>
<gc-end id="1316" type="scavenge" contextid="1312" durationms="0.298" usertimems="0.000" systemtimems="0.000" timestamp="2019-06-16T18:48:42.965" activeThreads="4">
  <mem-info id="1317" free="6492176" total="8388608" percent="77">
    <mem type="nursery" free="1651496" total="2097152" percent="78">
      <mem type="allocate" free="1651496" total="1835008" percent="89" />
      <mem type="survivor" free="0" total="262144" percent="0" />
    </mem>
    <mem type="tenure" free="4840680" total="6291456" percent="76">
      <mem type="soa" free="4526312" total="5977088" percent="75" />
      <mem type="loa" free="314368" total="314368" percent="100" />
    </mem>
    <remembered-set count="56" />
  </mem-info>
</gc-end>
<cycle-end id="1318" type="scavenge" contextid="1312" timestamp="2019-06-16T18:48:42.965" />
  <attribute name="elasticGC enabled" value="1" />
  <attribute name= "numThreadsSpecified" value="4" />
  <attribute name="heapSize specified" value="0" />
  <attribute name="Current GC Util" value="43" />
  <attribute name= "Current Time Running" value="836" />
  <attribute name ="GC Interval" value="200" />
  <attribute name="ProportionalT" value="23.000000" />
  <attribute name="ProportionalI" value="23.000000" />
  <attribute name="ProportionalH" value="23.000000" />
  <attribute name="Current Error" value="23.000000" />
  <attribute name="IntegralT" value="23.000000" />
  <attribute name="IntegralI" value="23.000000" />
  <attribute name="IntegralH" value="23.000000" />
  <attribute name="DerivativeT" value="0.000000" />
  <attribute name="DerivativeI" value="0.000000" />
  <attribute name="DerivativeH" value="0.000000" />
  <attribute name="Loop Time for DT" value="1.000000" />
  <attribute name="Output H" value="8388608"/>
  <attribute name="Output I" value="200"/>
  <attribute name="Output T" value="4"/>
  <attribute name="Target GC Util Change" value ="20.000000" />
  <attribute name="Current GC Util Change" value="43.000000"/>
  <attribute name="GC Util currently" value="43" />
  <attribute name="CPU Util currently" value="5470590627898" />
<allocation-satisfied id="1319" threadId="0000000000769700" bytesRequested="72320" />
<af-end id="1320" timestamp="2019-06-16T18:48:42.965" threadId="000000000076A088" success="true" from="nursery"/>
<exclusive-end id="1321" timestamp="2019-06-16T18:48:42.965" durationms="0.684" />

<exclusive-start id="1322" timestamp="2019-06-16T18:48:42.965" intervalms="0.845">
  <response-info timems="0.024" idlems="0.024" threads="0" lastid="0000000000769700" lastname="main" />
</exclusive-start>
<af-start id="1323" threadId="000000000076A088" totalBytesRequested="72624" timestamp="2019-06-16T18:48:42.965" intervalms="0.844" type="nursery" />
<cycle-start id="1324" type="scavenge" contextid="0" timestamp="2019-06-16T18:48:42.965" intervalms="0.879" />
<gc-start id="1325" type="scavenge" contextid="1324" timestamp="2019-06-16T18:48:42.965">
  <mem-info id="1326" free="4913280" total="8388608" percent="58">
    <mem type="nursery" free="72600" total="2097152" percent="3">
      <mem type="allocate" free="72600" total="1835008" percent="3" />
      <mem type="survivor" free="0" total="262144" percent="0" />
    </mem>
    <mem type="tenure" free="4840680" total="6291456" percent="76">
      <mem type="soa" free="4526312" total="5977088" percent="75" />
      <mem type="loa" free="314368" total="314368" percent="100" />
    </mem>
    <remembered-set count="56" />
  </mem-info>
</gc-start>
<allocation-stats totalBytes="1578896" >
  <allocated-bytes non-tlh="1521552" tlh="57344" />
  <largest-consumer threadName="main" threadId="0000000000769700" bytes="1578896" />
</allocation-stats>
<gc-op id="1327" type="scavenge" timems="0.131" contextid="1324" timestamp="2019-06-16T18:48:42.966">
  <scavenger-info tenureage="14" tenuremask="4000" tiltratio="87" />
  <memory-copied type="nursery" objects="4" bytes="72704" bytesdiscarded="39088" />
</gc-op>
<gc-end id="1328" type="scavenge" contextid="1324" durationms="0.294" usertimems="0.000" systemtimems="0.000" timestamp="2019-06-16T18:48:42.966" activeThreads="4">
  <mem-info id="1329" free="6563896" total="8388608" percent="78">
    <mem type="nursery" free="1723216" total="2097152" percent="82">
      <mem type="allocate" free="1723216" total="1835008" percent="93" />
      <mem type="survivor" free="0" total="262144" percent="0" />
    </mem>
    <mem type="tenure" free="4840680" total="6291456" percent="76">
      <mem type="soa" free="4526312" total="5977088" percent="75" />
      <mem type="loa" free="314368" total="314368" percent="100" />
    </mem>
    <remembered-set count="56" />
  </mem-info>
</gc-end>
<cycle-end id="1330" type="scavenge" contextid="1324" timestamp="2019-06-16T18:48:42.966" />
  <attribute name="elasticGC enabled" value="1" />
  <attribute name= "numThreadsSpecified" value="4" />
  <attribute name="heapSize specified" value="0" />
  <attribute name="Current GC Util" value="41" />
  <attribute name= "Current Time Running" value="837" />
  <attribute name ="GC Interval" value="200" />
  <attribute name="ProportionalT" value="21.000000" />
  <attribute name="ProportionalI" value="21.000000" />
  <attribute name="ProportionalH" value="21.000000" />
  <attribute name="Current Error" value="21.000000" />
  <attribute name="IntegralT" value="21.000000" />
  <attribute name="IntegralI" value="21.000000" />
  <attribute name="IntegralH" value="21.000000" />
  <attribute name="DerivativeT" value="-1.000000" />
  <attribute name="DerivativeI" value="-1.000000" />
  <attribute name="DerivativeH" value="-1.000000" />
  <attribute name="Loop Time for DT" value="1.000000" />
  <attribute name="Output H" value="8388608"/>
  <attribute name="Output I" value="200"/>
  <attribute name="Output T" value="4"/>
  <attribute name="Target GC Util Change" value ="20.000000" />
  <attribute name="Current GC Util Change" value="41.000000"/>
  <attribute name="GC Util currently" value="41" />
  <attribute name="CPU Util currently" value="5253028234041" />
<allocation-satisfied id="1331" threadId="0000000000769700" bytesRequested="72624" />
<af-end id="1332" timestamp="2019-06-16T18:48:42.966" threadId="000000000076A088" success="true" from="nursery"/>
<exclusive-end id="1333" timestamp="2019-06-16T18:48:42.966" durationms="0.711" />

<exclusive-start id="1334" timestamp="2019-06-16T18:48:42.966" intervalms="0.872">
  <response-info timems="0.024" idlems="0.024" threads="0" lastid="0000000000769700" lastname="main" />
</exclusive-start>
<af-start id="1335" threadId="000000000076A088" totalBytesRequested="146088" timestamp="2019-06-16T18:48:42.966" intervalms="0.871" type="nursery" />
<cycle-start id="1336" type="scavenge" contextid="0" timestamp="2019-06-16T18:48:42.966" intervalms="0.834" />
<gc-start id="1337" type="scavenge" contextid="1336" timestamp="2019-06-16T18:48:42.966">
  <mem-info id="1338" free="4972896" total="8388608" percent="59">
    <mem type="nursery" free="132216" total="2097152" percent="6">
      <mem type="allocate" free="132216" total="1835008" percent="7" />
      <mem type="survivor" free="0" total="262144" percent="0" />
    </mem>
    <mem type="tenure" free="4840680" total="6291456" percent="76">
      <mem type="soa" free="4526312" total="5977088" percent="75" />
      <mem type="loa" free="314368" total="314368" percent="100" />
    </mem>
    <remembered-set count="56" />
  </mem-info>
</gc-start>
<allocation-stats totalBytes="1591000" >
  <allocated-bytes non-tlh="1529560" tlh="61440" />
  <largest-consumer threadName="main" threadId="0000000000769700" bytes="1591000" />
</allocation-stats>
<gc-op id="1339" type="scavenge" timems="0.144" contextid="1336" timestamp="2019-06-16T18:48:42.966">
  <scavenger-info tenureage="14" tenuremask="4000" tiltratio="87" />
  <memory-copied type="nursery" objects="2" bytes="73072" bytesdiscarded="39144" />
</gc-op>
<gc-end id="1340" type="scavenge" contextid="1336" durationms="0.305" usertimems="0.000" systemtimems="0.000" timestamp="2019-06-16T18:48:42.966" activeThreads="4">
  <mem-info id="1341" free="6563472" total="8388608" percent="78">
    <mem type="nursery" free="1722792" total="2097152" percent="82">
      <mem type="allocate" free="1722792" total="1835008" percent="93" />
      <mem type="survivor" free="0" total="262144" percent="0" />
    </mem>
    <mem type="tenure" free="4840680" total="6291456" percent="76">
      <mem type="soa" free="4526312" total="5977088" percent="75" />
      <mem type="loa" free="314368" total="314368" percent="100" />
    </mem>
    <remembered-set count="56" />
  </mem-info>
</gc-end>
<cycle-end id="1342" type="scavenge" contextid="1336" timestamp="2019-06-16T18:48:42.967" />
  <attribute name="elasticGC enabled" value="1" />
  <attribute name= "numThreadsSpecified" value="4" />
  <attribute name="heapSize specified" value="0" />
  <attribute name="Current GC Util" value="42" />
  <attribute name= "Current Time Running" value="838" />
  <attribute name ="GC Interval" value="200" />
  <attribute name="ProportionalT" value="22.000000" />
  <attribute name="ProportionalI" value="22.000000" />
  <attribute name="ProportionalH" value="22.000000" />
  <attribute name="Current Error" value="22.000000" />
  <attribute name="IntegralT" value="22.000000" />
  <attribute name="IntegralI" value="22.000000" />
  <attribute name="IntegralH" value="22.000000" />
  <attribute name="DerivativeT" value="0.500000" />
  <attribute name="DerivativeI" value="0.500000" />
  <attribute name="DerivativeH" value="0.500000" />
  <attribute name="Loop Time for DT" value="1.000000" />
  <attribute name="Output H" value="8388608"/>
  <attribute name="Output I" value="200"/>
  <attribute name="Output T" value="4"/>
  <attribute name="Target GC Util Change" value ="20.000000" />
  <attribute name="Current GC Util Change" value="42.000000"/>
  <attribute name="GC Util currently" value="42" />
  <attribute name="CPU Util currently" value="5534975236066" />
<allocation-satisfied id="1343" threadId="0000000000769700" bytesRequested="146088" />
<af-end id="1344" timestamp="2019-06-16T18:48:42.967" threadId="000000000076A088" success="true" from="nursery"/>
<exclusive-end id="1345" timestamp="2019-06-16T18:48:42.967" durationms="0.687" />

<exclusive-start id="1346" timestamp="2019-06-16T18:48:42.967" intervalms="0.846">
  <response-info timems="0.020" idlems="0.020" threads="0" lastid="0000000000769700" lastname="main" />
</exclusive-start>
<af-start id="1347" threadId="000000000076A088" totalBytesRequested="73376" timestamp="2019-06-16T18:48:42.967" intervalms="0.847" type="nursery" />
<cycle-start id="1348" type="scavenge" contextid="0" timestamp="2019-06-16T18:48:42.967" intervalms="0.847" />
<gc-start id="1349" type="scavenge" contextid="1348" timestamp="2019-06-16T18:48:42.967">
  <mem-info id="1350" free="4896400" total="8388608" percent="58">
    <mem type="nursery" free="55720" total="2097152" percent="2">
      <mem type="allocate" free="55720" total="1835008" percent="3" />
      <mem type="survivor" free="0" total="262144" percent="0" />
    </mem>
    <mem type="tenure" free="4840680" total="6291456" percent="76">
      <mem type="soa" free="4526312" total="5977088" percent="75" />
      <mem type="loa" free="314368" total="314368" percent="100" />
    </mem>
    <remembered-set count="56" />
  </mem-info>
</gc-start>
<allocation-stats totalBytes="1667072" >
  <allocated-bytes non-tlh="1609728" tlh="57344" />
  <largest-consumer threadName="main" threadId="0000000000769700" bytes="1667072" />
</allocation-stats>
<gc-op id="1351" type="scavenge" timems="0.131" contextid="1348" timestamp="2019-06-16T18:48:42.967">
  <scavenger-info tenureage="14" tenuremask="4000" tiltratio="87" />
  <memory-copied type="nursery" objects="2" bytes="146560" bytesdiscarded="39144" />
</gc-op>
<gc-end id="1352" type="scavenge" contextid="1348" durationms="0.291" usertimems="0.000" systemtimems="0.000" timestamp="2019-06-16T18:48:42.967" activeThreads="4">
  <mem-info id="1353" free="6489984" total="8388608" percent="77">
    <mem type="nursery" free="1649304" total="2097152" percent="78">
      <mem type="allocate" free="1649304" total="1835008" percent="89" />
      <mem type="survivor" free="0" total="262144" percent="0" />
    </mem>
    <mem type="tenure" free="4840680" total="6291456" percent="76">
      <mem type="soa" free="4526312" total="5977088" percent="75" />
      <mem type="loa" free="314368" total="314368" percent="100" />
    </mem>
    <remembered-set count="56" />
  </mem-info>
</gc-end>
<cycle-end id="1354" type="scavenge" contextid="1348" timestamp="2019-06-16T18:48:42.967" />
  <attribute name="elasticGC enabled" value="1" />
  <attribute name= "numThreadsSpecified" value="4" />
  <attribute name="heapSize specified" value="0" />
  <attribute name="Current GC Util" value="42" />
  <attribute name= "Current Time Running" value="839" />
  <attribute name ="GC Interval" value="200" />
  <attribute name="ProportionalT" value="22.000000" />
  <attribute name="ProportionalI" value="22.000000" />
  <attribute name="ProportionalH" value="22.000000" />
  <attribute name="Current Error" value="22.000000" />
  <attribute name="IntegralT" value="22.000000" />
  <attribute name="IntegralI" value="22.000000" />
  <attribute name="IntegralH" value="22.000000" />
  <attribute name="DerivativeT" value="0.000000" />
  <attribute name="DerivativeI" value="0.000000" />
  <attribute name="DerivativeH" value="0.000000" />
  <attribute name="Loop Time for DT" value="1.000000" />
  <attribute name="Output H" value="8388608"/>
  <attribute name="Output I" value="200"/>
  <attribute name="Output T" value="4"/>
  <attribute name="Target GC Util Change" value ="20.000000" />
  <attribute name="Current GC Util Change" value="42.000000"/>
  <attribute name="GC Util currently" value="42" />
  <attribute name="CPU Util currently" value="5453350712554" />
<allocation-satisfied id="1355" threadId="0000000000769700" bytesRequested="73376" />
<af-end id="1356" timestamp="2019-06-16T18:48:42.967" threadId="000000000076A088" success="true" from="nursery"/>
<exclusive-end id="1357" timestamp="2019-06-16T18:48:42.968" durationms="0.673" />

<exclusive-start id="1358" timestamp="2019-06-16T18:48:42.968" intervalms="0.911">
  <response-info timems="0.020" idlems="0.020" threads="0" lastid="0000000000769700" lastname="main" />
</exclusive-start>
<sys-start reason="explicit" id="1359" timestamp="2019-06-16T18:48:42.968" intervalms="981.533" />
<cycle-start id="1360" type="global" contextid="0" timestamp="2019-06-16T18:48:42.968" intervalms="981.706" />
<gc-start id="1361" type="global" contextid="1360" timestamp="2019-06-16T18:48:42.968">
  <mem-info id="1362" free="6363360" total="8388608" percent="75">
    <mem type="nursery" free="1522680" total="2097152" percent="72">
      <mem type="allocate" free="1522680" total="1835008" percent="82" />
      <mem type="survivor" free="0" total="262144" percent="0" />
    </mem>
    <mem type="tenure" free="4840680" total="6291456" percent="76">
      <mem type="soa" free="4526312" total="5977088" percent="75" />
      <mem type="loa" free="314368" total="314368" percent="100" />
    </mem>
    <remembered-set count="56" />
  </mem-info>
</gc-start>
<allocation-stats totalBytes="126624" >
  <allocated-bytes non-tlh="73376" tlh="53248" />
  <largest-consumer threadName="main" threadId="0000000000769700" bytes="126624" />
</allocation-stats>
<gc-op id="1363" type="mark" timems="1.186" contextid="1360" timestamp="2019-06-16T18:48:42.969">
  <trace-info objectcount="18956" scancount="15669" scanbytes="514132" />
  <finalization candidates="45" enqueued="0" />
  <ownableSynchronizers candidates="1" cleared="0" />
  <references type="soft" candidates="66" cleared="0" enqueued="0" dynamicThreshold="32" maxThreshold="32" />
  <references type="weak" candidates="396" cleared="28" enqueued="14" />
  <references type="phantom" candidates="51" cleared="0" enqueued="0" />
  <stringconstants candidates="2485" cleared="0"  />
</gc-op>
<gc-op id="1364" type="classunload" timems="0.076" contextid="1360" timestamp="2019-06-16T18:48:42.970">
  <classunload-info classloadercandidates="6" classloadersunloaded="0" classesunloaded="0" anonymousclassesunloaded="0" quiescems="0.000" setupms="0.075" scanms="0.001" postms="0.000" />
</gc-op>
<gc-op id="1365" type="sweep" timems="0.553" contextid="1360" timestamp="2019-06-16T18:48:42.970" />
<mem-info id="1366" free="6865648" total="8388608" percent="81">
  <mem type="nursery" free="1756752" total="2097152" percent="83">
    <mem type="allocate" free="1756752" total="1835008" percent="95" />
    <mem type="survivor" free="0" total="262144" percent="0" />
  </mem>
  <mem type="tenure" free="5108896" total="6291456" percent="81" micro-fragmented="2074" macro-fragmented="0">
    <mem type="soa" free="4794528" total="5977088" percent="80" />
    <mem type="loa" free="314368" total="314368" percent="100" />
  </mem>
  <pending-finalizers system="0" default="0" reference="14" classloader="0" />
  <remembered-set count="54" />
</mem-info>
<gc-op id="1367" type="compact" timems="4.121" contextid="1360" timestamp="2019-06-16T18:48:42.975">
  <compact-info movecount="14532" movebytes="1068200" reason="compact to aid heap contraction" />
</gc-op>
<gc-end id="1368" type="global" contextid="1360" durationms="7.122" usertimems="12.000" systemtimems="0.000" timestamp="2019-06-16T18:48:42.975" activeThreads="4">
  <mem-info id="1369" free="6874368" total="8388608" percent="81">
    <mem type="nursery" free="1759840" total="2097152" percent="83">
      <mem type="allocate" free="1759840" total="1835008" percent="95" />
      <mem type="survivor" free="0" total="262144" percent="0" />
    </mem>
    <mem type="tenure" free="5114528" total="6291456" percent="81">
      <mem type="soa" free="4800160" total="5977088" percent="80" />
      <mem type="loa" free="314368" total="314368" percent="100" />
    </mem>
    <pending-finalizers system="0" default="0" reference="14" classloader="0" />
    <remembered-set count="54" />
  </mem-info>
</gc-end>
<cycle-end id="1370" type="global" contextid="1360" timestamp="2019-06-16T18:48:42.975" />
  <attribute name="elasticGC enabled" value="1" />
  <attribute name= "numThreadsSpecified" value="4" />
  <attribute name="heapSize specified" value="8388608" />
  <attribute name="Current GC Util" value="30" />
  <attribute name= "Current Time Running" value="846" />
  <attribute name ="GC Interval" value="200" />
  <attribute name="ProportionalT" value="10.000000" />
  <attribute name="ProportionalI" value="10.000000" />
  <attribute name="ProportionalH" value="10.000000" />
  <attribute name="Current Error" value="10.000000" />
  <attribute name="IntegralT" value="40.000000" />
  <attribute name="IntegralI" value="40.000000" />
  <attribute name="IntegralH" value="40.000000" />
  <attribute name="DerivativeT" value="1.250000" />
  <attribute name="DerivativeI" value="1.250000" />
  <attribute name="DerivativeH" value="1.250000" />
  <attribute name="Loop Time for DT" value="4.000000" />
  <attribute name="Output H" value="8388608"/>
  <attribute name="Output I" value="200"/>
  <attribute name="Output T" value="4"/>
  <attribute name="Target GC Util Change" value ="20.000000" />
  <attribute name="Current GC Util Change" value="30.000000"/>
  <attribute name="GC Util currently" value="30" />
  <attribute name="CPU Util currently" value="1090858474916" />
<sys-end id="1371" timestamp="2019-06-16T18:48:42.975" />
<exclusive-end id="1372" timestamp="2019-06-16T18:48:42.975" durationms="7.686" />

<exclusive-start id="1373" timestamp="2019-06-16T18:48:43.394" intervalms="426.146">
  <response-info timems="0.068" idlems="0.068" threads="0" lastid="0000000000769700" lastname="main" />
</exclusive-start>
<af-start id="1374" threadId="000000000076A088" totalBytesRequested="1032" timestamp="2019-06-16T18:48:43.394" intervalms="427.149" type="nursery" />
<cycle-start id="1375" type="scavenge" contextid="0" timestamp="2019-06-16T18:48:43.394" intervalms="427.218" />
<gc-start id="1376" type="scavenge" contextid="1375" timestamp="2019-06-16T18:48:43.394">
  <mem-info id="1377" free="5092608" total="8388608" percent="60">
    <mem type="nursery" free="0" total="2097152" percent="0">
      <mem type="allocate" free="0" total="1835008" percent="0" />
      <mem type="survivor" free="0" total="262144" percent="0" />
    </mem>
    <mem type="tenure" free="5092608" total="6291456" percent="80">
      <mem type="soa" free="4778240" total="5977088" percent="79" />
      <mem type="loa" free="314368" total="314368" percent="100" />
    </mem>
    <remembered-set count="393" />
  </mem-info>
</gc-start>
<allocation-stats totalBytes="1775520" >
  <allocated-bytes non-tlh="21920" tlh="1753600" />
  <largest-consumer threadName="main" threadId="0000000000769700" bytes="1771424" />
</allocation-stats>
<gc-op id="1378" type="scavenge" timems="0.480" contextid="1375" timestamp="2019-06-16T18:48:43.395">
  <scavenger-info tenureage="14" tenuremask="4000" tiltratio="87" />
  <memory-copied type="nursery" objects="2950" bytes="200280" bytesdiscarded="61784" />
  <memory-copied type="tenure" objects="548" bytes="51656" bytesdiscarded="0" />
  <copy-failed type="nursery" objects="548" bytes="51656" />
  <ownableSynchronizers candidates="2" cleared="2" />
  <references type="soft" candidates="2" cleared="0" enqueued="0" dynamicThreshold="26" maxThreshold="32" />
  <references type="weak" candidates="48" cleared="43" enqueued="43" />
  <references type="phantom" candidates="8" cleared="2" enqueued="2" />
</gc-op>
<gc-end id="1379" type="scavenge" contextid="1375" durationms="0.764" usertimems="0.000" systemtimems="0.000" timestamp="2019-06-16T18:48:43.395" activeThreads="4">
  <mem-info id="1380" free="6456064" total="8388608" percent="76">
    <mem type="nursery" free="1441792" total="2097152" percent="68">
      <mem type="allocate" free="1441792" total="1703936" percent="84" />
      <mem type="survivor" free="0" total="393216" percent="0" />
    </mem>
    <mem type="tenure" free="5014272" total="6291456" percent="79">
      <mem type="soa" free="4699904" total="5977088" percent="78" />
      <mem type="loa" free="314368" total="314368" percent="100" />
    </mem>
    <pending-finalizers system="0" default="0" reference="45" classloader="0" />
    <remembered-set count="408" />
  </mem-info>
</gc-end>
<cycle-end id="1381" type="scavenge" contextid="1375" timestamp="2019-06-16T18:48:43.395" />
  <attribute name="elasticGC enabled" value="1" />
  <attribute name= "numThreadsSpecified" value="4" />
  <attribute name="heapSize specified" value="8388608" />
  <attribute name="Current GC Util" value="1" />
  <attribute name= "Current Time Running" value="1266" />
  <attribute name ="GC Interval" value="200" />
  <attribute name="ProportionalT" value="-19.000000" />
  <attribute name="ProportionalI" value="-19.000000" />
  <attribute name="ProportionalH" value="-19.000000" />
  <attribute name="Current Error" value="-19.000000" />
  <attribute name="IntegralT" value="-7980.000000" />
  <attribute name="IntegralI" value="-7980.000000" />
  <attribute name="IntegralH" value="-7980.000000" />
  <attribute name="DerivativeT" value="-0.034524" />
  <attribute name="DerivativeI" value="-0.034524" />
  <attribute name="DerivativeH" value="-0.034524" />
  <attribute name="Loop Time for DT" value="420.000000" />
  <attribute name="Output H" value="2092630016"/>
  <attribute name="Output I" value="200"/>
  <attribute name="Output T" value="4"/>
  <attribute name="Target GC Util Change" value ="20.000000" />
  <attribute name="Current GC Util Change" value="1.000000"/>
  <attribute name="GC Util currently" value="1" />
  <attribute name="CPU Util currently" value="5" />
<allocation-satisfied id="1382" threadId="0000000000769700" bytesRequested="1032" />
<af-end id="1383" timestamp="2019-06-16T18:48:43.395" threadId="000000000076A088" success="true" from="nursery"/>
<exclusive-end id="1384" timestamp="2019-06-16T18:48:43.395" durationms="1.415" />

<exclusive-start id="1385" timestamp="2019-06-16T18:48:43.426" intervalms="32.416">
  <response-info timems="0.025" idlems="0.025" threads="0" lastid="0000000000769700" lastname="main" />
</exclusive-start>
<af-start id="1386" threadId="000000000076A088" totalBytesRequested="7176" timestamp="2019-06-16T18:48:43.426" intervalms="32.343" type="nursery" />
<cycle-start id="1387" type="scavenge" contextid="0" timestamp="2019-06-16T18:48:43.426" intervalms="32.279" />
<gc-start id="1388" type="scavenge" contextid="1387" timestamp="2019-06-16T18:48:43.427">
  <mem-info id="1389" free="4989064" total="8388608" percent="59">
    <mem type="nursery" free="0" total="2097152" percent="0">
      <mem type="allocate" free="0" total="1703936" percent="0" />
      <mem type="survivor" free="0" total="393216" percent="0" />
    </mem>
    <mem type="tenure" free="4989064" total="6291456" percent="79">
      <mem type="soa" free="4674696" total="5977088" percent="78" />
      <mem type="loa" free="314368" total="314368" percent="100" />
    </mem>
    <remembered-set count="655" />
  </mem-info>
</gc-start>
<allocation-stats totalBytes="1444616" >
  <allocated-bytes non-tlh="26240" tlh="1418376" />
  <largest-consumer threadName="main" threadId="0000000000769700" bytes="1440520" />
</allocation-stats>
<gc-op id="1390" type="scavenge" timems="0.354" contextid="1387" timestamp="2019-06-16T18:48:43.427">
  <scavenger-info tenureage="14" tenuremask="4000" tiltratio="81" />
  <memory-copied type="nursery" objects="2959" bytes="200976" bytesdiscarded="37184" />
  <references type="soft" candidates="2" cleared="0" enqueued="0" dynamicThreshold="26" maxThreshold="32" />
  <references type="weak" candidates="12" cleared="7" enqueued="7" />
  <references type="phantom" candidates="6" cleared="0" enqueued="0" />
</gc-op>
<gc-end id="1391" type="scavenge" contextid="1387" durationms="0.531" usertimems="4.000" systemtimems="0.000" timestamp="2019-06-16T18:48:43.427" activeThreads="4">
  <mem-info id="1392" free="6454752" total="8388608" percent="76">
    <mem type="nursery" free="1465688" total="2097152" percent="69">
      <mem type="allocate" free="1465688" total="1703936" percent="86" />
      <mem type="survivor" free="0" total="393216" percent="0" />
    </mem>
    <mem type="tenure" free="4989064" total="6291456" percent="79">
      <mem type="soa" free="4674696" total="5977088" percent="78" />
      <mem type="loa" free="314368" total="314368" percent="100" />
    </mem>
    <pending-finalizers system="0" default="0" reference="7" classloader="0" />
    <remembered-set count="651" />
  </mem-info>
</gc-end>
<cycle-end id="1393" type="scavenge" contextid="1387" timestamp="2019-06-16T18:48:43.427" />
  <attribute name="elasticGC enabled" value="1" />
  <attribute name= "numThreadsSpecified" value="4" />
  <attribute name="heapSize specified" value="8388608" />
  <attribute name="Current GC Util" value="2" />
  <attribute name= "Current Time Running" value="1298" />
  <attribute name ="GC Interval" value="200" />
  <attribute name="ProportionalT" value="-18.000000" />
  <attribute name="ProportionalI" value="-18.000000" />
  <attribute name="ProportionalH" value="-18.000000" />
  <attribute name="Current Error" value="-18.000000" />
  <attribute name="IntegralT" value="-576.000000" />
  <attribute name="IntegralI" value="-576.000000" />
  <attribute name="IntegralH" value="-576.000000" />
  <attribute name="DerivativeT" value="-0.281250" />
  <attribute name="DerivativeI" value="-0.281250" />
  <attribute name="DerivativeH" value="-0.281250" />
  <attribute name="Loop Time for DT" value="32.000000" />
  <attribute name="Output H" value="2092630016"/>
  <attribute name="Output I" value="200"/>
  <attribute name="Output T" value="4"/>
  <attribute name="Target GC Util Change" value ="20.000000" />
  <attribute name="Current GC Util Change" value="2.000000"/>
  <attribute name="GC Util currently" value="2" />
  <attribute name="CPU Util currently" value="143624767818" />
<allocation-satisfied id="1394" threadId="0000000000769700" bytesRequested="7176" />
<af-end id="1395" timestamp="2019-06-16T18:48:43.427" threadId="000000000076A088" success="true" from="nursery"/>
<exclusive-end id="1396" timestamp="2019-06-16T18:48:43.427" durationms="0.949" />

<exclusive-start id="1397" timestamp="2019-06-16T18:48:43.471" intervalms="44.614">
  <response-info timems="0.026" idlems="0.026" threads="0" lastid="0000000000769700" lastname="main" />
</exclusive-start>
<af-start id="1398" threadId="000000000076A088" totalBytesRequested="8208" timestamp="2019-06-16T18:48:43.471" intervalms="44.651" type="nursery" />
<cycle-start id="1399" type="scavenge" contextid="0" timestamp="2019-06-16T18:48:43.471" intervalms="44.693" />
<gc-start id="1400" type="scavenge" contextid="1399" timestamp="2019-06-16T18:48:43.471">
  <mem-info id="1401" free="4959800" total="8388608" percent="59">
    <mem type="nursery" free="0" total="2097152" percent="0">
      <mem type="allocate" free="0" total="1703936" percent="0" />
      <mem type="survivor" free="0" total="393216" percent="0" />
    </mem>
    <mem type="tenure" free="4959800" total="6291456" percent="78">
      <mem type="soa" free="4645432" total="5977088" percent="77" />
      <mem type="loa" free="314368" total="314368" percent="100" />
    </mem>
    <remembered-set count="969" />
  </mem-info>
</gc-start>
<allocation-stats totalBytes="1482176" >
  <allocated-bytes non-tlh="36440" tlh="1445736" />
  <largest-consumer threadName="main" threadId="0000000000769700" bytes="1482176" />
</allocation-stats>
<gc-op id="1402" type="scavenge" timems="0.429" contextid="1399" timestamp="2019-06-16T18:48:43.472">
  <scavenger-info tenureage="14" tenuremask="4000" tiltratio="81" />
  <memory-copied type="nursery" objects="3425" bytes="316640" bytesdiscarded="76416" />
  <references type="soft" candidates="2" cleared="0" enqueued="0" dynamicThreshold="26" maxThreshold="32" />
  <references type="weak" candidates="14" cleared="10" enqueued="10" />
  <references type="phantom" candidates="5" cleared="0" enqueued="0" />
</gc-op>
<gc-end id="1403" type="scavenge" contextid="1399" durationms="0.608" usertimems="0.000" systemtimems="0.000" timestamp="2019-06-16T18:48:43.472" activeThreads="4">
  <mem-info id="1404" free="6204984" total="8388608" percent="73">
    <mem type="nursery" free="1245184" total="2097152" percent="59">
      <mem type="allocate" free="1245184" total="1638400" percent="76" />
      <mem type="survivor" free="0" total="458752" percent="0" />
    </mem>
    <mem type="tenure" free="4959800" total="6291456" percent="78">
      <mem type="soa" free="4645432" total="5977088" percent="77" />
      <mem type="loa" free="314368" total="314368" percent="100" />
    </mem>
    <pending-finalizers system="0" default="0" reference="10" classloader="0" />
    <remembered-set count="720" />
  </mem-info>
</gc-end>
<cycle-end id="1405" type="scavenge" contextid="1399" timestamp="2019-06-16T18:48:43.472" />
  <attribute name="elasticGC enabled" value="1" />
  <attribute name= "numThreadsSpecified" value="4" />
  <attribute name="heapSize specified" value="8388608" />
  <attribute name="Current GC Util" value="1" />
  <attribute name= "Current Time Running" value="1343" />
  <attribute name ="GC Interval" value="200" />
  <attribute name="ProportionalT" value="-19.000000" />
  <attribute name="ProportionalI" value="-19.000000" />
  <attribute name="ProportionalH" value="-19.000000" />
  <attribute name="Current Error" value="-19.000000" />
  <attribute name="IntegralT" value="-855.000000" />
  <attribute name="IntegralI" value="-855.000000" />
  <attribute name="IntegralH" value="-855.000000" />
  <attribute name="DerivativeT" value="-0.211111" />
  <attribute name="DerivativeI" value="-0.211111" />
  <attribute name="DerivativeH" value="-0.211111" />
  <attribute name="Loop Time for DT" value="45.000000" />
  <attribute name="Output H" value="2092630016"/>
  <attribute name="Output I" value="200"/>
  <attribute name="Output T" value="4"/>
  <attribute name="Target GC Util Change" value ="20.000000" />
  <attribute name="Current GC Util Change" value="1.000000"/>
  <attribute name="GC Util currently" value="1" />
  <attribute name="CPU Util currently" value="103082398539" />
<allocation-satisfied id="1406" threadId="0000000000769700" bytesRequested="8208" />
<af-end id="1407" timestamp="2019-06-16T18:48:43.472" threadId="000000000076A088" success="true" from="nursery"/>
<exclusive-end id="1408" timestamp="2019-06-16T18:48:43.472" durationms="1.154" />

<exclusive-start id="1409" timestamp="2019-06-16T18:48:43.524" intervalms="53.154">
  <response-info timems="0.024" idlems="0.024" threads="0" lastid="0000000000769700" lastname="main" />
</exclusive-start>
<af-start id="1410" threadId="000000000076A088" totalBytesRequested="520" timestamp="2019-06-16T18:48:43.524" intervalms="53.120" type="nursery" />
<cycle-start id="1411" type="scavenge" contextid="0" timestamp="2019-06-16T18:48:43.524" intervalms="53.080" />
<gc-start id="1412" type="scavenge" contextid="1411" timestamp="2019-06-16T18:48:43.524">
  <mem-info id="1413" free="4927640" total="8388608" percent="58">
    <mem type="nursery" free="0" total="2097152" percent="0">
      <mem type="allocate" free="0" total="1638400" percent="0" />
      <mem type="survivor" free="0" total="458752" percent="0" />
    </mem>
    <mem type="tenure" free="4927640" total="6291456" percent="78">
      <mem type="soa" free="4613272" total="5977088" percent="77" />
      <mem type="loa" free="314368" total="314368" percent="100" />
    </mem>
    <remembered-set count="1090" />
  </mem-info>
</gc-start>
<allocation-stats totalBytes="1274928" >
  <allocated-bytes non-tlh="40368" tlh="1234560" />
  <largest-consumer threadName="main" threadId="0000000000769700" bytes="1274928" />
</allocation-stats>
<gc-op id="1414" type="scavenge" timems="0.429" contextid="1411" timestamp="2019-06-16T18:48:43.525">
  <scavenger-info tenureage="3" tenuremask="4008" tiltratio="78" />
  <memory-copied type="nursery" objects="3145" bytes="249224" bytesdiscarded="28008" />
  <memory-copied type="tenure" objects="2715" bytes="176824" bytesdiscarded="0" />
  <references type="weak" candidates="2" cleared="2" enqueued="2" />
</gc-op>
<gc-end id="1415" type="scavenge" contextid="1411" durationms="0.608" usertimems="0.000" systemtimems="0.000" timestamp="2019-06-16T18:48:43.525" activeThreads="4">
  <mem-info id="1416" free="6064064" total="8388608" percent="72">
    <mem type="nursery" free="1361080" total="2097152" percent="64">
      <mem type="allocate" free="1361080" total="1638400" percent="83" />
      <mem type="survivor" free="0" total="458752" percent="0" />
    </mem>
    <mem type="tenure" free="4702984" total="6291456" percent="74">
      <mem type="soa" free="4388616" total="5977088" percent="73" />
      <mem type="loa" free="314368" total="314368" percent="100" />
    </mem>
    <pending-finalizers system="0" default="0" reference="2" classloader="0" />
    <remembered-set count="831" />
  </mem-info>
</gc-end>
<cycle-end id="1417" type="scavenge" contextid="1411" timestamp="2019-06-16T18:48:43.525" />
  <attribute name="elasticGC enabled" value="1" />
  <attribute name= "numThreadsSpecified" value="4" />
  <attribute name="heapSize specified" value="8388608" />
  <attribute name="Current GC Util" value="1" />
  <attribute name= "Current Time Running" value="1396" />
  <attribute name ="GC Interval" value="200" />
  <attribute name="ProportionalT" value="-19.000000" />
  <attribute name="ProportionalI" value="-19.000000" />
  <attribute name="ProportionalH" value="-19.000000" />
  <attribute name="Current Error" value="-19.000000" />
  <attribute name="IntegralT" value="-1007.000000" />
  <attribute name="IntegralI" value="-1007.000000" />
  <attribute name="IntegralH" value="-1007.000000" />
  <attribute name="DerivativeT" value="-0.179245" />
  <attribute name="DerivativeI" value="-0.179245" />
  <attribute name="DerivativeH" value="-0.179245" />
  <attribute name="Loop Time for DT" value="53.000000" />
  <attribute name="Output H" value="2092630016"/>
  <attribute name="Output I" value="200"/>
  <attribute name="Output T" value="4"/>
  <attribute name="Target GC Util Change" value ="20.000000" />
  <attribute name="Current GC Util Change" value="1.000000"/>
  <attribute name="GC Util currently" value="1" />
  <attribute name="CPU Util currently" value="86958463440" />
<allocation-satisfied id="1418" threadId="0000000000769700" bytesRequested="520" />
<af-end id="1419" timestamp="2019-06-16T18:48:43.525" threadId="000000000076A088" success="true" from="nursery"/>
<exclusive-end id="1420" timestamp="2019-06-16T18:48:43.525" durationms="1.043" />

<exclusive-start id="1421" timestamp="2019-06-16T18:48:43.885" intervalms="360.637">
  <response-info timems="0.029" idlems="0.029" threads="0" lastid="0000000000769700" lastname="main" />
</exclusive-start>
<af-start id="1422" threadId="000000000076A088" totalBytesRequested="128" timestamp="2019-06-16T18:48:43.885" intervalms="360.644" type="nursery" />
<cycle-start id="1423" type="scavenge" contextid="0" timestamp="2019-06-16T18:48:43.885" intervalms="360.648" />
<gc-start id="1424" type="scavenge" contextid="1423" timestamp="2019-06-16T18:48:43.885">
  <mem-info id="1425" free="4684888" total="8388608" percent="55">
    <mem type="nursery" free="0" total="2097152" percent="0">
      <mem type="allocate" free="0" total="1638400" percent="0" />
      <mem type="survivor" free="0" total="458752" percent="0" />
    </mem>
    <mem type="tenure" free="4684888" total="6291456" percent="74">
      <mem type="soa" free="4370520" total="5977088" percent="73" />
      <mem type="loa" free="314368" total="314368" percent="100" />
    </mem>
    <remembered-set count="1110" />
  </mem-info>
</gc-start>
<allocation-stats totalBytes="1378408" >
  <allocated-bytes non-tlh="18616" tlh="1359792" />
  <largest-consumer threadName="main" threadId="0000000000769700" bytes="1378408" />
</allocation-stats>
<gc-op id="1426" type="scavenge" timems="0.721" contextid="1423" timestamp="2019-06-16T18:48:43.886">
  <scavenger-info tenureage="14" tenuremask="4000" tiltratio="78" />
  <memory-copied type="nursery" objects="3241" bytes="260696" bytesdiscarded="39768" />
  <finalization candidates="5" enqueued="0" />
  <references type="soft" candidates="1" cleared="0" enqueued="0" dynamicThreshold="26" maxThreshold="32" />
  <references type="weak" candidates="105" cleared="35" enqueued="24" />
  <references type="phantom" candidates="2" cleared="1" enqueued="1" />
</gc-op>
<gc-end id="1427" type="scavenge" contextid="1423" durationms="0.984" usertimems="0.000" systemtimems="0.000" timestamp="2019-06-16T18:48:43.886" activeThreads="4">
  <mem-info id="1428" free="6022736" total="8388608" percent="71">
    <mem type="nursery" free="1337848" total="2097152" percent="63">
      <mem type="allocate" free="1337848" total="1638400" percent="81" />
      <mem type="survivor" free="0" total="458752" percent="0" />
    </mem>
    <mem type="tenure" free="4684888" total="6291456" percent="74">
      <mem type="soa" free="4370520" total="5977088" percent="73" />
      <mem type="loa" free="314368" total="314368" percent="100" />
    </mem>
    <pending-finalizers system="0" default="0" reference="25" classloader="0" />
    <remembered-set count="859" />
  </mem-info>
</gc-end>
<cycle-end id="1429" type="scavenge" contextid="1423" timestamp="2019-06-16T18:48:43.886" />
  <attribute name="elasticGC enabled" value="1" />
  <attribute name= "numThreadsSpecified" value="4" />
  <attribute name="heapSize specified" value="8388608" />
  <attribute name="Current GC Util" value="0" />
  <attribute name= "Current Time Running" value="1756" />
  <attribute name ="GC Interval" value="200" />
  <attribute name="ProportionalT" value="-20.000000" />
  <attribute name="ProportionalI" value="-20.000000" />
  <attribute name="ProportionalH" value="-20.000000" />
  <attribute name="Current Error" value="-20.000000" />
  <attribute name="IntegralT" value="-7200.000000" />
  <attribute name="IntegralI" value="-7200.000000" />
  <attribute name="IntegralH" value="-7200.000000" />
  <attribute name="DerivativeT" value="-0.027778" />
  <attribute name="DerivativeI" value="-0.027778" />
  <attribute name="DerivativeH" value="-0.027778" />
  <attribute name="Loop Time for DT" value="360.000000" />
  <attribute name="Output H" value="2092630016"/>
  <attribute name="Output I" value="200"/>
  <attribute name="Output T" value="4"/>
  <attribute name="Target GC Util Change" value ="20.000000" />
  <attribute name="Current GC Util Change" value="0.000000"/>
  <attribute name="GC Util currently" value="0" />
  <attribute name="CPU Util currently" value="12786874193" />
<allocation-satisfied id="1430" threadId="0000000000769700" bytesRequested="128" />
<af-end id="1431" timestamp="2019-06-16T18:48:43.886" threadId="000000000076A088" success="true" from="nursery"/>
<exclusive-end id="1432" timestamp="2019-06-16T18:48:43.887" durationms="1.879" />

<exclusive-start id="1433" timestamp="2019-06-16T18:48:44.543" intervalms="658.421">
  <response-info timems="0.102" idlems="0.102" threads="0" lastid="0000000000769700" lastname="main" />
</exclusive-start>
<af-start id="1434" threadId="000000000076A088" totalBytesRequested="32" timestamp="2019-06-16T18:48:44.543" intervalms="658.455" type="nursery" />
<cycle-start id="1435" type="scavenge" contextid="0" timestamp="2019-06-16T18:48:44.543" intervalms="658.460" />
<gc-start id="1436" type="scavenge" contextid="1435" timestamp="2019-06-16T18:48:44.543">
  <mem-info id="1437" free="4684888" total="8388608" percent="55">
    <mem type="nursery" free="0" total="2097152" percent="0">
      <mem type="allocate" free="0" total="1638400" percent="0" />
      <mem type="survivor" free="0" total="458752" percent="0" />
    </mem>
    <mem type="tenure" free="4684888" total="6291456" percent="74">
      <mem type="soa" free="4370520" total="5977088" percent="73" />
      <mem type="loa" free="314368" total="314368" percent="100" />
    </mem>
    <remembered-set count="865" />
  </mem-info>
</gc-start>
<allocation-stats totalBytes="1336600" >
  <allocated-bytes non-tlh="128" tlh="1336472" />
  <largest-consumer threadName="main" threadId="0000000000769700" bytes="1324768" />
</allocation-stats>
<gc-op id="1438" type="scavenge" timems="0.687" contextid="1435" timestamp="2019-06-16T18:48:44.544">
  <scavenger-info tenureage="14" tenuremask="4000" tiltratio="78" />
  <memory-copied type="nursery" objects="5679" bytes="385584" bytesdiscarded="73080" />
  <memory-copied type="tenure" objects="1297" bytes="120424" bytesdiscarded="272" />
  <copy-failed type="nursery" objects="1297" bytes="120424" />
  <finalization candidates="5" enqueued="0" />
  <references type="soft" candidates="1" cleared="0" enqueued="0" dynamicThreshold="26" maxThreshold="32" />
  <references type="weak" candidates="68" cleared="0" enqueued="0" />
  <references type="phantom" candidates="1" cleared="0" enqueued="0" />
</gc-op>
<gc-end id="1439" type="scavenge" contextid="1435" durationms="0.871" usertimems="0.000" systemtimems="0.000" timestamp="2019-06-16T18:48:44.544" activeThreads="4">
  <mem-info id="1440" free="5353816" total="8388608" percent="63">
    <mem type="nursery" free="786432" total="2097152" percent="37">
      <mem type="allocate" free="786432" total="1245184" percent="63" />
      <mem type="survivor" free="0" total="851968" percent="0" />
    </mem>
    <mem type="tenure" free="4567384" total="6291456" percent="72">
      <mem type="soa" free="4253016" total="5977088" percent="71" />
      <mem type="loa" free="314368" total="314368" percent="100" />
    </mem>
    <remembered-set count="670" />
  </mem-info>
</gc-end>
<cycle-end id="1441" type="scavenge" contextid="1435" timestamp="2019-06-16T18:48:44.544" />
  <attribute name="elasticGC enabled" value="1" />
  <attribute name= "numThreadsSpecified" value="4" />
  <attribute name="heapSize specified" value="8388608" />
  <attribute name="Current GC Util" value="0" />
  <attribute name= "Current Time Running" value="2415" />
  <attribute name ="GC Interval" value="200" />
  <attribute name="ProportionalT" value="-20.000000" />
  <attribute name="ProportionalI" value="-20.000000" />
  <attribute name="ProportionalH" value="-20.000000" />
  <attribute name="Current Error" value="-20.000000" />
  <attribute name="IntegralT" value="-13180.000000" />
  <attribute name="IntegralI" value="-13180.000000" />
  <attribute name="IntegralH" value="-13180.000000" />
  <attribute name="DerivativeT" value="-0.015175" />
  <attribute name="DerivativeI" value="-0.015175" />
  <attribute name="DerivativeH" value="-0.015175" />
  <attribute name="Loop Time for DT" value="659.000000" />
  <attribute name="Output H" value="2092630016"/>
  <attribute name="Output I" value="200"/>
  <attribute name="Output T" value="4"/>
  <attribute name="Target GC Util Change" value ="20.000000" />
  <attribute name="Current GC Util Change" value="0.000000"/>
  <attribute name="GC Util currently" value="0" />
  <attribute name="CPU Util currently" value="5" />
<allocation-satisfied id="1442" threadId="0000000000769700" bytesRequested="32" />
<af-end id="1443" timestamp="2019-06-16T18:48:44.544" threadId="000000000076A088" success="true" from="nursery"/>
<exclusive-end id="1444" timestamp="2019-06-16T18:48:44.544" durationms="1.369" />

<exclusive-start id="1445" timestamp="2019-06-16T18:48:44.579" intervalms="35.918">
  <response-info timems="0.067" idlems="0.067" threads="0" lastid="0000000000A85000" lastname="PmdThread 4" />
</exclusive-start>
<af-start id="1446" threadId="0000000000A85988" totalBytesRequested="8208" timestamp="2019-06-16T18:48:44.579" intervalms="35.927" type="nursery" />
<cycle-start id="1447" type="scavenge" contextid="0" timestamp="2019-06-16T18:48:44.579" intervalms="35.945" />
<gc-start id="1448" type="scavenge" contextid="1447" timestamp="2019-06-16T18:48:44.579">
  <mem-info id="1449" free="4564512" total="8388608" percent="54">
    <mem type="nursery" free="0" total="2097152" percent="0">
      <mem type="allocate" free="0" total="1245184" percent="0" />
      <mem type="survivor" free="0" total="851968" percent="0" />
    </mem>
    <mem type="tenure" free="4564512" total="6291456" percent="72">
      <mem type="soa" free="4250144" total="5977088" percent="71" />
      <mem type="loa" free="314368" total="314368" percent="100" />
    </mem>
    <remembered-set count="733" />
  </mem-info>
</gc-start>
<allocation-stats totalBytes="755224" >
  <allocated-bytes non-tlh="2904" tlh="752320" />
  <largest-consumer threadName="main" threadId="0000000000769700" bytes="383408" />
</allocation-stats>
<gc-op id="1450" type="scavenge" timems="0.654" contextid="1447" timestamp="2019-06-16T18:48:44.580">
  <scavenger-info tenureage="4" tenuremask="6010" tiltratio="59" />
  <memory-copied type="nursery" objects="6927" bytes="473648" bytesdiscarded="192136" />
  <memory-copied type="tenure" objects="153" bytes="77560" bytesdiscarded="0" />
  <finalization candidates="6" enqueued="0" />
  <ownableSynchronizers candidates="7" cleared="0" />
  <references type="soft" candidates="1" cleared="0" enqueued="0" dynamicThreshold="26" maxThreshold="32" />
  <references type="weak" candidates="409" cleared="188" enqueued="126" />
  <references type="phantom" candidates="5" cleared="0" enqueued="0" />
</gc-op>
<gc-end id="1451" type="scavenge" contextid="1447" durationms="0.880" usertimems="0.000" systemtimems="0.000" timestamp="2019-06-16T18:48:44.580" activeThreads="4">
  <mem-info id="1452" free="5034704" total="8388608" percent="60">
    <mem type="nursery" free="644792" total="2097152" percent="30">
      <mem type="allocate" free="644792" total="1310720" percent="49" />
      <mem type="survivor" free="0" total="786432" percent="0" />
    </mem>
    <mem type="tenure" free="4389912" total="6291456" percent="69">
      <mem type="soa" free="4075544" total="5977088" percent="68" />
      <mem type="loa" free="314368" total="314368" percent="100" />
    </mem>
    <pending-finalizers system="0" default="0" reference="126" classloader="0" />
    <remembered-set count="491" />
  </mem-info>
</gc-end>
<cycle-end id="1453" type="scavenge" contextid="1447" timestamp="2019-06-16T18:48:44.580" />
  <attribute name="elasticGC enabled" value="1" />
  <attribute name= "numThreadsSpecified" value="4" />
  <attribute name="heapSize specified" value="8388608" />
  <attribute name="Current GC Util" value="3" />
  <attribute name= "Current Time Running" value="2451" />
  <attribute name ="GC Interval" value="200" />
  <attribute name="ProportionalT" value="-17.000000" />
  <attribute name="ProportionalI" value="-17.000000" />
  <attribute name="ProportionalH" value="-17.000000" />
  <attribute name="Current Error" value="-17.000000" />
  <attribute name="IntegralT" value="-612.000000" />
  <attribute name="IntegralI" value="-612.000000" />
  <attribute name="IntegralH" value="-612.000000" />
  <attribute name="DerivativeT" value="-0.236111" />
  <attribute name="DerivativeI" value="-0.236111" />
  <attribute name="DerivativeH" value="-0.236111" />
  <attribute name="Loop Time for DT" value="36.000000" />
  <attribute name="Output H" value="2092630016"/>
  <attribute name="Output I" value="200"/>
  <attribute name="Output T" value="4"/>
  <attribute name="Target GC Util Change" value ="20.000000" />
  <attribute name="Current GC Util Change" value="3.000000"/>
  <attribute name="GC Util currently" value="3" />
  <attribute name="CPU Util currently" value="3" />
<allocation-satisfied id="1454" threadId="0000000000A85000" bytesRequested="8208" />
<af-end id="1455" timestamp="2019-06-16T18:48:44.580" threadId="0000000000A85988" success="true" from="nursery"/>
<exclusive-end id="1456" timestamp="2019-06-16T18:48:44.580" durationms="1.379" />

<exclusive-start id="1457" timestamp="2019-06-16T18:48:44.613" intervalms="34.231">
  <response-info timems="0.213" idlems="0.192" threads="2" lastid="0000000000A81400" lastname="PmdThread 3" />
</exclusive-start>
<af-start id="1458" threadId="0000000000A85988" totalBytesRequested="144" timestamp="2019-06-16T18:48:44.613" intervalms="34.166" type="nursery" />
<cycle-start id="1459" type="scavenge" contextid="0" timestamp="2019-06-16T18:48:44.613" intervalms="34.118" />
<gc-start id="1460" type="scavenge" contextid="1459" timestamp="2019-06-16T18:48:44.613">
  <mem-info id="1461" free="4389912" total="8388608" percent="52">
    <mem type="nursery" free="0" total="2097152" percent="0">
      <mem type="allocate" free="0" total="1310720" percent="0" />
      <mem type="survivor" free="0" total="786432" percent="0" />
    </mem>
    <mem type="tenure" free="4389912" total="6291456" percent="69">
      <mem type="soa" free="4075544" total="5977088" percent="68" />
      <mem type="loa" free="314368" total="314368" percent="100" />
    </mem>
    <remembered-set count="495" />
  </mem-info>
</gc-start>
<allocation-stats totalBytes="642944" >
  <allocated-bytes non-tlh="16416" tlh="626528" />
  <largest-consumer threadName="PmdThread 3" threadId="0000000000A81400" bytes="299200" />
</allocation-stats>
<gc-op id="1462" type="scavenge" timems="0.712" contextid="1459" timestamp="2019-06-16T18:48:44.614">
  <scavenger-info tenureage="12" tenuremask="7000" tiltratio="62" />
  <memory-copied type="nursery" objects="12062" bytes="785552" bytesdiscarded="784" />
  <memory-copied type="tenure" objects="2102" bytes="120120" bytesdiscarded="0" />
  <copy-failed type="nursery" objects="2102" bytes="120120" />
  <finalization candidates="6" enqueued="0" />
  <ownableSynchronizers candidates="7" cleared="0" />
  <references type="soft" candidates="1" cleared="0" enqueued="0" dynamicThreshold="26" maxThreshold="32" />
  <references type="weak" candidates="221" cleared="0" enqueued="0" />
  <references type="phantom" candidates="4" cleared="0" enqueued="0" />
</gc-op>
<gc-end id="1463" type="scavenge" contextid="1459" durationms="0.918" usertimems="0.000" systemtimems="0.000" timestamp="2019-06-16T18:48:44.614" activeThreads="4">
  <mem-info id="1464" free="4582168" total="8388608" percent="54">
    <mem type="nursery" free="262144" total="2097152" percent="12">
      <mem type="allocate" free="262144" total="1048576" percent="25" />
      <mem type="survivor" free="0" total="1048576" percent="0" />
    </mem>
    <mem type="tenure" free="4320024" total="6291456" percent="68">
      <mem type="soa" free="4005656" total="5977088" percent="67" />
      <mem type="loa" free="314368" total="314368" percent="100" />
    </mem>
    <remembered-set count="589" />
  </mem-info>
</gc-end>
<cycle-end id="1465" type="scavenge" contextid="1459" timestamp="2019-06-16T18:48:44.614" />
  <attribute name="elasticGC enabled" value="1" />
  <attribute name= "numThreadsSpecified" value="4" />
  <attribute name="heapSize specified" value="8388608" />
  <attribute name="Current GC Util" value="4" />
  <attribute name= "Current Time Running" value="2485" />
  <attribute name ="GC Interval" value="200" />
  <attribute name="ProportionalT" value="-16.000000" />
  <attribute name="ProportionalI" value="-16.000000" />
  <attribute name="ProportionalH" value="-16.000000" />
  <attribute name="Current Error" value="-16.000000" />
  <attribute name="IntegralT" value="-544.000000" />
  <attribute name="IntegralI" value="-544.000000" />
  <attribute name="IntegralH" value="-544.000000" />
  <attribute name="DerivativeT" value="-0.235294" />
  <attribute name="DerivativeI" value="-0.235294" />
  <attribute name="DerivativeH" value="-0.235294" />
  <attribute name="Loop Time for DT" value="34.000000" />
  <attribute name="Output H" value="2092630016"/>
  <attribute name="Output I" value="200"/>
  <attribute name="Output T" value="4"/>
  <attribute name="Target GC Util Change" value ="20.000000" />
  <attribute name="Current GC Util Change" value="4.000000"/>
  <attribute name="GC Util currently" value="4" />
  <attribute name="CPU Util currently" value="32" />
<allocation-satisfied id="1466" threadId="0000000000A85000" bytesRequested="144" />
<af-end id="1467" timestamp="2019-06-16T18:48:44.615" threadId="0000000000A85988" success="true" from="nursery"/>
<exclusive-end id="1468" timestamp="2019-06-16T18:48:44.615" durationms="1.304" />

<exclusive-start id="1469" timestamp="2019-06-16T18:48:44.623" intervalms="10.118">
  <response-info timems="0.037" idlems="0.020" threads="1" lastid="0000000000A85000" lastname="PmdThread 4" />
</exclusive-start>
<af-start id="1470" threadId="0000000000A81D88" totalBytesRequested="1032" timestamp="2019-06-16T18:48:44.623" intervalms="10.125" type="nursery" />
<cycle-start id="1471" type="scavenge" contextid="0" timestamp="2019-06-16T18:48:44.624" intervalms="10.144" />
<gc-start id="1472" type="scavenge" contextid="1471" timestamp="2019-06-16T18:48:44.624">
  <mem-info id="1473" free="4319552" total="8388608" percent="51">
    <mem type="nursery" free="0" total="2097152" percent="0">
      <mem type="allocate" free="0" total="1048576" percent="0" />
      <mem type="survivor" free="0" total="1048576" percent="0" />
    </mem>
    <mem type="tenure" free="4319552" total="6291456" percent="68">
      <mem type="soa" free="4005184" total="5977088" percent="67" />
      <mem type="loa" free="314368" total="314368" percent="100" />
    </mem>
    <remembered-set count="599" />
  </mem-info>
</gc-start>
<allocation-stats totalBytes="261776" >
  <allocated-bytes non-tlh="616" tlh="261160" />
  <largest-consumer threadName="PmdThread 3" threadId="0000000000A81400" bytes="139248" />
</allocation-stats>
<gc-op id="1474" type="scavenge" timems="0.607" contextid="1471" timestamp="2019-06-16T18:48:44.624">
  <scavenger-info tenureage="11" tenuremask="7800" tiltratio="50" />
  <memory-copied type="nursery" objects="14110" bytes="878200" bytesdiscarded="170280" />
  <finalization candidates="6" enqueued="0" />
  <ownableSynchronizers candidates="7" cleared="0" />
  <references type="soft" candidates="1" cleared="0" enqueued="0" dynamicThreshold="26" maxThreshold="32" />
  <references type="weak" candidates="222" cleared="0" enqueued="0" />
  <references type="phantom" candidates="5" cleared="0" enqueued="0" />
</gc-op>
<gc-end id="1475" type="scavenge" contextid="1471" durationms="0.793" usertimems="0.000" systemtimems="4.000" timestamp="2019-06-16T18:48:44.624" activeThreads="4">
  <mem-info id="1476" free="4319552" total="8388608" percent="51">
    <mem type="nursery" free="0" total="2097152" percent="0">
      <mem type="allocate" free="0" total="1048576" percent="0" />
      <mem type="survivor" free="0" total="1048576" percent="0" />
    </mem>
    <mem type="tenure" free="4319552" total="6291456" percent="68">
      <mem type="soa" free="4005184" total="5977088" percent="67" />
      <mem type="loa" free="314368" total="314368" percent="100" />
    </mem>
    <remembered-set count="579" />
  </mem-info>
</gc-end>
<cycle-end id="1477" type="scavenge" contextid="1471" timestamp="2019-06-16T18:48:44.624" />
  <attribute name="elasticGC enabled" value="1" />
  <attribute name= "numThreadsSpecified" value="4" />
  <attribute name="heapSize specified" value="8388608" />
  <attribute name="Current GC Util" value="19" />
  <attribute name= "Current Time Running" value="2495" />
  <attribute name ="GC Interval" value="200" />
  <attribute name="ProportionalT" value="-1.000000" />
  <attribute name="ProportionalI" value="-1.000000" />
  <attribute name="ProportionalH" value="-1.000000" />
  <attribute name="Current Error" value="-1.000000" />
  <attribute name="IntegralT" value="-10.000000" />
  <attribute name="IntegralI" value="-10.000000" />
  <attribute name="IntegralH" value="-10.000000" />
  <attribute name="DerivativeT" value="-0.050000" />
  <attribute name="DerivativeI" value="-0.050000" />
  <attribute name="DerivativeH" value="-0.050000" />
  <attribute name="Loop Time for DT" value="10.000000" />
  <attribute name="Output H" value="2092630016"/>
  <attribute name="Output I" value="200"/>
  <attribute name="Output T" value="4"/>
  <attribute name="Target GC Util Change" value ="20.000000" />
  <attribute name="Current GC Util Change" value="19.000000"/>
  <attribute name="GC Util currently" value="19" />
  <attribute name="CPU Util currently" value="454256140580" />
<cycle-start id="1478" type="scavenge" contextid="0" timestamp="2019-06-16T18:48:44.625" intervalms="1.013" />
<gc-start id="1479" type="scavenge" contextid="1478" timestamp="2019-06-16T18:48:44.625">
  <mem-info id="1480" free="4319552" total="8388608" percent="51">
    <mem type="nursery" free="0" total="2097152" percent="0">
      <mem type="allocate" free="0" total="1048576" percent="0" />
      <mem type="survivor" free="0" total="1048576" percent="0" />
    </mem>
    <mem type="tenure" free="4319552" total="6291456" percent="68">
      <mem type="soa" free="4005184" total="5977088" percent="67" />
      <mem type="loa" free="314368" total="314368" percent="100" />
    </mem>
    <remembered-set count="579" />
  </mem-info>
</gc-start>
<allocation-stats totalBytes="0" >
  <allocated-bytes non-tlh="0" tlh="0" />
</allocation-stats>
<gc-op id="1481" type="scavenge" timems="0.668" contextid="1478" timestamp="2019-06-16T18:48:44.625">
  <scavenger-info tenureage="2" tenuremask="7c24" tiltratio="50" />
  <memory-copied type="nursery" objects="6864" bytes="442624" bytesdiscarded="179704" />
  <memory-copied type="tenure" objects="7246" bytes="435584" bytesdiscarded="776" />
  <finalization candidates="6" enqueued="0" />
  <ownableSynchronizers candidates="7" cleared="0" />
  <references type="weak" candidates="154" cleared="0" enqueued="0" />
  <references type="phantom" candidates="4" cleared="0" enqueued="0" />
</gc-op>
<gc-end id="1482" type="scavenge" contextid="1478" durationms="0.836" usertimems="0.000" systemtimems="0.000" timestamp="2019-06-16T18:48:44.625" activeThreads="4">
  <mem-info id="1483" free="4152144" total="8388608" percent="49">
    <mem type="nursery" free="426160" total="2097152" percent="20">
      <mem type="allocate" free="426160" total="1048576" percent="40" />
      <mem type="survivor" free="0" total="1048576" percent="0" />
    </mem>
    <mem type="tenure" free="3725984" total="6291456" percent="59">
      <mem type="soa" free="3411616" total="5977088" percent="57" />
      <mem type="loa" free="314368" total="314368" percent="100" />
    </mem>
    <remembered-set count="819" />
  </mem-info>
</gc-end>
<cycle-end id="1484" type="scavenge" contextid="1478" timestamp="2019-06-16T18:48:44.625" />
  <attribute name="elasticGC enabled" value="1" />
  <attribute name= "numThreadsSpecified" value="4" />
  <attribute name="heapSize specified" value="8388608" />
  <attribute name="Current GC Util" value="167" />
  <attribute name= "Current Time Running" value="2496" />
  <attribute name ="GC Interval" value="368" />
  <attribute name="ProportionalT" value="147.000000" />
  <attribute name="ProportionalI" value="147.000000" />
  <attribute name="ProportionalH" value="147.000000" />
  <attribute name="Current Error" value="147.000000" />
  <attribute name="IntegralT" value="147.000000" />
  <attribute name="IntegralI" value="147.000000" />
  <attribute name="IntegralH" value="147.000000" />
  <attribute name="DerivativeT" value="73.500000" />
  <attribute name="DerivativeI" value="73.500000" />
  <attribute name="DerivativeH" value="73.500000" />
  <attribute name="Loop Time for DT" value="1.000000" />
  <attribute name="Output H" value="8388608"/>
  <attribute name="Output I" value="368"/>
  <attribute name="Output T" value="4"/>
  <attribute name="Target GC Util Change" value ="20.000000" />
  <attribute name="Current GC Util Change" value="167.000000"/>
  <attribute name="GC Util currently" value="167" />
  <attribute name="CPU Util currently" value="4630295172727" />
<allocation-satisfied id="1485" threadId="0000000000A81400" bytesRequested="1032" />
<af-end id="1486" timestamp="2019-06-16T18:48:44.626" threadId="0000000000A81D88" success="true" from="nursery"/>
<exclusive-end id="1487" timestamp="2019-06-16T18:48:44.626" durationms="2.259" />

<exclusive-start id="1488" timestamp="2019-06-16T18:48:44.638" intervalms="14.161">
  <response-info timems="0.055" idlems="0.055" threads="0" lastid="0000000000A7D800" lastname="PmdThread 2" />
</exclusive-start>
<af-start id="1489" threadId="0000000000A7E188" totalBytesRequested="16" timestamp="2019-06-16T18:48:44.639" intervalms="15.183" type="nursery" />
<cycle-start id="1490" type="scavenge" contextid="0" timestamp="2019-06-16T18:48:44.639" intervalms="14.192" />
<gc-start id="1491" type="scavenge" contextid="1490" timestamp="2019-06-16T18:48:44.639">
  <mem-info id="1492" free="3723456" total="8388608" percent="44">
    <mem type="nursery" free="0" total="2097152" percent="0">
      <mem type="allocate" free="0" total="1048576" percent="0" />
      <mem type="survivor" free="0" total="1048576" percent="0" />
    </mem>
    <mem type="tenure" free="3723456" total="6291456" percent="59">
      <mem type="soa" free="3409088" total="5977088" percent="57" />
      <mem type="loa" free="314368" total="314368" percent="100" />
    </mem>
    <remembered-set count="850" />
  </mem-info>
</gc-start>
<allocation-stats totalBytes="427184" >
  <allocated-bytes non-tlh="3560" tlh="423624" />
  <largest-consumer threadName="PmdThread 4" threadId="0000000000A85000" bytes="314400" />
</allocation-stats>
<gc-op id="1493" type="scavenge" timems="1.486" contextid="1490" timestamp="2019-06-16T18:48:44.640">
  <scavenger-info tenureage="2" tenuremask="7e14" tiltratio="50" />
  <memory-copied type="nursery" objects="2954" bytes="184008" bytesdiscarded="156968" />
  <memory-copied type="tenure" objects="5960" bytes="389600" bytesdiscarded="40" />
  <finalization candidates="1" enqueued="0" />
  <ownableSynchronizers candidates="7" cleared="0" />
  <references type="weak" candidates="1" cleared="0" enqueued="0" />
  <references type="phantom" candidates="1" cleared="0" enqueued="0" />
</gc-op>
<heap-resize id="1494" type="expand" space="nursery" amount="131072" count="1" timems="0.067" reason="excessive time being spent scavenging" timestamp="2019-06-16T18:48:44.641" />
<gc-end id="1495" type="scavenge" contextid="1490" durationms="1.953" usertimems="0.000" systemtimems="4.000" timestamp="2019-06-16T18:48:44.641" activeThreads="4">
  <mem-info id="1496" free="3946416" total="8519680" percent="46">
    <mem type="nursery" free="773120" total="2228224" percent="34">
      <mem type="allocate" free="773120" total="1114112" percent="69" />
      <mem type="survivor" free="0" total="1114112" percent="0" />
    </mem>
    <mem type="tenure" free="3173296" total="6291456" percent="50">
      <mem type="soa" free="2858928" total="5977088" percent="47" />
      <mem type="loa" free="314368" total="314368" percent="100" />
    </mem>
    <remembered-set count="400" />
  </mem-info>
</gc-end>
<cycle-end id="1497" type="scavenge" contextid="1490" timestamp="2019-06-16T18:48:44.641" />
  <attribute name="elasticGC enabled" value="1" />
  <attribute name= "numThreadsSpecified" value="4" />
  <attribute name="heapSize specified" value="8388608" />
  <attribute name="Current GC Util" value="12" />
  <attribute name= "Current Time Running" value="2510" />
  <attribute name ="GC Interval" value="200" />
  <attribute name="ProportionalT" value="-8.000000" />
  <attribute name="ProportionalI" value="-8.000000" />
  <attribute name="ProportionalH" value="-8.000000" />
  <attribute name="Current Error" value="-8.000000" />
  <attribute name="IntegralT" value="-112.000000" />
  <attribute name="IntegralI" value="-112.000000" />
  <attribute name="IntegralH" value="-112.000000" />
  <attribute name="DerivativeT" value="-5.535714" />
  <attribute name="DerivativeI" value="-5.535714" />
  <attribute name="DerivativeH" value="-5.535714" />
  <attribute name="Loop Time for DT" value="14.000000" />
  <attribute name="Output H" value="2092630016"/>
  <attribute name="Output I" value="200"/>
  <attribute name="Output T" value="4"/>
  <attribute name="Target GC Util Change" value ="20.000000" />
  <attribute name="Current GC Util Change" value="12.000000"/>
  <attribute name="GC Util currently" value="12" />
  <attribute name="CPU Util currently" value="324904430740" />
<allocation-satisfied id="1498" threadId="0000000000A7D800" bytesRequested="16" />
<af-end id="1499" timestamp="2019-06-16T18:48:44.641" threadId="0000000000A7E188" success="true" from="nursery"/>
<exclusive-end id="1500" timestamp="2019-06-16T18:48:44.641" durationms="3.402" />

<exclusive-start id="1501" timestamp="2019-06-16T18:48:44.661" intervalms="23.655">
  <response-info timems="0.052" idlems="0.052" threads="0" lastid="0000000000A85000" lastname="PmdThread 4" />
</exclusive-start>
<af-start id="1502" threadId="0000000000A85988" totalBytesRequested="56" timestamp="2019-06-16T18:48:44.661" intervalms="22.640" type="nursery" />
<cycle-start id="1503" type="scavenge" contextid="0" timestamp="2019-06-16T18:48:44.661" intervalms="22.633" />
<gc-start id="1504" type="scavenge" contextid="1503" timestamp="2019-06-16T18:48:44.661">
  <mem-info id="1505" free="3170448" total="8519680" percent="37">
    <mem type="nursery" free="0" total="2228224" percent="0">
      <mem type="allocate" free="0" total="1114112" percent="0" />
      <mem type="survivor" free="0" total="1114112" percent="0" />
    </mem>
    <mem type="tenure" free="3170448" total="6291456" percent="50">
      <mem type="soa" free="2856080" total="5977088" percent="47" />
      <mem type="loa" free="314368" total="314368" percent="100" />
    </mem>
    <remembered-set count="442" />
  </mem-info>
</gc-start>
<allocation-stats totalBytes="763752" >
  <allocated-bytes non-tlh="392984" tlh="370768" />
  <largest-consumer threadName="PmdThread 3" threadId="0000000000A81400" bytes="602264" />
</allocation-stats>
<gc-op id="1506" type="scavenge" timems="0.464" contextid="1503" timestamp="2019-06-16T18:48:44.662">
  <scavenger-info tenureage="8" tenuremask="7f00" tiltratio="50" />
  <memory-copied type="nursery" objects="3936" bytes="347584" bytesdiscarded="239448" />
  <memory-copied type="tenure" objects="149" bytes="3184" bytesdiscarded="0" />
  <references type="phantom" candidates="1" cleared="0" enqueued="0" />
</gc-op>
<gc-end id="1507" type="scavenge" contextid="1503" durationms="0.654" usertimems="0.000" systemtimems="0.000" timestamp="2019-06-16T18:48:44.662" activeThreads="4">
  <mem-info id="1508" free="3763000" total="8519680" percent="44">
    <mem type="nursery" free="592552" total="2228224" percent="26">
      <mem type="allocate" free="592552" total="1179648" percent="50" />
      <mem type="survivor" free="0" total="1048576" percent="0" />
    </mem>
    <mem type="tenure" free="3170448" total="6291456" percent="50">
      <mem type="soa" free="2856080" total="5977088" percent="47" />
      <mem type="loa" free="314368" total="314368" percent="100" />
    </mem>
    <remembered-set count="272" />
  </mem-info>
</gc-end>
<cycle-end id="1509" type="scavenge" contextid="1503" timestamp="2019-06-16T18:48:44.662" />
  <attribute name="elasticGC enabled" value="1" />
  <attribute name= "numThreadsSpecified" value="4" />
  <attribute name="heapSize specified" value="8388608" />
  <attribute name="Current GC Util" value="15" />
  <attribute name= "Current Time Running" value="2533" />
  <attribute name ="GC Interval" value="200" />
  <attribute name="ProportionalT" value="-5.000000" />
  <attribute name="ProportionalI" value="-5.000000" />
  <attribute name="ProportionalH" value="-5.000000" />
  <attribute name="Current Error" value="-5.000000" />
  <attribute name="IntegralT" value="-115.000000" />
  <attribute name="IntegralI" value="-115.000000" />
  <attribute name="IntegralH" value="-115.000000" />
  <attribute name="DerivativeT" value="-0.108696" />
  <attribute name="DerivativeI" value="-0.108696" />
  <attribute name="DerivativeH" value="-0.108696" />
  <attribute name="Loop Time for DT" value="23.000000" />
  <attribute name="Output H" value="2092630016"/>
  <attribute name="Output I" value="200"/>
  <attribute name="Output T" value="4"/>
  <attribute name="Target GC Util Change" value ="20.000000" />
  <attribute name="Current GC Util Change" value="15.000000"/>
  <attribute name="GC Util currently" value="15" />
  <attribute name="CPU Util currently" value="203644478319" />
<allocation-satisfied id="1510" threadId="0000000000A85000" bytesRequested="56" />
<af-end id="1511" timestamp="2019-06-16T18:48:44.662" threadId="0000000000A85988" success="true" from="nursery"/>
<exclusive-end id="1512" timestamp="2019-06-16T18:48:44.662" durationms="1.200" />

<exclusive-start id="1513" timestamp="2019-06-16T18:48:44.670" intervalms="8.767">
  <response-info timems="0.083" idlems="0.066" threads="1" lastid="0000000000770F00" lastname="JIT Compilation Thread-1" />
</exclusive-start>
<af-start id="1514" threadId="0000000000A7E188" totalBytesRequested="704" timestamp="2019-06-16T18:48:44.670" intervalms="8.756" type="nursery" />
<cycle-start id="1515" type="scavenge" contextid="0" timestamp="2019-06-16T18:48:44.670" intervalms="8.741" />
<gc-start id="1516" type="scavenge" contextid="1515" timestamp="2019-06-16T18:48:44.670">
  <mem-info id="1517" free="3165984" total="8519680" percent="37">
    <mem type="nursery" free="0" total="2228224" percent="0">
      <mem type="allocate" free="0" total="1179648" percent="0" />
      <mem type="survivor" free="0" total="1048576" percent="0" />
    </mem>
    <mem type="tenure" free="3165984" total="6291456" percent="50">
      <mem type="soa" free="2851616" total="5977088" percent="47" />
      <mem type="loa" free="314368" total="314368" percent="100" />
    </mem>
    <remembered-set count="374" />
  </mem-info>
</gc-start>
<allocation-stats totalBytes="594384" >
  <allocated-bytes non-tlh="108416" tlh="485968" />
  <largest-consumer threadName="PmdThread 4" threadId="0000000000A85000" bytes="248344" />
</allocation-stats>
<gc-op id="1518" type="scavenge" timems="0.423" contextid="1515" timestamp="2019-06-16T18:48:44.671">
  <scavenger-info tenureage="9" tenuremask="7e00" tiltratio="52" />
  <memory-copied type="nursery" objects="7155" bytes="548256" bytesdiscarded="152144" />
  <references type="phantom" candidates="1" cleared="0" enqueued="0" />
</gc-op>
<gc-end id="1519" type="scavenge" contextid="1515" durationms="0.597" usertimems="0.000" systemtimems="0.000" timestamp="2019-06-16T18:48:44.671" activeThreads="4">
  <mem-info id="1520" free="3710712" total="8519680" percent="43">
    <mem type="nursery" free="544728" total="2228224" percent="24">
      <mem type="allocate" free="544728" total="1245184" percent="43" />
      <mem type="survivor" free="0" total="983040" percent="0" />
    </mem>
    <mem type="tenure" free="3165984" total="6291456" percent="50">
      <mem type="soa" free="2851616" total="5977088" percent="47" />
      <mem type="loa" free="314368" total="314368" percent="100" />
    </mem>
    <remembered-set count="336" />
  </mem-info>
</gc-end>
<cycle-end id="1521" type="scavenge" contextid="1515" timestamp="2019-06-16T18:48:44.671" />
  <attribute name="elasticGC enabled" value="1" />
  <attribute name= "numThreadsSpecified" value="4" />
  <attribute name="heapSize specified" value="8388608" />
  <attribute name="Current GC Util" value="11" />
  <attribute name= "Current Time Running" value="2542" />
  <attribute name ="GC Interval" value="200" />
  <attribute name="ProportionalT" value="-9.000000" />
  <attribute name="ProportionalI" value="-9.000000" />
  <attribute name="ProportionalH" value="-9.000000" />
  <attribute name="Current Error" value="-9.000000" />
  <attribute name="IntegralT" value="-81.000000" />
  <attribute name="IntegralI" value="-81.000000" />
  <attribute name="IntegralH" value="-81.000000" />
  <attribute name="DerivativeT" value="-0.500000" />
  <attribute name="DerivativeI" value="-0.500000" />
  <attribute name="DerivativeH" value="-0.500000" />
  <attribute name="Loop Time for DT" value="9.000000" />
  <attribute name="Output H" value="2092630016"/>
  <attribute name="Output I" value="200"/>
  <attribute name="Output T" value="4"/>
  <attribute name="Target GC Util Change" value ="20.000000" />
  <attribute name="Current GC Util Change" value="11.000000"/>
  <attribute name="GC Util currently" value="11" />
  <attribute name="CPU Util currently" value="527639339337" />
<allocation-satisfied id="1522" threadId="0000000000A7D800" bytesRequested="704" />
<af-end id="1523" timestamp="2019-06-16T18:48:44.671" threadId="0000000000A7E188" success="true" from="nursery"/>
<exclusive-end id="1524" timestamp="2019-06-16T18:48:44.671" durationms="1.015" />

<exclusive-start id="1525" timestamp="2019-06-16T18:48:44.680" intervalms="9.979">
  <response-info timems="0.271" idlems="0.145" threads="1" lastid="0000000000770F00" lastname="JIT Compilation Thread-1" />
</exclusive-start>
<af-start id="1526" threadId="0000000000A7E188" totalBytesRequested="936" timestamp="2019-06-16T18:48:44.680" intervalms="9.995" type="nursery" />
<cycle-start id="1527" type="scavenge" contextid="0" timestamp="2019-06-16T18:48:44.680" intervalms="10.014" />
<gc-start id="1528" type="scavenge" contextid="1527" timestamp="2019-06-16T18:48:44.680">
  <mem-info id="1529" free="3161624" total="8519680" percent="37">
    <mem type="nursery" free="0" total="2228224" percent="0">
      <mem type="allocate" free="0" total="1245184" percent="0" />
      <mem type="survivor" free="0" total="983040" percent="0" />
    </mem>
    <mem type="tenure" free="3161624" total="6291456" percent="50">
      <mem type="soa" free="2847256" total="5977088" percent="47" />
      <mem type="loa" free="314368" total="314368" percent="100" />
    </mem>
    <remembered-set count="387" />
  </mem-info>
</gc-start>
<allocation-stats totalBytes="540208" >
  <allocated-bytes non-tlh="53560" tlh="486648" />
  <largest-consumer threadName="PmdThread 3" threadId="0000000000A81400" bytes="364008" />
</allocation-stats>
<gc-op id="1530" type="scavenge" timems="0.638" contextid="1527" timestamp="2019-06-16T18:48:44.681">
  <scavenger-info tenureage="3" tenuremask="7f08" tiltratio="55" />
  <memory-copied type="nursery" objects="5151" bytes="423104" bytesdiscarded="207408" />
  <memory-copied type="tenure" objects="2700" bytes="174736" bytesdiscarded="128" />
  <references type="weak" candidates="3" cleared="1" enqueued="1" />
  <references type="phantom" candidates="1" cleared="0" enqueued="0" />
</gc-op>
<gc-end id="1531" type="scavenge" contextid="1527" durationms="0.875" usertimems="0.000" systemtimems="0.000" timestamp="2019-06-16T18:48:44.681" activeThreads="4">
  <mem-info id="1532" free="3771888" total="8519680" percent="44">
    <mem type="nursery" free="680152" total="2228224" percent="30">
      <mem type="allocate" free="680152" total="1310720" percent="51" />
      <mem type="survivor" free="0" total="917504" percent="0" />
    </mem>
    <mem type="tenure" free="3091736" total="6291456" percent="49">
      <mem type="soa" free="2777368" total="5977088" percent="46" />
      <mem type="loa" free="314368" total="314368" percent="100" />
    </mem>
    <pending-finalizers system="0" default="0" reference="1" classloader="0" />
    <remembered-set count="284" />
  </mem-info>
</gc-end>
<cycle-end id="1533" type="scavenge" contextid="1527" timestamp="2019-06-16T18:48:44.681" />
  <attribute name="elasticGC enabled" value="1" />
  <attribute name= "numThreadsSpecified" value="4" />
  <attribute name="heapSize specified" value="8388608" />
  <attribute name="Current GC Util" value="11" />
  <attribute name= "Current Time Running" value="2552" />
  <attribute name ="GC Interval" value="200" />
  <attribute name="ProportionalT" value="-9.000000" />
  <attribute name="ProportionalI" value="-9.000000" />
  <attribute name="ProportionalH" value="-9.000000" />
  <attribute name="Current Error" value="-9.000000" />
  <attribute name="IntegralT" value="-90.000000" />
  <attribute name="IntegralI" value="-90.000000" />
  <attribute name="IntegralH" value="-90.000000" />
  <attribute name="DerivativeT" value="-0.450000" />
  <attribute name="DerivativeI" value="-0.450000" />
  <attribute name="DerivativeH" value="-0.450000" />
  <attribute name="Loop Time for DT" value="10.000000" />
  <attribute name="Output H" value="2092630016"/>
  <attribute name="Output I" value="200"/>
  <attribute name="Output T" value="4"/>
  <attribute name="Target GC Util Change" value ="20.000000" />
  <attribute name="Current GC Util Change" value="11.000000"/>
  <attribute name="GC Util currently" value="11" />
  <attribute name="CPU Util currently" value="455851414050" />
<allocation-satisfied id="1534" threadId="0000000000A7D800" bytesRequested="936" />
<af-end id="1535" timestamp="2019-06-16T18:48:44.681" threadId="0000000000A7E188" success="true" from="nursery"/>
<exclusive-end id="1536" timestamp="2019-06-16T18:48:44.681" durationms="1.369" />

<exclusive-start id="1537" timestamp="2019-06-16T18:48:44.692" intervalms="12.408">
  <response-info timems="0.059" idlems="0.032" threads="1" lastid="0000000000A81400" lastname="PmdThread 3" />
</exclusive-start>
<af-start id="1538" threadId="0000000000A85988" totalBytesRequested="952" timestamp="2019-06-16T18:48:44.692" intervalms="12.414" type="nursery" />
<cycle-start id="1539" type="scavenge" contextid="0" timestamp="2019-06-16T18:48:44.693" intervalms="12.412" />
<gc-start id="1540" type="scavenge" contextid="1539" timestamp="2019-06-16T18:48:44.693">
  <mem-info id="1541" free="3091192" total="8519680" percent="36">
    <mem type="nursery" free="0" total="2228224" percent="0">
      <mem type="allocate" free="0" total="1310720" percent="0" />
      <mem type="survivor" free="0" total="917504" percent="0" />
    </mem>
    <mem type="tenure" free="3091192" total="6291456" percent="49">
      <mem type="soa" free="2776824" total="5977088" percent="46" />
      <mem type="loa" free="314368" total="314368" percent="100" />
    </mem>
    <remembered-set count="295" />
  </mem-info>
</gc-start>
<allocation-stats totalBytes="679336" >
  <allocated-bytes non-tlh="17872" tlh="661464" />
  <largest-consumer threadName="PmdThread 2" threadId="0000000000A7D800" bytes="332368" />
</allocation-stats>
<gc-op id="1542" type="scavenge" timems="0.601" contextid="1539" timestamp="2019-06-16T18:48:44.693">
  <scavenger-info tenureage="3" tenuremask="7f88" tiltratio="58" />
  <memory-copied type="nursery" objects="6998" bytes="535504" bytesdiscarded="129856" />
  <memory-copied type="tenure" objects="1113" bytes="164400" bytesdiscarded="72" />
  <references type="weak" candidates="3" cleared="1" enqueued="1" />
  <references type="phantom" candidates="2" cleared="0" enqueued="0" />
</gc-op>
<gc-end id="1543" type="scavenge" contextid="1539" durationms="0.853" usertimems="4.000" systemtimems="0.000" timestamp="2019-06-16T18:48:44.693" activeThreads="4">
  <mem-info id="1544" free="3732176" total="8519680" percent="43">
    <mem type="nursery" free="710872" total="2228224" percent="31">
      <mem type="allocate" free="710872" total="1376256" percent="51" />
      <mem type="survivor" free="0" total="851968" percent="0" />
    </mem>
    <mem type="tenure" free="3021304" total="6291456" percent="48">
      <mem type="soa" free="2706936" total="5977088" percent="45" />
      <mem type="loa" free="314368" total="314368" percent="100" />
    </mem>
    <pending-finalizers system="0" default="0" reference="1" classloader="0" />
    <remembered-set count="262" />
  </mem-info>
</gc-end>
<cycle-end id="1545" type="scavenge" contextid="1539" timestamp="2019-06-16T18:48:44.694" />
  <attribute name="elasticGC enabled" value="1" />
  <attribute name= "numThreadsSpecified" value="4" />
  <attribute name="heapSize specified" value="8388608" />
  <attribute name="Current GC Util" value="11" />
  <attribute name= "Current Time Running" value="2564" />
  <attribute name ="GC Interval" value="200" />
  <attribute name="ProportionalT" value="-9.000000" />
  <attribute name="ProportionalI" value="-9.000000" />
  <attribute name="ProportionalH" value="-9.000000" />
  <attribute name="Current Error" value="-9.000000" />
  <attribute name="IntegralT" value="-108.000000" />
  <attribute name="IntegralI" value="-108.000000" />
  <attribute name="IntegralH" value="-108.000000" />
  <attribute name="DerivativeT" value="-0.375000" />
  <attribute name="DerivativeI" value="-0.375000" />
  <attribute name="DerivativeH" value="-0.375000" />
  <attribute name="Loop Time for DT" value="12.000000" />
  <attribute name="Output H" value="2092630016"/>
  <attribute name="Output I" value="200"/>
  <attribute name="Output T" value="4"/>
  <attribute name="Target GC Util Change" value ="20.000000" />
  <attribute name="Current GC Util Change" value="11.000000"/>
  <attribute name="GC Util currently" value="11" />
  <attribute name="CPU Util currently" value="372438695256" />
<allocation-satisfied id="1546" threadId="0000000000A85000" bytesRequested="952" />
<af-end id="1547" timestamp="2019-06-16T18:48:44.694" threadId="0000000000A85988" success="true" from="nursery"/>
<exclusive-end id="1548" timestamp="2019-06-16T18:48:44.694" durationms="1.334" />

<exclusive-start id="1549" timestamp="2019-06-16T18:48:44.718" intervalms="25.627">
  <response-info timems="0.046" idlems="0.018" threads="3" lastid="000000000076D300" lastname="JIT Compilation Thread-0" />
</exclusive-start>
<af-start id="1550" threadId="0000000000A85988" totalBytesRequested="56" timestamp="2019-06-16T18:48:44.718" intervalms="25.634" type="nursery" />
<cycle-start id="1551" type="scavenge" contextid="0" timestamp="2019-06-16T18:48:44.718" intervalms="25.623" />
<gc-start id="1552" type="scavenge" contextid="1551" timestamp="2019-06-16T18:48:44.718">
  <mem-info id="1553" free="3015288" total="8519680" percent="35">
    <mem type="nursery" free="0" total="2228224" percent="0">
      <mem type="allocate" free="0" total="1376256" percent="0" />
      <mem type="survivor" free="0" total="851968" percent="0" />
    </mem>
    <mem type="tenure" free="3015288" total="6291456" percent="47">
      <mem type="soa" free="2700920" total="5977088" percent="45" />
      <mem type="loa" free="314368" total="314368" percent="100" />
    </mem>
    <remembered-set count="365" />
  </mem-info>
</gc-start>
<allocation-stats totalBytes="713552" >
  <allocated-bytes non-tlh="23320" tlh="690232" />
  <largest-consumer threadName="PmdThread 3" threadId="0000000000A81400" bytes="345136" />
</allocation-stats>
<gc-op id="1554" type="scavenge" timems="0.812" contextid="1551" timestamp="2019-06-16T18:48:44.719">
  <scavenger-info tenureage="3" tenuremask="7fc8" tiltratio="61" />
  <memory-copied type="nursery" objects="8170" bytes="526608" bytesdiscarded="202816" />
  <memory-copied type="tenure" objects="3059" bytes="195328" bytesdiscarded="32" />
  <finalization candidates="1" enqueued="0" />
  <references type="soft" candidates="2" cleared="0" enqueued="0" dynamicThreshold="26" maxThreshold="32" />
  <references type="weak" candidates="13" cleared="3" enqueued="3" />
  <references type="phantom" candidates="8" cleared="2" enqueued="2" />
</gc-op>
<gc-end id="1555" type="scavenge" contextid="1551" durationms="1.018" usertimems="4.000" systemtimems="0.000" timestamp="2019-06-16T18:48:44.719" activeThreads="4">
  <mem-info id="1556" free="3443960" total="8519680" percent="40">
    <mem type="nursery" free="646784" total="2228224" percent="29">
      <mem type="allocate" free="646784" total="1376256" percent="46" />
      <mem type="survivor" free="0" total="851968" percent="0" />
    </mem>
    <mem type="tenure" free="2797176" total="6291456" percent="44">
      <mem type="soa" free="2482808" total="5977088" percent="41" />
      <mem type="loa" free="314368" total="314368" percent="100" />
    </mem>
    <pending-finalizers system="0" default="0" reference="5" classloader="0" />
    <remembered-set count="315" />
  </mem-info>
</gc-end>
<cycle-end id="1557" type="scavenge" contextid="1551" timestamp="2019-06-16T18:48:44.719" />
  <attribute name="elasticGC enabled" value="1" />
  <attribute name= "numThreadsSpecified" value="4" />
  <attribute name="heapSize specified" value="8388608" />
  <attribute name="Current GC Util" value="6" />
  <attribute name= "Current Time Running" value="2590" />
  <attribute name ="GC Interval" value="200" />
  <attribute name="ProportionalT" value="-14.000000" />
  <attribute name="ProportionalI" value="-14.000000" />
  <attribute name="ProportionalH" value="-14.000000" />
  <attribute name="Current Error" value="-14.000000" />
  <attribute name="IntegralT" value="-364.000000" />
  <attribute name="IntegralI" value="-364.000000" />
  <attribute name="IntegralH" value="-364.000000" />
  <attribute name="DerivativeT" value="-0.269231" />
  <attribute name="DerivativeI" value="-0.269231" />
  <attribute name="DerivativeH" value="-0.269231" />
  <attribute name="Loop Time for DT" value="26.000000" />
  <attribute name="Output H" value="2092630016"/>
  <attribute name="Output I" value="200"/>
  <attribute name="Output T" value="4"/>
  <attribute name="Target GC Util Change" value ="20.000000" />
  <attribute name="Current GC Util Change" value="6.000000"/>
  <attribute name="GC Util currently" value="6" />
  <attribute name="CPU Util currently" value="180345634056" />
<allocation-satisfied id="1558" threadId="0000000000A85000" bytesRequested="56" />
<af-end id="1559" timestamp="2019-06-16T18:48:44.719" threadId="0000000000A85988" success="true" from="nursery"/>
<exclusive-end id="1560" timestamp="2019-06-16T18:48:44.719" durationms="1.497" />

<exclusive-start id="1561" timestamp="2019-06-16T18:48:44.739" intervalms="21.017">
  <response-info timems="0.040" idlems="0.040" threads="0" lastid="0000000000A81400" lastname="PmdThread 3" />
</exclusive-start>
<af-start id="1562" threadId="0000000000A81D88" totalBytesRequested="1768" timestamp="2019-06-16T18:48:44.739" intervalms="21.008" type="nursery" />
<cycle-start id="1563" type="scavenge" contextid="0" timestamp="2019-06-16T18:48:44.739" intervalms="20.982" />
<gc-start id="1564" type="scavenge" contextid="1563" timestamp="2019-06-16T18:48:44.739">
  <mem-info id="1565" free="2789704" total="8519680" percent="32">
    <mem type="nursery" free="0" total="2228224" percent="0">
      <mem type="allocate" free="0" total="1376256" percent="0" />
      <mem type="survivor" free="0" total="851968" percent="0" />
    </mem>
    <mem type="tenure" free="2789704" total="6291456" percent="44">
      <mem type="soa" free="2475336" total="5977088" percent="41" />
      <mem type="loa" free="314368" total="314368" percent="100" />
    </mem>
    <remembered-set count="426" />
  </mem-info>
</gc-start>
<allocation-stats totalBytes="650296" >
  <allocated-bytes non-tlh="7528" tlh="642768" />
  <largest-consumer threadName="PmdThread 3" threadId="0000000000A81400" bytes="231784" />
</allocation-stats>
<gc-op id="1566" type="scavenge" timems="0.725" contextid="1563" timestamp="2019-06-16T18:48:44.740">
  <scavenger-info tenureage="5" tenuremask="7fe0" tiltratio="61" />
  <memory-copied type="nursery" objects="10449" bytes="579480" bytesdiscarded="70656" />
  <finalization candidates="1" enqueued="0" />
  <references type="soft" candidates="2" cleared="0" enqueued="0" dynamicThreshold="26" maxThreshold="32" />
  <references type="weak" candidates="14" cleared="4" enqueued="4" />
  <references type="phantom" candidates="5" cleared="0" enqueued="0" />
</gc-op>
<gc-end id="1567" type="scavenge" contextid="1563" durationms="0.944" usertimems="0.000" systemtimems="0.000" timestamp="2019-06-16T18:48:44.740" activeThreads="4">
  <mem-info id="1568" free="3646744" total="8519680" percent="42">
    <mem type="nursery" free="857040" total="2228224" percent="38">
      <mem type="allocate" free="857040" total="1507328" percent="56" />
      <mem type="survivor" free="0" total="720896" percent="0" />
    </mem>
    <mem type="tenure" free="2789704" total="6291456" percent="44">
      <mem type="soa" free="2475336" total="5977088" percent="41" />
      <mem type="loa" free="314368" total="314368" percent="100" />
    </mem>
    <pending-finalizers system="0" default="0" reference="4" classloader="0" />
    <remembered-set count="408" />
  </mem-info>
</gc-end>
<cycle-end id="1569" type="scavenge" contextid="1563" timestamp="2019-06-16T18:48:44.740" />
  <attribute name="elasticGC enabled" value="1" />
  <attribute name= "numThreadsSpecified" value="4" />
  <attribute name="heapSize specified" value="8388608" />
  <attribute name="Current GC Util" value="10" />
  <attribute name= "Current Time Running" value="2611" />
  <attribute name ="GC Interval" value="200" />
  <attribute name="ProportionalT" value="-10.000000" />
  <attribute name="ProportionalI" value="-10.000000" />
  <attribute name="ProportionalH" value="-10.000000" />
  <attribute name="Current Error" value="-10.000000" />
  <attribute name="IntegralT" value="-210.000000" />
  <attribute name="IntegralI" value="-210.000000" />
  <attribute name="IntegralH" value="-210.000000" />
  <attribute name="DerivativeT" value="-0.238095" />
  <attribute name="DerivativeI" value="-0.238095" />
  <attribute name="DerivativeH" value="-0.238095" />
  <attribute name="Loop Time for DT" value="21.000000" />
  <attribute name="Output H" value="2092630016"/>
  <attribute name="Output I" value="200"/>
  <attribute name="Output T" value="4"/>
  <attribute name="Target GC Util Change" value ="20.000000" />
  <attribute name="Current GC Util Change" value="10.000000"/>
  <attribute name="GC Util currently" value="10" />
  <attribute name="CPU Util currently" value="219857078300" />
<allocation-satisfied id="1570" threadId="0000000000A81400" bytesRequested="1768" />
<af-end id="1571" timestamp="2019-06-16T18:48:44.740" threadId="0000000000A81D88" success="true" from="nursery"/>
<exclusive-end id="1572" timestamp="2019-06-16T18:48:44.740" durationms="1.368" />

<exclusive-start id="1573" timestamp="2019-06-16T18:48:44.769" intervalms="29.984">
  <response-info timems="0.108" idlems="0.070" threads="2" lastid="000000000076D300" lastname="JIT Compilation Thread-0" />
</exclusive-start>
<af-start id="1574" threadId="0000000000A7E188" totalBytesRequested="40" timestamp="2019-06-16T18:48:44.769" intervalms="30.047" type="nursery" />
<cycle-start id="1575" type="scavenge" contextid="0" timestamp="2019-06-16T18:48:44.769" intervalms="30.136" />
<gc-start id="1576" type="scavenge" contextid="1575" timestamp="2019-06-16T18:48:44.769">
  <mem-info id="1577" free="2758808" total="8519680" percent="32">
    <mem type="nursery" free="0" total="2228224" percent="0">
      <mem type="allocate" free="0" total="1507328" percent="0" />
      <mem type="survivor" free="0" total="720896" percent="0" />
    </mem>
    <mem type="tenure" free="2758808" total="6291456" percent="43">
      <mem type="soa" free="2444440" total="5977088" percent="40" />
      <mem type="loa" free="314368" total="314368" percent="100" />
    </mem>
    <remembered-set count="882" />
  </mem-info>
</gc-start>
<allocation-stats totalBytes="887248" >
  <allocated-bytes non-tlh="32664" tlh="854584" />
  <largest-consumer threadName="PmdThread 4" threadId="0000000000A85000" bytes="378384" />
</allocation-stats>
<gc-op id="1578" type="scavenge" timems="0.953" contextid="1575" timestamp="2019-06-16T18:48:44.770">
  <scavenger-info tenureage="3" tenuremask="7ff8" tiltratio="67" />
  <memory-copied type="nursery" objects="10842" bytes="393216" bytesdiscarded="196352" />
  <memory-copied type="tenure" objects="3513" bytes="318648" bytesdiscarded="248" />
  <finalization candidates="6" enqueued="0" />
  <references type="soft" candidates="22" cleared="0" enqueued="0" dynamicThreshold="26" maxThreshold="32" />
  <references type="weak" candidates="78" cleared="21" enqueued="14" />
  <references type="phantom" candidates="5" cleared="1" enqueued="1" />
</gc-op>
<gc-end id="1579" type="scavenge" contextid="1575" durationms="1.154" usertimems="0.000" systemtimems="4.000" timestamp="2019-06-16T18:48:44.771" activeThreads="4">
  <mem-info id="1580" free="3268720" total="8519680" percent="38">
    <mem type="nursery" free="917504" total="2228224" percent="41">
      <mem type="allocate" free="917504" total="1507328" percent="60" />
      <mem type="survivor" free="0" total="720896" percent="0" />
    </mem>
    <mem type="tenure" free="2351216" total="6291456" percent="37">
      <mem type="soa" free="2036848" total="5977088" percent="34" />
      <mem type="loa" free="314368" total="314368" percent="100" />
    </mem>
    <pending-finalizers system="0" default="0" reference="15" classloader="0" />
    <remembered-set count="948" />
  </mem-info>
</gc-end>
<cycle-end id="1581" type="scavenge" contextid="1575" timestamp="2019-06-16T18:48:44.771" />
  <attribute name="elasticGC enabled" value="1" />
  <attribute name= "numThreadsSpecified" value="4" />
  <attribute name="heapSize specified" value="8388608" />
  <attribute name="Current GC Util" value="5" />
  <attribute name= "Current Time Running" value="2641" />
  <attribute name ="GC Interval" value="200" />
  <attribute name="ProportionalT" value="-15.000000" />
  <attribute name="ProportionalI" value="-15.000000" />
  <attribute name="ProportionalH" value="-15.000000" />
  <attribute name="Current Error" value="-15.000000" />
  <attribute name="IntegralT" value="-450.000000" />
  <attribute name="IntegralI" value="-450.000000" />
  <attribute name="IntegralH" value="-450.000000" />
  <attribute name="DerivativeT" value="-0.250000" />
  <attribute name="DerivativeI" value="-0.250000" />
  <attribute name="DerivativeH" value="-0.250000" />
  <attribute name="Loop Time for DT" value="30.000000" />
  <attribute name="Output H" value="2092630016"/>
  <attribute name="Output I" value="200"/>
  <attribute name="Output T" value="4"/>
  <attribute name="Target GC Util Change" value ="20.000000" />
  <attribute name="Current GC Util Change" value="5.000000"/>
  <attribute name="GC Util currently" value="5" />
  <attribute name="CPU Util currently" value="13" />
<allocation-satisfied id="1582" threadId="0000000000A7D800" bytesRequested="40" />
<af-end id="1583" timestamp="2019-06-16T18:48:44.771" threadId="0000000000A7E188" success="true" from="nursery"/>
<exclusive-end id="1584" timestamp="2019-06-16T18:48:44.771" durationms="1.768" />

<exclusive-start id="1585" timestamp="2019-06-16T18:48:44.799" intervalms="30.480">
  <response-info timems="0.082" idlems="0.082" threads="0" lastid="0000000000A7D800" lastname="PmdThread 2" />
</exclusive-start>
<af-start id="1586" threadId="0000000000A7E188" totalBytesRequested="16" timestamp="2019-06-16T18:48:44.800" intervalms="30.442" type="nursery" />
<cycle-start id="1587" type="scavenge" contextid="0" timestamp="2019-06-16T18:48:44.800" intervalms="30.387" />
<gc-start id="1588" type="scavenge" contextid="1587" timestamp="2019-06-16T18:48:44.800">
  <mem-info id="1589" free="2321304" total="8519680" percent="27">
    <mem type="nursery" free="0" total="2228224" percent="0">
      <mem type="allocate" free="0" total="1507328" percent="0" />
      <mem type="survivor" free="0" total="720896" percent="0" />
    </mem>
    <mem type="tenure" free="2321304" total="6291456" percent="36">
      <mem type="soa" free="2006936" total="5977088" percent="33" />
      <mem type="loa" free="314368" total="314368" percent="100" />
    </mem>
    <remembered-set count="1496" />
  </mem-info>
</gc-start>
<allocation-stats totalBytes="945552" >
  <allocated-bytes non-tlh="29952" tlh="915600" />
  <largest-consumer threadName="PmdThread 3" threadId="0000000000A81400" bytes="285136" />
</allocation-stats>
<gc-op id="1590" type="scavenge" timems="1.411" contextid="1587" timestamp="2019-06-16T18:48:44.801">
  <scavenger-info tenureage="3" tenuremask="7ff8" tiltratio="67" />
  <memory-copied type="nursery" objects="14719" bytes="565776" bytesdiscarded="97464" />
  <memory-copied type="tenure" objects="3247" bytes="122264" bytesdiscarded="48" />
  <finalization candidates="6" enqueued="0" />
  <references type="soft" candidates="30" cleared="0" enqueued="0" dynamicThreshold="26" maxThreshold="32" />
  <references type="weak" candidates="105" cleared="19" enqueued="12" />
  <references type="phantom" candidates="2" cleared="1" enqueued="1" />
</gc-op>
<gc-end id="1591" type="scavenge" contextid="1587" durationms="1.655" usertimems="4.000" systemtimems="0.000" timestamp="2019-06-16T18:48:44.801" activeThreads="4">
  <mem-info id="1592" free="2982008" total="8519680" percent="35">
    <mem type="nursery" free="778208" total="2228224" percent="34">
      <mem type="allocate" free="778208" total="1441792" percent="53" />
      <mem type="survivor" free="0" total="786432" percent="0" />
    </mem>
    <mem type="tenure" free="2203800" total="6291456" percent="35">
      <mem type="soa" free="1889432" total="5977088" percent="31" />
      <mem type="loa" free="314368" total="314368" percent="100" />
    </mem>
    <pending-finalizers system="0" default="0" reference="13" classloader="0" />
    <remembered-set count="1501" />
  </mem-info>
</gc-end>
<cycle-end id="1593" type="scavenge" contextid="1587" timestamp="2019-06-16T18:48:44.801" />
  <attribute name="elasticGC enabled" value="1" />
  <attribute name= "numThreadsSpecified" value="4" />
  <attribute name="heapSize specified" value="8388608" />
  <attribute name="Current GC Util" value="7" />
  <attribute name= "Current Time Running" value="2671" />
  <attribute name ="GC Interval" value="200" />
  <attribute name="ProportionalT" value="-13.000000" />
  <attribute name="ProportionalI" value="-13.000000" />
  <attribute name="ProportionalH" value="-13.000000" />
  <attribute name="Current Error" value="-13.000000" />
  <attribute name="IntegralT" value="-390.000000" />
  <attribute name="IntegralI" value="-390.000000" />
  <attribute name="IntegralH" value="-390.000000" />
  <attribute name="DerivativeT" value="-0.216667" />
  <attribute name="DerivativeI" value="-0.216667" />
  <attribute name="DerivativeH" value="-0.216667" />
  <attribute name="Loop Time for DT" value="30.000000" />
  <attribute name="Output H" value="2092630016"/>
  <attribute name="Output I" value="200"/>
  <attribute name="Output T" value="4"/>
  <attribute name="Target GC Util Change" value ="20.000000" />
  <attribute name="Current GC Util Change" value="7.000000"/>
  <attribute name="GC Util currently" value="7" />
  <attribute name="CPU Util currently" value="11" />
<allocation-satisfied id="1594" threadId="0000000000A7D800" bytesRequested="16" />
<af-end id="1595" timestamp="2019-06-16T18:48:44.802" threadId="0000000000A7E188" success="true" from="nursery"/>
<exclusive-end id="1596" timestamp="2019-06-16T18:48:44.802" durationms="2.268" />

<exclusive-start id="1597" timestamp="2019-06-16T18:48:44.821" intervalms="21.999">
  <response-info timems="0.214" idlems="0.190" threads="1" lastid="0000000000A81400" lastname="PmdThread 3" />
</exclusive-start>
<af-start id="1598" threadId="0000000000A85988" totalBytesRequested="40" timestamp="2019-06-16T18:48:44.822" intervalms="22.035" type="nursery" />
<cycle-start id="1599" type="scavenge" contextid="0" timestamp="2019-06-16T18:48:44.822" intervalms="22.051" />
<gc-start id="1600" type="scavenge" contextid="1599" timestamp="2019-06-16T18:48:44.822">
  <mem-info id="1601" free="2199568" total="8519680" percent="25">
    <mem type="nursery" free="0" total="2228224" percent="0">
      <mem type="allocate" free="0" total="1441792" percent="0" />
      <mem type="survivor" free="0" total="786432" percent="0" />
    </mem>
    <mem type="tenure" free="2199568" total="6291456" percent="34">
      <mem type="soa" free="1885200" total="5977088" percent="31" />
      <mem type="loa" free="314368" total="314368" percent="100" />
    </mem>
    <remembered-set count="1566" />
  </mem-info>
</gc-start>
<allocation-stats totalBytes="781992" >
  <allocated-bytes non-tlh="4248" tlh="777744" />
  <largest-consumer threadName="PmdThread 2" threadId="0000000000A7D800" bytes="286616" />
</allocation-stats>
<gc-op id="1602" type="scavenge" timems="1.448" contextid="1599" timestamp="2019-06-16T18:48:44.823">
  <scavenger-info tenureage="3" tenuremask="7ff8" tiltratio="64" />
  <memory-copied type="nursery" objects="15468" bytes="587936" bytesdiscarded="46408" />
  <memory-copied type="tenure" objects="3322" bytes="117608" bytesdiscarded="88" />
  <finalization candidates="5" enqueued="0" />
  <references type="soft" candidates="30" cleared="0" enqueued="0" dynamicThreshold="26" maxThreshold="32" />
  <references type="weak" candidates="94" cleared="9" enqueued="9" />
  <references type="phantom" candidates="1" cleared="0" enqueued="0" />
</gc-op>
<gc-end id="1603" type="scavenge" contextid="1599" durationms="1.674" usertimems="4.000" systemtimems="0.000" timestamp="2019-06-16T18:48:44.823" activeThreads="4">
  <mem-info id="1604" free="2993920" total="8519680" percent="35">
    <mem type="nursery" free="872688" total="2228224" percent="39">
      <mem type="allocate" free="872688" total="1507328" percent="57" />
      <mem type="survivor" free="0" total="720896" percent="0" />
    </mem>
    <mem type="tenure" free="2121232" total="6291456" percent="33">
      <mem type="soa" free="1806864" total="5977088" percent="30" />
      <mem type="loa" free="314368" total="314368" percent="100" />
    </mem>
    <pending-finalizers system="0" default="0" reference="9" classloader="0" />
    <remembered-set count="1177" />
  </mem-info>
</gc-end>
<cycle-end id="1605" type="scavenge" contextid="1599" timestamp="2019-06-16T18:48:44.824" />
  <attribute name="elasticGC enabled" value="1" />
  <attribute name= "numThreadsSpecified" value="4" />
  <attribute name="heapSize specified" value="8388608" />
  <attribute name="Current GC Util" value="9" />
  <attribute name= "Current Time Running" value="2693" />
  <attribute name ="GC Interval" value="200" />
  <attribute name="ProportionalT" value="-11.000000" />
  <attribute name="ProportionalI" value="-11.000000" />
  <attribute name="ProportionalH" value="-11.000000" />
  <attribute name="Current Error" value="-11.000000" />
  <attribute name="IntegralT" value="-242.000000" />
  <attribute name="IntegralI" value="-242.000000" />
  <attribute name="IntegralH" value="-242.000000" />
  <attribute name="DerivativeT" value="-0.250000" />
  <attribute name="DerivativeI" value="-0.250000" />
  <attribute name="DerivativeH" value="-0.250000" />
  <attribute name="Loop Time for DT" value="22.000000" />
  <attribute name="Output H" value="2092630016"/>
  <attribute name="Output I" value="200"/>
  <attribute name="Output T" value="4"/>
  <attribute name="Target GC Util Change" value ="20.000000" />
  <attribute name="Current GC Util Change" value="9.000000"/>
  <attribute name="GC Util currently" value="9" />
  <attribute name="CPU Util currently" value="208826576375" />
<allocation-satisfied id="1606" threadId="0000000000A85000" bytesRequested="40" />
<af-end id="1607" timestamp="2019-06-16T18:48:44.824" threadId="0000000000A85988" success="true" from="nursery"/>
<exclusive-end id="1608" timestamp="2019-06-16T18:48:44.824" durationms="2.301" />

<exclusive-start id="1609" timestamp="2019-06-16T18:48:44.863" intervalms="41.981">
  <response-info timems="0.209" idlems="0.182" threads="2" lastid="0000000000A7D800" lastname="PmdThread 2" />
</exclusive-start>
<af-start id="1610" threadId="0000000000A81D88" totalBytesRequested="96" timestamp="2019-06-16T18:48:44.864" intervalms="41.928" type="nursery" />
<cycle-start id="1611" type="scavenge" contextid="0" timestamp="2019-06-16T18:48:44.864" intervalms="41.913" />
<gc-start id="1612" type="scavenge" contextid="1611" timestamp="2019-06-16T18:48:44.864">
  <mem-info id="1613" free="2115168" total="8519680" percent="24">
    <mem type="nursery" free="0" total="2228224" percent="0">
      <mem type="allocate" free="0" total="1507328" percent="0" />
      <mem type="survivor" free="0" total="720896" percent="0" />
    </mem>
    <mem type="tenure" free="2115168" total="6291456" percent="33">
      <mem type="soa" free="1800800" total="5977088" percent="30" />
      <mem type="loa" free="314368" total="314368" percent="100" />
    </mem>
    <remembered-set count="1416" />
  </mem-info>
</gc-start>
<allocation-stats totalBytes="877368" >
  <allocated-bytes non-tlh="6104" tlh="871264" />
  <largest-consumer threadName="PmdThread 4" threadId="0000000000A85000" bytes="495464" />
</allocation-stats>
<gc-op id="1614" type="scavenge" timems="1.190" contextid="1611" timestamp="2019-06-16T18:48:44.865">
  <scavenger-info tenureage="2" tenuremask="7ffc" tiltratio="67" />
  <memory-copied type="nursery" objects="8783" bytes="326528" bytesdiscarded="65064" />
  <memory-copied type="tenure" objects="10653" bytes="409288" bytesdiscarded="280" />
  <finalization candidates="5" enqueued="0" />
  <references type="weak" candidates="1" cleared="0" enqueued="0" />
</gc-op>
<gc-end id="1615" type="scavenge" contextid="1611" durationms="1.418" usertimems="4.000" systemtimems="0.000" timestamp="2019-06-16T18:48:44.865" activeThreads="4">
  <mem-info id="1616" free="2907456" total="8519680" percent="34">
    <mem type="nursery" free="1115648" total="2228224" percent="50">
      <mem type="allocate" free="1115648" total="1507328" percent="74" />
      <mem type="survivor" free="0" total="720896" percent="0" />
    </mem>
    <mem type="tenure" free="1791808" total="6291456" percent="28">
      <mem type="soa" free="1477440" total="5977088" percent="24" />
      <mem type="loa" free="314368" total="314368" percent="100" />
    </mem>
    <remembered-set count="708" />
  </mem-info>
</gc-end>
<cycle-end id="1617" type="scavenge" contextid="1611" timestamp="2019-06-16T18:48:44.865" />
  <attribute name="elasticGC enabled" value="1" />
  <attribute name= "numThreadsSpecified" value="4" />
  <attribute name="heapSize specified" value="8388608" />
  <attribute name="Current GC Util" value="5" />
  <attribute name= "Current Time Running" value="2735" />
  <attribute name ="GC Interval" value="200" />
  <attribute name="ProportionalT" value="-15.000000" />
  <attribute name="ProportionalI" value="-15.000000" />
  <attribute name="ProportionalH" value="-15.000000" />
  <attribute name="Current Error" value="-15.000000" />
  <attribute name="IntegralT" value="-630.000000" />
  <attribute name="IntegralI" value="-630.000000" />
  <attribute name="IntegralH" value="-630.000000" />
  <attribute name="DerivativeT" value="-0.178571" />
  <attribute name="DerivativeI" value="-0.178571" />
  <attribute name="DerivativeH" value="-0.178571" />
  <attribute name="Loop Time for DT" value="42.000000" />
  <attribute name="Output H" value="2092630016"/>
  <attribute name="Output I" value="200"/>
  <attribute name="Output T" value="4"/>
  <attribute name="Target GC Util Change" value ="20.000000" />
  <attribute name="Current GC Util Change" value="5.000000"/>
  <attribute name="GC Util currently" value="5" />
  <attribute name="CPU Util currently" value="35" />
<allocation-satisfied id="1618" threadId="0000000000A81400" bytesRequested="96" />
<af-end id="1619" timestamp="2019-06-16T18:48:44.865" threadId="0000000000A81D88" success="true" from="nursery"/>
<exclusive-end id="1620" timestamp="2019-06-16T18:48:44.865" durationms="1.911" />

<exclusive-start id="1621" timestamp="2019-06-16T18:48:44.909" intervalms="45.545">
  <response-info timems="0.063" idlems="0.034" threads="1" lastid="0000000000A7D800" lastname="PmdThread 2" />
</exclusive-start>
<af-start id="1622" threadId="0000000000A81D88" totalBytesRequested="144" timestamp="2019-06-16T18:48:44.909" intervalms="45.543" type="nursery" />
<cycle-start id="1623" type="scavenge" contextid="0" timestamp="2019-06-16T18:48:44.909" intervalms="45.558" />
<gc-start id="1624" type="scavenge" contextid="1623" timestamp="2019-06-16T18:48:44.909">
  <mem-info id="1625" free="1784216" total="8519680" percent="20">
    <mem type="nursery" free="0" total="2228224" percent="0">
      <mem type="allocate" free="0" total="1507328" percent="0" />
      <mem type="survivor" free="0" total="720896" percent="0" />
    </mem>
    <mem type="tenure" free="1784216" total="6291456" percent="28">
      <mem type="soa" free="1469848" total="5977088" percent="24" />
      <mem type="loa" free="314368" total="314368" percent="100" />
    </mem>
    <remembered-set count="915" />
  </mem-info>
</gc-start>
<allocation-stats totalBytes="1121680" >
  <allocated-bytes non-tlh="7688" tlh="1113992" />
  <largest-consumer threadName="PmdThread 4" threadId="0000000000A85000" bytes="546136" />
</allocation-stats>
<gc-op id="1626" type="scavenge" timems="1.096" contextid="1623" timestamp="2019-06-16T18:48:44.910">
  <scavenger-info tenureage="2" tenuremask="7ffc" tiltratio="67" />
  <memory-copied type="nursery" objects="7018" bytes="240680" bytesdiscarded="72592" />
  <memory-copied type="tenure" objects="3948" bytes="148032" bytesdiscarded="8" />
  <references type="weak" candidates="1" cleared="0" enqueued="0" />
</gc-op>
<gc-end id="1627" type="scavenge" contextid="1623" durationms="1.370" usertimems="4.000" systemtimems="0.000" timestamp="2019-06-16T18:48:44.911" activeThreads="4">
  <mem-info id="1628" free="2887064" total="8519680" percent="33">
    <mem type="nursery" free="1259520" total="2228224" percent="56">
      <mem type="allocate" free="1259520" total="1572864" percent="80" />
      <mem type="survivor" free="0" total="655360" percent="0" />
    </mem>
    <mem type="tenure" free="1627544" total="6291456" percent="25">
      <mem type="soa" free="1313176" total="5977088" percent="21" />
      <mem type="loa" free="314368" total="314368" percent="100" />
    </mem>
    <remembered-set count="1042" />
  </mem-info>
</gc-end>
<cycle-end id="1629" type="scavenge" contextid="1623" timestamp="2019-06-16T18:48:44.911" />
  <attribute name="elasticGC enabled" value="1" />
  <attribute name= "numThreadsSpecified" value="4" />
  <attribute name="heapSize specified" value="8388608" />
  <attribute name="Current GC Util" value="5" />
  <attribute name= "Current Time Running" value="2781" />
  <attribute name ="GC Interval" value="200" />
  <attribute name="ProportionalT" value="-15.000000" />
  <attribute name="ProportionalI" value="-15.000000" />
  <attribute name="ProportionalH" value="-15.000000" />
  <attribute name="Current Error" value="-15.000000" />
  <attribute name="IntegralT" value="-690.000000" />
  <attribute name="IntegralI" value="-690.000000" />
  <attribute name="IntegralH" value="-690.000000" />
  <attribute name="DerivativeT" value="-0.163043" />
  <attribute name="DerivativeI" value="-0.163043" />
  <attribute name="DerivativeH" value="-0.163043" />
  <attribute name="Loop Time for DT" value="46.000000" />
  <attribute name="Output H" value="2092630016"/>
  <attribute name="Output I" value="200"/>
  <attribute name="Output T" value="4"/>
  <attribute name="Target GC Util Change" value ="20.000000" />
  <attribute name="Current GC Util Change" value="5.000000"/>
  <attribute name="GC Util currently" value="5" />
  <attribute name="CPU Util currently" value="36" />
<allocation-satisfied id="1630" threadId="0000000000A81400" bytesRequested="144" />
<af-end id="1631" timestamp="2019-06-16T18:48:44.911" threadId="0000000000A81D88" success="true" from="nursery"/>
<exclusive-end id="1632" timestamp="2019-06-16T18:48:44.911" durationms="2.153" />

<exclusive-start id="1633" timestamp="2019-06-16T18:48:44.937" intervalms="27.932">
  <response-info timems="0.035" idlems="0.035" threads="0" lastid="0000000000A85000" lastname="PmdThread 4" />
</exclusive-start>
<af-start id="1634" threadId="0000000000A85988" totalBytesRequested="2008" timestamp="2019-06-16T18:48:44.937" intervalms="28.229" type="nursery" />
<cycle-start id="1635" type="scavenge" contextid="0" timestamp="2019-06-16T18:48:44.937" intervalms="28.212" />
<gc-start id="1636" type="scavenge" contextid="1635" timestamp="2019-06-16T18:48:44.937">
  <mem-info id="1637" free="1624864" total="8519680" percent="19">
    <mem type="nursery" free="0" total="2228224" percent="0">
      <mem type="allocate" free="0" total="1572864" percent="0" />
      <mem type="survivor" free="0" total="655360" percent="0" />
    </mem>
    <mem type="tenure" free="1624864" total="6291456" percent="25">
      <mem type="soa" free="1310496" total="5977088" percent="21" />
      <mem type="loa" free="314368" total="314368" percent="100" />
    </mem>
    <remembered-set count="1398" />
  </mem-info>
</gc-start>
<allocation-stats totalBytes="1257760" >
  <allocated-bytes non-tlh="30488" tlh="1227272" />
  <largest-consumer threadName="PmdThread 4" threadId="0000000000A85000" bytes="623632" />
</allocation-stats>
<gc-op id="1638" type="scavenge" timems="1.097" contextid="1635" timestamp="2019-06-16T18:48:44.939">
  <scavenger-info tenureage="2" tenuremask="7ffc" tiltratio="70" />
  <memory-copied type="nursery" objects="5387" bytes="242472" bytesdiscarded="98280" />
  <memory-copied type="tenure" objects="4608" bytes="167080" bytesdiscarded="64" />
  <references type="soft" candidates="1" cleared="0" enqueued="0" dynamicThreshold="26" maxThreshold="32" />
  <references type="weak" candidates="22" cleared="19" enqueued="19" />
  <references type="phantom" candidates="3" cleared="2" enqueued="2" />
</gc-op>
<gc-end id="1639" type="scavenge" contextid="1635" durationms="1.387" usertimems="4.000" systemtimems="0.000" timestamp="2019-06-16T18:48:44.939" activeThreads="4">
  <mem-info id="1640" free="2804752" total="8519680" percent="32">
    <mem type="nursery" free="1297392" total="2228224" percent="58">
      <mem type="allocate" free="1297392" total="1638400" percent="79" />
      <mem type="survivor" free="0" total="589824" percent="0" />
    </mem>
    <mem type="tenure" free="1507360" total="6291456" percent="23">
      <mem type="soa" free="1192992" total="5977088" percent="19" />
      <mem type="loa" free="314368" total="314368" percent="100" />
    </mem>
    <pending-finalizers system="0" default="0" reference="21" classloader="0" />
    <remembered-set count="1120" />
  </mem-info>
</gc-end>
<cycle-end id="1641" type="scavenge" contextid="1635" timestamp="2019-06-16T18:48:44.939" />
  <attribute name="elasticGC enabled" value="1" />
  <attribute name= "numThreadsSpecified" value="4" />
  <attribute name="heapSize specified" value="8388608" />
  <attribute name="Current GC Util" value="5" />
  <attribute name= "Current Time Running" value="2809" />
  <attribute name ="GC Interval" value="200" />
  <attribute name="ProportionalT" value="-15.000000" />
  <attribute name="ProportionalI" value="-15.000000" />
  <attribute name="ProportionalH" value="-15.000000" />
  <attribute name="Current Error" value="-15.000000" />
  <attribute name="IntegralT" value="-420.000000" />
  <attribute name="IntegralI" value="-420.000000" />
  <attribute name="IntegralH" value="-420.000000" />
  <attribute name="DerivativeT" value="-0.267857" />
  <attribute name="DerivativeI" value="-0.267857" />
  <attribute name="DerivativeH" value="-0.267857" />
  <attribute name="Loop Time for DT" value="28.000000" />
  <attribute name="Output H" value="2092630016"/>
  <attribute name="Output I" value="200"/>
  <attribute name="Output T" value="4"/>
  <attribute name="Target GC Util Change" value ="20.000000" />
  <attribute name="Current GC Util Change" value="5.000000"/>
  <attribute name="GC Util currently" value="5" />
  <attribute name="CPU Util currently" value="163484041639" />
<allocation-satisfied id="1642" threadId="0000000000A85000" bytesRequested="2008" />
<af-end id="1643" timestamp="2019-06-16T18:48:44.939" threadId="0000000000A85988" success="true" from="nursery"/>
<exclusive-end id="1644" timestamp="2019-06-16T18:48:44.939" durationms="2.381" />

<exclusive-start id="1645" timestamp="2019-06-16T18:48:44.994" intervalms="56.597">
  <response-info timems="0.089" idlems="0.033" threads="3" lastid="0000000000A7D800" lastname="PmdThread 2" />
</exclusive-start>
<af-start id="1646" threadId="0000000000A7A588" totalBytesRequested="136" timestamp="2019-06-16T18:48:44.994" intervalms="56.317" type="nursery" />
<cycle-start id="1647" type="scavenge" contextid="0" timestamp="2019-06-16T18:48:44.994" intervalms="56.319" />
<gc-start id="1648" type="scavenge" contextid="1647" timestamp="2019-06-16T18:48:44.994">
  <mem-info id="1649" free="1506680" total="8519680" percent="17">
    <mem type="nursery" free="0" total="2228224" percent="0">
      <mem type="allocate" free="0" total="1638400" percent="0" />
      <mem type="survivor" free="0" total="589824" percent="0" />
    </mem>
    <mem type="tenure" free="1506680" total="6291456" percent="23">
      <mem type="soa" free="1192312" total="5977088" percent="19" />
      <mem type="loa" free="314368" total="314368" percent="100" />
    </mem>
    <remembered-set count="1172" />
  </mem-info>
</gc-start>
<allocation-stats totalBytes="1295248" >
  <allocated-bytes non-tlh="2688" tlh="1292560" />
  <largest-consumer threadName="PmdThread 2" threadId="0000000000A7D800" bytes="478992" />
</allocation-stats>
<gc-op id="1650" type="scavenge" timems="0.854" contextid="1647" timestamp="2019-06-16T18:48:44.995">
  <scavenger-info tenureage="2" tenuremask="7ffc" tiltratio="73" />
  <memory-copied type="nursery" objects="5924" bytes="175456" bytesdiscarded="99704" />
  <memory-copied type="tenure" objects="2337" bytes="70688" bytesdiscarded="0" />
  <references type="soft" candidates="1" cleared="0" enqueued="0" dynamicThreshold="26" maxThreshold="32" />
  <references type="weak" candidates="14" cleared="11" enqueued="11" />
  <references type="phantom" candidates="1" cleared="0" enqueued="0" />
</gc-op>
<gc-end id="1651" type="scavenge" contextid="1647" durationms="1.205" usertimems="0.000" systemtimems="0.000" timestamp="2019-06-16T18:48:44.995" activeThreads="4">
  <mem-info id="1652" free="2856680" total="8519680" percent="33">
    <mem type="nursery" free="1428336" total="2228224" percent="64">
      <mem type="allocate" free="1428336" total="1703936" percent="83" />
      <mem type="survivor" free="0" total="524288" percent="0" />
    </mem>
    <mem type="tenure" free="1428344" total="6291456" percent="22">
      <mem type="soa" free="1113976" total="5977088" percent="18" />
      <mem type="loa" free="314368" total="314368" percent="100" />
    </mem>
    <pending-finalizers system="0" default="0" reference="11" classloader="0" />
    <remembered-set count="660" />
  </mem-info>
</gc-end>
<cycle-end id="1653" type="scavenge" contextid="1647" timestamp="2019-06-16T18:48:44.995" />
  <attribute name="elasticGC enabled" value="1" />
  <attribute name= "numThreadsSpecified" value="4" />
  <attribute name="heapSize specified" value="8388608" />
  <attribute name="Current GC Util" value="3" />
  <attribute name= "Current Time Running" value="2865" />
  <attribute name ="GC Interval" value="200" />
  <attribute name="ProportionalT" value="-17.000000" />
  <attribute name="ProportionalI" value="-17.000000" />
  <attribute name="ProportionalH" value="-17.000000" />
  <attribute name="Current Error" value="-17.000000" />
  <attribute name="IntegralT" value="-952.000000" />
  <attribute name="IntegralI" value="-952.000000" />
  <attribute name="IntegralH" value="-952.000000" />
  <attribute name="DerivativeT" value="-0.151786" />
  <attribute name="DerivativeI" value="-0.151786" />
  <attribute name="DerivativeH" value="-0.151786" />
  <attribute name="Loop Time for DT" value="56.000000" />
  <attribute name="Output H" value="2092630016"/>
  <attribute name="Output I" value="200"/>
  <attribute name="Output T" value="4"/>
  <attribute name="Target GC Util Change" value ="20.000000" />
  <attribute name="Current GC Util Change" value="3.000000"/>
  <attribute name="GC Util currently" value="3" />
  <attribute name="CPU Util currently" value="54" />
<allocation-satisfied id="1654" threadId="0000000000A79C00" bytesRequested="136" />
<af-end id="1655" timestamp="2019-06-16T18:48:44.995" threadId="0000000000A7A588" success="true" from="nursery"/>
<exclusive-end id="1656" timestamp="2019-06-16T18:48:44.996" durationms="2.063" />

<exclusive-start id="1657" timestamp="2019-06-16T18:48:45.035" intervalms="41.610">
  <response-info timems="0.077" idlems="0.042" threads="1" lastid="0000000000774B00" lastname="JIT Compilation Thread-2" />
</exclusive-start>
<af-start id="1658" threadId="0000000000A7E188" totalBytesRequested="472" timestamp="2019-06-16T18:48:45.035" intervalms="41.625" type="nursery" />
<cycle-start id="1659" type="scavenge" contextid="0" timestamp="2019-06-16T18:48:45.035" intervalms="41.648" />
<gc-start id="1660" type="scavenge" contextid="1659" timestamp="2019-06-16T18:48:45.036">
  <mem-info id="1661" free="1427920" total="8519680" percent="16">
    <mem type="nursery" free="0" total="2228224" percent="0">
      <mem type="allocate" free="0" total="1703936" percent="0" />
      <mem type="survivor" free="0" total="524288" percent="0" />
    </mem>
    <mem type="tenure" free="1427920" total="6291456" percent="22">
      <mem type="soa" free="1113552" total="5977088" percent="18" />
      <mem type="loa" free="314368" total="314368" percent="100" />
    </mem>
    <remembered-set count="723" />
  </mem-info>
</gc-start>
<allocation-stats totalBytes="1426472" >
  <allocated-bytes non-tlh="560" tlh="1425912" />
  <largest-consumer threadName="PmdThread 2" threadId="0000000000A7D800" bytes="552088" />
</allocation-stats>
<gc-op id="1662" type="scavenge" timems="1.501" contextid="1659" timestamp="2019-06-16T18:48:45.037">
  <scavenger-info tenureage="2" tenuremask="7ffc" tiltratio="76" />
  <memory-copied type="nursery" objects="7645" bytes="200448" bytesdiscarded="35368" />
  <memory-copied type="tenure" objects="2677" bytes="89640" bytesdiscarded="16" />
  <references type="weak" candidates="56" cleared="55" enqueued="55" />
</gc-op>
<gc-end id="1663" type="scavenge" contextid="1659" durationms="1.989" usertimems="4.000" systemtimems="0.000" timestamp="2019-06-16T18:48:45.037" activeThreads="4">
  <mem-info id="1664" free="2882624" total="8519680" percent="33">
    <mem type="nursery" free="1533040" total="2228224" percent="68">
      <mem type="allocate" free="1533040" total="1769472" percent="86" />
      <mem type="survivor" free="0" total="458752" percent="0" />
    </mem>
    <mem type="tenure" free="1349584" total="6291456" percent="21">
      <mem type="soa" free="1035216" total="5977088" percent="17" />
      <mem type="loa" free="314368" total="314368" percent="100" />
    </mem>
    <pending-finalizers system="0" default="0" reference="55" classloader="0" />
    <remembered-set count="248" />
  </mem-info>
</gc-end>
<cycle-end id="1665" type="scavenge" contextid="1659" timestamp="2019-06-16T18:48:45.038" />
  <attribute name="elasticGC enabled" value="1" />
  <attribute name= "numThreadsSpecified" value="4" />
  <attribute name="heapSize specified" value="8388608" />
  <attribute name="Current GC Util" value="3" />
  <attribute name= "Current Time Running" value="2907" />
  <attribute name ="GC Interval" value="200" />
  <attribute name="ProportionalT" value="-17.000000" />
  <attribute name="ProportionalI" value="-17.000000" />
  <attribute name="ProportionalH" value="-17.000000" />
  <attribute name="Current Error" value="-17.000000" />
  <attribute name="IntegralT" value="-714.000000" />
  <attribute name="IntegralI" value="-714.000000" />
  <attribute name="IntegralH" value="-714.000000" />
  <attribute name="DerivativeT" value="-0.202381" />
  <attribute name="DerivativeI" value="-0.202381" />
  <attribute name="DerivativeH" value="-0.202381" />
  <attribute name="Loop Time for DT" value="42.000000" />
  <attribute name="Output H" value="2092630016"/>
  <attribute name="Output I" value="200"/>
  <attribute name="Output T" value="4"/>
  <attribute name="Target GC Util Change" value ="20.000000" />
  <attribute name="Current GC Util Change" value="3.000000"/>
  <attribute name="GC Util currently" value="3" />
  <attribute name="CPU Util currently" value="25" />
<allocation-satisfied id="1666" threadId="0000000000A7D800" bytesRequested="472" />
<af-end id="1667" timestamp="2019-06-16T18:48:45.038" threadId="0000000000A7E188" success="true" from="nursery"/>
<exclusive-end id="1668" timestamp="2019-06-16T18:48:45.038" durationms="2.791" />

<exclusive-start id="1669" timestamp="2019-06-16T18:48:45.052" intervalms="16.728">
  <response-info timems="0.105" idlems="0.059" threads="3" lastid="0000000000A7D800" lastname="PmdThread 2" />
</exclusive-start>
<af-start id="1670" threadId="0000000000A7A588" totalBytesRequested="24" timestamp="2019-06-16T18:48:45.052" intervalms="16.708" type="nursery" />
<cycle-start id="1671" type="scavenge" contextid="0" timestamp="2019-06-16T18:48:45.052" intervalms="16.695" />
<gc-start id="1672" type="scavenge" contextid="1671" timestamp="2019-06-16T18:48:45.052">
  <mem-info id="1673" free="1349584" total="8519680" percent="15">
    <mem type="nursery" free="0" total="2228224" percent="0">
      <mem type="allocate" free="0" total="1769472" percent="0" />
      <mem type="survivor" free="0" total="458752" percent="0" />
    </mem>
    <mem type="tenure" free="1349584" total="6291456" percent="21">
      <mem type="soa" free="1035216" total="5977088" percent="17" />
      <mem type="loa" free="314368" total="314368" percent="100" />
    </mem>
    <remembered-set count="267" />
  </mem-info>
</gc-start>
<allocation-stats totalBytes="1532240" >
  <allocated-bytes non-tlh="472" tlh="1531768" />
  <largest-consumer threadName="PmdThread 2" threadId="0000000000A7D800" bytes="675976" />
</allocation-stats>
<gc-op id="1674" type="scavenge" timems="0.654" contextid="1671" timestamp="2019-06-16T18:48:45.053">
  <scavenger-info tenureage="2" tenuremask="7ffc" tiltratio="79" />
  <memory-copied type="nursery" objects="8609" bytes="218128" bytesdiscarded="111776" />
  <memory-copied type="tenure" objects="3159" bytes="82696" bytesdiscarded="64" />
  <references type="weak" candidates="61" cleared="60" enqueued="60" />
</gc-op>
<gc-end id="1675" type="scavenge" contextid="1671" durationms="0.897" usertimems="4.000" systemtimems="0.000" timestamp="2019-06-16T18:48:45.053" activeThreads="4">
  <mem-info id="1676" free="2671136" total="8519680" percent="31">
    <mem type="nursery" free="1439056" total="2228224" percent="64">
      <mem type="allocate" free="1439056" total="1769472" percent="81" />
      <mem type="survivor" free="0" total="458752" percent="0" />
    </mem>
    <mem type="tenure" free="1232080" total="6291456" percent="19">
      <mem type="soa" free="917712" total="5977088" percent="15" />
      <mem type="loa" free="314368" total="314368" percent="100" />
    </mem>
    <pending-finalizers system="0" default="0" reference="60" classloader="0" />
    <remembered-set count="204" />
  </mem-info>
</gc-end>
<cycle-end id="1677" type="scavenge" contextid="1671" timestamp="2019-06-16T18:48:45.053" />
  <attribute name="elasticGC enabled" value="1" />
  <attribute name= "numThreadsSpecified" value="4" />
  <attribute name="heapSize specified" value="8388608" />
  <attribute name="Current GC Util" value="14" />
  <attribute name= "Current Time Running" value="2924" />
  <attribute name ="GC Interval" value="200" />
  <attribute name="ProportionalT" value="-6.000000" />
  <attribute name="ProportionalI" value="-6.000000" />
  <attribute name="ProportionalH" value="-6.000000" />
  <attribute name="Current Error" value="-6.000000" />
  <attribute name="IntegralT" value="-102.000000" />
  <attribute name="IntegralI" value="-102.000000" />
  <attribute name="IntegralH" value="-102.000000" />
  <attribute name="DerivativeT" value="-0.176471" />
  <attribute name="DerivativeI" value="-0.176471" />
  <attribute name="DerivativeH" value="-0.176471" />
  <attribute name="Loop Time for DT" value="17.000000" />
  <attribute name="Output H" value="2092630016"/>
  <attribute name="Output I" value="200"/>
  <attribute name="Output T" value="4"/>
  <attribute name="Target GC Util Change" value ="20.000000" />
  <attribute name="Current GC Util Change" value="14.000000"/>
  <attribute name="GC Util currently" value="14" />
  <attribute name="CPU Util currently" value="278608593471" />
<allocation-satisfied id="1678" threadId="0000000000A79C00" bytesRequested="24" />
<af-end id="1679" timestamp="2019-06-16T18:48:45.053" threadId="0000000000A7A588" success="true" from="nursery"/>
<exclusive-end id="1680" timestamp="2019-06-16T18:48:45.053" durationms="1.398" />

<exclusive-start id="1681" timestamp="2019-06-16T18:48:45.069" intervalms="16.792">
  <response-info timems="0.051" idlems="0.025" threads="2" lastid="0000000000774B00" lastname="JIT Compilation Thread-2" />
</exclusive-start>
<af-start id="1682" threadId="0000000000A7A588" totalBytesRequested="808" timestamp="2019-06-16T18:48:45.069" intervalms="16.783" type="nursery" />
<cycle-start id="1683" type="scavenge" contextid="0" timestamp="2019-06-16T18:48:45.069" intervalms="16.762" />
<gc-start id="1684" type="scavenge" contextid="1683" timestamp="2019-06-16T18:48:45.069">
  <mem-info id="1685" free="1218624" total="8519680" percent="14">
    <mem type="nursery" free="0" total="2228224" percent="0">
      <mem type="allocate" free="0" total="1769472" percent="0" />
      <mem type="survivor" free="0" total="458752" percent="0" />
    </mem>
    <mem type="tenure" free="1218624" total="6291456" percent="19">
      <mem type="soa" free="904256" total="5977088" percent="15" />
      <mem type="loa" free="314368" total="314368" percent="100" />
    </mem>
    <remembered-set count="467" />
  </mem-info>
</gc-start>
<allocation-stats totalBytes="1448840" >
  <allocated-bytes non-tlh="13480" tlh="1435360" />
  <largest-consumer threadName="PmdThread 4" threadId="0000000000A85000" bytes="662696" />
</allocation-stats>
<gc-op id="1686" type="scavenge" timems="1.180" contextid="1683" timestamp="2019-06-16T18:48:45.070">
  <scavenger-info tenureage="2" tenuremask="7ffc" tiltratio="79" />
  <memory-copied type="nursery" objects="8963" bytes="252376" bytesdiscarded="43752" />
  <memory-copied type="tenure" objects="4223" bytes="109504" bytesdiscarded="0" />
  <references type="soft" candidates="87" cleared="0" enqueued="0" dynamicThreshold="26" maxThreshold="32" />
  <references type="weak" candidates="58" cleared="58" enqueued="58" />
</gc-op>
<gc-end id="1687" type="scavenge" contextid="1683" durationms="1.540" usertimems="0.000" systemtimems="4.000" timestamp="2019-06-16T18:48:45.070" activeThreads="4">
  <mem-info id="1688" free="2648128" total="8519680" percent="31">
    <mem type="nursery" free="1538560" total="2228224" percent="69">
      <mem type="allocate" free="1538560" total="1835008" percent="83" />
      <mem type="survivor" free="0" total="393216" percent="0" />
    </mem>
    <mem type="tenure" free="1109568" total="6291456" percent="17">
      <mem type="soa" free="795200" total="5977088" percent="13" />
      <mem type="loa" free="314368" total="314368" percent="100" />
    </mem>
    <pending-finalizers system="0" default="0" reference="58" classloader="0" />
    <remembered-set count="439" />
  </mem-info>
</gc-end>
<cycle-end id="1689" type="scavenge" contextid="1683" timestamp="2019-06-16T18:48:45.071" />
  <attribute name="elasticGC enabled" value="1" />
  <attribute name= "numThreadsSpecified" value="4" />
  <attribute name="heapSize specified" value="8388608" />
  <attribute name="Current GC Util" value="9" />
  <attribute name= "Current Time Running" value="2940" />
  <attribute name ="GC Interval" value="200" />
  <attribute name="ProportionalT" value="-11.000000" />
  <attribute name="ProportionalI" value="-11.000000" />
  <attribute name="ProportionalH" value="-11.000000" />
  <attribute name="Current Error" value="-11.000000" />
  <attribute name="IntegralT" value="-176.000000" />
  <attribute name="IntegralI" value="-176.000000" />
  <attribute name="IntegralH" value="-176.000000" />
  <attribute name="DerivativeT" value="-0.343750" />
  <attribute name="DerivativeI" value="-0.343750" />
  <attribute name="DerivativeH" value="-0.343750" />
  <attribute name="Loop Time for DT" value="16.000000" />
  <attribute name="Output H" value="2092630016"/>
  <attribute name="Output I" value="200"/>
  <attribute name="Output T" value="4"/>
  <attribute name="Target GC Util Change" value ="20.000000" />
  <attribute name="Current GC Util Change" value="9.000000"/>
  <attribute name="GC Util currently" value="9" />
  <attribute name="CPU Util currently" value="275832349808" />
<allocation-satisfied id="1690" threadId="0000000000A79C00" bytesRequested="808" />
<af-end id="1691" timestamp="2019-06-16T18:48:45.071" threadId="0000000000A7A588" success="true" from="nursery"/>
<exclusive-end id="1692" timestamp="2019-06-16T18:48:45.071" durationms="2.091" />

<exclusive-start id="1693" timestamp="2019-06-16T18:48:45.087" intervalms="18.027">
  <response-info timems="0.097" idlems="0.056" threads="1" lastid="000000000076D300" lastname="JIT Compilation Thread-0" />
</exclusive-start>
<af-start id="1694" threadId="0000000000A7E188" totalBytesRequested="168" timestamp="2019-06-16T18:48:45.087" intervalms="18.074" type="nursery" />
<cycle-start id="1695" type="scavenge" contextid="0" timestamp="2019-06-16T18:48:45.087" intervalms="18.090" />
<gc-start id="1696" type="scavenge" contextid="1695" timestamp="2019-06-16T18:48:45.087">
  <mem-info id="1697" free="1106024" total="8519680" percent="12">
    <mem type="nursery" free="0" total="2228224" percent="0">
      <mem type="allocate" free="0" total="1835008" percent="0" />
      <mem type="survivor" free="0" total="393216" percent="0" />
    </mem>
    <mem type="tenure" free="1106024" total="6291456" percent="17">
      <mem type="soa" free="791656" total="5977088" percent="13" />
      <mem type="loa" free="314368" total="314368" percent="100" />
    </mem>
    <remembered-set count="509" />
  </mem-info>
</gc-start>
<allocation-stats totalBytes="1539744" >
  <allocated-bytes non-tlh="4352" tlh="1535392" />
  <largest-consumer threadName="PmdThread 2" threadId="0000000000A7D800" bytes="811320" />
</allocation-stats>
<gc-op id="1698" type="scavenge" timems="1.189" contextid="1695" timestamp="2019-06-16T18:48:45.088">
  <scavenger-info tenureage="2" tenuremask="7ffc" tiltratio="82" />
  <memory-copied type="nursery" objects="7548" bytes="323368" bytesdiscarded="69592" />
  <memory-copied type="tenure" objects="4018" bytes="98112" bytesdiscarded="32" />
  <references type="soft" candidates="107" cleared="0" enqueued="0" dynamicThreshold="26" maxThreshold="32" />
  <references type="weak" candidates="85" cleared="85" enqueued="85" />
  <references type="phantom" candidates="1" cleared="0" enqueued="0" />
</gc-op>
<heap-resize id="1699" type="expand" space="nursery" amount="131072" count="1" timems="0.065" reason="excessive time being spent scavenging" timestamp="2019-06-16T18:48:45.088" />
<gc-end id="1700" type="scavenge" contextid="1695" durationms="1.563" usertimems="0.000" systemtimems="4.000" timestamp="2019-06-16T18:48:45.089" activeThreads="4">
  <mem-info id="1701" free="2469480" total="8650752" percent="28">
    <mem type="nursery" free="1441792" total="2359296" percent="61">
      <mem type="allocate" free="1441792" total="1835008" percent="78" />
      <mem type="survivor" free="0" total="524288" percent="0" />
    </mem>
    <mem type="tenure" free="1027688" total="6291456" percent="16">
      <mem type="soa" free="713320" total="5977088" percent="11" />
      <mem type="loa" free="314368" total="314368" percent="100" />
    </mem>
    <pending-finalizers system="0" default="0" reference="85" classloader="0" />
    <remembered-set count="485" />
  </mem-info>
</gc-end>
<cycle-end id="1702" type="scavenge" contextid="1695" timestamp="2019-06-16T18:48:45.089" />
  <attribute name="elasticGC enabled" value="1" />
  <attribute name= "numThreadsSpecified" value="4" />
  <attribute name="heapSize specified" value="8388608" />
  <attribute name="Current GC Util" value="12" />
  <attribute name= "Current Time Running" value="2959" />
  <attribute name ="GC Interval" value="200" />
  <attribute name="ProportionalT" value="-8.000000" />
  <attribute name="ProportionalI" value="-8.000000" />
  <attribute name="ProportionalH" value="-8.000000" />
  <attribute name="Current Error" value="-8.000000" />
  <attribute name="IntegralT" value="-152.000000" />
  <attribute name="IntegralI" value="-152.000000" />
  <attribute name="IntegralH" value="-152.000000" />
  <attribute name="DerivativeT" value="-0.210526" />
  <attribute name="DerivativeI" value="-0.210526" />
  <attribute name="DerivativeH" value="-0.210526" />
  <attribute name="Loop Time for DT" value="19.000000" />
  <attribute name="Output H" value="2092630016"/>
  <attribute name="Output I" value="200"/>
  <attribute name="Output T" value="4"/>
  <attribute name="Target GC Util Change" value ="20.000000" />
  <attribute name="Current GC Util Change" value="12.000000"/>
  <attribute name="GC Util currently" value="12" />
  <attribute name="CPU Util currently" value="253682484252" />
<allocation-satisfied id="1703" threadId="0000000000A7D800" bytesRequested="168" />
<af-end id="1704" timestamp="2019-06-16T18:48:45.089" threadId="0000000000A7E188" success="true" from="nursery"/>
<exclusive-end id="1705" timestamp="2019-06-16T18:48:45.089" durationms="2.096" />

<exclusive-start id="1706" timestamp="2019-06-16T18:48:45.106" intervalms="19.268">
  <response-info timems="2.667" idlems="1.343" threads="1" lastid="0000000000A79C00" lastname="PmdThread 1" />
</exclusive-start>
<af-start id="1707" threadId="0000000000A7E188" totalBytesRequested="32" timestamp="2019-06-16T18:48:45.106" intervalms="19.211" type="nursery" />
<cycle-start id="1708" type="scavenge" contextid="0" timestamp="2019-06-16T18:48:45.106" intervalms="19.195" />
<gc-start id="1709" type="scavenge" contextid="1708" timestamp="2019-06-16T18:48:45.106">
  <mem-info id="1710" free="1025024" total="8650752" percent="11">
    <mem type="nursery" free="0" total="2359296" percent="0">
      <mem type="allocate" free="0" total="1835008" percent="0" />
      <mem type="survivor" free="0" total="524288" percent="0" />
    </mem>
    <mem type="tenure" free="1025024" total="6291456" percent="16">
      <mem type="soa" free="710656" total="5977088" percent="11" />
      <mem type="loa" free="314368" total="314368" percent="100" />
    </mem>
    <remembered-set count="570" />
  </mem-info>
</gc-start>
<allocation-stats totalBytes="1442760" >
  <allocated-bytes non-tlh="2832" tlh="1439928" />
  <largest-consumer threadName="PmdThread 2" threadId="0000000000A7D800" bytes="809648" />
</allocation-stats>
<gc-op id="1711" type="scavenge" timems="0.713" contextid="1708" timestamp="2019-06-16T18:48:45.107">
  <scavenger-info tenureage="2" tenuremask="7ffc" tiltratio="77" />
  <memory-copied type="nursery" objects="3470" bytes="201656" bytesdiscarded="127456" />
  <memory-copied type="tenure" objects="4156" bytes="124400" bytesdiscarded="8" />
  <references type="soft" candidates="23" cleared="0" enqueued="0" dynamicThreshold="26" maxThreshold="32" />
  <references type="weak" candidates="85" cleared="85" enqueued="85" />
  <references type="phantom" candidates="1" cleared="0" enqueued="0" />
</gc-op>
<gc-end id="1712" type="scavenge" contextid="1708" durationms="0.935" usertimems="0.000" systemtimems="0.000" timestamp="2019-06-16T18:48:45.107" activeThreads="4">
  <mem-info id="1713" free="2439656" total="8650752" percent="28">
    <mem type="nursery" free="1571304" total="2359296" percent="66">
      <mem type="allocate" free="1571304" total="1900544" percent="82" />
      <mem type="survivor" free="0" total="458752" percent="0" />
    </mem>
    <mem type="tenure" free="868352" total="6291456" percent="13">
      <mem type="soa" free="553984" total="5977088" percent="9" />
      <mem type="loa" free="314368" total="314368" percent="100" />
    </mem>
    <pending-finalizers system="0" default="0" reference="85" classloader="0" />
    <remembered-set count="287" />
  </mem-info>
</gc-end>
<cycle-end id="1714" type="scavenge" contextid="1708" timestamp="2019-06-16T18:48:45.107" />
  <attribute name="elasticGC enabled" value="1" />
  <attribute name= "numThreadsSpecified" value="4" />
  <attribute name="heapSize specified" value="8388608" />
  <attribute name="Current GC Util" value="10" />
  <attribute name= "Current Time Running" value="2978" />
  <attribute name ="GC Interval" value="200" />
  <attribute name="ProportionalT" value="-10.000000" />
  <attribute name="ProportionalI" value="-10.000000" />
  <attribute name="ProportionalH" value="-10.000000" />
  <attribute name="Current Error" value="-10.000000" />
  <attribute name="IntegralT" value="-190.000000" />
  <attribute name="IntegralI" value="-190.000000" />
  <attribute name="IntegralH" value="-190.000000" />
  <attribute name="DerivativeT" value="-0.263158" />
  <attribute name="DerivativeI" value="-0.263158" />
  <attribute name="DerivativeH" value="-0.263158" />
  <attribute name="Loop Time for DT" value="19.000000" />
  <attribute name="Output H" value="2092630016"/>
  <attribute name="Output I" value="200"/>
  <attribute name="Output T" value="4"/>
  <attribute name="Target GC Util Change" value ="20.000000" />
  <attribute name="Current GC Util Change" value="10.000000"/>
  <attribute name="GC Util currently" value="10" />
  <attribute name="CPU Util currently" value="241415023769" />
<allocation-satisfied id="1715" threadId="0000000000A7D800" bytesRequested="32" />
<af-end id="1716" timestamp="2019-06-16T18:48:45.108" threadId="0000000000A7E188" success="true" from="nursery"/>
<exclusive-end id="1717" timestamp="2019-06-16T18:48:45.108" durationms="1.720" />

<exclusive-start id="1718" timestamp="2019-06-16T18:48:45.118" intervalms="12.530">
  <response-info timems="0.096" idlems="0.066" threads="1" lastid="0000000000774B00" lastname="JIT Compilation Thread-2" />
</exclusive-start>
<af-start id="1719" threadId="0000000000A7E188" totalBytesRequested="72" timestamp="2019-06-16T18:48:45.119" intervalms="12.915" type="nursery" />
<cycle-start id="1720" type="scavenge" contextid="0" timestamp="2019-06-16T18:48:45.119" intervalms="12.910" />
<gc-start id="1721" type="scavenge" contextid="1720" timestamp="2019-06-16T18:48:45.119">
  <mem-info id="1722" free="867800" total="8650752" percent="10">
    <mem type="nursery" free="0" total="2359296" percent="0">
      <mem type="allocate" free="0" total="1900544" percent="0" />
      <mem type="survivor" free="0" total="458752" percent="0" />
    </mem>
    <mem type="tenure" free="867800" total="6291456" percent="13">
      <mem type="soa" free="553432" total="5977088" percent="9" />
      <mem type="loa" free="314368" total="314368" percent="100" />
    </mem>
    <remembered-set count="343" />
  </mem-info>
</gc-start>
<allocation-stats totalBytes="1570824" >
  <allocated-bytes non-tlh="584" tlh="1570240" />
  <largest-consumer threadName="PmdThread 2" threadId="0000000000A7D800" bytes="915048" />
</allocation-stats>
<gc-op id="1723" type="scavenge" timems="0.916" contextid="1720" timestamp="2019-06-16T18:48:45.120">
  <scavenger-info tenureage="2" tenuremask="7ffc" tiltratio="80" />
  <memory-copied type="nursery" objects="5301" bytes="193712" bytesdiscarded="80424" />
  <memory-copied type="tenure" objects="2902" bytes="172352" bytesdiscarded="128" />
  <references type="soft" candidates="2" cleared="0" enqueued="0" dynamicThreshold="26" maxThreshold="32" />
  <references type="weak" candidates="92" cleared="92" enqueued="92" />
</gc-op>
<gc-end id="1724" type="scavenge" contextid="1720" durationms="1.102" usertimems="0.000" systemtimems="0.000" timestamp="2019-06-16T18:48:45.120" activeThreads="4">
  <mem-info id="1725" free="2409408" total="8650752" percent="27">
    <mem type="nursery" free="1691904" total="2359296" percent="71">
      <mem type="allocate" free="1691904" total="1966080" percent="86" />
      <mem type="survivor" free="0" total="393216" percent="0" />
    </mem>
    <mem type="tenure" free="717504" total="6291456" percent="11">
      <mem type="soa" free="403136" total="5977088" percent="6" />
      <mem type="loa" free="314368" total="314368" percent="100" />
    </mem>
    <pending-finalizers system="0" default="0" reference="92" classloader="0" />
    <remembered-set count="348" />
  </mem-info>
</gc-end>
<cycle-end id="1726" type="scavenge" contextid="1720" timestamp="2019-06-16T18:48:45.120" />
  <attribute name="elasticGC enabled" value="1" />
  <attribute name= "numThreadsSpecified" value="4" />
  <attribute name="heapSize specified" value="8388608" />
  <attribute name="Current GC Util" value="10" />
  <attribute name= "Current Time Running" value="2991" />
  <attribute name ="GC Interval" value="200" />
  <attribute name="ProportionalT" value="-10.000000" />
  <attribute name="ProportionalI" value="-10.000000" />
  <attribute name="ProportionalH" value="-10.000000" />
  <attribute name="Current Error" value="-10.000000" />
  <attribute name="IntegralT" value="-130.000000" />
  <attribute name="IntegralI" value="-130.000000" />
  <attribute name="IntegralH" value="-130.000000" />
  <attribute name="DerivativeT" value="-0.384615" />
  <attribute name="DerivativeI" value="-0.384615" />
  <attribute name="DerivativeH" value="-0.384615" />
  <attribute name="Loop Time for DT" value="13.000000" />
  <attribute name="Output H" value="2092630016"/>
  <attribute name="Output I" value="200"/>
  <attribute name="Output T" value="4"/>
  <attribute name="Target GC Util Change" value ="20.000000" />
  <attribute name="Current GC Util Change" value="10.000000"/>
  <attribute name="GC Util currently" value="10" />
  <attribute name="CPU Util currently" value="357594473458" />
<allocation-satisfied id="1727" threadId="0000000000A7D800" bytesRequested="72" />
<af-end id="1728" timestamp="2019-06-16T18:48:45.121" threadId="0000000000A7E188" success="true" from="nursery"/>
<exclusive-end id="1729" timestamp="2019-06-16T18:48:45.121" durationms="2.070" />

<exclusive-start id="1730" timestamp="2019-06-16T18:48:45.134" intervalms="15.628">
  <response-info timems="0.387" idlems="0.341" threads="1" lastid="0000000000774B00" lastname="JIT Compilation Thread-2" />
</exclusive-start>
<af-start id="1731" threadId="0000000000A7E188" totalBytesRequested="480" timestamp="2019-06-16T18:48:45.134" intervalms="15.244" type="nursery" />
<cycle-start id="1732" type="scavenge" contextid="0" timestamp="2019-06-16T18:48:45.134" intervalms="15.237" />
<gc-start id="1733" type="scavenge" contextid="1732" timestamp="2019-06-16T18:48:45.134">
  <mem-info id="1734" free="716984" total="8650752" percent="8">
    <mem type="nursery" free="0" total="2359296" percent="0">
      <mem type="allocate" free="0" total="1966080" percent="0" />
      <mem type="survivor" free="0" total="393216" percent="0" />
    </mem>
    <mem type="tenure" free="716984" total="6291456" percent="11">
      <mem type="soa" free="402616" total="5977088" percent="6" />
      <mem type="loa" free="314368" total="314368" percent="100" />
    </mem>
    <remembered-set count="469" />
  </mem-info>
</gc-start>
<allocation-stats totalBytes="1683208" >
  <allocated-bytes non-tlh="33376" tlh="1649832" />
  <largest-consumer threadName="PmdThread 2" threadId="0000000000A7D800" bytes="715304" />
</allocation-stats>
<gc-op id="1735" type="scavenge" timems="1.819" contextid="1732" timestamp="2019-06-16T18:48:45.136">
  <scavenger-info tenureage="3" tenuremask="7ff8" tiltratio="83" />
  <memory-copied type="nursery" objects="6824" bytes="330152" bytesdiscarded="62816" />
  <memory-copied type="tenure" objects="12" bytes="648" bytesdiscarded="0" />
  <copy-failed type="nursery" objects="12" bytes="648" />
  <references type="soft" candidates="2" cleared="0" enqueued="0" dynamicThreshold="26" maxThreshold="32" />
  <references type="weak" candidates="85" cleared="85" enqueued="85" />
  <references type="phantom" candidates="4" cleared="3" enqueued="3" />
</gc-op>
<heap-resize id="1736" type="expand" space="nursery" amount="131072" count="1" timems="0.015" reason="excessive time being spent scavenging" timestamp="2019-06-16T18:48:45.136" />
<gc-end id="1737" type="scavenge" contextid="1732" durationms="2.025" usertimems="4.000" systemtimems="0.000" timestamp="2019-06-16T18:48:45.136" activeThreads="4">
  <mem-info id="1738" free="2224312" total="8781824" percent="25">
    <mem type="nursery" free="1507328" total="2490368" percent="60">
      <mem type="allocate" free="1507328" total="1900544" percent="79" />
      <mem type="survivor" free="0" total="589824" percent="0" />
    </mem>
    <mem type="tenure" free="716984" total="6291456" percent="11">
      <mem type="soa" free="402616" total="5977088" percent="6" />
      <mem type="loa" free="314368" total="314368" percent="100" />
    </mem>
    <pending-finalizers system="0" default="0" reference="88" classloader="0" />
    <remembered-set count="382" />
  </mem-info>
</gc-end>
<cycle-end id="1739" type="scavenge" contextid="1732" timestamp="2019-06-16T18:48:45.136" />
  <attribute name="elasticGC enabled" value="1" />
  <attribute name= "numThreadsSpecified" value="4" />
  <attribute name="heapSize specified" value="8388608" />
  <attribute name="Current GC Util" value="10" />
  <attribute name= "Current Time Running" value="3006" />
  <attribute name ="GC Interval" value="200" />
  <attribute name="ProportionalT" value="-10.000000" />
  <attribute name="ProportionalI" value="-10.000000" />
  <attribute name="ProportionalH" value="-10.000000" />
  <attribute name="Current Error" value="-10.000000" />
  <attribute name="IntegralT" value="-150.000000" />
  <attribute name="IntegralI" value="-150.000000" />
  <attribute name="IntegralH" value="-150.000000" />
  <attribute name="DerivativeT" value="-0.333333" />
  <attribute name="DerivativeI" value="-0.333333" />
  <attribute name="DerivativeH" value="-0.333333" />
  <attribute name="Loop Time for DT" value="15.000000" />
  <attribute name="Output H" value="2092630016"/>
  <attribute name="Output I" value="200"/>
  <attribute name="Output T" value="4"/>
  <attribute name="Target GC Util Change" value ="20.000000" />
  <attribute name="Current GC Util Change" value="10.000000"/>
  <attribute name="GC Util currently" value="10" />
  <attribute name="CPU Util currently" value="303384168757" />
<allocation-satisfied id="1740" threadId="0000000000A7D800" bytesRequested="480" />
<af-end id="1741" timestamp="2019-06-16T18:48:45.136" threadId="0000000000A7E188" success="true" from="nursery"/>
<exclusive-end id="1742" timestamp="2019-06-16T18:48:45.137" durationms="2.415" />

<exclusive-start id="1743" timestamp="2019-06-16T18:48:45.148" intervalms="14.304">
  <response-info timems="0.036" idlems="0.036" threads="0" lastid="0000000000769700" lastname="main" />
</exclusive-start>
<af-start id="1744" threadId="000000000076A088" totalBytesRequested="144" timestamp="2019-06-16T18:48:45.148" intervalms="14.297" type="nursery" />
<cycle-start id="1745" type="scavenge" contextid="0" timestamp="2019-06-16T18:48:45.149" intervalms="14.309" />
<gc-start id="1746" type="scavenge" contextid="1745" timestamp="2019-06-16T18:48:45.149">
  <mem-info id="1747" free="716632" total="8781824" percent="8">
    <mem type="nursery" free="0" total="2490368" percent="0">
      <mem type="allocate" free="0" total="1900544" percent="0" />
      <mem type="survivor" free="0" total="589824" percent="0" />
    </mem>
    <mem type="tenure" free="716632" total="6291456" percent="11">
      <mem type="soa" free="402264" total="5977088" percent="6" />
      <mem type="loa" free="314368" total="314368" percent="100" />
    </mem>
    <remembered-set count="503" />
  </mem-info>
</gc-start>
<allocation-stats totalBytes="1507064" >
  <allocated-bytes non-tlh="832" tlh="1506232" />
  <largest-consumer threadName="PmdThread 3" threadId="0000000000A81400" bytes="663416" />
</allocation-stats>
<gc-op id="1748" type="scavenge" timems="0.859" contextid="1745" timestamp="2019-06-16T18:48:45.150">
  <scavenger-info tenureage="3" tenuremask="7ff8" tiltratio="76" />
  <memory-copied type="nursery" objects="9519" bytes="443400" bytesdiscarded="66672" />
  <memory-copied type="tenure" objects="155" bytes="6368" bytesdiscarded="0" />
  <references type="soft" candidates="2" cleared="0" enqueued="0" dynamicThreshold="26" maxThreshold="32" />
  <references type="weak" candidates="64" cleared="63" enqueued="63" />
  <references type="phantom" candidates="2" cleared="1" enqueued="1" />
</gc-op>
<gc-end id="1749" type="scavenge" contextid="1745" durationms="1.083" usertimems="0.000" systemtimems="0.000" timestamp="2019-06-16T18:48:45.150" activeThreads="4">
  <mem-info id="1750" free="2106424" total="8781824" percent="23">
    <mem type="nursery" free="1389792" total="2490368" percent="55">
      <mem type="allocate" free="1389792" total="1900544" percent="73" />
      <mem type="survivor" free="0" total="589824" percent="0" />
    </mem>
    <mem type="tenure" free="716632" total="6291456" percent="11">
      <mem type="soa" free="402264" total="5977088" percent="6" />
      <mem type="loa" free="314368" total="314368" percent="100" />
    </mem>
    <pending-finalizers system="0" default="0" reference="64" classloader="0" />
    <remembered-set count="411" />
  </mem-info>
</gc-end>
<cycle-end id="1751" type="scavenge" contextid="1745" timestamp="2019-06-16T18:48:45.150" />
  <attribute name="elasticGC enabled" value="1" />
  <attribute name= "numThreadsSpecified" value="4" />
  <attribute name="heapSize specified" value="8388608" />
  <attribute name="Current GC Util" value="18" />
  <attribute name= "Current Time Running" value="3020" />
  <attribute name ="GC Interval" value="200" />
  <attribute name="ProportionalT" value="-2.000000" />
  <attribute name="ProportionalI" value="-2.000000" />
  <attribute name="ProportionalH" value="-2.000000" />
  <attribute name="Current Error" value="-2.000000" />
  <attribute name="IntegralT" value="-28.000000" />
  <attribute name="IntegralI" value="-28.000000" />
  <attribute name="IntegralH" value="-28.000000" />
  <attribute name="DerivativeT" value="-0.071429" />
  <attribute name="DerivativeI" value="-0.071429" />
  <attribute name="DerivativeH" value="-0.071429" />
  <attribute name="Loop Time for DT" value="14.000000" />
  <attribute name="Output H" value="2092630016"/>
  <attribute name="Output I" value="200"/>
  <attribute name="Output T" value="4"/>
  <attribute name="Target GC Util Change" value ="20.000000" />
  <attribute name="Current GC Util Change" value="18.000000"/>
  <attribute name="GC Util currently" value="18" />
  <attribute name="CPU Util currently" value="321414202814" />
<allocation-satisfied id="1752" threadId="0000000000769700" bytesRequested="144" />
<af-end id="1753" timestamp="2019-06-16T18:48:45.150" threadId="000000000076A088" success="true" from="nursery"/>
<exclusive-end id="1754" timestamp="2019-06-16T18:48:45.150" durationms="1.653" />

<exclusive-start id="1755" timestamp="2019-06-16T18:48:45.163" intervalms="14.370">
  <response-info timems="0.069" idlems="0.069" threads="0" lastid="0000000000A7D800" lastname="PmdThread 2" />
</exclusive-start>
<af-start id="1756" threadId="0000000000A7E188" totalBytesRequested="352" timestamp="2019-06-16T18:48:45.163" intervalms="14.370" type="nursery" />
<cycle-start id="1757" type="scavenge" contextid="0" timestamp="2019-06-16T18:48:45.163" intervalms="14.354" />
<gc-start id="1758" type="scavenge" contextid="1757" timestamp="2019-06-16T18:48:45.163">
  <mem-info id="1759" free="716040" total="8781824" percent="8">
    <mem type="nursery" free="0" total="2490368" percent="0">
      <mem type="allocate" free="0" total="1900544" percent="0" />
      <mem type="survivor" free="0" total="589824" percent="0" />
    </mem>
    <mem type="tenure" free="716040" total="6291456" percent="11">
      <mem type="soa" free="401672" total="5977088" percent="6" />
      <mem type="loa" free="314368" total="314368" percent="100" />
    </mem>
    <remembered-set count="458" />
  </mem-info>
</gc-start>
<allocation-stats totalBytes="1383272" >
  <allocated-bytes non-tlh="33520" tlh="1349752" />
  <largest-consumer threadName="PmdThread 1" threadId="0000000000A79C00" bytes="639304" />
</allocation-stats>
<gc-op id="1760" type="scavenge" timems="2.772" contextid="1757" timestamp="2019-06-16T18:48:45.166">
  <scavenger-info tenureage="3" tenuremask="7ff8" tiltratio="76" />
  <memory-copied type="nursery" objects="7132" bytes="412832" bytesdiscarded="84464" />
  <memory-copied type="tenure" objects="4688" bytes="171680" bytesdiscarded="128" />
  <references type="soft" candidates="14" cleared="0" enqueued="0" dynamicThreshold="26" maxThreshold="32" />
  <references type="weak" candidates="9" cleared="8" enqueued="8" />
  <references type="phantom" candidates="4" cleared="2" enqueued="2" />
</gc-op>
<heap-resize id="1761" type="expand" space="nursery" amount="262144" count="1" timems="0.014" reason="excessive time being spent scavenging" timestamp="2019-06-16T18:48:45.166" />
<gc-end id="1762" type="scavenge" contextid="1757" durationms="3.006" usertimems="4.000" systemtimems="0.000" timestamp="2019-06-16T18:48:45.166" activeThreads="4">
  <mem-info id="1763" free="2136248" total="9043968" percent="23">
    <mem type="nursery" free="1599152" total="2752512" percent="58">
      <mem type="allocate" free="1599152" total="2097152" percent="76" />
      <mem type="survivor" free="0" total="655360" percent="0" />
    </mem>
    <mem type="tenure" free="537096" total="6291456" percent="8">
      <mem type="soa" free="222728" total="5977088" percent="3" />
      <mem type="loa" free="314368" total="314368" percent="100" />
    </mem>
    <pending-finalizers system="0" default="0" reference="10" classloader="0" />
    <remembered-set count="457" />
  </mem-info>
</gc-end>
<cycle-end id="1764" type="scavenge" contextid="1757" timestamp="2019-06-16T18:48:45.166" />
  <attribute name="elasticGC enabled" value="1" />
  <attribute name= "numThreadsSpecified" value="4" />
  <attribute name="heapSize specified" value="8388608" />
  <attribute name="Current GC Util" value="11" />
  <attribute name= "Current Time Running" value="3035" />
  <attribute name ="GC Interval" value="200" />
  <attribute name="ProportionalT" value="-9.000000" />
  <attribute name="ProportionalI" value="-9.000000" />
  <attribute name="ProportionalH" value="-9.000000" />
  <attribute name="Current Error" value="-9.000000" />
  <attribute name="IntegralT" value="-135.000000" />
  <attribute name="IntegralI" value="-135.000000" />
  <attribute name="IntegralH" value="-135.000000" />
  <attribute name="DerivativeT" value="-0.300000" />
  <attribute name="DerivativeI" value="-0.300000" />
  <attribute name="DerivativeH" value="-0.300000" />
  <attribute name="Loop Time for DT" value="15.000000" />
  <attribute name="Output H" value="2092630016"/>
  <attribute name="Output I" value="200"/>
  <attribute name="Output T" value="4"/>
  <attribute name="Target GC Util Change" value ="20.000000" />
  <attribute name="Current GC Util Change" value="11.000000"/>
  <attribute name="GC Util currently" value="11" />
  <attribute name="CPU Util currently" value="320716468752" />
<allocation-satisfied id="1765" threadId="0000000000A7D800" bytesRequested="352" />
<af-end id="1766" timestamp="2019-06-16T18:48:45.166" threadId="0000000000A7E188" success="true" from="nursery"/>
<exclusive-end id="1767" timestamp="2019-06-16T18:48:45.166" durationms="3.409" />

<exclusive-start id="1768" timestamp="2019-06-16T18:48:45.176" intervalms="13.557">
  <response-info timems="0.587" idlems="0.208" threads="2" lastid="0000000000A81400" lastname="PmdThread 3" />
</exclusive-start>
<af-start id="1769" threadId="0000000000A7A588" totalBytesRequested="56" timestamp="2019-06-16T18:48:45.176" intervalms="13.559" type="nursery" />
<cycle-start id="1770" type="scavenge" contextid="0" timestamp="2019-06-16T18:48:45.177" intervalms="13.598" />
<gc-start id="1771" type="scavenge" contextid="1770" timestamp="2019-06-16T18:48:45.177">
  <mem-info id="1772" free="536928" total="9043968" percent="5">
    <mem type="nursery" free="0" total="2752512" percent="0">
      <mem type="allocate" free="0" total="2097152" percent="0" />
      <mem type="survivor" free="0" total="655360" percent="0" />
    </mem>
    <mem type="tenure" free="536928" total="6291456" percent="8">
      <mem type="soa" free="222560" total="5977088" percent="3" />
      <mem type="loa" free="314368" total="314368" percent="100" />
    </mem>
    <remembered-set count="490" />
  </mem-info>
</gc-start>
<allocation-stats totalBytes="1597424" >
  <allocated-bytes non-tlh="520" tlh="1596904" />
  <largest-consumer threadName="PmdThread 1" threadId="0000000000A79C00" bytes="635864" />
</allocation-stats>
<gc-op id="1773" type="scavenge" timems="1.341" contextid="1770" timestamp="2019-06-16T18:48:45.178">
  <scavenger-info tenureage="3" tenuremask="7ff8" tiltratio="76" />
  <memory-copied type="nursery" objects="11835" bytes="583816" bytesdiscarded="15496" />
  <memory-copied type="tenure" objects="786" bytes="24848" bytesdiscarded="0" />
  <references type="soft" candidates="14" cleared="0" enqueued="0" dynamicThreshold="26" maxThreshold="32" />
  <references type="weak" candidates="1" cleared="0" enqueued="0" />
  <references type="phantom" candidates="1" cleared="0" enqueued="0" />
</gc-op>
<gc-end id="1774" type="scavenge" contextid="1770" durationms="1.720" usertimems="4.000" systemtimems="0.000" timestamp="2019-06-16T18:48:45.178" activeThreads="4">
  <mem-info id="1775" free="1903168" total="9043968" percent="21">
    <mem type="nursery" free="1366240" total="2752512" percent="49">
      <mem type="allocate" free="1366240" total="1966080" percent="69" />
      <mem type="survivor" free="0" total="786432" percent="0" />
    </mem>
    <mem type="tenure" free="536928" total="6291456" percent="8">
      <mem type="soa" free="222560" total="5977088" percent="3" />
      <mem type="loa" free="314368" total="314368" percent="100" />
    </mem>
    <remembered-set count="241" />
  </mem-info>
</gc-end>
<cycle-end id="1776" type="scavenge" contextid="1770" timestamp="2019-06-16T18:48:45.178" />
  <attribute name="elasticGC enabled" value="1" />
  <attribute name= "numThreadsSpecified" value="4" />
  <attribute name="heapSize specified" value="8388608" />
  <attribute name="Current GC Util" value="33" />
  <attribute name= "Current Time Running" value="3048" />
  <attribute name ="GC Interval" value="200" />
  <attribute name="ProportionalT" value="13.000000" />
  <attribute name="ProportionalI" value="13.000000" />
  <attribute name="ProportionalH" value="13.000000" />
  <attribute name="Current Error" value="13.000000" />
  <attribute name="IntegralT" value="169.000000" />
  <attribute name="IntegralI" value="169.000000" />
  <attribute name="IntegralH" value="169.000000" />
  <attribute name="DerivativeT" value="0.500000" />
  <attribute name="DerivativeI" value="0.500000" />
  <attribute name="DerivativeH" value="0.500000" />
  <attribute name="Loop Time for DT" value="13.000000" />
  <attribute name="Output H" value="8388608"/>
  <attribute name="Output I" value="200"/>
  <attribute name="Output T" value="4"/>
  <attribute name="Target GC Util Change" value ="20.000000" />
  <attribute name="Current GC Util Change" value="33.000000"/>
  <attribute name="GC Util currently" value="33" />
  <attribute name="CPU Util currently" value="339956524784" />
<allocation-satisfied id="1777" threadId="0000000000A79C00" bytesRequested="56" />
<af-end id="1778" timestamp="2019-06-16T18:48:45.179" threadId="0000000000A7A588" success="true" from="nursery"/>
<exclusive-end id="1779" timestamp="2019-06-16T18:48:45.179" durationms="2.424" />

<exclusive-start id="1780" timestamp="2019-06-16T18:48:45.192" intervalms="15.687">
  <response-info timems="0.067" idlems="0.035" threads="1" lastid="0000000000A79C00" lastname="PmdThread 1" />
</exclusive-start>
<af-start id="1781" threadId="0000000000A81D88" totalBytesRequested="72" timestamp="2019-06-16T18:48:45.192" intervalms="15.743" type="nursery" />
<cycle-start id="1782" type="scavenge" contextid="0" timestamp="2019-06-16T18:48:45.192" intervalms="15.799" />
<gc-start id="1783" type="scavenge" contextid="1782" timestamp="2019-06-16T18:48:45.192">
  <mem-info id="1784" free="536928" total="9043968" percent="5">
    <mem type="nursery" free="0" total="2752512" percent="0">
      <mem type="allocate" free="0" total="1966080" percent="0" />
      <mem type="survivor" free="0" total="786432" percent="0" />
    </mem>
    <mem type="tenure" free="536928" total="6291456" percent="8">
      <mem type="soa" free="222560" total="5977088" percent="3" />
      <mem type="loa" free="314368" total="314368" percent="100" />
    </mem>
    <remembered-set count="258" />
  </mem-info>
</gc-start>
<allocation-stats totalBytes="1365600" >
  <allocated-bytes non-tlh="56" tlh="1365544" />
  <largest-consumer threadName="PmdThread 2" threadId="0000000000A7D800" bytes="442352" />
</allocation-stats>
<gc-op id="1785" type="scavenge" timems="1.574" contextid="1782" timestamp="2019-06-16T18:48:45.194">
  <scavenger-info tenureage="3" tenuremask="7ff8" tiltratio="71" />
  <memory-copied type="nursery" objects="12945" bytes="638520" bytesdiscarded="147496" />
  <memory-copied type="tenure" objects="1651" bytes="46016" bytesdiscarded="152" />
  <references type="soft" candidates="12" cleared="0" enqueued="0" dynamicThreshold="26" maxThreshold="32" />
  <references type="weak" candidates="40" cleared="40" enqueued="40" />
  <references type="phantom" candidates="3" cleared="2" enqueued="2" />
</gc-op>
<heap-resize id="1786" type="expand" space="nursery" amount="131072" count="1" timems="0.012" reason="excessive time being spent scavenging" timestamp="2019-06-16T18:48:45.194" />
<gc-end id="1787" type="scavenge" contextid="1782" durationms="2.071" usertimems="0.000" systemtimems="4.000" timestamp="2019-06-16T18:48:45.194" activeThreads="4">
  <mem-info id="1788" free="1742944" total="9175040" percent="18">
    <mem type="nursery" free="1245184" total="2883584" percent="43">
      <mem type="allocate" free="1245184" total="2031616" percent="61" />
      <mem type="survivor" free="0" total="851968" percent="0" />
    </mem>
    <mem type="tenure" free="497760" total="6291456" percent="7">
      <mem type="soa" free="183392" total="5977088" percent="3" />
      <mem type="loa" free="314368" total="314368" percent="100" />
    </mem>
    <pending-finalizers system="0" default="0" reference="42" classloader="0" />
    <remembered-set count="200" />
  </mem-info>
</gc-end>
<cycle-end id="1789" type="scavenge" contextid="1782" timestamp="2019-06-16T18:48:45.195" />
  <attribute name="elasticGC enabled" value="1" />
  <attribute name= "numThreadsSpecified" value="4" />
  <attribute name="heapSize specified" value="8388608" />
  <attribute name="Current GC Util" value="16" />
  <attribute name= "Current Time Running" value="3064" />
  <attribute name ="GC Interval" value="200" />
  <attribute name="ProportionalT" value="-4.000000" />
  <attribute name="ProportionalI" value="-4.000000" />
  <attribute name="ProportionalH" value="-4.000000" />
  <attribute name="Current Error" value="-4.000000" />
  <attribute name="IntegralT" value="-64.000000" />
  <attribute name="IntegralI" value="-64.000000" />
  <attribute name="IntegralH" value="-64.000000" />
  <attribute name="DerivativeT" value="-0.531250" />
  <attribute name="DerivativeI" value="-0.531250" />
  <attribute name="DerivativeH" value="-0.531250" />
  <attribute name="Loop Time for DT" value="16.000000" />
  <attribute name="Output H" value="2092630016"/>
  <attribute name="Output I" value="200"/>
  <attribute name="Output T" value="4"/>
  <attribute name="Target GC Util Change" value ="20.000000" />
  <attribute name="Current GC Util Change" value="16.000000"/>
  <attribute name="GC Util currently" value="16" />
  <attribute name="CPU Util currently" value="290811803349" />
<allocation-satisfied id="1790" threadId="0000000000A81400" bytesRequested="72" />
<af-end id="1791" timestamp="2019-06-16T18:48:45.195" threadId="0000000000A81D88" success="true" from="nursery"/>
<exclusive-end id="1792" timestamp="2019-06-16T18:48:45.195" durationms="2.732" />

<exclusive-start id="1793" timestamp="2019-06-16T18:48:45.203" intervalms="10.495">
  <response-info timems="0.240" idlems="0.213" threads="1" lastid="0000000000774B00" lastname="JIT Compilation Thread-2" />
</exclusive-start>
<af-start id="1794" threadId="0000000000A85988" totalBytesRequested="64" timestamp="2019-06-16T18:48:45.203" intervalms="10.446" type="nursery" />
<cycle-start id="1795" type="scavenge" contextid="0" timestamp="2019-06-16T18:48:45.203" intervalms="10.382" />
<gc-start id="1796" type="scavenge" contextid="1795" timestamp="2019-06-16T18:48:45.203">
  <mem-info id="1797" free="497760" total="9175040" percent="5">
    <mem type="nursery" free="0" total="2883584" percent="0">
      <mem type="allocate" free="0" total="2031616" percent="0" />
      <mem type="survivor" free="0" total="851968" percent="0" />
    </mem>
    <mem type="tenure" free="497760" total="6291456" percent="7">
      <mem type="soa" free="183392" total="5977088" percent="3" />
      <mem type="loa" free="314368" total="314368" percent="100" />
    </mem>
    <remembered-set count="209" />
  </mem-info>
</gc-start>
<allocation-stats totalBytes="1244824" >
  <allocated-bytes non-tlh="72" tlh="1244752" />
  <largest-consumer threadName="PmdThread 2" threadId="0000000000A7D800" bytes="552872" />
</allocation-stats>
<gc-op id="1798" type="scavenge" timems="1.394" contextid="1795" timestamp="2019-06-16T18:48:45.204">
  <scavenger-info tenureage="2" tenuremask="7ffc" tiltratio="70" />
  <memory-copied type="nursery" objects="11748" bytes="608184" bytesdiscarded="80296" />
  <memory-copied type="tenure" objects="4488" bytes="217680" bytesdiscarded="16" />
  <copy-failed type="tenure" objects="4996" bytes="236264" />
  <references type="soft" candidates="12" cleared="0" enqueued="0" dynamicThreshold="26" maxThreshold="32" />
  <references type="weak" candidates="7" cleared="6" enqueued="6" />
  <references type="phantom" candidates="1" cleared="1" enqueued="1" />
</gc-op>
<heap-resize id="1799" type="expand" space="nursery" amount="262144" count="1" timems="0.023" reason="excessive time being spent scavenging" timestamp="2019-06-16T18:48:45.204" />
<gc-end id="1800" type="scavenge" contextid="1795" durationms="1.680" usertimems="0.000" systemtimems="0.000" timestamp="2019-06-16T18:48:45.204" activeThreads="4">
  <mem-info id="1801" free="1853888" total="9437184" percent="19">
    <mem type="nursery" free="1539520" total="3145728" percent="48">
      <mem type="allocate" free="1539520" total="2228224" percent="69" />
      <mem type="survivor" free="0" total="917504" percent="0" />
    </mem>
    <mem type="tenure" free="314368" total="6291456" percent="4">
      <mem type="soa" free="0" total="5977088" percent="0" />
      <mem type="loa" free="314368" total="314368" percent="100" />
    </mem>
    <pending-finalizers system="0" default="0" reference="7" classloader="0" />
    <remembered-set count="338" />
  </mem-info>
</gc-end>
<cycle-end id="1802" type="scavenge" contextid="1795" timestamp="2019-06-16T18:48:45.205" />
  <attribute name="elasticGC enabled" value="1" />
  <attribute name= "numThreadsSpecified" value="4" />
  <attribute name="heapSize specified" value="8388608" />
  <attribute name="Current GC Util" value="30" />
  <attribute name= "Current Time Running" value="3074" />
  <attribute name ="GC Interval" value="200" />
  <attribute name="ProportionalT" value="10.000000" />
  <attribute name="ProportionalI" value="10.000000" />
  <attribute name="ProportionalH" value="10.000000" />
  <attribute name="Current Error" value="10.000000" />
  <attribute name="IntegralT" value="100.000000" />
  <attribute name="IntegralI" value="100.000000" />
  <attribute name="IntegralH" value="100.000000" />
  <attribute name="DerivativeT" value="0.500000" />
  <attribute name="DerivativeI" value="0.500000" />
  <attribute name="DerivativeH" value="0.500000" />
  <attribute name="Loop Time for DT" value="10.000000" />
  <attribute name="Output H" value="8388608"/>
  <attribute name="Output I" value="200"/>
  <attribute name="Output T" value="4"/>
  <attribute name="Target GC Util Change" value ="20.000000" />
  <attribute name="Current GC Util Change" value="30.000000"/>
  <attribute name="GC Util currently" value="30" />
  <attribute name="CPU Util currently" value="445576627786" />
<allocation-satisfied id="1803" threadId="0000000000A85000" bytesRequested="64" />
<af-end id="1804" timestamp="2019-06-16T18:48:45.205" threadId="0000000000A85988" success="true" from="nursery"/>
<exclusive-end id="1805" timestamp="2019-06-16T18:48:45.205" durationms="2.249" />

<exclusive-start id="1806" timestamp="2019-06-16T18:48:45.213" intervalms="10.145">
  <response-info timems="0.067" idlems="0.036" threads="1" lastid="0000000000A79C00" lastname="PmdThread 1" />
</exclusive-start>
<af-start id="1807" threadId="0000000000A81D88" totalBytesRequested="88" timestamp="2019-06-16T18:48:45.213" intervalms="10.150" type="tenure" />
<cycle-start id="1808" type="global" contextid="0" timestamp="2019-06-16T18:48:45.213" intervalms="2244.864" />
<gc-start id="1809" type="global" contextid="1808" timestamp="2019-06-16T18:48:45.213">
  <mem-info id="1810" free="633280" total="9437184" percent="6">
    <mem type="nursery" free="318912" total="3145728" percent="10">
      <mem type="allocate" free="318912" total="2228224" percent="14" />
      <mem type="survivor" free="0" total="917504" percent="0" />
    </mem>
    <mem type="tenure" free="314368" total="6291456" percent="4">
      <mem type="soa" free="0" total="5977088" percent="0" />
      <mem type="loa" free="314368" total="314368" percent="100" />
    </mem>
    <remembered-set count="360" />
  </mem-info>
</gc-start>
<allocation-stats totalBytes="1220320" >
  <allocated-bytes non-tlh="64" tlh="1220256" />
  <largest-consumer threadName="PmdThread 1" threadId="0000000000A79C00" bytes="630640" />
</allocation-stats>
<gc-op id="1811" type="mark" timems="6.817" contextid="1808" timestamp="2019-06-16T18:48:45.220">
  <trace-info objectcount="100964" scancount="87086" scanbytes="2721936" />
  <finalization candidates="57" enqueued="0" />
  <ownableSynchronizers candidates="8" cleared="0" />
  <references type="soft" candidates="225" cleared="0" enqueued="0" dynamicThreshold="26" maxThreshold="32" />
  <references type="weak" candidates="698" cleared="43" enqueued="23" />
  <references type="phantom" candidates="63" cleared="2" enqueued="2" />
  <stringconstants candidates="4902" cleared="5"  />
</gc-op>
<gc-op id="1812" type="classunload" timems="0.288" contextid="1808" timestamp="2019-06-16T18:48:45.220">
  <classunload-info classloadercandidates="10" classloadersunloaded="1" classesunloaded="1" anonymousclassesunloaded="0" quiescems="0.000" setupms="0.280" scanms="0.007" postms="0.001" />
</gc-op>
<gc-op id="1813" type="sweep" timems="1.445" contextid="1808" timestamp="2019-06-16T18:48:45.222" />
<mem-info id="1814" free="3339024" total="9437184" percent="35">
  <mem type="nursery" free="1293648" total="3145728" percent="41">
    <mem type="allocate" free="1293648" total="2228224" percent="58" />
    <mem type="survivor" free="0" total="917504" percent="0" />
  </mem>
  <mem type="tenure" free="2045376" total="6291456" percent="32" micro-fragmented="162099" macro-fragmented="0">
    <mem type="soa" free="1731008" total="5977088" percent="28" />
    <mem type="loa" free="314368" total="314368" percent="100" />
  </mem>
  <pending-finalizers system="0" default="0" reference="25" classloader="0" />
  <remembered-set count="354" />
</mem-info>
<gc-op id="1815" type="compact" timems="20.980" contextid="1808" timestamp="2019-06-16T18:48:45.243">
  <compact-info movecount="95102" movebytes="4549512" reason="compact to aid heap contraction" />
</gc-op>
<heap-resize id="1816" type="contract" space="tenure" amount="262144" count="1" timems="0.171" reason="heap reconfiguration" timestamp="2019-06-16T18:48:45.244" />
<gc-end id="1817" type="global" contextid="1808" durationms="31.048" usertimems="24.000" systemtimems="16.000" timestamp="2019-06-16T18:48:45.244" activeThreads="4">
  <mem-info id="1818" free="3408240" total="9175040" percent="37">
    <mem type="nursery" free="1471456" total="3145728" percent="46">
      <mem type="allocate" free="1471456" total="2228224" percent="66" />
      <mem type="survivor" free="0" total="917504" percent="0" />
    </mem>
    <mem type="tenure" free="1936784" total="6029312" percent="32">
      <mem type="soa" free="1687952" total="5728256" percent="29" />
      <mem type="loa" free="248832" total="301056" percent="82" />
    </mem>
    <pending-finalizers system="0" default="0" reference="25" classloader="0" />
    <remembered-set count="354" />
  </mem-info>
</gc-end>
<cycle-end id="1819" type="global" contextid="1808" timestamp="2019-06-16T18:48:45.244" />
  <attribute name="elasticGC enabled" value="1" />
  <attribute name= "numThreadsSpecified" value="4" />
  <attribute name="heapSize specified" value="9437184" />
  <attribute name="Current GC Util" value="44" />
  <attribute name= "Current Time Running" value="3115" />
  <attribute name ="GC Interval" value="200" />
  <attribute name="ProportionalT" value="24.000000" />
  <attribute name="ProportionalI" value="24.000000" />
  <attribute name="ProportionalH" value="24.000000" />
  <attribute name="Current Error" value="24.000000" />
  <attribute name="IntegralT" value="504.000000" />
  <attribute name="IntegralI" value="504.000000" />
  <attribute name="IntegralH" value="504.000000" />
  <attribute name="DerivativeT" value="-1.333333" />
  <attribute name="DerivativeI" value="-1.333333" />
  <attribute name="DerivativeH" value="-1.333333" />
  <attribute name="Loop Time for DT" value="21.000000" />
  <attribute name="Output H" value="8388608"/>
  <attribute name="Output I" value="528"/>
  <attribute name="Output T" value="4"/>
  <attribute name="Target GC Util Change" value ="20.000000" />
  <attribute name="Current GC Util Change" value="44.000000"/>
  <attribute name="GC Util currently" value="44" />
  <attribute name="CPU Util currently" value="218099427997" />
<allocation-satisfied id="1820" threadId="0000000000A81400" bytesRequested="88" />
<af-end id="1821" timestamp="2019-06-16T18:48:45.244" threadId="0000000000A81D88" success="true" from="tenure-soa"/>
<exclusive-end id="1822" timestamp="2019-06-16T18:48:45.244" durationms="31.595" />

<exclusive-start id="1823" timestamp="2019-06-16T18:48:45.251" intervalms="38.417">
  <response-info timems="0.094" idlems="0.057" threads="1" lastid="0000000000774B00" lastname="JIT Compilation Thread-2" />
</exclusive-start>
<af-start id="1824" threadId="0000000000A7E188" totalBytesRequested="24" timestamp="2019-06-16T18:48:45.251" intervalms="38.410" type="nursery" />
<cycle-start id="1825" type="scavenge" contextid="0" timestamp="2019-06-16T18:48:45.251" intervalms="48.567" />
<gc-start id="1826" type="scavenge" contextid="1825" timestamp="2019-06-16T18:48:45.251">
  <mem-info id="1827" free="1936592" total="9175040" percent="21">
    <mem type="nursery" free="0" total="3145728" percent="0">
      <mem type="allocate" free="0" total="2228224" percent="0" />
      <mem type="survivor" free="0" total="917504" percent="0" />
    </mem>
    <mem type="tenure" free="1936592" total="6029312" percent="32">
      <mem type="soa" free="1687760" total="5728256" percent="29" />
      <mem type="loa" free="248832" total="301056" percent="82" />
    </mem>
    <remembered-set count="522" />
  </mem-info>
</gc-start>
<allocation-stats totalBytes="1471272" >
  <allocated-bytes non-tlh="280" tlh="1470992" />
  <largest-consumer threadName="PmdThread 4" threadId="0000000000A85000" bytes="672464" />
</allocation-stats>
<gc-op id="1828" type="scavenge" timems="2.455" contextid="1825" timestamp="2019-06-16T18:48:45.254">
  <scavenger-info tenureage="2" tenuremask="7ffc" tiltratio="70" />
  <memory-copied type="nursery" objects="15838" bytes="694424" bytesdiscarded="129128" />
  <memory-copied type="tenure" objects="7011" bytes="313896" bytesdiscarded="176" />
  <ownableSynchronizers candidates="16" cleared="16" />
</gc-op>
<gc-end id="1829" type="scavenge" contextid="1825" durationms="2.637" usertimems="0.000" systemtimems="4.000" timestamp="2019-06-16T18:48:45.254" activeThreads="4">
  <mem-info id="1830" free="3060624" total="9175040" percent="33">
    <mem type="nursery" free="1470168" total="3145728" percent="46">
      <mem type="allocate" free="1470168" total="2293760" percent="64" />
      <mem type="survivor" free="0" total="851968" percent="0" />
    </mem>
    <mem type="tenure" free="1590456" total="6029312" percent="26">
      <mem type="soa" free="1341624" total="5728256" percent="23" />
      <mem type="loa" free="248832" total="301056" percent="82" />
    </mem>
    <remembered-set count="409" />
  </mem-info>
</gc-end>
<cycle-end id="1831" type="scavenge" contextid="1825" timestamp="2019-06-16T18:48:45.254" />
  <attribute name="elasticGC enabled" value="1" />
  <attribute name= "numThreadsSpecified" value="4" />
  <attribute name="heapSize specified" value="9437184" />
  <attribute name="Current GC Util" value="225" />
  <attribute name= "Current Time Running" value="3123" />
  <attribute name ="GC Interval" value="1856" />
  <attribute name="ProportionalT" value="205.000000" />
  <attribute name="ProportionalI" value="205.000000" />
  <attribute name="ProportionalH" value="205.000000" />
  <attribute name="Current Error" value="205.000000" />
  <attribute name="IntegralT" value="1640.000000" />
  <attribute name="IntegralI" value="1640.000000" />
  <attribute name="IntegralH" value="1640.000000" />
  <attribute name="DerivativeT" value="11.312500" />
  <attribute name="DerivativeI" value="11.312500" />
  <attribute name="DerivativeH" value="11.312500" />
  <attribute name="Loop Time for DT" value="8.000000" />
  <attribute name="Output H" value="8388608"/>
  <attribute name="Output I" value="1856"/>
  <attribute name="Output T" value="4"/>
  <attribute name="Target GC Util Change" value ="20.000000" />
  <attribute name="Current GC Util Change" value="225.000000"/>
  <attribute name="GC Util currently" value="225" />
  <attribute name="CPU Util currently" value="562508296039" />
<allocation-satisfied id="1832" threadId="0000000000A7D800" bytesRequested="24" />
<af-end id="1833" timestamp="2019-06-16T18:48:45.254" threadId="0000000000A7E188" success="true" from="nursery"/>
<exclusive-end id="1834" timestamp="2019-06-16T18:48:45.254" durationms="3.065" />

<exclusive-start id="1835" timestamp="2019-06-16T18:48:45.267" intervalms="16.046">
  <response-info timems="0.346" idlems="0.183" threads="1" lastid="0000000000A81400" lastname="PmdThread 3" />
</exclusive-start>
<af-start id="1836" threadId="0000000000A85988" totalBytesRequested="7680" timestamp="2019-06-16T18:48:45.267" intervalms="16.049" type="nursery" />
<cycle-start id="1837" type="scavenge" contextid="0" timestamp="2019-06-16T18:48:45.267" intervalms="16.038" />
<gc-start id="1838" type="scavenge" contextid="1837" timestamp="2019-06-16T18:48:45.267">
  <mem-info id="1839" free="1590272" total="9175040" percent="17">
    <mem type="nursery" free="0" total="3145728" percent="0">
      <mem type="allocate" free="0" total="2293760" percent="0" />
      <mem type="survivor" free="0" total="851968" percent="0" />
    </mem>
    <mem type="tenure" free="1590272" total="6029312" percent="26">
      <mem type="soa" free="1341440" total="5728256" percent="23" />
      <mem type="loa" free="248832" total="301056" percent="82" />
    </mem>
    <remembered-set count="596" />
  </mem-info>
</gc-start>
<allocation-stats totalBytes="1468032" >
  <allocated-bytes non-tlh="49392" tlh="1418640" />
  <largest-consumer threadName="PmdThread 1" threadId="0000000000A79C00" bytes="982768" />
</allocation-stats>
<gc-op id="1840" type="scavenge" timems="1.380" contextid="1837" timestamp="2019-06-16T18:48:45.269">
  <scavenger-info tenureage="1" tenuremask="7ffe" tiltratio="72" />
  <memory-copied type="nursery" objects="3495" bytes="250480" bytesdiscarded="158880" />
  <memory-copied type="tenure" objects="15604" bytes="687976" bytesdiscarded="536" />
  <references type="weak" candidates="1" cleared="1" enqueued="1" />
  <references type="phantom" candidates="1" cleared="1" enqueued="1" />
</gc-op>
<gc-end id="1841" type="scavenge" contextid="1837" durationms="1.591" usertimems="0.000" systemtimems="0.000" timestamp="2019-06-16T18:48:45.269" activeThreads="4">
  <mem-info id="1842" free="2706104" total="9175040" percent="29">
    <mem type="nursery" free="1884368" total="3145728" percent="59">
      <mem type="allocate" free="1884368" total="2293760" percent="82" />
      <mem type="survivor" free="0" total="851968" percent="0" />
    </mem>
    <mem type="tenure" free="821736" total="6029312" percent="13">
      <mem type="soa" free="572904" total="5728256" percent="10" />
      <mem type="loa" free="248832" total="301056" percent="82" />
    </mem>
    <pending-finalizers system="0" default="0" reference="2" classloader="0" />
    <remembered-set count="660" />
  </mem-info>
</gc-end>
<cycle-end id="1843" type="scavenge" contextid="1837" timestamp="2019-06-16T18:48:45.269" />
  <attribute name="elasticGC enabled" value="1" />
  <attribute name= "numThreadsSpecified" value="4" />
  <attribute name="heapSize specified" value="9437184" />
  <attribute name="Current GC Util" value="29" />
  <attribute name= "Current Time Running" value="3139" />
  <attribute name ="GC Interval" value="200" />
  <attribute name="ProportionalT" value="9.000000" />
  <attribute name="ProportionalI" value="9.000000" />
  <attribute name="ProportionalH" value="9.000000" />
  <attribute name="Current Error" value="9.000000" />
  <attribute name="IntegralT" value="144.000000" />
  <attribute name="IntegralI" value="144.000000" />
  <attribute name="IntegralH" value="144.000000" />
  <attribute name="DerivativeT" value="-6.125000" />
  <attribute name="DerivativeI" value="-6.125000" />
  <attribute name="DerivativeH" value="-6.125000" />
  <attribute name="Loop Time for DT" value="16.000000" />
  <attribute name="Output H" value="8388608"/>
  <attribute name="Output I" value="200"/>
  <attribute name="Output T" value="4"/>
  <attribute name="Target GC Util Change" value ="20.000000" />
  <attribute name="Current GC Util Change" value="29.000000"/>
  <attribute name="GC Util currently" value="29" />
  <attribute name="CPU Util currently" value="287304572889" />
<allocation-satisfied id="1844" threadId="0000000000A85000" bytesRequested="7680" />
<af-end id="1845" timestamp="2019-06-16T18:48:45.269" threadId="0000000000A85988" success="true" from="nursery"/>
<exclusive-end id="1846" timestamp="2019-06-16T18:48:45.269" durationms="2.094" />

<exclusive-start id="1847" timestamp="2019-06-16T18:48:45.285" intervalms="17.938">
  <response-info timems="0.094" idlems="0.094" threads="0" lastid="0000000000A81400" lastname="PmdThread 3" />
</exclusive-start>
<af-start id="1848" threadId="0000000000A81D88" totalBytesRequested="16" timestamp="2019-06-16T18:48:45.285" intervalms="17.947" type="nursery" />
<cycle-start id="1849" type="scavenge" contextid="0" timestamp="2019-06-16T18:48:45.285" intervalms="17.949" />
<gc-start id="1850" type="scavenge" contextid="1849" timestamp="2019-06-16T18:48:45.285">
  <mem-info id="1851" free="821488" total="9175040" percent="8">
    <mem type="nursery" free="0" total="3145728" percent="0">
      <mem type="allocate" free="0" total="2293760" percent="0" />
      <mem type="survivor" free="0" total="851968" percent="0" />
    </mem>
    <mem type="tenure" free="821488" total="6029312" percent="13">
      <mem type="soa" free="572656" total="5728256" percent="9" />
      <mem type="loa" free="248832" total="301056" percent="82" />
    </mem>
    <remembered-set count="703" />
  </mem-info>
</gc-start>
<allocation-stats totalBytes="1883512" >
  <allocated-bytes non-tlh="7928" tlh="1875584" />
  <largest-consumer threadName="PmdThread 2" threadId="0000000000A7D800" bytes="700160" />
</allocation-stats>
<gc-op id="1852" type="scavenge" timems="1.672" contextid="1849" timestamp="2019-06-16T18:48:45.287">
  <scavenger-info tenureage="1" tenuremask="7ffe" tiltratio="72" />
  <memory-copied type="nursery" objects="3972" bytes="363720" bytesdiscarded="185568" />
  <memory-copied type="tenure" objects="1702" bytes="48768" bytesdiscarded="0" />
  <references type="weak" candidates="34" cleared="33" enqueued="33" />
  <references type="phantom" candidates="14" cleared="7" enqueued="7" />
</gc-op>
<heap-resize id="1853" type="expand" space="nursery" amount="262144" count="1" timems="0.013" reason="excessive time being spent scavenging" timestamp="2019-06-16T18:48:45.287" />
<gc-end id="1854" type="scavenge" contextid="1849" durationms="2.186" usertimems="0.000" systemtimems="4.000" timestamp="2019-06-16T18:48:45.287" activeThreads="4">
  <mem-info id="1855" free="2727360" total="9437184" percent="28">
    <mem type="nursery" free="2006480" total="3407872" percent="58">
      <mem type="allocate" free="2006480" total="2555904" percent="78" />
      <mem type="survivor" free="0" total="851968" percent="0" />
    </mem>
    <mem type="tenure" free="720880" total="6029312" percent="11">
      <mem type="soa" free="472048" total="5728256" percent="8" />
      <mem type="loa" free="248832" total="301056" percent="82" />
    </mem>
    <pending-finalizers system="0" default="0" reference="40" classloader="0" />
    <remembered-set count="150" />
  </mem-info>
</gc-end>
<cycle-end id="1856" type="scavenge" contextid="1849" timestamp="2019-06-16T18:48:45.288" />
  <attribute name="elasticGC enabled" value="1" />
  <attribute name= "numThreadsSpecified" value="4" />
  <attribute name="heapSize specified" value="9437184" />
  <attribute name="Current GC Util" value="13" />
  <attribute name= "Current Time Running" value="3157" />
  <attribute name ="GC Interval" value="200" />
  <attribute name="ProportionalT" value="-7.000000" />
  <attribute name="ProportionalI" value="-7.000000" />
  <attribute name="ProportionalH" value="-7.000000" />
  <attribute name="Current Error" value="-7.000000" />
  <attribute name="IntegralT" value="-126.000000" />
  <attribute name="IntegralI" value="-126.000000" />
  <attribute name="IntegralH" value="-126.000000" />
  <attribute name="DerivativeT" value="-0.444444" />
  <attribute name="DerivativeI" value="-0.444444" />
  <attribute name="DerivativeH" value="-0.444444" />
  <attribute name="Loop Time for DT" value="18.000000" />
  <attribute name="Output H" value="2092630016"/>
  <attribute name="Output I" value="200"/>
  <attribute name="Output T" value="4"/>
  <attribute name="Target GC Util Change" value ="20.000000" />
  <attribute name="Current GC Util Change" value="13.000000"/>
  <attribute name="GC Util currently" value="13" />
  <attribute name="CPU Util currently" value="257185942974" />
<allocation-satisfied id="1857" threadId="0000000000A81400" bytesRequested="16" />
<af-end id="1858" timestamp="2019-06-16T18:48:45.288" threadId="0000000000A81D88" success="true" from="nursery"/>
<exclusive-end id="1859" timestamp="2019-06-16T18:48:45.288" durationms="2.771" />

<exclusive-start id="1860" timestamp="2019-06-16T18:48:45.300" intervalms="15.355">
  <response-info timems="0.053" idlems="0.028" threads="1" lastid="0000000000A85000" lastname="PmdThread 4" />
</exclusive-start>
<af-start id="1861" threadId="0000000000A7A588" totalBytesRequested="32" timestamp="2019-06-16T18:48:45.301" intervalms="15.346" type="nursery" />
<cycle-start id="1862" type="scavenge" contextid="0" timestamp="2019-06-16T18:48:45.301" intervalms="15.343" />
<gc-start id="1863" type="scavenge" contextid="1862" timestamp="2019-06-16T18:48:45.301">
  <mem-info id="1864" free="720472" total="9437184" percent="7">
    <mem type="nursery" free="0" total="3407872" percent="0">
      <mem type="allocate" free="0" total="2555904" percent="0" />
      <mem type="survivor" free="0" total="851968" percent="0" />
    </mem>
    <mem type="tenure" free="720472" total="6029312" percent="11">
      <mem type="soa" free="471640" total="5728256" percent="8" />
      <mem type="loa" free="248832" total="301056" percent="82" />
    </mem>
    <remembered-set count="304" />
  </mem-info>
</gc-start>
<allocation-stats totalBytes="2000512" >
  <allocated-bytes non-tlh="424" tlh="2000088" />
  <largest-consumer threadName="PmdThread 2" threadId="0000000000A7D800" bytes="933736" />
</allocation-stats>
<gc-op id="1865" type="scavenge" timems="0.598" contextid="1862" timestamp="2019-06-16T18:48:45.301">
  <scavenger-info tenureage="1" tenuremask="7ffe" tiltratio="75" />
  <memory-copied type="nursery" objects="3156" bytes="273584" bytesdiscarded="113288" />
  <memory-copied type="tenure" objects="2930" bytes="229392" bytesdiscarded="56" />
  <references type="weak" candidates="49" cleared="48" enqueued="47" />
  <references type="phantom" candidates="8" cleared="6" enqueued="6" />
</gc-op>
<gc-end id="1866" type="scavenge" contextid="1862" durationms="0.805" usertimems="0.000" systemtimems="0.000" timestamp="2019-06-16T18:48:45.301" activeThreads="4">
  <mem-info id="1867" free="2738456" total="9437184" percent="29">
    <mem type="nursery" free="2299856" total="3407872" percent="67">
      <mem type="allocate" free="2299856" total="2686976" percent="85" />
      <mem type="survivor" free="0" total="720896" percent="0" />
    </mem>
    <mem type="tenure" free="438600" total="6029312" percent="7">
      <mem type="soa" free="189768" total="5728256" percent="3" />
      <mem type="loa" free="248832" total="301056" percent="82" />
    </mem>
    <pending-finalizers system="0" default="0" reference="53" classloader="0" />
    <remembered-set count="304" />
  </mem-info>
</gc-end>
<cycle-end id="1868" type="scavenge" contextid="1862" timestamp="2019-06-16T18:48:45.302" />
  <attribute name="elasticGC enabled" value="1" />
  <attribute name= "numThreadsSpecified" value="4" />
  <attribute name="heapSize specified" value="9437184" />
  <attribute name="Current GC Util" value="22" />
  <attribute name= "Current Time Running" value="3172" />
  <attribute name ="GC Interval" value="200" />
  <attribute name="ProportionalT" value="2.000000" />
  <attribute name="ProportionalI" value="2.000000" />
  <attribute name="ProportionalH" value="2.000000" />
  <attribute name="Current Error" value="2.000000" />
  <attribute name="IntegralT" value="30.000000" />
  <attribute name="IntegralI" value="30.000000" />
  <attribute name="IntegralH" value="30.000000" />
  <attribute name="DerivativeT" value="0.066667" />
  <attribute name="DerivativeI" value="0.066667" />
  <attribute name="DerivativeH" value="0.066667" />
  <attribute name="Loop Time for DT" value="15.000000" />
  <attribute name="Output H" value="8388608"/>
  <attribute name="Output I" value="200"/>
  <attribute name="Output T" value="4"/>
  <attribute name="Target GC Util Change" value ="20.000000" />
  <attribute name="Current GC Util Change" value="22.000000"/>
  <attribute name="GC Util currently" value="22" />
  <attribute name="CPU Util currently" value="300986150153" />
<allocation-satisfied id="1869" threadId="0000000000A79C00" bytesRequested="32" />
<af-end id="1870" timestamp="2019-06-16T18:48:45.302" threadId="0000000000A7A588" success="true" from="nursery"/>
<exclusive-end id="1871" timestamp="2019-06-16T18:48:45.302" durationms="1.300" />

<concurrent-kickoff id="1872" timestamp="2019-06-16T18:48:45.309">
  <kickoff reason="threshold reached" targetBytes="1789499" thresholdFreeBytes="247632"  remainingFree="186288" tenureFreeBytes="438600" nurseryFreeBytes="186288" />
</concurrent-kickoff>
<exclusive-start id="1873" timestamp="2019-06-16T18:48:45.309" intervalms="8.917">
  <response-info timems="0.241" idlems="0.112" threads="2" lastid="0000000000A81400" lastname="PmdThread 3" />
</exclusive-start>
<cycle-start id="1874" type="global" contextid="0" timestamp="2019-06-16T18:48:45.309" intervalms="96.551" />
<exclusive-end id="1875" timestamp="2019-06-16T18:48:45.309" durationms="0.089" />

<exclusive-start id="1876" timestamp="2019-06-16T18:48:45.313" intervalms="3.853">
  <response-info timems="0.072" idlems="0.072" threads="0" lastid="0000000000A81400" lastname="PmdThread 3" />
</exclusive-start>
<af-start id="1877" threadId="0000000000A81D88" totalBytesRequested="56" timestamp="2019-06-16T18:48:45.313" intervalms="12.769" type="nursery" />
<percolate-collect id="1878" from="nursery" to="global" reason="concurrent mark exhausted" timestamp="2019-06-16T18:48:45.313"/>
<gc-start id="1879" type="global" contextid="1874" timestamp="2019-06-16T18:48:45.313">
  <mem-info id="1880" free="438416" total="9437184" percent="4">
    <mem type="nursery" free="0" total="3407872" percent="0">
      <mem type="allocate" free="0" total="2686976" percent="0" />
      <mem type="survivor" free="0" total="720896" percent="0" />
    </mem>
    <mem type="tenure" free="438416" total="6029312" percent="7">
      <mem type="soa" free="189584" total="5728256" percent="3" />
      <mem type="loa" free="248832" total="301056" percent="82" />
    </mem>
    <remembered-set count="341" />
  </mem-info>
</gc-start>
<allocation-stats totalBytes="2298888" >
  <allocated-bytes non-tlh="216" tlh="2298672" />
  <largest-consumer threadName="PmdThread 2" threadId="0000000000A7D800" bytes="908736" />
</allocation-stats>
<concurrent-halted id="1881" timestamp="2019-06-16T18:48:45.314">
  <halted state="Complete" status="exhausted" />
  <traced bytesTarget="1789499" bytesTotal="2369900" bytesByMutator="1473996" bytesByHelper="895904" percent="132" />
  <cards cleaned="34" thresholdBytes="97552" />
</concurrent-halted>
<gc-op id="1882" type="rs-scan" timems="0.991" contextid="1874" timestamp="2019-06-16T18:48:45.315">
  <scan objectsFound="317" bytesTraced="22864" workStackOverflowCount="0" />
</gc-op>
<gc-op id="1883" type="card-cleaning" timems="0.337" contextid="1874" timestamp="2019-06-16T18:48:45.315">
  <card-cleaning cardsCleaned="2" bytesTraced="41060" workStackOverflowCount="0" />
</gc-op>
<gc-op id="1884" type="mark" timems="1.864" contextid="1874" timestamp="2019-06-16T18:48:45.317">
  <trace-info objectcount="10716" scancount="9852" scanbytes="353072" />
  <finalization candidates="57" enqueued="0" />
  <ownableSynchronizers candidates="8" cleared="0" />
  <references type="soft" candidates="225" cleared="0" enqueued="0" dynamicThreshold="10" maxThreshold="32" />
  <references type="weak" candidates="683" cleared="25" enqueued="25" />
  <references type="phantom" candidates="69" cleared="3" enqueued="3" />
  <stringconstants candidates="4905" cleared="0"  />
</gc-op>
<gc-op id="1885" type="sweep" timems="0.733" contextid="1874" timestamp="2019-06-16T18:48:45.318" />
<mem-info id="1886" free="3173272" total="9437184" percent="33">
  <mem type="nursery" free="1512408" total="3407872" percent="44">
    <mem type="allocate" free="1512408" total="2686976" percent="56" />
    <mem type="survivor" free="0" total="720896" percent="0" />
  </mem>
  <mem type="tenure" free="1660864" total="6029312" percent="27" micro-fragmented="31320" macro-fragmented="0">
    <mem type="soa" free="1359808" total="5728256" percent="23" />
    <mem type="loa" free="301056" total="301056" percent="100" />
  </mem>
  <pending-finalizers system="0" default="0" reference="28" classloader="0" />
  <remembered-set count="339" />
</mem-info>
<gc-op id="1887" type="compact" timems="18.612" contextid="1874" timestamp="2019-06-16T18:48:45.337">
  <compact-info movecount="86854" movebytes="4231936" reason="compact to aid heap contraction" />
</gc-op>
<heap-resize id="1888" type="contract" space="tenure" amount="262144" count="1" timems="0.091" reason="heap reconfiguration" timestamp="2019-06-16T18:48:45.337" />
<gc-end id="1889" type="global" contextid="1874" durationms="23.859" usertimems="32.000" systemtimems="0.000" timestamp="2019-06-16T18:48:45.337" activeThreads="4">
  <mem-info id="1890" free="3421880" total="9175040" percent="37">
    <mem type="nursery" free="2019216" total="3407872" percent="59">
      <mem type="allocate" free="2019216" total="2686976" percent="75" />
      <mem type="survivor" free="0" total="720896" percent="0" />
    </mem>
    <mem type="tenure" free="1402664" total="5767168" percent="24">
      <mem type="soa" free="1153832" total="5479424" percent="21" />
      <mem type="loa" free="248832" total="287744" percent="86" />
    </mem>
    <pending-finalizers system="0" default="0" reference="28" classloader="0" />
    <remembered-set count="339" />
  </mem-info>
</gc-end>
<cycle-end id="1891" type="global" contextid="1874" timestamp="2019-06-16T18:48:45.337" />
  <attribute name="elasticGC enabled" value="1" />
  <attribute name= "numThreadsSpecified" value="4" />
  <attribute name="heapSize specified" value="9437184" />
  <attribute name="Current GC Util" value="42" />
  <attribute name= "Current Time Running" value="3208" />
  <attribute name ="GC Interval" value="200" />
  <attribute name="ProportionalT" value="22.000000" />
  <attribute name="ProportionalI" value="22.000000" />
  <attribute name="ProportionalH" value="22.000000" />
  <attribute name="Current Error" value="22.000000" />
  <attribute name="IntegralT" value="418.000000" />
  <attribute name="IntegralI" value="418.000000" />
  <attribute name="IntegralH" value="418.000000" />
  <attribute name="DerivativeT" value="-3.263158" />
  <attribute name="DerivativeI" value="-3.263158" />
  <attribute name="DerivativeH" value="-3.263158" />
  <attribute name="Loop Time for DT" value="19.000000" />
  <attribute name="Output H" value="8388608"/>
  <attribute name="Output I" value="440"/>
  <attribute name="Output T" value="4"/>
  <attribute name="Target GC Util Change" value ="20.000000" />
  <attribute name="Current GC Util Change" value="42.000000"/>
  <attribute name="GC Util currently" value="42" />
  <attribute name="CPU Util currently" value="245762926217" />
<allocation-satisfied id="1892" threadId="0000000000A81400" bytesRequested="56" />
<af-end id="1893" timestamp="2019-06-16T18:48:45.338" threadId="0000000000A81D88" success="true" from="nursery"/>
<exclusive-end id="1894" timestamp="2019-06-16T18:48:45.338" durationms="24.487" />

<exclusive-start id="1895" timestamp="2019-06-16T18:48:45.350" intervalms="36.526">
  <response-info timems="0.075" idlems="0.075" threads="0" lastid="0000000000A81400" lastname="PmdThread 3" />
</exclusive-start>
<af-start id="1896" threadId="0000000000A81D88" totalBytesRequested="72" timestamp="2019-06-16T18:48:45.350" intervalms="36.571" type="nursery" />
<cycle-start id="1897" type="scavenge" contextid="0" timestamp="2019-06-16T18:48:45.350" intervalms="49.338" />
<gc-start id="1898" type="scavenge" contextid="1897" timestamp="2019-06-16T18:48:45.350">
  <mem-info id="1899" free="1400440" total="9175040" percent="15">
    <mem type="nursery" free="0" total="3407872" percent="0">
      <mem type="allocate" free="0" total="2686976" percent="0" />
      <mem type="survivor" free="0" total="720896" percent="0" />
    </mem>
    <mem type="tenure" free="1400440" total="5767168" percent="24">
      <mem type="soa" free="1151608" total="5479424" percent="21" />
      <mem type="loa" free="248832" total="287744" percent="86" />
    </mem>
    <remembered-set count="624" />
  </mem-info>
</gc-start>
<allocation-stats totalBytes="2019256" >
  <allocated-bytes non-tlh="2280" tlh="2016976" />
  <largest-consumer threadName="PmdThread 2" threadId="0000000000A7D800" bytes="797632" />
</allocation-stats>
<gc-op id="1900" type="scavenge" timems="1.612" contextid="1897" timestamp="2019-06-16T18:48:45.352">
  <scavenger-info tenureage="1" tenuremask="7ffe" tiltratio="78" />
  <memory-copied type="nursery" objects="13190" bytes="602192" bytesdiscarded="117512" />
  <memory-copied type="tenure" objects="3324" bytes="251424" bytesdiscarded="856" />
  <copy-failed type="nursery" objects="791" bytes="39896" />
  <ownableSynchronizers candidates="16" cleared="16" />
  <references type="weak" candidates="63" cleared="63" enqueued="63" />
  <references type="phantom" candidates="3" cleared="2" enqueued="2" />
</gc-op>
<gc-end id="1901" type="scavenge" contextid="1897" durationms="1.985" usertimems="0.000" systemtimems="4.000" timestamp="2019-06-16T18:48:45.352" activeThreads="4">
  <mem-info id="1902" free="2663520" total="9175040" percent="29">
    <mem type="nursery" free="1572864" total="3407872" percent="46">
      <mem type="allocate" free="1572864" total="2293760" percent="68" />
      <mem type="survivor" free="0" total="1114112" percent="0" />
    </mem>
    <mem type="tenure" free="1090656" total="5767168" percent="18">
      <mem type="soa" free="841824" total="5479424" percent="15" />
      <mem type="loa" free="248832" total="287744" percent="86" />
    </mem>
    <pending-finalizers system="0" default="0" reference="65" classloader="0" />
    <remembered-set count="334" />
  </mem-info>
</gc-end>
<cycle-end id="1903" type="scavenge" contextid="1897" timestamp="2019-06-16T18:48:45.352" />
  <attribute name="elasticGC enabled" value="1" />
  <attribute name= "numThreadsSpecified" value="4" />
  <attribute name="heapSize specified" value="9437184" />
  <attribute name="Current GC Util" value="264" />
  <attribute name= "Current Time Running" value="3222" />
  <attribute name ="GC Interval" value="3672" />
  <attribute name="ProportionalT" value="244.000000" />
  <attribute name="ProportionalI" value="244.000000" />
  <attribute name="ProportionalH" value="244.000000" />
  <attribute name="Current Error" value="244.000000" />
  <attribute name="IntegralT" value="3416.000000" />
  <attribute name="IntegralI" value="3416.000000" />
  <attribute name="IntegralH" value="3416.000000" />
  <attribute name="DerivativeT" value="7.928571" />
  <attribute name="DerivativeI" value="7.928571" />
  <attribute name="DerivativeH" value="7.928571" />
  <attribute name="Loop Time for DT" value="14.000000" />
  <attribute name="Output H" value="8388608"/>
  <attribute name="Output I" value="3672"/>
  <attribute name="Output T" value="4"/>
  <attribute name="Target GC Util Change" value ="20.000000" />
  <attribute name="Current GC Util Change" value="264.000000"/>
  <attribute name="GC Util currently" value="264" />
  <attribute name="CPU Util currently" value="345529073353" />
<allocation-satisfied id="1904" threadId="0000000000A81400" bytesRequested="72" />
<af-end id="1905" timestamp="2019-06-16T18:48:45.352" threadId="0000000000A81D88" success="true" from="nursery"/>
<exclusive-end id="1906" timestamp="2019-06-16T18:48:45.352" durationms="2.558" />

<exclusive-start id="1907" timestamp="2019-06-16T18:48:45.357" intervalms="6.954">
  <response-info timems="0.061" idlems="0.033" threads="1" lastid="0000000000A79C00" lastname="PmdThread 1" />
</exclusive-start>
<af-start id="1908" threadId="0000000000A85988" totalBytesRequested="56" timestamp="2019-06-16T18:48:45.357" intervalms="6.908" type="nursery" />
<cycle-start id="1909" type="scavenge" contextid="0" timestamp="2019-06-16T18:48:45.357" intervalms="6.910" />
<gc-start id="1910" type="scavenge" contextid="1909" timestamp="2019-06-16T18:48:45.357">
  <mem-info id="1911" free="1090656" total="9175040" percent="11">
    <mem type="nursery" free="0" total="3407872" percent="0">
      <mem type="allocate" free="0" total="2293760" percent="0" />
      <mem type="survivor" free="0" total="1114112" percent="0" />
    </mem>
    <mem type="tenure" free="1090656" total="5767168" percent="18">
      <mem type="soa" free="841824" total="5479424" percent="15" />
      <mem type="loa" free="248832" total="287744" percent="86" />
    </mem>
    <remembered-set count="435" />
  </mem-info>
</gc-start>
<allocation-stats totalBytes="1572016" >
  <allocated-bytes non-tlh="16464" tlh="1555552" />
  <largest-consumer threadName="PmdThread 3" threadId="0000000000A81400" bytes="643016" />
</allocation-stats>
<gc-op id="1912" type="scavenge" timems="1.191" contextid="1909" timestamp="2019-06-16T18:48:45.358">
  <scavenger-info tenureage="1" tenuremask="7ffe" tiltratio="67" />
  <memory-copied type="nursery" objects="5734" bytes="366704" bytesdiscarded="134984" />
  <memory-copied type="tenure" objects="12569" bytes="575920" bytesdiscarded="184" />
  <references type="weak" candidates="35" cleared="35" enqueued="35" />
  <references type="phantom" candidates="4" cleared="2" enqueued="2" />
</gc-op>
<heap-resize id="1913" type="expand" space="nursery" amount="262144" count="1" timems="0.024" reason="excessive time being spent scavenging" timestamp="2019-06-16T18:48:45.358" />
<gc-end id="1914" type="scavenge" contextid="1909" durationms="1.524" usertimems="4.000" systemtimems="0.000" timestamp="2019-06-16T18:48:45.358" activeThreads="4">
  <mem-info id="1915" free="2417128" total="9437184" percent="25">
    <mem type="nursery" free="1988560" total="3670016" percent="54">
      <mem type="allocate" free="1988560" total="2490368" percent="79" />
      <mem type="survivor" free="0" total="1179648" percent="0" />
    </mem>
    <mem type="tenure" free="428568" total="5767168" percent="7">
      <mem type="soa" free="179736" total="5479424" percent="3" />
      <mem type="loa" free="248832" total="287744" percent="86" />
    </mem>
    <pending-finalizers system="0" default="0" reference="37" classloader="0" />
    <remembered-set count="380" />
  </mem-info>
</gc-end>
<cycle-end id="1916" type="scavenge" contextid="1909" timestamp="2019-06-16T18:48:45.359" />
  <attribute name="elasticGC enabled" value="1" />
  <attribute name= "numThreadsSpecified" value="4" />
  <attribute name="heapSize specified" value="9437184" />
  <attribute name="Current GC Util" value="47" />
  <attribute name= "Current Time Running" value="3228" />
  <attribute name ="GC Interval" value="200" />
  <attribute name="ProportionalT" value="27.000000" />
  <attribute name="ProportionalI" value="27.000000" />
  <attribute name="ProportionalH" value="27.000000" />
  <attribute name="Current Error" value="27.000000" />
  <attribute name="IntegralT" value="162.000000" />
  <attribute name="IntegralI" value="162.000000" />
  <attribute name="IntegralH" value="162.000000" />
  <attribute name="DerivativeT" value="-18.083333" />
  <attribute name="DerivativeI" value="-18.083333" />
  <attribute name="DerivativeH" value="-18.083333" />
  <attribute name="Loop Time for DT" value="6.000000" />
  <attribute name="Output H" value="8388608"/>
  <attribute name="Output I" value="200"/>
  <attribute name="Output T" value="4"/>
  <attribute name="Target GC Util Change" value ="20.000000" />
  <attribute name="Current GC Util Change" value="47.000000"/>
  <attribute name="GC Util currently" value="47" />
  <attribute name="CPU Util currently" value="669264671978" />
<allocation-satisfied id="1917" threadId="0000000000A85000" bytesRequested="56" />
<af-end id="1918" timestamp="2019-06-16T18:48:45.359" threadId="0000000000A85988" success="true" from="nursery"/>
<exclusive-end id="1919" timestamp="2019-06-16T18:48:45.359" durationms="2.242" />

<concurrent-kickoff id="1920" timestamp="2019-06-16T18:48:45.367">
  <kickoff reason="threshold reached" targetBytes="1816286" thresholdFreeBytes="251628"  remainingFree="247760" tenureFreeBytes="428568" nurseryFreeBytes="247760" />
</concurrent-kickoff>
<exclusive-start id="1921" timestamp="2019-06-16T18:48:45.367" intervalms="10.185">
  <response-info timems="0.078" idlems="0.051" threads="1" lastid="0000000000A85000" lastname="PmdThread 4" />
</exclusive-start>
<cycle-start id="1922" type="global" contextid="0" timestamp="2019-06-16T18:48:45.367" intervalms="57.545" />
<exclusive-end id="1923" timestamp="2019-06-16T18:48:45.367" durationms="0.156" />

<exclusive-start id="1924" timestamp="2019-06-16T18:48:45.370" intervalms="2.908">
  <response-info timems="0.054" idlems="0.054" threads="0" lastid="0000000000A7D800" lastname="PmdThread 2" />
</exclusive-start>
<af-start id="1925" threadId="0000000000A7E188" totalBytesRequested="48" timestamp="2019-06-16T18:48:45.370" intervalms="13.095" type="nursery" />
<cycle-start id="1926" type="scavenge" contextid="0" timestamp="2019-06-16T18:48:45.370" intervalms="13.094" />
<gc-start id="1927" type="scavenge" contextid="1926" timestamp="2019-06-16T18:48:45.370">
  <mem-info id="1928" free="428568" total="9437184" percent="4">
    <mem type="nursery" free="0" total="3670016" percent="0">
      <mem type="allocate" free="0" total="2490368" percent="0" />
      <mem type="survivor" free="0" total="1179648" percent="0" />
    </mem>
    <mem type="tenure" free="428568" total="5767168" percent="7">
      <mem type="soa" free="179736" total="5479424" percent="3" />
      <mem type="loa" free="248832" total="287744" percent="86" />
    </mem>
    <remembered-set count="551" />
  </mem-info>
</gc-start>
<allocation-stats totalBytes="1986016" >
  <allocated-bytes non-tlh="56" tlh="1985960" />
  <largest-consumer threadName="PmdThread 1" threadId="0000000000A79C00" bytes="743344" />
</allocation-stats>
<gc-op id="1929" type="scavenge" timems="1.954" contextid="1926" timestamp="2019-06-16T18:48:45.372">
  <scavenger-info tenureage="1" tenuremask="7ffe" tiltratio="67" />
  <memory-copied type="nursery" objects="6423" bytes="314392" bytesdiscarded="185064" />
  <memory-copied type="tenure" objects="3969" bytes="271032" bytesdiscarded="432" />
  <references type="weak" candidates="72" cleared="70" enqueued="69" />
  <references type="phantom" candidates="2" cleared="1" enqueued="1" />
  <heap-resize type="expand" space="tenure" amount="131072" count="2" timems="0.025" reason="continue current collection" />
</gc-op>
<heap-resize id="1930" type="expand" space="nursery" amount="262144" count="1" timems="0.010" reason="excessive time being spent scavenging" timestamp="2019-06-16T18:48:45.372" />
<gc-end id="1931" type="scavenge" contextid="1926" durationms="2.195" usertimems="0.000" systemtimems="8.000" timestamp="2019-06-16T18:48:45.372" activeThreads="4">
  <mem-info id="1932" free="2726088" total="9830400" percent="27">
    <mem type="nursery" free="2449632" total="3932160" percent="62">
      <mem type="allocate" free="2449632" total="2949120" percent="83" />
      <mem type="survivor" free="0" total="983040" percent="0" />
    </mem>
    <mem type="tenure" free="276456" total="5898240" percent="4">
      <mem type="soa" free="20456" total="5603328" percent="0" />
      <mem type="loa" free="256000" total="294912" percent="86" />
    </mem>
    <pending-finalizers system="0" default="0" reference="70" classloader="0" />
    <remembered-set count="226" />
  </mem-info>
</gc-end>
<cycle-end id="1933" type="scavenge" contextid="1926" timestamp="2019-06-16T18:48:45.372" />
  <attribute name="elasticGC enabled" value="1" />
  <attribute name= "numThreadsSpecified" value="4" />
  <attribute name="heapSize specified" value="9437184" />
  <attribute name="Current GC Util" value="18" />
  <attribute name= "Current Time Running" value="3242" />
  <attribute name ="GC Interval" value="200" />
  <attribute name="ProportionalT" value="-2.000000" />
  <attribute name="ProportionalI" value="-2.000000" />
  <attribute name="ProportionalH" value="-2.000000" />
  <attribute name="Current Error" value="-2.000000" />
  <attribute name="IntegralT" value="-28.000000" />
  <attribute name="IntegralI" value="-28.000000" />
  <attribute name="IntegralH" value="-28.000000" />
  <attribute name="DerivativeT" value="-1.035714" />
  <attribute name="DerivativeI" value="-1.035714" />
  <attribute name="DerivativeH" value="-1.035714" />
  <attribute name="Loop Time for DT" value="14.000000" />
  <attribute name="Output H" value="2092630016"/>
  <attribute name="Output I" value="200"/>
  <attribute name="Output T" value="4"/>
  <attribute name="Target GC Util Change" value ="20.000000" />
  <attribute name="Current GC Util Change" value="18.000000"/>
  <attribute name="GC Util currently" value="18" />
  <attribute name="CPU Util currently" value="352687795773" />
<allocation-satisfied id="1934" threadId="0000000000A7D800" bytesRequested="48" />
<af-end id="1935" timestamp="2019-06-16T18:48:45.372" threadId="0000000000A7E188" success="true" from="nursery"/>
<exclusive-end id="1936" timestamp="2019-06-16T18:48:45.372" durationms="2.618" />

<exclusive-start id="1937" timestamp="2019-06-16T18:48:45.374" intervalms="3.920">
  <response-info timems="0.042" idlems="0.023" threads="1" lastid="0000000000A79C00" lastname="PmdThread 1" />
</exclusive-start>
<concurrent-collection-start id="1938" timestamp="2019-06-16T18:48:45.374" intervalms="3387.499" >
  <concurrent-trace-info reason="card cleaning threshold reached" tracedByMutators="1491620" tracedByHelpers="880872" cardsCleaned="8" workStackOverflowCount="0" />
</concurrent-collection-start>
<gc-start id="1939" type="global" contextid="1922" timestamp="2019-06-16T18:48:45.374">
  <mem-info id="1940" free="2398360" total="9830400" percent="24">
    <mem type="nursery" free="2121904" total="3932160" percent="53">
      <mem type="allocate" free="2121904" total="2949120" percent="71" />
      <mem type="survivor" free="0" total="983040" percent="0" />
    </mem>
    <mem type="tenure" free="276456" total="5898240" percent="4">
      <mem type="soa" free="20456" total="5603328" percent="0" />
      <mem type="loa" free="256000" total="294912" percent="86" />
    </mem>
    <remembered-set count="234" />
  </mem-info>
</gc-start>
<allocation-stats totalBytes="327392" >
  <allocated-bytes non-tlh="48" tlh="327344" />
  <largest-consumer threadName="PmdThread 2" threadId="0000000000A7D800" bytes="188128" />
</allocation-stats>
<gc-op id="1941" type="rs-scan" timems="0.193" contextid="1922" timestamp="2019-06-16T18:48:45.374">
  <scan objectsFound="71" bytesTraced="5840" workStackOverflowCount="0" />
</gc-op>
<gc-op id="1942" type="card-cleaning" timems="0.159" contextid="1922" timestamp="2019-06-16T18:48:45.374">
  <card-cleaning cardsCleaned="59" bytesTraced="46424" workStackOverflowCount="0" />
</gc-op>
<gc-op id="1943" type="mark" timems="1.289" contextid="1922" timestamp="2019-06-16T18:48:45.376">
  <trace-info objectcount="9511" scancount="8656" scanbytes="313676" />
  <finalization candidates="57" enqueued="0" />
  <ownableSynchronizers candidates="8" cleared="0" />
  <references type="soft" candidates="225" cleared="0" enqueued="0" dynamicThreshold="7" maxThreshold="32" />
  <references type="weak" candidates="669" cleared="12" enqueued="12" />
  <references type="phantom" candidates="65" cleared="0" enqueued="0" />
  <stringconstants candidates="4930" cleared="0"  />
</gc-op>
<gc-op id="1944" type="sweep" timems="0.292" contextid="1922" timestamp="2019-06-16T18:48:45.376" />
<mem-info id="1945" free="3825960" total="9830400" percent="38">
  <mem type="nursery" free="2588072" total="3932160" percent="65">
    <mem type="allocate" free="2588072" total="2949120" percent="87" />
    <mem type="survivor" free="0" total="983040" percent="0" />
  </mem>
  <mem type="tenure" free="1237888" total="5898240" percent="20" micro-fragmented="56029" macro-fragmented="0">
    <mem type="soa" free="942976" total="5603328" percent="16" />
    <mem type="loa" free="294912" total="294912" percent="100" />
  </mem>
  <pending-finalizers system="0" default="0" reference="12" classloader="0" />
  <remembered-set count="229" />
</mem-info>
<gc-op id="1946" type="compact" timems="16.103" contextid="1922" timestamp="2019-06-16T18:48:45.392">
  <compact-info movecount="76607" movebytes="3407416" reason="compact to aid heap contraction" />
</gc-op>
<heap-resize id="1947" type="expand" space="tenure" amount="2082799616" count="1" timems="0.023" reason="satisfy allocation request" timestamp="2019-06-16T18:48:45.393" />
<gc-end id="1948" type="global" contextid="1922" durationms="18.928" usertimems="20.000" systemtimems="0.000" timestamp="2019-06-16T18:48:45.393" activeThreads="4">
  <mem-info id="1949" free="2086693688" total="2092630016" percent="99">
    <mem type="nursery" free="2627240" total="3932160" percent="66">
      <mem type="allocate" free="2627240" total="2949120" percent="89" />
      <mem type="survivor" free="0" total="983040" percent="0" />
    </mem>
    <mem type="tenure" free="2084066448" total="2088697856" percent="99">
      <mem type="soa" free="1979631760" total="1984263168" percent="99" />
      <mem type="loa" free="104434688" total="104434688" percent="100" />
    </mem>
    <pending-finalizers system="0" default="0" reference="12" classloader="0" />
    <remembered-set count="229" />
  </mem-info>
</gc-end>
<cycle-end id="1950" type="global" contextid="1922" timestamp="2019-06-16T18:48:45.393" />
  <attribute name="elasticGC enabled" value="1" />
  <attribute name= "numThreadsSpecified" value="4" />
  <attribute name="heapSize specified" value="9830400" />
  <attribute name="Current GC Util" value="19" />
  <attribute name= "Current Time Running" value="3264" />
  <attribute name ="GC Interval" value="200" />
  <attribute name="ProportionalT" value="-1.000000" />
  <attribute name="ProportionalI" value="-1.000000" />
  <attribute name="ProportionalH" value="-1.000000" />
  <attribute name="Current Error" value="-1.000000" />
  <attribute name="IntegralT" value="-16.000000" />
  <attribute name="IntegralI" value="-16.000000" />
  <attribute name="IntegralH" value="-16.000000" />
  <attribute name="DerivativeT" value="-0.156250" />
  <attribute name="DerivativeI" value="-0.156250" />
  <attribute name="DerivativeH" value="-0.156250" />
  <attribute name="Loop Time for DT" value="16.000000" />
  <attribute name="Output H" value="2092630016"/>
  <attribute name="Output I" value="200"/>
  <attribute name="Output T" value="4"/>
  <attribute name="Target GC Util Change" value ="20.000000" />
  <attribute name="Current GC Util Change" value="19.000000"/>
  <attribute name="GC Util currently" value="19" />
  <attribute name="CPU Util currently" value="284519600017" />
<concurrent-collection-end id="1951" timestamp="2019-06-16T18:48:45.393" />
<exclusive-end id="1952" timestamp="2019-06-16T18:48:45.393" durationms="19.418" />

<exclusive-start id="1953" timestamp="2019-06-16T18:48:45.413" intervalms="39.532">
  <response-info timems="0.067" idlems="0.067" threads="0" lastid="0000000000A81400" lastname="PmdThread 3" />
</exclusive-start>
<af-start id="1954" threadId="0000000000A81D88" totalBytesRequested="16" timestamp="2019-06-16T18:48:45.413" intervalms="43.492" type="nursery" />
<cycle-start id="1955" type="scavenge" contextid="0" timestamp="2019-06-16T18:48:45.413" intervalms="43.493" />
<gc-start id="1956" type="scavenge" contextid="1955" timestamp="2019-06-16T18:48:45.414">
  <mem-info id="1957" free="2084065672" total="2092630016" percent="99">
    <mem type="nursery" free="0" total="3932160" percent="0">
      <mem type="allocate" free="0" total="2949120" percent="0" />
      <mem type="survivor" free="0" total="983040" percent="0" />
    </mem>
    <mem type="tenure" free="2084065672" total="2088697856" percent="99">
      <mem type="soa" free="1979630984" total="1984263168" percent="99" />
      <mem type="loa" free="104434688" total="104434688" percent="100" />
    </mem>
    <remembered-set count="345" />
  </mem-info>
</gc-start>
<allocation-stats totalBytes="2625824" >
  <allocated-bytes non-tlh="776" tlh="2625048" />
  <largest-consumer threadName="PmdThread 1" threadId="0000000000A79C00" bytes="1374872" />
</allocation-stats>
<gc-op id="1958" type="scavenge" timems="2.165" contextid="1955" timestamp="2019-06-16T18:48:45.416">
  <scavenger-info tenureage="1" tenuremask="7ffe" tiltratio="75" />
  <memory-copied type="nursery" objects="4905" bytes="186696" bytesdiscarded="79016" />
  <memory-copied type="tenure" objects="5761" bytes="279648" bytesdiscarded="16" />
  <ownableSynchronizers candidates="16" cleared="16" />
  <references type="soft" candidates="5" cleared="0" enqueued="0" dynamicThreshold="31" maxThreshold="32" />
  <references type="weak" candidates="65" cleared="65" enqueued="65" />
  <references type="phantom" candidates="2" cleared="2" enqueued="2" />
</gc-op>
<gc-end id="1959" type="scavenge" contextid="1955" durationms="2.539" usertimems="4.000" systemtimems="0.000" timestamp="2019-06-16T18:48:45.416" activeThreads="4">
  <mem-info id="1960" free="2086591344" total="2092630016" percent="99">
    <mem type="nursery" free="2880000" total="3932160" percent="73">
      <mem type="allocate" free="2880000" total="3145728" percent="91" />
      <mem type="survivor" free="0" total="786432" percent="0" />
    </mem>
    <mem type="tenure" free="2083711344" total="2088697856" percent="99">
      <mem type="soa" free="1979276656" total="1984263168" percent="99" />
      <mem type="loa" free="104434688" total="104434688" percent="100" />
    </mem>
    <pending-finalizers system="0" default="0" reference="67" classloader="0" />
    <remembered-set count="450" />
  </mem-info>
</gc-end>
<cycle-end id="1961" type="scavenge" contextid="1955" timestamp="2019-06-16T18:48:45.416" />
  <attribute name="elasticGC enabled" value="1" />
  <attribute name= "numThreadsSpecified" value="4" />
  <attribute name="heapSize specified" value="9830400" />
  <attribute name="Current GC Util" value="84" />
  <attribute name= "Current Time Running" value="3285" />
  <attribute name ="GC Interval" value="1416" />
  <attribute name="ProportionalT" value="64.000000" />
  <attribute name="ProportionalI" value="64.000000" />
  <attribute name="ProportionalH" value="64.000000" />
  <attribute name="Current Error" value="64.000000" />
  <attribute name="IntegralT" value="1344.000000" />
  <attribute name="IntegralI" value="1344.000000" />
  <attribute name="IntegralH" value="1344.000000" />
  <attribute name="DerivativeT" value="1.523810" />
  <attribute name="DerivativeI" value="1.523810" />
  <attribute name="DerivativeH" value="1.523810" />
  <attribute name="Loop Time for DT" value="21.000000" />
  <attribute name="Output H" value="8388608"/>
  <attribute name="Output I" value="1416"/>
  <attribute name="Output T" value="4"/>
  <attribute name="Target GC Util Change" value ="20.000000" />
  <attribute name="Current GC Util Change" value="84.000000"/>
  <attribute name="GC Util currently" value="84" />
  <attribute name="CPU Util currently" value="216945868456" />
<allocation-satisfied id="1962" threadId="0000000000A81400" bytesRequested="16" />
<af-end id="1963" timestamp="2019-06-16T18:48:45.416" threadId="0000000000A81D88" success="true" from="nursery"/>
<exclusive-end id="1964" timestamp="2019-06-16T18:48:45.416" durationms="3.279" />

<exclusive-start id="1965" timestamp="2019-06-16T18:48:45.425" intervalms="11.964">
  <response-info timems="0.057" idlems="0.057" threads="0" lastid="0000000000A7D800" lastname="PmdThread 2" />
</exclusive-start>
<af-start id="1966" threadId="0000000000A7E188" totalBytesRequested="64" timestamp="2019-06-16T18:48:45.425" intervalms="11.920" type="nursery" />
<cycle-start id="1967" type="scavenge" contextid="0" timestamp="2019-06-16T18:48:45.425" intervalms="11.953" />
<gc-start id="1968" type="scavenge" contextid="1967" timestamp="2019-06-16T18:48:45.425">
  <mem-info id="1969" free="2083711160" total="2092630016" percent="99">
    <mem type="nursery" free="0" total="3932160" percent="0">
      <mem type="allocate" free="0" total="3145728" percent="0" />
      <mem type="survivor" free="0" total="786432" percent="0" />
    </mem>
    <mem type="tenure" free="2083711160" total="2088697856" percent="99">
      <mem type="soa" free="1979276472" total="1984263168" percent="99" />
      <mem type="loa" free="104434688" total="104434688" percent="100" />
    </mem>
    <remembered-set count="644" />
  </mem-info>
</gc-start>
<allocation-stats totalBytes="2878896" >
  <allocated-bytes non-tlh="200" tlh="2878696" />
  <largest-consumer threadName="PmdThread 1" threadId="0000000000A79C00" bytes="958384" />
</allocation-stats>
<gc-op id="1970" type="scavenge" timems="1.899" contextid="1967" timestamp="2019-06-16T18:48:45.428">
  <scavenger-info tenureage="2" tenuremask="7ffc" tiltratio="80" />
  <memory-copied type="nursery" objects="9137" bytes="461168" bytesdiscarded="149800" />
  <references type="soft" candidates="5" cleared="0" enqueued="0" dynamicThreshold="31" maxThreshold="32" />
  <references type="weak" candidates="9" cleared="9" enqueued="8" />
  <references type="phantom" candidates="3" cleared="2" enqueued="2" />
</gc-op>
<gc-end id="1971" type="scavenge" contextid="1967" durationms="2.207" usertimems="0.000" systemtimems="4.000" timestamp="2019-06-16T18:48:45.428" activeThreads="4">
  <mem-info id="1972" free="2086245776" total="2092630016" percent="99">
    <mem type="nursery" free="2534616" total="3932160" percent="64">
      <mem type="allocate" free="2534616" total="3145728" percent="80" />
      <mem type="survivor" free="0" total="786432" percent="0" />
    </mem>
    <mem type="tenure" free="2083711160" total="2088697856" percent="99">
      <mem type="soa" free="1979276472" total="1984263168" percent="99" />
      <mem type="loa" free="104434688" total="104434688" percent="100" />
    </mem>
    <pending-finalizers system="0" default="0" reference="10" classloader="0" />
    <remembered-set count="625" />
  </mem-info>
</gc-end>
<cycle-end id="1973" type="scavenge" contextid="1967" timestamp="2019-06-16T18:48:45.428" />
  <attribute name="elasticGC enabled" value="1" />
  <attribute name= "numThreadsSpecified" value="4" />
  <attribute name="heapSize specified" value="9830400" />
  <attribute name="Current GC Util" value="37" />
  <attribute name= "Current Time Running" value="3297" />
  <attribute name ="GC Interval" value="224" />
  <attribute name="ProportionalT" value="17.000000" />
  <attribute name="ProportionalI" value="17.000000" />
  <attribute name="ProportionalH" value="17.000000" />
  <attribute name="Current Error" value="17.000000" />
  <attribute name="IntegralT" value="204.000000" />
  <attribute name="IntegralI" value="204.000000" />
  <attribute name="IntegralH" value="204.000000" />
  <attribute name="DerivativeT" value="-1.958333" />
  <attribute name="DerivativeI" value="-1.958333" />
  <attribute name="DerivativeH" value="-1.958333" />
  <attribute name="Loop Time for DT" value="12.000000" />
  <attribute name="Output H" value="8388608"/>
  <attribute name="Output I" value="224"/>
  <attribute name="Output T" value="4"/>
  <attribute name="Target GC Util Change" value ="20.000000" />
  <attribute name="Current GC Util Change" value="37.000000"/>
  <attribute name="GC Util currently" value="37" />
  <attribute name="CPU Util currently" value="384168962926" />
<allocation-satisfied id="1974" threadId="0000000000A7D800" bytesRequested="64" />
<af-end id="1975" timestamp="2019-06-16T18:48:45.428" threadId="0000000000A7E188" success="true" from="nursery"/>
<exclusive-end id="1976" timestamp="2019-06-16T18:48:45.428" durationms="2.686" />

<exclusive-start id="1977" timestamp="2019-06-16T18:48:45.438" intervalms="12.474">
  <response-info timems="0.085" idlems="0.085" threads="0" lastid="0000000000A81400" lastname="PmdThread 3" />
</exclusive-start>
<af-start id="1978" threadId="0000000000A81D88" totalBytesRequested="824" timestamp="2019-06-16T18:48:45.438" intervalms="12.462" type="nursery" />
<cycle-start id="1979" type="scavenge" contextid="0" timestamp="2019-06-16T18:48:45.438" intervalms="12.420" />
<gc-start id="1980" type="scavenge" contextid="1979" timestamp="2019-06-16T18:48:45.438">
  <mem-info id="1981" free="2083710968" total="2092630016" percent="99">
    <mem type="nursery" free="0" total="3932160" percent="0">
      <mem type="allocate" free="0" total="3145728" percent="0" />
      <mem type="survivor" free="0" total="786432" percent="0" />
    </mem>
    <mem type="tenure" free="2083710968" total="2088697856" percent="99">
      <mem type="soa" free="1979276280" total="1984263168" percent="99" />
      <mem type="loa" free="104434688" total="104434688" percent="100" />
    </mem>
    <remembered-set count="694" />
  </mem-info>
</gc-start>
<allocation-stats totalBytes="2524584" >
  <allocated-bytes non-tlh="256" tlh="2524328" />
  <largest-consumer threadName="PmdThread 3" threadId="0000000000A81400" bytes="863272" />
</allocation-stats>
<gc-op id="1982" type="scavenge" timems="2.239" contextid="1979" timestamp="2019-06-16T18:48:45.440">
  <scavenger-info tenureage="2" tenuremask="7ffc" tiltratio="80" />
  <memory-copied type="nursery" objects="8373" bytes="713048" bytesdiscarded="71784" />
  <memory-copied type="tenure" objects="6137" bytes="225624" bytesdiscarded="48" />
  <copy-failed type="nursery" objects="1933" bytes="68800" />
  <references type="weak" candidates="23" cleared="23" enqueued="23" />
  <references type="phantom" candidates="6" cleared="5" enqueued="5" />
</gc-op>
<gc-end id="1983" type="scavenge" contextid="1979" durationms="2.638" usertimems="0.000" systemtimems="4.000" timestamp="2019-06-16T18:48:45.440" activeThreads="4">
  <mem-info id="1984" free="2085407472" total="2092630016" percent="99">
    <mem type="nursery" free="1900544" total="3932160" percent="48">
      <mem type="allocate" free="1900544" total="2686976" percent="70" />
      <mem type="survivor" free="0" total="1245184" percent="0" />
    </mem>
    <mem type="tenure" free="2083506928" total="2088697856" percent="99">
      <mem type="soa" free="1979072240" total="1984263168" percent="99" />
      <mem type="loa" free="104434688" total="104434688" percent="100" />
    </mem>
    <pending-finalizers system="0" default="0" reference="28" classloader="0" />
    <remembered-set count="1167" />
  </mem-info>
</gc-end>
<cycle-end id="1985" type="scavenge" contextid="1979" timestamp="2019-06-16T18:48:45.441" />
  <attribute name="elasticGC enabled" value="1" />
  <attribute name= "numThreadsSpecified" value="4" />
  <attribute name="heapSize specified" value="9830400" />
  <attribute name="Current GC Util" value="29" />
  <attribute name= "Current Time Running" value="3309" />
  <attribute name ="GC Interval" value="200" />
  <attribute name="ProportionalT" value="9.000000" />
  <attribute name="ProportionalI" value="9.000000" />
  <attribute name="ProportionalH" value="9.000000" />
  <attribute name="Current Error" value="9.000000" />
  <attribute name="IntegralT" value="108.000000" />
  <attribute name="IntegralI" value="108.000000" />
  <attribute name="IntegralH" value="108.000000" />
  <attribute name="DerivativeT" value="-0.333333" />
  <attribute name="DerivativeI" value="-0.333333" />
  <attribute name="DerivativeH" value="-0.333333" />
  <attribute name="Loop Time for DT" value="12.000000" />
  <attribute name="Output H" value="8388608"/>
  <attribute name="Output I" value="200"/>
  <attribute name="Output T" value="4"/>
  <attribute name="Target GC Util Change" value ="20.000000" />
  <attribute name="Current GC Util Change" value="29.000000"/>
  <attribute name="GC Util currently" value="29" />
  <attribute name="CPU Util currently" value="376032233704" />
<allocation-satisfied id="1986" threadId="0000000000A81400" bytesRequested="824" />
<af-end id="1987" timestamp="2019-06-16T18:48:45.441" threadId="0000000000A81D88" success="true" from="nursery"/>
<exclusive-end id="1988" timestamp="2019-06-16T18:48:45.441" durationms="3.198" />

<exclusive-start id="1989" timestamp="2019-06-16T18:48:45.461" intervalms="23.353">
  <response-info timems="0.050" idlems="0.045" threads="1" lastid="0000000000A81400" lastname="PmdThread 3" />
</exclusive-start>
<af-start id="1990" threadId="0000000000A7A588" totalBytesRequested="16" timestamp="2019-06-16T18:48:45.461" intervalms="23.370" type="nursery" />
<cycle-start id="1991" type="scavenge" contextid="0" timestamp="2019-06-16T18:48:45.461" intervalms="23.410" />
<gc-start id="1992" type="scavenge" contextid="1991" timestamp="2019-06-16T18:48:45.461">
  <mem-info id="1993" free="2083506400" total="2092630016" percent="99">
    <mem type="nursery" free="0" total="3932160" percent="0">
      <mem type="allocate" free="0" total="2686976" percent="0" />
      <mem type="survivor" free="0" total="1245184" percent="0" />
    </mem>
    <mem type="tenure" free="2083506400" total="2088697856" percent="99">
      <mem type="soa" free="1979071712" total="1984263168" percent="99" />
      <mem type="loa" free="104434688" total="104434688" percent="100" />
    </mem>
    <remembered-set count="1226" />
  </mem-info>
</gc-start>
<allocation-stats totalBytes="1899400" >
  <allocated-bytes non-tlh="1352" tlh="1898048" />
  <largest-consumer threadName="PmdThread 1" threadId="0000000000A79C00" bytes="859344" />
</allocation-stats>
<gc-op id="1994" type="scavenge" timems="0.746" contextid="1991" timestamp="2019-06-16T18:48:45.462">
  <scavenger-info tenureage="2" tenuremask="7ffc" tiltratio="68" />
  <memory-copied type="nursery" objects="10175" bytes="961104" bytesdiscarded="183144" />
  <memory-copied type="tenure" objects="3349" bytes="171032" bytesdiscarded="600" />
  <references type="weak" candidates="29" cleared="28" enqueued="28" />
  <references type="phantom" candidates="8" cleared="6" enqueued="6" />
</gc-op>
<gc-end id="1995" type="scavenge" contextid="1991" durationms="1.152" usertimems="0.000" systemtimems="0.000" timestamp="2019-06-16T18:48:45.462" activeThreads="4">
  <mem-info id="1996" free="2084827704" total="2092630016" percent="99">
    <mem type="nursery" free="1541744" total="3932160" percent="39">
      <mem type="allocate" free="1541744" total="2686976" percent="57" />
      <mem type="survivor" free="0" total="1245184" percent="0" />
    </mem>
    <mem type="tenure" free="2083285960" total="2088697856" percent="99">
      <mem type="soa" free="1978851272" total="1984263168" percent="99" />
      <mem type="loa" free="104434688" total="104434688" percent="100" />
    </mem>
    <pending-finalizers system="0" default="0" reference="34" classloader="0" />
    <remembered-set count="799" />
  </mem-info>
</gc-end>
<cycle-end id="1997" type="scavenge" contextid="1991" timestamp="2019-06-16T18:48:45.463" />
  <attribute name="elasticGC enabled" value="1" />
  <attribute name= "numThreadsSpecified" value="4" />
  <attribute name="heapSize specified" value="9830400" />
  <attribute name="Current GC Util" value="18" />
  <attribute name= "Current Time Running" value="3333" />
  <attribute name ="GC Interval" value="200" />
  <attribute name="ProportionalT" value="-2.000000" />
  <attribute name="ProportionalI" value="-2.000000" />
  <attribute name="ProportionalH" value="-2.000000" />
  <attribute name="Current Error" value="-2.000000" />
  <attribute name="IntegralT" value="-48.000000" />
  <attribute name="IntegralI" value="-48.000000" />
  <attribute name="IntegralH" value="-48.000000" />
  <attribute name="DerivativeT" value="-0.229167" />
  <attribute name="DerivativeI" value="-0.229167" />
  <attribute name="DerivativeH" value="-0.229167" />
  <attribute name="Loop Time for DT" value="24.000000" />
  <attribute name="Output H" value="2092630016"/>
  <attribute name="Output I" value="200"/>
  <attribute name="Output T" value="4"/>
  <attribute name="Target GC Util Change" value ="20.000000" />
  <attribute name="Current GC Util Change" value="18.000000"/>
  <attribute name="GC Util currently" value="18" />
  <attribute name="CPU Util currently" value="195295936178" />
<allocation-satisfied id="1998" threadId="0000000000A79C00" bytesRequested="16" />
<af-end id="1999" timestamp="2019-06-16T18:48:45.463" threadId="0000000000A7A588" success="true" from="nursery"/>
<exclusive-end id="2000" timestamp="2019-06-16T18:48:45.463" durationms="1.773" />

<exclusive-start id="2001" timestamp="2019-06-16T18:48:45.472" intervalms="11.484">
  <response-info timems="0.060" idlems="0.060" threads="0" lastid="0000000000A81400" lastname="PmdThread 3" />
</exclusive-start>
<af-start id="2002" threadId="0000000000A81D88" totalBytesRequested="96" timestamp="2019-06-16T18:48:45.473" intervalms="11.501" type="nursery" />
<cycle-start id="2003" type="scavenge" contextid="0" timestamp="2019-06-16T18:48:45.473" intervalms="11.467" />
<gc-start id="2004" type="scavenge" contextid="2003" timestamp="2019-06-16T18:48:45.473">
  <mem-info id="2005" free="2083285512" total="2092630016" percent="99">
    <mem type="nursery" free="0" total="3932160" percent="0">
      <mem type="allocate" free="0" total="2686976" percent="0" />
      <mem type="survivor" free="0" total="1245184" percent="0" />
    </mem>
    <mem type="tenure" free="2083285512" total="2088697856" percent="99">
      <mem type="soa" free="1978850824" total="1984263168" percent="99" />
      <mem type="loa" free="104434688" total="104434688" percent="100" />
    </mem>
    <remembered-set count="820" />
  </mem-info>
</gc-start>
<allocation-stats totalBytes="1536632" >
  <allocated-bytes non-tlh="464" tlh="1536168" />
  <largest-consumer threadName="PmdThread 4" threadId="0000000000A85000" bytes="831248" />
</allocation-stats>
<gc-op id="2006" type="scavenge" timems="3.349" contextid="2003" timestamp="2019-06-16T18:48:45.476">
  <scavenger-info tenureage="1" tenuremask="7ffe" tiltratio="68" />
  <memory-copied type="nursery" objects="9442" bytes="485640" bytesdiscarded="55800" />
  <memory-copied type="tenure" objects="9241" bytes="853208" bytesdiscarded="264" />
  <references type="weak" candidates="8" cleared="7" enqueued="7" />
  <references type="phantom" candidates="3" cleared="1" enqueued="1" />
</gc-op>
<gc-end id="2007" type="scavenge" contextid="2003" durationms="3.767" usertimems="8.000" systemtimems="0.000" timestamp="2019-06-16T18:48:45.477" activeThreads="4">
  <mem-info id="2008" free="2084538880" total="2092630016" percent="99">
    <mem type="nursery" free="2145504" total="3932160" percent="54">
      <mem type="allocate" free="2145504" total="2686976" percent="79" />
      <mem type="survivor" free="0" total="1245184" percent="0" />
    </mem>
    <mem type="tenure" free="2082393376" total="2088697856" percent="99">
      <mem type="soa" free="1977958688" total="1984263168" percent="99" />
      <mem type="loa" free="104434688" total="104434688" percent="100" />
    </mem>
    <pending-finalizers system="0" default="0" reference="8" classloader="0" />
    <remembered-set count="282" />
  </mem-info>
</gc-end>
<cycle-end id="2009" type="scavenge" contextid="2003" timestamp="2019-06-16T18:48:45.477" />
  <attribute name="elasticGC enabled" value="1" />
  <attribute name= "numThreadsSpecified" value="4" />
  <attribute name="heapSize specified" value="9830400" />
  <attribute name="Current GC Util" value="18" />
  <attribute name= "Current Time Running" value="3344" />
  <attribute name ="GC Interval" value="200" />
  <attribute name="ProportionalT" value="-2.000000" />
  <attribute name="ProportionalI" value="-2.000000" />
  <attribute name="ProportionalH" value="-2.000000" />
  <attribute name="Current Error" value="-2.000000" />
  <attribute name="IntegralT" value="-22.000000" />
  <attribute name="IntegralI" value="-22.000000" />
  <attribute name="IntegralH" value="-22.000000" />
  <attribute name="DerivativeT" value="-0.090909" />
  <attribute name="DerivativeI" value="-0.090909" />
  <attribute name="DerivativeH" value="-0.090909" />
  <attribute name="Loop Time for DT" value="11.000000" />
  <attribute name="Output H" value="2092630016"/>
  <attribute name="Output I" value="200"/>
  <attribute name="Output T" value="4"/>
  <attribute name="Target GC Util Change" value ="20.000000" />
  <attribute name="Current GC Util Change" value="18.000000"/>
  <attribute name="GC Util currently" value="18" />
  <attribute name="CPU Util currently" value="407931789375" />
<allocation-satisfied id="2010" threadId="0000000000A81400" bytesRequested="96" />
<af-end id="2011" timestamp="2019-06-16T18:48:45.477" threadId="0000000000A81D88" success="true" from="nursery"/>
<exclusive-end id="2012" timestamp="2019-06-16T18:48:45.477" durationms="4.372" />

<exclusive-start id="2013" timestamp="2019-06-16T18:48:45.491" intervalms="18.420">
  <response-info timems="0.108" idlems="0.108" threads="0" lastid="0000000000A85000" lastname="PmdThread 4" />
</exclusive-start>
<af-start id="2014" threadId="0000000000A85988" totalBytesRequested="32" timestamp="2019-06-16T18:48:45.491" intervalms="18.412" type="nursery" />
<cycle-start id="2015" type="scavenge" contextid="0" timestamp="2019-06-16T18:48:45.491" intervalms="18.395" />
<gc-start id="2016" type="scavenge" contextid="2015" timestamp="2019-06-16T18:48:45.491">
  <mem-info id="2017" free="2082393376" total="2092630016" percent="99">
    <mem type="nursery" free="0" total="3932160" percent="0">
      <mem type="allocate" free="0" total="2686976" percent="0" />
      <mem type="survivor" free="0" total="1245184" percent="0" />
    </mem>
    <mem type="tenure" free="2082393376" total="2088697856" percent="99">
      <mem type="soa" free="1977958688" total="1984263168" percent="99" />
      <mem type="loa" free="104434688" total="104434688" percent="100" />
    </mem>
    <remembered-set count="386" />
  </mem-info>
</gc-start>
<allocation-stats totalBytes="2142320" >
  <allocated-bytes non-tlh="16488" tlh="2125832" />
  <largest-consumer threadName="PmdThread 1" threadId="0000000000A79C00" bytes="776776" />
</allocation-stats>
<gc-op id="2018" type="scavenge" timems="2.143" contextid="2015" timestamp="2019-06-16T18:48:45.493">
  <scavenger-info tenureage="1" tenuremask="7ffe" tiltratio="68" />
  <memory-copied type="nursery" objects="5874" bytes="452528" bytesdiscarded="133032" />
  <memory-copied type="tenure" objects="8461" bytes="381408" bytesdiscarded="768" />
  <references type="weak" candidates="43" cleared="43" enqueued="43" />
  <references type="phantom" candidates="25" cleared="15" enqueued="15" />
</gc-op>
<gc-end id="2019" type="scavenge" contextid="2015" durationms="2.322" usertimems="8.000" systemtimems="0.000" timestamp="2019-06-16T18:48:45.493" activeThreads="4">
  <mem-info id="2020" free="2084226464" total="2092630016" percent="99">
    <mem type="nursery" free="2232216" total="3932160" percent="56">
      <mem type="allocate" free="2232216" total="2818048" percent="79" />
      <mem type="survivor" free="0" total="1114112" percent="0" />
    </mem>
    <mem type="tenure" free="2081994248" total="2088697856" percent="99">
      <mem type="soa" free="1977559560" total="1984263168" percent="99" />
      <mem type="loa" free="104434688" total="104434688" percent="100" />
    </mem>
    <pending-finalizers system="0" default="0" reference="58" classloader="0" />
    <remembered-set count="503" />
  </mem-info>
</gc-end>
<cycle-end id="2021" type="scavenge" contextid="2015" timestamp="2019-06-16T18:48:45.494" />
  <attribute name="elasticGC enabled" value="1" />
  <attribute name= "numThreadsSpecified" value="4" />
  <attribute name="heapSize specified" value="9830400" />
  <attribute name="Current GC Util" value="32" />
  <attribute name= "Current Time Running" value="3363" />
  <attribute name ="GC Interval" value="240" />
  <attribute name="ProportionalT" value="12.000000" />
  <attribute name="ProportionalI" value="12.000000" />
  <attribute name="ProportionalH" value="12.000000" />
  <attribute name="Current Error" value="12.000000" />
  <attribute name="IntegralT" value="228.000000" />
  <attribute name="IntegralI" value="228.000000" />
  <attribute name="IntegralH" value="228.000000" />
  <attribute name="DerivativeT" value="0.315789" />
  <attribute name="DerivativeI" value="0.315789" />
  <attribute name="DerivativeH" value="0.315789" />
  <attribute name="Loop Time for DT" value="19.000000" />
  <attribute name="Output H" value="8388608"/>
  <attribute name="Output I" value="240"/>
  <attribute name="Output T" value="4"/>
  <attribute name="Target GC Util Change" value ="20.000000" />
  <attribute name="Current GC Util Change" value="32.000000"/>
  <attribute name="GC Util currently" value="32" />
  <attribute name="CPU Util currently" value="250857090626" />
<allocation-satisfied id="2022" threadId="0000000000A85000" bytesRequested="32" />
<af-end id="2023" timestamp="2019-06-16T18:48:45.494" threadId="0000000000A85988" success="true" from="nursery"/>
<exclusive-end id="2024" timestamp="2019-06-16T18:48:45.494" durationms="2.776" />

<exclusive-start id="2025" timestamp="2019-06-16T18:48:45.504" intervalms="13.021">
  <response-info timems="0.081" idlems="0.055" threads="1" lastid="0000000000774B00" lastname="JIT Compilation Thread-2" />
</exclusive-start>
<af-start id="2026" threadId="0000000000A7E188" totalBytesRequested="40" timestamp="2019-06-16T18:48:45.504" intervalms="13.001" type="nursery" />
<cycle-start id="2027" type="scavenge" contextid="0" timestamp="2019-06-16T18:48:45.504" intervalms="13.009" />
<gc-start id="2028" type="scavenge" contextid="2027" timestamp="2019-06-16T18:48:45.504">
  <mem-info id="2029" free="2081990176" total="2092630016" percent="99">
    <mem type="nursery" free="0" total="3932160" percent="0">
      <mem type="allocate" free="0" total="2818048" percent="0" />
      <mem type="survivor" free="0" total="1114112" percent="0" />
    </mem>
    <mem type="tenure" free="2081990176" total="2088697856" percent="99">
      <mem type="soa" free="1977555488" total="1984263168" percent="99" />
      <mem type="loa" free="104434688" total="104434688" percent="100" />
    </mem>
    <remembered-set count="681" />
  </mem-info>
</gc-start>
<allocation-stats totalBytes="2221632" >
  <allocated-bytes non-tlh="4104" tlh="2217528" />
  <largest-consumer threadName="PmdThread 1" threadId="0000000000A79C00" bytes="892264" />
</allocation-stats>
<gc-op id="2030" type="scavenge" timems="1.721" contextid="2027" timestamp="2019-06-16T18:48:45.506">
  <scavenger-info tenureage="1" tenuremask="7ffe" tiltratio="71" />
  <memory-copied type="nursery" objects="3519" bytes="361128" bytesdiscarded="167080" />
  <memory-copied type="tenure" objects="4123" bytes="200504" bytesdiscarded="64" />
  <references type="weak" candidates="41" cleared="41" enqueued="41" />
  <references type="phantom" candidates="6" cleared="5" enqueued="5" />
</gc-op>
<gc-end id="2031" type="scavenge" contextid="2027" durationms="1.883" usertimems="4.000" systemtimems="0.000" timestamp="2019-06-16T18:48:45.506" activeThreads="4">
  <mem-info id="2032" free="2084174000" total="2092630016" percent="99">
    <mem type="nursery" free="2420648" total="3932160" percent="61">
      <mem type="allocate" free="2420648" total="2949120" percent="82" />
      <mem type="survivor" free="0" total="983040" percent="0" />
    </mem>
    <mem type="tenure" free="2081753352" total="2088697856" percent="99">
      <mem type="soa" free="1977318664" total="1984263168" percent="99" />
      <mem type="loa" free="104434688" total="104434688" percent="100" />
    </mem>
    <pending-finalizers system="0" default="0" reference="46" classloader="0" />
    <remembered-set count="404" />
  </mem-info>
</gc-end>
<cycle-end id="2033" type="scavenge" contextid="2027" timestamp="2019-06-16T18:48:45.506" />
  <attribute name="elasticGC enabled" value="1" />
  <attribute name= "numThreadsSpecified" value="4" />
  <attribute name="heapSize specified" value="9830400" />
  <attribute name="Current GC Util" value="39" />
  <attribute name= "Current Time Running" value="3376" />
  <attribute name ="GC Interval" value="272" />
  <attribute name="ProportionalT" value="19.000000" />
  <attribute name="ProportionalI" value="19.000000" />
  <attribute name="ProportionalH" value="19.000000" />
  <attribute name="Current Error" value="19.000000" />
  <attribute name="IntegralT" value="247.000000" />
  <attribute name="IntegralI" value="247.000000" />
  <attribute name="IntegralH" value="247.000000" />
  <attribute name="DerivativeT" value="0.269231" />
  <attribute name="DerivativeI" value="0.269231" />
  <attribute name="DerivativeH" value="0.269231" />
  <attribute name="Loop Time for DT" value="13.000000" />
  <attribute name="Output H" value="8388608"/>
  <attribute name="Output I" value="272"/>
  <attribute name="Output T" value="4"/>
  <attribute name="Target GC Util Change" value ="20.000000" />
  <attribute name="Current GC Util Change" value="39.000000"/>
  <attribute name="GC Util currently" value="39" />
  <attribute name="CPU Util currently" value="356169124216" />
<allocation-satisfied id="2034" threadId="0000000000A7D800" bytesRequested="40" />
<af-end id="2035" timestamp="2019-06-16T18:48:45.506" threadId="0000000000A7E188" success="true" from="nursery"/>
<exclusive-end id="2036" timestamp="2019-06-16T18:48:45.506" durationms="2.268" />

<exclusive-start id="2037" timestamp="2019-06-16T18:48:45.522" intervalms="18.268">
  <response-info timems="0.031" idlems="0.031" threads="0" lastid="0000000000A85000" lastname="PmdThread 4" />
</exclusive-start>
<af-start id="2038" threadId="0000000000A85988" totalBytesRequested="216" timestamp="2019-06-16T18:48:45.522" intervalms="18.295" type="nursery" />
<cycle-start id="2039" type="scavenge" contextid="0" timestamp="2019-06-16T18:48:45.522" intervalms="18.368" />
<gc-start id="2040" type="scavenge" contextid="2039" timestamp="2019-06-16T18:48:45.523">
  <mem-info id="2041" free="2081752944" total="2092630016" percent="99">
    <mem type="nursery" free="0" total="3932160" percent="0">
      <mem type="allocate" free="0" total="2949120" percent="0" />
      <mem type="survivor" free="0" total="983040" percent="0" />
    </mem>
    <mem type="tenure" free="2081752944" total="2088697856" percent="99">
      <mem type="soa" free="1977318256" total="1984263168" percent="99" />
      <mem type="loa" free="104434688" total="104434688" percent="100" />
    </mem>
    <remembered-set count="468" />
  </mem-info>
</gc-start>
<allocation-stats totalBytes="2418592" >
  <allocated-bytes non-tlh="448" tlh="2418144" />
  <largest-consumer threadName="PmdThread 1" threadId="0000000000A79C00" bytes="1202824" />
</allocation-stats>
<gc-op id="2042" type="scavenge" timems="2.380" contextid="2039" timestamp="2019-06-16T18:48:45.525">
  <scavenger-info tenureage="1" tenuremask="7ffe" tiltratio="75" />
  <memory-copied type="nursery" objects="3897" bytes="378984" bytesdiscarded="111936" />
  <memory-copied type="tenure" objects="686" bytes="21088" bytesdiscarded="24" />
  <references type="weak" candidates="73" cleared="73" enqueued="73" />
  <references type="phantom" candidates="11" cleared="11" enqueued="11" />
</gc-op>
<gc-end id="2043" type="scavenge" contextid="2039" durationms="2.589" usertimems="4.000" systemtimems="0.000" timestamp="2019-06-16T18:48:45.525" activeThreads="4">
  <mem-info id="2044" free="2084302600" total="2092630016" percent="99">
    <mem type="nursery" free="2588824" total="3932160" percent="65">
      <mem type="allocate" free="2588824" total="3080192" percent="84" />
      <mem type="survivor" free="0" total="851968" percent="0" />
    </mem>
    <mem type="tenure" free="2081713776" total="2088697856" percent="99">
      <mem type="soa" free="1977279088" total="1984263168" percent="99" />
      <mem type="loa" free="104434688" total="104434688" percent="100" />
    </mem>
    <pending-finalizers system="0" default="0" reference="84" classloader="0" />
    <remembered-set count="255" />
  </mem-info>
</gc-end>
<cycle-end id="2045" type="scavenge" contextid="2039" timestamp="2019-06-16T18:48:45.525" />
  <attribute name="elasticGC enabled" value="1" />
  <attribute name= "numThreadsSpecified" value="4" />
  <attribute name="heapSize specified" value="9830400" />
  <attribute name="Current GC Util" value="17" />
  <attribute name= "Current Time Running" value="3394" />
  <attribute name ="GC Interval" value="200" />
  <attribute name="ProportionalT" value="-3.000000" />
  <attribute name="ProportionalI" value="-3.000000" />
  <attribute name="ProportionalH" value="-3.000000" />
  <attribute name="Current Error" value="-3.000000" />
  <attribute name="IntegralT" value="-54.000000" />
  <attribute name="IntegralI" value="-54.000000" />
  <attribute name="IntegralH" value="-54.000000" />
  <attribute name="DerivativeT" value="-0.611111" />
  <attribute name="DerivativeI" value="-0.611111" />
  <attribute name="DerivativeH" value="-0.611111" />
  <attribute name="Loop Time for DT" value="18.000000" />
  <attribute name="Output H" value="2092630016"/>
  <attribute name="Output I" value="200"/>
  <attribute name="Output T" value="4"/>
  <attribute name="Target GC Util Change" value ="20.000000" />
  <attribute name="Current GC Util Change" value="17.000000"/>
  <attribute name="GC Util currently" value="17" />
  <attribute name="CPU Util currently" value="249321361944" />
<allocation-satisfied id="2046" threadId="0000000000A85000" bytesRequested="216" />
<af-end id="2047" timestamp="2019-06-16T18:48:45.525" threadId="0000000000A85988" success="true" from="nursery"/>
<exclusive-end id="2048" timestamp="2019-06-16T18:48:45.525" durationms="3.146" />

<exclusive-start id="2049" timestamp="2019-06-16T18:48:45.533" intervalms="11.233">
  <response-info timems="0.573" idlems="0.304" threads="1" lastid="000000000076D300" lastname="JIT Compilation Thread-0" />
</exclusive-start>
<af-start id="2050" threadId="0000000000A85988" totalBytesRequested="112" timestamp="2019-06-16T18:48:45.534" intervalms="11.206" type="nursery" />
<cycle-start id="2051" type="scavenge" contextid="0" timestamp="2019-06-16T18:48:45.534" intervalms="11.120" />
<gc-start id="2052" type="scavenge" contextid="2051" timestamp="2019-06-16T18:48:45.534">
  <mem-info id="2053" free="2081713776" total="2092630016" percent="99">
    <mem type="nursery" free="0" total="3932160" percent="0">
      <mem type="allocate" free="0" total="3080192" percent="0" />
      <mem type="survivor" free="0" total="851968" percent="0" />
    </mem>
    <mem type="tenure" free="2081713776" total="2088697856" percent="99">
      <mem type="soa" free="1977279088" total="1984263168" percent="99" />
      <mem type="loa" free="104434688" total="104434688" percent="100" />
    </mem>
    <remembered-set count="427" />
  </mem-info>
</gc-start>
<allocation-stats totalBytes="2579424" >
  <allocated-bytes non-tlh="216" tlh="2579208" />
  <largest-consumer threadName="PmdThread 1" threadId="0000000000A79C00" bytes="954000" />
</allocation-stats>
<gc-op id="2054" type="scavenge" timems="2.055" contextid="2051" timestamp="2019-06-16T18:48:45.536">
  <scavenger-info tenureage="1" tenuremask="7ffe" tiltratio="78" />
  <memory-copied type="nursery" objects="5475" bytes="555176" bytesdiscarded="141136" />
  <memory-copied type="tenure" objects="557" bytes="20240" bytesdiscarded="0" />
  <references type="weak" candidates="114" cleared="113" enqueued="113" />
  <references type="phantom" candidates="7" cleared="5" enqueued="5" />
</gc-op>
<gc-end id="2055" type="scavenge" contextid="2051" durationms="2.222" usertimems="4.000" systemtimems="0.000" timestamp="2019-06-16T18:48:45.536" activeThreads="4">
  <mem-info id="2056" free="2084096992" total="2092630016" percent="99">
    <mem type="nursery" free="2383216" total="3932160" percent="60">
      <mem type="allocate" free="2383216" total="3080192" percent="77" />
      <mem type="survivor" free="0" total="851968" percent="0" />
    </mem>
    <mem type="tenure" free="2081713776" total="2088697856" percent="99">
      <mem type="soa" free="1977279088" total="1984263168" percent="99" />
      <mem type="loa" free="104434688" total="104434688" percent="100" />
    </mem>
    <pending-finalizers system="0" default="0" reference="118" classloader="0" />
    <remembered-set count="168" />
  </mem-info>
</gc-end>
<cycle-end id="2057" type="scavenge" contextid="2051" timestamp="2019-06-16T18:48:45.536" />
  <attribute name="elasticGC enabled" value="1" />
  <attribute name= "numThreadsSpecified" value="4" />
  <attribute name="heapSize specified" value="9830400" />
  <attribute name="Current GC Util" value="53" />
  <attribute name= "Current Time Running" value="3405" />
  <attribute name ="GC Interval" value="400" />
  <attribute name="ProportionalT" value="33.000000" />
  <attribute name="ProportionalI" value="33.000000" />
  <attribute name="ProportionalH" value="33.000000" />
  <attribute name="Current Error" value="33.000000" />
  <attribute name="IntegralT" value="363.000000" />
  <attribute name="IntegralI" value="363.000000" />
  <attribute name="IntegralH" value="363.000000" />
  <attribute name="DerivativeT" value="1.500000" />
  <attribute name="DerivativeI" value="1.500000" />
  <attribute name="DerivativeH" value="1.500000" />
  <attribute name="Loop Time for DT" value="11.000000" />
  <attribute name="Output H" value="8388608"/>
  <attribute name="Output I" value="400"/>
  <attribute name="Output T" value="4"/>
  <attribute name="Target GC Util Change" value ="20.000000" />
  <attribute name="Current GC Util Change" value="53.000000"/>
  <attribute name="GC Util currently" value="53" />
  <attribute name="CPU Util currently" value="418764735313" />
<allocation-satisfied id="2058" threadId="0000000000A85000" bytesRequested="112" />
<af-end id="2059" timestamp="2019-06-16T18:48:45.536" threadId="0000000000A85988" success="true" from="nursery"/>
<exclusive-end id="2060" timestamp="2019-06-16T18:48:45.536" durationms="2.650" />

<exclusive-start id="2061" timestamp="2019-06-16T18:48:45.553" intervalms="19.231">
  <response-info timems="0.036" idlems="0.020" threads="1" lastid="0000000000A79C00" lastname="PmdThread 1" />
</exclusive-start>
<af-start id="2062" threadId="0000000000A85988" totalBytesRequested="32" timestamp="2019-06-16T18:48:45.553" intervalms="19.244" type="nursery" />
<cycle-start id="2063" type="scavenge" contextid="0" timestamp="2019-06-16T18:48:45.553" intervalms="19.270" />
<gc-start id="2064" type="scavenge" contextid="2063" timestamp="2019-06-16T18:48:45.553">
  <mem-info id="2065" free="2081713448" total="2092630016" percent="99">
    <mem type="nursery" free="0" total="3932160" percent="0">
      <mem type="allocate" free="0" total="3080192" percent="0" />
      <mem type="survivor" free="0" total="851968" percent="0" />
    </mem>
    <mem type="tenure" free="2081713448" total="2088697856" percent="99">
      <mem type="soa" free="1977278760" total="1984263168" percent="99" />
      <mem type="loa" free="104434688" total="104434688" percent="100" />
    </mem>
    <remembered-set count="515" />
  </mem-info>
</gc-start>
<allocation-stats totalBytes="2380576" >
  <allocated-bytes non-tlh="440" tlh="2380136" />
  <largest-consumer threadName="PmdThread 4" threadId="0000000000A85000" bytes="1252080" />
</allocation-stats>
<gc-op id="2066" type="scavenge" timems="0.655" contextid="2063" timestamp="2019-06-16T18:48:45.554">
  <scavenger-info tenureage="1" tenuremask="7ffe" tiltratio="78" />
  <memory-copied type="nursery" objects="3783" bytes="371264" bytesdiscarded="288152" />
  <memory-copied type="tenure" objects="957" bytes="93104" bytesdiscarded="40" />
  <references type="soft" candidates="11" cleared="0" enqueued="0" dynamicThreshold="31" maxThreshold="32" />
  <references type="weak" candidates="102" cleared="101" enqueued="101" />
  <references type="phantom" candidates="5" cleared="4" enqueued="4" />
</gc-op>
<gc-end id="2067" type="scavenge" contextid="2063" durationms="0.881" usertimems="0.000" systemtimems="0.000" timestamp="2019-06-16T18:48:45.554" activeThreads="4">
  <mem-info id="2068" free="2084111024" total="2092630016" percent="99">
    <mem type="nursery" free="2485928" total="3932160" percent="63">
      <mem type="allocate" free="2485928" total="3145728" percent="79" />
      <mem type="survivor" free="0" total="786432" percent="0" />
    </mem>
    <mem type="tenure" free="2081625096" total="2088697856" percent="99">
      <mem type="soa" free="1977190408" total="1984263168" percent="99" />
      <mem type="loa" free="104434688" total="104434688" percent="100" />
    </mem>
    <pending-finalizers system="0" default="0" reference="105" classloader="0" />
    <remembered-set count="156" />
  </mem-info>
</gc-end>
<cycle-end id="2069" type="scavenge" contextid="2063" timestamp="2019-06-16T18:48:45.554" />
  <attribute name="elasticGC enabled" value="1" />
  <attribute name= "numThreadsSpecified" value="4" />
  <attribute name="heapSize specified" value="9830400" />
  <attribute name="Current GC Util" value="25" />
  <attribute name= "Current Time Running" value="3424" />
  <attribute name ="GC Interval" value="200" />
  <attribute name="ProportionalT" value="5.000000" />
  <attribute name="ProportionalI" value="5.000000" />
  <attribute name="ProportionalH" value="5.000000" />
  <attribute name="Current Error" value="5.000000" />
  <attribute name="IntegralT" value="95.000000" />
  <attribute name="IntegralI" value="95.000000" />
  <attribute name="IntegralH" value="95.000000" />
  <attribute name="DerivativeT" value="-0.736842" />
  <attribute name="DerivativeI" value="-0.736842" />
  <attribute name="DerivativeH" value="-0.736842" />
  <attribute name="Loop Time for DT" value="19.000000" />
  <attribute name="Output H" value="8388608"/>
  <attribute name="Output I" value="200"/>
  <attribute name="Output T" value="4"/>
  <attribute name="Target GC Util Change" value ="20.000000" />
  <attribute name="Current GC Util Change" value="25.000000"/>
  <attribute name="GC Util currently" value="25" />
  <attribute name="CPU Util currently" value="238800580839" />
<allocation-satisfied id="2070" threadId="0000000000A85000" bytesRequested="32" />
<af-end id="2071" timestamp="2019-06-16T18:48:45.554" threadId="0000000000A85988" success="true" from="nursery"/>
<exclusive-end id="2072" timestamp="2019-06-16T18:48:45.554" durationms="1.476" />

<exclusive-start id="2073" timestamp="2019-06-16T18:48:45.569" intervalms="16.144">
  <response-info timems="0.197" idlems="0.181" threads="1" lastid="0000000000A85000" lastname="PmdThread 4" />
</exclusive-start>
<af-start id="2074" threadId="0000000000A7A588" totalBytesRequested="16392" timestamp="2019-06-16T18:48:45.569" intervalms="16.133" type="nursery" />
<cycle-start id="2075" type="scavenge" contextid="0" timestamp="2019-06-16T18:48:45.569" intervalms="16.164" />
<gc-start id="2076" type="scavenge" contextid="2075" timestamp="2019-06-16T18:48:45.569">
  <mem-info id="2077" free="2081625096" total="2092630016" percent="99">
    <mem type="nursery" free="0" total="3932160" percent="0">
      <mem type="allocate" free="0" total="3145728" percent="0" />
      <mem type="survivor" free="0" total="786432" percent="0" />
    </mem>
    <mem type="tenure" free="2081625096" total="2088697856" percent="99">
      <mem type="soa" free="1977190408" total="1984263168" percent="99" />
      <mem type="loa" free="104434688" total="104434688" percent="100" />
    </mem>
    <remembered-set count="202" />
  </mem-info>
</gc-start>
<allocation-stats totalBytes="2464552" >
  <allocated-bytes non-tlh="32" tlh="2464520" />
  <largest-consumer threadName="PmdThread 4" threadId="0000000000A85000" bytes="958440" />
</allocation-stats>
<gc-op id="2078" type="scavenge" timems="0.488" contextid="2075" timestamp="2019-06-16T18:48:45.570">
  <scavenger-info tenureage="1" tenuremask="7ffe" tiltratio="80" />
  <memory-copied type="nursery" objects="3495" bytes="469176" bytesdiscarded="114704" />
  <memory-copied type="tenure" objects="409" bytes="20072" bytesdiscarded="0" />
  <references type="weak" candidates="40" cleared="40" enqueued="40" />
  <references type="phantom" candidates="10" cleared="6" enqueued="6" />
</gc-op>
<gc-end id="2079" type="scavenge" contextid="2075" durationms="0.710" usertimems="4.000" systemtimems="0.000" timestamp="2019-06-16T18:48:45.570" activeThreads="4">
  <mem-info id="2080" free="2084186520" total="2092630016" percent="99">
    <mem type="nursery" free="2561424" total="3932160" percent="65">
      <mem type="allocate" free="2561424" total="3145728" percent="81" />
      <mem type="survivor" free="0" total="786432" percent="0" />
    </mem>
    <mem type="tenure" free="2081625096" total="2088697856" percent="99">
      <mem type="soa" free="1977190408" total="1984263168" percent="99" />
      <mem type="loa" free="104434688" total="104434688" percent="100" />
    </mem>
    <pending-finalizers system="0" default="0" reference="46" classloader="0" />
    <remembered-set count="164" />
  </mem-info>
</gc-end>
<cycle-end id="2081" type="scavenge" contextid="2075" timestamp="2019-06-16T18:48:45.570" />
  <attribute name="elasticGC enabled" value="1" />
  <attribute name= "numThreadsSpecified" value="4" />
  <attribute name="heapSize specified" value="9830400" />
  <attribute name="Current GC Util" value="7" />
  <attribute name= "Current Time Running" value="3441" />
  <attribute name ="GC Interval" value="200" />
  <attribute name="ProportionalT" value="-13.000000" />
  <attribute name="ProportionalI" value="-13.000000" />
  <attribute name="ProportionalH" value="-13.000000" />
  <attribute name="Current Error" value="-13.000000" />
  <attribute name="IntegralT" value="-221.000000" />
  <attribute name="IntegralI" value="-221.000000" />
  <attribute name="IntegralH" value="-221.000000" />
  <attribute name="DerivativeT" value="-0.529412" />
  <attribute name="DerivativeI" value="-0.529412" />
  <attribute name="DerivativeH" value="-0.529412" />
  <attribute name="Loop Time for DT" value="17.000000" />
  <attribute name="Output H" value="2092630016"/>
  <attribute name="Output I" value="200"/>
  <attribute name="Output T" value="4"/>
  <attribute name="Target GC Util Change" value ="20.000000" />
  <attribute name="Current GC Util Change" value="7.000000"/>
  <attribute name="GC Util currently" value="7" />
  <attribute name="CPU Util currently" value="285721260947" />
<allocation-satisfied id="2082" threadId="0000000000A79C00" bytesRequested="16392" />
<af-end id="2083" timestamp="2019-06-16T18:48:45.570" threadId="0000000000A7A588" success="true" from="nursery"/>
<exclusive-end id="2084" timestamp="2019-06-16T18:48:45.570" durationms="1.187" />

<exclusive-start id="2085" timestamp="2019-06-16T18:48:45.586" intervalms="17.207">
  <response-info timems="0.165" idlems="0.165" threads="0" lastid="0000000000A81400" lastname="PmdThread 3" />
</exclusive-start>
<af-start id="2086" threadId="0000000000A81D88" totalBytesRequested="24" timestamp="2019-06-16T18:48:45.586" intervalms="17.245" type="nursery" />
<cycle-start id="2087" type="scavenge" contextid="0" timestamp="2019-06-16T18:48:45.586" intervalms="17.200" />
<gc-start id="2088" type="scavenge" contextid="2087" timestamp="2019-06-16T18:48:45.586">
  <mem-info id="2089" free="2081625096" total="2092630016" percent="99">
    <mem type="nursery" free="0" total="3932160" percent="0">
      <mem type="allocate" free="0" total="3145728" percent="0" />
      <mem type="survivor" free="0" total="786432" percent="0" />
    </mem>
    <mem type="tenure" free="2081625096" total="2088697856" percent="99">
      <mem type="soa" free="1977190408" total="1984263168" percent="99" />
      <mem type="loa" free="104434688" total="104434688" percent="100" />
    </mem>
    <remembered-set count="203" />
  </mem-info>
</gc-start>
<allocation-stats totalBytes="2558624" >
  <allocated-bytes non-tlh="16392" tlh="2542232" />
  <largest-consumer threadName="PmdThread 3" threadId="0000000000A81400" bytes="1065320" />
</allocation-stats>
<gc-op id="2090" type="scavenge" timems="1.962" contextid="2087" timestamp="2019-06-16T18:48:45.588">
  <scavenger-info tenureage="1" tenuremask="7ffe" tiltratio="80" />
  <memory-copied type="nursery" objects="5233" bytes="368000" bytesdiscarded="112512" />
  <memory-copied type="tenure" objects="1478" bytes="166464" bytesdiscarded="8" />
  <references type="weak" candidates="82" cleared="82" enqueued="82" />
  <references type="phantom" candidates="10" cleared="10" enqueued="10" />
</gc-op>
<gc-end id="2091" type="scavenge" contextid="2087" durationms="2.416" usertimems="4.000" systemtimems="4.000" timestamp="2019-06-16T18:48:45.589" activeThreads="4">
  <mem-info id="2092" free="2084241816" total="2092630016" percent="99">
    <mem type="nursery" free="2729664" total="3932160" percent="69">
      <mem type="allocate" free="2729664" total="3211264" percent="85" />
      <mem type="survivor" free="0" total="720896" percent="0" />
    </mem>
    <mem type="tenure" free="2081512152" total="2088697856" percent="99">
      <mem type="soa" free="1977077464" total="1984263168" percent="99" />
      <mem type="loa" free="104434688" total="104434688" percent="100" />
    </mem>
    <pending-finalizers system="0" default="0" reference="92" classloader="0" />
    <remembered-set count="202" />
  </mem-info>
</gc-end>
<cycle-end id="2093" type="scavenge" contextid="2087" timestamp="2019-06-16T18:48:45.589" />
  <attribute name="elasticGC enabled" value="1" />
  <attribute name= "numThreadsSpecified" value="4" />
  <attribute name="heapSize specified" value="9830400" />
  <attribute name="Current GC Util" value="6" />
  <attribute name= "Current Time Running" value="3458" />
  <attribute name ="GC Interval" value="200" />
  <attribute name="ProportionalT" value="-14.000000" />
  <attribute name="ProportionalI" value="-14.000000" />
  <attribute name="ProportionalH" value="-14.000000" />
  <attribute name="Current Error" value="-14.000000" />
  <attribute name="IntegralT" value="-238.000000" />
  <attribute name="IntegralI" value="-238.000000" />
  <attribute name="IntegralH" value="-238.000000" />
  <attribute name="DerivativeT" value="-0.411765" />
  <attribute name="DerivativeI" value="-0.411765" />
  <attribute name="DerivativeH" value="-0.411765" />
  <attribute name="Loop Time for DT" value="17.000000" />
  <attribute name="Output H" value="2092630016"/>
  <attribute name="Output I" value="200"/>
  <attribute name="Output T" value="4"/>
  <attribute name="Target GC Util Change" value ="20.000000" />
  <attribute name="Current GC Util Change" value="6.000000"/>
  <attribute name="GC Util currently" value="6" />
  <attribute name="CPU Util currently" value="266123803996" />
<allocation-satisfied id="2094" threadId="0000000000A81400" bytesRequested="24" />
<af-end id="2095" timestamp="2019-06-16T18:48:45.589" threadId="0000000000A81D88" success="true" from="nursery"/>
<exclusive-end id="2096" timestamp="2019-06-16T18:48:45.589" durationms="2.958" />

<exclusive-start id="2097" timestamp="2019-06-16T18:48:45.603" intervalms="17.471">
  <response-info timems="0.048" idlems="0.048" threads="0" lastid="0000000000A79C00" lastname="PmdThread 1" />
</exclusive-start>
<af-start id="2098" threadId="0000000000A7A588" totalBytesRequested="48" timestamp="2019-06-16T18:48:45.604" intervalms="17.589" type="nursery" />
<cycle-start id="2099" type="scavenge" contextid="0" timestamp="2019-06-16T18:48:45.604" intervalms="17.571" />
<gc-start id="2100" type="scavenge" contextid="2099" timestamp="2019-06-16T18:48:45.604">
  <mem-info id="2101" free="2081512152" total="2092630016" percent="99">
    <mem type="nursery" free="0" total="3932160" percent="0">
      <mem type="allocate" free="0" total="3211264" percent="0" />
      <mem type="survivor" free="0" total="720896" percent="0" />
    </mem>
    <mem type="tenure" free="2081512152" total="2088697856" percent="99">
      <mem type="soa" free="1977077464" total="1984263168" percent="99" />
      <mem type="loa" free="104434688" total="104434688" percent="100" />
    </mem>
    <remembered-set count="245" />
  </mem-info>
</gc-start>
<allocation-stats totalBytes="2712688" >
  <allocated-bytes non-tlh="24" tlh="2712664" />
  <largest-consumer threadName="PmdThread 1" threadId="0000000000A79C00" bytes="1172512" />
</allocation-stats>
<gc-op id="2102" type="scavenge" timems="0.725" contextid="2099" timestamp="2019-06-16T18:48:45.605">
  <scavenger-info tenureage="1" tenuremask="7ffe" tiltratio="81" />
  <memory-copied type="nursery" objects="5000" bytes="488176" bytesdiscarded="42856" />
  <memory-copied type="tenure" objects="972" bytes="33136" bytesdiscarded="16" />
  <references type="weak" candidates="68" cleared="68" enqueued="68" />
  <references type="phantom" candidates="8" cleared="7" enqueued="7" />
</gc-op>
<gc-end id="2103" type="scavenge" contextid="2099" durationms="0.913" usertimems="4.000" systemtimems="0.000" timestamp="2019-06-16T18:48:45.605" activeThreads="4">
  <mem-info id="2104" free="2084151648" total="2092630016" percent="99">
    <mem type="nursery" free="2678664" total="3932160" percent="68">
      <mem type="allocate" free="2678664" total="3211264" percent="83" />
      <mem type="survivor" free="0" total="720896" percent="0" />
    </mem>
    <mem type="tenure" free="2081472984" total="2088697856" percent="99">
      <mem type="soa" free="1977038296" total="1984263168" percent="99" />
      <mem type="loa" free="104434688" total="104434688" percent="100" />
    </mem>
    <pending-finalizers system="0" default="0" reference="75" classloader="0" />
    <remembered-set count="164" />
  </mem-info>
</gc-end>
<cycle-end id="2105" type="scavenge" contextid="2099" timestamp="2019-06-16T18:48:45.605" />
  <attribute name="elasticGC enabled" value="1" />
  <attribute name= "numThreadsSpecified" value="4" />
  <attribute name="heapSize specified" value="9830400" />
  <attribute name="Current GC Util" value="25" />
  <attribute name= "Current Time Running" value="3475" />
  <attribute name ="GC Interval" value="200" />
  <attribute name="ProportionalT" value="5.000000" />
  <attribute name="ProportionalI" value="5.000000" />
  <attribute name="ProportionalH" value="5.000000" />
  <attribute name="Current Error" value="5.000000" />
  <attribute name="IntegralT" value="85.000000" />
  <attribute name="IntegralI" value="85.000000" />
  <attribute name="IntegralH" value="85.000000" />
  <attribute name="DerivativeT" value="0.147059" />
  <attribute name="DerivativeI" value="0.147059" />
  <attribute name="DerivativeH" value="0.147059" />
  <attribute name="Loop Time for DT" value="17.000000" />
  <attribute name="Output H" value="8388608"/>
  <attribute name="Output I" value="200"/>
  <attribute name="Output T" value="4"/>
  <attribute name="Target GC Util Change" value ="20.000000" />
  <attribute name="Current GC Util Change" value="25.000000"/>
  <attribute name="GC Util currently" value="25" />
  <attribute name="CPU Util currently" value="264771337373" />
<allocation-satisfied id="2106" threadId="0000000000A79C00" bytesRequested="48" />
<af-end id="2107" timestamp="2019-06-16T18:48:45.605" threadId="0000000000A7A588" success="true" from="nursery"/>
<exclusive-end id="2108" timestamp="2019-06-16T18:48:45.605" durationms="1.489" />

<exclusive-start id="2109" timestamp="2019-06-16T18:48:45.622" intervalms="18.938">
  <response-info timems="0.066" idlems="0.066" threads="0" lastid="0000000000A81400" lastname="PmdThread 3" />
</exclusive-start>
<af-start id="2110" threadId="0000000000A81D88" totalBytesRequested="528" timestamp="2019-06-16T18:48:45.623" intervalms="18.826" type="nursery" />
<cycle-start id="2111" type="scavenge" contextid="0" timestamp="2019-06-16T18:48:45.623" intervalms="18.899" />
<gc-start id="2112" type="scavenge" contextid="2111" timestamp="2019-06-16T18:48:45.623">
  <mem-info id="2113" free="2081472984" total="2092630016" percent="99">
    <mem type="nursery" free="0" total="3932160" percent="0">
      <mem type="allocate" free="0" total="3211264" percent="0" />
      <mem type="survivor" free="0" total="720896" percent="0" />
    </mem>
    <mem type="tenure" free="2081472984" total="2088697856" percent="99">
      <mem type="soa" free="1977038296" total="1984263168" percent="99" />
      <mem type="loa" free="104434688" total="104434688" percent="100" />
    </mem>
    <remembered-set count="212" />
  </mem-info>
</gc-start>
<allocation-stats totalBytes="2672392" >
  <allocated-bytes non-tlh="32832" tlh="2639560" />
  <largest-consumer threadName="PmdThread 2" threadId="0000000000A7D800" bytes="929000" />
</allocation-stats>
<gc-op id="2114" type="scavenge" timems="0.652" contextid="2111" timestamp="2019-06-16T18:48:45.623">
  <scavenger-info tenureage="1" tenuremask="7ffe" tiltratio="81" />
  <memory-copied type="nursery" objects="5854" bytes="571360" bytesdiscarded="96088" />
  <memory-copied type="tenure" objects="1845" bytes="184128" bytesdiscarded="256" />
  <references type="weak" candidates="75" cleared="75" enqueued="75" />
  <references type="phantom" candidates="10" cleared="9" enqueued="9" />
</gc-op>
<gc-end id="2115" type="scavenge" contextid="2111" durationms="0.862" usertimems="4.000" systemtimems="0.000" timestamp="2019-06-16T18:48:45.624" activeThreads="4">
  <mem-info id="2116" free="2083749192" total="2092630016" percent="99">
    <mem type="nursery" free="2543264" total="3932160" percent="64">
      <mem type="allocate" free="2543264" total="3211264" percent="79" />
      <mem type="survivor" free="0" total="720896" percent="0" />
    </mem>
    <mem type="tenure" free="2081205928" total="2088697856" percent="99">
      <mem type="soa" free="1976771240" total="1984263168" percent="99" />
      <mem type="loa" free="104434688" total="104434688" percent="100" />
    </mem>
    <pending-finalizers system="0" default="0" reference="84" classloader="0" />
    <remembered-set count="176" />
  </mem-info>
</gc-end>
<cycle-end id="2117" type="scavenge" contextid="2111" timestamp="2019-06-16T18:48:45.624" />
  <attribute name="elasticGC enabled" value="1" />
  <attribute name= "numThreadsSpecified" value="4" />
  <attribute name="heapSize specified" value="9830400" />
  <attribute name="Current GC Util" value="7" />
  <attribute name= "Current Time Running" value="3494" />
  <attribute name ="GC Interval" value="200" />
  <attribute name="ProportionalT" value="-13.000000" />
  <attribute name="ProportionalI" value="-13.000000" />
  <attribute name="ProportionalH" value="-13.000000" />
  <attribute name="Current Error" value="-13.000000" />
  <attribute name="IntegralT" value="-247.000000" />
  <attribute name="IntegralI" value="-247.000000" />
  <attribute name="IntegralH" value="-247.000000" />
  <attribute name="DerivativeT" value="-0.473684" />
  <attribute name="DerivativeI" value="-0.473684" />
  <attribute name="DerivativeH" value="-0.473684" />
  <attribute name="Loop Time for DT" value="19.000000" />
  <attribute name="Output H" value="2092630016"/>
  <attribute name="Output I" value="200"/>
  <attribute name="Output T" value="4"/>
  <attribute name="Target GC Util Change" value ="20.000000" />
  <attribute name="Current GC Util Change" value="7.000000"/>
  <attribute name="GC Util currently" value="7" />
  <attribute name="CPU Util currently" value="244236135858" />
<allocation-satisfied id="2118" threadId="0000000000A81400" bytesRequested="528" />
<af-end id="2119" timestamp="2019-06-16T18:48:45.624" threadId="0000000000A81D88" success="true" from="nursery"/>
<exclusive-end id="2120" timestamp="2019-06-16T18:48:45.624" durationms="1.388" />

<exclusive-start id="2121" timestamp="2019-06-16T18:48:45.641" intervalms="18.513">
  <response-info timems="0.042" idlems="0.042" threads="0" lastid="0000000000A79C00" lastname="PmdThread 1" />
</exclusive-start>
<af-start id="2122" threadId="0000000000A7A588" totalBytesRequested="48" timestamp="2019-06-16T18:48:45.641" intervalms="18.477" type="nursery" />
<cycle-start id="2123" type="scavenge" contextid="0" timestamp="2019-06-16T18:48:45.641" intervalms="18.400" />
<gc-start id="2124" type="scavenge" contextid="2123" timestamp="2019-06-16T18:48:45.641">
  <mem-info id="2125" free="2081205928" total="2092630016" percent="99">
    <mem type="nursery" free="0" total="3932160" percent="0">
      <mem type="allocate" free="0" total="3211264" percent="0" />
      <mem type="survivor" free="0" total="720896" percent="0" />
    </mem>
    <mem type="tenure" free="2081205928" total="2088697856" percent="99">
      <mem type="soa" free="1976771240" total="1984263168" percent="99" />
      <mem type="loa" free="104434688" total="104434688" percent="100" />
    </mem>
    <remembered-set count="224" />
  </mem-info>
</gc-start>
<allocation-stats totalBytes="2531664" >
  <allocated-bytes non-tlh="528" tlh="2531136" />
  <largest-consumer threadName="PmdThread 2" threadId="0000000000A7D800" bytes="761120" />
</allocation-stats>
<gc-op id="2126" type="scavenge" timems="0.876" contextid="2123" timestamp="2019-06-16T18:48:45.642">
  <scavenger-info tenureage="1" tenuremask="7ffe" tiltratio="81" />
  <memory-copied type="nursery" objects="5013" bytes="545520" bytesdiscarded="171048" />
  <memory-copied type="tenure" objects="2867" bytes="217984" bytesdiscarded="8" />
  <references type="weak" candidates="66" cleared="66" enqueued="66" />
  <references type="phantom" candidates="10" cleared="8" enqueued="8" />
</gc-op>
<gc-end id="2127" type="scavenge" contextid="2123" durationms="1.087" usertimems="0.000" systemtimems="0.000" timestamp="2019-06-16T18:48:45.642" activeThreads="4">
  <mem-info id="2128" free="2083469296" total="2092630016" percent="99">
    <mem type="nursery" free="2493576" total="3932160" percent="63">
      <mem type="allocate" free="2493576" total="3211264" percent="77" />
      <mem type="survivor" free="0" total="720896" percent="0" />
    </mem>
    <mem type="tenure" free="2080975720" total="2088697856" percent="99">
      <mem type="soa" free="1976541032" total="1984263168" percent="99" />
      <mem type="loa" free="104434688" total="104434688" percent="100" />
    </mem>
    <pending-finalizers system="0" default="0" reference="74" classloader="0" />
    <remembered-set count="198" />
  </mem-info>
</gc-end>
<cycle-end id="2129" type="scavenge" contextid="2123" timestamp="2019-06-16T18:48:45.642" />
  <attribute name="elasticGC enabled" value="1" />
  <attribute name= "numThreadsSpecified" value="4" />
  <attribute name="heapSize specified" value="9830400" />
  <attribute name="Current GC Util" value="8" />
  <attribute name= "Current Time Running" value="3513" />
  <attribute name ="GC Interval" value="200" />
  <attribute name="ProportionalT" value="-12.000000" />
  <attribute name="ProportionalI" value="-12.000000" />
  <attribute name="ProportionalH" value="-12.000000" />
  <attribute name="Current Error" value="-12.000000" />
  <attribute name="IntegralT" value="-228.000000" />
  <attribute name="IntegralI" value="-228.000000" />
  <attribute name="IntegralH" value="-228.000000" />
  <attribute name="DerivativeT" value="-0.315789" />
  <attribute name="DerivativeI" value="-0.315789" />
  <attribute name="DerivativeH" value="-0.315789" />
  <attribute name="Loop Time for DT" value="19.000000" />
  <attribute name="Output H" value="2092630016"/>
  <attribute name="Output I" value="200"/>
  <attribute name="Output T" value="4"/>
  <attribute name="Target GC Util Change" value ="20.000000" />
  <attribute name="Current GC Util Change" value="8.000000"/>
  <attribute name="GC Util currently" value="8" />
  <attribute name="CPU Util currently" value="250143645053" />
<allocation-satisfied id="2130" threadId="0000000000A79C00" bytesRequested="48" />
<af-end id="2131" timestamp="2019-06-16T18:48:45.642" threadId="0000000000A7A588" success="true" from="nursery"/>
<exclusive-end id="2132" timestamp="2019-06-16T18:48:45.642" durationms="1.513" />

<exclusive-start id="2133" timestamp="2019-06-16T18:48:45.657" intervalms="16.366">
  <response-info timems="0.045" idlems="0.045" threads="0" lastid="0000000000A81400" lastname="PmdThread 3" />
</exclusive-start>
<af-start id="2134" threadId="0000000000A81D88" totalBytesRequested="96" timestamp="2019-06-16T18:48:45.657" intervalms="16.424" type="nursery" />
<cycle-start id="2135" type="scavenge" contextid="0" timestamp="2019-06-16T18:48:45.658" intervalms="16.441" />
<gc-start id="2136" type="scavenge" contextid="2135" timestamp="2019-06-16T18:48:45.658">
  <mem-info id="2137" free="2080975720" total="2092630016" percent="99">
    <mem type="nursery" free="0" total="3932160" percent="0">
      <mem type="allocate" free="0" total="3211264" percent="0" />
      <mem type="survivor" free="0" total="720896" percent="0" />
    </mem>
    <mem type="tenure" free="2080975720" total="2088697856" percent="99">
      <mem type="soa" free="1976541032" total="1984263168" percent="99" />
      <mem type="loa" free="104434688" total="104434688" percent="100" />
    </mem>
    <remembered-set count="248" />
  </mem-info>
</gc-start>
<allocation-stats totalBytes="2491128" >
  <allocated-bytes non-tlh="48" tlh="2491080" />
  <largest-consumer threadName="PmdThread 4" threadId="0000000000A85000" bytes="821392" />
</allocation-stats>
<gc-op id="2138" type="scavenge" timems="0.841" contextid="2135" timestamp="2019-06-16T18:48:45.659">
  <scavenger-info tenureage="1" tenuremask="7ffe" tiltratio="81" />
  <memory-copied type="nursery" objects="5695" bytes="559088" bytesdiscarded="160656" />
  <memory-copied type="tenure" objects="1719" bytes="61528" bytesdiscarded="0" />
  <references type="weak" candidates="61" cleared="61" enqueued="61" />
  <references type="phantom" candidates="9" cleared="9" enqueued="9" />
</gc-op>
<gc-end id="2139" type="scavenge" contextid="2135" durationms="1.059" usertimems="4.000" systemtimems="0.000" timestamp="2019-06-16T18:48:45.659" activeThreads="4">
  <mem-info id="2140" free="2083531624" total="2092630016" percent="99">
    <mem type="nursery" free="2555904" total="3932160" percent="65">
      <mem type="allocate" free="2555904" total="3276800" percent="78" />
      <mem type="survivor" free="0" total="655360" percent="0" />
    </mem>
    <mem type="tenure" free="2080975720" total="2088697856" percent="99">
      <mem type="soa" free="1976541032" total="1984263168" percent="99" />
      <mem type="loa" free="104434688" total="104434688" percent="100" />
    </mem>
    <pending-finalizers system="0" default="0" reference="70" classloader="0" />
    <remembered-set count="184" />
  </mem-info>
</gc-end>
<cycle-end id="2141" type="scavenge" contextid="2135" timestamp="2019-06-16T18:48:45.659" />
  <attribute name="elasticGC enabled" value="1" />
  <attribute name= "numThreadsSpecified" value="4" />
  <attribute name="heapSize specified" value="9830400" />
  <attribute name="Current GC Util" value="10" />
  <attribute name= "Current Time Running" value="3529" />
  <attribute name ="GC Interval" value="200" />
  <attribute name="ProportionalT" value="-10.000000" />
  <attribute name="ProportionalI" value="-10.000000" />
  <attribute name="ProportionalH" value="-10.000000" />
  <attribute name="Current Error" value="-10.000000" />
  <attribute name="IntegralT" value="-160.000000" />
  <attribute name="IntegralI" value="-160.000000" />
  <attribute name="IntegralH" value="-160.000000" />
  <attribute name="DerivativeT" value="-0.312500" />
  <attribute name="DerivativeI" value="-0.312500" />
  <attribute name="DerivativeH" value="-0.312500" />
  <attribute name="Loop Time for DT" value="16.000000" />
  <attribute name="Output H" value="2092630016"/>
  <attribute name="Output I" value="200"/>
  <attribute name="Output T" value="4"/>
  <attribute name="Target GC Util Change" value ="20.000000" />
  <attribute name="Current GC Util Change" value="10.000000"/>
  <attribute name="GC Util currently" value="10" />
  <attribute name="CPU Util currently" value="280136190696" />
<allocation-satisfied id="2142" threadId="0000000000A81400" bytesRequested="96" />
<af-end id="2143" timestamp="2019-06-16T18:48:45.659" threadId="0000000000A81D88" success="true" from="nursery"/>
<exclusive-end id="2144" timestamp="2019-06-16T18:48:45.659" durationms="1.577" />

<exclusive-start id="2145" timestamp="2019-06-16T18:48:45.675" intervalms="18.129">
  <response-info timems="0.064" idlems="0.025" threads="2" lastid="0000000000A85000" lastname="PmdThread 4" />
</exclusive-start>
<af-start id="2146" threadId="0000000000A7A588" totalBytesRequested="16" timestamp="2019-06-16T18:48:45.676" intervalms="18.093" type="nursery" />
<cycle-start id="2147" type="scavenge" contextid="0" timestamp="2019-06-16T18:48:45.676" intervalms="18.119" />
<gc-start id="2148" type="scavenge" contextid="2147" timestamp="2019-06-16T18:48:45.676">
  <mem-info id="2149" free="2080975720" total="2092630016" percent="99">
    <mem type="nursery" free="0" total="3932160" percent="0">
      <mem type="allocate" free="0" total="3276800" percent="0" />
      <mem type="survivor" free="0" total="655360" percent="0" />
    </mem>
    <mem type="tenure" free="2080975720" total="2088697856" percent="99">
      <mem type="soa" free="1976541032" total="1984263168" percent="99" />
      <mem type="loa" free="104434688" total="104434688" percent="100" />
    </mem>
    <remembered-set count="235" />
  </mem-info>
</gc-start>
<allocation-stats totalBytes="2554800" >
  <allocated-bytes non-tlh="96" tlh="2554704" />
  <largest-consumer threadName="PmdThread 4" threadId="0000000000A85000" bytes="654880" />
</allocation-stats>
<gc-op id="2150" type="scavenge" timems="0.850" contextid="2147" timestamp="2019-06-16T18:48:45.677">
  <scavenger-info tenureage="1" tenuremask="7ffe" tiltratio="83" />
  <memory-copied type="nursery" objects="3964" bytes="403320" bytesdiscarded="251632" />
  <memory-copied type="tenure" objects="3046" bytes="320992" bytesdiscarded="520" />
  <copy-failed type="nursery" objects="1614" bytes="211256" />
  <references type="weak" candidates="56" cleared="52" enqueued="52" />
  <references type="phantom" candidates="9" cleared="8" enqueued="8" />
</gc-op>
<gc-end id="2151" type="scavenge" contextid="2147" durationms="1.231" usertimems="4.000" systemtimems="0.000" timestamp="2019-06-16T18:48:45.677" activeThreads="4">
  <mem-info id="2152" free="2083141664" total="2092630016" percent="99">
    <mem type="nursery" free="2490368" total="3932160" percent="63">
      <mem type="allocate" free="2490368" total="3145728" percent="79" />
      <mem type="survivor" free="0" total="786432" percent="0" />
    </mem>
    <mem type="tenure" free="2080651296" total="2088697856" percent="99">
      <mem type="soa" free="1976216608" total="1984263168" percent="99" />
      <mem type="loa" free="104434688" total="104434688" percent="100" />
    </mem>
    <pending-finalizers system="0" default="0" reference="60" classloader="0" />
    <remembered-set count="333" />
  </mem-info>
</gc-end>
<cycle-end id="2153" type="scavenge" contextid="2147" timestamp="2019-06-16T18:48:45.677" />
  <attribute name="elasticGC enabled" value="1" />
  <attribute name= "numThreadsSpecified" value="4" />
  <attribute name="heapSize specified" value="9830400" />
  <attribute name="Current GC Util" value="10" />
  <attribute name= "Current Time Running" value="3547" />
  <attribute name ="GC Interval" value="200" />
  <attribute name="ProportionalT" value="-10.000000" />
  <attribute name="ProportionalI" value="-10.000000" />
  <attribute name="ProportionalH" value="-10.000000" />
  <attribute name="Current Error" value="-10.000000" />
  <attribute name="IntegralT" value="-180.000000" />
  <attribute name="IntegralI" value="-180.000000" />
  <attribute name="IntegralH" value="-180.000000" />
  <attribute name="DerivativeT" value="-0.277778" />
  <attribute name="DerivativeI" value="-0.277778" />
  <attribute name="DerivativeH" value="-0.277778" />
  <attribute name="Loop Time for DT" value="18.000000" />
  <attribute name="Output H" value="2092630016"/>
  <attribute name="Output I" value="200"/>
  <attribute name="Output T" value="4"/>
  <attribute name="Target GC Util Change" value ="20.000000" />
  <attribute name="Current GC Util Change" value="10.000000"/>
  <attribute name="GC Util currently" value="10" />
  <attribute name="CPU Util currently" value="253004774065" />
<allocation-satisfied id="2154" threadId="0000000000A79C00" bytesRequested="16" />
<af-end id="2155" timestamp="2019-06-16T18:48:45.677" threadId="0000000000A7A588" success="true" from="nursery"/>
<exclusive-end id="2156" timestamp="2019-06-16T18:48:45.677" durationms="1.774" />

<exclusive-start id="2157" timestamp="2019-06-16T18:48:45.696" intervalms="20.904">
  <response-info timems="0.067" idlems="0.036" threads="1" lastid="0000000000A85000" lastname="PmdThread 4" />
</exclusive-start>
<af-start id="2158" threadId="0000000000A7A588" totalBytesRequested="456" timestamp="2019-06-16T18:48:45.696" intervalms="20.909" type="nursery" />
<cycle-start id="2159" type="scavenge" contextid="0" timestamp="2019-06-16T18:48:45.697" intervalms="20.944" />
<gc-start id="2160" type="scavenge" contextid="2159" timestamp="2019-06-16T18:48:45.697">
  <mem-info id="2161" free="2080651296" total="2092630016" percent="99">
    <mem type="nursery" free="0" total="3932160" percent="0">
      <mem type="allocate" free="0" total="3145728" percent="0" />
      <mem type="survivor" free="0" total="786432" percent="0" />
    </mem>
    <mem type="tenure" free="2080651296" total="2088697856" percent="99">
      <mem type="soa" free="1976216608" total="1984263168" percent="99" />
      <mem type="loa" free="104434688" total="104434688" percent="100" />
    </mem>
    <remembered-set count="376" />
  </mem-info>
</gc-start>
<allocation-stats totalBytes="2483592" >
  <allocated-bytes non-tlh="16" tlh="2483576" />
  <largest-consumer threadName="PmdThread 3" threadId="0000000000A81400" bytes="802096" />
</allocation-stats>
<gc-op id="2162" type="scavenge" timems="0.757" contextid="2159" timestamp="2019-06-16T18:48:45.697">
  <scavenger-info tenureage="1" tenuremask="7ffe" tiltratio="80" />
  <memory-copied type="nursery" objects="6196" bytes="690120" bytesdiscarded="95648" />
  <memory-copied type="tenure" objects="3116" bytes="243648" bytesdiscarded="80" />
  <copy-failed type="nursery" objects="876" bytes="32464" />
  <references type="weak" candidates="66" cleared="66" enqueued="66" />
  <references type="phantom" candidates="12" cleared="10" enqueued="10" />
</gc-op>
<gc-end id="2163" type="scavenge" contextid="2159" durationms="0.946" usertimems="0.000" systemtimems="0.000" timestamp="2019-06-16T18:48:45.698" activeThreads="4">
  <mem-info id="2164" free="2082579432" total="2092630016" percent="99">
    <mem type="nursery" free="2228224" total="3932160" percent="56">
      <mem type="allocate" free="2228224" total="3014656" percent="73" />
      <mem type="survivor" free="0" total="917504" percent="0" />
    </mem>
    <mem type="tenure" free="2080351208" total="2088697856" percent="99">
      <mem type="soa" free="1975916520" total="1984263168" percent="99" />
      <mem type="loa" free="104434688" total="104434688" percent="100" />
    </mem>
    <pending-finalizers system="0" default="0" reference="76" classloader="0" />
    <remembered-set count="438" />
  </mem-info>
</gc-end>
<cycle-end id="2165" type="scavenge" contextid="2159" timestamp="2019-06-16T18:48:45.698" />
  <attribute name="elasticGC enabled" value="1" />
  <attribute name= "numThreadsSpecified" value="4" />
  <attribute name="heapSize specified" value="9830400" />
  <attribute name="Current GC Util" value="7" />
  <attribute name= "Current Time Running" value="3568" />
  <attribute name ="GC Interval" value="200" />
  <attribute name="ProportionalT" value="-13.000000" />
  <attribute name="ProportionalI" value="-13.000000" />
  <attribute name="ProportionalH" value="-13.000000" />
  <attribute name="Current Error" value="-13.000000" />
  <attribute name="IntegralT" value="-273.000000" />
  <attribute name="IntegralI" value="-273.000000" />
  <attribute name="IntegralH" value="-273.000000" />
  <attribute name="DerivativeT" value="-0.309524" />
  <attribute name="DerivativeI" value="-0.309524" />
  <attribute name="DerivativeH" value="-0.309524" />
  <attribute name="Loop Time for DT" value="21.000000" />
  <attribute name="Output H" value="2092630016"/>
  <attribute name="Output I" value="200"/>
  <attribute name="Output T" value="4"/>
  <attribute name="Target GC Util Change" value ="20.000000" />
  <attribute name="Current GC Util Change" value="7.000000"/>
  <attribute name="GC Util currently" value="7" />
  <attribute name="CPU Util currently" value="221896989098" />
<allocation-satisfied id="2166" threadId="0000000000A79C00" bytesRequested="456" />
<af-end id="2167" timestamp="2019-06-16T18:48:45.698" threadId="0000000000A7A588" success="true" from="nursery"/>
<exclusive-end id="2168" timestamp="2019-06-16T18:48:45.698" durationms="1.492" />

<exclusive-start id="2169" timestamp="2019-06-16T18:48:45.714" intervalms="17.844">
  <response-info timems="0.034" idlems="0.034" threads="0" lastid="0000000000A81400" lastname="PmdThread 3" />
</exclusive-start>
<af-start id="2170" threadId="0000000000A81D88" totalBytesRequested="56" timestamp="2019-06-16T18:48:45.714" intervalms="17.829" type="nursery" />
<cycle-start id="2171" type="scavenge" contextid="0" timestamp="2019-06-16T18:48:45.714" intervalms="17.775" />
<gc-start id="2172" type="scavenge" contextid="2171" timestamp="2019-06-16T18:48:45.714">
  <mem-info id="2173" free="2080351208" total="2092630016" percent="99">
    <mem type="nursery" free="0" total="3932160" percent="0">
      <mem type="allocate" free="0" total="3014656" percent="0" />
      <mem type="survivor" free="0" total="917504" percent="0" />
    </mem>
    <mem type="tenure" free="2080351208" total="2088697856" percent="99">
      <mem type="soa" free="1975916520" total="1984263168" percent="99" />
      <mem type="loa" free="104434688" total="104434688" percent="100" />
    </mem>
    <remembered-set count="468" />
  </mem-info>
</gc-start>
<allocation-stats totalBytes="2222112" >
  <allocated-bytes non-tlh="456" tlh="2221656" />
  <largest-consumer threadName="PmdThread 2" threadId="0000000000A7D800" bytes="1128296" />
</allocation-stats>
<gc-op id="2174" type="scavenge" timems="0.645" contextid="2171" timestamp="2019-06-16T18:48:45.715">
  <scavenger-info tenureage="1" tenuremask="7ffe" tiltratio="76" />
  <memory-copied type="nursery" objects="5407" bytes="623160" bytesdiscarded="189840" />
  <memory-copied type="tenure" objects="1384" bytes="103072" bytesdiscarded="32" />
  <references type="weak" candidates="62" cleared="62" enqueued="62" />
  <references type="phantom" candidates="9" cleared="6" enqueued="6" />
</gc-op>
<gc-end id="2175" type="scavenge" contextid="2171" durationms="0.852" usertimems="0.000" systemtimems="0.000" timestamp="2019-06-16T18:48:45.715" activeThreads="4">
  <mem-info id="2176" free="2082479672" total="2092630016" percent="99">
    <mem type="nursery" free="2200424" total="3932160" percent="55">
      <mem type="allocate" free="2200424" total="3014656" percent="72" />
      <mem type="survivor" free="0" total="917504" percent="0" />
    </mem>
    <mem type="tenure" free="2080279248" total="2088697856" percent="99">
      <mem type="soa" free="1975844560" total="1984263168" percent="99" />
      <mem type="loa" free="104434688" total="104434688" percent="100" />
    </mem>
    <pending-finalizers system="0" default="0" reference="68" classloader="0" />
    <remembered-set count="157" />
  </mem-info>
</gc-end>
<cycle-end id="2177" type="scavenge" contextid="2171" timestamp="2019-06-16T18:48:45.715" />
  <attribute name="elasticGC enabled" value="1" />
  <attribute name= "numThreadsSpecified" value="4" />
  <attribute name="heapSize specified" value="9830400" />
  <attribute name="Current GC Util" value="10" />
  <attribute name= "Current Time Running" value="3586" />
  <attribute name ="GC Interval" value="200" />
  <attribute name="ProportionalT" value="-10.000000" />
  <attribute name="ProportionalI" value="-10.000000" />
  <attribute name="ProportionalH" value="-10.000000" />
  <attribute name="Current Error" value="-10.000000" />
  <attribute name="IntegralT" value="-180.000000" />
  <attribute name="IntegralI" value="-180.000000" />
  <attribute name="IntegralH" value="-180.000000" />
  <attribute name="DerivativeT" value="-0.277778" />
  <attribute name="DerivativeI" value="-0.277778" />
  <attribute name="DerivativeH" value="-0.277778" />
  <attribute name="Loop Time for DT" value="18.000000" />
  <attribute name="Output H" value="2092630016"/>
  <attribute name="Output I" value="200"/>
  <attribute name="Output T" value="4"/>
  <attribute name="Target GC Util Change" value ="20.000000" />
  <attribute name="Current GC Util Change" value="10.000000"/>
  <attribute name="GC Util currently" value="10" />
  <attribute name="CPU Util currently" value="258884157561" />
<allocation-satisfied id="2178" threadId="0000000000A81400" bytesRequested="56" />
<af-end id="2179" timestamp="2019-06-16T18:48:45.715" threadId="0000000000A81D88" success="true" from="nursery"/>
<exclusive-end id="2180" timestamp="2019-06-16T18:48:45.716" durationms="1.356" />

<exclusive-start id="2181" timestamp="2019-06-16T18:48:45.732" intervalms="17.558">
  <response-info timems="0.069" idlems="0.069" threads="0" lastid="0000000000A81400" lastname="PmdThread 3" />
</exclusive-start>
<af-start id="2182" threadId="0000000000A81D88" totalBytesRequested="56" timestamp="2019-06-16T18:48:45.732" intervalms="17.628" type="nursery" />
<cycle-start id="2183" type="scavenge" contextid="0" timestamp="2019-06-16T18:48:45.732" intervalms="17.636" />
<gc-start id="2184" type="scavenge" contextid="2183" timestamp="2019-06-16T18:48:45.732">
  <mem-info id="2185" free="2080279248" total="2092630016" percent="99">
    <mem type="nursery" free="0" total="3932160" percent="0">
      <mem type="allocate" free="0" total="3014656" percent="0" />
      <mem type="survivor" free="0" total="917504" percent="0" />
    </mem>
    <mem type="tenure" free="2080279248" total="2088697856" percent="99">
      <mem type="soa" free="1975844560" total="1984263168" percent="99" />
      <mem type="loa" free="104434688" total="104434688" percent="100" />
    </mem>
    <remembered-set count="208" />
  </mem-info>
</gc-start>
<allocation-stats totalBytes="2186376" >
  <allocated-bytes non-tlh="56" tlh="2186320" />
  <largest-consumer threadName="PmdThread 3" threadId="0000000000A81400" bytes="782896" />
</allocation-stats>
<gc-op id="2186" type="scavenge" timems="0.682" contextid="2183" timestamp="2019-06-16T18:48:45.733">
  <scavenger-info tenureage="1" tenuremask="7ffe" tiltratio="76" />
  <memory-copied type="nursery" objects="9252" bytes="778112" bytesdiscarded="111216" />
  <memory-copied type="tenure" objects="1797" bytes="125504" bytesdiscarded="672" />
  <references type="weak" candidates="43" cleared="42" enqueued="42" />
  <references type="phantom" candidates="11" cleared="8" enqueued="8" />
</gc-op>
<gc-end id="2187" type="scavenge" contextid="2183" durationms="0.897" usertimems="4.000" systemtimems="0.000" timestamp="2019-06-16T18:48:45.733" activeThreads="4">
  <mem-info id="2188" free="2082158096" total="2092630016" percent="99">
    <mem type="nursery" free="2059360" total="3932160" percent="52">
      <mem type="allocate" free="2059360" total="2949120" percent="69" />
      <mem type="survivor" free="0" total="983040" percent="0" />
    </mem>
    <mem type="tenure" free="2080098736" total="2088697856" percent="99">
      <mem type="soa" free="1975664048" total="1984263168" percent="99" />
      <mem type="loa" free="104434688" total="104434688" percent="100" />
    </mem>
    <pending-finalizers system="0" default="0" reference="50" classloader="0" />
    <remembered-set count="165" />
  </mem-info>
</gc-end>
<cycle-end id="2189" type="scavenge" contextid="2183" timestamp="2019-06-16T18:48:45.733" />
  <attribute name="elasticGC enabled" value="1" />
  <attribute name= "numThreadsSpecified" value="4" />
  <attribute name="heapSize specified" value="9830400" />
  <attribute name="Current GC Util" value="8" />
  <attribute name= "Current Time Running" value="3604" />
  <attribute name ="GC Interval" value="200" />
  <attribute name="ProportionalT" value="-12.000000" />
  <attribute name="ProportionalI" value="-12.000000" />
  <attribute name="ProportionalH" value="-12.000000" />
  <attribute name="Current Error" value="-12.000000" />
  <attribute name="IntegralT" value="-216.000000" />
  <attribute name="IntegralI" value="-216.000000" />
  <attribute name="IntegralH" value="-216.000000" />
  <attribute name="DerivativeT" value="-0.333333" />
  <attribute name="DerivativeI" value="-0.333333" />
  <attribute name="DerivativeH" value="-0.333333" />
  <attribute name="Loop Time for DT" value="18.000000" />
  <attribute name="Output H" value="2092630016"/>
  <attribute name="Output I" value="200"/>
  <attribute name="Output T" value="4"/>
  <attribute name="Target GC Util Change" value ="20.000000" />
  <attribute name="Current GC Util Change" value="8.000000"/>
  <attribute name="GC Util currently" value="8" />
  <attribute name="CPU Util currently" value="260590619900" />
<allocation-satisfied id="2190" threadId="0000000000A81400" bytesRequested="56" />
<af-end id="2191" timestamp="2019-06-16T18:48:45.733" threadId="0000000000A81D88" success="true" from="nursery"/>
<exclusive-end id="2192" timestamp="2019-06-16T18:48:45.733" durationms="1.440" />

<exclusive-start id="2193" timestamp="2019-06-16T18:48:45.746" intervalms="13.790">
  <response-info timems="0.214" idlems="0.183" threads="2" lastid="0000000000A81400" lastname="PmdThread 3" />
</exclusive-start>
<af-start id="2194" threadId="0000000000A7E188" totalBytesRequested="16392" timestamp="2019-06-16T18:48:45.746" intervalms="13.707" type="nursery" />
<cycle-start id="2195" type="scavenge" contextid="0" timestamp="2019-06-16T18:48:45.746" intervalms="13.697" />
<gc-start id="2196" type="scavenge" contextid="2195" timestamp="2019-06-16T18:48:45.746">
  <mem-info id="2197" free="2080098736" total="2092630016" percent="99">
    <mem type="nursery" free="0" total="3932160" percent="0">
      <mem type="allocate" free="0" total="2949120" percent="0" />
      <mem type="survivor" free="0" total="983040" percent="0" />
    </mem>
    <mem type="tenure" free="2080098736" total="2088697856" percent="99">
      <mem type="soa" free="1975664048" total="1984263168" percent="99" />
      <mem type="loa" free="104434688" total="104434688" percent="100" />
    </mem>
    <remembered-set count="183" />
  </mem-info>
</gc-start>
<allocation-stats totalBytes="2043800" >
  <allocated-bytes non-tlh="56" tlh="2043744" />
  <largest-consumer threadName="PmdThread 3" threadId="0000000000A81400" bytes="1634120" />
</allocation-stats>
<gc-op id="2198" type="scavenge" timems="1.292" contextid="2195" timestamp="2019-06-16T18:48:45.747">
  <scavenger-info tenureage="1" tenuremask="7ffe" tiltratio="75" />
  <memory-copied type="nursery" objects="7981" bytes="373080" bytesdiscarded="143680" />
  <memory-copied type="tenure" objects="6466" bytes="482256" bytesdiscarded="168" />
  <references type="weak" candidates="20" cleared="20" enqueued="20" />
  <references type="phantom" candidates="4" cleared="2" enqueued="2" />
</gc-op>
<gc-end id="2199" type="scavenge" contextid="2195" durationms="1.485" usertimems="4.000" systemtimems="0.000" timestamp="2019-06-16T18:48:45.747" activeThreads="4">
  <mem-info id="2200" free="2082080592" total="2092630016" percent="99">
    <mem type="nursery" free="2432240" total="3932160" percent="61">
      <mem type="allocate" free="2432240" total="2949120" percent="82" />
      <mem type="survivor" free="0" total="983040" percent="0" />
    </mem>
    <mem type="tenure" free="2079648352" total="2088697856" percent="99">
      <mem type="soa" free="1975213664" total="1984263168" percent="99" />
      <mem type="loa" free="104434688" total="104434688" percent="100" />
    </mem>
    <pending-finalizers system="0" default="0" reference="22" classloader="0" />
    <remembered-set count="439" />
  </mem-info>
</gc-end>
<cycle-end id="2201" type="scavenge" contextid="2195" timestamp="2019-06-16T18:48:45.747" />
  <attribute name="elasticGC enabled" value="1" />
  <attribute name= "numThreadsSpecified" value="4" />
  <attribute name="heapSize specified" value="9830400" />
  <attribute name="Current GC Util" value="13" />
  <attribute name= "Current Time Running" value="3617" />
  <attribute name ="GC Interval" value="200" />
  <attribute name="ProportionalT" value="-7.000000" />
  <attribute name="ProportionalI" value="-7.000000" />
  <attribute name="ProportionalH" value="-7.000000" />
  <attribute name="Current Error" value="-7.000000" />
  <attribute name="IntegralT" value="-91.000000" />
  <attribute name="IntegralI" value="-91.000000" />
  <attribute name="IntegralH" value="-91.000000" />
  <attribute name="DerivativeT" value="-0.269231" />
  <attribute name="DerivativeI" value="-0.269231" />
  <attribute name="DerivativeH" value="-0.269231" />
  <attribute name="Loop Time for DT" value="13.000000" />
  <attribute name="Output H" value="2092630016"/>
  <attribute name="Output I" value="200"/>
  <attribute name="Output T" value="4"/>
  <attribute name="Target GC Util Change" value ="20.000000" />
  <attribute name="Current GC Util Change" value="13.000000"/>
  <attribute name="GC Util currently" value="13" />
  <attribute name="CPU Util currently" value="338374096520" />
<allocation-satisfied id="2202" threadId="0000000000A7D800" bytesRequested="16392" />
<af-end id="2203" timestamp="2019-06-16T18:48:45.747" threadId="0000000000A7E188" success="true" from="nursery"/>
<exclusive-end id="2204" timestamp="2019-06-16T18:48:45.748" durationms="2.016" />

<exclusive-start id="2205" timestamp="2019-06-16T18:48:45.755" intervalms="9.933">
  <response-info timems="1.859" idlems="1.231" threads="2" lastid="0000000000A85000" lastname="PmdThread 4" />
</exclusive-start>
<af-start id="2206" threadId="0000000000A7A588" totalBytesRequested="64" timestamp="2019-06-16T18:48:45.756" intervalms="9.930" type="nursery" />
<cycle-start id="2207" type="scavenge" contextid="0" timestamp="2019-06-16T18:48:45.756" intervalms="9.923" />
<gc-start id="2208" type="scavenge" contextid="2207" timestamp="2019-06-16T18:48:45.756">
  <mem-info id="2209" free="2079648352" total="2092630016" percent="99">
    <mem type="nursery" free="0" total="3932160" percent="0">
      <mem type="allocate" free="0" total="2949120" percent="0" />
      <mem type="survivor" free="0" total="983040" percent="0" />
    </mem>
    <mem type="tenure" free="2079648352" total="2088697856" percent="99">
      <mem type="soa" free="1975213664" total="1984263168" percent="99" />
      <mem type="loa" free="104434688" total="104434688" percent="100" />
    </mem>
    <remembered-set count="444" />
  </mem-info>
</gc-start>
<allocation-stats totalBytes="2431336" >
  <allocated-bytes non-tlh="49176" tlh="2382160" />
  <largest-consumer threadName="PmdThread 4" threadId="0000000000A85000" bytes="1056416" />
</allocation-stats>
<gc-op id="2210" type="scavenge" timems="0.969" contextid="2207" timestamp="2019-06-16T18:48:45.757">
  <scavenger-info tenureage="1" tenuremask="7ffe" tiltratio="75" />
  <memory-copied type="nursery" objects="14701" bytes="731584" bytesdiscarded="84544" />
  <memory-copied type="tenure" objects="7924" bytes="369432" bytesdiscarded="176" />
  <references type="phantom" candidates="1" cleared="0" enqueued="0" />
</gc-op>
<gc-end id="2211" type="scavenge" contextid="2207" durationms="1.168" usertimems="4.000" systemtimems="0.000" timestamp="2019-06-16T18:48:45.757" activeThreads="4">
  <mem-info id="2212" free="2081116216" total="2092630016" percent="99">
    <mem type="nursery" free="1936376" total="3932160" percent="49">
      <mem type="allocate" free="1936376" total="2752512" percent="70" />
      <mem type="survivor" free="0" total="1179648" percent="0" />
    </mem>
    <mem type="tenure" free="2079179840" total="2088697856" percent="99">
      <mem type="soa" free="1974745152" total="1984263168" percent="99" />
      <mem type="loa" free="104434688" total="104434688" percent="100" />
    </mem>
    <remembered-set count="127" />
  </mem-info>
</gc-end>
<cycle-end id="2213" type="scavenge" contextid="2207" timestamp="2019-06-16T18:48:45.757" />
  <attribute name="elasticGC enabled" value="1" />
  <attribute name= "numThreadsSpecified" value="4" />
  <attribute name="heapSize specified" value="9830400" />
  <attribute name="Current GC Util" value="22" />
  <attribute name= "Current Time Running" value="3627" />
  <attribute name ="GC Interval" value="200" />
  <attribute name="ProportionalT" value="2.000000" />
  <attribute name="ProportionalI" value="2.000000" />
  <attribute name="ProportionalH" value="2.000000" />
  <attribute name="Current Error" value="2.000000" />
  <attribute name="IntegralT" value="20.000000" />
  <attribute name="IntegralI" value="20.000000" />
  <attribute name="IntegralH" value="20.000000" />
  <attribute name="DerivativeT" value="0.100000" />
  <attribute name="DerivativeI" value="0.100000" />
  <attribute name="DerivativeH" value="0.100000" />
  <attribute name="Loop Time for DT" value="10.000000" />
  <attribute name="Output H" value="8388608"/>
  <attribute name="Output I" value="200"/>
  <attribute name="Output T" value="4"/>
  <attribute name="Target GC Util Change" value ="20.000000" />
  <attribute name="Current GC Util Change" value="22.000000"/>
  <attribute name="GC Util currently" value="22" />
  <attribute name="CPU Util currently" value="464820369300" />
<allocation-satisfied id="2214" threadId="0000000000A79C00" bytesRequested="64" />
<af-end id="2215" timestamp="2019-06-16T18:48:45.757" threadId="0000000000A7A588" success="true" from="nursery"/>
<exclusive-end id="2216" timestamp="2019-06-16T18:48:45.757" durationms="1.672" />

<exclusive-start id="2217" timestamp="2019-06-16T18:48:45.763" intervalms="7.068">
  <response-info timems="0.228" idlems="0.122" threads="1" lastid="0000000000A85000" lastname="PmdThread 4" />
</exclusive-start>
<af-start id="2218" threadId="0000000000A7A588" totalBytesRequested="40" timestamp="2019-06-16T18:48:45.763" intervalms="7.059" type="nursery" />
<cycle-start id="2219" type="scavenge" contextid="0" timestamp="2019-06-16T18:48:45.763" intervalms="7.068" />
<gc-start id="2220" type="scavenge" contextid="2219" timestamp="2019-06-16T18:48:45.763">
  <mem-info id="2221" free="2079179840" total="2092630016" percent="99">
    <mem type="nursery" free="0" total="3932160" percent="0">
      <mem type="allocate" free="0" total="2752512" percent="0" />
      <mem type="survivor" free="0" total="1179648" percent="0" />
    </mem>
    <mem type="tenure" free="2079179840" total="2088697856" percent="99">
      <mem type="soa" free="1974745152" total="1984263168" percent="99" />
      <mem type="loa" free="104434688" total="104434688" percent="100" />
    </mem>
    <remembered-set count="129" />
  </mem-info>
</gc-start>
<allocation-stats totalBytes="1935968" >
  <allocated-bytes non-tlh="64" tlh="1935904" />
  <largest-consumer threadName="PmdThread 1" threadId="0000000000A79C00" bytes="1043216" />
</allocation-stats>
<gc-op id="2222" type="scavenge" timems="4.259" contextid="2219" timestamp="2019-06-16T18:48:45.767">
  <scavenger-info tenureage="1" tenuremask="7ffe" tiltratio="70" />
  <memory-copied type="nursery" objects="13317" bytes="521000" bytesdiscarded="105688" />
  <memory-copied type="tenure" objects="14382" bytes="721512" bytesdiscarded="816" />
  <references type="weak" candidates="1" cleared="0" enqueued="0" />
  <references type="phantom" candidates="1" cleared="0" enqueued="0" />
</gc-op>
<gc-end id="2223" type="scavenge" contextid="2219" durationms="4.496" usertimems="8.000" systemtimems="0.000" timestamp="2019-06-16T18:48:45.767" activeThreads="4">
  <mem-info id="2224" free="2080734992" total="2092630016" percent="99">
    <mem type="nursery" free="2191360" total="3932160" percent="55">
      <mem type="allocate" free="2191360" total="2818048" percent="77" />
      <mem type="survivor" free="0" total="1114112" percent="0" />
    </mem>
    <mem type="tenure" free="2078543632" total="2088697856" percent="99">
      <mem type="soa" free="1974108944" total="1984263168" percent="99" />
      <mem type="loa" free="104434688" total="104434688" percent="100" />
    </mem>
    <remembered-set count="199" />
  </mem-info>
</gc-end>
<cycle-end id="2225" type="scavenge" contextid="2219" timestamp="2019-06-16T18:48:45.767" />
  <attribute name="elasticGC enabled" value="1" />
  <attribute name= "numThreadsSpecified" value="4" />
  <attribute name="heapSize specified" value="9830400" />
  <attribute name="Current GC Util" value="40" />
  <attribute name= "Current Time Running" value="3634" />
  <attribute name ="GC Interval" value="200" />
  <attribute name="ProportionalT" value="20.000000" />
  <attribute name="ProportionalI" value="20.000000" />
  <attribute name="ProportionalH" value="20.000000" />
  <attribute name="Current Error" value="20.000000" />
  <attribute name="IntegralT" value="140.000000" />
  <attribute name="IntegralI" value="140.000000" />
  <attribute name="IntegralH" value="140.000000" />
  <attribute name="DerivativeT" value="1.285714" />
  <attribute name="DerivativeI" value="1.285714" />
  <attribute name="DerivativeH" value="1.285714" />
  <attribute name="Loop Time for DT" value="7.000000" />
  <attribute name="Output H" value="8388608"/>
  <attribute name="Output I" value="200"/>
  <attribute name="Output T" value="4"/>
  <attribute name="Target GC Util Change" value ="20.000000" />
  <attribute name="Current GC Util Change" value="40.000000"/>
  <attribute name="GC Util currently" value="40" />
  <attribute name="CPU Util currently" value="653013249660" />
<allocation-satisfied id="2226" threadId="0000000000A79C00" bytesRequested="40" />
<af-end id="2227" timestamp="2019-06-16T18:48:45.768" threadId="0000000000A7A588" success="true" from="nursery"/>
<exclusive-end id="2228" timestamp="2019-06-16T18:48:45.768" durationms="5.167" />

<exclusive-start id="2229" timestamp="2019-06-16T18:48:45.776" intervalms="13.069">
  <response-info timems="0.475" idlems="0.308" threads="2" lastid="0000000000A81400" lastname="PmdThread 3" />
</exclusive-start>
<af-start id="2230" threadId="0000000000A7A588" totalBytesRequested="16" timestamp="2019-06-16T18:48:45.776" intervalms="13.182" type="nursery" />
<cycle-start id="2231" type="scavenge" contextid="0" timestamp="2019-06-16T18:48:45.776" intervalms="13.186" />
<gc-start id="2232" type="scavenge" contextid="2231" timestamp="2019-06-16T18:48:45.776">
  <mem-info id="2233" free="2078543632" total="2092630016" percent="99">
    <mem type="nursery" free="0" total="3932160" percent="0">
      <mem type="allocate" free="0" total="2818048" percent="0" />
      <mem type="survivor" free="0" total="1114112" percent="0" />
    </mem>
    <mem type="tenure" free="2078543632" total="2088697856" percent="99">
      <mem type="soa" free="1974108944" total="1984263168" percent="99" />
      <mem type="loa" free="104434688" total="104434688" percent="100" />
    </mem>
    <remembered-set count="455" />
  </mem-info>
</gc-start>
<allocation-stats totalBytes="2190128" >
  <allocated-bytes non-tlh="40" tlh="2190088" />
  <largest-consumer threadName="PmdThread 4" threadId="0000000000A85000" bytes="1060576" />
</allocation-stats>
<gc-op id="2234" type="scavenge" timems="2.218" contextid="2231" timestamp="2019-06-16T18:48:45.778">
  <scavenger-info tenureage="1" tenuremask="7ffe" tiltratio="71" />
  <memory-copied type="nursery" objects="11049" bytes="417240" bytesdiscarded="131064" />
  <memory-copied type="tenure" objects="13120" bytes="505808" bytesdiscarded="344" />
  <references type="weak" candidates="15" cleared="15" enqueued="15" />
  <references type="phantom" candidates="1" cleared="1" enqueued="1" />
</gc-op>
<gc-end id="2235" type="scavenge" contextid="2231" durationms="2.425" usertimems="4.000" systemtimems="0.000" timestamp="2019-06-16T18:48:45.778" activeThreads="4">
  <mem-info id="2236" free="2080435216" total="2092630016" percent="99">
    <mem type="nursery" free="2400768" total="3932160" percent="61">
      <mem type="allocate" free="2400768" total="2949120" percent="81" />
      <mem type="survivor" free="0" total="983040" percent="0" />
    </mem>
    <mem type="tenure" free="2078034448" total="2088697856" percent="99">
      <mem type="soa" free="1973599760" total="1984263168" percent="99" />
      <mem type="loa" free="104434688" total="104434688" percent="100" />
    </mem>
    <pending-finalizers system="0" default="0" reference="16" classloader="0" />
    <remembered-set count="335" />
  </mem-info>
</gc-end>
<cycle-end id="2237" type="scavenge" contextid="2231" timestamp="2019-06-16T18:48:45.778" />
  <attribute name="elasticGC enabled" value="1" />
  <attribute name= "numThreadsSpecified" value="4" />
  <attribute name="heapSize specified" value="9830400" />
  <attribute name="Current GC Util" value="23" />
  <attribute name= "Current Time Running" value="3647" />
  <attribute name ="GC Interval" value="200" />
  <attribute name="ProportionalT" value="3.000000" />
  <attribute name="ProportionalI" value="3.000000" />
  <attribute name="ProportionalH" value="3.000000" />
  <attribute name="Current Error" value="3.000000" />
  <attribute name="IntegralT" value="39.000000" />
  <attribute name="IntegralI" value="39.000000" />
  <attribute name="IntegralH" value="39.000000" />
  <attribute name="DerivativeT" value="-0.653846" />
  <attribute name="DerivativeI" value="-0.653846" />
  <attribute name="DerivativeH" value="-0.653846" />
  <attribute name="Loop Time for DT" value="13.000000" />
  <attribute name="Output H" value="8388608"/>
  <attribute name="Output I" value="200"/>
  <attribute name="Output T" value="4"/>
  <attribute name="Target GC Util Change" value ="20.000000" />
  <attribute name="Current GC Util Change" value="23.000000"/>
  <attribute name="GC Util currently" value="23" />
  <attribute name="CPU Util currently" value="349617427195" />
<allocation-satisfied id="2238" threadId="0000000000A79C00" bytesRequested="16" />
<af-end id="2239" timestamp="2019-06-16T18:48:45.779" threadId="0000000000A7A588" success="true" from="nursery"/>
<exclusive-end id="2240" timestamp="2019-06-16T18:48:45.779" durationms="3.024" />

<exclusive-start id="2241" timestamp="2019-06-16T18:48:45.785" intervalms="9.349">
  <response-info timems="0.048" idlems="0.048" threads="0" lastid="0000000000A79C00" lastname="PmdThread 1" />
</exclusive-start>
<af-start id="2242" threadId="0000000000A7A588" totalBytesRequested="40" timestamp="2019-06-16T18:48:45.785" intervalms="9.223" type="nursery" />
<cycle-start id="2243" type="scavenge" contextid="0" timestamp="2019-06-16T18:48:45.785" intervalms="9.194" />
<gc-start id="2244" type="scavenge" contextid="2243" timestamp="2019-06-16T18:48:45.785">
  <mem-info id="2245" free="2078034448" total="2092630016" percent="99">
    <mem type="nursery" free="0" total="3932160" percent="0">
      <mem type="allocate" free="0" total="2949120" percent="0" />
      <mem type="survivor" free="0" total="983040" percent="0" />
    </mem>
    <mem type="tenure" free="2078034448" total="2088697856" percent="99">
      <mem type="soa" free="1973599760" total="1984263168" percent="99" />
      <mem type="loa" free="104434688" total="104434688" percent="100" />
    </mem>
    <remembered-set count="538" />
  </mem-info>
</gc-start>
<allocation-stats totalBytes="2399504" >
  <allocated-bytes non-tlh="16" tlh="2399488" />
  <largest-consumer threadName="PmdThread 3" threadId="0000000000A81400" bytes="1199752" />
</allocation-stats>
<gc-op id="2246" type="scavenge" timems="2.004" contextid="2243" timestamp="2019-06-16T18:48:45.787">
  <scavenger-info tenureage="1" tenuremask="7ffe" tiltratio="75" />
  <memory-copied type="nursery" objects="8284" bytes="374216" bytesdiscarded="128592" />
  <memory-copied type="tenure" objects="10083" bytes="384152" bytesdiscarded="168" />
  <references type="weak" candidates="12" cleared="12" enqueued="12" />
</gc-op>
<gc-end id="2247" type="scavenge" contextid="2243" durationms="2.241" usertimems="0.000" systemtimems="4.000" timestamp="2019-06-16T18:48:45.787" activeThreads="4">
  <mem-info id="2248" free="2080193784" total="2092630016" percent="99">
    <mem type="nursery" free="2511848" total="3932160" percent="63">
      <mem type="allocate" free="2511848" total="3014656" percent="83" />
      <mem type="survivor" free="0" total="917504" percent="0" />
    </mem>
    <mem type="tenure" free="2077681936" total="2088697856" percent="99">
      <mem type="soa" free="1973247248" total="1984263168" percent="99" />
      <mem type="loa" free="104434688" total="104434688" percent="100" />
    </mem>
    <pending-finalizers system="0" default="0" reference="12" classloader="0" />
    <remembered-set count="204" />
  </mem-info>
</gc-end>
<cycle-end id="2249" type="scavenge" contextid="2243" timestamp="2019-06-16T18:48:45.787" />
  <attribute name="elasticGC enabled" value="1" />
  <attribute name= "numThreadsSpecified" value="4" />
  <attribute name="heapSize specified" value="9830400" />
  <attribute name="Current GC Util" value="27" />
  <attribute name= "Current Time Running" value="3657" />
  <attribute name ="GC Interval" value="200" />
  <attribute name="ProportionalT" value="7.000000" />
  <attribute name="ProportionalI" value="7.000000" />
  <attribute name="ProportionalH" value="7.000000" />
  <attribute name="Current Error" value="7.000000" />
  <attribute name="IntegralT" value="70.000000" />
  <attribute name="IntegralI" value="70.000000" />
  <attribute name="IntegralH" value="70.000000" />
  <attribute name="DerivativeT" value="0.200000" />
  <attribute name="DerivativeI" value="0.200000" />
  <attribute name="DerivativeH" value="0.200000" />
  <attribute name="Loop Time for DT" value="10.000000" />
  <attribute name="Output H" value="8388608"/>
  <attribute name="Output I" value="200"/>
  <attribute name="Output T" value="4"/>
  <attribute name="Target GC Util Change" value ="20.000000" />
  <attribute name="Current GC Util Change" value="27.000000"/>
  <attribute name="GC Util currently" value="27" />
  <attribute name="CPU Util currently" value="501519724581" />
<allocation-satisfied id="2250" threadId="0000000000A79C00" bytesRequested="40" />
<af-end id="2251" timestamp="2019-06-16T18:48:45.788" threadId="0000000000A7A588" success="true" from="nursery"/>
<exclusive-end id="2252" timestamp="2019-06-16T18:48:45.788" durationms="2.981" />

<exclusive-start id="2253" timestamp="2019-06-16T18:48:45.797" intervalms="12.015">
  <response-info timems="0.121" idlems="0.121" threads="0" lastid="0000000000A79C00" lastname="PmdThread 1" />
</exclusive-start>
<af-start id="2254" threadId="0000000000A7A588" totalBytesRequested="64" timestamp="2019-06-16T18:48:45.797" intervalms="12.059" type="nursery" />
<cycle-start id="2255" type="scavenge" contextid="0" timestamp="2019-06-16T18:48:45.797" intervalms="12.097" />
<gc-start id="2256" type="scavenge" contextid="2255" timestamp="2019-06-16T18:48:45.797">
  <mem-info id="2257" free="2077681936" total="2092630016" percent="99">
    <mem type="nursery" free="0" total="3932160" percent="0">
      <mem type="allocate" free="0" total="3014656" percent="0" />
      <mem type="survivor" free="0" total="917504" percent="0" />
    </mem>
    <mem type="tenure" free="2077681936" total="2088697856" percent="99">
      <mem type="soa" free="1973247248" total="1984263168" percent="99" />
      <mem type="loa" free="104434688" total="104434688" percent="100" />
    </mem>
    <remembered-set count="237" />
  </mem-info>
</gc-start>
<allocation-stats totalBytes="2511160" >
  <allocated-bytes non-tlh="40" tlh="2511120" />
  <largest-consumer threadName="PmdThread 4" threadId="0000000000A85000" bytes="1183488" />
</allocation-stats>
<gc-op id="2258" type="scavenge" timems="2.064" contextid="2255" timestamp="2019-06-16T18:48:45.799">
  <scavenger-info tenureage="1" tenuremask="7ffe" tiltratio="76" />
  <memory-copied type="nursery" objects="13748" bytes="520560" bytesdiscarded="97656" />
  <memory-copied type="tenure" objects="7815" bytes="360672" bytesdiscarded="856" />
  <references type="weak" candidates="3" cleared="3" enqueued="3" />
  <references type="phantom" candidates="1" cleared="1" enqueued="1" />
</gc-op>
<gc-end id="2259" type="scavenge" contextid="2255" durationms="2.243" usertimems="4.000" systemtimems="0.000" timestamp="2019-06-16T18:48:45.799" activeThreads="4">
  <mem-info id="2260" free="2079695904" total="2092630016" percent="99">
    <mem type="nursery" free="2461952" total="3932160" percent="62">
      <mem type="allocate" free="2461952" total="3080192" percent="79" />
      <mem type="survivor" free="0" total="851968" percent="0" />
    </mem>
    <mem type="tenure" free="2077233952" total="2088697856" percent="99">
      <mem type="soa" free="1972799264" total="1984263168" percent="99" />
      <mem type="loa" free="104434688" total="104434688" percent="100" />
    </mem>
    <pending-finalizers system="0" default="0" reference="4" classloader="0" />
    <remembered-set count="294" />
  </mem-info>
</gc-end>
<cycle-end id="2261" type="scavenge" contextid="2255" timestamp="2019-06-16T18:48:45.800" />
  <attribute name="elasticGC enabled" value="1" />
  <attribute name= "numThreadsSpecified" value="4" />
  <attribute name="heapSize specified" value="9830400" />
  <attribute name="Current GC Util" value="25" />
  <attribute name= "Current Time Running" value="3669" />
  <attribute name ="GC Interval" value="200" />
  <attribute name="ProportionalT" value="5.000000" />
  <attribute name="ProportionalI" value="5.000000" />
  <attribute name="ProportionalH" value="5.000000" />
  <attribute name="Current Error" value="5.000000" />
  <attribute name="IntegralT" value="60.000000" />
  <attribute name="IntegralI" value="60.000000" />
  <attribute name="IntegralH" value="60.000000" />
  <attribute name="DerivativeT" value="-0.083333" />
  <attribute name="DerivativeI" value="-0.083333" />
  <attribute name="DerivativeH" value="-0.083333" />
  <attribute name="Loop Time for DT" value="12.000000" />
  <attribute name="Output H" value="8388608"/>
  <attribute name="Output I" value="200"/>
  <attribute name="Output T" value="4"/>
  <attribute name="Target GC Util Change" value ="20.000000" />
  <attribute name="Current GC Util Change" value="25.000000"/>
  <attribute name="GC Util currently" value="25" />
  <attribute name="CPU Util currently" value="381460329088" />
<allocation-satisfied id="2262" threadId="0000000000A79C00" bytesRequested="64" />
<af-end id="2263" timestamp="2019-06-16T18:48:45.800" threadId="0000000000A7A588" success="true" from="nursery"/>
<exclusive-end id="2264" timestamp="2019-06-16T18:48:45.800" durationms="2.729" />

<exclusive-start id="2265" timestamp="2019-06-16T18:48:45.811" intervalms="14.279">
  <response-info timems="0.602" idlems="0.366" threads="1" lastid="0000000000A79C00" lastname="PmdThread 1" />
</exclusive-start>
<af-start id="2266" threadId="0000000000A7E188" totalBytesRequested="32" timestamp="2019-06-16T18:48:45.811" intervalms="14.251" type="nursery" />
<cycle-start id="2267" type="scavenge" contextid="0" timestamp="2019-06-16T18:48:45.811" intervalms="14.217" />
<gc-start id="2268" type="scavenge" contextid="2267" timestamp="2019-06-16T18:48:45.811">
  <mem-info id="2269" free="2077233952" total="2092630016" percent="99">
    <mem type="nursery" free="0" total="3932160" percent="0">
      <mem type="allocate" free="0" total="3080192" percent="0" />
      <mem type="survivor" free="0" total="851968" percent="0" />
    </mem>
    <mem type="tenure" free="2077233952" total="2088697856" percent="99">
      <mem type="soa" free="1972799264" total="1984263168" percent="99" />
      <mem type="loa" free="104434688" total="104434688" percent="100" />
    </mem>
    <remembered-set count="315" />
  </mem-info>
</gc-start>
<allocation-stats totalBytes="2461328" >
  <allocated-bytes non-tlh="64" tlh="2461264" />
  <largest-consumer threadName="PmdThread 1" threadId="0000000000A79C00" bytes="1597200" />
</allocation-stats>
<gc-op id="2270" type="scavenge" timems="1.700" contextid="2267" timestamp="2019-06-16T18:48:45.813">
  <scavenger-info tenureage="1" tenuremask="7ffe" tiltratio="78" />
  <memory-copied type="nursery" objects="18277" bytes="740392" bytesdiscarded="83928" />
  <memory-copied type="tenure" objects="13519" bytes="505656" bytesdiscarded="312" />
  <references type="weak" candidates="25" cleared="25" enqueued="25" />
  <references type="phantom" candidates="1" cleared="1" enqueued="1" />
</gc-op>
<gc-end id="2271" type="scavenge" contextid="2267" durationms="1.986" usertimems="4.000" systemtimems="0.000" timestamp="2019-06-16T18:48:45.813" activeThreads="4">
  <mem-info id="2272" free="2078792456" total="2092630016" percent="99">
    <mem type="nursery" free="2059240" total="3932160" percent="52">
      <mem type="allocate" free="2059240" total="2883584" percent="71" />
      <mem type="survivor" free="0" total="1048576" percent="0" />
    </mem>
    <mem type="tenure" free="2076733216" total="2088697856" percent="99">
      <mem type="soa" free="1972298528" total="1984263168" percent="99" />
      <mem type="loa" free="104434688" total="104434688" percent="100" />
    </mem>
    <pending-finalizers system="0" default="0" reference="26" classloader="0" />
    <remembered-set count="204" />
  </mem-info>
</gc-end>
<cycle-end id="2273" type="scavenge" contextid="2267" timestamp="2019-06-16T18:48:45.813" />
  <attribute name="elasticGC enabled" value="1" />
  <attribute name= "numThreadsSpecified" value="4" />
  <attribute name="heapSize specified" value="9830400" />
  <attribute name="Current GC Util" value="31" />
  <attribute name= "Current Time Running" value="3683" />
  <attribute name ="GC Interval" value="200" />
  <attribute name="ProportionalT" value="11.000000" />
  <attribute name="ProportionalI" value="11.000000" />
  <attribute name="ProportionalH" value="11.000000" />
  <attribute name="Current Error" value="11.000000" />
  <attribute name="IntegralT" value="154.000000" />
  <attribute name="IntegralI" value="154.000000" />
  <attribute name="IntegralH" value="154.000000" />
  <attribute name="DerivativeT" value="0.214286" />
  <attribute name="DerivativeI" value="0.214286" />
  <attribute name="DerivativeH" value="0.214286" />
  <attribute name="Loop Time for DT" value="14.000000" />
  <attribute name="Output H" value="8388608"/>
  <attribute name="Output I" value="200"/>
  <attribute name="Output T" value="4"/>
  <attribute name="Target GC Util Change" value ="20.000000" />
  <attribute name="Current GC Util Change" value="31.000000"/>
  <attribute name="GC Util currently" value="31" />
  <attribute name="CPU Util currently" value="322432684670" />
<allocation-satisfied id="2274" threadId="0000000000A7D800" bytesRequested="32" />
<af-end id="2275" timestamp="2019-06-16T18:48:45.814" threadId="0000000000A7E188" success="true" from="nursery"/>
<exclusive-end id="2276" timestamp="2019-06-16T18:48:45.814" durationms="2.400" />

<exclusive-start id="2277" timestamp="2019-06-16T18:48:45.823" intervalms="11.537">
  <response-info timems="0.073" idlems="0.073" threads="0" lastid="0000000000A81400" lastname="PmdThread 3" />
</exclusive-start>
<af-start id="2278" threadId="0000000000A81D88" totalBytesRequested="40" timestamp="2019-06-16T18:48:45.823" intervalms="11.531" type="nursery" />
<cycle-start id="2279" type="scavenge" contextid="0" timestamp="2019-06-16T18:48:45.823" intervalms="11.552" />
<gc-start id="2280" type="scavenge" contextid="2279" timestamp="2019-06-16T18:48:45.823">
  <mem-info id="2281" free="2076733216" total="2092630016" percent="99">
    <mem type="nursery" free="0" total="3932160" percent="0">
      <mem type="allocate" free="0" total="2883584" percent="0" />
      <mem type="survivor" free="0" total="1048576" percent="0" />
    </mem>
    <mem type="tenure" free="2076733216" total="2088697856" percent="99">
      <mem type="soa" free="1972298528" total="1984263168" percent="99" />
      <mem type="loa" free="104434688" total="104434688" percent="100" />
    </mem>
    <remembered-set count="231" />
  </mem-info>
</gc-start>
<allocation-stats totalBytes="2058672" >
  <allocated-bytes non-tlh="32816" tlh="2025856" />
  <largest-consumer threadName="PmdThread 4" threadId="0000000000A85000" bytes="1142488" />
</allocation-stats>
<gc-op id="2282" type="scavenge" timems="1.741" contextid="2279" timestamp="2019-06-16T18:48:45.825">
  <scavenger-info tenureage="1" tenuremask="7ffe" tiltratio="73" />
  <memory-copied type="nursery" objects="28662" bytes="949648" bytesdiscarded="98928" />
  <memory-copied type="tenure" objects="23364" bytes="857360" bytesdiscarded="208" />
  <copy-failed type="nursery" objects="5142" bytes="128944" />
  <references type="phantom" candidates="1" cleared="0" enqueued="0" />
</gc-op>
<gc-end id="2283" type="scavenge" contextid="2279" durationms="1.946" usertimems="4.000" systemtimems="0.000" timestamp="2019-06-16T18:48:45.825" activeThreads="4">
  <mem-info id="2284" free="2077255952" total="2092630016" percent="99">
    <mem type="nursery" free="1310720" total="3932160" percent="33">
      <mem type="allocate" free="1310720" total="2359296" percent="55" />
      <mem type="survivor" free="0" total="1572864" percent="0" />
    </mem>
    <mem type="tenure" free="2075945232" total="2088697856" percent="99">
      <mem type="soa" free="1971510544" total="1984263168" percent="99" />
      <mem type="loa" free="104434688" total="104434688" percent="100" />
    </mem>
    <remembered-set count="292" />
  </mem-info>
</gc-end>
<cycle-end id="2285" type="scavenge" contextid="2279" timestamp="2019-06-16T18:48:45.825" />
  <attribute name="elasticGC enabled" value="1" />
  <attribute name= "numThreadsSpecified" value="4" />
  <attribute name="heapSize specified" value="9830400" />
  <attribute name="Current GC Util" value="29" />
  <attribute name= "Current Time Running" value="3695" />
  <attribute name ="GC Interval" value="200" />
  <attribute name="ProportionalT" value="9.000000" />
  <attribute name="ProportionalI" value="9.000000" />
  <attribute name="ProportionalH" value="9.000000" />
  <attribute name="Current Error" value="9.000000" />
  <attribute name="IntegralT" value="108.000000" />
  <attribute name="IntegralI" value="108.000000" />
  <attribute name="IntegralH" value="108.000000" />
  <attribute name="DerivativeT" value="-0.083333" />
  <attribute name="DerivativeI" value="-0.083333" />
  <attribute name="DerivativeH" value="-0.083333" />
  <attribute name="Loop Time for DT" value="12.000000" />
  <attribute name="Output H" value="8388608"/>
  <attribute name="Output I" value="200"/>
  <attribute name="Output T" value="4"/>
  <attribute name="Target GC Util Change" value ="20.000000" />
  <attribute name="Current GC Util Change" value="29.000000"/>
  <attribute name="GC Util currently" value="29" />
  <attribute name="CPU Util currently" value="401923928721" />
<allocation-satisfied id="2286" threadId="0000000000A81400" bytesRequested="40" />
<af-end id="2287" timestamp="2019-06-16T18:48:45.825" threadId="0000000000A81D88" success="true" from="nursery"/>
<exclusive-end id="2288" timestamp="2019-06-16T18:48:45.825" durationms="2.379" />

<exclusive-start id="2289" timestamp="2019-06-16T18:48:45.829" intervalms="6.075">
  <response-info timems="1.150" idlems="0.762" threads="2" lastid="0000000000A85000" lastname="PmdThread 4" />
</exclusive-start>
<af-start id="2290" threadId="0000000000A81D88" totalBytesRequested="56" timestamp="2019-06-16T18:48:45.829" intervalms="6.064" type="nursery" />
<cycle-start id="2291" type="scavenge" contextid="0" timestamp="2019-06-16T18:48:45.829" intervalms="6.063" />
<gc-start id="2292" type="scavenge" contextid="2291" timestamp="2019-06-16T18:48:45.829">
  <mem-info id="2293" free="2075945232" total="2092630016" percent="99">
    <mem type="nursery" free="0" total="3932160" percent="0">
      <mem type="allocate" free="0" total="2359296" percent="0" />
      <mem type="survivor" free="0" total="1572864" percent="0" />
    </mem>
    <mem type="tenure" free="2075945232" total="2088697856" percent="99">
      <mem type="soa" free="1971510544" total="1984263168" percent="99" />
      <mem type="loa" free="104434688" total="104434688" percent="100" />
    </mem>
    <remembered-set count="327" />
  </mem-info>
</gc-start>
<allocation-stats totalBytes="1308888" >
  <allocated-bytes non-tlh="40" tlh="1308848" />
  <largest-consumer threadName="PmdThread 1" threadId="0000000000A79C00" bytes="548680" />
</allocation-stats>
<gc-op id="2294" type="scavenge" timems="2.172" contextid="2291" timestamp="2019-06-16T18:48:45.831">
  <scavenger-info tenureage="1" tenuremask="7ffe" tiltratio="60" />
  <memory-copied type="nursery" objects="13517" bytes="420208" bytesdiscarded="128136" />
  <memory-copied type="tenure" objects="28502" bytes="945104" bytesdiscarded="360" />
  <references type="weak" candidates="91" cleared="90" enqueued="90" />
</gc-op>
<gc-end id="2295" type="scavenge" contextid="2291" durationms="2.404" usertimems="0.000" systemtimems="0.000" timestamp="2019-06-16T18:48:45.831" activeThreads="4">
  <mem-info id="2296" free="2076950000" total="2092630016" percent="99">
    <mem type="nursery" free="1876480" total="3932160" percent="47">
      <mem type="allocate" free="1876480" total="2424832" percent="77" />
      <mem type="survivor" free="0" total="1507328" percent="0" />
    </mem>
    <mem type="tenure" free="2075073520" total="2088697856" percent="99">
      <mem type="soa" free="1970638832" total="1984263168" percent="99" />
      <mem type="loa" free="104434688" total="104434688" percent="100" />
    </mem>
    <pending-finalizers system="0" default="0" reference="90" classloader="0" />
    <remembered-set count="232" />
  </mem-info>
</gc-end>
<cycle-end id="2297" type="scavenge" contextid="2291" timestamp="2019-06-16T18:48:45.832" />
  <attribute name="elasticGC enabled" value="1" />
  <attribute name= "numThreadsSpecified" value="4" />
  <attribute name="heapSize specified" value="9830400" />
  <attribute name="Current GC Util" value="76" />
  <attribute name= "Current Time Running" value="3701" />
  <attribute name ="GC Interval" value="400" />
  <attribute name="ProportionalT" value="56.000000" />
  <attribute name="ProportionalI" value="56.000000" />
  <attribute name="ProportionalH" value="56.000000" />
  <attribute name="Current Error" value="56.000000" />
  <attribute name="IntegralT" value="336.000000" />
  <attribute name="IntegralI" value="336.000000" />
  <attribute name="IntegralH" value="336.000000" />
  <attribute name="DerivativeT" value="3.916667" />
  <attribute name="DerivativeI" value="3.916667" />
  <attribute name="DerivativeH" value="3.916667" />
  <attribute name="Loop Time for DT" value="6.000000" />
  <attribute name="Output H" value="8388608"/>
  <attribute name="Output I" value="400"/>
  <attribute name="Output T" value="4"/>
  <attribute name="Target GC Util Change" value ="20.000000" />
  <attribute name="Current GC Util Change" value="76.000000"/>
  <attribute name="GC Util currently" value="76" />
  <attribute name="CPU Util currently" value="761510709305" />
<allocation-satisfied id="2298" threadId="0000000000A81400" bytesRequested="56" />
<af-end id="2299" timestamp="2019-06-16T18:48:45.832" threadId="0000000000A81D88" success="true" from="nursery"/>
<exclusive-end id="2300" timestamp="2019-06-16T18:48:45.832" durationms="2.966" />

<exclusive-start id="2301" timestamp="2019-06-16T18:48:45.840" intervalms="11.512">
  <response-info timems="0.034" idlems="0.034" threads="0" lastid="0000000000A85000" lastname="PmdThread 4" />
</exclusive-start>
<af-start id="2302" threadId="0000000000A85988" totalBytesRequested="40" timestamp="2019-06-16T18:48:45.840" intervalms="11.527" type="nursery" />
<cycle-start id="2303" type="scavenge" contextid="0" timestamp="2019-06-16T18:48:45.840" intervalms="11.517" />
<gc-start id="2304" type="scavenge" contextid="2303" timestamp="2019-06-16T18:48:45.841">
  <mem-info id="2305" free="2075073520" total="2092630016" percent="99">
    <mem type="nursery" free="0" total="3932160" percent="0">
      <mem type="allocate" free="0" total="2424832" percent="0" />
      <mem type="survivor" free="0" total="1507328" percent="0" />
    </mem>
    <mem type="tenure" free="2075073520" total="2088697856" percent="99">
      <mem type="soa" free="1970638832" total="1984263168" percent="99" />
      <mem type="loa" free="104434688" total="104434688" percent="100" />
    </mem>
    <remembered-set count="865" />
  </mem-info>
</gc-start>
<allocation-stats totalBytes="1875600" >
  <allocated-bytes non-tlh="56" tlh="1875544" />
  <largest-consumer threadName="PmdThread 1" threadId="0000000000A79C00" bytes="945808" />
</allocation-stats>
<gc-op id="2306" type="scavenge" timems="2.983" contextid="2303" timestamp="2019-06-16T18:48:45.844">
  <scavenger-info tenureage="1" tenuremask="7ffe" tiltratio="61" />
  <memory-copied type="nursery" objects="30152" bytes="908272" bytesdiscarded="110080" />
  <memory-copied type="tenure" objects="13106" bytes="408088" bytesdiscarded="120" />
  <references type="weak" candidates="49" cleared="49" enqueued="49" />
</gc-op>
<gc-end id="2307" type="scavenge" contextid="2303" durationms="3.152" usertimems="0.000" systemtimems="4.000" timestamp="2019-06-16T18:48:45.844" activeThreads="4">
  <mem-info id="2308" free="2076088304" total="2092630016" percent="99">
    <mem type="nursery" free="1406464" total="3932160" percent="35">
      <mem type="allocate" free="1406464" total="2424832" percent="58" />
      <mem type="survivor" free="0" total="1507328" percent="0" />
    </mem>
    <mem type="tenure" free="2074681840" total="2088697856" percent="99">
      <mem type="soa" free="1970247152" total="1984263168" percent="99" />
      <mem type="loa" free="104434688" total="104434688" percent="100" />
    </mem>
    <pending-finalizers system="0" default="0" reference="49" classloader="0" />
    <remembered-set count="920" />
  </mem-info>
</gc-end>
<cycle-end id="2309" type="scavenge" contextid="2303" timestamp="2019-06-16T18:48:45.844" />
  <attribute name="elasticGC enabled" value="1" />
  <attribute name= "numThreadsSpecified" value="4" />
  <attribute name="heapSize specified" value="9830400" />
  <attribute name="Current GC Util" value="29" />
  <attribute name= "Current Time Running" value="3712" />
  <attribute name ="GC Interval" value="200" />
  <attribute name="ProportionalT" value="9.000000" />
  <attribute name="ProportionalI" value="9.000000" />
  <attribute name="ProportionalH" value="9.000000" />
  <attribute name="Current Error" value="9.000000" />
  <attribute name="IntegralT" value="99.000000" />
  <attribute name="IntegralI" value="99.000000" />
  <attribute name="IntegralH" value="99.000000" />
  <attribute name="DerivativeT" value="-2.136364" />
  <attribute name="DerivativeI" value="-2.136364" />
  <attribute name="DerivativeH" value="-2.136364" />
  <attribute name="Loop Time for DT" value="11.000000" />
  <attribute name="Output H" value="8388608"/>
  <attribute name="Output I" value="200"/>
  <attribute name="Output T" value="4"/>
  <attribute name="Target GC Util Change" value ="20.000000" />
  <attribute name="Current GC Util Change" value="29.000000"/>
  <attribute name="GC Util currently" value="29" />
  <attribute name="CPU Util currently" value="400946654110" />
<allocation-satisfied id="2310" threadId="0000000000A85000" bytesRequested="40" />
<af-end id="2311" timestamp="2019-06-16T18:48:45.844" threadId="0000000000A85988" success="true" from="nursery"/>
<exclusive-end id="2312" timestamp="2019-06-16T18:48:45.844" durationms="3.724" />

<exclusive-start id="2313" timestamp="2019-06-16T18:48:45.848" intervalms="7.268">
  <response-info timems="0.039" idlems="0.039" threads="0" lastid="0000000000A79C00" lastname="PmdThread 1" />
</exclusive-start>
<af-start id="2314" threadId="0000000000A7A588" totalBytesRequested="56" timestamp="2019-06-16T18:48:45.848" intervalms="7.234" type="nursery" />
<cycle-start id="2315" type="scavenge" contextid="0" timestamp="2019-06-16T18:48:45.848" intervalms="7.233" />
<gc-start id="2316" type="scavenge" contextid="2315" timestamp="2019-06-16T18:48:45.848">
  <mem-info id="2317" free="2074681840" total="2092630016" percent="99">
    <mem type="nursery" free="0" total="3932160" percent="0">
      <mem type="allocate" free="0" total="2424832" percent="0" />
      <mem type="survivor" free="0" total="1507328" percent="0" />
    </mem>
    <mem type="tenure" free="2074681840" total="2088697856" percent="99">
      <mem type="soa" free="1970247152" total="1984263168" percent="99" />
      <mem type="loa" free="104434688" total="104434688" percent="100" />
    </mem>
    <remembered-set count="952" />
  </mem-info>
</gc-start>
<allocation-stats totalBytes="1406104" >
  <allocated-bytes non-tlh="40" tlh="1406064" />
  <largest-consumer threadName="PmdThread 1" threadId="0000000000A79C00" bytes="824608" />
</allocation-stats>
<gc-op id="2318" type="scavenge" timems="4.347" contextid="2315" timestamp="2019-06-16T18:48:45.852">
  <scavenger-info tenureage="1" tenuremask="7ffe" tiltratio="61" />
  <memory-copied type="nursery" objects="27497" bytes="830872" bytesdiscarded="148328" />
  <memory-copied type="tenure" objects="30049" bytes="904912" bytesdiscarded="232" />
  <references type="weak" candidates="4" cleared="4" enqueued="4" />
</gc-op>
<gc-end id="2319" type="scavenge" contextid="2315" durationms="4.559" usertimems="4.000" systemtimems="0.000" timestamp="2019-06-16T18:48:45.852" activeThreads="4">
  <mem-info id="2320" free="2075357680" total="2092630016" percent="99">
    <mem type="nursery" free="1576704" total="3932160" percent="40">
      <mem type="allocate" free="1576704" total="2555904" percent="61" />
      <mem type="survivor" free="0" total="1376256" percent="0" />
    </mem>
    <mem type="tenure" free="2073780976" total="2088697856" percent="99">
      <mem type="soa" free="1969346288" total="1984263168" percent="99" />
      <mem type="loa" free="104434688" total="104434688" percent="100" />
    </mem>
    <pending-finalizers system="0" default="0" reference="4" classloader="0" />
    <remembered-set count="207" />
  </mem-info>
</gc-end>
<cycle-end id="2321" type="scavenge" contextid="2315" timestamp="2019-06-16T18:48:45.852" />
  <attribute name="elasticGC enabled" value="1" />
  <attribute name= "numThreadsSpecified" value="4" />
  <attribute name="heapSize specified" value="9830400" />
  <attribute name="Current GC Util" value="47" />
  <attribute name= "Current Time Running" value="3719" />
  <attribute name ="GC Interval" value="224" />
  <attribute name="ProportionalT" value="27.000000" />
  <attribute name="ProportionalI" value="27.000000" />
  <attribute name="ProportionalH" value="27.000000" />
  <attribute name="Current Error" value="27.000000" />
  <attribute name="IntegralT" value="189.000000" />
  <attribute name="IntegralI" value="189.000000" />
  <attribute name="IntegralH" value="189.000000" />
  <attribute name="DerivativeT" value="1.285714" />
  <attribute name="DerivativeI" value="1.285714" />
  <attribute name="DerivativeH" value="1.285714" />
  <attribute name="Loop Time for DT" value="7.000000" />
  <attribute name="Output H" value="8388608"/>
  <attribute name="Output I" value="224"/>
  <attribute name="Output T" value="4"/>
  <attribute name="Target GC Util Change" value ="20.000000" />
  <attribute name="Current GC Util Change" value="47.000000"/>
  <attribute name="GC Util currently" value="47" />
  <attribute name="CPU Util currently" value="640539880462" />
<allocation-satisfied id="2322" threadId="0000000000A79C00" bytesRequested="56" />
<af-end id="2323" timestamp="2019-06-16T18:48:45.853" threadId="0000000000A7A588" success="true" from="nursery"/>
<exclusive-end id="2324" timestamp="2019-06-16T18:48:45.853" durationms="5.241" />

<exclusive-start id="2325" timestamp="2019-06-16T18:48:45.855" intervalms="7.282">
  <response-info timems="0.033" idlems="0.033" threads="0" lastid="0000000000A7D800" lastname="PmdThread 2" />
</exclusive-start>
<af-start id="2326" threadId="0000000000A7E188" totalBytesRequested="16" timestamp="2019-06-16T18:48:45.855" intervalms="7.361" type="nursery" />
<cycle-start id="2327" type="scavenge" contextid="0" timestamp="2019-06-16T18:48:45.855" intervalms="7.437" />
<gc-start id="2328" type="scavenge" contextid="2327" timestamp="2019-06-16T18:48:45.855">
  <mem-info id="2329" free="2073780976" total="2092630016" percent="99">
    <mem type="nursery" free="0" total="3932160" percent="0">
      <mem type="allocate" free="0" total="2555904" percent="0" />
      <mem type="survivor" free="0" total="1376256" percent="0" />
    </mem>
    <mem type="tenure" free="2073780976" total="2088697856" percent="99">
      <mem type="soa" free="1969346288" total="1984263168" percent="99" />
      <mem type="loa" free="104434688" total="104434688" percent="100" />
    </mem>
    <remembered-set count="229" />
  </mem-info>
</gc-start>
<allocation-stats totalBytes="1575456" >
  <allocated-bytes non-tlh="98048" tlh="1477408" />
  <largest-consumer threadName="PmdThread 3" threadId="0000000000A81400" bytes="576560" />
</allocation-stats>
<gc-op id="2330" type="scavenge" timems="2.599" contextid="2327" timestamp="2019-06-16T18:48:45.858">
  <scavenger-info tenureage="1" tenuremask="7ffe" tiltratio="65" />
  <memory-copied type="nursery" objects="10706" bytes="345232" bytesdiscarded="124784" />
  <memory-copied type="tenure" objects="27471" bytes="829288" bytesdiscarded="384" />
  <references type="weak" candidates="59" cleared="59" enqueued="59" />
  <references type="phantom" candidates="1" cleared="1" enqueued="1" />
</gc-op>
<gc-end id="2331" type="scavenge" contextid="2327" durationms="2.830" usertimems="0.000" systemtimems="4.000" timestamp="2019-06-16T18:48:45.858" activeThreads="4">
  <mem-info id="2332" free="2075109872" total="2092630016" percent="99">
    <mem type="nursery" free="2151424" total="3932160" percent="54">
      <mem type="allocate" free="2151424" total="2621440" percent="82" />
      <mem type="survivor" free="0" total="1310720" percent="0" />
    </mem>
    <mem type="tenure" free="2072958448" total="2088697856" percent="99">
      <mem type="soa" free="1968523760" total="1984263168" percent="99" />
      <mem type="loa" free="104434688" total="104434688" percent="100" />
    </mem>
    <pending-finalizers system="0" default="0" reference="60" classloader="0" />
    <remembered-set count="193" />
  </mem-info>
</gc-end>
<cycle-end id="2333" type="scavenge" contextid="2327" timestamp="2019-06-16T18:48:45.858" />
  <attribute name="elasticGC enabled" value="1" />
  <attribute name= "numThreadsSpecified" value="4" />
  <attribute name="heapSize specified" value="9830400" />
  <attribute name="Current GC Util" value="75" />
  <attribute name= "Current Time Running" value="3727" />
  <attribute name ="GC Interval" value="496" />
  <attribute name="ProportionalT" value="55.000000" />
  <attribute name="ProportionalI" value="55.000000" />
  <attribute name="ProportionalH" value="55.000000" />
  <attribute name="Current Error" value="55.000000" />
  <attribute name="IntegralT" value="440.000000" />
  <attribute name="IntegralI" value="440.000000" />
  <attribute name="IntegralH" value="440.000000" />
  <attribute name="DerivativeT" value="1.750000" />
  <attribute name="DerivativeI" value="1.750000" />
  <attribute name="DerivativeH" value="1.750000" />
  <attribute name="Loop Time for DT" value="8.000000" />
  <attribute name="Output H" value="8388608"/>
  <attribute name="Output I" value="496"/>
  <attribute name="Output T" value="4"/>
  <attribute name="Target GC Util Change" value ="20.000000" />
  <attribute name="Current GC Util Change" value="75.000000"/>
  <attribute name="GC Util currently" value="75" />
  <attribute name="CPU Util currently" value="612203974103" />
<allocation-satisfied id="2334" threadId="0000000000A7D800" bytesRequested="16" />
<af-end id="2335" timestamp="2019-06-16T18:48:45.858" threadId="0000000000A7E188" success="true" from="nursery"/>
<exclusive-end id="2336" timestamp="2019-06-16T18:48:45.858" durationms="3.416" />

<exclusive-start id="2337" timestamp="2019-06-16T18:48:45.862" intervalms="6.747">
  <response-info timems="0.040" idlems="0.040" threads="0" lastid="0000000000A79C00" lastname="PmdThread 1" />
</exclusive-start>
<af-start id="2338" threadId="0000000000A7A588" totalBytesRequested="40" timestamp="2019-06-16T18:48:45.862" intervalms="6.718" type="nursery" />
<cycle-start id="2339" type="scavenge" contextid="0" timestamp="2019-06-16T18:48:45.862" intervalms="6.665" />
<gc-start id="2340" type="scavenge" contextid="2339" timestamp="2019-06-16T18:48:45.862">
  <mem-info id="2341" free="2072958448" total="2092630016" percent="99">
    <mem type="nursery" free="0" total="3932160" percent="0">
      <mem type="allocate" free="0" total="2621440" percent="0" />
      <mem type="survivor" free="0" total="1310720" percent="0" />
    </mem>
    <mem type="tenure" free="2072958448" total="2088697856" percent="99">
      <mem type="soa" free="1968523760" total="1984263168" percent="99" />
      <mem type="loa" free="104434688" total="104434688" percent="100" />
    </mem>
    <remembered-set count="338" />
  </mem-info>
</gc-start>
<allocation-stats totalBytes="2150424" >
  <allocated-bytes non-tlh="16" tlh="2150408" />
  <largest-consumer threadName="PmdThread 3" threadId="0000000000A81400" bytes="888064" />
</allocation-stats>
<gc-op id="2342" type="scavenge" timems="2.575" contextid="2339" timestamp="2019-06-16T18:48:45.865">
  <scavenger-info tenureage="1" tenuremask="7ffe" tiltratio="66" />
  <memory-copied type="nursery" objects="17793" bytes="602808" bytesdiscarded="126544" />
  <memory-copied type="tenure" objects="10560" bytes="316440" bytesdiscarded="120" />
  <references type="weak" candidates="111" cleared="111" enqueued="111" />
  <references type="phantom" candidates="1" cleared="1" enqueued="1" />
</gc-op>
<gc-end id="2343" type="scavenge" contextid="2339" durationms="2.754" usertimems="4.000" systemtimems="0.000" timestamp="2019-06-16T18:48:45.865" activeThreads="4">
  <mem-info id="2344" free="2074602712" total="2092630016" percent="99">
    <mem type="nursery" free="1957608" total="3932160" percent="49">
      <mem type="allocate" free="1957608" total="2686976" percent="72" />
      <mem type="survivor" free="0" total="1245184" percent="0" />
    </mem>
    <mem type="tenure" free="2072645104" total="2088697856" percent="99">
      <mem type="soa" free="1968210416" total="1984263168" percent="99" />
      <mem type="loa" free="104434688" total="104434688" percent="100" />
    </mem>
    <pending-finalizers system="0" default="0" reference="112" classloader="0" />
    <remembered-set count="193" />
  </mem-info>
</gc-end>
<cycle-end id="2345" type="scavenge" contextid="2339" timestamp="2019-06-16T18:48:45.865" />
  <attribute name="elasticGC enabled" value="1" />
  <attribute name= "numThreadsSpecified" value="4" />
  <attribute name="heapSize specified" value="9830400" />
  <attribute name="Current GC Util" value="46" />
  <attribute name= "Current Time Running" value="3733" />
  <attribute name ="GC Interval" value="200" />
  <attribute name="ProportionalT" value="26.000000" />
  <attribute name="ProportionalI" value="26.000000" />
  <attribute name="ProportionalH" value="26.000000" />
  <attribute name="Current Error" value="26.000000" />
  <attribute name="IntegralT" value="156.000000" />
  <attribute name="IntegralI" value="156.000000" />
  <attribute name="IntegralH" value="156.000000" />
  <attribute name="DerivativeT" value="-2.416667" />
  <attribute name="DerivativeI" value="-2.416667" />
  <attribute name="DerivativeH" value="-2.416667" />
  <attribute name="Loop Time for DT" value="6.000000" />
  <attribute name="Output H" value="8388608"/>
  <attribute name="Output I" value="200"/>
  <attribute name="Output T" value="4"/>
  <attribute name="Target GC Util Change" value ="20.000000" />
  <attribute name="Current GC Util Change" value="46.000000"/>
  <attribute name="GC Util currently" value="46" />
  <attribute name="CPU Util currently" value="697617668497" />
<allocation-satisfied id="2346" threadId="0000000000A79C00" bytesRequested="40" />
<af-end id="2347" timestamp="2019-06-16T18:48:45.865" threadId="0000000000A7A588" success="true" from="nursery"/>
<exclusive-end id="2348" timestamp="2019-06-16T18:48:45.865" durationms="3.210" />

<exclusive-start id="2349" timestamp="2019-06-16T18:48:45.868" intervalms="5.838">
  <response-info timems="0.039" idlems="0.039" threads="0" lastid="0000000000A85000" lastname="PmdThread 4" />
</exclusive-start>
<af-start id="2350" threadId="0000000000A85988" totalBytesRequested="16" timestamp="2019-06-16T18:48:45.868" intervalms="5.796" type="nursery" />
<cycle-start id="2351" type="scavenge" contextid="0" timestamp="2019-06-16T18:48:45.868" intervalms="5.784" />
<gc-start id="2352" type="scavenge" contextid="2351" timestamp="2019-06-16T18:48:45.868">
  <mem-info id="2353" free="2072645104" total="2092630016" percent="99">
    <mem type="nursery" free="0" total="3932160" percent="0">
      <mem type="allocate" free="0" total="2686976" percent="0" />
      <mem type="survivor" free="0" total="1245184" percent="0" />
    </mem>
    <mem type="tenure" free="2072645104" total="2088697856" percent="99">
      <mem type="soa" free="1968210416" total="1984263168" percent="99" />
      <mem type="loa" free="104434688" total="104434688" percent="100" />
    </mem>
    <remembered-set count="298" />
  </mem-info>
</gc-start>
<allocation-stats totalBytes="1941432" >
  <allocated-bytes non-tlh="40" tlh="1941392" />
  <largest-consumer threadName="PmdThread 1" threadId="0000000000A79C00" bytes="618016" />
</allocation-stats>
<gc-op id="2354" type="scavenge" timems="3.123" contextid="2351" timestamp="2019-06-16T18:48:45.871">
  <scavenger-info tenureage="1" tenuremask="7ffe" tiltratio="68" />
  <memory-copied type="nursery" objects="21207" bytes="707920" bytesdiscarded="69040" />
  <memory-copied type="tenure" objects="17401" bytes="586304" bytesdiscarded="768" />
  <references type="weak" candidates="78" cleared="76" enqueued="76" />
  <references type="phantom" candidates="1" cleared="1" enqueued="1" />
</gc-op>
<gc-end id="2355" type="scavenge" contextid="2351" durationms="3.299" usertimems="4.000" systemtimems="0.000" timestamp="2019-06-16T18:48:45.871" activeThreads="4">
  <mem-info id="2356" free="2074008520" total="2092630016" percent="99">
    <mem type="nursery" free="1975528" total="3932160" percent="50">
      <mem type="allocate" free="1975528" total="2752512" percent="71" />
      <mem type="survivor" free="0" total="1179648" percent="0" />
    </mem>
    <mem type="tenure" free="2072032992" total="2088697856" percent="99">
      <mem type="soa" free="1967598304" total="1984263168" percent="99" />
      <mem type="loa" free="104434688" total="104434688" percent="100" />
    </mem>
    <pending-finalizers system="0" default="0" reference="77" classloader="0" />
    <remembered-set count="178" />
  </mem-info>
</gc-end>
<cycle-end id="2357" type="scavenge" contextid="2351" timestamp="2019-06-16T18:48:45.871" />
  <attribute name="elasticGC enabled" value="1" />
  <attribute name= "numThreadsSpecified" value="4" />
  <attribute name="heapSize specified" value="9830400" />
  <attribute name="Current GC Util" value="67" />
  <attribute name= "Current Time Running" value="3739" />
  <attribute name ="GC Interval" value="336" />
  <attribute name="ProportionalT" value="47.000000" />
  <attribute name="ProportionalI" value="47.000000" />
  <attribute name="ProportionalH" value="47.000000" />
  <attribute name="Current Error" value="47.000000" />
  <attribute name="IntegralT" value="282.000000" />
  <attribute name="IntegralI" value="282.000000" />
  <attribute name="IntegralH" value="282.000000" />
  <attribute name="DerivativeT" value="1.750000" />
  <attribute name="DerivativeI" value="1.750000" />
  <attribute name="DerivativeH" value="1.750000" />
  <attribute name="Loop Time for DT" value="6.000000" />
  <attribute name="Output H" value="8388608"/>
  <attribute name="Output I" value="336"/>
  <attribute name="Output T" value="4"/>
  <attribute name="Target GC Util Change" value ="20.000000" />
  <attribute name="Current GC Util Change" value="67.000000"/>
  <attribute name="GC Util currently" value="67" />
  <attribute name="CPU Util currently" value="794329563024" />
<allocation-satisfied id="2358" threadId="0000000000A85000" bytesRequested="16" />
<af-end id="2359" timestamp="2019-06-16T18:48:45.871" threadId="0000000000A85988" success="true" from="nursery"/>
<exclusive-end id="2360" timestamp="2019-06-16T18:48:45.871" durationms="3.674" />

<exclusive-start id="2361" timestamp="2019-06-16T18:48:45.879" intervalms="11.002">
  <response-info timems="0.033" idlems="0.033" threads="0" lastid="0000000000A81400" lastname="PmdThread 3" />
</exclusive-start>
<af-start id="2362" threadId="0000000000A81D88" totalBytesRequested="24" timestamp="2019-06-16T18:48:45.879" intervalms="11.097" type="nursery" />
<cycle-start id="2363" type="scavenge" contextid="0" timestamp="2019-06-16T18:48:45.879" intervalms="11.148" />
<gc-start id="2364" type="scavenge" contextid="2363" timestamp="2019-06-16T18:48:45.879">
  <mem-info id="2365" free="2072032992" total="2092630016" percent="99">
    <mem type="nursery" free="0" total="3932160" percent="0">
      <mem type="allocate" free="0" total="2752512" percent="0" />
      <mem type="survivor" free="0" total="1179648" percent="0" />
    </mem>
    <mem type="tenure" free="2072032992" total="2088697856" percent="99">
      <mem type="soa" free="1967598304" total="1984263168" percent="99" />
      <mem type="loa" free="104434688" total="104434688" percent="100" />
    </mem>
    <remembered-set count="284" />
  </mem-info>
</gc-start>
<allocation-stats totalBytes="1974272" >
  <allocated-bytes non-tlh="16" tlh="1974256" />
  <largest-consumer threadName="PmdThread 1" threadId="0000000000A79C00" bytes="705520" />
</allocation-stats>
<gc-op id="2366" type="scavenge" timems="3.480" contextid="2363" timestamp="2019-06-16T18:48:45.882">
  <scavenger-info tenureage="1" tenuremask="7ffe" tiltratio="70" />
  <memory-copied type="nursery" objects="21890" bytes="682104" bytesdiscarded="140408" />
  <memory-copied type="tenure" objects="21022" bytes="701008" bytesdiscarded="264" />
  <references type="weak" candidates="52" cleared="52" enqueued="52" />
</gc-op>
<gc-end id="2367" type="scavenge" contextid="2363" durationms="3.855" usertimems="4.000" systemtimems="0.000" timestamp="2019-06-16T18:48:45.883" activeThreads="4">
  <mem-info id="2368" free="2073298896" total="2092630016" percent="99">
    <mem type="nursery" free="1995520" total="3932160" percent="50">
      <mem type="allocate" free="1995520" total="2818048" percent="70" />
      <mem type="survivor" free="0" total="1114112" percent="0" />
    </mem>
    <mem type="tenure" free="2071303376" total="2088697856" percent="99">
      <mem type="soa" free="1966868688" total="1984263168" percent="99" />
      <mem type="loa" free="104434688" total="104434688" percent="100" />
    </mem>
    <pending-finalizers system="0" default="0" reference="52" classloader="0" />
    <remembered-set count="189" />
  </mem-info>
</gc-end>
<cycle-end id="2369" type="scavenge" contextid="2363" timestamp="2019-06-16T18:48:45.883" />
  <attribute name="elasticGC enabled" value="1" />
  <attribute name= "numThreadsSpecified" value="4" />
  <attribute name="heapSize specified" value="9830400" />
  <attribute name="Current GC Util" value="38" />
  <attribute name= "Current Time Running" value="3750" />
  <attribute name ="GC Interval" value="216" />
  <attribute name="ProportionalT" value="18.000000" />
  <attribute name="ProportionalI" value="18.000000" />
  <attribute name="ProportionalH" value="18.000000" />
  <attribute name="Current Error" value="18.000000" />
  <attribute name="IntegralT" value="198.000000" />
  <attribute name="IntegralI" value="198.000000" />
  <attribute name="IntegralH" value="198.000000" />
  <attribute name="DerivativeT" value="-1.318182" />
  <attribute name="DerivativeI" value="-1.318182" />
  <attribute name="DerivativeH" value="-1.318182" />
  <attribute name="Loop Time for DT" value="11.000000" />
  <attribute name="Output H" value="8388608"/>
  <attribute name="Output I" value="216"/>
  <attribute name="Output T" value="4"/>
  <attribute name="Target GC Util Change" value ="20.000000" />
  <attribute name="Current GC Util Change" value="38.000000"/>
  <attribute name="GC Util currently" value="38" />
  <attribute name="CPU Util currently" value="412284114688" />
<allocation-satisfied id="2370" threadId="0000000000A81400" bytesRequested="24" />
<af-end id="2371" timestamp="2019-06-16T18:48:45.883" threadId="0000000000A81D88" success="true" from="nursery"/>
<exclusive-end id="2372" timestamp="2019-06-16T18:48:45.883" durationms="4.749" />

<exclusive-start id="2373" timestamp="2019-06-16T18:48:45.889" intervalms="10.575">
  <response-info timems="0.043" idlems="0.043" threads="0" lastid="0000000000A85000" lastname="PmdThread 4" />
</exclusive-start>
<af-start id="2374" threadId="0000000000A85988" totalBytesRequested="16" timestamp="2019-06-16T18:48:45.889" intervalms="10.502" type="nursery" />
<cycle-start id="2375" type="scavenge" contextid="0" timestamp="2019-06-16T18:48:45.889" intervalms="10.500" />
<gc-start id="2376" type="scavenge" contextid="2375" timestamp="2019-06-16T18:48:45.889">
  <mem-info id="2377" free="2071303376" total="2092630016" percent="98">
    <mem type="nursery" free="0" total="3932160" percent="0">
      <mem type="allocate" free="0" total="2818048" percent="0" />
      <mem type="survivor" free="0" total="1114112" percent="0" />
    </mem>
    <mem type="tenure" free="2071303376" total="2088697856" percent="99">
      <mem type="soa" free="1966868688" total="1984263168" percent="99" />
      <mem type="loa" free="104434688" total="104434688" percent="100" />
    </mem>
    <remembered-set count="227" />
  </mem-info>
</gc-start>
<allocation-stats totalBytes="1994368" >
  <allocated-bytes non-tlh="24" tlh="1994344" />
  <largest-consumer threadName="PmdThread 3" threadId="0000000000A81400" bytes="1368680" />
</allocation-stats>
<gc-op id="2378" type="scavenge" timems="2.201" contextid="2375" timestamp="2019-06-16T18:48:45.892">
  <scavenger-info tenureage="1" tenuremask="7ffe" tiltratio="71" />
  <memory-copied type="nursery" objects="8071" bytes="306272" bytesdiscarded="78944" />
  <memory-copied type="tenure" objects="21737" bytes="677848" bytesdiscarded="304" />
  <references type="weak" candidates="10" cleared="10" enqueued="10" />
  <references type="phantom" candidates="2" cleared="2" enqueued="2" />
</gc-op>
<gc-end id="2379" type="scavenge" contextid="2375" durationms="2.391" usertimems="4.000" systemtimems="0.000" timestamp="2019-06-16T18:48:45.892" activeThreads="4">
  <mem-info id="2380" free="2073135800" total="2092630016" percent="99">
    <mem type="nursery" free="2498280" total="3932160" percent="63">
      <mem type="allocate" free="2498280" total="2883584" percent="86" />
      <mem type="survivor" free="0" total="1048576" percent="0" />
    </mem>
    <mem type="tenure" free="2070637520" total="2088697856" percent="99">
      <mem type="soa" free="1966202832" total="1984263168" percent="99" />
      <mem type="loa" free="104434688" total="104434688" percent="100" />
    </mem>
    <pending-finalizers system="0" default="0" reference="12" classloader="0" />
    <remembered-set count="186" />
  </mem-info>
</gc-end>
<cycle-end id="2381" type="scavenge" contextid="2375" timestamp="2019-06-16T18:48:45.892" />
  <attribute name="elasticGC enabled" value="1" />
  <attribute name= "numThreadsSpecified" value="4" />
  <attribute name="heapSize specified" value="9830400" />
  <attribute name="Current GC Util" value="49" />
  <attribute name= "Current Time Running" value="3761" />
  <attribute name ="GC Interval" value="352" />
  <attribute name="ProportionalT" value="29.000000" />
  <attribute name="ProportionalI" value="29.000000" />
  <attribute name="ProportionalH" value="29.000000" />
  <attribute name="Current Error" value="29.000000" />
  <attribute name="IntegralT" value="319.000000" />
  <attribute name="IntegralI" value="319.000000" />
  <attribute name="IntegralH" value="319.000000" />
  <attribute name="DerivativeT" value="0.500000" />
  <attribute name="DerivativeI" value="0.500000" />
  <attribute name="DerivativeH" value="0.500000" />
  <attribute name="Loop Time for DT" value="11.000000" />
  <attribute name="Output H" value="8388608"/>
  <attribute name="Output I" value="352"/>
  <attribute name="Output T" value="4"/>
  <attribute name="Target GC Util Change" value ="20.000000" />
  <attribute name="Current GC Util Change" value="49.000000"/>
  <attribute name="GC Util currently" value="49" />
  <attribute name="CPU Util currently" value="438473310113" />
<allocation-satisfied id="2382" threadId="0000000000A85000" bytesRequested="16" />
<af-end id="2383" timestamp="2019-06-16T18:48:45.892" threadId="0000000000A85988" success="true" from="nursery"/>
<exclusive-end id="2384" timestamp="2019-06-16T18:48:45.892" durationms="2.996" />

<exclusive-start id="2385" timestamp="2019-06-16T18:48:45.904" intervalms="15.190">
  <response-info timems="0.909" idlems="0.463" threads="1" lastid="0000000000770F00" lastname="JIT Compilation Thread-1" />
</exclusive-start>
<af-start id="2386" threadId="0000000000A81D88" totalBytesRequested="48" timestamp="2019-06-16T18:48:45.904" intervalms="15.199" type="nursery" />
<cycle-start id="2387" type="scavenge" contextid="0" timestamp="2019-06-16T18:48:45.904" intervalms="15.151" />
<gc-start id="2388" type="scavenge" contextid="2387" timestamp="2019-06-16T18:48:45.904">
  <mem-info id="2389" free="2070637520" total="2092630016" percent="98">
    <mem type="nursery" free="0" total="3932160" percent="0">
      <mem type="allocate" free="0" total="2883584" percent="0" />
      <mem type="survivor" free="0" total="1048576" percent="0" />
    </mem>
    <mem type="tenure" free="2070637520" total="2088697856" percent="99">
      <mem type="soa" free="1966202832" total="1984263168" percent="99" />
      <mem type="loa" free="104434688" total="104434688" percent="100" />
    </mem>
    <remembered-set count="560" />
  </mem-info>
</gc-start>
<allocation-stats totalBytes="2483392" >
  <allocated-bytes non-tlh="16408" tlh="2466984" />
  <largest-consumer threadName="PmdThread 2" threadId="0000000000A7D800" bytes="1169840" />
</allocation-stats>
<gc-op id="2390" type="scavenge" timems="2.565" contextid="2387" timestamp="2019-06-16T18:48:45.907">
  <scavenger-info tenureage="1" tenuremask="7ffe" tiltratio="73" />
  <memory-copied type="nursery" objects="16297" bytes="728512" bytesdiscarded="143112" />
  <memory-copied type="tenure" objects="7266" bytes="219840" bytesdiscarded="144" />
  <references type="weak" candidates="50" cleared="50" enqueued="50" />
  <references type="phantom" candidates="3" cleared="2" enqueued="2" />
</gc-op>
<gc-end id="2391" type="scavenge" contextid="2387" durationms="2.982" usertimems="8.000" systemtimems="0.000" timestamp="2019-06-16T18:48:45.907" activeThreads="4">
  <mem-info id="2392" free="2072216712" total="2092630016" percent="99">
    <mem type="nursery" free="1814200" total="3932160" percent="46">
      <mem type="allocate" free="1814200" total="2686976" percent="67" />
      <mem type="survivor" free="0" total="1245184" percent="0" />
    </mem>
    <mem type="tenure" free="2070402512" total="2088697856" percent="99">
      <mem type="soa" free="1965967824" total="1984263168" percent="99" />
      <mem type="loa" free="104434688" total="104434688" percent="100" />
    </mem>
    <pending-finalizers system="0" default="0" reference="52" classloader="0" />
    <remembered-set count="519" />
  </mem-info>
</gc-end>
<cycle-end id="2393" type="scavenge" contextid="2387" timestamp="2019-06-16T18:48:45.908" />
  <attribute name="elasticGC enabled" value="1" />
  <attribute name= "numThreadsSpecified" value="4" />
  <attribute name="heapSize specified" value="9830400" />
  <attribute name="Current GC Util" value="18" />
  <attribute name= "Current Time Running" value="3776" />
  <attribute name ="GC Interval" value="200" />
  <attribute name="ProportionalT" value="-2.000000" />
  <attribute name="ProportionalI" value="-2.000000" />
  <attribute name="ProportionalH" value="-2.000000" />
  <attribute name="Current Error" value="-2.000000" />
  <attribute name="IntegralT" value="-30.000000" />
  <attribute name="IntegralI" value="-30.000000" />
  <attribute name="IntegralH" value="-30.000000" />
  <attribute name="DerivativeT" value="-1.033333" />
  <attribute name="DerivativeI" value="-1.033333" />
  <attribute name="DerivativeH" value="-1.033333" />
  <attribute name="Loop Time for DT" value="15.000000" />
  <attribute name="Output H" value="2092630016"/>
  <attribute name="Output I" value="200"/>
  <attribute name="Output T" value="4"/>
  <attribute name="Target GC Util Change" value ="20.000000" />
  <attribute name="Current GC Util Change" value="18.000000"/>
  <attribute name="GC Util currently" value="18" />
  <attribute name="CPU Util currently" value="305683772713" />
<allocation-satisfied id="2394" threadId="0000000000A81400" bytesRequested="48" />
<af-end id="2395" timestamp="2019-06-16T18:48:45.908" threadId="0000000000A81D88" success="true" from="nursery"/>
<exclusive-end id="2396" timestamp="2019-06-16T18:48:45.908" durationms="3.822" />

<exclusive-start id="2397" timestamp="2019-06-16T18:48:45.917" intervalms="12.661">
  <response-info timems="0.042" idlems="0.042" threads="0" lastid="0000000000A85000" lastname="PmdThread 4" />
</exclusive-start>
<af-start id="2398" threadId="0000000000A85988" totalBytesRequested="32" timestamp="2019-06-16T18:48:45.917" intervalms="12.757" type="nursery" />
<cycle-start id="2399" type="scavenge" contextid="0" timestamp="2019-06-16T18:48:45.917" intervalms="12.748" />
<gc-start id="2400" type="scavenge" contextid="2399" timestamp="2019-06-16T18:48:45.917">
  <mem-info id="2401" free="2070402512" total="2092630016" percent="98">
    <mem type="nursery" free="0" total="3932160" percent="0">
      <mem type="allocate" free="0" total="2686976" percent="0" />
      <mem type="survivor" free="0" total="1245184" percent="0" />
    </mem>
    <mem type="tenure" free="2070402512" total="2088697856" percent="99">
      <mem type="soa" free="1965967824" total="1984263168" percent="99" />
      <mem type="loa" free="104434688" total="104434688" percent="100" />
    </mem>
    <remembered-set count="1216" />
  </mem-info>
</gc-start>
<allocation-stats totalBytes="1813488" >
  <allocated-bytes non-tlh="48" tlh="1813440" />
  <largest-consumer threadName="PmdThread 1" threadId="0000000000A79C00" bytes="716560" />
</allocation-stats>
<gc-op id="2402" type="scavenge" timems="1.723" contextid="2399" timestamp="2019-06-16T18:48:45.919">
  <scavenger-info tenureage="1" tenuremask="7ffe" tiltratio="68" />
  <memory-copied type="nursery" objects="18301" bytes="610416" bytesdiscarded="62744" />
  <memory-copied type="tenure" objects="16139" bytes="706600" bytesdiscarded="296" />
  <references type="weak" candidates="27" cleared="27" enqueued="27" />
  <references type="phantom" candidates="1" cleared="1" enqueued="1" />
</gc-op>
<gc-end id="2403" type="scavenge" contextid="2399" durationms="2.001" usertimems="4.000" systemtimems="0.000" timestamp="2019-06-16T18:48:45.919" activeThreads="4">
  <mem-info id="2404" free="2071814752" total="2092630016" percent="99">
    <mem type="nursery" free="2144744" total="3932160" percent="54">
      <mem type="allocate" free="2144744" total="2818048" percent="76" />
      <mem type="survivor" free="0" total="1114112" percent="0" />
    </mem>
    <mem type="tenure" free="2069670008" total="2088697856" percent="99">
      <mem type="soa" free="1965235320" total="1984263168" percent="99" />
      <mem type="loa" free="104434688" total="104434688" percent="100" />
    </mem>
    <pending-finalizers system="0" default="0" reference="28" classloader="0" />
    <remembered-set count="745" />
  </mem-info>
</gc-end>
<cycle-end id="2405" type="scavenge" contextid="2399" timestamp="2019-06-16T18:48:45.919" />
  <attribute name="elasticGC enabled" value="1" />
  <attribute name= "numThreadsSpecified" value="4" />
  <attribute name="heapSize specified" value="9830400" />
  <attribute name="Current GC Util" value="33" />
  <attribute name= "Current Time Running" value="3789" />
  <attribute name ="GC Interval" value="200" />
  <attribute name="ProportionalT" value="13.000000" />
  <attribute name="ProportionalI" value="13.000000" />
  <attribute name="ProportionalH" value="13.000000" />
  <attribute name="Current Error" value="13.000000" />
  <attribute name="IntegralT" value="169.000000" />
  <attribute name="IntegralI" value="169.000000" />
  <attribute name="IntegralH" value="169.000000" />
  <attribute name="DerivativeT" value="0.500000" />
  <attribute name="DerivativeI" value="0.500000" />
  <attribute name="DerivativeH" value="0.500000" />
  <attribute name="Loop Time for DT" value="13.000000" />
  <attribute name="Output H" value="8388608"/>
  <attribute name="Output I" value="200"/>
  <attribute name="Output T" value="4"/>
  <attribute name="Target GC Util Change" value ="20.000000" />
  <attribute name="Current GC Util Change" value="33.000000"/>
  <attribute name="GC Util currently" value="33" />
  <attribute name="CPU Util currently" value="357373975566" />
<allocation-satisfied id="2406" threadId="0000000000A85000" bytesRequested="32" />
<af-end id="2407" timestamp="2019-06-16T18:48:45.919" threadId="0000000000A85988" success="true" from="nursery"/>
<exclusive-end id="2408" timestamp="2019-06-16T18:48:45.920" durationms="2.571" />

<exclusive-start id="2409" timestamp="2019-06-16T18:48:45.924" intervalms="7.345">
  <response-info timems="0.040" idlems="0.022" threads="1" lastid="0000000000A85000" lastname="PmdThread 4" />
</exclusive-start>
<af-start id="2410" threadId="0000000000A7E188" totalBytesRequested="136" timestamp="2019-06-16T18:48:45.924" intervalms="7.288" type="nursery" />
<cycle-start id="2411" type="scavenge" contextid="0" timestamp="2019-06-16T18:48:45.924" intervalms="7.306" />
<gc-start id="2412" type="scavenge" contextid="2411" timestamp="2019-06-16T18:48:45.925">
  <mem-info id="2413" free="2069670008" total="2092630016" percent="98">
    <mem type="nursery" free="0" total="3932160" percent="0">
      <mem type="allocate" free="0" total="2818048" percent="0" />
      <mem type="survivor" free="0" total="1114112" percent="0" />
    </mem>
    <mem type="tenure" free="2069670008" total="2088697856" percent="99">
      <mem type="soa" free="1965235320" total="1984263168" percent="99" />
      <mem type="loa" free="104434688" total="104434688" percent="100" />
    </mem>
    <remembered-set count="836" />
  </mem-info>
</gc-start>
<allocation-stats totalBytes="2144016" >
  <allocated-bytes non-tlh="32" tlh="2143984" />
  <largest-consumer threadName="PmdThread 1" threadId="0000000000A79C00" bytes="1027968" />
</allocation-stats>
<gc-op id="2414" type="scavenge" timems="2.318" contextid="2411" timestamp="2019-06-16T18:48:45.927">
  <scavenger-info tenureage="1" tenuremask="7ffe" tiltratio="71" />
  <memory-copied type="nursery" objects="26619" bytes="951968" bytesdiscarded="159856" />
  <memory-copied type="tenure" objects="18210" bytes="606064" bytesdiscarded="240" />
  <references type="weak" candidates="30" cleared="30" enqueued="30" />
  <references type="phantom" candidates="3" cleared="2" enqueued="2" />
</gc-op>
<gc-end id="2415" type="scavenge" contextid="2411" durationms="2.515" usertimems="4.000" systemtimems="0.000" timestamp="2019-06-16T18:48:45.927" activeThreads="4">
  <mem-info id="2416" free="2070572088" total="2092630016" percent="98">
    <mem type="nursery" free="1444056" total="3932160" percent="36">
      <mem type="allocate" free="1444056" total="2555904" percent="56" />
      <mem type="survivor" free="0" total="1376256" percent="0" />
    </mem>
    <mem type="tenure" free="2069128032" total="2088697856" percent="99">
      <mem type="soa" free="1964693344" total="1984263168" percent="99" />
      <mem type="loa" free="104434688" total="104434688" percent="100" />
    </mem>
    <pending-finalizers system="0" default="0" reference="32" classloader="0" />
    <remembered-set count="228" />
  </mem-info>
</gc-end>
<cycle-end id="2417" type="scavenge" contextid="2411" timestamp="2019-06-16T18:48:45.927" />
  <attribute name="elasticGC enabled" value="1" />
  <attribute name= "numThreadsSpecified" value="4" />
  <attribute name="heapSize specified" value="9830400" />
  <attribute name="Current GC Util" value="54" />
  <attribute name= "Current Time Running" value="3796" />
  <attribute name ="GC Interval" value="280" />
  <attribute name="ProportionalT" value="34.000000" />
  <attribute name="ProportionalI" value="34.000000" />
  <attribute name="ProportionalH" value="34.000000" />
  <attribute name="Current Error" value="34.000000" />
  <attribute name="IntegralT" value="238.000000" />
  <attribute name="IntegralI" value="238.000000" />
  <attribute name="IntegralH" value="238.000000" />
  <attribute name="DerivativeT" value="1.500000" />
  <attribute name="DerivativeI" value="1.500000" />
  <attribute name="DerivativeH" value="1.500000" />
  <attribute name="Loop Time for DT" value="7.000000" />
  <attribute name="Output H" value="8388608"/>
  <attribute name="Output I" value="280"/>
  <attribute name="Output T" value="4"/>
  <attribute name="Target GC Util Change" value ="20.000000" />
  <attribute name="Current GC Util Change" value="54.000000"/>
  <attribute name="GC Util currently" value="54" />
  <attribute name="CPU Util currently" value="643929332353" />
<allocation-satisfied id="2418" threadId="0000000000A7D800" bytesRequested="136" />
<af-end id="2419" timestamp="2019-06-16T18:48:45.927" threadId="0000000000A7E188" success="true" from="nursery"/>
<exclusive-end id="2420" timestamp="2019-06-16T18:48:45.927" durationms="3.173" />

<exclusive-start id="2421" timestamp="2019-06-16T18:48:45.931" intervalms="6.437">
  <response-info timems="0.092" idlems="0.050" threads="2" lastid="0000000000A81400" lastname="PmdThread 3" />
</exclusive-start>
<af-start id="2422" threadId="0000000000A7E188" totalBytesRequested="840" timestamp="2019-06-16T18:48:45.931" intervalms="6.379" type="nursery" />
<cycle-start id="2423" type="scavenge" contextid="0" timestamp="2019-06-16T18:48:45.931" intervalms="6.343" />
<gc-start id="2424" type="scavenge" contextid="2423" timestamp="2019-06-16T18:48:45.931">
  <mem-info id="2425" free="2069128032" total="2092630016" percent="98">
    <mem type="nursery" free="0" total="3932160" percent="0">
      <mem type="allocate" free="0" total="2555904" percent="0" />
      <mem type="survivor" free="0" total="1376256" percent="0" />
    </mem>
    <mem type="tenure" free="2069128032" total="2088697856" percent="99">
      <mem type="soa" free="1964693344" total="1984263168" percent="99" />
      <mem type="loa" free="104434688" total="104434688" percent="100" />
    </mem>
    <remembered-set count="534" />
  </mem-info>
</gc-start>
<allocation-stats totalBytes="1443144" >
  <allocated-bytes non-tlh="136" tlh="1443008" />
  <largest-consumer threadName="PmdThread 4" threadId="0000000000A85000" bytes="859944" />
</allocation-stats>
<gc-op id="2426" type="scavenge" timems="1.826" contextid="2423" timestamp="2019-06-16T18:48:45.933">
  <scavenger-info tenureage="1" tenuremask="7ffe" tiltratio="65" />
  <memory-copied type="nursery" objects="5955" bytes="200248" bytesdiscarded="113096" />
  <memory-copied type="tenure" objects="26230" bytes="937256" bytesdiscarded="856" />
  <references type="weak" candidates="26" cleared="26" enqueued="26" />
</gc-op>
<gc-end id="2427" type="scavenge" contextid="2423" durationms="2.038" usertimems="0.000" systemtimems="4.000" timestamp="2019-06-16T18:48:45.933" activeThreads="4">
  <mem-info id="2428" free="2070475240" total="2092630016" percent="98">
    <mem type="nursery" free="2308096" total="3932160" percent="58">
      <mem type="allocate" free="2308096" total="2621440" percent="88" />
      <mem type="survivor" free="0" total="1310720" percent="0" />
    </mem>
    <mem type="tenure" free="2068167144" total="2088697856" percent="99">
      <mem type="soa" free="1963732456" total="1984263168" percent="98" />
      <mem type="loa" free="104434688" total="104434688" percent="100" />
    </mem>
    <pending-finalizers system="0" default="0" reference="26" classloader="0" />
    <remembered-set count="531" />
  </mem-info>
</gc-end>
<cycle-end id="2429" type="scavenge" contextid="2423" timestamp="2019-06-16T18:48:45.933" />
  <attribute name="elasticGC enabled" value="1" />
  <attribute name= "numThreadsSpecified" value="4" />
  <attribute name="heapSize specified" value="9830400" />
  <attribute name="Current GC Util" value="62" />
  <attribute name= "Current Time Running" value="3802" />
  <attribute name ="GC Interval" value="296" />
  <attribute name="ProportionalT" value="42.000000" />
  <attribute name="ProportionalI" value="42.000000" />
  <attribute name="ProportionalH" value="42.000000" />
  <attribute name="Current Error" value="42.000000" />
  <attribute name="IntegralT" value="252.000000" />
  <attribute name="IntegralI" value="252.000000" />
  <attribute name="IntegralH" value="252.000000" />
  <attribute name="DerivativeT" value="0.666667" />
  <attribute name="DerivativeI" value="0.666667" />
  <attribute name="DerivativeH" value="0.666667" />
  <attribute name="Loop Time for DT" value="6.000000" />
  <attribute name="Output H" value="8388608"/>
  <attribute name="Output I" value="296"/>
  <attribute name="Output T" value="4"/>
  <attribute name="Target GC Util Change" value ="20.000000" />
  <attribute name="Current GC Util Change" value="62.000000"/>
  <attribute name="GC Util currently" value="62" />
  <attribute name="CPU Util currently" value="724048088870" />
<allocation-satisfied id="2430" threadId="0000000000A7D800" bytesRequested="840" />
<af-end id="2431" timestamp="2019-06-16T18:48:45.933" threadId="0000000000A7E188" success="true" from="nursery"/>
<exclusive-end id="2432" timestamp="2019-06-16T18:48:45.933" durationms="2.491" />

<exclusive-start id="2433" timestamp="2019-06-16T18:48:45.945" intervalms="14.076">
  <response-info timems="0.245" idlems="0.149" threads="2" lastid="0000000000A79C00" lastname="PmdThread 1" />
</exclusive-start>
<af-start id="2434" threadId="0000000000A7E188" totalBytesRequested="16392" timestamp="2019-06-16T18:48:45.945" intervalms="14.102" type="nursery" />
<cycle-start id="2435" type="scavenge" contextid="0" timestamp="2019-06-16T18:48:45.945" intervalms="14.132" />
<gc-start id="2436" type="scavenge" contextid="2435" timestamp="2019-06-16T18:48:45.945">
  <mem-info id="2437" free="2068167144" total="2092630016" percent="98">
    <mem type="nursery" free="0" total="3932160" percent="0">
      <mem type="allocate" free="0" total="2621440" percent="0" />
      <mem type="survivor" free="0" total="1310720" percent="0" />
    </mem>
    <mem type="tenure" free="2068167144" total="2088697856" percent="99">
      <mem type="soa" free="1963732456" total="1984263168" percent="98" />
      <mem type="loa" free="104434688" total="104434688" percent="100" />
    </mem>
    <remembered-set count="978" />
  </mem-info>
</gc-start>
<allocation-stats totalBytes="2294144" >
  <allocated-bytes non-tlh="840" tlh="2293304" />
  <largest-consumer threadName="PmdThread 4" threadId="0000000000A85000" bytes="904880" />
</allocation-stats>
<gc-op id="2438" type="scavenge" timems="1.921" contextid="2435" timestamp="2019-06-16T18:48:45.947">
  <scavenger-info tenureage="2" tenuremask="7ffc" tiltratio="66" />
  <memory-copied type="nursery" objects="22397" bytes="772448" bytesdiscarded="58240" />
  <references type="weak" candidates="9" cleared="9" enqueued="9" />
  <references type="phantom" candidates="2" cleared="1" enqueued="1" />
</gc-op>
<gc-end id="2439" type="scavenge" contextid="2435" durationms="2.153" usertimems="0.000" systemtimems="0.000" timestamp="2019-06-16T18:48:45.947" activeThreads="4">
  <mem-info id="2440" free="2069826784" total="2092630016" percent="98">
    <mem type="nursery" free="1659640" total="3932160" percent="42">
      <mem type="allocate" free="1659640" total="2490368" percent="66" />
      <mem type="survivor" free="0" total="1441792" percent="0" />
    </mem>
    <mem type="tenure" free="2068167144" total="2088697856" percent="99">
      <mem type="soa" free="1963732456" total="1984263168" percent="98" />
      <mem type="loa" free="104434688" total="104434688" percent="100" />
    </mem>
    <pending-finalizers system="0" default="0" reference="10" classloader="0" />
    <remembered-set count="956" />
  </mem-info>
</gc-end>
<cycle-end id="2441" type="scavenge" contextid="2435" timestamp="2019-06-16T18:48:45.947" />
  <attribute name="elasticGC enabled" value="1" />
  <attribute name= "numThreadsSpecified" value="4" />
  <attribute name="heapSize specified" value="9830400" />
  <attribute name="Current GC Util" value="21" />
  <attribute name= "Current Time Running" value="3817" />
  <attribute name ="GC Interval" value="200" />
  <attribute name="ProportionalT" value="1.000000" />
  <attribute name="ProportionalI" value="1.000000" />
  <attribute name="ProportionalH" value="1.000000" />
  <attribute name="Current Error" value="1.000000" />
  <attribute name="IntegralT" value="15.000000" />
  <attribute name="IntegralI" value="15.000000" />
  <attribute name="IntegralH" value="15.000000" />
  <attribute name="DerivativeT" value="-1.366667" />
  <attribute name="DerivativeI" value="-1.366667" />
  <attribute name="DerivativeH" value="-1.366667" />
  <attribute name="Loop Time for DT" value="15.000000" />
  <attribute name="Output H" value="8388608"/>
  <attribute name="Output I" value="200"/>
  <attribute name="Output T" value="4"/>
  <attribute name="Target GC Util Change" value ="20.000000" />
  <attribute name="Current GC Util Change" value="21.000000"/>
  <attribute name="GC Util currently" value="21" />
  <attribute name="CPU Util currently" value="327136888429" />
<allocation-satisfied id="2442" threadId="0000000000A7D800" bytesRequested="16392" />
<af-end id="2443" timestamp="2019-06-16T18:48:45.948" threadId="0000000000A7E188" success="true" from="nursery"/>
<exclusive-end id="2444" timestamp="2019-06-16T18:48:45.948" durationms="2.805" />

<exclusive-start id="2445" timestamp="2019-06-16T18:48:45.953" intervalms="8.167">
  <response-info timems="0.104" idlems="0.104" threads="0" lastid="0000000000A81400" lastname="PmdThread 3" />
</exclusive-start>
<af-start id="2446" threadId="0000000000A81D88" totalBytesRequested="72" timestamp="2019-06-16T18:48:45.953" intervalms="8.210" type="nursery" />
<cycle-start id="2447" type="scavenge" contextid="0" timestamp="2019-06-16T18:48:45.953" intervalms="8.259" />
<gc-start id="2448" type="scavenge" contextid="2447" timestamp="2019-06-16T18:48:45.953">
  <mem-info id="2449" free="2068167144" total="2092630016" percent="98">
    <mem type="nursery" free="0" total="3932160" percent="0">
      <mem type="allocate" free="0" total="2490368" percent="0" />
      <mem type="survivor" free="0" total="1441792" percent="0" />
    </mem>
    <mem type="tenure" free="2068167144" total="2088697856" percent="99">
      <mem type="soa" free="1963732456" total="1984263168" percent="98" />
      <mem type="loa" free="104434688" total="104434688" percent="100" />
    </mem>
    <remembered-set count="1068" />
  </mem-info>
</gc-start>
<allocation-stats totalBytes="1658336" >
  <allocated-bytes non-tlh="125608" tlh="1532728" />
  <largest-consumer threadName="PmdThread 3" threadId="0000000000A81400" bytes="918464" />
</allocation-stats>
<gc-op id="2450" type="scavenge" timems="2.735" contextid="2447" timestamp="2019-06-16T18:48:45.956">
  <scavenger-info tenureage="1" tenuremask="7ffe" tiltratio="63" />
  <memory-copied type="nursery" objects="1496" bytes="109112" bytesdiscarded="125896" />
  <memory-copied type="tenure" objects="22003" bytes="735368" bytesdiscarded="144" />
  <references type="weak" candidates="28" cleared="27" enqueued="27" />
  <references type="phantom" candidates="2" cleared="1" enqueued="1" />
</gc-op>
<gc-end id="2451" type="scavenge" contextid="2447" durationms="3.130" usertimems="0.000" systemtimems="4.000" timestamp="2019-06-16T18:48:45.956" activeThreads="4">
  <mem-info id="2452" free="2069823960" total="2092630016" percent="98">
    <mem type="nursery" free="2386432" total="3932160" percent="60">
      <mem type="allocate" free="2386432" total="2621440" percent="91" />
      <mem type="survivor" free="0" total="1310720" percent="0" />
    </mem>
    <mem type="tenure" free="2067437528" total="2088697856" percent="98">
      <mem type="soa" free="1963002840" total="1984263168" percent="98" />
      <mem type="loa" free="104434688" total="104434688" percent="100" />
    </mem>
    <pending-finalizers system="0" default="0" reference="28" classloader="0" />
    <remembered-set count="174" />
  </mem-info>
</gc-end>
<cycle-end id="2453" type="scavenge" contextid="2447" timestamp="2019-06-16T18:48:45.957" />
  <attribute name="elasticGC enabled" value="1" />
  <attribute name= "numThreadsSpecified" value="4" />
  <attribute name="heapSize specified" value="9830400" />
  <attribute name="Current GC Util" value="27" />
  <attribute name= "Current Time Running" value="3825" />
  <attribute name ="GC Interval" value="200" />
  <attribute name="ProportionalT" value="7.000000" />
  <attribute name="ProportionalI" value="7.000000" />
  <attribute name="ProportionalH" value="7.000000" />
  <attribute name="Current Error" value="7.000000" />
  <attribute name="IntegralT" value="56.000000" />
  <attribute name="IntegralI" value="56.000000" />
  <attribute name="IntegralH" value="56.000000" />
  <attribute name="DerivativeT" value="0.375000" />
  <attribute name="DerivativeI" value="0.375000" />
  <attribute name="DerivativeH" value="0.375000" />
  <attribute name="Loop Time for DT" value="8.000000" />
  <attribute name="Output H" value="8388608"/>
  <attribute name="Output I" value="200"/>
  <attribute name="Output T" value="4"/>
  <attribute name="Target GC Util Change" value ="20.000000" />
  <attribute name="Current GC Util Change" value="27.000000"/>
  <attribute name="GC Util currently" value="27" />
  <attribute name="CPU Util currently" value="555757867395" />
<allocation-satisfied id="2454" threadId="0000000000A81400" bytesRequested="72" />
<af-end id="2455" timestamp="2019-06-16T18:48:45.957" threadId="0000000000A81D88" success="true" from="nursery"/>
<exclusive-end id="2456" timestamp="2019-06-16T18:48:45.957" durationms="3.906" />

<exclusive-start id="2457" timestamp="2019-06-16T18:48:45.965" intervalms="12.283">
  <response-info timems="0.074" idlems="0.039" threads="1" lastid="0000000000A7D800" lastname="PmdThread 2" />
</exclusive-start>
<af-start id="2458" threadId="0000000000A85988" totalBytesRequested="48" timestamp="2019-06-16T18:48:45.967" intervalms="13.916" type="nursery" />
<cycle-start id="2459" type="scavenge" contextid="0" timestamp="2019-06-16T18:48:45.967" intervalms="13.977" />
<gc-start id="2460" type="scavenge" contextid="2459" timestamp="2019-06-16T18:48:45.967">
  <mem-info id="2461" free="2067437528" total="2092630016" percent="98">
    <mem type="nursery" free="0" total="3932160" percent="0">
      <mem type="allocate" free="0" total="2621440" percent="0" />
      <mem type="survivor" free="0" total="1310720" percent="0" />
    </mem>
    <mem type="tenure" free="2067437528" total="2088697856" percent="98">
      <mem type="soa" free="1963002840" total="1984263168" percent="98" />
      <mem type="loa" free="104434688" total="104434688" percent="100" />
    </mem>
    <remembered-set count="867" />
  </mem-info>
</gc-start>
<allocation-stats totalBytes="2385272" >
  <allocated-bytes non-tlh="72" tlh="2385200" />
  <largest-consumer threadName="PmdThread 1" threadId="0000000000A79C00" bytes="1357880" />
</allocation-stats>
<gc-op id="2462" type="scavenge" timems="2.201" contextid="2459" timestamp="2019-06-16T18:48:45.970">
  <scavenger-info tenureage="2" tenuremask="7ffc" tiltratio="66" />
  <memory-copied type="nursery" objects="27689" bytes="939704" bytesdiscarded="102600" />
  <references type="weak" candidates="40" cleared="40" enqueued="40" />
  <references type="phantom" candidates="3" cleared="3" enqueued="3" />
</gc-op>
<gc-end id="2463" type="scavenge" contextid="2459" durationms="2.594" usertimems="0.000" systemtimems="0.000" timestamp="2019-06-16T18:48:45.970" activeThreads="4">
  <mem-info id="2464" free="2068491968" total="2092630016" percent="98">
    <mem type="nursery" free="1054440" total="3932160" percent="26">
      <mem type="allocate" free="1054440" total="2097152" percent="50" />
      <mem type="survivor" free="0" total="1835008" percent="0" />
    </mem>
    <mem type="tenure" free="2067437528" total="2088697856" percent="98">
      <mem type="soa" free="1963002840" total="1984263168" percent="98" />
      <mem type="loa" free="104434688" total="104434688" percent="100" />
    </mem>
    <pending-finalizers system="0" default="0" reference="43" classloader="0" />
    <remembered-set count="187" />
  </mem-info>
</gc-end>
<cycle-end id="2465" type="scavenge" contextid="2459" timestamp="2019-06-16T18:48:45.970" />
  <attribute name="elasticGC enabled" value="1" />
  <attribute name= "numThreadsSpecified" value="4" />
  <attribute name="heapSize specified" value="9830400" />
  <attribute name="Current GC Util" value="34" />
  <attribute name= "Current Time Running" value="3839" />
  <attribute name ="GC Interval" value="216" />
  <attribute name="ProportionalT" value="14.000000" />
  <attribute name="ProportionalI" value="14.000000" />
  <attribute name="ProportionalH" value="14.000000" />
  <attribute name="Current Error" value="14.000000" />
  <attribute name="IntegralT" value="196.000000" />
  <attribute name="IntegralI" value="196.000000" />
  <attribute name="IntegralH" value="196.000000" />
  <attribute name="DerivativeT" value="0.250000" />
  <attribute name="DerivativeI" value="0.250000" />
  <attribute name="DerivativeH" value="0.250000" />
  <attribute name="Loop Time for DT" value="14.000000" />
  <attribute name="Output H" value="8388608"/>
  <attribute name="Output I" value="216"/>
  <attribute name="Output T" value="4"/>
  <attribute name="Target GC Util Change" value ="20.000000" />
  <attribute name="Current GC Util Change" value="34.000000"/>
  <attribute name="GC Util currently" value="34" />
  <attribute name="CPU Util currently" value="325581859010" />
<allocation-satisfied id="2466" threadId="0000000000A85000" bytesRequested="48" />
<af-end id="2467" timestamp="2019-06-16T18:48:45.970" threadId="0000000000A85988" success="true" from="nursery"/>
<exclusive-end id="2468" timestamp="2019-06-16T18:48:45.970" durationms="4.985" />

<exclusive-start id="2469" timestamp="2019-06-16T18:48:45.981" intervalms="15.777">
  <response-info timems="4.125" idlems="2.626" threads="2" lastid="0000000000774B00" lastname="JIT Compilation Thread-2" />
</exclusive-start>
<af-start id="2470" threadId="0000000000A81D88" totalBytesRequested="16" timestamp="2019-06-16T18:48:45.981" intervalms="14.143" type="nursery" />
<cycle-start id="2471" type="scavenge" contextid="0" timestamp="2019-06-16T18:48:45.981" intervalms="14.089" />
<gc-start id="2472" type="scavenge" contextid="2471" timestamp="2019-06-16T18:48:45.981">
  <mem-info id="2473" free="2067437528" total="2092630016" percent="98">
    <mem type="nursery" free="0" total="3932160" percent="0">
      <mem type="allocate" free="0" total="2097152" percent="0" />
      <mem type="survivor" free="0" total="1835008" percent="0" />
    </mem>
    <mem type="tenure" free="2067437528" total="2088697856" percent="98">
      <mem type="soa" free="1963002840" total="1984263168" percent="98" />
      <mem type="loa" free="104434688" total="104434688" percent="100" />
    </mem>
    <remembered-set count="604" />
  </mem-info>
</gc-start>
<allocation-stats totalBytes="1054104" >
  <allocated-bytes non-tlh="16440" tlh="1037664" />
  <largest-consumer threadName="PmdThread 3" threadId="0000000000A81400" bytes="558656" />
</allocation-stats>
<gc-op id="2474" type="scavenge" timems="3.175" contextid="2471" timestamp="2019-06-16T18:48:45.985">
  <scavenger-info tenureage="1" tenuremask="7ffe" tiltratio="53" />
  <memory-copied type="nursery" objects="3731" bytes="312984" bytesdiscarded="229216" />
  <memory-copied type="tenure" objects="27557" bytes="932632" bytesdiscarded="416" />
  <references type="weak" candidates="26" cleared="26" enqueued="26" />
  <references type="phantom" candidates="3" cleared="3" enqueued="3" />
</gc-op>
<gc-end id="2475" type="scavenge" contextid="2471" durationms="3.773" usertimems="8.000" systemtimems="0.000" timestamp="2019-06-16T18:48:45.985" activeThreads="4">
  <mem-info id="2476" free="2068302208" total="2092630016" percent="98">
    <mem type="nursery" free="1750968" total="3932160" percent="44">
      <mem type="allocate" free="1750968" total="2293760" percent="76" />
      <mem type="survivor" free="0" total="1638400" percent="0" />
    </mem>
    <mem type="tenure" free="2066551240" total="2088697856" percent="98">
      <mem type="soa" free="1962116552" total="1984263168" percent="98" />
      <mem type="loa" free="104434688" total="104434688" percent="100" />
    </mem>
    <pending-finalizers system="0" default="0" reference="29" classloader="0" />
    <remembered-set count="155" />
  </mem-info>
</gc-end>
<cycle-end id="2477" type="scavenge" contextid="2471" timestamp="2019-06-16T18:48:45.985" />
  <attribute name="elasticGC enabled" value="1" />
  <attribute name= "numThreadsSpecified" value="4" />
  <attribute name="heapSize specified" value="9830400" />
  <attribute name="Current GC Util" value="18" />
  <attribute name= "Current Time Running" value="3853" />
  <attribute name ="GC Interval" value="200" />
  <attribute name="ProportionalT" value="-2.000000" />
  <attribute name="ProportionalI" value="-2.000000" />
  <attribute name="ProportionalH" value="-2.000000" />
  <attribute name="Current Error" value="-2.000000" />
  <attribute name="IntegralT" value="-28.000000" />
  <attribute name="IntegralI" value="-28.000000" />
  <attribute name="IntegralH" value="-28.000000" />
  <attribute name="DerivativeT" value="-0.571429" />
  <attribute name="DerivativeI" value="-0.571429" />
  <attribute name="DerivativeH" value="-0.571429" />
  <attribute name="Loop Time for DT" value="14.000000" />
  <attribute name="Output H" value="2092630016"/>
  <attribute name="Output I" value="200"/>
  <attribute name="Output T" value="4"/>
  <attribute name="Target GC Util Change" value ="20.000000" />
  <attribute name="Current GC Util Change" value="18.000000"/>
  <attribute name="GC Util currently" value="18" />
  <attribute name="CPU Util currently" value="327289074110" />
<allocation-satisfied id="2478" threadId="0000000000A81400" bytesRequested="16" />
<af-end id="2479" timestamp="2019-06-16T18:48:45.986" threadId="0000000000A81D88" success="true" from="nursery"/>
<exclusive-end id="2480" timestamp="2019-06-16T18:48:45.986" durationms="4.802" />

<exclusive-start id="2481" timestamp="2019-06-16T18:48:45.997" intervalms="15.565">
  <response-info timems="0.200" idlems="0.102" threads="5" lastid="0000000000770F00" lastname="JIT Compilation Thread-1" />
</exclusive-start>
<af-start id="2482" threadId="0000000000A7E188" totalBytesRequested="56" timestamp="2019-06-16T18:48:45.997" intervalms="15.517" type="nursery" />
<cycle-start id="2483" type="scavenge" contextid="0" timestamp="2019-06-16T18:48:45.997" intervalms="15.477" />
<gc-start id="2484" type="scavenge" contextid="2483" timestamp="2019-06-16T18:48:45.997">
  <mem-info id="2485" free="2066550088" total="2092630016" percent="98">
    <mem type="nursery" free="0" total="3932160" percent="0">
      <mem type="allocate" free="0" total="2293760" percent="0" />
      <mem type="survivor" free="0" total="1638400" percent="0" />
    </mem>
    <mem type="tenure" free="2066550088" total="2088697856" percent="98">
      <mem type="soa" free="1962115400" total="1984263168" percent="98" />
      <mem type="loa" free="104434688" total="104434688" percent="100" />
    </mem>
    <remembered-set count="722" />
  </mem-info>
</gc-start>
<allocation-stats totalBytes="1751120" >
  <allocated-bytes non-tlh="1168" tlh="1749952" />
  <largest-consumer threadName="PmdThread 1" threadId="0000000000A79C00" bytes="999144" />
</allocation-stats>
<gc-op id="2486" type="scavenge" timems="1.071" contextid="2483" timestamp="2019-06-16T18:48:45.998">
  <scavenger-info tenureage="1" tenuremask="7ffe" tiltratio="58" />
  <memory-copied type="nursery" objects="19657" bytes="766680" bytesdiscarded="126768" />
  <memory-copied type="tenure" objects="3281" bytes="235528" bytesdiscarded="176" />
  <references type="weak" candidates="24" cleared="24" enqueued="24" />
  <references type="phantom" candidates="3" cleared="2" enqueued="2" />
</gc-op>
<gc-end id="2487" type="scavenge" contextid="2483" durationms="1.297" usertimems="0.000" systemtimems="4.000" timestamp="2019-06-16T18:48:45.998" activeThreads="4">
  <mem-info id="2488" free="2067783128" total="2092630016" percent="98">
    <mem type="nursery" free="1596888" total="3932160" percent="40">
      <mem type="allocate" free="1596888" total="2490368" percent="64" />
      <mem type="survivor" free="0" total="1441792" percent="0" />
    </mem>
    <mem type="tenure" free="2066186240" total="2088697856" percent="98">
      <mem type="soa" free="1961751552" total="1984263168" percent="98" />
      <mem type="loa" free="104434688" total="104434688" percent="100" />
    </mem>
    <pending-finalizers system="0" default="0" reference="26" classloader="0" />
    <remembered-set count="176" />
  </mem-info>
</gc-end>
<cycle-end id="2489" type="scavenge" contextid="2483" timestamp="2019-06-16T18:48:45.998" />
  <attribute name="elasticGC enabled" value="1" />
  <attribute name= "numThreadsSpecified" value="4" />
  <attribute name="heapSize specified" value="9830400" />
  <attribute name="Current GC Util" value="38" />
  <attribute name= "Current Time Running" value="3868" />
  <attribute name ="GC Interval" value="288" />
  <attribute name="ProportionalT" value="18.000000" />
  <attribute name="ProportionalI" value="18.000000" />
  <attribute name="ProportionalH" value="18.000000" />
  <attribute name="Current Error" value="18.000000" />
  <attribute name="IntegralT" value="270.000000" />
  <attribute name="IntegralI" value="270.000000" />
  <attribute name="IntegralH" value="270.000000" />
  <attribute name="DerivativeT" value="0.600000" />
  <attribute name="DerivativeI" value="0.600000" />
  <attribute name="DerivativeH" value="0.600000" />
  <attribute name="Loop Time for DT" value="15.000000" />
  <attribute name="Output H" value="8388608"/>
  <attribute name="Output I" value="288"/>
  <attribute name="Output T" value="4"/>
  <attribute name="Target GC Util Change" value ="20.000000" />
  <attribute name="Current GC Util Change" value="38.000000"/>
  <attribute name="GC Util currently" value="38" />
  <attribute name="CPU Util currently" value="302635285553" />
<allocation-satisfied id="2490" threadId="0000000000A7D800" bytesRequested="56" />
<af-end id="2491" timestamp="2019-06-16T18:48:45.998" threadId="0000000000A7E188" success="true" from="nursery"/>
<exclusive-end id="2492" timestamp="2019-06-16T18:48:45.998" durationms="1.720" />

<exclusive-start id="2493" timestamp="2019-06-16T18:48:46.002" intervalms="5.739">
  <response-info timems="0.069" idlems="0.036" threads="1" lastid="0000000000A85000" lastname="PmdThread 4" />
</exclusive-start>
<af-start id="2494" threadId="0000000000A7E188" totalBytesRequested="72" timestamp="2019-06-16T18:48:46.002" intervalms="5.733" type="nursery" />
<cycle-start id="2495" type="scavenge" contextid="0" timestamp="2019-06-16T18:48:46.002" intervalms="5.700" />
<gc-start id="2496" type="scavenge" contextid="2495" timestamp="2019-06-16T18:48:46.002">
  <mem-info id="2497" free="2066185552" total="2092630016" percent="98">
    <mem type="nursery" free="0" total="3932160" percent="0">
      <mem type="allocate" free="0" total="2490368" percent="0" />
      <mem type="survivor" free="0" total="1441792" percent="0" />
    </mem>
    <mem type="tenure" free="2066185552" total="2088697856" percent="98">
      <mem type="soa" free="1961750864" total="1984263168" percent="98" />
      <mem type="loa" free="104434688" total="104434688" percent="100" />
    </mem>
    <remembered-set count="206" />
  </mem-info>
</gc-start>
<allocation-stats totalBytes="1596536" >
  <allocated-bytes non-tlh="744" tlh="1595792" />
  <largest-consumer threadName="PmdThread 1" threadId="0000000000A79C00" bytes="1019096" />
</allocation-stats>
<gc-op id="2498" type="scavenge" timems="2.380" contextid="2495" timestamp="2019-06-16T18:48:46.005">
  <scavenger-info tenureage="1" tenuremask="7ffe" tiltratio="63" />
  <memory-copied type="nursery" objects="20055" bytes="709824" bytesdiscarded="114488" />
  <memory-copied type="tenure" objects="19040" bytes="734552" bytesdiscarded="808" />
  <references type="weak" candidates="16" cleared="16" enqueued="16" />
  <references type="phantom" candidates="1" cleared="1" enqueued="1" />
</gc-op>
<gc-end id="2499" type="scavenge" contextid="2495" durationms="2.608" usertimems="4.000" systemtimems="0.000" timestamp="2019-06-16T18:48:46.005" activeThreads="4">
  <mem-info id="2500" free="2067276048" total="2092630016" percent="98">
    <mem type="nursery" free="1797096" total="3932160" percent="45">
      <mem type="allocate" free="1797096" total="2621440" percent="68" />
      <mem type="survivor" free="0" total="1310720" percent="0" />
    </mem>
    <mem type="tenure" free="2065478952" total="2088697856" percent="98">
      <mem type="soa" free="1961044264" total="1984263168" percent="98" />
      <mem type="loa" free="104434688" total="104434688" percent="100" />
    </mem>
    <pending-finalizers system="0" default="0" reference="17" classloader="0" />
    <remembered-set count="293" />
  </mem-info>
</gc-end>
<cycle-end id="2501" type="scavenge" contextid="2495" timestamp="2019-06-16T18:48:46.005" />
  <attribute name="elasticGC enabled" value="1" />
  <attribute name= "numThreadsSpecified" value="4" />
  <attribute name="heapSize specified" value="9830400" />
  <attribute name="Current GC Util" value="50" />
  <attribute name= "Current Time Running" value="3874" />
  <attribute name ="GC Interval" value="216" />
  <attribute name="ProportionalT" value="30.000000" />
  <attribute name="ProportionalI" value="30.000000" />
  <attribute name="ProportionalH" value="30.000000" />
  <attribute name="Current Error" value="30.000000" />
  <attribute name="IntegralT" value="180.000000" />
  <attribute name="IntegralI" value="180.000000" />
  <attribute name="IntegralH" value="180.000000" />
  <attribute name="DerivativeT" value="1.000000" />
  <attribute name="DerivativeI" value="1.000000" />
  <attribute name="DerivativeH" value="1.000000" />
  <attribute name="Loop Time for DT" value="6.000000" />
  <attribute name="Output H" value="8388608"/>
  <attribute name="Output I" value="216"/>
  <attribute name="Output T" value="4"/>
  <attribute name="Target GC Util Change" value ="20.000000" />
  <attribute name="Current GC Util Change" value="50.000000"/>
  <attribute name="GC Util currently" value="50" />
  <attribute name="CPU Util currently" value="809598220604" />
<allocation-satisfied id="2502" threadId="0000000000A7D800" bytesRequested="72" />
<af-end id="2503" timestamp="2019-06-16T18:48:46.005" threadId="0000000000A7E188" success="true" from="nursery"/>
<exclusive-end id="2504" timestamp="2019-06-16T18:48:46.005" durationms="3.144" />

<exclusive-start id="2505" timestamp="2019-06-16T18:48:46.009" intervalms="6.404">
  <response-info timems="0.056" idlems="0.030" threads="1" lastid="0000000000774B00" lastname="JIT Compilation Thread-2" />
</exclusive-start>
<af-start id="2506" threadId="0000000000A85988" totalBytesRequested="576" timestamp="2019-06-16T18:48:46.009" intervalms="6.378" type="nursery" />
<cycle-start id="2507" type="scavenge" contextid="0" timestamp="2019-06-16T18:48:46.009" intervalms="6.375" />
<gc-start id="2508" type="scavenge" contextid="2507" timestamp="2019-06-16T18:48:46.009">
  <mem-info id="2509" free="2065478616" total="2092630016" percent="98">
    <mem type="nursery" free="0" total="3932160" percent="0">
      <mem type="allocate" free="0" total="2621440" percent="0" />
      <mem type="survivor" free="0" total="1310720" percent="0" />
    </mem>
    <mem type="tenure" free="2065478616" total="2088697856" percent="98">
      <mem type="soa" free="1961043928" total="1984263168" percent="98" />
      <mem type="loa" free="104434688" total="104434688" percent="100" />
    </mem>
    <remembered-set count="553" />
  </mem-info>
</gc-start>
<allocation-stats totalBytes="1782480" >
  <allocated-bytes non-tlh="408" tlh="1782072" />
  <largest-consumer threadName="PmdThread 1" threadId="0000000000A79C00" bytes="989904" />
</allocation-stats>
<gc-op id="2510" type="scavenge" timems="2.607" contextid="2507" timestamp="2019-06-16T18:48:46.012">
  <scavenger-info tenureage="1" tenuremask="7ffe" tiltratio="66" />
  <memory-copied type="nursery" objects="16681" bytes="600416" bytesdiscarded="198816" />
  <memory-copied type="tenure" objects="19897" bytes="698192" bytesdiscarded="232" />
  <references type="weak" candidates="48" cleared="48" enqueued="48" />
  <references type="phantom" candidates="1" cleared="0" enqueued="0" />
</gc-op>
<gc-end id="2511" type="scavenge" contextid="2507" durationms="2.841" usertimems="4.000" systemtimems="0.000" timestamp="2019-06-16T18:48:46.012" activeThreads="4">
  <mem-info id="2512" free="2066811560" total="2092630016" percent="98">
    <mem type="nursery" free="1953256" total="3932160" percent="49">
      <mem type="allocate" free="1953256" total="2752512" percent="70" />
      <mem type="survivor" free="0" total="1179648" percent="0" />
    </mem>
    <mem type="tenure" free="2064858304" total="2088697856" percent="98">
      <mem type="soa" free="1960423616" total="1984263168" percent="98" />
      <mem type="loa" free="104434688" total="104434688" percent="100" />
    </mem>
    <pending-finalizers system="0" default="0" reference="48" classloader="0" />
    <remembered-set count="273" />
  </mem-info>
</gc-end>
<cycle-end id="2513" type="scavenge" contextid="2507" timestamp="2019-06-16T18:48:46.012" />
  <attribute name="elasticGC enabled" value="1" />
  <attribute name= "numThreadsSpecified" value="4" />
  <attribute name="heapSize specified" value="9830400" />
  <attribute name="Current GC Util" value="58" />
  <attribute name= "Current Time Running" value="3880" />
  <attribute name ="GC Interval" value="272" />
  <attribute name="ProportionalT" value="38.000000" />
  <attribute name="ProportionalI" value="38.000000" />
  <attribute name="ProportionalH" value="38.000000" />
  <attribute name="Current Error" value="38.000000" />
  <attribute name="IntegralT" value="228.000000" />
  <attribute name="IntegralI" value="228.000000" />
  <attribute name="IntegralH" value="228.000000" />
  <attribute name="DerivativeT" value="0.666667" />
  <attribute name="DerivativeI" value="0.666667" />
  <attribute name="DerivativeH" value="0.666667" />
  <attribute name="Loop Time for DT" value="6.000000" />
  <attribute name="Output H" value="8388608"/>
  <attribute name="Output I" value="272"/>
  <attribute name="Output T" value="4"/>
  <attribute name="Target GC Util Change" value ="20.000000" />
  <attribute name="Current GC Util Change" value="58.000000"/>
  <attribute name="GC Util currently" value="58" />
  <attribute name="CPU Util currently" value="726113004306" />
<allocation-satisfied id="2514" threadId="0000000000A85000" bytesRequested="576" />
<af-end id="2515" timestamp="2019-06-16T18:48:46.012" threadId="0000000000A85988" success="true" from="nursery"/>
<exclusive-end id="2516" timestamp="2019-06-16T18:48:46.012" durationms="3.509" />

<exclusive-start id="2517" timestamp="2019-06-16T18:48:46.028" intervalms="19.484">
  <response-info timems="0.064" idlems="0.064" threads="0" lastid="0000000000A85000" lastname="PmdThread 4" />
</exclusive-start>
<af-start id="2518" threadId="0000000000A85988" totalBytesRequested="15328" timestamp="2019-06-16T18:48:46.028" intervalms="19.530" type="nursery" />
<cycle-start id="2519" type="scavenge" contextid="0" timestamp="2019-06-16T18:48:46.028" intervalms="19.540" />
<gc-start id="2520" type="scavenge" contextid="2519" timestamp="2019-06-16T18:48:46.028">
  <mem-info id="2521" free="2064857936" total="2092630016" percent="98">
    <mem type="nursery" free="0" total="3932160" percent="0">
      <mem type="allocate" free="0" total="2752512" percent="0" />
      <mem type="survivor" free="0" total="1179648" percent="0" />
    </mem>
    <mem type="tenure" free="2064857936" total="2088697856" percent="98">
      <mem type="soa" free="1960423248" total="1984263168" percent="98" />
      <mem type="loa" free="104434688" total="104434688" percent="100" />
    </mem>
    <remembered-set count="365" />
  </mem-info>
</gc-start>
<allocation-stats totalBytes="1935584" >
  <allocated-bytes non-tlh="944" tlh="1934640" />
  <largest-consumer threadName="PmdThread 1" threadId="0000000000A79C00" bytes="948896" />
</allocation-stats>
<gc-op id="2522" type="scavenge" timems="3.844" contextid="2519" timestamp="2019-06-16T18:48:46.032">
  <scavenger-info tenureage="1" tenuremask="7ffe" tiltratio="70" />
  <memory-copied type="nursery" objects="18043" bytes="604560" bytesdiscarded="92016" />
  <memory-copied type="tenure" objects="16542" bytes="594184" bytesdiscarded="680" />
  <references type="weak" candidates="25" cleared="25" enqueued="25" />
  <references type="phantom" candidates="1" cleared="1" enqueued="1" />
</gc-op>
<gc-end id="2523" type="scavenge" contextid="2519" durationms="4.024" usertimems="0.000" systemtimems="8.000" timestamp="2019-06-16T18:48:46.032" activeThreads="4">
  <mem-info id="2524" free="2066289464" total="2092630016" percent="98">
    <mem type="nursery" free="2121472" total="3932160" percent="53">
      <mem type="allocate" free="2121472" total="2818048" percent="75" />
      <mem type="survivor" free="0" total="1114112" percent="0" />
    </mem>
    <mem type="tenure" free="2064167992" total="2088697856" percent="98">
      <mem type="soa" free="1959733304" total="1984263168" percent="98" />
      <mem type="loa" free="104434688" total="104434688" percent="100" />
    </mem>
    <pending-finalizers system="0" default="0" reference="26" classloader="0" />
    <remembered-set count="195" />
  </mem-info>
</gc-end>
<cycle-end id="2525" type="scavenge" contextid="2519" timestamp="2019-06-16T18:48:46.033" />
  <attribute name="elasticGC enabled" value="1" />
  <attribute name= "numThreadsSpecified" value="4" />
  <attribute name="heapSize specified" value="9830400" />
  <attribute name="Current GC Util" value="17" />
  <attribute name= "Current Time Running" value="3900" />
  <attribute name ="GC Interval" value="200" />
  <attribute name="ProportionalT" value="-3.000000" />
  <attribute name="ProportionalI" value="-3.000000" />
  <attribute name="ProportionalH" value="-3.000000" />
  <attribute name="Current Error" value="-3.000000" />
  <attribute name="IntegralT" value="-60.000000" />
  <attribute name="IntegralI" value="-60.000000" />
  <attribute name="IntegralH" value="-60.000000" />
  <attribute name="DerivativeT" value="-1.025000" />
  <attribute name="DerivativeI" value="-1.025000" />
  <attribute name="DerivativeH" value="-1.025000" />
  <attribute name="Loop Time for DT" value="20.000000" />
  <attribute name="Output H" value="2092630016"/>
  <attribute name="Output I" value="200"/>
  <attribute name="Output T" value="4"/>
  <attribute name="Target GC Util Change" value ="20.000000" />
  <attribute name="Current GC Util Change" value="17.000000"/>
  <attribute name="GC Util currently" value="17" />
  <attribute name="CPU Util currently" value="235494141348" />
<allocation-satisfied id="2526" threadId="0000000000A85000" bytesRequested="15328" />
<af-end id="2527" timestamp="2019-06-16T18:48:46.033" threadId="0000000000A85988" success="true" from="nursery"/>
<exclusive-end id="2528" timestamp="2019-06-16T18:48:46.033" durationms="4.446" />

<exclusive-start id="2529" timestamp="2019-06-16T18:48:46.037" intervalms="9.096">
  <response-info timems="0.259" idlems="0.146" threads="2" lastid="0000000000A7D800" lastname="PmdThread 2" />
</exclusive-start>
<af-start id="2530" threadId="0000000000A85988" totalBytesRequested="32" timestamp="2019-06-16T18:48:46.037" intervalms="9.092" type="nursery" />
<cycle-start id="2531" type="scavenge" contextid="0" timestamp="2019-06-16T18:48:46.037" intervalms="9.104" />
<gc-start id="2532" type="scavenge" contextid="2531" timestamp="2019-06-16T18:48:46.038">
  <mem-info id="2533" free="2064167904" total="2092630016" percent="98">
    <mem type="nursery" free="0" total="3932160" percent="0">
      <mem type="allocate" free="0" total="2818048" percent="0" />
      <mem type="survivor" free="0" total="1114112" percent="0" />
    </mem>
    <mem type="tenure" free="2064167904" total="2088697856" percent="98">
      <mem type="soa" free="1959733216" total="1984263168" percent="98" />
      <mem type="loa" free="104434688" total="104434688" percent="100" />
    </mem>
    <remembered-set count="214" />
  </mem-info>
</gc-start>
<allocation-stats totalBytes="2121144" >
  <allocated-bytes non-tlh="15416" tlh="2105728" />
  <largest-consumer threadName="PmdThread 1" threadId="0000000000A79C00" bytes="1160048" />
</allocation-stats>
<gc-op id="2534" type="scavenge" timems="3.743" contextid="2531" timestamp="2019-06-16T18:48:46.041">
  <scavenger-info tenureage="1" tenuremask="7ffe" tiltratio="71" />
  <memory-copied type="nursery" objects="21262" bytes="771128" bytesdiscarded="143048" />
  <memory-copied type="tenure" objects="17347" bytes="567688" bytesdiscarded="280" />
</gc-op>
<gc-end id="2535" type="scavenge" contextid="2531" durationms="3.953" usertimems="8.000" systemtimems="0.000" timestamp="2019-06-16T18:48:46.042" activeThreads="4">
  <mem-info id="2536" free="2065588920" total="2092630016" percent="98">
    <mem type="nursery" free="1969368" total="3932160" percent="50">
      <mem type="allocate" free="1969368" total="2883584" percent="68" />
      <mem type="survivor" free="0" total="1048576" percent="0" />
    </mem>
    <mem type="tenure" free="2063619552" total="2088697856" percent="98">
      <mem type="soa" free="1959184864" total="1984263168" percent="98" />
      <mem type="loa" free="104434688" total="104434688" percent="100" />
    </mem>
    <remembered-set count="341" />
  </mem-info>
</gc-end>
<cycle-end id="2537" type="scavenge" contextid="2531" timestamp="2019-06-16T18:48:46.042" />
  <attribute name="elasticGC enabled" value="1" />
  <attribute name= "numThreadsSpecified" value="4" />
  <attribute name="heapSize specified" value="9830400" />
  <attribute name="Current GC Util" value="60" />
  <attribute name= "Current Time Running" value="3909" />
  <attribute name ="GC Interval" value="408" />
  <attribute name="ProportionalT" value="40.000000" />
  <attribute name="ProportionalI" value="40.000000" />
  <attribute name="ProportionalH" value="40.000000" />
  <attribute name="Current Error" value="40.000000" />
  <attribute name="IntegralT" value="360.000000" />
  <attribute name="IntegralI" value="360.000000" />
  <attribute name="IntegralH" value="360.000000" />
  <attribute name="DerivativeT" value="2.222222" />
  <attribute name="DerivativeI" value="2.222222" />
  <attribute name="DerivativeH" value="2.222222" />
  <attribute name="Loop Time for DT" value="9.000000" />
  <attribute name="Output H" value="8388608"/>
  <attribute name="Output I" value="408"/>
  <attribute name="Output T" value="4"/>
  <attribute name="Target GC Util Change" value ="20.000000" />
  <attribute name="Current GC Util Change" value="60.000000"/>
  <attribute name="GC Util currently" value="60" />
  <attribute name="CPU Util currently" value="503743379264" />
<allocation-satisfied id="2538" threadId="0000000000A85000" bytesRequested="32" />
<af-end id="2539" timestamp="2019-06-16T18:48:46.042" threadId="0000000000A85988" success="true" from="nursery"/>
<exclusive-end id="2540" timestamp="2019-06-16T18:48:46.042" durationms="4.384" />

<exclusive-start id="2541" timestamp="2019-06-16T18:48:46.047" intervalms="9.964">
  <response-info timems="0.285" idlems="0.217" threads="2" lastid="0000000000A85000" lastname="PmdThread 4" />
</exclusive-start>
<af-start id="2542" threadId="0000000000A7E188" totalBytesRequested="72" timestamp="2019-06-16T18:48:46.047" intervalms="10.006" type="nursery" />
<cycle-start id="2543" type="scavenge" contextid="0" timestamp="2019-06-16T18:48:46.047" intervalms="9.998" />
<gc-start id="2544" type="scavenge" contextid="2543" timestamp="2019-06-16T18:48:46.048">
  <mem-info id="2545" free="2063618808" total="2092630016" percent="98">
    <mem type="nursery" free="0" total="3932160" percent="0">
      <mem type="allocate" free="0" total="2883584" percent="0" />
      <mem type="survivor" free="0" total="1048576" percent="0" />
    </mem>
    <mem type="tenure" free="2063618808" total="2088697856" percent="98">
      <mem type="soa" free="1959184120" total="1984263168" percent="98" />
      <mem type="loa" free="104434688" total="104434688" percent="100" />
    </mem>
    <remembered-set count="427" />
  </mem-info>
</gc-start>
<allocation-stats totalBytes="1966040" >
  <allocated-bytes non-tlh="776" tlh="1965264" />
  <largest-consumer threadName="PmdThread 1" threadId="0000000000A79C00" bytes="957384" />
</allocation-stats>
<gc-op id="2546" type="scavenge" timems="1.729" contextid="2543" timestamp="2019-06-16T18:48:46.049">
  <scavenger-info tenureage="1" tenuremask="7ffe" tiltratio="73" />
  <memory-copied type="nursery" objects="16924" bytes="690776" bytesdiscarded="97328" />
  <memory-copied type="tenure" objects="20530" bytes="687440" bytesdiscarded="336" />
  <references type="weak" candidates="34" cleared="33" enqueued="33" />
  <references type="phantom" candidates="7" cleared="5" enqueued="5" />
</gc-op>
<gc-end id="2547" type="scavenge" contextid="2543" durationms="1.928" usertimems="0.000" systemtimems="4.000" timestamp="2019-06-16T18:48:46.049" activeThreads="4">
  <mem-info id="2548" free="2065087536" total="2092630016" percent="98">
    <mem type="nursery" free="2095416" total="3932160" percent="53">
      <mem type="allocate" free="2095416" total="2883584" percent="72" />
      <mem type="survivor" free="0" total="1048576" percent="0" />
    </mem>
    <mem type="tenure" free="2062992120" total="2088697856" percent="98">
      <mem type="soa" free="1958557432" total="1984263168" percent="98" />
      <mem type="loa" free="104434688" total="104434688" percent="100" />
    </mem>
    <pending-finalizers system="0" default="0" reference="38" classloader="0" />
    <remembered-set count="168" />
  </mem-info>
</gc-end>
<cycle-end id="2549" type="scavenge" contextid="2543" timestamp="2019-06-16T18:48:46.050" />
  <attribute name="elasticGC enabled" value="1" />
  <attribute name= "numThreadsSpecified" value="4" />
  <attribute name="heapSize specified" value="9830400" />
  <attribute name="Current GC Util" value="52" />
  <attribute name= "Current Time Running" value="3919" />
  <attribute name ="GC Interval" value="352" />
  <attribute name="ProportionalT" value="32.000000" />
  <attribute name="ProportionalI" value="32.000000" />
  <attribute name="ProportionalH" value="32.000000" />
  <attribute name="Current Error" value="32.000000" />
  <attribute name="IntegralT" value="320.000000" />
  <attribute name="IntegralI" value="320.000000" />
  <attribute name="IntegralH" value="320.000000" />
  <attribute name="DerivativeT" value="-0.400000" />
  <attribute name="DerivativeI" value="-0.400000" />
  <attribute name="DerivativeH" value="-0.400000" />
  <attribute name="Loop Time for DT" value="10.000000" />
  <attribute name="Output H" value="8388608"/>
  <attribute name="Output I" value="352"/>
  <attribute name="Output T" value="4"/>
  <attribute name="Target GC Util Change" value ="20.000000" />
  <attribute name="Current GC Util Change" value="52.000000"/>
  <attribute name="GC Util currently" value="52" />
  <attribute name="CPU Util currently" value="464515340943" />
<allocation-satisfied id="2550" threadId="0000000000A7D800" bytesRequested="72" />
<af-end id="2551" timestamp="2019-06-16T18:48:46.050" threadId="0000000000A7E188" success="true" from="nursery"/>
<exclusive-end id="2552" timestamp="2019-06-16T18:48:46.050" durationms="2.426" />

<exclusive-start id="2553" timestamp="2019-06-16T18:48:46.054" intervalms="6.268">
  <response-info timems="0.047" idlems="0.020" threads="2" lastid="0000000000A7D800" lastname="PmdThread 2" />
</exclusive-start>
<af-start id="2554" threadId="0000000000A85988" totalBytesRequested="24" timestamp="2019-06-16T18:48:46.054" intervalms="6.221" type="nursery" />
<cycle-start id="2555" type="scavenge" contextid="0" timestamp="2019-06-16T18:48:46.054" intervalms="6.239" />
<gc-start id="2556" type="scavenge" contextid="2555" timestamp="2019-06-16T18:48:46.054">
  <mem-info id="2557" free="2062991184" total="2092630016" percent="98">
    <mem type="nursery" free="0" total="3932160" percent="0">
      <mem type="allocate" free="0" total="2883584" percent="0" />
      <mem type="survivor" free="0" total="1048576" percent="0" />
    </mem>
    <mem type="tenure" free="2062991184" total="2088697856" percent="98">
      <mem type="soa" free="1958556496" total="1984263168" percent="98" />
      <mem type="loa" free="104434688" total="104434688" percent="100" />
    </mem>
    <remembered-set count="249" />
  </mem-info>
</gc-start>
<allocation-stats totalBytes="2095792" >
  <allocated-bytes non-tlh="1008" tlh="2094784" />
  <largest-consumer threadName="PmdThread 1" threadId="0000000000A79C00" bytes="1036072" />
</allocation-stats>
<gc-op id="2558" type="scavenge" timems="2.409" contextid="2555" timestamp="2019-06-16T18:48:46.056">
  <scavenger-info tenureage="1" tenuremask="7ffe" tiltratio="73" />
  <memory-copied type="nursery" objects="17939" bytes="572168" bytesdiscarded="99064" />
  <memory-copied type="tenure" objects="16672" bytes="661464" bytesdiscarded="736" />
  <references type="weak" candidates="24" cleared="24" enqueued="24" />
</gc-op>
<gc-end id="2559" type="scavenge" contextid="2555" durationms="2.658" usertimems="4.000" systemtimems="0.000" timestamp="2019-06-16T18:48:46.056" activeThreads="4">
  <mem-info id="2560" free="2064593448" total="2092630016" percent="98">
    <mem type="nursery" free="2277888" total="3932160" percent="57">
      <mem type="allocate" free="2277888" total="2949120" percent="77" />
      <mem type="survivor" free="0" total="983040" percent="0" />
    </mem>
    <mem type="tenure" free="2062315560" total="2088697856" percent="98">
      <mem type="soa" free="1957880872" total="1984263168" percent="98" />
      <mem type="loa" free="104434688" total="104434688" percent="100" />
    </mem>
    <pending-finalizers system="0" default="0" reference="24" classloader="0" />
    <remembered-set count="226" />
  </mem-info>
</gc-end>
<cycle-end id="2561" type="scavenge" contextid="2555" timestamp="2019-06-16T18:48:46.057" />
  <attribute name="elasticGC enabled" value="1" />
  <attribute name= "numThreadsSpecified" value="4" />
  <attribute name="heapSize specified" value="9830400" />
  <attribute name="Current GC Util" value="57" />
  <attribute name= "Current Time Running" value="3925" />
  <attribute name ="GC Interval" value="264" />
  <attribute name="ProportionalT" value="37.000000" />
  <attribute name="ProportionalI" value="37.000000" />
  <attribute name="ProportionalH" value="37.000000" />
  <attribute name="Current Error" value="37.000000" />
  <attribute name="IntegralT" value="222.000000" />
  <attribute name="IntegralI" value="222.000000" />
  <attribute name="IntegralH" value="222.000000" />
  <attribute name="DerivativeT" value="0.416667" />
  <attribute name="DerivativeI" value="0.416667" />
  <attribute name="DerivativeH" value="0.416667" />
  <attribute name="Loop Time for DT" value="6.000000" />
  <attribute name="Output H" value="8388608"/>
  <attribute name="Output I" value="264"/>
  <attribute name="Output T" value="4"/>
  <attribute name="Target GC Util Change" value ="20.000000" />
  <attribute name="Current GC Util Change" value="57.000000"/>
  <attribute name="GC Util currently" value="57" />
  <attribute name="CPU Util currently" value="736594686343" />
<allocation-satisfied id="2562" threadId="0000000000A85000" bytesRequested="24" />
<af-end id="2563" timestamp="2019-06-16T18:48:46.057" threadId="0000000000A85988" success="true" from="nursery"/>
<exclusive-end id="2564" timestamp="2019-06-16T18:48:46.057" durationms="3.298" />

<exclusive-start id="2565" timestamp="2019-06-16T18:48:46.068" intervalms="14.569">
  <response-info timems="0.863" idlems="0.742" threads="3" lastid="0000000000A81400" lastname="PmdThread 3" />
</exclusive-start>
<af-start id="2566" threadId="0000000000A85988" totalBytesRequested="48" timestamp="2019-06-16T18:48:46.068" intervalms="14.561" type="nursery" />
<cycle-start id="2567" type="scavenge" contextid="0" timestamp="2019-06-16T18:48:46.068" intervalms="14.564" />
<gc-start id="2568" type="scavenge" contextid="2567" timestamp="2019-06-16T18:48:46.068">
  <mem-info id="2569" free="2062315560" total="2092630016" percent="98">
    <mem type="nursery" free="0" total="3932160" percent="0">
      <mem type="allocate" free="0" total="2949120" percent="0" />
      <mem type="survivor" free="0" total="983040" percent="0" />
    </mem>
    <mem type="tenure" free="2062315560" total="2088697856" percent="98">
      <mem type="soa" free="1957880872" total="1984263168" percent="98" />
      <mem type="loa" free="104434688" total="104434688" percent="100" />
    </mem>
    <remembered-set count="269" />
  </mem-info>
</gc-start>
<allocation-stats totalBytes="2277272" >
  <allocated-bytes non-tlh="24" tlh="2277248" />
  <largest-consumer threadName="PmdThread 1" threadId="0000000000A79C00" bytes="1175320" />
</allocation-stats>
<gc-op id="2570" type="scavenge" timems="2.430" contextid="2567" timestamp="2019-06-16T18:48:46.071">
  <scavenger-info tenureage="1" tenuremask="7ffe" tiltratio="75" />
  <memory-copied type="nursery" objects="22594" bytes="727984" bytesdiscarded="147520" />
  <memory-copied type="tenure" objects="17379" bytes="555464" bytesdiscarded="272" />
  <references type="weak" candidates="4" cleared="4" enqueued="4" />
</gc-op>
<gc-end id="2571" type="scavenge" contextid="2567" durationms="2.620" usertimems="0.000" systemtimems="4.000" timestamp="2019-06-16T18:48:46.071" activeThreads="4">
  <mem-info id="2572" free="2063840808" total="2092630016" percent="98">
    <mem type="nursery" free="2073600" total="3932160" percent="52">
      <mem type="allocate" free="2073600" total="2949120" percent="70" />
      <mem type="survivor" free="0" total="983040" percent="0" />
    </mem>
    <mem type="tenure" free="2061767208" total="2088697856" percent="98">
      <mem type="soa" free="1957332520" total="1984263168" percent="98" />
      <mem type="loa" free="104434688" total="104434688" percent="100" />
    </mem>
    <pending-finalizers system="0" default="0" reference="4" classloader="0" />
    <remembered-set count="272" />
  </mem-info>
</gc-end>
<cycle-end id="2573" type="scavenge" contextid="2567" timestamp="2019-06-16T18:48:46.071" />
  <attribute name="elasticGC enabled" value="1" />
  <attribute name= "numThreadsSpecified" value="4" />
  <attribute name="heapSize specified" value="9830400" />
  <attribute name="Current GC Util" value="22" />
  <attribute name= "Current Time Running" value="3940" />
  <attribute name ="GC Interval" value="200" />
  <attribute name="ProportionalT" value="2.000000" />
  <attribute name="ProportionalI" value="2.000000" />
  <attribute name="ProportionalH" value="2.000000" />
  <attribute name="Current Error" value="2.000000" />
  <attribute name="IntegralT" value="30.000000" />
  <attribute name="IntegralI" value="30.000000" />
  <attribute name="IntegralH" value="30.000000" />
  <attribute name="DerivativeT" value="-1.166667" />
  <attribute name="DerivativeI" value="-1.166667" />
  <attribute name="DerivativeH" value="-1.166667" />
  <attribute name="Loop Time for DT" value="15.000000" />
  <attribute name="Output H" value="8388608"/>
  <attribute name="Output I" value="200"/>
  <attribute name="Output T" value="4"/>
  <attribute name="Target GC Util Change" value ="20.000000" />
  <attribute name="Current GC Util Change" value="22.000000"/>
  <attribute name="GC Util currently" value="22" />
  <attribute name="CPU Util currently" value="317195498806" />
<allocation-satisfied id="2574" threadId="0000000000A85000" bytesRequested="48" />
<af-end id="2575" timestamp="2019-06-16T18:48:46.071" threadId="0000000000A85988" success="true" from="nursery"/>
<exclusive-end id="2576" timestamp="2019-06-16T18:48:46.071" durationms="3.151" />

<exclusive-start id="2577" timestamp="2019-06-16T18:48:46.074" intervalms="6.321">
  <response-info timems="0.084" idlems="0.084" threads="0" lastid="0000000000A81400" lastname="PmdThread 3" />
</exclusive-start>
<af-start id="2578" threadId="0000000000A81D88" totalBytesRequested="24" timestamp="2019-06-16T18:48:46.075" intervalms="6.316" type="nursery" />
<cycle-start id="2579" type="scavenge" contextid="0" timestamp="2019-06-16T18:48:46.075" intervalms="6.309" />
<gc-start id="2580" type="scavenge" contextid="2579" timestamp="2019-06-16T18:48:46.075">
  <mem-info id="2581" free="2061767208" total="2092630016" percent="98">
    <mem type="nursery" free="0" total="3932160" percent="0">
      <mem type="allocate" free="0" total="2949120" percent="0" />
      <mem type="survivor" free="0" total="983040" percent="0" />
    </mem>
    <mem type="tenure" free="2061767208" total="2088697856" percent="98">
      <mem type="soa" free="1957332520" total="1984263168" percent="98" />
      <mem type="loa" free="104434688" total="104434688" percent="100" />
    </mem>
    <remembered-set count="277" />
  </mem-info>
</gc-start>
<allocation-stats totalBytes="2073296" >
  <allocated-bytes non-tlh="48" tlh="2073248" />
  <largest-consumer threadName="PmdThread 4" threadId="0000000000A85000" bytes="1459008" />
</allocation-stats>
<gc-op id="2582" type="scavenge" timems="2.474" contextid="2579" timestamp="2019-06-16T18:48:46.077">
  <scavenger-info tenureage="1" tenuremask="7ffe" tiltratio="75" />
  <memory-copied type="nursery" objects="5862" bytes="185888" bytesdiscarded="180448" />
  <memory-copied type="tenure" objects="22565" bytes="727104" bytesdiscarded="296" />
</gc-op>
<gc-end id="2583" type="scavenge" contextid="2579" durationms="2.837" usertimems="0.000" systemtimems="4.000" timestamp="2019-06-16T18:48:46.077" activeThreads="4">
  <mem-info id="2584" free="2063614248" total="2092630016" percent="98">
    <mem type="nursery" free="2582784" total="3932160" percent="65">
      <mem type="allocate" free="2582784" total="2949120" percent="87" />
      <mem type="survivor" free="0" total="983040" percent="0" />
    </mem>
    <mem type="tenure" free="2061031464" total="2088697856" percent="98">
      <mem type="soa" free="1956596776" total="1984263168" percent="98" />
      <mem type="loa" free="104434688" total="104434688" percent="100" />
    </mem>
    <remembered-set count="145" />
  </mem-info>
</gc-end>
<cycle-end id="2585" type="scavenge" contextid="2579" timestamp="2019-06-16T18:48:46.078" />
  <attribute name="elasticGC enabled" value="1" />
  <attribute name= "numThreadsSpecified" value="4" />
  <attribute name="heapSize specified" value="9830400" />
  <attribute name="Current GC Util" value="51" />
  <attribute name= "Current Time Running" value="3946" />
  <attribute name ="GC Interval" value="224" />
  <attribute name="ProportionalT" value="31.000000" />
  <attribute name="ProportionalI" value="31.000000" />
  <attribute name="ProportionalH" value="31.000000" />
  <attribute name="Current Error" value="31.000000" />
  <attribute name="IntegralT" value="186.000000" />
  <attribute name="IntegralI" value="186.000000" />
  <attribute name="IntegralH" value="186.000000" />
  <attribute name="DerivativeT" value="2.416667" />
  <attribute name="DerivativeI" value="2.416667" />
  <attribute name="DerivativeH" value="2.416667" />
  <attribute name="Loop Time for DT" value="6.000000" />
  <attribute name="Output H" value="8388608"/>
  <attribute name="Output I" value="224"/>
  <attribute name="Output T" value="4"/>
  <attribute name="Target GC Util Change" value ="20.000000" />
  <attribute name="Current GC Util Change" value="51.000000"/>
  <attribute name="GC Util currently" value="51" />
  <attribute name="CPU Util currently" value="721528243197" />
<allocation-satisfied id="2586" threadId="0000000000A81400" bytesRequested="24" />
<af-end id="2587" timestamp="2019-06-16T18:48:46.078" threadId="0000000000A81D88" success="true" from="nursery"/>
<exclusive-end id="2588" timestamp="2019-06-16T18:48:46.078" durationms="3.307" />

<exclusive-start id="2589" timestamp="2019-06-16T18:48:46.086" intervalms="11.181">
  <response-info timems="0.094" idlems="0.038" threads="2" lastid="0000000000A79C00" lastname="PmdThread 1" />
</exclusive-start>
<af-start id="2590" threadId="0000000000A85988" totalBytesRequested="48" timestamp="2019-06-16T18:48:46.086" intervalms="11.222" type="nursery" />
<cycle-start id="2591" type="scavenge" contextid="0" timestamp="2019-06-16T18:48:46.086" intervalms="11.226" />
<gc-start id="2592" type="scavenge" contextid="2591" timestamp="2019-06-16T18:48:46.086">
  <mem-info id="2593" free="2061031464" total="2092630016" percent="98">
    <mem type="nursery" free="0" total="3932160" percent="0">
      <mem type="allocate" free="0" total="2949120" percent="0" />
      <mem type="survivor" free="0" total="983040" percent="0" />
    </mem>
    <mem type="tenure" free="2061031464" total="2088697856" percent="98">
      <mem type="soa" free="1956596776" total="1984263168" percent="98" />
      <mem type="loa" free="104434688" total="104434688" percent="100" />
    </mem>
    <remembered-set count="166" />
  </mem-info>
</gc-start>
<allocation-stats totalBytes="2574696" >
  <allocated-bytes non-tlh="24" tlh="2574672" />
  <largest-consumer threadName="PmdThread 4" threadId="0000000000A85000" bytes="1968112" />
</allocation-stats>
<gc-op id="2594" type="scavenge" timems="1.196" contextid="2591" timestamp="2019-06-16T18:48:46.087">
  <scavenger-info tenureage="2" tenuremask="7ffc" tiltratio="75" />
  <memory-copied type="nursery" objects="6513" bytes="268688" bytesdiscarded="108144" />
</gc-op>
<gc-end id="2595" type="scavenge" contextid="2591" durationms="1.390" usertimems="0.000" systemtimems="4.000" timestamp="2019-06-16T18:48:46.087" activeThreads="4">
  <mem-info id="2596" free="2063734800" total="2092630016" percent="98">
    <mem type="nursery" free="2703336" total="3932160" percent="68">
      <mem type="allocate" free="2703336" total="3080192" percent="87" />
      <mem type="survivor" free="0" total="851968" percent="0" />
    </mem>
    <mem type="tenure" free="2061031464" total="2088697856" percent="98">
      <mem type="soa" free="1956596776" total="1984263168" percent="98" />
      <mem type="loa" free="104434688" total="104434688" percent="100" />
    </mem>
    <remembered-set count="147" />
  </mem-info>
</gc-end>
<cycle-end id="2597" type="scavenge" contextid="2591" timestamp="2019-06-16T18:48:46.087" />
  <attribute name="elasticGC enabled" value="1" />
  <attribute name= "numThreadsSpecified" value="4" />
  <attribute name="heapSize specified" value="9830400" />
  <attribute name="Current GC Util" value="32" />
  <attribute name= "Current Time Running" value="3957" />
  <attribute name ="GC Interval" value="200" />
  <attribute name="ProportionalT" value="12.000000" />
  <attribute name="ProportionalI" value="12.000000" />
  <attribute name="ProportionalH" value="12.000000" />
  <attribute name="Current Error" value="12.000000" />
  <attribute name="IntegralT" value="132.000000" />
  <attribute name="IntegralI" value="132.000000" />
  <attribute name="IntegralH" value="132.000000" />
  <attribute name="DerivativeT" value="-0.863636" />
  <attribute name="DerivativeI" value="-0.863636" />
  <attribute name="DerivativeH" value="-0.863636" />
  <attribute name="Loop Time for DT" value="11.000000" />
  <attribute name="Output H" value="8388608"/>
  <attribute name="Output I" value="200"/>
  <attribute name="Output T" value="4"/>
  <attribute name="Target GC Util Change" value ="20.000000" />
  <attribute name="Current GC Util Change" value="32.000000"/>
  <attribute name="GC Util currently" value="32" />
  <attribute name="CPU Util currently" value="412287652981" />
<allocation-satisfied id="2598" threadId="0000000000A85000" bytesRequested="48" />
<af-end id="2599" timestamp="2019-06-16T18:48:46.087" threadId="0000000000A85988" success="true" from="nursery"/>
<exclusive-end id="2600" timestamp="2019-06-16T18:48:46.087" durationms="1.851" />

<exclusive-start id="2601" timestamp="2019-06-16T18:48:46.111" intervalms="25.575">
  <response-info timems="0.350" idlems="0.315" threads="1" lastid="0000000000A79C00" lastname="PmdThread 1" />
</exclusive-start>
<af-start id="2602" threadId="0000000000A85988" totalBytesRequested="24" timestamp="2019-06-16T18:48:46.111" intervalms="25.539" type="nursery" />
<cycle-start id="2603" type="scavenge" contextid="0" timestamp="2019-06-16T18:48:46.111" intervalms="25.527" />
<gc-start id="2604" type="scavenge" contextid="2603" timestamp="2019-06-16T18:48:46.111">
  <mem-info id="2605" free="2061031280" total="2092630016" percent="98">
    <mem type="nursery" free="0" total="3932160" percent="0">
      <mem type="allocate" free="0" total="3080192" percent="0" />
      <mem type="survivor" free="0" total="851968" percent="0" />
    </mem>
    <mem type="tenure" free="2061031280" total="2088697856" percent="98">
      <mem type="soa" free="1956596592" total="1984263168" percent="98" />
      <mem type="loa" free="104434688" total="104434688" percent="100" />
    </mem>
    <remembered-set count="261" />
  </mem-info>
</gc-start>
<allocation-stats totalBytes="2702488" >
  <allocated-bytes non-tlh="232" tlh="2702256" />
  <largest-consumer threadName="PmdThread 1" threadId="0000000000A79C00" bytes="1969760" />
</allocation-stats>
<gc-op id="2606" type="scavenge" timems="2.211" contextid="2603" timestamp="2019-06-16T18:48:46.114">
  <scavenger-info tenureage="3" tenuremask="7ff8" tiltratio="78" />
  <memory-copied type="nursery" objects="22144" bytes="773912" bytesdiscarded="78040" />
  <memory-copied type="tenure" objects="11734" bytes="393112" bytesdiscarded="136" />
  <copy-failed type="nursery" objects="11734" bytes="393112" />
  <references type="weak" candidates="21" cleared="21" enqueued="21" />
  <references type="phantom" candidates="1" cleared="1" enqueued="1" />
</gc-op>
<gc-end id="2607" type="scavenge" contextid="2603" durationms="2.380" usertimems="4.000" systemtimems="0.000" timestamp="2019-06-16T18:48:46.114" activeThreads="4">
  <mem-info id="2608" free="2061753712" total="2092630016" percent="98">
    <mem type="nursery" free="1114112" total="3932160" percent="28">
      <mem type="allocate" free="1114112" total="1966080" percent="56" />
      <mem type="survivor" free="0" total="1966080" percent="0" />
    </mem>
    <mem type="tenure" free="2060639600" total="2088697856" percent="98">
      <mem type="soa" free="1956204912" total="1984263168" percent="98" />
      <mem type="loa" free="104434688" total="104434688" percent="100" />
    </mem>
    <pending-finalizers system="0" default="0" reference="22" classloader="0" />
    <remembered-set count="1333" />
  </mem-info>
</gc-end>
<cycle-end id="2609" type="scavenge" contextid="2603" timestamp="2019-06-16T18:48:46.114" />
  <attribute name="elasticGC enabled" value="1" />
  <attribute name= "numThreadsSpecified" value="4" />
  <attribute name="heapSize specified" value="9830400" />
  <attribute name="Current GC Util" value="9" />
  <attribute name= "Current Time Running" value="3983" />
  <attribute name ="GC Interval" value="200" />
  <attribute name="ProportionalT" value="-11.000000" />
  <attribute name="ProportionalI" value="-11.000000" />
  <attribute name="ProportionalH" value="-11.000000" />
  <attribute name="Current Error" value="-11.000000" />
  <attribute name="IntegralT" value="-286.000000" />
  <attribute name="IntegralI" value="-286.000000" />
  <attribute name="IntegralH" value="-286.000000" />
  <attribute name="DerivativeT" value="-0.442308" />
  <attribute name="DerivativeI" value="-0.442308" />
  <attribute name="DerivativeH" value="-0.442308" />
  <attribute name="Loop Time for DT" value="26.000000" />
  <attribute name="Output H" value="2092630016"/>
  <attribute name="Output I" value="200"/>
  <attribute name="Output T" value="4"/>
  <attribute name="Target GC Util Change" value ="20.000000" />
  <attribute name="Current GC Util Change" value="9.000000"/>
  <attribute name="GC Util currently" value="9" />
  <attribute name="CPU Util currently" value="181053275304" />
<allocation-satisfied id="2610" threadId="0000000000A85000" bytesRequested="24" />
<af-end id="2611" timestamp="2019-06-16T18:48:46.114" threadId="0000000000A85988" success="true" from="nursery"/>
<exclusive-end id="2612" timestamp="2019-06-16T18:48:46.114" durationms="2.775" />

<exclusive-start id="2613" timestamp="2019-06-16T18:48:46.116" intervalms="5.190">
  <response-info timems="0.031" idlems="0.031" threads="0" lastid="0000000000A81400" lastname="PmdThread 3" />
</exclusive-start>
<af-start id="2614" threadId="0000000000A81D88" totalBytesRequested="40" timestamp="2019-06-16T18:48:46.116" intervalms="5.223" type="nursery" />
<cycle-start id="2615" type="scavenge" contextid="0" timestamp="2019-06-16T18:48:46.117" intervalms="5.287" />
<gc-start id="2616" type="scavenge" contextid="2615" timestamp="2019-06-16T18:48:46.117">
  <mem-info id="2617" free="2060639224" total="2092630016" percent="98">
    <mem type="nursery" free="0" total="3932160" percent="0">
      <mem type="allocate" free="0" total="1966080" percent="0" />
      <mem type="survivor" free="0" total="1966080" percent="0" />
    </mem>
    <mem type="tenure" free="2060639224" total="2088697856" percent="98">
      <mem type="soa" free="1956204536" total="1984263168" percent="98" />
      <mem type="loa" free="104434688" total="104434688" percent="100" />
    </mem>
    <remembered-set count="1482" />
  </mem-info>
</gc-start>
<allocation-stats totalBytes="1113432" >
  <allocated-bytes non-tlh="400" tlh="1113032" />
  <largest-consumer threadName="PmdThread 4" threadId="0000000000A85000" bytes="507872" />
</allocation-stats>
<gc-op id="2618" type="scavenge" timems="1.223" contextid="2615" timestamp="2019-06-16T18:48:46.118">
  <scavenger-info tenureage="2" tenuremask="7ffc" tiltratio="50" />
  <memory-copied type="nursery" objects="17192" bytes="620696" bytesdiscarded="236920" />
  <memory-copied type="tenure" objects="6280" bytes="258520" bytesdiscarded="104" />
  <references type="weak" candidates="32" cleared="32" enqueued="32" />
</gc-op>
<gc-end id="2619" type="scavenge" contextid="2615" durationms="1.416" usertimems="4.000" systemtimems="0.000" timestamp="2019-06-16T18:48:46.118" activeThreads="4">
  <mem-info id="2620" free="2061427136" total="2092630016" percent="98">
    <mem type="nursery" free="1108456" total="3932160" percent="28">
      <mem type="allocate" free="1108456" total="1966080" percent="56" />
      <mem type="survivor" free="0" total="1966080" percent="0" />
    </mem>
    <mem type="tenure" free="2060318680" total="2088697856" percent="98">
      <mem type="soa" free="1955883992" total="1984263168" percent="98" />
      <mem type="loa" free="104434688" total="104434688" percent="100" />
    </mem>
    <pending-finalizers system="0" default="0" reference="32" classloader="0" />
    <remembered-set count="1387" />
  </mem-info>
</gc-end>
<cycle-end id="2621" type="scavenge" contextid="2615" timestamp="2019-06-16T18:48:46.118" />
  <attribute name="elasticGC enabled" value="1" />
  <attribute name= "numThreadsSpecified" value="4" />
  <attribute name="heapSize specified" value="9830400" />
  <attribute name="Current GC Util" value="91" />
  <attribute name= "Current Time Running" value="3988" />
  <attribute name ="GC Interval" value="440" />
  <attribute name="ProportionalT" value="71.000000" />
  <attribute name="ProportionalI" value="71.000000" />
  <attribute name="ProportionalH" value="71.000000" />
  <attribute name="Current Error" value="71.000000" />
  <attribute name="IntegralT" value="355.000000" />
  <attribute name="IntegralI" value="355.000000" />
  <attribute name="IntegralH" value="355.000000" />
  <attribute name="DerivativeT" value="7.100000" />
  <attribute name="DerivativeI" value="7.100000" />
  <attribute name="DerivativeH" value="7.100000" />
  <attribute name="Loop Time for DT" value="5.000000" />
  <attribute name="Output H" value="8388608"/>
  <attribute name="Output I" value="440"/>
  <attribute name="Output T" value="4"/>
  <attribute name="Target GC Util Change" value ="20.000000" />
  <attribute name="Current GC Util Change" value="91.000000"/>
  <attribute name="GC Util currently" value="91" />
  <attribute name="CPU Util currently" value="864728796176" />
<allocation-satisfied id="2622" threadId="0000000000A81400" bytesRequested="40" />
<af-end id="2623" timestamp="2019-06-16T18:48:46.118" threadId="0000000000A81D88" success="true" from="nursery"/>
<exclusive-end id="2624" timestamp="2019-06-16T18:48:46.118" durationms="2.070" />

<exclusive-start id="2625" timestamp="2019-06-16T18:48:46.127" intervalms="10.272">
  <response-info timems="0.238" idlems="0.202" threads="1" lastid="0000000000A79C00" lastname="PmdThread 1" />
</exclusive-start>
<af-start id="2626" threadId="0000000000A7E188" totalBytesRequested="72" timestamp="2019-06-16T18:48:46.127" intervalms="10.262" type="nursery" />
<cycle-start id="2627" type="scavenge" contextid="0" timestamp="2019-06-16T18:48:46.127" intervalms="10.210" />
<gc-start id="2628" type="scavenge" contextid="2627" timestamp="2019-06-16T18:48:46.127">
  <mem-info id="2629" free="2060317128" total="2092630016" percent="98">
    <mem type="nursery" free="0" total="3932160" percent="0">
      <mem type="allocate" free="0" total="1966080" percent="0" />
      <mem type="survivor" free="0" total="1966080" percent="0" />
    </mem>
    <mem type="tenure" free="2060317128" total="2088697856" percent="98">
      <mem type="soa" free="1955882440" total="1984263168" percent="98" />
      <mem type="loa" free="104434688" total="104434688" percent="100" />
    </mem>
    <remembered-set count="3104" />
  </mem-info>
</gc-start>
<allocation-stats totalBytes="1108680" >
  <allocated-bytes non-tlh="1592" tlh="1107088" />
  <largest-consumer threadName="PmdThread 2" threadId="0000000000A7D800" bytes="620688" />
</allocation-stats>
<gc-op id="2630" type="scavenge" timems="1.163" contextid="2627" timestamp="2019-06-16T18:48:46.128">
  <scavenger-info tenureage="1" tenuremask="7ffe" tiltratio="50" />
  <memory-copied type="nursery" objects="4023" bytes="118600" bytesdiscarded="208552" />
  <memory-copied type="tenure" objects="17080" bytes="615304" bytesdiscarded="240" />
  <references type="weak" candidates="71" cleared="71" enqueued="71" />
  <references type="phantom" candidates="1" cleared="1" enqueued="1" />
</gc-op>
<gc-end id="2631" type="scavenge" contextid="2627" durationms="1.448" usertimems="4.000" systemtimems="0.000" timestamp="2019-06-16T18:48:46.128" activeThreads="4">
  <mem-info id="2632" free="2061590472" total="2092630016" percent="98">
    <mem type="nursery" free="1835520" total="3932160" percent="46">
      <mem type="allocate" free="1835520" total="2162688" percent="84" />
      <mem type="survivor" free="0" total="1769472" percent="0" />
    </mem>
    <mem type="tenure" free="2059754952" total="2088697856" percent="98">
      <mem type="soa" free="1955320264" total="1984263168" percent="98" />
      <mem type="loa" free="104434688" total="104434688" percent="100" />
    </mem>
    <pending-finalizers system="0" default="0" reference="72" classloader="0" />
    <remembered-set count="1762" />
  </mem-info>
</gc-end>
<cycle-end id="2633" type="scavenge" contextid="2627" timestamp="2019-06-16T18:48:46.129" />
  <attribute name="elasticGC enabled" value="1" />
  <attribute name= "numThreadsSpecified" value="4" />
  <attribute name="heapSize specified" value="9830400" />
  <attribute name="Current GC Util" value="23" />
  <attribute name= "Current Time Running" value="3999" />
  <attribute name ="GC Interval" value="200" />
  <attribute name="ProportionalT" value="3.000000" />
  <attribute name="ProportionalI" value="3.000000" />
  <attribute name="ProportionalH" value="3.000000" />
  <attribute name="Current Error" value="3.000000" />
  <attribute name="IntegralT" value="33.000000" />
  <attribute name="IntegralI" value="33.000000" />
  <attribute name="IntegralH" value="33.000000" />
  <attribute name="DerivativeT" value="-3.090909" />
  <attribute name="DerivativeI" value="-3.090909" />
  <attribute name="DerivativeH" value="-3.090909" />
  <attribute name="Loop Time for DT" value="11.000000" />
  <attribute name="Output H" value="8388608"/>
  <attribute name="Output I" value="200"/>
  <attribute name="Output T" value="4"/>
  <attribute name="Target GC Util Change" value ="20.000000" />
  <attribute name="Current GC Util Change" value="23.000000"/>
  <attribute name="GC Util currently" value="23" />
  <attribute name="CPU Util currently" value="447369228457" />
<allocation-satisfied id="2634" threadId="0000000000A7D800" bytesRequested="72" />
<af-end id="2635" timestamp="2019-06-16T18:48:46.129" threadId="0000000000A7E188" success="true" from="nursery"/>
<exclusive-end id="2636" timestamp="2019-06-16T18:48:46.129" durationms="2.065" />

<exclusive-start id="2637" timestamp="2019-06-16T18:48:46.140" intervalms="13.203">
  <response-info timems="0.114" idlems="0.114" threads="0" lastid="0000000000A85000" lastname="PmdThread 4" />
</exclusive-start>
<af-start id="2638" threadId="0000000000A85988" totalBytesRequested="88" timestamp="2019-06-16T18:48:46.140" intervalms="13.220" type="nursery" />
<cycle-start id="2639" type="scavenge" contextid="0" timestamp="2019-06-16T18:48:46.140" intervalms="13.191" />
<gc-start id="2640" type="scavenge" contextid="2639" timestamp="2019-06-16T18:48:46.140">
  <mem-info id="2641" free="2059754504" total="2092630016" percent="98">
    <mem type="nursery" free="0" total="3932160" percent="0">
      <mem type="allocate" free="0" total="2162688" percent="0" />
      <mem type="survivor" free="0" total="1769472" percent="0" />
    </mem>
    <mem type="tenure" free="2059754504" total="2088697856" percent="98">
      <mem type="soa" free="1955319816" total="1984263168" percent="98" />
      <mem type="loa" free="104434688" total="104434688" percent="100" />
    </mem>
    <remembered-set count="4231" />
  </mem-info>
</gc-start>
<allocation-stats totalBytes="1827112" >
  <allocated-bytes non-tlh="520" tlh="1826592" />
  <largest-consumer threadName="PmdThread 3" threadId="0000000000A81400" bytes="790424" />
</allocation-stats>
<gc-op id="2642" type="scavenge" timems="1.638" contextid="2639" timestamp="2019-06-16T18:48:46.142">
  <scavenger-info tenureage="2" tenuremask="7ffc" tiltratio="55" />
  <memory-copied type="nursery" objects="13001" bytes="640184" bytesdiscarded="35776" />
  <references type="weak" candidates="12" cleared="12" enqueued="12" />
  <references type="phantom" candidates="4" cleared="2" enqueued="2" />
</gc-op>
<gc-end id="2643" type="scavenge" contextid="2639" durationms="1.811" usertimems="4.000" systemtimems="0.000" timestamp="2019-06-16T18:48:46.142" activeThreads="1">
  <mem-info id="2644" free="2061306368" total="2092630016" percent="98">
    <mem type="nursery" free="1551864" total="3932160" percent="39">
      <mem type="allocate" free="1551864" total="2228224" percent="69" />
      <mem type="survivor" free="0" total="1703936" percent="0" />
    </mem>
    <mem type="tenure" free="2059754504" total="2088697856" percent="98">
      <mem type="soa" free="1955319816" total="1984263168" percent="98" />
      <mem type="loa" free="104434688" total="104434688" percent="100" />
    </mem>
    <pending-finalizers system="0" default="0" reference="14" classloader="0" />
    <remembered-set count="4211" />
  </mem-info>
</gc-end>
<cycle-end id="2645" type="scavenge" contextid="2639" timestamp="2019-06-16T18:48:46.142" />
  <attribute name="elasticGC enabled" value="1" />
  <attribute name= "numThreadsSpecified" value="1" />
  <attribute name="heapSize specified" value="9830400" />
  <attribute name="Current GC Util" value="20" />
  <attribute name= "Current Time Running" value="4012" />
  <attribute name ="GC Interval" value="200" />
  <attribute name="ProportionalT" value="0.000000" />
  <attribute name="ProportionalI" value="0.000000" />
  <attribute name="ProportionalH" value="0.000000" />
  <attribute name="Current Error" value="0.000000" />
  <attribute name="IntegralT" value="0.000000" />
  <attribute name="IntegralI" value="0.000000" />
  <attribute name="IntegralH" value="0.000000" />
  <attribute name="DerivativeT" value="-0.115385" />
  <attribute name="DerivativeI" value="-0.115385" />
  <attribute name="DerivativeH" value="-0.115385" />
  <attribute name="Loop Time for DT" value="13.000000" />
  <attribute name="Output H" value="8388608"/>
  <attribute name="Output I" value="200"/>
  <attribute name="Output T" value="1"/>
  <attribute name="Target GC Util Change" value ="20.000000" />
  <attribute name="Current GC Util Change" value="20.000000"/>
  <attribute name="GC Util currently" value="20" />
  <attribute name="CPU Util currently" value="352067764718" />
<allocation-satisfied id="2646" threadId="0000000000A85000" bytesRequested="88" />
<af-end id="2647" timestamp="2019-06-16T18:48:46.142" threadId="0000000000A85988" success="true" from="nursery"/>
<exclusive-end id="2648" timestamp="2019-06-16T18:48:46.142" durationms="2.292" />

<exclusive-start id="2649" timestamp="2019-06-16T18:48:46.152" intervalms="11.667">
  <response-info timems="0.552" idlems="0.282" threads="1" lastid="0000000000A79C00" lastname="PmdThread 1" />
</exclusive-start>
<af-start id="2650" threadId="0000000000A7E188" totalBytesRequested="40" timestamp="2019-06-16T18:48:46.152" intervalms="11.643" type="nursery" />
<cycle-start id="2651" type="scavenge" contextid="0" timestamp="2019-06-16T18:48:46.152" intervalms="11.662" />
<gc-start id="2652" type="scavenge" contextid="2651" timestamp="2019-06-16T18:48:46.152">
  <mem-info id="2653" free="2059753928" total="2092630016" percent="98">
    <mem type="nursery" free="0" total="3932160" percent="0">
      <mem type="allocate" free="0" total="2228224" percent="0" />
      <mem type="survivor" free="0" total="1703936" percent="0" />
    </mem>
    <mem type="tenure" free="2059753928" total="2088697856" percent="98">
      <mem type="soa" free="1955319240" total="1984263168" percent="98" />
      <mem type="loa" free="104434688" total="104434688" percent="100" />
    </mem>
    <remembered-set count="4721" />
  </mem-info>
</gc-start>
<allocation-stats totalBytes="1551992" >
  <allocated-bytes non-tlh="664" tlh="1551328" />
  <largest-consumer threadName="PmdThread 4" threadId="0000000000A85000" bytes="617648" />
</allocation-stats>
<gc-op id="2654" type="scavenge" timems="0.969" contextid="2651" timestamp="2019-06-16T18:48:46.153">
  <scavenger-info tenureage="2" tenuremask="7ffc" tiltratio="56" />
  <memory-copied type="nursery" objects="14416" bytes="775360" bytesdiscarded="191416" />
  <memory-copied type="tenure" objects="3821" bytes="108152" bytesdiscarded="16" />
  <references type="weak" candidates="47" cleared="47" enqueued="47" />
  <references type="phantom" candidates="4" cleared="2" enqueued="2" />
</gc-op>
<gc-end id="2655" type="scavenge" contextid="2651" durationms="1.179" usertimems="4.000" systemtimems="0.000" timestamp="2019-06-16T18:48:46.153" activeThreads="4">
  <mem-info id="2656" free="2061006192" total="2092630016" percent="98">
    <mem type="nursery" free="1392040" total="3932160" percent="35">
      <mem type="allocate" free="1392040" total="2359296" percent="59" />
      <mem type="survivor" free="0" total="1572864" percent="0" />
    </mem>
    <mem type="tenure" free="2059614152" total="2088697856" percent="98">
      <mem type="soa" free="1955179464" total="1984263168" percent="98" />
      <mem type="loa" free="104434688" total="104434688" percent="100" />
    </mem>
    <pending-finalizers system="0" default="0" reference="49" classloader="0" />
    <remembered-set count="3090" />
  </mem-info>
</gc-end>
<cycle-end id="2657" type="scavenge" contextid="2651" timestamp="2019-06-16T18:48:46.153" />
  <attribute name="elasticGC enabled" value="1" />
  <attribute name= "numThreadsSpecified" value="4" />
  <attribute name="heapSize specified" value="9830400" />
  <attribute name="Current GC Util" value="15" />
  <attribute name= "Current Time Running" value="4023" />
  <attribute name ="GC Interval" value="200" />
  <attribute name="ProportionalT" value="-5.000000" />
  <attribute name="ProportionalI" value="-5.000000" />
  <attribute name="ProportionalH" value="-5.000000" />
  <attribute name="Current Error" value="-5.000000" />
  <attribute name="IntegralT" value="-55.000000" />
  <attribute name="IntegralI" value="-55.000000" />
  <attribute name="IntegralH" value="-55.000000" />
  <attribute name="DerivativeT" value="-0.227273" />
  <attribute name="DerivativeI" value="-0.227273" />
  <attribute name="DerivativeH" value="-0.227273" />
  <attribute name="Loop Time for DT" value="11.000000" />
  <attribute name="Output H" value="2092630016"/>
  <attribute name="Output I" value="200"/>
  <attribute name="Output T" value="4"/>
  <attribute name="Target GC Util Change" value ="20.000000" />
  <attribute name="Current GC Util Change" value="15.000000"/>
  <attribute name="GC Util currently" value="15" />
  <attribute name="CPU Util currently" value="396186523040" />
<allocation-satisfied id="2658" threadId="0000000000A7D800" bytesRequested="40" />
<af-end id="2659" timestamp="2019-06-16T18:48:46.153" threadId="0000000000A7E188" success="true" from="nursery"/>
<exclusive-end id="2660" timestamp="2019-06-16T18:48:46.153" durationms="1.691" />

<exclusive-start id="2661" timestamp="2019-06-16T18:48:46.158" intervalms="6.663">
  <response-info timems="0.573" idlems="0.169" threads="3" lastid="000000000076D300" lastname="JIT Compilation Thread-0" />
</exclusive-start>
<af-start id="2662" threadId="0000000000A7A588" totalBytesRequested="24" timestamp="2019-06-16T18:48:46.158" intervalms="6.643" type="nursery" />
<cycle-start id="2663" type="scavenge" contextid="0" timestamp="2019-06-16T18:48:46.158" intervalms="6.613" />
<gc-start id="2664" type="scavenge" contextid="2663" timestamp="2019-06-16T18:48:46.158">
  <mem-info id="2665" free="2059613736" total="2092630016" percent="98">
    <mem type="nursery" free="0" total="3932160" percent="0">
      <mem type="allocate" free="0" total="2359296" percent="0" />
      <mem type="survivor" free="0" total="1572864" percent="0" />
    </mem>
    <mem type="tenure" free="2059613736" total="2088697856" percent="98">
      <mem type="soa" free="1955179048" total="1984263168" percent="98" />
      <mem type="loa" free="104434688" total="104434688" percent="100" />
    </mem>
    <remembered-set count="4456" />
  </mem-info>
</gc-start>
<allocation-stats totalBytes="1392128" >
  <allocated-bytes non-tlh="456" tlh="1391672" />
  <largest-consumer threadName="PmdThread 4" threadId="0000000000A85000" bytes="797888" />
</allocation-stats>
<gc-op id="2666" type="scavenge" timems="0.898" contextid="2663" timestamp="2019-06-16T18:48:46.159">
  <scavenger-info tenureage="1" tenuremask="7ffe" tiltratio="60" />
  <memory-copied type="nursery" objects="10867" bytes="376792" bytesdiscarded="213008" />
  <memory-copied type="tenure" objects="13785" bytes="746440" bytesdiscarded="120" />
  <references type="weak" candidates="10" cleared="10" enqueued="10" />
  <references type="phantom" candidates="2" cleared="2" enqueued="2" />
</gc-op>
<gc-end id="2667" type="scavenge" contextid="2663" durationms="1.131" usertimems="0.000" systemtimems="0.000" timestamp="2019-06-16T18:48:46.159" activeThreads="4">
  <mem-info id="2668" free="2060737472" total="2092630016" percent="98">
    <mem type="nursery" free="1900544" total="3932160" percent="48">
      <mem type="allocate" free="1900544" total="2490368" percent="76" />
      <mem type="survivor" free="0" total="1441792" percent="0" />
    </mem>
    <mem type="tenure" free="2058836928" total="2088697856" percent="98">
      <mem type="soa" free="1954402240" total="1984263168" percent="98" />
      <mem type="loa" free="104434688" total="104434688" percent="100" />
    </mem>
    <pending-finalizers system="0" default="0" reference="12" classloader="0" />
    <remembered-set count="1630" />
  </mem-info>
</gc-end>
<cycle-end id="2669" type="scavenge" contextid="2663" timestamp="2019-06-16T18:48:46.160" />
  <attribute name="elasticGC enabled" value="1" />
  <attribute name= "numThreadsSpecified" value="4" />
  <attribute name="heapSize specified" value="9830400" />
  <attribute name="Current GC Util" value="42" />
  <attribute name= "Current Time Running" value="4030" />
  <attribute name ="GC Interval" value="200" />
  <attribute name="ProportionalT" value="22.000000" />
  <attribute name="ProportionalI" value="22.000000" />
  <attribute name="ProportionalH" value="22.000000" />
  <attribute name="Current Error" value="22.000000" />
  <attribute name="IntegralT" value="154.000000" />
  <attribute name="IntegralI" value="154.000000" />
  <attribute name="IntegralH" value="154.000000" />
  <attribute name="DerivativeT" value="1.571429" />
  <attribute name="DerivativeI" value="1.571429" />
  <attribute name="DerivativeH" value="1.571429" />
  <attribute name="Loop Time for DT" value="7.000000" />
  <attribute name="Output H" value="8388608"/>
  <attribute name="Output I" value="200"/>
  <attribute name="Output T" value="4"/>
  <attribute name="Target GC Util Change" value ="20.000000" />
  <attribute name="Current GC Util Change" value="42.000000"/>
  <attribute name="GC Util currently" value="42" />
  <attribute name="CPU Util currently" value="696087577594" />
<allocation-satisfied id="2670" threadId="0000000000A79C00" bytesRequested="24" />
<af-end id="2671" timestamp="2019-06-16T18:48:46.160" threadId="0000000000A7A588" success="true" from="nursery"/>
<exclusive-end id="2672" timestamp="2019-06-16T18:48:46.160" durationms="1.640" />

<exclusive-start id="2673" timestamp="2019-06-16T18:48:46.166" intervalms="7.537">
  <response-info timems="0.600" idlems="0.248" threads="2" lastid="0000000000A81400" lastname="PmdThread 3" />
</exclusive-start>
<af-start id="2674" threadId="0000000000A85988" totalBytesRequested="16" timestamp="2019-06-16T18:48:46.166" intervalms="7.543" type="nursery" />
<cycle-start id="2675" type="scavenge" contextid="0" timestamp="2019-06-16T18:48:46.166" intervalms="7.557" />
<gc-start id="2676" type="scavenge" contextid="2675" timestamp="2019-06-16T18:48:46.166">
  <mem-info id="2677" free="2058836864" total="2092630016" percent="98">
    <mem type="nursery" free="0" total="3932160" percent="0">
      <mem type="allocate" free="0" total="2490368" percent="0" />
      <mem type="survivor" free="0" total="1441792" percent="0" />
    </mem>
    <mem type="tenure" free="2058836864" total="2088697856" percent="98">
      <mem type="soa" free="1954402176" total="1984263168" percent="98" />
      <mem type="loa" free="104434688" total="104434688" percent="100" />
    </mem>
    <remembered-set count="2112" />
  </mem-info>
</gc-start>
<allocation-stats totalBytes="1896216" >
  <allocated-bytes non-tlh="88" tlh="1896128" />
  <largest-consumer threadName="PmdThread 4" threadId="0000000000A85000" bytes="1060608" />
</allocation-stats>
<gc-op id="2678" type="scavenge" timems="1.601" contextid="2675" timestamp="2019-06-16T18:48:46.168">
  <scavenger-info tenureage="1" tenuremask="7ffe" tiltratio="63" />
  <memory-copied type="nursery" objects="10016" bytes="409352" bytesdiscarded="138216" />
  <memory-copied type="tenure" objects="10632" bytes="365512" bytesdiscarded="152" />
  <references type="weak" candidates="7" cleared="6" enqueued="6" />
</gc-op>
<gc-end id="2679" type="scavenge" contextid="2675" durationms="1.769" usertimems="4.000" systemtimems="0.000" timestamp="2019-06-16T18:48:46.168" activeThreads="4">
  <mem-info id="2680" free="2060632176" total="2092630016" percent="98">
    <mem type="nursery" free="2139376" total="3932160" percent="54">
      <mem type="allocate" free="2139376" total="2686976" percent="79" />
      <mem type="survivor" free="0" total="1245184" percent="0" />
    </mem>
    <mem type="tenure" free="2058492800" total="2088697856" percent="98">
      <mem type="soa" free="1954058112" total="1984263168" percent="98" />
      <mem type="loa" free="104434688" total="104434688" percent="100" />
    </mem>
    <pending-finalizers system="0" default="0" reference="6" classloader="0" />
    <remembered-set count="801" />
  </mem-info>
</gc-end>
<cycle-end id="2681" type="scavenge" contextid="2675" timestamp="2019-06-16T18:48:46.168" />
  <attribute name="elasticGC enabled" value="1" />
  <attribute name= "numThreadsSpecified" value="4" />
  <attribute name="heapSize specified" value="9830400" />
  <attribute name="Current GC Util" value="41" />
  <attribute name= "Current Time Running" value="4037" />
  <attribute name ="GC Interval" value="200" />
  <attribute name="ProportionalT" value="21.000000" />
  <attribute name="ProportionalI" value="21.000000" />
  <attribute name="ProportionalH" value="21.000000" />
  <attribute name="Current Error" value="21.000000" />
  <attribute name="IntegralT" value="147.000000" />
  <attribute name="IntegralI" value="147.000000" />
  <attribute name="IntegralH" value="147.000000" />
  <attribute name="DerivativeT" value="-0.071429" />
  <attribute name="DerivativeI" value="-0.071429" />
  <attribute name="DerivativeH" value="-0.071429" />
  <attribute name="Loop Time for DT" value="7.000000" />
  <attribute name="Output H" value="8388608"/>
  <attribute name="Output I" value="200"/>
  <attribute name="Output T" value="4"/>
  <attribute name="Target GC Util Change" value ="20.000000" />
  <attribute name="Current GC Util Change" value="41.000000"/>
  <attribute name="GC Util currently" value="41" />
  <attribute name="CPU Util currently" value="613797680139" />
<allocation-satisfied id="2682" threadId="0000000000A85000" bytesRequested="16" />
<af-end id="2683" timestamp="2019-06-16T18:48:46.168" threadId="0000000000A85988" success="true" from="nursery"/>
<exclusive-end id="2684" timestamp="2019-06-16T18:48:46.168" durationms="2.173" />

<exclusive-start id="2685" timestamp="2019-06-16T18:48:46.172" intervalms="6.174">
  <response-info timems="0.140" idlems="0.077" threads="1" lastid="0000000000A7D800" lastname="PmdThread 2" />
</exclusive-start>
<af-start id="2686" threadId="0000000000A81D88" totalBytesRequested="40" timestamp="2019-06-16T18:48:46.172" intervalms="6.197" type="nursery" />
<cycle-start id="2687" type="scavenge" contextid="0" timestamp="2019-06-16T18:48:46.172" intervalms="6.316" />
<gc-start id="2688" type="scavenge" contextid="2687" timestamp="2019-06-16T18:48:46.172">
  <mem-info id="2689" free="2058491760" total="2092630016" percent="98">
    <mem type="nursery" free="0" total="3932160" percent="0">
      <mem type="allocate" free="0" total="2686976" percent="0" />
      <mem type="survivor" free="0" total="1245184" percent="0" />
    </mem>
    <mem type="tenure" free="2058491760" total="2088697856" percent="98">
      <mem type="soa" free="1954057072" total="1984263168" percent="98" />
      <mem type="loa" free="104434688" total="104434688" percent="100" />
    </mem>
    <remembered-set count="1373" />
  </mem-info>
</gc-start>
<allocation-stats totalBytes="2139272" >
  <allocated-bytes non-tlh="1056" tlh="2138216" />
  <largest-consumer threadName="PmdThread 4" threadId="0000000000A85000" bytes="1027464" />
</allocation-stats>
<gc-op id="2690" type="scavenge" timems="1.840" contextid="2687" timestamp="2019-06-16T18:48:46.174">
  <scavenger-info tenureage="1" tenuremask="7ffe" tiltratio="68" />
  <memory-copied type="nursery" objects="3616" bytes="161624" bytesdiscarded="143256" />
  <memory-copied type="tenure" objects="9855" bytes="404056" bytesdiscarded="248" />
  <references type="weak" candidates="9" cleared="9" enqueued="9" />
  <references type="phantom" candidates="2" cleared="2" enqueued="2" />
</gc-op>
<gc-end id="2691" type="scavenge" contextid="2687" durationms="2.203" usertimems="4.000" systemtimems="0.000" timestamp="2019-06-16T18:48:46.174" activeThreads="4">
  <mem-info id="2692" free="2060572248" total="2092630016" percent="98">
    <mem type="nursery" free="2513152" total="3932160" percent="63">
      <mem type="allocate" free="2513152" total="2818048" percent="89" />
      <mem type="survivor" free="0" total="1114112" percent="0" />
    </mem>
    <mem type="tenure" free="2058059096" total="2088697856" percent="98">
      <mem type="soa" free="1953624408" total="1984263168" percent="98" />
      <mem type="loa" free="104434688" total="104434688" percent="100" />
    </mem>
    <pending-finalizers system="0" default="0" reference="11" classloader="0" />
    <remembered-set count="839" />
  </mem-info>
</gc-end>
<cycle-end id="2693" type="scavenge" contextid="2687" timestamp="2019-06-16T18:48:46.174" />
  <attribute name="elasticGC enabled" value="1" />
  <attribute name= "numThreadsSpecified" value="4" />
  <attribute name="heapSize specified" value="9830400" />
  <attribute name="Current GC Util" value="49" />
  <attribute name= "Current Time Running" value="4044" />
  <attribute name ="GC Interval" value="232" />
  <attribute name="ProportionalT" value="29.000000" />
  <attribute name="ProportionalI" value="29.000000" />
  <attribute name="ProportionalH" value="29.000000" />
  <attribute name="Current Error" value="29.000000" />
  <attribute name="IntegralT" value="203.000000" />
  <attribute name="IntegralI" value="203.000000" />
  <attribute name="IntegralH" value="203.000000" />
  <attribute name="DerivativeT" value="0.571429" />
  <attribute name="DerivativeI" value="0.571429" />
  <attribute name="DerivativeH" value="0.571429" />
  <attribute name="Loop Time for DT" value="7.000000" />
  <attribute name="Output H" value="8388608"/>
  <attribute name="Output I" value="232"/>
  <attribute name="Output T" value="4"/>
  <attribute name="Target GC Util Change" value ="20.000000" />
  <attribute name="Current GC Util Change" value="49.000000"/>
  <attribute name="GC Util currently" value="49" />
  <attribute name="CPU Util currently" value="729725325901" />
<allocation-satisfied id="2694" threadId="0000000000A81400" bytesRequested="40" />
<af-end id="2695" timestamp="2019-06-16T18:48:46.175" threadId="0000000000A81D88" success="true" from="nursery"/>
<exclusive-end id="2696" timestamp="2019-06-16T18:48:46.175" durationms="2.796" />

<exclusive-start id="2697" timestamp="2019-06-16T18:48:46.183" intervalms="10.863">
  <response-info timems="0.673" idlems="0.673" threads="0" lastid="0000000000A7D800" lastname="PmdThread 2" />
</exclusive-start>
<af-start id="2698" threadId="0000000000A7E188" totalBytesRequested="16" timestamp="2019-06-16T18:48:46.183" intervalms="10.852" type="nursery" />
<cycle-start id="2699" type="scavenge" contextid="0" timestamp="2019-06-16T18:48:46.183" intervalms="10.748" />
<gc-start id="2700" type="scavenge" contextid="2699" timestamp="2019-06-16T18:48:46.183">
  <mem-info id="2701" free="2058057512" total="2092630016" percent="98">
    <mem type="nursery" free="0" total="3932160" percent="0">
      <mem type="allocate" free="0" total="2818048" percent="0" />
      <mem type="survivor" free="0" total="1114112" percent="0" />
    </mem>
    <mem type="tenure" free="2058057512" total="2088697856" percent="98">
      <mem type="soa" free="1953622824" total="1984263168" percent="98" />
      <mem type="loa" free="104434688" total="104434688" percent="100" />
    </mem>
    <remembered-set count="1373" />
  </mem-info>
</gc-start>
<allocation-stats totalBytes="2513296" >
  <allocated-bytes non-tlh="87544" tlh="2425752" />
  <largest-consumer threadName="PmdThread 1" threadId="0000000000A79C00" bytes="1228520" />
</allocation-stats>
<gc-op id="2702" type="scavenge" timems="1.032" contextid="2699" timestamp="2019-06-16T18:48:46.184">
  <scavenger-info tenureage="2" tenuremask="7ffc" tiltratio="71" />
  <memory-copied type="nursery" objects="6539" bytes="263464" bytesdiscarded="83680" />
  <references type="weak" candidates="37" cleared="37" enqueued="37" />
  <references type="phantom" candidates="13" cleared="11" enqueued="11" />
</gc-op>
<gc-end id="2703" type="scavenge" contextid="2699" durationms="1.213" usertimems="0.000" systemtimems="4.000" timestamp="2019-06-16T18:48:46.184" activeThreads="4">
  <mem-info id="2704" free="2060659352" total="2092630016" percent="98">
    <mem type="nursery" free="2601840" total="3932160" percent="66">
      <mem type="allocate" free="2601840" total="2949120" percent="88" />
      <mem type="survivor" free="0" total="983040" percent="0" />
    </mem>
    <mem type="tenure" free="2058057512" total="2088697856" percent="98">
      <mem type="soa" free="1953622824" total="1984263168" percent="98" />
      <mem type="loa" free="104434688" total="104434688" percent="100" />
    </mem>
    <pending-finalizers system="0" default="0" reference="48" classloader="0" />
    <remembered-set count="1339" />
  </mem-info>
</gc-end>
<cycle-end id="2705" type="scavenge" contextid="2699" timestamp="2019-06-16T18:48:46.184" />
  <attribute name="elasticGC enabled" value="1" />
  <attribute name= "numThreadsSpecified" value="4" />
  <attribute name="heapSize specified" value="9830400" />
  <attribute name="Current GC Util" value="31" />
  <attribute name= "Current Time Running" value="4054" />
  <attribute name ="GC Interval" value="200" />
  <attribute name="ProportionalT" value="11.000000" />
  <attribute name="ProportionalI" value="11.000000" />
  <attribute name="ProportionalH" value="11.000000" />
  <attribute name="Current Error" value="11.000000" />
  <attribute name="IntegralT" value="110.000000" />
  <attribute name="IntegralI" value="110.000000" />
  <attribute name="IntegralH" value="110.000000" />
  <attribute name="DerivativeT" value="-0.900000" />
  <attribute name="DerivativeI" value="-0.900000" />
  <attribute name="DerivativeH" value="-0.900000" />
  <attribute name="Loop Time for DT" value="10.000000" />
  <attribute name="Output H" value="8388608"/>
  <attribute name="Output I" value="200"/>
  <attribute name="Output T" value="4"/>
  <attribute name="Target GC Util Change" value ="20.000000" />
  <attribute name="Current GC Util Change" value="31.000000"/>
  <attribute name="GC Util currently" value="31" />
  <attribute name="CPU Util currently" value="429372853886" />
<allocation-satisfied id="2706" threadId="0000000000A7D800" bytesRequested="16" />
<af-end id="2707" timestamp="2019-06-16T18:48:46.184" threadId="0000000000A7E188" success="true" from="nursery"/>
<exclusive-end id="2708" timestamp="2019-06-16T18:48:46.185" durationms="1.821" />

<exclusive-start id="2709" timestamp="2019-06-16T18:48:46.196" intervalms="13.301">
  <response-info timems="0.649" idlems="0.218" threads="4" lastid="0000000000774B00" lastname="JIT Compilation Thread-2" />
</exclusive-start>
<af-start id="2710" threadId="0000000000A81D88" totalBytesRequested="56" timestamp="2019-06-16T18:48:46.197" intervalms="14.001" type="nursery" />
<cycle-start id="2711" type="scavenge" contextid="0" timestamp="2019-06-16T18:48:46.197" intervalms="14.005" />
<gc-start id="2712" type="scavenge" contextid="2711" timestamp="2019-06-16T18:48:46.197">
  <mem-info id="2713" free="2058056128" total="2092630016" percent="98">
    <mem type="nursery" free="0" total="3932160" percent="0">
      <mem type="allocate" free="0" total="2949120" percent="0" />
      <mem type="survivor" free="0" total="983040" percent="0" />
    </mem>
    <mem type="tenure" free="2058056128" total="2088697856" percent="98">
      <mem type="soa" free="1953621440" total="1984263168" percent="98" />
      <mem type="loa" free="104434688" total="104434688" percent="100" />
    </mem>
    <remembered-set count="1439" />
  </mem-info>
</gc-start>
<allocation-stats totalBytes="2601264" >
  <allocated-bytes non-tlh="42384" tlh="2558880" />
  <largest-consumer threadName="PmdThread 2" threadId="0000000000A7D800" bytes="1494360" />
</allocation-stats>
<gc-op id="2714" type="scavenge" timems="0.566" contextid="2711" timestamp="2019-06-16T18:48:46.198">
  <scavenger-info tenureage="3" tenuremask="7ff8" tiltratio="75" />
  <memory-copied type="nursery" objects="11308" bytes="637680" bytesdiscarded="91520" />
  <references type="weak" candidates="55" cleared="55" enqueued="55" />
  <references type="phantom" candidates="36" cleared="22" enqueued="22" />
</gc-op>
<gc-end id="2715" type="scavenge" contextid="2711" durationms="0.802" usertimems="0.000" systemtimems="0.000" timestamp="2019-06-16T18:48:46.198" activeThreads="4">
  <mem-info id="2716" free="2060144160" total="2092630016" percent="98">
    <mem type="nursery" free="2088032" total="3932160" percent="53">
      <mem type="allocate" free="2088032" total="2818048" percent="74" />
      <mem type="survivor" free="0" total="1114112" percent="0" />
    </mem>
    <mem type="tenure" free="2058056128" total="2088697856" percent="98">
      <mem type="soa" free="1953621440" total="1984263168" percent="98" />
      <mem type="loa" free="104434688" total="104434688" percent="100" />
    </mem>
    <pending-finalizers system="0" default="0" reference="77" classloader="0" />
    <remembered-set count="1416" />
  </mem-info>
</gc-end>
<cycle-end id="2717" type="scavenge" contextid="2711" timestamp="2019-06-16T18:48:46.198" />
  <attribute name="elasticGC enabled" value="1" />
  <attribute name= "numThreadsSpecified" value="4" />
  <attribute name="heapSize specified" value="9830400" />
  <attribute name="Current GC Util" value="15" />
  <attribute name= "Current Time Running" value="4069" />
  <attribute name ="GC Interval" value="200" />
  <attribute name="ProportionalT" value="-5.000000" />
  <attribute name="ProportionalI" value="-5.000000" />
  <attribute name="ProportionalH" value="-5.000000" />
  <attribute name="Current Error" value="-5.000000" />
  <attribute name="IntegralT" value="-75.000000" />
  <attribute name="IntegralI" value="-75.000000" />
  <attribute name="IntegralH" value="-75.000000" />
  <attribute name="DerivativeT" value="-0.533333" />
  <attribute name="DerivativeI" value="-0.533333" />
  <attribute name="DerivativeH" value="-0.533333" />
  <attribute name="Loop Time for DT" value="15.000000" />
  <attribute name="Output H" value="2092630016"/>
  <attribute name="Output I" value="200"/>
  <attribute name="Output T" value="4"/>
  <attribute name="Target GC Util Change" value ="20.000000" />
  <attribute name="Current GC Util Change" value="15.000000"/>
  <attribute name="GC Util currently" value="15" />
  <attribute name="CPU Util currently" value="328350917346" />
<allocation-satisfied id="2718" threadId="0000000000A81400" bytesRequested="56" />
<af-end id="2719" timestamp="2019-06-16T18:48:46.198" threadId="0000000000A81D88" success="true" from="nursery"/>
<exclusive-end id="2720" timestamp="2019-06-16T18:48:46.198" durationms="2.094" />

<exclusive-start id="2721" timestamp="2019-06-16T18:48:46.206" intervalms="9.889">
  <response-info timems="0.114" idlems="0.071" threads="1" lastid="0000000000770F00" lastname="JIT Compilation Thread-1" />
</exclusive-start>
<af-start id="2722" threadId="0000000000A85988" totalBytesRequested="712" timestamp="2019-06-16T18:48:46.206" intervalms="9.220" type="nursery" />
<cycle-start id="2723" type="scavenge" contextid="0" timestamp="2019-06-16T18:48:46.206" intervalms="9.203" />
<gc-start id="2724" type="scavenge" contextid="2723" timestamp="2019-06-16T18:48:46.206">
  <mem-info id="2725" free="2058052600" total="2092630016" percent="98">
    <mem type="nursery" free="0" total="3932160" percent="0">
      <mem type="allocate" free="0" total="2818048" percent="0" />
      <mem type="survivor" free="0" total="1114112" percent="0" />
    </mem>
    <mem type="tenure" free="2058052600" total="2088697856" percent="98">
      <mem type="soa" free="1953617912" total="1984263168" percent="98" />
      <mem type="loa" free="104434688" total="104434688" percent="100" />
    </mem>
    <remembered-set count="2118" />
  </mem-info>
</gc-start>
<allocation-stats totalBytes="2089472" >
  <allocated-bytes non-tlh="3584" tlh="2085888" />
  <largest-consumer threadName="PmdThread 1" threadId="0000000000A79C00" bytes="1384088" />
</allocation-stats>
<gc-op id="2726" type="scavenge" timems="1.763" contextid="2723" timestamp="2019-06-16T18:48:46.208">
  <scavenger-info tenureage="3" tenuremask="7ff8" tiltratio="71" />
  <memory-copied type="nursery" objects="11705" bytes="624728" bytesdiscarded="123856" />
  <memory-copied type="tenure" objects="2562" bytes="68384" bytesdiscarded="16" />
  <references type="weak" candidates="41" cleared="41" enqueued="41" />
  <references type="phantom" candidates="15" cleared="2" enqueued="2" />
</gc-op>
<gc-end id="2727" type="scavenge" contextid="2723" durationms="1.929" usertimems="4.000" systemtimems="0.000" timestamp="2019-06-16T18:48:46.208" activeThreads="4">
  <mem-info id="2728" free="2060240016" total="2092630016" percent="98">
    <mem type="nursery" free="2397080" total="3932160" percent="60">
      <mem type="allocate" free="2397080" total="3145728" percent="76" />
      <mem type="survivor" free="0" total="786432" percent="0" />
    </mem>
    <mem type="tenure" free="2057842936" total="2088697856" percent="98">
      <mem type="soa" free="1953408248" total="1984263168" percent="98" />
      <mem type="loa" free="104434688" total="104434688" percent="100" />
    </mem>
    <pending-finalizers system="0" default="0" reference="43" classloader="0" />
    <remembered-set count="1382" />
  </mem-info>
</gc-end>
<cycle-end id="2729" type="scavenge" contextid="2723" timestamp="2019-06-16T18:48:46.208" />
  <attribute name="elasticGC enabled" value="1" />
  <attribute name= "numThreadsSpecified" value="4" />
  <attribute name="heapSize specified" value="9830400" />
  <attribute name="Current GC Util" value="18" />
  <attribute name= "Current Time Running" value="4078" />
  <attribute name ="GC Interval" value="200" />
  <attribute name="ProportionalT" value="-2.000000" />
  <attribute name="ProportionalI" value="-2.000000" />
  <attribute name="ProportionalH" value="-2.000000" />
  <attribute name="Current Error" value="-2.000000" />
  <attribute name="IntegralT" value="-18.000000" />
  <attribute name="IntegralI" value="-18.000000" />
  <attribute name="IntegralH" value="-18.000000" />
  <attribute name="DerivativeT" value="-0.111111" />
  <attribute name="DerivativeI" value="-0.111111" />
  <attribute name="DerivativeH" value="-0.111111" />
  <attribute name="Loop Time for DT" value="9.000000" />
  <attribute name="Output H" value="2092630016"/>
  <attribute name="Output I" value="200"/>
  <attribute name="Output T" value="4"/>
  <attribute name="Target GC Util Change" value ="20.000000" />
  <attribute name="Current GC Util Change" value="18.000000"/>
  <attribute name="GC Util currently" value="18" />
  <attribute name="CPU Util currently" value="501183872863" />
<allocation-satisfied id="2730" threadId="0000000000A85000" bytesRequested="712" />
<af-end id="2731" timestamp="2019-06-16T18:48:46.208" threadId="0000000000A85988" success="true" from="nursery"/>
<exclusive-end id="2732" timestamp="2019-06-16T18:48:46.208" durationms="2.387" />

<exclusive-start id="2733" timestamp="2019-06-16T18:48:46.217" intervalms="11.482">
  <response-info timems="0.087" idlems="0.087" threads="0" lastid="0000000000A79C00" lastname="PmdThread 1" />
</exclusive-start>
<af-start id="2734" threadId="0000000000A7A588" totalBytesRequested="32" timestamp="2019-06-16T18:48:46.218" intervalms="11.457" type="nursery" />
<cycle-start id="2735" type="scavenge" contextid="0" timestamp="2019-06-16T18:48:46.218" intervalms="11.475" />
<gc-start id="2736" type="scavenge" contextid="2735" timestamp="2019-06-16T18:48:46.218">
  <mem-info id="2737" free="2057842056" total="2092630016" percent="98">
    <mem type="nursery" free="0" total="3932160" percent="0">
      <mem type="allocate" free="0" total="3145728" percent="0" />
      <mem type="survivor" free="0" total="786432" percent="0" />
    </mem>
    <mem type="tenure" free="2057842056" total="2088697856" percent="98">
      <mem type="soa" free="1953407368" total="1984263168" percent="98" />
      <mem type="loa" free="104434688" total="104434688" percent="100" />
    </mem>
    <remembered-set count="1957" />
  </mem-info>
</gc-start>
<allocation-stats totalBytes="2395936" >
  <allocated-bytes non-tlh="1592" tlh="2394344" />
  <largest-consumer threadName="PmdThread 1" threadId="0000000000A79C00" bytes="999376" />
</allocation-stats>
<gc-op id="2738" type="scavenge" timems="1.387" contextid="2735" timestamp="2019-06-16T18:48:46.219">
  <scavenger-info tenureage="3" tenuremask="7ff8" tiltratio="80" />
  <memory-copied type="nursery" objects="9130" bytes="417208" bytesdiscarded="100552" />
  <memory-copied type="tenure" objects="1819" bytes="48968" bytesdiscarded="0" />
  <references type="weak" candidates="113" cleared="113" enqueued="113" />
  <references type="phantom" candidates="15" cleared="4" enqueued="4" />
</gc-op>
<gc-end id="2739" type="scavenge" contextid="2735" durationms="1.603" usertimems="4.000" systemtimems="0.000" timestamp="2019-06-16T18:48:46.219" activeThreads="4">
  <mem-info id="2740" free="2060469336" total="2092630016" percent="98">
    <mem type="nursery" free="2627280" total="3932160" percent="66">
      <mem type="allocate" free="2627280" total="3145728" percent="83" />
      <mem type="survivor" free="0" total="786432" percent="0" />
    </mem>
    <mem type="tenure" free="2057842056" total="2088697856" percent="98">
      <mem type="soa" free="1953407368" total="1984263168" percent="98" />
      <mem type="loa" free="104434688" total="104434688" percent="100" />
    </mem>
    <pending-finalizers system="0" default="0" reference="117" classloader="0" />
    <remembered-set count="1306" />
  </mem-info>
</gc-end>
<cycle-end id="2741" type="scavenge" contextid="2735" timestamp="2019-06-16T18:48:46.219" />
  <attribute name="elasticGC enabled" value="1" />
  <attribute name= "numThreadsSpecified" value="4" />
  <attribute name="heapSize specified" value="9830400" />
  <attribute name="Current GC Util" value="32" />
  <attribute name= "Current Time Running" value="4089" />
  <attribute name ="GC Interval" value="200" />
  <attribute name="ProportionalT" value="12.000000" />
  <attribute name="ProportionalI" value="12.000000" />
  <attribute name="ProportionalH" value="12.000000" />
  <attribute name="Current Error" value="12.000000" />
  <attribute name="IntegralT" value="132.000000" />
  <attribute name="IntegralI" value="132.000000" />
  <attribute name="IntegralH" value="132.000000" />
  <attribute name="DerivativeT" value="0.545455" />
  <attribute name="DerivativeI" value="0.545455" />
  <attribute name="DerivativeH" value="0.545455" />
  <attribute name="Loop Time for DT" value="11.000000" />
  <attribute name="Output H" value="8388608"/>
  <attribute name="Output I" value="200"/>
  <attribute name="Output T" value="4"/>
  <attribute name="Target GC Util Change" value ="20.000000" />
  <attribute name="Current GC Util Change" value="32.000000"/>
  <attribute name="GC Util currently" value="32" />
  <attribute name="CPU Util currently" value="401883544065" />
<allocation-satisfied id="2742" threadId="0000000000A79C00" bytesRequested="32" />
<af-end id="2743" timestamp="2019-06-16T18:48:46.219" threadId="0000000000A7A588" success="true" from="nursery"/>
<exclusive-end id="2744" timestamp="2019-06-16T18:48:46.220" durationms="2.085" />

<exclusive-start id="2745" timestamp="2019-06-16T18:48:46.229" intervalms="11.432">
  <response-info timems="0.195" idlems="0.092" threads="3" lastid="0000000000A85000" lastname="PmdThread 4" />
</exclusive-start>
<af-start id="2746" threadId="0000000000A7A588" totalBytesRequested="32" timestamp="2019-06-16T18:48:46.229" intervalms="11.427" type="nursery" />
<cycle-start id="2747" type="scavenge" contextid="0" timestamp="2019-06-16T18:48:46.229" intervalms="11.428" />
<gc-start id="2748" type="scavenge" contextid="2747" timestamp="2019-06-16T18:48:46.229">
  <mem-info id="2749" free="2057840736" total="2092630016" percent="98">
    <mem type="nursery" free="0" total="3932160" percent="0">
      <mem type="allocate" free="0" total="3145728" percent="0" />
      <mem type="survivor" free="0" total="786432" percent="0" />
    </mem>
    <mem type="tenure" free="2057840736" total="2088697856" percent="98">
      <mem type="soa" free="1953406048" total="1984263168" percent="98" />
      <mem type="loa" free="104434688" total="104434688" percent="100" />
    </mem>
    <remembered-set count="1730" />
  </mem-info>
</gc-start>
<allocation-stats totalBytes="2627856" >
  <allocated-bytes non-tlh="1352" tlh="2626504" />
  <largest-consumer threadName="PmdThread 1" threadId="0000000000A79C00" bytes="1058224" />
</allocation-stats>
<gc-op id="2750" type="scavenge" timems="1.797" contextid="2747" timestamp="2019-06-16T18:48:46.231">
  <scavenger-info tenureage="3" tenuremask="7ff8" tiltratio="80" />
  <memory-copied type="nursery" objects="9627" bytes="361464" bytesdiscarded="54520" />
  <memory-copied type="tenure" objects="4433" bytes="279896" bytesdiscarded="80" />
  <references type="weak" candidates="73" cleared="72" enqueued="72" />
  <references type="phantom" candidates="1" cleared="1" enqueued="1" />
</gc-op>
<gc-end id="2751" type="scavenge" contextid="2747" durationms="2.025" usertimems="0.000" systemtimems="4.000" timestamp="2019-06-16T18:48:46.231" activeThreads="4">
  <mem-info id="2752" free="2060313120" total="2092630016" percent="98">
    <mem type="nursery" free="2795240" total="3932160" percent="71">
      <mem type="allocate" free="2795240" total="3211264" percent="87" />
      <mem type="survivor" free="0" total="720896" percent="0" />
    </mem>
    <mem type="tenure" free="2057517880" total="2088697856" percent="98">
      <mem type="soa" free="1953083192" total="1984263168" percent="98" />
      <mem type="loa" free="104434688" total="104434688" percent="100" />
    </mem>
    <pending-finalizers system="0" default="0" reference="73" classloader="0" />
    <remembered-set count="1836" />
  </mem-info>
</gc-end>
<cycle-end id="2753" type="scavenge" contextid="2747" timestamp="2019-06-16T18:48:46.231" />
  <attribute name="elasticGC enabled" value="1" />
  <attribute name= "numThreadsSpecified" value="4" />
  <attribute name="heapSize specified" value="9830400" />
  <attribute name="Current GC Util" value="27" />
  <attribute name= "Current Time Running" value="4101" />
  <attribute name ="GC Interval" value="200" />
  <attribute name="ProportionalT" value="7.000000" />
  <attribute name="ProportionalI" value="7.000000" />
  <attribute name="ProportionalH" value="7.000000" />
  <attribute name="Current Error" value="7.000000" />
  <attribute name="IntegralT" value="84.000000" />
  <attribute name="IntegralI" value="84.000000" />
  <attribute name="IntegralH" value="84.000000" />
  <attribute name="DerivativeT" value="-0.208333" />
  <attribute name="DerivativeI" value="-0.208333" />
  <attribute name="DerivativeH" value="-0.208333" />
  <attribute name="Loop Time for DT" value="12.000000" />
  <attribute name="Output H" value="8388608"/>
  <attribute name="Output I" value="200"/>
  <attribute name="Output T" value="4"/>
  <attribute name="Target GC Util Change" value ="20.000000" />
  <attribute name="Current GC Util Change" value="27.000000"/>
  <attribute name="GC Util currently" value="27" />
  <attribute name="CPU Util currently" value="402812719259" />
<allocation-satisfied id="2754" threadId="0000000000A79C00" bytesRequested="32" />
<af-end id="2755" timestamp="2019-06-16T18:48:46.231" threadId="0000000000A7A588" success="true" from="nursery"/>
<exclusive-end id="2756" timestamp="2019-06-16T18:48:46.232" durationms="2.701" />

<exclusive-start id="2757" timestamp="2019-06-16T18:48:46.241" intervalms="12.445">
  <response-info timems="0.383" idlems="0.351" threads="1" lastid="0000000000770F00" lastname="JIT Compilation Thread-1" />
</exclusive-start>
<af-start id="2758" threadId="0000000000A81D88" totalBytesRequested="48" timestamp="2019-06-16T18:48:46.241" intervalms="12.470" type="nursery" />
<cycle-start id="2759" type="scavenge" contextid="0" timestamp="2019-06-16T18:48:46.242" intervalms="12.502" />
<gc-start id="2760" type="scavenge" contextid="2759" timestamp="2019-06-16T18:48:46.242">
  <mem-info id="2761" free="2057516984" total="2092630016" percent="98">
    <mem type="nursery" free="0" total="3932160" percent="0">
      <mem type="allocate" free="0" total="3211264" percent="0" />
      <mem type="survivor" free="0" total="720896" percent="0" />
    </mem>
    <mem type="tenure" free="2057516984" total="2088697856" percent="98">
      <mem type="soa" free="1953082296" total="1984263168" percent="98" />
      <mem type="loa" free="104434688" total="104434688" percent="100" />
    </mem>
    <remembered-set count="2293" />
  </mem-info>
</gc-start>
<allocation-stats totalBytes="2792224" >
  <allocated-bytes non-tlh="928" tlh="2791296" />
  <largest-consumer threadName="PmdThread 4" threadId="0000000000A85000" bytes="1321376" />
</allocation-stats>
<gc-op id="2762" type="scavenge" timems="1.929" contextid="2759" timestamp="2019-06-16T18:48:46.244">
  <scavenger-info tenureage="3" tenuremask="7ff8" tiltratio="81" />
  <memory-copied type="nursery" objects="10336" bytes="469296" bytesdiscarded="89280" />
  <memory-copied type="tenure" objects="3001" bytes="81824" bytesdiscarded="8" />
  <references type="weak" candidates="138" cleared="138" enqueued="138" />
  <references type="phantom" candidates="1" cleared="0" enqueued="0" />
</gc-op>
<gc-end id="2763" type="scavenge" contextid="2759" durationms="2.370" usertimems="4.000" systemtimems="0.000" timestamp="2019-06-16T18:48:46.244" activeThreads="4">
  <mem-info id="2764" free="2060129144" total="2092630016" percent="98">
    <mem type="nursery" free="2651328" total="3932160" percent="67">
      <mem type="allocate" free="2651328" total="3211264" percent="82" />
      <mem type="survivor" free="0" total="720896" percent="0" />
    </mem>
    <mem type="tenure" free="2057477816" total="2088697856" percent="98">
      <mem type="soa" free="1953043128" total="1984263168" percent="98" />
      <mem type="loa" free="104434688" total="104434688" percent="100" />
    </mem>
    <pending-finalizers system="0" default="0" reference="138" classloader="0" />
    <remembered-set count="1162" />
  </mem-info>
</gc-end>
<cycle-end id="2765" type="scavenge" contextid="2759" timestamp="2019-06-16T18:48:46.244" />
  <attribute name="elasticGC enabled" value="1" />
  <attribute name= "numThreadsSpecified" value="4" />
  <attribute name="heapSize specified" value="9830400" />
  <attribute name="Current GC Util" value="35" />
  <attribute name= "Current Time Running" value="4113" />
  <attribute name ="GC Interval" value="200" />
  <attribute name="ProportionalT" value="15.000000" />
  <attribute name="ProportionalI" value="15.000000" />
  <attribute name="ProportionalH" value="15.000000" />
  <attribute name="Current Error" value="15.000000" />
  <attribute name="IntegralT" value="180.000000" />
  <attribute name="IntegralI" value="180.000000" />
  <attribute name="IntegralH" value="180.000000" />
  <attribute name="DerivativeT" value="0.333333" />
  <attribute name="DerivativeI" value="0.333333" />
  <attribute name="DerivativeH" value="0.333333" />
  <attribute name="Loop Time for DT" value="12.000000" />
  <attribute name="Output H" value="8388608"/>
  <attribute name="Output I" value="200"/>
  <attribute name="Output T" value="4"/>
  <attribute name="Target GC Util Change" value ="20.000000" />
  <attribute name="Current GC Util Change" value="35.000000"/>
  <attribute name="GC Util currently" value="35" />
  <attribute name="CPU Util currently" value="367832794634" />
<allocation-satisfied id="2766" threadId="0000000000A81400" bytesRequested="48" />
<af-end id="2767" timestamp="2019-06-16T18:48:46.244" threadId="0000000000A81D88" success="true" from="nursery"/>
<exclusive-end id="2768" timestamp="2019-06-16T18:48:46.244" durationms="3.120" />

<exclusive-start id="2769" timestamp="2019-06-16T18:48:46.254" intervalms="13.190">
  <response-info timems="5.168" idlems="2.594" threads="1" lastid="0000000000770F00" lastname="JIT Compilation Thread-1" />
</exclusive-start>
<af-start id="2770" threadId="0000000000A85988" totalBytesRequested="24" timestamp="2019-06-16T18:48:46.255" intervalms="13.164" type="nursery" />
<cycle-start id="2771" type="scavenge" contextid="0" timestamp="2019-06-16T18:48:46.255" intervalms="13.120" />
<gc-start id="2772" type="scavenge" contextid="2771" timestamp="2019-06-16T18:48:46.255">
  <mem-info id="2773" free="2057477360" total="2092630016" percent="98">
    <mem type="nursery" free="0" total="3932160" percent="0">
      <mem type="allocate" free="0" total="3211264" percent="0" />
      <mem type="survivor" free="0" total="720896" percent="0" />
    </mem>
    <mem type="tenure" free="2057477360" total="2088697856" percent="98">
      <mem type="soa" free="1953042672" total="1984263168" percent="98" />
      <mem type="loa" free="104434688" total="104434688" percent="100" />
    </mem>
    <remembered-set count="1855" />
  </mem-info>
</gc-start>
<allocation-stats totalBytes="2649056" >
  <allocated-bytes non-tlh="504" tlh="2648552" />
  <largest-consumer threadName="PmdThread 4" threadId="0000000000A85000" bytes="1120456" />
</allocation-stats>
<gc-op id="2774" type="scavenge" timems="1.719" contextid="2771" timestamp="2019-06-16T18:48:46.257">
  <scavenger-info tenureage="3" tenuremask="7ff8" tiltratio="81" />
  <memory-copied type="nursery" objects="10349" bytes="533544" bytesdiscarded="73976" />
  <memory-copied type="tenure" objects="1350" bytes="38304" bytesdiscarded="0" />
  <references type="weak" candidates="68" cleared="68" enqueued="68" />
  <references type="phantom" candidates="2" cleared="1" enqueued="1" />
</gc-op>
<gc-end id="2775" type="scavenge" contextid="2771" durationms="1.966" usertimems="0.000" systemtimems="4.000" timestamp="2019-06-16T18:48:46.257" activeThreads="4">
  <mem-info id="2776" free="2060146600" total="2092630016" percent="98">
    <mem type="nursery" free="2669240" total="3932160" percent="67">
      <mem type="allocate" free="2669240" total="3276800" percent="81" />
      <mem type="survivor" free="0" total="655360" percent="0" />
    </mem>
    <mem type="tenure" free="2057477360" total="2088697856" percent="98">
      <mem type="soa" free="1953042672" total="1984263168" percent="98" />
      <mem type="loa" free="104434688" total="104434688" percent="100" />
    </mem>
    <pending-finalizers system="0" default="0" reference="69" classloader="0" />
    <remembered-set count="1246" />
  </mem-info>
</gc-end>
<cycle-end id="2777" type="scavenge" contextid="2771" timestamp="2019-06-16T18:48:46.257" />
  <attribute name="elasticGC enabled" value="1" />
  <attribute name= "numThreadsSpecified" value="4" />
  <attribute name="heapSize specified" value="9830400" />
  <attribute name="Current GC Util" value="32" />
  <attribute name= "Current Time Running" value="4126" />
  <attribute name ="GC Interval" value="200" />
  <attribute name="ProportionalT" value="12.000000" />
  <attribute name="ProportionalI" value="12.000000" />
  <attribute name="ProportionalH" value="12.000000" />
  <attribute name="Current Error" value="12.000000" />
  <attribute name="IntegralT" value="156.000000" />
  <attribute name="IntegralI" value="156.000000" />
  <attribute name="IntegralH" value="156.000000" />
  <attribute name="DerivativeT" value="-0.115385" />
  <attribute name="DerivativeI" value="-0.115385" />
  <attribute name="DerivativeH" value="-0.115385" />
  <attribute name="Loop Time for DT" value="13.000000" />
  <attribute name="Output H" value="8388608"/>
  <attribute name="Output I" value="200"/>
  <attribute name="Output T" value="4"/>
  <attribute name="Target GC Util Change" value ="20.000000" />
  <attribute name="Current GC Util Change" value="32.000000"/>
  <attribute name="GC Util currently" value="32" />
  <attribute name="CPU Util currently" value="353367189993" />
<allocation-satisfied id="2778" threadId="0000000000A85000" bytesRequested="24" />
<af-end id="2779" timestamp="2019-06-16T18:48:46.257" threadId="0000000000A85988" success="true" from="nursery"/>
<exclusive-end id="2780" timestamp="2019-06-16T18:48:46.257" durationms="2.483" />

<exclusive-start id="2781" timestamp="2019-06-16T18:48:46.262" intervalms="7.749">
  <response-info timems="0.065" idlems="0.034" threads="1" lastid="0000000000A7D800" lastname="PmdThread 2" />
</exclusive-start>
<af-start id="2782" threadId="0000000000A7A588" totalBytesRequested="32" timestamp="2019-06-16T18:48:46.262" intervalms="7.738" type="nursery" />
<cycle-start id="2783" type="scavenge" contextid="0" timestamp="2019-06-16T18:48:46.262" intervalms="7.744" />
<gc-start id="2784" type="scavenge" contextid="2783" timestamp="2019-06-16T18:48:46.262">
  <mem-info id="2785" free="2057477360" total="2092630016" percent="98">
    <mem type="nursery" free="0" total="3932160" percent="0">
      <mem type="allocate" free="0" total="3276800" percent="0" />
      <mem type="survivor" free="0" total="655360" percent="0" />
    </mem>
    <mem type="tenure" free="2057477360" total="2088697856" percent="98">
      <mem type="soa" free="1953042672" total="1984263168" percent="98" />
      <mem type="loa" free="104434688" total="104434688" percent="100" />
    </mem>
    <remembered-set count="1409" />
  </mem-info>
</gc-start>
<allocation-stats totalBytes="2667728" >
  <allocated-bytes non-tlh="24" tlh="2667704" />
  <largest-consumer threadName="PmdThread 4" threadId="0000000000A85000" bytes="1658720" />
</allocation-stats>
<gc-op id="2786" type="scavenge" timems="1.987" contextid="2783" timestamp="2019-06-16T18:48:46.265">
  <scavenger-info tenureage="3" tenuremask="7ff8" tiltratio="83" />
  <memory-copied type="nursery" objects="8295" bytes="463240" bytesdiscarded="48744" />
  <memory-copied type="tenure" objects="5018" bytes="227672" bytesdiscarded="16" />
  <references type="weak" candidates="2" cleared="2" enqueued="2" />
  <references type="phantom" candidates="2" cleared="2" enqueued="2" />
</gc-op>
<gc-end id="2787" type="scavenge" contextid="2783" durationms="2.210" usertimems="4.000" systemtimems="0.000" timestamp="2019-06-16T18:48:46.265" activeThreads="4">
  <mem-info id="2788" free="2060122768" total="2092630016" percent="98">
    <mem type="nursery" free="2764728" total="3932160" percent="70">
      <mem type="allocate" free="2764728" total="3276800" percent="84" />
      <mem type="survivor" free="0" total="655360" percent="0" />
    </mem>
    <mem type="tenure" free="2057358040" total="2088697856" percent="98">
      <mem type="soa" free="1952923352" total="1984263168" percent="98" />
      <mem type="loa" free="104434688" total="104434688" percent="100" />
    </mem>
    <pending-finalizers system="0" default="0" reference="4" classloader="0" />
    <remembered-set count="963" />
  </mem-info>
</gc-end>
<cycle-end id="2789" type="scavenge" contextid="2783" timestamp="2019-06-16T18:48:46.265" />
  <attribute name="elasticGC enabled" value="1" />
  <attribute name= "numThreadsSpecified" value="4" />
  <attribute name="heapSize specified" value="9830400" />
  <attribute name="Current GC Util" value="47" />
  <attribute name= "Current Time Running" value="4134" />
  <attribute name ="GC Interval" value="248" />
  <attribute name="ProportionalT" value="27.000000" />
  <attribute name="ProportionalI" value="27.000000" />
  <attribute name="ProportionalH" value="27.000000" />
  <attribute name="Current Error" value="27.000000" />
  <attribute name="IntegralT" value="216.000000" />
  <attribute name="IntegralI" value="216.000000" />
  <attribute name="IntegralH" value="216.000000" />
  <attribute name="DerivativeT" value="0.937500" />
  <attribute name="DerivativeI" value="0.937500" />
  <attribute name="DerivativeH" value="0.937500" />
  <attribute name="Loop Time for DT" value="8.000000" />
  <attribute name="Output H" value="8388608"/>
  <attribute name="Output I" value="248"/>
  <attribute name="Output T" value="4"/>
  <attribute name="Target GC Util Change" value ="20.000000" />
  <attribute name="Current GC Util Change" value="47.000000"/>
  <attribute name="GC Util currently" value="47" />
  <attribute name="CPU Util currently" value="593517402273" />
<allocation-satisfied id="2790" threadId="0000000000A79C00" bytesRequested="32" />
<af-end id="2791" timestamp="2019-06-16T18:48:46.265" threadId="0000000000A7A588" success="true" from="nursery"/>
<exclusive-end id="2792" timestamp="2019-06-16T18:48:46.265" durationms="2.689" />

<exclusive-start id="2793" timestamp="2019-06-16T18:48:46.280" intervalms="17.710">
  <response-info timems="0.068" idlems="0.068" threads="0" lastid="0000000000A79C00" lastname="PmdThread 1" />
</exclusive-start>
<af-start id="2794" threadId="0000000000A7A588" totalBytesRequested="24" timestamp="2019-06-16T18:48:46.280" intervalms="17.911" type="nursery" />
<cycle-start id="2795" type="scavenge" contextid="0" timestamp="2019-06-16T18:48:46.280" intervalms="17.922" />
<gc-start id="2796" type="scavenge" contextid="2795" timestamp="2019-06-16T18:48:46.280">
  <mem-info id="2797" free="2057357848" total="2092630016" percent="98">
    <mem type="nursery" free="0" total="3932160" percent="0">
      <mem type="allocate" free="0" total="3276800" percent="0" />
      <mem type="survivor" free="0" total="655360" percent="0" />
    </mem>
    <mem type="tenure" free="2057357848" total="2088697856" percent="98">
      <mem type="soa" free="1952923160" total="1984263168" percent="98" />
      <mem type="loa" free="104434688" total="104434688" percent="100" />
    </mem>
    <remembered-set count="2122" />
  </mem-info>
</gc-start>
<allocation-stats totalBytes="2763432" >
  <allocated-bytes non-tlh="224" tlh="2763208" />
  <largest-consumer threadName="PmdThread 1" threadId="0000000000A79C00" bytes="1289976" />
</allocation-stats>
<gc-op id="2798" type="scavenge" timems="1.603" contextid="2795" timestamp="2019-06-16T18:48:46.282">
  <scavenger-info tenureage="3" tenuremask="7ff8" tiltratio="83" />
  <memory-copied type="nursery" objects="8710" bytes="514184" bytesdiscarded="140336" />
  <memory-copied type="tenure" objects="3048" bytes="170112" bytesdiscarded="128" />
  <references type="weak" candidates="27" cleared="27" enqueued="27" />
  <references type="phantom" candidates="3" cleared="3" enqueued="3" />
</gc-op>
<gc-end id="2799" type="scavenge" contextid="2795" durationms="1.811" usertimems="4.000" systemtimems="0.000" timestamp="2019-06-16T18:48:46.282" activeThreads="4">
  <mem-info id="2800" free="2059719936" total="2092630016" percent="98">
    <mem type="nursery" free="2621440" total="3932160" percent="66">
      <mem type="allocate" free="2621440" total="3276800" percent="80" />
      <mem type="survivor" free="0" total="655360" percent="0" />
    </mem>
    <mem type="tenure" free="2057098496" total="2088697856" percent="98">
      <mem type="soa" free="1952663808" total="1984263168" percent="98" />
      <mem type="loa" free="104434688" total="104434688" percent="100" />
    </mem>
    <pending-finalizers system="0" default="0" reference="30" classloader="0" />
    <remembered-set count="2150" />
  </mem-info>
</gc-end>
<cycle-end id="2801" type="scavenge" contextid="2795" timestamp="2019-06-16T18:48:46.282" />
  <attribute name="elasticGC enabled" value="1" />
  <attribute name= "numThreadsSpecified" value="4" />
  <attribute name="heapSize specified" value="9830400" />
  <attribute name="Current GC Util" value="22" />
  <attribute name= "Current Time Running" value="4152" />
  <attribute name ="GC Interval" value="200" />
  <attribute name="ProportionalT" value="2.000000" />
  <attribute name="ProportionalI" value="2.000000" />
  <attribute name="ProportionalH" value="2.000000" />
  <attribute name="Current Error" value="2.000000" />
  <attribute name="IntegralT" value="36.000000" />
  <attribute name="IntegralI" value="36.000000" />
  <attribute name="IntegralH" value="36.000000" />
  <attribute name="DerivativeT" value="-0.694444" />
  <attribute name="DerivativeI" value="-0.694444" />
  <attribute name="DerivativeH" value="-0.694444" />
  <attribute name="Loop Time for DT" value="18.000000" />
  <attribute name="Output H" value="8388608"/>
  <attribute name="Output I" value="200"/>
  <attribute name="Output T" value="4"/>
  <attribute name="Target GC Util Change" value ="20.000000" />
  <attribute name="Current GC Util Change" value="22.000000"/>
  <attribute name="GC Util currently" value="22" />
  <attribute name="CPU Util currently" value="257306263393" />
<allocation-satisfied id="2802" threadId="0000000000A79C00" bytesRequested="24" />
<af-end id="2803" timestamp="2019-06-16T18:48:46.282" threadId="0000000000A7A588" success="true" from="nursery"/>
<exclusive-end id="2804" timestamp="2019-06-16T18:48:46.283" durationms="2.631" />

<exclusive-start id="2805" timestamp="2019-06-16T18:48:46.291" intervalms="10.664">
  <response-info timems="0.046" idlems="0.025" threads="1" lastid="0000000000A7D800" lastname="PmdThread 2" />
</exclusive-start>
<af-start id="2806" threadId="0000000000A7A588" totalBytesRequested="24" timestamp="2019-06-16T18:48:46.291" intervalms="10.476" type="nursery" />
<cycle-start id="2807" type="scavenge" contextid="0" timestamp="2019-06-16T18:48:46.291" intervalms="10.472" />
<gc-start id="2808" type="scavenge" contextid="2807" timestamp="2019-06-16T18:48:46.291">
  <mem-info id="2809" free="2057098128" total="2092630016" percent="98">
    <mem type="nursery" free="0" total="3932160" percent="0">
      <mem type="allocate" free="0" total="3276800" percent="0" />
      <mem type="survivor" free="0" total="655360" percent="0" />
    </mem>
    <mem type="tenure" free="2057098128" total="2088697856" percent="98">
      <mem type="soa" free="1952663440" total="1984263168" percent="98" />
      <mem type="loa" free="104434688" total="104434688" percent="100" />
    </mem>
    <remembered-set count="2485" />
  </mem-info>
</gc-start>
<allocation-stats totalBytes="2621208" >
  <allocated-bytes non-tlh="392" tlh="2620816" />
  <largest-consumer threadName="PmdThread 4" threadId="0000000000A85000" bytes="1093528" />
</allocation-stats>
<gc-op id="2810" type="scavenge" timems="1.519" contextid="2807" timestamp="2019-06-16T18:48:46.292">
  <scavenger-info tenureage="3" tenuremask="7ff8" tiltratio="83" />
  <memory-copied type="nursery" objects="9214" bytes="639144" bytesdiscarded="15200" />
  <memory-copied type="tenure" objects="6028" bytes="233840" bytesdiscarded="48" />
  <copy-failed type="nursery" objects="4555" bytes="192216" />
  <references type="weak" candidates="25" cleared="24" enqueued="24" />
  <references type="phantom" candidates="5" cleared="0" enqueued="0" />
</gc-op>
<gc-end id="2811" type="scavenge" contextid="2807" durationms="1.728" usertimems="8.000" systemtimems="0.000" timestamp="2019-06-16T18:48:46.293" activeThreads="4">
  <mem-info id="2812" free="2058934152" total="2092630016" percent="98">
    <mem type="nursery" free="2031616" total="3932160" percent="51">
      <mem type="allocate" free="2031616" total="2686976" percent="75" />
      <mem type="survivor" free="0" total="1245184" percent="0" />
    </mem>
    <mem type="tenure" free="2056902536" total="2088697856" percent="98">
      <mem type="soa" free="1952467848" total="1984263168" percent="98" />
      <mem type="loa" free="104434688" total="104434688" percent="100" />
    </mem>
    <pending-finalizers system="0" default="0" reference="24" classloader="0" />
    <remembered-set count="1142" />
  </mem-info>
</gc-end>
<cycle-end id="2813" type="scavenge" contextid="2807" timestamp="2019-06-16T18:48:46.293" />
  <attribute name="elasticGC enabled" value="1" />
  <attribute name= "numThreadsSpecified" value="4" />
  <attribute name="heapSize specified" value="9830400" />
  <attribute name="Current GC Util" value="33" />
  <attribute name= "Current Time Running" value="4162" />
  <attribute name ="GC Interval" value="200" />
  <attribute name="ProportionalT" value="13.000000" />
  <attribute name="ProportionalI" value="13.000000" />
  <attribute name="ProportionalH" value="13.000000" />
  <attribute name="Current Error" value="13.000000" />
  <attribute name="IntegralT" value="130.000000" />
  <attribute name="IntegralI" value="130.000000" />
  <attribute name="IntegralH" value="130.000000" />
  <attribute name="DerivativeT" value="0.550000" />
  <attribute name="DerivativeI" value="0.550000" />
  <attribute name="DerivativeH" value="0.550000" />
  <attribute name="Loop Time for DT" value="10.000000" />
  <attribute name="Output H" value="8388608"/>
  <attribute name="Output I" value="200"/>
  <attribute name="Output T" value="4"/>
  <attribute name="Target GC Util Change" value ="20.000000" />
  <attribute name="Current GC Util Change" value="33.000000"/>
  <attribute name="GC Util currently" value="33" />
  <attribute name="CPU Util currently" value="440063758875" />
<allocation-satisfied id="2814" threadId="0000000000A79C00" bytesRequested="24" />
<af-end id="2815" timestamp="2019-06-16T18:48:46.293" threadId="0000000000A7A588" success="true" from="nursery"/>
<exclusive-end id="2816" timestamp="2019-06-16T18:48:46.293" durationms="2.238" />

<exclusive-start id="2817" timestamp="2019-06-16T18:48:46.302" intervalms="11.204">
  <response-info timems="0.193" idlems="0.193" threads="0" lastid="0000000000A79C00" lastname="PmdThread 1" />
</exclusive-start>
<af-start id="2818" threadId="0000000000A7A588" totalBytesRequested="16" timestamp="2019-06-16T18:48:46.302" intervalms="11.200" type="nursery" />
<cycle-start id="2819" type="scavenge" contextid="0" timestamp="2019-06-16T18:48:46.302" intervalms="11.200" />
<gc-start id="2820" type="scavenge" contextid="2819" timestamp="2019-06-16T18:48:46.302">
  <mem-info id="2821" free="2056901832" total="2092630016" percent="98">
    <mem type="nursery" free="0" total="3932160" percent="0">
      <mem type="allocate" free="0" total="2686976" percent="0" />
      <mem type="survivor" free="0" total="1245184" percent="0" />
    </mem>
    <mem type="tenure" free="2056901832" total="2088697856" percent="98">
      <mem type="soa" free="1952467144" total="1984263168" percent="98" />
      <mem type="loa" free="104434688" total="104434688" percent="100" />
    </mem>
    <remembered-set count="1762" />
  </mem-info>
</gc-start>
<allocation-stats totalBytes="2031632" >
  <allocated-bytes non-tlh="728" tlh="2030904" />
  <largest-consumer threadName="PmdThread 1" threadId="0000000000A79C00" bytes="687840" />
</allocation-stats>
<gc-op id="2822" type="scavenge" timems="1.719" contextid="2819" timestamp="2019-06-16T18:48:46.304">
  <scavenger-info tenureage="3" tenuremask="7ff8" tiltratio="68" />
  <memory-copied type="nursery" objects="10244" bytes="623416" bytesdiscarded="66576" />
  <memory-copied type="tenure" objects="790" bytes="85872" bytesdiscarded="8" />
  <references type="weak" candidates="185" cleared="52" enqueued="48" />
  <references type="phantom" candidates="9" cleared="4" enqueued="4" />
</gc-op>
<gc-end id="2823" type="scavenge" contextid="2819" durationms="1.918" usertimems="4.000" systemtimems="0.000" timestamp="2019-06-16T18:48:46.304" activeThreads="4">
  <mem-info id="2824" free="2058835312" total="2092630016" percent="98">
    <mem type="nursery" free="2061000" total="3932160" percent="52">
      <mem type="allocate" free="2061000" total="2752512" percent="74" />
      <mem type="survivor" free="0" total="1179648" percent="0" />
    </mem>
    <mem type="tenure" free="2056774312" total="2088697856" percent="98">
      <mem type="soa" free="1952339624" total="1984263168" percent="98" />
      <mem type="loa" free="104434688" total="104434688" percent="100" />
    </mem>
    <pending-finalizers system="0" default="0" reference="52" classloader="0" />
    <remembered-set count="1438" />
  </mem-info>
</gc-end>
<cycle-end id="2825" type="scavenge" contextid="2819" timestamp="2019-06-16T18:48:46.304" />
  <attribute name="elasticGC enabled" value="1" />
  <attribute name= "numThreadsSpecified" value="4" />
  <attribute name="heapSize specified" value="9830400" />
  <attribute name="Current GC Util" value="31" />
  <attribute name= "Current Time Running" value="4174" />
  <attribute name ="GC Interval" value="200" />
  <attribute name="ProportionalT" value="11.000000" />
  <attribute name="ProportionalI" value="11.000000" />
  <attribute name="ProportionalH" value="11.000000" />
  <attribute name="Current Error" value="11.000000" />
  <attribute name="IntegralT" value="132.000000" />
  <attribute name="IntegralI" value="132.000000" />
  <attribute name="IntegralH" value="132.000000" />
  <attribute name="DerivativeT" value="-0.083333" />
  <attribute name="DerivativeI" value="-0.083333" />
  <attribute name="DerivativeH" value="-0.083333" />
  <attribute name="Loop Time for DT" value="12.000000" />
  <attribute name="Output H" value="8388608"/>
  <attribute name="Output I" value="200"/>
  <attribute name="Output T" value="4"/>
  <attribute name="Target GC Util Change" value ="20.000000" />
  <attribute name="Current GC Util Change" value="31.000000"/>
  <attribute name="GC Util currently" value="31" />
  <attribute name="CPU Util currently" value="412201642405" />
<allocation-satisfied id="2826" threadId="0000000000A79C00" bytesRequested="16" />
<af-end id="2827" timestamp="2019-06-16T18:48:46.304" threadId="0000000000A7A588" success="true" from="nursery"/>
<exclusive-end id="2828" timestamp="2019-06-16T18:48:46.304" durationms="2.427" />

<exclusive-start id="2829" timestamp="2019-06-16T18:48:46.309" intervalms="7.472">
  <response-info timems="0.454" idlems="0.236" threads="1" lastid="0000000000770F00" lastname="JIT Compilation Thread-1" />
</exclusive-start>
<af-start id="2830" threadId="0000000000A7A588" totalBytesRequested="72" timestamp="2019-06-16T18:48:46.309" intervalms="7.474" type="nursery" />
<cycle-start id="2831" type="scavenge" contextid="0" timestamp="2019-06-16T18:48:46.309" intervalms="7.468" />
<gc-start id="2832" type="scavenge" contextid="2831" timestamp="2019-06-16T18:48:46.310">
  <mem-info id="2833" free="2056773504" total="2092630016" percent="98">
    <mem type="nursery" free="0" total="3932160" percent="0">
      <mem type="allocate" free="0" total="2752512" percent="0" />
      <mem type="survivor" free="0" total="1179648" percent="0" />
    </mem>
    <mem type="tenure" free="2056773504" total="2088697856" percent="98">
      <mem type="soa" free="1952338816" total="1984263168" percent="98" />
      <mem type="loa" free="104434688" total="104434688" percent="100" />
    </mem>
    <remembered-set count="1506" />
  </mem-info>
</gc-start>
<allocation-stats totalBytes="2061408" >
  <allocated-bytes non-tlh="824" tlh="2060584" />
  <largest-consumer threadName="PmdThread 2" threadId="0000000000A7D800" bytes="974728" />
</allocation-stats>
<gc-op id="2834" type="scavenge" timems="1.835" contextid="2831" timestamp="2019-06-16T18:48:46.311">
  <scavenger-info tenureage="3" tenuremask="7ff8" tiltratio="70" />
  <memory-copied type="nursery" objects="16207" bytes="1048024" bytesdiscarded="130832" />
  <memory-copied type="tenure" objects="1586" bytes="56576" bytesdiscarded="24" />
  <copy-failed type="nursery" objects="572" bytes="23960" />
  <finalization candidates="1" enqueued="0" />
  <references type="weak" candidates="192" cleared="22" enqueued="18" />
  <references type="phantom" candidates="9" cleared="2" enqueued="2" />
</gc-op>
<gc-end id="2835" type="scavenge" contextid="2831" durationms="2.076" usertimems="0.000" systemtimems="4.000" timestamp="2019-06-16T18:48:46.312" activeThreads="4">
  <mem-info id="2836" free="2057782912" total="2092630016" percent="98">
    <mem type="nursery" free="1048576" total="3932160" percent="26">
      <mem type="allocate" free="1048576" total="2228224" percent="47" />
      <mem type="survivor" free="0" total="1703936" percent="0" />
    </mem>
    <mem type="tenure" free="2056734336" total="2088697856" percent="98">
      <mem type="soa" free="1952299648" total="1984263168" percent="98" />
      <mem type="loa" free="104434688" total="104434688" percent="100" />
    </mem>
    <pending-finalizers system="0" default="0" reference="20" classloader="0" />
    <remembered-set count="1321" />
  </mem-info>
</gc-end>
<cycle-end id="2837" type="scavenge" contextid="2831" timestamp="2019-06-16T18:48:46.312" />
  <attribute name="elasticGC enabled" value="1" />
  <attribute name= "numThreadsSpecified" value="4" />
  <attribute name="heapSize specified" value="9830400" />
  <attribute name="Current GC Util" value="55" />
  <attribute name= "Current Time Running" value="4181" />
  <attribute name ="GC Interval" value="288" />
  <attribute name="ProportionalT" value="35.000000" />
  <attribute name="ProportionalI" value="35.000000" />
  <attribute name="ProportionalH" value="35.000000" />
  <attribute name="Current Error" value="35.000000" />
  <attribute name="IntegralT" value="245.000000" />
  <attribute name="IntegralI" value="245.000000" />
  <attribute name="IntegralH" value="245.000000" />
  <attribute name="DerivativeT" value="1.714286" />
  <attribute name="DerivativeI" value="1.714286" />
  <attribute name="DerivativeH" value="1.714286" />
  <attribute name="Loop Time for DT" value="7.000000" />
  <attribute name="Output H" value="8388608"/>
  <attribute name="Output I" value="288"/>
  <attribute name="Output T" value="4"/>
  <attribute name="Target GC Util Change" value ="20.000000" />
  <attribute name="Current GC Util Change" value="55.000000"/>
  <attribute name="GC Util currently" value="55" />
  <attribute name="CPU Util currently" value="617857513076" />
<allocation-satisfied id="2838" threadId="0000000000A79C00" bytesRequested="72" />
<af-end id="2839" timestamp="2019-06-16T18:48:46.312" threadId="0000000000A7A588" success="true" from="nursery"/>
<exclusive-end id="2840" timestamp="2019-06-16T18:48:46.312" durationms="2.620" />

<exclusive-start id="2841" timestamp="2019-06-16T18:48:46.313" intervalms="3.965">
  <response-info timems="0.105" idlems="0.105" threads="0" lastid="0000000000A81400" lastname="PmdThread 3" />
</exclusive-start>
<af-start id="2842" threadId="0000000000A81D88" totalBytesRequested="56" timestamp="2019-06-16T18:48:46.313" intervalms="3.954" type="nursery" />
<cycle-start id="2843" type="scavenge" contextid="0" timestamp="2019-06-16T18:48:46.313" intervalms="3.972" />
<gc-start id="2844" type="scavenge" contextid="2843" timestamp="2019-06-16T18:48:46.313">
  <mem-info id="2845" free="2056734336" total="2092630016" percent="98">
    <mem type="nursery" free="0" total="3932160" percent="0">
      <mem type="allocate" free="0" total="2228224" percent="0" />
      <mem type="survivor" free="0" total="1703936" percent="0" />
    </mem>
    <mem type="tenure" free="2056734336" total="2088697856" percent="98">
      <mem type="soa" free="1952299648" total="1984263168" percent="98" />
      <mem type="loa" free="104434688" total="104434688" percent="100" />
    </mem>
    <remembered-set count="1414" />
  </mem-info>
</gc-start>
<allocation-stats totalBytes="1048184" >
  <allocated-bytes non-tlh="72" tlh="1048112" />
  <largest-consumer threadName="PmdThread 3" threadId="0000000000A81400" bytes="442168" />
</allocation-stats>
<gc-op id="2846" type="scavenge" timems="3.044" contextid="2843" timestamp="2019-06-16T18:48:46.317">
  <scavenger-info tenureage="2" tenuremask="7ffc" tiltratio="56" />
  <memory-copied type="nursery" objects="13788" bytes="755864" bytesdiscarded="65992" />
  <memory-copied type="tenure" objects="4577" bytes="300384" bytesdiscarded="416" />
  <finalization candidates="1" enqueued="0" />
  <references type="weak" candidates="111" cleared="8" enqueued="8" />
  <references type="phantom" candidates="1" cleared="0" enqueued="0" />
</gc-op>
<gc-end id="2847" type="scavenge" contextid="2843" durationms="3.400" usertimems="4.000" systemtimems="4.000" timestamp="2019-06-16T18:48:46.317" activeThreads="4">
  <mem-info id="2848" free="2057970952" total="2092630016" percent="98">
    <mem type="nursery" free="1536952" total="3932160" percent="39">
      <mem type="allocate" free="1536952" total="2359296" percent="65" />
      <mem type="survivor" free="0" total="1572864" percent="0" />
    </mem>
    <mem type="tenure" free="2056434000" total="2088697856" percent="98">
      <mem type="soa" free="1951999312" total="1984263168" percent="98" />
      <mem type="loa" free="104434688" total="104434688" percent="100" />
    </mem>
    <pending-finalizers system="0" default="0" reference="8" classloader="0" />
    <remembered-set count="339" />
  </mem-info>
</gc-end>
<cycle-end id="2849" type="scavenge" contextid="2843" timestamp="2019-06-16T18:48:46.317" />
  <attribute name="elasticGC enabled" value="1" />
  <attribute name= "numThreadsSpecified" value="4" />
  <attribute name="heapSize specified" value="9830400" />
  <attribute name="Current GC Util" value="100" />
  <attribute name= "Current Time Running" value="4185" />
  <attribute name ="GC Interval" value="408" />
  <attribute name="ProportionalT" value="80.000000" />
  <attribute name="ProportionalI" value="80.000000" />
  <attribute name="ProportionalH" value="80.000000" />
  <attribute name="Current Error" value="80.000000" />
  <attribute name="IntegralT" value="320.000000" />
  <attribute name="IntegralI" value="320.000000" />
  <attribute name="IntegralH" value="320.000000" />
  <attribute name="DerivativeT" value="5.625000" />
  <attribute name="DerivativeI" value="5.625000" />
  <attribute name="DerivativeH" value="5.625000" />
  <attribute name="Loop Time for DT" value="4.000000" />
  <attribute name="Output H" value="8388608"/>
  <attribute name="Output I" value="408"/>
  <attribute name="Output T" value="4"/>
  <attribute name="Target GC Util Change" value ="20.000000" />
  <attribute name="Current GC Util Change" value="100.000000"/>
  <attribute name="GC Util currently" value="100" />
  <attribute name="CPU Util currently" value="1168884074473" />
<allocation-satisfied id="2850" threadId="0000000000A81400" bytesRequested="56" />
<af-end id="2851" timestamp="2019-06-16T18:48:46.317" threadId="0000000000A81D88" success="true" from="nursery"/>
<exclusive-end id="2852" timestamp="2019-06-16T18:48:46.317" durationms="3.859" />

<exclusive-start id="2853" timestamp="2019-06-16T18:48:46.320" intervalms="6.297">
  <response-info timems="0.058" idlems="0.034" threads="1" lastid="0000000000A79C00" lastname="PmdThread 1" />
</exclusive-start>
<af-start id="2854" threadId="0000000000A7E188" totalBytesRequested="24" timestamp="2019-06-16T18:48:46.320" intervalms="6.305" type="nursery" />
<cycle-start id="2855" type="scavenge" contextid="0" timestamp="2019-06-16T18:48:46.320" intervalms="6.287" />
<gc-start id="2856" type="scavenge" contextid="2855" timestamp="2019-06-16T18:48:46.320">
  <mem-info id="2857" free="2056434000" total="2092630016" percent="98">
    <mem type="nursery" free="0" total="3932160" percent="0">
      <mem type="allocate" free="0" total="2359296" percent="0" />
      <mem type="survivor" free="0" total="1572864" percent="0" />
    </mem>
    <mem type="tenure" free="2056434000" total="2088697856" percent="98">
      <mem type="soa" free="1951999312" total="1984263168" percent="98" />
      <mem type="loa" free="104434688" total="104434688" percent="100" />
    </mem>
    <remembered-set count="347" />
  </mem-info>
</gc-start>
<allocation-stats totalBytes="1536096" >
  <allocated-bytes non-tlh="56" tlh="1536040" />
  <largest-consumer threadName="PmdThread 3" threadId="0000000000A81400" bytes="1081040" />
</allocation-stats>
<gc-op id="2858" type="scavenge" timems="2.084" contextid="2855" timestamp="2019-06-16T18:48:46.322">
  <scavenger-info tenureage="1" tenuremask="7ffe" tiltratio="60" />
  <memory-copied type="nursery" objects="9118" bytes="414000" bytesdiscarded="134328" />
  <memory-copied type="tenure" objects="13547" bytes="748264" bytesdiscarded="96" />
  <finalization candidates="1" enqueued="0" />
  <references type="weak" candidates="3" cleared="3" enqueued="3" />
  <references type="phantom" candidates="2" cleared="1" enqueued="1" />
</gc-op>
<gc-end id="2859" type="scavenge" contextid="2855" durationms="2.271" usertimems="8.000" systemtimems="0.000" timestamp="2019-06-16T18:48:46.322" activeThreads="4">
  <mem-info id="2860" free="2057685000" total="2092630016" percent="98">
    <mem type="nursery" free="1942016" total="3932160" percent="49">
      <mem type="allocate" free="1942016" total="2490368" percent="77" />
      <mem type="survivor" free="0" total="1441792" percent="0" />
    </mem>
    <mem type="tenure" free="2055742984" total="2088697856" percent="98">
      <mem type="soa" free="1951308296" total="1984263168" percent="98" />
      <mem type="loa" free="104434688" total="104434688" percent="100" />
    </mem>
    <pending-finalizers system="0" default="0" reference="4" classloader="0" />
    <remembered-set count="291" />
  </mem-info>
</gc-end>
<cycle-end id="2861" type="scavenge" contextid="2855" timestamp="2019-06-16T18:48:46.322" />
  <attribute name="elasticGC enabled" value="1" />
  <attribute name= "numThreadsSpecified" value="4" />
  <attribute name="heapSize specified" value="9830400" />
  <attribute name="Current GC Util" value="94" />
  <attribute name= "Current Time Running" value="4191" />
  <attribute name ="GC Interval" value="520" />
  <attribute name="ProportionalT" value="74.000000" />
  <attribute name="ProportionalI" value="74.000000" />
  <attribute name="ProportionalH" value="74.000000" />
  <attribute name="Current Error" value="74.000000" />
  <attribute name="IntegralT" value="444.000000" />
  <attribute name="IntegralI" value="444.000000" />
  <attribute name="IntegralH" value="444.000000" />
  <attribute name="DerivativeT" value="-0.500000" />
  <attribute name="DerivativeI" value="-0.500000" />
  <attribute name="DerivativeH" value="-0.500000" />
  <attribute name="Loop Time for DT" value="6.000000" />
  <attribute name="Output H" value="8388608"/>
  <attribute name="Output I" value="520"/>
  <attribute name="Output T" value="4"/>
  <attribute name="Target GC Util Change" value ="20.000000" />
  <attribute name="Current GC Util Change" value="94.000000"/>
  <attribute name="GC Util currently" value="94" />
  <attribute name="CPU Util currently" value="731905492367" />
<allocation-satisfied id="2862" threadId="0000000000A7D800" bytesRequested="24" />
<af-end id="2863" timestamp="2019-06-16T18:48:46.322" threadId="0000000000A7E188" success="true" from="nursery"/>
<exclusive-end id="2864" timestamp="2019-06-16T18:48:46.322" durationms="2.756" />

<exclusive-start id="2865" timestamp="2019-06-16T18:48:46.326" intervalms="6.358">
  <response-info timems="0.335" idlems="0.176" threads="1" lastid="0000000000770F00" lastname="JIT Compilation Thread-1" />
</exclusive-start>
<af-start id="2866" threadId="0000000000A7A588" totalBytesRequested="148400" timestamp="2019-06-16T18:48:46.326" intervalms="6.347" type="nursery" />
<cycle-start id="2867" type="scavenge" contextid="0" timestamp="2019-06-16T18:48:46.326" intervalms="6.351" />
<gc-start id="2868" type="scavenge" contextid="2867" timestamp="2019-06-16T18:48:46.326">
  <mem-info id="2869" free="2055742776" total="2092630016" percent="98">
    <mem type="nursery" free="0" total="3932160" percent="0">
      <mem type="allocate" free="0" total="2490368" percent="0" />
      <mem type="survivor" free="0" total="1441792" percent="0" />
    </mem>
    <mem type="tenure" free="2055742776" total="2088697856" percent="98">
      <mem type="soa" free="1951308088" total="1984263168" percent="98" />
      <mem type="loa" free="104434688" total="104434688" percent="100" />
    </mem>
    <remembered-set count="385" />
  </mem-info>
</gc-start>
<allocation-stats totalBytes="1941648" >
  <allocated-bytes non-tlh="147632" tlh="1794016" />
  <largest-consumer threadName="PmdThread 3" threadId="0000000000A81400" bytes="778040" />
</allocation-stats>
<gc-op id="2870" type="scavenge" timems="2.133" contextid="2867" timestamp="2019-06-16T18:48:46.328">
  <scavenger-info tenureage="1" tenuremask="7ffe" tiltratio="63" />
  <memory-copied type="nursery" objects="7636" bytes="432384" bytesdiscarded="106648" />
  <memory-copied type="tenure" objects="8645" bytes="385104" bytesdiscarded="304" />
  <references type="weak" candidates="2" cleared="1" enqueued="1" />
  <references type="phantom" candidates="2" cleared="1" enqueued="1" />
</gc-op>
<gc-end id="2871" type="scavenge" contextid="2867" durationms="2.325" usertimems="8.000" systemtimems="0.000" timestamp="2019-06-16T18:48:46.328" activeThreads="4">
  <mem-info id="2872" free="2057466200" total="2092630016" percent="98">
    <mem type="nursery" free="2147896" total="3932160" percent="54">
      <mem type="allocate" free="2147896" total="2686976" percent="79" />
      <mem type="survivor" free="0" total="1245184" percent="0" />
    </mem>
    <mem type="tenure" free="2055318304" total="2088697856" percent="98">
      <mem type="soa" free="1950883616" total="1984263168" percent="98" />
      <mem type="loa" free="104434688" total="104434688" percent="100" />
    </mem>
    <pending-finalizers system="0" default="0" reference="2" classloader="0" />
    <remembered-set count="376" />
  </mem-info>
</gc-end>
<cycle-end id="2873" type="scavenge" contextid="2867" timestamp="2019-06-16T18:48:46.329" />
  <attribute name="elasticGC enabled" value="1" />
  <attribute name= "numThreadsSpecified" value="4" />
  <attribute name="heapSize specified" value="9830400" />
  <attribute name="Current GC Util" value="86" />
  <attribute name= "Current Time Running" value="4198" />
  <attribute name ="GC Interval" value="528" />
  <attribute name="ProportionalT" value="66.000000" />
  <attribute name="ProportionalI" value="66.000000" />
  <attribute name="ProportionalH" value="66.000000" />
  <attribute name="Current Error" value="66.000000" />
  <attribute name="IntegralT" value="462.000000" />
  <attribute name="IntegralI" value="462.000000" />
  <attribute name="IntegralH" value="462.000000" />
  <attribute name="DerivativeT" value="-0.571429" />
  <attribute name="DerivativeI" value="-0.571429" />
  <attribute name="DerivativeH" value="-0.571429" />
  <attribute name="Loop Time for DT" value="7.000000" />
  <attribute name="Output H" value="8388608"/>
  <attribute name="Output I" value="528"/>
  <attribute name="Output T" value="4"/>
  <attribute name="Target GC Util Change" value ="20.000000" />
  <attribute name="Current GC Util Change" value="86.000000"/>
  <attribute name="GC Util currently" value="86" />
  <attribute name="CPU Util currently" value="726720931553" />
<allocation-satisfied id="2874" threadId="0000000000A79C00" bytesRequested="148400" />
<af-end id="2875" timestamp="2019-06-16T18:48:46.329" threadId="0000000000A7A588" success="true" from="nursery"/>
<exclusive-end id="2876" timestamp="2019-06-16T18:48:46.329" durationms="2.823" />

<exclusive-start id="2877" timestamp="2019-06-16T18:48:46.332" intervalms="6.566">
  <response-info timems="1.785" idlems="0.911" threads="1" lastid="0000000000770F00" lastname="JIT Compilation Thread-1" />
</exclusive-start>
<af-start id="2878" threadId="0000000000A81D88" totalBytesRequested="40" timestamp="2019-06-16T18:48:46.333" intervalms="6.582" type="nursery" />
<cycle-start id="2879" type="scavenge" contextid="0" timestamp="2019-06-16T18:48:46.333" intervalms="6.683" />
<gc-start id="2880" type="scavenge" contextid="2879" timestamp="2019-06-16T18:48:46.333">
  <mem-info id="2881" free="2055318304" total="2092630016" percent="98">
    <mem type="nursery" free="0" total="3932160" percent="0">
      <mem type="allocate" free="0" total="2686976" percent="0" />
      <mem type="survivor" free="0" total="1245184" percent="0" />
    </mem>
    <mem type="tenure" free="2055318304" total="2088697856" percent="98">
      <mem type="soa" free="1950883616" total="1984263168" percent="98" />
      <mem type="loa" free="104434688" total="104434688" percent="100" />
    </mem>
    <remembered-set count="437" />
  </mem-info>
</gc-start>
<allocation-stats totalBytes="2147536" >
  <allocated-bytes non-tlh="317944" tlh="1829592" />
  <largest-consumer threadName="PmdThread 3" threadId="0000000000A81400" bytes="772976" />
</allocation-stats>
<gc-op id="2882" type="scavenge" timems="2.392" contextid="2879" timestamp="2019-06-16T18:48:46.335">
  <scavenger-info tenureage="1" tenuremask="7ffe" tiltratio="68" />
  <memory-copied type="nursery" objects="10611" bytes="621848" bytesdiscarded="112320" />
  <memory-copied type="tenure" objects="7316" bytes="271752" bytesdiscarded="40" />
  <references type="weak" candidates="8" cleared="8" enqueued="8" />
  <references type="phantom" candidates="1" cleared="0" enqueued="0" />
</gc-op>
<gc-end id="2883" type="scavenge" contextid="2879" durationms="2.759" usertimems="4.000" systemtimems="4.000" timestamp="2019-06-16T18:48:46.336" activeThreads="4">
  <mem-info id="2884" free="2057101640" total="2092630016" percent="98">
    <mem type="nursery" free="2018344" total="3932160" percent="51">
      <mem type="allocate" free="2018344" total="2752512" percent="73" />
      <mem type="survivor" free="0" total="1179648" percent="0" />
    </mem>
    <mem type="tenure" free="2055083296" total="2088697856" percent="98">
      <mem type="soa" free="1950648608" total="1984263168" percent="98" />
      <mem type="loa" free="104434688" total="104434688" percent="100" />
    </mem>
    <pending-finalizers system="0" default="0" reference="8" classloader="0" />
    <remembered-set count="184" />
  </mem-info>
</gc-end>
<cycle-end id="2885" type="scavenge" contextid="2879" timestamp="2019-06-16T18:48:46.336" />
  <attribute name="elasticGC enabled" value="1" />
  <attribute name= "numThreadsSpecified" value="4" />
  <attribute name="heapSize specified" value="9830400" />
  <attribute name="Current GC Util" value="57" />
  <attribute name= "Current Time Running" value="4204" />
  <attribute name ="GC Interval" value="256" />
  <attribute name="ProportionalT" value="37.000000" />
  <attribute name="ProportionalI" value="37.000000" />
  <attribute name="ProportionalH" value="37.000000" />
  <attribute name="Current Error" value="37.000000" />
  <attribute name="IntegralT" value="222.000000" />
  <attribute name="IntegralI" value="222.000000" />
  <attribute name="IntegralH" value="222.000000" />
  <attribute name="DerivativeT" value="-2.416667" />
  <attribute name="DerivativeI" value="-2.416667" />
  <attribute name="DerivativeH" value="-2.416667" />
  <attribute name="Loop Time for DT" value="6.000000" />
  <attribute name="Output H" value="8388608"/>
  <attribute name="Output I" value="256"/>
  <attribute name="Output T" value="4"/>
  <attribute name="Target GC Util Change" value ="20.000000" />
  <attribute name="Current GC Util Change" value="57.000000"/>
  <attribute name="GC Util currently" value="57" />
  <attribute name="CPU Util currently" value="690258697813" />
<allocation-satisfied id="2886" threadId="0000000000A81400" bytesRequested="40" />
<af-end id="2887" timestamp="2019-06-16T18:48:46.336" threadId="0000000000A81D88" success="true" from="nursery"/>
<exclusive-end id="2888" timestamp="2019-06-16T18:48:46.336" durationms="3.340" />

<exclusive-start id="2889" timestamp="2019-06-16T18:48:46.339" intervalms="6.333">
  <response-info timems="0.051" idlems="0.027" threads="1" lastid="0000000000A7D800" lastname="PmdThread 2" />
</exclusive-start>
<af-start id="2890" threadId="0000000000A7A588" totalBytesRequested="56" timestamp="2019-06-16T18:48:46.339" intervalms="6.318" type="nursery" />
<cycle-start id="2891" type="scavenge" contextid="0" timestamp="2019-06-16T18:48:46.339" intervalms="6.185" />
<gc-start id="2892" type="scavenge" contextid="2891" timestamp="2019-06-16T18:48:46.339">
  <mem-info id="2893" free="2055083296" total="2092630016" percent="98">
    <mem type="nursery" free="0" total="3932160" percent="0">
      <mem type="allocate" free="0" total="2752512" percent="0" />
      <mem type="survivor" free="0" total="1179648" percent="0" />
    </mem>
    <mem type="tenure" free="2055083296" total="2088697856" percent="98">
      <mem type="soa" free="1950648608" total="1984263168" percent="98" />
      <mem type="loa" free="104434688" total="104434688" percent="100" />
    </mem>
    <pending-finalizers system="0" default="0" reference="8" classloader="0" />
    <remembered-set count="193" />
  </mem-info>
</gc-start>
<allocation-stats totalBytes="2016488" >
  <allocated-bytes non-tlh="40" tlh="2016448" />
  <largest-consumer threadName="PmdThread 1" threadId="0000000000A79C00" bytes="1312664" />
</allocation-stats>
<gc-op id="2894" type="scavenge" timems="1.918" contextid="2891" timestamp="2019-06-16T18:48:46.341">
  <scavenger-info tenureage="1" tenuremask="7ffe" tiltratio="70" />
  <memory-copied type="nursery" objects="5002" bytes="249968" bytesdiscarded="128496" />
  <memory-copied type="tenure" objects="9614" bytes="596232" bytesdiscarded="352" />
  <references type="phantom" candidates="1" cleared="0" enqueued="0" />
</gc-op>
<gc-end id="2895" type="scavenge" contextid="2891" durationms="2.103" usertimems="8.000" systemtimems="0.000" timestamp="2019-06-16T18:48:46.341" activeThreads="4">
  <mem-info id="2896" free="2056850376" total="2092630016" percent="98">
    <mem type="nursery" free="2439568" total="3932160" percent="62">
      <mem type="allocate" free="2439568" total="2818048" percent="86" />
      <mem type="survivor" free="0" total="1114112" percent="0" />
    </mem>
    <mem type="tenure" free="2054410808" total="2088697856" percent="98">
      <mem type="soa" free="1949976120" total="1984263168" percent="98" />
      <mem type="loa" free="104434688" total="104434688" percent="100" />
    </mem>
    <pending-finalizers system="0" default="0" reference="8" classloader="0" />
    <remembered-set count="211" />
  </mem-info>
</gc-end>
<cycle-end id="2897" type="scavenge" contextid="2891" timestamp="2019-06-16T18:48:46.341" />
  <attribute name="elasticGC enabled" value="1" />
  <attribute name= "numThreadsSpecified" value="4" />
  <attribute name="heapSize specified" value="9830400" />
  <attribute name="Current GC Util" value="79" />
  <attribute name= "Current Time Running" value="4211" />
  <attribute name ="GC Interval" value="480" />
  <attribute name="ProportionalT" value="59.000000" />
  <attribute name="ProportionalI" value="59.000000" />
  <attribute name="ProportionalH" value="59.000000" />
  <attribute name="Current Error" value="59.000000" />
  <attribute name="IntegralT" value="413.000000" />
  <attribute name="IntegralI" value="413.000000" />
  <attribute name="IntegralH" value="413.000000" />
  <attribute name="DerivativeT" value="1.571429" />
  <attribute name="DerivativeI" value="1.571429" />
  <attribute name="DerivativeH" value="1.571429" />
  <attribute name="Loop Time for DT" value="7.000000" />
  <attribute name="Output H" value="8388608"/>
  <attribute name="Output I" value="480"/>
  <attribute name="Output T" value="4"/>
  <attribute name="Target GC Util Change" value ="20.000000" />
  <attribute name="Current GC Util Change" value="79.000000"/>
  <attribute name="GC Util currently" value="79" />
  <attribute name="CPU Util currently" value="744486879312" />
<allocation-satisfied id="2898" threadId="0000000000A79C00" bytesRequested="56" />
<af-end id="2899" timestamp="2019-06-16T18:48:46.341" threadId="0000000000A7A588" success="true" from="nursery"/>
<exclusive-end id="2900" timestamp="2019-06-16T18:48:46.341" durationms="2.554" />

<exclusive-start id="2901" timestamp="2019-06-16T18:48:46.346" intervalms="6.883">
  <response-info timems="0.079" idlems="0.079" threads="0" lastid="0000000000A81400" lastname="PmdThread 3" />
</exclusive-start>
<af-start id="2902" threadId="0000000000A81D88" totalBytesRequested="56" timestamp="2019-06-16T18:48:46.346" intervalms="6.896" type="nursery" />
<cycle-start id="2903" type="scavenge" contextid="0" timestamp="2019-06-16T18:48:46.346" intervalms="6.977" />
<gc-start id="2904" type="scavenge" contextid="2903" timestamp="2019-06-16T18:48:46.346">
  <mem-info id="2905" free="2054410808" total="2092630016" percent="98">
    <mem type="nursery" free="0" total="3932160" percent="0">
      <mem type="allocate" free="0" total="2818048" percent="0" />
      <mem type="survivor" free="0" total="1114112" percent="0" />
    </mem>
    <mem type="tenure" free="2054410808" total="2088697856" percent="98">
      <mem type="soa" free="1949976120" total="1984263168" percent="98" />
      <mem type="loa" free="104434688" total="104434688" percent="100" />
    </mem>
    <pending-finalizers system="0" default="0" reference="8" classloader="0" />
    <remembered-set count="565" />
  </mem-info>
</gc-start>
<allocation-stats totalBytes="2438824" >
  <allocated-bytes non-tlh="56" tlh="2438768" />
  <largest-consumer threadName="PmdThread 2" threadId="0000000000A7D800" bytes="1068792" />
</allocation-stats>
<gc-op id="2906" type="scavenge" timems="2.251" contextid="2903" timestamp="2019-06-16T18:48:46.348">
  <scavenger-info tenureage="2" tenuremask="7ffc" tiltratio="71" />
  <memory-copied type="nursery" objects="21609" bytes="857456" bytesdiscarded="122512" />
  <references type="weak" candidates="3" cleared="3" enqueued="3" />
  <references type="phantom" candidates="1" cleared="1" enqueued="1" />
</gc-op>
<gc-end id="2907" type="scavenge" contextid="2903" durationms="2.508" usertimems="8.000" systemtimems="0.000" timestamp="2019-06-16T18:48:46.348" activeThreads="4">
  <mem-info id="2908" free="2055855368" total="2092630016" percent="98">
    <mem type="nursery" free="1444560" total="3932160" percent="36">
      <mem type="allocate" free="1444560" total="2424832" percent="59" />
      <mem type="survivor" free="0" total="1507328" percent="0" />
    </mem>
    <mem type="tenure" free="2054410808" total="2088697856" percent="98">
      <mem type="soa" free="1949976120" total="1984263168" percent="98" />
      <mem type="loa" free="104434688" total="104434688" percent="100" />
    </mem>
    <pending-finalizers system="0" default="0" reference="12" classloader="0" />
    <remembered-set count="506" />
  </mem-info>
</gc-end>
<cycle-end id="2909" type="scavenge" contextid="2903" timestamp="2019-06-16T18:48:46.349" />
  <attribute name="elasticGC enabled" value="1" />
  <attribute name= "numThreadsSpecified" value="4" />
  <attribute name="heapSize specified" value="9830400" />
  <attribute name="Current GC Util" value="61" />
  <attribute name= "Current Time Running" value="4218" />
  <attribute name ="GC Interval" value="328" />
  <attribute name="ProportionalT" value="41.000000" />
  <attribute name="ProportionalI" value="41.000000" />
  <attribute name="ProportionalH" value="41.000000" />
  <attribute name="Current Error" value="41.000000" />
  <attribute name="IntegralT" value="287.000000" />
  <attribute name="IntegralI" value="287.000000" />
  <attribute name="IntegralH" value="287.000000" />
  <attribute name="DerivativeT" value="-1.285714" />
  <attribute name="DerivativeI" value="-1.285714" />
  <attribute name="DerivativeH" value="-1.285714" />
  <attribute name="Loop Time for DT" value="7.000000" />
  <attribute name="Output H" value="8388608"/>
  <attribute name="Output I" value="328"/>
  <attribute name="Output T" value="4"/>
  <attribute name="Target GC Util Change" value ="20.000000" />
  <attribute name="Current GC Util Change" value="61.000000"/>
  <attribute name="GC Util currently" value="61" />
  <attribute name="CPU Util currently" value="654304502361" />
<allocation-satisfied id="2910" threadId="0000000000A81400" bytesRequested="56" />
<af-end id="2911" timestamp="2019-06-16T18:48:46.349" threadId="0000000000A81D88" success="true" from="nursery"/>
<exclusive-end id="2912" timestamp="2019-06-16T18:48:46.349" durationms="3.045" />

<exclusive-start id="2913" timestamp="2019-06-16T18:48:46.351" intervalms="4.816">
  <response-info timems="0.076" idlems="0.076" threads="0" lastid="0000000000A81400" lastname="PmdThread 3" />
</exclusive-start>
<af-start id="2914" threadId="0000000000A81D88" totalBytesRequested="40" timestamp="2019-06-16T18:48:46.351" intervalms="4.807" type="nursery" />
<cycle-start id="2915" type="scavenge" contextid="0" timestamp="2019-06-16T18:48:46.351" intervalms="4.756" />
<gc-start id="2916" type="scavenge" contextid="2915" timestamp="2019-06-16T18:48:46.351">
  <mem-info id="2917" free="2054410808" total="2092630016" percent="98">
    <mem type="nursery" free="0" total="3932160" percent="0">
      <mem type="allocate" free="0" total="2424832" percent="0" />
      <mem type="survivor" free="0" total="1507328" percent="0" />
    </mem>
    <mem type="tenure" free="2054410808" total="2088697856" percent="98">
      <mem type="soa" free="1949976120" total="1984263168" percent="98" />
      <mem type="loa" free="104434688" total="104434688" percent="100" />
    </mem>
    <remembered-set count="527" />
  </mem-info>
</gc-start>
<allocation-stats totalBytes="1444112" >
  <allocated-bytes non-tlh="56" tlh="1444056" />
  <largest-consumer threadName="PmdThread 1" threadId="0000000000A79C00" bytes="761456" />
</allocation-stats>
<gc-op id="2918" type="scavenge" timems="3.388" contextid="2915" timestamp="2019-06-16T18:48:46.354">
  <scavenger-info tenureage="1" tenuremask="7ffe" tiltratio="61" />
  <memory-copied type="nursery" objects="2848" bytes="106832" bytesdiscarded="128176" />
  <memory-copied type="tenure" objects="21177" bytes="839080" bytesdiscarded="376" />
  <references type="weak" candidates="9" cleared="9" enqueued="9" />
  <references type="phantom" candidates="1" cleared="1" enqueued="1" />
</gc-op>
<gc-end id="2919" type="scavenge" contextid="2915" durationms="3.788" usertimems="8.000" systemtimems="4.000" timestamp="2019-06-16T18:48:46.355" activeThreads="4">
  <mem-info id="2920" free="2055963168" total="2092630016" percent="98">
    <mem type="nursery" free="2320896" total="3932160" percent="59">
      <mem type="allocate" free="2320896" total="2555904" percent="90" />
      <mem type="survivor" free="0" total="1376256" percent="0" />
    </mem>
    <mem type="tenure" free="2053642272" total="2088697856" percent="98">
      <mem type="soa" free="1949207584" total="1984263168" percent="98" />
      <mem type="loa" free="104434688" total="104434688" percent="100" />
    </mem>
    <pending-finalizers system="0" default="0" reference="10" classloader="0" />
    <remembered-set count="263" />
  </mem-info>
</gc-end>
<cycle-end id="2921" type="scavenge" contextid="2915" timestamp="2019-06-16T18:48:46.355" />
  <attribute name="elasticGC enabled" value="1" />
  <attribute name= "numThreadsSpecified" value="4" />
  <attribute name="heapSize specified" value="9830400" />
  <attribute name="Current GC Util" value="91" />
  <attribute name= "Current Time Running" value="4222" />
  <attribute name ="GC Interval" value="360" />
  <attribute name="ProportionalT" value="71.000000" />
  <attribute name="ProportionalI" value="71.000000" />
  <attribute name="ProportionalH" value="71.000000" />
  <attribute name="Current Error" value="71.000000" />
  <attribute name="IntegralT" value="284.000000" />
  <attribute name="IntegralI" value="284.000000" />
  <attribute name="IntegralH" value="284.000000" />
  <attribute name="DerivativeT" value="3.750000" />
  <attribute name="DerivativeI" value="3.750000" />
  <attribute name="DerivativeH" value="3.750000" />
  <attribute name="Loop Time for DT" value="4.000000" />
  <attribute name="Output H" value="8388608"/>
  <attribute name="Output I" value="360"/>
  <attribute name="Output T" value="4"/>
  <attribute name="Target GC Util Change" value ="20.000000" />
  <attribute name="Current GC Util Change" value="91.000000"/>
  <attribute name="GC Util currently" value="91" />
  <attribute name="CPU Util currently" value="972922968632" />
<allocation-satisfied id="2922" threadId="0000000000A81400" bytesRequested="40" />
<af-end id="2923" timestamp="2019-06-16T18:48:46.355" threadId="0000000000A81D88" success="true" from="nursery"/>
<exclusive-end id="2924" timestamp="2019-06-16T18:48:46.355" durationms="4.291" />

<exclusive-start id="2925" timestamp="2019-06-16T18:48:46.359" intervalms="8.511">
  <response-info timems="0.060" idlems="0.060" threads="0" lastid="0000000000A7D800" lastname="PmdThread 2" />
</exclusive-start>
<af-start id="2926" threadId="0000000000A7E188" totalBytesRequested="24" timestamp="2019-06-16T18:48:46.359" intervalms="8.529" type="nursery" />
<cycle-start id="2927" type="scavenge" contextid="0" timestamp="2019-06-16T18:48:46.359" intervalms="8.541" />
<gc-start id="2928" type="scavenge" contextid="2927" timestamp="2019-06-16T18:48:46.359">
  <mem-info id="2929" free="2053642272" total="2092630016" percent="98">
    <mem type="nursery" free="0" total="3932160" percent="0">
      <mem type="allocate" free="0" total="2555904" percent="0" />
      <mem type="survivor" free="0" total="1376256" percent="0" />
    </mem>
    <mem type="tenure" free="2053642272" total="2088697856" percent="98">
      <mem type="soa" free="1949207584" total="1984263168" percent="98" />
      <mem type="loa" free="104434688" total="104434688" percent="100" />
    </mem>
    <pending-finalizers system="0" default="0" reference="10" classloader="0" />
    <remembered-set count="535" />
  </mem-info>
</gc-start>
<allocation-stats totalBytes="2319712" >
  <allocated-bytes non-tlh="40" tlh="2319672" />
  <largest-consumer threadName="PmdThread 3" threadId="0000000000A81400" bytes="1400616" />
</allocation-stats>
<gc-op id="2930" type="scavenge" timems="1.835" contextid="2927" timestamp="2019-06-16T18:48:46.361">
  <scavenger-info tenureage="2" tenuremask="7ffc" tiltratio="65" />
  <memory-copied type="nursery" objects="12451" bytes="477240" bytesdiscarded="110256" />
  <references type="weak" candidates="11" cleared="11" enqueued="11" />
  <references type="phantom" candidates="1" cleared="1" enqueued="1" />
</gc-op>
<gc-end id="2931" type="scavenge" contextid="2927" durationms="2.046" usertimems="8.000" systemtimems="0.000" timestamp="2019-06-16T18:48:46.361" activeThreads="4">
  <mem-info id="2932" free="2055676192" total="2092630016" percent="98">
    <mem type="nursery" free="2033920" total="3932160" percent="51">
      <mem type="allocate" free="2033920" total="2621440" percent="77" />
      <mem type="survivor" free="0" total="1310720" percent="0" />
    </mem>
    <mem type="tenure" free="2053642272" total="2088697856" percent="98">
      <mem type="soa" free="1949207584" total="1984263168" percent="98" />
      <mem type="loa" free="104434688" total="104434688" percent="100" />
    </mem>
    <pending-finalizers system="0" default="0" reference="22" classloader="0" />
    <remembered-set count="284" />
  </mem-info>
</gc-end>
<cycle-end id="2933" type="scavenge" contextid="2927" timestamp="2019-06-16T18:48:46.361" />
  <attribute name="elasticGC enabled" value="1" />
  <attribute name= "numThreadsSpecified" value="4" />
  <attribute name="heapSize specified" value="9830400" />
  <attribute name="Current GC Util" value="65" />
  <attribute name= "Current Time Running" value="4231" />
  <attribute name ="GC Interval" value="448" />
  <attribute name="ProportionalT" value="45.000000" />
  <attribute name="ProportionalI" value="45.000000" />
  <attribute name="ProportionalH" value="45.000000" />
  <attribute name="Current Error" value="45.000000" />
  <attribute name="IntegralT" value="405.000000" />
  <attribute name="IntegralI" value="405.000000" />
  <attribute name="IntegralH" value="405.000000" />
  <attribute name="DerivativeT" value="-1.444444" />
  <attribute name="DerivativeI" value="-1.444444" />
  <attribute name="DerivativeH" value="-1.444444" />
  <attribute name="Loop Time for DT" value="9.000000" />
  <attribute name="Output H" value="8388608"/>
  <attribute name="Output I" value="448"/>
  <attribute name="Output T" value="4"/>
  <attribute name="Target GC Util Change" value ="20.000000" />
  <attribute name="Current GC Util Change" value="65.000000"/>
  <attribute name="GC Util currently" value="65" />
  <attribute name="CPU Util currently" value="543254393741" />
<allocation-satisfied id="2934" threadId="0000000000A7D800" bytesRequested="24" />
<af-end id="2935" timestamp="2019-06-16T18:48:46.362" threadId="0000000000A7E188" success="true" from="nursery"/>
<exclusive-end id="2936" timestamp="2019-06-16T18:48:46.362" durationms="2.555" />

<exclusive-start id="2937" timestamp="2019-06-16T18:48:46.364" intervalms="4.781">
  <response-info timems="0.061" idlems="0.033" threads="1" lastid="0000000000A7D800" lastname="PmdThread 2" />
</exclusive-start>
<af-start id="2938" threadId="0000000000A7A588" totalBytesRequested="104" timestamp="2019-06-16T18:48:46.364" intervalms="4.749" type="nursery" />
<cycle-start id="2939" type="scavenge" contextid="0" timestamp="2019-06-16T18:48:46.364" intervalms="4.733" />
<gc-start id="2940" type="scavenge" contextid="2939" timestamp="2019-06-16T18:48:46.364">
  <mem-info id="2941" free="2053642272" total="2092630016" percent="98">
    <mem type="nursery" free="0" total="3932160" percent="0">
      <mem type="allocate" free="0" total="2621440" percent="0" />
      <mem type="survivor" free="0" total="1310720" percent="0" />
    </mem>
    <mem type="tenure" free="2053642272" total="2088697856" percent="98">
      <mem type="soa" free="1949207584" total="1984263168" percent="98" />
      <mem type="loa" free="104434688" total="104434688" percent="100" />
    </mem>
    <remembered-set count="308" />
  </mem-info>
</gc-start>
<allocation-stats totalBytes="2033264" >
  <allocated-bytes non-tlh="32808" tlh="2000456" />
  <largest-consumer threadName="PmdThread 1" threadId="0000000000A79C00" bytes="765520" />
</allocation-stats>
<gc-op id="2942" type="scavenge" timems="1.806" contextid="2939" timestamp="2019-06-16T18:48:46.366">
  <scavenger-info tenureage="2" tenuremask="7ffc" tiltratio="66" />
  <memory-copied type="nursery" objects="16138" bytes="653312" bytesdiscarded="106760" />
  <memory-copied type="tenure" objects="2437" bytes="91752" bytesdiscarded="24" />
</gc-op>
<gc-end id="2943" type="scavenge" contextid="2939" durationms="1.995" usertimems="8.000" systemtimems="0.000" timestamp="2019-06-16T18:48:46.366" activeThreads="4">
  <mem-info id="2944" free="2055713800" total="2092630016" percent="98">
    <mem type="nursery" free="2189032" total="3932160" percent="55">
      <mem type="allocate" free="2189032" total="2949120" percent="74" />
      <mem type="survivor" free="0" total="983040" percent="0" />
    </mem>
    <mem type="tenure" free="2053524768" total="2088697856" percent="98">
      <mem type="soa" free="1949090080" total="1984263168" percent="98" />
      <mem type="loa" free="104434688" total="104434688" percent="100" />
    </mem>
    <remembered-set count="208" />
  </mem-info>
</gc-end>
<cycle-end id="2945" type="scavenge" contextid="2939" timestamp="2019-06-16T18:48:46.366" />
  <attribute name="elasticGC enabled" value="1" />
  <attribute name= "numThreadsSpecified" value="4" />
  <attribute name="heapSize specified" value="9830400" />
  <attribute name="Current GC Util" value="69" />
  <attribute name= "Current Time Running" value="4236" />
  <attribute name ="GC Interval" value="296" />
  <attribute name="ProportionalT" value="49.000000" />
  <attribute name="ProportionalI" value="49.000000" />
  <attribute name="ProportionalH" value="49.000000" />
  <attribute name="Current Error" value="49.000000" />
  <attribute name="IntegralT" value="245.000000" />
  <attribute name="IntegralI" value="245.000000" />
  <attribute name="IntegralH" value="245.000000" />
  <attribute name="DerivativeT" value="0.400000" />
  <attribute name="DerivativeI" value="0.400000" />
  <attribute name="DerivativeH" value="0.400000" />
  <attribute name="Loop Time for DT" value="5.000000" />
  <attribute name="Output H" value="8388608"/>
  <attribute name="Output I" value="296"/>
  <attribute name="Output T" value="4"/>
  <attribute name="Target GC Util Change" value ="20.000000" />
  <attribute name="Current GC Util Change" value="69.000000"/>
  <attribute name="GC Util currently" value="69" />
  <attribute name="CPU Util currently" value="977119400198" />
<allocation-satisfied id="2946" threadId="0000000000A79C00" bytesRequested="104" />
<af-end id="2947" timestamp="2019-06-16T18:48:46.366" threadId="0000000000A7A588" success="true" from="nursery"/>
<exclusive-end id="2948" timestamp="2019-06-16T18:48:46.366" durationms="2.465" />

<exclusive-start id="2949" timestamp="2019-06-16T18:48:46.376" intervalms="11.810">
  <response-info timems="1.940" idlems="0.975" threads="1" lastid="0000000000A85000" lastname="PmdThread 4" />
</exclusive-start>
<af-start id="2950" threadId="0000000000A81D88" totalBytesRequested="72" timestamp="2019-06-16T18:48:46.376" intervalms="11.836" type="nursery" />
<cycle-start id="2951" type="scavenge" contextid="0" timestamp="2019-06-16T18:48:46.376" intervalms="11.835" />
<gc-start id="2952" type="scavenge" contextid="2951" timestamp="2019-06-16T18:48:46.376">
  <mem-info id="2953" free="2053524432" total="2092630016" percent="98">
    <mem type="nursery" free="0" total="3932160" percent="0">
      <mem type="allocate" free="0" total="2949120" percent="0" />
      <mem type="survivor" free="0" total="983040" percent="0" />
    </mem>
    <mem type="tenure" free="2053524432" total="2088697856" percent="98">
      <mem type="soa" free="1949089744" total="1984263168" percent="98" />
      <mem type="loa" free="104434688" total="104434688" percent="100" />
    </mem>
    <remembered-set count="1103" />
  </mem-info>
</gc-start>
<allocation-stats totalBytes="2188616" >
  <allocated-bytes non-tlh="440" tlh="2188176" />
  <largest-consumer threadName="PmdThread 4" threadId="0000000000A85000" bytes="1290032" />
</allocation-stats>
<gc-op id="2954" type="scavenge" timems="1.646" contextid="2951" timestamp="2019-06-16T18:48:46.378">
  <scavenger-info tenureage="2" tenuremask="7ffc" tiltratio="75" />
  <memory-copied type="nursery" objects="9379" bytes="379752" bytesdiscarded="157736" />
  <memory-copied type="tenure" objects="9643" bytes="363392" bytesdiscarded="136" />
  <references type="weak" candidates="37" cleared="37" enqueued="37" />
  <references type="phantom" candidates="5" cleared="5" enqueued="5" />
</gc-op>
<gc-end id="2955" type="scavenge" contextid="2951" durationms="2.015" usertimems="4.000" systemtimems="0.000" timestamp="2019-06-16T18:48:46.378" activeThreads="4">
  <mem-info id="2956" free="2055607480" total="2092630016" percent="98">
    <mem type="nursery" free="2410216" total="3932160" percent="61">
      <mem type="allocate" free="2410216" total="2949120" percent="81" />
      <mem type="survivor" free="0" total="983040" percent="0" />
    </mem>
    <mem type="tenure" free="2053197264" total="2088697856" percent="98">
      <mem type="soa" free="1948762576" total="1984263168" percent="98" />
      <mem type="loa" free="104434688" total="104434688" percent="100" />
    </mem>
    <pending-finalizers system="0" default="0" reference="42" classloader="0" />
    <remembered-set count="1225" />
  </mem-info>
</gc-end>
<cycle-end id="2957" type="scavenge" contextid="2951" timestamp="2019-06-16T18:48:46.378" />
  <attribute name="elasticGC enabled" value="1" />
  <attribute name= "numThreadsSpecified" value="4" />
  <attribute name="heapSize specified" value="9830400" />
  <attribute name="Current GC Util" value="25" />
  <attribute name= "Current Time Running" value="4247" />
  <attribute name ="GC Interval" value="200" />
  <attribute name="ProportionalT" value="5.000000" />
  <attribute name="ProportionalI" value="5.000000" />
  <attribute name="ProportionalH" value="5.000000" />
  <attribute name="Current Error" value="5.000000" />
  <attribute name="IntegralT" value="55.000000" />
  <attribute name="IntegralI" value="55.000000" />
  <attribute name="IntegralH" value="55.000000" />
  <attribute name="DerivativeT" value="-2.000000" />
  <attribute name="DerivativeI" value="-2.000000" />
  <attribute name="DerivativeH" value="-2.000000" />
  <attribute name="Loop Time for DT" value="11.000000" />
  <attribute name="Output H" value="8388608"/>
  <attribute name="Output I" value="200"/>
  <attribute name="Output T" value="4"/>
  <attribute name="Target GC Util Change" value ="20.000000" />
  <attribute name="Current GC Util Change" value="25.000000"/>
  <attribute name="GC Util currently" value="25" />
  <attribute name="CPU Util currently" value="389234979255" />
<allocation-satisfied id="2958" threadId="0000000000A81400" bytesRequested="72" />
<af-end id="2959" timestamp="2019-06-16T18:48:46.378" threadId="0000000000A81D88" success="true" from="nursery"/>
<exclusive-end id="2960" timestamp="2019-06-16T18:48:46.378" durationms="2.499" />

<exclusive-start id="2961" timestamp="2019-06-16T18:48:46.382" intervalms="6.770">
  <response-info timems="0.157" idlems="0.157" threads="0" lastid="0000000000A81400" lastname="PmdThread 3" />
</exclusive-start>
<af-start id="2962" threadId="0000000000A81D88" totalBytesRequested="26720" timestamp="2019-06-16T18:48:46.383" intervalms="6.804" type="nursery" />
<cycle-start id="2963" type="scavenge" contextid="0" timestamp="2019-06-16T18:48:46.383" intervalms="6.845" />
<gc-start id="2964" type="scavenge" contextid="2963" timestamp="2019-06-16T18:48:46.383">
  <mem-info id="2965" free="2053197264" total="2092630016" percent="98">
    <mem type="nursery" free="0" total="3932160" percent="0">
      <mem type="allocate" free="0" total="2949120" percent="0" />
      <mem type="survivor" free="0" total="983040" percent="0" />
    </mem>
    <mem type="tenure" free="2053197264" total="2088697856" percent="98">
      <mem type="soa" free="1948762576" total="1984263168" percent="98" />
      <mem type="loa" free="104434688" total="104434688" percent="100" />
    </mem>
    <remembered-set count="2010" />
  </mem-info>
</gc-start>
<allocation-stats totalBytes="2368456" >
  <allocated-bytes non-tlh="16464" tlh="2351992" />
  <largest-consumer threadName="PmdThread 3" threadId="0000000000A81400" bytes="1263528" />
</allocation-stats>
<gc-op id="2966" type="scavenge" timems="2.064" contextid="2963" timestamp="2019-06-16T18:48:46.385">
  <scavenger-info tenureage="2" tenuremask="7ffc" tiltratio="75" />
  <memory-copied type="nursery" objects="7200" bytes="409832" bytesdiscarded="95376" />
  <memory-copied type="tenure" objects="6225" bytes="281376" bytesdiscarded="96" />
  <references type="weak" candidates="135" cleared="134" enqueued="134" />
  <references type="phantom" candidates="2" cleared="0" enqueued="0" />
</gc-op>
<gc-end id="2967" type="scavenge" contextid="2963" durationms="2.427" usertimems="8.000" systemtimems="0.000" timestamp="2019-06-16T18:48:46.385" activeThreads="4">
  <mem-info id="2968" free="2055504896" total="2092630016" percent="98">
    <mem type="nursery" free="2574928" total="3932160" percent="65">
      <mem type="allocate" free="2574928" total="3080192" percent="83" />
      <mem type="survivor" free="0" total="851968" percent="0" />
    </mem>
    <mem type="tenure" free="2052929968" total="2088697856" percent="98">
      <mem type="soa" free="1948495280" total="1984263168" percent="98" />
      <mem type="loa" free="104434688" total="104434688" percent="100" />
    </mem>
    <pending-finalizers system="0" default="0" reference="134" classloader="0" />
    <remembered-set count="2140" />
  </mem-info>
</gc-end>
<cycle-end id="2969" type="scavenge" contextid="2963" timestamp="2019-06-16T18:48:46.385" />
  <attribute name="elasticGC enabled" value="1" />
  <attribute name= "numThreadsSpecified" value="4" />
  <attribute name="heapSize specified" value="9830400" />
  <attribute name="Current GC Util" value="58" />
  <attribute name= "Current Time Running" value="4254" />
  <attribute name ="GC Interval" value="312" />
  <attribute name="ProportionalT" value="38.000000" />
  <attribute name="ProportionalI" value="38.000000" />
  <attribute name="ProportionalH" value="38.000000" />
  <attribute name="Current Error" value="38.000000" />
  <attribute name="IntegralT" value="266.000000" />
  <attribute name="IntegralI" value="266.000000" />
  <attribute name="IntegralH" value="266.000000" />
  <attribute name="DerivativeT" value="2.357143" />
  <attribute name="DerivativeI" value="2.357143" />
  <attribute name="DerivativeH" value="2.357143" />
  <attribute name="Loop Time for DT" value="7.000000" />
  <attribute name="Output H" value="8388608"/>
  <attribute name="Output I" value="312"/>
  <attribute name="Output T" value="4"/>
  <attribute name="Target GC Util Change" value ="20.000000" />
  <attribute name="Current GC Util Change" value="58.000000"/>
  <attribute name="GC Util currently" value="58" />
  <attribute name="CPU Util currently" value="672641016926" />
<allocation-satisfied id="2970" threadId="0000000000A81400" bytesRequested="26720" />
<af-end id="2971" timestamp="2019-06-16T18:48:46.385" threadId="0000000000A81D88" success="true" from="nursery"/>
<exclusive-end id="2972" timestamp="2019-06-16T18:48:46.385" durationms="3.034" />

<exclusive-start id="2973" timestamp="2019-06-16T18:48:46.397" intervalms="14.331">
  <response-info timems="0.192" idlems="0.060" threads="3" lastid="0000000000770F00" lastname="JIT Compilation Thread-1" />
</exclusive-start>
<af-start id="2974" threadId="0000000000A7A588" totalBytesRequested="640" timestamp="2019-06-16T18:48:46.397" intervalms="14.287" type="nursery" />
<cycle-start id="2975" type="scavenge" contextid="0" timestamp="2019-06-16T18:48:46.397" intervalms="14.248" />
<gc-start id="2976" type="scavenge" contextid="2975" timestamp="2019-06-16T18:48:46.397">
  <mem-info id="2977" free="2052928848" total="2092630016" percent="98">
    <mem type="nursery" free="0" total="3932160" percent="0">
      <mem type="allocate" free="0" total="3080192" percent="0" />
      <mem type="survivor" free="0" total="851968" percent="0" />
    </mem>
    <mem type="tenure" free="2052928848" total="2088697856" percent="98">
      <mem type="soa" free="1948494160" total="1984263168" percent="98" />
      <mem type="loa" free="104434688" total="104434688" percent="100" />
    </mem>
    <remembered-set count="2958" />
  </mem-info>
</gc-start>
<allocation-stats totalBytes="2572456" >
  <allocated-bytes non-tlh="27840" tlh="2544616" />
  <largest-consumer threadName="PmdThread 1" threadId="0000000000A79C00" bytes="1140496" />
</allocation-stats>
<gc-op id="2978" type="scavenge" timems="1.684" contextid="2975" timestamp="2019-06-16T18:48:46.399">
  <scavenger-info tenureage="2" tenuremask="7ffc" tiltratio="78" />
  <memory-copied type="nursery" objects="7515" bytes="422096" bytesdiscarded="91232" />
  <memory-copied type="tenure" objects="2913" bytes="84816" bytesdiscarded="96" />
  <references type="weak" candidates="133" cleared="133" enqueued="133" />
  <references type="phantom" candidates="4" cleared="4" enqueued="4" />
</gc-op>
<gc-end id="2979" type="scavenge" contextid="2975" durationms="1.896" usertimems="4.000" systemtimems="0.000" timestamp="2019-06-16T18:48:46.399" activeThreads="4">
  <mem-info id="2980" free="2055482864" total="2092630016" percent="98">
    <mem type="nursery" free="2632352" total="3932160" percent="66">
      <mem type="allocate" free="2632352" total="3145728" percent="83" />
      <mem type="survivor" free="0" total="786432" percent="0" />
    </mem>
    <mem type="tenure" free="2052850512" total="2088697856" percent="98">
      <mem type="soa" free="1948415824" total="1984263168" percent="98" />
      <mem type="loa" free="104434688" total="104434688" percent="100" />
    </mem>
    <pending-finalizers system="0" default="0" reference="137" classloader="0" />
    <remembered-set count="589" />
  </mem-info>
</gc-end>
<cycle-end id="2981" type="scavenge" contextid="2975" timestamp="2019-06-16T18:48:46.399" />
  <attribute name="elasticGC enabled" value="1" />
  <attribute name= "numThreadsSpecified" value="4" />
  <attribute name="heapSize specified" value="9830400" />
  <attribute name="Current GC Util" value="29" />
  <attribute name= "Current Time Running" value="4268" />
  <attribute name ="GC Interval" value="200" />
  <attribute name="ProportionalT" value="9.000000" />
  <attribute name="ProportionalI" value="9.000000" />
  <attribute name="ProportionalH" value="9.000000" />
  <attribute name="Current Error" value="9.000000" />
  <attribute name="IntegralT" value="126.000000" />
  <attribute name="IntegralI" value="126.000000" />
  <attribute name="IntegralH" value="126.000000" />
  <attribute name="DerivativeT" value="-1.035714" />
  <attribute name="DerivativeI" value="-1.035714" />
  <attribute name="DerivativeH" value="-1.035714" />
  <attribute name="Loop Time for DT" value="14.000000" />
  <attribute name="Output H" value="8388608"/>
  <attribute name="Output I" value="200"/>
  <attribute name="Output T" value="4"/>
  <attribute name="Target GC Util Change" value ="20.000000" />
  <attribute name="Current GC Util Change" value="29.000000"/>
  <attribute name="GC Util currently" value="29" />
  <attribute name="CPU Util currently" value="323898367183" />
<allocation-satisfied id="2982" threadId="0000000000A79C00" bytesRequested="640" />
<af-end id="2983" timestamp="2019-06-16T18:48:46.399" threadId="0000000000A7A588" success="true" from="nursery"/>
<exclusive-end id="2984" timestamp="2019-06-16T18:48:46.399" durationms="2.490" />

<exclusive-start id="2985" timestamp="2019-06-16T18:48:46.415" intervalms="17.938">
  <response-info timems="0.206" idlems="0.130" threads="3" lastid="0000000000770F00" lastname="JIT Compilation Thread-1" />
</exclusive-start>
<af-start id="2986" threadId="0000000000A85988" totalBytesRequested="16" timestamp="2019-06-16T18:48:46.415" intervalms="17.941" type="nursery" />
<cycle-start id="2987" type="scavenge" contextid="0" timestamp="2019-06-16T18:48:46.415" intervalms="17.944" />
<gc-start id="2988" type="scavenge" contextid="2987" timestamp="2019-06-16T18:48:46.415">
  <mem-info id="2989" free="2052848560" total="2092630016" percent="98">
    <mem type="nursery" free="0" total="3932160" percent="0">
      <mem type="allocate" free="0" total="3145728" percent="0" />
      <mem type="survivor" free="0" total="786432" percent="0" />
    </mem>
    <mem type="tenure" free="2052848560" total="2088697856" percent="98">
      <mem type="soa" free="1948413872" total="1984263168" percent="98" />
      <mem type="loa" free="104434688" total="104434688" percent="100" />
    </mem>
    <remembered-set count="1624" />
  </mem-info>
</gc-start>
<allocation-stats totalBytes="2632120" >
  <allocated-bytes non-tlh="2592" tlh="2629528" />
  <largest-consumer threadName="PmdThread 4" threadId="0000000000A85000" bytes="1031016" />
</allocation-stats>
<gc-op id="2990" type="scavenge" timems="1.657" contextid="2987" timestamp="2019-06-16T18:48:46.417">
  <scavenger-info tenureage="2" tenuremask="7ffc" tiltratio="80" />
  <memory-copied type="nursery" objects="8607" bytes="441056" bytesdiscarded="60704" />
  <memory-copied type="tenure" objects="3801" bytes="247376" bytesdiscarded="40" />
  <references type="weak" candidates="134" cleared="134" enqueued="134" />
</gc-op>
<gc-end id="2991" type="scavenge" contextid="2987" durationms="2.000" usertimems="4.000" systemtimems="0.000" timestamp="2019-06-16T18:48:46.417" activeThreads="1">
  <mem-info id="2992" free="2055312512" total="2092630016" percent="98">
    <mem type="nursery" free="2708224" total="3932160" percent="68">
      <mem type="allocate" free="2708224" total="3211264" percent="84" />
      <mem type="survivor" free="0" total="720896" percent="0" />
    </mem>
    <mem type="tenure" free="2052604288" total="2088697856" percent="98">
      <mem type="soa" free="1948169600" total="1984263168" percent="98" />
      <mem type="loa" free="104434688" total="104434688" percent="100" />
    </mem>
    <pending-finalizers system="0" default="0" reference="134" classloader="0" />
    <remembered-set count="227" />
  </mem-info>
</gc-end>
<cycle-end id="2993" type="scavenge" contextid="2987" timestamp="2019-06-16T18:48:46.417" />
  <attribute name="elasticGC enabled" value="1" />
  <attribute name= "numThreadsSpecified" value="1" />
  <attribute name="heapSize specified" value="9830400" />
  <attribute name="Current GC Util" value="20" />
  <attribute name= "Current Time Running" value="4287" />
  <attribute name ="GC Interval" value="200" />
  <attribute name="ProportionalT" value="0.000000" />
  <attribute name="ProportionalI" value="0.000000" />
  <attribute name="ProportionalH" value="0.000000" />
  <attribute name="Current Error" value="0.000000" />
  <attribute name="IntegralT" value="0.000000" />
  <attribute name="IntegralI" value="0.000000" />
  <attribute name="IntegralH" value="0.000000" />
  <attribute name="DerivativeT" value="-0.236842" />
  <attribute name="DerivativeI" value="-0.236842" />
  <attribute name="DerivativeH" value="-0.236842" />
  <attribute name="Loop Time for DT" value="19.000000" />
  <attribute name="Output H" value="8388608"/>
  <attribute name="Output I" value="200"/>
  <attribute name="Output T" value="1"/>
  <attribute name="Target GC Util Change" value ="20.000000" />
  <attribute name="Current GC Util Change" value="20.000000"/>
  <attribute name="GC Util currently" value="20" />
  <attribute name="CPU Util currently" value="255422560695" />
<allocation-satisfied id="2994" threadId="0000000000A85000" bytesRequested="16" />
<af-end id="2995" timestamp="2019-06-16T18:48:46.417" threadId="0000000000A85988" success="true" from="nursery"/>
<exclusive-end id="2996" timestamp="2019-06-16T18:48:46.417" durationms="2.715" />

<exclusive-start id="2997" timestamp="2019-06-16T18:48:46.424" intervalms="8.903">
  <response-info timems="0.086" idlems="0.055" threads="1" lastid="0000000000A79C00" lastname="PmdThread 1" />
</exclusive-start>
<af-start id="2998" threadId="0000000000A85988" totalBytesRequested="24" timestamp="2019-06-16T18:48:46.424" intervalms="8.923" type="nursery" />
<cycle-start id="2999" type="scavenge" contextid="0" timestamp="2019-06-16T18:48:46.424" intervalms="8.960" />
<gc-start id="3000" type="scavenge" contextid="2999" timestamp="2019-06-16T18:48:46.424">
  <mem-info id="3001" free="2052603896" total="2092630016" percent="98">
    <mem type="nursery" free="0" total="3932160" percent="0">
      <mem type="allocate" free="0" total="3211264" percent="0" />
      <mem type="survivor" free="0" total="720896" percent="0" />
    </mem>
    <mem type="tenure" free="2052603896" total="2088697856" percent="98">
      <mem type="soa" free="1948169208" total="1984263168" percent="98" />
      <mem type="loa" free="104434688" total="104434688" percent="100" />
    </mem>
    <remembered-set count="394" />
  </mem-info>
</gc-start>
<allocation-stats totalBytes="2707896" >
  <allocated-bytes non-tlh="408" tlh="2707488" />
  <largest-consumer threadName="PmdThread 3" threadId="0000000000A81400" bytes="1491424" />
</allocation-stats>
<gc-op id="3002" type="scavenge" timems="1.243" contextid="2999" timestamp="2019-06-16T18:48:46.425">
  <scavenger-info tenureage="2" tenuremask="7ffc" tiltratio="81" />
  <memory-copied type="nursery" objects="5580" bytes="351272" bytesdiscarded="21096" />
  <memory-copied type="tenure" objects="3245" bytes="124224" bytesdiscarded="0" />
  <references type="weak" candidates="35" cleared="35" enqueued="35" />
  <references type="phantom" candidates="3" cleared="3" enqueued="3" />
</gc-op>
<gc-end id="3003" type="scavenge" contextid="2999" durationms="1.486" usertimems="0.000" systemtimems="0.000" timestamp="2019-06-16T18:48:46.425" activeThreads="1">
  <mem-info id="3004" free="2055301352" total="2092630016" percent="98">
    <mem type="nursery" free="2837232" total="3932160" percent="72">
      <mem type="allocate" free="2837232" total="3211264" percent="88" />
      <mem type="survivor" free="0" total="720896" percent="0" />
    </mem>
    <mem type="tenure" free="2052464120" total="2088697856" percent="98">
      <mem type="soa" free="1948029432" total="1984263168" percent="98" />
      <mem type="loa" free="104434688" total="104434688" percent="100" />
    </mem>
    <pending-finalizers system="0" default="0" reference="38" classloader="0" />
    <remembered-set count="167" />
  </mem-info>
</gc-end>
<cycle-end id="3005" type="scavenge" contextid="2999" timestamp="2019-06-16T18:48:46.425" />
  <attribute name="elasticGC enabled" value="1" />
  <attribute name= "numThreadsSpecified" value="1" />
  <attribute name="heapSize specified" value="9830400" />
  <attribute name="Current GC Util" value="20" />
  <attribute name= "Current Time Running" value="4295" />
  <attribute name ="GC Interval" value="200" />
  <attribute name="ProportionalT" value="0.000000" />
  <attribute name="ProportionalI" value="0.000000" />
  <attribute name="ProportionalH" value="0.000000" />
  <attribute name="Current Error" value="0.000000" />
  <attribute name="IntegralT" value="0.000000" />
  <attribute name="IntegralI" value="0.000000" />
  <attribute name="IntegralH" value="0.000000" />
  <attribute name="DerivativeT" value="0.000000" />
  <attribute name="DerivativeI" value="0.000000" />
  <attribute name="DerivativeH" value="0.000000" />
  <attribute name="Loop Time for DT" value="8.000000" />
  <attribute name="Output H" value="8388608"/>
  <attribute name="Output I" value="200"/>
  <attribute name="Output T" value="1"/>
  <attribute name="Target GC Util Change" value ="20.000000" />
  <attribute name="Current GC Util Change" value="20.000000"/>
  <attribute name="GC Util currently" value="20" />
  <attribute name="CPU Util currently" value="518781402159" />
<allocation-satisfied id="3006" threadId="0000000000A85000" bytesRequested="24" />
<af-end id="3007" timestamp="2019-06-16T18:48:46.426" threadId="0000000000A85988" success="true" from="nursery"/>
<exclusive-end id="3008" timestamp="2019-06-16T18:48:46.426" durationms="2.147" />

<exclusive-start id="3009" timestamp="2019-06-16T18:48:46.428" intervalms="4.448">
  <response-info timems="0.089" idlems="0.089" threads="0" lastid="0000000000A81400" lastname="PmdThread 3" />
</exclusive-start>
<af-start id="3010" threadId="0000000000A81D88" totalBytesRequested="24" timestamp="2019-06-16T18:48:46.428" intervalms="4.406" type="nursery" />
<cycle-start id="3011" type="scavenge" contextid="0" timestamp="2019-06-16T18:48:46.428" intervalms="4.359" />
<gc-start id="3012" type="scavenge" contextid="3011" timestamp="2019-06-16T18:48:46.428">
  <mem-info id="3013" free="2052464120" total="2092630016" percent="98">
    <mem type="nursery" free="0" total="3932160" percent="0">
      <mem type="allocate" free="0" total="3211264" percent="0" />
      <mem type="survivor" free="0" total="720896" percent="0" />
    </mem>
    <mem type="tenure" free="2052464120" total="2088697856" percent="98">
      <mem type="soa" free="1948029432" total="1984263168" percent="98" />
      <mem type="loa" free="104434688" total="104434688" percent="100" />
    </mem>
    <remembered-set count="401" />
  </mem-info>
</gc-start>
<allocation-stats totalBytes="2831584" >
  <allocated-bytes non-tlh="16416" tlh="2815168" />
  <largest-consumer threadName="PmdThread 3" threadId="0000000000A81400" bytes="1309224" />
</allocation-stats>
<gc-op id="3014" type="scavenge" timems="1.188" contextid="3011" timestamp="2019-06-16T18:48:46.429">
  <scavenger-info tenureage="2" tenuremask="7ffc" tiltratio="81" />
  <memory-copied type="nursery" objects="4464" bytes="251024" bytesdiscarded="108880" />
  <memory-copied type="tenure" objects="4897" bytes="301304" bytesdiscarded="96" />
  <references type="weak" candidates="72" cleared="72" enqueued="72" />
  <references type="phantom" candidates="1" cleared="0" enqueued="0" />
</gc-op>
<gc-end id="3015" type="scavenge" contextid="3011" durationms="1.552" usertimems="4.000" systemtimems="0.000" timestamp="2019-06-16T18:48:46.430" activeThreads="4">
  <mem-info id="3016" free="2055080880" total="2092630016" percent="98">
    <mem type="nursery" free="2916848" total="3932160" percent="74">
      <mem type="allocate" free="2916848" total="3276800" percent="89" />
      <mem type="survivor" free="0" total="655360" percent="0" />
    </mem>
    <mem type="tenure" free="2052164032" total="2088697856" percent="98">
      <mem type="soa" free="1947729344" total="1984263168" percent="98" />
      <mem type="loa" free="104434688" total="104434688" percent="100" />
    </mem>
    <pending-finalizers system="0" default="0" reference="72" classloader="0" />
    <remembered-set count="209" />
  </mem-info>
</gc-end>
<cycle-end id="3017" type="scavenge" contextid="3011" timestamp="2019-06-16T18:48:46.430" />
  <attribute name="elasticGC enabled" value="1" />
  <attribute name= "numThreadsSpecified" value="4" />
  <attribute name="heapSize specified" value="9830400" />
  <attribute name="Current GC Util" value="31" />
  <attribute name= "Current Time Running" value="4300" />
  <attribute name ="GC Interval" value="200" />
  <attribute name="ProportionalT" value="11.000000" />
  <attribute name="ProportionalI" value="11.000000" />
  <attribute name="ProportionalH" value="11.000000" />
  <attribute name="Current Error" value="11.000000" />
  <attribute name="IntegralT" value="55.000000" />
  <attribute name="IntegralI" value="55.000000" />
  <attribute name="IntegralH" value="55.000000" />
  <attribute name="DerivativeT" value="1.100000" />
  <attribute name="DerivativeI" value="1.100000" />
  <attribute name="DerivativeH" value="1.100000" />
  <attribute name="Loop Time for DT" value="5.000000" />
  <attribute name="Output H" value="8388608"/>
  <attribute name="Output I" value="200"/>
  <attribute name="Output T" value="4"/>
  <attribute name="Target GC Util Change" value ="20.000000" />
  <attribute name="Current GC Util Change" value="31.000000"/>
  <attribute name="GC Util currently" value="31" />
  <attribute name="CPU Util currently" value="1069965969465" />
<allocation-satisfied id="3018" threadId="0000000000A81400" bytesRequested="24" />
<af-end id="3019" timestamp="2019-06-16T18:48:46.430" threadId="0000000000A81D88" success="true" from="nursery"/>
<exclusive-end id="3020" timestamp="2019-06-16T18:48:46.430" durationms="1.974" />

<exclusive-start id="3021" timestamp="2019-06-16T18:48:46.435" intervalms="7.418">
  <response-info timems="1.599" idlems="0.808" threads="1" lastid="0000000000A79C00" lastname="PmdThread 1" />
</exclusive-start>
<af-start id="3022" threadId="0000000000A7E188" totalBytesRequested="616" timestamp="2019-06-16T18:48:46.436" intervalms="7.470" type="nursery" />
<cycle-start id="3023" type="scavenge" contextid="0" timestamp="2019-06-16T18:48:46.436" intervalms="7.475" />
<gc-start id="3024" type="scavenge" contextid="3023" timestamp="2019-06-16T18:48:46.436">
  <mem-info id="3025" free="2052163752" total="2092630016" percent="98">
    <mem type="nursery" free="0" total="3932160" percent="0">
      <mem type="allocate" free="0" total="3276800" percent="0" />
      <mem type="survivor" free="0" total="655360" percent="0" />
    </mem>
    <mem type="tenure" free="2052163752" total="2088697856" percent="98">
      <mem type="soa" free="1947729064" total="1984263168" percent="98" />
      <mem type="loa" free="104434688" total="104434688" percent="100" />
    </mem>
    <remembered-set count="237" />
  </mem-info>
</gc-start>
<allocation-stats totalBytes="2916592" >
  <allocated-bytes non-tlh="304" tlh="2916288" />
  <largest-consumer threadName="PmdThread 3" threadId="0000000000A81400" bytes="2416952" />
</allocation-stats>
<gc-op id="3026" type="scavenge" timems="1.181" contextid="3023" timestamp="2019-06-16T18:48:46.437">
  <scavenger-info tenureage="3" tenuremask="7ff8" tiltratio="83" />
  <memory-copied type="nursery" objects="4879" bytes="258624" bytesdiscarded="134808" />
  <references type="weak" candidates="17" cleared="17" enqueued="17" />
  <references type="phantom" candidates="1" cleared="1" enqueued="1" />
</gc-op>
<gc-end id="3027" type="scavenge" contextid="3023" durationms="1.396" usertimems="4.000" systemtimems="0.000" timestamp="2019-06-16T18:48:46.437" activeThreads="4">
  <mem-info id="3028" free="2055112592" total="2092630016" percent="98">
    <mem type="nursery" free="2948840" total="3932160" percent="74">
      <mem type="allocate" free="2948840" total="3342336" percent="88" />
      <mem type="survivor" free="0" total="589824" percent="0" />
    </mem>
    <mem type="tenure" free="2052163752" total="2088697856" percent="98">
      <mem type="soa" free="1947729064" total="1984263168" percent="98" />
      <mem type="loa" free="104434688" total="104434688" percent="100" />
    </mem>
    <pending-finalizers system="0" default="0" reference="18" classloader="0" />
    <remembered-set count="213" />
  </mem-info>
</gc-end>
<cycle-end id="3029" type="scavenge" contextid="3023" timestamp="2019-06-16T18:48:46.437" />
  <attribute name="elasticGC enabled" value="1" />
  <attribute name= "numThreadsSpecified" value="4" />
  <attribute name="heapSize specified" value="9830400" />
  <attribute name="Current GC Util" value="48" />
  <attribute name= "Current Time Running" value="4307" />
  <attribute name ="GC Interval" value="232" />
  <attribute name="ProportionalT" value="28.000000" />
  <attribute name="ProportionalI" value="28.000000" />
  <attribute name="ProportionalH" value="28.000000" />
  <attribute name="Current Error" value="28.000000" />
  <attribute name="IntegralT" value="196.000000" />
  <attribute name="IntegralI" value="196.000000" />
  <attribute name="IntegralH" value="196.000000" />
  <attribute name="DerivativeT" value="1.214286" />
  <attribute name="DerivativeI" value="1.214286" />
  <attribute name="DerivativeH" value="1.214286" />
  <attribute name="Loop Time for DT" value="7.000000" />
  <attribute name="Output H" value="8388608"/>
  <attribute name="Output I" value="232"/>
  <attribute name="Output T" value="4"/>
  <attribute name="Target GC Util Change" value ="20.000000" />
  <attribute name="Current GC Util Change" value="48.000000"/>
  <attribute name="GC Util currently" value="48" />
  <attribute name="CPU Util currently" value="614377683700" />
<allocation-satisfied id="3030" threadId="0000000000A7D800" bytesRequested="616" />
<af-end id="3031" timestamp="2019-06-16T18:48:46.437" threadId="0000000000A7E188" success="true" from="nursery"/>
<exclusive-end id="3032" timestamp="2019-06-16T18:48:46.437" durationms="1.916" />

<exclusive-start id="3033" timestamp="2019-06-16T18:48:46.454" intervalms="18.514">
  <response-info timems="0.031" idlems="0.031" threads="0" lastid="0000000000769700" lastname="main" />
</exclusive-start>
<af-start id="3034" threadId="000000000076A088" totalBytesRequested="24" timestamp="2019-06-16T18:48:46.454" intervalms="18.484" type="nursery" />
<cycle-start id="3035" type="scavenge" contextid="0" timestamp="2019-06-16T18:48:46.454" intervalms="18.497" />
<gc-start id="3036" type="scavenge" contextid="3035" timestamp="2019-06-16T18:48:46.454">
  <mem-info id="3037" free="2052163752" total="2092630016" percent="98">
    <mem type="nursery" free="0" total="3932160" percent="0">
      <mem type="allocate" free="0" total="3342336" percent="0" />
      <mem type="survivor" free="0" total="589824" percent="0" />
    </mem>
    <mem type="tenure" free="2052163752" total="2088697856" percent="98">
      <mem type="soa" free="1947729064" total="1984263168" percent="98" />
      <mem type="loa" free="104434688" total="104434688" percent="100" />
    </mem>
    <remembered-set count="324" />
  </mem-info>
</gc-start>
<allocation-stats totalBytes="2945352" >
  <allocated-bytes non-tlh="33400" tlh="2911952" />
  <largest-consumer threadName="PmdThread 2" threadId="0000000000A7D800" bytes="892416" />
</allocation-stats>
<gc-op id="3038" type="scavenge" timems="0.573" contextid="3035" timestamp="2019-06-16T18:48:46.455">
  <scavenger-info tenureage="4" tenuremask="7ff0" tiltratio="85" />
  <memory-copied type="nursery" objects="8442" bytes="495024" bytesdiscarded="93208" />
  <memory-copied type="tenure" objects="125" bytes="12272" bytesdiscarded="0" />
  <copy-failed type="nursery" objects="125" bytes="12272" />
  <references type="weak" candidates="147" cleared="147" enqueued="147" />
  <references type="phantom" candidates="1" cleared="1" enqueued="1" />
</gc-op>
<gc-end id="3039" type="scavenge" contextid="3035" durationms="0.839" usertimems="0.000" systemtimems="0.000" timestamp="2019-06-16T18:48:46.455" activeThreads="4">
  <mem-info id="3040" free="2054606752" total="2092630016" percent="98">
    <mem type="nursery" free="2490368" total="3932160" percent="63">
      <mem type="allocate" free="2490368" total="3080192" percent="80" />
      <mem type="survivor" free="0" total="851968" percent="0" />
    </mem>
    <mem type="tenure" free="2052116384" total="2088697856" percent="98">
      <mem type="soa" free="1947681696" total="1984263168" percent="98" />
      <mem type="loa" free="104434688" total="104434688" percent="100" />
    </mem>
    <pending-finalizers system="0" default="0" reference="148" classloader="0" />
    <remembered-set count="276" />
  </mem-info>
</gc-end>
<cycle-end id="3041" type="scavenge" contextid="3035" timestamp="2019-06-16T18:48:46.455" />
  <attribute name="elasticGC enabled" value="1" />
  <attribute name= "numThreadsSpecified" value="4" />
  <attribute name="heapSize specified" value="9830400" />
  <attribute name="Current GC Util" value="13" />
  <attribute name= "Current Time Running" value="4326" />
  <attribute name ="GC Interval" value="200" />
  <attribute name="ProportionalT" value="-7.000000" />
  <attribute name="ProportionalI" value="-7.000000" />
  <attribute name="ProportionalH" value="-7.000000" />
  <attribute name="Current Error" value="-7.000000" />
  <attribute name="IntegralT" value="-133.000000" />
  <attribute name="IntegralI" value="-133.000000" />
  <attribute name="IntegralH" value="-133.000000" />
  <attribute name="DerivativeT" value="-0.921053" />
  <attribute name="DerivativeI" value="-0.921053" />
  <attribute name="DerivativeH" value="-0.921053" />
  <attribute name="Loop Time for DT" value="19.000000" />
  <attribute name="Output H" value="2092630016"/>
  <attribute name="Output I" value="200"/>
  <attribute name="Output T" value="4"/>
  <attribute name="Target GC Util Change" value ="20.000000" />
  <attribute name="Current GC Util Change" value="13.000000"/>
  <attribute name="GC Util currently" value="13" />
  <attribute name="CPU Util currently" value="249208471745" />
<allocation-satisfied id="3042" threadId="0000000000769700" bytesRequested="24" />
<af-end id="3043" timestamp="2019-06-16T18:48:46.455" threadId="000000000076A088" success="true" from="nursery"/>
<exclusive-end id="3044" timestamp="2019-06-16T18:48:46.455" durationms="1.520" />

<exclusive-start id="3045" timestamp="2019-06-16T18:48:46.461" intervalms="7.273">
  <response-info timems="0.057" idlems="0.057" threads="0" lastid="0000000000A79C00" lastname="PmdThread 1" />
</exclusive-start>
<af-start id="3046" threadId="0000000000A7A588" totalBytesRequested="24" timestamp="2019-06-16T18:48:46.461" intervalms="7.277" type="nursery" />
<cycle-start id="3047" type="scavenge" contextid="0" timestamp="2019-06-16T18:48:46.461" intervalms="7.274" />
<gc-start id="3048" type="scavenge" contextid="3047" timestamp="2019-06-16T18:48:46.461">
  <mem-info id="3049" free="2052116088" total="2092630016" percent="98">
    <mem type="nursery" free="0" total="3932160" percent="0">
      <mem type="allocate" free="0" total="3080192" percent="0" />
      <mem type="survivor" free="0" total="851968" percent="0" />
    </mem>
    <mem type="tenure" free="2052116088" total="2088697856" percent="98">
      <mem type="soa" free="1947681400" total="1984263168" percent="98" />
      <mem type="loa" free="104434688" total="104434688" percent="100" />
    </mem>
    <remembered-set count="596" />
  </mem-info>
</gc-start>
<allocation-stats totalBytes="2487688" >
  <allocated-bytes non-tlh="320" tlh="2487368" />
  <largest-consumer threadName="PmdThread 1" threadId="0000000000A79C00" bytes="1030104" />
</allocation-stats>
<gc-op id="3050" type="scavenge" timems="1.431" contextid="3047" timestamp="2019-06-16T18:48:46.463">
  <scavenger-info tenureage="3" tenuremask="7ff8" tiltratio="78" />
  <memory-copied type="nursery" objects="6386" bytes="405248" bytesdiscarded="58344" />
  <memory-copied type="tenure" objects="3971" bytes="217784" bytesdiscarded="40" />
  <references type="weak" candidates="159" cleared="159" enqueued="159" />
  <references type="phantom" candidates="2" cleared="2" enqueued="2" />
</gc-op>
<gc-end id="3051" type="scavenge" contextid="3047" durationms="1.660" usertimems="4.000" systemtimems="0.000" timestamp="2019-06-16T18:48:46.463" activeThreads="1">
  <mem-info id="3052" free="2054514504" total="2092630016" percent="98">
    <mem type="nursery" free="2679792" total="3932160" percent="68">
      <mem type="allocate" free="2679792" total="3145728" percent="85" />
      <mem type="survivor" free="0" total="786432" percent="0" />
    </mem>
    <mem type="tenure" free="2051834712" total="2088697856" percent="98">
      <mem type="soa" free="1947400024" total="1984263168" percent="98" />
      <mem type="loa" free="104434688" total="104434688" percent="100" />
    </mem>
    <pending-finalizers system="0" default="0" reference="161" classloader="0" />
    <remembered-set count="372" />
  </mem-info>
</gc-end>
<cycle-end id="3053" type="scavenge" contextid="3047" timestamp="2019-06-16T18:48:46.463" />
  <attribute name="elasticGC enabled" value="1" />
  <attribute name= "numThreadsSpecified" value="1" />
  <attribute name="heapSize specified" value="9830400" />
  <attribute name="Current GC Util" value="20" />
  <attribute name= "Current Time Running" value="4333" />
  <attribute name ="GC Interval" value="200" />
  <attribute name="ProportionalT" value="0.000000" />
  <attribute name="ProportionalI" value="0.000000" />
  <attribute name="ProportionalH" value="0.000000" />
  <attribute name="Current Error" value="0.000000" />
  <attribute name="IntegralT" value="0.000000" />
  <attribute name="IntegralI" value="0.000000" />
  <attribute name="IntegralH" value="0.000000" />
  <attribute name="DerivativeT" value="0.000000" />
  <attribute name="DerivativeI" value="0.000000" />
  <attribute name="DerivativeH" value="0.000000" />
  <attribute name="Loop Time for DT" value="7.000000" />
  <attribute name="Output H" value="8388608"/>
  <attribute name="Output I" value="200"/>
  <attribute name="Output T" value="1"/>
  <attribute name="Target GC Util Change" value ="20.000000" />
  <attribute name="Current GC Util Change" value="20.000000"/>
  <attribute name="GC Util currently" value="20" />
  <attribute name="CPU Util currently" value="637870981981" />
<allocation-satisfied id="3054" threadId="0000000000A79C00" bytesRequested="24" />
<af-end id="3055" timestamp="2019-06-16T18:48:46.463" threadId="0000000000A7A588" success="true" from="nursery"/>
<exclusive-end id="3056" timestamp="2019-06-16T18:48:46.463" durationms="2.158" />

<exclusive-start id="3057" timestamp="2019-06-16T18:48:46.470" intervalms="9.249">
  <response-info timems="0.055" idlems="0.055" threads="0" lastid="0000000000A79C00" lastname="PmdThread 1" />
</exclusive-start>
<af-start id="3058" threadId="0000000000A7A588" totalBytesRequested="608" timestamp="2019-06-16T18:48:46.471" intervalms="9.253" type="nursery" />
<cycle-start id="3059" type="scavenge" contextid="0" timestamp="2019-06-16T18:48:46.471" intervalms="9.233" />
<gc-start id="3060" type="scavenge" contextid="3059" timestamp="2019-06-16T18:48:46.471">
  <mem-info id="3061" free="2051834712" total="2092630016" percent="98">
    <mem type="nursery" free="0" total="3932160" percent="0">
      <mem type="allocate" free="0" total="3145728" percent="0" />
      <mem type="survivor" free="0" total="786432" percent="0" />
    </mem>
    <mem type="tenure" free="2051834712" total="2088697856" percent="98">
      <mem type="soa" free="1947400024" total="1984263168" percent="98" />
      <mem type="loa" free="104434688" total="104434688" percent="100" />
    </mem>
    <remembered-set count="930" />
  </mem-info>
</gc-start>
<allocation-stats totalBytes="2675872" >
  <allocated-bytes non-tlh="24" tlh="2675848" />
  <largest-consumer threadName="PmdThread 1" threadId="0000000000A79C00" bytes="2675872" />
</allocation-stats>
<gc-op id="3062" type="scavenge" timems="0.995" contextid="3059" timestamp="2019-06-16T18:48:46.472">
  <scavenger-info tenureage="4" tenuremask="7ff0" tiltratio="80" />
  <memory-copied type="nursery" objects="6812" bytes="418768" bytesdiscarded="125200" />
  <references type="weak" candidates="306" cleared="306" enqueued="306" />
</gc-op>
<gc-end id="3063" type="scavenge" contextid="3059" durationms="1.159" usertimems="4.000" systemtimems="0.000" timestamp="2019-06-16T18:48:46.472" activeThreads="4">
  <mem-info id="3064" free="2054501944" total="2092630016" percent="98">
    <mem type="nursery" free="2667232" total="3932160" percent="67">
      <mem type="allocate" free="2667232" total="3211264" percent="83" />
      <mem type="survivor" free="0" total="720896" percent="0" />
    </mem>
    <mem type="tenure" free="2051834712" total="2088697856" percent="98">
      <mem type="soa" free="1947400024" total="1984263168" percent="98" />
      <mem type="loa" free="104434688" total="104434688" percent="100" />
    </mem>
    <pending-finalizers system="0" default="0" reference="306" classloader="0" />
    <remembered-set count="369" />
  </mem-info>
</gc-end>
<cycle-end id="3065" type="scavenge" contextid="3059" timestamp="2019-06-16T18:48:46.472" />
  <attribute name="elasticGC enabled" value="1" />
  <attribute name= "numThreadsSpecified" value="4" />
  <attribute name="heapSize specified" value="9830400" />
  <attribute name="Current GC Util" value="16" />
  <attribute name= "Current Time Running" value="4342" />
  <attribute name ="GC Interval" value="200" />
  <attribute name="ProportionalT" value="-4.000000" />
  <attribute name="ProportionalI" value="-4.000000" />
  <attribute name="ProportionalH" value="-4.000000" />
  <attribute name="Current Error" value="-4.000000" />
  <attribute name="IntegralT" value="-36.000000" />
  <attribute name="IntegralI" value="-36.000000" />
  <attribute name="IntegralH" value="-36.000000" />
  <attribute name="DerivativeT" value="-0.222222" />
  <attribute name="DerivativeI" value="-0.222222" />
  <attribute name="DerivativeH" value="-0.222222" />
  <attribute name="Loop Time for DT" value="9.000000" />
  <attribute name="Output H" value="2092630016"/>
  <attribute name="Output I" value="200"/>
  <attribute name="Output T" value="4"/>
  <attribute name="Target GC Util Change" value ="20.000000" />
  <attribute name="Current GC Util Change" value="16.000000"/>
  <attribute name="GC Util currently" value="16" />
  <attribute name="CPU Util currently" value="500476255814" />
<allocation-satisfied id="3066" threadId="0000000000A79C00" bytesRequested="608" />
<af-end id="3067" timestamp="2019-06-16T18:48:46.472" threadId="0000000000A7A588" success="true" from="nursery"/>
<exclusive-end id="3068" timestamp="2019-06-16T18:48:46.472" durationms="1.563" />

<exclusive-start id="3069" timestamp="2019-06-16T18:48:46.478" intervalms="8.015">
  <response-info timems="0.050" idlems="0.050" threads="0" lastid="0000000000A79C00" lastname="PmdThread 1" />
</exclusive-start>
<af-start id="3070" threadId="0000000000A7A588" totalBytesRequested="80" timestamp="2019-06-16T18:48:46.479" intervalms="7.994" type="nursery" />
<cycle-start id="3071" type="scavenge" contextid="0" timestamp="2019-06-16T18:48:46.479" intervalms="7.991" />
<gc-start id="3072" type="scavenge" contextid="3071" timestamp="2019-06-16T18:48:46.479">
  <mem-info id="3073" free="2051834424" total="2092630016" percent="98">
    <mem type="nursery" free="0" total="3932160" percent="0">
      <mem type="allocate" free="0" total="3211264" percent="0" />
      <mem type="survivor" free="0" total="720896" percent="0" />
    </mem>
    <mem type="tenure" free="2051834424" total="2088697856" percent="98">
      <mem type="soa" free="1947399736" total="1984263168" percent="98" />
      <mem type="loa" free="104434688" total="104434688" percent="100" />
    </mem>
    <remembered-set count="831" />
  </mem-info>
</gc-start>
<allocation-stats totalBytes="2663048" >
  <allocated-bytes non-tlh="82856" tlh="2580192" />
  <largest-consumer threadName="PmdThread 1" threadId="0000000000A79C00" bytes="1685568" />
</allocation-stats>
<gc-op id="3074" type="scavenge" timems="1.394" contextid="3071" timestamp="2019-06-16T18:48:46.480">
  <scavenger-info tenureage="3" tenuremask="7ff8" tiltratio="81" />
  <memory-copied type="nursery" objects="6778" bytes="482352" bytesdiscarded="61088" />
  <memory-copied type="tenure" objects="3974" bytes="257128" bytesdiscarded="40" />
  <references type="weak" candidates="260" cleared="260" enqueued="260" />
  <references type="phantom" candidates="3" cleared="3" enqueued="3" />
</gc-op>
<gc-end id="3075" type="scavenge" contextid="3071" durationms="1.567" usertimems="4.000" systemtimems="0.000" timestamp="2019-06-16T18:48:46.480" activeThreads="4">
  <mem-info id="3076" free="2054302744" total="2092630016" percent="98">
    <mem type="nursery" free="2733296" total="3932160" percent="69">
      <mem type="allocate" free="2733296" total="3276800" percent="83" />
      <mem type="survivor" free="0" total="655360" percent="0" />
    </mem>
    <mem type="tenure" free="2051569448" total="2088697856" percent="98">
      <mem type="soa" free="1947134760" total="1984263168" percent="98" />
      <mem type="loa" free="104434688" total="104434688" percent="100" />
    </mem>
    <pending-finalizers system="0" default="0" reference="263" classloader="0" />
    <remembered-set count="155" />
  </mem-info>
</gc-end>
<cycle-end id="3077" type="scavenge" contextid="3071" timestamp="2019-06-16T18:48:46.480" />
  <attribute name="elasticGC enabled" value="1" />
  <attribute name= "numThreadsSpecified" value="4" />
  <attribute name="heapSize specified" value="9830400" />
  <attribute name="Current GC Util" value="28" />
  <attribute name= "Current Time Running" value="4350" />
  <attribute name ="GC Interval" value="200" />
  <attribute name="ProportionalT" value="8.000000" />
  <attribute name="ProportionalI" value="8.000000" />
  <attribute name="ProportionalH" value="8.000000" />
  <attribute name="Current Error" value="8.000000" />
  <attribute name="IntegralT" value="64.000000" />
  <attribute name="IntegralI" value="64.000000" />
  <attribute name="IntegralH" value="64.000000" />
  <attribute name="DerivativeT" value="0.500000" />
  <attribute name="DerivativeI" value="0.500000" />
  <attribute name="DerivativeH" value="0.500000" />
  <attribute name="Loop Time for DT" value="8.000000" />
  <attribute name="Output H" value="8388608"/>
  <attribute name="Output I" value="200"/>
  <attribute name="Output T" value="4"/>
  <attribute name="Target GC Util Change" value ="20.000000" />
  <attribute name="Current GC Util Change" value="28.000000"/>
  <attribute name="GC Util currently" value="28" />
  <attribute name="CPU Util currently" value="577171681767" />
<allocation-satisfied id="3078" threadId="0000000000A79C00" bytesRequested="80" />
<af-end id="3079" timestamp="2019-06-16T18:48:46.480" threadId="0000000000A7A588" success="true" from="nursery"/>
<exclusive-end id="3080" timestamp="2019-06-16T18:48:46.481" durationms="2.050" />

<exclusive-start id="3081" timestamp="2019-06-16T18:48:46.486" intervalms="7.478">
  <response-info timems="0.074" idlems="0.039" threads="1" lastid="0000000000A7D800" lastname="PmdThread 2" />
</exclusive-start>
<af-start id="3082" threadId="0000000000A85988" totalBytesRequested="40" timestamp="2019-06-16T18:48:46.486" intervalms="7.487" type="nursery" />
<cycle-start id="3083" type="scavenge" contextid="0" timestamp="2019-06-16T18:48:46.486" intervalms="7.504" />
<gc-start id="3084" type="scavenge" contextid="3083" timestamp="2019-06-16T18:48:46.486">
  <mem-info id="3085" free="2051569448" total="2092630016" percent="98">
    <mem type="nursery" free="0" total="3932160" percent="0">
      <mem type="allocate" free="0" total="3276800" percent="0" />
      <mem type="survivor" free="0" total="655360" percent="0" />
    </mem>
    <mem type="tenure" free="2051569448" total="2088697856" percent="98">
      <mem type="soa" free="1947134760" total="1984263168" percent="98" />
      <mem type="loa" free="104434688" total="104434688" percent="100" />
    </mem>
    <remembered-set count="653" />
  </mem-info>
</gc-start>
<allocation-stats totalBytes="2728816" >
  <allocated-bytes non-tlh="80" tlh="2728736" />
  <largest-consumer threadName="PmdThread 1" threadId="0000000000A79C00" bytes="1545856" />
</allocation-stats>
<gc-op id="3086" type="scavenge" timems="2.973" contextid="3083" timestamp="2019-06-16T18:48:46.489">
  <scavenger-info tenureage="4" tenuremask="7ff0" tiltratio="83" />
  <memory-copied type="nursery" objects="6549" bytes="582288" bytesdiscarded="72272" />
  <memory-copied type="tenure" objects="1198" bytes="42992" bytesdiscarded="16" />
  <copy-failed type="nursery" objects="1198" bytes="43584" />
  <references type="weak" candidates="226" cleared="226" enqueued="226" />
  <references type="phantom" candidates="2" cleared="2" enqueued="2" />
</gc-op>
<gc-end id="3087" type="scavenge" contextid="3083" durationms="3.239" usertimems="4.000" systemtimems="0.000" timestamp="2019-06-16T18:48:46.489" activeThreads="4">
  <mem-info id="3088" free="2053955112" total="2092630016" percent="98">
    <mem type="nursery" free="2424832" total="3932160" percent="61">
      <mem type="allocate" free="2424832" total="3080192" percent="78" />
      <mem type="survivor" free="0" total="851968" percent="0" />
    </mem>
    <mem type="tenure" free="2051530280" total="2088697856" percent="98">
      <mem type="soa" free="1947095592" total="1984263168" percent="98" />
      <mem type="loa" free="104434688" total="104434688" percent="100" />
    </mem>
    <pending-finalizers system="0" default="0" reference="228" classloader="0" />
    <remembered-set count="803" />
  </mem-info>
</gc-end>
<cycle-end id="3089" type="scavenge" contextid="3083" timestamp="2019-06-16T18:48:46.490" />
  <attribute name="elasticGC enabled" value="1" />
  <attribute name= "numThreadsSpecified" value="4" />
  <attribute name="heapSize specified" value="9830400" />
  <attribute name="Current GC Util" value="36" />
  <attribute name= "Current Time Running" value="4358" />
  <attribute name ="GC Interval" value="200" />
  <attribute name="ProportionalT" value="16.000000" />
  <attribute name="ProportionalI" value="16.000000" />
  <attribute name="ProportionalH" value="16.000000" />
  <attribute name="Current Error" value="16.000000" />
  <attribute name="IntegralT" value="128.000000" />
  <attribute name="IntegralI" value="128.000000" />
  <attribute name="IntegralH" value="128.000000" />
  <attribute name="DerivativeT" value="0.500000" />
  <attribute name="DerivativeI" value="0.500000" />
  <attribute name="DerivativeH" value="0.500000" />
  <attribute name="Loop Time for DT" value="8.000000" />
  <attribute name="Output H" value="8388608"/>
  <attribute name="Output I" value="200"/>
  <attribute name="Output T" value="4"/>
  <attribute name="Target GC Util Change" value ="20.000000" />
  <attribute name="Current GC Util Change" value="36.000000"/>
  <attribute name="GC Util currently" value="36" />
  <attribute name="CPU Util currently" value="611083682566" />
<allocation-satisfied id="3090" threadId="0000000000A85000" bytesRequested="40" />
<af-end id="3091" timestamp="2019-06-16T18:48:46.490" threadId="0000000000A85988" success="true" from="nursery"/>
<exclusive-end id="3092" timestamp="2019-06-16T18:48:46.490" durationms="3.890" />

<exclusive-start id="3093" timestamp="2019-06-16T18:48:46.494" intervalms="8.228">
  <response-info timems="0.051" idlems="0.051" threads="0" lastid="0000000000A7D800" lastname="PmdThread 2" />
</exclusive-start>
<af-start id="3094" threadId="0000000000A7E188" totalBytesRequested="40" timestamp="2019-06-16T18:48:46.494" intervalms="8.256" type="nursery" />
<cycle-start id="3095" type="scavenge" contextid="0" timestamp="2019-06-16T18:48:46.494" intervalms="8.275" />
<gc-start id="3096" type="scavenge" contextid="3095" timestamp="2019-06-16T18:48:46.494">
  <mem-info id="3097" free="2051530280" total="2092630016" percent="98">
    <mem type="nursery" free="0" total="3932160" percent="0">
      <mem type="allocate" free="0" total="3080192" percent="0" />
      <mem type="survivor" free="0" total="851968" percent="0" />
    </mem>
    <mem type="tenure" free="2051530280" total="2088697856" percent="98">
      <mem type="soa" free="1947095592" total="1984263168" percent="98" />
      <mem type="loa" free="104434688" total="104434688" percent="100" />
    </mem>
    <remembered-set count="1115" />
  </mem-info>
</gc-start>
<allocation-stats totalBytes="2421800" >
  <allocated-bytes non-tlh="40" tlh="2421760" />
  <largest-consumer threadName="PmdThread 1" threadId="0000000000A79C00" bytes="1304584" />
</allocation-stats>
<gc-op id="3098" type="scavenge" timems="4.365" contextid="3095" timestamp="2019-06-16T18:48:46.499">
  <scavenger-info tenureage="4" tenuremask="7ff0" tiltratio="78" />
  <memory-copied type="nursery" objects="9143" bytes="749248" bytesdiscarded="79168" />
  <memory-copied type="tenure" objects="106" bytes="3152" bytesdiscarded="0" />
  <references type="weak" candidates="166" cleared="166" enqueued="166" />
  <references type="phantom" candidates="3" cleared="2" enqueued="2" />
</gc-op>
<gc-end id="3099" type="scavenge" contextid="3095" durationms="4.582" usertimems="4.000" systemtimems="4.000" timestamp="2019-06-16T18:48:46.499" activeThreads="4">
  <mem-info id="3100" free="2053650056" total="2092630016" percent="98">
    <mem type="nursery" free="2119776" total="3932160" percent="53">
      <mem type="allocate" free="2119776" total="2949120" percent="71" />
      <mem type="survivor" free="0" total="983040" percent="0" />
    </mem>
    <mem type="tenure" free="2051530280" total="2088697856" percent="98">
      <mem type="soa" free="1947095592" total="1984263168" percent="98" />
      <mem type="loa" free="104434688" total="104434688" percent="100" />
    </mem>
    <pending-finalizers system="0" default="0" reference="168" classloader="0" />
    <remembered-set count="773" />
  </mem-info>
</gc-end>
<cycle-end id="3101" type="scavenge" contextid="3095" timestamp="2019-06-16T18:48:46.499" />
  <attribute name="elasticGC enabled" value="1" />
  <attribute name= "numThreadsSpecified" value="4" />
  <attribute name="heapSize specified" value="9830400" />
  <attribute name="Current GC Util" value="52" />
  <attribute name= "Current Time Running" value="4366" />
  <attribute name ="GC Interval" value="296" />
  <attribute name="ProportionalT" value="32.000000" />
  <attribute name="ProportionalI" value="32.000000" />
  <attribute name="ProportionalH" value="32.000000" />
  <attribute name="Current Error" value="32.000000" />
  <attribute name="IntegralT" value="256.000000" />
  <attribute name="IntegralI" value="256.000000" />
  <attribute name="IntegralH" value="256.000000" />
  <attribute name="DerivativeT" value="1.000000" />
  <attribute name="DerivativeI" value="1.000000" />
  <attribute name="DerivativeH" value="1.000000" />
  <attribute name="Loop Time for DT" value="8.000000" />
  <attribute name="Output H" value="8388608"/>
  <attribute name="Output I" value="296"/>
  <attribute name="Output T" value="4"/>
  <attribute name="Target GC Util Change" value ="20.000000" />
  <attribute name="Current GC Util Change" value="52.000000"/>
  <attribute name="GC Util currently" value="52" />
  <attribute name="CPU Util currently" value="556670555604" />
<allocation-satisfied id="3102" threadId="0000000000A7D800" bytesRequested="40" />
<af-end id="3103" timestamp="2019-06-16T18:48:46.499" threadId="0000000000A7E188" success="true" from="nursery"/>
<exclusive-end id="3104" timestamp="2019-06-16T18:48:46.499" durationms="5.138" />

<exclusive-start id="3105" timestamp="2019-06-16T18:48:46.502" intervalms="8.145">
  <response-info timems="0.037" idlems="0.037" threads="0" lastid="0000000000A7D800" lastname="PmdThread 2" />
</exclusive-start>
<af-start id="3106" threadId="0000000000A7E188" totalBytesRequested="16" timestamp="2019-06-16T18:48:46.502" intervalms="8.111" type="nursery" />
<cycle-start id="3107" type="scavenge" contextid="0" timestamp="2019-06-16T18:48:46.502" intervalms="8.091" />
<gc-start id="3108" type="scavenge" contextid="3107" timestamp="2019-06-16T18:48:46.503">
  <mem-info id="3109" free="2051530280" total="2092630016" percent="98">
    <mem type="nursery" free="0" total="3932160" percent="0">
      <mem type="allocate" free="0" total="2949120" percent="0" />
      <mem type="survivor" free="0" total="983040" percent="0" />
    </mem>
    <mem type="tenure" free="2051530280" total="2088697856" percent="98">
      <mem type="soa" free="1947095592" total="1984263168" percent="98" />
      <mem type="loa" free="104434688" total="104434688" percent="100" />
    </mem>
    <remembered-set count="1024" />
  </mem-info>
</gc-start>
<allocation-stats totalBytes="2117464" >
  <allocated-bytes non-tlh="16432" tlh="2101032" />
  <largest-consumer threadName="PmdThread 1" threadId="0000000000A79C00" bytes="1010040" />
</allocation-stats>
<gc-op id="3110" type="scavenge" timems="4.423" contextid="3107" timestamp="2019-06-16T18:48:46.507">
  <scavenger-info tenureage="4" tenuremask="7ff0" tiltratio="75" />
  <memory-copied type="nursery" objects="14583" bytes="980808" bytesdiscarded="2144" />
  <memory-copied type="tenure" objects="1152" bytes="80512" bytesdiscarded="136" />
  <copy-failed type="nursery" objects="859" bytes="69040" />
  <references type="weak" candidates="128" cleared="128" enqueued="128" />
  <references type="phantom" candidates="2" cleared="1" enqueued="1" />
</gc-op>
<gc-end id="3111" type="scavenge" contextid="3107" durationms="4.693" usertimems="4.000" systemtimems="0.000" timestamp="2019-06-16T18:48:46.507" activeThreads="4">
  <mem-info id="3112" free="2052916504" total="2092630016" percent="98">
    <mem type="nursery" free="1441792" total="3932160" percent="36">
      <mem type="allocate" free="1441792" total="2424832" percent="59" />
      <mem type="survivor" free="0" total="1507328" percent="0" />
    </mem>
    <mem type="tenure" free="2051474712" total="2088697856" percent="98">
      <mem type="soa" free="1947040024" total="1984263168" percent="98" />
      <mem type="loa" free="104434688" total="104434688" percent="100" />
    </mem>
    <pending-finalizers system="0" default="0" reference="129" classloader="0" />
    <remembered-set count="1037" />
  </mem-info>
</gc-end>
<cycle-end id="3113" type="scavenge" contextid="3107" timestamp="2019-06-16T18:48:46.507" />
  <attribute name="elasticGC enabled" value="1" />
  <attribute name= "numThreadsSpecified" value="4" />
  <attribute name="heapSize specified" value="9830400" />
  <attribute name="Current GC Util" value="79" />
  <attribute name= "Current Time Running" value="4374" />
  <attribute name ="GC Interval" value="536" />
  <attribute name="ProportionalT" value="59.000000" />
  <attribute name="ProportionalI" value="59.000000" />
  <attribute name="ProportionalH" value="59.000000" />
  <attribute name="Current Error" value="59.000000" />
  <attribute name="IntegralT" value="472.000000" />
  <attribute name="IntegralI" value="472.000000" />
  <attribute name="IntegralH" value="472.000000" />
  <attribute name="DerivativeT" value="1.687500" />
  <attribute name="DerivativeI" value="1.687500" />
  <attribute name="DerivativeH" value="1.687500" />
  <attribute name="Loop Time for DT" value="8.000000" />
  <attribute name="Output H" value="8388608"/>
  <attribute name="Output I" value="536"/>
  <attribute name="Output T" value="4"/>
  <attribute name="Target GC Util Change" value ="20.000000" />
  <attribute name="Current GC Util Change" value="79.000000"/>
  <attribute name="GC Util currently" value="79" />
  <attribute name="CPU Util currently" value="571005294515" />
<allocation-satisfied id="3114" threadId="0000000000A7D800" bytesRequested="16" />
<af-end id="3115" timestamp="2019-06-16T18:48:46.507" threadId="0000000000A7E188" success="true" from="nursery"/>
<exclusive-end id="3116" timestamp="2019-06-16T18:48:46.508" durationms="5.217" />

<exclusive-start id="3117" timestamp="2019-06-16T18:48:46.510" intervalms="7.218">
  <response-info timems="0.063" idlems="0.063" threads="0" lastid="0000000000A85000" lastname="PmdThread 4" />
</exclusive-start>
<af-start id="3118" threadId="0000000000A85988" totalBytesRequested="48" timestamp="2019-06-16T18:48:46.510" intervalms="7.210" type="nursery" />
<cycle-start id="3119" type="scavenge" contextid="0" timestamp="2019-06-16T18:48:46.510" intervalms="7.195" />
<gc-start id="3120" type="scavenge" contextid="3119" timestamp="2019-06-16T18:48:46.510">
  <mem-info id="3121" free="2051474712" total="2092630016" percent="98">
    <mem type="nursery" free="0" total="3932160" percent="0">
      <mem type="allocate" free="0" total="2424832" percent="0" />
      <mem type="survivor" free="0" total="1507328" percent="0" />
    </mem>
    <mem type="tenure" free="2051474712" total="2088697856" percent="98">
      <mem type="soa" free="1947040024" total="1984263168" percent="98" />
      <mem type="loa" free="104434688" total="104434688" percent="100" />
    </mem>
    <remembered-set count="1185" />
  </mem-info>
</gc-start>
<allocation-stats totalBytes="1440528" >
  <allocated-bytes non-tlh="16" tlh="1440512" />
  <largest-consumer threadName="PmdThread 1" threadId="0000000000A79C00" bytes="662528" />
</allocation-stats>
<gc-op id="3122" type="scavenge" timems="4.095" contextid="3119" timestamp="2019-06-16T18:48:46.514">
  <scavenger-info tenureage="3" tenuremask="7ff8" tiltratio="61" />
  <memory-copied type="nursery" objects="14741" bytes="709992" bytesdiscarded="115696" />
  <memory-copied type="tenure" objects="3390" bytes="321184" bytesdiscarded="1152" />
  <references type="weak" candidates="101" cleared="101" enqueued="101" />
</gc-op>
<gc-end id="3123" type="scavenge" contextid="3119" durationms="4.348" usertimems="4.000" systemtimems="4.000" timestamp="2019-06-16T18:48:46.514" activeThreads="4">
  <mem-info id="3124" free="2052766584" total="2092630016" percent="98">
    <mem type="nursery" free="1663904" total="3932160" percent="42">
      <mem type="allocate" free="1663904" total="2490368" percent="66" />
      <mem type="survivor" free="0" total="1441792" percent="0" />
    </mem>
    <mem type="tenure" free="2051102680" total="2088697856" percent="98">
      <mem type="soa" free="1946667992" total="1984263168" percent="98" />
      <mem type="loa" free="104434688" total="104434688" percent="100" />
    </mem>
    <pending-finalizers system="0" default="0" reference="101" classloader="0" />
    <remembered-set count="116" />
  </mem-info>
</gc-end>
<cycle-end id="3125" type="scavenge" contextid="3119" timestamp="2019-06-16T18:48:46.514" />
  <attribute name="elasticGC enabled" value="1" />
  <attribute name= "numThreadsSpecified" value="4" />
  <attribute name="heapSize specified" value="9830400" />
  <attribute name="Current GC Util" value="92" />
  <attribute name= "Current Time Running" value="4381" />
  <attribute name ="GC Interval" value="576" />
  <attribute name="ProportionalT" value="72.000000" />
  <attribute name="ProportionalI" value="72.000000" />
  <attribute name="ProportionalH" value="72.000000" />
  <attribute name="Current Error" value="72.000000" />
  <attribute name="IntegralT" value="504.000000" />
  <attribute name="IntegralI" value="504.000000" />
  <attribute name="IntegralH" value="504.000000" />
  <attribute name="DerivativeT" value="0.928571" />
  <attribute name="DerivativeI" value="0.928571" />
  <attribute name="DerivativeH" value="0.928571" />
  <attribute name="Loop Time for DT" value="7.000000" />
  <attribute name="Output H" value="8388608"/>
  <attribute name="Output I" value="576"/>
  <attribute name="Output T" value="4"/>
  <attribute name="Target GC Util Change" value ="20.000000" />
  <attribute name="Current GC Util Change" value="92.000000"/>
  <attribute name="GC Util currently" value="92" />
  <attribute name="CPU Util currently" value="641562949809" />
<allocation-satisfied id="3126" threadId="0000000000A85000" bytesRequested="48" />
<af-end id="3127" timestamp="2019-06-16T18:48:46.514" threadId="0000000000A85988" success="true" from="nursery"/>
<exclusive-end id="3128" timestamp="2019-06-16T18:48:46.514" durationms="4.805" />

<exclusive-start id="3129" timestamp="2019-06-16T18:48:46.518" intervalms="8.067">
  <response-info timems="0.029" idlems="0.029" threads="0" lastid="0000000000A79C00" lastname="PmdThread 1" />
</exclusive-start>
<af-start id="3130" threadId="0000000000A7A588" totalBytesRequested="48" timestamp="2019-06-16T18:48:46.518" intervalms="8.070" type="nursery" />
<cycle-start id="3131" type="scavenge" contextid="0" timestamp="2019-06-16T18:48:46.518" intervalms="8.074" />
<gc-start id="3132" type="scavenge" contextid="3131" timestamp="2019-06-16T18:48:46.518">
  <mem-info id="3133" free="2051102512" total="2092630016" percent="98">
    <mem type="nursery" free="0" total="3932160" percent="0">
      <mem type="allocate" free="0" total="2490368" percent="0" />
      <mem type="survivor" free="0" total="1441792" percent="0" />
    </mem>
    <mem type="tenure" free="2051102512" total="2088697856" percent="98">
      <mem type="soa" free="1946667824" total="1984263168" percent="98" />
      <mem type="loa" free="104434688" total="104434688" percent="100" />
    </mem>
    <remembered-set count="285" />
  </mem-info>
</gc-start>
<allocation-stats totalBytes="1658168" >
  <allocated-bytes non-tlh="16608" tlh="1641560" />
  <largest-consumer threadName="PmdThread 2" threadId="0000000000A7D800" bytes="580240" />
</allocation-stats>
<gc-op id="3134" type="scavenge" timems="1.691" contextid="3131" timestamp="2019-06-16T18:48:46.520">
  <scavenger-info tenureage="3" tenuremask="7ff8" tiltratio="63" />
  <memory-copied type="nursery" objects="14559" bytes="726280" bytesdiscarded="59624" />
  <memory-copied type="tenure" objects="3507" bytes="250968" bytesdiscarded="56" />
  <references type="weak" candidates="66" cleared="65" enqueued="65" />
  <references type="phantom" candidates="4" cleared="1" enqueued="1" />
</gc-op>
<gc-end id="3135" type="scavenge" contextid="3131" durationms="1.878" usertimems="4.000" systemtimems="0.000" timestamp="2019-06-16T18:48:46.520" activeThreads="4">
  <mem-info id="3136" free="2052697584" total="2092630016" percent="98">
    <mem type="nursery" free="1835208" total="3932160" percent="46">
      <mem type="allocate" free="1835208" total="2621440" percent="70" />
      <mem type="survivor" free="0" total="1310720" percent="0" />
    </mem>
    <mem type="tenure" free="2050862376" total="2088697856" percent="98">
      <mem type="soa" free="1946427688" total="1984263168" percent="98" />
      <mem type="loa" free="104434688" total="104434688" percent="100" />
    </mem>
    <pending-finalizers system="0" default="0" reference="66" classloader="0" />
    <remembered-set count="354" />
  </mem-info>
</gc-end>
<cycle-end id="3137" type="scavenge" contextid="3131" timestamp="2019-06-16T18:48:46.520" />
  <attribute name="elasticGC enabled" value="1" />
  <attribute name= "numThreadsSpecified" value="4" />
  <attribute name="heapSize specified" value="9830400" />
  <attribute name="Current GC Util" value="70" />
  <attribute name= "Current Time Running" value="4389" />
  <attribute name ="GC Interval" value="448" />
  <attribute name="ProportionalT" value="50.000000" />
  <attribute name="ProportionalI" value="50.000000" />
  <attribute name="ProportionalH" value="50.000000" />
  <attribute name="Current Error" value="50.000000" />
  <attribute name="IntegralT" value="400.000000" />
  <attribute name="IntegralI" value="400.000000" />
  <attribute name="IntegralH" value="400.000000" />
  <attribute name="DerivativeT" value="-1.375000" />
  <attribute name="DerivativeI" value="-1.375000" />
  <attribute name="DerivativeH" value="-1.375000" />
  <attribute name="Loop Time for DT" value="8.000000" />
  <attribute name="Output H" value="8388608"/>
  <attribute name="Output I" value="448"/>
  <attribute name="Output T" value="4"/>
  <attribute name="Target GC Util Change" value ="20.000000" />
  <attribute name="Current GC Util Change" value="70.000000"/>
  <attribute name="GC Util currently" value="70" />
  <attribute name="CPU Util currently" value="572693003138" />
<allocation-satisfied id="3138" threadId="0000000000A79C00" bytesRequested="48" />
<af-end id="3139" timestamp="2019-06-16T18:48:46.520" threadId="0000000000A7A588" success="true" from="nursery"/>
<exclusive-end id="3140" timestamp="2019-06-16T18:48:46.520" durationms="2.304" />

<exclusive-start id="3141" timestamp="2019-06-16T18:48:46.526" intervalms="8.227">
  <response-info timems="0.029" idlems="0.029" threads="0" lastid="0000000000A85000" lastname="PmdThread 4" />
</exclusive-start>
<af-start id="3142" threadId="0000000000A85988" totalBytesRequested="16" timestamp="2019-06-16T18:48:46.526" intervalms="8.235" type="nursery" />
<cycle-start id="3143" type="scavenge" contextid="0" timestamp="2019-06-16T18:48:46.526" intervalms="8.235" />
<gc-start id="3144" type="scavenge" contextid="3143" timestamp="2019-06-16T18:48:46.526">
  <mem-info id="3145" free="2050861512" total="2092630016" percent="98">
    <mem type="nursery" free="0" total="3932160" percent="0">
      <mem type="allocate" free="0" total="2621440" percent="0" />
      <mem type="survivor" free="0" total="1310720" percent="0" />
    </mem>
    <mem type="tenure" free="2050861512" total="2088697856" percent="98">
      <mem type="soa" free="1946426824" total="1984263168" percent="98" />
      <mem type="loa" free="104434688" total="104434688" percent="100" />
    </mem>
    <remembered-set count="533" />
  </mem-info>
</gc-start>
<allocation-stats totalBytes="1834800" >
  <allocated-bytes non-tlh="912" tlh="1833888" />
  <largest-consumer threadName="PmdThread 3" threadId="0000000000A81400" bytes="590080" />
</allocation-stats>
<gc-op id="3146" type="scavenge" timems="1.699" contextid="3143" timestamp="2019-06-16T18:48:46.528">
  <scavenger-info tenureage="3" tenuremask="7ff8" tiltratio="66" />
  <memory-copied type="nursery" objects="11448" bytes="589648" bytesdiscarded="87984" />
  <memory-copied type="tenure" objects="6418" bytes="295768" bytesdiscarded="80" />
  <references type="weak" candidates="89" cleared="89" enqueued="89" />
  <references type="phantom" candidates="4" cleared="4" enqueued="4" />
</gc-op>
<gc-end id="3147" type="scavenge" contextid="3143" durationms="1.942" usertimems="4.000" systemtimems="0.000" timestamp="2019-06-16T18:48:46.528" activeThreads="4">
  <mem-info id="3148" free="2052587160" total="2092630016" percent="98">
    <mem type="nursery" free="2074584" total="3932160" percent="52">
      <mem type="allocate" free="2074584" total="2752512" percent="75" />
      <mem type="survivor" free="0" total="1179648" percent="0" />
    </mem>
    <mem type="tenure" free="2050512576" total="2088697856" percent="98">
      <mem type="soa" free="1946077888" total="1984263168" percent="98" />
      <mem type="loa" free="104434688" total="104434688" percent="100" />
    </mem>
    <pending-finalizers system="0" default="0" reference="93" classloader="0" />
    <remembered-set count="568" />
  </mem-info>
</gc-end>
<cycle-end id="3149" type="scavenge" contextid="3143" timestamp="2019-06-16T18:48:46.528" />
  <attribute name="elasticGC enabled" value="1" />
  <attribute name= "numThreadsSpecified" value="4" />
  <attribute name="heapSize specified" value="9830400" />
  <attribute name="Current GC Util" value="38" />
  <attribute name= "Current Time Running" value="4398" />
  <attribute name ="GC Interval" value="200" />
  <attribute name="ProportionalT" value="18.000000" />
  <attribute name="ProportionalI" value="18.000000" />
  <attribute name="ProportionalH" value="18.000000" />
  <attribute name="Current Error" value="18.000000" />
  <attribute name="IntegralT" value="162.000000" />
  <attribute name="IntegralI" value="162.000000" />
  <attribute name="IntegralH" value="162.000000" />
  <attribute name="DerivativeT" value="-1.777778" />
  <attribute name="DerivativeI" value="-1.777778" />
  <attribute name="DerivativeH" value="-1.777778" />
  <attribute name="Loop Time for DT" value="9.000000" />
  <attribute name="Output H" value="8388608"/>
  <attribute name="Output I" value="200"/>
  <attribute name="Output T" value="4"/>
  <attribute name="Target GC Util Change" value ="20.000000" />
  <attribute name="Current GC Util Change" value="38.000000"/>
  <attribute name="GC Util currently" value="38" />
  <attribute name="CPU Util currently" value="555900894807" />
<allocation-satisfied id="3150" threadId="0000000000A85000" bytesRequested="16" />
<af-end id="3151" timestamp="2019-06-16T18:48:46.528" threadId="0000000000A85988" success="true" from="nursery"/>
<exclusive-end id="3152" timestamp="2019-06-16T18:48:46.528" durationms="2.426" />

<exclusive-start id="3153" timestamp="2019-06-16T18:48:46.535" intervalms="8.745">
  <response-info timems="0.119" idlems="0.063" threads="1" lastid="0000000000A85000" lastname="PmdThread 4" />
</exclusive-start>
<af-start id="3154" threadId="0000000000A7A588" totalBytesRequested="864" timestamp="2019-06-16T18:48:46.535" intervalms="8.753" type="nursery" />
<cycle-start id="3155" type="scavenge" contextid="0" timestamp="2019-06-16T18:48:46.535" intervalms="8.754" />
<gc-start id="3156" type="scavenge" contextid="3155" timestamp="2019-06-16T18:48:46.535">
  <mem-info id="3157" free="2050511624" total="2092630016" percent="97">
    <mem type="nursery" free="0" total="3932160" percent="0">
      <mem type="allocate" free="0" total="2752512" percent="0" />
      <mem type="survivor" free="0" total="1179648" percent="0" />
    </mem>
    <mem type="tenure" free="2050511624" total="2088697856" percent="98">
      <mem type="soa" free="1946076936" total="1984263168" percent="98" />
      <mem type="loa" free="104434688" total="104434688" percent="100" />
    </mem>
    <remembered-set count="1012" />
  </mem-info>
</gc-start>
<allocation-stats totalBytes="2070488" >
  <allocated-bytes non-tlh="968" tlh="2069520" />
  <largest-consumer threadName="PmdThread 1" threadId="0000000000A79C00" bytes="1326216" />
</allocation-stats>
<gc-op id="3158" type="scavenge" timems="1.425" contextid="3155" timestamp="2019-06-16T18:48:46.536">
  <scavenger-info tenureage="3" tenuremask="7ff8" tiltratio="70" />
  <memory-copied type="nursery" objects="7171" bytes="427288" bytesdiscarded="108816" />
  <memory-copied type="tenure" objects="4361" bytes="149560" bytesdiscarded="48" />
  <references type="weak" candidates="141" cleared="141" enqueued="141" />
  <references type="phantom" candidates="2" cleared="2" enqueued="2" />
</gc-op>
<gc-end id="3159" type="scavenge" contextid="3155" durationms="1.605" usertimems="0.000" systemtimems="0.000" timestamp="2019-06-16T18:48:46.536" activeThreads="4">
  <mem-info id="3160" free="2052653728" total="2092630016" percent="98">
    <mem type="nursery" free="2281880" total="3932160" percent="58">
      <mem type="allocate" free="2281880" total="2818048" percent="80" />
      <mem type="survivor" free="0" total="1114112" percent="0" />
    </mem>
    <mem type="tenure" free="2050371848" total="2088697856" percent="98">
      <mem type="soa" free="1945937160" total="1984263168" percent="98" />
      <mem type="loa" free="104434688" total="104434688" percent="100" />
    </mem>
    <pending-finalizers system="0" default="0" reference="143" classloader="0" />
    <remembered-set count="392" />
  </mem-info>
</gc-end>
<cycle-end id="3161" type="scavenge" contextid="3155" timestamp="2019-06-16T18:48:46.536" />
  <attribute name="elasticGC enabled" value="1" />
  <attribute name= "numThreadsSpecified" value="4" />
  <attribute name="heapSize specified" value="9830400" />
  <attribute name="Current GC Util" value="37" />
  <attribute name= "Current Time Running" value="4406" />
  <attribute name ="GC Interval" value="200" />
  <attribute name="ProportionalT" value="17.000000" />
  <attribute name="ProportionalI" value="17.000000" />
  <attribute name="ProportionalH" value="17.000000" />
  <attribute name="Current Error" value="17.000000" />
  <attribute name="IntegralT" value="136.000000" />
  <attribute name="IntegralI" value="136.000000" />
  <attribute name="IntegralH" value="136.000000" />
  <attribute name="DerivativeT" value="-0.062500" />
  <attribute name="DerivativeI" value="-0.062500" />
  <attribute name="DerivativeH" value="-0.062500" />
  <attribute name="Loop Time for DT" value="8.000000" />
  <attribute name="Output H" value="8388608"/>
  <attribute name="Output I" value="200"/>
  <attribute name="Output T" value="4"/>
  <attribute name="Target GC Util Change" value ="20.000000" />
  <attribute name="Current GC Util Change" value="37.000000"/>
  <attribute name="GC Util currently" value="37" />
  <attribute name="CPU Util currently" value="530571184426" />
<allocation-satisfied id="3162" threadId="0000000000A79C00" bytesRequested="864" />
<af-end id="3163" timestamp="2019-06-16T18:48:46.537" threadId="0000000000A7A588" success="true" from="nursery"/>
<exclusive-end id="3164" timestamp="2019-06-16T18:48:46.537" durationms="2.033" />

<exclusive-start id="3165" timestamp="2019-06-16T18:48:46.541" intervalms="6.780">
  <response-info timems="0.050" idlems="0.050" threads="0" lastid="0000000000A79C00" lastname="PmdThread 1" />
</exclusive-start>
<af-start id="3166" threadId="0000000000A7A588" totalBytesRequested="16" timestamp="2019-06-16T18:48:46.541" intervalms="6.773" type="nursery" />
<cycle-start id="3167" type="scavenge" contextid="0" timestamp="2019-06-16T18:48:46.541" intervalms="6.770" />
<gc-start id="3168" type="scavenge" contextid="3167" timestamp="2019-06-16T18:48:46.542">
  <mem-info id="3169" free="2050371408" total="2092630016" percent="97">
    <mem type="nursery" free="0" total="3932160" percent="0">
      <mem type="allocate" free="0" total="2818048" percent="0" />
      <mem type="survivor" free="0" total="1114112" percent="0" />
    </mem>
    <mem type="tenure" free="2050371408" total="2088697856" percent="98">
      <mem type="soa" free="1945936720" total="1984263168" percent="98" />
      <mem type="loa" free="104434688" total="104434688" percent="100" />
    </mem>
    <remembered-set count="680" />
  </mem-info>
</gc-start>
<allocation-stats totalBytes="2279112" >
  <allocated-bytes non-tlh="1304" tlh="2277808" />
  <largest-consumer threadName="PmdThread 1" threadId="0000000000A79C00" bytes="797872" />
</allocation-stats>
<gc-op id="3170" type="scavenge" timems="1.282" contextid="3167" timestamp="2019-06-16T18:48:46.543">
  <scavenger-info tenureage="3" tenuremask="7ff8" tiltratio="71" />
  <memory-copied type="nursery" objects="6079" bytes="341400" bytesdiscarded="154504" />
  <memory-copied type="tenure" objects="1971" bytes="131696" bytesdiscarded="24" />
  <references type="weak" candidates="104" cleared="104" enqueued="104" />
  <references type="phantom" candidates="1" cleared="0" enqueued="0" />
</gc-op>
<gc-end id="3171" type="scavenge" contextid="3167" durationms="1.465" usertimems="0.000" systemtimems="0.000" timestamp="2019-06-16T18:48:46.543" activeThreads="4">
  <mem-info id="3172" free="2052689968" total="2092630016" percent="98">
    <mem type="nursery" free="2451960" total="3932160" percent="62">
      <mem type="allocate" free="2451960" total="2949120" percent="83" />
      <mem type="survivor" free="0" total="983040" percent="0" />
    </mem>
    <mem type="tenure" free="2050238008" total="2088697856" percent="98">
      <mem type="soa" free="1945803320" total="1984263168" percent="98" />
      <mem type="loa" free="104434688" total="104434688" percent="100" />
    </mem>
    <pending-finalizers system="0" default="0" reference="104" classloader="0" />
    <remembered-set count="307" />
  </mem-info>
</gc-end>
<cycle-end id="3173" type="scavenge" contextid="3167" timestamp="2019-06-16T18:48:46.543" />
  <attribute name="elasticGC enabled" value="1" />
  <attribute name= "numThreadsSpecified" value="4" />
  <attribute name="heapSize specified" value="9830400" />
  <attribute name="Current GC Util" value="39" />
  <attribute name= "Current Time Running" value="4413" />
  <attribute name ="GC Interval" value="200" />
  <attribute name="ProportionalT" value="19.000000" />
  <attribute name="ProportionalI" value="19.000000" />
  <attribute name="ProportionalH" value="19.000000" />
  <attribute name="Current Error" value="19.000000" />
  <attribute name="IntegralT" value="133.000000" />
  <attribute name="IntegralI" value="133.000000" />
  <attribute name="IntegralH" value="133.000000" />
  <attribute name="DerivativeT" value="0.142857" />
  <attribute name="DerivativeI" value="0.142857" />
  <attribute name="DerivativeH" value="0.142857" />
  <attribute name="Loop Time for DT" value="7.000000" />
  <attribute name="Output H" value="8388608"/>
  <attribute name="Output I" value="200"/>
  <attribute name="Output T" value="4"/>
  <attribute name="Target GC Util Change" value ="20.000000" />
  <attribute name="Current GC Util Change" value="39.000000"/>
  <attribute name="GC Util currently" value="39" />
  <attribute name="CPU Util currently" value="682620428987" />
<allocation-satisfied id="3174" threadId="0000000000A79C00" bytesRequested="16" />
<af-end id="3175" timestamp="2019-06-16T18:48:46.543" threadId="0000000000A7A588" success="true" from="nursery"/>
<exclusive-end id="3176" timestamp="2019-06-16T18:48:46.543" durationms="1.908" />

<exclusive-start id="3177" timestamp="2019-06-16T18:48:46.548" intervalms="6.434">
  <response-info timems="0.030" idlems="0.030" threads="0" lastid="0000000000A81400" lastname="PmdThread 3" />
</exclusive-start>
<af-start id="3178" threadId="0000000000A81D88" totalBytesRequested="8200" timestamp="2019-06-16T18:48:46.548" intervalms="6.440" type="nursery" />
<cycle-start id="3179" type="scavenge" contextid="0" timestamp="2019-06-16T18:48:46.548" intervalms="6.447" />
<gc-start id="3180" type="scavenge" contextid="3179" timestamp="2019-06-16T18:48:46.548">
  <mem-info id="3181" free="2050237680" total="2092630016" percent="97">
    <mem type="nursery" free="0" total="3932160" percent="0">
      <mem type="allocate" free="0" total="2949120" percent="0" />
      <mem type="survivor" free="0" total="983040" percent="0" />
    </mem>
    <mem type="tenure" free="2050237680" total="2088697856" percent="98">
      <mem type="soa" free="1945802992" total="1984263168" percent="98" />
      <mem type="loa" free="104434688" total="104434688" percent="100" />
    </mem>
    <remembered-set count="648" />
  </mem-info>
</gc-start>
<allocation-stats totalBytes="2435824" >
  <allocated-bytes non-tlh="344" tlh="2435480" />
  <largest-consumer threadName="PmdThread 1" threadId="0000000000A79C00" bytes="1340704" />
</allocation-stats>
<gc-op id="3182" type="scavenge" timems="0.665" contextid="3179" timestamp="2019-06-16T18:48:46.549">
  <scavenger-info tenureage="3" tenuremask="7ff8" tiltratio="75" />
  <memory-copied type="nursery" objects="5010" bytes="303368" bytesdiscarded="83736" />
  <memory-copied type="tenure" objects="3298" bytes="173216" bytesdiscarded="16" />
  <references type="weak" candidates="186" cleared="186" enqueued="186" />
  <references type="phantom" candidates="2" cleared="1" enqueued="1" />
</gc-op>
<gc-end id="3183" type="scavenge" contextid="3179" durationms="1.066" usertimems="0.000" systemtimems="0.000" timestamp="2019-06-16T18:48:46.549" activeThreads="4">
  <mem-info id="3184" free="2052780704" total="2092630016" percent="98">
    <mem type="nursery" free="2693064" total="3932160" percent="68">
      <mem type="allocate" free="2693064" total="3080192" percent="87" />
      <mem type="survivor" free="0" total="851968" percent="0" />
    </mem>
    <mem type="tenure" free="2050087640" total="2088697856" percent="98">
      <mem type="soa" free="1945652952" total="1984263168" percent="98" />
      <mem type="loa" free="104434688" total="104434688" percent="100" />
    </mem>
    <pending-finalizers system="0" default="0" reference="187" classloader="0" />
    <remembered-set count="186" />
  </mem-info>
</gc-end>
<cycle-end id="3185" type="scavenge" contextid="3179" timestamp="2019-06-16T18:48:46.549" />
  <attribute name="elasticGC enabled" value="1" />
  <attribute name= "numThreadsSpecified" value="4" />
  <attribute name="heapSize specified" value="9830400" />
  <attribute name="Current GC Util" value="37" />
  <attribute name= "Current Time Running" value="4420" />
  <attribute name ="GC Interval" value="200" />
  <attribute name="ProportionalT" value="17.000000" />
  <attribute name="ProportionalI" value="17.000000" />
  <attribute name="ProportionalH" value="17.000000" />
  <attribute name="Current Error" value="17.000000" />
  <attribute name="IntegralT" value="119.000000" />
  <attribute name="IntegralI" value="119.000000" />
  <attribute name="IntegralH" value="119.000000" />
  <attribute name="DerivativeT" value="-0.142857" />
  <attribute name="DerivativeI" value="-0.142857" />
  <attribute name="DerivativeH" value="-0.142857" />
  <attribute name="Loop Time for DT" value="7.000000" />
  <attribute name="Output H" value="8388608"/>
  <attribute name="Output I" value="200"/>
  <attribute name="Output T" value="4"/>
  <attribute name="Target GC Util Change" value ="20.000000" />
  <attribute name="Current GC Util Change" value="37.000000"/>
  <attribute name="GC Util currently" value="37" />
  <attribute name="CPU Util currently" value="711353352929" />
<allocation-satisfied id="3186" threadId="0000000000A81400" bytesRequested="8200" />
<af-end id="3187" timestamp="2019-06-16T18:48:46.549" threadId="0000000000A81D88" success="true" from="nursery"/>
<exclusive-end id="3188" timestamp="2019-06-16T18:48:46.550" durationms="1.718" />

<exclusive-start id="3189" timestamp="2019-06-16T18:48:46.555" intervalms="7.019">
  <response-info timems="0.061" idlems="0.061" threads="0" lastid="0000000000A85000" lastname="PmdThread 4" />
</exclusive-start>
<af-start id="3190" threadId="0000000000A85988" totalBytesRequested="696" timestamp="2019-06-16T18:48:46.555" intervalms="7.027" type="nursery" />
<cycle-start id="3191" type="scavenge" contextid="0" timestamp="2019-06-16T18:48:46.555" intervalms="7.074" />
<gc-start id="3192" type="scavenge" contextid="3191" timestamp="2019-06-16T18:48:46.555">
  <mem-info id="3193" free="2050087464" total="2092630016" percent="97">
    <mem type="nursery" free="0" total="3932160" percent="0">
      <mem type="allocate" free="0" total="3080192" percent="0" />
      <mem type="survivor" free="0" total="851968" percent="0" />
    </mem>
    <mem type="tenure" free="2050087464" total="2088697856" percent="98">
      <mem type="soa" free="1945652776" total="1984263168" percent="98" />
      <mem type="loa" free="104434688" total="104434688" percent="100" />
    </mem>
    <remembered-set count="382" />
  </mem-info>
</gc-start>
<allocation-stats totalBytes="2690160" >
  <allocated-bytes non-tlh="8376" tlh="2681784" />
  <largest-consumer threadName="PmdThread 3" threadId="0000000000A81400" bytes="933328" />
</allocation-stats>
<gc-op id="3194" type="scavenge" timems="1.445" contextid="3191" timestamp="2019-06-16T18:48:46.557">
  <scavenger-info tenureage="4" tenuremask="7ff0" tiltratio="78" />
  <memory-copied type="nursery" objects="10273" bytes="571624" bytesdiscarded="5304" />
  <references type="weak" candidates="124" cleared="124" enqueued="124" />
  <references type="phantom" candidates="2" cleared="1" enqueued="1" />
</gc-op>
<gc-end id="3195" type="scavenge" contextid="3191" durationms="1.706" usertimems="0.000" systemtimems="0.000" timestamp="2019-06-16T18:48:46.557" activeThreads="1">
  <mem-info id="3196" free="2052588936" total="2092630016" percent="98">
    <mem type="nursery" free="2501472" total="3932160" percent="63">
      <mem type="allocate" free="2501472" total="3080192" percent="81" />
      <mem type="survivor" free="0" total="851968" percent="0" />
    </mem>
    <mem type="tenure" free="2050087464" total="2088697856" percent="98">
      <mem type="soa" free="1945652776" total="1984263168" percent="98" />
      <mem type="loa" free="104434688" total="104434688" percent="100" />
    </mem>
    <pending-finalizers system="0" default="0" reference="125" classloader="0" />
    <remembered-set count="181" />
  </mem-info>
</gc-end>
<cycle-end id="3197" type="scavenge" contextid="3191" timestamp="2019-06-16T18:48:46.557" />
  <attribute name="elasticGC enabled" value="1" />
  <attribute name= "numThreadsSpecified" value="1" />
  <attribute name="heapSize specified" value="9830400" />
  <attribute name="Current GC Util" value="20" />
  <attribute name= "Current Time Running" value="4427" />
  <attribute name ="GC Interval" value="200" />
  <attribute name="ProportionalT" value="0.000000" />
  <attribute name="ProportionalI" value="0.000000" />
  <attribute name="ProportionalH" value="0.000000" />
  <attribute name="Current Error" value="0.000000" />
  <attribute name="IntegralT" value="0.000000" />
  <attribute name="IntegralI" value="0.000000" />
  <attribute name="IntegralH" value="0.000000" />
  <attribute name="DerivativeT" value="-1.214286" />
  <attribute name="DerivativeI" value="-1.214286" />
  <attribute name="DerivativeH" value="-1.214286" />
  <attribute name="Loop Time for DT" value="7.000000" />
  <attribute name="Output H" value="8388608"/>
  <attribute name="Output I" value="200"/>
  <attribute name="Output T" value="1"/>
  <attribute name="Target GC Util Change" value ="20.000000" />
  <attribute name="Current GC Util Change" value="20.000000"/>
  <attribute name="GC Util currently" value="20" />
  <attribute name="CPU Util currently" value="649013023915" />
<allocation-satisfied id="3198" threadId="0000000000A85000" bytesRequested="696" />
<af-end id="3199" timestamp="2019-06-16T18:48:46.557" threadId="0000000000A85988" success="true" from="nursery"/>
<exclusive-end id="3200" timestamp="2019-06-16T18:48:46.557" durationms="2.466" />

<exclusive-start id="3201" timestamp="2019-06-16T18:48:46.562" intervalms="7.223">
  <response-info timems="0.440" idlems="0.228" threads="1" lastid="000000000076D300" lastname="JIT Compilation Thread-0" />
</exclusive-start>
<af-start id="3202" threadId="0000000000A7E188" totalBytesRequested="16392" timestamp="2019-06-16T18:48:46.562" intervalms="7.206" type="nursery" />
<cycle-start id="3203" type="scavenge" contextid="0" timestamp="2019-06-16T18:48:46.562" intervalms="7.162" />
<gc-start id="3204" type="scavenge" contextid="3203" timestamp="2019-06-16T18:48:46.562">
  <mem-info id="3205" free="2050086520" total="2092630016" percent="97">
    <mem type="nursery" free="0" total="3932160" percent="0">
      <mem type="allocate" free="0" total="3080192" percent="0" />
      <mem type="survivor" free="0" total="851968" percent="0" />
    </mem>
    <mem type="tenure" free="2050086520" total="2088697856" percent="98">
      <mem type="soa" free="1945651832" total="1984263168" percent="98" />
      <mem type="loa" free="104434688" total="104434688" percent="100" />
    </mem>
    <remembered-set count="259" />
  </mem-info>
</gc-start>
<allocation-stats totalBytes="2493520" >
  <allocated-bytes non-tlh="1640" tlh="2491880" />
  <largest-consumer threadName="PmdThread 4" threadId="0000000000A85000" bytes="1290000" />
</allocation-stats>
<gc-op id="3206" type="scavenge" timems="2.727" contextid="3203" timestamp="2019-06-16T18:48:46.565">
  <scavenger-info tenureage="3" tenuremask="7ff8" tiltratio="78" />
  <memory-copied type="nursery" objects="10404" bytes="546856" bytesdiscarded="81088" />
  <memory-copied type="tenure" objects="2154" bytes="140672" bytesdiscarded="552" />
  <references type="weak" candidates="27" cleared="27" enqueued="27" />
  <references type="phantom" candidates="2" cleared="1" enqueued="1" />
</gc-op>
<gc-end id="3207" type="scavenge" contextid="3203" durationms="2.997" usertimems="4.000" systemtimems="0.000" timestamp="2019-06-16T18:48:46.565" activeThreads="4">
  <mem-info id="3208" free="2052365640" total="2092630016" percent="98">
    <mem type="nursery" free="2452184" total="3932160" percent="62">
      <mem type="allocate" free="2452184" total="3080192" percent="79" />
      <mem type="survivor" free="0" total="851968" percent="0" />
    </mem>
    <mem type="tenure" free="2049913456" total="2088697856" percent="98">
      <mem type="soa" free="1945478768" total="1984263168" percent="98" />
      <mem type="loa" free="104434688" total="104434688" percent="100" />
    </mem>
    <pending-finalizers system="0" default="0" reference="28" classloader="0" />
    <remembered-set count="326" />
  </mem-info>
</gc-end>
<cycle-end id="3209" type="scavenge" contextid="3203" timestamp="2019-06-16T18:48:46.565" />
  <attribute name="elasticGC enabled" value="1" />
  <attribute name= "numThreadsSpecified" value="4" />
  <attribute name="heapSize specified" value="9830400" />
  <attribute name="Current GC Util" value="19" />
  <attribute name= "Current Time Running" value="4434" />
  <attribute name ="GC Interval" value="200" />
  <attribute name="ProportionalT" value="-1.000000" />
  <attribute name="ProportionalI" value="-1.000000" />
  <attribute name="ProportionalH" value="-1.000000" />
  <attribute name="Current Error" value="-1.000000" />
  <attribute name="IntegralT" value="-7.000000" />
  <attribute name="IntegralI" value="-7.000000" />
  <attribute name="IntegralH" value="-7.000000" />
  <attribute name="DerivativeT" value="-0.071429" />
  <attribute name="DerivativeI" value="-0.071429" />
  <attribute name="DerivativeH" value="-0.071429" />
  <attribute name="Loop Time for DT" value="7.000000" />
  <attribute name="Output H" value="2092630016"/>
  <attribute name="Output I" value="200"/>
  <attribute name="Output T" value="4"/>
  <attribute name="Target GC Util Change" value ="20.000000" />
  <attribute name="Current GC Util Change" value="19.000000"/>
  <attribute name="GC Util currently" value="19" />
  <attribute name="CPU Util currently" value="646457196228" />
<allocation-satisfied id="3210" threadId="0000000000A7D800" bytesRequested="16392" />
<af-end id="3211" timestamp="2019-06-16T18:48:46.566" threadId="0000000000A7E188" success="true" from="nursery"/>
<exclusive-end id="3212" timestamp="2019-06-16T18:48:46.566" durationms="3.579" />

<exclusive-start id="3213" timestamp="2019-06-16T18:48:46.569" intervalms="7.139">
  <response-info timems="0.091" idlems="0.091" threads="0" lastid="0000000000A7D800" lastname="PmdThread 2" />
</exclusive-start>
<af-start id="3214" threadId="0000000000A7E188" totalBytesRequested="64" timestamp="2019-06-16T18:48:46.569" intervalms="7.140" type="nursery" />
<cycle-start id="3215" type="scavenge" contextid="0" timestamp="2019-06-16T18:48:46.569" intervalms="7.143" />
<gc-start id="3216" type="scavenge" contextid="3215" timestamp="2019-06-16T18:48:46.569">
  <mem-info id="3217" free="2049913456" total="2092630016" percent="97">
    <mem type="nursery" free="0" total="3932160" percent="0">
      <mem type="allocate" free="0" total="3080192" percent="0" />
      <mem type="survivor" free="0" total="851968" percent="0" />
    </mem>
    <mem type="tenure" free="2049913456" total="2088697856" percent="98">
      <mem type="soa" free="1945478768" total="1984263168" percent="98" />
      <mem type="loa" free="104434688" total="104434688" percent="100" />
    </mem>
    <remembered-set count="349" />
  </mem-info>
</gc-start>
<allocation-stats totalBytes="2434976" >
  <allocated-bytes non-tlh="16392" tlh="2418584" />
  <largest-consumer threadName="PmdThread 3" threadId="0000000000A81400" bytes="1531136" />
</allocation-stats>
<gc-op id="3218" type="scavenge" timems="3.286" contextid="3215" timestamp="2019-06-16T18:48:46.573">
  <scavenger-info tenureage="3" tenuremask="7ff8" tiltratio="78" />
  <memory-copied type="nursery" objects="12048" bytes="718912" bytesdiscarded="128864" />
  <memory-copied type="tenure" objects="2482" bytes="126080" bytesdiscarded="112" />
  <copy-failed type="nursery" objects="212" bytes="47632" />
  <references type="weak" candidates="18" cleared="18" enqueued="18" />
  <references type="phantom" candidates="4" cleared="2" enqueued="2" />
</gc-op>
<gc-end id="3219" type="scavenge" contextid="3215" durationms="3.555" usertimems="8.000" systemtimems="0.000" timestamp="2019-06-16T18:48:46.573" activeThreads="4">
  <mem-info id="3220" free="2051753832" total="2092630016" percent="98">
    <mem type="nursery" free="1966080" total="3932160" percent="50">
      <mem type="allocate" free="1966080" total="2818048" percent="69" />
      <mem type="survivor" free="0" total="1114112" percent="0" />
    </mem>
    <mem type="tenure" free="2049787752" total="2088697856" percent="98">
      <mem type="soa" free="1945353064" total="1984263168" percent="98" />
      <mem type="loa" free="104434688" total="104434688" percent="100" />
    </mem>
    <pending-finalizers system="0" default="0" reference="20" classloader="0" />
    <remembered-set count="206" />
  </mem-info>
</gc-end>
<cycle-end id="3221" type="scavenge" contextid="3215" timestamp="2019-06-16T18:48:46.573" />
  <attribute name="elasticGC enabled" value="1" />
  <attribute name= "numThreadsSpecified" value="4" />
  <attribute name="heapSize specified" value="9830400" />
  <attribute name="Current GC Util" value="60" />
  <attribute name= "Current Time Running" value="4441" />
  <attribute name ="GC Interval" value="328" />
  <attribute name="ProportionalT" value="40.000000" />
  <attribute name="ProportionalI" value="40.000000" />
  <attribute name="ProportionalH" value="40.000000" />
  <attribute name="Current Error" value="40.000000" />
  <attribute name="IntegralT" value="280.000000" />
  <attribute name="IntegralI" value="280.000000" />
  <attribute name="IntegralH" value="280.000000" />
  <attribute name="DerivativeT" value="2.857143" />
  <attribute name="DerivativeI" value="2.857143" />
  <attribute name="DerivativeH" value="2.857143" />
  <attribute name="Loop Time for DT" value="7.000000" />
  <attribute name="Output H" value="8388608"/>
  <attribute name="Output I" value="328"/>
  <attribute name="Output T" value="4"/>
  <attribute name="Target GC Util Change" value ="20.000000" />
  <attribute name="Current GC Util Change" value="60.000000"/>
  <attribute name="GC Util currently" value="60" />
  <attribute name="CPU Util currently" value="645113936847" />
<allocation-satisfied id="3222" threadId="0000000000A7D800" bytesRequested="64" />
<af-end id="3223" timestamp="2019-06-16T18:48:46.573" threadId="0000000000A7E188" success="true" from="nursery"/>
<exclusive-end id="3224" timestamp="2019-06-16T18:48:46.573" durationms="4.184" />

<exclusive-start id="3225" timestamp="2019-06-16T18:48:46.581" intervalms="11.811">
  <response-info timems="0.044" idlems="0.044" threads="0" lastid="0000000000A79C00" lastname="PmdThread 1" />
</exclusive-start>
<af-start id="3226" threadId="0000000000A7A588" totalBytesRequested="112" timestamp="2019-06-16T18:48:46.581" intervalms="11.809" type="nursery" />
<cycle-start id="3227" type="scavenge" contextid="0" timestamp="2019-06-16T18:48:46.581" intervalms="11.806" />
<gc-start id="3228" type="scavenge" contextid="3227" timestamp="2019-06-16T18:48:46.581">
  <mem-info id="3229" free="2049787752" total="2092630016" percent="97">
    <mem type="nursery" free="0" total="3932160" percent="0">
      <mem type="allocate" free="0" total="2818048" percent="0" />
      <mem type="survivor" free="0" total="1114112" percent="0" />
    </mem>
    <mem type="tenure" free="2049787752" total="2088697856" percent="98">
      <mem type="soa" free="1945353064" total="1984263168" percent="98" />
      <mem type="loa" free="104434688" total="104434688" percent="100" />
    </mem>
    <remembered-set count="499" />
  </mem-info>
</gc-start>
<allocation-stats totalBytes="1947520" >
  <allocated-bytes non-tlh="64" tlh="1947456" />
  <largest-consumer threadName="PmdThread 1" threadId="0000000000A79C00" bytes="1147800" />
</allocation-stats>
<gc-op id="3230" type="scavenge" timems="0.675" contextid="3227" timestamp="2019-06-16T18:48:46.582">
  <scavenger-info tenureage="4" tenuremask="7ff0" tiltratio="71" />
  <memory-copied type="nursery" objects="14651" bytes="848368" bytesdiscarded="204104" />
  <references type="weak" candidates="146" cleared="146" enqueued="146" />
  <references type="phantom" candidates="3" cleared="3" enqueued="3" />
</gc-op>
<gc-end id="3231" type="scavenge" contextid="3227" durationms="0.912" usertimems="4.000" systemtimems="0.000" timestamp="2019-06-16T18:48:46.582" activeThreads="4">
  <mem-info id="3232" free="2051618728" total="2092630016" percent="98">
    <mem type="nursery" free="1830976" total="3932160" percent="46">
      <mem type="allocate" free="1830976" total="2883584" percent="63" />
      <mem type="survivor" free="0" total="1048576" percent="0" />
    </mem>
    <mem type="tenure" free="2049787752" total="2088697856" percent="98">
      <mem type="soa" free="1945353064" total="1984263168" percent="98" />
      <mem type="loa" free="104434688" total="104434688" percent="100" />
    </mem>
    <pending-finalizers system="0" default="0" reference="149" classloader="0" />
    <remembered-set count="205" />
  </mem-info>
</gc-end>
<cycle-end id="3233" type="scavenge" contextid="3227" timestamp="2019-06-16T18:48:46.582" />
  <attribute name="elasticGC enabled" value="1" />
  <attribute name= "numThreadsSpecified" value="4" />
  <attribute name="heapSize specified" value="9830400" />
  <attribute name="Current GC Util" value="42" />
  <attribute name= "Current Time Running" value="4453" />
  <attribute name ="GC Interval" value="288" />
  <attribute name="ProportionalT" value="22.000000" />
  <attribute name="ProportionalI" value="22.000000" />
  <attribute name="ProportionalH" value="22.000000" />
  <attribute name="Current Error" value="22.000000" />
  <attribute name="IntegralT" value="264.000000" />
  <attribute name="IntegralI" value="264.000000" />
  <attribute name="IntegralH" value="264.000000" />
  <attribute name="DerivativeT" value="-0.750000" />
  <attribute name="DerivativeI" value="-0.750000" />
  <attribute name="DerivativeH" value="-0.750000" />
  <attribute name="Loop Time for DT" value="12.000000" />
  <attribute name="Output H" value="8388608"/>
  <attribute name="Output I" value="288"/>
  <attribute name="Output T" value="4"/>
  <attribute name="Target GC Util Change" value ="20.000000" />
  <attribute name="Current GC Util Change" value="42.000000"/>
  <attribute name="GC Util currently" value="42" />
  <attribute name="CPU Util currently" value="387959808505" />
<allocation-satisfied id="3234" threadId="0000000000A79C00" bytesRequested="112" />
<af-end id="3235" timestamp="2019-06-16T18:48:46.582" threadId="0000000000A7A588" success="true" from="nursery"/>
<exclusive-end id="3236" timestamp="2019-06-16T18:48:46.582" durationms="1.416" />

<exclusive-start id="3237" timestamp="2019-06-16T18:48:46.587" intervalms="6.516">
  <response-info timems="0.210" idlems="0.117" threads="1" lastid="0000000000A79C00" lastname="PmdThread 1" />
</exclusive-start>
<af-start id="3238" threadId="0000000000A7E188" totalBytesRequested="24" timestamp="2019-06-16T18:48:46.588" intervalms="6.521" type="nursery" />
<cycle-start id="3239" type="scavenge" contextid="0" timestamp="2019-06-16T18:48:46.588" intervalms="6.527" />
<gc-start id="3240" type="scavenge" contextid="3239" timestamp="2019-06-16T18:48:46.588">
  <mem-info id="3241" free="2049787544" total="2092630016" percent="97">
    <mem type="nursery" free="0" total="3932160" percent="0">
      <mem type="allocate" free="0" total="2883584" percent="0" />
      <mem type="survivor" free="0" total="1048576" percent="0" />
    </mem>
    <mem type="tenure" free="2049787544" total="2088697856" percent="98">
      <mem type="soa" free="1945352856" total="1984263168" percent="98" />
      <mem type="loa" free="104434688" total="104434688" percent="100" />
    </mem>
    <remembered-set count="369" />
  </mem-info>
</gc-start>
<allocation-stats totalBytes="1827080" >
  <allocated-bytes non-tlh="16712" tlh="1810368" />
  <largest-consumer threadName="PmdThread 2" threadId="0000000000A7D800" bytes="814168" />
</allocation-stats>
<gc-op id="3242" type="scavenge" timems="3.963" contextid="3239" timestamp="2019-06-16T18:48:46.592">
  <scavenger-info tenureage="3" tenuremask="7ff8" tiltratio="73" />
  <memory-copied type="nursery" objects="7363" bytes="480568" bytesdiscarded="140112" />
  <memory-copied type="tenure" objects="7410" bytes="370752" bytesdiscarded="160" />
  <references type="weak" candidates="113" cleared="113" enqueued="113" />
  <references type="phantom" candidates="2" cleared="2" enqueued="2" />
</gc-op>
<gc-end id="3243" type="scavenge" contextid="3239" durationms="4.185" usertimems="8.000" systemtimems="0.000" timestamp="2019-06-16T18:48:46.592" activeThreads="4">
  <mem-info id="3244" free="2051699896" total="2092630016" percent="98">
    <mem type="nursery" free="2262208" total="3932160" percent="57">
      <mem type="allocate" free="2262208" total="2883584" percent="78" />
      <mem type="survivor" free="0" total="1048576" percent="0" />
    </mem>
    <mem type="tenure" free="2049437688" total="2088697856" percent="98">
      <mem type="soa" free="1945003000" total="1984263168" percent="98" />
      <mem type="loa" free="104434688" total="104434688" percent="100" />
    </mem>
    <pending-finalizers system="0" default="0" reference="115" classloader="0" />
    <remembered-set count="205" />
  </mem-info>
</gc-end>
<cycle-end id="3245" type="scavenge" contextid="3239" timestamp="2019-06-16T18:48:46.592" />
  <attribute name="elasticGC enabled" value="1" />
  <attribute name= "numThreadsSpecified" value="4" />
  <attribute name="heapSize specified" value="9830400" />
  <attribute name="Current GC Util" value="29" />
  <attribute name= "Current Time Running" value="4459" />
  <attribute name ="GC Interval" value="200" />
  <attribute name="ProportionalT" value="9.000000" />
  <attribute name="ProportionalI" value="9.000000" />
  <attribute name="ProportionalH" value="9.000000" />
  <attribute name="Current Error" value="9.000000" />
  <attribute name="IntegralT" value="54.000000" />
  <attribute name="IntegralI" value="54.000000" />
  <attribute name="IntegralH" value="54.000000" />
  <attribute name="DerivativeT" value="-1.083333" />
  <attribute name="DerivativeI" value="-1.083333" />
  <attribute name="DerivativeH" value="-1.083333" />
  <attribute name="Loop Time for DT" value="6.000000" />
  <attribute name="Output H" value="8388608"/>
  <attribute name="Output I" value="200"/>
  <attribute name="Output T" value="4"/>
  <attribute name="Target GC Util Change" value ="20.000000" />
  <attribute name="Current GC Util Change" value="29.000000"/>
  <attribute name="GC Util currently" value="29" />
  <attribute name="CPU Util currently" value="714132675877" />
<allocation-satisfied id="3246" threadId="0000000000A7D800" bytesRequested="24" />
<af-end id="3247" timestamp="2019-06-16T18:48:46.592" threadId="0000000000A7E188" success="true" from="nursery"/>
<exclusive-end id="3248" timestamp="2019-06-16T18:48:46.592" durationms="4.675" />

<exclusive-start id="3249" timestamp="2019-06-16T18:48:46.595" intervalms="7.729">
  <response-info timems="0.069" idlems="0.041" threads="1" lastid="000000000076D300" lastname="JIT Compilation Thread-0" />
</exclusive-start>
<af-start id="3250" threadId="0000000000A7A588" totalBytesRequested="32" timestamp="2019-06-16T18:48:46.595" intervalms="7.735" type="nursery" />
<cycle-start id="3251" type="scavenge" contextid="0" timestamp="2019-06-16T18:48:46.595" intervalms="7.708" />
<gc-start id="3252" type="scavenge" contextid="3251" timestamp="2019-06-16T18:48:46.595">
  <mem-info id="3253" free="2049437504" total="2092630016" percent="97">
    <mem type="nursery" free="0" total="3932160" percent="0">
      <mem type="allocate" free="0" total="2883584" percent="0" />
      <mem type="survivor" free="0" total="1048576" percent="0" />
    </mem>
    <mem type="tenure" free="2049437504" total="2088697856" percent="98">
      <mem type="soa" free="1945002816" total="1984263168" percent="98" />
      <mem type="loa" free="104434688" total="104434688" percent="100" />
    </mem>
    <remembered-set count="466" />
  </mem-info>
</gc-start>
<allocation-stats totalBytes="2260304" >
  <allocated-bytes non-tlh="16600" tlh="2243704" />
  <largest-consumer threadName="PmdThread 1" threadId="0000000000A79C00" bytes="945616" />
</allocation-stats>
<gc-op id="3254" type="scavenge" timems="0.747" contextid="3251" timestamp="2019-06-16T18:48:46.596">
  <scavenger-info tenureage="4" tenuremask="7ff0" tiltratio="73" />
  <memory-copied type="nursery" objects="14185" bytes="853376" bytesdiscarded="90416" />
  <references type="weak" candidates="111" cleared="111" enqueued="111" />
  <references type="phantom" candidates="2" cleared="1" enqueued="1" />
</gc-op>
<gc-end id="3255" type="scavenge" contextid="3251" durationms="0.991" usertimems="0.000" systemtimems="0.000" timestamp="2019-06-16T18:48:46.596" activeThreads="4">
  <mem-info id="3256" free="2051113712" total="2092630016" percent="98">
    <mem type="nursery" free="1676208" total="3932160" percent="42">
      <mem type="allocate" free="1676208" total="2621440" percent="63" />
      <mem type="survivor" free="0" total="1310720" percent="0" />
    </mem>
    <mem type="tenure" free="2049437504" total="2088697856" percent="98">
      <mem type="soa" free="1945002816" total="1984263168" percent="98" />
      <mem type="loa" free="104434688" total="104434688" percent="100" />
    </mem>
    <pending-finalizers system="0" default="0" reference="112" classloader="0" />
    <remembered-set count="211" />
  </mem-info>
</gc-end>
<cycle-end id="3257" type="scavenge" contextid="3251" timestamp="2019-06-16T18:48:46.596" />
  <attribute name="elasticGC enabled" value="1" />
  <attribute name= "numThreadsSpecified" value="4" />
  <attribute name="heapSize specified" value="9830400" />
  <attribute name="Current GC Util" value="76" />
  <attribute name= "Current Time Running" value="4467" />
  <attribute name ="GC Interval" value="512" />
  <attribute name="ProportionalT" value="56.000000" />
  <attribute name="ProportionalI" value="56.000000" />
  <attribute name="ProportionalH" value="56.000000" />
  <attribute name="Current Error" value="56.000000" />
  <attribute name="IntegralT" value="448.000000" />
  <attribute name="IntegralI" value="448.000000" />
  <attribute name="IntegralH" value="448.000000" />
  <attribute name="DerivativeT" value="2.937500" />
  <attribute name="DerivativeI" value="2.937500" />
  <attribute name="DerivativeH" value="2.937500" />
  <attribute name="Loop Time for DT" value="8.000000" />
  <attribute name="Output H" value="8388608"/>
  <attribute name="Output I" value="512"/>
  <attribute name="Output T" value="4"/>
  <attribute name="Target GC Util Change" value ="20.000000" />
  <attribute name="Current GC Util Change" value="76.000000"/>
  <attribute name="GC Util currently" value="76" />
  <attribute name="CPU Util currently" value="597154002603" />
<allocation-satisfied id="3258" threadId="0000000000A79C00" bytesRequested="32" />
<af-end id="3259" timestamp="2019-06-16T18:48:46.597" threadId="0000000000A7A588" success="true" from="nursery"/>
<exclusive-end id="3260" timestamp="2019-06-16T18:48:46.597" durationms="1.421" />

<exclusive-start id="3261" timestamp="2019-06-16T18:48:46.600" intervalms="4.638">
  <response-info timems="0.085" idlems="0.035" threads="2" lastid="0000000000A79C00" lastname="PmdThread 1" />
</exclusive-start>
<af-start id="3262" threadId="0000000000A81D88" totalBytesRequested="56" timestamp="2019-06-16T18:48:46.600" intervalms="4.634" type="nursery" />
<cycle-start id="3263" type="scavenge" contextid="0" timestamp="2019-06-16T18:48:46.600" intervalms="4.655" />
<gc-start id="3264" type="scavenge" contextid="3263" timestamp="2019-06-16T18:48:46.600">
  <mem-info id="3265" free="2049437448" total="2092630016" percent="97">
    <mem type="nursery" free="0" total="3932160" percent="0">
      <mem type="allocate" free="0" total="2621440" percent="0" />
      <mem type="survivor" free="0" total="1310720" percent="0" />
    </mem>
    <mem type="tenure" free="2049437448" total="2088697856" percent="98">
      <mem type="soa" free="1945002760" total="1984263168" percent="98" />
      <mem type="loa" free="104434688" total="104434688" percent="100" />
    </mem>
    <remembered-set count="235" />
  </mem-info>
</gc-start>
<allocation-stats totalBytes="1674968" >
  <allocated-bytes non-tlh="88" tlh="1674880" />
  <largest-consumer threadName="PmdThread 4" threadId="0000000000A85000" bytes="913688" />
</allocation-stats>
<gc-op id="3266" type="scavenge" timems="0.886" contextid="3263" timestamp="2019-06-16T18:48:46.601">
  <scavenger-info tenureage="3" tenuremask="7ff8" tiltratio="66" />
  <memory-copied type="nursery" objects="11868" bytes="739656" bytesdiscarded="132280" />
  <memory-copied type="tenure" objects="5567" bytes="302368" bytesdiscarded="64" />
  <references type="weak" candidates="49" cleared="48" enqueued="48" />
  <references type="phantom" candidates="3" cleared="1" enqueued="1" />
</gc-op>
<gc-end id="3267" type="scavenge" contextid="3263" durationms="1.339" usertimems="0.000" systemtimems="0.000" timestamp="2019-06-16T18:48:46.601" activeThreads="4">
  <mem-info id="3268" free="2050886576" total="2092630016" percent="98">
    <mem type="nursery" free="1814456" total="3932160" percent="46">
      <mem type="allocate" free="1814456" total="2686976" percent="67" />
      <mem type="survivor" free="0" total="1245184" percent="0" />
    </mem>
    <mem type="tenure" free="2049072120" total="2088697856" percent="98">
      <mem type="soa" free="1944637432" total="1984263168" percent="98" />
      <mem type="loa" free="104434688" total="104434688" percent="100" />
    </mem>
    <pending-finalizers system="0" default="0" reference="49" classloader="0" />
    <remembered-set count="135" />
  </mem-info>
</gc-end>
<cycle-end id="3269" type="scavenge" contextid="3263" timestamp="2019-06-16T18:48:46.602" />
  <attribute name="elasticGC enabled" value="1" />
  <attribute name= "numThreadsSpecified" value="4" />
  <attribute name="heapSize specified" value="9830400" />
  <attribute name="Current GC Util" value="39" />
  <attribute name= "Current Time Running" value="4472" />
  <attribute name ="GC Interval" value="200" />
  <attribute name="ProportionalT" value="19.000000" />
  <attribute name="ProportionalI" value="19.000000" />
  <attribute name="ProportionalH" value="19.000000" />
  <attribute name="Current Error" value="19.000000" />
  <attribute name="IntegralT" value="95.000000" />
  <attribute name="IntegralI" value="95.000000" />
  <attribute name="IntegralH" value="95.000000" />
  <attribute name="DerivativeT" value="-3.700000" />
  <attribute name="DerivativeI" value="-3.700000" />
  <attribute name="DerivativeH" value="-3.700000" />
  <attribute name="Loop Time for DT" value="5.000000" />
  <attribute name="Output H" value="8388608"/>
  <attribute name="Output I" value="200"/>
  <attribute name="Output T" value="4"/>
  <attribute name="Target GC Util Change" value ="20.000000" />
  <attribute name="Current GC Util Change" value="39.000000"/>
  <attribute name="GC Util currently" value="39" />
  <attribute name="CPU Util currently" value="979340705644" />
<allocation-satisfied id="3270" threadId="0000000000A81400" bytesRequested="56" />
<af-end id="3271" timestamp="2019-06-16T18:48:46.602" threadId="0000000000A81D88" success="true" from="nursery"/>
<exclusive-end id="3272" timestamp="2019-06-16T18:48:46.602" durationms="1.889" />

<exclusive-start id="3273" timestamp="2019-06-16T18:48:46.605" intervalms="5.522">
  <response-info timems="0.033" idlems="0.033" threads="0" lastid="0000000000A85000" lastname="PmdThread 4" />
</exclusive-start>
<af-start id="3274" threadId="0000000000A85988" totalBytesRequested="24" timestamp="2019-06-16T18:48:46.605" intervalms="5.529" type="nursery" />
<cycle-start id="3275" type="scavenge" contextid="0" timestamp="2019-06-16T18:48:46.606" intervalms="5.544" />
<gc-start id="3276" type="scavenge" contextid="3275" timestamp="2019-06-16T18:48:46.606">
  <mem-info id="3277" free="2049072120" total="2092630016" percent="97">
    <mem type="nursery" free="0" total="3932160" percent="0">
      <mem type="allocate" free="0" total="2686976" percent="0" />
      <mem type="survivor" free="0" total="1245184" percent="0" />
    </mem>
    <mem type="tenure" free="2049072120" total="2088697856" percent="98">
      <mem type="soa" free="1944637432" total="1984263168" percent="98" />
      <mem type="loa" free="104434688" total="104434688" percent="100" />
    </mem>
    <remembered-set count="142" />
  </mem-info>
</gc-start>
<allocation-stats totalBytes="1813160" >
  <allocated-bytes non-tlh="56" tlh="1813104" />
  <largest-consumer threadName="PmdThread 4" threadId="0000000000A85000" bytes="1370856" />
</allocation-stats>
<gc-op id="3278" type="scavenge" timems="2.790" contextid="3275" timestamp="2019-06-16T18:48:46.609">
  <scavenger-info tenureage="3" tenuremask="7ff8" tiltratio="68" />
  <memory-copied type="nursery" objects="13901" bytes="752488" bytesdiscarded="146816" />
  <memory-copied type="tenure" objects="42" bytes="1288" bytesdiscarded="0" />
  <references type="weak" candidates="85" cleared="84" enqueued="84" />
  <references type="phantom" candidates="2" cleared="0" enqueued="0" />
</gc-op>
<gc-end id="3279" type="scavenge" contextid="3275" durationms="2.998" usertimems="0.000" systemtimems="4.000" timestamp="2019-06-16T18:48:46.609" activeThreads="4">
  <mem-info id="3280" free="2050924456" total="2092630016" percent="98">
    <mem type="nursery" free="1852336" total="3932160" percent="47">
      <mem type="allocate" free="1852336" total="2752512" percent="67" />
      <mem type="survivor" free="0" total="1179648" percent="0" />
    </mem>
    <mem type="tenure" free="2049072120" total="2088697856" percent="98">
      <mem type="soa" free="1944637432" total="1984263168" percent="98" />
      <mem type="loa" free="104434688" total="104434688" percent="100" />
    </mem>
    <pending-finalizers system="0" default="0" reference="84" classloader="0" />
    <remembered-set count="133" />
  </mem-info>
</gc-end>
<cycle-end id="3281" type="scavenge" contextid="3275" timestamp="2019-06-16T18:48:46.609" />
  <attribute name="elasticGC enabled" value="1" />
  <attribute name= "numThreadsSpecified" value="4" />
  <attribute name="heapSize specified" value="9830400" />
  <attribute name="Current GC Util" value="39" />
  <attribute name= "Current Time Running" value="4477" />
  <attribute name ="GC Interval" value="200" />
  <attribute name="ProportionalT" value="19.000000" />
  <attribute name="ProportionalI" value="19.000000" />
  <attribute name="ProportionalH" value="19.000000" />
  <attribute name="Current Error" value="19.000000" />
  <attribute name="IntegralT" value="95.000000" />
  <attribute name="IntegralI" value="95.000000" />
  <attribute name="IntegralH" value="95.000000" />
  <attribute name="DerivativeT" value="0.000000" />
  <attribute name="DerivativeI" value="0.000000" />
  <attribute name="DerivativeH" value="0.000000" />
  <attribute name="Loop Time for DT" value="5.000000" />
  <attribute name="Output H" value="8388608"/>
  <attribute name="Output I" value="200"/>
  <attribute name="Output T" value="4"/>
  <attribute name="Target GC Util Change" value ="20.000000" />
  <attribute name="Current GC Util Change" value="39.000000"/>
  <attribute name="GC Util currently" value="39" />
  <attribute name="CPU Util currently" value="844401168144" />
<allocation-satisfied id="3282" threadId="0000000000A85000" bytesRequested="24" />
<af-end id="3283" timestamp="2019-06-16T18:48:46.609" threadId="0000000000A85988" success="true" from="nursery"/>
<exclusive-end id="3284" timestamp="2019-06-16T18:48:46.609" durationms="3.487" />

<exclusive-start id="3285" timestamp="2019-06-16T18:48:46.612" intervalms="6.325">
  <response-info timems="0.028" idlems="0.028" threads="0" lastid="0000000000A7D800" lastname="PmdThread 2" />
</exclusive-start>
<af-start id="3286" threadId="0000000000A7E188" totalBytesRequested="24" timestamp="2019-06-16T18:48:46.612" intervalms="6.317" type="nursery" />
<cycle-start id="3287" type="scavenge" contextid="0" timestamp="2019-06-16T18:48:46.612" intervalms="6.310" />
<gc-start id="3288" type="scavenge" contextid="3287" timestamp="2019-06-16T18:48:46.612">
  <mem-info id="3289" free="2049072120" total="2092630016" percent="97">
    <mem type="nursery" free="0" total="3932160" percent="0">
      <mem type="allocate" free="0" total="2752512" percent="0" />
      <mem type="survivor" free="0" total="1179648" percent="0" />
    </mem>
    <mem type="tenure" free="2049072120" total="2088697856" percent="98">
      <mem type="soa" free="1944637432" total="1984263168" percent="98" />
      <mem type="loa" free="104434688" total="104434688" percent="100" />
    </mem>
    <remembered-set count="296" />
  </mem-info>
</gc-start>
<allocation-stats totalBytes="1848928" >
  <allocated-bytes non-tlh="24" tlh="1848904" />
  <largest-consumer threadName="PmdThread 1" threadId="0000000000A79C00" bytes="750552" />
</allocation-stats>
<gc-op id="3290" type="scavenge" timems="3.598" contextid="3287" timestamp="2019-06-16T18:48:46.616">
  <scavenger-info tenureage="3" tenuremask="7ff8" tiltratio="70" />
  <memory-copied type="nursery" objects="9915" bytes="471584" bytesdiscarded="99360" />
  <memory-copied type="tenure" objects="6198" bytes="346832" bytesdiscarded="96" />
  <references type="weak" candidates="163" cleared="163" enqueued="163" />
  <references type="phantom" candidates="1" cleared="1" enqueued="1" />
</gc-op>
<gc-end id="3291" type="scavenge" contextid="3287" durationms="3.800" usertimems="8.000" systemtimems="0.000" timestamp="2019-06-16T18:48:46.616" activeThreads="4">
  <mem-info id="3292" free="2051049104" total="2092630016" percent="98">
    <mem type="nursery" free="2246352" total="3932160" percent="57">
      <mem type="allocate" free="2246352" total="2818048" percent="79" />
      <mem type="survivor" free="0" total="1114112" percent="0" />
    </mem>
    <mem type="tenure" free="2048802752" total="2088697856" percent="98">
      <mem type="soa" free="1944368064" total="1984263168" percent="97" />
      <mem type="loa" free="104434688" total="104434688" percent="100" />
    </mem>
    <pending-finalizers system="0" default="0" reference="164" classloader="0" />
    <remembered-set count="444" />
  </mem-info>
</gc-end>
<cycle-end id="3293" type="scavenge" contextid="3287" timestamp="2019-06-16T18:48:46.616" />
  <attribute name="elasticGC enabled" value="1" />
  <attribute name= "numThreadsSpecified" value="4" />
  <attribute name="heapSize specified" value="9830400" />
  <attribute name="Current GC Util" value="71" />
  <attribute name= "Current Time Running" value="4483" />
  <attribute name ="GC Interval" value="360" />
  <attribute name="ProportionalT" value="51.000000" />
  <attribute name="ProportionalI" value="51.000000" />
  <attribute name="ProportionalH" value="51.000000" />
  <attribute name="Current Error" value="51.000000" />
  <attribute name="IntegralT" value="306.000000" />
  <attribute name="IntegralI" value="306.000000" />
  <attribute name="IntegralH" value="306.000000" />
  <attribute name="DerivativeT" value="2.666667" />
  <attribute name="DerivativeI" value="2.666667" />
  <attribute name="DerivativeH" value="2.666667" />
  <attribute name="Loop Time for DT" value="6.000000" />
  <attribute name="Output H" value="8388608"/>
  <attribute name="Output I" value="360"/>
  <attribute name="Output T" value="4"/>
  <attribute name="Target GC Util Change" value ="20.000000" />
  <attribute name="Current GC Util Change" value="71.000000"/>
  <attribute name="GC Util currently" value="71" />
  <attribute name="CPU Util currently" value="731923380678" />
<allocation-satisfied id="3294" threadId="0000000000A7D800" bytesRequested="24" />
<af-end id="3295" timestamp="2019-06-16T18:48:46.616" threadId="0000000000A7E188" success="true" from="nursery"/>
<exclusive-end id="3296" timestamp="2019-06-16T18:48:46.616" durationms="4.297" />

<exclusive-start id="3297" timestamp="2019-06-16T18:48:46.620" intervalms="8.750">
  <response-info timems="0.039" idlems="0.039" threads="0" lastid="0000000000A7D800" lastname="PmdThread 2" />
</exclusive-start>
<af-start id="3298" threadId="0000000000A7E188" totalBytesRequested="80" timestamp="2019-06-16T18:48:46.621" intervalms="8.757" type="nursery" />
<cycle-start id="3299" type="scavenge" contextid="0" timestamp="2019-06-16T18:48:46.621" intervalms="8.753" />
<gc-start id="3300" type="scavenge" contextid="3299" timestamp="2019-06-16T18:48:46.621">
  <mem-info id="3301" free="2048802176" total="2092630016" percent="97">
    <mem type="nursery" free="0" total="3932160" percent="0">
      <mem type="allocate" free="0" total="2818048" percent="0" />
      <mem type="survivor" free="0" total="1114112" percent="0" />
    </mem>
    <mem type="tenure" free="2048802176" total="2088697856" percent="98">
      <mem type="soa" free="1944367488" total="1984263168" percent="97" />
      <mem type="loa" free="104434688" total="104434688" percent="100" />
    </mem>
    <remembered-set count="612" />
  </mem-info>
</gc-start>
<allocation-stats totalBytes="2235832" >
  <allocated-bytes non-tlh="600" tlh="2235232" />
  <largest-consumer threadName="PmdThread 3" threadId="0000000000A81400" bytes="978360" />
</allocation-stats>
<gc-op id="3302" type="scavenge" timems="3.486" contextid="3299" timestamp="2019-06-16T18:48:46.624">
  <scavenger-info tenureage="3" tenuremask="7ff8" tiltratio="71" />
  <memory-copied type="nursery" objects="9296" bytes="518368" bytesdiscarded="125120" />
  <memory-copied type="tenure" objects="4602" bytes="276648" bytesdiscarded="88" />
  <references type="weak" candidates="73" cleared="73" enqueued="73" />
  <references type="phantom" candidates="4" cleared="3" enqueued="3" />
</gc-op>
<gc-end id="3303" type="scavenge" contextid="3299" durationms="3.704" usertimems="4.000" systemtimems="4.000" timestamp="2019-06-16T18:48:46.624" activeThreads="4">
  <mem-info id="3304" free="2050831912" total="2092630016" percent="98">
    <mem type="nursery" free="2305480" total="3932160" percent="58">
      <mem type="allocate" free="2305480" total="2949120" percent="78" />
      <mem type="survivor" free="0" total="983040" percent="0" />
    </mem>
    <mem type="tenure" free="2048526432" total="2088697856" percent="98">
      <mem type="soa" free="1944091744" total="1984263168" percent="97" />
      <mem type="loa" free="104434688" total="104434688" percent="100" />
    </mem>
    <pending-finalizers system="0" default="0" reference="76" classloader="0" />
    <remembered-set count="263" />
  </mem-info>
</gc-end>
<cycle-end id="3305" type="scavenge" contextid="3299" timestamp="2019-06-16T18:48:46.624" />
  <attribute name="elasticGC enabled" value="1" />
  <attribute name= "numThreadsSpecified" value="4" />
  <attribute name="heapSize specified" value="9830400" />
  <attribute name="Current GC Util" value="63" />
  <attribute name= "Current Time Running" value="4492" />
  <attribute name ="GC Interval" value="432" />
  <attribute name="ProportionalT" value="43.000000" />
  <attribute name="ProportionalI" value="43.000000" />
  <attribute name="ProportionalH" value="43.000000" />
  <attribute name="Current Error" value="43.000000" />
  <attribute name="IntegralT" value="387.000000" />
  <attribute name="IntegralI" value="387.000000" />
  <attribute name="IntegralH" value="387.000000" />
  <attribute name="DerivativeT" value="-0.444444" />
  <attribute name="DerivativeI" value="-0.444444" />
  <attribute name="DerivativeH" value="-0.444444" />
  <attribute name="Loop Time for DT" value="9.000000" />
  <attribute name="Output H" value="8388608"/>
  <attribute name="Output I" value="432"/>
  <attribute name="Output T" value="4"/>
  <attribute name="Target GC Util Change" value ="20.000000" />
  <attribute name="Current GC Util Change" value="63.000000"/>
  <attribute name="GC Util currently" value="63" />
  <attribute name="CPU Util currently" value="526279536038" />
<allocation-satisfied id="3306" threadId="0000000000A7D800" bytesRequested="80" />
<af-end id="3307" timestamp="2019-06-16T18:48:46.625" threadId="0000000000A7E188" success="true" from="nursery"/>
<exclusive-end id="3308" timestamp="2019-06-16T18:48:46.625" durationms="4.202" />

<exclusive-start id="3309" timestamp="2019-06-16T18:48:46.636" intervalms="15.958">
  <response-info timems="0.047" idlems="0.047" threads="0" lastid="0000000000A81400" lastname="PmdThread 3" />
</exclusive-start>
<af-start id="3310" threadId="0000000000A81D88" totalBytesRequested="16392" timestamp="2019-06-16T18:48:46.637" intervalms="15.992" type="nursery" />
<cycle-start id="3311" type="scavenge" contextid="0" timestamp="2019-06-16T18:48:46.637" intervalms="16.008" />
<gc-start id="3312" type="scavenge" contextid="3311" timestamp="2019-06-16T18:48:46.637">
  <mem-info id="3313" free="2048526232" total="2092630016" percent="97">
    <mem type="nursery" free="0" total="3932160" percent="0">
      <mem type="allocate" free="0" total="2949120" percent="0" />
      <mem type="survivor" free="0" total="983040" percent="0" />
    </mem>
    <mem type="tenure" free="2048526232" total="2088697856" percent="98">
      <mem type="soa" free="1944091544" total="1984263168" percent="97" />
      <mem type="loa" free="104434688" total="104434688" percent="100" />
    </mem>
    <remembered-set count="464" />
  </mem-info>
</gc-start>
<allocation-stats totalBytes="2297560" >
  <allocated-bytes non-tlh="280" tlh="2297280" />
  <largest-consumer threadName="PmdThread 3" threadId="0000000000A81400" bytes="952616" />
</allocation-stats>
<gc-op id="3314" type="scavenge" timems="3.959" contextid="3311" timestamp="2019-06-16T18:48:46.641">
  <scavenger-info tenureage="3" tenuremask="7ff8" tiltratio="75" />
  <memory-copied type="nursery" objects="7104" bytes="455080" bytesdiscarded="57176" />
  <memory-copied type="tenure" objects="2459" bytes="95432" bytesdiscarded="80" />
  <references type="weak" candidates="104" cleared="104" enqueued="104" />
  <references type="phantom" candidates="3" cleared="2" enqueued="2" />
</gc-op>
<gc-end id="3315" type="scavenge" contextid="3311" durationms="4.205" usertimems="0.000" systemtimems="4.000" timestamp="2019-06-16T18:48:46.641" activeThreads="4">
  <mem-info id="3316" free="2050908992" total="2092630016" percent="98">
    <mem type="nursery" free="2500264" total="3932160" percent="63">
      <mem type="allocate" free="2500264" total="3014656" percent="82" />
      <mem type="survivor" free="0" total="917504" percent="0" />
    </mem>
    <mem type="tenure" free="2048408728" total="2088697856" percent="98">
      <mem type="soa" free="1943974040" total="1984263168" percent="97" />
      <mem type="loa" free="104434688" total="104434688" percent="100" />
    </mem>
    <pending-finalizers system="0" default="0" reference="106" classloader="0" />
    <remembered-set count="519" />
  </mem-info>
</gc-end>
<cycle-end id="3317" type="scavenge" contextid="3311" timestamp="2019-06-16T18:48:46.641" />
  <attribute name="elasticGC enabled" value="1" />
  <attribute name= "numThreadsSpecified" value="4" />
  <attribute name="heapSize specified" value="9830400" />
  <attribute name="Current GC Util" value="32" />
  <attribute name= "Current Time Running" value="4508" />
  <attribute name ="GC Interval" value="208" />
  <attribute name="ProportionalT" value="12.000000" />
  <attribute name="ProportionalI" value="12.000000" />
  <attribute name="ProportionalH" value="12.000000" />
  <attribute name="Current Error" value="12.000000" />
  <attribute name="IntegralT" value="192.000000" />
  <attribute name="IntegralI" value="192.000000" />
  <attribute name="IntegralH" value="192.000000" />
  <attribute name="DerivativeT" value="-0.968750" />
  <attribute name="DerivativeI" value="-0.968750" />
  <attribute name="DerivativeH" value="-0.968750" />
  <attribute name="Loop Time for DT" value="16.000000" />
  <attribute name="Output H" value="8388608"/>
  <attribute name="Output I" value="208"/>
  <attribute name="Output T" value="4"/>
  <attribute name="Target GC Util Change" value ="20.000000" />
  <attribute name="Current GC Util Change" value="32.000000"/>
  <attribute name="GC Util currently" value="32" />
  <attribute name="CPU Util currently" value="287766226248" />
<allocation-satisfied id="3318" threadId="0000000000A81400" bytesRequested="16392" />
<af-end id="3319" timestamp="2019-06-16T18:48:46.641" threadId="0000000000A81D88" success="true" from="nursery"/>
<exclusive-end id="3320" timestamp="2019-06-16T18:48:46.641" durationms="4.942" />

<exclusive-start id="3321" timestamp="2019-06-16T18:48:46.644" intervalms="7.938">
  <response-info timems="0.060" idlems="0.060" threads="0" lastid="0000000000A79C00" lastname="PmdThread 1" />
</exclusive-start>
<af-start id="3322" threadId="0000000000A7A588" totalBytesRequested="56" timestamp="2019-06-16T18:48:46.644" intervalms="7.895" type="nursery" />
<cycle-start id="3323" type="scavenge" contextid="0" timestamp="2019-06-16T18:48:46.645" intervalms="7.873" />
<gc-start id="3324" type="scavenge" contextid="3323" timestamp="2019-06-16T18:48:46.645">
  <mem-info id="3325" free="2048408504" total="2092630016" percent="97">
    <mem type="nursery" free="0" total="3932160" percent="0">
      <mem type="allocate" free="0" total="3014656" percent="0" />
      <mem type="survivor" free="0" total="917504" percent="0" />
    </mem>
    <mem type="tenure" free="2048408504" total="2088697856" percent="98">
      <mem type="soa" free="1943973816" total="1984263168" percent="97" />
      <mem type="loa" free="104434688" total="104434688" percent="100" />
    </mem>
    <remembered-set count="732" />
  </mem-info>
</gc-start>
<allocation-stats totalBytes="2494936" >
  <allocated-bytes non-tlh="49400" tlh="2445536" />
  <largest-consumer threadName="PmdThread 1" threadId="0000000000A79C00" bytes="994360" />
</allocation-stats>
<gc-op id="3326" type="scavenge" timems="0.792" contextid="3323" timestamp="2019-06-16T18:48:46.645">
  <scavenger-info tenureage="3" tenuremask="7ff8" tiltratio="76" />
  <memory-copied type="nursery" objects="12991" bytes="824672" bytesdiscarded="53128" />
  <memory-copied type="tenure" objects="2157" bytes="75000" bytesdiscarded="16" />
  <references type="weak" candidates="183" cleared="182" enqueued="182" />
  <references type="phantom" candidates="2" cleared="1" enqueued="1" />
</gc-op>
<gc-end id="3327" type="scavenge" contextid="3323" durationms="1.161" usertimems="0.000" systemtimems="0.000" timestamp="2019-06-16T18:48:46.646" activeThreads="4">
  <mem-info id="3328" free="2050147680" total="2092630016" percent="97">
    <mem type="nursery" free="1809064" total="3932160" percent="46">
      <mem type="allocate" free="1809064" total="2686976" percent="67" />
      <mem type="survivor" free="0" total="1245184" percent="0" />
    </mem>
    <mem type="tenure" free="2048338616" total="2088697856" percent="98">
      <mem type="soa" free="1943903928" total="1984263168" percent="97" />
      <mem type="loa" free="104434688" total="104434688" percent="100" />
    </mem>
    <pending-finalizers system="0" default="0" reference="183" classloader="0" />
    <remembered-set count="615" />
  </mem-info>
</gc-end>
<cycle-end id="3329" type="scavenge" contextid="3323" timestamp="2019-06-16T18:48:46.646" />
  <attribute name="elasticGC enabled" value="1" />
  <attribute name= "numThreadsSpecified" value="4" />
  <attribute name="heapSize specified" value="9830400" />
  <attribute name="Current GC Util" value="67" />
  <attribute name= "Current Time Running" value="4516" />
  <attribute name ="GC Interval" value="432" />
  <attribute name="ProportionalT" value="47.000000" />
  <attribute name="ProportionalI" value="47.000000" />
  <attribute name="ProportionalH" value="47.000000" />
  <attribute name="Current Error" value="47.000000" />
  <attribute name="IntegralT" value="376.000000" />
  <attribute name="IntegralI" value="376.000000" />
  <attribute name="IntegralH" value="376.000000" />
  <attribute name="DerivativeT" value="2.187500" />
  <attribute name="DerivativeI" value="2.187500" />
  <attribute name="DerivativeH" value="2.187500" />
  <attribute name="Loop Time for DT" value="8.000000" />
  <attribute name="Output H" value="8388608"/>
  <attribute name="Output I" value="432"/>
  <attribute name="Output T" value="4"/>
  <attribute name="Target GC Util Change" value ="20.000000" />
  <attribute name="Current GC Util Change" value="67.000000"/>
  <attribute name="GC Util currently" value="67" />
  <attribute name="CPU Util currently" value="587175230244" />
<allocation-satisfied id="3330" threadId="0000000000A79C00" bytesRequested="56" />
<af-end id="3331" timestamp="2019-06-16T18:48:46.646" threadId="0000000000A7A588" success="true" from="nursery"/>
<exclusive-end id="3332" timestamp="2019-06-16T18:48:46.646" durationms="1.656" />

<exclusive-start id="3333" timestamp="2019-06-16T18:48:46.648" intervalms="3.998">
  <response-info timems="0.028" idlems="0.028" threads="0" lastid="0000000000A7D800" lastname="PmdThread 2" />
</exclusive-start>
<af-start id="3334" threadId="0000000000A7E188" totalBytesRequested="40" timestamp="2019-06-16T18:48:46.648" intervalms="4.004" type="nursery" />
<cycle-start id="3335" type="scavenge" contextid="0" timestamp="2019-06-16T18:48:46.649" intervalms="4.011" />
<gc-start id="3336" type="scavenge" contextid="3335" timestamp="2019-06-16T18:48:46.649">
  <mem-info id="3337" free="2048338616" total="2092630016" percent="97">
    <mem type="nursery" free="0" total="3932160" percent="0">
      <mem type="allocate" free="0" total="2686976" percent="0" />
      <mem type="survivor" free="0" total="1245184" percent="0" />
    </mem>
    <mem type="tenure" free="2048338616" total="2088697856" percent="98">
      <mem type="soa" free="1943903928" total="1984263168" percent="97" />
      <mem type="loa" free="104434688" total="104434688" percent="100" />
    </mem>
    <remembered-set count="773" />
  </mem-info>
</gc-start>
<allocation-stats totalBytes="1805760" >
  <allocated-bytes non-tlh="56" tlh="1805704" />
  <largest-consumer threadName="PmdThread 4" threadId="0000000000A85000" bytes="809992" />
</allocation-stats>
<gc-op id="3338" type="scavenge" timems="2.629" contextid="3335" timestamp="2019-06-16T18:48:46.651">
  <scavenger-info tenureage="2" tenuremask="7ffc" tiltratio="68" />
  <memory-copied type="nursery" objects="8051" bytes="443224" bytesdiscarded="111728" />
  <memory-copied type="tenure" objects="3413" bytes="204112" bytesdiscarded="32" />
  <references type="weak" candidates="78" cleared="76" enqueued="76" />
  <references type="phantom" candidates="4" cleared="3" enqueued="3" />
</gc-op>
<gc-end id="3339" type="scavenge" contextid="3335" durationms="2.872" usertimems="4.000" systemtimems="0.000" timestamp="2019-06-16T18:48:46.651" activeThreads="4">
  <mem-info id="3340" free="2050330728" total="2092630016" percent="97">
    <mem type="nursery" free="2195648" total="3932160" percent="55">
      <mem type="allocate" free="2195648" total="2752512" percent="79" />
      <mem type="survivor" free="0" total="1179648" percent="0" />
    </mem>
    <mem type="tenure" free="2048135080" total="2088697856" percent="98">
      <mem type="soa" free="1943700392" total="1984263168" percent="97" />
      <mem type="loa" free="104434688" total="104434688" percent="100" />
    </mem>
    <pending-finalizers system="0" default="0" reference="79" classloader="0" />
    <remembered-set count="134" />
  </mem-info>
</gc-end>
<cycle-end id="3341" type="scavenge" contextid="3335" timestamp="2019-06-16T18:48:46.652" />
  <attribute name="elasticGC enabled" value="1" />
  <attribute name= "numThreadsSpecified" value="4" />
  <attribute name="heapSize specified" value="9830400" />
  <attribute name="Current GC Util" value="50" />
  <attribute name= "Current Time Running" value="4520" />
  <attribute name ="GC Interval" value="200" />
  <attribute name="ProportionalT" value="30.000000" />
  <attribute name="ProportionalI" value="30.000000" />
  <attribute name="ProportionalH" value="30.000000" />
  <attribute name="Current Error" value="30.000000" />
  <attribute name="IntegralT" value="120.000000" />
  <attribute name="IntegralI" value="120.000000" />
  <attribute name="IntegralH" value="120.000000" />
  <attribute name="DerivativeT" value="-2.125000" />
  <attribute name="DerivativeI" value="-2.125000" />
  <attribute name="DerivativeH" value="-2.125000" />
  <attribute name="Loop Time for DT" value="4.000000" />
  <attribute name="Output H" value="8388608"/>
  <attribute name="Output I" value="200"/>
  <attribute name="Output T" value="4"/>
  <attribute name="Target GC Util Change" value ="20.000000" />
  <attribute name="Current GC Util Change" value="50.000000"/>
  <attribute name="GC Util currently" value="50" />
  <attribute name="CPU Util currently" value="1148861424174" />
<allocation-satisfied id="3342" threadId="0000000000A7D800" bytesRequested="40" />
<af-end id="3343" timestamp="2019-06-16T18:48:46.652" threadId="0000000000A7E188" success="true" from="nursery"/>
<exclusive-end id="3344" timestamp="2019-06-16T18:48:46.652" durationms="3.580" />

<exclusive-start id="3345" timestamp="2019-06-16T18:48:46.656" intervalms="7.772">
  <response-info timems="0.053" idlems="0.053" threads="0" lastid="0000000000A7D800" lastname="PmdThread 2" />
</exclusive-start>
<af-start id="3346" threadId="0000000000A7E188" totalBytesRequested="16" timestamp="2019-06-16T18:48:46.656" intervalms="7.767" type="nursery" />
<cycle-start id="3347" type="scavenge" contextid="0" timestamp="2019-06-16T18:48:46.656" intervalms="7.766" />
<gc-start id="3348" type="scavenge" contextid="3347" timestamp="2019-06-16T18:48:46.656">
  <mem-info id="3349" free="2048135080" total="2092630016" percent="97">
    <mem type="nursery" free="0" total="3932160" percent="0">
      <mem type="allocate" free="0" total="2752512" percent="0" />
      <mem type="survivor" free="0" total="1179648" percent="0" />
    </mem>
    <mem type="tenure" free="2048135080" total="2088697856" percent="98">
      <mem type="soa" free="1943700392" total="1984263168" percent="97" />
      <mem type="loa" free="104434688" total="104434688" percent="100" />
    </mem>
    <remembered-set count="361" />
  </mem-info>
</gc-start>
<allocation-stats totalBytes="2189704" >
  <allocated-bytes non-tlh="40" tlh="2189664" />
  <largest-consumer threadName="PmdThread 1" threadId="0000000000A79C00" bytes="1061552" />
</allocation-stats>
<gc-op id="3350" type="scavenge" timems="3.220" contextid="3347" timestamp="2019-06-16T18:48:46.660">
  <scavenger-info tenureage="2" tenuremask="7ffc" tiltratio="70" />
  <memory-copied type="nursery" objects="2939" bytes="351992" bytesdiscarded="163352" />
  <memory-copied type="tenure" objects="7678" bytes="421840" bytesdiscarded="400" />
  <references type="weak" candidates="223" cleared="222" enqueued="222" />
  <references type="phantom" candidates="5" cleared="3" enqueued="3" />
</gc-op>
<gc-end id="3351" type="scavenge" contextid="3347" durationms="3.486" usertimems="4.000" systemtimems="0.000" timestamp="2019-06-16T18:48:46.660" activeThreads="4">
  <mem-info id="3352" free="2049991720" total="2092630016" percent="97">
    <mem type="nursery" free="2367952" total="3932160" percent="60">
      <mem type="allocate" free="2367952" total="2883584" percent="82" />
      <mem type="survivor" free="0" total="1048576" percent="0" />
    </mem>
    <mem type="tenure" free="2047623768" total="2088697856" percent="98">
      <mem type="soa" free="1943189080" total="1984263168" percent="97" />
      <mem type="loa" free="104434688" total="104434688" percent="100" />
    </mem>
    <pending-finalizers system="0" default="0" reference="225" classloader="0" />
    <remembered-set count="137" />
  </mem-info>
</gc-end>
<cycle-end id="3353" type="scavenge" contextid="3347" timestamp="2019-06-16T18:48:46.660" />
  <attribute name="elasticGC enabled" value="1" />
  <attribute name= "numThreadsSpecified" value="4" />
  <attribute name="heapSize specified" value="9830400" />
  <attribute name="Current GC Util" value="54" />
  <attribute name= "Current Time Running" value="4528" />
  <attribute name ="GC Interval" value="312" />
  <attribute name="ProportionalT" value="34.000000" />
  <attribute name="ProportionalI" value="34.000000" />
  <attribute name="ProportionalH" value="34.000000" />
  <attribute name="Current Error" value="34.000000" />
  <attribute name="IntegralT" value="272.000000" />
  <attribute name="IntegralI" value="272.000000" />
  <attribute name="IntegralH" value="272.000000" />
  <attribute name="DerivativeT" value="0.250000" />
  <attribute name="DerivativeI" value="0.250000" />
  <attribute name="DerivativeH" value="0.250000" />
  <attribute name="Loop Time for DT" value="8.000000" />
  <attribute name="Output H" value="8388608"/>
  <attribute name="Output I" value="312"/>
  <attribute name="Output T" value="4"/>
  <attribute name="Target GC Util Change" value ="20.000000" />
  <attribute name="Current GC Util Change" value="54.000000"/>
  <attribute name="GC Util currently" value="54" />
  <attribute name="CPU Util currently" value="594029698378" />
<allocation-satisfied id="3354" threadId="0000000000A7D800" bytesRequested="16" />
<af-end id="3355" timestamp="2019-06-16T18:48:46.660" threadId="0000000000A7E188" success="true" from="nursery"/>
<exclusive-end id="3356" timestamp="2019-06-16T18:48:46.660" durationms="4.129" />

<exclusive-start id="3357" timestamp="2019-06-16T18:48:46.664" intervalms="7.994">
  <response-info timems="0.096" idlems="0.096" threads="0" lastid="0000000000A7D800" lastname="PmdThread 2" />
</exclusive-start>
<af-start id="3358" threadId="0000000000A7E188" totalBytesRequested="16" timestamp="2019-06-16T18:48:46.664" intervalms="8.033" type="nursery" />
<cycle-start id="3359" type="scavenge" contextid="0" timestamp="2019-06-16T18:48:46.664" intervalms="8.056" />
<gc-start id="3360" type="scavenge" contextid="3359" timestamp="2019-06-16T18:48:46.664">
  <mem-info id="3361" free="2047623416" total="2092630016" percent="97">
    <mem type="nursery" free="0" total="3932160" percent="0">
      <mem type="allocate" free="0" total="2883584" percent="0" />
      <mem type="survivor" free="0" total="1048576" percent="0" />
    </mem>
    <mem type="tenure" free="2047623416" total="2088697856" percent="98">
      <mem type="soa" free="1943188728" total="1984263168" percent="97" />
      <mem type="loa" free="104434688" total="104434688" percent="100" />
    </mem>
    <remembered-set count="397" />
  </mem-info>
</gc-start>
<allocation-stats totalBytes="2366080" >
  <allocated-bytes non-tlh="368" tlh="2365712" />
  <largest-consumer threadName="PmdThread 1" threadId="0000000000A79C00" bytes="875056" />
</allocation-stats>
<gc-op id="3362" type="scavenge" timems="2.701" contextid="3359" timestamp="2019-06-16T18:48:46.667">
  <scavenger-info tenureage="2" tenuremask="7ffc" tiltratio="73" />
  <memory-copied type="nursery" objects="8621" bytes="614856" bytesdiscarded="72520" />
  <memory-copied type="tenure" objects="107" bytes="3184" bytesdiscarded="0" />
  <references type="weak" candidates="114" cleared="114" enqueued="114" />
  <references type="phantom" candidates="4" cleared="3" enqueued="3" />
</gc-op>
<gc-end id="3363" type="scavenge" contextid="3359" durationms="2.982" usertimems="0.000" systemtimems="4.000" timestamp="2019-06-16T18:48:46.667" activeThreads="4">
  <mem-info id="3364" free="2049818808" total="2092630016" percent="97">
    <mem type="nursery" free="2195392" total="3932160" percent="55">
      <mem type="allocate" free="2195392" total="2883584" percent="76" />
      <mem type="survivor" free="0" total="1048576" percent="0" />
    </mem>
    <mem type="tenure" free="2047623416" total="2088697856" percent="98">
      <mem type="soa" free="1943188728" total="1984263168" percent="97" />
      <mem type="loa" free="104434688" total="104434688" percent="100" />
    </mem>
    <pending-finalizers system="0" default="0" reference="117" classloader="0" />
    <remembered-set count="155" />
  </mem-info>
</gc-end>
<cycle-end id="3365" type="scavenge" contextid="3359" timestamp="2019-06-16T18:48:46.668" />
  <attribute name="elasticGC enabled" value="1" />
  <attribute name= "numThreadsSpecified" value="4" />
  <attribute name="heapSize specified" value="9830400" />
  <attribute name="Current GC Util" value="56" />
  <attribute name= "Current Time Running" value="4536" />
  <attribute name ="GC Interval" value="328" />
  <attribute name="ProportionalT" value="36.000000" />
  <attribute name="ProportionalI" value="36.000000" />
  <attribute name="ProportionalH" value="36.000000" />
  <attribute name="Current Error" value="36.000000" />
  <attribute name="IntegralT" value="288.000000" />
  <attribute name="IntegralI" value="288.000000" />
  <attribute name="IntegralH" value="288.000000" />
  <attribute name="DerivativeT" value="0.125000" />
  <attribute name="DerivativeI" value="0.125000" />
  <attribute name="DerivativeH" value="0.125000" />
  <attribute name="Loop Time for DT" value="8.000000" />
  <attribute name="Output H" value="8388608"/>
  <attribute name="Output I" value="328"/>
  <attribute name="Output T" value="4"/>
  <attribute name="Target GC Util Change" value ="20.000000" />
  <attribute name="Current GC Util Change" value="56.000000"/>
  <attribute name="GC Util currently" value="56" />
  <attribute name="CPU Util currently" value="568251854931" />
<allocation-satisfied id="3366" threadId="0000000000A7D800" bytesRequested="16" />
<af-end id="3367" timestamp="2019-06-16T18:48:46.668" threadId="0000000000A7E188" success="true" from="nursery"/>
<exclusive-end id="3368" timestamp="2019-06-16T18:48:46.668" durationms="3.812" />

<exclusive-start id="3369" timestamp="2019-06-16T18:48:46.670" intervalms="6.315">
  <response-info timems="0.065" idlems="0.065" threads="0" lastid="0000000000A79C00" lastname="PmdThread 1" />
</exclusive-start>
<af-start id="3370" threadId="0000000000A7A588" totalBytesRequested="832" timestamp="2019-06-16T18:48:46.671" intervalms="6.281" type="nursery" />
<cycle-start id="3371" type="scavenge" contextid="0" timestamp="2019-06-16T18:48:46.671" intervalms="6.305" />
<gc-start id="3372" type="scavenge" contextid="3371" timestamp="2019-06-16T18:48:46.671">
  <mem-info id="3373" free="2047623416" total="2092630016" percent="97">
    <mem type="nursery" free="0" total="3932160" percent="0">
      <mem type="allocate" free="0" total="2883584" percent="0" />
      <mem type="survivor" free="0" total="1048576" percent="0" />
    </mem>
    <mem type="tenure" free="2047623416" total="2088697856" percent="98">
      <mem type="soa" free="1943188728" total="1984263168" percent="97" />
      <mem type="loa" free="104434688" total="104434688" percent="100" />
    </mem>
    <remembered-set count="351" />
  </mem-info>
</gc-start>
<allocation-stats totalBytes="2189440" >
  <allocated-bytes non-tlh="16" tlh="2189424" />
  <largest-consumer threadName="PmdThread 1" threadId="0000000000A79C00" bytes="926672" />
</allocation-stats>
<gc-op id="3374" type="scavenge" timems="0.626" contextid="3371" timestamp="2019-06-16T18:48:46.672">
  <scavenger-info tenureage="2" tenuremask="7ffc" tiltratio="73" />
  <memory-copied type="nursery" objects="8661" bytes="507040" bytesdiscarded="127272" />
  <memory-copied type="tenure" objects="1742" bytes="180216" bytesdiscarded="0" />
  <references type="weak" candidates="199" cleared="198" enqueued="197" />
  <references type="phantom" candidates="4" cleared="3" enqueued="3" />
</gc-op>
<gc-end id="3375" type="scavenge" contextid="3371" durationms="1.020" usertimems="4.000" systemtimems="0.000" timestamp="2019-06-16T18:48:46.672" activeThreads="4">
  <mem-info id="3376" free="2049765848" total="2092630016" percent="97">
    <mem type="nursery" free="2314752" total="3932160" percent="58">
      <mem type="allocate" free="2314752" total="2949120" percent="78" />
      <mem type="survivor" free="0" total="983040" percent="0" />
    </mem>
    <mem type="tenure" free="2047451096" total="2088697856" percent="98">
      <mem type="soa" free="1943016408" total="1984263168" percent="97" />
      <mem type="loa" free="104434688" total="104434688" percent="100" />
    </mem>
    <pending-finalizers system="0" default="0" reference="200" classloader="0" />
    <remembered-set count="132" />
  </mem-info>
</gc-end>
<cycle-end id="3377" type="scavenge" contextid="3371" timestamp="2019-06-16T18:48:46.672" />
  <attribute name="elasticGC enabled" value="1" />
  <attribute name= "numThreadsSpecified" value="4" />
  <attribute name="heapSize specified" value="9830400" />
  <attribute name="Current GC Util" value="64" />
  <attribute name= "Current Time Running" value="4542" />
  <attribute name ="GC Interval" value="312" />
  <attribute name="ProportionalT" value="44.000000" />
  <attribute name="ProportionalI" value="44.000000" />
  <attribute name="ProportionalH" value="44.000000" />
  <attribute name="Current Error" value="44.000000" />
  <attribute name="IntegralT" value="264.000000" />
  <attribute name="IntegralI" value="264.000000" />
  <attribute name="IntegralH" value="264.000000" />
  <attribute name="DerivativeT" value="0.666667" />
  <attribute name="DerivativeI" value="0.666667" />
  <attribute name="DerivativeH" value="0.666667" />
  <attribute name="Loop Time for DT" value="6.000000" />
  <attribute name="Output H" value="8388608"/>
  <attribute name="Output I" value="312"/>
  <attribute name="Output T" value="4"/>
  <attribute name="Target GC Util Change" value ="20.000000" />
  <attribute name="Current GC Util Change" value="64.000000"/>
  <attribute name="GC Util currently" value="64" />
  <attribute name="CPU Util currently" value="732146948257" />
<allocation-satisfied id="3378" threadId="0000000000A79C00" bytesRequested="832" />
<af-end id="3379" timestamp="2019-06-16T18:48:46.672" threadId="0000000000A7A588" success="true" from="nursery"/>
<exclusive-end id="3380" timestamp="2019-06-16T18:48:46.672" durationms="1.708" />

<exclusive-start id="3381" timestamp="2019-06-16T18:48:46.676" intervalms="5.086">
  <response-info timems="0.032" idlems="0.032" threads="0" lastid="0000000000A79C00" lastname="PmdThread 1" />
</exclusive-start>
<af-start id="3382" threadId="0000000000A7A588" totalBytesRequested="832" timestamp="2019-06-16T18:48:46.676" intervalms="5.062" type="nursery" />
<cycle-start id="3383" type="scavenge" contextid="0" timestamp="2019-06-16T18:48:46.676" intervalms="5.008" />
<gc-start id="3384" type="scavenge" contextid="3383" timestamp="2019-06-16T18:48:46.676">
  <mem-info id="3385" free="2047451096" total="2092630016" percent="97">
    <mem type="nursery" free="0" total="3932160" percent="0">
      <mem type="allocate" free="0" total="2949120" percent="0" />
      <mem type="survivor" free="0" total="983040" percent="0" />
    </mem>
    <mem type="tenure" free="2047451096" total="2088697856" percent="98">
      <mem type="soa" free="1943016408" total="1984263168" percent="97" />
      <mem type="loa" free="104434688" total="104434688" percent="100" />
    </mem>
    <remembered-set count="395" />
  </mem-info>
</gc-start>
<allocation-stats totalBytes="2310216" >
  <allocated-bytes non-tlh="832" tlh="2309384" />
  <largest-consumer threadName="PmdThread 1" threadId="0000000000A79C00" bytes="1495592" />
</allocation-stats>
<gc-op id="3386" type="scavenge" timems="0.604" contextid="3383" timestamp="2019-06-16T18:48:46.676">
  <scavenger-info tenureage="2" tenuremask="7ffc" tiltratio="75" />
  <memory-copied type="nursery" objects="7271" bytes="448784" bytesdiscarded="134352" />
  <memory-copied type="tenure" objects="3038" bytes="229720" bytesdiscarded="64" />
  <references type="weak" candidates="170" cleared="169" enqueued="169" />
  <references type="phantom" candidates="2" cleared="0" enqueued="0" />
</gc-op>
<gc-end id="3387" type="scavenge" contextid="3383" durationms="0.962" usertimems="4.000" systemtimems="0.000" timestamp="2019-06-16T18:48:46.677" activeThreads="4">
  <mem-info id="3388" free="2049642176" total="2092630016" percent="97">
    <mem type="nursery" free="2431464" total="3932160" percent="61">
      <mem type="allocate" free="2431464" total="3014656" percent="80" />
      <mem type="survivor" free="0" total="917504" percent="0" />
    </mem>
    <mem type="tenure" free="2047210712" total="2088697856" percent="98">
      <mem type="soa" free="1942776024" total="1984263168" percent="97" />
      <mem type="loa" free="104434688" total="104434688" percent="100" />
    </mem>
    <pending-finalizers system="0" default="0" reference="169" classloader="0" />
    <remembered-set count="251" />
  </mem-info>
</gc-end>
<cycle-end id="3389" type="scavenge" contextid="3383" timestamp="2019-06-16T18:48:46.677" />
  <attribute name="elasticGC enabled" value="1" />
  <attribute name= "numThreadsSpecified" value="4" />
  <attribute name="heapSize specified" value="9830400" />
  <attribute name="Current GC Util" value="33" />
  <attribute name= "Current Time Running" value="4547" />
  <attribute name ="GC Interval" value="200" />
  <attribute name="ProportionalT" value="13.000000" />
  <attribute name="ProportionalI" value="13.000000" />
  <attribute name="ProportionalH" value="13.000000" />
  <attribute name="Current Error" value="13.000000" />
  <attribute name="IntegralT" value="65.000000" />
  <attribute name="IntegralI" value="65.000000" />
  <attribute name="IntegralH" value="65.000000" />
  <attribute name="DerivativeT" value="-3.100000" />
  <attribute name="DerivativeI" value="-3.100000" />
  <attribute name="DerivativeH" value="-3.100000" />
  <attribute name="Loop Time for DT" value="5.000000" />
  <attribute name="Output H" value="8388608"/>
  <attribute name="Output I" value="200"/>
  <attribute name="Output T" value="4"/>
  <attribute name="Target GC Util Change" value ="20.000000" />
  <attribute name="Current GC Util Change" value="33.000000"/>
  <attribute name="GC Util currently" value="33" />
  <attribute name="CPU Util currently" value="934012733003" />
<allocation-satisfied id="3390" threadId="0000000000A79C00" bytesRequested="832" />
<af-end id="3391" timestamp="2019-06-16T18:48:46.677" threadId="0000000000A7A588" success="true" from="nursery"/>
<exclusive-end id="3392" timestamp="2019-06-16T18:48:46.677" durationms="1.394" />

<exclusive-start id="3393" timestamp="2019-06-16T18:48:46.680" intervalms="4.719">
  <response-info timems="0.035" idlems="0.035" threads="0" lastid="0000000000A85000" lastname="PmdThread 4" />
</exclusive-start>
<af-start id="3394" threadId="0000000000A85988" totalBytesRequested="760" timestamp="2019-06-16T18:48:46.680" intervalms="4.724" type="nursery" />
<cycle-start id="3395" type="scavenge" contextid="0" timestamp="2019-06-16T18:48:46.680" intervalms="4.720" />
<gc-start id="3396" type="scavenge" contextid="3395" timestamp="2019-06-16T18:48:46.680">
  <mem-info id="3397" free="2047210640" total="2092630016" percent="97">
    <mem type="nursery" free="0" total="3932160" percent="0">
      <mem type="allocate" free="0" total="3014656" percent="0" />
      <mem type="survivor" free="0" total="917504" percent="0" />
    </mem>
    <mem type="tenure" free="2047210640" total="2088697856" percent="98">
      <mem type="soa" free="1942775952" total="1984263168" percent="97" />
      <mem type="loa" free="104434688" total="104434688" percent="100" />
    </mem>
    <remembered-set count="562" />
  </mem-info>
</gc-start>
<allocation-stats totalBytes="2427040" >
  <allocated-bytes non-tlh="904" tlh="2426136" />
  <largest-consumer threadName="PmdThread 1" threadId="0000000000A79C00" bytes="1360240" />
</allocation-stats>
<gc-op id="3398" type="scavenge" timems="1.229" contextid="3395" timestamp="2019-06-16T18:48:46.682">
  <scavenger-info tenureage="2" tenuremask="7ffc" tiltratio="76" />
  <memory-copied type="nursery" objects="3610" bytes="252968" bytesdiscarded="41840" />
  <memory-copied type="tenure" objects="4953" bytes="238528" bytesdiscarded="168" />
  <references type="weak" candidates="219" cleared="219" enqueued="219" />
  <references type="phantom" candidates="7" cleared="7" enqueued="7" />
</gc-op>
<gc-end id="3399" type="scavenge" contextid="3395" durationms="1.404" usertimems="4.000" systemtimems="0.000" timestamp="2019-06-16T18:48:46.682" activeThreads="4">
  <mem-info id="3400" free="2049887072" total="2092630016" percent="97">
    <mem type="nursery" free="2849784" total="3932160" percent="72">
      <mem type="allocate" free="2849784" total="3145728" percent="90" />
      <mem type="survivor" free="0" total="786432" percent="0" />
    </mem>
    <mem type="tenure" free="2047037288" total="2088697856" percent="98">
      <mem type="soa" free="1942602600" total="1984263168" percent="97" />
      <mem type="loa" free="104434688" total="104434688" percent="100" />
    </mem>
    <pending-finalizers system="0" default="0" reference="226" classloader="0" />
    <remembered-set count="203" />
  </mem-info>
</gc-end>
<cycle-end id="3401" type="scavenge" contextid="3395" timestamp="2019-06-16T18:48:46.682" />
  <attribute name="elasticGC enabled" value="1" />
  <attribute name= "numThreadsSpecified" value="4" />
  <attribute name="heapSize specified" value="9830400" />
  <attribute name="Current GC Util" value="34" />
  <attribute name= "Current Time Running" value="4552" />
  <attribute name ="GC Interval" value="200" />
  <attribute name="ProportionalT" value="14.000000" />
  <attribute name="ProportionalI" value="14.000000" />
  <attribute name="ProportionalH" value="14.000000" />
  <attribute name="Current Error" value="14.000000" />
  <attribute name="IntegralT" value="70.000000" />
  <attribute name="IntegralI" value="70.000000" />
  <attribute name="IntegralH" value="70.000000" />
  <attribute name="DerivativeT" value="0.100000" />
  <attribute name="DerivativeI" value="0.100000" />
  <attribute name="DerivativeH" value="0.100000" />
  <attribute name="Loop Time for DT" value="5.000000" />
  <attribute name="Output H" value="8388608"/>
  <attribute name="Output I" value="200"/>
  <attribute name="Output T" value="4"/>
  <attribute name="Target GC Util Change" value ="20.000000" />
  <attribute name="Current GC Util Change" value="34.000000"/>
  <attribute name="GC Util currently" value="34" />
  <attribute name="CPU Util currently" value="980541767425" />
<allocation-satisfied id="3402" threadId="0000000000A85000" bytesRequested="760" />
<af-end id="3403" timestamp="2019-06-16T18:48:46.682" threadId="0000000000A85988" success="true" from="nursery"/>
<exclusive-end id="3404" timestamp="2019-06-16T18:48:46.682" durationms="1.868" />

<exclusive-start id="3405" timestamp="2019-06-16T18:48:46.685" intervalms="5.213">
  <response-info timems="0.032" idlems="0.032" threads="0" lastid="0000000000A7D800" lastname="PmdThread 2" />
</exclusive-start>
<af-start id="3406" threadId="0000000000A7E188" totalBytesRequested="72" timestamp="2019-06-16T18:48:46.686" intervalms="5.232" type="nursery" />
<cycle-start id="3407" type="scavenge" contextid="0" timestamp="2019-06-16T18:48:46.686" intervalms="5.243" />
<gc-start id="3408" type="scavenge" contextid="3407" timestamp="2019-06-16T18:48:46.686">
  <mem-info id="3409" free="2047037288" total="2092630016" percent="97">
    <mem type="nursery" free="0" total="3932160" percent="0">
      <mem type="allocate" free="0" total="3145728" percent="0" />
      <mem type="survivor" free="0" total="786432" percent="0" />
    </mem>
    <mem type="tenure" free="2047037288" total="2088697856" percent="98">
      <mem type="soa" free="1942602600" total="1984263168" percent="97" />
      <mem type="loa" free="104434688" total="104434688" percent="100" />
    </mem>
    <remembered-set count="582" />
  </mem-info>
</gc-start>
<allocation-stats totalBytes="2846880" >
  <allocated-bytes non-tlh="17152" tlh="2829728" />
  <largest-consumer threadName="PmdThread 1" threadId="0000000000A79C00" bytes="1270168" />
</allocation-stats>
<gc-op id="3410" type="scavenge" timems="2.984" contextid="3407" timestamp="2019-06-16T18:48:46.689">
  <scavenger-info tenureage="3" tenuremask="7ff8" tiltratio="80" />
  <memory-copied type="nursery" objects="5308" bytes="374664" bytesdiscarded="97648" />
  <references type="weak" candidates="259" cleared="259" enqueued="259" />
  <references type="phantom" candidates="1" cleared="1" enqueued="1" />
</gc-op>
<gc-end id="3411" type="scavenge" contextid="3407" durationms="3.241" usertimems="4.000" systemtimems="0.000" timestamp="2019-06-16T18:48:46.689" activeThreads="4">
  <mem-info id="3412" free="2049709600" total="2092630016" percent="97">
    <mem type="nursery" free="2672312" total="3932160" percent="67">
      <mem type="allocate" free="2672312" total="3145728" percent="84" />
      <mem type="survivor" free="0" total="786432" percent="0" />
    </mem>
    <mem type="tenure" free="2047037288" total="2088697856" percent="98">
      <mem type="soa" free="1942602600" total="1984263168" percent="97" />
      <mem type="loa" free="104434688" total="104434688" percent="100" />
    </mem>
    <pending-finalizers system="0" default="0" reference="260" classloader="0" />
    <remembered-set count="206" />
  </mem-info>
</gc-end>
<cycle-end id="3413" type="scavenge" contextid="3407" timestamp="2019-06-16T18:48:46.689" />
  <attribute name="elasticGC enabled" value="1" />
  <attribute name= "numThreadsSpecified" value="4" />
  <attribute name="heapSize specified" value="9830400" />
  <attribute name="Current GC Util" value="48" />
  <attribute name= "Current Time Running" value="4557" />
  <attribute name ="GC Interval" value="200" />
  <attribute name="ProportionalT" value="28.000000" />
  <attribute name="ProportionalI" value="28.000000" />
  <attribute name="ProportionalH" value="28.000000" />
  <attribute name="Current Error" value="28.000000" />
  <attribute name="IntegralT" value="140.000000" />
  <attribute name="IntegralI" value="140.000000" />
  <attribute name="IntegralH" value="140.000000" />
  <attribute name="DerivativeT" value="1.400000" />
  <attribute name="DerivativeI" value="1.400000" />
  <attribute name="DerivativeH" value="1.400000" />
  <attribute name="Loop Time for DT" value="5.000000" />
  <attribute name="Output H" value="8388608"/>
  <attribute name="Output I" value="200"/>
  <attribute name="Output T" value="4"/>
  <attribute name="Target GC Util Change" value ="20.000000" />
  <attribute name="Current GC Util Change" value="48.000000"/>
  <attribute name="GC Util currently" value="48" />
  <attribute name="CPU Util currently" value="874503270617" />
<allocation-satisfied id="3414" threadId="0000000000A7D800" bytesRequested="72" />
<af-end id="3415" timestamp="2019-06-16T18:48:46.689" threadId="0000000000A7E188" success="true" from="nursery"/>
<exclusive-end id="3416" timestamp="2019-06-16T18:48:46.689" durationms="3.771" />

<exclusive-start id="3417" timestamp="2019-06-16T18:48:46.697" intervalms="11.430">
  <response-info timems="0.051" idlems="0.051" threads="0" lastid="0000000000A85000" lastname="PmdThread 4" />
</exclusive-start>
<af-start id="3418" threadId="0000000000A85988" totalBytesRequested="392" timestamp="2019-06-16T18:48:46.697" intervalms="11.409" type="nursery" />
<cycle-start id="3419" type="scavenge" contextid="0" timestamp="2019-06-16T18:48:46.697" intervalms="11.440" />
<gc-start id="3420" type="scavenge" contextid="3419" timestamp="2019-06-16T18:48:46.697">
  <mem-info id="3421" free="2047034928" total="2092630016" percent="97">
    <mem type="nursery" free="0" total="3932160" percent="0">
      <mem type="allocate" free="0" total="3145728" percent="0" />
      <mem type="survivor" free="0" total="786432" percent="0" />
    </mem>
    <mem type="tenure" free="2047034928" total="2088697856" percent="98">
      <mem type="soa" free="1942600240" total="1984263168" percent="97" />
      <mem type="loa" free="104434688" total="104434688" percent="100" />
    </mem>
    <remembered-set count="550" />
  </mem-info>
</gc-start>
<allocation-stats totalBytes="2671032" >
  <allocated-bytes non-tlh="58200" tlh="2612832" />
  <largest-consumer threadName="PmdThread 1" threadId="0000000000A79C00" bytes="1228336" />
</allocation-stats>
<gc-op id="3422" type="scavenge" timems="1.174" contextid="3419" timestamp="2019-06-16T18:48:46.698">
  <scavenger-info tenureage="3" tenuremask="7ff8" tiltratio="80" />
  <memory-copied type="nursery" objects="7549" bytes="613760" bytesdiscarded="59424" />
  <memory-copied type="tenure" objects="510" bytes="78360" bytesdiscarded="40" />
  <references type="weak" candidates="147" cleared="146" enqueued="146" />
  <references type="phantom" candidates="7" cleared="6" enqueued="6" />
</gc-op>
<gc-end id="3423" type="scavenge" contextid="3419" durationms="1.416" usertimems="4.000" systemtimems="0.000" timestamp="2019-06-16T18:48:46.699" activeThreads="4">
  <mem-info id="3424" free="2049187256" total="2092630016" percent="97">
    <mem type="nursery" free="2341040" total="3932160" percent="59">
      <mem type="allocate" free="2341040" total="3014656" percent="77" />
      <mem type="survivor" free="0" total="917504" percent="0" />
    </mem>
    <mem type="tenure" free="2046846216" total="2088697856" percent="97">
      <mem type="soa" free="1942411528" total="1984263168" percent="97" />
      <mem type="loa" free="104434688" total="104434688" percent="100" />
    </mem>
    <pending-finalizers system="0" default="0" reference="152" classloader="0" />
    <remembered-set count="288" />
  </mem-info>
</gc-end>
<cycle-end id="3425" type="scavenge" contextid="3419" timestamp="2019-06-16T18:48:46.699" />
  <attribute name="elasticGC enabled" value="1" />
  <attribute name= "numThreadsSpecified" value="4" />
  <attribute name="heapSize specified" value="9830400" />
  <attribute name="Current GC Util" value="38" />
  <attribute name= "Current Time Running" value="4569" />
  <attribute name ="GC Interval" value="240" />
  <attribute name="ProportionalT" value="18.000000" />
  <attribute name="ProportionalI" value="18.000000" />
  <attribute name="ProportionalH" value="18.000000" />
  <attribute name="Current Error" value="18.000000" />
  <attribute name="IntegralT" value="216.000000" />
  <attribute name="IntegralI" value="216.000000" />
  <attribute name="IntegralH" value="216.000000" />
  <attribute name="DerivativeT" value="-0.416667" />
  <attribute name="DerivativeI" value="-0.416667" />
  <attribute name="DerivativeH" value="-0.416667" />
  <attribute name="Loop Time for DT" value="12.000000" />
  <attribute name="Output H" value="8388608"/>
  <attribute name="Output I" value="240"/>
  <attribute name="Output T" value="4"/>
  <attribute name="Target GC Util Change" value ="20.000000" />
  <attribute name="Current GC Util Change" value="38.000000"/>
  <attribute name="GC Util currently" value="38" />
  <attribute name="CPU Util currently" value="402404715250" />
<allocation-satisfied id="3426" threadId="0000000000A85000" bytesRequested="392" />
<af-end id="3427" timestamp="2019-06-16T18:48:46.699" threadId="0000000000A85988" success="true" from="nursery"/>
<exclusive-end id="3428" timestamp="2019-06-16T18:48:46.699" durationms="1.831" />

<exclusive-start id="3429" timestamp="2019-06-16T18:48:46.703" intervalms="5.959">
  <response-info timems="0.032" idlems="0.032" threads="0" lastid="0000000000A79C00" lastname="PmdThread 1" />
</exclusive-start>
<af-start id="3430" threadId="0000000000A7A588" totalBytesRequested="632" timestamp="2019-06-16T18:48:46.703" intervalms="5.978" type="nursery" />
<cycle-start id="3431" type="scavenge" contextid="0" timestamp="2019-06-16T18:48:46.703" intervalms="5.940" />
<gc-start id="3432" type="scavenge" contextid="3431" timestamp="2019-06-16T18:48:46.703">
  <mem-info id="3433" free="2046845392" total="2092630016" percent="97">
    <mem type="nursery" free="0" total="3932160" percent="0">
      <mem type="allocate" free="0" total="3014656" percent="0" />
      <mem type="survivor" free="0" total="917504" percent="0" />
    </mem>
    <mem type="tenure" free="2046845392" total="2088697856" percent="97">
      <mem type="soa" free="1942410704" total="1984263168" percent="97" />
      <mem type="loa" free="104434688" total="104434688" percent="100" />
    </mem>
    <remembered-set count="550" />
  </mem-info>
</gc-start>
<allocation-stats totalBytes="2338016" >
  <allocated-bytes non-tlh="1216" tlh="2336800" />
  <largest-consumer threadName="PmdThread 1" threadId="0000000000A79C00" bytes="1126064" />
</allocation-stats>
<gc-op id="3434" type="scavenge" timems="0.683" contextid="3431" timestamp="2019-06-16T18:48:46.704">
  <scavenger-info tenureage="3" tenuremask="7ff8" tiltratio="76" />
  <memory-copied type="nursery" objects="7914" bytes="689352" bytesdiscarded="227496" />
  <memory-copied type="tenure" objects="1625" bytes="54504" bytesdiscarded="0" />
  <references type="weak" candidates="203" cleared="203" enqueued="203" />
  <references type="phantom" candidates="6" cleared="5" enqueued="5" />
</gc-op>
<gc-end id="3435" type="scavenge" contextid="3431" durationms="1.053" usertimems="0.000" systemtimems="0.000" timestamp="2019-06-16T18:48:46.704" activeThreads="4">
  <mem-info id="3436" free="2049008080" total="2092630016" percent="97">
    <mem type="nursery" free="2162688" total="3932160" percent="55">
      <mem type="allocate" free="2162688" total="3080192" percent="70" />
      <mem type="survivor" free="0" total="851968" percent="0" />
    </mem>
    <mem type="tenure" free="2046845392" total="2088697856" percent="97">
      <mem type="soa" free="1942410704" total="1984263168" percent="97" />
      <mem type="loa" free="104434688" total="104434688" percent="100" />
    </mem>
    <pending-finalizers system="0" default="0" reference="208" classloader="0" />
    <remembered-set count="190" />
  </mem-info>
</gc-end>
<cycle-end id="3437" type="scavenge" contextid="3431" timestamp="2019-06-16T18:48:46.704" />
  <attribute name="elasticGC enabled" value="1" />
  <attribute name= "numThreadsSpecified" value="4" />
  <attribute name="heapSize specified" value="9830400" />
  <attribute name="Current GC Util" value="39" />
  <attribute name= "Current Time Running" value="4575" />
  <attribute name ="GC Interval" value="200" />
  <attribute name="ProportionalT" value="19.000000" />
  <attribute name="ProportionalI" value="19.000000" />
  <attribute name="ProportionalH" value="19.000000" />
  <attribute name="Current Error" value="19.000000" />
  <attribute name="IntegralT" value="114.000000" />
  <attribute name="IntegralI" value="114.000000" />
  <attribute name="IntegralH" value="114.000000" />
  <attribute name="DerivativeT" value="0.083333" />
  <attribute name="DerivativeI" value="0.083333" />
  <attribute name="DerivativeH" value="0.083333" />
  <attribute name="Loop Time for DT" value="6.000000" />
  <attribute name="Output H" value="8388608"/>
  <attribute name="Output I" value="200"/>
  <attribute name="Output T" value="4"/>
  <attribute name="Target GC Util Change" value ="20.000000" />
  <attribute name="Current GC Util Change" value="39.000000"/>
  <attribute name="GC Util currently" value="39" />
  <attribute name="CPU Util currently" value="779882861026" />
<allocation-satisfied id="3438" threadId="0000000000A79C00" bytesRequested="632" />
<af-end id="3439" timestamp="2019-06-16T18:48:46.704" threadId="0000000000A7A588" success="true" from="nursery"/>
<exclusive-end id="3440" timestamp="2019-06-16T18:48:46.704" durationms="1.571" />

<exclusive-start id="3441" timestamp="2019-06-16T18:48:46.709" intervalms="5.771">
  <response-info timems="0.041" idlems="0.023" threads="1" lastid="0000000000A7D800" lastname="PmdThread 2" />
</exclusive-start>
<af-start id="3442" threadId="0000000000A81D88" totalBytesRequested="56" timestamp="2019-06-16T18:48:46.709" intervalms="5.767" type="nursery" />
<cycle-start id="3443" type="scavenge" contextid="0" timestamp="2019-06-16T18:48:46.709" intervalms="5.772" />
<gc-start id="3444" type="scavenge" contextid="3443" timestamp="2019-06-16T18:48:46.709">
  <mem-info id="3445" free="2046844584" total="2092630016" percent="97">
    <mem type="nursery" free="0" total="3932160" percent="0">
      <mem type="allocate" free="0" total="3080192" percent="0" />
      <mem type="survivor" free="0" total="851968" percent="0" />
    </mem>
    <mem type="tenure" free="2046844584" total="2088697856" percent="97">
      <mem type="soa" free="1942409896" total="1984263168" percent="97" />
      <mem type="loa" free="104434688" total="104434688" percent="100" />
    </mem>
    <remembered-set count="451" />
  </mem-info>
</gc-start>
<allocation-stats totalBytes="2159912" >
  <allocated-bytes non-tlh="1440" tlh="2158472" />
  <largest-consumer threadName="PmdThread 1" threadId="0000000000A79C00" bytes="1117440" />
</allocation-stats>
<gc-op id="3446" type="scavenge" timems="3.092" contextid="3443" timestamp="2019-06-16T18:48:46.712">
  <scavenger-info tenureage="3" tenuremask="7ff8" tiltratio="78" />
  <memory-copied type="nursery" objects="6018" bytes="566960" bytesdiscarded="122944" />
  <memory-copied type="tenure" objects="1553" bytes="114768" bytesdiscarded="40" />
  <references type="weak" candidates="213" cleared="213" enqueued="213" />
  <references type="phantom" candidates="5" cleared="4" enqueued="4" />
</gc-op>
<gc-end id="3447" type="scavenge" contextid="3443" durationms="3.348" usertimems="0.000" systemtimems="4.000" timestamp="2019-06-16T18:48:46.712" activeThreads="4">
  <mem-info id="3448" free="2049131248" total="2092630016" percent="97">
    <mem type="nursery" free="2389592" total="3932160" percent="60">
      <mem type="allocate" free="2389592" total="3080192" percent="77" />
      <mem type="survivor" free="0" total="851968" percent="0" />
    </mem>
    <mem type="tenure" free="2046741656" total="2088697856" percent="97">
      <mem type="soa" free="1942306968" total="1984263168" percent="97" />
      <mem type="loa" free="104434688" total="104434688" percent="100" />
    </mem>
    <pending-finalizers system="0" default="0" reference="217" classloader="0" />
    <remembered-set count="189" />
  </mem-info>
</gc-end>
<cycle-end id="3449" type="scavenge" contextid="3443" timestamp="2019-06-16T18:48:46.712" />
  <attribute name="elasticGC enabled" value="1" />
  <attribute name= "numThreadsSpecified" value="4" />
  <attribute name="heapSize specified" value="9830400" />
  <attribute name="Current GC Util" value="26" />
  <attribute name= "Current Time Running" value="4580" />
  <attribute name ="GC Interval" value="200" />
  <attribute name="ProportionalT" value="6.000000" />
  <attribute name="ProportionalI" value="6.000000" />
  <attribute name="ProportionalH" value="6.000000" />
  <attribute name="Current Error" value="6.000000" />
  <attribute name="IntegralT" value="30.000000" />
  <attribute name="IntegralI" value="30.000000" />
  <attribute name="IntegralH" value="30.000000" />
  <attribute name="DerivativeT" value="-1.300000" />
  <attribute name="DerivativeI" value="-1.300000" />
  <attribute name="DerivativeH" value="-1.300000" />
  <attribute name="Loop Time for DT" value="5.000000" />
  <attribute name="Output H" value="8388608"/>
  <attribute name="Output I" value="200"/>
  <attribute name="Output T" value="4"/>
  <attribute name="Target GC Util Change" value ="20.000000" />
  <attribute name="Current GC Util Change" value="26.000000"/>
  <attribute name="GC Util currently" value="26" />
  <attribute name="CPU Util currently" value="796082221820" />
<allocation-satisfied id="3450" threadId="0000000000A81400" bytesRequested="56" />
<af-end id="3451" timestamp="2019-06-16T18:48:46.712" threadId="0000000000A81D88" success="true" from="nursery"/>
<exclusive-end id="3452" timestamp="2019-06-16T18:48:46.712" durationms="3.863" />

<exclusive-start id="3453" timestamp="2019-06-16T18:48:46.718" intervalms="9.726">
  <response-info timems="0.035" idlems="0.035" threads="0" lastid="0000000000A79C00" lastname="PmdThread 1" />
</exclusive-start>
<af-start id="3454" threadId="0000000000A7A588" totalBytesRequested="992" timestamp="2019-06-16T18:48:46.718" intervalms="9.783" type="nursery" />
<cycle-start id="3455" type="scavenge" contextid="0" timestamp="2019-06-16T18:48:46.719" intervalms="9.791" />
<gc-start id="3456" type="scavenge" contextid="3455" timestamp="2019-06-16T18:48:46.719">
  <mem-info id="3457" free="2046740816" total="2092630016" percent="97">
    <mem type="nursery" free="0" total="3932160" percent="0">
      <mem type="allocate" free="0" total="3080192" percent="0" />
      <mem type="survivor" free="0" total="851968" percent="0" />
    </mem>
    <mem type="tenure" free="2046740816" total="2088697856" percent="97">
      <mem type="soa" free="1942306128" total="1984263168" percent="97" />
      <mem type="loa" free="104434688" total="104434688" percent="100" />
    </mem>
    <remembered-set count="493" />
  </mem-info>
</gc-start>
<allocation-stats totalBytes="2380736" >
  <allocated-bytes non-tlh="896" tlh="2379840" />
  <largest-consumer threadName="PmdThread 1" threadId="0000000000A79C00" bytes="1355752" />
</allocation-stats>
<gc-op id="3458" type="scavenge" timems="0.498" contextid="3455" timestamp="2019-06-16T18:48:46.719">
  <scavenger-info tenureage="3" tenuremask="7ff8" tiltratio="78" />
  <memory-copied type="nursery" objects="3406" bytes="371080" bytesdiscarded="72672" />
  <memory-copied type="tenure" objects="108" bytes="3336" bytesdiscarded="0" />
  <references type="weak" candidates="174" cleared="174" enqueued="174" />
  <references type="phantom" candidates="5" cleared="4" enqueued="4" />
</gc-op>
<gc-end id="3459" type="scavenge" contextid="3455" durationms="0.860" usertimems="4.000" systemtimems="0.000" timestamp="2019-06-16T18:48:46.720" activeThreads="4">
  <mem-info id="3460" free="2049442296" total="2092630016" percent="97">
    <mem type="nursery" free="2701480" total="3932160" percent="68">
      <mem type="allocate" free="2701480" total="3145728" percent="85" />
      <mem type="survivor" free="0" total="786432" percent="0" />
    </mem>
    <mem type="tenure" free="2046740816" total="2088697856" percent="97">
      <mem type="soa" free="1942306128" total="1984263168" percent="97" />
      <mem type="loa" free="104434688" total="104434688" percent="100" />
    </mem>
    <pending-finalizers system="0" default="0" reference="178" classloader="0" />
    <remembered-set count="183" />
  </mem-info>
</gc-end>
<cycle-end id="3461" type="scavenge" contextid="3455" timestamp="2019-06-16T18:48:46.720" />
  <attribute name="elasticGC enabled" value="1" />
  <attribute name= "numThreadsSpecified" value="4" />
  <attribute name="heapSize specified" value="9830400" />
  <attribute name="Current GC Util" value="45" />
  <attribute name= "Current Time Running" value="4590" />
  <attribute name ="GC Interval" value="280" />
  <attribute name="ProportionalT" value="25.000000" />
  <attribute name="ProportionalI" value="25.000000" />
  <attribute name="ProportionalH" value="25.000000" />
  <attribute name="Current Error" value="25.000000" />
  <attribute name="IntegralT" value="250.000000" />
  <attribute name="IntegralI" value="250.000000" />
  <attribute name="IntegralH" value="250.000000" />
  <attribute name="DerivativeT" value="0.950000" />
  <attribute name="DerivativeI" value="0.950000" />
  <attribute name="DerivativeH" value="0.950000" />
  <attribute name="Loop Time for DT" value="10.000000" />
  <attribute name="Output H" value="8388608"/>
  <attribute name="Output I" value="280"/>
  <attribute name="Output T" value="4"/>
  <attribute name="Target GC Util Change" value ="20.000000" />
  <attribute name="Current GC Util Change" value="45.000000"/>
  <attribute name="GC Util currently" value="45" />
  <attribute name="CPU Util currently" value="471092781998" />
<allocation-satisfied id="3462" threadId="0000000000A79C00" bytesRequested="992" />
<af-end id="3463" timestamp="2019-06-16T18:48:46.720" threadId="0000000000A7A588" success="true" from="nursery"/>
<exclusive-end id="3464" timestamp="2019-06-16T18:48:46.720" durationms="1.416" />

<exclusive-start id="3465" timestamp="2019-06-16T18:48:46.725" intervalms="7.001">
  <response-info timems="0.221" idlems="0.196" threads="1" lastid="0000000000A79C00" lastname="PmdThread 1" />
</exclusive-start>
<af-start id="3466" threadId="0000000000A81D88" totalBytesRequested="16" timestamp="2019-06-16T18:48:46.725" intervalms="6.935" type="nursery" />
<cycle-start id="3467" type="scavenge" contextid="0" timestamp="2019-06-16T18:48:46.725" intervalms="6.922" />
<gc-start id="3468" type="scavenge" contextid="3467" timestamp="2019-06-16T18:48:46.726">
  <mem-info id="3469" free="2046739824" total="2092630016" percent="97">
    <mem type="nursery" free="0" total="3932160" percent="0">
      <mem type="allocate" free="0" total="3145728" percent="0" />
      <mem type="survivor" free="0" total="786432" percent="0" />
    </mem>
    <mem type="tenure" free="2046739824" total="2088697856" percent="97">
      <mem type="soa" free="1942305136" total="1984263168" percent="97" />
      <mem type="loa" free="104434688" total="104434688" percent="100" />
    </mem>
    <remembered-set count="562" />
  </mem-info>
</gc-start>
<allocation-stats totalBytes="2699912" >
  <allocated-bytes non-tlh="1984" tlh="2697928" />
  <largest-consumer threadName="PmdThread 1" threadId="0000000000A79C00" bytes="1026536" />
</allocation-stats>
<gc-op id="3470" type="scavenge" timems="0.546" contextid="3467" timestamp="2019-06-16T18:48:46.726">
  <scavenger-info tenureage="3" tenuremask="7ff8" tiltratio="80" />
  <memory-copied type="nursery" objects="5174" bytes="442184" bytesdiscarded="241104" />
  <memory-copied type="tenure" objects="73" bytes="2320" bytesdiscarded="0" />
  <references type="weak" candidates="119" cleared="119" enqueued="119" />
  <references type="phantom" candidates="7" cleared="7" enqueued="7" />
</gc-op>
<gc-end id="3471" type="scavenge" contextid="3467" durationms="0.917" usertimems="0.000" systemtimems="0.000" timestamp="2019-06-16T18:48:46.726" activeThreads="4">
  <mem-info id="3472" free="2049201824" total="2092630016" percent="97">
    <mem type="nursery" free="2462000" total="3932160" percent="62">
      <mem type="allocate" free="2462000" total="3145728" percent="78" />
      <mem type="survivor" free="0" total="786432" percent="0" />
    </mem>
    <mem type="tenure" free="2046739824" total="2088697856" percent="97">
      <mem type="soa" free="1942305136" total="1984263168" percent="97" />
      <mem type="loa" free="104434688" total="104434688" percent="100" />
    </mem>
    <pending-finalizers system="0" default="0" reference="126" classloader="0" />
    <remembered-set count="192" />
  </mem-info>
</gc-end>
<cycle-end id="3473" type="scavenge" contextid="3467" timestamp="2019-06-16T18:48:46.727" />
  <attribute name="elasticGC enabled" value="1" />
  <attribute name= "numThreadsSpecified" value="4" />
  <attribute name="heapSize specified" value="9830400" />
  <attribute name="Current GC Util" value="15" />
  <attribute name= "Current Time Running" value="4597" />
  <attribute name ="GC Interval" value="200" />
  <attribute name="ProportionalT" value="-5.000000" />
  <attribute name="ProportionalI" value="-5.000000" />
  <attribute name="ProportionalH" value="-5.000000" />
  <attribute name="Current Error" value="-5.000000" />
  <attribute name="IntegralT" value="-35.000000" />
  <attribute name="IntegralI" value="-35.000000" />
  <attribute name="IntegralH" value="-35.000000" />
  <attribute name="DerivativeT" value="-2.142857" />
  <attribute name="DerivativeI" value="-2.142857" />
  <attribute name="DerivativeH" value="-2.142857" />
  <attribute name="Loop Time for DT" value="7.000000" />
  <attribute name="Output H" value="2092630016"/>
  <attribute name="Output I" value="200"/>
  <attribute name="Output T" value="4"/>
  <attribute name="Target GC Util Change" value ="20.000000" />
  <attribute name="Current GC Util Change" value="15.000000"/>
  <attribute name="GC Util currently" value="15" />
  <attribute name="CPU Util currently" value="668004311503" />
<allocation-satisfied id="3474" threadId="0000000000A81400" bytesRequested="16" />
<af-end id="3475" timestamp="2019-06-16T18:48:46.727" threadId="0000000000A81D88" success="true" from="nursery"/>
<exclusive-end id="3476" timestamp="2019-06-16T18:48:46.727" durationms="1.353" />

<exclusive-start id="3477" timestamp="2019-06-16T18:48:46.729" intervalms="3.542">
  <response-info timems="0.056" idlems="0.056" threads="0" lastid="0000000000A85000" lastname="PmdThread 4" />
</exclusive-start>
<af-start id="3478" threadId="0000000000A85988" totalBytesRequested="56" timestamp="2019-06-16T18:48:46.729" intervalms="3.525" type="nursery" />
<cycle-start id="3479" type="scavenge" contextid="0" timestamp="2019-06-16T18:48:46.729" intervalms="3.547" />
<gc-start id="3480" type="scavenge" contextid="3479" timestamp="2019-06-16T18:48:46.729">
  <mem-info id="3481" free="2046739824" total="2092630016" percent="97">
    <mem type="nursery" free="0" total="3932160" percent="0">
      <mem type="allocate" free="0" total="3145728" percent="0" />
      <mem type="survivor" free="0" total="786432" percent="0" />
    </mem>
    <mem type="tenure" free="2046739824" total="2088697856" percent="97">
      <mem type="soa" free="1942305136" total="1984263168" percent="97" />
      <mem type="loa" free="104434688" total="104434688" percent="100" />
    </mem>
    <remembered-set count="662" />
  </mem-info>
</gc-start>
<allocation-stats totalBytes="2460032" >
  <allocated-bytes non-tlh="16" tlh="2460016" />
  <largest-consumer threadName="PmdThread 2" threadId="0000000000A7D800" bytes="950064" />
</allocation-stats>
<gc-op id="3482" type="scavenge" timems="2.489" contextid="3479" timestamp="2019-06-16T18:48:46.732">
  <scavenger-info tenureage="3" tenuremask="7ff8" tiltratio="80" />
  <memory-copied type="nursery" objects="12002" bytes="726160" bytesdiscarded="58824" />
  <memory-copied type="tenure" objects="779" bytes="78320" bytesdiscarded="24" />
  <copy-failed type="nursery" objects="707" bytes="76096" />
  <references type="weak" candidates="9" cleared="9" enqueued="9" />
  <references type="phantom" candidates="2" cleared="0" enqueued="0" />
</gc-op>
<gc-end id="3483" type="scavenge" contextid="3479" durationms="2.683" usertimems="4.000" systemtimems="0.000" timestamp="2019-06-16T18:48:46.732" activeThreads="4">
  <mem-info id="3484" free="2048535664" total="2092630016" percent="97">
    <mem type="nursery" free="1835008" total="3932160" percent="46">
      <mem type="allocate" free="1835008" total="2621440" percent="70" />
      <mem type="survivor" free="0" total="1310720" percent="0" />
    </mem>
    <mem type="tenure" free="2046700656" total="2088697856" percent="97">
      <mem type="soa" free="1942265968" total="1984263168" percent="97" />
      <mem type="loa" free="104434688" total="104434688" percent="100" />
    </mem>
    <pending-finalizers system="0" default="0" reference="9" classloader="0" />
    <remembered-set count="316" />
  </mem-info>
</gc-end>
<cycle-end id="3485" type="scavenge" contextid="3479" timestamp="2019-06-16T18:48:46.732" />
  <attribute name="elasticGC enabled" value="1" />
  <attribute name= "numThreadsSpecified" value="4" />
  <attribute name="heapSize specified" value="9830400" />
  <attribute name="Current GC Util" value="34" />
  <attribute name= "Current Time Running" value="4601" />
  <attribute name ="GC Interval" value="200" />
  <attribute name="ProportionalT" value="14.000000" />
  <attribute name="ProportionalI" value="14.000000" />
  <attribute name="ProportionalH" value="14.000000" />
  <attribute name="Current Error" value="14.000000" />
  <attribute name="IntegralT" value="56.000000" />
  <attribute name="IntegralI" value="56.000000" />
  <attribute name="IntegralH" value="56.000000" />
  <attribute name="DerivativeT" value="1.750000" />
  <attribute name="DerivativeI" value="1.750000" />
  <attribute name="DerivativeH" value="1.750000" />
  <attribute name="Loop Time for DT" value="4.000000" />
  <attribute name="Output H" value="8388608"/>
  <attribute name="Output I" value="200"/>
  <attribute name="Output T" value="4"/>
  <attribute name="Target GC Util Change" value ="20.000000" />
  <attribute name="Current GC Util Change" value="34.000000"/>
  <attribute name="GC Util currently" value="34" />
  <attribute name="CPU Util currently" value="1294375734400" />
<allocation-satisfied id="3486" threadId="0000000000A85000" bytesRequested="56" />
<af-end id="3487" timestamp="2019-06-16T18:48:46.732" threadId="0000000000A85988" success="true" from="nursery"/>
<exclusive-end id="3488" timestamp="2019-06-16T18:48:46.732" durationms="3.083" />

<exclusive-start id="3489" timestamp="2019-06-16T18:48:46.733" intervalms="4.348">
  <response-info timems="0.034" idlems="0.034" threads="0" lastid="0000000000A7D800" lastname="PmdThread 2" />
</exclusive-start>
<af-start id="3490" threadId="0000000000A7E188" totalBytesRequested="56" timestamp="2019-06-16T18:48:46.733" intervalms="4.360" type="nursery" />
<cycle-start id="3491" type="scavenge" contextid="0" timestamp="2019-06-16T18:48:46.733" intervalms="4.350" />
<gc-start id="3492" type="scavenge" contextid="3491" timestamp="2019-06-16T18:48:46.733">
  <mem-info id="3493" free="2046700656" total="2092630016" percent="97">
    <mem type="nursery" free="0" total="3932160" percent="0">
      <mem type="allocate" free="0" total="2621440" percent="0" />
      <mem type="survivor" free="0" total="1310720" percent="0" />
    </mem>
    <mem type="tenure" free="2046700656" total="2088697856" percent="97">
      <mem type="soa" free="1942265968" total="1984263168" percent="97" />
      <mem type="loa" free="104434688" total="104434688" percent="100" />
    </mem>
    <remembered-set count="379" />
  </mem-info>
</gc-start>
<allocation-stats totalBytes="1834520" >
  <allocated-bytes non-tlh="32840" tlh="1801680" />
  <largest-consumer threadName="PmdThread 4" threadId="0000000000A85000" bytes="663336" />
</allocation-stats>
<gc-op id="3494" type="scavenge" timems="2.442" contextid="3491" timestamp="2019-06-16T18:48:46.736">
  <scavenger-info tenureage="3" tenuremask="7ff8" tiltratio="66" />
  <memory-copied type="nursery" objects="23512" bytes="1214992" bytesdiscarded="95688" />
  <memory-copied type="tenure" objects="434" bytes="26720" bytesdiscarded="32" />
  <copy-failed type="nursery" objects="184" bytes="7784" />
  <references type="weak" candidates="5" cleared="5" enqueued="5" />
  <references type="phantom" candidates="3" cleared="0" enqueued="0" />
</gc-op>
<gc-end id="3495" type="scavenge" contextid="3491" durationms="2.645" usertimems="8.000" systemtimems="0.000" timestamp="2019-06-16T18:48:46.736" activeThreads="4">
  <mem-info id="3496" free="2047447920" total="2092630016" percent="97">
    <mem type="nursery" free="786432" total="3932160" percent="20">
      <mem type="allocate" free="786432" total="2097152" percent="37" />
      <mem type="survivor" free="0" total="1835008" percent="0" />
    </mem>
    <mem type="tenure" free="2046661488" total="2088697856" percent="97">
      <mem type="soa" free="1942226800" total="1984263168" percent="97" />
      <mem type="loa" free="104434688" total="104434688" percent="100" />
    </mem>
    <pending-finalizers system="0" default="0" reference="5" classloader="0" />
    <remembered-set count="358" />
  </mem-info>
</gc-end>
<cycle-end id="3497" type="scavenge" contextid="3491" timestamp="2019-06-16T18:48:46.736" />
  <attribute name="elasticGC enabled" value="1" />
  <attribute name= "numThreadsSpecified" value="4" />
  <attribute name="heapSize specified" value="9830400" />
  <attribute name="Current GC Util" value="113" />
  <attribute name= "Current Time Running" value="4605" />
  <attribute name ="GC Interval" value="480" />
  <attribute name="ProportionalT" value="93.000000" />
  <attribute name="ProportionalI" value="93.000000" />
  <attribute name="ProportionalH" value="93.000000" />
  <attribute name="Current Error" value="93.000000" />
  <attribute name="IntegralT" value="372.000000" />
  <attribute name="IntegralI" value="372.000000" />
  <attribute name="IntegralH" value="372.000000" />
  <attribute name="DerivativeT" value="9.875000" />
  <attribute name="DerivativeI" value="9.875000" />
  <attribute name="DerivativeH" value="9.875000" />
  <attribute name="Loop Time for DT" value="4.000000" />
  <attribute name="Output H" value="8388608"/>
  <attribute name="Output I" value="480"/>
  <attribute name="Output T" value="4"/>
  <attribute name="Target GC Util Change" value ="20.000000" />
  <attribute name="Current GC Util Change" value="113.000000"/>
  <attribute name="GC Util currently" value="113" />
  <attribute name="CPU Util currently" value="1064438456766" />
<allocation-satisfied id="3498" threadId="0000000000A7D800" bytesRequested="56" />
<af-end id="3499" timestamp="2019-06-16T18:48:46.736" threadId="0000000000A7E188" success="true" from="nursery"/>
<exclusive-end id="3500" timestamp="2019-06-16T18:48:46.736" durationms="3.100" />

<exclusive-start id="3501" timestamp="2019-06-16T18:48:46.737" intervalms="3.894">
  <response-info timems="0.025" idlems="0.025" threads="0" lastid="0000000000A7D800" lastname="PmdThread 2" />
</exclusive-start>
<af-start id="3502" threadId="0000000000A7E188" totalBytesRequested="24" timestamp="2019-06-16T18:48:46.737" intervalms="3.895" type="nursery" />
<cycle-start id="3503" type="scavenge" contextid="0" timestamp="2019-06-16T18:48:46.737" intervalms="3.888" />
<gc-start id="3504" type="scavenge" contextid="3503" timestamp="2019-06-16T18:48:46.737">
  <mem-info id="3505" free="2046661488" total="2092630016" percent="97">
    <mem type="nursery" free="0" total="3932160" percent="0">
      <mem type="allocate" free="0" total="2097152" percent="0" />
      <mem type="survivor" free="0" total="1835008" percent="0" />
    </mem>
    <mem type="tenure" free="2046661488" total="2088697856" percent="97">
      <mem type="soa" free="1942226800" total="1984263168" percent="97" />
      <mem type="loa" free="104434688" total="104434688" percent="100" />
    </mem>
    <remembered-set count="385" />
  </mem-info>
</gc-start>
<allocation-stats totalBytes="786176" >
  <allocated-bytes non-tlh="56" tlh="786120" />
  <largest-consumer threadName="PmdThread 4" threadId="0000000000A85000" bytes="331632" />
</allocation-stats>
<gc-op id="3506" type="scavenge" timems="2.539" contextid="3503" timestamp="2019-06-16T18:48:46.740">
  <scavenger-info tenureage="2" tenuremask="7ffc" tiltratio="53" />
  <memory-copied type="nursery" objects="16535" bytes="686304" bytesdiscarded="184624" />
  <memory-copied type="tenure" objects="11207" bytes="689032" bytesdiscarded="160" />
  <references type="weak" candidates="6" cleared="5" enqueued="5" />
  <references type="phantom" candidates="1" cleared="0" enqueued="0" />
</gc-op>
<gc-end id="3507" type="scavenge" contextid="3503" durationms="2.796" usertimems="8.000" systemtimems="0.000" timestamp="2019-06-16T18:48:46.740" activeThreads="4">
  <mem-info id="3508" free="2047369232" total="2092630016" percent="97">
    <mem type="nursery" free="1357280" total="3932160" percent="34">
      <mem type="allocate" free="1357280" total="2228224" percent="60" />
      <mem type="survivor" free="0" total="1703936" percent="0" />
    </mem>
    <mem type="tenure" free="2046011952" total="2088697856" percent="97">
      <mem type="soa" free="1941577264" total="1984263168" percent="97" />
      <mem type="loa" free="104434688" total="104434688" percent="100" />
    </mem>
    <pending-finalizers system="0" default="0" reference="5" classloader="0" />
    <remembered-set count="194" />
  </mem-info>
</gc-end>
<cycle-end id="3509" type="scavenge" contextid="3503" timestamp="2019-06-16T18:48:46.740" />
  <attribute name="elasticGC enabled" value="1" />
  <attribute name= "numThreadsSpecified" value="4" />
  <attribute name="heapSize specified" value="9830400" />
  <attribute name="Current GC Util" value="134" />
  <attribute name= "Current Time Running" value="4609" />
  <attribute name ="GC Interval" value="576" />
  <attribute name="ProportionalT" value="114.000000" />
  <attribute name="ProportionalI" value="114.000000" />
  <attribute name="ProportionalH" value="114.000000" />
  <attribute name="Current Error" value="114.000000" />
  <attribute name="IntegralT" value="456.000000" />
  <attribute name="IntegralI" value="456.000000" />
  <attribute name="IntegralH" value="456.000000" />
  <attribute name="DerivativeT" value="2.625000" />
  <attribute name="DerivativeI" value="2.625000" />
  <attribute name="DerivativeH" value="2.625000" />
  <attribute name="Loop Time for DT" value="4.000000" />
  <attribute name="Output H" value="8388608"/>
  <attribute name="Output I" value="576"/>
  <attribute name="Output T" value="4"/>
  <attribute name="Target GC Util Change" value ="20.000000" />
  <attribute name="Current GC Util Change" value="134.000000"/>
  <attribute name="GC Util currently" value="134" />
  <attribute name="CPU Util currently" value="1187501545103" />
<allocation-satisfied id="3510" threadId="0000000000A7D800" bytesRequested="24" />
<af-end id="3511" timestamp="2019-06-16T18:48:46.740" threadId="0000000000A7E188" success="true" from="nursery"/>
<exclusive-end id="3512" timestamp="2019-06-16T18:48:46.740" durationms="3.334" />

<exclusive-start id="3513" timestamp="2019-06-16T18:48:46.742" intervalms="4.385">
  <response-info timems="0.025" idlems="0.025" threads="0" lastid="0000000000A7D800" lastname="PmdThread 2" />
</exclusive-start>
<af-start id="3514" threadId="0000000000A7E188" totalBytesRequested="72" timestamp="2019-06-16T18:48:46.742" intervalms="4.379" type="nursery" />
<cycle-start id="3515" type="scavenge" contextid="0" timestamp="2019-06-16T18:48:46.742" intervalms="4.375" />
<gc-start id="3516" type="scavenge" contextid="3515" timestamp="2019-06-16T18:48:46.742">
  <mem-info id="3517" free="2046011952" total="2092630016" percent="97">
    <mem type="nursery" free="0" total="3932160" percent="0">
      <mem type="allocate" free="0" total="2228224" percent="0" />
      <mem type="survivor" free="0" total="1703936" percent="0" />
    </mem>
    <mem type="tenure" free="2046011952" total="2088697856" percent="97">
      <mem type="soa" free="1941577264" total="1984263168" percent="97" />
      <mem type="loa" free="104434688" total="104434688" percent="100" />
    </mem>
    <remembered-set count="227" />
  </mem-info>
</gc-start>
<allocation-stats totalBytes="1356888" >
  <allocated-bytes non-tlh="24" tlh="1356864" />
  <largest-consumer threadName="PmdThread 4" threadId="0000000000A85000" bytes="626384" />
</allocation-stats>
<gc-op id="3518" type="scavenge" timems="2.802" contextid="3515" timestamp="2019-06-16T18:48:46.745">
  <scavenger-info tenureage="1" tenuremask="7ffe" tiltratio="56" />
  <memory-copied type="nursery" objects="7206" bytes="265640" bytesdiscarded="126040" />
  <memory-copied type="tenure" objects="15703" bytes="657720" bytesdiscarded="280" />
  <references type="weak" candidates="2" cleared="2" enqueued="2" />
</gc-op>
<gc-end id="3519" type="scavenge" contextid="3515" durationms="3.057" usertimems="4.000" systemtimems="0.000" timestamp="2019-06-16T18:48:46.745" activeThreads="4">
  <mem-info id="3520" free="2047385624" total="2092630016" percent="97">
    <mem type="nursery" free="2033152" total="3932160" percent="51">
      <mem type="allocate" free="2033152" total="2424832" percent="83" />
      <mem type="survivor" free="0" total="1507328" percent="0" />
    </mem>
    <mem type="tenure" free="2045352472" total="2088697856" percent="97">
      <mem type="soa" free="1940917784" total="1984263168" percent="97" />
      <mem type="loa" free="104434688" total="104434688" percent="100" />
    </mem>
    <pending-finalizers system="0" default="0" reference="2" classloader="0" />
    <remembered-set count="211" />
  </mem-info>
</gc-end>
<cycle-end id="3521" type="scavenge" contextid="3515" timestamp="2019-06-16T18:48:46.745" />
  <attribute name="elasticGC enabled" value="1" />
  <attribute name= "numThreadsSpecified" value="4" />
  <attribute name="heapSize specified" value="9830400" />
  <attribute name="Current GC Util" value="124" />
  <attribute name= "Current Time Running" value="4613" />
  <attribute name ="GC Interval" value="520" />
  <attribute name="ProportionalT" value="104.000000" />
  <attribute name="ProportionalI" value="104.000000" />
  <attribute name="ProportionalH" value="104.000000" />
  <attribute name="Current Error" value="104.000000" />
  <attribute name="IntegralT" value="416.000000" />
  <attribute name="IntegralI" value="416.000000" />
  <attribute name="IntegralH" value="416.000000" />
  <attribute name="DerivativeT" value="-1.250000" />
  <attribute name="DerivativeI" value="-1.250000" />
  <attribute name="DerivativeH" value="-1.250000" />
  <attribute name="Loop Time for DT" value="4.000000" />
  <attribute name="Output H" value="8388608"/>
  <attribute name="Output I" value="520"/>
  <attribute name="Output T" value="4"/>
  <attribute name="Target GC Util Change" value ="20.000000" />
  <attribute name="Current GC Util Change" value="124.000000"/>
  <attribute name="GC Util currently" value="124" />
  <attribute name="CPU Util currently" value="1051280543364" />
<allocation-satisfied id="3522" threadId="0000000000A7D800" bytesRequested="72" />
<af-end id="3523" timestamp="2019-06-16T18:48:46.745" threadId="0000000000A7E188" success="true" from="nursery"/>
<exclusive-end id="3524" timestamp="2019-06-16T18:48:46.745" durationms="3.665" />

<exclusive-start id="3525" timestamp="2019-06-16T18:48:46.747" intervalms="5.133">
  <response-info timems="0.057" idlems="0.057" threads="0" lastid="0000000000A85000" lastname="PmdThread 4" />
</exclusive-start>
<af-start id="3526" threadId="0000000000A85988" totalBytesRequested="56" timestamp="2019-06-16T18:48:46.747" intervalms="5.120" type="nursery" />
<cycle-start id="3527" type="scavenge" contextid="0" timestamp="2019-06-16T18:48:46.747" intervalms="5.104" />
<gc-start id="3528" type="scavenge" contextid="3527" timestamp="2019-06-16T18:48:46.747">
  <mem-info id="3529" free="2045352472" total="2092630016" percent="97">
    <mem type="nursery" free="0" total="3932160" percent="0">
      <mem type="allocate" free="0" total="2424832" percent="0" />
      <mem type="survivor" free="0" total="1507328" percent="0" />
    </mem>
    <mem type="tenure" free="2045352472" total="2088697856" percent="97">
      <mem type="soa" free="1940917784" total="1984263168" percent="97" />
      <mem type="loa" free="104434688" total="104434688" percent="100" />
    </mem>
    <remembered-set count="524" />
  </mem-info>
</gc-start>
<allocation-stats totalBytes="2031696" >
  <allocated-bytes non-tlh="72" tlh="2031624" />
  <largest-consumer threadName="PmdThread 4" threadId="0000000000A85000" bytes="761608" />
</allocation-stats>
<gc-op id="3530" type="scavenge" timems="2.250" contextid="3527" timestamp="2019-06-16T18:48:46.749">
  <scavenger-info tenureage="1" tenuremask="7ffe" tiltratio="61" />
  <memory-copied type="nursery" objects="10993" bytes="406464" bytesdiscarded="141880" />
  <memory-copied type="tenure" objects="6552" bytes="247672" bytesdiscarded="48" />
  <references type="weak" candidates="5" cleared="5" enqueued="5" />
</gc-op>
<gc-end id="3531" type="scavenge" contextid="3527" durationms="2.475" usertimems="4.000" systemtimems="0.000" timestamp="2019-06-16T18:48:46.749" activeThreads="4">
  <mem-info id="3532" free="2047203352" total="2092630016" percent="97">
    <mem type="nursery" free="2007552" total="3932160" percent="51">
      <mem type="allocate" free="2007552" total="2555904" percent="78" />
      <mem type="survivor" free="0" total="1376256" percent="0" />
    </mem>
    <mem type="tenure" free="2045195800" total="2088697856" percent="97">
      <mem type="soa" free="1940761112" total="1984263168" percent="97" />
      <mem type="loa" free="104434688" total="104434688" percent="100" />
    </mem>
    <pending-finalizers system="0" default="0" reference="5" classloader="0" />
    <remembered-set count="212" />
  </mem-info>
</gc-end>
<cycle-end id="3533" type="scavenge" contextid="3527" timestamp="2019-06-16T18:48:46.749" />
  <attribute name="elasticGC enabled" value="1" />
  <attribute name= "numThreadsSpecified" value="4" />
  <attribute name="heapSize specified" value="9830400" />
  <attribute name="Current GC Util" value="86" />
  <attribute name= "Current Time Running" value="4618" />
  <attribute name ="GC Interval" value="392" />
  <attribute name="ProportionalT" value="66.000000" />
  <attribute name="ProportionalI" value="66.000000" />
  <attribute name="ProportionalH" value="66.000000" />
  <attribute name="Current Error" value="66.000000" />
  <attribute name="IntegralT" value="330.000000" />
  <attribute name="IntegralI" value="330.000000" />
  <attribute name="IntegralH" value="330.000000" />
  <attribute name="DerivativeT" value="-3.800000" />
  <attribute name="DerivativeI" value="-3.800000" />
  <attribute name="DerivativeH" value="-3.800000" />
  <attribute name="Loop Time for DT" value="5.000000" />
  <attribute name="Output H" value="8388608"/>
  <attribute name="Output I" value="392"/>
  <attribute name="Output T" value="4"/>
  <attribute name="Target GC Util Change" value ="20.000000" />
  <attribute name="Current GC Util Change" value="86.000000"/>
  <attribute name="GC Util currently" value="86" />
  <attribute name="CPU Util currently" value="898688569800" />
<allocation-satisfied id="3534" threadId="0000000000A85000" bytesRequested="56" />
<af-end id="3535" timestamp="2019-06-16T18:48:46.749" threadId="0000000000A85988" success="true" from="nursery"/>
<exclusive-end id="3536" timestamp="2019-06-16T18:48:46.749" durationms="2.820" />

<exclusive-start id="3537" timestamp="2019-06-16T18:48:46.751" intervalms="4.250">
  <response-info timems="0.030" idlems="0.030" threads="0" lastid="0000000000A7D800" lastname="PmdThread 2" />
</exclusive-start>
<af-start id="3538" threadId="0000000000A7E188" totalBytesRequested="56" timestamp="2019-06-16T18:48:46.751" intervalms="4.270" type="nursery" />
<cycle-start id="3539" type="scavenge" contextid="0" timestamp="2019-06-16T18:48:46.751" intervalms="4.289" />
<gc-start id="3540" type="scavenge" contextid="3539" timestamp="2019-06-16T18:48:46.751">
  <mem-info id="3541" free="2045195800" total="2092630016" percent="97">
    <mem type="nursery" free="0" total="3932160" percent="0">
      <mem type="allocate" free="0" total="2555904" percent="0" />
      <mem type="survivor" free="0" total="1376256" percent="0" />
    </mem>
    <mem type="tenure" free="2045195800" total="2088697856" percent="97">
      <mem type="soa" free="1940761112" total="1984263168" percent="97" />
      <mem type="loa" free="104434688" total="104434688" percent="100" />
    </mem>
    <remembered-set count="551" />
  </mem-info>
</gc-start>
<allocation-stats totalBytes="1993952" >
  <allocated-bytes non-tlh="32840" tlh="1961112" />
  <largest-consumer threadName="PmdThread 4" threadId="0000000000A85000" bytes="803176" />
</allocation-stats>
<gc-op id="3542" type="scavenge" timems="2.333" contextid="3539" timestamp="2019-06-16T18:48:46.754">
  <scavenger-info tenureage="1" tenuremask="7ffe" tiltratio="65" />
  <memory-copied type="nursery" objects="9943" bytes="437600" bytesdiscarded="104376" />
  <memory-copied type="tenure" objects="10342" bytes="388600" bytesdiscarded="256" />
  <references type="weak" candidates="86" cleared="86" enqueued="86" />
  <references type="phantom" candidates="1" cleared="0" enqueued="0" />
</gc-op>
<gc-end id="3543" type="scavenge" contextid="3539" durationms="2.538" usertimems="4.000" systemtimems="0.000" timestamp="2019-06-16T18:48:46.754" activeThreads="4">
  <mem-info id="3544" free="2047014656" total="2092630016" percent="97">
    <mem type="nursery" free="2210536" total="3932160" percent="56">
      <mem type="allocate" free="2210536" total="2752512" percent="80" />
      <mem type="survivor" free="0" total="1179648" percent="0" />
    </mem>
    <mem type="tenure" free="2044804120" total="2088697856" percent="97">
      <mem type="soa" free="1940369432" total="1984263168" percent="97" />
      <mem type="loa" free="104434688" total="104434688" percent="100" />
    </mem>
    <pending-finalizers system="0" default="0" reference="86" classloader="0" />
    <remembered-set count="175" />
  </mem-info>
</gc-end>
<cycle-end id="3545" type="scavenge" contextid="3539" timestamp="2019-06-16T18:48:46.754" />
  <attribute name="elasticGC enabled" value="1" />
  <attribute name= "numThreadsSpecified" value="4" />
  <attribute name="heapSize specified" value="9830400" />
  <attribute name="Current GC Util" value="93" />
  <attribute name= "Current Time Running" value="4623" />
  <attribute name ="GC Interval" value="440" />
  <attribute name="ProportionalT" value="73.000000" />
  <attribute name="ProportionalI" value="73.000000" />
  <attribute name="ProportionalH" value="73.000000" />
  <attribute name="Current Error" value="73.000000" />
  <attribute name="IntegralT" value="365.000000" />
  <attribute name="IntegralI" value="365.000000" />
  <attribute name="IntegralH" value="365.000000" />
  <attribute name="DerivativeT" value="0.700000" />
  <attribute name="DerivativeI" value="0.700000" />
  <attribute name="DerivativeH" value="0.700000" />
  <attribute name="Loop Time for DT" value="5.000000" />
  <attribute name="Output H" value="8388608"/>
  <attribute name="Output I" value="440"/>
  <attribute name="Output T" value="4"/>
  <attribute name="Target GC Util Change" value ="20.000000" />
  <attribute name="Current GC Util Change" value="93.000000"/>
  <attribute name="GC Util currently" value="93" />
  <attribute name="CPU Util currently" value="1082113409158" />
<allocation-satisfied id="3546" threadId="0000000000A7D800" bytesRequested="56" />
<af-end id="3547" timestamp="2019-06-16T18:48:46.754" threadId="0000000000A7E188" success="true" from="nursery"/>
<exclusive-end id="3548" timestamp="2019-06-16T18:48:46.754" durationms="3.096" />

<exclusive-start id="3549" timestamp="2019-06-16T18:48:46.756" intervalms="5.169">
  <response-info timems="0.132" idlems="0.074" threads="1" lastid="0000000000A79C00" lastname="PmdThread 1" />
</exclusive-start>
<af-start id="3550" threadId="0000000000A85988" totalBytesRequested="56" timestamp="2019-06-16T18:48:46.756" intervalms="5.166" type="nursery" />
<cycle-start id="3551" type="scavenge" contextid="0" timestamp="2019-06-16T18:48:46.756" intervalms="5.149" />
<gc-start id="3552" type="scavenge" contextid="3551" timestamp="2019-06-16T18:48:46.756">
  <mem-info id="3553" free="2044804120" total="2092630016" percent="97">
    <mem type="nursery" free="0" total="3932160" percent="0">
      <mem type="allocate" free="0" total="2752512" percent="0" />
      <mem type="survivor" free="0" total="1179648" percent="0" />
    </mem>
    <mem type="tenure" free="2044804120" total="2088697856" percent="97">
      <mem type="soa" free="1940369432" total="1984263168" percent="97" />
      <mem type="loa" free="104434688" total="104434688" percent="100" />
    </mem>
    <remembered-set count="477" />
  </mem-info>
</gc-start>
<allocation-stats totalBytes="2209024" >
  <allocated-bytes non-tlh="56" tlh="2208968" />
  <largest-consumer threadName="PmdThread 4" threadId="0000000000A85000" bytes="948680" />
</allocation-stats>
<gc-op id="3554" type="scavenge" timems="2.311" contextid="3551" timestamp="2019-06-16T18:48:46.759">
  <scavenger-info tenureage="1" tenuremask="7ffe" tiltratio="70" />
  <memory-copied type="nursery" objects="13920" bytes="514128" bytesdiscarded="73376" />
  <memory-copied type="tenure" objects="9365" bytes="411496" bytesdiscarded="184" />
  <references type="weak" candidates="83" cleared="83" enqueued="83" />
</gc-op>
<gc-end id="3555" type="scavenge" contextid="3551" durationms="2.461" usertimems="4.000" systemtimems="0.000" timestamp="2019-06-16T18:48:46.759" activeThreads="4">
  <mem-info id="3556" free="2046649344" total="2092630016" percent="97">
    <mem type="nursery" free="2230528" total="3932160" percent="56">
      <mem type="allocate" free="2230528" total="2818048" percent="79" />
      <mem type="survivor" free="0" total="1114112" percent="0" />
    </mem>
    <mem type="tenure" free="2044418816" total="2088697856" percent="97">
      <mem type="soa" free="1939984128" total="1984263168" percent="97" />
      <mem type="loa" free="104434688" total="104434688" percent="100" />
    </mem>
    <pending-finalizers system="0" default="0" reference="83" classloader="0" />
    <remembered-set count="183" />
  </mem-info>
</gc-end>
<cycle-end id="3557" type="scavenge" contextid="3551" timestamp="2019-06-16T18:48:46.759" />
  <attribute name="elasticGC enabled" value="1" />
  <attribute name= "numThreadsSpecified" value="4" />
  <attribute name="heapSize specified" value="9830400" />
  <attribute name="Current GC Util" value="75" />
  <attribute name= "Current Time Running" value="4628" />
  <attribute name ="GC Interval" value="328" />
  <attribute name="ProportionalT" value="55.000000" />
  <attribute name="ProportionalI" value="55.000000" />
  <attribute name="ProportionalH" value="55.000000" />
  <attribute name="Current Error" value="55.000000" />
  <attribute name="IntegralT" value="275.000000" />
  <attribute name="IntegralI" value="275.000000" />
  <attribute name="IntegralH" value="275.000000" />
  <attribute name="DerivativeT" value="-1.800000" />
  <attribute name="DerivativeI" value="-1.800000" />
  <attribute name="DerivativeH" value="-1.800000" />
  <attribute name="Loop Time for DT" value="5.000000" />
  <attribute name="Output H" value="8388608"/>
  <attribute name="Output I" value="328"/>
  <attribute name="Output T" value="4"/>
  <attribute name="Target GC Util Change" value ="20.000000" />
  <attribute name="Current GC Util Change" value="75.000000"/>
  <attribute name="GC Util currently" value="75" />
  <attribute name="CPU Util currently" value="905392418873" />
<allocation-satisfied id="3558" threadId="0000000000A85000" bytesRequested="56" />
<af-end id="3559" timestamp="2019-06-16T18:48:46.759" threadId="0000000000A85988" success="true" from="nursery"/>
<exclusive-end id="3560" timestamp="2019-06-16T18:48:46.759" durationms="2.826" />

<exclusive-start id="3561" timestamp="2019-06-16T18:48:46.761" intervalms="4.915">
  <response-info timems="0.085" idlems="0.051" threads="1" lastid="0000000000A79C00" lastname="PmdThread 1" />
</exclusive-start>
<af-start id="3562" threadId="0000000000A7E188" totalBytesRequested="24" timestamp="2019-06-16T18:48:46.761" intervalms="4.892" type="nursery" />
<cycle-start id="3563" type="scavenge" contextid="0" timestamp="2019-06-16T18:48:46.761" intervalms="4.886" />
<gc-start id="3564" type="scavenge" contextid="3563" timestamp="2019-06-16T18:48:46.761">
  <mem-info id="3565" free="2044418816" total="2092630016" percent="97">
    <mem type="nursery" free="0" total="3932160" percent="0">
      <mem type="allocate" free="0" total="2818048" percent="0" />
      <mem type="survivor" free="0" total="1114112" percent="0" />
    </mem>
    <mem type="tenure" free="2044418816" total="2088697856" percent="97">
      <mem type="soa" free="1939984128" total="1984263168" percent="97" />
      <mem type="loa" free="104434688" total="104434688" percent="100" />
    </mem>
    <remembered-set count="1444" />
  </mem-info>
</gc-start>
<allocation-stats totalBytes="2230008" >
  <allocated-bytes non-tlh="56" tlh="2229952" />
  <largest-consumer threadName="PmdThread 4" threadId="0000000000A85000" bytes="1095824" />
</allocation-stats>
<gc-op id="3566" type="scavenge" timems="2.715" contextid="3563" timestamp="2019-06-16T18:48:46.764">
  <scavenger-info tenureage="1" tenuremask="7ffe" tiltratio="71" />
  <memory-copied type="nursery" objects="10593" bytes="361552" bytesdiscarded="147616" />
  <memory-copied type="tenure" objects="13498" bytes="501224" bytesdiscarded="264" />
  <references type="weak" candidates="52" cleared="52" enqueued="52" />
  <references type="phantom" candidates="1" cleared="1" enqueued="1" />
</gc-op>
<gc-end id="3567" type="scavenge" contextid="3563" durationms="3.000" usertimems="4.000" systemtimems="0.000" timestamp="2019-06-16T18:48:46.764" activeThreads="4">
  <mem-info id="3568" free="2046349568" total="2092630016" percent="97">
    <mem type="nursery" free="2439936" total="3932160" percent="62">
      <mem type="allocate" free="2439936" total="2949120" percent="82" />
      <mem type="survivor" free="0" total="983040" percent="0" />
    </mem>
    <mem type="tenure" free="2043909632" total="2088697856" percent="97">
      <mem type="soa" free="1939474944" total="1984263168" percent="97" />
      <mem type="loa" free="104434688" total="104434688" percent="100" />
    </mem>
    <pending-finalizers system="0" default="0" reference="53" classloader="0" />
    <remembered-set count="1362" />
  </mem-info>
</gc-end>
<cycle-end id="3569" type="scavenge" contextid="3563" timestamp="2019-06-16T18:48:46.764" />
  <attribute name="elasticGC enabled" value="1" />
  <attribute name= "numThreadsSpecified" value="4" />
  <attribute name="heapSize specified" value="9830400" />
  <attribute name="Current GC Util" value="72" />
  <attribute name= "Current Time Running" value="4633" />
  <attribute name ="GC Interval" value="312" />
  <attribute name="ProportionalT" value="52.000000" />
  <attribute name="ProportionalI" value="52.000000" />
  <attribute name="ProportionalH" value="52.000000" />
  <attribute name="Current Error" value="52.000000" />
  <attribute name="IntegralT" value="260.000000" />
  <attribute name="IntegralI" value="260.000000" />
  <attribute name="IntegralH" value="260.000000" />
  <attribute name="DerivativeT" value="-0.300000" />
  <attribute name="DerivativeI" value="-0.300000" />
  <attribute name="DerivativeH" value="-0.300000" />
  <attribute name="Loop Time for DT" value="5.000000" />
  <attribute name="Output H" value="8388608"/>
  <attribute name="Output I" value="312"/>
  <attribute name="Output T" value="4"/>
  <attribute name="Target GC Util Change" value ="20.000000" />
  <attribute name="Current GC Util Change" value="72.000000"/>
  <attribute name="GC Util currently" value="72" />
  <attribute name="CPU Util currently" value="932634605235" />
<allocation-satisfied id="3570" threadId="0000000000A7D800" bytesRequested="24" />
<af-end id="3571" timestamp="2019-06-16T18:48:46.764" threadId="0000000000A7E188" success="true" from="nursery"/>
<exclusive-end id="3572" timestamp="2019-06-16T18:48:46.764" durationms="3.499" />

<exclusive-start id="3573" timestamp="2019-06-16T18:48:46.766" intervalms="5.179">
  <response-info timems="0.020" idlems="0.020" threads="0" lastid="0000000000A7D800" lastname="PmdThread 2" />
</exclusive-start>
<af-start id="3574" threadId="0000000000A7E188" totalBytesRequested="40" timestamp="2019-06-16T18:48:46.766" intervalms="5.202" type="nursery" />
<cycle-start id="3575" type="scavenge" contextid="0" timestamp="2019-06-16T18:48:46.766" intervalms="5.226" />
<gc-start id="3576" type="scavenge" contextid="3575" timestamp="2019-06-16T18:48:46.766">
  <mem-info id="3577" free="2043909632" total="2092630016" percent="97">
    <mem type="nursery" free="0" total="3932160" percent="0">
      <mem type="allocate" free="0" total="2949120" percent="0" />
      <mem type="survivor" free="0" total="983040" percent="0" />
    </mem>
    <mem type="tenure" free="2043909632" total="2088697856" percent="97">
      <mem type="soa" free="1939474944" total="1984263168" percent="97" />
      <mem type="loa" free="104434688" total="104434688" percent="100" />
    </mem>
    <remembered-set count="2259" />
  </mem-info>
</gc-start>
<allocation-stats totalBytes="2430688" >
  <allocated-bytes non-tlh="16416" tlh="2414272" />
  <largest-consumer threadName="PmdThread 2" threadId="0000000000A7D800" bytes="965064" />
</allocation-stats>
<gc-op id="3578" type="scavenge" timems="2.822" contextid="3575" timestamp="2019-06-16T18:48:46.769">
  <scavenger-info tenureage="1" tenuremask="7ffe" tiltratio="75" />
  <memory-copied type="nursery" objects="7854" bytes="341200" bytesdiscarded="122440" />
  <memory-copied type="tenure" objects="10126" bytes="345816" bytesdiscarded="184" />
  <references type="weak" candidates="72" cleared="72" enqueued="72" />
  <references type="phantom" candidates="1" cleared="0" enqueued="0" />
</gc-op>
<gc-end id="3579" type="scavenge" contextid="3575" durationms="124.559" usertimems="116.000" systemtimems="12.000" timestamp="2019-06-16T18:48:46.891" activeThreads="4">
  <mem-info id="3580" free="2046173672" total="2092630016" percent="97">
    <mem type="nursery" free="2616552" total="3932160" percent="66">
      <mem type="allocate" free="2616552" total="3080192" percent="84" />
      <mem type="survivor" free="0" total="851968" percent="0" />
    </mem>
    <mem type="tenure" free="2043557120" total="2088697856" percent="97">
      <mem type="soa" free="1939122432" total="1984263168" percent="97" />
      <mem type="loa" free="104434688" total="104434688" percent="100" />
    </mem>
    <pending-finalizers system="0" default="0" reference="72" classloader="0" />
    <remembered-set count="621" />
  </mem-info>
</gc-end>
<cycle-end id="3581" type="scavenge" contextid="3575" timestamp="2019-06-16T18:48:46.891" />
  <attribute name="elasticGC enabled" value="1" />
  <attribute name= "numThreadsSpecified" value="4" />
  <attribute name="heapSize specified" value="9830400" />
  <attribute name="Current GC Util" value="69" />
  <attribute name= "Current Time Running" value="4638" />
  <attribute name ="GC Interval" value="296" />
  <attribute name="ProportionalT" value="49.000000" />
  <attribute name="ProportionalI" value="49.000000" />
  <attribute name="ProportionalH" value="49.000000" />
  <attribute name="Current Error" value="49.000000" />
  <attribute name="IntegralT" value="245.000000" />
  <attribute name="IntegralI" value="245.000000" />
  <attribute name="IntegralH" value="245.000000" />
  <attribute name="DerivativeT" value="-0.300000" />
  <attribute name="DerivativeI" value="-0.300000" />
  <attribute name="DerivativeH" value="-0.300000" />
  <attribute name="Loop Time for DT" value="5.000000" />
  <attribute name="Output H" value="8388608"/>
  <attribute name="Output I" value="296"/>
  <attribute name="Output T" value="4"/>
  <attribute name="Target GC Util Change" value ="20.000000" />
  <attribute name="Current GC Util Change" value="69.000000"/>
  <attribute name="GC Util currently" value="69" />
  <attribute name="CPU Util currently" value="884199551287" />
<allocation-satisfied id="3582" threadId="0000000000A7D800" bytesRequested="40" />
<af-end id="3583" timestamp="2019-06-16T18:48:46.891" threadId="0000000000A7E188" success="true" from="nursery"/>
<exclusive-end id="3584" timestamp="2019-06-16T18:48:46.891" durationms="125.320" />

<exclusive-start id="3585" timestamp="2019-06-16T18:48:46.893" intervalms="127.286">
  <response-info timems="0.037" idlems="0.037" threads="0" lastid="0000000000A7D800" lastname="PmdThread 2" />
</exclusive-start>
<af-start id="3586" threadId="0000000000A7E188" totalBytesRequested="72" timestamp="2019-06-16T18:48:46.894" intervalms="127.294" type="nursery" />
<cycle-start id="3587" type="scavenge" contextid="0" timestamp="2019-06-16T18:48:46.894" intervalms="127.311" />
<gc-start id="3588" type="scavenge" contextid="3587" timestamp="2019-06-16T18:48:46.894">
  <mem-info id="3589" free="2043557120" total="2092630016" percent="97">
    <mem type="nursery" free="0" total="3932160" percent="0">
      <mem type="allocate" free="0" total="3080192" percent="0" />
      <mem type="survivor" free="0" total="851968" percent="0" />
    </mem>
    <mem type="tenure" free="2043557120" total="2088697856" percent="97">
      <mem type="soa" free="1939122432" total="1984263168" percent="97" />
      <mem type="loa" free="104434688" total="104434688" percent="100" />
    </mem>
    <remembered-set count="925" />
  </mem-info>
</gc-start>
<allocation-stats totalBytes="2615144" >
  <allocated-bytes non-tlh="40" tlh="2615104" />
  <largest-consumer threadName="PmdThread 2" threadId="0000000000A7D800" bytes="1211488" />
</allocation-stats>
<gc-op id="3590" type="scavenge" timems="2.460" contextid="3587" timestamp="2019-06-16T18:48:46.896">
  <scavenger-info tenureage="1" tenuremask="7ffe" tiltratio="78" />
  <memory-copied type="nursery" objects="8191" bytes="326224" bytesdiscarded="54144" />
  <memory-copied type="tenure" objects="7107" bytes="311104" bytesdiscarded="112" />
  <references type="weak" candidates="44" cleared="43" enqueued="43" />
  <references type="phantom" candidates="2" cleared="1" enqueued="1" />
</gc-op>
<gc-end id="3591" type="scavenge" contextid="3587" durationms="2.840" usertimems="4.000" systemtimems="0.000" timestamp="2019-06-16T18:48:46.897" activeThreads="4">
  <mem-info id="3592" free="2045968368" total="2092630016" percent="97">
    <mem type="nursery" free="2765328" total="3932160" percent="70">
      <mem type="allocate" free="2765328" total="3145728" percent="87" />
      <mem type="survivor" free="0" total="786432" percent="0" />
    </mem>
    <mem type="tenure" free="2043203040" total="2088697856" percent="97">
      <mem type="soa" free="1938768352" total="1984263168" percent="97" />
      <mem type="loa" free="104434688" total="104434688" percent="100" />
    </mem>
    <pending-finalizers system="0" default="0" reference="44" classloader="0" />
    <remembered-set count="372" />
  </mem-info>
</gc-end>
<cycle-end id="3593" type="scavenge" contextid="3587" timestamp="2019-06-16T18:48:46.897" />
  <attribute name="elasticGC enabled" value="1" />
  <attribute name= "numThreadsSpecified" value="4" />
  <attribute name="heapSize specified" value="9830400" />
  <attribute name="Current GC Util" value="99" />
  <attribute name= "Current Time Running" value="4765" />
  <attribute name ="GC Interval" value="4000" />
  <attribute name="ProportionalT" value="79.000000" />
  <attribute name="ProportionalI" value="79.000000" />
  <attribute name="ProportionalH" value="79.000000" />
  <attribute name="Current Error" value="79.000000" />
  <attribute name="IntegralT" value="10033.000000" />
  <attribute name="IntegralI" value="10033.000000" />
  <attribute name="IntegralH" value="10033.000000" />
  <attribute name="DerivativeT" value="0.118110" />
  <attribute name="DerivativeI" value="0.118110" />
  <attribute name="DerivativeH" value="0.118110" />
  <attribute name="Loop Time for DT" value="127.000000" />
  <attribute name="Output H" value="8388608"/>
  <attribute name="Output I" value="4000"/>
  <attribute name="Output T" value="4"/>
  <attribute name="Target GC Util Change" value ="20.000000" />
  <attribute name="Current GC Util Change" value="99.000000"/>
  <attribute name="GC Util currently" value="99" />
  <attribute name="CPU Util currently" value="36198953717" />
<allocation-satisfied id="3594" threadId="0000000000A7D800" bytesRequested="72" />
<af-end id="3595" timestamp="2019-06-16T18:48:46.897" threadId="0000000000A7E188" success="true" from="nursery"/>
<exclusive-end id="3596" timestamp="2019-06-16T18:48:46.897" durationms="3.730" />

<exclusive-start id="3597" timestamp="2019-06-16T18:48:46.900" intervalms="6.991">
  <response-info timems="0.029" idlems="0.029" threads="0" lastid="0000000000A79C00" lastname="PmdThread 1" />
</exclusive-start>
<af-start id="3598" threadId="0000000000A7A588" totalBytesRequested="608" timestamp="2019-06-16T18:48:46.901" intervalms="7.044" type="nursery" />
<cycle-start id="3599" type="scavenge" contextid="0" timestamp="2019-06-16T18:48:46.901" intervalms="7.101" />
<gc-start id="3600" type="scavenge" contextid="3599" timestamp="2019-06-16T18:48:46.901">
  <mem-info id="3601" free="2043202840" total="2092630016" percent="97">
    <mem type="nursery" free="0" total="3932160" percent="0">
      <mem type="allocate" free="0" total="3145728" percent="0" />
      <mem type="survivor" free="0" total="786432" percent="0" />
    </mem>
    <mem type="tenure" free="2043202840" total="2088697856" percent="97">
      <mem type="soa" free="1938768152" total="1984263168" percent="97" />
      <mem type="loa" free="104434688" total="104434688" percent="100" />
    </mem>
    <remembered-set count="752" />
  </mem-info>
</gc-start>
<allocation-stats totalBytes="2763248" >
  <allocated-bytes non-tlh="272" tlh="2762976" />
  <largest-consumer threadName="PmdThread 4" threadId="0000000000A85000" bytes="1585360" />
</allocation-stats>
<gc-op id="3602" type="scavenge" timems="1.778" contextid="3599" timestamp="2019-06-16T18:48:46.903">
  <scavenger-info tenureage="1" tenuremask="7ffe" tiltratio="80" />
  <memory-copied type="nursery" objects="10672" bytes="396480" bytesdiscarded="389944" />
  <memory-copied type="tenure" objects="7323" bytes="268736" bytesdiscarded="208" />
  <references type="weak" candidates="132" cleared="132" enqueued="132" />
  <references type="phantom" candidates="3" cleared="3" enqueued="3" />
</gc-op>
<gc-end id="3603" type="scavenge" contextid="3599" durationms="2.265" usertimems="0.000" systemtimems="0.000" timestamp="2019-06-16T18:48:46.903" activeThreads="4">
  <mem-info id="3604" free="2045353496" total="2092630016" percent="97">
    <mem type="nursery" free="2424832" total="3932160" percent="61">
      <mem type="allocate" free="2424832" total="3211264" percent="75" />
      <mem type="survivor" free="0" total="720896" percent="0" />
    </mem>
    <mem type="tenure" free="2042928664" total="2088697856" percent="97">
      <mem type="soa" free="1938493976" total="1984263168" percent="97" />
      <mem type="loa" free="104434688" total="104434688" percent="100" />
    </mem>
    <pending-finalizers system="0" default="0" reference="135" classloader="0" />
    <remembered-set count="160" />
  </mem-info>
</gc-end>
<cycle-end id="3605" type="scavenge" contextid="3599" timestamp="2019-06-16T18:48:46.903" />
  <attribute name="elasticGC enabled" value="1" />
  <attribute name= "numThreadsSpecified" value="4" />
  <attribute name="heapSize specified" value="9830400" />
  <attribute name="Current GC Util" value="66" />
  <attribute name= "Current Time Running" value="4772" />
  <attribute name ="GC Interval" value="368" />
  <attribute name="ProportionalT" value="46.000000" />
  <attribute name="ProportionalI" value="46.000000" />
  <attribute name="ProportionalH" value="46.000000" />
  <attribute name="Current Error" value="46.000000" />
  <attribute name="IntegralT" value="322.000000" />
  <attribute name="IntegralI" value="322.000000" />
  <attribute name="IntegralH" value="322.000000" />
  <attribute name="DerivativeT" value="-2.357143" />
  <attribute name="DerivativeI" value="-2.357143" />
  <attribute name="DerivativeH" value="-2.357143" />
  <attribute name="Loop Time for DT" value="7.000000" />
  <attribute name="Output H" value="8388608"/>
  <attribute name="Output I" value="368"/>
  <attribute name="Output T" value="4"/>
  <attribute name="Target GC Util Change" value ="20.000000" />
  <attribute name="Current GC Util Change" value="66.000000"/>
  <attribute name="GC Util currently" value="66" />
  <attribute name="CPU Util currently" value="657910947293" />
<allocation-satisfied id="3606" threadId="0000000000A79C00" bytesRequested="608" />
<af-end id="3607" timestamp="2019-06-16T18:48:46.904" threadId="0000000000A7A588" success="true" from="nursery"/>
<exclusive-end id="3608" timestamp="2019-06-16T18:48:46.904" durationms="3.208" />

<exclusive-start id="3609" timestamp="2019-06-16T18:48:46.906" intervalms="5.718">
  <response-info timems="0.049" idlems="0.049" threads="0" lastid="0000000000A85000" lastname="PmdThread 4" />
</exclusive-start>
<af-start id="3610" threadId="0000000000A85988" totalBytesRequested="40" timestamp="2019-06-16T18:48:46.906" intervalms="5.649" type="nursery" />
<cycle-start id="3611" type="scavenge" contextid="0" timestamp="2019-06-16T18:48:46.906" intervalms="5.561" />
<gc-start id="3612" type="scavenge" contextid="3611" timestamp="2019-06-16T18:48:46.906">
  <mem-info id="3613" free="2042928664" total="2092630016" percent="97">
    <mem type="nursery" free="0" total="3932160" percent="0">
      <mem type="allocate" free="0" total="3211264" percent="0" />
      <mem type="survivor" free="0" total="720896" percent="0" />
    </mem>
    <mem type="tenure" free="2042928664" total="2088697856" percent="97">
      <mem type="soa" free="1938493976" total="1984263168" percent="97" />
      <mem type="loa" free="104434688" total="104434688" percent="100" />
    </mem>
    <remembered-set count="631" />
  </mem-info>
</gc-start>
<allocation-stats totalBytes="2421304" >
  <allocated-bytes non-tlh="608" tlh="2420696" />
  <largest-consumer threadName="PmdThread 4" threadId="0000000000A85000" bytes="1056544" />
</allocation-stats>
<gc-op id="3614" type="scavenge" timems="2.422" contextid="3611" timestamp="2019-06-16T18:48:46.909">
  <scavenger-info tenureage="1" tenuremask="7ffe" tiltratio="81" />
  <memory-copied type="nursery" objects="10683" bytes="458880" bytesdiscarded="113816" />
  <memory-copied type="tenure" objects="10141" bytes="378000" bytesdiscarded="224" />
  <references type="weak" candidates="101" cleared="101" enqueued="101" />
</gc-op>
<gc-end id="3615" type="scavenge" contextid="3611" durationms="2.657" usertimems="8.000" systemtimems="0.000" timestamp="2019-06-16T18:48:46.909" activeThreads="4">
  <mem-info id="3616" free="2045214720" total="2092630016" percent="97">
    <mem type="nursery" free="2638568" total="3932160" percent="67">
      <mem type="allocate" free="2638568" total="3211264" percent="82" />
      <mem type="survivor" free="0" total="720896" percent="0" />
    </mem>
    <mem type="tenure" free="2042576152" total="2088697856" percent="97">
      <mem type="soa" free="1938141464" total="1984263168" percent="97" />
      <mem type="loa" free="104434688" total="104434688" percent="100" />
    </mem>
    <pending-finalizers system="0" default="0" reference="101" classloader="0" />
    <remembered-set count="160" />
  </mem-info>
</gc-end>
<cycle-end id="3617" type="scavenge" contextid="3611" timestamp="2019-06-16T18:48:46.909" />
  <attribute name="elasticGC enabled" value="1" />
  <attribute name= "numThreadsSpecified" value="4" />
  <attribute name="heapSize specified" value="9830400" />
  <attribute name="Current GC Util" value="42" />
  <attribute name= "Current Time Running" value="4778" />
  <attribute name ="GC Interval" value="200" />
  <attribute name="ProportionalT" value="22.000000" />
  <attribute name="ProportionalI" value="22.000000" />
  <attribute name="ProportionalH" value="22.000000" />
  <attribute name="Current Error" value="22.000000" />
  <attribute name="IntegralT" value="132.000000" />
  <attribute name="IntegralI" value="132.000000" />
  <attribute name="IntegralH" value="132.000000" />
  <attribute name="DerivativeT" value="-2.000000" />
  <attribute name="DerivativeI" value="-2.000000" />
  <attribute name="DerivativeH" value="-2.000000" />
  <attribute name="Loop Time for DT" value="6.000000" />
  <attribute name="Output H" value="8388608"/>
  <attribute name="Output I" value="200"/>
  <attribute name="Output T" value="4"/>
  <attribute name="Target GC Util Change" value ="20.000000" />
  <attribute name="Current GC Util Change" value="42.000000"/>
  <attribute name="GC Util currently" value="42" />
  <attribute name="CPU Util currently" value="833372215205" />
<allocation-satisfied id="3618" threadId="0000000000A85000" bytesRequested="40" />
<af-end id="3619" timestamp="2019-06-16T18:48:46.909" threadId="0000000000A85988" success="true" from="nursery"/>
<exclusive-end id="3620" timestamp="2019-06-16T18:48:46.909" durationms="3.284" />

<exclusive-start id="3621" timestamp="2019-06-16T18:48:46.913" intervalms="6.927">
  <response-info timems="0.032" idlems="0.032" threads="0" lastid="0000000000A7D800" lastname="PmdThread 2" />
</exclusive-start>
<af-start id="3622" threadId="0000000000A7E188" totalBytesRequested="32" timestamp="2019-06-16T18:48:46.913" intervalms="6.963" type="nursery" />
<cycle-start id="3623" type="scavenge" contextid="0" timestamp="2019-06-16T18:48:46.913" intervalms="6.984" />
<gc-start id="3624" type="scavenge" contextid="3623" timestamp="2019-06-16T18:48:46.913">
  <mem-info id="3625" free="2042575936" total="2092630016" percent="97">
    <mem type="nursery" free="0" total="3932160" percent="0">
      <mem type="allocate" free="0" total="3211264" percent="0" />
      <mem type="survivor" free="0" total="720896" percent="0" />
    </mem>
    <mem type="tenure" free="2042575936" total="2088697856" percent="97">
      <mem type="soa" free="1938141248" total="1984263168" percent="97" />
      <mem type="loa" free="104434688" total="104434688" percent="100" />
    </mem>
    <remembered-set count="2176" />
  </mem-info>
</gc-start>
<allocation-stats totalBytes="2636680" >
  <allocated-bytes non-tlh="256" tlh="2636424" />
  <largest-consumer threadName="PmdThread 2" threadId="0000000000A7D800" bytes="1002552" />
</allocation-stats>
<gc-op id="3626" type="scavenge" timems="2.332" contextid="3623" timestamp="2019-06-16T18:48:46.916">
  <scavenger-info tenureage="1" tenuremask="7ffe" tiltratio="81" />
  <memory-copied type="nursery" objects="6673" bytes="211096" bytesdiscarded="102224" />
  <memory-copied type="tenure" objects="9594" bytes="419912" bytesdiscarded="536" />
  <references type="weak" candidates="181" cleared="181" enqueued="181" />
  <references type="phantom" candidates="1" cleared="1" enqueued="1" />
</gc-op>
<gc-end id="3627" type="scavenge" contextid="3623" durationms="2.595" usertimems="8.000" systemtimems="0.000" timestamp="2019-06-16T18:48:46.916" activeThreads="4">
  <mem-info id="3628" free="2045148464" total="2092630016" percent="97">
    <mem type="nursery" free="2963456" total="3932160" percent="75">
      <mem type="allocate" free="2963456" total="3276800" percent="90" />
      <mem type="survivor" free="0" total="655360" percent="0" />
    </mem>
    <mem type="tenure" free="2042185008" total="2088697856" percent="97">
      <mem type="soa" free="1937750320" total="1984263168" percent="97" />
      <mem type="loa" free="104434688" total="104434688" percent="100" />
    </mem>
    <pending-finalizers system="0" default="0" reference="182" classloader="0" />
    <remembered-set count="2107" />
  </mem-info>
</gc-end>
<cycle-end id="3629" type="scavenge" contextid="3623" timestamp="2019-06-16T18:48:46.916" />
  <attribute name="elasticGC enabled" value="1" />
  <attribute name= "numThreadsSpecified" value="4" />
  <attribute name="heapSize specified" value="9830400" />
  <attribute name="Current GC Util" value="55" />
  <attribute name= "Current Time Running" value="4785" />
  <attribute name ="GC Interval" value="280" />
  <attribute name="ProportionalT" value="35.000000" />
  <attribute name="ProportionalI" value="35.000000" />
  <attribute name="ProportionalH" value="35.000000" />
  <attribute name="Current Error" value="35.000000" />
  <attribute name="IntegralT" value="245.000000" />
  <attribute name="IntegralI" value="245.000000" />
  <attribute name="IntegralH" value="245.000000" />
  <attribute name="DerivativeT" value="0.928571" />
  <attribute name="DerivativeI" value="0.928571" />
  <attribute name="DerivativeH" value="0.928571" />
  <attribute name="Loop Time for DT" value="7.000000" />
  <attribute name="Output H" value="8388608"/>
  <attribute name="Output I" value="280"/>
  <attribute name="Output T" value="4"/>
  <attribute name="Target GC Util Change" value ="20.000000" />
  <attribute name="Current GC Util Change" value="55.000000"/>
  <attribute name="GC Util currently" value="55" />
  <attribute name="CPU Util currently" value="651988757253" />
<allocation-satisfied id="3630" threadId="0000000000A7D800" bytesRequested="32" />
<af-end id="3631" timestamp="2019-06-16T18:48:46.916" threadId="0000000000A7E188" success="true" from="nursery"/>
<exclusive-end id="3632" timestamp="2019-06-16T18:48:46.916" durationms="3.243" />

<exclusive-start id="3633" timestamp="2019-06-16T18:48:46.920" intervalms="6.603">
  <response-info timems="0.032" idlems="0.032" threads="0" lastid="0000000000A85000" lastname="PmdThread 4" />
</exclusive-start>
<af-start id="3634" threadId="0000000000A85988" totalBytesRequested="48" timestamp="2019-06-16T18:48:46.920" intervalms="6.581" type="nursery" />
<cycle-start id="3635" type="scavenge" contextid="0" timestamp="2019-06-16T18:48:46.920" intervalms="6.559" />
<gc-start id="3636" type="scavenge" contextid="3635" timestamp="2019-06-16T18:48:46.920">
  <mem-info id="3637" free="2042184568" total="2092630016" percent="97">
    <mem type="nursery" free="0" total="3932160" percent="0">
      <mem type="allocate" free="0" total="3276800" percent="0" />
      <mem type="survivor" free="0" total="655360" percent="0" />
    </mem>
    <mem type="tenure" free="2042184568" total="2088697856" percent="97">
      <mem type="soa" free="1937749880" total="1984263168" percent="97" />
      <mem type="loa" free="104434688" total="104434688" percent="100" />
    </mem>
    <remembered-set count="3563" />
  </mem-info>
</gc-start>
<allocation-stats totalBytes="2961624" >
  <allocated-bytes non-tlh="472" tlh="2961152" />
  <largest-consumer threadName="PmdThread 4" threadId="0000000000A85000" bytes="1801912" />
</allocation-stats>
<gc-op id="3638" type="scavenge" timems="1.799" contextid="3635" timestamp="2019-06-16T18:48:46.922">
  <scavenger-info tenureage="2" tenuremask="7ffc" tiltratio="83" />
  <memory-copied type="nursery" objects="9502" bytes="352080" bytesdiscarded="103064" />
  <references type="weak" candidates="134" cleared="133" enqueued="133" />
</gc-op>
<gc-end id="3639" type="scavenge" contextid="3635" durationms="2.011" usertimems="4.000" systemtimems="0.000" timestamp="2019-06-16T18:48:46.922" activeThreads="4">
  <mem-info id="3640" free="2045006176" total="2092630016" percent="97">
    <mem type="nursery" free="2821608" total="3932160" percent="71">
      <mem type="allocate" free="2821608" total="3276800" percent="86" />
      <mem type="survivor" free="0" total="655360" percent="0" />
    </mem>
    <mem type="tenure" free="2042184568" total="2088697856" percent="97">
      <mem type="soa" free="1937749880" total="1984263168" percent="97" />
      <mem type="loa" free="104434688" total="104434688" percent="100" />
    </mem>
    <pending-finalizers system="0" default="0" reference="133" classloader="0" />
    <remembered-set count="3216" />
  </mem-info>
</gc-end>
<cycle-end id="3641" type="scavenge" contextid="3635" timestamp="2019-06-16T18:48:46.922" />
  <attribute name="elasticGC enabled" value="1" />
  <attribute name= "numThreadsSpecified" value="4" />
  <attribute name="heapSize specified" value="9830400" />
  <attribute name="Current GC Util" value="85" />
  <attribute name= "Current Time Running" value="4791" />
  <attribute name ="GC Interval" value="464" />
  <attribute name="ProportionalT" value="65.000000" />
  <attribute name="ProportionalI" value="65.000000" />
  <attribute name="ProportionalH" value="65.000000" />
  <attribute name="Current Error" value="65.000000" />
  <attribute name="IntegralT" value="390.000000" />
  <attribute name="IntegralI" value="390.000000" />
  <attribute name="IntegralH" value="390.000000" />
  <attribute name="DerivativeT" value="2.500000" />
  <attribute name="DerivativeI" value="2.500000" />
  <attribute name="DerivativeH" value="2.500000" />
  <attribute name="Loop Time for DT" value="6.000000" />
  <attribute name="Output H" value="8388608"/>
  <attribute name="Output I" value="464"/>
  <attribute name="Output T" value="4"/>
  <attribute name="Target GC Util Change" value ="20.000000" />
  <attribute name="Current GC Util Change" value="85.000000"/>
  <attribute name="GC Util currently" value="85" />
  <attribute name="CPU Util currently" value="713504107877" />
<allocation-satisfied id="3642" threadId="0000000000A85000" bytesRequested="48" />
<af-end id="3643" timestamp="2019-06-16T18:48:46.922" threadId="0000000000A85988" success="true" from="nursery"/>
<exclusive-end id="3644" timestamp="2019-06-16T18:48:46.922" durationms="2.451" />

<exclusive-start id="3645" timestamp="2019-06-16T18:48:46.925" intervalms="5.572">
  <response-info timems="0.050" idlems="0.050" threads="0" lastid="0000000000A85000" lastname="PmdThread 4" />
</exclusive-start>
<af-start id="3646" threadId="0000000000A85988" totalBytesRequested="16" timestamp="2019-06-16T18:48:46.925" intervalms="5.553" type="nursery" />
<cycle-start id="3647" type="scavenge" contextid="0" timestamp="2019-06-16T18:48:46.925" intervalms="5.548" />
<gc-start id="3648" type="scavenge" contextid="3647" timestamp="2019-06-16T18:48:46.925">
  <mem-info id="3649" free="2042184568" total="2092630016" percent="97">
    <mem type="nursery" free="0" total="3932160" percent="0">
      <mem type="allocate" free="0" total="3276800" percent="0" />
      <mem type="survivor" free="0" total="655360" percent="0" />
    </mem>
    <mem type="tenure" free="2042184568" total="2088697856" percent="97">
      <mem type="soa" free="1937749880" total="1984263168" percent="97" />
      <mem type="loa" free="104434688" total="104434688" percent="100" />
    </mem>
    <remembered-set count="4245" />
  </mem-info>
</gc-start>
<allocation-stats totalBytes="2819392" >
  <allocated-bytes non-tlh="48" tlh="2819344" />
  <largest-consumer threadName="PmdThread 4" threadId="0000000000A85000" bytes="1670768" />
</allocation-stats>
<gc-op id="3650" type="scavenge" timems="2.154" contextid="3647" timestamp="2019-06-16T18:48:46.928">
  <scavenger-info tenureage="2" tenuremask="7ffc" tiltratio="83" />
  <memory-copied type="nursery" objects="4963" bytes="310192" bytesdiscarded="135224" />
  <memory-copied type="tenure" objects="6149" bytes="185904" bytesdiscarded="16" />
  <references type="weak" candidates="113" cleared="113" enqueued="113" />
  <references type="phantom" candidates="3" cleared="3" enqueued="3" />
</gc-op>
<gc-end id="3651" type="scavenge" contextid="3647" durationms="2.341" usertimems="8.000" systemtimems="0.000" timestamp="2019-06-16T18:48:46.928" activeThreads="4">
  <mem-info id="3652" free="2044854464" total="2092630016" percent="97">
    <mem type="nursery" free="2896456" total="3932160" percent="73">
      <mem type="allocate" free="2896456" total="3342336" percent="86" />
      <mem type="survivor" free="0" total="589824" percent="0" />
    </mem>
    <mem type="tenure" free="2041958008" total="2088697856" percent="97">
      <mem type="soa" free="1937523320" total="1984263168" percent="97" />
      <mem type="loa" free="104434688" total="104434688" percent="100" />
    </mem>
    <pending-finalizers system="0" default="0" reference="116" classloader="0" />
    <remembered-set count="1384" />
  </mem-info>
</gc-end>
<cycle-end id="3653" type="scavenge" contextid="3647" timestamp="2019-06-16T18:48:46.928" />
  <attribute name="elasticGC enabled" value="1" />
  <attribute name= "numThreadsSpecified" value="4" />
  <attribute name="heapSize specified" value="9830400" />
  <attribute name="Current GC Util" value="63" />
  <attribute name= "Current Time Running" value="4797" />
  <attribute name ="GC Interval" value="304" />
  <attribute name="ProportionalT" value="43.000000" />
  <attribute name="ProportionalI" value="43.000000" />
  <attribute name="ProportionalH" value="43.000000" />
  <attribute name="Current Error" value="43.000000" />
  <attribute name="IntegralT" value="258.000000" />
  <attribute name="IntegralI" value="258.000000" />
  <attribute name="IntegralH" value="258.000000" />
  <attribute name="DerivativeT" value="-1.833333" />
  <attribute name="DerivativeI" value="-1.833333" />
  <attribute name="DerivativeH" value="-1.833333" />
  <attribute name="Loop Time for DT" value="6.000000" />
  <attribute name="Output H" value="8388608"/>
  <attribute name="Output I" value="304"/>
  <attribute name="Output T" value="4"/>
  <attribute name="Target GC Util Change" value ="20.000000" />
  <attribute name="Current GC Util Change" value="63.000000"/>
  <attribute name="GC Util currently" value="63" />
  <attribute name="CPU Util currently" value="832258679784" />
<allocation-satisfied id="3654" threadId="0000000000A85000" bytesRequested="16" />
<af-end id="3655" timestamp="2019-06-16T18:48:46.928" threadId="0000000000A85988" success="true" from="nursery"/>
<exclusive-end id="3656" timestamp="2019-06-16T18:48:46.928" durationms="2.766" />

<exclusive-start id="3657" timestamp="2019-06-16T18:48:46.933" intervalms="7.854">
  <response-info timems="0.035" idlems="0.035" threads="0" lastid="0000000000A7D800" lastname="PmdThread 2" />
</exclusive-start>
<af-start id="3658" threadId="0000000000A7E188" totalBytesRequested="632" timestamp="2019-06-16T18:48:46.933" intervalms="7.885" type="nursery" />
<cycle-start id="3659" type="scavenge" contextid="0" timestamp="2019-06-16T18:48:46.933" intervalms="7.909" />
<gc-start id="3660" type="scavenge" contextid="3659" timestamp="2019-06-16T18:48:46.933">
  <mem-info id="3661" free="2041958008" total="2092630016" percent="97">
    <mem type="nursery" free="0" total="3932160" percent="0">
      <mem type="allocate" free="0" total="3342336" percent="0" />
      <mem type="survivor" free="0" total="589824" percent="0" />
    </mem>
    <mem type="tenure" free="2041958008" total="2088697856" percent="97">
      <mem type="soa" free="1937523320" total="1984263168" percent="97" />
      <mem type="loa" free="104434688" total="104434688" percent="100" />
    </mem>
    <remembered-set count="4023" />
  </mem-info>
</gc-start>
<allocation-stats totalBytes="2891920" >
  <allocated-bytes non-tlh="16" tlh="2891904" />
  <largest-consumer threadName="PmdThread 2" threadId="0000000000A7D800" bytes="1103272" />
</allocation-stats>
<gc-op id="3662" type="scavenge" timems="1.371" contextid="3659" timestamp="2019-06-16T18:48:46.935">
  <scavenger-info tenureage="3" tenuremask="7ff8" tiltratio="85" />
  <memory-copied type="nursery" objects="5432" bytes="289448" bytesdiscarded="173600" />
  <references type="weak" candidates="232" cleared="232" enqueued="232" />
  <references type="phantom" candidates="1" cleared="1" enqueued="1" />
</gc-op>
<gc-end id="3663" type="scavenge" contextid="3659" durationms="1.624" usertimems="4.000" systemtimems="0.000" timestamp="2019-06-16T18:48:46.935" activeThreads="4">
  <mem-info id="3664" free="2044902744" total="2092630016" percent="97">
    <mem type="nursery" free="2944736" total="3932160" percent="74">
      <mem type="allocate" free="2944736" total="3407872" percent="86" />
      <mem type="survivor" free="0" total="524288" percent="0" />
    </mem>
    <mem type="tenure" free="2041958008" total="2088697856" percent="97">
      <mem type="soa" free="1937523320" total="1984263168" percent="97" />
      <mem type="loa" free="104434688" total="104434688" percent="100" />
    </mem>
    <pending-finalizers system="0" default="0" reference="233" classloader="0" />
    <remembered-set count="1372" />
  </mem-info>
</gc-end>
<cycle-end id="3665" type="scavenge" contextid="3659" timestamp="2019-06-16T18:48:46.935" />
  <attribute name="elasticGC enabled" value="1" />
  <attribute name= "numThreadsSpecified" value="4" />
  <attribute name="heapSize specified" value="9830400" />
  <attribute name="Current GC Util" value="64" />
  <attribute name= "Current Time Running" value="4805" />
  <attribute name ="GC Interval" value="400" />
  <attribute name="ProportionalT" value="44.000000" />
  <attribute name="ProportionalI" value="44.000000" />
  <attribute name="ProportionalH" value="44.000000" />
  <attribute name="Current Error" value="44.000000" />
  <attribute name="IntegralT" value="352.000000" />
  <attribute name="IntegralI" value="352.000000" />
  <attribute name="IntegralH" value="352.000000" />
  <attribute name="DerivativeT" value="0.062500" />
  <attribute name="DerivativeI" value="0.062500" />
  <attribute name="DerivativeH" value="0.062500" />
  <attribute name="Loop Time for DT" value="8.000000" />
  <attribute name="Output H" value="8388608"/>
  <attribute name="Output I" value="400"/>
  <attribute name="Output T" value="4"/>
  <attribute name="Target GC Util Change" value ="20.000000" />
  <attribute name="Current GC Util Change" value="64.000000"/>
  <attribute name="GC Util currently" value="64" />
  <attribute name="CPU Util currently" value="578148654562" />
<allocation-satisfied id="3666" threadId="0000000000A7D800" bytesRequested="632" />
<af-end id="3667" timestamp="2019-06-16T18:48:46.935" threadId="0000000000A7E188" success="true" from="nursery"/>
<exclusive-end id="3668" timestamp="2019-06-16T18:48:46.935" durationms="2.228" />

<exclusive-start id="3669" timestamp="2019-06-16T18:48:46.943" intervalms="9.629">
  <response-info timems="0.029" idlems="0.029" threads="0" lastid="0000000000A7D800" lastname="PmdThread 2" />
</exclusive-start>
<af-start id="3670" threadId="0000000000A7E188" totalBytesRequested="72" timestamp="2019-06-16T18:48:46.943" intervalms="9.693" type="nursery" />
<cycle-start id="3671" type="scavenge" contextid="0" timestamp="2019-06-16T18:48:46.943" intervalms="9.769" />
<gc-start id="3672" type="scavenge" contextid="3671" timestamp="2019-06-16T18:48:46.943">
  <mem-info id="3673" free="2041957808" total="2092630016" percent="97">
    <mem type="nursery" free="0" total="3932160" percent="0">
      <mem type="allocate" free="0" total="3407872" percent="0" />
      <mem type="survivor" free="0" total="524288" percent="0" />
    </mem>
    <mem type="tenure" free="2041957808" total="2088697856" percent="97">
      <mem type="soa" free="1937523120" total="1984263168" percent="97" />
      <mem type="loa" free="104434688" total="104434688" percent="100" />
    </mem>
    <remembered-set count="4175" />
  </mem-info>
</gc-start>
<allocation-stats totalBytes="2941992" >
  <allocated-bytes non-tlh="17224" tlh="2924768" />
  <largest-consumer threadName="PmdThread 3" threadId="0000000000A81400" bytes="1050872" />
</allocation-stats>
<gc-op id="3674" type="scavenge" timems="1.259" contextid="3671" timestamp="2019-06-16T18:48:46.945">
  <scavenger-info tenureage="4" tenuremask="7ff0" tiltratio="86" />
  <memory-copied type="nursery" objects="7524" bytes="323520" bytesdiscarded="154328" />
  <references type="weak" candidates="212" cleared="212" enqueued="212" />
  <references type="phantom" candidates="1" cleared="1" enqueued="1" />
</gc-op>
<gc-end id="3675" type="scavenge" contextid="3671" durationms="1.698" usertimems="4.000" systemtimems="0.000" timestamp="2019-06-16T18:48:46.945" activeThreads="4">
  <mem-info id="3676" free="2044886688" total="2092630016" percent="97">
    <mem type="nursery" free="2928880" total="3932160" percent="74">
      <mem type="allocate" free="2928880" total="3407872" percent="85" />
      <mem type="survivor" free="0" total="524288" percent="0" />
    </mem>
    <mem type="tenure" free="2041957808" total="2088697856" percent="97">
      <mem type="soa" free="1937523120" total="1984263168" percent="97" />
      <mem type="loa" free="104434688" total="104434688" percent="100" />
    </mem>
    <pending-finalizers system="0" default="0" reference="213" classloader="0" />
    <remembered-set count="1388" />
  </mem-info>
</gc-end>
<cycle-end id="3677" type="scavenge" contextid="3671" timestamp="2019-06-16T18:48:46.945" />
  <attribute name="elasticGC enabled" value="1" />
  <attribute name= "numThreadsSpecified" value="4" />
  <attribute name="heapSize specified" value="9830400" />
  <attribute name="Current GC Util" value="35" />
  <attribute name= "Current Time Running" value="4815" />
  <attribute name ="GC Interval" value="200" />
  <attribute name="ProportionalT" value="15.000000" />
  <attribute name="ProportionalI" value="15.000000" />
  <attribute name="ProportionalH" value="15.000000" />
  <attribute name="Current Error" value="15.000000" />
  <attribute name="IntegralT" value="150.000000" />
  <attribute name="IntegralI" value="150.000000" />
  <attribute name="IntegralH" value="150.000000" />
  <attribute name="DerivativeT" value="-1.450000" />
  <attribute name="DerivativeI" value="-1.450000" />
  <attribute name="DerivativeH" value="-1.450000" />
  <attribute name="Loop Time for DT" value="10.000000" />
  <attribute name="Output H" value="8388608"/>
  <attribute name="Output I" value="200"/>
  <attribute name="Output T" value="4"/>
  <attribute name="Target GC Util Change" value ="20.000000" />
  <attribute name="Current GC Util Change" value="35.000000"/>
  <attribute name="GC Util currently" value="35" />
  <attribute name="CPU Util currently" value="465640094911" />
<allocation-satisfied id="3678" threadId="0000000000A7D800" bytesRequested="72" />
<af-end id="3679" timestamp="2019-06-16T18:48:46.945" threadId="0000000000A7E188" success="true" from="nursery"/>
<exclusive-end id="3680" timestamp="2019-06-16T18:48:46.945" durationms="2.503" />

<exclusive-start id="3681" timestamp="2019-06-16T18:48:46.948" intervalms="5.670">
  <response-info timems="0.042" idlems="0.042" threads="0" lastid="0000000000A85000" lastname="PmdThread 4" />
</exclusive-start>
<af-start id="3682" threadId="0000000000A85988" totalBytesRequested="24" timestamp="2019-06-16T18:48:46.948" intervalms="5.579" type="nursery" />
<cycle-start id="3683" type="scavenge" contextid="0" timestamp="2019-06-16T18:48:46.949" intervalms="5.518" />
<gc-start id="3684" type="scavenge" contextid="3683" timestamp="2019-06-16T18:48:46.949">
  <mem-info id="3685" free="2041957808" total="2092630016" percent="97">
    <mem type="nursery" free="0" total="3932160" percent="0">
      <mem type="allocate" free="0" total="3407872" percent="0" />
      <mem type="survivor" free="0" total="524288" percent="0" />
    </mem>
    <mem type="tenure" free="2041957808" total="2088697856" percent="97">
      <mem type="soa" free="1937523120" total="1984263168" percent="97" />
      <mem type="loa" free="104434688" total="104434688" percent="100" />
    </mem>
    <remembered-set count="2184" />
  </mem-info>
</gc-start>
<allocation-stats totalBytes="2925920" >
  <allocated-bytes non-tlh="72" tlh="2925848" />
  <largest-consumer threadName="PmdThread 4" threadId="0000000000A85000" bytes="1089640" />
</allocation-stats>
<gc-op id="3686" type="scavenge" timems="1.313" contextid="3683" timestamp="2019-06-16T18:48:46.950">
  <scavenger-info tenureage="5" tenuremask="7fe0" tiltratio="86" />
  <memory-copied type="nursery" objects="7429" bytes="325776" bytesdiscarded="83256" />
  <references type="weak" candidates="97" cleared="97" enqueued="97" />
</gc-op>
<gc-end id="3687" type="scavenge" contextid="3683" durationms="1.475" usertimems="4.000" systemtimems="0.000" timestamp="2019-06-16T18:48:46.950" activeThreads="4">
  <mem-info id="3688" free="2044956608" total="2092630016" percent="97">
    <mem type="nursery" free="2998800" total="3932160" percent="76">
      <mem type="allocate" free="2998800" total="3407872" percent="87" />
      <mem type="survivor" free="0" total="524288" percent="0" />
    </mem>
    <mem type="tenure" free="2041957808" total="2088697856" percent="97">
      <mem type="soa" free="1937523120" total="1984263168" percent="97" />
      <mem type="loa" free="104434688" total="104434688" percent="100" />
    </mem>
    <pending-finalizers system="0" default="0" reference="97" classloader="0" />
    <remembered-set count="1388" />
  </mem-info>
</gc-end>
<cycle-end id="3689" type="scavenge" contextid="3683" timestamp="2019-06-16T18:48:46.950" />
  <attribute name="elasticGC enabled" value="1" />
  <attribute name= "numThreadsSpecified" value="4" />
  <attribute name="heapSize specified" value="9830400" />
  <attribute name="Current GC Util" value="51" />
  <attribute name= "Current Time Running" value="4820" />
  <attribute name ="GC Interval" value="200" />
  <attribute name="ProportionalT" value="31.000000" />
  <attribute name="ProportionalI" value="31.000000" />
  <attribute name="ProportionalH" value="31.000000" />
  <attribute name="Current Error" value="31.000000" />
  <attribute name="IntegralT" value="155.000000" />
  <attribute name="IntegralI" value="155.000000" />
  <attribute name="IntegralH" value="155.000000" />
  <attribute name="DerivativeT" value="1.600000" />
  <attribute name="DerivativeI" value="1.600000" />
  <attribute name="DerivativeH" value="1.600000" />
  <attribute name="Loop Time for DT" value="5.000000" />
  <attribute name="Output H" value="8388608"/>
  <attribute name="Output I" value="200"/>
  <attribute name="Output T" value="4"/>
  <attribute name="Target GC Util Change" value ="20.000000" />
  <attribute name="Current GC Util Change" value="51.000000"/>
  <attribute name="GC Util currently" value="51" />
  <attribute name="CPU Util currently" value="856385893966" />
<allocation-satisfied id="3690" threadId="0000000000A85000" bytesRequested="24" />
<af-end id="3691" timestamp="2019-06-16T18:48:46.950" threadId="0000000000A85988" success="true" from="nursery"/>
<exclusive-end id="3692" timestamp="2019-06-16T18:48:46.950" durationms="1.920" />

<exclusive-start id="3693" timestamp="2019-06-16T18:48:46.953" intervalms="4.457">
  <response-info timems="0.048" idlems="0.048" threads="0" lastid="0000000000A85000" lastname="PmdThread 4" />
</exclusive-start>
<af-start id="3694" threadId="0000000000A85988" totalBytesRequested="48" timestamp="2019-06-16T18:48:46.953" intervalms="4.486" type="nursery" />
<cycle-start id="3695" type="scavenge" contextid="0" timestamp="2019-06-16T18:48:46.953" intervalms="4.476" />
<gc-start id="3696" type="scavenge" contextid="3695" timestamp="2019-06-16T18:48:46.953">
  <mem-info id="3697" free="2041957808" total="2092630016" percent="97">
    <mem type="nursery" free="0" total="3932160" percent="0">
      <mem type="allocate" free="0" total="3407872" percent="0" />
      <mem type="survivor" free="0" total="524288" percent="0" />
    </mem>
    <mem type="tenure" free="2041957808" total="2088697856" percent="97">
      <mem type="soa" free="1937523120" total="1984263168" percent="97" />
      <mem type="loa" free="104434688" total="104434688" percent="100" />
    </mem>
    <remembered-set count="1912" />
  </mem-info>
</gc-start>
<allocation-stats totalBytes="2993632" >
  <allocated-bytes non-tlh="16416" tlh="2977216" />
  <largest-consumer threadName="PmdThread 4" threadId="0000000000A85000" bytes="1584968" />
</allocation-stats>
<gc-op id="3698" type="scavenge" timems="1.472" contextid="3695" timestamp="2019-06-16T18:48:46.955">
  <scavenger-info tenureage="6" tenuremask="7fc0" tiltratio="86" />
  <memory-copied type="nursery" objects="7646" bytes="401504" bytesdiscarded="88424" />
  <references type="weak" candidates="112" cleared="112" enqueued="112" />
  <references type="phantom" candidates="1" cleared="0" enqueued="0" />
</gc-op>
<gc-end id="3699" type="scavenge" contextid="3695" durationms="1.698" usertimems="4.000" systemtimems="0.000" timestamp="2019-06-16T18:48:46.955" activeThreads="4">
  <mem-info id="3700" free="2044875712" total="2092630016" percent="97">
    <mem type="nursery" free="2917904" total="3932160" percent="74">
      <mem type="allocate" free="2917904" total="3407872" percent="85" />
      <mem type="survivor" free="0" total="524288" percent="0" />
    </mem>
    <mem type="tenure" free="2041957808" total="2088697856" percent="97">
      <mem type="soa" free="1937523120" total="1984263168" percent="97" />
      <mem type="loa" free="104434688" total="104434688" percent="100" />
    </mem>
    <pending-finalizers system="0" default="0" reference="112" classloader="0" />
    <remembered-set count="1390" />
  </mem-info>
</gc-end>
<cycle-end id="3701" type="scavenge" contextid="3695" timestamp="2019-06-16T18:48:46.955" />
  <attribute name="elasticGC enabled" value="1" />
  <attribute name= "numThreadsSpecified" value="4" />
  <attribute name="heapSize specified" value="9830400" />
  <attribute name="Current GC Util" value="65" />
  <attribute name= "Current Time Running" value="4825" />
  <attribute name ="GC Interval" value="272" />
  <attribute name="ProportionalT" value="45.000000" />
  <attribute name="ProportionalI" value="45.000000" />
  <attribute name="ProportionalH" value="45.000000" />
  <attribute name="Current Error" value="45.000000" />
  <attribute name="IntegralT" value="225.000000" />
  <attribute name="IntegralI" value="225.000000" />
  <attribute name="IntegralH" value="225.000000" />
  <attribute name="DerivativeT" value="1.400000" />
  <attribute name="DerivativeI" value="1.400000" />
  <attribute name="DerivativeH" value="1.400000" />
  <attribute name="Loop Time for DT" value="5.000000" />
  <attribute name="Output H" value="8388608"/>
  <attribute name="Output I" value="272"/>
  <attribute name="Output T" value="4"/>
  <attribute name="Target GC Util Change" value ="20.000000" />
  <attribute name="Current GC Util Change" value="65.000000"/>
  <attribute name="GC Util currently" value="65" />
  <attribute name="CPU Util currently" value="1043976780189" />
<allocation-satisfied id="3702" threadId="0000000000A85000" bytesRequested="48" />
<af-end id="3703" timestamp="2019-06-16T18:48:46.955" threadId="0000000000A85988" success="true" from="nursery"/>
<exclusive-end id="3704" timestamp="2019-06-16T18:48:46.955" durationms="2.092" />

<exclusive-start id="3705" timestamp="2019-06-16T18:48:46.957" intervalms="4.104">
  <response-info timems="0.024" idlems="0.024" threads="0" lastid="0000000000A7D800" lastname="PmdThread 2" />
</exclusive-start>
<af-start id="3706" threadId="0000000000A7E188" totalBytesRequested="16" timestamp="2019-06-16T18:48:46.957" intervalms="4.096" type="nursery" />
<cycle-start id="3707" type="scavenge" contextid="0" timestamp="2019-06-16T18:48:46.957" intervalms="4.091" />
<gc-start id="3708" type="scavenge" contextid="3707" timestamp="2019-06-16T18:48:46.957">
  <mem-info id="3709" free="2041957808" total="2092630016" percent="97">
    <mem type="nursery" free="0" total="3932160" percent="0">
      <mem type="allocate" free="0" total="3407872" percent="0" />
      <mem type="survivor" free="0" total="524288" percent="0" />
    </mem>
    <mem type="tenure" free="2041957808" total="2088697856" percent="97">
      <mem type="soa" free="1937523120" total="1984263168" percent="97" />
      <mem type="loa" free="104434688" total="104434688" percent="100" />
    </mem>
    <remembered-set count="1492" />
  </mem-info>
</gc-start>
<allocation-stats totalBytes="2917112" >
  <allocated-bytes non-tlh="48" tlh="2917064" />
  <largest-consumer threadName="PmdThread 4" threadId="0000000000A85000" bytes="1574320" />
</allocation-stats>
<gc-op id="3710" type="scavenge" timems="2.161" contextid="3707" timestamp="2019-06-16T18:48:46.959">
  <scavenger-info tenureage="3" tenuremask="7fc8" tiltratio="86" />
  <memory-copied type="nursery" objects="3461" bytes="183872" bytesdiscarded="114616" />
  <memory-copied type="tenure" objects="5481" bytes="255336" bytesdiscarded="56" />
  <references type="weak" candidates="42" cleared="42" enqueued="42" />
  <references type="phantom" candidates="1" cleared="1" enqueued="1" />
</gc-op>
<gc-end id="3711" type="scavenge" contextid="3707" durationms="2.459" usertimems="4.000" systemtimems="0.000" timestamp="2019-06-16T18:48:46.960" activeThreads="4">
  <mem-info id="3712" free="2044824456" total="2092630016" percent="97">
    <mem type="nursery" free="3109352" total="3932160" percent="79">
      <mem type="allocate" free="3109352" total="3407872" percent="91" />
      <mem type="survivor" free="0" total="524288" percent="0" />
    </mem>
    <mem type="tenure" free="2041715104" total="2088697856" percent="97">
      <mem type="soa" free="1937280416" total="1984263168" percent="97" />
      <mem type="loa" free="104434688" total="104434688" percent="100" />
    </mem>
    <pending-finalizers system="0" default="0" reference="43" classloader="0" />
    <remembered-set count="615" />
  </mem-info>
</gc-end>
<cycle-end id="3713" type="scavenge" contextid="3707" timestamp="2019-06-16T18:48:46.960" />
  <attribute name="elasticGC enabled" value="1" />
  <attribute name= "numThreadsSpecified" value="4" />
  <attribute name="heapSize specified" value="9830400" />
  <attribute name="Current GC Util" value="65" />
  <attribute name= "Current Time Running" value="4829" />
  <attribute name ="GC Interval" value="232" />
  <attribute name="ProportionalT" value="45.000000" />
  <attribute name="ProportionalI" value="45.000000" />
  <attribute name="ProportionalH" value="45.000000" />
  <attribute name="Current Error" value="45.000000" />
  <attribute name="IntegralT" value="180.000000" />
  <attribute name="IntegralI" value="180.000000" />
  <attribute name="IntegralH" value="180.000000" />
  <attribute name="DerivativeT" value="0.000000" />
  <attribute name="DerivativeI" value="0.000000" />
  <attribute name="DerivativeH" value="0.000000" />
  <attribute name="Loop Time for DT" value="4.000000" />
  <attribute name="Output H" value="8388608"/>
  <attribute name="Output I" value="232"/>
  <attribute name="Output T" value="4"/>
  <attribute name="Target GC Util Change" value ="20.000000" />
  <attribute name="Current GC Util Change" value="65.000000"/>
  <attribute name="GC Util currently" value="65" />
  <attribute name="CPU Util currently" value="1110743780779" />
<allocation-satisfied id="3714" threadId="0000000000A7D800" bytesRequested="16" />
<af-end id="3715" timestamp="2019-06-16T18:48:46.960" threadId="0000000000A7E188" success="true" from="nursery"/>
<exclusive-end id="3716" timestamp="2019-06-16T18:48:46.960" durationms="3.193" />

<exclusive-start id="3717" timestamp="2019-06-16T18:48:46.962" intervalms="5.114">
  <response-info timems="0.037" idlems="0.037" threads="0" lastid="0000000000A85000" lastname="PmdThread 4" />
</exclusive-start>
<af-start id="3718" threadId="0000000000A85988" totalBytesRequested="40" timestamp="2019-06-16T18:48:46.962" intervalms="5.116" type="nursery" />
<cycle-start id="3719" type="scavenge" contextid="0" timestamp="2019-06-16T18:48:46.962" intervalms="5.093" />
<gc-start id="3720" type="scavenge" contextid="3719" timestamp="2019-06-16T18:48:46.962">
  <mem-info id="3721" free="2041715104" total="2092630016" percent="97">
    <mem type="nursery" free="0" total="3932160" percent="0">
      <mem type="allocate" free="0" total="3407872" percent="0" />
      <mem type="survivor" free="0" total="524288" percent="0" />
    </mem>
    <mem type="tenure" free="2041715104" total="2088697856" percent="97">
      <mem type="soa" free="1937280416" total="1984263168" percent="97" />
      <mem type="loa" free="104434688" total="104434688" percent="100" />
    </mem>
    <remembered-set count="666" />
  </mem-info>
</gc-start>
<allocation-stats totalBytes="3087640" >
  <allocated-bytes non-tlh="16" tlh="3087624" />
  <largest-consumer threadName="PmdThread 2" threadId="0000000000A7D800" bytes="1462576" />
</allocation-stats>
<gc-op id="3722" type="scavenge" timems="1.657" contextid="3719" timestamp="2019-06-16T18:48:46.964">
  <scavenger-info tenureage="6" tenuremask="7fc0" tiltratio="86" />
  <memory-copied type="nursery" objects="2098" bytes="205960" bytesdiscarded="85912" />
  <memory-copied type="tenure" objects="1393" bytes="44136" bytesdiscarded="0" />
  <references type="weak" candidates="44" cleared="44" enqueued="44" />
  <references type="phantom" candidates="1" cleared="0" enqueued="0" />
</gc-op>
<gc-end id="3723" type="scavenge" contextid="3719" durationms="1.862" usertimems="4.000" systemtimems="0.000" timestamp="2019-06-16T18:48:46.964" activeThreads="4">
  <mem-info id="3724" free="2044856960" total="2092630016" percent="97">
    <mem type="nursery" free="3181024" total="3932160" percent="80">
      <mem type="allocate" free="3181024" total="3473408" percent="91" />
      <mem type="survivor" free="0" total="458752" percent="0" />
    </mem>
    <mem type="tenure" free="2041675936" total="2088697856" percent="97">
      <mem type="soa" free="1937241248" total="1984263168" percent="97" />
      <mem type="loa" free="104434688" total="104434688" percent="100" />
    </mem>
    <pending-finalizers system="0" default="0" reference="44" classloader="0" />
    <remembered-set count="138" />
  </mem-info>
</gc-end>
<cycle-end id="3725" type="scavenge" contextid="3719" timestamp="2019-06-16T18:48:46.964" />
  <attribute name="elasticGC enabled" value="1" />
  <attribute name= "numThreadsSpecified" value="4" />
  <attribute name="heapSize specified" value="9830400" />
  <attribute name="Current GC Util" value="101" />
  <attribute name= "Current Time Running" value="4834" />
  <attribute name ="GC Interval" value="496" />
  <attribute name="ProportionalT" value="81.000000" />
  <attribute name="ProportionalI" value="81.000000" />
  <attribute name="ProportionalH" value="81.000000" />
  <attribute name="Current Error" value="81.000000" />
  <attribute name="IntegralT" value="405.000000" />
  <attribute name="IntegralI" value="405.000000" />
  <attribute name="IntegralH" value="405.000000" />
  <attribute name="DerivativeT" value="3.600000" />
  <attribute name="DerivativeI" value="3.600000" />
  <attribute name="DerivativeH" value="3.600000" />
  <attribute name="Loop Time for DT" value="5.000000" />
  <attribute name="Output H" value="8388608"/>
  <attribute name="Output I" value="496"/>
  <attribute name="Output T" value="4"/>
  <attribute name="Target GC Util Change" value ="20.000000" />
  <attribute name="Current GC Util Change" value="101.000000"/>
  <attribute name="GC Util currently" value="101" />
  <attribute name="CPU Util currently" value="916870815319" />
<allocation-satisfied id="3726" threadId="0000000000A85000" bytesRequested="40" />
<af-end id="3727" timestamp="2019-06-16T18:48:46.964" threadId="0000000000A85988" success="true" from="nursery"/>
<exclusive-end id="3728" timestamp="2019-06-16T18:48:46.964" durationms="2.362" />

<exclusive-start id="3729" timestamp="2019-06-16T18:48:46.967" intervalms="4.850">
  <response-info timems="0.200" idlems="0.183" threads="1" lastid="0000000000A79C00" lastname="PmdThread 1" />
</exclusive-start>
<af-start id="3730" threadId="0000000000A81D88" totalBytesRequested="8200" timestamp="2019-06-16T18:48:46.967" intervalms="4.834" type="nursery" />
<cycle-start id="3731" type="scavenge" contextid="0" timestamp="2019-06-16T18:48:46.967" intervalms="4.847" />
<gc-start id="3732" type="scavenge" contextid="3731" timestamp="2019-06-16T18:48:46.967">
  <mem-info id="3733" free="2041675936" total="2092630016" percent="97">
    <mem type="nursery" free="0" total="3932160" percent="0">
      <mem type="allocate" free="0" total="3473408" percent="0" />
      <mem type="survivor" free="0" total="458752" percent="0" />
    </mem>
    <mem type="tenure" free="2041675936" total="2088697856" percent="97">
      <mem type="soa" free="1937241248" total="1984263168" percent="97" />
      <mem type="loa" free="104434688" total="104434688" percent="100" />
    </mem>
    <remembered-set count="222" />
  </mem-info>
</gc-start>
<allocation-stats totalBytes="3175264" >
  <allocated-bytes non-tlh="40" tlh="3175224" />
  <largest-consumer threadName="PmdThread 2" threadId="0000000000A7D800" bytes="1474400" />
</allocation-stats>
<gc-op id="3734" type="scavenge" timems="0.549" contextid="3731" timestamp="2019-06-16T18:48:46.968">
  <scavenger-info tenureage="8" tenuremask="7f00" tiltratio="88" />
  <memory-copied type="nursery" objects="2251" bytes="159232" bytesdiscarded="208416" />
  <references type="weak" candidates="15" cleared="15" enqueued="15" />
  <references type="phantom" candidates="2" cleared="1" enqueued="1" />
</gc-op>
<gc-end id="3735" type="scavenge" contextid="3731" durationms="0.992" usertimems="4.000" systemtimems="0.000" timestamp="2019-06-16T18:48:46.968" activeThreads="4">
  <mem-info id="3736" free="2044781440" total="2092630016" percent="97">
    <mem type="nursery" free="3105504" total="3932160" percent="78">
      <mem type="allocate" free="3105504" total="3473408" percent="89" />
      <mem type="survivor" free="0" total="458752" percent="0" />
    </mem>
    <mem type="tenure" free="2041675936" total="2088697856" percent="97">
      <mem type="soa" free="1937241248" total="1984263168" percent="97" />
      <mem type="loa" free="104434688" total="104434688" percent="100" />
    </mem>
    <pending-finalizers system="0" default="0" reference="16" classloader="0" />
    <remembered-set count="139" />
  </mem-info>
</gc-end>
<cycle-end id="3737" type="scavenge" contextid="3731" timestamp="2019-06-16T18:48:46.968" />
  <attribute name="elasticGC enabled" value="1" />
  <attribute name= "numThreadsSpecified" value="4" />
  <attribute name="heapSize specified" value="9830400" />
  <attribute name="Current GC Util" value="61" />
  <attribute name= "Current Time Running" value="4839" />
  <attribute name ="GC Interval" value="248" />
  <attribute name="ProportionalT" value="41.000000" />
  <attribute name="ProportionalI" value="41.000000" />
  <attribute name="ProportionalH" value="41.000000" />
  <attribute name="Current Error" value="41.000000" />
  <attribute name="IntegralT" value="205.000000" />
  <attribute name="IntegralI" value="205.000000" />
  <attribute name="IntegralH" value="205.000000" />
  <attribute name="DerivativeT" value="-4.000000" />
  <attribute name="DerivativeI" value="-4.000000" />
  <attribute name="DerivativeH" value="-4.000000" />
  <attribute name="Loop Time for DT" value="5.000000" />
  <attribute name="Output H" value="8388608"/>
  <attribute name="Output I" value="248"/>
  <attribute name="Output T" value="4"/>
  <attribute name="Target GC Util Change" value ="20.000000" />
  <attribute name="Current GC Util Change" value="61.000000"/>
  <attribute name="GC Util currently" value="61" />
  <attribute name="CPU Util currently" value="945482807376" />
<allocation-satisfied id="3738" threadId="0000000000A81400" bytesRequested="8200" />
<af-end id="3739" timestamp="2019-06-16T18:48:46.968" threadId="0000000000A81D88" success="true" from="nursery"/>
<exclusive-end id="3740" timestamp="2019-06-16T18:48:46.968" durationms="1.471" />

<exclusive-start id="3741" timestamp="2019-06-16T18:48:46.977" intervalms="10.139">
  <response-info timems="0.036" idlems="0.036" threads="0" lastid="0000000000A7D800" lastname="PmdThread 2" />
</exclusive-start>
<af-start id="3742" threadId="0000000000A7E188" totalBytesRequested="16" timestamp="2019-06-16T18:48:46.977" intervalms="10.161" type="nursery" />
<cycle-start id="3743" type="scavenge" contextid="0" timestamp="2019-06-16T18:48:46.977" intervalms="10.169" />
<gc-start id="3744" type="scavenge" contextid="3743" timestamp="2019-06-16T18:48:46.977">
  <mem-info id="3745" free="2041675936" total="2092630016" percent="97">
    <mem type="nursery" free="0" total="3932160" percent="0">
      <mem type="allocate" free="0" total="3473408" percent="0" />
      <mem type="survivor" free="0" total="458752" percent="0" />
    </mem>
    <mem type="tenure" free="2041675936" total="2088697856" percent="97">
      <mem type="soa" free="1937241248" total="1984263168" percent="97" />
      <mem type="loa" free="104434688" total="104434688" percent="100" />
    </mem>
    <remembered-set count="884" />
  </mem-info>
</gc-start>
<allocation-stats totalBytes="3097360" >
  <allocated-bytes non-tlh="40984" tlh="3056376" />
  <largest-consumer threadName="PmdThread 4" threadId="0000000000A85000" bytes="1290144" />
</allocation-stats>
<gc-op id="3746" type="scavenge" timems="1.643" contextid="3743" timestamp="2019-06-16T18:48:46.979">
  <scavenger-info tenureage="9" tenuremask="7e00" tiltratio="88" />
  <memory-copied type="nursery" objects="2195" bytes="261728" bytesdiscarded="196744" />
  <memory-copied type="tenure" objects="200" bytes="49536" bytesdiscarded="8" />
  <copy-failed type="nursery" objects="200" bytes="49552" />
  <references type="weak" candidates="97" cleared="97" enqueued="97" />
  <references type="phantom" candidates="4" cleared="2" enqueued="2" />
</gc-op>
<gc-end id="3747" type="scavenge" contextid="3743" durationms="1.860" usertimems="4.000" systemtimems="0.000" timestamp="2019-06-16T18:48:46.979" activeThreads="4">
  <mem-info id="3748" free="2044553104" total="2092630016" percent="97">
    <mem type="nursery" free="2949120" total="3932160" percent="75">
      <mem type="allocate" free="2949120" total="3407872" percent="86" />
      <mem type="survivor" free="0" total="524288" percent="0" />
    </mem>
    <mem type="tenure" free="2041603984" total="2088697856" percent="97">
      <mem type="soa" free="1937169296" total="1984263168" percent="97" />
      <mem type="loa" free="104434688" total="104434688" percent="100" />
    </mem>
    <pending-finalizers system="0" default="0" reference="99" classloader="0" />
    <remembered-set count="251" />
  </mem-info>
</gc-end>
<cycle-end id="3749" type="scavenge" contextid="3743" timestamp="2019-06-16T18:48:46.979" />
  <attribute name="elasticGC enabled" value="1" />
  <attribute name= "numThreadsSpecified" value="4" />
  <attribute name="heapSize specified" value="9830400" />
  <attribute name="Current GC Util" value="9" />
  <attribute name= "Current Time Running" value="4849" />
  <attribute name ="GC Interval" value="200" />
  <attribute name="ProportionalT" value="-11.000000" />
  <attribute name="ProportionalI" value="-11.000000" />
  <attribute name="ProportionalH" value="-11.000000" />
  <attribute name="Current Error" value="-11.000000" />
  <attribute name="IntegralT" value="-110.000000" />
  <attribute name="IntegralI" value="-110.000000" />
  <attribute name="IntegralH" value="-110.000000" />
  <attribute name="DerivativeT" value="-2.600000" />
  <attribute name="DerivativeI" value="-2.600000" />
  <attribute name="DerivativeH" value="-2.600000" />
  <attribute name="Loop Time for DT" value="10.000000" />
  <attribute name="Output H" value="2092630016"/>
  <attribute name="Output I" value="200"/>
  <attribute name="Output T" value="4"/>
  <attribute name="Target GC Util Change" value ="20.000000" />
  <attribute name="Current GC Util Change" value="9.000000"/>
  <attribute name="GC Util currently" value="9" />
  <attribute name="CPU Util currently" value="451769800022" />
<allocation-satisfied id="3750" threadId="0000000000A7D800" bytesRequested="16" />
<af-end id="3751" timestamp="2019-06-16T18:48:46.980" threadId="0000000000A7E188" success="true" from="nursery"/>
<exclusive-end id="3752" timestamp="2019-06-16T18:48:46.980" durationms="2.521" />

<exclusive-start id="3753" timestamp="2019-06-16T18:48:46.988" intervalms="10.638">
  <response-info timems="0.214" idlems="0.196" threads="1" lastid="0000000000A79C00" lastname="PmdThread 1" />
</exclusive-start>
<af-start id="3754" threadId="0000000000A81D88" totalBytesRequested="40" timestamp="2019-06-16T18:48:46.988" intervalms="10.661" type="nursery" />
<cycle-start id="3755" type="scavenge" contextid="0" timestamp="2019-06-16T18:48:46.988" intervalms="10.685" />
<gc-start id="3756" type="scavenge" contextid="3755" timestamp="2019-06-16T18:48:46.988">
  <mem-info id="3757" free="2041603056" total="2092630016" percent="97">
    <mem type="nursery" free="0" total="3932160" percent="0">
      <mem type="allocate" free="0" total="3407872" percent="0" />
      <mem type="survivor" free="0" total="524288" percent="0" />
    </mem>
    <mem type="tenure" free="2041603056" total="2088697856" percent="97">
      <mem type="soa" free="1937168368" total="1984263168" percent="97" />
      <mem type="loa" free="104434688" total="104434688" percent="100" />
    </mem>
    <remembered-set count="302" />
  </mem-info>
</gc-start>
<allocation-stats totalBytes="2931272" >
  <allocated-bytes non-tlh="944" tlh="2930328" />
  <largest-consumer threadName="PmdThread 2" threadId="0000000000A7D800" bytes="1691920" />
</allocation-stats>
<gc-op id="3758" type="scavenge" timems="0.605" contextid="3755" timestamp="2019-06-16T18:48:46.989">
  <scavenger-info tenureage="10" tenuremask="7c00" tiltratio="86" />
  <memory-copied type="nursery" objects="5745" bytes="443024" bytesdiscarded="80072" />
  <memory-copied type="tenure" objects="1426" bytes="161384" bytesdiscarded="384" />
  <copy-failed type="nursery" objects="1426" bytes="161408" />
  <references type="weak" candidates="25" cleared="25" enqueued="25" />
  <references type="phantom" candidates="4" cleared="3" enqueued="3" />
</gc-op>
<gc-end id="3759" type="scavenge" contextid="3755" durationms="1.036" usertimems="0.000" systemtimems="0.000" timestamp="2019-06-16T18:48:46.989" activeThreads="4">
  <mem-info id="3760" free="2043863520" total="2092630016" percent="97">
    <mem type="nursery" free="2424832" total="3932160" percent="61">
      <mem type="allocate" free="2424832" total="2949120" percent="82" />
      <mem type="survivor" free="0" total="983040" percent="0" />
    </mem>
    <mem type="tenure" free="2041438688" total="2088697856" percent="97">
      <mem type="soa" free="1937004000" total="1984263168" percent="97" />
      <mem type="loa" free="104434688" total="104434688" percent="100" />
    </mem>
    <pending-finalizers system="0" default="0" reference="28" classloader="0" />
    <remembered-set count="516" />
  </mem-info>
</gc-end>
<cycle-end id="3761" type="scavenge" contextid="3755" timestamp="2019-06-16T18:48:46.989" />
  <attribute name="elasticGC enabled" value="1" />
  <attribute name= "numThreadsSpecified" value="4" />
  <attribute name="heapSize specified" value="9830400" />
  <attribute name="Current GC Util" value="34" />
  <attribute name= "Current Time Running" value="4860" />
  <attribute name ="GC Interval" value="200" />
  <attribute name="ProportionalT" value="14.000000" />
  <attribute name="ProportionalI" value="14.000000" />
  <attribute name="ProportionalH" value="14.000000" />
  <attribute name="Current Error" value="14.000000" />
  <attribute name="IntegralT" value="154.000000" />
  <attribute name="IntegralI" value="154.000000" />
  <attribute name="IntegralH" value="154.000000" />
  <attribute name="DerivativeT" value="0.636364" />
  <attribute name="DerivativeI" value="0.636364" />
  <attribute name="DerivativeH" value="0.636364" />
  <attribute name="Loop Time for DT" value="11.000000" />
  <attribute name="Output H" value="8388608"/>
  <attribute name="Output I" value="200"/>
  <attribute name="Output T" value="4"/>
  <attribute name="Target GC Util Change" value ="20.000000" />
  <attribute name="Current GC Util Change" value="34.000000"/>
  <attribute name="GC Util currently" value="34" />
  <attribute name="CPU Util currently" value="430536407744" />
<allocation-satisfied id="3762" threadId="0000000000A81400" bytesRequested="40" />
<af-end id="3763" timestamp="2019-06-16T18:48:46.989" threadId="0000000000A81D88" success="true" from="nursery"/>
<exclusive-end id="3764" timestamp="2019-06-16T18:48:46.990" durationms="1.851" />

<exclusive-start id="3765" timestamp="2019-06-16T18:48:46.996" intervalms="7.831">
  <response-info timems="0.052" idlems="0.029" threads="1" lastid="0000000000A81400" lastname="PmdThread 3" />
</exclusive-start>
<af-start id="3766" threadId="0000000000A7A588" totalBytesRequested="24" timestamp="2019-06-16T18:48:46.996" intervalms="7.788" type="nursery" />
<cycle-start id="3767" type="scavenge" contextid="0" timestamp="2019-06-16T18:48:46.996" intervalms="7.761" />
<gc-start id="3768" type="scavenge" contextid="3767" timestamp="2019-06-16T18:48:46.996">
  <mem-info id="3769" free="2041437728" total="2092630016" percent="97">
    <mem type="nursery" free="0" total="3932160" percent="0">
      <mem type="allocate" free="0" total="2949120" percent="0" />
      <mem type="survivor" free="0" total="983040" percent="0" />
    </mem>
    <mem type="tenure" free="2041437728" total="2088697856" percent="97">
      <mem type="soa" free="1937003040" total="1984263168" percent="97" />
      <mem type="loa" free="104434688" total="104434688" percent="100" />
    </mem>
    <remembered-set count="561" />
  </mem-info>
</gc-start>
<allocation-stats totalBytes="2412328" >
  <allocated-bytes non-tlh="1000" tlh="2411328" />
  <largest-consumer threadName="PmdThread 2" threadId="0000000000A7D800" bytes="745296" />
</allocation-stats>
<gc-op id="3770" type="scavenge" timems="0.951" contextid="3767" timestamp="2019-06-16T18:48:46.997">
  <scavenger-info tenureage="7" tenuremask="7c80" tiltratio="75" />
  <memory-copied type="nursery" objects="7150" bytes="648896" bytesdiscarded="13696" />
  <memory-copied type="tenure" objects="176" bytes="12344" bytesdiscarded="0" />
  <references type="weak" candidates="26" cleared="26" enqueued="26" />
  <references type="phantom" candidates="6" cleared="6" enqueued="6" />
</gc-op>
<gc-end id="3771" type="scavenge" contextid="3767" durationms="1.318" usertimems="0.000" systemtimems="0.000" timestamp="2019-06-16T18:48:46.997" activeThreads="1">
  <mem-info id="3772" free="2043854960" total="2092630016" percent="97">
    <mem type="nursery" free="2417232" total="3932160" percent="61">
      <mem type="allocate" free="2417232" total="3080192" percent="78" />
      <mem type="survivor" free="0" total="851968" percent="0" />
    </mem>
    <mem type="tenure" free="2041437728" total="2088697856" percent="97">
      <mem type="soa" free="1937003040" total="1984263168" percent="97" />
      <mem type="loa" free="104434688" total="104434688" percent="100" />
    </mem>
    <pending-finalizers system="0" default="0" reference="32" classloader="0" />
    <remembered-set count="544" />
  </mem-info>
</gc-end>
<cycle-end id="3773" type="scavenge" contextid="3767" timestamp="2019-06-16T18:48:46.997" />
  <attribute name="elasticGC enabled" value="1" />
  <attribute name= "numThreadsSpecified" value="1" />
  <attribute name="heapSize specified" value="9830400" />
  <attribute name="Current GC Util" value="20" />
  <attribute name= "Current Time Running" value="4867" />
  <attribute name ="GC Interval" value="200" />
  <attribute name="ProportionalT" value="0.000000" />
  <attribute name="ProportionalI" value="0.000000" />
  <attribute name="ProportionalH" value="0.000000" />
  <attribute name="Current Error" value="0.000000" />
  <attribute name="IntegralT" value="0.000000" />
  <attribute name="IntegralI" value="0.000000" />
  <attribute name="IntegralH" value="0.000000" />
  <attribute name="DerivativeT" value="-1.000000" />
  <attribute name="DerivativeI" value="-1.000000" />
  <attribute name="DerivativeH" value="-1.000000" />
  <attribute name="Loop Time for DT" value="7.000000" />
  <attribute name="Output H" value="8388608"/>
  <attribute name="Output I" value="200"/>
  <attribute name="Output T" value="1"/>
  <attribute name="Target GC Util Change" value ="20.000000" />
  <attribute name="Current GC Util Change" value="20.000000"/>
  <attribute name="GC Util currently" value="20" />
  <attribute name="CPU Util currently" value="598830745672" />
<allocation-satisfied id="3774" threadId="0000000000A79C00" bytesRequested="24" />
<af-end id="3775" timestamp="2019-06-16T18:48:46.997" threadId="0000000000A7A588" success="true" from="nursery"/>
<exclusive-end id="3776" timestamp="2019-06-16T18:48:46.997" durationms="1.951" />

<exclusive-start id="3777" timestamp="2019-06-16T18:48:47.001" intervalms="5.485">
  <response-info timems="0.063" idlems="0.061" threads="1" lastid="0000000000A85000" lastname="PmdThread 4" />
</exclusive-start>
<af-start id="3778" threadId="0000000000A7A588" totalBytesRequested="24" timestamp="2019-06-16T18:48:47.001" intervalms="5.500" type="nursery" />
<cycle-start id="3779" type="scavenge" contextid="0" timestamp="2019-06-16T18:48:47.001" intervalms="5.497" />
<gc-start id="3780" type="scavenge" contextid="3779" timestamp="2019-06-16T18:48:47.001">
  <mem-info id="3781" free="2041437728" total="2092630016" percent="97">
    <mem type="nursery" free="0" total="3932160" percent="0">
      <mem type="allocate" free="0" total="3080192" percent="0" />
      <mem type="survivor" free="0" total="851968" percent="0" />
    </mem>
    <mem type="tenure" free="2041437728" total="2088697856" percent="97">
      <mem type="soa" free="1937003040" total="1984263168" percent="97" />
      <mem type="loa" free="104434688" total="104434688" percent="100" />
    </mem>
    <remembered-set count="575" />
  </mem-info>
</gc-start>
<allocation-stats totalBytes="2415848" >
  <allocated-bytes non-tlh="24" tlh="2415824" />
  <largest-consumer threadName="PmdThread 2" threadId="0000000000A7D800" bytes="847048" />
</allocation-stats>
<gc-op id="3782" type="scavenge" timems="0.817" contextid="3779" timestamp="2019-06-16T18:48:47.002">
  <scavenger-info tenureage="3" tenuremask="7c08" tiltratio="78" />
  <memory-copied type="nursery" objects="9284" bytes="765432" bytesdiscarded="85088" />
  <memory-copied type="tenure" objects="2526" bytes="127424" bytesdiscarded="56" />
  <copy-failed type="nursery" objects="1302" bytes="59280" />
  <references type="weak" candidates="35" cleared="35" enqueued="35" />
  <references type="phantom" candidates="6" cleared="5" enqueued="5" />
</gc-op>
<gc-end id="3783" type="scavenge" contextid="3779" durationms="1.179" usertimems="4.000" systemtimems="0.000" timestamp="2019-06-16T18:48:47.002" activeThreads="4">
  <mem-info id="3784" free="2043255584" total="2092630016" percent="97">
    <mem type="nursery" free="1966080" total="3932160" percent="50">
      <mem type="allocate" free="1966080" total="2818048" percent="69" />
      <mem type="survivor" free="0" total="1114112" percent="0" />
    </mem>
    <mem type="tenure" free="2041289504" total="2088697856" percent="97">
      <mem type="soa" free="1936854816" total="1984263168" percent="97" />
      <mem type="loa" free="104434688" total="104434688" percent="100" />
    </mem>
    <pending-finalizers system="0" default="0" reference="40" classloader="0" />
    <remembered-set count="817" />
  </mem-info>
</gc-end>
<cycle-end id="3785" type="scavenge" contextid="3779" timestamp="2019-06-16T18:48:47.002" />
  <attribute name="elasticGC enabled" value="1" />
  <attribute name= "numThreadsSpecified" value="4" />
  <attribute name="heapSize specified" value="9830400" />
  <attribute name="Current GC Util" value="21" />
  <attribute name= "Current Time Running" value="4873" />
  <attribute name ="GC Interval" value="200" />
  <attribute name="ProportionalT" value="1.000000" />
  <attribute name="ProportionalI" value="1.000000" />
  <attribute name="ProportionalH" value="1.000000" />
  <attribute name="Current Error" value="1.000000" />
  <attribute name="IntegralT" value="6.000000" />
  <attribute name="IntegralI" value="6.000000" />
  <attribute name="IntegralH" value="6.000000" />
  <attribute name="DerivativeT" value="0.083333" />
  <attribute name="DerivativeI" value="0.083333" />
  <attribute name="DerivativeH" value="0.083333" />
  <attribute name="Loop Time for DT" value="6.000000" />
  <attribute name="Output H" value="8388608"/>
  <attribute name="Output I" value="200"/>
  <attribute name="Output T" value="4"/>
  <attribute name="Target GC Util Change" value ="20.000000" />
  <attribute name="Current GC Util Change" value="21.000000"/>
  <attribute name="GC Util currently" value="21" />
  <attribute name="CPU Util currently" value="839826894298" />
<allocation-satisfied id="3786" threadId="0000000000A79C00" bytesRequested="24" />
<af-end id="3787" timestamp="2019-06-16T18:48:47.003" threadId="0000000000A7A588" success="true" from="nursery"/>
<exclusive-end id="3788" timestamp="2019-06-16T18:48:47.003" durationms="1.638" />

<exclusive-start id="3789" timestamp="2019-06-16T18:48:47.006" intervalms="4.780">
  <response-info timems="0.065" idlems="0.065" threads="0" lastid="0000000000A79C00" lastname="PmdThread 1" />
</exclusive-start>
<af-start id="3790" threadId="0000000000A7A588" totalBytesRequested="24" timestamp="2019-06-16T18:48:47.006" intervalms="4.764" type="nursery" />
<cycle-start id="3791" type="scavenge" contextid="0" timestamp="2019-06-16T18:48:47.006" intervalms="4.737" />
<gc-start id="3792" type="scavenge" contextid="3791" timestamp="2019-06-16T18:48:47.006">
  <mem-info id="3793" free="2041289088" total="2092630016" percent="97">
    <mem type="nursery" free="0" total="3932160" percent="0">
      <mem type="allocate" free="0" total="2818048" percent="0" />
      <mem type="survivor" free="0" total="1114112" percent="0" />
    </mem>
    <mem type="tenure" free="2041289088" total="2088697856" percent="97">
      <mem type="soa" free="1936854400" total="1984263168" percent="97" />
      <mem type="loa" free="104434688" total="104434688" percent="100" />
    </mem>
    <remembered-set count="838" />
  </mem-info>
</gc-start>
<allocation-stats totalBytes="1962472" >
  <allocated-bytes non-tlh="440" tlh="1962032" />
  <largest-consumer threadName="PmdThread 2" threadId="0000000000A7D800" bytes="635768" />
</allocation-stats>
<gc-op id="3794" type="scavenge" timems="1.001" contextid="3791" timestamp="2019-06-16T18:48:47.007">
  <scavenger-info tenureage="3" tenuremask="7c08" tiltratio="71" />
  <memory-copied type="nursery" objects="10930" bytes="870448" bytesdiscarded="241648" />
  <memory-copied type="tenure" objects="2391" bytes="155896" bytesdiscarded="16" />
  <copy-failed type="nursery" objects="174" bytes="5648" />
  <references type="weak" candidates="23" cleared="22" enqueued="22" />
  <references type="phantom" candidates="3" cleared="2" enqueued="2" />
</gc-op>
<gc-end id="3795" type="scavenge" contextid="3791" durationms="1.375" usertimems="0.000" systemtimems="0.000" timestamp="2019-06-16T18:48:47.007" activeThreads="4">
  <mem-info id="3796" free="2042814432" total="2092630016" percent="97">
    <mem type="nursery" free="1769472" total="3932160" percent="45">
      <mem type="allocate" free="1769472" total="2883584" percent="61" />
      <mem type="survivor" free="0" total="1048576" percent="0" />
    </mem>
    <mem type="tenure" free="2041044960" total="2088697856" percent="97">
      <mem type="soa" free="1936610272" total="1984263168" percent="97" />
      <mem type="loa" free="104434688" total="104434688" percent="100" />
    </mem>
    <pending-finalizers system="0" default="0" reference="24" classloader="0" />
    <remembered-set count="570" />
  </mem-info>
</gc-end>
<cycle-end id="3797" type="scavenge" contextid="3791" timestamp="2019-06-16T18:48:47.007" />
  <attribute name="elasticGC enabled" value="1" />
  <attribute name= "numThreadsSpecified" value="4" />
  <attribute name="heapSize specified" value="9830400" />
  <attribute name="Current GC Util" value="44" />
  <attribute name= "Current Time Running" value="4878" />
  <attribute name ="GC Interval" value="200" />
  <attribute name="ProportionalT" value="24.000000" />
  <attribute name="ProportionalI" value="24.000000" />
  <attribute name="ProportionalH" value="24.000000" />
  <attribute name="Current Error" value="24.000000" />
  <attribute name="IntegralT" value="120.000000" />
  <attribute name="IntegralI" value="120.000000" />
  <attribute name="IntegralH" value="120.000000" />
  <attribute name="DerivativeT" value="2.300000" />
  <attribute name="DerivativeI" value="2.300000" />
  <attribute name="DerivativeH" value="2.300000" />
  <attribute name="Loop Time for DT" value="5.000000" />
  <attribute name="Output H" value="8388608"/>
  <attribute name="Output I" value="200"/>
  <attribute name="Output T" value="4"/>
  <attribute name="Target GC Util Change" value ="20.000000" />
  <attribute name="Current GC Util Change" value="44.000000"/>
  <attribute name="GC Util currently" value="44" />
  <attribute name="CPU Util currently" value="972070462524" />
<allocation-satisfied id="3798" threadId="0000000000A79C00" bytesRequested="24" />
<af-end id="3799" timestamp="2019-06-16T18:48:47.008" threadId="0000000000A7A588" success="true" from="nursery"/>
<exclusive-end id="3800" timestamp="2019-06-16T18:48:47.008" durationms="2.022" />

<exclusive-start id="3801" timestamp="2019-06-16T18:48:47.010" intervalms="4.193">
  <response-info timems="0.034" idlems="0.034" threads="0" lastid="0000000000A7D800" lastname="PmdThread 2" />
</exclusive-start>
<af-start id="3802" threadId="0000000000A7E188" totalBytesRequested="48" timestamp="2019-06-16T18:48:47.010" intervalms="4.241" type="nursery" />
<cycle-start id="3803" type="scavenge" contextid="0" timestamp="2019-06-16T18:48:47.010" intervalms="4.317" />
<gc-start id="3804" type="scavenge" contextid="3803" timestamp="2019-06-16T18:48:47.010">
  <mem-info id="3805" free="2041044544" total="2092630016" percent="97">
    <mem type="nursery" free="0" total="3932160" percent="0">
      <mem type="allocate" free="0" total="2883584" percent="0" />
      <mem type="survivor" free="0" total="1048576" percent="0" />
    </mem>
    <mem type="tenure" free="2041044544" total="2088697856" percent="97">
      <mem type="soa" free="1936609856" total="1984263168" percent="97" />
      <mem type="loa" free="104434688" total="104434688" percent="100" />
    </mem>
    <remembered-set count="584" />
  </mem-info>
</gc-start>
<allocation-stats totalBytes="1768568" >
  <allocated-bytes non-tlh="440" tlh="1768128" />
  <largest-consumer threadName="PmdThread 1" threadId="0000000000A79C00" bytes="704440" />
</allocation-stats>
<gc-op id="3806" type="scavenge" timems="3.470" contextid="3803" timestamp="2019-06-16T18:48:47.014">
  <scavenger-info tenureage="3" tenuremask="7e08" tiltratio="73" />
  <memory-copied type="nursery" objects="10817" bytes="827248" bytesdiscarded="125568" />
  <memory-copied type="tenure" objects="751" bytes="126512" bytesdiscarded="0" />
  <references type="weak" candidates="27" cleared="26" enqueued="26" />
  <references type="phantom" candidates="3" cleared="2" enqueued="2" />
</gc-op>
<gc-end id="3807" type="scavenge" contextid="3803" durationms="3.685" usertimems="8.000" systemtimems="0.000" timestamp="2019-06-16T18:48:47.014" activeThreads="4">
  <mem-info id="3808" free="2042883936" total="2092630016" percent="97">
    <mem type="nursery" free="1929560" total="3932160" percent="49">
      <mem type="allocate" free="1929560" total="2883584" percent="66" />
      <mem type="survivor" free="0" total="1048576" percent="0" />
    </mem>
    <mem type="tenure" free="2040954376" total="2088697856" percent="97">
      <mem type="soa" free="1936519688" total="1984263168" percent="97" />
      <mem type="loa" free="104434688" total="104434688" percent="100" />
    </mem>
    <pending-finalizers system="0" default="0" reference="28" classloader="0" />
    <remembered-set count="292" />
  </mem-info>
</gc-end>
<cycle-end id="3809" type="scavenge" contextid="3803" timestamp="2019-06-16T18:48:47.014" />
  <attribute name="elasticGC enabled" value="1" />
  <attribute name= "numThreadsSpecified" value="4" />
  <attribute name="heapSize specified" value="9830400" />
  <attribute name="Current GC Util" value="48" />
  <attribute name= "Current Time Running" value="4882" />
  <attribute name ="GC Interval" value="200" />
  <attribute name="ProportionalT" value="28.000000" />
  <attribute name="ProportionalI" value="28.000000" />
  <attribute name="ProportionalH" value="28.000000" />
  <attribute name="Current Error" value="28.000000" />
  <attribute name="IntegralT" value="112.000000" />
  <attribute name="IntegralI" value="112.000000" />
  <attribute name="IntegralH" value="112.000000" />
  <attribute name="DerivativeT" value="0.500000" />
  <attribute name="DerivativeI" value="0.500000" />
  <attribute name="DerivativeH" value="0.500000" />
  <attribute name="Loop Time for DT" value="4.000000" />
  <attribute name="Output H" value="8388608"/>
  <attribute name="Output I" value="200"/>
  <attribute name="Output T" value="4"/>
  <attribute name="Target GC Util Change" value ="20.000000" />
  <attribute name="Current GC Util Change" value="48.000000"/>
  <attribute name="GC Util currently" value="48" />
  <attribute name="CPU Util currently" value="1066705308893" />
<allocation-satisfied id="3810" threadId="0000000000A7D800" bytesRequested="48" />
<af-end id="3811" timestamp="2019-06-16T18:48:47.014" threadId="0000000000A7E188" success="true" from="nursery"/>
<exclusive-end id="3812" timestamp="2019-06-16T18:48:47.014" durationms="4.323" />

<exclusive-start id="3813" timestamp="2019-06-16T18:48:47.017" intervalms="7.047">
  <response-info timems="0.028" idlems="0.028" threads="0" lastid="0000000000A85000" lastname="PmdThread 4" />
</exclusive-start>
<af-start id="3814" threadId="0000000000A85988" totalBytesRequested="16" timestamp="2019-06-16T18:48:47.017" intervalms="6.996" type="nursery" />
<cycle-start id="3815" type="scavenge" contextid="0" timestamp="2019-06-16T18:48:47.017" intervalms="6.933" />
<gc-start id="3816" type="scavenge" contextid="3815" timestamp="2019-06-16T18:48:47.017">
  <mem-info id="3817" free="2040953960" total="2092630016" percent="97">
    <mem type="nursery" free="0" total="3932160" percent="0">
      <mem type="allocate" free="0" total="2883584" percent="0" />
      <mem type="survivor" free="0" total="1048576" percent="0" />
    </mem>
    <mem type="tenure" free="2040953960" total="2088697856" percent="97">
      <mem type="soa" free="1936519272" total="1984263168" percent="97" />
      <mem type="loa" free="104434688" total="104434688" percent="100" />
    </mem>
    <remembered-set count="315" />
  </mem-info>
</gc-start>
<allocation-stats totalBytes="1929096" >
  <allocated-bytes non-tlh="464" tlh="1928632" />
  <largest-consumer threadName="PmdThread 1" threadId="0000000000A79C00" bytes="770232" />
</allocation-stats>
<gc-op id="3818" type="scavenge" timems="2.203" contextid="3815" timestamp="2019-06-16T18:48:47.019">
  <scavenger-info tenureage="9" tenuremask="7e00" tiltratio="73" />
  <memory-copied type="nursery" objects="12885" bytes="1008024" bytesdiscarded="39672" />
  <memory-copied type="tenure" objects="1065" bytes="56856" bytesdiscarded="40" />
  <copy-failed type="nursery" objects="1033" bytes="55808" />
  <references type="weak" candidates="23" cleared="23" enqueued="23" />
  <references type="phantom" candidates="3" cleared="3" enqueued="3" />
</gc-op>
<gc-end id="3819" type="scavenge" contextid="3815" durationms="2.378" usertimems="0.000" systemtimems="4.000" timestamp="2019-06-16T18:48:47.020" activeThreads="4">
  <mem-info id="3820" free="2042348384" total="2092630016" percent="97">
    <mem type="nursery" free="1441792" total="3932160" percent="36">
      <mem type="allocate" free="1441792" total="2490368" percent="57" />
      <mem type="survivor" free="0" total="1441792" percent="0" />
    </mem>
    <mem type="tenure" free="2040906592" total="2088697856" percent="97">
      <mem type="soa" free="1936471904" total="1984263168" percent="97" />
      <mem type="loa" free="104434688" total="104434688" percent="100" />
    </mem>
    <pending-finalizers system="0" default="0" reference="26" classloader="0" />
    <remembered-set count="667" />
  </mem-info>
</gc-end>
<cycle-end id="3821" type="scavenge" contextid="3815" timestamp="2019-06-16T18:48:47.020" />
  <attribute name="elasticGC enabled" value="1" />
  <attribute name= "numThreadsSpecified" value="4" />
  <attribute name="heapSize specified" value="9830400" />
  <attribute name="Current GC Util" value="101" />
  <attribute name= "Current Time Running" value="4889" />
  <attribute name ="GC Interval" value="656" />
  <attribute name="ProportionalT" value="81.000000" />
  <attribute name="ProportionalI" value="81.000000" />
  <attribute name="ProportionalH" value="81.000000" />
  <attribute name="Current Error" value="81.000000" />
  <attribute name="IntegralT" value="567.000000" />
  <attribute name="IntegralI" value="567.000000" />
  <attribute name="IntegralH" value="567.000000" />
  <attribute name="DerivativeT" value="3.785714" />
  <attribute name="DerivativeI" value="3.785714" />
  <attribute name="DerivativeH" value="3.785714" />
  <attribute name="Loop Time for DT" value="7.000000" />
  <attribute name="Output H" value="8388608"/>
  <attribute name="Output I" value="656"/>
  <attribute name="Output T" value="4"/>
  <attribute name="Target GC Util Change" value ="20.000000" />
  <attribute name="Current GC Util Change" value="101.000000"/>
  <attribute name="GC Util currently" value="101" />
  <attribute name="CPU Util currently" value="670015129477" />
<allocation-satisfied id="3822" threadId="0000000000A85000" bytesRequested="16" />
<af-end id="3823" timestamp="2019-06-16T18:48:47.020" threadId="0000000000A85988" success="true" from="nursery"/>
<exclusive-end id="3824" timestamp="2019-06-16T18:48:47.020" durationms="2.751" />

<exclusive-start id="3825" timestamp="2019-06-16T18:48:47.022" intervalms="5.279">
  <response-info timems="0.028" idlems="0.028" threads="0" lastid="0000000000A79C00" lastname="PmdThread 1" />
</exclusive-start>
<af-start id="3826" threadId="0000000000A7A588" totalBytesRequested="24" timestamp="2019-06-16T18:48:47.022" intervalms="5.306" type="nursery" />
<cycle-start id="3827" type="scavenge" contextid="0" timestamp="2019-06-16T18:48:47.022" intervalms="5.325" />
<gc-start id="3828" type="scavenge" contextid="3827" timestamp="2019-06-16T18:48:47.023">
  <mem-info id="3829" free="2040906136" total="2092630016" percent="97">
    <mem type="nursery" free="0" total="3932160" percent="0">
      <mem type="allocate" free="0" total="2490368" percent="0" />
      <mem type="survivor" free="0" total="1441792" percent="0" />
    </mem>
    <mem type="tenure" free="2040906136" total="2088697856" percent="97">
      <mem type="soa" free="1936471448" total="1984263168" percent="97" />
      <mem type="loa" free="104434688" total="104434688" percent="100" />
    </mem>
    <remembered-set count="698" />
  </mem-info>
</gc-start>
<allocation-stats totalBytes="1433688" >
  <allocated-bytes non-tlh="472" tlh="1433216" />
  <largest-consumer threadName="PmdThread 2" threadId="0000000000A7D800" bytes="515024" />
</allocation-stats>
<gc-op id="3830" type="scavenge" timems="1.065" contextid="3827" timestamp="2019-06-16T18:48:47.024">
  <scavenger-info tenureage="4" tenuremask="7f10" tiltratio="63" />
  <memory-copied type="nursery" objects="10005" bytes="897680" bytesdiscarded="149864" />
  <memory-copied type="tenure" objects="4549" bytes="340016" bytesdiscarded="192" />
  <references type="weak" candidates="26" cleared="26" enqueued="26" />
  <references type="phantom" candidates="3" cleared="2" enqueued="2" />
</gc-op>
<gc-end id="3831" type="scavenge" contextid="3827" durationms="1.428" usertimems="0.000" systemtimems="4.000" timestamp="2019-06-16T18:48:47.024" activeThreads="4">
  <mem-info id="3832" free="2042036704" total="2092630016" percent="97">
    <mem type="nursery" free="1506416" total="3932160" percent="38">
      <mem type="allocate" free="1506416" total="2555904" percent="58" />
      <mem type="survivor" free="0" total="1376256" percent="0" />
    </mem>
    <mem type="tenure" free="2040530288" total="2088697856" percent="97">
      <mem type="soa" free="1936095600" total="1984263168" percent="97" />
      <mem type="loa" free="104434688" total="104434688" percent="100" />
    </mem>
    <pending-finalizers system="0" default="0" reference="28" classloader="0" />
    <remembered-set count="372" />
  </mem-info>
</gc-end>
<cycle-end id="3833" type="scavenge" contextid="3827" timestamp="2019-06-16T18:48:47.024" />
  <attribute name="elasticGC enabled" value="1" />
  <attribute name= "numThreadsSpecified" value="4" />
  <attribute name="heapSize specified" value="9830400" />
  <attribute name="Current GC Util" value="88" />
  <attribute name= "Current Time Running" value="4894" />
  <attribute name ="GC Interval" value="408" />
  <attribute name="ProportionalT" value="68.000000" />
  <attribute name="ProportionalI" value="68.000000" />
  <attribute name="ProportionalH" value="68.000000" />
  <attribute name="Current Error" value="68.000000" />
  <attribute name="IntegralT" value="340.000000" />
  <attribute name="IntegralI" value="340.000000" />
  <attribute name="IntegralH" value="340.000000" />
  <attribute name="DerivativeT" value="-1.300000" />
  <attribute name="DerivativeI" value="-1.300000" />
  <attribute name="DerivativeH" value="-1.300000" />
  <attribute name="Loop Time for DT" value="5.000000" />
  <attribute name="Output H" value="8388608"/>
  <attribute name="Output I" value="408"/>
  <attribute name="Output T" value="4"/>
  <attribute name="Target GC Util Change" value ="20.000000" />
  <attribute name="Current GC Util Change" value="88.000000"/>
  <attribute name="GC Util currently" value="88" />
  <attribute name="CPU Util currently" value="859348660845" />
<allocation-satisfied id="3834" threadId="0000000000A79C00" bytesRequested="24" />
<af-end id="3835" timestamp="2019-06-16T18:48:47.024" threadId="0000000000A7A588" success="true" from="nursery"/>
<exclusive-end id="3836" timestamp="2019-06-16T18:48:47.024" durationms="1.950" />

<exclusive-start id="3837" timestamp="2019-06-16T18:48:47.026" intervalms="4.152">
  <response-info timems="0.056" idlems="0.056" threads="0" lastid="0000000000A85000" lastname="PmdThread 4" />
</exclusive-start>
<af-start id="3838" threadId="0000000000A85988" totalBytesRequested="16392" timestamp="2019-06-16T18:48:47.027" intervalms="4.112" type="nursery" />
<cycle-start id="3839" type="scavenge" contextid="0" timestamp="2019-06-16T18:48:47.027" intervalms="4.091" />
<gc-start id="3840" type="scavenge" contextid="3839" timestamp="2019-06-16T18:48:47.027">
  <mem-info id="3841" free="2040530288" total="2092630016" percent="97">
    <mem type="nursery" free="0" total="3932160" percent="0">
      <mem type="allocate" free="0" total="2555904" percent="0" />
      <mem type="survivor" free="0" total="1376256" percent="0" />
    </mem>
    <mem type="tenure" free="2040530288" total="2088697856" percent="97">
      <mem type="soa" free="1936095600" total="1984263168" percent="97" />
      <mem type="loa" free="104434688" total="104434688" percent="100" />
    </mem>
    <remembered-set count="393" />
  </mem-info>
</gc-start>
<allocation-stats totalBytes="1494272" >
  <allocated-bytes non-tlh="24" tlh="1494248" />
  <largest-consumer threadName="PmdThread 3" threadId="0000000000A81400" bytes="696200" />
</allocation-stats>
<gc-op id="3842" type="scavenge" timems="2.964" contextid="3839" timestamp="2019-06-16T18:48:47.030">
  <scavenger-info tenureage="4" tenuremask="7f90" tiltratio="65" />
  <memory-copied type="nursery" objects="8879" bytes="704024" bytesdiscarded="136464" />
  <memory-copied type="tenure" objects="1976" bytes="131480" bytesdiscarded="32" />
  <references type="weak" candidates="25" cleared="25" enqueued="25" />
  <references type="phantom" candidates="5" cleared="3" enqueued="3" />
</gc-op>
<gc-end id="3843" type="scavenge" contextid="3839" durationms="3.131" usertimems="4.000" systemtimems="0.000" timestamp="2019-06-16T18:48:47.030" activeThreads="4">
  <mem-info id="3844" free="2042190848" total="2092630016" percent="97">
    <mem type="nursery" free="1779880" total="3932160" percent="45">
      <mem type="allocate" free="1779880" total="2621440" percent="67" />
      <mem type="survivor" free="0" total="1310720" percent="0" />
    </mem>
    <mem type="tenure" free="2040410968" total="2088697856" percent="97">
      <mem type="soa" free="1935976280" total="1984263168" percent="97" />
      <mem type="loa" free="104434688" total="104434688" percent="100" />
    </mem>
    <pending-finalizers system="0" default="0" reference="28" classloader="0" />
    <remembered-set count="249" />
  </mem-info>
</gc-end>
<cycle-end id="3845" type="scavenge" contextid="3839" timestamp="2019-06-16T18:48:47.030" />
  <attribute name="elasticGC enabled" value="1" />
  <attribute name= "numThreadsSpecified" value="4" />
  <attribute name="heapSize specified" value="9830400" />
  <attribute name="Current GC Util" value="54" />
  <attribute name= "Current Time Running" value="4898" />
  <attribute name ="GC Interval" value="200" />
  <attribute name="ProportionalT" value="34.000000" />
  <attribute name="ProportionalI" value="34.000000" />
  <attribute name="ProportionalH" value="34.000000" />
  <attribute name="Current Error" value="34.000000" />
  <attribute name="IntegralT" value="136.000000" />
  <attribute name="IntegralI" value="136.000000" />
  <attribute name="IntegralH" value="136.000000" />
  <attribute name="DerivativeT" value="-4.250000" />
  <attribute name="DerivativeI" value="-4.250000" />
  <attribute name="DerivativeH" value="-4.250000" />
  <attribute name="Loop Time for DT" value="4.000000" />
  <attribute name="Output H" value="8388608"/>
  <attribute name="Output I" value="200"/>
  <attribute name="Output T" value="4"/>
  <attribute name="Target GC Util Change" value ="20.000000" />
  <attribute name="Current GC Util Change" value="54.000000"/>
  <attribute name="GC Util currently" value="54" />
  <attribute name="CPU Util currently" value="1140525695264" />
<allocation-satisfied id="3846" threadId="0000000000A85000" bytesRequested="16392" />
<af-end id="3847" timestamp="2019-06-16T18:48:47.030" threadId="0000000000A85988" success="true" from="nursery"/>
<exclusive-end id="3848" timestamp="2019-06-16T18:48:47.030" durationms="3.480" />

<exclusive-start id="3849" timestamp="2019-06-16T18:48:47.032" intervalms="5.063">
  <response-info timems="0.066" idlems="0.066" threads="0" lastid="0000000000A7D800" lastname="PmdThread 2" />
</exclusive-start>
<af-start id="3850" threadId="0000000000A7E188" totalBytesRequested="104" timestamp="2019-06-16T18:48:47.032" intervalms="5.083" type="nursery" />
<cycle-start id="3851" type="scavenge" contextid="0" timestamp="2019-06-16T18:48:47.032" intervalms="5.121" />
<gc-start id="3852" type="scavenge" contextid="3851" timestamp="2019-06-16T18:48:47.032">
  <mem-info id="3853" free="2040410968" total="2092630016" percent="97">
    <mem type="nursery" free="0" total="3932160" percent="0">
      <mem type="allocate" free="0" total="2621440" percent="0" />
      <mem type="survivor" free="0" total="1310720" percent="0" />
    </mem>
    <mem type="tenure" free="2040410968" total="2088697856" percent="97">
      <mem type="soa" free="1935976280" total="1984263168" percent="97" />
      <mem type="loa" free="104434688" total="104434688" percent="100" />
    </mem>
    <remembered-set count="256" />
  </mem-info>
</gc-start>
<allocation-stats totalBytes="1778320" >
  <allocated-bytes non-tlh="32784" tlh="1745536" />
  <largest-consumer threadName="PmdThread 1" threadId="0000000000A79C00" bytes="636880" />
</allocation-stats>
<gc-op id="3854" type="scavenge" timems="2.415" contextid="3851" timestamp="2019-06-16T18:48:47.034">
  <scavenger-info tenureage="4" tenuremask="7f90" tiltratio="66" />
  <memory-copied type="nursery" objects="13046" bytes="780800" bytesdiscarded="148264" />
  <memory-copied type="tenure" objects="1954" bytes="183520" bytesdiscarded="80" />
  <references type="weak" candidates="2" cleared="2" enqueued="2" />
  <references type="phantom" candidates="2" cleared="2" enqueued="2" />
</gc-op>
<gc-end id="3855" type="scavenge" contextid="3851" durationms="2.623" usertimems="8.000" systemtimems="0.000" timestamp="2019-06-16T18:48:47.034" activeThreads="4">
  <mem-info id="3856" free="2041954984" total="2092630016" percent="97">
    <mem type="nursery" free="1757824" total="3932160" percent="44">
      <mem type="allocate" free="1757824" total="2686976" percent="65" />
      <mem type="survivor" free="0" total="1245184" percent="0" />
    </mem>
    <mem type="tenure" free="2040197160" total="2088697856" percent="97">
      <mem type="soa" free="1935762472" total="1984263168" percent="97" />
      <mem type="loa" free="104434688" total="104434688" percent="100" />
    </mem>
    <pending-finalizers system="0" default="0" reference="4" classloader="0" />
    <remembered-set count="147" />
  </mem-info>
</gc-end>
<cycle-end id="3857" type="scavenge" contextid="3851" timestamp="2019-06-16T18:48:47.034" />
  <attribute name="elasticGC enabled" value="1" />
  <attribute name= "numThreadsSpecified" value="4" />
  <attribute name="heapSize specified" value="9830400" />
  <attribute name="Current GC Util" value="117" />
  <attribute name= "Current Time Running" value="4903" />
  <attribute name ="GC Interval" value="592" />
  <attribute name="ProportionalT" value="97.000000" />
  <attribute name="ProportionalI" value="97.000000" />
  <attribute name="ProportionalH" value="97.000000" />
  <attribute name="Current Error" value="97.000000" />
  <attribute name="IntegralT" value="485.000000" />
  <attribute name="IntegralI" value="485.000000" />
  <attribute name="IntegralH" value="485.000000" />
  <attribute name="DerivativeT" value="6.300000" />
  <attribute name="DerivativeI" value="6.300000" />
  <attribute name="DerivativeH" value="6.300000" />
  <attribute name="Loop Time for DT" value="5.000000" />
  <attribute name="Output H" value="8388608"/>
  <attribute name="Output I" value="592"/>
  <attribute name="Output T" value="4"/>
  <attribute name="Target GC Util Change" value ="20.000000" />
  <attribute name="Current GC Util Change" value="117.000000"/>
  <attribute name="GC Util currently" value="117" />
  <attribute name="CPU Util currently" value="894340062168" />
<allocation-satisfied id="3858" threadId="0000000000A7D800" bytesRequested="104" />
<af-end id="3859" timestamp="2019-06-16T18:48:47.035" threadId="0000000000A7E188" success="true" from="nursery"/>
<exclusive-end id="3860" timestamp="2019-06-16T18:48:47.035" durationms="3.081" />

<exclusive-start id="3861" timestamp="2019-06-16T18:48:47.037" intervalms="5.336">
  <response-info timems="0.054" idlems="0.054" threads="0" lastid="0000000000A7D800" lastname="PmdThread 2" />
</exclusive-start>
<af-start id="3862" threadId="0000000000A7E188" totalBytesRequested="24" timestamp="2019-06-16T18:48:47.037" intervalms="5.338" type="nursery" />
<cycle-start id="3863" type="scavenge" contextid="0" timestamp="2019-06-16T18:48:47.037" intervalms="5.320" />
<gc-start id="3864" type="scavenge" contextid="3863" timestamp="2019-06-16T18:48:47.037">
  <mem-info id="3865" free="2040197160" total="2092630016" percent="97">
    <mem type="nursery" free="0" total="3932160" percent="0">
      <mem type="allocate" free="0" total="2686976" percent="0" />
      <mem type="survivor" free="0" total="1245184" percent="0" />
    </mem>
    <mem type="tenure" free="2040197160" total="2088697856" percent="97">
      <mem type="soa" free="1935762472" total="1984263168" percent="97" />
      <mem type="loa" free="104434688" total="104434688" percent="100" />
    </mem>
    <remembered-set count="173" />
  </mem-info>
</gc-start>
<allocation-stats totalBytes="1755968" >
  <allocated-bytes non-tlh="16496" tlh="1739472" />
  <largest-consumer threadName="PmdThread 4" threadId="0000000000A85000" bytes="630056" />
</allocation-stats>
<gc-op id="3866" type="scavenge" timems="2.129" contextid="3863" timestamp="2019-06-16T18:48:47.039">
  <scavenger-info tenureage="3" tenuremask="7f88" tiltratio="68" />
  <memory-copied type="nursery" objects="11808" bytes="660520" bytesdiscarded="22944" />
  <memory-copied type="tenure" objects="1049" bytes="95640" bytesdiscarded="440" />
  <references type="weak" candidates="63" cleared="62" enqueued="62" />
  <references type="phantom" candidates="5" cleared="4" enqueued="4" />
</gc-op>
<gc-end id="3867" type="scavenge" contextid="3863" durationms="2.386" usertimems="4.000" systemtimems="0.000" timestamp="2019-06-16T18:48:47.039" activeThreads="4">
  <mem-info id="3868" free="2042130872" total="2092630016" percent="97">
    <mem type="nursery" free="2067616" total="3932160" percent="52">
      <mem type="allocate" free="2067616" total="2752512" percent="75" />
      <mem type="survivor" free="0" total="1179648" percent="0" />
    </mem>
    <mem type="tenure" free="2040063256" total="2088697856" percent="97">
      <mem type="soa" free="1935628568" total="1984263168" percent="97" />
      <mem type="loa" free="104434688" total="104434688" percent="100" />
    </mem>
    <pending-finalizers system="0" default="0" reference="66" classloader="0" />
    <remembered-set count="170" />
  </mem-info>
</gc-end>
<cycle-end id="3869" type="scavenge" contextid="3863" timestamp="2019-06-16T18:48:47.040" />
  <attribute name="elasticGC enabled" value="1" />
  <attribute name= "numThreadsSpecified" value="4" />
  <attribute name="heapSize specified" value="9830400" />
  <attribute name="Current GC Util" value="114" />
  <attribute name= "Current Time Running" value="4909" />
  <attribute name ="GC Interval" value="664" />
  <attribute name="ProportionalT" value="94.000000" />
  <attribute name="ProportionalI" value="94.000000" />
  <attribute name="ProportionalH" value="94.000000" />
  <attribute name="Current Error" value="94.000000" />
  <attribute name="IntegralT" value="564.000000" />
  <attribute name="IntegralI" value="564.000000" />
  <attribute name="IntegralH" value="564.000000" />
  <attribute name="DerivativeT" value="-0.250000" />
  <attribute name="DerivativeI" value="-0.250000" />
  <attribute name="DerivativeH" value="-0.250000" />
  <attribute name="Loop Time for DT" value="6.000000" />
  <attribute name="Output H" value="8388608"/>
  <attribute name="Output I" value="664"/>
  <attribute name="Output T" value="4"/>
  <attribute name="Target GC Util Change" value ="20.000000" />
  <attribute name="Current GC Util Change" value="114.000000"/>
  <attribute name="GC Util currently" value="114" />
  <attribute name="CPU Util currently" value="865068780619" />
<allocation-satisfied id="3870" threadId="0000000000A7D800" bytesRequested="24" />
<af-end id="3871" timestamp="2019-06-16T18:48:47.040" threadId="0000000000A7E188" success="true" from="nursery"/>
<exclusive-end id="3872" timestamp="2019-06-16T18:48:47.040" durationms="2.863" />

<exclusive-start id="3873" timestamp="2019-06-16T18:48:47.043" intervalms="6.260">
  <response-info timems="0.180" idlems="0.180" threads="0" lastid="0000000000A85000" lastname="PmdThread 4" />
</exclusive-start>
<af-start id="3874" threadId="0000000000A85988" totalBytesRequested="40" timestamp="2019-06-16T18:48:47.043" intervalms="6.284" type="nursery" />
<cycle-start id="3875" type="scavenge" contextid="0" timestamp="2019-06-16T18:48:47.043" intervalms="6.311" />
<gc-start id="3876" type="scavenge" contextid="3875" timestamp="2019-06-16T18:48:47.043">
  <mem-info id="3877" free="2040063256" total="2092630016" percent="97">
    <mem type="nursery" free="0" total="3932160" percent="0">
      <mem type="allocate" free="0" total="2752512" percent="0" />
      <mem type="survivor" free="0" total="1179648" percent="0" />
    </mem>
    <mem type="tenure" free="2040063256" total="2088697856" percent="97">
      <mem type="soa" free="1935628568" total="1984263168" percent="97" />
      <mem type="loa" free="104434688" total="104434688" percent="100" />
    </mem>
    <remembered-set count="189" />
  </mem-info>
</gc-start>
<allocation-stats totalBytes="2061288" >
  <allocated-bytes non-tlh="24" tlh="2061264" />
  <largest-consumer threadName="PmdThread 4" threadId="0000000000A85000" bytes="879576" />
</allocation-stats>
<gc-op id="3878" type="scavenge" timems="2.258" contextid="3875" timestamp="2019-06-16T18:48:47.046">
  <scavenger-info tenureage="7" tenuremask="7f80" tiltratio="70" />
  <memory-copied type="nursery" objects="14532" bytes="781792" bytesdiscarded="95320" />
  <references type="weak" candidates="21" cleared="21" enqueued="20" />
  <references type="phantom" candidates="4" cleared="4" enqueued="4" />
</gc-op>
<gc-end id="3879" type="scavenge" contextid="3875" durationms="2.424" usertimems="8.000" systemtimems="0.000" timestamp="2019-06-16T18:48:47.046" activeThreads="4">
  <mem-info id="3880" free="2042002960" total="2092630016" percent="97">
    <mem type="nursery" free="1939704" total="3932160" percent="49">
      <mem type="allocate" free="1939704" total="2818048" percent="68" />
      <mem type="survivor" free="0" total="1114112" percent="0" />
    </mem>
    <mem type="tenure" free="2040063256" total="2088697856" percent="97">
      <mem type="soa" free="1935628568" total="1984263168" percent="97" />
      <mem type="loa" free="104434688" total="104434688" percent="100" />
    </mem>
    <pending-finalizers system="0" default="0" reference="24" classloader="0" />
    <remembered-set count="180" />
  </mem-info>
</gc-end>
<cycle-end id="3881" type="scavenge" contextid="3875" timestamp="2019-06-16T18:48:47.046" />
  <attribute name="elasticGC enabled" value="1" />
  <attribute name= "numThreadsSpecified" value="4" />
  <attribute name="heapSize specified" value="9830400" />
  <attribute name="Current GC Util" value="70" />
  <attribute name= "Current Time Running" value="4915" />
  <attribute name ="GC Interval" value="352" />
  <attribute name="ProportionalT" value="50.000000" />
  <attribute name="ProportionalI" value="50.000000" />
  <attribute name="ProportionalH" value="50.000000" />
  <attribute name="Current Error" value="50.000000" />
  <attribute name="IntegralT" value="300.000000" />
  <attribute name="IntegralI" value="300.000000" />
  <attribute name="IntegralH" value="300.000000" />
  <attribute name="DerivativeT" value="-3.666667" />
  <attribute name="DerivativeI" value="-3.666667" />
  <attribute name="DerivativeH" value="-3.666667" />
  <attribute name="Loop Time for DT" value="6.000000" />
  <attribute name="Output H" value="8388608"/>
  <attribute name="Output I" value="352"/>
  <attribute name="Output T" value="4"/>
  <attribute name="Target GC Util Change" value ="20.000000" />
  <attribute name="Current GC Util Change" value="70.000000"/>
  <attribute name="GC Util currently" value="70" />
  <attribute name="CPU Util currently" value="735410194467" />
<allocation-satisfied id="3882" threadId="0000000000A85000" bytesRequested="40" />
<af-end id="3883" timestamp="2019-06-16T18:48:47.046" threadId="0000000000A85988" success="true" from="nursery"/>
<exclusive-end id="3884" timestamp="2019-06-16T18:48:47.046" durationms="2.855" />

<exclusive-start id="3885" timestamp="2019-06-16T18:48:47.049" intervalms="5.670">
  <response-info timems="0.027" idlems="0.027" threads="0" lastid="0000000000A79C00" lastname="PmdThread 1" />
</exclusive-start>
<af-start id="3886" threadId="0000000000A7A588" totalBytesRequested="24" timestamp="2019-06-16T18:48:47.049" intervalms="5.660" type="nursery" />
<cycle-start id="3887" type="scavenge" contextid="0" timestamp="2019-06-16T18:48:47.049" intervalms="5.628" />
<gc-start id="3888" type="scavenge" contextid="3887" timestamp="2019-06-16T18:48:47.049">
  <mem-info id="3889" free="2040063048" total="2092630016" percent="97">
    <mem type="nursery" free="0" total="3932160" percent="0">
      <mem type="allocate" free="0" total="2818048" percent="0" />
      <mem type="survivor" free="0" total="1114112" percent="0" />
    </mem>
    <mem type="tenure" free="2040063048" total="2088697856" percent="97">
      <mem type="soa" free="1935628360" total="1984263168" percent="97" />
      <mem type="loa" free="104434688" total="104434688" percent="100" />
    </mem>
    <remembered-set count="203" />
  </mem-info>
</gc-start>
<allocation-stats totalBytes="1938512" >
  <allocated-bytes non-tlh="16640" tlh="1921872" />
  <largest-consumer threadName="PmdThread 2" threadId="0000000000A7D800" bytes="720984" />
</allocation-stats>
<gc-op id="3890" type="scavenge" timems="0.761" contextid="3887" timestamp="2019-06-16T18:48:47.050">
  <scavenger-info tenureage="3" tenuremask="7f88" tiltratio="71" />
  <memory-copied type="nursery" objects="9379" bytes="739888" bytesdiscarded="202184" />
  <memory-copied type="tenure" objects="3157" bytes="152968" bytesdiscarded="0" />
  <references type="weak" candidates="30" cleared="30" enqueued="29" />
  <references type="phantom" candidates="7" cleared="5" enqueued="5" />
</gc-op>
<gc-end id="3891" type="scavenge" contextid="3887" durationms="1.127" usertimems="4.000" systemtimems="0.000" timestamp="2019-06-16T18:48:47.050" activeThreads="4">
  <mem-info id="3892" free="2041914096" total="2092630016" percent="97">
    <mem type="nursery" free="1875640" total="3932160" percent="47">
      <mem type="allocate" free="1875640" total="2818048" percent="66" />
      <mem type="survivor" free="0" total="1114112" percent="0" />
    </mem>
    <mem type="tenure" free="2040038456" total="2088697856" percent="97">
      <mem type="soa" free="1935603768" total="1984263168" percent="97" />
      <mem type="loa" free="104434688" total="104434688" percent="100" />
    </mem>
    <pending-finalizers system="0" default="0" reference="34" classloader="0" />
    <remembered-set count="1152" />
  </mem-info>
</gc-end>
<cycle-end id="3893" type="scavenge" contextid="3887" timestamp="2019-06-16T18:48:47.050" />
  <attribute name="elasticGC enabled" value="1" />
  <attribute name= "numThreadsSpecified" value="4" />
  <attribute name="heapSize specified" value="9830400" />
  <attribute name="Current GC Util" value="84" />
  <attribute name= "Current Time Running" value="4921" />
  <attribute name ="GC Interval" value="456" />
  <attribute name="ProportionalT" value="64.000000" />
  <attribute name="ProportionalI" value="64.000000" />
  <attribute name="ProportionalH" value="64.000000" />
  <attribute name="Current Error" value="64.000000" />
  <attribute name="IntegralT" value="384.000000" />
  <attribute name="IntegralI" value="384.000000" />
  <attribute name="IntegralH" value="384.000000" />
  <attribute name="DerivativeT" value="1.166667" />
  <attribute name="DerivativeI" value="1.166667" />
  <attribute name="DerivativeH" value="1.166667" />
  <attribute name="Loop Time for DT" value="6.000000" />
  <attribute name="Output H" value="8388608"/>
  <attribute name="Output I" value="456"/>
  <attribute name="Output T" value="4"/>
  <attribute name="Target GC Util Change" value ="20.000000" />
  <attribute name="Current GC Util Change" value="84.000000"/>
  <attribute name="GC Util currently" value="84" />
  <attribute name="CPU Util currently" value="814468501897" />
<allocation-satisfied id="3894" threadId="0000000000A79C00" bytesRequested="24" />
<af-end id="3895" timestamp="2019-06-16T18:48:47.050" threadId="0000000000A7A588" success="true" from="nursery"/>
<exclusive-end id="3896" timestamp="2019-06-16T18:48:47.050" durationms="1.575" />

<exclusive-start id="3897" timestamp="2019-06-16T18:48:47.053" intervalms="4.185">
  <response-info timems="0.207" idlems="0.182" threads="2" lastid="0000000000A79C00" lastname="PmdThread 1" />
</exclusive-start>
<af-start id="3898" threadId="0000000000A81D88" totalBytesRequested="24" timestamp="2019-06-16T18:48:47.053" intervalms="4.169" type="nursery" />
<cycle-start id="3899" type="scavenge" contextid="0" timestamp="2019-06-16T18:48:47.053" intervalms="4.167" />
<gc-start id="3900" type="scavenge" contextid="3899" timestamp="2019-06-16T18:48:47.053">
  <mem-info id="3901" free="2040038456" total="2092630016" percent="97">
    <mem type="nursery" free="0" total="3932160" percent="0">
      <mem type="allocate" free="0" total="2818048" percent="0" />
      <mem type="survivor" free="0" total="1114112" percent="0" />
    </mem>
    <mem type="tenure" free="2040038456" total="2088697856" percent="97">
      <mem type="soa" free="1935603768" total="1984263168" percent="97" />
      <mem type="loa" free="104434688" total="104434688" percent="100" />
    </mem>
    <remembered-set count="1180" />
  </mem-info>
</gc-start>
<allocation-stats totalBytes="1874952" >
  <allocated-bytes non-tlh="24" tlh="1874928" />
  <largest-consumer threadName="PmdThread 2" threadId="0000000000A7D800" bytes="683784" />
</allocation-stats>
<gc-op id="3902" type="scavenge" timems="0.713" contextid="3899" timestamp="2019-06-16T18:48:47.054">
  <scavenger-info tenureage="7" tenuremask="7f80" tiltratio="71" />
  <memory-copied type="nursery" objects="13384" bytes="880032" bytesdiscarded="215304" />
  <memory-copied type="tenure" objects="51" bytes="1808" bytesdiscarded="0" />
  <references type="weak" candidates="38" cleared="38" enqueued="38" />
  <references type="phantom" candidates="7" cleared="6" enqueued="6" />
</gc-op>
<gc-end id="3903" type="scavenge" contextid="3899" durationms="1.076" usertimems="0.000" systemtimems="0.000" timestamp="2019-06-16T18:48:47.054" activeThreads="4">
  <mem-info id="3904" free="2041760000" total="2092630016" percent="97">
    <mem type="nursery" free="1721544" total="3932160" percent="43">
      <mem type="allocate" free="1721544" total="2818048" percent="61" />
      <mem type="survivor" free="0" total="1114112" percent="0" />
    </mem>
    <mem type="tenure" free="2040038456" total="2088697856" percent="97">
      <mem type="soa" free="1935603768" total="1984263168" percent="97" />
      <mem type="loa" free="104434688" total="104434688" percent="100" />
    </mem>
    <pending-finalizers system="0" default="0" reference="44" classloader="0" />
    <remembered-set count="1158" />
  </mem-info>
</gc-end>
<cycle-end id="3905" type="scavenge" contextid="3899" timestamp="2019-06-16T18:48:47.054" />
  <attribute name="elasticGC enabled" value="1" />
  <attribute name= "numThreadsSpecified" value="4" />
  <attribute name="heapSize specified" value="9830400" />
  <attribute name="Current GC Util" value="44" />
  <attribute name= "Current Time Running" value="4925" />
  <attribute name ="GC Interval" value="200" />
  <attribute name="ProportionalT" value="24.000000" />
  <attribute name="ProportionalI" value="24.000000" />
  <attribute name="ProportionalH" value="24.000000" />
  <attribute name="Current Error" value="24.000000" />
  <attribute name="IntegralT" value="96.000000" />
  <attribute name="IntegralI" value="96.000000" />
  <attribute name="IntegralH" value="96.000000" />
  <attribute name="DerivativeT" value="-5.000000" />
  <attribute name="DerivativeI" value="-5.000000" />
  <attribute name="DerivativeH" value="-5.000000" />
  <attribute name="Loop Time for DT" value="4.000000" />
  <attribute name="Output H" value="8388608"/>
  <attribute name="Output I" value="200"/>
  <attribute name="Output T" value="4"/>
  <attribute name="Target GC Util Change" value ="20.000000" />
  <attribute name="Current GC Util Change" value="44.000000"/>
  <attribute name="GC Util currently" value="44" />
  <attribute name="CPU Util currently" value="1107706045624" />
<allocation-satisfied id="3906" threadId="0000000000A81400" bytesRequested="24" />
<af-end id="3907" timestamp="2019-06-16T18:48:47.055" threadId="0000000000A81D88" success="true" from="nursery"/>
<exclusive-end id="3908" timestamp="2019-06-16T18:48:47.055" durationms="1.630" />

<exclusive-start id="3909" timestamp="2019-06-16T18:48:47.059" intervalms="6.416">
  <response-info timems="0.047" idlems="0.047" threads="0" lastid="0000000000A7D800" lastname="PmdThread 2" />
</exclusive-start>
<af-start id="3910" threadId="0000000000A7E188" totalBytesRequested="24" timestamp="2019-06-16T18:48:47.060" intervalms="6.452" type="nursery" />
<cycle-start id="3911" type="scavenge" contextid="0" timestamp="2019-06-16T18:48:47.060" intervalms="6.469" />
<gc-start id="3912" type="scavenge" contextid="3911" timestamp="2019-06-16T18:48:47.060">
  <mem-info id="3913" free="2040036288" total="2092630016" percent="97">
    <mem type="nursery" free="0" total="3932160" percent="0">
      <mem type="allocate" free="0" total="2818048" percent="0" />
      <mem type="survivor" free="0" total="1114112" percent="0" />
    </mem>
    <mem type="tenure" free="2040036288" total="2088697856" percent="97">
      <mem type="soa" free="1935601600" total="1984263168" percent="97" />
      <mem type="loa" free="104434688" total="104434688" percent="100" />
    </mem>
    <remembered-set count="1205" />
  </mem-info>
</gc-start>
<allocation-stats totalBytes="1723288" >
  <allocated-bytes non-tlh="2192" tlh="1721096" />
  <largest-consumer threadName="PmdThread 2" threadId="0000000000A7D800" bytes="746880" />
</allocation-stats>
<gc-op id="3914" type="scavenge" timems="2.108" contextid="3911" timestamp="2019-06-16T18:48:47.062">
  <scavenger-info tenureage="6" tenuremask="7fc0" tiltratio="71" />
  <memory-copied type="nursery" objects="11106" bytes="650456" bytesdiscarded="46592" />
  <memory-copied type="tenure" objects="137" bytes="20656" bytesdiscarded="0" />
  <references type="weak" candidates="58" cleared="58" enqueued="58" />
  <references type="phantom" candidates="1" cleared="1" enqueued="1" />
</gc-op>
<gc-end id="3915" type="scavenge" contextid="3911" durationms="2.371" usertimems="4.000" systemtimems="0.000" timestamp="2019-06-16T18:48:47.062" activeThreads="4">
  <mem-info id="3916" free="2042155112" total="2092630016" percent="97">
    <mem type="nursery" free="2118824" total="3932160" percent="53">
      <mem type="allocate" free="2118824" total="2818048" percent="75" />
      <mem type="survivor" free="0" total="1114112" percent="0" />
    </mem>
    <mem type="tenure" free="2040036288" total="2088697856" percent="97">
      <mem type="soa" free="1935601600" total="1984263168" percent="97" />
      <mem type="loa" free="104434688" total="104434688" percent="100" />
    </mem>
    <pending-finalizers system="0" default="0" reference="59" classloader="0" />
    <remembered-set count="189" />
  </mem-info>
</gc-end>
<cycle-end id="3917" type="scavenge" contextid="3911" timestamp="2019-06-16T18:48:47.062" />
  <attribute name="elasticGC enabled" value="1" />
  <attribute name= "numThreadsSpecified" value="4" />
  <attribute name="heapSize specified" value="9830400" />
  <attribute name="Current GC Util" value="27" />
  <attribute name= "Current Time Running" value="4931" />
  <attribute name ="GC Interval" value="200" />
  <attribute name="ProportionalT" value="7.000000" />
  <attribute name="ProportionalI" value="7.000000" />
  <attribute name="ProportionalH" value="7.000000" />
  <attribute name="Current Error" value="7.000000" />
  <attribute name="IntegralT" value="42.000000" />
  <attribute name="IntegralI" value="42.000000" />
  <attribute name="IntegralH" value="42.000000" />
  <attribute name="DerivativeT" value="-1.416667" />
  <attribute name="DerivativeI" value="-1.416667" />
  <attribute name="DerivativeH" value="-1.416667" />
  <attribute name="Loop Time for DT" value="6.000000" />
  <attribute name="Output H" value="8388608"/>
  <attribute name="Output I" value="200"/>
  <attribute name="Output T" value="4"/>
  <attribute name="Target GC Util Change" value ="20.000000" />
  <attribute name="Current GC Util Change" value="27.000000"/>
  <attribute name="GC Util currently" value="27" />
  <attribute name="CPU Util currently" value="709746535287" />
<allocation-satisfied id="3918" threadId="0000000000A7D800" bytesRequested="24" />
<af-end id="3919" timestamp="2019-06-16T18:48:47.062" threadId="0000000000A7E188" success="true" from="nursery"/>
<exclusive-end id="3920" timestamp="2019-06-16T18:48:47.062" durationms="2.973" />

<exclusive-start id="3921" timestamp="2019-06-16T18:48:47.066" intervalms="6.860">
  <response-info timems="0.214" idlems="0.191" threads="1" lastid="0000000000A79C00" lastname="PmdThread 1" />
</exclusive-start>
<af-start id="3922" threadId="0000000000A81D88" totalBytesRequested="40" timestamp="2019-06-16T18:48:47.066" intervalms="6.866" type="nursery" />
<cycle-start id="3923" type="scavenge" contextid="0" timestamp="2019-06-16T18:48:47.066" intervalms="6.886" />
<gc-start id="3924" type="scavenge" contextid="3923" timestamp="2019-06-16T18:48:47.067">
  <mem-info id="3925" free="2040035856" total="2092630016" percent="97">
    <mem type="nursery" free="0" total="3932160" percent="0">
      <mem type="allocate" free="0" total="2818048" percent="0" />
      <mem type="survivor" free="0" total="1114112" percent="0" />
    </mem>
    <mem type="tenure" free="2040035856" total="2088697856" percent="97">
      <mem type="soa" free="1935601168" total="1984263168" percent="97" />
      <mem type="loa" free="104434688" total="104434688" percent="100" />
    </mem>
    <remembered-set count="213" />
  </mem-info>
</gc-start>
<allocation-stats totalBytes="2118368" >
  <allocated-bytes non-tlh="16848" tlh="2101520" />
  <largest-consumer threadName="PmdThread 3" threadId="0000000000A81400" bytes="721880" />
</allocation-stats>
<gc-op id="3926" type="scavenge" timems="0.981" contextid="3923" timestamp="2019-06-16T18:48:47.068">
  <scavenger-info tenureage="6" tenuremask="7fc0" tiltratio="71" />
  <memory-copied type="nursery" objects="15604" bytes="938552" bytesdiscarded="134616" />
  <references type="weak" candidates="19" cleared="19" enqueued="19" />
  <references type="phantom" candidates="4" cleared="3" enqueued="3" />
</gc-op>
<gc-end id="3927" type="scavenge" contextid="3923" durationms="1.485" usertimems="4.000" systemtimems="0.000" timestamp="2019-06-16T18:48:47.068" activeThreads="4">
  <mem-info id="3928" free="2041582312" total="2092630016" percent="97">
    <mem type="nursery" free="1546456" total="3932160" percent="39">
      <mem type="allocate" free="1546456" total="2621440" percent="58" />
      <mem type="survivor" free="0" total="1310720" percent="0" />
    </mem>
    <mem type="tenure" free="2040035856" total="2088697856" percent="97">
      <mem type="soa" free="1935601168" total="1984263168" percent="97" />
      <mem type="loa" free="104434688" total="104434688" percent="100" />
    </mem>
    <pending-finalizers system="0" default="0" reference="22" classloader="0" />
    <remembered-set count="196" />
  </mem-info>
</gc-end>
<cycle-end id="3929" type="scavenge" contextid="3923" timestamp="2019-06-16T18:48:47.068" />
  <attribute name="elasticGC enabled" value="1" />
  <attribute name= "numThreadsSpecified" value="4" />
  <attribute name="heapSize specified" value="9830400" />
  <attribute name="Current GC Util" value="53" />
  <attribute name= "Current Time Running" value="4938" />
  <attribute name ="GC Interval" value="272" />
  <attribute name="ProportionalT" value="33.000000" />
  <attribute name="ProportionalI" value="33.000000" />
  <attribute name="ProportionalH" value="33.000000" />
  <attribute name="Current Error" value="33.000000" />
  <attribute name="IntegralT" value="231.000000" />
  <attribute name="IntegralI" value="231.000000" />
  <attribute name="IntegralH" value="231.000000" />
  <attribute name="DerivativeT" value="1.857143" />
  <attribute name="DerivativeI" value="1.857143" />
  <attribute name="DerivativeH" value="1.857143" />
  <attribute name="Loop Time for DT" value="7.000000" />
  <attribute name="Output H" value="8388608"/>
  <attribute name="Output I" value="272"/>
  <attribute name="Output T" value="4"/>
  <attribute name="Target GC Util Change" value ="20.000000" />
  <attribute name="Current GC Util Change" value="53.000000"/>
  <attribute name="GC Util currently" value="53" />
  <attribute name="CPU Util currently" value="661874019577" />
<allocation-satisfied id="3930" threadId="0000000000A81400" bytesRequested="40" />
<af-end id="3931" timestamp="2019-06-16T18:48:47.068" threadId="0000000000A81D88" success="true" from="nursery"/>
<exclusive-end id="3932" timestamp="2019-06-16T18:48:47.069" durationms="2.303" />

<exclusive-start id="3933" timestamp="2019-06-16T18:48:47.072" intervalms="5.718">
  <response-info timems="0.200" idlems="0.183" threads="1" lastid="0000000000A79C00" lastname="PmdThread 1" />
</exclusive-start>
<af-start id="3934" threadId="0000000000A81D88" totalBytesRequested="3080" timestamp="2019-06-16T18:48:47.072" intervalms="5.673" type="nursery" />
<cycle-start id="3935" type="scavenge" contextid="0" timestamp="2019-06-16T18:48:47.072" intervalms="5.641" />
<gc-start id="3936" type="scavenge" contextid="3935" timestamp="2019-06-16T18:48:47.072">
  <mem-info id="3937" free="2040035440" total="2092630016" percent="97">
    <mem type="nursery" free="0" total="3932160" percent="0">
      <mem type="allocate" free="0" total="2621440" percent="0" />
      <mem type="survivor" free="0" total="1310720" percent="0" />
    </mem>
    <mem type="tenure" free="2040035440" total="2088697856" percent="97">
      <mem type="soa" free="1935600752" total="1984263168" percent="97" />
      <mem type="loa" free="104434688" total="104434688" percent="100" />
    </mem>
    <remembered-set count="218" />
  </mem-info>
</gc-start>
<allocation-stats totalBytes="1540880" >
  <allocated-bytes non-tlh="456" tlh="1540424" />
  <largest-consumer threadName="PmdThread 2" threadId="0000000000A7D800" bytes="600200" />
</allocation-stats>
<gc-op id="3938" type="scavenge" timems="0.765" contextid="3935" timestamp="2019-06-16T18:48:47.073">
  <scavenger-info tenureage="5" tenuremask="7fe0" tiltratio="66" />
  <memory-copied type="nursery" objects="12699" bytes="828384" bytesdiscarded="101912" />
  <memory-copied type="tenure" objects="338" bytes="14240" bytesdiscarded="0" />
  <references type="weak" candidates="11" cleared="10" enqueued="10" />
  <references type="phantom" candidates="4" cleared="2" enqueued="2" />
</gc-op>
<gc-end id="3939" type="scavenge" contextid="3935" durationms="1.125" usertimems="4.000" systemtimems="0.000" timestamp="2019-06-16T18:48:47.073" activeThreads="4">
  <mem-info id="3940" free="2041791272" total="2092630016" percent="97">
    <mem type="nursery" free="1755832" total="3932160" percent="44">
      <mem type="allocate" free="1755832" total="2686976" percent="65" />
      <mem type="survivor" free="0" total="1245184" percent="0" />
    </mem>
    <mem type="tenure" free="2040035440" total="2088697856" percent="97">
      <mem type="soa" free="1935600752" total="1984263168" percent="97" />
      <mem type="loa" free="104434688" total="104434688" percent="100" />
    </mem>
    <pending-finalizers system="0" default="0" reference="12" classloader="0" />
    <remembered-set count="183" />
  </mem-info>
</gc-end>
<cycle-end id="3941" type="scavenge" contextid="3935" timestamp="2019-06-16T18:48:47.073" />
  <attribute name="elasticGC enabled" value="1" />
  <attribute name= "numThreadsSpecified" value="4" />
  <attribute name="heapSize specified" value="9830400" />
  <attribute name="Current GC Util" value="36" />
  <attribute name= "Current Time Running" value="4944" />
  <attribute name ="GC Interval" value="200" />
  <attribute name="ProportionalT" value="16.000000" />
  <attribute name="ProportionalI" value="16.000000" />
  <attribute name="ProportionalH" value="16.000000" />
  <attribute name="Current Error" value="16.000000" />
  <attribute name="IntegralT" value="96.000000" />
  <attribute name="IntegralI" value="96.000000" />
  <attribute name="IntegralH" value="96.000000" />
  <attribute name="DerivativeT" value="-1.416667" />
  <attribute name="DerivativeI" value="-1.416667" />
  <attribute name="DerivativeH" value="-1.416667" />
  <attribute name="Loop Time for DT" value="6.000000" />
  <attribute name="Output H" value="8388608"/>
  <attribute name="Output I" value="200"/>
  <attribute name="Output T" value="4"/>
  <attribute name="Target GC Util Change" value ="20.000000" />
  <attribute name="Current GC Util Change" value="36.000000"/>
  <attribute name="GC Util currently" value="36" />
  <attribute name="CPU Util currently" value="832305543098" />
<allocation-satisfied id="3942" threadId="0000000000A81400" bytesRequested="3080" />
<af-end id="3943" timestamp="2019-06-16T18:48:47.073" threadId="0000000000A81D88" success="true" from="nursery"/>
<exclusive-end id="3944" timestamp="2019-06-16T18:48:47.074" durationms="1.558" />

<exclusive-start id="3945" timestamp="2019-06-16T18:48:47.079" intervalms="7.283">
  <response-info timems="0.045" idlems="0.045" threads="0" lastid="0000000000A7D800" lastname="PmdThread 2" />
</exclusive-start>
<af-start id="3946" threadId="0000000000A7E188" totalBytesRequested="24" timestamp="2019-06-16T18:48:47.079" intervalms="7.306" type="nursery" />
<cycle-start id="3947" type="scavenge" contextid="0" timestamp="2019-06-16T18:48:47.079" intervalms="7.313" />
<gc-start id="3948" type="scavenge" contextid="3947" timestamp="2019-06-16T18:48:47.080">
  <mem-info id="3949" free="2040034296" total="2092630016" percent="97">
    <mem type="nursery" free="0" total="3932160" percent="0">
      <mem type="allocate" free="0" total="2686976" percent="0" />
      <mem type="survivor" free="0" total="1245184" percent="0" />
    </mem>
    <mem type="tenure" free="2040034296" total="2088697856" percent="97">
      <mem type="soa" free="1935599608" total="1984263168" percent="97" />
      <mem type="loa" free="104434688" total="104434688" percent="100" />
    </mem>
    <remembered-set count="220" />
  </mem-info>
</gc-start>
<allocation-stats totalBytes="1756456" >
  <allocated-bytes non-tlh="4224" tlh="1752232" />
  <largest-consumer threadName="PmdThread 2" threadId="0000000000A7D800" bytes="766152" />
</allocation-stats>
<gc-op id="3950" type="scavenge" timems="2.241" contextid="3947" timestamp="2019-06-16T18:48:47.082">
  <scavenger-info tenureage="4" tenuremask="7ff0" tiltratio="68" />
  <memory-copied type="nursery" objects="12221" bytes="803424" bytesdiscarded="172536" />
  <memory-copied type="tenure" objects="169" bytes="7064" bytesdiscarded="0" />
  <references type="weak" candidates="33" cleared="33" enqueued="33" />
  <references type="phantom" candidates="5" cleared="5" enqueued="5" />
</gc-op>
<gc-end id="3951" type="scavenge" contextid="3947" durationms="2.553" usertimems="4.000" systemtimems="0.000" timestamp="2019-06-16T18:48:47.082" activeThreads="4">
  <mem-info id="3952" free="2041810040" total="2092630016" percent="97">
    <mem type="nursery" free="1775744" total="3932160" percent="45">
      <mem type="allocate" free="1775744" total="2752512" percent="64" />
      <mem type="survivor" free="0" total="1179648" percent="0" />
    </mem>
    <mem type="tenure" free="2040034296" total="2088697856" percent="97">
      <mem type="soa" free="1935599608" total="1984263168" percent="97" />
      <mem type="loa" free="104434688" total="104434688" percent="100" />
    </mem>
    <pending-finalizers system="0" default="0" reference="38" classloader="0" />
    <remembered-set count="191" />
  </mem-info>
</gc-end>
<cycle-end id="3953" type="scavenge" contextid="3947" timestamp="2019-06-16T18:48:47.082" />
  <attribute name="elasticGC enabled" value="1" />
  <attribute name= "numThreadsSpecified" value="4" />
  <attribute name="heapSize specified" value="9830400" />
  <attribute name="Current GC Util" value="24" />
  <attribute name= "Current Time Running" value="4951" />
  <attribute name ="GC Interval" value="200" />
  <attribute name="ProportionalT" value="4.000000" />
  <attribute name="ProportionalI" value="4.000000" />
  <attribute name="ProportionalH" value="4.000000" />
  <attribute name="Current Error" value="4.000000" />
  <attribute name="IntegralT" value="28.000000" />
  <attribute name="IntegralI" value="28.000000" />
  <attribute name="IntegralH" value="28.000000" />
  <attribute name="DerivativeT" value="-0.857143" />
  <attribute name="DerivativeI" value="-0.857143" />
  <attribute name="DerivativeH" value="-0.857143" />
  <attribute name="Loop Time for DT" value="7.000000" />
  <attribute name="Output H" value="8388608"/>
  <attribute name="Output I" value="200"/>
  <attribute name="Output T" value="4"/>
  <attribute name="Target GC Util Change" value ="20.000000" />
  <attribute name="Current GC Util Change" value="24.000000"/>
  <attribute name="GC Util currently" value="24" />
  <attribute name="CPU Util currently" value="623434513737" />
<allocation-satisfied id="3954" threadId="0000000000A7D800" bytesRequested="24" />
<af-end id="3955" timestamp="2019-06-16T18:48:47.082" threadId="0000000000A7E188" success="true" from="nursery"/>
<exclusive-end id="3956" timestamp="2019-06-16T18:48:47.082" durationms="3.089" />

<exclusive-start id="3957" timestamp="2019-06-16T18:48:47.086" intervalms="6.479">
  <response-info timems="0.209" idlems="0.188" threads="1" lastid="0000000000A79C00" lastname="PmdThread 1" />
</exclusive-start>
<af-start id="3958" threadId="0000000000A81D88" totalBytesRequested="16" timestamp="2019-06-16T18:48:47.086" intervalms="6.469" type="nursery" />
<cycle-start id="3959" type="scavenge" contextid="0" timestamp="2019-06-16T18:48:47.086" intervalms="6.469" />
<gc-start id="3960" type="scavenge" contextid="3959" timestamp="2019-06-16T18:48:47.086">
  <mem-info id="3961" free="2040033784" total="2092630016" percent="97">
    <mem type="nursery" free="0" total="3932160" percent="0">
      <mem type="allocate" free="0" total="2752512" percent="0" />
      <mem type="survivor" free="0" total="1179648" percent="0" />
    </mem>
    <mem type="tenure" free="2040033784" total="2088697856" percent="97">
      <mem type="soa" free="1935599096" total="1984263168" percent="97" />
      <mem type="loa" free="104434688" total="104434688" percent="100" />
    </mem>
    <remembered-set count="218" />
  </mem-info>
</gc-start>
<allocation-stats totalBytes="1773952" >
  <allocated-bytes non-tlh="536" tlh="1773416" />
  <largest-consumer threadName="PmdThread 2" threadId="0000000000A7D800" bytes="712856" />
</allocation-stats>
<gc-op id="3962" type="scavenge" timems="0.819" contextid="3959" timestamp="2019-06-16T18:48:47.087">
  <scavenger-info tenureage="3" tenuremask="7ff8" tiltratio="70" />
  <memory-copied type="nursery" objects="10858" bytes="756912" bytesdiscarded="242624" />
  <memory-copied type="tenure" objects="4123" bytes="275184" bytesdiscarded="72" />
  <references type="weak" candidates="42" cleared="42" enqueued="41" />
  <references type="phantom" candidates="5" cleared="4" enqueued="4" />
</gc-op>
<gc-end id="3963" type="scavenge" contextid="3959" durationms="1.190" usertimems="0.000" systemtimems="0.000" timestamp="2019-06-16T18:48:47.087" activeThreads="4">
  <mem-info id="3964" free="2041441664" total="2092630016" percent="97">
    <mem type="nursery" free="1818264" total="3932160" percent="46">
      <mem type="allocate" free="1818264" total="2818048" percent="64" />
      <mem type="survivor" free="0" total="1114112" percent="0" />
    </mem>
    <mem type="tenure" free="2039623400" total="2088697856" percent="97">
      <mem type="soa" free="1935188712" total="1984263168" percent="97" />
      <mem type="loa" free="104434688" total="104434688" percent="100" />
    </mem>
    <pending-finalizers system="0" default="0" reference="45" classloader="0" />
    <remembered-set count="409" />
  </mem-info>
</gc-end>
<cycle-end id="3965" type="scavenge" contextid="3959" timestamp="2019-06-16T18:48:47.087" />
  <attribute name="elasticGC enabled" value="1" />
  <attribute name= "numThreadsSpecified" value="4" />
  <attribute name="heapSize specified" value="9830400" />
  <attribute name="Current GC Util" value="66" />
  <attribute name= "Current Time Running" value="4958" />
  <attribute name ="GC Interval" value="376" />
  <attribute name="ProportionalT" value="46.000000" />
  <attribute name="ProportionalI" value="46.000000" />
  <attribute name="ProportionalH" value="46.000000" />
  <attribute name="Current Error" value="46.000000" />
  <attribute name="IntegralT" value="322.000000" />
  <attribute name="IntegralI" value="322.000000" />
  <attribute name="IntegralH" value="322.000000" />
  <attribute name="DerivativeT" value="3.000000" />
  <attribute name="DerivativeI" value="3.000000" />
  <attribute name="DerivativeH" value="3.000000" />
  <attribute name="Loop Time for DT" value="7.000000" />
  <attribute name="Output H" value="8388608"/>
  <attribute name="Output I" value="376"/>
  <attribute name="Output T" value="4"/>
  <attribute name="Target GC Util Change" value ="20.000000" />
  <attribute name="Current GC Util Change" value="66.000000"/>
  <attribute name="GC Util currently" value="66" />
  <attribute name="CPU Util currently" value="722550984552" />
<allocation-satisfied id="3966" threadId="0000000000A81400" bytesRequested="16" />
<af-end id="3967" timestamp="2019-06-16T18:48:47.087" threadId="0000000000A81D88" success="true" from="nursery"/>
<exclusive-end id="3968" timestamp="2019-06-16T18:48:47.087" durationms="1.660" />

<exclusive-start id="3969" timestamp="2019-06-16T18:48:47.091" intervalms="4.918">
  <response-info timems="0.030" idlems="0.030" threads="0" lastid="0000000000A79C00" lastname="PmdThread 1" />
</exclusive-start>
<af-start id="3970" threadId="0000000000A7A588" totalBytesRequested="24" timestamp="2019-06-16T18:48:47.091" intervalms="5.018" type="nursery" />
<cycle-start id="3971" type="scavenge" contextid="0" timestamp="2019-06-16T18:48:47.091" intervalms="5.037" />
<gc-start id="3972" type="scavenge" contextid="3971" timestamp="2019-06-16T18:48:47.091">
  <mem-info id="3973" free="2039623192" total="2092630016" percent="97">
    <mem type="nursery" free="0" total="3932160" percent="0">
      <mem type="allocate" free="0" total="2818048" percent="0" />
      <mem type="survivor" free="0" total="1114112" percent="0" />
    </mem>
    <mem type="tenure" free="2039623192" total="2088697856" percent="97">
      <mem type="soa" free="1935188504" total="1984263168" percent="97" />
      <mem type="loa" free="104434688" total="104434688" percent="100" />
    </mem>
    <remembered-set count="433" />
  </mem-info>
</gc-start>
<allocation-stats totalBytes="1817320" >
  <allocated-bytes non-tlh="224" tlh="1817096" />
  <largest-consumer threadName="PmdThread 3" threadId="0000000000A81400" bytes="675808" />
</allocation-stats>
<gc-op id="3974" type="scavenge" timems="0.858" contextid="3971" timestamp="2019-06-16T18:48:47.092">
  <scavenger-info tenureage="3" tenuremask="7ff8" tiltratio="71" />
  <memory-copied type="nursery" objects="7626" bytes="466056" bytesdiscarded="51176" />
  <memory-copied type="tenure" objects="3688" bytes="181144" bytesdiscarded="56" />
  <references type="weak" candidates="15" cleared="15" enqueued="15" />
  <references type="phantom" candidates="2" cleared="1" enqueued="1" />
</gc-op>
<gc-end id="3975" type="scavenge" contextid="3971" durationms="1.270" usertimems="4.000" systemtimems="0.000" timestamp="2019-06-16T18:48:47.092" activeThreads="4">
  <mem-info id="3976" free="2041815000" total="2092630016" percent="97">
    <mem type="nursery" free="2364880" total="3932160" percent="60">
      <mem type="allocate" free="2364880" total="2883584" percent="82" />
      <mem type="survivor" free="0" total="1048576" percent="0" />
    </mem>
    <mem type="tenure" free="2039450120" total="2088697856" percent="97">
      <mem type="soa" free="1935015432" total="1984263168" percent="97" />
      <mem type="loa" free="104434688" total="104434688" percent="100" />
    </mem>
    <pending-finalizers system="0" default="0" reference="16" classloader="0" />
    <remembered-set count="191" />
  </mem-info>
</gc-end>
<cycle-end id="3977" type="scavenge" contextid="3971" timestamp="2019-06-16T18:48:47.092" />
  <attribute name="elasticGC enabled" value="1" />
  <attribute name= "numThreadsSpecified" value="4" />
  <attribute name="heapSize specified" value="9830400" />
  <attribute name="Current GC Util" value="43" />
  <attribute name= "Current Time Running" value="4963" />
  <attribute name ="GC Interval" value="200" />
  <attribute name="ProportionalT" value="23.000000" />
  <attribute name="ProportionalI" value="23.000000" />
  <attribute name="ProportionalH" value="23.000000" />
  <attribute name="Current Error" value="23.000000" />
  <attribute name="IntegralT" value="115.000000" />
  <attribute name="IntegralI" value="115.000000" />
  <attribute name="IntegralH" value="115.000000" />
  <attribute name="DerivativeT" value="-2.300000" />
  <attribute name="DerivativeI" value="-2.300000" />
  <attribute name="DerivativeH" value="-2.300000" />
  <attribute name="Loop Time for DT" value="5.000000" />
  <attribute name="Output H" value="8388608"/>
  <attribute name="Output I" value="200"/>
  <attribute name="Output T" value="4"/>
  <attribute name="Target GC Util Change" value ="20.000000" />
  <attribute name="Current GC Util Change" value="43.000000"/>
  <attribute name="GC Util currently" value="43" />
  <attribute name="CPU Util currently" value="912688981074" />
<allocation-satisfied id="3978" threadId="0000000000A79C00" bytesRequested="24" />
<af-end id="3979" timestamp="2019-06-16T18:48:47.092" threadId="0000000000A7A588" success="true" from="nursery"/>
<exclusive-end id="3980" timestamp="2019-06-16T18:48:47.093" durationms="1.879" />

<exclusive-start id="3981" timestamp="2019-06-16T18:48:47.095" intervalms="4.784">
  <response-info timems="0.027" idlems="0.027" threads="0" lastid="0000000000A85000" lastname="PmdThread 4" />
</exclusive-start>
<af-start id="3982" threadId="0000000000A85988" totalBytesRequested="24" timestamp="2019-06-16T18:48:47.096" intervalms="4.700" type="nursery" />
<cycle-start id="3983" type="scavenge" contextid="0" timestamp="2019-06-16T18:48:47.096" intervalms="4.671" />
<gc-start id="3984" type="scavenge" contextid="3983" timestamp="2019-06-16T18:48:47.096">
  <mem-info id="3985" free="2039449928" total="2092630016" percent="97">
    <mem type="nursery" free="0" total="3932160" percent="0">
      <mem type="allocate" free="0" total="2883584" percent="0" />
      <mem type="survivor" free="0" total="1048576" percent="0" />
    </mem>
    <mem type="tenure" free="2039449928" total="2088697856" percent="97">
      <mem type="soa" free="1935015240" total="1984263168" percent="97" />
      <mem type="loa" free="104434688" total="104434688" percent="100" />
    </mem>
    <remembered-set count="209" />
  </mem-info>
</gc-start>
<allocation-stats totalBytes="2360456" >
  <allocated-bytes non-tlh="216" tlh="2360240" />
  <largest-consumer threadName="PmdThread 2" threadId="0000000000A7D800" bytes="1429320" />
</allocation-stats>
<gc-op id="3986" type="scavenge" timems="2.775" contextid="3983" timestamp="2019-06-16T18:48:47.099">
  <scavenger-info tenureage="4" tenuremask="7ff0" tiltratio="73" />
  <memory-copied type="nursery" objects="15482" bytes="854288" bytesdiscarded="68208" />
  <references type="weak" candidates="31" cleared="31" enqueued="31" />
  <references type="phantom" candidates="3" cleared="1" enqueued="1" />
</gc-op>
<gc-end id="3987" type="scavenge" contextid="3983" durationms="2.937" usertimems="8.000" systemtimems="0.000" timestamp="2019-06-16T18:48:47.099" activeThreads="4">
  <mem-info id="3988" free="2041147224" total="2092630016" percent="97">
    <mem type="nursery" free="1697296" total="3932160" percent="43">
      <mem type="allocate" free="1697296" total="2621440" percent="64" />
      <mem type="survivor" free="0" total="1310720" percent="0" />
    </mem>
    <mem type="tenure" free="2039449928" total="2088697856" percent="97">
      <mem type="soa" free="1935015240" total="1984263168" percent="97" />
      <mem type="loa" free="104434688" total="104434688" percent="100" />
    </mem>
    <pending-finalizers system="0" default="0" reference="32" classloader="0" />
    <remembered-set count="192" />
  </mem-info>
</gc-end>
<cycle-end id="3989" type="scavenge" contextid="3983" timestamp="2019-06-16T18:48:47.099" />
  <attribute name="elasticGC enabled" value="1" />
  <attribute name= "numThreadsSpecified" value="4" />
  <attribute name="heapSize specified" value="9830400" />
  <attribute name="Current GC Util" value="39" />
  <attribute name= "Current Time Running" value="4967" />
  <attribute name ="GC Interval" value="200" />
  <attribute name="ProportionalT" value="19.000000" />
  <attribute name="ProportionalI" value="19.000000" />
  <attribute name="ProportionalH" value="19.000000" />
  <attribute name="Current Error" value="19.000000" />
  <attribute name="IntegralT" value="76.000000" />
  <attribute name="IntegralI" value="76.000000" />
  <attribute name="IntegralH" value="76.000000" />
  <attribute name="DerivativeT" value="-0.500000" />
  <attribute name="DerivativeI" value="-0.500000" />
  <attribute name="DerivativeH" value="-0.500000" />
  <attribute name="Loop Time for DT" value="4.000000" />
  <attribute name="Output H" value="8388608"/>
  <attribute name="Output I" value="200"/>
  <attribute name="Output T" value="4"/>
  <attribute name="Target GC Util Change" value ="20.000000" />
  <attribute name="Current GC Util Change" value="39.000000"/>
  <attribute name="GC Util currently" value="39" />
  <attribute name="CPU Util currently" value="998557059147" />
<allocation-satisfied id="3990" threadId="0000000000A85000" bytesRequested="24" />
<af-end id="3991" timestamp="2019-06-16T18:48:47.099" threadId="0000000000A85988" success="true" from="nursery"/>
<exclusive-end id="3992" timestamp="2019-06-16T18:48:47.099" durationms="3.362" />

<exclusive-start id="3993" timestamp="2019-06-16T18:48:47.101" intervalms="5.941">
  <response-info timems="0.053" idlems="0.053" threads="0" lastid="0000000000A85000" lastname="PmdThread 4" />
</exclusive-start>
<af-start id="3994" threadId="0000000000A85988" totalBytesRequested="56" timestamp="2019-06-16T18:48:47.101" intervalms="5.905" type="nursery" />
<cycle-start id="3995" type="scavenge" contextid="0" timestamp="2019-06-16T18:48:47.102" intervalms="5.892" />
<gc-start id="3996" type="scavenge" contextid="3995" timestamp="2019-06-16T18:48:47.102">
  <mem-info id="3997" free="2039449928" total="2092630016" percent="97">
    <mem type="nursery" free="0" total="3932160" percent="0">
      <mem type="allocate" free="0" total="2621440" percent="0" />
      <mem type="survivor" free="0" total="1310720" percent="0" />
    </mem>
    <mem type="tenure" free="2039449928" total="2088697856" percent="97">
      <mem type="soa" free="1935015240" total="1984263168" percent="97" />
      <mem type="loa" free="104434688" total="104434688" percent="100" />
    </mem>
    <remembered-set count="199" />
  </mem-info>
</gc-start>
<allocation-stats totalBytes="1696840" >
  <allocated-bytes non-tlh="24" tlh="1696816" />
  <largest-consumer threadName="PmdThread 2" threadId="0000000000A7D800" bytes="700288" />
</allocation-stats>
<gc-op id="3998" type="scavenge" timems="2.876" contextid="3995" timestamp="2019-06-16T18:48:47.105">
  <scavenger-info tenureage="3" tenuremask="7ff8" tiltratio="66" />
  <memory-copied type="nursery" objects="22565" bytes="1109816" bytesdiscarded="95152" />
  <memory-copied type="tenure" objects="4011" bytes="207664" bytesdiscarded="56" />
  <references type="weak" candidates="1" cleared="0" enqueued="0" />
  <references type="phantom" candidates="2" cleared="0" enqueued="0" />
</gc-op>
<gc-end id="3999" type="scavenge" contextid="3995" durationms="3.041" usertimems="8.000" systemtimems="0.000" timestamp="2019-06-16T18:48:47.105" activeThreads="4">
  <mem-info id="4000" free="2040545384" total="2092630016" percent="97">
    <mem type="nursery" free="1284920" total="3932160" percent="32">
      <mem type="allocate" free="1284920" total="2490368" percent="51" />
      <mem type="survivor" free="0" total="1441792" percent="0" />
    </mem>
    <mem type="tenure" free="2039260464" total="2088697856" percent="97">
      <mem type="soa" free="1934825776" total="1984263168" percent="97" />
      <mem type="loa" free="104434688" total="104434688" percent="100" />
    </mem>
    <remembered-set count="130" />
  </mem-info>
</gc-end>
<cycle-end id="4001" type="scavenge" contextid="3995" timestamp="2019-06-16T18:48:47.105" />
  <attribute name="elasticGC enabled" value="1" />
  <attribute name= "numThreadsSpecified" value="4" />
  <attribute name="heapSize specified" value="9830400" />
  <attribute name="Current GC Util" value="79" />
  <attribute name= "Current Time Running" value="4973" />
  <attribute name ="GC Interval" value="416" />
  <attribute name="ProportionalT" value="59.000000" />
  <attribute name="ProportionalI" value="59.000000" />
  <attribute name="ProportionalH" value="59.000000" />
  <attribute name="Current Error" value="59.000000" />
  <attribute name="IntegralT" value="354.000000" />
  <attribute name="IntegralI" value="354.000000" />
  <attribute name="IntegralH" value="354.000000" />
  <attribute name="DerivativeT" value="3.333333" />
  <attribute name="DerivativeI" value="3.333333" />
  <attribute name="DerivativeH" value="3.333333" />
  <attribute name="Loop Time for DT" value="6.000000" />
  <attribute name="Output H" value="8388608"/>
  <attribute name="Output I" value="416"/>
  <attribute name="Output T" value="4"/>
  <attribute name="Target GC Util Change" value ="20.000000" />
  <attribute name="Current GC Util Change" value="79.000000"/>
  <attribute name="GC Util currently" value="79" />
  <attribute name="CPU Util currently" value="782606687779" />
<allocation-satisfied id="4002" threadId="0000000000A85000" bytesRequested="56" />
<af-end id="4003" timestamp="2019-06-16T18:48:47.105" threadId="0000000000A85988" success="true" from="nursery"/>
<exclusive-end id="4004" timestamp="2019-06-16T18:48:47.105" durationms="3.424" />

<exclusive-start id="4005" timestamp="2019-06-16T18:48:47.106" intervalms="4.558">
  <response-info timems="0.041" idlems="0.022" threads="1" lastid="0000000000A79C00" lastname="PmdThread 1" />
</exclusive-start>
<af-start id="4006" threadId="0000000000A81D88" totalBytesRequested="40" timestamp="2019-06-16T18:48:47.106" intervalms="4.600" type="nursery" />
<cycle-start id="4007" type="scavenge" contextid="0" timestamp="2019-06-16T18:48:47.106" intervalms="4.654" />
<gc-start id="4008" type="scavenge" contextid="4007" timestamp="2019-06-16T18:48:47.106">
  <mem-info id="4009" free="2039260256" total="2092630016" percent="97">
    <mem type="nursery" free="0" total="3932160" percent="0">
      <mem type="allocate" free="0" total="2490368" percent="0" />
      <mem type="survivor" free="0" total="1441792" percent="0" />
    </mem>
    <mem type="tenure" free="2039260256" total="2088697856" percent="97">
      <mem type="soa" free="1934825568" total="1984263168" percent="97" />
      <mem type="loa" free="104434688" total="104434688" percent="100" />
    </mem>
    <remembered-set count="139" />
  </mem-info>
</gc-start>
<allocation-stats totalBytes="1274856" >
  <allocated-bytes non-tlh="264" tlh="1274592" />
  <largest-consumer threadName="PmdThread 2" threadId="0000000000A7D800" bytes="734032" />
</allocation-stats>
<gc-op id="4010" type="scavenge" timems="1.549" contextid="4007" timestamp="2019-06-16T18:48:47.108">
  <scavenger-info tenureage="2" tenuremask="7ffc" tiltratio="63" />
  <memory-copied type="nursery" objects="16314" bytes="689296" bytesdiscarded="193864" />
  <memory-copied type="tenure" objects="11008" bytes="612328" bytesdiscarded="992" />
  <references type="weak" candidates="2" cleared="1" enqueued="1" />
  <references type="phantom" candidates="3" cleared="1" enqueued="1" />
</gc-op>
<gc-end id="4011" type="scavenge" contextid="4007" durationms="1.943" usertimems="4.000" systemtimems="0.000" timestamp="2019-06-16T18:48:47.108" activeThreads="4">
  <mem-info id="4012" free="2040381136" total="2092630016" percent="97">
    <mem type="nursery" free="1607168" total="3932160" percent="40">
      <mem type="allocate" free="1607168" total="2490368" percent="64" />
      <mem type="survivor" free="0" total="1441792" percent="0" />
    </mem>
    <mem type="tenure" free="2038773968" total="2088697856" percent="97">
      <mem type="soa" free="1934339280" total="1984263168" percent="97" />
      <mem type="loa" free="104434688" total="104434688" percent="100" />
    </mem>
    <pending-finalizers system="0" default="0" reference="2" classloader="0" />
    <remembered-set count="673" />
  </mem-info>
</gc-end>
<cycle-end id="4013" type="scavenge" contextid="4007" timestamp="2019-06-16T18:48:47.108" />
  <attribute name="elasticGC enabled" value="1" />
  <attribute name= "numThreadsSpecified" value="4" />
  <attribute name="heapSize specified" value="9830400" />
  <attribute name="Current GC Util" value="129" />
  <attribute name= "Current Time Running" value="4978" />
  <attribute name ="GC Interval" value="664" />
  <attribute name="ProportionalT" value="109.000000" />
  <attribute name="ProportionalI" value="109.000000" />
  <attribute name="ProportionalH" value="109.000000" />
  <attribute name="Current Error" value="109.000000" />
  <attribute name="IntegralT" value="545.000000" />
  <attribute name="IntegralI" value="545.000000" />
  <attribute name="IntegralH" value="545.000000" />
  <attribute name="DerivativeT" value="5.000000" />
  <attribute name="DerivativeI" value="5.000000" />
  <attribute name="DerivativeH" value="5.000000" />
  <attribute name="Loop Time for DT" value="5.000000" />
  <attribute name="Output H" value="8388608"/>
  <attribute name="Output I" value="664"/>
  <attribute name="Output T" value="4"/>
  <attribute name="Target GC Util Change" value ="20.000000" />
  <attribute name="Current GC Util Change" value="129.000000"/>
  <attribute name="GC Util currently" value="129" />
  <attribute name="CPU Util currently" value="984716844436" />
<allocation-satisfied id="4014" threadId="0000000000A81400" bytesRequested="40" />
<af-end id="4015" timestamp="2019-06-16T18:48:47.108" threadId="0000000000A81D88" success="true" from="nursery"/>
<exclusive-end id="4016" timestamp="2019-06-16T18:48:47.109" durationms="2.589" />

<exclusive-start id="4017" timestamp="2019-06-16T18:48:47.112" intervalms="6.315">
  <response-info timems="0.032" idlems="0.032" threads="0" lastid="0000000000A85000" lastname="PmdThread 4" />
</exclusive-start>
<af-start id="4018" threadId="0000000000A85988" totalBytesRequested="488" timestamp="2019-06-16T18:48:47.112" intervalms="6.286" type="nursery" />
<cycle-start id="4019" type="scavenge" contextid="0" timestamp="2019-06-16T18:48:47.112" intervalms="6.234" />
<gc-start id="4020" type="scavenge" contextid="4019" timestamp="2019-06-16T18:48:47.112">
  <mem-info id="4021" free="2038773040" total="2092630016" percent="97">
    <mem type="nursery" free="0" total="3932160" percent="0">
      <mem type="allocate" free="0" total="2490368" percent="0" />
      <mem type="survivor" free="0" total="1441792" percent="0" />
    </mem>
    <mem type="tenure" free="2038773040" total="2088697856" percent="97">
      <mem type="soa" free="1934338352" total="1984263168" percent="97" />
      <mem type="loa" free="104434688" total="104434688" percent="100" />
    </mem>
    <remembered-set count="709" />
  </mem-info>
</gc-start>
<allocation-stats totalBytes="1606832" >
  <allocated-bytes non-tlh="968" tlh="1605864" />
  <largest-consumer threadName="PmdThread 2" threadId="0000000000A7D800" bytes="704488" />
</allocation-stats>
<gc-op id="4022" type="scavenge" timems="2.137" contextid="4019" timestamp="2019-06-16T18:48:47.115">
  <scavenger-info tenureage="2" tenuremask="7ffc" tiltratio="63" />
  <memory-copied type="nursery" objects="6503" bytes="262152" bytesdiscarded="112600" />
  <memory-copied type="tenure" objects="11091" bytes="467688" bytesdiscarded="536" />
  <references type="weak" candidates="26" cleared="26" enqueued="26" />
  <references type="phantom" candidates="9" cleared="9" enqueued="9" />
</gc-op>
<gc-end id="4023" type="scavenge" contextid="4019" durationms="2.311" usertimems="4.000" systemtimems="0.000" timestamp="2019-06-16T18:48:47.115" activeThreads="4">
  <mem-info id="4024" free="2040363288" total="2092630016" percent="97">
    <mem type="nursery" free="2246656" total="3932160" percent="57">
      <mem type="allocate" free="2246656" total="2621440" percent="85" />
      <mem type="survivor" free="0" total="1310720" percent="0" />
    </mem>
    <mem type="tenure" free="2038116632" total="2088697856" percent="97">
      <mem type="soa" free="1933681944" total="1984263168" percent="97" />
      <mem type="loa" free="104434688" total="104434688" percent="100" />
    </mem>
    <pending-finalizers system="0" default="0" reference="35" classloader="0" />
    <remembered-set count="717" />
  </mem-info>
</gc-end>
<cycle-end id="4025" type="scavenge" contextid="4019" timestamp="2019-06-16T18:48:47.115" />
  <attribute name="elasticGC enabled" value="1" />
  <attribute name= "numThreadsSpecified" value="4" />
  <attribute name="heapSize specified" value="9830400" />
  <attribute name="Current GC Util" value="49" />
  <attribute name= "Current Time Running" value="4984" />
  <attribute name ="GC Interval" value="200" />
  <attribute name="ProportionalT" value="29.000000" />
  <attribute name="ProportionalI" value="29.000000" />
  <attribute name="ProportionalH" value="29.000000" />
  <attribute name="Current Error" value="29.000000" />
  <attribute name="IntegralT" value="174.000000" />
  <attribute name="IntegralI" value="174.000000" />
  <attribute name="IntegralH" value="174.000000" />
  <attribute name="DerivativeT" value="-6.666667" />
  <attribute name="DerivativeI" value="-6.666667" />
  <attribute name="DerivativeH" value="-6.666667" />
  <attribute name="Loop Time for DT" value="6.000000" />
  <attribute name="Output H" value="8388608"/>
  <attribute name="Output I" value="200"/>
  <attribute name="Output T" value="4"/>
  <attribute name="Target GC Util Change" value ="20.000000" />
  <attribute name="Current GC Util Change" value="49.000000"/>
  <attribute name="GC Util currently" value="49" />
  <attribute name="CPU Util currently" value="742906307250" />
<allocation-satisfied id="4026" threadId="0000000000A85000" bytesRequested="488" />
<af-end id="4027" timestamp="2019-06-16T18:48:47.115" threadId="0000000000A85988" success="true" from="nursery"/>
<exclusive-end id="4028" timestamp="2019-06-16T18:48:47.115" durationms="2.696" />

<exclusive-start id="4029" timestamp="2019-06-16T18:48:47.119" intervalms="6.316">
  <response-info timems="0.047" idlems="0.047" threads="0" lastid="0000000000A7D800" lastname="PmdThread 2" />
</exclusive-start>
<af-start id="4030" threadId="0000000000A7E188" totalBytesRequested="40" timestamp="2019-06-16T18:48:47.119" intervalms="6.330" type="nursery" />
<cycle-start id="4031" type="scavenge" contextid="0" timestamp="2019-06-16T18:48:47.119" intervalms="6.327" />
<gc-start id="4032" type="scavenge" contextid="4031" timestamp="2019-06-16T18:48:47.119">
  <mem-info id="4033" free="2038116632" total="2092630016" percent="97">
    <mem type="nursery" free="0" total="3932160" percent="0">
      <mem type="allocate" free="0" total="2621440" percent="0" />
      <mem type="survivor" free="0" total="1310720" percent="0" />
    </mem>
    <mem type="tenure" free="2038116632" total="2088697856" percent="97">
      <mem type="soa" free="1933681944" total="1984263168" percent="97" />
      <mem type="loa" free="104434688" total="104434688" percent="100" />
    </mem>
    <remembered-set count="788" />
  </mem-info>
</gc-start>
<allocation-stats totalBytes="2244520" >
  <allocated-bytes non-tlh="488" tlh="2244032" />
  <largest-consumer threadName="PmdThread 4" threadId="0000000000A85000" bytes="860144" />
</allocation-stats>
<gc-op id="4034" type="scavenge" timems="1.646" contextid="4031" timestamp="2019-06-16T18:48:47.121">
  <scavenger-info tenureage="2" tenuremask="7ffc" tiltratio="66" />
  <memory-copied type="nursery" objects="4610" bytes="246512" bytesdiscarded="99344" />
  <memory-copied type="tenure" objects="4604" bytes="160016" bytesdiscarded="64" />
  <references type="weak" candidates="25" cleared="25" enqueued="24" />
  <references type="phantom" candidates="5" cleared="4" enqueued="4" />
</gc-op>
<gc-end id="4035" type="scavenge" contextid="4031" durationms="1.871" usertimems="4.000" systemtimems="0.000" timestamp="2019-06-16T18:48:47.121" activeThreads="4">
  <mem-info id="4036" free="2040432120" total="2092630016" percent="97">
    <mem type="nursery" free="2472160" total="3932160" percent="62">
      <mem type="allocate" free="2472160" total="2818048" percent="87" />
      <mem type="survivor" free="0" total="1114112" percent="0" />
    </mem>
    <mem type="tenure" free="2037959960" total="2088697856" percent="97">
      <mem type="soa" free="1933525272" total="1984263168" percent="97" />
      <mem type="loa" free="104434688" total="104434688" percent="100" />
    </mem>
    <pending-finalizers system="0" default="0" reference="28" classloader="0" />
    <remembered-set count="511" />
  </mem-info>
</gc-end>
<cycle-end id="4037" type="scavenge" contextid="4031" timestamp="2019-06-16T18:48:47.121" />
  <attribute name="elasticGC enabled" value="1" />
  <attribute name= "numThreadsSpecified" value="4" />
  <attribute name="heapSize specified" value="9830400" />
  <attribute name="Current GC Util" value="72" />
  <attribute name= "Current Time Running" value="4990" />
  <attribute name ="GC Interval" value="368" />
  <attribute name="ProportionalT" value="52.000000" />
  <attribute name="ProportionalI" value="52.000000" />
  <attribute name="ProportionalH" value="52.000000" />
  <attribute name="Current Error" value="52.000000" />
  <attribute name="IntegralT" value="312.000000" />
  <attribute name="IntegralI" value="312.000000" />
  <attribute name="IntegralH" value="312.000000" />
  <attribute name="DerivativeT" value="1.916667" />
  <attribute name="DerivativeI" value="1.916667" />
  <attribute name="DerivativeH" value="1.916667" />
  <attribute name="Loop Time for DT" value="6.000000" />
  <attribute name="Output H" value="8388608"/>
  <attribute name="Output I" value="368"/>
  <attribute name="Output T" value="4"/>
  <attribute name="Target GC Util Change" value ="20.000000" />
  <attribute name="Current GC Util Change" value="72.000000"/>
  <attribute name="GC Util currently" value="72" />
  <attribute name="CPU Util currently" value="723969316438" />
<allocation-satisfied id="4038" threadId="0000000000A7D800" bytesRequested="40" />
<af-end id="4039" timestamp="2019-06-16T18:48:47.121" threadId="0000000000A7E188" success="true" from="nursery"/>
<exclusive-end id="4040" timestamp="2019-06-16T18:48:47.121" durationms="2.423" />

<exclusive-start id="4041" timestamp="2019-06-16T18:48:47.127" intervalms="8.099">
  <response-info timems="0.204" idlems="0.185" threads="1" lastid="0000000000A79C00" lastname="PmdThread 1" />
</exclusive-start>
<af-start id="4042" threadId="0000000000A81D88" totalBytesRequested="64" timestamp="2019-06-16T18:48:47.127" intervalms="8.098" type="nursery" />
<cycle-start id="4043" type="scavenge" contextid="0" timestamp="2019-06-16T18:48:47.127" intervalms="8.115" />
<gc-start id="4044" type="scavenge" contextid="4043" timestamp="2019-06-16T18:48:47.127">
  <mem-info id="4045" free="2037958824" total="2092630016" percent="97">
    <mem type="nursery" free="0" total="3932160" percent="0">
      <mem type="allocate" free="0" total="2818048" percent="0" />
      <mem type="survivor" free="0" total="1114112" percent="0" />
    </mem>
    <mem type="tenure" free="2037958824" total="2088697856" percent="97">
      <mem type="soa" free="1933524136" total="1984263168" percent="97" />
      <mem type="loa" free="104434688" total="104434688" percent="100" />
    </mem>
    <remembered-set count="562" />
  </mem-info>
</gc-start>
<allocation-stats totalBytes="2471656" >
  <allocated-bytes non-tlh="1176" tlh="2470480" />
  <largest-consumer threadName="PmdThread 2" threadId="0000000000A7D800" bytes="1232704" />
</allocation-stats>
<gc-op id="4046" type="scavenge" timems="0.969" contextid="4043" timestamp="2019-06-16T18:48:47.128">
  <scavenger-info tenureage="3" tenuremask="7ff8" tiltratio="71" />
  <memory-copied type="nursery" objects="10430" bytes="681992" bytesdiscarded="150944" />
  <references type="weak" candidates="24" cleared="24" enqueued="24" />
  <references type="phantom" candidates="5" cleared="4" enqueued="4" />
</gc-op>
<gc-end id="4047" type="scavenge" contextid="4043" durationms="1.396" usertimems="0.000" systemtimems="0.000" timestamp="2019-06-16T18:48:47.128" activeThreads="4">
  <mem-info id="4048" free="2039940952" total="2092630016" percent="97">
    <mem type="nursery" free="1982128" total="3932160" percent="50">
      <mem type="allocate" free="1982128" total="2818048" percent="70" />
      <mem type="survivor" free="0" total="1114112" percent="0" />
    </mem>
    <mem type="tenure" free="2037958824" total="2088697856" percent="97">
      <mem type="soa" free="1933524136" total="1984263168" percent="97" />
      <mem type="loa" free="104434688" total="104434688" percent="100" />
    </mem>
    <pending-finalizers system="0" default="0" reference="28" classloader="0" />
    <remembered-set count="513" />
  </mem-info>
</gc-end>
<cycle-end id="4049" type="scavenge" contextid="4043" timestamp="2019-06-16T18:48:47.128" />
  <attribute name="elasticGC enabled" value="1" />
  <attribute name= "numThreadsSpecified" value="4" />
  <attribute name="heapSize specified" value="9830400" />
  <attribute name="Current GC Util" value="48" />
  <attribute name= "Current Time Running" value="4998" />
  <attribute name ="GC Interval" value="256" />
  <attribute name="ProportionalT" value="28.000000" />
  <attribute name="ProportionalI" value="28.000000" />
  <attribute name="ProportionalH" value="28.000000" />
  <attribute name="Current Error" value="28.000000" />
  <attribute name="IntegralT" value="224.000000" />
  <attribute name="IntegralI" value="224.000000" />
  <attribute name="IntegralH" value="224.000000" />
  <attribute name="DerivativeT" value="-1.500000" />
  <attribute name="DerivativeI" value="-1.500000" />
  <attribute name="DerivativeH" value="-1.500000" />
  <attribute name="Loop Time for DT" value="8.000000" />
  <attribute name="Output H" value="8388608"/>
  <attribute name="Output I" value="256"/>
  <attribute name="Output T" value="4"/>
  <attribute name="Target GC Util Change" value ="20.000000" />
  <attribute name="Current GC Util Change" value="48.000000"/>
  <attribute name="GC Util currently" value="48" />
  <attribute name="CPU Util currently" value="568695145951" />
<allocation-satisfied id="4050" threadId="0000000000A81400" bytesRequested="64" />
<af-end id="4051" timestamp="2019-06-16T18:48:47.129" threadId="0000000000A81D88" success="true" from="nursery"/>
<exclusive-end id="4052" timestamp="2019-06-16T18:48:47.129" durationms="1.992" />

<exclusive-start id="4053" timestamp="2019-06-16T18:48:47.133" intervalms="6.324">
  <response-info timems="0.203" idlems="0.185" threads="1" lastid="0000000000A79C00" lastname="PmdThread 1" />
</exclusive-start>
<af-start id="4054" threadId="0000000000A81D88" totalBytesRequested="24" timestamp="2019-06-16T18:48:47.133" intervalms="6.316" type="nursery" />
<cycle-start id="4055" type="scavenge" contextid="0" timestamp="2019-06-16T18:48:47.133" intervalms="6.315" />
<gc-start id="4056" type="scavenge" contextid="4055" timestamp="2019-06-16T18:48:47.133">
  <mem-info id="4057" free="2037958168" total="2092630016" percent="97">
    <mem type="nursery" free="0" total="3932160" percent="0">
      <mem type="allocate" free="0" total="2818048" percent="0" />
      <mem type="survivor" free="0" total="1114112" percent="0" />
    </mem>
    <mem type="tenure" free="2037958168" total="2088697856" percent="97">
      <mem type="soa" free="1933523480" total="1984263168" percent="97" />
      <mem type="loa" free="104434688" total="104434688" percent="100" />
    </mem>
    <remembered-set count="551" />
  </mem-info>
</gc-start>
<allocation-stats totalBytes="1981640" >
  <allocated-bytes non-tlh="720" tlh="1980920" />
  <largest-consumer threadName="PmdThread 2" threadId="0000000000A7D800" bytes="728736" />
</allocation-stats>
<gc-op id="4058" type="scavenge" timems="1.038" contextid="4055" timestamp="2019-06-16T18:48:47.134">
  <scavenger-info tenureage="3" tenuremask="7ff8" tiltratio="71" />
  <memory-copied type="nursery" objects="12813" bytes="893632" bytesdiscarded="218656" />
  <memory-copied type="tenure" objects="1523" bytes="49488" bytesdiscarded="0" />
  <copy-failed type="nursery" objects="178" bytes="6176" />
  <references type="weak" candidates="24" cleared="24" enqueued="24" />
  <references type="phantom" candidates="5" cleared="4" enqueued="4" />
</gc-op>
<gc-end id="4059" type="scavenge" contextid="4055" durationms="1.434" usertimems="0.000" systemtimems="4.000" timestamp="2019-06-16T18:48:47.135" activeThreads="4">
  <mem-info id="4060" free="2039531032" total="2092630016" percent="97">
    <mem type="nursery" free="1572864" total="3932160" percent="40">
      <mem type="allocate" free="1572864" total="2686976" percent="58" />
      <mem type="survivor" free="0" total="1245184" percent="0" />
    </mem>
    <mem type="tenure" free="2037958168" total="2088697856" percent="97">
      <mem type="soa" free="1933523480" total="1984263168" percent="97" />
      <mem type="loa" free="104434688" total="104434688" percent="100" />
    </mem>
    <pending-finalizers system="0" default="0" reference="28" classloader="0" />
    <remembered-set count="252" />
  </mem-info>
</gc-end>
<cycle-end id="4061" type="scavenge" contextid="4055" timestamp="2019-06-16T18:48:47.135" />
  <attribute name="elasticGC enabled" value="1" />
  <attribute name= "numThreadsSpecified" value="4" />
  <attribute name="heapSize specified" value="9830400" />
  <attribute name="Current GC Util" value="26" />
  <attribute name= "Current Time Running" value="5005" />
  <attribute name ="GC Interval" value="200" />
  <attribute name="ProportionalT" value="6.000000" />
  <attribute name="ProportionalI" value="6.000000" />
  <attribute name="ProportionalH" value="6.000000" />
  <attribute name="Current Error" value="6.000000" />
  <attribute name="IntegralT" value="42.000000" />
  <attribute name="IntegralI" value="42.000000" />
  <attribute name="IntegralH" value="42.000000" />
  <attribute name="DerivativeT" value="-1.571429" />
  <attribute name="DerivativeI" value="-1.571429" />
  <attribute name="DerivativeH" value="-1.571429" />
  <attribute name="Loop Time for DT" value="7.000000" />
  <attribute name="Output H" value="8388608"/>
  <attribute name="Output I" value="200"/>
  <attribute name="Output T" value="4"/>
  <attribute name="Target GC Util Change" value ="20.000000" />
  <attribute name="Current GC Util Change" value="26.000000"/>
  <attribute name="GC Util currently" value="26" />
  <attribute name="CPU Util currently" value="731344063683" />
<allocation-satisfied id="4062" threadId="0000000000A81400" bytesRequested="24" />
<af-end id="4063" timestamp="2019-06-16T18:48:47.135" threadId="0000000000A81D88" success="true" from="nursery"/>
<exclusive-end id="4064" timestamp="2019-06-16T18:48:47.135" durationms="1.887" />

<exclusive-start id="4065" timestamp="2019-06-16T18:48:47.138" intervalms="5.051">
  <response-info timems="0.202" idlems="0.185" threads="1" lastid="0000000000A79C00" lastname="PmdThread 1" />
</exclusive-start>
<af-start id="4066" threadId="0000000000A81D88" totalBytesRequested="56" timestamp="2019-06-16T18:48:47.138" intervalms="5.039" type="nursery" />
<cycle-start id="4067" type="scavenge" contextid="0" timestamp="2019-06-16T18:48:47.138" intervalms="5.039" />
<gc-start id="4068" type="scavenge" contextid="4067" timestamp="2019-06-16T18:48:47.138">
  <mem-info id="4069" free="2037957968" total="2092630016" percent="97">
    <mem type="nursery" free="0" total="3932160" percent="0">
      <mem type="allocate" free="0" total="2686976" percent="0" />
      <mem type="survivor" free="0" total="1245184" percent="0" />
    </mem>
    <mem type="tenure" free="2037957968" total="2088697856" percent="97">
      <mem type="soa" free="1933523280" total="1984263168" percent="97" />
      <mem type="loa" free="104434688" total="104434688" percent="100" />
    </mem>
    <remembered-set count="278" />
  </mem-info>
</gc-start>
<allocation-stats totalBytes="1572752" >
  <allocated-bytes non-tlh="224" tlh="1572528" />
  <largest-consumer threadName="PmdThread 2" threadId="0000000000A7D800" bytes="626592" />
</allocation-stats>
<gc-op id="4070" type="scavenge" timems="0.706" contextid="4067" timestamp="2019-06-16T18:48:47.139">
  <scavenger-info tenureage="2" tenuremask="7ffc" tiltratio="68" />
  <memory-copied type="nursery" objects="8260" bytes="547616" bytesdiscarded="95176" />
  <memory-copied type="tenure" objects="5870" bytes="337104" bytesdiscarded="32" />
  <references type="weak" candidates="14" cleared="14" enqueued="14" />
  <references type="phantom" candidates="4" cleared="2" enqueued="2" />
</gc-op>
<gc-end id="4071" type="scavenge" contextid="4067" durationms="1.066" usertimems="4.000" systemtimems="0.000" timestamp="2019-06-16T18:48:47.139" activeThreads="4">
  <mem-info id="4072" free="2039794160" total="2092630016" percent="97">
    <mem type="nursery" free="2107296" total="3932160" percent="53">
      <mem type="allocate" free="2107296" total="2752512" percent="76" />
      <mem type="survivor" free="0" total="1179648" percent="0" />
    </mem>
    <mem type="tenure" free="2037686864" total="2088697856" percent="97">
      <mem type="soa" free="1933252176" total="1984263168" percent="97" />
      <mem type="loa" free="104434688" total="104434688" percent="100" />
    </mem>
    <pending-finalizers system="0" default="0" reference="16" classloader="0" />
    <remembered-set count="251" />
  </mem-info>
</gc-end>
<cycle-end id="4073" type="scavenge" contextid="4067" timestamp="2019-06-16T18:48:47.139" />
  <attribute name="elasticGC enabled" value="1" />
  <attribute name= "numThreadsSpecified" value="4" />
  <attribute name="heapSize specified" value="9830400" />
  <attribute name="Current GC Util" value="40" />
  <attribute name= "Current Time Running" value="5010" />
  <attribute name ="GC Interval" value="200" />
  <attribute name="ProportionalT" value="20.000000" />
  <attribute name="ProportionalI" value="20.000000" />
  <attribute name="ProportionalH" value="20.000000" />
  <attribute name="Current Error" value="20.000000" />
  <attribute name="IntegralT" value="100.000000" />
  <attribute name="IntegralI" value="100.000000" />
  <attribute name="IntegralH" value="100.000000" />
  <attribute name="DerivativeT" value="1.400000" />
  <attribute name="DerivativeI" value="1.400000" />
  <attribute name="DerivativeH" value="1.400000" />
  <attribute name="Loop Time for DT" value="5.000000" />
  <attribute name="Output H" value="8388608"/>
  <attribute name="Output I" value="200"/>
  <attribute name="Output T" value="4"/>
  <attribute name="Target GC Util Change" value ="20.000000" />
  <attribute name="Current GC Util Change" value="40.000000"/>
  <attribute name="GC Util currently" value="40" />
  <attribute name="CPU Util currently" value="914715968188" />
<allocation-satisfied id="4074" threadId="0000000000A81400" bytesRequested="56" />
<af-end id="4075" timestamp="2019-06-16T18:48:47.140" threadId="0000000000A81D88" success="true" from="nursery"/>
<exclusive-end id="4076" timestamp="2019-06-16T18:48:47.140" durationms="1.643" />

<exclusive-start id="4077" timestamp="2019-06-16T18:48:47.144" intervalms="5.617">
  <response-info timems="0.029" idlems="0.029" threads="0" lastid="0000000000A7D800" lastname="PmdThread 2" />
</exclusive-start>
<af-start id="4078" threadId="0000000000A7E188" totalBytesRequested="16" timestamp="2019-06-16T18:48:47.144" intervalms="5.631" type="nursery" />
<cycle-start id="4079" type="scavenge" contextid="0" timestamp="2019-06-16T18:48:47.144" intervalms="5.633" />
<gc-start id="4080" type="scavenge" contextid="4079" timestamp="2019-06-16T18:48:47.144">
  <mem-info id="4081" free="2037686232" total="2092630016" percent="97">
    <mem type="nursery" free="0" total="3932160" percent="0">
      <mem type="allocate" free="0" total="2752512" percent="0" />
      <mem type="survivor" free="0" total="1179648" percent="0" />
    </mem>
    <mem type="tenure" free="2037686232" total="2088697856" percent="97">
      <mem type="soa" free="1933251544" total="1984263168" percent="97" />
      <mem type="loa" free="104434688" total="104434688" percent="100" />
    </mem>
    <remembered-set count="275" />
  </mem-info>
</gc-start>
<allocation-stats totalBytes="2107200" >
  <allocated-bytes non-tlh="688" tlh="2106512" />
  <largest-consumer threadName="PmdThread 2" threadId="0000000000A7D800" bytes="1052688" />
</allocation-stats>
<gc-op id="4082" type="scavenge" timems="2.477" contextid="4079" timestamp="2019-06-16T18:48:47.146">
  <scavenger-info tenureage="2" tenuremask="7ffc" tiltratio="70" />
  <memory-copied type="nursery" objects="9843" bytes="675136" bytesdiscarded="111512" />
  <memory-copied type="tenure" objects="2741" bytes="156136" bytesdiscarded="8" />
  <references type="weak" candidates="17" cleared="17" enqueued="17" />
  <references type="phantom" candidates="6" cleared="3" enqueued="3" />
</gc-op>
<gc-end id="4083" type="scavenge" contextid="4079" durationms="2.721" usertimems="8.000" systemtimems="0.000" timestamp="2019-06-16T18:48:47.147" activeThreads="4">
  <mem-info id="4084" free="2039597152" total="2092630016" percent="97">
    <mem type="nursery" free="2030240" total="3932160" percent="51">
      <mem type="allocate" free="2030240" total="2818048" percent="72" />
      <mem type="survivor" free="0" total="1114112" percent="0" />
    </mem>
    <mem type="tenure" free="2037566912" total="2088697856" percent="97">
      <mem type="soa" free="1933132224" total="1984263168" percent="97" />
      <mem type="loa" free="104434688" total="104434688" percent="100" />
    </mem>
    <pending-finalizers system="0" default="0" reference="20" classloader="0" />
    <remembered-set count="161" />
  </mem-info>
</gc-end>
<cycle-end id="4085" type="scavenge" contextid="4079" timestamp="2019-06-16T18:48:47.147" />
  <attribute name="elasticGC enabled" value="1" />
  <attribute name= "numThreadsSpecified" value="4" />
  <attribute name="heapSize specified" value="9830400" />
  <attribute name="Current GC Util" value="36" />
  <attribute name= "Current Time Running" value="5015" />
  <attribute name ="GC Interval" value="200" />
  <attribute name="ProportionalT" value="16.000000" />
  <attribute name="ProportionalI" value="16.000000" />
  <attribute name="ProportionalH" value="16.000000" />
  <attribute name="Current Error" value="16.000000" />
  <attribute name="IntegralT" value="80.000000" />
  <attribute name="IntegralI" value="80.000000" />
  <attribute name="IntegralH" value="80.000000" />
  <attribute name="DerivativeT" value="-0.400000" />
  <attribute name="DerivativeI" value="-0.400000" />
  <attribute name="DerivativeH" value="-0.400000" />
  <attribute name="Loop Time for DT" value="5.000000" />
  <attribute name="Output H" value="8388608"/>
  <attribute name="Output I" value="200"/>
  <attribute name="Output T" value="4"/>
  <attribute name="Target GC Util Change" value ="20.000000" />
  <attribute name="Current GC Util Change" value="36.000000"/>
  <attribute name="GC Util currently" value="36" />
  <attribute name="CPU Util currently" value="816517220206" />
<allocation-satisfied id="4086" threadId="0000000000A7D800" bytesRequested="16" />
<af-end id="4087" timestamp="2019-06-16T18:48:47.147" threadId="0000000000A7E188" success="true" from="nursery"/>
<exclusive-end id="4088" timestamp="2019-06-16T18:48:47.147" durationms="3.201" />

<exclusive-start id="4089" timestamp="2019-06-16T18:48:47.152" intervalms="8.329">
  <response-info timems="0.037" idlems="0.037" threads="0" lastid="0000000000A7D800" lastname="PmdThread 2" />
</exclusive-start>
<af-start id="4090" threadId="0000000000A7E188" totalBytesRequested="24" timestamp="2019-06-16T18:48:47.152" intervalms="8.337" type="nursery" />
<cycle-start id="4091" type="scavenge" contextid="0" timestamp="2019-06-16T18:48:47.152" intervalms="8.341" />
<gc-start id="4092" type="scavenge" contextid="4091" timestamp="2019-06-16T18:48:47.152">
  <mem-info id="4093" free="2037566288" total="2092630016" percent="97">
    <mem type="nursery" free="0" total="3932160" percent="0">
      <mem type="allocate" free="0" total="2818048" percent="0" />
      <mem type="survivor" free="0" total="1114112" percent="0" />
    </mem>
    <mem type="tenure" free="2037566288" total="2088697856" percent="97">
      <mem type="soa" free="1933131600" total="1984263168" percent="97" />
      <mem type="loa" free="104434688" total="104434688" percent="100" />
    </mem>
    <remembered-set count="197" />
  </mem-info>
</gc-start>
<allocation-stats totalBytes="2030296" >
  <allocated-bytes non-tlh="640" tlh="2029656" />
  <largest-consumer threadName="PmdThread 2" threadId="0000000000A7D800" bytes="1092184" />
</allocation-stats>
<gc-op id="4094" type="scavenge" timems="2.505" contextid="4091" timestamp="2019-06-16T18:48:47.155">
  <scavenger-info tenureage="2" tenuremask="7ffc" tiltratio="71" />
  <memory-copied type="nursery" objects="9201" bytes="507488" bytesdiscarded="111704" />
  <memory-copied type="tenure" objects="1640" bytes="121736" bytesdiscarded="48" />
  <references type="weak" candidates="23" cleared="23" enqueued="22" />
  <references type="phantom" candidates="4" cleared="4" enqueued="4" />
</gc-op>
<gc-end id="4095" type="scavenge" contextid="4091" durationms="2.751" usertimems="4.000" systemtimems="0.000" timestamp="2019-06-16T18:48:47.155" activeThreads="4">
  <mem-info id="4096" free="2039600616" total="2092630016" percent="97">
    <mem type="nursery" free="2262456" total="3932160" percent="57">
      <mem type="allocate" free="2262456" total="2883584" percent="78" />
      <mem type="survivor" free="0" total="1048576" percent="0" />
    </mem>
    <mem type="tenure" free="2037338160" total="2088697856" percent="97">
      <mem type="soa" free="1932903472" total="1984263168" percent="97" />
      <mem type="loa" free="104434688" total="104434688" percent="100" />
    </mem>
    <pending-finalizers system="0" default="0" reference="26" classloader="0" />
    <remembered-set count="281" />
  </mem-info>
</gc-end>
<cycle-end id="4097" type="scavenge" contextid="4091" timestamp="2019-06-16T18:48:47.155" />
  <attribute name="elasticGC enabled" value="1" />
  <attribute name= "numThreadsSpecified" value="4" />
  <attribute name="heapSize specified" value="9830400" />
  <attribute name="Current GC Util" value="67" />
  <attribute name= "Current Time Running" value="5024" />
  <attribute name ="GC Interval" value="472" />
  <attribute name="ProportionalT" value="47.000000" />
  <attribute name="ProportionalI" value="47.000000" />
  <attribute name="ProportionalH" value="47.000000" />
  <attribute name="Current Error" value="47.000000" />
  <attribute name="IntegralT" value="423.000000" />
  <attribute name="IntegralI" value="423.000000" />
  <attribute name="IntegralH" value="423.000000" />
  <attribute name="DerivativeT" value="1.722222" />
  <attribute name="DerivativeI" value="1.722222" />
  <attribute name="DerivativeH" value="1.722222" />
  <attribute name="Loop Time for DT" value="9.000000" />
  <attribute name="Output H" value="8388608"/>
  <attribute name="Output I" value="472"/>
  <attribute name="Output T" value="4"/>
  <attribute name="Target GC Util Change" value ="20.000000" />
  <attribute name="Current GC Util Change" value="67.000000"/>
  <attribute name="GC Util currently" value="67" />
  <attribute name="CPU Util currently" value="552289125321" />
<allocation-satisfied id="4098" threadId="0000000000A7D800" bytesRequested="24" />
<af-end id="4099" timestamp="2019-06-16T18:48:47.155" threadId="0000000000A7E188" success="true" from="nursery"/>
<exclusive-end id="4100" timestamp="2019-06-16T18:48:47.155" durationms="3.260" />

<exclusive-start id="4101" timestamp="2019-06-16T18:48:47.167" intervalms="15.205">
  <response-info timems="0.111" idlems="0.111" threads="0" lastid="0000000000A7D800" lastname="PmdThread 2" />
</exclusive-start>
<af-start id="4102" threadId="0000000000A7E188" totalBytesRequested="16" timestamp="2019-06-16T18:48:47.167" intervalms="15.220" type="nursery" />
<cycle-start id="4103" type="scavenge" contextid="0" timestamp="2019-06-16T18:48:47.167" intervalms="15.272" />
<gc-start id="4104" type="scavenge" contextid="4103" timestamp="2019-06-16T18:48:47.168">
  <mem-info id="4105" free="2037337528" total="2092630016" percent="97">
    <mem type="nursery" free="0" total="3932160" percent="0">
      <mem type="allocate" free="0" total="2883584" percent="0" />
      <mem type="survivor" free="0" total="1048576" percent="0" />
    </mem>
    <mem type="tenure" free="2037337528" total="2088697856" percent="97">
      <mem type="soa" free="1932902840" total="1984263168" percent="97" />
      <mem type="loa" free="104434688" total="104434688" percent="100" />
    </mem>
    <remembered-set count="309" />
  </mem-info>
</gc-start>
<allocation-stats totalBytes="2261168" >
  <allocated-bytes non-tlh="656" tlh="2260512" />
  <largest-consumer threadName="PmdThread 2" threadId="0000000000A7D800" bytes="1024600" />
</allocation-stats>
<gc-op id="4106" type="scavenge" timems="2.273" contextid="4103" timestamp="2019-06-16T18:48:47.170">
  <scavenger-info tenureage="2" tenuremask="7ffc" tiltratio="73" />
  <memory-copied type="nursery" objects="7591" bytes="458344" bytesdiscarded="67752" />
  <memory-copied type="tenure" objects="3917" bytes="206488" bytesdiscarded="56" />
  <references type="weak" candidates="18" cleared="18" enqueued="17" />
  <references type="phantom" candidates="3" cleared="3" enqueued="3" />
</gc-op>
<gc-end id="4107" type="scavenge" contextid="4103" durationms="2.483" usertimems="4.000" systemtimems="0.000" timestamp="2019-06-16T18:48:47.170" activeThreads="4">
  <mem-info id="4108" free="2039562096" total="2092630016" percent="97">
    <mem type="nursery" free="2421976" total="3932160" percent="61">
      <mem type="allocate" free="2421976" total="2949120" percent="82" />
      <mem type="survivor" free="0" total="983040" percent="0" />
    </mem>
    <mem type="tenure" free="2037140120" total="2088697856" percent="97">
      <mem type="soa" free="1932705432" total="1984263168" percent="97" />
      <mem type="loa" free="104434688" total="104434688" percent="100" />
    </mem>
    <pending-finalizers system="0" default="0" reference="20" classloader="0" />
    <remembered-set count="520" />
  </mem-info>
</gc-end>
<cycle-end id="4109" type="scavenge" contextid="4103" timestamp="2019-06-16T18:48:47.170" />
  <attribute name="elasticGC enabled" value="1" />
  <attribute name= "numThreadsSpecified" value="4" />
  <attribute name="heapSize specified" value="9830400" />
  <attribute name="Current GC Util" value="35" />
  <attribute name= "Current Time Running" value="5039" />
  <attribute name ="GC Interval" value="240" />
  <attribute name="ProportionalT" value="15.000000" />
  <attribute name="ProportionalI" value="15.000000" />
  <attribute name="ProportionalH" value="15.000000" />
  <attribute name="Current Error" value="15.000000" />
  <attribute name="IntegralT" value="225.000000" />
  <attribute name="IntegralI" value="225.000000" />
  <attribute name="IntegralH" value="225.000000" />
  <attribute name="DerivativeT" value="-1.066667" />
  <attribute name="DerivativeI" value="-1.066667" />
  <attribute name="DerivativeH" value="-1.066667" />
  <attribute name="Loop Time for DT" value="15.000000" />
  <attribute name="Output H" value="8388608"/>
  <attribute name="Output I" value="240"/>
  <attribute name="Output T" value="4"/>
  <attribute name="Target GC Util Change" value ="20.000000" />
  <attribute name="Current GC Util Change" value="35.000000"/>
  <attribute name="GC Util currently" value="35" />
  <attribute name="CPU Util currently" value="301946165944" />
<allocation-satisfied id="4110" threadId="0000000000A7D800" bytesRequested="16" />
<af-end id="4111" timestamp="2019-06-16T18:48:47.170" threadId="0000000000A7E188" success="true" from="nursery"/>
<exclusive-end id="4112" timestamp="2019-06-16T18:48:47.170" durationms="3.095" />

<exclusive-start id="4113" timestamp="2019-06-16T18:48:47.174" intervalms="6.580">
  <response-info timems="0.037" idlems="0.037" threads="0" lastid="0000000000A7D800" lastname="PmdThread 2" />
</exclusive-start>
<af-start id="4114" threadId="0000000000A7E188" totalBytesRequested="24" timestamp="2019-06-16T18:48:47.174" intervalms="6.561" type="nursery" />
<cycle-start id="4115" type="scavenge" contextid="0" timestamp="2019-06-16T18:48:47.174" intervalms="6.507" />
<gc-start id="4116" type="scavenge" contextid="4115" timestamp="2019-06-16T18:48:47.174">
  <mem-info id="4117" free="2037139920" total="2092630016" percent="97">
    <mem type="nursery" free="0" total="3932160" percent="0">
      <mem type="allocate" free="0" total="2949120" percent="0" />
      <mem type="survivor" free="0" total="983040" percent="0" />
    </mem>
    <mem type="tenure" free="2037139920" total="2088697856" percent="97">
      <mem type="soa" free="1932705232" total="1984263168" percent="97" />
      <mem type="loa" free="104434688" total="104434688" percent="100" />
    </mem>
    <remembered-set count="602" />
  </mem-info>
</gc-start>
<allocation-stats totalBytes="2421544" >
  <allocated-bytes non-tlh="216" tlh="2421328" />
  <largest-consumer threadName="PmdThread 3" threadId="0000000000A81400" bytes="1126096" />
</allocation-stats>
<gc-op id="4118" type="scavenge" timems="2.143" contextid="4115" timestamp="2019-06-16T18:48:47.176">
  <scavenger-info tenureage="2" tenuremask="7ffc" tiltratio="75" />
  <memory-copied type="nursery" objects="8301" bytes="561936" bytesdiscarded="175000" />
  <memory-copied type="tenure" objects="2218" bytes="68184" bytesdiscarded="24" />
  <references type="weak" candidates="21" cleared="21" enqueued="21" />
  <references type="phantom" candidates="4" cleared="3" enqueued="3" />
</gc-op>
<gc-end id="4119" type="scavenge" contextid="4115" durationms="2.416" usertimems="8.000" systemtimems="0.000" timestamp="2019-06-16T18:48:47.176" activeThreads="4">
  <mem-info id="4120" free="2039337848" total="2092630016" percent="97">
    <mem type="nursery" free="2276264" total="3932160" percent="57">
      <mem type="allocate" free="2276264" total="3014656" percent="75" />
      <mem type="survivor" free="0" total="917504" percent="0" />
    </mem>
    <mem type="tenure" free="2037061584" total="2088697856" percent="97">
      <mem type="soa" free="1932626896" total="1984263168" percent="97" />
      <mem type="loa" free="104434688" total="104434688" percent="100" />
    </mem>
    <pending-finalizers system="0" default="0" reference="24" classloader="0" />
    <remembered-set count="160" />
  </mem-info>
</gc-end>
<cycle-end id="4121" type="scavenge" contextid="4115" timestamp="2019-06-16T18:48:47.177" />
  <attribute name="elasticGC enabled" value="1" />
  <attribute name= "numThreadsSpecified" value="4" />
  <attribute name="heapSize specified" value="9830400" />
  <attribute name="Current GC Util" value="61" />
  <attribute name= "Current Time Running" value="5046" />
  <attribute name ="GC Interval" value="336" />
  <attribute name="ProportionalT" value="41.000000" />
  <attribute name="ProportionalI" value="41.000000" />
  <attribute name="ProportionalH" value="41.000000" />
  <attribute name="Current Error" value="41.000000" />
  <attribute name="IntegralT" value="287.000000" />
  <attribute name="IntegralI" value="287.000000" />
  <attribute name="IntegralH" value="287.000000" />
  <attribute name="DerivativeT" value="1.857143" />
  <attribute name="DerivativeI" value="1.857143" />
  <attribute name="DerivativeH" value="1.857143" />
  <attribute name="Loop Time for DT" value="7.000000" />
  <attribute name="Output H" value="8388608"/>
  <attribute name="Output I" value="336"/>
  <attribute name="Output T" value="4"/>
  <attribute name="Target GC Util Change" value ="20.000000" />
  <attribute name="Current GC Util Change" value="61.000000"/>
  <attribute name="GC Util currently" value="61" />
  <attribute name="CPU Util currently" value="709779852189" />
<allocation-satisfied id="4122" threadId="0000000000A7D800" bytesRequested="24" />
<af-end id="4123" timestamp="2019-06-16T18:48:47.177" threadId="0000000000A7E188" success="true" from="nursery"/>
<exclusive-end id="4124" timestamp="2019-06-16T18:48:47.177" durationms="2.980" />

<exclusive-start id="4125" timestamp="2019-06-16T18:48:47.180" intervalms="6.694">
  <response-info timems="0.032" idlems="0.029" threads="1" lastid="0000000000A7D800" lastname="PmdThread 2" />
</exclusive-start>
<af-start id="4126" threadId="0000000000A7A588" totalBytesRequested="24" timestamp="2019-06-16T18:48:47.181" intervalms="6.691" type="nursery" />
<cycle-start id="4127" type="scavenge" contextid="0" timestamp="2019-06-16T18:48:47.181" intervalms="6.759" />
<gc-start id="4128" type="scavenge" contextid="4127" timestamp="2019-06-16T18:48:47.181">
  <mem-info id="4129" free="2037061584" total="2092630016" percent="97">
    <mem type="nursery" free="0" total="3932160" percent="0">
      <mem type="allocate" free="0" total="3014656" percent="0" />
      <mem type="survivor" free="0" total="917504" percent="0" />
    </mem>
    <mem type="tenure" free="2037061584" total="2088697856" percent="97">
      <mem type="soa" free="1932626896" total="1984263168" percent="97" />
      <mem type="loa" free="104434688" total="104434688" percent="100" />
    </mem>
    <remembered-set count="169" />
  </mem-info>
</gc-start>
<allocation-stats totalBytes="2275808" >
  <allocated-bytes non-tlh="24" tlh="2275784" />
  <largest-consumer threadName="PmdThread 4" threadId="0000000000A85000" bytes="1145432" />
</allocation-stats>
<gc-op id="4130" type="scavenge" timems="0.855" contextid="4127" timestamp="2019-06-16T18:48:47.182">
  <scavenger-info tenureage="2" tenuremask="7ffc" tiltratio="76" />
  <memory-copied type="nursery" objects="13893" bytes="711904" bytesdiscarded="189600" />
  <memory-copied type="tenure" objects="1920" bytes="134880" bytesdiscarded="32" />
  <references type="weak" candidates="11" cleared="9" enqueued="9" />
  <references type="phantom" candidates="2" cleared="1" enqueued="1" />
</gc-op>
<gc-end id="4131" type="scavenge" contextid="4127" durationms="1.261" usertimems="4.000" systemtimems="0.000" timestamp="2019-06-16T18:48:47.182" activeThreads="4">
  <mem-info id="4132" free="2038969016" total="2092630016" percent="97">
    <mem type="nursery" free="2047208" total="3932160" percent="52">
      <mem type="allocate" free="2047208" total="2949120" percent="69" />
      <mem type="survivor" free="0" total="983040" percent="0" />
    </mem>
    <mem type="tenure" free="2036921808" total="2088697856" percent="97">
      <mem type="soa" free="1932487120" total="1984263168" percent="97" />
      <mem type="loa" free="104434688" total="104434688" percent="100" />
    </mem>
    <pending-finalizers system="0" default="0" reference="10" classloader="0" />
    <remembered-set count="153" />
  </mem-info>
</gc-end>
<cycle-end id="4133" type="scavenge" contextid="4127" timestamp="2019-06-16T18:48:47.182" />
  <attribute name="elasticGC enabled" value="1" />
  <attribute name= "numThreadsSpecified" value="4" />
  <attribute name="heapSize specified" value="9830400" />
  <attribute name="Current GC Util" value="64" />
  <attribute name= "Current Time Running" value="5052" />
  <attribute name ="GC Interval" value="312" />
  <attribute name="ProportionalT" value="44.000000" />
  <attribute name="ProportionalI" value="44.000000" />
  <attribute name="ProportionalH" value="44.000000" />
  <attribute name="Current Error" value="44.000000" />
  <attribute name="IntegralT" value="264.000000" />
  <attribute name="IntegralI" value="264.000000" />
  <attribute name="IntegralH" value="264.000000" />
  <attribute name="DerivativeT" value="0.250000" />
  <attribute name="DerivativeI" value="0.250000" />
  <attribute name="DerivativeH" value="0.250000" />
  <attribute name="Loop Time for DT" value="6.000000" />
  <attribute name="Output H" value="8388608"/>
  <attribute name="Output I" value="312"/>
  <attribute name="Output T" value="4"/>
  <attribute name="Target GC Util Change" value ="20.000000" />
  <attribute name="Current GC Util Change" value="64.000000"/>
  <attribute name="GC Util currently" value="64" />
  <attribute name="CPU Util currently" value="680211645947" />
<allocation-satisfied id="4134" threadId="0000000000A79C00" bytesRequested="24" />
<af-end id="4135" timestamp="2019-06-16T18:48:47.182" threadId="0000000000A7A588" success="true" from="nursery"/>
<exclusive-end id="4136" timestamp="2019-06-16T18:48:47.182" durationms="1.957" />

<exclusive-start id="4137" timestamp="2019-06-16T18:48:47.185" intervalms="4.775">
  <response-info timems="0.035" idlems="0.035" threads="0" lastid="0000000000A85000" lastname="PmdThread 4" />
</exclusive-start>
<af-start id="4138" threadId="0000000000A85988" totalBytesRequested="24" timestamp="2019-06-16T18:48:47.185" intervalms="4.770" type="nursery" />
<cycle-start id="4139" type="scavenge" contextid="0" timestamp="2019-06-16T18:48:47.185" intervalms="4.685" />
<gc-start id="4140" type="scavenge" contextid="4139" timestamp="2019-06-16T18:48:47.185">
  <mem-info id="4141" free="2036921808" total="2092630016" percent="97">
    <mem type="nursery" free="0" total="3932160" percent="0">
      <mem type="allocate" free="0" total="2949120" percent="0" />
      <mem type="survivor" free="0" total="983040" percent="0" />
    </mem>
    <mem type="tenure" free="2036921808" total="2088697856" percent="97">
      <mem type="soa" free="1932487120" total="1984263168" percent="97" />
      <mem type="loa" free="104434688" total="104434688" percent="100" />
    </mem>
    <remembered-set count="172" />
  </mem-info>
</gc-start>
<allocation-stats totalBytes="2045656" >
  <allocated-bytes non-tlh="16416" tlh="2029240" />
  <largest-consumer threadName="PmdThread 4" threadId="0000000000A85000" bytes="1018536" />
</allocation-stats>
<gc-op id="4142" type="scavenge" timems="2.009" contextid="4139" timestamp="2019-06-16T18:48:47.188">
  <scavenger-info tenureage="2" tenuremask="7ffc" tiltratio="75" />
  <memory-copied type="nursery" objects="10180" bytes="501584" bytesdiscarded="144880" />
  <memory-copied type="tenure" objects="3579" bytes="252840" bytesdiscarded="840" />
  <references type="weak" candidates="37" cleared="37" enqueued="36" />
  <references type="phantom" candidates="3" cleared="2" enqueued="2" />
</gc-op>
<gc-end id="4143" type="scavenge" contextid="4139" durationms="2.210" usertimems="8.000" systemtimems="0.000" timestamp="2019-06-16T18:48:47.188" activeThreads="4">
  <mem-info id="4144" free="2039112480" total="2092630016" percent="97">
    <mem type="nursery" free="2364632" total="3932160" percent="60">
      <mem type="allocate" free="2364632" total="3014656" percent="78" />
      <mem type="survivor" free="0" total="917504" percent="0" />
    </mem>
    <mem type="tenure" free="2036747848" total="2088697856" percent="97">
      <mem type="soa" free="1932313160" total="1984263168" percent="97" />
      <mem type="loa" free="104434688" total="104434688" percent="100" />
    </mem>
    <pending-finalizers system="0" default="0" reference="38" classloader="0" />
    <remembered-set count="201" />
  </mem-info>
</gc-end>
<cycle-end id="4145" type="scavenge" contextid="4139" timestamp="2019-06-16T18:48:47.188" />
  <attribute name="elasticGC enabled" value="1" />
  <attribute name= "numThreadsSpecified" value="4" />
  <attribute name="heapSize specified" value="9830400" />
  <attribute name="Current GC Util" value="44" />
  <attribute name= "Current Time Running" value="5057" />
  <attribute name ="GC Interval" value="200" />
  <attribute name="ProportionalT" value="24.000000" />
  <attribute name="ProportionalI" value="24.000000" />
  <attribute name="ProportionalH" value="24.000000" />
  <attribute name="Current Error" value="24.000000" />
  <attribute name="IntegralT" value="120.000000" />
  <attribute name="IntegralI" value="120.000000" />
  <attribute name="IntegralH" value="120.000000" />
  <attribute name="DerivativeT" value="-2.000000" />
  <attribute name="DerivativeI" value="-2.000000" />
  <attribute name="DerivativeH" value="-2.000000" />
  <attribute name="Loop Time for DT" value="5.000000" />
  <attribute name="Output H" value="8388608"/>
  <attribute name="Output I" value="200"/>
  <attribute name="Output T" value="4"/>
  <attribute name="Target GC Util Change" value ="20.000000" />
  <attribute name="Current GC Util Change" value="44.000000"/>
  <attribute name="GC Util currently" value="44" />
  <attribute name="CPU Util currently" value="997194387409" />
<allocation-satisfied id="4146" threadId="0000000000A85000" bytesRequested="24" />
<af-end id="4147" timestamp="2019-06-16T18:48:47.188" threadId="0000000000A85988" success="true" from="nursery"/>
<exclusive-end id="4148" timestamp="2019-06-16T18:48:47.188" durationms="2.624" />

<exclusive-start id="4149" timestamp="2019-06-16T18:48:47.193" intervalms="7.866">
  <response-info timems="0.064" idlems="0.041" threads="2" lastid="0000000000770F00" lastname="JIT Compilation Thread-1" />
</exclusive-start>
<af-start id="4150" threadId="0000000000A81D88" totalBytesRequested="136" timestamp="2019-06-16T18:48:47.193" intervalms="7.884" type="nursery" />
<cycle-start id="4151" type="scavenge" contextid="0" timestamp="2019-06-16T18:48:47.193" intervalms="7.898" />
<gc-start id="4152" type="scavenge" contextid="4151" timestamp="2019-06-16T18:48:47.193">
  <mem-info id="4153" free="2036747480" total="2092630016" percent="97">
    <mem type="nursery" free="0" total="3932160" percent="0">
      <mem type="allocate" free="0" total="3014656" percent="0" />
      <mem type="survivor" free="0" total="917504" percent="0" />
    </mem>
    <mem type="tenure" free="2036747480" total="2088697856" percent="97">
      <mem type="soa" free="1932312792" total="1984263168" percent="97" />
      <mem type="loa" free="104434688" total="104434688" percent="100" />
    </mem>
    <remembered-set count="231" />
  </mem-info>
</gc-start>
<allocation-stats totalBytes="2363976" >
  <allocated-bytes non-tlh="392" tlh="2363584" />
  <largest-consumer threadName="PmdThread 2" threadId="0000000000A7D800" bytes="976064" />
</allocation-stats>
<gc-op id="4154" type="scavenge" timems="0.838" contextid="4151" timestamp="2019-06-16T18:48:47.194">
  <scavenger-info tenureage="2" tenuremask="7ffc" tiltratio="76" />
  <memory-copied type="nursery" objects="11258" bytes="696728" bytesdiscarded="209672" />
  <memory-copied type="tenure" objects="5944" bytes="215104" bytesdiscarded="40" />
  <references type="weak" candidates="24" cleared="24" enqueued="24" />
  <references type="phantom" candidates="3" cleared="3" enqueued="3" />
</gc-op>
<gc-end id="4155" type="scavenge" contextid="4151" durationms="140.151" usertimems="120.000" systemtimems="20.000" timestamp="2019-06-16T18:48:47.334" activeThreads="4">
  <mem-info id="4156" free="2038448312" total="2092630016" percent="97">
    <mem type="nursery" free="2041824" total="3932160" percent="51">
      <mem type="allocate" free="2041824" total="2949120" percent="69" />
      <mem type="survivor" free="0" total="983040" percent="0" />
    </mem>
    <mem type="tenure" free="2036406488" total="2088697856" percent="97">
      <mem type="soa" free="1931971800" total="1984263168" percent="97" />
      <mem type="loa" free="104434688" total="104434688" percent="100" />
    </mem>
    <pending-finalizers system="0" default="0" reference="27" classloader="0" />
    <remembered-set count="149" />
  </mem-info>
</gc-end>
<cycle-end id="4157" type="scavenge" contextid="4151" timestamp="2019-06-16T18:48:47.334" />
  <attribute name="elasticGC enabled" value="1" />
  <attribute name= "numThreadsSpecified" value="4" />
  <attribute name="heapSize specified" value="9830400" />
  <attribute name="Current GC Util" value="58" />
  <attribute name= "Current Time Running" value="5065" />
  <attribute name ="GC Interval" value="344" />
  <attribute name="ProportionalT" value="38.000000" />
  <attribute name="ProportionalI" value="38.000000" />
  <attribute name="ProportionalH" value="38.000000" />
  <attribute name="Current Error" value="38.000000" />
  <attribute name="IntegralT" value="304.000000" />
  <attribute name="IntegralI" value="304.000000" />
  <attribute name="IntegralH" value="304.000000" />
  <attribute name="DerivativeT" value="0.875000" />
  <attribute name="DerivativeI" value="0.875000" />
  <attribute name="DerivativeH" value="0.875000" />
  <attribute name="Loop Time for DT" value="8.000000" />
  <attribute name="Output H" value="8388608"/>
  <attribute name="Output I" value="344"/>
  <attribute name="Output T" value="4"/>
  <attribute name="Target GC Util Change" value ="20.000000" />
  <attribute name="Current GC Util Change" value="58.000000"/>
  <attribute name="GC Util currently" value="58" />
  <attribute name="CPU Util currently" value="581154003538" />
<allocation-satisfied id="4158" threadId="0000000000A81400" bytesRequested="136" />
<af-end id="4159" timestamp="2019-06-16T18:48:47.334" threadId="0000000000A81D88" success="true" from="nursery"/>
<exclusive-end id="4160" timestamp="2019-06-16T18:48:47.334" durationms="141.118" />

<exclusive-start id="4161" timestamp="2019-06-16T18:48:47.346" intervalms="153.226">
  <response-info timems="0.035" idlems="0.035" threads="0" lastid="0000000000A79C00" lastname="PmdThread 1" />
</exclusive-start>
<af-start id="4162" threadId="0000000000A7A588" totalBytesRequested="32" timestamp="2019-06-16T18:48:47.347" intervalms="153.323" type="nursery" />
<cycle-start id="4163" type="scavenge" contextid="0" timestamp="2019-06-16T18:48:47.347" intervalms="153.413" />
<gc-start id="4164" type="scavenge" contextid="4163" timestamp="2019-06-16T18:48:47.347">
  <mem-info id="4165" free="2036406488" total="2092630016" percent="97">
    <mem type="nursery" free="0" total="3932160" percent="0">
      <mem type="allocate" free="0" total="2949120" percent="0" />
      <mem type="survivor" free="0" total="983040" percent="0" />
    </mem>
    <mem type="tenure" free="2036406488" total="2088697856" percent="97">
      <mem type="soa" free="1931971800" total="1984263168" percent="97" />
      <mem type="loa" free="104434688" total="104434688" percent="100" />
    </mem>
    <remembered-set count="176" />
  </mem-info>
</gc-start>
<allocation-stats totalBytes="2041176" >
  <allocated-bytes non-tlh="136" tlh="2041040" />
  <largest-consumer threadName="PmdThread 3" threadId="0000000000A81400" bytes="675576" />
</allocation-stats>
<gc-op id="4166" type="scavenge" timems="0.842" contextid="4163" timestamp="2019-06-16T18:48:47.348">
  <scavenger-info tenureage="2" tenuremask="7ffc" tiltratio="75" />
  <memory-copied type="nursery" objects="7667" bytes="448664" bytesdiscarded="238672" />
  <memory-copied type="tenure" objects="1956" bytes="135128" bytesdiscarded="56" />
  <references type="weak" candidates="20" cleared="20" enqueued="20" />
  <references type="phantom" candidates="2" cleared="2" enqueued="2" />
</gc-op>
<gc-end id="4167" type="scavenge" contextid="4163" durationms="1.281" usertimems="0.000" systemtimems="0.000" timestamp="2019-06-16T18:48:47.348" activeThreads="4">
  <mem-info id="4168" free="2038628032" total="2092630016" percent="97">
    <mem type="nursery" free="2324472" total="3932160" percent="59">
      <mem type="allocate" free="2324472" total="3014656" percent="77" />
      <mem type="survivor" free="0" total="917504" percent="0" />
    </mem>
    <mem type="tenure" free="2036303560" total="2088697856" percent="97">
      <mem type="soa" free="1931868872" total="1984263168" percent="97" />
      <mem type="loa" free="104434688" total="104434688" percent="100" />
    </mem>
    <pending-finalizers system="0" default="0" reference="22" classloader="0" />
    <remembered-set count="313" />
  </mem-info>
</gc-end>
<cycle-end id="4169" type="scavenge" contextid="4163" timestamp="2019-06-16T18:48:47.348" />
  <attribute name="elasticGC enabled" value="1" />
  <attribute name= "numThreadsSpecified" value="4" />
  <attribute name="heapSize specified" value="9830400" />
  <attribute name="Current GC Util" value="91" />
  <attribute name= "Current Time Running" value="5219" />
  <attribute name ="GC Interval" value="4000" />
  <attribute name="ProportionalT" value="71.000000" />
  <attribute name="ProportionalI" value="71.000000" />
  <attribute name="ProportionalH" value="71.000000" />
  <attribute name="Current Error" value="71.000000" />
  <attribute name="IntegralT" value="10934.000000" />
  <attribute name="IntegralI" value="10934.000000" />
  <attribute name="IntegralH" value="10934.000000" />
  <attribute name="DerivativeT" value="0.107143" />
  <attribute name="DerivativeI" value="0.107143" />
  <attribute name="DerivativeH" value="0.107143" />
  <attribute name="Loop Time for DT" value="154.000000" />
  <attribute name="Output H" value="8388608"/>
  <attribute name="Output I" value="4000"/>
  <attribute name="Output T" value="4"/>
  <attribute name="Target GC Util Change" value ="20.000000" />
  <attribute name="Current GC Util Change" value="91.000000"/>
  <attribute name="GC Util currently" value="91" />
  <attribute name="CPU Util currently" value="30013472692" />
<allocation-satisfied id="4170" threadId="0000000000A79C00" bytesRequested="32" />
<af-end id="4171" timestamp="2019-06-16T18:48:47.349" threadId="0000000000A7A588" success="true" from="nursery"/>
<exclusive-end id="4172" timestamp="2019-06-16T18:48:47.349" durationms="2.366" />

<exclusive-start id="4173" timestamp="2019-06-16T18:48:47.361" intervalms="14.251">
  <response-info timems="0.056" idlems="0.056" threads="0" lastid="0000000000A85000" lastname="PmdThread 4" />
</exclusive-start>
<af-start id="4174" threadId="0000000000A85988" totalBytesRequested="16" timestamp="2019-06-16T18:48:47.361" intervalms="14.145" type="nursery" />
<cycle-start id="4175" type="scavenge" contextid="0" timestamp="2019-06-16T18:48:47.361" intervalms="14.064" />
<gc-start id="4176" type="scavenge" contextid="4175" timestamp="2019-06-16T18:48:47.361">
  <mem-info id="4177" free="2036303560" total="2092630016" percent="97">
    <mem type="nursery" free="0" total="3932160" percent="0">
      <mem type="allocate" free="0" total="3014656" percent="0" />
      <mem type="survivor" free="0" total="917504" percent="0" />
    </mem>
    <mem type="tenure" free="2036303560" total="2088697856" percent="97">
      <mem type="soa" free="1931868872" total="1984263168" percent="97" />
      <mem type="loa" free="104434688" total="104434688" percent="100" />
    </mem>
    <remembered-set count="406" />
  </mem-info>
</gc-start>
<allocation-stats totalBytes="2310368" >
  <allocated-bytes non-tlh="32" tlh="2310336" />
  <largest-consumer threadName="PmdThread 1" threadId="0000000000A79C00" bytes="2014840" />
</allocation-stats>
<gc-op id="4178" type="scavenge" timems="2.385" contextid="4175" timestamp="2019-06-16T18:48:47.363">
  <scavenger-info tenureage="2" tenuremask="7ffc" tiltratio="76" />
  <memory-copied type="nursery" objects="1668" bytes="200648" bytesdiscarded="52520" />
  <memory-copied type="tenure" objects="7188" bytes="428440" bytesdiscarded="16" />
  <references type="phantom" candidates="2" cleared="0" enqueued="0" />
</gc-op>
<gc-end id="4179" type="scavenge" contextid="4175" durationms="2.602" usertimems="4.000" systemtimems="0.000" timestamp="2019-06-16T18:48:47.363" activeThreads="4">
  <mem-info id="4180" free="2038698368" total="2092630016" percent="97">
    <mem type="nursery" free="2826976" total="3932160" percent="71">
      <mem type="allocate" free="2826976" total="3080192" percent="91" />
      <mem type="survivor" free="0" total="851968" percent="0" />
    </mem>
    <mem type="tenure" free="2035871392" total="2088697856" percent="97">
      <mem type="soa" free="1931436704" total="1984263168" percent="97" />
      <mem type="loa" free="104434688" total="104434688" percent="100" />
    </mem>
    <remembered-set count="301" />
  </mem-info>
</gc-end>
<cycle-end id="4181" type="scavenge" contextid="4175" timestamp="2019-06-16T18:48:47.364" />
  <attribute name="elasticGC enabled" value="1" />
  <attribute name= "numThreadsSpecified" value="4" />
  <attribute name="heapSize specified" value="9830400" />
  <attribute name="Current GC Util" value="15" />
  <attribute name= "Current Time Running" value="5232" />
  <attribute name ="GC Interval" value="200" />
  <attribute name="ProportionalT" value="-5.000000" />
  <attribute name="ProportionalI" value="-5.000000" />
  <attribute name="ProportionalH" value="-5.000000" />
  <attribute name="Current Error" value="-5.000000" />
  <attribute name="IntegralT" value="-65.000000" />
  <attribute name="IntegralI" value="-65.000000" />
  <attribute name="IntegralH" value="-65.000000" />
  <attribute name="DerivativeT" value="-2.923077" />
  <attribute name="DerivativeI" value="-2.923077" />
  <attribute name="DerivativeH" value="-2.923077" />
  <attribute name="Loop Time for DT" value="13.000000" />
  <attribute name="Output H" value="2092630016"/>
  <attribute name="Output I" value="200"/>
  <attribute name="Output T" value="4"/>
  <attribute name="Target GC Util Change" value ="20.000000" />
  <attribute name="Current GC Util Change" value="15.000000"/>
  <attribute name="GC Util currently" value="15" />
  <attribute name="CPU Util currently" value="333515312857" />
<allocation-satisfied id="4182" threadId="0000000000A85000" bytesRequested="16" />
<af-end id="4183" timestamp="2019-06-16T18:48:47.364" threadId="0000000000A85988" success="true" from="nursery"/>
<exclusive-end id="4184" timestamp="2019-06-16T18:48:47.364" durationms="3.085" />

<exclusive-start id="4185" timestamp="2019-06-16T18:48:47.366" intervalms="5.308">
  <response-info timems="0.229" idlems="0.229" threads="0" lastid="0000000000A79C00" lastname="PmdThread 1" />
</exclusive-start>
<af-start id="4186" threadId="0000000000A7A588" totalBytesRequested="24" timestamp="2019-06-16T18:48:47.366" intervalms="5.293" type="nursery" />
<cycle-start id="4187" type="scavenge" contextid="0" timestamp="2019-06-16T18:48:47.366" intervalms="5.283" />
<gc-start id="4188" type="scavenge" contextid="4187" timestamp="2019-06-16T18:48:47.366">
  <mem-info id="4189" free="2035871392" total="2092630016" percent="97">
    <mem type="nursery" free="0" total="3932160" percent="0">
      <mem type="allocate" free="0" total="3080192" percent="0" />
      <mem type="survivor" free="0" total="851968" percent="0" />
    </mem>
    <mem type="tenure" free="2035871392" total="2088697856" percent="97">
      <mem type="soa" free="1931436704" total="1984263168" percent="97" />
      <mem type="loa" free="104434688" total="104434688" percent="100" />
    </mem>
    <remembered-set count="315" />
  </mem-info>
</gc-start>
<allocation-stats totalBytes="2826144" >
  <allocated-bytes non-tlh="16408" tlh="2809736" />
  <largest-consumer threadName="PmdThread 1" threadId="0000000000A79C00" bytes="1339984" />
</allocation-stats>
<gc-op id="4190" type="scavenge" timems="0.582" contextid="4187" timestamp="2019-06-16T18:48:47.367">
  <scavenger-info tenureage="3" tenuremask="7ff8" tiltratio="78" />
  <memory-copied type="nursery" objects="9392" bytes="538032" bytesdiscarded="175384" />
  <references type="weak" candidates="8" cleared="7" enqueued="7" />
  <references type="phantom" candidates="2" cleared="1" enqueued="1" />
</gc-op>
<gc-end id="4191" type="scavenge" contextid="4187" durationms="0.775" usertimems="0.000" systemtimems="0.000" timestamp="2019-06-16T18:48:47.367" activeThreads="4">
  <mem-info id="4192" free="2038237792" total="2092630016" percent="97">
    <mem type="nursery" free="2366400" total="3932160" percent="60">
      <mem type="allocate" free="2366400" total="3080192" percent="76" />
      <mem type="survivor" free="0" total="851968" percent="0" />
    </mem>
    <mem type="tenure" free="2035871392" total="2088697856" percent="97">
      <mem type="soa" free="1931436704" total="1984263168" percent="97" />
      <mem type="loa" free="104434688" total="104434688" percent="100" />
    </mem>
    <pending-finalizers system="0" default="0" reference="8" classloader="0" />
    <remembered-set count="291" />
  </mem-info>
</gc-end>
<cycle-end id="4193" type="scavenge" contextid="4187" timestamp="2019-06-16T18:48:47.367" />
  <attribute name="elasticGC enabled" value="1" />
  <attribute name= "numThreadsSpecified" value="4" />
  <attribute name="heapSize specified" value="9830400" />
  <attribute name="Current GC Util" value="93" />
  <attribute name= "Current Time Running" value="5238" />
  <attribute name ="GC Interval" value="520" />
  <attribute name="ProportionalT" value="73.000000" />
  <attribute name="ProportionalI" value="73.000000" />
  <attribute name="ProportionalH" value="73.000000" />
  <attribute name="Current Error" value="73.000000" />
  <attribute name="IntegralT" value="438.000000" />
  <attribute name="IntegralI" value="438.000000" />
  <attribute name="IntegralH" value="438.000000" />
  <attribute name="DerivativeT" value="6.083333" />
  <attribute name="DerivativeI" value="6.083333" />
  <attribute name="DerivativeH" value="6.083333" />
  <attribute name="Loop Time for DT" value="6.000000" />
  <attribute name="Output H" value="8388608"/>
  <attribute name="Output I" value="520"/>
  <attribute name="Output T" value="4"/>
  <attribute name="Target GC Util Change" value ="20.000000" />
  <attribute name="Current GC Util Change" value="93.000000"/>
  <attribute name="GC Util currently" value="93" />
  <attribute name="CPU Util currently" value="873960015132" />
<allocation-satisfied id="4194" threadId="0000000000A79C00" bytesRequested="24" />
<af-end id="4195" timestamp="2019-06-16T18:48:47.367" threadId="0000000000A7A588" success="true" from="nursery"/>
<exclusive-end id="4196" timestamp="2019-06-16T18:48:47.367" durationms="1.226" />

<exclusive-start id="4197" timestamp="2019-06-16T18:48:47.369" intervalms="3.436">
  <response-info timems="0.029" idlems="0.029" threads="0" lastid="0000000000A79C00" lastname="PmdThread 1" />
</exclusive-start>
<af-start id="4198" threadId="0000000000A7A588" totalBytesRequested="16" timestamp="2019-06-16T18:48:47.369" intervalms="3.440" type="nursery" />
<cycle-start id="4199" type="scavenge" contextid="0" timestamp="2019-06-16T18:48:47.369" intervalms="3.447" />
<gc-start id="4200" type="scavenge" contextid="4199" timestamp="2019-06-16T18:48:47.370">
  <mem-info id="4201" free="2035870856" total="2092630016" percent="97">
    <mem type="nursery" free="0" total="3932160" percent="0">
      <mem type="allocate" free="0" total="3080192" percent="0" />
      <mem type="survivor" free="0" total="851968" percent="0" />
    </mem>
    <mem type="tenure" free="2035870856" total="2088697856" percent="97">
      <mem type="soa" free="1931436168" total="1984263168" percent="97" />
      <mem type="loa" free="104434688" total="104434688" percent="100" />
    </mem>
    <remembered-set count="318" />
  </mem-info>
</gc-start>
<allocation-stats totalBytes="2366336" >
  <allocated-bytes non-tlh="560" tlh="2365776" />
  <largest-consumer threadName="PmdThread 1" threadId="0000000000A79C00" bytes="1456864" />
</allocation-stats>
<gc-op id="4202" type="scavenge" timems="0.708" contextid="4199" timestamp="2019-06-16T18:48:47.370">
  <scavenger-info tenureage="3" tenuremask="7ff8" tiltratio="78" />
  <memory-copied type="nursery" objects="9638" bytes="603024" bytesdiscarded="247608" />
  <memory-copied type="tenure" objects="1005" bytes="39936" bytesdiscarded="16" />
  <copy-failed type="nursery" objects="627" bytes="27488" />
  <references type="weak" candidates="22" cleared="20" enqueued="20" />
  <references type="phantom" candidates="4" cleared="2" enqueued="2" />
</gc-op>
<gc-end id="4203" type="scavenge" contextid="4199" durationms="0.951" usertimems="4.000" systemtimems="0.000" timestamp="2019-06-16T18:48:47.371" activeThreads="4">
  <mem-info id="4204" free="2038125448" total="2092630016" percent="97">
    <mem type="nursery" free="2293760" total="3932160" percent="58">
      <mem type="allocate" free="2293760" total="3145728" percent="72" />
      <mem type="survivor" free="0" total="786432" percent="0" />
    </mem>
    <mem type="tenure" free="2035831688" total="2088697856" percent="97">
      <mem type="soa" free="1931397000" total="1984263168" percent="97" />
      <mem type="loa" free="104434688" total="104434688" percent="100" />
    </mem>
    <pending-finalizers system="0" default="0" reference="22" classloader="0" />
    <remembered-set count="415" />
  </mem-info>
</gc-end>
<cycle-end id="4205" type="scavenge" contextid="4199" timestamp="2019-06-16T18:48:47.371" />
  <attribute name="elasticGC enabled" value="1" />
  <attribute name= "numThreadsSpecified" value="4" />
  <attribute name="heapSize specified" value="9830400" />
  <attribute name="Current GC Util" value="41" />
  <attribute name= "Current Time Running" value="5241" />
  <attribute name ="GC Interval" value="200" />
  <attribute name="ProportionalT" value="21.000000" />
  <attribute name="ProportionalI" value="21.000000" />
  <attribute name="ProportionalH" value="21.000000" />
  <attribute name="Current Error" value="21.000000" />
  <attribute name="IntegralT" value="63.000000" />
  <attribute name="IntegralI" value="63.000000" />
  <attribute name="IntegralH" value="63.000000" />
  <attribute name="DerivativeT" value="-8.666667" />
  <attribute name="DerivativeI" value="-8.666667" />
  <attribute name="DerivativeH" value="-8.666667" />
  <attribute name="Loop Time for DT" value="3.000000" />
  <attribute name="Output H" value="8388608"/>
  <attribute name="Output I" value="200"/>
  <attribute name="Output T" value="4"/>
  <attribute name="Target GC Util Change" value ="20.000000" />
  <attribute name="Current GC Util Change" value="41.000000"/>
  <attribute name="GC Util currently" value="41" />
  <attribute name="CPU Util currently" value="1343733698039" />
<allocation-satisfied id="4206" threadId="0000000000A79C00" bytesRequested="16" />
<af-end id="4207" timestamp="2019-06-16T18:48:47.371" threadId="0000000000A7A588" success="true" from="nursery"/>
<exclusive-end id="4208" timestamp="2019-06-16T18:48:47.371" durationms="1.448" />

<exclusive-start id="4209" timestamp="2019-06-16T18:48:47.373" intervalms="3.678">
  <response-info timems="0.054" idlems="0.054" threads="0" lastid="0000000000A79C00" lastname="PmdThread 1" />
</exclusive-start>
<af-start id="4210" threadId="0000000000A7A588" totalBytesRequested="24" timestamp="2019-06-16T18:48:47.373" intervalms="3.653" type="nursery" />
<cycle-start id="4211" type="scavenge" contextid="0" timestamp="2019-06-16T18:48:47.373" intervalms="3.655" />
<gc-start id="4212" type="scavenge" contextid="4211" timestamp="2019-06-16T18:48:47.373">
  <mem-info id="4213" free="2035831504" total="2092630016" percent="97">
    <mem type="nursery" free="0" total="3932160" percent="0">
      <mem type="allocate" free="0" total="3145728" percent="0" />
      <mem type="survivor" free="0" total="786432" percent="0" />
    </mem>
    <mem type="tenure" free="2035831504" total="2088697856" percent="97">
      <mem type="soa" free="1931396816" total="1984263168" percent="97" />
      <mem type="loa" free="104434688" total="104434688" percent="100" />
    </mem>
    <remembered-set count="443" />
  </mem-info>
</gc-start>
<allocation-stats totalBytes="2293504" >
  <allocated-bytes non-tlh="200" tlh="2293304" />
  <largest-consumer threadName="PmdThread 1" threadId="0000000000A79C00" bytes="1376184" />
</allocation-stats>
<gc-op id="4214" type="scavenge" timems="0.671" contextid="4211" timestamp="2019-06-16T18:48:47.374">
  <scavenger-info tenureage="3" tenuremask="7ff8" tiltratio="80" />
  <memory-copied type="nursery" objects="8602" bytes="430984" bytesdiscarded="101232" />
  <memory-copied type="tenure" objects="1003" bytes="154688" bytesdiscarded="176" />
  <references type="weak" candidates="21" cleared="21" enqueued="21" />
  <references type="phantom" candidates="1" cleared="1" enqueued="1" />
</gc-op>
<gc-end id="4215" type="scavenge" contextid="4211" durationms="0.839" usertimems="0.000" systemtimems="0.000" timestamp="2019-06-16T18:48:47.374" activeThreads="4">
  <mem-info id="4216" free="2038261608" total="2092630016" percent="97">
    <mem type="nursery" free="2610880" total="3932160" percent="66">
      <mem type="allocate" free="2610880" total="3145728" percent="82" />
      <mem type="survivor" free="0" total="786432" percent="0" />
    </mem>
    <mem type="tenure" free="2035650728" total="2088697856" percent="97">
      <mem type="soa" free="1931216040" total="1984263168" percent="97" />
      <mem type="loa" free="104434688" total="104434688" percent="100" />
    </mem>
    <pending-finalizers system="0" default="0" reference="22" classloader="0" />
    <remembered-set count="341" />
  </mem-info>
</gc-end>
<cycle-end id="4217" type="scavenge" contextid="4211" timestamp="2019-06-16T18:48:47.374" />
  <attribute name="elasticGC enabled" value="1" />
  <attribute name= "numThreadsSpecified" value="4" />
  <attribute name="heapSize specified" value="9830400" />
  <attribute name="Current GC Util" value="43" />
  <attribute name= "Current Time Running" value="5245" />
  <attribute name ="GC Interval" value="200" />
  <attribute name="ProportionalT" value="23.000000" />
  <attribute name="ProportionalI" value="23.000000" />
  <attribute name="ProportionalH" value="23.000000" />
  <attribute name="Current Error" value="23.000000" />
  <attribute name="IntegralT" value="92.000000" />
  <attribute name="IntegralI" value="92.000000" />
  <attribute name="IntegralH" value="92.000000" />
  <attribute name="DerivativeT" value="0.250000" />
  <attribute name="DerivativeI" value="0.250000" />
  <attribute name="DerivativeH" value="0.250000" />
  <attribute name="Loop Time for DT" value="4.000000" />
  <attribute name="Output H" value="8388608"/>
  <attribute name="Output I" value="200"/>
  <attribute name="Output T" value="4"/>
  <attribute name="Target GC Util Change" value ="20.000000" />
  <attribute name="Current GC Util Change" value="43.000000"/>
  <attribute name="GC Util currently" value="43" />
  <attribute name="CPU Util currently" value="1265426450305" />
<allocation-satisfied id="4218" threadId="0000000000A79C00" bytesRequested="24" />
<af-end id="4219" timestamp="2019-06-16T18:48:47.374" threadId="0000000000A7A588" success="true" from="nursery"/>
<exclusive-end id="4220" timestamp="2019-06-16T18:48:47.374" durationms="1.261" />

<exclusive-start id="4221" timestamp="2019-06-16T18:48:47.377" intervalms="4.300">
  <response-info timems="0.041" idlems="0.041" threads="0" lastid="0000000000A7D800" lastname="PmdThread 2" />
</exclusive-start>
<af-start id="4222" threadId="0000000000A7E188" totalBytesRequested="32" timestamp="2019-06-16T18:48:47.377" intervalms="4.323" type="nursery" />
<cycle-start id="4223" type="scavenge" contextid="0" timestamp="2019-06-16T18:48:47.377" intervalms="4.320" />
<gc-start id="4224" type="scavenge" contextid="4223" timestamp="2019-06-16T18:48:47.378">
  <mem-info id="4225" free="2035650072" total="2092630016" percent="97">
    <mem type="nursery" free="0" total="3932160" percent="0">
      <mem type="allocate" free="0" total="3145728" percent="0" />
      <mem type="survivor" free="0" total="786432" percent="0" />
    </mem>
    <mem type="tenure" free="2035650072" total="2088697856" percent="97">
      <mem type="soa" free="1931215384" total="1984263168" percent="97" />
      <mem type="loa" free="104434688" total="104434688" percent="100" />
    </mem>
    <remembered-set count="362" />
  </mem-info>
</gc-start>
<allocation-stats totalBytes="2609208" >
  <allocated-bytes non-tlh="17072" tlh="2592136" />
  <largest-consumer threadName="PmdThread 1" threadId="0000000000A79C00" bytes="1627704" />
</allocation-stats>
<gc-op id="4226" type="scavenge" timems="1.150" contextid="4223" timestamp="2019-06-16T18:48:47.379">
  <scavenger-info tenureage="3" tenuremask="7ff8" tiltratio="80" />
  <memory-copied type="nursery" objects="3913" bytes="318688" bytesdiscarded="139120" />
  <memory-copied type="tenure" objects="7195" bytes="325416" bytesdiscarded="104" />
  <references type="weak" candidates="16" cleared="16" enqueued="15" />
  <references type="phantom" candidates="3" cleared="3" enqueued="3" />
</gc-op>
<gc-end id="4227" type="scavenge" contextid="4223" durationms="1.503" usertimems="4.000" systemtimems="0.000" timestamp="2019-06-16T18:48:47.379" activeThreads="4">
  <mem-info id="4228" free="2038138120" total="2092630016" percent="97">
    <mem type="nursery" free="2753272" total="3932160" percent="70">
      <mem type="allocate" free="2753272" total="3211264" percent="85" />
      <mem type="survivor" free="0" total="720896" percent="0" />
    </mem>
    <mem type="tenure" free="2035384848" total="2088697856" percent="97">
      <mem type="soa" free="1930950160" total="1984263168" percent="97" />
      <mem type="loa" free="104434688" total="104434688" percent="100" />
    </mem>
    <pending-finalizers system="0" default="0" reference="18" classloader="0" />
    <remembered-set count="166" />
  </mem-info>
</gc-end>
<cycle-end id="4229" type="scavenge" contextid="4223" timestamp="2019-06-16T18:48:47.379" />
  <attribute name="elasticGC enabled" value="1" />
  <attribute name= "numThreadsSpecified" value="4" />
  <attribute name="heapSize specified" value="9830400" />
  <attribute name="Current GC Util" value="37" />
  <attribute name= "Current Time Running" value="5249" />
  <attribute name ="GC Interval" value="200" />
  <attribute name="ProportionalT" value="17.000000" />
  <attribute name="ProportionalI" value="17.000000" />
  <attribute name="ProportionalH" value="17.000000" />
  <attribute name="Current Error" value="17.000000" />
  <attribute name="IntegralT" value="68.000000" />
  <attribute name="IntegralI" value="68.000000" />
  <attribute name="IntegralH" value="68.000000" />
  <attribute name="DerivativeT" value="-0.750000" />
  <attribute name="DerivativeI" value="-0.750000" />
  <attribute name="DerivativeH" value="-0.750000" />
  <attribute name="Loop Time for DT" value="4.000000" />
  <attribute name="Output H" value="8388608"/>
  <attribute name="Output I" value="200"/>
  <attribute name="Output T" value="4"/>
  <attribute name="Target GC Util Change" value ="20.000000" />
  <attribute name="Current GC Util Change" value="37.000000"/>
  <attribute name="GC Util currently" value="37" />
  <attribute name="CPU Util currently" value="1065256481410" />
<allocation-satisfied id="4230" threadId="0000000000A7D800" bytesRequested="32" />
<af-end id="4231" timestamp="2019-06-16T18:48:47.379" threadId="0000000000A7E188" success="true" from="nursery"/>
<exclusive-end id="4232" timestamp="2019-06-16T18:48:47.379" durationms="2.008" />

<exclusive-start id="4233" timestamp="2019-06-16T18:48:47.381" intervalms="4.033">
  <response-info timems="0.031" idlems="0.031" threads="0" lastid="0000000000A79C00" lastname="PmdThread 1" />
</exclusive-start>
<af-start id="4234" threadId="0000000000A7A588" totalBytesRequested="16" timestamp="2019-06-16T18:48:47.381" intervalms="4.088" type="nursery" />
<cycle-start id="4235" type="scavenge" contextid="0" timestamp="2019-06-16T18:48:47.382" intervalms="4.083" />
<gc-start id="4236" type="scavenge" contextid="4235" timestamp="2019-06-16T18:48:47.382">
  <mem-info id="4237" free="2035384616" total="2092630016" percent="97">
    <mem type="nursery" free="0" total="3932160" percent="0">
      <mem type="allocate" free="0" total="3211264" percent="0" />
      <mem type="survivor" free="0" total="720896" percent="0" />
    </mem>
    <mem type="tenure" free="2035384616" total="2088697856" percent="97">
      <mem type="soa" free="1930949928" total="1984263168" percent="97" />
      <mem type="loa" free="104434688" total="104434688" percent="100" />
    </mem>
    <remembered-set count="186" />
  </mem-info>
</gc-start>
<allocation-stats totalBytes="2752584" >
  <allocated-bytes non-tlh="264" tlh="2752320" />
  <largest-consumer threadName="PmdThread 1" threadId="0000000000A79C00" bytes="1621800" />
</allocation-stats>
<gc-op id="4238" type="scavenge" timems="0.415" contextid="4235" timestamp="2019-06-16T18:48:47.382">
  <scavenger-info tenureage="4" tenuremask="7ff0" tiltratio="81" />
  <memory-copied type="nursery" objects="6613" bytes="520928" bytesdiscarded="199272" />
  <memory-copied type="tenure" objects="214" bytes="39784" bytesdiscarded="0" />
  <copy-failed type="nursery" objects="214" bytes="39784" />
  <references type="weak" candidates="17" cleared="16" enqueued="16" />
  <references type="phantom" candidates="3" cleared="0" enqueued="0" />
</gc-op>
<gc-end id="4239" type="scavenge" contextid="4235" durationms="0.603" usertimems="0.000" systemtimems="0.000" timestamp="2019-06-16T18:48:47.382" activeThreads="4">
  <mem-info id="4240" free="2037678376" total="2092630016" percent="97">
    <mem type="nursery" free="2293760" total="3932160" percent="58">
      <mem type="allocate" free="2293760" total="3014656" percent="76" />
      <mem type="survivor" free="0" total="917504" percent="0" />
    </mem>
    <mem type="tenure" free="2035384616" total="2088697856" percent="97">
      <mem type="soa" free="1930949928" total="1984263168" percent="97" />
      <mem type="loa" free="104434688" total="104434688" percent="100" />
    </mem>
    <pending-finalizers system="0" default="0" reference="16" classloader="0" />
    <remembered-set count="199" />
  </mem-info>
</gc-end>
<cycle-end id="4241" type="scavenge" contextid="4235" timestamp="2019-06-16T18:48:47.382" />
  <attribute name="elasticGC enabled" value="1" />
  <attribute name= "numThreadsSpecified" value="4" />
  <attribute name="heapSize specified" value="9830400" />
  <attribute name="Current GC Util" value="74" />
  <attribute name= "Current Time Running" value="5253" />
  <attribute name ="GC Interval" value="280" />
  <attribute name="ProportionalT" value="54.000000" />
  <attribute name="ProportionalI" value="54.000000" />
  <attribute name="ProportionalH" value="54.000000" />
  <attribute name="Current Error" value="54.000000" />
  <attribute name="IntegralT" value="216.000000" />
  <attribute name="IntegralI" value="216.000000" />
  <attribute name="IntegralH" value="216.000000" />
  <attribute name="DerivativeT" value="4.625000" />
  <attribute name="DerivativeI" value="4.625000" />
  <attribute name="DerivativeH" value="4.625000" />
  <attribute name="Loop Time for DT" value="4.000000" />
  <attribute name="Output H" value="8388608"/>
  <attribute name="Output I" value="280"/>
  <attribute name="Output T" value="4"/>
  <attribute name="Target GC Util Change" value ="20.000000" />
  <attribute name="Current GC Util Change" value="74.000000"/>
  <attribute name="GC Util currently" value="74" />
  <attribute name="CPU Util currently" value="1127123334828" />
<allocation-satisfied id="4242" threadId="0000000000A79C00" bytesRequested="16" />
<af-end id="4243" timestamp="2019-06-16T18:48:47.382" threadId="0000000000A7A588" success="true" from="nursery"/>
<exclusive-end id="4244" timestamp="2019-06-16T18:48:47.382" durationms="1.103" />

<exclusive-start id="4245" timestamp="2019-06-16T18:48:47.384" intervalms="2.817">
  <response-info timems="0.052" idlems="0.052" threads="0" lastid="0000000000A79C00" lastname="PmdThread 1" />
</exclusive-start>
<af-start id="4246" threadId="0000000000A7A588" totalBytesRequested="40" timestamp="2019-06-16T18:48:47.384" intervalms="2.767" type="nursery" />
<cycle-start id="4247" type="scavenge" contextid="0" timestamp="2019-06-16T18:48:47.384" intervalms="2.766" />
<gc-start id="4248" type="scavenge" contextid="4247" timestamp="2019-06-16T18:48:47.384">
  <mem-info id="4249" free="2035384176" total="2092630016" percent="97">
    <mem type="nursery" free="0" total="3932160" percent="0">
      <mem type="allocate" free="0" total="3014656" percent="0" />
      <mem type="survivor" free="0" total="917504" percent="0" />
    </mem>
    <mem type="tenure" free="2035384176" total="2088697856" percent="97">
      <mem type="soa" free="1930949488" total="1984263168" percent="97" />
      <mem type="loa" free="104434688" total="104434688" percent="100" />
    </mem>
    <remembered-set count="219" />
  </mem-info>
</gc-start>
<allocation-stats totalBytes="2293616" >
  <allocated-bytes non-tlh="456" tlh="2293160" />
  <largest-consumer threadName="PmdThread 1" threadId="0000000000A79C00" bytes="1433456" />
</allocation-stats>
<gc-op id="4250" type="scavenge" timems="0.525" contextid="4247" timestamp="2019-06-16T18:48:47.385">
  <scavenger-info tenureage="4" tenuremask="7ff0" tiltratio="76" />
  <memory-copied type="nursery" objects="7862" bytes="554080" bytesdiscarded="267312" />
  <memory-copied type="tenure" objects="237" bytes="7160" bytesdiscarded="0" />
  <references type="weak" candidates="19" cleared="18" enqueued="18" />
  <references type="phantom" candidates="3" cleared="2" enqueued="2" />
</gc-op>
<gc-end id="4251" type="scavenge" contextid="4247" durationms="0.742" usertimems="0.000" systemtimems="0.000" timestamp="2019-06-16T18:48:47.385" activeThreads="4">
  <mem-info id="4252" free="2037641440" total="2092630016" percent="97">
    <mem type="nursery" free="2257264" total="3932160" percent="57">
      <mem type="allocate" free="2257264" total="3080192" percent="73" />
      <mem type="survivor" free="0" total="851968" percent="0" />
    </mem>
    <mem type="tenure" free="2035384176" total="2088697856" percent="97">
      <mem type="soa" free="1930949488" total="1984263168" percent="97" />
      <mem type="loa" free="104434688" total="104434688" percent="100" />
    </mem>
    <pending-finalizers system="0" default="0" reference="20" classloader="0" />
    <remembered-set count="174" />
  </mem-info>
</gc-end>
<cycle-end id="4253" type="scavenge" contextid="4247" timestamp="2019-06-16T18:48:47.385" />
  <attribute name="elasticGC enabled" value="1" />
  <attribute name= "numThreadsSpecified" value="4" />
  <attribute name="heapSize specified" value="9830400" />
  <attribute name="Current GC Util" value="45" />
  <attribute name= "Current Time Running" value="5256" />
  <attribute name ="GC Interval" value="200" />
  <attribute name="ProportionalT" value="25.000000" />
  <attribute name="ProportionalI" value="25.000000" />
  <attribute name="ProportionalH" value="25.000000" />
  <attribute name="Current Error" value="25.000000" />
  <attribute name="IntegralT" value="75.000000" />
  <attribute name="IntegralI" value="75.000000" />
  <attribute name="IntegralH" value="75.000000" />
  <attribute name="DerivativeT" value="-4.833333" />
  <attribute name="DerivativeI" value="-4.833333" />
  <attribute name="DerivativeH" value="-4.833333" />
  <attribute name="Loop Time for DT" value="3.000000" />
  <attribute name="Output H" value="8388608"/>
  <attribute name="Output I" value="200"/>
  <attribute name="Output T" value="4"/>
  <attribute name="Target GC Util Change" value ="20.000000" />
  <attribute name="Current GC Util Change" value="45.000000"/>
  <attribute name="GC Util currently" value="45" />
  <attribute name="CPU Util currently" value="1669088912481" />
<allocation-satisfied id="4254" threadId="0000000000A79C00" bytesRequested="40" />
<af-end id="4255" timestamp="2019-06-16T18:48:47.385" threadId="0000000000A7A588" success="true" from="nursery"/>
<exclusive-end id="4256" timestamp="2019-06-16T18:48:47.385" durationms="1.193" />

<exclusive-start id="4257" timestamp="2019-06-16T18:48:47.387" intervalms="2.954">
  <response-info timems="0.034" idlems="0.034" threads="0" lastid="0000000000A79C00" lastname="PmdThread 1" />
</exclusive-start>
<af-start id="4258" threadId="0000000000A7A588" totalBytesRequested="32" timestamp="2019-06-16T18:48:47.387" intervalms="2.941" type="nursery" />
<cycle-start id="4259" type="scavenge" contextid="0" timestamp="2019-06-16T18:48:47.387" intervalms="2.941" />
<gc-start id="4260" type="scavenge" contextid="4259" timestamp="2019-06-16T18:48:47.387">
  <mem-info id="4261" free="2035384176" total="2092630016" percent="97">
    <mem type="nursery" free="0" total="3932160" percent="0">
      <mem type="allocate" free="0" total="3080192" percent="0" />
      <mem type="survivor" free="0" total="851968" percent="0" />
    </mem>
    <mem type="tenure" free="2035384176" total="2088697856" percent="97">
      <mem type="soa" free="1930949488" total="1984263168" percent="97" />
      <mem type="loa" free="104434688" total="104434688" percent="100" />
    </mem>
    <remembered-set count="187" />
  </mem-info>
</gc-start>
<allocation-stats totalBytes="2256928" >
  <allocated-bytes non-tlh="40" tlh="2256888" />
  <largest-consumer threadName="PmdThread 1" threadId="0000000000A79C00" bytes="1446104" />
</allocation-stats>
<gc-op id="4262" type="scavenge" timems="0.873" contextid="4259" timestamp="2019-06-16T18:48:47.388">
  <scavenger-info tenureage="3" tenuremask="7ff8" tiltratio="78" />
  <memory-copied type="nursery" objects="6988" bytes="492584" bytesdiscarded="83320" />
  <memory-copied type="tenure" objects="2228" bytes="163272" bytesdiscarded="56" />
  <references type="weak" candidates="8" cleared="7" enqueued="7" />
  <references type="phantom" candidates="2" cleared="1" enqueued="1" />
</gc-op>
<gc-end id="4263" type="scavenge" contextid="4259" durationms="1.068" usertimems="4.000" systemtimems="0.000" timestamp="2019-06-16T18:48:47.388" activeThreads="4">
  <mem-info id="4264" free="2037732168" total="2092630016" percent="97">
    <mem type="nursery" free="2567928" total="3932160" percent="65">
      <mem type="allocate" free="2567928" total="3145728" percent="81" />
      <mem type="survivor" free="0" total="786432" percent="0" />
    </mem>
    <mem type="tenure" free="2035164240" total="2088697856" percent="97">
      <mem type="soa" free="1930729552" total="1984263168" percent="97" />
      <mem type="loa" free="104434688" total="104434688" percent="100" />
    </mem>
    <pending-finalizers system="0" default="0" reference="8" classloader="0" />
    <remembered-set count="139" />
  </mem-info>
</gc-end>
<cycle-end id="4265" type="scavenge" contextid="4259" timestamp="2019-06-16T18:48:47.388" />
  <attribute name="elasticGC enabled" value="1" />
  <attribute name= "numThreadsSpecified" value="4" />
  <attribute name="heapSize specified" value="9830400" />
  <attribute name="Current GC Util" value="44" />
  <attribute name= "Current Time Running" value="5259" />
  <attribute name ="GC Interval" value="200" />
  <attribute name="ProportionalT" value="24.000000" />
  <attribute name="ProportionalI" value="24.000000" />
  <attribute name="ProportionalH" value="24.000000" />
  <attribute name="Current Error" value="24.000000" />
  <attribute name="IntegralT" value="72.000000" />
  <attribute name="IntegralI" value="72.000000" />
  <attribute name="IntegralH" value="72.000000" />
  <attribute name="DerivativeT" value="-0.166667" />
  <attribute name="DerivativeI" value="-0.166667" />
  <attribute name="DerivativeH" value="-0.166667" />
  <attribute name="Loop Time for DT" value="3.000000" />
  <attribute name="Output H" value="8388608"/>
  <attribute name="Output I" value="200"/>
  <attribute name="Output T" value="4"/>
  <attribute name="Target GC Util Change" value ="20.000000" />
  <attribute name="Current GC Util Change" value="44.000000"/>
  <attribute name="GC Util currently" value="44" />
  <attribute name="CPU Util currently" value="1588456381141" />
<allocation-satisfied id="4266" threadId="0000000000A79C00" bytesRequested="32" />
<af-end id="4267" timestamp="2019-06-16T18:48:47.389" threadId="0000000000A7A588" success="true" from="nursery"/>
<exclusive-end id="4268" timestamp="2019-06-16T18:48:47.389" durationms="1.490" />

<exclusive-start id="4269" timestamp="2019-06-16T18:48:47.391" intervalms="3.537">
  <response-info timems="0.082" idlems="0.082" threads="0" lastid="0000000000A79C00" lastname="PmdThread 1" />
</exclusive-start>
<af-start id="4270" threadId="0000000000A7A588" totalBytesRequested="32" timestamp="2019-06-16T18:48:47.391" intervalms="3.545" type="nursery" />
<cycle-start id="4271" type="scavenge" contextid="0" timestamp="2019-06-16T18:48:47.391" intervalms="3.550" />
<gc-start id="4272" type="scavenge" contextid="4271" timestamp="2019-06-16T18:48:47.391">
  <mem-info id="4273" free="2035164024" total="2092630016" percent="97">
    <mem type="nursery" free="0" total="3932160" percent="0">
      <mem type="allocate" free="0" total="3145728" percent="0" />
      <mem type="survivor" free="0" total="786432" percent="0" />
    </mem>
    <mem type="tenure" free="2035164024" total="2088697856" percent="97">
      <mem type="soa" free="1930729336" total="1984263168" percent="97" />
      <mem type="loa" free="104434688" total="104434688" percent="100" />
    </mem>
    <remembered-set count="162" />
  </mem-info>
</gc-start>
<allocation-stats totalBytes="2567336" >
  <allocated-bytes non-tlh="33032" tlh="2534304" />
  <largest-consumer threadName="PmdThread 1" threadId="0000000000A79C00" bytes="1678840" />
</allocation-stats>
<gc-op id="4274" type="scavenge" timems="0.708" contextid="4271" timestamp="2019-06-16T18:48:47.392">
  <scavenger-info tenureage="3" tenuremask="7ff8" tiltratio="80" />
  <memory-copied type="nursery" objects="5453" bytes="452704" bytesdiscarded="101984" />
  <memory-copied type="tenure" objects="1311" bytes="112608" bytesdiscarded="32" />
  <references type="weak" candidates="14" cleared="14" enqueued="14" />
  <references type="phantom" candidates="4" cleared="2" enqueued="2" />
</gc-op>
<gc-end id="4275" type="scavenge" contextid="4271" durationms="0.934" usertimems="0.000" systemtimems="0.000" timestamp="2019-06-16T18:48:47.392" activeThreads="4">
  <mem-info id="4276" free="2037666096" total="2092630016" percent="97">
    <mem type="nursery" free="2590424" total="3932160" percent="65">
      <mem type="allocate" free="2590424" total="3145728" percent="82" />
      <mem type="survivor" free="0" total="786432" percent="0" />
    </mem>
    <mem type="tenure" free="2035075672" total="2088697856" percent="97">
      <mem type="soa" free="1930640984" total="1984263168" percent="97" />
      <mem type="loa" free="104434688" total="104434688" percent="100" />
    </mem>
    <pending-finalizers system="0" default="0" reference="16" classloader="0" />
    <remembered-set count="278" />
  </mem-info>
</gc-end>
<cycle-end id="4277" type="scavenge" contextid="4271" timestamp="2019-06-16T18:48:47.392" />
  <attribute name="elasticGC enabled" value="1" />
  <attribute name= "numThreadsSpecified" value="4" />
  <attribute name="heapSize specified" value="9830400" />
  <attribute name="Current GC Util" value="52" />
  <attribute name= "Current Time Running" value="5262" />
  <attribute name ="GC Interval" value="200" />
  <attribute name="ProportionalT" value="32.000000" />
  <attribute name="ProportionalI" value="32.000000" />
  <attribute name="ProportionalH" value="32.000000" />
  <attribute name="Current Error" value="32.000000" />
  <attribute name="IntegralT" value="96.000000" />
  <attribute name="IntegralI" value="96.000000" />
  <attribute name="IntegralH" value="96.000000" />
  <attribute name="DerivativeT" value="1.333333" />
  <attribute name="DerivativeI" value="1.333333" />
  <attribute name="DerivativeH" value="1.333333" />
  <attribute name="Loop Time for DT" value="3.000000" />
  <attribute name="Output H" value="8388608"/>
  <attribute name="Output I" value="200"/>
  <attribute name="Output T" value="4"/>
  <attribute name="Target GC Util Change" value ="20.000000" />
  <attribute name="Current GC Util Change" value="52.000000"/>
  <attribute name="GC Util currently" value="52" />
  <attribute name="CPU Util currently" value="1279833995657" />
<allocation-satisfied id="4278" threadId="0000000000A79C00" bytesRequested="32" />
<af-end id="4279" timestamp="2019-06-16T18:48:47.392" threadId="0000000000A7A588" success="true" from="nursery"/>
<exclusive-end id="4280" timestamp="2019-06-16T18:48:47.392" durationms="1.439" />

<exclusive-start id="4281" timestamp="2019-06-16T18:48:47.399" intervalms="8.175">
  <response-info timems="4.908" idlems="2.475" threads="1" lastid="0000000000A7D800" lastname="PmdThread 2" />
</exclusive-start>
<af-start id="4282" threadId="0000000000A7A588" totalBytesRequested="24" timestamp="2019-06-16T18:48:47.399" intervalms="8.286" type="nursery" />
<cycle-start id="4283" type="scavenge" contextid="0" timestamp="2019-06-16T18:48:47.399" intervalms="8.331" />
<gc-start id="4284" type="scavenge" contextid="4283" timestamp="2019-06-16T18:48:47.399">
  <mem-info id="4285" free="2035075240" total="2092630016" percent="97">
    <mem type="nursery" free="0" total="3932160" percent="0">
      <mem type="allocate" free="0" total="3145728" percent="0" />
      <mem type="survivor" free="0" total="786432" percent="0" />
    </mem>
    <mem type="tenure" free="2035075240" total="2088697856" percent="97">
      <mem type="soa" free="1930640552" total="1984263168" percent="97" />
      <mem type="loa" free="104434688" total="104434688" percent="100" />
    </mem>
    <remembered-set count="288" />
  </mem-info>
</gc-start>
<allocation-stats totalBytes="2579568" >
  <allocated-bytes non-tlh="464" tlh="2579104" />
  <largest-consumer threadName="PmdThread 1" threadId="0000000000A79C00" bytes="1693152" />
</allocation-stats>
<gc-op id="4286" type="scavenge" timems="0.671" contextid="4283" timestamp="2019-06-16T18:48:47.400">
  <scavenger-info tenureage="4" tenuremask="7ff0" tiltratio="80" />
  <memory-copied type="nursery" objects="9947" bytes="662712" bytesdiscarded="83192" />
  <references type="weak" candidates="1" cleared="0" enqueued="0" />
  <references type="phantom" candidates="1" cleared="0" enqueued="0" />
</gc-op>
<gc-end id="4287" type="scavenge" contextid="4283" durationms="0.959" usertimems="4.000" systemtimems="0.000" timestamp="2019-06-16T18:48:47.400" activeThreads="4">
  <mem-info id="4288" free="2037343896" total="2092630016" percent="97">
    <mem type="nursery" free="2268656" total="3932160" percent="57">
      <mem type="allocate" free="2268656" total="3014656" percent="75" />
      <mem type="survivor" free="0" total="917504" percent="0" />
    </mem>
    <mem type="tenure" free="2035075240" total="2088697856" percent="97">
      <mem type="soa" free="1930640552" total="1984263168" percent="97" />
      <mem type="loa" free="104434688" total="104434688" percent="100" />
    </mem>
    <remembered-set count="278" />
  </mem-info>
</gc-end>
<cycle-end id="4289" type="scavenge" contextid="4283" timestamp="2019-06-16T18:48:47.400" />
  <attribute name="elasticGC enabled" value="1" />
  <attribute name= "numThreadsSpecified" value="4" />
  <attribute name="heapSize specified" value="9830400" />
  <attribute name="Current GC Util" value="19" />
  <attribute name= "Current Time Running" value="5271" />
  <attribute name ="GC Interval" value="200" />
  <attribute name="ProportionalT" value="-1.000000" />
  <attribute name="ProportionalI" value="-1.000000" />
  <attribute name="ProportionalH" value="-1.000000" />
  <attribute name="Current Error" value="-1.000000" />
  <attribute name="IntegralT" value="-9.000000" />
  <attribute name="IntegralI" value="-9.000000" />
  <attribute name="IntegralH" value="-9.000000" />
  <attribute name="DerivativeT" value="-1.833333" />
  <attribute name="DerivativeI" value="-1.833333" />
  <attribute name="DerivativeH" value="-1.833333" />
  <attribute name="Loop Time for DT" value="9.000000" />
  <attribute name="Output H" value="2092630016"/>
  <attribute name="Output I" value="200"/>
  <attribute name="Output T" value="4"/>
  <attribute name="Target GC Util Change" value ="20.000000" />
  <attribute name="Current GC Util Change" value="19.000000"/>
  <attribute name="GC Util currently" value="19" />
  <attribute name="CPU Util currently" value="547518899558" />
<allocation-satisfied id="4290" threadId="0000000000A79C00" bytesRequested="24" />
<af-end id="4291" timestamp="2019-06-16T18:48:47.401" threadId="0000000000A7A588" success="true" from="nursery"/>
<exclusive-end id="4292" timestamp="2019-06-16T18:48:47.401" durationms="1.810" />

<exclusive-start id="4293" timestamp="2019-06-16T18:48:47.403" intervalms="3.916">
  <response-info timems="0.032" idlems="0.032" threads="0" lastid="0000000000A7D800" lastname="PmdThread 2" />
</exclusive-start>
<af-start id="4294" threadId="0000000000A7E188" totalBytesRequested="96" timestamp="2019-06-16T18:48:47.403" intervalms="3.796" type="nursery" />
<cycle-start id="4295" type="scavenge" contextid="0" timestamp="2019-06-16T18:48:47.403" intervalms="3.846" />
<gc-start id="4296" type="scavenge" contextid="4295" timestamp="2019-06-16T18:48:47.403">
  <mem-info id="4297" free="2035074928" total="2092630016" percent="97">
    <mem type="nursery" free="0" total="3932160" percent="0">
      <mem type="allocate" free="0" total="3014656" percent="0" />
      <mem type="survivor" free="0" total="917504" percent="0" />
    </mem>
    <mem type="tenure" free="2035074928" total="2088697856" percent="97">
      <mem type="soa" free="1930640240" total="1984263168" percent="97" />
      <mem type="loa" free="104434688" total="104434688" percent="100" />
    </mem>
    <remembered-set count="297" />
  </mem-info>
</gc-start>
<allocation-stats totalBytes="2268424" >
  <allocated-bytes non-tlh="336" tlh="2268088" />
  <largest-consumer threadName="PmdThread 1" threadId="0000000000A79C00" bytes="1654160" />
</allocation-stats>
<gc-op id="4298" type="scavenge" timems="2.284" contextid="4295" timestamp="2019-06-16T18:48:47.406">
  <scavenger-info tenureage="4" tenuremask="7ff0" tiltratio="76" />
  <memory-copied type="nursery" objects="6990" bytes="558720" bytesdiscarded="105616" />
  <memory-copied type="tenure" objects="1045" bytes="35488" bytesdiscarded="16" />
  <references type="weak" candidates="27" cleared="26" enqueued="25" />
  <references type="phantom" candidates="3" cleared="3" enqueued="3" />
</gc-op>
<gc-end id="4299" type="scavenge" contextid="4295" durationms="2.598" usertimems="8.000" systemtimems="0.000" timestamp="2019-06-16T18:48:47.406" activeThreads="4">
  <mem-info id="4300" free="2037385976" total="2092630016" percent="97">
    <mem type="nursery" free="2350216" total="3932160" percent="59">
      <mem type="allocate" free="2350216" total="3014656" percent="77" />
      <mem type="survivor" free="0" total="917504" percent="0" />
    </mem>
    <mem type="tenure" free="2035035760" total="2088697856" percent="97">
      <mem type="soa" free="1930601072" total="1984263168" percent="97" />
      <mem type="loa" free="104434688" total="104434688" percent="100" />
    </mem>
    <pending-finalizers system="0" default="0" reference="28" classloader="0" />
    <remembered-set count="172" />
  </mem-info>
</gc-end>
<cycle-end id="4301" type="scavenge" contextid="4295" timestamp="2019-06-16T18:48:47.406" />
  <attribute name="elasticGC enabled" value="1" />
  <attribute name= "numThreadsSpecified" value="4" />
  <attribute name="heapSize specified" value="9830400" />
  <attribute name="Current GC Util" value="42" />
  <attribute name= "Current Time Running" value="5275" />
  <attribute name ="GC Interval" value="200" />
  <attribute name="ProportionalT" value="22.000000" />
  <attribute name="ProportionalI" value="22.000000" />
  <attribute name="ProportionalH" value="22.000000" />
  <attribute name="Current Error" value="22.000000" />
  <attribute name="IntegralT" value="88.000000" />
  <attribute name="IntegralI" value="88.000000" />
  <attribute name="IntegralH" value="88.000000" />
  <attribute name="DerivativeT" value="2.750000" />
  <attribute name="DerivativeI" value="2.750000" />
  <attribute name="DerivativeH" value="2.750000" />
  <attribute name="Loop Time for DT" value="4.000000" />
  <attribute name="Output H" value="8388608"/>
  <attribute name="Output I" value="200"/>
  <attribute name="Output T" value="4"/>
  <attribute name="Target GC Util Change" value ="20.000000" />
  <attribute name="Current GC Util Change" value="42.000000"/>
  <attribute name="GC Util currently" value="42" />
  <attribute name="CPU Util currently" value="1195325985393" />
<allocation-satisfied id="4302" threadId="0000000000A7D800" bytesRequested="96" />
<af-end id="4303" timestamp="2019-06-16T18:48:47.406" threadId="0000000000A7E188" success="true" from="nursery"/>
<exclusive-end id="4304" timestamp="2019-06-16T18:48:47.406" durationms="3.277" />

<exclusive-start id="4305" timestamp="2019-06-16T18:48:47.410" intervalms="6.936">
  <response-info timems="0.102" idlems="0.102" threads="0" lastid="0000000000A79C00" lastname="PmdThread 1" />
</exclusive-start>
<af-start id="4306" threadId="0000000000A7A588" totalBytesRequested="48" timestamp="2019-06-16T18:48:47.410" intervalms="7.019" type="nursery" />
<cycle-start id="4307" type="scavenge" contextid="0" timestamp="2019-06-16T18:48:47.410" intervalms="7.001" />
<gc-start id="4308" type="scavenge" contextid="4307" timestamp="2019-06-16T18:48:47.410">
  <mem-info id="4309" free="2035035536" total="2092630016" percent="97">
    <mem type="nursery" free="0" total="3932160" percent="0">
      <mem type="allocate" free="0" total="3014656" percent="0" />
      <mem type="survivor" free="0" total="917504" percent="0" />
    </mem>
    <mem type="tenure" free="2035035536" total="2088697856" percent="97">
      <mem type="soa" free="1930600848" total="1984263168" percent="97" />
      <mem type="loa" free="104434688" total="104434688" percent="100" />
    </mem>
    <remembered-set count="180" />
  </mem-info>
</gc-start>
<allocation-stats totalBytes="2338536" >
  <allocated-bytes non-tlh="33104" tlh="2305432" />
  <largest-consumer threadName="PmdThread 1" threadId="0000000000A79C00" bytes="2181944" />
</allocation-stats>
<gc-op id="4310" type="scavenge" timems="0.500" contextid="4307" timestamp="2019-06-16T18:48:47.411">
  <scavenger-info tenureage="4" tenuremask="7ff0" tiltratio="76" />
  <memory-copied type="nursery" objects="5870" bytes="509864" bytesdiscarded="118296" />
  <memory-copied type="tenure" objects="1418" bytes="106896" bytesdiscarded="0" />
  <references type="weak" candidates="2" cleared="1" enqueued="1" />
  <references type="phantom" candidates="1" cleared="0" enqueued="0" />
</gc-op>
<gc-end id="4311" type="scavenge" contextid="4307" durationms="0.870" usertimems="0.000" systemtimems="0.000" timestamp="2019-06-16T18:48:47.411" activeThreads="4">
  <mem-info id="4312" free="2037337696" total="2092630016" percent="97">
    <mem type="nursery" free="2451952" total="3932160" percent="62">
      <mem type="allocate" free="2451952" total="3080192" percent="79" />
      <mem type="survivor" free="0" total="851968" percent="0" />
    </mem>
    <mem type="tenure" free="2034885744" total="2088697856" percent="97">
      <mem type="soa" free="1930451056" total="1984263168" percent="97" />
      <mem type="loa" free="104434688" total="104434688" percent="100" />
    </mem>
    <pending-finalizers system="0" default="0" reference="1" classloader="0" />
    <remembered-set count="126" />
  </mem-info>
</gc-end>
<cycle-end id="4313" type="scavenge" contextid="4307" timestamp="2019-06-16T18:48:47.411" />
  <attribute name="elasticGC enabled" value="1" />
  <attribute name= "numThreadsSpecified" value="4" />
  <attribute name="heapSize specified" value="9830400" />
  <attribute name="Current GC Util" value="66" />
  <attribute name= "Current Time Running" value="5282" />
  <attribute name ="GC Interval" value="376" />
  <attribute name="ProportionalT" value="46.000000" />
  <attribute name="ProportionalI" value="46.000000" />
  <attribute name="ProportionalH" value="46.000000" />
  <attribute name="Current Error" value="46.000000" />
  <attribute name="IntegralT" value="322.000000" />
  <attribute name="IntegralI" value="322.000000" />
  <attribute name="IntegralH" value="322.000000" />
  <attribute name="DerivativeT" value="1.714286" />
  <attribute name="DerivativeI" value="1.714286" />
  <attribute name="DerivativeH" value="1.714286" />
  <attribute name="Loop Time for DT" value="7.000000" />
  <attribute name="Output H" value="8388608"/>
  <attribute name="Output I" value="376"/>
  <attribute name="Output T" value="4"/>
  <attribute name="Target GC Util Change" value ="20.000000" />
  <attribute name="Current GC Util Change" value="66.000000"/>
  <attribute name="GC Util currently" value="66" />
  <attribute name="CPU Util currently" value="651278848632" />
<allocation-satisfied id="4314" threadId="0000000000A79C00" bytesRequested="48" />
<af-end id="4315" timestamp="2019-06-16T18:48:47.411" threadId="0000000000A7A588" success="true" from="nursery"/>
<exclusive-end id="4316" timestamp="2019-06-16T18:48:47.411" durationms="1.611" />

<exclusive-start id="4317" timestamp="2019-06-16T18:48:47.415" intervalms="5.216">
  <response-info timems="0.035" idlems="0.035" threads="0" lastid="0000000000A79C00" lastname="PmdThread 1" />
</exclusive-start>
<af-start id="4318" threadId="0000000000A7A588" totalBytesRequested="24" timestamp="2019-06-16T18:48:47.415" intervalms="5.181" type="nursery" />
<cycle-start id="4319" type="scavenge" contextid="0" timestamp="2019-06-16T18:48:47.415" intervalms="5.106" />
<gc-start id="4320" type="scavenge" contextid="4319" timestamp="2019-06-16T18:48:47.415">
  <mem-info id="4321" free="2034885328" total="2092630016" percent="97">
    <mem type="nursery" free="0" total="3932160" percent="0">
      <mem type="allocate" free="0" total="3080192" percent="0" />
      <mem type="survivor" free="0" total="851968" percent="0" />
    </mem>
    <mem type="tenure" free="2034885328" total="2088697856" percent="97">
      <mem type="soa" free="1930450640" total="1984263168" percent="97" />
      <mem type="loa" free="104434688" total="104434688" percent="100" />
    </mem>
    <remembered-set count="151" />
  </mem-info>
</gc-start>
<allocation-stats totalBytes="2452136" >
  <allocated-bytes non-tlh="16856" tlh="2435280" />
  <largest-consumer threadName="PmdThread 1" threadId="0000000000A79C00" bytes="2029912" />
</allocation-stats>
<gc-op id="4322" type="scavenge" timems="0.599" contextid="4319" timestamp="2019-06-16T18:48:47.416">
  <scavenger-info tenureage="3" tenuremask="7ff8" tiltratio="78" />
  <memory-copied type="nursery" objects="1696" bytes="177128" bytesdiscarded="335888" />
  <memory-copied type="tenure" objects="4347" bytes="280352" bytesdiscarded="504" />
  <references type="weak" candidates="17" cleared="17" enqueued="17" />
  <references type="phantom" candidates="3" cleared="3" enqueued="3" />
</gc-op>
<gc-end id="4323" type="scavenge" contextid="4319" durationms="0.829" usertimems="4.000" systemtimems="0.000" timestamp="2019-06-16T18:48:47.416" activeThreads="4">
  <mem-info id="4324" free="2037260472" total="2092630016" percent="97">
    <mem type="nursery" free="2632424" total="3932160" percent="66">
      <mem type="allocate" free="2632424" total="3145728" percent="83" />
      <mem type="survivor" free="0" total="786432" percent="0" />
    </mem>
    <mem type="tenure" free="2034628048" total="2088697856" percent="97">
      <mem type="soa" free="1930193360" total="1984263168" percent="97" />
      <mem type="loa" free="104434688" total="104434688" percent="100" />
    </mem>
    <pending-finalizers system="0" default="0" reference="20" classloader="0" />
    <remembered-set count="149" />
  </mem-info>
</gc-end>
<cycle-end id="4325" type="scavenge" contextid="4319" timestamp="2019-06-16T18:48:47.416" />
  <attribute name="elasticGC enabled" value="1" />
  <attribute name= "numThreadsSpecified" value="4" />
  <attribute name="heapSize specified" value="9830400" />
  <attribute name="Current GC Util" value="27" />
  <attribute name= "Current Time Running" value="5287" />
  <attribute name ="GC Interval" value="200" />
  <attribute name="ProportionalT" value="7.000000" />
  <attribute name="ProportionalI" value="7.000000" />
  <attribute name="ProportionalH" value="7.000000" />
  <attribute name="Current Error" value="7.000000" />
  <attribute name="IntegralT" value="35.000000" />
  <attribute name="IntegralI" value="35.000000" />
  <attribute name="IntegralH" value="35.000000" />
  <attribute name="DerivativeT" value="-3.900000" />
  <attribute name="DerivativeI" value="-3.900000" />
  <attribute name="DerivativeH" value="-3.900000" />
  <attribute name="Loop Time for DT" value="5.000000" />
  <attribute name="Output H" value="8388608"/>
  <attribute name="Output I" value="200"/>
  <attribute name="Output T" value="4"/>
  <attribute name="Target GC Util Change" value ="20.000000" />
  <attribute name="Current GC Util Change" value="27.000000"/>
  <attribute name="GC Util currently" value="27" />
  <attribute name="CPU Util currently" value="937987137904" />
<allocation-satisfied id="4326" threadId="0000000000A79C00" bytesRequested="24" />
<af-end id="4327" timestamp="2019-06-16T18:48:47.416" threadId="0000000000A7A588" success="true" from="nursery"/>
<exclusive-end id="4328" timestamp="2019-06-16T18:48:47.416" durationms="1.539" />

<exclusive-start id="4329" timestamp="2019-06-16T18:48:47.422" intervalms="7.028">
  <response-info timems="0.098" idlems="0.098" threads="0" lastid="0000000000A79C00" lastname="PmdThread 1" />
</exclusive-start>
<af-start id="4330" threadId="0000000000A7A588" totalBytesRequested="24" timestamp="2019-06-16T18:48:47.422" intervalms="7.015" type="nursery" />
<cycle-start id="4331" type="scavenge" contextid="0" timestamp="2019-06-16T18:48:47.422" intervalms="7.044" />
<gc-start id="4332" type="scavenge" contextid="4331" timestamp="2019-06-16T18:48:47.422">
  <mem-info id="4333" free="2034627824" total="2092630016" percent="97">
    <mem type="nursery" free="0" total="3932160" percent="0">
      <mem type="allocate" free="0" total="3145728" percent="0" />
      <mem type="survivor" free="0" total="786432" percent="0" />
    </mem>
    <mem type="tenure" free="2034627824" total="2088697856" percent="97">
      <mem type="soa" free="1930193136" total="1984263168" percent="97" />
      <mem type="loa" free="104434688" total="104434688" percent="100" />
    </mem>
    <remembered-set count="211" />
  </mem-info>
</gc-start>
<allocation-stats totalBytes="2630464" >
  <allocated-bytes non-tlh="33032" tlh="2597432" />
  <largest-consumer threadName="PmdThread 4" threadId="0000000000A85000" bytes="814744" />
</allocation-stats>
<gc-op id="4334" type="scavenge" timems="1.215" contextid="4331" timestamp="2019-06-16T18:48:47.424">
  <scavenger-info tenureage="5" tenuremask="7fe0" tiltratio="80" />
  <memory-copied type="nursery" objects="11735" bytes="732904" bytesdiscarded="6392" />
  <references type="weak" candidates="26" cleared="25" enqueued="25" />
  <references type="phantom" candidates="1" cleared="0" enqueued="0" />
</gc-op>
<gc-end id="4335" type="scavenge" contextid="4331" durationms="1.463" usertimems="0.000" systemtimems="0.000" timestamp="2019-06-16T18:48:47.424" activeThreads="1">
  <mem-info id="4336" free="2036509904" total="2092630016" percent="97">
    <mem type="nursery" free="1882080" total="3932160" percent="47">
      <mem type="allocate" free="1882080" total="2621440" percent="71" />
      <mem type="survivor" free="0" total="1310720" percent="0" />
    </mem>
    <mem type="tenure" free="2034627824" total="2088697856" percent="97">
      <mem type="soa" free="1930193136" total="1984263168" percent="97" />
      <mem type="loa" free="104434688" total="104434688" percent="100" />
    </mem>
    <pending-finalizers system="0" default="0" reference="25" classloader="0" />
    <remembered-set count="152" />
  </mem-info>
</gc-end>
<cycle-end id="4337" type="scavenge" contextid="4331" timestamp="2019-06-16T18:48:47.424" />
  <attribute name="elasticGC enabled" value="1" />
  <attribute name= "numThreadsSpecified" value="1" />
  <attribute name="heapSize specified" value="9830400" />
  <attribute name="Current GC Util" value="20" />
  <attribute name= "Current Time Running" value="5294" />
  <attribute name ="GC Interval" value="200" />
  <attribute name="ProportionalT" value="0.000000" />
  <attribute name="ProportionalI" value="0.000000" />
  <attribute name="ProportionalH" value="0.000000" />
  <attribute name="Current Error" value="0.000000" />
  <attribute name="IntegralT" value="0.000000" />
  <attribute name="IntegralI" value="0.000000" />
  <attribute name="IntegralH" value="0.000000" />
  <attribute name="DerivativeT" value="-0.500000" />
  <attribute name="DerivativeI" value="-0.500000" />
  <attribute name="DerivativeH" value="-0.500000" />
  <attribute name="Loop Time for DT" value="7.000000" />
  <attribute name="Output H" value="8388608"/>
  <attribute name="Output I" value="200"/>
  <attribute name="Output T" value="1"/>
  <attribute name="Target GC Util Change" value ="20.000000" />
  <attribute name="Current GC Util Change" value="20.000000"/>
  <attribute name="GC Util currently" value="20" />
  <attribute name="CPU Util currently" value="651584996407" />
<allocation-satisfied id="4338" threadId="0000000000A79C00" bytesRequested="24" />
<af-end id="4339" timestamp="2019-06-16T18:48:47.424" threadId="0000000000A7A588" success="true" from="nursery"/>
<exclusive-end id="4340" timestamp="2019-06-16T18:48:47.424" durationms="2.204" />

<exclusive-start id="4341" timestamp="2019-06-16T18:48:47.430" intervalms="8.025">
  <response-info timems="0.180" idlems="0.180" threads="0" lastid="0000000000A79C00" lastname="PmdThread 1" />
</exclusive-start>
<af-start id="4342" threadId="0000000000A7A588" totalBytesRequested="24" timestamp="2019-06-16T18:48:47.430" intervalms="8.044" type="nursery" />
<cycle-start id="4343" type="scavenge" contextid="0" timestamp="2019-06-16T18:48:47.430" intervalms="8.016" />
<gc-start id="4344" type="scavenge" contextid="4343" timestamp="2019-06-16T18:48:47.430">
  <mem-info id="4345" free="2034627608" total="2092630016" percent="97">
    <mem type="nursery" free="0" total="3932160" percent="0">
      <mem type="allocate" free="0" total="2621440" percent="0" />
      <mem type="survivor" free="0" total="1310720" percent="0" />
    </mem>
    <mem type="tenure" free="2034627608" total="2088697856" percent="97">
      <mem type="soa" free="1930192920" total="1984263168" percent="97" />
      <mem type="loa" free="104434688" total="104434688" percent="100" />
    </mem>
    <remembered-set count="182" />
  </mem-info>
</gc-start>
<allocation-stats totalBytes="1881216" >
  <allocated-bytes non-tlh="240" tlh="1880976" />
  <largest-consumer threadName="PmdThread 3" threadId="0000000000A81400" bytes="675672" />
</allocation-stats>
<gc-op id="4346" type="scavenge" timems="0.759" contextid="4343" timestamp="2019-06-16T18:48:47.431">
  <scavenger-info tenureage="3" tenuremask="7fe8" tiltratio="66" />
  <memory-copied type="nursery" objects="11818" bytes="672352" bytesdiscarded="190944" />
  <memory-copied type="tenure" objects="7" bytes="272" bytesdiscarded="0" />
  <references type="weak" candidates="25" cleared="25" enqueued="25" />
  <references type="phantom" candidates="3" cleared="3" enqueued="3" />
</gc-op>
<gc-end id="4347" type="scavenge" contextid="4343" durationms="0.979" usertimems="0.000" systemtimems="4.000" timestamp="2019-06-16T18:48:47.431" activeThreads="4">
  <mem-info id="4348" free="2036514296" total="2092630016" percent="97">
    <mem type="nursery" free="1886688" total="3932160" percent="47">
      <mem type="allocate" free="1886688" total="2752512" percent="68" />
      <mem type="survivor" free="0" total="1179648" percent="0" />
    </mem>
    <mem type="tenure" free="2034627608" total="2088697856" percent="97">
      <mem type="soa" free="1930192920" total="1984263168" percent="97" />
      <mem type="loa" free="104434688" total="104434688" percent="100" />
    </mem>
    <pending-finalizers system="0" default="0" reference="28" classloader="0" />
    <remembered-set count="157" />
  </mem-info>
</gc-end>
<cycle-end id="4349" type="scavenge" contextid="4343" timestamp="2019-06-16T18:48:47.431" />
  <attribute name="elasticGC enabled" value="1" />
  <attribute name= "numThreadsSpecified" value="4" />
  <attribute name="heapSize specified" value="9830400" />
  <attribute name="Current GC Util" value="18" />
  <attribute name= "Current Time Running" value="5302" />
  <attribute name ="GC Interval" value="200" />
  <attribute name="ProportionalT" value="-2.000000" />
  <attribute name="ProportionalI" value="-2.000000" />
  <attribute name="ProportionalH" value="-2.000000" />
  <attribute name="Current Error" value="-2.000000" />
  <attribute name="IntegralT" value="-16.000000" />
  <attribute name="IntegralI" value="-16.000000" />
  <attribute name="IntegralH" value="-16.000000" />
  <attribute name="DerivativeT" value="-0.125000" />
  <attribute name="DerivativeI" value="-0.125000" />
  <attribute name="DerivativeH" value="-0.125000" />
  <attribute name="Loop Time for DT" value="8.000000" />
  <attribute name="Output H" value="2092630016"/>
  <attribute name="Output I" value="200"/>
  <attribute name="Output T" value="4"/>
  <attribute name="Target GC Util Change" value ="20.000000" />
  <attribute name="Current GC Util Change" value="18.000000"/>
  <attribute name="GC Util currently" value="18" />
  <attribute name="CPU Util currently" value="574891438682" />
<allocation-satisfied id="4350" threadId="0000000000A79C00" bytesRequested="24" />
<af-end id="4351" timestamp="2019-06-16T18:48:47.432" threadId="0000000000A7A588" success="true" from="nursery"/>
<exclusive-end id="4352" timestamp="2019-06-16T18:48:47.432" durationms="1.640" />

<exclusive-start id="4353" timestamp="2019-06-16T18:48:47.437" intervalms="6.997">
  <response-info timems="0.087" idlems="0.046" threads="1" lastid="0000000000A7D800" lastname="PmdThread 2" />
</exclusive-start>
<af-start id="4354" threadId="0000000000A7A588" totalBytesRequested="16" timestamp="2019-06-16T18:48:47.437" intervalms="7.039" type="nursery" />
<cycle-start id="4355" type="scavenge" contextid="0" timestamp="2019-06-16T18:48:47.437" intervalms="7.104" />
<gc-start id="4356" type="scavenge" contextid="4355" timestamp="2019-06-16T18:48:47.437">
  <mem-info id="4357" free="2034627168" total="2092630016" percent="97">
    <mem type="nursery" free="0" total="3932160" percent="0">
      <mem type="allocate" free="0" total="2752512" percent="0" />
      <mem type="survivor" free="0" total="1179648" percent="0" />
    </mem>
    <mem type="tenure" free="2034627168" total="2088697856" percent="97">
      <mem type="soa" free="1930192480" total="1984263168" percent="97" />
      <mem type="loa" free="104434688" total="104434688" percent="100" />
    </mem>
    <remembered-set count="171" />
  </mem-info>
</gc-start>
<allocation-stats totalBytes="1886768" >
  <allocated-bytes non-tlh="464" tlh="1886304" />
  <largest-consumer threadName="PmdThread 1" threadId="0000000000A79C00" bytes="1186072" />
</allocation-stats>
<gc-op id="4358" type="scavenge" timems="0.934" contextid="4355" timestamp="2019-06-16T18:48:47.439">
  <scavenger-info tenureage="5" tenuremask="7fe0" tiltratio="70" />
  <memory-copied type="nursery" objects="15446" bytes="906368" bytesdiscarded="127040" />
  <memory-copied type="tenure" objects="114" bytes="3544" bytesdiscarded="0" />
  <references type="weak" candidates="2" cleared="1" enqueued="1" />
  <references type="phantom" candidates="2" cleared="1" enqueued="1" />
</gc-op>
<gc-end id="4359" type="scavenge" contextid="4355" durationms="1.339" usertimems="0.000" systemtimems="0.000" timestamp="2019-06-16T18:48:47.439" activeThreads="4">
  <mem-info id="4360" free="2036280640" total="2092630016" percent="97">
    <mem type="nursery" free="1653472" total="3932160" percent="42">
      <mem type="allocate" free="1653472" total="2686976" percent="61" />
      <mem type="survivor" free="0" total="1245184" percent="0" />
    </mem>
    <mem type="tenure" free="2034627168" total="2088697856" percent="97">
      <mem type="soa" free="1930192480" total="1984263168" percent="97" />
      <mem type="loa" free="104434688" total="104434688" percent="100" />
    </mem>
    <pending-finalizers system="0" default="0" reference="2" classloader="0" />
    <remembered-set count="149" />
  </mem-info>
</gc-end>
<cycle-end id="4361" type="scavenge" contextid="4355" timestamp="2019-06-16T18:48:47.439" />
  <attribute name="elasticGC enabled" value="1" />
  <attribute name= "numThreadsSpecified" value="4" />
  <attribute name="heapSize specified" value="9830400" />
  <attribute name="Current GC Util" value="22" />
  <attribute name= "Current Time Running" value="5309" />
  <attribute name ="GC Interval" value="200" />
  <attribute name="ProportionalT" value="2.000000" />
  <attribute name="ProportionalI" value="2.000000" />
  <attribute name="ProportionalH" value="2.000000" />
  <attribute name="Current Error" value="2.000000" />
  <attribute name="IntegralT" value="14.000000" />
  <attribute name="IntegralI" value="14.000000" />
  <attribute name="IntegralH" value="14.000000" />
  <attribute name="DerivativeT" value="0.142857" />
  <attribute name="DerivativeI" value="0.142857" />
  <attribute name="DerivativeH" value="0.142857" />
  <attribute name="Loop Time for DT" value="7.000000" />
  <attribute name="Output H" value="8388608"/>
  <attribute name="Output I" value="200"/>
  <attribute name="Output T" value="4"/>
  <attribute name="Target GC Util Change" value ="20.000000" />
  <attribute name="Current GC Util Change" value="22.000000"/>
  <attribute name="GC Util currently" value="22" />
  <attribute name="CPU Util currently" value="630047553030" />
<allocation-satisfied id="4362" threadId="0000000000A79C00" bytesRequested="16" />
<af-end id="4363" timestamp="2019-06-16T18:48:47.439" threadId="0000000000A7A588" success="true" from="nursery"/>
<exclusive-end id="4364" timestamp="2019-06-16T18:48:47.439" durationms="2.087" />

<exclusive-start id="4365" timestamp="2019-06-16T18:48:47.444" intervalms="6.764">
  <response-info timems="0.036" idlems="0.036" threads="0" lastid="0000000000A7D800" lastname="PmdThread 2" />
</exclusive-start>
<af-start id="4366" threadId="0000000000A7E188" totalBytesRequested="8200" timestamp="2019-06-16T18:48:47.444" intervalms="6.676" type="nursery" />
<cycle-start id="4367" type="scavenge" contextid="0" timestamp="2019-06-16T18:48:47.444" intervalms="6.605" />
<gc-start id="4368" type="scavenge" contextid="4367" timestamp="2019-06-16T18:48:47.444">
  <mem-info id="4369" free="2034627168" total="2092630016" percent="97">
    <mem type="nursery" free="0" total="3932160" percent="0">
      <mem type="allocate" free="0" total="2686976" percent="0" />
      <mem type="survivor" free="0" total="1245184" percent="0" />
    </mem>
    <mem type="tenure" free="2034627168" total="2088697856" percent="97">
      <mem type="soa" free="1930192480" total="1984263168" percent="97" />
      <mem type="loa" free="104434688" total="104434688" percent="100" />
    </mem>
    <remembered-set count="171" />
  </mem-info>
</gc-start>
<allocation-stats totalBytes="1640536" >
  <allocated-bytes non-tlh="16" tlh="1640520" />
  <largest-consumer threadName="PmdThread 4" threadId="0000000000A85000" bytes="904648" />
</allocation-stats>
<gc-op id="4370" type="scavenge" timems="1.548" contextid="4367" timestamp="2019-06-16T18:48:47.446">
  <scavenger-info tenureage="4" tenuremask="7ff0" tiltratio="68" />
  <memory-copied type="nursery" objects="9816" bytes="652416" bytesdiscarded="160808" />
  <memory-copied type="tenure" objects="47" bytes="1448" bytesdiscarded="0" />
  <references type="weak" candidates="41" cleared="41" enqueued="41" />
  <references type="phantom" candidates="3" cleared="1" enqueued="1" />
</gc-op>
<gc-end id="4371" type="scavenge" contextid="4367" durationms="1.783" usertimems="0.000" systemtimems="4.000" timestamp="2019-06-16T18:48:47.446" activeThreads="4">
  <mem-info id="4372" free="2036561680" total="2092630016" percent="97">
    <mem type="nursery" free="1934512" total="3932160" percent="49">
      <mem type="allocate" free="1934512" total="2752512" percent="70" />
      <mem type="survivor" free="0" total="1179648" percent="0" />
    </mem>
    <mem type="tenure" free="2034627168" total="2088697856" percent="97">
      <mem type="soa" free="1930192480" total="1984263168" percent="97" />
      <mem type="loa" free="104434688" total="104434688" percent="100" />
    </mem>
    <pending-finalizers system="0" default="0" reference="42" classloader="0" />
    <remembered-set count="156" />
  </mem-info>
</gc-end>
<cycle-end id="4373" type="scavenge" contextid="4367" timestamp="2019-06-16T18:48:47.446" />
  <attribute name="elasticGC enabled" value="1" />
  <attribute name= "numThreadsSpecified" value="4" />
  <attribute name="heapSize specified" value="9830400" />
  <attribute name="Current GC Util" value="31" />
  <attribute name= "Current Time Running" value="5315" />
  <attribute name ="GC Interval" value="200" />
  <attribute name="ProportionalT" value="11.000000" />
  <attribute name="ProportionalI" value="11.000000" />
  <attribute name="ProportionalH" value="11.000000" />
  <attribute name="Current Error" value="11.000000" />
  <attribute name="IntegralT" value="66.000000" />
  <attribute name="IntegralI" value="66.000000" />
  <attribute name="IntegralH" value="66.000000" />
  <attribute name="DerivativeT" value="0.750000" />
  <attribute name="DerivativeI" value="0.750000" />
  <attribute name="DerivativeH" value="0.750000" />
  <attribute name="Loop Time for DT" value="6.000000" />
  <attribute name="Output H" value="8388608"/>
  <attribute name="Output I" value="200"/>
  <attribute name="Output T" value="4"/>
  <attribute name="Target GC Util Change" value ="20.000000" />
  <attribute name="Current GC Util Change" value="31.000000"/>
  <attribute name="GC Util currently" value="31" />
  <attribute name="CPU Util currently" value="727558565408" />
<allocation-satisfied id="4374" threadId="0000000000A7D800" bytesRequested="8200" />
<af-end id="4375" timestamp="2019-06-16T18:48:47.446" threadId="0000000000A7E188" success="true" from="nursery"/>
<exclusive-end id="4376" timestamp="2019-06-16T18:48:47.446" durationms="2.229" />

<exclusive-start id="4377" timestamp="2019-06-16T18:48:47.451" intervalms="6.842">
  <response-info timems="0.051" idlems="0.051" threads="0" lastid="0000000000A7D800" lastname="PmdThread 2" />
</exclusive-start>
<af-start id="4378" threadId="0000000000A7E188" totalBytesRequested="24" timestamp="2019-06-16T18:48:47.451" intervalms="6.877" type="nursery" />
<cycle-start id="4379" type="scavenge" contextid="0" timestamp="2019-06-16T18:48:47.451" intervalms="6.895" />
<gc-start id="4380" type="scavenge" contextid="4379" timestamp="2019-06-16T18:48:47.451">
  <mem-info id="4381" free="2034626528" total="2092630016" percent="97">
    <mem type="nursery" free="0" total="3932160" percent="0">
      <mem type="allocate" free="0" total="2752512" percent="0" />
      <mem type="survivor" free="0" total="1179648" percent="0" />
    </mem>
    <mem type="tenure" free="2034626528" total="2088697856" percent="97">
      <mem type="soa" free="1930191840" total="1984263168" percent="97" />
      <mem type="loa" free="104434688" total="104434688" percent="100" />
    </mem>
    <remembered-set count="179" />
  </mem-info>
</gc-start>
<allocation-stats totalBytes="1934240" >
  <allocated-bytes non-tlh="8840" tlh="1925400" />
  <largest-consumer threadName="PmdThread 2" threadId="0000000000A7D800" bytes="877296" />
</allocation-stats>
<gc-op id="4382" type="scavenge" timems="2.308" contextid="4379" timestamp="2019-06-16T18:48:47.453">
  <scavenger-info tenureage="4" tenuremask="7ff0" tiltratio="70" />
  <memory-copied type="nursery" objects="13146" bytes="771408" bytesdiscarded="81816" />
  <memory-copied type="tenure" objects="5266" bytes="257624" bytesdiscarded="704" />
  <references type="weak" candidates="16" cleared="15" enqueued="15" />
  <references type="phantom" candidates="2" cleared="1" enqueued="1" />
</gc-op>
<gc-end id="4383" type="scavenge" contextid="4379" durationms="2.551" usertimems="8.000" systemtimems="0.000" timestamp="2019-06-16T18:48:47.453" activeThreads="4">
  <mem-info id="4384" free="2036296600" total="2092630016" percent="97">
    <mem type="nursery" free="1898696" total="3932160" percent="48">
      <mem type="allocate" free="1898696" total="2752512" percent="68" />
      <mem type="survivor" free="0" total="1179648" percent="0" />
    </mem>
    <mem type="tenure" free="2034397904" total="2088697856" percent="97">
      <mem type="soa" free="1929963216" total="1984263168" percent="97" />
      <mem type="loa" free="104434688" total="104434688" percent="100" />
    </mem>
    <pending-finalizers system="0" default="0" reference="16" classloader="0" />
    <remembered-set count="209" />
  </mem-info>
</gc-end>
<cycle-end id="4385" type="scavenge" contextid="4379" timestamp="2019-06-16T18:48:47.454" />
  <attribute name="elasticGC enabled" value="1" />
  <attribute name= "numThreadsSpecified" value="4" />
  <attribute name="heapSize specified" value="9830400" />
  <attribute name="Current GC Util" value="59" />
  <attribute name= "Current Time Running" value="5322" />
  <attribute name ="GC Interval" value="320" />
  <attribute name="ProportionalT" value="39.000000" />
  <attribute name="ProportionalI" value="39.000000" />
  <attribute name="ProportionalH" value="39.000000" />
  <attribute name="Current Error" value="39.000000" />
  <attribute name="IntegralT" value="273.000000" />
  <attribute name="IntegralI" value="273.000000" />
  <attribute name="IntegralH" value="273.000000" />
  <attribute name="DerivativeT" value="2.000000" />
  <attribute name="DerivativeI" value="2.000000" />
  <attribute name="DerivativeH" value="2.000000" />
  <attribute name="Loop Time for DT" value="7.000000" />
  <attribute name="Output H" value="8388608"/>
  <attribute name="Output I" value="320"/>
  <attribute name="Output T" value="4"/>
  <attribute name="Target GC Util Change" value ="20.000000" />
  <attribute name="Current GC Util Change" value="59.000000"/>
  <attribute name="GC Util currently" value="59" />
  <attribute name="CPU Util currently" value="663957767027" />
<allocation-satisfied id="4386" threadId="0000000000A7D800" bytesRequested="24" />
<af-end id="4387" timestamp="2019-06-16T18:48:47.454" threadId="0000000000A7E188" success="true" from="nursery"/>
<exclusive-end id="4388" timestamp="2019-06-16T18:48:47.454" durationms="3.277" />

<exclusive-start id="4389" timestamp="2019-06-16T18:48:47.458" intervalms="7.338">
  <response-info timems="0.062" idlems="0.062" threads="0" lastid="0000000000A7D800" lastname="PmdThread 2" />
</exclusive-start>
<af-start id="4390" threadId="0000000000A7E188" totalBytesRequested="16392" timestamp="2019-06-16T18:48:47.458" intervalms="7.323" type="nursery" />
<cycle-start id="4391" type="scavenge" contextid="0" timestamp="2019-06-16T18:48:47.458" intervalms="7.326" />
<gc-start id="4392" type="scavenge" contextid="4391" timestamp="2019-06-16T18:48:47.458">
  <mem-info id="4393" free="2034397904" total="2092630016" percent="97">
    <mem type="nursery" free="0" total="3932160" percent="0">
      <mem type="allocate" free="0" total="2752512" percent="0" />
      <mem type="survivor" free="0" total="1179648" percent="0" />
    </mem>
    <mem type="tenure" free="2034397904" total="2088697856" percent="97">
      <mem type="soa" free="1929963216" total="1984263168" percent="97" />
      <mem type="loa" free="104434688" total="104434688" percent="100" />
    </mem>
    <remembered-set count="231" />
  </mem-info>
</gc-start>
<allocation-stats totalBytes="1877616" >
  <allocated-bytes non-tlh="24" tlh="1877592" />
  <largest-consumer threadName="PmdThread 3" threadId="0000000000A81400" bytes="1052016" />
</allocation-stats>
<gc-op id="4394" type="scavenge" timems="2.178" contextid="4391" timestamp="2019-06-16T18:48:47.460">
  <scavenger-info tenureage="4" tenuremask="7ff0" tiltratio="70" />
  <memory-copied type="nursery" objects="11786" bytes="711000" bytesdiscarded="104104" />
  <memory-copied type="tenure" objects="204" bytes="6384" bytesdiscarded="0" />
  <references type="weak" candidates="44" cleared="44" enqueued="44" />
  <references type="phantom" candidates="5" cleared="4" enqueued="4" />
</gc-op>
<gc-end id="4395" type="scavenge" contextid="4391" durationms="2.389" usertimems="4.000" systemtimems="0.000" timestamp="2019-06-16T18:48:47.461" activeThreads="4">
  <mem-info id="4396" free="2036396912" total="2092630016" percent="97">
    <mem type="nursery" free="1999008" total="3932160" percent="50">
      <mem type="allocate" free="1999008" total="2818048" percent="70" />
      <mem type="survivor" free="0" total="1114112" percent="0" />
    </mem>
    <mem type="tenure" free="2034397904" total="2088697856" percent="97">
      <mem type="soa" free="1929963216" total="1984263168" percent="97" />
      <mem type="loa" free="104434688" total="104434688" percent="100" />
    </mem>
    <pending-finalizers system="0" default="0" reference="48" classloader="0" />
    <remembered-set count="160" />
  </mem-info>
</gc-end>
<cycle-end id="4397" type="scavenge" contextid="4391" timestamp="2019-06-16T18:48:47.461" />
  <attribute name="elasticGC enabled" value="1" />
  <attribute name= "numThreadsSpecified" value="4" />
  <attribute name="heapSize specified" value="9830400" />
  <attribute name="Current GC Util" value="64" />
  <attribute name= "Current Time Running" value="5330" />
  <attribute name ="GC Interval" value="400" />
  <attribute name="ProportionalT" value="44.000000" />
  <attribute name="ProportionalI" value="44.000000" />
  <attribute name="ProportionalH" value="44.000000" />
  <attribute name="Current Error" value="44.000000" />
  <attribute name="IntegralT" value="352.000000" />
  <attribute name="IntegralI" value="352.000000" />
  <attribute name="IntegralH" value="352.000000" />
  <attribute name="DerivativeT" value="0.312500" />
  <attribute name="DerivativeI" value="0.312500" />
  <attribute name="DerivativeH" value="0.312500" />
  <attribute name="Loop Time for DT" value="8.000000" />
  <attribute name="Output H" value="8388608"/>
  <attribute name="Output I" value="400"/>
  <attribute name="Output T" value="4"/>
  <attribute name="Target GC Util Change" value ="20.000000" />
  <attribute name="Current GC Util Change" value="64.000000"/>
  <attribute name="GC Util currently" value="64" />
  <attribute name="CPU Util currently" value="628118467556" />
<allocation-satisfied id="4398" threadId="0000000000A7D800" bytesRequested="16392" />
<af-end id="4399" timestamp="2019-06-16T18:48:47.461" threadId="0000000000A7E188" success="true" from="nursery"/>
<exclusive-end id="4400" timestamp="2019-06-16T18:48:47.461" durationms="3.022" />

<exclusive-start id="4401" timestamp="2019-06-16T18:48:47.469" intervalms="11.370">
  <response-info timems="0.192" idlems="0.110" threads="2" lastid="0000000000A79C00" lastname="PmdThread 1" />
</exclusive-start>
<af-start id="4402" threadId="0000000000A85988" totalBytesRequested="16" timestamp="2019-06-16T18:48:47.469" intervalms="11.358" type="nursery" />
<cycle-start id="4403" type="scavenge" contextid="0" timestamp="2019-06-16T18:48:47.469" intervalms="11.324" />
<gc-start id="4404" type="scavenge" contextid="4403" timestamp="2019-06-16T18:48:47.469">
  <mem-info id="4405" free="2034397000" total="2092630016" percent="97">
    <mem type="nursery" free="0" total="3932160" percent="0">
      <mem type="allocate" free="0" total="2818048" percent="0" />
      <mem type="survivor" free="0" total="1114112" percent="0" />
    </mem>
    <mem type="tenure" free="2034397000" total="2088697856" percent="97">
      <mem type="soa" free="1929962312" total="1984263168" percent="97" />
      <mem type="loa" free="104434688" total="104434688" percent="100" />
    </mem>
    <remembered-set count="188" />
  </mem-info>
</gc-start>
<allocation-stats totalBytes="1996936" >
  <allocated-bytes non-tlh="17296" tlh="1979640" />
  <largest-consumer threadName="PmdThread 2" threadId="0000000000A7D800" bytes="835232" />
</allocation-stats>
<gc-op id="4406" type="scavenge" timems="2.139" contextid="4403" timestamp="2019-06-16T18:48:47.472">
  <scavenger-info tenureage="3" tenuremask="7ff8" tiltratio="71" />
  <memory-copied type="nursery" objects="12325" bytes="752392" bytesdiscarded="99056" />
  <memory-copied type="tenure" objects="178" bytes="65416" bytesdiscarded="568" />
  <references type="weak" candidates="28" cleared="27" enqueued="26" />
  <references type="phantom" candidates="5" cleared="4" enqueued="4" />
</gc-op>
<gc-end id="4407" type="scavenge" contextid="4403" durationms="2.355" usertimems="8.000" systemtimems="0.000" timestamp="2019-06-16T18:48:47.472" activeThreads="4">
  <mem-info id="4408" free="2036356376" total="2092630016" percent="97">
    <mem type="nursery" free="2031328" total="3932160" percent="51">
      <mem type="allocate" free="2031328" total="2883584" percent="70" />
      <mem type="survivor" free="0" total="1048576" percent="0" />
    </mem>
    <mem type="tenure" free="2034325048" total="2088697856" percent="97">
      <mem type="soa" free="1929890360" total="1984263168" percent="97" />
      <mem type="loa" free="104434688" total="104434688" percent="100" />
    </mem>
    <pending-finalizers system="0" default="0" reference="30" classloader="0" />
    <remembered-set count="198" />
  </mem-info>
</gc-end>
<cycle-end id="4409" type="scavenge" contextid="4403" timestamp="2019-06-16T18:48:47.472" />
  <attribute name="elasticGC enabled" value="1" />
  <attribute name= "numThreadsSpecified" value="4" />
  <attribute name="heapSize specified" value="9830400" />
  <attribute name="Current GC Util" value="39" />
  <attribute name= "Current Time Running" value="5341" />
  <attribute name ="GC Interval" value="232" />
  <attribute name="ProportionalT" value="19.000000" />
  <attribute name="ProportionalI" value="19.000000" />
  <attribute name="ProportionalH" value="19.000000" />
  <attribute name="Current Error" value="19.000000" />
  <attribute name="IntegralT" value="209.000000" />
  <attribute name="IntegralI" value="209.000000" />
  <attribute name="IntegralH" value="209.000000" />
  <attribute name="DerivativeT" value="-1.136364" />
  <attribute name="DerivativeI" value="-1.136364" />
  <attribute name="DerivativeH" value="-1.136364" />
  <attribute name="Loop Time for DT" value="11.000000" />
  <attribute name="Output H" value="8388608"/>
  <attribute name="Output I" value="232"/>
  <attribute name="Output T" value="4"/>
  <attribute name="Target GC Util Change" value ="20.000000" />
  <attribute name="Current GC Util Change" value="39.000000"/>
  <attribute name="GC Util currently" value="39" />
  <attribute name="CPU Util currently" value="410090695484" />
<allocation-satisfied id="4410" threadId="0000000000A85000" bytesRequested="16" />
<af-end id="4411" timestamp="2019-06-16T18:48:47.472" threadId="0000000000A85988" success="true" from="nursery"/>
<exclusive-end id="4412" timestamp="2019-06-16T18:48:47.472" durationms="2.992" />

<exclusive-start id="4413" timestamp="2019-06-16T18:48:47.479" intervalms="9.663">
  <response-info timems="0.092" idlems="0.092" threads="0" lastid="0000000000A7D800" lastname="PmdThread 2" />
</exclusive-start>
<af-start id="4414" threadId="0000000000A7E188" totalBytesRequested="32" timestamp="2019-06-16T18:48:47.479" intervalms="9.667" type="nursery" />
<cycle-start id="4415" type="scavenge" contextid="0" timestamp="2019-06-16T18:48:47.479" intervalms="9.666" />
<gc-start id="4416" type="scavenge" contextid="4415" timestamp="2019-06-16T18:48:47.479">
  <mem-info id="4417" free="2034323848" total="2092630016" percent="97">
    <mem type="nursery" free="0" total="3932160" percent="0">
      <mem type="allocate" free="0" total="2883584" percent="0" />
      <mem type="survivor" free="0" total="1048576" percent="0" />
    </mem>
    <mem type="tenure" free="2034323848" total="2088697856" percent="97">
      <mem type="soa" free="1929889160" total="1984263168" percent="97" />
      <mem type="loa" free="104434688" total="104434688" percent="100" />
    </mem>
    <remembered-set count="259" />
  </mem-info>
</gc-start>
<allocation-stats totalBytes="2031664" >
  <allocated-bytes non-tlh="1216" tlh="2030448" />
  <largest-consumer threadName="PmdThread 4" threadId="0000000000A85000" bytes="732960" />
</allocation-stats>
<gc-op id="4418" type="scavenge" timems="3.434" contextid="4415" timestamp="2019-06-16T18:48:47.483">
  <scavenger-info tenureage="4" tenuremask="7ff0" tiltratio="73" />
  <memory-copied type="nursery" objects="14551" bytes="940656" bytesdiscarded="105920" />
  <memory-copied type="tenure" objects="1381" bytes="48424" bytesdiscarded="48" />
  <copy-failed type="nursery" objects="1381" bytes="48624" />
  <references type="weak" candidates="32" cleared="31" enqueued="31" />
  <references type="phantom" candidates="5" cleared="4" enqueued="4" />
</gc-op>
<gc-end id="4419" type="scavenge" contextid="4415" durationms="3.619" usertimems="4.000" systemtimems="0.000" timestamp="2019-06-16T18:48:47.483" activeThreads="4">
  <mem-info id="4420" free="2035752840" total="2092630016" percent="97">
    <mem type="nursery" free="1507328" total="3932160" percent="38">
      <mem type="allocate" free="1507328" total="2555904" percent="58" />
      <mem type="survivor" free="0" total="1376256" percent="0" />
    </mem>
    <mem type="tenure" free="2034245512" total="2088697856" percent="97">
      <mem type="soa" free="1929810824" total="1984263168" percent="97" />
      <mem type="loa" free="104434688" total="104434688" percent="100" />
    </mem>
    <pending-finalizers system="0" default="0" reference="35" classloader="0" />
    <remembered-set count="1001" />
  </mem-info>
</gc-end>
<cycle-end id="4421" type="scavenge" contextid="4415" timestamp="2019-06-16T18:48:47.483" />
  <attribute name="elasticGC enabled" value="1" />
  <attribute name= "numThreadsSpecified" value="4" />
  <attribute name="heapSize specified" value="9830400" />
  <attribute name="Current GC Util" value="50" />
  <attribute name= "Current Time Running" value="5351" />
  <attribute name ="GC Interval" value="336" />
  <attribute name="ProportionalT" value="30.000000" />
  <attribute name="ProportionalI" value="30.000000" />
  <attribute name="ProportionalH" value="30.000000" />
  <attribute name="Current Error" value="30.000000" />
  <attribute name="IntegralT" value="300.000000" />
  <attribute name="IntegralI" value="300.000000" />
  <attribute name="IntegralH" value="300.000000" />
  <attribute name="DerivativeT" value="0.550000" />
  <attribute name="DerivativeI" value="0.550000" />
  <attribute name="DerivativeH" value="0.550000" />
  <attribute name="Loop Time for DT" value="10.000000" />
  <attribute name="Output H" value="8388608"/>
  <attribute name="Output I" value="336"/>
  <attribute name="Output T" value="4"/>
  <attribute name="Target GC Util Change" value ="20.000000" />
  <attribute name="Current GC Util Change" value="50.000000"/>
  <attribute name="GC Util currently" value="50" />
  <attribute name="CPU Util currently" value="475477769451" />
<allocation-satisfied id="4422" threadId="0000000000A7D800" bytesRequested="32" />
<af-end id="4423" timestamp="2019-06-16T18:48:47.483" threadId="0000000000A7E188" success="true" from="nursery"/>
<exclusive-end id="4424" timestamp="2019-06-16T18:48:47.483" durationms="4.131" />

<exclusive-start id="4425" timestamp="2019-06-16T18:48:47.488" intervalms="9.002">
  <response-info timems="0.039" idlems="0.028" threads="1" lastid="0000000000A79C00" lastname="PmdThread 1" />
</exclusive-start>
<af-start id="4426" threadId="0000000000A85988" totalBytesRequested="56" timestamp="2019-06-16T18:48:47.488" intervalms="8.996" type="nursery" />
<cycle-start id="4427" type="scavenge" contextid="0" timestamp="2019-06-16T18:48:47.488" intervalms="8.996" />
<gc-start id="4428" type="scavenge" contextid="4427" timestamp="2019-06-16T18:48:47.488">
  <mem-info id="4429" free="2034245424" total="2092630016" percent="97">
    <mem type="nursery" free="0" total="3932160" percent="0">
      <mem type="allocate" free="0" total="2555904" percent="0" />
      <mem type="survivor" free="0" total="1376256" percent="0" />
    </mem>
    <mem type="tenure" free="2034245424" total="2088697856" percent="97">
      <mem type="soa" free="1929810736" total="1984263168" percent="97" />
      <mem type="loa" free="104434688" total="104434688" percent="100" />
    </mem>
    <remembered-set count="1108" />
  </mem-info>
</gc-start>
<allocation-stats totalBytes="1506632" >
  <allocated-bytes non-tlh="120" tlh="1506512" />
  <largest-consumer threadName="PmdThread 4" threadId="0000000000A85000" bytes="621904" />
</allocation-stats>
<gc-op id="4430" type="scavenge" timems="3.322" contextid="4427" timestamp="2019-06-16T18:48:47.492">
  <scavenger-info tenureage="3" tenuremask="7ff8" tiltratio="65" />
  <memory-copied type="nursery" objects="12845" bytes="912648" bytesdiscarded="105896" />
  <memory-copied type="tenure" objects="5669" bytes="296600" bytesdiscarded="88" />
  <references type="weak" candidates="16" cleared="15" enqueued="15" />
  <references type="phantom" candidates="3" cleared="1" enqueued="1" />
</gc-op>
<gc-end id="4431" type="scavenge" contextid="4427" durationms="3.495" usertimems="8.000" systemtimems="0.000" timestamp="2019-06-16T18:48:47.492" activeThreads="4">
  <mem-info id="4432" free="2035588000" total="2092630016" percent="97">
    <mem type="nursery" free="1601928" total="3932160" percent="40">
      <mem type="allocate" free="1601928" total="2621440" percent="61" />
      <mem type="survivor" free="0" total="1310720" percent="0" />
    </mem>
    <mem type="tenure" free="2033986072" total="2088697856" percent="97">
      <mem type="soa" free="1929551384" total="1984263168" percent="97" />
      <mem type="loa" free="104434688" total="104434688" percent="100" />
    </mem>
    <pending-finalizers system="0" default="0" reference="16" classloader="0" />
    <remembered-set count="592" />
  </mem-info>
</gc-end>
<cycle-end id="4433" type="scavenge" contextid="4427" timestamp="2019-06-16T18:48:47.492" />
  <attribute name="elasticGC enabled" value="1" />
  <attribute name= "numThreadsSpecified" value="4" />
  <attribute name="heapSize specified" value="9830400" />
  <attribute name="Current GC Util" value="73" />
  <attribute name= "Current Time Running" value="5360" />
  <attribute name ="GC Interval" value="536" />
  <attribute name="ProportionalT" value="53.000000" />
  <attribute name="ProportionalI" value="53.000000" />
  <attribute name="ProportionalH" value="53.000000" />
  <attribute name="Current Error" value="53.000000" />
  <attribute name="IntegralT" value="477.000000" />
  <attribute name="IntegralI" value="477.000000" />
  <attribute name="IntegralH" value="477.000000" />
  <attribute name="DerivativeT" value="1.277778" />
  <attribute name="DerivativeI" value="1.277778" />
  <attribute name="DerivativeH" value="1.277778" />
  <attribute name="Loop Time for DT" value="9.000000" />
  <attribute name="Output H" value="8388608"/>
  <attribute name="Output I" value="536"/>
  <attribute name="Output T" value="4"/>
  <attribute name="Target GC Util Change" value ="20.000000" />
  <attribute name="Current GC Util Change" value="73.000000"/>
  <attribute name="GC Util currently" value="73" />
  <attribute name="CPU Util currently" value="515558125029" />
<allocation-satisfied id="4434" threadId="0000000000A85000" bytesRequested="56" />
<af-end id="4435" timestamp="2019-06-16T18:48:47.492" threadId="0000000000A85988" success="true" from="nursery"/>
<exclusive-end id="4436" timestamp="2019-06-16T18:48:47.492" durationms="3.897" />

<exclusive-start id="4437" timestamp="2019-06-16T18:48:47.496" intervalms="7.784">
  <response-info timems="0.075" idlems="0.075" threads="0" lastid="0000000000A7D800" lastname="PmdThread 2" />
</exclusive-start>
<af-start id="4438" threadId="0000000000A7E188" totalBytesRequested="152" timestamp="2019-06-16T18:48:47.496" intervalms="7.789" type="nursery" />
<cycle-start id="4439" type="scavenge" contextid="0" timestamp="2019-06-16T18:48:47.496" intervalms="7.786" />
<gc-start id="4440" type="scavenge" contextid="4439" timestamp="2019-06-16T18:48:47.496">
  <mem-info id="4441" free="2033985392" total="2092630016" percent="97">
    <mem type="nursery" free="0" total="3932160" percent="0">
      <mem type="allocate" free="0" total="2621440" percent="0" />
      <mem type="survivor" free="0" total="1310720" percent="0" />
    </mem>
    <mem type="tenure" free="2033985392" total="2088697856" percent="97">
      <mem type="soa" free="1929550704" total="1984263168" percent="97" />
      <mem type="loa" free="104434688" total="104434688" percent="100" />
    </mem>
    <remembered-set count="625" />
  </mem-info>
</gc-start>
<allocation-stats totalBytes="1600736" >
  <allocated-bytes non-tlh="736" tlh="1600000" />
  <largest-consumer threadName="PmdThread 3" threadId="0000000000A81400" bytes="740320" />
</allocation-stats>
<gc-op id="4442" type="scavenge" timems="2.003" contextid="4439" timestamp="2019-06-16T18:48:47.498">
  <scavenger-info tenureage="2" tenuremask="7ffc" tiltratio="66" />
  <memory-copied type="nursery" objects="7914" bytes="465688" bytesdiscarded="166000" />
  <memory-copied type="tenure" objects="3633" bytes="274296" bytesdiscarded="240" />
  <references type="weak" candidates="48" cleared="48" enqueued="48" />
  <references type="phantom" candidates="4" cleared="4" enqueued="4" />
</gc-op>
<gc-end id="4443" type="scavenge" contextid="4439" durationms="2.222" usertimems="4.000" systemtimems="0.000" timestamp="2019-06-16T18:48:47.498" activeThreads="4">
  <mem-info id="4444" free="2035728960" total="2092630016" percent="97">
    <mem type="nursery" free="2053344" total="3932160" percent="52">
      <mem type="allocate" free="2053344" total="2686976" percent="76" />
      <mem type="survivor" free="0" total="1245184" percent="0" />
    </mem>
    <mem type="tenure" free="2033675616" total="2088697856" percent="97">
      <mem type="soa" free="1929240928" total="1984263168" percent="97" />
      <mem type="loa" free="104434688" total="104434688" percent="100" />
    </mem>
    <pending-finalizers system="0" default="0" reference="52" classloader="0" />
    <remembered-set count="241" />
  </mem-info>
</gc-end>
<cycle-end id="4445" type="scavenge" contextid="4439" timestamp="2019-06-16T18:48:47.498" />
  <attribute name="elasticGC enabled" value="1" />
  <attribute name= "numThreadsSpecified" value="4" />
  <attribute name="heapSize specified" value="9830400" />
  <attribute name="Current GC Util" value="86" />
  <attribute name= "Current Time Running" value="5367" />
  <attribute name ="GC Interval" value="528" />
  <attribute name="ProportionalT" value="66.000000" />
  <attribute name="ProportionalI" value="66.000000" />
  <attribute name="ProportionalH" value="66.000000" />
  <attribute name="Current Error" value="66.000000" />
  <attribute name="IntegralT" value="462.000000" />
  <attribute name="IntegralI" value="462.000000" />
  <attribute name="IntegralH" value="462.000000" />
  <attribute name="DerivativeT" value="0.928571" />
  <attribute name="DerivativeI" value="0.928571" />
  <attribute name="DerivativeH" value="0.928571" />
  <attribute name="Loop Time for DT" value="7.000000" />
  <attribute name="Output H" value="8388608"/>
  <attribute name="Output I" value="528"/>
  <attribute name="Output T" value="4"/>
  <attribute name="Target GC Util Change" value ="20.000000" />
  <attribute name="Current GC Util Change" value="86.000000"/>
  <attribute name="GC Util currently" value="86" />
  <attribute name="CPU Util currently" value="589655845842" />
<allocation-satisfied id="4446" threadId="0000000000A7D800" bytesRequested="152" />
<af-end id="4447" timestamp="2019-06-16T18:48:47.498" threadId="0000000000A7E188" success="true" from="nursery"/>
<exclusive-end id="4448" timestamp="2019-06-16T18:48:47.498" durationms="2.612" />

<exclusive-start id="4449" timestamp="2019-06-16T18:48:47.507" intervalms="11.210">
  <response-info timems="0.208" idlems="0.181" threads="2" lastid="0000000000A79C00" lastname="PmdThread 1" />
</exclusive-start>
<af-start id="4450" threadId="0000000000A81D88" totalBytesRequested="16392" timestamp="2019-06-16T18:48:47.507" intervalms="11.249" type="nursery" />
<cycle-start id="4451" type="scavenge" contextid="0" timestamp="2019-06-16T18:48:47.507" intervalms="11.304" />
<gc-start id="4452" type="scavenge" contextid="4451" timestamp="2019-06-16T18:48:47.507">
  <mem-info id="4453" free="2033674832" total="2092630016" percent="97">
    <mem type="nursery" free="0" total="3932160" percent="0">
      <mem type="allocate" free="0" total="2686976" percent="0" />
      <mem type="survivor" free="0" total="1245184" percent="0" />
    </mem>
    <mem type="tenure" free="2033674832" total="2088697856" percent="97">
      <mem type="soa" free="1929240144" total="1984263168" percent="97" />
      <mem type="loa" free="104434688" total="104434688" percent="100" />
    </mem>
    <remembered-set count="285" />
  </mem-info>
</gc-start>
<allocation-stats totalBytes="2048016" >
  <allocated-bytes non-tlh="936" tlh="2047080" />
  <largest-consumer threadName="PmdThread 2" threadId="0000000000A7D800" bytes="916832" />
</allocation-stats>
<gc-op id="4454" type="scavenge" timems="1.449" contextid="4451" timestamp="2019-06-16T18:48:47.509">
  <scavenger-info tenureage="2" tenuremask="7ffc" tiltratio="68" />
  <memory-copied type="nursery" objects="7816" bytes="483656" bytesdiscarded="137184" />
  <memory-copied type="tenure" objects="6036" bytes="394512" bytesdiscarded="64" />
  <references type="weak" candidates="21" cleared="20" enqueued="20" />
  <references type="phantom" candidates="4" cleared="2" enqueued="2" />
</gc-op>
<gc-end id="4455" type="scavenge" contextid="4451" durationms="1.780" usertimems="0.000" systemtimems="0.000" timestamp="2019-06-16T18:48:47.509" activeThreads="4">
  <mem-info id="4456" free="2035545344" total="2092630016" percent="97">
    <mem type="nursery" free="2195688" total="3932160" percent="55">
      <mem type="allocate" free="2195688" total="2818048" percent="77" />
      <mem type="survivor" free="0" total="1114112" percent="0" />
    </mem>
    <mem type="tenure" free="2033349656" total="2088697856" percent="97">
      <mem type="soa" free="1928914968" total="1984263168" percent="97" />
      <mem type="loa" free="104434688" total="104434688" percent="100" />
    </mem>
    <pending-finalizers system="0" default="0" reference="22" classloader="0" />
    <remembered-set count="350" />
  </mem-info>
</gc-end>
<cycle-end id="4457" type="scavenge" contextid="4451" timestamp="2019-06-16T18:48:47.509" />
  <attribute name="elasticGC enabled" value="1" />
  <attribute name= "numThreadsSpecified" value="4" />
  <attribute name="heapSize specified" value="9830400" />
  <attribute name="Current GC Util" value="31" />
  <attribute name= "Current Time Running" value="5379" />
  <attribute name ="GC Interval" value="200" />
  <attribute name="ProportionalT" value="11.000000" />
  <attribute name="ProportionalI" value="11.000000" />
  <attribute name="ProportionalH" value="11.000000" />
  <attribute name="Current Error" value="11.000000" />
  <attribute name="IntegralT" value="132.000000" />
  <attribute name="IntegralI" value="132.000000" />
  <attribute name="IntegralH" value="132.000000" />
  <attribute name="DerivativeT" value="-2.291667" />
  <attribute name="DerivativeI" value="-2.291667" />
  <attribute name="DerivativeH" value="-2.291667" />
  <attribute name="Loop Time for DT" value="12.000000" />
  <attribute name="Output H" value="8388608"/>
  <attribute name="Output I" value="200"/>
  <attribute name="Output T" value="4"/>
  <attribute name="Target GC Util Change" value ="20.000000" />
  <attribute name="Current GC Util Change" value="31.000000"/>
  <attribute name="GC Util currently" value="31" />
  <attribute name="CPU Util currently" value="404515903743" />
<allocation-satisfied id="4458" threadId="0000000000A81400" bytesRequested="16392" />
<af-end id="4459" timestamp="2019-06-16T18:48:47.509" threadId="0000000000A81D88" success="true" from="nursery"/>
<exclusive-end id="4460" timestamp="2019-06-16T18:48:47.509" durationms="2.563" />

<exclusive-start id="4461" timestamp="2019-06-16T18:48:47.516" intervalms="9.491">
  <response-info timems="0.066" idlems="0.066" threads="0" lastid="0000000000A85000" lastname="PmdThread 4" />
</exclusive-start>
<af-start id="4462" threadId="0000000000A85988" totalBytesRequested="16" timestamp="2019-06-16T18:48:47.516" intervalms="9.444" type="nursery" />
<cycle-start id="4463" type="scavenge" contextid="0" timestamp="2019-06-16T18:48:47.517" intervalms="9.421" />
<gc-start id="4464" type="scavenge" contextid="4463" timestamp="2019-06-16T18:48:47.517">
  <mem-info id="4465" free="2033348792" total="2092630016" percent="97">
    <mem type="nursery" free="0" total="3932160" percent="0">
      <mem type="allocate" free="0" total="2818048" percent="0" />
      <mem type="survivor" free="0" total="1114112" percent="0" />
    </mem>
    <mem type="tenure" free="2033348792" total="2088697856" percent="97">
      <mem type="soa" free="1928914104" total="1984263168" percent="97" />
      <mem type="loa" free="104434688" total="104434688" percent="100" />
    </mem>
    <remembered-set count="394" />
  </mem-info>
</gc-start>
<allocation-stats totalBytes="2194592" >
  <allocated-bytes non-tlh="17256" tlh="2177336" />
  <largest-consumer threadName="PmdThread 3" threadId="0000000000A81400" bytes="880288" />
</allocation-stats>
<gc-op id="4466" type="scavenge" timems="2.220" contextid="4463" timestamp="2019-06-16T18:48:47.519">
  <scavenger-info tenureage="2" tenuremask="7ffc" tiltratio="71" />
  <memory-copied type="nursery" objects="9327" bytes="698176" bytesdiscarded="142360" />
  <memory-copied type="tenure" objects="1714" bytes="52880" bytesdiscarded="48" />
  <references type="weak" candidates="32" cleared="31" enqueued="31" />
  <references type="phantom" candidates="5" cleared="3" enqueued="3" />
</gc-op>
<gc-end id="4467" type="scavenge" contextid="4463" durationms="2.411" usertimems="4.000" systemtimems="0.000" timestamp="2019-06-16T18:48:47.519" activeThreads="4">
  <mem-info id="4468" free="2035245368" total="2092630016" percent="97">
    <mem type="nursery" free="1974912" total="3932160" percent="50">
      <mem type="allocate" free="1974912" total="2818048" percent="70" />
      <mem type="survivor" free="0" total="1114112" percent="0" />
    </mem>
    <mem type="tenure" free="2033270456" total="2088697856" percent="97">
      <mem type="soa" free="1928835768" total="1984263168" percent="97" />
      <mem type="loa" free="104434688" total="104434688" percent="100" />
    </mem>
    <pending-finalizers system="0" default="0" reference="34" classloader="0" />
    <remembered-set count="177" />
  </mem-info>
</gc-end>
<cycle-end id="4469" type="scavenge" contextid="4463" timestamp="2019-06-16T18:48:47.519" />
  <attribute name="elasticGC enabled" value="1" />
  <attribute name= "numThreadsSpecified" value="4" />
  <attribute name="heapSize specified" value="9830400" />
  <attribute name="Current GC Util" value="25" />
  <attribute name= "Current Time Running" value="5388" />
  <attribute name ="GC Interval" value="200" />
  <attribute name="ProportionalT" value="5.000000" />
  <attribute name="ProportionalI" value="5.000000" />
  <attribute name="ProportionalH" value="5.000000" />
  <attribute name="Current Error" value="5.000000" />
  <attribute name="IntegralT" value="45.000000" />
  <attribute name="IntegralI" value="45.000000" />
  <attribute name="IntegralH" value="45.000000" />
  <attribute name="DerivativeT" value="-0.333333" />
  <attribute name="DerivativeI" value="-0.333333" />
  <attribute name="DerivativeH" value="-0.333333" />
  <attribute name="Loop Time for DT" value="9.000000" />
  <attribute name="Output H" value="8388608"/>
  <attribute name="Output I" value="200"/>
  <attribute name="Output T" value="4"/>
  <attribute name="Target GC Util Change" value ="20.000000" />
  <attribute name="Current GC Util Change" value="25.000000"/>
  <attribute name="GC Util currently" value="25" />
  <attribute name="CPU Util currently" value="492834601900" />
<allocation-satisfied id="4470" threadId="0000000000A85000" bytesRequested="16" />
<af-end id="4471" timestamp="2019-06-16T18:48:47.519" threadId="0000000000A85988" success="true" from="nursery"/>
<exclusive-end id="4472" timestamp="2019-06-16T18:48:47.519" durationms="2.863" />

<exclusive-start id="4473" timestamp="2019-06-16T18:48:47.527" intervalms="10.524">
  <response-info timems="0.221" idlems="0.194" threads="1" lastid="0000000000A79C00" lastname="PmdThread 1" />
</exclusive-start>
<af-start id="4474" threadId="0000000000A81D88" totalBytesRequested="40" timestamp="2019-06-16T18:48:47.527" intervalms="10.529" type="nursery" />
<cycle-start id="4475" type="scavenge" contextid="0" timestamp="2019-06-16T18:48:47.527" intervalms="10.512" />
<gc-start id="4476" type="scavenge" contextid="4475" timestamp="2019-06-16T18:48:47.527">
  <mem-info id="4477" free="2033269216" total="2092630016" percent="97">
    <mem type="nursery" free="0" total="3932160" percent="0">
      <mem type="allocate" free="0" total="2818048" percent="0" />
      <mem type="survivor" free="0" total="1114112" percent="0" />
    </mem>
    <mem type="tenure" free="2033269216" total="2088697856" percent="97">
      <mem type="soa" free="1928834528" total="1984263168" percent="97" />
      <mem type="loa" free="104434688" total="104434688" percent="100" />
    </mem>
    <remembered-set count="221" />
  </mem-info>
</gc-start>
<allocation-stats totalBytes="1972808" >
  <allocated-bytes non-tlh="1256" tlh="1971552" />
  <largest-consumer threadName="PmdThread 4" threadId="0000000000A85000" bytes="918456" />
</allocation-stats>
<gc-op id="4478" type="scavenge" timems="1.262" contextid="4475" timestamp="2019-06-16T18:48:47.529">
  <scavenger-info tenureage="2" tenuremask="7ffc" tiltratio="71" />
  <memory-copied type="nursery" objects="7062" bytes="544560" bytesdiscarded="203632" />
  <memory-copied type="tenure" objects="2866" bytes="179920" bytesdiscarded="1080" />
  <references type="weak" candidates="26" cleared="26" enqueued="24" />
  <references type="phantom" candidates="7" cleared="6" enqueued="6" />
</gc-op>
<gc-end id="4479" type="scavenge" contextid="4475" durationms="1.509" usertimems="0.000" systemtimems="0.000" timestamp="2019-06-16T18:48:47.529" activeThreads="4">
  <mem-info id="4480" free="2035236224" total="2092630016" percent="97">
    <mem type="nursery" free="2133704" total="3932160" percent="54">
      <mem type="allocate" free="2133704" total="2883584" percent="73" />
      <mem type="survivor" free="0" total="1048576" percent="0" />
    </mem>
    <mem type="tenure" free="2033102520" total="2088697856" percent="97">
      <mem type="soa" free="1928667832" total="1984263168" percent="97" />
      <mem type="loa" free="104434688" total="104434688" percent="100" />
    </mem>
    <pending-finalizers system="0" default="0" reference="30" classloader="0" />
    <remembered-set count="182" />
  </mem-info>
</gc-end>
<cycle-end id="4481" type="scavenge" contextid="4475" timestamp="2019-06-16T18:48:47.529" />
  <attribute name="elasticGC enabled" value="1" />
  <attribute name= "numThreadsSpecified" value="4" />
  <attribute name="heapSize specified" value="9830400" />
  <attribute name="Current GC Util" value="34" />
  <attribute name= "Current Time Running" value="5399" />
  <attribute name ="GC Interval" value="200" />
  <attribute name="ProportionalT" value="14.000000" />
  <attribute name="ProportionalI" value="14.000000" />
  <attribute name="ProportionalH" value="14.000000" />
  <attribute name="Current Error" value="14.000000" />
  <attribute name="IntegralT" value="154.000000" />
  <attribute name="IntegralI" value="154.000000" />
  <attribute name="IntegralH" value="154.000000" />
  <attribute name="DerivativeT" value="0.409091" />
  <attribute name="DerivativeI" value="0.409091" />
  <attribute name="DerivativeH" value="0.409091" />
  <attribute name="Loop Time for DT" value="11.000000" />
  <attribute name="Output H" value="8388608"/>
  <attribute name="Output I" value="200"/>
  <attribute name="Output T" value="4"/>
  <attribute name="Target GC Util Change" value ="20.000000" />
  <attribute name="Current GC Util Change" value="34.000000"/>
  <attribute name="GC Util currently" value="34" />
  <attribute name="CPU Util currently" value="440015722909" />
<allocation-satisfied id="4482" threadId="0000000000A81400" bytesRequested="40" />
<af-end id="4483" timestamp="2019-06-16T18:48:47.529" threadId="0000000000A81D88" success="true" from="nursery"/>
<exclusive-end id="4484" timestamp="2019-06-16T18:48:47.529" durationms="2.174" />

<exclusive-start id="4485" timestamp="2019-06-16T18:48:47.536" intervalms="9.038">
  <response-info timems="0.053" idlems="0.029" threads="1" lastid="0000000000A79C00" lastname="PmdThread 1" />
</exclusive-start>
<af-start id="4486" threadId="0000000000A81D88" totalBytesRequested="16" timestamp="2019-06-16T18:48:47.536" intervalms="9.038" type="nursery" />
<cycle-start id="4487" type="scavenge" contextid="0" timestamp="2019-06-16T18:48:47.536" intervalms="9.020" />
<gc-start id="4488" type="scavenge" contextid="4487" timestamp="2019-06-16T18:48:47.536">
  <mem-info id="4489" free="2033101352" total="2092630016" percent="97">
    <mem type="nursery" free="0" total="3932160" percent="0">
      <mem type="allocate" free="0" total="2883584" percent="0" />
      <mem type="survivor" free="0" total="1048576" percent="0" />
    </mem>
    <mem type="tenure" free="2033101352" total="2088697856" percent="97">
      <mem type="soa" free="1928666664" total="1984263168" percent="97" />
      <mem type="loa" free="104434688" total="104434688" percent="100" />
    </mem>
    <remembered-set count="219" />
  </mem-info>
</gc-start>
<allocation-stats totalBytes="2134264" >
  <allocated-bytes non-tlh="1208" tlh="2133056" />
  <largest-consumer threadName="PmdThread 2" threadId="0000000000A7D800" bytes="1110088" />
</allocation-stats>
<gc-op id="4490" type="scavenge" timems="0.834" contextid="4487" timestamp="2019-06-16T18:48:47.537">
  <scavenger-info tenureage="2" tenuremask="7ffc" tiltratio="73" />
  <memory-copied type="nursery" objects="9121" bytes="756704" bytesdiscarded="290216" />
  <memory-copied type="tenure" objects="2128" bytes="118496" bytesdiscarded="104" />
  <references type="weak" candidates="35" cleared="34" enqueued="34" />
  <references type="phantom" candidates="6" cleared="4" enqueued="4" />
</gc-op>
<gc-end id="4491" type="scavenge" contextid="4487" durationms="1.076" usertimems="0.000" systemtimems="4.000" timestamp="2019-06-16T18:48:47.537" activeThreads="4">
  <mem-info id="4492" free="2034649112" total="2092630016" percent="97">
    <mem type="nursery" free="1835008" total="3932160" percent="46">
      <mem type="allocate" free="1835008" total="2883584" percent="63" />
      <mem type="survivor" free="0" total="1048576" percent="0" />
    </mem>
    <mem type="tenure" free="2032814104" total="2088697856" percent="97">
      <mem type="soa" free="1928379416" total="1984263168" percent="97" />
      <mem type="loa" free="104434688" total="104434688" percent="100" />
    </mem>
    <pending-finalizers system="0" default="0" reference="38" classloader="0" />
    <remembered-set count="176" />
  </mem-info>
</gc-end>
<cycle-end id="4493" type="scavenge" contextid="4487" timestamp="2019-06-16T18:48:47.537" />
  <attribute name="elasticGC enabled" value="1" />
  <attribute name= "numThreadsSpecified" value="4" />
  <attribute name="heapSize specified" value="9830400" />
  <attribute name="Current GC Util" value="19" />
  <attribute name= "Current Time Running" value="5408" />
  <attribute name ="GC Interval" value="200" />
  <attribute name="ProportionalT" value="-1.000000" />
  <attribute name="ProportionalI" value="-1.000000" />
  <attribute name="ProportionalH" value="-1.000000" />
  <attribute name="Current Error" value="-1.000000" />
  <attribute name="IntegralT" value="-9.000000" />
  <attribute name="IntegralI" value="-9.000000" />
  <attribute name="IntegralH" value="-9.000000" />
  <attribute name="DerivativeT" value="-0.833333" />
  <attribute name="DerivativeI" value="-0.833333" />
  <attribute name="DerivativeH" value="-0.833333" />
  <attribute name="Loop Time for DT" value="9.000000" />
  <attribute name="Output H" value="2092630016"/>
  <attribute name="Output I" value="200"/>
  <attribute name="Output T" value="4"/>
  <attribute name="Target GC Util Change" value ="20.000000" />
  <attribute name="Current GC Util Change" value="19.000000"/>
  <attribute name="GC Util currently" value="19" />
  <attribute name="CPU Util currently" value="511277982405" />
<allocation-satisfied id="4494" threadId="0000000000A81400" bytesRequested="16" />
<af-end id="4495" timestamp="2019-06-16T18:48:47.538" threadId="0000000000A81D88" success="true" from="nursery"/>
<exclusive-end id="4496" timestamp="2019-06-16T18:48:47.538" durationms="1.620" />

<exclusive-start id="4497" timestamp="2019-06-16T18:48:47.542" intervalms="6.206">
  <response-info timems="0.062" idlems="0.062" threads="0" lastid="0000000000A85000" lastname="PmdThread 4" />
</exclusive-start>
<af-start id="4498" threadId="0000000000A85988" totalBytesRequested="40" timestamp="2019-06-16T18:48:47.542" intervalms="6.236" type="nursery" />
<cycle-start id="4499" type="scavenge" contextid="0" timestamp="2019-06-16T18:48:47.542" intervalms="6.272" />
<gc-start id="4500" type="scavenge" contextid="4499" timestamp="2019-06-16T18:48:47.542">
  <mem-info id="4501" free="2032813616" total="2092630016" percent="97">
    <mem type="nursery" free="0" total="3932160" percent="0">
      <mem type="allocate" free="0" total="2883584" percent="0" />
      <mem type="survivor" free="0" total="1048576" percent="0" />
    </mem>
    <mem type="tenure" free="2032813616" total="2088697856" percent="97">
      <mem type="soa" free="1928378928" total="1984263168" percent="97" />
      <mem type="loa" free="104434688" total="104434688" percent="100" />
    </mem>
    <remembered-set count="193" />
  </mem-info>
</gc-start>
<allocation-stats totalBytes="1834928" >
  <allocated-bytes non-tlh="504" tlh="1834424" />
  <largest-consumer threadName="PmdThread 4" threadId="0000000000A85000" bytes="757816" />
</allocation-stats>
<gc-op id="4502" type="scavenge" timems="3.245" contextid="4499" timestamp="2019-06-16T18:48:47.546">
  <scavenger-info tenureage="2" tenuremask="7ffc" tiltratio="73" />
  <memory-copied type="nursery" objects="12460" bytes="764768" bytesdiscarded="112520" />
  <memory-copied type="tenure" objects="2562" bytes="210632" bytesdiscarded="8" />
  <references type="weak" candidates="12" cleared="12" enqueued="12" />
  <references type="phantom" candidates="3" cleared="2" enqueued="2" />
</gc-op>
<gc-end id="4503" type="scavenge" contextid="4499" durationms="3.404" usertimems="8.000" systemtimems="0.000" timestamp="2019-06-16T18:48:47.546" activeThreads="4">
  <mem-info id="4504" free="2034798256" total="2092630016" percent="97">
    <mem type="nursery" free="2136504" total="3932160" percent="54">
      <mem type="allocate" free="2136504" total="3014656" percent="70" />
      <mem type="survivor" free="0" total="917504" percent="0" />
    </mem>
    <mem type="tenure" free="2032661752" total="2088697856" percent="97">
      <mem type="soa" free="1928227064" total="1984263168" percent="97" />
      <mem type="loa" free="104434688" total="104434688" percent="100" />
    </mem>
    <pending-finalizers system="0" default="0" reference="14" classloader="0" />
    <remembered-set count="197" />
  </mem-info>
</gc-end>
<cycle-end id="4505" type="scavenge" contextid="4499" timestamp="2019-06-16T18:48:47.546" />
  <attribute name="elasticGC enabled" value="1" />
  <attribute name= "numThreadsSpecified" value="4" />
  <attribute name="heapSize specified" value="9830400" />
  <attribute name="Current GC Util" value="29" />
  <attribute name= "Current Time Running" value="5414" />
  <attribute name ="GC Interval" value="200" />
  <attribute name="ProportionalT" value="9.000000" />
  <attribute name="ProportionalI" value="9.000000" />
  <attribute name="ProportionalH" value="9.000000" />
  <attribute name="Current Error" value="9.000000" />
  <attribute name="IntegralT" value="54.000000" />
  <attribute name="IntegralI" value="54.000000" />
  <attribute name="IntegralH" value="54.000000" />
  <attribute name="DerivativeT" value="0.750000" />
  <attribute name="DerivativeI" value="0.750000" />
  <attribute name="DerivativeH" value="0.750000" />
  <attribute name="Loop Time for DT" value="6.000000" />
  <attribute name="Output H" value="8388608"/>
  <attribute name="Output I" value="200"/>
  <attribute name="Output T" value="4"/>
  <attribute name="Target GC Util Change" value ="20.000000" />
  <attribute name="Current GC Util Change" value="29.000000"/>
  <attribute name="GC Util currently" value="29" />
  <attribute name="CPU Util currently" value="735145836791" />
<allocation-satisfied id="4506" threadId="0000000000A85000" bytesRequested="40" />
<af-end id="4507" timestamp="2019-06-16T18:48:47.546" threadId="0000000000A85988" success="true" from="nursery"/>
<exclusive-end id="4508" timestamp="2019-06-16T18:48:47.546" durationms="3.971" />

<exclusive-start id="4509" timestamp="2019-06-16T18:48:47.552" intervalms="9.447">
  <response-info timems="0.080" idlems="0.080" threads="0" lastid="0000000000A81400" lastname="PmdThread 3" />
</exclusive-start>
<af-start id="4510" threadId="0000000000A81D88" totalBytesRequested="56" timestamp="2019-06-16T18:48:47.552" intervalms="9.461" type="nursery" />
<cycle-start id="4511" type="scavenge" contextid="0" timestamp="2019-06-16T18:48:47.552" intervalms="9.452" />
<gc-start id="4512" type="scavenge" contextid="4511" timestamp="2019-06-16T18:48:47.552">
  <mem-info id="4513" free="2032661096" total="2092630016" percent="97">
    <mem type="nursery" free="0" total="3932160" percent="0">
      <mem type="allocate" free="0" total="3014656" percent="0" />
      <mem type="survivor" free="0" total="917504" percent="0" />
    </mem>
    <mem type="tenure" free="2032661096" total="2088697856" percent="97">
      <mem type="soa" free="1928226408" total="1984263168" percent="97" />
      <mem type="loa" free="104434688" total="104434688" percent="100" />
    </mem>
    <remembered-set count="236" />
  </mem-info>
</gc-start>
<allocation-stats totalBytes="2135496" >
  <allocated-bytes non-tlh="696" tlh="2134800" />
  <largest-consumer threadName="PmdThread 3" threadId="0000000000A81400" bytes="993632" />
</allocation-stats>
<gc-op id="4514" type="scavenge" timems="0.914" contextid="4511" timestamp="2019-06-16T18:48:47.553">
  <scavenger-info tenureage="2" tenuremask="7ffc" tiltratio="76" />
  <memory-copied type="nursery" objects="6287" bytes="424312" bytesdiscarded="190704" />
  <memory-copied type="tenure" objects="2970" bytes="223608" bytesdiscarded="128" />
  <finalization candidates="1" enqueued="0" />
  <references type="weak" candidates="50" cleared="44" enqueued="43" />
  <references type="phantom" candidates="4" cleared="3" enqueued="3" />
</gc-op>
<gc-end id="4515" type="scavenge" contextid="4511" durationms="1.152" usertimems="4.000" systemtimems="0.000" timestamp="2019-06-16T18:48:47.553" activeThreads="4">
  <mem-info id="4516" free="2034915104" total="2092630016" percent="97">
    <mem type="nursery" free="2397920" total="3932160" percent="60">
      <mem type="allocate" free="2397920" total="3014656" percent="79" />
      <mem type="survivor" free="0" total="917504" percent="0" />
    </mem>
    <mem type="tenure" free="2032517184" total="2088697856" percent="97">
      <mem type="soa" free="1928082496" total="1984263168" percent="97" />
      <mem type="loa" free="104434688" total="104434688" percent="100" />
    </mem>
    <pending-finalizers system="0" default="0" reference="46" classloader="0" />
    <remembered-set count="165" />
  </mem-info>
</gc-end>
<cycle-end id="4517" type="scavenge" contextid="4511" timestamp="2019-06-16T18:48:47.553" />
  <attribute name="elasticGC enabled" value="1" />
  <attribute name= "numThreadsSpecified" value="4" />
  <attribute name="heapSize specified" value="9830400" />
  <attribute name="Current GC Util" value="65" />
  <attribute name= "Current Time Running" value="5423" />
  <attribute name ="GC Interval" value="456" />
  <attribute name="ProportionalT" value="45.000000" />
  <attribute name="ProportionalI" value="45.000000" />
  <attribute name="ProportionalH" value="45.000000" />
  <attribute name="Current Error" value="45.000000" />
  <attribute name="IntegralT" value="405.000000" />
  <attribute name="IntegralI" value="405.000000" />
  <attribute name="IntegralH" value="405.000000" />
  <attribute name="DerivativeT" value="2.000000" />
  <attribute name="DerivativeI" value="2.000000" />
  <attribute name="DerivativeH" value="2.000000" />
  <attribute name="Loop Time for DT" value="9.000000" />
  <attribute name="Output H" value="8388608"/>
  <attribute name="Output I" value="456"/>
  <attribute name="Output T" value="4"/>
  <attribute name="Target GC Util Change" value ="20.000000" />
  <attribute name="Current GC Util Change" value="65.000000"/>
  <attribute name="GC Util currently" value="65" />
  <attribute name="CPU Util currently" value="488543653884" />
<allocation-satisfied id="4518" threadId="0000000000A81400" bytesRequested="56" />
<af-end id="4519" timestamp="2019-06-16T18:48:47.553" threadId="0000000000A81D88" success="true" from="nursery"/>
<exclusive-end id="4520" timestamp="2019-06-16T18:48:47.553" durationms="1.651" />

<exclusive-start id="4521" timestamp="2019-06-16T18:48:47.561" intervalms="9.502">
  <response-info timems="0.058" idlems="0.058" threads="0" lastid="0000000000A7D800" lastname="PmdThread 2" />
</exclusive-start>
<af-start id="4522" threadId="0000000000A7E188" totalBytesRequested="40" timestamp="2019-06-16T18:48:47.561" intervalms="9.445" type="nursery" />
<cycle-start id="4523" type="scavenge" contextid="0" timestamp="2019-06-16T18:48:47.561" intervalms="9.424" />
<gc-start id="4524" type="scavenge" contextid="4523" timestamp="2019-06-16T18:48:47.561">
  <mem-info id="4525" free="2032516744" total="2092630016" percent="97">
    <mem type="nursery" free="0" total="3932160" percent="0">
      <mem type="allocate" free="0" total="3014656" percent="0" />
      <mem type="survivor" free="0" total="917504" percent="0" />
    </mem>
    <mem type="tenure" free="2032516744" total="2088697856" percent="97">
      <mem type="soa" free="1928082056" total="1984263168" percent="97" />
      <mem type="loa" free="104434688" total="104434688" percent="100" />
    </mem>
    <remembered-set count="205" />
  </mem-info>
</gc-start>
<allocation-stats totalBytes="2397288" >
  <allocated-bytes non-tlh="33280" tlh="2364008" />
  <largest-consumer threadName="PmdThread 1" threadId="0000000000A79C00" bytes="1027520" />
</allocation-stats>
<gc-op id="4526" type="scavenge" timems="2.262" contextid="4523" timestamp="2019-06-16T18:48:47.564">
  <scavenger-info tenureage="2" tenuremask="7ffc" tiltratio="76" />
  <memory-copied type="nursery" objects="12733" bytes="714368" bytesdiscarded="202800" />
  <memory-copied type="tenure" objects="3958" bytes="201240" bytesdiscarded="752" />
  <finalization candidates="1" enqueued="0" />
  <references type="weak" candidates="39" cleared="32" enqueued="32" />
  <references type="phantom" candidates="3" cleared="2" enqueued="2" />
</gc-op>
<gc-end id="4527" type="scavenge" contextid="4523" durationms="2.422" usertimems="4.000" systemtimems="0.000" timestamp="2019-06-16T18:48:47.564" activeThreads="4">
  <mem-info id="4528" free="2034340728" total="2092630016" percent="97">
    <mem type="nursery" free="1966080" total="3932160" percent="50">
      <mem type="allocate" free="1966080" total="2883584" percent="68" />
      <mem type="survivor" free="0" total="1048576" percent="0" />
    </mem>
    <mem type="tenure" free="2032374648" total="2088697856" percent="97">
      <mem type="soa" free="1927939960" total="1984263168" percent="97" />
      <mem type="loa" free="104434688" total="104434688" percent="100" />
    </mem>
    <pending-finalizers system="0" default="0" reference="34" classloader="0" />
    <remembered-set count="151" />
  </mem-info>
</gc-end>
<cycle-end id="4529" type="scavenge" contextid="4523" timestamp="2019-06-16T18:48:47.564" />
  <attribute name="elasticGC enabled" value="1" />
  <attribute name= "numThreadsSpecified" value="4" />
  <attribute name="heapSize specified" value="9830400" />
  <attribute name="Current GC Util" value="17" />
  <attribute name= "Current Time Running" value="5433" />
  <attribute name ="GC Interval" value="200" />
  <attribute name="ProportionalT" value="-3.000000" />
  <attribute name="ProportionalI" value="-3.000000" />
  <attribute name="ProportionalH" value="-3.000000" />
  <attribute name="Current Error" value="-3.000000" />
  <attribute name="IntegralT" value="-30.000000" />
  <attribute name="IntegralI" value="-30.000000" />
  <attribute name="IntegralH" value="-30.000000" />
  <attribute name="DerivativeT" value="-2.400000" />
  <attribute name="DerivativeI" value="-2.400000" />
  <attribute name="DerivativeH" value="-2.400000" />
  <attribute name="Loop Time for DT" value="10.000000" />
  <attribute name="Output H" value="2092630016"/>
  <attribute name="Output I" value="200"/>
  <attribute name="Output T" value="4"/>
  <attribute name="Target GC Util Change" value ="20.000000" />
  <attribute name="Current GC Util Change" value="17.000000"/>
  <attribute name="GC Util currently" value="17" />
  <attribute name="CPU Util currently" value="490383802205" />
<allocation-satisfied id="4530" threadId="0000000000A7D800" bytesRequested="40" />
<af-end id="4531" timestamp="2019-06-16T18:48:47.564" threadId="0000000000A7E188" success="true" from="nursery"/>
<exclusive-end id="4532" timestamp="2019-06-16T18:48:47.564" durationms="2.891" />

<exclusive-start id="4533" timestamp="2019-06-16T18:48:47.568" intervalms="6.611">
  <response-info timems="0.068" idlems="0.068" threads="0" lastid="0000000000A79C00" lastname="PmdThread 1" />
</exclusive-start>
<af-start id="4534" threadId="0000000000A7A588" totalBytesRequested="8200" timestamp="2019-06-16T18:48:47.568" intervalms="6.625" type="nursery" />
<cycle-start id="4535" type="scavenge" contextid="0" timestamp="2019-06-16T18:48:47.568" intervalms="6.644" />
<gc-start id="4536" type="scavenge" contextid="4535" timestamp="2019-06-16T18:48:47.568">
  <mem-info id="4537" free="2032374184" total="2092630016" percent="97">
    <mem type="nursery" free="0" total="3932160" percent="0">
      <mem type="allocate" free="0" total="2883584" percent="0" />
      <mem type="survivor" free="0" total="1048576" percent="0" />
    </mem>
    <mem type="tenure" free="2032374184" total="2088697856" percent="97">
      <mem type="soa" free="1927939496" total="1984263168" percent="97" />
      <mem type="loa" free="104434688" total="104434688" percent="100" />
    </mem>
    <remembered-set count="184" />
  </mem-info>
</gc-start>
<allocation-stats totalBytes="1955232" >
  <allocated-bytes non-tlh="504" tlh="1954728" />
  <largest-consumer threadName="PmdThread 1" threadId="0000000000A79C00" bytes="648776" />
</allocation-stats>
<gc-op id="4538" type="scavenge" timems="0.550" contextid="4535" timestamp="2019-06-16T18:48:47.569">
  <scavenger-info tenureage="2" tenuremask="7ffc" tiltratio="73" />
  <memory-copied type="nursery" objects="4862" bytes="443968" bytesdiscarded="62712" />
  <memory-copied type="tenure" objects="183" bytes="7304" bytesdiscarded="0" />
  <finalization candidates="1" enqueued="0" />
  <references type="weak" candidates="14" cleared="12" enqueued="11" />
  <references type="phantom" candidates="5" cleared="3" enqueued="3" />
</gc-op>
<gc-end id="4539" type="scavenge" contextid="4535" durationms="0.732" usertimems="0.000" systemtimems="0.000" timestamp="2019-06-16T18:48:47.569" activeThreads="4">
  <mem-info id="4540" free="2034649480" total="2092630016" percent="97">
    <mem type="nursery" free="2375904" total="3932160" percent="60">
      <mem type="allocate" free="2375904" total="2883584" percent="82" />
      <mem type="survivor" free="0" total="1048576" percent="0" />
    </mem>
    <mem type="tenure" free="2032273576" total="2088697856" percent="97">
      <mem type="soa" free="1927838888" total="1984263168" percent="97" />
      <mem type="loa" free="104434688" total="104434688" percent="100" />
    </mem>
    <pending-finalizers system="0" default="0" reference="14" classloader="0" />
    <remembered-set count="155" />
  </mem-info>
</gc-end>
<cycle-end id="4541" type="scavenge" contextid="4535" timestamp="2019-06-16T18:48:47.569" />
  <attribute name="elasticGC enabled" value="1" />
  <attribute name= "numThreadsSpecified" value="4" />
  <attribute name="heapSize specified" value="9830400" />
  <attribute name="Current GC Util" value="68" />
  <attribute name= "Current Time Running" value="5439" />
  <attribute name ="GC Interval" value="344" />
  <attribute name="ProportionalT" value="48.000000" />
  <attribute name="ProportionalI" value="48.000000" />
  <attribute name="ProportionalH" value="48.000000" />
  <attribute name="Current Error" value="48.000000" />
  <attribute name="IntegralT" value="288.000000" />
  <attribute name="IntegralI" value="288.000000" />
  <attribute name="IntegralH" value="288.000000" />
  <attribute name="DerivativeT" value="4.000000" />
  <attribute name="DerivativeI" value="4.000000" />
  <attribute name="DerivativeH" value="4.000000" />
  <attribute name="Loop Time for DT" value="6.000000" />
  <attribute name="Output H" value="8388608"/>
  <attribute name="Output I" value="344"/>
  <attribute name="Output T" value="4"/>
  <attribute name="Target GC Util Change" value ="20.000000" />
  <attribute name="Current GC Util Change" value="68.000000"/>
  <attribute name="GC Util currently" value="68" />
  <attribute name="CPU Util currently" value="694180899862" />
<allocation-satisfied id="4542" threadId="0000000000A79C00" bytesRequested="8200" />
<af-end id="4543" timestamp="2019-06-16T18:48:47.569" threadId="0000000000A7A588" success="true" from="nursery"/>
<exclusive-end id="4544" timestamp="2019-06-16T18:48:47.569" durationms="1.170" />

<exclusive-start id="4545" timestamp="2019-06-16T18:48:47.574" intervalms="6.139">
  <response-info timems="0.060" idlems="0.060" threads="0" lastid="0000000000A81400" lastname="PmdThread 3" />
</exclusive-start>
<af-start id="4546" threadId="0000000000A81D88" totalBytesRequested="24" timestamp="2019-06-16T18:48:47.574" intervalms="6.118" type="nursery" />
<cycle-start id="4547" type="scavenge" contextid="0" timestamp="2019-06-16T18:48:47.574" intervalms="6.113" />
<gc-start id="4548" type="scavenge" contextid="4547" timestamp="2019-06-16T18:48:47.574">
  <mem-info id="4549" free="2032272576" total="2092630016" percent="97">
    <mem type="nursery" free="0" total="3932160" percent="0">
      <mem type="allocate" free="0" total="2883584" percent="0" />
      <mem type="survivor" free="0" total="1048576" percent="0" />
    </mem>
    <mem type="tenure" free="2032272576" total="2088697856" percent="97">
      <mem type="soa" free="1927837888" total="1984263168" percent="97" />
      <mem type="loa" free="104434688" total="104434688" percent="100" />
    </mem>
    <remembered-set count="199" />
  </mem-info>
</gc-start>
<allocation-stats totalBytes="2376064" >
  <allocated-bytes non-tlh="25592" tlh="2350472" />
  <largest-consumer threadName="PmdThread 1" threadId="0000000000A79C00" bytes="798704" />
</allocation-stats>
<gc-op id="4550" type="scavenge" timems="1.225" contextid="4547" timestamp="2019-06-16T18:48:47.575">
  <scavenger-info tenureage="2" tenuremask="7ffc" tiltratio="73" />
  <memory-copied type="nursery" objects="10453" bytes="813328" bytesdiscarded="87744" />
  <memory-copied type="tenure" objects="1106" bytes="96680" bytesdiscarded="16" />
  <references type="weak" candidates="25" cleared="24" enqueued="24" />
  <references type="phantom" candidates="6" cleared="4" enqueued="4" />
</gc-op>
<gc-end id="4551" type="scavenge" contextid="4547" durationms="1.602" usertimems="4.000" systemtimems="0.000" timestamp="2019-06-16T18:48:47.576" activeThreads="4">
  <mem-info id="4552" free="2033867096" total="2092630016" percent="97">
    <mem type="nursery" free="1783232" total="3932160" percent="45">
      <mem type="allocate" free="1783232" total="2686976" percent="66" />
      <mem type="survivor" free="0" total="1245184" percent="0" />
    </mem>
    <mem type="tenure" free="2032083864" total="2088697856" percent="97">
      <mem type="soa" free="1927649176" total="1984263168" percent="97" />
      <mem type="loa" free="104434688" total="104434688" percent="100" />
    </mem>
    <pending-finalizers system="0" default="0" reference="28" classloader="0" />
    <remembered-set count="166" />
  </mem-info>
</gc-end>
<cycle-end id="4553" type="scavenge" contextid="4547" timestamp="2019-06-16T18:48:47.576" />
  <attribute name="elasticGC enabled" value="1" />
  <attribute name= "numThreadsSpecified" value="4" />
  <attribute name="heapSize specified" value="9830400" />
  <attribute name="Current GC Util" value="19" />
  <attribute name= "Current Time Running" value="5446" />
  <attribute name ="GC Interval" value="200" />
  <attribute name="ProportionalT" value="-1.000000" />
  <attribute name="ProportionalI" value="-1.000000" />
  <attribute name="ProportionalH" value="-1.000000" />
  <attribute name="Current Error" value="-1.000000" />
  <attribute name="IntegralT" value="-7.000000" />
  <attribute name="IntegralI" value="-7.000000" />
  <attribute name="IntegralH" value="-7.000000" />
  <attribute name="DerivativeT" value="-3.500000" />
  <attribute name="DerivativeI" value="-3.500000" />
  <attribute name="DerivativeH" value="-3.500000" />
  <attribute name="Loop Time for DT" value="7.000000" />
  <attribute name="Output H" value="2092630016"/>
  <attribute name="Output I" value="200"/>
  <attribute name="Output T" value="4"/>
  <attribute name="Target GC Util Change" value ="20.000000" />
  <attribute name="Current GC Util Change" value="19.000000"/>
  <attribute name="GC Util currently" value="19" />
  <attribute name="CPU Util currently" value="751494901625" />
<allocation-satisfied id="4554" threadId="0000000000A81400" bytesRequested="24" />
<af-end id="4555" timestamp="2019-06-16T18:48:47.576" threadId="0000000000A81D88" success="true" from="nursery"/>
<exclusive-end id="4556" timestamp="2019-06-16T18:48:47.576" durationms="2.224" />

<exclusive-start id="4557" timestamp="2019-06-16T18:48:47.579" intervalms="5.099">
  <response-info timems="0.043" idlems="0.043" threads="0" lastid="0000000000A81400" lastname="PmdThread 3" />
</exclusive-start>
<af-start id="4558" threadId="0000000000A81D88" totalBytesRequested="72" timestamp="2019-06-16T18:48:47.579" intervalms="5.111" type="nursery" />
<cycle-start id="4559" type="scavenge" contextid="0" timestamp="2019-06-16T18:48:47.579" intervalms="5.091" />
<gc-start id="4560" type="scavenge" contextid="4559" timestamp="2019-06-16T18:48:47.579">
  <mem-info id="4561" free="2032083632" total="2092630016" percent="97">
    <mem type="nursery" free="0" total="3932160" percent="0">
      <mem type="allocate" free="0" total="2686976" percent="0" />
      <mem type="survivor" free="0" total="1245184" percent="0" />
    </mem>
    <mem type="tenure" free="2032083632" total="2088697856" percent="97">
      <mem type="soa" free="1927648944" total="1984263168" percent="97" />
      <mem type="loa" free="104434688" total="104434688" percent="100" />
    </mem>
    <remembered-set count="199" />
  </mem-info>
</gc-start>
<allocation-stats totalBytes="1782728" >
  <allocated-bytes non-tlh="256" tlh="1782472" />
  <largest-consumer threadName="PmdThread 3" threadId="0000000000A81400" bytes="967816" />
</allocation-stats>
<gc-op id="4562" type="scavenge" timems="4.261" contextid="4559" timestamp="2019-06-16T18:48:47.584">
  <scavenger-info tenureage="1" tenuremask="7ffe" tiltratio="68" />
  <memory-copied type="nursery" objects="4835" bytes="290672" bytesdiscarded="148928" />
  <memory-copied type="tenure" objects="5896" bytes="451672" bytesdiscarded="56" />
  <references type="weak" candidates="36" cleared="35" enqueued="35" />
  <references type="phantom" candidates="4" cleared="3" enqueued="3" />
</gc-op>
<gc-end id="4563" type="scavenge" contextid="4559" durationms="4.694" usertimems="8.000" systemtimems="0.000" timestamp="2019-06-16T18:48:47.584" activeThreads="4">
  <mem-info id="4564" free="2034085168" total="2092630016" percent="97">
    <mem type="nursery" free="2312144" total="3932160" percent="58">
      <mem type="allocate" free="2312144" total="2752512" percent="84" />
      <mem type="survivor" free="0" total="1179648" percent="0" />
    </mem>
    <mem type="tenure" free="2031773024" total="2088697856" percent="97">
      <mem type="soa" free="1927338336" total="1984263168" percent="97" />
      <mem type="loa" free="104434688" total="104434688" percent="100" />
    </mem>
    <pending-finalizers system="0" default="0" reference="38" classloader="0" />
    <remembered-set count="282" />
  </mem-info>
</gc-end>
<cycle-end id="4565" type="scavenge" contextid="4559" timestamp="2019-06-16T18:48:47.584" />
  <attribute name="elasticGC enabled" value="1" />
  <attribute name= "numThreadsSpecified" value="4" />
  <attribute name="heapSize specified" value="9830400" />
  <attribute name="Current GC Util" value="52" />
  <attribute name= "Current Time Running" value="5451" />
  <attribute name ="GC Interval" value="200" />
  <attribute name="ProportionalT" value="32.000000" />
  <attribute name="ProportionalI" value="32.000000" />
  <attribute name="ProportionalH" value="32.000000" />
  <attribute name="Current Error" value="32.000000" />
  <attribute name="IntegralT" value="160.000000" />
  <attribute name="IntegralI" value="160.000000" />
  <attribute name="IntegralH" value="160.000000" />
  <attribute name="DerivativeT" value="3.200000" />
  <attribute name="DerivativeI" value="3.200000" />
  <attribute name="DerivativeH" value="3.200000" />
  <attribute name="Loop Time for DT" value="5.000000" />
  <attribute name="Output H" value="8388608"/>
  <attribute name="Output I" value="200"/>
  <attribute name="Output T" value="4"/>
  <attribute name="Target GC Util Change" value ="20.000000" />
  <attribute name="Current GC Util Change" value="52.000000"/>
  <attribute name="GC Util currently" value="52" />
  <attribute name="CPU Util currently" value="906584208786" />
<allocation-satisfied id="4566" threadId="0000000000A81400" bytesRequested="72" />
<af-end id="4567" timestamp="2019-06-16T18:48:47.584" threadId="0000000000A81D88" success="true" from="nursery"/>
<exclusive-end id="4568" timestamp="2019-06-16T18:48:47.584" durationms="5.379" />

<exclusive-start id="4569" timestamp="2019-06-16T18:48:47.590" intervalms="11.336">
  <response-info timems="0.080" idlems="0.080" threads="0" lastid="0000000000A81400" lastname="PmdThread 3" />
</exclusive-start>
<af-start id="4570" threadId="0000000000A81D88" totalBytesRequested="648" timestamp="2019-06-16T18:48:47.590" intervalms="11.320" type="nursery" />
<cycle-start id="4571" type="scavenge" contextid="0" timestamp="2019-06-16T18:48:47.590" intervalms="11.342" />
<gc-start id="4572" type="scavenge" contextid="4571" timestamp="2019-06-16T18:48:47.591">
  <mem-info id="4573" free="2031772576" total="2092630016" percent="97">
    <mem type="nursery" free="0" total="3932160" percent="0">
      <mem type="allocate" free="0" total="2752512" percent="0" />
      <mem type="survivor" free="0" total="1179648" percent="0" />
    </mem>
    <mem type="tenure" free="2031772576" total="2088697856" percent="97">
      <mem type="soa" free="1927337888" total="1984263168" percent="97" />
      <mem type="loa" free="104434688" total="104434688" percent="100" />
    </mem>
    <remembered-set count="345" />
  </mem-info>
</gc-start>
<allocation-stats totalBytes="2310784" >
  <allocated-bytes non-tlh="520" tlh="2310264" />
  <largest-consumer threadName="PmdThread 3" threadId="0000000000A81400" bytes="857944" />
</allocation-stats>
<gc-op id="4574" type="scavenge" timems="3.226" contextid="4571" timestamp="2019-06-16T18:48:47.594">
  <scavenger-info tenureage="1" tenuremask="7ffe" tiltratio="70" />
  <memory-copied type="nursery" objects="5330" bytes="609120" bytesdiscarded="313016" />
  <memory-copied type="tenure" objects="4232" bytes="199944" bytesdiscarded="136" />
  <references type="weak" candidates="58" cleared="58" enqueued="58" />
  <references type="phantom" candidates="13" cleared="12" enqueued="12" />
</gc-op>
<gc-end id="4575" type="scavenge" contextid="4571" durationms="3.633" usertimems="8.000" systemtimems="0.000" timestamp="2019-06-16T18:48:47.594" activeThreads="4">
  <mem-info id="4576" free="2033444056" total="2092630016" percent="97">
    <mem type="nursery" free="1829968" total="3932160" percent="46">
      <mem type="allocate" free="1829968" total="2752512" percent="66" />
      <mem type="survivor" free="0" total="1179648" percent="0" />
    </mem>
    <mem type="tenure" free="2031614088" total="2088697856" percent="97">
      <mem type="soa" free="1927179400" total="1984263168" percent="97" />
      <mem type="loa" free="104434688" total="104434688" percent="100" />
    </mem>
    <pending-finalizers system="0" default="0" reference="70" classloader="0" />
    <remembered-set count="182" />
  </mem-info>
</gc-end>
<cycle-end id="4577" type="scavenge" contextid="4571" timestamp="2019-06-16T18:48:47.594" />
  <attribute name="elasticGC enabled" value="1" />
  <attribute name= "numThreadsSpecified" value="4" />
  <attribute name="heapSize specified" value="9830400" />
  <attribute name="Current GC Util" value="81" />
  <attribute name= "Current Time Running" value="5462" />
  <attribute name ="GC Interval" value="736" />
  <attribute name="ProportionalT" value="61.000000" />
  <attribute name="ProportionalI" value="61.000000" />
  <attribute name="ProportionalH" value="61.000000" />
  <attribute name="Current Error" value="61.000000" />
  <attribute name="IntegralT" value="671.000000" />
  <attribute name="IntegralI" value="671.000000" />
  <attribute name="IntegralH" value="671.000000" />
  <attribute name="DerivativeT" value="1.318182" />
  <attribute name="DerivativeI" value="1.318182" />
  <attribute name="DerivativeH" value="1.318182" />
  <attribute name="Loop Time for DT" value="11.000000" />
  <attribute name="Output H" value="8388608"/>
  <attribute name="Output I" value="736"/>
  <attribute name="Output T" value="4"/>
  <attribute name="Target GC Util Change" value ="20.000000" />
  <attribute name="Current GC Util Change" value="81.000000"/>
  <attribute name="GC Util currently" value="81" />
  <attribute name="CPU Util currently" value="406391387973" />
<allocation-satisfied id="4578" threadId="0000000000A81400" bytesRequested="648" />
<af-end id="4579" timestamp="2019-06-16T18:48:47.595" threadId="0000000000A81D88" success="true" from="nursery"/>
<exclusive-end id="4580" timestamp="2019-06-16T18:48:47.595" durationms="4.521" />

<exclusive-start id="4581" timestamp="2019-06-16T18:48:47.598" intervalms="7.770">
  <response-info timems="0.044" idlems="0.044" threads="0" lastid="0000000000A81400" lastname="PmdThread 3" />
</exclusive-start>
<af-start id="4582" threadId="0000000000A81D88" totalBytesRequested="696" timestamp="2019-06-16T18:48:47.598" intervalms="7.761" type="nursery" />
<cycle-start id="4583" type="scavenge" contextid="0" timestamp="2019-06-16T18:48:47.598" intervalms="7.730" />
<gc-start id="4584" type="scavenge" contextid="4583" timestamp="2019-06-16T18:48:47.598">
  <mem-info id="4585" free="2031613880" total="2092630016" percent="97">
    <mem type="nursery" free="0" total="3932160" percent="0">
      <mem type="allocate" free="0" total="2752512" percent="0" />
      <mem type="survivor" free="0" total="1179648" percent="0" />
    </mem>
    <mem type="tenure" free="2031613880" total="2088697856" percent="97">
      <mem type="soa" free="1927179192" total="1984263168" percent="97" />
      <mem type="loa" free="104434688" total="104434688" percent="100" />
    </mem>
    <remembered-set count="219" />
  </mem-info>
</gc-start>
<allocation-stats totalBytes="1821568" >
  <allocated-bytes non-tlh="856" tlh="1820712" />
  <largest-consumer threadName="PmdThread 3" threadId="0000000000A81400" bytes="969280" />
</allocation-stats>
<gc-op id="4586" type="scavenge" timems="2.986" contextid="4583" timestamp="2019-06-16T18:48:47.601">
  <scavenger-info tenureage="1" tenuremask="7ffe" tiltratio="70" />
  <memory-copied type="nursery" objects="6324" bytes="470376" bytesdiscarded="169040" />
  <memory-copied type="tenure" objects="2929" bytes="277888" bytesdiscarded="80" />
  <references type="weak" candidates="44" cleared="43" enqueued="43" />
  <references type="phantom" candidates="6" cleared="4" enqueued="4" />
</gc-op>
<gc-end id="4587" type="scavenge" contextid="4583" durationms="3.326" usertimems="8.000" systemtimems="0.000" timestamp="2019-06-16T18:48:47.602" activeThreads="4">
  <mem-info id="4588" free="2033495584" total="2092630016" percent="97">
    <mem type="nursery" free="2243744" total="3932160" percent="57">
      <mem type="allocate" free="2243744" total="2883584" percent="77" />
      <mem type="survivor" free="0" total="1048576" percent="0" />
    </mem>
    <mem type="tenure" free="2031251840" total="2088697856" percent="97">
      <mem type="soa" free="1926817152" total="1984263168" percent="97" />
      <mem type="loa" free="104434688" total="104434688" percent="100" />
    </mem>
    <pending-finalizers system="0" default="0" reference="47" classloader="0" />
    <remembered-set count="193" />
  </mem-info>
</gc-end>
<cycle-end id="4589" type="scavenge" contextid="4583" timestamp="2019-06-16T18:48:47.602" />
  <attribute name="elasticGC enabled" value="1" />
  <attribute name= "numThreadsSpecified" value="4" />
  <attribute name="heapSize specified" value="9830400" />
  <attribute name="Current GC Util" value="77" />
  <attribute name= "Current Time Running" value="5470" />
  <attribute name ="GC Interval" value="512" />
  <attribute name="ProportionalT" value="57.000000" />
  <attribute name="ProportionalI" value="57.000000" />
  <attribute name="ProportionalH" value="57.000000" />
  <attribute name="Current Error" value="57.000000" />
  <attribute name="IntegralT" value="456.000000" />
  <attribute name="IntegralI" value="456.000000" />
  <attribute name="IntegralH" value="456.000000" />
  <attribute name="DerivativeT" value="-0.250000" />
  <attribute name="DerivativeI" value="-0.250000" />
  <attribute name="DerivativeH" value="-0.250000" />
  <attribute name="Loop Time for DT" value="8.000000" />
  <attribute name="Output H" value="8388608"/>
  <attribute name="Output I" value="512"/>
  <attribute name="Output T" value="4"/>
  <attribute name="Target GC Util Change" value ="20.000000" />
  <attribute name="Current GC Util Change" value="77.000000"/>
  <attribute name="GC Util currently" value="77" />
  <attribute name="CPU Util currently" value="599971220586" />
<allocation-satisfied id="4590" threadId="0000000000A81400" bytesRequested="696" />
<af-end id="4591" timestamp="2019-06-16T18:48:47.602" threadId="0000000000A81D88" success="true" from="nursery"/>
<exclusive-end id="4592" timestamp="2019-06-16T18:48:47.602" durationms="3.796" />

<exclusive-start id="4593" timestamp="2019-06-16T18:48:47.606" intervalms="8.114">
  <response-info timems="0.081" idlems="0.076" threads="1" lastid="0000000000A85000" lastname="PmdThread 4" />
</exclusive-start>
<af-start id="4594" threadId="0000000000A7E188" totalBytesRequested="16392" timestamp="2019-06-16T18:48:47.606" intervalms="8.133" type="nursery" />
<cycle-start id="4595" type="scavenge" contextid="0" timestamp="2019-06-16T18:48:47.606" intervalms="8.154" />
<gc-start id="4596" type="scavenge" contextid="4595" timestamp="2019-06-16T18:48:47.606">
  <mem-info id="4597" free="2031251840" total="2092630016" percent="97">
    <mem type="nursery" free="0" total="3932160" percent="0">
      <mem type="allocate" free="0" total="2883584" percent="0" />
      <mem type="survivor" free="0" total="1048576" percent="0" />
    </mem>
    <mem type="tenure" free="2031251840" total="2088697856" percent="97">
      <mem type="soa" free="1926817152" total="1984263168" percent="97" />
      <mem type="loa" free="104434688" total="104434688" percent="100" />
    </mem>
    <remembered-set count="240" />
  </mem-info>
</gc-start>
<allocation-stats totalBytes="2224384" >
  <allocated-bytes non-tlh="696" tlh="2223688" />
  <largest-consumer threadName="PmdThread 3" threadId="0000000000A81400" bytes="1371128" />
</allocation-stats>
<gc-op id="4598" type="scavenge" timems="2.903" contextid="4595" timestamp="2019-06-16T18:48:47.609">
  <scavenger-info tenureage="1" tenuremask="7ffe" tiltratio="73" />
  <memory-copied type="nursery" objects="7019" bytes="457728" bytesdiscarded="155952" />
  <memory-copied type="tenure" objects="4375" bytes="330072" bytesdiscarded="832" />
  <references type="weak" candidates="51" cleared="51" enqueued="51" />
  <references type="phantom" candidates="7" cleared="5" enqueued="5" />
</gc-op>
<gc-end id="4599" type="scavenge" contextid="4595" durationms="3.092" usertimems="0.000" systemtimems="8.000" timestamp="2019-06-16T18:48:47.609" activeThreads="4">
  <mem-info id="4600" free="2033292832" total="2092630016" percent="97">
    <mem type="nursery" free="2334952" total="3932160" percent="59">
      <mem type="allocate" free="2334952" total="2949120" percent="79" />
      <mem type="survivor" free="0" total="983040" percent="0" />
    </mem>
    <mem type="tenure" free="2030957880" total="2088697856" percent="97">
      <mem type="soa" free="1926523192" total="1984263168" percent="97" />
      <mem type="loa" free="104434688" total="104434688" percent="100" />
    </mem>
    <pending-finalizers system="0" default="0" reference="56" classloader="0" />
    <remembered-set count="180" />
  </mem-info>
</gc-end>
<cycle-end id="4601" type="scavenge" contextid="4595" timestamp="2019-06-16T18:48:47.610" />
  <attribute name="elasticGC enabled" value="1" />
  <attribute name= "numThreadsSpecified" value="4" />
  <attribute name="heapSize specified" value="9830400" />
  <attribute name="Current GC Util" value="80" />
  <attribute name= "Current Time Running" value="5478" />
  <attribute name ="GC Interval" value="544" />
  <attribute name="ProportionalT" value="60.000000" />
  <attribute name="ProportionalI" value="60.000000" />
  <attribute name="ProportionalH" value="60.000000" />
  <attribute name="Current Error" value="60.000000" />
  <attribute name="IntegralT" value="480.000000" />
  <attribute name="IntegralI" value="480.000000" />
  <attribute name="IntegralH" value="480.000000" />
  <attribute name="DerivativeT" value="0.187500" />
  <attribute name="DerivativeI" value="0.187500" />
  <attribute name="DerivativeH" value="0.187500" />
  <attribute name="Loop Time for DT" value="8.000000" />
  <attribute name="Output H" value="8388608"/>
  <attribute name="Output I" value="544"/>
  <attribute name="Output T" value="4"/>
  <attribute name="Target GC Util Change" value ="20.000000" />
  <attribute name="Current GC Util Change" value="80.000000"/>
  <attribute name="GC Util currently" value="80" />
  <attribute name="CPU Util currently" value="561934666934" />
<allocation-satisfied id="4602" threadId="0000000000A7D800" bytesRequested="16392" />
<af-end id="4603" timestamp="2019-06-16T18:48:47.610" threadId="0000000000A7E188" success="true" from="nursery"/>
<exclusive-end id="4604" timestamp="2019-06-16T18:48:47.610" durationms="3.524" />

<exclusive-start id="4605" timestamp="2019-06-16T18:48:47.614" intervalms="8.096">
  <response-info timems="0.062" idlems="0.062" threads="0" lastid="0000000000A85000" lastname="PmdThread 4" />
</exclusive-start>
<af-start id="4606" threadId="0000000000A85988" totalBytesRequested="64" timestamp="2019-06-16T18:48:47.614" intervalms="8.101" type="nursery" />
<cycle-start id="4607" type="scavenge" contextid="0" timestamp="2019-06-16T18:48:47.614" intervalms="8.092" />
<gc-start id="4608" type="scavenge" contextid="4607" timestamp="2019-06-16T18:48:47.614">
  <mem-info id="4609" free="2030957448" total="2092630016" percent="97">
    <mem type="nursery" free="0" total="3932160" percent="0">
      <mem type="allocate" free="0" total="2949120" percent="0" />
      <mem type="survivor" free="0" total="983040" percent="0" />
    </mem>
    <mem type="tenure" free="2030957448" total="2088697856" percent="97">
      <mem type="soa" free="1926522760" total="1984263168" percent="97" />
      <mem type="loa" free="104434688" total="104434688" percent="100" />
    </mem>
    <remembered-set count="229" />
  </mem-info>
</gc-start>
<allocation-stats totalBytes="2325000" >
  <allocated-bytes non-tlh="33216" tlh="2291784" />
  <largest-consumer threadName="PmdThread 3" threadId="0000000000A81400" bytes="1289920" />
</allocation-stats>
<gc-op id="4610" type="scavenge" timems="0.807" contextid="4607" timestamp="2019-06-16T18:48:47.615">
  <scavenger-info tenureage="1" tenuremask="7ffe" tiltratio="75" />
  <memory-copied type="nursery" objects="5113" bytes="483816" bytesdiscarded="168632" />
  <memory-copied type="tenure" objects="6302" bytes="336912" bytesdiscarded="184" />
  <references type="weak" candidates="48" cleared="48" enqueued="48" />
  <references type="phantom" candidates="5" cleared="4" enqueued="4" />
</gc-op>
<gc-end id="4611" type="scavenge" contextid="4607" durationms="1.002" usertimems="4.000" systemtimems="0.000" timestamp="2019-06-16T18:48:47.615" activeThreads="4">
  <mem-info id="4612" free="2033069640" total="2092630016" percent="97">
    <mem type="nursery" free="2427360" total="3932160" percent="61">
      <mem type="allocate" free="2427360" total="3080192" percent="78" />
      <mem type="survivor" free="0" total="851968" percent="0" />
    </mem>
    <mem type="tenure" free="2030642280" total="2088697856" percent="97">
      <mem type="soa" free="1926207592" total="1984263168" percent="97" />
      <mem type="loa" free="104434688" total="104434688" percent="100" />
    </mem>
    <pending-finalizers system="0" default="0" reference="52" classloader="0" />
    <remembered-set count="150" />
  </mem-info>
</gc-end>
<cycle-end id="4613" type="scavenge" contextid="4607" timestamp="2019-06-16T18:48:47.616" />
  <attribute name="elasticGC enabled" value="1" />
  <attribute name= "numThreadsSpecified" value="4" />
  <attribute name="heapSize specified" value="9830400" />
  <attribute name="Current GC Util" value="75" />
  <attribute name= "Current Time Running" value="5486" />
  <attribute name ="GC Interval" value="496" />
  <attribute name="ProportionalT" value="55.000000" />
  <attribute name="ProportionalI" value="55.000000" />
  <attribute name="ProportionalH" value="55.000000" />
  <attribute name="Current Error" value="55.000000" />
  <attribute name="IntegralT" value="440.000000" />
  <attribute name="IntegralI" value="440.000000" />
  <attribute name="IntegralH" value="440.000000" />
  <attribute name="DerivativeT" value="-0.312500" />
  <attribute name="DerivativeI" value="-0.312500" />
  <attribute name="DerivativeH" value="-0.312500" />
  <attribute name="Loop Time for DT" value="8.000000" />
  <attribute name="Output H" value="8388608"/>
  <attribute name="Output I" value="496"/>
  <attribute name="Output T" value="4"/>
  <attribute name="Target GC Util Change" value ="20.000000" />
  <attribute name="Current GC Util Change" value="75.000000"/>
  <attribute name="GC Util currently" value="75" />
  <attribute name="CPU Util currently" value="571573509039" />
<allocation-satisfied id="4614" threadId="0000000000A85000" bytesRequested="64" />
<af-end id="4615" timestamp="2019-06-16T18:48:47.616" threadId="0000000000A85988" success="true" from="nursery"/>
<exclusive-end id="4616" timestamp="2019-06-16T18:48:47.616" durationms="1.460" />

<exclusive-start id="4617" timestamp="2019-06-16T18:48:47.620" intervalms="5.280">
  <response-info timems="0.056" idlems="0.056" threads="0" lastid="0000000000A7D800" lastname="PmdThread 2" />
</exclusive-start>
<af-start id="4618" threadId="0000000000A7E188" totalBytesRequested="8200" timestamp="2019-06-16T18:48:47.620" intervalms="5.265" type="nursery" />
<cycle-start id="4619" type="scavenge" contextid="0" timestamp="2019-06-16T18:48:47.620" intervalms="5.265" />
<gc-start id="4620" type="scavenge" contextid="4619" timestamp="2019-06-16T18:48:47.620">
  <mem-info id="4621" free="2030642280" total="2092630016" percent="97">
    <mem type="nursery" free="0" total="3932160" percent="0">
      <mem type="allocate" free="0" total="3080192" percent="0" />
      <mem type="survivor" free="0" total="851968" percent="0" />
    </mem>
    <mem type="tenure" free="2030642280" total="2088697856" percent="97">
      <mem type="soa" free="1926207592" total="1984263168" percent="97" />
      <mem type="loa" free="104434688" total="104434688" percent="100" />
    </mem>
    <remembered-set count="184" />
  </mem-info>
</gc-start>
<allocation-stats totalBytes="2422776" >
  <allocated-bytes non-tlh="64" tlh="2422712" />
  <largest-consumer threadName="PmdThread 3" threadId="0000000000A81400" bytes="1005856" />
</allocation-stats>
<gc-op id="4622" type="scavenge" timems="2.303" contextid="4619" timestamp="2019-06-16T18:48:47.622">
  <scavenger-info tenureage="1" tenuremask="7ffe" tiltratio="78" />
  <memory-copied type="nursery" objects="7115" bytes="440272" bytesdiscarded="53968" />
  <memory-copied type="tenure" objects="3875" bytes="369488" bytesdiscarded="80" />
  <references type="weak" candidates="45" cleared="45" enqueued="45" />
  <references type="phantom" candidates="6" cleared="5" enqueued="5" />
</gc-op>
<gc-end id="4623" type="scavenge" contextid="4619" durationms="2.472" usertimems="0.000" systemtimems="4.000" timestamp="2019-06-16T18:48:47.622" activeThreads="4">
  <mem-info id="4624" free="2032925656" total="2092630016" percent="97">
    <mem type="nursery" free="2649552" total="3932160" percent="67">
      <mem type="allocate" free="2649552" total="3145728" percent="84" />
      <mem type="survivor" free="0" total="786432" percent="0" />
    </mem>
    <mem type="tenure" free="2030276104" total="2088697856" percent="97">
      <mem type="soa" free="1925841416" total="1984263168" percent="97" />
      <mem type="loa" free="104434688" total="104434688" percent="100" />
    </mem>
    <pending-finalizers system="0" default="0" reference="50" classloader="0" />
    <remembered-set count="206" />
  </mem-info>
</gc-end>
<cycle-end id="4625" type="scavenge" contextid="4619" timestamp="2019-06-16T18:48:47.622" />
  <attribute name="elasticGC enabled" value="1" />
  <attribute name= "numThreadsSpecified" value="4" />
  <attribute name="heapSize specified" value="9830400" />
  <attribute name="Current GC Util" value="34" />
  <attribute name= "Current Time Running" value="5491" />
  <attribute name ="GC Interval" value="200" />
  <attribute name="ProportionalT" value="14.000000" />
  <attribute name="ProportionalI" value="14.000000" />
  <attribute name="ProportionalH" value="14.000000" />
  <attribute name="Current Error" value="14.000000" />
  <attribute name="IntegralT" value="70.000000" />
  <attribute name="IntegralI" value="70.000000" />
  <attribute name="IntegralH" value="70.000000" />
  <attribute name="DerivativeT" value="-4.100000" />
  <attribute name="DerivativeI" value="-4.100000" />
  <attribute name="DerivativeH" value="-4.100000" />
  <attribute name="Loop Time for DT" value="5.000000" />
  <attribute name="Output H" value="8388608"/>
  <attribute name="Output I" value="200"/>
  <attribute name="Output T" value="4"/>
  <attribute name="Target GC Util Change" value ="20.000000" />
  <attribute name="Current GC Util Change" value="34.000000"/>
  <attribute name="GC Util currently" value="34" />
  <attribute name="CPU Util currently" value="877266907956" />
<allocation-satisfied id="4626" threadId="0000000000A7D800" bytesRequested="8200" />
<af-end id="4627" timestamp="2019-06-16T18:48:47.622" threadId="0000000000A7E188" success="true" from="nursery"/>
<exclusive-end id="4628" timestamp="2019-06-16T18:48:47.622" durationms="2.836" />

<exclusive-start id="4629" timestamp="2019-06-16T18:48:47.626" intervalms="6.919">
  <response-info timems="0.037" idlems="0.037" threads="0" lastid="0000000000A85000" lastname="PmdThread 4" />
</exclusive-start>
<af-start id="4630" threadId="0000000000A85988" totalBytesRequested="24" timestamp="2019-06-16T18:48:47.627" intervalms="6.949" type="nursery" />
<cycle-start id="4631" type="scavenge" contextid="0" timestamp="2019-06-16T18:48:47.627" intervalms="6.968" />
<gc-start id="4632" type="scavenge" contextid="4631" timestamp="2019-06-16T18:48:47.627">
  <mem-info id="4633" free="2030276104" total="2092630016" percent="97">
    <mem type="nursery" free="0" total="3932160" percent="0">
      <mem type="allocate" free="0" total="3145728" percent="0" />
      <mem type="survivor" free="0" total="786432" percent="0" />
    </mem>
    <mem type="tenure" free="2030276104" total="2088697856" percent="97">
      <mem type="soa" free="1925841416" total="1984263168" percent="97" />
      <mem type="loa" free="104434688" total="104434688" percent="100" />
    </mem>
    <remembered-set count="240" />
  </mem-info>
</gc-start>
<allocation-stats totalBytes="2648000" >
  <allocated-bytes non-tlh="8200" tlh="2639800" />
  <largest-consumer threadName="PmdThread 2" threadId="0000000000A7D800" bytes="1011488" />
</allocation-stats>
<gc-op id="4634" type="scavenge" timems="0.690" contextid="4631" timestamp="2019-06-16T18:48:47.628">
  <scavenger-info tenureage="1" tenuremask="7ffe" tiltratio="80" />
  <memory-copied type="nursery" objects="8721" bytes="579088" bytesdiscarded="133184" />
  <memory-copied type="tenure" objects="4597" bytes="280808" bytesdiscarded="80" />
  <references type="weak" candidates="37" cleared="37" enqueued="37" />
  <references type="phantom" candidates="4" cleared="3" enqueued="3" />
</gc-op>
<gc-end id="4635" type="scavenge" contextid="4631" durationms="0.899" usertimems="4.000" systemtimems="0.000" timestamp="2019-06-16T18:48:47.628" activeThreads="4">
  <mem-info id="4636" free="2032298752" total="2092630016" percent="97">
    <mem type="nursery" free="2433024" total="3932160" percent="61">
      <mem type="allocate" free="2433024" total="3145728" percent="77" />
      <mem type="survivor" free="0" total="786432" percent="0" />
    </mem>
    <mem type="tenure" free="2029865728" total="2088697856" percent="97">
      <mem type="soa" free="1925431040" total="1984263168" percent="97" />
      <mem type="loa" free="104434688" total="104434688" percent="100" />
    </mem>
    <pending-finalizers system="0" default="0" reference="40" classloader="0" />
    <remembered-set count="146" />
  </mem-info>
</gc-end>
<cycle-end id="4637" type="scavenge" contextid="4631" timestamp="2019-06-16T18:48:47.628" />
  <attribute name="elasticGC enabled" value="1" />
  <attribute name= "numThreadsSpecified" value="4" />
  <attribute name="heapSize specified" value="9830400" />
  <attribute name="Current GC Util" value="60" />
  <attribute name= "Current Time Running" value="5498" />
  <attribute name ="GC Interval" value="328" />
  <attribute name="ProportionalT" value="40.000000" />
  <attribute name="ProportionalI" value="40.000000" />
  <attribute name="ProportionalH" value="40.000000" />
  <attribute name="Current Error" value="40.000000" />
  <attribute name="IntegralT" value="280.000000" />
  <attribute name="IntegralI" value="280.000000" />
  <attribute name="IntegralH" value="280.000000" />
  <attribute name="DerivativeT" value="1.857143" />
  <attribute name="DerivativeI" value="1.857143" />
  <attribute name="DerivativeH" value="1.857143" />
  <attribute name="Loop Time for DT" value="7.000000" />
  <attribute name="Output H" value="8388608"/>
  <attribute name="Output I" value="328"/>
  <attribute name="Output T" value="4"/>
  <attribute name="Target GC Util Change" value ="20.000000" />
  <attribute name="Current GC Util Change" value="60.000000"/>
  <attribute name="GC Util currently" value="60" />
  <attribute name="CPU Util currently" value="659087217271" />
<allocation-satisfied id="4638" threadId="0000000000A85000" bytesRequested="24" />
<af-end id="4639" timestamp="2019-06-16T18:48:47.628" threadId="0000000000A85988" success="true" from="nursery"/>
<exclusive-end id="4640" timestamp="2019-06-16T18:48:47.628" durationms="1.409" />

<exclusive-start id="4641" timestamp="2019-06-16T18:48:47.636" intervalms="9.023">
  <response-info timems="0.032" idlems="0.032" threads="0" lastid="0000000000A81400" lastname="PmdThread 3" />
</exclusive-start>
<af-start id="4642" threadId="0000000000A81D88" totalBytesRequested="56" timestamp="2019-06-16T18:48:47.636" intervalms="9.090" type="nursery" />
<cycle-start id="4643" type="scavenge" contextid="0" timestamp="2019-06-16T18:48:47.636" intervalms="9.082" />
<gc-start id="4644" type="scavenge" contextid="4643" timestamp="2019-06-16T18:48:47.636">
  <mem-info id="4645" free="2029865728" total="2092630016" percent="97">
    <mem type="nursery" free="0" total="3932160" percent="0">
      <mem type="allocate" free="0" total="3145728" percent="0" />
      <mem type="survivor" free="0" total="786432" percent="0" />
    </mem>
    <mem type="tenure" free="2029865728" total="2088697856" percent="97">
      <mem type="soa" free="1925431040" total="1984263168" percent="97" />
      <mem type="loa" free="104434688" total="104434688" percent="100" />
    </mem>
    <remembered-set count="166" />
  </mem-info>
</gc-start>
<allocation-stats totalBytes="2421368" >
  <allocated-bytes non-tlh="24" tlh="2421344" />
  <largest-consumer threadName="PmdThread 3" threadId="0000000000A81400" bytes="1109488" />
</allocation-stats>
<gc-op id="4646" type="scavenge" timems="2.233" contextid="4643" timestamp="2019-06-16T18:48:47.638">
  <scavenger-info tenureage="1" tenuremask="7ffe" tiltratio="80" />
  <memory-copied type="nursery" objects="3648" bytes="261576" bytesdiscarded="91752" />
  <memory-copied type="tenure" objects="7760" bytes="468920" bytesdiscarded="296" />
  <references type="weak" candidates="80" cleared="80" enqueued="80" />
  <references type="phantom" candidates="3" cleared="2" enqueued="2" />
</gc-op>
<gc-end id="4647" type="scavenge" contextid="4643" durationms="2.592" usertimems="4.000" systemtimems="0.000" timestamp="2019-06-16T18:48:47.638" activeThreads="4">
  <mem-info id="4648" free="2032194744" total="2092630016" percent="97">
    <mem type="nursery" free="2791904" total="3932160" percent="71">
      <mem type="allocate" free="2791904" total="3145728" percent="88" />
      <mem type="survivor" free="0" total="786432" percent="0" />
    </mem>
    <mem type="tenure" free="2029402840" total="2088697856" percent="97">
      <mem type="soa" free="1924968152" total="1984263168" percent="97" />
      <mem type="loa" free="104434688" total="104434688" percent="100" />
    </mem>
    <pending-finalizers system="0" default="0" reference="82" classloader="0" />
    <remembered-set count="403" />
  </mem-info>
</gc-end>
<cycle-end id="4649" type="scavenge" contextid="4643" timestamp="2019-06-16T18:48:47.638" />
  <attribute name="elasticGC enabled" value="1" />
  <attribute name= "numThreadsSpecified" value="4" />
  <attribute name="heapSize specified" value="9830400" />
  <attribute name="Current GC Util" value="21" />
  <attribute name= "Current Time Running" value="5507" />
  <attribute name ="GC Interval" value="200" />
  <attribute name="ProportionalT" value="1.000000" />
  <attribute name="ProportionalI" value="1.000000" />
  <attribute name="ProportionalH" value="1.000000" />
  <attribute name="Current Error" value="1.000000" />
  <attribute name="IntegralT" value="9.000000" />
  <attribute name="IntegralI" value="9.000000" />
  <attribute name="IntegralH" value="9.000000" />
  <attribute name="DerivativeT" value="-2.166667" />
  <attribute name="DerivativeI" value="-2.166667" />
  <attribute name="DerivativeH" value="-2.166667" />
  <attribute name="Loop Time for DT" value="9.000000" />
  <attribute name="Output H" value="8388608"/>
  <attribute name="Output I" value="200"/>
  <attribute name="Output T" value="4"/>
  <attribute name="Target GC Util Change" value ="20.000000" />
  <attribute name="Current GC Util Change" value="21.000000"/>
  <attribute name="GC Util currently" value="21" />
  <attribute name="CPU Util currently" value="507944440199" />
<allocation-satisfied id="4650" threadId="0000000000A81400" bytesRequested="56" />
<af-end id="4651" timestamp="2019-06-16T18:48:47.639" threadId="0000000000A81D88" success="true" from="nursery"/>
<exclusive-end id="4652" timestamp="2019-06-16T18:48:47.639" durationms="3.110" />

<exclusive-start id="4653" timestamp="2019-06-16T18:48:47.644" intervalms="8.348">
  <response-info timems="0.043" idlems="0.043" threads="0" lastid="0000000000A7D800" lastname="PmdThread 2" />
</exclusive-start>
<af-start id="4654" threadId="0000000000A7E188" totalBytesRequested="72" timestamp="2019-06-16T18:48:47.644" intervalms="8.253" type="nursery" />
<cycle-start id="4655" type="scavenge" contextid="0" timestamp="2019-06-16T18:48:47.644" intervalms="8.243" />
<gc-start id="4656" type="scavenge" contextid="4655" timestamp="2019-06-16T18:48:47.644">
  <mem-info id="4657" free="2029402648" total="2092630016" percent="96">
    <mem type="nursery" free="0" total="3932160" percent="0">
      <mem type="allocate" free="0" total="3145728" percent="0" />
      <mem type="survivor" free="0" total="786432" percent="0" />
    </mem>
    <mem type="tenure" free="2029402648" total="2088697856" percent="97">
      <mem type="soa" free="1924967960" total="1984263168" percent="97" />
      <mem type="loa" free="104434688" total="104434688" percent="100" />
    </mem>
    <remembered-set count="485" />
  </mem-info>
</gc-start>
<allocation-stats totalBytes="2789416" >
  <allocated-bytes non-tlh="16640" tlh="2772776" />
  <largest-consumer threadName="PmdThread 3" threadId="0000000000A81400" bytes="957920" />
</allocation-stats>
<gc-op id="4658" type="scavenge" timems="2.613" contextid="4655" timestamp="2019-06-16T18:48:47.647">
  <scavenger-info tenureage="2" tenuremask="7ffc" tiltratio="80" />
  <memory-copied type="nursery" objects="9098" bytes="647264" bytesdiscarded="138112" />
  <memory-copied type="tenure" objects="824" bytes="34024" bytesdiscarded="40" />
  <copy-failed type="nursery" objects="824" bytes="34024" />
  <references type="weak" candidates="90" cleared="89" enqueued="89" />
  <references type="phantom" candidates="10" cleared="7" enqueued="7" />
</gc-op>
<gc-end id="4659" type="scavenge" contextid="4655" durationms="2.771" usertimems="8.000" systemtimems="0.000" timestamp="2019-06-16T18:48:47.647" activeThreads="4">
  <mem-info id="4660" free="2031264024" total="2092630016" percent="97">
    <mem type="nursery" free="1900544" total="3932160" percent="48">
      <mem type="allocate" free="1900544" total="2686976" percent="70" />
      <mem type="survivor" free="0" total="1245184" percent="0" />
    </mem>
    <mem type="tenure" free="2029363480" total="2088697856" percent="97">
      <mem type="soa" free="1924928792" total="1984263168" percent="97" />
      <mem type="loa" free="104434688" total="104434688" percent="100" />
    </mem>
    <pending-finalizers system="0" default="0" reference="96" classloader="0" />
    <remembered-set count="714" />
  </mem-info>
</gc-end>
<cycle-end id="4661" type="scavenge" contextid="4655" timestamp="2019-06-16T18:48:47.647" />
  <attribute name="elasticGC enabled" value="1" />
  <attribute name= "numThreadsSpecified" value="4" />
  <attribute name="heapSize specified" value="9830400" />
  <attribute name="Current GC Util" value="60" />
  <attribute name= "Current Time Running" value="5516" />
  <attribute name ="GC Interval" value="408" />
  <attribute name="ProportionalT" value="40.000000" />
  <attribute name="ProportionalI" value="40.000000" />
  <attribute name="ProportionalH" value="40.000000" />
  <attribute name="Current Error" value="40.000000" />
  <attribute name="IntegralT" value="360.000000" />
  <attribute name="IntegralI" value="360.000000" />
  <attribute name="IntegralH" value="360.000000" />
  <attribute name="DerivativeT" value="2.166667" />
  <attribute name="DerivativeI" value="2.166667" />
  <attribute name="DerivativeH" value="2.166667" />
  <attribute name="Loop Time for DT" value="9.000000" />
  <attribute name="Output H" value="8388608"/>
  <attribute name="Output I" value="408"/>
  <attribute name="Output T" value="4"/>
  <attribute name="Target GC Util Change" value ="20.000000" />
  <attribute name="Current GC Util Change" value="60.000000"/>
  <attribute name="GC Util currently" value="60" />
  <attribute name="CPU Util currently" value="561780031581" />
<allocation-satisfied id="4662" threadId="0000000000A7D800" bytesRequested="72" />
<af-end id="4663" timestamp="2019-06-16T18:48:47.647" threadId="0000000000A7E188" success="true" from="nursery"/>
<exclusive-end id="4664" timestamp="2019-06-16T18:48:47.647" durationms="3.148" />

<exclusive-start id="4665" timestamp="2019-06-16T18:48:47.650" intervalms="5.799">
  <response-info timems="0.047" idlems="0.047" threads="0" lastid="0000000000A85000" lastname="PmdThread 4" />
</exclusive-start>
<af-start id="4666" threadId="0000000000A85988" totalBytesRequested="24" timestamp="2019-06-16T18:48:47.650" intervalms="5.811" type="nursery" />
<cycle-start id="4667" type="scavenge" contextid="0" timestamp="2019-06-16T18:48:47.650" intervalms="5.821" />
<gc-start id="4668" type="scavenge" contextid="4667" timestamp="2019-06-16T18:48:47.650">
  <mem-info id="4669" free="2029363480" total="2092630016" percent="96">
    <mem type="nursery" free="0" total="3932160" percent="0">
      <mem type="allocate" free="0" total="2686976" percent="0" />
      <mem type="survivor" free="0" total="1245184" percent="0" />
    </mem>
    <mem type="tenure" free="2029363480" total="2088697856" percent="97">
      <mem type="soa" free="1924928792" total="1984263168" percent="97" />
      <mem type="loa" free="104434688" total="104434688" percent="100" />
    </mem>
    <remembered-set count="737" />
  </mem-info>
</gc-start>
<allocation-stats totalBytes="1899856" >
  <allocated-bytes non-tlh="72" tlh="1899784" />
  <largest-consumer threadName="PmdThread 2" threadId="0000000000A7D800" bytes="905136" />
</allocation-stats>
<gc-op id="4670" type="scavenge" timems="3.863" contextid="4667" timestamp="2019-06-16T18:48:47.654">
  <scavenger-info tenureage="2" tenuremask="7ffc" tiltratio="68" />
  <memory-copied type="nursery" objects="17651" bytes="952336" bytesdiscarded="136960" />
  <memory-copied type="tenure" objects="3140" bytes="217984" bytesdiscarded="8" />
  <references type="weak" candidates="32" cleared="32" enqueued="32" />
  <references type="phantom" candidates="7" cleared="6" enqueued="6" />
</gc-op>
<gc-end id="4671" type="scavenge" contextid="4667" durationms="4.270" usertimems="8.000" systemtimems="0.000" timestamp="2019-06-16T18:48:47.654" activeThreads="4">
  <mem-info id="4672" free="2030784136" total="2092630016" percent="97">
    <mem type="nursery" free="1531792" total="3932160" percent="38">
      <mem type="allocate" free="1531792" total="2621440" percent="58" />
      <mem type="survivor" free="0" total="1310720" percent="0" />
    </mem>
    <mem type="tenure" free="2029252344" total="2088697856" percent="97">
      <mem type="soa" free="1924817656" total="1984263168" percent="97" />
      <mem type="loa" free="104434688" total="104434688" percent="100" />
    </mem>
    <pending-finalizers system="0" default="0" reference="38" classloader="0" />
    <remembered-set count="271" />
  </mem-info>
</gc-end>
<cycle-end id="4673" type="scavenge" contextid="4667" timestamp="2019-06-16T18:48:47.654" />
  <attribute name="elasticGC enabled" value="1" />
  <attribute name= "numThreadsSpecified" value="4" />
  <attribute name="heapSize specified" value="9830400" />
  <attribute name="Current GC Util" value="98" />
  <attribute name= "Current Time Running" value="5521" />
  <attribute name ="GC Interval" value="472" />
  <attribute name="ProportionalT" value="78.000000" />
  <attribute name="ProportionalI" value="78.000000" />
  <attribute name="ProportionalH" value="78.000000" />
  <attribute name="Current Error" value="78.000000" />
  <attribute name="IntegralT" value="390.000000" />
  <attribute name="IntegralI" value="390.000000" />
  <attribute name="IntegralH" value="390.000000" />
  <attribute name="DerivativeT" value="3.800000" />
  <attribute name="DerivativeI" value="3.800000" />
  <attribute name="DerivativeH" value="3.800000" />
  <attribute name="Loop Time for DT" value="5.000000" />
  <attribute name="Output H" value="8388608"/>
  <attribute name="Output I" value="472"/>
  <attribute name="Output T" value="4"/>
  <attribute name="Target GC Util Change" value ="20.000000" />
  <attribute name="Current GC Util Change" value="98.000000"/>
  <attribute name="GC Util currently" value="98" />
  <attribute name="CPU Util currently" value="788995262098" />
<allocation-satisfied id="4674" threadId="0000000000A85000" bytesRequested="24" />
<af-end id="4675" timestamp="2019-06-16T18:48:47.655" threadId="0000000000A85988" success="true" from="nursery"/>
<exclusive-end id="4676" timestamp="2019-06-16T18:48:47.655" durationms="5.067" />

<exclusive-start id="4677" timestamp="2019-06-16T18:48:47.657" intervalms="6.953">
  <response-info timems="0.056" idlems="0.056" threads="0" lastid="0000000000A7D800" lastname="PmdThread 2" />
</exclusive-start>
<af-start id="4678" threadId="0000000000A7E188" totalBytesRequested="80" timestamp="2019-06-16T18:48:47.657" intervalms="6.939" type="nursery" />
<cycle-start id="4679" type="scavenge" contextid="0" timestamp="2019-06-16T18:48:47.657" intervalms="6.928" />
<gc-start id="4680" type="scavenge" contextid="4679" timestamp="2019-06-16T18:48:47.657">
  <mem-info id="4681" free="2029252344" total="2092630016" percent="96">
    <mem type="nursery" free="0" total="3932160" percent="0">
      <mem type="allocate" free="0" total="2621440" percent="0" />
      <mem type="survivor" free="0" total="1310720" percent="0" />
    </mem>
    <mem type="tenure" free="2029252344" total="2088697856" percent="97">
      <mem type="soa" free="1924817656" total="1984263168" percent="97" />
      <mem type="loa" free="104434688" total="104434688" percent="100" />
    </mem>
    <remembered-set count="281" />
  </mem-info>
</gc-start>
<allocation-stats totalBytes="1530816" >
  <allocated-bytes non-tlh="24" tlh="1530792" />
  <largest-consumer threadName="PmdThread 1" threadId="0000000000A79C00" bytes="511232" />
</allocation-stats>
<gc-op id="4682" type="scavenge" timems="2.234" contextid="4679" timestamp="2019-06-16T18:48:47.659">
  <scavenger-info tenureage="1" tenuremask="7ffe" tiltratio="66" />
  <memory-copied type="nursery" objects="6243" bytes="298656" bytesdiscarded="170328" />
  <memory-copied type="tenure" objects="16406" bytes="843128" bytesdiscarded="408" />
  <references type="weak" candidates="46" cleared="43" enqueued="43" />
  <references type="phantom" candidates="2" cleared="1" enqueued="1" />
</gc-op>
<gc-end id="4683" type="scavenge" contextid="4679" durationms="2.389" usertimems="0.000" systemtimems="4.000" timestamp="2019-06-16T18:48:47.659" activeThreads="4">
  <mem-info id="4684" free="2030639016" total="2092630016" percent="97">
    <mem type="nursery" free="2217960" total="3932160" percent="56">
      <mem type="allocate" free="2217960" total="2686976" percent="82" />
      <mem type="survivor" free="0" total="1245184" percent="0" />
    </mem>
    <mem type="tenure" free="2028421056" total="2088697856" percent="97">
      <mem type="soa" free="1923986368" total="1984263168" percent="96" />
      <mem type="loa" free="104434688" total="104434688" percent="100" />
    </mem>
    <pending-finalizers system="0" default="0" reference="44" classloader="0" />
    <remembered-set count="191" />
  </mem-info>
</gc-end>
<cycle-end id="4685" type="scavenge" contextid="4679" timestamp="2019-06-16T18:48:47.659" />
  <attribute name="elasticGC enabled" value="1" />
  <attribute name= "numThreadsSpecified" value="4" />
  <attribute name="heapSize specified" value="9830400" />
  <attribute name="Current GC Util" value="118" />
  <attribute name= "Current Time Running" value="5528" />
  <attribute name ="GC Interval" value="792" />
  <attribute name="ProportionalT" value="98.000000" />
  <attribute name="ProportionalI" value="98.000000" />
  <attribute name="ProportionalH" value="98.000000" />
  <attribute name="Current Error" value="98.000000" />
  <attribute name="IntegralT" value="686.000000" />
  <attribute name="IntegralI" value="686.000000" />
  <attribute name="IntegralH" value="686.000000" />
  <attribute name="DerivativeT" value="1.428571" />
  <attribute name="DerivativeI" value="1.428571" />
  <attribute name="DerivativeH" value="1.428571" />
  <attribute name="Loop Time for DT" value="7.000000" />
  <attribute name="Output H" value="8388608"/>
  <attribute name="Output I" value="792"/>
  <attribute name="Output T" value="4"/>
  <attribute name="Target GC Util Change" value ="20.000000" />
  <attribute name="Current GC Util Change" value="118.000000"/>
  <attribute name="GC Util currently" value="118" />
  <attribute name="CPU Util currently" value="668850875360" />
<allocation-satisfied id="4686" threadId="0000000000A7D800" bytesRequested="80" />
<af-end id="4687" timestamp="2019-06-16T18:48:47.659" threadId="0000000000A7E188" success="true" from="nursery"/>
<exclusive-end id="4688" timestamp="2019-06-16T18:48:47.659" durationms="2.749" />

<exclusive-start id="4689" timestamp="2019-06-16T18:48:47.662" intervalms="5.518">
  <response-info timems="0.067" idlems="0.067" threads="0" lastid="0000000000A7D800" lastname="PmdThread 2" />
</exclusive-start>
<af-start id="4690" threadId="0000000000A7E188" totalBytesRequested="3184" timestamp="2019-06-16T18:48:47.662" intervalms="5.749" type="nursery" />
<cycle-start id="4691" type="scavenge" contextid="0" timestamp="2019-06-16T18:48:47.662" intervalms="5.750" />
<gc-start id="4692" type="scavenge" contextid="4691" timestamp="2019-06-16T18:48:47.663">
  <mem-info id="4693" free="2028421056" total="2092630016" percent="96">
    <mem type="nursery" free="0" total="3932160" percent="0">
      <mem type="allocate" free="0" total="2686976" percent="0" />
      <mem type="survivor" free="0" total="1245184" percent="0" />
    </mem>
    <mem type="tenure" free="2028421056" total="2088697856" percent="97">
      <mem type="soa" free="1923986368" total="1984263168" percent="96" />
      <mem type="loa" free="104434688" total="104434688" percent="100" />
    </mem>
    <remembered-set count="795" />
  </mem-info>
</gc-start>
<allocation-stats totalBytes="2205072" >
  <allocated-bytes non-tlh="80" tlh="2204992" />
  <largest-consumer threadName="PmdThread 2" threadId="0000000000A7D800" bytes="865280" />
</allocation-stats>
<gc-op id="4694" type="scavenge" timems="1.960" contextid="4691" timestamp="2019-06-16T18:48:47.665">
  <scavenger-info tenureage="1" tenuremask="7ffe" tiltratio="68" />
  <memory-copied type="nursery" objects="3483" bytes="217936" bytesdiscarded="111512" />
  <memory-copied type="tenure" objects="5711" bytes="275488" bytesdiscarded="144" />
  <references type="weak" candidates="41" cleared="41" enqueued="41" />
  <references type="phantom" candidates="2" cleared="1" enqueued="1" />
</gc-op>
<gc-end id="4695" type="scavenge" contextid="4691" durationms="2.113" usertimems="4.000" systemtimems="0.000" timestamp="2019-06-16T18:48:47.665" activeThreads="4">
  <mem-info id="4696" free="2030650008" total="2092630016" percent="97">
    <mem type="nursery" free="2488560" total="3932160" percent="63">
      <mem type="allocate" free="2488560" total="2818048" percent="88" />
      <mem type="survivor" free="0" total="1114112" percent="0" />
    </mem>
    <mem type="tenure" free="2028161448" total="2088697856" percent="97">
      <mem type="soa" free="1923726760" total="1984263168" percent="96" />
      <mem type="loa" free="104434688" total="104434688" percent="100" />
    </mem>
    <pending-finalizers system="0" default="0" reference="42" classloader="0" />
    <remembered-set count="998" />
  </mem-info>
</gc-end>
<cycle-end id="4697" type="scavenge" contextid="4691" timestamp="2019-06-16T18:48:47.665" />
  <attribute name="elasticGC enabled" value="1" />
  <attribute name= "numThreadsSpecified" value="4" />
  <attribute name="heapSize specified" value="9830400" />
  <attribute name="Current GC Util" value="75" />
  <attribute name= "Current Time Running" value="5534" />
  <attribute name ="GC Interval" value="384" />
  <attribute name="ProportionalT" value="55.000000" />
  <attribute name="ProportionalI" value="55.000000" />
  <attribute name="ProportionalH" value="55.000000" />
  <attribute name="Current Error" value="55.000000" />
  <attribute name="IntegralT" value="330.000000" />
  <attribute name="IntegralI" value="330.000000" />
  <attribute name="IntegralH" value="330.000000" />
  <attribute name="DerivativeT" value="-3.583333" />
  <attribute name="DerivativeI" value="-3.583333" />
  <attribute name="DerivativeH" value="-3.583333" />
  <attribute name="Loop Time for DT" value="6.000000" />
  <attribute name="Output H" value="8388608"/>
  <attribute name="Output I" value="384"/>
  <attribute name="Output T" value="4"/>
  <attribute name="Target GC Util Change" value ="20.000000" />
  <attribute name="Current GC Util Change" value="75.000000"/>
  <attribute name="GC Util currently" value="75" />
  <attribute name="CPU Util currently" value="801608677709" />
<allocation-satisfied id="4698" threadId="0000000000A7D800" bytesRequested="3184" />
<af-end id="4699" timestamp="2019-06-16T18:48:47.665" threadId="0000000000A7E188" success="true" from="nursery"/>
<exclusive-end id="4700" timestamp="2019-06-16T18:48:47.665" durationms="2.735" />

<exclusive-start id="4701" timestamp="2019-06-16T18:48:47.669" intervalms="7.151">
  <response-info timems="0.042" idlems="0.042" threads="0" lastid="0000000000A7D800" lastname="PmdThread 2" />
</exclusive-start>
<af-start id="4702" threadId="0000000000A7E188" totalBytesRequested="768" timestamp="2019-06-16T18:48:47.669" intervalms="6.919" type="nursery" />
<cycle-start id="4703" type="scavenge" contextid="0" timestamp="2019-06-16T18:48:47.669" intervalms="6.917" />
<gc-start id="4704" type="scavenge" contextid="4703" timestamp="2019-06-16T18:48:47.669">
  <mem-info id="4705" free="2028160856" total="2092630016" percent="96">
    <mem type="nursery" free="0" total="3932160" percent="0">
      <mem type="allocate" free="0" total="2818048" percent="0" />
      <mem type="survivor" free="0" total="1114112" percent="0" />
    </mem>
    <mem type="tenure" free="2028160856" total="2088697856" percent="97">
      <mem type="soa" free="1923726168" total="1984263168" percent="96" />
      <mem type="loa" free="104434688" total="104434688" percent="100" />
    </mem>
    <remembered-set count="1384" />
  </mem-info>
</gc-start>
<allocation-stats totalBytes="2487832" >
  <allocated-bytes non-tlh="3776" tlh="2484056" />
  <largest-consumer threadName="PmdThread 2" threadId="0000000000A7D800" bytes="768392" />
</allocation-stats>
<gc-op id="4706" type="scavenge" timems="2.223" contextid="4703" timestamp="2019-06-16T18:48:47.672">
  <scavenger-info tenureage="2" tenuremask="7ffc" tiltratio="71" />
  <memory-copied type="nursery" objects="11536" bytes="716088" bytesdiscarded="64888" />
  <references type="weak" candidates="45" cleared="45" enqueued="45" />
  <references type="phantom" candidates="5" cleared="3" enqueued="3" />
</gc-op>
<gc-end id="4707" type="scavenge" contextid="4703" durationms="2.374" usertimems="8.000" systemtimems="0.000" timestamp="2019-06-16T18:48:47.672" activeThreads="4">
  <mem-info id="4708" free="2030000936" total="2092630016" percent="97">
    <mem type="nursery" free="1840080" total="3932160" percent="46">
      <mem type="allocate" free="1840080" total="2621440" percent="70" />
      <mem type="survivor" free="0" total="1310720" percent="0" />
    </mem>
    <mem type="tenure" free="2028160856" total="2088697856" percent="97">
      <mem type="soa" free="1923726168" total="1984263168" percent="96" />
      <mem type="loa" free="104434688" total="104434688" percent="100" />
    </mem>
    <pending-finalizers system="0" default="0" reference="48" classloader="0" />
    <remembered-set count="991" />
  </mem-info>
</gc-end>
<cycle-end id="4709" type="scavenge" contextid="4703" timestamp="2019-06-16T18:48:47.672" />
  <attribute name="elasticGC enabled" value="1" />
  <attribute name= "numThreadsSpecified" value="4" />
  <attribute name="heapSize specified" value="9830400" />
  <attribute name="Current GC Util" value="51" />
  <attribute name= "Current Time Running" value="5541" />
  <attribute name ="GC Interval" value="248" />
  <attribute name="ProportionalT" value="31.000000" />
  <attribute name="ProportionalI" value="31.000000" />
  <attribute name="ProportionalH" value="31.000000" />
  <attribute name="Current Error" value="31.000000" />
  <attribute name="IntegralT" value="217.000000" />
  <attribute name="IntegralI" value="217.000000" />
  <attribute name="IntegralH" value="217.000000" />
  <attribute name="DerivativeT" value="-1.714286" />
  <attribute name="DerivativeI" value="-1.714286" />
  <attribute name="DerivativeH" value="-1.714286" />
  <attribute name="Loop Time for DT" value="7.000000" />
  <attribute name="Output H" value="8388608"/>
  <attribute name="Output I" value="248"/>
  <attribute name="Output T" value="4"/>
  <attribute name="Target GC Util Change" value ="20.000000" />
  <attribute name="Current GC Util Change" value="51.000000"/>
  <attribute name="GC Util currently" value="51" />
  <attribute name="CPU Util currently" value="666815305647" />
<allocation-satisfied id="4710" threadId="0000000000A7D800" bytesRequested="768" />
<af-end id="4711" timestamp="2019-06-16T18:48:47.672" threadId="0000000000A7E188" success="true" from="nursery"/>
<exclusive-end id="4712" timestamp="2019-06-16T18:48:47.672" durationms="2.850" />

<exclusive-start id="4713" timestamp="2019-06-16T18:48:47.675" intervalms="6.142">
  <response-info timems="0.231" idlems="0.117" threads="1" lastid="0000000000A85000" lastname="PmdThread 4" />
</exclusive-start>
<af-start id="4714" threadId="0000000000A81D88" totalBytesRequested="48" timestamp="2019-06-16T18:48:47.675" intervalms="6.154" type="nursery" />
<cycle-start id="4715" type="scavenge" contextid="0" timestamp="2019-06-16T18:48:47.676" intervalms="6.166" />
<gc-start id="4716" type="scavenge" contextid="4715" timestamp="2019-06-16T18:48:47.676">
  <mem-info id="4717" free="2028160032" total="2092630016" percent="96">
    <mem type="nursery" free="0" total="3932160" percent="0">
      <mem type="allocate" free="0" total="2621440" percent="0" />
      <mem type="survivor" free="0" total="1310720" percent="0" />
    </mem>
    <mem type="tenure" free="2028160032" total="2088697856" percent="97">
      <mem type="soa" free="1923725344" total="1984263168" percent="96" />
      <mem type="loa" free="104434688" total="104434688" percent="100" />
    </mem>
    <remembered-set count="1075" />
  </mem-info>
</gc-start>
<allocation-stats totalBytes="1839656" >
  <allocated-bytes non-tlh="1592" tlh="1838064" />
  <largest-consumer threadName="PmdThread 4" threadId="0000000000A85000" bytes="721056" />
</allocation-stats>
<gc-op id="4718" type="scavenge" timems="3.227" contextid="4715" timestamp="2019-06-16T18:48:47.679">
  <scavenger-info tenureage="2" tenuremask="7ffc" tiltratio="66" />
  <memory-copied type="nursery" objects="9427" bytes="579744" bytesdiscarded="153176" />
  <memory-copied type="tenure" objects="3262" bytes="156504" bytesdiscarded="520" />
  <references type="soft" candidates="2" cleared="0" enqueued="0" dynamicThreshold="31" maxThreshold="32" />
  <references type="weak" candidates="50" cleared="50" enqueued="50" />
  <references type="phantom" candidates="2" cleared="2" enqueued="2" />
</gc-op>
<gc-end id="4719" type="scavenge" contextid="4715" durationms="3.635" usertimems="8.000" systemtimems="0.000" timestamp="2019-06-16T18:48:47.679" activeThreads="4">
  <mem-info id="4720" free="2030073808" total="2092630016" percent="97">
    <mem type="nursery" free="2016704" total="3932160" percent="51">
      <mem type="allocate" free="2016704" total="2752512" percent="73" />
      <mem type="survivor" free="0" total="1179648" percent="0" />
    </mem>
    <mem type="tenure" free="2028057104" total="2088697856" percent="97">
      <mem type="soa" free="1923622416" total="1984263168" percent="96" />
      <mem type="loa" free="104434688" total="104434688" percent="100" />
    </mem>
    <pending-finalizers system="0" default="0" reference="52" classloader="0" />
    <remembered-set count="193" />
  </mem-info>
</gc-end>
<cycle-end id="4721" type="scavenge" contextid="4715" timestamp="2019-06-16T18:48:47.679" />
  <attribute name="elasticGC enabled" value="1" />
  <attribute name= "numThreadsSpecified" value="4" />
  <attribute name="heapSize specified" value="9830400" />
  <attribute name="Current GC Util" value="84" />
  <attribute name= "Current Time Running" value="5547" />
  <attribute name ="GC Interval" value="456" />
  <attribute name="ProportionalT" value="64.000000" />
  <attribute name="ProportionalI" value="64.000000" />
  <attribute name="ProportionalH" value="64.000000" />
  <attribute name="Current Error" value="64.000000" />
  <attribute name="IntegralT" value="384.000000" />
  <attribute name="IntegralI" value="384.000000" />
  <attribute name="IntegralH" value="384.000000" />
  <attribute name="DerivativeT" value="2.750000" />
  <attribute name="DerivativeI" value="2.750000" />
  <attribute name="DerivativeH" value="2.750000" />
  <attribute name="Loop Time for DT" value="6.000000" />
  <attribute name="Output H" value="8388608"/>
  <attribute name="Output I" value="456"/>
  <attribute name="Output T" value="4"/>
  <attribute name="Target GC Util Change" value ="20.000000" />
  <attribute name="Current GC Util Change" value="84.000000"/>
  <attribute name="GC Util currently" value="84" />
  <attribute name="CPU Util currently" value="743801965069" />
<allocation-satisfied id="4722" threadId="0000000000A81400" bytesRequested="48" />
<af-end id="4723" timestamp="2019-06-16T18:48:47.680" threadId="0000000000A81D88" success="true" from="nursery"/>
<exclusive-end id="4724" timestamp="2019-06-16T18:48:47.680" durationms="4.147" />

<exclusive-start id="4725" timestamp="2019-06-16T18:48:47.682" intervalms="6.677">
  <response-info timems="0.045" idlems="0.045" threads="0" lastid="0000000000A7D800" lastname="PmdThread 2" />
</exclusive-start>
<af-start id="4726" threadId="0000000000A7E188" totalBytesRequested="16" timestamp="2019-06-16T18:48:47.682" intervalms="6.667" type="nursery" />
<cycle-start id="4727" type="scavenge" contextid="0" timestamp="2019-06-16T18:48:47.682" intervalms="6.655" />
<gc-start id="4728" type="scavenge" contextid="4727" timestamp="2019-06-16T18:48:47.682">
  <mem-info id="4729" free="2028057104" total="2092630016" percent="96">
    <mem type="nursery" free="0" total="3932160" percent="0">
      <mem type="allocate" free="0" total="2752512" percent="0" />
      <mem type="survivor" free="0" total="1179648" percent="0" />
    </mem>
    <mem type="tenure" free="2028057104" total="2088697856" percent="97">
      <mem type="soa" free="1923622416" total="1984263168" percent="96" />
      <mem type="loa" free="104434688" total="104434688" percent="100" />
    </mem>
    <remembered-set count="205" />
  </mem-info>
</gc-start>
<allocation-stats totalBytes="2011760" >
  <allocated-bytes non-tlh="48" tlh="2011712" />
  <largest-consumer threadName="PmdThread 2" threadId="0000000000A7D800" bytes="1044328" />
</allocation-stats>
<gc-op id="4730" type="scavenge" timems="2.169" contextid="4727" timestamp="2019-06-16T18:48:47.685">
  <scavenger-info tenureage="2" tenuremask="7ffc" tiltratio="70" />
  <memory-copied type="nursery" objects="3345" bytes="310584" bytesdiscarded="211376" />
  <memory-copied type="tenure" objects="6331" bytes="356736" bytesdiscarded="144" />
  <references type="soft" candidates="2" cleared="0" enqueued="0" dynamicThreshold="31" maxThreshold="32" />
  <references type="weak" candidates="4" cleared="4" enqueued="4" />
  <references type="phantom" candidates="2" cleared="0" enqueued="0" />
</gc-op>
<gc-end id="4731" type="scavenge" contextid="4727" durationms="2.324" usertimems="4.000" systemtimems="0.000" timestamp="2019-06-16T18:48:47.685" activeThreads="4">
  <mem-info id="4732" free="2029957824" total="2092630016" percent="97">
    <mem type="nursery" free="2296032" total="3932160" percent="58">
      <mem type="allocate" free="2296032" total="2818048" percent="81" />
      <mem type="survivor" free="0" total="1114112" percent="0" />
    </mem>
    <mem type="tenure" free="2027661792" total="2088697856" percent="97">
      <mem type="soa" free="1923227104" total="1984263168" percent="96" />
      <mem type="loa" free="104434688" total="104434688" percent="100" />
    </mem>
    <pending-finalizers system="0" default="0" reference="4" classloader="0" />
    <remembered-set count="414" />
  </mem-info>
</gc-end>
<cycle-end id="4733" type="scavenge" contextid="4727" timestamp="2019-06-16T18:48:47.685" />
  <attribute name="elasticGC enabled" value="1" />
  <attribute name= "numThreadsSpecified" value="4" />
  <attribute name="heapSize specified" value="9830400" />
  <attribute name="Current GC Util" value="93" />
  <attribute name= "Current Time Running" value="5554" />
  <attribute name ="GC Interval" value="584" />
  <attribute name="ProportionalT" value="73.000000" />
  <attribute name="ProportionalI" value="73.000000" />
  <attribute name="ProportionalH" value="73.000000" />
  <attribute name="Current Error" value="73.000000" />
  <attribute name="IntegralT" value="511.000000" />
  <attribute name="IntegralI" value="511.000000" />
  <attribute name="IntegralH" value="511.000000" />
  <attribute name="DerivativeT" value="0.642857" />
  <attribute name="DerivativeI" value="0.642857" />
  <attribute name="DerivativeH" value="0.642857" />
  <attribute name="Loop Time for DT" value="7.000000" />
  <attribute name="Output H" value="8388608"/>
  <attribute name="Output I" value="584"/>
  <attribute name="Output T" value="4"/>
  <attribute name="Target GC Util Change" value ="20.000000" />
  <attribute name="Current GC Util Change" value="93.000000"/>
  <attribute name="GC Util currently" value="93" />
  <attribute name="CPU Util currently" value="696683711548" />
<allocation-satisfied id="4734" threadId="0000000000A7D800" bytesRequested="16" />
<af-end id="4735" timestamp="2019-06-16T18:48:47.685" threadId="0000000000A7E188" success="true" from="nursery"/>
<exclusive-end id="4736" timestamp="2019-06-16T18:48:47.685" durationms="2.692" />

<exclusive-start id="4737" timestamp="2019-06-16T18:48:47.688" intervalms="5.879">
  <response-info timems="0.052" idlems="0.052" threads="0" lastid="0000000000A79C00" lastname="PmdThread 1" />
</exclusive-start>
<af-start id="4738" threadId="0000000000A7A588" totalBytesRequested="64" timestamp="2019-06-16T18:48:47.688" intervalms="5.895" type="nursery" />
<cycle-start id="4739" type="scavenge" contextid="0" timestamp="2019-06-16T18:48:47.688" intervalms="5.911" />
<gc-start id="4740" type="scavenge" contextid="4739" timestamp="2019-06-16T18:48:47.688">
  <mem-info id="4741" free="2027661632" total="2092630016" percent="96">
    <mem type="nursery" free="0" total="3932160" percent="0">
      <mem type="allocate" free="0" total="2818048" percent="0" />
      <mem type="survivor" free="0" total="1114112" percent="0" />
    </mem>
    <mem type="tenure" free="2027661632" total="2088697856" percent="97">
      <mem type="soa" free="1923226944" total="1984263168" percent="96" />
      <mem type="loa" free="104434688" total="104434688" percent="100" />
    </mem>
    <remembered-set count="444" />
  </mem-info>
</gc-start>
<allocation-stats totalBytes="2295552" >
  <allocated-bytes non-tlh="176" tlh="2295376" />
  <largest-consumer threadName="PmdThread 3" threadId="0000000000A81400" bytes="870328" />
</allocation-stats>
<gc-op id="4742" type="scavenge" timems="0.679" contextid="4739" timestamp="2019-06-16T18:48:47.689">
  <scavenger-info tenureage="2" tenuremask="7ffc" tiltratio="71" />
  <memory-copied type="nursery" objects="10253" bytes="624208" bytesdiscarded="122120" />
  <memory-copied type="tenure" objects="1194" bytes="35848" bytesdiscarded="56" />
  <references type="weak" candidates="28" cleared="28" enqueued="28" />
  <references type="phantom" candidates="4" cleared="3" enqueued="3" />
</gc-op>
<gc-end id="4743" type="scavenge" contextid="4739" durationms="0.862" usertimems="4.000" systemtimems="0.000" timestamp="2019-06-16T18:48:47.689" activeThreads="4">
  <mem-info id="4744" free="2029697768" total="2092630016" percent="96">
    <mem type="nursery" free="2136744" total="3932160" percent="54">
      <mem type="allocate" free="2136744" total="2883584" percent="74" />
      <mem type="survivor" free="0" total="1048576" percent="0" />
    </mem>
    <mem type="tenure" free="2027561024" total="2088697856" percent="97">
      <mem type="soa" free="1923126336" total="1984263168" percent="96" />
      <mem type="loa" free="104434688" total="104434688" percent="100" />
    </mem>
    <pending-finalizers system="0" default="0" reference="31" classloader="0" />
    <remembered-set count="135" />
  </mem-info>
</gc-end>
<cycle-end id="4745" type="scavenge" contextid="4739" timestamp="2019-06-16T18:48:47.689" />
  <attribute name="elasticGC enabled" value="1" />
  <attribute name= "numThreadsSpecified" value="4" />
  <attribute name="heapSize specified" value="9830400" />
  <attribute name="Current GC Util" value="75" />
  <attribute name= "Current Time Running" value="5560" />
  <attribute name ="GC Interval" value="384" />
  <attribute name="ProportionalT" value="55.000000" />
  <attribute name="ProportionalI" value="55.000000" />
  <attribute name="ProportionalH" value="55.000000" />
  <attribute name="Current Error" value="55.000000" />
  <attribute name="IntegralT" value="330.000000" />
  <attribute name="IntegralI" value="330.000000" />
  <attribute name="IntegralH" value="330.000000" />
  <attribute name="DerivativeT" value="-1.500000" />
  <attribute name="DerivativeI" value="-1.500000" />
  <attribute name="DerivativeH" value="-1.500000" />
  <attribute name="Loop Time for DT" value="6.000000" />
  <attribute name="Output H" value="8388608"/>
  <attribute name="Output I" value="384"/>
  <attribute name="Output T" value="4"/>
  <attribute name="Target GC Util Change" value ="20.000000" />
  <attribute name="Current GC Util Change" value="75.000000"/>
  <attribute name="GC Util currently" value="75" />
  <attribute name="CPU Util currently" value="774916598393" />
<allocation-satisfied id="4746" threadId="0000000000A79C00" bytesRequested="64" />
<af-end id="4747" timestamp="2019-06-16T18:48:47.689" threadId="0000000000A7A588" success="true" from="nursery"/>
<exclusive-end id="4748" timestamp="2019-06-16T18:48:47.689" durationms="1.358" />

<exclusive-start id="4749" timestamp="2019-06-16T18:48:47.693" intervalms="4.876">
  <response-info timems="0.032" idlems="0.018" threads="1" lastid="0000000000A85000" lastname="PmdThread 4" />
</exclusive-start>
<af-start id="4750" threadId="0000000000A81D88" totalBytesRequested="16" timestamp="2019-06-16T18:48:47.693" intervalms="4.874" type="nursery" />
<cycle-start id="4751" type="scavenge" contextid="0" timestamp="2019-06-16T18:48:47.693" intervalms="4.869" />
<gc-start id="4752" type="scavenge" contextid="4751" timestamp="2019-06-16T18:48:47.693">
  <mem-info id="4753" free="2027561024" total="2092630016" percent="96">
    <mem type="nursery" free="0" total="3932160" percent="0">
      <mem type="allocate" free="0" total="2883584" percent="0" />
      <mem type="survivor" free="0" total="1048576" percent="0" />
    </mem>
    <mem type="tenure" free="2027561024" total="2088697856" percent="97">
      <mem type="soa" free="1923126336" total="1984263168" percent="96" />
      <mem type="loa" free="104434688" total="104434688" percent="100" />
    </mem>
    <remembered-set count="163" />
  </mem-info>
</gc-start>
<allocation-stats totalBytes="2135744" >
  <allocated-bytes non-tlh="16456" tlh="2119288" />
  <largest-consumer threadName="PmdThread 3" threadId="0000000000A81400" bytes="1087424" />
</allocation-stats>
<gc-op id="4754" type="scavenge" timems="2.914" contextid="4751" timestamp="2019-06-16T18:48:47.696">
  <scavenger-info tenureage="2" tenuremask="7ffc" tiltratio="73" />
  <memory-copied type="nursery" objects="13917" bytes="703920" bytesdiscarded="170424" />
  <memory-copied type="tenure" objects="1973" bytes="251808" bytesdiscarded="104" />
  <references type="weak" candidates="30" cleared="30" enqueued="30" />
  <references type="phantom" candidates="6" cleared="4" enqueued="4" />
</gc-op>
<gc-end id="4755" type="scavenge" contextid="4751" durationms="3.268" usertimems="8.000" systemtimems="0.000" timestamp="2019-06-16T18:48:47.696" activeThreads="4">
  <mem-info id="4756" free="2029445040" total="2092630016" percent="96">
    <mem type="nursery" free="2138808" total="3932160" percent="54">
      <mem type="allocate" free="2138808" total="3014656" percent="70" />
      <mem type="survivor" free="0" total="917504" percent="0" />
    </mem>
    <mem type="tenure" free="2027306232" total="2088697856" percent="97">
      <mem type="soa" free="1922871544" total="1984263168" percent="96" />
      <mem type="loa" free="104434688" total="104434688" percent="100" />
    </mem>
    <pending-finalizers system="0" default="0" reference="34" classloader="0" />
    <remembered-set count="319" />
  </mem-info>
</gc-end>
<cycle-end id="4757" type="scavenge" contextid="4751" timestamp="2019-06-16T18:48:47.696" />
  <attribute name="elasticGC enabled" value="1" />
  <attribute name= "numThreadsSpecified" value="4" />
  <attribute name="heapSize specified" value="9830400" />
  <attribute name="Current GC Util" value="37" />
  <attribute name= "Current Time Running" value="5565" />
  <attribute name ="GC Interval" value="200" />
  <attribute name="ProportionalT" value="17.000000" />
  <attribute name="ProportionalI" value="17.000000" />
  <attribute name="ProportionalH" value="17.000000" />
  <attribute name="Current Error" value="17.000000" />
  <attribute name="IntegralT" value="85.000000" />
  <attribute name="IntegralI" value="85.000000" />
  <attribute name="IntegralH" value="85.000000" />
  <attribute name="DerivativeT" value="-3.800000" />
  <attribute name="DerivativeI" value="-3.800000" />
  <attribute name="DerivativeH" value="-3.800000" />
  <attribute name="Loop Time for DT" value="5.000000" />
  <attribute name="Output H" value="8388608"/>
  <attribute name="Output I" value="200"/>
  <attribute name="Output T" value="4"/>
  <attribute name="Target GC Util Change" value ="20.000000" />
  <attribute name="Current GC Util Change" value="37.000000"/>
  <attribute name="GC Util currently" value="37" />
  <attribute name="CPU Util currently" value="949988121263" />
<allocation-satisfied id="4758" threadId="0000000000A81400" bytesRequested="16" />
<af-end id="4759" timestamp="2019-06-16T18:48:47.697" threadId="0000000000A81D88" success="true" from="nursery"/>
<exclusive-end id="4760" timestamp="2019-06-16T18:48:47.697" durationms="3.920" />

<exclusive-start id="4761" timestamp="2019-06-16T18:48:47.700" intervalms="7.214">
  <response-info timems="0.041" idlems="0.041" threads="0" lastid="0000000000A79C00" lastname="PmdThread 1" />
</exclusive-start>
<af-start id="4762" threadId="0000000000A7A588" totalBytesRequested="16" timestamp="2019-06-16T18:48:47.700" intervalms="7.283" type="nursery" />
<cycle-start id="4763" type="scavenge" contextid="0" timestamp="2019-06-16T18:48:47.700" intervalms="7.335" />
<gc-start id="4764" type="scavenge" contextid="4763" timestamp="2019-06-16T18:48:47.700">
  <mem-info id="4765" free="2027305936" total="2092630016" percent="96">
    <mem type="nursery" free="0" total="3932160" percent="0">
      <mem type="allocate" free="0" total="3014656" percent="0" />
      <mem type="survivor" free="0" total="917504" percent="0" />
    </mem>
    <mem type="tenure" free="2027305936" total="2088697856" percent="97">
      <mem type="soa" free="1922871248" total="1984263168" percent="96" />
      <mem type="loa" free="104434688" total="104434688" percent="100" />
    </mem>
    <remembered-set count="350" />
  </mem-info>
</gc-start>
<allocation-stats totalBytes="2137976" >
  <allocated-bytes non-tlh="312" tlh="2137664" />
  <largest-consumer threadName="PmdThread 4" threadId="0000000000A85000" bytes="699664" />
</allocation-stats>
<gc-op id="4766" type="scavenge" timems="1.389" contextid="4763" timestamp="2019-06-16T18:48:47.702">
  <scavenger-info tenureage="2" tenuremask="7ffc" tiltratio="76" />
  <memory-copied type="nursery" objects="14823" bytes="721960" bytesdiscarded="164832" />
  <memory-copied type="tenure" objects="7481" bytes="321096" bytesdiscarded="128" />
  <references type="weak" candidates="17" cleared="17" enqueued="17" />
  <references type="phantom" candidates="2" cleared="2" enqueued="2" />
</gc-op>
<gc-end id="4767" type="scavenge" contextid="4763" durationms="1.648" usertimems="0.000" systemtimems="0.000" timestamp="2019-06-16T18:48:47.702" activeThreads="4">
  <mem-info id="4768" free="2029101224" total="2092630016" percent="96">
    <mem type="nursery" free="2191848" total="3932160" percent="55">
      <mem type="allocate" free="2191848" total="3080192" percent="71" />
      <mem type="survivor" free="0" total="851968" percent="0" />
    </mem>
    <mem type="tenure" free="2026909376" total="2088697856" percent="97">
      <mem type="soa" free="1922474688" total="1984263168" percent="96" />
      <mem type="loa" free="104434688" total="104434688" percent="100" />
    </mem>
    <pending-finalizers system="0" default="0" reference="19" classloader="0" />
    <remembered-set count="201" />
  </mem-info>
</gc-end>
<cycle-end id="4769" type="scavenge" contextid="4763" timestamp="2019-06-16T18:48:47.702" />
  <attribute name="elasticGC enabled" value="1" />
  <attribute name= "numThreadsSpecified" value="4" />
  <attribute name="heapSize specified" value="9830400" />
  <attribute name="Current GC Util" value="78" />
  <attribute name= "Current Time Running" value="5572" />
  <attribute name ="GC Interval" value="472" />
  <attribute name="ProportionalT" value="58.000000" />
  <attribute name="ProportionalI" value="58.000000" />
  <attribute name="ProportionalH" value="58.000000" />
  <attribute name="Current Error" value="58.000000" />
  <attribute name="IntegralT" value="406.000000" />
  <attribute name="IntegralI" value="406.000000" />
  <attribute name="IntegralH" value="406.000000" />
  <attribute name="DerivativeT" value="2.928571" />
  <attribute name="DerivativeI" value="2.928571" />
  <attribute name="DerivativeH" value="2.928571" />
  <attribute name="Loop Time for DT" value="7.000000" />
  <attribute name="Output H" value="8388608"/>
  <attribute name="Output I" value="472"/>
  <attribute name="Output T" value="4"/>
  <attribute name="Target GC Util Change" value ="20.000000" />
  <attribute name="Current GC Util Change" value="78.000000"/>
  <attribute name="GC Util currently" value="78" />
  <attribute name="CPU Util currently" value="616763217668" />
<allocation-satisfied id="4770" threadId="0000000000A79C00" bytesRequested="16" />
<af-end id="4771" timestamp="2019-06-16T18:48:47.702" threadId="0000000000A7A588" success="true" from="nursery"/>
<exclusive-end id="4772" timestamp="2019-06-16T18:48:47.703" durationms="2.430" />

<exclusive-start id="4773" timestamp="2019-06-16T18:48:47.709" intervalms="8.863">
  <response-info timems="0.051" idlems="0.028" threads="1" lastid="0000000000A81400" lastname="PmdThread 3" />
</exclusive-start>
<af-start id="4774" threadId="0000000000A85988" totalBytesRequested="8200" timestamp="2019-06-16T18:48:47.709" intervalms="8.789" type="nursery" />
<cycle-start id="4775" type="scavenge" contextid="0" timestamp="2019-06-16T18:48:47.709" intervalms="8.726" />
<gc-start id="4776" type="scavenge" contextid="4775" timestamp="2019-06-16T18:48:47.709">
  <mem-info id="4777" free="2026909192" total="2092630016" percent="96">
    <mem type="nursery" free="0" total="3932160" percent="0">
      <mem type="allocate" free="0" total="3080192" percent="0" />
      <mem type="survivor" free="0" total="851968" percent="0" />
    </mem>
    <mem type="tenure" free="2026909192" total="2088697856" percent="97">
      <mem type="soa" free="1922474504" total="1984263168" percent="96" />
      <mem type="loa" free="104434688" total="104434688" percent="100" />
    </mem>
    <remembered-set count="255" />
  </mem-info>
</gc-start>
<allocation-stats totalBytes="2175456" >
  <allocated-bytes non-tlh="200" tlh="2175256" />
  <largest-consumer threadName="PmdThread 1" threadId="0000000000A79C00" bytes="737032" />
</allocation-stats>
<gc-op id="4778" type="scavenge" timems="2.344" contextid="4775" timestamp="2019-06-16T18:48:47.712">
  <scavenger-info tenureage="2" tenuremask="7ffc" tiltratio="78" />
  <memory-copied type="nursery" objects="9504" bytes="704760" bytesdiscarded="100256" />
  <memory-copied type="tenure" objects="3930" bytes="148672" bytesdiscarded="48" />
  <references type="weak" candidates="41" cleared="40" enqueued="39" />
  <references type="phantom" candidates="11" cleared="10" enqueued="10" />
</gc-op>
<gc-end id="4779" type="scavenge" contextid="4775" durationms="2.712" usertimems="4.000" systemtimems="4.000" timestamp="2019-06-16T18:48:47.712" activeThreads="4">
  <mem-info id="4780" free="2029043832" total="2092630016" percent="96">
    <mem type="nursery" free="2274416" total="3932160" percent="57">
      <mem type="allocate" free="2274416" total="3080192" percent="73" />
      <mem type="survivor" free="0" total="851968" percent="0" />
    </mem>
    <mem type="tenure" free="2026769416" total="2088697856" percent="97">
      <mem type="soa" free="1922334728" total="1984263168" percent="96" />
      <mem type="loa" free="104434688" total="104434688" percent="100" />
    </mem>
    <pending-finalizers system="0" default="0" reference="49" classloader="0" />
    <remembered-set count="478" />
  </mem-info>
</gc-end>
<cycle-end id="4781" type="scavenge" contextid="4775" timestamp="2019-06-16T18:48:47.712" />
  <attribute name="elasticGC enabled" value="1" />
  <attribute name= "numThreadsSpecified" value="4" />
  <attribute name="heapSize specified" value="9830400" />
  <attribute name="Current GC Util" value="31" />
  <attribute name= "Current Time Running" value="5581" />
  <attribute name ="GC Interval" value="200" />
  <attribute name="ProportionalT" value="11.000000" />
  <attribute name="ProportionalI" value="11.000000" />
  <attribute name="ProportionalH" value="11.000000" />
  <attribute name="Current Error" value="11.000000" />
  <attribute name="IntegralT" value="99.000000" />
  <attribute name="IntegralI" value="99.000000" />
  <attribute name="IntegralH" value="99.000000" />
  <attribute name="DerivativeT" value="-2.611111" />
  <attribute name="DerivativeI" value="-2.611111" />
  <attribute name="DerivativeH" value="-2.611111" />
  <attribute name="Loop Time for DT" value="9.000000" />
  <attribute name="Output H" value="8388608"/>
  <attribute name="Output I" value="200"/>
  <attribute name="Output T" value="4"/>
  <attribute name="Target GC Util Change" value ="20.000000" />
  <attribute name="Current GC Util Change" value="31.000000"/>
  <attribute name="GC Util currently" value="31" />
  <attribute name="CPU Util currently" value="537477191514" />
<allocation-satisfied id="4782" threadId="0000000000A85000" bytesRequested="8200" />
<af-end id="4783" timestamp="2019-06-16T18:48:47.712" threadId="0000000000A85988" success="true" from="nursery"/>
<exclusive-end id="4784" timestamp="2019-06-16T18:48:47.712" durationms="3.191" />

<exclusive-start id="4785" timestamp="2019-06-16T18:48:47.716" intervalms="6.832">
  <response-info timems="0.030" idlems="0.030" threads="0" lastid="0000000000A79C00" lastname="PmdThread 1" />
</exclusive-start>
<af-start id="4786" threadId="0000000000A7A588" totalBytesRequested="752" timestamp="2019-06-16T18:48:47.716" intervalms="6.840" type="nursery" />
<cycle-start id="4787" type="scavenge" contextid="0" timestamp="2019-06-16T18:48:47.716" intervalms="6.853" />
<gc-start id="4788" type="scavenge" contextid="4787" timestamp="2019-06-16T18:48:47.716">
  <mem-info id="4789" free="2026769216" total="2092630016" percent="96">
    <mem type="nursery" free="0" total="3932160" percent="0">
      <mem type="allocate" free="0" total="3080192" percent="0" />
      <mem type="survivor" free="0" total="851968" percent="0" />
    </mem>
    <mem type="tenure" free="2026769216" total="2088697856" percent="97">
      <mem type="soa" free="1922334528" total="1984263168" percent="96" />
      <mem type="loa" free="104434688" total="104434688" percent="100" />
    </mem>
    <remembered-set count="561" />
  </mem-info>
</gc-start>
<allocation-stats totalBytes="2273728" >
  <allocated-bytes non-tlh="8400" tlh="2265328" />
  <largest-consumer threadName="PmdThread 4" threadId="0000000000A85000" bytes="1347296" />
</allocation-stats>
<gc-op id="4790" type="scavenge" timems="0.993" contextid="4787" timestamp="2019-06-16T18:48:47.717">
  <scavenger-info tenureage="2" tenuremask="7ffc" tiltratio="78" />
  <memory-copied type="nursery" objects="9213" bytes="714520" bytesdiscarded="136848" />
  <memory-copied type="tenure" objects="6568" bytes="229728" bytesdiscarded="32" />
  <copy-failed type="nursery" objects="2161" bytes="73816" />
  <references type="weak" candidates="41" cleared="41" enqueued="41" />
  <references type="phantom" candidates="3" cleared="2" enqueued="2" />
</gc-op>
<gc-end id="4791" type="scavenge" contextid="4787" durationms="1.187" usertimems="4.000" systemtimems="0.000" timestamp="2019-06-16T18:48:47.717" activeThreads="4">
  <mem-info id="4792" free="2028634432" total="2092630016" percent="96">
    <mem type="nursery" free="2097152" total="3932160" percent="53">
      <mem type="allocate" free="2097152" total="2949120" percent="71" />
      <mem type="survivor" free="0" total="983040" percent="0" />
    </mem>
    <mem type="tenure" free="2026537280" total="2088697856" percent="97">
      <mem type="soa" free="1922102592" total="1984263168" percent="96" />
      <mem type="loa" free="104434688" total="104434688" percent="100" />
    </mem>
    <pending-finalizers system="0" default="0" reference="43" classloader="0" />
    <remembered-set count="1404" />
  </mem-info>
</gc-end>
<cycle-end id="4793" type="scavenge" contextid="4787" timestamp="2019-06-16T18:48:47.717" />
  <attribute name="elasticGC enabled" value="1" />
  <attribute name= "numThreadsSpecified" value="4" />
  <attribute name="heapSize specified" value="9830400" />
  <attribute name="Current GC Util" value="81" />
  <attribute name= "Current Time Running" value="5588" />
  <attribute name ="GC Interval" value="496" />
  <attribute name="ProportionalT" value="61.000000" />
  <attribute name="ProportionalI" value="61.000000" />
  <attribute name="ProportionalH" value="61.000000" />
  <attribute name="Current Error" value="61.000000" />
  <attribute name="IntegralT" value="427.000000" />
  <attribute name="IntegralI" value="427.000000" />
  <attribute name="IntegralH" value="427.000000" />
  <attribute name="DerivativeT" value="3.571429" />
  <attribute name="DerivativeI" value="3.571429" />
  <attribute name="DerivativeH" value="3.571429" />
  <attribute name="Loop Time for DT" value="7.000000" />
  <attribute name="Output H" value="8388608"/>
  <attribute name="Output I" value="496"/>
  <attribute name="Output T" value="4"/>
  <attribute name="Target GC Util Change" value ="20.000000" />
  <attribute name="Current GC Util Change" value="81.000000"/>
  <attribute name="GC Util currently" value="81" />
  <attribute name="CPU Util currently" value="670951912330" />
<allocation-satisfied id="4794" threadId="0000000000A79C00" bytesRequested="752" />
<af-end id="4795" timestamp="2019-06-16T18:48:47.717" threadId="0000000000A7A588" success="true" from="nursery"/>
<exclusive-end id="4796" timestamp="2019-06-16T18:48:47.718" durationms="1.747" />

<exclusive-start id="4797" timestamp="2019-06-16T18:48:47.721" intervalms="4.850">
  <response-info timems="0.078" idlems="0.078" threads="0" lastid="0000000000A79C00" lastname="PmdThread 1" />
</exclusive-start>
<af-start id="4798" threadId="0000000000A7A588" totalBytesRequested="16" timestamp="2019-06-16T18:48:47.721" intervalms="4.895" type="nursery" />
<cycle-start id="4799" type="scavenge" contextid="0" timestamp="2019-06-16T18:48:47.721" intervalms="4.873" />
<gc-start id="4800" type="scavenge" contextid="4799" timestamp="2019-06-16T18:48:47.721">
  <mem-info id="4801" free="2026537280" total="2092630016" percent="96">
    <mem type="nursery" free="0" total="3932160" percent="0">
      <mem type="allocate" free="0" total="2949120" percent="0" />
      <mem type="survivor" free="0" total="983040" percent="0" />
    </mem>
    <mem type="tenure" free="2026537280" total="2088697856" percent="97">
      <mem type="soa" free="1922102592" total="1984263168" percent="96" />
      <mem type="loa" free="104434688" total="104434688" percent="100" />
    </mem>
    <remembered-set count="1495" />
  </mem-info>
</gc-start>
<allocation-stats totalBytes="2095888" >
  <allocated-bytes non-tlh="17144" tlh="2078744" />
  <largest-consumer threadName="PmdThread 1" threadId="0000000000A79C00" bytes="917208" />
</allocation-stats>
<gc-op id="4802" type="scavenge" timems="0.569" contextid="4799" timestamp="2019-06-16T18:48:47.722">
  <scavenger-info tenureage="2" tenuremask="7ffc" tiltratio="75" />
  <memory-copied type="nursery" objects="5865" bytes="399248" bytesdiscarded="170064" />
  <memory-copied type="tenure" objects="1634" bytes="113648" bytesdiscarded="56" />
  <references type="weak" candidates="27" cleared="27" enqueued="27" />
  <references type="phantom" candidates="2" cleared="2" enqueued="2" />
</gc-op>
<gc-end id="4803" type="scavenge" contextid="4799" durationms="0.758" usertimems="0.000" systemtimems="0.000" timestamp="2019-06-16T18:48:47.722" activeThreads="4">
  <mem-info id="4804" free="2028875784" total="2092630016" percent="96">
    <mem type="nursery" free="2377672" total="3932160" percent="60">
      <mem type="allocate" free="2377672" total="2949120" percent="80" />
      <mem type="survivor" free="0" total="983040" percent="0" />
    </mem>
    <mem type="tenure" free="2026498112" total="2088697856" percent="97">
      <mem type="soa" free="1922063424" total="1984263168" percent="96" />
      <mem type="loa" free="104434688" total="104434688" percent="100" />
    </mem>
    <pending-finalizers system="0" default="0" reference="29" classloader="0" />
    <remembered-set count="1260" />
  </mem-info>
</gc-end>
<cycle-end id="4805" type="scavenge" contextid="4799" timestamp="2019-06-16T18:48:47.722" />
  <attribute name="elasticGC enabled" value="1" />
  <attribute name= "numThreadsSpecified" value="4" />
  <attribute name="heapSize specified" value="9830400" />
  <attribute name="Current GC Util" value="47" />
  <attribute name= "Current Time Running" value="5592" />
  <attribute name ="GC Interval" value="200" />
  <attribute name="ProportionalT" value="27.000000" />
  <attribute name="ProportionalI" value="27.000000" />
  <attribute name="ProportionalH" value="27.000000" />
  <attribute name="Current Error" value="27.000000" />
  <attribute name="IntegralT" value="108.000000" />
  <attribute name="IntegralI" value="108.000000" />
  <attribute name="IntegralH" value="108.000000" />
  <attribute name="DerivativeT" value="-4.250000" />
  <attribute name="DerivativeI" value="-4.250000" />
  <attribute name="DerivativeH" value="-4.250000" />
  <attribute name="Loop Time for DT" value="4.000000" />
  <attribute name="Output H" value="8388608"/>
  <attribute name="Output I" value="200"/>
  <attribute name="Output T" value="4"/>
  <attribute name="Target GC Util Change" value ="20.000000" />
  <attribute name="Current GC Util Change" value="47.000000"/>
  <attribute name="GC Util currently" value="47" />
  <attribute name="CPU Util currently" value="946817931966" />
<allocation-satisfied id="4806" threadId="0000000000A79C00" bytesRequested="16" />
<af-end id="4807" timestamp="2019-06-16T18:48:47.722" threadId="0000000000A7A588" success="true" from="nursery"/>
<exclusive-end id="4808" timestamp="2019-06-16T18:48:47.722" durationms="1.205" />

<exclusive-start id="4809" timestamp="2019-06-16T18:48:47.727" intervalms="5.982">
  <response-info timems="0.045" idlems="0.025" threads="1" lastid="0000000000A81400" lastname="PmdThread 3" />
</exclusive-start>
<af-start id="4810" threadId="0000000000A85988" totalBytesRequested="24" timestamp="2019-06-16T18:48:47.727" intervalms="5.934" type="nursery" />
<cycle-start id="4811" type="scavenge" contextid="0" timestamp="2019-06-16T18:48:47.727" intervalms="5.956" />
<gc-start id="4812" type="scavenge" contextid="4811" timestamp="2019-06-16T18:48:47.727">
  <mem-info id="4813" free="2026497152" total="2092630016" percent="96">
    <mem type="nursery" free="0" total="3932160" percent="0">
      <mem type="allocate" free="0" total="2949120" percent="0" />
      <mem type="survivor" free="0" total="983040" percent="0" />
    </mem>
    <mem type="tenure" free="2026497152" total="2088697856" percent="97">
      <mem type="soa" free="1922062464" total="1984263168" percent="96" />
      <mem type="loa" free="104434688" total="104434688" percent="100" />
    </mem>
    <remembered-set count="1292" />
  </mem-info>
</gc-start>
<allocation-stats totalBytes="2377416" >
  <allocated-bytes non-tlh="17368" tlh="2360048" />
  <largest-consumer threadName="PmdThread 4" threadId="0000000000A85000" bytes="767376" />
</allocation-stats>
<gc-op id="4814" type="scavenge" timems="1.990" contextid="4811" timestamp="2019-06-16T18:48:47.729">
  <scavenger-info tenureage="2" tenuremask="7ffc" tiltratio="75" />
  <memory-copied type="nursery" objects="10294" bytes="681152" bytesdiscarded="137040" />
  <memory-copied type="tenure" objects="4795" bytes="302808" bytesdiscarded="160" />
  <references type="weak" candidates="24" cleared="24" enqueued="24" />
  <references type="phantom" candidates="3" cleared="3" enqueued="3" />
</gc-op>
<gc-end id="4815" type="scavenge" contextid="4811" durationms="2.356" usertimems="4.000" systemtimems="0.000" timestamp="2019-06-16T18:48:47.729" activeThreads="4">
  <mem-info id="4816" free="2028383208" total="2092630016" percent="96">
    <mem type="nursery" free="2130832" total="3932160" percent="54">
      <mem type="allocate" free="2130832" total="2949120" percent="72" />
      <mem type="survivor" free="0" total="983040" percent="0" />
    </mem>
    <mem type="tenure" free="2026252376" total="2088697856" percent="97">
      <mem type="soa" free="1921817688" total="1984263168" percent="96" />
      <mem type="loa" free="104434688" total="104434688" percent="100" />
    </mem>
    <pending-finalizers system="0" default="0" reference="27" classloader="0" />
    <remembered-set count="185" />
  </mem-info>
</gc-end>
<cycle-end id="4817" type="scavenge" contextid="4811" timestamp="2019-06-16T18:48:47.729" />
  <attribute name="elasticGC enabled" value="1" />
  <attribute name= "numThreadsSpecified" value="4" />
  <attribute name="heapSize specified" value="9830400" />
  <attribute name="Current GC Util" value="25" />
  <attribute name= "Current Time Running" value="5598" />
  <attribute name ="GC Interval" value="200" />
  <attribute name="ProportionalT" value="5.000000" />
  <attribute name="ProportionalI" value="5.000000" />
  <attribute name="ProportionalH" value="5.000000" />
  <attribute name="Current Error" value="5.000000" />
  <attribute name="IntegralT" value="30.000000" />
  <attribute name="IntegralI" value="30.000000" />
  <attribute name="IntegralH" value="30.000000" />
  <attribute name="DerivativeT" value="-1.833333" />
  <attribute name="DerivativeI" value="-1.833333" />
  <attribute name="DerivativeH" value="-1.833333" />
  <attribute name="Loop Time for DT" value="6.000000" />
  <attribute name="Output H" value="8388608"/>
  <attribute name="Output I" value="200"/>
  <attribute name="Output T" value="4"/>
  <attribute name="Target GC Util Change" value ="20.000000" />
  <attribute name="Current GC Util Change" value="25.000000"/>
  <attribute name="GC Util currently" value="25" />
  <attribute name="CPU Util currently" value="774249967239" />
<allocation-satisfied id="4818" threadId="0000000000A85000" bytesRequested="24" />
<af-end id="4819" timestamp="2019-06-16T18:48:47.729" threadId="0000000000A85988" success="true" from="nursery"/>
<exclusive-end id="4820" timestamp="2019-06-16T18:48:47.729" durationms="2.869" />

<exclusive-start id="4821" timestamp="2019-06-16T18:48:47.735" intervalms="8.110">
  <response-info timems="0.061" idlems="0.061" threads="0" lastid="0000000000A7D800" lastname="PmdThread 2" />
</exclusive-start>
<af-start id="4822" threadId="0000000000A7E188" totalBytesRequested="40" timestamp="2019-06-16T18:48:47.735" intervalms="8.089" type="nursery" />
<cycle-start id="4823" type="scavenge" contextid="0" timestamp="2019-06-16T18:48:47.735" intervalms="8.075" />
<gc-start id="4824" type="scavenge" contextid="4823" timestamp="2019-06-16T18:48:47.902">
  <mem-info id="4825" free="2026251760" total="2092630016" percent="96">
    <mem type="nursery" free="0" total="3932160" percent="0">
      <mem type="allocate" free="0" total="2949120" percent="0" />
      <mem type="survivor" free="0" total="983040" percent="0" />
    </mem>
    <mem type="tenure" free="2026251760" total="2088697856" percent="97">
      <mem type="soa" free="1921817072" total="1984263168" percent="96" />
      <mem type="loa" free="104434688" total="104434688" percent="100" />
    </mem>
    <remembered-set count="236" />
  </mem-info>
</gc-start>
<allocation-stats totalBytes="2129888" >
  <allocated-bytes non-tlh="640" tlh="2129248" />
  <largest-consumer threadName="PmdThread 4" threadId="0000000000A85000" bytes="716744" />
</allocation-stats>
<gc-op id="4826" type="scavenge" timems="2.545" contextid="4823" timestamp="2019-06-16T18:48:47.905">
  <scavenger-info tenureage="2" tenuremask="7ffc" tiltratio="75" />
  <memory-copied type="nursery" objects="11080" bytes="843936" bytesdiscarded="135624" />
  <memory-copied type="tenure" objects="679" bytes="23008" bytesdiscarded="56" />
  <references type="weak" candidates="83" cleared="83" enqueued="83" />
  <references type="phantom" candidates="4" cleared="1" enqueued="1" />
</gc-op>
<gc-end id="4827" type="scavenge" contextid="4823" durationms="158.805" usertimems="148.000" systemtimems="12.000" timestamp="2019-06-16T18:48:48.061" activeThreads="4">
  <mem-info id="4828" free="2027986160" total="2092630016" percent="96">
    <mem type="nursery" free="1835008" total="3932160" percent="46">
      <mem type="allocate" free="1835008" total="2818048" percent="65" />
      <mem type="survivor" free="0" total="1114112" percent="0" />
    </mem>
    <mem type="tenure" free="2026151152" total="2088697856" percent="97">
      <mem type="soa" free="1921716464" total="1984263168" percent="96" />
      <mem type="loa" free="104434688" total="104434688" percent="100" />
    </mem>
    <pending-finalizers system="0" default="0" reference="84" classloader="0" />
    <remembered-set count="172" />
  </mem-info>
</gc-end>
<cycle-end id="4829" type="scavenge" contextid="4823" timestamp="2019-06-16T18:48:48.061" />
  <attribute name="elasticGC enabled" value="1" />
  <attribute name= "numThreadsSpecified" value="4" />
  <attribute name="heapSize specified" value="9830400" />
  <attribute name="Current GC Util" value="2" />
  <attribute name= "Current Time Running" value="5774" />
  <attribute name ="GC Interval" value="200" />
  <attribute name="ProportionalT" value="-18.000000" />
  <attribute name="ProportionalI" value="-18.000000" />
  <attribute name="ProportionalH" value="-18.000000" />
  <attribute name="Current Error" value="-18.000000" />
  <attribute name="IntegralT" value="-3168.000000" />
  <attribute name="IntegralI" value="-3168.000000" />
  <attribute name="IntegralH" value="-3168.000000" />
  <attribute name="DerivativeT" value="-0.065341" />
  <attribute name="DerivativeI" value="-0.065341" />
  <attribute name="DerivativeH" value="-0.065341" />
  <attribute name="Loop Time for DT" value="176.000000" />
  <attribute name="Output H" value="2092630016"/>
  <attribute name="Output I" value="200"/>
  <attribute name="Output T" value="4"/>
  <attribute name="Target GC Util Change" value ="20.000000" />
  <attribute name="Current GC Util Change" value="2.000000"/>
  <attribute name="GC Util currently" value="2" />
  <attribute name="CPU Util currently" value="26327284853" />
<allocation-satisfied id="4830" threadId="0000000000A7D800" bytesRequested="40" />
<af-end id="4831" timestamp="2019-06-16T18:48:48.061" threadId="0000000000A7E188" success="true" from="nursery"/>
<exclusive-end id="4832" timestamp="2019-06-16T18:48:48.061" durationms="326.433" />

<exclusive-start id="4833" timestamp="2019-06-16T18:48:48.064" intervalms="328.935">
  <response-info timems="0.061" idlems="0.061" threads="0" lastid="0000000000A81400" lastname="PmdThread 3" />
</exclusive-start>
<af-start id="4834" threadId="0000000000A81D88" totalBytesRequested="40" timestamp="2019-06-16T18:48:48.064" intervalms="329.002" type="nursery" />
<cycle-start id="4835" type="scavenge" contextid="0" timestamp="2019-06-16T18:48:48.064" intervalms="329.071" />
<gc-start id="4836" type="scavenge" contextid="4835" timestamp="2019-06-16T18:48:48.064">
  <mem-info id="4837" free="2026150880" total="2092630016" percent="96">
    <mem type="nursery" free="0" total="3932160" percent="0">
      <mem type="allocate" free="0" total="2818048" percent="0" />
      <mem type="survivor" free="0" total="1114112" percent="0" />
    </mem>
    <mem type="tenure" free="2026150880" total="2088697856" percent="97">
      <mem type="soa" free="1921716192" total="1984263168" percent="96" />
      <mem type="loa" free="104434688" total="104434688" percent="100" />
    </mem>
    <remembered-set count="182" />
  </mem-info>
</gc-start>
<allocation-stats totalBytes="1834768" >
  <allocated-bytes non-tlh="312" tlh="1834456" />
  <largest-consumer threadName="PmdThread 3" threadId="0000000000A81400" bytes="1220224" />
</allocation-stats>
<gc-op id="4838" type="scavenge" timems="2.833" contextid="4835" timestamp="2019-06-16T18:48:48.067">
  <scavenger-info tenureage="2" tenuremask="7ffc" tiltratio="71" />
  <memory-copied type="nursery" objects="15451" bytes="774024" bytesdiscarded="71456" />
  <memory-copied type="tenure" objects="6184" bytes="403072" bytesdiscarded="128" />
  <references type="weak" candidates="3" cleared="3" enqueued="3" />
  <references type="phantom" candidates="3" cleared="1" enqueued="1" />
</gc-op>
<gc-end id="4839" type="scavenge" contextid="4835" durationms="3.261" usertimems="4.000" systemtimems="4.000" timestamp="2019-06-16T18:48:48.067" activeThreads="4">
  <mem-info id="4840" free="2027697792" total="2092630016" percent="96">
    <mem type="nursery" free="2037952" total="3932160" percent="51">
      <mem type="allocate" free="2037952" total="2883584" percent="70" />
      <mem type="survivor" free="0" total="1048576" percent="0" />
    </mem>
    <mem type="tenure" free="2025659840" total="2088697856" percent="96">
      <mem type="soa" free="1921225152" total="1984263168" percent="96" />
      <mem type="loa" free="104434688" total="104434688" percent="100" />
    </mem>
    <pending-finalizers system="0" default="0" reference="4" classloader="0" />
    <remembered-set count="128" />
  </mem-info>
</gc-end>
<cycle-end id="4841" type="scavenge" contextid="4835" timestamp="2019-06-16T18:48:48.067" />
  <attribute name="elasticGC enabled" value="1" />
  <attribute name= "numThreadsSpecified" value="4" />
  <attribute name="heapSize specified" value="9830400" />
  <attribute name="Current GC Util" value="201" />
  <attribute name= "Current Time Running" value="5936" />
  <attribute name ="GC Interval" value="4000" />
  <attribute name="ProportionalT" value="181.000000" />
  <attribute name="ProportionalI" value="181.000000" />
  <attribute name="ProportionalH" value="181.000000" />
  <attribute name="Current Error" value="181.000000" />
  <attribute name="IntegralT" value="29322.000000" />
  <attribute name="IntegralI" value="29322.000000" />
  <attribute name="IntegralH" value="29322.000000" />
  <attribute name="DerivativeT" value="0.558642" />
  <attribute name="DerivativeI" value="0.558642" />
  <attribute name="DerivativeH" value="0.558642" />
  <attribute name="Loop Time for DT" value="162.000000" />
  <attribute name="Output H" value="8388608"/>
  <attribute name="Output I" value="4000"/>
  <attribute name="Output T" value="4"/>
  <attribute name="Target GC Util Change" value ="20.000000" />
  <attribute name="Current GC Util Change" value="201.000000"/>
  <attribute name="GC Util currently" value="201" />
  <attribute name="CPU Util currently" value="28444724483" />
<allocation-satisfied id="4842" threadId="0000000000A81400" bytesRequested="40" />
<af-end id="4843" timestamp="2019-06-16T18:48:48.067" threadId="0000000000A81D88" success="true" from="nursery"/>
<exclusive-end id="4844" timestamp="2019-06-16T18:48:48.068" durationms="3.879" />

<exclusive-start id="4845" timestamp="2019-06-16T18:48:48.071" intervalms="6.915">
  <response-info timems="0.040" idlems="0.040" threads="0" lastid="0000000000A79C00" lastname="PmdThread 1" />
</exclusive-start>
<af-start id="4846" threadId="0000000000A7A588" totalBytesRequested="72" timestamp="2019-06-16T18:48:48.071" intervalms="6.862" type="nursery" />
<cycle-start id="4847" type="scavenge" contextid="0" timestamp="2019-06-16T18:48:48.071" intervalms="6.806" />
<gc-start id="4848" type="scavenge" contextid="4847" timestamp="2019-06-16T18:48:48.071">
  <mem-info id="4849" free="2025659840" total="2092630016" percent="96">
    <mem type="nursery" free="0" total="3932160" percent="0">
      <mem type="allocate" free="0" total="2883584" percent="0" />
      <mem type="survivor" free="0" total="1048576" percent="0" />
    </mem>
    <mem type="tenure" free="2025659840" total="2088697856" percent="96">
      <mem type="soa" free="1921225152" total="1984263168" percent="96" />
      <mem type="loa" free="104434688" total="104434688" percent="100" />
    </mem>
    <remembered-set count="144" />
  </mem-info>
</gc-start>
<allocation-stats totalBytes="2037480" >
  <allocated-bytes non-tlh="32824" tlh="2004656" />
  <largest-consumer threadName="PmdThread 3" threadId="0000000000A81400" bytes="1064808" />
</allocation-stats>
<gc-op id="4850" type="scavenge" timems="1.955" contextid="4847" timestamp="2019-06-16T18:48:48.073">
  <scavenger-info tenureage="2" tenuremask="7ffc" tiltratio="73" />
  <memory-copied type="nursery" objects="20982" bytes="895008" bytesdiscarded="153392" />
  <memory-copied type="tenure" objects="6531" bytes="436032" bytesdiscarded="400" />
  <copy-failed type="nursery" objects="4739" bytes="179672" />
  <references type="weak" candidates="16" cleared="16" enqueued="16" />
  <references type="phantom" candidates="2" cleared="2" enqueued="2" />
</gc-op>
<gc-end id="4851" type="scavenge" contextid="4847" durationms="2.208" usertimems="4.000" systemtimems="0.000" timestamp="2019-06-16T18:48:48.073" activeThreads="4">
  <mem-info id="4852" free="2026612384" total="2092630016" percent="96">
    <mem type="nursery" free="1376256" total="3932160" percent="35">
      <mem type="allocate" free="1376256" total="2424832" percent="56" />
      <mem type="survivor" free="0" total="1507328" percent="0" />
    </mem>
    <mem type="tenure" free="2025236128" total="2088697856" percent="96">
      <mem type="soa" free="1920801440" total="1984263168" percent="96" />
      <mem type="loa" free="104434688" total="104434688" percent="100" />
    </mem>
    <pending-finalizers system="0" default="0" reference="18" classloader="0" />
    <remembered-set count="590" />
  </mem-info>
</gc-end>
<cycle-end id="4853" type="scavenge" contextid="4847" timestamp="2019-06-16T18:48:48.073" />
  <attribute name="elasticGC enabled" value="1" />
  <attribute name= "numThreadsSpecified" value="4" />
  <attribute name="heapSize specified" value="9830400" />
  <attribute name="Current GC Util" value="103" />
  <attribute name= "Current Time Running" value="5942" />
  <attribute name ="GC Interval" value="576" />
  <attribute name="ProportionalT" value="83.000000" />
  <attribute name="ProportionalI" value="83.000000" />
  <attribute name="ProportionalH" value="83.000000" />
  <attribute name="Current Error" value="83.000000" />
  <attribute name="IntegralT" value="498.000000" />
  <attribute name="IntegralI" value="498.000000" />
  <attribute name="IntegralH" value="498.000000" />
  <attribute name="DerivativeT" value="-8.166667" />
  <attribute name="DerivativeI" value="-8.166667" />
  <attribute name="DerivativeH" value="-8.166667" />
  <attribute name="Loop Time for DT" value="6.000000" />
  <attribute name="Output H" value="8388608"/>
  <attribute name="Output I" value="576"/>
  <attribute name="Output T" value="4"/>
  <attribute name="Target GC Util Change" value ="20.000000" />
  <attribute name="Current GC Util Change" value="103.000000"/>
  <attribute name="GC Util currently" value="103" />
  <attribute name="CPU Util currently" value="694267846912" />
<allocation-satisfied id="4854" threadId="0000000000A79C00" bytesRequested="72" />
<af-end id="4855" timestamp="2019-06-16T18:48:48.073" threadId="0000000000A7A588" success="true" from="nursery"/>
<exclusive-end id="4856" timestamp="2019-06-16T18:48:48.073" durationms="2.927" />

<exclusive-start id="4857" timestamp="2019-06-16T18:48:48.076" intervalms="5.099">
  <response-info timems="0.180" idlems="0.104" threads="1" lastid="0000000000770F00" lastname="JIT Compilation Thread-1" />
</exclusive-start>
<af-start id="4858" threadId="0000000000A81D88" totalBytesRequested="40" timestamp="2019-06-16T18:48:48.076" intervalms="5.081" type="nursery" />
<cycle-start id="4859" type="scavenge" contextid="0" timestamp="2019-06-16T18:48:48.076" intervalms="5.101" />
<gc-start id="4860" type="scavenge" contextid="4859" timestamp="2019-06-16T18:48:48.076">
  <mem-info id="4861" free="2025235928" total="2092630016" percent="96">
    <mem type="nursery" free="0" total="3932160" percent="0">
      <mem type="allocate" free="0" total="2424832" percent="0" />
      <mem type="survivor" free="0" total="1507328" percent="0" />
    </mem>
    <mem type="tenure" free="2025235928" total="2088697856" percent="96">
      <mem type="soa" free="1920801240" total="1984263168" percent="96" />
      <mem type="loa" free="104434688" total="104434688" percent="100" />
    </mem>
    <remembered-set count="783" />
  </mem-info>
</gc-start>
<allocation-stats totalBytes="1376064" >
  <allocated-bytes non-tlh="272" tlh="1375792" />
  <largest-consumer threadName="PmdThread 1" threadId="0000000000A79C00" bytes="630656" />
</allocation-stats>
<gc-op id="4862" type="scavenge" timems="2.867" contextid="4859" timestamp="2019-06-16T18:48:48.079">
  <scavenger-info tenureage="1" tenuremask="7ffe" tiltratio="61" />
  <memory-copied type="nursery" objects="3886" bytes="188112" bytesdiscarded="171792" />
  <memory-copied type="tenure" objects="20553" bytes="879984" bytesdiscarded="296" />
  <references type="weak" candidates="7" cleared="6" enqueued="6" />
  <references type="phantom" candidates="1" cleared="0" enqueued="0" />
</gc-op>
<gc-end id="4863" type="scavenge" contextid="4859" durationms="3.347" usertimems="0.000" systemtimems="4.000" timestamp="2019-06-16T18:48:48.079" activeThreads="4">
  <mem-info id="4864" free="2026458528" total="2092630016" percent="96">
    <mem type="nursery" free="2130408" total="3932160" percent="54">
      <mem type="allocate" free="2130408" total="2490368" percent="85" />
      <mem type="survivor" free="0" total="1441792" percent="0" />
    </mem>
    <mem type="tenure" free="2024328120" total="2088697856" percent="96">
      <mem type="soa" free="1919893432" total="1984263168" percent="96" />
      <mem type="loa" free="104434688" total="104434688" percent="100" />
    </mem>
    <pending-finalizers system="0" default="0" reference="6" classloader="0" />
    <remembered-set count="1092" />
  </mem-info>
</gc-end>
<cycle-end id="4865" type="scavenge" contextid="4859" timestamp="2019-06-16T18:48:48.079" />
  <attribute name="elasticGC enabled" value="1" />
  <attribute name= "numThreadsSpecified" value="4" />
  <attribute name="heapSize specified" value="9830400" />
  <attribute name="Current GC Util" value="72" />
  <attribute name= "Current Time Running" value="5947" />
  <attribute name ="GC Interval" value="312" />
  <attribute name="ProportionalT" value="52.000000" />
  <attribute name="ProportionalI" value="52.000000" />
  <attribute name="ProportionalH" value="52.000000" />
  <attribute name="Current Error" value="52.000000" />
  <attribute name="IntegralT" value="260.000000" />
  <attribute name="IntegralI" value="260.000000" />
  <attribute name="IntegralH" value="260.000000" />
  <attribute name="DerivativeT" value="-3.100000" />
  <attribute name="DerivativeI" value="-3.100000" />
  <attribute name="DerivativeH" value="-3.100000" />
  <attribute name="Loop Time for DT" value="5.000000" />
  <attribute name="Output H" value="8388608"/>
  <attribute name="Output I" value="312"/>
  <attribute name="Output T" value="4"/>
  <attribute name="Target GC Util Change" value ="20.000000" />
  <attribute name="Current GC Util Change" value="72.000000"/>
  <attribute name="GC Util currently" value="72" />
  <attribute name="CPU Util currently" value="885802280121" />
<allocation-satisfied id="4866" threadId="0000000000A81400" bytesRequested="40" />
<af-end id="4867" timestamp="2019-06-16T18:48:48.079" threadId="0000000000A81D88" success="true" from="nursery"/>
<exclusive-end id="4868" timestamp="2019-06-16T18:48:48.080" durationms="3.849" />

<exclusive-start id="4869" timestamp="2019-06-16T18:48:48.085" intervalms="8.894">
  <response-info timems="0.030" idlems="0.030" threads="0" lastid="0000000000A81400" lastname="PmdThread 3" />
</exclusive-start>
<af-start id="4870" threadId="0000000000A81D88" totalBytesRequested="16" timestamp="2019-06-16T18:48:48.085" intervalms="8.921" type="nursery" />
<cycle-start id="4871" type="scavenge" contextid="0" timestamp="2019-06-16T18:48:48.085" intervalms="8.902" />
<gc-start id="4872" type="scavenge" contextid="4871" timestamp="2019-06-16T18:48:48.085">
  <mem-info id="4873" free="2024326824" total="2092630016" percent="96">
    <mem type="nursery" free="0" total="3932160" percent="0">
      <mem type="allocate" free="0" total="2490368" percent="0" />
      <mem type="survivor" free="0" total="1441792" percent="0" />
    </mem>
    <mem type="tenure" free="2024326824" total="2088697856" percent="96">
      <mem type="soa" free="1919892136" total="1984263168" percent="96" />
      <mem type="loa" free="104434688" total="104434688" percent="100" />
    </mem>
    <remembered-set count="1409" />
  </mem-info>
</gc-start>
<allocation-stats totalBytes="2129456" >
  <allocated-bytes non-tlh="17728" tlh="2111728" />
  <largest-consumer threadName="PmdThread 3" threadId="0000000000A81400" bytes="1298176" />
</allocation-stats>
<gc-op id="4874" type="scavenge" timems="2.298" contextid="4871" timestamp="2019-06-16T18:48:48.087">
  <scavenger-info tenureage="2" tenuremask="7ffc" tiltratio="63" />
  <memory-copied type="nursery" objects="8228" bytes="488488" bytesdiscarded="228536" />
  <references type="weak" candidates="48" cleared="48" enqueued="48" />
  <references type="phantom" candidates="10" cleared="10" enqueued="10" />
</gc-op>
<gc-end id="4875" type="scavenge" contextid="4871" durationms="2.648" usertimems="4.000" systemtimems="4.000" timestamp="2019-06-16T18:48:48.087" activeThreads="4">
  <mem-info id="4876" free="2026231032" total="2092630016" percent="96">
    <mem type="nursery" free="1904208" total="3932160" percent="48">
      <mem type="allocate" free="1904208" total="2621440" percent="72" />
      <mem type="survivor" free="0" total="1310720" percent="0" />
    </mem>
    <mem type="tenure" free="2024326824" total="2088697856" percent="96">
      <mem type="soa" free="1919892136" total="1984263168" percent="96" />
      <mem type="loa" free="104434688" total="104434688" percent="100" />
    </mem>
    <pending-finalizers system="0" default="0" reference="58" classloader="0" />
    <remembered-set count="1360" />
  </mem-info>
</gc-end>
<cycle-end id="4877" type="scavenge" contextid="4871" timestamp="2019-06-16T18:48:48.087" />
  <attribute name="elasticGC enabled" value="1" />
  <attribute name= "numThreadsSpecified" value="4" />
  <attribute name="heapSize specified" value="9830400" />
  <attribute name="Current GC Util" value="67" />
  <attribute name= "Current Time Running" value="5956" />
  <attribute name ="GC Interval" value="472" />
  <attribute name="ProportionalT" value="47.000000" />
  <attribute name="ProportionalI" value="47.000000" />
  <attribute name="ProportionalH" value="47.000000" />
  <attribute name="Current Error" value="47.000000" />
  <attribute name="IntegralT" value="423.000000" />
  <attribute name="IntegralI" value="423.000000" />
  <attribute name="IntegralH" value="423.000000" />
  <attribute name="DerivativeT" value="-0.277778" />
  <attribute name="DerivativeI" value="-0.277778" />
  <attribute name="DerivativeH" value="-0.277778" />
  <attribute name="Loop Time for DT" value="9.000000" />
  <attribute name="Output H" value="8388608"/>
  <attribute name="Output I" value="472"/>
  <attribute name="Output T" value="4"/>
  <attribute name="Target GC Util Change" value ="20.000000" />
  <attribute name="Current GC Util Change" value="67.000000"/>
  <attribute name="GC Util currently" value="67" />
  <attribute name="CPU Util currently" value="523775837771" />
<allocation-satisfied id="4878" threadId="0000000000A81400" bytesRequested="16" />
<af-end id="4879" timestamp="2019-06-16T18:48:48.088" threadId="0000000000A81D88" success="true" from="nursery"/>
<exclusive-end id="4880" timestamp="2019-06-16T18:48:48.088" durationms="3.102" />

<exclusive-start id="4881" timestamp="2019-06-16T18:48:48.092" intervalms="7.759">
  <response-info timems="0.059" idlems="0.059" threads="0" lastid="0000000000A79C00" lastname="PmdThread 1" />
</exclusive-start>
<af-start id="4882" threadId="0000000000A7A588" totalBytesRequested="56" timestamp="2019-06-16T18:48:48.092" intervalms="7.758" type="nursery" />
<cycle-start id="4883" type="scavenge" contextid="0" timestamp="2019-06-16T18:48:48.092" intervalms="7.760" />
<gc-start id="4884" type="scavenge" contextid="4883" timestamp="2019-06-16T18:48:48.093">
  <mem-info id="4885" free="2024326584" total="2092630016" percent="96">
    <mem type="nursery" free="0" total="3932160" percent="0">
      <mem type="allocate" free="0" total="2621440" percent="0" />
      <mem type="survivor" free="0" total="1310720" percent="0" />
    </mem>
    <mem type="tenure" free="2024326584" total="2088697856" percent="96">
      <mem type="soa" free="1919891896" total="1984263168" percent="96" />
      <mem type="loa" free="104434688" total="104434688" percent="100" />
    </mem>
    <remembered-set count="1497" />
  </mem-info>
</gc-start>
<allocation-stats totalBytes="1900936" >
  <allocated-bytes non-tlh="256" tlh="1900680" />
  <largest-consumer threadName="PmdThread 4" threadId="0000000000A85000" bytes="798456" />
</allocation-stats>
<gc-op id="4886" type="scavenge" timems="0.755" contextid="4883" timestamp="2019-06-16T18:48:48.093">
  <scavenger-info tenureage="2" tenuremask="7ffc" tiltratio="66" />
  <memory-copied type="nursery" objects="7525" bytes="513816" bytesdiscarded="133816" />
  <memory-copied type="tenure" objects="3275" bytes="94264" bytesdiscarded="16" />
  <references type="weak" candidates="66" cleared="66" enqueued="66" />
  <references type="phantom" candidates="9" cleared="9" enqueued="9" />
</gc-op>
<gc-end id="4887" type="scavenge" contextid="4883" durationms="0.951" usertimems="0.000" systemtimems="4.000" timestamp="2019-06-16T18:48:48.093" activeThreads="4">
  <mem-info id="4888" free="2026392136" total="2092630016" percent="96">
    <mem type="nursery" free="2104720" total="3932160" percent="53">
      <mem type="allocate" free="2104720" total="2752512" percent="76" />
      <mem type="survivor" free="0" total="1179648" percent="0" />
    </mem>
    <mem type="tenure" free="2024287416" total="2088697856" percent="96">
      <mem type="soa" free="1919852728" total="1984263168" percent="96" />
      <mem type="loa" free="104434688" total="104434688" percent="100" />
    </mem>
    <pending-finalizers system="0" default="0" reference="75" classloader="0" />
    <remembered-set count="409" />
  </mem-info>
</gc-end>
<cycle-end id="4889" type="scavenge" contextid="4883" timestamp="2019-06-16T18:48:48.094" />
  <attribute name="elasticGC enabled" value="1" />
  <attribute name= "numThreadsSpecified" value="4" />
  <attribute name="heapSize specified" value="9830400" />
  <attribute name="Current GC Util" value="58" />
  <attribute name= "Current Time Running" value="5964" />
  <attribute name ="GC Interval" value="344" />
  <attribute name="ProportionalT" value="38.000000" />
  <attribute name="ProportionalI" value="38.000000" />
  <attribute name="ProportionalH" value="38.000000" />
  <attribute name="Current Error" value="38.000000" />
  <attribute name="IntegralT" value="304.000000" />
  <attribute name="IntegralI" value="304.000000" />
  <attribute name="IntegralH" value="304.000000" />
  <attribute name="DerivativeT" value="-0.562500" />
  <attribute name="DerivativeI" value="-0.562500" />
  <attribute name="DerivativeH" value="-0.562500" />
  <attribute name="Loop Time for DT" value="8.000000" />
  <attribute name="Output H" value="8388608"/>
  <attribute name="Output I" value="344"/>
  <attribute name="Output T" value="4"/>
  <attribute name="Target GC Util Change" value ="20.000000" />
  <attribute name="Current GC Util Change" value="58.000000"/>
  <attribute name="GC Util currently" value="58" />
  <attribute name="CPU Util currently" value="592962675885" />
<allocation-satisfied id="4890" threadId="0000000000A79C00" bytesRequested="56" />
<af-end id="4891" timestamp="2019-06-16T18:48:48.094" threadId="0000000000A7A588" success="true" from="nursery"/>
<exclusive-end id="4892" timestamp="2019-06-16T18:48:48.094" durationms="1.426" />

<exclusive-start id="4893" timestamp="2019-06-16T18:48:48.100" intervalms="7.412">
  <response-info timems="0.054" idlems="0.029" threads="1" lastid="0000000000A81400" lastname="PmdThread 3" />
</exclusive-start>
<af-start id="4894" threadId="0000000000A85988" totalBytesRequested="16" timestamp="2019-06-16T18:48:48.100" intervalms="7.414" type="nursery" />
<cycle-start id="4895" type="scavenge" contextid="0" timestamp="2019-06-16T18:48:48.100" intervalms="7.419" />
<gc-start id="4896" type="scavenge" contextid="4895" timestamp="2019-06-16T18:48:48.100">
  <mem-info id="4897" free="2024286760" total="2092630016" percent="96">
    <mem type="nursery" free="0" total="3932160" percent="0">
      <mem type="allocate" free="0" total="2752512" percent="0" />
      <mem type="survivor" free="0" total="1179648" percent="0" />
    </mem>
    <mem type="tenure" free="2024286760" total="2088697856" percent="96">
      <mem type="soa" free="1919852072" total="1984263168" percent="96" />
      <mem type="loa" free="104434688" total="104434688" percent="100" />
    </mem>
    <remembered-set count="541" />
  </mem-info>
</gc-start>
<allocation-stats totalBytes="2104496" >
  <allocated-bytes non-tlh="712" tlh="2103784" />
  <largest-consumer threadName="PmdThread 1" threadId="0000000000A79C00" bytes="585904" />
</allocation-stats>
<gc-op id="4898" type="scavenge" timems="1.892" contextid="4895" timestamp="2019-06-16T18:48:48.102">
  <scavenger-info tenureage="2" tenuremask="7ffc" tiltratio="70" />
  <memory-copied type="nursery" objects="4973" bytes="313776" bytesdiscarded="95608" />
  <memory-copied type="tenure" objects="1845" bytes="112520" bytesdiscarded="8" />
  <references type="weak" candidates="123" cleared="123" enqueued="123" />
  <references type="phantom" candidates="16" cleared="13" enqueued="13" />
</gc-op>
<gc-end id="4899" type="scavenge" contextid="4895" durationms="2.316" usertimems="4.000" systemtimems="0.000" timestamp="2019-06-16T18:48:48.102" activeThreads="4">
  <mem-info id="4900" free="2026665960" total="2092630016" percent="96">
    <mem type="nursery" free="2473936" total="3932160" percent="62">
      <mem type="allocate" free="2473936" total="2883584" percent="85" />
      <mem type="survivor" free="0" total="1048576" percent="0" />
    </mem>
    <mem type="tenure" free="2024192024" total="2088697856" percent="96">
      <mem type="soa" free="1919757336" total="1984263168" percent="96" />
      <mem type="loa" free="104434688" total="104434688" percent="100" />
    </mem>
    <pending-finalizers system="0" default="0" reference="136" classloader="0" />
    <remembered-set count="169" />
  </mem-info>
</gc-end>
<cycle-end id="4901" type="scavenge" contextid="4895" timestamp="2019-06-16T18:48:48.102" />
  <attribute name="elasticGC enabled" value="1" />
  <attribute name= "numThreadsSpecified" value="4" />
  <attribute name="heapSize specified" value="9830400" />
  <attribute name="Current GC Util" value="23" />
  <attribute name= "Current Time Running" value="5972" />
  <attribute name ="GC Interval" value="200" />
  <attribute name="ProportionalT" value="3.000000" />
  <attribute name="ProportionalI" value="3.000000" />
  <attribute name="ProportionalH" value="3.000000" />
  <attribute name="Current Error" value="3.000000" />
  <attribute name="IntegralT" value="24.000000" />
  <attribute name="IntegralI" value="24.000000" />
  <attribute name="IntegralH" value="24.000000" />
  <attribute name="DerivativeT" value="-2.187500" />
  <attribute name="DerivativeI" value="-2.187500" />
  <attribute name="DerivativeH" value="-2.187500" />
  <attribute name="Loop Time for DT" value="8.000000" />
  <attribute name="Output H" value="8388608"/>
  <attribute name="Output I" value="200"/>
  <attribute name="Output T" value="4"/>
  <attribute name="Target GC Util Change" value ="20.000000" />
  <attribute name="Current GC Util Change" value="23.000000"/>
  <attribute name="GC Util currently" value="23" />
  <attribute name="CPU Util currently" value="620029690818" />
<allocation-satisfied id="4902" threadId="0000000000A85000" bytesRequested="16" />
<af-end id="4903" timestamp="2019-06-16T18:48:48.103" threadId="0000000000A85988" success="true" from="nursery"/>
<exclusive-end id="4904" timestamp="2019-06-16T18:48:48.103" durationms="2.888" />

<exclusive-start id="4905" timestamp="2019-06-16T18:48:48.110" intervalms="9.923">
  <response-info timems="0.045" idlems="0.045" threads="0" lastid="0000000000A81400" lastname="PmdThread 3" />
</exclusive-start>
<af-start id="4906" threadId="0000000000A81D88" totalBytesRequested="16" timestamp="2019-06-16T18:48:48.110" intervalms="9.919" type="nursery" />
<cycle-start id="4907" type="scavenge" contextid="0" timestamp="2019-06-16T18:48:48.110" intervalms="9.905" />
<gc-start id="4908" type="scavenge" contextid="4907" timestamp="2019-06-16T18:48:48.110">
  <mem-info id="4909" free="2024187232" total="2092630016" percent="96">
    <mem type="nursery" free="0" total="3932160" percent="0">
      <mem type="allocate" free="0" total="2883584" percent="0" />
      <mem type="survivor" free="0" total="1048576" percent="0" />
    </mem>
    <mem type="tenure" free="2024187232" total="2088697856" percent="96">
      <mem type="soa" free="1919752544" total="1984263168" percent="96" />
      <mem type="loa" free="104434688" total="104434688" percent="100" />
    </mem>
    <remembered-set count="244" />
  </mem-info>
</gc-start>
<allocation-stats totalBytes="2477944" >
  <allocated-bytes non-tlh="4808" tlh="2473136" />
  <largest-consumer threadName="PmdThread 1" threadId="0000000000A79C00" bytes="1155112" />
</allocation-stats>
<gc-op id="4910" type="scavenge" timems="2.097" contextid="4907" timestamp="2019-06-16T18:48:48.112">
  <scavenger-info tenureage="2" tenuremask="7ffc" tiltratio="73" />
  <memory-copied type="nursery" objects="6086" bytes="527472" bytesdiscarded="114056" />
  <memory-copied type="tenure" objects="3127" bytes="175008" bytesdiscarded="40" />
  <references type="weak" candidates="37" cleared="37" enqueued="37" />
  <references type="phantom" candidates="9" cleared="5" enqueued="5" />
</gc-op>
<gc-end id="4911" type="scavenge" contextid="4907" durationms="2.442" usertimems="4.000" systemtimems="0.000" timestamp="2019-06-16T18:48:48.112" activeThreads="4">
  <mem-info id="4912" free="2026209224" total="2092630016" percent="96">
    <mem type="nursery" free="2241920" total="3932160" percent="57">
      <mem type="allocate" free="2241920" total="2883584" percent="77" />
      <mem type="survivor" free="0" total="1048576" percent="0" />
    </mem>
    <mem type="tenure" free="2023967304" total="2088697856" percent="96">
      <mem type="soa" free="1919532616" total="1984263168" percent="96" />
      <mem type="loa" free="104434688" total="104434688" percent="100" />
    </mem>
    <pending-finalizers system="0" default="0" reference="42" classloader="0" />
    <remembered-set count="198" />
  </mem-info>
</gc-end>
<cycle-end id="4913" type="scavenge" contextid="4907" timestamp="2019-06-16T18:48:48.112" />
  <attribute name="elasticGC enabled" value="1" />
  <attribute name= "numThreadsSpecified" value="4" />
  <attribute name="heapSize specified" value="9830400" />
  <attribute name="Current GC Util" value="46" />
  <attribute name= "Current Time Running" value="5981" />
  <attribute name ="GC Interval" value="264" />
  <attribute name="ProportionalT" value="26.000000" />
  <attribute name="ProportionalI" value="26.000000" />
  <attribute name="ProportionalH" value="26.000000" />
  <attribute name="Current Error" value="26.000000" />
  <attribute name="IntegralT" value="234.000000" />
  <attribute name="IntegralI" value="234.000000" />
  <attribute name="IntegralH" value="234.000000" />
  <attribute name="DerivativeT" value="1.277778" />
  <attribute name="DerivativeI" value="1.277778" />
  <attribute name="DerivativeH" value="1.277778" />
  <attribute name="Loop Time for DT" value="9.000000" />
  <attribute name="Output H" value="8388608"/>
  <attribute name="Output I" value="264"/>
  <attribute name="Output T" value="4"/>
  <attribute name="Target GC Util Change" value ="20.000000" />
  <attribute name="Current GC Util Change" value="46.000000"/>
  <attribute name="GC Util currently" value="46" />
  <attribute name="CPU Util currently" value="468033526138" />
<allocation-satisfied id="4914" threadId="0000000000A81400" bytesRequested="16" />
<af-end id="4915" timestamp="2019-06-16T18:48:48.113" threadId="0000000000A81D88" success="true" from="nursery"/>
<exclusive-end id="4916" timestamp="2019-06-16T18:48:48.113" durationms="3.129" />

<exclusive-start id="4917" timestamp="2019-06-16T18:48:48.123" intervalms="13.223">
  <response-info timems="0.049" idlems="0.028" threads="1" lastid="0000000000A85000" lastname="PmdThread 4" />
</exclusive-start>
<af-start id="4918" threadId="0000000000A81D88" totalBytesRequested="632" timestamp="2019-06-16T18:48:48.123" intervalms="13.220" type="nursery" />
<cycle-start id="4919" type="scavenge" contextid="0" timestamp="2019-06-16T18:48:48.123" intervalms="13.220" />
<gc-start id="4920" type="scavenge" contextid="4919" timestamp="2019-06-16T18:48:48.123">
  <mem-info id="4921" free="2023962256" total="2092630016" percent="96">
    <mem type="nursery" free="0" total="3932160" percent="0">
      <mem type="allocate" free="0" total="2883584" percent="0" />
      <mem type="survivor" free="0" total="1048576" percent="0" />
    </mem>
    <mem type="tenure" free="2023962256" total="2088697856" percent="96">
      <mem type="soa" free="1919527568" total="1984263168" percent="96" />
      <mem type="loa" free="104434688" total="104434688" percent="100" />
    </mem>
    <remembered-set count="401" />
  </mem-info>
</gc-start>
<allocation-stats totalBytes="2244288" >
  <allocated-bytes non-tlh="5064" tlh="2239224" />
  <largest-consumer threadName="PmdThread 2" threadId="0000000000A7D800" bytes="917672" />
</allocation-stats>
<gc-op id="4922" type="scavenge" timems="2.292" contextid="4919" timestamp="2019-06-16T18:48:48.125">
  <scavenger-info tenureage="2" tenuremask="7ffc" tiltratio="73" />
  <memory-copied type="nursery" objects="10552" bytes="737656" bytesdiscarded="238096" />
  <memory-copied type="tenure" objects="599" bytes="18120" bytesdiscarded="0" />
  <references type="weak" candidates="139" cleared="139" enqueued="139" />
  <references type="phantom" candidates="3" cleared="3" enqueued="3" />
</gc-op>
<gc-end id="4923" type="scavenge" contextid="4919" durationms="2.645" usertimems="8.000" systemtimems="0.000" timestamp="2019-06-16T18:48:48.126" activeThreads="4">
  <mem-info id="4924" free="2025869304" total="2092630016" percent="96">
    <mem type="nursery" free="1907048" total="3932160" percent="48">
      <mem type="allocate" free="1907048" total="2883584" percent="66" />
      <mem type="survivor" free="0" total="1048576" percent="0" />
    </mem>
    <mem type="tenure" free="2023962256" total="2088697856" percent="96">
      <mem type="soa" free="1919527568" total="1984263168" percent="96" />
      <mem type="loa" free="104434688" total="104434688" percent="100" />
    </mem>
    <pending-finalizers system="0" default="0" reference="142" classloader="0" />
    <remembered-set count="257" />
  </mem-info>
</gc-end>
<cycle-end id="4925" type="scavenge" contextid="4919" timestamp="2019-06-16T18:48:48.126" />
  <attribute name="elasticGC enabled" value="1" />
  <attribute name= "numThreadsSpecified" value="4" />
  <attribute name="heapSize specified" value="9830400" />
  <attribute name="Current GC Util" value="33" />
  <attribute name= "Current Time Running" value="5995" />
  <attribute name ="GC Interval" value="200" />
  <attribute name="ProportionalT" value="13.000000" />
  <attribute name="ProportionalI" value="13.000000" />
  <attribute name="ProportionalH" value="13.000000" />
  <attribute name="Current Error" value="13.000000" />
  <attribute name="IntegralT" value="182.000000" />
  <attribute name="IntegralI" value="182.000000" />
  <attribute name="IntegralH" value="182.000000" />
  <attribute name="DerivativeT" value="-0.464286" />
  <attribute name="DerivativeI" value="-0.464286" />
  <attribute name="DerivativeH" value="-0.464286" />
  <attribute name="Loop Time for DT" value="14.000000" />
  <attribute name="Output H" value="8388608"/>
  <attribute name="Output I" value="200"/>
  <attribute name="Output T" value="4"/>
  <attribute name="Target GC Util Change" value ="20.000000" />
  <attribute name="Current GC Util Change" value="33.000000"/>
  <attribute name="GC Util currently" value="33" />
  <attribute name="CPU Util currently" value="348994821594" />
<allocation-satisfied id="4926" threadId="0000000000A81400" bytesRequested="632" />
<af-end id="4927" timestamp="2019-06-16T18:48:48.126" threadId="0000000000A81D88" success="true" from="nursery"/>
<exclusive-end id="4928" timestamp="2019-06-16T18:48:48.126" durationms="3.165" />

<exclusive-start id="4929" timestamp="2019-06-16T18:48:48.131" intervalms="7.966">
  <response-info timems="0.038" idlems="0.038" threads="0" lastid="0000000000A85000" lastname="PmdThread 4" />
</exclusive-start>
<af-start id="4930" threadId="0000000000A85988" totalBytesRequested="16" timestamp="2019-06-16T18:48:48.131" intervalms="7.970" type="nursery" />
<cycle-start id="4931" type="scavenge" contextid="0" timestamp="2019-06-16T18:48:48.131" intervalms="8.008" />
<gc-start id="4932" type="scavenge" contextid="4931" timestamp="2019-06-16T18:48:48.131">
  <mem-info id="4933" free="2023962256" total="2092630016" percent="96">
    <mem type="nursery" free="0" total="3932160" percent="0">
      <mem type="allocate" free="0" total="2883584" percent="0" />
      <mem type="survivor" free="0" total="1048576" percent="0" />
    </mem>
    <mem type="tenure" free="2023962256" total="2088697856" percent="96">
      <mem type="soa" free="1919527568" total="1984263168" percent="96" />
      <mem type="loa" free="104434688" total="104434688" percent="100" />
    </mem>
    <remembered-set count="475" />
  </mem-info>
</gc-start>
<allocation-stats totalBytes="1904760" >
  <allocated-bytes non-tlh="632" tlh="1904128" />
  <largest-consumer threadName="PmdThread 4" threadId="0000000000A85000" bytes="558280" />
</allocation-stats>
<gc-op id="4934" type="scavenge" timems="3.092" contextid="4931" timestamp="2019-06-16T18:48:48.134">
  <scavenger-info tenureage="2" tenuremask="7ffc" tiltratio="73" />
  <memory-copied type="nursery" objects="9037" bytes="429040" bytesdiscarded="104392" />
  <memory-copied type="tenure" objects="4958" bytes="469856" bytesdiscarded="272" />
  <references type="weak" candidates="153" cleared="153" enqueued="153" />
  <references type="phantom" candidates="1" cleared="1" enqueued="1" />
</gc-op>
<gc-end id="4935" type="scavenge" contextid="4931" durationms="3.321" usertimems="0.000" systemtimems="8.000" timestamp="2019-06-16T18:48:48.134" activeThreads="4">
  <mem-info id="4936" free="2025932016" total="2092630016" percent="96">
    <mem type="nursery" free="2415592" total="3932160" percent="61">
      <mem type="allocate" free="2415592" total="2949120" percent="81" />
      <mem type="survivor" free="0" total="983040" percent="0" />
    </mem>
    <mem type="tenure" free="2023516424" total="2088697856" percent="96">
      <mem type="soa" free="1919081736" total="1984263168" percent="96" />
      <mem type="loa" free="104434688" total="104434688" percent="100" />
    </mem>
    <pending-finalizers system="0" default="0" reference="154" classloader="0" />
    <remembered-set count="260" />
  </mem-info>
</gc-end>
<cycle-end id="4937" type="scavenge" contextid="4931" timestamp="2019-06-16T18:48:48.135" />
  <attribute name="elasticGC enabled" value="1" />
  <attribute name= "numThreadsSpecified" value="4" />
  <attribute name="heapSize specified" value="9830400" />
  <attribute name="Current GC Util" value="63" />
  <attribute name= "Current Time Running" value="6003" />
  <attribute name ="GC Interval" value="392" />
  <attribute name="ProportionalT" value="43.000000" />
  <attribute name="ProportionalI" value="43.000000" />
  <attribute name="ProportionalH" value="43.000000" />
  <attribute name="Current Error" value="43.000000" />
  <attribute name="IntegralT" value="344.000000" />
  <attribute name="IntegralI" value="344.000000" />
  <attribute name="IntegralH" value="344.000000" />
  <attribute name="DerivativeT" value="1.875000" />
  <attribute name="DerivativeI" value="1.875000" />
  <attribute name="DerivativeH" value="1.875000" />
  <attribute name="Loop Time for DT" value="8.000000" />
  <attribute name="Output H" value="8388608"/>
  <attribute name="Output I" value="392"/>
  <attribute name="Output T" value="4"/>
  <attribute name="Target GC Util Change" value ="20.000000" />
  <attribute name="Current GC Util Change" value="63.000000"/>
  <attribute name="GC Util currently" value="63" />
  <attribute name="CPU Util currently" value="570195439407" />
<allocation-satisfied id="4938" threadId="0000000000A85000" bytesRequested="16" />
<af-end id="4939" timestamp="2019-06-16T18:48:48.135" threadId="0000000000A85988" success="true" from="nursery"/>
<exclusive-end id="4940" timestamp="2019-06-16T18:48:48.135" durationms="3.869" />

<exclusive-start id="4941" timestamp="2019-06-16T18:48:48.142" intervalms="10.889">
  <response-info timems="0.060" idlems="0.031" threads="1" lastid="0000000000769700" lastname="main" />
</exclusive-start>
<af-start id="4942" threadId="0000000000A7E188" totalBytesRequested="200" timestamp="2019-06-16T18:48:48.142" intervalms="10.880" type="nursery" />
<cycle-start id="4943" type="scavenge" contextid="0" timestamp="2019-06-16T18:48:48.142" intervalms="10.843" />
<gc-start id="4944" type="scavenge" contextid="4943" timestamp="2019-06-16T18:48:48.142">
  <mem-info id="4945" free="2023515872" total="2092630016" percent="96">
    <mem type="nursery" free="0" total="3932160" percent="0">
      <mem type="allocate" free="0" total="2949120" percent="0" />
      <mem type="survivor" free="0" total="983040" percent="0" />
    </mem>
    <mem type="tenure" free="2023515872" total="2088697856" percent="96">
      <mem type="soa" free="1919081184" total="1984263168" percent="96" />
      <mem type="loa" free="104434688" total="104434688" percent="100" />
    </mem>
    <remembered-set count="481" />
  </mem-info>
</gc-start>
<allocation-stats totalBytes="2413736" >
  <allocated-bytes non-tlh="568" tlh="2413168" />
  <largest-consumer threadName="PmdThread 4" threadId="0000000000A85000" bytes="970416" />
</allocation-stats>
<gc-op id="4946" type="scavenge" timems="1.812" contextid="4943" timestamp="2019-06-16T18:48:48.144">
  <scavenger-info tenureage="2" tenuremask="7ffc" tiltratio="75" />
  <memory-copied type="nursery" objects="6161" bytes="381616" bytesdiscarded="236808" />
  <memory-copied type="tenure" objects="3736" bytes="131296" bytesdiscarded="8" />
  <references type="weak" candidates="196" cleared="195" enqueued="195" />
  <references type="phantom" candidates="3" cleared="2" enqueued="2" />
</gc-op>
<gc-end id="4947" type="scavenge" contextid="4943" durationms="1.988" usertimems="4.000" systemtimems="0.000" timestamp="2019-06-16T18:48:48.144" activeThreads="4">
  <mem-info id="4948" free="2025872544" total="2092630016" percent="96">
    <mem type="nursery" free="2395840" total="3932160" percent="60">
      <mem type="allocate" free="2395840" total="3014656" percent="79" />
      <mem type="survivor" free="0" total="917504" percent="0" />
    </mem>
    <mem type="tenure" free="2023476704" total="2088697856" percent="96">
      <mem type="soa" free="1919042016" total="1984263168" percent="96" />
      <mem type="loa" free="104434688" total="104434688" percent="100" />
    </mem>
    <pending-finalizers system="0" default="0" reference="197" classloader="0" />
    <remembered-set count="160" />
  </mem-info>
</gc-end>
<cycle-end id="4949" type="scavenge" contextid="4943" timestamp="2019-06-16T18:48:48.144" />
  <attribute name="elasticGC enabled" value="1" />
  <attribute name= "numThreadsSpecified" value="4" />
  <attribute name="heapSize specified" value="9830400" />
  <attribute name="Current GC Util" value="68" />
  <attribute name= "Current Time Running" value="6013" />
  <attribute name ="GC Interval" value="528" />
  <attribute name="ProportionalT" value="48.000000" />
  <attribute name="ProportionalI" value="48.000000" />
  <attribute name="ProportionalH" value="48.000000" />
  <attribute name="Current Error" value="48.000000" />
  <attribute name="IntegralT" value="480.000000" />
  <attribute name="IntegralI" value="480.000000" />
  <attribute name="IntegralH" value="480.000000" />
  <attribute name="DerivativeT" value="0.250000" />
  <attribute name="DerivativeI" value="0.250000" />
  <attribute name="DerivativeH" value="0.250000" />
  <attribute name="Loop Time for DT" value="10.000000" />
  <attribute name="Output H" value="8388608"/>
  <attribute name="Output I" value="528"/>
  <attribute name="Output T" value="4"/>
  <attribute name="Target GC Util Change" value ="20.000000" />
  <attribute name="Current GC Util Change" value="68.000000"/>
  <attribute name="GC Util currently" value="68" />
  <attribute name="CPU Util currently" value="428201413562" />
<allocation-satisfied id="4950" threadId="0000000000A7D800" bytesRequested="200" />
<af-end id="4951" timestamp="2019-06-16T18:48:48.144" threadId="0000000000A7E188" success="true" from="nursery"/>
<exclusive-end id="4952" timestamp="2019-06-16T18:48:48.144" durationms="2.413" />

<exclusive-start id="4953" timestamp="2019-06-16T18:48:48.152" intervalms="9.914">
  <response-info timems="0.098" idlems="0.098" threads="0" lastid="0000000000A81400" lastname="PmdThread 3" />
</exclusive-start>
<af-start id="4954" threadId="0000000000A81D88" totalBytesRequested="16" timestamp="2019-06-16T18:48:48.152" intervalms="9.925" type="nursery" />
<cycle-start id="4955" type="scavenge" contextid="0" timestamp="2019-06-16T18:48:48.152" intervalms="9.935" />
<gc-start id="4956" type="scavenge" contextid="4955" timestamp="2019-06-16T18:48:48.152">
  <mem-info id="4957" free="2023475600" total="2092630016" percent="96">
    <mem type="nursery" free="0" total="3932160" percent="0">
      <mem type="allocate" free="0" total="3014656" percent="0" />
      <mem type="survivor" free="0" total="917504" percent="0" />
    </mem>
    <mem type="tenure" free="2023475600" total="2088697856" percent="96">
      <mem type="soa" free="1919040912" total="1984263168" percent="96" />
      <mem type="loa" free="104434688" total="104434688" percent="100" />
    </mem>
    <remembered-set count="506" />
  </mem-info>
</gc-start>
<allocation-stats totalBytes="2394448" >
  <allocated-bytes non-tlh="1304" tlh="2393144" />
  <largest-consumer threadName="PmdThread 2" threadId="0000000000A7D800" bytes="773600" />
</allocation-stats>
<gc-op id="4958" type="scavenge" timems="2.334" contextid="4955" timestamp="2019-06-16T18:48:48.154">
  <scavenger-info tenureage="2" tenuremask="7ffc" tiltratio="76" />
  <memory-copied type="nursery" objects="2907" bytes="284704" bytesdiscarded="196040" />
  <memory-copied type="tenure" objects="30" bytes="1056" bytesdiscarded="0" />
  <references type="weak" candidates="185" cleared="184" enqueued="184" />
  <references type="phantom" candidates="2" cleared="2" enqueued="2" />
</gc-op>
<gc-end id="4959" type="scavenge" contextid="4955" durationms="2.698" usertimems="4.000" systemtimems="0.000" timestamp="2019-06-16T18:48:48.155" activeThreads="4">
  <mem-info id="4960" free="2026140224" total="2092630016" percent="96">
    <mem type="nursery" free="2664624" total="3932160" percent="67">
      <mem type="allocate" free="2664624" total="3145728" percent="84" />
      <mem type="survivor" free="0" total="786432" percent="0" />
    </mem>
    <mem type="tenure" free="2023475600" total="2088697856" percent="96">
      <mem type="soa" free="1919040912" total="1984263168" percent="96" />
      <mem type="loa" free="104434688" total="104434688" percent="100" />
    </mem>
    <pending-finalizers system="0" default="0" reference="186" classloader="0" />
    <remembered-set count="169" />
  </mem-info>
</gc-end>
<cycle-end id="4961" type="scavenge" contextid="4955" timestamp="2019-06-16T18:48:48.155" />
  <attribute name="elasticGC enabled" value="1" />
  <attribute name= "numThreadsSpecified" value="4" />
  <attribute name="heapSize specified" value="9830400" />
  <attribute name="Current GC Util" value="39" />
  <attribute name= "Current Time Running" value="6023" />
  <attribute name ="GC Interval" value="208" />
  <attribute name="ProportionalT" value="19.000000" />
  <attribute name="ProportionalI" value="19.000000" />
  <attribute name="ProportionalH" value="19.000000" />
  <attribute name="Current Error" value="19.000000" />
  <attribute name="IntegralT" value="190.000000" />
  <attribute name="IntegralI" value="190.000000" />
  <attribute name="IntegralH" value="190.000000" />
  <attribute name="DerivativeT" value="-1.450000" />
  <attribute name="DerivativeI" value="-1.450000" />
  <attribute name="DerivativeH" value="-1.450000" />
  <attribute name="Loop Time for DT" value="10.000000" />
  <attribute name="Output H" value="8388608"/>
  <attribute name="Output I" value="208"/>
  <attribute name="Output T" value="4"/>
  <attribute name="Target GC Util Change" value ="20.000000" />
  <attribute name="Current GC Util Change" value="39.000000"/>
  <attribute name="GC Util currently" value="39" />
  <attribute name="CPU Util currently" value="462812182441" />
<allocation-satisfied id="4962" threadId="0000000000A81400" bytesRequested="16" />
<af-end id="4963" timestamp="2019-06-16T18:48:48.155" threadId="0000000000A81D88" success="true" from="nursery"/>
<exclusive-end id="4964" timestamp="2019-06-16T18:48:48.155" durationms="3.180" />

<exclusive-start id="4965" timestamp="2019-06-16T18:48:48.159" intervalms="7.261">
  <response-info timems="0.063" idlems="0.063" threads="0" lastid="0000000000A81400" lastname="PmdThread 3" />
</exclusive-start>
<af-start id="4966" threadId="0000000000A81D88" totalBytesRequested="24" timestamp="2019-06-16T18:48:48.159" intervalms="7.262" type="nursery" />
<cycle-start id="4967" type="scavenge" contextid="0" timestamp="2019-06-16T18:48:48.159" intervalms="7.259" />
<gc-start id="4968" type="scavenge" contextid="4967" timestamp="2019-06-16T18:48:48.159">
  <mem-info id="4969" free="2023475600" total="2092630016" percent="96">
    <mem type="nursery" free="0" total="3932160" percent="0">
      <mem type="allocate" free="0" total="3145728" percent="0" />
      <mem type="survivor" free="0" total="786432" percent="0" />
    </mem>
    <mem type="tenure" free="2023475600" total="2088697856" percent="96">
      <mem type="soa" free="1919040912" total="1984263168" percent="96" />
      <mem type="loa" free="104434688" total="104434688" percent="100" />
    </mem>
    <remembered-set count="203" />
  </mem-info>
</gc-start>
<allocation-stats totalBytes="2664336" >
  <allocated-bytes non-tlh="16" tlh="2664320" />
  <largest-consumer threadName="PmdThread 3" threadId="0000000000A81400" bytes="2258920" />
</allocation-stats>
<gc-op id="4970" type="scavenge" timems="1.821" contextid="4967" timestamp="2019-06-16T18:48:48.161">
  <scavenger-info tenureage="3" tenuremask="7ff8" tiltratio="80" />
  <memory-copied type="nursery" objects="4252" bytes="458136" bytesdiscarded="187016" />
  <references type="weak" candidates="8" cleared="8" enqueued="8" />
  <references type="phantom" candidates="1" cleared="0" enqueued="0" />
</gc-op>
<gc-end id="4971" type="scavenge" contextid="4967" durationms="2.217" usertimems="4.000" systemtimems="0.000" timestamp="2019-06-16T18:48:48.161" activeThreads="4">
  <mem-info id="4972" free="2025976104" total="2092630016" percent="96">
    <mem type="nursery" free="2500504" total="3932160" percent="63">
      <mem type="allocate" free="2500504" total="3145728" percent="79" />
      <mem type="survivor" free="0" total="786432" percent="0" />
    </mem>
    <mem type="tenure" free="2023475600" total="2088697856" percent="96">
      <mem type="soa" free="1919040912" total="1984263168" percent="96" />
      <mem type="loa" free="104434688" total="104434688" percent="100" />
    </mem>
    <pending-finalizers system="0" default="0" reference="8" classloader="0" />
    <remembered-set count="167" />
  </mem-info>
</gc-end>
<cycle-end id="4973" type="scavenge" contextid="4967" timestamp="2019-06-16T18:48:48.162" />
  <attribute name="elasticGC enabled" value="1" />
  <attribute name= "numThreadsSpecified" value="4" />
  <attribute name="heapSize specified" value="9830400" />
  <attribute name="Current GC Util" value="67" />
  <attribute name= "Current Time Running" value="6031" />
  <attribute name ="GC Interval" value="424" />
  <attribute name="ProportionalT" value="47.000000" />
  <attribute name="ProportionalI" value="47.000000" />
  <attribute name="ProportionalH" value="47.000000" />
  <attribute name="Current Error" value="47.000000" />
  <attribute name="IntegralT" value="376.000000" />
  <attribute name="IntegralI" value="376.000000" />
  <attribute name="IntegralH" value="376.000000" />
  <attribute name="DerivativeT" value="1.750000" />
  <attribute name="DerivativeI" value="1.750000" />
  <attribute name="DerivativeH" value="1.750000" />
  <attribute name="Loop Time for DT" value="8.000000" />
  <attribute name="Output H" value="8388608"/>
  <attribute name="Output I" value="424"/>
  <attribute name="Output T" value="4"/>
  <attribute name="Target GC Util Change" value ="20.000000" />
  <attribute name="Current GC Util Change" value="67.000000"/>
  <attribute name="GC Util currently" value="67" />
  <attribute name="CPU Util currently" value="636225284717" />
<allocation-satisfied id="4974" threadId="0000000000A81400" bytesRequested="24" />
<af-end id="4975" timestamp="2019-06-16T18:48:48.162" threadId="0000000000A81D88" success="true" from="nursery"/>
<exclusive-end id="4976" timestamp="2019-06-16T18:48:48.162" durationms="2.964" />

<exclusive-start id="4977" timestamp="2019-06-16T18:48:48.170" intervalms="11.053">
  <response-info timems="0.052" idlems="0.052" threads="0" lastid="0000000000A79C00" lastname="PmdThread 1" />
</exclusive-start>
<af-start id="4978" threadId="0000000000A7A588" totalBytesRequested="32" timestamp="2019-06-16T18:48:48.170" intervalms="11.061" type="nursery" />
<cycle-start id="4979" type="scavenge" contextid="0" timestamp="2019-06-16T18:48:48.170" intervalms="11.068" />
<gc-start id="4980" type="scavenge" contextid="4979" timestamp="2019-06-16T18:48:48.170">
  <mem-info id="4981" free="2023474920" total="2092630016" percent="96">
    <mem type="nursery" free="0" total="3932160" percent="0">
      <mem type="allocate" free="0" total="3145728" percent="0" />
      <mem type="survivor" free="0" total="786432" percent="0" />
    </mem>
    <mem type="tenure" free="2023474920" total="2088697856" percent="96">
      <mem type="soa" free="1919040232" total="1984263168" percent="96" />
      <mem type="loa" free="104434688" total="104434688" percent="100" />
    </mem>
    <remembered-set count="235" />
  </mem-info>
</gc-start>
<allocation-stats totalBytes="2489848" >
  <allocated-bytes non-tlh="704" tlh="2489144" />
  <largest-consumer threadName="PmdThread 3" threadId="0000000000A81400" bytes="1052256" />
</allocation-stats>
<gc-op id="4982" type="scavenge" timems="0.708" contextid="4979" timestamp="2019-06-16T18:48:48.171">
  <scavenger-info tenureage="3" tenuremask="7ff8" tiltratio="80" />
  <memory-copied type="nursery" objects="8066" bytes="706952" bytesdiscarded="78008" />
  <memory-copied type="tenure" objects="1103" bytes="166656" bytesdiscarded="16" />
  <copy-failed type="nursery" objects="1058" bytes="165304" />
  <references type="weak" candidates="57" cleared="57" enqueued="57" />
  <references type="phantom" candidates="7" cleared="6" enqueued="6" />
</gc-op>
<gc-end id="4983" type="scavenge" contextid="4979" durationms="0.930" usertimems="0.000" systemtimems="4.000" timestamp="2019-06-16T18:48:48.171" activeThreads="4">
  <mem-info id="4984" free="2024973496" total="2092630016" percent="96">
    <mem type="nursery" free="1703936" total="3932160" percent="43">
      <mem type="allocate" free="1703936" total="2490368" percent="68" />
      <mem type="survivor" free="0" total="1441792" percent="0" />
    </mem>
    <mem type="tenure" free="2023269560" total="2088697856" percent="96">
      <mem type="soa" free="1918834872" total="1984263168" percent="96" />
      <mem type="loa" free="104434688" total="104434688" percent="100" />
    </mem>
    <pending-finalizers system="0" default="0" reference="63" classloader="0" />
    <remembered-set count="511" />
  </mem-info>
</gc-end>
<cycle-end id="4985" type="scavenge" contextid="4979" timestamp="2019-06-16T18:48:48.171" />
  <attribute name="elasticGC enabled" value="1" />
  <attribute name= "numThreadsSpecified" value="4" />
  <attribute name="heapSize specified" value="9830400" />
  <attribute name="Current GC Util" value="34" />
  <attribute name= "Current Time Running" value="6042" />
  <attribute name ="GC Interval" value="200" />
  <attribute name="ProportionalT" value="14.000000" />
  <attribute name="ProportionalI" value="14.000000" />
  <attribute name="ProportionalH" value="14.000000" />
  <attribute name="Current Error" value="14.000000" />
  <attribute name="IntegralT" value="154.000000" />
  <attribute name="IntegralI" value="154.000000" />
  <attribute name="IntegralH" value="154.000000" />
  <attribute name="DerivativeT" value="-1.500000" />
  <attribute name="DerivativeI" value="-1.500000" />
  <attribute name="DerivativeH" value="-1.500000" />
  <attribute name="Loop Time for DT" value="11.000000" />
  <attribute name="Output H" value="8388608"/>
  <attribute name="Output I" value="200"/>
  <attribute name="Output T" value="4"/>
  <attribute name="Target GC Util Change" value ="20.000000" />
  <attribute name="Current GC Util Change" value="34.000000"/>
  <attribute name="GC Util currently" value="34" />
  <attribute name="CPU Util currently" value="415896440115" />
<allocation-satisfied id="4986" threadId="0000000000A79C00" bytesRequested="32" />
<af-end id="4987" timestamp="2019-06-16T18:48:48.171" threadId="0000000000A7A588" success="true" from="nursery"/>
<exclusive-end id="4988" timestamp="2019-06-16T18:48:48.171" durationms="1.414" />

</verbosegc>

