<?xml version="1.0" ?>

<verbosegc xmlns="http://www.ibm.com/j9/verbosegc" version="08cc62e_CMPRSS">

<initialized id="1" timestamp="2019-08-02T21:45:57.645">
  <attribute name="gcPolicy" value="-Xgcpolicy:optthruput" />
  <attribute name="elasticGC enabled" value="1" />
  <attribute name= "numThreadsSpecified" value="0" />
  <attribute name="heapSize specified" value="0" />
  <attribute name= "numCores" value="0" />
  <attribute name ="GC Interval" value="0" />
  <attribute name="GC Util Range Max" value="0" />
  <attribute name="Current GC Util" value="0" />
  <attribute name= "Current Time Running" value="0" />
  <attribute name="maxHeapSize" value="0x7cba0000" />
  <attribute name="initialHeapSize" value="0x800000" />
  <attribute name="compressedRefs" value="true" />
  <attribute name="compressedRefsDisplacement" value="0x0" />
  <attribute name="compressedRefsShift" value="0x0" />
  <attribute name="pageSize" value="0x1000" />
  <attribute name="pageType" value="not used" />
  <attribute name="requestedPageSize" value="0x1000" />
  <attribute name="requestedPageType" value="not used" />
  <attribute name="gcthreads" value="8" />
  <attribute name="packetListSplit" value="8" />
  <attribute name="cacheListSplit" value="8" />
  <attribute name="splitFreeListSplitAmount" value="1" />
  <attribute name="numaNodes" value="0" />
  <system>
    <attribute name="physicalMemory" value="8370401280" />
    <attribute name="numCPUs" value="8" />
    <attribute name="architecture" value="amd64" />
    <attribute name="os" value="Linux" />
    <attribute name="osVersion" value="4.4.0-154-generic" />
  </system>
  <vmargs>
    <vmarg name="-Xoptionsfile=/vagrant/jdk/lib/options.default" />
    <vmarg name="-Xlockword:mode=default,noLockword=java/lang/String,noLockword=java/util/MapEntry,noLockword=java/util/HashMap$Entry,noLockword..." />
    <vmarg name="-Xjcl:jclse29" />
    <vmarg name="-Dcom.ibm.oti.vm.bootstrap.library.path=/vagrant/jdk/lib/compressedrefs:/vagrant/jdk/lib" />
    <vmarg name="-Dsun.boot.library.path=/vagrant/jdk/lib/compressedrefs:/vagrant/jdk/lib" />
    <vmarg name="-Djava.library.path=/vagrant/jdk/lib/compressedrefs:/vagrant/jdk/lib:/usr/lib64:/usr/lib" />
    <vmarg name="-Djava.home=/vagrant/jdk" />
    <vmarg name="-Duser.dir=/vagrant" />
    <vmarg name="-Xgcpolicy:optthruput" />
    <vmarg name="-Xgcelastic" />
    <vmarg name="-Xcheck:gc:::elasticGC" />
    <vmarg name="-verbose:gc" />
    <vmarg name="-Xloggc:jdkD-small-OTT-8core-verbose15xalan.txt" />
    <vmarg name="-Djava.class.path=dacapo-9.12-MR1-bach.jar" />
    <vmarg name="-Dsun.java.command=dacapo-9.12-MR1-bach.jar xalan --size=small" />
    <vmarg name="-Dsun.java.launcher=SUN_STANDARD" />
    <vmarg name="-Dsun.java.launcher.pid=32622" />
  </vmargs>
</initialized>

<exclusive-start id="2" timestamp="2019-08-02T21:45:58.222" intervalms="576.195">
  <response-info timems="0.017" idlems="0.017" threads="0" lastid="00000000022FBA00" lastname="main" />
</exclusive-start>
<af-start id="3" threadId="00000000022FC388" totalBytesRequested="88" timestamp="2019-08-02T21:45:58.222" intervalms="576.471" />
<cycle-start id="4" type="global" contextid="0" timestamp="2019-08-02T21:45:58.222" intervalms="577.003" />
<gc-start id="5" type="global" contextid="4" timestamp="2019-08-02T21:45:58.223">
  <mem-info id="6" free="418816" total="8388608" percent="4">
    <mem type="tenure" free="418816" total="8388608" percent="4">
      <mem type="soa" free="0" total="7969792" percent="0" />
      <mem type="loa" free="418816" total="418816" percent="100" />
    </mem>
  </mem-info>
</gc-start>
<allocation-stats totalBytes="7884864" >
  <allocated-bytes non-tlh="758040" tlh="7126824" />
  <largest-consumer threadName="main" threadId="00000000022FBA00" bytes="7796008" />
</allocation-stats>
<gc-op id="7" type="mark" timems="2.725" contextid="4" timestamp="2019-08-02T21:45:58.226">
  <trace-info objectcount="21494" scancount="17515" scanbytes="561384" />
  <finalization candidates="15" enqueued="1" />
  <references type="soft" candidates="74" cleared="0" enqueued="0" dynamicThreshold="32" maxThreshold="32" />
  <references type="weak" candidates="575" cleared="432" enqueued="393" />
  <references type="phantom" candidates="127" cleared="44" enqueued="44" />
  <stringconstants candidates="2930" cleared="0"  />
</gc-op>
<gc-op id="8" type="classunload" timems="0.045" contextid="4" timestamp="2019-08-02T21:45:58.226">
  <classunload-info classloadercandidates="6" classloadersunloaded="0" classesunloaded="0" anonymousclassesunloaded="0" quiescems="0.000" setupms="0.045" scanms="0.000" postms="0.000" />
</gc-op>
<gc-op id="9" type="sweep" timems="0.497" contextid="4" timestamp="2019-08-02T21:45:58.226" />
<gc-end id="10" type="global" contextid="4" durationms="4.438" usertimems="0.000" systemtimems="4.000" timestamp="2019-08-02T21:45:58.227" activeThreads="8">
  <mem-info id="11" free="6518048" total="8388608" percent="77">
    <mem type="tenure" free="6518048" total="8388608" percent="77" micro-fragmented="242073" macro-fragmented="0">
      <mem type="soa" free="6099232" total="7969792" percent="76" />
      <mem type="loa" free="418816" total="418816" percent="100" />
    </mem>
    <pending-finalizers system="1" default="0" reference="437" classloader="0" />
  </mem-info>
</gc-end>
<cycle-end id="12" type="global" contextid="4" timestamp="2019-08-02T21:45:58.227" />
  <attribute name="elasticGC enabled" value="1" />
  <attribute name= "numThreadsSpecified" value="0" />
  <attribute name="heapSize specified" value="0" />
  <attribute name= "numCores" value="8" />
  <attribute name ="GC Interval" value="0" />
  <attribute name ="Control flow" value="1" />
  <attribute name="GC Util Range Max" value="107" />
  <attribute name="Current GC Util" value="35" />
  <attribute name= "Current Time Running" value="3" />
<allocation-satisfied id="13" threadId="00000000022FBA00" bytesRequested="88" />
<af-end id="14" timestamp="2019-08-02T21:45:58.227" threadId="00000000022FC388" success="true" />
<exclusive-end id="15" timestamp="2019-08-02T21:45:58.227" durationms="5.760" />

<exclusive-start id="16" timestamp="2019-08-02T21:45:58.428" intervalms="206.722">
  <response-info timems="0.061" idlems="0.061" threads="0" lastid="00000000022FBA00" lastname="main" />
</exclusive-start>
<af-start id="17" threadId="00000000022FC388" totalBytesRequested="88" timestamp="2019-08-02T21:45:58.428" intervalms="206.544" />
<cycle-start id="18" type="global" contextid="0" timestamp="2019-08-02T21:45:58.428" intervalms="206.089" />
<gc-start id="19" type="global" contextid="18" timestamp="2019-08-02T21:45:58.429">
  <mem-info id="20" free="418816" total="8388608" percent="4">
    <mem type="tenure" free="418816" total="8388608" percent="4">
      <mem type="soa" free="0" total="7969792" percent="0" />
      <mem type="loa" free="418816" total="418816" percent="100" />
    </mem>
  </mem-info>
</gc-start>
<allocation-stats totalBytes="5996224" >
  <allocated-bytes non-tlh="1405304" tlh="4590920" />
  <largest-consumer threadName="main" threadId="00000000022FBA00" bytes="5989152" />
</allocation-stats>
<gc-op id="21" type="mark" timems="2.068" contextid="18" timestamp="2019-08-02T21:45:58.431">
  <trace-info objectcount="29486" scancount="23866" scanbytes="870684" />
  <finalization candidates="15" enqueued="0" />
  <references type="soft" candidates="133" cleared="0" enqueued="0" dynamicThreshold="24" maxThreshold="32" />
  <references type="weak" candidates="175" cleared="30" enqueued="30" />
  <references type="phantom" candidates="85" cleared="2" enqueued="2" />
  <stringconstants candidates="3529" cleared="22"  />
</gc-op>
<gc-op id="22" type="classunload" timems="0.002" contextid="18" timestamp="2019-08-02T21:45:58.431">
  <classunload-info classloadercandidates="19" classloadersunloaded="0" classesunloaded="0" anonymousclassesunloaded="0" quiescems="0.000" setupms="0.002" scanms="0.000" postms="0.000" />
</gc-op>
<gc-op id="23" type="sweep" timems="0.326" contextid="18" timestamp="2019-08-02T21:45:58.431" />
<gc-end id="24" type="global" contextid="18" durationms="3.649" usertimems="4.000" systemtimems="0.000" timestamp="2019-08-02T21:45:58.432" activeThreads="2">
  <mem-info id="25" free="5725272" total="8388608" percent="68">
    <mem type="tenure" free="5725272" total="8388608" percent="68" micro-fragmented="491103" macro-fragmented="0">
      <mem type="soa" free="5306456" total="7969792" percent="66" />
      <mem type="loa" free="418816" total="418816" percent="100" />
    </mem>
    <pending-finalizers system="0" default="0" reference="32" classloader="0" />
  </mem-info>
</gc-end>
<cycle-end id="26" type="global" contextid="18" timestamp="2019-08-02T21:45:58.432" />
  <attribute name="elasticGC enabled" value="1" />
  <attribute name= "numThreadsSpecified" value="2" />
  <attribute name="heapSize specified" value="0" />
  <attribute name= "numCores" value="8" />
  <attribute name ="GC Interval" value="0" />
  <attribute name ="Control flow" value="1" />
  <attribute name="GC Util Range Max" value="107" />
  <attribute name="Current GC Util" value="6" />
  <attribute name= "Current Time Running" value="208" />
<allocation-satisfied id="27" threadId="00000000022FBA00" bytesRequested="88" />
<af-end id="28" timestamp="2019-08-02T21:45:58.433" threadId="00000000022FC388" success="true" />
<exclusive-end id="29" timestamp="2019-08-02T21:45:58.433" durationms="4.430" />

<exclusive-start id="30" timestamp="2019-08-02T21:45:58.436" intervalms="7.256">
  <response-info timems="0.052" idlems="0.052" threads="0" lastid="00000000022FBA00" lastname="main" />
</exclusive-start>
<sys-start reason="explicit" id="31" timestamp="2019-08-02T21:45:58.436" intervalms="790.288" />
<cycle-start id="32" type="global" contextid="0" timestamp="2019-08-02T21:45:58.436" intervalms="7.393" />
<gc-start id="33" type="global" contextid="32" timestamp="2019-08-02T21:45:58.436">
  <mem-info id="34" free="5670784" total="8388608" percent="67">
    <mem type="tenure" free="5670784" total="8388608" percent="67">
      <mem type="soa" free="5251968" total="7969792" percent="65" />
      <mem type="loa" free="418816" total="418816" percent="100" />
    </mem>
  </mem-info>
</gc-start>
<allocation-stats totalBytes="50608" >
  <allocated-bytes non-tlh="10304" tlh="40304" />
  <largest-consumer threadName="main" threadId="00000000022FBA00" bytes="31104" />
</allocation-stats>
<gc-op id="35" type="mark" timems="1.480" contextid="32" timestamp="2019-08-02T21:45:58.438">
  <trace-info objectcount="29525" scancount="23907" scanbytes="872896" />
  <finalization candidates="15" enqueued="0" />
  <references type="soft" candidates="133" cleared="0" enqueued="0" dynamicThreshold="21" maxThreshold="32" />
  <references type="weak" candidates="154" cleared="4" enqueued="4" />
  <references type="phantom" candidates="88" cleared="0" enqueued="0" />
  <stringconstants candidates="3513" cleared="0"  />
</gc-op>
<gc-op id="36" type="classunload" timems="0.002" contextid="32" timestamp="2019-08-02T21:45:58.438">
  <classunload-info classloadercandidates="19" classloadersunloaded="0" classesunloaded="0" anonymousclassesunloaded="0" quiescems="0.000" setupms="0.001" scanms="0.000" postms="0.001" />
</gc-op>
<gc-op id="37" type="sweep" timems="0.248" contextid="32" timestamp="2019-08-02T21:45:58.438" />
<mem-info id="38" free="5717784" total="8388608" percent="68">
  <mem type="tenure" free="5717784" total="8388608" percent="68" micro-fragmented="538826" macro-fragmented="0">
    <mem type="soa" free="5298968" total="7969792" percent="66" />
    <mem type="loa" free="418816" total="418816" percent="100" />
  </mem>
  <pending-finalizers system="0" default="0" reference="4" classloader="0" />
</mem-info>
<gc-op id="39" type="compact" timems="5.828" contextid="32" timestamp="2019-08-02T21:45:58.444">
  <compact-info movecount="29524" movebytes="1963056" reason="compact on aggressive collection" />
</gc-op>
<gc-end id="40" type="global" contextid="32" durationms="8.486" usertimems="12.000" systemtimems="0.000" timestamp="2019-08-02T21:45:58.444" activeThreads="3">
  <mem-info id="41" free="6425464" total="8388608" percent="76">
    <mem type="tenure" free="6425464" total="8388608" percent="76">
      <mem type="soa" free="6006648" total="7969792" percent="75" />
      <mem type="loa" free="418816" total="418816" percent="100" />
    </mem>
    <pending-finalizers system="0" default="0" reference="4" classloader="0" />
  </mem-info>
</gc-end>
<cycle-end id="42" type="global" contextid="32" timestamp="2019-08-02T21:45:58.445" />
  <attribute name="elasticGC enabled" value="1" />
  <attribute name= "numThreadsSpecified" value="3" />
  <attribute name="heapSize specified" value="0" />
  <attribute name= "numCores" value="8" />
  <attribute name ="GC Interval" value="0" />
  <attribute name ="Control flow" value="1" />
  <attribute name="GC Util Range Max" value="107" />
  <attribute name="Current GC Util" value="29" />
  <attribute name= "Current Time Running" value="221" />
<sys-end id="43" timestamp="2019-08-02T21:45:58.445" />
<exclusive-end id="44" timestamp="2019-08-02T21:45:58.445" durationms="9.269" />

<exclusive-start id="45" timestamp="2019-08-02T21:45:58.561" intervalms="125.684">
  <response-info timems="0.054" idlems="0.029" threads="1" lastid="000000000263BC00" lastname="Thread-4" />
</exclusive-start>
<af-start id="46" threadId="0000000002643C88" totalBytesRequested="2056" timestamp="2019-08-02T21:45:58.561" intervalms="132.978" />
<cycle-start id="47" type="global" contextid="0" timestamp="2019-08-02T21:45:58.561" intervalms="125.617" />
<gc-start id="48" type="global" contextid="47" timestamp="2019-08-02T21:45:58.562">
  <mem-info id="49" free="418816" total="8388608" percent="4">
    <mem type="tenure" free="418816" total="8388608" percent="4">
      <mem type="soa" free="0" total="7969792" percent="0" />
      <mem type="loa" free="418816" total="418816" percent="100" />
    </mem>
  </mem-info>
</gc-start>
<allocation-stats totalBytes="5970808" >
  <allocated-bytes non-tlh="680512" tlh="5290296" />
  <largest-consumer threadName="Thread-5" threadId="000000000263F800" bytes="1294096" />
</allocation-stats>
<gc-op id="50" type="mark" timems="1.592" contextid="47" timestamp="2019-08-02T21:45:58.563">
  <trace-info objectcount="39997" scancount="32430" scanbytes="1958480" />
  <finalization candidates="25" enqueued="0" />
  <references type="soft" candidates="164" cleared="0" enqueued="0" dynamicThreshold="24" maxThreshold="32" />
  <references type="weak" candidates="282" cleared="27" enqueued="25" />
  <references type="phantom" candidates="112" cleared="2" enqueued="2" />
  <stringconstants candidates="3837" cleared="0"  />
</gc-op>
<gc-op id="51" type="sweep" timems="0.198" contextid="47" timestamp="2019-08-02T21:45:58.564" />
<gc-end id="52" type="global" contextid="47" durationms="2.580" usertimems="0.000" systemtimems="4.000" timestamp="2019-08-02T21:45:58.564" activeThreads="3">
  <mem-info id="53" free="4538032" total="8388608" percent="54">
    <mem type="tenure" free="4538032" total="8388608" percent="54" micro-fragmented="102656" macro-fragmented="0">
      <mem type="soa" free="4119216" total="7969792" percent="51" />
      <mem type="loa" free="418816" total="418816" percent="100" />
    </mem>
    <pending-finalizers system="0" default="0" reference="27" classloader="0" />
  </mem-info>
</gc-end>
<cycle-end id="54" type="global" contextid="47" timestamp="2019-08-02T21:45:58.564" />
  <attribute name="elasticGC enabled" value="1" />
  <attribute name= "numThreadsSpecified" value="3" />
  <attribute name="heapSize specified" value="0" />
  <attribute name= "numCores" value="8" />
  <attribute name ="GC Interval" value="0" />
  <attribute name ="Control flow" value="1" />
  <attribute name="GC Util Range Max" value="107" />
  <attribute name="Current GC Util" value="14" />
  <attribute name= "Current Time Running" value="340" />
<allocation-satisfied id="55" threadId="0000000002643300" bytesRequested="2056" />
<af-end id="56" timestamp="2019-08-02T21:45:58.564" threadId="0000000002643C88" success="true" />
<exclusive-end id="57" timestamp="2019-08-02T21:45:58.564" durationms="3.208" />

<exclusive-start id="58" timestamp="2019-08-02T21:45:58.694" intervalms="133.217">
  <response-info timems="0.103" idlems="0.103" threads="0" lastid="000000000263BC00" lastname="Thread-4" />
</exclusive-start>
<af-start id="59" threadId="000000000263C588" totalBytesRequested="16392" timestamp="2019-08-02T21:45:58.695" intervalms="133.184" />
<cycle-start id="60" type="global" contextid="0" timestamp="2019-08-02T21:45:58.695" intervalms="133.163" />
<gc-start id="61" type="global" contextid="60" timestamp="2019-08-02T21:45:58.695">
  <mem-info id="62" free="499112" total="8388608" percent="5">
    <mem type="tenure" free="499112" total="8388608" percent="5">
      <mem type="soa" free="80296" total="7969792" percent="1" />
      <mem type="loa" free="418816" total="418816" percent="100" />
    </mem>
  </mem-info>
</gc-start>
<allocation-stats totalBytes="3910168" >
  <allocated-bytes non-tlh="982792" tlh="2927376" />
  <largest-consumer threadName="Thread-5" threadId="000000000263F800" bytes="763376" />
</allocation-stats>
<gc-op id="63" type="mark" timems="1.354" contextid="60" timestamp="2019-08-02T21:45:58.696">
  <trace-info objectcount="43255" scancount="34985" scanbytes="2035060" />
  <finalization candidates="25" enqueued="0" />
  <references type="soft" candidates="168" cleared="0" enqueued="0" dynamicThreshold="17" maxThreshold="32" />
  <references type="weak" candidates="287" cleared="8" enqueued="7" />
  <references type="phantom" candidates="104" cleared="0" enqueued="0" />
  <stringconstants candidates="3960" cleared="0"  />
</gc-op>
<gc-op id="64" type="sweep" timems="0.219" contextid="60" timestamp="2019-08-02T21:45:58.696" />
<gc-end id="65" type="global" contextid="60" durationms="2.398" usertimems="8.000" systemtimems="0.000" timestamp="2019-08-02T21:45:58.697" activeThreads="3">
  <mem-info id="66" free="3910512" total="8388608" percent="46">
    <mem type="tenure" free="3910512" total="8388608" percent="46" micro-fragmented="234022" macro-fragmented="0">
      <mem type="soa" free="3491696" total="7969792" percent="43" />
      <mem type="loa" free="418816" total="418816" percent="100" />
    </mem>
    <pending-finalizers system="0" default="0" reference="7" classloader="0" />
  </mem-info>
</gc-end>
<cycle-end id="67" type="global" contextid="60" timestamp="2019-08-02T21:45:58.697" />
  <attribute name="elasticGC enabled" value="1" />
  <attribute name= "numThreadsSpecified" value="3" />
  <attribute name="heapSize specified" value="0" />
  <attribute name= "numCores" value="8" />
  <attribute name ="GC Interval" value="0" />
  <attribute name ="Control flow" value="1" />
  <attribute name="GC Util Range Max" value="107" />
  <attribute name="Current GC Util" value="13" />
  <attribute name= "Current Time Running" value="473" />
<allocation-satisfied id="68" threadId="000000000263BC00" bytesRequested="16392" />
<af-end id="69" timestamp="2019-08-02T21:45:58.697" threadId="000000000263C588" success="true" />
<exclusive-end id="70" timestamp="2019-08-02T21:45:58.697" durationms="2.894" />

<exclusive-start id="71" timestamp="2019-08-02T21:45:58.732" intervalms="37.919">
  <response-info timems="0.156" idlems="0.047" threads="4" lastid="000000000264AB00" lastname="Thread-8" />
</exclusive-start>
<af-start id="72" threadId="000000000263C588" totalBytesRequested="16392" timestamp="2019-08-02T21:45:58.732" intervalms="37.899" />
<cycle-start id="73" type="global" contextid="0" timestamp="2019-08-02T21:45:58.733" intervalms="37.880" />
<gc-start id="74" type="global" contextid="73" timestamp="2019-08-02T21:45:58.733">
  <mem-info id="75" free="531552" total="8388608" percent="6">
    <mem type="tenure" free="531552" total="8388608" percent="6">
      <mem type="soa" free="112736" total="7969792" percent="1" />
      <mem type="loa" free="418816" total="418816" percent="100" />
    </mem>
  </mem-info>
</gc-start>
<allocation-stats totalBytes="3259408" >
  <allocated-bytes non-tlh="1620944" tlh="1638464" />
  <largest-consumer threadName="Thread-4" threadId="000000000263BC00" bytes="776480" />
</allocation-stats>
<gc-op id="76" type="mark" timems="2.095" contextid="73" timestamp="2019-08-02T21:45:58.735">
  <trace-info objectcount="43278" scancount="35003" scanbytes="2002112" />
  <finalization candidates="25" enqueued="0" />
  <references type="soft" candidates="168" cleared="0" enqueued="0" dynamicThreshold="14" maxThreshold="32" />
  <references type="weak" candidates="276" cleared="0" enqueued="0" />
  <references type="phantom" candidates="104" cleared="0" enqueued="0" />
  <stringconstants candidates="3962" cleared="0"  />
</gc-op>
<gc-op id="77" type="classunload" timems="0.218" contextid="73" timestamp="2019-08-02T21:45:58.735">
  <classunload-info classloadercandidates="20" classloadersunloaded="0" classesunloaded="2" anonymousclassesunloaded="2" quiescems="0.000" setupms="0.215" scanms="0.003" postms="0.000" />
</gc-op>
<gc-op id="78" type="sweep" timems="0.324" contextid="73" timestamp="2019-08-02T21:45:58.736" />
<gc-end id="79" type="global" contextid="73" durationms="3.525" usertimems="4.000" systemtimems="0.000" timestamp="2019-08-02T21:45:58.736" activeThreads="3">
  <mem-info id="80" free="3820984" total="8388608" percent="45">
    <mem type="tenure" free="3820984" total="8388608" percent="45" micro-fragmented="251995" macro-fragmented="0">
      <mem type="soa" free="3402168" total="7969792" percent="42" />
      <mem type="loa" free="418816" total="418816" percent="100" />
    </mem>
  </mem-info>
</gc-end>
<cycle-end id="81" type="global" contextid="73" timestamp="2019-08-02T21:45:58.736" />
  <attribute name="elasticGC enabled" value="1" />
  <attribute name= "numThreadsSpecified" value="3" />
  <attribute name="heapSize specified" value="0" />
  <attribute name= "numCores" value="8" />
  <attribute name ="GC Interval" value="0" />
  <attribute name ="Control flow" value="1" />
  <attribute name="GC Util Range Max" value="107" />
  <attribute name="Current GC Util" value="12" />
  <attribute name= "Current Time Running" value="512" />
<allocation-satisfied id="82" threadId="000000000263BC00" bytesRequested="16392" />
<af-end id="83" timestamp="2019-08-02T21:45:58.736" threadId="000000000263C588" success="true" />
<exclusive-end id="84" timestamp="2019-08-02T21:45:58.737" durationms="4.139" />

<exclusive-start id="85" timestamp="2019-08-02T21:45:58.782" intervalms="50.004">
  <response-info timems="0.212" idlems="0.115" threads="1" lastid="000000000264AB00" lastname="Thread-8" />
</exclusive-start>
<af-start id="86" threadId="000000000263C588" totalBytesRequested="16" timestamp="2019-08-02T21:45:58.782" intervalms="50.009" />
<cycle-start id="87" type="global" contextid="0" timestamp="2019-08-02T21:45:58.783" intervalms="50.007" />
<gc-start id="88" type="global" contextid="87" timestamp="2019-08-02T21:45:58.783">
  <mem-info id="89" free="418816" total="8388608" percent="4">
    <mem type="tenure" free="418816" total="8388608" percent="4">
      <mem type="soa" free="0" total="7969792" percent="0" />
      <mem type="loa" free="418816" total="418816" percent="100" />
    </mem>
  </mem-info>
</gc-start>
<allocation-stats totalBytes="3354280" >
  <allocated-bytes non-tlh="1233736" tlh="2120544" />
  <largest-consumer threadName="Thread-4" threadId="000000000263BC00" bytes="739256" />
</allocation-stats>
<gc-op id="90" type="mark" timems="1.300" contextid="87" timestamp="2019-08-02T21:45:58.784">
  <trace-info objectcount="44392" scancount="35901" scanbytes="2096240" />
  <finalization candidates="25" enqueued="0" />
  <references type="soft" candidates="168" cleared="0" enqueued="0" dynamicThreshold="14" maxThreshold="32" />
  <references type="weak" candidates="275" cleared="0" enqueued="0" />
  <references type="phantom" candidates="102" cleared="0" enqueued="0" />
  <stringconstants candidates="3963" cleared="0"  />
</gc-op>
<gc-op id="91" type="sweep" timems="0.229" contextid="87" timestamp="2019-08-02T21:45:58.784" />
<gc-end id="92" type="global" contextid="87" durationms="2.354" usertimems="4.000" systemtimems="0.000" timestamp="2019-08-02T21:45:58.785" activeThreads="2">
  <mem-info id="93" free="3444752" total="8388608" percent="41">
    <mem type="tenure" free="3444752" total="8388608" percent="41" micro-fragmented="283007" macro-fragmented="0">
      <mem type="soa" free="3025936" total="7969792" percent="37" />
      <mem type="loa" free="418816" total="418816" percent="100" />
    </mem>
  </mem-info>
</gc-end>
<cycle-end id="94" type="global" contextid="87" timestamp="2019-08-02T21:45:58.785" />
  <attribute name="elasticGC enabled" value="1" />
  <attribute name= "numThreadsSpecified" value="2" />
  <attribute name="heapSize specified" value="0" />
  <attribute name= "numCores" value="8" />
  <attribute name ="GC Interval" value="0" />
  <attribute name ="Control flow" value="1" />
  <attribute name="GC Util Range Max" value="107" />
  <attribute name="Current GC Util" value="7" />
  <attribute name= "Current Time Running" value="561" />
<allocation-satisfied id="95" threadId="000000000263BC00" bytesRequested="16" />
<af-end id="96" timestamp="2019-08-02T21:45:58.785" threadId="000000000263C588" success="true" />
<exclusive-end id="97" timestamp="2019-08-02T21:45:58.785" durationms="2.800" />

<exclusive-start id="98" timestamp="2019-08-02T21:45:58.829" intervalms="46.569">
  <response-info timems="0.054" idlems="0.054" threads="0" lastid="000000000263BC00" lastname="Thread-4" />
</exclusive-start>
<af-start id="99" threadId="000000000263C588" totalBytesRequested="16392" timestamp="2019-08-02T21:45:58.829" intervalms="46.566" />
<cycle-start id="100" type="global" contextid="0" timestamp="2019-08-02T21:45:58.829" intervalms="46.567" />
<gc-start id="101" type="global" contextid="100" timestamp="2019-08-02T21:45:58.829">
  <mem-info id="102" free="722384" total="8388608" percent="8">
    <mem type="tenure" free="722384" total="8388608" percent="8">
      <mem type="soa" free="303568" total="7969792" percent="3" />
      <mem type="loa" free="418816" total="418816" percent="100" />
    </mem>
  </mem-info>
</gc-start>
<allocation-stats totalBytes="2646104" >
  <allocated-bytes non-tlh="1126984" tlh="1519120" />
  <largest-consumer threadName="Thread-9" threadId="000000000264E700" bytes="775528" />
</allocation-stats>
<gc-op id="103" type="mark" timems="1.647" contextid="100" timestamp="2019-08-02T21:45:58.831">
  <trace-info objectcount="43818" scancount="35359" scanbytes="2044636" />
  <finalization candidates="25" enqueued="0" />
  <references type="soft" candidates="168" cleared="0" enqueued="0" dynamicThreshold="13" maxThreshold="32" />
  <references type="weak" candidates="275" cleared="0" enqueued="0" />
  <references type="phantom" candidates="103" cleared="0" enqueued="0" />
  <stringconstants candidates="3963" cleared="0"  />
</gc-op>
<gc-op id="104" type="sweep" timems="0.229" contextid="100" timestamp="2019-08-02T21:45:58.831" />
<gc-end id="105" type="global" contextid="100" durationms="2.709" usertimems="4.000" systemtimems="0.000" timestamp="2019-08-02T21:45:58.832" activeThreads="2">
  <mem-info id="106" free="3563616" total="8388608" percent="42">
    <mem type="tenure" free="3563616" total="8388608" percent="42" micro-fragmented="283500" macro-fragmented="0">
      <mem type="soa" free="3144800" total="7969792" percent="39" />
      <mem type="loa" free="418816" total="418816" percent="100" />
    </mem>
  </mem-info>
</gc-end>
<cycle-end id="107" type="global" contextid="100" timestamp="2019-08-02T21:45:58.832" />
  <attribute name="elasticGC enabled" value="1" />
  <attribute name= "numThreadsSpecified" value="2" />
  <attribute name="heapSize specified" value="0" />
  <attribute name= "numCores" value="8" />
  <attribute name ="GC Interval" value="0" />
  <attribute name ="Control flow" value="1" />
  <attribute name="GC Util Range Max" value="107" />
  <attribute name="Current GC Util" value="8" />
  <attribute name= "Current Time Running" value="608" />
<allocation-satisfied id="108" threadId="000000000263BC00" bytesRequested="16392" />
<af-end id="109" timestamp="2019-08-02T21:45:58.832" threadId="000000000263C588" success="true" />
<exclusive-end id="110" timestamp="2019-08-02T21:45:58.832" durationms="3.227" />

<exclusive-start id="111" timestamp="2019-08-02T21:45:58.861" intervalms="32.191">
  <response-info timems="0.037" idlems="0.037" threads="0" lastid="0000000002652300" lastname="Thread-10" />
</exclusive-start>
<af-start id="112" threadId="0000000002652C88" totalBytesRequested="32776" timestamp="2019-08-02T21:45:58.861" intervalms="32.290" />
<cycle-start id="113" type="global" contextid="0" timestamp="2019-08-02T21:45:58.861" intervalms="32.294" />
<gc-start id="114" type="global" contextid="113" timestamp="2019-08-02T21:45:58.861">
  <mem-info id="115" free="716624" total="8388608" percent="8">
    <mem type="tenure" free="716624" total="8388608" percent="8">
      <mem type="soa" free="297808" total="7969792" percent="3" />
      <mem type="loa" free="418816" total="418816" percent="100" />
    </mem>
  </mem-info>
</gc-start>
<allocation-stats totalBytes="2755352" >
  <allocated-bytes non-tlh="1257896" tlh="1497456" />
  <largest-consumer threadName="Thread-6" threadId="0000000002643300" bytes="802808" />
</allocation-stats>
<gc-op id="116" type="mark" timems="1.617" contextid="113" timestamp="2019-08-02T21:45:58.863">
  <trace-info objectcount="43133" scancount="34910" scanbytes="2037156" />
  <finalization candidates="25" enqueued="0" />
  <references type="soft" candidates="168" cleared="0" enqueued="0" dynamicThreshold="13" maxThreshold="32" />
  <references type="weak" candidates="275" cleared="0" enqueued="0" />
  <references type="phantom" candidates="103" cleared="0" enqueued="0" />
  <stringconstants candidates="3963" cleared="0"  />
</gc-op>
<gc-op id="117" type="sweep" timems="0.225" contextid="113" timestamp="2019-08-02T21:45:58.863" />
<gc-end id="118" type="global" contextid="113" durationms="2.635" usertimems="0.000" systemtimems="4.000" timestamp="2019-08-02T21:45:58.864" activeThreads="2">
  <mem-info id="119" free="3572752" total="8388608" percent="42">
    <mem type="tenure" free="3572752" total="8388608" percent="42" micro-fragmented="280432" macro-fragmented="0">
      <mem type="soa" free="3153936" total="7969792" percent="39" />
      <mem type="loa" free="418816" total="418816" percent="100" />
    </mem>
  </mem-info>
</gc-end>
<cycle-end id="120" type="global" contextid="113" timestamp="2019-08-02T21:45:58.864" />
  <attribute name="elasticGC enabled" value="1" />
  <attribute name= "numThreadsSpecified" value="2" />
  <attribute name="heapSize specified" value="0" />
  <attribute name= "numCores" value="8" />
  <attribute name ="GC Interval" value="0" />
  <attribute name ="Control flow" value="1" />
  <attribute name="GC Util Range Max" value="107" />
  <attribute name="Current GC Util" value="8" />
  <attribute name= "Current Time Running" value="640" />
<allocation-satisfied id="121" threadId="0000000002652300" bytesRequested="32776" />
<af-end id="122" timestamp="2019-08-02T21:45:58.864" threadId="0000000002652C88" success="true" />
<exclusive-end id="123" timestamp="2019-08-02T21:45:58.865" durationms="3.415" />

<exclusive-start id="124" timestamp="2019-08-02T21:45:58.916" intervalms="54.961">
  <response-info timems="0.047" idlems="0.047" threads="0" lastid="000000000264AB00" lastname="Thread-8" />
</exclusive-start>
<af-start id="125" threadId="000000000264B488" totalBytesRequested="16392" timestamp="2019-08-02T21:45:58.916" intervalms="54.866" />
<cycle-start id="126" type="global" contextid="0" timestamp="2019-08-02T21:45:58.916" intervalms="54.866" />
<gc-start id="127" type="global" contextid="126" timestamp="2019-08-02T21:45:58.916">
  <mem-info id="128" free="530128" total="8388608" percent="6">
    <mem type="tenure" free="530128" total="8388608" percent="6">
      <mem type="soa" free="111312" total="7969792" percent="1" />
      <mem type="loa" free="418816" total="418816" percent="100" />
    </mem>
  </mem-info>
</gc-start>
<allocation-stats totalBytes="2991792" >
  <allocated-bytes non-tlh="1155512" tlh="1836280" />
  <largest-consumer threadName="Thread-8" threadId="000000000264AB00" bytes="669008" />
</allocation-stats>
<gc-op id="129" type="mark" timems="1.661" contextid="126" timestamp="2019-08-02T21:45:58.918">
  <trace-info objectcount="43245" scancount="35006" scanbytes="2023464" />
  <finalization candidates="25" enqueued="0" />
  <references type="soft" candidates="168" cleared="0" enqueued="0" dynamicThreshold="13" maxThreshold="32" />
  <references type="weak" candidates="275" cleared="0" enqueued="0" />
  <references type="phantom" candidates="103" cleared="0" enqueued="0" />
  <stringconstants candidates="3963" cleared="0"  />
</gc-op>
<gc-op id="130" type="sweep" timems="0.244" contextid="126" timestamp="2019-08-02T21:45:58.918" />
<gc-end id="131" type="global" contextid="126" durationms="2.840" usertimems="4.000" systemtimems="0.000" timestamp="2019-08-02T21:45:58.919" activeThreads="2">
  <mem-info id="132" free="3593760" total="8388608" percent="42">
    <mem type="tenure" free="3593760" total="8388608" percent="42" micro-fragmented="324464" macro-fragmented="0">
      <mem type="soa" free="3174944" total="7969792" percent="39" />
      <mem type="loa" free="418816" total="418816" percent="100" />
    </mem>
  </mem-info>
</gc-end>
<cycle-end id="133" type="global" contextid="126" timestamp="2019-08-02T21:45:58.919" />
  <attribute name="elasticGC enabled" value="1" />
  <attribute name= "numThreadsSpecified" value="2" />
  <attribute name="heapSize specified" value="0" />
  <attribute name= "numCores" value="8" />
  <attribute name ="GC Interval" value="0" />
  <attribute name ="Control flow" value="1" />
  <attribute name="GC Util Range Max" value="107" />
  <attribute name="Current GC Util" value="6" />
  <attribute name= "Current Time Running" value="695" />
<allocation-satisfied id="134" threadId="000000000264AB00" bytesRequested="16392" />
<af-end id="135" timestamp="2019-08-02T21:45:58.920" threadId="000000000264B488" success="true" />
<exclusive-end id="136" timestamp="2019-08-02T21:45:58.920" durationms="3.564" />

<exclusive-start id="137" timestamp="2019-08-02T21:45:58.966" intervalms="50.056">
  <response-info timems="0.069" idlems="0.069" threads="0" lastid="000000000264E700" lastname="Thread-9" />
</exclusive-start>
<af-start id="138" threadId="000000000264F088" totalBytesRequested="16392" timestamp="2019-08-02T21:45:58.966" intervalms="50.053" />
<cycle-start id="139" type="global" contextid="0" timestamp="2019-08-02T21:45:58.966" intervalms="50.049" />
<gc-start id="140" type="global" contextid="139" timestamp="2019-08-02T21:45:58.966">
  <mem-info id="141" free="621456" total="8388608" percent="7">
    <mem type="tenure" free="621456" total="8388608" percent="7">
      <mem type="soa" free="202640" total="7969792" percent="2" />
      <mem type="loa" free="418816" total="418816" percent="100" />
    </mem>
  </mem-info>
</gc-start>
<allocation-stats totalBytes="2915144" >
  <allocated-bytes non-tlh="1227472" tlh="1687672" />
  <largest-consumer threadName="Thread-10" threadId="0000000002652300" bytes="533576" />
</allocation-stats>
<gc-op id="142" type="mark" timems="1.547" contextid="139" timestamp="2019-08-02T21:45:58.968">
  <trace-info objectcount="43058" scancount="34862" scanbytes="2005376" />
  <finalization candidates="25" enqueued="0" />
  <references type="soft" candidates="168" cleared="0" enqueued="0" dynamicThreshold="13" maxThreshold="32" />
  <references type="weak" candidates="275" cleared="0" enqueued="0" />
  <references type="phantom" candidates="102" cleared="0" enqueued="0" />
  <stringconstants candidates="3963" cleared="0"  />
</gc-op>
<gc-op id="143" type="sweep" timems="0.233" contextid="139" timestamp="2019-08-02T21:45:58.968" />
<gc-end id="144" type="global" contextid="139" durationms="2.571" usertimems="4.000" systemtimems="0.000" timestamp="2019-08-02T21:45:58.969" activeThreads="2">
  <mem-info id="145" free="3801408" total="8388608" percent="45">
    <mem type="tenure" free="3801408" total="8388608" percent="45" micro-fragmented="257536" macro-fragmented="0">
      <mem type="soa" free="3382592" total="7969792" percent="42" />
      <mem type="loa" free="418816" total="418816" percent="100" />
    </mem>
  </mem-info>
</gc-end>
<cycle-end id="146" type="global" contextid="139" timestamp="2019-08-02T21:45:58.969" />
  <attribute name="elasticGC enabled" value="1" />
  <attribute name= "numThreadsSpecified" value="2" />
  <attribute name="heapSize specified" value="0" />
  <attribute name= "numCores" value="8" />
  <attribute name ="GC Interval" value="0" />
  <attribute name ="Control flow" value="1" />
  <attribute name="GC Util Range Max" value="107" />
  <attribute name="Current GC Util" value="8" />
  <attribute name= "Current Time Running" value="745" />
<allocation-satisfied id="147" threadId="000000000264E700" bytesRequested="16392" />
<af-end id="148" timestamp="2019-08-02T21:45:58.969" threadId="000000000264F088" success="true" />
<exclusive-end id="149" timestamp="2019-08-02T21:45:58.969" durationms="3.026" />

<exclusive-start id="150" timestamp="2019-08-02T21:45:58.993" intervalms="26.361">
  <response-info timems="0.055" idlems="0.055" threads="0" lastid="000000000264AB00" lastname="Thread-8" />
</exclusive-start>
<af-start id="151" threadId="000000000264B488" totalBytesRequested="16392" timestamp="2019-08-02T21:45:58.993" intervalms="26.397" />
<cycle-start id="152" type="global" contextid="0" timestamp="2019-08-02T21:45:58.993" intervalms="26.397" />
<gc-start id="153" type="global" contextid="152" timestamp="2019-08-02T21:45:58.993">
  <mem-info id="154" free="1043256" total="8388608" percent="12">
    <mem type="tenure" free="1043256" total="8388608" percent="12">
      <mem type="soa" free="624440" total="7969792" percent="7" />
      <mem type="loa" free="418816" total="418816" percent="100" />
    </mem>
  </mem-info>
</gc-start>
<allocation-stats totalBytes="2675384" >
  <allocated-bytes non-tlh="1525848" tlh="1149536" />
  <largest-consumer threadName="Thread-8" threadId="000000000264AB00" bytes="647712" />
</allocation-stats>
<gc-op id="155" type="mark" timems="1.646" contextid="152" timestamp="2019-08-02T21:45:58.995">
  <trace-info objectcount="42420" scancount="34250" scanbytes="2013556" />
  <finalization candidates="25" enqueued="0" />
  <references type="soft" candidates="168" cleared="0" enqueued="0" dynamicThreshold="14" maxThreshold="32" />
  <references type="weak" candidates="275" cleared="0" enqueued="0" />
  <references type="phantom" candidates="103" cleared="0" enqueued="0" />
  <stringconstants candidates="3963" cleared="0"  />
</gc-op>
<gc-op id="156" type="sweep" timems="0.230" contextid="152" timestamp="2019-08-02T21:45:58.995" />
<gc-end id="157" type="global" contextid="152" durationms="2.747" usertimems="4.000" systemtimems="0.000" timestamp="2019-08-02T21:45:58.996" activeThreads="2">
  <mem-info id="158" free="3873064" total="8388608" percent="46">
    <mem type="tenure" free="3873064" total="8388608" percent="46" micro-fragmented="272912" macro-fragmented="0">
      <mem type="soa" free="3454248" total="7969792" percent="43" />
      <mem type="loa" free="418816" total="418816" percent="100" />
    </mem>
  </mem-info>
</gc-end>
<cycle-end id="159" type="global" contextid="152" timestamp="2019-08-02T21:45:58.996" />
  <attribute name="elasticGC enabled" value="1" />
  <attribute name= "numThreadsSpecified" value="2" />
  <attribute name="heapSize specified" value="0" />
  <attribute name= "numCores" value="8" />
  <attribute name ="GC Interval" value="0" />
  <attribute name ="Control flow" value="1" />
  <attribute name="GC Util Range Max" value="107" />
  <attribute name="Current GC Util" value="7" />
  <attribute name= "Current Time Running" value="772" />
<allocation-satisfied id="160" threadId="000000000264AB00" bytesRequested="16392" />
<af-end id="161" timestamp="2019-08-02T21:45:58.996" threadId="000000000264B488" success="true" />
<exclusive-end id="162" timestamp="2019-08-02T21:45:58.996" durationms="3.521" />

<exclusive-start id="163" timestamp="2019-08-02T21:45:59.042" intervalms="49.675">
  <response-info timems="0.048" idlems="0.048" threads="0" lastid="0000000002643300" lastname="Thread-6" />
</exclusive-start>
<af-start id="164" threadId="0000000002643C88" totalBytesRequested="32776" timestamp="2019-08-02T21:45:59.042" intervalms="49.716" />
<cycle-start id="165" type="global" contextid="0" timestamp="2019-08-02T21:45:59.042" intervalms="49.719" />
<gc-start id="166" type="global" contextid="165" timestamp="2019-08-02T21:45:59.042">
  <mem-info id="167" free="424192" total="8388608" percent="5">
    <mem type="tenure" free="424192" total="8388608" percent="5">
      <mem type="soa" free="5376" total="7969792" percent="0" />
      <mem type="loa" free="418816" total="418816" percent="100" />
    </mem>
  </mem-info>
</gc-start>
<allocation-stats totalBytes="3382592" >
  <allocated-bytes non-tlh="1440648" tlh="1941944" />
  <largest-consumer threadName="Thread-9" threadId="000000000264E700" bytes="815560" />
</allocation-stats>
<gc-op id="168" type="mark" timems="1.662" contextid="165" timestamp="2019-08-02T21:45:59.044">
  <trace-info objectcount="43762" scancount="35432" scanbytes="2093464" />
  <finalization candidates="25" enqueued="0" />
  <references type="soft" candidates="168" cleared="0" enqueued="0" dynamicThreshold="14" maxThreshold="32" />
  <references type="weak" candidates="275" cleared="0" enqueued="0" />
  <references type="phantom" candidates="103" cleared="0" enqueued="0" />
  <stringconstants candidates="3963" cleared="0"  />
</gc-op>
<gc-op id="169" type="sweep" timems="0.238" contextid="165" timestamp="2019-08-02T21:45:59.045" />
<gc-end id="170" type="global" contextid="165" durationms="2.709" usertimems="0.000" systemtimems="4.000" timestamp="2019-08-02T21:45:59.045" activeThreads="2">
  <mem-info id="171" free="3432304" total="8388608" percent="40">
    <mem type="tenure" free="3432304" total="8388608" percent="40" micro-fragmented="336801" macro-fragmented="0">
      <mem type="soa" free="3013488" total="7969792" percent="37" />
      <mem type="loa" free="418816" total="418816" percent="100" />
    </mem>
  </mem-info>
</gc-end>
<cycle-end id="172" type="global" contextid="165" timestamp="2019-08-02T21:45:59.045" />
  <attribute name="elasticGC enabled" value="1" />
  <attribute name= "numThreadsSpecified" value="2" />
  <attribute name="heapSize specified" value="0" />
  <attribute name= "numCores" value="8" />
  <attribute name ="GC Interval" value="0" />
  <attribute name ="Control flow" value="1" />
  <attribute name="GC Util Range Max" value="107" />
  <attribute name="Current GC Util" value="8" />
  <attribute name= "Current Time Running" value="821" />
<allocation-satisfied id="173" threadId="0000000002643300" bytesRequested="32776" />
<af-end id="174" timestamp="2019-08-02T21:45:59.046" threadId="0000000002643C88" success="true" />
<exclusive-end id="175" timestamp="2019-08-02T21:45:59.046" durationms="3.395" />

<exclusive-start id="176" timestamp="2019-08-02T21:45:59.090" intervalms="48.209">
  <response-info timems="0.179" idlems="0.179" threads="0" lastid="000000000263BC00" lastname="Thread-4" />
</exclusive-start>
<af-start id="177" threadId="000000000263C588" totalBytesRequested="32776" timestamp="2019-08-02T21:45:59.090" intervalms="48.141" />
<cycle-start id="178" type="global" contextid="0" timestamp="2019-08-02T21:45:59.091" intervalms="48.143" />
<gc-start id="179" type="global" contextid="178" timestamp="2019-08-02T21:45:59.091">
  <mem-info id="180" free="487800" total="8388608" percent="5">
    <mem type="tenure" free="487800" total="8388608" percent="5">
      <mem type="soa" free="68984" total="7969792" percent="0" />
      <mem type="loa" free="418816" total="418816" percent="100" />
    </mem>
  </mem-info>
</gc-start>
<allocation-stats totalBytes="2900488" >
  <allocated-bytes non-tlh="1314624" tlh="1585864" />
  <largest-consumer threadName="Thread-10" threadId="0000000002652300" bytes="537856" />
</allocation-stats>
<gc-op id="181" type="mark" timems="1.760" contextid="178" timestamp="2019-08-02T21:45:59.093">
  <trace-info objectcount="43660" scancount="35361" scanbytes="2091784" />
  <finalization candidates="25" enqueued="0" />
  <references type="soft" candidates="168" cleared="15" enqueued="14" dynamicThreshold="13" maxThreshold="32" />
  <references type="weak" candidates="275" cleared="0" enqueued="0" />
  <references type="phantom" candidates="102" cleared="0" enqueued="0" />
  <stringconstants candidates="3963" cleared="0"  />
</gc-op>
<gc-op id="182" type="sweep" timems="0.242" contextid="178" timestamp="2019-08-02T21:45:59.093" />
<gc-end id="183" type="global" contextid="178" durationms="2.868" usertimems="4.000" systemtimems="0.000" timestamp="2019-08-02T21:45:59.094" activeThreads="2">
  <mem-info id="184" free="3472480" total="8388608" percent="41">
    <mem type="tenure" free="3472480" total="8388608" percent="41" micro-fragmented="283441" macro-fragmented="0">
      <mem type="soa" free="3053664" total="7969792" percent="38" />
      <mem type="loa" free="418816" total="418816" percent="100" />
    </mem>
    <pending-finalizers system="0" default="0" reference="14" classloader="0" />
  </mem-info>
</gc-end>
<cycle-end id="185" type="global" contextid="178" timestamp="2019-08-02T21:45:59.094" />
  <attribute name="elasticGC enabled" value="1" />
  <attribute name= "numThreadsSpecified" value="2" />
  <attribute name="heapSize specified" value="0" />
  <attribute name= "numCores" value="8" />
  <attribute name ="GC Interval" value="0" />
  <attribute name ="Control flow" value="1" />
  <attribute name="GC Util Range Max" value="107" />
  <attribute name="Current GC Util" value="8" />
  <attribute name= "Current Time Running" value="870" />
<allocation-satisfied id="186" threadId="000000000263BC00" bytesRequested="32776" />
<af-end id="187" timestamp="2019-08-02T21:45:59.094" threadId="000000000263C588" success="true" />
<exclusive-end id="188" timestamp="2019-08-02T21:45:59.094" durationms="3.432" />

<exclusive-start id="189" timestamp="2019-08-02T21:45:59.124" intervalms="33.716">
  <response-info timems="0.061" idlems="0.061" threads="0" lastid="000000000264AB00" lastname="Thread-8" />
</exclusive-start>
<af-start id="190" threadId="000000000264B488" totalBytesRequested="32776" timestamp="2019-08-02T21:45:59.124" intervalms="33.767" />
<cycle-start id="191" type="global" contextid="0" timestamp="2019-08-02T21:45:59.124" intervalms="33.761" />
<gc-start id="192" type="global" contextid="191" timestamp="2019-08-02T21:45:59.124">
  <mem-info id="193" free="677776" total="8388608" percent="8">
    <mem type="tenure" free="677776" total="8388608" percent="8">
      <mem type="soa" free="258960" total="7969792" percent="3" />
      <mem type="loa" free="418816" total="418816" percent="100" />
    </mem>
  </mem-info>
</gc-start>
<allocation-stats totalBytes="2720616" >
  <allocated-bytes non-tlh="1450736" tlh="1269880" />
  <largest-consumer threadName="Thread-6" threadId="0000000002643300" bytes="797264" />
</allocation-stats>
<gc-op id="194" type="mark" timems="1.624" contextid="191" timestamp="2019-08-02T21:45:59.126">
  <trace-info objectcount="42925" scancount="34639" scanbytes="2031440" />
  <finalization candidates="25" enqueued="0" />
  <references type="soft" candidates="153" cleared="60" enqueued="59" dynamicThreshold="13" maxThreshold="32" />
  <references type="weak" candidates="275" cleared="0" enqueued="0" />
  <references type="phantom" candidates="102" cleared="0" enqueued="0" />
  <stringconstants candidates="3963" cleared="0"  />
</gc-op>
<gc-op id="195" type="sweep" timems="0.275" contextid="191" timestamp="2019-08-02T21:45:59.126" />
<gc-end id="196" type="global" contextid="191" durationms="2.812" usertimems="4.000" systemtimems="0.000" timestamp="2019-08-02T21:45:59.127" activeThreads="2">
  <mem-info id="197" free="3619928" total="8388608" percent="43">
    <mem type="tenure" free="3619928" total="8388608" percent="43" micro-fragmented="295155" macro-fragmented="0">
      <mem type="soa" free="3201112" total="7969792" percent="40" />
      <mem type="loa" free="418816" total="418816" percent="100" />
    </mem>
    <pending-finalizers system="0" default="0" reference="59" classloader="0" />
  </mem-info>
</gc-end>
<cycle-end id="198" type="global" contextid="191" timestamp="2019-08-02T21:45:59.127" />
  <attribute name="elasticGC enabled" value="1" />
  <attribute name= "numThreadsSpecified" value="2" />
  <attribute name="heapSize specified" value="0" />
  <attribute name= "numCores" value="8" />
  <attribute name ="GC Interval" value="0" />
  <attribute name ="Control flow" value="1" />
  <attribute name="GC Util Range Max" value="107" />
  <attribute name="Current GC Util" value="6" />
  <attribute name= "Current Time Running" value="903" />
<allocation-satisfied id="199" threadId="000000000264AB00" bytesRequested="32776" />
<af-end id="200" timestamp="2019-08-02T21:45:59.128" threadId="000000000264B488" success="true" />
<exclusive-end id="201" timestamp="2019-08-02T21:45:59.128" durationms="3.518" />

<exclusive-start id="202" timestamp="2019-08-02T21:45:59.159" intervalms="34.446">
  <response-info timems="0.061" idlems="0.061" threads="0" lastid="0000000002652300" lastname="Thread-10" />
</exclusive-start>
<af-start id="203" threadId="0000000002652C88" totalBytesRequested="16392" timestamp="2019-08-02T21:45:59.159" intervalms="34.458" />
<cycle-start id="204" type="global" contextid="0" timestamp="2019-08-02T21:45:59.159" intervalms="34.464" />
<gc-start id="205" type="global" contextid="204" timestamp="2019-08-02T21:45:59.159">
  <mem-info id="206" free="702712" total="8388608" percent="8">
    <mem type="tenure" free="702712" total="8388608" percent="8">
      <mem type="soa" free="283896" total="7969792" percent="3" />
      <mem type="loa" free="418816" total="418816" percent="100" />
    </mem>
  </mem-info>
</gc-start>
<allocation-stats totalBytes="2835784" >
  <allocated-bytes non-tlh="1492944" tlh="1342840" />
  <largest-consumer threadName="Thread-4" threadId="000000000263BC00" bytes="733904" />
</allocation-stats>
<heap-resize id="207" type="loa contract" space="tenure" amount="83968" count="1" timems="0.000" reason="contract underutilized loa" timestamp="2019-08-02T21:45:59.159" />
<gc-op id="208" type="mark" timems="1.816" contextid="204" timestamp="2019-08-02T21:45:59.161">
  <trace-info objectcount="42426" scancount="34233" scanbytes="2002708" />
  <finalization candidates="25" enqueued="0" />
  <references type="soft" candidates="93" cleared="1" enqueued="0" dynamicThreshold="13" maxThreshold="32" />
  <references type="weak" candidates="275" cleared="0" enqueued="0" />
  <references type="phantom" candidates="103" cleared="0" enqueued="0" />
  <stringconstants candidates="3963" cleared="18"  />
</gc-op>
<gc-op id="209" type="sweep" timems="0.246" contextid="204" timestamp="2019-08-02T21:45:59.161" />
<gc-end id="210" type="global" contextid="204" durationms="2.990" usertimems="8.000" systemtimems="0.000" timestamp="2019-08-02T21:45:59.162" activeThreads="2">
  <mem-info id="211" free="3702160" total="8388608" percent="44">
    <mem type="tenure" free="3702160" total="8388608" percent="44" micro-fragmented="336890" macro-fragmented="0">
      <mem type="soa" free="3367312" total="8053760" percent="41" />
      <mem type="loa" free="334848" total="334848" percent="100" />
    </mem>
  </mem-info>
</gc-end>
<cycle-end id="212" type="global" contextid="204" timestamp="2019-08-02T21:45:59.162" />
  <attribute name="elasticGC enabled" value="1" />
  <attribute name= "numThreadsSpecified" value="2" />
  <attribute name="heapSize specified" value="0" />
  <attribute name= "numCores" value="8" />
  <attribute name ="GC Interval" value="0" />
  <attribute name ="Control flow" value="1" />
  <attribute name="GC Util Range Max" value="107" />
  <attribute name="Current GC Util" value="7" />
  <attribute name= "Current Time Running" value="938" />
<allocation-satisfied id="213" threadId="0000000002652300" bytesRequested="16392" />
<af-end id="214" timestamp="2019-08-02T21:45:59.162" threadId="0000000002652C88" success="true" />
<exclusive-end id="215" timestamp="2019-08-02T21:45:59.162" durationms="3.654" />

<exclusive-start id="216" timestamp="2019-08-02T21:45:59.239" intervalms="79.999">
  <response-info timems="0.051" idlems="0.051" threads="0" lastid="000000000264AB00" lastname="Thread-8" />
</exclusive-start>
<af-start id="217" threadId="000000000264B488" totalBytesRequested="16392" timestamp="2019-08-02T21:45:59.239" intervalms="79.966" />
<cycle-start id="218" type="global" contextid="0" timestamp="2019-08-02T21:45:59.239" intervalms="79.972" />
<gc-start id="219" type="global" contextid="218" timestamp="2019-08-02T21:45:59.239">
  <mem-info id="220" free="334848" total="8388608" percent="3">
    <mem type="tenure" free="334848" total="8388608" percent="3">
      <mem type="soa" free="0" total="8053760" percent="0" />
      <mem type="loa" free="334848" total="334848" percent="100" />
    </mem>
  </mem-info>
</gc-start>
<allocation-stats totalBytes="3286536" >
  <allocated-bytes non-tlh="1151672" tlh="2134864" />
  <largest-consumer threadName="Thread-8" threadId="000000000264AB00" bytes="650016" />
</allocation-stats>
<heap-resize id="221" type="loa contract" space="tenure" amount="83968" count="1" timems="0.000" reason="contract underutilized loa" timestamp="2019-08-02T21:45:59.239" />
<gc-op id="222" type="mark" timems="1.285" contextid="218" timestamp="2019-08-02T21:45:59.240">
  <trace-info objectcount="42871" scancount="34554" scanbytes="1992628" />
  <finalization candidates="25" enqueued="0" />
  <references type="soft" candidates="92" cleared="0" enqueued="0" dynamicThreshold="14" maxThreshold="32" />
  <references type="weak" candidates="275" cleared="0" enqueued="0" />
  <references type="phantom" candidates="102" cleared="0" enqueued="0" />
  <stringconstants candidates="3945" cleared="0"  />
</gc-op>
<gc-op id="223" type="sweep" timems="0.239" contextid="218" timestamp="2019-08-02T21:45:59.241" />
<gc-end id="224" type="global" contextid="218" durationms="2.374" usertimems="4.000" systemtimems="0.000" timestamp="2019-08-02T21:45:59.241" activeThreads="2">
  <mem-info id="225" free="3569024" total="8388608" percent="42">
    <mem type="tenure" free="3569024" total="8388608" percent="42" micro-fragmented="332529" macro-fragmented="0">
      <mem type="soa" free="3318144" total="8137728" percent="40" />
      <mem type="loa" free="250880" total="250880" percent="100" />
    </mem>
  </mem-info>
</gc-end>
<cycle-end id="226" type="global" contextid="218" timestamp="2019-08-02T21:45:59.241" />
  <attribute name="elasticGC enabled" value="1" />
  <attribute name= "numThreadsSpecified" value="2" />
  <attribute name="heapSize specified" value="0" />
  <attribute name= "numCores" value="8" />
  <attribute name ="GC Interval" value="0" />
  <attribute name ="Control flow" value="1" />
  <attribute name="GC Util Range Max" value="107" />
  <attribute name="Current GC Util" value="8" />
  <attribute name= "Current Time Running" value="1017" />
<allocation-satisfied id="227" threadId="000000000264AB00" bytesRequested="16392" />
<af-end id="228" timestamp="2019-08-02T21:45:59.241" threadId="000000000264B488" success="true" />
<exclusive-end id="229" timestamp="2019-08-02T21:45:59.242" durationms="2.938" />

<exclusive-start id="230" timestamp="2019-08-02T21:45:59.280" intervalms="41.335">
  <response-info timems="0.050" idlems="0.050" threads="0" lastid="0000000002643300" lastname="Thread-6" />
</exclusive-start>
<af-start id="231" threadId="0000000002643C88" totalBytesRequested="16392" timestamp="2019-08-02T21:45:59.280" intervalms="41.333" />
<cycle-start id="232" type="global" contextid="0" timestamp="2019-08-02T21:45:59.280" intervalms="41.327" />
<gc-start id="233" type="global" contextid="232" timestamp="2019-08-02T21:45:59.280">
  <mem-info id="234" free="431960" total="8388608" percent="5">
    <mem type="tenure" free="431960" total="8388608" percent="5">
      <mem type="soa" free="181080" total="8137728" percent="2" />
      <mem type="loa" free="250880" total="250880" percent="100" />
    </mem>
  </mem-info>
</gc-start>
<allocation-stats totalBytes="3078264" >
  <allocated-bytes non-tlh="1384256" tlh="1694008" />
  <largest-consumer threadName="Thread-8" threadId="000000000264AB00" bytes="784440" />
</allocation-stats>
<heap-resize id="235" type="loa contract" space="tenure" amount="83968" count="1" timems="0.000" reason="contract underutilized loa" timestamp="2019-08-02T21:45:59.280" />
<gc-op id="236" type="mark" timems="1.610" contextid="232" timestamp="2019-08-02T21:45:59.282">
  <trace-info objectcount="40494" scancount="32830" scanbytes="1940436" />
  <finalization candidates="25" enqueued="0" />
  <references type="soft" candidates="92" cleared="27" enqueued="23" dynamicThreshold="13" maxThreshold="32" />
  <references type="weak" candidates="276" cleared="0" enqueued="0" />
  <references type="phantom" candidates="103" cleared="0" enqueued="0" />
  <stringconstants candidates="3945" cleared="1"  />
</gc-op>
<gc-op id="237" type="sweep" timems="0.243" contextid="232" timestamp="2019-08-02T21:45:59.282" />
<gc-end id="238" type="global" contextid="232" durationms="2.815" usertimems="4.000" systemtimems="0.000" timestamp="2019-08-02T21:45:59.283" activeThreads="2">
  <mem-info id="239" free="3703152" total="8388608" percent="44">
    <mem type="tenure" free="3703152" total="8388608" percent="44" micro-fragmented="322037" macro-fragmented="0">
      <mem type="soa" free="3536240" total="8221696" percent="43" />
      <mem type="loa" free="166912" total="166912" percent="100" />
    </mem>
    <pending-finalizers system="0" default="0" reference="23" classloader="0" />
  </mem-info>
</gc-end>
<cycle-end id="240" type="global" contextid="232" timestamp="2019-08-02T21:45:59.283" />
  <attribute name="elasticGC enabled" value="1" />
  <attribute name= "numThreadsSpecified" value="2" />
  <attribute name="heapSize specified" value="0" />
  <attribute name= "numCores" value="8" />
  <attribute name ="GC Interval" value="0" />
  <attribute name ="Control flow" value="1" />
  <attribute name="GC Util Range Max" value="107" />
  <attribute name="Current GC Util" value="7" />
  <attribute name= "Current Time Running" value="1059" />
<allocation-satisfied id="241" threadId="0000000002643300" bytesRequested="16392" />
<af-end id="242" timestamp="2019-08-02T21:45:59.283" threadId="0000000002643C88" success="true" />
<exclusive-end id="243" timestamp="2019-08-02T21:45:59.283" durationms="3.557" />

<exclusive-start id="244" timestamp="2019-08-02T21:45:59.323" intervalms="42.733">
  <response-info timems="0.086" idlems="0.086" threads="0" lastid="0000000002646F00" lastname="Thread-7" />
</exclusive-start>
<af-start id="245" threadId="0000000002647888" totalBytesRequested="32776" timestamp="2019-08-02T21:45:59.323" intervalms="42.722" />
<cycle-start id="246" type="global" contextid="0" timestamp="2019-08-02T21:45:59.323" intervalms="42.716" />
<gc-start id="247" type="global" contextid="246" timestamp="2019-08-02T21:45:59.323">
  <mem-info id="248" free="347832" total="8388608" percent="4">
    <mem type="tenure" free="347832" total="8388608" percent="4">
      <mem type="soa" free="180920" total="8221696" percent="2" />
      <mem type="loa" free="166912" total="166912" percent="100" />
    </mem>
  </mem-info>
</gc-start>
<allocation-stats totalBytes="3275344" >
  <allocated-bytes non-tlh="1597488" tlh="1677856" />
  <largest-consumer threadName="Thread-9" threadId="000000000264E700" bytes="878240" />
</allocation-stats>
<heap-resize id="249" type="loa contract" space="tenure" amount="83968" count="1" timems="0.000" reason="contract underutilized loa" timestamp="2019-08-02T21:45:59.323" />
<gc-op id="250" type="mark" timems="1.774" contextid="246" timestamp="2019-08-02T21:45:59.325">
  <trace-info objectcount="40705" scancount="33053" scanbytes="1989368" />
  <finalization candidates="25" enqueued="0" />
  <references type="soft" candidates="65" cleared="0" enqueued="0" dynamicThreshold="14" maxThreshold="32" />
  <references type="weak" candidates="275" cleared="0" enqueued="0" />
  <references type="phantom" candidates="102" cleared="0" enqueued="0" />
  <stringconstants candidates="3944" cleared="0"  />
</gc-op>
<gc-op id="251" type="sweep" timems="0.413" contextid="246" timestamp="2019-08-02T21:45:59.325" />
<gc-end id="252" type="global" contextid="246" durationms="3.395" usertimems="4.000" systemtimems="4.000" timestamp="2019-08-02T21:45:59.326" activeThreads="2">
  <mem-info id="253" free="3642928" total="8388608" percent="43">
    <mem type="tenure" free="3642928" total="8388608" percent="43" micro-fragmented="241001" macro-fragmented="0">
      <mem type="soa" free="3559984" total="8305664" percent="42" />
      <mem type="loa" free="82944" total="82944" percent="100" />
    </mem>
  </mem-info>
</gc-end>
<cycle-end id="254" type="global" contextid="246" timestamp="2019-08-02T21:45:59.326" />
  <attribute name="elasticGC enabled" value="1" />
  <attribute name= "numThreadsSpecified" value="2" />
  <attribute name="heapSize specified" value="0" />
  <attribute name= "numCores" value="8" />
  <attribute name ="GC Interval" value="0" />
  <attribute name ="Control flow" value="1" />
  <attribute name="GC Util Range Max" value="107" />
  <attribute name="Current GC Util" value="5" />
  <attribute name= "Current Time Running" value="1102" />
<allocation-satisfied id="255" threadId="0000000002646F00" bytesRequested="32776" />
<af-end id="256" timestamp="2019-08-02T21:45:59.327" threadId="0000000002647888" success="true" />
<exclusive-end id="257" timestamp="2019-08-02T21:45:59.327" durationms="3.902" />

<exclusive-start id="258" timestamp="2019-08-02T21:45:59.410" intervalms="87.793">
  <response-info timems="0.061" idlems="0.061" threads="0" lastid="000000000264E700" lastname="Thread-9" />
</exclusive-start>
<af-start id="259" threadId="000000000264F088" totalBytesRequested="520" timestamp="2019-08-02T21:45:59.411" intervalms="87.832" />
<cycle-start id="260" type="global" contextid="0" timestamp="2019-08-02T21:45:59.411" intervalms="87.834" />
<gc-start id="261" type="global" contextid="260" timestamp="2019-08-02T21:45:59.411">
  <mem-info id="262" free="82944" total="8388608" percent="0">
    <mem type="tenure" free="82944" total="8388608" percent="0">
      <mem type="soa" free="0" total="8305664" percent="0" />
      <mem type="loa" free="82944" total="82944" percent="100" />
    </mem>
  </mem-info>
</gc-start>
<allocation-stats totalBytes="3533800" >
  <allocated-bytes non-tlh="1321888" tlh="2211912" />
  <largest-consumer threadName="Thread-5" threadId="000000000263F800" bytes="602360" />
</allocation-stats>
<gc-op id="263" type="mark" timems="1.250" contextid="260" timestamp="2019-08-02T21:45:59.412">
  <trace-info objectcount="41255" scancount="33517" scanbytes="2040228" />
  <finalization candidates="25" enqueued="0" />
  <references type="soft" candidates="65" cleared="0" enqueued="0" dynamicThreshold="13" maxThreshold="32" />
  <references type="weak" candidates="275" cleared="0" enqueued="0" />
  <references type="phantom" candidates="102" cleared="0" enqueued="0" />
  <stringconstants candidates="3944" cleared="0"  />
</gc-op>
<gc-op id="264" type="sweep" timems="0.254" contextid="260" timestamp="2019-08-02T21:45:59.412" />
<gc-end id="265" type="global" contextid="260" durationms="2.382" usertimems="8.000" systemtimems="0.000" timestamp="2019-08-02T21:45:59.413" activeThreads="2">
  <mem-info id="266" free="3560448" total="8388608" percent="42">
    <mem type="tenure" free="3560448" total="8388608" percent="42" micro-fragmented="288343" macro-fragmented="0">
      <mem type="soa" free="3477504" total="8305664" percent="41" />
      <mem type="loa" free="82944" total="82944" percent="100" />
    </mem>
  </mem-info>
</gc-end>
<cycle-end id="267" type="global" contextid="260" timestamp="2019-08-02T21:45:59.413" />
  <attribute name="elasticGC enabled" value="1" />
  <attribute name= "numThreadsSpecified" value="2" />
  <attribute name="heapSize specified" value="0" />
  <attribute name= "numCores" value="8" />
  <attribute name ="GC Interval" value="0" />
  <attribute name ="Control flow" value="1" />
  <attribute name="GC Util Range Max" value="107" />
  <attribute name="Current GC Util" value="7" />
  <attribute name= "Current Time Running" value="1189" />
<allocation-satisfied id="268" threadId="000000000264E700" bytesRequested="520" />
<af-end id="269" timestamp="2019-08-02T21:45:59.413" threadId="000000000264F088" success="true" />
<exclusive-end id="270" timestamp="2019-08-02T21:45:59.413" durationms="2.902" />

<exclusive-start id="271" timestamp="2019-08-02T21:45:59.454" intervalms="43.173">
  <response-info timems="0.052" idlems="0.052" threads="0" lastid="000000000264E700" lastname="Thread-9" />
</exclusive-start>
<af-start id="272" threadId="000000000264F088" totalBytesRequested="32776" timestamp="2019-08-02T21:45:59.454" intervalms="43.196" />
<cycle-start id="273" type="global" contextid="0" timestamp="2019-08-02T21:45:59.454" intervalms="43.197" />
<gc-start id="274" type="global" contextid="273" timestamp="2019-08-02T21:45:59.454">
  <mem-info id="275" free="208984" total="8388608" percent="2">
    <mem type="tenure" free="208984" total="8388608" percent="2">
      <mem type="soa" free="126040" total="8305664" percent="1" />
      <mem type="loa" free="82944" total="82944" percent="100" />
    </mem>
  </mem-info>
</gc-start>
<allocation-stats totalBytes="3257568" >
  <allocated-bytes non-tlh="1743072" tlh="1514496" />
  <largest-consumer threadName="Thread-5" threadId="000000000263F800" bytes="841608" />
</allocation-stats>
<gc-op id="276" type="mark" timems="1.578" contextid="273" timestamp="2019-08-02T21:45:59.456">
  <trace-info objectcount="40115" scancount="32511" scanbytes="1900108" />
  <finalization candidates="25" enqueued="0" />
  <references type="soft" candidates="65" cleared="0" enqueued="0" dynamicThreshold="13" maxThreshold="32" />
  <references type="weak" candidates="275" cleared="0" enqueued="0" />
  <references type="phantom" candidates="103" cleared="0" enqueued="0" />
  <stringconstants candidates="3944" cleared="0"  />
</gc-op>
<gc-op id="277" type="sweep" timems="0.236" contextid="273" timestamp="2019-08-02T21:45:59.456" />
<gc-end id="278" type="global" contextid="273" durationms="2.593" usertimems="4.000" systemtimems="0.000" timestamp="2019-08-02T21:45:59.457" activeThreads="2">
  <mem-info id="279" free="3854056" total="8388608" percent="45">
    <mem type="tenure" free="3854056" total="8388608" percent="45" micro-fragmented="315728" macro-fragmented="0">
      <mem type="soa" free="3771112" total="8305664" percent="45" />
      <mem type="loa" free="82944" total="82944" percent="100" />
    </mem>
  </mem-info>
</gc-end>
<cycle-end id="280" type="global" contextid="273" timestamp="2019-08-02T21:45:59.457" />
  <attribute name="elasticGC enabled" value="1" />
  <attribute name= "numThreadsSpecified" value="2" />
  <attribute name="heapSize specified" value="0" />
  <attribute name= "numCores" value="8" />
  <attribute name ="GC Interval" value="0" />
  <attribute name ="Control flow" value="1" />
  <attribute name="GC Util Range Max" value="107" />
  <attribute name="Current GC Util" value="8" />
  <attribute name= "Current Time Running" value="1233" />
<allocation-satisfied id="281" threadId="000000000264E700" bytesRequested="32776" />
<af-end id="282" timestamp="2019-08-02T21:45:59.457" threadId="000000000264F088" success="true" />
<exclusive-end id="283" timestamp="2019-08-02T21:45:59.457" durationms="3.137" />

<exclusive-start id="284" timestamp="2019-08-02T21:45:59.511" intervalms="57.232">
  <response-info timems="0.055" idlems="0.055" threads="0" lastid="000000000264AB00" lastname="Thread-8" />
</exclusive-start>
<af-start id="285" threadId="000000000264B488" totalBytesRequested="32776" timestamp="2019-08-02T21:45:59.511" intervalms="57.196" />
<cycle-start id="286" type="global" contextid="0" timestamp="2019-08-02T21:45:59.511" intervalms="57.199" />
<gc-start id="287" type="global" contextid="286" timestamp="2019-08-02T21:45:59.511">
  <mem-info id="288" free="243440" total="8388608" percent="2">
    <mem type="tenure" free="243440" total="8388608" percent="2">
      <mem type="soa" free="160496" total="8305664" percent="1" />
      <mem type="loa" free="82944" total="82944" percent="100" />
    </mem>
  </mem-info>
</gc-start>
<allocation-stats totalBytes="3562280" >
  <allocated-bytes non-tlh="1488832" tlh="2073448" />
  <largest-consumer threadName="Thread-3" threadId="0000000002638000" bytes="842752" />
</allocation-stats>
<gc-op id="289" type="mark" timems="1.184" contextid="286" timestamp="2019-08-02T21:45:59.512">
  <trace-info objectcount="40934" scancount="33198" scanbytes="2027468" />
  <finalization candidates="25" enqueued="0" />
  <references type="soft" candidates="65" cleared="0" enqueued="0" dynamicThreshold="14" maxThreshold="32" />
  <references type="weak" candidates="275" cleared="0" enqueued="0" />
  <references type="phantom" candidates="102" cleared="0" enqueued="0" />
  <stringconstants candidates="3944" cleared="0"  />
</gc-op>
<gc-op id="290" type="sweep" timems="0.240" contextid="286" timestamp="2019-08-02T21:45:59.513" />
<gc-end id="291" type="global" contextid="286" durationms="2.238" usertimems="4.000" systemtimems="0.000" timestamp="2019-08-02T21:45:59.513" activeThreads="2">
  <mem-info id="292" free="3502232" total="8388608" percent="41">
    <mem type="tenure" free="3502232" total="8388608" percent="41" micro-fragmented="274517" macro-fragmented="0">
      <mem type="soa" free="3419288" total="8305664" percent="41" />
      <mem type="loa" free="82944" total="82944" percent="100" />
    </mem>
  </mem-info>
</gc-end>
<cycle-end id="293" type="global" contextid="286" timestamp="2019-08-02T21:45:59.513" />
  <attribute name="elasticGC enabled" value="1" />
  <attribute name= "numThreadsSpecified" value="2" />
  <attribute name="heapSize specified" value="0" />
  <attribute name= "numCores" value="8" />
  <attribute name ="GC Interval" value="0" />
  <attribute name ="Control flow" value="1" />
  <attribute name="GC Util Range Max" value="107" />
  <attribute name="Current GC Util" value="7" />
  <attribute name= "Current Time Running" value="1289" />
<allocation-satisfied id="294" threadId="000000000264AB00" bytesRequested="32776" />
<af-end id="295" timestamp="2019-08-02T21:45:59.514" threadId="000000000264B488" success="true" />
<exclusive-end id="296" timestamp="2019-08-02T21:45:59.514" durationms="2.733" />

<exclusive-start id="297" timestamp="2019-08-02T21:45:59.576" intervalms="65.363">
  <response-info timems="0.143" idlems="0.143" threads="0" lastid="000000000263BC00" lastname="Thread-4" />
</exclusive-start>
<af-start id="298" threadId="000000000263C588" totalBytesRequested="48" timestamp="2019-08-02T21:45:59.576" intervalms="65.410" />
<cycle-start id="299" type="global" contextid="0" timestamp="2019-08-02T21:45:59.576" intervalms="65.417" />
<gc-start id="300" type="global" contextid="299" timestamp="2019-08-02T21:45:59.577">
  <mem-info id="301" free="82944" total="8388608" percent="0">
    <mem type="tenure" free="82944" total="8388608" percent="0">
      <mem type="soa" free="0" total="8305664" percent="0" />
      <mem type="loa" free="82944" total="82944" percent="100" />
    </mem>
  </mem-info>
</gc-start>
<allocation-stats totalBytes="3400016" >
  <allocated-bytes non-tlh="1239776" tlh="2160240" />
  <largest-consumer threadName="Thread-5" threadId="000000000263F800" bytes="1176744" />
</allocation-stats>
<gc-op id="302" type="mark" timems="1.333" contextid="299" timestamp="2019-08-02T21:45:59.578">
  <trace-info objectcount="41040" scancount="33229" scanbytes="1958192" />
  <finalization candidates="25" enqueued="0" />
  <references type="soft" candidates="65" cleared="0" enqueued="0" dynamicThreshold="13" maxThreshold="32" />
  <references type="weak" candidates="275" cleared="0" enqueued="0" />
  <references type="phantom" candidates="102" cleared="0" enqueued="0" />
  <stringconstants candidates="3944" cleared="0"  />
</gc-op>
<gc-op id="303" type="sweep" timems="0.238" contextid="299" timestamp="2019-08-02T21:45:59.578" />
<gc-end id="304" type="global" contextid="299" durationms="2.391" usertimems="4.000" systemtimems="0.000" timestamp="2019-08-02T21:45:59.579" activeThreads="2">
  <mem-info id="305" free="3649024" total="8388608" percent="43">
    <mem type="tenure" free="3649024" total="8388608" percent="43" micro-fragmented="335402" macro-fragmented="0">
      <mem type="soa" free="3566080" total="8305664" percent="42" />
      <mem type="loa" free="82944" total="82944" percent="100" />
    </mem>
  </mem-info>
</gc-end>
<cycle-end id="306" type="global" contextid="299" timestamp="2019-08-02T21:45:59.579" />
  <attribute name="elasticGC enabled" value="1" />
  <attribute name= "numThreadsSpecified" value="2" />
  <attribute name="heapSize specified" value="0" />
  <attribute name= "numCores" value="8" />
  <attribute name ="GC Interval" value="0" />
  <attribute name ="Control flow" value="1" />
  <attribute name="GC Util Range Max" value="107" />
  <attribute name="Current GC Util" value="7" />
  <attribute name= "Current Time Running" value="1355" />
<allocation-satisfied id="307" threadId="000000000263BC00" bytesRequested="48" />
<af-end id="308" timestamp="2019-08-02T21:45:59.579" threadId="000000000263C588" success="true" />
<exclusive-end id="309" timestamp="2019-08-02T21:45:59.579" durationms="3.030" />

<exclusive-start id="310" timestamp="2019-08-02T21:45:59.603" intervalms="26.537">
  <response-info timems="0.092" idlems="0.092" threads="0" lastid="000000000264E700" lastname="Thread-9" />
</exclusive-start>
<af-start id="311" threadId="000000000264F088" totalBytesRequested="32776" timestamp="2019-08-02T21:45:59.603" intervalms="26.439" />
<cycle-start id="312" type="global" contextid="0" timestamp="2019-08-02T21:45:59.603" intervalms="26.432" />
<gc-start id="313" type="global" contextid="312" timestamp="2019-08-02T21:45:59.603">
  <mem-info id="314" free="302304" total="8388608" percent="3">
    <mem type="tenure" free="302304" total="8388608" percent="3">
      <mem type="soa" free="219360" total="8305664" percent="2" />
      <mem type="loa" free="82944" total="82944" percent="100" />
    </mem>
  </mem-info>
</gc-start>
<allocation-stats totalBytes="3228960" >
  <allocated-bytes non-tlh="1878728" tlh="1350232" />
  <largest-consumer threadName="Thread-7" threadId="0000000002646F00" bytes="775016" />
</allocation-stats>
<gc-op id="315" type="mark" timems="1.521" contextid="312" timestamp="2019-08-02T21:45:59.605">
  <trace-info objectcount="40515" scancount="32851" scanbytes="1982576" />
  <finalization candidates="25" enqueued="0" />
  <references type="soft" candidates="65" cleared="0" enqueued="0" dynamicThreshold="13" maxThreshold="32" />
  <references type="weak" candidates="275" cleared="0" enqueued="0" />
  <references type="phantom" candidates="103" cleared="0" enqueued="0" />
  <stringconstants candidates="3944" cleared="0"  />
</gc-op>
<gc-op id="316" type="sweep" timems="0.239" contextid="312" timestamp="2019-08-02T21:45:59.605" />
<gc-end id="317" type="global" contextid="312" durationms="2.567" usertimems="0.000" systemtimems="4.000" timestamp="2019-08-02T21:45:59.606" activeThreads="2">
  <mem-info id="318" free="3685944" total="8388608" percent="43">
    <mem type="tenure" free="3685944" total="8388608" percent="43" micro-fragmented="294534" macro-fragmented="0">
      <mem type="soa" free="3603000" total="8305664" percent="43" />
      <mem type="loa" free="82944" total="82944" percent="100" />
    </mem>
  </mem-info>
</gc-end>
<cycle-end id="319" type="global" contextid="312" timestamp="2019-08-02T21:45:59.606" />
  <attribute name="elasticGC enabled" value="1" />
  <attribute name= "numThreadsSpecified" value="2" />
  <attribute name="heapSize specified" value="0" />
  <attribute name= "numCores" value="8" />
  <attribute name ="GC Interval" value="0" />
  <attribute name ="Control flow" value="1" />
  <attribute name="GC Util Range Max" value="107" />
  <attribute name="Current GC Util" value="8" />
  <attribute name= "Current Time Running" value="1382" />
<allocation-satisfied id="320" threadId="000000000264E700" bytesRequested="32776" />
<af-end id="321" timestamp="2019-08-02T21:45:59.606" threadId="000000000264F088" success="true" />
<exclusive-end id="322" timestamp="2019-08-02T21:45:59.606" durationms="3.151" />

<exclusive-start id="323" timestamp="2019-08-02T21:45:59.651" intervalms="48.253">
  <response-info timems="0.049" idlems="0.049" threads="0" lastid="000000000264AB00" lastname="Thread-8" />
</exclusive-start>
<af-start id="324" threadId="000000000264B488" totalBytesRequested="32776" timestamp="2019-08-02T21:45:59.651" intervalms="48.315" />
<cycle-start id="325" type="global" contextid="0" timestamp="2019-08-02T21:45:59.651" intervalms="48.298" />
<gc-start id="326" type="global" contextid="325" timestamp="2019-08-02T21:45:59.651">
  <mem-info id="327" free="428592" total="8388608" percent="5">
    <mem type="tenure" free="428592" total="8388608" percent="5">
      <mem type="soa" free="345648" total="8305664" percent="4" />
      <mem type="loa" free="82944" total="82944" percent="100" />
    </mem>
  </mem-info>
</gc-start>
<allocation-stats totalBytes="3193328" >
  <allocated-bytes non-tlh="1307304" tlh="1886024" />
  <largest-consumer threadName="Thread-10" threadId="0000000002652300" bytes="721840" />
</allocation-stats>
<gc-op id="328" type="mark" timems="1.635" contextid="325" timestamp="2019-08-02T21:45:59.653">
  <trace-info objectcount="40462" scancount="32771" scanbytes="2010140" />
  <finalization candidates="25" enqueued="0" />
  <references type="soft" candidates="65" cleared="0" enqueued="0" dynamicThreshold="14" maxThreshold="32" />
  <references type="weak" candidates="275" cleared="0" enqueued="0" />
  <references type="phantom" candidates="102" cleared="0" enqueued="0" />
  <stringconstants candidates="3944" cleared="0"  />
</gc-op>
<gc-op id="329" type="sweep" timems="0.237" contextid="325" timestamp="2019-08-02T21:45:59.653" />
<gc-end id="330" type="global" contextid="325" durationms="2.698" usertimems="4.000" systemtimems="0.000" timestamp="2019-08-02T21:45:59.654" activeThreads="2">
  <mem-info id="331" free="3580832" total="8388608" percent="42">
    <mem type="tenure" free="3580832" total="8388608" percent="42" micro-fragmented="306331" macro-fragmented="0">
      <mem type="soa" free="3497888" total="8305664" percent="42" />
      <mem type="loa" free="82944" total="82944" percent="100" />
    </mem>
  </mem-info>
</gc-end>
<cycle-end id="332" type="global" contextid="325" timestamp="2019-08-02T21:45:59.654" />
  <attribute name="elasticGC enabled" value="1" />
  <attribute name= "numThreadsSpecified" value="2" />
  <attribute name="heapSize specified" value="0" />
  <attribute name= "numCores" value="8" />
  <attribute name ="GC Interval" value="0" />
  <attribute name ="Control flow" value="1" />
  <attribute name="GC Util Range Max" value="107" />
  <attribute name="Current GC Util" value="8" />
  <attribute name= "Current Time Running" value="1430" />
<allocation-satisfied id="333" threadId="000000000264AB00" bytesRequested="32776" />
<af-end id="334" timestamp="2019-08-02T21:45:59.654" threadId="000000000264B488" success="true" />
<exclusive-end id="335" timestamp="2019-08-02T21:45:59.655" durationms="3.558" />

<exclusive-start id="336" timestamp="2019-08-02T21:45:59.708" intervalms="56.671">
  <response-info timems="0.049" idlems="0.049" threads="0" lastid="000000000264E700" lastname="Thread-9" />
</exclusive-start>
<af-start id="337" threadId="000000000264F088" totalBytesRequested="8200" timestamp="2019-08-02T21:45:59.708" intervalms="56.647" />
<cycle-start id="338" type="global" contextid="0" timestamp="2019-08-02T21:45:59.708" intervalms="56.667" />
<gc-start id="339" type="global" contextid="338" timestamp="2019-08-02T21:45:59.708">
  <mem-info id="340" free="82944" total="8388608" percent="0">
    <mem type="tenure" free="82944" total="8388608" percent="0">
      <mem type="soa" free="0" total="8305664" percent="0" />
      <mem type="loa" free="82944" total="82944" percent="100" />
    </mem>
  </mem-info>
</gc-start>
<allocation-stats totalBytes="3442800" >
  <allocated-bytes non-tlh="1266960" tlh="2175840" />
  <largest-consumer threadName="Thread-4" threadId="000000000263BC00" bytes="899288" />
</allocation-stats>
<gc-op id="341" type="mark" timems="1.653" contextid="338" timestamp="2019-08-02T21:45:59.710">
  <trace-info objectcount="41489" scancount="33633" scanbytes="2042916" />
  <finalization candidates="25" enqueued="0" />
  <references type="soft" candidates="65" cleared="0" enqueued="0" dynamicThreshold="13" maxThreshold="32" />
  <references type="weak" candidates="276" cleared="0" enqueued="0" />
  <references type="phantom" candidates="103" cleared="0" enqueued="0" />
  <stringconstants candidates="3944" cleared="0"  />
</gc-op>
<gc-op id="342" type="sweep" timems="0.278" contextid="338" timestamp="2019-08-02T21:45:59.710" />
<gc-end id="343" type="global" contextid="338" durationms="2.790" usertimems="4.000" systemtimems="0.000" timestamp="2019-08-02T21:45:59.711" activeThreads="2">
  <mem-info id="344" free="3445464" total="8388608" percent="41">
    <mem type="tenure" free="3445464" total="8388608" percent="41" micro-fragmented="204171" macro-fragmented="0">
      <mem type="soa" free="3362520" total="8305664" percent="40" />
      <mem type="loa" free="82944" total="82944" percent="100" />
    </mem>
  </mem-info>
</gc-end>
<cycle-end id="345" type="global" contextid="338" timestamp="2019-08-02T21:45:59.711" />
  <attribute name="elasticGC enabled" value="1" />
  <attribute name= "numThreadsSpecified" value="2" />
  <attribute name="heapSize specified" value="0" />
  <attribute name= "numCores" value="8" />
  <attribute name ="GC Interval" value="0" />
  <attribute name ="Control flow" value="1" />
  <attribute name="GC Util Range Max" value="107" />
  <attribute name="Current GC Util" value="6" />
  <attribute name= "Current Time Running" value="1487" />
<allocation-satisfied id="346" threadId="000000000264E700" bytesRequested="8200" />
<af-end id="347" timestamp="2019-08-02T21:45:59.711" threadId="000000000264F088" success="true" />
<exclusive-end id="348" timestamp="2019-08-02T21:45:59.711" durationms="3.522" />

<exclusive-start id="349" timestamp="2019-08-02T21:45:59.739" intervalms="31.158">
  <response-info timems="0.049" idlems="0.049" threads="0" lastid="0000000002638000" lastname="Thread-3" />
</exclusive-start>
<af-start id="350" threadId="0000000002638988" totalBytesRequested="32776" timestamp="2019-08-02T21:45:59.739" intervalms="31.209" />
<cycle-start id="351" type="global" contextid="0" timestamp="2019-08-02T21:45:59.739" intervalms="31.207" />
<gc-start id="352" type="global" contextid="351" timestamp="2019-08-02T21:45:59.739">
  <mem-info id="353" free="157624" total="8388608" percent="1">
    <mem type="tenure" free="157624" total="8388608" percent="1">
      <mem type="soa" free="74680" total="8305664" percent="0" />
      <mem type="loa" free="82944" total="82944" percent="100" />
    </mem>
  </mem-info>
</gc-start>
<allocation-stats totalBytes="3174976" >
  <allocated-bytes non-tlh="1777792" tlh="1397184" />
  <largest-consumer threadName="Thread-9" threadId="000000000264E700" bytes="823568" />
</allocation-stats>
<gc-op id="354" type="mark" timems="1.728" contextid="351" timestamp="2019-08-02T21:45:59.741">
  <trace-info objectcount="41078" scancount="33340" scanbytes="2036388" />
  <finalization candidates="25" enqueued="0" />
  <references type="soft" candidates="65" cleared="0" enqueued="0" dynamicThreshold="13" maxThreshold="32" />
  <references type="weak" candidates="275" cleared="0" enqueued="0" />
  <references type="phantom" candidates="102" cleared="0" enqueued="0" />
  <stringconstants candidates="3944" cleared="0"  />
</gc-op>
<gc-op id="355" type="sweep" timems="0.241" contextid="351" timestamp="2019-08-02T21:45:59.741" />
<gc-end id="356" type="global" contextid="351" durationms="2.853" usertimems="4.000" systemtimems="0.000" timestamp="2019-08-02T21:45:59.742" activeThreads="2">
  <mem-info id="357" free="3530048" total="8388608" percent="42">
    <mem type="tenure" free="3530048" total="8388608" percent="42" micro-fragmented="229522" macro-fragmented="0">
      <mem type="soa" free="3447104" total="8305664" percent="41" />
      <mem type="loa" free="82944" total="82944" percent="100" />
    </mem>
  </mem-info>
</gc-end>
<cycle-end id="358" type="global" contextid="351" timestamp="2019-08-02T21:45:59.742" />
  <attribute name="elasticGC enabled" value="1" />
  <attribute name= "numThreadsSpecified" value="2" />
  <attribute name="heapSize specified" value="0" />
  <attribute name= "numCores" value="8" />
  <attribute name ="GC Interval" value="0" />
  <attribute name ="Control flow" value="1" />
  <attribute name="GC Util Range Max" value="107" />
  <attribute name="Current GC Util" value="6" />
  <attribute name= "Current Time Running" value="1518" />
<allocation-satisfied id="359" threadId="0000000002638000" bytesRequested="32776" />
<af-end id="360" timestamp="2019-08-02T21:45:59.742" threadId="0000000002638988" success="true" />
<exclusive-end id="361" timestamp="2019-08-02T21:45:59.743" durationms="3.785" />

<exclusive-start id="362" timestamp="2019-08-02T21:45:59.795" intervalms="55.714">
  <response-info timems="0.111" idlems="0.111" threads="0" lastid="0000000002646F00" lastname="Thread-7" />
</exclusive-start>
<af-start id="363" threadId="0000000002647888" totalBytesRequested="40" timestamp="2019-08-02T21:45:59.795" intervalms="55.638" />
<cycle-start id="364" type="global" contextid="0" timestamp="2019-08-02T21:45:59.795" intervalms="55.628" />
<gc-start id="365" type="global" contextid="364" timestamp="2019-08-02T21:45:59.795">
  <mem-info id="366" free="82944" total="8388608" percent="0">
    <mem type="tenure" free="82944" total="8388608" percent="0">
      <mem type="soa" free="0" total="8305664" percent="0" />
      <mem type="loa" free="82944" total="82944" percent="100" />
    </mem>
  </mem-info>
</gc-start>
<allocation-stats totalBytes="3410784" >
  <allocated-bytes non-tlh="1430296" tlh="1980488" />
  <largest-consumer threadName="Thread-3" threadId="0000000002638000" bytes="774696" />
</allocation-stats>
<gc-op id="367" type="mark" timems="1.724" contextid="364" timestamp="2019-08-02T21:45:59.797">
  <trace-info objectcount="41317" scancount="33518" scanbytes="2038088" />
  <finalization candidates="25" enqueued="0" />
  <references type="soft" candidates="65" cleared="0" enqueued="0" dynamicThreshold="13" maxThreshold="32" />
  <references type="weak" candidates="275" cleared="0" enqueued="0" />
  <references type="phantom" candidates="103" cleared="0" enqueued="0" />
  <stringconstants candidates="3944" cleared="0"  />
</gc-op>
<gc-op id="368" type="sweep" timems="0.383" contextid="364" timestamp="2019-08-02T21:45:59.797" />
<gc-end id="369" type="global" contextid="364" durationms="3.049" usertimems="8.000" systemtimems="0.000" timestamp="2019-08-02T21:45:59.798" activeThreads="2">
  <mem-info id="370" free="3482904" total="8388608" percent="41">
    <mem type="tenure" free="3482904" total="8388608" percent="41" micro-fragmented="243183" macro-fragmented="0">
      <mem type="soa" free="3399960" total="8305664" percent="40" />
      <mem type="loa" free="82944" total="82944" percent="100" />
    </mem>
  </mem-info>
</gc-end>
<cycle-end id="371" type="global" contextid="364" timestamp="2019-08-02T21:45:59.798" />
  <attribute name="elasticGC enabled" value="1" />
  <attribute name= "numThreadsSpecified" value="2" />
  <attribute name="heapSize specified" value="0" />
  <attribute name= "numCores" value="8" />
  <attribute name ="GC Interval" value="0" />
  <attribute name ="Control flow" value="1" />
  <attribute name="GC Util Range Max" value="107" />
  <attribute name="Current GC Util" value="5" />
  <attribute name= "Current Time Running" value="1574" />
<allocation-satisfied id="372" threadId="0000000002646F00" bytesRequested="40" />
<af-end id="373" timestamp="2019-08-02T21:45:59.798" threadId="0000000002647888" success="true" />
<exclusive-end id="374" timestamp="2019-08-02T21:45:59.798" durationms="3.622" />

<exclusive-start id="375" timestamp="2019-08-02T21:45:59.857" intervalms="62.947">
  <response-info timems="0.086" idlems="0.086" threads="0" lastid="000000000263BC00" lastname="Thread-4" />
</exclusive-start>
<af-start id="376" threadId="000000000263C588" totalBytesRequested="104" timestamp="2019-08-02T21:45:59.858" intervalms="62.981" />
<cycle-start id="377" type="global" contextid="0" timestamp="2019-08-02T21:45:59.858" intervalms="62.995" />
<gc-start id="378" type="global" contextid="377" timestamp="2019-08-02T21:45:59.858">
  <mem-info id="379" free="82944" total="8388608" percent="0">
    <mem type="tenure" free="82944" total="8388608" percent="0">
      <mem type="soa" free="0" total="8305664" percent="0" />
      <mem type="loa" free="82944" total="82944" percent="100" />
    </mem>
  </mem-info>
</gc-start>
<allocation-stats totalBytes="3328352" >
  <allocated-bytes non-tlh="1239872" tlh="2088480" />
  <largest-consumer threadName="Thread-10" threadId="0000000002652300" bytes="942280" />
</allocation-stats>
<gc-op id="380" type="mark" timems="1.330" contextid="377" timestamp="2019-08-02T21:45:59.859">
  <trace-info objectcount="41469" scancount="33591" scanbytes="2039964" />
  <finalization candidates="25" enqueued="0" />
  <references type="soft" candidates="65" cleared="0" enqueued="0" dynamicThreshold="13" maxThreshold="32" />
  <references type="weak" candidates="275" cleared="0" enqueued="0" />
  <references type="phantom" candidates="103" cleared="0" enqueued="0" />
  <stringconstants candidates="3944" cleared="0"  />
</gc-op>
<gc-op id="381" type="sweep" timems="0.238" contextid="377" timestamp="2019-08-02T21:45:59.860" />
<gc-end id="382" type="global" contextid="377" durationms="2.436" usertimems="8.000" systemtimems="0.000" timestamp="2019-08-02T21:45:59.860" activeThreads="2">
  <mem-info id="383" free="3375520" total="8388608" percent="40">
    <mem type="tenure" free="3375520" total="8388608" percent="40" micro-fragmented="398973" macro-fragmented="0">
      <mem type="soa" free="3292576" total="8305664" percent="39" />
      <mem type="loa" free="82944" total="82944" percent="100" />
    </mem>
  </mem-info>
</gc-end>
<cycle-end id="384" type="global" contextid="377" timestamp="2019-08-02T21:45:59.860" />
  <attribute name="elasticGC enabled" value="1" />
  <attribute name= "numThreadsSpecified" value="2" />
  <attribute name="heapSize specified" value="0" />
  <attribute name= "numCores" value="8" />
  <attribute name ="GC Interval" value="0" />
  <attribute name ="Control flow" value="1" />
  <attribute name="GC Util Range Max" value="107" />
  <attribute name="Current GC Util" value="6" />
  <attribute name= "Current Time Running" value="1636" />
<allocation-satisfied id="385" threadId="000000000263BC00" bytesRequested="104" />
<af-end id="386" timestamp="2019-08-02T21:45:59.860" threadId="000000000263C588" success="true" />
<exclusive-end id="387" timestamp="2019-08-02T21:45:59.861" durationms="3.051" />

<exclusive-start id="388" timestamp="2019-08-02T21:45:59.887" intervalms="29.991">
  <response-info timems="0.072" idlems="0.072" threads="0" lastid="000000000264E700" lastname="Thread-9" />
</exclusive-start>
<af-start id="389" threadId="000000000264F088" totalBytesRequested="32776" timestamp="2019-08-02T21:45:59.888" intervalms="29.990" />
<cycle-start id="390" type="global" contextid="0" timestamp="2019-08-02T21:45:59.888" intervalms="29.996" />
<gc-start id="391" type="global" contextid="390" timestamp="2019-08-02T21:45:59.888">
  <mem-info id="392" free="108672" total="8388608" percent="1">
    <mem type="tenure" free="108672" total="8388608" percent="1">
      <mem type="soa" free="25728" total="8305664" percent="0" />
      <mem type="loa" free="82944" total="82944" percent="100" />
    </mem>
  </mem-info>
</gc-start>
<allocation-stats totalBytes="3169264" >
  <allocated-bytes non-tlh="1795824" tlh="1373440" />
  <largest-consumer threadName="Thread-7" threadId="0000000002646F00" bytes="693120" />
</allocation-stats>
<gc-op id="393" type="mark" timems="2.093" contextid="390" timestamp="2019-08-02T21:45:59.890">
  <trace-info objectcount="40055" scancount="32430" scanbytes="1898656" />
  <finalization candidates="25" enqueued="0" />
  <references type="soft" candidates="65" cleared="0" enqueued="0" dynamicThreshold="12" maxThreshold="32" />
  <references type="weak" candidates="275" cleared="0" enqueued="0" />
  <references type="phantom" candidates="102" cleared="0" enqueued="0" />
  <stringconstants candidates="3944" cleared="0"  />
</gc-op>
<gc-op id="394" type="sweep" timems="0.274" contextid="390" timestamp="2019-08-02T21:45:59.890" />
<gc-end id="395" type="global" contextid="390" durationms="3.607" usertimems="8.000" systemtimems="0.000" timestamp="2019-08-02T21:45:59.891" activeThreads="2">
  <mem-info id="396" free="3866432" total="8388608" percent="46">
    <mem type="tenure" free="3866432" total="8388608" percent="46" micro-fragmented="333488" macro-fragmented="0">
      <mem type="soa" free="3783488" total="8305664" percent="45" />
      <mem type="loa" free="82944" total="82944" percent="100" />
    </mem>
  </mem-info>
</gc-end>
<cycle-end id="397" type="global" contextid="390" timestamp="2019-08-02T21:45:59.892" />
  <attribute name="elasticGC enabled" value="1" />
  <attribute name= "numThreadsSpecified" value="2" />
  <attribute name="heapSize specified" value="0" />
  <attribute name= "numCores" value="8" />
  <attribute name ="GC Interval" value="0" />
  <attribute name ="Control flow" value="1" />
  <attribute name="GC Util Range Max" value="107" />
  <attribute name="Current GC Util" value="8" />
  <attribute name= "Current Time Running" value="1667" />
<allocation-satisfied id="398" threadId="000000000264E700" bytesRequested="32776" />
<af-end id="399" timestamp="2019-08-02T21:45:59.892" threadId="000000000264F088" success="true" />
<exclusive-end id="400" timestamp="2019-08-02T21:45:59.892" durationms="4.473" />

<exclusive-start id="401" timestamp="2019-08-02T21:45:59.947" intervalms="59.886">
  <response-info timems="0.047" idlems="0.047" threads="0" lastid="000000000264E700" lastname="Thread-9" />
</exclusive-start>
<af-start id="402" threadId="000000000264F088" totalBytesRequested="48" timestamp="2019-08-02T21:45:59.947" intervalms="59.848" />
<cycle-start id="403" type="global" contextid="0" timestamp="2019-08-02T21:45:59.948" intervalms="59.836" />
<gc-start id="404" type="global" contextid="403" timestamp="2019-08-02T21:45:59.948">
  <mem-info id="405" free="82944" total="8388608" percent="0">
    <mem type="tenure" free="82944" total="8388608" percent="0">
      <mem type="soa" free="0" total="8305664" percent="0" />
      <mem type="loa" free="82944" total="82944" percent="100" />
    </mem>
  </mem-info>
</gc-start>
<allocation-stats totalBytes="3730024" >
  <allocated-bytes non-tlh="1472432" tlh="2257592" />
  <largest-consumer threadName="Thread-3" threadId="0000000002638000" bytes="760184" />
</allocation-stats>
<gc-op id="406" type="mark" timems="1.609" contextid="403" timestamp="2019-08-02T21:45:59.949">
  <trace-info objectcount="41139" scancount="33352" scanbytes="2030660" />
  <finalization candidates="25" enqueued="0" />
  <references type="soft" candidates="65" cleared="0" enqueued="0" dynamicThreshold="14" maxThreshold="32" />
  <references type="weak" candidates="275" cleared="0" enqueued="0" />
  <references type="phantom" candidates="104" cleared="0" enqueued="0" />
  <stringconstants candidates="3944" cleared="0"  />
</gc-op>
<gc-op id="407" type="sweep" timems="0.313" contextid="403" timestamp="2019-08-02T21:45:59.950" />
<gc-end id="408" type="global" contextid="403" durationms="2.711" usertimems="4.000" systemtimems="0.000" timestamp="2019-08-02T21:45:59.950" activeThreads="2">
  <mem-info id="409" free="3548608" total="8388608" percent="42">
    <mem type="tenure" free="3548608" total="8388608" percent="42" micro-fragmented="352917" macro-fragmented="0">
      <mem type="soa" free="3465664" total="8305664" percent="41" />
      <mem type="loa" free="82944" total="82944" percent="100" />
    </mem>
  </mem-info>
</gc-end>
<cycle-end id="410" type="global" contextid="403" timestamp="2019-08-02T21:45:59.950" />
  <attribute name="elasticGC enabled" value="1" />
  <attribute name= "numThreadsSpecified" value="2" />
  <attribute name="heapSize specified" value="0" />
  <attribute name= "numCores" value="8" />
  <attribute name ="GC Interval" value="0" />
  <attribute name ="Control flow" value="1" />
  <attribute name="GC Util Range Max" value="107" />
  <attribute name="Current GC Util" value="7" />
  <attribute name= "Current Time Running" value="1726" />
<allocation-satisfied id="411" threadId="000000000264E700" bytesRequested="48" />
<af-end id="412" timestamp="2019-08-02T21:45:59.951" threadId="000000000264F088" success="true" />
<exclusive-end id="413" timestamp="2019-08-02T21:45:59.951" durationms="3.522" />

<exclusive-start id="414" timestamp="2019-08-02T21:45:59.988" intervalms="40.267">
  <response-info timems="0.057" idlems="0.057" threads="0" lastid="000000000264AB00" lastname="Thread-8" />
</exclusive-start>
<af-start id="415" threadId="000000000264B488" totalBytesRequested="32776" timestamp="2019-08-02T21:45:59.988" intervalms="40.281" />
<cycle-start id="416" type="global" contextid="0" timestamp="2019-08-02T21:45:59.988" intervalms="40.276" />
<gc-start id="417" type="global" contextid="416" timestamp="2019-08-02T21:45:59.988">
  <mem-info id="418" free="285312" total="8388608" percent="3">
    <mem type="tenure" free="285312" total="8388608" percent="3">
      <mem type="soa" free="202368" total="8305664" percent="2" />
      <mem type="loa" free="82944" total="82944" percent="100" />
    </mem>
  </mem-info>
</gc-start>
<allocation-stats totalBytes="3142888" >
  <allocated-bytes non-tlh="1519512" tlh="1623376" />
  <largest-consumer threadName="Thread-8" threadId="000000000264AB00" bytes="833808" />
</allocation-stats>
<gc-op id="419" type="mark" timems="1.572" contextid="416" timestamp="2019-08-02T21:45:59.990">
  <trace-info objectcount="40709" scancount="32944" scanbytes="2020220" />
  <finalization candidates="25" enqueued="0" />
  <references type="soft" candidates="65" cleared="0" enqueued="0" dynamicThreshold="13" maxThreshold="32" />
  <references type="weak" candidates="275" cleared="0" enqueued="0" />
  <references type="phantom" candidates="103" cleared="0" enqueued="0" />
  <stringconstants candidates="3944" cleared="0"  />
</gc-op>
<gc-op id="420" type="sweep" timems="0.242" contextid="416" timestamp="2019-08-02T21:45:59.990" />
<gc-end id="421" type="global" contextid="416" durationms="2.669" usertimems="4.000" systemtimems="0.000" timestamp="2019-08-02T21:45:59.991" activeThreads="2">
  <mem-info id="422" free="3619336" total="8388608" percent="43">
    <mem type="tenure" free="3619336" total="8388608" percent="43" micro-fragmented="331168" macro-fragmented="0">
      <mem type="soa" free="3536392" total="8305664" percent="42" />
      <mem type="loa" free="82944" total="82944" percent="100" />
    </mem>
  </mem-info>
</gc-end>
<cycle-end id="423" type="global" contextid="416" timestamp="2019-08-02T21:45:59.991" />
  <attribute name="elasticGC enabled" value="1" />
  <attribute name= "numThreadsSpecified" value="2" />
  <attribute name="heapSize specified" value="0" />
  <attribute name= "numCores" value="8" />
  <attribute name ="GC Interval" value="0" />
  <attribute name ="Control flow" value="1" />
  <attribute name="GC Util Range Max" value="107" />
  <attribute name="Current GC Util" value="7" />
  <attribute name= "Current Time Running" value="1767" />
<allocation-satisfied id="424" threadId="000000000264AB00" bytesRequested="32776" />
<af-end id="425" timestamp="2019-08-02T21:45:59.991" threadId="000000000264B488" success="true" />
<exclusive-end id="426" timestamp="2019-08-02T21:45:59.991" durationms="3.180" />

</verbosegc>

