<?xml version="1.0" ?>

<verbosegc xmlns="http://www.ibm.com/j9/verbosegc" version="08cc62e_CMPRSS">

<initialized id="1" timestamp="2019-08-02T21:45:21.070">
  <attribute name="gcPolicy" value="-Xgcpolicy:optthruput" />
  <attribute name="elasticGC enabled" value="1" />
  <attribute name= "numThreadsSpecified" value="0" />
  <attribute name="heapSize specified" value="0" />
  <attribute name= "numCores" value="0" />
  <attribute name ="GC Interval" value="0" />
  <attribute name="GC Util Range Max" value="0" />
  <attribute name="Current GC Util" value="0" />
  <attribute name= "Current Time Running" value="0" />
  <attribute name="maxHeapSize" value="0x7cba0000" />
  <attribute name="initialHeapSize" value="0x800000" />
  <attribute name="compressedRefs" value="true" />
  <attribute name="compressedRefsDisplacement" value="0x0" />
  <attribute name="compressedRefsShift" value="0x0" />
  <attribute name="pageSize" value="0x1000" />
  <attribute name="pageType" value="not used" />
  <attribute name="requestedPageSize" value="0x1000" />
  <attribute name="requestedPageType" value="not used" />
  <attribute name="gcthreads" value="8" />
  <attribute name="packetListSplit" value="8" />
  <attribute name="cacheListSplit" value="8" />
  <attribute name="splitFreeListSplitAmount" value="1" />
  <attribute name="numaNodes" value="0" />
  <system>
    <attribute name="physicalMemory" value="8370401280" />
    <attribute name="numCPUs" value="8" />
    <attribute name="architecture" value="amd64" />
    <attribute name="os" value="Linux" />
    <attribute name="osVersion" value="4.4.0-154-generic" />
  </system>
  <vmargs>
    <vmarg name="-Xoptionsfile=/vagrant/jdk/lib/options.default" />
    <vmarg name="-Xlockword:mode=default,noLockword=java/lang/String,noLockword=java/util/MapEntry,noLockword=java/util/HashMap$Entry,noLockword..." />
    <vmarg name="-Xjcl:jclse29" />
    <vmarg name="-Dcom.ibm.oti.vm.bootstrap.library.path=/vagrant/jdk/lib/compressedrefs:/vagrant/jdk/lib" />
    <vmarg name="-Dsun.boot.library.path=/vagrant/jdk/lib/compressedrefs:/vagrant/jdk/lib" />
    <vmarg name="-Djava.library.path=/vagrant/jdk/lib/compressedrefs:/vagrant/jdk/lib:/usr/lib64:/usr/lib" />
    <vmarg name="-Djava.home=/vagrant/jdk" />
    <vmarg name="-Duser.dir=/vagrant" />
    <vmarg name="-Xgcpolicy:optthruput" />
    <vmarg name="-Xgcelastic" />
    <vmarg name="-Xcheck:gc:::elasticGC" />
    <vmarg name="-verbose:gc" />
    <vmarg name="-Xloggc:jdkD-small-OTT-8core-verbose1xalan.txt" />
    <vmarg name="-Djava.class.path=dacapo-9.12-MR1-bach.jar" />
    <vmarg name="-Dsun.java.command=dacapo-9.12-MR1-bach.jar xalan --size=small" />
    <vmarg name="-Dsun.java.launcher=SUN_STANDARD" />
    <vmarg name="-Dsun.java.launcher.pid=32146" />
  </vmargs>
</initialized>

<exclusive-start id="2" timestamp="2019-08-02T21:45:21.571" intervalms="501.636">
  <response-info timems="0.021" idlems="0.021" threads="0" lastid="0000000000988A00" lastname="main" />
</exclusive-start>
<af-start id="3" threadId="0000000000989388" totalBytesRequested="88" timestamp="2019-08-02T21:45:21.572" intervalms="501.883" />
<cycle-start id="4" type="global" contextid="0" timestamp="2019-08-02T21:45:21.572" intervalms="502.053" />
<gc-start id="5" type="global" contextid="4" timestamp="2019-08-02T21:45:21.572">
  <mem-info id="6" free="418816" total="8388608" percent="4">
    <mem type="tenure" free="418816" total="8388608" percent="4">
      <mem type="soa" free="0" total="7969792" percent="0" />
      <mem type="loa" free="418816" total="418816" percent="100" />
    </mem>
  </mem-info>
</gc-start>
<allocation-stats totalBytes="7882704" >
  <allocated-bytes non-tlh="758040" tlh="7124664" />
  <largest-consumer threadName="main" threadId="0000000000988A00" bytes="7793848" />
</allocation-stats>
<gc-op id="7" type="mark" timems="2.866" contextid="4" timestamp="2019-08-02T21:45:21.575">
  <trace-info objectcount="21496" scancount="17516" scanbytes="561424" />
  <finalization candidates="15" enqueued="1" />
  <references type="soft" candidates="74" cleared="0" enqueued="0" dynamicThreshold="32" maxThreshold="32" />
  <references type="weak" candidates="575" cleared="432" enqueued="393" />
  <references type="phantom" candidates="127" cleared="44" enqueued="44" />
  <stringconstants candidates="2930" cleared="0"  />
</gc-op>
<gc-op id="8" type="classunload" timems="0.034" contextid="4" timestamp="2019-08-02T21:45:21.575">
  <classunload-info classloadercandidates="6" classloadersunloaded="0" classesunloaded="0" anonymousclassesunloaded="0" quiescems="0.000" setupms="0.033" scanms="0.000" postms="0.001" />
</gc-op>
<gc-op id="9" type="sweep" timems="0.453" contextid="4" timestamp="2019-08-02T21:45:21.576" />
<gc-end id="10" type="global" contextid="4" durationms="4.481" usertimems="4.000" systemtimems="0.000" timestamp="2019-08-02T21:45:21.576" activeThreads="8">
  <mem-info id="11" free="6516008" total="8388608" percent="77">
    <mem type="tenure" free="6516008" total="8388608" percent="77" micro-fragmented="285864" macro-fragmented="0">
      <mem type="soa" free="6097192" total="7969792" percent="76" />
      <mem type="loa" free="418816" total="418816" percent="100" />
    </mem>
    <pending-finalizers system="1" default="0" reference="437" classloader="0" />
  </mem-info>
</gc-end>
<cycle-end id="12" type="global" contextid="4" timestamp="2019-08-02T21:45:21.576" />
  <attribute name="elasticGC enabled" value="1" />
  <attribute name= "numThreadsSpecified" value="0" />
  <attribute name="heapSize specified" value="0" />
  <attribute name= "numCores" value="8" />
  <attribute name ="GC Interval" value="0" />
  <attribute name ="Control flow" value="1" />
  <attribute name="GC Util Range Max" value="104" />
  <attribute name="Current GC Util" value="33" />
  <attribute name= "Current Time Running" value="3" />
<allocation-satisfied id="13" threadId="0000000000988A00" bytesRequested="88" />
<af-end id="14" timestamp="2019-08-02T21:45:21.577" threadId="0000000000989388" success="true" />
<exclusive-end id="15" timestamp="2019-08-02T21:45:21.577" durationms="5.316" />

<exclusive-start id="16" timestamp="2019-08-02T21:45:21.759" intervalms="187.935">
  <response-info timems="0.030" idlems="0.030" threads="0" lastid="0000000000988A00" lastname="main" />
</exclusive-start>
<af-start id="17" threadId="0000000000989388" totalBytesRequested="88" timestamp="2019-08-02T21:45:21.759" intervalms="187.809" />
<cycle-start id="18" type="global" contextid="0" timestamp="2019-08-02T21:45:21.759" intervalms="187.743" />
<gc-start id="19" type="global" contextid="18" timestamp="2019-08-02T21:45:21.760">
  <mem-info id="20" free="418816" total="8388608" percent="4">
    <mem type="tenure" free="418816" total="8388608" percent="4">
      <mem type="soa" free="0" total="7969792" percent="0" />
      <mem type="loa" free="418816" total="418816" percent="100" />
    </mem>
  </mem-info>
</gc-start>
<allocation-stats totalBytes="5998080" >
  <allocated-bytes non-tlh="1459368" tlh="4538712" />
  <largest-consumer threadName="main" threadId="0000000000988A00" bytes="5988576" />
</allocation-stats>
<gc-op id="21" type="mark" timems="1.898" contextid="18" timestamp="2019-08-02T21:45:21.762">
  <trace-info objectcount="29494" scancount="23868" scanbytes="870724" />
  <finalization candidates="15" enqueued="0" />
  <references type="soft" candidates="133" cleared="0" enqueued="0" dynamicThreshold="24" maxThreshold="32" />
  <references type="weak" candidates="175" cleared="30" enqueued="30" />
  <references type="phantom" candidates="85" cleared="2" enqueued="2" />
  <stringconstants candidates="3529" cleared="22"  />
</gc-op>
<gc-op id="22" type="sweep" timems="0.244" contextid="18" timestamp="2019-08-02T21:45:21.762" />
<gc-end id="23" type="global" contextid="18" durationms="3.084" usertimems="4.000" systemtimems="4.000" timestamp="2019-08-02T21:45:21.763" activeThreads="2">
  <mem-info id="24" free="5718384" total="8388608" percent="68">
    <mem type="tenure" free="5718384" total="8388608" percent="68" micro-fragmented="500882" macro-fragmented="0">
      <mem type="soa" free="5299568" total="7969792" percent="66" />
      <mem type="loa" free="418816" total="418816" percent="100" />
    </mem>
    <pending-finalizers system="0" default="0" reference="32" classloader="0" />
  </mem-info>
</gc-end>
<cycle-end id="25" type="global" contextid="18" timestamp="2019-08-02T21:45:21.763" />
  <attribute name="elasticGC enabled" value="1" />
  <attribute name= "numThreadsSpecified" value="2" />
  <attribute name="heapSize specified" value="0" />
  <attribute name= "numCores" value="8" />
  <attribute name ="GC Interval" value="0" />
  <attribute name ="Control flow" value="1" />
  <attribute name="GC Util Range Max" value="104" />
  <attribute name="Current GC Util" value="9" />
  <attribute name= "Current Time Running" value="189" />
<allocation-satisfied id="26" threadId="0000000000988A00" bytesRequested="88" />
<af-end id="27" timestamp="2019-08-02T21:45:21.763" threadId="0000000000989388" success="true" />
<exclusive-end id="28" timestamp="2019-08-02T21:45:21.763" durationms="3.715" />

<exclusive-start id="29" timestamp="2019-08-02T21:45:21.765" intervalms="5.659">
  <response-info timems="0.102" idlems="0.102" threads="0" lastid="0000000000988A00" lastname="main" />
</exclusive-start>
<sys-start reason="explicit" id="30" timestamp="2019-08-02T21:45:21.765" intervalms="695.334" />
<cycle-start id="31" type="global" contextid="0" timestamp="2019-08-02T21:45:21.765" intervalms="5.639" />
<gc-start id="32" type="global" contextid="31" timestamp="2019-08-02T21:45:21.765">
  <mem-info id="33" free="5664520" total="8388608" percent="67">
    <mem type="tenure" free="5664520" total="8388608" percent="67">
      <mem type="soa" free="5245704" total="7969792" percent="65" />
      <mem type="loa" free="418816" total="418816" percent="100" />
    </mem>
  </mem-info>
</gc-start>
<allocation-stats totalBytes="49584" >
  <allocated-bytes non-tlh="9376" tlh="40208" />
  <largest-consumer threadName="main" threadId="0000000000988A00" bytes="30840" />
</allocation-stats>
<gc-op id="34" type="mark" timems="1.938" contextid="31" timestamp="2019-08-02T21:45:21.767">
  <trace-info objectcount="29508" scancount="23888" scanbytes="872136" />
  <finalization candidates="15" enqueued="0" />
  <references type="soft" candidates="133" cleared="0" enqueued="0" dynamicThreshold="21" maxThreshold="32" />
  <references type="weak" candidates="153" cleared="4" enqueued="4" />
  <references type="phantom" candidates="85" cleared="0" enqueued="0" />
  <stringconstants candidates="3514" cleared="0"  />
</gc-op>
<gc-op id="35" type="classunload" timems="0.002" contextid="31" timestamp="2019-08-02T21:45:21.767">
  <classunload-info classloadercandidates="19" classloadersunloaded="0" classesunloaded="0" anonymousclassesunloaded="0" quiescems="0.000" setupms="0.001" scanms="0.000" postms="0.001" />
</gc-op>
<gc-op id="36" type="sweep" timems="0.240" contextid="31" timestamp="2019-08-02T21:45:21.768" />
<mem-info id="37" free="5717888" total="8388608" percent="68">
  <mem type="tenure" free="5717888" total="8388608" percent="68" micro-fragmented="429025" macro-fragmented="0">
    <mem type="soa" free="5299072" total="7969792" percent="66" />
    <mem type="loa" free="418816" total="418816" percent="100" />
  </mem>
  <pending-finalizers system="0" default="0" reference="4" classloader="0" />
</mem-info>
<gc-op id="38" type="compact" timems="5.746" contextid="31" timestamp="2019-08-02T21:45:21.774">
  <compact-info movecount="29507" movebytes="1957784" reason="compact on aggressive collection" />
</gc-op>
<gc-end id="39" type="global" contextid="31" durationms="8.587" usertimems="12.000" systemtimems="0.000" timestamp="2019-08-02T21:45:21.774" activeThreads="2">
  <mem-info id="40" free="6430736" total="8388608" percent="76">
    <mem type="tenure" free="6430736" total="8388608" percent="76">
      <mem type="soa" free="6011920" total="7969792" percent="75" />
      <mem type="loa" free="418816" total="418816" percent="100" />
    </mem>
    <pending-finalizers system="0" default="0" reference="4" classloader="0" />
  </mem-info>
</gc-end>
<cycle-end id="41" type="global" contextid="31" timestamp="2019-08-02T21:45:21.774" />
  <attribute name="elasticGC enabled" value="1" />
  <attribute name= "numThreadsSpecified" value="2" />
  <attribute name="heapSize specified" value="0" />
  <attribute name= "numCores" value="8" />
  <attribute name ="GC Interval" value="0" />
  <attribute name ="Control flow" value="1" />
  <attribute name="GC Util Range Max" value="104" />
  <attribute name="Current GC Util" value="29" />
  <attribute name= "Current Time Running" value="201" />
<sys-end id="42" timestamp="2019-08-02T21:45:21.774" />
<exclusive-end id="43" timestamp="2019-08-02T21:45:21.774" durationms="9.110" />

<exclusive-start id="44" timestamp="2019-08-02T21:45:21.897" intervalms="132.316">
  <response-info timems="0.664" idlems="0.434" threads="2" lastid="0000000000990200" lastname="JIT Compilation Thread-1" />
</exclusive-start>
<af-start id="45" threadId="0000000000CD8488" totalBytesRequested="72" timestamp="2019-08-02T21:45:21.897" intervalms="138.049" />
<cycle-start id="46" type="global" contextid="0" timestamp="2019-08-02T21:45:21.898" intervalms="132.438" />
<gc-start id="47" type="global" contextid="46" timestamp="2019-08-02T21:45:21.898">
  <mem-info id="48" free="418816" total="8388608" percent="4">
    <mem type="tenure" free="418816" total="8388608" percent="4">
      <mem type="soa" free="0" total="7969792" percent="0" />
      <mem type="loa" free="418816" total="418816" percent="100" />
    </mem>
  </mem-info>
</gc-start>
<allocation-stats totalBytes="5961000" >
  <allocated-bytes non-tlh="639864" tlh="5321136" />
  <largest-consumer threadName="Thread-4" threadId="0000000000CC8C00" bytes="921816" />
</allocation-stats>
<gc-op id="49" type="mark" timems="1.831" contextid="46" timestamp="2019-08-02T21:45:21.900">
  <trace-info objectcount="41681" scancount="33515" scanbytes="1973980" />
  <finalization candidates="27" enqueued="2" />
  <references type="soft" candidates="164" cleared="0" enqueued="0" dynamicThreshold="24" maxThreshold="32" />
  <references type="weak" candidates="275" cleared="22" enqueued="22" />
  <references type="phantom" candidates="112" cleared="2" enqueued="2" />
  <stringconstants candidates="3850" cleared="0"  />
</gc-op>
<gc-op id="50" type="classunload" timems="0.225" contextid="46" timestamp="2019-08-02T21:45:21.900">
  <classunload-info classloadercandidates="19" classloadersunloaded="0" classesunloaded="4" anonymousclassesunloaded="4" quiescems="0.000" setupms="0.221" scanms="0.004" postms="0.000" />
</gc-op>
<gc-op id="51" type="sweep" timems="0.294" contextid="46" timestamp="2019-08-02T21:45:21.900" />
<gc-end id="52" type="global" contextid="46" durationms="3.470" usertimems="0.000" systemtimems="4.000" timestamp="2019-08-02T21:45:21.901" activeThreads="2">
  <mem-info id="53" free="4326376" total="8388608" percent="51">
    <mem type="tenure" free="4326376" total="8388608" percent="51" micro-fragmented="224887" macro-fragmented="0">
      <mem type="soa" free="3907560" total="7969792" percent="49" />
      <mem type="loa" free="418816" total="418816" percent="100" />
    </mem>
    <pending-finalizers system="2" default="0" reference="24" classloader="0" />
  </mem-info>
</gc-end>
<cycle-end id="54" type="global" contextid="46" timestamp="2019-08-02T21:45:21.901" />
  <attribute name="elasticGC enabled" value="1" />
  <attribute name= "numThreadsSpecified" value="2" />
  <attribute name="heapSize specified" value="0" />
  <attribute name= "numCores" value="8" />
  <attribute name ="GC Interval" value="0" />
  <attribute name ="Control flow" value="1" />
  <attribute name="GC Util Range Max" value="104" />
  <attribute name="Current GC Util" value="9" />
  <attribute name= "Current Time Running" value="328" />
<allocation-satisfied id="55" threadId="0000000000CD7B00" bytesRequested="72" />
<af-end id="56" timestamp="2019-08-02T21:45:21.901" threadId="0000000000CD8488" success="true" />
<exclusive-end id="57" timestamp="2019-08-02T21:45:21.902" durationms="4.341" />

<exclusive-start id="58" timestamp="2019-08-02T21:45:22.010" intervalms="113.074">
  <response-info timems="0.217" idlems="0.217" threads="0" lastid="0000000000CD3F00" lastname="Thread-7" />
</exclusive-start>
<af-start id="59" threadId="0000000000CD4888" totalBytesRequested="16392" timestamp="2019-08-02T21:45:22.010" intervalms="112.972" />
<cycle-start id="60" type="global" contextid="0" timestamp="2019-08-02T21:45:22.010" intervalms="112.920" />
<gc-start id="61" type="global" contextid="60" timestamp="2019-08-02T21:45:22.011">
  <mem-info id="62" free="500760" total="8388608" percent="5">
    <mem type="tenure" free="500760" total="8388608" percent="5">
      <mem type="soa" free="81944" total="7969792" percent="1" />
      <mem type="loa" free="418816" total="418816" percent="100" />
    </mem>
  </mem-info>
</gc-start>
<allocation-stats totalBytes="3739880" >
  <allocated-bytes non-tlh="919016" tlh="2820864" />
  <largest-consumer threadName="Thread-4" threadId="0000000000CC8C00" bytes="932504" />
</allocation-stats>
<gc-op id="63" type="mark" timems="1.796" contextid="60" timestamp="2019-08-02T21:45:22.012">
  <trace-info objectcount="45115" scancount="36256" scanbytes="2023056" />
  <finalization candidates="25" enqueued="0" />
  <references type="soft" candidates="168" cleared="0" enqueued="0" dynamicThreshold="16" maxThreshold="32" />
  <references type="weak" candidates="293" cleared="13" enqueued="10" />
  <references type="phantom" candidates="103" cleared="0" enqueued="0" />
  <stringconstants candidates="3960" cleared="0"  />
</gc-op>
<gc-op id="64" type="sweep" timems="0.228" contextid="60" timestamp="2019-08-02T21:45:22.013" />
<gc-end id="65" type="global" contextid="60" durationms="2.953" usertimems="4.000" systemtimems="0.000" timestamp="2019-08-02T21:45:22.013" activeThreads="3">
  <mem-info id="66" free="3856944" total="8388608" percent="45">
    <mem type="tenure" free="3856944" total="8388608" percent="45" micro-fragmented="338205" macro-fragmented="0">
      <mem type="soa" free="3438128" total="7969792" percent="43" />
      <mem type="loa" free="418816" total="418816" percent="100" />
    </mem>
    <pending-finalizers system="0" default="0" reference="10" classloader="0" />
  </mem-info>
</gc-end>
<cycle-end id="67" type="global" contextid="60" timestamp="2019-08-02T21:45:22.014" />
  <attribute name="elasticGC enabled" value="1" />
  <attribute name= "numThreadsSpecified" value="3" />
  <attribute name="heapSize specified" value="0" />
  <attribute name= "numCores" value="8" />
  <attribute name ="GC Interval" value="0" />
  <attribute name ="Control flow" value="1" />
  <attribute name="GC Util Range Max" value="104" />
  <attribute name="Current GC Util" value="10" />
  <attribute name= "Current Time Running" value="440" />
<allocation-satisfied id="68" threadId="0000000000CD3F00" bytesRequested="16392" />
<af-end id="69" timestamp="2019-08-02T21:45:22.014" threadId="0000000000CD4888" success="true" />
<exclusive-end id="70" timestamp="2019-08-02T21:45:22.014" durationms="3.704" />

<exclusive-start id="71" timestamp="2019-08-02T21:45:22.066" intervalms="55.257">
  <response-info timems="0.172" idlems="0.138" threads="1" lastid="0000000000CD0300" lastname="Thread-6" />
</exclusive-start>
<af-start id="72" threadId="0000000000CC5988" totalBytesRequested="48" timestamp="2019-08-02T21:45:22.066" intervalms="55.317" />
<cycle-start id="73" type="global" contextid="0" timestamp="2019-08-02T21:45:22.066" intervalms="55.309" />
<gc-start id="74" type="global" contextid="73" timestamp="2019-08-02T21:45:22.066">
  <mem-info id="75" free="418816" total="8388608" percent="4">
    <mem type="tenure" free="418816" total="8388608" percent="4">
      <mem type="soa" free="0" total="7969792" percent="0" />
      <mem type="loa" free="418816" total="418816" percent="100" />
    </mem>
  </mem-info>
</gc-start>
<allocation-stats totalBytes="3351320" >
  <allocated-bytes non-tlh="1667648" tlh="1683672" />
  <largest-consumer threadName="Thread-9" threadId="0000000000CDB700" bytes="811000" />
</allocation-stats>
<gc-op id="76" type="mark" timems="4.819" contextid="73" timestamp="2019-08-02T21:45:22.071">
  <trace-info objectcount="43941" scancount="35561" scanbytes="2088900" />
  <finalization candidates="25" enqueued="0" />
  <references type="soft" candidates="168" cleared="0" enqueued="0" dynamicThreshold="14" maxThreshold="32" />
  <references type="weak" candidates="280" cleared="0" enqueued="0" />
  <references type="phantom" candidates="103" cleared="0" enqueued="0" />
  <stringconstants candidates="3962" cleared="0"  />
</gc-op>
<gc-op id="77" type="sweep" timems="0.731" contextid="73" timestamp="2019-08-02T21:45:22.072" />
<gc-end id="78" type="global" contextid="73" durationms="6.635" usertimems="8.000" systemtimems="0.000" timestamp="2019-08-02T21:45:22.072" activeThreads="2">
  <mem-info id="79" free="3563680" total="8388608" percent="42">
    <mem type="tenure" free="3563680" total="8388608" percent="42" micro-fragmented="273539" macro-fragmented="0">
      <mem type="soa" free="3144864" total="7969792" percent="39" />
      <mem type="loa" free="418816" total="418816" percent="100" />
    </mem>
  </mem-info>
</gc-end>
<cycle-end id="80" type="global" contextid="73" timestamp="2019-08-02T21:45:22.073" />
  <attribute name="elasticGC enabled" value="1" />
  <attribute name= "numThreadsSpecified" value="2" />
  <attribute name="heapSize specified" value="0" />
  <attribute name= "numCores" value="8" />
  <attribute name ="GC Interval" value="0" />
  <attribute name ="Control flow" value="1" />
  <attribute name="GC Util Range Max" value="104" />
  <attribute name="Current GC Util" value="115" />
  <attribute name= "Current Time Running" value="499" />
<allocation-satisfied id="81" threadId="0000000000CC5000" bytesRequested="48" />
<af-end id="82" timestamp="2019-08-02T21:45:22.073" threadId="0000000000CC5988" success="true" />
<exclusive-end id="83" timestamp="2019-08-02T21:45:22.073" durationms="7.404" />

<exclusive-start id="84" timestamp="2019-08-02T21:45:22.139" intervalms="73.113">
  <response-info timems="0.077" idlems="0.077" threads="0" lastid="0000000000CD3F00" lastname="Thread-7" />
</exclusive-start>
<af-start id="85" threadId="0000000000CD4888" totalBytesRequested="32776" timestamp="2019-08-02T21:45:22.139" intervalms="73.065" />
<cycle-start id="86" type="global" contextid="0" timestamp="2019-08-02T21:45:22.139" intervalms="73.077" />
<gc-start id="87" type="global" contextid="86" timestamp="2019-08-02T21:45:22.139">
  <mem-info id="88" free="608592" total="8388608" percent="7">
    <mem type="tenure" free="608592" total="8388608" percent="7">
      <mem type="soa" free="189776" total="7969792" percent="2" />
      <mem type="loa" free="418816" total="418816" percent="100" />
    </mem>
  </mem-info>
</gc-start>
<allocation-stats totalBytes="2872448" >
  <allocated-bytes non-tlh="1120032" tlh="1752416" />
  <largest-consumer threadName="Thread-7" threadId="0000000000CD3F00" bytes="652632" />
</allocation-stats>
<gc-op id="89" type="mark" timems="3.148" contextid="86" timestamp="2019-08-02T21:45:22.142">
  <trace-info objectcount="43879" scancount="35469" scanbytes="2047876" />
  <finalization candidates="25" enqueued="0" />
  <references type="soft" candidates="168" cleared="0" enqueued="0" dynamicThreshold="13" maxThreshold="32" />
  <references type="weak" candidates="280" cleared="0" enqueued="0" />
  <references type="phantom" candidates="102" cleared="0" enqueued="0" />
  <stringconstants candidates="3963" cleared="0"  />
</gc-op>
<gc-op id="90" type="sweep" timems="0.429" contextid="86" timestamp="2019-08-02T21:45:22.143" />
<gc-end id="91" type="global" contextid="86" durationms="4.592" usertimems="12.000" systemtimems="0.000" timestamp="2019-08-02T21:45:22.143" activeThreads="2">
  <mem-info id="92" free="3509952" total="8388608" percent="41">
    <mem type="tenure" free="3509952" total="8388608" percent="41" micro-fragmented="320135" macro-fragmented="0">
      <mem type="soa" free="3091136" total="7969792" percent="38" />
      <mem type="loa" free="418816" total="418816" percent="100" />
    </mem>
  </mem-info>
</gc-end>
<cycle-end id="93" type="global" contextid="86" timestamp="2019-08-02T21:45:22.144" />
  <attribute name="elasticGC enabled" value="1" />
  <attribute name= "numThreadsSpecified" value="2" />
  <attribute name="heapSize specified" value="0" />
  <attribute name= "numCores" value="8" />
  <attribute name ="GC Interval" value="0" />
  <attribute name ="Control flow" value="1" />
  <attribute name="GC Util Range Max" value="104" />
  <attribute name="Current GC Util" value="6" />
  <attribute name= "Current Time Running" value="570" />
<allocation-satisfied id="94" threadId="0000000000CD3F00" bytesRequested="32776" />
<af-end id="95" timestamp="2019-08-02T21:45:22.144" threadId="0000000000CD4888" success="true" />
<exclusive-end id="96" timestamp="2019-08-02T21:45:22.144" durationms="5.411" />

<exclusive-start id="97" timestamp="2019-08-02T21:45:22.196" intervalms="57.830">
  <response-info timems="0.112" idlems="0.112" threads="0" lastid="0000000000CC5000" lastname="Thread-3" />
</exclusive-start>
<af-start id="98" threadId="0000000000CC5988" totalBytesRequested="32776" timestamp="2019-08-02T21:45:22.197" intervalms="57.803" />
<cycle-start id="99" type="global" contextid="0" timestamp="2019-08-02T21:45:22.197" intervalms="57.776" />
<gc-start id="100" type="global" contextid="99" timestamp="2019-08-02T21:45:22.197">
  <mem-info id="101" free="617648" total="8388608" percent="7">
    <mem type="tenure" free="617648" total="8388608" percent="7">
      <mem type="soa" free="198832" total="7969792" percent="2" />
      <mem type="loa" free="418816" total="418816" percent="100" />
    </mem>
  </mem-info>
</gc-start>
<allocation-stats totalBytes="2851632" >
  <allocated-bytes non-tlh="1079016" tlh="1772616" />
  <largest-consumer threadName="Thread-3" threadId="0000000000CC5000" bytes="832872" />
</allocation-stats>
<gc-op id="102" type="mark" timems="1.313" contextid="99" timestamp="2019-08-02T21:45:22.198">
  <trace-info objectcount="44499" scancount="35941" scanbytes="2103508" />
  <finalization candidates="25" enqueued="0" />
  <references type="soft" candidates="168" cleared="0" enqueued="0" dynamicThreshold="13" maxThreshold="32" />
  <references type="weak" candidates="280" cleared="0" enqueued="0" />
  <references type="phantom" candidates="102" cleared="0" enqueued="0" />
  <stringconstants candidates="3963" cleared="0"  />
</gc-op>
<gc-op id="103" type="sweep" timems="0.235" contextid="99" timestamp="2019-08-02T21:45:22.198" />
<gc-end id="104" type="global" contextid="99" durationms="2.339" usertimems="4.000" systemtimems="0.000" timestamp="2019-08-02T21:45:22.199" activeThreads="2">
  <mem-info id="105" free="3385888" total="8388608" percent="40">
    <mem type="tenure" free="3385888" total="8388608" percent="40" micro-fragmented="278438" macro-fragmented="0">
      <mem type="soa" free="2967072" total="7969792" percent="37" />
      <mem type="loa" free="418816" total="418816" percent="100" />
    </mem>
  </mem-info>
</gc-end>
<cycle-end id="106" type="global" contextid="99" timestamp="2019-08-02T21:45:22.199" />
  <attribute name="elasticGC enabled" value="1" />
  <attribute name= "numThreadsSpecified" value="2" />
  <attribute name="heapSize specified" value="0" />
  <attribute name= "numCores" value="8" />
  <attribute name ="GC Interval" value="0" />
  <attribute name ="Control flow" value="1" />
  <attribute name="GC Util Range Max" value="104" />
  <attribute name="Current GC Util" value="8" />
  <attribute name= "Current Time Running" value="626" />
<allocation-satisfied id="107" threadId="0000000000CC5000" bytesRequested="32776" />
<af-end id="108" timestamp="2019-08-02T21:45:22.199" threadId="0000000000CC5988" success="true" />
<exclusive-end id="109" timestamp="2019-08-02T21:45:22.199" durationms="2.873" />

<exclusive-start id="110" timestamp="2019-08-02T21:45:22.220" intervalms="23.996">
  <response-info timems="0.053" idlems="0.053" threads="0" lastid="0000000000CC8C00" lastname="Thread-4" />
</exclusive-start>
<af-start id="111" threadId="0000000000CC9588" totalBytesRequested="32776" timestamp="2019-08-02T21:45:22.221" intervalms="24.043" />
<cycle-start id="112" type="global" contextid="0" timestamp="2019-08-02T21:45:22.221" intervalms="24.061" />
<gc-start id="113" type="global" contextid="112" timestamp="2019-08-02T21:45:22.221">
  <mem-info id="114" free="1216624" total="8388608" percent="14">
    <mem type="tenure" free="1216624" total="8388608" percent="14">
      <mem type="soa" free="797808" total="7969792" percent="10" />
      <mem type="loa" free="418816" total="418816" percent="100" />
    </mem>
  </mem-info>
</gc-start>
<allocation-stats totalBytes="2102384" >
  <allocated-bytes non-tlh="1074800" tlh="1027584" />
  <largest-consumer threadName="Thread-7" threadId="0000000000CD3F00" bytes="702048" />
</allocation-stats>
<gc-op id="115" type="mark" timems="4.691" contextid="112" timestamp="2019-08-02T21:45:22.226">
  <trace-info objectcount="42559" scancount="34385" scanbytes="2019556" />
  <finalization candidates="25" enqueued="0" />
  <references type="soft" candidates="168" cleared="0" enqueued="0" dynamicThreshold="12" maxThreshold="32" />
  <references type="weak" candidates="280" cleared="0" enqueued="0" />
  <references type="phantom" candidates="103" cleared="0" enqueued="0" />
  <stringconstants candidates="3963" cleared="0"  />
</gc-op>
<gc-op id="116" type="sweep" timems="1.253" contextid="112" timestamp="2019-08-02T21:45:22.227" />
<gc-end id="117" type="global" contextid="112" durationms="8.147" usertimems="8.000" systemtimems="0.000" timestamp="2019-08-02T21:45:22.229" activeThreads="2">
  <mem-info id="118" free="3722496" total="8388608" percent="44">
    <mem type="tenure" free="3722496" total="8388608" percent="44" micro-fragmented="260642" macro-fragmented="0">
      <mem type="soa" free="3303680" total="7969792" percent="41" />
      <mem type="loa" free="418816" total="418816" percent="100" />
    </mem>
  </mem-info>
</gc-end>
<cycle-end id="119" type="global" contextid="112" timestamp="2019-08-02T21:45:22.229" />
  <attribute name="elasticGC enabled" value="1" />
  <attribute name= "numThreadsSpecified" value="2" />
  <attribute name="heapSize specified" value="0" />
  <attribute name= "numCores" value="8" />
  <attribute name ="GC Interval" value="0" />
  <attribute name ="Control flow" value="1" />
  <attribute name="GC Util Range Max" value="104" />
  <attribute name="Current GC Util" value="43" />
  <attribute name= "Current Time Running" value="654" />
<allocation-satisfied id="120" threadId="0000000000CC8C00" bytesRequested="32776" />
<af-end id="121" timestamp="2019-08-02T21:45:22.229" threadId="0000000000CC9588" success="true" />
<exclusive-end id="122" timestamp="2019-08-02T21:45:22.229" durationms="8.947" />

<exclusive-start id="123" timestamp="2019-08-02T21:45:22.265" intervalms="44.569">
  <response-info timems="0.056" idlems="0.056" threads="0" lastid="0000000000CCC800" lastname="Thread-5" />
</exclusive-start>
<af-start id="124" threadId="0000000000CCD188" totalBytesRequested="24" timestamp="2019-08-02T21:45:22.265" intervalms="44.585" />
<cycle-start id="125" type="global" contextid="0" timestamp="2019-08-02T21:45:22.265" intervalms="44.581" />
<gc-start id="126" type="global" contextid="125" timestamp="2019-08-02T21:45:22.265">
  <mem-info id="127" free="418816" total="8388608" percent="4">
    <mem type="tenure" free="418816" total="8388608" percent="4">
      <mem type="soa" free="0" total="7969792" percent="0" />
      <mem type="loa" free="418816" total="418816" percent="100" />
    </mem>
  </mem-info>
</gc-start>
<allocation-stats totalBytes="3241008" >
  <allocated-bytes non-tlh="1541936" tlh="1699072" />
  <largest-consumer threadName="Thread-7" threadId="0000000000CD3F00" bytes="822440" />
</allocation-stats>
<gc-op id="128" type="mark" timems="1.283" contextid="125" timestamp="2019-08-02T21:45:22.267">
  <trace-info objectcount="43505" scancount="35260" scanbytes="2087648" />
  <finalization candidates="25" enqueued="0" />
  <references type="soft" candidates="168" cleared="0" enqueued="0" dynamicThreshold="14" maxThreshold="32" />
  <references type="weak" candidates="280" cleared="0" enqueued="0" />
  <references type="phantom" candidates="103" cleared="0" enqueued="0" />
  <stringconstants candidates="3963" cleared="0"  />
</gc-op>
<gc-op id="129" type="sweep" timems="0.236" contextid="125" timestamp="2019-08-02T21:45:22.267" />
<gc-end id="130" type="global" contextid="125" durationms="2.330" usertimems="0.000" systemtimems="4.000" timestamp="2019-08-02T21:45:22.268" activeThreads="2">
  <mem-info id="131" free="3540832" total="8388608" percent="42">
    <mem type="tenure" free="3540832" total="8388608" percent="42" micro-fragmented="269581" macro-fragmented="0">
      <mem type="soa" free="3122016" total="7969792" percent="39" />
      <mem type="loa" free="418816" total="418816" percent="100" />
    </mem>
  </mem-info>
</gc-end>
<cycle-end id="132" type="global" contextid="125" timestamp="2019-08-02T21:45:22.268" />
  <attribute name="elasticGC enabled" value="1" />
  <attribute name= "numThreadsSpecified" value="2" />
  <attribute name="heapSize specified" value="0" />
  <attribute name= "numCores" value="8" />
  <attribute name ="GC Interval" value="0" />
  <attribute name ="Control flow" value="1" />
  <attribute name="GC Util Range Max" value="104" />
  <attribute name="Current GC Util" value="7" />
  <attribute name= "Current Time Running" value="695" />
<allocation-satisfied id="133" threadId="0000000000CCC800" bytesRequested="24" />
<af-end id="134" timestamp="2019-08-02T21:45:22.268" threadId="0000000000CCD188" success="true" />
<exclusive-end id="135" timestamp="2019-08-02T21:45:22.268" durationms="3.002" />

<exclusive-start id="136" timestamp="2019-08-02T21:45:22.315" intervalms="49.691">
  <response-info timems="0.042" idlems="0.042" threads="0" lastid="0000000000CDB700" lastname="Thread-9" />
</exclusive-start>
<af-start id="137" threadId="0000000000CDC088" totalBytesRequested="32776" timestamp="2019-08-02T21:45:22.315" intervalms="49.711" />
<cycle-start id="138" type="global" contextid="0" timestamp="2019-08-02T21:45:22.315" intervalms="49.724" />
<gc-start id="139" type="global" contextid="138" timestamp="2019-08-02T21:45:22.315">
  <mem-info id="140" free="707024" total="8388608" percent="8">
    <mem type="tenure" free="707024" total="8388608" percent="8">
      <mem type="soa" free="288208" total="7969792" percent="3" />
      <mem type="loa" free="418816" total="418816" percent="100" />
    </mem>
  </mem-info>
</gc-start>
<allocation-stats totalBytes="2743600" >
  <allocated-bytes non-tlh="1100336" tlh="1643264" />
  <largest-consumer threadName="Thread-8" threadId="0000000000CD7B00" bytes="501376" />
</allocation-stats>
<gc-op id="141" type="mark" timems="1.660" contextid="138" timestamp="2019-08-02T21:45:22.317">
  <trace-info objectcount="42816" scancount="34619" scanbytes="2026396" />
  <finalization candidates="25" enqueued="0" />
  <references type="soft" candidates="168" cleared="0" enqueued="0" dynamicThreshold="13" maxThreshold="32" />
  <references type="weak" candidates="280" cleared="0" enqueued="0" />
  <references type="phantom" candidates="102" cleared="0" enqueued="0" />
  <stringconstants candidates="3963" cleared="0"  />
</gc-op>
<gc-op id="142" type="sweep" timems="0.235" contextid="138" timestamp="2019-08-02T21:45:22.317" />
<gc-end id="143" type="global" contextid="138" durationms="2.700" usertimems="4.000" systemtimems="0.000" timestamp="2019-08-02T21:45:22.318" activeThreads="2">
  <mem-info id="144" free="3694776" total="8388608" percent="44">
    <mem type="tenure" free="3694776" total="8388608" percent="44" micro-fragmented="245610" macro-fragmented="0">
      <mem type="soa" free="3275960" total="7969792" percent="41" />
      <mem type="loa" free="418816" total="418816" percent="100" />
    </mem>
  </mem-info>
</gc-end>
<cycle-end id="145" type="global" contextid="138" timestamp="2019-08-02T21:45:22.318" />
  <attribute name="elasticGC enabled" value="1" />
  <attribute name= "numThreadsSpecified" value="2" />
  <attribute name="heapSize specified" value="0" />
  <attribute name= "numCores" value="8" />
  <attribute name ="GC Interval" value="0" />
  <attribute name ="Control flow" value="1" />
  <attribute name="GC Util Range Max" value="104" />
  <attribute name="Current GC Util" value="9" />
  <attribute name= "Current Time Running" value="745" />
<allocation-satisfied id="146" threadId="0000000000CDB700" bytesRequested="32776" />
<af-end id="147" timestamp="2019-08-02T21:45:22.318" threadId="0000000000CDC088" success="true" />
<exclusive-end id="148" timestamp="2019-08-02T21:45:22.318" durationms="3.243" />

<exclusive-start id="149" timestamp="2019-08-02T21:45:22.370" intervalms="54.950">
  <response-info timems="0.059" idlems="0.059" threads="0" lastid="0000000000CC8C00" lastname="Thread-4" />
</exclusive-start>
<af-start id="150" threadId="0000000000CC9588" totalBytesRequested="32776" timestamp="2019-08-02T21:45:22.370" intervalms="54.952" />
<cycle-start id="151" type="global" contextid="0" timestamp="2019-08-02T21:45:22.370" intervalms="54.948" />
<gc-start id="152" type="global" contextid="151" timestamp="2019-08-02T21:45:22.370">
  <mem-info id="153" free="681416" total="8388608" percent="8">
    <mem type="tenure" free="681416" total="8388608" percent="8">
      <mem type="soa" free="262600" total="7969792" percent="3" />
      <mem type="loa" free="418816" total="418816" percent="100" />
    </mem>
  </mem-info>
</gc-start>
<allocation-stats totalBytes="2951224" >
  <allocated-bytes non-tlh="997112" tlh="1954112" />
  <largest-consumer threadName="Thread-9" threadId="0000000000CDB700" bytes="916296" />
</allocation-stats>
<gc-op id="154" type="mark" timems="4.804" contextid="151" timestamp="2019-08-02T21:45:22.375">
  <trace-info objectcount="43251" scancount="34993" scanbytes="2009052" />
  <finalization candidates="25" enqueued="0" />
  <references type="soft" candidates="168" cleared="0" enqueued="0" dynamicThreshold="14" maxThreshold="32" />
  <references type="weak" candidates="281" cleared="0" enqueued="0" />
  <references type="phantom" candidates="104" cleared="0" enqueued="0" />
  <stringconstants candidates="3963" cleared="0"  />
</gc-op>
<gc-op id="155" type="sweep" timems="1.279" contextid="151" timestamp="2019-08-02T21:45:22.376" />
<gc-end id="156" type="global" contextid="151" durationms="7.833" usertimems="8.000" systemtimems="0.000" timestamp="2019-08-02T21:45:22.378" activeThreads="2">
  <mem-info id="157" free="3561480" total="8388608" percent="42">
    <mem type="tenure" free="3561480" total="8388608" percent="42" micro-fragmented="276323" macro-fragmented="0">
      <mem type="soa" free="3142664" total="7969792" percent="39" />
      <mem type="loa" free="418816" total="418816" percent="100" />
    </mem>
  </mem-info>
</gc-end>
<cycle-end id="158" type="global" contextid="151" timestamp="2019-08-02T21:45:22.378" />
  <attribute name="elasticGC enabled" value="1" />
  <attribute name= "numThreadsSpecified" value="2" />
  <attribute name="heapSize specified" value="0" />
  <attribute name= "numCores" value="8" />
  <attribute name ="GC Interval" value="0" />
  <attribute name ="Control flow" value="1" />
  <attribute name="GC Util Range Max" value="104" />
  <attribute name="Current GC Util" value="42" />
  <attribute name= "Current Time Running" value="804" />
<allocation-satisfied id="159" threadId="0000000000CC8C00" bytesRequested="32776" />
<af-end id="160" timestamp="2019-08-02T21:45:22.378" threadId="0000000000CC9588" success="true" />
<exclusive-end id="161" timestamp="2019-08-02T21:45:22.378" durationms="8.729" />

<exclusive-start id="162" timestamp="2019-08-02T21:45:22.410" intervalms="40.419">
  <response-info timems="0.042" idlems="0.042" threads="0" lastid="0000000000CC5000" lastname="Thread-3" />
</exclusive-start>
<af-start id="163" threadId="0000000000CC5988" totalBytesRequested="16392" timestamp="2019-08-02T21:45:22.410" intervalms="40.473" />
<cycle-start id="164" type="global" contextid="0" timestamp="2019-08-02T21:45:22.410" intervalms="40.456" />
<gc-start id="165" type="global" contextid="164" timestamp="2019-08-02T21:45:22.410">
  <mem-info id="166" free="694008" total="8388608" percent="8">
    <mem type="tenure" free="694008" total="8388608" percent="8">
      <mem type="soa" free="275192" total="7969792" percent="3" />
      <mem type="loa" free="418816" total="418816" percent="100" />
    </mem>
  </mem-info>
</gc-start>
<allocation-stats totalBytes="2819688" >
  <allocated-bytes non-tlh="1511920" tlh="1307768" />
  <largest-consumer threadName="Thread-4" threadId="0000000000CC8C00" bytes="720720" />
</allocation-stats>
<gc-op id="167" type="mark" timems="1.436" contextid="164" timestamp="2019-08-02T21:45:22.412">
  <trace-info objectcount="43026" scancount="34806" scanbytes="2021600" />
  <finalization candidates="25" enqueued="0" />
  <references type="soft" candidates="168" cleared="0" enqueued="0" dynamicThreshold="13" maxThreshold="32" />
  <references type="weak" candidates="280" cleared="0" enqueued="0" />
  <references type="phantom" candidates="103" cleared="0" enqueued="0" />
  <stringconstants candidates="3963" cleared="0"  />
</gc-op>
<gc-op id="168" type="sweep" timems="0.245" contextid="164" timestamp="2019-08-02T21:45:22.412" />
<gc-end id="169" type="global" contextid="164" durationms="2.459" usertimems="4.000" systemtimems="0.000" timestamp="2019-08-02T21:45:22.413" activeThreads="2">
  <mem-info id="170" free="3697544" total="8388608" percent="44">
    <mem type="tenure" free="3697544" total="8388608" percent="44" micro-fragmented="266376" macro-fragmented="0">
      <mem type="soa" free="3278728" total="7969792" percent="41" />
      <mem type="loa" free="418816" total="418816" percent="100" />
    </mem>
  </mem-info>
</gc-end>
<cycle-end id="171" type="global" contextid="164" timestamp="2019-08-02T21:45:22.413" />
  <attribute name="elasticGC enabled" value="1" />
  <attribute name= "numThreadsSpecified" value="2" />
  <attribute name="heapSize specified" value="0" />
  <attribute name= "numCores" value="8" />
  <attribute name ="GC Interval" value="0" />
  <attribute name ="Control flow" value="1" />
  <attribute name="GC Util Range Max" value="104" />
  <attribute name="Current GC Util" value="9" />
  <attribute name= "Current Time Running" value="840" />
<allocation-satisfied id="172" threadId="0000000000CC5000" bytesRequested="16392" />
<af-end id="173" timestamp="2019-08-02T21:45:22.413" threadId="0000000000CC5988" success="true" />
<exclusive-end id="174" timestamp="2019-08-02T21:45:22.413" durationms="3.107" />

<exclusive-start id="175" timestamp="2019-08-02T21:45:22.463" intervalms="52.756">
  <response-info timems="0.062" idlems="0.062" threads="0" lastid="0000000000CD3F00" lastname="Thread-7" />
</exclusive-start>
<af-start id="176" threadId="0000000000CD4888" totalBytesRequested="16392" timestamp="2019-08-02T21:45:22.463" intervalms="52.653" />
<cycle-start id="177" type="global" contextid="0" timestamp="2019-08-02T21:45:22.463" intervalms="52.658" />
<gc-start id="178" type="global" contextid="177" timestamp="2019-08-02T21:45:22.463">
  <mem-info id="179" free="577752" total="8388608" percent="6">
    <mem type="tenure" free="577752" total="8388608" percent="6">
      <mem type="soa" free="158936" total="7969792" percent="1" />
      <mem type="loa" free="418816" total="418816" percent="100" />
    </mem>
  </mem-info>
</gc-start>
<allocation-stats totalBytes="3071648" >
  <allocated-bytes non-tlh="1161952" tlh="1909696" />
  <largest-consumer threadName="Thread-8" threadId="0000000000CD7B00" bytes="588728" />
</allocation-stats>
<gc-op id="180" type="mark" timems="1.791" contextid="177" timestamp="2019-08-02T21:45:22.465">
  <trace-info objectcount="43382" scancount="35089" scanbytes="2012568" />
  <finalization candidates="25" enqueued="0" />
  <references type="soft" candidates="168" cleared="0" enqueued="0" dynamicThreshold="14" maxThreshold="32" />
  <references type="weak" candidates="280" cleared="0" enqueued="0" />
  <references type="phantom" candidates="102" cleared="0" enqueued="0" />
  <stringconstants candidates="3963" cleared="0"  />
</gc-op>
<gc-op id="181" type="sweep" timems="0.388" contextid="177" timestamp="2019-08-02T21:45:22.465" />
<gc-end id="182" type="global" contextid="177" durationms="3.147" usertimems="4.000" systemtimems="0.000" timestamp="2019-08-02T21:45:22.466" activeThreads="2">
  <mem-info id="183" free="3680424" total="8388608" percent="43">
    <mem type="tenure" free="3680424" total="8388608" percent="43" micro-fragmented="257045" macro-fragmented="0">
      <mem type="soa" free="3261608" total="7969792" percent="40" />
      <mem type="loa" free="418816" total="418816" percent="100" />
    </mem>
  </mem-info>
</gc-end>
<cycle-end id="184" type="global" contextid="177" timestamp="2019-08-02T21:45:22.466" />
  <attribute name="elasticGC enabled" value="1" />
  <attribute name= "numThreadsSpecified" value="2" />
  <attribute name="heapSize specified" value="0" />
  <attribute name= "numCores" value="8" />
  <attribute name ="GC Interval" value="0" />
  <attribute name ="Control flow" value="1" />
  <attribute name="GC Util Range Max" value="104" />
  <attribute name="Current GC Util" value="5" />
  <attribute name= "Current Time Running" value="893" />
<allocation-satisfied id="185" threadId="0000000000CD3F00" bytesRequested="16392" />
<af-end id="186" timestamp="2019-08-02T21:45:22.467" threadId="0000000000CD4888" success="true" />
<exclusive-end id="187" timestamp="2019-08-02T21:45:22.467" durationms="3.727" />

<exclusive-start id="188" timestamp="2019-08-02T21:45:22.517" intervalms="54.008">
  <response-info timems="0.039" idlems="0.039" threads="0" lastid="0000000000CDB700" lastname="Thread-9" />
</exclusive-start>
<af-start id="189" threadId="0000000000CDC088" totalBytesRequested="1032" timestamp="2019-08-02T21:45:22.517" intervalms="54.051" />
<cycle-start id="190" type="global" contextid="0" timestamp="2019-08-02T21:45:22.517" intervalms="54.053" />
<gc-start id="191" type="global" contextid="190" timestamp="2019-08-02T21:45:22.517">
  <mem-info id="192" free="418816" total="8388608" percent="4">
    <mem type="tenure" free="418816" total="8388608" percent="4">
      <mem type="soa" free="0" total="7969792" percent="0" />
      <mem type="loa" free="418816" total="418816" percent="100" />
    </mem>
  </mem-info>
</gc-start>
<allocation-stats totalBytes="3207584" >
  <allocated-bytes non-tlh="1330008" tlh="1877576" />
  <largest-consumer threadName="Thread-3" threadId="0000000000CC5000" bytes="854376" />
</allocation-stats>
<gc-op id="193" type="mark" timems="1.632" contextid="190" timestamp="2019-08-02T21:45:22.519">
  <trace-info objectcount="42687" scancount="34453" scanbytes="1920388" />
  <finalization candidates="25" enqueued="0" />
  <references type="soft" candidates="168" cleared="15" enqueued="14" dynamicThreshold="14" maxThreshold="32" />
  <references type="weak" candidates="280" cleared="0" enqueued="0" />
  <references type="phantom" candidates="102" cleared="0" enqueued="0" />
  <stringconstants candidates="3963" cleared="0"  />
</gc-op>
<gc-op id="194" type="sweep" timems="0.238" contextid="190" timestamp="2019-08-02T21:45:22.519" />
<gc-end id="195" type="global" contextid="190" durationms="2.664" usertimems="4.000" systemtimems="0.000" timestamp="2019-08-02T21:45:22.520" activeThreads="2">
  <mem-info id="196" free="3810648" total="8388608" percent="45">
    <mem type="tenure" free="3810648" total="8388608" percent="45" micro-fragmented="270592" macro-fragmented="0">
      <mem type="soa" free="3391832" total="7969792" percent="42" />
      <mem type="loa" free="418816" total="418816" percent="100" />
    </mem>
    <pending-finalizers system="0" default="0" reference="14" classloader="0" />
  </mem-info>
</gc-end>
<cycle-end id="197" type="global" contextid="190" timestamp="2019-08-02T21:45:22.520" />
  <attribute name="elasticGC enabled" value="1" />
  <attribute name= "numThreadsSpecified" value="2" />
  <attribute name="heapSize specified" value="0" />
  <attribute name= "numCores" value="8" />
  <attribute name ="GC Interval" value="0" />
  <attribute name ="Control flow" value="1" />
  <attribute name="GC Util Range Max" value="104" />
  <attribute name="Current GC Util" value="9" />
  <attribute name= "Current Time Running" value="947" />
<allocation-satisfied id="198" threadId="0000000000CDB700" bytesRequested="1032" />
<af-end id="199" timestamp="2019-08-02T21:45:22.520" threadId="0000000000CDC088" success="true" />
<exclusive-end id="200" timestamp="2019-08-02T21:45:22.520" durationms="3.361" />

<exclusive-start id="201" timestamp="2019-08-02T21:45:22.551" intervalms="34.561">
  <response-info timems="0.082" idlems="0.082" threads="0" lastid="0000000000CC8C00" lastname="Thread-4" />
</exclusive-start>
<af-start id="202" threadId="0000000000CC9588" totalBytesRequested="16392" timestamp="2019-08-02T21:45:22.552" intervalms="34.528" />
<cycle-start id="203" type="global" contextid="0" timestamp="2019-08-02T21:45:22.552" intervalms="34.525" />
<gc-start id="204" type="global" contextid="203" timestamp="2019-08-02T21:45:22.552">
  <mem-info id="205" free="540896" total="8388608" percent="6">
    <mem type="tenure" free="540896" total="8388608" percent="6">
      <mem type="soa" free="122080" total="7969792" percent="1" />
      <mem type="loa" free="418816" total="418816" percent="100" />
    </mem>
  </mem-info>
</gc-start>
<allocation-stats totalBytes="3173352" >
  <allocated-bytes non-tlh="1731392" tlh="1441960" />
  <largest-consumer threadName="Thread-5" threadId="0000000000CCC800" bytes="751968" />
</allocation-stats>
<heap-resize id="206" type="loa contract" space="tenure" amount="83968" count="1" timems="0.000" reason="contract underutilized loa" timestamp="2019-08-02T21:45:22.552" />
<gc-op id="207" type="mark" timems="1.623" contextid="203" timestamp="2019-08-02T21:45:22.553">
  <trace-info objectcount="42932" scancount="34675" scanbytes="2017868" />
  <finalization candidates="25" enqueued="0" />
  <references type="soft" candidates="153" cleared="60" enqueued="59" dynamicThreshold="14" maxThreshold="32" />
  <references type="weak" candidates="280" cleared="0" enqueued="0" />
  <references type="phantom" candidates="102" cleared="0" enqueued="0" />
  <stringconstants candidates="3963" cleared="0"  />
</gc-op>
<gc-op id="208" type="sweep" timems="0.240" contextid="203" timestamp="2019-08-02T21:45:22.554" />
<gc-end id="209" type="global" contextid="203" durationms="2.735" usertimems="0.000" systemtimems="4.000" timestamp="2019-08-02T21:45:22.554" activeThreads="2">
  <mem-info id="210" free="3631648" total="8388608" percent="43">
    <mem type="tenure" free="3631648" total="8388608" percent="43" micro-fragmented="297207" macro-fragmented="0">
      <mem type="soa" free="3296800" total="8053760" percent="40" />
      <mem type="loa" free="334848" total="334848" percent="100" />
    </mem>
    <pending-finalizers system="0" default="0" reference="59" classloader="0" />
  </mem-info>
</gc-end>
<cycle-end id="211" type="global" contextid="203" timestamp="2019-08-02T21:45:22.554" />
  <attribute name="elasticGC enabled" value="1" />
  <attribute name= "numThreadsSpecified" value="2" />
  <attribute name="heapSize specified" value="0" />
  <attribute name= "numCores" value="8" />
  <attribute name ="GC Interval" value="0" />
  <attribute name ="Control flow" value="1" />
  <attribute name="GC Util Range Max" value="104" />
  <attribute name="Current GC Util" value="13" />
  <attribute name= "Current Time Running" value="981" />
<allocation-satisfied id="212" threadId="0000000000CC8C00" bytesRequested="16392" />
<af-end id="213" timestamp="2019-08-02T21:45:22.555" threadId="0000000000CC9588" success="true" />
<exclusive-end id="214" timestamp="2019-08-02T21:45:22.555" durationms="3.252" />

<exclusive-start id="215" timestamp="2019-08-02T21:45:22.603" intervalms="51.663">
  <response-info timems="0.056" idlems="0.056" threads="0" lastid="0000000000CD7B00" lastname="Thread-8" />
</exclusive-start>
<af-start id="216" threadId="0000000000CD8488" totalBytesRequested="32776" timestamp="2019-08-02T21:45:22.603" intervalms="51.669" />
<cycle-start id="217" type="global" contextid="0" timestamp="2019-08-02T21:45:22.603" intervalms="51.670" />
<gc-start id="218" type="global" contextid="217" timestamp="2019-08-02T21:45:22.603">
  <mem-info id="219" free="486008" total="8388608" percent="5">
    <mem type="tenure" free="486008" total="8388608" percent="5">
      <mem type="soa" free="151160" total="8053760" percent="1" />
      <mem type="loa" free="334848" total="334848" percent="100" />
    </mem>
  </mem-info>
</gc-start>
<allocation-stats totalBytes="3087984" >
  <allocated-bytes non-tlh="1273568" tlh="1814416" />
  <largest-consumer threadName="Thread-10" threadId="0000000000CDF300" bytes="596288" />
</allocation-stats>
<heap-resize id="220" type="loa contract" space="tenure" amount="83968" count="1" timems="0.000" reason="contract underutilized loa" timestamp="2019-08-02T21:45:22.603" />
<gc-op id="221" type="mark" timems="1.624" contextid="217" timestamp="2019-08-02T21:45:22.605">
  <trace-info objectcount="41501" scancount="33685" scanbytes="2007156" />
  <finalization candidates="25" enqueued="0" />
  <references type="soft" candidates="93" cleared="23" enqueued="20" dynamicThreshold="13" maxThreshold="32" />
  <references type="weak" candidates="280" cleared="0" enqueued="0" />
  <references type="phantom" candidates="102" cleared="0" enqueued="0" />
  <stringconstants candidates="3963" cleared="18"  />
</gc-op>
<gc-op id="222" type="sweep" timems="0.240" contextid="217" timestamp="2019-08-02T21:45:22.605" />
<gc-end id="223" type="global" contextid="217" durationms="2.736" usertimems="0.000" systemtimems="4.000" timestamp="2019-08-02T21:45:22.606" activeThreads="2">
  <mem-info id="224" free="3601040" total="8388608" percent="42">
    <mem type="tenure" free="3601040" total="8388608" percent="42" micro-fragmented="414962" macro-fragmented="0">
      <mem type="soa" free="3350160" total="8137728" percent="41" />
      <mem type="loa" free="250880" total="250880" percent="100" />
    </mem>
    <pending-finalizers system="0" default="0" reference="20" classloader="0" />
  </mem-info>
</gc-end>
<cycle-end id="225" type="global" contextid="217" timestamp="2019-08-02T21:45:22.606" />
  <attribute name="elasticGC enabled" value="1" />
  <attribute name= "numThreadsSpecified" value="2" />
  <attribute name="heapSize specified" value="0" />
  <attribute name= "numCores" value="8" />
  <attribute name ="GC Interval" value="0" />
  <attribute name ="Control flow" value="1" />
  <attribute name="GC Util Range Max" value="104" />
  <attribute name="Current GC Util" value="8" />
  <attribute name= "Current Time Running" value="1033" />
<allocation-satisfied id="226" threadId="0000000000CD7B00" bytesRequested="32776" />
<af-end id="227" timestamp="2019-08-02T21:45:22.606" threadId="0000000000CD8488" success="true" />
<exclusive-end id="228" timestamp="2019-08-02T21:45:22.606" durationms="3.339" />

<exclusive-start id="229" timestamp="2019-08-02T21:45:22.654" intervalms="51.335">
  <response-info timems="0.048" idlems="0.048" threads="0" lastid="0000000000CCC800" lastname="Thread-5" />
</exclusive-start>
<af-start id="230" threadId="0000000000CCD188" totalBytesRequested="16392" timestamp="2019-08-02T21:45:22.655" intervalms="51.329" />
<cycle-start id="231" type="global" contextid="0" timestamp="2019-08-02T21:45:22.655" intervalms="51.330" />
<gc-start id="232" type="global" contextid="231" timestamp="2019-08-02T21:45:22.655">
  <mem-info id="233" free="382056" total="8388608" percent="4">
    <mem type="tenure" free="382056" total="8388608" percent="4">
      <mem type="soa" free="131176" total="8137728" percent="1" />
      <mem type="loa" free="250880" total="250880" percent="100" />
    </mem>
  </mem-info>
</gc-start>
<allocation-stats totalBytes="3153120" >
  <allocated-bytes non-tlh="1337304" tlh="1815816" />
  <largest-consumer threadName="Thread-7" threadId="0000000000CD3F00" bytes="874616" />
</allocation-stats>
<heap-resize id="234" type="loa contract" space="tenure" amount="83968" count="1" timems="0.000" reason="contract underutilized loa" timestamp="2019-08-02T21:45:22.655" />
<gc-op id="235" type="mark" timems="1.552" contextid="231" timestamp="2019-08-02T21:45:22.656">
  <trace-info objectcount="40253" scancount="32577" scanbytes="1888052" />
  <finalization candidates="25" enqueued="0" />
  <references type="soft" candidates="70" cleared="5" enqueued="3" dynamicThreshold="13" maxThreshold="32" />
  <references type="weak" candidates="282" cleared="0" enqueued="0" />
  <references type="phantom" candidates="104" cleared="0" enqueued="0" />
  <stringconstants candidates="3945" cleared="1"  />
</gc-op>
<gc-op id="236" type="sweep" timems="0.243" contextid="231" timestamp="2019-08-02T21:45:22.657" />
<gc-end id="237" type="global" contextid="231" durationms="2.630" usertimems="4.000" systemtimems="0.000" timestamp="2019-08-02T21:45:22.657" activeThreads="2">
  <mem-info id="238" free="3868120" total="8388608" percent="46">
    <mem type="tenure" free="3868120" total="8388608" percent="46" micro-fragmented="282157" macro-fragmented="0">
      <mem type="soa" free="3701208" total="8221696" percent="45" />
      <mem type="loa" free="166912" total="166912" percent="100" />
    </mem>
    <pending-finalizers system="0" default="0" reference="3" classloader="0" />
  </mem-info>
</gc-end>
<cycle-end id="239" type="global" contextid="231" timestamp="2019-08-02T21:45:22.657" />
  <attribute name="elasticGC enabled" value="1" />
  <attribute name= "numThreadsSpecified" value="2" />
  <attribute name="heapSize specified" value="0" />
  <attribute name= "numCores" value="8" />
  <attribute name ="GC Interval" value="0" />
  <attribute name ="Control flow" value="1" />
  <attribute name="GC Util Range Max" value="104" />
  <attribute name="Current GC Util" value="9" />
  <attribute name= "Current Time Running" value="1084" />
<allocation-satisfied id="240" threadId="0000000000CCC800" bytesRequested="16392" />
<af-end id="241" timestamp="2019-08-02T21:45:22.658" threadId="0000000000CCD188" success="true" />
<exclusive-end id="242" timestamp="2019-08-02T21:45:22.658" durationms="3.172" />

<exclusive-start id="243" timestamp="2019-08-02T21:45:22.695" intervalms="40.151">
  <response-info timems="0.041" idlems="0.041" threads="0" lastid="0000000000CCC800" lastname="Thread-5" />
</exclusive-start>
<af-start id="244" threadId="0000000000CCD188" totalBytesRequested="32776" timestamp="2019-08-02T21:45:22.695" intervalms="40.205" />
<cycle-start id="245" type="global" contextid="0" timestamp="2019-08-02T21:45:22.695" intervalms="40.209" />
<gc-start id="246" type="global" contextid="245" timestamp="2019-08-02T21:45:22.695">
  <mem-info id="247" free="185560" total="8388608" percent="2">
    <mem type="tenure" free="185560" total="8388608" percent="2">
      <mem type="soa" free="18648" total="8221696" percent="0" />
      <mem type="loa" free="166912" total="166912" percent="100" />
    </mem>
  </mem-info>
</gc-start>
<allocation-stats totalBytes="3574744" >
  <allocated-bytes non-tlh="1946760" tlh="1627984" />
  <largest-consumer threadName="Thread-5" threadId="0000000000CCC800" bytes="786040" />
</allocation-stats>
<heap-resize id="248" type="loa contract" space="tenure" amount="83968" count="1" timems="0.000" reason="contract underutilized loa" timestamp="2019-08-02T21:45:22.695" />
<gc-op id="249" type="mark" timems="1.627" contextid="245" timestamp="2019-08-02T21:45:22.697">
  <trace-info objectcount="40750" scancount="33076" scanbytes="1990408" />
  <finalization candidates="25" enqueued="0" />
  <references type="soft" candidates="65" cleared="0" enqueued="0" dynamicThreshold="14" maxThreshold="32" />
  <references type="weak" candidates="280" cleared="0" enqueued="0" />
  <references type="phantom" candidates="103" cleared="0" enqueued="0" />
  <stringconstants candidates="3944" cleared="0"  />
</gc-op>
<gc-op id="250" type="sweep" timems="0.251" contextid="245" timestamp="2019-08-02T21:45:22.697" />
<gc-end id="251" type="global" contextid="245" durationms="2.711" usertimems="4.000" systemtimems="0.000" timestamp="2019-08-02T21:45:22.698" activeThreads="2">
  <mem-info id="252" free="3633904" total="8388608" percent="43">
    <mem type="tenure" free="3633904" total="8388608" percent="43" micro-fragmented="196024" macro-fragmented="0">
      <mem type="soa" free="3550960" total="8305664" percent="42" />
      <mem type="loa" free="82944" total="82944" percent="100" />
    </mem>
  </mem-info>
</gc-end>
<cycle-end id="253" type="global" contextid="245" timestamp="2019-08-02T21:45:22.698" />
  <attribute name="elasticGC enabled" value="1" />
  <attribute name= "numThreadsSpecified" value="2" />
  <attribute name="heapSize specified" value="0" />
  <attribute name= "numCores" value="8" />
  <attribute name ="GC Interval" value="0" />
  <attribute name ="Control flow" value="1" />
  <attribute name="GC Util Range Max" value="104" />
  <attribute name="Current GC Util" value="9" />
  <attribute name= "Current Time Running" value="1124" />
<allocation-satisfied id="254" threadId="0000000000CCC800" bytesRequested="32776" />
<af-end id="255" timestamp="2019-08-02T21:45:22.698" threadId="0000000000CCD188" success="true" />
<exclusive-end id="256" timestamp="2019-08-02T21:45:22.698" durationms="3.420" />

<exclusive-start id="257" timestamp="2019-08-02T21:45:22.763" intervalms="68.020">
  <response-info timems="0.051" idlems="0.035" threads="1" lastid="0000000000CC5000" lastname="Thread-3" />
</exclusive-start>
<af-start id="258" threadId="0000000000CD4888" totalBytesRequested="16" timestamp="2019-08-02T21:45:22.763" intervalms="67.941" />
<cycle-start id="259" type="global" contextid="0" timestamp="2019-08-02T21:45:22.763" intervalms="67.957" />
<gc-start id="260" type="global" contextid="259" timestamp="2019-08-02T21:45:22.763">
  <mem-info id="261" free="82944" total="8388608" percent="0">
    <mem type="tenure" free="82944" total="8388608" percent="0">
      <mem type="soa" free="0" total="8305664" percent="0" />
      <mem type="loa" free="82944" total="82944" percent="100" />
    </mem>
  </mem-info>
</gc-start>
<allocation-stats totalBytes="3518816" >
  <allocated-bytes non-tlh="1296208" tlh="2222608" />
  <largest-consumer threadName="Thread-4" threadId="0000000000CC8C00" bytes="577984" />
</allocation-stats>
<gc-op id="262" type="mark" timems="2.900" contextid="259" timestamp="2019-08-02T21:45:22.766">
  <trace-info objectcount="41289" scancount="33522" scanbytes="2039460" />
  <finalization candidates="25" enqueued="0" />
  <references type="soft" candidates="65" cleared="0" enqueued="0" dynamicThreshold="13" maxThreshold="32" />
  <references type="weak" candidates="280" cleared="0" enqueued="0" />
  <references type="phantom" candidates="103" cleared="0" enqueued="0" />
  <stringconstants candidates="3944" cleared="0"  />
</gc-op>
<gc-op id="263" type="sweep" timems="0.392" contextid="259" timestamp="2019-08-02T21:45:22.766" />
<gc-end id="264" type="global" contextid="259" durationms="4.385" usertimems="8.000" systemtimems="0.000" timestamp="2019-08-02T21:45:22.767" activeThreads="3">
  <mem-info id="265" free="3541912" total="8388608" percent="42">
    <mem type="tenure" free="3541912" total="8388608" percent="42" micro-fragmented="298678" macro-fragmented="0">
      <mem type="soa" free="3458968" total="8305664" percent="41" />
      <mem type="loa" free="82944" total="82944" percent="100" />
    </mem>
  </mem-info>
</gc-end>
<cycle-end id="266" type="global" contextid="259" timestamp="2019-08-02T21:45:22.767" />
  <attribute name="elasticGC enabled" value="1" />
  <attribute name= "numThreadsSpecified" value="3" />
  <attribute name="heapSize specified" value="0" />
  <attribute name= "numCores" value="8" />
  <attribute name ="GC Interval" value="0" />
  <attribute name ="Control flow" value="1" />
  <attribute name="GC Util Range Max" value="104" />
  <attribute name="Current GC Util" value="4" />
  <attribute name= "Current Time Running" value="1194" />
<allocation-satisfied id="267" threadId="0000000000CD3F00" bytesRequested="16" />
<af-end id="268" timestamp="2019-08-02T21:45:22.768" threadId="0000000000CD4888" success="true" />
<exclusive-end id="269" timestamp="2019-08-02T21:45:22.768" durationms="5.225" />

<exclusive-start id="270" timestamp="2019-08-02T21:45:22.809" intervalms="46.216">
  <response-info timems="0.059" idlems="0.059" threads="0" lastid="0000000000CD3F00" lastname="Thread-7" />
</exclusive-start>
<af-start id="271" threadId="0000000000CD4888" totalBytesRequested="16392" timestamp="2019-08-02T21:45:22.809" intervalms="46.224" />
<cycle-start id="272" type="global" contextid="0" timestamp="2019-08-02T21:45:22.809" intervalms="46.212" />
<gc-start id="273" type="global" contextid="272" timestamp="2019-08-02T21:45:22.809">
  <mem-info id="274" free="198544" total="8388608" percent="2">
    <mem type="tenure" free="198544" total="8388608" percent="2">
      <mem type="soa" free="115600" total="8305664" percent="1" />
      <mem type="loa" free="82944" total="82944" percent="100" />
    </mem>
  </mem-info>
</gc-start>
<allocation-stats totalBytes="3268976" >
  <allocated-bytes non-tlh="1652032" tlh="1616944" />
  <largest-consumer threadName="Thread-7" threadId="0000000000CD3F00" bytes="967392" />
</allocation-stats>
<gc-op id="275" type="mark" timems="2.640" contextid="272" timestamp="2019-08-02T21:45:22.812">
  <trace-info objectcount="40221" scancount="32562" scanbytes="1887152" />
  <finalization candidates="25" enqueued="0" />
  <references type="soft" candidates="65" cleared="0" enqueued="0" dynamicThreshold="13" maxThreshold="32" />
  <references type="weak" candidates="280" cleared="0" enqueued="0" />
  <references type="phantom" candidates="103" cleared="0" enqueued="0" />
  <stringconstants candidates="3944" cleared="0"  />
</gc-op>
<gc-op id="276" type="sweep" timems="0.715" contextid="272" timestamp="2019-08-02T21:45:22.813" />
<gc-end id="277" type="global" contextid="272" durationms="4.341" usertimems="12.000" systemtimems="0.000" timestamp="2019-08-02T21:45:22.813" activeThreads="2">
  <mem-info id="278" free="3994752" total="8388608" percent="47">
    <mem type="tenure" free="3994752" total="8388608" percent="47" micro-fragmented="305694" macro-fragmented="0">
      <mem type="soa" free="3911808" total="8305664" percent="47" />
      <mem type="loa" free="82944" total="82944" percent="100" />
    </mem>
  </mem-info>
</gc-end>
<cycle-end id="279" type="global" contextid="272" timestamp="2019-08-02T21:45:22.814" />
  <attribute name="elasticGC enabled" value="1" />
  <attribute name= "numThreadsSpecified" value="2" />
  <attribute name="heapSize specified" value="0" />
  <attribute name= "numCores" value="8" />
  <attribute name ="GC Interval" value="0" />
  <attribute name ="Control flow" value="1" />
  <attribute name="GC Util Range Max" value="104" />
  <attribute name="Current GC Util" value="105" />
  <attribute name= "Current Time Running" value="1240" />
<allocation-satisfied id="280" threadId="0000000000CD3F00" bytesRequested="16392" />
<af-end id="281" timestamp="2019-08-02T21:45:22.814" threadId="0000000000CD4888" success="true" />
<exclusive-end id="282" timestamp="2019-08-02T21:45:22.814" durationms="5.082" />

<exclusive-start id="283" timestamp="2019-08-02T21:45:22.872" intervalms="62.907">
  <response-info timems="0.051" idlems="0.051" threads="0" lastid="0000000000CDF300" lastname="Thread-10" />
</exclusive-start>
<af-start id="284" threadId="0000000000CDFC88" totalBytesRequested="16392" timestamp="2019-08-02T21:45:22.872" intervalms="62.936" />
<cycle-start id="285" type="global" contextid="0" timestamp="2019-08-02T21:45:22.872" intervalms="62.928" />
<gc-start id="286" type="global" contextid="285" timestamp="2019-08-02T21:45:22.872">
  <mem-info id="287" free="82944" total="8388608" percent="0">
    <mem type="tenure" free="82944" total="8388608" percent="0">
      <mem type="soa" free="0" total="8305664" percent="0" />
      <mem type="loa" free="82944" total="82944" percent="100" />
    </mem>
  </mem-info>
</gc-start>
<allocation-stats totalBytes="3867536" >
  <allocated-bytes non-tlh="1567696" tlh="2299840" />
  <largest-consumer threadName="Thread-9" threadId="0000000000CDB700" bytes="804592" />
</allocation-stats>
<gc-op id="288" type="mark" timems="1.231" contextid="285" timestamp="2019-08-02T21:45:22.873">
  <trace-info objectcount="41027" scancount="33253" scanbytes="1962528" />
  <finalization candidates="25" enqueued="0" />
  <references type="soft" candidates="65" cleared="0" enqueued="0" dynamicThreshold="15" maxThreshold="32" />
  <references type="weak" candidates="280" cleared="0" enqueued="0" />
  <references type="phantom" candidates="102" cleared="0" enqueued="0" />
  <stringconstants candidates="3944" cleared="0"  />
</gc-op>
<gc-op id="289" type="sweep" timems="0.262" contextid="285" timestamp="2019-08-02T21:45:22.874" />
<gc-end id="290" type="global" contextid="285" durationms="2.311" usertimems="4.000" systemtimems="0.000" timestamp="2019-08-02T21:45:22.874" activeThreads="2">
  <mem-info id="291" free="3645568" total="8388608" percent="43">
    <mem type="tenure" free="3645568" total="8388608" percent="43" micro-fragmented="317607" macro-fragmented="0">
      <mem type="soa" free="3562624" total="8305664" percent="42" />
      <mem type="loa" free="82944" total="82944" percent="100" />
    </mem>
  </mem-info>
</gc-end>
<cycle-end id="292" type="global" contextid="285" timestamp="2019-08-02T21:45:22.874" />
  <attribute name="elasticGC enabled" value="1" />
  <attribute name= "numThreadsSpecified" value="2" />
  <attribute name="heapSize specified" value="0" />
  <attribute name= "numCores" value="8" />
  <attribute name ="GC Interval" value="0" />
  <attribute name ="Control flow" value="1" />
  <attribute name="GC Util Range Max" value="104" />
  <attribute name="Current GC Util" value="12" />
  <attribute name= "Current Time Running" value="1301" />
<allocation-satisfied id="293" threadId="0000000000CDF300" bytesRequested="16392" />
<af-end id="294" timestamp="2019-08-02T21:45:22.875" threadId="0000000000CDFC88" success="true" />
<exclusive-end id="295" timestamp="2019-08-02T21:45:22.875" durationms="2.946" />

<exclusive-start id="296" timestamp="2019-08-02T21:45:22.927" intervalms="55.596">
  <response-info timems="0.061" idlems="0.061" threads="0" lastid="0000000000CCC800" lastname="Thread-5" />
</exclusive-start>
<af-start id="297" threadId="0000000000CCD188" totalBytesRequested="16392" timestamp="2019-08-02T21:45:22.927" intervalms="55.634" />
<cycle-start id="298" type="global" contextid="0" timestamp="2019-08-02T21:45:22.928" intervalms="55.642" />
<gc-start id="299" type="global" contextid="298" timestamp="2019-08-02T21:45:22.928">
  <mem-info id="300" free="328480" total="8388608" percent="3">
    <mem type="tenure" free="328480" total="8388608" percent="3">
      <mem type="soa" free="245536" total="8305664" percent="2" />
      <mem type="loa" free="82944" total="82944" percent="100" />
    </mem>
  </mem-info>
</gc-start>
<allocation-stats totalBytes="3238328" >
  <allocated-bytes non-tlh="1405760" tlh="1832568" />
  <largest-consumer threadName="Thread-3" threadId="0000000000CC5000" bytes="749584" />
</allocation-stats>
<gc-op id="301" type="mark" timems="1.254" contextid="298" timestamp="2019-08-02T21:45:22.929">
  <trace-info objectcount="40494" scancount="32754" scanbytes="1960680" />
  <finalization candidates="25" enqueued="0" />
  <references type="soft" candidates="65" cleared="0" enqueued="0" dynamicThreshold="13" maxThreshold="32" />
  <references type="weak" candidates="280" cleared="0" enqueued="0" />
  <references type="phantom" candidates="102" cleared="0" enqueued="0" />
  <stringconstants candidates="3944" cleared="0"  />
</gc-op>
<gc-op id="302" type="sweep" timems="0.238" contextid="298" timestamp="2019-08-02T21:45:22.929" />
<gc-end id="303" type="global" contextid="298" durationms="2.309" usertimems="8.000" systemtimems="0.000" timestamp="2019-08-02T21:45:22.930" activeThreads="2">
  <mem-info id="304" free="3739736" total="8388608" percent="44">
    <mem type="tenure" free="3739736" total="8388608" percent="44" micro-fragmented="363044" macro-fragmented="0">
      <mem type="soa" free="3656792" total="8305664" percent="44" />
      <mem type="loa" free="82944" total="82944" percent="100" />
    </mem>
  </mem-info>
</gc-end>
<cycle-end id="305" type="global" contextid="298" timestamp="2019-08-02T21:45:22.930" />
  <attribute name="elasticGC enabled" value="1" />
  <attribute name= "numThreadsSpecified" value="2" />
  <attribute name="heapSize specified" value="0" />
  <attribute name= "numCores" value="8" />
  <attribute name ="GC Interval" value="0" />
  <attribute name ="Control flow" value="1" />
  <attribute name="GC Util Range Max" value="104" />
  <attribute name="Current GC Util" value="9" />
  <attribute name= "Current Time Running" value="1357" />
<allocation-satisfied id="306" threadId="0000000000CCC800" bytesRequested="16392" />
<af-end id="307" timestamp="2019-08-02T21:45:22.930" threadId="0000000000CCD188" success="true" />
<exclusive-end id="308" timestamp="2019-08-02T21:45:22.930" durationms="2.984" />

<exclusive-start id="309" timestamp="2019-08-02T21:45:22.964" intervalms="36.731">
  <response-info timems="0.053" idlems="0.050" threads="1" lastid="0000000000CDB700" lastname="Thread-9" />
</exclusive-start>
<af-start id="310" threadId="0000000000CDFC88" totalBytesRequested="16392" timestamp="2019-08-02T21:45:22.964" intervalms="36.715" />
<cycle-start id="311" type="global" contextid="0" timestamp="2019-08-02T21:45:22.964" intervalms="36.712" />
<gc-start id="312" type="global" contextid="311" timestamp="2019-08-02T21:45:22.964">
  <mem-info id="313" free="82944" total="8388608" percent="0">
    <mem type="tenure" free="82944" total="8388608" percent="0">
      <mem type="soa" free="0" total="8305664" percent="0" />
      <mem type="loa" free="82944" total="82944" percent="100" />
    </mem>
  </mem-info>
</gc-start>
<allocation-stats totalBytes="3573520" >
  <allocated-bytes non-tlh="1724592" tlh="1848928" />
  <largest-consumer threadName="Thread-4" threadId="0000000000CC8C00" bytes="870224" />
</allocation-stats>
<gc-op id="314" type="mark" timems="2.103" contextid="311" timestamp="2019-08-02T21:45:22.967">
  <trace-info objectcount="40634" scancount="32934" scanbytes="1953788" />
  <finalization candidates="25" enqueued="0" />
  <references type="soft" candidates="65" cleared="0" enqueued="0" dynamicThreshold="14" maxThreshold="32" />
  <references type="weak" candidates="281" cleared="0" enqueued="0" />
  <references type="phantom" candidates="104" cleared="0" enqueued="0" />
  <stringconstants candidates="3944" cleared="0"  />
</gc-op>
<gc-op id="315" type="sweep" timems="0.269" contextid="311" timestamp="2019-08-02T21:45:22.967" />
<gc-end id="316" type="global" contextid="311" durationms="3.548" usertimems="8.000" systemtimems="0.000" timestamp="2019-08-02T21:45:22.968" activeThreads="2">
  <mem-info id="317" free="3749280" total="8388608" percent="44">
    <mem type="tenure" free="3749280" total="8388608" percent="44" micro-fragmented="181571" macro-fragmented="0">
      <mem type="soa" free="3666336" total="8305664" percent="44" />
      <mem type="loa" free="82944" total="82944" percent="100" />
    </mem>
  </mem-info>
</gc-end>
<cycle-end id="318" type="global" contextid="311" timestamp="2019-08-02T21:45:22.968" />
  <attribute name="elasticGC enabled" value="1" />
  <attribute name= "numThreadsSpecified" value="2" />
  <attribute name="heapSize specified" value="0" />
  <attribute name= "numCores" value="8" />
  <attribute name ="GC Interval" value="0" />
  <attribute name ="Control flow" value="1" />
  <attribute name="GC Util Range Max" value="104" />
  <attribute name="Current GC Util" value="9" />
  <attribute name= "Current Time Running" value="1394" />
<allocation-satisfied id="319" threadId="0000000000CDF300" bytesRequested="16392" />
<af-end id="320" timestamp="2019-08-02T21:45:22.968" threadId="0000000000CDFC88" success="true" />
<exclusive-end id="321" timestamp="2019-08-02T21:45:22.969" durationms="4.491" />

<exclusive-start id="322" timestamp="2019-08-02T21:45:23.024" intervalms="59.541">
  <response-info timems="0.042" idlems="0.042" threads="0" lastid="0000000000CC5000" lastname="Thread-3" />
</exclusive-start>
<af-start id="323" threadId="0000000000CC5988" totalBytesRequested="16392" timestamp="2019-08-02T21:45:23.024" intervalms="59.586" />
<cycle-start id="324" type="global" contextid="0" timestamp="2019-08-02T21:45:23.024" intervalms="59.573" />
<gc-start id="325" type="global" contextid="324" timestamp="2019-08-02T21:45:23.024">
  <mem-info id="326" free="143064" total="8388608" percent="1">
    <mem type="tenure" free="143064" total="8388608" percent="1">
      <mem type="soa" free="60120" total="8305664" percent="0" />
      <mem type="loa" free="82944" total="82944" percent="100" />
    </mem>
  </mem-info>
</gc-start>
<allocation-stats totalBytes="3511704" >
  <allocated-bytes non-tlh="1491856" tlh="2019848" />
  <largest-consumer threadName="Thread-9" threadId="0000000000CDB700" bytes="812480" />
</allocation-stats>
<gc-op id="327" type="mark" timems="1.687" contextid="324" timestamp="2019-08-02T21:45:23.026">
  <trace-info objectcount="40581" scancount="32833" scanbytes="1961716" />
  <finalization candidates="25" enqueued="0" />
  <references type="soft" candidates="65" cleared="0" enqueued="0" dynamicThreshold="14" maxThreshold="32" />
  <references type="weak" candidates="280" cleared="0" enqueued="0" />
  <references type="phantom" candidates="102" cleared="0" enqueued="0" />
  <stringconstants candidates="3944" cleared="0"  />
</gc-op>
<gc-op id="328" type="sweep" timems="0.247" contextid="324" timestamp="2019-08-02T21:45:23.026" />
<gc-end id="329" type="global" contextid="324" durationms="2.702" usertimems="4.000" systemtimems="0.000" timestamp="2019-08-02T21:45:23.027" activeThreads="2">
  <mem-info id="330" free="3685688" total="8388608" percent="43">
    <mem type="tenure" free="3685688" total="8388608" percent="43" micro-fragmented="171989" macro-fragmented="0">
      <mem type="soa" free="3602744" total="8305664" percent="43" />
      <mem type="loa" free="82944" total="82944" percent="100" />
    </mem>
  </mem-info>
</gc-end>
<cycle-end id="331" type="global" contextid="324" timestamp="2019-08-02T21:45:23.027" />
  <attribute name="elasticGC enabled" value="1" />
  <attribute name= "numThreadsSpecified" value="2" />
  <attribute name="heapSize specified" value="0" />
  <attribute name= "numCores" value="8" />
  <attribute name ="GC Interval" value="0" />
  <attribute name ="Control flow" value="1" />
  <attribute name="GC Util Range Max" value="104" />
  <attribute name="Current GC Util" value="9" />
  <attribute name= "Current Time Running" value="1453" />
<allocation-satisfied id="332" threadId="0000000000CC5000" bytesRequested="16392" />
<af-end id="333" timestamp="2019-08-02T21:45:23.027" threadId="0000000000CC5988" success="true" />
<exclusive-end id="334" timestamp="2019-08-02T21:45:23.027" durationms="3.218" />

<exclusive-start id="335" timestamp="2019-08-02T21:45:23.078" intervalms="54.336">
  <response-info timems="0.066" idlems="0.066" threads="0" lastid="0000000000CC8C00" lastname="Thread-4" />
</exclusive-start>
<af-start id="336" threadId="0000000000CC9588" totalBytesRequested="32776" timestamp="2019-08-02T21:45:23.078" intervalms="54.233" />
<cycle-start id="337" type="global" contextid="0" timestamp="2019-08-02T21:45:23.078" intervalms="54.250" />
<gc-start id="338" type="global" contextid="337" timestamp="2019-08-02T21:45:23.078">
  <mem-info id="339" free="460136" total="8388608" percent="5">
    <mem type="tenure" free="460136" total="8388608" percent="5">
      <mem type="soa" free="377192" total="8305664" percent="4" />
      <mem type="loa" free="82944" total="82944" percent="100" />
    </mem>
  </mem-info>
</gc-start>
<allocation-stats totalBytes="3123384" >
  <allocated-bytes non-tlh="1374584" tlh="1748800" />
  <largest-consumer threadName="Thread-9" threadId="0000000000CDB700" bytes="905344" />
</allocation-stats>
<gc-op id="340" type="mark" timems="1.593" contextid="337" timestamp="2019-08-02T21:45:23.080">
  <trace-info objectcount="39996" scancount="32277" scanbytes="1890556" />
  <finalization candidates="25" enqueued="0" />
  <references type="soft" candidates="65" cleared="0" enqueued="0" dynamicThreshold="14" maxThreshold="32" />
  <references type="weak" candidates="280" cleared="0" enqueued="0" />
  <references type="phantom" candidates="102" cleared="0" enqueued="0" />
  <stringconstants candidates="3944" cleared="0"  />
</gc-op>
<gc-op id="341" type="sweep" timems="0.254" contextid="337" timestamp="2019-08-02T21:45:23.080" />
<gc-end id="342" type="global" contextid="337" durationms="2.709" usertimems="0.000" systemtimems="4.000" timestamp="2019-08-02T21:45:23.081" activeThreads="2">
  <mem-info id="343" free="3900520" total="8388608" percent="46">
    <mem type="tenure" free="3900520" total="8388608" percent="46" micro-fragmented="275603" macro-fragmented="0">
      <mem type="soa" free="3817576" total="8305664" percent="45" />
      <mem type="loa" free="82944" total="82944" percent="100" />
    </mem>
  </mem-info>
</gc-end>
<cycle-end id="344" type="global" contextid="337" timestamp="2019-08-02T21:45:23.081" />
  <attribute name="elasticGC enabled" value="1" />
  <attribute name= "numThreadsSpecified" value="2" />
  <attribute name="heapSize specified" value="0" />
  <attribute name= "numCores" value="8" />
  <attribute name ="GC Interval" value="0" />
  <attribute name ="Control flow" value="1" />
  <attribute name="GC Util Range Max" value="104" />
  <attribute name="Current GC Util" value="7" />
  <attribute name= "Current Time Running" value="1508" />
<allocation-satisfied id="345" threadId="0000000000CC8C00" bytesRequested="32776" />
<af-end id="346" timestamp="2019-08-02T21:45:23.081" threadId="0000000000CC9588" success="true" />
<exclusive-end id="347" timestamp="2019-08-02T21:45:23.081" durationms="3.571" />

<exclusive-start id="348" timestamp="2019-08-02T21:45:23.122" intervalms="44.141">
  <response-info timems="0.057" idlems="0.057" threads="0" lastid="0000000000CD7B00" lastname="Thread-8" />
</exclusive-start>
<af-start id="349" threadId="0000000000CD8488" totalBytesRequested="16" timestamp="2019-08-02T21:45:23.122" intervalms="44.192" />
<cycle-start id="350" type="global" contextid="0" timestamp="2019-08-02T21:45:23.122" intervalms="44.190" />
<gc-start id="351" type="global" contextid="350" timestamp="2019-08-02T21:45:23.122">
  <mem-info id="352" free="82944" total="8388608" percent="0">
    <mem type="tenure" free="82944" total="8388608" percent="0">
      <mem type="soa" free="0" total="8305664" percent="0" />
      <mem type="loa" free="82944" total="82944" percent="100" />
    </mem>
  </mem-info>
</gc-start>
<allocation-stats totalBytes="3760152" >
  <allocated-bytes non-tlh="1759184" tlh="2000968" />
  <largest-consumer threadName="Thread-4" threadId="0000000000CC8C00" bytes="1047016" />
</allocation-stats>
<gc-op id="353" type="mark" timems="1.663" contextid="350" timestamp="2019-08-02T21:45:23.124">
  <trace-info objectcount="41385" scancount="33586" scanbytes="2043132" />
  <finalization candidates="25" enqueued="0" />
  <references type="soft" candidates="65" cleared="0" enqueued="0" dynamicThreshold="14" maxThreshold="32" />
  <references type="weak" candidates="280" cleared="0" enqueued="0" />
  <references type="phantom" candidates="103" cleared="0" enqueued="0" />
  <stringconstants candidates="3944" cleared="0"  />
</gc-op>
<gc-op id="354" type="sweep" timems="0.298" contextid="350" timestamp="2019-08-02T21:45:23.125" />
<gc-end id="355" type="global" contextid="350" durationms="2.810" usertimems="4.000" systemtimems="0.000" timestamp="2019-08-02T21:45:23.125" activeThreads="2">
  <mem-info id="356" free="3494376" total="8388608" percent="41">
    <mem type="tenure" free="3494376" total="8388608" percent="41" micro-fragmented="291702" macro-fragmented="0">
      <mem type="soa" free="3411432" total="8305664" percent="41" />
      <mem type="loa" free="82944" total="82944" percent="100" />
    </mem>
  </mem-info>
</gc-end>
<cycle-end id="357" type="global" contextid="350" timestamp="2019-08-02T21:45:23.125" />
  <attribute name="elasticGC enabled" value="1" />
  <attribute name= "numThreadsSpecified" value="2" />
  <attribute name="heapSize specified" value="0" />
  <attribute name= "numCores" value="8" />
  <attribute name ="GC Interval" value="0" />
  <attribute name ="Control flow" value="1" />
  <attribute name="GC Util Range Max" value="104" />
  <attribute name="Current GC Util" value="8" />
  <attribute name= "Current Time Running" value="1552" />
<allocation-satisfied id="358" threadId="0000000000CD7B00" bytesRequested="16" />
<af-end id="359" timestamp="2019-08-02T21:45:23.126" threadId="0000000000CD8488" success="true" />
<exclusive-end id="360" timestamp="2019-08-02T21:45:23.126" durationms="3.661" />

<exclusive-start id="361" timestamp="2019-08-02T21:45:23.179" intervalms="57.004">
  <response-info timems="0.040" idlems="0.040" threads="0" lastid="0000000000CC8C00" lastname="Thread-4" />
</exclusive-start>
<af-start id="362" threadId="0000000000CC9588" totalBytesRequested="16392" timestamp="2019-08-02T21:45:23.179" intervalms="57.072" />
<cycle-start id="363" type="global" contextid="0" timestamp="2019-08-02T21:45:23.179" intervalms="57.072" />
<gc-start id="364" type="global" contextid="363" timestamp="2019-08-02T21:45:23.179">
  <mem-info id="365" free="82944" total="8388608" percent="0">
    <mem type="tenure" free="82944" total="8388608" percent="0">
      <mem type="soa" free="0" total="8305664" percent="0" />
      <mem type="loa" free="82944" total="82944" percent="100" />
    </mem>
  </mem-info>
</gc-start>
<allocation-stats totalBytes="3314416" >
  <allocated-bytes non-tlh="1287648" tlh="2026768" />
  <largest-consumer threadName="Thread-3" threadId="0000000000CC5000" bytes="562920" />
</allocation-stats>
<gc-op id="366" type="mark" timems="1.605" contextid="363" timestamp="2019-08-02T21:45:23.181">
  <trace-info objectcount="40917" scancount="33174" scanbytes="1992964" />
  <finalization candidates="25" enqueued="0" />
  <references type="soft" candidates="65" cleared="0" enqueued="0" dynamicThreshold="13" maxThreshold="32" />
  <references type="weak" candidates="280" cleared="0" enqueued="0" />
  <references type="phantom" candidates="103" cleared="0" enqueued="0" />
  <stringconstants candidates="3944" cleared="0"  />
</gc-op>
<gc-op id="367" type="sweep" timems="0.265" contextid="363" timestamp="2019-08-02T21:45:23.181" />
<gc-end id="368" type="global" contextid="363" durationms="2.724" usertimems="4.000" systemtimems="0.000" timestamp="2019-08-02T21:45:23.182" activeThreads="2">
  <mem-info id="369" free="3663392" total="8388608" percent="43">
    <mem type="tenure" free="3663392" total="8388608" percent="43" micro-fragmented="298129" macro-fragmented="0">
      <mem type="soa" free="3580448" total="8305664" percent="43" />
      <mem type="loa" free="82944" total="82944" percent="100" />
    </mem>
  </mem-info>
</gc-end>
<cycle-end id="370" type="global" contextid="363" timestamp="2019-08-02T21:45:23.182" />
  <attribute name="elasticGC enabled" value="1" />
  <attribute name= "numThreadsSpecified" value="2" />
  <attribute name="heapSize specified" value="0" />
  <attribute name= "numCores" value="8" />
  <attribute name ="GC Interval" value="0" />
  <attribute name ="Control flow" value="1" />
  <attribute name="GC Util Range Max" value="104" />
  <attribute name="Current GC Util" value="9" />
  <attribute name= "Current Time Running" value="1609" />
<allocation-satisfied id="371" threadId="0000000000CC8C00" bytesRequested="16392" />
<af-end id="372" timestamp="2019-08-02T21:45:23.182" threadId="0000000000CC9588" success="true" />
<exclusive-end id="373" timestamp="2019-08-02T21:45:23.183" durationms="3.494" />

<exclusive-start id="374" timestamp="2019-08-02T21:45:23.247" intervalms="68.275">
  <response-info timems="0.042" idlems="0.042" threads="0" lastid="0000000000CD7B00" lastname="Thread-8" />
</exclusive-start>
<af-start id="375" threadId="0000000000CD8488" totalBytesRequested="16392" timestamp="2019-08-02T21:45:23.248" intervalms="68.263" />
<cycle-start id="376" type="global" contextid="0" timestamp="2019-08-02T21:45:23.248" intervalms="68.268" />
<gc-start id="377" type="global" contextid="376" timestamp="2019-08-02T21:45:23.248">
  <mem-info id="378" free="82944" total="8388608" percent="0">
    <mem type="tenure" free="82944" total="8388608" percent="0">
      <mem type="soa" free="0" total="8305664" percent="0" />
      <mem type="loa" free="82944" total="82944" percent="100" />
    </mem>
  </mem-info>
</gc-start>
<allocation-stats totalBytes="3484824" >
  <allocated-bytes non-tlh="1713680" tlh="1771144" />
  <largest-consumer threadName="Thread-5" threadId="0000000000CCC800" bytes="830264" />
</allocation-stats>
<gc-op id="379" type="mark" timems="1.208" contextid="376" timestamp="2019-08-02T21:45:23.249">
  <trace-info objectcount="40518" scancount="32791" scanbytes="1967088" />
  <finalization candidates="25" enqueued="0" />
  <references type="soft" candidates="65" cleared="0" enqueued="0" dynamicThreshold="13" maxThreshold="32" />
  <references type="weak" candidates="280" cleared="0" enqueued="0" />
  <references type="phantom" candidates="103" cleared="0" enqueued="0" />
  <stringconstants candidates="3944" cleared="0"  />
</gc-op>
<gc-op id="380" type="sweep" timems="0.243" contextid="376" timestamp="2019-08-02T21:45:23.249" />
<gc-end id="381" type="global" contextid="376" durationms="2.330" usertimems="4.000" systemtimems="4.000" timestamp="2019-08-02T21:45:23.250" activeThreads="2">
  <mem-info id="382" free="3822664" total="8388608" percent="45">
    <mem type="tenure" free="3822664" total="8388608" percent="45" micro-fragmented="253955" macro-fragmented="0">
      <mem type="soa" free="3739720" total="8305664" percent="45" />
      <mem type="loa" free="82944" total="82944" percent="100" />
    </mem>
  </mem-info>
</gc-end>
<cycle-end id="383" type="global" contextid="376" timestamp="2019-08-02T21:45:23.250" />
  <attribute name="elasticGC enabled" value="1" />
  <attribute name= "numThreadsSpecified" value="2" />
  <attribute name="heapSize specified" value="0" />
  <attribute name= "numCores" value="8" />
  <attribute name ="GC Interval" value="0" />
  <attribute name ="Control flow" value="1" />
  <attribute name="GC Util Range Max" value="104" />
  <attribute name="Current GC Util" value="8" />
  <attribute name= "Current Time Running" value="1677" />
<allocation-satisfied id="384" threadId="0000000000CD7B00" bytesRequested="16392" />
<af-end id="385" timestamp="2019-08-02T21:45:23.250" threadId="0000000000CD8488" success="true" />
<exclusive-end id="386" timestamp="2019-08-02T21:45:23.250" durationms="3.092" />

<exclusive-start id="387" timestamp="2019-08-02T21:45:23.303" intervalms="55.452">
  <response-info timems="0.065" idlems="0.065" threads="0" lastid="0000000000CC8C00" lastname="Thread-4" />
</exclusive-start>
<af-start id="388" threadId="0000000000CC9588" totalBytesRequested="8200" timestamp="2019-08-02T21:45:23.303" intervalms="55.341" />
<cycle-start id="389" type="global" contextid="0" timestamp="2019-08-02T21:45:23.303" intervalms="55.330" />
<gc-start id="390" type="global" contextid="389" timestamp="2019-08-02T21:45:23.303">
  <mem-info id="391" free="82944" total="8388608" percent="0">
    <mem type="tenure" free="82944" total="8388608" percent="0">
      <mem type="soa" free="0" total="8305664" percent="0" />
      <mem type="loa" free="82944" total="82944" percent="100" />
    </mem>
  </mem-info>
</gc-start>
<allocation-stats totalBytes="3668784" >
  <allocated-bytes non-tlh="1527584" tlh="2141200" />
  <largest-consumer threadName="Thread-5" threadId="0000000000CCC800" bytes="912752" />
</allocation-stats>
<gc-op id="392" type="mark" timems="1.502" contextid="389" timestamp="2019-08-02T21:45:23.305">
  <trace-info objectcount="41323" scancount="33501" scanbytes="2039452" />
  <finalization candidates="25" enqueued="0" />
  <references type="soft" candidates="65" cleared="0" enqueued="0" dynamicThreshold="14" maxThreshold="32" />
  <references type="weak" candidates="280" cleared="0" enqueued="0" />
  <references type="phantom" candidates="103" cleared="0" enqueued="0" />
  <stringconstants candidates="3944" cleared="0"  />
</gc-op>
<gc-op id="393" type="sweep" timems="0.248" contextid="389" timestamp="2019-08-02T21:45:23.305" />
<gc-end id="394" type="global" contextid="389" durationms="2.551" usertimems="8.000" systemtimems="0.000" timestamp="2019-08-02T21:45:23.306" activeThreads="2">
  <mem-info id="395" free="3483800" total="8388608" percent="41">
    <mem type="tenure" free="3483800" total="8388608" percent="41" micro-fragmented="420504" macro-fragmented="0">
      <mem type="soa" free="3400856" total="8305664" percent="40" />
      <mem type="loa" free="82944" total="82944" percent="100" />
    </mem>
  </mem-info>
</gc-end>
<cycle-end id="396" type="global" contextid="389" timestamp="2019-08-02T21:45:23.306" />
  <attribute name="elasticGC enabled" value="1" />
  <attribute name= "numThreadsSpecified" value="2" />
  <attribute name="heapSize specified" value="0" />
  <attribute name= "numCores" value="8" />
  <attribute name ="GC Interval" value="0" />
  <attribute name ="Control flow" value="1" />
  <attribute name="GC Util Range Max" value="104" />
  <attribute name="Current GC Util" value="8" />
  <attribute name= "Current Time Running" value="1732" />
<allocation-satisfied id="397" threadId="0000000000CC8C00" bytesRequested="8200" />
<af-end id="398" timestamp="2019-08-02T21:45:23.306" threadId="0000000000CC9588" success="true" />
<exclusive-end id="399" timestamp="2019-08-02T21:45:23.306" durationms="3.102" />

<exclusive-start id="400" timestamp="2019-08-02T21:45:23.362" intervalms="59.390">
  <response-info timems="0.035" idlems="0.035" threads="0" lastid="0000000000CC8C00" lastname="Thread-4" />
</exclusive-start>
<af-start id="401" threadId="0000000000CC9588" totalBytesRequested="32776" timestamp="2019-08-02T21:45:23.362" intervalms="59.511" />
<cycle-start id="402" type="global" contextid="0" timestamp="2019-08-02T21:45:23.362" intervalms="59.514" />
<gc-start id="403" type="global" contextid="402" timestamp="2019-08-02T21:45:23.363">
  <mem-info id="404" free="86736" total="8388608" percent="1">
    <mem type="tenure" free="86736" total="8388608" percent="1">
      <mem type="soa" free="3792" total="8305664" percent="0" />
      <mem type="loa" free="82944" total="82944" percent="100" />
    </mem>
  </mem-info>
</gc-start>
<allocation-stats totalBytes="3341184" >
  <allocated-bytes non-tlh="1210904" tlh="2130280" />
  <largest-consumer threadName="Thread-10" threadId="0000000000CDF300" bytes="1170544" />
</allocation-stats>
<gc-op id="405" type="mark" timems="1.488" contextid="402" timestamp="2019-08-02T21:45:23.364">
  <trace-info objectcount="41731" scancount="33789" scanbytes="2050744" />
  <finalization candidates="25" enqueued="0" />
  <references type="soft" candidates="65" cleared="0" enqueued="0" dynamicThreshold="13" maxThreshold="32" />
  <references type="weak" candidates="280" cleared="0" enqueued="0" />
  <references type="phantom" candidates="102" cleared="0" enqueued="0" />
  <stringconstants candidates="3944" cleared="0"  />
</gc-op>
<gc-op id="406" type="sweep" timems="0.277" contextid="402" timestamp="2019-08-02T21:45:23.364" />
<gc-end id="407" type="global" contextid="402" durationms="2.992" usertimems="12.000" systemtimems="0.000" timestamp="2019-08-02T21:45:23.366" activeThreads="2">
  <mem-info id="408" free="3380264" total="8388608" percent="40">
    <mem type="tenure" free="3380264" total="8388608" percent="40" micro-fragmented="337664" macro-fragmented="0">
      <mem type="soa" free="3297320" total="8305664" percent="39" />
      <mem type="loa" free="82944" total="82944" percent="100" />
    </mem>
  </mem-info>
</gc-end>
<cycle-end id="409" type="global" contextid="402" timestamp="2019-08-02T21:45:23.366" />
  <attribute name="elasticGC enabled" value="1" />
  <attribute name= "numThreadsSpecified" value="2" />
  <attribute name="heapSize specified" value="0" />
  <attribute name= "numCores" value="8" />
  <attribute name ="GC Interval" value="0" />
  <attribute name ="Control flow" value="1" />
  <attribute name="GC Util Range Max" value="104" />
  <attribute name="Current GC Util" value="9" />
  <attribute name= "Current Time Running" value="1792" />
<allocation-satisfied id="410" threadId="0000000000CC8C00" bytesRequested="32776" />
<af-end id="411" timestamp="2019-08-02T21:45:23.366" threadId="0000000000CC9588" success="true" />
<exclusive-end id="412" timestamp="2019-08-02T21:45:23.366" durationms="3.907" />

<exclusive-start id="413" timestamp="2019-08-02T21:45:23.398" intervalms="36.047">
  <response-info timems="0.042" idlems="0.042" threads="0" lastid="0000000000CDB700" lastname="Thread-9" />
</exclusive-start>
<af-start id="414" threadId="0000000000CDC088" totalBytesRequested="32776" timestamp="2019-08-02T21:45:23.398" intervalms="36.025" />
<cycle-start id="415" type="global" contextid="0" timestamp="2019-08-02T21:45:23.398" intervalms="36.024" />
<gc-start id="416" type="global" contextid="415" timestamp="2019-08-02T21:45:23.399">
  <mem-info id="417" free="218304" total="8388608" percent="2">
    <mem type="tenure" free="218304" total="8388608" percent="2">
      <mem type="soa" free="135360" total="8305664" percent="1" />
      <mem type="loa" free="82944" total="82944" percent="100" />
    </mem>
  </mem-info>
</gc-start>
<allocation-stats totalBytes="3101168" >
  <allocated-bytes non-tlh="1647048" tlh="1454120" />
  <largest-consumer threadName="Thread-10" threadId="0000000000CDF300" bytes="530776" />
</allocation-stats>
<gc-op id="418" type="mark" timems="1.612" contextid="415" timestamp="2019-08-02T21:45:23.400">
  <trace-info objectcount="40498" scancount="32807" scanbytes="1931240" />
  <finalization candidates="25" enqueued="0" />
  <references type="soft" candidates="64" cleared="0" enqueued="0" dynamicThreshold="12" maxThreshold="32" />
  <references type="weak" candidates="275" cleared="0" enqueued="0" />
  <references type="phantom" candidates="102" cleared="2" enqueued="2" />
  <stringconstants candidates="3944" cleared="0"  />
</gc-op>
<gc-op id="419" type="sweep" timems="0.252" contextid="415" timestamp="2019-08-02T21:45:23.401" />
<gc-end id="420" type="global" contextid="415" durationms="2.658" usertimems="4.000" systemtimems="0.000" timestamp="2019-08-02T21:45:23.401" activeThreads="2">
  <mem-info id="421" free="3666504" total="8388608" percent="43">
    <mem type="tenure" free="3666504" total="8388608" percent="43" micro-fragmented="233984" macro-fragmented="0">
      <mem type="soa" free="3583560" total="8305664" percent="43" />
      <mem type="loa" free="82944" total="82944" percent="100" />
    </mem>
    <pending-finalizers system="0" default="0" reference="2" classloader="0" />
  </mem-info>
</gc-end>
<cycle-end id="422" type="global" contextid="415" timestamp="2019-08-02T21:45:23.401" />
  <attribute name="elasticGC enabled" value="1" />
  <attribute name= "numThreadsSpecified" value="2" />
  <attribute name="heapSize specified" value="0" />
  <attribute name= "numCores" value="8" />
  <attribute name ="GC Interval" value="0" />
  <attribute name ="Control flow" value="1" />
  <attribute name="GC Util Range Max" value="104" />
  <attribute name="Current GC Util" value="8" />
  <attribute name= "Current Time Running" value="1828" />
<allocation-satisfied id="423" threadId="0000000000CDB700" bytesRequested="32776" />
<af-end id="424" timestamp="2019-08-02T21:45:23.402" threadId="0000000000CDC088" success="true" />
<exclusive-end id="425" timestamp="2019-08-02T21:45:23.402" durationms="3.408" />

</verbosegc>

