<?xml version="1.0" ?>

<verbosegc xmlns="http://www.ibm.com/j9/verbosegc" version="10b4217_CMPRSS">

<initialized id="1" timestamp="2019-06-16T23:24:25.413">
  <attribute name="gcPolicy" value="-Xgcpolicy:balanced" />
  <attribute name="elasticGC enabled" value="1" />
  <attribute name= "numThreadsSpecified" value="0" />
  <attribute name="heapSize specified" value="0" />
  <attribute name="Current GC Util" value="0" />
  <attribute name= "Current Time Running" value="0" />
  <attribute name ="GC Interval" value="0" />
  <attribute name="ProportionalT" value="0.000000" />
  <attribute name="ProportionalI" value="0.000000" />
  <attribute name="ProportionalH" value="0.000000" />
  <attribute name="IntegralT" value="0.000000" />
  <attribute name="IntegralI" value="0.000000" />
  <attribute name="IntegralH" value="0.000000" />
  <attribute name="DerivativeT" value="0.000000" />
  <attribute name="DerivativeI" value="0.000000" />
  <attribute name="DerivativeH" value="0.000000" />
  <attribute name="Target GC Util Change" value ="0.000000" />
  <attribute name="Current GC Util Change" value="0.000000"/>
  <attribute name="Current Error" value="0.000000" />
  <attribute name="Loop Time for DT" value="0.000000" />
  <attribute name="Output H" value="0"/>
  <attribute name="Output I" value="0"/>
  <attribute name="Output T" value="0"/>
  <attribute name="GC Util currently" value="0" />
  <attribute name="CPU Util currently" value="0" />
  <attribute name="maxHeapSize" value="0x7cb00000" />
  <attribute name="initialHeapSize" value="0x800000" />
  <attribute name="compressedRefs" value="true" />
  <attribute name="compressedRefsDisplacement" value="0x0" />
  <attribute name="compressedRefsShift" value="0x0" />
  <attribute name="pageSize" value="0x1000" />
  <attribute name="pageType" value="not used" />
  <attribute name="requestedPageSize" value="0x1000" />
  <attribute name="requestedPageType" value="not used" />
  <attribute name="gcthreads" value="4" />
  <attribute name="packetListSplit" value="4" />
  <attribute name="cacheListSplit" value="4" />
  <attribute name="splitFreeListSplitAmount" value="1" />
  <attribute name="numaNodes" value="0" />
  <region>
    <attribute name="regionSize" value="1048576" />
    <attribute name="regionCount" value="1995" />
    <attribute name="arrayletLeafSize" value="1048576" />
  </region>
  <system>
    <attribute name="physicalMemory" value="8370958336" />
    <attribute name="numCPUs" value="4" />
    <attribute name="architecture" value="amd64" />
    <attribute name="os" value="Linux" />
    <attribute name="osVersion" value="4.4.0-150-generic" />
  </system>
  <vmargs>
    <vmarg name="-Xoptionsfile=/vagrant/jdk/lib/options.default" />
    <vmarg name="-Xlockword:mode=default,noLockword=java/lang/String,noLockword=java/util/MapEntry,noLockword=java/util/HashMap$Entry,noLockword..." />
    <vmarg name="-Xjcl:jclse29" />
    <vmarg name="-Dcom.ibm.oti.vm.bootstrap.library.path=/vagrant/jdk/lib/compressedrefs:/vagrant/jdk/lib" />
    <vmarg name="-Dsun.boot.library.path=/vagrant/jdk/lib/compressedrefs:/vagrant/jdk/lib" />
    <vmarg name="-Djava.library.path=/vagrant/jdk/lib/compressedrefs:/vagrant/jdk/lib:/usr/lib64:/usr/lib" />
    <vmarg name="-Djava.home=/vagrant/jdk" />
    <vmarg name="-Duser.dir=/vagrant" />
    <vmarg name="-Xgcpolicy:balanced" />
    <vmarg name="-Xgcelastic" />
    <vmarg name="-Xcheck:gc:::elasticGC" />
    <vmarg name="-verbose:gc" />
    <vmarg name="-Xloggc:jdk0.5-0.5-1-default-BAL-4CORE-elasticverbose11xalan.txt" />
    <vmarg name="-Djava.class.path=dacapo-9.12-MR1-bach.jar" />
    <vmarg name="-Dsun.java.command=dacapo-9.12-MR1-bach.jar xalan --size=default" />
    <vmarg name="-Dsun.java.launcher=SUN_STANDARD" />
    <vmarg name="-Dsun.java.launcher.pid=19456" />
  </vmargs>
</initialized>

<exclusive-start id="2" timestamp="2019-06-16T23:24:30.662" intervalms="5248.235">
  <response-info timems="0.026" idlems="0.026" threads="0" lastid="000000000247D700" lastname="main" />
</exclusive-start>
<allocation-taxation id="3" taxation-threshold="8388608" timestamp="2019-06-16T23:24:30.662" intervalms="5248.482" />
<cycle-start id="4" type="partial gc" contextid="0" timestamp="2019-06-16T23:24:30.662" intervalms="5248.920" />
<gc-start id="5" type="partial gc" contextid="4" timestamp="2019-06-16T23:24:30.663">
  <mem-info id="6" free="0" total="8388608" percent="0">
    <mem type="eden" free="96" total="8388608" percent="0" />
    <remembered-set count="0" freebytes="334848" totalbytes="334848" percent="100" regionsoverflowed="0" regionsstable="0" regionsrebuilding="0"/>
  </mem-info>
</gc-start>
<allocation-stats totalBytes="8269440" >
  <allocated-bytes non-tlh="793696" tlh="7475744" arrayletleaf="0"/>
  <largest-consumer threadName="main" threadId="000000000247D700" bytes="8182760" />
</allocation-stats>
<gc-op id="7" type="mark" timems="3.066" contextid="4" timestamp="2019-06-16T23:24:30.667">
  <trace-info objectcount="21817" scancount="17104" scanbytes="569128" />
  <remembered-set-cleared processed="0" cleared="0" durationms="0.064" />
  <finalization candidates="15" enqueued="1" />
  <references type="soft" candidates="75" cleared="0" enqueued="0" dynamicThreshold="32" maxThreshold="32" />
  <references type="weak" candidates="583" cleared="436" enqueued="397" />
  <references type="phantom" candidates="128" cleared="44" enqueued="44" />
  <stringconstants candidates="2971" cleared="0"  />
  <warning details="Mark for calibration purposes" />
</gc-op>
<gc-op id="8" type="classunload" timems="0.038" contextid="4" timestamp="2019-06-16T23:24:30.667">
  <classunload-info classloadercandidates="6" classloadersunloaded="0" classesunloaded="0" anonymousclassesunloaded="0" quiescems="0.000" setupms="0.038" scanms="0.000" postms="0.000" />
</gc-op>
<gc-op id="9" type="sweep" timems="0.485" contextid="4" timestamp="2019-06-16T23:24:30.667" />
<gc-op id="10" type="compact" timems="4.014" contextid="4" timestamp="2019-06-16T23:24:30.672">
  <compact-info movecount="21784" movebytes="1532216" />
  <remembered-set-cleared processed="0" cleared="0" durationms="0.064" />
</gc-op>
<gc-end id="11" type="partial gc" contextid="4" durationms="9.542" usertimems="0.000" systemtimems="12.000" timestamp="2019-06-16T23:24:30.672" activeThreads="4">
  <mem-info id="12" free="6291456" total="8388608" percent="75">
    <mem type="eden" free="562880" total="2097152" percent="26" />
    <pending-finalizers system="1" default="0" reference="441" classloader="0" />
    <remembered-set count="2048" freebytes="326656" totalbytes="334848" percent="97" regionsoverflowed="0" regionsstable="0" regionsrebuilding="0"/>
  </mem-info>
</gc-end>
<cycle-end id="13" type="partial gc" contextid="4" timestamp="2019-06-16T23:24:30.672" />
  <attribute name="elasticGC enabled" value="1" />
  <attribute name= "numThreadsSpecified" value="4" />
  <attribute name="heapSize specified" value="0" />
  <attribute name="Current GC Util" value="52" />
  <attribute name= "Current Time Running" value="5138" />
  <attribute name ="GC Interval" value="0" />
  <attribute name="ProportionalT" value="16.000000" />
  <attribute name="ProportionalI" value="16.000000" />
  <attribute name="ProportionalH" value="16.000000" />
  <attribute name="Current Error" value="32.000000" />
  <attribute name="IntegralT" value="-51155.000000" />
  <attribute name="IntegralI" value="-51155.000000" />
  <attribute name="IntegralH" value="-51155.000000" />
  <attribute name="DerivativeT" value="-40.000000" />
  <attribute name="DerivativeI" value="-40.000000" />
  <attribute name="DerivativeH" value="-40.000000" />
  <attribute name="Loop Time for DT" value="1.000000" />
  <attribute name="Output H" value="2091843584"/>
  <attribute name="Output I" value="200"/>
  <attribute name="Output T" value="4"/>
  <attribute name="Target GC Util Change" value ="20.000000" />
  <attribute name="Current GC Util Change" value="52.000000"/>
  <attribute name="GC Util currently" value="52" />
  <attribute name="CPU Util currently" value="6072738262338" />
<exclusive-end id="14" timestamp="2019-06-16T23:24:30.672" durationms="10.857" />

<exclusive-start id="15" timestamp="2019-06-16T23:24:31.025" intervalms="363.702">
  <response-info timems="0.071" idlems="0.071" threads="0" lastid="000000000247D700" lastname="main" />
</exclusive-start>
<sys-start reason="explicit" id="16" timestamp="2019-06-16T23:24:31.372" intervalms="5958.976" />
<cycle-start id="17" type="global garbage collect" contextid="0" timestamp="2019-06-16T23:24:31.598" intervalms="6184.935" />
<gc-start id="18" type="global garbage collect" contextid="17" timestamp="2019-06-16T23:24:31.599">
  <mem-info id="19" free="504248" total="8388608" percent="6">
    <mem type="eden" free="504328" total="6291456" percent="8" />
    <remembered-set count="2048" freebytes="326656" totalbytes="334848" percent="97" regionsoverflowed="0" regionsstable="0" regionsrebuilding="0"/>
  </mem-info>
</gc-start>
<allocation-stats totalBytes="5729336" >
  <allocated-bytes non-tlh="129816" tlh="5599520" arrayletleaf="0"/>
  <largest-consumer threadName="main" threadId="000000000247D700" bytes="5696832" />
</allocation-stats>
<gc-op id="20" type="global mark" timems="53.886" contextid="17" timestamp="2019-06-16T23:24:31.763">
  <trace-info objectcount="29728" scancount="23294" scanbytes="872900" />
  <finalization candidates="15" enqueued="0" />
  <references type="soft" candidates="134" cleared="0" enqueued="0" dynamicThreshold="24" maxThreshold="32" />
  <references type="weak" candidates="181" cleared="29" enqueued="29" />
  <references type="phantom" candidates="86" cleared="2" enqueued="2" />
  <stringconstants candidates="3535" cleared="22"  />
</gc-op>
<gc-op id="21" type="classunload" timems="0.002" contextid="17" timestamp="2019-06-16T23:24:31.763">
  <classunload-info classloadercandidates="19" classloadersunloaded="0" classesunloaded="0" anonymousclassesunloaded="0" quiescems="0.000" setupms="0.002" scanms="0.000" postms="0.000" />
</gc-op>
<gc-op id="22" type="sweep" timems="0.532" contextid="17" timestamp="2019-06-16T23:24:31.764" />
<gc-op id="23" type="compact" timems="3.125" contextid="17" timestamp="2019-06-16T23:24:31.768">
  <compact-info movecount="23987" movebytes="1751744" />
  <remembered-set-cleared processed="9144" cleared="9144" durationms="0.070" />
</gc-op>
<gc-end id="24" type="global garbage collect" contextid="17" durationms="168.756" usertimems="16.000" systemtimems="8.000" timestamp="2019-06-16T23:24:31.768" activeThreads="4">
  <mem-info id="25" free="5242880" total="8388608" percent="62">
    <pending-finalizers system="0" default="0" reference="31" classloader="0" />
    <remembered-set count="3072" freebytes="322560" totalbytes="334848" percent="96" regionsoverflowed="0" regionsstable="0" regionsrebuilding="0"/>
  </mem-info>
</gc-end>
<cycle-end id="26" type="global garbage collect" contextid="17" timestamp="2019-06-16T23:24:31.768" />
  <attribute name="elasticGC enabled" value="1" />
  <attribute name= "numThreadsSpecified" value="4" />
  <attribute name="heapSize specified" value="0" />
  <attribute name="Current GC Util" value="34" />
  <attribute name= "Current Time Running" value="6235" />
  <attribute name ="GC Interval" value="0" />
  <attribute name="ProportionalT" value="7.000000" />
  <attribute name="ProportionalI" value="7.000000" />
  <attribute name="ProportionalH" value="7.000000" />
  <attribute name="Current Error" value="14.000000" />
  <attribute name="IntegralT" value="7.000000" />
  <attribute name="IntegralI" value="7.000000" />
  <attribute name="IntegralH" value="7.000000" />
  <attribute name="DerivativeT" value="14.000000" />
  <attribute name="DerivativeI" value="14.000000" />
  <attribute name="DerivativeH" value="14.000000" />
  <attribute name="Loop Time for DT" value="1.000000" />
  <attribute name="Output H" value="8388608"/>
  <attribute name="Output I" value="200"/>
  <attribute name="Output T" value="4"/>
  <attribute name="Target GC Util Change" value ="20.000000" />
  <attribute name="Current GC Util Change" value="34.000000"/>
  <attribute name="GC Util currently" value="34" />
  <attribute name="CPU Util currently" value="4900543663567" />
<sys-end id="27" timestamp="2019-06-16T23:24:31.768" />
<exclusive-end id="28" timestamp="2019-06-16T23:24:31.769" durationms="743.232" />

<exclusive-start id="29" timestamp="2019-06-16T23:24:32.139" intervalms="1114.028">
  <response-info timems="0.065" idlems="0.065" threads="0" lastid="00000000027AE900" lastname="Thread-3" />
</exclusive-start>
<allocation-taxation id="30" taxation-threshold="5242880" timestamp="2019-06-16T23:24:32.139" intervalms="1477.565" />
<cycle-start id="31" type="partial gc" contextid="0" timestamp="2019-06-16T23:24:32.140" intervalms="1477.237" />
<gc-start id="32" type="partial gc" contextid="31" timestamp="2019-06-16T23:24:32.140">
  <mem-info id="33" free="0" total="8388608" percent="0">
    <mem type="eden" free="24" total="5242880" percent="0" />
    <remembered-set count="3072" freebytes="322560" totalbytes="334848" percent="96" regionsoverflowed="0" regionsstable="0" regionsrebuilding="0"/>
  </mem-info>
</gc-start>
<allocation-stats totalBytes="5217216" >
  <allocated-bytes non-tlh="355320" tlh="4861896" arrayletleaf="0"/>
  <largest-consumer threadName="Thread-6" threadId="00000000027B9D00" bytes="1581904" />
</allocation-stats>
<gc-op id="34" type="mark" timems="1.856" contextid="31" timestamp="2019-06-16T23:24:32.142">
  <trace-info objectcount="12022" scancount="9658" scanbytes="781816" />
  <cardclean-info objects="1394" bytes="64008" />
  <remembered-set-cleared processed="2326" cleared="217" durationms="0.076" />
  <finalization candidates="10" enqueued="0" />
  <references type="soft" candidates="31" cleared="0" enqueued="0" dynamicThreshold="20" maxThreshold="32" />
  <references type="weak" candidates="143" cleared="28" enqueued="27" />
  <references type="phantom" candidates="13" cleared="0" enqueued="0" />
  <stringconstants candidates="3942" cleared="0"  />
  <warning details="Mark invoked due to insufficient free space for Copy-Forward" />
</gc-op>
<gc-op id="35" type="classunload" timems="0.276" contextid="31" timestamp="2019-06-16T23:24:32.142">
  <classunload-info classloadercandidates="19" classloadersunloaded="0" classesunloaded="3" anonymousclassesunloaded="3" quiescems="0.000" setupms="0.269" scanms="0.004" postms="0.003" />
</gc-op>
<gc-op id="36" type="sweep" timems="0.440" contextid="31" timestamp="2019-06-16T23:24:32.143" />
<gc-op id="37" type="compact" timems="2.474" contextid="31" timestamp="2019-06-16T23:24:32.146">
  <compact-info movecount="11995" movebytes="1335208" />
  <remembered-set-cleared processed="6098" cleared="1846" durationms="0.076" />
</gc-op>
<heap-resize id="38" type="expand" space="default" amount="1048576" count="1" timems="0.058" reason="insufficient free space following gc" timestamp="2019-06-16T23:24:32.146" />
<gc-end id="39" type="partial gc" contextid="31" durationms="6.531" usertimems="4.000" systemtimems="0.000" timestamp="2019-06-16T23:24:32.146" activeThreads="1">
  <mem-info id="40" free="4194304" total="9437184" percent="44">
    <mem type="eden" free="757880" total="2097152" percent="36" />
    <pending-finalizers system="0" default="0" reference="27" classloader="0" />
    <remembered-set count="4320" freebytes="359424" totalbytes="376704" percent="95" regionsoverflowed="0" regionsstable="0" regionsrebuilding="0"/>
  </mem-info>
</gc-end>
<cycle-end id="41" type="partial gc" contextid="31" timestamp="2019-06-16T23:24:32.146" />
  <attribute name="elasticGC enabled" value="1" />
  <attribute name= "numThreadsSpecified" value="1" />
  <attribute name="heapSize specified" value="0" />
  <attribute name="Current GC Util" value="29" />
  <attribute name= "Current Time Running" value="6613" />
  <attribute name ="GC Interval" value="0" />
  <attribute name="ProportionalT" value="4.500000" />
  <attribute name="ProportionalI" value="4.500000" />
  <attribute name="ProportionalH" value="4.500000" />
  <attribute name="Current Error" value="9.000000" />
  <attribute name="IntegralT" value="0.000000" />
  <attribute name="IntegralI" value="0.000000" />
  <attribute name="IntegralH" value="0.000000" />
  <attribute name="DerivativeT" value="inf" />
  <attribute name="DerivativeI" value="inf" />
  <attribute name="DerivativeH" value="inf" />
  <attribute name="Loop Time for DT" value="0.000000" />
  <attribute name="Output H" value="8388608"/>
  <attribute name="Output I" value="200"/>
  <attribute name="Output T" value="1"/>
  <attribute name="Target GC Util Change" value ="20.000000" />
  <attribute name="Current GC Util Change" value="29.000000"/>
  <attribute name="GC Util currently" value="29" />
  <attribute name="CPU Util currently" value="6756375947571" />
<exclusive-end id="42" timestamp="2019-06-16T23:24:32.147" durationms="7.389" />

<exclusive-start id="43" timestamp="2019-06-16T23:24:32.247" intervalms="107.472">
  <response-info timems="0.063" idlems="0.034" threads="1" lastid="00000000027AE900" lastname="Thread-3" />
</exclusive-start>
<allocation-taxation id="44" taxation-threshold="2097152" timestamp="2019-06-16T23:24:32.247" intervalms="107.476" />
<cycle-start id="45" type="global mark phase" contextid="0" timestamp="2019-06-16T23:24:32.247" intervalms="6833.590" />
<gc-start id="46" type="global mark phase" contextid="45" timestamp="2019-06-16T23:24:32.247">
  <mem-info id="47" free="2097152" total="9437184" percent="22">
    <remembered-set count="3968" freebytes="360832" totalbytes="376704" percent="95" regionsoverflowed="0" regionsstable="0" regionsrebuilding="0"/>
  </mem-info>
</gc-start>
<gc-op id="48" type="mark increment" timems="0.640" contextid="45" timestamp="2019-06-16T23:24:32.248">
  <trace-info objectcount="254" scancount="0" scanbytes="0" />
</gc-op>
<gc-end id="49" type="global mark phase" contextid="45" durationms="0.832" usertimems="4.000" systemtimems="0.000" timestamp="2019-06-16T23:24:32.248" activeThreads="4">
  <mem-info id="50" free="2097152" total="9437184" percent="22">
    <remembered-set count="3968" freebytes="360832" totalbytes="376704" percent="95" regionsoverflowed="0" regionsstable="0" regionsrebuilding="0"/>
  </mem-info>
</gc-end>
<concurrent-start id="51" type="GMP work packet processing" contextid="45" timestamp="2019-06-16T23:24:32.248">
  <concurrent-mark-start scanTarget="18446744073709551615" />
</concurrent-start>
<exclusive-end id="52" timestamp="2019-06-16T23:24:32.248" durationms="1.258" />

<concurrent-end id="53" type="GMP work packet processing" contextid="45" timestamp="2019-06-16T23:24:32.251">
  <concurrent-mark-end bytesScanned="1651100" reasonForTermination="Completed all work in GC phase" />
</concurrent-end>

<exclusive-start id="54" timestamp="2019-06-16T23:24:32.353" intervalms="106.313">
  <response-info timems="0.153" idlems="0.153" threads="0" lastid="00000000027B2500" lastname="Thread-4" />
</exclusive-start>
<allocation-taxation id="55" taxation-threshold="2097152" timestamp="2019-06-16T23:24:32.353" intervalms="106.362" />
<cycle-start id="56" type="partial gc" contextid="0" timestamp="2019-06-16T23:24:32.353" intervalms="213.835" />
<gc-start id="57" type="partial gc" contextid="56" timestamp="2019-06-16T23:24:32.354">
  <mem-info id="58" free="0" total="9437184" percent="0">
    <mem type="eden" free="0" total="5242880" percent="0" />
    <remembered-set count="3968" freebytes="360832" totalbytes="376704" percent="95" regionsoverflowed="0" regionsstable="0" regionsrebuilding="0"/>
  </mem-info>
</gc-start>
<allocation-stats totalBytes="4061656" >
  <allocated-bytes non-tlh="17480" tlh="4044176" arrayletleaf="0"/>
  <largest-consumer threadName="Thread-5" threadId="00000000027B6100" bytes="844544" />
</allocation-stats>
<gc-op id="59" type="mark" timems="1.701" contextid="56" timestamp="2019-06-16T23:24:32.356">
  <trace-info objectcount="11767" scancount="9408" scanbytes="782376" />
  <cardclean-info objects="963" bytes="53220" />
  <remembered-set-cleared processed="3060" cleared="990" durationms="0.072" />
  <finalization candidates="10" enqueued="0" />
  <references type="soft" candidates="31" cleared="0" enqueued="0" dynamicThreshold="7" maxThreshold="32" />
  <references type="weak" candidates="116" cleared="1" enqueued="1" />
  <references type="phantom" candidates="14" cleared="0" enqueued="0" />
  <stringconstants candidates="3960" cleared="0"  />
  <warning details="Mark invoked due to insufficient free space for Copy-Forward" />
</gc-op>
<gc-op id="60" type="classunload" timems="0.003" contextid="56" timestamp="2019-06-16T23:24:32.356">
  <classunload-info classloadercandidates="20" classloadersunloaded="0" classesunloaded="0" anonymousclassesunloaded="0" quiescems="0.000" setupms="0.003" scanms="0.000" postms="0.000" />
</gc-op>
<gc-op id="61" type="sweep" timems="0.398" contextid="56" timestamp="2019-06-16T23:24:32.357" />
<gc-op id="62" type="compact" timems="1.778" contextid="56" timestamp="2019-06-16T23:24:32.359">
  <compact-info movecount="11764" movebytes="1390640" />
  <remembered-set-cleared processed="6812" cleared="2668" durationms="0.072" />
</gc-op>
<heap-resize id="63" type="expand" space="default" amount="2097152" count="1" timems="0.063" reason="insufficient free space following gc" timestamp="2019-06-16T23:24:32.359" />
<gc-end id="64" type="partial gc" contextid="56" durationms="5.353" usertimems="0.000" systemtimems="8.000" timestamp="2019-06-16T23:24:32.359" activeThreads="4">
  <mem-info id="65" free="6291456" total="11534336" percent="54">
    <mem type="eden" free="109832" total="1048576" percent="10" />
    <pending-finalizers system="0" default="0" reference="1" classloader="0" />
    <remembered-set count="5280" freebytes="439296" totalbytes="460416" percent="95" regionsoverflowed="0" regionsstable="0" regionsrebuilding="0"/>
  </mem-info>
</gc-end>
<cycle-end id="66" type="partial gc" contextid="56" timestamp="2019-06-16T23:24:32.359" />
  <attribute name="elasticGC enabled" value="1" />
  <attribute name= "numThreadsSpecified" value="4" />
  <attribute name="heapSize specified" value="0" />
  <attribute name="Current GC Util" value="29" />
  <attribute name= "Current Time Running" value="6827" />
  <attribute name ="GC Interval" value="0" />
  <attribute name="ProportionalT" value="4.500000" />
  <attribute name="ProportionalI" value="4.500000" />
  <attribute name="ProportionalH" value="4.500000" />
  <attribute name="Current Error" value="9.000000" />
  <attribute name="IntegralT" value="4.500000" />
  <attribute name="IntegralI" value="4.500000" />
  <attribute name="IntegralH" value="4.500000" />
  <attribute name="DerivativeT" value="9.000000" />
  <attribute name="DerivativeI" value="9.000000" />
  <attribute name="DerivativeH" value="9.000000" />
  <attribute name="Loop Time for DT" value="1.000000" />
  <attribute name="Output H" value="8388608"/>
  <attribute name="Output I" value="200"/>
  <attribute name="Output T" value="4"/>
  <attribute name="Target GC Util Change" value ="20.000000" />
  <attribute name="Current GC Util Change" value="29.000000"/>
  <attribute name="GC Util currently" value="29" />
  <attribute name="CPU Util currently" value="7123989362100" />
<exclusive-end id="67" timestamp="2019-06-16T23:24:32.359" durationms="6.161" />

<exclusive-start id="68" timestamp="2019-06-16T23:24:32.457" intervalms="103.575">
  <response-info timems="0.043" idlems="0.024" threads="1" lastid="00000000027B9D00" lastname="Thread-6" />
</exclusive-start>
<allocation-taxation id="69" taxation-threshold="3145728" timestamp="2019-06-16T23:24:32.457" intervalms="103.525" />
<gc-start id="70" type="global mark phase" contextid="45" timestamp="2019-06-16T23:24:32.457">
  <mem-info id="71" free="3145728" total="11534336" percent="27">
    <remembered-set count="4832" freebytes="441088" totalbytes="460416" percent="95" regionsoverflowed="0" regionsstable="0" regionsrebuilding="0"/>
  </mem-info>
</gc-start>
<gc-op id="72" type="mark increment" timems="1.302" contextid="45" timestamp="2019-06-16T23:24:32.458">
  <trace-info objectcount="12138" scancount="9645" scanbytes="794332" />
  <cardclean-info objects="1796" bytes="87096" />
  <finalization candidates="25" enqueued="0" />
  <references type="soft" candidates="165" cleared="0" enqueued="0" dynamicThreshold="17" maxThreshold="32" />
  <references type="weak" candidates="267" cleared="0" enqueued="0" />
  <references type="phantom" candidates="98" cleared="2" enqueued="2" />
  <stringconstants candidates="3962" cleared="0"  />
</gc-op>
<gc-op id="73" type="classunload" timems="0.003" contextid="45" timestamp="2019-06-16T23:24:32.458">
  <classunload-info classloadercandidates="20" classloadersunloaded="0" classesunloaded="0" anonymousclassesunloaded="0" quiescems="0.000" setupms="0.003" scanms="0.000" postms="0.000" />
</gc-op>
<gc-end id="74" type="global mark phase" contextid="45" durationms="1.532" usertimems="0.000" systemtimems="4.000" timestamp="2019-06-16T23:24:32.458" activeThreads="1">
  <mem-info id="75" free="3145728" total="11534336" percent="27">
    <pending-finalizers system="0" default="0" reference="2" classloader="0" />
    <remembered-set count="4832" freebytes="441088" totalbytes="460416" percent="95" regionsoverflowed="0" regionsstable="0" regionsrebuilding="0"/>
  </mem-info>
</gc-end>
<cycle-end id="76" type="global mark phase" contextid="45" timestamp="2019-06-16T23:24:32.458" />
  <attribute name="elasticGC enabled" value="1" />
  <attribute name= "numThreadsSpecified" value="1" />
  <attribute name="heapSize specified" value="0" />
  <attribute name="Current GC Util" value="143" />
  <attribute name= "Current Time Running" value="6928" />
  <attribute name ="GC Interval" value="0" />
  <attribute name="ProportionalT" value="61.500000" />
  <attribute name="ProportionalI" value="61.500000" />
  <attribute name="ProportionalH" value="61.500000" />
  <attribute name="Current Error" value="123.000000" />
  <attribute name="IntegralT" value="0.000000" />
  <attribute name="IntegralI" value="0.000000" />
  <attribute name="IntegralH" value="0.000000" />
  <attribute name="DerivativeT" value="inf" />
  <attribute name="DerivativeI" value="inf" />
  <attribute name="DerivativeH" value="inf" />
  <attribute name="Loop Time for DT" value="0.000000" />
  <attribute name="Output H" value="8388608"/>
  <attribute name="Output I" value="200"/>
  <attribute name="Output T" value="1"/>
  <attribute name="Target GC Util Change" value ="20.000000" />
  <attribute name="Current GC Util Change" value="143.000000"/>
  <attribute name="GC Util currently" value="143" />
  <attribute name="CPU Util currently" value="9893116216425" />
<exclusive-end id="77" timestamp="2019-06-16T23:24:32.459" durationms="1.854" />

<exclusive-start id="78" timestamp="2019-06-16T23:24:32.544" intervalms="87.111">
  <response-info timems="0.023" idlems="0.023" threads="0" lastid="00000000027B6100" lastname="Thread-5" />
</exclusive-start>
<allocation-taxation id="79" taxation-threshold="3145728" timestamp="2019-06-16T23:24:32.544" intervalms="87.109" />
<cycle-start id="80" type="partial gc" contextid="0" timestamp="2019-06-16T23:24:32.544" intervalms="190.592" />
<gc-start id="81" type="partial gc" contextid="80" timestamp="2019-06-16T23:24:32.544">
  <mem-info id="82" free="0" total="11534336" percent="0">
    <mem type="eden" free="0" total="6291456" percent="0" />
    <remembered-set count="4832" freebytes="441088" totalbytes="460416" percent="95" regionsoverflowed="0" regionsstable="0" regionsrebuilding="0"/>
  </mem-info>
</gc-start>
<allocation-stats totalBytes="6212208" >
  <allocated-bytes non-tlh="104" tlh="6212104" arrayletleaf="0"/>
  <largest-consumer threadName="Thread-3" threadId="00000000027AE900" bytes="1031528" />
</allocation-stats>
<gc-op id="83" type="sweep" timems="0.404" contextid="80" timestamp="2019-06-16T23:24:32.545" />
<gc-op id="84" type="mark" timems="0.998" contextid="80" timestamp="2019-06-16T23:24:32.546">
  <trace-info objectcount="2459" scancount="1915" scanbytes="352684" />
  <cardclean-info objects="1231" bytes="59088" />
  <remembered-set-cleared processed="3310" cleared="691" durationms="0.078" />
  <references type="phantom" candidates="1" cleared="0" enqueued="0" />
  <stringconstants candidates="3963" cleared="0"  />
  <warning details="Mark invoked due to insufficient free space for Copy-Forward" />
</gc-op>
<gc-op id="85" type="classunload" timems="0.002" contextid="80" timestamp="2019-06-16T23:24:32.546">
  <classunload-info classloadercandidates="20" classloadersunloaded="0" classesunloaded="0" anonymousclassesunloaded="0" quiescems="0.000" setupms="0.002" scanms="0.000" postms="0.000" />
</gc-op>
<gc-op id="86" type="sweep" timems="0.438" contextid="80" timestamp="2019-06-16T23:24:32.547" />
<gc-op id="87" type="compact" timems="1.292" contextid="80" timestamp="2019-06-16T23:24:32.548">
  <compact-info movecount="2459" movebytes="813640" />
  <remembered-set-cleared processed="6897" cleared="1560" durationms="0.078" />
</gc-op>
<heap-resize id="88" type="expand" space="default" amount="1048576" count="1" timems="0.054" reason="insufficient free space following gc" timestamp="2019-06-16T23:24:32.549" />
<gc-end id="89" type="partial gc" contextid="80" durationms="4.696" usertimems="4.000" systemtimems="0.000" timestamp="2019-06-16T23:24:32.549" activeThreads="1">
  <mem-info id="90" free="6291456" total="12582912" percent="50">
    <mem type="eden" free="254888" total="1048576" percent="24" />
    <remembered-set count="4896" freebytes="482688" totalbytes="502272" percent="96" regionsoverflowed="0" regionsstable="0" regionsrebuilding="0"/>
  </mem-info>
</gc-end>
<cycle-end id="91" type="partial gc" contextid="80" timestamp="2019-06-16T23:24:32.549" />
  <attribute name="elasticGC enabled" value="1" />
  <attribute name= "numThreadsSpecified" value="1" />
  <attribute name="heapSize specified" value="0" />
  <attribute name="Current GC Util" value="32" />
  <attribute name= "Current Time Running" value="7017" />
  <attribute name ="GC Interval" value="0" />
  <attribute name="ProportionalT" value="6.000000" />
  <attribute name="ProportionalI" value="6.000000" />
  <attribute name="ProportionalH" value="6.000000" />
  <attribute name="Current Error" value="12.000000" />
  <attribute name="IntegralT" value="0.000000" />
  <attribute name="IntegralI" value="0.000000" />
  <attribute name="IntegralH" value="0.000000" />
  <attribute name="DerivativeT" value="inf" />
  <attribute name="DerivativeI" value="inf" />
  <attribute name="DerivativeH" value="inf" />
  <attribute name="Loop Time for DT" value="0.000000" />
  <attribute name="Output H" value="8388608"/>
  <attribute name="Output I" value="200"/>
  <attribute name="Output T" value="1"/>
  <attribute name="Target GC Util Change" value ="20.000000" />
  <attribute name="Current GC Util Change" value="32.000000"/>
  <attribute name="GC Util currently" value="32" />
  <attribute name="CPU Util currently" value="6822010644004" />
<exclusive-end id="92" timestamp="2019-06-16T23:24:32.549" durationms="5.396" />

<exclusive-start id="93" timestamp="2019-06-16T23:24:32.653" intervalms="108.995">
  <response-info timems="0.039" idlems="0.039" threads="0" lastid="00000000027B9D00" lastname="Thread-6" />
</exclusive-start>
<allocation-taxation id="94" taxation-threshold="6291456" timestamp="2019-06-16T23:24:32.653" intervalms="108.995" />
<cycle-start id="95" type="partial gc" contextid="0" timestamp="2019-06-16T23:24:32.653" intervalms="109.001" />
<gc-start id="96" type="partial gc" contextid="95" timestamp="2019-06-16T23:24:32.653">
  <mem-info id="97" free="0" total="12582912" percent="0">
    <mem type="eden" free="0" total="6291456" percent="0" />
    <remembered-set count="4704" freebytes="483456" totalbytes="502272" percent="96" regionsoverflowed="0" regionsstable="0" regionsrebuilding="0"/>
  </mem-info>
</gc-start>
<allocation-stats totalBytes="6229216" >
  <allocated-bytes non-tlh="0" tlh="6229216" arrayletleaf="0"/>
  <largest-consumer threadName="Thread-5" threadId="00000000027B6100" bytes="2327112" />
</allocation-stats>
<gc-op id="98" type="mark" timems="1.161" contextid="95" timestamp="2019-06-16T23:24:32.655">
  <trace-info objectcount="2546" scancount="2053" scanbytes="419772" />
  <cardclean-info objects="1140" bytes="55412" />
  <remembered-set-cleared processed="3464" cleared="650" durationms="0.071" />
  <references type="phantom" candidates="1" cleared="0" enqueued="0" />
  <stringconstants candidates="3963" cleared="0"  />
  <warning details="Mark invoked due to insufficient free space for Copy-Forward" />
</gc-op>
<gc-op id="99" type="classunload" timems="0.002" contextid="95" timestamp="2019-06-16T23:24:32.655">
  <classunload-info classloadercandidates="20" classloadersunloaded="0" classesunloaded="0" anonymousclassesunloaded="0" quiescems="0.000" setupms="0.002" scanms="0.000" postms="0.000" />
</gc-op>
<gc-op id="100" type="sweep" timems="0.314" contextid="95" timestamp="2019-06-16T23:24:32.655" />
<gc-op id="101" type="compact" timems="1.868" contextid="95" timestamp="2019-06-16T23:24:32.657">
  <compact-info movecount="8805" movebytes="1253360" />
  <remembered-set-cleared processed="5596" cleared="2335" durationms="0.071" />
</gc-op>
<heap-resize id="102" type="expand" space="default" amount="1048576" count="1" timems="0.058" reason="insufficient free space following gc" timestamp="2019-06-16T23:24:32.658" />
<gc-end id="103" type="partial gc" contextid="95" durationms="4.590" usertimems="8.000" systemtimems="0.000" timestamp="2019-06-16T23:24:32.658" activeThreads="4">
  <mem-info id="104" free="6291456" total="13631488" percent="46">
    <mem type="eden" free="103416" total="1048576" percent="9" />
    <remembered-set count="4704" freebytes="525312" totalbytes="544128" percent="96" regionsoverflowed="0" regionsstable="0" regionsrebuilding="0"/>
  </mem-info>
</gc-end>
<cycle-end id="105" type="partial gc" contextid="95" timestamp="2019-06-16T23:24:32.658" />
  <attribute name="elasticGC enabled" value="1" />
  <attribute name= "numThreadsSpecified" value="4" />
  <attribute name="heapSize specified" value="0" />
  <attribute name="Current GC Util" value="30" />
  <attribute name= "Current Time Running" value="7126" />
  <attribute name ="GC Interval" value="0" />
  <attribute name="ProportionalT" value="5.000000" />
  <attribute name="ProportionalI" value="5.000000" />
  <attribute name="ProportionalH" value="5.000000" />
  <attribute name="Current Error" value="10.000000" />
  <attribute name="IntegralT" value="5.000000" />
  <attribute name="IntegralI" value="5.000000" />
  <attribute name="IntegralH" value="5.000000" />
  <attribute name="DerivativeT" value="-65.000000" />
  <attribute name="DerivativeI" value="-65.000000" />
  <attribute name="DerivativeH" value="-65.000000" />
  <attribute name="Loop Time for DT" value="1.000000" />
  <attribute name="Output H" value="2091843584"/>
  <attribute name="Output I" value="200"/>
  <attribute name="Output T" value="4"/>
  <attribute name="Target GC Util Change" value ="20.000000" />
  <attribute name="Current GC Util Change" value="30.000000"/>
  <attribute name="GC Util currently" value="30" />
  <attribute name="CPU Util currently" value="9379045430484" />
<exclusive-end id="106" timestamp="2019-06-16T23:24:32.658" durationms="5.285" />

<exclusive-start id="107" timestamp="2019-06-16T23:24:32.733" intervalms="80.285">
  <response-info timems="0.046" idlems="0.046" threads="0" lastid="00000000027AE900" lastname="Thread-3" />
</exclusive-start>
<allocation-taxation id="108" taxation-threshold="6291456" timestamp="2019-06-16T23:24:32.733" intervalms="80.288" />
<cycle-start id="109" type="partial gc" contextid="0" timestamp="2019-06-16T23:24:32.733" intervalms="80.281" />
<gc-start id="110" type="partial gc" contextid="109" timestamp="2019-06-16T23:24:32.733">
  <mem-info id="111" free="0" total="13631488" percent="0">
    <mem type="eden" free="0" total="6291456" percent="0" />
    <remembered-set count="4640" freebytes="525568" totalbytes="544128" percent="96" regionsoverflowed="0" regionsstable="0" regionsrebuilding="0"/>
  </mem-info>
</gc-start>
<allocation-stats totalBytes="6247104" >
  <allocated-bytes non-tlh="32776" tlh="6214328" arrayletleaf="0"/>
  <largest-consumer threadName="Thread-6" threadId="00000000027B9D00" bytes="1857640" />
</allocation-stats>
<gc-op id="112" type="mark" timems="0.846" contextid="109" timestamp="2019-06-16T23:24:32.735">
  <trace-info objectcount="2082" scancount="1626" scanbytes="315960" />
  <cardclean-info objects="1155" bytes="57692" />
  <remembered-set-cleared processed="3449" cleared="689" durationms="0.083" />
  <references type="phantom" candidates="1" cleared="0" enqueued="0" />
  <stringconstants candidates="3963" cleared="0"  />
  <warning details="Mark invoked due to insufficient free space for Copy-Forward" />
</gc-op>
<gc-op id="113" type="classunload" timems="0.002" contextid="109" timestamp="2019-06-16T23:24:32.735">
  <classunload-info classloadercandidates="20" classloadersunloaded="0" classesunloaded="0" anonymousclassesunloaded="0" quiescems="0.000" setupms="0.002" scanms="0.000" postms="0.000" />
</gc-op>
<gc-op id="114" type="sweep" timems="0.404" contextid="109" timestamp="2019-06-16T23:24:32.735" />
<gc-op id="115" type="compact" timems="1.021" contextid="109" timestamp="2019-06-16T23:24:32.737">
  <compact-info movecount="2082" movebytes="756944" />
  <remembered-set-cleared processed="6984" cleared="1282" durationms="0.083" />
</gc-op>
<heap-resize id="116" type="expand" space="default" amount="2097152" count="1" timems="0.062" reason="insufficient free space following gc" timestamp="2019-06-16T23:24:32.737" />
<gc-end id="117" type="partial gc" contextid="109" durationms="3.554" usertimems="8.000" systemtimems="0.000" timestamp="2019-06-16T23:24:32.737" activeThreads="4">
  <mem-info id="118" free="7340032" total="15728640" percent="46">
    <mem type="eden" free="294288" total="1048576" percent="28" />
    <remembered-set count="5408" freebytes="606208" totalbytes="627840" percent="96" regionsoverflowed="0" regionsstable="0" regionsrebuilding="0"/>
  </mem-info>
</gc-end>
<cycle-end id="119" type="partial gc" contextid="109" timestamp="2019-06-16T23:24:32.737" />
  <attribute name="elasticGC enabled" value="1" />
  <attribute name= "numThreadsSpecified" value="4" />
  <attribute name="heapSize specified" value="0" />
  <attribute name="Current GC Util" value="22" />
  <attribute name= "Current Time Running" value="7206" />
  <attribute name ="GC Interval" value="0" />
  <attribute name="ProportionalT" value="1.000000" />
  <attribute name="ProportionalI" value="1.000000" />
  <attribute name="ProportionalH" value="1.000000" />
  <attribute name="Current Error" value="2.000000" />
  <attribute name="IntegralT" value="1.000000" />
  <attribute name="IntegralI" value="1.000000" />
  <attribute name="IntegralH" value="1.000000" />
  <attribute name="DerivativeT" value="2.000000" />
  <attribute name="DerivativeI" value="2.000000" />
  <attribute name="DerivativeH" value="2.000000" />
  <attribute name="Loop Time for DT" value="1.000000" />
  <attribute name="Output H" value="8388608"/>
  <attribute name="Output I" value="200"/>
  <attribute name="Output T" value="4"/>
  <attribute name="Target GC Util Change" value ="20.000000" />
  <attribute name="Current GC Util Change" value="22.000000"/>
  <attribute name="GC Util currently" value="22" />
  <attribute name="CPU Util currently" value="7597843754262" />
<exclusive-end id="120" timestamp="2019-06-16T23:24:32.737" durationms="4.286" />

<exclusive-start id="121" timestamp="2019-06-16T23:24:32.839" intervalms="105.587">
  <response-info timems="0.039" idlems="0.039" threads="0" lastid="00000000027B9D00" lastname="Thread-6" />
</exclusive-start>
<allocation-taxation id="122" taxation-threshold="7340032" timestamp="2019-06-16T23:24:32.839" intervalms="105.618" />
<cycle-start id="123" type="partial gc" contextid="0" timestamp="2019-06-16T23:24:32.839" intervalms="105.625" />
<gc-start id="124" type="partial gc" contextid="123" timestamp="2019-06-16T23:24:32.839">
  <mem-info id="125" free="0" total="15728640" percent="0">
    <mem type="eden" free="0" total="7340032" percent="0" />
    <remembered-set count="5152" freebytes="607232" totalbytes="627840" percent="96" regionsoverflowed="0" regionsstable="0" regionsrebuilding="0"/>
  </mem-info>
</gc-start>
<allocation-stats totalBytes="7277488" >
  <allocated-bytes non-tlh="0" tlh="7277488" arrayletleaf="0"/>
  <largest-consumer threadName="Thread-4" threadId="00000000027B2500" bytes="2481544" />
</allocation-stats>
<gc-op id="126" type="mark" timems="0.974" contextid="123" timestamp="2019-06-16T23:24:32.840">
  <trace-info objectcount="2453" scancount="1995" scanbytes="416696" />
  <cardclean-info objects="1155" bytes="57388" />
  <remembered-set-cleared processed="3427" cleared="614" durationms="0.066" />
  <references type="phantom" candidates="1" cleared="0" enqueued="0" />
  <stringconstants candidates="3963" cleared="0"  />
  <warning details="Mark invoked due to insufficient free space for Copy-Forward" />
</gc-op>
<gc-op id="127" type="classunload" timems="0.003" contextid="123" timestamp="2019-06-16T23:24:32.841">
  <classunload-info classloadercandidates="20" classloadersunloaded="0" classesunloaded="0" anonymousclassesunloaded="0" quiescems="0.000" setupms="0.002" scanms="0.000" postms="0.000" />
</gc-op>
<gc-op id="128" type="sweep" timems="0.353" contextid="123" timestamp="2019-06-16T23:24:32.841" />
<gc-op id="129" type="compact" timems="1.246" contextid="123" timestamp="2019-06-16T23:24:32.843">
  <compact-info movecount="2443" movebytes="935312" />
  <remembered-set-cleared processed="7108" cleared="1285" durationms="0.066" />
</gc-op>
<gc-end id="130" type="partial gc" contextid="123" durationms="3.795" usertimems="4.000" systemtimems="4.000" timestamp="2019-06-16T23:24:32.843" activeThreads="4">
  <mem-info id="131" free="6291456" total="15728640" percent="40">
    <mem type="eden" free="116712" total="1048576" percent="11" />
    <remembered-set count="5568" freebytes="605568" totalbytes="627840" percent="96" regionsoverflowed="0" regionsstable="0" regionsrebuilding="0"/>
  </mem-info>
</gc-end>
<cycle-end id="132" type="partial gc" contextid="123" timestamp="2019-06-16T23:24:32.843" />
  <attribute name="elasticGC enabled" value="1" />
  <attribute name= "numThreadsSpecified" value="4" />
  <attribute name="heapSize specified" value="0" />
  <attribute name="Current GC Util" value="25" />
  <attribute name= "Current Time Running" value="7311" />
  <attribute name ="GC Interval" value="0" />
  <attribute name="ProportionalT" value="2.500000" />
  <attribute name="ProportionalI" value="2.500000" />
  <attribute name="ProportionalH" value="2.500000" />
  <attribute name="Current Error" value="5.000000" />
  <attribute name="IntegralT" value="0.000000" />
  <attribute name="IntegralI" value="0.000000" />
  <attribute name="IntegralH" value="0.000000" />
  <attribute name="DerivativeT" value="-inf" />
  <attribute name="DerivativeI" value="-inf" />
  <attribute name="DerivativeH" value="-inf" />
  <attribute name="Loop Time for DT" value="0.000000" />
  <attribute name="Output H" value="2091843584"/>
  <attribute name="Output I" value="200"/>
  <attribute name="Output T" value="4"/>
  <attribute name="Target GC Util Change" value ="20.000000" />
  <attribute name="Current GC Util Change" value="25.000000"/>
  <attribute name="GC Util currently" value="25" />
  <attribute name="CPU Util currently" value="7451748609026" />
<exclusive-end id="133" timestamp="2019-06-16T23:24:32.843" durationms="4.559" />

<exclusive-start id="134" timestamp="2019-06-16T23:24:32.913" intervalms="74.570">
  <response-info timems="0.037" idlems="0.037" threads="0" lastid="00000000027B9D00" lastname="Thread-6" />
</exclusive-start>
<allocation-taxation id="135" taxation-threshold="6291456" timestamp="2019-06-16T23:24:32.913" intervalms="74.543" />
<cycle-start id="136" type="partial gc" contextid="0" timestamp="2019-06-16T23:24:32.913" intervalms="74.544" />
<gc-start id="137" type="partial gc" contextid="136" timestamp="2019-06-16T23:24:32.914">
  <mem-info id="138" free="0" total="15728640" percent="0">
    <mem type="eden" free="0" total="6291456" percent="0" />
    <remembered-set count="5376" freebytes="606336" totalbytes="627840" percent="96" regionsoverflowed="0" regionsstable="0" regionsrebuilding="0"/>
  </mem-info>
</gc-start>
<allocation-stats totalBytes="6287592" >
  <allocated-bytes non-tlh="32776" tlh="6254816" arrayletleaf="0"/>
  <largest-consumer threadName="Thread-6" threadId="00000000027B9D00" bytes="2177664" />
</allocation-stats>
<gc-op id="139" type="mark" timems="0.927" contextid="136" timestamp="2019-06-16T23:24:32.915">
  <trace-info objectcount="2119" scancount="1675" scanbytes="335804" />
  <cardclean-info objects="1178" bytes="58756" />
  <remembered-set-cleared processed="3565" cleared="705" durationms="0.087" />
  <references type="weak" candidates="1" cleared="0" enqueued="0" />
  <references type="phantom" candidates="1" cleared="0" enqueued="0" />
  <stringconstants candidates="3963" cleared="0"  />
  <warning details="Mark invoked due to insufficient free space for Copy-Forward" />
</gc-op>
<gc-op id="140" type="classunload" timems="0.002" contextid="136" timestamp="2019-06-16T23:24:32.915">
  <classunload-info classloadercandidates="20" classloadersunloaded="0" classesunloaded="0" anonymousclassesunloaded="0" quiescems="0.000" setupms="0.002" scanms="0.000" postms="0.000" />
</gc-op>
<gc-op id="141" type="sweep" timems="0.432" contextid="136" timestamp="2019-06-16T23:24:32.916" />
<gc-op id="142" type="compact" timems="1.063" contextid="136" timestamp="2019-06-16T23:24:32.917">
  <compact-info movecount="2094" movebytes="840080" />
  <remembered-set-cleared processed="7282" cleared="1354" durationms="0.087" />
</gc-op>
<heap-resize id="143" type="expand" space="default" amount="3145728" count="1" timems="0.095" reason="insufficient free space following gc" timestamp="2019-06-16T23:24:32.917" />
<gc-end id="144" type="partial gc" contextid="136" durationms="3.644" usertimems="4.000" systemtimems="4.000" timestamp="2019-06-16T23:24:32.917" activeThreads="4">
  <mem-info id="145" free="8388608" total="18874368" percent="44">
    <mem type="eden" free="202624" total="1048576" percent="19" />
    <remembered-set count="5152" freebytes="732800" totalbytes="753408" percent="97" regionsoverflowed="0" regionsstable="0" regionsrebuilding="0"/>
  </mem-info>
</gc-end>
<cycle-end id="146" type="partial gc" contextid="136" timestamp="2019-06-16T23:24:32.917" />
  <attribute name="elasticGC enabled" value="1" />
  <attribute name= "numThreadsSpecified" value="4" />
  <attribute name="heapSize specified" value="0" />
  <attribute name="Current GC Util" value="25" />
  <attribute name= "Current Time Running" value="7386" />
  <attribute name ="GC Interval" value="0" />
  <attribute name="ProportionalT" value="2.500000" />
  <attribute name="ProportionalI" value="2.500000" />
  <attribute name="ProportionalH" value="2.500000" />
  <attribute name="Current Error" value="5.000000" />
  <attribute name="IntegralT" value="2.500000" />
  <attribute name="IntegralI" value="2.500000" />
  <attribute name="IntegralH" value="2.500000" />
  <attribute name="DerivativeT" value="5.000000" />
  <attribute name="DerivativeI" value="5.000000" />
  <attribute name="DerivativeH" value="5.000000" />
  <attribute name="Loop Time for DT" value="1.000000" />
  <attribute name="Output H" value="8388608"/>
  <attribute name="Output I" value="200"/>
  <attribute name="Output T" value="4"/>
  <attribute name="Target GC Util Change" value ="20.000000" />
  <attribute name="Current GC Util Change" value="25.000000"/>
  <attribute name="GC Util currently" value="25" />
  <attribute name="CPU Util currently" value="7139429637778" />
<exclusive-end id="147" timestamp="2019-06-16T23:24:32.918" durationms="4.365" />

<exclusive-start id="148" timestamp="2019-06-16T23:24:32.976" intervalms="62.861">
  <response-info timems="0.044" idlems="0.044" threads="0" lastid="00000000027AE900" lastname="Thread-3" />
</exclusive-start>
<allocation-taxation id="149" taxation-threshold="4194304" timestamp="2019-06-16T23:24:32.976" intervalms="62.853" />
<cycle-start id="150" type="global mark phase" contextid="0" timestamp="2019-06-16T23:24:32.976" intervalms="729.296" />
<gc-start id="151" type="global mark phase" contextid="150" timestamp="2019-06-16T23:24:32.976">
  <mem-info id="152" free="4194304" total="18874368" percent="22">
    <remembered-set count="4896" freebytes="733824" totalbytes="753408" percent="97" regionsoverflowed="0" regionsstable="0" regionsrebuilding="0"/>
  </mem-info>
</gc-start>
<gc-op id="153" type="mark increment" timems="0.492" contextid="150" timestamp="2019-06-16T23:24:32.977">
  <trace-info objectcount="256" scancount="0" scanbytes="0" />
</gc-op>
<gc-end id="154" type="global mark phase" contextid="150" durationms="0.613" usertimems="0.000" systemtimems="0.000" timestamp="2019-06-16T23:24:32.977" activeThreads="4">
  <mem-info id="155" free="4194304" total="18874368" percent="22">
    <remembered-set count="4896" freebytes="733824" totalbytes="753408" percent="97" regionsoverflowed="0" regionsstable="0" regionsrebuilding="0"/>
  </mem-info>
</gc-end>
<concurrent-start id="156" type="GMP work packet processing" contextid="150" timestamp="2019-06-16T23:24:32.977">
  <concurrent-mark-start scanTarget="18446744073709551615" />
</concurrent-start>
<exclusive-end id="157" timestamp="2019-06-16T23:24:32.977" durationms="0.997" />

<concurrent-end id="158" type="GMP work packet processing" contextid="150" timestamp="2019-06-16T23:24:32.980">
  <concurrent-mark-end bytesScanned="1663112" reasonForTermination="Completed all work in GC phase" />
</concurrent-end>

<exclusive-start id="159" timestamp="2019-06-16T23:24:33.028" intervalms="51.835">
  <response-info timems="0.064" idlems="0.064" threads="0" lastid="00000000027AE900" lastname="Thread-3" />
</exclusive-start>
<allocation-taxation id="160" taxation-threshold="4194304" timestamp="2019-06-16T23:24:33.028" intervalms="51.840" />
<cycle-start id="161" type="partial gc" contextid="0" timestamp="2019-06-16T23:24:33.028" intervalms="114.694" />
<gc-start id="162" type="partial gc" contextid="161" timestamp="2019-06-16T23:24:33.028">
  <mem-info id="163" free="0" total="18874368" percent="0">
    <mem type="eden" free="202624" total="9437184" percent="2" />
    <remembered-set count="4896" freebytes="733824" totalbytes="753408" percent="97" regionsoverflowed="0" regionsstable="0" regionsrebuilding="0"/>
  </mem-info>
</gc-start>
<allocation-stats totalBytes="8347872" >
  <allocated-bytes non-tlh="0" tlh="8347872" arrayletleaf="0"/>
  <largest-consumer threadName="Thread-6" threadId="00000000027B9D00" bytes="1756176" />
</allocation-stats>
<gc-op id="164" type="mark" timems="1.035" contextid="161" timestamp="2019-06-16T23:24:33.030">
  <trace-info objectcount="2683" scancount="2137" scanbytes="421156" />
  <cardclean-info objects="1177" bytes="58552" />
  <remembered-set-cleared processed="3599" cleared="687" durationms="0.094" />
  <references type="weak" candidates="1" cleared="0" enqueued="0" />
  <references type="phantom" candidates="1" cleared="0" enqueued="0" />
  <stringconstants candidates="3963" cleared="0"  />
  <warning details="Mark invoked due to insufficient free space for Copy-Forward" />
</gc-op>
<gc-op id="165" type="classunload" timems="0.002" contextid="161" timestamp="2019-06-16T23:24:33.030">
  <classunload-info classloadercandidates="20" classloadersunloaded="0" classesunloaded="0" anonymousclassesunloaded="0" quiescems="0.000" setupms="0.002" scanms="0.000" postms="0.000" />
</gc-op>
<gc-op id="166" type="sweep" timems="0.390" contextid="161" timestamp="2019-06-16T23:24:33.030" />
<gc-op id="167" type="compact" timems="1.138" contextid="161" timestamp="2019-06-16T23:24:33.032">
  <compact-info movecount="2683" movebytes="1024032" />
  <remembered-set-cleared processed="7484" cleared="1450" durationms="0.094" />
</gc-op>
<heap-resize id="168" type="expand" space="default" amount="1048576" count="1" timems="0.060" reason="insufficient free space following gc" timestamp="2019-06-16T23:24:33.032" />
<gc-end id="169" type="partial gc" contextid="161" durationms="3.872" usertimems="4.000" systemtimems="0.000" timestamp="2019-06-16T23:24:33.032" activeThreads="4">
  <mem-info id="170" free="8388608" total="19922944" percent="42">
    <mem type="eden" free="1073120" total="2097152" percent="51" />
    <remembered-set count="5696" freebytes="772480" totalbytes="795264" percent="97" regionsoverflowed="0" regionsstable="0" regionsrebuilding="0"/>
  </mem-info>
</gc-end>
<cycle-end id="171" type="partial gc" contextid="161" timestamp="2019-06-16T23:24:33.032" />
  <attribute name="elasticGC enabled" value="1" />
  <attribute name= "numThreadsSpecified" value="4" />
  <attribute name="heapSize specified" value="0" />
  <attribute name="Current GC Util" value="30" />
  <attribute name= "Current Time Running" value="7501" />
  <attribute name ="GC Interval" value="0" />
  <attribute name="ProportionalT" value="5.000000" />
  <attribute name="ProportionalI" value="5.000000" />
  <attribute name="ProportionalH" value="5.000000" />
  <attribute name="Current Error" value="10.000000" />
  <attribute name="IntegralT" value="5.000000" />
  <attribute name="IntegralI" value="5.000000" />
  <attribute name="IntegralH" value="5.000000" />
  <attribute name="DerivativeT" value="10.000000" />
  <attribute name="DerivativeI" value="10.000000" />
  <attribute name="DerivativeH" value="10.000000" />
  <attribute name="Loop Time for DT" value="1.000000" />
  <attribute name="Output H" value="8388608"/>
  <attribute name="Output I" value="200"/>
  <attribute name="Output T" value="4"/>
  <attribute name="Target GC Util Change" value ="20.000000" />
  <attribute name="Current GC Util Change" value="30.000000"/>
  <attribute name="GC Util currently" value="30" />
  <attribute name="CPU Util currently" value="7421230181069" />
<exclusive-end id="172" timestamp="2019-06-16T23:24:33.032" durationms="4.510" />

<exclusive-start id="173" timestamp="2019-06-16T23:24:33.089" intervalms="61.240">
  <response-info timems="0.065" idlems="0.065" threads="0" lastid="00000000027B6100" lastname="Thread-5" />
</exclusive-start>
<allocation-taxation id="174" taxation-threshold="4194304" timestamp="2019-06-16T23:24:33.089" intervalms="61.223" />
<gc-start id="175" type="global mark phase" contextid="150" timestamp="2019-06-16T23:24:33.089">
  <mem-info id="176" free="4194304" total="19922944" percent="21">
    <remembered-set count="5440" freebytes="773504" totalbytes="795264" percent="97" regionsoverflowed="0" regionsstable="0" regionsrebuilding="0"/>
  </mem-info>
</gc-start>
<gc-op id="177" type="mark increment" timems="1.188" contextid="150" timestamp="2019-06-16T23:24:33.091">
  <trace-info objectcount="2561" scancount="2085" scanbytes="454416" />
  <cardclean-info objects="1388" bytes="135720" />
  <finalization candidates="25" enqueued="0" />
  <references type="soft" candidates="165" cleared="0" enqueued="0" dynamicThreshold="13" maxThreshold="32" />
  <references type="weak" candidates="267" cleared="0" enqueued="0" />
  <references type="phantom" candidates="95" cleared="0" enqueued="0" />
  <stringconstants candidates="3963" cleared="0"  />
</gc-op>
<gc-op id="178" type="classunload" timems="0.003" contextid="150" timestamp="2019-06-16T23:24:33.091">
  <classunload-info classloadercandidates="20" classloadersunloaded="0" classesunloaded="0" anonymousclassesunloaded="0" quiescems="0.000" setupms="0.003" scanms="0.000" postms="0.000" />
</gc-op>
<gc-end id="179" type="global mark phase" contextid="150" durationms="1.442" usertimems="0.000" systemtimems="0.000" timestamp="2019-06-16T23:24:33.091" activeThreads="4">
  <mem-info id="180" free="4194304" total="19922944" percent="21">
    <remembered-set count="5440" freebytes="773504" totalbytes="795264" percent="97" regionsoverflowed="0" regionsstable="0" regionsrebuilding="0"/>
  </mem-info>
</gc-end>
<cycle-end id="181" type="global mark phase" contextid="150" timestamp="2019-06-16T23:24:33.091" />
  <attribute name="elasticGC enabled" value="1" />
  <attribute name= "numThreadsSpecified" value="4" />
  <attribute name="heapSize specified" value="0" />
  <attribute name="Current GC Util" value="91" />
  <attribute name= "Current Time Running" value="7560" />
  <attribute name ="GC Interval" value="0" />
  <attribute name="ProportionalT" value="35.500000" />
  <attribute name="ProportionalI" value="35.500000" />
  <attribute name="ProportionalH" value="35.500000" />
  <attribute name="Current Error" value="71.000000" />
  <attribute name="IntegralT" value="0.000000" />
  <attribute name="IntegralI" value="0.000000" />
  <attribute name="IntegralH" value="0.000000" />
  <attribute name="DerivativeT" value="-inf" />
  <attribute name="DerivativeI" value="-inf" />
  <attribute name="DerivativeH" value="-inf" />
  <attribute name="Loop Time for DT" value="0.000000" />
  <attribute name="Output H" value="2091843584"/>
  <attribute name="Output I" value="200"/>
  <attribute name="Output T" value="4"/>
  <attribute name="Target GC Util Change" value ="20.000000" />
  <attribute name="Current GC Util Change" value="91.000000"/>
  <attribute name="GC Util currently" value="91" />
  <attribute name="CPU Util currently" value="21659853351711" />
<exclusive-end id="182" timestamp="2019-06-16T23:24:33.091" durationms="1.743" />

<exclusive-start id="183" timestamp="2019-06-16T23:24:33.134" intervalms="44.358">
  <response-info timems="0.035" idlems="0.035" threads="0" lastid="00000000027B9D00" lastname="Thread-6" />
</exclusive-start>
<allocation-taxation id="184" taxation-threshold="4194304" timestamp="2019-06-16T23:24:33.134" intervalms="44.398" />
<cycle-start id="185" type="partial gc" contextid="0" timestamp="2019-06-16T23:24:33.134" intervalms="105.615" />
<gc-start id="186" type="partial gc" contextid="185" timestamp="2019-06-16T23:24:33.134">
  <mem-info id="187" free="0" total="19922944" percent="0">
    <mem type="eden" free="0" total="8388608" percent="0" />
    <remembered-set count="5440" freebytes="773504" totalbytes="795264" percent="97" regionsoverflowed="0" regionsstable="0" regionsrebuilding="0"/>
  </mem-info>
</gc-start>
<allocation-stats totalBytes="8311096" >
  <allocated-bytes non-tlh="65560" tlh="8245536" arrayletleaf="0"/>
  <largest-consumer threadName="Thread-6" threadId="00000000027B9D00" bytes="1723704" />
</allocation-stats>
<gc-op id="188" type="sweep" timems="0.384" contextid="185" timestamp="2019-06-16T23:24:33.134" />
<gc-op id="189" type="mark" timems="0.937" contextid="185" timestamp="2019-06-16T23:24:33.136">
  <trace-info objectcount="2414" scancount="1940" scanbytes="413692" />
  <cardclean-info objects="1149" bytes="56808" />
  <remembered-set-cleared processed="3739" cleared="761" durationms="0.094" />
  <references type="phantom" candidates="2" cleared="0" enqueued="0" />
  <stringconstants candidates="3963" cleared="0"  />
  <warning details="Mark invoked due to insufficient free space for Copy-Forward" />
</gc-op>
<gc-op id="190" type="classunload" timems="0.002" contextid="185" timestamp="2019-06-16T23:24:33.136">
  <classunload-info classloadercandidates="20" classloadersunloaded="0" classesunloaded="0" anonymousclassesunloaded="0" quiescems="0.000" setupms="0.001" scanms="0.000" postms="0.000" />
</gc-op>
<gc-op id="191" type="sweep" timems="0.356" contextid="185" timestamp="2019-06-16T23:24:33.136" />
<gc-op id="192" type="compact" timems="1.096" contextid="185" timestamp="2019-06-16T23:24:33.138">
  <compact-info movecount="2414" movebytes="1016280" />
  <remembered-set-cleared processed="7542" cleared="1386" durationms="0.094" />
</gc-op>
<heap-resize id="193" type="expand" space="default" amount="2097152" count="1" timems="0.062" reason="insufficient free space following gc" timestamp="2019-06-16T23:24:33.138" />
<gc-end id="194" type="partial gc" contextid="185" durationms="4.166" usertimems="8.000" systemtimems="0.000" timestamp="2019-06-16T23:24:33.138" activeThreads="4">
  <mem-info id="195" free="9437184" total="22020096" percent="42">
    <mem type="eden" free="32656" total="1048576" percent="3" />
    <remembered-set count="5856" freebytes="855552" totalbytes="878976" percent="97" regionsoverflowed="0" regionsstable="0" regionsrebuilding="0"/>
  </mem-info>
</gc-end>
<cycle-end id="196" type="partial gc" contextid="185" timestamp="2019-06-16T23:24:33.138" />
  <attribute name="elasticGC enabled" value="1" />
  <attribute name= "numThreadsSpecified" value="4" />
  <attribute name="heapSize specified" value="0" />
  <attribute name="Current GC Util" value="26" />
  <attribute name= "Current Time Running" value="7607" />
  <attribute name ="GC Interval" value="0" />
  <attribute name="ProportionalT" value="3.000000" />
  <attribute name="ProportionalI" value="3.000000" />
  <attribute name="ProportionalH" value="3.000000" />
  <attribute name="Current Error" value="6.000000" />
  <attribute name="IntegralT" value="3.000000" />
  <attribute name="IntegralI" value="3.000000" />
  <attribute name="IntegralH" value="3.000000" />
  <attribute name="DerivativeT" value="6.000000" />
  <attribute name="DerivativeI" value="6.000000" />
  <attribute name="DerivativeH" value="6.000000" />
  <attribute name="Loop Time for DT" value="1.000000" />
  <attribute name="Output H" value="8388608"/>
  <attribute name="Output I" value="200"/>
  <attribute name="Output T" value="4"/>
  <attribute name="Target GC Util Change" value ="20.000000" />
  <attribute name="Current GC Util Change" value="26.000000"/>
  <attribute name="GC Util currently" value="26" />
  <attribute name="CPU Util currently" value="7547285879417" />
<exclusive-end id="197" timestamp="2019-06-16T23:24:33.138" durationms="4.846" />

<exclusive-start id="198" timestamp="2019-06-16T23:24:33.289" intervalms="155.176">
  <response-info timems="0.065" idlems="0.065" threads="0" lastid="00000000027B2500" lastname="Thread-4" />
</exclusive-start>
<allocation-taxation id="199" taxation-threshold="9437184" timestamp="2019-06-16T23:24:33.289" intervalms="155.138" />
<cycle-start id="200" type="partial gc" contextid="0" timestamp="2019-06-16T23:24:33.289" intervalms="155.138" />
<gc-start id="201" type="partial gc" contextid="200" timestamp="2019-06-16T23:24:33.289">
  <mem-info id="202" free="0" total="22020096" percent="0">
    <mem type="eden" free="0" total="9437184" percent="0" />
    <remembered-set count="5536" freebytes="856832" totalbytes="878976" percent="97" regionsoverflowed="0" regionsstable="0" regionsrebuilding="0"/>
  </mem-info>
</gc-start>
<allocation-stats totalBytes="9349816" >
  <allocated-bytes non-tlh="0" tlh="9349816" arrayletleaf="0"/>
  <largest-consumer threadName="Thread-5" threadId="00000000027B6100" bytes="3074032" />
</allocation-stats>
<gc-op id="203" type="mark" timems="0.972" contextid="200" timestamp="2019-06-16T23:24:33.290">
  <trace-info objectcount="1841" scancount="1518" scanbytes="347884" />
  <cardclean-info objects="1145" bytes="56800" />
  <remembered-set-cleared processed="3694" cleared="677" durationms="0.072" />
  <references type="phantom" candidates="1" cleared="0" enqueued="0" />
  <stringconstants candidates="3963" cleared="0"  />
  <warning details="Mark invoked due to insufficient free space for Copy-Forward" />
</gc-op>
<gc-op id="204" type="classunload" timems="0.003" contextid="200" timestamp="2019-06-16T23:24:33.291">
  <classunload-info classloadercandidates="20" classloadersunloaded="0" classesunloaded="0" anonymousclassesunloaded="0" quiescems="0.000" setupms="0.002" scanms="0.000" postms="0.000" />
</gc-op>
<gc-op id="205" type="sweep" timems="0.329" contextid="200" timestamp="2019-06-16T23:24:33.291" />
<gc-op id="206" type="compact" timems="1.591" contextid="200" timestamp="2019-06-16T23:24:33.293">
  <compact-info movecount="1841" movebytes="760184" />
  <remembered-set-cleared processed="5839" cleared="2239" durationms="0.072" />
</gc-op>
<heap-resize id="207" type="expand" space="default" amount="1048576" count="1" timems="0.056" reason="insufficient free space following gc" timestamp="2019-06-16T23:24:33.293" />
<gc-end id="208" type="partial gc" contextid="200" durationms="4.099" usertimems="4.000" systemtimems="0.000" timestamp="2019-06-16T23:24:33.293" activeThreads="4">
  <mem-info id="209" free="9437184" total="23068672" percent="40">
    <mem type="eden" free="288832" total="1048576" percent="27" />
    <remembered-set count="5312" freebytes="899584" totalbytes="920832" percent="97" regionsoverflowed="0" regionsstable="0" regionsrebuilding="0"/>
  </mem-info>
</gc-end>
<cycle-end id="210" type="partial gc" contextid="200" timestamp="2019-06-16T23:24:33.293" />
  <attribute name="elasticGC enabled" value="1" />
  <attribute name= "numThreadsSpecified" value="4" />
  <attribute name="heapSize specified" value="0" />
  <attribute name="Current GC Util" value="30" />
  <attribute name= "Current Time Running" value="7761" />
  <attribute name ="GC Interval" value="0" />
  <attribute name="ProportionalT" value="5.000000" />
  <attribute name="ProportionalI" value="5.000000" />
  <attribute name="ProportionalH" value="5.000000" />
  <attribute name="Current Error" value="10.000000" />
  <attribute name="IntegralT" value="0.000000" />
  <attribute name="IntegralI" value="0.000000" />
  <attribute name="IntegralH" value="0.000000" />
  <attribute name="DerivativeT" value="-inf" />
  <attribute name="DerivativeI" value="-inf" />
  <attribute name="DerivativeH" value="-inf" />
  <attribute name="Loop Time for DT" value="0.000000" />
  <attribute name="Output H" value="2091843584"/>
  <attribute name="Output I" value="200"/>
  <attribute name="Output T" value="4"/>
  <attribute name="Target GC Util Change" value ="20.000000" />
  <attribute name="Current GC Util Change" value="30.000000"/>
  <attribute name="GC Util currently" value="30" />
  <attribute name="CPU Util currently" value="9107632242100" />
<exclusive-end id="211" timestamp="2019-06-16T23:24:33.294" durationms="4.867" />

<exclusive-start id="212" timestamp="2019-06-16T23:24:33.776" intervalms="487.544">
  <response-info timems="0.124" idlems="0.124" threads="0" lastid="00000000027B6100" lastname="Thread-5" />
</exclusive-start>
<allocation-taxation id="213" taxation-threshold="9437184" timestamp="2019-06-16T23:24:33.776" intervalms="487.562" />
<cycle-start id="214" type="partial gc" contextid="0" timestamp="2019-06-16T23:24:33.776" intervalms="487.609" />
<gc-start id="215" type="partial gc" contextid="214" timestamp="2019-06-16T23:24:33.777">
  <mem-info id="216" free="0" total="23068672" percent="0">
    <mem type="eden" free="0" total="9437184" percent="0" />
    <remembered-set count="5152" freebytes="900224" totalbytes="920832" percent="97" regionsoverflowed="0" regionsstable="0" regionsrebuilding="0"/>
  </mem-info>
</gc-start>
<allocation-stats totalBytes="9386352" >
  <allocated-bytes non-tlh="32776" tlh="9353576" arrayletleaf="0"/>
  <largest-consumer threadName="Thread-6" threadId="00000000027B9D00" bytes="3113848" />
</allocation-stats>
<gc-op id="217" type="mark" timems="0.985" contextid="214" timestamp="2019-06-16T23:24:33.778">
  <trace-info objectcount="1904" scancount="1562" scanbytes="400572" />
  <cardclean-info objects="1171" bytes="58180" />
  <remembered-set-cleared processed="3412" cleared="597" durationms="0.155" />
  <references type="phantom" candidates="2" cleared="0" enqueued="0" />
  <stringconstants candidates="3963" cleared="0"  />
  <warning details="Mark invoked due to insufficient free space for Copy-Forward" />
</gc-op>
<gc-op id="218" type="classunload" timems="0.002" contextid="214" timestamp="2019-06-16T23:24:33.778">
  <classunload-info classloadercandidates="20" classloadersunloaded="0" classesunloaded="0" anonymousclassesunloaded="0" quiescems="0.000" setupms="0.002" scanms="0.000" postms="0.000" />
</gc-op>
<gc-op id="219" type="sweep" timems="0.527" contextid="214" timestamp="2019-06-16T23:24:33.779" />
<gc-op id="220" type="compact" timems="1.189" contextid="214" timestamp="2019-06-16T23:24:33.781">
  <compact-info movecount="1904" movebytes="880464" />
  <remembered-set-cleared processed="6965" cleared="1119" durationms="0.155" />
</gc-op>
<gc-end id="221" type="partial gc" contextid="214" durationms="4.202" usertimems="4.000" systemtimems="0.000" timestamp="2019-06-16T23:24:33.781" activeThreads="4">
  <mem-info id="222" free="8388608" total="23068672" percent="36">
    <mem type="eden" free="168632" total="1048576" percent="16" />
    <remembered-set count="5312" freebytes="899584" totalbytes="920832" percent="97" regionsoverflowed="0" regionsstable="0" regionsrebuilding="0"/>
  </mem-info>
</gc-end>
<cycle-end id="223" type="partial gc" contextid="214" timestamp="2019-06-16T23:24:33.781" />
  <attribute name="elasticGC enabled" value="1" />
  <attribute name= "numThreadsSpecified" value="4" />
  <attribute name="heapSize specified" value="0" />
  <attribute name="Current GC Util" value="29" />
  <attribute name= "Current Time Running" value="8250" />
  <attribute name ="GC Interval" value="0" />
  <attribute name="ProportionalT" value="4.500000" />
  <attribute name="ProportionalI" value="4.500000" />
  <attribute name="ProportionalH" value="4.500000" />
  <attribute name="Current Error" value="9.000000" />
  <attribute name="IntegralT" value="4.500000" />
  <attribute name="IntegralI" value="4.500000" />
  <attribute name="IntegralH" value="4.500000" />
  <attribute name="DerivativeT" value="9.000000" />
  <attribute name="DerivativeI" value="9.000000" />
  <attribute name="DerivativeH" value="9.000000" />
  <attribute name="Loop Time for DT" value="1.000000" />
  <attribute name="Output H" value="8388608"/>
  <attribute name="Output I" value="200"/>
  <attribute name="Output T" value="4"/>
  <attribute name="Target GC Util Change" value ="20.000000" />
  <attribute name="Current GC Util Change" value="29.000000"/>
  <attribute name="GC Util currently" value="29" />
  <attribute name="CPU Util currently" value="5761229999133" />
<exclusive-end id="224" timestamp="2019-06-16T23:24:33.781" durationms="5.090" />

<exclusive-start id="225" timestamp="2019-06-16T23:24:34.036" intervalms="259.724">
  <response-info timems="0.032" idlems="0.032" threads="0" lastid="00000000027B9D00" lastname="Thread-6" />
</exclusive-start>
<allocation-taxation id="226" taxation-threshold="8388608" timestamp="2019-06-16T23:24:34.036" intervalms="259.707" />
<cycle-start id="227" type="partial gc" contextid="0" timestamp="2019-06-16T23:24:34.036" intervalms="259.658" />
<gc-start id="228" type="partial gc" contextid="227" timestamp="2019-06-16T23:24:34.036">
  <mem-info id="229" free="0" total="23068672" percent="0">
    <mem type="eden" free="0" total="8388608" percent="0" />
    <remembered-set count="4992" freebytes="900864" totalbytes="920832" percent="97" regionsoverflowed="0" regionsstable="0" regionsrebuilding="0"/>
  </mem-info>
</gc-start>
<allocation-stats totalBytes="8309280" >
  <allocated-bytes non-tlh="8200" tlh="8301080" arrayletleaf="0"/>
  <largest-consumer threadName="Thread-5" threadId="00000000027B6100" bytes="2906896" />
</allocation-stats>
<gc-op id="230" type="mark" timems="0.884" contextid="227" timestamp="2019-06-16T23:24:34.038">
  <trace-info objectcount="1310" scancount="1110" scanbytes="331696" />
  <cardclean-info objects="1153" bytes="57200" />
  <remembered-set-cleared processed="3476" cleared="601" durationms="0.100" />
  <references type="phantom" candidates="1" cleared="0" enqueued="0" />
  <stringconstants candidates="3963" cleared="0"  />
  <warning details="Mark invoked due to insufficient free space for Copy-Forward" />
</gc-op>
<gc-op id="231" type="classunload" timems="0.002" contextid="227" timestamp="2019-06-16T23:24:34.038">
  <classunload-info classloadercandidates="20" classloadersunloaded="0" classesunloaded="0" anonymousclassesunloaded="0" quiescems="0.000" setupms="0.001" scanms="0.000" postms="0.000" />
</gc-op>
<gc-op id="232" type="sweep" timems="0.417" contextid="227" timestamp="2019-06-16T23:24:34.038" />
<gc-op id="233" type="compact" timems="1.036" contextid="227" timestamp="2019-06-16T23:24:34.040">
  <compact-info movecount="1310" movebytes="631800" />
  <remembered-set-cleared processed="6944" cleared="963" durationms="0.100" />
</gc-op>
<heap-resize id="234" type="expand" space="default" amount="3145728" count="1" timems="0.071" reason="insufficient free space following gc" timestamp="2019-06-16T23:24:34.040" />
<gc-end id="235" type="partial gc" contextid="227" durationms="3.683" usertimems="4.000" systemtimems="4.000" timestamp="2019-06-16T23:24:34.040" activeThreads="4">
  <mem-info id="236" free="10485760" total="26214400" percent="40">
    <mem type="eden" free="417112" total="1048576" percent="39" />
    <remembered-set count="5536" freebytes="1024256" totalbytes="1046400" percent="97" regionsoverflowed="0" regionsstable="0" regionsrebuilding="0"/>
  </mem-info>
</gc-end>
<cycle-end id="237" type="partial gc" contextid="227" timestamp="2019-06-16T23:24:34.040" />
  <attribute name="elasticGC enabled" value="1" />
  <attribute name= "numThreadsSpecified" value="4" />
  <attribute name="heapSize specified" value="0" />
  <attribute name="Current GC Util" value="24" />
  <attribute name= "Current Time Running" value="8509" />
  <attribute name ="GC Interval" value="0" />
  <attribute name="ProportionalT" value="2.000000" />
  <attribute name="ProportionalI" value="2.000000" />
  <attribute name="ProportionalH" value="2.000000" />
  <attribute name="Current Error" value="4.000000" />
  <attribute name="IntegralT" value="2.000000" />
  <attribute name="IntegralI" value="2.000000" />
  <attribute name="IntegralH" value="2.000000" />
  <attribute name="DerivativeT" value="4.000000" />
  <attribute name="DerivativeI" value="4.000000" />
  <attribute name="DerivativeH" value="4.000000" />
  <attribute name="Loop Time for DT" value="1.000000" />
  <attribute name="Output H" value="8388608"/>
  <attribute name="Output I" value="200"/>
  <attribute name="Output T" value="4"/>
  <attribute name="Target GC Util Change" value ="20.000000" />
  <attribute name="Current GC Util Change" value="24.000000"/>
  <attribute name="GC Util currently" value="24" />
  <attribute name="CPU Util currently" value="6885682741398" />
<exclusive-end id="238" timestamp="2019-06-16T23:24:34.040" durationms="4.422" />

<exclusive-start id="239" timestamp="2019-06-16T23:24:34.164" intervalms="128.380">
  <response-info timems="0.039" idlems="0.039" threads="0" lastid="00000000027B6100" lastname="Thread-5" />
</exclusive-start>
<allocation-taxation id="240" taxation-threshold="10485760" timestamp="2019-06-16T23:24:34.164" intervalms="128.391" />
<cycle-start id="241" type="partial gc" contextid="0" timestamp="2019-06-16T23:24:34.165" intervalms="128.395" />
<gc-start id="242" type="partial gc" contextid="241" timestamp="2019-06-16T23:24:34.165">
  <mem-info id="243" free="0" total="26214400" percent="0">
    <mem type="eden" free="0" total="10485760" percent="0" />
    <remembered-set count="5152" freebytes="1025792" totalbytes="1046400" percent="98" regionsoverflowed="0" regionsstable="0" regionsrebuilding="0"/>
  </mem-info>
</gc-start>
<allocation-stats totalBytes="10428816" >
  <allocated-bytes non-tlh="0" tlh="10428816" arrayletleaf="0"/>
  <largest-consumer threadName="Thread-5" threadId="00000000027B6100" bytes="3407864" />
</allocation-stats>
<gc-op id="244" type="mark" timems="0.965" contextid="241" timestamp="2019-06-16T23:24:34.166">
  <trace-info objectcount="2271" scancount="1856" scanbytes="408508" />
  <cardclean-info objects="1150" bytes="56840" />
  <remembered-set-cleared processed="3410" cleared="494" durationms="0.102" />
  <references type="phantom" candidates="2" cleared="0" enqueued="0" />
  <stringconstants candidates="3963" cleared="0"  />
  <warning details="Mark invoked due to insufficient free space for Copy-Forward" />
</gc-op>
<gc-op id="245" type="classunload" timems="0.002" contextid="241" timestamp="2019-06-16T23:24:34.166">
  <classunload-info classloadercandidates="20" classloadersunloaded="0" classesunloaded="0" anonymousclassesunloaded="0" quiescems="0.000" setupms="0.002" scanms="0.000" postms="0.000" />
</gc-op>
<gc-op id="246" type="sweep" timems="0.463" contextid="241" timestamp="2019-06-16T23:24:34.167" />
<gc-op id="247" type="compact" timems="1.261" contextid="241" timestamp="2019-06-16T23:24:34.168">
  <compact-info movecount="2271" movebytes="943888" />
  <remembered-set-cleared processed="7140" cleared="1101" durationms="0.102" />
</gc-op>
<heap-resize id="248" type="expand" space="default" amount="1048576" count="1" timems="0.057" reason="insufficient free space following gc" timestamp="2019-06-16T23:24:34.169" />
<gc-end id="249" type="partial gc" contextid="241" durationms="4.202" usertimems="0.000" systemtimems="4.000" timestamp="2019-06-16T23:24:34.169" activeThreads="1">
  <mem-info id="250" free="10485760" total="27262976" percent="38">
    <mem type="eden" free="105144" total="1048576" percent="10" />
    <remembered-set count="5760" freebytes="1065216" totalbytes="1088256" percent="97" regionsoverflowed="0" regionsstable="0" regionsrebuilding="0"/>
  </mem-info>
</gc-end>
<cycle-end id="251" type="partial gc" contextid="241" timestamp="2019-06-16T23:24:34.169" />
  <attribute name="elasticGC enabled" value="1" />
  <attribute name= "numThreadsSpecified" value="1" />
  <attribute name="heapSize specified" value="0" />
  <attribute name="Current GC Util" value="24" />
  <attribute name= "Current Time Running" value="8637" />
  <attribute name ="GC Interval" value="0" />
  <attribute name="ProportionalT" value="2.000000" />
  <attribute name="ProportionalI" value="2.000000" />
  <attribute name="ProportionalH" value="2.000000" />
  <attribute name="Current Error" value="4.000000" />
  <attribute name="IntegralT" value="0.000000" />
  <attribute name="IntegralI" value="0.000000" />
  <attribute name="IntegralH" value="0.000000" />
  <attribute name="DerivativeT" value="inf" />
  <attribute name="DerivativeI" value="inf" />
  <attribute name="DerivativeH" value="inf" />
  <attribute name="Loop Time for DT" value="0.000000" />
  <attribute name="Output H" value="8388608"/>
  <attribute name="Output I" value="200"/>
  <attribute name="Output T" value="1"/>
  <attribute name="Target GC Util Change" value ="20.000000" />
  <attribute name="Current GC Util Change" value="24.000000"/>
  <attribute name="GC Util currently" value="24" />
  <attribute name="CPU Util currently" value="6440893261237" />
<exclusive-end id="252" timestamp="2019-06-16T23:24:34.169" durationms="4.986" />

<exclusive-start id="253" timestamp="2019-06-16T23:24:34.295" intervalms="130.431">
  <response-info timems="0.035" idlems="0.035" threads="0" lastid="00000000027AE900" lastname="Thread-3" />
</exclusive-start>
<allocation-taxation id="254" taxation-threshold="10485760" timestamp="2019-06-16T23:24:34.295" intervalms="130.432" />
<cycle-start id="255" type="partial gc" contextid="0" timestamp="2019-06-16T23:24:34.295" intervalms="130.436" />
<gc-start id="256" type="partial gc" contextid="255" timestamp="2019-06-16T23:24:34.295">
  <mem-info id="257" free="0" total="27262976" percent="0">
    <mem type="eden" free="0" total="10485760" percent="0" />
    <remembered-set count="5376" freebytes="1066752" totalbytes="1088256" percent="98" regionsoverflowed="0" regionsstable="0" regionsrebuilding="0"/>
  </mem-info>
</gc-start>
<allocation-stats totalBytes="10445864" >
  <allocated-bytes non-tlh="32776" tlh="10413088" arrayletleaf="0"/>
  <largest-consumer threadName="Thread-3" threadId="00000000027AE900" bytes="3336968" />
</allocation-stats>
<gc-op id="258" type="mark" timems="1.125" contextid="255" timestamp="2019-06-16T23:24:34.297">
  <trace-info objectcount="2638" scancount="2106" scanbytes="419852" />
  <cardclean-info objects="1150" bytes="56676" />
  <remembered-set-cleared processed="3618" cleared="658" durationms="0.072" />
  <references type="weak" candidates="1" cleared="0" enqueued="0" />
  <references type="phantom" candidates="1" cleared="0" enqueued="0" />
  <stringconstants candidates="3963" cleared="0"  />
  <warning details="Mark invoked due to insufficient free space for Copy-Forward" />
</gc-op>
<gc-op id="259" type="classunload" timems="0.003" contextid="255" timestamp="2019-06-16T23:24:34.297">
  <classunload-info classloadercandidates="20" classloadersunloaded="0" classesunloaded="0" anonymousclassesunloaded="0" quiescems="0.000" setupms="0.002" scanms="0.000" postms="0.000" />
</gc-op>
<gc-op id="260" type="sweep" timems="0.391" contextid="255" timestamp="2019-06-16T23:24:34.297" />
<gc-op id="261" type="compact" timems="1.063" contextid="255" timestamp="2019-06-16T23:24:34.299">
  <compact-info movecount="2638" movebytes="1022032" />
  <remembered-set-cleared processed="7496" cleared="1350" durationms="0.072" />
</gc-op>
<heap-resize id="262" type="expand" space="default" amount="2097152" count="1" timems="0.063" reason="insufficient free space following gc" timestamp="2019-06-16T23:24:34.299" />
<gc-end id="263" type="partial gc" contextid="255" durationms="3.789" usertimems="8.000" systemtimems="0.000" timestamp="2019-06-16T23:24:34.299" activeThreads="4">
  <mem-info id="264" free="11534336" total="29360128" percent="39">
    <mem type="eden" free="26688" total="1048576" percent="2" />
    <remembered-set count="6336" freebytes="1146624" totalbytes="1171968" percent="97" regionsoverflowed="0" regionsstable="0" regionsrebuilding="0"/>
  </mem-info>
</gc-end>
<cycle-end id="265" type="partial gc" contextid="255" timestamp="2019-06-16T23:24:34.299" />
  <attribute name="elasticGC enabled" value="1" />
  <attribute name= "numThreadsSpecified" value="4" />
  <attribute name="heapSize specified" value="0" />
  <attribute name="Current GC Util" value="27" />
  <attribute name= "Current Time Running" value="8768" />
  <attribute name ="GC Interval" value="0" />
  <attribute name="ProportionalT" value="3.500000" />
  <attribute name="ProportionalI" value="3.500000" />
  <attribute name="ProportionalH" value="3.500000" />
  <attribute name="Current Error" value="7.000000" />
  <attribute name="IntegralT" value="3.500000" />
  <attribute name="IntegralI" value="3.500000" />
  <attribute name="IntegralH" value="3.500000" />
  <attribute name="DerivativeT" value="-67.000000" />
  <attribute name="DerivativeI" value="-67.000000" />
  <attribute name="DerivativeH" value="-67.000000" />
  <attribute name="Loop Time for DT" value="1.000000" />
  <attribute name="Output H" value="2091843584"/>
  <attribute name="Output I" value="200"/>
  <attribute name="Output T" value="4"/>
  <attribute name="Target GC Util Change" value ="20.000000" />
  <attribute name="Current GC Util Change" value="27.000000"/>
  <attribute name="GC Util currently" value="27" />
  <attribute name="CPU Util currently" value="7822728193946" />
<exclusive-end id="266" timestamp="2019-06-16T23:24:34.299" durationms="4.435" />

<exclusive-start id="267" timestamp="2019-06-16T23:24:34.433" intervalms="137.816">
  <response-info timems="0.040" idlems="0.040" threads="0" lastid="00000000027B2500" lastname="Thread-4" />
</exclusive-start>
<allocation-taxation id="268" taxation-threshold="11534336" timestamp="2019-06-16T23:24:34.433" intervalms="137.816" />
<cycle-start id="269" type="partial gc" contextid="0" timestamp="2019-06-16T23:24:34.433" intervalms="137.811" />
<gc-start id="270" type="partial gc" contextid="269" timestamp="2019-06-16T23:24:34.433">
  <mem-info id="271" free="0" total="29360128" percent="0">
    <mem type="eden" free="0" total="11534336" percent="0" />
    <remembered-set count="6112" freebytes="1147520" totalbytes="1171968" percent="97" regionsoverflowed="0" regionsstable="0" regionsrebuilding="0"/>
  </mem-info>
</gc-start>
<allocation-stats totalBytes="11471808" >
  <allocated-bytes non-tlh="0" tlh="11471808" arrayletleaf="0"/>
  <largest-consumer threadName="Thread-4" threadId="00000000027B2500" bytes="4486688" />
</allocation-stats>
<gc-op id="272" type="mark" timems="1.310" contextid="269" timestamp="2019-06-16T23:24:34.435">
  <trace-info objectcount="2502" scancount="2026" scanbytes="418228" />
  <cardclean-info objects="1182" bytes="58716" />
  <remembered-set-cleared processed="3740" cleared="763" durationms="0.080" />
  <stringconstants candidates="3963" cleared="0"  />
  <warning details="Mark invoked due to insufficient free space for Copy-Forward" />
</gc-op>
<gc-op id="273" type="classunload" timems="0.002" contextid="269" timestamp="2019-06-16T23:24:34.435">
  <classunload-info classloadercandidates="20" classloadersunloaded="0" classesunloaded="0" anonymousclassesunloaded="0" quiescems="0.000" setupms="0.002" scanms="0.000" postms="0.000" />
</gc-op>
<gc-op id="274" type="sweep" timems="0.335" contextid="269" timestamp="2019-06-16T23:24:34.435" />
<gc-op id="275" type="compact" timems="1.158" contextid="269" timestamp="2019-06-16T23:24:34.437">
  <compact-info movecount="2502" movebytes="1015936" />
  <remembered-set-cleared processed="7639" cleared="1459" durationms="0.083" />
</gc-op>
<heap-resize id="276" type="expand" space="default" amount="1048576" count="1" timems="0.057" reason="insufficient free space following gc" timestamp="2019-06-16T23:24:34.437" />
<gc-end id="277" type="partial gc" contextid="269" durationms="4.093" usertimems="4.000" systemtimems="4.000" timestamp="2019-06-16T23:24:34.437" activeThreads="4">
  <mem-info id="278" free="11534336" total="30408704" percent="37">
    <mem type="eden" free="32888" total="1048576" percent="3" />
    <remembered-set count="5760" freebytes="1190784" totalbytes="1213824" percent="98" regionsoverflowed="0" regionsstable="0" regionsrebuilding="0"/>
  </mem-info>
</gc-end>
<cycle-end id="279" type="partial gc" contextid="269" timestamp="2019-06-16T23:24:34.437" />
  <attribute name="elasticGC enabled" value="1" />
  <attribute name= "numThreadsSpecified" value="4" />
  <attribute name="heapSize specified" value="0" />
  <attribute name="Current GC Util" value="32" />
  <attribute name= "Current Time Running" value="8906" />
  <attribute name ="GC Interval" value="0" />
  <attribute name="ProportionalT" value="6.000000" />
  <attribute name="ProportionalI" value="6.000000" />
  <attribute name="ProportionalH" value="6.000000" />
  <attribute name="Current Error" value="12.000000" />
  <attribute name="IntegralT" value="6.000000" />
  <attribute name="IntegralI" value="6.000000" />
  <attribute name="IntegralH" value="6.000000" />
  <attribute name="DerivativeT" value="-61.000000" />
  <attribute name="DerivativeI" value="-61.000000" />
  <attribute name="DerivativeH" value="-61.000000" />
  <attribute name="Loop Time for DT" value="1.000000" />
  <attribute name="Output H" value="2091843584"/>
  <attribute name="Output I" value="200"/>
  <attribute name="Output T" value="4"/>
  <attribute name="Target GC Util Change" value ="20.000000" />
  <attribute name="Current GC Util Change" value="32.000000"/>
  <attribute name="GC Util currently" value="32" />
  <attribute name="CPU Util currently" value="8492037741053" />
<exclusive-end id="280" timestamp="2019-06-16T23:24:34.437" durationms="4.786" />

<exclusive-start id="281" timestamp="2019-06-16T23:24:34.565" intervalms="132.262">
  <response-info timems="0.027" idlems="0.027" threads="0" lastid="00000000027B9D00" lastname="Thread-6" />
</exclusive-start>
<allocation-taxation id="282" taxation-threshold="11534336" timestamp="2019-06-16T23:24:34.565" intervalms="132.253" />
<cycle-start id="283" type="partial gc" contextid="0" timestamp="2019-06-16T23:24:34.565" intervalms="132.251" />
<gc-start id="284" type="partial gc" contextid="283" timestamp="2019-06-16T23:24:34.565">
  <mem-info id="285" free="0" total="30408704" percent="0">
    <mem type="eden" free="0" total="11534336" percent="0" />
    <remembered-set count="5440" freebytes="1192064" totalbytes="1213824" percent="98" regionsoverflowed="0" regionsstable="0" regionsrebuilding="0"/>
  </mem-info>
</gc-start>
<allocation-stats totalBytes="11467848" >
  <allocated-bytes non-tlh="16392" tlh="11451456" arrayletleaf="0"/>
  <largest-consumer threadName="Thread-4" threadId="00000000027B2500" bytes="4151944" />
</allocation-stats>
<gc-op id="286" type="mark" timems="0.936" contextid="283" timestamp="2019-06-16T23:24:34.567">
  <trace-info objectcount="2184" scancount="1723" scanbytes="404452" />
  <cardclean-info objects="1179" bytes="58580" />
  <remembered-set-cleared processed="3753" cleared="738" durationms="0.110" />
  <references type="phantom" candidates="1" cleared="0" enqueued="0" />
  <stringconstants candidates="3963" cleared="0"  />
  <warning details="Mark invoked due to insufficient free space for Copy-Forward" />
</gc-op>
<gc-op id="287" type="classunload" timems="0.003" contextid="283" timestamp="2019-06-16T23:24:34.567">
  <classunload-info classloadercandidates="20" classloadersunloaded="0" classesunloaded="0" anonymousclassesunloaded="0" quiescems="0.000" setupms="0.002" scanms="0.000" postms="0.000" />
</gc-op>
<gc-op id="288" type="sweep" timems="0.424" contextid="283" timestamp="2019-06-16T23:24:34.567" />
<gc-op id="289" type="compact" timems="1.169" contextid="283" timestamp="2019-06-16T23:24:34.569">
  <compact-info movecount="2184" movebytes="959800" />
  <remembered-set-cleared processed="7619" cleared="1373" durationms="0.110" />
</gc-op>
<heap-resize id="290" type="expand" space="default" amount="2097152" count="1" timems="0.059" reason="insufficient free space following gc" timestamp="2019-06-16T23:24:34.569" />
<gc-end id="291" type="partial gc" contextid="283" durationms="3.802" usertimems="4.000" systemtimems="0.000" timestamp="2019-06-16T23:24:34.569" activeThreads="4">
  <mem-info id="292" free="12582912" total="32505856" percent="38">
    <mem type="eden" free="89384" total="1048576" percent="8" />
    <remembered-set count="6272" freebytes="1272448" totalbytes="1297536" percent="98" regionsoverflowed="0" regionsstable="0" regionsrebuilding="0"/>
  </mem-info>
</gc-end>
<cycle-end id="293" type="partial gc" contextid="283" timestamp="2019-06-16T23:24:34.569" />
  <attribute name="elasticGC enabled" value="1" />
  <attribute name= "numThreadsSpecified" value="4" />
  <attribute name="heapSize specified" value="0" />
  <attribute name="Current GC Util" value="28" />
  <attribute name= "Current Time Running" value="9038" />
  <attribute name ="GC Interval" value="0" />
  <attribute name="ProportionalT" value="4.000000" />
  <attribute name="ProportionalI" value="4.000000" />
  <attribute name="ProportionalH" value="4.000000" />
  <attribute name="Current Error" value="8.000000" />
  <attribute name="IntegralT" value="4.000000" />
  <attribute name="IntegralI" value="4.000000" />
  <attribute name="IntegralH" value="4.000000" />
  <attribute name="DerivativeT" value="8.000000" />
  <attribute name="DerivativeI" value="8.000000" />
  <attribute name="DerivativeH" value="8.000000" />
  <attribute name="Loop Time for DT" value="1.000000" />
  <attribute name="Output H" value="8388608"/>
  <attribute name="Output I" value="200"/>
  <attribute name="Output T" value="4"/>
  <attribute name="Target GC Util Change" value ="20.000000" />
  <attribute name="Current GC Util Change" value="28.000000"/>
  <attribute name="GC Util currently" value="28" />
  <attribute name="CPU Util currently" value="7377930320111" />
<exclusive-end id="294" timestamp="2019-06-16T23:24:34.569" durationms="4.533" />

<exclusive-start id="295" timestamp="2019-06-16T23:24:34.710" intervalms="144.896">
  <response-info timems="0.036" idlems="0.036" threads="0" lastid="00000000027B6100" lastname="Thread-5" />
</exclusive-start>
<allocation-taxation id="296" taxation-threshold="12582912" timestamp="2019-06-16T23:24:34.710" intervalms="144.905" />
<cycle-start id="297" type="partial gc" contextid="0" timestamp="2019-06-16T23:24:34.710" intervalms="144.910" />
<gc-start id="298" type="partial gc" contextid="297" timestamp="2019-06-16T23:24:34.710">
  <mem-info id="299" free="0" total="32505856" percent="0">
    <mem type="eden" free="0" total="12582912" percent="0" />
    <remembered-set count="5920" freebytes="1273856" totalbytes="1297536" percent="98" regionsoverflowed="0" regionsstable="0" regionsrebuilding="0"/>
  </mem-info>
</gc-start>
<allocation-stats totalBytes="12480920" >
  <allocated-bytes non-tlh="32776" tlh="12448144" arrayletleaf="0"/>
  <largest-consumer threadName="Thread-4" threadId="00000000027B2500" bytes="5121040" />
</allocation-stats>
<gc-op id="300" type="mark" timems="1.211" contextid="297" timestamp="2019-06-16T23:24:34.712">
  <trace-info objectcount="2460" scancount="1974" scanbytes="412764" />
  <cardclean-info objects="1154" bytes="57132" />
  <remembered-set-cleared processed="3756" cleared="677" durationms="0.085" />
  <references type="phantom" candidates="1" cleared="0" enqueued="0" />
  <stringconstants candidates="3963" cleared="0"  />
  <warning details="Mark invoked due to insufficient free space for Copy-Forward" />
</gc-op>
<gc-op id="301" type="classunload" timems="0.002" contextid="297" timestamp="2019-06-16T23:24:34.712">
  <classunload-info classloadercandidates="20" classloadersunloaded="0" classesunloaded="0" anonymousclassesunloaded="0" quiescems="0.000" setupms="0.002" scanms="0.000" postms="0.000" />
</gc-op>
<gc-op id="302" type="sweep" timems="0.334" contextid="297" timestamp="2019-06-16T23:24:34.712" />
<gc-op id="303" type="compact" timems="1.116" contextid="297" timestamp="2019-06-16T23:24:34.714">
  <compact-info movecount="2460" movebytes="1004616" />
  <remembered-set-cleared processed="7707" cleared="1317" durationms="0.085" />
</gc-op>
<heap-resize id="304" type="expand" space="default" amount="1048576" count="1" timems="0.053" reason="insufficient free space following gc" timestamp="2019-06-16T23:24:34.714" />
<gc-end id="305" type="partial gc" contextid="297" durationms="3.895" usertimems="4.000" systemtimems="0.000" timestamp="2019-06-16T23:24:34.714" activeThreads="4">
  <mem-info id="306" free="12582912" total="33554432" percent="37">
    <mem type="eden" free="44624" total="1048576" percent="4" />
    <remembered-set count="5952" freebytes="1315584" totalbytes="1339392" percent="98" regionsoverflowed="0" regionsstable="0" regionsrebuilding="0"/>
  </mem-info>
</gc-end>
<cycle-end id="307" type="partial gc" contextid="297" timestamp="2019-06-16T23:24:34.714" />
  <attribute name="elasticGC enabled" value="1" />
  <attribute name= "numThreadsSpecified" value="4" />
  <attribute name="heapSize specified" value="0" />
  <attribute name="Current GC Util" value="33" />
  <attribute name= "Current Time Running" value="9183" />
  <attribute name ="GC Interval" value="0" />
  <attribute name="ProportionalT" value="6.500000" />
  <attribute name="ProportionalI" value="6.500000" />
  <attribute name="ProportionalH" value="6.500000" />
  <attribute name="Current Error" value="13.000000" />
  <attribute name="IntegralT" value="6.500000" />
  <attribute name="IntegralI" value="6.500000" />
  <attribute name="IntegralH" value="6.500000" />
  <attribute name="DerivativeT" value="-75.000000" />
  <attribute name="DerivativeI" value="-75.000000" />
  <attribute name="DerivativeH" value="-75.000000" />
  <attribute name="Loop Time for DT" value="1.000000" />
  <attribute name="Output H" value="2091843584"/>
  <attribute name="Output I" value="200"/>
  <attribute name="Output T" value="4"/>
  <attribute name="Target GC Util Change" value ="20.000000" />
  <attribute name="Current GC Util Change" value="33.000000"/>
  <attribute name="GC Util currently" value="33" />
  <attribute name="CPU Util currently" value="8426526023845" />
<exclusive-end id="308" timestamp="2019-06-16T23:24:34.714" durationms="4.596" />

<exclusive-start id="309" timestamp="2019-06-16T23:24:34.868" intervalms="158.723">
  <response-info timems="0.028" idlems="0.028" threads="0" lastid="00000000027B6100" lastname="Thread-5" />
</exclusive-start>
<allocation-taxation id="310" taxation-threshold="12582912" timestamp="2019-06-16T23:24:34.869" intervalms="158.731" />
<cycle-start id="311" type="partial gc" contextid="0" timestamp="2019-06-16T23:24:34.869" intervalms="158.737" />
<gc-start id="312" type="partial gc" contextid="311" timestamp="2019-06-16T23:24:34.869">
  <mem-info id="313" free="0" total="33554432" percent="0">
    <mem type="eden" free="0" total="12582912" percent="0" />
    <remembered-set count="5664" freebytes="1316736" totalbytes="1339392" percent="98" regionsoverflowed="0" regionsstable="0" regionsrebuilding="0"/>
  </mem-info>
</gc-start>
<allocation-stats totalBytes="12504776" >
  <allocated-bytes non-tlh="16392" tlh="12488384" arrayletleaf="0"/>
  <largest-consumer threadName="Thread-5" threadId="00000000027B6100" bytes="3437208" />
</allocation-stats>
<gc-op id="314" type="mark" timems="1.584" contextid="311" timestamp="2019-06-16T23:24:34.871">
  <trace-info objectcount="2331" scancount="1898" scanbytes="410816" />
  <cardclean-info objects="1155" bytes="57364" />
  <remembered-set-cleared processed="3812" cleared="693" durationms="0.097" />
  <references type="phantom" candidates="1" cleared="0" enqueued="0" />
  <stringconstants candidates="3963" cleared="0"  />
  <warning details="Mark invoked due to insufficient free space for Copy-Forward" />
</gc-op>
<gc-op id="315" type="classunload" timems="0.003" contextid="311" timestamp="2019-06-16T23:24:34.871">
  <classunload-info classloadercandidates="20" classloadersunloaded="0" classesunloaded="0" anonymousclassesunloaded="0" quiescems="0.000" setupms="0.002" scanms="0.000" postms="0.000" />
</gc-op>
<gc-op id="316" type="sweep" timems="0.368" contextid="311" timestamp="2019-06-16T23:24:34.872" />
<gc-op id="317" type="compact" timems="1.301" contextid="311" timestamp="2019-06-16T23:24:34.873">
  <compact-info movecount="2331" movebytes="981360" />
  <remembered-set-cleared processed="7789" cleared="1318" durationms="0.097" />
</gc-op>
<heap-resize id="318" type="expand" space="default" amount="1048576" count="1" timems="0.064" reason="insufficient free space following gc" timestamp="2019-06-16T23:24:34.874" />
<gc-end id="319" type="partial gc" contextid="311" durationms="4.867" usertimems="4.000" systemtimems="4.000" timestamp="2019-06-16T23:24:34.874" activeThreads="4">
  <mem-info id="320" free="12582912" total="34603008" percent="36">
    <mem type="eden" free="67616" total="1048576" percent="6" />
    <remembered-set count="6112" freebytes="1356800" totalbytes="1381248" percent="98" regionsoverflowed="0" regionsstable="0" regionsrebuilding="0"/>
  </mem-info>
</gc-end>
<cycle-end id="321" type="partial gc" contextid="311" timestamp="2019-06-16T23:24:34.874" />
  <attribute name="elasticGC enabled" value="1" />
  <attribute name= "numThreadsSpecified" value="4" />
  <attribute name="heapSize specified" value="0" />
  <attribute name="Current GC Util" value="31" />
  <attribute name= "Current Time Running" value="9342" />
  <attribute name ="GC Interval" value="0" />
  <attribute name="ProportionalT" value="5.500000" />
  <attribute name="ProportionalI" value="5.500000" />
  <attribute name="ProportionalH" value="5.500000" />
  <attribute name="Current Error" value="11.000000" />
  <attribute name="IntegralT" value="5.500000" />
  <attribute name="IntegralI" value="5.500000" />
  <attribute name="IntegralH" value="5.500000" />
  <attribute name="DerivativeT" value="-71.000000" />
  <attribute name="DerivativeI" value="-71.000000" />
  <attribute name="DerivativeH" value="-71.000000" />
  <attribute name="Loop Time for DT" value="1.000000" />
  <attribute name="Output H" value="2091843584"/>
  <attribute name="Output I" value="200"/>
  <attribute name="Output T" value="4"/>
  <attribute name="Target GC Util Change" value ="20.000000" />
  <attribute name="Current GC Util Change" value="31.000000"/>
  <attribute name="GC Util currently" value="31" />
  <attribute name="CPU Util currently" value="7636898094163" />
<exclusive-end id="322" timestamp="2019-06-16T23:24:34.874" durationms="5.764" />

<exclusive-start id="323" timestamp="2019-06-16T23:24:35.027" intervalms="158.699">
  <response-info timems="0.042" idlems="0.042" threads="0" lastid="00000000027B6100" lastname="Thread-5" />
</exclusive-start>
<allocation-taxation id="324" taxation-threshold="12582912" timestamp="2019-06-16T23:24:35.027" intervalms="158.687" />
<cycle-start id="325" type="partial gc" contextid="0" timestamp="2019-06-16T23:24:35.027" intervalms="158.682" />
<gc-start id="326" type="partial gc" contextid="325" timestamp="2019-06-16T23:24:35.028">
  <mem-info id="327" free="0" total="34603008" percent="0">
    <mem type="eden" free="0" total="12582912" percent="0" />
    <remembered-set count="5856" freebytes="1357824" totalbytes="1381248" percent="98" regionsoverflowed="0" regionsstable="0" regionsrebuilding="0"/>
  </mem-info>
</gc-start>
<allocation-stats totalBytes="12575800" >
  <allocated-bytes non-tlh="0" tlh="12575800" arrayletleaf="0"/>
  <largest-consumer threadName="Thread-6" threadId="00000000027B9D00" bytes="5234368" />
</allocation-stats>
<gc-op id="328" type="mark" timems="0.997" contextid="325" timestamp="2019-06-16T23:24:35.029">
  <trace-info objectcount="2684" scancount="2132" scanbytes="420416" />
  <cardclean-info objects="1175" bytes="58132" />
  <remembered-set-cleared processed="3842" cleared="690" durationms="0.119" />
  <stringconstants candidates="3963" cleared="0"  />
  <warning details="Mark invoked due to insufficient free space for Copy-Forward" />
</gc-op>
<gc-op id="329" type="classunload" timems="0.002" contextid="325" timestamp="2019-06-16T23:24:35.029">
  <classunload-info classloadercandidates="20" classloadersunloaded="0" classesunloaded="0" anonymousclassesunloaded="0" quiescems="0.000" setupms="0.002" scanms="0.000" postms="0.000" />
</gc-op>
<gc-op id="330" type="sweep" timems="0.419" contextid="325" timestamp="2019-06-16T23:24:35.030" />
<gc-op id="331" type="compact" timems="1.152" contextid="325" timestamp="2019-06-16T23:24:35.031">
  <compact-info movecount="2684" movebytes="1041592" />
  <remembered-set-cleared processed="7957" cleared="1412" durationms="0.119" />
</gc-op>
<gc-end id="332" type="partial gc" contextid="325" durationms="3.760" usertimems="4.000" systemtimems="0.000" timestamp="2019-06-16T23:24:35.031" activeThreads="4">
  <mem-info id="333" free="11534336" total="34603008" percent="33">
    <mem type="eden" free="7272" total="1048576" percent="0" />
    <remembered-set count="6208" freebytes="1356416" totalbytes="1381248" percent="98" regionsoverflowed="0" regionsstable="0" regionsrebuilding="0"/>
  </mem-info>
</gc-end>
<cycle-end id="334" type="partial gc" contextid="325" timestamp="2019-06-16T23:24:35.031" />
  <attribute name="elasticGC enabled" value="1" />
  <attribute name= "numThreadsSpecified" value="4" />
  <attribute name="heapSize specified" value="0" />
  <attribute name="Current GC Util" value="34" />
  <attribute name= "Current Time Running" value="9500" />
  <attribute name ="GC Interval" value="0" />
  <attribute name="ProportionalT" value="7.000000" />
  <attribute name="ProportionalI" value="7.000000" />
  <attribute name="ProportionalH" value="7.000000" />
  <attribute name="Current Error" value="14.000000" />
  <attribute name="IntegralT" value="7.000000" />
  <attribute name="IntegralI" value="7.000000" />
  <attribute name="IntegralH" value="7.000000" />
  <attribute name="DerivativeT" value="14.000000" />
  <attribute name="DerivativeI" value="14.000000" />
  <attribute name="DerivativeH" value="14.000000" />
  <attribute name="Loop Time for DT" value="1.000000" />
  <attribute name="Output H" value="8388608"/>
  <attribute name="Output I" value="200"/>
  <attribute name="Output T" value="4"/>
  <attribute name="Target GC Util Change" value ="20.000000" />
  <attribute name="Current GC Util Change" value="34.000000"/>
  <attribute name="GC Util currently" value="34" />
  <attribute name="CPU Util currently" value="6937004663238" />
<exclusive-end id="335" timestamp="2019-06-16T23:24:35.032" durationms="4.522" />

<exclusive-start id="336" timestamp="2019-06-16T23:24:35.166" intervalms="138.892">
  <response-info timems="0.041" idlems="0.041" threads="0" lastid="00000000027B6100" lastname="Thread-5" />
</exclusive-start>
<allocation-taxation id="337" taxation-threshold="11534336" timestamp="2019-06-16T23:24:35.166" intervalms="138.896" />
<cycle-start id="338" type="partial gc" contextid="0" timestamp="2019-06-16T23:24:35.166" intervalms="138.897" />
<gc-start id="339" type="partial gc" contextid="338" timestamp="2019-06-16T23:24:35.166">
  <mem-info id="340" free="0" total="34603008" percent="0">
    <mem type="eden" free="0" total="11534336" percent="0" />
    <remembered-set count="5856" freebytes="1357824" totalbytes="1381248" percent="98" regionsoverflowed="0" regionsstable="0" regionsrebuilding="0"/>
  </mem-info>
</gc-start>
<allocation-stats totalBytes="11428592" >
  <allocated-bytes non-tlh="32776" tlh="11395816" arrayletleaf="0"/>
  <largest-consumer threadName="Thread-5" threadId="00000000027B6100" bytes="3680168" />
</allocation-stats>
<gc-op id="341" type="mark" timems="0.985" contextid="338" timestamp="2019-06-16T23:24:35.168">
  <trace-info objectcount="2514" scancount="2037" scanbytes="417224" />
  <cardclean-info objects="1160" bytes="57308" />
  <remembered-set-cleared processed="3976" cleared="777" durationms="0.122" />
  <stringconstants candidates="3963" cleared="0"  />
  <warning details="Mark invoked due to insufficient free space for Copy-Forward" />
</gc-op>
<gc-op id="342" type="classunload" timems="0.002" contextid="338" timestamp="2019-06-16T23:24:35.168">
  <classunload-info classloadercandidates="20" classloadersunloaded="0" classesunloaded="0" anonymousclassesunloaded="0" quiescems="0.000" setupms="0.002" scanms="0.000" postms="0.000" />
</gc-op>
<gc-op id="343" type="sweep" timems="0.406" contextid="338" timestamp="2019-06-16T23:24:35.168" />
<gc-op id="344" type="compact" timems="1.218" contextid="338" timestamp="2019-06-16T23:24:35.170">
  <compact-info movecount="2514" movebytes="947312" />
  <remembered-set-cleared processed="8037" cleared="1399" durationms="0.122" />
</gc-op>
<heap-resize id="345" type="expand" space="default" amount="2097152" count="1" timems="0.063" reason="insufficient free space following gc" timestamp="2019-06-16T23:24:35.170" />
<gc-end id="346" type="partial gc" contextid="338" durationms="3.916" usertimems="0.000" systemtimems="4.000" timestamp="2019-06-16T23:24:35.170" activeThreads="4">
  <mem-info id="347" free="13631488" total="36700160" percent="37">
    <mem type="eden" free="101264" total="1048576" percent="9" />
    <remembered-set count="6784" freebytes="1437824" totalbytes="1464960" percent="98" regionsoverflowed="0" regionsstable="0" regionsrebuilding="0"/>
  </mem-info>
</gc-end>
<cycle-end id="348" type="partial gc" contextid="338" timestamp="2019-06-16T23:24:35.171" />
  <attribute name="elasticGC enabled" value="1" />
  <attribute name= "numThreadsSpecified" value="4" />
  <attribute name="heapSize specified" value="0" />
  <attribute name="Current GC Util" value="25" />
  <attribute name= "Current Time Running" value="9639" />
  <attribute name ="GC Interval" value="0" />
  <attribute name="ProportionalT" value="2.500000" />
  <attribute name="ProportionalI" value="2.500000" />
  <attribute name="ProportionalH" value="2.500000" />
  <attribute name="Current Error" value="5.000000" />
  <attribute name="IntegralT" value="2.500000" />
  <attribute name="IntegralI" value="2.500000" />
  <attribute name="IntegralH" value="2.500000" />
  <attribute name="DerivativeT" value="5.000000" />
  <attribute name="DerivativeI" value="5.000000" />
  <attribute name="DerivativeH" value="5.000000" />
  <attribute name="Loop Time for DT" value="1.000000" />
  <attribute name="Output H" value="8388608"/>
  <attribute name="Output I" value="200"/>
  <attribute name="Output T" value="4"/>
  <attribute name="Target GC Util Change" value ="20.000000" />
  <attribute name="Current GC Util Change" value="25.000000"/>
  <attribute name="GC Util currently" value="25" />
  <attribute name="CPU Util currently" value="7112167716355" />
<exclusive-end id="349" timestamp="2019-06-16T23:24:35.171" durationms="4.621" />

<exclusive-start id="350" timestamp="2019-06-16T23:24:35.284" intervalms="118.227">
  <response-info timems="0.042" idlems="0.042" threads="0" lastid="00000000027B6100" lastname="Thread-5" />
</exclusive-start>
<allocation-taxation id="351" taxation-threshold="13631488" timestamp="2019-06-16T23:24:35.284" intervalms="118.232" />
<cycle-start id="352" type="partial gc" contextid="0" timestamp="2019-06-16T23:24:35.284" intervalms="118.237" />
<gc-start id="353" type="partial gc" contextid="352" timestamp="2019-06-16T23:24:35.285">
  <mem-info id="354" free="0" total="36700160" percent="0">
    <mem type="eden" free="0" total="13631488" percent="0" />
    <remembered-set count="6432" freebytes="1439232" totalbytes="1464960" percent="98" regionsoverflowed="0" regionsstable="0" regionsrebuilding="0"/>
  </mem-info>
</gc-start>
<allocation-stats totalBytes="13555328" >
  <allocated-bytes non-tlh="32776" tlh="13522552" arrayletleaf="0"/>
  <largest-consumer threadName="Thread-5" threadId="00000000027B6100" bytes="4559488" />
</allocation-stats>
<gc-op id="355" type="mark" timems="0.990" contextid="352" timestamp="2019-06-16T23:24:35.286">
  <trace-info objectcount="2501" scancount="2038" scanbytes="419036" />
  <cardclean-info objects="1186" bytes="58612" />
  <remembered-set-cleared processed="3924" cleared="702" durationms="0.119" />
  <references type="weak" candidates="1" cleared="0" enqueued="0" />
  <references type="phantom" candidates="1" cleared="0" enqueued="0" />
  <stringconstants candidates="3963" cleared="0"  />
  <warning details="Mark invoked due to insufficient free space for Copy-Forward" />
</gc-op>
<gc-op id="356" type="classunload" timems="0.002" contextid="352" timestamp="2019-06-16T23:24:35.286">
  <classunload-info classloadercandidates="20" classloadersunloaded="0" classesunloaded="0" anonymousclassesunloaded="0" quiescems="0.000" setupms="0.001" scanms="0.000" postms="0.000" />
</gc-op>
<gc-op id="357" type="sweep" timems="0.398" contextid="352" timestamp="2019-06-16T23:24:35.287" />
<gc-op id="358" type="compact" timems="1.088" contextid="352" timestamp="2019-06-16T23:24:35.288">
  <compact-info movecount="2501" movebytes="1019944" />
  <remembered-set-cleared processed="8087" cleared="1415" durationms="0.119" />
</gc-op>
<heap-resize id="359" type="expand" space="default" amount="1048576" count="1" timems="0.057" reason="insufficient free space following gc" timestamp="2019-06-16T23:24:35.288" />
<gc-end id="360" type="partial gc" contextid="352" durationms="3.778" usertimems="0.000" systemtimems="4.000" timestamp="2019-06-16T23:24:35.288" activeThreads="4">
  <mem-info id="361" free="13631488" total="37748736" percent="36">
    <mem type="eden" free="29024" total="1048576" percent="2" />
    <remembered-set count="6208" freebytes="1481984" totalbytes="1506816" percent="98" regionsoverflowed="0" regionsstable="0" regionsrebuilding="0"/>
  </mem-info>
</gc-end>
<cycle-end id="362" type="partial gc" contextid="352" timestamp="2019-06-16T23:24:35.289" />
  <attribute name="elasticGC enabled" value="1" />
  <attribute name= "numThreadsSpecified" value="4" />
  <attribute name="heapSize specified" value="0" />
  <attribute name="Current GC Util" value="36" />
  <attribute name= "Current Time Running" value="9757" />
  <attribute name ="GC Interval" value="0" />
  <attribute name="ProportionalT" value="8.000000" />
  <attribute name="ProportionalI" value="8.000000" />
  <attribute name="ProportionalH" value="8.000000" />
  <attribute name="Current Error" value="16.000000" />
  <attribute name="IntegralT" value="8.000000" />
  <attribute name="IntegralI" value="8.000000" />
  <attribute name="IntegralH" value="8.000000" />
  <attribute name="DerivativeT" value="16.000000" />
  <attribute name="DerivativeI" value="16.000000" />
  <attribute name="DerivativeH" value="16.000000" />
  <attribute name="Loop Time for DT" value="1.000000" />
  <attribute name="Output H" value="8388608"/>
  <attribute name="Output I" value="200"/>
  <attribute name="Output T" value="4"/>
  <attribute name="Target GC Util Change" value ="20.000000" />
  <attribute name="Current GC Util Change" value="36.000000"/>
  <attribute name="GC Util currently" value="36" />
  <attribute name="CPU Util currently" value="7700041933782" />
<exclusive-end id="363" timestamp="2019-06-16T23:24:35.289" durationms="4.549" />

<exclusive-start id="364" timestamp="2019-06-16T23:24:35.450" intervalms="165.279">
  <response-info timems="0.050" idlems="0.050" threads="0" lastid="00000000027AE900" lastname="Thread-3" />
</exclusive-start>
<allocation-taxation id="365" taxation-threshold="13631488" timestamp="2019-06-16T23:24:35.450" intervalms="165.274" />
<cycle-start id="366" type="partial gc" contextid="0" timestamp="2019-06-16T23:24:35.450" intervalms="165.268" />
<gc-start id="367" type="partial gc" contextid="366" timestamp="2019-06-16T23:24:35.450">
  <mem-info id="368" free="0" total="37748736" percent="0">
    <mem type="eden" free="0" total="13631488" percent="0" />
    <remembered-set count="5888" freebytes="1483264" totalbytes="1506816" percent="98" regionsoverflowed="0" regionsstable="0" regionsrebuilding="0"/>
  </mem-info>
</gc-start>
<allocation-stats totalBytes="13602704" >
  <allocated-bytes non-tlh="49168" tlh="13553536" arrayletleaf="0"/>
  <largest-consumer threadName="Thread-3" threadId="00000000027AE900" bytes="4796248" />
</allocation-stats>
<gc-op id="369" type="mark" timems="1.037" contextid="366" timestamp="2019-06-16T23:24:35.451">
  <trace-info objectcount="2172" scancount="1723" scanbytes="371176" />
  <cardclean-info objects="1181" bytes="58364" />
  <remembered-set-cleared processed="4016" cleared="752" durationms="0.085" />
  <stringconstants candidates="3963" cleared="0"  />
  <warning details="Mark invoked due to insufficient free space for Copy-Forward" />
</gc-op>
<gc-op id="370" type="classunload" timems="0.003" contextid="366" timestamp="2019-06-16T23:24:35.452">
  <classunload-info classloadercandidates="20" classloadersunloaded="0" classesunloaded="0" anonymousclassesunloaded="0" quiescems="0.000" setupms="0.002" scanms="0.000" postms="0.000" />
</gc-op>
<gc-op id="371" type="sweep" timems="0.341" contextid="366" timestamp="2019-06-16T23:24:35.452" />
<gc-op id="372" type="compact" timems="1.230" contextid="366" timestamp="2019-06-16T23:24:35.453">
  <compact-info movecount="2172" movebytes="913512" />
  <remembered-set-cleared processed="8118" cleared="1354" durationms="0.085" />
</gc-op>
<heap-resize id="373" type="expand" space="default" amount="2097152" count="1" timems="0.069" reason="insufficient free space following gc" timestamp="2019-06-16T23:24:35.454" />
<gc-end id="374" type="partial gc" contextid="366" durationms="3.873" usertimems="8.000" systemtimems="0.000" timestamp="2019-06-16T23:24:35.454" activeThreads="4">
  <mem-info id="375" free="14680064" total="39845888" percent="36">
    <mem type="eden" free="135208" total="1048576" percent="12" />
    <remembered-set count="6848" freebytes="1563136" totalbytes="1590528" percent="98" regionsoverflowed="0" regionsstable="0" regionsrebuilding="0"/>
  </mem-info>
</gc-end>
<cycle-end id="376" type="partial gc" contextid="366" timestamp="2019-06-16T23:24:35.454" />
  <attribute name="elasticGC enabled" value="1" />
  <attribute name= "numThreadsSpecified" value="4" />
  <attribute name="heapSize specified" value="0" />
  <attribute name="Current GC Util" value="28" />
  <attribute name= "Current Time Running" value="9922" />
  <attribute name ="GC Interval" value="0" />
  <attribute name="ProportionalT" value="4.000000" />
  <attribute name="ProportionalI" value="4.000000" />
  <attribute name="ProportionalH" value="4.000000" />
  <attribute name="Current Error" value="8.000000" />
  <attribute name="IntegralT" value="0.000000" />
  <attribute name="IntegralI" value="0.000000" />
  <attribute name="IntegralH" value="0.000000" />
  <attribute name="DerivativeT" value="-inf" />
  <attribute name="DerivativeI" value="-inf" />
  <attribute name="DerivativeH" value="-inf" />
  <attribute name="Loop Time for DT" value="0.000000" />
  <attribute name="Output H" value="2091843584"/>
  <attribute name="Output I" value="200"/>
  <attribute name="Output T" value="4"/>
  <attribute name="Target GC Util Change" value ="20.000000" />
  <attribute name="Current GC Util Change" value="28.000000"/>
  <attribute name="GC Util currently" value="28" />
  <attribute name="CPU Util currently" value="8509870451289" />
<exclusive-end id="377" timestamp="2019-06-16T23:24:35.454" durationms="4.576" />

<exclusive-start id="378" timestamp="2019-06-16T23:24:35.730" intervalms="279.920">
  <response-info timems="0.035" idlems="0.035" threads="0" lastid="00000000027B6100" lastname="Thread-5" />
</exclusive-start>
<allocation-taxation id="379" taxation-threshold="14680064" timestamp="2019-06-16T23:24:35.730" intervalms="279.926" />
<cycle-start id="380" type="partial gc" contextid="0" timestamp="2019-06-16T23:24:35.730" intervalms="279.942" />
<gc-start id="381" type="partial gc" contextid="380" timestamp="2019-06-16T23:24:35.730">
  <mem-info id="382" free="0" total="39845888" percent="0">
    <mem type="eden" free="0" total="14680064" percent="0" />
    <remembered-set count="6592" freebytes="1564160" totalbytes="1590528" percent="98" regionsoverflowed="0" regionsstable="0" regionsrebuilding="0"/>
  </mem-info>
</gc-start>
<allocation-stats totalBytes="14611960" >
  <allocated-bytes non-tlh="49168" tlh="14562792" arrayletleaf="0"/>
  <largest-consumer threadName="Thread-4" threadId="00000000027B2500" bytes="5008880" />
</allocation-stats>
<gc-op id="383" type="mark" timems="1.243" contextid="380" timestamp="2019-06-16T23:24:35.732">
  <trace-info objectcount="2464" scancount="1996" scanbytes="416824" />
  <cardclean-info objects="1178" bytes="58284" />
  <remembered-set-cleared processed="4002" cleared="698" durationms="0.113" />
  <stringconstants candidates="3963" cleared="0"  />
  <warning details="Mark invoked due to insufficient free space for Copy-Forward" />
</gc-op>
<gc-op id="384" type="classunload" timems="0.003" contextid="380" timestamp="2019-06-16T23:24:35.732">
  <classunload-info classloadercandidates="20" classloadersunloaded="0" classesunloaded="0" anonymousclassesunloaded="0" quiescems="0.000" setupms="0.002" scanms="0.000" postms="0.000" />
</gc-op>
<gc-op id="385" type="sweep" timems="0.377" contextid="380" timestamp="2019-06-16T23:24:35.732" />
<gc-op id="386" type="compact" timems="1.158" contextid="380" timestamp="2019-06-16T23:24:35.734">
  <compact-info movecount="2464" movebytes="1013944" />
  <remembered-set-cleared processed="8204" cleared="1351" durationms="0.113" />
</gc-op>
<gc-end id="387" type="partial gc" contextid="380" durationms="3.959" usertimems="8.000" systemtimems="0.000" timestamp="2019-06-16T23:24:35.734" activeThreads="4">
  <mem-info id="388" free="14680064" total="39845888" percent="36">
    <mem type="eden" free="34984" total="1048576" percent="3" />
    <remembered-set count="6464" freebytes="1564672" totalbytes="1590528" percent="98" regionsoverflowed="0" regionsstable="0" regionsrebuilding="0"/>
  </mem-info>
</gc-end>
<cycle-end id="389" type="partial gc" contextid="380" timestamp="2019-06-16T23:24:35.734" />
  <attribute name="elasticGC enabled" value="1" />
  <attribute name= "numThreadsSpecified" value="4" />
  <attribute name="heapSize specified" value="0" />
  <attribute name="Current GC Util" value="30" />
  <attribute name= "Current Time Running" value="10203" />
  <attribute name ="GC Interval" value="0" />
  <attribute name="ProportionalT" value="5.000000" />
  <attribute name="ProportionalI" value="5.000000" />
  <attribute name="ProportionalH" value="5.000000" />
  <attribute name="Current Error" value="10.000000" />
  <attribute name="IntegralT" value="5.000000" />
  <attribute name="IntegralI" value="5.000000" />
  <attribute name="IntegralH" value="5.000000" />
  <attribute name="DerivativeT" value="-74.000000" />
  <attribute name="DerivativeI" value="-74.000000" />
  <attribute name="DerivativeH" value="-74.000000" />
  <attribute name="Loop Time for DT" value="1.000000" />
  <attribute name="Output H" value="2091843584"/>
  <attribute name="Output I" value="200"/>
  <attribute name="Output T" value="4"/>
  <attribute name="Target GC Util Change" value ="20.000000" />
  <attribute name="Current GC Util Change" value="30.000000"/>
  <attribute name="GC Util currently" value="30" />
  <attribute name="CPU Util currently" value="7718961810201" />
<exclusive-end id="390" timestamp="2019-06-16T23:24:35.734" durationms="4.880" />

<exclusive-start id="391" timestamp="2019-06-16T23:24:35.930" intervalms="200.053">
  <response-info timems="0.039" idlems="0.039" threads="0" lastid="00000000027B9D00" lastname="Thread-6" />
</exclusive-start>
<allocation-taxation id="392" taxation-threshold="14680064" timestamp="2019-06-16T23:24:35.930" intervalms="200.052" />
<cycle-start id="393" type="partial gc" contextid="0" timestamp="2019-06-16T23:24:35.930" intervalms="200.035" />
<gc-start id="394" type="partial gc" contextid="393" timestamp="2019-06-16T23:24:35.930">
  <mem-info id="395" free="0" total="39845888" percent="0">
    <mem type="eden" free="0" total="14680064" percent="0" />
    <remembered-set count="6048" freebytes="1566336" totalbytes="1590528" percent="98" regionsoverflowed="0" regionsstable="0" regionsrebuilding="0"/>
  </mem-info>
</gc-start>
<allocation-stats totalBytes="14631976" >
  <allocated-bytes non-tlh="32776" tlh="14599200" arrayletleaf="0"/>
  <largest-consumer threadName="Thread-3" threadId="00000000027AE900" bytes="4795800" />
</allocation-stats>
<gc-op id="396" type="mark" timems="0.983" contextid="393" timestamp="2019-06-16T23:24:35.931">
  <trace-info objectcount="2580" scancount="2060" scanbytes="419496" />
  <cardclean-info objects="1179" bytes="58468" />
  <remembered-set-cleared processed="4068" cleared="729" durationms="0.124" />
  <references type="phantom" candidates="1" cleared="0" enqueued="0" />
  <stringconstants candidates="3963" cleared="0"  />
  <warning details="Mark invoked due to insufficient free space for Copy-Forward" />
</gc-op>
<gc-op id="397" type="classunload" timems="0.002" contextid="393" timestamp="2019-06-16T23:24:35.931">
  <classunload-info classloadercandidates="20" classloadersunloaded="0" classesunloaded="0" anonymousclassesunloaded="0" quiescems="0.000" setupms="0.002" scanms="0.000" postms="0.000" />
</gc-op>
<gc-op id="398" type="sweep" timems="0.335" contextid="393" timestamp="2019-06-16T23:24:35.932" />
<gc-op id="399" type="compact" timems="1.296" contextid="393" timestamp="2019-06-16T23:24:35.933">
  <compact-info movecount="2580" movebytes="1000136" />
  <remembered-set-cleared processed="8303" cleared="1387" durationms="0.124" />
</gc-op>
<heap-resize id="400" type="expand" space="default" amount="1048576" count="1" timems="0.055" reason="insufficient free space following gc" timestamp="2019-06-16T23:24:35.934" />
<gc-end id="401" type="partial gc" contextid="393" durationms="3.797" usertimems="4.000" systemtimems="0.000" timestamp="2019-06-16T23:24:35.934" activeThreads="1">
  <mem-info id="402" free="14680064" total="40894464" percent="35">
    <mem type="eden" free="48688" total="1048576" percent="4" />
    <remembered-set count="6208" freebytes="1607552" totalbytes="1632384" percent="98" regionsoverflowed="0" regionsstable="0" regionsrebuilding="0"/>
  </mem-info>
</gc-end>
<cycle-end id="403" type="partial gc" contextid="393" timestamp="2019-06-16T23:24:35.934" />
  <attribute name="elasticGC enabled" value="1" />
  <attribute name= "numThreadsSpecified" value="1" />
  <attribute name="heapSize specified" value="0" />
  <attribute name="Current GC Util" value="35" />
  <attribute name= "Current Time Running" value="10402" />
  <attribute name ="GC Interval" value="0" />
  <attribute name="ProportionalT" value="7.500000" />
  <attribute name="ProportionalI" value="7.500000" />
  <attribute name="ProportionalH" value="7.500000" />
  <attribute name="Current Error" value="15.000000" />
  <attribute name="IntegralT" value="0.000000" />
  <attribute name="IntegralI" value="0.000000" />
  <attribute name="IntegralH" value="0.000000" />
  <attribute name="DerivativeT" value="inf" />
  <attribute name="DerivativeI" value="inf" />
  <attribute name="DerivativeH" value="inf" />
  <attribute name="Loop Time for DT" value="0.000000" />
  <attribute name="Output H" value="8388608"/>
  <attribute name="Output I" value="200"/>
  <attribute name="Output T" value="1"/>
  <attribute name="Target GC Util Change" value ="20.000000" />
  <attribute name="Current GC Util Change" value="35.000000"/>
  <attribute name="GC Util currently" value="35" />
  <attribute name="CPU Util currently" value="8904519012039" />
<exclusive-end id="404" timestamp="2019-06-16T23:24:35.934" durationms="4.426" />

<exclusive-start id="405" timestamp="2019-06-16T23:24:36.129" intervalms="199.039">
  <response-info timems="0.039" idlems="0.039" threads="0" lastid="00000000027AE900" lastname="Thread-3" />
</exclusive-start>
<allocation-taxation id="406" taxation-threshold="14680064" timestamp="2019-06-16T23:24:36.129" intervalms="199.029" />
<cycle-start id="407" type="partial gc" contextid="0" timestamp="2019-06-16T23:24:36.129" intervalms="199.028" />
<gc-start id="408" type="partial gc" contextid="407" timestamp="2019-06-16T23:24:36.129">
  <mem-info id="409" free="0" total="40894464" percent="0">
    <mem type="eden" free="48688" total="15728640" percent="0" />
    <remembered-set count="5952" freebytes="1608576" totalbytes="1632384" percent="98" regionsoverflowed="0" regionsstable="0" regionsrebuilding="0"/>
  </mem-info>
</gc-start>
<allocation-stats totalBytes="14608184" >
  <allocated-bytes non-tlh="0" tlh="14608184" arrayletleaf="0"/>
  <largest-consumer threadName="Thread-6" threadId="00000000027B9D00" bytes="6283488" />
</allocation-stats>
<gc-op id="410" type="mark" timems="1.026" contextid="407" timestamp="2019-06-16T23:24:36.130">
  <trace-info objectcount="2662" scancount="2125" scanbytes="421084" />
  <cardclean-info objects="1185" bytes="58364" />
  <remembered-set-cleared processed="4108" cleared="733" durationms="0.092" />
  <stringconstants candidates="3963" cleared="0"  />
  <warning details="Mark invoked due to insufficient free space for Copy-Forward" />
</gc-op>
<gc-op id="411" type="classunload" timems="0.002" contextid="407" timestamp="2019-06-16T23:24:36.130">
  <classunload-info classloadercandidates="20" classloadersunloaded="0" classesunloaded="0" anonymousclassesunloaded="0" quiescems="0.000" setupms="0.002" scanms="0.000" postms="0.000" />
</gc-op>
<gc-op id="412" type="sweep" timems="0.336" contextid="407" timestamp="2019-06-16T23:24:36.131" />
<gc-op id="413" type="compact" timems="1.753" contextid="407" timestamp="2019-06-16T23:24:36.133">
  <compact-info movecount="11459" movebytes="1482800" />
  <remembered-set-cleared processed="8010" cleared="1993" durationms="0.092" />
</gc-op>
<gc-end id="414" type="partial gc" contextid="407" durationms="4.213" usertimems="8.000" systemtimems="0.000" timestamp="2019-06-16T23:24:36.133" activeThreads="4">
  <mem-info id="415" free="13631488" total="40894464" percent="33">
    <mem type="eden" free="1048328" total="2097152" percent="49" />
    <remembered-set count="6304" freebytes="1607168" totalbytes="1632384" percent="98" regionsoverflowed="0" regionsstable="0" regionsrebuilding="0"/>
  </mem-info>
</gc-end>
<cycle-end id="416" type="partial gc" contextid="407" timestamp="2019-06-16T23:24:36.133" />
  <attribute name="elasticGC enabled" value="1" />
  <attribute name= "numThreadsSpecified" value="4" />
  <attribute name="heapSize specified" value="0" />
  <attribute name="Current GC Util" value="30" />
  <attribute name= "Current Time Running" value="10601" />
  <attribute name ="GC Interval" value="0" />
  <attribute name="ProportionalT" value="5.000000" />
  <attribute name="ProportionalI" value="5.000000" />
  <attribute name="ProportionalH" value="5.000000" />
  <attribute name="Current Error" value="10.000000" />
  <attribute name="IntegralT" value="0.000000" />
  <attribute name="IntegralI" value="0.000000" />
  <attribute name="IntegralH" value="0.000000" />
  <attribute name="DerivativeT" value="-inf" />
  <attribute name="DerivativeI" value="-inf" />
  <attribute name="DerivativeH" value="-inf" />
  <attribute name="Loop Time for DT" value="0.000000" />
  <attribute name="Output H" value="2091843584"/>
  <attribute name="Output I" value="200"/>
  <attribute name="Output T" value="4"/>
  <attribute name="Target GC Util Change" value ="20.000000" />
  <attribute name="Current GC Util Change" value="30.000000"/>
  <attribute name="GC Util currently" value="30" />
  <attribute name="CPU Util currently" value="8543038606125" />
<exclusive-end id="417" timestamp="2019-06-16T23:24:36.133" durationms="4.869" />

<exclusive-start id="418" timestamp="2019-06-16T23:24:36.259" intervalms="129.958">
  <response-info timems="0.041" idlems="0.041" threads="0" lastid="00000000027AE900" lastname="Thread-3" />
</exclusive-start>
<allocation-taxation id="419" taxation-threshold="13631488" timestamp="2019-06-16T23:24:36.259" intervalms="129.961" />
<cycle-start id="420" type="partial gc" contextid="0" timestamp="2019-06-16T23:24:36.259" intervalms="129.963" />
<gc-start id="421" type="partial gc" contextid="420" timestamp="2019-06-16T23:24:36.259">
  <mem-info id="422" free="0" total="40894464" percent="0">
    <mem type="eden" free="0" total="13631488" percent="0" />
    <remembered-set count="6208" freebytes="1607552" totalbytes="1632384" percent="98" regionsoverflowed="0" regionsstable="0" regionsrebuilding="0"/>
  </mem-info>
</gc-start>
<allocation-stats totalBytes="13562680" >
  <allocated-bytes non-tlh="0" tlh="13562680" arrayletleaf="0"/>
  <largest-consumer threadName="Thread-3" threadId="00000000027AE900" bytes="4478872" />
</allocation-stats>
<gc-op id="423" type="mark" timems="0.916" contextid="420" timestamp="2019-06-16T23:24:36.260">
  <trace-info objectcount="2033" scancount="1592" scanbytes="348864" />
  <cardclean-info objects="1217" bytes="59204" />
  <remembered-set-cleared processed="4031" cleared="779" durationms="0.133" />
  <references type="phantom" candidates="1" cleared="0" enqueued="0" />
  <stringconstants candidates="3963" cleared="0"  />
  <warning details="Mark invoked due to insufficient free space for Copy-Forward" />
</gc-op>
<gc-op id="424" type="classunload" timems="0.002" contextid="420" timestamp="2019-06-16T23:24:36.260">
  <classunload-info classloadercandidates="20" classloadersunloaded="0" classesunloaded="0" anonymousclassesunloaded="0" quiescems="0.000" setupms="0.002" scanms="0.000" postms="0.000" />
</gc-op>
<gc-op id="425" type="sweep" timems="0.406" contextid="420" timestamp="2019-06-16T23:24:36.261" />
<gc-op id="426" type="compact" timems="2.500" contextid="420" timestamp="2019-06-16T23:24:36.264">
  <compact-info movecount="8087" movebytes="1245712" />
  <remembered-set-cleared processed="7587" cleared="3199" durationms="0.133" />
</gc-op>
<gc-end id="427" type="partial gc" contextid="420" durationms="4.933" usertimems="0.000" systemtimems="4.000" timestamp="2019-06-16T23:24:36.264" activeThreads="1">
  <mem-info id="428" free="14680064" total="40894464" percent="35">
    <mem type="eden" free="216640" total="1048576" percent="20" />
    <remembered-set count="5440" freebytes="1610624" totalbytes="1632384" percent="98" regionsoverflowed="0" regionsstable="0" regionsrebuilding="0"/>
  </mem-info>
</gc-end>
<cycle-end id="429" type="partial gc" contextid="420" timestamp="2019-06-16T23:24:36.264" />
  <attribute name="elasticGC enabled" value="1" />
  <attribute name= "numThreadsSpecified" value="1" />
  <attribute name="heapSize specified" value="0" />
  <attribute name="Current GC Util" value="30" />
  <attribute name= "Current Time Running" value="10731" />
  <attribute name ="GC Interval" value="0" />
  <attribute name="ProportionalT" value="5.000000" />
  <attribute name="ProportionalI" value="5.000000" />
  <attribute name="ProportionalH" value="5.000000" />
  <attribute name="Current Error" value="10.000000" />
  <attribute name="IntegralT" value="0.000000" />
  <attribute name="IntegralI" value="0.000000" />
  <attribute name="IntegralH" value="0.000000" />
  <attribute name="DerivativeT" value="inf" />
  <attribute name="DerivativeI" value="inf" />
  <attribute name="DerivativeH" value="inf" />
  <attribute name="Loop Time for DT" value="0.000000" />
  <attribute name="Output H" value="8388608"/>
  <attribute name="Output I" value="200"/>
  <attribute name="Output T" value="1"/>
  <attribute name="Target GC Util Change" value ="20.000000" />
  <attribute name="Current GC Util Change" value="30.000000"/>
  <attribute name="GC Util currently" value="30" />
  <attribute name="CPU Util currently" value="7387077523371" />
<exclusive-end id="430" timestamp="2019-06-16T23:24:36.264" durationms="5.563" />

<exclusive-start id="431" timestamp="2019-06-16T23:24:36.379" intervalms="120.889">
  <response-info timems="0.047" idlems="0.047" threads="0" lastid="00000000027B6100" lastname="Thread-5" />
</exclusive-start>
<allocation-taxation id="432" taxation-threshold="14680064" timestamp="2019-06-16T23:24:36.380" intervalms="120.953" />
<cycle-start id="433" type="partial gc" contextid="0" timestamp="2019-06-16T23:24:36.380" intervalms="120.957" />
<gc-start id="434" type="partial gc" contextid="433" timestamp="2019-06-16T23:24:36.380">
  <mem-info id="435" free="0" total="40894464" percent="0">
    <mem type="eden" free="216640" total="15728640" percent="1" />
    <remembered-set count="5088" freebytes="1612032" totalbytes="1632384" percent="98" regionsoverflowed="0" regionsstable="0" regionsrebuilding="0"/>
  </mem-info>
</gc-start>
<allocation-stats totalBytes="14673224" >
  <allocated-bytes non-tlh="0" tlh="14673224" arrayletleaf="0"/>
  <largest-consumer threadName="Thread-3" threadId="00000000027AE900" bytes="4815056" />
</allocation-stats>
<gc-op id="436" type="mark" timems="1.014" contextid="433" timestamp="2019-06-16T23:24:36.381">
  <trace-info objectcount="2668" scancount="2134" scanbytes="421184" />
  <cardclean-info objects="1210" bytes="58508" />
  <remembered-set-cleared processed="3377" cleared="591" durationms="0.123" />
  <stringconstants candidates="3963" cleared="0"  />
  <warning details="Mark invoked due to insufficient free space for Copy-Forward" />
</gc-op>
<gc-op id="437" type="classunload" timems="0.002" contextid="433" timestamp="2019-06-16T23:24:36.381">
  <classunload-info classloadercandidates="20" classloadersunloaded="0" classesunloaded="0" anonymousclassesunloaded="0" quiescems="0.000" setupms="0.002" scanms="0.000" postms="0.000" />
</gc-op>
<gc-op id="438" type="sweep" timems="0.446" contextid="433" timestamp="2019-06-16T23:24:36.382" />
<gc-op id="439" type="compact" timems="3.907" contextid="433" timestamp="2019-06-16T23:24:36.386">
  <compact-info movecount="16321" movebytes="2046464" />
  <remembered-set-cleared processed="5817" cleared="2888" durationms="0.123" />
</gc-op>
<heap-resize id="440" type="contract" space="default" amount="2097152" count="1" timems="0.226" reason="insufficient time being spent in gc" timestamp="2019-06-16T23:24:36.387" />
<gc-end id="441" type="partial gc" contextid="433" durationms="6.919" usertimems="8.000" systemtimems="0.000" timestamp="2019-06-16T23:24:36.387" activeThreads="1">
  <mem-info id="442" free="13631488" total="38797312" percent="35">
    <mem type="eden" free="0" total="1048576" percent="0" />
    <remembered-set count="5472" freebytes="1610496" totalbytes="1632384" percent="98" regionsoverflowed="0" regionsstable="0" regionsrebuilding="0"/>
  </mem-info>
</gc-end>
<cycle-end id="443" type="partial gc" contextid="433" timestamp="2019-06-16T23:24:36.387" />
  <attribute name="elasticGC enabled" value="1" />
  <attribute name= "numThreadsSpecified" value="1" />
  <attribute name="heapSize specified" value="0" />
  <attribute name="Current GC Util" value="29" />
  <attribute name= "Current Time Running" value="10852" />
  <attribute name ="GC Interval" value="0" />
  <attribute name="ProportionalT" value="4.500000" />
  <attribute name="ProportionalI" value="4.500000" />
  <attribute name="ProportionalH" value="4.500000" />
  <attribute name="Current Error" value="9.000000" />
  <attribute name="IntegralT" value="0.000000" />
  <attribute name="IntegralI" value="0.000000" />
  <attribute name="IntegralH" value="0.000000" />
  <attribute name="DerivativeT" value="inf" />
  <attribute name="DerivativeI" value="inf" />
  <attribute name="DerivativeH" value="inf" />
  <attribute name="Loop Time for DT" value="0.000000" />
  <attribute name="Output H" value="8388608"/>
  <attribute name="Output I" value="200"/>
  <attribute name="Output T" value="1"/>
  <attribute name="Target GC Util Change" value ="20.000000" />
  <attribute name="Current GC Util Change" value="29.000000"/>
  <attribute name="GC Util currently" value="29" />
  <attribute name="CPU Util currently" value="6998653917915" />
<exclusive-end id="444" timestamp="2019-06-16T23:24:36.387" durationms="7.716" />

<exclusive-start id="445" timestamp="2019-06-16T23:24:36.503" intervalms="123.815">
  <response-info timems="0.040" idlems="0.040" threads="0" lastid="00000000027AE900" lastname="Thread-3" />
</exclusive-start>
<allocation-taxation id="446" taxation-threshold="13631488" timestamp="2019-06-16T23:24:36.503" intervalms="123.754" />
<cycle-start id="447" type="partial gc" contextid="0" timestamp="2019-06-16T23:24:36.503" intervalms="123.749" />
<gc-start id="448" type="partial gc" contextid="447" timestamp="2019-06-16T23:24:36.504">
  <mem-info id="449" free="0" total="38797312" percent="0">
    <mem type="eden" free="0" total="14680064" percent="0" />
    <remembered-set count="5024" freebytes="1612288" totalbytes="1632384" percent="98" regionsoverflowed="0" regionsstable="0" regionsrebuilding="0"/>
  </mem-info>
</gc-start>
<allocation-stats totalBytes="13604880" >
  <allocated-bytes non-tlh="0" tlh="13604880" arrayletleaf="0"/>
  <largest-consumer threadName="Thread-3" threadId="00000000027AE900" bytes="3959696" />
</allocation-stats>
<gc-op id="450" type="mark" timems="1.229" contextid="447" timestamp="2019-06-16T23:24:36.505">
  <trace-info objectcount="2450" scancount="2002" scanbytes="417048" />
  <cardclean-info objects="1872" bytes="94152" />
  <remembered-set-cleared processed="3207" cleared="747" durationms="0.124" />
  <stringconstants candidates="3963" cleared="0"  />
  <warning details="Mark invoked due to insufficient free space for Copy-Forward" />
</gc-op>
<gc-op id="451" type="classunload" timems="0.002" contextid="447" timestamp="2019-06-16T23:24:36.505">
  <classunload-info classloadercandidates="20" classloadersunloaded="0" classesunloaded="0" anonymousclassesunloaded="0" quiescems="0.000" setupms="0.002" scanms="0.000" postms="0.000" />
</gc-op>
<gc-op id="452" type="sweep" timems="0.441" contextid="447" timestamp="2019-06-16T23:24:36.506" />
<gc-op id="453" type="compact" timems="1.252" contextid="447" timestamp="2019-06-16T23:24:36.508">
  <compact-info movecount="2450" movebytes="951000" />
  <remembered-set-cleared processed="6766" cleared="1379" durationms="0.124" />
</gc-op>
<heap-resize id="454" type="expand" space="default" amount="1048576" count="1" timems="0.048" reason="insufficient free space following gc" timestamp="2019-06-16T23:24:36.508" />
<gc-end id="455" type="partial gc" contextid="447" durationms="4.285" usertimems="8.000" systemtimems="0.000" timestamp="2019-06-16T23:24:36.508" activeThreads="1">
  <mem-info id="456" free="13631488" total="39845888" percent="34">
    <mem type="eden" free="1146152" total="2097152" percent="54" />
    <remembered-set count="4416" freebytes="1572864" totalbytes="1590528" percent="98" regionsoverflowed="0" regionsstable="0" regionsrebuilding="0"/>
  </mem-info>
</gc-end>
<cycle-end id="457" type="partial gc" contextid="447" timestamp="2019-06-16T23:24:36.508" />
  <attribute name="elasticGC enabled" value="1" />
  <attribute name= "numThreadsSpecified" value="1" />
  <attribute name="heapSize specified" value="0" />
  <attribute name="Current GC Util" value="30" />
  <attribute name= "Current Time Running" value="10976" />
  <attribute name ="GC Interval" value="0" />
  <attribute name="ProportionalT" value="5.000000" />
  <attribute name="ProportionalI" value="5.000000" />
  <attribute name="ProportionalH" value="5.000000" />
  <attribute name="Current Error" value="10.000000" />
  <attribute name="IntegralT" value="0.000000" />
  <attribute name="IntegralI" value="0.000000" />
  <attribute name="IntegralH" value="0.000000" />
  <attribute name="DerivativeT" value="inf" />
  <attribute name="DerivativeI" value="inf" />
  <attribute name="DerivativeH" value="inf" />
  <attribute name="Loop Time for DT" value="0.000000" />
  <attribute name="Output H" value="8388608"/>
  <attribute name="Output I" value="200"/>
  <attribute name="Output T" value="1"/>
  <attribute name="Target GC Util Change" value ="20.000000" />
  <attribute name="Current GC Util Change" value="30.000000"/>
  <attribute name="GC Util currently" value="30" />
  <attribute name="CPU Util currently" value="7066505080886" />
<exclusive-end id="458" timestamp="2019-06-16T23:24:36.508" durationms="4.990" />

<exclusive-start id="459" timestamp="2019-06-16T23:24:36.618" intervalms="114.868">
  <response-info timems="0.038" idlems="0.038" threads="0" lastid="00000000027B6100" lastname="Thread-5" />
</exclusive-start>
<allocation-taxation id="460" taxation-threshold="13631488" timestamp="2019-06-16T23:24:36.618" intervalms="114.865" />
<cycle-start id="461" type="partial gc" contextid="0" timestamp="2019-06-16T23:24:36.618" intervalms="114.864" />
<gc-start id="462" type="partial gc" contextid="461" timestamp="2019-06-16T23:24:36.618">
  <mem-info id="463" free="0" total="39845888" percent="0">
    <mem type="eden" free="0" total="13631488" percent="0" />
    <remembered-set count="4064" freebytes="1574272" totalbytes="1590528" percent="98" regionsoverflowed="0" regionsstable="0" regionsrebuilding="0"/>
  </mem-info>
</gc-start>
<allocation-stats totalBytes="13611552" >
  <allocated-bytes non-tlh="8200" tlh="13603352" arrayletleaf="0"/>
  <largest-consumer threadName="Thread-4" threadId="00000000027B2500" bytes="3761568" />
</allocation-stats>
<gc-op id="464" type="mark" timems="0.932" contextid="461" timestamp="2019-06-16T23:24:36.620">
  <trace-info objectcount="1958" scancount="1605" scanbytes="335228" />
  <cardclean-info objects="1251" bytes="60440" />
  <remembered-set-cleared processed="3408" cleared="653" durationms="0.123" />
  <stringconstants candidates="3963" cleared="0"  />
  <warning details="Mark invoked due to insufficient free space for Copy-Forward" />
</gc-op>
<gc-op id="465" type="classunload" timems="0.002" contextid="461" timestamp="2019-06-16T23:24:36.620">
  <classunload-info classloadercandidates="20" classloadersunloaded="0" classesunloaded="0" anonymousclassesunloaded="0" quiescems="0.000" setupms="0.002" scanms="0.000" postms="0.000" />
</gc-op>
<gc-op id="466" type="sweep" timems="0.412" contextid="461" timestamp="2019-06-16T23:24:36.620" />
<gc-op id="467" type="compact" timems="1.075" contextid="461" timestamp="2019-06-16T23:24:36.622">
  <compact-info movecount="2068" movebytes="770744" />
  <remembered-set-cleared processed="6910" cleared="1280" durationms="0.123" />
</gc-op>
<heap-resize id="468" type="expand" space="default" amount="1048576" count="1" timems="0.047" reason="insufficient free space following gc" timestamp="2019-06-16T23:24:36.622" />
<gc-end id="469" type="partial gc" contextid="461" durationms="3.736" usertimems="4.000" systemtimems="0.000" timestamp="2019-06-16T23:24:36.622" activeThreads="4">
  <mem-info id="470" free="14680064" total="40894464" percent="35">
    <mem type="eden" free="283600" total="1048576" percent="27" />
    <remembered-set count="5824" freebytes="1609088" totalbytes="1632384" percent="98" regionsoverflowed="0" regionsstable="0" regionsrebuilding="0"/>
  </mem-info>
</gc-end>
<cycle-end id="471" type="partial gc" contextid="461" timestamp="2019-06-16T23:24:36.622" />
  <attribute name="elasticGC enabled" value="1" />
  <attribute name= "numThreadsSpecified" value="4" />
  <attribute name="heapSize specified" value="0" />
  <attribute name="Current GC Util" value="26" />
  <attribute name= "Current Time Running" value="11091" />
  <attribute name ="GC Interval" value="0" />
  <attribute name="ProportionalT" value="3.000000" />
  <attribute name="ProportionalI" value="3.000000" />
  <attribute name="ProportionalH" value="3.000000" />
  <attribute name="Current Error" value="6.000000" />
  <attribute name="IntegralT" value="3.000000" />
  <attribute name="IntegralI" value="3.000000" />
  <attribute name="IntegralH" value="3.000000" />
  <attribute name="DerivativeT" value="6.000000" />
  <attribute name="DerivativeI" value="6.000000" />
  <attribute name="DerivativeH" value="6.000000" />
  <attribute name="Loop Time for DT" value="1.000000" />
  <attribute name="Output H" value="8388608"/>
  <attribute name="Output I" value="200"/>
  <attribute name="Output T" value="4"/>
  <attribute name="Target GC Util Change" value ="20.000000" />
  <attribute name="Current GC Util Change" value="26.000000"/>
  <attribute name="GC Util currently" value="26" />
  <attribute name="CPU Util currently" value="6954652958098" />
<exclusive-end id="472" timestamp="2019-06-16T23:24:36.623" durationms="4.424" />

<exclusive-start id="473" timestamp="2019-06-16T23:24:36.732" intervalms="114.212">
  <response-info timems="0.035" idlems="0.035" threads="0" lastid="00000000027AE900" lastname="Thread-3" />
</exclusive-start>
<allocation-taxation id="474" taxation-threshold="14680064" timestamp="2019-06-16T23:24:36.732" intervalms="114.218" />
<cycle-start id="475" type="partial gc" contextid="0" timestamp="2019-06-16T23:24:36.732" intervalms="114.219" />
<gc-start id="476" type="partial gc" contextid="475" timestamp="2019-06-16T23:24:36.733">
  <mem-info id="477" free="0" total="40894464" percent="0">
    <mem type="eden" free="0" total="14680064" percent="0" />
    <remembered-set count="5472" freebytes="1610496" totalbytes="1632384" percent="98" regionsoverflowed="0" regionsstable="0" regionsrebuilding="0"/>
  </mem-info>
</gc-start>
<allocation-stats totalBytes="14620560" >
  <allocated-bytes non-tlh="49168" tlh="14571392" arrayletleaf="0"/>
  <largest-consumer threadName="Thread-3" threadId="00000000027AE900" bytes="4649104" />
</allocation-stats>
<gc-op id="478" type="mark" timems="0.926" contextid="475" timestamp="2019-06-16T23:24:36.734">
  <trace-info objectcount="1247" scancount="1026" scanbytes="310088" />
  <cardclean-info objects="1247" bytes="60476" />
  <remembered-set-cleared processed="3414" cleared="629" durationms="0.119" />
  <references type="phantom" candidates="1" cleared="0" enqueued="0" />
  <stringconstants candidates="3963" cleared="0"  />
  <warning details="Mark invoked due to insufficient free space for Copy-Forward" />
</gc-op>
<gc-op id="479" type="classunload" timems="0.002" contextid="475" timestamp="2019-06-16T23:24:36.734">
  <classunload-info classloadercandidates="20" classloadersunloaded="0" classesunloaded="0" anonymousclassesunloaded="0" quiescems="0.000" setupms="0.002" scanms="0.000" postms="0.000" />
</gc-op>
<gc-op id="480" type="sweep" timems="0.397" contextid="475" timestamp="2019-06-16T23:24:36.735" />
<gc-op id="481" type="compact" timems="0.992" contextid="475" timestamp="2019-06-16T23:24:36.736">
  <compact-info movecount="1241" movebytes="652728" />
  <remembered-set-cleared processed="6734" cleared="939" durationms="0.119" />
</gc-op>
<gc-end id="482" type="partial gc" contextid="475" durationms="3.499" usertimems="0.000" systemtimems="4.000" timestamp="2019-06-16T23:24:36.736" activeThreads="4">
  <mem-info id="483" free="14680064" total="40894464" percent="35">
    <mem type="eden" free="396000" total="1048576" percent="37" />
    <remembered-set count="5920" freebytes="1608704" totalbytes="1632384" percent="98" regionsoverflowed="0" regionsstable="0" regionsrebuilding="0"/>
  </mem-info>
</gc-end>
<cycle-end id="484" type="partial gc" contextid="475" timestamp="2019-06-16T23:24:36.736" />
  <attribute name="elasticGC enabled" value="1" />
  <attribute name= "numThreadsSpecified" value="4" />
  <attribute name="heapSize specified" value="0" />
  <attribute name="Current GC Util" value="35" />
  <attribute name= "Current Time Running" value="11205" />
  <attribute name ="GC Interval" value="0" />
  <attribute name="ProportionalT" value="7.500000" />
  <attribute name="ProportionalI" value="7.500000" />
  <attribute name="ProportionalH" value="7.500000" />
  <attribute name="Current Error" value="15.000000" />
  <attribute name="IntegralT" value="7.500000" />
  <attribute name="IntegralI" value="7.500000" />
  <attribute name="IntegralH" value="7.500000" />
  <attribute name="DerivativeT" value="15.000000" />
  <attribute name="DerivativeI" value="15.000000" />
  <attribute name="DerivativeH" value="15.000000" />
  <attribute name="Loop Time for DT" value="1.000000" />
  <attribute name="Output H" value="8388608"/>
  <attribute name="Output I" value="200"/>
  <attribute name="Output T" value="4"/>
  <attribute name="Target GC Util Change" value ="20.000000" />
  <attribute name="Current GC Util Change" value="35.000000"/>
  <attribute name="GC Util currently" value="35" />
  <attribute name="CPU Util currently" value="7537503781464" />
<exclusive-end id="485" timestamp="2019-06-16T23:24:36.737" durationms="4.248" />

<exclusive-start id="486" timestamp="2019-06-16T23:24:36.844" intervalms="111.622">
  <response-info timems="0.043" idlems="0.043" threads="0" lastid="00000000027B6100" lastname="Thread-5" />
</exclusive-start>
<allocation-taxation id="487" taxation-threshold="14680064" timestamp="2019-06-16T23:24:36.844" intervalms="111.619" />
<cycle-start id="488" type="partial gc" contextid="0" timestamp="2019-06-16T23:24:36.844" intervalms="111.625" />
<gc-start id="489" type="partial gc" contextid="488" timestamp="2019-06-16T23:24:36.844">
  <mem-info id="490" free="0" total="40894464" percent="0">
    <mem type="eden" free="0" total="14680064" percent="0" />
    <remembered-set count="5568" freebytes="1610112" totalbytes="1632384" percent="98" regionsoverflowed="0" regionsstable="0" regionsrebuilding="0"/>
  </mem-info>
</gc-start>
<allocation-stats totalBytes="14627440" >
  <allocated-bytes non-tlh="0" tlh="14627440" arrayletleaf="0"/>
  <largest-consumer threadName="Thread-6" threadId="00000000027B9D00" bytes="5191448" />
</allocation-stats>
<gc-op id="491" type="mark" timems="0.985" contextid="488" timestamp="2019-06-16T23:24:36.846">
  <trace-info objectcount="2405" scancount="1950" scanbytes="412252" />
  <cardclean-info objects="1237" bytes="60064" />
  <remembered-set-cleared processed="3281" cleared="457" durationms="0.120" />
  <references type="phantom" candidates="1" cleared="0" enqueued="0" />
  <stringconstants candidates="3963" cleared="0"  />
  <warning details="Mark invoked due to insufficient free space for Copy-Forward" />
</gc-op>
<gc-op id="492" type="classunload" timems="0.002" contextid="488" timestamp="2019-06-16T23:24:36.846">
  <classunload-info classloadercandidates="20" classloadersunloaded="0" classesunloaded="0" anonymousclassesunloaded="0" quiescems="0.000" setupms="0.002" scanms="0.000" postms="0.000" />
</gc-op>
<gc-op id="493" type="sweep" timems="0.326" contextid="488" timestamp="2019-06-16T23:24:36.846" />
<gc-op id="494" type="compact" timems="1.122" contextid="488" timestamp="2019-06-16T23:24:36.848">
  <compact-info movecount="2417" movebytes="972976" />
  <remembered-set-cleared processed="6935" cleared="1132" durationms="0.120" />
</gc-op>
<gc-end id="495" type="partial gc" contextid="488" durationms="3.410" usertimems="4.000" systemtimems="0.000" timestamp="2019-06-16T23:24:36.848" activeThreads="4">
  <mem-info id="496" free="14680064" total="40894464" percent="35">
    <mem type="eden" free="76104" total="1048576" percent="7" />
    <remembered-set count="5664" freebytes="1609728" totalbytes="1632384" percent="98" regionsoverflowed="0" regionsstable="0" regionsrebuilding="0"/>
  </mem-info>
</gc-end>
<cycle-end id="497" type="partial gc" contextid="488" timestamp="2019-06-16T23:24:36.848" />
  <attribute name="elasticGC enabled" value="1" />
  <attribute name= "numThreadsSpecified" value="4" />
  <attribute name="heapSize specified" value="0" />
  <attribute name="Current GC Util" value="35" />
  <attribute name= "Current Time Running" value="11317" />
  <attribute name ="GC Interval" value="0" />
  <attribute name="ProportionalT" value="7.500000" />
  <attribute name="ProportionalI" value="7.500000" />
  <attribute name="ProportionalH" value="7.500000" />
  <attribute name="Current Error" value="15.000000" />
  <attribute name="IntegralT" value="7.500000" />
  <attribute name="IntegralI" value="7.500000" />
  <attribute name="IntegralH" value="7.500000" />
  <attribute name="DerivativeT" value="15.000000" />
  <attribute name="DerivativeI" value="15.000000" />
  <attribute name="DerivativeH" value="15.000000" />
  <attribute name="Loop Time for DT" value="1.000000" />
  <attribute name="Output H" value="8388608"/>
  <attribute name="Output I" value="200"/>
  <attribute name="Output T" value="4"/>
  <attribute name="Target GC Util Change" value ="20.000000" />
  <attribute name="Current GC Util Change" value="35.000000"/>
  <attribute name="GC Util currently" value="35" />
  <attribute name="CPU Util currently" value="9091921032719" />
<exclusive-end id="498" timestamp="2019-06-16T23:24:36.848" durationms="4.016" />

<exclusive-start id="499" timestamp="2019-06-16T23:24:36.949" intervalms="105.238">
  <response-info timems="0.030" idlems="0.030" threads="0" lastid="00000000027B9D00" lastname="Thread-6" />
</exclusive-start>
<allocation-taxation id="500" taxation-threshold="14680064" timestamp="2019-06-16T23:24:36.949" intervalms="105.233" />
<cycle-start id="501" type="partial gc" contextid="0" timestamp="2019-06-16T23:24:36.949" intervalms="105.230" />
<gc-start id="502" type="partial gc" contextid="501" timestamp="2019-06-16T23:24:36.950">
  <mem-info id="503" free="0" total="40894464" percent="0">
    <mem type="eden" free="0" total="14680064" percent="0" />
    <remembered-set count="5472" freebytes="1610496" totalbytes="1632384" percent="98" regionsoverflowed="0" regionsstable="0" regionsrebuilding="0"/>
  </mem-info>
</gc-start>
<allocation-stats totalBytes="14674208" >
  <allocated-bytes non-tlh="0" tlh="14674208" arrayletleaf="0"/>
  <largest-consumer threadName="Thread-6" threadId="00000000027B9D00" bytes="5534632" />
</allocation-stats>
<gc-op id="504" type="mark" timems="1.024" contextid="501" timestamp="2019-06-16T23:24:36.951">
  <trace-info objectcount="2574" scancount="2073" scanbytes="419312" />
  <cardclean-info objects="1253" bytes="60788" />
  <remembered-set-cleared processed="3517" cleared="659" durationms="0.121" />
  <stringconstants candidates="3963" cleared="0"  />
  <warning details="Mark invoked due to insufficient free space for Copy-Forward" />
</gc-op>
<gc-op id="505" type="classunload" timems="0.002" contextid="501" timestamp="2019-06-16T23:24:36.951">
  <classunload-info classloadercandidates="20" classloadersunloaded="0" classesunloaded="0" anonymousclassesunloaded="0" quiescems="0.000" setupms="0.002" scanms="0.000" postms="0.000" />
</gc-op>
<gc-op id="506" type="sweep" timems="0.418" contextid="501" timestamp="2019-06-16T23:24:36.952" />
<gc-op id="507" type="compact" timems="1.170" contextid="501" timestamp="2019-06-16T23:24:36.953">
  <compact-info movecount="2565" movebytes="1018264" />
  <remembered-set-cleared processed="7273" cleared="1367" durationms="0.121" />
</gc-op>
<gc-end id="508" type="partial gc" contextid="501" durationms="3.777" usertimems="0.000" systemtimems="4.000" timestamp="2019-06-16T23:24:36.953" activeThreads="4">
  <mem-info id="509" free="13631488" total="40894464" percent="33">
    <mem type="eden" free="30456" total="1048576" percent="2" />
    <remembered-set count="5376" freebytes="1610880" totalbytes="1632384" percent="98" regionsoverflowed="0" regionsstable="0" regionsrebuilding="0"/>
  </mem-info>
</gc-end>
<cycle-end id="510" type="partial gc" contextid="501" timestamp="2019-06-16T23:24:36.953" />
  <attribute name="elasticGC enabled" value="1" />
  <attribute name= "numThreadsSpecified" value="4" />
  <attribute name="heapSize specified" value="0" />
  <attribute name="Current GC Util" value="28" />
  <attribute name= "Current Time Running" value="11422" />
  <attribute name ="GC Interval" value="0" />
  <attribute name="ProportionalT" value="4.000000" />
  <attribute name="ProportionalI" value="4.000000" />
  <attribute name="ProportionalH" value="4.000000" />
  <attribute name="Current Error" value="8.000000" />
  <attribute name="IntegralT" value="4.000000" />
  <attribute name="IntegralI" value="4.000000" />
  <attribute name="IntegralH" value="4.000000" />
  <attribute name="DerivativeT" value="8.000000" />
  <attribute name="DerivativeI" value="8.000000" />
  <attribute name="DerivativeH" value="8.000000" />
  <attribute name="Loop Time for DT" value="1.000000" />
  <attribute name="Output H" value="8388608"/>
  <attribute name="Output I" value="200"/>
  <attribute name="Output T" value="4"/>
  <attribute name="Target GC Util Change" value ="20.000000" />
  <attribute name="Current GC Util Change" value="28.000000"/>
  <attribute name="GC Util currently" value="28" />
  <attribute name="CPU Util currently" value="7374379184970" />
<exclusive-end id="511" timestamp="2019-06-16T23:24:36.954" durationms="4.429" />

<exclusive-start id="512" timestamp="2019-06-16T23:24:37.054" intervalms="104.559">
  <response-info timems="0.049" idlems="0.049" threads="0" lastid="00000000027B2500" lastname="Thread-4" />
</exclusive-start>
<allocation-taxation id="513" taxation-threshold="13631488" timestamp="2019-06-16T23:24:37.054" intervalms="104.548" />
<cycle-start id="514" type="partial gc" contextid="0" timestamp="2019-06-16T23:24:37.054" intervalms="104.554" />
<gc-start id="515" type="partial gc" contextid="514" timestamp="2019-06-16T23:24:37.054">
  <mem-info id="516" free="0" total="40894464" percent="0">
    <mem type="eden" free="0" total="13631488" percent="0" />
    <remembered-set count="5216" freebytes="1611520" totalbytes="1632384" percent="98" regionsoverflowed="0" regionsstable="0" regionsrebuilding="0"/>
  </mem-info>
</gc-start>
<allocation-stats totalBytes="13577112" >
  <allocated-bytes non-tlh="0" tlh="13577112" arrayletleaf="0"/>
  <largest-consumer threadName="Thread-3" threadId="00000000027AE900" bytes="4475912" />
</allocation-stats>
<gc-op id="517" type="mark" timems="0.943" contextid="514" timestamp="2019-06-16T23:24:37.056">
  <trace-info objectcount="2079" scancount="1679" scanbytes="353064" />
  <cardclean-info objects="1242" bytes="60376" />
  <remembered-set-cleared processed="3604" cleared="705" durationms="0.128" />
  <stringconstants candidates="3963" cleared="0"  />
  <warning details="Mark invoked due to insufficient free space for Copy-Forward" />
</gc-op>
<gc-op id="518" type="classunload" timems="0.002" contextid="514" timestamp="2019-06-16T23:24:37.056">
  <classunload-info classloadercandidates="20" classloadersunloaded="0" classesunloaded="0" anonymousclassesunloaded="0" quiescems="0.000" setupms="0.002" scanms="0.000" postms="0.000" />
</gc-op>
<gc-op id="519" type="sweep" timems="0.425" contextid="514" timestamp="2019-06-16T23:24:37.056" />
<gc-op id="520" type="compact" timems="1.127" contextid="514" timestamp="2019-06-16T23:24:37.058">
  <compact-info movecount="2079" movebytes="796128" />
  <remembered-set-cleared processed="7270" cleared="1259" durationms="0.128" />
</gc-op>
<heap-resize id="521" type="expand" space="default" amount="3145728" count="1" timems="0.071" reason="insufficient free space following gc" timestamp="2019-06-16T23:24:37.058" />
<gc-end id="522" type="partial gc" contextid="514" durationms="3.986" usertimems="0.000" systemtimems="4.000" timestamp="2019-06-16T23:24:37.058" activeThreads="4">
  <mem-info id="523" free="15728640" total="44040192" percent="35">
    <mem type="eden" free="252592" total="1048576" percent="24" />
    <remembered-set count="5504" freebytes="1735936" totalbytes="1757952" percent="98" regionsoverflowed="0" regionsstable="0" regionsrebuilding="0"/>
  </mem-info>
</gc-end>
<cycle-end id="524" type="partial gc" contextid="514" timestamp="2019-06-16T23:24:37.058" />
  <attribute name="elasticGC enabled" value="1" />
  <attribute name= "numThreadsSpecified" value="4" />
  <attribute name="heapSize specified" value="0" />
  <attribute name="Current GC Util" value="25" />
  <attribute name= "Current Time Running" value="11527" />
  <attribute name ="GC Interval" value="0" />
  <attribute name="ProportionalT" value="2.500000" />
  <attribute name="ProportionalI" value="2.500000" />
  <attribute name="ProportionalH" value="2.500000" />
  <attribute name="Current Error" value="5.000000" />
  <attribute name="IntegralT" value="2.500000" />
  <attribute name="IntegralI" value="2.500000" />
  <attribute name="IntegralH" value="2.500000" />
  <attribute name="DerivativeT" value="5.000000" />
  <attribute name="DerivativeI" value="5.000000" />
  <attribute name="DerivativeH" value="5.000000" />
  <attribute name="Loop Time for DT" value="1.000000" />
  <attribute name="Output H" value="8388608"/>
  <attribute name="Output I" value="200"/>
  <attribute name="Output T" value="4"/>
  <attribute name="Target GC Util Change" value ="20.000000" />
  <attribute name="Current GC Util Change" value="25.000000"/>
  <attribute name="GC Util currently" value="25" />
  <attribute name="CPU Util currently" value="6766288929749" />
<exclusive-end id="525" timestamp="2019-06-16T23:24:37.059" durationms="4.806" />

<exclusive-start id="526" timestamp="2019-06-16T23:24:37.166" intervalms="112.375">
  <response-info timems="0.037" idlems="0.037" threads="0" lastid="00000000027B6100" lastname="Thread-5" />
</exclusive-start>
<allocation-taxation id="527" taxation-threshold="15728640" timestamp="2019-06-16T23:24:37.166" intervalms="112.580" />
<cycle-start id="528" type="partial gc" contextid="0" timestamp="2019-06-16T23:24:37.166" intervalms="112.575" />
<gc-start id="529" type="partial gc" contextid="528" timestamp="2019-06-16T23:24:37.167">
  <mem-info id="530" free="0" total="44040192" percent="0">
    <mem type="eden" free="0" total="15728640" percent="0" />
    <remembered-set count="5152" freebytes="1737344" totalbytes="1757952" percent="98" regionsoverflowed="0" regionsstable="0" regionsrebuilding="0"/>
  </mem-info>
</gc-start>
<allocation-stats totalBytes="15654024" >
  <allocated-bytes non-tlh="0" tlh="15654024" arrayletleaf="0"/>
  <largest-consumer threadName="Thread-6" threadId="00000000027B9D00" bytes="6661256" />
</allocation-stats>
<gc-op id="531" type="mark" timems="0.970" contextid="528" timestamp="2019-06-16T23:24:37.168">
  <trace-info objectcount="1977" scancount="1621" scanbytes="401616" />
  <cardclean-info objects="1235" bytes="60088" />
  <remembered-set-cleared processed="3565" cleared="627" durationms="0.128" />
  <references type="weak" candidates="1" cleared="0" enqueued="0" />
  <references type="phantom" candidates="1" cleared="0" enqueued="0" />
  <stringconstants candidates="3963" cleared="0"  />
  <warning details="Mark invoked due to insufficient free space for Copy-Forward" />
</gc-op>
<gc-op id="532" type="classunload" timems="0.002" contextid="528" timestamp="2019-06-16T23:24:37.168">
  <classunload-info classloadercandidates="20" classloadersunloaded="0" classesunloaded="0" anonymousclassesunloaded="0" quiescems="0.000" setupms="0.002" scanms="0.000" postms="0.000" />
</gc-op>
<gc-op id="533" type="sweep" timems="0.423" contextid="528" timestamp="2019-06-16T23:24:37.169" />
<gc-op id="534" type="compact" timems="1.008" contextid="528" timestamp="2019-06-16T23:24:37.170">
  <compact-info movecount="1976" movebytes="880128" />
  <remembered-set-cleared processed="7263" cleared="1174" durationms="0.128" />
</gc-op>
<heap-resize id="535" type="expand" space="default" amount="1048576" count="1" timems="0.057" reason="insufficient free space following gc" timestamp="2019-06-16T23:24:37.170" />
<gc-end id="536" type="partial gc" contextid="528" durationms="3.720" usertimems="4.000" systemtimems="0.000" timestamp="2019-06-16T23:24:37.170" activeThreads="4">
  <mem-info id="537" free="15728640" total="45088768" percent="34">
    <mem type="eden" free="168592" total="1048576" percent="16" />
    <remembered-set count="5504" freebytes="1777792" totalbytes="1799808" percent="98" regionsoverflowed="0" regionsstable="0" regionsrebuilding="0"/>
  </mem-info>
</gc-end>
<cycle-end id="538" type="partial gc" contextid="528" timestamp="2019-06-16T23:24:37.171" />
  <attribute name="elasticGC enabled" value="1" />
  <attribute name= "numThreadsSpecified" value="4" />
  <attribute name="heapSize specified" value="0" />
  <attribute name="Current GC Util" value="25" />
  <attribute name= "Current Time Running" value="11639" />
  <attribute name ="GC Interval" value="0" />
  <attribute name="ProportionalT" value="2.500000" />
  <attribute name="ProportionalI" value="2.500000" />
  <attribute name="ProportionalH" value="2.500000" />
  <attribute name="Current Error" value="5.000000" />
  <attribute name="IntegralT" value="2.500000" />
  <attribute name="IntegralI" value="2.500000" />
  <attribute name="IntegralH" value="2.500000" />
  <attribute name="DerivativeT" value="5.000000" />
  <attribute name="DerivativeI" value="5.000000" />
  <attribute name="DerivativeH" value="5.000000" />
  <attribute name="Loop Time for DT" value="1.000000" />
  <attribute name="Output H" value="8388608"/>
  <attribute name="Output I" value="200"/>
  <attribute name="Output T" value="4"/>
  <attribute name="Target GC Util Change" value ="20.000000" />
  <attribute name="Current GC Util Change" value="25.000000"/>
  <attribute name="GC Util currently" value="25" />
  <attribute name="CPU Util currently" value="6824494103859" />
<exclusive-end id="539" timestamp="2019-06-16T23:24:37.171" durationms="4.636" />

<exclusive-start id="540" timestamp="2019-06-16T23:24:37.294" intervalms="127.411">
  <response-info timems="0.086" idlems="0.051" threads="1" lastid="00000000027B2500" lastname="Thread-4" />
</exclusive-start>
<allocation-taxation id="541" taxation-threshold="15728640" timestamp="2019-06-16T23:24:37.294" intervalms="127.218" />
<cycle-start id="542" type="partial gc" contextid="0" timestamp="2019-06-16T23:24:37.294" intervalms="127.214" />
<gc-start id="543" type="partial gc" contextid="542" timestamp="2019-06-16T23:24:37.294">
  <mem-info id="544" free="0" total="45088768" percent="0">
    <mem type="eden" free="0" total="15728640" percent="0" />
    <remembered-set count="5184" freebytes="1779072" totalbytes="1799808" percent="98" regionsoverflowed="0" regionsstable="0" regionsrebuilding="0"/>
  </mem-info>
</gc-start>
<allocation-stats totalBytes="15701688" >
  <allocated-bytes non-tlh="8200" tlh="15693488" arrayletleaf="0"/>
  <largest-consumer threadName="Thread-3" threadId="00000000027AE900" bytes="5293024" />
</allocation-stats>
<gc-op id="545" type="mark" timems="0.963" contextid="542" timestamp="2019-06-16T23:24:37.295">
  <trace-info objectcount="2097" scancount="1653" scanbytes="333624" />
  <cardclean-info objects="1238" bytes="60224" />
  <remembered-set-cleared processed="3585" cleared="609" durationms="0.130" />
  <references type="weak" candidates="1" cleared="0" enqueued="0" />
  <references type="phantom" candidates="2" cleared="0" enqueued="0" />
  <stringconstants candidates="3963" cleared="0"  />
  <warning details="Mark invoked due to insufficient free space for Copy-Forward" />
</gc-op>
<gc-op id="546" type="classunload" timems="0.002" contextid="542" timestamp="2019-06-16T23:24:37.295">
  <classunload-info classloadercandidates="20" classloadersunloaded="0" classesunloaded="0" anonymousclassesunloaded="0" quiescems="0.000" setupms="0.002" scanms="0.000" postms="0.000" />
</gc-op>
<gc-op id="547" type="sweep" timems="0.338" contextid="542" timestamp="2019-06-16T23:24:37.296" />
<gc-op id="548" type="compact" timems="1.266" contextid="542" timestamp="2019-06-16T23:24:37.297">
  <compact-info movecount="2097" movebytes="854544" />
  <remembered-set-cleared processed="7339" cleared="1187" durationms="0.130" />
</gc-op>
<gc-end id="549" type="partial gc" contextid="542" durationms="3.560" usertimems="4.000" systemtimems="0.000" timestamp="2019-06-16T23:24:37.297" activeThreads="1">
  <mem-info id="550" free="15728640" total="45088768" percent="34">
    <mem type="eden" free="194176" total="1048576" percent="18" />
    <remembered-set count="5696" freebytes="1777024" totalbytes="1799808" percent="98" regionsoverflowed="0" regionsstable="0" regionsrebuilding="0"/>
  </mem-info>
</gc-end>
<cycle-end id="551" type="partial gc" contextid="542" timestamp="2019-06-16T23:24:37.298" />
  <attribute name="elasticGC enabled" value="1" />
  <attribute name= "numThreadsSpecified" value="1" />
  <attribute name="heapSize specified" value="0" />
  <attribute name="Current GC Util" value="32" />
  <attribute name= "Current Time Running" value="11766" />
  <attribute name ="GC Interval" value="0" />
  <attribute name="ProportionalT" value="6.000000" />
  <attribute name="ProportionalI" value="6.000000" />
  <attribute name="ProportionalH" value="6.000000" />
  <attribute name="Current Error" value="12.000000" />
  <attribute name="IntegralT" value="0.000000" />
  <attribute name="IntegralI" value="0.000000" />
  <attribute name="IntegralH" value="0.000000" />
  <attribute name="DerivativeT" value="inf" />
  <attribute name="DerivativeI" value="inf" />
  <attribute name="DerivativeH" value="inf" />
  <attribute name="Loop Time for DT" value="0.000000" />
  <attribute name="Output H" value="8388608"/>
  <attribute name="Output I" value="200"/>
  <attribute name="Output T" value="1"/>
  <attribute name="Target GC Util Change" value ="20.000000" />
  <attribute name="Current GC Util Change" value="32.000000"/>
  <attribute name="GC Util currently" value="32" />
  <attribute name="CPU Util currently" value="8904157963091" />
<exclusive-end id="552" timestamp="2019-06-16T23:24:37.298" durationms="4.192" />

<exclusive-start id="553" timestamp="2019-06-16T23:24:37.421" intervalms="127.543">
  <response-info timems="0.050" idlems="0.050" threads="0" lastid="00000000027B6100" lastname="Thread-5" />
</exclusive-start>
<allocation-taxation id="554" taxation-threshold="15728640" timestamp="2019-06-16T23:24:37.421" intervalms="127.577" />
<cycle-start id="555" type="partial gc" contextid="0" timestamp="2019-06-16T23:24:37.421" intervalms="127.582" />
<gc-start id="556" type="partial gc" contextid="555" timestamp="2019-06-16T23:24:37.421">
  <mem-info id="557" free="0" total="45088768" percent="0">
    <mem type="eden" free="0" total="15728640" percent="0" />
    <remembered-set count="5216" freebytes="1778944" totalbytes="1799808" percent="98" regionsoverflowed="0" regionsstable="0" regionsrebuilding="0"/>
  </mem-info>
</gc-start>
<allocation-stats totalBytes="15703552" >
  <allocated-bytes non-tlh="16392" tlh="15687160" arrayletleaf="0"/>
  <largest-consumer threadName="Thread-5" threadId="00000000027B6100" bytes="5121320" />
</allocation-stats>
<gc-op id="558" type="mark" timems="0.902" contextid="555" timestamp="2019-06-16T23:24:37.423">
  <trace-info objectcount="1534" scancount="1210" scanbytes="248144" />
  <cardclean-info objects="1248" bytes="60360" />
  <remembered-set-cleared processed="3654" cleared="645" durationms="0.131" />
  <references type="weak" candidates="1" cleared="0" enqueued="0" />
  <references type="phantom" candidates="1" cleared="0" enqueued="0" />
  <stringconstants candidates="3963" cleared="0"  />
  <warning details="Mark invoked due to insufficient free space for Copy-Forward" />
</gc-op>
<gc-op id="559" type="classunload" timems="0.002" contextid="555" timestamp="2019-06-16T23:24:37.423">
  <classunload-info classloadercandidates="20" classloadersunloaded="0" classesunloaded="0" anonymousclassesunloaded="0" quiescems="0.000" setupms="0.002" scanms="0.000" postms="0.000" />
</gc-op>
<gc-op id="560" type="sweep" timems="0.374" contextid="555" timestamp="2019-06-16T23:24:37.423" />
<gc-op id="561" type="compact" timems="0.917" contextid="555" timestamp="2019-06-16T23:24:37.424">
  <compact-info movecount="1530" movebytes="574528" />
  <remembered-set-cleared processed="7312" cleared="1080" durationms="0.131" />
</gc-op>
<heap-resize id="562" type="expand" space="default" amount="2097152" count="1" timems="0.067" reason="insufficient free space following gc" timestamp="2019-06-16T23:24:37.425" />
<gc-end id="563" type="partial gc" contextid="555" durationms="3.410" usertimems="0.000" systemtimems="4.000" timestamp="2019-06-16T23:24:37.425" activeThreads="4">
  <mem-info id="564" free="16777216" total="47185920" percent="35">
    <mem type="eden" free="474400" total="1048576" percent="45" />
    <remembered-set count="6112" freebytes="1859072" totalbytes="1883520" percent="98" regionsoverflowed="0" regionsstable="0" regionsrebuilding="0"/>
  </mem-info>
</gc-end>
<cycle-end id="565" type="partial gc" contextid="555" timestamp="2019-06-16T23:24:37.425" />
  <attribute name="elasticGC enabled" value="1" />
  <attribute name= "numThreadsSpecified" value="4" />
  <attribute name="heapSize specified" value="0" />
  <attribute name="Current GC Util" value="26" />
  <attribute name= "Current Time Running" value="11894" />
  <attribute name ="GC Interval" value="0" />
  <attribute name="ProportionalT" value="3.000000" />
  <attribute name="ProportionalI" value="3.000000" />
  <attribute name="ProportionalH" value="3.000000" />
  <attribute name="Current Error" value="6.000000" />
  <attribute name="IntegralT" value="3.000000" />
  <attribute name="IntegralI" value="3.000000" />
  <attribute name="IntegralH" value="3.000000" />
  <attribute name="DerivativeT" value="6.000000" />
  <attribute name="DerivativeI" value="6.000000" />
  <attribute name="DerivativeH" value="6.000000" />
  <attribute name="Loop Time for DT" value="1.000000" />
  <attribute name="Output H" value="8388608"/>
  <attribute name="Output I" value="200"/>
  <attribute name="Output T" value="4"/>
  <attribute name="Target GC Util Change" value ="20.000000" />
  <attribute name="Current GC Util Change" value="26.000000"/>
  <attribute name="GC Util currently" value="26" />
  <attribute name="CPU Util currently" value="7935994928566" />
<exclusive-end id="566" timestamp="2019-06-16T23:24:37.425" durationms="4.112" />

<exclusive-start id="567" timestamp="2019-06-16T23:24:37.544" intervalms="122.471">
  <response-info timems="0.051" idlems="0.051" threads="0" lastid="00000000027B2500" lastname="Thread-4" />
</exclusive-start>
<allocation-taxation id="568" taxation-threshold="16777216" timestamp="2019-06-16T23:24:37.544" intervalms="122.433" />
<cycle-start id="569" type="partial gc" contextid="0" timestamp="2019-06-16T23:24:37.544" intervalms="122.425" />
<gc-start id="570" type="partial gc" contextid="569" timestamp="2019-06-16T23:24:37.544">
  <mem-info id="571" free="0" total="47185920" percent="0">
    <mem type="eden" free="0" total="16777216" percent="0" />
    <remembered-set count="5696" freebytes="1860736" totalbytes="1883520" percent="98" regionsoverflowed="0" regionsstable="0" regionsrebuilding="0"/>
  </mem-info>
</gc-start>
<allocation-stats totalBytes="16750672" >
  <allocated-bytes non-tlh="8200" tlh="16742472" arrayletleaf="0"/>
  <largest-consumer threadName="Thread-3" threadId="00000000027AE900" bytes="6752208" />
</allocation-stats>
<gc-op id="572" type="mark" timems="1.073" contextid="569" timestamp="2019-06-16T23:24:37.545">
  <trace-info objectcount="2769" scancount="2177" scanbytes="422328" />
  <cardclean-info objects="1240" bytes="60112" />
  <remembered-set-cleared processed="3587" cleared="536" durationms="0.133" />
  <stringconstants candidates="3963" cleared="0"  />
  <warning details="Mark invoked due to insufficient free space for Copy-Forward" />
</gc-op>
<gc-op id="573" type="classunload" timems="0.002" contextid="569" timestamp="2019-06-16T23:24:37.545">
  <classunload-info classloadercandidates="20" classloadersunloaded="0" classesunloaded="0" anonymousclassesunloaded="0" quiescems="0.000" setupms="0.002" scanms="0.000" postms="0.000" />
</gc-op>
<gc-op id="574" type="sweep" timems="0.416" contextid="569" timestamp="2019-06-16T23:24:37.546" />
<gc-op id="575" type="compact" timems="1.395" contextid="569" timestamp="2019-06-16T23:24:37.548">
  <compact-info movecount="2765" movebytes="1109208" />
  <remembered-set-cleared processed="7577" cleared="1279" durationms="0.133" />
</gc-op>
<gc-end id="576" type="partial gc" contextid="569" durationms="3.897" usertimems="4.000" systemtimems="0.000" timestamp="2019-06-16T23:24:37.548" activeThreads="1">
  <mem-info id="577" free="15728640" total="47185920" percent="33">
    <mem type="eden" free="982024" total="2097152" percent="46" />
    <remembered-set count="6304" freebytes="1858304" totalbytes="1883520" percent="98" regionsoverflowed="0" regionsstable="0" regionsrebuilding="0"/>
  </mem-info>
</gc-end>
<cycle-end id="578" type="partial gc" contextid="569" timestamp="2019-06-16T23:24:37.548" />
  <attribute name="elasticGC enabled" value="1" />
  <attribute name= "numThreadsSpecified" value="1" />
  <attribute name="heapSize specified" value="0" />
  <attribute name="Current GC Util" value="29" />
  <attribute name= "Current Time Running" value="12016" />
  <attribute name ="GC Interval" value="0" />
  <attribute name="ProportionalT" value="4.500000" />
  <attribute name="ProportionalI" value="4.500000" />
  <attribute name="ProportionalH" value="4.500000" />
  <attribute name="Current Error" value="9.000000" />
  <attribute name="IntegralT" value="0.000000" />
  <attribute name="IntegralI" value="0.000000" />
  <attribute name="IntegralH" value="0.000000" />
  <attribute name="DerivativeT" value="inf" />
  <attribute name="DerivativeI" value="inf" />
  <attribute name="DerivativeH" value="inf" />
  <attribute name="Loop Time for DT" value="0.000000" />
  <attribute name="Output H" value="8388608"/>
  <attribute name="Output I" value="200"/>
  <attribute name="Output T" value="1"/>
  <attribute name="Target GC Util Change" value ="20.000000" />
  <attribute name="Current GC Util Change" value="29.000000"/>
  <attribute name="GC Util currently" value="29" />
  <attribute name="CPU Util currently" value="7680766817939" />
<exclusive-end id="579" timestamp="2019-06-16T23:24:37.548" durationms="4.470" />

<exclusive-start id="580" timestamp="2019-06-16T23:24:37.659" intervalms="115.063">
  <response-info timems="0.037" idlems="0.037" threads="0" lastid="00000000027B6100" lastname="Thread-5" />
</exclusive-start>
<allocation-taxation id="581" taxation-threshold="15728640" timestamp="2019-06-16T23:24:37.659" intervalms="115.069" />
<cycle-start id="582" type="partial gc" contextid="0" timestamp="2019-06-16T23:24:37.659" intervalms="115.075" />
<gc-start id="583" type="partial gc" contextid="582" timestamp="2019-06-16T23:24:37.659">
  <mem-info id="584" free="0" total="47185920" percent="0">
    <mem type="eden" free="0" total="15728640" percent="0" />
    <remembered-set count="6016" freebytes="1859456" totalbytes="1883520" percent="98" regionsoverflowed="0" regionsstable="0" regionsrebuilding="0"/>
  </mem-info>
</gc-start>
<allocation-stats totalBytes="15671272" >
  <allocated-bytes non-tlh="16392" tlh="15654880" arrayletleaf="0"/>
  <largest-consumer threadName="Thread-5" threadId="00000000027B6100" bytes="6576240" />
</allocation-stats>
<gc-op id="585" type="mark" timems="1.022" contextid="582" timestamp="2019-06-16T23:24:37.660">
  <trace-info objectcount="2058" scancount="1641" scanbytes="335992" />
  <cardclean-info objects="1232" bytes="59920" />
  <remembered-set-cleared processed="3831" cleared="740" durationms="0.084" />
  <stringconstants candidates="3963" cleared="0"  />
  <warning details="Mark invoked due to insufficient free space for Copy-Forward" />
</gc-op>
<gc-op id="586" type="classunload" timems="0.002" contextid="582" timestamp="2019-06-16T23:24:37.661">
  <classunload-info classloadercandidates="20" classloadersunloaded="0" classesunloaded="0" anonymousclassesunloaded="0" quiescems="0.000" setupms="0.002" scanms="0.000" postms="0.000" />
</gc-op>
<gc-op id="587" type="sweep" timems="0.319" contextid="582" timestamp="2019-06-16T23:24:37.661" />
<gc-op id="588" type="compact" timems="0.899" contextid="582" timestamp="2019-06-16T23:24:37.662">
  <compact-info movecount="2058" movebytes="838344" />
  <remembered-set-cleared processed="7687" cleared="1285" durationms="0.084" />
</gc-op>
<gc-end id="589" type="partial gc" contextid="582" durationms="3.357" usertimems="4.000" systemtimems="4.000" timestamp="2019-06-16T23:24:37.662" activeThreads="4">
  <mem-info id="590" free="16777216" total="47185920" percent="35">
    <mem type="eden" free="210232" total="1048576" percent="20" />
    <remembered-set count="5952" freebytes="1859712" totalbytes="1883520" percent="98" regionsoverflowed="0" regionsstable="0" regionsrebuilding="0"/>
  </mem-info>
</gc-end>
<cycle-end id="591" type="partial gc" contextid="582" timestamp="2019-06-16T23:24:37.662" />
  <attribute name="elasticGC enabled" value="1" />
  <attribute name= "numThreadsSpecified" value="4" />
  <attribute name="heapSize specified" value="0" />
  <attribute name="Current GC Util" value="30" />
  <attribute name= "Current Time Running" value="12131" />
  <attribute name ="GC Interval" value="0" />
  <attribute name="ProportionalT" value="5.000000" />
  <attribute name="ProportionalI" value="5.000000" />
  <attribute name="ProportionalH" value="5.000000" />
  <attribute name="Current Error" value="10.000000" />
  <attribute name="IntegralT" value="0.000000" />
  <attribute name="IntegralI" value="0.000000" />
  <attribute name="IntegralH" value="0.000000" />
  <attribute name="DerivativeT" value="-inf" />
  <attribute name="DerivativeI" value="-inf" />
  <attribute name="DerivativeH" value="-inf" />
  <attribute name="Loop Time for DT" value="0.000000" />
  <attribute name="Output H" value="2091843584"/>
  <attribute name="Output I" value="200"/>
  <attribute name="Output T" value="4"/>
  <attribute name="Target GC Util Change" value ="20.000000" />
  <attribute name="Current GC Util Change" value="30.000000"/>
  <attribute name="GC Util currently" value="30" />
  <attribute name="CPU Util currently" value="8886656607047" />
<exclusive-end id="592" timestamp="2019-06-16T23:24:37.663" durationms="4.021" />

<exclusive-start id="593" timestamp="2019-06-16T23:24:37.783" intervalms="124.284">
  <response-info timems="0.038" idlems="0.038" threads="0" lastid="00000000027B9D00" lastname="Thread-6" />
</exclusive-start>
<allocation-taxation id="594" taxation-threshold="16777216" timestamp="2019-06-16T23:24:37.783" intervalms="124.289" />
<cycle-start id="595" type="partial gc" contextid="0" timestamp="2019-06-16T23:24:37.783" intervalms="124.285" />
<gc-start id="596" type="partial gc" contextid="595" timestamp="2019-06-16T23:24:37.783">
  <mem-info id="597" free="0" total="47185920" percent="0">
    <mem type="eden" free="0" total="16777216" percent="0" />
    <remembered-set count="5568" freebytes="1861248" totalbytes="1883520" percent="98" regionsoverflowed="0" regionsstable="0" regionsrebuilding="0"/>
  </mem-info>
</gc-start>
<allocation-stats totalBytes="16732504" >
  <allocated-bytes non-tlh="32776" tlh="16699728" arrayletleaf="0"/>
  <largest-consumer threadName="Thread-5" threadId="00000000027B6100" bytes="5667152" />
</allocation-stats>
<gc-op id="598" type="mark" timems="0.994" contextid="595" timestamp="2019-06-16T23:24:37.785">
  <trace-info objectcount="2477" scancount="2010" scanbytes="417636" />
  <cardclean-info objects="1253" bytes="60880" />
  <remembered-set-cleared processed="3758" cleared="637" durationms="0.136" />
  <references type="weak" candidates="1" cleared="0" enqueued="0" />
  <references type="phantom" candidates="1" cleared="0" enqueued="0" />
  <stringconstants candidates="3963" cleared="0"  />
  <warning details="Mark invoked due to insufficient free space for Copy-Forward" />
</gc-op>
<gc-op id="599" type="classunload" timems="0.002" contextid="595" timestamp="2019-06-16T23:24:37.785">
  <classunload-info classloadercandidates="20" classloadersunloaded="0" classesunloaded="0" anonymousclassesunloaded="0" quiescems="0.000" setupms="0.002" scanms="0.000" postms="0.000" />
</gc-op>
<gc-op id="600" type="sweep" timems="0.447" contextid="595" timestamp="2019-06-16T23:24:37.785" />
<gc-op id="601" type="compact" timems="1.185" contextid="595" timestamp="2019-06-16T23:24:37.787">
  <compact-info movecount="2477" movebytes="1042008" />
  <remembered-set-cleared processed="7742" cleared="1277" durationms="0.136" />
</gc-op>
<heap-resize id="602" type="expand" space="default" amount="1048576" count="1" timems="0.068" reason="insufficient free space following gc" timestamp="2019-06-16T23:24:37.787" />
<gc-end id="603" type="partial gc" contextid="595" durationms="3.954" usertimems="4.000" systemtimems="0.000" timestamp="2019-06-16T23:24:37.787" activeThreads="4">
  <mem-info id="604" free="16777216" total="48234496" percent="34">
    <mem type="eden" free="6712" total="1048576" percent="0" />
    <remembered-set count="5696" freebytes="1902592" totalbytes="1925376" percent="98" regionsoverflowed="0" regionsstable="0" regionsrebuilding="0"/>
  </mem-info>
</gc-end>
<cycle-end id="605" type="partial gc" contextid="595" timestamp="2019-06-16T23:24:37.787" />
  <attribute name="elasticGC enabled" value="1" />
  <attribute name= "numThreadsSpecified" value="4" />
  <attribute name="heapSize specified" value="0" />
  <attribute name="Current GC Util" value="31" />
  <attribute name= "Current Time Running" value="12256" />
  <attribute name ="GC Interval" value="0" />
  <attribute name="ProportionalT" value="5.500000" />
  <attribute name="ProportionalI" value="5.500000" />
  <attribute name="ProportionalH" value="5.500000" />
  <attribute name="Current Error" value="11.000000" />
  <attribute name="IntegralT" value="5.500000" />
  <attribute name="IntegralI" value="5.500000" />
  <attribute name="IntegralH" value="5.500000" />
  <attribute name="DerivativeT" value="11.000000" />
  <attribute name="DerivativeI" value="11.000000" />
  <attribute name="DerivativeH" value="11.000000" />
  <attribute name="Loop Time for DT" value="1.000000" />
  <attribute name="Output H" value="8388608"/>
  <attribute name="Output I" value="200"/>
  <attribute name="Output T" value="4"/>
  <attribute name="Target GC Util Change" value ="20.000000" />
  <attribute name="Current GC Util Change" value="31.000000"/>
  <attribute name="GC Util currently" value="31" />
  <attribute name="CPU Util currently" value="6988821992402" />
<exclusive-end id="606" timestamp="2019-06-16T23:24:37.787" durationms="4.582" />

<exclusive-start id="607" timestamp="2019-06-16T23:24:37.904" intervalms="121.236">
  <response-info timems="0.036" idlems="0.036" threads="0" lastid="00000000027B6100" lastname="Thread-5" />
</exclusive-start>
<allocation-taxation id="608" taxation-threshold="16777216" timestamp="2019-06-16T23:24:37.904" intervalms="121.236" />
<cycle-start id="609" type="partial gc" contextid="0" timestamp="2019-06-16T23:24:37.904" intervalms="121.246" />
<gc-start id="610" type="partial gc" contextid="609" timestamp="2019-06-16T23:24:37.905">
  <mem-info id="611" free="0" total="48234496" percent="0">
    <mem type="eden" free="0" total="16777216" percent="0" />
    <remembered-set count="5440" freebytes="1903616" totalbytes="1925376" percent="98" regionsoverflowed="0" regionsstable="0" regionsrebuilding="0"/>
  </mem-info>
</gc-start>
<allocation-stats totalBytes="16753344" >
  <allocated-bytes non-tlh="0" tlh="16753344" arrayletleaf="0"/>
  <largest-consumer threadName="Thread-6" threadId="00000000027B9D00" bytes="6206640" />
</allocation-stats>
<gc-op id="612" type="mark" timems="1.009" contextid="609" timestamp="2019-06-16T23:24:37.906">
  <trace-info objectcount="2238" scancount="1862" scanbytes="408656" />
  <cardclean-info objects="1226" bytes="59680" />
  <remembered-set-cleared processed="3840" cleared="673" durationms="0.148" />
  <references type="phantom" candidates="1" cleared="0" enqueued="0" />
  <stringconstants candidates="3963" cleared="0"  />
  <warning details="Mark invoked due to insufficient free space for Copy-Forward" />
</gc-op>
<gc-op id="613" type="classunload" timems="0.003" contextid="609" timestamp="2019-06-16T23:24:37.906">
  <classunload-info classloadercandidates="20" classloadersunloaded="0" classesunloaded="0" anonymousclassesunloaded="0" quiescems="0.000" setupms="0.001" scanms="0.000" postms="0.000" />
</gc-op>
<gc-op id="614" type="sweep" timems="0.306" contextid="609" timestamp="2019-06-16T23:24:37.906" />
<gc-op id="615" type="compact" timems="0.981" contextid="609" timestamp="2019-06-16T23:24:37.908">
  <compact-info movecount="2234" movebytes="827040" />
  <remembered-set-cleared processed="7768" cleared="1231" durationms="0.148" />
</gc-op>
<gc-end id="616" type="partial gc" contextid="609" durationms="3.315" usertimems="8.000" systemtimems="0.000" timestamp="2019-06-16T23:24:37.908" activeThreads="4">
  <mem-info id="617" free="15728640" total="48234496" percent="32">
    <mem type="eden" free="221680" total="1048576" percent="21" />
    <remembered-set count="5696" freebytes="1902592" totalbytes="1925376" percent="98" regionsoverflowed="0" regionsstable="0" regionsrebuilding="0"/>
  </mem-info>
</gc-end>
<cycle-end id="618" type="partial gc" contextid="609" timestamp="2019-06-16T23:24:37.908" />
  <attribute name="elasticGC enabled" value="1" />
  <attribute name= "numThreadsSpecified" value="4" />
  <attribute name="heapSize specified" value="0" />
  <attribute name="Current GC Util" value="31" />
  <attribute name= "Current Time Running" value="12377" />
  <attribute name ="GC Interval" value="0" />
  <attribute name="ProportionalT" value="5.500000" />
  <attribute name="ProportionalI" value="5.500000" />
  <attribute name="ProportionalH" value="5.500000" />
  <attribute name="Current Error" value="11.000000" />
  <attribute name="IntegralT" value="5.500000" />
  <attribute name="IntegralI" value="5.500000" />
  <attribute name="IntegralH" value="5.500000" />
  <attribute name="DerivativeT" value="11.000000" />
  <attribute name="DerivativeI" value="11.000000" />
  <attribute name="DerivativeH" value="11.000000" />
  <attribute name="Loop Time for DT" value="1.000000" />
  <attribute name="Output H" value="8388608"/>
  <attribute name="Output I" value="200"/>
  <attribute name="Output T" value="4"/>
  <attribute name="Target GC Util Change" value ="20.000000" />
  <attribute name="Current GC Util Change" value="31.000000"/>
  <attribute name="GC Util currently" value="31" />
  <attribute name="CPU Util currently" value="9533536088009" />
<exclusive-end id="619" timestamp="2019-06-16T23:24:37.908" durationms="3.896" />

<exclusive-start id="620" timestamp="2019-06-16T23:24:38.026" intervalms="122.016">
  <response-info timems="0.033" idlems="0.033" threads="0" lastid="00000000027AE900" lastname="Thread-3" />
</exclusive-start>
<allocation-taxation id="621" taxation-threshold="15728640" timestamp="2019-06-16T23:24:38.026" intervalms="122.019" />
<cycle-start id="622" type="partial gc" contextid="0" timestamp="2019-06-16T23:24:38.026" intervalms="122.008" />
<gc-start id="623" type="partial gc" contextid="622" timestamp="2019-06-16T23:24:38.026">
  <mem-info id="624" free="0" total="48234496" percent="0">
    <mem type="eden" free="0" total="15728640" percent="0" />
    <remembered-set count="5344" freebytes="1904000" totalbytes="1925376" percent="98" regionsoverflowed="0" regionsstable="0" regionsrebuilding="0"/>
  </mem-info>
</gc-start>
<allocation-stats totalBytes="15684904" >
  <allocated-bytes non-tlh="49168" tlh="15635736" arrayletleaf="0"/>
  <largest-consumer threadName="Thread-3" threadId="00000000027AE900" bytes="4701048" />
</allocation-stats>
<gc-op id="625" type="mark" timems="1.014" contextid="622" timestamp="2019-06-16T23:24:38.028">
  <trace-info objectcount="2575" scancount="2064" scanbytes="418328" />
  <cardclean-info objects="1229" bytes="59672" />
  <remembered-set-cleared processed="3800" cleared="597" durationms="0.140" />
  <references type="phantom" candidates="1" cleared="0" enqueued="0" />
  <stringconstants candidates="3963" cleared="0"  />
  <warning details="Mark invoked due to insufficient free space for Copy-Forward" />
</gc-op>
<gc-op id="626" type="classunload" timems="0.002" contextid="622" timestamp="2019-06-16T23:24:38.028">
  <classunload-info classloadercandidates="20" classloadersunloaded="0" classesunloaded="0" anonymousclassesunloaded="0" quiescems="0.000" setupms="0.002" scanms="0.000" postms="0.000" />
</gc-op>
<gc-op id="627" type="sweep" timems="0.349" contextid="622" timestamp="2019-06-16T23:24:38.028" />
<gc-op id="628" type="compact" timems="1.346" contextid="622" timestamp="2019-06-16T23:24:38.030">
  <compact-info movecount="2568" movebytes="1021768" />
  <remembered-set-cleared processed="7907" cleared="1300" durationms="0.140" />
</gc-op>
<heap-resize id="629" type="expand" space="default" amount="2097152" count="1" timems="0.075" reason="insufficient free space following gc" timestamp="2019-06-16T23:24:38.030" />
<gc-end id="630" type="partial gc" contextid="622" durationms="3.940" usertimems="4.000" systemtimems="0.000" timestamp="2019-06-16T23:24:38.030" activeThreads="4">
  <mem-info id="631" free="16777216" total="50331648" percent="33">
    <mem type="eden" free="22120" total="1048576" percent="2" />
    <remembered-set count="5728" freebytes="1986176" totalbytes="2009088" percent="98" regionsoverflowed="0" regionsstable="0" regionsrebuilding="0"/>
  </mem-info>
</gc-end>
<cycle-end id="632" type="partial gc" contextid="622" timestamp="2019-06-16T23:24:38.031" />
  <attribute name="elasticGC enabled" value="1" />
  <attribute name= "numThreadsSpecified" value="4" />
  <attribute name="heapSize specified" value="0" />
  <attribute name="Current GC Util" value="32" />
  <attribute name= "Current Time Running" value="12499" />
  <attribute name ="GC Interval" value="0" />
  <attribute name="ProportionalT" value="6.000000" />
  <attribute name="ProportionalI" value="6.000000" />
  <attribute name="ProportionalH" value="6.000000" />
  <attribute name="Current Error" value="12.000000" />
  <attribute name="IntegralT" value="6.000000" />
  <attribute name="IntegralI" value="6.000000" />
  <attribute name="IntegralH" value="6.000000" />
  <attribute name="DerivativeT" value="12.000000" />
  <attribute name="DerivativeI" value="12.000000" />
  <attribute name="DerivativeH" value="12.000000" />
  <attribute name="Loop Time for DT" value="1.000000" />
  <attribute name="Output H" value="8388608"/>
  <attribute name="Output I" value="200"/>
  <attribute name="Output T" value="4"/>
  <attribute name="Target GC Util Change" value ="20.000000" />
  <attribute name="Current GC Util Change" value="32.000000"/>
  <attribute name="GC Util currently" value="32" />
  <attribute name="CPU Util currently" value="8480466222653" />
<exclusive-end id="633" timestamp="2019-06-16T23:24:38.031" durationms="4.651" />

<exclusive-start id="634" timestamp="2019-06-16T23:24:38.159" intervalms="132.786">
  <response-info timems="0.039" idlems="0.039" threads="0" lastid="00000000027AE900" lastname="Thread-3" />
</exclusive-start>
<allocation-taxation id="635" taxation-threshold="16777216" timestamp="2019-06-16T23:24:38.159" intervalms="132.784" />
<cycle-start id="636" type="partial gc" contextid="0" timestamp="2019-06-16T23:24:38.159" intervalms="132.794" />
<gc-start id="637" type="partial gc" contextid="636" timestamp="2019-06-16T23:24:38.159">
  <mem-info id="638" free="0" total="50331648" percent="0">
    <mem type="eden" free="0" total="16777216" percent="0" />
    <remembered-set count="5472" freebytes="1987200" totalbytes="2009088" percent="98" regionsoverflowed="0" regionsstable="0" regionsrebuilding="0"/>
  </mem-info>
</gc-start>
<allocation-stats totalBytes="16771384" >
  <allocated-bytes non-tlh="49168" tlh="16722216" arrayletleaf="0"/>
  <largest-consumer threadName="Thread-5" threadId="00000000027B6100" bytes="6354368" />
</allocation-stats>
<gc-op id="639" type="mark" timems="1.054" contextid="636" timestamp="2019-06-16T23:24:38.161">
  <trace-info objectcount="2581" scancount="2084" scanbytes="420192" />
  <cardclean-info objects="1234" bytes="59968" />
  <remembered-set-cleared processed="3949" cleared="712" durationms="0.146" />
  <stringconstants candidates="3963" cleared="0"  />
  <warning details="Mark invoked due to insufficient free space for Copy-Forward" />
</gc-op>
<gc-op id="640" type="classunload" timems="0.002" contextid="636" timestamp="2019-06-16T23:24:38.161">
  <classunload-info classloadercandidates="20" classloadersunloaded="0" classesunloaded="0" anonymousclassesunloaded="0" quiescems="0.000" setupms="0.002" scanms="0.000" postms="0.000" />
</gc-op>
<gc-op id="641" type="sweep" timems="0.401" contextid="636" timestamp="2019-06-16T23:24:38.161" />
<gc-op id="642" type="compact" timems="1.238" contextid="636" timestamp="2019-06-16T23:24:38.163">
  <compact-info movecount="2581" movebytes="1031960" />
  <remembered-set-cleared processed="8089" cleared="1405" durationms="0.146" />
</gc-op>
<gc-end id="643" type="partial gc" contextid="636" durationms="3.747" usertimems="8.000" systemtimems="0.000" timestamp="2019-06-16T23:24:38.163" activeThreads="4">
  <mem-info id="644" free="16777216" total="50331648" percent="33">
    <mem type="eden" free="16616" total="1048576" percent="1" />
    <remembered-set count="5792" freebytes="1985920" totalbytes="2009088" percent="98" regionsoverflowed="0" regionsstable="0" regionsrebuilding="0"/>
  </mem-info>
</gc-end>
<cycle-end id="645" type="partial gc" contextid="636" timestamp="2019-06-16T23:24:38.163" />
  <attribute name="elasticGC enabled" value="1" />
  <attribute name= "numThreadsSpecified" value="4" />
  <attribute name="heapSize specified" value="0" />
  <attribute name="Current GC Util" value="29" />
  <attribute name= "Current Time Running" value="12632" />
  <attribute name ="GC Interval" value="0" />
  <attribute name="ProportionalT" value="4.500000" />
  <attribute name="ProportionalI" value="4.500000" />
  <attribute name="ProportionalH" value="4.500000" />
  <attribute name="Current Error" value="9.000000" />
  <attribute name="IntegralT" value="4.500000" />
  <attribute name="IntegralI" value="4.500000" />
  <attribute name="IntegralH" value="4.500000" />
  <attribute name="DerivativeT" value="9.000000" />
  <attribute name="DerivativeI" value="9.000000" />
  <attribute name="DerivativeH" value="9.000000" />
  <attribute name="Loop Time for DT" value="1.000000" />
  <attribute name="Output H" value="8388608"/>
  <attribute name="Output I" value="200"/>
  <attribute name="Output T" value="4"/>
  <attribute name="Target GC Util Change" value ="20.000000" />
  <attribute name="Current GC Util Change" value="29.000000"/>
  <attribute name="GC Util currently" value="29" />
  <attribute name="CPU Util currently" value="7893505749737" />
<exclusive-end id="646" timestamp="2019-06-16T23:24:38.164" durationms="4.569" />

<exclusive-start id="647" timestamp="2019-06-16T23:24:38.315" intervalms="156.082">
  <response-info timems="0.033" idlems="0.033" threads="0" lastid="00000000027B6100" lastname="Thread-5" />
</exclusive-start>
<allocation-taxation id="648" taxation-threshold="16777216" timestamp="2019-06-16T23:24:38.315" intervalms="156.078" />
<cycle-start id="649" type="partial gc" contextid="0" timestamp="2019-06-16T23:24:38.315" intervalms="156.074" />
<gc-start id="650" type="partial gc" contextid="649" timestamp="2019-06-16T23:24:38.315">
  <mem-info id="651" free="0" total="50331648" percent="0">
    <mem type="eden" free="0" total="16777216" percent="0" />
    <remembered-set count="5504" freebytes="1987072" totalbytes="2009088" percent="98" regionsoverflowed="0" regionsstable="0" regionsrebuilding="0"/>
  </mem-info>
</gc-start>
<allocation-stats totalBytes="16668808" >
  <allocated-bytes non-tlh="32776" tlh="16636032" arrayletleaf="0"/>
  <largest-consumer threadName="Thread-6" threadId="00000000027B9D00" bytes="5907392" />
</allocation-stats>
<gc-op id="652" type="mark" timems="0.993" contextid="649" timestamp="2019-06-16T23:24:38.317">
  <trace-info objectcount="2008" scancount="1708" scanbytes="403552" />
  <cardclean-info objects="1238" bytes="59760" />
  <remembered-set-cleared processed="3998" cleared="726" durationms="0.140" />
  <references type="phantom" candidates="2" cleared="0" enqueued="0" />
  <stringconstants candidates="3963" cleared="0"  />
  <warning details="Mark invoked due to insufficient free space for Copy-Forward" />
</gc-op>
<gc-op id="653" type="classunload" timems="0.002" contextid="649" timestamp="2019-06-16T23:24:38.317">
  <classunload-info classloadercandidates="20" classloadersunloaded="0" classesunloaded="0" anonymousclassesunloaded="0" quiescems="0.000" setupms="0.002" scanms="0.000" postms="0.000" />
</gc-op>
<gc-op id="654" type="sweep" timems="0.461" contextid="649" timestamp="2019-06-16T23:24:38.318" />
<gc-op id="655" type="compact" timems="1.097" contextid="649" timestamp="2019-06-16T23:24:38.319">
  <compact-info movecount="2008" movebytes="831176" />
  <remembered-set-cleared processed="7973" cleared="1209" durationms="0.140" />
</gc-op>
<heap-resize id="656" type="expand" space="default" amount="1048576" count="1" timems="0.055" reason="insufficient free space following gc" timestamp="2019-06-16T23:24:38.319" />
<gc-end id="657" type="partial gc" contextid="649" durationms="3.731" usertimems="4.000" systemtimems="0.000" timestamp="2019-06-16T23:24:38.319" activeThreads="4">
  <mem-info id="658" free="16777216" total="51380224" percent="32">
    <mem type="eden" free="217544" total="1048576" percent="20" />
    <remembered-set count="5856" freebytes="2027520" totalbytes="2050944" percent="98" regionsoverflowed="0" regionsstable="0" regionsrebuilding="0"/>
  </mem-info>
</gc-end>
<cycle-end id="659" type="partial gc" contextid="649" timestamp="2019-06-16T23:24:38.319" />
  <attribute name="elasticGC enabled" value="1" />
  <attribute name= "numThreadsSpecified" value="4" />
  <attribute name="heapSize specified" value="0" />
  <attribute name="Current GC Util" value="31" />
  <attribute name= "Current Time Running" value="12788" />
  <attribute name ="GC Interval" value="0" />
  <attribute name="ProportionalT" value="5.500000" />
  <attribute name="ProportionalI" value="5.500000" />
  <attribute name="ProportionalH" value="5.500000" />
  <attribute name="Current Error" value="11.000000" />
  <attribute name="IntegralT" value="5.500000" />
  <attribute name="IntegralI" value="5.500000" />
  <attribute name="IntegralH" value="5.500000" />
  <attribute name="DerivativeT" value="11.000000" />
  <attribute name="DerivativeI" value="11.000000" />
  <attribute name="DerivativeH" value="11.000000" />
  <attribute name="Loop Time for DT" value="1.000000" />
  <attribute name="Output H" value="8388608"/>
  <attribute name="Output I" value="200"/>
  <attribute name="Output T" value="4"/>
  <attribute name="Target GC Util Change" value ="20.000000" />
  <attribute name="Current GC Util Change" value="31.000000"/>
  <attribute name="GC Util currently" value="31" />
  <attribute name="CPU Util currently" value="6978331218040" />
<exclusive-end id="660" timestamp="2019-06-16T23:24:38.319" durationms="4.407" />

<exclusive-start id="661" timestamp="2019-06-16T23:24:38.446" intervalms="131.332">
  <response-info timems="0.038" idlems="0.038" threads="0" lastid="00000000027B2500" lastname="Thread-4" />
</exclusive-start>
<allocation-taxation id="662" taxation-threshold="16777216" timestamp="2019-06-16T23:24:38.446" intervalms="131.323" />
<cycle-start id="663" type="partial gc" contextid="0" timestamp="2019-06-16T23:24:38.446" intervalms="131.313" />
<gc-start id="664" type="partial gc" contextid="663" timestamp="2019-06-16T23:24:38.447">
  <mem-info id="665" free="0" total="51380224" percent="0">
    <mem type="eden" free="0" total="16777216" percent="0" />
    <remembered-set count="5504" freebytes="2028928" totalbytes="2050944" percent="98" regionsoverflowed="0" regionsstable="0" regionsrebuilding="0"/>
  </mem-info>
</gc-start>
<allocation-stats totalBytes="16741368" >
  <allocated-bytes non-tlh="65552" tlh="16675816" arrayletleaf="0"/>
  <largest-consumer threadName="Thread-6" threadId="00000000027B9D00" bytes="5907520" />
</allocation-stats>
<gc-op id="666" type="mark" timems="1.028" contextid="663" timestamp="2019-06-16T23:24:38.448">
  <trace-info objectcount="2413" scancount="1977" scanbytes="415440" />
  <cardclean-info objects="1241" bytes="59736" />
  <remembered-set-cleared processed="3856" cleared="547" durationms="0.142" />
  <references type="phantom" candidates="1" cleared="0" enqueued="0" />
  <stringconstants candidates="3963" cleared="0"  />
  <warning details="Mark invoked due to insufficient free space for Copy-Forward" />
</gc-op>
<gc-op id="667" type="classunload" timems="0.002" contextid="663" timestamp="2019-06-16T23:24:38.448">
  <classunload-info classloadercandidates="20" classloadersunloaded="0" classesunloaded="0" anonymousclassesunloaded="0" quiescems="0.000" setupms="0.002" scanms="0.000" postms="0.000" />
</gc-op>
<gc-op id="668" type="sweep" timems="0.444" contextid="663" timestamp="2019-06-16T23:24:38.449" />
<gc-op id="669" type="compact" timems="1.073" contextid="663" timestamp="2019-06-16T23:24:38.450">
  <compact-info movecount="2413" movebytes="931792" />
  <remembered-set-cleared processed="7974" cleared="1155" durationms="0.142" />
</gc-op>
<gc-end id="670" type="partial gc" contextid="663" durationms="3.596" usertimems="4.000" systemtimems="0.000" timestamp="2019-06-16T23:24:38.450" activeThreads="4">
  <mem-info id="671" free="16777216" total="51380224" percent="32">
    <mem type="eden" free="116784" total="1048576" percent="11" />
    <remembered-set count="5856" freebytes="2027520" totalbytes="2050944" percent="98" regionsoverflowed="0" regionsstable="0" regionsrebuilding="0"/>
  </mem-info>
</gc-end>
<cycle-end id="672" type="partial gc" contextid="663" timestamp="2019-06-16T23:24:38.450" />
  <attribute name="elasticGC enabled" value="1" />
  <attribute name= "numThreadsSpecified" value="4" />
  <attribute name="heapSize specified" value="0" />
  <attribute name="Current GC Util" value="28" />
  <attribute name= "Current Time Running" value="12919" />
  <attribute name ="GC Interval" value="0" />
  <attribute name="ProportionalT" value="4.000000" />
  <attribute name="ProportionalI" value="4.000000" />
  <attribute name="ProportionalH" value="4.000000" />
  <attribute name="Current Error" value="8.000000" />
  <attribute name="IntegralT" value="4.000000" />
  <attribute name="IntegralI" value="4.000000" />
  <attribute name="IntegralH" value="4.000000" />
  <attribute name="DerivativeT" value="8.000000" />
  <attribute name="DerivativeI" value="8.000000" />
  <attribute name="DerivativeH" value="8.000000" />
  <attribute name="Loop Time for DT" value="1.000000" />
  <attribute name="Output H" value="8388608"/>
  <attribute name="Output I" value="200"/>
  <attribute name="Output T" value="4"/>
  <attribute name="Target GC Util Change" value ="20.000000" />
  <attribute name="Current GC Util Change" value="28.000000"/>
  <attribute name="GC Util currently" value="28" />
  <attribute name="CPU Util currently" value="6952650331102" />
<exclusive-end id="673" timestamp="2019-06-16T23:24:38.451" durationms="4.253" />

<exclusive-start id="674" timestamp="2019-06-16T23:24:38.576" intervalms="129.907">
  <response-info timems="0.040" idlems="0.040" threads="0" lastid="00000000027B6100" lastname="Thread-5" />
</exclusive-start>
<allocation-taxation id="675" taxation-threshold="16777216" timestamp="2019-06-16T23:24:38.576" intervalms="129.942" />
<cycle-start id="676" type="partial gc" contextid="0" timestamp="2019-06-16T23:24:38.576" intervalms="129.955" />
<gc-start id="677" type="partial gc" contextid="676" timestamp="2019-06-16T23:24:38.577">
  <mem-info id="678" free="0" total="51380224" percent="0">
    <mem type="eden" free="0" total="16777216" percent="0" />
    <remembered-set count="5568" freebytes="2028672" totalbytes="2050944" percent="98" regionsoverflowed="0" regionsstable="0" regionsrebuilding="0"/>
  </mem-info>
</gc-start>
<allocation-stats totalBytes="16739952" >
  <allocated-bytes non-tlh="49168" tlh="16690784" arrayletleaf="0"/>
  <largest-consumer threadName="Thread-3" threadId="00000000027AE900" bytes="5858288" />
</allocation-stats>
<gc-op id="679" type="mark" timems="1.068" contextid="676" timestamp="2019-06-16T23:24:38.578">
  <trace-info objectcount="2556" scancount="2087" scanbytes="419564" />
  <cardclean-info objects="1247" bytes="60336" />
  <remembered-set-cleared processed="3981" cleared="637" durationms="0.144" />
  <references type="weak" candidates="1" cleared="0" enqueued="0" />
  <references type="phantom" candidates="1" cleared="0" enqueued="0" />
  <stringconstants candidates="3963" cleared="0"  />
  <warning details="Mark invoked due to insufficient free space for Copy-Forward" />
</gc-op>
<gc-op id="680" type="classunload" timems="0.002" contextid="676" timestamp="2019-06-16T23:24:38.578">
  <classunload-info classloadercandidates="20" classloadersunloaded="0" classesunloaded="0" anonymousclassesunloaded="0" quiescems="0.000" setupms="0.002" scanms="0.000" postms="0.000" />
</gc-op>
<gc-op id="681" type="sweep" timems="0.335" contextid="676" timestamp="2019-06-16T23:24:38.579" />
<gc-op id="682" type="compact" timems="1.017" contextid="676" timestamp="2019-06-16T23:24:38.580">
  <compact-info movecount="2556" movebytes="962976" />
  <remembered-set-cleared processed="8238" cleared="1332" durationms="0.144" />
</gc-op>
<heap-resize id="683" type="expand" space="default" amount="3145728" count="1" timems="0.068" reason="insufficient free space following gc" timestamp="2019-06-16T23:24:38.580" />
<gc-end id="684" type="partial gc" contextid="676" durationms="3.550" usertimems="4.000" systemtimems="0.000" timestamp="2019-06-16T23:24:38.580" activeThreads="4">
  <mem-info id="685" free="18874368" total="54525952" percent="34">
    <mem type="eden" free="85744" total="1048576" percent="8" />
    <remembered-set count="5984" freebytes="2152576" totalbytes="2176512" percent="98" regionsoverflowed="0" regionsstable="0" regionsrebuilding="0"/>
  </mem-info>
</gc-end>
<cycle-end id="686" type="partial gc" contextid="676" timestamp="2019-06-16T23:24:38.580" />
  <attribute name="elasticGC enabled" value="1" />
  <attribute name= "numThreadsSpecified" value="4" />
  <attribute name="heapSize specified" value="0" />
  <attribute name="Current GC Util" value="32" />
  <attribute name= "Current Time Running" value="13049" />
  <attribute name ="GC Interval" value="0" />
  <attribute name="ProportionalT" value="6.000000" />
  <attribute name="ProportionalI" value="6.000000" />
  <attribute name="ProportionalH" value="6.000000" />
  <attribute name="Current Error" value="12.000000" />
  <attribute name="IntegralT" value="6.000000" />
  <attribute name="IntegralI" value="6.000000" />
  <attribute name="IntegralH" value="6.000000" />
  <attribute name="DerivativeT" value="12.000000" />
  <attribute name="DerivativeI" value="12.000000" />
  <attribute name="DerivativeH" value="12.000000" />
  <attribute name="Loop Time for DT" value="1.000000" />
  <attribute name="Output H" value="8388608"/>
  <attribute name="Output I" value="200"/>
  <attribute name="Output T" value="4"/>
  <attribute name="Target GC Util Change" value ="20.000000" />
  <attribute name="Current GC Util Change" value="32.000000"/>
  <attribute name="GC Util currently" value="32" />
  <attribute name="CPU Util currently" value="9070676259547" />
<exclusive-end id="687" timestamp="2019-06-16T23:24:38.580" durationms="4.222" />

<exclusive-start id="688" timestamp="2019-06-16T23:24:38.720" intervalms="143.252">
  <response-info timems="0.268" idlems="0.268" threads="0" lastid="00000000027B6100" lastname="Thread-5" />
</exclusive-start>
<allocation-taxation id="689" taxation-threshold="18874368" timestamp="2019-06-16T23:24:38.720" intervalms="143.236" />
<cycle-start id="690" type="partial gc" contextid="0" timestamp="2019-06-16T23:24:38.720" intervalms="143.249" />
<gc-start id="691" type="partial gc" contextid="690" timestamp="2019-06-16T23:24:38.720">
  <mem-info id="692" free="0" total="54525952" percent="0">
    <mem type="eden" free="0" total="18874368" percent="0" />
    <remembered-set count="5664" freebytes="2153856" totalbytes="2176512" percent="98" regionsoverflowed="0" regionsstable="0" regionsrebuilding="0"/>
  </mem-info>
</gc-start>
<allocation-stats totalBytes="18865528" >
  <allocated-bytes non-tlh="8200" tlh="18857328" arrayletleaf="0"/>
  <largest-consumer threadName="Thread-3" threadId="00000000027AE900" bytes="5599272" />
</allocation-stats>
<gc-op id="693" type="mark" timems="0.966" contextid="690" timestamp="2019-06-16T23:24:38.721">
  <trace-info objectcount="1429" scancount="1171" scanbytes="247372" />
  <cardclean-info objects="1247" bytes="60328" />
  <remembered-set-cleared processed="4093" cleared="712" durationms="0.147" />
  <references type="weak" candidates="1" cleared="0" enqueued="0" />
  <references type="phantom" candidates="1" cleared="0" enqueued="0" />
  <stringconstants candidates="3963" cleared="0"  />
  <warning details="Mark invoked due to insufficient free space for Copy-Forward" />
</gc-op>
<gc-op id="694" type="classunload" timems="0.002" contextid="690" timestamp="2019-06-16T23:24:38.721">
  <classunload-info classloadercandidates="20" classloadersunloaded="0" classesunloaded="0" anonymousclassesunloaded="0" quiescems="0.000" setupms="0.002" scanms="0.000" postms="0.000" />
</gc-op>
<gc-op id="695" type="sweep" timems="0.415" contextid="690" timestamp="2019-06-16T23:24:38.722" />
<gc-op id="696" type="compact" timems="1.067" contextid="690" timestamp="2019-06-16T23:24:38.723">
  <compact-info movecount="1429" movebytes="532280" />
  <remembered-set-cleared processed="8099" cleared="1120" durationms="0.147" />
</gc-op>
<gc-end id="697" type="partial gc" contextid="690" durationms="3.490" usertimems="4.000" systemtimems="0.000" timestamp="2019-06-16T23:24:38.723" activeThreads="1">
  <mem-info id="698" free="18874368" total="54525952" percent="34">
    <mem type="eden" free="516296" total="1048576" percent="49" />
    <remembered-set count="5536" freebytes="2154368" totalbytes="2176512" percent="98" regionsoverflowed="0" regionsstable="0" regionsrebuilding="0"/>
  </mem-info>
</gc-end>
<cycle-end id="699" type="partial gc" contextid="690" timestamp="2019-06-16T23:24:38.724" />
  <attribute name="elasticGC enabled" value="1" />
  <attribute name= "numThreadsSpecified" value="1" />
  <attribute name="heapSize specified" value="0" />
  <attribute name="Current GC Util" value="29" />
  <attribute name= "Current Time Running" value="13192" />
  <attribute name ="GC Interval" value="0" />
  <attribute name="ProportionalT" value="4.500000" />
  <attribute name="ProportionalI" value="4.500000" />
  <attribute name="ProportionalH" value="4.500000" />
  <attribute name="Current Error" value="9.000000" />
  <attribute name="IntegralT" value="0.000000" />
  <attribute name="IntegralI" value="0.000000" />
  <attribute name="IntegralH" value="0.000000" />
  <attribute name="DerivativeT" value="inf" />
  <attribute name="DerivativeI" value="inf" />
  <attribute name="DerivativeH" value="inf" />
  <attribute name="Loop Time for DT" value="0.000000" />
  <attribute name="Output H" value="8388608"/>
  <attribute name="Output I" value="200"/>
  <attribute name="Output T" value="1"/>
  <attribute name="Target GC Util Change" value ="20.000000" />
  <attribute name="Current GC Util Change" value="29.000000"/>
  <attribute name="GC Util currently" value="29" />
  <attribute name="CPU Util currently" value="7767625746971" />
<exclusive-end id="700" timestamp="2019-06-16T23:24:38.724" durationms="4.152" />

<exclusive-start id="701" timestamp="2019-06-16T23:24:38.877" intervalms="157.225">
  <response-info timems="0.030" idlems="0.030" threads="0" lastid="00000000027B6100" lastname="Thread-5" />
</exclusive-start>
<allocation-taxation id="702" taxation-threshold="18874368" timestamp="2019-06-16T23:24:38.877" intervalms="157.215" />
<cycle-start id="703" type="partial gc" contextid="0" timestamp="2019-06-16T23:24:38.877" intervalms="157.200" />
<gc-start id="704" type="partial gc" contextid="703" timestamp="2019-06-16T23:24:38.877">
  <mem-info id="705" free="0" total="54525952" percent="0">
    <mem type="eden" free="0" total="18874368" percent="0" />
    <remembered-set count="5408" freebytes="2154880" totalbytes="2176512" percent="99" regionsoverflowed="0" regionsstable="0" regionsrebuilding="0"/>
  </mem-info>
</gc-start>
<allocation-stats totalBytes="18850952" >
  <allocated-bytes non-tlh="0" tlh="18850952" arrayletleaf="0"/>
  <largest-consumer threadName="Thread-3" threadId="00000000027AE900" bytes="5453040" />
</allocation-stats>
<gc-op id="706" type="mark" timems="0.993" contextid="703" timestamp="2019-06-16T23:24:38.879">
  <trace-info objectcount="2664" scancount="2128" scanbytes="419604" />
  <cardclean-info objects="1237" bytes="60008" />
  <remembered-set-cleared processed="3932" cleared="510" durationms="0.088" />
  <stringconstants candidates="3963" cleared="0"  />
  <warning details="Mark invoked due to insufficient free space for Copy-Forward" />
</gc-op>
<gc-op id="707" type="classunload" timems="0.003" contextid="703" timestamp="2019-06-16T23:24:38.879">
  <classunload-info classloadercandidates="20" classloadersunloaded="0" classesunloaded="0" anonymousclassesunloaded="0" quiescems="0.000" setupms="0.003" scanms="0.000" postms="0.000" />
</gc-op>
<gc-op id="708" type="sweep" timems="0.316" contextid="703" timestamp="2019-06-16T23:24:38.879" />
<gc-op id="709" type="compact" timems="1.044" contextid="703" timestamp="2019-06-16T23:24:38.880">
  <compact-info movecount="2664" movebytes="976440" />
  <remembered-set-cleared processed="8247" cleared="1180" durationms="0.088" />
</gc-op>
<heap-resize id="710" type="expand" space="default" amount="1048576" count="1" timems="0.064" reason="insufficient free space following gc" timestamp="2019-06-16T23:24:38.881" />
<gc-end id="711" type="partial gc" contextid="703" durationms="3.463" usertimems="4.000" systemtimems="4.000" timestamp="2019-06-16T23:24:38.881" activeThreads="4">
  <mem-info id="712" free="18874368" total="55574528" percent="33">
    <mem type="eden" free="72280" total="1048576" percent="6" />
    <remembered-set count="6368" freebytes="2192896" totalbytes="2218368" percent="98" regionsoverflowed="0" regionsstable="0" regionsrebuilding="0"/>
  </mem-info>
</gc-end>
<cycle-end id="713" type="partial gc" contextid="703" timestamp="2019-06-16T23:24:38.881" />
  <attribute name="elasticGC enabled" value="1" />
  <attribute name= "numThreadsSpecified" value="4" />
  <attribute name="heapSize specified" value="0" />
  <attribute name="Current GC Util" value="32" />
  <attribute name= "Current Time Running" value="13349" />
  <attribute name ="GC Interval" value="0" />
  <attribute name="ProportionalT" value="6.000000" />
  <attribute name="ProportionalI" value="6.000000" />
  <attribute name="ProportionalH" value="6.000000" />
  <attribute name="Current Error" value="12.000000" />
  <attribute name="IntegralT" value="0.000000" />
  <attribute name="IntegralI" value="0.000000" />
  <attribute name="IntegralH" value="0.000000" />
  <attribute name="DerivativeT" value="-inf" />
  <attribute name="DerivativeI" value="-inf" />
  <attribute name="DerivativeH" value="-inf" />
  <attribute name="Loop Time for DT" value="0.000000" />
  <attribute name="Output H" value="2091843584"/>
  <attribute name="Output I" value="200"/>
  <attribute name="Output T" value="4"/>
  <attribute name="Target GC Util Change" value ="20.000000" />
  <attribute name="Current GC Util Change" value="32.000000"/>
  <attribute name="GC Util currently" value="32" />
  <attribute name="CPU Util currently" value="9349136608879" />
<exclusive-end id="714" timestamp="2019-06-16T23:24:38.881" durationms="4.134" />

<exclusive-start id="715" timestamp="2019-06-16T23:24:39.017" intervalms="140.273">
  <response-info timems="0.045" idlems="0.025" threads="1" lastid="00000000027B2500" lastname="Thread-4" />
</exclusive-start>
<allocation-taxation id="716" taxation-threshold="18874368" timestamp="2019-06-16T23:24:39.017" intervalms="140.270" />
<cycle-start id="717" type="partial gc" contextid="0" timestamp="2019-06-16T23:24:39.017" intervalms="140.248" />
<gc-start id="718" type="partial gc" contextid="717" timestamp="2019-06-16T23:24:39.017">
  <mem-info id="719" free="0" total="55574528" percent="0">
    <mem type="eden" free="0" total="18874368" percent="0" />
    <remembered-set count="6144" freebytes="2193792" totalbytes="2218368" percent="98" regionsoverflowed="0" regionsstable="0" regionsrebuilding="0"/>
  </mem-info>
</gc-start>
<allocation-stats totalBytes="18822376" >
  <allocated-bytes non-tlh="32776" tlh="18789600" arrayletleaf="0"/>
  <largest-consumer threadName="Thread-6" threadId="00000000027B9D00" bytes="5453984" />
</allocation-stats>
<gc-op id="720" type="mark" timems="1.052" contextid="717" timestamp="2019-06-16T23:24:39.019">
  <trace-info objectcount="2761" scancount="2175" scanbytes="421608" />
  <cardclean-info objects="1243" bytes="59760" />
  <remembered-set-cleared processed="4164" cleared="710" durationms="0.149" />
  <stringconstants candidates="3963" cleared="0"  />
  <warning details="Mark invoked due to insufficient free space for Copy-Forward" />
</gc-op>
<gc-op id="721" type="classunload" timems="0.002" contextid="717" timestamp="2019-06-16T23:24:39.019">
  <classunload-info classloadercandidates="20" classloadersunloaded="0" classesunloaded="0" anonymousclassesunloaded="0" quiescems="0.000" setupms="0.001" scanms="0.000" postms="0.000" />
</gc-op>
<gc-op id="722" type="sweep" timems="0.363" contextid="717" timestamp="2019-06-16T23:24:39.019" />
<gc-op id="723" type="compact" timems="1.003" contextid="717" timestamp="2019-06-16T23:24:39.021">
  <compact-info movecount="2761" movebytes="1045072" />
  <remembered-set-cleared processed="8527" cleared="1407" durationms="0.149" />
</gc-op>
<gc-end id="724" type="partial gc" contextid="717" durationms="3.458" usertimems="4.000" systemtimems="0.000" timestamp="2019-06-16T23:24:39.021" activeThreads="4">
  <mem-info id="725" free="17825792" total="55574528" percent="32">
    <mem type="eden" free="3792" total="1048576" percent="0" />
    <remembered-set count="6528" freebytes="2192256" totalbytes="2218368" percent="98" regionsoverflowed="0" regionsstable="0" regionsrebuilding="0"/>
  </mem-info>
</gc-end>
<cycle-end id="726" type="partial gc" contextid="717" timestamp="2019-06-16T23:24:39.021" />
  <attribute name="elasticGC enabled" value="1" />
  <attribute name= "numThreadsSpecified" value="4" />
  <attribute name="heapSize specified" value="0" />
  <attribute name="Current GC Util" value="29" />
  <attribute name= "Current Time Running" value="13490" />
  <attribute name ="GC Interval" value="0" />
  <attribute name="ProportionalT" value="4.500000" />
  <attribute name="ProportionalI" value="4.500000" />
  <attribute name="ProportionalH" value="4.500000" />
  <attribute name="Current Error" value="9.000000" />
  <attribute name="IntegralT" value="4.500000" />
  <attribute name="IntegralI" value="4.500000" />
  <attribute name="IntegralH" value="4.500000" />
  <attribute name="DerivativeT" value="9.000000" />
  <attribute name="DerivativeI" value="9.000000" />
  <attribute name="DerivativeH" value="9.000000" />
  <attribute name="Loop Time for DT" value="1.000000" />
  <attribute name="Output H" value="8388608"/>
  <attribute name="Output I" value="200"/>
  <attribute name="Output T" value="4"/>
  <attribute name="Target GC Util Change" value ="20.000000" />
  <attribute name="Current GC Util Change" value="29.000000"/>
  <attribute name="GC Util currently" value="29" />
  <attribute name="CPU Util currently" value="8612053983062" />
<exclusive-end id="727" timestamp="2019-06-16T23:24:39.021" durationms="4.062" />

<exclusive-start id="728" timestamp="2019-06-16T23:24:39.149" intervalms="132.359">
  <response-info timems="0.036" idlems="0.036" threads="0" lastid="00000000027AE900" lastname="Thread-3" />
</exclusive-start>
<allocation-taxation id="729" taxation-threshold="17825792" timestamp="2019-06-16T23:24:39.149" intervalms="132.359" />
<cycle-start id="730" type="partial gc" contextid="0" timestamp="2019-06-16T23:24:39.150" intervalms="132.561" />
<gc-start id="731" type="partial gc" contextid="730" timestamp="2019-06-16T23:24:39.150">
  <mem-info id="732" free="0" total="55574528" percent="0">
    <mem type="eden" free="0" total="17825792" percent="0" />
    <remembered-set count="6176" freebytes="2193664" totalbytes="2218368" percent="98" regionsoverflowed="0" regionsstable="0" regionsrebuilding="0"/>
  </mem-info>
</gc-start>
<allocation-stats totalBytes="17788944" >
  <allocated-bytes non-tlh="16392" tlh="17772552" arrayletleaf="0"/>
  <largest-consumer threadName="Thread-6" threadId="00000000027B9D00" bytes="5015096" />
</allocation-stats>
<gc-op id="733" type="mark" timems="0.960" contextid="730" timestamp="2019-06-16T23:24:39.151">
  <trace-info objectcount="1644" scancount="1297" scanbytes="385960" />
  <cardclean-info objects="1249" bytes="60520" />
  <remembered-set-cleared processed="4221" cleared="729" durationms="0.150" />
  <references type="phantom" candidates="1" cleared="0" enqueued="0" />
  <stringconstants candidates="3963" cleared="0"  />
  <warning details="Mark invoked due to insufficient free space for Copy-Forward" />
</gc-op>
<gc-op id="734" type="classunload" timems="0.002" contextid="730" timestamp="2019-06-16T23:24:39.151">
  <classunload-info classloadercandidates="20" classloadersunloaded="0" classesunloaded="0" anonymousclassesunloaded="0" quiescems="0.000" setupms="0.002" scanms="0.000" postms="0.000" />
</gc-op>
<gc-op id="735" type="sweep" timems="0.365" contextid="730" timestamp="2019-06-16T23:24:39.152" />
<gc-op id="736" type="compact" timems="1.141" contextid="730" timestamp="2019-06-16T23:24:39.153">
  <compact-info movecount="1644" movebytes="828472" />
  <remembered-set-cleared processed="8359" cleared="1162" durationms="0.150" />
</gc-op>
<heap-resize id="737" type="expand" space="default" amount="2097152" count="1" timems="0.063" reason="insufficient free space following gc" timestamp="2019-06-16T23:24:39.153" />
<gc-end id="738" type="partial gc" contextid="730" durationms="3.666" usertimems="4.000" systemtimems="0.000" timestamp="2019-06-16T23:24:39.154" activeThreads="1">
  <mem-info id="739" free="19922944" total="57671680" percent="34">
    <mem type="eden" free="220104" total="1048576" percent="20" />
    <remembered-set count="6016" freebytes="2278016" totalbytes="2302080" percent="98" regionsoverflowed="0" regionsstable="0" regionsrebuilding="0"/>
  </mem-info>
</gc-end>
<cycle-end id="740" type="partial gc" contextid="730" timestamp="2019-06-16T23:24:39.154" />
  <attribute name="elasticGC enabled" value="1" />
  <attribute name= "numThreadsSpecified" value="1" />
  <attribute name="heapSize specified" value="0" />
  <attribute name="Current GC Util" value="30" />
  <attribute name= "Current Time Running" value="13622" />
  <attribute name ="GC Interval" value="0" />
  <attribute name="ProportionalT" value="5.000000" />
  <attribute name="ProportionalI" value="5.000000" />
  <attribute name="ProportionalH" value="5.000000" />
  <attribute name="Current Error" value="10.000000" />
  <attribute name="IntegralT" value="0.000000" />
  <attribute name="IntegralI" value="0.000000" />
  <attribute name="IntegralH" value="0.000000" />
  <attribute name="DerivativeT" value="inf" />
  <attribute name="DerivativeI" value="inf" />
  <attribute name="DerivativeH" value="inf" />
  <attribute name="Loop Time for DT" value="0.000000" />
  <attribute name="Output H" value="8388608"/>
  <attribute name="Output I" value="200"/>
  <attribute name="Output T" value="1"/>
  <attribute name="Target GC Util Change" value ="20.000000" />
  <attribute name="Current GC Util Change" value="30.000000"/>
  <attribute name="GC Util currently" value="30" />
  <attribute name="CPU Util currently" value="8656671668644" />
<exclusive-end id="741" timestamp="2019-06-16T23:24:39.154" durationms="4.629" />

<exclusive-start id="742" timestamp="2019-06-16T23:24:39.308" intervalms="158.894">
  <response-info timems="0.036" idlems="0.019" threads="1" lastid="00000000027B6100" lastname="Thread-5" />
</exclusive-start>
<allocation-taxation id="743" taxation-threshold="19922944" timestamp="2019-06-16T23:24:39.308" intervalms="158.899" />
<cycle-start id="744" type="partial gc" contextid="0" timestamp="2019-06-16T23:24:39.308" intervalms="158.715" />
<gc-start id="745" type="partial gc" contextid="744" timestamp="2019-06-16T23:24:39.309">
  <mem-info id="746" free="0" total="57671680" percent="0">
    <mem type="eden" free="220104" total="20971520" percent="1" />
    <remembered-set count="6016" freebytes="2278016" totalbytes="2302080" percent="98" regionsoverflowed="0" regionsstable="0" regionsrebuilding="0"/>
  </mem-info>
</gc-start>
<allocation-stats totalBytes="19879680" >
  <allocated-bytes non-tlh="16392" tlh="19863288" arrayletleaf="0"/>
  <largest-consumer threadName="Thread-3" threadId="00000000027AE900" bytes="6295128" />
</allocation-stats>
<gc-op id="747" type="mark" timems="1.124" contextid="744" timestamp="2019-06-16T23:24:39.310">
  <trace-info objectcount="2248" scancount="1728" scanbytes="336388" />
  <cardclean-info objects="1241" bytes="60024" />
  <remembered-set-cleared processed="4082" cleared="549" durationms="0.150" />
  <references type="weak" candidates="1" cleared="0" enqueued="0" />
  <references type="phantom" candidates="1" cleared="0" enqueued="0" />
  <stringconstants candidates="3963" cleared="0"  />
  <warning details="Mark invoked due to insufficient free space for Copy-Forward" />
</gc-op>
<gc-op id="748" type="classunload" timems="0.002" contextid="744" timestamp="2019-06-16T23:24:39.310">
  <classunload-info classloadercandidates="20" classloadersunloaded="0" classesunloaded="0" anonymousclassesunloaded="0" quiescems="0.000" setupms="0.002" scanms="0.000" postms="0.000" />
</gc-op>
<gc-op id="749" type="sweep" timems="0.284" contextid="744" timestamp="2019-06-16T23:24:39.311" />
<gc-op id="750" type="compact" timems="0.999" contextid="744" timestamp="2019-06-16T23:24:39.312">
  <compact-info movecount="2248" movebytes="924672" />
  <remembered-set-cleared processed="8435" cleared="1159" durationms="0.150" />
</gc-op>
<heap-resize id="751" type="expand" space="default" amount="1048576" count="1" timems="0.052" reason="insufficient free space following gc" timestamp="2019-06-16T23:24:39.312" />
<gc-end id="752" type="partial gc" contextid="744" durationms="3.509" usertimems="0.000" systemtimems="4.000" timestamp="2019-06-16T23:24:39.312" activeThreads="4">
  <mem-info id="753" free="19922944" total="58720256" percent="33">
    <mem type="eden" free="1172480" total="2097152" percent="55" />
    <remembered-set count="6112" freebytes="2319488" totalbytes="2343936" percent="98" regionsoverflowed="0" regionsstable="0" regionsrebuilding="0"/>
  </mem-info>
</gc-end>
<cycle-end id="754" type="partial gc" contextid="744" timestamp="2019-06-16T23:24:39.312" />
  <attribute name="elasticGC enabled" value="1" />
  <attribute name= "numThreadsSpecified" value="4" />
  <attribute name="heapSize specified" value="0" />
  <attribute name="Current GC Util" value="36" />
  <attribute name= "Current Time Running" value="13781" />
  <attribute name ="GC Interval" value="0" />
  <attribute name="ProportionalT" value="8.000000" />
  <attribute name="ProportionalI" value="8.000000" />
  <attribute name="ProportionalH" value="8.000000" />
  <attribute name="Current Error" value="16.000000" />
  <attribute name="IntegralT" value="8.000000" />
  <attribute name="IntegralI" value="8.000000" />
  <attribute name="IntegralH" value="8.000000" />
  <attribute name="DerivativeT" value="16.000000" />
  <attribute name="DerivativeI" value="16.000000" />
  <attribute name="DerivativeH" value="16.000000" />
  <attribute name="Loop Time for DT" value="1.000000" />
  <attribute name="Output H" value="8388608"/>
  <attribute name="Output I" value="200"/>
  <attribute name="Output T" value="4"/>
  <attribute name="Target GC Util Change" value ="20.000000" />
  <attribute name="Current GC Util Change" value="36.000000"/>
  <attribute name="GC Util currently" value="36" />
  <attribute name="CPU Util currently" value="9828639287154" />
<exclusive-end id="755" timestamp="2019-06-16T23:24:39.312" durationms="4.098" />

<exclusive-start id="756" timestamp="2019-06-16T23:24:39.459" intervalms="150.915">
  <response-info timems="0.058" idlems="0.058" threads="0" lastid="00000000027B2500" lastname="Thread-4" />
</exclusive-start>
<allocation-taxation id="757" taxation-threshold="19922944" timestamp="2019-06-16T23:24:39.459" intervalms="150.900" />
<cycle-start id="758" type="partial gc" contextid="0" timestamp="2019-06-16T23:24:39.459" intervalms="150.894" />
<gc-start id="759" type="partial gc" contextid="758" timestamp="2019-06-16T23:24:39.460">
  <mem-info id="760" free="0" total="58720256" percent="0">
    <mem type="eden" free="0" total="19922944" percent="0" />
    <remembered-set count="5824" freebytes="2320640" totalbytes="2343936" percent="99" regionsoverflowed="0" regionsstable="0" regionsrebuilding="0"/>
  </mem-info>
</gc-start>
<allocation-stats totalBytes="19888432" >
  <allocated-bytes non-tlh="8200" tlh="19880232" arrayletleaf="0"/>
  <largest-consumer threadName="Thread-3" threadId="00000000027AE900" bytes="7398312" />
</allocation-stats>
<gc-op id="761" type="mark" timems="1.050" contextid="758" timestamp="2019-06-16T23:24:39.461">
  <trace-info objectcount="2356" scancount="1959" scanbytes="415968" />
  <cardclean-info objects="1249" bytes="60520" />
  <remembered-set-cleared processed="4240" cleared="672" durationms="0.152" />
  <stringconstants candidates="3963" cleared="0"  />
  <warning details="Mark invoked due to insufficient free space for Copy-Forward" />
</gc-op>
<gc-op id="762" type="classunload" timems="0.002" contextid="758" timestamp="2019-06-16T23:24:39.461">
  <classunload-info classloadercandidates="20" classloadersunloaded="0" classesunloaded="0" anonymousclassesunloaded="0" quiescems="0.000" setupms="0.002" scanms="0.000" postms="0.000" />
</gc-op>
<gc-op id="763" type="sweep" timems="0.454" contextid="758" timestamp="2019-06-16T23:24:39.462" />
<gc-op id="764" type="compact" timems="1.137" contextid="758" timestamp="2019-06-16T23:24:39.463">
  <compact-info movecount="2356" movebytes="909488" />
  <remembered-set-cleared processed="8641" cleared="1293" durationms="0.152" />
</gc-op>
<gc-end id="765" type="partial gc" contextid="758" durationms="3.679" usertimems="4.000" systemtimems="4.000" timestamp="2019-06-16T23:24:39.463" activeThreads="4">
  <mem-info id="766" free="19922944" total="58720256" percent="33">
    <mem type="eden" free="139088" total="1048576" percent="13" />
    <remembered-set count="6144" freebytes="2319360" totalbytes="2343936" percent="98" regionsoverflowed="0" regionsstable="0" regionsrebuilding="0"/>
  </mem-info>
</gc-end>
<cycle-end id="767" type="partial gc" contextid="758" timestamp="2019-06-16T23:24:39.463" />
  <attribute name="elasticGC enabled" value="1" />
  <attribute name= "numThreadsSpecified" value="4" />
  <attribute name="heapSize specified" value="0" />
  <attribute name="Current GC Util" value="28" />
  <attribute name= "Current Time Running" value="13932" />
  <attribute name ="GC Interval" value="0" />
  <attribute name="ProportionalT" value="4.000000" />
  <attribute name="ProportionalI" value="4.000000" />
  <attribute name="ProportionalH" value="4.000000" />
  <attribute name="Current Error" value="8.000000" />
  <attribute name="IntegralT" value="4.000000" />
  <attribute name="IntegralI" value="4.000000" />
  <attribute name="IntegralH" value="4.000000" />
  <attribute name="DerivativeT" value="8.000000" />
  <attribute name="DerivativeI" value="8.000000" />
  <attribute name="DerivativeH" value="8.000000" />
  <attribute name="Loop Time for DT" value="1.000000" />
  <attribute name="Output H" value="8388608"/>
  <attribute name="Output I" value="200"/>
  <attribute name="Output T" value="4"/>
  <attribute name="Target GC Util Change" value ="20.000000" />
  <attribute name="Current GC Util Change" value="28.000000"/>
  <attribute name="GC Util currently" value="28" />
  <attribute name="CPU Util currently" value="6972043424285" />
<exclusive-end id="768" timestamp="2019-06-16T23:24:39.463" durationms="4.295" />

<exclusive-start id="769" timestamp="2019-06-16T23:24:39.588" intervalms="129.010">
  <response-info timems="0.049" idlems="0.049" threads="0" lastid="00000000027B9D00" lastname="Thread-6" />
</exclusive-start>
<allocation-taxation id="770" taxation-threshold="19922944" timestamp="2019-06-16T23:24:39.588" intervalms="129.018" />
<cycle-start id="771" type="partial gc" contextid="0" timestamp="2019-06-16T23:24:39.588" intervalms="129.037" />
<gc-start id="772" type="partial gc" contextid="771" timestamp="2019-06-16T23:24:39.589">
  <mem-info id="773" free="0" total="58720256" percent="0">
    <mem type="eden" free="0" total="19922944" percent="0" />
    <remembered-set count="5792" freebytes="2320768" totalbytes="2343936" percent="99" regionsoverflowed="0" regionsstable="0" regionsrebuilding="0"/>
  </mem-info>
</gc-start>
<allocation-stats totalBytes="19890328" >
  <allocated-bytes non-tlh="32784" tlh="19857544" arrayletleaf="0"/>
  <largest-consumer threadName="Thread-6" threadId="00000000027B9D00" bytes="5777496" />
</allocation-stats>
<gc-op id="774" type="mark" timems="1.029" contextid="771" timestamp="2019-06-16T23:24:39.590">
  <trace-info objectcount="2339" scancount="1918" scanbytes="414068" />
  <cardclean-info objects="1260" bytes="60760" />
  <remembered-set-cleared processed="4249" cleared="651" durationms="0.162" />
  <references type="phantom" candidates="1" cleared="0" enqueued="0" />
  <stringconstants candidates="3963" cleared="0"  />
  <warning details="Mark invoked due to insufficient free space for Copy-Forward" />
</gc-op>
<gc-op id="775" type="classunload" timems="0.002" contextid="771" timestamp="2019-06-16T23:24:39.590">
  <classunload-info classloadercandidates="20" classloadersunloaded="0" classesunloaded="0" anonymousclassesunloaded="0" quiescems="0.000" setupms="0.002" scanms="0.000" postms="0.000" />
</gc-op>
<gc-op id="776" type="sweep" timems="0.361" contextid="771" timestamp="2019-06-16T23:24:39.591" />
<gc-op id="777" type="compact" timems="1.062" contextid="771" timestamp="2019-06-16T23:24:39.592">
  <compact-info movecount="2339" movebytes="995304" />
  <remembered-set-cleared processed="8688" cleared="1268" durationms="0.162" />
</gc-op>
<gc-end id="778" type="partial gc" contextid="771" durationms="3.548" usertimems="4.000" systemtimems="0.000" timestamp="2019-06-16T23:24:39.592" activeThreads="4">
  <mem-info id="779" free="18874368" total="58720256" percent="32">
    <mem type="eden" free="53416" total="1048576" percent="5" />
    <remembered-set count="6208" freebytes="2319104" totalbytes="2343936" percent="98" regionsoverflowed="0" regionsstable="0" regionsrebuilding="0"/>
  </mem-info>
</gc-end>
<cycle-end id="780" type="partial gc" contextid="771" timestamp="2019-06-16T23:24:39.592" />
  <attribute name="elasticGC enabled" value="1" />
  <attribute name= "numThreadsSpecified" value="4" />
  <attribute name="heapSize specified" value="0" />
  <attribute name="Current GC Util" value="28" />
  <attribute name= "Current Time Running" value="14061" />
  <attribute name ="GC Interval" value="0" />
  <attribute name="ProportionalT" value="4.000000" />
  <attribute name="ProportionalI" value="4.000000" />
  <attribute name="ProportionalH" value="4.000000" />
  <attribute name="Current Error" value="8.000000" />
  <attribute name="IntegralT" value="4.000000" />
  <attribute name="IntegralI" value="4.000000" />
  <attribute name="IntegralH" value="4.000000" />
  <attribute name="DerivativeT" value="8.000000" />
  <attribute name="DerivativeI" value="8.000000" />
  <attribute name="DerivativeH" value="8.000000" />
  <attribute name="Loop Time for DT" value="1.000000" />
  <attribute name="Output H" value="8388608"/>
  <attribute name="Output I" value="200"/>
  <attribute name="Output T" value="4"/>
  <attribute name="Target GC Util Change" value ="20.000000" />
  <attribute name="Current GC Util Change" value="28.000000"/>
  <attribute name="GC Util currently" value="28" />
  <attribute name="CPU Util currently" value="7915617091222" />
<exclusive-end id="781" timestamp="2019-06-16T23:24:39.592" durationms="4.254" />

<exclusive-start id="782" timestamp="2019-06-16T23:24:39.722" intervalms="134.242">
  <response-info timems="0.056" idlems="0.056" threads="0" lastid="00000000027B2500" lastname="Thread-4" />
</exclusive-start>
<allocation-taxation id="783" taxation-threshold="18874368" timestamp="2019-06-16T23:24:39.723" intervalms="134.241" />
<cycle-start id="784" type="partial gc" contextid="0" timestamp="2019-06-16T23:24:39.723" intervalms="134.227" />
<gc-start id="785" type="partial gc" contextid="784" timestamp="2019-06-16T23:24:39.723">
  <mem-info id="786" free="0" total="58720256" percent="0">
    <mem type="eden" free="0" total="18874368" percent="0" />
    <remembered-set count="5888" freebytes="2320384" totalbytes="2343936" percent="98" regionsoverflowed="0" regionsstable="0" regionsrebuilding="0"/>
  </mem-info>
</gc-start>
<allocation-stats totalBytes="18859680" >
  <allocated-bytes non-tlh="0" tlh="18859680" arrayletleaf="0"/>
  <largest-consumer threadName="Thread-6" threadId="00000000027B9D00" bytes="5264904" />
</allocation-stats>
<gc-op id="787" type="mark" timems="0.991" contextid="784" timestamp="2019-06-16T23:24:39.724">
  <trace-info objectcount="2083" scancount="1667" scanbytes="403196" />
  <cardclean-info objects="1237" bytes="59584" />
  <remembered-set-cleared processed="4292" cleared="651" durationms="0.155" />
  <references type="phantom" candidates="1" cleared="0" enqueued="0" />
  <stringconstants candidates="3963" cleared="0"  />
  <warning details="Mark invoked due to insufficient free space for Copy-Forward" />
</gc-op>
<gc-op id="788" type="classunload" timems="0.002" contextid="784" timestamp="2019-06-16T23:24:39.724">
  <classunload-info classloadercandidates="20" classloadersunloaded="0" classesunloaded="0" anonymousclassesunloaded="0" quiescems="0.000" setupms="0.002" scanms="0.000" postms="0.000" />
</gc-op>
<gc-op id="789" type="sweep" timems="0.322" contextid="784" timestamp="2019-06-16T23:24:39.725" />
<gc-op id="790" type="compact" timems="0.957" contextid="784" timestamp="2019-06-16T23:24:39.726">
  <compact-info movecount="2083" movebytes="944128" />
  <remembered-set-cleared processed="8700" cleared="1209" durationms="0.155" />
</gc-op>
<heap-resize id="791" type="expand" space="default" amount="2097152" count="1" timems="0.063" reason="insufficient free space following gc" timestamp="2019-06-16T23:24:39.726" />
<gc-end id="792" type="partial gc" contextid="784" durationms="3.333" usertimems="0.000" systemtimems="4.000" timestamp="2019-06-16T23:24:39.726" activeThreads="4">
  <mem-info id="793" free="20971520" total="60817408" percent="34">
    <mem type="eden" free="104448" total="1048576" percent="9" />
    <remembered-set count="6720" freebytes="2400768" totalbytes="2427648" percent="98" regionsoverflowed="0" regionsstable="0" regionsrebuilding="0"/>
  </mem-info>
</gc-end>
<cycle-end id="794" type="partial gc" contextid="784" timestamp="2019-06-16T23:24:39.726" />
  <attribute name="elasticGC enabled" value="1" />
  <attribute name= "numThreadsSpecified" value="4" />
  <attribute name="heapSize specified" value="0" />
  <attribute name="Current GC Util" value="34" />
  <attribute name= "Current Time Running" value="14195" />
  <attribute name ="GC Interval" value="0" />
  <attribute name="ProportionalT" value="7.000000" />
  <attribute name="ProportionalI" value="7.000000" />
  <attribute name="ProportionalH" value="7.000000" />
  <attribute name="Current Error" value="14.000000" />
  <attribute name="IntegralT" value="7.000000" />
  <attribute name="IntegralI" value="7.000000" />
  <attribute name="IntegralH" value="7.000000" />
  <attribute name="DerivativeT" value="14.000000" />
  <attribute name="DerivativeI" value="14.000000" />
  <attribute name="DerivativeH" value="14.000000" />
  <attribute name="Loop Time for DT" value="1.000000" />
  <attribute name="Output H" value="8388608"/>
  <attribute name="Output I" value="200"/>
  <attribute name="Output T" value="4"/>
  <attribute name="Target GC Util Change" value ="20.000000" />
  <attribute name="Current GC Util Change" value="34.000000"/>
  <attribute name="GC Util currently" value="34" />
  <attribute name="CPU Util currently" value="9281791618308" />
<exclusive-end id="795" timestamp="2019-06-16T23:24:39.726" durationms="3.887" />

<exclusive-start id="796" timestamp="2019-06-16T23:24:39.885" intervalms="162.530">
  <response-info timems="0.032" idlems="0.032" threads="0" lastid="00000000027B9D00" lastname="Thread-6" />
</exclusive-start>
<allocation-taxation id="797" taxation-threshold="20971520" timestamp="2019-06-16T23:24:39.885" intervalms="162.577" />
<cycle-start id="798" type="partial gc" contextid="0" timestamp="2019-06-16T23:24:39.885" intervalms="162.565" />
<gc-start id="799" type="partial gc" contextid="798" timestamp="2019-06-16T23:24:39.885">
  <mem-info id="800" free="0" total="60817408" percent="0">
    <mem type="eden" free="0" total="20971520" percent="0" />
    <remembered-set count="6368" freebytes="2402176" totalbytes="2427648" percent="98" regionsoverflowed="0" regionsstable="0" regionsrebuilding="0"/>
  </mem-info>
</gc-start>
<allocation-stats totalBytes="20965376" >
  <allocated-bytes non-tlh="0" tlh="20965376" arrayletleaf="0"/>
  <largest-consumer threadName="Thread-6" threadId="00000000027B9D00" bytes="6383200" />
</allocation-stats>
<gc-op id="801" type="mark" timems="1.039" contextid="798" timestamp="2019-06-16T23:24:39.887">
  <trace-info objectcount="2710" scancount="2153" scanbytes="421096" />
  <cardclean-info objects="1238" bytes="59576" />
  <remembered-set-cleared processed="4297" cleared="619" durationms="0.156" />
  <stringconstants candidates="3963" cleared="0"  />
  <warning details="Mark invoked due to insufficient free space for Copy-Forward" />
</gc-op>
<gc-op id="802" type="classunload" timems="0.002" contextid="798" timestamp="2019-06-16T23:24:39.887">
  <classunload-info classloadercandidates="20" classloadersunloaded="0" classesunloaded="0" anonymousclassesunloaded="0" quiescems="0.000" setupms="0.002" scanms="0.000" postms="0.000" />
</gc-op>
<gc-op id="803" type="sweep" timems="0.434" contextid="798" timestamp="2019-06-16T23:24:39.888" />
<gc-op id="804" type="compact" timems="1.029" contextid="798" timestamp="2019-06-16T23:24:39.889">
  <compact-info movecount="2710" movebytes="1042584" />
  <remembered-set-cleared processed="8907" cleared="1351" durationms="0.156" />
</gc-op>
<gc-end id="805" type="partial gc" contextid="798" durationms="3.692" usertimems="4.000" systemtimems="0.000" timestamp="2019-06-16T23:24:39.889" activeThreads="4">
  <mem-info id="806" free="19922944" total="60817408" percent="32">
    <mem type="eden" free="6136" total="1048576" percent="0" />
    <remembered-set count="6688" freebytes="2400896" totalbytes="2427648" percent="98" regionsoverflowed="0" regionsstable="0" regionsrebuilding="0"/>
  </mem-info>
</gc-end>
<cycle-end id="807" type="partial gc" contextid="798" timestamp="2019-06-16T23:24:39.889" />
  <attribute name="elasticGC enabled" value="1" />
  <attribute name= "numThreadsSpecified" value="4" />
  <attribute name="heapSize specified" value="0" />
  <attribute name="Current GC Util" value="33" />
  <attribute name= "Current Time Running" value="14358" />
  <attribute name ="GC Interval" value="0" />
  <attribute name="ProportionalT" value="6.500000" />
  <attribute name="ProportionalI" value="6.500000" />
  <attribute name="ProportionalH" value="6.500000" />
  <attribute name="Current Error" value="13.000000" />
  <attribute name="IntegralT" value="6.500000" />
  <attribute name="IntegralI" value="6.500000" />
  <attribute name="IntegralH" value="6.500000" />
  <attribute name="DerivativeT" value="13.000000" />
  <attribute name="DerivativeI" value="13.000000" />
  <attribute name="DerivativeH" value="13.000000" />
  <attribute name="Loop Time for DT" value="1.000000" />
  <attribute name="Output H" value="8388608"/>
  <attribute name="Output I" value="200"/>
  <attribute name="Output T" value="4"/>
  <attribute name="Target GC Util Change" value ="20.000000" />
  <attribute name="Current GC Util Change" value="33.000000"/>
  <attribute name="GC Util currently" value="33" />
  <attribute name="CPU Util currently" value="7708665502400" />
<exclusive-end id="808" timestamp="2019-06-16T23:24:39.890" durationms="4.550" />

<exclusive-start id="809" timestamp="2019-06-16T23:24:40.038" intervalms="152.956">
  <response-info timems="0.077" idlems="0.077" threads="0" lastid="00000000027B2500" lastname="Thread-4" />
</exclusive-start>
<allocation-taxation id="810" taxation-threshold="19922944" timestamp="2019-06-16T23:24:40.038" intervalms="153.066" />
<cycle-start id="811" type="partial gc" contextid="0" timestamp="2019-06-16T23:24:40.038" intervalms="153.091" />
<gc-start id="812" type="partial gc" contextid="811" timestamp="2019-06-16T23:24:40.038">
  <mem-info id="813" free="0" total="60817408" percent="0">
    <mem type="eden" free="0" total="19922944" percent="0" />
    <remembered-set count="6336" freebytes="2402304" totalbytes="2427648" percent="98" regionsoverflowed="0" regionsstable="0" regionsrebuilding="0"/>
  </mem-info>
</gc-start>
<allocation-stats totalBytes="19881280" >
  <allocated-bytes non-tlh="32776" tlh="19848504" arrayletleaf="0"/>
  <largest-consumer threadName="Thread-5" threadId="00000000027B6100" bytes="7714952" />
</allocation-stats>
<gc-op id="814" type="mark" timems="0.947" contextid="811" timestamp="2019-06-16T23:24:40.040">
  <trace-info objectcount="1591" scancount="1258" scanbytes="317412" />
  <cardclean-info objects="1235" bytes="59584" />
  <remembered-set-cleared processed="4450" cleared="737" durationms="0.158" />
  <references type="weak" candidates="1" cleared="0" enqueued="0" />
  <references type="phantom" candidates="1" cleared="0" enqueued="0" />
  <stringconstants candidates="3963" cleared="0"  />
  <warning details="Mark invoked due to insufficient free space for Copy-Forward" />
</gc-op>
<gc-op id="815" type="classunload" timems="0.002" contextid="811" timestamp="2019-06-16T23:24:40.040">
  <classunload-info classloadercandidates="20" classloadersunloaded="0" classesunloaded="0" anonymousclassesunloaded="0" quiescems="0.000" setupms="0.002" scanms="0.000" postms="0.000" />
</gc-op>
<gc-op id="816" type="sweep" timems="0.371" contextid="811" timestamp="2019-06-16T23:24:40.040" />
<gc-op id="817" type="compact" timems="0.960" contextid="811" timestamp="2019-06-16T23:24:40.042">
  <compact-info movecount="1591" movebytes="694728" />
  <remembered-set-cleared processed="8813" cleared="1173" durationms="0.158" />
</gc-op>
<heap-resize id="818" type="expand" space="default" amount="3145728" count="1" timems="0.070" reason="insufficient free space following gc" timestamp="2019-06-16T23:24:40.042" />
<gc-end id="819" type="partial gc" contextid="811" durationms="3.502" usertimems="4.000" systemtimems="0.000" timestamp="2019-06-16T23:24:40.042" activeThreads="4">
  <mem-info id="820" free="22020096" total="63963136" percent="34">
    <mem type="eden" free="354248" total="1048576" percent="33" />
    <remembered-set count="6752" freebytes="2526208" totalbytes="2553216" percent="98" regionsoverflowed="0" regionsstable="0" regionsrebuilding="0"/>
  </mem-info>
</gc-end>
<cycle-end id="821" type="partial gc" contextid="811" timestamp="2019-06-16T23:24:40.042" />
  <attribute name="elasticGC enabled" value="1" />
  <attribute name= "numThreadsSpecified" value="4" />
  <attribute name="heapSize specified" value="0" />
  <attribute name="Current GC Util" value="28" />
  <attribute name= "Current Time Running" value="14511" />
  <attribute name ="GC Interval" value="0" />
  <attribute name="ProportionalT" value="4.000000" />
  <attribute name="ProportionalI" value="4.000000" />
  <attribute name="ProportionalH" value="4.000000" />
  <attribute name="Current Error" value="8.000000" />
  <attribute name="IntegralT" value="4.000000" />
  <attribute name="IntegralI" value="4.000000" />
  <attribute name="IntegralH" value="4.000000" />
  <attribute name="DerivativeT" value="8.000000" />
  <attribute name="DerivativeI" value="8.000000" />
  <attribute name="DerivativeH" value="8.000000" />
  <attribute name="Loop Time for DT" value="1.000000" />
  <attribute name="Output H" value="8388608"/>
  <attribute name="Output I" value="200"/>
  <attribute name="Output T" value="4"/>
  <attribute name="Target GC Util Change" value ="20.000000" />
  <attribute name="Current GC Util Change" value="28.000000"/>
  <attribute name="GC Util currently" value="28" />
  <attribute name="CPU Util currently" value="7798467274801" />
<exclusive-end id="822" timestamp="2019-06-16T23:24:40.042" durationms="4.336" />

<exclusive-start id="823" timestamp="2019-06-16T23:24:40.190" intervalms="151.753">
  <response-info timems="0.080" idlems="0.080" threads="0" lastid="00000000027B2500" lastname="Thread-4" />
</exclusive-start>
<allocation-taxation id="824" taxation-threshold="22020096" timestamp="2019-06-16T23:24:40.190" intervalms="151.592" />
<cycle-start id="825" type="partial gc" contextid="0" timestamp="2019-06-16T23:24:40.190" intervalms="151.575" />
<gc-start id="826" type="partial gc" contextid="825" timestamp="2019-06-16T23:24:40.190">
  <mem-info id="827" free="0" total="63963136" percent="0">
    <mem type="eden" free="0" total="22020096" percent="0" />
    <remembered-set count="6432" freebytes="2527488" totalbytes="2553216" percent="98" regionsoverflowed="0" regionsstable="0" regionsrebuilding="0"/>
  </mem-info>
</gc-start>
<allocation-stats totalBytes="21941112" >
  <allocated-bytes non-tlh="16392" tlh="21924720" arrayletleaf="0"/>
  <largest-consumer threadName="Thread-6" threadId="00000000027B9D00" bytes="7596832" />
</allocation-stats>
<gc-op id="828" type="mark" timems="1.001" contextid="825" timestamp="2019-06-16T23:24:40.191">
  <trace-info objectcount="1885" scancount="1537" scanbytes="313952" />
  <cardclean-info objects="1238" bytes="59440" />
  <remembered-set-cleared processed="4309" cleared="557" durationms="0.094" />
  <stringconstants candidates="3963" cleared="0"  />
  <warning details="Mark invoked due to insufficient free space for Copy-Forward" />
</gc-op>
<gc-op id="829" type="classunload" timems="0.002" contextid="825" timestamp="2019-06-16T23:24:40.192">
  <classunload-info classloadercandidates="20" classloadersunloaded="0" classesunloaded="0" anonymousclassesunloaded="0" quiescems="0.000" setupms="0.002" scanms="0.000" postms="0.000" />
</gc-op>
<gc-op id="830" type="sweep" timems="0.313" contextid="825" timestamp="2019-06-16T23:24:40.192" />
<gc-op id="831" type="compact" timems="1.004" contextid="825" timestamp="2019-06-16T23:24:40.193">
  <compact-info movecount="1885" movebytes="717104" />
  <remembered-set-cleared processed="8785" cleared="1060" durationms="0.094" />
</gc-op>
<heap-resize id="832" type="expand" space="default" amount="1048576" count="1" timems="0.096" reason="insufficient free space following gc" timestamp="2019-06-16T23:24:40.193" />
<gc-end id="833" type="partial gc" contextid="825" durationms="3.498" usertimems="4.000" systemtimems="4.000" timestamp="2019-06-16T23:24:40.194" activeThreads="4">
  <mem-info id="834" free="22020096" total="65011712" percent="33">
    <mem type="eden" free="331688" total="1048576" percent="31" />
    <remembered-set count="6720" freebytes="2568192" totalbytes="2595072" percent="98" regionsoverflowed="0" regionsstable="0" regionsrebuilding="0"/>
  </mem-info>
</gc-end>
<cycle-end id="835" type="partial gc" contextid="825" timestamp="2019-06-16T23:24:40.194" />
  <attribute name="elasticGC enabled" value="1" />
  <attribute name= "numThreadsSpecified" value="4" />
  <attribute name="heapSize specified" value="0" />
  <attribute name="Current GC Util" value="31" />
  <attribute name= "Current Time Running" value="14662" />
  <attribute name ="GC Interval" value="0" />
  <attribute name="ProportionalT" value="5.500000" />
  <attribute name="ProportionalI" value="5.500000" />
  <attribute name="ProportionalH" value="5.500000" />
  <attribute name="Current Error" value="11.000000" />
  <attribute name="IntegralT" value="0.000000" />
  <attribute name="IntegralI" value="0.000000" />
  <attribute name="IntegralH" value="0.000000" />
  <attribute name="DerivativeT" value="-inf" />
  <attribute name="DerivativeI" value="-inf" />
  <attribute name="DerivativeH" value="-inf" />
  <attribute name="Loop Time for DT" value="0.000000" />
  <attribute name="Output H" value="2091843584"/>
  <attribute name="Output I" value="200"/>
  <attribute name="Output T" value="4"/>
  <attribute name="Target GC Util Change" value ="20.000000" />
  <attribute name="Current GC Util Change" value="31.000000"/>
  <attribute name="GC Util currently" value="31" />
  <attribute name="CPU Util currently" value="9493070143877" />
<exclusive-end id="836" timestamp="2019-06-16T23:24:40.194" durationms="4.149" />

<exclusive-start id="837" timestamp="2019-06-16T23:24:40.358" intervalms="168.440">
  <response-info timems="0.047" idlems="0.047" threads="0" lastid="00000000027B2500" lastname="Thread-4" />
</exclusive-start>
<allocation-taxation id="838" taxation-threshold="22020096" timestamp="2019-06-16T23:24:40.358" intervalms="168.439" />
<cycle-start id="839" type="partial gc" contextid="0" timestamp="2019-06-16T23:24:40.358" intervalms="168.444" />
<gc-start id="840" type="partial gc" contextid="839" timestamp="2019-06-16T23:24:40.358">
  <mem-info id="841" free="0" total="65011712" percent="0">
    <mem type="eden" free="0" total="22020096" percent="0" />
    <remembered-set count="6368" freebytes="2569600" totalbytes="2595072" percent="99" regionsoverflowed="0" regionsstable="0" regionsrebuilding="0"/>
  </mem-info>
</gc-start>
<allocation-stats totalBytes="21956368" >
  <allocated-bytes non-tlh="0" tlh="21956368" arrayletleaf="0"/>
  <largest-consumer threadName="Thread-5" threadId="00000000027B6100" bytes="6808696" />
</allocation-stats>
<gc-op id="842" type="mark" timems="1.034" contextid="839" timestamp="2019-06-16T23:24:40.360">
  <trace-info objectcount="2072" scancount="1750" scanbytes="404800" />
  <cardclean-info objects="1256" bytes="60664" />
  <remembered-set-cleared processed="4379" cleared="596" durationms="0.198" />
  <references type="phantom" candidates="2" cleared="0" enqueued="0" />
  <stringconstants candidates="3963" cleared="0"  />
  <warning details="Mark invoked due to insufficient free space for Copy-Forward" />
</gc-op>
<gc-op id="843" type="classunload" timems="0.002" contextid="839" timestamp="2019-06-16T23:24:40.360">
  <classunload-info classloadercandidates="20" classloadersunloaded="0" classesunloaded="0" anonymousclassesunloaded="0" quiescems="0.000" setupms="0.001" scanms="0.000" postms="0.000" />
</gc-op>
<gc-op id="844" type="sweep" timems="0.451" contextid="839" timestamp="2019-06-16T23:24:40.361" />
<gc-op id="845" type="compact" timems="1.484" contextid="839" timestamp="2019-06-16T23:24:40.362">
  <compact-info movecount="2064" movebytes="858880" />
  <remembered-set-cleared processed="8923" cleared="1136" durationms="0.198" />
</gc-op>
<gc-end id="846" type="partial gc" contextid="839" durationms="4.131" usertimems="8.000" systemtimems="0.000" timestamp="2019-06-16T23:24:40.363" activeThreads="4">
  <mem-info id="847" free="20971520" total="65011712" percent="32">
    <mem type="eden" free="189696" total="1048576" percent="18" />
    <remembered-set count="6816" freebytes="2567808" totalbytes="2595072" percent="98" regionsoverflowed="0" regionsstable="0" regionsrebuilding="0"/>
  </mem-info>
</gc-end>
<cycle-end id="848" type="partial gc" contextid="839" timestamp="2019-06-16T23:24:40.363" />
  <attribute name="elasticGC enabled" value="1" />
  <attribute name= "numThreadsSpecified" value="4" />
  <attribute name="heapSize specified" value="0" />
  <attribute name="Current GC Util" value="29" />
  <attribute name= "Current Time Running" value="14831" />
  <attribute name ="GC Interval" value="0" />
  <attribute name="ProportionalT" value="4.500000" />
  <attribute name="ProportionalI" value="4.500000" />
  <attribute name="ProportionalH" value="4.500000" />
  <attribute name="Current Error" value="9.000000" />
  <attribute name="IntegralT" value="4.500000" />
  <attribute name="IntegralI" value="4.500000" />
  <attribute name="IntegralH" value="4.500000" />
  <attribute name="DerivativeT" value="9.000000" />
  <attribute name="DerivativeI" value="9.000000" />
  <attribute name="DerivativeH" value="9.000000" />
  <attribute name="Loop Time for DT" value="1.000000" />
  <attribute name="Output H" value="8388608"/>
  <attribute name="Output I" value="200"/>
  <attribute name="Output T" value="4"/>
  <attribute name="Target GC Util Change" value ="20.000000" />
  <attribute name="Current GC Util Change" value="29.000000"/>
  <attribute name="GC Util currently" value="29" />
  <attribute name="CPU Util currently" value="6553510971959" />
<exclusive-end id="849" timestamp="2019-06-16T23:24:40.363" durationms="4.898" />

<exclusive-start id="850" timestamp="2019-06-16T23:24:40.537" intervalms="178.771">
  <response-info timems="0.047" idlems="0.047" threads="0" lastid="00000000027AE900" lastname="Thread-3" />
</exclusive-start>
<allocation-taxation id="851" taxation-threshold="20971520" timestamp="2019-06-16T23:24:40.537" intervalms="178.793" />
<cycle-start id="852" type="partial gc" contextid="0" timestamp="2019-06-16T23:24:40.537" intervalms="178.801" />
<gc-start id="853" type="partial gc" contextid="852" timestamp="2019-06-16T23:24:40.537">
  <mem-info id="854" free="0" total="65011712" percent="0">
    <mem type="eden" free="0" total="20971520" percent="0" />
    <remembered-set count="6432" freebytes="2569344" totalbytes="2595072" percent="99" regionsoverflowed="0" regionsstable="0" regionsrebuilding="0"/>
  </mem-info>
</gc-start>
<allocation-stats totalBytes="20928608" >
  <allocated-bytes non-tlh="0" tlh="20928608" arrayletleaf="0"/>
  <largest-consumer threadName="Thread-6" threadId="00000000027B9D00" bytes="5681840" />
</allocation-stats>
<gc-op id="855" type="mark" timems="1.068" contextid="852" timestamp="2019-06-16T23:24:40.539">
  <trace-info objectcount="1922" scancount="1571" scanbytes="397828" />
  <cardclean-info objects="1240" bytes="59944" />
  <remembered-set-cleared processed="4414" cleared="592" durationms="0.179" />
  <references type="phantom" candidates="2" cleared="0" enqueued="0" />
  <stringconstants candidates="3963" cleared="0"  />
  <warning details="Mark invoked due to insufficient free space for Copy-Forward" />
</gc-op>
<gc-op id="856" type="classunload" timems="0.002" contextid="852" timestamp="2019-06-16T23:24:40.539">
  <classunload-info classloadercandidates="20" classloadersunloaded="0" classesunloaded="0" anonymousclassesunloaded="0" quiescems="0.000" setupms="0.002" scanms="0.000" postms="0.000" />
</gc-op>
<gc-op id="857" type="sweep" timems="0.522" contextid="852" timestamp="2019-06-16T23:24:40.540" />
<gc-op id="858" type="compact" timems="1.225" contextid="852" timestamp="2019-06-16T23:24:40.541">
  <compact-info movecount="1918" movebytes="848312" />
  <remembered-set-cleared processed="8942" cleared="1073" durationms="0.179" />
</gc-op>
<heap-resize id="859" type="expand" space="default" amount="3145728" count="1" timems="0.072" reason="insufficient free space following gc" timestamp="2019-06-16T23:24:40.541" />
<gc-end id="860" type="partial gc" contextid="852" durationms="4.173" usertimems="4.000" systemtimems="4.000" timestamp="2019-06-16T23:24:40.541" activeThreads="4">
  <mem-info id="861" free="23068672" total="68157440" percent="33">
    <mem type="eden" free="200264" total="1048576" percent="19" />
    <remembered-set count="6976" freebytes="2692736" totalbytes="2720640" percent="98" regionsoverflowed="0" regionsstable="0" regionsrebuilding="0"/>
  </mem-info>
</gc-end>
<cycle-end id="862" type="partial gc" contextid="852" timestamp="2019-06-16T23:24:40.542" />
  <attribute name="elasticGC enabled" value="1" />
  <attribute name= "numThreadsSpecified" value="4" />
  <attribute name="heapSize specified" value="0" />
  <attribute name="Current GC Util" value="35" />
  <attribute name= "Current Time Running" value="15010" />
  <attribute name ="GC Interval" value="0" />
  <attribute name="ProportionalT" value="7.500000" />
  <attribute name="ProportionalI" value="7.500000" />
  <attribute name="ProportionalH" value="7.500000" />
  <attribute name="Current Error" value="15.000000" />
  <attribute name="IntegralT" value="7.500000" />
  <attribute name="IntegralI" value="7.500000" />
  <attribute name="IntegralH" value="7.500000" />
  <attribute name="DerivativeT" value="15.000000" />
  <attribute name="DerivativeI" value="15.000000" />
  <attribute name="DerivativeH" value="15.000000" />
  <attribute name="Loop Time for DT" value="1.000000" />
  <attribute name="Output H" value="8388608"/>
  <attribute name="Output I" value="200"/>
  <attribute name="Output T" value="4"/>
  <attribute name="Target GC Util Change" value ="20.000000" />
  <attribute name="Current GC Util Change" value="35.000000"/>
  <attribute name="GC Util currently" value="35" />
  <attribute name="CPU Util currently" value="6142665541979" />
<exclusive-end id="863" timestamp="2019-06-16T23:24:40.542" durationms="4.835" />

<exclusive-start id="864" timestamp="2019-06-16T23:24:40.732" intervalms="194.718">
  <response-info timems="0.039" idlems="0.039" threads="0" lastid="00000000027AE900" lastname="Thread-3" />
</exclusive-start>
<allocation-taxation id="865" taxation-threshold="23068672" timestamp="2019-06-16T23:24:40.732" intervalms="194.720" />
<cycle-start id="866" type="partial gc" contextid="0" timestamp="2019-06-16T23:24:40.732" intervalms="194.722" />
<gc-start id="867" type="partial gc" contextid="866" timestamp="2019-06-16T23:24:40.732">
  <mem-info id="868" free="0" total="68157440" percent="0">
    <mem type="eden" free="0" total="23068672" percent="0" />
    <remembered-set count="6624" freebytes="2694144" totalbytes="2720640" percent="99" regionsoverflowed="0" regionsstable="0" regionsrebuilding="0"/>
  </mem-info>
</gc-start>
<allocation-stats totalBytes="22976104" >
  <allocated-bytes non-tlh="0" tlh="22976104" arrayletleaf="0"/>
  <largest-consumer threadName="Thread-6" threadId="00000000027B9D00" bytes="7628432" />
</allocation-stats>
<gc-op id="869" type="mark" timems="1.181" contextid="866" timestamp="2019-06-16T23:24:40.734">
  <trace-info objectcount="2505" scancount="2037" scanbytes="420716" />
  <cardclean-info objects="1254" bytes="60936" />
  <remembered-set-cleared processed="4453" cleared="599" durationms="0.113" />
  <stringconstants candidates="3963" cleared="0"  />
  <warning details="Mark invoked due to insufficient free space for Copy-Forward" />
</gc-op>
<gc-op id="870" type="classunload" timems="0.002" contextid="866" timestamp="2019-06-16T23:24:40.734">
  <classunload-info classloadercandidates="20" classloadersunloaded="0" classesunloaded="0" anonymousclassesunloaded="0" quiescems="0.000" setupms="0.002" scanms="0.000" postms="0.000" />
</gc-op>
<gc-op id="871" type="sweep" timems="0.351" contextid="866" timestamp="2019-06-16T23:24:40.734" />
<gc-op id="872" type="compact" timems="1.110" contextid="866" timestamp="2019-06-16T23:24:40.736">
  <compact-info movecount="2505" movebytes="1011264" />
  <remembered-set-cleared processed="9189" cleared="1254" durationms="0.113" />
</gc-op>
<gc-end id="873" type="partial gc" contextid="866" durationms="3.740" usertimems="8.000" systemtimems="0.000" timestamp="2019-06-16T23:24:40.736" activeThreads="4">
  <mem-info id="874" free="23068672" total="68157440" percent="33">
    <mem type="eden" free="37312" total="1048576" percent="3" />
    <remembered-set count="6720" freebytes="2693760" totalbytes="2720640" percent="99" regionsoverflowed="0" regionsstable="0" regionsrebuilding="0"/>
  </mem-info>
</gc-end>
<cycle-end id="875" type="partial gc" contextid="866" timestamp="2019-06-16T23:24:40.736" />
  <attribute name="elasticGC enabled" value="1" />
  <attribute name= "numThreadsSpecified" value="4" />
  <attribute name="heapSize specified" value="0" />
  <attribute name="Current GC Util" value="33" />
  <attribute name= "Current Time Running" value="15204" />
  <attribute name ="GC Interval" value="0" />
  <attribute name="ProportionalT" value="6.500000" />
  <attribute name="ProportionalI" value="6.500000" />
  <attribute name="ProportionalH" value="6.500000" />
  <attribute name="Current Error" value="13.000000" />
  <attribute name="IntegralT" value="0.000000" />
  <attribute name="IntegralI" value="0.000000" />
  <attribute name="IntegralH" value="0.000000" />
  <attribute name="DerivativeT" value="-inf" />
  <attribute name="DerivativeI" value="-inf" />
  <attribute name="DerivativeH" value="-inf" />
  <attribute name="Loop Time for DT" value="0.000000" />
  <attribute name="Output H" value="2091843584"/>
  <attribute name="Output I" value="200"/>
  <attribute name="Output T" value="4"/>
  <attribute name="Target GC Util Change" value ="20.000000" />
  <attribute name="Current GC Util Change" value="33.000000"/>
  <attribute name="GC Util currently" value="33" />
  <attribute name="CPU Util currently" value="8610413877156" />
<exclusive-end id="876" timestamp="2019-06-16T23:24:40.736" durationms="4.457" />

<exclusive-start id="877" timestamp="2019-06-16T23:24:40.894" intervalms="162.577">
  <response-info timems="0.026" idlems="0.026" threads="0" lastid="00000000027AE900" lastname="Thread-3" />
</exclusive-start>
<allocation-taxation id="878" taxation-threshold="23068672" timestamp="2019-06-16T23:24:40.894" intervalms="162.562" />
<cycle-start id="879" type="partial gc" contextid="0" timestamp="2019-06-16T23:24:40.894" intervalms="162.555" />
<gc-start id="880" type="partial gc" contextid="879" timestamp="2019-06-16T23:24:40.895">
  <mem-info id="881" free="0" total="68157440" percent="0">
    <mem type="eden" free="0" total="23068672" percent="0" />
    <remembered-set count="6464" freebytes="2694784" totalbytes="2720640" percent="99" regionsoverflowed="0" regionsstable="0" regionsrebuilding="0"/>
  </mem-info>
</gc-start>
<allocation-stats totalBytes="23037816" >
  <allocated-bytes non-tlh="0" tlh="23037816" arrayletleaf="0"/>
  <largest-consumer threadName="Thread-6" threadId="00000000027B9D00" bytes="8127272" />
</allocation-stats>
<gc-op id="882" type="mark" timems="1.057" contextid="879" timestamp="2019-06-16T23:24:40.896">
  <trace-info objectcount="2382" scancount="1952" scanbytes="413160" />
  <cardclean-info objects="1259" bytes="61136" />
  <remembered-set-cleared processed="4581" cleared="695" durationms="0.169" />
  <references type="phantom" candidates="2" cleared="0" enqueued="0" />
  <stringconstants candidates="3963" cleared="0"  />
  <warning details="Mark invoked due to insufficient free space for Copy-Forward" />
</gc-op>
<gc-op id="883" type="classunload" timems="0.002" contextid="879" timestamp="2019-06-16T23:24:40.896">
  <classunload-info classloadercandidates="20" classloadersunloaded="0" classesunloaded="0" anonymousclassesunloaded="0" quiescems="0.000" setupms="0.002" scanms="0.000" postms="0.000" />
</gc-op>
<gc-op id="884" type="sweep" timems="0.344" contextid="879" timestamp="2019-06-16T23:24:40.897" />
<gc-op id="885" type="compact" timems="1.057" contextid="879" timestamp="2019-06-16T23:24:40.898">
  <compact-info movecount="2382" movebytes="930160" />
  <remembered-set-cleared processed="9278" cleared="1289" durationms="0.169" />
</gc-op>
<gc-end id="886" type="partial gc" contextid="879" durationms="3.461" usertimems="4.000" systemtimems="0.000" timestamp="2019-06-16T23:24:40.898" activeThreads="4">
  <mem-info id="887" free="22020096" total="68157440" percent="32">
    <mem type="eden" free="118560" total="1048576" percent="11" />
    <remembered-set count="6464" freebytes="2694784" totalbytes="2720640" percent="99" regionsoverflowed="0" regionsstable="0" regionsrebuilding="0"/>
  </mem-info>
</gc-end>
<cycle-end id="888" type="partial gc" contextid="879" timestamp="2019-06-16T23:24:40.898" />
  <attribute name="elasticGC enabled" value="1" />
  <attribute name= "numThreadsSpecified" value="4" />
  <attribute name="heapSize specified" value="0" />
  <attribute name="Current GC Util" value="34" />
  <attribute name= "Current Time Running" value="15367" />
  <attribute name ="GC Interval" value="0" />
  <attribute name="ProportionalT" value="7.000000" />
  <attribute name="ProportionalI" value="7.000000" />
  <attribute name="ProportionalH" value="7.000000" />
  <attribute name="Current Error" value="14.000000" />
  <attribute name="IntegralT" value="7.000000" />
  <attribute name="IntegralI" value="7.000000" />
  <attribute name="IntegralH" value="7.000000" />
  <attribute name="DerivativeT" value="14.000000" />
  <attribute name="DerivativeI" value="14.000000" />
  <attribute name="DerivativeH" value="14.000000" />
  <attribute name="Loop Time for DT" value="1.000000" />
  <attribute name="Output H" value="8388608"/>
  <attribute name="Output I" value="200"/>
  <attribute name="Output T" value="4"/>
  <attribute name="Target GC Util Change" value ="20.000000" />
  <attribute name="Current GC Util Change" value="34.000000"/>
  <attribute name="GC Util currently" value="34" />
  <attribute name="CPU Util currently" value="8742151546001" />
<exclusive-end id="889" timestamp="2019-06-16T23:24:40.898" durationms="4.123" />

<exclusive-start id="890" timestamp="2019-06-16T23:24:41.057" intervalms="163.008">
  <response-info timems="0.043" idlems="0.043" threads="0" lastid="00000000027B6100" lastname="Thread-5" />
</exclusive-start>
<allocation-taxation id="891" taxation-threshold="22020096" timestamp="2019-06-16T23:24:41.057" intervalms="162.998" />
<cycle-start id="892" type="partial gc" contextid="0" timestamp="2019-06-16T23:24:41.057" intervalms="162.989" />
<gc-start id="893" type="partial gc" contextid="892" timestamp="2019-06-16T23:24:41.058">
  <mem-info id="894" free="0" total="68157440" percent="0">
    <mem type="eden" free="0" total="22020096" percent="0" />
    <remembered-set count="6208" freebytes="2695808" totalbytes="2720640" percent="99" regionsoverflowed="0" regionsstable="0" regionsrebuilding="0"/>
  </mem-info>
</gc-start>
<allocation-stats totalBytes="21965816" >
  <allocated-bytes non-tlh="0" tlh="21965816" arrayletleaf="0"/>
  <largest-consumer threadName="Thread-6" threadId="00000000027B9D00" bytes="6677400" />
</allocation-stats>
<gc-op id="895" type="mark" timems="1.008" contextid="892" timestamp="2019-06-16T23:24:41.059">
  <trace-info objectcount="1950" scancount="1596" scanbytes="350876" />
  <cardclean-info objects="1252" bytes="60696" />
  <remembered-set-cleared processed="4584" cleared="662" durationms="0.169" />
  <stringconstants candidates="3963" cleared="0"  />
  <warning details="Mark invoked due to insufficient free space for Copy-Forward" />
</gc-op>
<gc-op id="896" type="classunload" timems="0.002" contextid="892" timestamp="2019-06-16T23:24:41.059">
  <classunload-info classloadercandidates="20" classloadersunloaded="0" classesunloaded="0" anonymousclassesunloaded="0" quiescems="0.000" setupms="0.002" scanms="0.000" postms="0.000" />
</gc-op>
<gc-op id="897" type="sweep" timems="0.285" contextid="892" timestamp="2019-06-16T23:24:41.059" />
<gc-op id="898" type="compact" timems="1.024" contextid="892" timestamp="2019-06-16T23:24:41.061">
  <compact-info movecount="1946" movebytes="755648" />
  <remembered-set-cleared processed="9257" cleared="1200" durationms="0.169" />
</gc-op>
<heap-resize id="899" type="expand" space="default" amount="1048576" count="1" timems="0.053" reason="insufficient free space following gc" timestamp="2019-06-16T23:24:41.061" />
<gc-end id="900" type="partial gc" contextid="892" durationms="3.437" usertimems="4.000" systemtimems="0.000" timestamp="2019-06-16T23:24:41.061" activeThreads="4">
  <mem-info id="901" free="23068672" total="69206016" percent="33">
    <mem type="eden" free="293216" total="1048576" percent="27" />
    <remembered-set count="6400" freebytes="2736896" totalbytes="2762496" percent="99" regionsoverflowed="0" regionsstable="0" regionsrebuilding="0"/>
  </mem-info>
</gc-end>
<cycle-end id="902" type="partial gc" contextid="892" timestamp="2019-06-16T23:24:41.061" />
  <attribute name="elasticGC enabled" value="1" />
  <attribute name= "numThreadsSpecified" value="4" />
  <attribute name="heapSize specified" value="0" />
  <attribute name="Current GC Util" value="39" />
  <attribute name= "Current Time Running" value="15530" />
  <attribute name ="GC Interval" value="0" />
  <attribute name="ProportionalT" value="9.500000" />
  <attribute name="ProportionalI" value="9.500000" />
  <attribute name="ProportionalH" value="9.500000" />
  <attribute name="Current Error" value="19.000000" />
  <attribute name="IntegralT" value="9.500000" />
  <attribute name="IntegralI" value="9.500000" />
  <attribute name="IntegralH" value="9.500000" />
  <attribute name="DerivativeT" value="19.000000" />
  <attribute name="DerivativeI" value="19.000000" />
  <attribute name="DerivativeH" value="19.000000" />
  <attribute name="Loop Time for DT" value="1.000000" />
  <attribute name="Output H" value="8388608"/>
  <attribute name="Output I" value="200"/>
  <attribute name="Output T" value="4"/>
  <attribute name="Target GC Util Change" value ="20.000000" />
  <attribute name="Current GC Util Change" value="39.000000"/>
  <attribute name="GC Util currently" value="39" />
  <attribute name="CPU Util currently" value="10076994198297" />
<exclusive-end id="903" timestamp="2019-06-16T23:24:41.061" durationms="4.085" />

<exclusive-start id="904" timestamp="2019-06-16T23:24:41.234" intervalms="177.130">
  <response-info timems="0.041" idlems="0.041" threads="0" lastid="00000000027AE900" lastname="Thread-3" />
</exclusive-start>
<allocation-taxation id="905" taxation-threshold="23068672" timestamp="2019-06-16T23:24:41.234" intervalms="177.148" />
<cycle-start id="906" type="partial gc" contextid="0" timestamp="2019-06-16T23:24:41.234" intervalms="177.155" />
<gc-start id="907" type="partial gc" contextid="906" timestamp="2019-06-16T23:24:41.235">
  <mem-info id="908" free="0" total="69206016" percent="0">
    <mem type="eden" free="0" total="23068672" percent="0" />
    <remembered-set count="6400" freebytes="2736896" totalbytes="2762496" percent="99" regionsoverflowed="0" regionsstable="0" regionsrebuilding="0"/>
  </mem-info>
</gc-start>
<allocation-stats totalBytes="23032960" >
  <allocated-bytes non-tlh="32776" tlh="23000184" arrayletleaf="0"/>
  <largest-consumer threadName="Thread-6" threadId="00000000027B9D00" bytes="6666048" />
</allocation-stats>
<gc-op id="909" type="mark" timems="1.071" contextid="906" timestamp="2019-06-16T23:24:41.236">
  <trace-info objectcount="2704" scancount="2154" scanbytes="423192" />
  <cardclean-info objects="1266" bytes="61384" />
  <remembered-set-cleared processed="4564" cleared="609" durationms="0.172" />
  <stringconstants candidates="3963" cleared="0"  />
  <warning details="Mark invoked due to insufficient free space for Copy-Forward" />
</gc-op>
<gc-op id="910" type="classunload" timems="0.002" contextid="906" timestamp="2019-06-16T23:24:41.236">
  <classunload-info classloadercandidates="20" classloadersunloaded="0" classesunloaded="0" anonymousclassesunloaded="0" quiescems="0.000" setupms="0.001" scanms="0.000" postms="0.000" />
</gc-op>
<gc-op id="911" type="sweep" timems="0.283" contextid="906" timestamp="2019-06-16T23:24:41.237" />
<gc-op id="912" type="compact" timems="1.041" contextid="906" timestamp="2019-06-16T23:24:41.238">
  <compact-info movecount="2704" movebytes="1045976" />
  <remembered-set-cleared processed="9466" cleared="1329" durationms="0.172" />
</gc-op>
<heap-resize id="913" type="expand" space="default" amount="2097152" count="1" timems="0.059" reason="insufficient free space following gc" timestamp="2019-06-16T23:24:41.238" />
<gc-end id="914" type="partial gc" contextid="906" durationms="3.477" usertimems="4.000" systemtimems="0.000" timestamp="2019-06-16T23:24:41.238" activeThreads="4">
  <mem-info id="915" free="24117248" total="71303168" percent="33">
    <mem type="eden" free="2712" total="1048576" percent="0" />
    <remembered-set count="6976" freebytes="2818304" totalbytes="2846208" percent="99" regionsoverflowed="0" regionsstable="0" regionsrebuilding="0"/>
  </mem-info>
</gc-end>
<cycle-end id="916" type="partial gc" contextid="906" timestamp="2019-06-16T23:24:41.238" />
  <attribute name="elasticGC enabled" value="1" />
  <attribute name= "numThreadsSpecified" value="4" />
  <attribute name="heapSize specified" value="0" />
  <attribute name="Current GC Util" value="38" />
  <attribute name= "Current Time Running" value="15707" />
  <attribute name ="GC Interval" value="0" />
  <attribute name="ProportionalT" value="9.000000" />
  <attribute name="ProportionalI" value="9.000000" />
  <attribute name="ProportionalH" value="9.000000" />
  <attribute name="Current Error" value="18.000000" />
  <attribute name="IntegralT" value="9.000000" />
  <attribute name="IntegralI" value="9.000000" />
  <attribute name="IntegralH" value="9.000000" />
  <attribute name="DerivativeT" value="18.000000" />
  <attribute name="DerivativeI" value="18.000000" />
  <attribute name="DerivativeH" value="18.000000" />
  <attribute name="Loop Time for DT" value="1.000000" />
  <attribute name="Output H" value="8388608"/>
  <attribute name="Output I" value="200"/>
  <attribute name="Output T" value="4"/>
  <attribute name="Target GC Util Change" value ="20.000000" />
  <attribute name="Current GC Util Change" value="38.000000"/>
  <attribute name="GC Util currently" value="38" />
  <attribute name="CPU Util currently" value="9610442189137" />
<exclusive-end id="917" timestamp="2019-06-16T23:24:41.238" durationms="4.126" />

<exclusive-start id="918" timestamp="2019-06-16T23:24:41.421" intervalms="186.780">
  <response-info timems="0.049" idlems="0.049" threads="0" lastid="00000000027B2500" lastname="Thread-4" />
</exclusive-start>
<allocation-taxation id="919" taxation-threshold="24117248" timestamp="2019-06-16T23:24:41.421" intervalms="186.770" />
<cycle-start id="920" type="partial gc" contextid="0" timestamp="2019-06-16T23:24:41.421" intervalms="186.773" />
<gc-start id="921" type="partial gc" contextid="920" timestamp="2019-06-16T23:24:41.422">
  <mem-info id="922" free="0" total="71303168" percent="0">
    <mem type="eden" free="0" total="24117248" percent="0" />
    <remembered-set count="6496" freebytes="2820224" totalbytes="2846208" percent="99" regionsoverflowed="0" regionsstable="0" regionsrebuilding="0"/>
  </mem-info>
</gc-start>
<allocation-stats totalBytes="24091248" >
  <allocated-bytes non-tlh="0" tlh="24091248" arrayletleaf="0"/>
  <largest-consumer threadName="Thread-4" threadId="00000000027B2500" bytes="6115552" />
</allocation-stats>
<gc-op id="923" type="mark" timems="0.962" contextid="920" timestamp="2019-06-16T23:24:41.423">
  <trace-info objectcount="1402" scancount="1087" scanbytes="211316" />
  <cardclean-info objects="1256" bytes="61000" />
  <remembered-set-cleared processed="4748" cleared="751" durationms="0.175" />
  <references type="weak" candidates="1" cleared="0" enqueued="0" />
  <references type="phantom" candidates="1" cleared="0" enqueued="0" />
  <stringconstants candidates="3963" cleared="0"  />
  <warning details="Mark invoked due to insufficient free space for Copy-Forward" />
</gc-op>
<gc-op id="924" type="classunload" timems="0.002" contextid="920" timestamp="2019-06-16T23:24:41.423">
  <classunload-info classloadercandidates="20" classloadersunloaded="0" classesunloaded="0" anonymousclassesunloaded="0" quiescems="0.000" setupms="0.002" scanms="0.000" postms="0.000" />
</gc-op>
<gc-op id="925" type="sweep" timems="0.374" contextid="920" timestamp="2019-06-16T23:24:41.423" />
<gc-op id="926" type="compact" timems="0.892" contextid="920" timestamp="2019-06-16T23:24:41.425">
  <compact-info movecount="1402" movebytes="590592" />
  <remembered-set-cleared processed="9381" cleared="1149" durationms="0.175" />
</gc-op>
<heap-resize id="927" type="expand" space="default" amount="1048576" count="1" timems="0.053" reason="insufficient free space following gc" timestamp="2019-06-16T23:24:41.425" />
<gc-end id="928" type="partial gc" contextid="920" durationms="3.366" usertimems="4.000" systemtimems="0.000" timestamp="2019-06-16T23:24:41.425" activeThreads="4">
  <mem-info id="929" free="24117248" total="72351744" percent="33">
    <mem type="eden" free="458128" total="1048576" percent="43" />
    <remembered-set count="6624" freebytes="2861568" totalbytes="2888064" percent="99" regionsoverflowed="0" regionsstable="0" regionsrebuilding="0"/>
  </mem-info>
</gc-end>
<cycle-end id="930" type="partial gc" contextid="920" timestamp="2019-06-16T23:24:41.425" />
  <attribute name="elasticGC enabled" value="1" />
  <attribute name= "numThreadsSpecified" value="4" />
  <attribute name="heapSize specified" value="0" />
  <attribute name="Current GC Util" value="33" />
  <attribute name= "Current Time Running" value="15894" />
  <attribute name ="GC Interval" value="0" />
  <attribute name="ProportionalT" value="6.500000" />
  <attribute name="ProportionalI" value="6.500000" />
  <attribute name="ProportionalH" value="6.500000" />
  <attribute name="Current Error" value="13.000000" />
  <attribute name="IntegralT" value="6.500000" />
  <attribute name="IntegralI" value="6.500000" />
  <attribute name="IntegralH" value="6.500000" />
  <attribute name="DerivativeT" value="13.000000" />
  <attribute name="DerivativeI" value="13.000000" />
  <attribute name="DerivativeH" value="13.000000" />
  <attribute name="Loop Time for DT" value="1.000000" />
  <attribute name="Output H" value="8388608"/>
  <attribute name="Output I" value="200"/>
  <attribute name="Output T" value="4"/>
  <attribute name="Target GC Util Change" value ="20.000000" />
  <attribute name="Current GC Util Change" value="33.000000"/>
  <attribute name="GC Util currently" value="33" />
  <attribute name="CPU Util currently" value="8599351479801" />
<exclusive-end id="931" timestamp="2019-06-16T23:24:41.425" durationms="4.131" />

</verbosegc>

