
<?xml version="1.0" ?>

<verbosegc xmlns="http://www.ibm.com/j9/verbosegc" version="10b4217_CMPRSS">

<gc check installed>
<initialized id="1" timestamp="2019-08-11T04:39:46.069">
  <attribute name="gcPolicy" value="-Xgcpolicy:optavgpause" />
  <attribute name="elasticGC enabled" value="1" />
  <attribute name= "numThreadsSpecified" value="0" />
  <attribute name="heapSize specified" value="0" />
  <attribute name="Current GC Util" value="0" />
  <attribute name= "Current Time Running" value="0" />
  <attribute name ="GC Interval" value="0" />
  <attribute name="ProportionalT" value="0.000000" />
  <attribute name="ProportionalI" value="0.000000" />
  <attribute name="ProportionalH" value="0.000000" />
  <attribute name="IntegralT" value="0.000000" />
  <attribute name="IntegralI" value="0.000000" />
  <attribute name="IntegralH" value="0.000000" />
  <attribute name="DerivativeT" value="0.000000" />
  <attribute name="DerivativeI" value="0.000000" />
  <attribute name="DerivativeH" value="0.000000" />
  <attribute name="Target GC Util Change" value ="0.000000" />
  <attribute name="Current GC Util Change" value="0.000000"/>
  <attribute name="Current Error" value="0.000000" />
  <attribute name="Loop Time for DT" value="0.000000" />
  <attribute name="Output H" value="0"/>
  <attribute name="Output I" value="0"/>
  <attribute name="Output T" value="0"/>
  <attribute name="GC Util currently" value="0" />
  <attribute name="CPU Util currently" value="0" />
  <attribute name="maxHeapSize" value="0xfa900000" />
  <attribute name="initialHeapSize" value="0x800000" />
  <attribute name="compressedRefs" value="true" />
  <attribute name="compressedRefsDisplacement" value="0x0" />
  <attribute name="compressedRefsShift" value="0x3" />
  <attribute name="pageSize" value="0x1000" />
  <attribute name="pageType" value="not used" />
  <attribute name="requestedPageSize" value="0x1000" />
  <attribute name="requestedPageType" value="not used" />
  <attribute name="gcthreads" value="16" />
  <attribute name="packetListSplit" value="16" />
  <attribute name="cacheListSplit" value="16" />
  <attribute name="splitFreeListSplitAmount" value="2" />
  <attribute name="numaNodes" value="0" />
  <system>
    <attribute name="physicalMemory" value="16815001600" />
    <attribute name="numCPUs" value="16" />
    <attribute name="architecture" value="amd64" />
    <attribute name="os" value="Linux" />
    <attribute name="osVersion" value="4.15.0" />
  </system>
  <vmargs>
    <vmarg name="-Xoptionsfile=/jdk/lib/options.default" />
    <vmarg name="-Xlockword:mode=default,noLockword=java/lang/String,noLockword=java/util/MapEntry,noLockword=java/util/HashMap$Entry,noLockword..." />
    <vmarg name="-Xjcl:jclse29" />
    <vmarg name="-Dcom.ibm.oti.vm.bootstrap.library.path=/jdk/lib/compressedrefs:/jdk/lib" />
    <vmarg name="-Dsun.boot.library.path=/jdk/lib/compressedrefs:/jdk/lib" />
    <vmarg name="-Djava.library.path=/jdk/lib/compressedrefs:/jdk/lib:/usr/lib64:/usr/lib" />
    <vmarg name="-Djava.home=/jdk" />
    <vmarg name="-Duser.dir=/" />
    <vmarg name="-Xgcelastic" />
    <vmarg name="-Xcheck:gc:::elasticGC" />
    <vmarg name="-Xgcpolicy:optavgpause" />
    <vmarg name="-verbose:gc" />
    <vmarg name="-Djava.class.path=dacapo-9.12-MR1-bach.jar" />
    <vmarg name="-Dsun.java.command=dacapo-9.12-MR1-bach.jar avrora jython pmd sunflow xalan --size=large" />
    <vmarg name="-Dsun.java.launcher=SUN_STANDARD" />
    <vmarg name="-Dsun.java.launcher.pid=1" />
  </vmargs>
</initialized>

<exclusive-start id="2" timestamp="2019-08-11T04:39:46.316" intervalms="246.766">
  <response-info timems="0.013" idlems="0.013" threads="0" lastid="000000000163CF00" lastname="main" />
</exclusive-start>
<sys-start reason="explicit" id="3" timestamp="2019-08-11T04:39:46.316" intervalms="246.813" />
<cycle-start id="4" type="global" contextid="0" timestamp="2019-08-11T04:39:46.316" intervalms="246.825" />
<gc-start id="5" type="global" contextid="4" timestamp="2019-08-11T04:39:46.316">
  <mem-info id="6" free="2317448" total="8388608" percent="27">
    <mem type="tenure" free="2317448" total="8388608" percent="27">
      <mem type="soa" free="1898632" total="7969792" percent="23" />
      <mem type="loa" free="418816" total="418816" percent="100" />
    </mem>
  </mem-info>
</gc-start>
<allocation-stats totalBytes="6061200" >
  <allocated-bytes non-tlh="455544" tlh="5605656" />
  <largest-consumer threadName="main" threadId="000000000163CF00" bytes="5976680" />
</allocation-stats>
<gc-op id="7" type="mark" timems="4.409" contextid="4" timestamp="2019-08-11T04:39:46.321">
  <trace-info objectcount="17937" scancount="14823" scanbytes="467780" />
  <finalization candidates="14" enqueued="1" />
  <references type="soft" candidates="66" cleared="0" enqueued="0" dynamicThreshold="32" maxThreshold="32" />
  <references type="weak" candidates="553" cleared="411" enqueued="372" />
  <references type="phantom" candidates="99" cleared="41" enqueued="41" />
  <stringconstants candidates="2455" cleared="0"  />
</gc-op>
<gc-op id="8" type="classunload" timems="0.001" contextid="4" timestamp="2019-08-11T04:39:46.321">
  <classunload-info classloadercandidates="6" classloadersunloaded="0" classesunloaded="0" anonymousclassesunloaded="0" quiescems="0.000" setupms="0.001" scanms="0.000" postms="0.000" />
</gc-op>
<gc-op id="9" type="sweep" timems="0.985" contextid="4" timestamp="2019-08-11T04:39:46.322" />
<mem-info id="10" free="7122520" total="8388608" percent="84">
  <mem type="tenure" free="7122520" total="8388608" percent="84" micro-fragmented="247215">
    <mem type="soa" free="6703704" total="7969792" percent="84" />
    <mem type="loa" free="418816" total="418816" percent="100" />
  </mem>
  <pending-finalizers system="1" default="0" reference="413" classloader="0" />
</mem-info>
<gc-op id="11" type="compact" timems="6.792" contextid="4" timestamp="2019-08-11T04:39:46.328">
  <compact-info movecount="17936" movebytes="1027152" reason="compact to aid heap contraction" />
</gc-op>
<heap-resize id="12" type="expand" space="tenure" amount="4195287040" count="1" timems="0.315" reason="satisfy allocation request" timestamp="2019-08-11T04:39:46.329" />
<gc-end id="13" type="global" contextid="4" durationms="12.972" usertimems="12.645" systemtimems="9.619" timestamp="2019-08-11T04:39:46.329" activeThreads="16">
  <mem-info id="14" free="4202648408" total="4203675648" percent="99">
    <mem type="tenure" free="4202648408" total="4203675648" percent="99">
      <mem type="soa" free="3992465240" total="3993492480" percent="99" />
      <mem type="loa" free="210183168" total="210183168" percent="100" />
    </mem>
    <pending-finalizers system="1" default="0" reference="413" classloader="0" />
  </mem-info>
</gc-end>
<cycle-end id="15" type="global" contextid="4" timestamp="2019-08-11T04:39:46.329" />
  <attribute name="elasticGC enabled" value="1" />
  <attribute name= "numThreadsSpecified" value="16" />
  <attribute name="heapSize specified" value="8388608" />
  <attribute name="Current GC Util" value="134" />
  <attribute name= "Current Time Running" value="194" />
  <attribute name ="GC Interval" value="0" />
  <attribute name="ProportionalT" value="27.000000" />
  <attribute name="ProportionalI" value="27.000000" />
  <attribute name="ProportionalH" value="27.000000" />
  <attribute name="Current Error" value="54.000000" />
  <attribute name="IntegralT" value="-6809.500000" />
  <attribute name="IntegralI" value="-6809.500000" />
  <attribute name="IntegralH" value="-6809.500000" />
  <attribute name="DerivativeT" value="9.000000" />
  <attribute name="DerivativeI" value="9.000000" />
  <attribute name="DerivativeH" value="9.000000" />
  <attribute name="Loop Time for DT" value="6.000000" />
  <attribute name="Output H" value="4203675648"/>
  <attribute name="Output I" value="200"/>
  <attribute name="Output T" value="16"/>
  <attribute name="Target GC Util Change" value ="80.000000" />
  <attribute name="Current GC Util Change" value="134.000000"/>
  <attribute name="GC Util currently" value="134" />
  <attribute name="CPU Util currently" value="0" />
<sys-end id="16" timestamp="2019-08-11T04:39:46.329" />
<exclusive-end id="17" timestamp="2019-08-11T04:39:46.329" durationms="13.093" />

===== DaCapo 9.12-MR1 avrora starting =====
===== DaCapo 9.12-MR1 avrora PASSED in 112599 msec =====
WARNING: An illegal reflective access operation has occurred
WARNING: Illegal reflective access by com.google.common.base.internal.Finalizer (file:/./scratch/jar/guava-r07.jar) to field java.lang.Thread.inheritableThreadLocals
WARNING: Please consider reporting this to the maintainers of com.google.common.base.internal.Finalizer
WARNING: Use --illegal-access=warn to enable warnings of further illegal reflective access operations
WARNING: All illegal access operations will be denied in a future release
<exclusive-start id="18" timestamp="2019-08-11T04:41:41.401" intervalms="115084.871">
  <response-info timems="0.024" idlems="0.024" threads="0" lastid="000000000163CF00" lastname="main" />
</exclusive-start>
<sys-start reason="explicit" id="19" timestamp="2019-08-11T04:41:41.401" intervalms="115084.874" />
<cycle-start id="20" type="global" contextid="0" timestamp="2019-08-11T04:41:41.401" intervalms="115084.875" />
<gc-start id="21" type="global" contextid="20" timestamp="2019-08-11T04:41:41.401">
  <mem-info id="22" free="3887202080" total="4203675648" percent="92">
    <mem type="tenure" free="3887202080" total="4203675648" percent="92">
      <mem type="soa" free="3677018912" total="3993492480" percent="92" />
      <mem type="loa" free="210183168" total="210183168" percent="100" />
    </mem>
  </mem-info>
</gc-start>
<allocation-stats totalBytes="315296024" >
  <allocated-bytes non-tlh="3834936" tlh="311461088" />
  <largest-consumer threadName="main" threadId="000000000163CF00" bytes="87858064" />
</allocation-stats>
<gc-op id="23" type="mark" timems="18.667" contextid="20" timestamp="2019-08-11T04:41:41.420">
  <trace-info objectcount="76687" scancount="63851" scanbytes="2130440" />
  <finalization candidates="82" enqueued="2" />
  <ownableSynchronizers candidates="21" cleared="0" />
  <references type="soft" candidates="1641" cleared="0" enqueued="0" dynamicThreshold="31" maxThreshold="32" />
  <references type="weak" candidates="5240" cleared="744" enqueued="580" />
  <references type="phantom" candidates="135" cleared="37" enqueued="37" />
  <stringconstants candidates="10077" cleared="1394"  />
</gc-op>
<gc-op id="24" type="classunload" timems="6.382" contextid="20" timestamp="2019-08-11T04:41:41.426">
  <classunload-info classloadercandidates="18" classloadersunloaded="2" classesunloaded="509" anonymousclassesunloaded="0" quiescems="0.000" setupms="2.345" scanms="4.033" postms="0.004" />
</gc-op>
<gc-op id="25" type="sweep" timems="78.721" contextid="20" timestamp="2019-08-11T04:41:41.505" />
<mem-info id="26" free="4198000536" total="4203675648" percent="99">
  <mem type="tenure" free="4198000536" total="4203675648" percent="99" micro-fragmented="711561">
    <mem type="soa" free="3987817368" total="3993492480" percent="99" />
    <mem type="loa" free="210183168" total="210183168" percent="100" />
  </mem>
  <pending-finalizers system="2" default="0" reference="617" classloader="0" />
</mem-info>
<gc-op id="27" type="compact" timems="27.047" contextid="20" timestamp="2019-08-11T04:41:41.532">
  <compact-info movecount="76643" movebytes="4686928" reason="compact to aid heap contraction" />
</gc-op>
<gc-end id="28" type="global" contextid="20" durationms="131.740" usertimems="243.308" systemtimems="0.000" timestamp="2019-08-11T04:41:41.533" activeThreads="16">
  <mem-info id="29" free="4198987720" total="4203675648" percent="99">
    <mem type="tenure" free="4198987720" total="4203675648" percent="99">
      <mem type="soa" free="3988804552" total="3993492480" percent="99" />
      <mem type="loa" free="210183168" total="210183168" percent="100" />
    </mem>
    <pending-finalizers system="2" default="0" reference="617" classloader="0" />
  </mem-info>
</gc-end>
<cycle-end id="30" type="global" contextid="20" timestamp="2019-08-11T04:41:41.534" />
  <attribute name="elasticGC enabled" value="1" />
  <attribute name= "numThreadsSpecified" value="16" />
  <attribute name="heapSize specified" value="-91291648" />
  <attribute name="Current GC Util" value="248" />
  <attribute name= "Current Time Running" value="115398" />
  <attribute name ="GC Interval" value="0" />
  <attribute name="ProportionalT" value="84.000000" />
  <attribute name="ProportionalI" value="84.000000" />
  <attribute name="ProportionalH" value="84.000000" />
  <attribute name="Current Error" value="168.000000" />
  <attribute name="IntegralT" value="2268.000000" />
  <attribute name="IntegralI" value="2268.000000" />
  <attribute name="IntegralH" value="2268.000000" />
  <attribute name="DerivativeT" value="6.222222" />
  <attribute name="DerivativeI" value="6.222222" />
  <attribute name="DerivativeH" value="6.222222" />
  <attribute name="Loop Time for DT" value="27.000000" />
  <attribute name="Output H" value="8388608"/>
  <attribute name="Output I" value="2360"/>
  <attribute name="Output T" value="16"/>
  <attribute name="Target GC Util Change" value ="80.000000" />
  <attribute name="Current GC Util Change" value="248.000000"/>
  <attribute name="GC Util currently" value="248" />
  <attribute name="CPU Util currently" value="42570683104" />
<sys-end id="31" timestamp="2019-08-11T04:41:41.534" />
<exclusive-end id="32" timestamp="2019-08-11T04:41:41.534" durationms="133.043" />

===== DaCapo 9.12-MR1 jython starting =====
-------------------------------------------------------------------------------
PYBENCH 2.0
-------------------------------------------------------------------------------
* using Python 2.5.2
* system check interval set to maximum: 2147483647
* using timer: time.time

Calibrating tests. Please wait...

Running 4 round(s) of the suite at warp factor 10:

* Round 1 done in 17.138 seconds.
<exclusive-start id="33" timestamp="2019-08-11T04:42:02.264" intervalms="20863.520">
  <response-info timems="0.025" idlems="0.025" threads="0" lastid="000000000163CF00" lastname="main" />
</exclusive-start>
<af-start id="34" threadId="000000000163D888" totalBytesRequested="1168" timestamp="2019-08-11T04:42:02.264" intervalms="136195.222" />
<cycle-start id="35" type="global" contextid="0" timestamp="2019-08-11T04:42:02.264" intervalms="20863.542" />
<gc-start id="36" type="global" contextid="35" timestamp="2019-08-11T04:42:02.265">
  <mem-info id="37" free="210183168" total="4203675648" percent="4">
    <mem type="tenure" free="210183168" total="4203675648" percent="4">
      <mem type="soa" free="0" total="3993492480" percent="0" />
      <mem type="loa" free="210183168" total="210183168" percent="100" />
    </mem>
  </mem-info>
</gc-start>
<allocation-stats totalBytes="3984156728" >
  <allocated-bytes non-tlh="14457152" tlh="3969699576" />
  <largest-consumer threadName="main" threadId="000000000163CF00" bytes="3984128392" />
</allocation-stats>
<gc-op id="38" type="mark" timems="21.455" contextid="35" timestamp="2019-08-11T04:42:02.286">
  <trace-info objectcount="610612" scancount="530572" scanbytes="13693900" />
  <finalization candidates="85" enqueued="5" />
  <ownableSynchronizers candidates="21" cleared="0" />
  <references type="soft" candidates="4868" cleared="0" enqueued="0" dynamicThreshold="31" maxThreshold="32" />
  <references type="weak" candidates="5789" cleared="81" enqueued="72" />
  <references type="phantom" candidates="100" cleared="2" enqueued="2" />
  <stringconstants candidates="13868" cleared="24"  />
</gc-op>
<gc-op id="39" type="classunload" timems="0.547" contextid="35" timestamp="2019-08-11T04:42:02.287">
  <classunload-info classloadercandidates="59" classloadersunloaded="3" classesunloaded="3" anonymousclassesunloaded="0" quiescems="0.000" setupms="0.529" scanms="0.014" postms="0.004" />
</gc-op>
<gc-op id="40" type="sweep" timems="592.193" contextid="35" timestamp="2019-08-11T04:42:02.879" />
<mem-info id="41" free="4173997648" total="4203675648" percent="99">
  <mem type="tenure" free="4173997648" total="4203675648" percent="99" micro-fragmented="1707281">
    <mem type="soa" free="3963814480" total="3993492480" percent="99" />
    <mem type="loa" free="210183168" total="210183168" percent="100" />
  </mem>
  <pending-finalizers system="0" default="5" reference="74" classloader="0" />
</mem-info>
<gc-op id="42" type="compact" timems="39.446" contextid="35" timestamp="2019-08-11T04:42:02.918">
  <compact-info movecount="607021" movebytes="18196160" reason="compact to aid heap contraction" />
</gc-op>
<gc-end id="43" type="global" contextid="35" durationms="654.517" usertimems="984.316" systemtimems="0.000" timestamp="2019-08-11T04:42:02.919" activeThreads="16">
  <mem-info id="44" free="4185233832" total="4203675648" percent="99">
    <mem type="tenure" free="4185233832" total="4203675648" percent="99">
      <mem type="soa" free="3975050664" total="3993492480" percent="99" />
      <mem type="loa" free="210183168" total="210183168" percent="100" />
    </mem>
    <pending-finalizers system="0" default="5" reference="74" classloader="0" />
  </mem-info>
</gc-end>
<cycle-end id="45" type="global" contextid="35" timestamp="2019-08-11T04:42:02.920" />
  <attribute name="elasticGC enabled" value="1" />
  <attribute name= "numThreadsSpecified" value="16" />
  <attribute name="heapSize specified" value="-91291648" />
  <attribute name="Current GC Util" value="571" />
  <attribute name= "Current Time Running" value="136784" />
  <attribute name ="GC Interval" value="0" />
  <attribute name="ProportionalT" value="245.500000" />
  <attribute name="ProportionalI" value="245.500000" />
  <attribute name="ProportionalH" value="245.500000" />
  <attribute name="Current Error" value="491.000000" />
  <attribute name="IntegralT" value="9574.500000" />
  <attribute name="IntegralI" value="9574.500000" />
  <attribute name="IntegralH" value="9574.500000" />
  <attribute name="DerivativeT" value="12.589744" />
  <attribute name="DerivativeI" value="12.589744" />
  <attribute name="DerivativeH" value="12.589744" />
  <attribute name="Loop Time for DT" value="39.000000" />
  <attribute name="Output H" value="8388608"/>
  <attribute name="Output I" value="4000"/>
  <attribute name="Output T" value="16"/>
  <attribute name="Target GC Util Change" value ="80.000000" />
  <attribute name="Current GC Util Change" value="571.000000"/>
  <attribute name="GC Util currently" value="571" />
  <attribute name="CPU Util currently" value="29171405394" />
<allocation-satisfied id="46" threadId="000000000163CF00" bytesRequested="1168" />
<af-end id="47" timestamp="2019-08-11T04:42:02.920" threadId="000000000163D888" success="true" />
<exclusive-end id="48" timestamp="2019-08-11T04:42:02.920" durationms="655.189" />

* Round 2 done in 2.885 seconds.
<exclusive-start id="49" timestamp="2019-08-11T04:42:05.314" intervalms="3049.408">
  <response-info timems="0.020" idlems="0.020" threads="0" lastid="000000000163CF00" lastname="main" />
</exclusive-start>
<af-start id="50" threadId="000000000163D888" totalBytesRequested="280" timestamp="2019-08-11T04:42:05.314" intervalms="3049.385" />
<cycle-start id="51" type="global" contextid="0" timestamp="2019-08-11T04:42:05.314" intervalms="3049.389" />
<gc-start id="52" type="global" contextid="51" timestamp="2019-08-11T04:42:05.314">
  <mem-info id="53" free="210183168" total="4203675648" percent="4">
    <mem type="tenure" free="210183168" total="4203675648" percent="4">
      <mem type="soa" free="0" total="3993492480" percent="0" />
      <mem type="loa" free="210183168" total="210183168" percent="100" />
    </mem>
  </mem-info>
</gc-start>
<allocation-stats totalBytes="3970650640" >
  <allocated-bytes non-tlh="120" tlh="3970650520" />
  <largest-consumer threadName="main" threadId="000000000163CF00" bytes="3970638232" />
</allocation-stats>
<gc-op id="54" type="mark" timems="19.986" contextid="51" timestamp="2019-08-11T04:42:05.334">
  <trace-info objectcount="610403" scancount="530419" scanbytes="13690152" />
  <finalization candidates="80" enqueued="0" />
  <ownableSynchronizers candidates="21" cleared="0" />
  <references type="soft" candidates="4868" cleared="0" enqueued="0" dynamicThreshold="31" maxThreshold="32" />
  <references type="weak" candidates="5768" cleared="14" enqueued="6" />
  <references type="phantom" candidates="98" cleared="1" enqueued="1" />
  <stringconstants candidates="13846" cleared="0"  />
</gc-op>
<gc-op id="55" type="sweep" timems="631.738" contextid="51" timestamp="2019-08-11T04:42:05.966" />
<mem-info id="56" free="4185311680" total="4203675648" percent="99">
  <mem type="tenure" free="4185311680" total="4203675648" percent="99" micro-fragmented="11309">
    <mem type="soa" free="3975128512" total="3993492480" percent="99" />
    <mem type="loa" free="210183168" total="210183168" percent="100" />
  </mem>
  <pending-finalizers system="0" default="0" reference="7" classloader="0" />
</mem-info>
<gc-op id="57" type="compact" timems="56.789" contextid="51" timestamp="2019-08-11T04:42:06.023">
  <compact-info movecount="520711" movebytes="14520872" reason="compact to aid heap contraction" />
</gc-op>
<gc-end id="58" type="global" contextid="51" durationms="709.354" usertimems="1004.975" systemtimems="0.000" timestamp="2019-08-11T04:42:06.023" activeThreads="16">
  <mem-info id="59" free="4185270856" total="4203675648" percent="99">
    <mem type="tenure" free="4185270856" total="4203675648" percent="99">
      <mem type="soa" free="3975087688" total="3993492480" percent="99" />
      <mem type="loa" free="210183168" total="210183168" percent="100" />
    </mem>
    <pending-finalizers system="0" default="0" reference="7" classloader="0" />
  </mem-info>
</gc-end>
<cycle-end id="60" type="global" contextid="51" timestamp="2019-08-11T04:42:06.023" />
  <attribute name="elasticGC enabled" value="1" />
  <attribute name= "numThreadsSpecified" value="16" />
  <attribute name="heapSize specified" value="-91291648" />
  <attribute name="Current GC Util" value="372" />
  <attribute name= "Current Time Running" value="139889" />
  <attribute name ="GC Interval" value="0" />
  <attribute name="ProportionalT" value="146.000000" />
  <attribute name="ProportionalI" value="146.000000" />
  <attribute name="ProportionalH" value="146.000000" />
  <attribute name="Current Error" value="292.000000" />
  <attribute name="IntegralT" value="8322.000000" />
  <attribute name="IntegralI" value="8322.000000" />
  <attribute name="IntegralH" value="8322.000000" />
  <attribute name="DerivativeT" value="5.122807" />
  <attribute name="DerivativeI" value="5.122807" />
  <attribute name="DerivativeH" value="5.122807" />
  <attribute name="Loop Time for DT" value="57.000000" />
  <attribute name="Output H" value="8388608"/>
  <attribute name="Output I" value="4000"/>
  <attribute name="Output T" value="16"/>
  <attribute name="Target GC Util Change" value ="80.000000" />
  <attribute name="Current GC Util Change" value="372.000000"/>
  <attribute name="GC Util currently" value="372" />
  <attribute name="CPU Util currently" value="20290274093" />
<allocation-satisfied id="61" threadId="000000000163CF00" bytesRequested="280" />
<af-end id="62" timestamp="2019-08-11T04:42:06.023" threadId="000000000163D888" success="true" />
<exclusive-end id="63" timestamp="2019-08-11T04:42:06.023" durationms="709.647" />

* Round 3 done in 2.953 seconds.
<exclusive-start id="64" timestamp="2019-08-11T04:42:09.305" intervalms="3990.761">
  <response-info timems="0.020" idlems="0.020" threads="0" lastid="000000000163CF00" lastname="main" />
</exclusive-start>
<af-start id="65" threadId="000000000163D888" totalBytesRequested="544" timestamp="2019-08-11T04:42:09.305" intervalms="3990.773" />
<cycle-start id="66" type="global" contextid="0" timestamp="2019-08-11T04:42:09.305" intervalms="3990.764" />
<gc-start id="67" type="global" contextid="66" timestamp="2019-08-11T04:42:09.305">
  <mem-info id="68" free="210183168" total="4203675648" percent="4">
    <mem type="tenure" free="210183168" total="4203675648" percent="4">
      <mem type="soa" free="0" total="3993492480" percent="0" />
      <mem type="loa" free="210183168" total="210183168" percent="100" />
    </mem>
  </mem-info>
</gc-start>
<allocation-stats totalBytes="3971511640" >
  <allocated-bytes non-tlh="0" tlh="3971511640" />
  <largest-consumer threadName="main" threadId="000000000163CF00" bytes="3971511640" />
</allocation-stats>
<gc-op id="69" type="mark" timems="19.262" contextid="66" timestamp="2019-08-11T04:42:09.324">
  <trace-info objectcount="610504" scancount="530520" scanbytes="13692992" />
  <finalization candidates="80" enqueued="0" />
  <ownableSynchronizers candidates="21" cleared="0" />
  <references type="soft" candidates="4868" cleared="0" enqueued="0" dynamicThreshold="31" maxThreshold="32" />
  <references type="weak" candidates="5777" cleared="7" enqueued="3" />
  <references type="phantom" candidates="97" cleared="0" enqueued="0" />
  <stringconstants candidates="13846" cleared="0"  />
</gc-op>
<gc-op id="70" type="sweep" timems="750.638" contextid="66" timestamp="2019-08-11T04:42:10.075" />
<mem-info id="71" free="4185318304" total="4203675648" percent="99">
  <mem type="tenure" free="4185318304" total="4203675648" percent="99" micro-fragmented="0">
    <mem type="soa" free="3975135136" total="3993492480" percent="99" />
    <mem type="loa" free="210183168" total="210183168" percent="100" />
  </mem>
  <pending-finalizers system="0" default="0" reference="3" classloader="0" />
</mem-info>
<gc-op id="72" type="compact" timems="37.846" contextid="66" timestamp="2019-08-11T04:42:10.113">
  <compact-info movecount="341512" movebytes="9322848" reason="compact to aid heap contraction" />
</gc-op>
<gc-end id="73" type="global" contextid="66" durationms="808.877" usertimems="1105.381" systemtimems="0.000" timestamp="2019-08-11T04:42:10.114" activeThreads="16">
  <mem-info id="74" free="4185267536" total="4203675648" percent="99">
    <mem type="tenure" free="4185267536" total="4203675648" percent="99">
      <mem type="soa" free="3975084368" total="3993492480" percent="99" />
      <mem type="loa" free="210183168" total="210183168" percent="100" />
    </mem>
    <pending-finalizers system="0" default="0" reference="3" classloader="0" />
  </mem-info>
</gc-end>
<cycle-end id="75" type="global" contextid="66" timestamp="2019-08-11T04:42:10.114" />
  <attribute name="elasticGC enabled" value="1" />
  <attribute name= "numThreadsSpecified" value="16" />
  <attribute name="heapSize specified" value="-91291648" />
  <attribute name="Current GC Util" value="536" />
  <attribute name= "Current Time Running" value="143979" />
  <attribute name ="GC Interval" value="0" />
  <attribute name="ProportionalT" value="228.000000" />
  <attribute name="ProportionalI" value="228.000000" />
  <attribute name="ProportionalH" value="228.000000" />
  <attribute name="Current Error" value="456.000000" />
  <attribute name="IntegralT" value="8664.000000" />
  <attribute name="IntegralI" value="8664.000000" />
  <attribute name="IntegralH" value="8664.000000" />
  <attribute name="DerivativeT" value="12.000000" />
  <attribute name="DerivativeI" value="12.000000" />
  <attribute name="DerivativeH" value="12.000000" />
  <attribute name="Loop Time for DT" value="38.000000" />
  <attribute name="Output H" value="8388608"/>
  <attribute name="Output I" value="4000"/>
  <attribute name="Output T" value="16"/>
  <attribute name="Target GC Util Change" value ="80.000000" />
  <attribute name="Current GC Util Change" value="536.000000"/>
  <attribute name="GC Util currently" value="536" />
  <attribute name="CPU Util currently" value="30499473594" />
<allocation-satisfied id="76" threadId="000000000163CF00" bytesRequested="544" />
<af-end id="77" timestamp="2019-08-11T04:42:10.114" threadId="000000000163D888" success="true" />
<exclusive-end id="78" timestamp="2019-08-11T04:42:10.114" durationms="809.398" />

* Round 4 done in 2.983 seconds.

-------------------------------------------------------------------------------
Benchmark: 2019-08-11 04:41:44
-------------------------------------------------------------------------------

    Rounds: 4
    Warp:   10
    Timer:  time.time

Test                             minimum  average  operation  overhead
-------------------------------------------------------------------------------
          BuiltinFunctionCalls:     14ms     52ms    0.10us    0.000ms
           BuiltinMethodLookup:     39ms     99ms    0.09us    0.000ms
                 CompareFloats:     15ms    130ms    0.11us    0.000ms
         CompareFloatsIntegers:     19ms     94ms    0.10us    0.000ms
               CompareIntegers:     23ms     69ms    0.04us    0.000ms
        CompareInternedStrings:     36ms    166ms    0.11us    0.000ms
                  CompareLongs:     17ms     71ms    0.07us    0.000ms
                CompareStrings:     29ms     77ms    0.08us    0.000ms
                CompareUnicode:     22ms     62ms    0.08us    0.000ms
                 ConcatStrings:     68ms    334ms    0.67us    0.000ms
                 ConcatUnicode:     42ms    117ms    0.39us    0.000ms
               CreateInstances:     35ms     74ms    0.66us    0.000ms
            CreateNewInstances:     49ms    101ms    1.21us    0.000ms
       CreateStringsWithConcat:     42ms    284ms    0.28us    0.000ms
       CreateUnicodeWithConcat:     19ms     44ms    0.11us    0.000ms
                  DictCreation:     28ms    106ms    0.26us    0.000ms
             DictWithFloatKeys:     16ms    160ms    0.18us    0.000ms
           DictWithIntegerKeys:     19ms     66ms    0.06us    0.000ms
            DictWithStringKeys:     20ms     59ms    0.05us    0.000ms
                      ForLoops:    100ms    143ms    5.72us    0.000ms
                    IfThenElse:     20ms     73ms    0.05us    0.000ms
                   ListSlicing:     11ms     29ms    2.05us    0.000ms
                NestedForLoops:     87ms    103ms    0.07us    0.000ms
          NormalClassAttribute:     24ms    130ms    0.11us    0.000ms
       NormalInstanceAttribute:     24ms     89ms    0.07us    0.000ms
           PythonFunctionCalls:     26ms    108ms    0.33us    0.000ms
             PythonMethodCalls:     31ms     78ms    0.35us    0.000ms
                     Recursion:     39ms    154ms    3.08us    0.000ms
                  SecondImport:     32ms    116ms    1.16us    0.000ms
           SecondPackageImport:     34ms     46ms    0.46us    0.000ms
         SecondSubmoduleImport:     53ms     80ms    0.80us    0.000ms
       SimpleComplexArithmetic:     14ms    107ms    0.12us    0.000ms
        SimpleDictManipulation:     26ms    136ms    0.11us    0.000ms
         SimpleFloatArithmetic:     19ms    166ms    0.13us    0.000ms
      SimpleIntFloatArithmetic:     19ms    166ms    0.13us    0.000ms
       SimpleIntegerArithmetic:     20ms    141ms    0.11us    0.000ms
        SimpleListManipulation:     41ms    153ms    0.13us    0.000ms
          SimpleLongArithmetic:     22ms     99ms    0.15us    0.000ms
                    SmallLists:     46ms     82ms    0.12us    0.000ms
                   SmallTuples:     43ms    164ms    0.30us    0.000ms
         SpecialClassAttribute:     25ms     76ms    0.06us    0.000ms
      SpecialInstanceAttribute:     26ms     89ms    0.07us    0.000ms
                StringMappings:     63ms    303ms    1.20us    0.000ms
              StringPredicates:     38ms    139ms    0.20us    0.000ms
                 StringSlicing:     26ms    270ms    0.48us    0.000ms
                     TryExcept:      2ms     35ms    0.02us    0.000ms
                TryRaiseExcept:     78ms    116ms    1.81us    0.000ms
                  TupleSlicing:     19ms     38ms    0.14us    0.000ms
               UnicodeMappings:     81ms    175ms    4.87us    0.000ms
             UnicodePredicates:     40ms    109ms    0.20us    0.000ms
             UnicodeProperties:    339ms    550ms    1.38us    0.000ms
                UnicodeSlicing:     28ms     62ms    0.13us    0.000ms
-------------------------------------------------------------------------------
Totals:                           2048ms   6490ms

===== DaCapo 9.12-MR1 jython PASSED in 29230 msec =====
<exclusive-start id="79" timestamp="2019-08-11T04:42:10.939" intervalms="1634.692">
  <response-info timems="0.050" idlems="0.050" threads="0" lastid="000000000163CF00" lastname="main" />
</exclusive-start>
<sys-start reason="explicit" id="80" timestamp="2019-08-11T04:42:10.939" intervalms="29538.383" />
<cycle-start id="81" type="global" contextid="0" timestamp="2019-08-11T04:42:10.939" intervalms="1634.688" />
<gc-start id="82" type="global" contextid="81" timestamp="2019-08-11T04:42:10.940">
  <mem-info id="83" free="3250741512" total="4203675648" percent="77">
    <mem type="tenure" free="3250741512" total="4203675648" percent="77">
      <mem type="soa" free="3040558344" total="3993492480" percent="76" />
      <mem type="loa" free="210183168" total="210183168" percent="100" />
    </mem>
  </mem-info>
</gc-start>
<allocation-stats totalBytes="919155152" >
  <allocated-bytes non-tlh="73809336" tlh="845345816" />
  <largest-consumer threadName="main" threadId="000000000163CF00" bytes="919155152" />
</allocation-stats>
<gc-op id="84" type="mark" timems="21.586" contextid="81" timestamp="2019-08-11T04:42:10.961">
  <trace-info objectcount="611089" scancount="530392" scanbytes="13695388" />
  <finalization candidates="81" enqueued="1" />
  <ownableSynchronizers candidates="24" cleared="3" />
  <references type="soft" candidates="4875" cleared="0" enqueued="0" dynamicThreshold="31" maxThreshold="32" />
  <references type="weak" candidates="5845" cleared="60" enqueued="60" />
  <references type="phantom" candidates="133" cleared="11" enqueued="11" />
  <stringconstants candidates="14264" cleared="8"  />
</gc-op>
<gc-op id="85" type="classunload" timems="0.504" contextid="81" timestamp="2019-08-11T04:42:10.962">
  <classunload-info classloadercandidates="57" classloadersunloaded="2" classesunloaded="2" anonymousclassesunloaded="0" quiescems="0.284" setupms="0.488" scanms="0.013" postms="0.003" />
</gc-op>
<gc-op id="86" type="sweep" timems="161.782" contextid="81" timestamp="2019-08-11T04:42:11.124" />
<mem-info id="87" free="4184682688" total="4203675648" percent="99">
  <mem type="tenure" free="4184682688" total="4203675648" percent="99" micro-fragmented="183048">
    <mem type="soa" free="3974499520" total="3993492480" percent="99" />
    <mem type="loa" free="210183168" total="210183168" percent="100" />
  </mem>
  <pending-finalizers system="1" default="0" reference="71" classloader="0" />
</mem-info>
<gc-op id="88" type="compact" timems="64.363" contextid="81" timestamp="2019-08-11T04:42:11.188">
  <compact-info movecount="579572" movebytes="17262736" reason="compact to aid heap contraction" />
</gc-op>
<gc-end id="89" type="global" contextid="81" durationms="249.969" usertimems="531.013" systemtimems="0.000" timestamp="2019-08-11T04:42:11.189" activeThreads="16">
  <mem-info id="90" free="4184829560" total="4203675648" percent="99">
    <mem type="tenure" free="4184829560" total="4203675648" percent="99">
      <mem type="soa" free="3974646392" total="3993492480" percent="99" />
      <mem type="loa" free="210183168" total="210183168" percent="100" />
    </mem>
    <pending-finalizers system="1" default="0" reference="71" classloader="0" />
  </mem-info>
</gc-end>
<cycle-end id="91" type="global" contextid="81" timestamp="2019-08-11T04:42:11.189" />
  <attribute name="elasticGC enabled" value="1" />
  <attribute name= "numThreadsSpecified" value="16" />
  <attribute name="heapSize specified" value="-91291648" />
  <attribute name="Current GC Util" value="400" />
  <attribute name= "Current Time Running" value="145054" />
  <attribute name ="GC Interval" value="0" />
  <attribute name="ProportionalT" value="160.000000" />
  <attribute name="ProportionalI" value="160.000000" />
  <attribute name="ProportionalH" value="160.000000" />
  <attribute name="Current Error" value="320.000000" />
  <attribute name="IntegralT" value="10240.000000" />
  <attribute name="IntegralI" value="10240.000000" />
  <attribute name="IntegralH" value="10240.000000" />
  <attribute name="DerivativeT" value="5.000000" />
  <attribute name="DerivativeI" value="5.000000" />
  <attribute name="DerivativeH" value="5.000000" />
  <attribute name="Loop Time for DT" value="64.000000" />
  <attribute name="Output H" value="8388608"/>
  <attribute name="Output I" value="4000"/>
  <attribute name="Output T" value="16"/>
  <attribute name="Target GC Util Change" value ="80.000000" />
  <attribute name="Current GC Util Change" value="400.000000"/>
  <attribute name="GC Util currently" value="400" />
  <attribute name="CPU Util currently" value="17906191065" />
<sys-end id="92" timestamp="2019-08-11T04:42:11.189" />
<exclusive-end id="93" timestamp="2019-08-11T04:42:11.189" durationms="250.211" />

===== DaCapo 9.12-MR1 pmd starting =====
===== DaCapo 9.12-MR1 pmd PASSED in 5278 msec =====
Using scaled threading model. 16 processors detected, 16 threads used to drive the workload, in a possible range of [1,512]
<exclusive-start id="94" timestamp="2019-08-11T04:42:16.703" intervalms="5763.485">
  <response-info timems="0.022" idlems="0.022" threads="0" lastid="000000000163CF00" lastname="main" />
</exclusive-start>
<sys-start reason="explicit" id="95" timestamp="2019-08-11T04:42:16.703" intervalms="5763.544" />
<cycle-start id="96" type="global" contextid="0" timestamp="2019-08-11T04:42:16.703" intervalms="5763.545" />
<gc-start id="97" type="global" contextid="96" timestamp="2019-08-11T04:42:16.703">
  <mem-info id="98" free="3565514616" total="4203675648" percent="84">
    <mem type="tenure" free="3565514616" total="4203675648" percent="84">
      <mem type="soa" free="3355331448" total="3993492480" percent="84" />
      <mem type="loa" free="210183168" total="210183168" percent="100" />
    </mem>
  </mem-info>
</gc-start>
<allocation-stats totalBytes="619032608" >
  <allocated-bytes non-tlh="4064272" tlh="614968336" />
  <largest-consumer threadName="main" threadId="000000000163CF00" bytes="18341952" />
</allocation-stats>
<gc-op id="99" type="mark" timems="35.702" contextid="96" timestamp="2019-08-11T04:42:16.739">
  <trace-info objectcount="639118" scancount="553736" scanbytes="14440232" />
  <finalization candidates="154" enqueued="3" />
  <ownableSynchronizers candidates="42" cleared="19" />
  <references type="soft" candidates="4909" cleared="0" enqueued="0" dynamicThreshold="31" maxThreshold="32" />
  <references type="weak" candidates="12203" cleared="5938" enqueued="5863" />
  <references type="phantom" candidates="1601" cleared="748" enqueued="748" />
  <stringconstants candidates="16401" cleared="1775"  />
</gc-op>
<gc-op id="100" type="classunload" timems="20.842" contextid="96" timestamp="2019-08-11T04:42:16.760">
  <classunload-info classloadercandidates="64" classloadersunloaded="9" classesunloaded="1011" anonymousclassesunloaded="0" quiescems="0.000" setupms="8.217" scanms="12.611" postms="0.014" />
</gc-op>
<gc-op id="101" type="sweep" timems="16.100" contextid="96" timestamp="2019-08-11T04:42:16.776" />
<mem-info id="102" free="4179186144" total="4203675648" percent="99">
  <mem type="tenure" free="4179186144" total="4203675648" percent="99" micro-fragmented="116442">
    <mem type="soa" free="3969002976" total="3993492480" percent="99" />
    <mem type="loa" free="210183168" total="210183168" percent="100" />
  </mem>
  <pending-finalizers system="3" default="0" reference="6611" classloader="0" />
</mem-info>
<gc-op id="103" type="compact" timems="66.650" contextid="96" timestamp="2019-08-11T04:42:16.842">
  <compact-info movecount="620309" movebytes="23356712" reason="compact to aid heap contraction" />
</gc-op>
<gc-end id="104" type="global" contextid="96" durationms="140.466" usertimems="442.915" systemtimems="21.576" timestamp="2019-08-11T04:42:16.843" activeThreads="16">
  <mem-info id="105" free="4179879152" total="4203675648" percent="99">
    <mem type="tenure" free="4179879152" total="4203675648" percent="99">
      <mem type="soa" free="3969695984" total="3993492480" percent="99" />
      <mem type="loa" free="210183168" total="210183168" percent="100" />
    </mem>
    <pending-finalizers system="3" default="0" reference="6611" classloader="0" />
  </mem-info>
</gc-end>
<cycle-end id="106" type="global" contextid="96" timestamp="2019-08-11T04:42:16.845" />
  <attribute name="elasticGC enabled" value="1" />
  <attribute name= "numThreadsSpecified" value="16" />
  <attribute name="heapSize specified" value="-91291648" />
  <attribute name="Current GC Util" value="365" />
  <attribute name= "Current Time Running" value="150708" />
  <attribute name ="GC Interval" value="0" />
  <attribute name="ProportionalT" value="142.500000" />
  <attribute name="ProportionalI" value="142.500000" />
  <attribute name="ProportionalH" value="142.500000" />
  <attribute name="Current Error" value="285.000000" />
  <attribute name="IntegralT" value="9405.000000" />
  <attribute name="IntegralI" value="9405.000000" />
  <attribute name="IntegralH" value="9405.000000" />
  <attribute name="DerivativeT" value="4.318182" />
  <attribute name="DerivativeI" value="4.318182" />
  <attribute name="DerivativeH" value="4.318182" />
  <attribute name="Loop Time for DT" value="66.000000" />
  <attribute name="Output H" value="8388608"/>
  <attribute name="Output I" value="4000"/>
  <attribute name="Output T" value="16"/>
  <attribute name="Target GC Util Change" value ="80.000000" />
  <attribute name="Current GC Util Change" value="365.000000"/>
  <attribute name="GC Util currently" value="365" />
  <attribute name="CPU Util currently" value="17283559822" />
<sys-end id="107" timestamp="2019-08-11T04:42:16.845" />
<exclusive-end id="108" timestamp="2019-08-11T04:42:16.845" durationms="142.746" />

===== DaCapo 9.12-MR1 sunflow starting =====
<exclusive-start id="109" timestamp="2019-08-11T04:42:22.331" intervalms="5627.915">
  <response-info timems="20.302" idlems="19.814" threads="1" lastid="0000000001923700" lastname="Thread-21" />
</exclusive-start>
<af-start id="110" threadId="0000000001941F88" totalBytesRequested="40" timestamp="2019-08-11T04:42:22.334" intervalms="13029.406" />
<cycle-start id="111" type="global" contextid="0" timestamp="2019-08-11T04:42:22.334" intervalms="5631.190" />
<gc-start id="112" type="global" contextid="111" timestamp="2019-08-11T04:42:22.334">
  <mem-info id="113" free="210183168" total="4203675648" percent="4">
    <mem type="tenure" free="210183168" total="4203675648" percent="4">
      <mem type="soa" free="0" total="3993492480" percent="0" />
      <mem type="loa" free="210183168" total="210183168" percent="100" />
    </mem>
  </mem-info>
</gc-start>
<allocation-stats totalBytes="3969180224" >
  <allocated-bytes non-tlh="3255960" tlh="3965924264" />
  <largest-consumer threadName="Thread-21" threadId="0000000001923700" bytes="344654968" />
</allocation-stats>
<gc-op id="114" type="mark" timems="49.210" contextid="111" timestamp="2019-08-11T04:42:22.383">
  <trace-info objectcount="751762" scancount="667760" scanbytes="19517444" />
  <finalization candidates="151" enqueued="0" />
  <ownableSynchronizers candidates="23" cleared="0" />
  <references type="soft" candidates="4924" cleared="0" enqueued="0" dynamicThreshold="31" maxThreshold="32" />
  <references type="weak" candidates="6303" cleared="25" enqueued="25" />
  <references type="phantom" candidates="835" cleared="0" enqueued="0" />
  <stringconstants candidates="15180" cleared="2"  />
</gc-op>
<gc-op id="115" type="sweep" timems="1999.541" contextid="111" timestamp="2019-08-11T04:42:24.383" />
<mem-info id="116" free="4174177168" total="4203675648" percent="99">
  <mem type="tenure" free="4174177168" total="4203675648" percent="99" micro-fragmented="1075900">
    <mem type="soa" free="3963994000" total="3993492480" percent="99" />
    <mem type="loa" free="210183168" total="210183168" percent="100" />
  </mem>
  <pending-finalizers system="0" default="0" reference="25" classloader="0" />
</mem-info>
<gc-op id="117" type="compact" timems="482.094" contextid="111" timestamp="2019-08-11T04:42:24.867">
  <compact-info movecount="671567" movebytes="25726632" reason="compact to aid heap contraction" />
</gc-op>
<gc-end id="118" type="global" contextid="111" durationms="2550.037" usertimems="2243.513" systemtimems="638.866" timestamp="2019-08-11T04:42:24.884" activeThreads="16">
  <mem-info id="119" free="4175564544" total="4203675648" percent="99">
    <mem type="tenure" free="4175564544" total="4203675648" percent="99">
      <mem type="soa" free="3965381376" total="3993492480" percent="99" />
      <mem type="loa" free="210183168" total="210183168" percent="100" />
    </mem>
    <pending-finalizers system="0" default="0" reference="25" classloader="0" />
  </mem-info>
</gc-end>
<cycle-end id="120" type="global" contextid="111" timestamp="2019-08-11T04:42:24.888" />
  <attribute name="elasticGC enabled" value="1" />
  <attribute name= "numThreadsSpecified" value="16" />
  <attribute name="heapSize specified" value="-91291648" />
  <attribute name="Current GC Util" value="145" />
  <attribute name= "Current Time Running" value="158734" />
  <attribute name ="GC Interval" value="0" />
  <attribute name="ProportionalT" value="32.500000" />
  <attribute name="ProportionalI" value="32.500000" />
  <attribute name="ProportionalH" value="32.500000" />
  <attribute name="Current Error" value="65.000000" />
  <attribute name="IntegralT" value="15697.500000" />
  <attribute name="IntegralI" value="15697.500000" />
  <attribute name="IntegralH" value="15697.500000" />
  <attribute name="DerivativeT" value="0.134576" />
  <attribute name="DerivativeI" value="0.134576" />
  <attribute name="DerivativeH" value="0.134576" />
  <attribute name="Loop Time for DT" value="483.000000" />
  <attribute name="Output H" value="8388608"/>
  <attribute name="Output I" value="4000"/>
  <attribute name="Output T" value="16"/>
  <attribute name="Target GC Util Change" value ="80.000000" />
  <attribute name="Current GC Util Change" value="145.000000"/>
  <attribute name="GC Util currently" value="145" />
  <attribute name="CPU Util currently" value="2391367866" />
<allocation-satisfied id="121" threadId="0000000001941600" bytesRequested="40" />
<af-end id="122" timestamp="2019-08-11T04:42:24.888" threadId="0000000001941F88" success="true" />
<exclusive-end id="123" timestamp="2019-08-11T04:42:24.888" durationms="2557.372" />

===== DaCapo 9.12-MR1 sunflow PASSED in 13608 msec =====
Using scaled threading model. 16 processors detected, 16 threads used to drive the workload, in a possible range of [1,1000]
<exclusive-start id="124" timestamp="2019-08-11T04:42:30.727" intervalms="8396.367">
  <response-info timems="0.039" idlems="0.039" threads="0" lastid="000000000163CF00" lastname="main" />
</exclusive-start>
<sys-start reason="explicit" id="125" timestamp="2019-08-11T04:42:30.727" intervalms="14024.224" />
<cycle-start id="126" type="global" contextid="0" timestamp="2019-08-11T04:42:30.727" intervalms="8393.041" />
<gc-start id="127" type="global" contextid="126" timestamp="2019-08-11T04:42:30.727">
  <mem-info id="128" free="387227896" total="4203675648" percent="9">
    <mem type="tenure" free="387227896" total="4203675648" percent="9">
      <mem type="soa" free="177044728" total="3993492480" percent="4" />
      <mem type="loa" free="210183168" total="210183168" percent="100" />
    </mem>
  </mem-info>
</gc-start>
<allocation-stats totalBytes="3787811216" >
  <allocated-bytes non-tlh="371112" tlh="3787440104" />
  <largest-consumer threadName="main" threadId="000000000163CF00" bytes="11345232" />
</allocation-stats>
<gc-op id="129" type="mark" timems="17.460" contextid="126" timestamp="2019-08-11T04:42:30.745">
  <trace-info objectcount="642714" scancount="556087" scanbytes="14694988" />
  <finalization candidates="154" enqueued="1" />
  <ownableSynchronizers candidates="23" cleared="0" />
  <references type="soft" candidates="4995" cleared="0" enqueued="0" dynamicThreshold="31" maxThreshold="32" />
  <references type="weak" candidates="6389" cleared="93" enqueued="93" />
  <references type="phantom" candidates="888" cleared="10" enqueued="10" />
  <stringconstants candidates="16172" cleared="22"  />
</gc-op>
<gc-op id="130" type="classunload" timems="0.011" contextid="126" timestamp="2019-08-11T04:42:30.745">
  <classunload-info classloadercandidates="68" classloadersunloaded="0" classesunloaded="0" anonymousclassesunloaded="0" quiescems="0.000" setupms="0.010" scanms="0.001" postms="0.000" />
</gc-op>
<gc-op id="131" type="sweep" timems="2478.997" contextid="126" timestamp="2019-08-11T04:42:33.224" />
<mem-info id="132" free="4180265424" total="4203675648" percent="99">
  <mem type="tenure" free="4180265424" total="4203675648" percent="99" micro-fragmented="286300">
    <mem type="soa" free="3970082256" total="3993492480" percent="99" />
    <mem type="loa" free="210183168" total="210183168" percent="100" />
  </mem>
  <pending-finalizers system="1" default="0" reference="103" classloader="0" />
</mem-info>
<gc-op id="133" type="compact" timems="818.075" contextid="126" timestamp="2019-08-11T04:42:34.045">
  <compact-info movecount="361197" movebytes="15005872" reason="compact to aid heap contraction" />
</gc-op>
<gc-end id="134" type="global" contextid="126" durationms="3342.128" usertimems="2504.179" systemtimems="607.572" timestamp="2019-08-11T04:42:34.069" activeThreads="16">
  <mem-info id="135" free="4180706696" total="4203675648" percent="99">
    <mem type="tenure" free="4180706696" total="4203675648" percent="99">
      <mem type="soa" free="3970523528" total="3993492480" percent="99" />
      <mem type="loa" free="210183168" total="210183168" percent="100" />
    </mem>
    <pending-finalizers system="1" default="0" reference="103" classloader="0" />
  </mem-info>
</gc-end>
<cycle-end id="136" type="global" contextid="126" timestamp="2019-08-11T04:42:34.079" />
  <attribute name="elasticGC enabled" value="1" />
  <attribute name= "numThreadsSpecified" value="16" />
  <attribute name="heapSize specified" value="-91291648" />
  <attribute name="Current GC Util" value="69" />
  <attribute name= "Current Time Running" value="167912" />
  <attribute name ="GC Interval" value="0" />
  <attribute name="ProportionalT" value="-5.500000" />
  <attribute name="ProportionalI" value="-5.500000" />
  <attribute name="ProportionalH" value="-5.500000" />
  <attribute name="Current Error" value="-11.000000" />
  <attribute name="IntegralT" value="-4504.500000" />
  <attribute name="IntegralI" value="-4504.500000" />
  <attribute name="IntegralH" value="-4504.500000" />
  <attribute name="DerivativeT" value="-0.013431" />
  <attribute name="DerivativeI" value="-0.013431" />
  <attribute name="DerivativeH" value="-0.013431" />
  <attribute name="Loop Time for DT" value="819.000000" />
  <attribute name="Output H" value="4203675648"/>
  <attribute name="Output I" value="200"/>
  <attribute name="Output T" value="16"/>
  <attribute name="Target GC Util Change" value ="80.000000" />
  <attribute name="Current GC Util Change" value="69.000000"/>
  <attribute name="GC Util currently" value="69" />
  <attribute name="CPU Util currently" value="1409165702" />
<sys-end id="137" timestamp="2019-08-11T04:42:34.085" />
<exclusive-end id="138" timestamp="2019-08-11T04:42:34.093" durationms="3366.191" />

===== DaCapo 9.12-MR1 xalan starting =====
<exclusive-start id="139" timestamp="2019-08-11T04:42:44.551" intervalms="13823.643">
  <response-info timems="12.726" idlems="6.636" threads="6" lastid="0000000001981100" lastname="Thread-50" />
</exclusive-start>
<af-start id="140" threadId="000000000197A288" totalBytesRequested="16" timestamp="2019-08-11T04:42:44.551" intervalms="22217.148" />
<cycle-start id="141" type="global" contextid="0" timestamp="2019-08-11T04:42:44.551" intervalms="13824.112" />
<gc-start id="142" type="global" contextid="141" timestamp="2019-08-11T04:42:44.551">
  <mem-info id="143" free="210183168" total="4203675648" percent="4">
    <mem type="tenure" free="210183168" total="4203675648" percent="4">
      <mem type="soa" free="0" total="3993492480" percent="0" />
      <mem type="loa" free="210183168" total="210183168" percent="100" />
    </mem>
  </mem-info>
</gc-start>
<allocation-stats totalBytes="3969010560" >
  <allocated-bytes non-tlh="1729920" tlh="3967280640" />
  <largest-consumer threadName="Thread-52" threadId="0000000001957E00" bytes="307389320" />
</allocation-stats>
<gc-op id="144" type="mark" timems="59.494" contextid="141" timestamp="2019-08-11T04:42:44.611">
  <trace-info objectcount="675369" scancount="584182" scanbytes="17075136" />
  <finalization candidates="160" enqueued="6" />
  <ownableSynchronizers candidates="23" cleared="1" />
  <references type="soft" candidates="5020" cleared="0" enqueued="0" dynamicThreshold="31" maxThreshold="32" />
  <references type="weak" candidates="6386" cleared="20" enqueued="19" />
  <references type="phantom" candidates="900" cleared="0" enqueued="0" />
  <stringconstants candidates="16522" cleared="0"  />
</gc-op>
<gc-op id="145" type="sweep" timems="1507.163" contextid="141" timestamp="2019-08-11T04:42:46.125" />
<mem-info id="146" free="4175001920" total="4203675648" percent="99">
  <mem type="tenure" free="4175001920" total="4203675648" percent="99" micro-fragmented="340452">
    <mem type="soa" free="3964818752" total="3993492480" percent="99" />
    <mem type="loa" free="210183168" total="210183168" percent="100" />
  </mem>
  <pending-finalizers system="6" default="0" reference="19" classloader="0" />
</mem-info>
<gc-op id="147" type="compact" timems="193.813" contextid="141" timestamp="2019-08-11T04:42:46.319">
  <compact-info movecount="123249" movebytes="8897008" reason="compact to aid heap contraction" />
</gc-op>
<gc-end id="148" type="global" contextid="141" durationms="1800.667" usertimems="1537.679" systemtimems="337.528" timestamp="2019-08-11T04:42:46.352" activeThreads="16">
  <mem-info id="149" free="4175556968" total="4203675648" percent="99">
    <mem type="tenure" free="4175556968" total="4203675648" percent="99">
      <mem type="soa" free="3965373800" total="3993492480" percent="99" />
      <mem type="loa" free="210183168" total="210183168" percent="100" />
    </mem>
    <pending-finalizers system="6" default="0" reference="19" classloader="0" />
  </mem-info>
</gc-end>
<cycle-end id="150" type="global" contextid="141" timestamp="2019-08-11T04:42:46.368" />
  <attribute name="elasticGC enabled" value="1" />
  <attribute name= "numThreadsSpecified" value="16" />
  <attribute name="heapSize specified" value="-91291648" />
  <attribute name="Current GC Util" value="134" />
  <attribute name= "Current Time Running" value="180185" />
  <attribute name ="GC Interval" value="0" />
  <attribute name="ProportionalT" value="27.000000" />
  <attribute name="ProportionalI" value="27.000000" />
  <attribute name="ProportionalH" value="27.000000" />
  <attribute name="Current Error" value="54.000000" />
  <attribute name="IntegralT" value="5238.000000" />
  <attribute name="IntegralI" value="5238.000000" />
  <attribute name="IntegralH" value="5238.000000" />
  <attribute name="DerivativeT" value="0.278351" />
  <attribute name="DerivativeI" value="0.278351" />
  <attribute name="DerivativeH" value="0.278351" />
  <attribute name="Loop Time for DT" value="194.000000" />
  <attribute name="Output H" value="8388608"/>
  <attribute name="Output I" value="4000"/>
  <attribute name="Output T" value="16"/>
  <attribute name="Target GC Util Change" value ="80.000000" />
  <attribute name="Current GC Util Change" value="134.000000"/>
  <attribute name="GC Util currently" value="134" />
  <attribute name="CPU Util currently" value="5945314987" />
<allocation-satisfied id="151" threadId="0000000001979900" bytesRequested="16" />
<af-end id="152" timestamp="2019-08-11T04:42:46.370" threadId="000000000197A288" success="true" />
<exclusive-end id="153" timestamp="2019-08-11T04:42:46.370" durationms="1819.302" />

<exclusive-start id="154" timestamp="2019-08-11T04:42:53.382" intervalms="8831.327">
  <response-info timems="4.467" idlems="3.527" threads="1" lastid="000000000196E500" lastname="Thread-46" />
</exclusive-start>
<af-start id="155" threadId="000000000197A288" totalBytesRequested="2056" timestamp="2019-08-11T04:42:53.382" intervalms="8830.900" />
<cycle-start id="156" type="global" contextid="0" timestamp="2019-08-11T04:42:53.382" intervalms="8830.890" />
<gc-start id="157" type="global" contextid="156" timestamp="2019-08-11T04:42:53.382">
  <mem-info id="158" free="210183168" total="4203675648" percent="4">
    <mem type="tenure" free="210183168" total="4203675648" percent="4">
      <mem type="soa" free="0" total="3993492480" percent="0" />
      <mem type="loa" free="210183168" total="210183168" percent="100" />
    </mem>
  </mem-info>
</gc-start>
<allocation-stats totalBytes="3963739552" >
  <allocated-bytes non-tlh="0" tlh="3963739552" />
  <largest-consumer threadName="Thread-37" threadId="0000000001939F00" bytes="305535248" />
</allocation-stats>
<gc-op id="159" type="mark" timems="137.027" contextid="156" timestamp="2019-08-11T04:42:53.519">
  <trace-info objectcount="666179" scancount="575274" scanbytes="16717380" />
  <finalization candidates="154" enqueued="0" />
  <ownableSynchronizers candidates="22" cleared="0" />
  <references type="soft" candidates="5020" cleared="0" enqueued="0" dynamicThreshold="31" maxThreshold="32" />
  <references type="weak" candidates="6368" cleared="0" enqueued="0" />
  <references type="phantom" candidates="910" cleared="0" enqueued="0" />
  <stringconstants candidates="16522" cleared="0"  />
</gc-op>
<gc-op id="160" type="sweep" timems="1193.600" contextid="156" timestamp="2019-08-11T04:42:54.713" />
<mem-info id="161" free="4176386424" total="4203675648" percent="99">
  <mem type="tenure" free="4176386424" total="4203675648" percent="99" micro-fragmented="32939">
    <mem type="soa" free="3966203256" total="3993492480" percent="99" />
    <mem type="loa" free="210183168" total="210183168" percent="100" />
  </mem>
</mem-info>
<gc-op id="162" type="compact" timems="94.553" contextid="156" timestamp="2019-08-11T04:42:54.808">
  <compact-info movecount="99398" movebytes="7557872" reason="compact to aid heap contraction" />
</gc-op>
<gc-end id="163" type="global" contextid="156" durationms="1455.924" usertimems="1320.075" systemtimems="157.954" timestamp="2019-08-11T04:42:54.838" activeThreads="16">
  <mem-info id="164" free="4176479104" total="4203675648" percent="99">
    <mem type="tenure" free="4176479104" total="4203675648" percent="99">
      <mem type="soa" free="3966295936" total="3993492480" percent="99" />
      <mem type="loa" free="210183168" total="210183168" percent="100" />
    </mem>
  </mem-info>
</gc-end>
<cycle-end id="165" type="global" contextid="156" timestamp="2019-08-11T04:42:54.849" />
  <attribute name="elasticGC enabled" value="1" />
  <attribute name= "numThreadsSpecified" value="16" />
  <attribute name="heapSize specified" value="-91291648" />
  <attribute name="Current GC Util" value="157" />
  <attribute name= "Current Time Running" value="188680" />
  <attribute name ="GC Interval" value="0" />
  <attribute name="ProportionalT" value="38.500000" />
  <attribute name="ProportionalI" value="38.500000" />
  <attribute name="ProportionalH" value="38.500000" />
  <attribute name="Current Error" value="77.000000" />
  <attribute name="IntegralT" value="3888.500000" />
  <attribute name="IntegralI" value="3888.500000" />
  <attribute name="IntegralH" value="3888.500000" />
  <attribute name="DerivativeT" value="0.762376" />
  <attribute name="DerivativeI" value="0.762376" />
  <attribute name="DerivativeH" value="0.762376" />
  <attribute name="Loop Time for DT" value="101.000000" />
  <attribute name="Output H" value="8388608"/>
  <attribute name="Output I" value="3928"/>
  <attribute name="Output T" value="16"/>
  <attribute name="Target GC Util Change" value ="80.000000" />
  <attribute name="Current GC Util Change" value="157.000000"/>
  <attribute name="GC Util currently" value="157" />
  <attribute name="CPU Util currently" value="11392944098" />
<allocation-satisfied id="166" threadId="0000000001979900" bytesRequested="2056" />
<af-end id="167" timestamp="2019-08-11T04:42:54.849" threadId="000000000197A288" success="true" />
<exclusive-end id="168" timestamp="2019-08-11T04:42:54.849" durationms="1467.269" />

===== DaCapo 9.12-MR1 xalan PASSED in 22240 msec =====
</verbosegc>

