
<?xml version="1.0" ?>

<verbosegc xmlns="http://www.ibm.com/j9/verbosegc" version="10b4217_CMPRSS">

<gc check installed>
<initialized id="1" timestamp="2019-08-11T05:13:49.482">
  <attribute name="gcPolicy" value="-Xgcpolicy:optavgpause" />
  <attribute name="elasticGC enabled" value="1" />
  <attribute name= "numThreadsSpecified" value="0" />
  <attribute name="heapSize specified" value="0" />
  <attribute name="Current GC Util" value="0" />
  <attribute name= "Current Time Running" value="0" />
  <attribute name ="GC Interval" value="0" />
  <attribute name="ProportionalT" value="0.000000" />
  <attribute name="ProportionalI" value="0.000000" />
  <attribute name="ProportionalH" value="0.000000" />
  <attribute name="IntegralT" value="0.000000" />
  <attribute name="IntegralI" value="0.000000" />
  <attribute name="IntegralH" value="0.000000" />
  <attribute name="DerivativeT" value="0.000000" />
  <attribute name="DerivativeI" value="0.000000" />
  <attribute name="DerivativeH" value="0.000000" />
  <attribute name="Target GC Util Change" value ="0.000000" />
  <attribute name="Current GC Util Change" value="0.000000"/>
  <attribute name="Current Error" value="0.000000" />
  <attribute name="Loop Time for DT" value="0.000000" />
  <attribute name="Output H" value="0"/>
  <attribute name="Output I" value="0"/>
  <attribute name="Output T" value="0"/>
  <attribute name="GC Util currently" value="0" />
  <attribute name="CPU Util currently" value="0" />
  <attribute name="maxHeapSize" value="0xfa900000" />
  <attribute name="initialHeapSize" value="0x800000" />
  <attribute name="compressedRefs" value="true" />
  <attribute name="compressedRefsDisplacement" value="0x0" />
  <attribute name="compressedRefsShift" value="0x3" />
  <attribute name="pageSize" value="0x1000" />
  <attribute name="pageType" value="not used" />
  <attribute name="requestedPageSize" value="0x1000" />
  <attribute name="requestedPageType" value="not used" />
  <attribute name="gcthreads" value="16" />
  <attribute name="packetListSplit" value="16" />
  <attribute name="cacheListSplit" value="16" />
  <attribute name="splitFreeListSplitAmount" value="2" />
  <attribute name="numaNodes" value="0" />
  <system>
    <attribute name="physicalMemory" value="16815001600" />
    <attribute name="numCPUs" value="16" />
    <attribute name="architecture" value="amd64" />
    <attribute name="os" value="Linux" />
    <attribute name="osVersion" value="4.15.0" />
  </system>
  <vmargs>
    <vmarg name="-Xoptionsfile=/jdk/lib/options.default" />
    <vmarg name="-Xlockword:mode=default,noLockword=java/lang/String,noLockword=java/util/MapEntry,noLockword=java/util/HashMap$Entry,noLockword..." />
    <vmarg name="-Xjcl:jclse29" />
    <vmarg name="-Dcom.ibm.oti.vm.bootstrap.library.path=/jdk/lib/compressedrefs:/jdk/lib" />
    <vmarg name="-Dsun.boot.library.path=/jdk/lib/compressedrefs:/jdk/lib" />
    <vmarg name="-Djava.library.path=/jdk/lib/compressedrefs:/jdk/lib:/usr/lib64:/usr/lib" />
    <vmarg name="-Djava.home=/jdk" />
    <vmarg name="-Duser.dir=/" />
    <vmarg name="-Xgcelastic" />
    <vmarg name="-Xcheck:gc:::elasticGC" />
    <vmarg name="-Xgcpolicy:optavgpause" />
    <vmarg name="-verbose:gc" />
    <vmarg name="-Djava.class.path=dacapo-9.12-MR1-bach.jar" />
    <vmarg name="-Dsun.java.command=dacapo-9.12-MR1-bach.jar avrora jython pmd sunflow xalan --size=large" />
    <vmarg name="-Dsun.java.launcher=SUN_STANDARD" />
    <vmarg name="-Dsun.java.launcher.pid=1" />
  </vmargs>
</initialized>

<exclusive-start id="2" timestamp="2019-08-11T05:13:49.716" intervalms="233.577">
  <response-info timems="0.015" idlems="0.015" threads="0" lastid="0000000001ABCF00" lastname="main" />
</exclusive-start>
<sys-start reason="explicit" id="3" timestamp="2019-08-11T05:13:49.716" intervalms="233.637" />
<cycle-start id="4" type="global" contextid="0" timestamp="2019-08-11T05:13:49.716" intervalms="233.649" />
<gc-start id="5" type="global" contextid="4" timestamp="2019-08-11T05:13:49.716">
  <mem-info id="6" free="2317448" total="8388608" percent="27">
    <mem type="tenure" free="2317448" total="8388608" percent="27">
      <mem type="soa" free="1898632" total="7969792" percent="23" />
      <mem type="loa" free="418816" total="418816" percent="100" />
    </mem>
  </mem-info>
</gc-start>
<allocation-stats totalBytes="6061176" >
  <allocated-bytes non-tlh="455544" tlh="5605632" />
  <largest-consumer threadName="main" threadId="0000000001ABCF00" bytes="5976656" />
</allocation-stats>
<gc-op id="7" type="mark" timems="2.297" contextid="4" timestamp="2019-08-11T05:13:49.718">
  <trace-info objectcount="17937" scancount="14824" scanbytes="467780" />
  <finalization candidates="14" enqueued="1" />
  <references type="soft" candidates="66" cleared="0" enqueued="0" dynamicThreshold="32" maxThreshold="32" />
  <references type="weak" candidates="553" cleared="411" enqueued="372" />
  <references type="phantom" candidates="99" cleared="41" enqueued="41" />
  <stringconstants candidates="2455" cleared="0"  />
</gc-op>
<gc-op id="8" type="classunload" timems="0.002" contextid="4" timestamp="2019-08-11T05:13:49.718">
  <classunload-info classloadercandidates="6" classloadersunloaded="0" classesunloaded="0" anonymousclassesunloaded="0" quiescems="0.000" setupms="0.002" scanms="0.000" postms="0.000" />
</gc-op>
<gc-op id="9" type="sweep" timems="0.488" contextid="4" timestamp="2019-08-11T05:13:49.719" />
<mem-info id="10" free="7121792" total="8388608" percent="84">
  <mem type="tenure" free="7121792" total="8388608" percent="84" micro-fragmented="292966">
    <mem type="soa" free="6702976" total="7969792" percent="84" />
    <mem type="loa" free="418816" total="418816" percent="100" />
  </mem>
  <pending-finalizers system="1" default="0" reference="413" classloader="0" />
</mem-info>
<gc-op id="11" type="compact" timems="4.211" contextid="4" timestamp="2019-08-11T05:13:49.723">
  <compact-info movecount="17936" movebytes="1027152" reason="compact to aid heap contraction" />
</gc-op>
<heap-resize id="12" type="expand" space="tenure" amount="4195287040" count="1" timems="0.296" reason="satisfy allocation request" timestamp="2019-08-11T05:13:49.723" />
<gc-end id="13" type="global" contextid="4" durationms="7.622" usertimems="8.428" systemtimems="1.911" timestamp="2019-08-11T05:13:49.723" activeThreads="16">
  <mem-info id="14" free="4202648408" total="4203675648" percent="99">
    <mem type="tenure" free="4202648408" total="4203675648" percent="99">
      <mem type="soa" free="3992465240" total="3993492480" percent="99" />
      <mem type="loa" free="210183168" total="210183168" percent="100" />
    </mem>
    <pending-finalizers system="1" default="0" reference="413" classloader="0" />
  </mem-info>
</gc-end>
<cycle-end id="15" type="global" contextid="4" timestamp="2019-08-11T05:13:49.723" />
  <attribute name="elasticGC enabled" value="1" />
  <attribute name= "numThreadsSpecified" value="16" />
  <attribute name="heapSize specified" value="8388608" />
  <attribute name="Current GC Util" value="45" />
  <attribute name= "Current Time Running" value="182" />
  <attribute name ="GC Interval" value="0" />
  <attribute name="ProportionalT" value="-17.500000" />
  <attribute name="ProportionalI" value="-17.500000" />
  <attribute name="ProportionalH" value="-17.500000" />
  <attribute name="Current Error" value="-35.000000" />
  <attribute name="IntegralT" value="-6987.500000" />
  <attribute name="IntegralI" value="-6987.500000" />
  <attribute name="IntegralH" value="-6987.500000" />
  <attribute name="DerivativeT" value="-8.750000" />
  <attribute name="DerivativeI" value="-8.750000" />
  <attribute name="DerivativeH" value="-8.750000" />
  <attribute name="Loop Time for DT" value="4.000000" />
  <attribute name="Output H" value="4203675648"/>
  <attribute name="Output I" value="200"/>
  <attribute name="Output T" value="16"/>
  <attribute name="Target GC Util Change" value ="80.000000" />
  <attribute name="Current GC Util Change" value="45.000000"/>
  <attribute name="GC Util currently" value="45" />
  <attribute name="CPU Util currently" value="21" />
<sys-end id="16" timestamp="2019-08-11T05:13:49.723" />
<exclusive-end id="17" timestamp="2019-08-11T05:13:49.723" durationms="7.745" />

===== DaCapo 9.12-MR1 avrora starting =====
===== DaCapo 9.12-MR1 avrora PASSED in 110708 msec =====
WARNING: An illegal reflective access operation has occurred
WARNING: Illegal reflective access by com.google.common.base.internal.Finalizer (file:/./scratch/jar/guava-r07.jar) to field java.lang.Thread.inheritableThreadLocals
WARNING: Please consider reporting this to the maintainers of com.google.common.base.internal.Finalizer
WARNING: Use --illegal-access=warn to enable warnings of further illegal reflective access operations
WARNING: All illegal access operations will be denied in a future release
<exclusive-start id="18" timestamp="2019-08-11T05:15:42.877" intervalms="113161.268">
  <response-info timems="0.035" idlems="0.035" threads="0" lastid="0000000001ABCF00" lastname="main" />
</exclusive-start>
<sys-start reason="explicit" id="19" timestamp="2019-08-11T05:15:42.878" intervalms="113162.521" />
<cycle-start id="20" type="global" contextid="0" timestamp="2019-08-11T05:15:42.878" intervalms="113162.522" />
<gc-start id="21" type="global" contextid="20" timestamp="2019-08-11T05:15:42.878">
  <mem-info id="22" free="3938881496" total="4203675648" percent="93">
    <mem type="tenure" free="3938881496" total="4203675648" percent="93">
      <mem type="soa" free="3728698328" total="3993492480" percent="93" />
      <mem type="loa" free="210183168" total="210183168" percent="100" />
    </mem>
  </mem-info>
</gc-start>
<allocation-stats totalBytes="263607448" >
  <allocated-bytes non-tlh="3703680" tlh="259903768" />
  <largest-consumer threadName="main" threadId="0000000001ABCF00" bytes="87855584" />
</allocation-stats>
<gc-op id="23" type="mark" timems="20.569" contextid="20" timestamp="2019-08-11T05:15:42.899">
  <trace-info objectcount="76666" scancount="63865" scanbytes="2130280" />
  <finalization candidates="82" enqueued="2" />
  <ownableSynchronizers candidates="21" cleared="0" />
  <references type="soft" candidates="1641" cleared="0" enqueued="0" dynamicThreshold="31" maxThreshold="32" />
  <references type="weak" candidates="5218" cleared="744" enqueued="580" />
  <references type="phantom" candidates="135" cleared="37" enqueued="37" />
  <stringconstants candidates="10077" cleared="1394"  />
</gc-op>
<gc-op id="24" type="classunload" timems="7.120" contextid="20" timestamp="2019-08-11T05:15:42.906">
  <classunload-info classloadercandidates="18" classloadersunloaded="2" classesunloaded="509" anonymousclassesunloaded="0" quiescems="0.000" setupms="2.059" scanms="5.057" postms="0.004" />
</gc-op>
<gc-op id="25" type="sweep" timems="60.366" contextid="20" timestamp="2019-08-11T05:15:42.966" />
<mem-info id="26" free="4197996904" total="4203675648" percent="99">
  <mem type="tenure" free="4197996904" total="4203675648" percent="99" micro-fragmented="651750">
    <mem type="soa" free="3987813736" total="3993492480" percent="99" />
    <mem type="loa" free="210183168" total="210183168" percent="100" />
  </mem>
  <pending-finalizers system="2" default="0" reference="617" classloader="0" />
</mem-info>
<gc-op id="27" type="compact" timems="38.598" contextid="20" timestamp="2019-08-11T05:15:43.005">
  <compact-info movecount="75995" movebytes="4669168" reason="compact to aid heap contraction" />
</gc-op>
<gc-end id="28" type="global" contextid="20" durationms="128.025" usertimems="242.126" systemtimems="0.000" timestamp="2019-08-11T05:15:43.006" activeThreads="16">
  <mem-info id="29" free="4198987896" total="4203675648" percent="99">
    <mem type="tenure" free="4198987896" total="4203675648" percent="99">
      <mem type="soa" free="3988804728" total="3993492480" percent="99" />
      <mem type="loa" free="210183168" total="210183168" percent="100" />
    </mem>
    <pending-finalizers system="2" default="0" reference="617" classloader="0" />
  </mem-info>
</gc-end>
<cycle-end id="30" type="global" contextid="20" timestamp="2019-08-11T05:15:43.008" />
  <attribute name="elasticGC enabled" value="1" />
  <attribute name= "numThreadsSpecified" value="16" />
  <attribute name="heapSize specified" value="-91291648" />
  <attribute name="Current GC Util" value="211" />
  <attribute name= "Current Time Running" value="113465" />
  <attribute name ="GC Interval" value="0" />
  <attribute name="ProportionalT" value="65.500000" />
  <attribute name="ProportionalI" value="65.500000" />
  <attribute name="ProportionalH" value="65.500000" />
  <attribute name="Current Error" value="131.000000" />
  <attribute name="IntegralT" value="2554.500000" />
  <attribute name="IntegralI" value="2554.500000" />
  <attribute name="IntegralH" value="2554.500000" />
  <attribute name="DerivativeT" value="3.358974" />
  <attribute name="DerivativeI" value="3.358974" />
  <attribute name="DerivativeH" value="3.358974" />
  <attribute name="Loop Time for DT" value="39.000000" />
  <attribute name="Output H" value="8388608"/>
  <attribute name="Output I" value="2624"/>
  <attribute name="Output T" value="16"/>
  <attribute name="Target GC Util Change" value ="80.000000" />
  <attribute name="Current GC Util Change" value="211.000000"/>
  <attribute name="GC Util currently" value="211" />
  <attribute name="CPU Util currently" value="10" />
<sys-end id="31" timestamp="2019-08-11T05:15:43.008" />
<exclusive-end id="32" timestamp="2019-08-11T05:15:43.008" durationms="130.718" />

===== DaCapo 9.12-MR1 jython starting =====
-------------------------------------------------------------------------------
PYBENCH 2.0
-------------------------------------------------------------------------------
* using Python 2.5.2
* system check interval set to maximum: 2147483647
* using timer: time.time

Calibrating tests. Please wait...

Running 4 round(s) of the suite at warp factor 10:

* Round 1 done in 17.287 seconds.
<exclusive-start id="33" timestamp="2019-08-11T05:16:03.631" intervalms="20754.367">
  <response-info timems="0.023" idlems="0.023" threads="0" lastid="0000000001ABCF00" lastname="main" />
</exclusive-start>
<af-start id="34" threadId="0000000001ABD888" totalBytesRequested="1168" timestamp="2019-08-11T05:16:03.631" intervalms="134149.267" />
<cycle-start id="35" type="global" contextid="0" timestamp="2019-08-11T05:16:03.631" intervalms="20753.137" />
<gc-start id="36" type="global" contextid="35" timestamp="2019-08-11T05:16:03.631">
  <mem-info id="37" free="210183168" total="4203675648" percent="4">
    <mem type="tenure" free="210183168" total="4203675648" percent="4">
      <mem type="soa" free="0" total="3993492480" percent="0" />
      <mem type="loa" free="210183168" total="210183168" percent="100" />
    </mem>
  </mem-info>
</gc-start>
<allocation-stats totalBytes="3984149704" >
  <allocated-bytes non-tlh="14522696" tlh="3969627008" />
  <largest-consumer threadName="main" threadId="0000000001ABCF00" bytes="3984121368" />
</allocation-stats>
<gc-op id="38" type="mark" timems="20.082" contextid="35" timestamp="2019-08-11T05:16:03.652">
  <trace-info objectcount="610590" scancount="530548" scanbytes="13693812" />
  <finalization candidates="85" enqueued="5" />
  <ownableSynchronizers candidates="21" cleared="0" />
  <references type="soft" candidates="4868" cleared="0" enqueued="0" dynamicThreshold="31" maxThreshold="32" />
  <references type="weak" candidates="5771" cleared="81" enqueued="72" />
  <references type="phantom" candidates="100" cleared="2" enqueued="2" />
  <stringconstants candidates="13868" cleared="24"  />
</gc-op>
<gc-op id="39" type="classunload" timems="0.495" contextid="35" timestamp="2019-08-11T05:16:03.652">
  <classunload-info classloadercandidates="59" classloadersunloaded="3" classesunloaded="3" anonymousclassesunloaded="0" quiescems="0.000" setupms="0.476" scanms="0.015" postms="0.004" />
</gc-op>
<gc-op id="40" type="sweep" timems="593.288" contextid="35" timestamp="2019-08-11T05:16:04.245" />
<mem-info id="41" free="4173942200" total="4203675648" percent="99">
  <mem type="tenure" free="4173942200" total="4203675648" percent="99" micro-fragmented="1852813">
    <mem type="soa" free="3963759032" total="3993492480" percent="99" />
    <mem type="loa" free="210183168" total="210183168" percent="100" />
  </mem>
  <pending-finalizers system="0" default="5" reference="74" classloader="0" />
</mem-info>
<gc-op id="42" type="compact" timems="42.311" contextid="35" timestamp="2019-08-11T05:16:04.288">
  <compact-info movecount="606981" movebytes="18195344" reason="compact to aid heap contraction" />
</gc-op>
<gc-end id="43" type="global" contextid="35" durationms="656.841" usertimems="896.732" systemtimems="0.000" timestamp="2019-08-11T05:16:04.288" activeThreads="16">
  <mem-info id="44" free="4185233400" total="4203675648" percent="99">
    <mem type="tenure" free="4185233400" total="4203675648" percent="99">
      <mem type="soa" free="3975050232" total="3993492480" percent="99" />
      <mem type="loa" free="210183168" total="210183168" percent="100" />
    </mem>
    <pending-finalizers system="0" default="5" reference="74" classloader="0" />
  </mem-info>
</gc-end>
<cycle-end id="45" type="global" contextid="35" timestamp="2019-08-11T05:16:04.289" />
  <attribute name="elasticGC enabled" value="1" />
  <attribute name= "numThreadsSpecified" value="16" />
  <attribute name="heapSize specified" value="-91291648" />
  <attribute name="Current GC Util" value="394" />
  <attribute name= "Current Time Running" value="134747" />
  <attribute name ="GC Interval" value="0" />
  <attribute name="ProportionalT" value="157.000000" />
  <attribute name="ProportionalI" value="157.000000" />
  <attribute name="ProportionalH" value="157.000000" />
  <attribute name="Current Error" value="314.000000" />
  <attribute name="IntegralT" value="6594.000000" />
  <attribute name="IntegralI" value="6594.000000" />
  <attribute name="IntegralH" value="6594.000000" />
  <attribute name="DerivativeT" value="7.476190" />
  <attribute name="DerivativeI" value="7.476190" />
  <attribute name="DerivativeH" value="7.476190" />
  <attribute name="Loop Time for DT" value="42.000000" />
  <attribute name="Output H" value="8388608"/>
  <attribute name="Output I" value="4000"/>
  <attribute name="Output T" value="16"/>
  <attribute name="Target GC Util Change" value ="80.000000" />
  <attribute name="Current GC Util Change" value="394.000000"/>
  <attribute name="GC Util currently" value="394" />
  <attribute name="CPU Util currently" value="27229433603" />
<allocation-satisfied id="46" threadId="0000000001ABCF00" bytesRequested="1168" />
<af-end id="47" timestamp="2019-08-11T05:16:04.289" threadId="0000000001ABD888" success="true" />
<exclusive-end id="48" timestamp="2019-08-11T05:16:04.289" durationms="657.331" />

* Round 2 done in 2.939 seconds.
<exclusive-start id="49" timestamp="2019-08-11T05:16:06.661" intervalms="3029.811">
  <response-info timems="0.026" idlems="0.026" threads="0" lastid="0000000001ABCF00" lastname="main" />
</exclusive-start>
<af-start id="50" threadId="0000000001ABD888" totalBytesRequested="264" timestamp="2019-08-11T05:16:06.661" intervalms="3029.808" />
<cycle-start id="51" type="global" contextid="0" timestamp="2019-08-11T05:16:06.661" intervalms="3029.782" />
<gc-start id="52" type="global" contextid="51" timestamp="2019-08-11T05:16:06.661">
  <mem-info id="53" free="210183168" total="4203675648" percent="4">
    <mem type="tenure" free="210183168" total="4203675648" percent="4">
      <mem type="soa" free="0" total="3993492480" percent="0" />
      <mem type="loa" free="210183168" total="210183168" percent="100" />
    </mem>
  </mem-info>
</gc-start>
<allocation-stats totalBytes="3970661752" >
  <allocated-bytes non-tlh="120" tlh="3970661632" />
  <largest-consumer threadName="main" threadId="0000000001ABCF00" bytes="3970649344" />
</allocation-stats>
<gc-op id="54" type="mark" timems="12.914" contextid="51" timestamp="2019-08-11T05:16:06.674">
  <trace-info objectcount="610378" scancount="530390" scanbytes="13689952" />
  <finalization candidates="80" enqueued="0" />
  <ownableSynchronizers candidates="21" cleared="0" />
  <references type="soft" candidates="4868" cleared="0" enqueued="0" dynamicThreshold="31" maxThreshold="32" />
  <references type="weak" candidates="5746" cleared="14" enqueued="6" />
  <references type="phantom" candidates="98" cleared="1" enqueued="1" />
  <stringconstants candidates="13846" cleared="0"  />
</gc-op>
<gc-op id="55" type="sweep" timems="628.433" contextid="51" timestamp="2019-08-11T05:16:07.303" />
<mem-info id="56" free="4185311096" total="4203675648" percent="99">
  <mem type="tenure" free="4185311096" total="4203675648" percent="99" micro-fragmented="17983">
    <mem type="soa" free="3975127928" total="3993492480" percent="99" />
    <mem type="loa" free="210183168" total="210183168" percent="100" />
  </mem>
  <pending-finalizers system="0" default="0" reference="7" classloader="0" />
</mem-info>
<gc-op id="57" type="compact" timems="59.162" contextid="51" timestamp="2019-08-11T05:16:07.362">
  <compact-info movecount="548164" movebytes="15899992" reason="compact to aid heap contraction" />
</gc-op>
<gc-end id="58" type="global" contextid="51" durationms="701.196" usertimems="936.147" systemtimems="0.000" timestamp="2019-08-11T05:16:07.362" activeThreads="16">
  <mem-info id="59" free="4185269640" total="4203675648" percent="99">
    <mem type="tenure" free="4185269640" total="4203675648" percent="99">
      <mem type="soa" free="3975086472" total="3993492480" percent="99" />
      <mem type="loa" free="210183168" total="210183168" percent="100" />
    </mem>
    <pending-finalizers system="0" default="0" reference="7" classloader="0" />
  </mem-info>
</gc-end>
<cycle-end id="60" type="global" contextid="51" timestamp="2019-08-11T05:16:07.363" />
  <attribute name="elasticGC enabled" value="1" />
  <attribute name= "numThreadsSpecified" value="16" />
  <attribute name="heapSize specified" value="-91291648" />
  <attribute name="Current GC Util" value="360" />
  <attribute name= "Current Time Running" value="137821" />
  <attribute name ="GC Interval" value="0" />
  <attribute name="ProportionalT" value="140.000000" />
  <attribute name="ProportionalI" value="140.000000" />
  <attribute name="ProportionalH" value="140.000000" />
  <attribute name="Current Error" value="280.000000" />
  <attribute name="IntegralT" value="8260.000000" />
  <attribute name="IntegralI" value="8260.000000" />
  <attribute name="IntegralH" value="8260.000000" />
  <attribute name="DerivativeT" value="4.745763" />
  <attribute name="DerivativeI" value="4.745763" />
  <attribute name="DerivativeH" value="4.745763" />
  <attribute name="Loop Time for DT" value="59.000000" />
  <attribute name="Output H" value="8388608"/>
  <attribute name="Output I" value="4000"/>
  <attribute name="Output T" value="16"/>
  <attribute name="Target GC Util Change" value ="80.000000" />
  <attribute name="Current GC Util Change" value="360.000000"/>
  <attribute name="GC Util currently" value="360" />
  <attribute name="CPU Util currently" value="19486559235" />
<allocation-satisfied id="61" threadId="0000000001ABCF00" bytesRequested="264" />
<af-end id="62" timestamp="2019-08-11T05:16:07.363" threadId="0000000001ABD888" success="true" />
<exclusive-end id="63" timestamp="2019-08-11T05:16:07.363" durationms="701.522" />

* Round 3 done in 2.897 seconds.
<exclusive-start id="64" timestamp="2019-08-11T05:16:10.696" intervalms="4035.183">
  <response-info timems="0.027" idlems="0.027" threads="0" lastid="0000000001ABCF00" lastname="main" />
</exclusive-start>
<af-start id="65" threadId="0000000001ABD888" totalBytesRequested="16" timestamp="2019-08-11T05:16:10.696" intervalms="4035.200" />
<cycle-start id="66" type="global" contextid="0" timestamp="2019-08-11T05:16:10.696" intervalms="4035.203" />
<gc-start id="67" type="global" contextid="66" timestamp="2019-08-11T05:16:10.696">
  <mem-info id="68" free="210183168" total="4203675648" percent="4">
    <mem type="tenure" free="210183168" total="4203675648" percent="4">
      <mem type="soa" free="0" total="3993492480" percent="0" />
      <mem type="loa" free="210183168" total="210183168" percent="100" />
    </mem>
  </mem-info>
</gc-start>
<allocation-stats totalBytes="3971499640" >
  <allocated-bytes non-tlh="0" tlh="3971499640" />
  <largest-consumer threadName="main" threadId="0000000001ABCF00" bytes="3971499640" />
</allocation-stats>
<gc-op id="69" type="mark" timems="11.127" contextid="66" timestamp="2019-08-11T05:16:10.708">
  <trace-info objectcount="610480" scancount="530497" scanbytes="13692840" />
  <finalization candidates="80" enqueued="0" />
  <ownableSynchronizers candidates="21" cleared="0" />
  <references type="soft" candidates="4868" cleared="0" enqueued="0" dynamicThreshold="31" maxThreshold="32" />
  <references type="weak" candidates="5757" cleared="7" enqueued="3" />
  <references type="phantom" candidates="97" cleared="0" enqueued="0" />
  <stringconstants candidates="13846" cleared="0"  />
</gc-op>
<gc-op id="70" type="sweep" timems="701.989" contextid="66" timestamp="2019-08-11T05:16:11.410" />
<mem-info id="71" free="4185318696" total="4203675648" percent="99">
  <mem type="tenure" free="4185318696" total="4203675648" percent="99" micro-fragmented="0">
    <mem type="soa" free="3975135528" total="3993492480" percent="99" />
    <mem type="loa" free="210183168" total="210183168" percent="100" />
  </mem>
  <pending-finalizers system="0" default="0" reference="3" classloader="0" />
</mem-info>
<gc-op id="72" type="compact" timems="36.619" contextid="66" timestamp="2019-08-11T05:16:11.446">
  <compact-info movecount="282072" movebytes="7235904" reason="compact to aid heap contraction" />
</gc-op>
<gc-end id="73" type="global" contextid="66" durationms="750.379" usertimems="907.898" systemtimems="0.000" timestamp="2019-08-11T05:16:11.447" activeThreads="16">
  <mem-info id="74" free="4185331688" total="4203675648" percent="99">
    <mem type="tenure" free="4185331688" total="4203675648" percent="99">
      <mem type="soa" free="3975148520" total="3993492480" percent="99" />
      <mem type="loa" free="210183168" total="210183168" percent="100" />
    </mem>
    <pending-finalizers system="0" default="0" reference="3" classloader="0" />
  </mem-info>
</gc-end>
<cycle-end id="75" type="global" contextid="66" timestamp="2019-08-11T05:16:11.447" />
  <attribute name="elasticGC enabled" value="1" />
  <attribute name= "numThreadsSpecified" value="16" />
  <attribute name="heapSize specified" value="-91291648" />
  <attribute name="Current GC Util" value="322" />
  <attribute name= "Current Time Running" value="141906" />
  <attribute name ="GC Interval" value="0" />
  <attribute name="ProportionalT" value="121.000000" />
  <attribute name="ProportionalI" value="121.000000" />
  <attribute name="ProportionalH" value="121.000000" />
  <attribute name="Current Error" value="242.000000" />
  <attribute name="IntegralT" value="4477.000000" />
  <attribute name="IntegralI" value="4477.000000" />
  <attribute name="IntegralH" value="4477.000000" />
  <attribute name="DerivativeT" value="6.540541" />
  <attribute name="DerivativeI" value="6.540541" />
  <attribute name="DerivativeH" value="6.540541" />
  <attribute name="Loop Time for DT" value="37.000000" />
  <attribute name="Output H" value="8388608"/>
  <attribute name="Output I" value="4000"/>
  <attribute name="Output T" value="16"/>
  <attribute name="Target GC Util Change" value ="80.000000" />
  <attribute name="Current GC Util Change" value="322.000000"/>
  <attribute name="GC Util currently" value="322" />
  <attribute name="CPU Util currently" value="31463712755" />
<allocation-satisfied id="76" threadId="0000000001ABCF00" bytesRequested="16" />
<af-end id="77" timestamp="2019-08-11T05:16:11.447" threadId="0000000001ABD888" success="true" />
<exclusive-end id="78" timestamp="2019-08-11T05:16:11.447" durationms="750.709" />

* Round 4 done in 2.982 seconds.

-------------------------------------------------------------------------------
Benchmark: 2019-08-11 05:15:45
-------------------------------------------------------------------------------

    Rounds: 4
    Warp:   10
    Timer:  time.time

Test                             minimum  average  operation  overhead
-------------------------------------------------------------------------------
          BuiltinFunctionCalls:     14ms     65ms    0.13us    0.000ms
           BuiltinMethodLookup:     44ms    110ms    0.10us    0.000ms
                 CompareFloats:     15ms    123ms    0.10us    0.000ms
         CompareFloatsIntegers:     19ms     97ms    0.11us    0.000ms
               CompareIntegers:     25ms     74ms    0.04us    0.000ms
        CompareInternedStrings:     37ms    157ms    0.10us    0.000ms
                  CompareLongs:     16ms     64ms    0.06us    0.000ms
                CompareStrings:     27ms     72ms    0.07us    0.000ms
                CompareUnicode:     22ms     53ms    0.07us    0.000ms
                 ConcatStrings:     69ms    327ms    0.65us    0.000ms
                 ConcatUnicode:     40ms    110ms    0.37us    0.000ms
               CreateInstances:     36ms     73ms    0.65us    0.000ms
            CreateNewInstances:     54ms    103ms    1.23us    0.000ms
       CreateStringsWithConcat:     45ms    272ms    0.27us    0.000ms
       CreateUnicodeWithConcat:     18ms     41ms    0.10us    0.000ms
                  DictCreation:     28ms     90ms    0.23us    0.000ms
             DictWithFloatKeys:     15ms    165ms    0.18us    0.000ms
           DictWithIntegerKeys:     19ms     60ms    0.05us    0.000ms
            DictWithStringKeys:     20ms     73ms    0.06us    0.000ms
                      ForLoops:    102ms    187ms    7.48us    0.000ms
                    IfThenElse:     23ms    106ms    0.08us    0.000ms
                   ListSlicing:      8ms     34ms    2.43us    0.000ms
                NestedForLoops:     88ms    128ms    0.09us    0.000ms
          NormalClassAttribute:     24ms     79ms    0.07us    0.000ms
       NormalInstanceAttribute:     25ms     73ms    0.06us    0.000ms
           PythonFunctionCalls:     25ms     97ms    0.29us    0.000ms
             PythonMethodCalls:     31ms     89ms    0.39us    0.000ms
                     Recursion:     39ms    153ms    3.05us    0.000ms
                  SecondImport:     34ms     98ms    0.98us    0.000ms
           SecondPackageImport:     35ms     49ms    0.49us    0.000ms
         SecondSubmoduleImport:     54ms     84ms    0.84us    0.000ms
       SimpleComplexArithmetic:     15ms     88ms    0.10us    0.000ms
        SimpleDictManipulation:     26ms    141ms    0.12us    0.000ms
         SimpleFloatArithmetic:     19ms    145ms    0.11us    0.000ms
      SimpleIntFloatArithmetic:     20ms    148ms    0.11us    0.000ms
       SimpleIntegerArithmetic:     19ms    108ms    0.08us    0.000ms
        SimpleListManipulation:     40ms    142ms    0.12us    0.000ms
          SimpleLongArithmetic:     21ms    147ms    0.22us    0.000ms
                    SmallLists:     44ms     99ms    0.14us    0.000ms
                   SmallTuples:     43ms    160ms    0.30us    0.000ms
         SpecialClassAttribute:     27ms     92ms    0.08us    0.000ms
      SpecialInstanceAttribute:     23ms     77ms    0.06us    0.000ms
                StringMappings:     70ms    352ms    1.40us    0.000ms
              StringPredicates:     45ms    132ms    0.19us    0.000ms
                 StringSlicing:     29ms    253ms    0.45us    0.000ms
                     TryExcept:      2ms     26ms    0.01us    0.000ms
                TryRaiseExcept:     81ms    127ms    1.98us    0.000ms
                  TupleSlicing:     19ms     46ms    0.17us    0.000ms
               UnicodeMappings:     84ms    220ms    6.12us    0.000ms
             UnicodePredicates:     46ms    120ms    0.22us    0.000ms
             UnicodeProperties:    329ms    531ms    1.33us    0.000ms
                UnicodeSlicing:     29ms     65ms    0.13us    0.000ms
-------------------------------------------------------------------------------
Totals:                           2082ms   6526ms

===== DaCapo 9.12-MR1 jython PASSED in 29104 msec =====
<exclusive-start id="79" timestamp="2019-08-11T05:16:12.987" intervalms="2290.808">
  <response-info timems="0.178" idlems="0.178" threads="0" lastid="0000000001ABCF00" lastname="main" />
</exclusive-start>
<sys-start reason="explicit" id="80" timestamp="2019-08-11T05:16:12.987" intervalms="30108.911" />
<cycle-start id="81" type="global" contextid="0" timestamp="2019-08-11T05:16:12.987" intervalms="2290.789" />
<gc-start id="82" type="global" contextid="81" timestamp="2019-08-11T05:16:12.987">
  <mem-info id="83" free="3233053592" total="4203675648" percent="76">
    <mem type="tenure" free="3233053592" total="4203675648" percent="76">
      <mem type="soa" free="3022870424" total="3993492480" percent="75" />
      <mem type="loa" free="210183168" total="210183168" percent="100" />
    </mem>
  </mem-info>
</gc-start>
<allocation-stats totalBytes="936729144" >
  <allocated-bytes non-tlh="73730608" tlh="862998536" />
  <largest-consumer threadName="main" threadId="0000000001ABCF00" bytes="936729144" />
</allocation-stats>
<gc-op id="84" type="mark" timems="19.893" contextid="81" timestamp="2019-08-11T05:16:13.007">
  <trace-info objectcount="611062" scancount="530346" scanbytes="13695124" />
  <finalization candidates="81" enqueued="1" />
  <ownableSynchronizers candidates="24" cleared="3" />
  <references type="soft" candidates="4875" cleared="0" enqueued="0" dynamicThreshold="31" maxThreshold="32" />
  <references type="weak" candidates="5821" cleared="60" enqueued="60" />
  <references type="phantom" candidates="133" cleared="11" enqueued="11" />
  <stringconstants candidates="14264" cleared="8"  />
</gc-op>
<gc-op id="85" type="classunload" timems="0.648" contextid="81" timestamp="2019-08-11T05:16:13.008">
  <classunload-info classloadercandidates="57" classloadersunloaded="2" classesunloaded="2" anonymousclassesunloaded="0" quiescems="0.000" setupms="0.631" scanms="0.014" postms="0.003" />
</gc-op>
<gc-op id="86" type="sweep" timems="161.044" contextid="81" timestamp="2019-08-11T05:16:13.169" />
<mem-info id="87" free="4184681648" total="4203675648" percent="99">
  <mem type="tenure" free="4184681648" total="4203675648" percent="99" micro-fragmented="109422">
    <mem type="soa" free="3974498480" total="3993492480" percent="99" />
    <mem type="loa" free="210183168" total="210183168" percent="100" />
  </mem>
  <pending-finalizers system="1" default="0" reference="71" classloader="0" />
</mem-info>
<gc-op id="88" type="compact" timems="61.158" contextid="81" timestamp="2019-08-11T05:16:13.230">
  <compact-info movecount="552929" movebytes="16821784" reason="compact to aid heap contraction" />
</gc-op>
<gc-end id="89" type="global" contextid="81" durationms="243.485" usertimems="486.832" systemtimems="0.000" timestamp="2019-08-11T05:16:13.231" activeThreads="16">
  <mem-info id="90" free="4184829776" total="4203675648" percent="99">
    <mem type="tenure" free="4184829776" total="4203675648" percent="99">
      <mem type="soa" free="3974646608" total="3993492480" percent="99" />
      <mem type="loa" free="210183168" total="210183168" percent="100" />
    </mem>
    <pending-finalizers system="1" default="0" reference="71" classloader="0" />
  </mem-info>
</gc-end>
<cycle-end id="91" type="global" contextid="81" timestamp="2019-08-11T05:16:13.231" />
  <attribute name="elasticGC enabled" value="1" />
  <attribute name= "numThreadsSpecified" value="16" />
  <attribute name="heapSize specified" value="-91291648" />
  <attribute name="Current GC Util" value="347" />
  <attribute name= "Current Time Running" value="143690" />
  <attribute name ="GC Interval" value="0" />
  <attribute name="ProportionalT" value="133.500000" />
  <attribute name="ProportionalI" value="133.500000" />
  <attribute name="ProportionalH" value="133.500000" />
  <attribute name="Current Error" value="267.000000" />
  <attribute name="IntegralT" value="8143.500000" />
  <attribute name="IntegralI" value="8143.500000" />
  <attribute name="IntegralH" value="8143.500000" />
  <attribute name="DerivativeT" value="4.377049" />
  <attribute name="DerivativeI" value="4.377049" />
  <attribute name="DerivativeH" value="4.377049" />
  <attribute name="Loop Time for DT" value="61.000000" />
  <attribute name="Output H" value="8388608"/>
  <attribute name="Output I" value="4000"/>
  <attribute name="Output T" value="16"/>
  <attribute name="Target GC Util Change" value ="80.000000" />
  <attribute name="Current GC Util Change" value="347.000000"/>
  <attribute name="GC Util currently" value="347" />
  <attribute name="CPU Util currently" value="18842900223" />
<sys-end id="92" timestamp="2019-08-11T05:16:13.231" />
<exclusive-end id="93" timestamp="2019-08-11T05:16:13.231" durationms="243.879" />

===== DaCapo 9.12-MR1 pmd starting =====
===== DaCapo 9.12-MR1 pmd PASSED in 4949 msec =====
Using scaled threading model. 16 processors detected, 16 threads used to drive the workload, in a possible range of [1,512]
<exclusive-start id="94" timestamp="2019-08-11T05:16:18.620" intervalms="5633.203">
  <response-info timems="0.056" idlems="0.056" threads="0" lastid="0000000001ABCF00" lastname="main" />
</exclusive-start>
<sys-start reason="explicit" id="95" timestamp="2019-08-11T05:16:18.620" intervalms="5633.217" />
<cycle-start id="96" type="global" contextid="0" timestamp="2019-08-11T05:16:18.620" intervalms="5633.224" />
<gc-start id="97" type="global" contextid="96" timestamp="2019-08-11T05:16:18.620">
  <mem-info id="98" free="3565632912" total="4203675648" percent="84">
    <mem type="tenure" free="3565632912" total="4203675648" percent="84">
      <mem type="soa" free="3355449744" total="3993492480" percent="84" />
      <mem type="loa" free="210183168" total="210183168" percent="100" />
    </mem>
  </mem-info>
</gc-start>
<allocation-stats totalBytes="618906776" >
  <allocated-bytes non-tlh="3980312" tlh="614926464" />
  <largest-consumer threadName="main" threadId="0000000001ABCF00" bytes="18403592" />
</allocation-stats>
<gc-op id="99" type="mark" timems="146.013" contextid="96" timestamp="2019-08-11T05:16:18.766">
  <trace-info objectcount="639068" scancount="553658" scanbytes="14439200" />
  <finalization candidates="152" enqueued="1" />
  <ownableSynchronizers candidates="42" cleared="19" />
  <references type="soft" candidates="4909" cleared="0" enqueued="0" dynamicThreshold="31" maxThreshold="32" />
  <references type="weak" candidates="12179" cleared="5938" enqueued="5863" />
  <references type="phantom" candidates="1599" cleared="746" enqueued="746" />
  <stringconstants candidates="16396" cleared="1770"  />
</gc-op>
<gc-op id="100" type="classunload" timems="86.607" contextid="96" timestamp="2019-08-11T05:16:18.853">
  <classunload-info classloadercandidates="59" classloadersunloaded="4" classesunloaded="1006" anonymousclassesunloaded="0" quiescems="0.000" setupms="47.180" scanms="39.416" postms="0.011" />
</gc-op>
<gc-op id="101" type="sweep" timems="97.444" contextid="96" timestamp="2019-08-11T05:16:18.951" />
<mem-info id="102" free="4179187544" total="4203675648" percent="99">
  <mem type="tenure" free="4179187544" total="4203675648" percent="99" micro-fragmented="172291">
    <mem type="soa" free="3969004376" total="3993492480" percent="99" />
    <mem type="loa" free="210183168" total="210183168" percent="100" />
  </mem>
  <pending-finalizers system="1" default="0" reference="6609" classloader="0" />
</mem-info>
<gc-op id="103" type="compact" timems="153.528" contextid="96" timestamp="2019-08-11T05:16:19.104">
  <compact-info movecount="604224" movebytes="22993408" reason="compact to aid heap contraction" />
</gc-op>
<gc-end id="104" type="global" contextid="96" durationms="486.580" usertimems="663.463" systemtimems="223.354" timestamp="2019-08-11T05:16:19.107" activeThreads="16">
  <mem-info id="105" free="4179880328" total="4203675648" percent="99">
    <mem type="tenure" free="4179880328" total="4203675648" percent="99">
      <mem type="soa" free="3969697160" total="3993492480" percent="99" />
      <mem type="loa" free="210183168" total="210183168" percent="100" />
    </mem>
    <pending-finalizers system="1" default="0" reference="6609" classloader="0" />
  </mem-info>
</gc-end>
<cycle-end id="106" type="global" contextid="96" timestamp="2019-08-11T05:16:19.111" />
  <attribute name="elasticGC enabled" value="1" />
  <attribute name= "numThreadsSpecified" value="16" />
  <attribute name="heapSize specified" value="-91291648" />
  <attribute name="Current GC Util" value="341" />
  <attribute name= "Current Time Running" value="149564" />
  <attribute name ="GC Interval" value="0" />
  <attribute name="ProportionalT" value="130.500000" />
  <attribute name="ProportionalI" value="130.500000" />
  <attribute name="ProportionalH" value="130.500000" />
  <attribute name="Current Error" value="261.000000" />
  <attribute name="IntegralT" value="20097.000000" />
  <attribute name="IntegralI" value="20097.000000" />
  <attribute name="IntegralH" value="20097.000000" />
  <attribute name="DerivativeT" value="1.694805" />
  <attribute name="DerivativeI" value="1.694805" />
  <attribute name="DerivativeH" value="1.694805" />
  <attribute name="Loop Time for DT" value="154.000000" />
  <attribute name="Output H" value="8388608"/>
  <attribute name="Output I" value="4000"/>
  <attribute name="Output T" value="16"/>
  <attribute name="Target GC Util Change" value ="80.000000" />
  <attribute name="Current GC Util Change" value="341.000000"/>
  <attribute name="GC Util currently" value="341" />
  <attribute name="CPU Util currently" value="7510652235" />
<sys-end id="107" timestamp="2019-08-11T05:16:19.111" />
<exclusive-end id="108" timestamp="2019-08-11T05:16:19.111" durationms="490.753" />

===== DaCapo 9.12-MR1 sunflow starting =====
<exclusive-start id="109" timestamp="2019-08-11T05:16:24.186" intervalms="5565.929">
  <response-info timems="3.232" idlems="3.232" threads="0" lastid="0000000001DEE500" lastname="Thread-21" />
</exclusive-start>
<af-start id="110" threadId="0000000001DEEE88" totalBytesRequested="24" timestamp="2019-08-11T05:16:24.186" intervalms="13489.932" />
<cycle-start id="111" type="global" contextid="0" timestamp="2019-08-11T05:16:24.186" intervalms="5565.918" />
<gc-start id="112" type="global" contextid="111" timestamp="2019-08-11T05:16:24.186">
  <mem-info id="113" free="210183168" total="4203675648" percent="4">
    <mem type="tenure" free="210183168" total="4203675648" percent="4">
      <mem type="soa" free="0" total="3993492480" percent="0" />
      <mem type="loa" free="210183168" total="210183168" percent="100" />
    </mem>
  </mem-info>
</gc-start>
<allocation-stats totalBytes="3969271344" >
  <allocated-bytes non-tlh="3221656" tlh="3966049688" />
  <largest-consumer threadName="Thread-21" threadId="0000000001DEE500" bytes="351352936" />
</allocation-stats>
<gc-op id="114" type="mark" timems="24.614" contextid="111" timestamp="2019-08-11T05:16:24.211">
  <trace-info objectcount="749011" scancount="664988" scanbytes="19452544" />
  <finalization candidates="151" enqueued="0" />
  <ownableSynchronizers candidates="23" cleared="0" />
  <references type="soft" candidates="4924" cleared="0" enqueued="0" dynamicThreshold="31" maxThreshold="32" />
  <references type="weak" candidates="6279" cleared="25" enqueued="25" />
  <references type="phantom" candidates="835" cleared="0" enqueued="0" />
  <stringconstants candidates="15180" cleared="2"  />
</gc-op>
<gc-op id="115" type="sweep" timems="2216.050" contextid="111" timestamp="2019-08-11T05:16:26.427" />
<mem-info id="116" free="4174241704" total="4203675648" percent="99">
  <mem type="tenure" free="4174241704" total="4203675648" percent="99" micro-fragmented="969451">
    <mem type="soa" free="3964058536" total="3993492480" percent="99" />
    <mem type="loa" free="210183168" total="210183168" percent="100" />
  </mem>
  <pending-finalizers system="0" default="0" reference="25" classloader="0" />
</mem-info>
<gc-op id="117" type="compact" timems="454.255" contextid="111" timestamp="2019-08-11T05:16:26.885">
  <compact-info movecount="529152" movebytes="21775896" reason="compact to aid heap contraction" />
</gc-op>
<gc-end id="118" type="global" contextid="111" durationms="2704.052" usertimems="2185.813" systemtimems="741.484" timestamp="2019-08-11T05:16:26.890" activeThreads="16">
  <mem-info id="119" free="4175624496" total="4203675648" percent="99">
    <mem type="tenure" free="4175624496" total="4203675648" percent="99">
      <mem type="soa" free="3965441328" total="3993492480" percent="99" />
      <mem type="loa" free="210183168" total="210183168" percent="100" />
    </mem>
    <pending-finalizers system="0" default="0" reference="25" classloader="0" />
  </mem-info>
</gc-end>
<cycle-end id="120" type="global" contextid="111" timestamp="2019-08-11T05:16:26.892" />
  <attribute name="elasticGC enabled" value="1" />
  <attribute name= "numThreadsSpecified" value="16" />
  <attribute name="heapSize specified" value="-91291648" />
  <attribute name="Current GC Util" value="133" />
  <attribute name= "Current Time Running" value="157344" />
  <attribute name ="GC Interval" value="0" />
  <attribute name="ProportionalT" value="26.500000" />
  <attribute name="ProportionalI" value="26.500000" />
  <attribute name="ProportionalH" value="26.500000" />
  <attribute name="Current Error" value="53.000000" />
  <attribute name="IntegralT" value="12031.000000" />
  <attribute name="IntegralI" value="12031.000000" />
  <attribute name="IntegralH" value="12031.000000" />
  <attribute name="DerivativeT" value="0.116740" />
  <attribute name="DerivativeI" value="0.116740" />
  <attribute name="DerivativeH" value="0.116740" />
  <attribute name="Loop Time for DT" value="454.000000" />
  <attribute name="Output H" value="8388608"/>
  <attribute name="Output I" value="4000"/>
  <attribute name="Output T" value="16"/>
  <attribute name="Target GC Util Change" value ="80.000000" />
  <attribute name="Current GC Util Change" value="133.000000"/>
  <attribute name="GC Util currently" value="133" />
  <attribute name="CPU Util currently" value="2537952062" />
<allocation-satisfied id="121" threadId="0000000001DEE500" bytesRequested="24" />
<af-end id="122" timestamp="2019-08-11T05:16:26.892" threadId="0000000001DEEE88" success="true" />
<exclusive-end id="123" timestamp="2019-08-11T05:16:26.892" durationms="2706.206" />

===== DaCapo 9.12-MR1 sunflow PASSED in 12744 msec =====
Using scaled threading model. 16 processors detected, 16 threads used to drive the workload, in a possible range of [1,1000]
<exclusive-start id="124" timestamp="2019-08-11T05:16:32.843" intervalms="8656.780">
  <response-info timems="38.318" idlems="22.990" threads="1" lastid="0000000001AC4700" lastname="JIT Compilation Thread-1" />
</exclusive-start>
<sys-start reason="explicit" id="125" timestamp="2019-08-11T05:16:32.843" intervalms="14222.704" />
<cycle-start id="126" type="global" contextid="0" timestamp="2019-08-11T05:16:32.843" intervalms="8656.788" />
<gc-start id="127" type="global" contextid="126" timestamp="2019-08-11T05:16:32.843">
  <mem-info id="128" free="446172136" total="4203675648" percent="10">
    <mem type="tenure" free="446172136" total="4203675648" percent="10">
      <mem type="soa" free="235988968" total="3993492480" percent="5" />
      <mem type="loa" free="210183168" total="210183168" percent="100" />
    </mem>
  </mem-info>
</gc-start>
<allocation-stats totalBytes="3729157704" >
  <allocated-bytes non-tlh="371112" tlh="3728786592" />
  <largest-consumer threadName="main" threadId="0000000001ABCF00" bytes="11344360" />
</allocation-stats>
<gc-op id="129" type="mark" timems="630.781" contextid="126" timestamp="2019-08-11T05:16:33.474">
  <trace-info objectcount="642587" scancount="555978" scanbytes="14692864" />
  <finalization candidates="154" enqueued="1" />
  <ownableSynchronizers candidates="23" cleared="0" />
  <references type="soft" candidates="4995" cleared="0" enqueued="0" dynamicThreshold="31" maxThreshold="32" />
  <references type="weak" candidates="6355" cleared="93" enqueued="93" />
  <references type="phantom" candidates="879" cleared="10" enqueued="10" />
  <stringconstants candidates="16172" cleared="22"  />
</gc-op>
<gc-op id="130" type="classunload" timems="0.020" contextid="126" timestamp="2019-08-11T05:16:33.474">
  <classunload-info classloadercandidates="68" classloadersunloaded="0" classesunloaded="0" anonymousclassesunloaded="0" quiescems="0.000" setupms="0.019" scanms="0.001" postms="0.000" />
</gc-op>
<gc-op id="131" type="sweep" timems="2292.759" contextid="126" timestamp="2019-08-11T05:16:35.770" />
<mem-info id="132" free="4180268752" total="4203675648" percent="99">
  <mem type="tenure" free="4180268752" total="4203675648" percent="99" micro-fragmented="293178">
    <mem type="soa" free="3970085584" total="3993492480" percent="99" />
    <mem type="loa" free="210183168" total="210183168" percent="100" />
  </mem>
  <pending-finalizers system="1" default="0" reference="103" classloader="0" />
</mem-info>
<gc-op id="133" type="compact" timems="70.286" contextid="126" timestamp="2019-08-11T05:16:35.840">
  <compact-info movecount="288891" movebytes="12388136" reason="compact to aid heap contraction" />
</gc-op>
<gc-end id="134" type="global" contextid="126" durationms="2997.802" usertimems="1975.987" systemtimems="385.576" timestamp="2019-08-11T05:16:35.841" activeThreads="16">
  <mem-info id="135" free="4180709216" total="4203675648" percent="99">
    <mem type="tenure" free="4180709216" total="4203675648" percent="99">
      <mem type="soa" free="3970526048" total="3993492480" percent="99" />
      <mem type="loa" free="210183168" total="210183168" percent="100" />
    </mem>
    <pending-finalizers system="1" default="0" reference="103" classloader="0" />
  </mem-info>
</gc-end>
<cycle-end id="136" type="global" contextid="126" timestamp="2019-08-11T05:16:35.842" />
  <attribute name="elasticGC enabled" value="1" />
  <attribute name= "numThreadsSpecified" value="16" />
  <attribute name="heapSize specified" value="-91291648" />
  <attribute name="Current GC Util" value="255" />
  <attribute name= "Current Time Running" value="166299" />
  <attribute name ="GC Interval" value="0" />
  <attribute name="ProportionalT" value="87.500000" />
  <attribute name="ProportionalI" value="87.500000" />
  <attribute name="ProportionalH" value="87.500000" />
  <attribute name="Current Error" value="175.000000" />
  <attribute name="IntegralT" value="6125.000000" />
  <attribute name="IntegralI" value="6125.000000" />
  <attribute name="IntegralH" value="6125.000000" />
  <attribute name="DerivativeT" value="2.500000" />
  <attribute name="DerivativeI" value="2.500000" />
  <attribute name="DerivativeH" value="2.500000" />
  <attribute name="Loop Time for DT" value="70.000000" />
  <attribute name="Output H" value="8388608"/>
  <attribute name="Output I" value="4000"/>
  <attribute name="Output T" value="16"/>
  <attribute name="Target GC Util Change" value ="80.000000" />
  <attribute name="Current GC Util Change" value="255.000000"/>
  <attribute name="GC Util currently" value="255" />
  <attribute name="CPU Util currently" value="16400810933" />
<sys-end id="137" timestamp="2019-08-11T05:16:35.842" />
<exclusive-end id="138" timestamp="2019-08-11T05:16:35.842" durationms="2999.082" />

===== DaCapo 9.12-MR1 xalan starting =====
<exclusive-start id="139" timestamp="2019-08-11T05:16:47.584" intervalms="14741.425">
  <response-info timems="22.115" idlems="22.115" threads="0" lastid="0000000001DDBA00" lastname="Thread-42" />
</exclusive-start>
<af-start id="140" threadId="0000000001DDC388" totalBytesRequested="48" timestamp="2019-08-11T05:16:47.585" intervalms="23398.244" />
<cycle-start id="141" type="global" contextid="0" timestamp="2019-08-11T05:16:47.585" intervalms="14741.468" />
<gc-start id="142" type="global" contextid="141" timestamp="2019-08-11T05:16:47.585">
  <mem-info id="143" free="210183168" total="4203675648" percent="4">
    <mem type="tenure" free="210183168" total="4203675648" percent="4">
      <mem type="soa" free="0" total="3993492480" percent="0" />
      <mem type="loa" free="210183168" total="210183168" percent="100" />
    </mem>
  </mem-info>
</gc-start>
<allocation-stats totalBytes="3969041600" >
  <allocated-bytes non-tlh="1019672" tlh="3968021928" />
  <largest-consumer threadName="Thread-39" threadId="0000000001E01100" bytes="318333968" />
</allocation-stats>
<gc-op id="144" type="mark" timems="82.242" contextid="141" timestamp="2019-08-11T05:16:47.667">
  <trace-info objectcount="675133" scancount="583989" scanbytes="17075136" />
  <finalization candidates="159" enqueued="5" />
  <ownableSynchronizers candidates="23" cleared="1" />
  <references type="soft" candidates="5020" cleared="0" enqueued="0" dynamicThreshold="31" maxThreshold="32" />
  <references type="weak" candidates="6365" cleared="23" enqueued="21" />
  <references type="phantom" candidates="905" cleared="0" enqueued="0" />
  <stringconstants candidates="16520" cleared="0"  />
</gc-op>
<gc-op id="145" type="sweep" timems="933.417" contextid="141" timestamp="2019-08-11T05:16:48.605" />
<mem-info id="146" free="4175093848" total="4203675648" percent="99">
  <mem type="tenure" free="4175093848" total="4203675648" percent="99" micro-fragmented="290106">
    <mem type="soa" free="3964910680" total="3993492480" percent="99" />
    <mem type="loa" free="210183168" total="210183168" percent="100" />
  </mem>
  <pending-finalizers system="5" default="0" reference="21" classloader="0" />
</mem-info>
<gc-op id="147" type="compact" timems="55.001" contextid="141" timestamp="2019-08-11T05:16:48.660">
  <compact-info movecount="305796" movebytes="17004712" reason="compact to aid heap contraction" />
</gc-op>
<gc-end id="148" type="global" contextid="141" durationms="1075.919" usertimems="1172.086" systemtimems="117.087" timestamp="2019-08-11T05:16:48.661" activeThreads="16">
  <mem-info id="149" free="4175647992" total="4203675648" percent="99">
    <mem type="tenure" free="4175647992" total="4203675648" percent="99">
      <mem type="soa" free="3965464824" total="3993492480" percent="99" />
      <mem type="loa" free="210183168" total="210183168" percent="100" />
    </mem>
    <pending-finalizers system="5" default="0" reference="21" classloader="0" />
  </mem-info>
</gc-end>
<cycle-end id="150" type="global" contextid="141" timestamp="2019-08-11T05:16:48.661" />
  <attribute name="elasticGC enabled" value="1" />
  <attribute name= "numThreadsSpecified" value="16" />
  <attribute name="heapSize specified" value="-91291648" />
  <attribute name="Current GC Util" value="444" />
  <attribute name= "Current Time Running" value="179119" />
  <attribute name ="GC Interval" value="0" />
  <attribute name="ProportionalT" value="182.000000" />
  <attribute name="ProportionalI" value="182.000000" />
  <attribute name="ProportionalH" value="182.000000" />
  <attribute name="Current Error" value="364.000000" />
  <attribute name="IntegralT" value="10010.000000" />
  <attribute name="IntegralI" value="10010.000000" />
  <attribute name="IntegralH" value="10010.000000" />
  <attribute name="DerivativeT" value="6.618182" />
  <attribute name="DerivativeI" value="6.618182" />
  <attribute name="DerivativeH" value="6.618182" />
  <attribute name="Loop Time for DT" value="55.000000" />
  <attribute name="Output H" value="8388608"/>
  <attribute name="Output I" value="4000"/>
  <attribute name="Output T" value="16"/>
  <attribute name="Target GC Util Change" value ="80.000000" />
  <attribute name="Current GC Util Change" value="444.000000"/>
  <attribute name="GC Util currently" value="444" />
  <attribute name="CPU Util currently" value="20958281618" />
<allocation-satisfied id="151" threadId="0000000001DDBA00" bytesRequested="48" />
<af-end id="152" timestamp="2019-08-11T05:16:48.661" threadId="0000000001DDC388" success="true" />
<exclusive-end id="153" timestamp="2019-08-11T05:16:48.661" durationms="1076.570" />

<exclusive-start id="154" timestamp="2019-08-11T05:16:54.174" intervalms="6589.376">
  <response-info timems="2.580" idlems="1.312" threads="1" lastid="0000000001DE6D00" lastname="Thread-45" />
</exclusive-start>
<af-start id="155" threadId="0000000001DA4088" totalBytesRequested="32776" timestamp="2019-08-11T05:16:54.174" intervalms="6589.356" />
<cycle-start id="156" type="global" contextid="0" timestamp="2019-08-11T05:16:54.174" intervalms="6589.354" />
<gc-start id="157" type="global" contextid="156" timestamp="2019-08-11T05:16:54.174">
  <mem-info id="158" free="210183168" total="4203675648" percent="4">
    <mem type="tenure" free="210183168" total="4203675648" percent="4">
      <mem type="soa" free="0" total="3993492480" percent="0" />
      <mem type="loa" free="210183168" total="210183168" percent="100" />
    </mem>
  </mem-info>
</gc-start>
<allocation-stats totalBytes="3964075000" >
  <allocated-bytes non-tlh="32776" tlh="3964042224" />
  <largest-consumer threadName="Thread-47" threadId="0000000001DCCA00" bytes="307904608" />
</allocation-stats>
<gc-op id="159" type="mark" timems="49.504" contextid="156" timestamp="2019-08-11T05:16:54.224">
  <trace-info objectcount="666771" scancount="575759" scanbytes="16765016" />
  <finalization candidates="154" enqueued="0" />
  <ownableSynchronizers candidates="22" cleared="0" />
  <references type="soft" candidates="5020" cleared="0" enqueued="0" dynamicThreshold="31" maxThreshold="32" />
  <references type="weak" candidates="6342" cleared="0" enqueued="0" />
  <references type="phantom" candidates="903" cleared="0" enqueued="0" />
  <stringconstants candidates="16520" cleared="0"  />
</gc-op>
<gc-op id="160" type="sweep" timems="908.755" contextid="156" timestamp="2019-08-11T05:16:55.133" />
<mem-info id="161" free="4176057944" total="4203675648" percent="99">
  <mem type="tenure" free="4176057944" total="4203675648" percent="99" micro-fragmented="71634">
    <mem type="soa" free="3965874776" total="3993492480" percent="99" />
    <mem type="loa" free="210183168" total="210183168" percent="100" />
  </mem>
</mem-info>
<gc-op id="162" type="compact" timems="27.512" contextid="156" timestamp="2019-08-11T05:16:55.160">
  <compact-info movecount="25508" movebytes="5084960" reason="compact to aid heap contraction" />
</gc-op>
<gc-end id="163" type="global" contextid="156" durationms="986.617" usertimems="1177.803" systemtimems="7.386" timestamp="2019-08-11T05:16:55.161" activeThreads="16">
  <mem-info id="164" free="4176102096" total="4203675648" percent="99">
    <mem type="tenure" free="4176102096" total="4203675648" percent="99">
      <mem type="soa" free="3965918928" total="3993492480" percent="99" />
      <mem type="loa" free="210183168" total="210183168" percent="100" />
    </mem>
  </mem-info>
</gc-end>
<cycle-end id="165" type="global" contextid="156" timestamp="2019-08-11T05:16:55.163" />
  <attribute name="elasticGC enabled" value="1" />
  <attribute name= "numThreadsSpecified" value="16" />
  <attribute name="heapSize specified" value="-91291648" />
  <attribute name="Current GC Util" value="390" />
  <attribute name= "Current Time Running" value="185620" />
  <attribute name ="GC Interval" value="0" />
  <attribute name="ProportionalT" value="155.000000" />
  <attribute name="ProportionalI" value="155.000000" />
  <attribute name="ProportionalH" value="155.000000" />
  <attribute name="Current Error" value="310.000000" />
  <attribute name="IntegralT" value="4340.000000" />
  <attribute name="IntegralI" value="4340.000000" />
  <attribute name="IntegralH" value="4340.000000" />
  <attribute name="DerivativeT" value="11.071429" />
  <attribute name="DerivativeI" value="11.071429" />
  <attribute name="DerivativeH" value="11.071429" />
  <attribute name="Loop Time for DT" value="28.000000" />
  <attribute name="Output H" value="8388608"/>
  <attribute name="Output I" value="4000"/>
  <attribute name="Output T" value="16"/>
  <attribute name="Target GC Util Change" value ="80.000000" />
  <attribute name="Current GC Util Change" value="390.000000"/>
  <attribute name="GC Util currently" value="390" />
  <attribute name="CPU Util currently" value="41859852718" />
<allocation-satisfied id="166" threadId="0000000001DA3700" bytesRequested="32776" />
<af-end id="167" timestamp="2019-08-11T05:16:55.163" threadId="0000000001DA4088" success="true" />
<exclusive-end id="168" timestamp="2019-08-11T05:16:55.163" durationms="989.406" />

===== DaCapo 9.12-MR1 xalan PASSED in 20074 msec =====
</verbosegc>

