
<?xml version="1.0" ?>

<verbosegc xmlns="http://www.ibm.com/j9/verbosegc" version="10b4217_CMPRSS">

<gc check installed>
<initialized id="1" timestamp="2019-08-11T05:03:23.449">
  <attribute name="gcPolicy" value="-Xgcpolicy:optavgpause" />
  <attribute name="elasticGC enabled" value="1" />
  <attribute name= "numThreadsSpecified" value="0" />
  <attribute name="heapSize specified" value="0" />
  <attribute name="Current GC Util" value="0" />
  <attribute name= "Current Time Running" value="0" />
  <attribute name ="GC Interval" value="0" />
  <attribute name="ProportionalT" value="0.000000" />
  <attribute name="ProportionalI" value="0.000000" />
  <attribute name="ProportionalH" value="0.000000" />
  <attribute name="IntegralT" value="0.000000" />
  <attribute name="IntegralI" value="0.000000" />
  <attribute name="IntegralH" value="0.000000" />
  <attribute name="DerivativeT" value="0.000000" />
  <attribute name="DerivativeI" value="0.000000" />
  <attribute name="DerivativeH" value="0.000000" />
  <attribute name="Target GC Util Change" value ="0.000000" />
  <attribute name="Current GC Util Change" value="0.000000"/>
  <attribute name="Current Error" value="0.000000" />
  <attribute name="Loop Time for DT" value="0.000000" />
  <attribute name="Output H" value="0"/>
  <attribute name="Output I" value="0"/>
  <attribute name="Output T" value="0"/>
  <attribute name="GC Util currently" value="0" />
  <attribute name="CPU Util currently" value="0" />
  <attribute name="maxHeapSize" value="0xfa900000" />
  <attribute name="initialHeapSize" value="0x800000" />
  <attribute name="compressedRefs" value="true" />
  <attribute name="compressedRefsDisplacement" value="0x0" />
  <attribute name="compressedRefsShift" value="0x3" />
  <attribute name="pageSize" value="0x1000" />
  <attribute name="pageType" value="not used" />
  <attribute name="requestedPageSize" value="0x1000" />
  <attribute name="requestedPageType" value="not used" />
  <attribute name="gcthreads" value="16" />
  <attribute name="packetListSplit" value="16" />
  <attribute name="cacheListSplit" value="16" />
  <attribute name="splitFreeListSplitAmount" value="2" />
  <attribute name="numaNodes" value="0" />
  <system>
    <attribute name="physicalMemory" value="16815001600" />
    <attribute name="numCPUs" value="16" />
    <attribute name="architecture" value="amd64" />
    <attribute name="os" value="Linux" />
    <attribute name="osVersion" value="4.15.0" />
  </system>
  <vmargs>
    <vmarg name="-Xoptionsfile=/jdk/lib/options.default" />
    <vmarg name="-Xlockword:mode=default,noLockword=java/lang/String,noLockword=java/util/MapEntry,noLockword=java/util/HashMap$Entry,noLockword..." />
    <vmarg name="-Xjcl:jclse29" />
    <vmarg name="-Dcom.ibm.oti.vm.bootstrap.library.path=/jdk/lib/compressedrefs:/jdk/lib" />
    <vmarg name="-Dsun.boot.library.path=/jdk/lib/compressedrefs:/jdk/lib" />
    <vmarg name="-Djava.library.path=/jdk/lib/compressedrefs:/jdk/lib:/usr/lib64:/usr/lib" />
    <vmarg name="-Djava.home=/jdk" />
    <vmarg name="-Duser.dir=/" />
    <vmarg name="-Xgcelastic" />
    <vmarg name="-Xcheck:gc:::elasticGC" />
    <vmarg name="-Xgcpolicy:optavgpause" />
    <vmarg name="-verbose:gc" />
    <vmarg name="-Djava.class.path=dacapo-9.12-MR1-bach.jar" />
    <vmarg name="-Dsun.java.command=dacapo-9.12-MR1-bach.jar avrora jython pmd sunflow xalan --size=large" />
    <vmarg name="-Dsun.java.launcher=SUN_STANDARD" />
    <vmarg name="-Dsun.java.launcher.pid=1" />
  </vmargs>
</initialized>

<exclusive-start id="2" timestamp="2019-08-11T05:03:23.693" intervalms="244.253">
  <response-info timems="0.040" idlems="0.040" threads="0" lastid="0000000002191F00" lastname="main" />
</exclusive-start>
<sys-start reason="explicit" id="3" timestamp="2019-08-11T05:03:23.693" intervalms="244.302" />
<cycle-start id="4" type="global" contextid="0" timestamp="2019-08-11T05:03:23.693" intervalms="244.314" />
<gc-start id="5" type="global" contextid="4" timestamp="2019-08-11T05:03:23.693">
  <mem-info id="6" free="2317448" total="8388608" percent="27">
    <mem type="tenure" free="2317448" total="8388608" percent="27">
      <mem type="soa" free="1898632" total="7969792" percent="23" />
      <mem type="loa" free="418816" total="418816" percent="100" />
    </mem>
  </mem-info>
</gc-start>
<allocation-stats totalBytes="6061296" >
  <allocated-bytes non-tlh="455544" tlh="5605752" />
  <largest-consumer threadName="main" threadId="0000000002191F00" bytes="5976776" />
</allocation-stats>
<gc-op id="7" type="mark" timems="4.703" contextid="4" timestamp="2019-08-11T05:03:23.698">
  <trace-info objectcount="17937" scancount="14830" scanbytes="467780" />
  <finalization candidates="14" enqueued="1" />
  <references type="soft" candidates="66" cleared="0" enqueued="0" dynamicThreshold="32" maxThreshold="32" />
  <references type="weak" candidates="553" cleared="411" enqueued="372" />
  <references type="phantom" candidates="99" cleared="41" enqueued="41" />
  <stringconstants candidates="2455" cleared="0"  />
</gc-op>
<gc-op id="8" type="classunload" timems="0.002" contextid="4" timestamp="2019-08-11T05:03:23.698">
  <classunload-info classloadercandidates="6" classloadersunloaded="0" classesunloaded="0" anonymousclassesunloaded="0" quiescems="0.000" setupms="0.002" scanms="0.000" postms="0.000" />
</gc-op>
<gc-op id="9" type="sweep" timems="0.633" contextid="4" timestamp="2019-08-11T05:03:23.699" />
<mem-info id="10" free="7121680" total="8388608" percent="84">
  <mem type="tenure" free="7121680" total="8388608" percent="84" micro-fragmented="126592">
    <mem type="soa" free="6702864" total="7969792" percent="84" />
    <mem type="loa" free="418816" total="418816" percent="100" />
  </mem>
  <pending-finalizers system="1" default="0" reference="413" classloader="0" />
</mem-info>
<gc-op id="11" type="compact" timems="4.946" contextid="4" timestamp="2019-08-11T05:03:23.704">
  <compact-info movecount="17936" movebytes="1027152" reason="compact to aid heap contraction" />
</gc-op>
<heap-resize id="12" type="expand" space="tenure" amount="4195287040" count="1" timems="0.320" reason="satisfy allocation request" timestamp="2019-08-11T05:03:23.704" />
<gc-end id="13" type="global" contextid="4" durationms="11.188" usertimems="13.611" systemtimems="3.452" timestamp="2019-08-11T05:03:23.704" activeThreads="16">
  <mem-info id="14" free="4202648408" total="4203675648" percent="99">
    <mem type="tenure" free="4202648408" total="4203675648" percent="99">
      <mem type="soa" free="3992465240" total="3993492480" percent="99" />
      <mem type="loa" free="210183168" total="210183168" percent="100" />
    </mem>
    <pending-finalizers system="1" default="0" reference="413" classloader="0" />
  </mem-info>
</gc-end>
<cycle-end id="15" type="global" contextid="4" timestamp="2019-08-11T05:03:23.704" />
  <attribute name="elasticGC enabled" value="1" />
  <attribute name= "numThreadsSpecified" value="16" />
  <attribute name="heapSize specified" value="8388608" />
  <attribute name="Current GC Util" value="61" />
  <attribute name= "Current Time Running" value="187" />
  <attribute name ="GC Interval" value="0" />
  <attribute name="ProportionalT" value="-9.500000" />
  <attribute name="ProportionalI" value="-9.500000" />
  <attribute name="ProportionalH" value="-9.500000" />
  <attribute name="Current Error" value="-19.000000" />
  <attribute name="IntegralT" value="-6934.500000" />
  <attribute name="IntegralI" value="-6934.500000" />
  <attribute name="IntegralH" value="-6934.500000" />
  <attribute name="DerivativeT" value="-3.800000" />
  <attribute name="DerivativeI" value="-3.800000" />
  <attribute name="DerivativeH" value="-3.800000" />
  <attribute name="Loop Time for DT" value="5.000000" />
  <attribute name="Output H" value="4203675648"/>
  <attribute name="Output I" value="200"/>
  <attribute name="Output T" value="16"/>
  <attribute name="Target GC Util Change" value ="80.000000" />
  <attribute name="Current GC Util Change" value="61.000000"/>
  <attribute name="GC Util currently" value="61" />
  <attribute name="CPU Util currently" value="11" />
<sys-end id="16" timestamp="2019-08-11T05:03:23.704" />
<exclusive-end id="17" timestamp="2019-08-11T05:03:23.704" durationms="11.407" />

===== DaCapo 9.12-MR1 avrora starting =====
===== DaCapo 9.12-MR1 avrora PASSED in 133481 msec =====
WARNING: An illegal reflective access operation has occurred
WARNING: Illegal reflective access by com.google.common.base.internal.Finalizer (file:/./scratch/jar/guava-r07.jar) to field java.lang.Thread.inheritableThreadLocals
WARNING: Please consider reporting this to the maintainers of com.google.common.base.internal.Finalizer
WARNING: Use --illegal-access=warn to enable warnings of further illegal reflective access operations
WARNING: All illegal access operations will be denied in a future release
<exclusive-start id="18" timestamp="2019-08-11T05:05:39.843" intervalms="136150.299">
  <response-info timems="0.041" idlems="0.041" threads="0" lastid="0000000002191F00" lastname="main" />
</exclusive-start>
<sys-start reason="explicit" id="19" timestamp="2019-08-11T05:05:39.843" intervalms="136150.305" />
<cycle-start id="20" type="global" contextid="0" timestamp="2019-08-11T05:05:39.843" intervalms="136150.310" />
<gc-start id="21" type="global" contextid="20" timestamp="2019-08-11T05:05:39.843">
  <mem-info id="22" free="3936612128" total="4203675648" percent="93">
    <mem type="tenure" free="3936612128" total="4203675648" percent="93">
      <mem type="soa" free="3726428960" total="3993492480" percent="93" />
      <mem type="loa" free="210183168" total="210183168" percent="100" />
    </mem>
  </mem-info>
</gc-start>
<allocation-stats totalBytes="265877240" >
  <allocated-bytes non-tlh="3834936" tlh="262042304" />
  <largest-consumer threadName="main" threadId="0000000002191F00" bytes="87857232" />
</allocation-stats>
<gc-op id="23" type="mark" timems="16.359" contextid="20" timestamp="2019-08-11T05:05:39.860">
  <trace-info objectcount="76680" scancount="63840" scanbytes="2130752" />
  <finalization candidates="82" enqueued="2" />
  <ownableSynchronizers candidates="21" cleared="0" />
  <references type="soft" candidates="1641" cleared="0" enqueued="0" dynamicThreshold="31" maxThreshold="32" />
  <references type="weak" candidates="5234" cleared="744" enqueued="580" />
  <references type="phantom" candidates="135" cleared="37" enqueued="37" />
  <stringconstants candidates="10077" cleared="1394"  />
</gc-op>
<gc-op id="24" type="classunload" timems="4.965" contextid="20" timestamp="2019-08-11T05:05:39.865">
  <classunload-info classloadercandidates="18" classloadersunloaded="2" classesunloaded="509" anonymousclassesunloaded="0" quiescems="0.000" setupms="1.529" scanms="3.432" postms="0.004" />
</gc-op>
<gc-op id="25" type="sweep" timems="67.638" contextid="20" timestamp="2019-08-11T05:05:39.933" />
<mem-info id="26" free="4197993000" total="4203675648" percent="99">
  <mem type="tenure" free="4197993000" total="4203675648" percent="99" micro-fragmented="664289">
    <mem type="soa" free="3987809832" total="3993492480" percent="99" />
    <mem type="loa" free="210183168" total="210183168" percent="100" />
  </mem>
  <pending-finalizers system="2" default="0" reference="617" classloader="0" />
</mem-info>
<gc-op id="27" type="compact" timems="27.166" contextid="20" timestamp="2019-08-11T05:05:39.960">
  <compact-info movecount="76004" movebytes="4669248" reason="compact to aid heap contraction" />
</gc-op>
<gc-end id="28" type="global" contextid="20" durationms="116.892" usertimems="200.586" systemtimems="0.000" timestamp="2019-08-11T05:05:39.960" activeThreads="16">
  <mem-info id="29" free="4198987416" total="4203675648" percent="99">
    <mem type="tenure" free="4198987416" total="4203675648" percent="99">
      <mem type="soa" free="3988804248" total="3993492480" percent="99" />
      <mem type="loa" free="210183168" total="210183168" percent="100" />
    </mem>
    <pending-finalizers system="2" default="0" reference="617" classloader="0" />
  </mem-info>
</gc-end>
<cycle-end id="30" type="global" contextid="20" timestamp="2019-08-11T05:05:39.961" />
  <attribute name="elasticGC enabled" value="1" />
  <attribute name= "numThreadsSpecified" value="16" />
  <attribute name="heapSize specified" value="-91291648" />
  <attribute name="Current GC Util" value="230" />
  <attribute name= "Current Time Running" value="136443" />
  <attribute name ="GC Interval" value="0" />
  <attribute name="ProportionalT" value="75.000000" />
  <attribute name="ProportionalI" value="75.000000" />
  <attribute name="ProportionalH" value="75.000000" />
  <attribute name="Current Error" value="150.000000" />
  <attribute name="IntegralT" value="2025.000000" />
  <attribute name="IntegralI" value="2025.000000" />
  <attribute name="IntegralH" value="2025.000000" />
  <attribute name="DerivativeT" value="5.555556" />
  <attribute name="DerivativeI" value="5.555556" />
  <attribute name="DerivativeH" value="5.555556" />
  <attribute name="Loop Time for DT" value="27.000000" />
  <attribute name="Output H" value="8388608"/>
  <attribute name="Output I" value="2112"/>
  <attribute name="Output T" value="16"/>
  <attribute name="Target GC Util Change" value ="80.000000" />
  <attribute name="Current GC Util Change" value="230.000000"/>
  <attribute name="GC Util currently" value="230" />
  <attribute name="CPU Util currently" value="42414860606" />
<sys-end id="31" timestamp="2019-08-11T05:05:39.961" />
<exclusive-end id="32" timestamp="2019-08-11T05:05:39.961" durationms="118.120" />

===== DaCapo 9.12-MR1 jython starting =====
-------------------------------------------------------------------------------
PYBENCH 2.0
-------------------------------------------------------------------------------
* using Python 2.5.2
* system check interval set to maximum: 2147483647
* using timer: time.time

Calibrating tests. Please wait...

Running 4 round(s) of the suite at warp factor 10:

* Round 1 done in 17.315 seconds.
<exclusive-start id="33" timestamp="2019-08-11T05:06:00.707" intervalms="20863.885">
  <response-info timems="0.021" idlems="0.021" threads="0" lastid="0000000002191F00" lastname="main" />
</exclusive-start>
<af-start id="34" threadId="0000000002192888" totalBytesRequested="1168" timestamp="2019-08-11T05:06:00.707" intervalms="157258.495" />
<cycle-start id="35" type="global" contextid="0" timestamp="2019-08-11T05:06:00.707" intervalms="20863.888" />
<gc-start id="36" type="global" contextid="35" timestamp="2019-08-11T05:06:00.707">
  <mem-info id="37" free="210183168" total="4203675648" percent="4">
    <mem type="tenure" free="210183168" total="4203675648" percent="4">
      <mem type="soa" free="0" total="3993492480" percent="0" />
      <mem type="loa" free="210183168" total="210183168" percent="100" />
    </mem>
  </mem-info>
</gc-start>
<allocation-stats totalBytes="3984155160" >
  <allocated-bytes non-tlh="14457152" tlh="3969698008" />
  <largest-consumer threadName="main" threadId="0000000002191F00" bytes="3984126824" />
</allocation-stats>
<gc-op id="38" type="mark" timems="22.937" contextid="35" timestamp="2019-08-11T05:06:00.730">
  <trace-info objectcount="610589" scancount="530545" scanbytes="13692812" />
  <finalization candidates="85" enqueued="5" />
  <ownableSynchronizers candidates="21" cleared="0" />
  <references type="soft" candidates="4868" cleared="0" enqueued="0" dynamicThreshold="31" maxThreshold="32" />
  <references type="weak" candidates="5769" cleared="81" enqueued="72" />
  <references type="phantom" candidates="100" cleared="2" enqueued="2" />
  <stringconstants candidates="13868" cleared="24"  />
</gc-op>
<gc-op id="39" type="classunload" timems="1.044" contextid="35" timestamp="2019-08-11T05:06:00.731">
  <classunload-info classloadercandidates="59" classloadersunloaded="3" classesunloaded="3" anonymousclassesunloaded="0" quiescems="0.000" setupms="1.013" scanms="0.026" postms="0.005" />
</gc-op>
<gc-op id="40" type="sweep" timems="580.307" contextid="35" timestamp="2019-08-11T05:06:01.312" />
<mem-info id="41" free="4174074784" total="4203675648" percent="99">
  <mem type="tenure" free="4174074784" total="4203675648" percent="99" micro-fragmented="1757200">
    <mem type="soa" free="3963891616" total="3993492480" percent="99" />
    <mem type="loa" free="210183168" total="210183168" percent="100" />
  </mem>
  <pending-finalizers system="0" default="5" reference="74" classloader="0" />
</mem-info>
<gc-op id="42" type="compact" timems="45.848" contextid="35" timestamp="2019-08-11T05:06:01.358">
  <compact-info movecount="607147" movebytes="18200576" reason="compact to aid heap contraction" />
</gc-op>
<gc-end id="43" type="global" contextid="35" durationms="651.058" usertimems="877.580" systemtimems="0.000" timestamp="2019-08-11T05:06:01.358" activeThreads="16">
  <mem-info id="44" free="4185234928" total="4203675648" percent="99">
    <mem type="tenure" free="4185234928" total="4203675648" percent="99">
      <mem type="soa" free="3975051760" total="3993492480" percent="99" />
      <mem type="loa" free="210183168" total="210183168" percent="100" />
    </mem>
    <pending-finalizers system="0" default="5" reference="74" classloader="0" />
  </mem-info>
</gc-end>
<cycle-end id="45" type="global" contextid="35" timestamp="2019-08-11T05:06:01.359" />
  <attribute name="elasticGC enabled" value="1" />
  <attribute name= "numThreadsSpecified" value="16" />
  <attribute name="heapSize specified" value="-91291648" />
  <attribute name="Current GC Util" value="377" />
  <attribute name= "Current Time Running" value="157841" />
  <attribute name ="GC Interval" value="0" />
  <attribute name="ProportionalT" value="148.500000" />
  <attribute name="ProportionalI" value="148.500000" />
  <attribute name="ProportionalH" value="148.500000" />
  <attribute name="Current Error" value="297.000000" />
  <attribute name="IntegralT" value="6831.000000" />
  <attribute name="IntegralI" value="6831.000000" />
  <attribute name="IntegralH" value="6831.000000" />
  <attribute name="DerivativeT" value="6.456522" />
  <attribute name="DerivativeI" value="6.456522" />
  <attribute name="DerivativeH" value="6.456522" />
  <attribute name="Loop Time for DT" value="46.000000" />
  <attribute name="Output H" value="8388608"/>
  <attribute name="Output I" value="4000"/>
  <attribute name="Output T" value="16"/>
  <attribute name="Target GC Util Change" value ="80.000000" />
  <attribute name="Current GC Util Change" value="377.000000"/>
  <attribute name="GC Util currently" value="377" />
  <attribute name="CPU Util currently" value="25106156471" />
<allocation-satisfied id="46" threadId="0000000002191F00" bytesRequested="1168" />
<af-end id="47" timestamp="2019-08-11T05:06:01.359" threadId="0000000002192888" success="true" />
<exclusive-end id="48" timestamp="2019-08-11T05:06:01.359" durationms="651.519" />

* Round 2 done in 2.955 seconds.
<exclusive-start id="49" timestamp="2019-08-11T05:06:03.733" intervalms="3025.646">
  <response-info timems="0.020" idlems="0.020" threads="0" lastid="0000000002191F00" lastname="main" />
</exclusive-start>
<af-start id="50" threadId="0000000002192888" totalBytesRequested="80" timestamp="2019-08-11T05:06:03.733" intervalms="3025.637" />
<cycle-start id="51" type="global" contextid="0" timestamp="2019-08-11T05:06:03.733" intervalms="3025.658" />
<gc-start id="52" type="global" contextid="51" timestamp="2019-08-11T05:06:03.733">
  <mem-info id="53" free="210183168" total="4203675648" percent="4">
    <mem type="tenure" free="210183168" total="4203675648" percent="4">
      <mem type="soa" free="0" total="3993492480" percent="0" />
      <mem type="loa" free="210183168" total="210183168" percent="100" />
    </mem>
  </mem-info>
</gc-start>
<allocation-stats totalBytes="3970651472" >
  <allocated-bytes non-tlh="120" tlh="3970651352" />
  <largest-consumer threadName="main" threadId="0000000002191F00" bytes="3970639064" />
</allocation-stats>
<gc-op id="54" type="mark" timems="13.243" contextid="51" timestamp="2019-08-11T05:06:03.746">
  <trace-info objectcount="610379" scancount="530396" scanbytes="13689016" />
  <finalization candidates="80" enqueued="0" />
  <ownableSynchronizers candidates="21" cleared="0" />
  <references type="soft" candidates="4868" cleared="0" enqueued="0" dynamicThreshold="31" maxThreshold="32" />
  <references type="weak" candidates="5746" cleared="14" enqueued="6" />
  <references type="phantom" candidates="98" cleared="1" enqueued="1" />
  <stringconstants candidates="13846" cleared="0"  />
</gc-op>
<gc-op id="55" type="sweep" timems="614.973" contextid="51" timestamp="2019-08-11T05:06:04.361" />
<mem-info id="56" free="4185312000" total="4203675648" percent="99">
  <mem type="tenure" free="4185312000" total="4203675648" percent="99" micro-fragmented="17161">
    <mem type="soa" free="3975128832" total="3993492480" percent="99" />
    <mem type="loa" free="210183168" total="210183168" percent="100" />
  </mem>
  <pending-finalizers system="0" default="0" reference="7" classloader="0" />
</mem-info>
<gc-op id="57" type="compact" timems="47.389" contextid="51" timestamp="2019-08-11T05:06:04.409">
  <compact-info movecount="553705" movebytes="15599880" reason="compact to aid heap contraction" />
</gc-op>
<gc-end id="58" type="global" contextid="51" durationms="676.327" usertimems="963.210" systemtimems="0.000" timestamp="2019-08-11T05:06:04.409" activeThreads="16">
  <mem-info id="59" free="4185272208" total="4203675648" percent="99">
    <mem type="tenure" free="4185272208" total="4203675648" percent="99">
      <mem type="soa" free="3975089040" total="3993492480" percent="99" />
      <mem type="loa" free="210183168" total="210183168" percent="100" />
    </mem>
    <pending-finalizers system="0" default="0" reference="7" classloader="0" />
  </mem-info>
</gc-end>
<cycle-end id="60" type="global" contextid="51" timestamp="2019-08-11T05:06:04.409" />
  <attribute name="elasticGC enabled" value="1" />
  <attribute name= "numThreadsSpecified" value="16" />
  <attribute name="heapSize specified" value="-91291648" />
  <attribute name="Current GC Util" value="465" />
  <attribute name= "Current Time Running" value="160892" />
  <attribute name ="GC Interval" value="0" />
  <attribute name="ProportionalT" value="192.500000" />
  <attribute name="ProportionalI" value="192.500000" />
  <attribute name="ProportionalH" value="192.500000" />
  <attribute name="Current Error" value="385.000000" />
  <attribute name="IntegralT" value="9047.500000" />
  <attribute name="IntegralI" value="9047.500000" />
  <attribute name="IntegralH" value="9047.500000" />
  <attribute name="DerivativeT" value="8.191489" />
  <attribute name="DerivativeI" value="8.191489" />
  <attribute name="DerivativeH" value="8.191489" />
  <attribute name="Loop Time for DT" value="47.000000" />
  <attribute name="Output H" value="8388608"/>
  <attribute name="Output I" value="4000"/>
  <attribute name="Output T" value="16"/>
  <attribute name="Target GC Util Change" value ="80.000000" />
  <attribute name="Current GC Util Change" value="465.000000"/>
  <attribute name="GC Util currently" value="465" />
  <attribute name="CPU Util currently" value="24330331102" />
<allocation-satisfied id="61" threadId="0000000002191F00" bytesRequested="80" />
<af-end id="62" timestamp="2019-08-11T05:06:04.409" threadId="0000000002192888" success="true" />
<exclusive-end id="63" timestamp="2019-08-11T05:06:04.409" durationms="676.567" />

* Round 3 done in 2.807 seconds.
<exclusive-start id="64" timestamp="2019-08-11T05:06:07.590" intervalms="3857.497">
  <response-info timems="0.022" idlems="0.022" threads="0" lastid="0000000002191F00" lastname="main" />
</exclusive-start>
<af-start id="65" threadId="0000000002192888" totalBytesRequested="64" timestamp="2019-08-11T05:06:07.590" intervalms="3857.498" />
<cycle-start id="66" type="global" contextid="0" timestamp="2019-08-11T05:06:07.590" intervalms="3857.476" />
<gc-start id="67" type="global" contextid="66" timestamp="2019-08-11T05:06:07.591">
  <mem-info id="68" free="210183168" total="4203675648" percent="4">
    <mem type="tenure" free="210183168" total="4203675648" percent="4">
      <mem type="soa" free="0" total="3993492480" percent="0" />
      <mem type="loa" free="210183168" total="210183168" percent="100" />
    </mem>
  </mem-info>
</gc-start>
<allocation-stats totalBytes="3971506072" >
  <allocated-bytes non-tlh="0" tlh="3971506072" />
  <largest-consumer threadName="main" threadId="0000000002191F00" bytes="3971506072" />
</allocation-stats>
<gc-op id="69" type="mark" timems="12.965" contextid="66" timestamp="2019-08-11T05:06:07.603">
  <trace-info objectcount="610488" scancount="530504" scanbytes="13692112" />
  <finalization candidates="80" enqueued="0" />
  <ownableSynchronizers candidates="21" cleared="0" />
  <references type="soft" candidates="4868" cleared="0" enqueued="0" dynamicThreshold="31" maxThreshold="32" />
  <references type="weak" candidates="5763" cleared="7" enqueued="3" />
  <references type="phantom" candidates="97" cleared="0" enqueued="0" />
  <stringconstants candidates="13846" cleared="0"  />
</gc-op>
<gc-op id="70" type="sweep" timems="691.904" contextid="66" timestamp="2019-08-11T05:06:08.295" />
<mem-info id="71" free="4185320736" total="4203675648" percent="99">
  <mem type="tenure" free="4185320736" total="4203675648" percent="99" micro-fragmented="2052">
    <mem type="soa" free="3975137568" total="3993492480" percent="99" />
    <mem type="loa" free="210183168" total="210183168" percent="100" />
  </mem>
  <pending-finalizers system="0" default="0" reference="3" classloader="0" />
</mem-info>
<gc-op id="72" type="compact" timems="29.207" contextid="66" timestamp="2019-08-11T05:06:08.325">
  <compact-info movecount="228029" movebytes="5712200" reason="compact to aid heap contraction" />
</gc-op>
<gc-end id="73" type="global" contextid="66" durationms="734.712" usertimems="907.906" systemtimems="0.000" timestamp="2019-08-11T05:06:08.325" activeThreads="16">
  <mem-info id="74" free="4185268608" total="4203675648" percent="99">
    <mem type="tenure" free="4185268608" total="4203675648" percent="99">
      <mem type="soa" free="3975085440" total="3993492480" percent="99" />
      <mem type="loa" free="210183168" total="210183168" percent="100" />
    </mem>
    <pending-finalizers system="0" default="0" reference="3" classloader="0" />
  </mem-info>
</gc-end>
<cycle-end id="75" type="global" contextid="66" timestamp="2019-08-11T05:06:08.325" />
  <attribute name="elasticGC enabled" value="1" />
  <attribute name= "numThreadsSpecified" value="16" />
  <attribute name="heapSize specified" value="-91291648" />
  <attribute name="Current GC Util" value="400" />
  <attribute name= "Current Time Running" value="164808" />
  <attribute name ="GC Interval" value="0" />
  <attribute name="ProportionalT" value="160.000000" />
  <attribute name="ProportionalI" value="160.000000" />
  <attribute name="ProportionalH" value="160.000000" />
  <attribute name="Current Error" value="320.000000" />
  <attribute name="IntegralT" value="4640.000000" />
  <attribute name="IntegralI" value="4640.000000" />
  <attribute name="IntegralH" value="4640.000000" />
  <attribute name="DerivativeT" value="11.034483" />
  <attribute name="DerivativeI" value="11.034483" />
  <attribute name="DerivativeH" value="11.034483" />
  <attribute name="Loop Time for DT" value="29.000000" />
  <attribute name="Output H" value="8388608"/>
  <attribute name="Output I" value="4000"/>
  <attribute name="Output T" value="16"/>
  <attribute name="Target GC Util Change" value ="80.000000" />
  <attribute name="Current GC Util Change" value="400.000000"/>
  <attribute name="GC Util currently" value="400" />
  <attribute name="CPU Util currently" value="39427064585" />
<allocation-satisfied id="76" threadId="0000000002191F00" bytesRequested="64" />
<af-end id="77" timestamp="2019-08-11T05:06:08.325" threadId="0000000002192888" success="true" />
<exclusive-end id="78" timestamp="2019-08-11T05:06:08.325" durationms="735.051" />

* Round 4 done in 2.907 seconds.

-------------------------------------------------------------------------------
Benchmark: 2019-08-11 05:05:42
-------------------------------------------------------------------------------

    Rounds: 4
    Warp:   10
    Timer:  time.time

Test                             minimum  average  operation  overhead
-------------------------------------------------------------------------------
          BuiltinFunctionCalls:     15ms     67ms    0.13us    0.000ms
           BuiltinMethodLookup:     39ms    103ms    0.10us    0.000ms
                 CompareFloats:     16ms    155ms    0.13us    0.000ms
         CompareFloatsIntegers:     19ms     89ms    0.10us    0.000ms
               CompareIntegers:     22ms     69ms    0.04us    0.000ms
        CompareInternedStrings:     35ms    141ms    0.09us    0.000ms
                  CompareLongs:     17ms     72ms    0.07us    0.000ms
                CompareStrings:     25ms     71ms    0.07us    0.000ms
                CompareUnicode:     21ms     56ms    0.07us    0.000ms
                 ConcatStrings:     66ms    336ms    0.67us    0.000ms
                 ConcatUnicode:     43ms    118ms    0.39us    0.000ms
               CreateInstances:     35ms     68ms    0.60us    0.000ms
            CreateNewInstances:     52ms     97ms    1.15us    0.000ms
       CreateStringsWithConcat:     42ms    281ms    0.28us    0.000ms
       CreateUnicodeWithConcat:     19ms     45ms    0.11us    0.000ms
                  DictCreation:     28ms    101ms    0.25us    0.000ms
             DictWithFloatKeys:     16ms    216ms    0.24us    0.000ms
           DictWithIntegerKeys:     19ms     84ms    0.07us    0.000ms
            DictWithStringKeys:     20ms     65ms    0.05us    0.000ms
                      ForLoops:    100ms    189ms    7.57us    0.000ms
                    IfThenElse:     20ms    111ms    0.08us    0.000ms
                   ListSlicing:      7ms     33ms    2.32us    0.000ms
                NestedForLoops:     89ms    108ms    0.07us    0.000ms
          NormalClassAttribute:     23ms    120ms    0.10us    0.000ms
       NormalInstanceAttribute:     26ms     73ms    0.06us    0.000ms
           PythonFunctionCalls:     25ms     95ms    0.29us    0.000ms
             PythonMethodCalls:     31ms     88ms    0.39us    0.000ms
                     Recursion:     38ms    152ms    3.04us    0.000ms
                  SecondImport:     32ms    106ms    1.06us    0.000ms
           SecondPackageImport:     34ms     59ms    0.59us    0.000ms
         SecondSubmoduleImport:     56ms     85ms    0.85us    0.000ms
       SimpleComplexArithmetic:     15ms     88ms    0.10us    0.000ms
        SimpleDictManipulation:     25ms    120ms    0.10us    0.000ms
         SimpleFloatArithmetic:     19ms    136ms    0.10us    0.000ms
      SimpleIntFloatArithmetic:     19ms    131ms    0.10us    0.000ms
       SimpleIntegerArithmetic:     19ms     99ms    0.08us    0.000ms
        SimpleListManipulation:     46ms    167ms    0.14us    0.000ms
          SimpleLongArithmetic:     22ms    105ms    0.16us    0.000ms
                    SmallLists:     45ms     95ms    0.14us    0.000ms
                   SmallTuples:     43ms    177ms    0.33us    0.000ms
         SpecialClassAttribute:     23ms     83ms    0.07us    0.000ms
      SpecialInstanceAttribute:     26ms     74ms    0.06us    0.000ms
                StringMappings:     63ms    286ms    1.14us    0.000ms
              StringPredicates:     39ms    149ms    0.21us    0.000ms
                 StringSlicing:     27ms    263ms    0.47us    0.000ms
                     TryExcept:      2ms     33ms    0.01us    0.000ms
                TryRaiseExcept:     86ms    132ms    2.05us    0.000ms
                  TupleSlicing:     19ms     43ms    0.16us    0.000ms
               UnicodeMappings:     85ms    169ms    4.70us    0.000ms
             UnicodePredicates:     40ms    120ms    0.22us    0.000ms
             UnicodeProperties:    330ms    488ms    1.22us    0.000ms
                UnicodeSlicing:     30ms     83ms    0.17us    0.000ms
-------------------------------------------------------------------------------
Totals:                           2053ms   6496ms

===== DaCapo 9.12-MR1 jython PASSED in 29062 msec =====
<exclusive-start id="79" timestamp="2019-08-11T05:06:10.794" intervalms="3203.240">
  <response-info timems="4.151" idlems="2.102" threads="1" lastid="00000000021B7600" lastname="IProfiler" />
</exclusive-start>
<sys-start reason="explicit" id="80" timestamp="2019-08-11T05:06:10.794" intervalms="30950.310" />
<cycle-start id="81" type="global" contextid="0" timestamp="2019-08-11T05:06:10.794" intervalms="3203.488" />
<gc-start id="82" type="global" contextid="81" timestamp="2019-08-11T05:06:10.794">
  <mem-info id="83" free="3254671528" total="4203675648" percent="77">
    <mem type="tenure" free="3254671528" total="4203675648" percent="77">
      <mem type="soa" free="3044488360" total="3993492480" percent="76" />
      <mem type="loa" free="210183168" total="210183168" percent="100" />
    </mem>
  </mem-info>
</gc-start>
<allocation-stats totalBytes="915239448" >
  <allocated-bytes non-tlh="73809336" tlh="841430112" />
  <largest-consumer threadName="main" threadId="0000000002191F00" bytes="915239448" />
</allocation-stats>
<gc-op id="84" type="mark" timems="88.056" contextid="81" timestamp="2019-08-11T05:06:10.882">
  <trace-info objectcount="611071" scancount="530353" scanbytes="13694444" />
  <finalization candidates="81" enqueued="1" />
  <ownableSynchronizers candidates="24" cleared="3" />
  <references type="soft" candidates="4875" cleared="0" enqueued="0" dynamicThreshold="31" maxThreshold="32" />
  <references type="weak" candidates="5829" cleared="60" enqueued="60" />
  <references type="phantom" candidates="133" cleared="11" enqueued="11" />
  <stringconstants candidates="14264" cleared="8"  />
</gc-op>
<gc-op id="85" type="classunload" timems="1.939" contextid="81" timestamp="2019-08-11T05:06:10.884">
  <classunload-info classloadercandidates="57" classloadersunloaded="2" classesunloaded="2" anonymousclassesunloaded="0" quiescems="0.000" setupms="1.906" scanms="0.028" postms="0.005" />
</gc-op>
<gc-op id="86" type="sweep" timems="479.421" contextid="81" timestamp="2019-08-11T05:06:11.364" />
<mem-info id="87" free="4184683376" total="4203675648" percent="99">
  <mem type="tenure" free="4184683376" total="4203675648" percent="99" micro-fragmented="160321">
    <mem type="soa" free="3974500208" total="3993492480" percent="99" />
    <mem type="loa" free="210183168" total="210183168" percent="100" />
  </mem>
  <pending-finalizers system="1" default="0" reference="71" classloader="0" />
</mem-info>
<gc-op id="88" type="compact" timems="132.608" contextid="81" timestamp="2019-08-11T05:06:11.496">
  <compact-info movecount="582572" movebytes="17317312" reason="compact to aid heap contraction" />
</gc-op>
<gc-end id="89" type="global" contextid="81" durationms="704.117" usertimems="954.603" systemtimems="0.000" timestamp="2019-08-11T05:06:11.498" activeThreads="16">
  <mem-info id="90" free="4184830512" total="4203675648" percent="99">
    <mem type="tenure" free="4184830512" total="4203675648" percent="99">
      <mem type="soa" free="3974647344" total="3993492480" percent="99" />
      <mem type="loa" free="210183168" total="210183168" percent="100" />
    </mem>
    <pending-finalizers system="1" default="0" reference="71" classloader="0" />
  </mem-info>
</gc-end>
<cycle-end id="91" type="global" contextid="81" timestamp="2019-08-11T05:06:11.498" />
  <attribute name="elasticGC enabled" value="1" />
  <attribute name= "numThreadsSpecified" value="16" />
  <attribute name="heapSize specified" value="-91291648" />
  <attribute name="Current GC Util" value="255" />
  <attribute name= "Current Time Running" value="167979" />
  <attribute name ="GC Interval" value="0" />
  <attribute name="ProportionalT" value="87.500000" />
  <attribute name="ProportionalI" value="87.500000" />
  <attribute name="ProportionalH" value="87.500000" />
  <attribute name="Current Error" value="175.000000" />
  <attribute name="IntegralT" value="11550.000000" />
  <attribute name="IntegralI" value="11550.000000" />
  <attribute name="IntegralH" value="11550.000000" />
  <attribute name="DerivativeT" value="1.325758" />
  <attribute name="DerivativeI" value="1.325758" />
  <attribute name="DerivativeH" value="1.325758" />
  <attribute name="Loop Time for DT" value="132.000000" />
  <attribute name="Output H" value="8388608"/>
  <attribute name="Output I" value="4000"/>
  <attribute name="Output T" value="16"/>
  <attribute name="Target GC Util Change" value ="80.000000" />
  <attribute name="Current GC Util Change" value="255.000000"/>
  <attribute name="GC Util currently" value="255" />
  <attribute name="CPU Util currently" value="8692591826" />
<sys-end id="92" timestamp="2019-08-11T05:06:11.498" />
<exclusive-end id="93" timestamp="2019-08-11T05:06:11.498" durationms="704.744" />

===== DaCapo 9.12-MR1 pmd starting =====
===== DaCapo 9.12-MR1 pmd PASSED in 4009 msec =====
Using scaled threading model. 16 processors detected, 16 threads used to drive the workload, in a possible range of [1,512]
<exclusive-start id="94" timestamp="2019-08-11T05:06:15.748" intervalms="4954.287">
  <response-info timems="0.026" idlems="0.026" threads="0" lastid="0000000002191F00" lastname="main" />
</exclusive-start>
<sys-start reason="explicit" id="95" timestamp="2019-08-11T05:06:15.748" intervalms="4954.251" />
<cycle-start id="96" type="global" contextid="0" timestamp="2019-08-11T05:06:15.748" intervalms="4954.052" />
<gc-start id="97" type="global" contextid="96" timestamp="2019-08-11T05:06:15.748">
  <mem-info id="98" free="3566306848" total="4203675648" percent="84">
    <mem type="tenure" free="3566306848" total="4203675648" percent="84">
      <mem type="soa" free="3356123680" total="3993492480" percent="84" />
      <mem type="loa" free="210183168" total="210183168" percent="100" />
    </mem>
  </mem-info>
</gc-start>
<allocation-stats totalBytes="618244176" >
  <allocated-bytes non-tlh="4046128" tlh="614198048" />
  <largest-consumer threadName="main" threadId="0000000002191F00" bytes="18383152" />
</allocation-stats>
<gc-op id="99" type="mark" timems="496.761" contextid="96" timestamp="2019-08-11T05:06:16.245">
  <trace-info objectcount="639066" scancount="553664" scanbytes="14438192" />
  <finalization candidates="153" enqueued="2" />
  <ownableSynchronizers candidates="42" cleared="19" />
  <references type="soft" candidates="4909" cleared="0" enqueued="0" dynamicThreshold="31" maxThreshold="32" />
  <references type="weak" candidates="12187" cleared="5938" enqueued="5863" />
  <references type="phantom" candidates="1600" cleared="747" enqueued="747" />
  <stringconstants candidates="16393" cleared="1772"  />
</gc-op>
<gc-op id="100" type="classunload" timems="40.504" contextid="96" timestamp="2019-08-11T05:06:16.285">
  <classunload-info classloadercandidates="61" classloadersunloaded="6" classesunloaded="1008" anonymousclassesunloaded="0" quiescems="0.000" setupms="27.726" scanms="12.769" postms="0.009" />
</gc-op>
<gc-op id="101" type="sweep" timems="331.271" contextid="96" timestamp="2019-08-11T05:06:16.617" />
<mem-info id="102" free="4179182536" total="4203675648" percent="99">
  <mem type="tenure" free="4179182536" total="4203675648" percent="99" micro-fragmented="135129">
    <mem type="soa" free="3968999368" total="3993492480" percent="99" />
    <mem type="loa" free="210183168" total="210183168" percent="100" />
  </mem>
  <pending-finalizers system="2" default="0" reference="6610" classloader="0" />
</mem-info>
<gc-op id="103" type="compact" timems="396.686" contextid="96" timestamp="2019-08-11T05:06:17.013">
  <compact-info movecount="635551" movebytes="23616720" reason="compact to aid heap contraction" />
</gc-op>
<gc-end id="104" type="global" contextid="96" durationms="1327.930" usertimems="945.702" systemtimems="588.246" timestamp="2019-08-11T05:06:17.076" activeThreads="16">
  <mem-info id="105" free="4179881504" total="4203675648" percent="99">
    <mem type="tenure" free="4179881504" total="4203675648" percent="99">
      <mem type="soa" free="3969698336" total="3993492480" percent="99" />
      <mem type="loa" free="210183168" total="210183168" percent="100" />
    </mem>
    <pending-finalizers system="2" default="0" reference="6610" classloader="0" />
  </mem-info>
</gc-end>
<cycle-end id="106" type="global" contextid="96" timestamp="2019-08-11T05:06:17.078" />
  <attribute name="elasticGC enabled" value="1" />
  <attribute name= "numThreadsSpecified" value="16" />
  <attribute name="heapSize specified" value="-91291648" />
  <attribute name="Current GC Util" value="195" />
  <attribute name= "Current Time Running" value="173507" />
  <attribute name ="GC Interval" value="0" />
  <attribute name="ProportionalT" value="57.500000" />
  <attribute name="ProportionalI" value="57.500000" />
  <attribute name="ProportionalH" value="57.500000" />
  <attribute name="Current Error" value="115.000000" />
  <attribute name="IntegralT" value="23402.500000" />
  <attribute name="IntegralI" value="23402.500000" />
  <attribute name="IntegralH" value="23402.500000" />
  <attribute name="DerivativeT" value="0.282555" />
  <attribute name="DerivativeI" value="0.282555" />
  <attribute name="DerivativeH" value="0.282555" />
  <attribute name="Loop Time for DT" value="407.000000" />
  <attribute name="Output H" value="8388608"/>
  <attribute name="Output I" value="4000"/>
  <attribute name="Output T" value="16"/>
  <attribute name="Target GC Util Change" value ="80.000000" />
  <attribute name="Current GC Util Change" value="195.000000"/>
  <attribute name="GC Util currently" value="195" />
  <attribute name="CPU Util currently" value="2831322473" />
<sys-end id="107" timestamp="2019-08-11T05:06:17.078" />
<exclusive-end id="108" timestamp="2019-08-11T05:06:17.078" durationms="1330.501" />

===== DaCapo 9.12-MR1 sunflow starting =====
<exclusive-start id="109" timestamp="2019-08-11T05:06:27.509" intervalms="11761.312">
  <response-info timems="21.830" idlems="17.442" threads="4" lastid="00000000024A9600" lastname="Thread-28" />
</exclusive-start>
<af-start id="110" threadId="000000000249B088" totalBytesRequested="24" timestamp="2019-08-11T05:06:27.509" intervalms="19918.867" />
<cycle-start id="111" type="global" contextid="0" timestamp="2019-08-11T05:06:27.509" intervalms="11761.336" />
<gc-start id="112" type="global" contextid="111" timestamp="2019-08-11T05:06:27.509">
  <mem-info id="113" free="210183168" total="4203675648" percent="4">
    <mem type="tenure" free="210183168" total="4203675648" percent="4">
      <mem type="soa" free="0" total="3993492480" percent="0" />
      <mem type="loa" free="210183168" total="210183168" percent="100" />
    </mem>
  </mem-info>
</gc-start>
<allocation-stats totalBytes="3969280824" >
  <allocated-bytes non-tlh="3325544" tlh="3965955280" />
  <largest-consumer threadName="Thread-30" threadId="0000000002496B00" bytes="353851704" />
</allocation-stats>
<gc-op id="114" type="mark" timems="266.381" contextid="111" timestamp="2019-08-11T05:06:27.776">
  <trace-info objectcount="758026" scancount="674030" scanbytes="19667108" />
  <finalization candidates="151" enqueued="0" />
  <ownableSynchronizers candidates="23" cleared="0" />
  <references type="soft" candidates="4924" cleared="0" enqueued="0" dynamicThreshold="31" maxThreshold="32" />
  <references type="weak" candidates="6287" cleared="25" enqueued="25" />
  <references type="phantom" candidates="835" cleared="0" enqueued="0" />
  <stringconstants candidates="15175" cleared="2"  />
</gc-op>
<gc-op id="115" type="sweep" timems="1217.401" contextid="111" timestamp="2019-08-11T05:06:28.994" />
<mem-info id="116" free="4173703864" total="4203675648" percent="99">
  <mem type="tenure" free="4173703864" total="4203675648" percent="99" micro-fragmented="1033746">
    <mem type="soa" free="3963520696" total="3993492480" percent="99" />
    <mem type="loa" free="210183168" total="210183168" percent="100" />
  </mem>
  <pending-finalizers system="0" default="0" reference="25" classloader="0" />
</mem-info>
<gc-op id="117" type="compact" timems="56.759" contextid="111" timestamp="2019-08-11T05:06:29.051">
  <compact-info movecount="659733" movebytes="25392224" reason="compact to aid heap contraction" />
</gc-op>
<gc-end id="118" type="global" contextid="111" durationms="1542.042" usertimems="1300.486" systemtimems="282.901" timestamp="2019-08-11T05:06:29.051" activeThreads="16">
  <mem-info id="119" free="4175351264" total="4203675648" percent="99">
    <mem type="tenure" free="4175351264" total="4203675648" percent="99">
      <mem type="soa" free="3965168096" total="3993492480" percent="99" />
      <mem type="loa" free="210183168" total="210183168" percent="100" />
    </mem>
    <pending-finalizers system="0" default="0" reference="25" classloader="0" />
  </mem-info>
</gc-end>
<cycle-end id="120" type="global" contextid="111" timestamp="2019-08-11T05:06:29.054" />
  <attribute name="elasticGC enabled" value="1" />
  <attribute name= "numThreadsSpecified" value="16" />
  <attribute name="heapSize specified" value="-91291648" />
  <attribute name="Current GC Util" value="422" />
  <attribute name= "Current Time Running" value="185534" />
  <attribute name ="GC Interval" value="0" />
  <attribute name="ProportionalT" value="171.000000" />
  <attribute name="ProportionalI" value="171.000000" />
  <attribute name="ProportionalH" value="171.000000" />
  <attribute name="Current Error" value="342.000000" />
  <attribute name="IntegralT" value="9747.000000" />
  <attribute name="IntegralI" value="9747.000000" />
  <attribute name="IntegralH" value="9747.000000" />
  <attribute name="DerivativeT" value="6.000000" />
  <attribute name="DerivativeI" value="6.000000" />
  <attribute name="DerivativeH" value="6.000000" />
  <attribute name="Loop Time for DT" value="57.000000" />
  <attribute name="Output H" value="8388608"/>
  <attribute name="Output I" value="4000"/>
  <attribute name="Output T" value="16"/>
  <attribute name="Target GC Util Change" value ="80.000000" />
  <attribute name="Current GC Util Change" value="422.000000"/>
  <attribute name="GC Util currently" value="422" />
  <attribute name="CPU Util currently" value="20322639893" />
<allocation-satisfied id="121" threadId="000000000249A700" bytesRequested="24" />
<af-end id="122" timestamp="2019-08-11T05:06:29.054" threadId="000000000249B088" success="true" />
<exclusive-end id="123" timestamp="2019-08-11T05:06:29.054" durationms="1544.689" />

===== DaCapo 9.12-MR1 sunflow PASSED in 14733 msec =====
Using scaled threading model. 16 processors detected, 16 threads used to drive the workload, in a possible range of [1,1000]
<exclusive-start id="124" timestamp="2019-08-11T05:06:32.169" intervalms="4659.897">
  <response-info timems="0.111" idlems="0.059" threads="1" lastid="00000000024AD200" lastname="Thread-40" />
</exclusive-start>
<sys-start reason="explicit" id="125" timestamp="2019-08-11T05:06:32.169" intervalms="16421.218" />
<cycle-start id="126" type="global" contextid="0" timestamp="2019-08-11T05:06:32.169" intervalms="4659.884" />
<gc-start id="127" type="global" contextid="126" timestamp="2019-08-11T05:06:32.169">
  <mem-info id="128" free="214913192" total="4203675648" percent="5">
    <mem type="tenure" free="214913192" total="4203675648" percent="5">
      <mem type="soa" free="4730024" total="3993492480" percent="0" />
      <mem type="loa" free="210183168" total="210183168" percent="100" />
    </mem>
  </mem-info>
</gc-start>
<allocation-stats totalBytes="3960193336" >
  <allocated-bytes non-tlh="371112" tlh="3959822224" />
  <largest-consumer threadName="main" threadId="0000000002191F00" bytes="11344408" />
</allocation-stats>
<gc-op id="129" type="mark" timems="68.137" contextid="126" timestamp="2019-08-11T05:06:32.244">
  <trace-info objectcount="642668" scancount="556029" scanbytes="14693700" />
  <finalization candidates="154" enqueued="1" />
  <ownableSynchronizers candidates="23" cleared="0" />
  <references type="soft" candidates="4995" cleared="0" enqueued="0" dynamicThreshold="31" maxThreshold="32" />
  <references type="weak" candidates="6373" cleared="93" enqueued="93" />
  <references type="phantom" candidates="883" cleared="10" enqueued="10" />
  <stringconstants candidates="16167" cleared="22"  />
</gc-op>
<gc-op id="130" type="classunload" timems="0.022" contextid="126" timestamp="2019-08-11T05:06:32.244">
  <classunload-info classloadercandidates="68" classloadersunloaded="0" classesunloaded="0" anonymousclassesunloaded="0" quiescems="6.643" setupms="0.021" scanms="0.001" postms="0.000" />
</gc-op>
<gc-op id="131" type="sweep" timems="3217.157" contextid="126" timestamp="2019-08-11T05:06:35.462" />
<mem-info id="132" free="4180264040" total="4203675648" percent="99">
  <mem type="tenure" free="4180264040" total="4203675648" percent="99" micro-fragmented="323869">
    <mem type="soa" free="3970080872" total="3993492480" percent="99" />
    <mem type="loa" free="210183168" total="210183168" percent="100" />
  </mem>
  <pending-finalizers system="1" default="0" reference="103" classloader="0" />
</mem-info>
<gc-op id="133" type="compact" timems="204.121" contextid="126" timestamp="2019-08-11T05:06:35.666">
  <compact-info movecount="210718" movebytes="8570176" reason="compact to aid heap contraction" />
</gc-op>
<gc-end id="134" type="global" contextid="126" durationms="3558.058" usertimems="2802.880" systemtimems="698.009" timestamp="2019-08-11T05:06:35.727" activeThreads="16">
  <mem-info id="135" free="4180708624" total="4203675648" percent="99">
    <mem type="tenure" free="4180708624" total="4203675648" percent="99">
      <mem type="soa" free="3970525456" total="3993492480" percent="99" />
      <mem type="loa" free="210183168" total="210183168" percent="100" />
    </mem>
    <pending-finalizers system="1" default="0" reference="103" classloader="0" />
  </mem-info>
</gc-end>
<cycle-end id="136" type="global" contextid="126" timestamp="2019-08-11T05:06:35.728" />
  <attribute name="elasticGC enabled" value="1" />
  <attribute name= "numThreadsSpecified" value="16" />
  <attribute name="heapSize specified" value="-91291648" />
  <attribute name="Current GC Util" value="119" />
  <attribute name= "Current Time Running" value="192155" />
  <attribute name ="GC Interval" value="0" />
  <attribute name="ProportionalT" value="19.500000" />
  <attribute name="ProportionalI" value="19.500000" />
  <attribute name="ProportionalH" value="19.500000" />
  <attribute name="Current Error" value="39.000000" />
  <attribute name="IntegralT" value="4095.000000" />
  <attribute name="IntegralI" value="4095.000000" />
  <attribute name="IntegralH" value="4095.000000" />
  <attribute name="DerivativeT" value="0.185714" />
  <attribute name="DerivativeI" value="0.185714" />
  <attribute name="DerivativeH" value="0.185714" />
  <attribute name="Loop Time for DT" value="210.000000" />
  <attribute name="Output H" value="8388608"/>
  <attribute name="Output I" value="4000"/>
  <attribute name="Output T" value="16"/>
  <attribute name="Target GC Util Change" value ="80.000000" />
  <attribute name="Current GC Util Change" value="119.000000"/>
  <attribute name="GC Util currently" value="119" />
  <attribute name="CPU Util currently" value="5490941709" />
<sys-end id="137" timestamp="2019-08-11T05:06:35.728" />
<exclusive-end id="138" timestamp="2019-08-11T05:06:35.728" durationms="3559.296" />

===== DaCapo 9.12-MR1 xalan starting =====
<exclusive-start id="139" timestamp="2019-08-11T05:06:45.978" intervalms="13809.026">
  <response-info timems="0.444" idlems="0.321" threads="1" lastid="000000000248F300" lastname="Thread-44" />
</exclusive-start>
<af-start id="140" threadId="00000000024BCB88" totalBytesRequested="16392" timestamp="2019-08-11T05:06:45.978" intervalms="18468.935" />
<cycle-start id="141" type="global" contextid="0" timestamp="2019-08-11T05:06:45.978" intervalms="13809.054" />
<gc-start id="142" type="global" contextid="141" timestamp="2019-08-11T05:06:45.978">
  <mem-info id="143" free="210183168" total="4203675648" percent="4">
    <mem type="tenure" free="210183168" total="4203675648" percent="4">
      <mem type="soa" free="0" total="3993492480" percent="0" />
      <mem type="loa" free="210183168" total="210183168" percent="100" />
    </mem>
  </mem-info>
</gc-start>
<allocation-stats totalBytes="3968947896" >
  <allocated-bytes non-tlh="1559200" tlh="3967388696" />
  <largest-consumer threadName="Thread-47" threadId="0000000002478700" bytes="310256608" />
</allocation-stats>
<gc-op id="144" type="mark" timems="168.481" contextid="141" timestamp="2019-08-11T05:06:46.147">
  <trace-info objectcount="672358" scancount="581605" scanbytes="16844044" />
  <finalization candidates="154" enqueued="0" />
  <ownableSynchronizers candidates="23" cleared="1" />
  <references type="soft" candidates="5020" cleared="0" enqueued="0" dynamicThreshold="31" maxThreshold="32" />
  <references type="weak" candidates="6358" cleared="20" enqueued="19" />
  <references type="phantom" candidates="898" cleared="0" enqueued="0" />
  <stringconstants candidates="16515" cleared="0"  />
</gc-op>
<gc-op id="145" type="sweep" timems="1119.279" contextid="141" timestamp="2019-08-11T05:06:47.266" />
<mem-info id="146" free="4176099280" total="4203675648" percent="99">
  <mem type="tenure" free="4176099280" total="4203675648" percent="99" micro-fragmented="221272">
    <mem type="soa" free="3965916112" total="3993492480" percent="99" />
    <mem type="loa" free="210183168" total="210183168" percent="100" />
  </mem>
  <pending-finalizers system="0" default="0" reference="19" classloader="0" />
</mem-info>
<gc-op id="147" type="compact" timems="131.009" contextid="141" timestamp="2019-08-11T05:06:47.397">
  <compact-info movecount="346658" movebytes="16996792" reason="compact to aid heap contraction" />
</gc-op>
<gc-end id="148" type="global" contextid="141" durationms="1432.901" usertimems="1450.383" systemtimems="267.526" timestamp="2019-08-11T05:06:47.411" activeThreads="16">
  <mem-info id="149" free="4176547688" total="4203675648" percent="99">
    <mem type="tenure" free="4176547688" total="4203675648" percent="99">
      <mem type="soa" free="3966364520" total="3993492480" percent="99" />
      <mem type="loa" free="210183168" total="210183168" percent="100" />
    </mem>
    <pending-finalizers system="0" default="0" reference="19" classloader="0" />
  </mem-info>
</gc-end>
<cycle-end id="150" type="global" contextid="141" timestamp="2019-08-11T05:06:47.418" />
  <attribute name="elasticGC enabled" value="1" />
  <attribute name= "numThreadsSpecified" value="16" />
  <attribute name="heapSize specified" value="-91291648" />
  <attribute name="Current GC Util" value="199" />
  <attribute name= "Current Time Running" value="203884" />
  <attribute name ="GC Interval" value="0" />
  <attribute name="ProportionalT" value="59.500000" />
  <attribute name="ProportionalI" value="59.500000" />
  <attribute name="ProportionalH" value="59.500000" />
  <attribute name="Current Error" value="119.000000" />
  <attribute name="IntegralT" value="7973.000000" />
  <attribute name="IntegralI" value="7973.000000" />
  <attribute name="IntegralH" value="7973.000000" />
  <attribute name="DerivativeT" value="0.888060" />
  <attribute name="DerivativeI" value="0.888060" />
  <attribute name="DerivativeH" value="0.888060" />
  <attribute name="Loop Time for DT" value="134.000000" />
  <attribute name="Output H" value="8388608"/>
  <attribute name="Output I" value="4000"/>
  <attribute name="Output T" value="16"/>
  <attribute name="Target GC Util Change" value ="80.000000" />
  <attribute name="Current GC Util Change" value="199.000000"/>
  <attribute name="GC Util currently" value="199" />
  <attribute name="CPU Util currently" value="8573044259" />
<allocation-satisfied id="151" threadId="00000000024BC200" bytesRequested="16392" />
<af-end id="152" timestamp="2019-08-11T05:06:47.418" threadId="00000000024BCB88" success="true" />
<exclusive-end id="153" timestamp="2019-08-11T05:06:47.418" durationms="1440.069" />

<exclusive-start id="154" timestamp="2019-08-11T05:06:54.118" intervalms="8140.030">
  <response-info timems="10.210" idlems="10.210" threads="0" lastid="00000000024BFE00" lastname="Thread-38" />
</exclusive-start>
<af-start id="155" threadId="00000000024C0788" totalBytesRequested="8200" timestamp="2019-08-11T05:06:54.118" intervalms="8139.998" />
<cycle-start id="156" type="global" contextid="0" timestamp="2019-08-11T05:06:54.118" intervalms="8139.988" />
<gc-start id="157" type="global" contextid="156" timestamp="2019-08-11T05:06:54.118">
  <mem-info id="158" free="210183168" total="4203675648" percent="4">
    <mem type="tenure" free="210183168" total="4203675648" percent="4">
      <mem type="soa" free="0" total="3993492480" percent="0" />
      <mem type="loa" free="210183168" total="210183168" percent="100" />
    </mem>
  </mem-info>
</gc-start>
<allocation-stats totalBytes="3964860816" >
  <allocated-bytes non-tlh="16392" tlh="3964844424" />
  <largest-consumer threadName="Thread-38" threadId="00000000024BFE00" bytes="317139720" />
</allocation-stats>
<gc-op id="159" type="mark" timems="84.157" contextid="156" timestamp="2019-08-11T05:06:54.202">
  <trace-info objectcount="666112" scancount="575248" scanbytes="16854016" />
  <finalization candidates="154" enqueued="0" />
  <ownableSynchronizers candidates="22" cleared="0" />
  <references type="soft" candidates="5020" cleared="0" enqueued="0" dynamicThreshold="31" maxThreshold="32" />
  <references type="weak" candidates="6339" cleared="0" enqueued="0" />
  <references type="phantom" candidates="899" cleared="0" enqueued="0" />
  <stringconstants candidates="16515" cleared="0"  />
</gc-op>
<gc-op id="160" type="sweep" timems="787.988" contextid="156" timestamp="2019-08-11T05:06:54.991" />
<mem-info id="161" free="4176237360" total="4203675648" percent="99">
  <mem type="tenure" free="4176237360" total="4203675648" percent="99" micro-fragmented="28996">
    <mem type="soa" free="3966054192" total="3993492480" percent="99" />
    <mem type="loa" free="210183168" total="210183168" percent="100" />
  </mem>
</mem-info>
<gc-op id="162" type="compact" timems="19.529" contextid="156" timestamp="2019-08-11T05:06:55.010">
  <compact-info movecount="44440" movebytes="7290280" reason="compact to aid heap contraction" />
</gc-op>
<gc-end id="163" type="global" contextid="156" durationms="893.375" usertimems="895.280" systemtimems="48.042" timestamp="2019-08-11T05:06:55.012" activeThreads="16">
  <mem-info id="164" free="4176254856" total="4203675648" percent="99">
    <mem type="tenure" free="4176254856" total="4203675648" percent="99">
      <mem type="soa" free="3966071688" total="3993492480" percent="99" />
      <mem type="loa" free="210183168" total="210183168" percent="100" />
    </mem>
  </mem-info>
</gc-end>
<cycle-end id="165" type="global" contextid="156" timestamp="2019-08-11T05:06:55.014" />
  <attribute name="elasticGC enabled" value="1" />
  <attribute name= "numThreadsSpecified" value="16" />
  <attribute name="heapSize specified" value="-91291648" />
  <attribute name="Current GC Util" value="442" />
  <attribute name= "Current Time Running" value="211493" />
  <attribute name ="GC Interval" value="0" />
  <attribute name="ProportionalT" value="181.000000" />
  <attribute name="ProportionalI" value="181.000000" />
  <attribute name="ProportionalH" value="181.000000" />
  <attribute name="Current Error" value="362.000000" />
  <attribute name="IntegralT" value="3439.000000" />
  <attribute name="IntegralI" value="3439.000000" />
  <attribute name="IntegralH" value="3439.000000" />
  <attribute name="DerivativeT" value="19.052632" />
  <attribute name="DerivativeI" value="19.052632" />
  <attribute name="DerivativeH" value="19.052632" />
  <attribute name="Loop Time for DT" value="19.000000" />
  <attribute name="Output H" value="8388608"/>
  <attribute name="Output I" value="3640"/>
  <attribute name="Output T" value="16"/>
  <attribute name="Target GC Util Change" value ="80.000000" />
  <attribute name="Current GC Util Change" value="442.000000"/>
  <attribute name="GC Util currently" value="442" />
  <attribute name="CPU Util currently" value="58938519430" />
<allocation-satisfied id="166" threadId="00000000024BFE00" bytesRequested="8200" />
<af-end id="167" timestamp="2019-08-11T05:06:55.014" threadId="00000000024C0788" success="true" />
<exclusive-end id="168" timestamp="2019-08-11T05:06:55.014" durationms="896.043" />

===== DaCapo 9.12-MR1 xalan PASSED in 20616 msec =====
</verbosegc>

