<?xml version="1.0" ?>

<verbosegc xmlns="http://www.ibm.com/j9/verbosegc" version="08cc62e_CMPRSS">

<initialized id="1" timestamp="2019-08-03T00:56:40.709">
  <attribute name="gcPolicy" value="-Xgcpolicy:gencon" />
  <attribute name="elasticGC enabled" value="1" />
  <attribute name= "numThreadsSpecified" value="0" />
  <attribute name="heapSize specified" value="0" />
  <attribute name= "numCores" value="0" />
  <attribute name ="GC Interval" value="0" />
  <attribute name="GC Util Range Max" value="0" />
  <attribute name="Current GC Util" value="0" />
  <attribute name= "Current Time Running" value="0" />
  <attribute name="maxHeapSize" value="0x7cba0000" />
  <attribute name="initialHeapSize" value="0x800000" />
  <attribute name="compressedRefs" value="true" />
  <attribute name="compressedRefsDisplacement" value="0x0" />
  <attribute name="compressedRefsShift" value="0x0" />
  <attribute name="pageSize" value="0x1000" />
  <attribute name="pageType" value="not used" />
  <attribute name="requestedPageSize" value="0x1000" />
  <attribute name="requestedPageType" value="not used" />
  <attribute name="gcthreads" value="8" />
  <attribute name="gcthreads Concurrent Mark" value="1" />
  <attribute name="packetListSplit" value="8" />
  <attribute name="cacheListSplit" value="8" />
  <attribute name="splitFreeListSplitAmount" value="1" />
  <attribute name="numaNodes" value="0" />
  <system>
    <attribute name="physicalMemory" value="8370401280" />
    <attribute name="numCPUs" value="8" />
    <attribute name="architecture" value="amd64" />
    <attribute name="os" value="Linux" />
    <attribute name="osVersion" value="4.4.0-154-generic" />
  </system>
  <vmargs>
    <vmarg name="-Xoptionsfile=/vagrant/jdk/lib/options.default" />
    <vmarg name="-Xlockword:mode=default,noLockword=java/lang/String,noLockword=java/util/MapEntry,noLockword=java/util/HashMap$Entry,noLockword..." />
    <vmarg name="-Xjcl:jclse29" />
    <vmarg name="-Dcom.ibm.oti.vm.bootstrap.library.path=/vagrant/jdk/lib/compressedrefs:/vagrant/jdk/lib" />
    <vmarg name="-Dsun.boot.library.path=/vagrant/jdk/lib/compressedrefs:/vagrant/jdk/lib" />
    <vmarg name="-Djava.library.path=/vagrant/jdk/lib/compressedrefs:/vagrant/jdk/lib:/usr/lib64:/usr/lib" />
    <vmarg name="-Djava.home=/vagrant/jdk" />
    <vmarg name="-Duser.dir=/vagrant" />
    <vmarg name="-Xgcelastic" />
    <vmarg name="-Xcheck:gc:::elasticGC" />
    <vmarg name="-verbose:gc" />
    <vmarg name="-Xloggc:jdkP-small-GEN-8core-verbose12jython.txt" />
    <vmarg name="-Djava.class.path=dacapo-9.12-MR1-bach.jar" />
    <vmarg name="-Dsun.java.command=dacapo-9.12-MR1-bach.jar jython --size=small" />
    <vmarg name="-Dsun.java.launcher=SUN_STANDARD" />
    <vmarg name="-Dsun.java.launcher.pid=27402" />
  </vmargs>
</initialized>

<exclusive-start id="2" timestamp="2019-08-03T00:56:40.986" intervalms="276.972">
  <response-info timems="0.056" idlems="0.056" threads="0" lastid="0000000001A4DA00" lastname="main" />
</exclusive-start>
<af-start id="3" threadId="0000000001A4E388" totalBytesRequested="7184" timestamp="2019-08-03T00:56:40.986" intervalms="277.537" type="nursery" />
<cycle-start id="4" type="scavenge" contextid="0" timestamp="2019-08-03T00:56:40.987" intervalms="277.836" />
<gc-start id="5" type="scavenge" contextid="4" timestamp="2019-08-03T00:56:40.987">
  <mem-info id="6" free="6062624" total="8388608" percent="72">
    <mem type="nursery" free="0" total="2097152" percent="0">
      <mem type="allocate" free="0" total="1048576" percent="0" />
      <mem type="survivor" free="0" total="1048576" percent="0" />
    </mem>
    <mem type="tenure" free="6062624" total="6291456" percent="96">
      <mem type="soa" free="5748256" total="5977088" percent="96" />
      <mem type="loa" free="314368" total="314368" percent="100" />
    </mem>
    <remembered-set count="3161" />
  </mem-info>
</gc-start>
<allocation-stats totalBytes="1271696" >
  <allocated-bytes non-tlh="344784" tlh="926912" />
  <largest-consumer threadName="main" threadId="0000000001A4DA00" bytes="1178552" />
</allocation-stats>
<gc-op id="7" type="scavenge" timems="4.137" contextid="4" timestamp="2019-08-03T00:56:40.992">
  <scavenger-info tenureage="2" tenuremask="fffc" tiltratio="50" />
  <memory-copied type="nursery" objects="10594" bytes="471056" bytesdiscarded="105536" />
  <finalization candidates="11" enqueued="0" />
  <references type="soft" candidates="62" cleared="0" enqueued="0" dynamicThreshold="32" maxThreshold="32" />
  <references type="weak" candidates="307" cleared="176" enqueued="140" />
  <references type="phantom" candidates="22" cleared="5" enqueued="5" />
</gc-op>
<gc-end id="8" type="scavenge" contextid="4" durationms="4.771" usertimems="0.000" systemtimems="4.000" timestamp="2019-08-03T00:56:40.992" activeThreads="8">
  <mem-info id="9" free="6532488" total="8388608" percent="77">
    <mem type="nursery" free="469864" total="2097152" percent="22">
      <mem type="allocate" free="469864" total="1048576" percent="44" />
      <mem type="survivor" free="0" total="1048576" percent="0" />
    </mem>
    <mem type="tenure" free="6062624" total="6291456" percent="96">
      <mem type="soa" free="5748256" total="5977088" percent="96" />
      <mem type="loa" free="314368" total="314368" percent="100" />
    </mem>
    <pending-finalizers system="0" default="0" reference="145" classloader="0" />
    <remembered-set count="3161" />
  </mem-info>
</gc-end>
<cycle-end id="10" type="scavenge" contextid="4" timestamp="2019-08-03T00:56:40.992" />
  <attribute name="elasticGC enabled" value="1" />
  <attribute name= "numThreadsSpecified" value="0" />
  <attribute name="heapSize specified" value="0" />
  <attribute name= "numCores" value="8" />
  <attribute name ="GC Interval" value="0" />
  <attribute name ="Control flow" value="1" />
  <attribute name="GC Util Range Max" value="10" />
  <attribute name="Current GC Util" value="0" />
  <attribute name= "Current Time Running" value="0" />
<allocation-satisfied id="11" threadId="0000000001A4DA00" bytesRequested="7184" />
<af-end id="12" timestamp="2019-08-03T00:56:40.992" threadId="0000000001A4E388" success="true" from="nursery"/>
<exclusive-end id="13" timestamp="2019-08-03T00:56:40.992" durationms="6.499" />

<exclusive-start id="14" timestamp="2019-08-03T00:56:41.022" intervalms="36.021">
  <response-info timems="0.030" idlems="0.030" threads="0" lastid="0000000001A4DA00" lastname="main" />
</exclusive-start>
<af-start id="15" threadId="0000000001A4E388" totalBytesRequested="7176" timestamp="2019-08-03T00:56:41.022" intervalms="35.532" type="nursery" />
<cycle-start id="16" type="scavenge" contextid="0" timestamp="2019-08-03T00:56:41.022" intervalms="35.295" />
<gc-start id="17" type="scavenge" contextid="16" timestamp="2019-08-03T00:56:41.022">
  <mem-info id="18" free="6054888" total="8388608" percent="72">
    <mem type="nursery" free="0" total="2097152" percent="0">
      <mem type="allocate" free="0" total="1048576" percent="0" />
      <mem type="survivor" free="0" total="1048576" percent="0" />
    </mem>
    <mem type="tenure" free="6054888" total="6291456" percent="96">
      <mem type="soa" free="5740520" total="5977088" percent="96" />
      <mem type="loa" free="314368" total="314368" percent="100" />
    </mem>
    <remembered-set count="3262" />
  </mem-info>
</gc-start>
<allocation-stats totalBytes="471416" >
  <allocated-bytes non-tlh="14920" tlh="456496" />
  <largest-consumer threadName="main" threadId="0000000001A4DA00" bytes="459440" />
</allocation-stats>
<gc-op id="19" type="scavenge" timems="0.985" contextid="16" timestamp="2019-08-03T00:56:41.023">
  <scavenger-info tenureage="5" tenuremask="7fe0" tiltratio="50" />
  <memory-copied type="nursery" objects="10929" bytes="506336" bytesdiscarded="150728" />
  <finalization candidates="11" enqueued="0" />
  <references type="soft" candidates="62" cleared="0" enqueued="0" dynamicThreshold="32" maxThreshold="32" />
  <references type="weak" candidates="243" cleared="97" enqueued="94" />
  <references type="phantom" candidates="40" cleared="13" enqueued="13" />
</gc-op>
<gc-end id="20" type="scavenge" contextid="16" durationms="1.164" usertimems="4.000" systemtimems="0.000" timestamp="2019-08-03T00:56:41.023" activeThreads="8">
  <mem-info id="21" free="6444896" total="8388608" percent="76">
    <mem type="nursery" free="390008" total="2097152" percent="18">
      <mem type="allocate" free="390008" total="1048576" percent="37" />
      <mem type="survivor" free="0" total="1048576" percent="0" />
    </mem>
    <mem type="tenure" free="6054888" total="6291456" percent="96">
      <mem type="soa" free="5740520" total="5977088" percent="96" />
      <mem type="loa" free="314368" total="314368" percent="100" />
    </mem>
    <pending-finalizers system="0" default="0" reference="107" classloader="0" />
    <remembered-set count="3262" />
  </mem-info>
</gc-end>
<cycle-end id="22" type="scavenge" contextid="16" timestamp="2019-08-03T00:56:41.023" />
  <attribute name="elasticGC enabled" value="1" />
  <attribute name= "numThreadsSpecified" value="0" />
  <attribute name="heapSize specified" value="0" />
  <attribute name= "numCores" value="8" />
  <attribute name ="GC Interval" value="0" />
  <attribute name ="Control flow" value="1" />
  <attribute name="GC Util Range Max" value="15" />
  <attribute name="Current GC Util" value="15" />
  <attribute name= "Current Time Running" value="34" />
<allocation-satisfied id="23" threadId="0000000001A4DA00" bytesRequested="7176" />
<af-end id="24" timestamp="2019-08-03T00:56:41.024" threadId="0000000001A4E388" success="true" from="nursery"/>
<exclusive-end id="25" timestamp="2019-08-03T00:56:41.024" durationms="1.646" />

<exclusive-start id="26" timestamp="2019-08-03T00:56:41.034" intervalms="12.202">
  <response-info timems="0.056" idlems="0.056" threads="0" lastid="0000000001A4DA00" lastname="main" />
</exclusive-start>
<af-start id="27" threadId="0000000001A4E388" totalBytesRequested="20232" timestamp="2019-08-03T00:56:41.034" intervalms="12.293" type="nursery" />
<cycle-start id="28" type="scavenge" contextid="0" timestamp="2019-08-03T00:56:41.034" intervalms="12.334" />
<gc-start id="29" type="scavenge" contextid="28" timestamp="2019-08-03T00:56:41.034">
  <mem-info id="30" free="6052200" total="8388608" percent="72">
    <mem type="nursery" free="0" total="2097152" percent="0">
      <mem type="allocate" free="0" total="1048576" percent="0" />
      <mem type="survivor" free="0" total="1048576" percent="0" />
    </mem>
    <mem type="tenure" free="6052200" total="6291456" percent="96">
      <mem type="soa" free="5737832" total="5977088" percent="95" />
      <mem type="loa" free="314368" total="314368" percent="100" />
    </mem>
    <remembered-set count="3295" />
  </mem-info>
</gc-start>
<allocation-stats totalBytes="377320" >
  <allocated-bytes non-tlh="9864" tlh="367456" />
  <largest-consumer threadName="main" threadId="0000000001A4DA00" bytes="369128" />
</allocation-stats>
<gc-op id="31" type="scavenge" timems="0.941" contextid="28" timestamp="2019-08-03T00:56:41.036">
  <scavenger-info tenureage="4" tenuremask="7ff0" tiltratio="50" />
  <memory-copied type="nursery" objects="10955" bytes="541280" bytesdiscarded="160496" />
  <finalization candidates="11" enqueued="0" />
  <references type="soft" candidates="62" cleared="0" enqueued="0" dynamicThreshold="32" maxThreshold="32" />
  <references type="weak" candidates="222" cleared="75" enqueued="75" />
  <references type="phantom" candidates="37" cleared="9" enqueued="9" />
</gc-op>
<gc-end id="32" type="scavenge" contextid="28" durationms="1.439" usertimems="0.000" systemtimems="0.000" timestamp="2019-08-03T00:56:41.036" activeThreads="8">
  <mem-info id="33" free="6397512" total="8388608" percent="76">
    <mem type="nursery" free="345312" total="2097152" percent="16">
      <mem type="allocate" free="345312" total="1048576" percent="32" />
      <mem type="survivor" free="0" total="1048576" percent="0" />
    </mem>
    <mem type="tenure" free="6052200" total="6291456" percent="96">
      <mem type="soa" free="5737832" total="5977088" percent="95" />
      <mem type="loa" free="314368" total="314368" percent="100" />
    </mem>
    <pending-finalizers system="0" default="0" reference="84" classloader="0" />
    <remembered-set count="1025" />
  </mem-info>
</gc-end>
<cycle-end id="34" type="scavenge" contextid="28" timestamp="2019-08-03T00:56:41.036" />
  <attribute name="elasticGC enabled" value="1" />
  <attribute name= "numThreadsSpecified" value="0" />
  <attribute name="heapSize specified" value="0" />
  <attribute name= "numCores" value="8" />
  <attribute name ="GC Interval" value="0" />
  <attribute name ="Control flow" value="1" />
  <attribute name="GC Util Range Max" value="15" />
  <attribute name="Current GC Util" value="15" />
  <attribute name= "Current Time Running" value="47" />
<allocation-satisfied id="35" threadId="0000000001A4DA00" bytesRequested="20232" />
<af-end id="36" timestamp="2019-08-03T00:56:41.036" threadId="0000000001A4E388" success="true" from="nursery"/>
<exclusive-end id="37" timestamp="2019-08-03T00:56:41.036" durationms="2.028" />

<exclusive-start id="38" timestamp="2019-08-03T00:56:41.208" intervalms="173.776">
  <response-info timems="0.260" idlems="0.260" threads="0" lastid="0000000001A4DA00" lastname="main" />
</exclusive-start>
<af-start id="39" threadId="0000000001A4E388" totalBytesRequested="8200" timestamp="2019-08-03T00:56:41.208" intervalms="173.809" type="nursery" />
<cycle-start id="40" type="scavenge" contextid="0" timestamp="2019-08-03T00:56:41.208" intervalms="173.837" />
<gc-start id="41" type="scavenge" contextid="40" timestamp="2019-08-03T00:56:41.208">
  <mem-info id="42" free="6048480" total="8388608" percent="72">
    <mem type="nursery" free="0" total="2097152" percent="0">
      <mem type="allocate" free="0" total="1048576" percent="0" />
      <mem type="survivor" free="0" total="1048576" percent="0" />
    </mem>
    <mem type="tenure" free="6048480" total="6291456" percent="96">
      <mem type="soa" free="5734112" total="5977088" percent="95" />
      <mem type="loa" free="314368" total="314368" percent="100" />
    </mem>
    <remembered-set count="1091" />
  </mem-info>
</gc-start>
<allocation-stats totalBytes="326816" >
  <allocated-bytes non-tlh="23952" tlh="302864" />
  <largest-consumer threadName="main" threadId="0000000001A4DA00" bytes="326816" />
</allocation-stats>
<gc-op id="43" type="scavenge" timems="1.522" contextid="40" timestamp="2019-08-03T00:56:41.210">
  <scavenger-info tenureage="3" tenuremask="fff8" tiltratio="50" />
  <memory-copied type="nursery" objects="719" bytes="96456" bytesdiscarded="129544" />
  <memory-copied type="tenure" objects="10315" bytes="461984" bytesdiscarded="528" />
  <finalization candidates="13" enqueued="0" />
  <references type="soft" candidates="1" cleared="0" enqueued="0" dynamicThreshold="32" maxThreshold="32" />
  <references type="weak" candidates="61" cleared="45" enqueued="45" />
  <references type="phantom" candidates="21" cleared="9" enqueued="9" />
</gc-op>
<gc-end id="44" type="scavenge" contextid="40" durationms="1.955" usertimems="0.000" systemtimems="0.000" timestamp="2019-08-03T00:56:41.210" activeThreads="1">
  <mem-info id="45" free="6359368" total="8388608" percent="75">
    <mem type="nursery" free="822520" total="2097152" percent="39">
      <mem type="allocate" free="822520" total="1048576" percent="78" />
      <mem type="survivor" free="0" total="1048576" percent="0" />
    </mem>
    <mem type="tenure" free="5536848" total="6291456" percent="88">
      <mem type="soa" free="5222480" total="5977088" percent="87" />
      <mem type="loa" free="314368" total="314368" percent="100" />
    </mem>
    <pending-finalizers system="0" default="0" reference="54" classloader="0" />
    <remembered-set count="212" />
  </mem-info>
</gc-end>
<cycle-end id="46" type="scavenge" contextid="40" timestamp="2019-08-03T00:56:41.210" />
  <attribute name="elasticGC enabled" value="1" />
  <attribute name= "numThreadsSpecified" value="1" />
  <attribute name="heapSize specified" value="0" />
  <attribute name= "numCores" value="8" />
  <attribute name ="GC Interval" value="1900" />
  <attribute name ="Control flow" value="2" />
  <attribute name="GC Util Range Max" value="15" />
  <attribute name="Current GC Util" value="0" />
  <attribute name= "Current Time Running" value="221" />
<allocation-satisfied id="47" threadId="0000000001A4DA00" bytesRequested="8200" />
<af-end id="48" timestamp="2019-08-03T00:56:41.211" threadId="0000000001A4E388" success="true" from="nursery"/>
<exclusive-end id="49" timestamp="2019-08-03T00:56:41.211" durationms="2.788" />

<exclusive-start id="50" timestamp="2019-08-03T00:56:41.608" intervalms="400.147">
  <response-info timems="0.034" idlems="0.034" threads="0" lastid="0000000001A4DA00" lastname="main" />
</exclusive-start>
<af-start id="51" threadId="0000000001A4E388" totalBytesRequested="2056" timestamp="2019-08-03T00:56:41.608" intervalms="400.042" type="nursery" />
<cycle-start id="52" type="scavenge" contextid="0" timestamp="2019-08-03T00:56:41.608" intervalms="399.978" />
<gc-start id="53" type="scavenge" contextid="52" timestamp="2019-08-03T00:56:41.608">
  <mem-info id="54" free="5535928" total="8388608" percent="65">
    <mem type="nursery" free="0" total="2097152" percent="0">
      <mem type="allocate" free="0" total="1048576" percent="0" />
      <mem type="survivor" free="0" total="1048576" percent="0" />
    </mem>
    <mem type="tenure" free="5535928" total="6291456" percent="87">
      <mem type="soa" free="5221560" total="5977088" percent="87" />
      <mem type="loa" free="314368" total="314368" percent="100" />
    </mem>
    <remembered-set count="234" />
  </mem-info>
</gc-start>
<allocation-stats totalBytes="821264" >
  <allocated-bytes non-tlh="84872" tlh="736392" />
  <largest-consumer threadName="main" threadId="0000000001A4DA00" bytes="821264" />
</allocation-stats>
<gc-op id="55" type="scavenge" timems="0.465" contextid="52" timestamp="2019-08-03T00:56:41.609">
  <scavenger-info tenureage="3" tenuremask="fff8" tiltratio="50" />
  <memory-copied type="nursery" objects="458" bytes="212640" bytesdiscarded="23856" />
  <memory-copied type="tenure" objects="309" bytes="15424" bytesdiscarded="0" />
  <finalization candidates="3" enqueued="1" />
  <references type="soft" candidates="1" cleared="0" enqueued="0" dynamicThreshold="32" maxThreshold="32" />
  <references type="weak" candidates="12" cleared="10" enqueued="10" />
  <references type="phantom" candidates="13" cleared="8" enqueued="8" />
</gc-op>
<gc-end id="56" type="scavenge" contextid="52" durationms="0.645" usertimems="0.000" systemtimems="0.000" timestamp="2019-08-03T00:56:41.609" activeThreads="8">
  <mem-info id="57" free="6324120" total="8388608" percent="75">
    <mem type="nursery" free="812000" total="2097152" percent="38">
      <mem type="allocate" free="812000" total="1048576" percent="77" />
      <mem type="survivor" free="0" total="1048576" percent="0" />
    </mem>
    <mem type="tenure" free="5512120" total="6291456" percent="87">
      <mem type="soa" free="5197752" total="5977088" percent="86" />
      <mem type="loa" free="314368" total="314368" percent="100" />
    </mem>
    <pending-finalizers system="1" default="0" reference="18" classloader="0" />
    <remembered-set count="189" />
  </mem-info>
</gc-end>
<cycle-end id="58" type="scavenge" contextid="52" timestamp="2019-08-03T00:56:41.609" />
  <attribute name="elasticGC enabled" value="1" />
  <attribute name= "numThreadsSpecified" value="1" />
  <attribute name="heapSize specified" value="0" />
  <attribute name= "numCores" value="8" />
  <attribute name ="GC Interval" value="1800" />
  <attribute name ="Control flow" value="1" />
  <attribute name="GC Util Range Max" value="15" />
  <attribute name="Current GC Util" value="0" />
  <attribute name= "Current Time Running" value="620" />
<allocation-satisfied id="59" threadId="0000000001A4DA00" bytesRequested="2056" />
<af-end id="60" timestamp="2019-08-03T00:56:41.609" threadId="0000000001A4E388" success="true" from="nursery"/>
<exclusive-end id="61" timestamp="2019-08-03T00:56:41.609" durationms="1.094" />

<exclusive-start id="62" timestamp="2019-08-03T00:56:41.941" intervalms="333.176">
  <response-info timems="0.031" idlems="0.031" threads="0" lastid="0000000001A4DA00" lastname="main" />
</exclusive-start>
<af-start id="63" threadId="0000000001A4E388" totalBytesRequested="2056" timestamp="2019-08-03T00:56:41.941" intervalms="333.178" type="nursery" />
<cycle-start id="64" type="scavenge" contextid="0" timestamp="2019-08-03T00:56:41.941" intervalms="333.179" />
<gc-start id="65" type="scavenge" contextid="64" timestamp="2019-08-03T00:56:41.942">
  <mem-info id="66" free="5512120" total="8388608" percent="65">
    <mem type="nursery" free="0" total="2097152" percent="0">
      <mem type="allocate" free="0" total="1048576" percent="0" />
      <mem type="survivor" free="0" total="1048576" percent="0" />
    </mem>
    <mem type="tenure" free="5512120" total="6291456" percent="87">
      <mem type="soa" free="5197752" total="5977088" percent="86" />
      <mem type="loa" free="314368" total="314368" percent="100" />
    </mem>
    <remembered-set count="191" />
  </mem-info>
</gc-start>
<allocation-stats totalBytes="799176" >
  <allocated-bytes non-tlh="2056" tlh="797120" />
  <largest-consumer threadName="main" threadId="0000000001A4DA00" bytes="799176" />
</allocation-stats>
<gc-op id="67" type="scavenge" timems="0.235" contextid="64" timestamp="2019-08-03T00:56:41.942">
  <scavenger-info tenureage="4" tenuremask="fff0" tiltratio="50" />
  <memory-copied type="nursery" objects="419" bytes="86632" bytesdiscarded="1888" />
  <finalization candidates="2" enqueued="0" />
  <references type="soft" candidates="1" cleared="0" enqueued="0" dynamicThreshold="32" maxThreshold="32" />
  <references type="weak" candidates="2" cleared="0" enqueued="0" />
  <references type="phantom" candidates="5" cleared="0" enqueued="0" />
</gc-op>
<gc-end id="68" type="scavenge" contextid="64" durationms="0.422" usertimems="0.000" systemtimems="4.000" timestamp="2019-08-03T00:56:41.942" activeThreads="2">
  <mem-info id="69" free="6472096" total="8388608" percent="77">
    <mem type="nursery" free="959976" total="2097152" percent="45">
      <mem type="allocate" free="959976" total="1048576" percent="91" />
      <mem type="survivor" free="0" total="1048576" percent="0" />
    </mem>
    <mem type="tenure" free="5512120" total="6291456" percent="87">
      <mem type="soa" free="5197752" total="5977088" percent="86" />
      <mem type="loa" free="314368" total="314368" percent="100" />
    </mem>
    <remembered-set count="120" />
  </mem-info>
</gc-end>
<cycle-end id="70" type="scavenge" contextid="64" timestamp="2019-08-03T00:56:41.942" />
  <attribute name="elasticGC enabled" value="1" />
  <attribute name= "numThreadsSpecified" value="2" />
  <attribute name="heapSize specified" value="0" />
  <attribute name= "numCores" value="8" />
  <attribute name ="GC Interval" value="1800" />
  <attribute name ="Control flow" value="1" />
  <attribute name="GC Util Range Max" value="15" />
  <attribute name="Current GC Util" value="0" />
  <attribute name= "Current Time Running" value="954" />
<allocation-satisfied id="71" threadId="0000000001A4DA00" bytesRequested="2056" />
<af-end id="72" timestamp="2019-08-03T00:56:41.942" threadId="0000000001A4E388" success="true" from="nursery"/>
<exclusive-end id="73" timestamp="2019-08-03T00:56:41.942" durationms="0.897" />

<exclusive-start id="74" timestamp="2019-08-03T00:56:42.197" intervalms="255.579">
  <response-info timems="0.030" idlems="0.030" threads="0" lastid="0000000001A4DA00" lastname="main" />
</exclusive-start>
<af-start id="75" threadId="0000000001A4E388" totalBytesRequested="2056" timestamp="2019-08-03T00:56:42.197" intervalms="255.572" type="nursery" />
<cycle-start id="76" type="scavenge" contextid="0" timestamp="2019-08-03T00:56:42.197" intervalms="255.573" />
<gc-start id="77" type="scavenge" contextid="76" timestamp="2019-08-03T00:56:42.197">
  <mem-info id="78" free="5512120" total="8388608" percent="65">
    <mem type="nursery" free="0" total="2097152" percent="0">
      <mem type="allocate" free="0" total="1048576" percent="0" />
      <mem type="survivor" free="0" total="1048576" percent="0" />
    </mem>
    <mem type="tenure" free="5512120" total="6291456" percent="87">
      <mem type="soa" free="5197752" total="5977088" percent="86" />
      <mem type="loa" free="314368" total="314368" percent="100" />
    </mem>
    <remembered-set count="120" />
  </mem-info>
</gc-start>
<allocation-stats totalBytes="951696" >
  <allocated-bytes non-tlh="2056" tlh="949640" />
  <largest-consumer threadName="main" threadId="0000000001A4DA00" bytes="951696" />
</allocation-stats>
<gc-op id="79" type="scavenge" timems="0.282" contextid="76" timestamp="2019-08-03T00:56:42.197">
  <scavenger-info tenureage="4" tenuremask="fff0" tiltratio="50" />
  <memory-copied type="nursery" objects="390" bytes="84848" bytesdiscarded="3672" />
  <memory-copied type="tenure" objects="29" bytes="1768" bytesdiscarded="0" />
  <finalization candidates="2" enqueued="0" />
  <references type="soft" candidates="1" cleared="0" enqueued="0" dynamicThreshold="32" maxThreshold="32" />
  <references type="weak" candidates="1" cleared="0" enqueued="0" />
  <references type="phantom" candidates="5" cleared="0" enqueued="0" />
</gc-op>
<gc-end id="80" type="scavenge" contextid="76" durationms="0.478" usertimems="0.000" systemtimems="0.000" timestamp="2019-08-03T00:56:42.198" activeThreads="3">
  <mem-info id="81" free="6644896" total="8388608" percent="79">
    <mem type="nursery" free="1156584" total="2097152" percent="55">
      <mem type="allocate" free="1156584" total="1245184" percent="92" />
      <mem type="survivor" free="0" total="851968" percent="0" />
    </mem>
    <mem type="tenure" free="5488312" total="6291456" percent="87">
      <mem type="soa" free="5173944" total="5977088" percent="86" />
      <mem type="loa" free="314368" total="314368" percent="100" />
    </mem>
    <remembered-set count="96" />
  </mem-info>
</gc-end>
<cycle-end id="82" type="scavenge" contextid="76" timestamp="2019-08-03T00:56:42.198" />
  <attribute name="elasticGC enabled" value="1" />
  <attribute name= "numThreadsSpecified" value="3" />
  <attribute name="heapSize specified" value="0" />
  <attribute name= "numCores" value="8" />
  <attribute name ="GC Interval" value="1700" />
  <attribute name ="Control flow" value="2" />
  <attribute name="GC Util Range Max" value="15" />
  <attribute name="Current GC Util" value="0" />
  <attribute name= "Current Time Running" value="1209" />
<allocation-satisfied id="83" threadId="0000000001A4DA00" bytesRequested="2056" />
<af-end id="84" timestamp="2019-08-03T00:56:42.198" threadId="0000000001A4E388" success="true" from="nursery"/>
<exclusive-end id="85" timestamp="2019-08-03T00:56:42.198" durationms="0.944" />

<exclusive-start id="86" timestamp="2019-08-03T00:56:42.474" intervalms="277.001">
  <response-info timems="0.028" idlems="0.028" threads="0" lastid="0000000001A4DA00" lastname="main" />
</exclusive-start>
<af-start id="87" threadId="0000000001A4E388" totalBytesRequested="2056" timestamp="2019-08-03T00:56:42.474" intervalms="276.996" type="nursery" />
<cycle-start id="88" type="scavenge" contextid="0" timestamp="2019-08-03T00:56:42.474" intervalms="276.990" />
<gc-start id="89" type="scavenge" contextid="88" timestamp="2019-08-03T00:56:42.474">
  <mem-info id="90" free="5488312" total="8388608" percent="65">
    <mem type="nursery" free="0" total="2097152" percent="0">
      <mem type="allocate" free="0" total="1245184" percent="0" />
      <mem type="survivor" free="0" total="851968" percent="0" />
    </mem>
    <mem type="tenure" free="5488312" total="6291456" percent="87">
      <mem type="soa" free="5173944" total="5977088" percent="86" />
      <mem type="loa" free="314368" total="314368" percent="100" />
    </mem>
    <remembered-set count="96" />
  </mem-info>
</gc-start>
<allocation-stats totalBytes="1149520" >
  <allocated-bytes non-tlh="2056" tlh="1147464" />
  <largest-consumer threadName="main" threadId="0000000001A4DA00" bytes="1149520" />
</allocation-stats>
<gc-op id="91" type="scavenge" timems="0.323" contextid="88" timestamp="2019-08-03T00:56:42.474">
  <scavenger-info tenureage="3" tenuremask="ffd8" tiltratio="59" />
  <memory-copied type="nursery" objects="14" bytes="2528" bytesdiscarded="45072" />
  <memory-copied type="tenure" objects="376" bytes="82296" bytesdiscarded="0" />
  <finalization candidates="2" enqueued="0" />
  <references type="phantom" candidates="1" cleared="0" enqueued="0" />
</gc-op>
<gc-end id="92" type="scavenge" contextid="88" durationms="0.501" usertimems="0.000" systemtimems="0.000" timestamp="2019-08-03T00:56:42.475" activeThreads="8">
  <mem-info id="93" free="6768552" total="8388608" percent="80">
    <mem type="nursery" free="1328640" total="2097152" percent="63">
      <mem type="allocate" free="1328640" total="1376256" percent="96" />
      <mem type="survivor" free="0" total="720896" percent="0" />
    </mem>
    <mem type="tenure" free="5439912" total="6291456" percent="86">
      <mem type="soa" free="5125544" total="5977088" percent="85" />
      <mem type="loa" free="314368" total="314368" percent="100" />
    </mem>
    <remembered-set count="70" />
  </mem-info>
</gc-end>
<cycle-end id="94" type="scavenge" contextid="88" timestamp="2019-08-03T00:56:42.475" />
  <attribute name="elasticGC enabled" value="1" />
  <attribute name= "numThreadsSpecified" value="3" />
  <attribute name="heapSize specified" value="0" />
  <attribute name= "numCores" value="8" />
  <attribute name ="GC Interval" value="1600" />
  <attribute name ="Control flow" value="1" />
  <attribute name="GC Util Range Max" value="15" />
  <attribute name="Current GC Util" value="0" />
  <attribute name= "Current Time Running" value="1486" />
<allocation-satisfied id="95" threadId="0000000001A4DA00" bytesRequested="2056" />
<af-end id="96" timestamp="2019-08-03T00:56:42.475" threadId="0000000001A4E388" success="true" from="nursery"/>
<exclusive-end id="97" timestamp="2019-08-03T00:56:42.475" durationms="0.927" />

<exclusive-start id="98" timestamp="2019-08-03T00:56:42.876" intervalms="401.809">
  <response-info timems="0.034" idlems="0.034" threads="0" lastid="0000000001A4DA00" lastname="main" />
</exclusive-start>
<af-start id="99" threadId="0000000001A4E388" totalBytesRequested="2056" timestamp="2019-08-03T00:56:42.876" intervalms="401.815" type="nursery" />
<cycle-start id="100" type="scavenge" contextid="0" timestamp="2019-08-03T00:56:42.876" intervalms="401.822" />
<gc-start id="101" type="scavenge" contextid="100" timestamp="2019-08-03T00:56:42.876">
  <mem-info id="102" free="5439912" total="8388608" percent="64">
    <mem type="nursery" free="0" total="2097152" percent="0">
      <mem type="allocate" free="0" total="1376256" percent="0" />
      <mem type="survivor" free="0" total="720896" percent="0" />
    </mem>
    <mem type="tenure" free="5439912" total="6291456" percent="86">
      <mem type="soa" free="5125544" total="5977088" percent="85" />
      <mem type="loa" free="314368" total="314368" percent="100" />
    </mem>
    <remembered-set count="70" />
  </mem-info>
</gc-start>
<allocation-stats totalBytes="1314848" >
  <allocated-bytes non-tlh="2056" tlh="1312792" />
  <largest-consumer threadName="main" threadId="0000000001A4DA00" bytes="1314848" />
</allocation-stats>
<gc-op id="103" type="scavenge" timems="0.178" contextid="100" timestamp="2019-08-03T00:56:42.876">
  <scavenger-info tenureage="3" tenuremask="ffc8" tiltratio="65" />
  <memory-copied type="nursery" objects="13" bytes="496" bytesdiscarded="23296" />
  <references type="phantom" candidates="1" cleared="0" enqueued="0" />
</gc-op>
<gc-end id="104" type="scavenge" contextid="100" durationms="0.368" usertimems="0.000" systemtimems="0.000" timestamp="2019-08-03T00:56:42.876" activeThreads="4">
  <mem-info id="105" free="6923432" total="8388608" percent="82">
    <mem type="nursery" free="1483520" total="2097152" percent="70">
      <mem type="allocate" free="1483520" total="1507328" percent="98" />
      <mem type="survivor" free="0" total="589824" percent="0" />
    </mem>
    <mem type="tenure" free="5439912" total="6291456" percent="86">
      <mem type="soa" free="5125544" total="5977088" percent="85" />
      <mem type="loa" free="314368" total="314368" percent="100" />
    </mem>
    <remembered-set count="70" />
  </mem-info>
</gc-end>
<cycle-end id="106" type="scavenge" contextid="100" timestamp="2019-08-03T00:56:42.876" />
  <attribute name="elasticGC enabled" value="1" />
  <attribute name= "numThreadsSpecified" value="4" />
  <attribute name="heapSize specified" value="0" />
  <attribute name= "numCores" value="8" />
  <attribute name ="GC Interval" value="1600" />
  <attribute name ="Control flow" value="1" />
  <attribute name="GC Util Range Max" value="15" />
  <attribute name="Current GC Util" value="0" />
  <attribute name= "Current Time Running" value="1888" />
<allocation-satisfied id="107" threadId="0000000001A4DA00" bytesRequested="2056" />
<af-end id="108" timestamp="2019-08-03T00:56:42.876" threadId="0000000001A4E388" success="true" from="nursery"/>
<exclusive-end id="109" timestamp="2019-08-03T00:56:42.876" durationms="0.834" />

<exclusive-start id="110" timestamp="2019-08-03T00:56:43.188" intervalms="312.321">
  <response-info timems="0.028" idlems="0.028" threads="0" lastid="0000000001A4DA00" lastname="main" />
</exclusive-start>
<af-start id="111" threadId="0000000001A4E388" totalBytesRequested="2056" timestamp="2019-08-03T00:56:43.188" intervalms="312.329" type="nursery" />
<cycle-start id="112" type="scavenge" contextid="0" timestamp="2019-08-03T00:56:43.188" intervalms="312.339" />
<gc-start id="113" type="scavenge" contextid="112" timestamp="2019-08-03T00:56:43.188">
  <mem-info id="114" free="5439912" total="8388608" percent="64">
    <mem type="nursery" free="0" total="2097152" percent="0">
      <mem type="allocate" free="0" total="1507328" percent="0" />
      <mem type="survivor" free="0" total="589824" percent="0" />
    </mem>
    <mem type="tenure" free="5439912" total="6291456" percent="86">
      <mem type="soa" free="5125544" total="5977088" percent="85" />
      <mem type="loa" free="314368" total="314368" percent="100" />
    </mem>
    <remembered-set count="70" />
  </mem-info>
</gc-start>
<allocation-stats totalBytes="1469328" >
  <allocated-bytes non-tlh="2056" tlh="1467272" />
  <largest-consumer threadName="main" threadId="0000000001A4DA00" bytes="1469328" />
</allocation-stats>
<gc-op id="115" type="scavenge" timems="0.220" contextid="112" timestamp="2019-08-03T00:56:43.189">
  <scavenger-info tenureage="3" tenuremask="fff8" tiltratio="71" />
  <memory-copied type="nursery" objects="13" bytes="496" bytesdiscarded="23296" />
  <references type="phantom" candidates="1" cleared="0" enqueued="0" />
</gc-op>
<gc-end id="116" type="scavenge" contextid="112" durationms="0.428" usertimems="0.000" systemtimems="0.000" timestamp="2019-08-03T00:56:43.189" activeThreads="5">
  <mem-info id="117" free="7054504" total="8388608" percent="84">
    <mem type="nursery" free="1614592" total="2097152" percent="76">
      <mem type="allocate" free="1614592" total="1638400" percent="98" />
      <mem type="survivor" free="0" total="458752" percent="0" />
    </mem>
    <mem type="tenure" free="5439912" total="6291456" percent="86">
      <mem type="soa" free="5125544" total="5977088" percent="85" />
      <mem type="loa" free="314368" total="314368" percent="100" />
    </mem>
    <remembered-set count="70" />
  </mem-info>
</gc-end>
<cycle-end id="118" type="scavenge" contextid="112" timestamp="2019-08-03T00:56:43.189" />
  <attribute name="elasticGC enabled" value="1" />
  <attribute name= "numThreadsSpecified" value="5" />
  <attribute name="heapSize specified" value="0" />
  <attribute name= "numCores" value="8" />
  <attribute name ="GC Interval" value="1600" />
  <attribute name ="Control flow" value="1" />
  <attribute name="GC Util Range Max" value="15" />
  <attribute name="Current GC Util" value="0" />
  <attribute name= "Current Time Running" value="2200" />
<allocation-satisfied id="119" threadId="0000000001A4DA00" bytesRequested="2056" />
<af-end id="120" timestamp="2019-08-03T00:56:43.189" threadId="0000000001A4E388" success="true" from="nursery"/>
<exclusive-end id="121" timestamp="2019-08-03T00:56:43.189" durationms="0.926" />

<exclusive-start id="122" timestamp="2019-08-03T00:56:43.424" intervalms="236.164">
  <response-info timems="0.032" idlems="0.032" threads="0" lastid="0000000001A4DA00" lastname="main" />
</exclusive-start>
<af-start id="123" threadId="0000000001A4E388" totalBytesRequested="2056" timestamp="2019-08-03T00:56:43.424" intervalms="236.144" type="nursery" />
<cycle-start id="124" type="scavenge" contextid="0" timestamp="2019-08-03T00:56:43.424" intervalms="236.127" />
<gc-start id="125" type="scavenge" contextid="124" timestamp="2019-08-03T00:56:43.424">
  <mem-info id="126" free="5439912" total="8388608" percent="64">
    <mem type="nursery" free="0" total="2097152" percent="0">
      <mem type="allocate" free="0" total="1638400" percent="0" />
      <mem type="survivor" free="0" total="458752" percent="0" />
    </mem>
    <mem type="tenure" free="5439912" total="6291456" percent="86">
      <mem type="soa" free="5125544" total="5977088" percent="85" />
      <mem type="loa" free="314368" total="314368" percent="100" />
    </mem>
    <remembered-set count="70" />
  </mem-info>
</gc-start>
<allocation-stats totalBytes="1597280" >
  <allocated-bytes non-tlh="2056" tlh="1595224" />
  <largest-consumer threadName="main" threadId="0000000001A4DA00" bytes="1597280" />
</allocation-stats>
<gc-op id="127" type="scavenge" timems="0.184" contextid="124" timestamp="2019-08-03T00:56:43.425">
  <scavenger-info tenureage="3" tenuremask="fff8" tiltratio="78" />
  <memory-copied type="nursery" objects="13" bytes="488" bytesdiscarded="23304" />
  <references type="phantom" candidates="1" cleared="0" enqueued="0" />
</gc-op>
<gc-end id="128" type="scavenge" contextid="124" durationms="0.359" usertimems="0.000" systemtimems="0.000" timestamp="2019-08-03T00:56:43.425" activeThreads="6">
  <mem-info id="129" free="7120040" total="8388608" percent="84">
    <mem type="nursery" free="1680128" total="2097152" percent="80">
      <mem type="allocate" free="1680128" total="1703936" percent="98" />
      <mem type="survivor" free="0" total="393216" percent="0" />
    </mem>
    <mem type="tenure" free="5439912" total="6291456" percent="86">
      <mem type="soa" free="5125544" total="5977088" percent="85" />
      <mem type="loa" free="314368" total="314368" percent="100" />
    </mem>
    <remembered-set count="70" />
  </mem-info>
</gc-end>
<cycle-end id="130" type="scavenge" contextid="124" timestamp="2019-08-03T00:56:43.425" />
  <attribute name="elasticGC enabled" value="1" />
  <attribute name= "numThreadsSpecified" value="6" />
  <attribute name="heapSize specified" value="0" />
  <attribute name= "numCores" value="8" />
  <attribute name ="GC Interval" value="1500" />
  <attribute name ="Control flow" value="2" />
  <attribute name="GC Util Range Max" value="15" />
  <attribute name="Current GC Util" value="0" />
  <attribute name= "Current Time Running" value="2437" />
<allocation-satisfied id="131" threadId="0000000001A4DA00" bytesRequested="2056" />
<af-end id="132" timestamp="2019-08-03T00:56:43.425" threadId="0000000001A4E388" success="true" from="nursery"/>
<exclusive-end id="133" timestamp="2019-08-03T00:56:43.425" durationms="0.781" />

<exclusive-start id="134" timestamp="2019-08-03T00:56:43.663" intervalms="239.027">
  <response-info timems="0.031" idlems="0.031" threads="0" lastid="0000000001A4DA00" lastname="main" />
</exclusive-start>
<af-start id="135" threadId="0000000001A4E388" totalBytesRequested="16088" timestamp="2019-08-03T00:56:43.663" intervalms="239.033" type="nursery" />
<cycle-start id="136" type="scavenge" contextid="0" timestamp="2019-08-03T00:56:43.663" intervalms="239.035" />
<gc-start id="137" type="scavenge" contextid="136" timestamp="2019-08-03T00:56:43.663">
  <mem-info id="138" free="5439440" total="8388608" percent="64">
    <mem type="nursery" free="0" total="2097152" percent="0">
      <mem type="allocate" free="0" total="1703936" percent="0" />
      <mem type="survivor" free="0" total="393216" percent="0" />
    </mem>
    <mem type="tenure" free="5439440" total="6291456" percent="86">
      <mem type="soa" free="5125072" total="5977088" percent="85" />
      <mem type="loa" free="314368" total="314368" percent="100" />
    </mem>
    <remembered-set count="93" />
  </mem-info>
</gc-start>
<allocation-stats totalBytes="1655664" >
  <allocated-bytes non-tlh="317128" tlh="1338536" />
  <largest-consumer threadName="main" threadId="0000000001A4DA00" bytes="1655664" />
</allocation-stats>
<gc-op id="139" type="scavenge" timems="0.349" contextid="136" timestamp="2019-08-03T00:56:43.664">
  <scavenger-info tenureage="3" tenuremask="fff8" tiltratio="81" />
  <memory-copied type="nursery" objects="294" bytes="165728" bytesdiscarded="21184" />
  <memory-copied type="tenure" objects="1" bytes="314600" bytesdiscarded="0" />
  <copy-failed type="nursery" objects="1" bytes="314600" />
  <references type="soft" candidates="1" cleared="0" enqueued="0" dynamicThreshold="32" maxThreshold="32" />
  <references type="weak" candidates="1" cleared="1" enqueued="1" />
  <references type="phantom" candidates="16" cleared="1" enqueued="1" />
</gc-op>
<gc-end id="140" type="scavenge" contextid="136" durationms="0.537" usertimems="4.000" systemtimems="0.000" timestamp="2019-08-03T00:56:43.664" activeThreads="8">
  <mem-info id="141" free="5986496" total="8388608" percent="71">
    <mem type="nursery" free="861656" total="2097152" percent="41">
      <mem type="allocate" free="861656" total="1048576" percent="82" />
      <mem type="survivor" free="0" total="1048576" percent="0" />
    </mem>
    <mem type="tenure" free="5124840" total="6291456" percent="81">
      <mem type="soa" free="4810472" total="5977088" percent="80" />
      <mem type="loa" free="314368" total="314368" percent="100" />
    </mem>
    <pending-finalizers system="0" default="0" reference="2" classloader="0" />
    <remembered-set count="92" />
  </mem-info>
</gc-end>
<cycle-end id="142" type="scavenge" contextid="136" timestamp="2019-08-03T00:56:43.664" />
  <attribute name="elasticGC enabled" value="1" />
  <attribute name= "numThreadsSpecified" value="6" />
  <attribute name="heapSize specified" value="0" />
  <attribute name= "numCores" value="8" />
  <attribute name ="GC Interval" value="1400" />
  <attribute name ="Control flow" value="1" />
  <attribute name="GC Util Range Max" value="15" />
  <attribute name="Current GC Util" value="0" />
  <attribute name= "Current Time Running" value="2676" />
<allocation-satisfied id="143" threadId="0000000001A4DA00" bytesRequested="16088" />
<af-end id="144" timestamp="2019-08-03T00:56:43.664" threadId="0000000001A4E388" success="true" from="nursery"/>
<exclusive-end id="145" timestamp="2019-08-03T00:56:43.664" durationms="0.976" />

<exclusive-start id="146" timestamp="2019-08-03T00:56:43.678" intervalms="14.478">
  <response-info timems="0.048" idlems="0.048" threads="0" lastid="0000000001A4DA00" lastname="main" />
</exclusive-start>
<af-start id="147" threadId="0000000001A4E388" totalBytesRequested="31768" timestamp="2019-08-03T00:56:43.678" intervalms="14.588" type="nursery" />
<cycle-start id="148" type="scavenge" contextid="0" timestamp="2019-08-03T00:56:43.678" intervalms="14.664" />
<gc-start id="149" type="scavenge" contextid="148" timestamp="2019-08-03T00:56:43.678">
  <mem-info id="150" free="5123544" total="8388608" percent="61">
    <mem type="nursery" free="0" total="2097152" percent="0">
      <mem type="allocate" free="0" total="1048576" percent="0" />
      <mem type="survivor" free="0" total="1048576" percent="0" />
    </mem>
    <mem type="tenure" free="5123544" total="6291456" percent="81">
      <mem type="soa" free="4809176" total="5977088" percent="80" />
      <mem type="loa" free="314368" total="314368" percent="100" />
    </mem>
    <remembered-set count="114" />
  </mem-info>
</gc-start>
<allocation-stats totalBytes="813488" >
  <allocated-bytes non-tlh="363816" tlh="449672" />
  <largest-consumer threadName="main" threadId="0000000001A4DA00" bytes="809392" />
</allocation-stats>
<gc-op id="151" type="scavenge" timems="0.254" contextid="148" timestamp="2019-08-03T00:56:43.679">
  <scavenger-info tenureage="3" tenuremask="fff8" tiltratio="50" />
  <memory-copied type="nursery" objects="476" bytes="375088" bytesdiscarded="47744" />
  <references type="soft" candidates="1" cleared="0" enqueued="0" dynamicThreshold="32" maxThreshold="32" />
  <references type="weak" candidates="6" cleared="5" enqueued="5" />
  <references type="phantom" candidates="29" cleared="0" enqueued="0" />
</gc-op>
<gc-end id="152" type="scavenge" contextid="148" durationms="0.619" usertimems="0.000" systemtimems="0.000" timestamp="2019-08-03T00:56:43.679" activeThreads="7">
  <mem-info id="153" free="5814816" total="8388608" percent="69">
    <mem type="nursery" free="691272" total="2097152" percent="32">
      <mem type="allocate" free="691272" total="1114112" percent="62" />
      <mem type="survivor" free="0" total="983040" percent="0" />
    </mem>
    <mem type="tenure" free="5123544" total="6291456" percent="81">
      <mem type="soa" free="4809176" total="5977088" percent="80" />
      <mem type="loa" free="314368" total="314368" percent="100" />
    </mem>
    <pending-finalizers system="0" default="0" reference="5" classloader="0" />
    <remembered-set count="112" />
  </mem-info>
</gc-end>
<cycle-end id="154" type="scavenge" contextid="148" timestamp="2019-08-03T00:56:43.679" />
  <attribute name="elasticGC enabled" value="1" />
  <attribute name= "numThreadsSpecified" value="7" />
  <attribute name="heapSize specified" value="0" />
  <attribute name= "numCores" value="8" />
  <attribute name ="GC Interval" value="1400" />
  <attribute name ="Control flow" value="1" />
  <attribute name="GC Util Range Max" value="15" />
  <attribute name="Current GC Util" value="4" />
  <attribute name= "Current Time Running" value="2690" />
<allocation-satisfied id="155" threadId="0000000001A4DA00" bytesRequested="31768" />
<af-end id="156" timestamp="2019-08-03T00:56:43.679" threadId="0000000001A4E388" success="true" from="nursery"/>
<exclusive-end id="157" timestamp="2019-08-03T00:56:43.679" durationms="1.449" />

<exclusive-start id="158" timestamp="2019-08-03T00:56:43.689" intervalms="11.421">
  <response-info timems="0.052" idlems="0.052" threads="0" lastid="0000000001A4DA00" lastname="main" />
</exclusive-start>
<af-start id="159" threadId="0000000001A4E388" totalBytesRequested="7176" timestamp="2019-08-03T00:56:43.689" intervalms="11.366" type="nursery" />
<cycle-start id="160" type="scavenge" contextid="0" timestamp="2019-08-03T00:56:43.689" intervalms="11.342" />
<gc-start id="161" type="scavenge" contextid="160" timestamp="2019-08-03T00:56:43.689">
  <mem-info id="162" free="5117960" total="8388608" percent="61">
    <mem type="nursery" free="0" total="2097152" percent="0">
      <mem type="allocate" free="0" total="1114112" percent="0" />
      <mem type="survivor" free="0" total="983040" percent="0" />
    </mem>
    <mem type="tenure" free="5117960" total="6291456" percent="81">
      <mem type="soa" free="4803592" total="5977088" percent="80" />
      <mem type="loa" free="314368" total="314368" percent="100" />
    </mem>
    <remembered-set count="148" />
  </mem-info>
</gc-start>
<allocation-stats totalBytes="659976" >
  <allocated-bytes non-tlh="131720" tlh="528256" />
  <largest-consumer threadName="main" threadId="0000000001A4DA00" bytes="659976" />
</allocation-stats>
<gc-op id="163" type="scavenge" timems="0.239" contextid="160" timestamp="2019-08-03T00:56:43.690">
  <scavenger-info tenureage="3" tenuremask="fff8" tiltratio="53" />
  <memory-copied type="nursery" objects="536" bytes="335560" bytesdiscarded="73112" />
  <references type="soft" candidates="3" cleared="0" enqueued="0" dynamicThreshold="32" maxThreshold="32" />
  <references type="weak" candidates="12" cleared="11" enqueued="11" />
  <references type="phantom" candidates="29" cleared="0" enqueued="0" />
</gc-op>
<gc-end id="164" type="scavenge" contextid="160" durationms="0.442" usertimems="0.000" systemtimems="0.000" timestamp="2019-08-03T00:56:43.690" activeThreads="7">
  <mem-info id="165" free="5888928" total="8388608" percent="70">
    <mem type="nursery" free="770968" total="2097152" percent="36">
      <mem type="allocate" free="770968" total="1179648" percent="65" />
      <mem type="survivor" free="0" total="917504" percent="0" />
    </mem>
    <mem type="tenure" free="5117960" total="6291456" percent="81">
      <mem type="soa" free="4803592" total="5977088" percent="80" />
      <mem type="loa" free="314368" total="314368" percent="100" />
    </mem>
    <pending-finalizers system="0" default="0" reference="11" classloader="0" />
    <remembered-set count="134" />
  </mem-info>
</gc-end>
<cycle-end id="166" type="scavenge" contextid="160" timestamp="2019-08-03T00:56:43.690" />
  <attribute name="elasticGC enabled" value="1" />
  <attribute name= "numThreadsSpecified" value="7" />
  <attribute name="heapSize specified" value="0" />
  <attribute name= "numCores" value="8" />
  <attribute name ="GC Interval" value="1400" />
  <attribute name ="Control flow" value="1" />
  <attribute name="GC Util Range Max" value="15" />
  <attribute name="Current GC Util" value="5" />
  <attribute name= "Current Time Running" value="2702" />
<allocation-satisfied id="167" threadId="0000000001A4DA00" bytesRequested="7176" />
<af-end id="168" timestamp="2019-08-03T00:56:43.690" threadId="0000000001A4E388" success="true" from="nursery"/>
<exclusive-end id="169" timestamp="2019-08-03T00:56:43.690" durationms="1.022" />

<exclusive-start id="170" timestamp="2019-08-03T00:56:43.715" intervalms="26.381">
  <response-info timems="0.048" idlems="0.048" threads="0" lastid="0000000001A4DA00" lastname="main" />
</exclusive-start>
<af-start id="171" threadId="0000000001A4E388" totalBytesRequested="22760" timestamp="2019-08-03T00:56:43.715" intervalms="26.307" type="nursery" />
<cycle-start id="172" type="scavenge" contextid="0" timestamp="2019-08-03T00:56:43.716" intervalms="26.249" />
<gc-start id="173" type="scavenge" contextid="172" timestamp="2019-08-03T00:56:43.716">
  <mem-info id="174" free="5106504" total="8388608" percent="60">
    <mem type="nursery" free="0" total="2097152" percent="0">
      <mem type="allocate" free="0" total="1179648" percent="0" />
      <mem type="survivor" free="0" total="917504" percent="0" />
    </mem>
    <mem type="tenure" free="5106504" total="6291456" percent="81">
      <mem type="soa" free="4792136" total="5977088" percent="80" />
      <mem type="loa" free="314368" total="314368" percent="100" />
    </mem>
    <remembered-set count="265" />
  </mem-info>
</gc-start>
<allocation-stats totalBytes="759536" >
  <allocated-bytes non-tlh="18632" tlh="740904" />
  <largest-consumer threadName="main" threadId="0000000001A4DA00" bytes="759536" />
</allocation-stats>
<gc-op id="175" type="scavenge" timems="0.315" contextid="172" timestamp="2019-08-03T00:56:43.716">
  <scavenger-info tenureage="3" tenuremask="fff8" tiltratio="56" />
  <memory-copied type="nursery" objects="362" bytes="176264" bytesdiscarded="50640" />
  <memory-copied type="tenure" objects="263" bytes="141752" bytesdiscarded="16" />
  <references type="soft" candidates="2" cleared="0" enqueued="0" dynamicThreshold="32" maxThreshold="32" />
  <references type="weak" candidates="15" cleared="15" enqueued="15" />
  <references type="phantom" candidates="13" cleared="0" enqueued="0" />
</gc-op>
<gc-end id="176" type="scavenge" contextid="172" durationms="0.493" usertimems="0.000" systemtimems="0.000" timestamp="2019-08-03T00:56:43.716" activeThreads="8">
  <mem-info id="177" free="6011848" total="8388608" percent="71">
    <mem type="nursery" free="1083816" total="2097152" percent="51">
      <mem type="allocate" free="1083816" total="1310720" percent="82" />
      <mem type="survivor" free="0" total="786432" percent="0" />
    </mem>
    <mem type="tenure" free="4928032" total="6291456" percent="78">
      <mem type="soa" free="4613664" total="5977088" percent="77" />
      <mem type="loa" free="314368" total="314368" percent="100" />
    </mem>
    <pending-finalizers system="0" default="0" reference="15" classloader="0" />
    <remembered-set count="262" />
  </mem-info>
</gc-end>
<cycle-end id="178" type="scavenge" contextid="172" timestamp="2019-08-03T00:56:43.716" />
  <attribute name="elasticGC enabled" value="1" />
  <attribute name= "numThreadsSpecified" value="8" />
  <attribute name="heapSize specified" value="0" />
  <attribute name= "numCores" value="8" />
  <attribute name ="GC Interval" value="1400" />
  <attribute name ="Control flow" value="1" />
  <attribute name="GC Util Range Max" value="15" />
  <attribute name="Current GC Util" value="1" />
  <attribute name= "Current Time Running" value="2728" />
<allocation-satisfied id="179" threadId="0000000001A4DA00" bytesRequested="22760" />
<af-end id="180" timestamp="2019-08-03T00:56:43.716" threadId="0000000001A4E388" success="true" from="nursery"/>
<exclusive-end id="181" timestamp="2019-08-03T00:56:43.716" durationms="0.892" />

<exclusive-start id="182" timestamp="2019-08-03T00:56:43.755" intervalms="39.493">
  <response-info timems="0.074" idlems="0.074" threads="0" lastid="0000000001A4DA00" lastname="main" />
</exclusive-start>
<af-start id="183" threadId="0000000001A4E388" totalBytesRequested="40" timestamp="2019-08-03T00:56:43.755" intervalms="39.535" type="nursery" />
<cycle-start id="184" type="scavenge" contextid="0" timestamp="2019-08-03T00:56:43.755" intervalms="39.568" />
<gc-start id="185" type="scavenge" contextid="184" timestamp="2019-08-03T00:56:43.755">
  <mem-info id="186" free="4903552" total="8388608" percent="58">
    <mem type="nursery" free="0" total="2097152" percent="0">
      <mem type="allocate" free="0" total="1310720" percent="0" />
      <mem type="survivor" free="0" total="786432" percent="0" />
    </mem>
    <mem type="tenure" free="4903552" total="6291456" percent="77">
      <mem type="soa" free="4589184" total="5977088" percent="76" />
      <mem type="loa" free="314368" total="314368" percent="100" />
    </mem>
    <remembered-set count="600" />
  </mem-info>
</gc-start>
<allocation-stats totalBytes="1107072" >
  <allocated-bytes non-tlh="47240" tlh="1059832" />
  <largest-consumer threadName="main" threadId="0000000001A4DA00" bytes="1107072" />
</allocation-stats>
<gc-op id="187" type="scavenge" timems="0.485" contextid="184" timestamp="2019-08-03T00:56:43.756">
  <scavenger-info tenureage="3" tenuremask="ffe8" tiltratio="62" />
  <memory-copied type="nursery" objects="1754" bytes="70432" bytesdiscarded="63840" />
  <memory-copied type="tenure" objects="171" bytes="167800" bytesdiscarded="8" />
  <finalization candidates="27" enqueued="0" />
  <ownableSynchronizers candidates="17" cleared="0" />
  <references type="soft" candidates="3" cleared="0" enqueued="0" dynamicThreshold="32" maxThreshold="32" />
  <references type="weak" candidates="592" cleared="309" enqueued="214" />
  <references type="phantom" candidates="2" cleared="1" enqueued="1" />
</gc-op>
<gc-end id="188" type="scavenge" contextid="184" durationms="0.696" usertimems="0.000" systemtimems="0.000" timestamp="2019-08-03T00:56:43.756" activeThreads="8">
  <mem-info id="189" free="6029472" total="8388608" percent="71">
    <mem type="nursery" free="1307392" total="2097152" percent="62">
      <mem type="allocate" free="1307392" total="1441792" percent="90" />
      <mem type="survivor" free="0" total="655360" percent="0" />
    </mem>
    <mem type="tenure" free="4722080" total="6291456" percent="75">
      <mem type="soa" free="4407712" total="5977088" percent="73" />
      <mem type="loa" free="314368" total="314368" percent="100" />
    </mem>
    <pending-finalizers system="0" default="0" reference="215" classloader="0" />
    <remembered-set count="567" />
  </mem-info>
</gc-end>
<cycle-end id="190" type="scavenge" contextid="184" timestamp="2019-08-03T00:56:43.756" />
  <attribute name="elasticGC enabled" value="1" />
  <attribute name= "numThreadsSpecified" value="8" />
  <attribute name="heapSize specified" value="0" />
  <attribute name= "numCores" value="8" />
  <attribute name ="GC Interval" value="1300" />
  <attribute name ="Control flow" value="2" />
  <attribute name="GC Util Range Max" value="15" />
  <attribute name="Current GC Util" value="1" />
  <attribute name= "Current Time Running" value="2767" />
<allocation-satisfied id="191" threadId="0000000001A4DA00" bytesRequested="40" />
<af-end id="192" timestamp="2019-08-03T00:56:43.756" threadId="0000000001A4E388" success="true" from="nursery"/>
<exclusive-end id="193" timestamp="2019-08-03T00:56:43.756" durationms="1.231" />

<exclusive-start id="194" timestamp="2019-08-03T00:56:43.799" intervalms="44.173">
  <response-info timems="0.029" idlems="0.029" threads="0" lastid="0000000001A4DA00" lastname="main" />
</exclusive-start>
<af-start id="195" threadId="0000000001A4E388" totalBytesRequested="40" timestamp="2019-08-03T00:56:43.799" intervalms="44.186" type="nursery" />
<cycle-start id="196" type="scavenge" contextid="0" timestamp="2019-08-03T00:56:43.799" intervalms="44.163" />
<gc-start id="197" type="scavenge" contextid="196" timestamp="2019-08-03T00:56:43.799">
  <mem-info id="198" free="4694472" total="8388608" percent="55">
    <mem type="nursery" free="0" total="2097152" percent="0">
      <mem type="allocate" free="0" total="1441792" percent="0" />
      <mem type="survivor" free="0" total="655360" percent="0" />
    </mem>
    <mem type="tenure" free="4694472" total="6291456" percent="74">
      <mem type="soa" free="4380104" total="5977088" percent="73" />
      <mem type="loa" free="314368" total="314368" percent="100" />
    </mem>
    <remembered-set count="925" />
  </mem-info>
</gc-start>
<allocation-stats totalBytes="1333936" >
  <allocated-bytes non-tlh="127280" tlh="1206656" />
  <largest-consumer threadName="main" threadId="0000000001A4DA00" bytes="1329840" />
</allocation-stats>
<gc-op id="199" type="scavenge" timems="0.602" contextid="196" timestamp="2019-08-03T00:56:43.800">
  <scavenger-info tenureage="3" tenuremask="ffe8" tiltratio="68" />
  <memory-copied type="nursery" objects="3072" bytes="122992" bytesdiscarded="43480" />
  <memory-copied type="tenure" objects="37" bytes="3496" bytesdiscarded="0" />
  <finalization candidates="39" enqueued="1" />
  <ownableSynchronizers candidates="17" cleared="0" />
  <references type="soft" candidates="6" cleared="0" enqueued="0" dynamicThreshold="32" maxThreshold="32" />
  <references type="weak" candidates="554" cleared="75" enqueued="65" />
  <references type="phantom" candidates="6" cleared="1" enqueued="1" />
</gc-op>
<gc-end id="200" type="scavenge" contextid="196" durationms="0.794" usertimems="0.000" systemtimems="0.000" timestamp="2019-08-03T00:56:43.800" activeThreads="8">
  <mem-info id="201" free="6035144" total="8388608" percent="71">
    <mem type="nursery" free="1340672" total="2097152" percent="63">
      <mem type="allocate" free="1340672" total="1507328" percent="88" />
      <mem type="survivor" free="0" total="589824" percent="0" />
    </mem>
    <mem type="tenure" free="4694472" total="6291456" percent="74">
      <mem type="soa" free="4380104" total="5977088" percent="73" />
      <mem type="loa" free="314368" total="314368" percent="100" />
    </mem>
    <pending-finalizers system="1" default="0" reference="66" classloader="0" />
    <remembered-set count="826" />
  </mem-info>
</gc-end>
<cycle-end id="202" type="scavenge" contextid="196" timestamp="2019-08-03T00:56:43.800" />
  <attribute name="elasticGC enabled" value="1" />
  <attribute name= "numThreadsSpecified" value="8" />
  <attribute name="heapSize specified" value="0" />
  <attribute name= "numCores" value="8" />
  <attribute name ="GC Interval" value="1200" />
  <attribute name ="Control flow" value="1" />
  <attribute name="GC Util Range Max" value="15" />
  <attribute name="Current GC Util" value="2" />
  <attribute name= "Current Time Running" value="2812" />
<allocation-satisfied id="203" threadId="0000000001A4DA00" bytesRequested="40" />
<af-end id="204" timestamp="2019-08-03T00:56:43.800" threadId="0000000001A4E388" success="true" from="nursery"/>
<exclusive-end id="205" timestamp="2019-08-03T00:56:43.800" durationms="1.274" />

<exclusive-start id="206" timestamp="2019-08-03T00:56:43.863" intervalms="64.131">
  <response-info timems="0.028" idlems="0.028" threads="0" lastid="0000000001A4DA00" lastname="main" />
</exclusive-start>
<af-start id="207" threadId="0000000001A4E388" totalBytesRequested="40" timestamp="2019-08-03T00:56:43.863" intervalms="64.109" type="nursery" />
<cycle-start id="208" type="scavenge" contextid="0" timestamp="2019-08-03T00:56:43.863" intervalms="64.129" />
<gc-start id="209" type="scavenge" contextid="208" timestamp="2019-08-03T00:56:43.864">
  <mem-info id="210" free="4635072" total="8388608" percent="55">
    <mem type="nursery" free="0" total="2097152" percent="0">
      <mem type="allocate" free="0" total="1507328" percent="0" />
      <mem type="survivor" free="0" total="589824" percent="0" />
    </mem>
    <mem type="tenure" free="4635072" total="6291456" percent="73">
      <mem type="soa" free="4320704" total="5977088" percent="72" />
      <mem type="loa" free="314368" total="314368" percent="100" />
    </mem>
    <remembered-set count="1373" />
  </mem-info>
</gc-start>
<allocation-stats totalBytes="1397504" >
  <allocated-bytes non-tlh="59440" tlh="1338064" />
  <largest-consumer threadName="main" threadId="0000000001A4DA00" bytes="1385672" />
</allocation-stats>
<gc-op id="211" type="scavenge" timems="0.647" contextid="208" timestamp="2019-08-03T00:56:43.864">
  <scavenger-info tenureage="5" tenuremask="ffe0" tiltratio="71" />
  <memory-copied type="nursery" objects="6310" bytes="225432" bytesdiscarded="26216" />
  <finalization candidates="41" enqueued="0" />
  <ownableSynchronizers candidates="17" cleared="0" />
  <references type="soft" candidates="6" cleared="0" enqueued="0" dynamicThreshold="32" maxThreshold="32" />
  <references type="weak" candidates="791" cleared="19" enqueued="17" />
  <references type="phantom" candidates="6" cleared="0" enqueued="0" />
</gc-op>
<gc-end id="212" type="scavenge" contextid="208" durationms="0.892" usertimems="4.000" systemtimems="0.000" timestamp="2019-08-03T00:56:43.864" activeThreads="8">
  <mem-info id="213" free="5956032" total="8388608" percent="71">
    <mem type="nursery" free="1320960" total="2097152" percent="62">
      <mem type="allocate" free="1320960" total="1572864" percent="83" />
      <mem type="survivor" free="0" total="524288" percent="0" />
    </mem>
    <mem type="tenure" free="4635072" total="6291456" percent="73">
      <mem type="soa" free="4320704" total="5977088" percent="72" />
      <mem type="loa" free="314368" total="314368" percent="100" />
    </mem>
    <pending-finalizers system="0" default="0" reference="17" classloader="0" />
    <remembered-set count="1201" />
  </mem-info>
</gc-end>
<cycle-end id="214" type="scavenge" contextid="208" timestamp="2019-08-03T00:56:43.865" />
  <attribute name="elasticGC enabled" value="1" />
  <attribute name= "numThreadsSpecified" value="8" />
  <attribute name="heapSize specified" value="0" />
  <attribute name= "numCores" value="8" />
  <attribute name ="GC Interval" value="1200" />
  <attribute name ="Control flow" value="1" />
  <attribute name="GC Util Range Max" value="15" />
  <attribute name="Current GC Util" value="1" />
  <attribute name= "Current Time Running" value="2876" />
<allocation-satisfied id="215" threadId="0000000001A4DA00" bytesRequested="40" />
<af-end id="216" timestamp="2019-08-03T00:56:43.865" threadId="0000000001A4E388" success="true" from="nursery"/>
<exclusive-end id="217" timestamp="2019-08-03T00:56:43.865" durationms="1.448" />

<exclusive-start id="218" timestamp="2019-08-03T00:56:43.916" intervalms="52.305">
  <response-info timems="0.045" idlems="0.045" threads="0" lastid="0000000001A4DA00" lastname="main" />
</exclusive-start>
<af-start id="219" threadId="0000000001A4E388" totalBytesRequested="15368" timestamp="2019-08-03T00:56:43.916" intervalms="52.332" type="nursery" />
<cycle-start id="220" type="scavenge" contextid="0" timestamp="2019-08-03T00:56:43.916" intervalms="52.306" />
<gc-start id="221" type="scavenge" contextid="220" timestamp="2019-08-03T00:56:43.916">
  <mem-info id="222" free="4541592" total="8388608" percent="54">
    <mem type="nursery" free="0" total="2097152" percent="0">
      <mem type="allocate" free="0" total="1572864" percent="0" />
      <mem type="survivor" free="0" total="524288" percent="0" />
    </mem>
    <mem type="tenure" free="4541592" total="6291456" percent="72">
      <mem type="soa" free="4227224" total="5977088" percent="70" />
      <mem type="loa" free="314368" total="314368" percent="100" />
    </mem>
    <remembered-set count="2541" />
  </mem-info>
</gc-start>
<allocation-stats totalBytes="1399040" >
  <allocated-bytes non-tlh="93520" tlh="1305520" />
  <largest-consumer threadName="main" threadId="0000000001A4DA00" bytes="1390848" />
</allocation-stats>
<gc-op id="223" type="scavenge" timems="0.879" contextid="220" timestamp="2019-08-03T00:56:43.917">
  <scavenger-info tenureage="3" tenuremask="ffe8" tiltratio="75" />
  <memory-copied type="nursery" objects="9507" bytes="334264" bytesdiscarded="32856" />
  <memory-copied type="tenure" objects="1467" bytes="59224" bytesdiscarded="0" />
  <finalization candidates="49" enqueued="0" />
  <ownableSynchronizers candidates="17" cleared="0" />
  <references type="soft" candidates="45" cleared="0" enqueued="0" dynamicThreshold="32" maxThreshold="32" />
  <references type="weak" candidates="712" cleared="63" enqueued="49" />
  <references type="phantom" candidates="12" cleared="3" enqueued="3" />
</gc-op>
<gc-end id="224" type="scavenge" contextid="220" durationms="1.078" usertimems="0.000" systemtimems="0.000" timestamp="2019-08-03T00:56:43.917" activeThreads="8">
  <mem-info id="225" free="5638048" total="8388608" percent="67">
    <mem type="nursery" free="1205512" total="2097152" percent="57">
      <mem type="allocate" free="1205512" total="1572864" percent="76" />
      <mem type="survivor" free="0" total="524288" percent="0" />
    </mem>
    <mem type="tenure" free="4432536" total="6291456" percent="70">
      <mem type="soa" free="4118168" total="5977088" percent="68" />
      <mem type="loa" free="314368" total="314368" percent="100" />
    </mem>
    <pending-finalizers system="0" default="0" reference="52" classloader="0" />
    <remembered-set count="2162" />
  </mem-info>
</gc-end>
<cycle-end id="226" type="scavenge" contextid="220" timestamp="2019-08-03T00:56:43.917" />
  <attribute name="elasticGC enabled" value="1" />
  <attribute name= "numThreadsSpecified" value="8" />
  <attribute name="heapSize specified" value="0" />
  <attribute name= "numCores" value="8" />
  <attribute name ="GC Interval" value="1200" />
  <attribute name ="Control flow" value="1" />
  <attribute name="GC Util Range Max" value="15" />
  <attribute name="Current GC Util" value="2" />
  <attribute name= "Current Time Running" value="2928" />
<allocation-satisfied id="227" threadId="0000000001A4DA00" bytesRequested="15368" />
<af-end id="228" timestamp="2019-08-03T00:56:43.917" threadId="0000000001A4E388" success="true" from="nursery"/>
<exclusive-end id="229" timestamp="2019-08-03T00:56:43.917" durationms="1.558" />

<exclusive-start id="230" timestamp="2019-08-03T00:56:43.955" intervalms="39.211">
  <response-info timems="0.074" idlems="0.074" threads="0" lastid="0000000001A4DA00" lastname="main" />
</exclusive-start>
<af-start id="231" threadId="0000000001A4E388" totalBytesRequested="888" timestamp="2019-08-03T00:56:43.955" intervalms="39.267" type="nursery" />
<cycle-start id="232" type="scavenge" contextid="0" timestamp="2019-08-03T00:56:43.955" intervalms="39.365" />
<gc-start id="233" type="scavenge" contextid="232" timestamp="2019-08-03T00:56:43.955">
  <mem-info id="234" free="4410392" total="8388608" percent="52">
    <mem type="nursery" free="0" total="2097152" percent="0">
      <mem type="allocate" free="0" total="1572864" percent="0" />
      <mem type="survivor" free="0" total="524288" percent="0" />
    </mem>
    <mem type="tenure" free="4410392" total="6291456" percent="70">
      <mem type="soa" free="4096024" total="5977088" percent="68" />
      <mem type="loa" free="314368" total="314368" percent="100" />
    </mem>
    <remembered-set count="2479" />
  </mem-info>
</gc-start>
<allocation-stats totalBytes="1224848" >
  <allocated-bytes non-tlh="37512" tlh="1187336" />
  <largest-consumer threadName="main" threadId="0000000001A4DA00" bytes="1216656" />
</allocation-stats>
<gc-op id="235" type="scavenge" timems="0.954" contextid="232" timestamp="2019-08-03T00:56:43.956">
  <scavenger-info tenureage="3" tenuremask="ffc8" tiltratio="75" />
  <memory-copied type="nursery" objects="10764" bytes="361744" bytesdiscarded="31712" />
  <memory-copied type="tenure" objects="1229" bytes="53256" bytesdiscarded="144" />
  <finalization candidates="22" enqueued="0" />
  <references type="soft" candidates="325" cleared="0" enqueued="0" dynamicThreshold="32" maxThreshold="32" />
  <references type="weak" candidates="570" cleared="16" enqueued="16" />
  <references type="phantom" candidates="4" cleared="0" enqueued="0" />
</gc-op>
<gc-end id="236" type="scavenge" contextid="232" durationms="1.408" usertimems="0.000" systemtimems="4.000" timestamp="2019-08-03T00:56:43.957" activeThreads="8">
  <mem-info id="237" free="5491472" total="8388608" percent="65">
    <mem type="nursery" free="1244664" total="2097152" percent="59">
      <mem type="allocate" free="1244664" total="1638400" percent="75" />
      <mem type="survivor" free="0" total="458752" percent="0" />
    </mem>
    <mem type="tenure" free="4246808" total="6291456" percent="67">
      <mem type="soa" free="3932440" total="5977088" percent="65" />
      <mem type="loa" free="314368" total="314368" percent="100" />
    </mem>
    <pending-finalizers system="0" default="0" reference="16" classloader="0" />
    <remembered-set count="1919" />
  </mem-info>
</gc-end>
<cycle-end id="238" type="scavenge" contextid="232" timestamp="2019-08-03T00:56:43.957" />
  <attribute name="elasticGC enabled" value="1" />
  <attribute name= "numThreadsSpecified" value="8" />
  <attribute name="heapSize specified" value="0" />
  <attribute name= "numCores" value="8" />
  <attribute name ="GC Interval" value="1200" />
  <attribute name ="Control flow" value="1" />
  <attribute name="GC Util Range Max" value="15" />
  <attribute name="Current GC Util" value="4" />
  <attribute name= "Current Time Running" value="2968" />
<allocation-satisfied id="239" threadId="0000000001A4DA00" bytesRequested="888" />
<af-end id="240" timestamp="2019-08-03T00:56:43.957" threadId="0000000001A4E388" success="true" from="nursery"/>
<exclusive-end id="241" timestamp="2019-08-03T00:56:43.957" durationms="2.223" />

<exclusive-start id="242" timestamp="2019-08-03T00:56:46.827" intervalms="2872.718">
  <response-info timems="0.023" idlems="0.023" threads="0" lastid="0000000001A4DA00" lastname="main" />
</exclusive-start>
<af-start id="243" threadId="0000000001A4E388" totalBytesRequested="88" timestamp="2019-08-03T00:56:46.828" intervalms="2872.685" type="nursery" />
<cycle-start id="244" type="scavenge" contextid="0" timestamp="2019-08-03T00:56:46.828" intervalms="2872.643" />
<gc-start id="245" type="scavenge" contextid="244" timestamp="2019-08-03T00:56:46.828">
  <mem-info id="246" free="4223264" total="8388608" percent="50">
    <mem type="nursery" free="0" total="2097152" percent="0">
      <mem type="allocate" free="0" total="1638400" percent="0" />
      <mem type="survivor" free="0" total="458752" percent="0" />
    </mem>
    <mem type="tenure" free="4223264" total="6291456" percent="67">
      <mem type="soa" free="3908896" total="5977088" percent="65" />
      <mem type="loa" free="314368" total="314368" percent="100" />
    </mem>
    <remembered-set count="2246" />
  </mem-info>
</gc-start>
<allocation-stats totalBytes="1267016" >
  <allocated-bytes non-tlh="24432" tlh="1242584" />
  <largest-consumer threadName="main" threadId="0000000001A4DA00" bytes="1267016" />
</allocation-stats>
<gc-op id="247" type="scavenge" timems="1.001" contextid="244" timestamp="2019-08-03T00:56:46.829">
  <scavenger-info tenureage="3" tenuremask="ffa8" tiltratio="78" />
  <memory-copied type="nursery" objects="9444" bytes="320992" bytesdiscarded="34792" />
  <memory-copied type="tenure" objects="3418" bytes="106784" bytesdiscarded="168" />
  <finalization candidates="11" enqueued="0" />
  <references type="soft" candidates="484" cleared="0" enqueued="0" dynamicThreshold="32" maxThreshold="32" />
  <references type="weak" candidates="371" cleared="12" enqueued="12" />
  <references type="phantom" candidates="5" cleared="2" enqueued="2" />
</gc-op>
<gc-end id="248" type="scavenge" contextid="244" durationms="1.324" usertimems="0.000" systemtimems="0.000" timestamp="2019-08-03T00:56:46.829" activeThreads="8">
  <mem-info id="249" free="5457944" total="8388608" percent="65">
    <mem type="nursery" free="1282296" total="2097152" percent="61">
      <mem type="allocate" free="1282296" total="1638400" percent="78" />
      <mem type="survivor" free="0" total="458752" percent="0" />
    </mem>
    <mem type="tenure" free="4175648" total="6291456" percent="66">
      <mem type="soa" free="3861280" total="5977088" percent="64" />
      <mem type="loa" free="314368" total="314368" percent="100" />
    </mem>
    <pending-finalizers system="0" default="0" reference="14" classloader="0" />
    <remembered-set count="975" />
  </mem-info>
</gc-end>
<cycle-end id="250" type="scavenge" contextid="244" timestamp="2019-08-03T00:56:46.829" />
  <attribute name="elasticGC enabled" value="1" />
  <attribute name= "numThreadsSpecified" value="8" />
  <attribute name="heapSize specified" value="0" />
  <attribute name= "numCores" value="8" />
  <attribute name ="GC Interval" value="1200" />
  <attribute name ="Control flow" value="1" />
  <attribute name="GC Util Range Max" value="15" />
  <attribute name="Current GC Util" value="0" />
  <attribute name= "Current Time Running" value="5840" />
<allocation-satisfied id="251" threadId="0000000001A4DA00" bytesRequested="88" />
<af-end id="252" timestamp="2019-08-03T00:56:46.829" threadId="0000000001A4E388" success="true" from="nursery"/>
<exclusive-end id="253" timestamp="2019-08-03T00:56:46.829" durationms="1.990" />

<exclusive-start id="254" timestamp="2019-08-03T00:56:46.869" intervalms="41.897">
  <response-info timems="0.031" idlems="0.031" threads="0" lastid="0000000001A4DA00" lastname="main" />
</exclusive-start>
<af-start id="255" threadId="0000000001A4E388" totalBytesRequested="88" timestamp="2019-08-03T00:56:46.869" intervalms="41.841" type="nursery" />
<cycle-start id="256" type="scavenge" contextid="0" timestamp="2019-08-03T00:56:46.870" intervalms="41.792" />
<gc-start id="257" type="scavenge" contextid="256" timestamp="2019-08-03T00:56:46.870">
  <mem-info id="258" free="4145168" total="8388608" percent="49">
    <mem type="nursery" free="0" total="2097152" percent="0">
      <mem type="allocate" free="0" total="1638400" percent="0" />
      <mem type="survivor" free="0" total="458752" percent="0" />
    </mem>
    <mem type="tenure" free="4145168" total="6291456" percent="65">
      <mem type="soa" free="3830800" total="5977088" percent="64" />
      <mem type="loa" free="314368" total="314368" percent="100" />
    </mem>
    <remembered-set count="1236" />
  </mem-info>
</gc-start>
<allocation-stats totalBytes="1310608" >
  <allocated-bytes non-tlh="30568" tlh="1280040" />
  <largest-consumer threadName="main" threadId="0000000001A4DA00" bytes="1310608" />
</allocation-stats>
<gc-op id="259" type="scavenge" timems="0.742" contextid="256" timestamp="2019-08-03T00:56:46.870">
  <scavenger-info tenureage="3" tenuremask="ff68" tiltratio="78" />
  <memory-copied type="nursery" objects="5482" bytes="213136" bytesdiscarded="24672" />
  <memory-copied type="tenure" objects="4623" bytes="134592" bytesdiscarded="176" />
  <finalization candidates="8" enqueued="0" />
  <references type="soft" candidates="472" cleared="0" enqueued="0" dynamicThreshold="32" maxThreshold="32" />
  <references type="weak" candidates="382" cleared="0" enqueued="0" />
</gc-op>
<gc-end id="260" type="scavenge" contextid="256" durationms="0.945" usertimems="0.000" systemtimems="0.000" timestamp="2019-08-03T00:56:46.871" activeThreads="8">
  <mem-info id="261" free="5378832" total="8388608" percent="64">
    <mem type="nursery" free="1400320" total="2097152" percent="66">
      <mem type="allocate" free="1400320" total="1638400" percent="85" />
      <mem type="survivor" free="0" total="458752" percent="0" />
    </mem>
    <mem type="tenure" free="3978512" total="6291456" percent="63">
      <mem type="soa" free="3664144" total="5977088" percent="61" />
      <mem type="loa" free="314368" total="314368" percent="100" />
    </mem>
    <remembered-set count="778" />
  </mem-info>
</gc-end>
<cycle-end id="262" type="scavenge" contextid="256" timestamp="2019-08-03T00:56:46.871" />
  <attribute name="elasticGC enabled" value="1" />
  <attribute name= "numThreadsSpecified" value="8" />
  <attribute name="heapSize specified" value="0" />
  <attribute name= "numCores" value="8" />
  <attribute name ="GC Interval" value="1200" />
  <attribute name ="Control flow" value="1" />
  <attribute name="GC Util Range Max" value="15" />
  <attribute name="Current GC Util" value="4" />
  <attribute name= "Current Time Running" value="5882" />
<allocation-satisfied id="263" threadId="0000000001A4DA00" bytesRequested="88" />
<af-end id="264" timestamp="2019-08-03T00:56:46.871" threadId="0000000001A4E388" success="true" from="nursery"/>
<exclusive-end id="265" timestamp="2019-08-03T00:56:46.871" durationms="1.425" />

<exclusive-start id="266" timestamp="2019-08-03T00:56:46.903" intervalms="33.143">
  <response-info timems="0.043" idlems="0.043" threads="0" lastid="0000000001A4DA00" lastname="main" />
</exclusive-start>
<af-start id="267" threadId="0000000001A4E388" totalBytesRequested="2272" timestamp="2019-08-03T00:56:46.903" intervalms="33.150" type="nursery" />
<cycle-start id="268" type="scavenge" contextid="0" timestamp="2019-08-03T00:56:46.903" intervalms="33.154" />
<gc-start id="269" type="scavenge" contextid="268" timestamp="2019-08-03T00:56:46.903">
  <mem-info id="270" free="3958072" total="8388608" percent="47">
    <mem type="nursery" free="0" total="2097152" percent="0">
      <mem type="allocate" free="0" total="1638400" percent="0" />
      <mem type="survivor" free="0" total="458752" percent="0" />
    </mem>
    <mem type="tenure" free="3958072" total="6291456" percent="62">
      <mem type="soa" free="3643704" total="5977088" percent="60" />
      <mem type="loa" free="314368" total="314368" percent="100" />
    </mem>
    <remembered-set count="1044" />
  </mem-info>
</gc-start>
<allocation-stats totalBytes="1405232" >
  <allocated-bytes non-tlh="20528" tlh="1384704" />
  <largest-consumer threadName="main" threadId="0000000001A4DA00" bytes="1405232" />
</allocation-stats>
<gc-op id="271" type="scavenge" timems="0.692" contextid="268" timestamp="2019-08-03T00:56:46.904">
  <scavenger-info tenureage="3" tenuremask="fee8" tiltratio="78" />
  <memory-copied type="nursery" objects="4436" bytes="185296" bytesdiscarded="58952" />
  <memory-copied type="tenure" objects="2319" bytes="94136" bytesdiscarded="24" />
  <finalization candidates="3" enqueued="0" />
  <references type="soft" candidates="232" cleared="0" enqueued="0" dynamicThreshold="32" maxThreshold="32" />
  <references type="weak" candidates="359" cleared="23" enqueued="23" />
  <references type="phantom" candidates="3" cleared="1" enqueued="1" />
</gc-op>
<gc-end id="272" type="scavenge" contextid="268" durationms="0.904" usertimems="0.000" systemtimems="0.000" timestamp="2019-08-03T00:56:46.904" activeThreads="8">
  <mem-info id="273" free="5330728" total="8388608" percent="63">
    <mem type="nursery" free="1459440" total="2097152" percent="69">
      <mem type="allocate" free="1459440" total="1703936" percent="85" />
      <mem type="survivor" free="0" total="393216" percent="0" />
    </mem>
    <mem type="tenure" free="3871288" total="6291456" percent="61">
      <mem type="soa" free="3556920" total="5977088" percent="59" />
      <mem type="loa" free="314368" total="314368" percent="100" />
    </mem>
    <pending-finalizers system="0" default="0" reference="24" classloader="0" />
    <remembered-set count="678" />
  </mem-info>
</gc-end>
<cycle-end id="274" type="scavenge" contextid="268" timestamp="2019-08-03T00:56:46.904" />
  <attribute name="elasticGC enabled" value="1" />
  <attribute name= "numThreadsSpecified" value="8" />
  <attribute name="heapSize specified" value="0" />
  <attribute name= "numCores" value="8" />
  <attribute name ="GC Interval" value="1100" />
  <attribute name ="Control flow" value="2" />
  <attribute name="GC Util Range Max" value="15" />
  <attribute name="Current GC Util" value="4" />
  <attribute name= "Current Time Running" value="5915" />
<allocation-satisfied id="275" threadId="0000000001A4DA00" bytesRequested="2272" />
<af-end id="276" timestamp="2019-08-03T00:56:46.904" threadId="0000000001A4E388" success="true" from="nursery"/>
<exclusive-end id="277" timestamp="2019-08-03T00:56:46.904" durationms="1.406" />

<exclusive-start id="278" timestamp="2019-08-03T00:56:46.968" intervalms="65.354">
  <response-info timems="0.131" idlems="0.101" threads="1" lastid="0000000001A55200" lastname="JIT Compilation Thread-1" />
</exclusive-start>
<af-start id="279" threadId="0000000001A4E388" totalBytesRequested="992" timestamp="2019-08-03T00:56:46.968" intervalms="65.372" type="nursery" />
<cycle-start id="280" type="scavenge" contextid="0" timestamp="2019-08-03T00:56:46.968" intervalms="65.383" />
<gc-start id="281" type="scavenge" contextid="280" timestamp="2019-08-03T00:56:46.968">
  <mem-info id="282" free="3832296" total="8388608" percent="45">
    <mem type="nursery" free="0" total="2097152" percent="0">
      <mem type="allocate" free="0" total="1703936" percent="0" />
      <mem type="survivor" free="0" total="393216" percent="0" />
    </mem>
    <mem type="tenure" free="3832296" total="6291456" percent="60">
      <mem type="soa" free="3517928" total="5977088" percent="58" />
      <mem type="loa" free="314368" total="314368" percent="100" />
    </mem>
    <remembered-set count="1043" />
  </mem-info>
</gc-start>
<allocation-stats totalBytes="1494024" >
  <allocated-bytes non-tlh="41264" tlh="1452760" />
  <largest-consumer threadName="main" threadId="0000000001A4DA00" bytes="1489928" />
</allocation-stats>
<gc-op id="283" type="scavenge" timems="0.694" contextid="280" timestamp="2019-08-03T00:56:46.969">
  <scavenger-info tenureage="3" tenuremask="fde8" tiltratio="81" />
  <memory-copied type="nursery" objects="2894" bytes="127504" bytesdiscarded="38696" />
  <memory-copied type="tenure" objects="2316" bytes="83224" bytesdiscarded="112" />
  <finalization candidates="3" enqueued="0" />
  <references type="soft" candidates="73" cleared="0" enqueued="0" dynamicThreshold="32" maxThreshold="32" />
  <references type="weak" candidates="568" cleared="2" enqueued="2" />
  <references type="phantom" candidates="2" cleared="0" enqueued="0" />
</gc-op>
<gc-end id="284" type="scavenge" contextid="280" durationms="0.933" usertimems="0.000" systemtimems="0.000" timestamp="2019-08-03T00:56:46.969" activeThreads="8">
  <mem-info id="285" free="5267680" total="8388608" percent="62">
    <mem type="nursery" free="1537528" total="2097152" percent="73">
      <mem type="allocate" free="1537528" total="1703936" percent="90" />
      <mem type="survivor" free="0" total="393216" percent="0" />
    </mem>
    <mem type="tenure" free="3730152" total="6291456" percent="59">
      <mem type="soa" free="3415784" total="5977088" percent="57" />
      <mem type="loa" free="314368" total="314368" percent="100" />
    </mem>
    <pending-finalizers system="0" default="0" reference="2" classloader="0" />
    <remembered-set count="780" />
  </mem-info>
</gc-end>
<cycle-end id="286" type="scavenge" contextid="280" timestamp="2019-08-03T00:56:46.969" />
  <attribute name="elasticGC enabled" value="1" />
  <attribute name= "numThreadsSpecified" value="8" />
  <attribute name="heapSize specified" value="0" />
  <attribute name= "numCores" value="8" />
  <attribute name ="GC Interval" value="1000" />
  <attribute name ="Control flow" value="1" />
  <attribute name="GC Util Range Max" value="15" />
  <attribute name="Current GC Util" value="2" />
  <attribute name= "Current Time Running" value="5980" />
<allocation-satisfied id="287" threadId="0000000001A4DA00" bytesRequested="992" />
<af-end id="288" timestamp="2019-08-03T00:56:46.969" threadId="0000000001A4E388" success="true" from="nursery"/>
<exclusive-end id="289" timestamp="2019-08-03T00:56:46.969" durationms="1.499" />

<exclusive-start id="290" timestamp="2019-08-03T00:56:47.013" intervalms="44.771">
  <response-info timems="0.086" idlems="0.086" threads="0" lastid="0000000001A4DA00" lastname="main" />
</exclusive-start>
<af-start id="291" threadId="0000000001A4E388" totalBytesRequested="88" timestamp="2019-08-03T00:56:47.013" intervalms="44.746" type="nursery" />
<cycle-start id="292" type="scavenge" contextid="0" timestamp="2019-08-03T00:56:47.013" intervalms="44.729" />
<gc-start id="293" type="scavenge" contextid="292" timestamp="2019-08-03T00:56:47.013">
  <mem-info id="294" free="3679552" total="8388608" percent="43">
    <mem type="nursery" free="0" total="2097152" percent="0">
      <mem type="allocate" free="0" total="1703936" percent="0" />
      <mem type="survivor" free="0" total="393216" percent="0" />
    </mem>
    <mem type="tenure" free="3679552" total="6291456" percent="58">
      <mem type="soa" free="3365184" total="5977088" percent="56" />
      <mem type="loa" free="314368" total="314368" percent="100" />
    </mem>
    <remembered-set count="1227" />
  </mem-info>
</gc-start>
<allocation-stats totalBytes="1586008" >
  <allocated-bytes non-tlh="51592" tlh="1534416" />
  <largest-consumer threadName="main" threadId="0000000001A4DA00" bytes="1586008" />
</allocation-stats>
<gc-op id="295" type="scavenge" timems="0.719" contextid="292" timestamp="2019-08-03T00:56:47.014">
  <scavenger-info tenureage="5" tenuremask="ffe0" tiltratio="81" />
  <memory-copied type="nursery" objects="4246" bytes="182352" bytesdiscarded="39760" />
  <memory-copied type="tenure" objects="44" bytes="952" bytesdiscarded="0" />
  <finalization candidates="3" enqueued="0" />
  <ownableSynchronizers candidates="1" cleared="0" />
  <references type="soft" candidates="104" cleared="0" enqueued="0" dynamicThreshold="32" maxThreshold="32" />
  <references type="weak" candidates="841" cleared="1" enqueued="1" />
  <references type="phantom" candidates="1" cleared="0" enqueued="0" />
</gc-op>
<gc-end id="296" type="scavenge" contextid="292" durationms="0.909" usertimems="0.000" systemtimems="0.000" timestamp="2019-08-03T00:56:47.014" activeThreads="8">
  <mem-info id="297" free="5161016" total="8388608" percent="61">
    <mem type="nursery" free="1481464" total="2097152" percent="70">
      <mem type="allocate" free="1481464" total="1703936" percent="86" />
      <mem type="survivor" free="0" total="393216" percent="0" />
    </mem>
    <mem type="tenure" free="3679552" total="6291456" percent="58">
      <mem type="soa" free="3365184" total="5977088" percent="56" />
      <mem type="loa" free="314368" total="314368" percent="100" />
    </mem>
    <pending-finalizers system="0" default="0" reference="1" classloader="0" />
    <remembered-set count="1019" />
  </mem-info>
</gc-end>
<cycle-end id="298" type="scavenge" contextid="292" timestamp="2019-08-03T00:56:47.014" />
  <attribute name="elasticGC enabled" value="1" />
  <attribute name= "numThreadsSpecified" value="8" />
  <attribute name="heapSize specified" value="0" />
  <attribute name= "numCores" value="8" />
  <attribute name ="GC Interval" value="900" />
  <attribute name ="Control flow" value="2" />
  <attribute name="GC Util Range Max" value="15" />
  <attribute name="Current GC Util" value="3" />
  <attribute name= "Current Time Running" value="6025" />
<allocation-satisfied id="299" threadId="0000000001A4DA00" bytesRequested="88" />
<af-end id="300" timestamp="2019-08-03T00:56:47.014" threadId="0000000001A4E388" success="true" from="nursery"/>
<exclusive-end id="301" timestamp="2019-08-03T00:56:47.014" durationms="1.354" />

<exclusive-start id="302" timestamp="2019-08-03T00:56:47.060" intervalms="46.958">
  <response-info timems="0.061" idlems="0.061" threads="0" lastid="0000000001A4DA00" lastname="main" />
</exclusive-start>
<af-start id="303" threadId="0000000001A4E388" totalBytesRequested="24" timestamp="2019-08-03T00:56:47.060" intervalms="46.974" type="nursery" />
<cycle-start id="304" type="scavenge" contextid="0" timestamp="2019-08-03T00:56:47.060" intervalms="46.968" />
<gc-start id="305" type="scavenge" contextid="304" timestamp="2019-08-03T00:56:47.060">
  <mem-info id="306" free="3626608" total="8388608" percent="43">
    <mem type="nursery" free="0" total="2097152" percent="0">
      <mem type="allocate" free="0" total="1703936" percent="0" />
      <mem type="survivor" free="0" total="393216" percent="0" />
    </mem>
    <mem type="tenure" free="3626608" total="6291456" percent="57">
      <mem type="soa" free="3312240" total="5977088" percent="55" />
      <mem type="loa" free="314368" total="314368" percent="100" />
    </mem>
    <remembered-set count="1845" />
  </mem-info>
</gc-start>
<allocation-stats totalBytes="1532368" >
  <allocated-bytes non-tlh="53032" tlh="1479336" />
  <largest-consumer threadName="main" threadId="0000000001A4DA00" bytes="1532368" />
</allocation-stats>
<gc-op id="307" type="scavenge" timems="1.050" contextid="304" timestamp="2019-08-03T00:56:47.061">
  <scavenger-info tenureage="3" tenuremask="f7e8" tiltratio="81" />
  <memory-copied type="nursery" objects="8579" bytes="356936" bytesdiscarded="5280" />
  <memory-copied type="tenure" objects="1218" bytes="63232" bytesdiscarded="40" />
  <finalization candidates="12" enqueued="0" />
  <ownableSynchronizers candidates="2" cleared="0" />
  <references type="soft" candidates="261" cleared="0" enqueued="0" dynamicThreshold="32" maxThreshold="32" />
  <references type="weak" candidates="1867" cleared="313" enqueued="210" />
  <references type="phantom" candidates="2" cleared="1" enqueued="1" />
</gc-op>
<gc-end id="308" type="scavenge" contextid="304" durationms="1.234" usertimems="4.000" systemtimems="0.000" timestamp="2019-08-03T00:56:47.061" activeThreads="8">
  <mem-info id="309" free="4692064" total="8388608" percent="55">
    <mem type="nursery" free="1143792" total="2097152" percent="54">
      <mem type="allocate" free="1143792" total="1507328" percent="75" />
      <mem type="survivor" free="0" total="589824" percent="0" />
    </mem>
    <mem type="tenure" free="3548272" total="6291456" percent="56">
      <mem type="soa" free="3233904" total="5977088" percent="54" />
      <mem type="loa" free="314368" total="314368" percent="100" />
    </mem>
    <pending-finalizers system="0" default="0" reference="211" classloader="0" />
    <remembered-set count="1427" />
  </mem-info>
</gc-end>
<cycle-end id="310" type="scavenge" contextid="304" timestamp="2019-08-03T00:56:47.061" />
  <attribute name="elasticGC enabled" value="1" />
  <attribute name= "numThreadsSpecified" value="8" />
  <attribute name="heapSize specified" value="0" />
  <attribute name= "numCores" value="8" />
  <attribute name ="GC Interval" value="800" />
  <attribute name ="Control flow" value="1" />
  <attribute name="GC Util Range Max" value="15" />
  <attribute name="Current GC Util" value="2" />
  <attribute name= "Current Time Running" value="6072" />
<allocation-satisfied id="311" threadId="0000000001A4DA00" bytesRequested="24" />
<af-end id="312" timestamp="2019-08-03T00:56:47.061" threadId="0000000001A4E388" success="true" from="nursery"/>
<exclusive-end id="313" timestamp="2019-08-03T00:56:47.061" durationms="1.684" />

<exclusive-start id="314" timestamp="2019-08-03T00:56:47.092" intervalms="32.189">
  <response-info timems="0.111" idlems="0.111" threads="0" lastid="0000000001A4DA00" lastname="main" />
</exclusive-start>
<af-start id="315" threadId="0000000001A4E388" totalBytesRequested="49656" timestamp="2019-08-03T00:56:47.092" intervalms="32.184" type="nursery" />
<cycle-start id="316" type="scavenge" contextid="0" timestamp="2019-08-03T00:56:47.092" intervalms="32.189" />
<gc-start id="317" type="scavenge" contextid="316" timestamp="2019-08-03T00:56:47.092">
  <mem-info id="318" free="3531576" total="8388608" percent="42">
    <mem type="nursery" free="0" total="2097152" percent="0">
      <mem type="allocate" free="0" total="1507328" percent="0" />
      <mem type="survivor" free="0" total="589824" percent="0" />
    </mem>
    <mem type="tenure" free="3531576" total="6291456" percent="56">
      <mem type="soa" free="3217208" total="5977088" percent="53" />
      <mem type="loa" free="314368" total="314368" percent="100" />
    </mem>
    <remembered-set count="1730" />
  </mem-info>
</gc-start>
<allocation-stats totalBytes="1135320" >
  <allocated-bytes non-tlh="278872" tlh="856448" />
  <largest-consumer threadName="main" threadId="0000000001A4DA00" bytes="1062360" />
</allocation-stats>
<gc-op id="319" type="scavenge" timems="0.979" contextid="316" timestamp="2019-08-03T00:56:47.093">
  <scavenger-info tenureage="12" tenuremask="7000" tiltratio="71" />
  <memory-copied type="nursery" objects="7538" bytes="588928" bytesdiscarded="88" />
  <memory-copied type="tenure" objects="2929" bytes="105208" bytesdiscarded="24" />
  <copy-failed type="nursery" objects="2929" bytes="105400" />
  <finalization candidates="15" enqueued="0" />
  <ownableSynchronizers candidates="4" cleared="0" />
  <references type="soft" candidates="244" cleared="0" enqueued="0" dynamicThreshold="32" maxThreshold="32" />
  <references type="weak" candidates="1674" cleared="209" enqueued="136" />
  <references type="phantom" candidates="4" cleared="1" enqueued="1" />
</gc-op>
<gc-end id="320" type="scavenge" contextid="316" durationms="1.205" usertimems="0.000" systemtimems="0.000" timestamp="2019-08-03T00:56:47.093" activeThreads="8">
  <mem-info id="321" free="3804472" total="8388608" percent="45">
    <mem type="nursery" free="458752" total="2097152" percent="21">
      <mem type="allocate" free="458752" total="1048576" percent="43" />
      <mem type="survivor" free="0" total="1048576" percent="0" />
    </mem>
    <mem type="tenure" free="3345720" total="6291456" percent="53">
      <mem type="soa" free="3031352" total="5977088" percent="50" />
      <mem type="loa" free="314368" total="314368" percent="100" />
    </mem>
    <pending-finalizers system="0" default="0" reference="137" classloader="0" />
    <remembered-set count="2030" />
  </mem-info>
</gc-end>
<cycle-end id="322" type="scavenge" contextid="316" timestamp="2019-08-03T00:56:47.093" />
  <attribute name="elasticGC enabled" value="1" />
  <attribute name= "numThreadsSpecified" value="8" />
  <attribute name="heapSize specified" value="0" />
  <attribute name= "numCores" value="8" />
  <attribute name ="GC Interval" value="800" />
  <attribute name ="Control flow" value="1" />
  <attribute name="GC Util Range Max" value="15" />
  <attribute name="Current GC Util" value="5" />
  <attribute name= "Current Time Running" value="6104" />
<allocation-satisfied id="323" threadId="0000000001A4DA00" bytesRequested="49656" />
<af-end id="324" timestamp="2019-08-03T00:56:47.093" threadId="0000000001A4E388" success="true" from="nursery"/>
<exclusive-end id="325" timestamp="2019-08-03T00:56:47.093" durationms="1.675" />

<exclusive-start id="326" timestamp="2019-08-03T00:56:47.103" intervalms="11.721">
  <response-info timems="0.079" idlems="0.079" threads="0" lastid="0000000001A4DA00" lastname="main" />
</exclusive-start>
<af-start id="327" threadId="0000000001A4E388" totalBytesRequested="200008" timestamp="2019-08-03T00:56:47.104" intervalms="11.692" type="nursery" />
<cycle-start id="328" type="scavenge" contextid="0" timestamp="2019-08-03T00:56:47.104" intervalms="11.684" />
<gc-start id="329" type="scavenge" contextid="328" timestamp="2019-08-03T00:56:47.104">
  <mem-info id="330" free="3340104" total="8388608" percent="39">
    <mem type="nursery" free="0" total="2097152" percent="0">
      <mem type="allocate" free="0" total="1048576" percent="0" />
      <mem type="survivor" free="0" total="1048576" percent="0" />
    </mem>
    <mem type="tenure" free="3340104" total="6291456" percent="53">
      <mem type="soa" free="3025736" total="5977088" percent="50" />
      <mem type="loa" free="314368" total="314368" percent="100" />
    </mem>
    <remembered-set count="2126" />
  </mem-info>
</gc-start>
<allocation-stats totalBytes="463520" >
  <allocated-bytes non-tlh="104928" tlh="358592" />
  <largest-consumer threadName="main" threadId="0000000001A4DA00" bytes="455328" />
</allocation-stats>
<gc-op id="331" type="scavenge" timems="0.829" contextid="328" timestamp="2019-08-03T00:56:47.105">
  <scavenger-info tenureage="3" tenuremask="7848" tiltratio="50" />
  <memory-copied type="nursery" objects="6620" bytes="591816" bytesdiscarded="48264" />
  <memory-copied type="tenure" objects="1172" bytes="44440" bytesdiscarded="0" />
  <finalization candidates="15" enqueued="0" />
  <ownableSynchronizers candidates="4" cleared="0" />
  <references type="soft" candidates="224" cleared="0" enqueued="0" dynamicThreshold="32" maxThreshold="32" />
  <references type="weak" candidates="1098" cleared="11" enqueued="8" />
  <references type="phantom" candidates="6" cleared="1" enqueued="1" />
</gc-op>
<heap-resize id="332" type="expand" space="nursery" amount="131072" count="1" timems="0.062" reason="excessive time being spent scavenging" timestamp="2019-08-03T00:56:47.105" />
<gc-end id="333" type="scavenge" contextid="328" durationms="1.176" usertimems="0.000" systemtimems="0.000" timestamp="2019-08-03T00:56:47.105" activeThreads="7">
  <mem-info id="334" free="3813416" total="8519680" percent="44">
    <mem type="nursery" free="473312" total="2228224" percent="21">
      <mem type="allocate" free="473312" total="1114112" percent="42" />
      <mem type="survivor" free="0" total="1114112" percent="0" />
    </mem>
    <mem type="tenure" free="3340104" total="6291456" percent="53">
      <mem type="soa" free="3025736" total="5977088" percent="50" />
      <mem type="loa" free="314368" total="314368" percent="100" />
    </mem>
    <pending-finalizers system="0" default="0" reference="9" classloader="0" />
    <remembered-set count="1217" />
  </mem-info>
</gc-end>
<cycle-end id="335" type="scavenge" contextid="328" timestamp="2019-08-03T00:56:47.105" />
  <attribute name="elasticGC enabled" value="1" />
  <attribute name= "numThreadsSpecified" value="7" />
  <attribute name="heapSize specified" value="0" />
  <attribute name= "numCores" value="8" />
  <attribute name ="GC Interval" value="800" />
  <attribute name ="Control flow" value="1" />
  <attribute name="GC Util Range Max" value="15" />
  <attribute name="Current GC Util" value="16" />
  <attribute name= "Current Time Running" value="6116" />
<allocation-satisfied id="336" threadId="0000000001A4DA00" bytesRequested="200008" />
<af-end id="337" timestamp="2019-08-03T00:56:47.105" threadId="0000000001A4E388" success="true" from="nursery"/>
<exclusive-end id="338" timestamp="2019-08-03T00:56:47.105" durationms="1.594" />

<exclusive-start id="339" timestamp="2019-08-03T00:56:47.112" intervalms="8.408">
  <response-info timems="0.071" idlems="0.071" threads="0" lastid="0000000001A4DA00" lastname="main" />
</exclusive-start>
<af-start id="340" threadId="0000000001A4E388" totalBytesRequested="3176" timestamp="2019-08-03T00:56:47.112" intervalms="8.401" type="nursery" />
<cycle-start id="341" type="scavenge" contextid="0" timestamp="2019-08-03T00:56:47.112" intervalms="8.398" />
<gc-start id="342" type="scavenge" contextid="341" timestamp="2019-08-03T00:56:47.112">
  <mem-info id="343" free="3339048" total="8519680" percent="39">
    <mem type="nursery" free="0" total="2228224" percent="0">
      <mem type="allocate" free="0" total="1114112" percent="0" />
      <mem type="survivor" free="0" total="1114112" percent="0" />
    </mem>
    <mem type="tenure" free="3339048" total="6291456" percent="53">
      <mem type="soa" free="3024680" total="5977088" percent="50" />
      <mem type="loa" free="314368" total="314368" percent="100" />
    </mem>
    <remembered-set count="1236" />
  </mem-info>
</gc-start>
<allocation-stats totalBytes="445448" >
  <allocated-bytes non-tlh="250232" tlh="195216" />
  <largest-consumer threadName="main" threadId="0000000001A4DA00" bytes="437256" />
</allocation-stats>
<gc-op id="344" type="scavenge" timems="0.845" contextid="341" timestamp="2019-08-03T00:56:47.113">
  <scavenger-info tenureage="2" tenuremask="7c2c" tiltratio="50" />
  <memory-copied type="nursery" objects="293" bytes="281456" bytesdiscarded="14272" />
  <memory-copied type="tenure" objects="6333" bytes="542328" bytesdiscarded="144" />
  <finalization candidates="15" enqueued="0" />
  <ownableSynchronizers candidates="3" cleared="0" />
  <references type="soft" candidates="11" cleared="0" enqueued="0" dynamicThreshold="32" maxThreshold="32" />
  <references type="weak" candidates="21" cleared="0" enqueued="0" />
  <references type="phantom" candidates="2" cleared="0" enqueued="0" />
</gc-op>
<heap-resize id="345" type="expand" space="nursery" amount="131072" count="1" timems="0.013" reason="excessive time being spent scavenging" timestamp="2019-08-03T00:56:47.113" />
<gc-end id="346" type="scavenge" contextid="341" durationms="1.099" usertimems="0.000" systemtimems="0.000" timestamp="2019-08-03T00:56:47.113" activeThreads="6">
  <mem-info id="347" free="3799744" total="8650752" percent="43">
    <mem type="nursery" free="949408" total="2359296" percent="40">
      <mem type="allocate" free="949408" total="1245184" percent="76" />
      <mem type="survivor" free="0" total="1114112" percent="0" />
    </mem>
    <mem type="tenure" free="2850336" total="6291456" percent="45">
      <mem type="soa" free="2535968" total="5977088" percent="42" />
      <mem type="loa" free="314368" total="314368" percent="100" />
    </mem>
    <remembered-set count="201" />
  </mem-info>
</gc-end>
<cycle-end id="348" type="scavenge" contextid="341" timestamp="2019-08-03T00:56:47.113" />
  <attribute name="elasticGC enabled" value="1" />
  <attribute name= "numThreadsSpecified" value="6" />
  <attribute name="heapSize specified" value="0" />
  <attribute name= "numCores" value="8" />
  <attribute name ="GC Interval" value="800" />
  <attribute name ="Control flow" value="1" />
  <attribute name="GC Util Range Max" value="15" />
  <attribute name="Current GC Util" value="18" />
  <attribute name= "Current Time Running" value="6124" />
<allocation-satisfied id="349" threadId="0000000001A4DA00" bytesRequested="3176" />
<af-end id="350" timestamp="2019-08-03T00:56:47.113" threadId="0000000001A4E388" success="true" from="nursery"/>
<exclusive-end id="351" timestamp="2019-08-03T00:56:47.113" durationms="1.490" />

<exclusive-start id="352" timestamp="2019-08-03T00:56:47.127" intervalms="15.161">
  <response-info timems="0.065" idlems="0.065" threads="0" lastid="0000000001A4DA00" lastname="main" />
</exclusive-start>
<af-start id="353" threadId="0000000001A4E388" totalBytesRequested="130056" timestamp="2019-08-03T00:56:47.127" intervalms="15.159" type="nursery" />
<cycle-start id="354" type="scavenge" contextid="0" timestamp="2019-08-03T00:56:47.127" intervalms="15.162" />
<gc-start id="355" type="scavenge" contextid="354" timestamp="2019-08-03T00:56:47.127">
  <mem-info id="356" free="2897608" total="8650752" percent="33">
    <mem type="nursery" free="60960" total="2359296" percent="2">
      <mem type="allocate" free="60960" total="1245184" percent="4" />
      <mem type="survivor" free="0" total="1114112" percent="0" />
    </mem>
    <mem type="tenure" free="2836648" total="6291456" percent="45">
      <mem type="soa" free="2522280" total="5977088" percent="42" />
      <mem type="loa" free="314368" total="314368" percent="100" />
    </mem>
    <remembered-set count="423" />
  </mem-info>
</gc-start>
<allocation-stats totalBytes="895496" >
  <allocated-bytes non-tlh="471136" tlh="424360" />
  <largest-consumer threadName="main" threadId="0000000001A4DA00" bytes="895496" />
</allocation-stats>
<gc-op id="357" type="scavenge" timems="0.325" contextid="354" timestamp="2019-08-03T00:56:47.128">
  <scavenger-info tenureage="10" tenuremask="7c00" tiltratio="52" />
  <memory-copied type="nursery" objects="651" bytes="641968" bytesdiscarded="146320" />
  <references type="soft" candidates="11" cleared="0" enqueued="0" dynamicThreshold="32" maxThreshold="32" />
  <references type="weak" candidates="23" cleared="1" enqueued="1" />
  <references type="phantom" candidates="3" cleared="0" enqueued="0" />
</gc-op>
<gc-end id="358" type="scavenge" contextid="354" durationms="0.507" usertimems="0.000" systemtimems="0.000" timestamp="2019-08-03T00:56:47.128" activeThreads="6">
  <mem-info id="359" free="3293488" total="8650752" percent="38">
    <mem type="nursery" free="456840" total="2359296" percent="19">
      <mem type="allocate" free="456840" total="1245184" percent="36" />
      <mem type="survivor" free="0" total="1114112" percent="0" />
    </mem>
    <mem type="tenure" free="2836648" total="6291456" percent="45">
      <mem type="soa" free="2522280" total="5977088" percent="42" />
      <mem type="loa" free="314368" total="314368" percent="100" />
    </mem>
    <pending-finalizers system="0" default="0" reference="1" classloader="0" />
    <remembered-set count="369" />
  </mem-info>
</gc-end>
<cycle-end id="360" type="scavenge" contextid="354" timestamp="2019-08-03T00:56:47.128" />
  <attribute name="elasticGC enabled" value="1" />
  <attribute name= "numThreadsSpecified" value="6" />
  <attribute name="heapSize specified" value="0" />
  <attribute name= "numCores" value="8" />
  <attribute name ="GC Interval" value="800" />
  <attribute name ="Control flow" value="2" />
  <attribute name="GC Util Range Max" value="15" />
  <attribute name="Current GC Util" value="10" />
  <attribute name= "Current Time Running" value="6139" />
<allocation-satisfied id="361" threadId="0000000001A4DA00" bytesRequested="130056" />
<af-end id="362" timestamp="2019-08-03T00:56:47.128" threadId="0000000001A4E388" success="true" from="nursery"/>
<exclusive-end id="363" timestamp="2019-08-03T00:56:47.128" durationms="0.905" />

<exclusive-start id="364" timestamp="2019-08-03T00:56:47.129" intervalms="2.081">
  <response-info timems="0.033" idlems="0.033" threads="0" lastid="0000000001A4DA00" lastname="main" />
</exclusive-start>
<af-start id="365" threadId="0000000001A4E388" totalBytesRequested="262168" timestamp="2019-08-03T00:56:47.129" intervalms="2.073" type="nursery" />
<cycle-start id="366" type="scavenge" contextid="0" timestamp="2019-08-03T00:56:47.129" intervalms="2.068" />
<gc-start id="367" type="scavenge" contextid="366" timestamp="2019-08-03T00:56:47.129">
  <mem-info id="368" free="2902304" total="8650752" percent="33">
    <mem type="nursery" free="65656" total="2359296" percent="2">
      <mem type="allocate" free="65656" total="1245184" percent="5" />
      <mem type="survivor" free="0" total="1114112" percent="0" />
    </mem>
    <mem type="tenure" free="2836648" total="6291456" percent="45">
      <mem type="soa" free="2522280" total="5977088" percent="42" />
      <mem type="loa" free="314368" total="314368" percent="100" />
    </mem>
    <remembered-set count="369" />
  </mem-info>
</gc-start>
<allocation-stats totalBytes="391184" >
  <allocated-bytes non-tlh="391184" tlh="0" />
  <largest-consumer threadName="main" threadId="0000000001A4DA00" bytes="391184" />
</allocation-stats>
<gc-op id="369" type="scavenge" timems="0.353" contextid="366" timestamp="2019-08-03T00:56:47.130">
  <scavenger-info tenureage="2" tenuremask="7e04" tiltratio="52" />
  <memory-copied type="nursery" objects="629" bytes="579968" bytesdiscarded="60760" />
  <memory-copied type="tenure" objects="20" bytes="258552" bytesdiscarded="0" />
  <references type="soft" candidates="11" cleared="0" enqueued="0" dynamicThreshold="32" maxThreshold="32" />
  <references type="weak" candidates="22" cleared="0" enqueued="0" />
  <references type="phantom" candidates="3" cleared="0" enqueued="0" />
</gc-op>
<gc-end id="370" type="scavenge" contextid="366" durationms="0.524" usertimems="0.000" systemtimems="0.000" timestamp="2019-08-03T00:56:47.130" activeThreads="8">
  <mem-info id="371" free="3273792" total="8650752" percent="37">
    <mem type="nursery" free="669928" total="2359296" percent="28">
      <mem type="allocate" free="669928" total="1310720" percent="51" />
      <mem type="survivor" free="0" total="1048576" percent="0" />
    </mem>
    <mem type="tenure" free="2603864" total="6291456" percent="41">
      <mem type="soa" free="2289496" total="5977088" percent="38" />
      <mem type="loa" free="314368" total="314368" percent="100" />
    </mem>
    <remembered-set count="359" />
  </mem-info>
</gc-end>
<cycle-end id="372" type="scavenge" contextid="366" timestamp="2019-08-03T00:56:47.130" />
  <attribute name="elasticGC enabled" value="1" />
  <attribute name= "numThreadsSpecified" value="6" />
  <attribute name="heapSize specified" value="0" />
  <attribute name= "numCores" value="8" />
  <attribute name ="GC Interval" value="900" />
  <attribute name ="Control flow" value="2" />
  <attribute name="GC Util Range Max" value="15" />
  <attribute name="Current GC Util" value="31" />
  <attribute name= "Current Time Running" value="6141" />
<allocation-satisfied id="373" threadId="0000000001A4DA00" bytesRequested="262168" />
<af-end id="374" timestamp="2019-08-03T00:56:47.130" threadId="0000000001A4E388" success="true" from="nursery"/>
<exclusive-end id="375" timestamp="2019-08-03T00:56:47.130" durationms="0.917" />

<exclusive-start id="376" timestamp="2019-08-03T00:56:47.143" intervalms="13.433">
  <response-info timems="0.056" idlems="0.056" threads="0" lastid="0000000001A4DA00" lastname="main" />
</exclusive-start>
<af-start id="377" threadId="0000000001A4E388" totalBytesRequested="7176" timestamp="2019-08-03T00:56:47.143" intervalms="13.446" type="nursery" />
<cycle-start id="378" type="scavenge" contextid="0" timestamp="2019-08-03T00:56:47.143" intervalms="13.451" />
<gc-start id="379" type="scavenge" contextid="378" timestamp="2019-08-03T00:56:47.143">
  <mem-info id="380" free="2600344" total="8650752" percent="30">
    <mem type="nursery" free="0" total="2359296" percent="0">
      <mem type="allocate" free="0" total="1310720" percent="0" />
      <mem type="survivor" free="0" total="1048576" percent="0" />
    </mem>
    <mem type="tenure" free="2600344" total="6291456" percent="41">
      <mem type="soa" free="2285976" total="5977088" percent="38" />
      <mem type="loa" free="314368" total="314368" percent="100" />
    </mem>
    <remembered-set count="404" />
  </mem-info>
</gc-start>
<allocation-stats totalBytes="664608" >
  <allocated-bytes non-tlh="265688" tlh="398920" />
  <largest-consumer threadName="main" threadId="0000000001A4DA00" bytes="664608" />
</allocation-stats>
<gc-op id="381" type="scavenge" timems="0.319" contextid="378" timestamp="2019-08-03T00:56:47.143">
  <scavenger-info tenureage="8" tenuremask="7f00" tiltratio="55" />
  <memory-copied type="nursery" objects="661" bytes="324120" bytesdiscarded="40120" />
  <references type="soft" candidates="11" cleared="0" enqueued="0" dynamicThreshold="32" maxThreshold="32" />
  <references type="weak" candidates="22" cleared="0" enqueued="0" />
  <references type="phantom" candidates="3" cleared="0" enqueued="0" />
</gc-op>
<gc-end id="382" type="scavenge" contextid="378" durationms="0.488" usertimems="0.000" systemtimems="0.000" timestamp="2019-08-03T00:56:47.143" activeThreads="8">
  <mem-info id="383" free="3612296" total="8650752" percent="41">
    <mem type="nursery" free="1011952" total="2359296" percent="42">
      <mem type="allocate" free="1011952" total="1376256" percent="73" />
      <mem type="survivor" free="0" total="983040" percent="0" />
    </mem>
    <mem type="tenure" free="2600344" total="6291456" percent="41">
      <mem type="soa" free="2285976" total="5977088" percent="38" />
      <mem type="loa" free="314368" total="314368" percent="100" />
    </mem>
    <remembered-set count="203" />
  </mem-info>
</gc-end>
<cycle-end id="384" type="scavenge" contextid="378" timestamp="2019-08-03T00:56:47.143" />
  <attribute name="elasticGC enabled" value="1" />
  <attribute name= "numThreadsSpecified" value="6" />
  <attribute name="heapSize specified" value="0" />
  <attribute name= "numCores" value="8" />
  <attribute name ="GC Interval" value="1000" />
  <attribute name ="Control flow" value="2" />
  <attribute name="GC Util Range Max" value="15" />
  <attribute name="Current GC Util" value="5" />
  <attribute name= "Current Time Running" value="6155" />
<allocation-satisfied id="385" threadId="0000000001A4DA00" bytesRequested="7176" />
<af-end id="386" timestamp="2019-08-03T00:56:47.143" threadId="0000000001A4E388" success="true" from="nursery"/>
<exclusive-end id="387" timestamp="2019-08-03T00:56:47.143" durationms="0.908" />

<exclusive-start id="388" timestamp="2019-08-03T00:56:47.169" intervalms="26.590">
  <response-info timems="0.066" idlems="0.066" threads="0" lastid="0000000001A4DA00" lastname="main" />
</exclusive-start>
<af-start id="389" threadId="0000000001A4E388" totalBytesRequested="1232" timestamp="2019-08-03T00:56:47.169" intervalms="26.586" type="nursery" />
<cycle-start id="390" type="scavenge" contextid="0" timestamp="2019-08-03T00:56:47.169" intervalms="26.587" />
<gc-start id="391" type="scavenge" contextid="390" timestamp="2019-08-03T00:56:47.169">
  <mem-info id="392" free="2584416" total="8650752" percent="29">
    <mem type="nursery" free="0" total="2359296" percent="0">
      <mem type="allocate" free="0" total="1376256" percent="0" />
      <mem type="survivor" free="0" total="983040" percent="0" />
    </mem>
    <mem type="tenure" free="2584416" total="6291456" percent="41">
      <mem type="soa" free="2270048" total="5977088" percent="37" />
      <mem type="loa" free="314368" total="314368" percent="100" />
    </mem>
    <remembered-set count="477" />
  </mem-info>
</gc-start>
<allocation-stats totalBytes="981440" >
  <allocated-bytes non-tlh="30368" tlh="951072" />
  <largest-consumer threadName="main" threadId="0000000001A4DA00" bytes="981440" />
</allocation-stats>
<gc-op id="393" type="scavenge" timems="0.386" contextid="390" timestamp="2019-08-03T00:56:47.170">
  <scavenger-info tenureage="5" tenuremask="7f20" tiltratio="58" />
  <memory-copied type="nursery" objects="1913" bytes="335200" bytesdiscarded="52896" />
  <memory-copied type="tenure" objects="250" bytes="20992" bytesdiscarded="0" />
  <references type="weak" candidates="3" cleared="2" enqueued="2" />
  <references type="phantom" candidates="1" cleared="0" enqueued="0" />
</gc-op>
<gc-end id="394" type="scavenge" contextid="390" durationms="0.566" usertimems="0.000" systemtimems="0.000" timestamp="2019-08-03T00:56:47.170" activeThreads="8">
  <mem-info id="395" free="3703632" total="8650752" percent="42">
    <mem type="nursery" free="1119216" total="2359296" percent="47">
      <mem type="allocate" free="1119216" total="1507328" percent="74" />
      <mem type="survivor" free="0" total="851968" percent="0" />
    </mem>
    <mem type="tenure" free="2584416" total="6291456" percent="41">
      <mem type="soa" free="2270048" total="5977088" percent="37" />
      <mem type="loa" free="314368" total="314368" percent="100" />
    </mem>
    <pending-finalizers system="0" default="0" reference="2" classloader="0" />
    <remembered-set count="423" />
  </mem-info>
</gc-end>
<cycle-end id="396" type="scavenge" contextid="390" timestamp="2019-08-03T00:56:47.170" />
  <attribute name="elasticGC enabled" value="1" />
  <attribute name= "numThreadsSpecified" value="6" />
  <attribute name="heapSize specified" value="0" />
  <attribute name= "numCores" value="8" />
  <attribute name ="GC Interval" value="1000" />
  <attribute name ="Control flow" value="1" />
  <attribute name="GC Util Range Max" value="15" />
  <attribute name="Current GC Util" value="2" />
  <attribute name= "Current Time Running" value="6182" />
<allocation-satisfied id="397" threadId="0000000001A4DA00" bytesRequested="1232" />
<af-end id="398" timestamp="2019-08-03T00:56:47.170" threadId="0000000001A4E388" success="true" from="nursery"/>
<exclusive-end id="399" timestamp="2019-08-03T00:56:47.170" durationms="0.963" />

<exclusive-start id="400" timestamp="2019-08-03T00:56:47.220" intervalms="50.494">
  <response-info timems="0.033" idlems="0.033" threads="0" lastid="0000000001A4DA00" lastname="main" />
</exclusive-start>
<af-start id="401" threadId="0000000001A4E388" totalBytesRequested="776" timestamp="2019-08-03T00:56:47.220" intervalms="50.524" type="nursery" />
<cycle-start id="402" type="scavenge" contextid="0" timestamp="2019-08-03T00:56:47.220" intervalms="50.544" />
<gc-start id="403" type="scavenge" contextid="402" timestamp="2019-08-03T00:56:47.220">
  <mem-info id="404" free="2563288" total="8650752" percent="29">
    <mem type="nursery" free="0" total="2359296" percent="0">
      <mem type="allocate" free="0" total="1507328" percent="0" />
      <mem type="survivor" free="0" total="851968" percent="0" />
    </mem>
    <mem type="tenure" free="2563288" total="6291456" percent="40">
      <mem type="soa" free="2248920" total="5977088" percent="37" />
      <mem type="loa" free="314368" total="314368" percent="100" />
    </mem>
    <remembered-set count="736" />
  </mem-info>
</gc-start>
<allocation-stats totalBytes="1139264" >
  <allocated-bytes non-tlh="22360" tlh="1116904" />
  <largest-consumer threadName="main" threadId="0000000001A4DA00" bytes="1139264" />
</allocation-stats>
<gc-op id="405" type="scavenge" timems="0.563" contextid="402" timestamp="2019-08-03T00:56:47.221">
  <scavenger-info tenureage="4" tenuremask="7f10" tiltratio="63" />
  <memory-copied type="nursery" objects="5820" bytes="266816" bytesdiscarded="53184" />
  <memory-copied type="tenure" objects="349" bytes="283704" bytesdiscarded="288" />
  <references type="soft" candidates="54" cleared="0" enqueued="0" dynamicThreshold="32" maxThreshold="32" />
  <references type="weak" candidates="63" cleared="0" enqueued="0" />
  <references type="phantom" candidates="1" cleared="0" enqueued="0" />
</gc-op>
<gc-end id="406" type="scavenge" contextid="402" durationms="0.757" usertimems="0.000" systemtimems="0.000" timestamp="2019-08-03T00:56:47.221" activeThreads="7">
  <mem-info id="407" free="3484016" total="8650752" percent="40">
    <mem type="nursery" free="1252776" total="2359296" percent="53">
      <mem type="allocate" free="1252776" total="1572864" percent="79" />
      <mem type="survivor" free="0" total="786432" percent="0" />
    </mem>
    <mem type="tenure" free="2231240" total="6291456" percent="35">
      <mem type="soa" free="1916872" total="5977088" percent="32" />
      <mem type="loa" free="314368" total="314368" percent="100" />
    </mem>
    <remembered-set count="696" />
  </mem-info>
</gc-end>
<cycle-end id="408" type="scavenge" contextid="402" timestamp="2019-08-03T00:56:47.221" />
  <attribute name="elasticGC enabled" value="1" />
  <attribute name= "numThreadsSpecified" value="7" />
  <attribute name="heapSize specified" value="0" />
  <attribute name= "numCores" value="8" />
  <attribute name ="GC Interval" value="1000" />
  <attribute name ="Control flow" value="1" />
  <attribute name="GC Util Range Max" value="15" />
  <attribute name="Current GC Util" value="1" />
  <attribute name= "Current Time Running" value="6232" />
<allocation-satisfied id="409" threadId="0000000001A4DA00" bytesRequested="776" />
<af-end id="410" timestamp="2019-08-03T00:56:47.221" threadId="0000000001A4E388" success="true" from="nursery"/>
<exclusive-end id="411" timestamp="2019-08-03T00:56:47.221" durationms="1.227" />

<exclusive-start id="412" timestamp="2019-08-03T00:56:47.251" intervalms="31.390">
  <response-info timems="0.035" idlems="0.035" threads="0" lastid="0000000001A4DA00" lastname="main" />
</exclusive-start>
<af-start id="413" threadId="0000000001A4E388" totalBytesRequested="15368" timestamp="2019-08-03T00:56:47.251" intervalms="31.391" type="nursery" />
<cycle-start id="414" type="scavenge" contextid="0" timestamp="2019-08-03T00:56:47.251" intervalms="31.377" />
<gc-start id="415" type="scavenge" contextid="414" timestamp="2019-08-03T00:56:47.251">
  <mem-info id="416" free="2210712" total="8650752" percent="25">
    <mem type="nursery" free="0" total="2359296" percent="0">
      <mem type="allocate" free="0" total="1572864" percent="0" />
      <mem type="survivor" free="0" total="786432" percent="0" />
    </mem>
    <mem type="tenure" free="2210712" total="6291456" percent="35">
      <mem type="soa" free="1896344" total="5977088" percent="31" />
      <mem type="loa" free="314368" total="314368" percent="100" />
    </mem>
    <remembered-set count="935" />
  </mem-info>
</gc-start>
<allocation-stats totalBytes="1262528" >
  <allocated-bytes non-tlh="21304" tlh="1241224" />
  <largest-consumer threadName="main" threadId="0000000001A4DA00" bytes="1262528" />
</allocation-stats>
<gc-op id="417" type="scavenge" timems="0.648" contextid="414" timestamp="2019-08-03T00:56:47.252">
  <scavenger-info tenureage="8" tenuremask="7f00" tiltratio="66" />
  <memory-copied type="nursery" objects="6295" bytes="312472" bytesdiscarded="81560" />
  <references type="soft" candidates="54" cleared="0" enqueued="0" dynamicThreshold="32" maxThreshold="32" />
  <references type="weak" candidates="203" cleared="0" enqueued="0" />
  <references type="phantom" candidates="1" cleared="0" enqueued="0" />
</gc-op>
<gc-end id="418" type="scavenge" contextid="414" durationms="0.848" usertimems="0.000" systemtimems="0.000" timestamp="2019-08-03T00:56:47.252" activeThreads="8">
  <mem-info id="419" free="3454888" total="8650752" percent="39">
    <mem type="nursery" free="1244176" total="2359296" percent="52">
      <mem type="allocate" free="1244176" total="1638400" percent="75" />
      <mem type="survivor" free="0" total="720896" percent="0" />
    </mem>
    <mem type="tenure" free="2210712" total="6291456" percent="35">
      <mem type="soa" free="1896344" total="5977088" percent="31" />
      <mem type="loa" free="314368" total="314368" percent="100" />
    </mem>
    <remembered-set count="685" />
  </mem-info>
</gc-end>
<cycle-end id="420" type="scavenge" contextid="414" timestamp="2019-08-03T00:56:47.252" />
  <attribute name="elasticGC enabled" value="1" />
  <attribute name= "numThreadsSpecified" value="8" />
  <attribute name="heapSize specified" value="0" />
  <attribute name= "numCores" value="8" />
  <attribute name ="GC Interval" value="900" />
  <attribute name ="Control flow" value="2" />
  <attribute name="GC Util Range Max" value="15" />
  <attribute name="Current GC Util" value="3" />
  <attribute name= "Current Time Running" value="6263" />
<allocation-satisfied id="421" threadId="0000000001A4DA00" bytesRequested="15368" />
<af-end id="422" timestamp="2019-08-03T00:56:47.252" threadId="0000000001A4E388" success="true" from="nursery"/>
<exclusive-end id="423" timestamp="2019-08-03T00:56:47.252" durationms="1.302" />

<exclusive-start id="424" timestamp="2019-08-03T00:56:47.303" intervalms="52.385">
  <response-info timems="0.034" idlems="0.034" threads="0" lastid="0000000001A4DA00" lastname="main" />
</exclusive-start>
<af-start id="425" threadId="0000000001A4E388" totalBytesRequested="7176" timestamp="2019-08-03T00:56:47.304" intervalms="52.390" type="nursery" />
<cycle-start id="426" type="scavenge" contextid="0" timestamp="2019-08-03T00:56:47.304" intervalms="52.397" />
<gc-start id="427" type="scavenge" contextid="426" timestamp="2019-08-03T00:56:47.304">
  <mem-info id="428" free="2189392" total="8650752" percent="25">
    <mem type="nursery" free="0" total="2359296" percent="0">
      <mem type="allocate" free="0" total="1638400" percent="0" />
      <mem type="survivor" free="0" total="720896" percent="0" />
    </mem>
    <mem type="tenure" free="2189392" total="6291456" percent="34">
      <mem type="soa" free="1875024" total="5977088" percent="31" />
      <mem type="loa" free="314368" total="314368" percent="100" />
    </mem>
    <remembered-set count="932" />
  </mem-info>
</gc-start>
<allocation-stats totalBytes="1259320" >
  <allocated-bytes non-tlh="36688" tlh="1222632" />
  <largest-consumer threadName="main" threadId="0000000001A4DA00" bytes="1259320" />
</allocation-stats>
<gc-op id="429" type="scavenge" timems="0.710" contextid="426" timestamp="2019-08-03T00:56:47.305">
  <scavenger-info tenureage="3" tenuremask="7f08" tiltratio="69" />
  <memory-copied type="nursery" objects="5591" bytes="294224" bytesdiscarded="28128" />
  <memory-copied type="tenure" objects="1499" bytes="42872" bytesdiscarded="0" />
  <references type="soft" candidates="54" cleared="0" enqueued="0" dynamicThreshold="32" maxThreshold="32" />
  <references type="weak" candidates="415" cleared="0" enqueued="0" />
  <references type="phantom" candidates="1" cleared="0" enqueued="0" />
</gc-op>
<gc-end id="430" type="scavenge" contextid="426" durationms="0.931" usertimems="0.000" systemtimems="0.000" timestamp="2019-08-03T00:56:47.305" activeThreads="8">
  <mem-info id="431" free="3570704" total="8650752" percent="41">
    <mem type="nursery" free="1381312" total="2359296" percent="58">
      <mem type="allocate" free="1381312" total="1703936" percent="81" />
      <mem type="survivor" free="0" total="655360" percent="0" />
    </mem>
    <mem type="tenure" free="2189392" total="6291456" percent="34">
      <mem type="soa" free="1875024" total="5977088" percent="31" />
      <mem type="loa" free="314368" total="314368" percent="100" />
    </mem>
    <remembered-set count="626" />
  </mem-info>
</gc-end>
<cycle-end id="432" type="scavenge" contextid="426" timestamp="2019-08-03T00:56:47.305" />
  <attribute name="elasticGC enabled" value="1" />
  <attribute name= "numThreadsSpecified" value="8" />
  <attribute name="heapSize specified" value="0" />
  <attribute name= "numCores" value="8" />
  <attribute name ="GC Interval" value="800" />
  <attribute name ="Control flow" value="1" />
  <attribute name="GC Util Range Max" value="15" />
  <attribute name="Current GC Util" value="2" />
  <attribute name= "Current Time Running" value="6316" />
<allocation-satisfied id="433" threadId="0000000001A4DA00" bytesRequested="7176" />
<af-end id="434" timestamp="2019-08-03T00:56:47.305" threadId="0000000001A4E388" success="true" from="nursery"/>
<exclusive-end id="435" timestamp="2019-08-03T00:56:47.305" durationms="1.430" />

<exclusive-start id="436" timestamp="2019-08-03T00:56:47.364" intervalms="60.695">
  <response-info timems="0.068" idlems="0.068" threads="0" lastid="0000000001A4DA00" lastname="main" />
</exclusive-start>
<af-start id="437" threadId="0000000001A4E388" totalBytesRequested="23272" timestamp="2019-08-03T00:56:47.364" intervalms="60.693" type="nursery" />
<cycle-start id="438" type="scavenge" contextid="0" timestamp="2019-08-03T00:56:47.364" intervalms="60.690" />
<gc-start id="439" type="scavenge" contextid="438" timestamp="2019-08-03T00:56:47.364">
  <mem-info id="440" free="2172976" total="8650752" percent="25">
    <mem type="nursery" free="0" total="2359296" percent="0">
      <mem type="allocate" free="0" total="1703936" percent="0" />
      <mem type="survivor" free="0" total="655360" percent="0" />
    </mem>
    <mem type="tenure" free="2172976" total="6291456" percent="34">
      <mem type="soa" free="1858608" total="5977088" percent="31" />
      <mem type="loa" free="314368" total="314368" percent="100" />
    </mem>
    <remembered-set count="807" />
  </mem-info>
</gc-start>
<allocation-stats totalBytes="1370840" >
  <allocated-bytes non-tlh="23592" tlh="1347248" />
  <largest-consumer threadName="main" threadId="0000000001A4DA00" bytes="1370840" />
</allocation-stats>
<gc-op id="441" type="scavenge" timems="0.905" contextid="438" timestamp="2019-08-03T00:56:47.365">
  <scavenger-info tenureage="3" tenuremask="7f08" tiltratio="72" />
  <memory-copied type="nursery" objects="2564" bytes="128240" bytesdiscarded="136688" />
  <memory-copied type="tenure" objects="4244" bytes="220288" bytesdiscarded="80" />
  <references type="weak" candidates="489" cleared="0" enqueued="0" />
  <references type="phantom" candidates="1" cleared="0" enqueued="0" />
</gc-op>
<gc-end id="442" type="scavenge" contextid="438" durationms="1.112" usertimems="0.000" systemtimems="0.000" timestamp="2019-08-03T00:56:47.366" activeThreads="8">
  <mem-info id="443" free="3390944" total="8650752" percent="39">
    <mem type="nursery" free="1504264" total="2359296" percent="63">
      <mem type="allocate" free="1504264" total="1769472" percent="85" />
      <mem type="survivor" free="0" total="589824" percent="0" />
    </mem>
    <mem type="tenure" free="1886680" total="6291456" percent="29">
      <mem type="soa" free="1572312" total="5977088" percent="26" />
      <mem type="loa" free="314368" total="314368" percent="100" />
    </mem>
    <remembered-set count="697" />
  </mem-info>
</gc-end>
<cycle-end id="444" type="scavenge" contextid="438" timestamp="2019-08-03T00:56:47.366" />
  <attribute name="elasticGC enabled" value="1" />
  <attribute name= "numThreadsSpecified" value="8" />
  <attribute name="heapSize specified" value="0" />
  <attribute name= "numCores" value="8" />
  <attribute name ="GC Interval" value="700" />
  <attribute name ="Control flow" value="2" />
  <attribute name="GC Util Range Max" value="15" />
  <attribute name="Current GC Util" value="2" />
  <attribute name= "Current Time Running" value="6377" />
<allocation-satisfied id="445" threadId="0000000001A4DA00" bytesRequested="23272" />
<af-end id="446" timestamp="2019-08-03T00:56:47.366" threadId="0000000001A4E388" success="true" from="nursery"/>
<exclusive-end id="447" timestamp="2019-08-03T00:56:47.366" durationms="1.660" />

<exclusive-start id="448" timestamp="2019-08-03T00:56:47.425" intervalms="61.034">
  <response-info timems="0.058" idlems="0.058" threads="0" lastid="0000000001A4DA00" lastname="main" />
</exclusive-start>
<af-start id="449" threadId="0000000001A4E388" totalBytesRequested="32" timestamp="2019-08-03T00:56:47.425" intervalms="61.011" type="nursery" />
<cycle-start id="450" type="scavenge" contextid="0" timestamp="2019-08-03T00:56:47.425" intervalms="60.992" />
<gc-start id="451" type="scavenge" contextid="450" timestamp="2019-08-03T00:56:47.425">
  <mem-info id="452" free="1865424" total="8650752" percent="21">
    <mem type="nursery" free="0" total="2359296" percent="0">
      <mem type="allocate" free="0" total="1769472" percent="0" />
      <mem type="survivor" free="0" total="589824" percent="0" />
    </mem>
    <mem type="tenure" free="1865424" total="6291456" percent="29">
      <mem type="soa" free="1551056" total="5977088" percent="25" />
      <mem type="loa" free="314368" total="314368" percent="100" />
    </mem>
    <remembered-set count="990" />
  </mem-info>
</gc-start>
<allocation-stats totalBytes="1524672" >
  <allocated-bytes non-tlh="44528" tlh="1480144" />
  <largest-consumer threadName="main" threadId="0000000001A4DA00" bytes="1524672" />
</allocation-stats>
<gc-op id="453" type="scavenge" timems="0.580" contextid="450" timestamp="2019-08-03T00:56:47.426">
  <scavenger-info tenureage="9" tenuremask="7e00" tiltratio="75" />
  <memory-copied type="nursery" objects="3718" bytes="128560" bytesdiscarded="37736" />
  <references type="weak" candidates="640" cleared="0" enqueued="0" />
</gc-op>
<gc-end id="454" type="scavenge" contextid="450" durationms="0.739" usertimems="0.000" systemtimems="0.000" timestamp="2019-08-03T00:56:47.426" activeThreads="8">
  <mem-info id="455" free="3533776" total="8650752" percent="40">
    <mem type="nursery" free="1668352" total="2359296" percent="70">
      <mem type="allocate" free="1668352" total="1835008" percent="90" />
      <mem type="survivor" free="0" total="524288" percent="0" />
    </mem>
    <mem type="tenure" free="1865424" total="6291456" percent="29">
      <mem type="soa" free="1551056" total="5977088" percent="25" />
      <mem type="loa" free="314368" total="314368" percent="100" />
    </mem>
    <remembered-set count="768" />
  </mem-info>
</gc-end>
<cycle-end id="456" type="scavenge" contextid="450" timestamp="2019-08-03T00:56:47.426" />
  <attribute name="elasticGC enabled" value="1" />
  <attribute name= "numThreadsSpecified" value="8" />
  <attribute name="heapSize specified" value="0" />
  <attribute name= "numCores" value="8" />
  <attribute name ="GC Interval" value="600" />
  <attribute name ="Control flow" value="1" />
  <attribute name="GC Util Range Max" value="15" />
  <attribute name="Current GC Util" value="2" />
  <attribute name= "Current Time Running" value="6438" />
<allocation-satisfied id="457" threadId="0000000001A4DA00" bytesRequested="32" />
<af-end id="458" timestamp="2019-08-03T00:56:47.426" threadId="0000000001A4E388" success="true" from="nursery"/>
<exclusive-end id="459" timestamp="2019-08-03T00:56:47.426" durationms="1.120" />

<exclusive-start id="460" timestamp="2019-08-03T00:56:47.466" intervalms="40.490">
  <response-info timems="0.075" idlems="0.075" threads="0" lastid="0000000001A4DA00" lastname="main" />
</exclusive-start>
<af-start id="461" threadId="0000000001A4E388" totalBytesRequested="24" timestamp="2019-08-03T00:56:47.466" intervalms="40.534" type="nursery" />
<cycle-start id="462" type="scavenge" contextid="0" timestamp="2019-08-03T00:56:47.466" intervalms="40.585" />
<gc-start id="463" type="scavenge" contextid="462" timestamp="2019-08-03T00:56:47.466">
  <mem-info id="464" free="1859456" total="8650752" percent="21">
    <mem type="nursery" free="0" total="2359296" percent="0">
      <mem type="allocate" free="0" total="1835008" percent="0" />
      <mem type="survivor" free="0" total="524288" percent="0" />
    </mem>
    <mem type="tenure" free="1859456" total="6291456" percent="29">
      <mem type="soa" free="1545088" total="5977088" percent="25" />
      <mem type="loa" free="314368" total="314368" percent="100" />
    </mem>
    <remembered-set count="1025" />
  </mem-info>
</gc-start>
<allocation-stats totalBytes="1674192" >
  <allocated-bytes non-tlh="6000" tlh="1668192" />
  <largest-consumer threadName="main" threadId="0000000001A4DA00" bytes="1674192" />
</allocation-stats>
<gc-op id="465" type="scavenge" timems="0.735" contextid="462" timestamp="2019-08-03T00:56:47.467">
  <scavenger-info tenureage="3" tenuremask="7c18" tiltratio="77" />
  <memory-copied type="nursery" objects="4945" bytes="171968" bytesdiscarded="18336" />
  <memory-copied type="tenure" objects="1231" bytes="43344" bytesdiscarded="0" />
  <references type="weak" candidates="330" cleared="0" enqueued="0" />
</gc-op>
<gc-end id="466" type="scavenge" contextid="462" durationms="0.972" usertimems="4.000" systemtimems="0.000" timestamp="2019-08-03T00:56:47.467" activeThreads="8">
  <mem-info id="467" free="3569536" total="8650752" percent="41">
    <mem type="nursery" free="1710080" total="2359296" percent="72">
      <mem type="allocate" free="1710080" total="1900544" percent="89" />
      <mem type="survivor" free="0" total="458752" percent="0" />
    </mem>
    <mem type="tenure" free="1859456" total="6291456" percent="29">
      <mem type="soa" free="1545088" total="5977088" percent="25" />
      <mem type="loa" free="314368" total="314368" percent="100" />
    </mem>
    <remembered-set count="771" />
  </mem-info>
</gc-end>
<cycle-end id="468" type="scavenge" contextid="462" timestamp="2019-08-03T00:56:47.467" />
  <attribute name="elasticGC enabled" value="1" />
  <attribute name= "numThreadsSpecified" value="8" />
  <attribute name="heapSize specified" value="0" />
  <attribute name= "numCores" value="8" />
  <attribute name ="GC Interval" value="600" />
  <attribute name ="Control flow" value="1" />
  <attribute name="GC Util Range Max" value="15" />
  <attribute name="Current GC Util" value="2" />
  <attribute name= "Current Time Running" value="6478" />
<allocation-satisfied id="469" threadId="0000000001A4DA00" bytesRequested="24" />
<af-end id="470" timestamp="2019-08-03T00:56:47.467" threadId="0000000001A4E388" success="true" from="nursery"/>
<exclusive-end id="471" timestamp="2019-08-03T00:56:47.467" durationms="1.485" />

<exclusive-start id="472" timestamp="2019-08-03T00:56:47.513" intervalms="46.968">
  <response-info timems="0.070" idlems="0.070" threads="0" lastid="0000000001A4DA00" lastname="main" />
</exclusive-start>
<af-start id="473" threadId="0000000001A4E388" totalBytesRequested="32" timestamp="2019-08-03T00:56:47.513" intervalms="47.019" type="nursery" />
<cycle-start id="474" type="scavenge" contextid="0" timestamp="2019-08-03T00:56:47.513" intervalms="47.075" />
<gc-start id="475" type="scavenge" contextid="474" timestamp="2019-08-03T00:56:47.513">
  <mem-info id="476" free="1851264" total="8650752" percent="21">
    <mem type="nursery" free="0" total="2359296" percent="0">
      <mem type="allocate" free="0" total="1900544" percent="0" />
      <mem type="survivor" free="0" total="458752" percent="0" />
    </mem>
    <mem type="tenure" free="1851264" total="6291456" percent="29">
      <mem type="soa" free="1536896" total="5977088" percent="25" />
      <mem type="loa" free="314368" total="314368" percent="100" />
    </mem>
    <remembered-set count="1028" />
  </mem-info>
</gc-start>
<allocation-stats totalBytes="1717728" >
  <allocated-bytes non-tlh="8216" tlh="1709512" />
  <largest-consumer threadName="main" threadId="0000000001A4DA00" bytes="1717728" />
</allocation-stats>
<gc-op id="477" type="scavenge" timems="0.772" contextid="474" timestamp="2019-08-03T00:56:47.514">
  <scavenger-info tenureage="3" tenuremask="7808" tiltratio="80" />
  <memory-copied type="nursery" objects="5697" bytes="202128" bytesdiscarded="12008" />
  <memory-copied type="tenure" objects="1164" bytes="40424" bytesdiscarded="0" />
  <references type="weak" candidates="272" cleared="0" enqueued="0" />
</gc-op>
<gc-end id="478" type="scavenge" contextid="474" durationms="1.117" usertimems="4.000" systemtimems="0.000" timestamp="2019-08-03T00:56:47.514" activeThreads="8">
  <mem-info id="479" free="3603072" total="8650752" percent="41">
    <mem type="nursery" free="1751808" total="2359296" percent="74">
      <mem type="allocate" free="1751808" total="1966080" percent="89" />
      <mem type="survivor" free="0" total="393216" percent="0" />
    </mem>
    <mem type="tenure" free="1851264" total="6291456" percent="29">
      <mem type="soa" free="1536896" total="5977088" percent="25" />
      <mem type="loa" free="314368" total="314368" percent="100" />
    </mem>
    <remembered-set count="728" />
  </mem-info>
</gc-end>
<cycle-end id="480" type="scavenge" contextid="474" timestamp="2019-08-03T00:56:47.514" />
  <attribute name="elasticGC enabled" value="1" />
  <attribute name= "numThreadsSpecified" value="8" />
  <attribute name="heapSize specified" value="0" />
  <attribute name= "numCores" value="8" />
  <attribute name ="GC Interval" value="500" />
  <attribute name ="Control flow" value="2" />
  <attribute name="GC Util Range Max" value="15" />
  <attribute name="Current GC Util" value="2" />
  <attribute name= "Current Time Running" value="6525" />
<allocation-satisfied id="481" threadId="0000000001A4DA00" bytesRequested="32" />
<af-end id="482" timestamp="2019-08-03T00:56:47.515" threadId="0000000001A4E388" success="true" from="nursery"/>
<exclusive-end id="483" timestamp="2019-08-03T00:56:47.515" durationms="1.963" />

<exclusive-start id="484" timestamp="2019-08-03T00:56:47.563" intervalms="49.942">
  <response-info timems="0.118" idlems="0.118" threads="0" lastid="0000000001A4DA00" lastname="main" />
</exclusive-start>
<af-start id="485" threadId="0000000001A4E388" totalBytesRequested="24" timestamp="2019-08-03T00:56:47.563" intervalms="49.954" type="nursery" />
<cycle-start id="486" type="scavenge" contextid="0" timestamp="2019-08-03T00:56:47.563" intervalms="49.935" />
<gc-start id="487" type="scavenge" contextid="486" timestamp="2019-08-03T00:56:47.563">
  <mem-info id="488" free="1840416" total="8650752" percent="21">
    <mem type="nursery" free="0" total="2359296" percent="0">
      <mem type="allocate" free="0" total="1966080" percent="0" />
      <mem type="survivor" free="0" total="393216" percent="0" />
    </mem>
    <mem type="tenure" free="1840416" total="6291456" percent="29">
      <mem type="soa" free="1526048" total="5977088" percent="25" />
      <mem type="loa" free="314368" total="314368" percent="100" />
    </mem>
    <remembered-set count="1032" />
  </mem-info>
</gc-start>
<allocation-stats totalBytes="1762352" >
  <allocated-bytes non-tlh="10880" tlh="1751472" />
  <largest-consumer threadName="main" threadId="0000000001A4DA00" bytes="1762352" />
</allocation-stats>
<gc-op id="489" type="scavenge" timems="0.682" contextid="486" timestamp="2019-08-03T00:56:47.564">
  <scavenger-info tenureage="3" tenuremask="7808" tiltratio="83" />
  <memory-copied type="nursery" objects="6800" bytes="244432" bytesdiscarded="48072" />
  <memory-copied type="tenure" objects="1227" bytes="42040" bytesdiscarded="56" />
  <references type="weak" candidates="202" cleared="0" enqueued="0" />
</gc-op>
<gc-end id="490" type="scavenge" contextid="486" durationms="1.043" usertimems="4.000" systemtimems="0.000" timestamp="2019-08-03T00:56:47.564" activeThreads="8">
  <mem-info id="491" free="3450912" total="8650752" percent="39">
    <mem type="nursery" free="1673472" total="2359296" percent="70">
      <mem type="allocate" free="1673472" total="1966080" percent="85" />
      <mem type="survivor" free="0" total="393216" percent="0" />
    </mem>
    <mem type="tenure" free="1777440" total="6291456" percent="28">
      <mem type="soa" free="1463072" total="5977088" percent="24" />
      <mem type="loa" free="314368" total="314368" percent="100" />
    </mem>
    <remembered-set count="873" />
  </mem-info>
</gc-end>
<cycle-end id="492" type="scavenge" contextid="486" timestamp="2019-08-03T00:56:47.564" />
  <attribute name="elasticGC enabled" value="1" />
  <attribute name= "numThreadsSpecified" value="8" />
  <attribute name="heapSize specified" value="0" />
  <attribute name= "numCores" value="8" />
  <attribute name ="GC Interval" value="300" />
  <attribute name ="Control flow" value="2" />
  <attribute name="GC Util Range Max" value="15" />
  <attribute name="Current GC Util" value="2" />
  <attribute name= "Current Time Running" value="6575" />
<allocation-satisfied id="493" threadId="0000000001A4DA00" bytesRequested="24" />
<af-end id="494" timestamp="2019-08-03T00:56:47.564" threadId="0000000001A4E388" success="true" from="nursery"/>
<exclusive-end id="495" timestamp="2019-08-03T00:56:47.564" durationms="1.796" />

<exclusive-start id="496" timestamp="2019-08-03T00:56:47.607" intervalms="44.503">
  <response-info timems="0.078" idlems="0.078" threads="0" lastid="0000000001A4DA00" lastname="main" />
</exclusive-start>
<af-start id="497" threadId="0000000001A4E388" totalBytesRequested="56936" timestamp="2019-08-03T00:56:47.607" intervalms="44.459" type="nursery" />
<cycle-start id="498" type="scavenge" contextid="0" timestamp="2019-08-03T00:56:47.607" intervalms="44.436" />
<gc-start id="499" type="scavenge" contextid="498" timestamp="2019-08-03T00:56:47.608">
  <mem-info id="500" free="1763040" total="8650752" percent="20">
    <mem type="nursery" free="0" total="2359296" percent="0">
      <mem type="allocate" free="0" total="1966080" percent="0" />
      <mem type="survivor" free="0" total="393216" percent="0" />
    </mem>
    <mem type="tenure" free="1763040" total="6291456" percent="28">
      <mem type="soa" free="1448672" total="5977088" percent="24" />
      <mem type="loa" free="314368" total="314368" percent="100" />
    </mem>
    <remembered-set count="1162" />
  </mem-info>
</gc-start>
<allocation-stats totalBytes="1656760" >
  <allocated-bytes non-tlh="14424" tlh="1642336" />
  <largest-consumer threadName="main" threadId="0000000001A4DA00" bytes="1656760" />
</allocation-stats>
<gc-op id="501" type="scavenge" timems="0.745" contextid="498" timestamp="2019-08-03T00:56:47.608">
  <scavenger-info tenureage="3" tenuremask="7808" tiltratio="83" />
  <memory-copied type="nursery" objects="6695" bytes="245480" bytesdiscarded="38568" />
  <memory-copied type="tenure" objects="2192" bytes="78632" bytesdiscarded="8" />
  <references type="soft" candidates="2" cleared="0" enqueued="0" dynamicThreshold="32" maxThreshold="32" />
  <references type="weak" candidates="200" cleared="2" enqueued="2" />
</gc-op>
<gc-end id="502" type="scavenge" contextid="498" durationms="1.109" usertimems="0.000" systemtimems="0.000" timestamp="2019-08-03T00:56:47.609" activeThreads="8">
  <mem-info id="503" free="3373536" total="8650752" percent="38">
    <mem type="nursery" free="1681920" total="2359296" percent="71">
      <mem type="allocate" free="1681920" total="1966080" percent="85" />
      <mem type="survivor" free="0" total="393216" percent="0" />
    </mem>
    <mem type="tenure" free="1691616" total="6291456" percent="26">
      <mem type="soa" free="1377248" total="5977088" percent="23" />
      <mem type="loa" free="314368" total="314368" percent="100" />
    </mem>
    <pending-finalizers system="0" default="0" reference="2" classloader="0" />
    <remembered-set count="888" />
  </mem-info>
</gc-end>
<cycle-end id="504" type="scavenge" contextid="498" timestamp="2019-08-03T00:56:47.609" />
  <attribute name="elasticGC enabled" value="1" />
  <attribute name= "numThreadsSpecified" value="8" />
  <attribute name="heapSize specified" value="0" />
  <attribute name= "numCores" value="8" />
  <attribute name ="GC Interval" value="200" />
  <attribute name ="Control flow" value="1" />
  <attribute name="GC Util Range Max" value="15" />
  <attribute name="Current GC Util" value="3" />
  <attribute name= "Current Time Running" value="6620" />
<allocation-satisfied id="505" threadId="0000000001A4DA00" bytesRequested="56936" />
<af-end id="506" timestamp="2019-08-03T00:56:47.609" threadId="0000000001A4E388" success="true" from="nursery"/>
<exclusive-end id="507" timestamp="2019-08-03T00:56:47.609" durationms="1.875" />

<exclusive-start id="508" timestamp="2019-08-03T00:56:47.650" intervalms="42.493">
  <response-info timems="0.074" idlems="0.074" threads="0" lastid="0000000001A4DA00" lastname="main" />
</exclusive-start>
<af-start id="509" threadId="0000000001A4E388" totalBytesRequested="152" timestamp="2019-08-03T00:56:47.650" intervalms="42.537" type="nursery" />
<cycle-start id="510" type="scavenge" contextid="0" timestamp="2019-08-03T00:56:47.650" intervalms="42.585" />
<gc-start id="511" type="scavenge" contextid="510" timestamp="2019-08-03T00:56:47.650">
  <mem-info id="512" free="1686600" total="8650752" percent="19">
    <mem type="nursery" free="0" total="2359296" percent="0">
      <mem type="allocate" free="0" total="1966080" percent="0" />
      <mem type="survivor" free="0" total="393216" percent="0" />
    </mem>
    <mem type="tenure" free="1686600" total="6291456" percent="26">
      <mem type="soa" free="1372232" total="5977088" percent="22" />
      <mem type="loa" free="314368" total="314368" percent="100" />
    </mem>
    <remembered-set count="1000" />
  </mem-info>
</gc-start>
<allocation-stats totalBytes="1686304" >
  <allocated-bytes non-tlh="118888" tlh="1567416" />
  <largest-consumer threadName="main" threadId="0000000001A4DA00" bytes="1686304" />
</allocation-stats>
<gc-op id="513" type="scavenge" timems="0.663" contextid="510" timestamp="2019-08-03T00:56:47.651">
  <scavenger-info tenureage="3" tenuremask="7808" tiltratio="83" />
  <memory-copied type="nursery" objects="7067" bytes="300296" bytesdiscarded="52136" />
  <memory-copied type="tenure" objects="1954" bytes="72168" bytesdiscarded="40" />
  <references type="soft" candidates="2" cleared="0" enqueued="0" dynamicThreshold="32" maxThreshold="32" />
  <references type="weak" candidates="137" cleared="3" enqueued="3" />
</gc-op>
<gc-end id="514" type="scavenge" contextid="510" durationms="1.013" usertimems="4.000" systemtimems="0.000" timestamp="2019-08-03T00:56:47.651" activeThreads="8">
  <mem-info id="515" free="3198024" total="8650752" percent="36">
    <mem type="nursery" free="1613568" total="2359296" percent="68">
      <mem type="allocate" free="1613568" total="1966080" percent="82" />
      <mem type="survivor" free="0" total="393216" percent="0" />
    </mem>
    <mem type="tenure" free="1584456" total="6291456" percent="25">
      <mem type="soa" free="1270088" total="5977088" percent="21" />
      <mem type="loa" free="314368" total="314368" percent="100" />
    </mem>
    <pending-finalizers system="0" default="0" reference="3" classloader="0" />
    <remembered-set count="737" />
  </mem-info>
</gc-end>
<cycle-end id="516" type="scavenge" contextid="510" timestamp="2019-08-03T00:56:47.651" />
  <attribute name="elasticGC enabled" value="1" />
  <attribute name= "numThreadsSpecified" value="8" />
  <attribute name="heapSize specified" value="0" />
  <attribute name= "numCores" value="8" />
  <attribute name ="GC Interval" value="200" />
  <attribute name ="Control flow" value="1" />
  <attribute name="GC Util Range Max" value="15" />
  <attribute name="Current GC Util" value="3" />
  <attribute name= "Current Time Running" value="6662" />
<allocation-satisfied id="517" threadId="0000000001A4DA00" bytesRequested="152" />
<af-end id="518" timestamp="2019-08-03T00:56:47.651" threadId="0000000001A4E388" success="true" from="nursery"/>
<exclusive-end id="519" timestamp="2019-08-03T00:56:47.651" durationms="1.864" />

<exclusive-start id="520" timestamp="2019-08-03T00:56:47.678" intervalms="28.184">
  <response-info timems="0.043" idlems="0.043" threads="0" lastid="0000000001A4DA00" lastname="main" />
</exclusive-start>
<af-start id="521" threadId="0000000001A4E388" totalBytesRequested="40" timestamp="2019-08-03T00:56:47.678" intervalms="28.156" type="nursery" />
<cycle-start id="522" type="scavenge" contextid="0" timestamp="2019-08-03T00:56:47.678" intervalms="28.120" />
<gc-start id="523" type="scavenge" contextid="522" timestamp="2019-08-03T00:56:47.678">
  <mem-info id="524" free="1569928" total="8650752" percent="18">
    <mem type="nursery" free="0" total="2359296" percent="0">
      <mem type="allocate" free="0" total="1966080" percent="0" />
      <mem type="survivor" free="0" total="393216" percent="0" />
    </mem>
    <mem type="tenure" free="1569928" total="6291456" percent="24">
      <mem type="soa" free="1255560" total="5977088" percent="21" />
      <mem type="loa" free="314368" total="314368" percent="100" />
    </mem>
    <remembered-set count="859" />
  </mem-info>
</gc-start>
<allocation-stats totalBytes="1627632" >
  <allocated-bytes non-tlh="14680" tlh="1612952" />
  <largest-consumer threadName="main" threadId="0000000001A4DA00" bytes="1627632" />
</allocation-stats>
<gc-op id="525" type="scavenge" timems="0.574" contextid="522" timestamp="2019-08-03T00:56:47.679">
  <scavenger-info tenureage="3" tenuremask="7808" tiltratio="83" />
  <memory-copied type="nursery" objects="2051" bytes="107904" bytesdiscarded="35264" />
  <memory-copied type="tenure" objects="2229" bytes="82336" bytesdiscarded="80" />
  <references type="soft" candidates="13" cleared="0" enqueued="0" dynamicThreshold="32" maxThreshold="32" />
  <references type="weak" candidates="58" cleared="0" enqueued="0" />
</gc-op>
<gc-end id="526" type="scavenge" contextid="522" durationms="0.807" usertimems="4.000" systemtimems="0.000" timestamp="2019-08-03T00:56:47.679" activeThreads="8">
  <mem-info id="527" free="3321328" total="8650752" percent="38">
    <mem type="nursery" free="1822824" total="2359296" percent="77">
      <mem type="allocate" free="1822824" total="1966080" percent="92" />
      <mem type="survivor" free="0" total="393216" percent="0" />
    </mem>
    <mem type="tenure" free="1498504" total="6291456" percent="23">
      <mem type="soa" free="1184136" total="5977088" percent="19" />
      <mem type="loa" free="314368" total="314368" percent="100" />
    </mem>
    <remembered-set count="538" />
  </mem-info>
</gc-end>
<cycle-end id="528" type="scavenge" contextid="522" timestamp="2019-08-03T00:56:47.679" />
  <attribute name="elasticGC enabled" value="1" />
  <attribute name= "numThreadsSpecified" value="8" />
  <attribute name="heapSize specified" value="0" />
  <attribute name= "numCores" value="8" />
  <attribute name ="GC Interval" value="200" />
  <attribute name ="Control flow" value="1" />
  <attribute name="GC Util Range Max" value="15" />
  <attribute name="Current GC Util" value="4" />
  <attribute name= "Current Time Running" value="6690" />
<allocation-satisfied id="529" threadId="0000000001A4DA00" bytesRequested="40" />
<af-end id="530" timestamp="2019-08-03T00:56:47.679" threadId="0000000001A4E388" success="true" from="nursery"/>
<exclusive-end id="531" timestamp="2019-08-03T00:56:47.679" durationms="1.457" />

<exclusive-start id="532" timestamp="2019-08-03T00:56:47.713" intervalms="35.307">
  <response-info timems="0.073" idlems="0.073" threads="0" lastid="0000000001A4DA00" lastname="main" />
</exclusive-start>
<af-start id="533" threadId="0000000001A4E388" totalBytesRequested="23304" timestamp="2019-08-03T00:56:47.713" intervalms="35.268" type="nursery" />
<cycle-start id="534" type="scavenge" contextid="0" timestamp="2019-08-03T00:56:47.713" intervalms="35.266" />
<gc-start id="535" type="scavenge" contextid="534" timestamp="2019-08-03T00:56:47.713">
  <mem-info id="536" free="1492696" total="8650752" percent="17">
    <mem type="nursery" free="0" total="2359296" percent="0">
      <mem type="allocate" free="0" total="1966080" percent="0" />
      <mem type="survivor" free="0" total="393216" percent="0" />
    </mem>
    <mem type="tenure" free="1492696" total="6291456" percent="23">
      <mem type="soa" free="1178328" total="5977088" percent="19" />
      <mem type="loa" free="314368" total="314368" percent="100" />
    </mem>
    <remembered-set count="642" />
  </mem-info>
</gc-start>
<allocation-stats totalBytes="1824392" >
  <allocated-bytes non-tlh="271400" tlh="1552992" />
  <largest-consumer threadName="main" threadId="0000000001A4DA00" bytes="1824392" />
</allocation-stats>
<gc-op id="537" type="scavenge" timems="0.806" contextid="534" timestamp="2019-08-03T00:56:47.714">
  <scavenger-info tenureage="12" tenuremask="7000" tiltratio="83" />
  <memory-copied type="nursery" objects="3910" bytes="393040" bytesdiscarded="48" />
  <memory-copied type="tenure" objects="4056" bytes="374984" bytesdiscarded="0" />
  <copy-failed type="nursery" objects="4056" bytes="374984" />
  <references type="soft" candidates="73" cleared="0" enqueued="0" dynamicThreshold="32" maxThreshold="32" />
  <references type="weak" candidates="73" cleared="0" enqueued="0" />
  <references type="phantom" candidates="2" cleared="0" enqueued="0" />
</gc-op>
<gc-end id="538" type="scavenge" contextid="534" durationms="1.150" usertimems="4.000" systemtimems="0.000" timestamp="2019-08-03T00:56:47.715" activeThreads="8">
  <mem-info id="539" free="1816464" total="8650752" percent="20">
    <mem type="nursery" free="786432" total="2359296" percent="33">
      <mem type="allocate" free="786432" total="1179648" percent="66" />
      <mem type="survivor" free="0" total="1179648" percent="0" />
    </mem>
    <mem type="tenure" free="1030032" total="6291456" percent="16">
      <mem type="soa" free="715664" total="5977088" percent="11" />
      <mem type="loa" free="314368" total="314368" percent="100" />
    </mem>
    <remembered-set count="3252" />
  </mem-info>
</gc-end>
<cycle-end id="540" type="scavenge" contextid="534" timestamp="2019-08-03T00:56:47.715" />
  <attribute name="elasticGC enabled" value="1" />
  <attribute name= "numThreadsSpecified" value="8" />
  <attribute name="heapSize specified" value="0" />
  <attribute name= "numCores" value="8" />
  <attribute name ="GC Interval" value="200" />
  <attribute name ="Control flow" value="1" />
  <attribute name="GC Util Range Max" value="15" />
  <attribute name="Current GC Util" value="2" />
  <attribute name= "Current Time Running" value="6726" />
<allocation-satisfied id="541" threadId="0000000001A4DA00" bytesRequested="23304" />
<af-end id="542" timestamp="2019-08-03T00:56:47.715" threadId="0000000001A4E388" success="true" from="nursery"/>
<exclusive-end id="543" timestamp="2019-08-03T00:56:47.715" durationms="1.785" />

<exclusive-start id="544" timestamp="2019-08-03T00:56:47.722" intervalms="9.125">
  <response-info timems="0.072" idlems="0.072" threads="0" lastid="0000000001A4DA00" lastname="main" />
</exclusive-start>
<af-start id="545" threadId="0000000001A4E388" totalBytesRequested="16" timestamp="2019-08-03T00:56:47.722" intervalms="9.106" type="nursery" />
<cycle-start id="546" type="scavenge" contextid="0" timestamp="2019-08-03T00:56:47.722" intervalms="9.085" />
<gc-start id="547" type="scavenge" contextid="546" timestamp="2019-08-03T00:56:47.723">
  <mem-info id="548" free="1027464" total="8650752" percent="11">
    <mem type="nursery" free="0" total="2359296" percent="0">
      <mem type="allocate" free="0" total="1179648" percent="0" />
      <mem type="survivor" free="0" total="1179648" percent="0" />
    </mem>
    <mem type="tenure" free="1027464" total="6291456" percent="16">
      <mem type="soa" free="713096" total="5977088" percent="11" />
      <mem type="loa" free="314368" total="314368" percent="100" />
    </mem>
    <remembered-set count="3285" />
  </mem-info>
</gc-start>
<allocation-stats totalBytes="788912" >
  <allocated-bytes non-tlh="25872" tlh="763040" />
  <largest-consumer threadName="main" threadId="0000000001A4DA00" bytes="788912" />
</allocation-stats>
<gc-op id="549" type="scavenge" timems="0.620" contextid="546" timestamp="2019-08-03T00:56:47.723">
  <scavenger-info tenureage="3" tenuremask="fff8" tiltratio="50" />
  <memory-copied type="nursery" objects="3876" bytes="350312" bytesdiscarded="82368" />
  <memory-copied type="tenure" objects="1261" bytes="45936" bytesdiscarded="0" />
  <references type="soft" candidates="71" cleared="0" enqueued="0" dynamicThreshold="32" maxThreshold="32" />
  <references type="weak" candidates="44" cleared="0" enqueued="0" />
  <references type="phantom" candidates="1" cleared="0" enqueued="0" />
</gc-op>
<heap-resize id="550" type="expand" space="nursery" amount="131072" count="1" timems="0.015" reason="excessive time being spent scavenging" timestamp="2019-08-03T00:56:47.724" />
<gc-end id="551" type="scavenge" contextid="546" durationms="1.145" usertimems="4.000" systemtimems="0.000" timestamp="2019-08-03T00:56:47.724" activeThreads="7">
  <mem-info id="552" free="1839856" total="8781824" percent="20">
    <mem type="nursery" free="812392" total="2490368" percent="32">
      <mem type="allocate" free="812392" total="1245184" percent="65" />
      <mem type="survivor" free="0" total="1245184" percent="0" />
    </mem>
    <mem type="tenure" free="1027464" total="6291456" percent="16">
      <mem type="soa" free="713096" total="5977088" percent="11" />
      <mem type="loa" free="314368" total="314368" percent="100" />
    </mem>
    <remembered-set count="2896" />
  </mem-info>
</gc-end>
<cycle-end id="553" type="scavenge" contextid="546" timestamp="2019-08-03T00:56:47.724" />
  <attribute name="elasticGC enabled" value="1" />
  <attribute name= "numThreadsSpecified" value="7" />
  <attribute name="heapSize specified" value="0" />
  <attribute name= "numCores" value="8" />
  <attribute name ="GC Interval" value="300" />
  <attribute name ="Control flow" value="2" />
  <attribute name="GC Util Range Max" value="15" />
  <attribute name="Current GC Util" value="17" />
  <attribute name= "Current Time Running" value="6735" />
<allocation-satisfied id="554" threadId="0000000001A4DA00" bytesRequested="16" />
<af-end id="555" timestamp="2019-08-03T00:56:47.724" threadId="0000000001A4E388" success="true" from="nursery"/>
<exclusive-end id="556" timestamp="2019-08-03T00:56:47.724" durationms="1.789" />

<exclusive-start id="557" timestamp="2019-08-03T00:56:47.729" intervalms="6.663">
  <response-info timems="0.062" idlems="0.062" threads="0" lastid="0000000001A4DA00" lastname="main" />
</exclusive-start>
<af-start id="558" threadId="0000000001A4E388" totalBytesRequested="32" timestamp="2019-08-03T00:56:47.729" intervalms="6.640" type="nursery" />
<cycle-start id="559" type="scavenge" contextid="0" timestamp="2019-08-03T00:56:47.729" intervalms="6.597" />
<gc-start id="560" type="scavenge" contextid="559" timestamp="2019-08-03T00:56:47.729">
  <mem-info id="561" free="1027464" total="8781824" percent="11">
    <mem type="nursery" free="0" total="2490368" percent="0">
      <mem type="allocate" free="0" total="1245184" percent="0" />
      <mem type="survivor" free="0" total="1245184" percent="0" />
    </mem>
    <mem type="tenure" free="1027464" total="6291456" percent="16">
      <mem type="soa" free="713096" total="5977088" percent="11" />
      <mem type="loa" free="314368" total="314368" percent="100" />
    </mem>
    <remembered-set count="2896" />
  </mem-info>
</gc-start>
<allocation-stats totalBytes="812256" >
  <allocated-bytes non-tlh="16" tlh="812240" />
  <largest-consumer threadName="main" threadId="0000000001A4DA00" bytes="812256" />
</allocation-stats>
<gc-op id="562" type="scavenge" timems="0.595" contextid="559" timestamp="2019-08-03T00:56:47.730">
  <scavenger-info tenureage="3" tenuremask="ffc8" tiltratio="50" />
  <memory-copied type="nursery" objects="4731" bytes="351016" bytesdiscarded="109448" />
  <memory-copied type="tenure" objects="351" bytes="44472" bytesdiscarded="0" />
  <references type="soft" candidates="60" cleared="0" enqueued="0" dynamicThreshold="32" maxThreshold="32" />
  <references type="weak" candidates="38" cleared="0" enqueued="0" />
  <references type="phantom" candidates="1" cleared="0" enqueued="0" />
</gc-op>
<gc-end id="563" type="scavenge" contextid="559" durationms="0.792" usertimems="4.000" systemtimems="0.000" timestamp="2019-08-03T00:56:47.730" activeThreads="8">
  <mem-info id="564" free="1779448" total="8781824" percent="20">
    <mem type="nursery" free="784648" total="2490368" percent="31">
      <mem type="allocate" free="784648" total="1245184" percent="63" />
      <mem type="survivor" free="0" total="1245184" percent="0" />
    </mem>
    <mem type="tenure" free="994800" total="6291456" percent="15">
      <mem type="soa" free="680432" total="5977088" percent="11" />
      <mem type="loa" free="314368" total="314368" percent="100" />
    </mem>
    <remembered-set count="2762" />
  </mem-info>
</gc-end>
<cycle-end id="565" type="scavenge" contextid="559" timestamp="2019-08-03T00:56:47.730" />
  <attribute name="elasticGC enabled" value="1" />
  <attribute name= "numThreadsSpecified" value="7" />
  <attribute name="heapSize specified" value="0" />
  <attribute name= "numCores" value="8" />
  <attribute name ="GC Interval" value="500" />
  <attribute name ="Control flow" value="2" />
  <attribute name="GC Util Range Max" value="15" />
  <attribute name="Current GC Util" value="20" />
  <attribute name= "Current Time Running" value="6741" />
<allocation-satisfied id="566" threadId="0000000001A4DA00" bytesRequested="32" />
<af-end id="567" timestamp="2019-08-03T00:56:47.730" threadId="0000000001A4E388" success="true" from="nursery"/>
<exclusive-end id="568" timestamp="2019-08-03T00:56:47.730" durationms="1.221" />

<exclusive-start id="569" timestamp="2019-08-03T00:56:47.737" intervalms="7.921">
  <response-info timems="0.084" idlems="0.084" threads="0" lastid="0000000001A4DA00" lastname="main" />
</exclusive-start>
<af-start id="570" threadId="0000000001A4E388" totalBytesRequested="64" timestamp="2019-08-03T00:56:47.737" intervalms="7.964" type="nursery" />
<cycle-start id="571" type="scavenge" contextid="0" timestamp="2019-08-03T00:56:47.737" intervalms="8.002" />
<gc-start id="572" type="scavenge" contextid="571" timestamp="2019-08-03T00:56:47.737">
  <mem-info id="573" free="993904" total="8781824" percent="11">
    <mem type="nursery" free="0" total="2490368" percent="0">
      <mem type="allocate" free="0" total="1245184" percent="0" />
      <mem type="survivor" free="0" total="1245184" percent="0" />
    </mem>
    <mem type="tenure" free="993904" total="6291456" percent="15">
      <mem type="soa" free="679536" total="5977088" percent="11" />
      <mem type="loa" free="314368" total="314368" percent="100" />
    </mem>
    <remembered-set count="2775" />
  </mem-info>
</gc-start>
<allocation-stats totalBytes="785400" >
  <allocated-bytes non-tlh="928" tlh="784472" />
  <largest-consumer threadName="main" threadId="0000000001A4DA00" bytes="785400" />
</allocation-stats>
<gc-op id="574" type="scavenge" timems="0.647" contextid="571" timestamp="2019-08-03T00:56:47.738">
  <scavenger-info tenureage="3" tenuremask="ffe8" tiltratio="50" />
  <memory-copied type="nursery" objects="3569" bytes="140896" bytesdiscarded="48016" />
  <memory-copied type="tenure" objects="2132" bytes="257992" bytesdiscarded="0" />
  <references type="weak" candidates="24" cleared="0" enqueued="0" />
</gc-op>
<gc-end id="575" type="scavenge" contextid="571" durationms="0.848" usertimems="0.000" systemtimems="0.000" timestamp="2019-08-03T00:56:47.738" activeThreads="8">
  <mem-info id="576" free="2003640" total="8781824" percent="22">
    <mem type="nursery" free="1187328" total="2490368" percent="47">
      <mem type="allocate" free="1187328" total="1376256" percent="86" />
      <mem type="survivor" free="0" total="1114112" percent="0" />
    </mem>
    <mem type="tenure" free="816312" total="6291456" percent="12">
      <mem type="soa" free="501944" total="5977088" percent="8" />
      <mem type="loa" free="314368" total="314368" percent="100" />
    </mem>
    <remembered-set count="467" />
  </mem-info>
</gc-end>
<cycle-end id="577" type="scavenge" contextid="571" timestamp="2019-08-03T00:56:47.738" />
  <attribute name="elasticGC enabled" value="1" />
  <attribute name= "numThreadsSpecified" value="7" />
  <attribute name="heapSize specified" value="0" />
  <attribute name= "numCores" value="8" />
  <attribute name ="GC Interval" value="600" />
  <attribute name ="Control flow" value="2" />
  <attribute name="GC Util Range Max" value="15" />
  <attribute name="Current GC Util" value="14" />
  <attribute name= "Current Time Running" value="6749" />
<allocation-satisfied id="578" threadId="0000000001A4DA00" bytesRequested="64" />
<af-end id="579" timestamp="2019-08-03T00:56:47.738" threadId="0000000001A4E388" success="true" from="nursery"/>
<exclusive-end id="580" timestamp="2019-08-03T00:56:47.738" durationms="1.455" />

<exclusive-start id="581" timestamp="2019-08-03T00:56:47.751" intervalms="14.487">
  <response-info timems="0.070" idlems="0.070" threads="0" lastid="0000000001A4DA00" lastname="main" />
</exclusive-start>
<af-start id="582" threadId="0000000001A4E388" totalBytesRequested="32" timestamp="2019-08-03T00:56:47.751" intervalms="14.541" type="nursery" />
<cycle-start id="583" type="scavenge" contextid="0" timestamp="2019-08-03T00:56:47.752" intervalms="14.577" />
<gc-start id="584" type="scavenge" contextid="583" timestamp="2019-08-03T00:56:47.752">
  <mem-info id="585" free="812448" total="8781824" percent="9">
    <mem type="nursery" free="0" total="2490368" percent="0">
      <mem type="allocate" free="0" total="1376256" percent="0" />
      <mem type="survivor" free="0" total="1114112" percent="0" />
    </mem>
    <mem type="tenure" free="812448" total="6291456" percent="12">
      <mem type="soa" free="498080" total="5977088" percent="8" />
      <mem type="loa" free="314368" total="314368" percent="100" />
    </mem>
    <remembered-set count="622" />
  </mem-info>
</gc-start>
<allocation-stats totalBytes="1190736" >
  <allocated-bytes non-tlh="27200" tlh="1163536" />
  <largest-consumer threadName="main" threadId="0000000001A4DA00" bytes="1190736" />
</allocation-stats>
<gc-op id="586" type="scavenge" timems="0.490" contextid="583" timestamp="2019-08-03T00:56:47.752">
  <scavenger-info tenureage="3" tenuremask="ffe8" tiltratio="55" />
  <memory-copied type="nursery" objects="3676" bytes="149712" bytesdiscarded="75152" />
  <memory-copied type="tenure" objects="1253" bytes="42824" bytesdiscarded="0" />
  <references type="weak" candidates="38" cleared="0" enqueued="0" />
</gc-op>
<gc-end id="587" type="scavenge" contextid="583" durationms="0.876" usertimems="0.000" systemtimems="0.000" timestamp="2019-08-03T00:56:47.753" activeThreads="8">
  <mem-info id="588" free="2112800" total="8781824" percent="24">
    <mem type="nursery" free="1347968" total="2490368" percent="54">
      <mem type="allocate" free="1347968" total="1572864" percent="85" />
      <mem type="survivor" free="0" total="917504" percent="0" />
    </mem>
    <mem type="tenure" free="764832" total="6291456" percent="12">
      <mem type="soa" free="450464" total="5977088" percent="7" />
      <mem type="loa" free="314368" total="314368" percent="100" />
    </mem>
    <remembered-set count="515" />
  </mem-info>
</gc-end>
<cycle-end id="589" type="scavenge" contextid="583" timestamp="2019-08-03T00:56:47.753" />
  <attribute name="elasticGC enabled" value="1" />
  <attribute name= "numThreadsSpecified" value="7" />
  <attribute name="heapSize specified" value="0" />
  <attribute name= "numCores" value="8" />
  <attribute name ="GC Interval" value="600" />
  <attribute name ="Control flow" value="1" />
  <attribute name="GC Util Range Max" value="15" />
  <attribute name="Current GC Util" value="8" />
  <attribute name= "Current Time Running" value="6764" />
<allocation-satisfied id="590" threadId="0000000001A4DA00" bytesRequested="32" />
<af-end id="591" timestamp="2019-08-03T00:56:47.753" threadId="0000000001A4E388" success="true" from="nursery"/>
<exclusive-end id="592" timestamp="2019-08-03T00:56:47.753" durationms="1.685" />

<exclusive-start id="593" timestamp="2019-08-03T00:56:47.762" intervalms="10.901">
  <response-info timems="0.072" idlems="0.072" threads="0" lastid="0000000001A4DA00" lastname="main" />
</exclusive-start>
<af-start id="594" threadId="0000000001A4E388" totalBytesRequested="32" timestamp="2019-08-03T00:56:47.762" intervalms="10.814" type="nursery" />
<cycle-start id="595" type="scavenge" contextid="0" timestamp="2019-08-03T00:56:47.762" intervalms="10.748" />
<gc-start id="596" type="scavenge" contextid="595" timestamp="2019-08-03T00:56:47.762">
  <mem-info id="597" free="764832" total="8781824" percent="8">
    <mem type="nursery" free="0" total="2490368" percent="0">
      <mem type="allocate" free="0" total="1572864" percent="0" />
      <mem type="survivor" free="0" total="917504" percent="0" />
    </mem>
    <mem type="tenure" free="764832" total="6291456" percent="12">
      <mem type="soa" free="450464" total="5977088" percent="7" />
      <mem type="loa" free="314368" total="314368" percent="100" />
    </mem>
    <remembered-set count="714" />
  </mem-info>
</gc-start>
<allocation-stats totalBytes="1347832" >
  <allocated-bytes non-tlh="32" tlh="1347800" />
  <largest-consumer threadName="main" threadId="0000000001A4DA00" bytes="1347832" />
</allocation-stats>
<gc-op id="598" type="scavenge" timems="0.531" contextid="595" timestamp="2019-08-03T00:56:47.763">
  <scavenger-info tenureage="3" tenuremask="ffe8" tiltratio="63" />
  <memory-copied type="nursery" objects="4788" bytes="187528" bytesdiscarded="18280" />
  <memory-copied type="tenure" objects="1260" bytes="47248" bytesdiscarded="16" />
  <references type="weak" candidates="38" cleared="0" enqueued="0" />
</gc-op>
<gc-end id="599" type="scavenge" contextid="595" durationms="0.792" usertimems="0.000" systemtimems="0.000" timestamp="2019-08-03T00:56:47.763" activeThreads="7">
  <mem-info id="600" free="2199968" total="8781824" percent="25">
    <mem type="nursery" free="1498112" total="2490368" percent="60">
      <mem type="allocate" free="1498112" total="1703936" percent="87" />
      <mem type="survivor" free="0" total="786432" percent="0" />
    </mem>
    <mem type="tenure" free="701856" total="6291456" percent="11">
      <mem type="soa" free="387488" total="5977088" percent="6" />
      <mem type="loa" free="314368" total="314368" percent="100" />
    </mem>
    <remembered-set count="552" />
  </mem-info>
</gc-end>
<cycle-end id="601" type="scavenge" contextid="595" timestamp="2019-08-03T00:56:47.763" />
  <attribute name="elasticGC enabled" value="1" />
  <attribute name= "numThreadsSpecified" value="7" />
  <attribute name="heapSize specified" value="0" />
  <attribute name= "numCores" value="8" />
  <attribute name ="GC Interval" value="600" />
  <attribute name ="Control flow" value="2" />
  <attribute name="GC Util Range Max" value="15" />
  <attribute name="Current GC Util" value="9" />
  <attribute name= "Current Time Running" value="6775" />
<allocation-satisfied id="602" threadId="0000000001A4DA00" bytesRequested="32" />
<af-end id="603" timestamp="2019-08-03T00:56:47.764" threadId="0000000001A4E388" success="true" from="nursery"/>
<exclusive-end id="604" timestamp="2019-08-03T00:56:47.764" durationms="1.402" />

<exclusive-start id="605" timestamp="2019-08-03T00:56:47.773" intervalms="10.807">
  <response-info timems="0.085" idlems="0.085" threads="0" lastid="0000000001A4DA00" lastname="main" />
</exclusive-start>
<af-start id="606" threadId="0000000001A4E388" totalBytesRequested="32" timestamp="2019-08-03T00:56:47.773" intervalms="10.850" type="nursery" />
<cycle-start id="607" type="scavenge" contextid="0" timestamp="2019-08-03T00:56:47.773" intervalms="10.887" />
<gc-start id="608" type="scavenge" contextid="607" timestamp="2019-08-03T00:56:47.773">
  <mem-info id="609" free="701856" total="8781824" percent="7">
    <mem type="nursery" free="0" total="2490368" percent="0">
      <mem type="allocate" free="0" total="1703936" percent="0" />
      <mem type="survivor" free="0" total="786432" percent="0" />
    </mem>
    <mem type="tenure" free="701856" total="6291456" percent="11">
      <mem type="soa" free="387488" total="5977088" percent="6" />
      <mem type="loa" free="314368" total="314368" percent="100" />
    </mem>
    <remembered-set count="760" />
  </mem-info>
</gc-start>
<allocation-stats totalBytes="1497904" >
  <allocated-bytes non-tlh="32" tlh="1497872" />
  <largest-consumer threadName="main" threadId="0000000001A4DA00" bytes="1497904" />
</allocation-stats>
<gc-op id="610" type="scavenge" timems="0.669" contextid="607" timestamp="2019-08-03T00:56:47.774">
  <scavenger-info tenureage="3" tenuremask="ffe8" tiltratio="68" />
  <memory-copied type="nursery" objects="5848" bytes="222712" bytesdiscarded="39160" />
  <memory-copied type="tenure" objects="980" bytes="47832" bytesdiscarded="40" />
  <references type="weak" candidates="38" cleared="0" enqueued="0" />
</gc-op>
<gc-end id="611" type="scavenge" contextid="607" durationms="0.864" usertimems="4.000" systemtimems="0.000" timestamp="2019-08-03T00:56:47.774" activeThreads="8">
  <mem-info id="612" free="2185632" total="8781824" percent="24">
    <mem type="nursery" free="1507584" total="2490368" percent="60">
      <mem type="allocate" free="1507584" total="1769472" percent="85" />
      <mem type="survivor" free="0" total="720896" percent="0" />
    </mem>
    <mem type="tenure" free="678048" total="6291456" percent="10">
      <mem type="soa" free="363680" total="5977088" percent="6" />
      <mem type="loa" free="314368" total="314368" percent="100" />
    </mem>
    <remembered-set count="633" />
  </mem-info>
</gc-end>
<cycle-end id="613" type="scavenge" contextid="607" timestamp="2019-08-03T00:56:47.774" />
  <attribute name="elasticGC enabled" value="1" />
  <attribute name= "numThreadsSpecified" value="7" />
  <attribute name="heapSize specified" value="0" />
  <attribute name= "numCores" value="8" />
  <attribute name ="GC Interval" value="600" />
  <attribute name ="Control flow" value="2" />
  <attribute name="GC Util Range Max" value="15" />
  <attribute name="Current GC Util" value="9" />
  <attribute name= "Current Time Running" value="6785" />
<allocation-satisfied id="614" threadId="0000000001A4DA00" bytesRequested="32" />
<af-end id="615" timestamp="2019-08-03T00:56:47.774" threadId="0000000001A4E388" success="true" from="nursery"/>
<exclusive-end id="616" timestamp="2019-08-03T00:56:47.774" durationms="1.513" />

<exclusive-start id="617" timestamp="2019-08-03T00:56:47.786" intervalms="12.557">
  <response-info timems="0.090" idlems="0.090" threads="0" lastid="0000000001A4DA00" lastname="main" />
</exclusive-start>
<af-start id="618" threadId="0000000001A4E388" totalBytesRequested="32" timestamp="2019-08-03T00:56:47.786" intervalms="12.549" type="nursery" />
<cycle-start id="619" type="scavenge" contextid="0" timestamp="2019-08-03T00:56:47.786" intervalms="12.544" />
<gc-start id="620" type="scavenge" contextid="619" timestamp="2019-08-03T00:56:47.786">
  <mem-info id="621" free="676168" total="8781824" percent="7">
    <mem type="nursery" free="0" total="2490368" percent="0">
      <mem type="allocate" free="0" total="1769472" percent="0" />
      <mem type="survivor" free="0" total="720896" percent="0" />
    </mem>
    <mem type="tenure" free="676168" total="6291456" percent="10">
      <mem type="soa" free="361800" total="5977088" percent="6" />
      <mem type="loa" free="314368" total="314368" percent="100" />
    </mem>
    <remembered-set count="869" />
  </mem-info>
</gc-start>
<allocation-stats totalBytes="1508680" >
  <allocated-bytes non-tlh="1912" tlh="1506768" />
  <largest-consumer threadName="main" threadId="0000000001A4DA00" bytes="1508680" />
</allocation-stats>
<gc-op id="622" type="scavenge" timems="0.661" contextid="619" timestamp="2019-08-03T00:56:47.787">
  <scavenger-info tenureage="3" tenuremask="ffe8" tiltratio="71" />
  <memory-copied type="nursery" objects="6796" bytes="259288" bytesdiscarded="24856" />
  <memory-copied type="tenure" objects="1269" bytes="49512" bytesdiscarded="0" />
  <references type="weak" candidates="16" cleared="0" enqueued="0" />
</gc-op>
<gc-end id="623" type="scavenge" contextid="619" durationms="0.947" usertimems="4.000" systemtimems="0.000" timestamp="2019-08-03T00:56:47.787" activeThreads="8">
  <mem-info id="624" free="2203208" total="8781824" percent="25">
    <mem type="nursery" free="1550848" total="2490368" percent="62">
      <mem type="allocate" free="1550848" total="1835008" percent="84" />
      <mem type="survivor" free="0" total="655360" percent="0" />
    </mem>
    <mem type="tenure" free="652360" total="6291456" percent="10">
      <mem type="soa" free="337992" total="5977088" percent="5" />
      <mem type="loa" free="314368" total="314368" percent="100" />
    </mem>
    <remembered-set count="746" />
  </mem-info>
</gc-end>
<cycle-end id="625" type="scavenge" contextid="619" timestamp="2019-08-03T00:56:47.787" />
  <attribute name="elasticGC enabled" value="1" />
  <attribute name= "numThreadsSpecified" value="7" />
  <attribute name="heapSize specified" value="0" />
  <attribute name= "numCores" value="8" />
  <attribute name ="GC Interval" value="600" />
  <attribute name ="Control flow" value="1" />
  <attribute name="GC Util Range Max" value="15" />
  <attribute name="Current GC Util" value="8" />
  <attribute name= "Current Time Running" value="6798" />
<allocation-satisfied id="626" threadId="0000000001A4DA00" bytesRequested="32" />
<af-end id="627" timestamp="2019-08-03T00:56:47.787" threadId="0000000001A4E388" success="true" from="nursery"/>
<exclusive-end id="628" timestamp="2019-08-03T00:56:47.787" durationms="1.508" />

<exclusive-start id="629" timestamp="2019-08-03T00:56:47.801" intervalms="15.732">
  <response-info timems="0.077" idlems="0.077" threads="0" lastid="0000000001A4DA00" lastname="main" />
</exclusive-start>
<af-start id="630" threadId="0000000001A4E388" totalBytesRequested="56" timestamp="2019-08-03T00:56:47.801" intervalms="15.757" type="nursery" />
<cycle-start id="631" type="scavenge" contextid="0" timestamp="2019-08-03T00:56:47.802" intervalms="15.763" />
<gc-start id="632" type="scavenge" contextid="631" timestamp="2019-08-03T00:56:47.802">
  <mem-info id="633" free="652072" total="8781824" percent="7">
    <mem type="nursery" free="0" total="2490368" percent="0">
      <mem type="allocate" free="0" total="1835008" percent="0" />
      <mem type="survivor" free="0" total="655360" percent="0" />
    </mem>
    <mem type="tenure" free="652072" total="6291456" percent="10">
      <mem type="soa" free="337704" total="5977088" percent="5" />
      <mem type="loa" free="314368" total="314368" percent="100" />
    </mem>
    <remembered-set count="921" />
  </mem-info>
</gc-start>
<allocation-stats totalBytes="1550144" >
  <allocated-bytes non-tlh="320" tlh="1549824" />
  <largest-consumer threadName="main" threadId="0000000001A4DA00" bytes="1550144" />
</allocation-stats>
<gc-op id="634" type="scavenge" timems="0.748" contextid="631" timestamp="2019-08-03T00:56:47.803">
  <scavenger-info tenureage="3" tenuremask="ffe8" tiltratio="73" />
  <memory-copied type="nursery" objects="10079" bytes="425896" bytesdiscarded="134488" />
  <memory-copied type="tenure" objects="2209" bytes="80224" bytesdiscarded="56" />
  <references type="weak" candidates="16" cleared="0" enqueued="0" />
</gc-op>
<gc-end id="635" type="scavenge" contextid="631" durationms="1.196" usertimems="0.000" systemtimems="0.000" timestamp="2019-08-03T00:56:47.803" activeThreads="7">
  <mem-info id="636" free="1863712" total="8781824" percent="21">
    <mem type="nursery" free="1274616" total="2490368" percent="51">
      <mem type="allocate" free="1274616" total="1835008" percent="69" />
      <mem type="survivor" free="0" total="655360" percent="0" />
    </mem>
    <mem type="tenure" free="589096" total="6291456" percent="9">
      <mem type="soa" free="274728" total="5977088" percent="4" />
      <mem type="loa" free="314368" total="314368" percent="100" />
    </mem>
    <remembered-set count="743" />
  </mem-info>
</gc-end>
<cycle-end id="637" type="scavenge" contextid="631" timestamp="2019-08-03T00:56:47.803" />
  <attribute name="elasticGC enabled" value="1" />
  <attribute name= "numThreadsSpecified" value="7" />
  <attribute name="heapSize specified" value="0" />
  <attribute name= "numCores" value="8" />
  <attribute name ="GC Interval" value="600" />
  <attribute name ="Control flow" value="1" />
  <attribute name="GC Util Range Max" value="15" />
  <attribute name="Current GC Util" value="8" />
  <attribute name= "Current Time Running" value="6814" />
<allocation-satisfied id="638" threadId="0000000001A4DA00" bytesRequested="56" />
<af-end id="639" timestamp="2019-08-03T00:56:47.803" threadId="0000000001A4E388" success="true" from="nursery"/>
<exclusive-end id="640" timestamp="2019-08-03T00:56:47.803" durationms="1.943" />

<exclusive-start id="641" timestamp="2019-08-03T00:56:47.817" intervalms="15.751">
  <response-info timems="0.086" idlems="0.086" threads="0" lastid="0000000001A4DA00" lastname="main" />
</exclusive-start>
<af-start id="642" threadId="0000000001A4E388" totalBytesRequested="16" timestamp="2019-08-03T00:56:47.817" intervalms="15.752" type="nursery" />
<cycle-start id="643" type="scavenge" contextid="0" timestamp="2019-08-03T00:56:47.817" intervalms="15.753" />
<gc-start id="644" type="scavenge" contextid="643" timestamp="2019-08-03T00:56:47.817">
  <mem-info id="645" free="589096" total="8781824" percent="6">
    <mem type="nursery" free="0" total="2490368" percent="0">
      <mem type="allocate" free="0" total="1835008" percent="0" />
      <mem type="survivor" free="0" total="655360" percent="0" />
    </mem>
    <mem type="tenure" free="589096" total="6291456" percent="9">
      <mem type="soa" free="274728" total="5977088" percent="4" />
      <mem type="loa" free="314368" total="314368" percent="100" />
    </mem>
    <remembered-set count="753" />
  </mem-info>
</gc-start>
<allocation-stats totalBytes="1274240" >
  <allocated-bytes non-tlh="56" tlh="1274184" />
  <largest-consumer threadName="main" threadId="0000000001A4DA00" bytes="1274240" />
</allocation-stats>
<gc-op id="646" type="scavenge" timems="0.716" contextid="643" timestamp="2019-08-03T00:56:47.818">
  <scavenger-info tenureage="5" tenuremask="ffe0" tiltratio="73" />
  <memory-copied type="nursery" objects="12802" bytes="583496" bytesdiscarded="49016" />
  <references type="weak" candidates="16" cleared="0" enqueued="0" />
</gc-op>
<heap-resize id="647" type="expand" space="nursery" amount="131072" count="1" timems="0.015" reason="excessive time being spent scavenging" timestamp="2019-08-03T00:56:47.819" />
<gc-end id="648" type="scavenge" contextid="643" durationms="1.310" usertimems="4.000" systemtimems="0.000" timestamp="2019-08-03T00:56:47.819" activeThreads="7">
  <mem-info id="649" free="1660512" total="8912896" percent="18">
    <mem type="nursery" free="1071416" total="2621440" percent="40">
      <mem type="allocate" free="1071416" total="1703936" percent="62" />
      <mem type="survivor" free="0" total="917504" percent="0" />
    </mem>
    <mem type="tenure" free="589096" total="6291456" percent="9">
      <mem type="soa" free="274728" total="5977088" percent="4" />
      <mem type="loa" free="314368" total="314368" percent="100" />
    </mem>
    <remembered-set count="731" />
  </mem-info>
</gc-end>
<cycle-end id="650" type="scavenge" contextid="643" timestamp="2019-08-03T00:56:47.819" />
  <attribute name="elasticGC enabled" value="1" />
  <attribute name= "numThreadsSpecified" value="7" />
  <attribute name="heapSize specified" value="0" />
  <attribute name= "numCores" value="8" />
  <attribute name ="GC Interval" value="600" />
  <attribute name ="Control flow" value="1" />
  <attribute name="GC Util Range Max" value="15" />
  <attribute name="Current GC Util" value="9" />
  <attribute name= "Current Time Running" value="6830" />
<allocation-satisfied id="651" threadId="0000000001A4DA00" bytesRequested="16" />
<af-end id="652" timestamp="2019-08-03T00:56:47.819" threadId="0000000001A4E388" success="true" from="nursery"/>
<exclusive-end id="653" timestamp="2019-08-03T00:56:47.819" durationms="2.061" />

<exclusive-start id="654" timestamp="2019-08-03T00:56:47.838" intervalms="20.986">
  <response-info timems="0.024" idlems="0.024" threads="0" lastid="0000000001A4DA00" lastname="main" />
</exclusive-start>
<af-start id="655" threadId="0000000001A4E388" totalBytesRequested="208" timestamp="2019-08-03T00:56:47.838" intervalms="20.932" type="nursery" />
<cycle-start id="656" type="scavenge" contextid="0" timestamp="2019-08-03T00:56:47.838" intervalms="20.888" />
<gc-start id="657" type="scavenge" contextid="656" timestamp="2019-08-03T00:56:47.838">
  <mem-info id="658" free="551392" total="8912896" percent="6">
    <mem type="nursery" free="0" total="2621440" percent="0">
      <mem type="allocate" free="0" total="1703936" percent="0" />
      <mem type="survivor" free="0" total="917504" percent="0" />
    </mem>
    <mem type="tenure" free="551392" total="6291456" percent="8">
      <mem type="soa" free="237024" total="5977088" percent="3" />
      <mem type="loa" free="314368" total="314368" percent="100" />
    </mem>
    <remembered-set count="1067" />
  </mem-info>
</gc-start>
<allocation-stats totalBytes="1108128" >
  <allocated-bytes non-tlh="132872" tlh="975256" />
  <largest-consumer threadName="main" threadId="0000000001A4DA00" bytes="1108128" />
</allocation-stats>
<gc-op id="659" type="scavenge" timems="0.649" contextid="656" timestamp="2019-08-03T00:56:47.839">
  <scavenger-info tenureage="3" tenuremask="fff8" tiltratio="65" />
  <memory-copied type="nursery" objects="3837" bytes="188128" bytesdiscarded="62088" />
  <memory-copied type="tenure" objects="4160" bytes="168752" bytesdiscarded="296" />
  <references type="soft" candidates="175" cleared="0" enqueued="0" dynamicThreshold="32" maxThreshold="32" />
  <references type="weak" candidates="44" cleared="0" enqueued="0" />
</gc-op>
<gc-end id="660" type="scavenge" contextid="656" durationms="0.844" usertimems="0.000" systemtimems="0.000" timestamp="2019-08-03T00:56:47.839" activeThreads="7">
  <mem-info id="661" free="1939280" total="8912896" percent="21">
    <mem type="nursery" free="1584680" total="2621440" percent="60">
      <mem type="allocate" free="1584680" total="1835008" percent="86" />
      <mem type="survivor" free="0" total="786432" percent="0" />
    </mem>
    <mem type="tenure" free="354600" total="6291456" percent="5">
      <mem type="soa" free="40232" total="5977088" percent="0" />
      <mem type="loa" free="314368" total="314368" percent="100" />
    </mem>
    <remembered-set count="690" />
  </mem-info>
</gc-end>
<cycle-end id="662" type="scavenge" contextid="656" timestamp="2019-08-03T00:56:47.839" />
  <attribute name="elasticGC enabled" value="1" />
  <attribute name= "numThreadsSpecified" value="7" />
  <attribute name="heapSize specified" value="0" />
  <attribute name= "numCores" value="8" />
  <attribute name ="GC Interval" value="600" />
  <attribute name ="Control flow" value="1" />
  <attribute name="GC Util Range Max" value="15" />
  <attribute name="Current GC Util" value="7" />
  <attribute name= "Current Time Running" value="6850" />
<allocation-satisfied id="663" threadId="0000000001A4DA00" bytesRequested="208" />
<af-end id="664" timestamp="2019-08-03T00:56:47.839" threadId="0000000001A4E388" success="true" from="nursery"/>
<exclusive-end id="665" timestamp="2019-08-03T00:56:47.839" durationms="1.354" />

<concurrent-kickoff id="666" timestamp="2019-08-03T00:56:47.874">
  <kickoff reason="threshold reached" targetBytes="1867303" thresholdFreeBytes="258146"  remainingFree="188424" tenureFreeBytes="334768" nurseryFreeBytes="188424" />
</concurrent-kickoff>
<exclusive-start id="667" timestamp="2019-08-03T00:56:47.874" intervalms="36.376">
  <response-info timems="0.089" idlems="0.089" threads="0" lastid="0000000001A4DA00" lastname="main" />
</exclusive-start>
<cycle-start id="668" type="global" contextid="0" timestamp="2019-08-03T00:56:47.874" intervalms="7165.540" />
<exclusive-end id="669" timestamp="2019-08-03T00:56:47.875" durationms="0.267" />

<exclusive-start id="670" timestamp="2019-08-03T00:56:47.877" intervalms="2.184">
  <response-info timems="0.212" idlems="0.212" threads="0" lastid="0000000001A4DA00" lastname="main" />
</exclusive-start>
<af-start id="671" threadId="0000000001A4E388" totalBytesRequested="48" timestamp="2019-08-03T00:56:47.877" intervalms="38.579" type="nursery" />
<cycle-start id="672" type="scavenge" contextid="0" timestamp="2019-08-03T00:56:47.877" intervalms="38.664" />
<gc-start id="673" type="scavenge" contextid="672" timestamp="2019-08-03T00:56:47.877">
  <mem-info id="674" free="334768" total="8912896" percent="3">
    <mem type="nursery" free="0" total="2621440" percent="0">
      <mem type="allocate" free="0" total="1835008" percent="0" />
      <mem type="survivor" free="0" total="786432" percent="0" />
    </mem>
    <mem type="tenure" free="334768" total="6291456" percent="5">
      <mem type="soa" free="20400" total="5977088" percent="0" />
      <mem type="loa" free="314368" total="314368" percent="100" />
    </mem>
    <remembered-set count="971" />
  </mem-info>
</gc-start>
<allocation-stats totalBytes="1603576" >
  <allocated-bytes non-tlh="285592" tlh="1317984" />
  <largest-consumer threadName="main" threadId="0000000001A4DA00" bytes="1603576" />
</allocation-stats>
<gc-op id="675" type="scavenge" timems="0.808" contextid="672" timestamp="2019-08-03T00:56:47.878">
  <scavenger-info tenureage="6" tenuremask="ffc0" tiltratio="70" />
  <memory-copied type="nursery" objects="9517" bytes="747488" bytesdiscarded="38768" />
  <memory-copied type="tenure" objects="360" bytes="10376" bytesdiscarded="0" />
  <copy-failed type="nursery" objects="360" bytes="10376" />
  <references type="soft" candidates="224" cleared="0" enqueued="0" dynamicThreshold="32" maxThreshold="32" />
  <references type="weak" candidates="400" cleared="18" enqueued="12" />
  <references type="phantom" candidates="1" cleared="0" enqueued="0" />
</gc-op>
<gc-end id="676" type="scavenge" contextid="672" durationms="1.067" usertimems="0.000" systemtimems="0.000" timestamp="2019-08-03T00:56:47.878" activeThreads="8">
  <mem-info id="677" free="859056" total="8912896" percent="9">
    <mem type="nursery" free="524288" total="2621440" percent="20">
      <mem type="allocate" free="524288" total="1310720" percent="40" />
      <mem type="survivor" free="0" total="1310720" percent="0" />
    </mem>
    <mem type="tenure" free="334768" total="6291456" percent="5">
      <mem type="soa" free="20400" total="5977088" percent="0" />
      <mem type="loa" free="314368" total="314368" percent="100" />
    </mem>
    <pending-finalizers system="0" default="0" reference="12" classloader="0" />
    <remembered-set count="967" />
  </mem-info>
</gc-end>
<cycle-end id="678" type="scavenge" contextid="672" timestamp="2019-08-03T00:56:47.878" />
  <attribute name="elasticGC enabled" value="1" />
  <attribute name= "numThreadsSpecified" value="8" />
  <attribute name="heapSize specified" value="0" />
  <attribute name= "numCores" value="8" />
  <attribute name ="GC Interval" value="500" />
  <attribute name ="Control flow" value="2" />
  <attribute name="GC Util Range Max" value="15" />
  <attribute name="Current GC Util" value="3" />
  <attribute name= "Current Time Running" value="6889" />
<allocation-satisfied id="679" threadId="0000000001A4DA00" bytesRequested="48" />
<af-end id="680" timestamp="2019-08-03T00:56:47.878" threadId="0000000001A4E388" success="true" from="nursery"/>
<exclusive-end id="681" timestamp="2019-08-03T00:56:47.878" durationms="1.790" />

<exclusive-start id="682" timestamp="2019-08-03T00:56:47.882" intervalms="5.596">
  <response-info timems="0.058" idlems="0.058" threads="0" lastid="0000000001A4DA00" lastname="main" />
</exclusive-start>
<af-start id="683" threadId="0000000001A4E388" totalBytesRequested="48" timestamp="2019-08-03T00:56:47.882" intervalms="5.562" type="nursery" />
<percolate-collect id="684" from="nursery" to="global" reason="concurrent mark exhausted" timestamp="2019-08-03T00:56:47.882"/>
<gc-start id="685" type="global" contextid="668" timestamp="2019-08-03T00:56:47.882">
  <mem-info id="686" free="334768" total="8912896" percent="3">
    <mem type="nursery" free="0" total="2621440" percent="0">
      <mem type="allocate" free="0" total="1310720" percent="0" />
      <mem type="survivor" free="0" total="1310720" percent="0" />
    </mem>
    <mem type="tenure" free="334768" total="6291456" percent="5">
      <mem type="soa" free="20400" total="5977088" percent="0" />
      <mem type="loa" free="314368" total="314368" percent="100" />
    </mem>
    <remembered-set count="969" />
  </mem-info>
</gc-start>
<allocation-stats totalBytes="524184" >
  <allocated-bytes non-tlh="48" tlh="524136" />
  <largest-consumer threadName="main" threadId="0000000001A4DA00" bytes="520088" />
</allocation-stats>
<concurrent-halted id="687" timestamp="2019-08-03T00:56:47.883">
  <halted state="Complete" status="exhausted" />
  <traced bytesTarget="1867303" bytesTotal="1771016" bytesByMutator="263500" bytesByHelper="1507516" percent="94" />
  <cards cleaned="2" thresholdBytes="101693" />
</concurrent-halted>
<gc-op id="688" type="rs-scan" timems="0.253" contextid="668" timestamp="2019-08-03T00:56:47.883">
  <scan objectsFound="545" bytesTraced="39108" workStackOverflowCount="0" />
</gc-op>
<gc-op id="689" type="card-cleaning" timems="0.272" contextid="668" timestamp="2019-08-03T00:56:47.883">
  <card-cleaning cardsCleaned="0" bytesTraced="145052" workStackOverflowCount="0" />
</gc-op>
<gc-op id="690" type="mark" timems="1.878" contextid="668" timestamp="2019-08-03T00:56:47.885">
  <trace-info objectcount="5745" scancount="5291" scanbytes="247320" />
  <finalization candidates="80" enqueued="0" />
  <ownableSynchronizers candidates="21" cleared="0" />
  <references type="soft" candidates="1318" cleared="0" enqueued="0" dynamicThreshold="32" maxThreshold="32" />
  <references type="weak" candidates="4219" cleared="89" enqueued="50" />
  <references type="phantom" candidates="71" cleared="0" enqueued="0" />
  <stringconstants candidates="8285" cleared="0"  />
</gc-op>
<gc-op id="691" type="classunload" timems="0.088" contextid="668" timestamp="2019-08-03T00:56:47.886">
  <classunload-info classloadercandidates="14" classloadersunloaded="0" classesunloaded="0" anonymousclassesunloaded="0" quiescems="0.000" setupms="0.088" scanms="0.000" postms="0.000" />
</gc-op>
<gc-op id="692" type="sweep" timems="0.497" contextid="668" timestamp="2019-08-03T00:56:47.886" />
<gc-end id="693" type="global" contextid="668" durationms="4.469" usertimems="4.000" systemtimems="0.000" timestamp="2019-08-03T00:56:47.887" activeThreads="7">
  <mem-info id="694" free="2903440" total="8912896" percent="32">
    <mem type="nursery" free="605168" total="2621440" percent="23">
      <mem type="allocate" free="605168" total="1310720" percent="46" />
      <mem type="survivor" free="0" total="1310720" percent="0" />
    </mem>
    <mem type="tenure" free="2298272" total="6291456" percent="36" micro-fragmented="86095" macro-fragmented="0">
      <mem type="soa" free="1983904" total="5977088" percent="33" />
      <mem type="loa" free="314368" total="314368" percent="100" />
    </mem>
    <pending-finalizers system="0" default="0" reference="50" classloader="0" />
    <remembered-set count="696" />
  </mem-info>
</gc-end>
<cycle-end id="695" type="global" contextid="668" timestamp="2019-08-03T00:56:47.887" />
  <attribute name="elasticGC enabled" value="1" />
  <attribute name= "numThreadsSpecified" value="7" />
  <attribute name="heapSize specified" value="0" />
  <attribute name= "numCores" value="8" />
  <attribute name ="GC Interval" value="500" />
  <attribute name ="Control flow" value="1" />
  <attribute name="GC Util Range Max" value="15" />
  <attribute name="Current GC Util" value="65" />
  <attribute name= "Current Time Running" value="6898" />
<allocation-satisfied id="696" threadId="0000000001A4DA00" bytesRequested="48" />
<af-end id="697" timestamp="2019-08-03T00:56:47.887" threadId="0000000001A4E388" success="true" from="nursery"/>
<exclusive-end id="698" timestamp="2019-08-03T00:56:47.887" durationms="5.045" />

<exclusive-start id="699" timestamp="2019-08-03T00:56:47.889" intervalms="6.890">
  <response-info timems="0.035" idlems="0.035" threads="0" lastid="0000000001A4DA00" lastname="main" />
</exclusive-start>
<af-start id="700" threadId="0000000001A4E388" totalBytesRequested="24" timestamp="2019-08-03T00:56:47.889" intervalms="6.888" type="nursery" />
<cycle-start id="701" type="scavenge" contextid="0" timestamp="2019-08-03T00:56:47.889" intervalms="12.362" />
<gc-start id="702" type="scavenge" contextid="701" timestamp="2019-08-03T00:56:47.889">
  <mem-info id="703" free="2298272" total="8912896" percent="25">
    <mem type="nursery" free="0" total="2621440" percent="0">
      <mem type="allocate" free="0" total="1310720" percent="0" />
      <mem type="survivor" free="0" total="1310720" percent="0" />
    </mem>
    <mem type="tenure" free="2298272" total="6291456" percent="36">
      <mem type="soa" free="1983904" total="5977088" percent="33" />
      <mem type="loa" free="314368" total="314368" percent="100" />
    </mem>
    <remembered-set count="746" />
  </mem-info>
</gc-start>
<allocation-stats totalBytes="604152" >
  <allocated-bytes non-tlh="48" tlh="604104" />
  <largest-consumer threadName="main" threadId="0000000001A4DA00" bytes="599312" />
</allocation-stats>
<gc-op id="704" type="scavenge" timems="0.611" contextid="701" timestamp="2019-08-03T00:56:47.890">
  <scavenger-info tenureage="3" tenuremask="fff8" tiltratio="50" />
  <memory-copied type="nursery" objects="10072" bytes="722104" bytesdiscarded="71360" />
  <ownableSynchronizers candidates="42" cleared="42" />
  <references type="soft" candidates="224" cleared="0" enqueued="0" dynamicThreshold="11" maxThreshold="32" />
  <references type="weak" candidates="380" cleared="0" enqueued="0" />
  <references type="phantom" candidates="1" cleared="0" enqueued="0" />
</gc-op>
<gc-end id="705" type="scavenge" contextid="701" durationms="0.792" usertimems="4.000" systemtimems="0.000" timestamp="2019-08-03T00:56:47.890" activeThreads="6">
  <mem-info id="706" free="2815392" total="8912896" percent="31">
    <mem type="nursery" free="517120" total="2621440" percent="19">
      <mem type="allocate" free="517120" total="1310720" percent="39" />
      <mem type="survivor" free="0" total="1310720" percent="0" />
    </mem>
    <mem type="tenure" free="2298272" total="6291456" percent="36">
      <mem type="soa" free="1983904" total="5977088" percent="33" />
      <mem type="loa" free="314368" total="314368" percent="100" />
    </mem>
    <remembered-set count="444" />
  </mem-info>
</gc-end>
<cycle-end id="707" type="scavenge" contextid="701" timestamp="2019-08-03T00:56:47.890" />
  <attribute name="elasticGC enabled" value="1" />
  <attribute name= "numThreadsSpecified" value="6" />
  <attribute name="heapSize specified" value="0" />
  <attribute name= "numCores" value="8" />
  <attribute name ="GC Interval" value="600" />
  <attribute name ="Control flow" value="2" />
  <attribute name="GC Util Range Max" value="15" />
  <attribute name="Current GC Util" value="188" />
  <attribute name= "Current Time Running" value="6901" />
<allocation-satisfied id="708" threadId="0000000001A4DA00" bytesRequested="24" />
<af-end id="709" timestamp="2019-08-03T00:56:47.890" threadId="0000000001A4E388" success="true" from="nursery"/>
<exclusive-end id="710" timestamp="2019-08-03T00:56:47.890" durationms="1.212" />

<exclusive-start id="711" timestamp="2019-08-03T00:56:47.892" intervalms="2.906">
  <response-info timems="0.034" idlems="0.034" threads="0" lastid="0000000001A4DA00" lastname="main" />
</exclusive-start>
<af-start id="712" threadId="0000000001A4E388" totalBytesRequested="40" timestamp="2019-08-03T00:56:47.892" intervalms="2.902" type="nursery" />
<cycle-start id="713" type="scavenge" contextid="0" timestamp="2019-08-03T00:56:47.892" intervalms="2.901" />
<gc-start id="714" type="scavenge" contextid="713" timestamp="2019-08-03T00:56:47.892">
  <mem-info id="715" free="2298272" total="8912896" percent="25">
    <mem type="nursery" free="0" total="2621440" percent="0">
      <mem type="allocate" free="0" total="1310720" percent="0" />
      <mem type="survivor" free="0" total="1310720" percent="0" />
    </mem>
    <mem type="tenure" free="2298272" total="6291456" percent="36">
      <mem type="soa" free="1983904" total="5977088" percent="33" />
      <mem type="loa" free="314368" total="314368" percent="100" />
    </mem>
    <remembered-set count="444" />
  </mem-info>
</gc-start>
<allocation-stats totalBytes="517072" >
  <allocated-bytes non-tlh="24" tlh="517048" />
  <largest-consumer threadName="main" threadId="0000000001A4DA00" bytes="517072" />
</allocation-stats>
<gc-op id="716" type="scavenge" timems="0.599" contextid="713" timestamp="2019-08-03T00:56:47.893">
  <scavenger-info tenureage="6" tenuremask="ffc0" tiltratio="50" />
  <memory-copied type="nursery" objects="11075" bytes="760672" bytesdiscarded="133400" />
  <references type="soft" candidates="224" cleared="0" enqueued="0" dynamicThreshold="11" maxThreshold="32" />
  <references type="weak" candidates="380" cleared="0" enqueued="0" />
  <references type="phantom" candidates="1" cleared="0" enqueued="0" />
</gc-op>
<gc-end id="717" type="scavenge" contextid="713" durationms="0.779" usertimems="0.000" systemtimems="0.000" timestamp="2019-08-03T00:56:47.893" activeThreads="8">
  <mem-info id="718" free="2976928" total="8912896" percent="33">
    <mem type="nursery" free="678656" total="2621440" percent="25">
      <mem type="allocate" free="678656" total="1572864" percent="43" />
      <mem type="survivor" free="0" total="1048576" percent="0" />
    </mem>
    <mem type="tenure" free="2298272" total="6291456" percent="36">
      <mem type="soa" free="1983904" total="5977088" percent="33" />
      <mem type="loa" free="314368" total="314368" percent="100" />
    </mem>
    <remembered-set count="243" />
  </mem-info>
</gc-end>
<cycle-end id="719" type="scavenge" contextid="713" timestamp="2019-08-03T00:56:47.893" />
  <attribute name="elasticGC enabled" value="1" />
  <attribute name= "numThreadsSpecified" value="6" />
  <attribute name="heapSize specified" value="0" />
  <attribute name= "numCores" value="8" />
  <attribute name ="GC Interval" value="700" />
  <attribute name ="Control flow" value="1" />
  <attribute name="GC Util Range Max" value="15" />
  <attribute name="Current GC Util" value="55" />
  <attribute name= "Current Time Running" value="6904" />
<allocation-satisfied id="720" threadId="0000000001A4DA00" bytesRequested="40" />
<af-end id="721" timestamp="2019-08-03T00:56:47.893" threadId="0000000001A4E388" success="true" from="nursery"/>
<exclusive-end id="722" timestamp="2019-08-03T00:56:47.893" durationms="1.190" />

<exclusive-start id="723" timestamp="2019-08-03T00:56:47.895" intervalms="3.404">
  <response-info timems="0.028" idlems="0.028" threads="0" lastid="0000000001A4DA00" lastname="main" />
</exclusive-start>
<af-start id="724" threadId="0000000001A4E388" totalBytesRequested="48" timestamp="2019-08-03T00:56:47.895" intervalms="3.410" type="nursery" />
<cycle-start id="725" type="scavenge" contextid="0" timestamp="2019-08-03T00:56:47.896" intervalms="3.449" />
<gc-start id="726" type="scavenge" contextid="725" timestamp="2019-08-03T00:56:47.896">
  <mem-info id="727" free="2298272" total="8912896" percent="25">
    <mem type="nursery" free="0" total="2621440" percent="0">
      <mem type="allocate" free="0" total="1572864" percent="0" />
      <mem type="survivor" free="0" total="1048576" percent="0" />
    </mem>
    <mem type="tenure" free="2298272" total="6291456" percent="36">
      <mem type="soa" free="1983904" total="5977088" percent="33" />
      <mem type="loa" free="314368" total="314368" percent="100" />
    </mem>
    <remembered-set count="243" />
  </mem-info>
</gc-start>
<allocation-stats totalBytes="678408" >
  <allocated-bytes non-tlh="40" tlh="678368" />
  <largest-consumer threadName="main" threadId="0000000001A4DA00" bytes="678408" />
</allocation-stats>
<gc-op id="728" type="scavenge" timems="0.639" contextid="725" timestamp="2019-08-03T00:56:47.896">
  <scavenger-info tenureage="3" tenuremask="fff8" tiltratio="60" />
  <memory-copied type="nursery" objects="4341" bytes="162400" bytesdiscarded="309920" />
  <memory-copied type="tenure" objects="8057" bytes="646624" bytesdiscarded="1192" />
</gc-op>
<gc-end id="729" type="scavenge" contextid="725" durationms="0.829" usertimems="4.000" systemtimems="0.000" timestamp="2019-08-03T00:56:47.896" activeThreads="5">
  <mem-info id="730" free="2642432" total="8912896" percent="29">
    <mem type="nursery" free="1166080" total="2621440" percent="44">
      <mem type="allocate" free="1166080" total="1638400" percent="71" />
      <mem type="survivor" free="0" total="983040" percent="0" />
    </mem>
    <mem type="tenure" free="1476352" total="6291456" percent="23">
      <mem type="soa" free="1161984" total="5977088" percent="19" />
      <mem type="loa" free="314368" total="314368" percent="100" />
    </mem>
    <remembered-set count="491" />
  </mem-info>
</gc-end>
<cycle-end id="731" type="scavenge" contextid="725" timestamp="2019-08-03T00:56:47.897" />
  <attribute name="elasticGC enabled" value="1" />
  <attribute name= "numThreadsSpecified" value="5" />
  <attribute name="heapSize specified" value="0" />
  <attribute name= "numCores" value="8" />
  <attribute name ="GC Interval" value="700" />
  <attribute name ="Control flow" value="1" />
  <attribute name="GC Util Range Max" value="15" />
  <attribute name="Current GC Util" value="48" />
  <attribute name= "Current Time Running" value="6908" />
<allocation-satisfied id="732" threadId="0000000001A4DA00" bytesRequested="48" />
<af-end id="733" timestamp="2019-08-03T00:56:47.897" threadId="0000000001A4E388" success="true" from="nursery"/>
<exclusive-end id="734" timestamp="2019-08-03T00:56:47.897" durationms="1.326" />

<exclusive-start id="735" timestamp="2019-08-03T00:56:47.903" intervalms="8.095">
  <response-info timems="0.053" idlems="0.053" threads="0" lastid="0000000001A4DA00" lastname="main" />
</exclusive-start>
<af-start id="736" threadId="0000000001A4E388" totalBytesRequested="23280" timestamp="2019-08-03T00:56:47.904" intervalms="8.123" type="nursery" />
<cycle-start id="737" type="scavenge" contextid="0" timestamp="2019-08-03T00:56:47.904" intervalms="8.116" />
<gc-start id="738" type="scavenge" contextid="737" timestamp="2019-08-03T00:56:47.904">
  <mem-info id="739" free="1474192" total="8912896" percent="16">
    <mem type="nursery" free="0" total="2621440" percent="0">
      <mem type="allocate" free="0" total="1638400" percent="0" />
      <mem type="survivor" free="0" total="983040" percent="0" />
    </mem>
    <mem type="tenure" free="1474192" total="6291456" percent="23">
      <mem type="soa" free="1159824" total="5977088" percent="19" />
      <mem type="loa" free="314368" total="314368" percent="100" />
    </mem>
    <remembered-set count="675" />
  </mem-info>
</gc-start>
<allocation-stats totalBytes="1160408" >
  <allocated-bytes non-tlh="2208" tlh="1158200" />
  <largest-consumer threadName="main" threadId="0000000001A4DA00" bytes="1160408" />
</allocation-stats>
<gc-op id="740" type="scavenge" timems="0.673" contextid="737" timestamp="2019-08-03T00:56:47.905">
  <scavenger-info tenureage="3" tenuremask="ffc8" tiltratio="62" />
  <memory-copied type="nursery" objects="4158" bytes="195144" bytesdiscarded="66376" />
  <memory-copied type="tenure" objects="1845" bytes="70136" bytesdiscarded="16" />
  <references type="weak" candidates="15" cleared="0" enqueued="0" />
  <references type="phantom" candidates="1" cleared="0" enqueued="0" />
</gc-op>
<gc-end id="741" type="scavenge" contextid="737" durationms="0.934" usertimems="4.000" systemtimems="0.000" timestamp="2019-08-03T00:56:47.905" activeThreads="4">
  <mem-info id="742" free="2958328" total="8912896" percent="33">
    <mem type="nursery" free="1507944" total="2621440" percent="57">
      <mem type="allocate" free="1507944" total="1769472" percent="85" />
      <mem type="survivor" free="0" total="851968" percent="0" />
    </mem>
    <mem type="tenure" free="1450384" total="6291456" percent="23">
      <mem type="soa" free="1136016" total="5977088" percent="19" />
      <mem type="loa" free="314368" total="314368" percent="100" />
    </mem>
    <remembered-set count="502" />
  </mem-info>
</gc-end>
<cycle-end id="743" type="scavenge" contextid="737" timestamp="2019-08-03T00:56:47.905" />
  <attribute name="elasticGC enabled" value="1" />
  <attribute name= "numThreadsSpecified" value="4" />
  <attribute name="heapSize specified" value="0" />
  <attribute name= "numCores" value="8" />
  <attribute name ="GC Interval" value="700" />
  <attribute name ="Control flow" value="1" />
  <attribute name="GC Util Range Max" value="15" />
  <attribute name="Current GC Util" value="20" />
  <attribute name= "Current Time Running" value="6916" />
<allocation-satisfied id="744" threadId="0000000001A4DA00" bytesRequested="23280" />
<af-end id="745" timestamp="2019-08-03T00:56:47.905" threadId="0000000001A4E388" success="true" from="nursery"/>
<exclusive-end id="746" timestamp="2019-08-03T00:56:47.905" durationms="1.519" />

<exclusive-start id="747" timestamp="2019-08-03T00:56:47.909" intervalms="5.621">
  <response-info timems="0.028" idlems="0.028" threads="0" lastid="0000000001A4DA00" lastname="main" />
</exclusive-start>
<af-start id="748" threadId="0000000001A4E388" totalBytesRequested="32" timestamp="2019-08-03T00:56:47.909" intervalms="5.596" type="nursery" />
<cycle-start id="749" type="scavenge" contextid="0" timestamp="2019-08-03T00:56:47.909" intervalms="5.593" />
<gc-start id="750" type="scavenge" contextid="749" timestamp="2019-08-03T00:56:47.909">
  <mem-info id="751" free="1450200" total="8912896" percent="16">
    <mem type="nursery" free="0" total="2621440" percent="0">
      <mem type="allocate" free="0" total="1769472" percent="0" />
      <mem type="survivor" free="0" total="851968" percent="0" />
    </mem>
    <mem type="tenure" free="1450200" total="6291456" percent="23">
      <mem type="soa" free="1135832" total="5977088" percent="19" />
      <mem type="loa" free="314368" total="314368" percent="100" />
    </mem>
    <remembered-set count="714" />
  </mem-info>
</gc-start>
<allocation-stats totalBytes="1507904" >
  <allocated-bytes non-tlh="23464" tlh="1484440" />
  <largest-consumer threadName="main" threadId="0000000001A4DA00" bytes="1507904" />
</allocation-stats>
<gc-op id="752" type="scavenge" timems="0.518" contextid="749" timestamp="2019-08-03T00:56:47.910">
  <scavenger-info tenureage="3" tenuremask="ffe8" tiltratio="67" />
  <memory-copied type="nursery" objects="5353" bytes="197392" bytesdiscarded="49280" />
  <memory-copied type="tenure" objects="1112" bytes="41624" bytesdiscarded="112" />
  <references type="weak" candidates="18" cleared="0" enqueued="0" />
</gc-op>
<gc-end id="753" type="scavenge" contextid="749" durationms="0.846" usertimems="0.000" systemtimems="0.000" timestamp="2019-08-03T00:56:47.910" activeThreads="3">
  <mem-info id="754" free="3071288" total="8912896" percent="34">
    <mem type="nursery" free="1653856" total="2621440" percent="63">
      <mem type="allocate" free="1653856" total="1900544" percent="87" />
      <mem type="survivor" free="0" total="720896" percent="0" />
    </mem>
    <mem type="tenure" free="1417432" total="6291456" percent="22">
      <mem type="soa" free="1103064" total="5977088" percent="18" />
      <mem type="loa" free="314368" total="314368" percent="100" />
    </mem>
    <remembered-set count="615" />
  </mem-info>
</gc-end>
<cycle-end id="755" type="scavenge" contextid="749" timestamp="2019-08-03T00:56:47.910" />
  <attribute name="elasticGC enabled" value="1" />
  <attribute name= "numThreadsSpecified" value="3" />
  <attribute name="heapSize specified" value="0" />
  <attribute name= "numCores" value="8" />
  <attribute name ="GC Interval" value="700" />
  <attribute name ="Control flow" value="1" />
  <attribute name="GC Util Range Max" value="15" />
  <attribute name="Current GC Util" value="18" />
  <attribute name= "Current Time Running" value="6922" />
<allocation-satisfied id="756" threadId="0000000001A4DA00" bytesRequested="32" />
<af-end id="757" timestamp="2019-08-03T00:56:47.910" threadId="0000000001A4E388" success="true" from="nursery"/>
<exclusive-end id="758" timestamp="2019-08-03T00:56:47.910" durationms="1.360" />

<exclusive-start id="759" timestamp="2019-08-03T00:56:47.922" intervalms="12.682">
  <response-info timems="0.038" idlems="0.038" threads="0" lastid="0000000001A4DA00" lastname="main" />
</exclusive-start>
<af-start id="760" threadId="0000000001A4E388" totalBytesRequested="64" timestamp="2019-08-03T00:56:47.922" intervalms="12.727" type="nursery" />
<cycle-start id="761" type="scavenge" contextid="0" timestamp="2019-08-03T00:56:47.922" intervalms="12.758" />
<gc-start id="762" type="scavenge" contextid="761" timestamp="2019-08-03T00:56:47.922">
  <mem-info id="763" free="1417224" total="8912896" percent="15">
    <mem type="nursery" free="0" total="2621440" percent="0">
      <mem type="allocate" free="0" total="1900544" percent="0" />
      <mem type="survivor" free="0" total="720896" percent="0" />
    </mem>
    <mem type="tenure" free="1417224" total="6291456" percent="22">
      <mem type="soa" free="1102856" total="5977088" percent="18" />
      <mem type="loa" free="314368" total="314368" percent="100" />
    </mem>
    <remembered-set count="802" />
  </mem-info>
</gc-start>
<allocation-stats totalBytes="1653336" >
  <allocated-bytes non-tlh="240" tlh="1653096" />
  <largest-consumer threadName="main" threadId="0000000001A4DA00" bytes="1653336" />
</allocation-stats>
<gc-op id="764" type="scavenge" timems="0.483" contextid="761" timestamp="2019-08-03T00:56:47.923">
  <scavenger-info tenureage="3" tenuremask="ffe8" tiltratio="72" />
  <memory-copied type="nursery" objects="8866" bytes="377272" bytesdiscarded="53320" />
  <memory-copied type="tenure" objects="1302" bytes="48320" bytesdiscarded="128" />
  <references type="weak" candidates="18" cleared="0" enqueued="0" />
</gc-op>
<gc-end id="765" type="scavenge" contextid="761" durationms="0.711" usertimems="0.000" systemtimems="0.000" timestamp="2019-08-03T00:56:47.923" activeThreads="3">
  <mem-info id="766" free="2861192" total="8912896" percent="32">
    <mem type="nursery" free="1469944" total="2621440" percent="56">
      <mem type="allocate" free="1469944" total="1900544" percent="77" />
      <mem type="survivor" free="0" total="720896" percent="0" />
    </mem>
    <mem type="tenure" free="1391248" total="6291456" percent="22">
      <mem type="soa" free="1076880" total="5977088" percent="18" />
      <mem type="loa" free="314368" total="314368" percent="100" />
    </mem>
    <remembered-set count="675" />
  </mem-info>
</gc-end>
<cycle-end id="767" type="scavenge" contextid="761" timestamp="2019-08-03T00:56:47.923" />
  <attribute name="elasticGC enabled" value="1" />
  <attribute name= "numThreadsSpecified" value="3" />
  <attribute name="heapSize specified" value="0" />
  <attribute name= "numCores" value="8" />
  <attribute name ="GC Interval" value="700" />
  <attribute name ="Control flow" value="1" />
  <attribute name="GC Util Range Max" value="15" />
  <attribute name="Current GC Util" value="7" />
  <attribute name= "Current Time Running" value="6934" />
<allocation-satisfied id="768" threadId="0000000001A4DA00" bytesRequested="64" />
<af-end id="769" timestamp="2019-08-03T00:56:47.923" threadId="0000000001A4E388" success="true" from="nursery"/>
<exclusive-end id="770" timestamp="2019-08-03T00:56:47.923" durationms="1.293" />

<exclusive-start id="771" timestamp="2019-08-03T00:56:47.938" intervalms="16.513">
  <response-info timems="0.022" idlems="0.022" threads="0" lastid="0000000001A4DA00" lastname="main" />
</exclusive-start>
<af-start id="772" threadId="0000000001A4E388" totalBytesRequested="32" timestamp="2019-08-03T00:56:47.938" intervalms="16.589" type="nursery" />
<cycle-start id="773" type="scavenge" contextid="0" timestamp="2019-08-03T00:56:47.939" intervalms="16.625" />
<gc-start id="774" type="scavenge" contextid="773" timestamp="2019-08-03T00:56:47.939">
  <mem-info id="775" free="1375704" total="8912896" percent="15">
    <mem type="nursery" free="0" total="2621440" percent="0">
      <mem type="allocate" free="0" total="1900544" percent="0" />
      <mem type="survivor" free="0" total="720896" percent="0" />
    </mem>
    <mem type="tenure" free="1375704" total="6291456" percent="21">
      <mem type="soa" free="1061336" total="5977088" percent="17" />
      <mem type="loa" free="314368" total="314368" percent="100" />
    </mem>
    <remembered-set count="812" />
  </mem-info>
</gc-start>
<allocation-stats totalBytes="1481064" >
  <allocated-bytes non-tlh="211880" tlh="1269184" />
  <largest-consumer threadName="main" threadId="0000000001A4DA00" bytes="1481064" />
</allocation-stats>
<gc-op id="776" type="scavenge" timems="0.681" contextid="773" timestamp="2019-08-03T00:56:47.940">
  <scavenger-info tenureage="9" tenuremask="7e00" tiltratio="72" />
  <memory-copied type="nursery" objects="6055" bytes="503328" bytesdiscarded="4680" />
  <references type="soft" candidates="2" cleared="0" enqueued="0" dynamicThreshold="11" maxThreshold="32" />
  <references type="weak" candidates="20" cleared="2" enqueued="2" />
  <references type="phantom" candidates="3" cleared="1" enqueued="1" />
</gc-op>
<gc-end id="777" type="scavenge" contextid="773" durationms="1.174" usertimems="0.000" systemtimems="0.000" timestamp="2019-08-03T00:56:47.940" activeThreads="3">
  <mem-info id="778" free="2768176" total="8912896" percent="31">
    <mem type="nursery" free="1392472" total="2621440" percent="53">
      <mem type="allocate" free="1392472" total="1900544" percent="73" />
      <mem type="survivor" free="0" total="720896" percent="0" />
    </mem>
    <mem type="tenure" free="1375704" total="6291456" percent="21">
      <mem type="soa" free="1061336" total="5977088" percent="17" />
      <mem type="loa" free="314368" total="314368" percent="100" />
    </mem>
    <pending-finalizers system="0" default="0" reference="3" classloader="0" />
    <remembered-set count="801" />
  </mem-info>
</gc-end>
<cycle-end id="779" type="scavenge" contextid="773" timestamp="2019-08-03T00:56:47.940" />
  <attribute name="elasticGC enabled" value="1" />
  <attribute name= "numThreadsSpecified" value="3" />
  <attribute name="heapSize specified" value="0" />
  <attribute name= "numCores" value="8" />
  <attribute name ="GC Interval" value="700" />
  <attribute name ="Control flow" value="2" />
  <attribute name="GC Util Range Max" value="15" />
  <attribute name="Current GC Util" value="7" />
  <attribute name= "Current Time Running" value="6951" />
<allocation-satisfied id="780" threadId="0000000001A4DA00" bytesRequested="32" />
<af-end id="781" timestamp="2019-08-03T00:56:47.940" threadId="0000000001A4E388" success="true" from="nursery"/>
<exclusive-end id="782" timestamp="2019-08-03T00:56:47.940" durationms="2.004" />

<exclusive-start id="783" timestamp="2019-08-03T00:56:47.946" intervalms="7.437">
  <response-info timems="0.057" idlems="0.057" threads="0" lastid="0000000001A4DA00" lastname="main" />
</exclusive-start>
<af-start id="784" threadId="0000000001A4E388" totalBytesRequested="7472" timestamp="2019-08-03T00:56:47.946" intervalms="7.373" type="nursery" />
<cycle-start id="785" type="scavenge" contextid="0" timestamp="2019-08-03T00:56:47.946" intervalms="7.344" />
<gc-start id="786" type="scavenge" contextid="785" timestamp="2019-08-03T00:56:47.946">
  <mem-info id="787" free="1375704" total="8912896" percent="15">
    <mem type="nursery" free="0" total="2621440" percent="0">
      <mem type="allocate" free="0" total="1900544" percent="0" />
      <mem type="survivor" free="0" total="720896" percent="0" />
    </mem>
    <mem type="tenure" free="1375704" total="6291456" percent="21">
      <mem type="soa" free="1061336" total="5977088" percent="17" />
      <mem type="loa" free="314368" total="314368" percent="100" />
    </mem>
    <remembered-set count="803" />
  </mem-info>
</gc-start>
<allocation-stats totalBytes="1389184" >
  <allocated-bytes non-tlh="32" tlh="1389152" />
  <largest-consumer threadName="main" threadId="0000000001A4DA00" bytes="1385088" />
</allocation-stats>
<gc-op id="788" type="scavenge" timems="0.533" contextid="785" timestamp="2019-08-03T00:56:47.947">
  <scavenger-info tenureage="3" tenuremask="7e18" tiltratio="72" />
  <memory-copied type="nursery" objects="1736" bytes="103816" bytesdiscarded="76984" />
  <memory-copied type="tenure" objects="3669" bytes="139712" bytesdiscarded="528" />
  <references type="soft" candidates="2" cleared="0" enqueued="0" dynamicThreshold="11" maxThreshold="32" />
  <references type="phantom" candidates="1" cleared="0" enqueued="0" />
</gc-op>
<gc-end id="789" type="scavenge" contextid="785" durationms="0.797" usertimems="0.000" systemtimems="0.000" timestamp="2019-08-03T00:56:47.947" activeThreads="8">
  <mem-info id="790" free="2955280" total="8912896" percent="33">
    <mem type="nursery" free="1719720" total="2621440" percent="65">
      <mem type="allocate" free="1719720" total="1900544" percent="90" />
      <mem type="survivor" free="0" total="720896" percent="0" />
    </mem>
    <mem type="tenure" free="1235560" total="6291456" percent="19">
      <mem type="soa" free="921192" total="5977088" percent="15" />
      <mem type="loa" free="314368" total="314368" percent="100" />
    </mem>
    <remembered-set count="490" />
  </mem-info>
</gc-end>
<cycle-end id="791" type="scavenge" contextid="785" timestamp="2019-08-03T00:56:47.947" />
  <attribute name="elasticGC enabled" value="1" />
  <attribute name= "numThreadsSpecified" value="3" />
  <attribute name="heapSize specified" value="0" />
  <attribute name= "numCores" value="8" />
  <attribute name ="GC Interval" value="700" />
  <attribute name ="Control flow" value="1" />
  <attribute name="GC Util Range Max" value="15" />
  <attribute name="Current GC Util" value="16" />
  <attribute name= "Current Time Running" value="6958" />
<allocation-satisfied id="792" threadId="0000000001A4DA00" bytesRequested="7472" />
<af-end id="793" timestamp="2019-08-03T00:56:47.947" threadId="0000000001A4E388" success="true" from="nursery"/>
<exclusive-end id="794" timestamp="2019-08-03T00:56:47.947" durationms="1.433" />

<exclusive-start id="795" timestamp="2019-08-03T00:56:48.006" intervalms="60.466">
  <response-info timems="0.019" idlems="0.019" threads="0" lastid="0000000001A4DA00" lastname="main" />
</exclusive-start>
<sys-start reason="explicit" id="796" timestamp="2019-08-03T00:56:48.006" intervalms="7297.339" />
<cycle-start id="797" type="global" contextid="0" timestamp="2019-08-03T00:56:48.006" intervalms="131.957" />
<gc-start id="798" type="global" contextid="797" timestamp="2019-08-03T00:56:48.007">
  <mem-info id="799" free="1204368" total="8912896" percent="13">
    <mem type="nursery" free="0" total="2621440" percent="0">
      <mem type="allocate" free="0" total="1900544" percent="0" />
      <mem type="survivor" free="0" total="720896" percent="0" />
    </mem>
    <mem type="tenure" free="1204368" total="6291456" percent="19">
      <mem type="soa" free="890000" total="5977088" percent="14" />
      <mem type="loa" free="314368" total="314368" percent="100" />
    </mem>
    <remembered-set count="1001" />
  </mem-info>
</gc-start>
<allocation-stats totalBytes="1742024" >
  <allocated-bytes non-tlh="230512" tlh="1511512" />
  <largest-consumer threadName="main" threadId="0000000001A4DA00" bytes="1742024" />
</allocation-stats>
<gc-op id="800" type="mark" timems="2.897" contextid="797" timestamp="2019-08-03T00:56:48.010">
  <trace-info objectcount="74528" scancount="62270" scanbytes="2120348" />
  <finalization candidates="80" enqueued="0" />
  <ownableSynchronizers candidates="21" cleared="0" />
  <references type="soft" candidates="1640" cleared="0" enqueued="0" dynamicThreshold="11" maxThreshold="32" />
  <references type="weak" candidates="4420" cleared="48" enqueued="38" />
  <references type="phantom" candidates="73" cleared="2" enqueued="2" />
  <stringconstants candidates="8680" cleared="15"  />
</gc-op>
<gc-op id="801" type="classunload" timems="0.381" contextid="797" timestamp="2019-08-03T00:56:48.010">
  <classunload-info classloadercandidates="17" classloadersunloaded="1" classesunloaded="1" anonymousclassesunloaded="0" quiescems="0.000" setupms="0.373" scanms="0.007" postms="0.001" />
</gc-op>
<gc-op id="802" type="sweep" timems="0.251" contextid="797" timestamp="2019-08-03T00:56:48.011" />
<mem-info id="803" free="3708424" total="8912896" percent="41">
  <mem type="nursery" free="1606272" total="2621440" percent="61">
    <mem type="allocate" free="1606272" total="1900544" percent="84" />
    <mem type="survivor" free="0" total="720896" percent="0" />
  </mem>
  <mem type="tenure" free="2102152" total="6291456" percent="33" micro-fragmented="83776" macro-fragmented="0">
    <mem type="soa" free="1787784" total="5977088" percent="29" />
    <mem type="loa" free="314368" total="314368" percent="100" />
  </mem>
  <pending-finalizers system="0" default="0" reference="40" classloader="0" />
  <remembered-set count="698" />
</mem-info>
<gc-op id="804" type="compact" timems="15.692" contextid="797" timestamp="2019-08-03T00:56:48.027">
  <compact-info movecount="70105" movebytes="4089824" reason="compact on aggressive collection" />
</gc-op>
<gc-end id="805" type="global" contextid="797" durationms="20.788" usertimems="28.000" systemtimems="0.000" timestamp="2019-08-03T00:56:48.027" activeThreads="8">
  <mem-info id="806" free="3918368" total="8912896" percent="43">
    <mem type="nursery" free="1713848" total="2621440" percent="65">
      <mem type="allocate" free="1713848" total="1900544" percent="90" />
      <mem type="survivor" free="0" total="720896" percent="0" />
    </mem>
    <mem type="tenure" free="2204520" total="6291456" percent="35">
      <mem type="soa" free="1890152" total="5977088" percent="31" />
      <mem type="loa" free="314368" total="314368" percent="100" />
    </mem>
    <pending-finalizers system="0" default="0" reference="40" classloader="0" />
    <remembered-set count="698" />
  </mem-info>
</gc-end>
<cycle-end id="807" type="global" contextid="797" timestamp="2019-08-03T00:56:48.028" />
  <attribute name="elasticGC enabled" value="1" />
  <attribute name= "numThreadsSpecified" value="3" />
  <attribute name="heapSize specified" value="0" />
  <attribute name= "numCores" value="8" />
  <attribute name ="GC Interval" value="700" />
  <attribute name ="Control flow" value="2" />
  <attribute name="GC Util Range Max" value="15" />
  <attribute name="Current GC Util" value="33" />
  <attribute name= "Current Time Running" value="7039" />
<sys-end id="808" timestamp="2019-08-03T00:56:48.028" />
<exclusive-end id="809" timestamp="2019-08-03T00:56:48.028" durationms="21.732" />

<exclusive-start id="810" timestamp="2019-08-03T00:56:48.064" intervalms="57.864">
  <response-info timems="0.058" idlems="0.058" threads="0" lastid="0000000001A4DA00" lastname="main" />
</exclusive-start>
<af-start id="811" threadId="0000000001A4E388" totalBytesRequested="24" timestamp="2019-08-03T00:56:48.064" intervalms="118.411" type="nursery" />
<cycle-start id="812" type="scavenge" contextid="0" timestamp="2019-08-03T00:56:48.064" intervalms="118.454" />
<gc-start id="813" type="scavenge" contextid="812" timestamp="2019-08-03T00:56:48.065">
  <mem-info id="814" free="2202728" total="8912896" percent="24">
    <mem type="nursery" free="0" total="2621440" percent="0">
      <mem type="allocate" free="0" total="1900544" percent="0" />
      <mem type="survivor" free="0" total="720896" percent="0" />
    </mem>
    <mem type="tenure" free="2202728" total="6291456" percent="35">
      <mem type="soa" free="1888360" total="5977088" percent="31" />
      <mem type="loa" free="314368" total="314368" percent="100" />
    </mem>
    <remembered-set count="766" />
  </mem-info>
</gc-start>
<allocation-stats totalBytes="1715040" >
  <allocated-bytes non-tlh="463952" tlh="1251088" />
  <largest-consumer threadName="main" threadId="0000000001A4DA00" bytes="1706792" />
</allocation-stats>
<gc-op id="815" type="scavenge" timems="2.067" contextid="812" timestamp="2019-08-03T00:56:48.067">
  <scavenger-info tenureage="3" tenuremask="7c08" tiltratio="72" />
  <memory-copied type="nursery" objects="5595" bytes="518392" bytesdiscarded="53272" />
  <ownableSynchronizers candidates="42" cleared="42" />
  <references type="soft" candidates="356" cleared="0" enqueued="0" dynamicThreshold="11" maxThreshold="32" />
  <references type="weak" candidates="275" cleared="11" enqueued="11" />
  <references type="phantom" candidates="6" cleared="2" enqueued="2" />
</gc-op>
<gc-end id="816" type="scavenge" contextid="812" durationms="2.582" usertimems="4.000" systemtimems="0.000" timestamp="2019-08-03T00:56:48.067" activeThreads="8">
  <mem-info id="817" free="3269192" total="8912896" percent="36">
    <mem type="nursery" free="1066464" total="2621440" percent="40">
      <mem type="allocate" free="1066464" total="1638400" percent="65" />
      <mem type="survivor" free="0" total="983040" percent="0" />
    </mem>
    <mem type="tenure" free="2202728" total="6291456" percent="35">
      <mem type="soa" free="1888360" total="5977088" percent="31" />
      <mem type="loa" free="314368" total="314368" percent="100" />
    </mem>
    <pending-finalizers system="0" default="0" reference="13" classloader="0" />
    <remembered-set count="632" />
  </mem-info>
</gc-end>
<cycle-end id="818" type="scavenge" contextid="812" timestamp="2019-08-03T00:56:48.067" />
  <attribute name="elasticGC enabled" value="1" />
  <attribute name= "numThreadsSpecified" value="3" />
  <attribute name="heapSize specified" value="0" />
  <attribute name= "numCores" value="8" />
  <attribute name ="GC Interval" value="900" />
  <attribute name ="Control flow" value="2" />
  <attribute name="GC Util Range Max" value="15" />
  <attribute name="Current GC Util" value="46" />
  <attribute name= "Current Time Running" value="7077" />
<allocation-satisfied id="819" threadId="0000000001A4DA00" bytesRequested="24" />
<af-end id="820" timestamp="2019-08-03T00:56:48.068" threadId="0000000001A4E388" success="true" from="nursery"/>
<exclusive-end id="821" timestamp="2019-08-03T00:56:48.068" durationms="3.611" />

<exclusive-start id="822" timestamp="2019-08-03T00:56:48.098" intervalms="33.938">
  <response-info timems="0.119" idlems="0.119" threads="0" lastid="0000000001A4DA00" lastname="main" />
</exclusive-start>
<af-start id="823" threadId="0000000001A4E388" totalBytesRequested="24" timestamp="2019-08-03T00:56:48.098" intervalms="33.927" type="nursery" />
<cycle-start id="824" type="scavenge" contextid="0" timestamp="2019-08-03T00:56:48.098" intervalms="33.866" />
<gc-start id="825" type="scavenge" contextid="824" timestamp="2019-08-03T00:56:48.098">
  <mem-info id="826" free="2202728" total="8912896" percent="24">
    <mem type="nursery" free="0" total="2621440" percent="0">
      <mem type="allocate" free="0" total="1638400" percent="0" />
      <mem type="survivor" free="0" total="983040" percent="0" />
    </mem>
    <mem type="tenure" free="2202728" total="6291456" percent="35">
      <mem type="soa" free="1888360" total="5977088" percent="31" />
      <mem type="loa" free="314368" total="314368" percent="100" />
    </mem>
    <remembered-set count="634" />
  </mem-info>
</gc-start>
<allocation-stats totalBytes="1066352" >
  <allocated-bytes non-tlh="24" tlh="1066328" />
  <largest-consumer threadName="main" threadId="0000000001A4DA00" bytes="1062256" />
</allocation-stats>
<gc-op id="827" type="scavenge" timems="1.330" contextid="824" timestamp="2019-08-03T00:56:48.100">
  <scavenger-info tenureage="9" tenuremask="7e00" tiltratio="62" />
  <memory-copied type="nursery" objects="5565" bytes="517448" bytesdiscarded="30408" />
  <references type="soft" candidates="356" cleared="0" enqueued="0" dynamicThreshold="11" maxThreshold="32" />
  <references type="weak" candidates="263" cleared="0" enqueued="0" />
  <references type="phantom" candidates="4" cleared="0" enqueued="0" />
</gc-op>
<gc-end id="828" type="scavenge" contextid="824" durationms="1.745" usertimems="0.000" systemtimems="4.000" timestamp="2019-08-03T00:56:48.100" activeThreads="8">
  <mem-info id="829" free="3555144" total="8912896" percent="39">
    <mem type="nursery" free="1352416" total="2621440" percent="51">
      <mem type="allocate" free="1352416" total="1900544" percent="71" />
      <mem type="survivor" free="0" total="720896" percent="0" />
    </mem>
    <mem type="tenure" free="2202728" total="6291456" percent="35">
      <mem type="soa" free="1888360" total="5977088" percent="31" />
      <mem type="loa" free="314368" total="314368" percent="100" />
    </mem>
    <remembered-set count="621" />
  </mem-info>
</gc-end>
<cycle-end id="830" type="scavenge" contextid="824" timestamp="2019-08-03T00:56:48.100" />
  <attribute name="elasticGC enabled" value="1" />
  <attribute name= "numThreadsSpecified" value="3" />
  <attribute name="heapSize specified" value="0" />
  <attribute name= "numCores" value="8" />
  <attribute name ="GC Interval" value="1000" />
  <attribute name ="Control flow" value="2" />
  <attribute name="GC Util Range Max" value="15" />
  <attribute name="Current GC Util" value="10" />
  <attribute name= "Current Time Running" value="7111" />
<allocation-satisfied id="831" threadId="0000000001A4DA00" bytesRequested="24" />
<af-end id="832" timestamp="2019-08-03T00:56:48.100" threadId="0000000001A4E388" success="true" from="nursery"/>
<exclusive-end id="833" timestamp="2019-08-03T00:56:48.101" durationms="2.582" />

<exclusive-start id="834" timestamp="2019-08-03T00:56:48.135" intervalms="37.139">
  <response-info timems="0.089" idlems="0.089" threads="0" lastid="0000000001A4DA00" lastname="main" />
</exclusive-start>
<af-start id="835" threadId="0000000001A4E388" totalBytesRequested="24" timestamp="2019-08-03T00:56:48.135" intervalms="37.077" type="nursery" />
<cycle-start id="836" type="scavenge" contextid="0" timestamp="2019-08-03T00:56:48.135" intervalms="37.068" />
<gc-start id="837" type="scavenge" contextid="836" timestamp="2019-08-03T00:56:48.135">
  <mem-info id="838" free="2202728" total="8912896" percent="24">
    <mem type="nursery" free="0" total="2621440" percent="0">
      <mem type="allocate" free="0" total="1900544" percent="0" />
      <mem type="survivor" free="0" total="720896" percent="0" />
    </mem>
    <mem type="tenure" free="2202728" total="6291456" percent="35">
      <mem type="soa" free="1888360" total="5977088" percent="31" />
      <mem type="loa" free="314368" total="314368" percent="100" />
    </mem>
    <remembered-set count="621" />
  </mem-info>
</gc-start>
<allocation-stats totalBytes="1352312" >
  <allocated-bytes non-tlh="32808" tlh="1319504" />
  <largest-consumer threadName="main" threadId="0000000001A4DA00" bytes="1352312" />
</allocation-stats>
<gc-op id="839" type="scavenge" timems="1.493" contextid="836" timestamp="2019-08-03T00:56:48.137">
  <scavenger-info tenureage="4" tenuremask="7e10" tiltratio="72" />
  <memory-copied type="nursery" objects="5133" bytes="503784" bytesdiscarded="88888" />
  <memory-copied type="tenure" objects="432" bytes="13664" bytesdiscarded="0" />
  <references type="soft" candidates="354" cleared="0" enqueued="0" dynamicThreshold="11" maxThreshold="32" />
  <references type="weak" candidates="263" cleared="0" enqueued="0" />
  <references type="phantom" candidates="3" cleared="0" enqueued="0" />
</gc-op>
<gc-end id="840" type="scavenge" contextid="836" durationms="1.794" usertimems="4.000" systemtimems="0.000" timestamp="2019-08-03T00:56:48.137" activeThreads="8">
  <mem-info id="841" free="3528272" total="8912896" percent="39">
    <mem type="nursery" free="1373160" total="2621440" percent="52">
      <mem type="allocate" free="1373160" total="1966080" percent="69" />
      <mem type="survivor" free="0" total="655360" percent="0" />
    </mem>
    <mem type="tenure" free="2155112" total="6291456" percent="34">
      <mem type="soa" free="1840744" total="5977088" percent="30" />
      <mem type="loa" free="314368" total="314368" percent="100" />
    </mem>
    <remembered-set count="260" />
  </mem-info>
</gc-end>
<cycle-end id="842" type="scavenge" contextid="836" timestamp="2019-08-03T00:56:48.137" />
  <attribute name="elasticGC enabled" value="1" />
  <attribute name= "numThreadsSpecified" value="3" />
  <attribute name="heapSize specified" value="0" />
  <attribute name= "numCores" value="8" />
  <attribute name ="GC Interval" value="1000" />
  <attribute name ="Control flow" value="1" />
  <attribute name="GC Util Range Max" value="15" />
  <attribute name="Current GC Util" value="7" />
  <attribute name= "Current Time Running" value="7148" />
<allocation-satisfied id="843" threadId="0000000001A4DA00" bytesRequested="24" />
<af-end id="844" timestamp="2019-08-03T00:56:48.138" threadId="0000000001A4E388" success="true" from="nursery"/>
<exclusive-end id="845" timestamp="2019-08-03T00:56:48.138" durationms="2.564" />

<exclusive-start id="846" timestamp="2019-08-03T00:56:48.166" intervalms="30.882">
  <response-info timems="0.070" idlems="0.070" threads="0" lastid="0000000001A4DA00" lastname="main" />
</exclusive-start>
<af-start id="847" threadId="0000000001A4E388" totalBytesRequested="24" timestamp="2019-08-03T00:56:48.166" intervalms="30.895" type="nursery" />
<cycle-start id="848" type="scavenge" contextid="0" timestamp="2019-08-03T00:56:48.166" intervalms="30.899" />
<gc-start id="849" type="scavenge" contextid="848" timestamp="2019-08-03T00:56:48.166">
  <mem-info id="850" free="2155112" total="8912896" percent="24">
    <mem type="nursery" free="0" total="2621440" percent="0">
      <mem type="allocate" free="0" total="1966080" percent="0" />
      <mem type="survivor" free="0" total="655360" percent="0" />
    </mem>
    <mem type="tenure" free="2155112" total="6291456" percent="34">
      <mem type="soa" free="1840744" total="5977088" percent="30" />
      <mem type="loa" free="314368" total="314368" percent="100" />
    </mem>
    <remembered-set count="260" />
  </mem-info>
</gc-start>
<allocation-stats totalBytes="1372568" >
  <allocated-bytes non-tlh="24" tlh="1372544" />
  <largest-consumer threadName="main" threadId="0000000001A4DA00" bytes="1372568" />
</allocation-stats>
<gc-op id="851" type="scavenge" timems="0.408" contextid="848" timestamp="2019-08-03T00:56:48.167">
  <scavenger-info tenureage="3" tenuremask="7e08" tiltratio="75" />
  <memory-copied type="nursery" objects="10" bytes="33504" bytesdiscarded="60192" />
  <memory-copied type="tenure" objects="5123" bytes="470280" bytesdiscarded="360" />
</gc-op>
<gc-end id="852" type="scavenge" contextid="848" durationms="0.709" usertimems="0.000" systemtimems="0.000" timestamp="2019-08-03T00:56:48.167" activeThreads="3">
  <mem-info id="853" free="3499616" total="8912896" percent="39">
    <mem type="nursery" free="1872384" total="2621440" percent="71">
      <mem type="allocate" free="1872384" total="1966080" percent="95" />
      <mem type="survivor" free="0" total="655360" percent="0" />
    </mem>
    <mem type="tenure" free="1627232" total="6291456" percent="25">
      <mem type="soa" free="1312864" total="5977088" percent="21" />
      <mem type="loa" free="314368" total="314368" percent="100" />
    </mem>
    <remembered-set count="82" />
  </mem-info>
</gc-end>
<cycle-end id="854" type="scavenge" contextid="848" timestamp="2019-08-03T00:56:48.167" />
  <attribute name="elasticGC enabled" value="1" />
  <attribute name= "numThreadsSpecified" value="3" />
  <attribute name="heapSize specified" value="0" />
  <attribute name= "numCores" value="8" />
  <attribute name ="GC Interval" value="1000" />
  <attribute name ="Control flow" value="2" />
  <attribute name="GC Util Range Max" value="15" />
  <attribute name="Current GC Util" value="8" />
  <attribute name= "Current Time Running" value="7179" />
<allocation-satisfied id="855" threadId="0000000001A4DA00" bytesRequested="24" />
<af-end id="856" timestamp="2019-08-03T00:56:48.167" threadId="0000000001A4E388" success="true" from="nursery"/>
<exclusive-end id="857" timestamp="2019-08-03T00:56:48.167" durationms="1.366" />

<exclusive-start id="858" timestamp="2019-08-03T00:56:48.207" intervalms="41.375">
  <response-info timems="0.086" idlems="0.086" threads="0" lastid="0000000001A4DA00" lastname="main" />
</exclusive-start>
<af-start id="859" threadId="0000000001A4E388" totalBytesRequested="24" timestamp="2019-08-03T00:56:48.208" intervalms="41.441" type="nursery" />
<cycle-start id="860" type="scavenge" contextid="0" timestamp="2019-08-03T00:56:48.208" intervalms="41.507" />
<gc-start id="861" type="scavenge" contextid="860" timestamp="2019-08-03T00:56:48.208">
  <mem-info id="862" free="1627232" total="8912896" percent="18">
    <mem type="nursery" free="0" total="2621440" percent="0">
      <mem type="allocate" free="0" total="1966080" percent="0" />
      <mem type="survivor" free="0" total="655360" percent="0" />
    </mem>
    <mem type="tenure" free="1627232" total="6291456" percent="25">
      <mem type="soa" free="1312864" total="5977088" percent="21" />
      <mem type="loa" free="314368" total="314368" percent="100" />
    </mem>
    <remembered-set count="82" />
  </mem-info>
</gc-start>
<allocation-stats totalBytes="1872264" >
  <allocated-bytes non-tlh="24" tlh="1872240" />
  <largest-consumer threadName="main" threadId="0000000001A4DA00" bytes="1872264" />
</allocation-stats>
<gc-op id="863" type="scavenge" timems="0.910" contextid="860" timestamp="2019-08-03T00:56:48.209">
  <scavenger-info tenureage="3" tenuremask="ffe8" tiltratio="75" />
  <memory-copied type="nursery" objects="9" bytes="32984" bytesdiscarded="23608" />
  <memory-copied type="tenure" objects="1" bytes="520" bytesdiscarded="0" />
</gc-op>
<gc-end id="864" type="scavenge" contextid="860" durationms="1.412" usertimems="0.000" systemtimems="0.000" timestamp="2019-08-03T00:56:48.209" activeThreads="8">
  <mem-info id="865" free="3667792" total="8912896" percent="41">
    <mem type="nursery" free="2040560" total="2621440" percent="77">
      <mem type="allocate" free="2040560" total="2097152" percent="97" />
      <mem type="survivor" free="0" total="524288" percent="0" />
    </mem>
    <mem type="tenure" free="1627232" total="6291456" percent="25">
      <mem type="soa" free="1312864" total="5977088" percent="21" />
      <mem type="loa" free="314368" total="314368" percent="100" />
    </mem>
    <remembered-set count="81" />
  </mem-info>
</gc-end>
<cycle-end id="866" type="scavenge" contextid="860" timestamp="2019-08-03T00:56:48.210" />
  <attribute name="elasticGC enabled" value="1" />
  <attribute name= "numThreadsSpecified" value="3" />
  <attribute name="heapSize specified" value="0" />
  <attribute name= "numCores" value="8" />
  <attribute name ="GC Interval" value="1000" />
  <attribute name ="Control flow" value="1" />
  <attribute name="GC Util Range Max" value="15" />
  <attribute name="Current GC Util" value="2" />
  <attribute name= "Current Time Running" value="7220" />
<allocation-satisfied id="867" threadId="0000000001A4DA00" bytesRequested="24" />
<af-end id="868" timestamp="2019-08-03T00:56:48.210" threadId="0000000001A4E388" success="true" from="nursery"/>
<exclusive-end id="869" timestamp="2019-08-03T00:56:48.210" durationms="2.441" />

<exclusive-start id="870" timestamp="2019-08-03T00:56:48.221" intervalms="13.891">
  <response-info timems="0.098" idlems="0.098" threads="0" lastid="0000000001A4DA00" lastname="main" />
</exclusive-start>
<af-start id="871" threadId="0000000001A4E388" totalBytesRequested="24" timestamp="2019-08-03T00:56:48.221" intervalms="13.834" type="nursery" />
<cycle-start id="872" type="scavenge" contextid="0" timestamp="2019-08-03T00:56:48.222" intervalms="13.829" />
<gc-start id="873" type="scavenge" contextid="872" timestamp="2019-08-03T00:56:48.222">
  <mem-info id="874" free="1627232" total="8912896" percent="18">
    <mem type="nursery" free="0" total="2621440" percent="0">
      <mem type="allocate" free="0" total="2097152" percent="0" />
      <mem type="survivor" free="0" total="524288" percent="0" />
    </mem>
    <mem type="tenure" free="1627232" total="6291456" percent="25">
      <mem type="soa" free="1312864" total="5977088" percent="21" />
      <mem type="loa" free="314368" total="314368" percent="100" />
    </mem>
    <remembered-set count="81" />
  </mem-info>
</gc-start>
<allocation-stats totalBytes="2040384" >
  <allocated-bytes non-tlh="24" tlh="2040360" />
  <largest-consumer threadName="main" threadId="0000000001A4DA00" bytes="2040384" />
</allocation-stats>
<gc-op id="875" type="scavenge" timems="0.165" contextid="872" timestamp="2019-08-03T00:56:48.222">
  <scavenger-info tenureage="3" tenuremask="ffb8" tiltratio="80" />
  <memory-copied type="nursery" objects="9" bytes="32984" bytesdiscarded="23608" />
</gc-op>
<gc-end id="876" type="scavenge" contextid="872" durationms="0.530" usertimems="0.000" systemtimems="0.000" timestamp="2019-08-03T00:56:48.222" activeThreads="3">
  <mem-info id="877" free="3733328" total="8912896" percent="41">
    <mem type="nursery" free="2106096" total="2621440" percent="80">
      <mem type="allocate" free="2106096" total="2162688" percent="97" />
      <mem type="survivor" free="0" total="458752" percent="0" />
    </mem>
    <mem type="tenure" free="1627232" total="6291456" percent="25">
      <mem type="soa" free="1312864" total="5977088" percent="21" />
      <mem type="loa" free="314368" total="314368" percent="100" />
    </mem>
    <remembered-set count="81" />
  </mem-info>
</gc-end>
<cycle-end id="878" type="scavenge" contextid="872" timestamp="2019-08-03T00:56:48.222" />
  <attribute name="elasticGC enabled" value="1" />
  <attribute name= "numThreadsSpecified" value="3" />
  <attribute name="heapSize specified" value="0" />
  <attribute name= "numCores" value="8" />
  <attribute name ="GC Interval" value="1000" />
  <attribute name ="Control flow" value="1" />
  <attribute name="GC Util Range Max" value="15" />
  <attribute name="Current GC Util" value="11" />
  <attribute name= "Current Time Running" value="7234" />
<allocation-satisfied id="879" threadId="0000000001A4DA00" bytesRequested="24" />
<af-end id="880" timestamp="2019-08-03T00:56:48.223" threadId="0000000001A4E388" success="true" from="nursery"/>
<exclusive-end id="881" timestamp="2019-08-03T00:56:48.223" durationms="1.382" />

<exclusive-start id="882" timestamp="2019-08-03T00:56:48.232" intervalms="10.742">
  <response-info timems="0.077" idlems="0.077" threads="0" lastid="0000000001A4DA00" lastname="main" />
</exclusive-start>
<af-start id="883" threadId="0000000001A4E388" totalBytesRequested="24" timestamp="2019-08-03T00:56:48.232" intervalms="10.747" type="nursery" />
<cycle-start id="884" type="scavenge" contextid="0" timestamp="2019-08-03T00:56:48.232" intervalms="10.750" />
<gc-start id="885" type="scavenge" contextid="884" timestamp="2019-08-03T00:56:48.232">
  <mem-info id="886" free="1627232" total="8912896" percent="18">
    <mem type="nursery" free="0" total="2621440" percent="0">
      <mem type="allocate" free="0" total="2162688" percent="0" />
      <mem type="survivor" free="0" total="458752" percent="0" />
    </mem>
    <mem type="tenure" free="1627232" total="6291456" percent="25">
      <mem type="soa" free="1312864" total="5977088" percent="21" />
      <mem type="loa" free="314368" total="314368" percent="100" />
    </mem>
    <remembered-set count="81" />
  </mem-info>
</gc-start>
<allocation-stats totalBytes="2105904" >
  <allocated-bytes non-tlh="24" tlh="2105880" />
  <largest-consumer threadName="main" threadId="0000000001A4DA00" bytes="2105904" />
</allocation-stats>
<gc-op id="887" type="scavenge" timems="0.253" contextid="884" timestamp="2019-08-03T00:56:48.233">
  <scavenger-info tenureage="3" tenuremask="fff8" tiltratio="82" />
  <memory-copied type="nursery" objects="9" bytes="32984" bytesdiscarded="23608" />
</gc-op>
<gc-end id="888" type="scavenge" contextid="884" durationms="0.458" usertimems="0.000" systemtimems="0.000" timestamp="2019-08-03T00:56:48.233" activeThreads="4">
  <mem-info id="889" free="3798864" total="8912896" percent="42">
    <mem type="nursery" free="2171632" total="2621440" percent="82">
      <mem type="allocate" free="2171632" total="2228224" percent="97" />
      <mem type="survivor" free="0" total="393216" percent="0" />
    </mem>
    <mem type="tenure" free="1627232" total="6291456" percent="25">
      <mem type="soa" free="1312864" total="5977088" percent="21" />
      <mem type="loa" free="314368" total="314368" percent="100" />
    </mem>
    <remembered-set count="81" />
  </mem-info>
</gc-end>
<cycle-end id="890" type="scavenge" contextid="884" timestamp="2019-08-03T00:56:48.233" />
  <attribute name="elasticGC enabled" value="1" />
  <attribute name= "numThreadsSpecified" value="4" />
  <attribute name="heapSize specified" value="0" />
  <attribute name= "numCores" value="8" />
  <attribute name ="GC Interval" value="900" />
  <attribute name ="Control flow" value="2" />
  <attribute name="GC Util Range Max" value="15" />
  <attribute name="Current GC Util" value="4" />
  <attribute name= "Current Time Running" value="7245" />
<allocation-satisfied id="891" threadId="0000000001A4DA00" bytesRequested="24" />
<af-end id="892" timestamp="2019-08-03T00:56:48.233" threadId="0000000001A4E388" success="true" from="nursery"/>
<exclusive-end id="893" timestamp="2019-08-03T00:56:48.233" durationms="1.182" />

<exclusive-start id="894" timestamp="2019-08-03T00:56:48.243" intervalms="10.945">
  <response-info timems="0.079" idlems="0.079" threads="0" lastid="0000000001A4DA00" lastname="main" />
</exclusive-start>
<af-start id="895" threadId="0000000001A4E388" totalBytesRequested="32784" timestamp="2019-08-03T00:56:48.243" intervalms="10.935" type="nursery" />
<cycle-start id="896" type="scavenge" contextid="0" timestamp="2019-08-03T00:56:48.243" intervalms="10.931" />
<gc-start id="897" type="scavenge" contextid="896" timestamp="2019-08-03T00:56:48.243">
  <mem-info id="898" free="1627232" total="8912896" percent="18">
    <mem type="nursery" free="0" total="2621440" percent="0">
      <mem type="allocate" free="0" total="2228224" percent="0" />
      <mem type="survivor" free="0" total="393216" percent="0" />
    </mem>
    <mem type="tenure" free="1627232" total="6291456" percent="25">
      <mem type="soa" free="1312864" total="5977088" percent="21" />
      <mem type="loa" free="314368" total="314368" percent="100" />
    </mem>
    <remembered-set count="81" />
  </mem-info>
</gc-start>
<allocation-stats totalBytes="2156984" >
  <allocated-bytes non-tlh="24" tlh="2156960" />
  <largest-consumer threadName="main" threadId="0000000001A4DA00" bytes="2156984" />
</allocation-stats>
<gc-op id="899" type="scavenge" timems="0.846" contextid="896" timestamp="2019-08-03T00:56:48.245">
  <scavenger-info tenureage="3" tenuremask="fff8" tiltratio="85" />
  <memory-copied type="nursery" objects="17" bytes="65912" bytesdiscarded="23464" />
</gc-op>
<heap-resize id="900" type="expand" space="nursery" amount="131072" count="1" timems="0.015" reason="excessive time being spent scavenging" timestamp="2019-08-03T00:56:48.245" />
<gc-end id="901" type="scavenge" contextid="896" durationms="1.467" usertimems="0.000" systemtimems="0.000" timestamp="2019-08-03T00:56:48.245" activeThreads="8">
  <mem-info id="902" free="3897152" total="9043968" percent="43">
    <mem type="nursery" free="2269920" total="2752512" percent="82">
      <mem type="allocate" free="2269920" total="2359296" percent="96" />
      <mem type="survivor" free="0" total="393216" percent="0" />
    </mem>
    <mem type="tenure" free="1627232" total="6291456" percent="25">
      <mem type="soa" free="1312864" total="5977088" percent="21" />
      <mem type="loa" free="314368" total="314368" percent="100" />
    </mem>
    <remembered-set count="81" />
  </mem-info>
</gc-end>
<cycle-end id="903" type="scavenge" contextid="896" timestamp="2019-08-03T00:56:48.245" />
  <attribute name="elasticGC enabled" value="1" />
  <attribute name= "numThreadsSpecified" value="4" />
  <attribute name="heapSize specified" value="0" />
  <attribute name= "numCores" value="8" />
  <attribute name ="GC Interval" value="800" />
  <attribute name ="Control flow" value="1" />
  <attribute name="GC Util Range Max" value="15" />
  <attribute name="Current GC Util" value="6" />
  <attribute name= "Current Time Running" value="7256" />
<allocation-satisfied id="904" threadId="0000000001A4DA00" bytesRequested="32784" />
<af-end id="905" timestamp="2019-08-03T00:56:48.245" threadId="0000000001A4E388" success="true" from="nursery"/>
<exclusive-end id="906" timestamp="2019-08-03T00:56:48.245" durationms="2.319" />

<exclusive-start id="907" timestamp="2019-08-03T00:56:48.254" intervalms="11.021">
  <response-info timems="0.081" idlems="0.081" threads="0" lastid="0000000001A4DA00" lastname="main" />
</exclusive-start>
<af-start id="908" threadId="0000000001A4E388" totalBytesRequested="24" timestamp="2019-08-03T00:56:48.254" intervalms="10.941" type="nursery" />
<cycle-start id="909" type="scavenge" contextid="0" timestamp="2019-08-03T00:56:48.254" intervalms="10.886" />
<gc-start id="910" type="scavenge" contextid="909" timestamp="2019-08-03T00:56:48.254">
  <mem-info id="911" free="1627232" total="9043968" percent="17">
    <mem type="nursery" free="0" total="2752512" percent="0">
      <mem type="allocate" free="0" total="2359296" percent="0" />
      <mem type="survivor" free="0" total="393216" percent="0" />
    </mem>
    <mem type="tenure" free="1627232" total="6291456" percent="25">
      <mem type="soa" free="1312864" total="5977088" percent="21" />
      <mem type="loa" free="314368" total="314368" percent="100" />
    </mem>
    <remembered-set count="81" />
  </mem-info>
</gc-start>
<allocation-stats totalBytes="2269736" >
  <allocated-bytes non-tlh="32784" tlh="2236952" />
  <largest-consumer threadName="main" threadId="0000000001A4DA00" bytes="2269736" />
</allocation-stats>
<gc-op id="912" type="scavenge" timems="0.180" contextid="909" timestamp="2019-08-03T00:56:48.255">
  <scavenger-info tenureage="3" tenuremask="fff8" tiltratio="85" />
  <memory-copied type="nursery" objects="8" bytes="32960" bytesdiscarded="23632" />
</gc-op>
<gc-end id="913" type="scavenge" contextid="909" durationms="0.561" usertimems="0.000" systemtimems="0.000" timestamp="2019-08-03T00:56:48.255" activeThreads="4">
  <mem-info id="914" free="3995472" total="9043968" percent="44">
    <mem type="nursery" free="2368240" total="2752512" percent="86">
      <mem type="allocate" free="2368240" total="2424832" percent="97" />
      <mem type="survivor" free="0" total="327680" percent="0" />
    </mem>
    <mem type="tenure" free="1627232" total="6291456" percent="25">
      <mem type="soa" free="1312864" total="5977088" percent="21" />
      <mem type="loa" free="314368" total="314368" percent="100" />
    </mem>
    <remembered-set count="81" />
  </mem-info>
</gc-end>
<cycle-end id="915" type="scavenge" contextid="909" timestamp="2019-08-03T00:56:48.255" />
  <attribute name="elasticGC enabled" value="1" />
  <attribute name= "numThreadsSpecified" value="4" />
  <attribute name="heapSize specified" value="0" />
  <attribute name= "numCores" value="8" />
  <attribute name ="GC Interval" value="800" />
  <attribute name ="Control flow" value="2" />
  <attribute name="GC Util Range Max" value="15" />
  <attribute name="Current GC Util" value="14" />
  <attribute name= "Current Time Running" value="7267" />
<allocation-satisfied id="916" threadId="0000000001A4DA00" bytesRequested="24" />
<af-end id="917" timestamp="2019-08-03T00:56:48.255" threadId="0000000001A4E388" success="true" from="nursery"/>
<exclusive-end id="918" timestamp="2019-08-03T00:56:48.255" durationms="1.161" />

<exclusive-start id="919" timestamp="2019-08-03T00:56:48.264" intervalms="10.323">
  <response-info timems="0.075" idlems="0.075" threads="0" lastid="0000000001A4DA00" lastname="main" />
</exclusive-start>
<af-start id="920" threadId="0000000001A4E388" totalBytesRequested="24" timestamp="2019-08-03T00:56:48.264" intervalms="10.376" type="nursery" />
<cycle-start id="921" type="scavenge" contextid="0" timestamp="2019-08-03T00:56:48.265" intervalms="10.432" />
<gc-start id="922" type="scavenge" contextid="921" timestamp="2019-08-03T00:56:48.265">
  <mem-info id="923" free="1627232" total="9043968" percent="17">
    <mem type="nursery" free="0" total="2752512" percent="0">
      <mem type="allocate" free="0" total="2424832" percent="0" />
      <mem type="survivor" free="0" total="327680" percent="0" />
    </mem>
    <mem type="tenure" free="1627232" total="6291456" percent="25">
      <mem type="soa" free="1312864" total="5977088" percent="21" />
      <mem type="loa" free="314368" total="314368" percent="100" />
    </mem>
    <remembered-set count="81" />
  </mem-info>
</gc-start>
<allocation-stats totalBytes="2368056" >
  <allocated-bytes non-tlh="24" tlh="2368032" />
  <largest-consumer threadName="main" threadId="0000000001A4DA00" bytes="2368056" />
</allocation-stats>
<gc-op id="924" type="scavenge" timems="1.111" contextid="921" timestamp="2019-08-03T00:56:48.266">
  <scavenger-info tenureage="3" tenuremask="fff8" tiltratio="88" />
  <memory-copied type="nursery" objects="9" bytes="32984" bytesdiscarded="23608" />
</gc-op>
<heap-resize id="925" type="expand" space="nursery" amount="131072" count="1" timems="0.011" reason="excessive time being spent scavenging" timestamp="2019-08-03T00:56:48.266" />
<gc-end id="926" type="scavenge" contextid="921" durationms="1.523" usertimems="4.000" systemtimems="0.000" timestamp="2019-08-03T00:56:48.266" activeThreads="8">
  <mem-info id="927" free="4061008" total="9175040" percent="44">
    <mem type="nursery" free="2433776" total="2883584" percent="84">
      <mem type="allocate" free="2433776" total="2490368" percent="97" />
      <mem type="survivor" free="0" total="393216" percent="0" />
    </mem>
    <mem type="tenure" free="1627232" total="6291456" percent="25">
      <mem type="soa" free="1312864" total="5977088" percent="21" />
      <mem type="loa" free="314368" total="314368" percent="100" />
    </mem>
    <remembered-set count="81" />
  </mem-info>
</gc-end>
<cycle-end id="928" type="scavenge" contextid="921" timestamp="2019-08-03T00:56:48.266" />
  <attribute name="elasticGC enabled" value="1" />
  <attribute name= "numThreadsSpecified" value="4" />
  <attribute name="heapSize specified" value="0" />
  <attribute name= "numCores" value="8" />
  <attribute name ="GC Interval" value="700" />
  <attribute name ="Control flow" value="2" />
  <attribute name="GC Util Range Max" value="15" />
  <attribute name="Current GC Util" value="4" />
  <attribute name= "Current Time Running" value="7277" />
<allocation-satisfied id="929" threadId="0000000001A4DA00" bytesRequested="24" />
<af-end id="930" timestamp="2019-08-03T00:56:48.267" threadId="0000000001A4E388" success="true" from="nursery"/>
<exclusive-end id="931" timestamp="2019-08-03T00:56:48.267" durationms="2.646" />

<exclusive-start id="932" timestamp="2019-08-03T00:56:48.276" intervalms="12.012">
  <response-info timems="0.084" idlems="0.084" threads="0" lastid="0000000001A4DA00" lastname="main" />
</exclusive-start>
<af-start id="933" threadId="0000000001A4E388" totalBytesRequested="24" timestamp="2019-08-03T00:56:48.276" intervalms="12.014" type="nursery" />
<cycle-start id="934" type="scavenge" contextid="0" timestamp="2019-08-03T00:56:48.277" intervalms="12.023" />
<gc-start id="935" type="scavenge" contextid="934" timestamp="2019-08-03T00:56:48.277">
  <mem-info id="936" free="1627232" total="9175040" percent="17">
    <mem type="nursery" free="0" total="2883584" percent="0">
      <mem type="allocate" free="0" total="2490368" percent="0" />
      <mem type="survivor" free="0" total="393216" percent="0" />
    </mem>
    <mem type="tenure" free="1627232" total="6291456" percent="25">
      <mem type="soa" free="1312864" total="5977088" percent="21" />
      <mem type="loa" free="314368" total="314368" percent="100" />
    </mem>
    <remembered-set count="81" />
  </mem-info>
</gc-start>
<allocation-stats totalBytes="2433616" >
  <allocated-bytes non-tlh="32808" tlh="2400808" />
  <largest-consumer threadName="main" threadId="0000000001A4DA00" bytes="2433616" />
</allocation-stats>
<gc-op id="937" type="scavenge" timems="0.207" contextid="934" timestamp="2019-08-03T00:56:48.277">
  <scavenger-info tenureage="3" tenuremask="fff8" tiltratio="86" />
  <memory-copied type="nursery" objects="8" bytes="32960" bytesdiscarded="23632" />
</gc-op>
<gc-end id="938" type="scavenge" contextid="934" durationms="0.380" usertimems="0.000" systemtimems="0.000" timestamp="2019-08-03T00:56:48.277" activeThreads="8">
  <mem-info id="939" free="4126544" total="9175040" percent="44">
    <mem type="nursery" free="2499312" total="2883584" percent="86">
      <mem type="allocate" free="2499312" total="2555904" percent="97" />
      <mem type="survivor" free="0" total="327680" percent="0" />
    </mem>
    <mem type="tenure" free="1627232" total="6291456" percent="25">
      <mem type="soa" free="1312864" total="5977088" percent="21" />
      <mem type="loa" free="314368" total="314368" percent="100" />
    </mem>
    <remembered-set count="81" />
  </mem-info>
</gc-end>
<cycle-end id="940" type="scavenge" contextid="934" timestamp="2019-08-03T00:56:48.277" />
  <attribute name="elasticGC enabled" value="1" />
  <attribute name= "numThreadsSpecified" value="4" />
  <attribute name="heapSize specified" value="0" />
  <attribute name= "numCores" value="8" />
  <attribute name ="GC Interval" value="700" />
  <attribute name ="Control flow" value="2" />
  <attribute name="GC Util Range Max" value="15" />
  <attribute name="Current GC Util" value="18" />
  <attribute name= "Current Time Running" value="7289" />
<allocation-satisfied id="941" threadId="0000000001A4DA00" bytesRequested="24" />
<af-end id="942" timestamp="2019-08-03T00:56:48.277" threadId="0000000001A4E388" success="true" from="nursery"/>
<exclusive-end id="943" timestamp="2019-08-03T00:56:48.277" durationms="1.092" />

<exclusive-start id="944" timestamp="2019-08-03T00:56:48.287" intervalms="10.461">
  <response-info timems="0.072" idlems="0.072" threads="0" lastid="0000000001A4DA00" lastname="main" />
</exclusive-start>
<af-start id="945" threadId="0000000001A4E388" totalBytesRequested="24" timestamp="2019-08-03T00:56:48.287" intervalms="10.487" type="nursery" />
<cycle-start id="946" type="scavenge" contextid="0" timestamp="2019-08-03T00:56:48.287" intervalms="10.478" />
<gc-start id="947" type="scavenge" contextid="946" timestamp="2019-08-03T00:56:48.287">
  <mem-info id="948" free="1627232" total="9175040" percent="17">
    <mem type="nursery" free="0" total="2883584" percent="0">
      <mem type="allocate" free="0" total="2555904" percent="0" />
      <mem type="survivor" free="0" total="327680" percent="0" />
    </mem>
    <mem type="tenure" free="1627232" total="6291456" percent="25">
      <mem type="soa" free="1312864" total="5977088" percent="21" />
      <mem type="loa" free="314368" total="314368" percent="100" />
    </mem>
    <remembered-set count="81" />
  </mem-info>
</gc-start>
<allocation-stats totalBytes="2498392" >
  <allocated-bytes non-tlh="24" tlh="2498368" />
  <largest-consumer threadName="main" threadId="0000000001A4DA00" bytes="2498392" />
</allocation-stats>
<gc-op id="949" type="scavenge" timems="0.220" contextid="946" timestamp="2019-08-03T00:56:48.288">
  <scavenger-info tenureage="3" tenuremask="fff8" tiltratio="88" />
  <memory-copied type="nursery" objects="8" bytes="32960" bytesdiscarded="23632" />
</gc-op>
<gc-end id="950" type="scavenge" contextid="946" durationms="0.697" usertimems="0.000" systemtimems="0.000" timestamp="2019-08-03T00:56:48.288" activeThreads="8">
  <mem-info id="951" free="4126544" total="9175040" percent="44">
    <mem type="nursery" free="2499312" total="2883584" percent="86">
      <mem type="allocate" free="2499312" total="2555904" percent="97" />
      <mem type="survivor" free="0" total="327680" percent="0" />
    </mem>
    <mem type="tenure" free="1627232" total="6291456" percent="25">
      <mem type="soa" free="1312864" total="5977088" percent="21" />
      <mem type="loa" free="314368" total="314368" percent="100" />
    </mem>
    <remembered-set count="81" />
  </mem-info>
</gc-end>
<cycle-end id="952" type="scavenge" contextid="946" timestamp="2019-08-03T00:56:48.288" />
  <attribute name="elasticGC enabled" value="1" />
  <attribute name= "numThreadsSpecified" value="4" />
  <attribute name="heapSize specified" value="0" />
  <attribute name= "numCores" value="8" />
  <attribute name ="GC Interval" value="800" />
  <attribute name ="Control flow" value="1" />
  <attribute name="GC Util Range Max" value="15" />
  <attribute name="Current GC Util" value="5" />
  <attribute name= "Current Time Running" value="7300" />
<allocation-satisfied id="953" threadId="0000000001A4DA00" bytesRequested="24" />
<af-end id="954" timestamp="2019-08-03T00:56:48.288" threadId="0000000001A4E388" success="true" from="nursery"/>
<exclusive-end id="955" timestamp="2019-08-03T00:56:48.288" durationms="1.625" />

<exclusive-start id="956" timestamp="2019-08-03T00:56:48.298" intervalms="11.648">
  <response-info timems="0.076" idlems="0.076" threads="0" lastid="0000000001A4DA00" lastname="main" />
</exclusive-start>
<af-start id="957" threadId="0000000001A4E388" totalBytesRequested="24" timestamp="2019-08-03T00:56:48.299" intervalms="11.664" type="nursery" />
<cycle-start id="958" type="scavenge" contextid="0" timestamp="2019-08-03T00:56:48.299" intervalms="11.660" />
<gc-start id="959" type="scavenge" contextid="958" timestamp="2019-08-03T00:56:48.299">
  <mem-info id="960" free="1627232" total="9175040" percent="17">
    <mem type="nursery" free="0" total="2883584" percent="0">
      <mem type="allocate" free="0" total="2555904" percent="0" />
      <mem type="survivor" free="0" total="327680" percent="0" />
    </mem>
    <mem type="tenure" free="1627232" total="6291456" percent="25">
      <mem type="soa" free="1312864" total="5977088" percent="21" />
      <mem type="loa" free="314368" total="314368" percent="100" />
    </mem>
    <remembered-set count="81" />
  </mem-info>
</gc-start>
<allocation-stats totalBytes="2499096" >
  <allocated-bytes non-tlh="24" tlh="2499072" />
  <largest-consumer threadName="main" threadId="0000000001A4DA00" bytes="2499096" />
</allocation-stats>
<gc-op id="961" type="scavenge" timems="0.568" contextid="958" timestamp="2019-08-03T00:56:48.300">
  <scavenger-info tenureage="3" tenuremask="fff8" tiltratio="88" />
  <memory-copied type="nursery" objects="9" bytes="32984" bytesdiscarded="23608" />
</gc-op>
<gc-end id="962" type="scavenge" contextid="958" durationms="0.954" usertimems="0.000" systemtimems="0.000" timestamp="2019-08-03T00:56:48.300" activeThreads="5">
  <mem-info id="963" free="4126544" total="9175040" percent="44">
    <mem type="nursery" free="2499312" total="2883584" percent="86">
      <mem type="allocate" free="2499312" total="2555904" percent="97" />
      <mem type="survivor" free="0" total="327680" percent="0" />
    </mem>
    <mem type="tenure" free="1627232" total="6291456" percent="25">
      <mem type="soa" free="1312864" total="5977088" percent="21" />
      <mem type="loa" free="314368" total="314368" percent="100" />
    </mem>
    <remembered-set count="81" />
  </mem-info>
</gc-end>
<cycle-end id="964" type="scavenge" contextid="958" timestamp="2019-08-03T00:56:48.300" />
  <attribute name="elasticGC enabled" value="1" />
  <attribute name= "numThreadsSpecified" value="5" />
  <attribute name="heapSize specified" value="0" />
  <attribute name= "numCores" value="8" />
  <attribute name ="GC Interval" value="700" />
  <attribute name ="Control flow" value="2" />
  <attribute name="GC Util Range Max" value="15" />
  <attribute name="Current GC Util" value="4" />
  <attribute name= "Current Time Running" value="7311" />
<allocation-satisfied id="965" threadId="0000000001A4DA00" bytesRequested="24" />
<af-end id="966" timestamp="2019-08-03T00:56:48.300" threadId="0000000001A4E388" success="true" from="nursery"/>
<exclusive-end id="967" timestamp="2019-08-03T00:56:48.300" durationms="1.699" />

<exclusive-start id="968" timestamp="2019-08-03T00:56:48.310" intervalms="11.232">
  <response-info timems="0.055" idlems="0.055" threads="0" lastid="0000000001A4DA00" lastname="main" />
</exclusive-start>
<af-start id="969" threadId="0000000001A4E388" totalBytesRequested="24" timestamp="2019-08-03T00:56:48.310" intervalms="11.177" type="nursery" />
<cycle-start id="970" type="scavenge" contextid="0" timestamp="2019-08-03T00:56:48.310" intervalms="11.118" />
<gc-start id="971" type="scavenge" contextid="970" timestamp="2019-08-03T00:56:48.310">
  <mem-info id="972" free="1627232" total="9175040" percent="17">
    <mem type="nursery" free="0" total="2883584" percent="0">
      <mem type="allocate" free="0" total="2555904" percent="0" />
      <mem type="survivor" free="0" total="327680" percent="0" />
    </mem>
    <mem type="tenure" free="1627232" total="6291456" percent="25">
      <mem type="soa" free="1312864" total="5977088" percent="21" />
      <mem type="loa" free="314368" total="314368" percent="100" />
    </mem>
    <remembered-set count="81" />
  </mem-info>
</gc-start>
<allocation-stats totalBytes="2499136" >
  <allocated-bytes non-tlh="24" tlh="2499112" />
  <largest-consumer threadName="main" threadId="0000000001A4DA00" bytes="2499136" />
</allocation-stats>
<gc-op id="973" type="scavenge" timems="0.579" contextid="970" timestamp="2019-08-03T00:56:48.311">
  <scavenger-info tenureage="3" tenuremask="fff8" tiltratio="88" />
  <memory-copied type="nursery" objects="8" bytes="32960" bytesdiscarded="47440" />
</gc-op>
<gc-end id="974" type="scavenge" contextid="970" durationms="0.882" usertimems="4.000" systemtimems="0.000" timestamp="2019-08-03T00:56:48.311" activeThreads="8">
  <mem-info id="975" free="4102736" total="9175040" percent="44">
    <mem type="nursery" free="2475504" total="2883584" percent="85">
      <mem type="allocate" free="2475504" total="2555904" percent="96" />
      <mem type="survivor" free="0" total="327680" percent="0" />
    </mem>
    <mem type="tenure" free="1627232" total="6291456" percent="25">
      <mem type="soa" free="1312864" total="5977088" percent="21" />
      <mem type="loa" free="314368" total="314368" percent="100" />
    </mem>
    <remembered-set count="81" />
  </mem-info>
</gc-end>
<cycle-end id="976" type="scavenge" contextid="970" timestamp="2019-08-03T00:56:48.311" />
  <attribute name="elasticGC enabled" value="1" />
  <attribute name= "numThreadsSpecified" value="5" />
  <attribute name="heapSize specified" value="0" />
  <attribute name= "numCores" value="8" />
  <attribute name ="GC Interval" value="600" />
  <attribute name ="Control flow" value="1" />
  <attribute name="GC Util Range Max" value="15" />
  <attribute name="Current GC Util" value="11" />
  <attribute name= "Current Time Running" value="7322" />
<allocation-satisfied id="977" threadId="0000000001A4DA00" bytesRequested="24" />
<af-end id="978" timestamp="2019-08-03T00:56:48.311" threadId="0000000001A4E388" success="true" from="nursery"/>
<exclusive-end id="979" timestamp="2019-08-03T00:56:48.311" durationms="1.548" />

<exclusive-start id="980" timestamp="2019-08-03T00:56:48.320" intervalms="10.796">
  <response-info timems="0.072" idlems="0.072" threads="0" lastid="0000000001A4DA00" lastname="main" />
</exclusive-start>
<af-start id="981" threadId="0000000001A4E388" totalBytesRequested="24" timestamp="2019-08-03T00:56:48.321" intervalms="10.836" type="nursery" />
<cycle-start id="982" type="scavenge" contextid="0" timestamp="2019-08-03T00:56:48.321" intervalms="10.897" />
<gc-start id="983" type="scavenge" contextid="982" timestamp="2019-08-03T00:56:48.321">
  <mem-info id="984" free="1627232" total="9175040" percent="17">
    <mem type="nursery" free="0" total="2883584" percent="0">
      <mem type="allocate" free="0" total="2555904" percent="0" />
      <mem type="survivor" free="0" total="327680" percent="0" />
    </mem>
    <mem type="tenure" free="1627232" total="6291456" percent="25">
      <mem type="soa" free="1312864" total="5977088" percent="21" />
      <mem type="loa" free="314368" total="314368" percent="100" />
    </mem>
    <remembered-set count="81" />
  </mem-info>
</gc-start>
<allocation-stats totalBytes="2475208" >
  <allocated-bytes non-tlh="24" tlh="2475184" />
  <largest-consumer threadName="main" threadId="0000000001A4DA00" bytes="2475208" />
</allocation-stats>
<gc-op id="985" type="scavenge" timems="0.169" contextid="982" timestamp="2019-08-03T00:56:48.321">
  <scavenger-info tenureage="3" tenuremask="fff8" tiltratio="88" />
  <memory-copied type="nursery" objects="8" bytes="32960" bytesdiscarded="23632" />
</gc-op>
<gc-end id="986" type="scavenge" contextid="982" durationms="0.634" usertimems="0.000" systemtimems="0.000" timestamp="2019-08-03T00:56:48.322" activeThreads="5">
  <mem-info id="987" free="4126544" total="9175040" percent="44">
    <mem type="nursery" free="2499312" total="2883584" percent="86">
      <mem type="allocate" free="2499312" total="2555904" percent="97" />
      <mem type="survivor" free="0" total="327680" percent="0" />
    </mem>
    <mem type="tenure" free="1627232" total="6291456" percent="25">
      <mem type="soa" free="1312864" total="5977088" percent="21" />
      <mem type="loa" free="314368" total="314368" percent="100" />
    </mem>
    <remembered-set count="81" />
  </mem-info>
</gc-end>
<cycle-end id="988" type="scavenge" contextid="982" timestamp="2019-08-03T00:56:48.322" />
  <attribute name="elasticGC enabled" value="1" />
  <attribute name= "numThreadsSpecified" value="5" />
  <attribute name="heapSize specified" value="0" />
  <attribute name= "numCores" value="8" />
  <attribute name ="GC Interval" value="600" />
  <attribute name ="Control flow" value="2" />
  <attribute name="GC Util Range Max" value="15" />
  <attribute name="Current GC Util" value="10" />
  <attribute name= "Current Time Running" value="7333" />
<allocation-satisfied id="989" threadId="0000000001A4DA00" bytesRequested="24" />
<af-end id="990" timestamp="2019-08-03T00:56:48.322" threadId="0000000001A4E388" success="true" from="nursery"/>
<exclusive-end id="991" timestamp="2019-08-03T00:56:48.322" durationms="1.447" />

<exclusive-start id="992" timestamp="2019-08-03T00:56:48.332" intervalms="11.084">
  <response-info timems="0.071" idlems="0.071" threads="0" lastid="0000000001A4DA00" lastname="main" />
</exclusive-start>
<af-start id="993" threadId="0000000001A4E388" totalBytesRequested="24" timestamp="2019-08-03T00:56:48.332" intervalms="11.097" type="nursery" />
<cycle-start id="994" type="scavenge" contextid="0" timestamp="2019-08-03T00:56:48.332" intervalms="11.092" />
<gc-start id="995" type="scavenge" contextid="994" timestamp="2019-08-03T00:56:48.332">
  <mem-info id="996" free="1627232" total="9175040" percent="17">
    <mem type="nursery" free="0" total="2883584" percent="0">
      <mem type="allocate" free="0" total="2555904" percent="0" />
      <mem type="survivor" free="0" total="327680" percent="0" />
    </mem>
    <mem type="tenure" free="1627232" total="6291456" percent="25">
      <mem type="soa" free="1312864" total="5977088" percent="21" />
      <mem type="loa" free="314368" total="314368" percent="100" />
    </mem>
    <remembered-set count="81" />
  </mem-info>
</gc-start>
<allocation-stats totalBytes="2499120" >
  <allocated-bytes non-tlh="24" tlh="2499096" />
  <largest-consumer threadName="main" threadId="0000000001A4DA00" bytes="2499120" />
</allocation-stats>
<gc-op id="997" type="scavenge" timems="0.623" contextid="994" timestamp="2019-08-03T00:56:48.333">
  <scavenger-info tenureage="3" tenuremask="fff8" tiltratio="88" />
  <memory-copied type="nursery" objects="10" bytes="33008" bytesdiscarded="23584" />
</gc-op>
<heap-resize id="998" type="expand" space="nursery" amount="131072" count="1" timems="0.012" reason="excessive time being spent scavenging" timestamp="2019-08-03T00:56:48.333" />
<gc-end id="999" type="scavenge" contextid="994" durationms="1.258" usertimems="0.000" systemtimems="0.000" timestamp="2019-08-03T00:56:48.333" activeThreads="8">
  <mem-info id="1000" free="4192080" total="9306112" percent="45">
    <mem type="nursery" free="2564848" total="3014656" percent="85">
      <mem type="allocate" free="2564848" total="2621440" percent="97" />
      <mem type="survivor" free="0" total="393216" percent="0" />
    </mem>
    <mem type="tenure" free="1627232" total="6291456" percent="25">
      <mem type="soa" free="1312864" total="5977088" percent="21" />
      <mem type="loa" free="314368" total="314368" percent="100" />
    </mem>
    <remembered-set count="81" />
  </mem-info>
</gc-end>
<cycle-end id="1001" type="scavenge" contextid="994" timestamp="2019-08-03T00:56:48.333" />
  <attribute name="elasticGC enabled" value="1" />
  <attribute name= "numThreadsSpecified" value="5" />
  <attribute name="heapSize specified" value="0" />
  <attribute name= "numCores" value="8" />
  <attribute name ="GC Interval" value="600" />
  <attribute name ="Control flow" value="1" />
  <attribute name="GC Util Range Max" value="15" />
  <attribute name="Current GC Util" value="3" />
  <attribute name= "Current Time Running" value="7344" />
<allocation-satisfied id="1002" threadId="0000000001A4DA00" bytesRequested="24" />
<af-end id="1003" timestamp="2019-08-03T00:56:48.334" threadId="0000000001A4E388" success="true" from="nursery"/>
<exclusive-end id="1004" timestamp="2019-08-03T00:56:48.334" durationms="2.078" />

<exclusive-start id="1005" timestamp="2019-08-03T00:56:48.495" intervalms="163.147">
  <response-info timems="0.033" idlems="0.033" threads="0" lastid="0000000001A4DA00" lastname="main" />
</exclusive-start>
<af-start id="1006" threadId="0000000001A4E388" totalBytesRequested="128" timestamp="2019-08-03T00:56:48.495" intervalms="163.061" type="nursery" />
<cycle-start id="1007" type="scavenge" contextid="0" timestamp="2019-08-03T00:56:48.495" intervalms="162.971" />
<gc-start id="1008" type="scavenge" contextid="1007" timestamp="2019-08-03T00:56:48.495">
  <mem-info id="1009" free="1591440" total="9306112" percent="17">
    <mem type="nursery" free="0" total="3014656" percent="0">
      <mem type="allocate" free="0" total="2621440" percent="0" />
      <mem type="survivor" free="0" total="393216" percent="0" />
    </mem>
    <mem type="tenure" free="1591440" total="6291456" percent="25">
      <mem type="soa" free="1277072" total="5977088" percent="21" />
      <mem type="loa" free="314368" total="314368" percent="100" />
    </mem>
    <remembered-set count="571" />
  </mem-info>
</gc-start>
<allocation-stats totalBytes="2600320" >
  <allocated-bytes non-tlh="35816" tlh="2564504" />
  <largest-consumer threadName="main" threadId="0000000001A4DA00" bytes="2600320" />
</allocation-stats>
<gc-op id="1010" type="scavenge" timems="0.796" contextid="1007" timestamp="2019-08-03T00:56:48.496">
  <scavenger-info tenureage="14" tenuremask="4000" tiltratio="86" />
  <memory-copied type="nursery" objects="3199" bytes="159576" bytesdiscarded="46680" />
  <references type="soft" candidates="3" cleared="0" enqueued="0" dynamicThreshold="11" maxThreshold="32" />
  <references type="weak" candidates="29" cleared="21" enqueued="19" />
  <references type="phantom" candidates="4" cleared="2" enqueued="2" />
</gc-op>
<gc-end id="1011" type="scavenge" contextid="1007" durationms="1.001" usertimems="0.000" systemtimems="0.000" timestamp="2019-08-03T00:56:48.496" activeThreads="6">
  <mem-info id="1012" free="4072064" total="9306112" percent="43">
    <mem type="nursery" free="2480624" total="3014656" percent="82">
      <mem type="allocate" free="2480624" total="2686976" percent="92" />
      <mem type="survivor" free="0" total="327680" percent="0" />
    </mem>
    <mem type="tenure" free="1591440" total="6291456" percent="25">
      <mem type="soa" free="1277072" total="5977088" percent="21" />
      <mem type="loa" free="314368" total="314368" percent="100" />
    </mem>
    <pending-finalizers system="0" default="0" reference="21" classloader="0" />
    <remembered-set count="568" />
  </mem-info>
</gc-end>
<cycle-end id="1013" type="scavenge" contextid="1007" timestamp="2019-08-03T00:56:48.496" />
  <attribute name="elasticGC enabled" value="1" />
  <attribute name= "numThreadsSpecified" value="6" />
  <attribute name="heapSize specified" value="0" />
  <attribute name= "numCores" value="8" />
  <attribute name ="GC Interval" value="500" />
  <attribute name ="Control flow" value="2" />
  <attribute name="GC Util Range Max" value="15" />
  <attribute name="Current GC Util" value="0" />
  <attribute name= "Current Time Running" value="7507" />
<allocation-satisfied id="1014" threadId="0000000001A4DA00" bytesRequested="128" />
<af-end id="1015" timestamp="2019-08-03T00:56:48.496" threadId="0000000001A4E388" success="true" from="nursery"/>
<exclusive-end id="1016" timestamp="2019-08-03T00:56:48.496" durationms="1.537" />

</verbosegc>

