<?xml version="1.0" ?>

<verbosegc xmlns="http://www.ibm.com/j9/verbosegc" version="10b4217_CMPRSS">

<initialized id="1" timestamp="2019-06-15T23:28:11.401">
  <attribute name="gcPolicy" value="-Xgcpolicy:gencon" />
  <attribute name="elasticGC enabled" value="1" />
  <attribute name= "numThreadsSpecified" value="0" />
  <attribute name="heapSize specified" value="0" />
  <attribute name="Current GC Util" value="0" />
  <attribute name= "Current Time Running" value="0" />
  <attribute name ="GC Interval" value="0" />
  <attribute name="ProportionalT" value="0.000000" />
  <attribute name="ProportionalI" value="0.000000" />
  <attribute name="ProportionalH" value="0.000000" />
  <attribute name="IntegralT" value="0.000000" />
  <attribute name="IntegralI" value="0.000000" />
  <attribute name="IntegralH" value="0.000000" />
  <attribute name="DerivativeT" value="0.000000" />
  <attribute name="DerivativeI" value="0.000000" />
  <attribute name="DerivativeH" value="0.000000" />
  <attribute name="Target GC Util Change" value ="0.000000" />
  <attribute name="Current GC Util Change" value="0.000000"/>
  <attribute name="Current Error" value="0.000000" />
  <attribute name="Loop Time for DT" value="0.000000" />
  <attribute name="Output H" value="0"/>
  <attribute name="Output I" value="0"/>
  <attribute name="Output T" value="0"/>
  <attribute name="GC Util currently" value="0" />
  <attribute name="CPU Util currently" value="0" />
  <attribute name="maxHeapSize" value="0x7cbc0000" />
  <attribute name="initialHeapSize" value="0x800000" />
  <attribute name="compressedRefs" value="true" />
  <attribute name="compressedRefsDisplacement" value="0x0" />
  <attribute name="compressedRefsShift" value="0x0" />
  <attribute name="pageSize" value="0x1000" />
  <attribute name="pageType" value="not used" />
  <attribute name="requestedPageSize" value="0x1000" />
  <attribute name="requestedPageType" value="not used" />
  <attribute name="gcthreads" value="4" />
  <attribute name="gcthreads Concurrent Mark" value="1" />
  <attribute name="packetListSplit" value="4" />
  <attribute name="cacheListSplit" value="4" />
  <attribute name="splitFreeListSplitAmount" value="1" />
  <attribute name="numaNodes" value="0" />
  <system>
    <attribute name="physicalMemory" value="8370958336" />
    <attribute name="numCPUs" value="4" />
    <attribute name="architecture" value="amd64" />
    <attribute name="os" value="Linux" />
    <attribute name="osVersion" value="4.4.0-150-generic" />
  </system>
  <vmargs>
    <vmarg name="-Xoptionsfile=/vagrant/jdk/lib/options.default" />
    <vmarg name="-Xlockword:mode=default,noLockword=java/lang/String,noLockword=java/util/MapEntry,noLockword=java/util/HashMap$Entry,noLockword..." />
    <vmarg name="-Xjcl:jclse29" />
    <vmarg name="-Dcom.ibm.oti.vm.bootstrap.library.path=/vagrant/jdk/lib/compressedrefs:/vagrant/jdk/lib" />
    <vmarg name="-Dsun.boot.library.path=/vagrant/jdk/lib/compressedrefs:/vagrant/jdk/lib" />
    <vmarg name="-Djava.library.path=/vagrant/jdk/lib/compressedrefs:/vagrant/jdk/lib:/usr/lib64:/usr/lib" />
    <vmarg name="-Djava.home=/vagrant/jdk" />
    <vmarg name="-Duser.dir=/vagrant" />
    <vmarg name="-Xgcpolicy:gencon" />
    <vmarg name="-Xgcelastic" />
    <vmarg name="-Xcheck:gc:::elasticGC" />
    <vmarg name="-verbose:gc" />
    <vmarg name="-Xloggc:jdk1.5-1-1-small-GEN-4CORE-elasticverbose12pmd.txt" />
    <vmarg name="-Djava.class.path=dacapo-9.12-MR1-bach.jar" />
    <vmarg name="-Dsun.java.command=dacapo-9.12-MR1-bach.jar pmd --size=small" />
    <vmarg name="-Dsun.java.launcher=SUN_STANDARD" />
    <vmarg name="-Dsun.java.launcher.pid=8704" />
  </vmargs>
</initialized>

<exclusive-start id="2" timestamp="2019-06-15T23:28:11.633" intervalms="231.926">
  <response-info timems="0.021" idlems="0.021" threads="0" lastid="0000000001E83700" lastname="main" />
</exclusive-start>
<af-start id="3" threadId="0000000001E84088" totalBytesRequested="7176" timestamp="2019-06-15T23:28:11.633" intervalms="232.166" type="nursery" />
<cycle-start id="4" type="scavenge" contextid="0" timestamp="2019-06-15T23:28:11.633" intervalms="232.643" />
<gc-start id="5" type="scavenge" contextid="4" timestamp="2019-06-15T23:28:11.639">
  <mem-info id="6" free="6062624" total="8388608" percent="72">
    <mem type="nursery" free="0" total="2097152" percent="0">
      <mem type="allocate" free="0" total="1048576" percent="0" />
      <mem type="survivor" free="0" total="1048576" percent="0" />
    </mem>
    <mem type="tenure" free="6062624" total="6291456" percent="96">
      <mem type="soa" free="5748256" total="5977088" percent="96" />
      <mem type="loa" free="314368" total="314368" percent="100" />
    </mem>
    <remembered-set count="3161" />
  </mem-info>
</gc-start>
<allocation-stats totalBytes="1274072" >
  <allocated-bytes non-tlh="344784" tlh="929288" />
  <largest-consumer threadName="main" threadId="0000000001E83700" bytes="1196800" />
</allocation-stats>
<gc-op id="7" type="scavenge" timems="2.089" contextid="4" timestamp="2019-06-15T23:28:11.641">
  <scavenger-info tenureage="2" tenuremask="fffc" tiltratio="50" />
  <memory-copied type="nursery" objects="10578" bytes="479576" bytesdiscarded="108120" />
  <finalization candidates="11" enqueued="0" />
  <references type="soft" candidates="62" cleared="0" enqueued="0" dynamicThreshold="32" maxThreshold="32" />
  <references type="weak" candidates="309" cleared="177" enqueued="141" />
  <references type="phantom" candidates="25" cleared="6" enqueued="6" />
</gc-op>
<gc-end id="8" type="scavenge" contextid="4" durationms="5.589" usertimems="4.000" systemtimems="0.000" timestamp="2019-06-15T23:28:11.645" activeThreads="4">
  <mem-info id="9" free="6521408" total="8388608" percent="77">
    <mem type="nursery" free="458784" total="2097152" percent="21">
      <mem type="allocate" free="458784" total="1048576" percent="43" />
      <mem type="survivor" free="0" total="1048576" percent="0" />
    </mem>
    <mem type="tenure" free="6062624" total="6291456" percent="96">
      <mem type="soa" free="5748256" total="5977088" percent="96" />
      <mem type="loa" free="314368" total="314368" percent="100" />
    </mem>
    <pending-finalizers system="0" default="0" reference="147" classloader="0" />
    <remembered-set count="3161" />
  </mem-info>
</gc-end>
<cycle-end id="10" type="scavenge" contextid="4" timestamp="2019-06-15T23:28:11.645" />
  <attribute name="elasticGC enabled" value="1" />
  <attribute name= "numThreadsSpecified" value="0" />
  <attribute name="heapSize specified" value="0" />
  <attribute name="Current GC Util" value="0" />
  <attribute name= "Current Time Running" value="83" />
  <attribute name ="GC Interval" value="1" />
  <attribute name="ProportionalT" value="0.000000" />
  <attribute name="ProportionalI" value="0.000000" />
  <attribute name="ProportionalH" value="0.000000" />
  <attribute name="Current Error" value="0.000000" />
  <attribute name="IntegralT" value="0.000000" />
  <attribute name="IntegralI" value="0.000000" />
  <attribute name="IntegralH" value="0.000000" />
  <attribute name="DerivativeT" value="0.000000" />
  <attribute name="DerivativeI" value="0.000000" />
  <attribute name="DerivativeH" value="0.000000" />
  <attribute name="Loop Time for DT" value="0.000000" />
  <attribute name="Output H" value="0"/>
  <attribute name="Output I" value="0"/>
  <attribute name="Output T" value="0"/>
  <attribute name="Target GC Util Change" value ="20.000000" />
  <attribute name="Current GC Util Change" value="0.000000"/>
  <attribute name="GC Util currently" value="0" />
  <attribute name="CPU Util currently" value="26" />
<allocation-satisfied id="11" threadId="0000000001E83700" bytesRequested="7176" />
<af-end id="12" timestamp="2019-06-15T23:28:11.645" threadId="0000000001E84088" success="true" from="nursery"/>
<exclusive-end id="13" timestamp="2019-06-15T23:28:11.645" durationms="12.369" />

<exclusive-start id="14" timestamp="2019-06-15T23:28:11.677" intervalms="43.781">
  <response-info timems="0.030" idlems="0.030" threads="0" lastid="0000000001E83700" lastname="main" />
</exclusive-start>
<af-start id="15" threadId="0000000001E84088" totalBytesRequested="15200" timestamp="2019-06-15T23:28:11.677" intervalms="43.654" type="nursery" />
<cycle-start id="16" type="scavenge" contextid="0" timestamp="2019-06-15T23:28:11.677" intervalms="43.276" />
<gc-start id="17" type="scavenge" contextid="16" timestamp="2019-06-15T23:28:11.681">
  <mem-info id="18" free="6054888" total="8388608" percent="72">
    <mem type="nursery" free="0" total="2097152" percent="0">
      <mem type="allocate" free="0" total="1048576" percent="0" />
      <mem type="survivor" free="0" total="1048576" percent="0" />
    </mem>
    <mem type="tenure" free="6054888" total="6291456" percent="96">
      <mem type="soa" free="5740520" total="5977088" percent="96" />
      <mem type="loa" free="314368" total="314368" percent="100" />
    </mem>
    <remembered-set count="3262" />
  </mem-info>
</gc-start>
<allocation-stats totalBytes="457344" >
  <allocated-bytes non-tlh="14912" tlh="442432" />
  <largest-consumer threadName="main" threadId="0000000001E83700" bytes="445368" />
</allocation-stats>
<gc-op id="19" type="scavenge" timems="0.791" contextid="16" timestamp="2019-06-15T23:28:11.682">
  <scavenger-info tenureage="5" tenuremask="7fe0" tiltratio="50" />
  <memory-copied type="nursery" objects="10895" bytes="508112" bytesdiscarded="160744" />
  <finalization candidates="11" enqueued="0" />
  <references type="soft" candidates="62" cleared="0" enqueued="0" dynamicThreshold="32" maxThreshold="32" />
  <references type="weak" candidates="242" cleared="96" enqueued="93" />
  <references type="phantom" candidates="38" cleared="12" enqueued="12" />
</gc-op>
<gc-end id="20" type="scavenge" contextid="16" durationms="1.061" usertimems="0.000" systemtimems="0.000" timestamp="2019-06-15T23:28:11.682" activeThreads="4">
  <mem-info id="21" free="6433136" total="8388608" percent="76">
    <mem type="nursery" free="378248" total="2097152" percent="18">
      <mem type="allocate" free="378248" total="1048576" percent="36" />
      <mem type="survivor" free="0" total="1048576" percent="0" />
    </mem>
    <mem type="tenure" free="6054888" total="6291456" percent="96">
      <mem type="soa" free="5740520" total="5977088" percent="96" />
      <mem type="loa" free="314368" total="314368" percent="100" />
    </mem>
    <pending-finalizers system="0" default="0" reference="105" classloader="0" />
    <remembered-set count="3262" />
  </mem-info>
</gc-end>
<cycle-end id="22" type="scavenge" contextid="16" timestamp="2019-06-15T23:28:11.682" />
  <attribute name="elasticGC enabled" value="1" />
  <attribute name= "numThreadsSpecified" value="4" />
  <attribute name="heapSize specified" value="0" />
  <attribute name="Current GC Util" value="26" />
  <attribute name= "Current Time Running" value="125" />
  <attribute name ="GC Interval" value="264" />
  <attribute name="ProportionalT" value="9.000000" />
  <attribute name="ProportionalI" value="9.000000" />
  <attribute name="ProportionalH" value="9.000000" />
  <attribute name="Current Error" value="6.000000" />
  <attribute name="IntegralT" value="252.000000" />
  <attribute name="IntegralI" value="252.000000" />
  <attribute name="IntegralH" value="252.000000" />
  <attribute name="DerivativeT" value="0.142857" />
  <attribute name="DerivativeI" value="0.142857" />
  <attribute name="DerivativeH" value="0.142857" />
  <attribute name="Loop Time for DT" value="42.000000" />
  <attribute name="Output H" value="8388608"/>
  <attribute name="Output I" value="264"/>
  <attribute name="Output T" value="4"/>
  <attribute name="Target GC Util Change" value ="20.000000" />
  <attribute name="Current GC Util Change" value="26.000000"/>
  <attribute name="GC Util currently" value="26" />
  <attribute name="CPU Util currently" value="5" />
<allocation-satisfied id="23" threadId="0000000001E83700" bytesRequested="15200" />
<af-end id="24" timestamp="2019-06-15T23:28:11.682" threadId="0000000001E84088" success="true" from="nursery"/>
<exclusive-end id="25" timestamp="2019-06-15T23:28:11.682" durationms="5.803" />

<exclusive-start id="26" timestamp="2019-06-15T23:28:11.691" intervalms="14.832">
  <response-info timems="0.069" idlems="0.069" threads="0" lastid="0000000001E83700" lastname="main" />
</exclusive-start>
<af-start id="27" threadId="0000000001E84088" totalBytesRequested="16392" timestamp="2019-06-15T23:28:11.691" intervalms="14.842" type="nursery" />
<cycle-start id="28" type="scavenge" contextid="0" timestamp="2019-06-15T23:28:11.692" intervalms="14.826" />
<gc-start id="29" type="scavenge" contextid="28" timestamp="2019-06-15T23:28:11.692">
  <mem-info id="30" free="6052200" total="8388608" percent="72">
    <mem type="nursery" free="0" total="2097152" percent="0">
      <mem type="allocate" free="0" total="1048576" percent="0" />
      <mem type="survivor" free="0" total="1048576" percent="0" />
    </mem>
    <mem type="tenure" free="6052200" total="6291456" percent="96">
      <mem type="soa" free="5737832" total="5977088" percent="95" />
      <mem type="loa" free="314368" total="314368" percent="100" />
    </mem>
    <remembered-set count="3295" />
  </mem-info>
</gc-start>
<allocation-stats totalBytes="348864" >
  <allocated-bytes non-tlh="17888" tlh="330976" />
  <largest-consumer threadName="main" threadId="0000000001E83700" bytes="340672" />
</allocation-stats>
<gc-op id="31" type="scavenge" timems="0.810" contextid="28" timestamp="2019-06-15T23:28:11.693">
  <scavenger-info tenureage="4" tenuremask="7ff0" tiltratio="50" />
  <memory-copied type="nursery" objects="10891" bytes="522128" bytesdiscarded="98544" />
  <finalization candidates="11" enqueued="0" />
  <references type="soft" candidates="62" cleared="0" enqueued="0" dynamicThreshold="32" maxThreshold="32" />
  <references type="weak" candidates="219" cleared="73" enqueued="73" />
  <references type="phantom" candidates="36" cleared="9" enqueued="9" />
</gc-op>
<heap-resize id="32" type="expand" space="nursery" amount="131072" count="1" timems="0.145" reason="excessive time being spent scavenging" timestamp="2019-06-15T23:28:11.693" />
<gc-end id="33" type="scavenge" contextid="28" durationms="1.377" usertimems="4.000" systemtimems="0.000" timestamp="2019-06-15T23:28:11.693" activeThreads="4">
  <mem-info id="34" free="6544192" total="8519680" percent="76">
    <mem type="nursery" free="491992" total="2228224" percent="22">
      <mem type="allocate" free="491992" total="1114112" percent="44" />
      <mem type="survivor" free="0" total="1114112" percent="0" />
    </mem>
    <mem type="tenure" free="6052200" total="6291456" percent="96">
      <mem type="soa" free="5737832" total="5977088" percent="95" />
      <mem type="loa" free="314368" total="314368" percent="100" />
    </mem>
    <pending-finalizers system="0" default="0" reference="82" classloader="0" />
    <remembered-set count="1025" />
  </mem-info>
</gc-end>
<cycle-end id="35" type="scavenge" contextid="28" timestamp="2019-06-15T23:28:11.693" />
  <attribute name="elasticGC enabled" value="1" />
  <attribute name= "numThreadsSpecified" value="4" />
  <attribute name="heapSize specified" value="0" />
  <attribute name="Current GC Util" value="49" />
  <attribute name= "Current Time Running" value="136" />
  <attribute name ="GC Interval" value="616" />
  <attribute name="ProportionalT" value="43.500000" />
  <attribute name="ProportionalI" value="43.500000" />
  <attribute name="ProportionalH" value="43.500000" />
  <attribute name="Current Error" value="29.000000" />
  <attribute name="IntegralT" value="571.000000" />
  <attribute name="IntegralI" value="571.000000" />
  <attribute name="IntegralH" value="571.000000" />
  <attribute name="DerivativeT" value="2.090909" />
  <attribute name="DerivativeI" value="2.090909" />
  <attribute name="DerivativeH" value="2.090909" />
  <attribute name="Loop Time for DT" value="11.000000" />
  <attribute name="Output H" value="8388608"/>
  <attribute name="Output I" value="616"/>
  <attribute name="Output T" value="4"/>
  <attribute name="Target GC Util Change" value ="20.000000" />
  <attribute name="Current GC Util Change" value="49.000000"/>
  <attribute name="GC Util currently" value="49" />
  <attribute name="CPU Util currently" value="7" />
<allocation-satisfied id="36" threadId="0000000001E83700" bytesRequested="16392" />
<af-end id="37" timestamp="2019-06-15T23:28:11.693" threadId="0000000001E84088" success="true" from="nursery"/>
<exclusive-end id="38" timestamp="2019-06-15T23:28:11.693" durationms="1.864" />

<exclusive-start id="39" timestamp="2019-06-15T23:28:11.962" intervalms="270.862">
  <response-info timems="0.436" idlems="0.436" threads="0" lastid="0000000001E83700" lastname="main" />
</exclusive-start>
<af-start id="40" threadId="0000000001E84088" totalBytesRequested="64" timestamp="2019-06-15T23:28:11.962" intervalms="270.934" type="nursery" />
<cycle-start id="41" type="scavenge" contextid="0" timestamp="2019-06-15T23:28:11.963" intervalms="271.065" />
<gc-start id="42" type="scavenge" contextid="41" timestamp="2019-06-15T23:28:11.963">
  <mem-info id="43" free="6048488" total="8519680" percent="70">
    <mem type="nursery" free="0" total="2228224" percent="0">
      <mem type="allocate" free="0" total="1114112" percent="0" />
      <mem type="survivor" free="0" total="1114112" percent="0" />
    </mem>
    <mem type="tenure" free="6048488" total="6291456" percent="96">
      <mem type="soa" free="5734120" total="5977088" percent="95" />
      <mem type="loa" free="314368" total="314368" percent="100" />
    </mem>
    <remembered-set count="1091" />
  </mem-info>
</gc-start>
<allocation-stats totalBytes="494368" >
  <allocated-bytes non-tlh="20104" tlh="474264" />
  <largest-consumer threadName="main" threadId="0000000001E83700" bytes="494368" />
</allocation-stats>
<gc-op id="44" type="scavenge" timems="2.034" contextid="41" timestamp="2019-06-15T23:28:11.965">
  <scavenger-info tenureage="3" tenuremask="fff8" tiltratio="50" />
  <memory-copied type="nursery" objects="805" bytes="150696" bytesdiscarded="118608" />
  <memory-copied type="tenure" objects="10288" bytes="459808" bytesdiscarded="200" />
  <finalization candidates="13" enqueued="0" />
  <references type="soft" candidates="1" cleared="0" enqueued="0" dynamicThreshold="32" maxThreshold="32" />
  <references type="weak" candidates="65" cleared="50" enqueued="50" />
  <references type="phantom" candidates="21" cleared="12" enqueued="12" />
</gc-op>
<gc-end id="45" type="scavenge" contextid="41" durationms="2.502" usertimems="4.000" systemtimems="0.000" timestamp="2019-06-15T23:28:11.965" activeThreads="4">
  <mem-info id="46" free="6335776" total="8519680" percent="74">
    <mem type="nursery" free="844752" total="2228224" percent="37">
      <mem type="allocate" free="844752" total="1114112" percent="75" />
      <mem type="survivor" free="0" total="1114112" percent="0" />
    </mem>
    <mem type="tenure" free="5491024" total="6291456" percent="87">
      <mem type="soa" free="5176656" total="5977088" percent="86" />
      <mem type="loa" free="314368" total="314368" percent="100" />
    </mem>
    <pending-finalizers system="0" default="0" reference="62" classloader="0" />
    <remembered-set count="216" />
  </mem-info>
</gc-end>
<cycle-end id="47" type="scavenge" contextid="41" timestamp="2019-06-15T23:28:11.965" />
  <attribute name="elasticGC enabled" value="1" />
  <attribute name= "numThreadsSpecified" value="4" />
  <attribute name="heapSize specified" value="0" />
  <attribute name="Current GC Util" value="0" />
  <attribute name= "Current Time Running" value="407" />
  <attribute name ="GC Interval" value="200" />
  <attribute name="ProportionalT" value="-30.000000" />
  <attribute name="ProportionalI" value="-30.000000" />
  <attribute name="ProportionalH" value="-30.000000" />
  <attribute name="Current Error" value="-20.000000" />
  <attribute name="IntegralT" value="-4849.000000" />
  <attribute name="IntegralI" value="-4849.000000" />
  <attribute name="IntegralH" value="-4849.000000" />
  <attribute name="DerivativeT" value="-0.180812" />
  <attribute name="DerivativeI" value="-0.180812" />
  <attribute name="DerivativeH" value="-0.180812" />
  <attribute name="Loop Time for DT" value="271.000000" />
  <attribute name="Output H" value="2092630016"/>
  <attribute name="Output I" value="200"/>
  <attribute name="Output T" value="4"/>
  <attribute name="Target GC Util Change" value ="20.000000" />
  <attribute name="Current GC Util Change" value="0.000000"/>
  <attribute name="GC Util currently" value="0" />
  <attribute name="CPU Util currently" value="8" />
<allocation-satisfied id="48" threadId="0000000001E83700" bytesRequested="64" />
<af-end id="49" timestamp="2019-06-15T23:28:11.966" threadId="0000000001E84088" success="true" from="nursery"/>
<exclusive-end id="50" timestamp="2019-06-15T23:28:11.966" durationms="3.813" />

<exclusive-start id="51" timestamp="2019-06-15T23:28:15.578" intervalms="3615.940">
  <response-info timems="0.239" idlems="0.239" threads="0" lastid="0000000001E83700" lastname="main" />
</exclusive-start>
<af-start id="52" threadId="0000000001E84088" totalBytesRequested="2056" timestamp="2019-06-15T23:28:15.579" intervalms="3616.453" type="nursery" />
<cycle-start id="53" type="scavenge" contextid="0" timestamp="2019-06-15T23:28:15.580" intervalms="3616.877" />
<gc-start id="54" type="scavenge" contextid="53" timestamp="2019-06-15T23:28:15.580">
  <mem-info id="55" free="5490104" total="8519680" percent="64">
    <mem type="nursery" free="0" total="2228224" percent="0">
      <mem type="allocate" free="0" total="1114112" percent="0" />
      <mem type="survivor" free="0" total="1114112" percent="0" />
    </mem>
    <mem type="tenure" free="5490104" total="6291456" percent="87">
      <mem type="soa" free="5175736" total="5977088" percent="86" />
      <mem type="loa" free="314368" total="314368" percent="100" />
    </mem>
    <remembered-set count="232" />
  </mem-info>
</gc-start>
<allocation-stats totalBytes="840288" >
  <allocated-bytes non-tlh="984" tlh="839304" />
  <largest-consumer threadName="main" threadId="0000000001E83700" bytes="840288" />
</allocation-stats>
<gc-op id="56" type="scavenge" timems="3.643" contextid="53" timestamp="2019-06-15T23:28:15.585">
  <scavenger-info tenureage="3" tenuremask="fff8" tiltratio="50" />
  <memory-copied type="nursery" objects="478" bytes="103920" bytesdiscarded="69064" />
  <memory-copied type="tenure" objects="303" bytes="15168" bytesdiscarded="0" />
  <finalization candidates="3" enqueued="1" />
  <references type="soft" candidates="1" cleared="0" enqueued="0" dynamicThreshold="32" maxThreshold="32" />
  <references type="weak" candidates="6" cleared="4" enqueued="4" />
  <references type="phantom" candidates="7" cleared="2" enqueued="2" />
</gc-op>
<gc-end id="57" type="scavenge" contextid="53" durationms="5.328" usertimems="0.000" systemtimems="4.000" timestamp="2019-06-15T23:28:15.585" activeThreads="4">
  <mem-info id="58" free="6431152" total="8519680" percent="75">
    <mem type="nursery" free="941048" total="2228224" percent="42">
      <mem type="allocate" free="941048" total="1114112" percent="84" />
      <mem type="survivor" free="0" total="1114112" percent="0" />
    </mem>
    <mem type="tenure" free="5490104" total="6291456" percent="87">
      <mem type="soa" free="5175736" total="5977088" percent="86" />
      <mem type="loa" free="314368" total="314368" percent="100" />
    </mem>
    <pending-finalizers system="1" default="0" reference="6" classloader="0" />
    <remembered-set count="178" />
  </mem-info>
</gc-end>
<cycle-end id="59" type="scavenge" contextid="53" timestamp="2019-06-15T23:28:15.586" />
  <attribute name="elasticGC enabled" value="1" />
  <attribute name= "numThreadsSpecified" value="4" />
  <attribute name="heapSize specified" value="0" />
  <attribute name="Current GC Util" value="0" />
  <attribute name= "Current Time Running" value="4025" />
  <attribute name ="GC Interval" value="200" />
  <attribute name="ProportionalT" value="-30.000000" />
  <attribute name="ProportionalI" value="-30.000000" />
  <attribute name="ProportionalH" value="-30.000000" />
  <attribute name="Current Error" value="-20.000000" />
  <attribute name="IntegralT" value="-77209.000000" />
  <attribute name="IntegralI" value="-77209.000000" />
  <attribute name="IntegralH" value="-77209.000000" />
  <attribute name="DerivativeT" value="-0.005528" />
  <attribute name="DerivativeI" value="-0.005528" />
  <attribute name="DerivativeH" value="-0.005528" />
  <attribute name="Loop Time for DT" value="3618.000000" />
  <attribute name="Output H" value="2092630016"/>
  <attribute name="Output I" value="200"/>
  <attribute name="Output T" value="4"/>
  <attribute name="Target GC Util Change" value ="20.000000" />
  <attribute name="Current GC Util Change" value="0.000000"/>
  <attribute name="GC Util currently" value="0" />
  <attribute name="CPU Util currently" value="3" />
<allocation-satisfied id="60" threadId="0000000001E83700" bytesRequested="2056" />
<af-end id="61" timestamp="2019-06-15T23:28:15.587" threadId="0000000001E84088" success="true" from="nursery"/>
<exclusive-end id="62" timestamp="2019-06-15T23:28:15.588" durationms="9.521" />

<exclusive-start id="63" timestamp="2019-06-15T23:28:19.365" intervalms="3786.344">
  <response-info timems="0.962" idlems="0.962" threads="0" lastid="0000000001E83700" lastname="main" />
</exclusive-start>
<af-start id="64" threadId="0000000001E84088" totalBytesRequested="2056" timestamp="2019-06-15T23:28:19.365" intervalms="3786.073" type="nursery" />
<cycle-start id="65" type="scavenge" contextid="0" timestamp="2019-06-15T23:28:19.365" intervalms="3785.856" />
<gc-start id="66" type="scavenge" contextid="65" timestamp="2019-06-15T23:28:19.366">
  <mem-info id="67" free="5490104" total="8519680" percent="64">
    <mem type="nursery" free="0" total="2228224" percent="0">
      <mem type="allocate" free="0" total="1114112" percent="0" />
      <mem type="survivor" free="0" total="1114112" percent="0" />
    </mem>
    <mem type="tenure" free="5490104" total="6291456" percent="87">
      <mem type="soa" free="5175736" total="5977088" percent="86" />
      <mem type="loa" free="314368" total="314368" percent="100" />
    </mem>
    <remembered-set count="180" />
  </mem-info>
</gc-start>
<allocation-stats totalBytes="934072" >
  <allocated-bytes non-tlh="2056" tlh="932016" />
  <largest-consumer threadName="main" threadId="0000000001E83700" bytes="934072" />
</allocation-stats>
<gc-op id="68" type="scavenge" timems="1.831" contextid="65" timestamp="2019-06-15T23:28:19.368">
  <scavenger-info tenureage="4" tenuremask="fff0" tiltratio="50" />
  <memory-copied type="nursery" objects="457" bytes="88840" bytesdiscarded="83896" />
  <finalization candidates="2" enqueued="0" />
  <references type="soft" candidates="1" cleared="0" enqueued="0" dynamicThreshold="32" maxThreshold="32" />
  <references type="weak" candidates="2" cleared="0" enqueued="0" />
  <references type="phantom" candidates="5" cleared="0" enqueued="0" />
</gc-op>
<gc-end id="69" type="scavenge" contextid="65" durationms="3.960" usertimems="4.000" systemtimems="0.000" timestamp="2019-06-15T23:28:19.370" activeThreads="4">
  <mem-info id="70" free="6628008" total="8519680" percent="77">
    <mem type="nursery" free="1137904" total="2228224" percent="51">
      <mem type="allocate" free="1137904" total="1310720" percent="86" />
      <mem type="survivor" free="0" total="917504" percent="0" />
    </mem>
    <mem type="tenure" free="5490104" total="6291456" percent="87" macro-fragmented="3732887">
      <mem type="soa" free="5175736" total="5977088" percent="86" />
      <mem type="loa" free="314368" total="314368" percent="100" />
    </mem>
    <remembered-set count="108" />
  </mem-info>
</gc-end>
<cycle-end id="71" type="scavenge" contextid="65" timestamp="2019-06-15T23:28:19.370" />
  <attribute name="elasticGC enabled" value="1" />
  <attribute name= "numThreadsSpecified" value="4" />
  <attribute name="heapSize specified" value="0" />
  <attribute name="Current GC Util" value="0" />
  <attribute name= "Current Time Running" value="7811" />
  <attribute name ="GC Interval" value="200" />
  <attribute name="ProportionalT" value="-30.000000" />
  <attribute name="ProportionalI" value="-30.000000" />
  <attribute name="ProportionalH" value="-30.000000" />
  <attribute name="Current Error" value="-20.000000" />
  <attribute name="IntegralT" value="-152929.000000" />
  <attribute name="IntegralI" value="-152929.000000" />
  <attribute name="IntegralH" value="-152929.000000" />
  <attribute name="DerivativeT" value="-0.005283" />
  <attribute name="DerivativeI" value="-0.005283" />
  <attribute name="DerivativeH" value="-0.005283" />
  <attribute name="Loop Time for DT" value="3786.000000" />
  <attribute name="Output H" value="2092630016"/>
  <attribute name="Output I" value="200"/>
  <attribute name="Output T" value="4"/>
  <attribute name="Target GC Util Change" value ="20.000000" />
  <attribute name="Current GC Util Change" value="0.000000"/>
  <attribute name="GC Util currently" value="0" />
  <attribute name="CPU Util currently" value="2" />
<allocation-satisfied id="72" threadId="0000000001E83700" bytesRequested="2056" />
<af-end id="73" timestamp="2019-06-15T23:28:19.371" threadId="0000000001E84088" success="true" from="nursery"/>
<exclusive-end id="74" timestamp="2019-06-15T23:28:19.371" durationms="6.836" />

<exclusive-start id="75" timestamp="2019-06-15T23:28:23.193" intervalms="3828.814">
  <response-info timems="0.232" idlems="0.232" threads="0" lastid="0000000001E83700" lastname="main" />
</exclusive-start>
<af-start id="76" threadId="0000000001E84088" totalBytesRequested="2056" timestamp="2019-06-15T23:28:23.194" intervalms="3829.032" type="nursery" />
<cycle-start id="77" type="scavenge" contextid="0" timestamp="2019-06-15T23:28:23.195" intervalms="3829.189" />
<gc-start id="78" type="scavenge" contextid="77" timestamp="2019-06-15T23:28:23.195">
  <mem-info id="79" free="5490104" total="8519680" percent="64">
    <mem type="nursery" free="0" total="2228224" percent="0">
      <mem type="allocate" free="0" total="1310720" percent="0" />
      <mem type="survivor" free="0" total="917504" percent="0" />
    </mem>
    <mem type="tenure" free="5490104" total="6291456" percent="87">
      <mem type="soa" free="5175736" total="5977088" percent="86" />
      <mem type="loa" free="314368" total="314368" percent="100" />
    </mem>
    <remembered-set count="108" />
  </mem-info>
</gc-start>
<allocation-stats totalBytes="1123640" >
  <allocated-bytes non-tlh="2056" tlh="1121584" />
  <largest-consumer threadName="main" threadId="0000000001E83700" bytes="1123640" />
</allocation-stats>
<gc-op id="80" type="scavenge" timems="3.874" contextid="77" timestamp="2019-06-15T23:28:23.200">
  <scavenger-info tenureage="3" tenuremask="fff8" tiltratio="58" />
  <memory-copied type="nursery" objects="109" bytes="23640" bytesdiscarded="54664" />
  <memory-copied type="tenure" objects="348" bytes="63128" bytesdiscarded="0" />
  <finalization candidates="2" enqueued="0" />
  <references type="weak" candidates="1" cleared="0" enqueued="0" />
  <references type="phantom" candidates="3" cleared="0" enqueued="0" />
</gc-op>
<gc-end id="81" type="scavenge" contextid="77" durationms="5.714" usertimems="8.000" systemtimems="0.000" timestamp="2019-06-15T23:28:23.201" activeThreads="4">
  <mem-info id="82" free="6837160" total="8519680" percent="80">
    <mem type="nursery" free="1363456" total="2228224" percent="61">
      <mem type="allocate" free="1363456" total="1441792" percent="94" />
      <mem type="survivor" free="0" total="786432" percent="0" />
    </mem>
    <mem type="tenure" free="5473704" total="6291456" percent="87" macro-fragmented="3732887">
      <mem type="soa" free="5159336" total="5977088" percent="86" />
      <mem type="loa" free="314368" total="314368" percent="100" />
    </mem>
    <remembered-set count="75" />
  </mem-info>
</gc-end>
<cycle-end id="83" type="scavenge" contextid="77" timestamp="2019-06-15T23:28:23.201" />
  <attribute name="elasticGC enabled" value="1" />
  <attribute name= "numThreadsSpecified" value="4" />
  <attribute name="heapSize specified" value="0" />
  <attribute name="Current GC Util" value="0" />
  <attribute name= "Current Time Running" value="11640" />
  <attribute name ="GC Interval" value="200" />
  <attribute name="ProportionalT" value="-30.000000" />
  <attribute name="ProportionalI" value="-30.000000" />
  <attribute name="ProportionalH" value="-30.000000" />
  <attribute name="Current Error" value="-20.000000" />
  <attribute name="IntegralT" value="-76580.000000" />
  <attribute name="IntegralI" value="-76580.000000" />
  <attribute name="IntegralH" value="-76580.000000" />
  <attribute name="DerivativeT" value="-0.005223" />
  <attribute name="DerivativeI" value="-0.005223" />
  <attribute name="DerivativeH" value="-0.005223" />
  <attribute name="Loop Time for DT" value="3829.000000" />
  <attribute name="Output H" value="2092630016"/>
  <attribute name="Output I" value="200"/>
  <attribute name="Output T" value="4"/>
  <attribute name="Target GC Util Change" value ="20.000000" />
  <attribute name="Current GC Util Change" value="0.000000"/>
  <attribute name="GC Util currently" value="0" />
  <attribute name="CPU Util currently" value="3" />
<allocation-satisfied id="84" threadId="0000000001E83700" bytesRequested="2056" />
<af-end id="85" timestamp="2019-06-15T23:28:23.202" threadId="0000000001E84088" success="true" from="nursery"/>
<exclusive-end id="86" timestamp="2019-06-15T23:28:23.203" durationms="9.469" />

<exclusive-start id="87" timestamp="2019-06-15T23:28:25.125" intervalms="1931.631">
  <response-info timems="0.088" idlems="0.088" threads="0" lastid="0000000001E83700" lastname="main" />
</exclusive-start>
<af-start id="88" threadId="0000000001E84088" totalBytesRequested="16392" timestamp="2019-06-15T23:28:25.125" intervalms="1931.157" type="nursery" />
<cycle-start id="89" type="scavenge" contextid="0" timestamp="2019-06-15T23:28:25.125" intervalms="1930.742" />
<gc-start id="90" type="scavenge" contextid="89" timestamp="2019-06-15T23:28:25.125">
  <mem-info id="91" free="5457896" total="8519680" percent="64">
    <mem type="nursery" free="0" total="2228224" percent="0">
      <mem type="allocate" free="0" total="1441792" percent="0" />
      <mem type="survivor" free="0" total="786432" percent="0" />
    </mem>
    <mem type="tenure" free="5457896" total="6291456" percent="86">
      <mem type="soa" free="5143528" total="5977088" percent="86" />
      <mem type="loa" free="314368" total="314368" percent="100" />
    </mem>
    <remembered-set count="346" />
  </mem-info>
</gc-start>
<allocation-stats totalBytes="1373640" >
  <allocated-bytes non-tlh="186000" tlh="1187640" />
  <largest-consumer threadName="main" threadId="0000000001E83700" bytes="1373640" />
</allocation-stats>
<gc-op id="92" type="scavenge" timems="1.646" contextid="89" timestamp="2019-06-15T23:28:25.127">
  <scavenger-info tenureage="3" tenuremask="ffc8" tiltratio="64" />
  <memory-copied type="nursery" objects="2207" bytes="395016" bytesdiscarded="206976" />
  <memory-copied type="tenure" objects="51" bytes="2128" bytesdiscarded="0" />
  <finalization candidates="32" enqueued="0" />
  <ownableSynchronizers candidates="4" cleared="3" />
  <references type="soft" candidates="3" cleared="0" enqueued="0" dynamicThreshold="32" maxThreshold="32" />
  <references type="weak" candidates="487" cleared="236" enqueued="172" />
  <references type="phantom" candidates="27" cleared="2" enqueued="2" />
</gc-op>
<gc-end id="93" type="scavenge" contextid="89" durationms="1.899" usertimems="4.000" systemtimems="0.000" timestamp="2019-06-15T23:28:25.127" activeThreads="4">
  <mem-info id="94" free="6192856" total="8519680" percent="72">
    <mem type="nursery" free="774128" total="2228224" percent="34">
      <mem type="allocate" free="774128" total="1376256" percent="56" />
      <mem type="survivor" free="0" total="851968" percent="0" />
    </mem>
    <mem type="tenure" free="5418728" total="6291456" percent="86" macro-fragmented="3110739">
      <mem type="soa" free="5104360" total="5977088" percent="85" />
      <mem type="loa" free="314368" total="314368" percent="100" />
    </mem>
    <pending-finalizers system="0" default="0" reference="174" classloader="0" />
    <remembered-set count="338" />
  </mem-info>
</gc-end>
<cycle-end id="95" type="scavenge" contextid="89" timestamp="2019-06-15T23:28:25.127" />
  <attribute name="elasticGC enabled" value="1" />
  <attribute name= "numThreadsSpecified" value="4" />
  <attribute name="heapSize specified" value="0" />
  <attribute name="Current GC Util" value="0" />
  <attribute name= "Current Time Running" value="13570" />
  <attribute name ="GC Interval" value="200" />
  <attribute name="ProportionalT" value="-30.000000" />
  <attribute name="ProportionalI" value="-30.000000" />
  <attribute name="ProportionalH" value="-30.000000" />
  <attribute name="Current Error" value="-20.000000" />
  <attribute name="IntegralT" value="-38600.000000" />
  <attribute name="IntegralI" value="-38600.000000" />
  <attribute name="IntegralH" value="-38600.000000" />
  <attribute name="DerivativeT" value="-0.010363" />
  <attribute name="DerivativeI" value="-0.010363" />
  <attribute name="DerivativeH" value="-0.010363" />
  <attribute name="Loop Time for DT" value="1930.000000" />
  <attribute name="Output H" value="2092630016"/>
  <attribute name="Output I" value="200"/>
  <attribute name="Output T" value="4"/>
  <attribute name="Target GC Util Change" value ="20.000000" />
  <attribute name="Current GC Util Change" value="0.000000"/>
  <attribute name="GC Util currently" value="0" />
  <attribute name="CPU Util currently" value="2" />
<allocation-satisfied id="96" threadId="0000000001E83700" bytesRequested="16392" />
<af-end id="97" timestamp="2019-06-15T23:28:25.128" threadId="0000000001E84088" success="true" from="nursery"/>
<exclusive-end id="98" timestamp="2019-06-15T23:28:25.128" durationms="2.650" />

<exclusive-start id="99" timestamp="2019-06-15T23:28:25.128" intervalms="3.493">
  <response-info timems="0.025" idlems="0.025" threads="0" lastid="0000000001E83700" lastname="main" />
</exclusive-start>
<sys-start reason="explicit" id="100" timestamp="2019-06-15T23:28:25.129" intervalms="13727.725" />
<cycle-start id="101" type="global" contextid="0" timestamp="2019-06-15T23:28:25.129" intervalms="13727.902" />
<gc-start id="102" type="global" contextid="101" timestamp="2019-06-15T23:28:25.129">
  <mem-info id="103" free="6106832" total="8519680" percent="71">
    <mem type="nursery" free="688104" total="2228224" percent="30">
      <mem type="allocate" free="688104" total="1376256" percent="49" />
      <mem type="survivor" free="0" total="851968" percent="0" />
    </mem>
    <mem type="tenure" free="5418728" total="6291456" percent="86">
      <mem type="soa" free="5104360" total="5977088" percent="85" />
      <mem type="loa" free="314368" total="314368" percent="100" />
    </mem>
    <remembered-set count="342" />
  </mem-info>
</gc-start>
<allocation-stats totalBytes="86024" >
  <allocated-bytes non-tlh="16392" tlh="69632" />
  <largest-consumer threadName="main" threadId="0000000001E83700" bytes="81928" />
</allocation-stats>
<gc-op id="104" type="mark" timems="3.373" contextid="101" timestamp="2019-06-15T23:28:25.132">
  <trace-info objectcount="18973" scancount="15690" scanbytes="514692" />
  <finalization candidates="45" enqueued="0" />
  <ownableSynchronizers candidates="1" cleared="0" />
  <references type="soft" candidates="66" cleared="0" enqueued="0" dynamicThreshold="32" maxThreshold="32" />
  <references type="weak" candidates="396" cleared="28" enqueued="14" />
  <references type="phantom" candidates="52" cleared="1" enqueued="1" />
  <stringconstants candidates="2485" cleared="0"  />
</gc-op>
<gc-op id="105" type="classunload" timems="0.117" contextid="101" timestamp="2019-06-15T23:28:25.133">
  <classunload-info classloadercandidates="6" classloadersunloaded="0" classesunloaded="0" anonymousclassesunloaded="0" quiescems="0.000" setupms="0.117" scanms="0.000" postms="0.000" />
</gc-op>
<gc-op id="106" type="sweep" timems="1.186" contextid="101" timestamp="2019-06-15T23:28:25.134" />
<mem-info id="107" free="6480656" total="8519680" percent="76">
  <mem type="nursery" free="988160" total="2228224" percent="44">
    <mem type="allocate" free="988160" total="1376256" percent="71" />
    <mem type="survivor" free="0" total="851968" percent="0" />
  </mem>
  <mem type="tenure" free="5492496" total="6291456" percent="87" micro-fragmented="0" macro-fragmented="3732887">
    <mem type="soa" free="5178128" total="5977088" percent="86" />
    <mem type="loa" free="314368" total="314368" percent="100" />
  </mem>
  <pending-finalizers system="0" default="0" reference="15" classloader="0" />
  <remembered-set count="331" />
</mem-info>
<gc-op id="108" type="compact" timems="5.141" contextid="101" timestamp="2019-06-15T23:28:25.139">
  <compact-info movecount="14546" movebytes="995320" reason="compact to aid heap contraction" />
</gc-op>
<heap-resize id="109" type="contract" space="tenure" amount="131072" count="1" timems="0.247" reason="heap reconfiguration" timestamp="2019-06-15T23:28:25.140" />
<gc-end id="110" type="global" contextid="101" durationms="11.422" usertimems="4.000" systemtimems="8.000" timestamp="2019-06-15T23:28:25.140" activeThreads="4">
  <mem-info id="111" free="6357272" total="8388608" percent="75">
    <mem type="nursery" free="992560" total="2228224" percent="44">
      <mem type="allocate" free="992560" total="1376256" percent="72" />
      <mem type="survivor" free="0" total="851968" percent="0" />
    </mem>
    <mem type="tenure" free="5364712" total="6160384" percent="87">
      <mem type="soa" free="5057512" total="5853184" percent="86" />
      <mem type="loa" free="307200" total="307200" percent="100" />
    </mem>
    <pending-finalizers system="0" default="0" reference="15" classloader="0" />
    <remembered-set count="331" />
  </mem-info>
</gc-end>
<cycle-end id="112" type="global" contextid="101" timestamp="2019-06-15T23:28:25.140" />
  <attribute name="elasticGC enabled" value="1" />
  <attribute name= "numThreadsSpecified" value="4" />
  <attribute name="heapSize specified" value="8519680" />
  <attribute name="Current GC Util" value="70" />
  <attribute name= "Current Time Running" value="13583" />
  <attribute name ="GC Interval" value="200" />
  <attribute name="ProportionalT" value="75.000000" />
  <attribute name="ProportionalI" value="75.000000" />
  <attribute name="ProportionalH" value="75.000000" />
  <attribute name="Current Error" value="50.000000" />
  <attribute name="IntegralT" value="250.000000" />
  <attribute name="IntegralI" value="250.000000" />
  <attribute name="IntegralH" value="250.000000" />
  <attribute name="DerivativeT" value="-0.200000" />
  <attribute name="DerivativeI" value="-0.200000" />
  <attribute name="DerivativeH" value="-0.200000" />
  <attribute name="Loop Time for DT" value="5.000000" />
  <attribute name="Output H" value="8388608"/>
  <attribute name="Output I" value="328"/>
  <attribute name="Output T" value="4"/>
  <attribute name="Target GC Util Change" value ="20.000000" />
  <attribute name="Current GC Util Change" value="70.000000"/>
  <attribute name="GC Util currently" value="70" />
  <attribute name="CPU Util currently" value="880043542878" />
<sys-end id="113" timestamp="2019-06-15T23:28:25.140" />
<exclusive-end id="114" timestamp="2019-06-15T23:28:25.141" durationms="12.109" />

<exclusive-start id="115" timestamp="2019-06-15T23:28:25.247" intervalms="118.488">
  <response-info timems="0.060" idlems="0.060" threads="0" lastid="0000000001E83700" lastname="main" />
</exclusive-start>
<af-start id="116" threadId="0000000001E84088" totalBytesRequested="3256" timestamp="2019-06-15T23:28:25.247" intervalms="121.924" type="nursery" />
<cycle-start id="117" type="scavenge" contextid="0" timestamp="2019-06-15T23:28:25.247" intervalms="121.867" />
<gc-start id="118" type="scavenge" contextid="117" timestamp="2019-06-15T23:28:25.247">
  <mem-info id="119" free="5345032" total="8388608" percent="63">
    <mem type="nursery" free="0" total="2228224" percent="0">
      <mem type="allocate" free="0" total="1376256" percent="0" />
      <mem type="survivor" free="0" total="851968" percent="0" />
    </mem>
    <mem type="tenure" free="5345032" total="6160384" percent="86">
      <mem type="soa" free="5037832" total="5853184" percent="86" />
      <mem type="loa" free="307200" total="307200" percent="100" />
    </mem>
    <remembered-set count="612" />
  </mem-info>
</gc-start>
<allocation-stats totalBytes="1008992" >
  <allocated-bytes non-tlh="19680" tlh="989312" />
  <largest-consumer threadName="main" threadId="0000000001E83700" bytes="1004896" />
</allocation-stats>
<gc-op id="120" type="scavenge" timems="1.082" contextid="117" timestamp="2019-06-15T23:28:25.248">
  <scavenger-info tenureage="3" tenuremask="ffe8" tiltratio="61" />
  <memory-copied type="nursery" objects="3188" bytes="451632" bytesdiscarded="185344" />
  <finalization candidates="32" enqueued="0" />
  <ownableSynchronizers candidates="1" cleared="0" />
  <references type="soft" candidates="5" cleared="0" enqueued="0" dynamicThreshold="27" maxThreshold="32" />
  <references type="weak" candidates="285" cleared="43" enqueued="43" />
  <references type="phantom" candidates="31" cleared="2" enqueued="2" />
</gc-op>
<gc-end id="121" type="scavenge" contextid="117" durationms="1.376" usertimems="4.000" systemtimems="0.000" timestamp="2019-06-15T23:28:25.249" activeThreads="4">
  <mem-info id="122" free="6280728" total="8388608" percent="74">
    <mem type="nursery" free="935696" total="2228224" percent="41">
      <mem type="allocate" free="935696" total="1572864" percent="59" />
      <mem type="survivor" free="0" total="655360" percent="0" />
    </mem>
    <mem type="tenure" free="5345032" total="6160384" percent="86" macro-fragmented="3110739">
      <mem type="soa" free="5037832" total="5853184" percent="86" />
      <mem type="loa" free="307200" total="307200" percent="100" />
    </mem>
    <pending-finalizers system="0" default="0" reference="45" classloader="0" />
    <remembered-set count="608" />
  </mem-info>
</gc-end>
<cycle-end id="123" type="scavenge" contextid="117" timestamp="2019-06-15T23:28:25.249" />
  <attribute name="elasticGC enabled" value="1" />
  <attribute name= "numThreadsSpecified" value="4" />
  <attribute name="heapSize specified" value="8519680" />
  <attribute name="Current GC Util" value="4" />
  <attribute name= "Current Time Running" value="13691" />
  <attribute name ="GC Interval" value="200" />
  <attribute name="ProportionalT" value="-24.000000" />
  <attribute name="ProportionalI" value="-24.000000" />
  <attribute name="ProportionalH" value="-24.000000" />
  <attribute name="Current Error" value="-16.000000" />
  <attribute name="IntegralT" value="-1728.000000" />
  <attribute name="IntegralI" value="-1728.000000" />
  <attribute name="IntegralH" value="-1728.000000" />
  <attribute name="DerivativeT" value="-0.611111" />
  <attribute name="DerivativeI" value="-0.611111" />
  <attribute name="DerivativeH" value="-0.611111" />
  <attribute name="Loop Time for DT" value="108.000000" />
  <attribute name="Output H" value="2092630016"/>
  <attribute name="Output I" value="200"/>
  <attribute name="Output T" value="4"/>
  <attribute name="Target GC Util Change" value ="20.000000" />
  <attribute name="Current GC Util Change" value="4.000000"/>
  <attribute name="GC Util currently" value="4" />
  <attribute name="CPU Util currently" value="10" />
<allocation-satisfied id="124" threadId="0000000001E83700" bytesRequested="3256" />
<af-end id="125" timestamp="2019-06-15T23:28:25.249" threadId="0000000001E84088" success="true" from="nursery"/>
<exclusive-end id="126" timestamp="2019-06-15T23:28:25.249" durationms="2.046" />

<exclusive-start id="127" timestamp="2019-06-15T23:28:25.274" intervalms="27.112">
  <response-info timems="0.026" idlems="0.026" threads="0" lastid="0000000001E83700" lastname="main" />
</exclusive-start>
<af-start id="128" threadId="0000000001E84088" totalBytesRequested="104" timestamp="2019-06-15T23:28:25.274" intervalms="27.058" type="nursery" />
<cycle-start id="129" type="scavenge" contextid="0" timestamp="2019-06-15T23:28:25.274" intervalms="27.009" />
<gc-start id="130" type="scavenge" contextid="129" timestamp="2019-06-15T23:28:25.274">
  <mem-info id="131" free="5329904" total="8388608" percent="63">
    <mem type="nursery" free="0" total="2228224" percent="0">
      <mem type="allocate" free="0" total="1572864" percent="0" />
      <mem type="survivor" free="0" total="655360" percent="0" />
    </mem>
    <mem type="tenure" free="5329904" total="6160384" percent="86">
      <mem type="soa" free="5022704" total="5853184" percent="85" />
      <mem type="loa" free="307200" total="307200" percent="100" />
    </mem>
    <remembered-set count="770" />
  </mem-info>
</gc-start>
<allocation-stats totalBytes="949368" >
  <allocated-bytes non-tlh="18384" tlh="930984" />
  <largest-consumer threadName="main" threadId="0000000001E83700" bytes="945272" />
</allocation-stats>
<gc-op id="132" type="scavenge" timems="1.153" contextid="129" timestamp="2019-06-15T23:28:25.275">
  <scavenger-info tenureage="3" tenuremask="fff8" tiltratio="70" />
  <memory-copied type="nursery" objects="3134" bytes="429080" bytesdiscarded="48912" />
  <finalization candidates="32" enqueued="0" />
  <ownableSynchronizers candidates="1" cleared="0" />
  <references type="soft" candidates="5" cleared="0" enqueued="0" dynamicThreshold="27" maxThreshold="32" />
  <references type="weak" candidates="245" cleared="3" enqueued="3" />
  <references type="phantom" candidates="29" cleared="0" enqueued="0" />
</gc-op>
<gc-end id="133" type="scavenge" contextid="129" durationms="1.383" usertimems="0.000" systemtimems="4.000" timestamp="2019-06-15T23:28:25.276" activeThreads="4">
  <mem-info id="134" free="6490120" total="8388608" percent="77">
    <mem type="nursery" free="1160216" total="2228224" percent="52">
      <mem type="allocate" free="1160216" total="1638400" percent="70" />
      <mem type="survivor" free="0" total="589824" percent="0" />
    </mem>
    <mem type="tenure" free="5329904" total="6160384" percent="86" macro-fragmented="3732887">
      <mem type="soa" free="5022704" total="5853184" percent="85" />
      <mem type="loa" free="307200" total="307200" percent="100" />
    </mem>
    <pending-finalizers system="0" default="0" reference="3" classloader="0" />
    <remembered-set count="646" />
  </mem-info>
</gc-end>
<cycle-end id="135" type="scavenge" contextid="129" timestamp="2019-06-15T23:28:25.276" />
  <attribute name="elasticGC enabled" value="1" />
  <attribute name= "numThreadsSpecified" value="4" />
  <attribute name="heapSize specified" value="8519680" />
  <attribute name="Current GC Util" value="8" />
  <attribute name= "Current Time Running" value="13718" />
  <attribute name ="GC Interval" value="200" />
  <attribute name="ProportionalT" value="-18.000000" />
  <attribute name="ProportionalI" value="-18.000000" />
  <attribute name="ProportionalH" value="-18.000000" />
  <attribute name="Current Error" value="-12.000000" />
  <attribute name="IntegralT" value="-324.000000" />
  <attribute name="IntegralI" value="-324.000000" />
  <attribute name="IntegralH" value="-324.000000" />
  <attribute name="DerivativeT" value="-0.444444" />
  <attribute name="DerivativeI" value="-0.444444" />
  <attribute name="DerivativeH" value="-0.444444" />
  <attribute name="Loop Time for DT" value="27.000000" />
  <attribute name="Output H" value="2092630016"/>
  <attribute name="Output I" value="200"/>
  <attribute name="Output T" value="4"/>
  <attribute name="Target GC Util Change" value ="20.000000" />
  <attribute name="Current GC Util Change" value="8.000000"/>
  <attribute name="GC Util currently" value="8" />
  <attribute name="CPU Util currently" value="171291461661" />
<allocation-satisfied id="136" threadId="0000000001E83700" bytesRequested="104" />
<af-end id="137" timestamp="2019-06-15T23:28:25.276" threadId="0000000001E84088" success="true" from="nursery"/>
<exclusive-end id="138" timestamp="2019-06-15T23:28:25.276" durationms="1.787" />

<exclusive-start id="139" timestamp="2019-06-15T23:28:25.305" intervalms="30.958">
  <response-info timems="0.025" idlems="0.025" threads="0" lastid="0000000001E83700" lastname="main" />
</exclusive-start>
<af-start id="140" threadId="0000000001E84088" totalBytesRequested="848" timestamp="2019-06-15T23:28:25.305" intervalms="30.959" type="nursery" />
<cycle-start id="141" type="scavenge" contextid="0" timestamp="2019-06-15T23:28:25.305" intervalms="30.963" />
<gc-start id="142" type="scavenge" contextid="141" timestamp="2019-06-15T23:28:25.305">
  <mem-info id="143" free="5308416" total="8388608" percent="63">
    <mem type="nursery" free="0" total="2228224" percent="0">
      <mem type="allocate" free="0" total="1638400" percent="0" />
      <mem type="survivor" free="0" total="589824" percent="0" />
    </mem>
    <mem type="tenure" free="5308416" total="6160384" percent="86">
      <mem type="soa" free="5001216" total="5853184" percent="85" />
      <mem type="loa" free="307200" total="307200" percent="100" />
    </mem>
    <remembered-set count="841" />
  </mem-info>
</gc-start>
<allocation-stats totalBytes="1178864" >
  <allocated-bytes non-tlh="21592" tlh="1157272" />
  <largest-consumer threadName="main" threadId="0000000001E83700" bytes="1178864" />
</allocation-stats>
<gc-op id="144" type="scavenge" timems="1.727" contextid="141" timestamp="2019-06-15T23:28:25.307">
  <scavenger-info tenureage="3" tenuremask="fff8" tiltratio="73" />
  <memory-copied type="nursery" objects="1409" bytes="60784" bytesdiscarded="56640" />
  <memory-copied type="tenure" objects="1997" bytes="379272" bytesdiscarded="464" />
  <finalization candidates="32" enqueued="0" />
  <ownableSynchronizers candidates="1" cleared="0" />
  <references type="soft" candidates="2" cleared="0" enqueued="0" dynamicThreshold="27" maxThreshold="32" />
  <references type="weak" candidates="14" cleared="10" enqueued="10" />
  <references type="phantom" candidates="5" cleared="0" enqueued="0" />
</gc-op>
<gc-end id="145" type="scavenge" contextid="141" durationms="1.973" usertimems="4.000" systemtimems="0.000" timestamp="2019-06-15T23:28:25.307" activeThreads="4">
  <mem-info id="146" free="6437400" total="8388608" percent="76">
    <mem type="nursery" free="1520896" total="2228224" percent="68">
      <mem type="allocate" free="1520896" total="1638400" percent="92" />
      <mem type="survivor" free="0" total="589824" percent="0" />
    </mem>
    <mem type="tenure" free="4916504" total="6160384" percent="79" macro-fragmented="3110739">
      <mem type="soa" free="4609304" total="5853184" percent="78" />
      <mem type="loa" free="307200" total="307200" percent="100" />
    </mem>
    <pending-finalizers system="0" default="0" reference="10" classloader="0" />
    <remembered-set count="495" />
  </mem-info>
</gc-end>
<cycle-end id="147" type="scavenge" contextid="141" timestamp="2019-06-15T23:28:25.307" />
  <attribute name="elasticGC enabled" value="1" />
  <attribute name= "numThreadsSpecified" value="4" />
  <attribute name="heapSize specified" value="8519680" />
  <attribute name="Current GC Util" value="6" />
  <attribute name= "Current Time Running" value="13749" />
  <attribute name ="GC Interval" value="200" />
  <attribute name="ProportionalT" value="-21.000000" />
  <attribute name="ProportionalI" value="-21.000000" />
  <attribute name="ProportionalH" value="-21.000000" />
  <attribute name="Current Error" value="-14.000000" />
  <attribute name="IntegralT" value="-434.000000" />
  <attribute name="IntegralI" value="-434.000000" />
  <attribute name="IntegralH" value="-434.000000" />
  <attribute name="DerivativeT" value="-0.451613" />
  <attribute name="DerivativeI" value="-0.451613" />
  <attribute name="DerivativeH" value="-0.451613" />
  <attribute name="Loop Time for DT" value="31.000000" />
  <attribute name="Output H" value="2092630016"/>
  <attribute name="Output I" value="200"/>
  <attribute name="Output T" value="4"/>
  <attribute name="Target GC Util Change" value ="20.000000" />
  <attribute name="Current GC Util Change" value="6.000000"/>
  <attribute name="GC Util currently" value="6" />
  <attribute name="CPU Util currently" value="148946173405" />
<allocation-satisfied id="148" threadId="0000000001E83700" bytesRequested="848" />
<af-end id="149" timestamp="2019-06-15T23:28:25.307" threadId="0000000001E84088" success="true" from="nursery"/>
<exclusive-end id="150" timestamp="2019-06-15T23:28:25.307" durationms="2.385" />

<exclusive-start id="151" timestamp="2019-06-15T23:28:25.371" intervalms="66.267">
  <response-info timems="0.057" idlems="0.057" threads="0" lastid="0000000001E83700" lastname="main" />
</exclusive-start>
<af-start id="152" threadId="0000000001E84088" totalBytesRequested="1032" timestamp="2019-06-15T23:28:25.371" intervalms="66.336" type="nursery" />
<cycle-start id="153" type="scavenge" contextid="0" timestamp="2019-06-15T23:28:25.372" intervalms="66.379" />
<gc-start id="154" type="scavenge" contextid="153" timestamp="2019-06-15T23:28:25.372">
  <mem-info id="155" free="4885128" total="8388608" percent="58">
    <mem type="nursery" free="0" total="2228224" percent="0">
      <mem type="allocate" free="0" total="1638400" percent="0" />
      <mem type="survivor" free="0" total="589824" percent="0" />
    </mem>
    <mem type="tenure" free="4885128" total="6160384" percent="79">
      <mem type="soa" free="4577928" total="5853184" percent="78" />
      <mem type="loa" free="307200" total="307200" percent="100" />
    </mem>
    <remembered-set count="882" />
  </mem-info>
</gc-start>
<allocation-stats totalBytes="1546272" >
  <allocated-bytes non-tlh="97768" tlh="1448504" />
  <largest-consumer threadName="main" threadId="0000000001E83700" bytes="1546272" />
</allocation-stats>
<gc-op id="156" type="scavenge" timems="0.780" contextid="153" timestamp="2019-06-15T23:28:25.373">
  <scavenger-info tenureage="3" tenuremask="ffe8" tiltratio="73" />
  <memory-copied type="nursery" objects="3092" bytes="254400" bytesdiscarded="61752" />
  <memory-copied type="tenure" objects="973" bytes="43368" bytesdiscarded="32" />
  <references type="weak" candidates="6" cleared="6" enqueued="6" />
</gc-op>
<gc-end id="157" type="scavenge" contextid="153" durationms="1.152" usertimems="0.000" systemtimems="0.000" timestamp="2019-06-15T23:28:25.373" activeThreads="4">
  <mem-info id="158" free="6168112" total="8388608" percent="73">
    <mem type="nursery" free="1322152" total="2228224" percent="59">
      <mem type="allocate" free="1322152" total="1638400" percent="80" />
      <mem type="survivor" free="0" total="589824" percent="0" />
    </mem>
    <mem type="tenure" free="4845960" total="6160384" percent="78" macro-fragmented="49176">
      <mem type="soa" free="4538760" total="5853184" percent="77" />
      <mem type="loa" free="307200" total="307200" percent="100" />
    </mem>
    <pending-finalizers system="0" default="0" reference="6" classloader="0" />
    <remembered-set count="714" />
  </mem-info>
</gc-end>
<cycle-end id="159" type="scavenge" contextid="153" timestamp="2019-06-15T23:28:25.373" />
  <attribute name="elasticGC enabled" value="1" />
  <attribute name= "numThreadsSpecified" value="4" />
  <attribute name="heapSize specified" value="8519680" />
  <attribute name="Current GC Util" value="4" />
  <attribute name= "Current Time Running" value="13816" />
  <attribute name ="GC Interval" value="200" />
  <attribute name="ProportionalT" value="-24.000000" />
  <attribute name="ProportionalI" value="-24.000000" />
  <attribute name="ProportionalH" value="-24.000000" />
  <attribute name="Current Error" value="-16.000000" />
  <attribute name="IntegralT" value="-1072.000000" />
  <attribute name="IntegralI" value="-1072.000000" />
  <attribute name="IntegralH" value="-1072.000000" />
  <attribute name="DerivativeT" value="-0.238806" />
  <attribute name="DerivativeI" value="-0.238806" />
  <attribute name="DerivativeH" value="-0.238806" />
  <attribute name="Loop Time for DT" value="67.000000" />
  <attribute name="Output H" value="2092630016"/>
  <attribute name="Output I" value="200"/>
  <attribute name="Output T" value="4"/>
  <attribute name="Target GC Util Change" value ="20.000000" />
  <attribute name="Current GC Util Change" value="4.000000"/>
  <attribute name="GC Util currently" value="4" />
  <attribute name="CPU Util currently" value="10" />
<allocation-satisfied id="160" threadId="0000000001E83700" bytesRequested="1032" />
<af-end id="161" timestamp="2019-06-15T23:28:25.373" threadId="0000000001E84088" success="true" from="nursery"/>
<exclusive-end id="162" timestamp="2019-06-15T23:28:25.373" durationms="1.778" />

<exclusive-start id="163" timestamp="2019-06-15T23:28:25.427" intervalms="55.702">
  <response-info timems="0.036" idlems="0.036" threads="0" lastid="0000000001E83700" lastname="main" />
</exclusive-start>
<af-start id="164" threadId="0000000001E84088" totalBytesRequested="264" timestamp="2019-06-15T23:28:25.427" intervalms="55.652" type="nursery" />
<cycle-start id="165" type="scavenge" contextid="0" timestamp="2019-06-15T23:28:25.427" intervalms="55.620" />
<gc-start id="166" type="scavenge" contextid="165" timestamp="2019-06-15T23:28:25.427">
  <mem-info id="167" free="4811376" total="8388608" percent="57">
    <mem type="nursery" free="0" total="2228224" percent="0">
      <mem type="allocate" free="0" total="1638400" percent="0" />
      <mem type="survivor" free="0" total="589824" percent="0" />
    </mem>
    <mem type="tenure" free="4811376" total="6160384" percent="78">
      <mem type="soa" free="4504176" total="5853184" percent="76" />
      <mem type="loa" free="307200" total="307200" percent="100" />
    </mem>
    <remembered-set count="1132" />
  </mem-info>
</gc-start>
<allocation-stats totalBytes="1354376" >
  <allocated-bytes non-tlh="35616" tlh="1318760" />
  <largest-consumer threadName="main" threadId="0000000001E83700" bytes="1354376" />
</allocation-stats>
<gc-op id="168" type="scavenge" timems="1.027" contextid="165" timestamp="2019-06-15T23:28:25.428">
  <scavenger-info tenureage="5" tenuremask="ffe0" tiltratio="73" />
  <memory-copied type="nursery" objects="5016" bytes="363528" bytesdiscarded="117208" />
  <finalization candidates="3" enqueued="0" />
  <references type="soft" candidates="1" cleared="0" enqueued="0" dynamicThreshold="27" maxThreshold="32" />
  <references type="weak" candidates="71" cleared="27" enqueued="20" />
  <references type="phantom" candidates="2" cleared="1" enqueued="1" />
</gc-op>
<gc-end id="169" type="scavenge" contextid="165" durationms="1.400" usertimems="0.000" systemtimems="4.000" timestamp="2019-06-15T23:28:25.429" activeThreads="4">
  <mem-info id="170" free="6034488" total="8388608" percent="71">
    <mem type="nursery" free="1223112" total="2228224" percent="54">
      <mem type="allocate" free="1223112" total="1703936" percent="71" />
      <mem type="survivor" free="0" total="524288" percent="0" />
    </mem>
    <mem type="tenure" free="4811376" total="6160384" percent="78" macro-fragmented="4479464">
      <mem type="soa" free="4504176" total="5853184" percent="76" />
      <mem type="loa" free="307200" total="307200" percent="100" />
    </mem>
    <pending-finalizers system="0" default="0" reference="21" classloader="0" />
    <remembered-set count="972" />
  </mem-info>
</gc-end>
<cycle-end id="171" type="scavenge" contextid="165" timestamp="2019-06-15T23:28:25.429" />
  <attribute name="elasticGC enabled" value="1" />
  <attribute name= "numThreadsSpecified" value="4" />
  <attribute name="heapSize specified" value="8519680" />
  <attribute name="Current GC Util" value="3" />
  <attribute name= "Current Time Running" value="13871" />
  <attribute name ="GC Interval" value="200" />
  <attribute name="ProportionalT" value="-25.500000" />
  <attribute name="ProportionalI" value="-25.500000" />
  <attribute name="ProportionalH" value="-25.500000" />
  <attribute name="Current Error" value="-17.000000" />
  <attribute name="IntegralT" value="-935.000000" />
  <attribute name="IntegralI" value="-935.000000" />
  <attribute name="IntegralH" value="-935.000000" />
  <attribute name="DerivativeT" value="-0.309091" />
  <attribute name="DerivativeI" value="-0.309091" />
  <attribute name="DerivativeH" value="-0.309091" />
  <attribute name="Loop Time for DT" value="55.000000" />
  <attribute name="Output H" value="2092630016"/>
  <attribute name="Output I" value="200"/>
  <attribute name="Output T" value="4"/>
  <attribute name="Target GC Util Change" value ="20.000000" />
  <attribute name="Current GC Util Change" value="3.000000"/>
  <attribute name="GC Util currently" value="3" />
  <attribute name="CPU Util currently" value="2" />
<allocation-satisfied id="172" threadId="0000000001E83700" bytesRequested="264" />
<af-end id="173" timestamp="2019-06-15T23:28:25.429" threadId="0000000001E84088" success="true" from="nursery"/>
<exclusive-end id="174" timestamp="2019-06-15T23:28:25.429" durationms="2.027" />

<exclusive-start id="175" timestamp="2019-06-15T23:28:25.502" intervalms="75.474">
  <response-info timems="0.037" idlems="0.037" threads="0" lastid="0000000002193C00" lastname="PmdThread 1" />
</exclusive-start>
<af-start id="176" threadId="0000000002194588" totalBytesRequested="192" timestamp="2019-06-15T23:28:25.503" intervalms="75.517" type="nursery" />
<cycle-start id="177" type="scavenge" contextid="0" timestamp="2019-06-15T23:28:25.503" intervalms="75.546" />
<gc-start id="178" type="scavenge" contextid="177" timestamp="2019-06-15T23:28:25.503">
  <mem-info id="179" free="4804208" total="8388608" percent="57">
    <mem type="nursery" free="0" total="2228224" percent="0">
      <mem type="allocate" free="0" total="1703936" percent="0" />
      <mem type="survivor" free="0" total="524288" percent="0" />
    </mem>
    <mem type="tenure" free="4804208" total="6160384" percent="77">
      <mem type="soa" free="4497008" total="5853184" percent="76" />
      <mem type="loa" free="307200" total="307200" percent="100" />
    </mem>
    <remembered-set count="1107" />
  </mem-info>
</gc-start>
<allocation-stats totalBytes="1228120" >
  <allocated-bytes non-tlh="7432" tlh="1220688" />
  <largest-consumer threadName="main" threadId="0000000001E83700" bytes="866472" />
</allocation-stats>
<gc-op id="180" type="scavenge" timems="2.336" contextid="177" timestamp="2019-06-15T23:28:25.505">
  <scavenger-info tenureage="3" tenuremask="fff8" tiltratio="76" />
  <memory-copied type="nursery" objects="6108" bytes="377272" bytesdiscarded="146920" />
  <memory-copied type="tenure" objects="1250" bytes="149600" bytesdiscarded="48" />
  <copy-failed type="nursery" objects="1052" bytes="142504" />
  <finalization candidates="6" enqueued="0" />
  <ownableSynchronizers candidates="4" cleared="0" />
  <references type="soft" candidates="1" cleared="0" enqueued="0" dynamicThreshold="27" maxThreshold="32" />
  <references type="weak" candidates="270" cleared="35" enqueued="24" />
  <references type="phantom" candidates="1" cleared="0" enqueued="0" />
</gc-op>
<gc-end id="181" type="scavenge" contextid="177" durationms="2.725" usertimems="4.000" systemtimems="0.000" timestamp="2019-06-15T23:28:25.506" activeThreads="4">
  <mem-info id="182" free="5538664" total="8388608" percent="66">
    <mem type="nursery" free="917504" total="2228224" percent="41">
      <mem type="allocate" free="917504" total="1441792" percent="63" />
      <mem type="survivor" free="0" total="786432" percent="0" />
    </mem>
    <mem type="tenure" free="4621160" total="6160384" percent="75" macro-fragmented="3110739">
      <mem type="soa" free="4313960" total="5853184" percent="73" />
      <mem type="loa" free="307200" total="307200" percent="100" />
    </mem>
    <pending-finalizers system="0" default="0" reference="24" classloader="0" />
    <remembered-set count="806" />
  </mem-info>
</gc-end>
<cycle-end id="183" type="scavenge" contextid="177" timestamp="2019-06-15T23:28:25.506" />
  <attribute name="elasticGC enabled" value="1" />
  <attribute name= "numThreadsSpecified" value="4" />
  <attribute name="heapSize specified" value="8519680" />
  <attribute name="Current GC Util" value="2" />
  <attribute name= "Current Time Running" value="13947" />
  <attribute name ="GC Interval" value="200" />
  <attribute name="ProportionalT" value="-27.000000" />
  <attribute name="ProportionalI" value="-27.000000" />
  <attribute name="ProportionalH" value="-27.000000" />
  <attribute name="Current Error" value="-18.000000" />
  <attribute name="IntegralT" value="-1368.000000" />
  <attribute name="IntegralI" value="-1368.000000" />
  <attribute name="IntegralH" value="-1368.000000" />
  <attribute name="DerivativeT" value="-0.236842" />
  <attribute name="DerivativeI" value="-0.236842" />
  <attribute name="DerivativeH" value="-0.236842" />
  <attribute name="Loop Time for DT" value="76.000000" />
  <attribute name="Output H" value="2092630016"/>
  <attribute name="Output I" value="200"/>
  <attribute name="Output T" value="4"/>
  <attribute name="Target GC Util Change" value ="20.000000" />
  <attribute name="Current GC Util Change" value="2.000000"/>
  <attribute name="GC Util currently" value="2" />
  <attribute name="CPU Util currently" value="27" />
<allocation-satisfied id="184" threadId="0000000002193C00" bytesRequested="192" />
<af-end id="185" timestamp="2019-06-15T23:28:25.506" threadId="0000000002194588" success="true" from="nursery"/>
<exclusive-end id="186" timestamp="2019-06-15T23:28:25.506" durationms="3.576" />

<exclusive-start id="187" timestamp="2019-06-15T23:28:25.524" intervalms="21.433">
  <response-info timems="0.030" idlems="0.030" threads="0" lastid="0000000002193C00" lastname="PmdThread 1" />
</exclusive-start>
<af-start id="188" threadId="0000000002194588" totalBytesRequested="16392" timestamp="2019-06-15T23:28:25.524" intervalms="21.414" type="nursery" />
<cycle-start id="189" type="scavenge" contextid="0" timestamp="2019-06-15T23:28:25.524" intervalms="21.410" />
<gc-start id="190" type="scavenge" contextid="189" timestamp="2019-06-15T23:28:25.524">
  <mem-info id="191" free="4615512" total="8388608" percent="55">
    <mem type="nursery" free="0" total="2228224" percent="0">
      <mem type="allocate" free="0" total="1441792" percent="0" />
      <mem type="survivor" free="0" total="786432" percent="0" />
    </mem>
    <mem type="tenure" free="4615512" total="6160384" percent="74">
      <mem type="soa" free="4308312" total="5853184" percent="73" />
      <mem type="loa" free="307200" total="307200" percent="100" />
    </mem>
    <remembered-set count="873" />
  </mem-info>
</gc-start>
<allocation-stats totalBytes="862704" >
  <allocated-bytes non-tlh="347816" tlh="514888" />
  <largest-consumer threadName="PmdThread 1" threadId="0000000002193C00" bytes="862704" />
</allocation-stats>
<gc-op id="192" type="scavenge" timems="1.971" contextid="189" timestamp="2019-06-15T23:28:25.526">
  <scavenger-info tenureage="6" tenuremask="ffc0" tiltratio="64" />
  <memory-copied type="nursery" objects="3141" bytes="247056" bytesdiscarded="35176" />
  <finalization candidates="6" enqueued="0" />
  <ownableSynchronizers candidates="4" cleared="0" />
  <references type="soft" candidates="1" cleared="0" enqueued="0" dynamicThreshold="27" maxThreshold="32" />
  <references type="weak" candidates="235" cleared="0" enqueued="0" />
  <references type="phantom" candidates="2" cleared="0" enqueued="0" />
</gc-op>
<heap-resize id="193" type="expand" space="nursery" amount="131072" count="1" timems="0.020" reason="excessive time being spent scavenging" timestamp="2019-06-15T23:28:25.526" />
<gc-end id="194" type="scavenge" contextid="189" durationms="2.318" usertimems="4.000" systemtimems="0.000" timestamp="2019-06-15T23:28:25.526" activeThreads="4">
  <mem-info id="195" free="5906000" total="8519680" percent="69">
    <mem type="nursery" free="1290488" total="2359296" percent="54">
      <mem type="allocate" free="1290488" total="1572864" percent="82" />
      <mem type="survivor" free="0" total="786432" percent="0" />
    </mem>
    <mem type="tenure" free="4615512" total="6160384" percent="74" macro-fragmented="3732887">
      <mem type="soa" free="4308312" total="5853184" percent="73" />
      <mem type="loa" free="307200" total="307200" percent="100" />
    </mem>
    <remembered-set count="631" />
  </mem-info>
</gc-end>
<cycle-end id="196" type="scavenge" contextid="189" timestamp="2019-06-15T23:28:25.527" />
  <attribute name="elasticGC enabled" value="1" />
  <attribute name= "numThreadsSpecified" value="4" />
  <attribute name="heapSize specified" value="8519680" />
  <attribute name="Current GC Util" value="16" />
  <attribute name= "Current Time Running" value="13968" />
  <attribute name ="GC Interval" value="200" />
  <attribute name="ProportionalT" value="-6.000000" />
  <attribute name="ProportionalI" value="-6.000000" />
  <attribute name="ProportionalH" value="-6.000000" />
  <attribute name="Current Error" value="-4.000000" />
  <attribute name="IntegralT" value="-84.000000" />
  <attribute name="IntegralI" value="-84.000000" />
  <attribute name="IntegralH" value="-84.000000" />
  <attribute name="DerivativeT" value="-0.190476" />
  <attribute name="DerivativeI" value="-0.190476" />
  <attribute name="DerivativeH" value="-0.190476" />
  <attribute name="Loop Time for DT" value="21.000000" />
  <attribute name="Output H" value="2092630016"/>
  <attribute name="Output I" value="200"/>
  <attribute name="Output T" value="4"/>
  <attribute name="Target GC Util Change" value ="20.000000" />
  <attribute name="Current GC Util Change" value="16.000000"/>
  <attribute name="GC Util currently" value="16" />
  <attribute name="CPU Util currently" value="215902054397" />
<allocation-satisfied id="197" threadId="0000000002193C00" bytesRequested="16392" />
<af-end id="198" timestamp="2019-06-15T23:28:25.527" threadId="0000000002194588" success="true" from="nursery"/>
<exclusive-end id="199" timestamp="2019-06-15T23:28:25.527" durationms="2.868" />

<exclusive-start id="200" timestamp="2019-06-15T23:28:25.574" intervalms="50.426">
  <response-info timems="0.060" idlems="0.060" threads="0" lastid="0000000002193C00" lastname="PmdThread 1" />
</exclusive-start>
<af-start id="201" threadId="0000000002194588" totalBytesRequested="24" timestamp="2019-06-15T23:28:25.574" intervalms="50.484" type="nursery" />
<cycle-start id="202" type="scavenge" contextid="0" timestamp="2019-06-15T23:28:25.575" intervalms="50.508" />
<gc-start id="203" type="scavenge" contextid="202" timestamp="2019-06-15T23:28:25.575">
  <mem-info id="204" free="4596648" total="8519680" percent="53">
    <mem type="nursery" free="0" total="2359296" percent="0">
      <mem type="allocate" free="0" total="1572864" percent="0" />
      <mem type="survivor" free="0" total="786432" percent="0" />
    </mem>
    <mem type="tenure" free="4596648" total="6160384" percent="74">
      <mem type="soa" free="4289448" total="5853184" percent="73" />
      <mem type="loa" free="307200" total="307200" percent="100" />
    </mem>
    <remembered-set count="911" />
  </mem-info>
</gc-start>
<allocation-stats totalBytes="1307328" >
  <allocated-bytes non-tlh="139152" tlh="1168176" />
  <largest-consumer threadName="PmdThread 1" threadId="0000000002193C00" bytes="1307328" />
</allocation-stats>
<gc-op id="205" type="scavenge" timems="2.147" contextid="202" timestamp="2019-06-15T23:28:25.577">
  <scavenger-info tenureage="3" tenuremask="fff8" tiltratio="66" />
  <memory-copied type="nursery" objects="3758" bytes="293080" bytesdiscarded="92144" />
  <memory-copied type="tenure" objects="737" bytes="29888" bytesdiscarded="0" />
  <finalization candidates="7" enqueued="0" />
  <ownableSynchronizers candidates="4" cleared="0" />
  <references type="soft" candidates="2" cleared="0" enqueued="0" dynamicThreshold="27" maxThreshold="32" />
  <references type="weak" candidates="220" cleared="14" enqueued="14" />
  <references type="phantom" candidates="7" cleared="3" enqueued="3" />
</gc-op>
<gc-end id="206" type="scavenge" contextid="202" durationms="2.540" usertimems="4.000" systemtimems="0.000" timestamp="2019-06-15T23:28:25.577" activeThreads="4">
  <mem-info id="207" free="5876112" total="8519680" percent="68">
    <mem type="nursery" free="1318632" total="2359296" percent="55">
      <mem type="allocate" free="1318632" total="1703936" percent="77" />
      <mem type="survivor" free="0" total="655360" percent="0" />
    </mem>
    <mem type="tenure" free="4557480" total="6160384" percent="73" macro-fragmented="2160235">
      <mem type="soa" free="4250280" total="5853184" percent="72" />
      <mem type="loa" free="307200" total="307200" percent="100" />
    </mem>
    <pending-finalizers system="0" default="0" reference="17" classloader="0" />
    <remembered-set count="595" />
  </mem-info>
</gc-end>
<cycle-end id="208" type="scavenge" contextid="202" timestamp="2019-06-15T23:28:25.577" />
  <attribute name="elasticGC enabled" value="1" />
  <attribute name= "numThreadsSpecified" value="4" />
  <attribute name="heapSize specified" value="8519680" />
  <attribute name="Current GC Util" value="6" />
  <attribute name= "Current Time Running" value="14019" />
  <attribute name ="GC Interval" value="200" />
  <attribute name="ProportionalT" value="-21.000000" />
  <attribute name="ProportionalI" value="-21.000000" />
  <attribute name="ProportionalH" value="-21.000000" />
  <attribute name="Current Error" value="-14.000000" />
  <attribute name="IntegralT" value="-714.000000" />
  <attribute name="IntegralI" value="-714.000000" />
  <attribute name="IntegralH" value="-714.000000" />
  <attribute name="DerivativeT" value="-0.274510" />
  <attribute name="DerivativeI" value="-0.274510" />
  <attribute name="DerivativeH" value="-0.274510" />
  <attribute name="Loop Time for DT" value="51.000000" />
  <attribute name="Output H" value="2092630016"/>
  <attribute name="Output I" value="200"/>
  <attribute name="Output T" value="4"/>
  <attribute name="Target GC Util Change" value ="20.000000" />
  <attribute name="Current GC Util Change" value="6.000000"/>
  <attribute name="GC Util currently" value="6" />
  <attribute name="CPU Util currently" value="23" />
<allocation-satisfied id="209" threadId="0000000002193C00" bytesRequested="24" />
<af-end id="210" timestamp="2019-06-15T23:28:25.578" threadId="0000000002194588" success="true" from="nursery"/>
<exclusive-end id="211" timestamp="2019-06-15T23:28:25.578" durationms="3.405" />

<exclusive-start id="212" timestamp="2019-06-15T23:28:25.646" intervalms="71.909">
  <response-info timems="0.027" idlems="0.027" threads="0" lastid="0000000002193C00" lastname="PmdThread 1" />
</exclusive-start>
<af-start id="213" threadId="0000000002194588" totalBytesRequested="96" timestamp="2019-06-15T23:28:25.646" intervalms="71.826" type="nursery" />
<cycle-start id="214" type="scavenge" contextid="0" timestamp="2019-06-15T23:28:25.646" intervalms="71.769" />
<gc-start id="215" type="scavenge" contextid="214" timestamp="2019-06-15T23:28:25.646">
  <mem-info id="216" free="4479488" total="8519680" percent="52">
    <mem type="nursery" free="0" total="2359296" percent="0">
      <mem type="allocate" free="0" total="1703936" percent="0" />
      <mem type="survivor" free="0" total="655360" percent="0" />
    </mem>
    <mem type="tenure" free="4479488" total="6160384" percent="72">
      <mem type="soa" free="4172288" total="5853184" percent="71" />
      <mem type="loa" free="307200" total="307200" percent="100" />
    </mem>
    <remembered-set count="1785" />
  </mem-info>
</gc-start>
<allocation-stats totalBytes="1395080" >
  <allocated-bytes non-tlh="78016" tlh="1317064" />
  <largest-consumer threadName="PmdThread 1" threadId="0000000002193C00" bytes="1390984" />
</allocation-stats>
<gc-op id="217" type="scavenge" timems="2.624" contextid="214" timestamp="2019-06-15T23:28:25.649">
  <scavenger-info tenureage="3" tenuremask="ffc8" tiltratio="72" />
  <memory-copied type="nursery" objects="5210" bytes="236152" bytesdiscarded="110720" />
  <memory-copied type="tenure" objects="2121" bytes="150488" bytesdiscarded="584" />
  <finalization candidates="4" enqueued="0" />
  <ownableSynchronizers candidates="4" cleared="0" />
  <references type="soft" candidates="28" cleared="0" enqueued="0" dynamicThreshold="27" maxThreshold="32" />
  <references type="weak" candidates="95" cleared="32" enqueued="23" />
  <references type="phantom" candidates="4" cleared="0" enqueued="0" />
</gc-op>
<gc-end id="218" type="scavenge" contextid="214" durationms="2.913" usertimems="0.000" systemtimems="4.000" timestamp="2019-06-15T23:28:25.649" activeThreads="4">
  <mem-info id="219" free="5675112" total="8519680" percent="66">
    <mem type="nursery" free="1422184" total="2359296" percent="60">
      <mem type="allocate" free="1422184" total="1769472" percent="80" />
      <mem type="survivor" free="0" total="589824" percent="0" />
    </mem>
    <mem type="tenure" free="4252928" total="6160384" percent="69" macro-fragmented="2160235">
      <mem type="soa" free="3945728" total="5853184" percent="67" />
      <mem type="loa" free="307200" total="307200" percent="100" />
    </mem>
    <pending-finalizers system="0" default="0" reference="23" classloader="0" />
    <remembered-set count="1569" />
  </mem-info>
</gc-end>
<cycle-end id="220" type="scavenge" contextid="214" timestamp="2019-06-15T23:28:25.649" />
  <attribute name="elasticGC enabled" value="1" />
  <attribute name= "numThreadsSpecified" value="4" />
  <attribute name="heapSize specified" value="8519680" />
  <attribute name="Current GC Util" value="4" />
  <attribute name= "Current Time Running" value="14091" />
  <attribute name ="GC Interval" value="200" />
  <attribute name="ProportionalT" value="-24.000000" />
  <attribute name="ProportionalI" value="-24.000000" />
  <attribute name="ProportionalH" value="-24.000000" />
  <attribute name="Current Error" value="-16.000000" />
  <attribute name="IntegralT" value="-1152.000000" />
  <attribute name="IntegralI" value="-1152.000000" />
  <attribute name="IntegralH" value="-1152.000000" />
  <attribute name="DerivativeT" value="-0.222222" />
  <attribute name="DerivativeI" value="-0.222222" />
  <attribute name="DerivativeH" value="-0.222222" />
  <attribute name="Loop Time for DT" value="72.000000" />
  <attribute name="Output H" value="2092630016"/>
  <attribute name="Output I" value="200"/>
  <attribute name="Output T" value="4"/>
  <attribute name="Target GC Util Change" value ="20.000000" />
  <attribute name="Current GC Util Change" value="4.000000"/>
  <attribute name="GC Util currently" value="4" />
  <attribute name="CPU Util currently" value="1" />
<allocation-satisfied id="221" threadId="0000000002193C00" bytesRequested="96" />
<af-end id="222" timestamp="2019-06-15T23:28:25.650" threadId="0000000002194588" success="true" from="nursery"/>
<exclusive-end id="223" timestamp="2019-06-15T23:28:25.650" durationms="3.383" />

<exclusive-start id="224" timestamp="2019-06-15T23:28:25.698" intervalms="51.852">
  <response-info timems="0.038" idlems="0.038" threads="0" lastid="0000000001E83700" lastname="main" />
</exclusive-start>
<af-start id="225" threadId="0000000001E84088" totalBytesRequested="32" timestamp="2019-06-15T23:28:25.698" intervalms="51.963" type="nursery" />
<cycle-start id="226" type="scavenge" contextid="0" timestamp="2019-06-15T23:28:25.698" intervalms="52.044" />
<gc-start id="227" type="scavenge" contextid="226" timestamp="2019-06-15T23:28:25.699">
  <mem-info id="228" free="4233272" total="8519680" percent="49">
    <mem type="nursery" free="0" total="2359296" percent="0">
      <mem type="allocate" free="0" total="1769472" percent="0" />
      <mem type="survivor" free="0" total="589824" percent="0" />
    </mem>
    <mem type="tenure" free="4233272" total="6160384" percent="68">
      <mem type="soa" free="3926072" total="5853184" percent="67" />
      <mem type="loa" free="307200" total="307200" percent="100" />
    </mem>
    <remembered-set count="1925" />
  </mem-info>
</gc-start>
<allocation-stats totalBytes="1439416" >
  <allocated-bytes non-tlh="19752" tlh="1419664" />
  <largest-consumer threadName="PmdThread 1" threadId="0000000002193C00" bytes="1435320" />
</allocation-stats>
<gc-op id="229" type="scavenge" timems="1.255" contextid="226" timestamp="2019-06-15T23:28:25.700">
  <scavenger-info tenureage="3" tenuremask="ffe8" tiltratio="75" />
  <memory-copied type="nursery" objects="11908" bytes="386400" bytesdiscarded="20528" />
  <memory-copied type="tenure" objects="206" bytes="57072" bytesdiscarded="136" />
  <finalization candidates="2" enqueued="0" />
  <references type="soft" candidates="130" cleared="0" enqueued="0" dynamicThreshold="27" maxThreshold="32" />
  <references type="weak" candidates="75" cleared="5" enqueued="5" />
  <references type="phantom" candidates="4" cleared="0" enqueued="0" />
</gc-op>
<gc-end id="230" type="scavenge" contextid="226" durationms="1.554" usertimems="0.000" systemtimems="0.000" timestamp="2019-06-15T23:28:25.700" activeThreads="4">
  <mem-info id="231" free="5514928" total="8519680" percent="64">
    <mem type="nursery" free="1361400" total="2359296" percent="57">
      <mem type="allocate" free="1361400" total="1769472" percent="76" />
      <mem type="survivor" free="0" total="589824" percent="0" />
    </mem>
    <mem type="tenure" free="4153528" total="6160384" percent="67" macro-fragmented="2160235">
      <mem type="soa" free="3846328" total="5853184" percent="65" />
      <mem type="loa" free="307200" total="307200" percent="100" />
    </mem>
    <pending-finalizers system="0" default="0" reference="5" classloader="0" />
    <remembered-set count="1683" />
  </mem-info>
</gc-end>
<cycle-end id="232" type="scavenge" contextid="226" timestamp="2019-06-15T23:28:25.700" />
  <attribute name="elasticGC enabled" value="1" />
  <attribute name= "numThreadsSpecified" value="4" />
  <attribute name="heapSize specified" value="8519680" />
  <attribute name="Current GC Util" value="7" />
  <attribute name= "Current Time Running" value="14143" />
  <attribute name ="GC Interval" value="200" />
  <attribute name="ProportionalT" value="-19.500000" />
  <attribute name="ProportionalI" value="-19.500000" />
  <attribute name="ProportionalH" value="-19.500000" />
  <attribute name="Current Error" value="-13.000000" />
  <attribute name="IntegralT" value="-676.000000" />
  <attribute name="IntegralI" value="-676.000000" />
  <attribute name="IntegralH" value="-676.000000" />
  <attribute name="DerivativeT" value="-0.250000" />
  <attribute name="DerivativeI" value="-0.250000" />
  <attribute name="DerivativeH" value="-0.250000" />
  <attribute name="Loop Time for DT" value="52.000000" />
  <attribute name="Output H" value="2092630016"/>
  <attribute name="Output I" value="200"/>
  <attribute name="Output T" value="4"/>
  <attribute name="Target GC Util Change" value ="20.000000" />
  <attribute name="Current GC Util Change" value="7.000000"/>
  <attribute name="GC Util currently" value="7" />
  <attribute name="CPU Util currently" value="0" />
<allocation-satisfied id="233" threadId="0000000001E83700" bytesRequested="32" />
<af-end id="234" timestamp="2019-06-15T23:28:25.701" threadId="0000000001E84088" success="true" from="nursery"/>
<exclusive-end id="235" timestamp="2019-06-15T23:28:25.701" durationms="2.582" />

</verbosegc>

