<?xml version="1.0" ?>

<verbosegc xmlns="http://www.ibm.com/j9/verbosegc" version="10b4217_CMPRSS">

<initialized id="1" timestamp="2019-06-15T03:38:44.229">
  <attribute name="gcPolicy" value="-Xgcpolicy:gencon" />
  <attribute name="elasticGC enabled" value="1" />
  <attribute name= "numThreadsSpecified" value="0" />
  <attribute name="heapSize specified" value="0" />
  <attribute name="Current GC Util" value="0" />
  <attribute name= "Current Time Running" value="0" />
  <attribute name ="GC Interval" value="0" />
  <attribute name="ProportionalT" value="0.000000" />
  <attribute name="ProportionalI" value="0.000000" />
  <attribute name="ProportionalH" value="0.000000" />
  <attribute name="IntegralT" value="0.000000" />
  <attribute name="IntegralI" value="0.000000" />
  <attribute name="IntegralH" value="0.000000" />
  <attribute name="DerivativeT" value="0.000000" />
  <attribute name="DerivativeI" value="0.000000" />
  <attribute name="DerivativeH" value="0.000000" />
  <attribute name="Target GC Util Change" value ="0.000000" />
  <attribute name="Current GC Util Change" value="0.000000"/>
  <attribute name="Current Error" value="0.000000" />
  <attribute name="Loop Time for DT" value="0.000000" />
  <attribute name="Output H" value="0"/>
  <attribute name="Output I" value="0"/>
  <attribute name="Output T" value="0"/>
  <attribute name="GC Util currently" value="0" />
  <attribute name="CPU Util currently" value="0" />
  <attribute name="maxHeapSize" value="0x7cbc0000" />
  <attribute name="initialHeapSize" value="0x800000" />
  <attribute name="compressedRefs" value="true" />
  <attribute name="compressedRefsDisplacement" value="0x0" />
  <attribute name="compressedRefsShift" value="0x0" />
  <attribute name="pageSize" value="0x1000" />
  <attribute name="pageType" value="not used" />
  <attribute name="requestedPageSize" value="0x1000" />
  <attribute name="requestedPageType" value="not used" />
  <attribute name="gcthreads" value="4" />
  <attribute name="gcthreads Concurrent Mark" value="1" />
  <attribute name="packetListSplit" value="4" />
  <attribute name="cacheListSplit" value="4" />
  <attribute name="splitFreeListSplitAmount" value="1" />
  <attribute name="numaNodes" value="0" />
  <system>
    <attribute name="physicalMemory" value="8370962432" />
    <attribute name="numCPUs" value="4" />
    <attribute name="architecture" value="amd64" />
    <attribute name="os" value="Linux" />
    <attribute name="osVersion" value="4.4.0-148-generic" />
  </system>
  <vmargs>
    <vmarg name="-Xoptionsfile=/vagrant/jdk/lib/options.default" />
    <vmarg name="-Xlockword:mode=default,noLockword=java/lang/String,noLockword=java/util/MapEntry,noLockword=java/util/HashMap$Entry,noLockword..." />
    <vmarg name="-Xjcl:jclse29" />
    <vmarg name="-Dcom.ibm.oti.vm.bootstrap.library.path=/vagrant/jdk/lib/compressedrefs:/vagrant/jdk/lib" />
    <vmarg name="-Dsun.boot.library.path=/vagrant/jdk/lib/compressedrefs:/vagrant/jdk/lib" />
    <vmarg name="-Djava.library.path=/vagrant/jdk/lib/compressedrefs:/vagrant/jdk/lib:/usr/lib64:/usr/lib" />
    <vmarg name="-Djava.home=/vagrant/jdk" />
    <vmarg name="-Duser.dir=/vagrant" />
    <vmarg name="-verbose:gc" />
    <vmarg name="-Xgcelastic" />
    <vmarg name="-Xcheck:gc:::elasticGC" />
    <vmarg name="-Xloggc:small-jdk0.5-1-1.5-verbose4pmd.txt" />
    <vmarg name="-Djava.class.path=dacapo-9.12-MR1-bach.jar" />
    <vmarg name="-Dsun.java.command=dacapo-9.12-MR1-bach.jar pmd --size=small" />
    <vmarg name="-Dsun.java.launcher=SUN_STANDARD" />
    <vmarg name="-Dsun.java.launcher.pid=32013" />
  </vmargs>
</initialized>

<exclusive-start id="2" timestamp="2019-06-15T03:38:44.459" intervalms="229.158">
  <response-info timems="0.028" idlems="0.028" threads="0" lastid="000000000256C700" lastname="main" />
</exclusive-start>
<af-start id="3" threadId="000000000256D088" totalBytesRequested="7176" timestamp="2019-06-15T03:38:44.459" intervalms="229.493" type="nursery" />
<cycle-start id="4" type="scavenge" contextid="0" timestamp="2019-06-15T03:38:44.459" intervalms="230.132" />
<gc-start id="5" type="scavenge" contextid="4" timestamp="2019-06-15T03:38:44.465">
  <mem-info id="6" free="6062624" total="8388608" percent="72">
    <mem type="nursery" free="0" total="2097152" percent="0">
      <mem type="allocate" free="0" total="1048576" percent="0" />
      <mem type="survivor" free="0" total="1048576" percent="0" />
    </mem>
    <mem type="tenure" free="6062624" total="6291456" percent="96">
      <mem type="soa" free="5748256" total="5977088" percent="96" />
      <mem type="loa" free="314368" total="314368" percent="100" />
    </mem>
    <remembered-set count="3161" />
  </mem-info>
</gc-start>
<allocation-stats totalBytes="1275416" >
  <allocated-bytes non-tlh="344784" tlh="930632" />
  <largest-consumer threadName="main" threadId="000000000256C700" bytes="1198856" />
</allocation-stats>
<gc-op id="7" type="scavenge" timems="2.830" contextid="4" timestamp="2019-06-15T03:38:44.468">
  <scavenger-info tenureage="2" tenuremask="fffc" tiltratio="50" />
  <memory-copied type="nursery" objects="10578" bytes="479592" bytesdiscarded="124784" />
  <finalization candidates="11" enqueued="0" />
  <references type="soft" candidates="62" cleared="0" enqueued="0" dynamicThreshold="32" maxThreshold="32" />
  <references type="weak" candidates="309" cleared="177" enqueued="141" />
  <references type="phantom" candidates="25" cleared="6" enqueued="6" />
</gc-op>
<gc-end id="8" type="scavenge" contextid="4" durationms="6.488" usertimems="8.000" systemtimems="0.000" timestamp="2019-06-15T03:38:44.471" activeThreads="4">
  <mem-info id="9" free="6504728" total="8388608" percent="77">
    <mem type="nursery" free="442104" total="2097152" percent="21">
      <mem type="allocate" free="442104" total="1048576" percent="42" />
      <mem type="survivor" free="0" total="1048576" percent="0" />
    </mem>
    <mem type="tenure" free="6062624" total="6291456" percent="96">
      <mem type="soa" free="5748256" total="5977088" percent="96" />
      <mem type="loa" free="314368" total="314368" percent="100" />
    </mem>
    <pending-finalizers system="0" default="0" reference="147" classloader="0" />
    <remembered-set count="3161" />
  </mem-info>
</gc-end>
<cycle-end id="10" type="scavenge" contextid="4" timestamp="2019-06-15T03:38:44.472" />
  <attribute name="elasticGC enabled" value="1" />
  <attribute name= "numThreadsSpecified" value="0" />
  <attribute name="heapSize specified" value="0" />
  <attribute name="Current GC Util" value="0" />
  <attribute name= "Current Time Running" value="77" />
  <attribute name ="GC Interval" value="1" />
  <attribute name="ProportionalT" value="0.000000" />
  <attribute name="ProportionalI" value="0.000000" />
  <attribute name="ProportionalH" value="0.000000" />
  <attribute name="Current Error" value="0.000000" />
  <attribute name="IntegralT" value="0.000000" />
  <attribute name="IntegralI" value="0.000000" />
  <attribute name="IntegralH" value="0.000000" />
  <attribute name="DerivativeT" value="0.000000" />
  <attribute name="DerivativeI" value="0.000000" />
  <attribute name="DerivativeH" value="0.000000" />
  <attribute name="Loop Time for DT" value="0.000000" />
  <attribute name="Output H" value="0"/>
  <attribute name="Output I" value="0"/>
  <attribute name="Output T" value="0"/>
  <attribute name="Target GC Util Change" value ="20.000000" />
  <attribute name="Current GC Util Change" value="0.000000"/>
  <attribute name="GC Util currently" value="0" />
  <attribute name="CPU Util currently" value="38" />
<allocation-satisfied id="11" threadId="000000000256C700" bytesRequested="7176" />
<af-end id="12" timestamp="2019-06-15T03:38:44.472" threadId="000000000256D088" success="true" from="nursery"/>
<exclusive-end id="13" timestamp="2019-06-15T03:38:44.472" durationms="13.433" />

<exclusive-start id="14" timestamp="2019-06-15T03:38:44.493" intervalms="34.252">
  <response-info timems="0.035" idlems="0.035" threads="0" lastid="000000000256C700" lastname="main" />
</exclusive-start>
<af-start id="15" threadId="000000000256D088" totalBytesRequested="15200" timestamp="2019-06-15T03:38:44.493" intervalms="34.008" type="nursery" />
<cycle-start id="16" type="scavenge" contextid="0" timestamp="2019-06-15T03:38:44.493" intervalms="33.442" />
<gc-start id="17" type="scavenge" contextid="16" timestamp="2019-06-15T03:38:44.497">
  <mem-info id="18" free="6054888" total="8388608" percent="72">
    <mem type="nursery" free="0" total="2097152" percent="0">
      <mem type="allocate" free="0" total="1048576" percent="0" />
      <mem type="survivor" free="0" total="1048576" percent="0" />
    </mem>
    <mem type="tenure" free="6054888" total="6291456" percent="96">
      <mem type="soa" free="5740520" total="5977088" percent="96" />
      <mem type="loa" free="314368" total="314368" percent="100" />
    </mem>
    <remembered-set count="3262" />
  </mem-info>
</gc-start>
<allocation-stats totalBytes="430704" >
  <allocated-bytes non-tlh="14912" tlh="415792" />
  <largest-consumer threadName="main" threadId="000000000256C700" bytes="418728" />
</allocation-stats>
<gc-op id="19" type="scavenge" timems="0.956" contextid="16" timestamp="2019-06-15T03:38:44.498">
  <scavenger-info tenureage="5" tenuremask="7fe0" tiltratio="50" />
  <memory-copied type="nursery" objects="10890" bytes="485656" bytesdiscarded="122016" />
  <finalization candidates="11" enqueued="0" />
  <references type="soft" candidates="62" cleared="0" enqueued="0" dynamicThreshold="32" maxThreshold="32" />
  <references type="weak" candidates="241" cleared="96" enqueued="93" />
  <references type="phantom" candidates="37" cleared="12" enqueued="12" />
</gc-op>
<gc-end id="20" type="scavenge" contextid="16" durationms="1.308" usertimems="4.000" systemtimems="0.000" timestamp="2019-06-15T03:38:44.498" activeThreads="4">
  <mem-info id="21" free="6494328" total="8388608" percent="77">
    <mem type="nursery" free="439440" total="2097152" percent="20">
      <mem type="allocate" free="439440" total="1048576" percent="41" />
      <mem type="survivor" free="0" total="1048576" percent="0" />
    </mem>
    <mem type="tenure" free="6054888" total="6291456" percent="96">
      <mem type="soa" free="5740520" total="5977088" percent="96" />
      <mem type="loa" free="314368" total="314368" percent="100" />
    </mem>
    <pending-finalizers system="0" default="0" reference="105" classloader="0" />
    <remembered-set count="3262" />
  </mem-info>
</gc-end>
<cycle-end id="22" type="scavenge" contextid="16" timestamp="2019-06-15T03:38:44.498" />
  <attribute name="elasticGC enabled" value="1" />
  <attribute name= "numThreadsSpecified" value="4" />
  <attribute name="heapSize specified" value="0" />
  <attribute name="Current GC Util" value="38" />
  <attribute name= "Current Time Running" value="109" />
  <attribute name ="GC Interval" value="592" />
  <attribute name="ProportionalT" value="9.000000" />
  <attribute name="ProportionalI" value="9.000000" />
  <attribute name="ProportionalH" value="9.000000" />
  <attribute name="Current Error" value="18.000000" />
  <attribute name="IntegralT" value="576.000000" />
  <attribute name="IntegralI" value="576.000000" />
  <attribute name="IntegralH" value="576.000000" />
  <attribute name="DerivativeT" value="0.843750" />
  <attribute name="DerivativeI" value="0.843750" />
  <attribute name="DerivativeH" value="0.843750" />
  <attribute name="Loop Time for DT" value="32.000000" />
  <attribute name="Output H" value="8388608"/>
  <attribute name="Output I" value="592"/>
  <attribute name="Output T" value="4"/>
  <attribute name="Target GC Util Change" value ="20.000000" />
  <attribute name="Current GC Util Change" value="38.000000"/>
  <attribute name="GC Util currently" value="38" />
  <attribute name="CPU Util currently" value="5" />
<allocation-satisfied id="23" threadId="000000000256C700" bytesRequested="15200" />
<af-end id="24" timestamp="2019-06-15T03:38:44.499" threadId="000000000256D088" success="true" from="nursery"/>
<exclusive-end id="25" timestamp="2019-06-15T03:38:44.499" durationms="5.919" />

<exclusive-start id="26" timestamp="2019-06-15T03:38:44.509" intervalms="16.507">
  <response-info timems="0.025" idlems="0.025" threads="0" lastid="000000000256C700" lastname="main" />
</exclusive-start>
<af-start id="27" threadId="000000000256D088" totalBytesRequested="20232" timestamp="2019-06-15T03:38:44.509" intervalms="16.509" type="nursery" />
<cycle-start id="28" type="scavenge" contextid="0" timestamp="2019-06-15T03:38:44.509" intervalms="16.506" />
<gc-start id="29" type="scavenge" contextid="28" timestamp="2019-06-15T03:38:44.510">
  <mem-info id="30" free="6052200" total="8388608" percent="72">
    <mem type="nursery" free="0" total="2097152" percent="0">
      <mem type="allocate" free="0" total="1048576" percent="0" />
      <mem type="survivor" free="0" total="1048576" percent="0" />
    </mem>
    <mem type="tenure" free="6052200" total="6291456" percent="96">
      <mem type="soa" free="5737832" total="5977088" percent="95" />
      <mem type="loa" free="314368" total="314368" percent="100" />
    </mem>
    <remembered-set count="3295" />
  </mem-info>
</gc-start>
<allocation-stats totalBytes="412976" >
  <allocated-bytes non-tlh="17888" tlh="395088" />
  <largest-consumer threadName="main" threadId="000000000256C700" bytes="404784" />
</allocation-stats>
<gc-op id="31" type="scavenge" timems="0.810" contextid="28" timestamp="2019-06-15T03:38:44.510">
  <scavenger-info tenureage="4" tenuremask="7ff0" tiltratio="50" />
  <memory-copied type="nursery" objects="10924" bytes="540784" bytesdiscarded="79880" />
  <finalization candidates="11" enqueued="0" />
  <references type="soft" candidates="62" cleared="0" enqueued="0" dynamicThreshold="32" maxThreshold="32" />
  <references type="weak" candidates="222" cleared="75" enqueued="75" />
  <references type="phantom" candidates="36" cleared="9" enqueued="9" />
</gc-op>
<gc-end id="32" type="scavenge" contextid="28" durationms="1.009" usertimems="4.000" systemtimems="0.000" timestamp="2019-06-15T03:38:44.511" activeThreads="4">
  <mem-info id="33" free="6478656" total="8388608" percent="77">
    <mem type="nursery" free="426456" total="2097152" percent="20">
      <mem type="allocate" free="426456" total="1048576" percent="40" />
      <mem type="survivor" free="0" total="1048576" percent="0" />
    </mem>
    <mem type="tenure" free="6052200" total="6291456" percent="96">
      <mem type="soa" free="5737832" total="5977088" percent="95" />
      <mem type="loa" free="314368" total="314368" percent="100" />
    </mem>
    <pending-finalizers system="0" default="0" reference="84" classloader="0" />
    <remembered-set count="1025" />
  </mem-info>
</gc-end>
<cycle-end id="34" type="scavenge" contextid="28" timestamp="2019-06-15T03:38:44.511" />
  <attribute name="elasticGC enabled" value="1" />
  <attribute name= "numThreadsSpecified" value="4" />
  <attribute name="heapSize specified" value="0" />
  <attribute name="Current GC Util" value="45" />
  <attribute name= "Current Time Running" value="121" />
  <attribute name ="GC Interval" value="896" />
  <attribute name="ProportionalT" value="12.500000" />
  <attribute name="ProportionalI" value="12.500000" />
  <attribute name="ProportionalH" value="12.500000" />
  <attribute name="Current Error" value="25.000000" />
  <attribute name="IntegralT" value="876.000000" />
  <attribute name="IntegralI" value="876.000000" />
  <attribute name="IntegralH" value="876.000000" />
  <attribute name="DerivativeT" value="0.875000" />
  <attribute name="DerivativeI" value="0.875000" />
  <attribute name="DerivativeH" value="0.875000" />
  <attribute name="Loop Time for DT" value="12.000000" />
  <attribute name="Output H" value="8388608"/>
  <attribute name="Output I" value="896"/>
  <attribute name="Output T" value="4"/>
  <attribute name="Target GC Util Change" value ="20.000000" />
  <attribute name="Current GC Util Change" value="45.000000"/>
  <attribute name="GC Util currently" value="45" />
  <attribute name="CPU Util currently" value="4" />
<allocation-satisfied id="35" threadId="000000000256C700" bytesRequested="20232" />
<af-end id="36" timestamp="2019-06-15T03:38:44.511" threadId="000000000256D088" success="true" from="nursery"/>
<exclusive-end id="37" timestamp="2019-06-15T03:38:44.511" durationms="1.582" />

<exclusive-start id="38" timestamp="2019-06-15T03:38:44.569" intervalms="59.505">
  <response-info timems="0.034" idlems="0.034" threads="0" lastid="000000000256C700" lastname="main" />
</exclusive-start>
<af-start id="39" threadId="000000000256D088" totalBytesRequested="2056" timestamp="2019-06-15T03:38:44.569" intervalms="59.492" type="nursery" />
<cycle-start id="40" type="scavenge" contextid="0" timestamp="2019-06-15T03:38:44.569" intervalms="59.482" />
<gc-start id="41" type="scavenge" contextid="40" timestamp="2019-06-15T03:38:44.569">
  <mem-info id="42" free="6048488" total="8388608" percent="72">
    <mem type="nursery" free="0" total="2097152" percent="0">
      <mem type="allocate" free="0" total="1048576" percent="0" />
      <mem type="survivor" free="0" total="1048576" percent="0" />
    </mem>
    <mem type="tenure" free="6048488" total="6291456" percent="96">
      <mem type="soa" free="5734120" total="5977088" percent="95" />
      <mem type="loa" free="314368" total="314368" percent="100" />
    </mem>
    <remembered-set count="1091" />
  </mem-info>
</gc-start>
<allocation-stats totalBytes="428728" >
  <allocated-bytes non-tlh="23944" tlh="404784" />
  <largest-consumer threadName="main" threadId="000000000256C700" bytes="428728" />
</allocation-stats>
<gc-op id="43" type="scavenge" timems="1.084" contextid="40" timestamp="2019-06-15T03:38:44.570">
  <scavenger-info tenureage="3" tenuremask="fff8" tiltratio="50" />
  <memory-copied type="nursery" objects="817" bytes="152224" bytesdiscarded="108864" />
  <memory-copied type="tenure" objects="10289" bytes="459832" bytesdiscarded="320" />
  <finalization candidates="13" enqueued="0" />
  <references type="soft" candidates="1" cleared="0" enqueued="0" dynamicThreshold="32" maxThreshold="32" />
  <references type="weak" candidates="62" cleared="46" enqueued="46" />
  <references type="phantom" candidates="21" cleared="10" enqueued="10" />
</gc-op>
<gc-end id="44" type="scavenge" contextid="40" durationms="1.262" usertimems="4.000" systemtimems="0.000" timestamp="2019-06-15T03:38:44.570" activeThreads="4">
  <mem-info id="45" free="6261008" total="8388608" percent="74">
    <mem type="nursery" free="787416" total="2097152" percent="37">
      <mem type="allocate" free="787416" total="1048576" percent="75" />
      <mem type="survivor" free="0" total="1048576" percent="0" />
    </mem>
    <mem type="tenure" free="5473592" total="6291456" percent="87">
      <mem type="soa" free="5159224" total="5977088" percent="86" />
      <mem type="loa" free="314368" total="314368" percent="100" />
    </mem>
    <pending-finalizers system="0" default="0" reference="56" classloader="0" />
    <remembered-set count="207" />
  </mem-info>
</gc-end>
<cycle-end id="46" type="scavenge" contextid="40" timestamp="2019-06-15T03:38:44.570" />
  <attribute name="elasticGC enabled" value="1" />
  <attribute name= "numThreadsSpecified" value="4" />
  <attribute name="heapSize specified" value="0" />
  <attribute name="Current GC Util" value="2" />
  <attribute name= "Current Time Running" value="181" />
  <attribute name ="GC Interval" value="200" />
  <attribute name="ProportionalT" value="-9.000000" />
  <attribute name="ProportionalI" value="-9.000000" />
  <attribute name="ProportionalH" value="-9.000000" />
  <attribute name="Current Error" value="-18.000000" />
  <attribute name="IntegralT" value="-204.000000" />
  <attribute name="IntegralI" value="-204.000000" />
  <attribute name="IntegralH" value="-204.000000" />
  <attribute name="DerivativeT" value="-1.075000" />
  <attribute name="DerivativeI" value="-1.075000" />
  <attribute name="DerivativeH" value="-1.075000" />
  <attribute name="Loop Time for DT" value="60.000000" />
  <attribute name="Output H" value="2092630016"/>
  <attribute name="Output I" value="200"/>
  <attribute name="Output T" value="4"/>
  <attribute name="Target GC Util Change" value ="20.000000" />
  <attribute name="Current GC Util Change" value="2.000000"/>
  <attribute name="GC Util currently" value="2" />
  <attribute name="CPU Util currently" value="12" />
<allocation-satisfied id="47" threadId="000000000256C700" bytesRequested="2056" />
<af-end id="48" timestamp="2019-06-15T03:38:44.570" threadId="000000000256D088" success="true" from="nursery"/>
<exclusive-end id="49" timestamp="2019-06-15T03:38:44.570" durationms="1.688" />

<exclusive-start id="50" timestamp="2019-06-15T03:38:44.735" intervalms="166.448">
  <response-info timems="0.034" idlems="0.034" threads="0" lastid="000000000256C700" lastname="main" />
</exclusive-start>
<af-start id="51" threadId="000000000256D088" totalBytesRequested="2056" timestamp="2019-06-15T03:38:44.735" intervalms="166.457" type="nursery" />
<cycle-start id="52" type="scavenge" contextid="0" timestamp="2019-06-15T03:38:44.735" intervalms="166.459" />
<gc-start id="53" type="scavenge" contextid="52" timestamp="2019-06-15T03:38:44.735">
  <mem-info id="54" free="5472672" total="8388608" percent="65">
    <mem type="nursery" free="0" total="2097152" percent="0">
      <mem type="allocate" free="0" total="1048576" percent="0" />
      <mem type="survivor" free="0" total="1048576" percent="0" />
    </mem>
    <mem type="tenure" free="5472672" total="6291456" percent="86">
      <mem type="soa" free="5158304" total="5977088" percent="86" />
      <mem type="loa" free="314368" total="314368" percent="100" />
    </mem>
    <remembered-set count="222" />
  </mem-info>
</gc-start>
<allocation-stats totalBytes="783496" >
  <allocated-bytes non-tlh="2976" tlh="780520" />
  <largest-consumer threadName="main" threadId="000000000256C700" bytes="783496" />
</allocation-stats>
<gc-op id="55" type="scavenge" timems="0.544" contextid="52" timestamp="2019-06-15T03:38:44.736">
  <scavenger-info tenureage="3" tenuremask="fff8" tiltratio="50" />
  <memory-copied type="nursery" objects="485" bytes="155552" bytesdiscarded="76880" />
  <memory-copied type="tenure" objects="303" bytes="15168" bytesdiscarded="0" />
  <finalization candidates="3" enqueued="1" />
  <references type="soft" candidates="1" cleared="0" enqueued="0" dynamicThreshold="32" maxThreshold="32" />
  <references type="weak" candidates="8" cleared="6" enqueued="6" />
  <references type="phantom" candidates="9" cleared="4" enqueued="4" />
</gc-op>
<gc-end id="56" type="scavenge" contextid="52" durationms="0.742" usertimems="0.000" systemtimems="0.000" timestamp="2019-06-15T03:38:44.736" activeThreads="4">
  <mem-info id="57" free="6249568" total="8388608" percent="74">
    <mem type="nursery" free="816064" total="2097152" percent="38">
      <mem type="allocate" free="816064" total="1048576" percent="77" />
      <mem type="survivor" free="0" total="1048576" percent="0" />
    </mem>
    <mem type="tenure" free="5433504" total="6291456" percent="86">
      <mem type="soa" free="5119136" total="5977088" percent="85" />
      <mem type="loa" free="314368" total="314368" percent="100" />
    </mem>
    <pending-finalizers system="1" default="0" reference="10" classloader="0" />
    <remembered-set count="171" />
  </mem-info>
</gc-end>
<cycle-end id="58" type="scavenge" contextid="52" timestamp="2019-06-15T03:38:44.736" />
  <attribute name="elasticGC enabled" value="1" />
  <attribute name= "numThreadsSpecified" value="4" />
  <attribute name="heapSize specified" value="0" />
  <attribute name="Current GC Util" value="1" />
  <attribute name= "Current Time Running" value="347" />
  <attribute name ="GC Interval" value="200" />
  <attribute name="ProportionalT" value="-9.500000" />
  <attribute name="ProportionalI" value="-9.500000" />
  <attribute name="ProportionalH" value="-9.500000" />
  <attribute name="Current Error" value="-19.000000" />
  <attribute name="IntegralT" value="-3358.000000" />
  <attribute name="IntegralI" value="-3358.000000" />
  <attribute name="IntegralH" value="-3358.000000" />
  <attribute name="DerivativeT" value="-0.171687" />
  <attribute name="DerivativeI" value="-0.171687" />
  <attribute name="DerivativeH" value="-0.171687" />
  <attribute name="Loop Time for DT" value="166.000000" />
  <attribute name="Output H" value="2092630016"/>
  <attribute name="Output I" value="200"/>
  <attribute name="Output T" value="4"/>
  <attribute name="Target GC Util Change" value ="20.000000" />
  <attribute name="Current GC Util Change" value="1.000000"/>
  <attribute name="GC Util currently" value="1" />
  <attribute name="CPU Util currently" value="8" />
<allocation-satisfied id="59" threadId="000000000256C700" bytesRequested="2056" />
<af-end id="60" timestamp="2019-06-15T03:38:44.736" threadId="000000000256D088" success="true" from="nursery"/>
<exclusive-end id="61" timestamp="2019-06-15T03:38:44.737" durationms="1.280" />

<exclusive-start id="62" timestamp="2019-06-15T03:38:44.845" intervalms="109.801">
  <response-info timems="0.034" idlems="0.034" threads="0" lastid="000000000256C700" lastname="main" />
</exclusive-start>
<af-start id="63" threadId="000000000256D088" totalBytesRequested="2056" timestamp="2019-06-15T03:38:44.845" intervalms="109.795" type="nursery" />
<cycle-start id="64" type="scavenge" contextid="0" timestamp="2019-06-15T03:38:44.845" intervalms="109.795" />
<gc-start id="65" type="scavenge" contextid="64" timestamp="2019-06-15T03:38:44.845">
  <mem-info id="66" free="5433504" total="8388608" percent="64">
    <mem type="nursery" free="0" total="2097152" percent="0">
      <mem type="allocate" free="0" total="1048576" percent="0" />
      <mem type="survivor" free="0" total="1048576" percent="0" />
    </mem>
    <mem type="tenure" free="5433504" total="6291456" percent="86">
      <mem type="soa" free="5119136" total="5977088" percent="85" />
      <mem type="loa" free="314368" total="314368" percent="100" />
    </mem>
    <remembered-set count="173" />
  </mem-info>
</gc-start>
<allocation-stats totalBytes="810136" >
  <allocated-bytes non-tlh="2056" tlh="808080" />
  <largest-consumer threadName="main" threadId="000000000256C700" bytes="810136" />
</allocation-stats>
<gc-op id="67" type="scavenge" timems="0.332" contextid="64" timestamp="2019-06-15T03:38:44.846">
  <scavenger-info tenureage="3" tenuremask="fff8" tiltratio="50" />
  <memory-copied type="nursery" objects="427" bytes="84816" bytesdiscarded="18032" />
  <memory-copied type="tenure" objects="30" bytes="2152" bytesdiscarded="0" />
  <finalization candidates="2" enqueued="0" />
  <references type="soft" candidates="1" cleared="0" enqueued="0" dynamicThreshold="32" maxThreshold="32" />
  <references type="weak" candidates="1" cleared="0" enqueued="0" />
  <references type="phantom" candidates="5" cleared="0" enqueued="0" />
</gc-op>
<gc-end id="68" type="scavenge" contextid="64" durationms="0.570" usertimems="0.000" systemtimems="0.000" timestamp="2019-06-15T03:38:44.846" activeThreads="4">
  <mem-info id="69" free="6510224" total="8388608" percent="77">
    <mem type="nursery" free="1076720" total="2097152" percent="51">
      <mem type="allocate" free="1076720" total="1179648" percent="91" />
      <mem type="survivor" free="0" total="917504" percent="0" />
    </mem>
    <mem type="tenure" free="5433504" total="6291456" percent="86">
      <mem type="soa" free="5119136" total="5977088" percent="85" />
      <mem type="loa" free="314368" total="314368" percent="100" />
    </mem>
    <remembered-set count="94" />
  </mem-info>
</gc-end>
<cycle-end id="70" type="scavenge" contextid="64" timestamp="2019-06-15T03:38:44.846" />
  <attribute name="elasticGC enabled" value="1" />
  <attribute name= "numThreadsSpecified" value="4" />
  <attribute name="heapSize specified" value="0" />
  <attribute name="Current GC Util" value="0" />
  <attribute name= "Current Time Running" value="457" />
  <attribute name ="GC Interval" value="200" />
  <attribute name="ProportionalT" value="-10.000000" />
  <attribute name="ProportionalI" value="-10.000000" />
  <attribute name="ProportionalH" value="-10.000000" />
  <attribute name="Current Error" value="-20.000000" />
  <attribute name="IntegralT" value="-5558.000000" />
  <attribute name="IntegralI" value="-5558.000000" />
  <attribute name="IntegralH" value="-5558.000000" />
  <attribute name="DerivativeT" value="-0.272727" />
  <attribute name="DerivativeI" value="-0.272727" />
  <attribute name="DerivativeH" value="-0.272727" />
  <attribute name="Loop Time for DT" value="110.000000" />
  <attribute name="Output H" value="2092630016"/>
  <attribute name="Output I" value="200"/>
  <attribute name="Output T" value="4"/>
  <attribute name="Target GC Util Change" value ="20.000000" />
  <attribute name="Current GC Util Change" value="0.000000"/>
  <attribute name="GC Util currently" value="0" />
  <attribute name="CPU Util currently" value="3" />
<allocation-satisfied id="71" threadId="000000000256C700" bytesRequested="2056" />
<af-end id="72" timestamp="2019-06-15T03:38:44.846" threadId="000000000256D088" success="true" from="nursery"/>
<exclusive-end id="73" timestamp="2019-06-15T03:38:44.846" durationms="1.013" />

<exclusive-start id="74" timestamp="2019-06-15T03:38:44.980" intervalms="134.814">
  <response-info timems="0.029" idlems="0.029" threads="0" lastid="000000000256C700" lastname="main" />
</exclusive-start>
<af-start id="75" threadId="000000000256D088" totalBytesRequested="2056" timestamp="2019-06-15T03:38:44.980" intervalms="134.826" type="nursery" />
<cycle-start id="76" type="scavenge" contextid="0" timestamp="2019-06-15T03:38:44.980" intervalms="134.836" />
<gc-start id="77" type="scavenge" contextid="76" timestamp="2019-06-15T03:38:44.980">
  <mem-info id="78" free="5433504" total="8388608" percent="64">
    <mem type="nursery" free="0" total="2097152" percent="0">
      <mem type="allocate" free="0" total="1179648" percent="0" />
      <mem type="survivor" free="0" total="917504" percent="0" />
    </mem>
    <mem type="tenure" free="5433504" total="6291456" percent="86">
      <mem type="soa" free="5119136" total="5977088" percent="85" />
      <mem type="loa" free="314368" total="314368" percent="100" />
    </mem>
    <remembered-set count="94" />
  </mem-info>
</gc-start>
<allocation-stats totalBytes="1066280" >
  <allocated-bytes non-tlh="2056" tlh="1064224" />
  <largest-consumer threadName="main" threadId="000000000256C700" bytes="1066280" />
</allocation-stats>
<gc-op id="79" type="scavenge" timems="0.281" contextid="76" timestamp="2019-06-15T03:38:44.980">
  <scavenger-info tenureage="4" tenuremask="fff0" tiltratio="56" />
  <memory-copied type="nursery" objects="428" bytes="86960" bytesdiscarded="86024" />
  <finalization candidates="2" enqueued="0" />
  <references type="soft" candidates="1" cleared="0" enqueued="0" dynamicThreshold="32" maxThreshold="32" />
  <references type="weak" candidates="1" cleared="0" enqueued="0" />
  <references type="phantom" candidates="5" cleared="0" enqueued="0" />
</gc-op>
<gc-end id="80" type="scavenge" contextid="76" durationms="0.462" usertimems="4.000" systemtimems="0.000" timestamp="2019-06-15T03:38:44.981" activeThreads="4">
  <mem-info id="81" free="6571160" total="8388608" percent="78">
    <mem type="nursery" free="1137656" total="2097152" percent="54">
      <mem type="allocate" free="1137656" total="1310720" percent="86" />
      <mem type="survivor" free="0" total="786432" percent="0" />
    </mem>
    <mem type="tenure" free="5433504" total="6291456" percent="86">
      <mem type="soa" free="5119136" total="5977088" percent="85" />
      <mem type="loa" free="314368" total="314368" percent="100" />
    </mem>
    <remembered-set count="82" />
  </mem-info>
</gc-end>
<cycle-end id="82" type="scavenge" contextid="76" timestamp="2019-06-15T03:38:44.981" />
  <attribute name="elasticGC enabled" value="1" />
  <attribute name= "numThreadsSpecified" value="4" />
  <attribute name="heapSize specified" value="0" />
  <attribute name="Current GC Util" value="0" />
  <attribute name= "Current Time Running" value="592" />
  <attribute name ="GC Interval" value="200" />
  <attribute name="ProportionalT" value="-10.000000" />
  <attribute name="ProportionalI" value="-10.000000" />
  <attribute name="ProportionalH" value="-10.000000" />
  <attribute name="Current Error" value="-20.000000" />
  <attribute name="IntegralT" value="-2700.000000" />
  <attribute name="IntegralI" value="-2700.000000" />
  <attribute name="IntegralH" value="-2700.000000" />
  <attribute name="DerivativeT" value="-0.222222" />
  <attribute name="DerivativeI" value="-0.222222" />
  <attribute name="DerivativeH" value="-0.222222" />
  <attribute name="Loop Time for DT" value="135.000000" />
  <attribute name="Output H" value="2092630016"/>
  <attribute name="Output I" value="200"/>
  <attribute name="Output T" value="4"/>
  <attribute name="Target GC Util Change" value ="20.000000" />
  <attribute name="Current GC Util Change" value="0.000000"/>
  <attribute name="GC Util currently" value="0" />
  <attribute name="CPU Util currently" value="8" />
<allocation-satisfied id="83" threadId="000000000256C700" bytesRequested="2056" />
<af-end id="84" timestamp="2019-06-15T03:38:44.981" threadId="000000000256D088" success="true" from="nursery"/>
<exclusive-end id="85" timestamp="2019-06-15T03:38:44.981" durationms="0.938" />

<exclusive-start id="86" timestamp="2019-06-15T03:38:45.097" intervalms="116.674">
  <response-info timems="0.035" idlems="0.035" threads="0" lastid="000000000256C700" lastname="main" />
</exclusive-start>
<af-start id="87" threadId="000000000256D088" totalBytesRequested="89408" timestamp="2019-06-15T03:38:45.097" intervalms="116.664" type="nursery" />
<cycle-start id="88" type="scavenge" contextid="0" timestamp="2019-06-15T03:38:45.097" intervalms="116.655" />
<gc-start id="89" type="scavenge" contextid="88" timestamp="2019-06-15T03:38:45.097">
  <mem-info id="90" free="5433024" total="8388608" percent="64">
    <mem type="nursery" free="0" total="2097152" percent="0">
      <mem type="allocate" free="0" total="1310720" percent="0" />
      <mem type="survivor" free="0" total="786432" percent="0" />
    </mem>
    <mem type="tenure" free="5433024" total="6291456" percent="86">
      <mem type="soa" free="5118656" total="5977088" percent="85" />
      <mem type="loa" free="314368" total="314368" percent="100" />
    </mem>
    <remembered-set count="93" />
  </mem-info>
</gc-start>
<allocation-stats totalBytes="1128344" >
  <allocated-bytes non-tlh="81264" tlh="1047080" />
  <largest-consumer threadName="main" threadId="000000000256C700" bytes="1128344" />
</allocation-stats>
<gc-op id="91" type="scavenge" timems="0.458" contextid="88" timestamp="2019-06-15T03:38:45.097">
  <scavenger-info tenureage="3" tenuremask="fff8" tiltratio="62" />
  <memory-copied type="nursery" objects="348" bytes="228744" bytesdiscarded="101712" />
  <memory-copied type="tenure" objects="370" bytes="63336" bytesdiscarded="16" />
  <finalization candidates="2" enqueued="0" />
  <references type="soft" candidates="1" cleared="0" enqueued="0" dynamicThreshold="32" maxThreshold="32" />
  <references type="phantom" candidates="20" cleared="0" enqueued="0" />
</gc-op>
<gc-end id="92" type="scavenge" contextid="88" durationms="0.647" usertimems="0.000" systemtimems="0.000" timestamp="2019-06-15T03:38:45.097" activeThreads="4">
  <mem-info id="93" free="6431440" total="8388608" percent="76">
    <mem type="nursery" free="1045784" total="2097152" percent="49">
      <mem type="allocate" free="1045784" total="1376256" percent="75" />
      <mem type="survivor" free="0" total="720896" percent="0" />
    </mem>
    <mem type="tenure" free="5385656" total="6291456" percent="85">
      <mem type="soa" free="5071288" total="5977088" percent="84" />
      <mem type="loa" free="314368" total="314368" percent="100" />
    </mem>
    <remembered-set count="82" />
  </mem-info>
</gc-end>
<cycle-end id="94" type="scavenge" contextid="88" timestamp="2019-06-15T03:38:45.097" />
  <attribute name="elasticGC enabled" value="1" />
  <attribute name= "numThreadsSpecified" value="4" />
  <attribute name="heapSize specified" value="0" />
  <attribute name="Current GC Util" value="0" />
  <attribute name= "Current Time Running" value="709" />
  <attribute name ="GC Interval" value="200" />
  <attribute name="ProportionalT" value="-10.000000" />
  <attribute name="ProportionalI" value="-10.000000" />
  <attribute name="ProportionalH" value="-10.000000" />
  <attribute name="Current Error" value="-20.000000" />
  <attribute name="IntegralT" value="-2340.000000" />
  <attribute name="IntegralI" value="-2340.000000" />
  <attribute name="IntegralH" value="-2340.000000" />
  <attribute name="DerivativeT" value="-0.256410" />
  <attribute name="DerivativeI" value="-0.256410" />
  <attribute name="DerivativeH" value="-0.256410" />
  <attribute name="Loop Time for DT" value="117.000000" />
  <attribute name="Output H" value="2092630016"/>
  <attribute name="Output I" value="200"/>
  <attribute name="Output T" value="4"/>
  <attribute name="Target GC Util Change" value ="20.000000" />
  <attribute name="Current GC Util Change" value="0.000000"/>
  <attribute name="GC Util currently" value="0" />
  <attribute name="CPU Util currently" value="14" />
<allocation-satisfied id="95" threadId="000000000256C700" bytesRequested="89408" />
<af-end id="96" timestamp="2019-06-15T03:38:45.098" threadId="000000000256D088" success="true" from="nursery"/>
<exclusive-end id="97" timestamp="2019-06-15T03:38:45.098" durationms="1.190" />

<exclusive-start id="98" timestamp="2019-06-15T03:38:45.132" intervalms="35.236">
  <response-info timems="0.039" idlems="0.039" threads="0" lastid="000000000256C700" lastname="main" />
</exclusive-start>
<sys-start reason="explicit" id="99" timestamp="2019-06-15T03:38:45.132" intervalms="902.480" />
<cycle-start id="100" type="global" contextid="0" timestamp="2019-06-15T03:38:45.132" intervalms="902.667" />
<gc-start id="101" type="global" contextid="100" timestamp="2019-06-15T03:38:45.132">
  <mem-info id="102" free="5855664" total="8388608" percent="69">
    <mem type="nursery" free="485336" total="2097152" percent="23">
      <mem type="allocate" free="485336" total="1376256" percent="35" />
      <mem type="survivor" free="0" total="720896" percent="0" />
    </mem>
    <mem type="tenure" free="5370328" total="6291456" percent="85">
      <mem type="soa" free="5055960" total="5977088" percent="84" />
      <mem type="loa" free="314368" total="314368" percent="100" />
    </mem>
    <remembered-set count="343" />
  </mem-info>
</gc-start>
<allocation-stats totalBytes="575592" >
  <allocated-bytes non-tlh="104736" tlh="470856" />
  <largest-consumer threadName="main" threadId="000000000256C700" bytes="575592" />
</allocation-stats>
<gc-op id="103" type="mark" timems="1.437" contextid="100" timestamp="2019-06-15T03:38:45.134">
  <trace-info objectcount="19137" scancount="15815" scanbytes="515988" />
  <finalization candidates="45" enqueued="0" />
  <ownableSynchronizers candidates="4" cleared="3" />
  <references type="soft" candidates="66" cleared="0" enqueued="0" dynamicThreshold="32" maxThreshold="32" />
  <references type="weak" candidates="632" cleared="264" enqueued="186" />
  <references type="phantom" candidates="54" cleared="3" enqueued="3" />
  <stringconstants candidates="2485" cleared="0"  />
</gc-op>
<gc-op id="104" type="classunload" timems="0.083" contextid="100" timestamp="2019-06-15T03:38:45.134">
  <classunload-info classloadercandidates="6" classloadersunloaded="0" classesunloaded="0" anonymousclassesunloaded="0" quiescems="0.000" setupms="0.082" scanms="0.000" postms="0.001" />
</gc-op>
<gc-op id="105" type="sweep" timems="0.706" contextid="100" timestamp="2019-06-15T03:38:45.135" />
<mem-info id="106" free="6401848" total="8388608" percent="76">
  <mem type="nursery" free="909224" total="2097152" percent="43">
    <mem type="allocate" free="909224" total="1376256" percent="66" />
    <mem type="survivor" free="0" total="720896" percent="0" />
  </mem>
  <mem type="tenure" free="5492624" total="6291456" percent="87" micro-fragmented="9812" macro-fragmented="0">
    <mem type="soa" free="5178256" total="5977088" percent="86" />
    <mem type="loa" free="314368" total="314368" percent="100" />
  </mem>
  <pending-finalizers system="0" default="0" reference="189" classloader="0" />
  <remembered-set count="332" />
</mem-info>
<gc-op id="107" type="compact" timems="3.723" contextid="100" timestamp="2019-06-15T03:38:45.139">
  <compact-info movecount="15246" movebytes="908232" reason="compact to aid heap contraction" />
</gc-op>
<gc-end id="108" type="global" contextid="100" durationms="7.145" usertimems="4.000" systemtimems="4.000" timestamp="2019-06-15T03:38:45.139" activeThreads="4">
  <mem-info id="109" free="6484864" total="8388608" percent="77">
    <mem type="nursery" free="989312" total="2097152" percent="47">
      <mem type="allocate" free="989312" total="1376256" percent="71" />
      <mem type="survivor" free="0" total="720896" percent="0" />
    </mem>
    <mem type="tenure" free="5495552" total="6291456" percent="87">
      <mem type="soa" free="5181184" total="5977088" percent="86" />
      <mem type="loa" free="314368" total="314368" percent="100" />
    </mem>
    <pending-finalizers system="0" default="0" reference="189" classloader="0" />
    <remembered-set count="332" />
  </mem-info>
</gc-end>
<cycle-end id="110" type="global" contextid="100" timestamp="2019-06-15T03:38:45.139" />
  <attribute name="elasticGC enabled" value="1" />
  <attribute name= "numThreadsSpecified" value="4" />
  <attribute name="heapSize specified" value="8388608" />
  <attribute name="Current GC Util" value="37" />
  <attribute name= "Current Time Running" value="751" />
  <attribute name ="GC Interval" value="200" />
  <attribute name="ProportionalT" value="8.500000" />
  <attribute name="ProportionalI" value="8.500000" />
  <attribute name="ProportionalH" value="8.500000" />
  <attribute name="Current Error" value="17.000000" />
  <attribute name="IntegralT" value="68.000000" />
  <attribute name="IntegralI" value="68.000000" />
  <attribute name="IntegralH" value="68.000000" />
  <attribute name="DerivativeT" value="6.375000" />
  <attribute name="DerivativeI" value="6.375000" />
  <attribute name="DerivativeH" value="6.375000" />
  <attribute name="Loop Time for DT" value="4.000000" />
  <attribute name="Output H" value="8388608"/>
  <attribute name="Output I" value="200"/>
  <attribute name="Output T" value="4"/>
  <attribute name="Target GC Util Change" value ="20.000000" />
  <attribute name="Current GC Util Change" value="37.000000"/>
  <attribute name="GC Util currently" value="37" />
  <attribute name="CPU Util currently" value="1189292446019" />
<sys-end id="111" timestamp="2019-06-15T03:38:45.139" />
<exclusive-end id="112" timestamp="2019-06-15T03:38:45.140" durationms="7.824" />

<exclusive-start id="113" timestamp="2019-06-15T03:38:45.172" intervalms="40.175">
  <response-info timems="0.052" idlems="0.052" threads="0" lastid="000000000256C700" lastname="main" />
</exclusive-start>
<af-start id="114" threadId="000000000256D088" totalBytesRequested="208" timestamp="2019-06-15T03:38:45.172" intervalms="75.481" type="nursery" />
<cycle-start id="115" type="scavenge" contextid="0" timestamp="2019-06-15T03:38:45.172" intervalms="75.537" />
<gc-start id="116" type="scavenge" contextid="115" timestamp="2019-06-15T03:38:45.172">
  <mem-info id="117" free="5475872" total="8388608" percent="65">
    <mem type="nursery" free="0" total="2097152" percent="0">
      <mem type="allocate" free="0" total="1376256" percent="0" />
      <mem type="survivor" free="0" total="720896" percent="0" />
    </mem>
    <mem type="tenure" free="5475872" total="6291456" percent="87">
      <mem type="soa" free="5161504" total="5977088" percent="86" />
      <mem type="loa" free="314368" total="314368" percent="100" />
    </mem>
    <remembered-set count="618" />
  </mem-info>
</gc-start>
<allocation-stats totalBytes="1006832" >
  <allocated-bytes non-tlh="19680" tlh="987152" />
  <largest-consumer threadName="main" threadId="000000000256C700" bytes="1002736" />
</allocation-stats>
<gc-op id="118" type="scavenge" timems="0.477" contextid="115" timestamp="2019-06-15T03:38:45.173">
  <scavenger-info tenureage="3" tenuremask="ffe8" tiltratio="65" />
  <memory-copied type="nursery" objects="3182" bytes="450832" bytesdiscarded="104184" />
  <finalization candidates="32" enqueued="0" />
  <ownableSynchronizers candidates="1" cleared="0" />
  <references type="soft" candidates="5" cleared="0" enqueued="0" dynamicThreshold="27" maxThreshold="32" />
  <references type="weak" candidates="285" cleared="43" enqueued="43" />
  <references type="phantom" candidates="31" cleared="2" enqueued="2" />
</gc-op>
<gc-end id="119" type="scavenge" contextid="115" durationms="0.793" usertimems="4.000" systemtimems="0.000" timestamp="2019-06-15T03:38:45.173" activeThreads="4">
  <mem-info id="120" free="6296920" total="8388608" percent="75">
    <mem type="nursery" free="821048" total="2097152" percent="39">
      <mem type="allocate" free="821048" total="1376256" percent="59" />
      <mem type="survivor" free="0" total="720896" percent="0" />
    </mem>
    <mem type="tenure" free="5475872" total="6291456" percent="87">
      <mem type="soa" free="5161504" total="5977088" percent="86" />
      <mem type="loa" free="314368" total="314368" percent="100" />
    </mem>
    <pending-finalizers system="0" default="0" reference="45" classloader="0" />
    <remembered-set count="614" />
  </mem-info>
</gc-end>
<cycle-end id="121" type="scavenge" contextid="115" timestamp="2019-06-15T03:38:45.173" />
  <attribute name="elasticGC enabled" value="1" />
  <attribute name= "numThreadsSpecified" value="4" />
  <attribute name="heapSize specified" value="8388608" />
  <attribute name="Current GC Util" value="14" />
  <attribute name= "Current Time Running" value="784" />
  <attribute name ="GC Interval" value="200" />
  <attribute name="ProportionalT" value="-3.000000" />
  <attribute name="ProportionalI" value="-3.000000" />
  <attribute name="ProportionalH" value="-3.000000" />
  <attribute name="Current Error" value="-6.000000" />
  <attribute name="IntegralT" value="-198.000000" />
  <attribute name="IntegralI" value="-198.000000" />
  <attribute name="IntegralH" value="-198.000000" />
  <attribute name="DerivativeT" value="-1.045455" />
  <attribute name="DerivativeI" value="-1.045455" />
  <attribute name="DerivativeH" value="-1.045455" />
  <attribute name="Loop Time for DT" value="33.000000" />
  <attribute name="Output H" value="2092630016"/>
  <attribute name="Output I" value="200"/>
  <attribute name="Output T" value="4"/>
  <attribute name="Target GC Util Change" value ="20.000000" />
  <attribute name="Current GC Util Change" value="14.000000"/>
  <attribute name="GC Util currently" value="14" />
  <attribute name="CPU Util currently" value="137144411905" />
<allocation-satisfied id="122" threadId="000000000256C700" bytesRequested="208" />
<af-end id="123" timestamp="2019-06-15T03:38:45.173" threadId="000000000256D088" success="true" from="nursery"/>
<exclusive-end id="124" timestamp="2019-06-15T03:38:45.174" durationms="1.579" />

<exclusive-start id="125" timestamp="2019-06-15T03:38:45.197" intervalms="24.653">
  <response-info timems="0.051" idlems="0.051" threads="0" lastid="000000000256C700" lastname="main" />
</exclusive-start>
<af-start id="126" threadId="000000000256D088" totalBytesRequested="128" timestamp="2019-06-15T03:38:45.197" intervalms="24.602" type="nursery" />
<cycle-start id="127" type="scavenge" contextid="0" timestamp="2019-06-15T03:38:45.197" intervalms="24.608" />
<gc-start id="128" type="scavenge" contextid="127" timestamp="2019-06-15T03:38:45.197">
  <mem-info id="129" free="5462032" total="8388608" percent="65">
    <mem type="nursery" free="0" total="2097152" percent="0">
      <mem type="allocate" free="0" total="1376256" percent="0" />
      <mem type="survivor" free="0" total="720896" percent="0" />
    </mem>
    <mem type="tenure" free="5462032" total="6291456" percent="86">
      <mem type="soa" free="5147664" total="5977088" percent="86" />
      <mem type="loa" free="314368" total="314368" percent="100" />
    </mem>
    <remembered-set count="763" />
  </mem-info>
</gc-start>
<allocation-stats totalBytes="833384" >
  <allocated-bytes non-tlh="14048" tlh="819336" />
  <largest-consumer threadName="main" threadId="000000000256C700" bytes="829288" />
</allocation-stats>
<gc-op id="130" type="scavenge" timems="0.506" contextid="127" timestamp="2019-06-15T03:38:45.198">
  <scavenger-info tenureage="3" tenuremask="fff8" tiltratio="65" />
  <memory-copied type="nursery" objects="3122" bytes="428792" bytesdiscarded="76632" />
  <finalization candidates="32" enqueued="0" />
  <ownableSynchronizers candidates="1" cleared="0" />
  <references type="soft" candidates="5" cleared="0" enqueued="0" dynamicThreshold="27" maxThreshold="32" />
  <references type="weak" candidates="245" cleared="3" enqueued="3" />
  <references type="phantom" candidates="29" cleared="0" enqueued="0" />
</gc-op>
<gc-end id="131" type="scavenge" contextid="127" durationms="0.739" usertimems="0.000" systemtimems="0.000" timestamp="2019-06-15T03:38:45.198" activeThreads="4">
  <mem-info id="132" free="6332672" total="8388608" percent="75">
    <mem type="nursery" free="870640" total="2097152" percent="41">
      <mem type="allocate" free="870640" total="1376256" percent="63" />
      <mem type="survivor" free="0" total="720896" percent="0" />
    </mem>
    <mem type="tenure" free="5462032" total="6291456" percent="86">
      <mem type="soa" free="5147664" total="5977088" percent="86" />
      <mem type="loa" free="314368" total="314368" percent="100" />
    </mem>
    <pending-finalizers system="0" default="0" reference="3" classloader="0" />
    <remembered-set count="750" />
  </mem-info>
</gc-end>
<cycle-end id="133" type="scavenge" contextid="127" timestamp="2019-06-15T03:38:45.198" />
  <attribute name="elasticGC enabled" value="1" />
  <attribute name= "numThreadsSpecified" value="4" />
  <attribute name="heapSize specified" value="8388608" />
  <attribute name="Current GC Util" value="3" />
  <attribute name= "Current Time Running" value="809" />
  <attribute name ="GC Interval" value="200" />
  <attribute name="ProportionalT" value="-8.500000" />
  <attribute name="ProportionalI" value="-8.500000" />
  <attribute name="ProportionalH" value="-8.500000" />
  <attribute name="Current Error" value="-17.000000" />
  <attribute name="IntegralT" value="-425.000000" />
  <attribute name="IntegralI" value="-425.000000" />
  <attribute name="IntegralH" value="-425.000000" />
  <attribute name="DerivativeT" value="-1.020000" />
  <attribute name="DerivativeI" value="-1.020000" />
  <attribute name="DerivativeH" value="-1.020000" />
  <attribute name="Loop Time for DT" value="25.000000" />
  <attribute name="Output H" value="2092630016"/>
  <attribute name="Output I" value="200"/>
  <attribute name="Output T" value="4"/>
  <attribute name="Target GC Util Change" value ="20.000000" />
  <attribute name="Current GC Util Change" value="3.000000"/>
  <attribute name="GC Util currently" value="3" />
  <attribute name="CPU Util currently" value="187671709965" />
<allocation-satisfied id="134" threadId="000000000256C700" bytesRequested="128" />
<af-end id="135" timestamp="2019-06-15T03:38:45.198" threadId="000000000256D088" success="true" from="nursery"/>
<exclusive-end id="136" timestamp="2019-06-15T03:38:45.198" durationms="1.423" />

<exclusive-start id="137" timestamp="2019-06-15T03:38:45.216" intervalms="18.952">
  <response-info timems="0.029" idlems="0.029" threads="0" lastid="000000000256C700" lastname="main" />
</exclusive-start>
<af-start id="138" threadId="000000000256D088" totalBytesRequested="4664" timestamp="2019-06-15T03:38:45.216" intervalms="18.943" type="nursery" />
<cycle-start id="139" type="scavenge" contextid="0" timestamp="2019-06-15T03:38:45.216" intervalms="18.929" />
<gc-start id="140" type="scavenge" contextid="139" timestamp="2019-06-15T03:38:45.216">
  <mem-info id="141" free="5447744" total="8388608" percent="64">
    <mem type="nursery" free="0" total="2097152" percent="0">
      <mem type="allocate" free="0" total="1376256" percent="0" />
      <mem type="survivor" free="0" total="720896" percent="0" />
    </mem>
    <mem type="tenure" free="5447744" total="6291456" percent="86">
      <mem type="soa" free="5133376" total="5977088" percent="85" />
      <mem type="loa" free="314368" total="314368" percent="100" />
    </mem>
    <remembered-set count="873" />
  </mem-info>
</gc-start>
<allocation-stats totalBytes="882696" >
  <allocated-bytes non-tlh="14416" tlh="868280" />
  <largest-consumer threadName="main" threadId="000000000256C700" bytes="882696" />
</allocation-stats>
<gc-op id="142" type="scavenge" timems="0.528" contextid="139" timestamp="2019-06-15T03:38:45.216">
  <scavenger-info tenureage="3" tenuremask="fff8" tiltratio="65" />
  <memory-copied type="nursery" objects="2900" bytes="252520" bytesdiscarded="175120" />
  <memory-copied type="tenure" objects="317" bytes="180080" bytesdiscarded="264" />
  <finalization candidates="32" enqueued="0" />
  <ownableSynchronizers candidates="1" cleared="0" />
  <references type="soft" candidates="4" cleared="0" enqueued="0" dynamicThreshold="27" maxThreshold="32" />
  <references type="weak" candidates="246" cleared="4" enqueued="4" />
  <references type="phantom" candidates="9" cleared="0" enqueued="0" />
</gc-op>
<gc-end id="143" type="scavenge" contextid="139" durationms="0.760" usertimems="0.000" systemtimems="0.000" timestamp="2019-06-15T03:38:45.217" activeThreads="4">
  <mem-info id="144" free="6215272" total="8388608" percent="74">
    <mem type="nursery" free="1013968" total="2097152" percent="48">
      <mem type="allocate" free="1013968" total="1441792" percent="70" />
      <mem type="survivor" free="0" total="655360" percent="0" />
    </mem>
    <mem type="tenure" free="5201304" total="6291456" percent="82">
      <mem type="soa" free="4886936" total="5977088" percent="81" />
      <mem type="loa" free="314368" total="314368" percent="100" />
    </mem>
    <pending-finalizers system="0" default="0" reference="4" classloader="0" />
    <remembered-set count="541" />
  </mem-info>
</gc-end>
<cycle-end id="145" type="scavenge" contextid="139" timestamp="2019-06-15T03:38:45.217" />
  <attribute name="elasticGC enabled" value="1" />
  <attribute name= "numThreadsSpecified" value="4" />
  <attribute name="heapSize specified" value="8388608" />
  <attribute name="Current GC Util" value="4" />
  <attribute name= "Current Time Running" value="828" />
  <attribute name ="GC Interval" value="200" />
  <attribute name="ProportionalT" value="-8.000000" />
  <attribute name="ProportionalI" value="-8.000000" />
  <attribute name="ProportionalH" value="-8.000000" />
  <attribute name="Current Error" value="-16.000000" />
  <attribute name="IntegralT" value="-304.000000" />
  <attribute name="IntegralI" value="-304.000000" />
  <attribute name="IntegralH" value="-304.000000" />
  <attribute name="DerivativeT" value="-1.263158" />
  <attribute name="DerivativeI" value="-1.263158" />
  <attribute name="DerivativeH" value="-1.263158" />
  <attribute name="Loop Time for DT" value="19.000000" />
  <attribute name="Output H" value="2092630016"/>
  <attribute name="Output I" value="200"/>
  <attribute name="Output T" value="4"/>
  <attribute name="Target GC Util Change" value ="20.000000" />
  <attribute name="Current GC Util Change" value="4.000000"/>
  <attribute name="GC Util currently" value="4" />
  <attribute name="CPU Util currently" value="244093832737" />
<allocation-satisfied id="146" threadId="000000000256C700" bytesRequested="4664" />
<af-end id="147" timestamp="2019-06-15T03:38:45.217" threadId="000000000256D088" success="true" from="nursery"/>
<exclusive-end id="148" timestamp="2019-06-15T03:38:45.217" durationms="1.331" />

<exclusive-start id="149" timestamp="2019-06-15T03:38:45.257" intervalms="41.931">
  <response-info timems="0.024" idlems="0.024" threads="0" lastid="000000000256C700" lastname="main" />
</exclusive-start>
<af-start id="150" threadId="000000000256D088" totalBytesRequested="40" timestamp="2019-06-15T03:38:45.258" intervalms="41.920" type="nursery" />
<cycle-start id="151" type="scavenge" contextid="0" timestamp="2019-06-15T03:38:45.258" intervalms="41.871" />
<gc-start id="152" type="scavenge" contextid="151" timestamp="2019-06-15T03:38:45.258">
  <mem-info id="153" free="5179696" total="8388608" percent="61">
    <mem type="nursery" free="0" total="2097152" percent="0">
      <mem type="allocate" free="0" total="1441792" percent="0" />
      <mem type="survivor" free="0" total="655360" percent="0" />
    </mem>
    <mem type="tenure" free="5179696" total="6291456" percent="82">
      <mem type="soa" free="4865328" total="5977088" percent="81" />
      <mem type="loa" free="314368" total="314368" percent="100" />
    </mem>
    <remembered-set count="776" />
  </mem-info>
</gc-start>
<allocation-stats totalBytes="1033480" >
  <allocated-bytes non-tlh="91816" tlh="941664" />
  <largest-consumer threadName="main" threadId="000000000256C700" bytes="1033480" />
</allocation-stats>
<gc-op id="154" type="scavenge" timems="0.549" contextid="151" timestamp="2019-06-15T03:38:45.258">
  <scavenger-info tenureage="3" tenuremask="fff8" tiltratio="68" />
  <memory-copied type="nursery" objects="711" bytes="100112" bytesdiscarded="43664" />
  <memory-copied type="tenure" objects="2658" bytes="242792" bytesdiscarded="32" />
  <finalization candidates="32" enqueued="0" />
  <ownableSynchronizers candidates="1" cleared="0" />
  <references type="weak" candidates="10" cleared="10" enqueued="10" />
</gc-op>
<gc-end id="155" type="scavenge" contextid="151" durationms="0.739" usertimems="0.000" systemtimems="0.000" timestamp="2019-06-15T03:38:45.258" activeThreads="4">
  <mem-info id="156" free="6274456" total="8388608" percent="74">
    <mem type="nursery" free="1363448" total="2097152" percent="65">
      <mem type="allocate" free="1363448" total="1507328" percent="90" />
      <mem type="survivor" free="0" total="589824" percent="0" />
    </mem>
    <mem type="tenure" free="4911008" total="6291456" percent="78">
      <mem type="soa" free="4596640" total="5977088" percent="76" />
      <mem type="loa" free="314368" total="314368" percent="100" />
    </mem>
    <pending-finalizers system="0" default="0" reference="10" classloader="0" />
    <remembered-set count="499" />
  </mem-info>
</gc-end>
<cycle-end id="157" type="scavenge" contextid="151" timestamp="2019-06-15T03:38:45.258" />
  <attribute name="elasticGC enabled" value="1" />
  <attribute name= "numThreadsSpecified" value="4" />
  <attribute name="heapSize specified" value="8388608" />
  <attribute name="Current GC Util" value="2" />
  <attribute name= "Current Time Running" value="870" />
  <attribute name ="GC Interval" value="200" />
  <attribute name="ProportionalT" value="-9.000000" />
  <attribute name="ProportionalI" value="-9.000000" />
  <attribute name="ProportionalH" value="-9.000000" />
  <attribute name="Current Error" value="-18.000000" />
  <attribute name="IntegralT" value="-756.000000" />
  <attribute name="IntegralI" value="-756.000000" />
  <attribute name="IntegralH" value="-756.000000" />
  <attribute name="DerivativeT" value="-0.642857" />
  <attribute name="DerivativeI" value="-0.642857" />
  <attribute name="DerivativeH" value="-0.642857" />
  <attribute name="Loop Time for DT" value="42.000000" />
  <attribute name="Output H" value="2092630016"/>
  <attribute name="Output I" value="200"/>
  <attribute name="Output T" value="4"/>
  <attribute name="Target GC Util Change" value ="20.000000" />
  <attribute name="Current GC Util Change" value="2.000000"/>
  <attribute name="GC Util currently" value="2" />
  <attribute name="CPU Util currently" value="110297282854" />
<allocation-satisfied id="158" threadId="000000000256C700" bytesRequested="40" />
<af-end id="159" timestamp="2019-06-15T03:38:45.259" threadId="000000000256D088" success="true" from="nursery"/>
<exclusive-end id="160" timestamp="2019-06-15T03:38:45.259" durationms="1.184" />

<exclusive-start id="161" timestamp="2019-06-15T03:38:45.319" intervalms="61.891">
  <response-info timems="0.031" idlems="0.031" threads="0" lastid="000000000256C700" lastname="main" />
</exclusive-start>
<af-start id="162" threadId="000000000256D088" totalBytesRequested="208" timestamp="2019-06-15T03:38:45.319" intervalms="61.896" type="nursery" />
<cycle-start id="163" type="scavenge" contextid="0" timestamp="2019-06-15T03:38:45.320" intervalms="61.898" />
<gc-start id="164" type="scavenge" contextid="163" timestamp="2019-06-15T03:38:45.320">
  <mem-info id="165" free="4879720" total="8388608" percent="58">
    <mem type="nursery" free="0" total="2097152" percent="0">
      <mem type="allocate" free="0" total="1507328" percent="0" />
      <mem type="survivor" free="0" total="589824" percent="0" />
    </mem>
    <mem type="tenure" free="4879720" total="6291456" percent="77">
      <mem type="soa" free="4565352" total="5977088" percent="76" />
      <mem type="loa" free="314368" total="314368" percent="100" />
    </mem>
    <remembered-set count="871" />
  </mem-info>
</gc-start>
<allocation-stats totalBytes="1393280" >
  <allocated-bytes non-tlh="31328" tlh="1361952" />
  <largest-consumer threadName="main" threadId="000000000256C700" bytes="1393280" />
</allocation-stats>
<gc-op id="166" type="scavenge" timems="0.373" contextid="163" timestamp="2019-06-15T03:38:45.320">
  <scavenger-info tenureage="4" tenuremask="fff0" tiltratio="71" />
  <memory-copied type="nursery" objects="3116" bytes="248488" bytesdiscarded="98632" />
  <references type="weak" candidates="2" cleared="2" enqueued="2" />
</gc-op>
<gc-end id="167" type="scavenge" contextid="163" durationms="0.534" usertimems="0.000" systemtimems="0.000" timestamp="2019-06-15T03:38:45.320" activeThreads="4">
  <mem-info id="168" free="6039840" total="8388608" percent="72">
    <mem type="nursery" free="1160120" total="2097152" percent="55">
      <mem type="allocate" free="1160120" total="1507328" percent="76" />
      <mem type="survivor" free="0" total="589824" percent="0" />
    </mem>
    <mem type="tenure" free="4879720" total="6291456" percent="77">
      <mem type="soa" free="4565352" total="5977088" percent="76" />
      <mem type="loa" free="314368" total="314368" percent="100" />
    </mem>
    <pending-finalizers system="0" default="0" reference="2" classloader="0" />
    <remembered-set count="760" />
  </mem-info>
</gc-end>
<cycle-end id="169" type="scavenge" contextid="163" timestamp="2019-06-15T03:38:45.320" />
  <attribute name="elasticGC enabled" value="1" />
  <attribute name= "numThreadsSpecified" value="4" />
  <attribute name="heapSize specified" value="8388608" />
  <attribute name="Current GC Util" value="1" />
  <attribute name= "Current Time Running" value="931" />
  <attribute name ="GC Interval" value="200" />
  <attribute name="ProportionalT" value="-9.500000" />
  <attribute name="ProportionalI" value="-9.500000" />
  <attribute name="ProportionalH" value="-9.500000" />
  <attribute name="Current Error" value="-19.000000" />
  <attribute name="IntegralT" value="-1159.000000" />
  <attribute name="IntegralI" value="-1159.000000" />
  <attribute name="IntegralH" value="-1159.000000" />
  <attribute name="DerivativeT" value="-0.467213" />
  <attribute name="DerivativeI" value="-0.467213" />
  <attribute name="DerivativeH" value="-0.467213" />
  <attribute name="Loop Time for DT" value="61.000000" />
  <attribute name="Output H" value="2092630016"/>
  <attribute name="Output I" value="200"/>
  <attribute name="Output T" value="4"/>
  <attribute name="Target GC Util Change" value ="20.000000" />
  <attribute name="Current GC Util Change" value="1.000000"/>
  <attribute name="GC Util currently" value="1" />
  <attribute name="CPU Util currently" value="9" />
<allocation-satisfied id="170" threadId="000000000256C700" bytesRequested="208" />
<af-end id="171" timestamp="2019-06-15T03:38:45.320" threadId="000000000256D088" success="true" from="nursery"/>
<exclusive-end id="172" timestamp="2019-06-15T03:38:45.320" durationms="0.978" />

<exclusive-start id="173" timestamp="2019-06-15T03:38:45.366" intervalms="46.606">
  <response-info timems="0.033" idlems="0.033" threads="0" lastid="000000000256C700" lastname="main" />
</exclusive-start>
<af-start id="174" threadId="000000000256D088" totalBytesRequested="8208" timestamp="2019-06-15T03:38:45.366" intervalms="46.605" type="nursery" />
<cycle-start id="175" type="scavenge" contextid="0" timestamp="2019-06-15T03:38:45.366" intervalms="46.601" />
<gc-start id="176" type="scavenge" contextid="175" timestamp="2019-06-15T03:38:45.366">
  <mem-info id="177" free="4854040" total="8388608" percent="57">
    <mem type="nursery" free="0" total="2097152" percent="0">
      <mem type="allocate" free="0" total="1507328" percent="0" />
      <mem type="survivor" free="0" total="589824" percent="0" />
    </mem>
    <mem type="tenure" free="4854040" total="6291456" percent="77">
      <mem type="soa" free="4539672" total="5977088" percent="75" />
      <mem type="loa" free="314368" total="314368" percent="100" />
    </mem>
    <remembered-set count="1112" />
  </mem-info>
</gc-start>
<allocation-stats totalBytes="1172680" >
  <allocated-bytes non-tlh="25888" tlh="1146792" />
  <largest-consumer threadName="main" threadId="000000000256C700" bytes="1172680" />
</allocation-stats>
<gc-op id="178" type="scavenge" timems="0.557" contextid="175" timestamp="2019-06-15T03:38:45.367">
  <scavenger-info tenureage="4" tenuremask="fff0" tiltratio="71" />
  <memory-copied type="nursery" objects="2318" bytes="240520" bytesdiscarded="92472" />
  <memory-copied type="tenure" objects="101" bytes="4072" bytesdiscarded="0" />
  <finalization candidates="5" enqueued="0" />
  <references type="soft" candidates="1" cleared="0" enqueued="0" dynamicThreshold="27" maxThreshold="32" />
  <references type="weak" candidates="105" cleared="35" enqueued="24" />
  <references type="phantom" candidates="3" cleared="1" enqueued="1" />
</gc-op>
<gc-end id="179" type="scavenge" contextid="175" durationms="0.739" usertimems="0.000" systemtimems="0.000" timestamp="2019-06-15T03:38:45.367" activeThreads="4">
  <mem-info id="180" free="6093816" total="8388608" percent="72">
    <mem type="nursery" free="1239776" total="2097152" percent="59">
      <mem type="allocate" free="1239776" total="1572864" percent="78" />
      <mem type="survivor" free="0" total="524288" percent="0" />
    </mem>
    <mem type="tenure" free="4854040" total="6291456" percent="77">
      <mem type="soa" free="4539672" total="5977088" percent="75" />
      <mem type="loa" free="314368" total="314368" percent="100" />
    </mem>
    <pending-finalizers system="0" default="0" reference="25" classloader="0" />
    <remembered-set count="867" />
  </mem-info>
</gc-end>
<cycle-end id="181" type="scavenge" contextid="175" timestamp="2019-06-15T03:38:45.367" />
  <attribute name="elasticGC enabled" value="1" />
  <attribute name= "numThreadsSpecified" value="4" />
  <attribute name="heapSize specified" value="8388608" />
  <attribute name="Current GC Util" value="1" />
  <attribute name= "Current Time Running" value="978" />
  <attribute name ="GC Interval" value="200" />
  <attribute name="ProportionalT" value="-9.500000" />
  <attribute name="ProportionalI" value="-9.500000" />
  <attribute name="ProportionalH" value="-9.500000" />
  <attribute name="Current Error" value="-19.000000" />
  <attribute name="IntegralT" value="-893.000000" />
  <attribute name="IntegralI" value="-893.000000" />
  <attribute name="IntegralH" value="-893.000000" />
  <attribute name="DerivativeT" value="-0.606383" />
  <attribute name="DerivativeI" value="-0.606383" />
  <attribute name="DerivativeH" value="-0.606383" />
  <attribute name="Loop Time for DT" value="47.000000" />
  <attribute name="Output H" value="2092630016"/>
  <attribute name="Output I" value="200"/>
  <attribute name="Output T" value="4"/>
  <attribute name="Target GC Util Change" value ="20.000000" />
  <attribute name="Current GC Util Change" value="1.000000"/>
  <attribute name="GC Util currently" value="1" />
  <attribute name="CPU Util currently" value="23" />
<allocation-satisfied id="182" threadId="000000000256C700" bytesRequested="8208" />
<af-end id="183" timestamp="2019-06-15T03:38:45.367" threadId="000000000256D088" success="true" from="nursery"/>
<exclusive-end id="184" timestamp="2019-06-15T03:38:45.367" durationms="1.501" />

<exclusive-start id="185" timestamp="2019-06-15T03:38:45.413" intervalms="47.277">
  <response-info timems="0.064" idlems="0.064" threads="0" lastid="000000000287CC00" lastname="PmdThread 1" />
</exclusive-start>
<af-start id="186" threadId="000000000287D588" totalBytesRequested="1032" timestamp="2019-06-15T03:38:45.413" intervalms="47.331" type="nursery" />
<cycle-start id="187" type="scavenge" contextid="0" timestamp="2019-06-15T03:38:45.413" intervalms="47.379" />
<gc-start id="188" type="scavenge" contextid="187" timestamp="2019-06-15T03:38:45.414">
  <mem-info id="189" free="4850528" total="8388608" percent="57">
    <mem type="nursery" free="0" total="2097152" percent="0">
      <mem type="allocate" free="0" total="1572864" percent="0" />
      <mem type="survivor" free="0" total="524288" percent="0" />
    </mem>
    <mem type="tenure" free="4850528" total="6291456" percent="77">
      <mem type="soa" free="4536160" total="5977088" percent="75" />
      <mem type="loa" free="314368" total="314368" percent="100" />
    </mem>
    <remembered-set count="942" />
  </mem-info>
</gc-start>
<allocation-stats totalBytes="1239872" >
  <allocated-bytes non-tlh="11720" tlh="1228152" />
  <largest-consumer threadName="main" threadId="000000000256C700" bytes="649520" />
</allocation-stats>
<gc-op id="190" type="scavenge" timems="4.803" contextid="187" timestamp="2019-06-15T03:38:45.419">
  <scavenger-info tenureage="3" tenuremask="fff8" tiltratio="75" />
  <memory-copied type="nursery" objects="4017" bytes="299392" bytesdiscarded="14208" />
  <memory-copied type="tenure" objects="160" bytes="69752" bytesdiscarded="0" />
  <finalization candidates="6" enqueued="0" />
  <ownableSynchronizers candidates="4" cleared="0" />
  <references type="soft" candidates="1" cleared="0" enqueued="0" dynamicThreshold="27" maxThreshold="32" />
  <references type="weak" candidates="410" cleared="189" enqueued="127" />
  <references type="phantom" candidates="3" cleared="0" enqueued="0" />
</gc-op>
<heap-resize id="191" type="expand" space="nursery" amount="131072" count="1" timems="0.235" reason="excessive time being spent scavenging" timestamp="2019-06-15T03:38:45.419" />
<gc-end id="192" type="scavenge" contextid="187" durationms="5.673" usertimems="4.000" systemtimems="0.000" timestamp="2019-06-15T03:38:45.419" activeThreads="4">
  <mem-info id="193" free="6109744" total="8519680" percent="71">
    <mem type="nursery" free="1324760" total="2228224" percent="59">
      <mem type="allocate" free="1324760" total="1638400" percent="80" />
      <mem type="survivor" free="0" total="589824" percent="0" />
    </mem>
    <mem type="tenure" free="4784984" total="6291456" percent="76">
      <mem type="soa" free="4470616" total="5977088" percent="74" />
      <mem type="loa" free="314368" total="314368" percent="100" />
    </mem>
    <pending-finalizers system="0" default="0" reference="127" classloader="0" />
    <remembered-set count="611" />
  </mem-info>
</gc-end>
<cycle-end id="194" type="scavenge" contextid="187" timestamp="2019-06-15T03:38:45.419" />
  <attribute name="elasticGC enabled" value="1" />
  <attribute name= "numThreadsSpecified" value="4" />
  <attribute name="heapSize specified" value="8388608" />
  <attribute name="Current GC Util" value="1" />
  <attribute name= "Current Time Running" value="1026" />
  <attribute name ="GC Interval" value="200" />
  <attribute name="ProportionalT" value="-9.500000" />
  <attribute name="ProportionalI" value="-9.500000" />
  <attribute name="ProportionalH" value="-9.500000" />
  <attribute name="Current Error" value="-19.000000" />
  <attribute name="IntegralT" value="-912.000000" />
  <attribute name="IntegralI" value="-912.000000" />
  <attribute name="IntegralH" value="-912.000000" />
  <attribute name="DerivativeT" value="-0.593750" />
  <attribute name="DerivativeI" value="-0.593750" />
  <attribute name="DerivativeH" value="-0.593750" />
  <attribute name="Loop Time for DT" value="48.000000" />
  <attribute name="Output H" value="2092630016"/>
  <attribute name="Output I" value="200"/>
  <attribute name="Output T" value="4"/>
  <attribute name="Target GC Util Change" value ="20.000000" />
  <attribute name="Current GC Util Change" value="1.000000"/>
  <attribute name="GC Util currently" value="1" />
  <attribute name="CPU Util currently" value="27" />
<allocation-satisfied id="195" threadId="000000000287CC00" bytesRequested="1032" />
<af-end id="196" timestamp="2019-06-15T03:38:45.420" threadId="000000000287D588" success="true" from="nursery"/>
<exclusive-end id="197" timestamp="2019-06-15T03:38:45.420" durationms="6.507" />

<exclusive-start id="198" timestamp="2019-06-15T03:38:45.451" intervalms="38.229">
  <response-info timems="0.063" idlems="0.063" threads="0" lastid="000000000287CC00" lastname="PmdThread 1" />
</exclusive-start>
<af-start id="199" threadId="000000000287D588" totalBytesRequested="40" timestamp="2019-06-15T03:38:45.452" intervalms="38.227" type="nursery" />
<cycle-start id="200" type="scavenge" contextid="0" timestamp="2019-06-15T03:38:45.452" intervalms="38.238" />
<gc-start id="201" type="scavenge" contextid="200" timestamp="2019-06-15T03:38:45.452">
  <mem-info id="202" free="4769480" total="8519680" percent="55">
    <mem type="nursery" free="0" total="2228224" percent="0">
      <mem type="allocate" free="0" total="1638400" percent="0" />
      <mem type="survivor" free="0" total="589824" percent="0" />
    </mem>
    <mem type="tenure" free="4769480" total="6291456" percent="75">
      <mem type="soa" free="4455112" total="5977088" percent="74" />
      <mem type="loa" free="314368" total="314368" percent="100" />
    </mem>
    <remembered-set count="825" />
  </mem-info>
</gc-start>
<allocation-stats totalBytes="1338720" >
  <allocated-bytes non-tlh="358512" tlh="980208" />
  <largest-consumer threadName="PmdThread 1" threadId="000000000287CC00" bytes="1338720" />
</allocation-stats>
<gc-op id="203" type="scavenge" timems="4.787" contextid="200" timestamp="2019-06-15T03:38:45.457">
  <scavenger-info tenureage="3" tenuremask="fff8" tiltratio="73" />
  <memory-copied type="nursery" objects="4629" bytes="357008" bytesdiscarded="1976" />
  <memory-copied type="tenure" objects="441" bytes="25712" bytesdiscarded="0" />
  <finalization candidates="6" enqueued="0" />
  <ownableSynchronizers candidates="4" cleared="0" />
  <references type="soft" candidates="1" cleared="0" enqueued="0" dynamicThreshold="27" maxThreshold="32" />
  <references type="weak" candidates="222" cleared="1" enqueued="1" />
  <references type="phantom" candidates="1" cleared="0" enqueued="0" />
</gc-op>
<heap-resize id="204" type="expand" space="nursery" amount="131072" count="1" timems="0.012" reason="excessive time being spent scavenging" timestamp="2019-06-15T03:38:45.457" />
<gc-end id="205" type="scavenge" contextid="200" durationms="5.377" usertimems="8.000" systemtimems="0.000" timestamp="2019-06-15T03:38:45.457" activeThreads="4">
  <mem-info id="206" free="6245440" total="8650752" percent="72">
    <mem type="nursery" free="1475960" total="2359296" percent="62">
      <mem type="allocate" free="1475960" total="1835008" percent="80" />
      <mem type="survivor" free="0" total="524288" percent="0" />
    </mem>
    <mem type="tenure" free="4769480" total="6291456" percent="75">
      <mem type="soa" free="4455112" total="5977088" percent="74" />
      <mem type="loa" free="314368" total="314368" percent="100" />
    </mem>
    <pending-finalizers system="0" default="0" reference="1" classloader="0" />
    <remembered-set count="471" />
  </mem-info>
</gc-end>
<cycle-end id="207" type="scavenge" contextid="200" timestamp="2019-06-15T03:38:45.457" />
  <attribute name="elasticGC enabled" value="1" />
  <attribute name= "numThreadsSpecified" value="4" />
  <attribute name="heapSize specified" value="8388608" />
  <attribute name="Current GC Util" value="13" />
  <attribute name= "Current Time Running" value="1064" />
  <attribute name ="GC Interval" value="200" />
  <attribute name="ProportionalT" value="-3.500000" />
  <attribute name="ProportionalI" value="-3.500000" />
  <attribute name="ProportionalH" value="-3.500000" />
  <attribute name="Current Error" value="-7.000000" />
  <attribute name="IntegralT" value="-266.000000" />
  <attribute name="IntegralI" value="-266.000000" />
  <attribute name="IntegralH" value="-266.000000" />
  <attribute name="DerivativeT" value="-0.276316" />
  <attribute name="DerivativeI" value="-0.276316" />
  <attribute name="DerivativeH" value="-0.276316" />
  <attribute name="Loop Time for DT" value="38.000000" />
  <attribute name="Output H" value="2092630016"/>
  <attribute name="Output I" value="200"/>
  <attribute name="Output T" value="4"/>
  <attribute name="Target GC Util Change" value ="20.000000" />
  <attribute name="Current GC Util Change" value="13.000000"/>
  <attribute name="GC Util currently" value="13" />
  <attribute name="CPU Util currently" value="4" />
<allocation-satisfied id="208" threadId="000000000287CC00" bytesRequested="40" />
<af-end id="209" timestamp="2019-06-15T03:38:45.458" threadId="000000000287D588" success="true" from="nursery"/>
<exclusive-end id="210" timestamp="2019-06-15T03:38:45.458" durationms="6.247" />

<exclusive-start id="211" timestamp="2019-06-15T03:38:45.507" intervalms="55.757">
  <response-info timems="0.025" idlems="0.025" threads="0" lastid="000000000287CC00" lastname="PmdThread 1" />
</exclusive-start>
<af-start id="212" threadId="000000000287D588" totalBytesRequested="520" timestamp="2019-06-15T03:38:45.507" intervalms="55.714" type="nursery" />
<cycle-start id="213" type="scavenge" contextid="0" timestamp="2019-06-15T03:38:45.507" intervalms="55.663" />
<gc-start id="214" type="scavenge" contextid="213" timestamp="2019-06-15T03:38:45.507">
  <mem-info id="215" free="4692880" total="8650752" percent="54">
    <mem type="nursery" free="0" total="2359296" percent="0">
      <mem type="allocate" free="0" total="1835008" percent="0" />
      <mem type="survivor" free="0" total="524288" percent="0" />
    </mem>
    <mem type="tenure" free="4692880" total="6291456" percent="74">
      <mem type="soa" free="4378512" total="5977088" percent="73" />
      <mem type="loa" free="314368" total="314368" percent="100" />
    </mem>
    <remembered-set count="1662" />
  </mem-info>
</gc-start>
<allocation-stats totalBytes="1549800" >
  <allocated-bytes non-tlh="76640" tlh="1473160" />
  <largest-consumer threadName="PmdThread 1" threadId="000000000287CC00" bytes="1549800" />
</allocation-stats>
<gc-op id="216" type="scavenge" timems="5.189" contextid="213" timestamp="2019-06-15T03:38:45.513">
  <scavenger-info tenureage="3" tenuremask="7ff8" tiltratio="77" />
  <memory-copied type="nursery" objects="7154" bytes="382296" bytesdiscarded="808" />
  <memory-copied type="tenure" objects="1223" bytes="78552" bytesdiscarded="56" />
  <finalization candidates="7" enqueued="0" />
  <ownableSynchronizers candidates="4" cleared="0" />
  <references type="soft" candidates="28" cleared="0" enqueued="0" dynamicThreshold="27" maxThreshold="32" />
  <references type="weak" candidates="256" cleared="43" enqueued="34" />
  <references type="phantom" candidates="7" cleared="3" enqueued="3" />
</gc-op>
<heap-resize id="217" type="expand" space="nursery" amount="131072" count="1" timems="0.016" reason="excessive time being spent scavenging" timestamp="2019-06-15T03:38:45.513" />
<gc-end id="218" type="scavenge" contextid="213" durationms="5.674" usertimems="4.000" systemtimems="0.000" timestamp="2019-06-15T03:38:45.513" activeThreads="4">
  <mem-info id="219" free="6166376" total="8781824" percent="70">
    <mem type="nursery" free="1582552" total="2490368" percent="63">
      <mem type="allocate" free="1582552" total="1966080" percent="80" />
      <mem type="survivor" free="0" total="524288" percent="0" />
    </mem>
    <mem type="tenure" free="4583824" total="6291456" percent="72">
      <mem type="soa" free="4269456" total="5977088" percent="71" />
      <mem type="loa" free="314368" total="314368" percent="100" />
    </mem>
    <pending-finalizers system="0" default="0" reference="37" classloader="0" />
    <remembered-set count="1539" />
  </mem-info>
</gc-end>
<cycle-end id="220" type="scavenge" contextid="213" timestamp="2019-06-15T03:38:45.513" />
  <attribute name="elasticGC enabled" value="1" />
  <attribute name= "numThreadsSpecified" value="4" />
  <attribute name="heapSize specified" value="8388608" />
  <attribute name="Current GC Util" value="9" />
  <attribute name= "Current Time Running" value="1119" />
  <attribute name ="GC Interval" value="200" />
  <attribute name="ProportionalT" value="-5.500000" />
  <attribute name="ProportionalI" value="-5.500000" />
  <attribute name="ProportionalH" value="-5.500000" />
  <attribute name="Current Error" value="-11.000000" />
  <attribute name="IntegralT" value="-605.000000" />
  <attribute name="IntegralI" value="-605.000000" />
  <attribute name="IntegralH" value="-605.000000" />
  <attribute name="DerivativeT" value="-0.300000" />
  <attribute name="DerivativeI" value="-0.300000" />
  <attribute name="DerivativeH" value="-0.300000" />
  <attribute name="Loop Time for DT" value="55.000000" />
  <attribute name="Output H" value="2092630016"/>
  <attribute name="Output I" value="200"/>
  <attribute name="Output T" value="4"/>
  <attribute name="Target GC Util Change" value ="20.000000" />
  <attribute name="Current GC Util Change" value="9.000000"/>
  <attribute name="GC Util currently" value="9" />
  <attribute name="CPU Util currently" value="14" />
<allocation-satisfied id="221" threadId="000000000287CC00" bytesRequested="520" />
<af-end id="222" timestamp="2019-06-15T03:38:45.514" threadId="000000000287D588" success="true" from="nursery"/>
<exclusive-end id="223" timestamp="2019-06-15T03:38:45.514" durationms="6.448" />

<exclusive-start id="224" timestamp="2019-06-15T03:38:45.559" intervalms="51.523">
  <response-info timems="0.061" idlems="0.061" threads="0" lastid="000000000287CC00" lastname="PmdThread 1" />
</exclusive-start>
<af-start id="225" threadId="000000000287D588" totalBytesRequested="1104" timestamp="2019-06-15T03:38:45.559" intervalms="51.577" type="nursery" />
<cycle-start id="226" type="scavenge" contextid="0" timestamp="2019-06-15T03:38:45.559" intervalms="51.637" />
<gc-start id="227" type="scavenge" contextid="226" timestamp="2019-06-15T03:38:45.559">
  <mem-info id="228" free="4563512" total="8781824" percent="51">
    <mem type="nursery" free="0" total="2490368" percent="0">
      <mem type="allocate" free="0" total="1966080" percent="0" />
      <mem type="survivor" free="0" total="524288" percent="0" />
    </mem>
    <mem type="tenure" free="4563512" total="6291456" percent="72">
      <mem type="soa" free="4249144" total="5977088" percent="71" />
      <mem type="loa" free="314368" total="314368" percent="100" />
    </mem>
    <remembered-set count="1820" />
  </mem-info>
</gc-start>
<allocation-stats totalBytes="1600528" >
  <allocated-bytes non-tlh="20832" tlh="1579696" />
  <largest-consumer threadName="PmdThread 1" threadId="000000000287CC00" bytes="1588696" />
</allocation-stats>
<gc-op id="229" type="scavenge" timems="5.468" contextid="226" timestamp="2019-06-15T03:38:45.565">
  <scavenger-info tenureage="3" tenuremask="7ff8" tiltratio="78" />
  <memory-copied type="nursery" objects="11069" bytes="384512" bytesdiscarded="81152" />
  <memory-copied type="tenure" objects="2201" bytes="175616" bytesdiscarded="32" />
  <finalization candidates="2" enqueued="0" />
  <ownableSynchronizers candidates="4" cleared="0" />
  <references type="soft" candidates="28" cleared="0" enqueued="0" dynamicThreshold="27" maxThreshold="32" />
  <references type="weak" candidates="67" cleared="2" enqueued="2" />
  <references type="phantom" candidates="5" cleared="0" enqueued="0" />
</gc-op>
<heap-resize id="230" type="expand" space="nursery" amount="131072" count="1" timems="0.012" reason="excessive time being spent scavenging" timestamp="2019-06-15T03:38:45.565" />
<gc-end id="231" type="scavenge" contextid="226" durationms="6.071" usertimems="8.000" systemtimems="0.000" timestamp="2019-06-15T03:38:45.565" activeThreads="4">
  <mem-info id="232" free="5975496" total="8912896" percent="67">
    <mem type="nursery" free="1630712" total="2621440" percent="62">
      <mem type="allocate" free="1630712" total="2097152" percent="77" />
      <mem type="survivor" free="0" total="524288" percent="0" />
    </mem>
    <mem type="tenure" free="4344784" total="6291456" percent="69">
      <mem type="soa" free="4030416" total="5977088" percent="67" />
      <mem type="loa" free="314368" total="314368" percent="100" />
    </mem>
    <pending-finalizers system="0" default="0" reference="2" classloader="0" />
    <remembered-set count="1629" />
  </mem-info>
</gc-end>
<cycle-end id="233" type="scavenge" contextid="226" timestamp="2019-06-15T03:38:45.565" />
  <attribute name="elasticGC enabled" value="1" />
  <attribute name= "numThreadsSpecified" value="4" />
  <attribute name="heapSize specified" value="8388608" />
  <attribute name="Current GC Util" value="10" />
  <attribute name= "Current Time Running" value="1171" />
  <attribute name ="GC Interval" value="200" />
  <attribute name="ProportionalT" value="-5.000000" />
  <attribute name="ProportionalI" value="-5.000000" />
  <attribute name="ProportionalH" value="-5.000000" />
  <attribute name="Current Error" value="-10.000000" />
  <attribute name="IntegralT" value="-520.000000" />
  <attribute name="IntegralI" value="-520.000000" />
  <attribute name="IntegralH" value="-520.000000" />
  <attribute name="DerivativeT" value="-0.288462" />
  <attribute name="DerivativeI" value="-0.288462" />
  <attribute name="DerivativeH" value="-0.288462" />
  <attribute name="Loop Time for DT" value="52.000000" />
  <attribute name="Output H" value="2092630016"/>
  <attribute name="Output I" value="200"/>
  <attribute name="Output T" value="4"/>
  <attribute name="Target GC Util Change" value ="20.000000" />
  <attribute name="Current GC Util Change" value="10.000000"/>
  <attribute name="GC Util currently" value="10" />
  <attribute name="CPU Util currently" value="3" />
<allocation-satisfied id="234" threadId="000000000287CC00" bytesRequested="1104" />
<af-end id="235" timestamp="2019-06-15T03:38:45.566" threadId="000000000287D588" success="true" from="nursery"/>
<exclusive-end id="236" timestamp="2019-06-15T03:38:45.566" durationms="6.944" />

</verbosegc>

