<?xml version="1.0" ?>

<verbosegc xmlns="http://www.ibm.com/j9/verbosegc" version="10b4217_CMPRSS">

<initialized id="1" timestamp="2019-06-15T03:38:40.782">
  <attribute name="gcPolicy" value="-Xgcpolicy:gencon" />
  <attribute name="elasticGC enabled" value="1" />
  <attribute name= "numThreadsSpecified" value="0" />
  <attribute name="heapSize specified" value="0" />
  <attribute name="Current GC Util" value="0" />
  <attribute name= "Current Time Running" value="0" />
  <attribute name ="GC Interval" value="0" />
  <attribute name="ProportionalT" value="0.000000" />
  <attribute name="ProportionalI" value="0.000000" />
  <attribute name="ProportionalH" value="0.000000" />
  <attribute name="IntegralT" value="0.000000" />
  <attribute name="IntegralI" value="0.000000" />
  <attribute name="IntegralH" value="0.000000" />
  <attribute name="DerivativeT" value="0.000000" />
  <attribute name="DerivativeI" value="0.000000" />
  <attribute name="DerivativeH" value="0.000000" />
  <attribute name="Target GC Util Change" value ="0.000000" />
  <attribute name="Current GC Util Change" value="0.000000"/>
  <attribute name="Current Error" value="0.000000" />
  <attribute name="Loop Time for DT" value="0.000000" />
  <attribute name="Output H" value="0"/>
  <attribute name="Output I" value="0"/>
  <attribute name="Output T" value="0"/>
  <attribute name="GC Util currently" value="0" />
  <attribute name="CPU Util currently" value="0" />
  <attribute name="maxHeapSize" value="0x7cbc0000" />
  <attribute name="initialHeapSize" value="0x800000" />
  <attribute name="compressedRefs" value="true" />
  <attribute name="compressedRefsDisplacement" value="0x0" />
  <attribute name="compressedRefsShift" value="0x0" />
  <attribute name="pageSize" value="0x1000" />
  <attribute name="pageType" value="not used" />
  <attribute name="requestedPageSize" value="0x1000" />
  <attribute name="requestedPageType" value="not used" />
  <attribute name="gcthreads" value="4" />
  <attribute name="gcthreads Concurrent Mark" value="1" />
  <attribute name="packetListSplit" value="4" />
  <attribute name="cacheListSplit" value="4" />
  <attribute name="splitFreeListSplitAmount" value="1" />
  <attribute name="numaNodes" value="0" />
  <system>
    <attribute name="physicalMemory" value="8370962432" />
    <attribute name="numCPUs" value="4" />
    <attribute name="architecture" value="amd64" />
    <attribute name="os" value="Linux" />
    <attribute name="osVersion" value="4.4.0-148-generic" />
  </system>
  <vmargs>
    <vmarg name="-Xoptionsfile=/vagrant/jdk/lib/options.default" />
    <vmarg name="-Xlockword:mode=default,noLockword=java/lang/String,noLockword=java/util/MapEntry,noLockword=java/util/HashMap$Entry,noLockword..." />
    <vmarg name="-Xjcl:jclse29" />
    <vmarg name="-Dcom.ibm.oti.vm.bootstrap.library.path=/vagrant/jdk/lib/compressedrefs:/vagrant/jdk/lib" />
    <vmarg name="-Dsun.boot.library.path=/vagrant/jdk/lib/compressedrefs:/vagrant/jdk/lib" />
    <vmarg name="-Djava.library.path=/vagrant/jdk/lib/compressedrefs:/vagrant/jdk/lib:/usr/lib64:/usr/lib" />
    <vmarg name="-Djava.home=/vagrant/jdk" />
    <vmarg name="-Duser.dir=/vagrant" />
    <vmarg name="-verbose:gc" />
    <vmarg name="-Xgcelastic" />
    <vmarg name="-Xcheck:gc:::elasticGC" />
    <vmarg name="-Xloggc:small-jdk0.5-1-1.5-verbose2pmd.txt" />
    <vmarg name="-Djava.class.path=dacapo-9.12-MR1-bach.jar" />
    <vmarg name="-Dsun.java.command=dacapo-9.12-MR1-bach.jar pmd --size=small" />
    <vmarg name="-Dsun.java.launcher=SUN_STANDARD" />
    <vmarg name="-Dsun.java.launcher.pid=31963" />
  </vmargs>
</initialized>

<exclusive-start id="2" timestamp="2019-06-15T03:38:40.973" intervalms="191.245">
  <response-info timems="0.026" idlems="0.026" threads="0" lastid="00000000022ED700" lastname="main" />
</exclusive-start>
<af-start id="3" threadId="00000000022EE088" totalBytesRequested="7176" timestamp="2019-06-15T03:38:40.974" intervalms="191.543" type="nursery" />
<cycle-start id="4" type="scavenge" contextid="0" timestamp="2019-06-15T03:38:40.974" intervalms="191.910" />
<gc-start id="5" type="scavenge" contextid="4" timestamp="2019-06-15T03:38:40.979">
  <mem-info id="6" free="6062624" total="8388608" percent="72">
    <mem type="nursery" free="0" total="2097152" percent="0">
      <mem type="allocate" free="0" total="1048576" percent="0" />
      <mem type="survivor" free="0" total="1048576" percent="0" />
    </mem>
    <mem type="tenure" free="6062624" total="6291456" percent="96">
      <mem type="soa" free="5748256" total="5977088" percent="96" />
      <mem type="loa" free="314368" total="314368" percent="100" />
    </mem>
    <remembered-set count="3161" />
  </mem-info>
</gc-start>
<allocation-stats totalBytes="1275464" >
  <allocated-bytes non-tlh="344784" tlh="930680" />
  <largest-consumer threadName="main" threadId="00000000022ED700" bytes="1198904" />
</allocation-stats>
<gc-op id="7" type="scavenge" timems="2.112" contextid="4" timestamp="2019-06-15T03:38:40.981">
  <scavenger-info tenureage="2" tenuremask="fffc" tiltratio="50" />
  <memory-copied type="nursery" objects="10578" bytes="479592" bytesdiscarded="135568" />
  <finalization candidates="11" enqueued="0" />
  <references type="soft" candidates="62" cleared="0" enqueued="0" dynamicThreshold="32" maxThreshold="32" />
  <references type="weak" candidates="309" cleared="177" enqueued="141" />
  <references type="phantom" candidates="25" cleared="6" enqueued="6" />
</gc-op>
<gc-end id="8" type="scavenge" contextid="4" durationms="5.548" usertimems="0.000" systemtimems="4.000" timestamp="2019-06-15T03:38:40.985" activeThreads="4">
  <mem-info id="9" free="6493944" total="8388608" percent="77">
    <mem type="nursery" free="431320" total="2097152" percent="20">
      <mem type="allocate" free="431320" total="1048576" percent="41" />
      <mem type="survivor" free="0" total="1048576" percent="0" />
    </mem>
    <mem type="tenure" free="6062624" total="6291456" percent="96">
      <mem type="soa" free="5748256" total="5977088" percent="96" />
      <mem type="loa" free="314368" total="314368" percent="100" />
    </mem>
    <pending-finalizers system="0" default="0" reference="147" classloader="0" />
    <remembered-set count="3161" />
  </mem-info>
</gc-end>
<cycle-end id="10" type="scavenge" contextid="4" timestamp="2019-06-15T03:38:40.985" />
  <attribute name="elasticGC enabled" value="1" />
  <attribute name= "numThreadsSpecified" value="0" />
  <attribute name="heapSize specified" value="0" />
  <attribute name="Current GC Util" value="0" />
  <attribute name= "Current Time Running" value="70" />
  <attribute name ="GC Interval" value="1" />
  <attribute name="ProportionalT" value="0.000000" />
  <attribute name="ProportionalI" value="0.000000" />
  <attribute name="ProportionalH" value="0.000000" />
  <attribute name="Current Error" value="0.000000" />
  <attribute name="IntegralT" value="0.000000" />
  <attribute name="IntegralI" value="0.000000" />
  <attribute name="IntegralH" value="0.000000" />
  <attribute name="DerivativeT" value="0.000000" />
  <attribute name="DerivativeI" value="0.000000" />
  <attribute name="DerivativeH" value="0.000000" />
  <attribute name="Loop Time for DT" value="0.000000" />
  <attribute name="Output H" value="0"/>
  <attribute name="Output I" value="0"/>
  <attribute name="Output T" value="0"/>
  <attribute name="Target GC Util Change" value ="20.000000" />
  <attribute name="Current GC Util Change" value="0.000000"/>
  <attribute name="GC Util currently" value="0" />
  <attribute name="CPU Util currently" value="28" />
<allocation-satisfied id="11" threadId="00000000022ED700" bytesRequested="7176" />
<af-end id="12" timestamp="2019-06-15T03:38:40.985" threadId="00000000022EE088" success="true" from="nursery"/>
<exclusive-end id="13" timestamp="2019-06-15T03:38:40.985" durationms="11.570" />

<exclusive-start id="14" timestamp="2019-06-15T03:38:41.004" intervalms="30.556">
  <response-info timems="0.034" idlems="0.034" threads="0" lastid="00000000022ED700" lastname="main" />
</exclusive-start>
<af-start id="15" threadId="00000000022EE088" totalBytesRequested="15200" timestamp="2019-06-15T03:38:41.004" intervalms="30.323" type="nursery" />
<cycle-start id="16" type="scavenge" contextid="0" timestamp="2019-06-15T03:38:41.004" intervalms="30.006" />
<gc-start id="17" type="scavenge" contextid="16" timestamp="2019-06-15T03:38:41.008">
  <mem-info id="18" free="6054888" total="8388608" percent="72">
    <mem type="nursery" free="0" total="2097152" percent="0">
      <mem type="allocate" free="0" total="1048576" percent="0" />
      <mem type="survivor" free="0" total="1048576" percent="0" />
    </mem>
    <mem type="tenure" free="6054888" total="6291456" percent="96">
      <mem type="soa" free="5740520" total="5977088" percent="96" />
      <mem type="loa" free="314368" total="314368" percent="100" />
    </mem>
    <remembered-set count="3262" />
  </mem-info>
</gc-start>
<allocation-stats totalBytes="432960" >
  <allocated-bytes non-tlh="14912" tlh="418048" />
  <largest-consumer threadName="main" threadId="00000000022ED700" bytes="420984" />
</allocation-stats>
<gc-op id="19" type="scavenge" timems="0.765" contextid="16" timestamp="2019-06-15T03:38:41.009">
  <scavenger-info tenureage="5" tenuremask="7fe0" tiltratio="50" />
  <memory-copied type="nursery" objects="10890" bytes="485656" bytesdiscarded="96080" />
  <finalization candidates="11" enqueued="0" />
  <references type="soft" candidates="62" cleared="0" enqueued="0" dynamicThreshold="32" maxThreshold="32" />
  <references type="weak" candidates="241" cleared="96" enqueued="93" />
  <references type="phantom" candidates="37" cleared="12" enqueued="12" />
</gc-op>
<gc-end id="20" type="scavenge" contextid="16" durationms="4.207" usertimems="4.000" systemtimems="0.000" timestamp="2019-06-15T03:38:41.012" activeThreads="4">
  <mem-info id="21" free="6520264" total="8388608" percent="77">
    <mem type="nursery" free="465376" total="2097152" percent="22">
      <mem type="allocate" free="465376" total="1048576" percent="44" />
      <mem type="survivor" free="0" total="1048576" percent="0" />
    </mem>
    <mem type="tenure" free="6054888" total="6291456" percent="96">
      <mem type="soa" free="5740520" total="5977088" percent="96" />
      <mem type="loa" free="314368" total="314368" percent="100" />
    </mem>
    <pending-finalizers system="0" default="0" reference="105" classloader="0" />
    <remembered-set count="3262" />
  </mem-info>
</gc-end>
<cycle-end id="22" type="scavenge" contextid="16" timestamp="2019-06-15T03:38:41.012" />
  <attribute name="elasticGC enabled" value="1" />
  <attribute name= "numThreadsSpecified" value="0" />
  <attribute name="heapSize specified" value="0" />
  <attribute name="Current GC Util" value="39" />
  <attribute name= "Current Time Running" value="99" />
  <attribute name ="GC Interval" value="1" />
  <attribute name="ProportionalT" value="0.000000" />
  <attribute name="ProportionalI" value="0.000000" />
  <attribute name="ProportionalH" value="0.000000" />
  <attribute name="Current Error" value="0.000000" />
  <attribute name="IntegralT" value="0.000000" />
  <attribute name="IntegralI" value="0.000000" />
  <attribute name="IntegralH" value="0.000000" />
  <attribute name="DerivativeT" value="0.000000" />
  <attribute name="DerivativeI" value="0.000000" />
  <attribute name="DerivativeH" value="0.000000" />
  <attribute name="Loop Time for DT" value="70.000000" />
  <attribute name="Output H" value="0"/>
  <attribute name="Output I" value="0"/>
  <attribute name="Output T" value="0"/>
  <attribute name="Target GC Util Change" value ="20.000000" />
  <attribute name="Current GC Util Change" value="39.000000"/>
  <attribute name="GC Util currently" value="39" />
  <attribute name="CPU Util currently" value="16" />
<allocation-satisfied id="23" threadId="00000000022ED700" bytesRequested="15200" />
<af-end id="24" timestamp="2019-06-15T03:38:41.012" threadId="00000000022EE088" success="true" from="nursery"/>
<exclusive-end id="25" timestamp="2019-06-15T03:38:41.012" durationms="8.514" />

<exclusive-start id="26" timestamp="2019-06-15T03:38:41.022" intervalms="18.429">
  <response-info timems="0.059" idlems="0.059" threads="0" lastid="00000000022ED700" lastname="main" />
</exclusive-start>
<af-start id="27" threadId="00000000022EE088" totalBytesRequested="20232" timestamp="2019-06-15T03:38:41.022" intervalms="18.466" type="nursery" />
<cycle-start id="28" type="scavenge" contextid="0" timestamp="2019-06-15T03:38:41.022" intervalms="18.465" />
<gc-start id="29" type="scavenge" contextid="28" timestamp="2019-06-15T03:38:41.026">
  <mem-info id="30" free="6052200" total="8388608" percent="72">
    <mem type="nursery" free="0" total="2097152" percent="0">
      <mem type="allocate" free="0" total="1048576" percent="0" />
      <mem type="survivor" free="0" total="1048576" percent="0" />
    </mem>
    <mem type="tenure" free="6052200" total="6291456" percent="96">
      <mem type="soa" free="5737832" total="5977088" percent="95" />
      <mem type="loa" free="314368" total="314368" percent="100" />
    </mem>
    <remembered-set count="3295" />
  </mem-info>
</gc-start>
<allocation-stats totalBytes="419024" >
  <allocated-bytes non-tlh="17888" tlh="401136" />
  <largest-consumer threadName="main" threadId="00000000022ED700" bytes="410832" />
</allocation-stats>
<gc-op id="31" type="scavenge" timems="0.935" contextid="28" timestamp="2019-06-15T03:38:41.027">
  <scavenger-info tenureage="4" tenuremask="7ff0" tiltratio="50" />
  <memory-copied type="nursery" objects="10928" bytes="540720" bytesdiscarded="125232" />
  <finalization candidates="11" enqueued="0" />
  <references type="soft" candidates="62" cleared="0" enqueued="0" dynamicThreshold="32" maxThreshold="32" />
  <references type="weak" candidates="223" cleared="76" enqueued="76" />
  <references type="phantom" candidates="37" cleared="10" enqueued="10" />
</gc-op>
<gc-end id="32" type="scavenge" contextid="28" durationms="1.128" usertimems="0.000" systemtimems="4.000" timestamp="2019-06-15T03:38:41.027" activeThreads="4">
  <mem-info id="33" free="6433368" total="8388608" percent="76">
    <mem type="nursery" free="381168" total="2097152" percent="18">
      <mem type="allocate" free="381168" total="1048576" percent="36" />
      <mem type="survivor" free="0" total="1048576" percent="0" />
    </mem>
    <mem type="tenure" free="6052200" total="6291456" percent="96">
      <mem type="soa" free="5737832" total="5977088" percent="95" />
      <mem type="loa" free="314368" total="314368" percent="100" />
    </mem>
    <pending-finalizers system="0" default="0" reference="86" classloader="0" />
    <remembered-set count="1025" />
  </mem-info>
</gc-end>
<cycle-end id="34" type="scavenge" contextid="28" timestamp="2019-06-15T03:38:41.027" />
  <attribute name="elasticGC enabled" value="1" />
  <attribute name= "numThreadsSpecified" value="4" />
  <attribute name="heapSize specified" value="0" />
  <attribute name="Current GC Util" value="46" />
  <attribute name= "Current Time Running" value="117" />
  <attribute name ="GC Interval" value="488" />
  <attribute name="ProportionalT" value="13.000000" />
  <attribute name="ProportionalI" value="13.000000" />
  <attribute name="ProportionalH" value="13.000000" />
  <attribute name="Current Error" value="26.000000" />
  <attribute name="IntegralT" value="468.000000" />
  <attribute name="IntegralI" value="468.000000" />
  <attribute name="IntegralH" value="468.000000" />
  <attribute name="DerivativeT" value="2.166667" />
  <attribute name="DerivativeI" value="2.166667" />
  <attribute name="DerivativeH" value="2.166667" />
  <attribute name="Loop Time for DT" value="18.000000" />
  <attribute name="Output H" value="8388608"/>
  <attribute name="Output I" value="488"/>
  <attribute name="Output T" value="4"/>
  <attribute name="Target GC Util Change" value ="20.000000" />
  <attribute name="Current GC Util Change" value="46.000000"/>
  <attribute name="GC Util currently" value="46" />
  <attribute name="CPU Util currently" value="13" />
<allocation-satisfied id="35" threadId="00000000022ED700" bytesRequested="20232" />
<af-end id="36" timestamp="2019-06-15T03:38:41.027" threadId="00000000022EE088" success="true" from="nursery"/>
<exclusive-end id="37" timestamp="2019-06-15T03:38:41.027" durationms="5.171" />

<exclusive-start id="38" timestamp="2019-06-15T03:38:41.071" intervalms="48.901">
  <response-info timems="0.031" idlems="0.031" threads="0" lastid="00000000022ED700" lastname="main" />
</exclusive-start>
<af-start id="39" threadId="00000000022EE088" totalBytesRequested="43048" timestamp="2019-06-15T03:38:41.071" intervalms="48.863" type="nursery" />
<cycle-start id="40" type="scavenge" contextid="0" timestamp="2019-06-15T03:38:41.071" intervalms="48.861" />
<gc-start id="41" type="scavenge" contextid="40" timestamp="2019-06-15T03:38:41.071">
  <mem-info id="42" free="6053072" total="8388608" percent="72">
    <mem type="nursery" free="4584" total="2097152" percent="0">
      <mem type="allocate" free="4584" total="1048576" percent="0" />
      <mem type="survivor" free="0" total="1048576" percent="0" />
    </mem>
    <mem type="tenure" free="6048488" total="6291456" percent="96">
      <mem type="soa" free="5734120" total="5977088" percent="95" />
      <mem type="loa" free="314368" total="314368" percent="100" />
    </mem>
    <remembered-set count="1091" />
  </mem-info>
</gc-start>
<allocation-stats totalBytes="379960" >
  <allocated-bytes non-tlh="23944" tlh="356016" />
  <largest-consumer threadName="main" threadId="00000000022ED700" bytes="379960" />
</allocation-stats>
<gc-op id="43" type="scavenge" timems="1.019" contextid="40" timestamp="2019-06-15T03:38:41.072">
  <scavenger-info tenureage="3" tenuremask="fff8" tiltratio="50" />
  <memory-copied type="nursery" objects="800" bytes="100136" bytesdiscarded="48032" />
  <memory-copied type="tenure" objects="10290" bytes="460032" bytesdiscarded="144" />
  <finalization candidates="13" enqueued="0" />
  <references type="soft" candidates="1" cleared="0" enqueued="0" dynamicThreshold="32" maxThreshold="32" />
  <references type="weak" candidates="60" cleared="45" enqueued="45" />
  <references type="phantom" candidates="18" cleared="9" enqueued="9" />
</gc-op>
<gc-end id="44" type="scavenge" contextid="40" durationms="1.163" usertimems="4.000" systemtimems="0.000" timestamp="2019-06-15T03:38:41.072" activeThreads="4">
  <mem-info id="45" free="6391376" total="8388608" percent="76">
    <mem type="nursery" free="900352" total="2097152" percent="42">
      <mem type="allocate" free="900352" total="1048576" percent="85" />
      <mem type="survivor" free="0" total="1048576" percent="0" />
    </mem>
    <mem type="tenure" free="5491024" total="6291456" percent="87">
      <mem type="soa" free="5176656" total="5977088" percent="86" />
      <mem type="loa" free="314368" total="314368" percent="100" />
    </mem>
    <pending-finalizers system="0" default="0" reference="54" classloader="0" />
    <remembered-set count="209" />
  </mem-info>
</gc-end>
<cycle-end id="46" type="scavenge" contextid="40" timestamp="2019-06-15T03:38:41.073" />
  <attribute name="elasticGC enabled" value="1" />
  <attribute name= "numThreadsSpecified" value="4" />
  <attribute name="heapSize specified" value="0" />
  <attribute name="Current GC Util" value="11" />
  <attribute name= "Current Time Running" value="162" />
  <attribute name ="GC Interval" value="200" />
  <attribute name="ProportionalT" value="-4.500000" />
  <attribute name="ProportionalI" value="-4.500000" />
  <attribute name="ProportionalH" value="-4.500000" />
  <attribute name="Current Error" value="-9.000000" />
  <attribute name="IntegralT" value="63.000000" />
  <attribute name="IntegralI" value="63.000000" />
  <attribute name="IntegralH" value="63.000000" />
  <attribute name="DerivativeT" value="-1.166667" />
  <attribute name="DerivativeI" value="-1.166667" />
  <attribute name="DerivativeH" value="-1.166667" />
  <attribute name="Loop Time for DT" value="45.000000" />
  <attribute name="Output H" value="8388608"/>
  <attribute name="Output I" value="200"/>
  <attribute name="Output T" value="4"/>
  <attribute name="Target GC Util Change" value ="20.000000" />
  <attribute name="Current GC Util Change" value="11.000000"/>
  <attribute name="GC Util currently" value="11" />
  <attribute name="CPU Util currently" value="102016864235" />
<allocation-satisfied id="47" threadId="00000000022ED700" bytesRequested="43048" />
<af-end id="48" timestamp="2019-06-15T03:38:41.073" threadId="00000000022EE088" success="true" from="nursery"/>
<exclusive-end id="49" timestamp="2019-06-15T03:38:41.073" durationms="1.573" />

<exclusive-start id="50" timestamp="2019-06-15T03:38:41.204" intervalms="132.848">
  <response-info timems="0.033" idlems="0.033" threads="0" lastid="00000000022ED700" lastname="main" />
</exclusive-start>
<af-start id="51" threadId="00000000022EE088" totalBytesRequested="2056" timestamp="2019-06-15T03:38:41.204" intervalms="132.863" type="nursery" />
<cycle-start id="52" type="scavenge" contextid="0" timestamp="2019-06-15T03:38:41.204" intervalms="132.869" />
<gc-start id="53" type="scavenge" contextid="52" timestamp="2019-06-15T03:38:41.204">
  <mem-info id="54" free="5490104" total="8388608" percent="65">
    <mem type="nursery" free="0" total="2097152" percent="0">
      <mem type="allocate" free="0" total="1048576" percent="0" />
      <mem type="survivor" free="0" total="1048576" percent="0" />
    </mem>
    <mem type="tenure" free="5490104" total="6291456" percent="87">
      <mem type="soa" free="5175736" total="5977088" percent="86" />
      <mem type="loa" free="314368" total="314368" percent="100" />
    </mem>
    <remembered-set count="225" />
  </mem-info>
</gc-start>
<allocation-stats totalBytes="898448" >
  <allocated-bytes non-tlh="43968" tlh="854480" />
  <largest-consumer threadName="main" threadId="00000000022ED700" bytes="898448" />
</allocation-stats>
<gc-op id="55" type="scavenge" timems="0.469" contextid="52" timestamp="2019-06-15T03:38:41.205">
  <scavenger-info tenureage="3" tenuremask="fff8" tiltratio="50" />
  <memory-copied type="nursery" objects="485" bytes="155168" bytesdiscarded="85456" />
  <memory-copied type="tenure" objects="303" bytes="15168" bytesdiscarded="0" />
  <finalization candidates="3" enqueued="1" />
  <references type="soft" candidates="1" cleared="0" enqueued="0" dynamicThreshold="32" maxThreshold="32" />
  <references type="weak" candidates="8" cleared="6" enqueued="6" />
  <references type="phantom" candidates="9" cleared="4" enqueued="4" />
</gc-op>
<gc-end id="56" type="scavenge" contextid="52" durationms="0.613" usertimems="0.000" systemtimems="0.000" timestamp="2019-06-15T03:38:41.205" activeThreads="4">
  <mem-info id="57" free="6258808" total="8388608" percent="74">
    <mem type="nursery" free="807872" total="2097152" percent="38">
      <mem type="allocate" free="807872" total="1048576" percent="77" />
      <mem type="survivor" free="0" total="1048576" percent="0" />
    </mem>
    <mem type="tenure" free="5450936" total="6291456" percent="86">
      <mem type="soa" free="5136568" total="5977088" percent="85" />
      <mem type="loa" free="314368" total="314368" percent="100" />
    </mem>
    <pending-finalizers system="1" default="0" reference="10" classloader="0" />
    <remembered-set count="173" />
  </mem-info>
</gc-end>
<cycle-end id="58" type="scavenge" contextid="52" timestamp="2019-06-15T03:38:41.205" />
  <attribute name="elasticGC enabled" value="1" />
  <attribute name= "numThreadsSpecified" value="4" />
  <attribute name="heapSize specified" value="0" />
  <attribute name="Current GC Util" value="1" />
  <attribute name= "Current Time Running" value="295" />
  <attribute name ="GC Interval" value="200" />
  <attribute name="ProportionalT" value="-9.500000" />
  <attribute name="ProportionalI" value="-9.500000" />
  <attribute name="ProportionalH" value="-9.500000" />
  <attribute name="Current Error" value="-19.000000" />
  <attribute name="IntegralT" value="-2464.000000" />
  <attribute name="IntegralI" value="-2464.000000" />
  <attribute name="IntegralH" value="-2464.000000" />
  <attribute name="DerivativeT" value="-0.214286" />
  <attribute name="DerivativeI" value="-0.214286" />
  <attribute name="DerivativeH" value="-0.214286" />
  <attribute name="Loop Time for DT" value="133.000000" />
  <attribute name="Output H" value="2092630016"/>
  <attribute name="Output I" value="200"/>
  <attribute name="Output T" value="4"/>
  <attribute name="Target GC Util Change" value ="20.000000" />
  <attribute name="Current GC Util Change" value="1.000000"/>
  <attribute name="GC Util currently" value="1" />
  <attribute name="CPU Util currently" value="2" />
<allocation-satisfied id="59" threadId="00000000022ED700" bytesRequested="2056" />
<af-end id="60" timestamp="2019-06-15T03:38:41.205" threadId="00000000022EE088" success="true" from="nursery"/>
<exclusive-end id="61" timestamp="2019-06-15T03:38:41.205" durationms="0.989" />

<exclusive-start id="62" timestamp="2019-06-15T03:38:41.288" intervalms="83.690">
  <response-info timems="0.032" idlems="0.032" threads="0" lastid="00000000022ED700" lastname="main" />
</exclusive-start>
<af-start id="63" threadId="00000000022EE088" totalBytesRequested="2056" timestamp="2019-06-15T03:38:41.288" intervalms="83.676" type="nursery" />
<cycle-start id="64" type="scavenge" contextid="0" timestamp="2019-06-15T03:38:41.288" intervalms="83.674" />
<gc-start id="65" type="scavenge" contextid="64" timestamp="2019-06-15T03:38:41.288">
  <mem-info id="66" free="5450936" total="8388608" percent="64">
    <mem type="nursery" free="0" total="2097152" percent="0">
      <mem type="allocate" free="0" total="1048576" percent="0" />
      <mem type="survivor" free="0" total="1048576" percent="0" />
    </mem>
    <mem type="tenure" free="5450936" total="6291456" percent="86">
      <mem type="soa" free="5136568" total="5977088" percent="85" />
      <mem type="loa" free="314368" total="314368" percent="100" />
    </mem>
    <remembered-set count="175" />
  </mem-info>
</gc-start>
<allocation-stats totalBytes="799888" >
  <allocated-bytes non-tlh="2056" tlh="797832" />
  <largest-consumer threadName="main" threadId="00000000022ED700" bytes="799888" />
</allocation-stats>
<gc-op id="67" type="scavenge" timems="0.301" contextid="64" timestamp="2019-06-15T03:38:41.288">
  <scavenger-info tenureage="4" tenuremask="fff0" tiltratio="50" />
  <memory-copied type="nursery" objects="457" bytes="86632" bytesdiscarded="16216" />
  <finalization candidates="2" enqueued="0" />
  <references type="soft" candidates="1" cleared="0" enqueued="0" dynamicThreshold="32" maxThreshold="32" />
  <references type="weak" candidates="2" cleared="0" enqueued="0" />
  <references type="phantom" candidates="5" cleared="0" enqueued="0" />
</gc-op>
<gc-end id="68" type="scavenge" contextid="64" durationms="0.500" usertimems="0.000" systemtimems="0.000" timestamp="2019-06-15T03:38:41.288" activeThreads="4">
  <mem-info id="69" free="6462120" total="8388608" percent="77">
    <mem type="nursery" free="1011184" total="2097152" percent="48">
      <mem type="allocate" free="1011184" total="1114112" percent="90" />
      <mem type="survivor" free="0" total="983040" percent="0" />
    </mem>
    <mem type="tenure" free="5450936" total="6291456" percent="86">
      <mem type="soa" free="5136568" total="5977088" percent="85" />
      <mem type="loa" free="314368" total="314368" percent="100" />
    </mem>
    <remembered-set count="106" />
  </mem-info>
</gc-end>
<cycle-end id="70" type="scavenge" contextid="64" timestamp="2019-06-15T03:38:41.288" />
  <attribute name="elasticGC enabled" value="1" />
  <attribute name= "numThreadsSpecified" value="4" />
  <attribute name="heapSize specified" value="0" />
  <attribute name="Current GC Util" value="0" />
  <attribute name= "Current Time Running" value="379" />
  <attribute name ="GC Interval" value="200" />
  <attribute name="ProportionalT" value="-10.000000" />
  <attribute name="ProportionalI" value="-10.000000" />
  <attribute name="ProportionalH" value="-10.000000" />
  <attribute name="Current Error" value="-20.000000" />
  <attribute name="IntegralT" value="-4144.000000" />
  <attribute name="IntegralI" value="-4144.000000" />
  <attribute name="IntegralH" value="-4144.000000" />
  <attribute name="DerivativeT" value="-0.357143" />
  <attribute name="DerivativeI" value="-0.357143" />
  <attribute name="DerivativeH" value="-0.357143" />
  <attribute name="Loop Time for DT" value="84.000000" />
  <attribute name="Output H" value="2092630016"/>
  <attribute name="Output I" value="200"/>
  <attribute name="Output T" value="4"/>
  <attribute name="Target GC Util Change" value ="20.000000" />
  <attribute name="Current GC Util Change" value="0.000000"/>
  <attribute name="GC Util currently" value="0" />
  <attribute name="CPU Util currently" value="6" />
<allocation-satisfied id="71" threadId="00000000022ED700" bytesRequested="2056" />
<af-end id="72" timestamp="2019-06-15T03:38:41.288" threadId="00000000022EE088" success="true" from="nursery"/>
<exclusive-end id="73" timestamp="2019-06-15T03:38:41.289" durationms="0.861" />

<exclusive-start id="74" timestamp="2019-06-15T03:38:41.384" intervalms="96.655">
  <response-info timems="0.028" idlems="0.028" threads="0" lastid="00000000022ED700" lastname="main" />
</exclusive-start>
<af-start id="75" threadId="00000000022EE088" totalBytesRequested="2056" timestamp="2019-06-15T03:38:41.384" intervalms="96.659" type="nursery" />
<cycle-start id="76" type="scavenge" contextid="0" timestamp="2019-06-15T03:38:41.384" intervalms="96.657" />
<gc-start id="77" type="scavenge" contextid="76" timestamp="2019-06-15T03:38:41.384">
  <mem-info id="78" free="5450936" total="8388608" percent="64">
    <mem type="nursery" free="0" total="2097152" percent="0">
      <mem type="allocate" free="0" total="1114112" percent="0" />
      <mem type="survivor" free="0" total="983040" percent="0" />
    </mem>
    <mem type="tenure" free="5450936" total="6291456" percent="86">
      <mem type="soa" free="5136568" total="5977088" percent="85" />
      <mem type="loa" free="314368" total="314368" percent="100" />
    </mem>
    <remembered-set count="106" />
  </mem-info>
</gc-start>
<allocation-stats totalBytes="1000448" >
  <allocated-bytes non-tlh="2056" tlh="998392" />
  <largest-consumer threadName="main" threadId="00000000022ED700" bytes="1000448" />
</allocation-stats>
<gc-op id="79" type="scavenge" timems="0.299" contextid="76" timestamp="2019-06-15T03:38:41.385">
  <scavenger-info tenureage="3" tenuremask="fff8" tiltratio="53" />
  <memory-copied type="nursery" objects="118" bytes="24000" bytesdiscarded="54304" />
  <memory-copied type="tenure" objects="339" bytes="62720" bytesdiscarded="0" />
  <finalization candidates="2" enqueued="0" />
  <references type="weak" candidates="1" cleared="0" enqueued="0" />
  <references type="phantom" candidates="3" cleared="0" enqueued="0" />
</gc-op>
<gc-end id="80" type="scavenge" contextid="76" durationms="0.454" usertimems="0.000" systemtimems="0.000" timestamp="2019-06-15T03:38:41.385" activeThreads="4">
  <mem-info id="81" free="6634136" total="8388608" percent="79">
    <mem type="nursery" free="1232384" total="2097152" percent="58">
      <mem type="allocate" free="1232384" total="1310720" percent="94" />
      <mem type="survivor" free="0" total="786432" percent="0" />
    </mem>
    <mem type="tenure" free="5401752" total="6291456" percent="85">
      <mem type="soa" free="5087384" total="5977088" percent="85" />
      <mem type="loa" free="314368" total="314368" percent="100" />
    </mem>
    <remembered-set count="75" />
  </mem-info>
</gc-end>
<cycle-end id="82" type="scavenge" contextid="76" timestamp="2019-06-15T03:38:41.385" />
  <attribute name="elasticGC enabled" value="1" />
  <attribute name= "numThreadsSpecified" value="4" />
  <attribute name="heapSize specified" value="0" />
  <attribute name="Current GC Util" value="0" />
  <attribute name= "Current Time Running" value="475" />
  <attribute name ="GC Interval" value="200" />
  <attribute name="ProportionalT" value="-10.000000" />
  <attribute name="ProportionalI" value="-10.000000" />
  <attribute name="ProportionalH" value="-10.000000" />
  <attribute name="Current Error" value="-20.000000" />
  <attribute name="IntegralT" value="-6064.000000" />
  <attribute name="IntegralI" value="-6064.000000" />
  <attribute name="IntegralH" value="-6064.000000" />
  <attribute name="DerivativeT" value="-0.312500" />
  <attribute name="DerivativeI" value="-0.312500" />
  <attribute name="DerivativeH" value="-0.312500" />
  <attribute name="Loop Time for DT" value="96.000000" />
  <attribute name="Output H" value="2092630016"/>
  <attribute name="Output I" value="200"/>
  <attribute name="Output T" value="4"/>
  <attribute name="Target GC Util Change" value ="20.000000" />
  <attribute name="Current GC Util Change" value="0.000000"/>
  <attribute name="GC Util currently" value="0" />
  <attribute name="CPU Util currently" value="5" />
<allocation-satisfied id="83" threadId="00000000022ED700" bytesRequested="2056" />
<af-end id="84" timestamp="2019-06-15T03:38:41.385" threadId="00000000022EE088" success="true" from="nursery"/>
<exclusive-end id="85" timestamp="2019-06-15T03:38:41.385" durationms="0.808" />

<exclusive-start id="86" timestamp="2019-06-15T03:38:41.474" intervalms="90.001">
  <response-info timems="0.036" idlems="0.036" threads="0" lastid="00000000022ED700" lastname="main" />
</exclusive-start>
<af-start id="87" threadId="00000000022EE088" totalBytesRequested="89408" timestamp="2019-06-15T03:38:41.474" intervalms="90.009" type="nursery" />
<cycle-start id="88" type="scavenge" contextid="0" timestamp="2019-06-15T03:38:41.474" intervalms="90.009" />
<gc-start id="89" type="scavenge" contextid="88" timestamp="2019-06-15T03:38:41.474">
  <mem-info id="90" free="5422376" total="8388608" percent="64">
    <mem type="nursery" free="21104" total="2097152" percent="1">
      <mem type="allocate" free="21104" total="1310720" percent="1" />
      <mem type="survivor" free="0" total="786432" percent="0" />
    </mem>
    <mem type="tenure" free="5401272" total="6291456" percent="85">
      <mem type="soa" free="5086904" total="5977088" percent="85" />
      <mem type="loa" free="314368" total="314368" percent="100" />
    </mem>
    <remembered-set count="85" />
  </mem-info>
</gc-start>
<allocation-stats totalBytes="1189200" >
  <allocated-bytes non-tlh="81264" tlh="1107936" />
  <largest-consumer threadName="main" threadId="00000000022ED700" bytes="1189200" />
</allocation-stats>
<gc-op id="91" type="scavenge" timems="0.300" contextid="88" timestamp="2019-06-15T03:38:41.475">
  <scavenger-info tenureage="3" tenuremask="ffc8" tiltratio="62" />
  <memory-copied type="nursery" objects="348" bytes="228744" bytesdiscarded="34728" />
  <memory-copied type="tenure" objects="60" bytes="2376" bytesdiscarded="544" />
  <references type="soft" candidates="1" cleared="0" enqueued="0" dynamicThreshold="32" maxThreshold="32" />
  <references type="phantom" candidates="20" cleared="0" enqueued="0" />
</gc-op>
<gc-end id="92" type="scavenge" contextid="88" durationms="0.451" usertimems="0.000" systemtimems="0.000" timestamp="2019-06-15T03:38:41.475" activeThreads="4">
  <mem-info id="93" free="6514040" total="8388608" percent="77">
    <mem type="nursery" free="1112768" total="2097152" percent="53">
      <mem type="allocate" free="1112768" total="1376256" percent="80" />
      <mem type="survivor" free="0" total="720896" percent="0" />
    </mem>
    <mem type="tenure" free="5401272" total="6291456" percent="85">
      <mem type="soa" free="5086904" total="5977088" percent="85" />
      <mem type="loa" free="314368" total="314368" percent="100" />
    </mem>
    <remembered-set count="81" />
  </mem-info>
</gc-end>
<cycle-end id="94" type="scavenge" contextid="88" timestamp="2019-06-15T03:38:41.475" />
  <attribute name="elasticGC enabled" value="1" />
  <attribute name= "numThreadsSpecified" value="4" />
  <attribute name="heapSize specified" value="0" />
  <attribute name="Current GC Util" value="0" />
  <attribute name= "Current Time Running" value="565" />
  <attribute name ="GC Interval" value="200" />
  <attribute name="ProportionalT" value="-10.000000" />
  <attribute name="ProportionalI" value="-10.000000" />
  <attribute name="ProportionalH" value="-10.000000" />
  <attribute name="Current Error" value="-20.000000" />
  <attribute name="IntegralT" value="-1800.000000" />
  <attribute name="IntegralI" value="-1800.000000" />
  <attribute name="IntegralH" value="-1800.000000" />
  <attribute name="DerivativeT" value="-0.333333" />
  <attribute name="DerivativeI" value="-0.333333" />
  <attribute name="DerivativeH" value="-0.333333" />
  <attribute name="Loop Time for DT" value="90.000000" />
  <attribute name="Output H" value="2092630016"/>
  <attribute name="Output I" value="200"/>
  <attribute name="Output T" value="4"/>
  <attribute name="Target GC Util Change" value ="20.000000" />
  <attribute name="Current GC Util Change" value="0.000000"/>
  <attribute name="GC Util currently" value="0" />
  <attribute name="CPU Util currently" value="8" />
<allocation-satisfied id="95" threadId="00000000022ED700" bytesRequested="89408" />
<af-end id="96" timestamp="2019-06-15T03:38:41.475" threadId="00000000022EE088" success="true" from="nursery"/>
<exclusive-end id="97" timestamp="2019-06-15T03:38:41.475" durationms="0.822" />

<exclusive-start id="98" timestamp="2019-06-15T03:38:41.504" intervalms="29.492">
  <response-info timems="0.031" idlems="0.031" threads="0" lastid="00000000022ED700" lastname="main" />
</exclusive-start>
<sys-start reason="explicit" id="99" timestamp="2019-06-15T03:38:41.504" intervalms="721.884" />
<cycle-start id="100" type="global" contextid="0" timestamp="2019-06-15T03:38:41.504" intervalms="722.074" />
<gc-start id="101" type="global" contextid="100" timestamp="2019-06-15T03:38:41.504">
  <mem-info id="102" free="5938264" total="8388608" percent="70">
    <mem type="nursery" free="552320" total="2097152" percent="26">
      <mem type="allocate" free="552320" total="1376256" percent="40" />
      <mem type="survivor" free="0" total="720896" percent="0" />
    </mem>
    <mem type="tenure" free="5385944" total="6291456" percent="85">
      <mem type="soa" free="5071576" total="5977088" percent="84" />
      <mem type="loa" free="314368" total="314368" percent="100" />
    </mem>
    <remembered-set count="342" />
  </mem-info>
</gc-start>
<allocation-stats totalBytes="575592" >
  <allocated-bytes non-tlh="104736" tlh="470856" />
  <largest-consumer threadName="main" threadId="00000000022ED700" bytes="575592" />
</allocation-stats>
<gc-op id="103" type="mark" timems="1.356" contextid="100" timestamp="2019-06-15T03:38:41.506">
  <trace-info objectcount="19137" scancount="15811" scanbytes="515796" />
  <finalization candidates="45" enqueued="0" />
  <ownableSynchronizers candidates="4" cleared="3" />
  <references type="soft" candidates="66" cleared="0" enqueued="0" dynamicThreshold="32" maxThreshold="32" />
  <references type="weak" candidates="632" cleared="264" enqueued="186" />
  <references type="phantom" candidates="54" cleared="3" enqueued="3" />
  <stringconstants candidates="2485" cleared="0"  />
</gc-op>
<gc-op id="104" type="classunload" timems="0.033" contextid="100" timestamp="2019-06-15T03:38:41.506">
  <classunload-info classloadercandidates="6" classloadersunloaded="0" classesunloaded="0" anonymousclassesunloaded="0" quiescems="0.000" setupms="0.032" scanms="0.000" postms="0.001" />
</gc-op>
<gc-op id="105" type="sweep" timems="0.484" contextid="100" timestamp="2019-06-15T03:38:41.506" />
<mem-info id="106" free="6400360" total="8388608" percent="76">
  <mem type="nursery" free="909024" total="2097152" percent="43">
    <mem type="allocate" free="909024" total="1376256" percent="66" />
    <mem type="survivor" free="0" total="720896" percent="0" />
  </mem>
  <mem type="tenure" free="5491336" total="6291456" percent="87" micro-fragmented="6516" macro-fragmented="0">
    <mem type="soa" free="5176968" total="5977088" percent="86" />
    <mem type="loa" free="314368" total="314368" percent="100" />
  </mem>
  <pending-finalizers system="0" default="0" reference="189" classloader="0" />
  <remembered-set count="331" />
</mem-info>
<gc-op id="107" type="compact" timems="3.418" contextid="100" timestamp="2019-06-15T03:38:41.510">
  <compact-info movecount="14711" movebytes="896176" reason="compact to aid heap contraction" />
</gc-op>
<gc-end id="108" type="global" contextid="100" durationms="6.050" usertimems="4.000" systemtimems="4.000" timestamp="2019-06-15T03:38:41.510" activeThreads="4">
  <mem-info id="109" free="6485056" total="8388608" percent="77">
    <mem type="nursery" free="989312" total="2097152" percent="47">
      <mem type="allocate" free="989312" total="1376256" percent="71" />
      <mem type="survivor" free="0" total="720896" percent="0" />
    </mem>
    <mem type="tenure" free="5495744" total="6291456" percent="87">
      <mem type="soa" free="5181376" total="5977088" percent="86" />
      <mem type="loa" free="314368" total="314368" percent="100" />
    </mem>
    <pending-finalizers system="0" default="0" reference="189" classloader="0" />
    <remembered-set count="331" />
  </mem-info>
</gc-end>
<cycle-end id="110" type="global" contextid="100" timestamp="2019-06-15T03:38:41.510" />
  <attribute name="elasticGC enabled" value="1" />
  <attribute name= "numThreadsSpecified" value="4" />
  <attribute name="heapSize specified" value="8388608" />
  <attribute name="Current GC Util" value="39" />
  <attribute name= "Current Time Running" value="601" />
  <attribute name ="GC Interval" value="200" />
  <attribute name="ProportionalT" value="9.500000" />
  <attribute name="ProportionalI" value="9.500000" />
  <attribute name="ProportionalH" value="9.500000" />
  <attribute name="Current Error" value="19.000000" />
  <attribute name="IntegralT" value="76.000000" />
  <attribute name="IntegralI" value="76.000000" />
  <attribute name="IntegralH" value="76.000000" />
  <attribute name="DerivativeT" value="6.375000" />
  <attribute name="DerivativeI" value="6.375000" />
  <attribute name="DerivativeH" value="6.375000" />
  <attribute name="Loop Time for DT" value="4.000000" />
  <attribute name="Output H" value="8388608"/>
  <attribute name="Output I" value="200"/>
  <attribute name="Output T" value="4"/>
  <attribute name="Target GC Util Change" value ="20.000000" />
  <attribute name="Current GC Util Change" value="39.000000"/>
  <attribute name="GC Util currently" value="39" />
  <attribute name="CPU Util currently" value="1331811412143" />
<sys-end id="111" timestamp="2019-06-15T03:38:41.510" />
<exclusive-end id="112" timestamp="2019-06-15T03:38:41.510" durationms="6.530" />

<exclusive-start id="113" timestamp="2019-06-15T03:38:41.539" intervalms="35.418">
  <response-info timems="0.057" idlems="0.057" threads="0" lastid="00000000022ED700" lastname="main" />
</exclusive-start>
<af-start id="114" threadId="00000000022EE088" totalBytesRequested="208" timestamp="2019-06-15T03:38:41.539" intervalms="64.915" type="nursery" />
<cycle-start id="115" type="scavenge" contextid="0" timestamp="2019-06-15T03:38:41.539" intervalms="64.921" />
<gc-start id="116" type="scavenge" contextid="115" timestamp="2019-06-15T03:38:41.539">
  <mem-info id="117" free="5476064" total="8388608" percent="65">
    <mem type="nursery" free="0" total="2097152" percent="0">
      <mem type="allocate" free="0" total="1376256" percent="0" />
      <mem type="survivor" free="0" total="720896" percent="0" />
    </mem>
    <mem type="tenure" free="5476064" total="6291456" percent="87">
      <mem type="soa" free="5161696" total="5977088" percent="86" />
      <mem type="loa" free="314368" total="314368" percent="100" />
    </mem>
    <remembered-set count="617" />
  </mem-info>
</gc-start>
<allocation-stats totalBytes="1006832" >
  <allocated-bytes non-tlh="19680" tlh="987152" />
  <largest-consumer threadName="main" threadId="00000000022ED700" bytes="1002736" />
</allocation-stats>
<gc-op id="118" type="scavenge" timems="0.441" contextid="115" timestamp="2019-06-15T03:38:41.540">
  <scavenger-info tenureage="3" tenuremask="ffe8" tiltratio="65" />
  <memory-copied type="nursery" objects="3182" bytes="450832" bytesdiscarded="102264" />
  <finalization candidates="32" enqueued="0" />
  <ownableSynchronizers candidates="1" cleared="0" />
  <references type="soft" candidates="5" cleared="0" enqueued="0" dynamicThreshold="27" maxThreshold="32" />
  <references type="weak" candidates="285" cleared="43" enqueued="43" />
  <references type="phantom" candidates="31" cleared="2" enqueued="2" />
</gc-op>
<gc-end id="119" type="scavenge" contextid="115" durationms="0.602" usertimems="0.000" systemtimems="0.000" timestamp="2019-06-15T03:38:41.540" activeThreads="4">
  <mem-info id="120" free="6233496" total="8388608" percent="74">
    <mem type="nursery" free="757432" total="2097152" percent="36">
      <mem type="allocate" free="757432" total="1310720" percent="57" />
      <mem type="survivor" free="0" total="786432" percent="0" />
    </mem>
    <mem type="tenure" free="5476064" total="6291456" percent="87">
      <mem type="soa" free="5161696" total="5977088" percent="86" />
      <mem type="loa" free="314368" total="314368" percent="100" />
    </mem>
    <pending-finalizers system="0" default="0" reference="45" classloader="0" />
    <remembered-set count="613" />
  </mem-info>
</gc-end>
<cycle-end id="121" type="scavenge" contextid="115" timestamp="2019-06-15T03:38:41.540" />
  <attribute name="elasticGC enabled" value="1" />
  <attribute name= "numThreadsSpecified" value="4" />
  <attribute name="heapSize specified" value="8388608" />
  <attribute name="Current GC Util" value="16" />
  <attribute name= "Current Time Running" value="630" />
  <attribute name ="GC Interval" value="200" />
  <attribute name="ProportionalT" value="-2.000000" />
  <attribute name="ProportionalI" value="-2.000000" />
  <attribute name="ProportionalH" value="-2.000000" />
  <attribute name="Current Error" value="-4.000000" />
  <attribute name="IntegralT" value="-116.000000" />
  <attribute name="IntegralI" value="-116.000000" />
  <attribute name="IntegralH" value="-116.000000" />
  <attribute name="DerivativeT" value="-1.189655" />
  <attribute name="DerivativeI" value="-1.189655" />
  <attribute name="DerivativeH" value="-1.189655" />
  <attribute name="Loop Time for DT" value="29.000000" />
  <attribute name="Output H" value="2092630016"/>
  <attribute name="Output I" value="200"/>
  <attribute name="Output T" value="4"/>
  <attribute name="Target GC Util Change" value ="20.000000" />
  <attribute name="Current GC Util Change" value="16.000000"/>
  <attribute name="GC Util currently" value="16" />
  <attribute name="CPU Util currently" value="155725497168" />
<allocation-satisfied id="122" threadId="00000000022ED700" bytesRequested="208" />
<af-end id="123" timestamp="2019-06-15T03:38:41.540" threadId="00000000022EE088" success="true" from="nursery"/>
<exclusive-end id="124" timestamp="2019-06-15T03:38:41.540" durationms="0.970" />

<exclusive-start id="125" timestamp="2019-06-15T03:38:41.558" intervalms="18.564">
  <response-info timems="0.068" idlems="0.068" threads="0" lastid="00000000022ED700" lastname="main" />
</exclusive-start>
<af-start id="126" threadId="00000000022EE088" totalBytesRequested="15368" timestamp="2019-06-15T03:38:41.558" intervalms="18.546" type="nursery" />
<cycle-start id="127" type="scavenge" contextid="0" timestamp="2019-06-15T03:38:41.558" intervalms="18.538" />
<gc-start id="128" type="scavenge" contextid="127" timestamp="2019-06-15T03:38:41.558">
  <mem-info id="129" free="5463720" total="8388608" percent="65">
    <mem type="nursery" free="0" total="2097152" percent="0">
      <mem type="allocate" free="0" total="1310720" percent="0" />
      <mem type="survivor" free="0" total="786432" percent="0" />
    </mem>
    <mem type="tenure" free="5463720" total="6291456" percent="86">
      <mem type="soa" free="5149352" total="5977088" percent="86" />
      <mem type="loa" free="314368" total="314368" percent="100" />
    </mem>
    <remembered-set count="748" />
  </mem-info>
</gc-start>
<allocation-stats totalBytes="760704" >
  <allocated-bytes non-tlh="12552" tlh="748152" />
  <largest-consumer threadName="main" threadId="00000000022ED700" bytes="756608" />
</allocation-stats>
<gc-op id="130" type="scavenge" timems="0.466" contextid="127" timestamp="2019-06-15T03:38:41.558">
  <scavenger-info tenureage="3" tenuremask="fff8" tiltratio="62" />
  <memory-copied type="nursery" objects="3139" bytes="467984" bytesdiscarded="33352" />
  <finalization candidates="32" enqueued="0" />
  <ownableSynchronizers candidates="1" cleared="0" />
  <references type="soft" candidates="5" cleared="0" enqueued="0" dynamicThreshold="27" maxThreshold="32" />
  <references type="weak" candidates="246" cleared="3" enqueued="3" />
  <references type="phantom" candidates="30" cleared="0" enqueued="0" />
</gc-op>
<gc-end id="131" type="scavenge" contextid="127" durationms="0.623" usertimems="0.000" systemtimems="0.000" timestamp="2019-06-15T03:38:41.559" activeThreads="4">
  <mem-info id="132" free="6469504" total="8388608" percent="77">
    <mem type="nursery" free="1005784" total="2097152" percent="47">
      <mem type="allocate" free="1005784" total="1507328" percent="66" />
      <mem type="survivor" free="0" total="589824" percent="0" />
    </mem>
    <mem type="tenure" free="5463720" total="6291456" percent="86">
      <mem type="soa" free="5149352" total="5977088" percent="86" />
      <mem type="loa" free="314368" total="314368" percent="100" />
    </mem>
    <pending-finalizers system="0" default="0" reference="3" classloader="0" />
    <remembered-set count="735" />
  </mem-info>
</gc-end>
<cycle-end id="133" type="scavenge" contextid="127" timestamp="2019-06-15T03:38:41.559" />
  <attribute name="elasticGC enabled" value="1" />
  <attribute name= "numThreadsSpecified" value="4" />
  <attribute name="heapSize specified" value="8388608" />
  <attribute name="Current GC Util" value="4" />
  <attribute name= "Current Time Running" value="649" />
  <attribute name ="GC Interval" value="200" />
  <attribute name="ProportionalT" value="-8.000000" />
  <attribute name="ProportionalI" value="-8.000000" />
  <attribute name="ProportionalH" value="-8.000000" />
  <attribute name="Current Error" value="-16.000000" />
  <attribute name="IntegralT" value="-304.000000" />
  <attribute name="IntegralI" value="-304.000000" />
  <attribute name="IntegralH" value="-304.000000" />
  <attribute name="DerivativeT" value="-1.263158" />
  <attribute name="DerivativeI" value="-1.263158" />
  <attribute name="DerivativeH" value="-1.263158" />
  <attribute name="Loop Time for DT" value="19.000000" />
  <attribute name="Output H" value="2092630016"/>
  <attribute name="Output I" value="200"/>
  <attribute name="Output T" value="4"/>
  <attribute name="Target GC Util Change" value ="20.000000" />
  <attribute name="Current GC Util Change" value="4.000000"/>
  <attribute name="GC Util currently" value="4" />
  <attribute name="CPU Util currently" value="248903068982" />
<allocation-satisfied id="134" threadId="00000000022ED700" bytesRequested="15368" />
<af-end id="135" timestamp="2019-06-15T03:38:41.559" threadId="00000000022EE088" success="true" from="nursery"/>
<exclusive-end id="136" timestamp="2019-06-15T03:38:41.559" durationms="0.963" />

<exclusive-start id="137" timestamp="2019-06-15T03:38:41.577" intervalms="19.363">
  <response-info timems="0.057" idlems="0.057" threads="0" lastid="00000000022ED700" lastname="main" />
</exclusive-start>
<af-start id="138" threadId="00000000022EE088" totalBytesRequested="56" timestamp="2019-06-15T03:38:41.577" intervalms="19.368" type="nursery" />
<cycle-start id="139" type="scavenge" contextid="0" timestamp="2019-06-15T03:38:41.577" intervalms="19.371" />
<gc-start id="140" type="scavenge" contextid="139" timestamp="2019-06-15T03:38:41.577">
  <mem-info id="141" free="5446544" total="8388608" percent="64">
    <mem type="nursery" free="0" total="2097152" percent="0">
      <mem type="allocate" free="0" total="1507328" percent="0" />
      <mem type="survivor" free="0" total="589824" percent="0" />
    </mem>
    <mem type="tenure" free="5446544" total="6291456" percent="86">
      <mem type="soa" free="5132176" total="5977088" percent="85" />
      <mem type="loa" free="314368" total="314368" percent="100" />
    </mem>
    <remembered-set count="887" />
  </mem-info>
</gc-start>
<allocation-stats totalBytes="1021720" >
  <allocated-bytes non-tlh="32544" tlh="989176" />
  <largest-consumer threadName="main" threadId="00000000022ED700" bytes="1021720" />
</allocation-stats>
<gc-op id="142" type="scavenge" timems="0.502" contextid="139" timestamp="2019-06-15T03:38:41.578">
  <scavenger-info tenureage="3" tenuremask="fff8" tiltratio="71" />
  <memory-copied type="nursery" objects="2925" bytes="253584" bytesdiscarded="186616" />
  <memory-copied type="tenure" objects="317" bytes="180080" bytesdiscarded="264" />
  <finalization candidates="32" enqueued="0" />
  <ownableSynchronizers candidates="1" cleared="0" />
  <references type="soft" candidates="4" cleared="0" enqueued="0" dynamicThreshold="27" maxThreshold="32" />
  <references type="weak" candidates="248" cleared="6" enqueued="6" />
  <references type="phantom" candidates="9" cleared="0" enqueued="0" />
</gc-op>
<gc-end id="143" type="scavenge" contextid="139" durationms="0.664" usertimems="4.000" systemtimems="0.000" timestamp="2019-06-15T03:38:41.578" activeThreads="4">
  <mem-info id="144" free="6236328" total="8388608" percent="74">
    <mem type="nursery" free="1066944" total="2097152" percent="50">
      <mem type="allocate" free="1066944" total="1507328" percent="70" />
      <mem type="survivor" free="0" total="589824" percent="0" />
    </mem>
    <mem type="tenure" free="5169384" total="6291456" percent="82">
      <mem type="soa" free="4855016" total="5977088" percent="81" />
      <mem type="loa" free="314368" total="314368" percent="100" />
    </mem>
    <pending-finalizers system="0" default="0" reference="6" classloader="0" />
    <remembered-set count="553" />
  </mem-info>
</gc-end>
<cycle-end id="145" type="scavenge" contextid="139" timestamp="2019-06-15T03:38:41.578" />
  <attribute name="elasticGC enabled" value="1" />
  <attribute name= "numThreadsSpecified" value="4" />
  <attribute name="heapSize specified" value="8388608" />
  <attribute name="Current GC Util" value="4" />
  <attribute name= "Current Time Running" value="668" />
  <attribute name ="GC Interval" value="200" />
  <attribute name="ProportionalT" value="-8.000000" />
  <attribute name="ProportionalI" value="-8.000000" />
  <attribute name="ProportionalH" value="-8.000000" />
  <attribute name="Current Error" value="-16.000000" />
  <attribute name="IntegralT" value="-304.000000" />
  <attribute name="IntegralI" value="-304.000000" />
  <attribute name="IntegralH" value="-304.000000" />
  <attribute name="DerivativeT" value="-1.263158" />
  <attribute name="DerivativeI" value="-1.263158" />
  <attribute name="DerivativeH" value="-1.263158" />
  <attribute name="Loop Time for DT" value="19.000000" />
  <attribute name="Output H" value="2092630016"/>
  <attribute name="Output I" value="200"/>
  <attribute name="Output T" value="4"/>
  <attribute name="Target GC Util Change" value ="20.000000" />
  <attribute name="Current GC Util Change" value="4.000000"/>
  <attribute name="GC Util currently" value="4" />
  <attribute name="CPU Util currently" value="237891077773" />
<allocation-satisfied id="146" threadId="00000000022ED700" bytesRequested="56" />
<af-end id="147" timestamp="2019-06-15T03:38:41.578" threadId="00000000022EE088" success="true" from="nursery"/>
<exclusive-end id="148" timestamp="2019-06-15T03:38:41.578" durationms="1.014" />

<exclusive-start id="149" timestamp="2019-06-15T03:38:41.614" intervalms="37.236">
  <response-info timems="0.028" idlems="0.028" threads="0" lastid="00000000022ED700" lastname="main" />
</exclusive-start>
<af-start id="150" threadId="00000000022EE088" totalBytesRequested="88" timestamp="2019-06-15T03:38:41.614" intervalms="37.250" type="nursery" />
<cycle-start id="151" type="scavenge" contextid="0" timestamp="2019-06-15T03:38:41.615" intervalms="37.261" />
<gc-start id="152" type="scavenge" contextid="151" timestamp="2019-06-15T03:38:41.615">
  <mem-info id="153" free="5146968" total="8388608" percent="61">
    <mem type="nursery" free="0" total="2097152" percent="0">
      <mem type="allocate" free="0" total="1507328" percent="0" />
      <mem type="survivor" free="0" total="589824" percent="0" />
    </mem>
    <mem type="tenure" free="5146968" total="6291456" percent="81">
      <mem type="soa" free="4832600" total="5977088" percent="80" />
      <mem type="loa" free="314368" total="314368" percent="100" />
    </mem>
    <remembered-set count="799" />
  </mem-info>
</gc-start>
<allocation-stats totalBytes="1087832" >
  <allocated-bytes non-tlh="88016" tlh="999816" />
  <largest-consumer threadName="main" threadId="00000000022ED700" bytes="1087832" />
</allocation-stats>
<gc-op id="154" type="scavenge" timems="0.526" contextid="151" timestamp="2019-06-15T03:38:41.615">
  <scavenger-info tenureage="3" tenuremask="fff8" tiltratio="71" />
  <memory-copied type="nursery" objects="680" bytes="96928" bytesdiscarded="86032" />
  <memory-copied type="tenure" objects="2658" bytes="242792" bytesdiscarded="72" />
  <finalization candidates="32" enqueued="0" />
  <ownableSynchronizers candidates="1" cleared="0" />
  <references type="weak" candidates="8" cleared="8" enqueued="8" />
</gc-op>
<gc-end id="155" type="scavenge" contextid="151" durationms="0.689" usertimems="4.000" systemtimems="0.000" timestamp="2019-06-15T03:38:41.615" activeThreads="4">
  <mem-info id="156" free="6275232" total="8388608" percent="74">
    <mem type="nursery" free="1389816" total="2097152" percent="66">
      <mem type="allocate" free="1389816" total="1572864" percent="88" />
      <mem type="survivor" free="0" total="524288" percent="0" />
    </mem>
    <mem type="tenure" free="4885416" total="6291456" percent="77">
      <mem type="soa" free="4571048" total="5977088" percent="76" />
      <mem type="loa" free="314368" total="314368" percent="100" />
    </mem>
    <pending-finalizers system="0" default="0" reference="8" classloader="0" />
    <remembered-set count="532" />
  </mem-info>
</gc-end>
<cycle-end id="157" type="scavenge" contextid="151" timestamp="2019-06-15T03:38:41.615" />
  <attribute name="elasticGC enabled" value="1" />
  <attribute name= "numThreadsSpecified" value="4" />
  <attribute name="heapSize specified" value="8388608" />
  <attribute name="Current GC Util" value="2" />
  <attribute name= "Current Time Running" value="705" />
  <attribute name ="GC Interval" value="200" />
  <attribute name="ProportionalT" value="-9.000000" />
  <attribute name="ProportionalI" value="-9.000000" />
  <attribute name="ProportionalH" value="-9.000000" />
  <attribute name="Current Error" value="-18.000000" />
  <attribute name="IntegralT" value="-666.000000" />
  <attribute name="IntegralI" value="-666.000000" />
  <attribute name="IntegralH" value="-666.000000" />
  <attribute name="DerivativeT" value="-0.729730" />
  <attribute name="DerivativeI" value="-0.729730" />
  <attribute name="DerivativeH" value="-0.729730" />
  <attribute name="Loop Time for DT" value="37.000000" />
  <attribute name="Output H" value="2092630016"/>
  <attribute name="Output I" value="200"/>
  <attribute name="Output T" value="4"/>
  <attribute name="Target GC Util Change" value ="20.000000" />
  <attribute name="Current GC Util Change" value="2.000000"/>
  <attribute name="GC Util currently" value="2" />
  <attribute name="CPU Util currently" value="123733746080" />
<allocation-satisfied id="158" threadId="00000000022ED700" bytesRequested="88" />
<af-end id="159" timestamp="2019-06-15T03:38:41.615" threadId="00000000022EE088" success="true" from="nursery"/>
<exclusive-end id="160" timestamp="2019-06-15T03:38:41.615" durationms="1.071" />

<exclusive-start id="161" timestamp="2019-06-15T03:38:41.672" intervalms="57.266">
  <response-info timems="0.030" idlems="0.030" threads="0" lastid="00000000022ED700" lastname="main" />
</exclusive-start>
<af-start id="162" threadId="00000000022EE088" totalBytesRequested="968" timestamp="2019-06-15T03:38:41.672" intervalms="57.258" type="nursery" />
<cycle-start id="163" type="scavenge" contextid="0" timestamp="2019-06-15T03:38:41.672" intervalms="57.249" />
<gc-start id="164" type="scavenge" contextid="163" timestamp="2019-06-15T03:38:41.672">
  <mem-info id="165" free="4851816" total="8388608" percent="57">
    <mem type="nursery" free="0" total="2097152" percent="0">
      <mem type="allocate" free="0" total="1572864" percent="0" />
      <mem type="survivor" free="0" total="524288" percent="0" />
    </mem>
    <mem type="tenure" free="4851816" total="6291456" percent="77">
      <mem type="soa" free="4537448" total="5977088" percent="75" />
      <mem type="loa" free="314368" total="314368" percent="100" />
    </mem>
    <remembered-set count="922" />
  </mem-info>
</gc-start>
<allocation-stats totalBytes="1420232" >
  <allocated-bytes non-tlh="33688" tlh="1386544" />
  <largest-consumer threadName="main" threadId="00000000022ED700" bytes="1420232" />
</allocation-stats>
<gc-op id="166" type="scavenge" timems="0.393" contextid="163" timestamp="2019-06-15T03:38:41.672">
  <scavenger-info tenureage="5" tenuremask="ffe0" tiltratio="75" />
  <memory-copied type="nursery" objects="3148" bytes="250528" bytesdiscarded="158032" />
  <references type="weak" candidates="3" cleared="2" enqueued="2" />
  <references type="phantom" candidates="1" cleared="0" enqueued="0" />
</gc-op>
<gc-end id="167" type="scavenge" contextid="163" durationms="0.556" usertimems="0.000" systemtimems="0.000" timestamp="2019-06-15T03:38:41.672" activeThreads="4">
  <mem-info id="168" free="6016032" total="8388608" percent="71">
    <mem type="nursery" free="1164216" total="2097152" percent="55">
      <mem type="allocate" free="1164216" total="1572864" percent="74" />
      <mem type="survivor" free="0" total="524288" percent="0" />
    </mem>
    <mem type="tenure" free="4851816" total="6291456" percent="77">
      <mem type="soa" free="4537448" total="5977088" percent="75" />
      <mem type="loa" free="314368" total="314368" percent="100" />
    </mem>
    <pending-finalizers system="0" default="0" reference="2" classloader="0" />
    <remembered-set count="794" />
  </mem-info>
</gc-end>
<cycle-end id="169" type="scavenge" contextid="163" timestamp="2019-06-15T03:38:41.672" />
  <attribute name="elasticGC enabled" value="1" />
  <attribute name= "numThreadsSpecified" value="4" />
  <attribute name="heapSize specified" value="8388608" />
  <attribute name="Current GC Util" value="1" />
  <attribute name= "Current Time Running" value="763" />
  <attribute name ="GC Interval" value="200" />
  <attribute name="ProportionalT" value="-9.500000" />
  <attribute name="ProportionalI" value="-9.500000" />
  <attribute name="ProportionalH" value="-9.500000" />
  <attribute name="Current Error" value="-19.000000" />
  <attribute name="IntegralT" value="-1102.000000" />
  <attribute name="IntegralI" value="-1102.000000" />
  <attribute name="IntegralH" value="-1102.000000" />
  <attribute name="DerivativeT" value="-0.491379" />
  <attribute name="DerivativeI" value="-0.491379" />
  <attribute name="DerivativeH" value="-0.491379" />
  <attribute name="Loop Time for DT" value="58.000000" />
  <attribute name="Output H" value="2092630016"/>
  <attribute name="Output I" value="200"/>
  <attribute name="Output T" value="4"/>
  <attribute name="Target GC Util Change" value ="20.000000" />
  <attribute name="Current GC Util Change" value="1.000000"/>
  <attribute name="GC Util currently" value="1" />
  <attribute name="CPU Util currently" value="12" />
<allocation-satisfied id="170" threadId="00000000022ED700" bytesRequested="968" />
<af-end id="171" timestamp="2019-06-15T03:38:41.673" threadId="00000000022EE088" success="true" from="nursery"/>
<exclusive-end id="172" timestamp="2019-06-15T03:38:41.673" durationms="0.919" />

<exclusive-start id="173" timestamp="2019-06-15T03:38:41.727" intervalms="55.585">
  <response-info timems="0.075" idlems="0.075" threads="0" lastid="00000000022ED700" lastname="main" />
</exclusive-start>
<af-start id="174" threadId="00000000022EE088" totalBytesRequested="424" timestamp="2019-06-15T03:38:41.727" intervalms="55.623" type="nursery" />
<cycle-start id="175" type="scavenge" contextid="0" timestamp="2019-06-15T03:38:41.727" intervalms="55.666" />
<gc-start id="176" type="scavenge" contextid="175" timestamp="2019-06-15T03:38:41.728">
  <mem-info id="177" free="4830648" total="8388608" percent="57">
    <mem type="nursery" free="0" total="2097152" percent="0">
      <mem type="allocate" free="0" total="1572864" percent="0" />
      <mem type="survivor" free="0" total="524288" percent="0" />
    </mem>
    <mem type="tenure" free="4830648" total="6291456" percent="76">
      <mem type="soa" free="4516280" total="5977088" percent="75" />
      <mem type="loa" free="314368" total="314368" percent="100" />
    </mem>
    <remembered-set count="1098" />
  </mem-info>
</gc-start>
<allocation-stats totalBytes="1184312" >
  <allocated-bytes non-tlh="22136" tlh="1162176" />
  <largest-consumer threadName="main" threadId="00000000022ED700" bytes="1184312" />
</allocation-stats>
<gc-op id="178" type="scavenge" timems="0.524" contextid="175" timestamp="2019-06-15T03:38:41.728">
  <scavenger-info tenureage="5" tenuremask="ffe0" tiltratio="75" />
  <memory-copied type="nursery" objects="5093" bytes="363528" bytesdiscarded="160672" />
  <finalization candidates="5" enqueued="0" />
  <references type="soft" candidates="1" cleared="0" enqueued="0" dynamicThreshold="27" maxThreshold="32" />
  <references type="weak" candidates="105" cleared="35" enqueued="24" />
  <references type="phantom" candidates="2" cleared="1" enqueued="1" />
</gc-op>
<gc-end id="179" type="scavenge" contextid="175" durationms="0.775" usertimems="0.000" systemtimems="0.000" timestamp="2019-06-15T03:38:41.728" activeThreads="4">
  <mem-info id="180" free="5879224" total="8388608" percent="70">
    <mem type="nursery" free="1048576" total="2097152" percent="50">
      <mem type="allocate" free="1048576" total="1572864" percent="66" />
      <mem type="survivor" free="0" total="524288" percent="0" />
    </mem>
    <mem type="tenure" free="4830648" total="6291456" percent="76">
      <mem type="soa" free="4516280" total="5977088" percent="75" />
      <mem type="loa" free="314368" total="314368" percent="100" />
    </mem>
    <pending-finalizers system="0" default="0" reference="25" classloader="0" />
    <remembered-set count="896" />
  </mem-info>
</gc-end>
<cycle-end id="181" type="scavenge" contextid="175" timestamp="2019-06-15T03:38:41.728" />
  <attribute name="elasticGC enabled" value="1" />
  <attribute name= "numThreadsSpecified" value="4" />
  <attribute name="heapSize specified" value="8388608" />
  <attribute name="Current GC Util" value="1" />
  <attribute name= "Current Time Running" value="819" />
  <attribute name ="GC Interval" value="200" />
  <attribute name="ProportionalT" value="-9.500000" />
  <attribute name="ProportionalI" value="-9.500000" />
  <attribute name="ProportionalH" value="-9.500000" />
  <attribute name="Current Error" value="-19.000000" />
  <attribute name="IntegralT" value="-1064.000000" />
  <attribute name="IntegralI" value="-1064.000000" />
  <attribute name="IntegralH" value="-1064.000000" />
  <attribute name="DerivativeT" value="-0.508929" />
  <attribute name="DerivativeI" value="-0.508929" />
  <attribute name="DerivativeH" value="-0.508929" />
  <attribute name="Loop Time for DT" value="56.000000" />
  <attribute name="Output H" value="2092630016"/>
  <attribute name="Output I" value="200"/>
  <attribute name="Output T" value="4"/>
  <attribute name="Target GC Util Change" value ="20.000000" />
  <attribute name="Current GC Util Change" value="1.000000"/>
  <attribute name="GC Util currently" value="1" />
  <attribute name="CPU Util currently" value="21" />
<allocation-satisfied id="182" threadId="00000000022ED700" bytesRequested="424" />
<af-end id="183" timestamp="2019-06-15T03:38:41.729" threadId="00000000022EE088" success="true" from="nursery"/>
<exclusive-end id="184" timestamp="2019-06-15T03:38:41.729" durationms="1.336" />

<exclusive-start id="185" timestamp="2019-06-15T03:38:41.765" intervalms="38.089">
  <response-info timems="0.070" idlems="0.070" threads="0" lastid="00000000025FDC00" lastname="PmdThread 1" />
</exclusive-start>
<af-start id="186" threadId="00000000025FE588" totalBytesRequested="2584" timestamp="2019-06-15T03:38:41.765" intervalms="38.132" type="nursery" />
<cycle-start id="187" type="scavenge" contextid="0" timestamp="2019-06-15T03:38:41.766" intervalms="38.161" />
<gc-start id="188" type="scavenge" contextid="187" timestamp="2019-06-15T03:38:41.766">
  <mem-info id="189" free="4827136" total="8388608" percent="57">
    <mem type="nursery" free="0" total="2097152" percent="0">
      <mem type="allocate" free="0" total="1572864" percent="0" />
      <mem type="survivor" free="0" total="524288" percent="0" />
    </mem>
    <mem type="tenure" free="4827136" total="6291456" percent="76">
      <mem type="soa" free="4512768" total="5977088" percent="75" />
      <mem type="loa" free="314368" total="314368" percent="100" />
    </mem>
    <remembered-set count="971" />
  </mem-info>
</gc-start>
<allocation-stats totalBytes="1049112" >
  <allocated-bytes non-tlh="3936" tlh="1045176" />
  <largest-consumer threadName="PmdThread 1" threadId="00000000025FDC00" bytes="575824" />
</allocation-stats>
<gc-op id="190" type="scavenge" timems="4.835" contextid="187" timestamp="2019-06-15T03:38:41.771">
  <scavenger-info tenureage="3" tenuremask="fff8" tiltratio="75" />
  <memory-copied type="nursery" objects="4001" bytes="296656" bytesdiscarded="33344" />
  <memory-copied type="tenure" objects="272" bytes="73864" bytesdiscarded="0" />
  <finalization candidates="6" enqueued="0" />
  <ownableSynchronizers candidates="4" cleared="0" />
  <references type="soft" candidates="1" cleared="0" enqueued="0" dynamicThreshold="27" maxThreshold="32" />
  <references type="weak" candidates="409" cleared="189" enqueued="127" />
  <references type="phantom" candidates="2" cleared="0" enqueued="0" />
</gc-op>
<heap-resize id="191" type="expand" space="nursery" amount="131072" count="1" timems="0.264" reason="excessive time being spent scavenging" timestamp="2019-06-15T03:38:41.771" />
<gc-end id="192" type="scavenge" contextid="187" durationms="5.805" usertimems="8.000" systemtimems="0.000" timestamp="2019-06-15T03:38:41.772" activeThreads="4">
  <mem-info id="193" free="6069952" total="8519680" percent="71">
    <mem type="nursery" free="1308360" total="2228224" percent="58">
      <mem type="allocate" free="1308360" total="1638400" percent="79" />
      <mem type="survivor" free="0" total="589824" percent="0" />
    </mem>
    <mem type="tenure" free="4761592" total="6291456" percent="75">
      <mem type="soa" free="4447224" total="5977088" percent="74" />
      <mem type="loa" free="314368" total="314368" percent="100" />
    </mem>
    <pending-finalizers system="0" default="0" reference="127" classloader="0" />
    <remembered-set count="576" />
  </mem-info>
</gc-end>
<cycle-end id="194" type="scavenge" contextid="187" timestamp="2019-06-15T03:38:41.772" />
  <attribute name="elasticGC enabled" value="1" />
  <attribute name= "numThreadsSpecified" value="4" />
  <attribute name="heapSize specified" value="8388608" />
  <attribute name="Current GC Util" value="2" />
  <attribute name= "Current Time Running" value="857" />
  <attribute name ="GC Interval" value="200" />
  <attribute name="ProportionalT" value="-9.000000" />
  <attribute name="ProportionalI" value="-9.000000" />
  <attribute name="ProportionalH" value="-9.000000" />
  <attribute name="Current Error" value="-18.000000" />
  <attribute name="IntegralT" value="-684.000000" />
  <attribute name="IntegralI" value="-684.000000" />
  <attribute name="IntegralH" value="-684.000000" />
  <attribute name="DerivativeT" value="-0.710526" />
  <attribute name="DerivativeI" value="-0.710526" />
  <attribute name="DerivativeH" value="-0.710526" />
  <attribute name="Loop Time for DT" value="38.000000" />
  <attribute name="Output H" value="2092630016"/>
  <attribute name="Output I" value="200"/>
  <attribute name="Output T" value="4"/>
  <attribute name="Target GC Util Change" value ="20.000000" />
  <attribute name="Current GC Util Change" value="2.000000"/>
  <attribute name="GC Util currently" value="2" />
  <attribute name="CPU Util currently" value="37" />
<allocation-satisfied id="195" threadId="00000000025FDC00" bytesRequested="2584" />
<af-end id="196" timestamp="2019-06-15T03:38:41.772" threadId="00000000025FE588" success="true" from="nursery"/>
<exclusive-end id="197" timestamp="2019-06-15T03:38:41.772" durationms="6.793" />

<exclusive-start id="198" timestamp="2019-06-15T03:38:41.805" intervalms="39.590">
  <response-info timems="0.027" idlems="0.027" threads="0" lastid="00000000025FDC00" lastname="PmdThread 1" />
</exclusive-start>
<af-start id="199" threadId="00000000025FE588" totalBytesRequested="1840" timestamp="2019-06-15T03:38:41.805" intervalms="39.576" type="nursery" />
<cycle-start id="200" type="scavenge" contextid="0" timestamp="2019-06-15T03:38:41.805" intervalms="39.562" />
<gc-start id="201" type="scavenge" contextid="200" timestamp="2019-06-15T03:38:41.805">
  <mem-info id="202" free="4746672" total="8519680" percent="55">
    <mem type="nursery" free="0" total="2228224" percent="0">
      <mem type="allocate" free="0" total="1638400" percent="0" />
      <mem type="survivor" free="0" total="589824" percent="0" />
    </mem>
    <mem type="tenure" free="4746672" total="6291456" percent="75">
      <mem type="soa" free="4432304" total="5977088" percent="74" />
      <mem type="loa" free="314368" total="314368" percent="100" />
    </mem>
    <remembered-set count="785" />
  </mem-info>
</gc-start>
<allocation-stats totalBytes="1309216" >
  <allocated-bytes non-tlh="391232" tlh="917984" />
  <largest-consumer threadName="PmdThread 1" threadId="00000000025FDC00" bytes="1309216" />
</allocation-stats>
<gc-op id="203" type="scavenge" timems="2.348" contextid="200" timestamp="2019-06-15T03:38:41.808">
  <scavenger-info tenureage="3" tenuremask="7fe8" tiltratio="73" />
  <memory-copied type="nursery" objects="4613" bytes="357536" bytesdiscarded="9856" />
  <memory-copied type="tenure" objects="433" bytes="25584" bytesdiscarded="0" />
  <finalization candidates="6" enqueued="0" />
  <ownableSynchronizers candidates="4" cleared="0" />
  <references type="soft" candidates="1" cleared="0" enqueued="0" dynamicThreshold="27" maxThreshold="32" />
  <references type="weak" candidates="222" cleared="1" enqueued="1" />
  <references type="phantom" candidates="1" cleared="0" enqueued="0" />
</gc-op>
<gc-end id="204" type="scavenge" contextid="200" durationms="2.623" usertimems="4.000" systemtimems="0.000" timestamp="2019-06-15T03:38:41.808" activeThreads="4">
  <mem-info id="205" free="6048080" total="8519680" percent="70">
    <mem type="nursery" free="1402016" total="2228224" percent="62">
      <mem type="allocate" free="1402016" total="1769472" percent="79" />
      <mem type="survivor" free="0" total="458752" percent="0" />
    </mem>
    <mem type="tenure" free="4646064" total="6291456" percent="73">
      <mem type="soa" free="4331696" total="5977088" percent="72" />
      <mem type="loa" free="314368" total="314368" percent="100" />
    </mem>
    <pending-finalizers system="0" default="0" reference="1" classloader="0" />
    <remembered-set count="461" />
  </mem-info>
</gc-end>
<cycle-end id="206" type="scavenge" contextid="200" timestamp="2019-06-15T03:38:41.808" />
  <attribute name="elasticGC enabled" value="1" />
  <attribute name= "numThreadsSpecified" value="4" />
  <attribute name="heapSize specified" value="8388608" />
  <attribute name="Current GC Util" value="13" />
  <attribute name= "Current Time Running" value="896" />
  <attribute name ="GC Interval" value="200" />
  <attribute name="ProportionalT" value="-3.500000" />
  <attribute name="ProportionalI" value="-3.500000" />
  <attribute name="ProportionalH" value="-3.500000" />
  <attribute name="Current Error" value="-7.000000" />
  <attribute name="IntegralT" value="-273.000000" />
  <attribute name="IntegralI" value="-273.000000" />
  <attribute name="IntegralH" value="-273.000000" />
  <attribute name="DerivativeT" value="-0.269231" />
  <attribute name="DerivativeI" value="-0.269231" />
  <attribute name="DerivativeH" value="-0.269231" />
  <attribute name="Loop Time for DT" value="39.000000" />
  <attribute name="Output H" value="2092630016"/>
  <attribute name="Output I" value="200"/>
  <attribute name="Output T" value="4"/>
  <attribute name="Target GC Util Change" value ="20.000000" />
  <attribute name="Current GC Util Change" value="13.000000"/>
  <attribute name="GC Util currently" value="13" />
  <attribute name="CPU Util currently" value="13" />
<allocation-satisfied id="207" threadId="00000000025FDC00" bytesRequested="1840" />
<af-end id="208" timestamp="2019-06-15T03:38:41.808" threadId="00000000025FE588" success="true" from="nursery"/>
<exclusive-end id="209" timestamp="2019-06-15T03:38:41.808" durationms="3.240" />

<exclusive-start id="210" timestamp="2019-06-15T03:38:41.852" intervalms="47.212">
  <response-info timems="0.037" idlems="0.037" threads="0" lastid="00000000025FDC00" lastname="PmdThread 1" />
</exclusive-start>
<af-start id="211" threadId="00000000025FE588" totalBytesRequested="7176" timestamp="2019-06-15T03:38:41.852" intervalms="47.158" type="nursery" />
<cycle-start id="212" type="scavenge" contextid="0" timestamp="2019-06-15T03:38:41.852" intervalms="47.102" />
<gc-start id="213" type="scavenge" contextid="212" timestamp="2019-06-15T03:38:41.852">
  <mem-info id="214" free="4571264" total="8519680" percent="53">
    <mem type="nursery" free="0" total="2228224" percent="0">
      <mem type="allocate" free="0" total="1769472" percent="0" />
      <mem type="survivor" free="0" total="458752" percent="0" />
    </mem>
    <mem type="tenure" free="4571264" total="6291456" percent="72">
      <mem type="soa" free="4256896" total="5977088" percent="71" />
      <mem type="loa" free="314368" total="314368" percent="100" />
    </mem>
    <remembered-set count="1629" />
  </mem-info>
</gc-start>
<allocation-stats totalBytes="1472088" >
  <allocated-bytes non-tlh="76640" tlh="1395448" />
  <largest-consumer threadName="PmdThread 1" threadId="00000000025FDC00" bytes="1472088" />
</allocation-stats>
<gc-op id="215" type="scavenge" timems="0.726" contextid="212" timestamp="2019-06-15T03:38:41.853">
  <scavenger-info tenureage="3" tenuremask="7fe8" tiltratio="79" />
  <memory-copied type="nursery" objects="6389" bytes="364976" bytesdiscarded="93344" />
  <memory-copied type="tenure" objects="1969" bytes="110264" bytesdiscarded="16" />
  <copy-failed type="nursery" objects="319" bytes="9240" />
  <finalization candidates="7" enqueued="0" />
  <ownableSynchronizers candidates="4" cleared="0" />
  <references type="soft" candidates="28" cleared="0" enqueued="0" dynamicThreshold="27" maxThreshold="32" />
  <references type="weak" candidates="255" cleared="39" enqueued="32" />
  <references type="phantom" candidates="8" cleared="3" enqueued="3" />
</gc-op>
<gc-end id="216" type="scavenge" contextid="212" durationms="0.885" usertimems="0.000" systemtimems="0.000" timestamp="2019-06-15T03:38:41.853" activeThreads="4">
  <mem-info id="217" free="5607512" total="8519680" percent="65">
    <mem type="nursery" free="1310720" total="2228224" percent="58">
      <mem type="allocate" free="1310720" total="1769472" percent="74" />
      <mem type="survivor" free="0" total="458752" percent="0" />
    </mem>
    <mem type="tenure" free="4296792" total="6291456" percent="68">
      <mem type="soa" free="3982424" total="5977088" percent="66" />
      <mem type="loa" free="314368" total="314368" percent="100" />
    </mem>
    <pending-finalizers system="0" default="0" reference="35" classloader="0" />
    <remembered-set count="1521" />
  </mem-info>
</gc-end>
<cycle-end id="218" type="scavenge" contextid="212" timestamp="2019-06-15T03:38:41.853" />
  <attribute name="elasticGC enabled" value="1" />
  <attribute name= "numThreadsSpecified" value="4" />
  <attribute name="heapSize specified" value="8388608" />
  <attribute name="Current GC Util" value="5" />
  <attribute name= "Current Time Running" value="943" />
  <attribute name ="GC Interval" value="200" />
  <attribute name="ProportionalT" value="-7.500000" />
  <attribute name="ProportionalI" value="-7.500000" />
  <attribute name="ProportionalH" value="-7.500000" />
  <attribute name="Current Error" value="-15.000000" />
  <attribute name="IntegralT" value="-705.000000" />
  <attribute name="IntegralI" value="-705.000000" />
  <attribute name="IntegralH" value="-705.000000" />
  <attribute name="DerivativeT" value="-0.478723" />
  <attribute name="DerivativeI" value="-0.478723" />
  <attribute name="DerivativeH" value="-0.478723" />
  <attribute name="Loop Time for DT" value="47.000000" />
  <attribute name="Output H" value="2092630016"/>
  <attribute name="Output I" value="200"/>
  <attribute name="Output T" value="4"/>
  <attribute name="Target GC Util Change" value ="20.000000" />
  <attribute name="Current GC Util Change" value="5.000000"/>
  <attribute name="GC Util currently" value="5" />
  <attribute name="CPU Util currently" value="10" />
<allocation-satisfied id="219" threadId="00000000025FDC00" bytesRequested="7176" />
<af-end id="220" timestamp="2019-06-15T03:38:41.853" threadId="00000000025FE588" success="true" from="nursery"/>
<exclusive-end id="221" timestamp="2019-06-15T03:38:41.853" durationms="1.285" />

<exclusive-start id="222" timestamp="2019-06-15T03:38:41.890" intervalms="37.635">
  <response-info timems="0.066" idlems="0.066" threads="0" lastid="00000000025FDC00" lastname="PmdThread 1" />
</exclusive-start>
<af-start id="223" threadId="00000000025FE588" totalBytesRequested="32" timestamp="2019-06-15T03:38:41.890" intervalms="37.662" type="nursery" />
<cycle-start id="224" type="scavenge" contextid="0" timestamp="2019-06-15T03:38:41.890" intervalms="37.704" />
<gc-start id="225" type="scavenge" contextid="224" timestamp="2019-06-15T03:38:41.890">
  <mem-info id="226" free="4282128" total="8519680" percent="50">
    <mem type="nursery" free="0" total="2228224" percent="0">
      <mem type="allocate" free="0" total="1769472" percent="0" />
      <mem type="survivor" free="0" total="458752" percent="0" />
    </mem>
    <mem type="tenure" free="4282128" total="6291456" percent="68">
      <mem type="soa" free="3967760" total="5977088" percent="66" />
      <mem type="loa" free="314368" total="314368" percent="100" />
    </mem>
    <remembered-set count="1701" />
  </mem-info>
</gc-start>
<allocation-stats totalBytes="1323952" >
  <allocated-bytes non-tlh="21840" tlh="1302112" />
  <largest-consumer threadName="PmdThread 1" threadId="00000000025FDC00" bytes="1319856" />
</allocation-stats>
<gc-op id="227" type="scavenge" timems="0.795" contextid="224" timestamp="2019-06-15T03:38:41.891">
  <scavenger-info tenureage="3" tenuremask="7fe8" tiltratio="79" />
  <memory-copied type="nursery" objects="9637" bytes="336176" bytesdiscarded="121824" />
  <memory-copied type="tenure" objects="1773" bytes="153304" bytesdiscarded="72" />
  <finalization candidates="2" enqueued="0" />
  <ownableSynchronizers candidates="4" cleared="0" />
  <references type="soft" candidates="28" cleared="0" enqueued="0" dynamicThreshold="27" maxThreshold="32" />
  <references type="weak" candidates="66" cleared="0" enqueued="0" />
  <references type="phantom" candidates="4" cleared="0" enqueued="0" />
</gc-op>
<gc-end id="228" type="scavenge" contextid="224" durationms="1.073" usertimems="4.000" systemtimems="0.000" timestamp="2019-06-15T03:38:41.891" activeThreads="4">
  <mem-info id="229" free="5352464" total="8519680" percent="62">
    <mem type="nursery" free="1310720" total="2228224" percent="58">
      <mem type="allocate" free="1310720" total="1769472" percent="74" />
      <mem type="survivor" free="0" total="458752" percent="0" />
    </mem>
    <mem type="tenure" free="4041744" total="6291456" percent="64">
      <mem type="soa" free="3727376" total="5977088" percent="62" />
      <mem type="loa" free="314368" total="314368" percent="100" />
    </mem>
    <remembered-set count="1510" />
  </mem-info>
</gc-end>
<cycle-end id="230" type="scavenge" contextid="224" timestamp="2019-06-15T03:38:41.891" />
  <attribute name="elasticGC enabled" value="1" />
  <attribute name= "numThreadsSpecified" value="4" />
  <attribute name="heapSize specified" value="8388608" />
  <attribute name="Current GC Util" value="3" />
  <attribute name= "Current Time Running" value="981" />
  <attribute name ="GC Interval" value="200" />
  <attribute name="ProportionalT" value="-8.500000" />
  <attribute name="ProportionalI" value="-8.500000" />
  <attribute name="ProportionalH" value="-8.500000" />
  <attribute name="Current Error" value="-17.000000" />
  <attribute name="IntegralT" value="-646.000000" />
  <attribute name="IntegralI" value="-646.000000" />
  <attribute name="IntegralH" value="-646.000000" />
  <attribute name="DerivativeT" value="-0.671053" />
  <attribute name="DerivativeI" value="-0.671053" />
  <attribute name="DerivativeH" value="-0.671053" />
  <attribute name="Loop Time for DT" value="38.000000" />
  <attribute name="Output H" value="2092630016"/>
  <attribute name="Output I" value="200"/>
  <attribute name="Output T" value="4"/>
  <attribute name="Target GC Util Change" value ="20.000000" />
  <attribute name="Current GC Util Change" value="3.000000"/>
  <attribute name="GC Util currently" value="3" />
  <attribute name="CPU Util currently" value="121928670054" />
<allocation-satisfied id="231" threadId="00000000025FDC00" bytesRequested="32" />
<af-end id="232" timestamp="2019-06-15T03:38:41.891" threadId="00000000025FE588" success="true" from="nursery"/>
<exclusive-end id="233" timestamp="2019-06-15T03:38:41.891" durationms="1.650" />

<exclusive-start id="234" timestamp="2019-06-15T03:38:42.090" intervalms="199.794">
  <response-info timems="0.027" idlems="0.027" threads="0" lastid="00000000022ED700" lastname="main" />
</exclusive-start>
<af-start id="235" threadId="00000000022EE088" totalBytesRequested="176" timestamp="2019-06-15T03:38:42.090" intervalms="199.756" type="nursery" />
<cycle-start id="236" type="scavenge" contextid="0" timestamp="2019-06-15T03:38:42.090" intervalms="199.713" />
<gc-start id="237" type="scavenge" contextid="236" timestamp="2019-06-15T03:38:42.090">
  <mem-info id="238" free="3988216" total="8519680" percent="46">
    <mem type="nursery" free="0" total="2228224" percent="0">
      <mem type="allocate" free="0" total="1769472" percent="0" />
      <mem type="survivor" free="0" total="458752" percent="0" />
    </mem>
    <mem type="tenure" free="3988216" total="6291456" percent="63">
      <mem type="soa" free="3673848" total="5977088" percent="61" />
      <mem type="loa" free="314368" total="314368" percent="100" />
    </mem>
    <remembered-set count="2293" />
  </mem-info>
</gc-start>
<allocation-stats totalBytes="1362736" >
  <allocated-bytes non-tlh="53560" tlh="1309176" />
  <largest-consumer threadName="main" threadId="00000000022ED700" bytes="678088" />
</allocation-stats>
<gc-op id="239" type="scavenge" timems="1.266" contextid="236" timestamp="2019-06-15T03:38:42.091">
  <scavenger-info tenureage="3" tenuremask="7fe8" tiltratio="79" />
  <memory-copied type="nursery" objects="12479" bytes="384016" bytesdiscarded="73872" />
  <memory-copied type="tenure" objects="1110" bytes="100112" bytesdiscarded="8" />
  <finalization candidates="7" enqueued="0" />
  <references type="soft" candidates="133" cleared="0" enqueued="0" dynamicThreshold="27" maxThreshold="32" />
  <references type="weak" candidates="110" cleared="23" enqueued="21" />
  <references type="phantom" candidates="8" cleared="2" enqueued="2" />
</gc-op>
<gc-end id="240" type="scavenge" contextid="236" durationms="1.425" usertimems="0.000" systemtimems="0.000" timestamp="2019-06-15T03:38:42.091" activeThreads="4">
  <mem-info id="241" free="5210584" total="8519680" percent="61">
    <mem type="nursery" free="1310720" total="2228224" percent="58">
      <mem type="allocate" free="1310720" total="1769472" percent="74" />
      <mem type="survivor" free="0" total="458752" percent="0" />
    </mem>
    <mem type="tenure" free="3899864" total="6291456" percent="61">
      <mem type="soa" free="3585496" total="5977088" percent="59" />
      <mem type="loa" free="314368" total="314368" percent="100" />
    </mem>
    <pending-finalizers system="0" default="0" reference="23" classloader="0" />
    <remembered-set count="1258" />
  </mem-info>
</gc-end>
<cycle-end id="242" type="scavenge" contextid="236" timestamp="2019-06-15T03:38:42.091" />
  <attribute name="elasticGC enabled" value="1" />
  <attribute name= "numThreadsSpecified" value="4" />
  <attribute name="heapSize specified" value="8388608" />
  <attribute name="Current GC Util" value="0" />
  <attribute name= "Current Time Running" value="1181" />
  <attribute name ="GC Interval" value="200" />
  <attribute name="ProportionalT" value="-10.000000" />
  <attribute name="ProportionalI" value="-10.000000" />
  <attribute name="ProportionalH" value="-10.000000" />
  <attribute name="Current Error" value="-20.000000" />
  <attribute name="IntegralT" value="-4000.000000" />
  <attribute name="IntegralI" value="-4000.000000" />
  <attribute name="IntegralH" value="-4000.000000" />
  <attribute name="DerivativeT" value="-0.150000" />
  <attribute name="DerivativeI" value="-0.150000" />
  <attribute name="DerivativeH" value="-0.150000" />
  <attribute name="Loop Time for DT" value="200.000000" />
  <attribute name="Output H" value="2092630016"/>
  <attribute name="Output I" value="200"/>
  <attribute name="Output T" value="4"/>
  <attribute name="Target GC Util Change" value ="20.000000" />
  <attribute name="Current GC Util Change" value="0.000000"/>
  <attribute name="GC Util currently" value="0" />
  <attribute name="CPU Util currently" value="7" />
<allocation-satisfied id="243" threadId="00000000022ED700" bytesRequested="176" />
<af-end id="244" timestamp="2019-06-15T03:38:42.091" threadId="00000000022EE088" success="true" from="nursery"/>
<exclusive-end id="245" timestamp="2019-06-15T03:38:42.091" durationms="1.807" />

</verbosegc>

