<?xml version="1.0" ?>

<verbosegc xmlns="http://www.ibm.com/j9/verbosegc" version="10b4217_CMPRSS">

<initialized id="1" timestamp="2019-06-17T05:50:14.478">
  <attribute name="gcPolicy" value="-Xgcpolicy:optavgpause" />
  <attribute name="elasticGC enabled" value="1" />
  <attribute name= "numThreadsSpecified" value="0" />
  <attribute name="heapSize specified" value="0" />
  <attribute name="Current GC Util" value="0" />
  <attribute name= "Current Time Running" value="0" />
  <attribute name ="GC Interval" value="0" />
  <attribute name="ProportionalT" value="0.000000" />
  <attribute name="ProportionalI" value="0.000000" />
  <attribute name="ProportionalH" value="0.000000" />
  <attribute name="IntegralT" value="0.000000" />
  <attribute name="IntegralI" value="0.000000" />
  <attribute name="IntegralH" value="0.000000" />
  <attribute name="DerivativeT" value="0.000000" />
  <attribute name="DerivativeI" value="0.000000" />
  <attribute name="DerivativeH" value="0.000000" />
  <attribute name="Target GC Util Change" value ="0.000000" />
  <attribute name="Current GC Util Change" value="0.000000"/>
  <attribute name="Current Error" value="0.000000" />
  <attribute name="Loop Time for DT" value="0.000000" />
  <attribute name="Output H" value="0"/>
  <attribute name="Output I" value="0"/>
  <attribute name="Output T" value="0"/>
  <attribute name="GC Util currently" value="0" />
  <attribute name="CPU Util currently" value="0" />
  <attribute name="maxHeapSize" value="0x7cbc0000" />
  <attribute name="initialHeapSize" value="0x800000" />
  <attribute name="compressedRefs" value="true" />
  <attribute name="compressedRefsDisplacement" value="0x0" />
  <attribute name="compressedRefsShift" value="0x0" />
  <attribute name="pageSize" value="0x1000" />
  <attribute name="pageType" value="not used" />
  <attribute name="requestedPageSize" value="0x1000" />
  <attribute name="requestedPageType" value="not used" />
  <attribute name="gcthreads" value="4" />
  <attribute name="packetListSplit" value="4" />
  <attribute name="cacheListSplit" value="4" />
  <attribute name="splitFreeListSplitAmount" value="1" />
  <attribute name="numaNodes" value="0" />
  <system>
    <attribute name="physicalMemory" value="8370962432" />
    <attribute name="numCPUs" value="4" />
    <attribute name="architecture" value="amd64" />
    <attribute name="os" value="Linux" />
    <attribute name="osVersion" value="4.4.0-148-generic" />
  </system>
  <vmargs>
    <vmarg name="-Xoptionsfile=/vagrant/jdk/lib/options.default" />
    <vmarg name="-Xlockword:mode=default,noLockword=java/lang/String,noLockword=java/util/MapEntry,noLockword=java/util/HashMap$Entry,noLockword..." />
    <vmarg name="-Xjcl:jclse29" />
    <vmarg name="-Dcom.ibm.oti.vm.bootstrap.library.path=/vagrant/jdk/lib/compressedrefs:/vagrant/jdk/lib" />
    <vmarg name="-Dsun.boot.library.path=/vagrant/jdk/lib/compressedrefs:/vagrant/jdk/lib" />
    <vmarg name="-Djava.library.path=/vagrant/jdk/lib/compressedrefs:/vagrant/jdk/lib:/usr/lib64:/usr/lib" />
    <vmarg name="-Djava.home=/vagrant/jdk" />
    <vmarg name="-Duser.dir=/vagrant" />
    <vmarg name="-Xgcpolicy:optavgpause" />
    <vmarg name="-Xgcelastic" />
    <vmarg name="-Xcheck:gc:::elasticGC" />
    <vmarg name="-verbose:gc" />
    <vmarg name="-Xloggc:small-OPTAVGPAUSE-jdk-1-1-1-verbose3xalan.txt" />
    <vmarg name="-Djava.class.path=dacapo-9.12-MR1-bach.jar" />
    <vmarg name="-Dsun.java.command=dacapo-9.12-MR1-bach.jar xalan --size=small" />
    <vmarg name="-Dsun.java.launcher=SUN_STANDARD" />
    <vmarg name="-Dsun.java.launcher.pid=9111" />
  </vmargs>
</initialized>

<exclusive-start id="2" timestamp="2019-06-17T05:50:14.968" intervalms="490.459">
  <response-info timems="0.020" idlems="0.020" threads="0" lastid="00000000023AB700" lastname="main" />
</exclusive-start>
<af-start id="3" threadId="00000000023AC088" totalBytesRequested="88" timestamp="2019-06-17T05:50:14.969" intervalms="490.646" />
<cycle-start id="4" type="global" contextid="0" timestamp="2019-06-17T05:50:14.969" intervalms="490.894" />
<gc-start id="5" type="global" contextid="4" timestamp="2019-06-17T05:50:14.969">
  <mem-info id="6" free="418816" total="8388608" percent="4">
    <mem type="tenure" free="418816" total="8388608" percent="4">
      <mem type="soa" free="0" total="7969792" percent="0" />
      <mem type="loa" free="418816" total="418816" percent="100" />
    </mem>
  </mem-info>
</gc-start>
<allocation-stats totalBytes="7882544" >
  <allocated-bytes non-tlh="758040" tlh="7124504" />
  <largest-consumer threadName="main" threadId="00000000023AB700" bytes="7806024" />
</allocation-stats>
<gc-op id="7" type="mark" timems="1.933" contextid="4" timestamp="2019-06-17T05:50:14.971">
  <trace-info objectcount="21473" scancount="17496" scanbytes="560712" />
  <finalization candidates="15" enqueued="1" />
  <references type="soft" candidates="74" cleared="0" enqueued="0" dynamicThreshold="32" maxThreshold="32" />
  <references type="weak" candidates="575" cleared="432" enqueued="393" />
  <references type="phantom" candidates="127" cleared="44" enqueued="44" />
  <stringconstants candidates="2930" cleared="0"  />
</gc-op>
<gc-op id="8" type="sweep" timems="0.719" contextid="4" timestamp="2019-06-17T05:50:14.972" />
<mem-info id="9" free="6520504" total="8388608" percent="77">
  <mem type="tenure" free="6520504" total="8388608" percent="77" micro-fragmented="233603">
    <mem type="soa" free="6101688" total="7969792" percent="76" />
    <mem type="loa" free="418816" total="418816" percent="100" />
  </mem>
  <pending-finalizers system="1" default="0" reference="437" classloader="0" />
</mem-info>
<gc-op id="10" type="compact" timems="4.457" contextid="4" timestamp="2019-06-17T05:50:14.977">
  <compact-info movecount="21472" movebytes="1537632" reason="compact to aid heap contraction" />
</gc-op>
<heap-resize id="11" type="expand" space="tenure" amount="2084241408" count="1" timems="0.208" reason="satisfy allocation request" timestamp="2019-06-17T05:50:14.977" />
<gc-end id="12" type="global" contextid="4" durationms="8.041" usertimems="4.000" systemtimems="4.000" timestamp="2019-06-17T05:50:14.977" activeThreads="4">
  <mem-info id="13" free="2091092208" total="2092630016" percent="99">
    <mem type="tenure" free="2091092208" total="2092630016" percent="99">
      <mem type="soa" free="1986460912" total="1987998720" percent="99" />
      <mem type="loa" free="104631296" total="104631296" percent="100" />
    </mem>
    <pending-finalizers system="1" default="0" reference="437" classloader="0" />
  </mem-info>
</gc-end>
<cycle-end id="14" type="global" contextid="4" timestamp="2019-06-17T05:50:14.977" />
  <attribute name="elasticGC enabled" value="1" />
  <attribute name= "numThreadsSpecified" value="4" />
  <attribute name="heapSize specified" value="8388608" />
  <attribute name="Current GC Util" value="33" />
  <attribute name= "Current Time Running" value="385" />
  <attribute name ="GC Interval" value="0" />
  <attribute name="ProportionalT" value="13.000000" />
  <attribute name="ProportionalI" value="13.000000" />
  <attribute name="ProportionalH" value="13.000000" />
  <attribute name="Current Error" value="13.000000" />
  <attribute name="IntegralT" value="-7369.000000" />
  <attribute name="IntegralI" value="-7369.000000" />
  <attribute name="IntegralH" value="-7369.000000" />
  <attribute name="DerivativeT" value="2.600000" />
  <attribute name="DerivativeI" value="2.600000" />
  <attribute name="DerivativeH" value="2.600000" />
  <attribute name="Loop Time for DT" value="5.000000" />
  <attribute name="Output H" value="2092630016"/>
  <attribute name="Output I" value="200"/>
  <attribute name="Output T" value="4"/>
  <attribute name="Target GC Util Change" value ="20.000000" />
  <attribute name="Current GC Util Change" value="33.000000"/>
  <attribute name="GC Util currently" value="33" />
  <attribute name="CPU Util currently" value="1020728037212" />
<allocation-satisfied id="15" threadId="00000000023AB700" bytesRequested="88" />
<af-end id="16" timestamp="2019-06-17T05:50:14.977" threadId="00000000023AC088" success="true" />
<exclusive-end id="17" timestamp="2019-06-17T05:50:14.977" durationms="8.909" />

<exclusive-start id="18" timestamp="2019-06-17T05:50:15.175" intervalms="206.334">
  <response-info timems="0.056" idlems="0.056" threads="0" lastid="00000000023AB700" lastname="main" />
</exclusive-start>
<sys-start reason="explicit" id="19" timestamp="2019-06-17T05:50:15.175" intervalms="696.875" />
<cycle-start id="20" type="global" contextid="0" timestamp="2019-06-17T05:50:15.175" intervalms="206.069" />
<gc-start id="21" type="global" contextid="20" timestamp="2019-06-17T05:50:15.175">
  <mem-info id="22" free="2084966616" total="2092630016" percent="99">
    <mem type="tenure" free="2084966616" total="2092630016" percent="99">
      <mem type="soa" free="1980335320" total="1987998720" percent="99" />
      <mem type="loa" free="104631296" total="104631296" percent="100" />
    </mem>
  </mem-info>
</gc-start>
<allocation-stats totalBytes="6092120" >
  <allocated-bytes non-tlh="137328" tlh="5954792" />
  <largest-consumer threadName="main" threadId="00000000023AB700" bytes="6071904" />
</allocation-stats>
<gc-op id="23" type="mark" timems="9.409" contextid="20" timestamp="2019-06-17T05:50:15.185">
  <trace-info objectcount="29514" scancount="23883" scanbytes="871144" />
  <finalization candidates="15" enqueued="0" />
  <references type="soft" candidates="133" cleared="0" enqueued="0" dynamicThreshold="31" maxThreshold="32" />
  <references type="weak" candidates="178" cleared="33" enqueued="33" />
  <references type="phantom" candidates="85" cleared="2" enqueued="2" />
  <stringconstants candidates="3535" cleared="22"  />
</gc-op>
<gc-op id="24" type="classunload" timems="0.044" contextid="20" timestamp="2019-06-17T05:50:15.185">
  <classunload-info classloadercandidates="19" classloadersunloaded="0" classesunloaded="0" anonymousclassesunloaded="0" quiescems="0.000" setupms="0.044" scanms="0.000" postms="0.000" />
</gc-op>
<gc-op id="25" type="sweep" timems="1.961" contextid="20" timestamp="2019-06-17T05:50:15.187" />
<mem-info id="26" free="2090303248" total="2092630016" percent="99">
  <mem type="tenure" free="2090303248" total="2092630016" percent="99" micro-fragmented="213757">
    <mem type="soa" free="1985671952" total="1987998720" percent="99" />
    <mem type="loa" free="104631296" total="104631296" percent="100" />
  </mem>
  <pending-finalizers system="0" default="0" reference="35" classloader="0" />
</mem-info>
<gc-op id="27" type="compact" timems="13.836" contextid="20" timestamp="2019-06-17T05:50:15.201">
  <compact-info movecount="28766" movebytes="1934568" reason="compact to aid heap contraction" />
</gc-op>
<gc-end id="28" type="global" contextid="20" durationms="26.048" usertimems="32.000" systemtimems="12.000" timestamp="2019-06-17T05:50:15.201" activeThreads="4">
  <mem-info id="29" free="2090674536" total="2092630016" percent="99">
    <mem type="tenure" free="2090674536" total="2092630016" percent="99">
      <mem type="soa" free="1986043240" total="1987998720" percent="99" />
      <mem type="loa" free="104631296" total="104631296" percent="100" />
    </mem>
    <pending-finalizers system="0" default="0" reference="35" classloader="0" />
  </mem-info>
</gc-end>
<cycle-end id="30" type="global" contextid="20" timestamp="2019-06-17T05:50:15.201" />
  <attribute name="elasticGC enabled" value="1" />
  <attribute name= "numThreadsSpecified" value="4" />
  <attribute name="heapSize specified" value="2092630016" />
  <attribute name="Current GC Util" value="106" />
  <attribute name= "Current Time Running" value="609" />
  <attribute name ="GC Interval" value="0" />
  <attribute name="ProportionalT" value="86.000000" />
  <attribute name="ProportionalI" value="86.000000" />
  <attribute name="ProportionalH" value="86.000000" />
  <attribute name="Current Error" value="86.000000" />
  <attribute name="IntegralT" value="1204.000000" />
  <attribute name="IntegralI" value="1204.000000" />
  <attribute name="IntegralH" value="1204.000000" />
  <attribute name="DerivativeT" value="6.142857" />
  <attribute name="DerivativeI" value="6.142857" />
  <attribute name="DerivativeH" value="6.142857" />
  <attribute name="Loop Time for DT" value="14.000000" />
  <attribute name="Output H" value="8388608"/>
  <attribute name="Output I" value="1296"/>
  <attribute name="Output T" value="4"/>
  <attribute name="Target GC Util Change" value ="20.000000" />
  <attribute name="Current GC Util Change" value="106.000000"/>
  <attribute name="GC Util currently" value="106" />
  <attribute name="CPU Util currently" value="330477078726" />
<sys-end id="31" timestamp="2019-06-17T05:50:15.201" />
<exclusive-end id="32" timestamp="2019-06-17T05:50:15.201" durationms="26.580" />

</verbosegc>

