<?xml version="1.0" ?>

<verbosegc xmlns="http://www.ibm.com/j9/verbosegc" version="08cc62e_CMPRSS">

<initialized id="1" timestamp="2019-08-02T20:08:26.930">
  <attribute name="gcPolicy" value="-Xgcpolicy:gencon" />
  <attribute name="elasticGC enabled" value="1" />
  <attribute name= "numThreadsSpecified" value="0" />
  <attribute name="heapSize specified" value="0" />
  <attribute name= "numCores" value="0" />
  <attribute name ="GC Interval" value="0" />
  <attribute name="GC Util Range Max" value="0" />
  <attribute name="Current GC Util" value="0" />
  <attribute name= "Current Time Running" value="0" />
  <attribute name="maxHeapSize" value="0x7cba0000" />
  <attribute name="initialHeapSize" value="0x800000" />
  <attribute name="compressedRefs" value="true" />
  <attribute name="compressedRefsDisplacement" value="0x0" />
  <attribute name="compressedRefsShift" value="0x0" />
  <attribute name="pageSize" value="0x1000" />
  <attribute name="pageType" value="not used" />
  <attribute name="requestedPageSize" value="0x1000" />
  <attribute name="requestedPageType" value="not used" />
  <attribute name="gcthreads" value="8" />
  <attribute name="gcthreads Concurrent Mark" value="1" />
  <attribute name="packetListSplit" value="8" />
  <attribute name="cacheListSplit" value="8" />
  <attribute name="splitFreeListSplitAmount" value="1" />
  <attribute name="numaNodes" value="0" />
  <system>
    <attribute name="physicalMemory" value="8370401280" />
    <attribute name="numCPUs" value="8" />
    <attribute name="architecture" value="amd64" />
    <attribute name="os" value="Linux" />
    <attribute name="osVersion" value="4.4.0-154-generic" />
  </system>
  <vmargs>
    <vmarg name="-Xoptionsfile=/vagrant/jdk/lib/options.default" />
    <vmarg name="-Xlockword:mode=default,noLockword=java/lang/String,noLockword=java/util/MapEntry,noLockword=java/util/HashMap$Entry,noLockword..." />
    <vmarg name="-Xjcl:jclse29" />
    <vmarg name="-Dcom.ibm.oti.vm.bootstrap.library.path=/vagrant/jdk/lib/compressedrefs:/vagrant/jdk/lib" />
    <vmarg name="-Dsun.boot.library.path=/vagrant/jdk/lib/compressedrefs:/vagrant/jdk/lib" />
    <vmarg name="-Djava.library.path=/vagrant/jdk/lib/compressedrefs:/vagrant/jdk/lib:/usr/lib64:/usr/lib" />
    <vmarg name="-Djava.home=/vagrant/jdk" />
    <vmarg name="-Duser.dir=/vagrant" />
    <vmarg name="-Xgcelastic" />
    <vmarg name="-Xcheck:gc:::elasticGC" />
    <vmarg name="-verbose:gc" />
    <vmarg name="-Xloggc:jdkB-small-GEN-8core-verbose9xalan.txt" />
    <vmarg name="-Djava.class.path=dacapo-9.12-MR1-bach.jar" />
    <vmarg name="-Dsun.java.command=dacapo-9.12-MR1-bach.jar xalan --size=small" />
    <vmarg name="-Dsun.java.launcher=SUN_STANDARD" />
    <vmarg name="-Dsun.java.launcher.pid=15278" />
  </vmargs>
</initialized>

<exclusive-start id="2" timestamp="2019-08-02T20:08:27.125" intervalms="193.920">
  <response-info timems="0.017" idlems="0.017" threads="0" lastid="000000000196CA00" lastname="main" />
</exclusive-start>
<af-start id="3" threadId="000000000196D388" totalBytesRequested="7184" timestamp="2019-08-02T20:08:27.125" intervalms="194.330" type="nursery" />
<cycle-start id="4" type="scavenge" contextid="0" timestamp="2019-08-02T20:08:27.125" intervalms="194.604" />
<gc-start id="5" type="scavenge" contextid="4" timestamp="2019-08-02T20:08:27.125">
  <mem-info id="6" free="6062624" total="8388608" percent="72">
    <mem type="nursery" free="0" total="2097152" percent="0">
      <mem type="allocate" free="0" total="1048576" percent="0" />
      <mem type="survivor" free="0" total="1048576" percent="0" />
    </mem>
    <mem type="tenure" free="6062624" total="6291456" percent="96">
      <mem type="soa" free="5748256" total="5977088" percent="96" />
      <mem type="loa" free="314368" total="314368" percent="100" />
    </mem>
    <remembered-set count="3161" />
  </mem-info>
</gc-start>
<allocation-stats totalBytes="1272320" >
  <allocated-bytes non-tlh="344784" tlh="927536" />
  <largest-consumer threadName="main" threadId="000000000196CA00" bytes="1179368" />
</allocation-stats>
<gc-op id="7" type="scavenge" timems="2.309" contextid="4" timestamp="2019-08-02T20:08:27.128">
  <scavenger-info tenureage="2" tenuremask="fffc" tiltratio="50" />
  <memory-copied type="nursery" objects="10594" bytes="471056" bytesdiscarded="184808" />
  <finalization candidates="11" enqueued="0" />
  <references type="soft" candidates="62" cleared="0" enqueued="0" dynamicThreshold="32" maxThreshold="32" />
  <references type="weak" candidates="307" cleared="176" enqueued="140" />
  <references type="phantom" candidates="22" cleared="5" enqueued="5" />
</gc-op>
<gc-end id="8" type="scavenge" contextid="4" durationms="2.771" usertimems="0.000" systemtimems="4.000" timestamp="2019-08-02T20:08:27.128" activeThreads="8">
  <mem-info id="9" free="6453216" total="8388608" percent="76">
    <mem type="nursery" free="390592" total="2097152" percent="18">
      <mem type="allocate" free="390592" total="1048576" percent="37" />
      <mem type="survivor" free="0" total="1048576" percent="0" />
    </mem>
    <mem type="tenure" free="6062624" total="6291456" percent="96">
      <mem type="soa" free="5748256" total="5977088" percent="96" />
      <mem type="loa" free="314368" total="314368" percent="100" />
    </mem>
    <pending-finalizers system="0" default="0" reference="145" classloader="0" />
    <remembered-set count="3161" />
  </mem-info>
</gc-end>
<cycle-end id="10" type="scavenge" contextid="4" timestamp="2019-08-02T20:08:27.128" />
  <attribute name="elasticGC enabled" value="1" />
  <attribute name= "numThreadsSpecified" value="0" />
  <attribute name="heapSize specified" value="0" />
  <attribute name= "numCores" value="8" />
  <attribute name ="GC Interval" value="0" />
  <attribute name ="Control flow" value="2" />
  <attribute name="GC Util Range Max" value="10" />
  <attribute name="Current GC Util" value="0" />
  <attribute name= "Current Time Running" value="0" />
<allocation-satisfied id="11" threadId="000000000196CA00" bytesRequested="7184" />
<af-end id="12" timestamp="2019-08-02T20:08:27.129" threadId="000000000196D388" success="true" from="nursery"/>
<exclusive-end id="13" timestamp="2019-08-02T20:08:27.129" durationms="4.296" />

<exclusive-start id="14" timestamp="2019-08-02T20:08:27.145" intervalms="20.661">
  <response-info timems="0.068" idlems="0.068" threads="0" lastid="000000000196CA00" lastname="main" />
</exclusive-start>
<af-start id="15" threadId="000000000196D388" totalBytesRequested="112" timestamp="2019-08-02T20:08:27.145" intervalms="20.380" type="nursery" />
<cycle-start id="16" type="scavenge" contextid="0" timestamp="2019-08-02T20:08:27.145" intervalms="20.220" />
<gc-start id="17" type="scavenge" contextid="16" timestamp="2019-08-02T20:08:27.145">
  <mem-info id="18" free="6054976" total="8388608" percent="72">
    <mem type="nursery" free="0" total="2097152" percent="0">
      <mem type="allocate" free="0" total="1048576" percent="0" />
      <mem type="survivor" free="0" total="1048576" percent="0" />
    </mem>
    <mem type="tenure" free="6054976" total="6291456" percent="96">
      <mem type="soa" free="5740608" total="5977088" percent="96" />
      <mem type="loa" free="314368" total="314368" percent="100" />
    </mem>
    <remembered-set count="3261" />
  </mem-info>
</gc-start>
<allocation-stats totalBytes="396680" >
  <allocated-bytes non-tlh="14832" tlh="381848" />
  <largest-consumer threadName="main" threadId="000000000196CA00" bytes="384704" />
</allocation-stats>
<gc-op id="19" type="scavenge" timems="0.820" contextid="16" timestamp="2019-08-02T20:08:27.146">
  <scavenger-info tenureage="5" tenuremask="7fe0" tiltratio="50" />
  <memory-copied type="nursery" objects="10914" bytes="486264" bytesdiscarded="100832" />
  <finalization candidates="11" enqueued="0" />
  <references type="soft" candidates="62" cleared="0" enqueued="0" dynamicThreshold="32" maxThreshold="32" />
  <references type="weak" candidates="236" cleared="92" enqueued="89" />
  <references type="phantom" candidates="37" cleared="12" enqueued="12" />
</gc-op>
<gc-end id="20" type="scavenge" contextid="16" durationms="1.036" usertimems="4.000" systemtimems="0.000" timestamp="2019-08-02T20:08:27.146" activeThreads="8">
  <mem-info id="21" free="6514968" total="8388608" percent="77">
    <mem type="nursery" free="459992" total="2097152" percent="21">
      <mem type="allocate" free="459992" total="1048576" percent="43" />
      <mem type="survivor" free="0" total="1048576" percent="0" />
    </mem>
    <mem type="tenure" free="6054976" total="6291456" percent="96">
      <mem type="soa" free="5740608" total="5977088" percent="96" />
      <mem type="loa" free="314368" total="314368" percent="100" />
    </mem>
    <pending-finalizers system="0" default="0" reference="101" classloader="0" />
    <remembered-set count="3261" />
  </mem-info>
</gc-end>
<cycle-end id="22" type="scavenge" contextid="16" timestamp="2019-08-02T20:08:27.147" />
  <attribute name="elasticGC enabled" value="1" />
  <attribute name= "numThreadsSpecified" value="0" />
  <attribute name="heapSize specified" value="0" />
  <attribute name= "numCores" value="8" />
  <attribute name ="GC Interval" value="0" />
  <attribute name ="Control flow" value="2" />
  <attribute name="GC Util Range Max" value="23" />
  <attribute name="Current GC Util" value="23" />
  <attribute name= "Current Time Running" value="19" />
<allocation-satisfied id="23" threadId="000000000196CA00" bytesRequested="112" />
<af-end id="24" timestamp="2019-08-02T20:08:27.147" threadId="000000000196D388" success="true" from="nursery"/>
<exclusive-end id="25" timestamp="2019-08-02T20:08:27.147" durationms="1.623" />

<exclusive-start id="26" timestamp="2019-08-02T20:08:27.166" intervalms="20.562">
  <response-info timems="0.071" idlems="0.071" threads="0" lastid="000000000196CA00" lastname="main" />
</exclusive-start>
<af-start id="27" threadId="000000000196D388" totalBytesRequested="16392" timestamp="2019-08-02T20:08:27.166" intervalms="20.595" type="nursery" />
<cycle-start id="28" type="scavenge" contextid="0" timestamp="2019-08-02T20:08:27.166" intervalms="20.619" />
<gc-start id="29" type="scavenge" contextid="28" timestamp="2019-08-02T20:08:27.166">
  <mem-info id="30" free="6052200" total="8388608" percent="72">
    <mem type="nursery" free="0" total="2097152" percent="0">
      <mem type="allocate" free="0" total="1048576" percent="0" />
      <mem type="survivor" free="0" total="1048576" percent="0" />
    </mem>
    <mem type="tenure" free="6052200" total="6291456" percent="96">
      <mem type="soa" free="5737832" total="5977088" percent="95" />
      <mem type="loa" free="314368" total="314368" percent="100" />
    </mem>
    <remembered-set count="3295" />
  </mem-info>
</gc-start>
<allocation-stats totalBytes="446224" >
  <allocated-bytes non-tlh="2888" tlh="443336" />
  <largest-consumer threadName="main" threadId="000000000196CA00" bytes="438032" />
</allocation-stats>
<gc-op id="31" type="scavenge" timems="0.985" contextid="28" timestamp="2019-08-02T20:08:27.167">
  <scavenger-info tenureage="4" tenuremask="7ff0" tiltratio="50" />
  <memory-copied type="nursery" objects="10932" bytes="522920" bytesdiscarded="79392" />
  <finalization candidates="11" enqueued="0" />
  <references type="soft" candidates="62" cleared="0" enqueued="0" dynamicThreshold="32" maxThreshold="32" />
  <references type="weak" candidates="224" cleared="78" enqueued="78" />
  <references type="phantom" candidates="37" cleared="10" enqueued="10" />
</gc-op>
<gc-end id="32" type="scavenge" contextid="28" durationms="1.303" usertimems="0.000" systemtimems="4.000" timestamp="2019-08-02T20:08:27.167" activeThreads="8">
  <mem-info id="33" free="6496984" total="8388608" percent="77">
    <mem type="nursery" free="444784" total="2097152" percent="21">
      <mem type="allocate" free="444784" total="1048576" percent="42" />
      <mem type="survivor" free="0" total="1048576" percent="0" />
    </mem>
    <mem type="tenure" free="6052200" total="6291456" percent="96">
      <mem type="soa" free="5737832" total="5977088" percent="95" />
      <mem type="loa" free="314368" total="314368" percent="100" />
    </mem>
    <pending-finalizers system="0" default="0" reference="88" classloader="0" />
    <remembered-set count="1025" />
  </mem-info>
</gc-end>
<cycle-end id="34" type="scavenge" contextid="28" timestamp="2019-08-02T20:08:27.167" />
  <attribute name="elasticGC enabled" value="1" />
  <attribute name= "numThreadsSpecified" value="0" />
  <attribute name="heapSize specified" value="0" />
  <attribute name= "numCores" value="8" />
  <attribute name ="GC Interval" value="0" />
  <attribute name ="Control flow" value="2" />
  <attribute name="GC Util Range Max" value="23" />
  <attribute name="Current GC Util" value="7" />
  <attribute name= "Current Time Running" value="40" />
<allocation-satisfied id="35" threadId="000000000196CA00" bytesRequested="16392" />
<af-end id="36" timestamp="2019-08-02T20:08:27.168" threadId="000000000196D388" success="true" from="nursery"/>
<exclusive-end id="37" timestamp="2019-08-02T20:08:27.168" durationms="2.008" />

<exclusive-start id="38" timestamp="2019-08-02T20:08:27.328" intervalms="162.422">
  <response-info timems="0.031" idlems="0.031" threads="0" lastid="000000000196CA00" lastname="main" />
</exclusive-start>
<af-start id="39" threadId="000000000196D388" totalBytesRequested="48" timestamp="2019-08-02T20:08:27.328" intervalms="162.347" type="nursery" />
<cycle-start id="40" type="scavenge" contextid="0" timestamp="2019-08-02T20:08:27.328" intervalms="162.275" />
<gc-start id="41" type="scavenge" contextid="40" timestamp="2019-08-02T20:08:27.328">
  <mem-info id="42" free="6047800" total="8388608" percent="72">
    <mem type="nursery" free="0" total="2097152" percent="0">
      <mem type="allocate" free="0" total="1048576" percent="0" />
      <mem type="survivor" free="0" total="1048576" percent="0" />
    </mem>
    <mem type="tenure" free="6047800" total="6291456" percent="96">
      <mem type="soa" free="5733432" total="5977088" percent="95" />
      <mem type="loa" free="314368" total="314368" percent="100" />
    </mem>
    <remembered-set count="1099" />
  </mem-info>
</gc-start>
<allocation-stats totalBytes="449008" >
  <allocated-bytes non-tlh="20792" tlh="428216" />
  <largest-consumer threadName="main" threadId="000000000196CA00" bytes="449008" />
</allocation-stats>
<gc-op id="43" type="scavenge" timems="1.018" contextid="40" timestamp="2019-08-02T20:08:27.329">
  <scavenger-info tenureage="3" tenuremask="fff8" tiltratio="50" />
  <memory-copied type="nursery" objects="708" bytes="108976" bytesdiscarded="139208" />
  <memory-copied type="tenure" objects="10315" bytes="461984" bytesdiscarded="184" />
  <finalization candidates="13" enqueued="0" />
  <references type="soft" candidates="1" cleared="0" enqueued="0" dynamicThreshold="32" maxThreshold="32" />
  <references type="weak" candidates="73" cleared="58" enqueued="58" />
  <references type="phantom" candidates="23" cleared="13" enqueued="13" />
</gc-op>
<gc-end id="44" type="scavenge" contextid="40" durationms="1.215" usertimems="4.000" systemtimems="0.000" timestamp="2019-08-02T20:08:27.329" activeThreads="8">
  <mem-info id="45" free="6314216" total="8388608" percent="75">
    <mem type="nursery" free="800336" total="2097152" percent="38">
      <mem type="allocate" free="800336" total="1048576" percent="76" />
      <mem type="survivor" free="0" total="1048576" percent="0" />
    </mem>
    <mem type="tenure" free="5513880" total="6291456" percent="87">
      <mem type="soa" free="5199512" total="5977088" percent="86" />
      <mem type="loa" free="314368" total="314368" percent="100" />
    </mem>
    <pending-finalizers system="0" default="0" reference="71" classloader="0" />
    <remembered-set count="230" />
  </mem-info>
</gc-end>
<cycle-end id="46" type="scavenge" contextid="40" timestamp="2019-08-02T20:08:27.330" />
  <attribute name="elasticGC enabled" value="1" />
  <attribute name= "numThreadsSpecified" value="0" />
  <attribute name="heapSize specified" value="0" />
  <attribute name= "numCores" value="8" />
  <attribute name ="GC Interval" value="1900" />
  <attribute name ="Control flow" value="2" />
  <attribute name="GC Util Range Max" value="23" />
  <attribute name="Current GC Util" value="1" />
  <attribute name= "Current Time Running" value="202" />
<allocation-satisfied id="47" threadId="000000000196CA00" bytesRequested="48" />
<af-end id="48" timestamp="2019-08-02T20:08:27.330" threadId="000000000196D388" success="true" from="nursery"/>
<exclusive-end id="49" timestamp="2019-08-02T20:08:27.330" durationms="1.671" />

<exclusive-start id="50" timestamp="2019-08-02T20:08:27.386" intervalms="57.600">
  <response-info timems="0.030" idlems="0.030" threads="0" lastid="000000000196CA00" lastname="main" />
</exclusive-start>
<af-start id="51" threadId="000000000196D388" totalBytesRequested="11840" timestamp="2019-08-02T20:08:27.386" intervalms="57.594" type="nursery" />
<cycle-start id="52" type="scavenge" contextid="0" timestamp="2019-08-02T20:08:27.386" intervalms="57.591" />
<gc-start id="53" type="scavenge" contextid="52" timestamp="2019-08-02T20:08:27.386">
  <mem-info id="54" free="5512528" total="8388608" percent="65">
    <mem type="nursery" free="0" total="2097152" percent="0">
      <mem type="allocate" free="0" total="1048576" percent="0" />
      <mem type="survivor" free="0" total="1048576" percent="0" />
    </mem>
    <mem type="tenure" free="5512528" total="6291456" percent="87">
      <mem type="soa" free="5198160" total="5977088" percent="86" />
      <mem type="loa" free="314368" total="314368" percent="100" />
    </mem>
    <remembered-set count="255" />
  </mem-info>
</gc-start>
<allocation-stats totalBytes="795144" >
  <allocated-bytes non-tlh="327656" tlh="467488" />
  <largest-consumer threadName="main" threadId="000000000196CA00" bytes="795144" />
</allocation-stats>
<gc-op id="55" type="scavenge" timems="0.534" contextid="52" timestamp="2019-08-02T20:08:27.386">
  <scavenger-info tenureage="3" tenuremask="fff8" tiltratio="50" />
  <memory-copied type="nursery" objects="1001" bytes="564328" bytesdiscarded="68088" />
  <memory-copied type="tenure" objects="304" bytes="15224" bytesdiscarded="8" />
  <finalization candidates="3" enqueued="1" />
  <references type="soft" candidates="4" cleared="0" enqueued="0" dynamicThreshold="32" maxThreshold="32" />
  <references type="weak" candidates="5" cleared="4" enqueued="4" />
  <references type="phantom" candidates="28" cleared="2" enqueued="2" />
</gc-op>
<gc-end id="56" type="scavenge" contextid="52" durationms="0.720" usertimems="4.000" systemtimems="0.000" timestamp="2019-08-02T20:08:27.387" activeThreads="8">
  <mem-info id="57" free="5880984" total="8388608" percent="70">
    <mem type="nursery" free="416072" total="2097152" percent="19">
      <mem type="allocate" free="416072" total="1048576" percent="39" />
      <mem type="survivor" free="0" total="1048576" percent="0" />
    </mem>
    <mem type="tenure" free="5464912" total="6291456" percent="86">
      <mem type="soa" free="5150544" total="5977088" percent="86" />
      <mem type="loa" free="314368" total="314368" percent="100" />
    </mem>
    <pending-finalizers system="1" default="0" reference="6" classloader="0" />
    <remembered-set count="197" />
  </mem-info>
</gc-end>
<cycle-end id="58" type="scavenge" contextid="52" timestamp="2019-08-02T20:08:27.387" />
  <attribute name="elasticGC enabled" value="1" />
  <attribute name= "numThreadsSpecified" value="0" />
  <attribute name="heapSize specified" value="0" />
  <attribute name= "numCores" value="8" />
  <attribute name ="GC Interval" value="1700" />
  <attribute name ="Control flow" value="2" />
  <attribute name="GC Util Range Max" value="23" />
  <attribute name="Current GC Util" value="3" />
  <attribute name= "Current Time Running" value="260" />
<allocation-satisfied id="59" threadId="000000000196CA00" bytesRequested="11840" />
<af-end id="60" timestamp="2019-08-02T20:08:27.387" threadId="000000000196D388" success="true" from="nursery"/>
<exclusive-end id="61" timestamp="2019-08-02T20:08:27.387" durationms="1.156" />

<exclusive-start id="62" timestamp="2019-08-02T20:08:27.407" intervalms="21.536">
  <response-info timems="0.064" idlems="0.064" threads="0" lastid="000000000196CA00" lastname="main" />
</exclusive-start>
<af-start id="63" threadId="000000000196D388" totalBytesRequested="96" timestamp="2019-08-02T20:08:27.407" intervalms="21.633" type="nursery" />
<cycle-start id="64" type="scavenge" contextid="0" timestamp="2019-08-02T20:08:27.407" intervalms="21.664" />
<gc-start id="65" type="scavenge" contextid="64" timestamp="2019-08-02T20:08:27.408">
  <mem-info id="66" free="5457848" total="8388608" percent="65">
    <mem type="nursery" free="0" total="2097152" percent="0">
      <mem type="allocate" free="0" total="1048576" percent="0" />
      <mem type="survivor" free="0" total="1048576" percent="0" />
    </mem>
    <mem type="tenure" free="5457848" total="6291456" percent="86">
      <mem type="soa" free="5143480" total="5977088" percent="86" />
      <mem type="loa" free="314368" total="314368" percent="100" />
    </mem>
    <remembered-set count="281" />
  </mem-info>
</gc-start>
<allocation-stats totalBytes="422248" >
  <allocated-bytes non-tlh="18904" tlh="403344" />
  <largest-consumer threadName="main" threadId="000000000196CA00" bytes="418152" />
</allocation-stats>
<gc-op id="67" type="scavenge" timems="0.391" contextid="64" timestamp="2019-08-02T20:08:27.408">
  <scavenger-info tenureage="2" tenuremask="7ffc" tiltratio="50" />
  <memory-copied type="nursery" objects="1433" bytes="530128" bytesdiscarded="52376" />
  <memory-copied type="tenure" objects="228" bytes="58208" bytesdiscarded="0" />
  <finalization candidates="2" enqueued="0" />
  <references type="soft" candidates="10" cleared="0" enqueued="0" dynamicThreshold="32" maxThreshold="32" />
  <references type="weak" candidates="35" cleared="35" enqueued="35" />
  <references type="phantom" candidates="27" cleared="1" enqueued="1" />
</gc-op>
<gc-end id="68" type="scavenge" contextid="64" durationms="0.683" usertimems="0.000" systemtimems="0.000" timestamp="2019-08-02T20:08:27.408" activeThreads="8">
  <mem-info id="69" free="5851912" total="8388608" percent="69">
    <mem type="nursery" free="466024" total="2097152" percent="22">
      <mem type="allocate" free="466024" total="1048576" percent="44" />
      <mem type="survivor" free="0" total="1048576" percent="0" />
    </mem>
    <mem type="tenure" free="5385888" total="6291456" percent="85">
      <mem type="soa" free="5071520" total="5977088" percent="84" />
      <mem type="loa" free="314368" total="314368" percent="100" />
    </mem>
    <pending-finalizers system="0" default="0" reference="36" classloader="0" />
    <remembered-set count="189" />
  </mem-info>
</gc-end>
<cycle-end id="70" type="scavenge" contextid="64" timestamp="2019-08-02T20:08:27.408" />
  <attribute name="elasticGC enabled" value="1" />
  <attribute name= "numThreadsSpecified" value="0" />
  <attribute name="heapSize specified" value="0" />
  <attribute name= "numCores" value="8" />
  <attribute name ="GC Interval" value="1500" />
  <attribute name ="Control flow" value="2" />
  <attribute name="GC Util Range Max" value="23" />
  <attribute name="Current GC Util" value="4" />
  <attribute name= "Current Time Running" value="282" />
<allocation-satisfied id="71" threadId="000000000196CA00" bytesRequested="96" />
<af-end id="72" timestamp="2019-08-02T20:08:27.408" threadId="000000000196D388" success="true" from="nursery"/>
<exclusive-end id="73" timestamp="2019-08-02T20:08:27.408" durationms="1.305" />

<exclusive-start id="74" timestamp="2019-08-02T20:08:27.424" intervalms="17.229">
  <response-info timems="0.064" idlems="0.064" threads="0" lastid="000000000196CA00" lastname="main" />
</exclusive-start>
<af-start id="75" threadId="000000000196D388" totalBytesRequested="4112" timestamp="2019-08-02T20:08:27.424" intervalms="17.135" type="nursery" />
<cycle-start id="76" type="scavenge" contextid="0" timestamp="2019-08-02T20:08:27.425" intervalms="17.104" />
<gc-start id="77" type="scavenge" contextid="76" timestamp="2019-08-02T20:08:27.425">
  <mem-info id="78" free="5377928" total="8388608" percent="64">
    <mem type="nursery" free="0" total="2097152" percent="0">
      <mem type="allocate" free="0" total="1048576" percent="0" />
      <mem type="survivor" free="0" total="1048576" percent="0" />
    </mem>
    <mem type="tenure" free="5377928" total="6291456" percent="85">
      <mem type="soa" free="5063560" total="5977088" percent="84" />
      <mem type="loa" free="314368" total="314368" percent="100" />
    </mem>
    <remembered-set count="279" />
  </mem-info>
</gc-start>
<allocation-stats totalBytes="461128" >
  <allocated-bytes non-tlh="8056" tlh="453072" />
  <largest-consumer threadName="main" threadId="000000000196CA00" bytes="457032" />
</allocation-stats>
<gc-op id="79" type="scavenge" timems="0.412" contextid="76" timestamp="2019-08-02T20:08:27.425">
  <scavenger-info tenureage="1" tenuremask="fffe" tiltratio="50" />
  <memory-copied type="nursery" objects="145" bytes="5576" bytesdiscarded="42040" />
  <memory-copied type="tenure" objects="1281" bytes="521448" bytesdiscarded="248" />
  <references type="weak" candidates="8" cleared="8" enqueued="8" />
</gc-op>
<gc-end id="80" type="scavenge" contextid="76" durationms="0.602" usertimems="0.000" systemtimems="0.000" timestamp="2019-08-02T20:08:27.425" activeThreads="8">
  <mem-info id="81" free="5879080" total="8388608" percent="70">
    <mem type="nursery" free="1000960" total="2097152" percent="47">
      <mem type="allocate" free="1000960" total="1048576" percent="95" />
      <mem type="survivor" free="0" total="1048576" percent="0" />
    </mem>
    <mem type="tenure" free="4878120" total="6291456" percent="77">
      <mem type="soa" free="4563752" total="5977088" percent="76" />
      <mem type="loa" free="314368" total="314368" percent="100" />
    </mem>
    <pending-finalizers system="0" default="0" reference="8" classloader="0" />
    <remembered-set count="253" />
  </mem-info>
</gc-end>
<cycle-end id="82" type="scavenge" contextid="76" timestamp="2019-08-02T20:08:27.425" />
  <attribute name="elasticGC enabled" value="1" />
  <attribute name= "numThreadsSpecified" value="0" />
  <attribute name="heapSize specified" value="0" />
  <attribute name= "numCores" value="8" />
  <attribute name ="GC Interval" value="1300" />
  <attribute name ="Control flow" value="2" />
  <attribute name="GC Util Range Max" value="23" />
  <attribute name="Current GC Util" value="4" />
  <attribute name= "Current Time Running" value="299" />
<allocation-satisfied id="83" threadId="000000000196CA00" bytesRequested="4112" />
<af-end id="84" timestamp="2019-08-02T20:08:27.425" threadId="000000000196D388" success="true" from="nursery"/>
<exclusive-end id="85" timestamp="2019-08-02T20:08:27.425" durationms="1.067" />

<exclusive-start id="86" timestamp="2019-08-02T20:08:27.453" intervalms="28.121">
  <response-info timems="0.049" idlems="0.049" threads="0" lastid="000000000196CA00" lastname="main" />
</exclusive-start>
<af-start id="87" threadId="000000000196D388" totalBytesRequested="3096" timestamp="2019-08-02T20:08:27.453" intervalms="28.144" type="nursery" />
<cycle-start id="88" type="scavenge" contextid="0" timestamp="2019-08-02T20:08:27.453" intervalms="28.169" />
<gc-start id="89" type="scavenge" contextid="88" timestamp="2019-08-02T20:08:27.453">
  <mem-info id="90" free="4859960" total="8388608" percent="57">
    <mem type="nursery" free="0" total="2097152" percent="0">
      <mem type="allocate" free="0" total="1048576" percent="0" />
      <mem type="survivor" free="0" total="1048576" percent="0" />
    </mem>
    <mem type="tenure" free="4859960" total="6291456" percent="77">
      <mem type="soa" free="4545592" total="5977088" percent="76" />
      <mem type="loa" free="314368" total="314368" percent="100" />
    </mem>
    <remembered-set count="491" />
  </mem-info>
</gc-start>
<allocation-stats totalBytes="996984" >
  <allocated-bytes non-tlh="22272" tlh="974712" />
  <largest-consumer threadName="main" threadId="000000000196CA00" bytes="996984" />
</allocation-stats>
<gc-op id="91" type="scavenge" timems="0.275" contextid="88" timestamp="2019-08-02T20:08:27.453">
  <scavenger-info tenureage="2" tenuremask="fffc" tiltratio="50" />
  <memory-copied type="nursery" objects="376" bytes="18600" bytesdiscarded="50544" />
  <references type="weak" candidates="6" cleared="5" enqueued="5" />
  <references type="phantom" candidates="1" cleared="0" enqueued="0" />
</gc-op>
<gc-end id="92" type="scavenge" contextid="88" durationms="0.461" usertimems="0.000" systemtimems="0.000" timestamp="2019-08-02T20:08:27.453" activeThreads="8">
  <mem-info id="93" free="5970456" total="8388608" percent="71">
    <mem type="nursery" free="1110496" total="2097152" percent="52">
      <mem type="allocate" free="1110496" total="1179648" percent="94" />
      <mem type="survivor" free="0" total="917504" percent="0" />
    </mem>
    <mem type="tenure" free="4859960" total="6291456" percent="77">
      <mem type="soa" free="4545592" total="5977088" percent="76" />
      <mem type="loa" free="314368" total="314368" percent="100" />
    </mem>
    <pending-finalizers system="0" default="0" reference="5" classloader="0" />
    <remembered-set count="408" />
  </mem-info>
</gc-end>
<cycle-end id="94" type="scavenge" contextid="88" timestamp="2019-08-02T20:08:27.453" />
  <attribute name="elasticGC enabled" value="1" />
  <attribute name= "numThreadsSpecified" value="0" />
  <attribute name="heapSize specified" value="0" />
  <attribute name= "numCores" value="8" />
  <attribute name ="GC Interval" value="1100" />
  <attribute name ="Control flow" value="2" />
  <attribute name="GC Util Range Max" value="23" />
  <attribute name="Current GC Util" value="3" />
  <attribute name= "Current Time Running" value="327" />
<allocation-satisfied id="95" threadId="000000000196CA00" bytesRequested="3096" />
<af-end id="96" timestamp="2019-08-02T20:08:27.453" threadId="000000000196D388" success="true" from="nursery"/>
<exclusive-end id="97" timestamp="2019-08-02T20:08:27.453" durationms="0.927" />

<exclusive-start id="98" timestamp="2019-08-02T20:08:27.475" intervalms="22.690">
  <response-info timems="0.029" idlems="0.029" threads="0" lastid="000000000196CA00" lastname="main" />
</exclusive-start>
<af-start id="99" threadId="000000000196D388" totalBytesRequested="4408" timestamp="2019-08-02T20:08:27.475" intervalms="22.657" type="nursery" />
<cycle-start id="100" type="scavenge" contextid="0" timestamp="2019-08-02T20:08:27.475" intervalms="22.627" />
<gc-start id="101" type="scavenge" contextid="100" timestamp="2019-08-02T20:08:27.475">
  <mem-info id="102" free="4846736" total="8388608" percent="57">
    <mem type="nursery" free="0" total="2097152" percent="0">
      <mem type="allocate" free="0" total="1179648" percent="0" />
      <mem type="survivor" free="0" total="917504" percent="0" />
    </mem>
    <mem type="tenure" free="4846736" total="6291456" percent="77">
      <mem type="soa" free="4532368" total="5977088" percent="75" />
      <mem type="loa" free="314368" total="314368" percent="100" />
    </mem>
    <remembered-set count="572" />
  </mem-info>
</gc-start>
<allocation-stats totalBytes="1074808" >
  <allocated-bytes non-tlh="16320" tlh="1058488" />
  <largest-consumer threadName="main" threadId="000000000196CA00" bytes="1074808" />
</allocation-stats>
<gc-op id="103" type="scavenge" timems="0.252" contextid="100" timestamp="2019-08-02T20:08:27.476">
  <scavenger-info tenureage="3" tenuremask="fff8" tiltratio="56" />
  <memory-copied type="nursery" objects="686" bytes="26416" bytesdiscarded="21200" />
  <references type="weak" candidates="6" cleared="6" enqueued="6" />
</gc-op>
<gc-end id="104" type="scavenge" contextid="100" durationms="0.427" usertimems="0.000" systemtimems="0.000" timestamp="2019-08-02T20:08:27.476" activeThreads="8">
  <mem-info id="105" free="6175376" total="8388608" percent="73">
    <mem type="nursery" free="1328640" total="2097152" percent="63">
      <mem type="allocate" free="1328640" total="1376256" percent="96" />
      <mem type="survivor" free="0" total="720896" percent="0" />
    </mem>
    <mem type="tenure" free="4846736" total="6291456" percent="77">
      <mem type="soa" free="4532368" total="5977088" percent="75" />
      <mem type="loa" free="314368" total="314368" percent="100" />
    </mem>
    <pending-finalizers system="0" default="0" reference="6" classloader="0" />
    <remembered-set count="509" />
  </mem-info>
</gc-end>
<cycle-end id="106" type="scavenge" contextid="100" timestamp="2019-08-02T20:08:27.476" />
  <attribute name="elasticGC enabled" value="1" />
  <attribute name= "numThreadsSpecified" value="0" />
  <attribute name="heapSize specified" value="0" />
  <attribute name= "numCores" value="8" />
  <attribute name ="GC Interval" value="900" />
  <attribute name ="Control flow" value="2" />
  <attribute name="GC Util Range Max" value="23" />
  <attribute name="Current GC Util" value="2" />
  <attribute name= "Current Time Running" value="349" />
<allocation-satisfied id="107" threadId="000000000196CA00" bytesRequested="4408" />
<af-end id="108" timestamp="2019-08-02T20:08:27.476" threadId="000000000196D388" success="true" from="nursery"/>
<exclusive-end id="109" timestamp="2019-08-02T20:08:27.476" durationms="0.833" />

<exclusive-start id="110" timestamp="2019-08-02T20:08:27.509" intervalms="33.337">
  <response-info timems="0.024" idlems="0.024" threads="0" lastid="000000000196CA00" lastname="main" />
</exclusive-start>
<af-start id="111" threadId="000000000196D388" totalBytesRequested="3080" timestamp="2019-08-02T20:08:27.509" intervalms="33.335" type="nursery" />
<cycle-start id="112" type="scavenge" contextid="0" timestamp="2019-08-02T20:08:27.509" intervalms="33.335" />
<gc-start id="113" type="scavenge" contextid="112" timestamp="2019-08-02T20:08:27.509">
  <mem-info id="114" free="4827944" total="8388608" percent="57">
    <mem type="nursery" free="0" total="2097152" percent="0">
      <mem type="allocate" free="0" total="1376256" percent="0" />
      <mem type="survivor" free="0" total="720896" percent="0" />
    </mem>
    <mem type="tenure" free="4827944" total="6291456" percent="76">
      <mem type="soa" free="4513576" total="5977088" percent="75" />
      <mem type="loa" free="314368" total="314368" percent="100" />
    </mem>
    <remembered-set count="725" />
  </mem-info>
</gc-start>
<allocation-stats totalBytes="1332304" >
  <allocated-bytes non-tlh="23200" tlh="1309104" />
  <largest-consumer threadName="main" threadId="000000000196CA00" bytes="1332304" />
</allocation-stats>
<gc-op id="115" type="scavenge" timems="0.384" contextid="112" timestamp="2019-08-02T20:08:27.509">
  <scavenger-info tenureage="3" tenuremask="fff8" tiltratio="65" />
  <memory-copied type="nursery" objects="1135" bytes="69040" bytesdiscarded="42384" />
  <memory-copied type="tenure" objects="95" bytes="3128" bytesdiscarded="0" />
  <finalization candidates="1" enqueued="0" />
  <references type="soft" candidates="1" cleared="0" enqueued="0" dynamicThreshold="32" maxThreshold="32" />
  <references type="weak" candidates="5" cleared="3" enqueued="3" />
  <references type="phantom" candidates="4" cleared="1" enqueued="1" />
</gc-op>
<gc-end id="116" type="scavenge" contextid="112" durationms="0.569" usertimems="0.000" systemtimems="0.000" timestamp="2019-08-02T20:08:27.509" activeThreads="8">
  <mem-info id="117" free="6184648" total="8388608" percent="73">
    <mem type="nursery" free="1395872" total="2097152" percent="66">
      <mem type="allocate" free="1395872" total="1507328" percent="92" />
      <mem type="survivor" free="0" total="589824" percent="0" />
    </mem>
    <mem type="tenure" free="4788776" total="6291456" percent="76">
      <mem type="soa" free="4474408" total="5977088" percent="74" />
      <mem type="loa" free="314368" total="314368" percent="100" />
    </mem>
    <pending-finalizers system="0" default="0" reference="4" classloader="0" />
    <remembered-set count="497" />
  </mem-info>
</gc-end>
<cycle-end id="118" type="scavenge" contextid="112" timestamp="2019-08-02T20:08:27.509" />
  <attribute name="elasticGC enabled" value="1" />
  <attribute name= "numThreadsSpecified" value="0" />
  <attribute name="heapSize specified" value="0" />
  <attribute name= "numCores" value="8" />
  <attribute name ="GC Interval" value="700" />
  <attribute name ="Control flow" value="2" />
  <attribute name="GC Util Range Max" value="23" />
  <attribute name="Current GC Util" value="1" />
  <attribute name= "Current Time Running" value="383" />
<allocation-satisfied id="119" threadId="000000000196CA00" bytesRequested="3080" />
<af-end id="120" timestamp="2019-08-02T20:08:27.509" threadId="000000000196D388" success="true" from="nursery"/>
<exclusive-end id="121" timestamp="2019-08-02T20:08:27.510" durationms="0.982" />

<exclusive-start id="122" timestamp="2019-08-02T20:08:27.553" intervalms="44.187">
  <response-info timems="0.069" idlems="0.069" threads="0" lastid="000000000196CA00" lastname="main" />
</exclusive-start>
<af-start id="123" threadId="000000000196D388" totalBytesRequested="52000" timestamp="2019-08-02T20:08:27.553" intervalms="44.273" type="nursery" />
<cycle-start id="124" type="scavenge" contextid="0" timestamp="2019-08-02T20:08:27.553" intervalms="44.351" />
<gc-start id="125" type="scavenge" contextid="124" timestamp="2019-08-02T20:08:27.553">
  <mem-info id="126" free="4749272" total="8388608" percent="56">
    <mem type="nursery" free="0" total="2097152" percent="0">
      <mem type="allocate" free="0" total="1507328" percent="0" />
      <mem type="survivor" free="0" total="589824" percent="0" />
    </mem>
    <mem type="tenure" free="4749272" total="6291456" percent="75">
      <mem type="soa" free="4434904" total="5977088" percent="74" />
      <mem type="loa" free="314368" total="314368" percent="100" />
    </mem>
    <remembered-set count="930" />
  </mem-info>
</gc-start>
<allocation-stats totalBytes="1417168" >
  <allocated-bytes non-tlh="134512" tlh="1282656" />
  <largest-consumer threadName="main" threadId="000000000196CA00" bytes="1413072" />
</allocation-stats>
<gc-op id="127" type="scavenge" timems="0.403" contextid="124" timestamp="2019-08-02T20:08:27.554">
  <scavenger-info tenureage="3" tenuremask="ffe8" tiltratio="71" />
  <memory-copied type="nursery" objects="1358" bytes="135136" bytesdiscarded="25528" />
  <memory-copied type="tenure" objects="215" bytes="6784" bytesdiscarded="0" />
  <finalization candidates="1" enqueued="0" />
  <references type="soft" candidates="1" cleared="0" enqueued="0" dynamicThreshold="32" maxThreshold="32" />
  <references type="weak" candidates="14" cleared="13" enqueued="13" />
  <references type="phantom" candidates="3" cleared="0" enqueued="0" />
</gc-op>
<gc-end id="128" type="scavenge" contextid="124" durationms="0.670" usertimems="0.000" systemtimems="0.000" timestamp="2019-08-02T20:08:27.554" activeThreads="8">
  <mem-info id="129" free="6137552" total="8388608" percent="73">
    <mem type="nursery" free="1412088" total="2097152" percent="67">
      <mem type="allocate" free="1412088" total="1572864" percent="89" />
      <mem type="survivor" free="0" total="524288" percent="0" />
    </mem>
    <mem type="tenure" free="4725464" total="6291456" percent="75">
      <mem type="soa" free="4411096" total="5977088" percent="73" />
      <mem type="loa" free="314368" total="314368" percent="100" />
    </mem>
    <pending-finalizers system="0" default="0" reference="13" classloader="0" />
    <remembered-set count="773" />
  </mem-info>
</gc-end>
<cycle-end id="130" type="scavenge" contextid="124" timestamp="2019-08-02T20:08:27.554" />
  <attribute name="elasticGC enabled" value="1" />
  <attribute name= "numThreadsSpecified" value="0" />
  <attribute name="heapSize specified" value="0" />
  <attribute name= "numCores" value="8" />
  <attribute name ="GC Interval" value="500" />
  <attribute name ="Control flow" value="2" />
  <attribute name="GC Util Range Max" value="23" />
  <attribute name="Current GC Util" value="1" />
  <attribute name= "Current Time Running" value="427" />
<allocation-satisfied id="131" threadId="000000000196CA00" bytesRequested="52000" />
<af-end id="132" timestamp="2019-08-02T20:08:27.554" threadId="000000000196D388" success="true" from="nursery"/>
<exclusive-end id="133" timestamp="2019-08-02T20:08:27.554" durationms="1.320" />

<exclusive-start id="134" timestamp="2019-08-02T20:08:27.584" intervalms="30.921">
  <response-info timems="0.030" idlems="0.030" threads="0" lastid="000000000196CA00" lastname="main" />
</exclusive-start>
<af-start id="135" threadId="000000000196D388" totalBytesRequested="2560" timestamp="2019-08-02T20:08:27.584" intervalms="30.851" type="nursery" />
<cycle-start id="136" type="scavenge" contextid="0" timestamp="2019-08-02T20:08:27.584" intervalms="30.776" />
<gc-start id="137" type="scavenge" contextid="136" timestamp="2019-08-02T20:08:27.584">
  <mem-info id="138" free="4710184" total="8388608" percent="56">
    <mem type="nursery" free="0" total="2097152" percent="0">
      <mem type="allocate" free="0" total="1572864" percent="0" />
      <mem type="survivor" free="0" total="524288" percent="0" />
    </mem>
    <mem type="tenure" free="4710184" total="6291456" percent="74">
      <mem type="soa" free="4395816" total="5977088" percent="73" />
      <mem type="loa" free="314368" total="314368" percent="100" />
    </mem>
    <remembered-set count="963" />
  </mem-info>
</gc-start>
<allocation-stats totalBytes="1416392" >
  <allocated-bytes non-tlh="119280" tlh="1297112" />
  <largest-consumer threadName="main" threadId="000000000196CA00" bytes="1416392" />
</allocation-stats>
<gc-op id="139" type="scavenge" timems="0.484" contextid="136" timestamp="2019-08-02T20:08:27.584">
  <scavenger-info tenureage="3" tenuremask="ffe8" tiltratio="75" />
  <memory-copied type="nursery" objects="1300" bytes="200096" bytesdiscarded="59912" />
  <memory-copied type="tenure" objects="327" bytes="14224" bytesdiscarded="0" />
  <finalization candidates="1" enqueued="0" />
  <references type="soft" candidates="5" cleared="0" enqueued="0" dynamicThreshold="32" maxThreshold="32" />
  <references type="weak" candidates="11" cleared="9" enqueued="9" />
  <references type="phantom" candidates="4" cleared="0" enqueued="0" />
</gc-op>
<gc-end id="140" type="scavenge" contextid="136" durationms="0.672" usertimems="4.000" systemtimems="0.000" timestamp="2019-08-02T20:08:27.585" activeThreads="8">
  <mem-info id="141" free="5983752" total="8388608" percent="71">
    <mem type="nursery" free="1312736" total="2097152" percent="62">
      <mem type="allocate" free="1312736" total="1572864" percent="83" />
      <mem type="survivor" free="0" total="524288" percent="0" />
    </mem>
    <mem type="tenure" free="4671016" total="6291456" percent="74">
      <mem type="soa" free="4356648" total="5977088" percent="72" />
      <mem type="loa" free="314368" total="314368" percent="100" />
    </mem>
    <pending-finalizers system="0" default="0" reference="9" classloader="0" />
    <remembered-set count="796" />
  </mem-info>
</gc-end>
<cycle-end id="142" type="scavenge" contextid="136" timestamp="2019-08-02T20:08:27.585" />
  <attribute name="elasticGC enabled" value="1" />
  <attribute name= "numThreadsSpecified" value="0" />
  <attribute name="heapSize specified" value="0" />
  <attribute name= "numCores" value="8" />
  <attribute name ="GC Interval" value="300" />
  <attribute name ="Control flow" value="2" />
  <attribute name="GC Util Range Max" value="23" />
  <attribute name="Current GC Util" value="2" />
  <attribute name= "Current Time Running" value="458" />
<allocation-satisfied id="143" threadId="000000000196CA00" bytesRequested="2560" />
<af-end id="144" timestamp="2019-08-02T20:08:27.585" threadId="000000000196D388" success="true" from="nursery"/>
<exclusive-end id="145" timestamp="2019-08-02T20:08:27.585" durationms="1.092" />

<exclusive-start id="146" timestamp="2019-08-02T20:08:27.640" intervalms="56.375">
  <response-info timems="0.063" idlems="0.063" threads="0" lastid="000000000196CA00" lastname="main" />
</exclusive-start>
<af-start id="147" threadId="000000000196D388" totalBytesRequested="2008" timestamp="2019-08-02T20:08:27.640" intervalms="56.452" type="nursery" />
<cycle-start id="148" type="scavenge" contextid="0" timestamp="2019-08-02T20:08:27.640" intervalms="56.536" />
<gc-start id="149" type="scavenge" contextid="148" timestamp="2019-08-02T20:08:27.640">
  <mem-info id="150" free="4652896" total="8388608" percent="55">
    <mem type="nursery" free="0" total="2097152" percent="0">
      <mem type="allocate" free="0" total="1572864" percent="0" />
      <mem type="survivor" free="0" total="524288" percent="0" />
    </mem>
    <mem type="tenure" free="4652896" total="6291456" percent="73">
      <mem type="soa" free="4338528" total="5977088" percent="72" />
      <mem type="loa" free="314368" total="314368" percent="100" />
    </mem>
    <remembered-set count="1107" />
  </mem-info>
</gc-start>
<allocation-stats totalBytes="1326456" >
  <allocated-bytes non-tlh="20680" tlh="1305776" />
  <largest-consumer threadName="main" threadId="000000000196CA00" bytes="1326456" />
</allocation-stats>
<gc-op id="151" type="scavenge" timems="0.698" contextid="148" timestamp="2019-08-02T20:08:27.641">
  <scavenger-info tenureage="3" tenuremask="ffe8" tiltratio="75" />
  <memory-copied type="nursery" objects="3322" bytes="292632" bytesdiscarded="20232" />
  <memory-copied type="tenure" objects="508" bytes="16336" bytesdiscarded="0" />
  <finalization candidates="2" enqueued="0" />
  <references type="soft" candidates="45" cleared="0" enqueued="0" dynamicThreshold="32" maxThreshold="32" />
  <references type="weak" candidates="3" cleared="2" enqueued="2" />
  <references type="phantom" candidates="2" cleared="0" enqueued="0" />
</gc-op>
<gc-end id="152" type="scavenge" contextid="148" durationms="1.119" usertimems="0.000" systemtimems="0.000" timestamp="2019-08-02T20:08:27.642" activeThreads="8">
  <mem-info id="153" free="5978192" total="8388608" percent="71">
    <mem type="nursery" free="1325296" total="2097152" percent="63">
      <mem type="allocate" free="1325296" total="1638400" percent="80" />
      <mem type="survivor" free="0" total="458752" percent="0" />
    </mem>
    <mem type="tenure" free="4652896" total="6291456" percent="73">
      <mem type="soa" free="4338528" total="5977088" percent="72" />
      <mem type="loa" free="314368" total="314368" percent="100" />
    </mem>
    <pending-finalizers system="0" default="0" reference="2" classloader="0" />
    <remembered-set count="656" />
  </mem-info>
</gc-end>
<cycle-end id="154" type="scavenge" contextid="148" timestamp="2019-08-02T20:08:27.642" />
  <attribute name="elasticGC enabled" value="1" />
  <attribute name= "numThreadsSpecified" value="0" />
  <attribute name="heapSize specified" value="0" />
  <attribute name= "numCores" value="8" />
  <attribute name ="GC Interval" value="200" />
  <attribute name ="Control flow" value="2" />
  <attribute name="GC Util Range Max" value="23" />
  <attribute name="Current GC Util" value="1" />
  <attribute name= "Current Time Running" value="515" />
<allocation-satisfied id="155" threadId="000000000196CA00" bytesRequested="2008" />
<af-end id="156" timestamp="2019-08-02T20:08:27.642" threadId="000000000196D388" success="true" from="nursery"/>
<exclusive-end id="157" timestamp="2019-08-02T20:08:27.642" durationms="1.958" />

<exclusive-start id="158" timestamp="2019-08-02T20:08:27.693" intervalms="53.427">
  <response-info timems="0.063" idlems="0.063" threads="0" lastid="000000000196CA00" lastname="main" />
</exclusive-start>
<af-start id="159" threadId="000000000196D388" totalBytesRequested="2008" timestamp="2019-08-02T20:08:27.694" intervalms="53.420" type="nursery" />
<cycle-start id="160" type="scavenge" contextid="0" timestamp="2019-08-02T20:08:27.694" intervalms="53.414" />
<gc-start id="161" type="scavenge" contextid="160" timestamp="2019-08-02T20:08:27.694">
  <mem-info id="162" free="4650224" total="8388608" percent="55">
    <mem type="nursery" free="0" total="2097152" percent="0">
      <mem type="allocate" free="0" total="1638400" percent="0" />
      <mem type="survivor" free="0" total="458752" percent="0" />
    </mem>
    <mem type="tenure" free="4650224" total="6291456" percent="73">
      <mem type="soa" free="4335856" total="5977088" percent="72" />
      <mem type="loa" free="314368" total="314368" percent="100" />
    </mem>
    <remembered-set count="707" />
  </mem-info>
</gc-start>
<allocation-stats totalBytes="1325792" >
  <allocated-bytes non-tlh="4680" tlh="1321112" />
  <largest-consumer threadName="main" threadId="000000000196CA00" bytes="1325792" />
</allocation-stats>
<gc-op id="163" type="scavenge" timems="0.887" contextid="160" timestamp="2019-08-02T20:08:27.695">
  <scavenger-info tenureage="3" tenuremask="ffe8" tiltratio="78" />
  <memory-copied type="nursery" objects="6660" bytes="368072" bytesdiscarded="30568" />
  <memory-copied type="tenure" objects="435" bytes="100504" bytesdiscarded="56" />
  <finalization candidates="1" enqueued="0" />
  <references type="soft" candidates="54" cleared="0" enqueued="0" dynamicThreshold="32" maxThreshold="32" />
  <references type="weak" candidates="2" cleared="1" enqueued="1" />
  <references type="phantom" candidates="1" cleared="0" enqueued="0" />
</gc-op>
<gc-end id="164" type="scavenge" contextid="160" durationms="1.278" usertimems="0.000" systemtimems="0.000" timestamp="2019-08-02T20:08:27.695" activeThreads="8">
  <mem-info id="165" free="5688800" total="8388608" percent="67">
    <mem type="nursery" free="1174008" total="2097152" percent="55">
      <mem type="allocate" free="1174008" total="1572864" percent="74" />
      <mem type="survivor" free="0" total="524288" percent="0" />
    </mem>
    <mem type="tenure" free="4514792" total="6291456" percent="71">
      <mem type="soa" free="4200424" total="5977088" percent="70" />
      <mem type="loa" free="314368" total="314368" percent="100" />
    </mem>
    <pending-finalizers system="0" default="0" reference="1" classloader="0" />
    <remembered-set count="509" />
  </mem-info>
</gc-end>
<cycle-end id="166" type="scavenge" contextid="160" timestamp="2019-08-02T20:08:27.695" />
  <attribute name="elasticGC enabled" value="1" />
  <attribute name= "numThreadsSpecified" value="0" />
  <attribute name="heapSize specified" value="0" />
  <attribute name= "numCores" value="8" />
  <attribute name ="GC Interval" value="200" />
  <attribute name ="Control flow" value="2" />
  <attribute name="GC Util Range Max" value="23" />
  <attribute name="Current GC Util" value="2" />
  <attribute name= "Current Time Running" value="568" />
<allocation-satisfied id="167" threadId="000000000196CA00" bytesRequested="2008" />
<af-end id="168" timestamp="2019-08-02T20:08:27.695" threadId="000000000196D388" success="true" from="nursery"/>
<exclusive-end id="169" timestamp="2019-08-02T20:08:27.695" durationms="2.060" />

<exclusive-start id="170" timestamp="2019-08-02T20:08:27.721" intervalms="27.258">
  <response-info timems="0.154" idlems="0.062" threads="2" lastid="0000000001CAFF00" lastname="Thread-6" />
</exclusive-start>
<sys-start reason="explicit" id="171" timestamp="2019-08-02T20:08:27.721" intervalms="790.333" />
<cycle-start id="172" type="global" contextid="0" timestamp="2019-08-02T20:08:27.721" intervalms="790.619" />
<gc-start id="173" type="global" contextid="172" timestamp="2019-08-02T20:08:27.721">
  <mem-info id="174" free="4892080" total="8388608" percent="58">
    <mem type="nursery" free="381472" total="2097152" percent="18">
      <mem type="allocate" free="381472" total="1572864" percent="24" />
      <mem type="survivor" free="0" total="524288" percent="0" />
    </mem>
    <mem type="tenure" free="4510608" total="6291456" percent="71">
      <mem type="soa" free="4196240" total="5977088" percent="70" />
      <mem type="loa" free="314368" total="314368" percent="100" />
    </mem>
    <remembered-set count="597" />
  </mem-info>
</gc-start>
<allocation-stats totalBytes="781960" >
  <allocated-bytes non-tlh="6192" tlh="775768" />
  <largest-consumer threadName="main" threadId="000000000196CA00" bytes="740848" />
</allocation-stats>
<gc-op id="175" type="mark" timems="1.802" contextid="172" timestamp="2019-08-02T20:08:27.723">
  <trace-info objectcount="29452" scancount="23863" scanbytes="870856" />
  <finalization candidates="15" enqueued="0" />
  <references type="soft" candidates="133" cleared="0" enqueued="0" dynamicThreshold="32" maxThreshold="32" />
  <references type="weak" candidates="165" cleared="29" enqueued="21" />
  <references type="phantom" candidates="61" cleared="2" enqueued="2" />
  <stringconstants candidates="3536" cleared="22"  />
</gc-op>
<gc-op id="176" type="classunload" timems="0.069" contextid="172" timestamp="2019-08-02T20:08:27.723">
  <classunload-info classloadercandidates="19" classloadersunloaded="0" classesunloaded="0" anonymousclassesunloaded="0" quiescems="0.000" setupms="0.069" scanms="0.000" postms="0.000" />
</gc-op>
<gc-op id="177" type="sweep" timems="0.360" contextid="172" timestamp="2019-08-02T20:08:27.724" />
<gc-end id="178" type="global" contextid="172" durationms="3.350" usertimems="0.000" systemtimems="4.000" timestamp="2019-08-02T20:08:27.724" activeThreads="8">
  <mem-info id="179" free="5836024" total="8388608" percent="69">
    <mem type="nursery" free="1092280" total="2097152" percent="52">
      <mem type="allocate" free="1092280" total="1572864" percent="69" />
      <mem type="survivor" free="0" total="524288" percent="0" />
    </mem>
    <mem type="tenure" free="4743744" total="6291456" percent="75" micro-fragmented="8512" macro-fragmented="0">
      <mem type="soa" free="4429376" total="5977088" percent="74" />
      <mem type="loa" free="314368" total="314368" percent="100" />
    </mem>
    <pending-finalizers system="0" default="0" reference="23" classloader="0" />
    <remembered-set count="495" />
  </mem-info>
</gc-end>
<cycle-end id="180" type="global" contextid="172" timestamp="2019-08-02T20:08:27.725" />
  <attribute name="elasticGC enabled" value="1" />
  <attribute name= "numThreadsSpecified" value="0" />
  <attribute name="heapSize specified" value="0" />
  <attribute name= "numCores" value="8" />
  <attribute name ="GC Interval" value="200" />
  <attribute name ="Control flow" value="2" />
  <attribute name="GC Util Range Max" value="23" />
  <attribute name="Current GC Util" value="47" />
  <attribute name= "Current Time Running" value="598" />
<sys-end id="181" timestamp="2019-08-02T20:08:27.725" />
<exclusive-end id="182" timestamp="2019-08-02T20:08:27.725" durationms="3.965" />

<exclusive-start id="183" timestamp="2019-08-02T20:08:27.745" intervalms="24.565">
  <response-info timems="0.082" idlems="0.035" threads="2" lastid="0000000001CA8700" lastname="Thread-4" />
</exclusive-start>
<af-start id="184" threadId="0000000001CACC88" totalBytesRequested="16" timestamp="2019-08-02T20:08:27.745" intervalms="51.774" type="nursery" />
<cycle-start id="185" type="scavenge" contextid="0" timestamp="2019-08-02T20:08:27.745" intervalms="51.710" />
<gc-start id="186" type="scavenge" contextid="185" timestamp="2019-08-02T20:08:27.746">
  <mem-info id="187" free="4736128" total="8388608" percent="56">
    <mem type="nursery" free="0" total="2097152" percent="0">
      <mem type="allocate" free="0" total="1572864" percent="0" />
      <mem type="survivor" free="0" total="524288" percent="0" />
    </mem>
    <mem type="tenure" free="4736128" total="6291456" percent="75">
      <mem type="soa" free="4421760" total="5977088" percent="73" />
      <mem type="loa" free="314368" total="314368" percent="100" />
    </mem>
    <remembered-set count="607" />
  </mem-info>
</gc-start>
<allocation-stats totalBytes="1082272" >
  <allocated-bytes non-tlh="523600" tlh="558672" />
  <largest-consumer threadName="Thread-6" threadId="0000000001CAFF00" bytes="661008" />
</allocation-stats>
<gc-op id="188" type="scavenge" timems="0.922" contextid="185" timestamp="2019-08-02T20:08:27.747">
  <scavenger-info tenureage="3" tenuremask="ffe8" tiltratio="75" />
  <memory-copied type="nursery" objects="5827" bytes="394736" bytesdiscarded="129064" />
  <memory-copied type="tenure" objects="2712" bytes="180328" bytesdiscarded="288" />
  <copy-failed type="nursery" objects="2458" bytes="105288" />
  <finalization candidates="2" enqueued="0" />
  <references type="soft" candidates="60" cleared="0" enqueued="0" dynamicThreshold="24" maxThreshold="32" />
  <references type="weak" candidates="19" cleared="5" enqueued="5" />
  <references type="phantom" candidates="12" cleared="0" enqueued="0" />
</gc-op>
<gc-end id="189" type="scavenge" contextid="185" durationms="1.225" usertimems="0.000" systemtimems="0.000" timestamp="2019-08-02T20:08:27.747" activeThreads="8">
  <mem-info id="190" free="5366696" total="8388608" percent="63">
    <mem type="nursery" free="851968" total="2097152" percent="40">
      <mem type="allocate" free="851968" total="1376256" percent="61" />
      <mem type="survivor" free="0" total="720896" percent="0" />
    </mem>
    <mem type="tenure" free="4514728" total="6291456" percent="71">
      <mem type="soa" free="4200360" total="5977088" percent="70" />
      <mem type="loa" free="314368" total="314368" percent="100" />
    </mem>
    <pending-finalizers system="0" default="0" reference="5" classloader="0" />
    <remembered-set count="1032" />
  </mem-info>
</gc-end>
<cycle-end id="191" type="scavenge" contextid="185" timestamp="2019-08-02T20:08:27.747" />
  <attribute name="elasticGC enabled" value="1" />
  <attribute name= "numThreadsSpecified" value="0" />
  <attribute name="heapSize specified" value="0" />
  <attribute name= "numCores" value="8" />
  <attribute name ="GC Interval" value="300" />
  <attribute name ="Control flow" value="2" />
  <attribute name="GC Util Range Max" value="23" />
  <attribute name="Current GC Util" value="12" />
  <attribute name= "Current Time Running" value="620" />
<allocation-satisfied id="192" threadId="0000000001CAC300" bytesRequested="16" />
<af-end id="193" timestamp="2019-08-02T20:08:27.747" threadId="0000000001CACC88" success="true" from="nursery"/>
<exclusive-end id="194" timestamp="2019-08-02T20:08:27.747" durationms="1.804" />

<exclusive-start id="195" timestamp="2019-08-02T20:08:27.752" intervalms="7.051">
  <response-info timems="0.071" idlems="0.043" threads="3" lastid="0000000001970600" lastname="JIT Compilation Thread-0" />
</exclusive-start>
<af-start id="196" threadId="0000000001CACC88" totalBytesRequested="16392" timestamp="2019-08-02T20:08:27.752" intervalms="7.019" type="nursery" />
<cycle-start id="197" type="scavenge" contextid="0" timestamp="2019-08-02T20:08:27.752" intervalms="7.001" />
<gc-start id="198" type="scavenge" contextid="197" timestamp="2019-08-02T20:08:27.753">
  <mem-info id="199" free="4512888" total="8388608" percent="53">
    <mem type="nursery" free="0" total="2097152" percent="0">
      <mem type="allocate" free="0" total="1376256" percent="0" />
      <mem type="survivor" free="0" total="720896" percent="0" />
    </mem>
    <mem type="tenure" free="4512888" total="6291456" percent="71">
      <mem type="soa" free="4198520" total="5977088" percent="70" />
      <mem type="loa" free="314368" total="314368" percent="100" />
    </mem>
    <remembered-set count="1054" />
  </mem-info>
</gc-start>
<allocation-stats totalBytes="808864" >
  <allocated-bytes non-tlh="143288" tlh="665576" />
  <largest-consumer threadName="Thread-3" threadId="0000000001CA4B00" bytes="410592" />
</allocation-stats>
<gc-op id="200" type="scavenge" timems="0.714" contextid="197" timestamp="2019-08-02T20:08:27.753">
  <scavenger-info tenureage="5" tenuremask="ffe0" tiltratio="65" />
  <memory-copied type="nursery" objects="6063" bytes="591064" bytesdiscarded="94824" />
  <finalization candidates="3" enqueued="1" />
  <references type="soft" candidates="62" cleared="0" enqueued="0" dynamicThreshold="24" maxThreshold="32" />
  <references type="weak" candidates="23" cleared="0" enqueued="0" />
  <references type="phantom" candidates="17" cleared="0" enqueued="0" />
</gc-op>
<gc-end id="201" type="scavenge" contextid="197" durationms="0.933" usertimems="0.000" systemtimems="0.000" timestamp="2019-08-02T20:08:27.753" activeThreads="8">
  <mem-info id="202" free="5137208" total="8388608" percent="61">
    <mem type="nursery" free="624320" total="2097152" percent="29">
      <mem type="allocate" free="624320" total="1310720" percent="47" />
      <mem type="survivor" free="0" total="786432" percent="0" />
    </mem>
    <mem type="tenure" free="4512888" total="6291456" percent="71">
      <mem type="soa" free="4198520" total="5977088" percent="70" />
      <mem type="loa" free="314368" total="314368" percent="100" />
    </mem>
    <pending-finalizers system="1" default="0" reference="0" classloader="0" />
    <remembered-set count="1012" />
  </mem-info>
</gc-end>
<cycle-end id="203" type="scavenge" contextid="197" timestamp="2019-08-02T20:08:27.754" />
  <attribute name="elasticGC enabled" value="1" />
  <attribute name= "numThreadsSpecified" value="0" />
  <attribute name="heapSize specified" value="0" />
  <attribute name= "numCores" value="8" />
  <attribute name ="GC Interval" value="300" />
  <attribute name ="Control flow" value="2" />
  <attribute name="GC Util Range Max" value="23" />
  <attribute name="Current GC Util" value="23" />
  <attribute name= "Current Time Running" value="626" />
<allocation-satisfied id="204" threadId="0000000001CAC300" bytesRequested="16392" />
<af-end id="205" timestamp="2019-08-02T20:08:27.754" threadId="0000000001CACC88" success="true" from="nursery"/>
<exclusive-end id="206" timestamp="2019-08-02T20:08:27.754" durationms="1.362" />

<exclusive-start id="207" timestamp="2019-08-02T20:08:27.755" intervalms="3.090">
  <response-info timems="0.075" idlems="0.035" threads="5" lastid="0000000001CAFF00" lastname="Thread-6" />
</exclusive-start>
<af-start id="208" threadId="0000000001CBBC88" totalBytesRequested="32776" timestamp="2019-08-02T20:08:27.755" intervalms="3.107" type="nursery" />
<cycle-start id="209" type="scavenge" contextid="0" timestamp="2019-08-02T20:08:27.756" intervalms="3.111" />
<gc-start id="210" type="scavenge" contextid="209" timestamp="2019-08-02T20:08:27.756">
  <mem-info id="211" free="4530056" total="8388608" percent="54">
    <mem type="nursery" free="17976" total="2097152" percent="0">
      <mem type="allocate" free="17976" total="1310720" percent="1" />
      <mem type="survivor" free="0" total="786432" percent="0" />
    </mem>
    <mem type="tenure" free="4512080" total="6291456" percent="71">
      <mem type="soa" free="4197712" total="5977088" percent="70" />
      <mem type="loa" free="314368" total="314368" percent="100" />
    </mem>
    <remembered-set count="1026" />
  </mem-info>
</gc-start>
<allocation-stats totalBytes="588400" >
  <allocated-bytes non-tlh="328624" tlh="259776" />
  <largest-consumer threadName="Thread-4" threadId="0000000001CA8700" bytes="153296" />
</allocation-stats>
<gc-op id="212" type="scavenge" timems="0.757" contextid="209" timestamp="2019-08-02T20:08:27.756">
  <scavenger-info tenureage="2" tenuremask="fffc" tiltratio="62" />
  <memory-copied type="nursery" objects="379" bytes="598840" bytesdiscarded="32064" />
  <memory-copied type="tenure" objects="5778" bytes="392696" bytesdiscarded="144" />
  <finalization candidates="2" enqueued="0" />
  <references type="soft" candidates="4" cleared="0" enqueued="0" dynamicThreshold="24" maxThreshold="32" />
  <references type="weak" candidates="8" cleared="0" enqueued="0" />
  <references type="phantom" candidates="4" cleared="0" enqueued="0" />
</gc-op>
<gc-end id="213" type="scavenge" contextid="209" durationms="0.945" usertimems="4.000" systemtimems="0.000" timestamp="2019-08-02T20:08:27.757" activeThreads="8">
  <mem-info id="214" free="4786584" total="8388608" percent="57">
    <mem type="nursery" free="745296" total="2097152" percent="35">
      <mem type="allocate" free="745296" total="1376256" percent="54" />
      <mem type="survivor" free="0" total="720896" percent="0" />
    </mem>
    <mem type="tenure" free="4041288" total="6291456" percent="64">
      <mem type="soa" free="3726920" total="5977088" percent="62" />
      <mem type="loa" free="314368" total="314368" percent="100" />
    </mem>
    <remembered-set count="163" />
  </mem-info>
</gc-end>
<cycle-end id="215" type="scavenge" contextid="209" timestamp="2019-08-02T20:08:27.757" />
  <attribute name="elasticGC enabled" value="1" />
  <attribute name= "numThreadsSpecified" value="0" />
  <attribute name="heapSize specified" value="0" />
  <attribute name= "numCores" value="8" />
  <attribute name ="GC Interval" value="400" />
  <attribute name ="Control flow" value="2" />
  <attribute name="GC Util Range Max" value="23" />
  <attribute name="Current GC Util" value="39" />
  <attribute name= "Current Time Running" value="630" />
<allocation-satisfied id="216" threadId="0000000001CBB300" bytesRequested="32776" />
<af-end id="217" timestamp="2019-08-02T20:08:27.757" threadId="0000000001CBBC88" success="true" from="nursery"/>
<exclusive-end id="218" timestamp="2019-08-02T20:08:27.757" durationms="1.461" />

<exclusive-start id="219" timestamp="2019-08-02T20:08:27.763" intervalms="7.915">
  <response-info timems="0.043" idlems="0.024" threads="1" lastid="0000000001CBEF00" lastname="Thread-10" />
</exclusive-start>
<af-start id="220" threadId="0000000001CBBC88" totalBytesRequested="3384" timestamp="2019-08-02T20:08:27.763" intervalms="7.900" type="nursery" />
<cycle-start id="221" type="scavenge" contextid="0" timestamp="2019-08-02T20:08:27.763" intervalms="7.904" />
<gc-start id="222" type="scavenge" contextid="221" timestamp="2019-08-02T20:08:27.764">
  <mem-info id="223" free="4038976" total="8388608" percent="48">
    <mem type="nursery" free="0" total="2097152" percent="0">
      <mem type="allocate" free="0" total="1376256" percent="0" />
      <mem type="survivor" free="0" total="720896" percent="0" />
    </mem>
    <mem type="tenure" free="4038976" total="6291456" percent="64">
      <mem type="soa" free="3724608" total="5977088" percent="62" />
      <mem type="loa" free="314368" total="314368" percent="100" />
    </mem>
    <remembered-set count="194" />
  </mem-info>
</gc-start>
<allocation-stats totalBytes="715944" >
  <allocated-bytes non-tlh="382752" tlh="333192" />
  <largest-consumer threadName="Thread-5" threadId="0000000001CAC300" bytes="163512" />
</allocation-stats>
<gc-op id="224" type="scavenge" timems="0.452" contextid="221" timestamp="2019-08-02T20:08:27.764">
  <scavenger-info tenureage="4" tenuremask="fff0" tiltratio="65" />
  <memory-copied type="nursery" objects="337" bytes="698208" bytesdiscarded="22568" />
  <memory-copied type="tenure" objects="208" bytes="266552" bytesdiscarded="128" />
  <copy-failed type="nursery" objects="208" bytes="266568" />
  <references type="soft" candidates="3" cleared="0" enqueued="0" dynamicThreshold="24" maxThreshold="32" />
  <references type="weak" candidates="9" cleared="0" enqueued="0" />
  <references type="phantom" candidates="12" cleared="0" enqueued="0" />
</gc-op>
<gc-end id="225" type="scavenge" contextid="221" durationms="0.646" usertimems="0.000" systemtimems="0.000" timestamp="2019-08-02T20:08:27.764" activeThreads="8">
  <mem-info id="226" free="3935144" total="8388608" percent="46">
    <mem type="nursery" free="327680" total="2097152" percent="15">
      <mem type="allocate" free="327680" total="1048576" percent="31" />
      <mem type="survivor" free="0" total="1048576" percent="0" />
    </mem>
    <mem type="tenure" free="3607464" total="6291456" percent="57">
      <mem type="soa" free="3293096" total="5977088" percent="55" />
      <mem type="loa" free="314368" total="314368" percent="100" />
    </mem>
    <remembered-set count="184" />
  </mem-info>
</gc-end>
<cycle-end id="227" type="scavenge" contextid="221" timestamp="2019-08-02T20:08:27.764" />
  <attribute name="elasticGC enabled" value="1" />
  <attribute name= "numThreadsSpecified" value="0" />
  <attribute name="heapSize specified" value="0" />
  <attribute name= "numCores" value="8" />
  <attribute name ="GC Interval" value="500" />
  <attribute name ="Control flow" value="2" />
  <attribute name="GC Util Range Max" value="23" />
  <attribute name="Current GC Util" value="18" />
  <attribute name= "Current Time Running" value="637" />
<allocation-satisfied id="228" threadId="0000000001CBB300" bytesRequested="3384" />
<af-end id="229" timestamp="2019-08-02T20:08:27.764" threadId="0000000001CBBC88" success="true" from="nursery"/>
<exclusive-end id="230" timestamp="2019-08-02T20:08:27.764" durationms="1.083" />

<exclusive-start id="231" timestamp="2019-08-02T20:08:27.769" intervalms="5.397">
  <response-info timems="0.043" idlems="0.043" threads="0" lastid="0000000001CBEF00" lastname="Thread-10" />
</exclusive-start>
<af-start id="232" threadId="0000000001CBF888" totalBytesRequested="224" timestamp="2019-08-02T20:08:27.769" intervalms="5.403" type="nursery" />
<cycle-start id="233" type="scavenge" contextid="0" timestamp="2019-08-02T20:08:27.769" intervalms="5.432" />
<gc-start id="234" type="scavenge" contextid="233" timestamp="2019-08-02T20:08:27.769">
  <mem-info id="235" free="3600496" total="8388608" percent="42">
    <mem type="nursery" free="0" total="2097152" percent="0">
      <mem type="allocate" free="0" total="1048576" percent="0" />
      <mem type="survivor" free="0" total="1048576" percent="0" />
    </mem>
    <mem type="tenure" free="3600496" total="6291456" percent="57">
      <mem type="soa" free="3286128" total="5977088" percent="54" />
      <mem type="loa" free="314368" total="314368" percent="100" />
    </mem>
    <remembered-set count="344" />
  </mem-info>
</gc-start>
<allocation-stats totalBytes="333488" >
  <allocated-bytes non-tlh="10352" tlh="323136" />
  <largest-consumer threadName="Thread-9" threadId="0000000001CBB300" bytes="276144" />
</allocation-stats>
<gc-op id="236" type="scavenge" timems="0.446" contextid="233" timestamp="2019-08-02T20:08:27.770">
  <scavenger-info tenureage="3" tenuremask="7ff8" tiltratio="50" />
  <memory-copied type="nursery" objects="1022" bytes="701200" bytesdiscarded="85856" />
  <memory-copied type="tenure" objects="107" bytes="160368" bytesdiscarded="1048" />
  <references type="soft" candidates="1" cleared="0" enqueued="0" dynamicThreshold="24" maxThreshold="32" />
  <references type="weak" candidates="2" cleared="1" enqueued="1" />
  <references type="phantom" candidates="8" cleared="0" enqueued="0" />
</gc-op>
<gc-end id="237" type="scavenge" contextid="233" durationms="0.700" usertimems="4.000" systemtimems="0.000" timestamp="2019-08-02T20:08:27.770" activeThreads="8">
  <mem-info id="238" free="3700608" total="8388608" percent="44">
    <mem type="nursery" free="261440" total="2097152" percent="12">
      <mem type="allocate" free="261440" total="1048576" percent="24" />
      <mem type="survivor" free="0" total="1048576" percent="0" />
    </mem>
    <mem type="tenure" free="3439168" total="6291456" percent="54">
      <mem type="soa" free="3124800" total="5977088" percent="52" />
      <mem type="loa" free="314368" total="314368" percent="100" />
    </mem>
    <pending-finalizers system="0" default="0" reference="1" classloader="0" />
    <remembered-set count="306" />
  </mem-info>
</gc-end>
<cycle-end id="239" type="scavenge" contextid="233" timestamp="2019-08-02T20:08:27.770" />
  <attribute name="elasticGC enabled" value="1" />
  <attribute name= "numThreadsSpecified" value="0" />
  <attribute name="heapSize specified" value="0" />
  <attribute name= "numCores" value="8" />
  <attribute name ="GC Interval" value="500" />
  <attribute name ="Control flow" value="2" />
  <attribute name="GC Util Range Max" value="23" />
  <attribute name="Current GC Util" value="17" />
  <attribute name= "Current Time Running" value="643" />
<allocation-satisfied id="240" threadId="0000000001CBEF00" bytesRequested="224" />
<af-end id="241" timestamp="2019-08-02T20:08:27.770" threadId="0000000001CBF888" success="true" from="nursery"/>
<exclusive-end id="242" timestamp="2019-08-02T20:08:27.770" durationms="1.276" />

<exclusive-start id="243" timestamp="2019-08-02T20:08:27.776" intervalms="7.405">
  <response-info timems="0.088" idlems="0.088" threads="0" lastid="0000000001CAC300" lastname="Thread-5" />
</exclusive-start>
<af-start id="244" threadId="0000000001CACC88" totalBytesRequested="16" timestamp="2019-08-02T20:08:27.776" intervalms="7.478" type="nursery" />
<cycle-start id="245" type="scavenge" contextid="0" timestamp="2019-08-02T20:08:27.776" intervalms="7.475" />
<gc-start id="246" type="scavenge" contextid="245" timestamp="2019-08-02T20:08:27.776">
  <mem-info id="247" free="3435712" total="8388608" percent="40">
    <mem type="nursery" free="0" total="2097152" percent="0">
      <mem type="allocate" free="0" total="1048576" percent="0" />
      <mem type="survivor" free="0" total="1048576" percent="0" />
    </mem>
    <mem type="tenure" free="3435712" total="6291456" percent="54">
      <mem type="soa" free="3121344" total="5977088" percent="52" />
      <mem type="loa" free="314368" total="314368" percent="100" />
    </mem>
    <remembered-set count="360" />
  </mem-info>
</gc-start>
<allocation-stats totalBytes="260264" >
  <allocated-bytes non-tlh="28280" tlh="231984" />
  <largest-consumer threadName="Thread-9" threadId="0000000001CBB300" bytes="136552" />
</allocation-stats>
<gc-op id="248" type="scavenge" timems="0.576" contextid="245" timestamp="2019-08-02T20:08:27.777">
  <scavenger-info tenureage="2" tenuremask="7ffc" tiltratio="50" />
  <memory-copied type="nursery" objects="1045" bytes="241208" bytesdiscarded="49600" />
  <memory-copied type="tenure" objects="223" bytes="537584" bytesdiscarded="248" />
  <finalization candidates="1" enqueued="0" />
  <references type="soft" candidates="2" cleared="0" enqueued="0" dynamicThreshold="24" maxThreshold="32" />
  <references type="weak" candidates="18" cleared="5" enqueued="3" />
</gc-op>
<gc-end id="249" type="scavenge" contextid="245" durationms="0.772" usertimems="0.000" systemtimems="0.000" timestamp="2019-08-02T20:08:27.777" activeThreads="8">
  <mem-info id="250" free="3662584" total="8388608" percent="43">
    <mem type="nursery" free="757752" total="2097152" percent="36">
      <mem type="allocate" free="757752" total="1048576" percent="72" />
      <mem type="survivor" free="0" total="1048576" percent="0" />
    </mem>
    <mem type="tenure" free="2904832" total="6291456" percent="46">
      <mem type="soa" free="2590464" total="5977088" percent="43" />
      <mem type="loa" free="314368" total="314368" percent="100" />
    </mem>
    <pending-finalizers system="0" default="0" reference="3" classloader="0" />
    <remembered-set count="322" />
  </mem-info>
</gc-end>
<cycle-end id="251" type="scavenge" contextid="245" timestamp="2019-08-02T20:08:27.777" />
  <attribute name="elasticGC enabled" value="1" />
  <attribute name= "numThreadsSpecified" value="0" />
  <attribute name="heapSize specified" value="0" />
  <attribute name= "numCores" value="8" />
  <attribute name ="GC Interval" value="500" />
  <attribute name ="Control flow" value="2" />
  <attribute name="GC Util Range Max" value="23" />
  <attribute name="Current GC Util" value="12" />
  <attribute name= "Current Time Running" value="650" />
<allocation-satisfied id="252" threadId="0000000001CAC300" bytesRequested="16" />
<af-end id="253" timestamp="2019-08-02T20:08:27.777" threadId="0000000001CACC88" success="true" from="nursery"/>
<exclusive-end id="254" timestamp="2019-08-02T20:08:27.777" durationms="1.335" />

<exclusive-start id="255" timestamp="2019-08-02T20:08:27.798" intervalms="21.975">
  <response-info timems="0.057" idlems="0.035" threads="1" lastid="0000000001CBB300" lastname="Thread-9" />
</exclusive-start>
<af-start id="256" threadId="0000000001CBF888" totalBytesRequested="160" timestamp="2019-08-02T20:08:27.798" intervalms="22.002" type="nursery" />
<cycle-start id="257" type="scavenge" contextid="0" timestamp="2019-08-02T20:08:27.798" intervalms="22.013" />
<gc-start id="258" type="scavenge" contextid="257" timestamp="2019-08-02T20:08:27.798">
  <mem-info id="259" free="2896976" total="8388608" percent="34">
    <mem type="nursery" free="0" total="2097152" percent="0">
      <mem type="allocate" free="0" total="1048576" percent="0" />
      <mem type="survivor" free="0" total="1048576" percent="0" />
    </mem>
    <mem type="tenure" free="2896976" total="6291456" percent="46">
      <mem type="soa" free="2582608" total="5977088" percent="43" />
      <mem type="loa" free="314368" total="314368" percent="100" />
    </mem>
    <remembered-set count="458" />
  </mem-info>
</gc-start>
<allocation-stats totalBytes="760336" >
  <allocated-bytes non-tlh="40664" tlh="719672" />
  <largest-consumer threadName="Thread-5" threadId="0000000001CAC300" bytes="220080" />
</allocation-stats>
<gc-op id="260" type="scavenge" timems="0.650" contextid="257" timestamp="2019-08-02T20:08:27.799">
  <scavenger-info tenureage="2" tenuremask="7ffc" tiltratio="50" />
  <memory-copied type="nursery" objects="1865" bytes="157968" bytesdiscarded="86712" />
  <memory-copied type="tenure" objects="785" bytes="162936" bytesdiscarded="1664" />
  <finalization candidates="10" enqueued="1" />
  <references type="soft" candidates="20" cleared="0" enqueued="0" dynamicThreshold="24" maxThreshold="32" />
  <references type="weak" candidates="117" cleared="26" enqueued="16" />
  <references type="phantom" candidates="4" cleared="0" enqueued="0" />
</gc-op>
<gc-end id="261" type="scavenge" contextid="257" durationms="0.999" usertimems="0.000" systemtimems="0.000" timestamp="2019-08-02T20:08:27.799" activeThreads="8">
  <mem-info id="262" free="3510344" total="8388608" percent="41">
    <mem type="nursery" free="803832" total="2097152" percent="38">
      <mem type="allocate" free="803832" total="1048576" percent="76" />
      <mem type="survivor" free="0" total="1048576" percent="0" />
    </mem>
    <mem type="tenure" free="2706512" total="6291456" percent="43">
      <mem type="soa" free="2392144" total="5977088" percent="40" />
      <mem type="loa" free="314368" total="314368" percent="100" />
    </mem>
    <pending-finalizers system="1" default="0" reference="16" classloader="0" />
    <remembered-set count="300" />
  </mem-info>
</gc-end>
<cycle-end id="263" type="scavenge" contextid="257" timestamp="2019-08-02T20:08:27.800" />
  <attribute name="elasticGC enabled" value="1" />
  <attribute name= "numThreadsSpecified" value="0" />
  <attribute name="heapSize specified" value="0" />
  <attribute name= "numCores" value="8" />
  <attribute name ="GC Interval" value="500" />
  <attribute name ="Control flow" value="2" />
  <attribute name="GC Util Range Max" value="23" />
  <attribute name="Current GC Util" value="5" />
  <attribute name= "Current Time Running" value="673" />
<allocation-satisfied id="264" threadId="0000000001CBEF00" bytesRequested="160" />
<af-end id="265" timestamp="2019-08-02T20:08:27.800" threadId="0000000001CBF888" success="true" from="nursery"/>
<exclusive-end id="266" timestamp="2019-08-02T20:08:27.800" durationms="1.695" />

<exclusive-start id="267" timestamp="2019-08-02T20:08:27.814" intervalms="16.068">
  <response-info timems="0.131" idlems="0.131" threads="0" lastid="0000000001CA8700" lastname="Thread-4" />
</exclusive-start>
<af-start id="268" threadId="0000000001CA9088" totalBytesRequested="16392" timestamp="2019-08-02T20:08:27.814" intervalms="16.053" type="nursery" />
<cycle-start id="269" type="scavenge" contextid="0" timestamp="2019-08-02T20:08:27.814" intervalms="16.094" />
<gc-start id="270" type="scavenge" contextid="269" timestamp="2019-08-02T20:08:27.815">
  <mem-info id="271" free="2709848" total="8388608" percent="32">
    <mem type="nursery" free="4928" total="2097152" percent="0">
      <mem type="allocate" free="4928" total="1048576" percent="0" />
      <mem type="survivor" free="0" total="1048576" percent="0" />
    </mem>
    <mem type="tenure" free="2704920" total="6291456" percent="42">
      <mem type="soa" free="2390552" total="5977088" percent="39" />
      <mem type="loa" free="314368" total="314368" percent="100" />
    </mem>
    <remembered-set count="329" />
  </mem-info>
</gc-start>
<allocation-stats totalBytes="787952" >
  <allocated-bytes non-tlh="34544" tlh="753408" />
  <largest-consumer threadName="Thread-7" threadId="0000000001CB3B00" bytes="153776" />
</allocation-stats>
<gc-op id="272" type="scavenge" timems="0.629" contextid="269" timestamp="2019-08-02T20:08:27.815">
  <scavenger-info tenureage="2" tenuremask="7ffc" tiltratio="50" />
  <memory-copied type="nursery" objects="5822" bytes="267864" bytesdiscarded="92536" />
  <memory-copied type="tenure" objects="147" bytes="30816" bytesdiscarded="0" />
  <finalization candidates="9" enqueued="0" />
  <references type="soft" candidates="19" cleared="0" enqueued="0" dynamicThreshold="24" maxThreshold="32" />
  <references type="weak" candidates="74" cleared="5" enqueued="5" />
  <references type="phantom" candidates="5" cleared="0" enqueued="0" />
</gc-op>
<gc-end id="273" type="scavenge" contextid="269" durationms="1.023" usertimems="0.000" systemtimems="4.000" timestamp="2019-08-02T20:08:27.816" activeThreads="8">
  <mem-info id="274" free="3434768" total="8388608" percent="40">
    <mem type="nursery" free="753656" total="2097152" percent="35">
      <mem type="allocate" free="753656" total="1114112" percent="67" />
      <mem type="survivor" free="0" total="983040" percent="0" />
    </mem>
    <mem type="tenure" free="2681112" total="6291456" percent="42">
      <mem type="soa" free="2366744" total="5977088" percent="39" />
      <mem type="loa" free="314368" total="314368" percent="100" />
    </mem>
    <pending-finalizers system="0" default="0" reference="5" classloader="0" />
    <remembered-set count="294" />
  </mem-info>
</gc-end>
<cycle-end id="275" type="scavenge" contextid="269" timestamp="2019-08-02T20:08:27.816" />
  <attribute name="elasticGC enabled" value="1" />
  <attribute name= "numThreadsSpecified" value="0" />
  <attribute name="heapSize specified" value="0" />
  <attribute name= "numCores" value="8" />
  <attribute name ="GC Interval" value="500" />
  <attribute name ="Control flow" value="2" />
  <attribute name="GC Util Range Max" value="23" />
  <attribute name="Current GC Util" value="7" />
  <attribute name= "Current Time Running" value="689" />
<allocation-satisfied id="276" threadId="0000000001CA8700" bytesRequested="16392" />
<af-end id="277" timestamp="2019-08-02T20:08:27.816" threadId="0000000001CA9088" success="true" from="nursery"/>
<exclusive-end id="278" timestamp="2019-08-02T20:08:27.816" durationms="1.717" />

<exclusive-start id="279" timestamp="2019-08-02T20:08:27.838" intervalms="23.480">
  <response-info timems="0.056" idlems="0.056" threads="0" lastid="0000000001CBB300" lastname="Thread-9" />
</exclusive-start>
<af-start id="280" threadId="0000000001CBBC88" totalBytesRequested="1032" timestamp="2019-08-02T20:08:27.838" intervalms="23.465" type="nursery" />
<cycle-start id="281" type="scavenge" contextid="0" timestamp="2019-08-02T20:08:27.838" intervalms="23.452" />
<gc-start id="282" type="scavenge" contextid="281" timestamp="2019-08-02T20:08:27.838">
  <mem-info id="283" free="2676960" total="8388608" percent="31">
    <mem type="nursery" free="0" total="2097152" percent="0">
      <mem type="allocate" free="0" total="1114112" percent="0" />
      <mem type="survivor" free="0" total="983040" percent="0" />
    </mem>
    <mem type="tenure" free="2676960" total="6291456" percent="42">
      <mem type="soa" free="2362592" total="5977088" percent="39" />
      <mem type="loa" free="314368" total="314368" percent="100" />
    </mem>
    <remembered-set count="362" />
  </mem-info>
</gc-start>
<allocation-stats totalBytes="749096" >
  <allocated-bytes non-tlh="20544" tlh="728552" />
  <largest-consumer threadName="Thread-9" threadId="0000000001CBB300" bytes="193800" />
</allocation-stats>
<gc-op id="284" type="scavenge" timems="0.758" contextid="281" timestamp="2019-08-02T20:08:27.839">
  <scavenger-info tenureage="2" tenuremask="7ffc" tiltratio="53" />
  <memory-copied type="nursery" objects="8488" bytes="387656" bytesdiscarded="63952" />
  <memory-copied type="tenure" objects="1459" bytes="39560" bytesdiscarded="0" />
  <finalization candidates="8" enqueued="0" />
  <references type="soft" candidates="1" cleared="0" enqueued="0" dynamicThreshold="24" maxThreshold="32" />
  <references type="weak" candidates="6" cleared="1" enqueued="1" />
  <references type="phantom" candidates="1" cleared="0" enqueued="0" />
</gc-op>
<gc-end id="285" type="scavenge" contextid="281" durationms="1.063" usertimems="0.000" systemtimems="0.000" timestamp="2019-08-02T20:08:27.839" activeThreads="8">
  <mem-info id="286" free="3404976" total="8388608" percent="40">
    <mem type="nursery" free="728016" total="2097152" percent="34">
      <mem type="allocate" free="728016" total="1179648" percent="61" />
      <mem type="survivor" free="0" total="917504" percent="0" />
    </mem>
    <mem type="tenure" free="2676960" total="6291456" percent="42">
      <mem type="soa" free="2362592" total="5977088" percent="39" />
      <mem type="loa" free="314368" total="314368" percent="100" />
    </mem>
    <pending-finalizers system="0" default="0" reference="1" classloader="0" />
    <remembered-set count="231" />
  </mem-info>
</gc-end>
<cycle-end id="287" type="scavenge" contextid="281" timestamp="2019-08-02T20:08:27.839" />
  <attribute name="elasticGC enabled" value="1" />
  <attribute name= "numThreadsSpecified" value="0" />
  <attribute name="heapSize specified" value="0" />
  <attribute name= "numCores" value="8" />
  <attribute name ="GC Interval" value="500" />
  <attribute name ="Control flow" value="2" />
  <attribute name="GC Util Range Max" value="23" />
  <attribute name="Current GC Util" value="5" />
  <attribute name= "Current Time Running" value="712" />
<allocation-satisfied id="288" threadId="0000000001CBB300" bytesRequested="1032" />
<af-end id="289" timestamp="2019-08-02T20:08:27.839" threadId="0000000001CBBC88" success="true" from="nursery"/>
<exclusive-end id="290" timestamp="2019-08-02T20:08:27.839" durationms="1.739" />

<exclusive-start id="291" timestamp="2019-08-02T20:08:27.855" intervalms="17.609">
  <response-info timems="0.078" idlems="0.078" threads="0" lastid="0000000001CA4B00" lastname="Thread-3" />
</exclusive-start>
<af-start id="292" threadId="0000000001CA5488" totalBytesRequested="120" timestamp="2019-08-02T20:08:27.855" intervalms="17.536" type="nursery" />
<cycle-start id="293" type="scavenge" contextid="0" timestamp="2019-08-02T20:08:27.855" intervalms="17.459" />
<gc-start id="294" type="scavenge" contextid="293" timestamp="2019-08-02T20:08:27.855">
  <mem-info id="295" free="2670976" total="8388608" percent="31">
    <mem type="nursery" free="0" total="2097152" percent="0">
      <mem type="allocate" free="0" total="1179648" percent="0" />
      <mem type="survivor" free="0" total="917504" percent="0" />
    </mem>
    <mem type="tenure" free="2670976" total="6291456" percent="42">
      <mem type="soa" free="2356608" total="5977088" percent="39" />
      <mem type="loa" free="314368" total="314368" percent="100" />
    </mem>
    <remembered-set count="320" />
  </mem-info>
</gc-start>
<allocation-stats totalBytes="726696" >
  <allocated-bytes non-tlh="23416" tlh="703280" />
  <largest-consumer threadName="Thread-9" threadId="0000000001CBB300" bytes="260952" />
</allocation-stats>
<gc-op id="296" type="scavenge" timems="4.875" contextid="293" timestamp="2019-08-02T20:08:27.860">
  <scavenger-info tenureage="1" tenuremask="7ffe" tiltratio="56" />
  <memory-copied type="nursery" objects="2206" bytes="319888" bytesdiscarded="105344" />
  <memory-copied type="tenure" objects="8461" bytes="384464" bytesdiscarded="832" />
  <references type="weak" candidates="5" cleared="0" enqueued="0" />
</gc-op>
<heap-resize id="297" type="expand" space="nursery" amount="393216" count="1" timems="0.154" reason="excessive time being spent scavenging" timestamp="2019-08-02T20:08:27.861" />
<gc-end id="298" type="scavenge" contextid="293" durationms="5.495" usertimems="8.000" systemtimems="0.000" timestamp="2019-08-02T20:08:27.861" activeThreads="8">
  <mem-info id="299" free="3400472" total="8781824" percent="38">
    <mem type="nursery" free="1082056" total="2490368" percent="43">
      <mem type="allocate" free="1082056" total="1507328" percent="71" />
      <mem type="survivor" free="0" total="983040" percent="0" />
    </mem>
    <mem type="tenure" free="2318416" total="6291456" percent="36">
      <mem type="soa" free="2004048" total="5977088" percent="33" />
      <mem type="loa" free="314368" total="314368" percent="100" />
    </mem>
    <remembered-set count="269" />
  </mem-info>
</gc-end>
<cycle-end id="300" type="scavenge" contextid="293" timestamp="2019-08-02T20:08:27.861" />
  <attribute name="elasticGC enabled" value="1" />
  <attribute name= "numThreadsSpecified" value="0" />
  <attribute name="heapSize specified" value="0" />
  <attribute name= "numCores" value="8" />
  <attribute name ="GC Interval" value="500" />
  <attribute name ="Control flow" value="2" />
  <attribute name="GC Util Range Max" value="23" />
  <attribute name="Current GC Util" value="8" />
  <attribute name= "Current Time Running" value="729" />
<allocation-satisfied id="301" threadId="0000000001CA4B00" bytesRequested="120" />
<af-end id="302" timestamp="2019-08-02T20:08:27.861" threadId="0000000001CA5488" success="true" from="nursery"/>
<exclusive-end id="303" timestamp="2019-08-02T20:08:27.861" durationms="6.027" />

<exclusive-start id="304" timestamp="2019-08-02T20:08:27.890" intervalms="34.986">
  <response-info timems="0.184" idlems="0.114" threads="1" lastid="0000000001CA4B00" lastname="Thread-3" />
</exclusive-start>
<af-start id="305" threadId="0000000001CB0888" totalBytesRequested="64" timestamp="2019-08-02T20:08:27.890" intervalms="35.020" type="nursery" />
<cycle-start id="306" type="scavenge" contextid="0" timestamp="2019-08-02T20:08:27.890" intervalms="35.068" />
<gc-start id="307" type="scavenge" contextid="306" timestamp="2019-08-02T20:08:27.891">
  <mem-info id="308" free="2308728" total="8781824" percent="26">
    <mem type="nursery" free="0" total="2490368" percent="0">
      <mem type="allocate" free="0" total="1507328" percent="0" />
      <mem type="survivor" free="0" total="983040" percent="0" />
    </mem>
    <mem type="tenure" free="2308728" total="6291456" percent="36">
      <mem type="soa" free="1994360" total="5977088" percent="33" />
      <mem type="loa" free="314368" total="314368" percent="100" />
    </mem>
    <remembered-set count="549" />
  </mem-info>
</gc-start>
<allocation-stats totalBytes="1082480" >
  <allocated-bytes non-tlh="67360" tlh="1015120" />
  <largest-consumer threadName="Thread-3" threadId="0000000001CA4B00" bytes="225536" />
</allocation-stats>
<gc-op id="309" type="scavenge" timems="0.922" contextid="306" timestamp="2019-08-02T20:08:27.892">
  <scavenger-info tenureage="1" tenuremask="7ffe" tiltratio="60" />
  <memory-copied type="nursery" objects="2312" bytes="347168" bytesdiscarded="84768" />
  <memory-copied type="tenure" objects="2134" bytes="309656" bytesdiscarded="208" />
  <references type="soft" candidates="2" cleared="0" enqueued="0" dynamicThreshold="24" maxThreshold="32" />
  <references type="weak" candidates="35" cleared="11" enqueued="7" />
</gc-op>
<gc-end id="310" type="scavenge" contextid="306" durationms="1.131" usertimems="0.000" systemtimems="0.000" timestamp="2019-08-02T20:08:27.892" activeThreads="8">
  <mem-info id="311" free="3259056" total="8781824" percent="37">
    <mem type="nursery" free="1271928" total="2490368" percent="51">
      <mem type="allocate" free="1271928" total="1703936" percent="74" />
      <mem type="survivor" free="0" total="786432" percent="0" />
    </mem>
    <mem type="tenure" free="1987128" total="6291456" percent="31">
      <mem type="soa" free="1672760" total="5977088" percent="27" />
      <mem type="loa" free="314368" total="314368" percent="100" />
    </mem>
    <pending-finalizers system="0" default="0" reference="7" classloader="0" />
    <remembered-set count="514" />
  </mem-info>
</gc-end>
<cycle-end id="312" type="scavenge" contextid="306" timestamp="2019-08-02T20:08:27.892" />
  <attribute name="elasticGC enabled" value="1" />
  <attribute name= "numThreadsSpecified" value="0" />
  <attribute name="heapSize specified" value="0" />
  <attribute name= "numCores" value="8" />
  <attribute name ="GC Interval" value="500" />
  <attribute name ="Control flow" value="2" />
  <attribute name="GC Util Range Max" value="23" />
  <attribute name="Current GC Util" value="14" />
  <attribute name= "Current Time Running" value="765" />
<allocation-satisfied id="313" threadId="0000000001CAFF00" bytesRequested="64" />
<af-end id="314" timestamp="2019-08-02T20:08:27.892" threadId="0000000001CB0888" success="true" from="nursery"/>
<exclusive-end id="315" timestamp="2019-08-02T20:08:27.892" durationms="1.669" />

<exclusive-start id="316" timestamp="2019-08-02T20:08:27.946" intervalms="56.118">
  <response-info timems="0.079" idlems="0.079" threads="0" lastid="0000000001CB7700" lastname="Thread-8" />
</exclusive-start>
<af-start id="317" threadId="0000000001CB8088" totalBytesRequested="16392" timestamp="2019-08-02T20:08:27.946" intervalms="56.125" type="nursery" />
<cycle-start id="318" type="scavenge" contextid="0" timestamp="2019-08-02T20:08:27.947" intervalms="56.080" />
<gc-start id="319" type="scavenge" contextid="318" timestamp="2019-08-02T20:08:27.947">
  <mem-info id="320" free="1986152" total="8781824" percent="22">
    <mem type="nursery" free="0" total="2490368" percent="0">
      <mem type="allocate" free="0" total="1703936" percent="0" />
      <mem type="survivor" free="0" total="786432" percent="0" />
    </mem>
    <mem type="tenure" free="1986152" total="6291456" percent="31">
      <mem type="soa" free="1671784" total="5977088" percent="27" />
      <mem type="loa" free="314368" total="314368" percent="100" />
    </mem>
    <remembered-set count="645" />
  </mem-info>
</gc-start>
<allocation-stats totalBytes="1226264" >
  <allocated-bytes non-tlh="66592" tlh="1159672" />
  <largest-consumer threadName="Thread-6" threadId="0000000001CAFF00" bytes="512896" />
</allocation-stats>
<gc-op id="321" type="scavenge" timems="6.765" contextid="318" timestamp="2019-08-02T20:08:27.953">
  <scavenger-info tenureage="1" tenuremask="7ffe" tiltratio="68" />
  <memory-copied type="nursery" objects="1102" bytes="367968" bytesdiscarded="39328" />
  <memory-copied type="tenure" objects="1951" bytes="288280" bytesdiscarded="1680" />
  <references type="soft" candidates="2" cleared="0" enqueued="0" dynamicThreshold="24" maxThreshold="32" />
  <references type="weak" candidates="6" cleared="2" enqueued="2" />
  <references type="phantom" candidates="1" cleared="0" enqueued="0" />
</gc-op>
<heap-resize id="322" type="expand" space="nursery" amount="131072" count="1" timems="0.014" reason="excessive time being spent scavenging" timestamp="2019-08-02T20:08:27.954" />
<gc-end id="323" type="scavenge" contextid="318" durationms="7.209" usertimems="4.000" systemtimems="0.000" timestamp="2019-08-02T20:08:27.954" activeThreads="8">
  <mem-info id="324" free="3117824" total="8912896" percent="34">
    <mem type="nursery" free="1427672" total="2621440" percent="54">
      <mem type="allocate" free="1427672" total="1835008" percent="77" />
      <mem type="survivor" free="0" total="786432" percent="0" />
    </mem>
    <mem type="tenure" free="1690152" total="6291456" percent="26">
      <mem type="soa" free="1375784" total="5977088" percent="23" />
      <mem type="loa" free="314368" total="314368" percent="100" />
    </mem>
    <pending-finalizers system="0" default="0" reference="2" classloader="0" />
    <remembered-set count="411" />
  </mem-info>
</gc-end>
<cycle-end id="325" type="scavenge" contextid="318" timestamp="2019-08-02T20:08:27.954" />
  <attribute name="elasticGC enabled" value="1" />
  <attribute name= "numThreadsSpecified" value="0" />
  <attribute name="heapSize specified" value="0" />
  <attribute name= "numCores" value="8" />
  <attribute name ="GC Interval" value="400" />
  <attribute name ="Control flow" value="2" />
  <attribute name="GC Util Range Max" value="23" />
  <attribute name="Current GC Util" value="3" />
  <attribute name= "Current Time Running" value="821" />
<allocation-satisfied id="326" threadId="0000000001CB7700" bytesRequested="16392" />
<af-end id="327" timestamp="2019-08-02T20:08:27.954" threadId="0000000001CB8088" success="true" from="nursery"/>
<exclusive-end id="328" timestamp="2019-08-02T20:08:27.954" durationms="7.791" />

<exclusive-start id="329" timestamp="2019-08-02T20:08:27.987" intervalms="40.718">
  <response-info timems="0.063" idlems="0.033" threads="1" lastid="0000000001CA8700" lastname="Thread-4" />
</exclusive-start>
<af-start id="330" threadId="0000000001CB4488" totalBytesRequested="16392" timestamp="2019-08-02T20:08:27.987" intervalms="40.698" type="nursery" />
<cycle-start id="331" type="scavenge" contextid="0" timestamp="2019-08-02T20:08:27.987" intervalms="40.739" />
<gc-start id="332" type="scavenge" contextid="331" timestamp="2019-08-02T20:08:27.987">
  <mem-info id="333" free="1689688" total="8912896" percent="18">
    <mem type="nursery" free="0" total="2621440" percent="0">
      <mem type="allocate" free="0" total="1835008" percent="0" />
      <mem type="survivor" free="0" total="786432" percent="0" />
    </mem>
    <mem type="tenure" free="1689688" total="6291456" percent="26">
      <mem type="soa" free="1375320" total="5977088" percent="23" />
      <mem type="loa" free="314368" total="314368" percent="100" />
    </mem>
    <remembered-set count="539" />
  </mem-info>
</gc-start>
<allocation-stats totalBytes="1399664" >
  <allocated-bytes non-tlh="164360" tlh="1235304" />
  <largest-consumer threadName="Thread-8" threadId="0000000001CB7700" bytes="585736" />
</allocation-stats>
<gc-op id="334" type="scavenge" timems="0.758" contextid="331" timestamp="2019-08-02T20:08:27.988">
  <scavenger-info tenureage="1" tenuremask="7ffe" tiltratio="70" />
  <memory-copied type="nursery" objects="1021" bytes="347232" bytesdiscarded="110480" />
  <memory-copied type="tenure" objects="951" bytes="322992" bytesdiscarded="864" />
  <references type="weak" candidates="1" cleared="1" enqueued="1" />
</gc-op>
<gc-end id="335" type="scavenge" contextid="331" durationms="0.982" usertimems="0.000" systemtimems="0.000" timestamp="2019-08-02T20:08:27.988" activeThreads="8">
  <mem-info id="336" free="2735320" total="8912896" percent="30">
    <mem type="nursery" free="1508304" total="2621440" percent="57">
      <mem type="allocate" free="1508304" total="1966080" percent="76" />
      <mem type="survivor" free="0" total="655360" percent="0" />
    </mem>
    <mem type="tenure" free="1227016" total="6291456" percent="19">
      <mem type="soa" free="912648" total="5977088" percent="15" />
      <mem type="loa" free="314368" total="314368" percent="100" />
    </mem>
    <pending-finalizers system="0" default="0" reference="1" classloader="0" />
    <remembered-set count="237" />
  </mem-info>
</gc-end>
<cycle-end id="337" type="scavenge" contextid="331" timestamp="2019-08-02T20:08:27.988" />
  <attribute name="elasticGC enabled" value="1" />
  <attribute name= "numThreadsSpecified" value="0" />
  <attribute name="heapSize specified" value="0" />
  <attribute name= "numCores" value="8" />
  <attribute name ="GC Interval" value="300" />
  <attribute name ="Control flow" value="2" />
  <attribute name="GC Util Range Max" value="23" />
  <attribute name="Current GC Util" value="17" />
  <attribute name= "Current Time Running" value="861" />
<allocation-satisfied id="338" threadId="0000000001CB3B00" bytesRequested="16392" />
<af-end id="339" timestamp="2019-08-02T20:08:27.989" threadId="0000000001CB4488" success="true" from="nursery"/>
<exclusive-end id="340" timestamp="2019-08-02T20:08:27.989" durationms="1.524" />

<exclusive-start id="341" timestamp="2019-08-02T20:08:28.009" intervalms="21.955">
  <response-info timems="0.033" idlems="0.033" threads="0" lastid="0000000001CAC300" lastname="Thread-5" />
</exclusive-start>
<af-start id="342" threadId="0000000001CACC88" totalBytesRequested="48" timestamp="2019-08-02T20:08:28.009" intervalms="22.078" type="nursery" />
<cycle-start id="343" type="scavenge" contextid="0" timestamp="2019-08-02T20:08:28.009" intervalms="22.055" />
<gc-start id="344" type="scavenge" contextid="343" timestamp="2019-08-02T20:08:28.009">
  <mem-info id="345" free="1226976" total="8912896" percent="13">
    <mem type="nursery" free="0" total="2621440" percent="0">
      <mem type="allocate" free="0" total="1966080" percent="0" />
      <mem type="survivor" free="0" total="655360" percent="0" />
    </mem>
    <mem type="tenure" free="1226976" total="6291456" percent="19">
      <mem type="soa" free="912608" total="5977088" percent="15" />
      <mem type="loa" free="314368" total="314368" percent="100" />
    </mem>
    <remembered-set count="352" />
  </mem-info>
</gc-start>
<allocation-stats totalBytes="1478000" >
  <allocated-bytes non-tlh="196720" tlh="1281280" />
  <largest-consumer threadName="Thread-4" threadId="0000000001CA8700" bytes="746512" />
</allocation-stats>
<gc-op id="346" type="scavenge" timems="0.962" contextid="343" timestamp="2019-08-02T20:08:28.010">
  <scavenger-info tenureage="1" tenuremask="7ffe" tiltratio="75" />
  <memory-copied type="nursery" objects="1318" bytes="552448" bytesdiscarded="102872" />
  <memory-copied type="tenure" objects="933" bytes="332880" bytesdiscarded="816" />
  <copy-failed type="nursery" objects="3" bytes="6168" />
  <references type="weak" candidates="1" cleared="0" enqueued="0" />
  <references type="phantom" candidates="2" cleared="0" enqueued="0" />
</gc-op>
<gc-end id="347" type="scavenge" contextid="343" durationms="1.177" usertimems="0.000" systemtimems="0.000" timestamp="2019-08-02T20:08:28.011" activeThreads="8">
  <mem-info id="348" free="1831328" total="8912896" percent="20">
    <mem type="nursery" free="1048576" total="2621440" percent="40">
      <mem type="allocate" free="1048576" total="1703936" percent="61" />
      <mem type="survivor" free="0" total="917504" percent="0" />
    </mem>
    <mem type="tenure" free="782752" total="6291456" percent="12">
      <mem type="soa" free="468384" total="5977088" percent="7" />
      <mem type="loa" free="314368" total="314368" percent="100" />
    </mem>
    <remembered-set count="204" />
  </mem-info>
</gc-end>
<cycle-end id="349" type="scavenge" contextid="343" timestamp="2019-08-02T20:08:28.011" />
  <attribute name="elasticGC enabled" value="1" />
  <attribute name= "numThreadsSpecified" value="0" />
  <attribute name="heapSize specified" value="0" />
  <attribute name= "numCores" value="8" />
  <attribute name ="GC Interval" value="300" />
  <attribute name ="Control flow" value="2" />
  <attribute name="GC Util Range Max" value="23" />
  <attribute name="Current GC Util" value="7" />
  <attribute name= "Current Time Running" value="883" />
<allocation-satisfied id="350" threadId="0000000001CAC300" bytesRequested="48" />
<af-end id="351" timestamp="2019-08-02T20:08:28.011" threadId="0000000001CACC88" success="true" from="nursery"/>
<exclusive-end id="352" timestamp="2019-08-02T20:08:28.011" durationms="1.817" />

<concurrent-kickoff id="353" timestamp="2019-08-02T20:08:28.024">
  <kickoff reason="threshold reached" targetBytes="1867303" thresholdFreeBytes="258146"  remainingFree="233400" tenureFreeBytes="782720" nurseryFreeBytes="233400" />
</concurrent-kickoff>
<exclusive-start id="354" timestamp="2019-08-02T20:08:28.025" intervalms="15.866">
  <response-info timems="0.042" idlems="0.042" threads="0" lastid="0000000001CBB300" lastname="Thread-9" />
</exclusive-start>
<cycle-start id="355" type="global" contextid="0" timestamp="2019-08-02T20:08:28.025" intervalms="303.880" />
<exclusive-end id="356" timestamp="2019-08-02T20:08:28.025" durationms="0.108" />

<exclusive-start id="357" timestamp="2019-08-02T20:08:28.030" intervalms="5.078">
  <response-info timems="0.048" idlems="0.048" threads="0" lastid="0000000001CAC300" lastname="Thread-5" />
</exclusive-start>
<af-start id="358" threadId="0000000001CACC88" totalBytesRequested="16392" timestamp="2019-08-02T20:08:28.030" intervalms="20.803" type="nursery" />
<cycle-start id="359" type="scavenge" contextid="0" timestamp="2019-08-02T20:08:28.030" intervalms="20.799" />
<gc-start id="360" type="scavenge" contextid="359" timestamp="2019-08-02T20:08:28.030">
  <mem-info id="361" free="782720" total="8912896" percent="8">
    <mem type="nursery" free="0" total="2621440" percent="0">
      <mem type="allocate" free="0" total="1703936" percent="0" />
      <mem type="survivor" free="0" total="917504" percent="0" />
    </mem>
    <mem type="tenure" free="782720" total="6291456" percent="12">
      <mem type="soa" free="468352" total="5977088" percent="7" />
      <mem type="loa" free="314368" total="314368" percent="100" />
    </mem>
    <remembered-set count="322" />
  </mem-info>
</gc-start>
<allocation-stats totalBytes="1013768" >
  <allocated-bytes non-tlh="65640" tlh="948128" />
  <largest-consumer threadName="Thread-10" threadId="0000000001CBEF00" bytes="555256" />
</allocation-stats>
<gc-op id="362" type="scavenge" timems="0.876" contextid="359" timestamp="2019-08-02T20:08:28.031">
  <scavenger-info tenureage="1" tenuremask="7ffe" tiltratio="65" />
  <memory-copied type="nursery" objects="386" bytes="185984" bytesdiscarded="41080" />
  <memory-copied type="tenure" objects="1190" bytes="503064" bytesdiscarded="56" />
  <references type="weak" candidates="1" cleared="0" enqueued="0" />
  <references type="phantom" candidates="2" cleared="0" enqueued="0" />
</gc-op>
<gc-end id="363" type="scavenge" contextid="359" durationms="1.087" usertimems="4.000" systemtimems="0.000" timestamp="2019-08-02T20:08:28.031" activeThreads="8">
  <mem-info id="364" free="1856752" total="8912896" percent="20">
    <mem type="nursery" free="1542384" total="2621440" percent="58">
      <mem type="allocate" free="1542384" total="1769472" percent="87" />
      <mem type="survivor" free="0" total="851968" percent="0" />
    </mem>
    <mem type="tenure" free="314368" total="6291456" percent="4">
      <mem type="soa" free="0" total="5977088" percent="0" />
      <mem type="loa" free="314368" total="314368" percent="100" />
    </mem>
    <remembered-set count="232" />
  </mem-info>
</gc-end>
<cycle-end id="365" type="scavenge" contextid="359" timestamp="2019-08-02T20:08:28.031" />
  <attribute name="elasticGC enabled" value="1" />
  <attribute name= "numThreadsSpecified" value="0" />
  <attribute name="heapSize specified" value="0" />
  <attribute name= "numCores" value="8" />
  <attribute name ="GC Interval" value="300" />
  <attribute name ="Control flow" value="2" />
  <attribute name="GC Util Range Max" value="23" />
  <attribute name="Current GC Util" value="9" />
  <attribute name= "Current Time Running" value="904" />
<allocation-satisfied id="366" threadId="0000000001CAC300" bytesRequested="16392" />
<af-end id="367" timestamp="2019-08-02T20:08:28.031" threadId="0000000001CACC88" success="true" from="nursery"/>
<exclusive-end id="368" timestamp="2019-08-02T20:08:28.032" durationms="1.549" />

<exclusive-start id="369" timestamp="2019-08-02T20:08:28.052" intervalms="21.814">
  <response-info timems="0.105" idlems="0.105" threads="0" lastid="0000000001CB7700" lastname="Thread-8" />
</exclusive-start>
<af-start id="370" threadId="0000000001CB8088" totalBytesRequested="16392" timestamp="2019-08-02T20:08:28.052" intervalms="21.837" type="nursery" />
<percolate-collect id="371" from="nursery" to="global" reason="concurrent mark exhausted" timestamp="2019-08-02T20:08:28.052"/>
<gc-start id="372" type="global" contextid="355" timestamp="2019-08-02T20:08:28.052">
  <mem-info id="373" free="314368" total="8912896" percent="3">
    <mem type="nursery" free="0" total="2621440" percent="0">
      <mem type="allocate" free="0" total="1769472" percent="0" />
      <mem type="survivor" free="0" total="851968" percent="0" />
    </mem>
    <mem type="tenure" free="314368" total="6291456" percent="4">
      <mem type="soa" free="0" total="5977088" percent="0" />
      <mem type="loa" free="314368" total="314368" percent="100" />
    </mem>
    <remembered-set count="322" />
  </mem-info>
</gc-start>
<allocation-stats totalBytes="1464376" >
  <allocated-bytes non-tlh="295008" tlh="1169368" />
  <largest-consumer threadName="Thread-5" threadId="0000000001CAC300" bytes="449112" />
</allocation-stats>
<concurrent-halted id="374" timestamp="2019-08-02T20:08:28.052">
  <halted state="Complete" status="exhausted" />
  <traced bytesTarget="1867303" bytesTotal="2078156" bytesByMutator="1211404" bytesByHelper="866752" percent="111" />
  <cards cleaned="203" thresholdBytes="101693" />
</concurrent-halted>
<gc-op id="375" type="rs-scan" timems="1.965" contextid="355" timestamp="2019-08-02T20:08:28.054">
  <scan objectsFound="242" bytesTraced="32520" workStackOverflowCount="0" />
</gc-op>
<gc-op id="376" type="card-cleaning" timems="1.934" contextid="355" timestamp="2019-08-02T20:08:28.056">
  <card-cleaning cardsCleaned="5" bytesTraced="611216" workStackOverflowCount="0" />
</gc-op>
<gc-op id="377" type="mark" timems="3.425" contextid="355" timestamp="2019-08-02T20:08:28.060">
  <trace-info objectcount="958" scancount="849" scanbytes="166108" />
  <finalization candidates="25" enqueued="0" />
  <references type="soft" candidates="168" cleared="0" enqueued="0" dynamicThreshold="24" maxThreshold="32" />
  <references type="weak" candidates="251" cleared="3" enqueued="2" />
  <references type="phantom" candidates="75" cleared="2" enqueued="2" />
  <stringconstants candidates="3962" cleared="0"  />
</gc-op>
<gc-op id="378" type="classunload" timems="0.186" contextid="355" timestamp="2019-08-02T20:08:28.060">
  <classunload-info classloadercandidates="20" classloadersunloaded="0" classesunloaded="3" anonymousclassesunloaded="3" quiescems="0.000" setupms="0.182" scanms="0.003" postms="0.001" />
</gc-op>
<gc-op id="379" type="sweep" timems="0.713" contextid="355" timestamp="2019-08-02T20:08:28.061" />
<gc-end id="380" type="global" contextid="355" durationms="9.585" usertimems="12.000" systemtimems="0.000" timestamp="2019-08-02T20:08:28.062" activeThreads="8">
  <mem-info id="381" free="2936760" total="8912896" percent="32">
    <mem type="nursery" free="812512" total="2621440" percent="30">
      <mem type="allocate" free="812512" total="1769472" percent="45" />
      <mem type="survivor" free="0" total="851968" percent="0" />
    </mem>
    <mem type="tenure" free="2124248" total="6291456" percent="33" micro-fragmented="61250" macro-fragmented="0">
      <mem type="soa" free="1809880" total="5977088" percent="30" />
      <mem type="loa" free="314368" total="314368" percent="100" />
    </mem>
    <pending-finalizers system="0" default="0" reference="4" classloader="0" />
    <remembered-set count="317" />
  </mem-info>
</gc-end>
<cycle-end id="382" type="global" contextid="355" timestamp="2019-08-02T20:08:28.062" />
  <attribute name="elasticGC enabled" value="1" />
  <attribute name= "numThreadsSpecified" value="0" />
  <attribute name="heapSize specified" value="0" />
  <attribute name= "numCores" value="8" />
  <attribute name ="GC Interval" value="300" />
  <attribute name ="Control flow" value="2" />
  <attribute name="GC Util Range Max" value="23" />
  <attribute name="Current GC Util" value="131" />
  <attribute name= "Current Time Running" value="935" />
<allocation-satisfied id="383" threadId="0000000001CB7700" bytesRequested="16392" />
<af-end id="384" timestamp="2019-08-02T20:08:28.062" threadId="0000000001CB8088" success="true" from="nursery"/>
<exclusive-end id="385" timestamp="2019-08-02T20:08:28.062" durationms="10.307" />

<exclusive-start id="386" timestamp="2019-08-02T20:08:28.075" intervalms="23.659">
  <response-info timems="0.121" idlems="0.037" threads="4" lastid="0000000001CA4B00" lastname="Thread-3" />
</exclusive-start>
<af-start id="387" threadId="0000000001CA9088" totalBytesRequested="48" timestamp="2019-08-02T20:08:28.076" intervalms="23.628" type="nursery" />
<cycle-start id="388" type="scavenge" contextid="0" timestamp="2019-08-02T20:08:28.076" intervalms="45.463" />
<gc-start id="389" type="scavenge" contextid="388" timestamp="2019-08-02T20:08:28.076">
  <mem-info id="390" free="2123464" total="8912896" percent="23">
    <mem type="nursery" free="0" total="2621440" percent="0">
      <mem type="allocate" free="0" total="1769472" percent="0" />
      <mem type="survivor" free="0" total="851968" percent="0" />
    </mem>
    <mem type="tenure" free="2123464" total="6291456" percent="33">
      <mem type="soa" free="1809096" total="5977088" percent="30" />
      <mem type="loa" free="314368" total="314368" percent="100" />
    </mem>
    <remembered-set count="420" />
  </mem-info>
</gc-start>
<allocation-stats totalBytes="800528" >
  <allocated-bytes non-tlh="272648" tlh="527880" />
  <largest-consumer threadName="Thread-3" threadId="0000000001CA4B00" bytes="310504" />
</allocation-stats>
<gc-op id="391" type="scavenge" timems="0.644" contextid="388" timestamp="2019-08-02T20:08:28.076">
  <scavenger-info tenureage="1" tenuremask="7ffe" tiltratio="67" />
  <memory-copied type="nursery" objects="2239" bytes="772728" bytesdiscarded="79160" />
  <memory-copied type="tenure" objects="964" bytes="543968" bytesdiscarded="4528" />
  <copy-failed type="nursery" objects="675" bytes="371584" />
</gc-op>
<gc-end id="392" type="scavenge" contextid="388" durationms="0.859" usertimems="0.000" systemtimems="0.000" timestamp="2019-08-02T20:08:28.077" activeThreads="8">
  <mem-info id="393" free="1958736" total="8912896" percent="21">
    <mem type="nursery" free="458752" total="2621440" percent="17">
      <mem type="allocate" free="458752" total="1310720" percent="35" />
      <mem type="survivor" free="0" total="1310720" percent="0" />
    </mem>
    <mem type="tenure" free="1499984" total="6291456" percent="23">
      <mem type="soa" free="1185616" total="5977088" percent="19" />
      <mem type="loa" free="314368" total="314368" percent="100" />
    </mem>
    <remembered-set count="315" />
  </mem-info>
</gc-end>
<cycle-end id="394" type="scavenge" contextid="388" timestamp="2019-08-02T20:08:28.077" />
  <attribute name="elasticGC enabled" value="1" />
  <attribute name= "numThreadsSpecified" value="0" />
  <attribute name="heapSize specified" value="0" />
  <attribute name= "numCores" value="8" />
  <attribute name ="GC Interval" value="500" />
  <attribute name ="Control flow" value="2" />
  <attribute name="GC Util Range Max" value="23" />
  <attribute name="Current GC Util" value="29" />
  <attribute name= "Current Time Running" value="950" />
<allocation-satisfied id="395" threadId="0000000001CA8700" bytesRequested="48" />
<af-end id="396" timestamp="2019-08-02T20:08:28.077" threadId="0000000001CA9088" success="true" from="nursery"/>
<exclusive-end id="397" timestamp="2019-08-02T20:08:28.077" durationms="1.322" />

<exclusive-start id="398" timestamp="2019-08-02T20:08:28.083" intervalms="7.240">
  <response-info timems="0.065" idlems="0.041" threads="1" lastid="0000000001CA8700" lastname="Thread-4" />
</exclusive-start>
<af-start id="399" threadId="0000000001CB0888" totalBytesRequested="1032" timestamp="2019-08-02T20:08:28.083" intervalms="7.232" type="nursery" />
<cycle-start id="400" type="scavenge" contextid="0" timestamp="2019-08-02T20:08:28.083" intervalms="7.226" />
<gc-start id="401" type="scavenge" contextid="400" timestamp="2019-08-02T20:08:28.083">
  <mem-info id="402" free="1499984" total="8912896" percent="16">
    <mem type="nursery" free="0" total="2621440" percent="0">
      <mem type="allocate" free="0" total="1310720" percent="0" />
      <mem type="survivor" free="0" total="1310720" percent="0" />
    </mem>
    <mem type="tenure" free="1499984" total="6291456" percent="23">
      <mem type="soa" free="1185616" total="5977088" percent="19" />
      <mem type="loa" free="314368" total="314368" percent="100" />
    </mem>
    <remembered-set count="424" />
  </mem-info>
</gc-start>
<allocation-stats totalBytes="435496" >
  <allocated-bytes non-tlh="32824" tlh="402672" />
  <largest-consumer threadName="Thread-6" threadId="0000000001CAFF00" bytes="145016" />
</allocation-stats>
<gc-op id="403" type="scavenge" timems="0.423" contextid="400" timestamp="2019-08-02T20:08:28.083">
  <scavenger-info tenureage="1" tenuremask="7ffe" tiltratio="50" />
  <memory-copied type="nursery" objects="141" bytes="25056" bytesdiscarded="169248" />
  <memory-copied type="tenure" objects="1680" bytes="555248" bytesdiscarded="4808" />
</gc-op>
<gc-end id="404" type="scavenge" contextid="400" durationms="0.607" usertimems="0.000" systemtimems="0.000" timestamp="2019-08-02T20:08:28.083" activeThreads="8">
  <mem-info id="405" free="2033672" total="8912896" percent="22">
    <mem type="nursery" free="1116416" total="2621440" percent="42">
      <mem type="allocate" free="1116416" total="1310720" percent="85" />
      <mem type="survivor" free="0" total="1310720" percent="0" />
    </mem>
    <mem type="tenure" free="917256" total="6291456" percent="14">
      <mem type="soa" free="602888" total="5977088" percent="10" />
      <mem type="loa" free="314368" total="314368" percent="100" />
    </mem>
    <remembered-set count="222" />
  </mem-info>
</gc-end>
<cycle-end id="406" type="scavenge" contextid="400" timestamp="2019-08-02T20:08:28.084" />
  <attribute name="elasticGC enabled" value="1" />
  <attribute name= "numThreadsSpecified" value="0" />
  <attribute name="heapSize specified" value="0" />
  <attribute name= "numCores" value="8" />
  <attribute name ="GC Interval" value="700" />
  <attribute name ="Control flow" value="2" />
  <attribute name="GC Util Range Max" value="23" />
  <attribute name="Current GC Util" value="25" />
  <attribute name= "Current Time Running" value="957" />
<allocation-satisfied id="407" threadId="0000000001CAFF00" bytesRequested="1032" />
<af-end id="408" timestamp="2019-08-02T20:08:28.084" threadId="0000000001CB0888" success="true" from="nursery"/>
<exclusive-end id="409" timestamp="2019-08-02T20:08:28.084" durationms="1.020" />

<concurrent-kickoff id="410" timestamp="2019-08-02T20:08:28.088">
  <kickoff reason="threshold reached" targetBytes="1906418" thresholdFreeBytes="263843"  remainingFree="259280" tenureFreeBytes="917256" nurseryFreeBytes="259280" />
</concurrent-kickoff>
<exclusive-start id="411" timestamp="2019-08-02T20:08:28.088" intervalms="5.234">
  <response-info timems="0.070" idlems="0.070" threads="0" lastid="0000000001CBEF00" lastname="Thread-10" />
</exclusive-start>
<cycle-start id="412" type="global" contextid="0" timestamp="2019-08-02T20:08:28.088" intervalms="63.016" />
<exclusive-end id="413" timestamp="2019-08-02T20:08:28.088" durationms="0.087" />

<exclusive-start id="414" timestamp="2019-08-02T20:08:28.093" intervalms="5.532">
  <response-info timems="0.034" idlems="0.034" threads="0" lastid="0000000001CA4B00" lastname="Thread-3" />
</exclusive-start>
<af-start id="415" threadId="0000000001CA5488" totalBytesRequested="16392" timestamp="2019-08-02T20:08:28.094" intervalms="10.773" type="nursery" />
<percolate-collect id="416" from="nursery" to="global" reason="concurrent mark exhausted" timestamp="2019-08-02T20:08:28.094"/>
<gc-start id="417" type="global" contextid="412" timestamp="2019-08-02T20:08:28.094">
  <mem-info id="418" free="917256" total="8912896" percent="10">
    <mem type="nursery" free="0" total="2621440" percent="0">
      <mem type="allocate" free="0" total="1310720" percent="0" />
      <mem type="survivor" free="0" total="1310720" percent="0" />
    </mem>
    <mem type="tenure" free="917256" total="6291456" percent="14">
      <mem type="soa" free="602888" total="5977088" percent="10" />
      <mem type="loa" free="314368" total="314368" percent="100" />
    </mem>
    <remembered-set count="373" />
  </mem-info>
</gc-start>
<allocation-stats totalBytes="1036880" >
  <allocated-bytes non-tlh="132144" tlh="904736" />
  <largest-consumer threadName="Thread-10" threadId="0000000001CBEF00" bytes="364128" />
</allocation-stats>
<concurrent-halted id="419" timestamp="2019-08-02T20:08:28.094">
  <halted state="Complete" status="exhausted" />
  <traced bytesTarget="1906418" bytesTotal="2583732" bytesByMutator="1927528" bytesByHelper="656204" percent="135" />
  <cards cleaned="210" thresholdBytes="103937" />
</concurrent-halted>
<gc-op id="420" type="rs-scan" timems="0.329" contextid="412" timestamp="2019-08-02T20:08:28.094">
  <scan objectsFound="240" bytesTraced="42936" workStackOverflowCount="0" />
</gc-op>
<gc-op id="421" type="card-cleaning" timems="0.261" contextid="412" timestamp="2019-08-02T20:08:28.094">
  <card-cleaning cardsCleaned="56" bytesTraced="736104" workStackOverflowCount="0" />
</gc-op>
<gc-op id="422" type="mark" timems="0.517" contextid="412" timestamp="2019-08-02T20:08:28.095">
  <trace-info objectcount="291" scancount="258" scanbytes="42668" />
  <finalization candidates="25" enqueued="0" />
  <references type="soft" candidates="168" cleared="0" enqueued="0" dynamicThreshold="10" maxThreshold="32" />
  <references type="weak" candidates="248" cleared="0" enqueued="0" />
  <references type="phantom" candidates="73" cleared="0" enqueued="0" />
  <stringconstants candidates="3963" cleared="0"  />
</gc-op>
<gc-op id="423" type="sweep" timems="0.207" contextid="412" timestamp="2019-08-02T20:08:28.095" />
<gc-end id="424" type="global" contextid="412" durationms="2.183" usertimems="0.000" systemtimems="4.000" timestamp="2019-08-02T20:08:28.096" activeThreads="8">
  <mem-info id="425" free="2972816" total="8912896" percent="33">
    <mem type="nursery" free="768984" total="2621440" percent="29">
      <mem type="allocate" free="768984" total="1310720" percent="58" />
      <mem type="survivor" free="0" total="1310720" percent="0" />
    </mem>
    <mem type="tenure" free="2203832" total="6291456" percent="35" micro-fragmented="68943" macro-fragmented="0">
      <mem type="soa" free="1889464" total="5977088" percent="31" />
      <mem type="loa" free="314368" total="314368" percent="100" />
    </mem>
    <remembered-set count="355" />
  </mem-info>
</gc-end>
<cycle-end id="426" type="global" contextid="412" timestamp="2019-08-02T20:08:28.096" />
  <attribute name="elasticGC enabled" value="1" />
  <attribute name= "numThreadsSpecified" value="0" />
  <attribute name="heapSize specified" value="0" />
  <attribute name= "numCores" value="8" />
  <attribute name ="GC Interval" value="700" />
  <attribute name ="Control flow" value="2" />
  <attribute name="GC Util Range Max" value="23" />
  <attribute name="Current GC Util" value="38" />
  <attribute name= "Current Time Running" value="969" />
<allocation-satisfied id="427" threadId="0000000001CA4B00" bytesRequested="16392" />
<af-end id="428" timestamp="2019-08-02T20:08:28.096" threadId="0000000001CA5488" success="true" from="nursery"/>
<exclusive-end id="429" timestamp="2019-08-02T20:08:28.096" durationms="2.646" />

<exclusive-start id="430" timestamp="2019-08-02T20:08:28.110" intervalms="16.234">
  <response-info timems="0.096" idlems="0.096" threads="0" lastid="0000000001CBB300" lastname="Thread-9" />
</exclusive-start>
<af-start id="431" threadId="0000000001CBBC88" totalBytesRequested="16392" timestamp="2019-08-02T20:08:28.110" intervalms="16.271" type="nursery" />
<cycle-start id="432" type="scavenge" contextid="0" timestamp="2019-08-02T20:08:28.110" intervalms="27.100" />
<gc-start id="433" type="scavenge" contextid="432" timestamp="2019-08-02T20:08:28.110">
  <mem-info id="434" free="2261064" total="8912896" percent="25">
    <mem type="nursery" free="57232" total="2621440" percent="2">
      <mem type="allocate" free="57232" total="1310720" percent="4" />
      <mem type="survivor" free="0" total="1310720" percent="0" />
    </mem>
    <mem type="tenure" free="2203832" total="6291456" percent="35">
      <mem type="soa" free="1889464" total="5977088" percent="31" />
      <mem type="loa" free="314368" total="314368" percent="100" />
    </mem>
    <remembered-set count="423" />
  </mem-info>
</gc-start>
<allocation-stats totalBytes="685304" >
  <allocated-bytes non-tlh="129128" tlh="556176" />
  <largest-consumer threadName="Thread-3" threadId="0000000001CA4B00" bytes="256096" />
</allocation-stats>
<gc-op id="435" type="scavenge" timems="0.391" contextid="432" timestamp="2019-08-02T20:08:28.111">
  <scavenger-info tenureage="2" tenuremask="7ffc" tiltratio="50" />
  <memory-copied type="nursery" objects="2247" bytes="830368" bytesdiscarded="423192" />
</gc-op>
<gc-end id="436" type="scavenge" contextid="432" durationms="0.765" usertimems="0.000" systemtimems="0.000" timestamp="2019-08-02T20:08:28.111" activeThreads="8">
  <mem-info id="437" free="2260928" total="8912896" percent="25">
    <mem type="nursery" free="57096" total="2621440" percent="2">
      <mem type="allocate" free="57096" total="1310720" percent="4" />
      <mem type="survivor" free="0" total="1310720" percent="0" />
    </mem>
    <mem type="tenure" free="2203832" total="6291456" percent="35">
      <mem type="soa" free="1889464" total="5977088" percent="31" />
      <mem type="loa" free="314368" total="314368" percent="100" />
    </mem>
    <remembered-set count="249" />
  </mem-info>
</gc-end>
<cycle-end id="438" type="scavenge" contextid="432" timestamp="2019-08-02T20:08:28.111" />
  <attribute name="elasticGC enabled" value="1" />
  <attribute name= "numThreadsSpecified" value="0" />
  <attribute name="heapSize specified" value="0" />
  <attribute name= "numCores" value="8" />
  <attribute name ="GC Interval" value="900" />
  <attribute name ="Control flow" value="2" />
  <attribute name="GC Util Range Max" value="23" />
  <attribute name="Current GC Util" value="24" />
  <attribute name= "Current Time Running" value="984" />
<allocation-satisfied id="439" threadId="0000000001CBB300" bytesRequested="16392" />
<af-end id="440" timestamp="2019-08-02T20:08:28.111" threadId="0000000001CBBC88" success="true" from="nursery"/>
<exclusive-end id="441" timestamp="2019-08-02T20:08:28.111" durationms="1.346" />

<exclusive-start id="442" timestamp="2019-08-02T20:08:28.111" intervalms="1.470">
  <response-info timems="0.035" idlems="0.035" threads="0" lastid="0000000001CB3B00" lastname="Thread-7" />
</exclusive-start>
<af-start id="443" threadId="0000000001CB4488" totalBytesRequested="16" timestamp="2019-08-02T20:08:28.111" intervalms="1.431" type="nursery" />
<cycle-start id="444" type="scavenge" contextid="0" timestamp="2019-08-02T20:08:28.111" intervalms="1.380" />
<gc-start id="445" type="scavenge" contextid="444" timestamp="2019-08-02T20:08:28.111">
  <mem-info id="446" free="2203832" total="8912896" percent="24">
    <mem type="nursery" free="0" total="2621440" percent="0">
      <mem type="allocate" free="0" total="1310720" percent="0" />
      <mem type="survivor" free="0" total="1310720" percent="0" />
    </mem>
    <mem type="tenure" free="2203832" total="6291456" percent="35">
      <mem type="soa" free="1889464" total="5977088" percent="31" />
      <mem type="loa" free="314368" total="314368" percent="100" />
    </mem>
    <remembered-set count="249" />
  </mem-info>
</gc-start>
<allocation-stats totalBytes="57096" >
  <allocated-bytes non-tlh="16392" tlh="40704" />
  <largest-consumer threadName="Thread-9" threadId="0000000001CBB300" bytes="40968" />
</allocation-stats>
<gc-op id="447" type="scavenge" timems="0.465" contextid="444" timestamp="2019-08-02T20:08:28.112">
  <scavenger-info tenureage="1" tenuremask="7ffe" tiltratio="50" />
  <memory-copied type="nursery" objects="19" bytes="17232" bytesdiscarded="114096" />
  <memory-copied type="tenure" objects="2247" bytes="830368" bytesdiscarded="5824" />
</gc-op>
<gc-end id="448" type="scavenge" contextid="444" durationms="0.675" usertimems="4.000" systemtimems="0.000" timestamp="2019-08-02T20:08:28.112" activeThreads="8">
  <mem-info id="449" free="2537032" total="8912896" percent="28">
    <mem type="nursery" free="1179392" total="2621440" percent="44">
      <mem type="allocate" free="1179392" total="1310720" percent="89" />
      <mem type="survivor" free="0" total="1310720" percent="0" />
    </mem>
    <mem type="tenure" free="1357640" total="6291456" percent="21">
      <mem type="soa" free="1043272" total="5977088" percent="17" />
      <mem type="loa" free="314368" total="314368" percent="100" />
    </mem>
    <remembered-set count="217" />
  </mem-info>
</gc-end>
<cycle-end id="450" type="scavenge" contextid="444" timestamp="2019-08-02T20:08:28.112" />
  <attribute name="elasticGC enabled" value="1" />
  <attribute name= "numThreadsSpecified" value="0" />
  <attribute name="heapSize specified" value="0" />
  <attribute name= "numCores" value="8" />
  <attribute name ="GC Interval" value="1100" />
  <attribute name ="Control flow" value="2" />
  <attribute name="GC Util Range Max" value="23" />
  <attribute name="Current GC Util" value="95" />
  <attribute name= "Current Time Running" value="985" />
<allocation-satisfied id="451" threadId="0000000001CB3B00" bytesRequested="16" />
<af-end id="452" timestamp="2019-08-02T20:08:28.112" threadId="0000000001CB4488" success="true" from="nursery"/>
<exclusive-end id="453" timestamp="2019-08-02T20:08:28.112" durationms="1.128" />

<exclusive-start id="454" timestamp="2019-08-02T20:08:28.133" intervalms="22.221">
  <response-info timems="0.050" idlems="0.026" threads="1" lastid="0000000001CBEF00" lastname="Thread-10" />
</exclusive-start>
<af-start id="455" threadId="0000000001CACC88" totalBytesRequested="48" timestamp="2019-08-02T20:08:28.133" intervalms="22.265" type="nursery" />
<cycle-start id="456" type="scavenge" contextid="0" timestamp="2019-08-02T20:08:28.134" intervalms="22.268" />
<gc-start id="457" type="scavenge" contextid="456" timestamp="2019-08-02T20:08:28.134">
  <mem-info id="458" free="1357640" total="8912896" percent="15">
    <mem type="nursery" free="0" total="2621440" percent="0">
      <mem type="allocate" free="0" total="1310720" percent="0" />
      <mem type="survivor" free="0" total="1310720" percent="0" />
    </mem>
    <mem type="tenure" free="1357640" total="6291456" percent="21">
      <mem type="soa" free="1043272" total="5977088" percent="17" />
      <mem type="loa" free="314368" total="314368" percent="100" />
    </mem>
    <remembered-set count="419" />
  </mem-info>
</gc-start>
<allocation-stats totalBytes="1177272" >
  <allocated-bytes non-tlh="180304" tlh="996968" />
  <largest-consumer threadName="Thread-4" threadId="0000000001CA8700" bytes="444624" />
</allocation-stats>
<gc-op id="459" type="scavenge" timems="0.388" contextid="456" timestamp="2019-08-02T20:08:28.134">
  <scavenger-info tenureage="2" tenuremask="7ffc" tiltratio="50" />
  <memory-copied type="nursery" objects="1399" bytes="481384" bytesdiscarded="84384" />
</gc-op>
<gc-end id="460" type="scavenge" contextid="456" durationms="0.585" usertimems="4.000" systemtimems="0.000" timestamp="2019-08-02T20:08:28.134" activeThreads="8">
  <mem-info id="461" free="2102552" total="8912896" percent="23">
    <mem type="nursery" free="744912" total="2621440" percent="28">
      <mem type="allocate" free="744912" total="1310720" percent="56" />
      <mem type="survivor" free="0" total="1310720" percent="0" />
    </mem>
    <mem type="tenure" free="1357640" total="6291456" percent="21">
      <mem type="soa" free="1043272" total="5977088" percent="17" />
      <mem type="loa" free="314368" total="314368" percent="100" />
    </mem>
    <remembered-set count="268" />
  </mem-info>
</gc-end>
<cycle-end id="462" type="scavenge" contextid="456" timestamp="2019-08-02T20:08:28.134" />
  <attribute name="elasticGC enabled" value="1" />
  <attribute name= "numThreadsSpecified" value="0" />
  <attribute name="heapSize specified" value="0" />
  <attribute name= "numCores" value="8" />
  <attribute name ="GC Interval" value="1200" />
  <attribute name ="Control flow" value="2" />
  <attribute name="GC Util Range Max" value="23" />
  <attribute name="Current GC Util" value="5" />
  <attribute name= "Current Time Running" value="1008" />
<allocation-satisfied id="463" threadId="0000000001CAC300" bytesRequested="48" />
<af-end id="464" timestamp="2019-08-02T20:08:28.134" threadId="0000000001CACC88" success="true" from="nursery"/>
<exclusive-end id="465" timestamp="2019-08-02T20:08:28.134" durationms="1.080" />

<exclusive-start id="466" timestamp="2019-08-02T20:08:28.148" intervalms="14.285">
  <response-info timems="0.048" idlems="0.048" threads="0" lastid="0000000001CAFF00" lastname="Thread-6" />
</exclusive-start>
<af-start id="467" threadId="0000000001CB0888" totalBytesRequested="32776" timestamp="2019-08-02T20:08:28.148" intervalms="14.336" type="nursery" />
<cycle-start id="468" type="scavenge" contextid="0" timestamp="2019-08-02T20:08:28.148" intervalms="14.329" />
<gc-start id="469" type="scavenge" contextid="468" timestamp="2019-08-02T20:08:28.148">
  <mem-info id="470" free="1357640" total="8912896" percent="15">
    <mem type="nursery" free="0" total="2621440" percent="0">
      <mem type="allocate" free="0" total="1310720" percent="0" />
      <mem type="survivor" free="0" total="1310720" percent="0" />
    </mem>
    <mem type="tenure" free="1357640" total="6291456" percent="21">
      <mem type="soa" free="1043272" total="5977088" percent="17" />
      <mem type="loa" free="314368" total="314368" percent="100" />
    </mem>
    <remembered-set count="392" />
  </mem-info>
</gc-start>
<allocation-stats totalBytes="743200" >
  <allocated-bytes non-tlh="114776" tlh="628424" />
  <largest-consumer threadName="Thread-8" threadId="0000000001CB7700" bytes="378928" />
</allocation-stats>
<gc-op id="471" type="scavenge" timems="0.499" contextid="468" timestamp="2019-08-02T20:08:28.149">
  <scavenger-info tenureage="1" tenuremask="7ffe" tiltratio="50" />
  <memory-copied type="nursery" objects="570" bytes="233728" bytesdiscarded="383816" />
  <memory-copied type="tenure" objects="1325" bytes="477736" bytesdiscarded="6920" />
  <references type="phantom" candidates="1" cleared="0" enqueued="0" />
</gc-op>
<gc-end id="472" type="scavenge" contextid="468" durationms="0.694" usertimems="4.000" systemtimems="0.000" timestamp="2019-08-02T20:08:28.149" activeThreads="8">
  <mem-info id="473" free="1447432" total="8912896" percent="16">
    <mem type="nursery" free="693144" total="2621440" percent="26">
      <mem type="allocate" free="693144" total="1310720" percent="52" />
      <mem type="survivor" free="0" total="1310720" percent="0" />
    </mem>
    <mem type="tenure" free="754288" total="6291456" percent="11">
      <mem type="soa" free="439920" total="5977088" percent="7" />
      <mem type="loa" free="314368" total="314368" percent="100" />
    </mem>
    <remembered-set count="258" />
  </mem-info>
</gc-end>
<cycle-end id="474" type="scavenge" contextid="468" timestamp="2019-08-02T20:08:28.149" />
  <attribute name="elasticGC enabled" value="1" />
  <attribute name= "numThreadsSpecified" value="0" />
  <attribute name="heapSize specified" value="0" />
  <attribute name= "numCores" value="8" />
  <attribute name ="GC Interval" value="1200" />
  <attribute name ="Control flow" value="2" />
  <attribute name="GC Util Range Max" value="23" />
  <attribute name="Current GC Util" value="7" />
  <attribute name= "Current Time Running" value="1022" />
<allocation-satisfied id="475" threadId="0000000001CAFF00" bytesRequested="32776" />
<af-end id="476" timestamp="2019-08-02T20:08:28.149" threadId="0000000001CB0888" success="true" from="nursery"/>
<exclusive-end id="477" timestamp="2019-08-02T20:08:28.149" durationms="1.214" />

<concurrent-kickoff id="478" timestamp="2019-08-02T20:08:28.151">
  <kickoff reason="threshold reached" targetBytes="2046006" thresholdFreeBytes="277717"  remainingFree="230264" tenureFreeBytes="754288" nurseryFreeBytes="230264" />
</concurrent-kickoff>
<exclusive-start id="479" timestamp="2019-08-02T20:08:28.152" intervalms="4.064">
  <response-info timems="0.040" idlems="0.040" threads="0" lastid="0000000001CAFF00" lastname="Thread-6" />
</exclusive-start>
<cycle-start id="480" type="global" contextid="0" timestamp="2019-08-02T20:08:28.152" intervalms="63.813" />
<exclusive-end id="481" timestamp="2019-08-02T20:08:28.152" durationms="0.104" />

<exclusive-start id="482" timestamp="2019-08-02T20:08:28.161" intervalms="9.025">
  <response-info timems="0.048" idlems="0.048" threads="0" lastid="0000000001CA8700" lastname="Thread-4" />
</exclusive-start>
<concurrent-collection-start id="483" timestamp="2019-08-02T20:08:28.161" intervalms="1230.461" >
  <concurrent-trace-info reason="card cleaning threshold reached" tracedByMutators="781636" tracedByHelpers="1644696" cardsCleaned="178" workStackOverflowCount="0" />
</concurrent-collection-start>
<gc-start id="484" type="global" contextid="480" timestamp="2019-08-02T20:08:28.161">
  <mem-info id="485" free="754288" total="8912896" percent="8">
    <mem type="nursery" free="0" total="2621440" percent="0">
      <mem type="allocate" free="0" total="1310720" percent="0" />
      <mem type="survivor" free="0" total="1310720" percent="0" />
    </mem>
    <mem type="tenure" free="754288" total="6291456" percent="11">
      <mem type="soa" free="439920" total="5977088" percent="7" />
      <mem type="loa" free="314368" total="314368" percent="100" />
    </mem>
    <remembered-set count="386" />
  </mem-info>
</gc-start>
<allocation-stats totalBytes="672992" >
  <allocated-bytes non-tlh="98336" tlh="574656" />
  <largest-consumer threadName="Thread-6" threadId="0000000001CAFF00" bytes="361040" />
</allocation-stats>
<gc-op id="486" type="rs-scan" timems="0.175" contextid="480" timestamp="2019-08-02T20:08:28.161">
  <scan objectsFound="250" bytesTraced="43388" workStackOverflowCount="0" />
</gc-op>
<gc-op id="487" type="card-cleaning" timems="0.248" contextid="480" timestamp="2019-08-02T20:08:28.162">
  <card-cleaning cardsCleaned="46" bytesTraced="592240" workStackOverflowCount="0" />
</gc-op>
<gc-op id="488" type="mark" timems="0.639" contextid="480" timestamp="2019-08-02T20:08:28.162">
  <trace-info objectcount="721" scancount="644" scanbytes="108440" />
  <finalization candidates="25" enqueued="0" />
  <references type="soft" candidates="168" cleared="0" enqueued="0" dynamicThreshold="11" maxThreshold="32" />
  <references type="weak" candidates="249" cleared="0" enqueued="0" />
  <references type="phantom" candidates="73" cleared="0" enqueued="0" />
  <stringconstants candidates="3963" cleared="0"  />
</gc-op>
<gc-op id="489" type="sweep" timems="0.233" contextid="480" timestamp="2019-08-02T20:08:28.163" />
<gc-end id="490" type="global" contextid="480" durationms="2.290" usertimems="4.000" systemtimems="0.000" timestamp="2019-08-02T20:08:28.163" activeThreads="8">
  <mem-info id="491" free="3023440" total="8912896" percent="33">
    <mem type="nursery" free="822272" total="2621440" percent="31">
      <mem type="allocate" free="822272" total="1310720" percent="62" />
      <mem type="survivor" free="0" total="1310720" percent="0" />
    </mem>
    <mem type="tenure" free="2201168" total="6291456" percent="34" micro-fragmented="34170" macro-fragmented="0">
      <mem type="soa" free="1886800" total="5977088" percent="31" />
      <mem type="loa" free="314368" total="314368" percent="100" />
    </mem>
    <remembered-set count="349" />
  </mem-info>
</gc-end>
<cycle-end id="492" type="global" contextid="480" timestamp="2019-08-02T20:08:28.163" />
  <attribute name="elasticGC enabled" value="1" />
  <attribute name= "numThreadsSpecified" value="0" />
  <attribute name="heapSize specified" value="0" />
  <attribute name= "numCores" value="8" />
  <attribute name ="GC Interval" value="1200" />
  <attribute name ="Control flow" value="2" />
  <attribute name="GC Util Range Max" value="23" />
  <attribute name="Current GC Util" value="38" />
  <attribute name= "Current Time Running" value="1037" />
<concurrent-collection-end id="493" timestamp="2019-08-02T20:08:28.163" />
<exclusive-end id="494" timestamp="2019-08-02T20:08:28.163" durationms="2.713" />

<exclusive-start id="495" timestamp="2019-08-02T20:08:28.170" intervalms="9.540">
  <response-info timems="0.052" idlems="0.052" threads="0" lastid="0000000001CA4B00" lastname="Thread-3" />
</exclusive-start>
<af-start id="496" threadId="0000000001CA5488" totalBytesRequested="16392" timestamp="2019-08-02T20:08:28.170" intervalms="22.615" type="nursery" />
<cycle-start id="497" type="scavenge" contextid="0" timestamp="2019-08-02T20:08:28.171" intervalms="22.616" />
<gc-start id="498" type="scavenge" contextid="497" timestamp="2019-08-02T20:08:28.171">
  <mem-info id="499" free="2351456" total="8912896" percent="26">
    <mem type="nursery" free="150288" total="2621440" percent="5">
      <mem type="allocate" free="150288" total="1310720" percent="11" />
      <mem type="survivor" free="0" total="1310720" percent="0" />
    </mem>
    <mem type="tenure" free="2201168" total="6291456" percent="34">
      <mem type="soa" free="1886800" total="5977088" percent="31" />
      <mem type="loa" free="314368" total="314368" percent="100" />
    </mem>
    <remembered-set count="410" />
  </mem-info>
</gc-start>
<allocation-stats totalBytes="625336" >
  <allocated-bytes non-tlh="229472" tlh="395864" />
  <largest-consumer threadName="Thread-6" threadId="0000000001CAFF00" bytes="302360" />
</allocation-stats>
<gc-op id="500" type="scavenge" timems="0.392" contextid="497" timestamp="2019-08-02T20:08:28.171">
  <scavenger-info tenureage="1" tenuremask="7ffe" tiltratio="50" />
  <memory-copied type="nursery" objects="1039" bytes="358256" bytesdiscarded="113744" />
  <memory-copied type="tenure" objects="412" bytes="188160" bytesdiscarded="3616" />
</gc-op>
<gc-end id="501" type="scavenge" contextid="497" durationms="0.584" usertimems="0.000" systemtimems="0.000" timestamp="2019-08-02T20:08:28.171" activeThreads="8">
  <mem-info id="502" free="2841536" total="8912896" percent="31">
    <mem type="nursery" free="838688" total="2621440" percent="31">
      <mem type="allocate" free="838688" total="1310720" percent="63" />
      <mem type="survivor" free="0" total="1310720" percent="0" />
    </mem>
    <mem type="tenure" free="2002848" total="6291456" percent="31">
      <mem type="soa" free="1688480" total="5977088" percent="28" />
      <mem type="loa" free="314368" total="314368" percent="100" />
    </mem>
    <remembered-set count="264" />
  </mem-info>
</gc-end>
<cycle-end id="503" type="scavenge" contextid="497" timestamp="2019-08-02T20:08:28.171" />
  <attribute name="elasticGC enabled" value="1" />
  <attribute name= "numThreadsSpecified" value="0" />
  <attribute name="heapSize specified" value="0" />
  <attribute name= "numCores" value="8" />
  <attribute name ="GC Interval" value="1400" />
  <attribute name ="Control flow" value="2" />
  <attribute name="GC Util Range Max" value="23" />
  <attribute name="Current GC Util" value="32" />
  <attribute name= "Current Time Running" value="1045" />
<allocation-satisfied id="504" threadId="0000000001CA4B00" bytesRequested="16392" />
<af-end id="505" timestamp="2019-08-02T20:08:28.171" threadId="0000000001CA5488" success="true" from="nursery"/>
<exclusive-end id="506" timestamp="2019-08-02T20:08:28.171" durationms="1.092" />

<exclusive-start id="507" timestamp="2019-08-02T20:08:28.179" intervalms="8.777">
  <response-info timems="0.037" idlems="0.037" threads="0" lastid="0000000001CA4B00" lastname="Thread-3" />
</exclusive-start>
<af-start id="508" threadId="0000000001CA5488" totalBytesRequested="2056" timestamp="2019-08-02T20:08:28.179" intervalms="8.727" type="nursery" />
<cycle-start id="509" type="scavenge" contextid="0" timestamp="2019-08-02T20:08:28.179" intervalms="8.728" />
<gc-start id="510" type="scavenge" contextid="509" timestamp="2019-08-02T20:08:28.179">
  <mem-info id="511" free="2002848" total="8912896" percent="22">
    <mem type="nursery" free="0" total="2621440" percent="0">
      <mem type="allocate" free="0" total="1310720" percent="0" />
      <mem type="survivor" free="0" total="1310720" percent="0" />
    </mem>
    <mem type="tenure" free="2002848" total="6291456" percent="31">
      <mem type="soa" free="1688480" total="5977088" percent="28" />
      <mem type="loa" free="314368" total="314368" percent="100" />
    </mem>
    <remembered-set count="400" />
  </mem-info>
</gc-start>
<allocation-stats totalBytes="783784" >
  <allocated-bytes non-tlh="114728" tlh="669056" />
  <largest-consumer threadName="Thread-4" threadId="0000000001CA8700" bytes="366584" />
</allocation-stats>
<gc-op id="512" type="scavenge" timems="0.437" contextid="509" timestamp="2019-08-02T20:08:28.180">
  <scavenger-info tenureage="1" tenuremask="7ffe" tiltratio="50" />
  <memory-copied type="nursery" objects="1078" bytes="460360" bytesdiscarded="242888" />
  <memory-copied type="tenure" objects="1004" bytes="356760" bytesdiscarded="560" />
  <references type="phantom" candidates="2" cleared="0" enqueued="0" />
</gc-op>
<gc-end id="513" type="scavenge" contextid="509" durationms="0.631" usertimems="0.000" systemtimems="0.000" timestamp="2019-08-02T20:08:28.180" activeThreads="8">
  <mem-info id="514" free="2346600" total="8912896" percent="26">
    <mem type="nursery" free="738512" total="2621440" percent="28">
      <mem type="allocate" free="738512" total="1441792" percent="51" />
      <mem type="survivor" free="0" total="1179648" percent="0" />
    </mem>
    <mem type="tenure" free="1608088" total="6291456" percent="25">
      <mem type="soa" free="1293720" total="5977088" percent="21" />
      <mem type="loa" free="314368" total="314368" percent="100" />
    </mem>
    <remembered-set count="244" />
  </mem-info>
</gc-end>
<cycle-end id="515" type="scavenge" contextid="509" timestamp="2019-08-02T20:08:28.180" />
  <attribute name="elasticGC enabled" value="1" />
  <attribute name= "numThreadsSpecified" value="0" />
  <attribute name="heapSize specified" value="0" />
  <attribute name= "numCores" value="8" />
  <attribute name ="GC Interval" value="1500" />
  <attribute name ="Control flow" value="2" />
  <attribute name="GC Util Range Max" value="23" />
  <attribute name="Current GC Util" value="13" />
  <attribute name= "Current Time Running" value="1053" />
<allocation-satisfied id="516" threadId="0000000001CA4B00" bytesRequested="2056" />
<af-end id="517" timestamp="2019-08-02T20:08:28.180" threadId="0000000001CA5488" success="true" from="nursery"/>
<exclusive-end id="518" timestamp="2019-08-02T20:08:28.180" durationms="1.089" />

<exclusive-start id="519" timestamp="2019-08-02T20:08:28.192" intervalms="12.998">
  <response-info timems="0.059" idlems="0.059" threads="0" lastid="0000000001CBB300" lastname="Thread-9" />
</exclusive-start>
<af-start id="520" threadId="0000000001CBBC88" totalBytesRequested="16" timestamp="2019-08-02T20:08:28.192" intervalms="13.012" type="nursery" />
<cycle-start id="521" type="scavenge" contextid="0" timestamp="2019-08-02T20:08:28.192" intervalms="13.017" />
<gc-start id="522" type="scavenge" contextid="521" timestamp="2019-08-02T20:08:28.192">
  <mem-info id="523" free="1608088" total="8912896" percent="18">
    <mem type="nursery" free="0" total="2621440" percent="0">
      <mem type="allocate" free="0" total="1441792" percent="0" />
      <mem type="survivor" free="0" total="1179648" percent="0" />
    </mem>
    <mem type="tenure" free="1608088" total="6291456" percent="25">
      <mem type="soa" free="1293720" total="5977088" percent="21" />
      <mem type="loa" free="314368" total="314368" percent="100" />
    </mem>
    <remembered-set count="388" />
  </mem-info>
</gc-start>
<allocation-stats totalBytes="680640" >
  <allocated-bytes non-tlh="34832" tlh="645808" />
  <largest-consumer threadName="Thread-4" threadId="0000000001CA8700" bytes="380528" />
</allocation-stats>
<gc-op id="524" type="scavenge" timems="0.425" contextid="521" timestamp="2019-08-02T20:08:28.193">
  <scavenger-info tenureage="1" tenuremask="7ffe" tiltratio="55" />
  <memory-copied type="nursery" objects="499" bytes="172616" bytesdiscarded="176608" />
  <memory-copied type="tenure" objects="614" bytes="259000" bytesdiscarded="2080" />
  <references type="phantom" candidates="1" cleared="0" enqueued="0" />
</gc-op>
<gc-end id="525" type="scavenge" contextid="521" durationms="0.628" usertimems="0.000" systemtimems="0.000" timestamp="2019-08-02T20:08:28.193" activeThreads="8">
  <mem-info id="526" free="2565320" total="8912896" percent="28">
    <mem type="nursery" free="1223624" total="2621440" percent="46">
      <mem type="allocate" free="1223624" total="1572864" percent="77" />
      <mem type="survivor" free="0" total="1048576" percent="0" />
    </mem>
    <mem type="tenure" free="1341696" total="6291456" percent="21">
      <mem type="soa" free="1027328" total="5977088" percent="17" />
      <mem type="loa" free="314368" total="314368" percent="100" />
    </mem>
    <remembered-set count="241" />
  </mem-info>
</gc-end>
<cycle-end id="527" type="scavenge" contextid="521" timestamp="2019-08-02T20:08:28.193" />
  <attribute name="elasticGC enabled" value="1" />
  <attribute name= "numThreadsSpecified" value="0" />
  <attribute name="heapSize specified" value="0" />
  <attribute name= "numCores" value="8" />
  <attribute name ="GC Interval" value="1500" />
  <attribute name ="Control flow" value="2" />
  <attribute name="GC Util Range Max" value="23" />
  <attribute name="Current GC Util" value="9" />
  <attribute name= "Current Time Running" value="1066" />
<allocation-satisfied id="528" threadId="0000000001CBB300" bytesRequested="16" />
<af-end id="529" timestamp="2019-08-02T20:08:28.193" threadId="0000000001CBBC88" success="true" from="nursery"/>
<exclusive-end id="530" timestamp="2019-08-02T20:08:28.193" durationms="1.125" />

<exclusive-start id="531" timestamp="2019-08-02T20:08:28.208" intervalms="16.010">
  <response-info timems="0.154" idlems="0.051" threads="5" lastid="0000000001CBB300" lastname="Thread-9" />
</exclusive-start>
<af-start id="532" threadId="0000000001CB0888" totalBytesRequested="16392" timestamp="2019-08-02T20:08:28.208" intervalms="15.971" type="nursery" />
<cycle-start id="533" type="scavenge" contextid="0" timestamp="2019-08-02T20:08:28.208" intervalms="15.964" />
<gc-start id="534" type="scavenge" contextid="533" timestamp="2019-08-02T20:08:28.208">
  <mem-info id="535" free="1341696" total="8912896" percent="15">
    <mem type="nursery" free="0" total="2621440" percent="0">
      <mem type="allocate" free="0" total="1572864" percent="0" />
      <mem type="survivor" free="0" total="1048576" percent="0" />
    </mem>
    <mem type="tenure" free="1341696" total="6291456" percent="21">
      <mem type="soa" free="1027328" total="5977088" percent="17" />
      <mem type="loa" free="314368" total="314368" percent="100" />
    </mem>
    <remembered-set count="407" />
  </mem-info>
</gc-start>
<allocation-stats totalBytes="1180144" >
  <allocated-bytes non-tlh="131128" tlh="1049016" />
  <largest-consumer threadName="Thread-9" threadId="0000000001CBB300" bytes="642072" />
</allocation-stats>
<gc-op id="536" type="scavenge" timems="0.432" contextid="533" timestamp="2019-08-02T20:08:28.209">
  <scavenger-info tenureage="1" tenuremask="7ffe" tiltratio="60" />
  <memory-copied type="nursery" objects="784" bytes="324816" bytesdiscarded="68440" />
  <memory-copied type="tenure" objects="429" bytes="169208" bytesdiscarded="728" />
  <references type="phantom" candidates="1" cleared="0" enqueued="0" />
</gc-op>
<gc-end id="537" type="scavenge" contextid="533" durationms="0.623" usertimems="4.000" systemtimems="0.000" timestamp="2019-08-02T20:08:28.209" activeThreads="8">
  <mem-info id="538" free="2399480" total="8912896" percent="26">
    <mem type="nursery" free="1245096" total="2621440" percent="47">
      <mem type="allocate" free="1245096" total="1638400" percent="75" />
      <mem type="survivor" free="0" total="983040" percent="0" />
    </mem>
    <mem type="tenure" free="1154384" total="6291456" percent="18">
      <mem type="soa" free="840016" total="5977088" percent="14" />
      <mem type="loa" free="314368" total="314368" percent="100" />
    </mem>
    <remembered-set count="251" />
  </mem-info>
</gc-end>
<cycle-end id="539" type="scavenge" contextid="533" timestamp="2019-08-02T20:08:28.209" />
  <attribute name="elasticGC enabled" value="1" />
  <attribute name= "numThreadsSpecified" value="0" />
  <attribute name="heapSize specified" value="0" />
  <attribute name= "numCores" value="8" />
  <attribute name ="GC Interval" value="1500" />
  <attribute name ="Control flow" value="2" />
  <attribute name="GC Util Range Max" value="23" />
  <attribute name="Current GC Util" value="7" />
  <attribute name= "Current Time Running" value="1082" />
<allocation-satisfied id="540" threadId="0000000001CAFF00" bytesRequested="16392" />
<af-end id="541" timestamp="2019-08-02T20:08:28.209" threadId="0000000001CB0888" success="true" from="nursery"/>
<exclusive-end id="542" timestamp="2019-08-02T20:08:28.209" durationms="1.054" />

<exclusive-start id="543" timestamp="2019-08-02T20:08:28.233" intervalms="24.617">
  <response-info timems="0.038" idlems="0.038" threads="0" lastid="0000000001CAC300" lastname="Thread-5" />
</exclusive-start>
<af-start id="544" threadId="0000000001CACC88" totalBytesRequested="48" timestamp="2019-08-02T20:08:28.233" intervalms="24.743" type="nursery" />
<cycle-start id="545" type="scavenge" contextid="0" timestamp="2019-08-02T20:08:28.233" intervalms="24.754" />
<gc-start id="546" type="scavenge" contextid="545" timestamp="2019-08-02T20:08:28.233">
  <mem-info id="547" free="1154384" total="8912896" percent="12">
    <mem type="nursery" free="0" total="2621440" percent="0">
      <mem type="allocate" free="0" total="1638400" percent="0" />
      <mem type="survivor" free="0" total="983040" percent="0" />
    </mem>
    <mem type="tenure" free="1154384" total="6291456" percent="18">
      <mem type="soa" free="840016" total="5977088" percent="14" />
      <mem type="loa" free="314368" total="314368" percent="100" />
    </mem>
    <remembered-set count="451" />
  </mem-info>
</gc-start>
<allocation-stats totalBytes="1241608" >
  <allocated-bytes non-tlh="147504" tlh="1094104" />
  <largest-consumer threadName="Thread-6" threadId="0000000001CAFF00" bytes="369752" />
</allocation-stats>
<gc-op id="548" type="scavenge" timems="1.296" contextid="545" timestamp="2019-08-02T20:08:28.234">
  <scavenger-info tenureage="1" tenuremask="7ffe" tiltratio="62" />
  <memory-copied type="nursery" objects="908" bytes="387624" bytesdiscarded="30064" />
  <memory-copied type="tenure" objects="406" bytes="167952" bytesdiscarded="2256" />
  <references type="weak" candidates="1" cleared="0" enqueued="0" />
  <references type="phantom" candidates="1" cleared="0" enqueued="0" />
</gc-op>
<gc-end id="549" type="scavenge" contextid="545" durationms="1.512" usertimems="4.000" systemtimems="0.000" timestamp="2019-08-02T20:08:28.235" activeThreads="8">
  <mem-info id="550" free="2288000" total="8912896" percent="25">
    <mem type="nursery" free="1351768" total="2621440" percent="51">
      <mem type="allocate" free="1351768" total="1769472" percent="76" />
      <mem type="survivor" free="0" total="851968" percent="0" />
    </mem>
    <mem type="tenure" free="936232" total="6291456" percent="14">
      <mem type="soa" free="621864" total="5977088" percent="10" />
      <mem type="loa" free="314368" total="314368" percent="100" />
    </mem>
    <remembered-set count="235" />
  </mem-info>
</gc-end>
<cycle-end id="551" type="scavenge" contextid="545" timestamp="2019-08-02T20:08:28.235" />
  <attribute name="elasticGC enabled" value="1" />
  <attribute name= "numThreadsSpecified" value="0" />
  <attribute name="heapSize specified" value="0" />
  <attribute name= "numCores" value="8" />
  <attribute name ="GC Interval" value="1400" />
  <attribute name ="Control flow" value="2" />
  <attribute name="GC Util Range Max" value="23" />
  <attribute name="Current GC Util" value="4" />
  <attribute name= "Current Time Running" value="1107" />
<allocation-satisfied id="552" threadId="0000000001CAC300" bytesRequested="48" />
<af-end id="553" timestamp="2019-08-02T20:08:28.235" threadId="0000000001CACC88" success="true" from="nursery"/>
<exclusive-end id="554" timestamp="2019-08-02T20:08:28.235" durationms="2.132" />

<exclusive-start id="555" timestamp="2019-08-02T20:08:28.255" intervalms="22.226">
  <response-info timems="0.089" idlems="0.089" threads="0" lastid="0000000001CBB300" lastname="Thread-9" />
</exclusive-start>
<af-start id="556" threadId="0000000001CBBC88" totalBytesRequested="16" timestamp="2019-08-02T20:08:28.255" intervalms="22.181" type="nursery" />
<cycle-start id="557" type="scavenge" contextid="0" timestamp="2019-08-02T20:08:28.255" intervalms="22.173" />
<gc-start id="558" type="scavenge" contextid="557" timestamp="2019-08-02T20:08:28.255">
  <mem-info id="559" free="936232" total="8912896" percent="10">
    <mem type="nursery" free="0" total="2621440" percent="0">
      <mem type="allocate" free="0" total="1769472" percent="0" />
      <mem type="survivor" free="0" total="851968" percent="0" />
    </mem>
    <mem type="tenure" free="936232" total="6291456" percent="14">
      <mem type="soa" free="621864" total="5977088" percent="10" />
      <mem type="loa" free="314368" total="314368" percent="100" />
    </mem>
    <remembered-set count="414" />
  </mem-info>
</gc-start>
<allocation-stats totalBytes="1311608" >
  <allocated-bytes non-tlh="163944" tlh="1147664" />
  <largest-consumer threadName="Thread-5" threadId="0000000001CAC300" bytes="377888" />
</allocation-stats>
<gc-op id="560" type="scavenge" timems="0.440" contextid="557" timestamp="2019-08-02T20:08:28.256">
  <scavenger-info tenureage="1" tenuremask="7ffe" tiltratio="67" />
  <memory-copied type="nursery" objects="1696" bytes="647528" bytesdiscarded="118024" />
  <memory-copied type="tenure" objects="809" bytes="358240" bytesdiscarded="3064" />
</gc-op>
<gc-end id="561" type="scavenge" contextid="557" durationms="0.638" usertimems="0.000" systemtimems="0.000" timestamp="2019-08-02T20:08:28.256" activeThreads="8">
  <mem-info id="562" free="1380440" total="8912896" percent="15">
    <mem type="nursery" free="872792" total="2621440" percent="33">
      <mem type="allocate" free="872792" total="1638400" percent="53" />
      <mem type="survivor" free="0" total="983040" percent="0" />
    </mem>
    <mem type="tenure" free="507648" total="6291456" percent="8">
      <mem type="soa" free="193280" total="5977088" percent="3" />
      <mem type="loa" free="314368" total="314368" percent="100" />
    </mem>
    <remembered-set count="242" />
  </mem-info>
</gc-end>
<cycle-end id="563" type="scavenge" contextid="557" timestamp="2019-08-02T20:08:28.256" />
  <attribute name="elasticGC enabled" value="1" />
  <attribute name= "numThreadsSpecified" value="0" />
  <attribute name="heapSize specified" value="0" />
  <attribute name= "numCores" value="8" />
  <attribute name ="GC Interval" value="1300" />
  <attribute name ="Control flow" value="2" />
  <attribute name="GC Util Range Max" value="23" />
  <attribute name="Current GC Util" value="10" />
  <attribute name= "Current Time Running" value="1129" />
<allocation-satisfied id="564" threadId="0000000001CBB300" bytesRequested="16" />
<af-end id="565" timestamp="2019-08-02T20:08:28.256" threadId="0000000001CBBC88" success="true" from="nursery"/>
<exclusive-end id="566" timestamp="2019-08-02T20:08:28.256" durationms="1.165" />

<concurrent-kickoff id="567" timestamp="2019-08-02T20:08:28.262">
  <kickoff reason="threshold reached" targetBytes="2122090" thresholdFreeBytes="288004"  remainingFree="278832" tenureFreeBytes="507648" nurseryFreeBytes="278832" />
</concurrent-kickoff>
<exclusive-start id="568" timestamp="2019-08-02T20:08:28.262" intervalms="7.128">
  <response-info timems="0.147" idlems="0.085" threads="1" lastid="0000000001CB7700" lastname="Thread-8" />
</exclusive-start>
<cycle-start id="569" type="global" contextid="0" timestamp="2019-08-02T20:08:28.262" intervalms="110.322" />
<exclusive-end id="570" timestamp="2019-08-02T20:08:28.262" durationms="0.109" />

<exclusive-start id="571" timestamp="2019-08-02T20:08:28.265" intervalms="2.970">
  <response-info timems="0.034" idlems="0.034" threads="0" lastid="0000000001CBB300" lastname="Thread-9" />
</exclusive-start>
<af-start id="572" threadId="0000000001CBBC88" totalBytesRequested="16392" timestamp="2019-08-02T20:08:28.265" intervalms="10.082" type="nursery" />
<cycle-start id="573" type="scavenge" contextid="0" timestamp="2019-08-02T20:08:28.265" intervalms="10.083" />
<gc-start id="574" type="scavenge" contextid="573" timestamp="2019-08-02T20:08:28.265">
  <mem-info id="575" free="507648" total="8912896" percent="5">
    <mem type="nursery" free="0" total="2621440" percent="0">
      <mem type="allocate" free="0" total="1638400" percent="0" />
      <mem type="survivor" free="0" total="983040" percent="0" />
    </mem>
    <mem type="tenure" free="507648" total="6291456" percent="8">
      <mem type="soa" free="193280" total="5977088" percent="3" />
      <mem type="loa" free="314368" total="314368" percent="100" />
    </mem>
    <remembered-set count="325" />
  </mem-info>
</gc-start>
<allocation-stats totalBytes="799896" >
  <allocated-bytes non-tlh="98352" tlh="701544" />
  <largest-consumer threadName="Thread-8" threadId="0000000001CB7700" bytes="366592" />
</allocation-stats>
<gc-op id="576" type="scavenge" timems="0.505" contextid="573" timestamp="2019-08-02T20:08:28.266">
  <scavenger-info tenureage="1" tenuremask="7ffe" tiltratio="62" />
  <memory-copied type="nursery" objects="1046" bytes="590504" bytesdiscarded="191384" />
  <memory-copied type="tenure" objects="750" bytes="291664" bytesdiscarded="200" />
  <copy-failed type="tenure" objects="487" bytes="241456" />
  <references type="phantom" candidates="1" cleared="0" enqueued="0" />
</gc-op>
<gc-end id="577" type="scavenge" contextid="573" durationms="0.705" usertimems="0.000" systemtimems="0.000" timestamp="2019-08-02T20:08:28.266" activeThreads="8">
  <mem-info id="578" free="1170840" total="8912896" percent="13">
    <mem type="nursery" free="856472" total="2621440" percent="32">
      <mem type="allocate" free="856472" total="1638400" percent="52" />
      <mem type="survivor" free="0" total="983040" percent="0" />
    </mem>
    <mem type="tenure" free="314368" total="6291456" percent="4">
      <mem type="soa" free="0" total="5977088" percent="0" />
      <mem type="loa" free="314368" total="314368" percent="100" />
    </mem>
    <remembered-set count="268" />
  </mem-info>
</gc-end>
<cycle-end id="579" type="scavenge" contextid="573" timestamp="2019-08-02T20:08:28.266" />
  <attribute name="elasticGC enabled" value="1" />
  <attribute name= "numThreadsSpecified" value="0" />
  <attribute name="heapSize specified" value="0" />
  <attribute name= "numCores" value="8" />
  <attribute name ="GC Interval" value="1300" />
  <attribute name ="Control flow" value="2" />
  <attribute name="GC Util Range Max" value="23" />
  <attribute name="Current GC Util" value="12" />
  <attribute name= "Current Time Running" value="1139" />
<allocation-satisfied id="580" threadId="0000000001CBB300" bytesRequested="16392" />
<af-end id="581" timestamp="2019-08-02T20:08:28.266" threadId="0000000001CBBC88" success="true" from="nursery"/>
<exclusive-end id="582" timestamp="2019-08-02T20:08:28.266" durationms="1.212" />

<exclusive-start id="583" timestamp="2019-08-02T20:08:28.266" intervalms="1.320">
  <response-info timems="0.031" idlems="0.031" threads="0" lastid="0000000001CBB300" lastname="Thread-9" />
</exclusive-start>
<concurrent-collection-start id="584" timestamp="2019-08-02T20:08:28.266" intervalms="105.490" >
  <concurrent-trace-info reason="card cleaning threshold reached" tracedByMutators="1491708" tracedByHelpers="531380" cardsCleaned="117" workStackOverflowCount="0" />
</concurrent-collection-start>
<gc-start id="585" type="global" contextid="569" timestamp="2019-08-02T20:08:28.266">
  <mem-info id="586" free="1097096" total="8912896" percent="12">
    <mem type="nursery" free="782728" total="2621440" percent="29">
      <mem type="allocate" free="782728" total="1638400" percent="47" />
      <mem type="survivor" free="0" total="983040" percent="0" />
    </mem>
    <mem type="tenure" free="314368" total="6291456" percent="4">
      <mem type="soa" free="0" total="5977088" percent="0" />
      <mem type="loa" free="314368" total="314368" percent="100" />
    </mem>
    <remembered-set count="268" />
  </mem-info>
</gc-start>
<allocation-stats totalBytes="73744" >
  <allocated-bytes non-tlh="49168" tlh="24576" />
  <largest-consumer threadName="Thread-9" threadId="0000000001CBB300" bytes="49168" />
</allocation-stats>
<gc-op id="587" type="rs-scan" timems="0.127" contextid="569" timestamp="2019-08-02T20:08:28.267">
  <scan objectsFound="138" bytesTraced="14668" workStackOverflowCount="0" />
</gc-op>
<gc-op id="588" type="card-cleaning" timems="0.207" contextid="569" timestamp="2019-08-02T20:08:28.267">
  <card-cleaning cardsCleaned="85" bytesTraced="643836" workStackOverflowCount="0" />
</gc-op>
<gc-op id="589" type="mark" timems="0.549" contextid="569" timestamp="2019-08-02T20:08:28.268">
  <trace-info objectcount="866" scancount="766" scanbytes="196072" />
  <finalization candidates="25" enqueued="0" />
  <references type="soft" candidates="168" cleared="0" enqueued="0" dynamicThreshold="11" maxThreshold="32" />
  <references type="weak" candidates="248" cleared="0" enqueued="0" />
  <references type="phantom" candidates="73" cleared="0" enqueued="0" />
  <stringconstants candidates="3963" cleared="0"  />
</gc-op>
<gc-op id="590" type="sweep" timems="0.212" contextid="569" timestamp="2019-08-02T20:08:28.268" />
<gc-end id="591" type="global" contextid="569" durationms="1.875" usertimems="4.000" systemtimems="0.000" timestamp="2019-08-02T20:08:28.268" activeThreads="8">
  <mem-info id="592" free="3365976" total="8912896" percent="37">
    <mem type="nursery" free="1036160" total="2621440" percent="39">
      <mem type="allocate" free="1036160" total="1638400" percent="63" />
      <mem type="survivor" free="0" total="983040" percent="0" />
    </mem>
    <mem type="tenure" free="2329816" total="6291456" percent="37" micro-fragmented="56700" macro-fragmented="0">
      <mem type="soa" free="2015448" total="5977088" percent="33" />
      <mem type="loa" free="314368" total="314368" percent="100" />
    </mem>
    <remembered-set count="253" />
  </mem-info>
</gc-end>
<cycle-end id="593" type="global" contextid="569" timestamp="2019-08-02T20:08:28.268" />
  <attribute name="elasticGC enabled" value="1" />
  <attribute name= "numThreadsSpecified" value="0" />
  <attribute name="heapSize specified" value="0" />
  <attribute name= "numCores" value="8" />
  <attribute name ="GC Interval" value="1300" />
  <attribute name ="Control flow" value="2" />
  <attribute name="GC Util Range Max" value="23" />
  <attribute name="Current GC Util" value="40" />
  <attribute name= "Current Time Running" value="1142" />
<concurrent-collection-end id="594" timestamp="2019-08-02T20:08:28.269" />
<exclusive-end id="595" timestamp="2019-08-02T20:08:28.269" durationms="2.285" />

<exclusive-start id="596" timestamp="2019-08-02T20:08:28.288" intervalms="21.881">
  <response-info timems="0.058" idlems="0.058" threads="0" lastid="0000000001CAC300" lastname="Thread-5" />
</exclusive-start>
<af-start id="597" threadId="0000000001CACC88" totalBytesRequested="8200" timestamp="2019-08-02T20:08:28.288" intervalms="23.295" type="nursery" />
<cycle-start id="598" type="scavenge" contextid="0" timestamp="2019-08-02T20:08:28.289" intervalms="23.330" />
<gc-start id="599" type="scavenge" contextid="598" timestamp="2019-08-02T20:08:28.289">
  <mem-info id="600" free="2329816" total="8912896" percent="26">
    <mem type="nursery" free="0" total="2621440" percent="0">
      <mem type="allocate" free="0" total="1638400" percent="0" />
      <mem type="survivor" free="0" total="983040" percent="0" />
    </mem>
    <mem type="tenure" free="2329816" total="6291456" percent="37">
      <mem type="soa" free="2015448" total="5977088" percent="33" />
      <mem type="loa" free="314368" total="314368" percent="100" />
    </mem>
    <remembered-set count="422" />
  </mem-info>
</gc-start>
<allocation-stats totalBytes="1007624" >
  <allocated-bytes non-tlh="98336" tlh="909288" />
  <largest-consumer threadName="Thread-4" threadId="0000000001CA8700" bytes="319048" />
</allocation-stats>
<gc-op id="601" type="scavenge" timems="0.584" contextid="598" timestamp="2019-08-02T20:08:28.289">
  <scavenger-info tenureage="1" tenuremask="7ffe" tiltratio="62" />
  <memory-copied type="nursery" objects="1140" bytes="437592" bytesdiscarded="86944" />
  <memory-copied type="tenure" objects="941" bytes="549120" bytesdiscarded="5528" />
  <references type="weak" candidates="1" cleared="0" enqueued="0" />
  <references type="phantom" candidates="1" cleared="0" enqueued="0" />
</gc-op>
<gc-end id="602" type="scavenge" contextid="598" durationms="0.795" usertimems="0.000" systemtimems="0.000" timestamp="2019-08-02T20:08:28.289" activeThreads="8">
  <mem-info id="603" free="2913360" total="8912896" percent="32">
    <mem type="nursery" free="1179368" total="2621440" percent="44">
      <mem type="allocate" free="1179368" total="1703936" percent="69" />
      <mem type="survivor" free="0" total="917504" percent="0" />
    </mem>
    <mem type="tenure" free="1733992" total="6291456" percent="27">
      <mem type="soa" free="1419624" total="5977088" percent="23" />
      <mem type="loa" free="314368" total="314368" percent="100" />
    </mem>
    <remembered-set count="263" />
  </mem-info>
</gc-end>
<cycle-end id="604" type="scavenge" contextid="598" timestamp="2019-08-02T20:08:28.290" />
  <attribute name="elasticGC enabled" value="1" />
  <attribute name= "numThreadsSpecified" value="0" />
  <attribute name="heapSize specified" value="0" />
  <attribute name= "numCores" value="8" />
  <attribute name ="GC Interval" value="1400" />
  <attribute name ="Control flow" value="2" />
  <attribute name="GC Util Range Max" value="23" />
  <attribute name="Current GC Util" value="9" />
  <attribute name= "Current Time Running" value="1163" />
<allocation-satisfied id="605" threadId="0000000001CAC300" bytesRequested="8200" />
<af-end id="606" timestamp="2019-08-02T20:08:28.290" threadId="0000000001CACC88" success="true" from="nursery"/>
<exclusive-end id="607" timestamp="2019-08-02T20:08:28.290" durationms="1.476" />

<exclusive-start id="608" timestamp="2019-08-02T20:08:28.304" intervalms="15.834">
  <response-info timems="0.066" idlems="0.066" threads="0" lastid="0000000001CBEF00" lastname="Thread-10" />
</exclusive-start>
<af-start id="609" threadId="0000000001CBF888" totalBytesRequested="48" timestamp="2019-08-02T20:08:28.304" intervalms="15.679" type="nursery" />
<cycle-start id="610" type="scavenge" contextid="0" timestamp="2019-08-02T20:08:28.304" intervalms="15.630" />
<gc-start id="611" type="scavenge" contextid="610" timestamp="2019-08-02T20:08:28.304">
  <mem-info id="612" free="1733992" total="8912896" percent="19">
    <mem type="nursery" free="0" total="2621440" percent="0">
      <mem type="allocate" free="0" total="1703936" percent="0" />
      <mem type="survivor" free="0" total="917504" percent="0" />
    </mem>
    <mem type="tenure" free="1733992" total="6291456" percent="27">
      <mem type="soa" free="1419624" total="5977088" percent="23" />
      <mem type="loa" free="314368" total="314368" percent="100" />
    </mem>
    <remembered-set count="434" />
  </mem-info>
</gc-start>
<allocation-stats totalBytes="1160816" >
  <allocated-bytes non-tlh="204872" tlh="955944" />
  <largest-consumer threadName="Thread-7" threadId="0000000001CB3B00" bytes="379912" />
</allocation-stats>
<gc-op id="613" type="scavenge" timems="2.335" contextid="610" timestamp="2019-08-02T20:08:28.307">
  <scavenger-info tenureage="1" tenuremask="7ffe" tiltratio="65" />
  <memory-copied type="nursery" objects="1899" bytes="592112" bytesdiscarded="126840" />
  <memory-copied type="tenure" objects="1044" bytes="432488" bytesdiscarded="3312" />
</gc-op>
<heap-resize id="614" type="expand" space="nursery" amount="262144" count="1" timems="0.015" reason="excessive time being spent scavenging" timestamp="2019-08-02T20:08:28.307" />
<gc-end id="615" type="scavenge" contextid="610" durationms="2.730" usertimems="4.000" systemtimems="0.000" timestamp="2019-08-02T20:08:28.307" activeThreads="8">
  <mem-info id="616" free="2476024" total="9175040" percent="26">
    <mem type="nursery" free="1181544" total="2883584" percent="40">
      <mem type="allocate" free="1181544" total="1900544" percent="62" />
      <mem type="survivor" free="0" total="983040" percent="0" />
    </mem>
    <mem type="tenure" free="1294480" total="6291456" percent="20">
      <mem type="soa" free="980112" total="5977088" percent="16" />
      <mem type="loa" free="314368" total="314368" percent="100" />
    </mem>
    <remembered-set count="259" />
  </mem-info>
</gc-end>
<cycle-end id="617" type="scavenge" contextid="610" timestamp="2019-08-02T20:08:28.307" />
  <attribute name="elasticGC enabled" value="1" />
  <attribute name= "numThreadsSpecified" value="0" />
  <attribute name="heapSize specified" value="0" />
  <attribute name= "numCores" value="8" />
  <attribute name ="GC Interval" value="1400" />
  <attribute name ="Control flow" value="2" />
  <attribute name="GC Util Range Max" value="23" />
  <attribute name="Current GC Util" value="10" />
  <attribute name= "Current Time Running" value="1178" />
<allocation-satisfied id="618" threadId="0000000001CBEF00" bytesRequested="48" />
<af-end id="619" timestamp="2019-08-02T20:08:28.307" threadId="0000000001CBF888" success="true" from="nursery"/>
<exclusive-end id="620" timestamp="2019-08-02T20:08:28.307" durationms="3.111" />

<exclusive-start id="621" timestamp="2019-08-02T20:08:28.337" intervalms="33.003">
  <response-info timems="0.041" idlems="0.041" threads="0" lastid="0000000001CA4B00" lastname="Thread-3" />
</exclusive-start>
<af-start id="622" threadId="0000000001CA5488" totalBytesRequested="16392" timestamp="2019-08-02T20:08:28.337" intervalms="33.073" type="nursery" />
<cycle-start id="623" type="scavenge" contextid="0" timestamp="2019-08-02T20:08:28.337" intervalms="33.085" />
<gc-start id="624" type="scavenge" contextid="623" timestamp="2019-08-02T20:08:28.337">
  <mem-info id="625" free="1294480" total="9175040" percent="14">
    <mem type="nursery" free="0" total="2883584" percent="0">
      <mem type="allocate" free="0" total="1900544" percent="0" />
      <mem type="survivor" free="0" total="983040" percent="0" />
    </mem>
    <mem type="tenure" free="1294480" total="6291456" percent="20">
      <mem type="soa" free="980112" total="5977088" percent="16" />
      <mem type="loa" free="314368" total="314368" percent="100" />
    </mem>
    <remembered-set count="410" />
  </mem-info>
</gc-start>
<allocation-stats totalBytes="1138376" >
  <allocated-bytes non-tlh="81992" tlh="1056384" />
  <largest-consumer threadName="Thread-7" threadId="0000000001CB3B00" bytes="329088" />
</allocation-stats>
<gc-op id="626" type="scavenge" timems="0.427" contextid="623" timestamp="2019-08-02T20:08:28.338">
  <scavenger-info tenureage="1" tenuremask="7ffe" tiltratio="65" />
  <memory-copied type="nursery" objects="286" bytes="202496" bytesdiscarded="152592" />
  <memory-copied type="tenure" objects="1229" bytes="372896" bytesdiscarded="5200" />
</gc-op>
<gc-end id="627" type="scavenge" contextid="623" durationms="0.623" usertimems="0.000" systemtimems="0.000" timestamp="2019-08-02T20:08:28.338" activeThreads="8">
  <mem-info id="628" free="2512712" total="9175040" percent="27">
    <mem type="nursery" free="1676496" total="2883584" percent="58">
      <mem type="allocate" free="1676496" total="2031616" percent="82" />
      <mem type="survivor" free="0" total="851968" percent="0" />
    </mem>
    <mem type="tenure" free="836216" total="6291456" percent="13">
      <mem type="soa" free="521848" total="5977088" percent="8" />
      <mem type="loa" free="314368" total="314368" percent="100" />
    </mem>
    <remembered-set count="243" />
  </mem-info>
</gc-end>
<cycle-end id="629" type="scavenge" contextid="623" timestamp="2019-08-02T20:08:28.338" />
  <attribute name="elasticGC enabled" value="1" />
  <attribute name= "numThreadsSpecified" value="0" />
  <attribute name="heapSize specified" value="0" />
  <attribute name= "numCores" value="8" />
  <attribute name ="GC Interval" value="1400" />
  <attribute name ="Control flow" value="2" />
  <attribute name="GC Util Range Max" value="23" />
  <attribute name="Current GC Util" value="8" />
  <attribute name= "Current Time Running" value="1211" />
<allocation-satisfied id="630" threadId="0000000001CA4B00" bytesRequested="16392" />
<af-end id="631" timestamp="2019-08-02T20:08:28.338" threadId="0000000001CA5488" success="true" from="nursery"/>
<exclusive-end id="632" timestamp="2019-08-02T20:08:28.338" durationms="1.134" />

<concurrent-kickoff id="633" timestamp="2019-08-02T20:08:28.358">
  <kickoff reason="threshold reached" targetBytes="2097783" thresholdFreeBytes="284390"  remainingFree="242856" tenureFreeBytes="836216" nurseryFreeBytes="242856" />
</concurrent-kickoff>
<exclusive-start id="634" timestamp="2019-08-02T20:08:28.358" intervalms="20.975">
  <response-info timems="0.036" idlems="0.036" threads="0" lastid="0000000001CB7700" lastname="Thread-8" />
</exclusive-start>
<cycle-start id="635" type="global" contextid="0" timestamp="2019-08-02T20:08:28.358" intervalms="96.055" />
<exclusive-end id="636" timestamp="2019-08-02T20:08:28.358" durationms="0.170" />

<exclusive-start id="637" timestamp="2019-08-02T20:08:28.365" intervalms="6.845">
  <response-info timems="0.166" idlems="0.091" threads="1" lastid="0000000001CB7700" lastname="Thread-8" />
</exclusive-start>
<af-start id="638" threadId="0000000001CA9088" totalBytesRequested="32776" timestamp="2019-08-02T20:08:28.365" intervalms="27.744" type="nursery" />
<cycle-start id="639" type="scavenge" contextid="0" timestamp="2019-08-02T20:08:28.365" intervalms="27.751" />
<gc-start id="640" type="scavenge" contextid="639" timestamp="2019-08-02T20:08:28.365">
  <mem-info id="641" free="845592" total="9175040" percent="9">
    <mem type="nursery" free="9376" total="2883584" percent="0">
      <mem type="allocate" free="9376" total="2031616" percent="0" />
      <mem type="survivor" free="0" total="851968" percent="0" />
    </mem>
    <mem type="tenure" free="836216" total="6291456" percent="13">
      <mem type="soa" free="521848" total="5977088" percent="8" />
      <mem type="loa" free="314368" total="314368" percent="100" />
    </mem>
    <remembered-set count="453" />
  </mem-info>
</gc-start>
<allocation-stats totalBytes="1602840" >
  <allocated-bytes non-tlh="147504" tlh="1455336" />
  <largest-consumer threadName="Thread-3" threadId="0000000001CA4B00" bytes="604776" />
</allocation-stats>
<gc-op id="642" type="scavenge" timems="0.492" contextid="639" timestamp="2019-08-02T20:08:28.366">
  <scavenger-info tenureage="2" tenuremask="7ffc" tiltratio="70" />
  <memory-copied type="nursery" objects="1670" bytes="686232" bytesdiscarded="165664" />
  <references type="phantom" candidates="1" cleared="0" enqueued="0" />
</gc-op>
<gc-end id="643" type="scavenge" contextid="639" durationms="0.697" usertimems="4.000" systemtimems="0.000" timestamp="2019-08-02T20:08:28.366" activeThreads="8">
  <mem-info id="644" free="1622648" total="9175040" percent="17">
    <mem type="nursery" free="786432" total="2883584" percent="27">
      <mem type="allocate" free="786432" total="1638400" percent="48" />
      <mem type="survivor" free="0" total="1245184" percent="0" />
    </mem>
    <mem type="tenure" free="836216" total="6291456" percent="13">
      <mem type="soa" free="521848" total="5977088" percent="8" />
      <mem type="loa" free="314368" total="314368" percent="100" />
    </mem>
    <remembered-set count="260" />
  </mem-info>
</gc-end>
<cycle-end id="645" type="scavenge" contextid="639" timestamp="2019-08-02T20:08:28.366" />
  <attribute name="elasticGC enabled" value="1" />
  <attribute name= "numThreadsSpecified" value="0" />
  <attribute name="heapSize specified" value="0" />
  <attribute name= "numCores" value="8" />
  <attribute name ="GC Interval" value="1300" />
  <attribute name ="Control flow" value="2" />
  <attribute name="GC Util Range Max" value="23" />
  <attribute name="Current GC Util" value="4" />
  <attribute name= "Current Time Running" value="1239" />
<allocation-satisfied id="646" threadId="0000000001CA8700" bytesRequested="32776" />
<af-end id="647" timestamp="2019-08-02T20:08:28.366" threadId="0000000001CA9088" success="true" from="nursery"/>
<exclusive-end id="648" timestamp="2019-08-02T20:08:28.366" durationms="1.216" />

<exclusive-start id="649" timestamp="2019-08-02T20:08:28.373" intervalms="7.902">
  <response-info timems="0.051" idlems="0.051" threads="0" lastid="0000000001CAFF00" lastname="Thread-6" />
</exclusive-start>
<af-start id="650" threadId="0000000001CB0888" totalBytesRequested="16392" timestamp="2019-08-02T20:08:28.373" intervalms="8.000" type="nursery" />
<percolate-collect id="651" from="nursery" to="global" reason="concurrent mark exhausted" timestamp="2019-08-02T20:08:28.373"/>
<gc-start id="652" type="global" contextid="635" timestamp="2019-08-02T20:08:28.373">
  <mem-info id="653" free="836216" total="9175040" percent="9">
    <mem type="nursery" free="0" total="2883584" percent="0">
      <mem type="allocate" free="0" total="1638400" percent="0" />
      <mem type="survivor" free="0" total="1245184" percent="0" />
    </mem>
    <mem type="tenure" free="836216" total="6291456" percent="13">
      <mem type="soa" free="521848" total="5977088" percent="8" />
      <mem type="loa" free="314368" total="314368" percent="100" />
    </mem>
    <remembered-set count="308" />
  </mem-info>
</gc-start>
<allocation-stats totalBytes="741344" >
  <allocated-bytes non-tlh="163896" tlh="577448" />
  <largest-consumer threadName="Thread-4" threadId="0000000001CA8700" bytes="309720" />
</allocation-stats>
<concurrent-halted id="654" timestamp="2019-08-02T20:08:28.373">
  <halted state="Complete" status="exhausted" />
  <traced bytesTarget="2097783" bytesTotal="2353852" bytesByMutator="728960" bytesByHelper="1624892" percent="112" />
  <cards cleaned="261" thresholdBytes="112032" />
</concurrent-halted>
<gc-op id="655" type="rs-scan" timems="0.155" contextid="635" timestamp="2019-08-02T20:08:28.373">
  <scan objectsFound="237" bytesTraced="35364" workStackOverflowCount="0" />
</gc-op>
<gc-op id="656" type="card-cleaning" timems="0.165" contextid="635" timestamp="2019-08-02T20:08:28.374">
  <card-cleaning cardsCleaned="0" bytesTraced="395128" workStackOverflowCount="0" />
</gc-op>
<gc-op id="657" type="mark" timems="0.600" contextid="635" timestamp="2019-08-02T20:08:28.374">
  <trace-info objectcount="1557" scancount="1341" scanbytes="252580" />
  <finalization candidates="25" enqueued="0" />
  <references type="soft" candidates="168" cleared="0" enqueued="0" dynamicThreshold="11" maxThreshold="32" />
  <references type="weak" candidates="248" cleared="0" enqueued="0" />
  <references type="phantom" candidates="74" cleared="0" enqueued="0" />
  <stringconstants candidates="3963" cleared="0"  />
</gc-op>
<gc-op id="658" type="sweep" timems="0.214" contextid="635" timestamp="2019-08-02T20:08:28.375" />
<gc-end id="659" type="global" contextid="635" durationms="1.982" usertimems="4.000" systemtimems="0.000" timestamp="2019-08-02T20:08:28.375" activeThreads="8">
  <mem-info id="660" free="3002976" total="9175040" percent="32">
    <mem type="nursery" free="584840" total="2883584" percent="20">
      <mem type="allocate" free="584840" total="1638400" percent="35" />
      <mem type="survivor" free="0" total="1245184" percent="0" />
    </mem>
    <mem type="tenure" free="2418136" total="6291456" percent="38" micro-fragmented="61081" macro-fragmented="0">
      <mem type="soa" free="2103768" total="5977088" percent="35" />
      <mem type="loa" free="314368" total="314368" percent="100" />
    </mem>
    <remembered-set count="275" />
  </mem-info>
</gc-end>
<cycle-end id="661" type="global" contextid="635" timestamp="2019-08-02T20:08:28.375" />
  <attribute name="elasticGC enabled" value="1" />
  <attribute name= "numThreadsSpecified" value="0" />
  <attribute name="heapSize specified" value="0" />
  <attribute name= "numCores" value="8" />
  <attribute name ="GC Interval" value="1300" />
  <attribute name ="Control flow" value="2" />
  <attribute name="GC Util Range Max" value="23" />
  <attribute name="Current GC Util" value="37" />
  <attribute name= "Current Time Running" value="1248" />
<allocation-satisfied id="662" threadId="0000000001CAFF00" bytesRequested="16392" />
<af-end id="663" timestamp="2019-08-02T20:08:28.375" threadId="0000000001CB0888" success="true" from="nursery"/>
<exclusive-end id="664" timestamp="2019-08-02T20:08:28.375" durationms="2.514" />

<exclusive-start id="665" timestamp="2019-08-02T20:08:28.382" intervalms="8.860">
  <response-info timems="0.122" idlems="0.122" threads="0" lastid="0000000001CBEF00" lastname="Thread-10" />
</exclusive-start>
<af-start id="666" threadId="0000000001CBF888" totalBytesRequested="48" timestamp="2019-08-02T20:08:28.382" intervalms="8.846" type="nursery" />
<cycle-start id="667" type="scavenge" contextid="0" timestamp="2019-08-02T20:08:28.382" intervalms="16.852" />
<gc-start id="668" type="scavenge" contextid="667" timestamp="2019-08-02T20:08:28.382">
  <mem-info id="669" free="2418136" total="9175040" percent="26">
    <mem type="nursery" free="0" total="2883584" percent="0">
      <mem type="allocate" free="0" total="1638400" percent="0" />
      <mem type="survivor" free="0" total="1245184" percent="0" />
    </mem>
    <mem type="tenure" free="2418136" total="6291456" percent="38">
      <mem type="soa" free="2103768" total="5977088" percent="35" />
      <mem type="loa" free="314368" total="314368" percent="100" />
    </mem>
    <remembered-set count="368" />
  </mem-info>
</gc-start>
<allocation-stats totalBytes="574120" >
  <allocated-bytes non-tlh="102448" tlh="471672" />
  <largest-consumer threadName="Thread-6" threadId="0000000001CAFF00" bytes="192472" />
</allocation-stats>
<gc-op id="670" type="scavenge" timems="2.507" contextid="667" timestamp="2019-08-02T20:08:28.385">
  <scavenger-info tenureage="1" tenuremask="7ffe" tiltratio="56" />
  <memory-copied type="nursery" objects="1681" bytes="655528" bytesdiscarded="93104" />
  <memory-copied type="tenure" objects="1481" bytes="597984" bytesdiscarded="6064" />
</gc-op>
<heap-resize id="671" type="expand" space="nursery" amount="262144" count="1" timems="0.015" reason="excessive time being spent scavenging" timestamp="2019-08-02T20:08:28.385" />
<gc-end id="672" type="scavenge" contextid="667" durationms="2.907" usertimems="4.000" systemtimems="0.000" timestamp="2019-08-02T20:08:28.385" activeThreads="8">
  <mem-info id="673" free="3096160" total="9437184" percent="32">
    <mem type="nursery" free="1282944" total="3145728" percent="40">
      <mem type="allocate" free="1282944" total="2031616" percent="63" />
      <mem type="survivor" free="0" total="1114112" percent="0" />
    </mem>
    <mem type="tenure" free="1813216" total="6291456" percent="28">
      <mem type="soa" free="1498848" total="5977088" percent="25" />
      <mem type="loa" free="314368" total="314368" percent="100" />
    </mem>
    <remembered-set count="249" />
  </mem-info>
</gc-end>
<cycle-end id="674" type="scavenge" contextid="667" timestamp="2019-08-02T20:08:28.385" />
  <attribute name="elasticGC enabled" value="1" />
  <attribute name= "numThreadsSpecified" value="0" />
  <attribute name="heapSize specified" value="0" />
  <attribute name= "numCores" value="8" />
  <attribute name ="GC Interval" value="1500" />
  <attribute name ="Control flow" value="2" />
  <attribute name="GC Util Range Max" value="23" />
  <attribute name="Current GC Util" value="50" />
  <attribute name= "Current Time Running" value="1256" />
<allocation-satisfied id="675" threadId="0000000001CBEF00" bytesRequested="48" />
<af-end id="676" timestamp="2019-08-02T20:08:28.385" threadId="0000000001CBF888" success="true" from="nursery"/>
<exclusive-end id="677" timestamp="2019-08-02T20:08:28.385" durationms="3.557" />

<exclusive-start id="678" timestamp="2019-08-02T20:08:28.393" intervalms="11.763">
  <response-info timems="0.057" idlems="0.057" threads="0" lastid="0000000001CA4B00" lastname="Thread-3" />
</exclusive-start>
<af-start id="679" threadId="0000000001CA5488" totalBytesRequested="8200" timestamp="2019-08-02T20:08:28.394" intervalms="11.772" type="nursery" />
<cycle-start id="680" type="scavenge" contextid="0" timestamp="2019-08-02T20:08:28.394" intervalms="11.757" />
<gc-start id="681" type="scavenge" contextid="680" timestamp="2019-08-02T20:08:28.394">
  <mem-info id="682" free="1813216" total="9437184" percent="19">
    <mem type="nursery" free="0" total="3145728" percent="0">
      <mem type="allocate" free="0" total="2031616" percent="0" />
      <mem type="survivor" free="0" total="1114112" percent="0" />
    </mem>
    <mem type="tenure" free="1813216" total="6291456" percent="28">
      <mem type="soa" free="1498848" total="5977088" percent="25" />
      <mem type="loa" free="314368" total="314368" percent="100" />
    </mem>
    <remembered-set count="393" />
  </mem-info>
</gc-start>
<allocation-stats totalBytes="1187728" >
  <allocated-bytes non-tlh="196712" tlh="991016" />
  <largest-consumer threadName="Thread-4" threadId="0000000001CA8700" bytes="384840" />
</allocation-stats>
<gc-op id="683" type="scavenge" timems="0.474" contextid="680" timestamp="2019-08-02T20:08:28.394">
  <scavenger-info tenureage="1" tenuremask="7ffe" tiltratio="64" />
  <memory-copied type="nursery" objects="1065" bytes="564416" bytesdiscarded="131216" />
  <memory-copied type="tenure" objects="1178" bytes="442408" bytesdiscarded="5408" />
  <references type="phantom" candidates="1" cleared="0" enqueued="0" />
</gc-op>
<gc-end id="684" type="scavenge" contextid="680" durationms="0.662" usertimems="0.000" systemtimems="0.000" timestamp="2019-08-02T20:08:28.394" activeThreads="8">
  <mem-info id="685" free="2948056" total="9437184" percent="31">
    <mem type="nursery" free="1598064" total="3145728" percent="50">
      <mem type="allocate" free="1598064" total="2293760" percent="69" />
      <mem type="survivor" free="0" total="851968" percent="0" />
    </mem>
    <mem type="tenure" free="1349992" total="6291456" percent="21">
      <mem type="soa" free="1035624" total="5977088" percent="17" />
      <mem type="loa" free="314368" total="314368" percent="100" />
    </mem>
    <remembered-set count="249" />
  </mem-info>
</gc-end>
<cycle-end id="686" type="scavenge" contextid="680" timestamp="2019-08-02T20:08:28.394" />
  <attribute name="elasticGC enabled" value="1" />
  <attribute name= "numThreadsSpecified" value="0" />
  <attribute name="heapSize specified" value="0" />
  <attribute name= "numCores" value="8" />
  <attribute name ="GC Interval" value="1700" />
  <attribute name ="Control flow" value="2" />
  <attribute name="GC Util Range Max" value="23" />
  <attribute name="Current GC Util" value="26" />
  <attribute name= "Current Time Running" value="1268" />
<allocation-satisfied id="687" threadId="0000000001CA4B00" bytesRequested="8200" />
<af-end id="688" timestamp="2019-08-02T20:08:28.395" threadId="0000000001CA5488" success="true" from="nursery"/>
<exclusive-end id="689" timestamp="2019-08-02T20:08:28.395" durationms="1.189" />

<exclusive-start id="690" timestamp="2019-08-02T20:08:28.419" intervalms="25.969">
  <response-info timems="0.061" idlems="0.061" threads="0" lastid="0000000001CA4B00" lastname="Thread-3" />
</exclusive-start>
<af-start id="691" threadId="0000000001CA5488" totalBytesRequested="16392" timestamp="2019-08-02T20:08:28.419" intervalms="25.930" type="nursery" />
<cycle-start id="692" type="scavenge" contextid="0" timestamp="2019-08-02T20:08:28.420" intervalms="25.929" />
<gc-start id="693" type="scavenge" contextid="692" timestamp="2019-08-02T20:08:28.420">
  <mem-info id="694" free="1349992" total="9437184" percent="14">
    <mem type="nursery" free="0" total="3145728" percent="0">
      <mem type="allocate" free="0" total="2293760" percent="0" />
      <mem type="survivor" free="0" total="851968" percent="0" />
    </mem>
    <mem type="tenure" free="1349992" total="6291456" percent="21">
      <mem type="soa" free="1035624" total="5977088" percent="17" />
      <mem type="loa" free="314368" total="314368" percent="100" />
    </mem>
    <remembered-set count="456" />
  </mem-info>
</gc-start>
<allocation-stats totalBytes="1563008" >
  <allocated-bytes non-tlh="131120" tlh="1431888" />
  <largest-consumer threadName="Thread-10" threadId="0000000001CBEF00" bytes="433904" />
</allocation-stats>
<gc-op id="695" type="scavenge" timems="0.494" contextid="692" timestamp="2019-08-02T20:08:28.420">
  <scavenger-info tenureage="1" tenuremask="7ffe" tiltratio="72" />
  <memory-copied type="nursery" objects="1877" bytes="677872" bytesdiscarded="174056" />
  <memory-copied type="tenure" objects="697" bytes="380280" bytesdiscarded="2048" />
  <copy-failed type="nursery" objects="134" bytes="9392" />
  <references type="weak" candidates="1" cleared="0" enqueued="0" />
  <references type="phantom" candidates="1" cleared="0" enqueued="0" />
</gc-op>
<gc-end id="696" type="scavenge" contextid="692" durationms="0.689" usertimems="0.000" systemtimems="4.000" timestamp="2019-08-02T20:08:28.420" activeThreads="8">
  <mem-info id="697" free="2345672" total="9437184" percent="24">
    <mem type="nursery" free="1376256" total="3145728" percent="43">
      <mem type="allocate" free="1376256" total="2228224" percent="61" />
      <mem type="survivor" free="0" total="917504" percent="0" />
    </mem>
    <mem type="tenure" free="969416" total="6291456" percent="15">
      <mem type="soa" free="655048" total="5977088" percent="10" />
      <mem type="loa" free="314368" total="314368" percent="100" />
    </mem>
    <remembered-set count="259" />
  </mem-info>
</gc-end>
<cycle-end id="698" type="scavenge" contextid="692" timestamp="2019-08-02T20:08:28.420" />
  <attribute name="elasticGC enabled" value="1" />
  <attribute name= "numThreadsSpecified" value="0" />
  <attribute name="heapSize specified" value="0" />
  <attribute name= "numCores" value="8" />
  <attribute name ="GC Interval" value="1800" />
  <attribute name ="Control flow" value="2" />
  <attribute name="GC Util Range Max" value="23" />
  <attribute name="Current GC Util" value="5" />
  <attribute name= "Current Time Running" value="1294" />
<allocation-satisfied id="699" threadId="0000000001CA4B00" bytesRequested="16392" />
<af-end id="700" timestamp="2019-08-02T20:08:28.420" threadId="0000000001CA5488" success="true" from="nursery"/>
<exclusive-end id="701" timestamp="2019-08-02T20:08:28.421" durationms="1.175" />

<concurrent-kickoff id="702" timestamp="2019-08-02T20:08:28.433">
  <kickoff reason="threshold reached" targetBytes="2153373" thresholdFreeBytes="287948"  remainingFree="286664" tenureFreeBytes="969416" nurseryFreeBytes="286664" />
</concurrent-kickoff>
<exclusive-start id="703" timestamp="2019-08-02T20:08:28.434" intervalms="14.483">
  <response-info timems="0.321" idlems="0.171" threads="1" lastid="0000000001CBB300" lastname="Thread-9" />
</exclusive-start>
<cycle-start id="704" type="global" contextid="0" timestamp="2019-08-02T20:08:28.434" intervalms="75.763" />
<exclusive-end id="705" timestamp="2019-08-02T20:08:28.434" durationms="0.134" />

<exclusive-start id="706" timestamp="2019-08-02T20:08:28.438" intervalms="4.527">
  <response-info timems="0.051" idlems="0.051" threads="0" lastid="0000000001CA8700" lastname="Thread-4" />
</exclusive-start>
<af-start id="707" threadId="0000000001CA9088" totalBytesRequested="16392" timestamp="2019-08-02T20:08:28.438" intervalms="18.998" type="nursery" />
<cycle-start id="708" type="scavenge" contextid="0" timestamp="2019-08-02T20:08:28.439" intervalms="19.040" />
<gc-start id="709" type="scavenge" contextid="708" timestamp="2019-08-02T20:08:28.439">
  <mem-info id="710" free="969416" total="9437184" percent="10">
    <mem type="nursery" free="0" total="3145728" percent="0">
      <mem type="allocate" free="0" total="2228224" percent="0" />
      <mem type="survivor" free="0" total="917504" percent="0" />
    </mem>
    <mem type="tenure" free="969416" total="6291456" percent="15">
      <mem type="soa" free="655048" total="5977088" percent="10" />
      <mem type="loa" free="314368" total="314368" percent="100" />
    </mem>
    <remembered-set count="395" />
  </mem-info>
</gc-start>
<allocation-stats totalBytes="1329384" >
  <allocated-bytes non-tlh="196664" tlh="1132720" />
  <largest-consumer threadName="Thread-3" threadId="0000000001CA4B00" bytes="416912" />
</allocation-stats>
<gc-op id="711" type="scavenge" timems="0.645" contextid="708" timestamp="2019-08-02T20:08:28.439">
  <scavenger-info tenureage="1" tenuremask="7ffe" tiltratio="70" />
  <memory-copied type="nursery" objects="1312" bytes="622584" bytesdiscarded="167720" />
  <memory-copied type="tenure" objects="1323" bytes="525808" bytesdiscarded="1992" />
  <references type="phantom" candidates="1" cleared="0" enqueued="0" />
</gc-op>
<gc-end id="712" type="scavenge" contextid="708" durationms="0.860" usertimems="0.000" systemtimems="0.000" timestamp="2019-08-02T20:08:28.440" activeThreads="8">
  <mem-info id="713" free="1763552" total="9437184" percent="18">
    <mem type="nursery" free="1437856" total="3145728" percent="45">
      <mem type="allocate" free="1437856" total="2228224" percent="64" />
      <mem type="survivor" free="0" total="917504" percent="0" />
    </mem>
    <mem type="tenure" free="325696" total="6291456" percent="5">
      <mem type="soa" free="11328" total="5977088" percent="0" />
      <mem type="loa" free="314368" total="314368" percent="100" />
    </mem>
    <remembered-set count="255" />
  </mem-info>
</gc-end>
<cycle-end id="714" type="scavenge" contextid="708" timestamp="2019-08-02T20:08:28.440" />
  <attribute name="elasticGC enabled" value="1" />
  <attribute name= "numThreadsSpecified" value="0" />
  <attribute name="heapSize specified" value="0" />
  <attribute name= "numCores" value="8" />
  <attribute name ="GC Interval" value="1800" />
  <attribute name ="Control flow" value="2" />
  <attribute name="GC Util Range Max" value="23" />
  <attribute name="Current GC Util" value="7" />
  <attribute name= "Current Time Running" value="1313" />
<allocation-satisfied id="715" threadId="0000000001CA8700" bytesRequested="16392" />
<af-end id="716" timestamp="2019-08-02T20:08:28.440" threadId="0000000001CA9088" success="true" from="nursery"/>
<exclusive-end id="717" timestamp="2019-08-02T20:08:28.440" durationms="1.450" />

<exclusive-start id="718" timestamp="2019-08-02T20:08:28.442" intervalms="3.156">
  <response-info timems="1.428" idlems="1.428" threads="0" lastid="0000000001CAFF00" lastname="Thread-6" />
</exclusive-start>
<concurrent-collection-start id="719" timestamp="2019-08-02T20:08:28.442" intervalms="175.232" >
  <concurrent-trace-info reason="card cleaning threshold reached" tracedByMutators="1268620" tracedByHelpers="799208" cardsCleaned="149" workStackOverflowCount="0" />
</concurrent-collection-start>
<gc-start id="720" type="global" contextid="704" timestamp="2019-08-02T20:08:28.442">
  <mem-info id="721" free="1546448" total="9437184" percent="16">
    <mem type="nursery" free="1220752" total="3145728" percent="38">
      <mem type="allocate" free="1220752" total="2228224" percent="54" />
      <mem type="survivor" free="0" total="917504" percent="0" />
    </mem>
    <mem type="tenure" free="325696" total="6291456" percent="5">
      <mem type="soa" free="11328" total="5977088" percent="0" />
      <mem type="loa" free="314368" total="314368" percent="100" />
    </mem>
    <remembered-set count="257" />
  </mem-info>
</gc-start>
<allocation-stats totalBytes="217104" >
  <allocated-bytes non-tlh="49168" tlh="167936" />
  <largest-consumer threadName="Thread-4" threadId="0000000001CA8700" bytes="90128" />
</allocation-stats>
<gc-op id="722" type="rs-scan" timems="0.134" contextid="704" timestamp="2019-08-02T20:08:28.442">
  <scan objectsFound="136" bytesTraced="26164" workStackOverflowCount="0" />
</gc-op>
<gc-op id="723" type="card-cleaning" timems="0.182" contextid="704" timestamp="2019-08-02T20:08:28.442">
  <card-cleaning cardsCleaned="109" bytesTraced="473160" workStackOverflowCount="0" />
</gc-op>
<gc-op id="724" type="mark" timems="0.565" contextid="704" timestamp="2019-08-02T20:08:28.443">
  <trace-info objectcount="1429" scancount="1274" scanbytes="300296" />
  <finalization candidates="25" enqueued="0" />
  <references type="soft" candidates="168" cleared="0" enqueued="0" dynamicThreshold="12" maxThreshold="32" />
  <references type="weak" candidates="248" cleared="0" enqueued="0" />
  <references type="phantom" candidates="73" cleared="0" enqueued="0" />
  <stringconstants candidates="3963" cleared="0"  />
</gc-op>
<gc-op id="725" type="sweep" timems="0.207" contextid="704" timestamp="2019-08-02T20:08:28.443" />
<gc-end id="726" type="global" contextid="704" durationms="1.936" usertimems="4.000" systemtimems="0.000" timestamp="2019-08-02T20:08:28.444" activeThreads="8">
  <mem-info id="727" free="4036888" total="9437184" percent="42">
    <mem type="nursery" free="1647912" total="3145728" percent="52">
      <mem type="allocate" free="1647912" total="2228224" percent="73" />
      <mem type="survivor" free="0" total="917504" percent="0" />
    </mem>
    <mem type="tenure" free="2388976" total="6291456" percent="37" micro-fragmented="71987" macro-fragmented="0">
      <mem type="soa" free="2074608" total="5977088" percent="34" />
      <mem type="loa" free="314368" total="314368" percent="100" />
    </mem>
    <remembered-set count="221" />
  </mem-info>
</gc-end>
<cycle-end id="728" type="global" contextid="704" timestamp="2019-08-02T20:08:28.444" />
  <attribute name="elasticGC enabled" value="1" />
  <attribute name= "numThreadsSpecified" value="0" />
  <attribute name="heapSize specified" value="0" />
  <attribute name= "numCores" value="8" />
  <attribute name ="GC Interval" value="1800" />
  <attribute name ="Control flow" value="2" />
  <attribute name="GC Util Range Max" value="23" />
  <attribute name="Current GC Util" value="35" />
  <attribute name= "Current Time Running" value="1317" />
<concurrent-collection-end id="729" timestamp="2019-08-02T20:08:28.444" />
<exclusive-end id="730" timestamp="2019-08-02T20:08:28.444" durationms="2.388" />

<exclusive-start id="731" timestamp="2019-08-02T20:08:28.468" intervalms="26.624">
  <response-info timems="0.048" idlems="0.048" threads="0" lastid="0000000001CA8700" lastname="Thread-4" />
</exclusive-start>
<af-start id="732" threadId="0000000001CA9088" totalBytesRequested="112" timestamp="2019-08-02T20:08:28.468" intervalms="29.813" type="nursery" />
<cycle-start id="733" type="scavenge" contextid="0" timestamp="2019-08-02T20:08:28.468" intervalms="29.779" />
<gc-start id="734" type="scavenge" contextid="733" timestamp="2019-08-02T20:08:28.468">
  <mem-info id="735" free="2388976" total="9437184" percent="25">
    <mem type="nursery" free="0" total="3145728" percent="0">
      <mem type="allocate" free="0" total="2228224" percent="0" />
      <mem type="survivor" free="0" total="917504" percent="0" />
    </mem>
    <mem type="tenure" free="2388976" total="6291456" percent="37">
      <mem type="soa" free="2074608" total="5977088" percent="34" />
      <mem type="loa" free="314368" total="314368" percent="100" />
    </mem>
    <remembered-set count="419" />
  </mem-info>
</gc-start>
<allocation-stats totalBytes="1633912" >
  <allocated-bytes non-tlh="196672" tlh="1437240" />
  <largest-consumer threadName="Thread-3" threadId="0000000001CA4B00" bytes="456384" />
</allocation-stats>
<gc-op id="736" type="scavenge" timems="0.544" contextid="733" timestamp="2019-08-02T20:08:28.469">
  <scavenger-info tenureage="1" tenuremask="7ffe" tiltratio="70" />
  <memory-copied type="nursery" objects="2190" bytes="718600" bytesdiscarded="150640" />
  <memory-copied type="tenure" objects="584" bytes="292232" bytesdiscarded="6256" />
</gc-op>
<gc-end id="737" type="scavenge" contextid="733" durationms="0.754" usertimems="4.000" systemtimems="0.000" timestamp="2019-08-02T20:08:28.469" activeThreads="8">
  <mem-info id="738" free="3396440" total="9437184" percent="35">
    <mem type="nursery" free="1358936" total="3145728" percent="43">
      <mem type="allocate" free="1358936" total="2228224" percent="60" />
      <mem type="survivor" free="0" total="917504" percent="0" />
    </mem>
    <mem type="tenure" free="2037504" total="6291456" percent="32">
      <mem type="soa" free="1723136" total="5977088" percent="28" />
      <mem type="loa" free="314368" total="314368" percent="100" />
    </mem>
    <remembered-set count="280" />
  </mem-info>
</gc-end>
<cycle-end id="739" type="scavenge" contextid="733" timestamp="2019-08-02T20:08:28.469" />
  <attribute name="elasticGC enabled" value="1" />
  <attribute name= "numThreadsSpecified" value="0" />
  <attribute name="heapSize specified" value="0" />
  <attribute name= "numCores" value="8" />
  <attribute name ="GC Interval" value="1900" />
  <attribute name ="Control flow" value="2" />
  <attribute name="GC Util Range Max" value="23" />
  <attribute name="Current GC Util" value="8" />
  <attribute name= "Current Time Running" value="1342" />
<allocation-satisfied id="740" threadId="0000000001CA8700" bytesRequested="112" />
<af-end id="741" timestamp="2019-08-02T20:08:28.469" threadId="0000000001CA9088" success="true" from="nursery"/>
<exclusive-end id="742" timestamp="2019-08-02T20:08:28.469" durationms="1.303" />

<exclusive-start id="743" timestamp="2019-08-02T20:08:28.488" intervalms="19.735">
  <response-info timems="0.057" idlems="0.057" threads="0" lastid="0000000001CA8700" lastname="Thread-4" />
</exclusive-start>
<af-start id="744" threadId="0000000001CA9088" totalBytesRequested="112" timestamp="2019-08-02T20:08:28.488" intervalms="19.764" type="nursery" />
<cycle-start id="745" type="scavenge" contextid="0" timestamp="2019-08-02T20:08:28.488" intervalms="19.772" />
<gc-start id="746" type="scavenge" contextid="745" timestamp="2019-08-02T20:08:28.488">
  <mem-info id="747" free="2037504" total="9437184" percent="21">
    <mem type="nursery" free="0" total="3145728" percent="0">
      <mem type="allocate" free="0" total="2228224" percent="0" />
      <mem type="survivor" free="0" total="917504" percent="0" />
    </mem>
    <mem type="tenure" free="2037504" total="6291456" percent="32">
      <mem type="soa" free="1723136" total="5977088" percent="28" />
      <mem type="loa" free="314368" total="314368" percent="100" />
    </mem>
    <remembered-set count="445" />
  </mem-info>
</gc-start>
<allocation-stats totalBytes="1345760" >
  <allocated-bytes non-tlh="196776" tlh="1148984" />
  <largest-consumer threadName="Thread-9" threadId="0000000001CBB300" bytes="426720" />
</allocation-stats>
<gc-op id="748" type="scavenge" timems="0.625" contextid="745" timestamp="2019-08-02T20:08:28.489">
  <scavenger-info tenureage="1" tenuremask="7ffe" tiltratio="70" />
  <memory-copied type="nursery" objects="1300" bytes="516320" bytesdiscarded="159800" />
  <memory-copied type="tenure" objects="1543" bytes="502736" bytesdiscarded="4928" />
  <references type="phantom" candidates="1" cleared="0" enqueued="0" />
</gc-op>
<gc-end id="749" type="scavenge" contextid="745" durationms="0.847" usertimems="0.000" systemtimems="0.000" timestamp="2019-08-02T20:08:28.489" activeThreads="8">
  <mem-info id="750" free="3048992" total="9437184" percent="32">
    <mem type="nursery" free="1552056" total="3145728" percent="49">
      <mem type="allocate" free="1552056" total="2228224" percent="69" />
      <mem type="survivor" free="0" total="917504" percent="0" />
    </mem>
    <mem type="tenure" free="1496936" total="6291456" percent="23">
      <mem type="soa" free="1182568" total="5977088" percent="19" />
      <mem type="loa" free="314368" total="314368" percent="100" />
    </mem>
    <remembered-set count="263" />
  </mem-info>
</gc-end>
<cycle-end id="751" type="scavenge" contextid="745" timestamp="2019-08-02T20:08:28.489" />
  <attribute name="elasticGC enabled" value="1" />
  <attribute name= "numThreadsSpecified" value="0" />
  <attribute name="heapSize specified" value="0" />
  <attribute name= "numCores" value="8" />
  <attribute name ="GC Interval" value="1900" />
  <attribute name ="Control flow" value="2" />
  <attribute name="GC Util Range Max" value="23" />
  <attribute name="Current GC Util" value="7" />
  <attribute name= "Current Time Running" value="1362" />
<allocation-satisfied id="752" threadId="0000000001CA8700" bytesRequested="112" />
<af-end id="753" timestamp="2019-08-02T20:08:28.489" threadId="0000000001CA9088" success="true" from="nursery"/>
<exclusive-end id="754" timestamp="2019-08-02T20:08:28.489" durationms="1.450" />

<exclusive-start id="755" timestamp="2019-08-02T20:08:28.505" intervalms="16.983">
  <response-info timems="0.037" idlems="0.037" threads="0" lastid="0000000001CBEF00" lastname="Thread-10" />
</exclusive-start>
<af-start id="756" threadId="0000000001CBF888" totalBytesRequested="48" timestamp="2019-08-02T20:08:28.505" intervalms="16.952" type="nursery" />
<cycle-start id="757" type="scavenge" contextid="0" timestamp="2019-08-02T20:08:28.505" intervalms="16.930" />
<gc-start id="758" type="scavenge" contextid="757" timestamp="2019-08-02T20:08:28.505">
  <mem-info id="759" free="1496936" total="9437184" percent="15">
    <mem type="nursery" free="0" total="3145728" percent="0">
      <mem type="allocate" free="0" total="2228224" percent="0" />
      <mem type="survivor" free="0" total="917504" percent="0" />
    </mem>
    <mem type="tenure" free="1496936" total="6291456" percent="23">
      <mem type="soa" free="1182568" total="5977088" percent="19" />
      <mem type="loa" free="314368" total="314368" percent="100" />
    </mem>
    <remembered-set count="465" />
  </mem-info>
</gc-start>
<allocation-stats totalBytes="1512528" >
  <allocated-bytes non-tlh="131224" tlh="1381304" />
  <largest-consumer threadName="Thread-6" threadId="0000000001CAFF00" bytes="717696" />
</allocation-stats>
<gc-op id="760" type="scavenge" timems="2.364" contextid="757" timestamp="2019-08-02T20:08:28.508">
  <scavenger-info tenureage="1" tenuremask="7ffe" tiltratio="70" />
  <memory-copied type="nursery" objects="1562" bytes="577824" bytesdiscarded="43800" />
  <memory-copied type="tenure" objects="1189" bytes="492376" bytesdiscarded="7752" />
</gc-op>
<heap-resize id="761" type="expand" space="nursery" amount="262144" count="1" timems="0.014" reason="excessive time being spent scavenging" timestamp="2019-08-02T20:08:28.508" />
<gc-end id="762" type="scavenge" contextid="757" durationms="2.768" usertimems="4.000" systemtimems="0.000" timestamp="2019-08-02T20:08:28.508" activeThreads="8">
  <mem-info id="763" free="2796976" total="9699328" percent="28">
    <mem type="nursery" free="1803168" total="3407872" percent="52">
      <mem type="allocate" free="1803168" total="2424832" percent="74" />
      <mem type="survivor" free="0" total="983040" percent="0" />
    </mem>
    <mem type="tenure" free="993808" total="6291456" percent="15">
      <mem type="soa" free="679440" total="5977088" percent="11" />
      <mem type="loa" free="314368" total="314368" percent="100" />
    </mem>
    <remembered-set count="290" />
  </mem-info>
</gc-end>
<cycle-end id="764" type="scavenge" contextid="757" timestamp="2019-08-02T20:08:28.508" />
  <attribute name="elasticGC enabled" value="1" />
  <attribute name= "numThreadsSpecified" value="0" />
  <attribute name="heapSize specified" value="0" />
  <attribute name= "numCores" value="8" />
  <attribute name ="GC Interval" value="1900" />
  <attribute name ="Control flow" value="2" />
  <attribute name="GC Util Range Max" value="23" />
  <attribute name="Current GC Util" value="10" />
  <attribute name= "Current Time Running" value="1379" />
<allocation-satisfied id="765" threadId="0000000001CBEF00" bytesRequested="48" />
<af-end id="766" timestamp="2019-08-02T20:08:28.508" threadId="0000000001CBF888" success="true" from="nursery"/>
<exclusive-end id="767" timestamp="2019-08-02T20:08:28.508" durationms="3.232" />

<concurrent-kickoff id="768" timestamp="2019-08-02T20:08:28.531">
  <kickoff reason="threshold reached" targetBytes="2133834" thresholdFreeBytes="285287"  remainingFree="222088" tenureFreeBytes="993808" nurseryFreeBytes="222088" />
</concurrent-kickoff>
<exclusive-start id="769" timestamp="2019-08-02T20:08:28.532" intervalms="26.950">
  <response-info timems="0.177" idlems="0.092" threads="1" lastid="0000000001CB3B00" lastname="Thread-7" />
</exclusive-start>
<cycle-start id="770" type="global" contextid="0" timestamp="2019-08-02T20:08:28.532" intervalms="97.990" />
<exclusive-end id="771" timestamp="2019-08-02T20:08:28.532" durationms="0.137" />

<exclusive-start id="772" timestamp="2019-08-02T20:08:28.533" intervalms="1.504">
  <response-info timems="0.046" idlems="0.046" threads="0" lastid="0000000001CA4B00" lastname="Thread-3" />
</exclusive-start>
<af-start id="773" threadId="0000000001CA5488" totalBytesRequested="16" timestamp="2019-08-02T20:08:28.533" intervalms="28.381" type="nursery" />
<cycle-start id="774" type="scavenge" contextid="0" timestamp="2019-08-02T20:08:28.533" intervalms="28.394" />
<gc-start id="775" type="scavenge" contextid="774" timestamp="2019-08-02T20:08:28.534">
  <mem-info id="776" free="993808" total="9699328" percent="10">
    <mem type="nursery" free="0" total="3407872" percent="0">
      <mem type="allocate" free="0" total="2424832" percent="0" />
      <mem type="survivor" free="0" total="983040" percent="0" />
    </mem>
    <mem type="tenure" free="993808" total="6291456" percent="15">
      <mem type="soa" free="679440" total="5977088" percent="11" />
      <mem type="loa" free="314368" total="314368" percent="100" />
    </mem>
    <remembered-set count="451" />
  </mem-info>
</gc-start>
<allocation-stats totalBytes="1771392" >
  <allocated-bytes non-tlh="147544" tlh="1623848" />
  <largest-consumer threadName="Thread-9" threadId="0000000001CBB300" bytes="888536" />
</allocation-stats>
<gc-op id="777" type="scavenge" timems="0.421" contextid="774" timestamp="2019-08-02T20:08:28.534">
  <scavenger-info tenureage="1" tenuremask="7ffe" tiltratio="71" />
  <memory-copied type="nursery" objects="843" bytes="458824" bytesdiscarded="148448" />
  <memory-copied type="tenure" objects="894" bytes="371064" bytesdiscarded="2984" />
</gc-op>
<gc-end id="778" type="scavenge" contextid="774" durationms="0.621" usertimems="4.000" systemtimems="0.000" timestamp="2019-08-02T20:08:28.534" activeThreads="8">
  <mem-info id="779" free="2494880" total="9699328" percent="25">
    <mem type="nursery" free="1948592" total="3407872" percent="57">
      <mem type="allocate" free="1948592" total="2555904" percent="76" />
      <mem type="survivor" free="0" total="851968" percent="0" />
    </mem>
    <mem type="tenure" free="546288" total="6291456" percent="8">
      <mem type="soa" free="231920" total="5977088" percent="3" />
      <mem type="loa" free="314368" total="314368" percent="100" />
    </mem>
    <remembered-set count="250" />
  </mem-info>
</gc-end>
<cycle-end id="780" type="scavenge" contextid="774" timestamp="2019-08-02T20:08:28.534" />
  <attribute name="elasticGC enabled" value="1" />
  <attribute name= "numThreadsSpecified" value="0" />
  <attribute name="heapSize specified" value="0" />
  <attribute name= "numCores" value="8" />
  <attribute name ="GC Interval" value="1900" />
  <attribute name ="Control flow" value="2" />
  <attribute name="GC Util Range Max" value="23" />
  <attribute name="Current GC Util" value="10" />
  <attribute name= "Current Time Running" value="1407" />
<allocation-satisfied id="781" threadId="0000000001CA4B00" bytesRequested="16" />
<af-end id="782" timestamp="2019-08-02T20:08:28.535" threadId="0000000001CA5488" success="true" from="nursery"/>
<exclusive-end id="783" timestamp="2019-08-02T20:08:28.535" durationms="1.279" />

<exclusive-start id="784" timestamp="2019-08-02T20:08:28.538" intervalms="4.814">
  <response-info timems="0.040" idlems="0.040" threads="0" lastid="0000000001CAC300" lastname="Thread-5" />
</exclusive-start>
<concurrent-collection-start id="785" timestamp="2019-08-02T20:08:28.538" intervalms="96.700" >
  <concurrent-trace-info reason="card cleaning threshold reached" tracedByMutators="1233228" tracedByHelpers="893020" cardsCleaned="185" workStackOverflowCount="0" />
</concurrent-collection-start>
<gc-start id="786" type="global" contextid="770" timestamp="2019-08-02T20:08:28.538">
  <mem-info id="787" free="2097536" total="9699328" percent="21">
    <mem type="nursery" free="1551248" total="3407872" percent="45">
      <mem type="allocate" free="1551248" total="2555904" percent="60" />
      <mem type="survivor" free="0" total="851968" percent="0" />
    </mem>
    <mem type="tenure" free="546288" total="6291456" percent="8">
      <mem type="soa" free="231920" total="5977088" percent="3" />
      <mem type="loa" free="314368" total="314368" percent="100" />
    </mem>
    <remembered-set count="289" />
  </mem-info>
</gc-start>
<allocation-stats totalBytes="381080" >
  <allocated-bytes non-tlh="32800" tlh="348280" />
  <largest-consumer threadName="Thread-5" threadId="0000000001CAC300" bytes="94928" />
</allocation-stats>
<gc-op id="788" type="rs-scan" timems="0.171" contextid="770" timestamp="2019-08-02T20:08:28.539">
  <scan objectsFound="210" bytesTraced="32940" workStackOverflowCount="0" />
</gc-op>
<gc-op id="789" type="card-cleaning" timems="0.150" contextid="770" timestamp="2019-08-02T20:08:28.539">
  <card-cleaning cardsCleaned="1" bytesTraced="253212" workStackOverflowCount="0" />
</gc-op>
<gc-op id="790" type="mark" timems="0.661" contextid="770" timestamp="2019-08-02T20:08:28.540">
  <trace-info objectcount="1608" scancount="1411" scanbytes="254148" />
  <finalization candidates="25" enqueued="0" />
  <references type="soft" candidates="168" cleared="0" enqueued="0" dynamicThreshold="12" maxThreshold="32" />
  <references type="weak" candidates="249" cleared="0" enqueued="0" />
  <references type="phantom" candidates="74" cleared="0" enqueued="0" />
  <stringconstants candidates="3963" cleared="0"  />
</gc-op>
<gc-op id="791" type="sweep" timems="0.246" contextid="770" timestamp="2019-08-02T20:08:28.540" />
<gc-end id="792" type="global" contextid="770" durationms="2.241" usertimems="0.000" systemtimems="4.000" timestamp="2019-08-02T20:08:28.541" activeThreads="8">
  <mem-info id="793" free="4118944" total="9699328" percent="42">
    <mem type="nursery" free="2014992" total="3407872" percent="59">
      <mem type="allocate" free="2014992" total="2555904" percent="78" />
      <mem type="survivor" free="0" total="851968" percent="0" />
    </mem>
    <mem type="tenure" free="2103952" total="6291456" percent="33" micro-fragmented="153328" macro-fragmented="0">
      <mem type="soa" free="1789584" total="5977088" percent="29" />
      <mem type="loa" free="314368" total="314368" percent="100" />
    </mem>
    <remembered-set count="266" />
  </mem-info>
</gc-end>
<cycle-end id="794" type="global" contextid="770" timestamp="2019-08-02T20:08:28.541" />
  <attribute name="elasticGC enabled" value="1" />
  <attribute name= "numThreadsSpecified" value="0" />
  <attribute name="heapSize specified" value="0" />
  <attribute name= "numCores" value="8" />
  <attribute name ="GC Interval" value="1900" />
  <attribute name ="Control flow" value="2" />
  <attribute name="GC Util Range Max" value="23" />
  <attribute name="Current GC Util" value="39" />
  <attribute name= "Current Time Running" value="1414" />
<concurrent-collection-end id="795" timestamp="2019-08-02T20:08:28.541" />
<exclusive-end id="796" timestamp="2019-08-02T20:08:28.541" durationms="2.829" />

<exclusive-start id="797" timestamp="2019-08-02T20:08:28.585" intervalms="46.759">
  <response-info timems="0.045" idlems="0.045" threads="0" lastid="0000000001CAC300" lastname="Thread-5" />
</exclusive-start>
<af-start id="798" threadId="0000000001CACC88" totalBytesRequested="32776" timestamp="2019-08-02T20:08:28.585" intervalms="51.691" type="nursery" />
<cycle-start id="799" type="scavenge" contextid="0" timestamp="2019-08-02T20:08:28.585" intervalms="51.695" />
<gc-start id="800" type="scavenge" contextid="799" timestamp="2019-08-02T20:08:28.585">
  <mem-info id="801" free="2103952" total="9699328" percent="21">
    <mem type="nursery" free="0" total="3407872" percent="0">
      <mem type="allocate" free="0" total="2555904" percent="0" />
      <mem type="survivor" free="0" total="851968" percent="0" />
    </mem>
    <mem type="tenure" free="2103952" total="6291456" percent="33">
      <mem type="soa" free="1789584" total="5977088" percent="29" />
      <mem type="loa" free="314368" total="314368" percent="100" />
    </mem>
    <remembered-set count="438" />
  </mem-info>
</gc-start>
<allocation-stats totalBytes="1920688" >
  <allocated-bytes non-tlh="257128" tlh="1663560" />
  <largest-consumer threadName="Thread-3" threadId="0000000001CA4B00" bytes="543016" />
</allocation-stats>
<gc-op id="802" type="scavenge" timems="0.542" contextid="799" timestamp="2019-08-02T20:08:28.586">
  <scavenger-info tenureage="1" tenuremask="7ffe" tiltratio="75" />
  <memory-copied type="nursery" objects="1448" bytes="665176" bytesdiscarded="186736" />
  <memory-copied type="tenure" objects="645" bytes="264088" bytesdiscarded="7160" />
</gc-op>
<gc-end id="803" type="scavenge" contextid="799" durationms="0.760" usertimems="4.000" systemtimems="0.000" timestamp="2019-08-02T20:08:28.586" activeThreads="8">
  <mem-info id="804" free="3394200" total="9699328" percent="34">
    <mem type="nursery" free="1572864" total="3407872" percent="46">
      <mem type="allocate" free="1572864" total="2424832" percent="64" />
      <mem type="survivor" free="0" total="983040" percent="0" />
    </mem>
    <mem type="tenure" free="1821336" total="6291456" percent="28">
      <mem type="soa" free="1506968" total="5977088" percent="25" />
      <mem type="loa" free="314368" total="314368" percent="100" />
    </mem>
    <remembered-set count="243" />
  </mem-info>
</gc-end>
<cycle-end id="805" type="scavenge" contextid="799" timestamp="2019-08-02T20:08:28.586" />
  <attribute name="elasticGC enabled" value="1" />
  <attribute name= "numThreadsSpecified" value="0" />
  <attribute name="heapSize specified" value="0" />
  <attribute name= "numCores" value="8" />
  <attribute name ="GC Interval" value="2000" />
  <attribute name ="Control flow" value="2" />
  <attribute name="GC Util Range Max" value="23" />
  <attribute name="Current GC Util" value="5" />
  <attribute name= "Current Time Running" value="1459" />
<allocation-satisfied id="806" threadId="0000000001CAC300" bytesRequested="32776" />
<af-end id="807" timestamp="2019-08-02T20:08:28.586" threadId="0000000001CACC88" success="true" from="nursery"/>
<exclusive-end id="808" timestamp="2019-08-02T20:08:28.586" durationms="1.356" />

<exclusive-start id="809" timestamp="2019-08-02T20:08:28.626" intervalms="41.234">
  <response-info timems="0.093" idlems="0.093" threads="0" lastid="0000000001CBEF00" lastname="Thread-10" />
</exclusive-start>
<af-start id="810" threadId="0000000001CBF888" totalBytesRequested="16392" timestamp="2019-08-02T20:08:28.626" intervalms="41.110" type="nursery" />
<cycle-start id="811" type="scavenge" contextid="0" timestamp="2019-08-02T20:08:28.626" intervalms="41.090" />
<gc-start id="812" type="scavenge" contextid="811" timestamp="2019-08-02T20:08:28.626">
  <mem-info id="813" free="1821336" total="9699328" percent="18">
    <mem type="nursery" free="0" total="3407872" percent="0">
      <mem type="allocate" free="0" total="2424832" percent="0" />
      <mem type="survivor" free="0" total="983040" percent="0" />
    </mem>
    <mem type="tenure" free="1821336" total="6291456" percent="28">
      <mem type="soa" free="1506968" total="5977088" percent="25" />
      <mem type="loa" free="314368" total="314368" percent="100" />
    </mem>
    <remembered-set count="414" />
  </mem-info>
</gc-start>
<allocation-stats totalBytes="1493176" >
  <allocated-bytes non-tlh="98328" tlh="1394848" />
  <largest-consumer threadName="Thread-7" threadId="0000000001CB3B00" bytes="429272" />
</allocation-stats>
<gc-op id="814" type="scavenge" timems="3.764" contextid="811" timestamp="2019-08-02T20:08:28.630">
  <scavenger-info tenureage="1" tenuremask="7ffe" tiltratio="71" />
  <memory-copied type="nursery" objects="1264" bytes="437192" bytesdiscarded="171312" />
  <memory-copied type="tenure" objects="856" bytes="446640" bytesdiscarded="6000" />
</gc-op>
<heap-resize id="815" type="expand" space="nursery" amount="131072" count="1" timems="0.013" reason="excessive time being spent scavenging" timestamp="2019-08-02T20:08:28.630" />
<gc-end id="816" type="scavenge" contextid="811" durationms="4.161" usertimems="4.000" systemtimems="4.000" timestamp="2019-08-02T20:08:28.630" activeThreads="8">
  <mem-info id="817" free="3317616" total="9830400" percent="33">
    <mem type="nursery" free="1947360" total="3538944" percent="55">
      <mem type="allocate" free="1947360" total="2555904" percent="76" />
      <mem type="survivor" free="0" total="983040" percent="0" />
    </mem>
    <mem type="tenure" free="1370256" total="6291456" percent="21">
      <mem type="soa" free="1055888" total="5977088" percent="17" />
      <mem type="loa" free="314368" total="314368" percent="100" />
    </mem>
    <remembered-set count="248" />
  </mem-info>
</gc-end>
<cycle-end id="818" type="scavenge" contextid="811" timestamp="2019-08-02T20:08:28.631" />
  <attribute name="elasticGC enabled" value="1" />
  <attribute name= "numThreadsSpecified" value="0" />
  <attribute name="heapSize specified" value="0" />
  <attribute name= "numCores" value="8" />
  <attribute name ="GC Interval" value="1900" />
  <attribute name ="Control flow" value="2" />
  <attribute name="GC Util Range Max" value="23" />
  <attribute name="Current GC Util" value="3" />
  <attribute name= "Current Time Running" value="1500" />
<allocation-satisfied id="819" threadId="0000000001CBEF00" bytesRequested="16392" />
<af-end id="820" timestamp="2019-08-02T20:08:28.631" threadId="0000000001CBF888" success="true" from="nursery"/>
<exclusive-end id="821" timestamp="2019-08-02T20:08:28.631" durationms="4.835" />

<exclusive-start id="822" timestamp="2019-08-02T20:08:28.650" intervalms="23.557">
  <response-info timems="0.065" idlems="0.065" threads="0" lastid="0000000001CAC300" lastname="Thread-5" />
</exclusive-start>
<af-start id="823" threadId="0000000001CACC88" totalBytesRequested="32776" timestamp="2019-08-02T20:08:28.650" intervalms="23.766" type="nursery" />
<cycle-start id="824" type="scavenge" contextid="0" timestamp="2019-08-02T20:08:28.650" intervalms="23.783" />
<gc-start id="825" type="scavenge" contextid="824" timestamp="2019-08-02T20:08:28.650">
  <mem-info id="826" free="1372016" total="9830400" percent="13">
    <mem type="nursery" free="1760" total="3538944" percent="0">
      <mem type="allocate" free="1760" total="2555904" percent="0" />
      <mem type="survivor" free="0" total="983040" percent="0" />
    </mem>
    <mem type="tenure" free="1370256" total="6291456" percent="21">
      <mem type="soa" free="1055888" total="5977088" percent="17" />
      <mem type="loa" free="314368" total="314368" percent="100" />
    </mem>
    <remembered-set count="450" />
  </mem-info>
</gc-start>
<allocation-stats totalBytes="1903600" >
  <allocated-bytes non-tlh="213056" tlh="1690544" />
  <largest-consumer threadName="Thread-9" threadId="0000000001CBB300" bytes="478824" />
</allocation-stats>
<gc-op id="827" type="scavenge" timems="0.557" contextid="824" timestamp="2019-08-02T20:08:28.651">
  <scavenger-info tenureage="1" tenuremask="7ffe" tiltratio="72" />
  <memory-copied type="nursery" objects="2125" bytes="842280" bytesdiscarded="140688" />
  <memory-copied type="tenure" objects="1112" bytes="348328" bytesdiscarded="9632" />
  <copy-failed type="nursery" objects="505" bytes="129872" />
</gc-op>
<gc-end id="828" type="scavenge" contextid="824" durationms="0.771" usertimems="0.000" systemtimems="0.000" timestamp="2019-08-02T20:08:28.651" activeThreads="8">
  <mem-info id="829" free="1820008" total="9830400" percent="18">
    <mem type="nursery" free="851968" total="3538944" percent="24">
      <mem type="allocate" free="851968" total="1835008" percent="46" />
      <mem type="survivor" free="0" total="1703936" percent="0" />
    </mem>
    <mem type="tenure" free="968040" total="6291456" percent="15">
      <mem type="soa" free="653672" total="5977088" percent="10" />
      <mem type="loa" free="314368" total="314368" percent="100" />
    </mem>
    <remembered-set count="264" />
  </mem-info>
</gc-end>
<cycle-end id="830" type="scavenge" contextid="824" timestamp="2019-08-02T20:08:28.651" />
  <attribute name="elasticGC enabled" value="1" />
  <attribute name= "numThreadsSpecified" value="0" />
  <attribute name="heapSize specified" value="0" />
  <attribute name= "numCores" value="8" />
  <attribute name ="GC Interval" value="1800" />
  <attribute name ="Control flow" value="2" />
  <attribute name="GC Util Range Max" value="23" />
  <attribute name="Current GC Util" value="20" />
  <attribute name= "Current Time Running" value="1524" />
<allocation-satisfied id="831" threadId="0000000001CAC300" bytesRequested="32776" />
<af-end id="832" timestamp="2019-08-02T20:08:28.651" threadId="0000000001CACC88" success="true" from="nursery"/>
<exclusive-end id="833" timestamp="2019-08-02T20:08:28.651" durationms="1.439" />

<concurrent-kickoff id="834" timestamp="2019-08-02T20:08:28.656">
  <kickoff reason="threshold reached" targetBytes="2130733" thresholdFreeBytes="285360"  remainingFree="229360" tenureFreeBytes="968040" nurseryFreeBytes="229360" />
</concurrent-kickoff>
<exclusive-start id="835" timestamp="2019-08-02T20:08:28.656" intervalms="6.601">
  <response-info timems="0.044" idlems="0.044" threads="0" lastid="0000000001CAC300" lastname="Thread-5" />
</exclusive-start>
<cycle-start id="836" type="global" contextid="0" timestamp="2019-08-02T20:08:28.656" intervalms="124.470" />
<exclusive-end id="837" timestamp="2019-08-02T20:08:28.656" durationms="0.132" />

<exclusive-start id="838" timestamp="2019-08-02T20:08:28.670" intervalms="14.160">
  <response-info timems="0.055" idlems="0.055" threads="0" lastid="0000000001CAFF00" lastname="Thread-6" />
</exclusive-start>
<af-start id="839" threadId="0000000001CB0888" totalBytesRequested="48" timestamp="2019-08-02T20:08:28.671" intervalms="20.616" type="nursery" />
<percolate-collect id="840" from="nursery" to="global" reason="concurrent mark exhausted" timestamp="2019-08-02T20:08:28.671"/>
<gc-start id="841" type="global" contextid="836" timestamp="2019-08-02T20:08:28.671">
  <mem-info id="842" free="968040" total="9830400" percent="9">
    <mem type="nursery" free="0" total="3538944" percent="0">
      <mem type="allocate" free="0" total="1835008" percent="0" />
      <mem type="survivor" free="0" total="1703936" percent="0" />
    </mem>
    <mem type="tenure" free="968040" total="6291456" percent="15">
      <mem type="soa" free="653672" total="5977088" percent="10" />
      <mem type="loa" free="314368" total="314368" percent="100" />
    </mem>
    <remembered-set count="392" />
  </mem-info>
</gc-start>
<allocation-stats totalBytes="844640" >
  <allocated-bytes non-tlh="65552" tlh="779088" />
  <largest-consumer threadName="Thread-5" threadId="0000000001CAC300" bytes="357472" />
</allocation-stats>
<concurrent-halted id="843" timestamp="2019-08-02T20:08:28.671">
  <halted state="Complete" status="exhausted" />
  <traced bytesTarget="2130733" bytesTotal="1996508" bytesByMutator="772584" bytesByHelper="1223924" percent="93" />
  <cards cleaned="202" thresholdBytes="112414" />
</concurrent-halted>
<gc-op id="844" type="rs-scan" timems="0.159" contextid="836" timestamp="2019-08-02T20:08:28.671">
  <scan objectsFound="155" bytesTraced="16180" workStackOverflowCount="0" />
</gc-op>
<gc-op id="845" type="card-cleaning" timems="0.226" contextid="836" timestamp="2019-08-02T20:08:28.671">
  <card-cleaning cardsCleaned="104" bytesTraced="689812" workStackOverflowCount="0" />
</gc-op>
<gc-op id="846" type="mark" timems="0.565" contextid="836" timestamp="2019-08-02T20:08:28.672">
  <trace-info objectcount="1015" scancount="864" scanbytes="112648" />
  <finalization candidates="25" enqueued="0" />
  <references type="soft" candidates="168" cleared="0" enqueued="0" dynamicThreshold="10" maxThreshold="32" />
  <references type="weak" candidates="248" cleared="0" enqueued="0" />
  <references type="phantom" candidates="72" cleared="0" enqueued="0" />
  <stringconstants candidates="3963" cleared="0"  />
</gc-op>
<gc-op id="847" type="sweep" timems="0.232" contextid="836" timestamp="2019-08-02T20:08:28.672" />
<gc-end id="848" type="global" contextid="836" durationms="2.083" usertimems="4.000" systemtimems="0.000" timestamp="2019-08-02T20:08:28.673" activeThreads="8">
  <mem-info id="849" free="3454952" total="9830400" percent="35">
    <mem type="nursery" free="832944" total="3538944" percent="23">
      <mem type="allocate" free="832944" total="1835008" percent="45" />
      <mem type="survivor" free="0" total="1703936" percent="0" />
    </mem>
    <mem type="tenure" free="2622008" total="6291456" percent="41" micro-fragmented="71379" macro-fragmented="0">
      <mem type="soa" free="2307640" total="5977088" percent="38" />
      <mem type="loa" free="314368" total="314368" percent="100" />
    </mem>
    <remembered-set count="339" />
  </mem-info>
</gc-end>
<cycle-end id="850" type="global" contextid="836" timestamp="2019-08-02T20:08:28.673" />
  <attribute name="elasticGC enabled" value="1" />
  <attribute name= "numThreadsSpecified" value="0" />
  <attribute name="heapSize specified" value="0" />
  <attribute name= "numCores" value="8" />
  <attribute name ="GC Interval" value="1800" />
  <attribute name ="Control flow" value="2" />
  <attribute name="GC Util Range Max" value="23" />
  <attribute name="Current GC Util" value="40" />
  <attribute name= "Current Time Running" value="1546" />
<allocation-satisfied id="851" threadId="0000000001CAFF00" bytesRequested="48" />
<af-end id="852" timestamp="2019-08-02T20:08:28.673" threadId="0000000001CB0888" success="true" from="nursery"/>
<exclusive-end id="853" timestamp="2019-08-02T20:08:28.673" durationms="2.773" />

<exclusive-start id="854" timestamp="2019-08-02T20:08:28.688" intervalms="17.902">
  <response-info timems="0.047" idlems="0.047" threads="0" lastid="0000000001CAC300" lastname="Thread-5" />
</exclusive-start>
<af-start id="855" threadId="0000000001CACC88" totalBytesRequested="1032" timestamp="2019-08-02T20:08:28.689" intervalms="17.919" type="nursery" />
<cycle-start id="856" type="scavenge" contextid="0" timestamp="2019-08-02T20:08:28.689" intervalms="38.528" />
<gc-start id="857" type="scavenge" contextid="856" timestamp="2019-08-02T20:08:28.689">
  <mem-info id="858" free="2622008" total="9830400" percent="26">
    <mem type="nursery" free="0" total="3538944" percent="0">
      <mem type="allocate" free="0" total="1835008" percent="0" />
      <mem type="survivor" free="0" total="1703936" percent="0" />
    </mem>
    <mem type="tenure" free="2622008" total="6291456" percent="41">
      <mem type="soa" free="2307640" total="5977088" percent="38" />
      <mem type="loa" free="314368" total="314368" percent="100" />
    </mem>
    <remembered-set count="406" />
  </mem-info>
</gc-start>
<allocation-stats totalBytes="820264" >
  <allocated-bytes non-tlh="227560" tlh="592704" />
  <largest-consumer threadName="Thread-6" threadId="0000000001CAFF00" bytes="412656" />
</allocation-stats>
<gc-op id="859" type="scavenge" timems="0.556" contextid="856" timestamp="2019-08-02T20:08:28.689">
  <scavenger-info tenureage="1" tenuremask="7ffe" tiltratio="51" />
  <memory-copied type="nursery" objects="1463" bytes="510048" bytesdiscarded="213504" />
  <memory-copied type="tenure" objects="1966" bytes="760824" bytesdiscarded="11816" />
</gc-op>
<gc-end id="860" type="scavenge" contextid="856" durationms="0.743" usertimems="4.000" systemtimems="0.000" timestamp="2019-08-02T20:08:28.689" activeThreads="8">
  <mem-info id="861" free="3031128" total="9830400" percent="30">
    <mem type="nursery" free="1242488" total="3538944" percent="35">
      <mem type="allocate" free="1242488" total="1966080" percent="63" />
      <mem type="survivor" free="0" total="1572864" percent="0" />
    </mem>
    <mem type="tenure" free="1788640" total="6291456" percent="28">
      <mem type="soa" free="1474272" total="5977088" percent="24" />
      <mem type="loa" free="314368" total="314368" percent="100" />
    </mem>
    <remembered-set count="265" />
  </mem-info>
</gc-end>
<cycle-end id="862" type="scavenge" contextid="856" timestamp="2019-08-02T20:08:28.689" />
  <attribute name="elasticGC enabled" value="1" />
  <attribute name= "numThreadsSpecified" value="0" />
  <attribute name="heapSize specified" value="0" />
  <attribute name= "numCores" value="8" />
  <attribute name ="GC Interval" value="1900" />
  <attribute name ="Control flow" value="2" />
  <attribute name="GC Util Range Max" value="23" />
  <attribute name="Current GC Util" value="23" />
  <attribute name= "Current Time Running" value="1563" />
<allocation-satisfied id="863" threadId="0000000001CAC300" bytesRequested="1032" />
<af-end id="864" timestamp="2019-08-02T20:08:28.690" threadId="0000000001CACC88" success="true" from="nursery"/>
<exclusive-end id="865" timestamp="2019-08-02T20:08:28.690" durationms="1.251" />

<exclusive-start id="866" timestamp="2019-08-02T20:08:28.703" intervalms="14.839">
  <response-info timems="0.037" idlems="0.037" threads="0" lastid="0000000001CA8700" lastname="Thread-4" />
</exclusive-start>
<af-start id="867" threadId="0000000001CA9088" totalBytesRequested="16392" timestamp="2019-08-02T20:08:28.703" intervalms="14.878" type="nursery" />
<cycle-start id="868" type="scavenge" contextid="0" timestamp="2019-08-02T20:08:28.703" intervalms="14.880" />
<gc-start id="869" type="scavenge" contextid="868" timestamp="2019-08-02T20:08:28.704">
  <mem-info id="870" free="1788640" total="9830400" percent="18">
    <mem type="nursery" free="0" total="3538944" percent="0">
      <mem type="allocate" free="0" total="1966080" percent="0" />
      <mem type="survivor" free="0" total="1572864" percent="0" />
    </mem>
    <mem type="tenure" free="1788640" total="6291456" percent="28">
      <mem type="soa" free="1474272" total="5977088" percent="24" />
      <mem type="loa" free="314368" total="314368" percent="100" />
    </mem>
    <remembered-set count="406" />
  </mem-info>
</gc-start>
<allocation-stats totalBytes="1175648" >
  <allocated-bytes non-tlh="82976" tlh="1092672" />
  <largest-consumer threadName="Thread-5" threadId="0000000001CAC300" bytes="672696" />
</allocation-stats>
<gc-op id="871" type="scavenge" timems="0.554" contextid="868" timestamp="2019-08-02T20:08:28.704">
  <scavenger-info tenureage="1" tenuremask="7ffe" tiltratio="55" />
  <memory-copied type="nursery" objects="573" bytes="267672" bytesdiscarded="258720" />
  <memory-copied type="tenure" objects="817" bytes="292032" bytesdiscarded="5448" />
  <references type="phantom" candidates="1" cleared="0" enqueued="0" />
</gc-op>
<gc-end id="872" type="scavenge" contextid="868" durationms="0.755" usertimems="4.000" systemtimems="0.000" timestamp="2019-08-02T20:08:28.704" activeThreads="8">
  <mem-info id="873" free="3124784" total="9830400" percent="31">
    <mem type="nursery" free="1636256" total="3538944" percent="46">
      <mem type="allocate" free="1636256" total="2162688" percent="75" />
      <mem type="survivor" free="0" total="1376256" percent="0" />
    </mem>
    <mem type="tenure" free="1488528" total="6291456" percent="23">
      <mem type="soa" free="1174160" total="5977088" percent="19" />
      <mem type="loa" free="314368" total="314368" percent="100" />
    </mem>
    <remembered-set count="245" />
  </mem-info>
</gc-end>
<cycle-end id="874" type="scavenge" contextid="868" timestamp="2019-08-02T20:08:28.704" />
  <attribute name="elasticGC enabled" value="1" />
  <attribute name= "numThreadsSpecified" value="0" />
  <attribute name="heapSize specified" value="0" />
  <attribute name= "numCores" value="8" />
  <attribute name ="GC Interval" value="1900" />
  <attribute name ="Control flow" value="2" />
  <attribute name="GC Util Range Max" value="23" />
  <attribute name="Current GC Util" value="10" />
  <attribute name= "Current Time Running" value="1577" />
<allocation-satisfied id="875" threadId="0000000001CA8700" bytesRequested="16392" />
<af-end id="876" timestamp="2019-08-02T20:08:28.704" threadId="0000000001CA9088" success="true" from="nursery"/>
<exclusive-end id="877" timestamp="2019-08-02T20:08:28.705" durationms="1.316" />

<exclusive-start id="878" timestamp="2019-08-02T20:08:28.719" intervalms="16.071">
  <response-info timems="0.056" idlems="0.056" threads="0" lastid="0000000001CA4B00" lastname="Thread-3" />
</exclusive-start>
<af-start id="879" threadId="0000000001CA5488" totalBytesRequested="8200" timestamp="2019-08-02T20:08:28.719" intervalms="16.018" type="nursery" />
<cycle-start id="880" type="scavenge" contextid="0" timestamp="2019-08-02T20:08:28.719" intervalms="16.032" />
<gc-start id="881" type="scavenge" contextid="880" timestamp="2019-08-02T20:08:28.720">
  <mem-info id="882" free="1488528" total="9830400" percent="15">
    <mem type="nursery" free="0" total="3538944" percent="0">
      <mem type="allocate" free="0" total="2162688" percent="0" />
      <mem type="survivor" free="0" total="1376256" percent="0" />
    </mem>
    <mem type="tenure" free="1488528" total="6291456" percent="23">
      <mem type="soa" free="1174160" total="5977088" percent="19" />
      <mem type="loa" free="314368" total="314368" percent="100" />
    </mem>
    <remembered-set count="443" />
  </mem-info>
</gc-start>
<allocation-stats totalBytes="1549184" >
  <allocated-bytes non-tlh="262224" tlh="1286960" />
  <largest-consumer threadName="Thread-10" threadId="0000000001CBEF00" bytes="366792" />
</allocation-stats>
<gc-op id="883" type="scavenge" timems="0.513" contextid="880" timestamp="2019-08-02T20:08:28.720">
  <scavenger-info tenureage="1" tenuremask="7ffe" tiltratio="61" />
  <memory-copied type="nursery" objects="1598" bytes="854376" bytesdiscarded="58424" />
  <memory-copied type="tenure" objects="510" bytes="262840" bytesdiscarded="4816" />
  <references type="phantom" candidates="2" cleared="0" enqueued="0" />
</gc-op>
<gc-end id="884" type="scavenge" contextid="880" durationms="0.720" usertimems="0.000" systemtimems="0.000" timestamp="2019-08-02T20:08:28.720" activeThreads="8">
  <mem-info id="885" free="2255744" total="9830400" percent="22">
    <mem type="nursery" free="1053200" total="3538944" percent="29">
      <mem type="allocate" free="1053200" total="1966080" percent="53" />
      <mem type="survivor" free="0" total="1572864" percent="0" />
    </mem>
    <mem type="tenure" free="1202544" total="6291456" percent="19">
      <mem type="soa" free="888176" total="5977088" percent="14" />
      <mem type="loa" free="314368" total="314368" percent="100" />
    </mem>
    <remembered-set count="272" />
  </mem-info>
</gc-end>
<cycle-end id="886" type="scavenge" contextid="880" timestamp="2019-08-02T20:08:28.720" />
  <attribute name="elasticGC enabled" value="1" />
  <attribute name= "numThreadsSpecified" value="0" />
  <attribute name="heapSize specified" value="0" />
  <attribute name= "numCores" value="8" />
  <attribute name ="GC Interval" value="1900" />
  <attribute name ="Control flow" value="2" />
  <attribute name="GC Util Range Max" value="23" />
  <attribute name="Current GC Util" value="8" />
  <attribute name= "Current Time Running" value="1594" />
<allocation-satisfied id="887" threadId="0000000001CA4B00" bytesRequested="8200" />
<af-end id="888" timestamp="2019-08-02T20:08:28.720" threadId="0000000001CA5488" success="true" from="nursery"/>
<exclusive-end id="889" timestamp="2019-08-02T20:08:28.721" durationms="1.268" />

<exclusive-start id="890" timestamp="2019-08-02T20:08:28.728" intervalms="8.863">
  <response-info timems="0.108" idlems="0.070" threads="1" lastid="0000000001CB7700" lastname="Thread-8" />
</exclusive-start>
<af-start id="891" threadId="0000000001CBF888" totalBytesRequested="32776" timestamp="2019-08-02T20:08:28.728" intervalms="8.790" type="nursery" />
<cycle-start id="892" type="scavenge" contextid="0" timestamp="2019-08-02T20:08:28.728" intervalms="8.763" />
<gc-start id="893" type="scavenge" contextid="892" timestamp="2019-08-02T20:08:28.728">
  <mem-info id="894" free="1219456" total="9830400" percent="12">
    <mem type="nursery" free="16912" total="3538944" percent="0">
      <mem type="allocate" free="16912" total="1966080" percent="0" />
      <mem type="survivor" free="0" total="1572864" percent="0" />
    </mem>
    <mem type="tenure" free="1202544" total="6291456" percent="19">
      <mem type="soa" free="888176" total="5977088" percent="14" />
      <mem type="loa" free="314368" total="314368" percent="100" />
    </mem>
    <remembered-set count="411" />
  </mem-info>
</gc-start>
<allocation-stats totalBytes="994480" >
  <allocated-bytes non-tlh="73760" tlh="920720" />
  <largest-consumer threadName="Thread-7" threadId="0000000001CB3B00" bytes="381256" />
</allocation-stats>
<gc-op id="895" type="scavenge" timems="3.340" contextid="892" timestamp="2019-08-02T20:08:28.732">
  <scavenger-info tenureage="1" tenuremask="7ffe" tiltratio="55" />
  <memory-copied type="nursery" objects="1448" bytes="389056" bytesdiscarded="128096" />
  <memory-copied type="tenure" objects="1533" bytes="849224" bytesdiscarded="4704" />
  <references type="phantom" candidates="1" cleared="0" enqueued="0" />
</gc-op>
<heap-resize id="896" type="expand" space="nursery" amount="524288" count="1" timems="0.015" reason="excessive time being spent scavenging" timestamp="2019-08-02T20:08:28.732" />
<gc-end id="897" type="scavenge" contextid="892" durationms="3.737" usertimems="4.000" systemtimems="0.000" timestamp="2019-08-02T20:08:28.732" activeThreads="8">
  <mem-info id="898" free="2090944" total="10354688" percent="20">
    <mem type="nursery" free="1776576" total="4063232" percent="43">
      <mem type="allocate" free="1776576" total="2293760" percent="77" />
      <mem type="survivor" free="0" total="1769472" percent="0" />
    </mem>
    <mem type="tenure" free="314368" total="6291456" percent="4">
      <mem type="soa" free="0" total="5977088" percent="0" />
      <mem type="loa" free="314368" total="314368" percent="100" />
    </mem>
    <remembered-set count="246" />
  </mem-info>
</gc-end>
<cycle-end id="899" type="scavenge" contextid="892" timestamp="2019-08-02T20:08:28.732" />
  <attribute name="elasticGC enabled" value="1" />
  <attribute name= "numThreadsSpecified" value="0" />
  <attribute name="heapSize specified" value="0" />
  <attribute name= "numCores" value="8" />
  <attribute name ="GC Interval" value="1900" />
  <attribute name ="Control flow" value="2" />
  <attribute name="GC Util Range Max" value="23" />
  <attribute name="Current GC Util" value="16" />
  <attribute name= "Current Time Running" value="1602" />
<allocation-satisfied id="900" threadId="0000000001CBEF00" bytesRequested="32776" />
<af-end id="901" timestamp="2019-08-02T20:08:28.732" threadId="0000000001CBF888" success="true" from="nursery"/>
<exclusive-end id="902" timestamp="2019-08-02T20:08:28.732" durationms="4.111" />

<concurrent-kickoff id="903" timestamp="2019-08-02T20:08:28.745">
  <kickoff reason="threshold reached" targetBytes="2103660" thresholdFreeBytes="280945"  remainingFree="273320" tenureFreeBytes="314368" nurseryFreeBytes="273320" />
</concurrent-kickoff>
<exclusive-start id="904" timestamp="2019-08-02T20:08:28.745" intervalms="17.269">
  <response-info timems="0.054" idlems="0.028" threads="1" lastid="0000000001CBEF00" lastname="Thread-10" />
</exclusive-start>
<cycle-start id="905" type="global" contextid="0" timestamp="2019-08-02T20:08:28.745" intervalms="89.109" />
<exclusive-end id="906" timestamp="2019-08-02T20:08:28.746" durationms="0.139" />

<exclusive-start id="907" timestamp="2019-08-02T20:08:28.755" intervalms="9.883">
  <response-info timems="0.053" idlems="0.053" threads="0" lastid="0000000001CBB300" lastname="Thread-9" />
</exclusive-start>
<af-start id="908" threadId="0000000001CBBC88" totalBytesRequested="48" timestamp="2019-08-02T20:08:28.755" intervalms="27.215" type="nursery" />
<cycle-start id="909" type="scavenge" contextid="0" timestamp="2019-08-02T20:08:28.755" intervalms="27.236" />
<gc-start id="910" type="scavenge" contextid="909" timestamp="2019-08-02T20:08:28.756">
  <mem-info id="911" free="314368" total="10354688" percent="3">
    <mem type="nursery" free="0" total="4063232" percent="0">
      <mem type="allocate" free="0" total="2293760" percent="0" />
      <mem type="survivor" free="0" total="1769472" percent="0" />
    </mem>
    <mem type="tenure" free="314368" total="6291456" percent="4">
      <mem type="soa" free="0" total="5977088" percent="0" />
      <mem type="loa" free="314368" total="314368" percent="100" />
    </mem>
    <remembered-set count="460" />
  </mem-info>
</gc-start>
<allocation-stats totalBytes="1694336" >
  <allocated-bytes non-tlh="196664" tlh="1497672" />
  <largest-consumer threadName="Thread-5" threadId="0000000001CAC300" bytes="433976" />
</allocation-stats>
<gc-op id="912" type="scavenge" timems="0.511" contextid="909" timestamp="2019-08-02T20:08:28.756">
  <scavenger-info tenureage="1" tenuremask="7ffe" tiltratio="56" />
  <memory-copied type="nursery" objects="2982" bytes="1145992" bytesdiscarded="264664" />
  <memory-copied type="tenure" objects="97" bytes="40664" bytesdiscarded="8" />
  <copy-failed type="tenure" objects="938" bytes="292608" />
</gc-op>
<gc-end id="913" type="scavenge" contextid="909" durationms="0.746" usertimems="0.000" systemtimems="4.000" timestamp="2019-08-02T20:08:28.756" activeThreads="8">
  <mem-info id="914" free="935240" total="10354688" percent="9">
    <mem type="nursery" free="620872" total="4063232" percent="15">
      <mem type="allocate" free="620872" total="2031616" percent="30" />
      <mem type="survivor" free="0" total="2031616" percent="0" />
    </mem>
    <mem type="tenure" free="314368" total="6291456" percent="4">
      <mem type="soa" free="0" total="5977088" percent="0" />
      <mem type="loa" free="314368" total="314368" percent="100" />
    </mem>
    <remembered-set count="301" />
  </mem-info>
</gc-end>
<cycle-end id="915" type="scavenge" contextid="909" timestamp="2019-08-02T20:08:28.756" />
  <attribute name="elasticGC enabled" value="1" />
  <attribute name= "numThreadsSpecified" value="0" />
  <attribute name="heapSize specified" value="0" />
  <attribute name= "numCores" value="8" />
  <attribute name ="GC Interval" value="1900" />
  <attribute name ="Control flow" value="2" />
  <attribute name="GC Util Range Max" value="23" />
  <attribute name="Current GC Util" value="15" />
  <attribute name= "Current Time Running" value="1630" />
<allocation-satisfied id="916" threadId="0000000001CBB300" bytesRequested="48" />
<af-end id="917" timestamp="2019-08-02T20:08:28.757" threadId="0000000001CBBC88" success="true" from="nursery"/>
<exclusive-end id="918" timestamp="2019-08-02T20:08:28.757" durationms="1.318" />

<exclusive-start id="919" timestamp="2019-08-02T20:08:28.762" intervalms="6.929">
  <response-info timems="0.078" idlems="0.078" threads="0" lastid="0000000001CAFF00" lastname="Thread-6" />
</exclusive-start>
<concurrent-collection-start id="920" timestamp="2019-08-02T20:08:28.762" intervalms="223.976" >
  <concurrent-trace-info reason="card cleaning threshold reached" tracedByMutators="461528" tracedByHelpers="1462204" cardsCleaned="119" workStackOverflowCount="0" />
</concurrent-collection-start>
<gc-start id="921" type="global" contextid="905" timestamp="2019-08-02T20:08:28.762">
  <mem-info id="922" free="314368" total="10354688" percent="3">
    <mem type="nursery" free="0" total="4063232" percent="0">
      <mem type="allocate" free="0" total="2031616" percent="0" />
      <mem type="survivor" free="0" total="2031616" percent="0" />
    </mem>
    <mem type="tenure" free="314368" total="6291456" percent="4">
      <mem type="soa" free="0" total="5977088" percent="0" />
      <mem type="loa" free="314368" total="314368" percent="100" />
    </mem>
    <remembered-set count="360" />
  </mem-info>
</gc-start>
<allocation-stats totalBytes="576800" >
  <allocated-bytes non-tlh="65608" tlh="511192" />
  <largest-consumer threadName="Thread-7" threadId="0000000001CB3B00" bytes="365520" />
</allocation-stats>
<gc-op id="923" type="rs-scan" timems="0.161" contextid="905" timestamp="2019-08-02T20:08:28.763">
  <scan objectsFound="110" bytesTraced="12288" workStackOverflowCount="0" />
</gc-op>
<gc-op id="924" type="card-cleaning" timems="0.944" contextid="905" timestamp="2019-08-02T20:08:28.764">
  <card-cleaning cardsCleaned="153" bytesTraced="807344" workStackOverflowCount="0" />
</gc-op>
<gc-op id="925" type="mark" timems="0.630" contextid="905" timestamp="2019-08-02T20:08:28.764">
  <trace-info objectcount="254" scancount="220" scanbytes="6176" />
  <finalization candidates="25" enqueued="0" />
  <references type="soft" candidates="168" cleared="0" enqueued="0" dynamicThreshold="13" maxThreshold="32" />
  <references type="weak" candidates="248" cleared="0" enqueued="0" />
  <references type="phantom" candidates="73" cleared="0" enqueued="0" />
  <stringconstants candidates="3963" cleared="0"  />
</gc-op>
<gc-op id="926" type="sweep" timems="0.238" contextid="905" timestamp="2019-08-02T20:08:28.765" />
<gc-end id="927" type="global" contextid="905" durationms="3.057" usertimems="8.000" systemtimems="0.000" timestamp="2019-08-02T20:08:28.765" activeThreads="8">
  <mem-info id="928" free="3761928" total="10354688" percent="36">
    <mem type="nursery" free="1019488" total="4063232" percent="25">
      <mem type="allocate" free="1019488" total="2031616" percent="50" />
      <mem type="survivor" free="0" total="2031616" percent="0" />
    </mem>
    <mem type="tenure" free="2742440" total="6291456" percent="43" micro-fragmented="50738" macro-fragmented="0">
      <mem type="soa" free="2428072" total="5977088" percent="40" />
      <mem type="loa" free="314368" total="314368" percent="100" />
    </mem>
    <remembered-set count="274" />
  </mem-info>
</gc-end>
<cycle-end id="929" type="global" contextid="905" timestamp="2019-08-02T20:08:28.766" />
  <attribute name="elasticGC enabled" value="1" />
  <attribute name= "numThreadsSpecified" value="0" />
  <attribute name="heapSize specified" value="0" />
  <attribute name= "numCores" value="8" />
  <attribute name ="GC Interval" value="1900" />
  <attribute name ="Control flow" value="2" />
  <attribute name="GC Util Range Max" value="23" />
  <attribute name="Current GC Util" value="39" />
  <attribute name= "Current Time Running" value="1639" />
<concurrent-collection-end id="930" timestamp="2019-08-02T20:08:28.766" />
<exclusive-end id="931" timestamp="2019-08-02T20:08:28.766" durationms="3.535" />

<exclusive-start id="932" timestamp="2019-08-02T20:08:28.782" intervalms="19.864">
  <response-info timems="0.104" idlems="0.104" threads="0" lastid="0000000001CB7700" lastname="Thread-8" />
</exclusive-start>
<af-start id="933" threadId="0000000001CB8088" totalBytesRequested="8200" timestamp="2019-08-02T20:08:28.782" intervalms="26.748" type="nursery" />
<cycle-start id="934" type="scavenge" contextid="0" timestamp="2019-08-02T20:08:28.782" intervalms="26.730" />
<gc-start id="935" type="scavenge" contextid="934" timestamp="2019-08-02T20:08:28.782">
  <mem-info id="936" free="2742440" total="10354688" percent="26">
    <mem type="nursery" free="0" total="4063232" percent="0">
      <mem type="allocate" free="0" total="2031616" percent="0" />
      <mem type="survivor" free="0" total="2031616" percent="0" />
    </mem>
    <mem type="tenure" free="2742440" total="6291456" percent="43">
      <mem type="soa" free="2428072" total="5977088" percent="40" />
      <mem type="loa" free="314368" total="314368" percent="100" />
    </mem>
    <remembered-set count="378" />
  </mem-info>
</gc-start>
<allocation-stats totalBytes="1011200" >
  <allocated-bytes non-tlh="204880" tlh="806320" />
  <largest-consumer threadName="Thread-6" threadId="0000000001CAFF00" bytes="447552" />
</allocation-stats>
<gc-op id="937" type="scavenge" timems="3.626" contextid="934" timestamp="2019-08-02T20:08:28.786">
  <scavenger-info tenureage="1" tenuremask="7ffe" tiltratio="50" />
  <memory-copied type="nursery" objects="1407" bytes="505760" bytesdiscarded="49288" />
  <memory-copied type="tenure" objects="1744" bytes="593496" bytesdiscarded="6624" />
  <references type="weak" candidates="1" cleared="0" enqueued="0" />
  <references type="phantom" candidates="1" cleared="0" enqueued="0" />
</gc-op>
<heap-resize id="938" type="expand" space="nursery" amount="262144" count="1" timems="0.016" reason="excessive time being spent scavenging" timestamp="2019-08-02T20:08:28.786" />
<gc-end id="939" type="scavenge" contextid="934" durationms="4.045" usertimems="8.000" systemtimems="0.000" timestamp="2019-08-02T20:08:28.786" activeThreads="8">
  <mem-info id="940" free="3825656" total="10616832" percent="36">
    <mem type="nursery" free="1738672" total="4325376" percent="40">
      <mem type="allocate" free="1738672" total="2293760" percent="75" />
      <mem type="survivor" free="0" total="2031616" percent="0" />
    </mem>
    <mem type="tenure" free="2086984" total="6291456" percent="33">
      <mem type="soa" free="1772616" total="5977088" percent="29" />
      <mem type="loa" free="314368" total="314368" percent="100" />
    </mem>
    <remembered-set count="248" />
  </mem-info>
</gc-end>
<cycle-end id="941" type="scavenge" contextid="934" timestamp="2019-08-02T20:08:28.786" />
  <attribute name="elasticGC enabled" value="1" />
  <attribute name= "numThreadsSpecified" value="0" />
  <attribute name="heapSize specified" value="0" />
  <attribute name= "numCores" value="8" />
  <attribute name ="GC Interval" value="2000" />
  <attribute name ="Control flow" value="2" />
  <attribute name="GC Util Range Max" value="23" />
  <attribute name="Current GC Util" value="15" />
  <attribute name= "Current Time Running" value="1656" />
<allocation-satisfied id="942" threadId="0000000001CB7700" bytesRequested="8200" />
<af-end id="943" timestamp="2019-08-02T20:08:28.787" threadId="0000000001CB8088" success="true" from="nursery"/>
<exclusive-end id="944" timestamp="2019-08-02T20:08:28.787" durationms="4.504" />

<exclusive-start id="945" timestamp="2019-08-02T20:08:28.824" intervalms="41.663">
  <response-info timems="0.040" idlems="0.040" threads="0" lastid="0000000001CAC300" lastname="Thread-5" />
</exclusive-start>
<af-start id="946" threadId="0000000001CACC88" totalBytesRequested="16392" timestamp="2019-08-02T20:08:28.824" intervalms="41.844" type="nursery" />
<cycle-start id="947" type="scavenge" contextid="0" timestamp="2019-08-02T20:08:28.824" intervalms="41.873" />
<gc-start id="948" type="scavenge" contextid="947" timestamp="2019-08-02T20:08:28.824">
  <mem-info id="949" free="2086984" total="10616832" percent="19">
    <mem type="nursery" free="0" total="4325376" percent="0">
      <mem type="allocate" free="0" total="2293760" percent="0" />
      <mem type="survivor" free="0" total="2031616" percent="0" />
    </mem>
    <mem type="tenure" free="2086984" total="6291456" percent="33">
      <mem type="soa" free="1772616" total="5977088" percent="29" />
      <mem type="loa" free="314368" total="314368" percent="100" />
    </mem>
    <remembered-set count="425" />
  </mem-info>
</gc-start>
<allocation-stats totalBytes="1654688" >
  <allocated-bytes non-tlh="188480" tlh="1466208" />
  <largest-consumer threadName="Thread-7" threadId="0000000001CB3B00" bytes="424288" />
</allocation-stats>
<gc-op id="950" type="scavenge" timems="0.567" contextid="947" timestamp="2019-08-02T20:08:28.825">
  <scavenger-info tenureage="1" tenuremask="7ffe" tiltratio="53" />
  <memory-copied type="nursery" objects="2046" bytes="771744" bytesdiscarded="283032" />
  <memory-copied type="tenure" objects="754" bytes="287008" bytesdiscarded="2128" />
  <references type="weak" candidates="1" cleared="0" enqueued="0" />
  <references type="phantom" candidates="2" cleared="0" enqueued="0" />
</gc-op>
<gc-end id="951" type="scavenge" contextid="947" durationms="0.777" usertimems="0.000" systemtimems="0.000" timestamp="2019-08-02T20:08:28.825" activeThreads="8">
  <mem-info id="952" free="3303856" total="10616832" percent="31">
    <mem type="nursery" free="1501072" total="4325376" percent="34">
      <mem type="allocate" free="1501072" total="2555904" percent="58" />
      <mem type="survivor" free="0" total="1769472" percent="0" />
    </mem>
    <mem type="tenure" free="1802784" total="6291456" percent="28">
      <mem type="soa" free="1488416" total="5977088" percent="24" />
      <mem type="loa" free="314368" total="314368" percent="100" />
    </mem>
    <remembered-set count="252" />
  </mem-info>
</gc-end>
<cycle-end id="953" type="scavenge" contextid="947" timestamp="2019-08-02T20:08:28.825" />
  <attribute name="elasticGC enabled" value="1" />
  <attribute name= "numThreadsSpecified" value="0" />
  <attribute name="heapSize specified" value="0" />
  <attribute name= "numCores" value="8" />
  <attribute name ="GC Interval" value="2000" />
  <attribute name ="Control flow" value="2" />
  <attribute name="GC Util Range Max" value="23" />
  <attribute name="Current GC Util" value="10" />
  <attribute name= "Current Time Running" value="1698" />
<allocation-satisfied id="954" threadId="0000000001CAC300" bytesRequested="16392" />
<af-end id="955" timestamp="2019-08-02T20:08:28.825" threadId="0000000001CACC88" success="true" from="nursery"/>
<exclusive-end id="956" timestamp="2019-08-02T20:08:28.825" durationms="1.446" />

<exclusive-start id="957" timestamp="2019-08-02T20:08:28.843" intervalms="19.022">
  <response-info timems="0.039" idlems="0.039" threads="0" lastid="0000000001CBB300" lastname="Thread-9" />
</exclusive-start>
<af-start id="958" threadId="0000000001CBBC88" totalBytesRequested="32776" timestamp="2019-08-02T20:08:28.843" intervalms="18.848" type="nursery" />
<cycle-start id="959" type="scavenge" contextid="0" timestamp="2019-08-02T20:08:28.843" intervalms="18.833" />
<gc-start id="960" type="scavenge" contextid="959" timestamp="2019-08-02T20:08:28.843">
  <mem-info id="961" free="1802784" total="10616832" percent="16">
    <mem type="nursery" free="0" total="4325376" percent="0">
      <mem type="allocate" free="0" total="2555904" percent="0" />
      <mem type="survivor" free="0" total="1769472" percent="0" />
    </mem>
    <mem type="tenure" free="1802784" total="6291456" percent="28">
      <mem type="soa" free="1488416" total="5977088" percent="24" />
      <mem type="loa" free="314368" total="314368" percent="100" />
    </mem>
    <remembered-set count="431" />
  </mem-info>
</gc-start>
<allocation-stats totalBytes="1419144" >
  <allocated-bytes non-tlh="131112" tlh="1288032" />
  <largest-consumer threadName="Thread-6" threadId="0000000001CAFF00" bytes="497592" />
</allocation-stats>
<gc-op id="962" type="scavenge" timems="0.546" contextid="959" timestamp="2019-08-02T20:08:28.844">
  <scavenger-info tenureage="1" tenuremask="7ffe" tiltratio="59" />
  <memory-copied type="nursery" objects="1487" bytes="547640" bytesdiscarded="101864" />
  <memory-copied type="tenure" objects="1932" bytes="755568" bytesdiscarded="12280" />
</gc-op>
<gc-end id="963" type="scavenge" contextid="959" durationms="0.765" usertimems="0.000" systemtimems="0.000" timestamp="2019-08-02T20:08:28.844" activeThreads="8">
  <mem-info id="964" free="3151000" total="10616832" percent="29">
    <mem type="nursery" free="2102952" total="4325376" percent="48">
      <mem type="allocate" free="2102952" total="2752512" percent="76" />
      <mem type="survivor" free="0" total="1572864" percent="0" />
    </mem>
    <mem type="tenure" free="1048048" total="6291456" percent="16">
      <mem type="soa" free="733680" total="5977088" percent="12" />
      <mem type="loa" free="314368" total="314368" percent="100" />
    </mem>
    <remembered-set count="275" />
  </mem-info>
</gc-end>
<cycle-end id="965" type="scavenge" contextid="959" timestamp="2019-08-02T20:08:28.844" />
  <attribute name="elasticGC enabled" value="1" />
  <attribute name= "numThreadsSpecified" value="0" />
  <attribute name="heapSize specified" value="0" />
  <attribute name= "numCores" value="8" />
  <attribute name ="GC Interval" value="2000" />
  <attribute name ="Control flow" value="2" />
  <attribute name="GC Util Range Max" value="23" />
  <attribute name="Current GC Util" value="8" />
  <attribute name= "Current Time Running" value="1717" />
<allocation-satisfied id="966" threadId="0000000001CBB300" bytesRequested="32776" />
<af-end id="967" timestamp="2019-08-02T20:08:28.844" threadId="0000000001CBBC88" success="true" from="nursery"/>
<exclusive-end id="968" timestamp="2019-08-02T20:08:28.844" durationms="1.242" />

<concurrent-kickoff id="969" timestamp="2019-08-02T20:08:28.858">
  <kickoff reason="threshold reached" targetBytes="2064017" thresholdFreeBytes="278096"  remainingFree="255608" tenureFreeBytes="1048048" nurseryFreeBytes="255608" />
</concurrent-kickoff>
<exclusive-start id="970" timestamp="2019-08-02T20:08:28.858" intervalms="15.516">
  <response-info timems="0.046" idlems="0.046" threads="0" lastid="0000000001CA4B00" lastname="Thread-3" />
</exclusive-start>
<cycle-start id="971" type="global" contextid="0" timestamp="2019-08-02T20:08:28.858" intervalms="112.934" />
<exclusive-end id="972" timestamp="2019-08-02T20:08:28.858" durationms="0.202" />

<exclusive-start id="973" timestamp="2019-08-02T20:08:28.867" intervalms="8.607">
  <response-info timems="0.044" idlems="0.044" threads="0" lastid="0000000001CA4B00" lastname="Thread-3" />
</exclusive-start>
<af-start id="974" threadId="0000000001CA5488" totalBytesRequested="48" timestamp="2019-08-02T20:08:28.867" intervalms="24.130" type="nursery" />
<cycle-start id="975" type="scavenge" contextid="0" timestamp="2019-08-02T20:08:28.867" intervalms="24.131" />
<gc-start id="976" type="scavenge" contextid="975" timestamp="2019-08-02T20:08:28.867">
  <mem-info id="977" free="1048048" total="10616832" percent="9">
    <mem type="nursery" free="0" total="4325376" percent="0">
      <mem type="allocate" free="0" total="2752512" percent="0" />
      <mem type="survivor" free="0" total="1572864" percent="0" />
    </mem>
    <mem type="tenure" free="1048048" total="6291456" percent="16">
      <mem type="soa" free="733680" total="5977088" percent="12" />
      <mem type="loa" free="314368" total="314368" percent="100" />
    </mem>
    <remembered-set count="457" />
  </mem-info>
</gc-start>
<allocation-stats totalBytes="2037840" >
  <allocated-bytes non-tlh="196656" tlh="1841184" />
  <largest-consumer threadName="Thread-9" threadId="0000000001CBB300" bytes="695360" />
</allocation-stats>
<gc-op id="978" type="scavenge" timems="0.486" contextid="975" timestamp="2019-08-02T20:08:28.868">
  <scavenger-info tenureage="1" tenuremask="7ffe" tiltratio="63" />
  <memory-copied type="nursery" objects="1871" bytes="777776" bytesdiscarded="109848" />
  <memory-copied type="tenure" objects="811" bytes="327640" bytesdiscarded="3808" />
</gc-op>
<gc-end id="979" type="scavenge" contextid="975" durationms="0.697" usertimems="4.000" systemtimems="0.000" timestamp="2019-08-02T20:08:28.868" activeThreads="8">
  <mem-info id="980" free="2600888" total="10616832" percent="24">
    <mem type="nursery" free="1930368" total="4325376" percent="44">
      <mem type="allocate" free="1930368" total="2818048" percent="68" />
      <mem type="survivor" free="0" total="1507328" percent="0" />
    </mem>
    <mem type="tenure" free="670520" total="6291456" percent="10">
      <mem type="soa" free="356152" total="5977088" percent="5" />
      <mem type="loa" free="314368" total="314368" percent="100" />
    </mem>
    <remembered-set count="257" />
  </mem-info>
</gc-end>
<cycle-end id="981" type="scavenge" contextid="975" timestamp="2019-08-02T20:08:28.868" />
  <attribute name="elasticGC enabled" value="1" />
  <attribute name= "numThreadsSpecified" value="0" />
  <attribute name="heapSize specified" value="0" />
  <attribute name= "numCores" value="8" />
  <attribute name ="GC Interval" value="2000" />
  <attribute name ="Control flow" value="2" />
  <attribute name="GC Util Range Max" value="23" />
  <attribute name="Current GC Util" value="6" />
  <attribute name= "Current Time Running" value="1741" />
<allocation-satisfied id="982" threadId="0000000001CA4B00" bytesRequested="48" />
<af-end id="983" timestamp="2019-08-02T20:08:28.868" threadId="0000000001CA5488" success="true" from="nursery"/>
<exclusive-end id="984" timestamp="2019-08-02T20:08:28.868" durationms="1.180" />

<exclusive-start id="985" timestamp="2019-08-02T20:08:28.868" intervalms="1.301">
  <response-info timems="0.043" idlems="0.043" threads="0" lastid="0000000001CA8700" lastname="Thread-4" />
</exclusive-start>
<concurrent-collection-start id="986" timestamp="2019-08-02T20:08:28.868" intervalms="105.956" >
  <concurrent-trace-info reason="card cleaning threshold reached" tracedByMutators="622620" tracedByHelpers="1455676" cardsCleaned="139" workStackOverflowCount="0" />
</concurrent-collection-start>
<gc-start id="987" type="global" contextid="971" timestamp="2019-08-02T20:08:28.868">
  <mem-info id="988" free="2494344" total="10616832" percent="23">
    <mem type="nursery" free="1823824" total="4325376" percent="42">
      <mem type="allocate" free="1823824" total="2818048" percent="64" />
      <mem type="survivor" free="0" total="1507328" percent="0" />
    </mem>
    <mem type="tenure" free="670520" total="6291456" percent="10">
      <mem type="soa" free="356152" total="5977088" percent="5" />
      <mem type="loa" free="314368" total="314368" percent="100" />
    </mem>
    <remembered-set count="257" />
  </mem-info>
</gc-start>
<allocation-stats totalBytes="106544" >
  <allocated-bytes non-tlh="48" tlh="106496" />
  <largest-consumer threadName="Thread-3" threadId="0000000001CA4B00" bytes="45104" />
</allocation-stats>
<gc-op id="989" type="rs-scan" timems="0.146" contextid="971" timestamp="2019-08-02T20:08:28.869">
  <scan objectsFound="118" bytesTraced="20144" workStackOverflowCount="0" />
</gc-op>
<gc-op id="990" type="card-cleaning" timems="0.244" contextid="971" timestamp="2019-08-02T20:08:28.869">
  <card-cleaning cardsCleaned="146" bytesTraced="678180" workStackOverflowCount="0" />
</gc-op>
<gc-op id="991" type="mark" timems="0.588" contextid="971" timestamp="2019-08-02T20:08:28.870">
  <trace-info objectcount="861" scancount="727" scanbytes="110428" />
  <finalization candidates="25" enqueued="0" />
  <references type="soft" candidates="168" cleared="0" enqueued="0" dynamicThreshold="13" maxThreshold="32" />
  <references type="weak" candidates="248" cleared="0" enqueued="0" />
  <references type="phantom" candidates="72" cleared="0" enqueued="0" />
  <stringconstants candidates="3963" cleared="0"  />
</gc-op>
<gc-op id="992" type="sweep" timems="0.225" contextid="971" timestamp="2019-08-02T20:08:28.870" />
<gc-end id="993" type="global" contextid="971" durationms="2.060" usertimems="0.000" systemtimems="4.000" timestamp="2019-08-02T20:08:28.870" activeThreads="8">
  <mem-info id="994" free="4457288" total="10616832" percent="41">
    <mem type="nursery" free="2108216" total="4325376" percent="48">
      <mem type="allocate" free="2108216" total="2818048" percent="74" />
      <mem type="survivor" free="0" total="1507328" percent="0" />
    </mem>
    <mem type="tenure" free="2349072" total="6291456" percent="37" micro-fragmented="137253" macro-fragmented="0">
      <mem type="soa" free="2034704" total="5977088" percent="34" />
      <mem type="loa" free="314368" total="314368" percent="100" />
    </mem>
    <remembered-set count="224" />
  </mem-info>
</gc-end>
<cycle-end id="995" type="global" contextid="971" timestamp="2019-08-02T20:08:28.870" />
  <attribute name="elasticGC enabled" value="1" />
  <attribute name= "numThreadsSpecified" value="0" />
  <attribute name="heapSize specified" value="0" />
  <attribute name= "numCores" value="8" />
  <attribute name ="GC Interval" value="2000" />
  <attribute name ="Control flow" value="2" />
  <attribute name="GC Util Range Max" value="23" />
  <attribute name="Current GC Util" value="39" />
  <attribute name= "Current Time Running" value="1744" />
<concurrent-collection-end id="996" timestamp="2019-08-02T20:08:28.871" />
<exclusive-end id="997" timestamp="2019-08-02T20:08:28.871" durationms="2.390" />

<exclusive-start id="998" timestamp="2019-08-02T20:08:28.891" intervalms="23.087">
  <response-info timems="0.050" idlems="0.050" threads="0" lastid="0000000001CA8700" lastname="Thread-4" />
</exclusive-start>
<af-start id="999" threadId="0000000001CA9088" totalBytesRequested="104" timestamp="2019-08-02T20:08:28.891" intervalms="24.517" type="nursery" />
<cycle-start id="1000" type="scavenge" contextid="0" timestamp="2019-08-02T20:08:28.892" intervalms="24.514" />
<gc-start id="1001" type="scavenge" contextid="1000" timestamp="2019-08-02T20:08:28.892">
  <mem-info id="1002" free="2349072" total="10616832" percent="22">
    <mem type="nursery" free="0" total="4325376" percent="0">
      <mem type="allocate" free="0" total="2818048" percent="0" />
      <mem type="survivor" free="0" total="1507328" percent="0" />
    </mem>
    <mem type="tenure" free="2349072" total="6291456" percent="37">
      <mem type="soa" free="2034704" total="5977088" percent="34" />
      <mem type="loa" free="314368" total="314368" percent="100" />
    </mem>
    <remembered-set count="417" />
  </mem-info>
</gc-start>
<allocation-stats totalBytes="1997904" >
  <allocated-bytes non-tlh="278608" tlh="1719296" />
  <largest-consumer threadName="Thread-4" threadId="0000000001CA8700" bytes="474624" />
</allocation-stats>
<gc-op id="1003" type="scavenge" timems="0.544" contextid="1000" timestamp="2019-08-02T20:08:28.892">
  <scavenger-info tenureage="1" tenuremask="7ffe" tiltratio="65" />
  <memory-copied type="nursery" objects="1793" bytes="714024" bytesdiscarded="107976" />
  <memory-copied type="tenure" objects="664" bytes="287704" bytesdiscarded="5192" />
  <references type="weak" candidates="1" cleared="0" enqueued="0" />
  <references type="phantom" candidates="2" cleared="0" enqueued="0" />
</gc-op>
<gc-end id="1004" type="scavenge" contextid="1000" durationms="0.793" usertimems="4.000" systemtimems="0.000" timestamp="2019-08-02T20:08:28.892" activeThreads="8">
  <mem-info id="1005" free="4174880" total="10616832" percent="39">
    <mem type="nursery" free="2127048" total="4325376" percent="49">
      <mem type="allocate" free="2127048" total="2949120" percent="72" />
      <mem type="survivor" free="0" total="1376256" percent="0" />
    </mem>
    <mem type="tenure" free="2047832" total="6291456" percent="32">
      <mem type="soa" free="1733464" total="5977088" percent="29" />
      <mem type="loa" free="314368" total="314368" percent="100" />
    </mem>
    <remembered-set count="235" />
  </mem-info>
</gc-end>
<cycle-end id="1006" type="scavenge" contextid="1000" timestamp="2019-08-02T20:08:28.893" />
  <attribute name="elasticGC enabled" value="1" />
  <attribute name= "numThreadsSpecified" value="0" />
  <attribute name="heapSize specified" value="0" />
  <attribute name= "numCores" value="8" />
  <attribute name ="GC Interval" value="2100" />
  <attribute name ="Control flow" value="2" />
  <attribute name="GC Util Range Max" value="23" />
  <attribute name="Current GC Util" value="9" />
  <attribute name= "Current Time Running" value="1766" />
<allocation-satisfied id="1007" threadId="0000000001CA8700" bytesRequested="104" />
<af-end id="1008" timestamp="2019-08-02T20:08:28.893" threadId="0000000001CA9088" success="true" from="nursery"/>
<exclusive-end id="1009" timestamp="2019-08-02T20:08:28.893" durationms="1.464" />

<exclusive-start id="1010" timestamp="2019-08-02T20:08:28.919" intervalms="27.961">
  <response-info timems="0.042" idlems="0.042" threads="0" lastid="0000000001CA8700" lastname="Thread-4" />
</exclusive-start>
<af-start id="1011" threadId="0000000001CA9088" totalBytesRequested="32776" timestamp="2019-08-02T20:08:28.919" intervalms="27.960" type="nursery" />
<cycle-start id="1012" type="scavenge" contextid="0" timestamp="2019-08-02T20:08:28.920" intervalms="27.958" />
<gc-start id="1013" type="scavenge" contextid="1012" timestamp="2019-08-02T20:08:28.920">
  <mem-info id="1014" free="2047832" total="10616832" percent="19">
    <mem type="nursery" free="0" total="4325376" percent="0">
      <mem type="allocate" free="0" total="2949120" percent="0" />
      <mem type="survivor" free="0" total="1376256" percent="0" />
    </mem>
    <mem type="tenure" free="2047832" total="6291456" percent="32">
      <mem type="soa" free="1733464" total="5977088" percent="29" />
      <mem type="loa" free="314368" total="314368" percent="100" />
    </mem>
    <remembered-set count="437" />
  </mem-info>
</gc-start>
<allocation-stats totalBytes="2058008" >
  <allocated-bytes non-tlh="114824" tlh="1943184" />
  <largest-consumer threadName="Thread-4" threadId="0000000001CA8700" bytes="545456" />
</allocation-stats>
<gc-op id="1015" type="scavenge" timems="0.601" contextid="1012" timestamp="2019-08-02T20:08:28.920">
  <scavenger-info tenureage="1" tenuremask="7ffe" tiltratio="68" />
  <memory-copied type="nursery" objects="1545" bytes="686984" bytesdiscarded="236928" />
  <memory-copied type="tenure" objects="1154" bytes="491760" bytesdiscarded="4768" />
</gc-op>
<gc-end id="1016" type="scavenge" contextid="1012" durationms="0.834" usertimems="0.000" systemtimems="0.000" timestamp="2019-08-02T20:08:28.920" activeThreads="8">
  <mem-info id="1017" free="3654200" total="10616832" percent="34">
    <mem type="nursery" free="2156224" total="4325376" percent="49">
      <mem type="allocate" free="2156224" total="3080192" percent="70" />
      <mem type="survivor" free="0" total="1245184" percent="0" />
    </mem>
    <mem type="tenure" free="1497976" total="6291456" percent="23">
      <mem type="soa" free="1183608" total="5977088" percent="19" />
      <mem type="loa" free="314368" total="314368" percent="100" />
    </mem>
    <remembered-set count="251" />
  </mem-info>
</gc-end>
<cycle-end id="1018" type="scavenge" contextid="1012" timestamp="2019-08-02T20:08:28.921" />
  <attribute name="elasticGC enabled" value="1" />
  <attribute name= "numThreadsSpecified" value="0" />
  <attribute name="heapSize specified" value="0" />
  <attribute name= "numCores" value="8" />
  <attribute name ="GC Interval" value="2100" />
  <attribute name ="Control flow" value="2" />
  <attribute name="GC Util Range Max" value="23" />
  <attribute name="Current GC Util" value="5" />
  <attribute name= "Current Time Running" value="1794" />
<allocation-satisfied id="1019" threadId="0000000001CA8700" bytesRequested="32776" />
<af-end id="1020" timestamp="2019-08-02T20:08:28.921" threadId="0000000001CA9088" success="true" from="nursery"/>
<exclusive-end id="1021" timestamp="2019-08-02T20:08:28.921" durationms="1.458" />

<exclusive-start id="1022" timestamp="2019-08-02T20:08:28.956" intervalms="36.597">
  <response-info timems="0.067" idlems="0.067" threads="0" lastid="0000000001CBB300" lastname="Thread-9" />
</exclusive-start>
<af-start id="1023" threadId="0000000001CBBC88" totalBytesRequested="32776" timestamp="2019-08-02T20:08:28.956" intervalms="36.510" type="nursery" />
<cycle-start id="1024" type="scavenge" contextid="0" timestamp="2019-08-02T20:08:28.956" intervalms="36.525" />
<gc-start id="1025" type="scavenge" contextid="1024" timestamp="2019-08-02T20:08:28.956">
  <mem-info id="1026" free="1499688" total="10616832" percent="14">
    <mem type="nursery" free="1712" total="4325376" percent="0">
      <mem type="allocate" free="1712" total="3080192" percent="0" />
      <mem type="survivor" free="0" total="1245184" percent="0" />
    </mem>
    <mem type="tenure" free="1497976" total="6291456" percent="23">
      <mem type="soa" free="1183608" total="5977088" percent="19" />
      <mem type="loa" free="314368" total="314368" percent="100" />
    </mem>
    <remembered-set count="452" />
  </mem-info>
</gc-start>
<allocation-stats totalBytes="2035048" >
  <allocated-bytes non-tlh="196664" tlh="1838384" />
  <largest-consumer threadName="Thread-3" threadId="0000000001CA4B00" bytes="525008" />
</allocation-stats>
<gc-op id="1027" type="scavenge" timems="0.611" contextid="1024" timestamp="2019-08-02T20:08:28.957">
  <scavenger-info tenureage="1" tenuremask="7ffe" tiltratio="71" />
  <memory-copied type="nursery" objects="1998" bytes="837960" bytesdiscarded="150824" />
  <memory-copied type="tenure" objects="930" bytes="469632" bytesdiscarded="8184" />
  <references type="phantom" candidates="1" cleared="0" enqueued="0" />
</gc-op>
<gc-end id="1028" type="scavenge" contextid="1024" durationms="0.825" usertimems="0.000" systemtimems="0.000" timestamp="2019-08-02T20:08:28.957" activeThreads="8">
  <mem-info id="1029" free="3180600" total="10616832" percent="29">
    <mem type="nursery" free="2156864" total="4325376" percent="49">
      <mem type="allocate" free="2156864" total="3145728" percent="68" />
      <mem type="survivor" free="0" total="1179648" percent="0" />
    </mem>
    <mem type="tenure" free="1023736" total="6291456" percent="16">
      <mem type="soa" free="709368" total="5977088" percent="11" />
      <mem type="loa" free="314368" total="314368" percent="100" />
    </mem>
    <remembered-set count="249" />
  </mem-info>
</gc-end>
<cycle-end id="1030" type="scavenge" contextid="1024" timestamp="2019-08-02T20:08:28.957" />
  <attribute name="elasticGC enabled" value="1" />
  <attribute name= "numThreadsSpecified" value="0" />
  <attribute name="heapSize specified" value="0" />
  <attribute name= "numCores" value="8" />
  <attribute name ="GC Interval" value="2000" />
  <attribute name ="Control flow" value="2" />
  <attribute name="GC Util Range Max" value="23" />
  <attribute name="Current GC Util" value="4" />
  <attribute name= "Current Time Running" value="1830" />
<allocation-satisfied id="1031" threadId="0000000001CBB300" bytesRequested="32776" />
<af-end id="1032" timestamp="2019-08-02T20:08:28.957" threadId="0000000001CBBC88" success="true" from="nursery"/>
<exclusive-end id="1033" timestamp="2019-08-02T20:08:28.957" durationms="1.398" />

<concurrent-kickoff id="1034" timestamp="2019-08-02T20:08:28.989">
  <kickoff reason="threshold reached" targetBytes="2066449" thresholdFreeBytes="277297"  remainingFree="227632" tenureFreeBytes="1023736" nurseryFreeBytes="227632" />
</concurrent-kickoff>
<exclusive-start id="1035" timestamp="2019-08-02T20:08:28.989" intervalms="33.122">
  <response-info timems="0.038" idlems="0.038" threads="0" lastid="0000000001CBB300" lastname="Thread-9" />
</exclusive-start>
<cycle-start id="1036" type="global" contextid="0" timestamp="2019-08-02T20:08:28.989" intervalms="130.646" />
<exclusive-end id="1037" timestamp="2019-08-02T20:08:28.989" durationms="0.165" />

<exclusive-start id="1038" timestamp="2019-08-02T20:08:28.996" intervalms="6.987">
  <response-info timems="0.035" idlems="0.035" threads="0" lastid="0000000001CBB300" lastname="Thread-9" />
</exclusive-start>
<af-start id="1039" threadId="0000000001CBBC88" totalBytesRequested="136" timestamp="2019-08-02T20:08:28.996" intervalms="40.082" type="nursery" />
<cycle-start id="1040" type="scavenge" contextid="0" timestamp="2019-08-02T20:08:28.996" intervalms="40.071" />
<gc-start id="1041" type="scavenge" contextid="1040" timestamp="2019-08-02T20:08:28.996">
  <mem-info id="1042" free="1023736" total="10616832" percent="9">
    <mem type="nursery" free="0" total="4325376" percent="0">
      <mem type="allocate" free="0" total="3145728" percent="0" />
      <mem type="survivor" free="0" total="1179648" percent="0" />
    </mem>
    <mem type="tenure" free="1023736" total="6291456" percent="16">
      <mem type="soa" free="709368" total="5977088" percent="11" />
      <mem type="loa" free="314368" total="314368" percent="100" />
    </mem>
    <remembered-set count="463" />
  </mem-info>
</gc-start>
<allocation-stats totalBytes="2099648" >
  <allocated-bytes non-tlh="65552" tlh="2034096" />
  <largest-consumer threadName="Thread-9" threadId="0000000001CBB300" bytes="719720" />
</allocation-stats>
<gc-op id="1043" type="scavenge" timems="0.562" contextid="1040" timestamp="2019-08-02T20:08:28.997">
  <scavenger-info tenureage="1" tenuremask="7ffe" tiltratio="72" />
  <memory-copied type="nursery" objects="2043" bytes="657776" bytesdiscarded="245152" />
  <memory-copied type="tenure" objects="1351" bytes="676728" bytesdiscarded="6120" />
  <copy-failed type="tenure" objects="60" bytes="34176" />
</gc-op>
<gc-end id="1044" type="scavenge" contextid="1040" durationms="0.774" usertimems="4.000" systemtimems="0.000" timestamp="2019-08-02T20:08:28.997" activeThreads="8">
  <mem-info id="1045" free="2622664" total="10616832" percent="24">
    <mem type="nursery" free="2308296" total="4325376" percent="53">
      <mem type="allocate" free="2308296" total="3211264" percent="71" />
      <mem type="survivor" free="0" total="1114112" percent="0" />
    </mem>
    <mem type="tenure" free="314368" total="6291456" percent="4">
      <mem type="soa" free="0" total="5977088" percent="0" />
      <mem type="loa" free="314368" total="314368" percent="100" />
    </mem>
    <remembered-set count="280" />
  </mem-info>
</gc-end>
<cycle-end id="1046" type="scavenge" contextid="1040" timestamp="2019-08-02T20:08:28.997" />
  <attribute name="elasticGC enabled" value="1" />
  <attribute name= "numThreadsSpecified" value="0" />
  <attribute name="heapSize specified" value="0" />
  <attribute name= "numCores" value="8" />
  <attribute name ="GC Interval" value="1800" />
  <attribute name ="Control flow" value="2" />
  <attribute name="GC Util Range Max" value="23" />
  <attribute name="Current GC Util" value="4" />
  <attribute name= "Current Time Running" value="1870" />
<allocation-satisfied id="1047" threadId="0000000001CBB300" bytesRequested="136" />
<af-end id="1048" timestamp="2019-08-02T20:08:28.997" threadId="0000000001CBBC88" success="true" from="nursery"/>
<exclusive-end id="1049" timestamp="2019-08-02T20:08:28.997" durationms="1.311" />

<exclusive-start id="1050" timestamp="2019-08-02T20:08:28.997" intervalms="1.536">
  <response-info timems="0.055" idlems="0.029" threads="1" lastid="0000000001CAC300" lastname="Thread-5" />
</exclusive-start>
<concurrent-collection-start id="1051" timestamp="2019-08-02T20:08:28.998" intervalms="129.285" >
  <concurrent-trace-info reason="card cleaning threshold reached" tracedByMutators="255460" tracedByHelpers="1458636" cardsCleaned="153" workStackOverflowCount="0" />
</concurrent-collection-start>
<gc-start id="1052" type="global" contextid="1036" timestamp="2019-08-02T20:08:28.998">
  <mem-info id="1053" free="2450496" total="10616832" percent="23">
    <mem type="nursery" free="2136128" total="4325376" percent="49">
      <mem type="allocate" free="2136128" total="3211264" percent="66" />
      <mem type="survivor" free="0" total="1114112" percent="0" />
    </mem>
    <mem type="tenure" free="314368" total="6291456" percent="4">
      <mem type="soa" free="0" total="5977088" percent="0" />
      <mem type="loa" free="314368" total="314368" percent="100" />
    </mem>
    <remembered-set count="280" />
  </mem-info>
</gc-start>
<allocation-stats totalBytes="172168" >
  <allocated-bytes non-tlh="136" tlh="172032" />
  <largest-consumer threadName="Thread-9" threadId="0000000001CBB300" bytes="53384" />
</allocation-stats>
<gc-op id="1054" type="rs-scan" timems="0.153" contextid="1036" timestamp="2019-08-02T20:08:28.998">
  <scan objectsFound="134" bytesTraced="22868" workStackOverflowCount="0" />
</gc-op>
<gc-op id="1055" type="card-cleaning" timems="0.135" contextid="1036" timestamp="2019-08-02T20:08:28.998">
  <card-cleaning cardsCleaned="18" bytesTraced="125848" workStackOverflowCount="0" />
</gc-op>
<gc-op id="1056" type="mark" timems="0.690" contextid="1036" timestamp="2019-08-02T20:08:28.999">
  <trace-info objectcount="3437" scancount="3023" scanbytes="533608" />
  <finalization candidates="25" enqueued="0" />
  <references type="soft" candidates="168" cleared="76" enqueued="73" dynamicThreshold="11" maxThreshold="32" />
  <references type="weak" candidates="248" cleared="0" enqueued="0" />
  <references type="phantom" candidates="72" cleared="0" enqueued="0" />
  <stringconstants candidates="3963" cleared="0"  />
</gc-op>
<gc-op id="1057" type="sweep" timems="0.233" contextid="1036" timestamp="2019-08-02T20:08:28.999" />
<gc-end id="1058" type="global" contextid="1036" durationms="2.081" usertimems="4.000" systemtimems="0.000" timestamp="2019-08-02T20:08:29.000" activeThreads="8">
  <mem-info id="1059" free="4840280" total="10616832" percent="45">
    <mem type="nursery" free="2622080" total="4325376" percent="60">
      <mem type="allocate" free="2622080" total="3211264" percent="81" />
      <mem type="survivor" free="0" total="1114112" percent="0" />
    </mem>
    <mem type="tenure" free="2218200" total="6291456" percent="35" micro-fragmented="90898" macro-fragmented="0">
      <mem type="soa" free="1903832" total="5977088" percent="31" />
      <mem type="loa" free="314368" total="314368" percent="100" />
    </mem>
    <pending-finalizers system="0" default="0" reference="73" classloader="0" />
    <remembered-set count="260" />
  </mem-info>
</gc-end>
<cycle-end id="1060" type="global" contextid="1036" timestamp="2019-08-02T20:08:29.000" />
  <attribute name="elasticGC enabled" value="1" />
  <attribute name= "numThreadsSpecified" value="0" />
  <attribute name="heapSize specified" value="0" />
  <attribute name= "numCores" value="8" />
  <attribute name ="GC Interval" value="1800" />
  <attribute name ="Control flow" value="2" />
  <attribute name="GC Util Range Max" value="23" />
  <attribute name="Current GC Util" value="45" />
  <attribute name= "Current Time Running" value="1873" />
<concurrent-collection-end id="1061" timestamp="2019-08-02T20:08:29.000" />
<exclusive-end id="1062" timestamp="2019-08-02T20:08:29.000" durationms="2.415" />

<exclusive-start id="1063" timestamp="2019-08-02T20:08:29.031" intervalms="33.821">
  <response-info timems="0.065" idlems="0.038" threads="1" lastid="0000000001CBEF00" lastname="Thread-10" />
</exclusive-start>
<af-start id="1064" threadId="0000000001CBBC88" totalBytesRequested="48" timestamp="2019-08-02T20:08:29.031" intervalms="35.367" type="nursery" />
<cycle-start id="1065" type="scavenge" contextid="0" timestamp="2019-08-02T20:08:29.031" intervalms="35.366" />
<gc-start id="1066" type="scavenge" contextid="1065" timestamp="2019-08-02T20:08:29.032">
  <mem-info id="1067" free="2218200" total="10616832" percent="20">
    <mem type="nursery" free="0" total="4325376" percent="0">
      <mem type="allocate" free="0" total="3211264" percent="0" />
      <mem type="survivor" free="0" total="1114112" percent="0" />
    </mem>
    <mem type="tenure" free="2218200" total="6291456" percent="35">
      <mem type="soa" free="1903832" total="5977088" percent="31" />
      <mem type="loa" free="314368" total="314368" percent="100" />
    </mem>
    <remembered-set count="598" />
  </mem-info>
</gc-start>
<allocation-stats totalBytes="2517320" >
  <allocated-bytes non-tlh="147504" tlh="2369816" />
  <largest-consumer threadName="Thread-6" threadId="0000000001CAFF00" bytes="794280" />
</allocation-stats>
<gc-op id="1068" type="scavenge" timems="0.660" contextid="1065" timestamp="2019-08-02T20:08:29.032">
  <scavenger-info tenureage="1" tenuremask="7ffe" tiltratio="74" />
  <memory-copied type="nursery" objects="1987" bytes="933104" bytesdiscarded="180912" />
  <memory-copied type="tenure" objects="1455" bytes="391872" bytesdiscarded="5168" />
  <references type="phantom" candidates="1" cleared="0" enqueued="0" />
</gc-op>
<gc-end id="1069" type="scavenge" contextid="1065" durationms="0.861" usertimems="0.000" systemtimems="0.000" timestamp="2019-08-02T20:08:29.032" activeThreads="8">
  <mem-info id="1070" free="3619832" total="10616832" percent="34">
    <mem type="nursery" free="1900544" total="4325376" percent="43">
      <mem type="allocate" free="1900544" total="3014656" percent="63" />
      <mem type="survivor" free="0" total="1310720" percent="0" />
    </mem>
    <mem type="tenure" free="1719288" total="6291456" percent="27">
      <mem type="soa" free="1404920" total="5977088" percent="23" />
      <mem type="loa" free="314368" total="314368" percent="100" />
    </mem>
    <remembered-set count="333" />
  </mem-info>
</gc-end>
<cycle-end id="1071" type="scavenge" contextid="1065" timestamp="2019-08-02T20:08:29.032" />
  <attribute name="elasticGC enabled" value="1" />
  <attribute name= "numThreadsSpecified" value="0" />
  <attribute name="heapSize specified" value="0" />
  <attribute name= "numCores" value="8" />
  <attribute name ="GC Interval" value="1900" />
  <attribute name ="Control flow" value="2" />
  <attribute name="GC Util Range Max" value="23" />
  <attribute name="Current GC Util" value="6" />
  <attribute name= "Current Time Running" value="1905" />
<allocation-satisfied id="1072" threadId="0000000001CBB300" bytesRequested="48" />
<af-end id="1073" timestamp="2019-08-02T20:08:29.033" threadId="0000000001CBBC88" success="true" from="nursery"/>
<exclusive-end id="1074" timestamp="2019-08-02T20:08:29.033" durationms="1.405" />

<exclusive-start id="1075" timestamp="2019-08-02T20:08:29.052" intervalms="20.826">
  <response-info timems="0.102" idlems="0.102" threads="0" lastid="0000000001CB7700" lastname="Thread-8" />
</exclusive-start>
<af-start id="1076" threadId="0000000001CB8088" totalBytesRequested="16392" timestamp="2019-08-02T20:08:29.052" intervalms="20.778" type="nursery" />
<cycle-start id="1077" type="scavenge" contextid="0" timestamp="2019-08-02T20:08:29.052" intervalms="20.763" />
<gc-start id="1078" type="scavenge" contextid="1077" timestamp="2019-08-02T20:08:29.052">
  <mem-info id="1079" free="1719288" total="10616832" percent="16">
    <mem type="nursery" free="0" total="4325376" percent="0">
      <mem type="allocate" free="0" total="3014656" percent="0" />
      <mem type="survivor" free="0" total="1310720" percent="0" />
    </mem>
    <mem type="tenure" free="1719288" total="6291456" percent="27">
      <mem type="soa" free="1404920" total="5977088" percent="23" />
      <mem type="loa" free="314368" total="314368" percent="100" />
    </mem>
    <remembered-set count="553" />
  </mem-info>
</gc-start>
<allocation-stats totalBytes="1857728" >
  <allocated-bytes non-tlh="114768" tlh="1742960" />
  <largest-consumer threadName="Thread-7" threadId="0000000001CB3B00" bytes="560048" />
</allocation-stats>
<gc-op id="1080" type="scavenge" timems="3.399" contextid="1077" timestamp="2019-08-02T20:08:29.056">
  <scavenger-info tenureage="1" tenuremask="7ffe" tiltratio="69" />
  <memory-copied type="nursery" objects="2108" bytes="808864" bytesdiscarded="58832" />
  <memory-copied type="tenure" objects="1218" bytes="588240" bytesdiscarded="6456" />
  <references type="weak" candidates="1" cleared="0" enqueued="0" />
  <references type="phantom" candidates="1" cleared="0" enqueued="0" />
</gc-op>
<heap-resize id="1081" type="expand" space="nursery" amount="262144" count="1" timems="0.016" reason="excessive time being spent scavenging" timestamp="2019-08-02T20:08:29.056" />
<gc-end id="1082" type="scavenge" contextid="1077" durationms="3.825" usertimems="4.000" systemtimems="0.000" timestamp="2019-08-02T20:08:29.056" activeThreads="8">
  <mem-info id="1083" free="3388640" total="10878976" percent="31">
    <mem type="nursery" free="2277976" total="4587520" percent="49">
      <mem type="allocate" free="2277976" total="3145728" percent="72" />
      <mem type="survivor" free="0" total="1441792" percent="0" />
    </mem>
    <mem type="tenure" free="1110664" total="6291456" percent="17">
      <mem type="soa" free="796296" total="5977088" percent="13" />
      <mem type="loa" free="314368" total="314368" percent="100" />
    </mem>
    <remembered-set count="319" />
  </mem-info>
</gc-end>
<cycle-end id="1084" type="scavenge" contextid="1077" timestamp="2019-08-02T20:08:29.056" />
  <attribute name="elasticGC enabled" value="1" />
  <attribute name= "numThreadsSpecified" value="0" />
  <attribute name="heapSize specified" value="0" />
  <attribute name= "numCores" value="8" />
  <attribute name ="GC Interval" value="1900" />
  <attribute name ="Control flow" value="2" />
  <attribute name="GC Util Range Max" value="23" />
  <attribute name="Current GC Util" value="8" />
  <attribute name= "Current Time Running" value="1926" />
<allocation-satisfied id="1085" threadId="0000000001CB7700" bytesRequested="16392" />
<af-end id="1086" timestamp="2019-08-02T20:08:29.056" threadId="0000000001CB8088" success="true" from="nursery"/>
<exclusive-end id="1087" timestamp="2019-08-02T20:08:29.056" durationms="4.357" />

<concurrent-kickoff id="1088" timestamp="2019-08-02T20:08:29.075">
  <kickoff reason="threshold reached" targetBytes="1993381" thresholdFreeBytes="268673"  remainingFree="238160" tenureFreeBytes="1110664" nurseryFreeBytes="238160" />
</concurrent-kickoff>
<exclusive-start id="1089" timestamp="2019-08-02T20:08:29.076" intervalms="23.522">
  <response-info timems="0.033" idlems="0.033" threads="0" lastid="0000000001CBEF00" lastname="Thread-10" />
</exclusive-start>
<cycle-start id="1090" type="global" contextid="0" timestamp="2019-08-02T20:08:29.076" intervalms="86.731" />
<exclusive-end id="1091" timestamp="2019-08-02T20:08:29.076" durationms="0.205" />

<exclusive-start id="1092" timestamp="2019-08-02T20:08:29.084" intervalms="8.194">
  <response-info timems="0.044" idlems="0.044" threads="0" lastid="0000000001CA4B00" lastname="Thread-3" />
</exclusive-start>
<af-start id="1093" threadId="0000000001CA5488" totalBytesRequested="48" timestamp="2019-08-02T20:08:29.084" intervalms="31.694" type="nursery" />
<cycle-start id="1094" type="scavenge" contextid="0" timestamp="2019-08-02T20:08:29.084" intervalms="31.710" />
<gc-start id="1095" type="scavenge" contextid="1094" timestamp="2019-08-02T20:08:29.084">
  <mem-info id="1096" free="1110664" total="10878976" percent="10">
    <mem type="nursery" free="0" total="4587520" percent="0">
      <mem type="allocate" free="0" total="3145728" percent="0" />
      <mem type="survivor" free="0" total="1441792" percent="0" />
    </mem>
    <mem type="tenure" free="1110664" total="6291456" percent="17">
      <mem type="soa" free="796296" total="5977088" percent="13" />
      <mem type="loa" free="314368" total="314368" percent="100" />
    </mem>
    <remembered-set count="503" />
  </mem-info>
</gc-start>
<allocation-stats totalBytes="2233552" >
  <allocated-bytes non-tlh="254032" tlh="1979520" />
  <largest-consumer threadName="Thread-8" threadId="0000000001CB7700" bytes="474720" />
</allocation-stats>
<gc-op id="1097" type="scavenge" timems="0.558" contextid="1094" timestamp="2019-08-02T20:08:29.085">
  <scavenger-info tenureage="1" tenuremask="7ffe" tiltratio="68" />
  <memory-copied type="nursery" objects="2509" bytes="992784" bytesdiscarded="291152" />
  <memory-copied type="tenure" objects="957" bytes="379936" bytesdiscarded="2360" />
  <references type="phantom" candidates="1" cleared="0" enqueued="0" />
</gc-op>
<gc-end id="1098" type="scavenge" contextid="1094" durationms="0.764" usertimems="0.000" systemtimems="0.000" timestamp="2019-08-02T20:08:29.085" activeThreads="8">
  <mem-info id="1099" free="2702456" total="10878976" percent="24">
    <mem type="nursery" free="1992784" total="4587520" percent="43">
      <mem type="allocate" free="1992784" total="3276800" percent="60" />
      <mem type="survivor" free="0" total="1310720" percent="0" />
    </mem>
    <mem type="tenure" free="709672" total="6291456" percent="11">
      <mem type="soa" free="395304" total="5977088" percent="6" />
      <mem type="loa" free="314368" total="314368" percent="100" />
    </mem>
    <remembered-set count="234" />
  </mem-info>
</gc-end>
<cycle-end id="1100" type="scavenge" contextid="1094" timestamp="2019-08-02T20:08:29.085" />
  <attribute name="elasticGC enabled" value="1" />
  <attribute name= "numThreadsSpecified" value="0" />
  <attribute name="heapSize specified" value="0" />
  <attribute name= "numCores" value="8" />
  <attribute name ="GC Interval" value="1900" />
  <attribute name ="Control flow" value="2" />
  <attribute name="GC Util Range Max" value="23" />
  <attribute name="Current GC Util" value="13" />
  <attribute name= "Current Time Running" value="1958" />
<allocation-satisfied id="1101" threadId="0000000001CA4B00" bytesRequested="48" />
<af-end id="1102" timestamp="2019-08-02T20:08:29.085" threadId="0000000001CA5488" success="true" from="nursery"/>
<exclusive-end id="1103" timestamp="2019-08-02T20:08:29.085" durationms="1.198" />

<exclusive-start id="1104" timestamp="2019-08-02T20:08:29.085" intervalms="1.494">
  <response-info timems="0.045" idlems="0.045" threads="0" lastid="0000000001CB3B00" lastname="Thread-7" />
</exclusive-start>
<concurrent-collection-start id="1105" timestamp="2019-08-02T20:08:29.085" intervalms="87.853" >
  <concurrent-trace-info reason="card cleaning threshold reached" tracedByMutators="479416" tracedByHelpers="1329656" cardsCleaned="154" workStackOverflowCount="0" />
</concurrent-collection-start>
<gc-start id="1106" type="global" contextid="1090" timestamp="2019-08-02T20:08:29.085">
  <mem-info id="1107" free="2481224" total="10878976" percent="22">
    <mem type="nursery" free="1771552" total="4587520" percent="38">
      <mem type="allocate" free="1771552" total="3276800" percent="54" />
      <mem type="survivor" free="0" total="1310720" percent="0" />
    </mem>
    <mem type="tenure" free="709672" total="6291456" percent="11">
      <mem type="soa" free="395304" total="5977088" percent="6" />
      <mem type="loa" free="314368" total="314368" percent="100" />
    </mem>
    <remembered-set count="237" />
  </mem-info>
</gc-start>
<allocation-stats totalBytes="221232" >
  <allocated-bytes non-tlh="48" tlh="221184" />
  <largest-consumer threadName="Thread-9" threadId="0000000001CBB300" bytes="45056" />
</allocation-stats>
<gc-op id="1108" type="rs-scan" timems="0.130" contextid="1090" timestamp="2019-08-02T20:08:29.086">
  <scan objectsFound="118" bytesTraced="21208" workStackOverflowCount="0" />
</gc-op>
<gc-op id="1109" type="card-cleaning" timems="0.152" contextid="1090" timestamp="2019-08-02T20:08:29.086">
  <card-cleaning cardsCleaned="43" bytesTraced="355112" workStackOverflowCount="0" />
</gc-op>
<gc-op id="1110" type="mark" timems="0.589" contextid="1090" timestamp="2019-08-02T20:08:29.087">
  <trace-info objectcount="2810" scancount="2496" scanbytes="430784" />
  <finalization candidates="25" enqueued="0" />
  <references type="soft" candidates="92" cleared="27" enqueued="23" dynamicThreshold="11" maxThreshold="32" />
  <references type="weak" candidates="248" cleared="0" enqueued="0" />
  <references type="phantom" candidates="73" cleared="0" enqueued="0" />
  <stringconstants candidates="3963" cleared="19"  />
</gc-op>
<gc-op id="1111" type="sweep" timems="0.214" contextid="1090" timestamp="2019-08-02T20:08:29.087" />
<gc-end id="1112" type="global" contextid="1090" durationms="1.875" usertimems="0.000" systemtimems="4.000" timestamp="2019-08-02T20:08:29.087" activeThreads="8">
  <mem-info id="1113" free="5012136" total="10878976" percent="46">
    <mem type="nursery" free="2353776" total="4587520" percent="51">
      <mem type="allocate" free="2353776" total="3276800" percent="71" />
      <mem type="survivor" free="0" total="1310720" percent="0" />
    </mem>
    <mem type="tenure" free="2658360" total="6291456" percent="42" micro-fragmented="106589" macro-fragmented="0">
      <mem type="soa" free="2343992" total="5977088" percent="39" />
      <mem type="loa" free="314368" total="314368" percent="100" />
    </mem>
    <pending-finalizers system="0" default="0" reference="23" classloader="0" />
    <remembered-set count="207" />
  </mem-info>
</gc-end>
<cycle-end id="1114" type="global" contextid="1090" timestamp="2019-08-02T20:08:29.087" />
  <attribute name="elasticGC enabled" value="1" />
  <attribute name= "numThreadsSpecified" value="0" />
  <attribute name="heapSize specified" value="0" />
  <attribute name= "numCores" value="8" />
  <attribute name ="GC Interval" value="1900" />
  <attribute name ="Control flow" value="2" />
  <attribute name="GC Util Range Max" value="23" />
  <attribute name="Current GC Util" value="42" />
  <attribute name= "Current Time Running" value="1961" />
<concurrent-collection-end id="1115" timestamp="2019-08-02T20:08:29.087" />
<exclusive-end id="1116" timestamp="2019-08-02T20:08:29.088" durationms="2.179" />

<exclusive-start id="1117" timestamp="2019-08-02T20:08:29.125" intervalms="39.945">
  <response-info timems="0.054" idlems="0.054" threads="0" lastid="0000000001CBB300" lastname="Thread-9" />
</exclusive-start>
<af-start id="1118" threadId="0000000001CBBC88" totalBytesRequested="16392" timestamp="2019-08-02T20:08:29.125" intervalms="41.515" type="nursery" />
<cycle-start id="1119" type="scavenge" contextid="0" timestamp="2019-08-02T20:08:29.125" intervalms="41.508" />
<gc-start id="1120" type="scavenge" contextid="1119" timestamp="2019-08-02T20:08:29.126">
  <mem-info id="1121" free="2658360" total="10878976" percent="24">
    <mem type="nursery" free="0" total="4587520" percent="0">
      <mem type="allocate" free="0" total="3276800" percent="0" />
      <mem type="survivor" free="0" total="1310720" percent="0" />
    </mem>
    <mem type="tenure" free="2658360" total="6291456" percent="42">
      <mem type="soa" free="2343992" total="5977088" percent="39" />
      <mem type="loa" free="314368" total="314368" percent="100" />
    </mem>
    <remembered-set count="432" />
  </mem-info>
</gc-start>
<allocation-stats totalBytes="2302632" >
  <allocated-bytes non-tlh="163880" tlh="2138752" />
  <largest-consumer threadName="Thread-6" threadId="0000000001CAFF00" bytes="475880" />
</allocation-stats>
<gc-op id="1122" type="scavenge" timems="0.444" contextid="1119" timestamp="2019-08-02T20:08:29.126">
  <scavenger-info tenureage="1" tenuremask="7ffe" tiltratio="71" />
  <memory-copied type="nursery" objects="2148" bytes="761928" bytesdiscarded="171936" />
  <memory-copied type="tenure" objects="634" bytes="259392" bytesdiscarded="7944" />
</gc-op>
<gc-end id="1123" type="scavenge" contextid="1119" durationms="0.635" usertimems="0.000" systemtimems="0.000" timestamp="2019-08-02T20:08:29.126" activeThreads="8">
  <mem-info id="1124" free="4649864" total="10878976" percent="42">
    <mem type="nursery" free="2342872" total="4587520" percent="51">
      <mem type="allocate" free="2342872" total="3276800" percent="71" />
      <mem type="survivor" free="0" total="1310720" percent="0" />
    </mem>
    <mem type="tenure" free="2306992" total="6291456" percent="36">
      <mem type="soa" free="1992624" total="5977088" percent="33" />
      <mem type="loa" free="314368" total="314368" percent="100" />
    </mem>
    <remembered-set count="269" />
  </mem-info>
</gc-end>
<cycle-end id="1125" type="scavenge" contextid="1119" timestamp="2019-08-02T20:08:29.126" />
  <attribute name="elasticGC enabled" value="1" />
  <attribute name= "numThreadsSpecified" value="0" />
  <attribute name="heapSize specified" value="0" />
  <attribute name= "numCores" value="8" />
  <attribute name ="GC Interval" value="2000" />
  <attribute name ="Control flow" value="2" />
  <attribute name="GC Util Range Max" value="23" />
  <attribute name="Current GC Util" value="5" />
  <attribute name= "Current Time Running" value="2000" />
<allocation-satisfied id="1126" threadId="0000000001CBB300" bytesRequested="16392" />
<af-end id="1127" timestamp="2019-08-02T20:08:29.126" threadId="0000000001CBBC88" success="true" from="nursery"/>
<exclusive-end id="1128" timestamp="2019-08-02T20:08:29.126" durationms="1.213" />

<exclusive-start id="1129" timestamp="2019-08-02T20:08:29.158" intervalms="32.569">
  <response-info timems="0.053" idlems="0.053" threads="0" lastid="0000000001CAFF00" lastname="Thread-6" />
</exclusive-start>
<af-start id="1130" threadId="0000000001CB0888" totalBytesRequested="112" timestamp="2019-08-02T20:08:29.158" intervalms="32.568" type="nursery" />
<cycle-start id="1131" type="scavenge" contextid="0" timestamp="2019-08-02T20:08:29.158" intervalms="32.575" />
<gc-start id="1132" type="scavenge" contextid="1131" timestamp="2019-08-02T20:08:29.158">
  <mem-info id="1133" free="2306992" total="10878976" percent="21">
    <mem type="nursery" free="0" total="4587520" percent="0">
      <mem type="allocate" free="0" total="3276800" percent="0" />
      <mem type="survivor" free="0" total="1310720" percent="0" />
    </mem>
    <mem type="tenure" free="2306992" total="6291456" percent="36">
      <mem type="soa" free="1992624" total="5977088" percent="33" />
      <mem type="loa" free="314368" total="314368" percent="100" />
    </mem>
    <remembered-set count="495" />
  </mem-info>
</gc-start>
<allocation-stats totalBytes="2283808" >
  <allocated-bytes non-tlh="163888" tlh="2119920" />
  <largest-consumer threadName="Thread-3" threadId="0000000001CA4B00" bytes="761648" />
</allocation-stats>
<gc-op id="1134" type="scavenge" timems="0.512" contextid="1131" timestamp="2019-08-02T20:08:29.159">
  <scavenger-info tenureage="1" tenuremask="7ffe" tiltratio="71" />
  <memory-copied type="nursery" objects="1855" bytes="691248" bytesdiscarded="178928" />
  <memory-copied type="tenure" objects="937" bytes="331368" bytesdiscarded="2104" />
  <references type="phantom" candidates="1" cleared="0" enqueued="0" />
</gc-op>
<gc-end id="1135" type="scavenge" contextid="1131" durationms="0.724" usertimems="0.000" systemtimems="0.000" timestamp="2019-08-02T20:08:29.159" activeThreads="8">
  <mem-info id="1136" free="4464568" total="10878976" percent="41">
    <mem type="nursery" free="2472112" total="4587520" percent="53">
      <mem type="allocate" free="2472112" total="3342336" percent="73" />
      <mem type="survivor" free="0" total="1245184" percent="0" />
    </mem>
    <mem type="tenure" free="1992456" total="6291456" percent="31">
      <mem type="soa" free="1678088" total="5977088" percent="28" />
      <mem type="loa" free="314368" total="314368" percent="100" />
    </mem>
    <remembered-set count="244" />
  </mem-info>
</gc-end>
<cycle-end id="1137" type="scavenge" contextid="1131" timestamp="2019-08-02T20:08:29.159" />
  <attribute name="elasticGC enabled" value="1" />
  <attribute name= "numThreadsSpecified" value="0" />
  <attribute name="heapSize specified" value="0" />
  <attribute name= "numCores" value="8" />
  <attribute name ="GC Interval" value="1900" />
  <attribute name ="Control flow" value="2" />
  <attribute name="GC Util Range Max" value="23" />
  <attribute name="Current GC Util" value="4" />
  <attribute name= "Current Time Running" value="2032" />
<allocation-satisfied id="1138" threadId="0000000001CAFF00" bytesRequested="112" />
<af-end id="1139" timestamp="2019-08-02T20:08:29.159" threadId="0000000001CB0888" success="true" from="nursery"/>
<exclusive-end id="1140" timestamp="2019-08-02T20:08:29.159" durationms="1.232" />

<exclusive-start id="1141" timestamp="2019-08-02T20:08:29.176" intervalms="18.194">
  <response-info timems="0.050" idlems="0.050" threads="0" lastid="0000000001CB3B00" lastname="Thread-7" />
</exclusive-start>
<af-start id="1142" threadId="0000000001CB4488" totalBytesRequested="8200" timestamp="2019-08-02T20:08:29.176" intervalms="18.248" type="nursery" />
<cycle-start id="1143" type="scavenge" contextid="0" timestamp="2019-08-02T20:08:29.176" intervalms="18.244" />
<gc-start id="1144" type="scavenge" contextid="1143" timestamp="2019-08-02T20:08:29.176">
  <mem-info id="1145" free="1992456" total="10878976" percent="18">
    <mem type="nursery" free="0" total="4587520" percent="0">
      <mem type="allocate" free="0" total="3342336" percent="0" />
      <mem type="survivor" free="0" total="1245184" percent="0" />
    </mem>
    <mem type="tenure" free="1992456" total="6291456" percent="31">
      <mem type="soa" free="1678088" total="5977088" percent="28" />
      <mem type="loa" free="314368" total="314368" percent="100" />
    </mem>
    <remembered-set count="438" />
  </mem-info>
</gc-start>
<allocation-stats totalBytes="2325568" >
  <allocated-bytes non-tlh="245936" tlh="2079632" />
  <largest-consumer threadName="Thread-4" threadId="0000000001CA8700" bytes="691016" />
</allocation-stats>
<gc-op id="1146" type="scavenge" timems="0.664" contextid="1143" timestamp="2019-08-02T20:08:29.177">
  <scavenger-info tenureage="1" tenuremask="7ffe" tiltratio="72" />
  <memory-copied type="nursery" objects="2298" bytes="991736" bytesdiscarded="253360" />
  <memory-copied type="tenure" objects="1142" bytes="463272" bytesdiscarded="5168" />
  <references type="phantom" candidates="1" cleared="0" enqueued="0" />
</gc-op>
<gc-end id="1147" type="scavenge" contextid="1143" durationms="0.858" usertimems="0.000" systemtimems="4.000" timestamp="2019-08-02T20:08:29.177" activeThreads="8">
  <mem-info id="1148" free="3412744" total="10878976" percent="31">
    <mem type="nursery" free="1900544" total="4587520" percent="41">
      <mem type="allocate" free="1900544" total="3145728" percent="60" />
      <mem type="survivor" free="0" total="1441792" percent="0" />
    </mem>
    <mem type="tenure" free="1512200" total="6291456" percent="24">
      <mem type="soa" free="1197832" total="5977088" percent="20" />
      <mem type="loa" free="314368" total="314368" percent="100" />
    </mem>
    <remembered-set count="244" />
  </mem-info>
</gc-end>
<cycle-end id="1149" type="scavenge" contextid="1143" timestamp="2019-08-02T20:08:29.177" />
  <attribute name="elasticGC enabled" value="1" />
  <attribute name= "numThreadsSpecified" value="0" />
  <attribute name="heapSize specified" value="0" />
  <attribute name= "numCores" value="8" />
  <attribute name ="GC Interval" value="1800" />
  <attribute name ="Control flow" value="2" />
  <attribute name="GC Util Range Max" value="23" />
  <attribute name="Current GC Util" value="7" />
  <attribute name= "Current Time Running" value="2050" />
<allocation-satisfied id="1150" threadId="0000000001CB3B00" bytesRequested="8200" />
<af-end id="1151" timestamp="2019-08-02T20:08:29.177" threadId="0000000001CB4488" success="true" from="nursery"/>
<exclusive-end id="1152" timestamp="2019-08-02T20:08:29.177" durationms="1.396" />

<exclusive-start id="1153" timestamp="2019-08-02T20:08:29.197" intervalms="21.227">
  <response-info timems="0.037" idlems="0.037" threads="0" lastid="0000000001CA8700" lastname="Thread-4" />
</exclusive-start>
<af-start id="1154" threadId="0000000001CA9088" totalBytesRequested="16392" timestamp="2019-08-02T20:08:29.197" intervalms="21.260" type="nursery" />
<cycle-start id="1155" type="scavenge" contextid="0" timestamp="2019-08-02T20:08:29.198" intervalms="21.261" />
<gc-start id="1156" type="scavenge" contextid="1155" timestamp="2019-08-02T20:08:29.198">
  <mem-info id="1157" free="1512200" total="10878976" percent="13">
    <mem type="nursery" free="0" total="4587520" percent="0">
      <mem type="allocate" free="0" total="3145728" percent="0" />
      <mem type="survivor" free="0" total="1441792" percent="0" />
    </mem>
    <mem type="tenure" free="1512200" total="6291456" percent="24">
      <mem type="soa" free="1197832" total="5977088" percent="20" />
      <mem type="loa" free="314368" total="314368" percent="100" />
    </mem>
    <remembered-set count="419" />
  </mem-info>
</gc-start>
<allocation-stats totalBytes="1865688" >
  <allocated-bytes non-tlh="73752" tlh="1791936" />
  <largest-consumer threadName="Thread-6" threadId="0000000001CAFF00" bytes="507080" />
</allocation-stats>
<gc-op id="1158" type="scavenge" timems="0.489" contextid="1155" timestamp="2019-08-02T20:08:29.198">
  <scavenger-info tenureage="1" tenuremask="7ffe" tiltratio="68" />
  <memory-copied type="nursery" objects="1629" bytes="771920" bytesdiscarded="307448" />
  <memory-copied type="tenure" objects="1261" bytes="597984" bytesdiscarded="9600" />
</gc-op>
<gc-end id="1159" type="scavenge" contextid="1155" durationms="0.680" usertimems="0.000" systemtimems="0.000" timestamp="2019-08-02T20:08:29.198" activeThreads="8">
  <mem-info id="1160" free="3032104" total="10878976" percent="27">
    <mem type="nursery" free="2131832" total="4587520" percent="46">
      <mem type="allocate" free="2131832" total="3211264" percent="66" />
      <mem type="survivor" free="0" total="1376256" percent="0" />
    </mem>
    <mem type="tenure" free="900272" total="6291456" percent="14">
      <mem type="soa" free="585904" total="5977088" percent="9" />
      <mem type="loa" free="314368" total="314368" percent="100" />
    </mem>
    <remembered-set count="217" />
  </mem-info>
</gc-end>
<cycle-end id="1161" type="scavenge" contextid="1155" timestamp="2019-08-02T20:08:29.198" />
  <attribute name="elasticGC enabled" value="1" />
  <attribute name= "numThreadsSpecified" value="0" />
  <attribute name="heapSize specified" value="0" />
  <attribute name= "numCores" value="8" />
  <attribute name ="GC Interval" value="1800" />
  <attribute name ="Control flow" value="2" />
  <attribute name="GC Util Range Max" value="23" />
  <attribute name="Current GC Util" value="8" />
  <attribute name= "Current Time Running" value="2072" />
<allocation-satisfied id="1162" threadId="0000000001CA8700" bytesRequested="16392" />
<af-end id="1163" timestamp="2019-08-02T20:08:29.198" threadId="0000000001CA9088" success="true" from="nursery"/>
<exclusive-end id="1164" timestamp="2019-08-02T20:08:29.199" durationms="1.248" />

<concurrent-kickoff id="1165" timestamp="2019-08-02T20:08:29.223">
  <kickoff reason="threshold reached" targetBytes="1956041" thresholdFreeBytes="263950"  remainingFree="259928" tenureFreeBytes="900272" nurseryFreeBytes="259928" />
</concurrent-kickoff>
<exclusive-start id="1166" timestamp="2019-08-02T20:08:29.224" intervalms="26.361">
  <response-info timems="0.052" idlems="0.052" threads="0" lastid="0000000001CAFF00" lastname="Thread-6" />
</exclusive-start>
<cycle-start id="1167" type="global" contextid="0" timestamp="2019-08-02T20:08:29.224" intervalms="147.943" />
<exclusive-end id="1168" timestamp="2019-08-02T20:08:29.224" durationms="0.167" />

<exclusive-start id="1169" timestamp="2019-08-02T20:08:29.228" intervalms="4.645">
  <response-info timems="0.093" idlems="0.093" threads="0" lastid="0000000001CAC300" lastname="Thread-5" />
</exclusive-start>
<af-start id="1170" threadId="0000000001CACC88" totalBytesRequested="8200" timestamp="2019-08-02T20:08:29.228" intervalms="30.889" type="nursery" />
<cycle-start id="1171" type="scavenge" contextid="0" timestamp="2019-08-02T20:08:29.228" intervalms="30.886" />
<gc-start id="1172" type="scavenge" contextid="1171" timestamp="2019-08-02T20:08:29.229">
  <mem-info id="1173" free="900272" total="10878976" percent="8">
    <mem type="nursery" free="0" total="4587520" percent="0">
      <mem type="allocate" free="0" total="3211264" percent="0" />
      <mem type="survivor" free="0" total="1376256" percent="0" />
    </mem>
    <mem type="tenure" free="900272" total="6291456" percent="14">
      <mem type="soa" free="585904" total="5977088" percent="9" />
      <mem type="loa" free="314368" total="314368" percent="100" />
    </mem>
    <remembered-set count="420" />
  </mem-info>
</gc-start>
<allocation-stats totalBytes="2098832" >
  <allocated-bytes non-tlh="114720" tlh="1984112" />
  <largest-consumer threadName="Thread-3" threadId="0000000001CA4B00" bytes="592888" />
</allocation-stats>
<gc-op id="1174" type="scavenge" timems="0.540" contextid="1171" timestamp="2019-08-02T20:08:29.229">
  <scavenger-info tenureage="1" tenuremask="7ffe" tiltratio="70" />
  <memory-copied type="nursery" objects="2510" bytes="825880" bytesdiscarded="229968" />
  <memory-copied type="tenure" objects="595" bytes="444096" bytesdiscarded="7328" />
  <references type="weak" candidates="1" cleared="0" enqueued="0" />
  <references type="phantom" candidates="1" cleared="0" enqueued="0" />
</gc-op>
<gc-end id="1175" type="scavenge" contextid="1171" durationms="0.732" usertimems="0.000" systemtimems="0.000" timestamp="2019-08-02T20:08:29.229" activeThreads="8">
  <mem-info id="1176" free="2666072" total="10878976" percent="24">
    <mem type="nursery" free="2220904" total="4587520" percent="48">
      <mem type="allocate" free="2220904" total="3276800" percent="67" />
      <mem type="survivor" free="0" total="1310720" percent="0" />
    </mem>
    <mem type="tenure" free="445168" total="6291456" percent="7">
      <mem type="soa" free="130800" total="5977088" percent="2" />
      <mem type="loa" free="314368" total="314368" percent="100" />
    </mem>
    <remembered-set count="241" />
  </mem-info>
</gc-end>
<cycle-end id="1177" type="scavenge" contextid="1171" timestamp="2019-08-02T20:08:29.229" />
  <attribute name="elasticGC enabled" value="1" />
  <attribute name= "numThreadsSpecified" value="0" />
  <attribute name="heapSize specified" value="0" />
  <attribute name= "numCores" value="8" />
  <attribute name ="GC Interval" value="1700" />
  <attribute name ="Control flow" value="2" />
  <attribute name="GC Util Range Max" value="23" />
  <attribute name="Current GC Util" value="4" />
  <attribute name= "Current Time Running" value="2102" />
<allocation-satisfied id="1178" threadId="0000000001CAC300" bytesRequested="8200" />
<af-end id="1179" timestamp="2019-08-02T20:08:29.230" threadId="0000000001CACC88" success="true" from="nursery"/>
<exclusive-end id="1180" timestamp="2019-08-02T20:08:29.230" durationms="1.921" />

<exclusive-start id="1181" timestamp="2019-08-02T20:08:29.262" intervalms="33.801">
  <response-info timems="0.046" idlems="0.046" threads="0" lastid="0000000001CA8700" lastname="Thread-4" />
</exclusive-start>
<concurrent-collection-start id="1182" timestamp="2019-08-02T20:08:29.262" intervalms="176.849" >
  <concurrent-trace-info reason="card cleaning threshold reached" tracedByMutators="926548" tracedByHelpers="1065468" cardsCleaned="267" workStackOverflowCount="0" />
</concurrent-collection-start>
<gc-start id="1183" type="global" contextid="1167" timestamp="2019-08-02T20:08:29.262">
  <mem-info id="1184" free="445168" total="10878976" percent="4">
    <mem type="nursery" free="0" total="4587520" percent="0">
      <mem type="allocate" free="0" total="3276800" percent="0" />
      <mem type="survivor" free="0" total="1310720" percent="0" />
    </mem>
    <mem type="tenure" free="445168" total="6291456" percent="7">
      <mem type="soa" free="130800" total="5977088" percent="2" />
      <mem type="loa" free="314368" total="314368" percent="100" />
    </mem>
    <remembered-set count="381" />
  </mem-info>
</gc-start>
<allocation-stats totalBytes="2166464" >
  <allocated-bytes non-tlh="270416" tlh="1896048" />
  <largest-consumer threadName="Thread-10" threadId="0000000001CBEF00" bytes="530224" />
</allocation-stats>
<gc-op id="1185" type="rs-scan" timems="0.160" contextid="1167" timestamp="2019-08-02T20:08:29.263">
  <scan objectsFound="243" bytesTraced="28136" workStackOverflowCount="0" />
</gc-op>
<gc-op id="1186" type="card-cleaning" timems="0.217" contextid="1167" timestamp="2019-08-02T20:08:29.263">
  <card-cleaning cardsCleaned="40" bytesTraced="591912" workStackOverflowCount="0" />
</gc-op>
<gc-op id="1187" type="mark" timems="0.611" contextid="1167" timestamp="2019-08-02T20:08:29.264">
  <trace-info objectcount="1823" scancount="1592" scanbytes="241108" />
  <finalization candidates="25" enqueued="0" />
  <references type="soft" candidates="65" cleared="0" enqueued="0" dynamicThreshold="13" maxThreshold="32" />
  <references type="weak" candidates="249" cleared="0" enqueued="0" />
  <references type="phantom" candidates="73" cleared="0" enqueued="0" />
  <stringconstants candidates="3944" cleared="0"  />
</gc-op>
<gc-op id="1188" type="sweep" timems="0.216" contextid="1167" timestamp="2019-08-02T20:08:29.264" />
<gc-end id="1189" type="global" contextid="1167" durationms="2.040" usertimems="4.000" systemtimems="0.000" timestamp="2019-08-02T20:08:29.264" activeThreads="8">
  <mem-info id="1190" free="4606544" total="10878976" percent="42">
    <mem type="nursery" free="1937384" total="4587520" percent="42">
      <mem type="allocate" free="1937384" total="3276800" percent="59" />
      <mem type="survivor" free="0" total="1310720" percent="0" />
    </mem>
    <mem type="tenure" free="2669160" total="6291456" percent="42" micro-fragmented="162284" macro-fragmented="0">
      <mem type="soa" free="2354792" total="5977088" percent="39" />
      <mem type="loa" free="314368" total="314368" percent="100" />
    </mem>
    <remembered-set count="339" />
  </mem-info>
</gc-end>
<cycle-end id="1191" type="global" contextid="1167" timestamp="2019-08-02T20:08:29.264" />
  <attribute name="elasticGC enabled" value="1" />
  <attribute name= "numThreadsSpecified" value="0" />
  <attribute name="heapSize specified" value="0" />
  <attribute name= "numCores" value="8" />
  <attribute name ="GC Interval" value="1700" />
  <attribute name ="Control flow" value="2" />
  <attribute name="GC Util Range Max" value="23" />
  <attribute name="Current GC Util" value="46" />
  <attribute name= "Current Time Running" value="2138" />
<concurrent-collection-end id="1192" timestamp="2019-08-02T20:08:29.265" />
<exclusive-end id="1193" timestamp="2019-08-02T20:08:29.265" durationms="2.588" />

<exclusive-start id="1194" timestamp="2019-08-02T20:08:29.289" intervalms="26.593">
  <response-info timems="0.044" idlems="0.044" threads="0" lastid="0000000001CAFF00" lastname="Thread-6" />
</exclusive-start>
<af-start id="1195" threadId="0000000001CB0888" totalBytesRequested="8200" timestamp="2019-08-02T20:08:29.289" intervalms="60.418" type="nursery" />
<cycle-start id="1196" type="scavenge" contextid="0" timestamp="2019-08-02T20:08:29.289" intervalms="60.423" />
<gc-start id="1197" type="scavenge" contextid="1196" timestamp="2019-08-02T20:08:29.289">
  <mem-info id="1198" free="2669160" total="10878976" percent="24">
    <mem type="nursery" free="0" total="4587520" percent="0">
      <mem type="allocate" free="0" total="3276800" percent="0" />
      <mem type="survivor" free="0" total="1310720" percent="0" />
    </mem>
    <mem type="tenure" free="2669160" total="6291456" percent="42">
      <mem type="soa" free="2354792" total="5977088" percent="39" />
      <mem type="loa" free="314368" total="314368" percent="100" />
    </mem>
    <remembered-set count="415" />
  </mem-info>
</gc-start>
<allocation-stats totalBytes="1909688" >
  <allocated-bytes non-tlh="684376" tlh="1225312" />
  <largest-consumer threadName="Thread-4" threadId="0000000001CA8700" bytes="660144" />
</allocation-stats>
<gc-op id="1199" type="scavenge" timems="0.561" contextid="1196" timestamp="2019-08-02T20:08:29.290">
  <scavenger-info tenureage="1" tenuremask="7ffe" tiltratio="71" />
  <memory-copied type="nursery" objects="2785" bytes="1174600" bytesdiscarded="133008" />
  <memory-copied type="tenure" objects="781" bytes="305312" bytesdiscarded="4304" />
  <references type="phantom" candidates="1" cleared="0" enqueued="0" />
</gc-op>
<gc-end id="1200" type="scavenge" contextid="1196" durationms="0.755" usertimems="0.000" systemtimems="4.000" timestamp="2019-08-02T20:08:29.290" activeThreads="8">
  <mem-info id="1201" free="3905168" total="10878976" percent="35">
    <mem type="nursery" free="1641416" total="4587520" percent="35">
      <mem type="allocate" free="1641416" total="2949120" percent="55" />
      <mem type="survivor" free="0" total="1638400" percent="0" />
    </mem>
    <mem type="tenure" free="2263752" total="6291456" percent="35">
      <mem type="soa" free="1949384" total="5977088" percent="32" />
      <mem type="loa" free="314368" total="314368" percent="100" />
    </mem>
    <remembered-set count="215" />
  </mem-info>
</gc-end>
<cycle-end id="1202" type="scavenge" contextid="1196" timestamp="2019-08-02T20:08:29.290" />
  <attribute name="elasticGC enabled" value="1" />
  <attribute name= "numThreadsSpecified" value="0" />
  <attribute name="heapSize specified" value="0" />
  <attribute name= "numCores" value="8" />
  <attribute name ="GC Interval" value="1800" />
  <attribute name ="Control flow" value="2" />
  <attribute name="GC Util Range Max" value="23" />
  <attribute name="Current GC Util" value="9" />
  <attribute name= "Current Time Running" value="2163" />
<allocation-satisfied id="1203" threadId="0000000001CAFF00" bytesRequested="8200" />
<af-end id="1204" timestamp="2019-08-02T20:08:29.290" threadId="0000000001CB0888" success="true" from="nursery"/>
<exclusive-end id="1205" timestamp="2019-08-02T20:08:29.290" durationms="1.244" />

<exclusive-start id="1206" timestamp="2019-08-02T20:08:29.308" intervalms="19.140">
  <response-info timems="0.066" idlems="0.066" threads="0" lastid="0000000001CBEF00" lastname="Thread-10" />
</exclusive-start>
<af-start id="1207" threadId="0000000001CBF888" totalBytesRequested="48" timestamp="2019-08-02T20:08:29.308" intervalms="19.164" type="nursery" />
<cycle-start id="1208" type="scavenge" contextid="0" timestamp="2019-08-02T20:08:29.308" intervalms="19.171" />
<gc-start id="1209" type="scavenge" contextid="1208" timestamp="2019-08-02T20:08:29.308">
  <mem-info id="1210" free="2263752" total="10878976" percent="20">
    <mem type="nursery" free="0" total="4587520" percent="0">
      <mem type="allocate" free="0" total="2949120" percent="0" />
      <mem type="survivor" free="0" total="1638400" percent="0" />
    </mem>
    <mem type="tenure" free="2263752" total="6291456" percent="35">
      <mem type="soa" free="1949384" total="5977088" percent="32" />
      <mem type="loa" free="314368" total="314368" percent="100" />
    </mem>
    <remembered-set count="363" />
  </mem-info>
</gc-start>
<allocation-stats totalBytes="1564552" >
  <allocated-bytes non-tlh="40976" tlh="1523576" />
  <largest-consumer threadName="Thread-6" threadId="0000000001CAFF00" bytes="626352" />
</allocation-stats>
<gc-op id="1211" type="scavenge" timems="0.550" contextid="1208" timestamp="2019-08-02T20:08:29.309">
  <scavenger-info tenureage="1" tenuremask="7ffe" tiltratio="64" />
  <memory-copied type="nursery" objects="1173" bytes="464984" bytesdiscarded="300488" />
  <memory-copied type="tenure" objects="1372" bytes="606816" bytesdiscarded="7968" />
  <references type="weak" candidates="1" cleared="0" enqueued="0" />
  <references type="phantom" candidates="1" cleared="0" enqueued="0" />
</gc-op>
<gc-end id="1212" type="scavenge" contextid="1208" durationms="0.753" usertimems="0.000" systemtimems="0.000" timestamp="2019-08-02T20:08:29.309" activeThreads="8">
  <mem-info id="1213" free="3894336" total="10878976" percent="35">
    <mem type="nursery" free="2249152" total="4587520" percent="49">
      <mem type="allocate" free="2249152" total="3014656" percent="74" />
      <mem type="survivor" free="0" total="1572864" percent="0" />
    </mem>
    <mem type="tenure" free="1645184" total="6291456" percent="26">
      <mem type="soa" free="1330816" total="5977088" percent="22" />
      <mem type="loa" free="314368" total="314368" percent="100" />
    </mem>
    <remembered-set count="204" />
  </mem-info>
</gc-end>
<cycle-end id="1214" type="scavenge" contextid="1208" timestamp="2019-08-02T20:08:29.309" />
  <attribute name="elasticGC enabled" value="1" />
  <attribute name= "numThreadsSpecified" value="0" />
  <attribute name="heapSize specified" value="0" />
  <attribute name= "numCores" value="8" />
  <attribute name ="GC Interval" value="1800" />
  <attribute name ="Control flow" value="2" />
  <attribute name="GC Util Range Max" value="23" />
  <attribute name="Current GC Util" value="8" />
  <attribute name= "Current Time Running" value="2182" />
<allocation-satisfied id="1215" threadId="0000000001CBEF00" bytesRequested="48" />
<af-end id="1216" timestamp="2019-08-02T20:08:29.309" threadId="0000000001CBF888" success="true" from="nursery"/>
<exclusive-end id="1217" timestamp="2019-08-02T20:08:29.309" durationms="1.283" />

<exclusive-start id="1218" timestamp="2019-08-02T20:08:29.336" intervalms="28.221">
  <response-info timems="0.090" idlems="0.090" threads="0" lastid="0000000001CBB300" lastname="Thread-9" />
</exclusive-start>
<af-start id="1219" threadId="0000000001CBBC88" totalBytesRequested="32776" timestamp="2019-08-02T20:08:29.336" intervalms="28.223" type="nursery" />
<cycle-start id="1220" type="scavenge" contextid="0" timestamp="2019-08-02T20:08:29.336" intervalms="28.218" />
<gc-start id="1221" type="scavenge" contextid="1220" timestamp="2019-08-02T20:08:29.336">
  <mem-info id="1222" free="1645184" total="10878976" percent="15">
    <mem type="nursery" free="0" total="4587520" percent="0">
      <mem type="allocate" free="0" total="3014656" percent="0" />
      <mem type="survivor" free="0" total="1572864" percent="0" />
    </mem>
    <mem type="tenure" free="1645184" total="6291456" percent="26">
      <mem type="soa" free="1330816" total="5977088" percent="22" />
      <mem type="loa" free="314368" total="314368" percent="100" />
    </mem>
    <remembered-set count="422" />
  </mem-info>
</gc-start>
<allocation-stats totalBytes="2202152" >
  <allocated-bytes non-tlh="229488" tlh="1972664" />
  <largest-consumer threadName="Thread-7" threadId="0000000001CB3B00" bytes="564440" />
</allocation-stats>
<gc-op id="1223" type="scavenge" timems="0.469" contextid="1220" timestamp="2019-08-02T20:08:29.337">
  <scavenger-info tenureage="1" tenuremask="7ffe" tiltratio="65" />
  <memory-copied type="nursery" objects="2449" bytes="994392" bytesdiscarded="91712" />
  <memory-copied type="tenure" objects="637" bytes="244960" bytesdiscarded="2840" />
</gc-op>
<gc-end id="1224" type="scavenge" contextid="1220" durationms="0.677" usertimems="0.000" systemtimems="4.000" timestamp="2019-08-02T20:08:29.337" activeThreads="8">
  <mem-info id="1225" free="3187824" total="10878976" percent="29">
    <mem type="nursery" free="1797392" total="4587520" percent="39">
      <mem type="allocate" free="1797392" total="2883584" percent="62" />
      <mem type="survivor" free="0" total="1703936" percent="0" />
    </mem>
    <mem type="tenure" free="1390432" total="6291456" percent="22">
      <mem type="soa" free="1076064" total="5977088" percent="18" />
      <mem type="loa" free="314368" total="314368" percent="100" />
    </mem>
    <remembered-set count="235" />
  </mem-info>
</gc-end>
<cycle-end id="1226" type="scavenge" contextid="1220" timestamp="2019-08-02T20:08:29.337" />
  <attribute name="elasticGC enabled" value="1" />
  <attribute name= "numThreadsSpecified" value="0" />
  <attribute name="heapSize specified" value="0" />
  <attribute name= "numCores" value="8" />
  <attribute name ="GC Interval" value="1800" />
  <attribute name ="Control flow" value="2" />
  <attribute name="GC Util Range Max" value="23" />
  <attribute name="Current GC Util" value="5" />
  <attribute name= "Current Time Running" value="2210" />
<allocation-satisfied id="1227" threadId="0000000001CBB300" bytesRequested="32776" />
<af-end id="1228" timestamp="2019-08-02T20:08:29.337" threadId="0000000001CBBC88" success="true" from="nursery"/>
<exclusive-end id="1229" timestamp="2019-08-02T20:08:29.337" durationms="1.205" />

<exclusive-start id="1230" timestamp="2019-08-02T20:08:29.361" intervalms="24.859">
  <response-info timems="0.087" idlems="0.087" threads="0" lastid="0000000001CA8700" lastname="Thread-4" />
</exclusive-start>
<af-start id="1231" threadId="0000000001CA9088" totalBytesRequested="16" timestamp="2019-08-02T20:08:29.361" intervalms="24.843" type="nursery" />
<cycle-start id="1232" type="scavenge" contextid="0" timestamp="2019-08-02T20:08:29.361" intervalms="24.845" />
<gc-start id="1233" type="scavenge" contextid="1232" timestamp="2019-08-02T20:08:29.361">
  <mem-info id="1234" free="1390432" total="10878976" percent="12">
    <mem type="nursery" free="0" total="4587520" percent="0">
      <mem type="allocate" free="0" total="2883584" percent="0" />
      <mem type="survivor" free="0" total="1703936" percent="0" />
    </mem>
    <mem type="tenure" free="1390432" total="6291456" percent="22">
      <mem type="soa" free="1076064" total="5977088" percent="18" />
      <mem type="loa" free="314368" total="314368" percent="100" />
    </mem>
    <remembered-set count="416" />
  </mem-info>
</gc-start>
<allocation-stats totalBytes="1726984" >
  <allocated-bytes non-tlh="196664" tlh="1530320" />
  <largest-consumer threadName="Thread-5" threadId="0000000001CAC300" bytes="526072" />
</allocation-stats>
<gc-op id="1235" type="scavenge" timems="0.571" contextid="1232" timestamp="2019-08-02T20:08:29.362">
  <scavenger-info tenureage="1" tenuremask="7ffe" tiltratio="62" />
  <memory-copied type="nursery" objects="2081" bytes="821048" bytesdiscarded="177392" />
  <memory-copied type="tenure" objects="1417" bytes="678048" bytesdiscarded="11192" />
</gc-op>
<gc-end id="1236" type="scavenge" contextid="1232" durationms="0.784" usertimems="0.000" systemtimems="0.000" timestamp="2019-08-02T20:08:29.362" activeThreads="8">
  <mem-info id="1237" free="2710080" total="10878976" percent="24">
    <mem type="nursery" free="2016160" total="4587520" percent="43">
      <mem type="allocate" free="2016160" total="3014656" percent="66" />
      <mem type="survivor" free="0" total="1572864" percent="0" />
    </mem>
    <mem type="tenure" free="693920" total="6291456" percent="11">
      <mem type="soa" free="379552" total="5977088" percent="6" />
      <mem type="loa" free="314368" total="314368" percent="100" />
    </mem>
    <remembered-set count="245" />
  </mem-info>
</gc-end>
<cycle-end id="1238" type="scavenge" contextid="1232" timestamp="2019-08-02T20:08:29.362" />
  <attribute name="elasticGC enabled" value="1" />
  <attribute name= "numThreadsSpecified" value="0" />
  <attribute name="heapSize specified" value="0" />
  <attribute name= "numCores" value="8" />
  <attribute name ="GC Interval" value="1800" />
  <attribute name ="Control flow" value="2" />
  <attribute name="GC Util Range Max" value="23" />
  <attribute name="Current GC Util" value="5" />
  <attribute name= "Current Time Running" value="2235" />
<allocation-satisfied id="1239" threadId="0000000001CA8700" bytesRequested="16" />
<af-end id="1240" timestamp="2019-08-02T20:08:29.362" threadId="0000000001CA9088" success="true" from="nursery"/>
<exclusive-end id="1241" timestamp="2019-08-02T20:08:29.362" durationms="1.310" />

<concurrent-kickoff id="1242" timestamp="2019-08-02T20:08:29.383">
  <kickoff reason="threshold reached" targetBytes="1966996" thresholdFreeBytes="265678"  remainingFree="213912" tenureFreeBytes="693920" nurseryFreeBytes="213912" />
</concurrent-kickoff>
<exclusive-start id="1243" timestamp="2019-08-02T20:08:29.383" intervalms="22.508">
  <response-info timems="0.109" idlems="0.063" threads="1" lastid="0000000001CBEF00" lastname="Thread-10" />
</exclusive-start>
<cycle-start id="1244" type="global" contextid="0" timestamp="2019-08-02T20:08:29.383" intervalms="159.720" />
<exclusive-end id="1245" timestamp="2019-08-02T20:08:29.384" durationms="0.123" />

<exclusive-start id="1246" timestamp="2019-08-02T20:08:29.396" intervalms="12.590">
  <response-info timems="0.108" idlems="0.108" threads="0" lastid="0000000001CA4B00" lastname="Thread-3" />
</exclusive-start>
<af-start id="1247" threadId="0000000001CA5488" totalBytesRequested="8200" timestamp="2019-08-02T20:08:29.396" intervalms="35.122" type="nursery" />
<cycle-start id="1248" type="scavenge" contextid="0" timestamp="2019-08-02T20:08:29.396" intervalms="35.137" />
<gc-start id="1249" type="scavenge" contextid="1248" timestamp="2019-08-02T20:08:29.396">
  <mem-info id="1250" free="693920" total="10878976" percent="6">
    <mem type="nursery" free="0" total="4587520" percent="0">
      <mem type="allocate" free="0" total="3014656" percent="0" />
      <mem type="survivor" free="0" total="1572864" percent="0" />
    </mem>
    <mem type="tenure" free="693920" total="6291456" percent="11">
      <mem type="soa" free="379552" total="5977088" percent="6" />
      <mem type="loa" free="314368" total="314368" percent="100" />
    </mem>
    <remembered-set count="410" />
  </mem-info>
</gc-start>
<allocation-stats totalBytes="1908072" >
  <allocated-bytes non-tlh="65568" tlh="1842504" />
  <largest-consumer threadName="Thread-9" threadId="0000000001CBB300" bytes="455288" />
</allocation-stats>
<gc-op id="1251" type="scavenge" timems="0.688" contextid="1248" timestamp="2019-08-02T20:08:29.397">
  <scavenger-info tenureage="1" tenuremask="7ffe" tiltratio="65" />
  <memory-copied type="nursery" objects="2598" bytes="959080" bytesdiscarded="212432" />
  <memory-copied type="tenure" objects="889" bytes="378960" bytesdiscarded="560" />
  <copy-failed type="tenure" objects="552" bytes="224256" />
  <references type="weak" candidates="1" cleared="0" enqueued="0" />
  <references type="phantom" candidates="1" cleared="0" enqueued="0" />
</gc-op>
<gc-end id="1252" type="scavenge" contextid="1248" durationms="0.944" usertimems="4.000" systemtimems="0.000" timestamp="2019-08-02T20:08:29.397" activeThreads="8">
  <mem-info id="1253" free="2419584" total="10878976" percent="22">
    <mem type="nursery" free="2105216" total="4587520" percent="45">
      <mem type="allocate" free="2105216" total="3276800" percent="64" />
      <mem type="survivor" free="0" total="1310720" percent="0" />
    </mem>
    <mem type="tenure" free="314368" total="6291456" percent="4">
      <mem type="soa" free="0" total="5977088" percent="0" />
      <mem type="loa" free="314368" total="314368" percent="100" />
    </mem>
    <remembered-set count="303" />
  </mem-info>
</gc-end>
<cycle-end id="1254" type="scavenge" contextid="1248" timestamp="2019-08-02T20:08:29.397" />
  <attribute name="elasticGC enabled" value="1" />
  <attribute name= "numThreadsSpecified" value="0" />
  <attribute name="heapSize specified" value="0" />
  <attribute name= "numCores" value="8" />
  <attribute name ="GC Interval" value="1700" />
  <attribute name ="Control flow" value="2" />
  <attribute name="GC Util Range Max" value="23" />
  <attribute name="Current GC Util" value="4" />
  <attribute name= "Current Time Running" value="2270" />
<allocation-satisfied id="1255" threadId="0000000001CA4B00" bytesRequested="8200" />
<af-end id="1256" timestamp="2019-08-02T20:08:29.398" threadId="0000000001CA5488" success="true" from="nursery"/>
<exclusive-end id="1257" timestamp="2019-08-02T20:08:29.398" durationms="1.685" />

<exclusive-start id="1258" timestamp="2019-08-02T20:08:29.398" intervalms="1.892">
  <response-info timems="0.043" idlems="0.023" threads="1" lastid="0000000001CBEF00" lastname="Thread-10" />
</exclusive-start>
<concurrent-collection-start id="1259" timestamp="2019-08-02T20:08:29.398" intervalms="135.704" >
  <concurrent-trace-info reason="card cleaning threshold reached" tracedByMutators="380460" tracedByHelpers="1326728" cardsCleaned="156" workStackOverflowCount="0" />
</concurrent-collection-start>
<gc-start id="1260" type="global" contextid="1244" timestamp="2019-08-02T20:08:29.398">
  <mem-info id="1261" free="2206584" total="10878976" percent="20">
    <mem type="nursery" free="1892216" total="4587520" percent="41">
      <mem type="allocate" free="1892216" total="3276800" percent="57" />
      <mem type="survivor" free="0" total="1310720" percent="0" />
    </mem>
    <mem type="tenure" free="314368" total="6291456" percent="4">
      <mem type="soa" free="0" total="5977088" percent="0" />
      <mem type="loa" free="314368" total="314368" percent="100" />
    </mem>
    <remembered-set count="304" />
  </mem-info>
</gc-start>
<allocation-stats totalBytes="213000" >
  <allocated-bytes non-tlh="8200" tlh="204800" />
  <largest-consumer threadName="Thread-9" threadId="0000000001CBB300" bytes="40960" />
</allocation-stats>
<gc-op id="1262" type="rs-scan" timems="0.140" contextid="1244" timestamp="2019-08-02T20:08:29.398">
  <scan objectsFound="139" bytesTraced="22748" workStackOverflowCount="0" />
</gc-op>
<gc-op id="1263" type="card-cleaning" timems="0.131" contextid="1244" timestamp="2019-08-02T20:08:29.398">
  <card-cleaning cardsCleaned="17" bytesTraced="245436" workStackOverflowCount="0" />
</gc-op>
<gc-op id="1264" type="mark" timems="0.638" contextid="1244" timestamp="2019-08-02T20:08:29.399">
  <trace-info objectcount="3004" scancount="2631" scanbytes="433332" />
  <finalization candidates="25" enqueued="0" />
  <references type="soft" candidates="65" cleared="0" enqueued="0" dynamicThreshold="13" maxThreshold="32" />
  <references type="weak" candidates="249" cleared="0" enqueued="0" />
  <references type="phantom" candidates="73" cleared="0" enqueued="0" />
  <stringconstants candidates="3944" cleared="0"  />
</gc-op>
<gc-op id="1265" type="sweep" timems="0.233" contextid="1244" timestamp="2019-08-02T20:08:29.399" />
<gc-end id="1266" type="global" contextid="1244" durationms="1.990" usertimems="4.000" systemtimems="0.000" timestamp="2019-08-02T20:08:29.400" activeThreads="8">
  <mem-info id="1267" free="4931896" total="10878976" percent="45">
    <mem type="nursery" free="2370272" total="4587520" percent="51">
      <mem type="allocate" free="2370272" total="3276800" percent="72" />
      <mem type="survivor" free="0" total="1310720" percent="0" />
    </mem>
    <mem type="tenure" free="2561624" total="6291456" percent="40" micro-fragmented="48169" macro-fragmented="0">
      <mem type="soa" free="2247256" total="5977088" percent="37" />
      <mem type="loa" free="314368" total="314368" percent="100" />
    </mem>
    <remembered-set count="256" />
  </mem-info>
</gc-end>
<cycle-end id="1268" type="global" contextid="1244" timestamp="2019-08-02T20:08:29.400" />
  <attribute name="elasticGC enabled" value="1" />
  <attribute name= "numThreadsSpecified" value="0" />
  <attribute name="heapSize specified" value="0" />
  <attribute name= "numCores" value="8" />
  <attribute name ="GC Interval" value="1700" />
  <attribute name ="Control flow" value="2" />
  <attribute name="GC Util Range Max" value="23" />
  <attribute name="Current GC Util" value="39" />
  <attribute name= "Current Time Running" value="2273" />
<concurrent-collection-end id="1269" timestamp="2019-08-02T20:08:29.400" />
<exclusive-end id="1270" timestamp="2019-08-02T20:08:29.400" durationms="2.396" />

<exclusive-start id="1271" timestamp="2019-08-02T20:08:29.426" intervalms="28.352">
  <response-info timems="0.053" idlems="0.053" threads="0" lastid="0000000001CA4B00" lastname="Thread-3" />
</exclusive-start>
<af-start id="1272" threadId="0000000001CA5488" totalBytesRequested="72" timestamp="2019-08-02T20:08:29.426" intervalms="30.200" type="nursery" />
<cycle-start id="1273" type="scavenge" contextid="0" timestamp="2019-08-02T20:08:29.426" intervalms="30.177" />
<gc-start id="1274" type="scavenge" contextid="1273" timestamp="2019-08-02T20:08:29.426">
  <mem-info id="1275" free="2561624" total="10878976" percent="23">
    <mem type="nursery" free="0" total="4587520" percent="0">
      <mem type="allocate" free="0" total="3276800" percent="0" />
      <mem type="survivor" free="0" total="1310720" percent="0" />
    </mem>
    <mem type="tenure" free="2561624" total="6291456" percent="40">
      <mem type="soa" free="2247256" total="5977088" percent="37" />
      <mem type="loa" free="314368" total="314368" percent="100" />
    </mem>
    <remembered-set count="448" />
  </mem-info>
</gc-start>
<allocation-stats totalBytes="2320064" >
  <allocated-bytes non-tlh="213064" tlh="2107000" />
  <largest-consumer threadName="Thread-10" threadId="0000000001CBEF00" bytes="822800" />
</allocation-stats>
<gc-op id="1276" type="scavenge" timems="0.626" contextid="1273" timestamp="2019-08-02T20:08:29.427">
  <scavenger-info tenureage="1" tenuremask="7ffe" tiltratio="71" />
  <memory-copied type="nursery" objects="2029" bytes="814792" bytesdiscarded="253296" />
  <memory-copied type="tenure" objects="1738" bytes="622696" bytesdiscarded="10968" />
  <references type="phantom" candidates="1" cleared="0" enqueued="0" />
</gc-op>
<gc-end id="1277" type="scavenge" contextid="1273" durationms="0.832" usertimems="0.000" systemtimems="0.000" timestamp="2019-08-02T20:08:29.427" activeThreads="8">
  <mem-info id="1278" free="4120408" total="10878976" percent="37">
    <mem type="nursery" free="2208640" total="4587520" percent="48">
      <mem type="allocate" free="2208640" total="3276800" percent="67" />
      <mem type="survivor" free="0" total="1310720" percent="0" />
    </mem>
    <mem type="tenure" free="1911768" total="6291456" percent="30">
      <mem type="soa" free="1597400" total="5977088" percent="26" />
      <mem type="loa" free="314368" total="314368" percent="100" />
    </mem>
    <remembered-set count="252" />
  </mem-info>
</gc-end>
<cycle-end id="1279" type="scavenge" contextid="1273" timestamp="2019-08-02T20:08:29.427" />
  <attribute name="elasticGC enabled" value="1" />
  <attribute name= "numThreadsSpecified" value="0" />
  <attribute name="heapSize specified" value="0" />
  <attribute name= "numCores" value="8" />
  <attribute name ="GC Interval" value="1800" />
  <attribute name ="Control flow" value="2" />
  <attribute name="GC Util Range Max" value="23" />
  <attribute name="Current GC Util" value="7" />
  <attribute name= "Current Time Running" value="2300" />
<allocation-satisfied id="1280" threadId="0000000001CA4B00" bytesRequested="72" />
<af-end id="1281" timestamp="2019-08-02T20:08:29.427" threadId="0000000001CA5488" success="true" from="nursery"/>
<exclusive-end id="1282" timestamp="2019-08-02T20:08:29.428" durationms="1.298" />

<exclusive-start id="1283" timestamp="2019-08-02T20:08:29.451" intervalms="24.608">
  <response-info timems="0.057" idlems="0.057" threads="0" lastid="0000000001CAFF00" lastname="Thread-6" />
</exclusive-start>
<af-start id="1284" threadId="0000000001CB0888" totalBytesRequested="16392" timestamp="2019-08-02T20:08:29.451" intervalms="24.624" type="nursery" />
<cycle-start id="1285" type="scavenge" contextid="0" timestamp="2019-08-02T20:08:29.451" intervalms="24.623" />
<gc-start id="1286" type="scavenge" contextid="1285" timestamp="2019-08-02T20:08:29.451">
  <mem-info id="1287" free="1911768" total="10878976" percent="17">
    <mem type="nursery" free="0" total="4587520" percent="0">
      <mem type="allocate" free="0" total="3276800" percent="0" />
      <mem type="survivor" free="0" total="1310720" percent="0" />
    </mem>
    <mem type="tenure" free="1911768" total="6291456" percent="30">
      <mem type="soa" free="1597400" total="5977088" percent="26" />
      <mem type="loa" free="314368" total="314368" percent="100" />
    </mem>
    <remembered-set count="432" />
  </mem-info>
</gc-start>
<allocation-stats totalBytes="2146736" >
  <allocated-bytes non-tlh="262296" tlh="1884440" />
  <largest-consumer threadName="Thread-4" threadId="0000000001CA8700" bytes="612848" />
</allocation-stats>
<gc-op id="1288" type="scavenge" timems="0.631" contextid="1285" timestamp="2019-08-02T20:08:29.452">
  <scavenger-info tenureage="1" tenuremask="7ffe" tiltratio="71" />
  <memory-copied type="nursery" objects="1473" bytes="622176" bytesdiscarded="133008" />
  <memory-copied type="tenure" objects="1944" bytes="808832" bytesdiscarded="11912" />
  <references type="weak" candidates="1" cleared="0" enqueued="0" />
  <references type="phantom" candidates="1" cleared="0" enqueued="0" />
</gc-op>
<gc-end id="1289" type="scavenge" contextid="1285" durationms="0.825" usertimems="4.000" systemtimems="0.000" timestamp="2019-08-02T20:08:29.452" activeThreads="8">
  <mem-info id="1290" free="3666760" total="10878976" percent="33">
    <mem type="nursery" free="2587080" total="4587520" percent="56">
      <mem type="allocate" free="2587080" total="3342336" percent="77" />
      <mem type="survivor" free="0" total="1245184" percent="0" />
    </mem>
    <mem type="tenure" free="1079680" total="6291456" percent="17">
      <mem type="soa" free="765312" total="5977088" percent="12" />
      <mem type="loa" free="314368" total="314368" percent="100" />
    </mem>
    <remembered-set count="272" />
  </mem-info>
</gc-end>
<cycle-end id="1291" type="scavenge" contextid="1285" timestamp="2019-08-02T20:08:29.452" />
  <attribute name="elasticGC enabled" value="1" />
  <attribute name= "numThreadsSpecified" value="0" />
  <attribute name="heapSize specified" value="0" />
  <attribute name= "numCores" value="8" />
  <attribute name ="GC Interval" value="1800" />
  <attribute name ="Control flow" value="2" />
  <attribute name="GC Util Range Max" value="23" />
  <attribute name="Current GC Util" value="7" />
  <attribute name= "Current Time Running" value="2325" />
<allocation-satisfied id="1292" threadId="0000000001CAFF00" bytesRequested="16392" />
<af-end id="1293" timestamp="2019-08-02T20:08:29.452" threadId="0000000001CB0888" success="true" from="nursery"/>
<exclusive-end id="1294" timestamp="2019-08-02T20:08:29.452" durationms="1.324" />

<concurrent-kickoff id="1295" timestamp="2019-08-02T20:08:29.478">
  <kickoff reason="threshold reached" targetBytes="1912134" thresholdFreeBytes="259861"  remainingFree="252280" tenureFreeBytes="1079680" nurseryFreeBytes="252280" />
</concurrent-kickoff>
<exclusive-start id="1296" timestamp="2019-08-02T20:08:29.478" intervalms="27.602">
  <response-info timems="0.033" idlems="0.033" threads="0" lastid="0000000001CA8700" lastname="Thread-4" />
</exclusive-start>
<cycle-start id="1297" type="global" contextid="0" timestamp="2019-08-02T20:08:29.478" intervalms="95.025" />
<exclusive-end id="1298" timestamp="2019-08-02T20:08:29.479" durationms="0.097" />

<exclusive-start id="1299" timestamp="2019-08-02T20:08:29.493" intervalms="14.261">
  <response-info timems="0.059" idlems="0.059" threads="0" lastid="0000000001CA8700" lastname="Thread-4" />
</exclusive-start>
<af-start id="1300" threadId="0000000001CA9088" totalBytesRequested="32776" timestamp="2019-08-02T20:08:29.493" intervalms="41.813" type="nursery" />
<cycle-start id="1301" type="scavenge" contextid="0" timestamp="2019-08-02T20:08:29.493" intervalms="41.851" />
<gc-start id="1302" type="scavenge" contextid="1301" timestamp="2019-08-02T20:08:29.493">
  <mem-info id="1303" free="1079680" total="10878976" percent="9">
    <mem type="nursery" free="0" total="4587520" percent="0">
      <mem type="allocate" free="0" total="3342336" percent="0" />
      <mem type="survivor" free="0" total="1245184" percent="0" />
    </mem>
    <mem type="tenure" free="1079680" total="6291456" percent="17">
      <mem type="soa" free="765312" total="5977088" percent="12" />
      <mem type="loa" free="314368" total="314368" percent="100" />
    </mem>
    <remembered-set count="442" />
  </mem-info>
</gc-start>
<allocation-stats totalBytes="2560752" >
  <allocated-bytes non-tlh="295000" tlh="2265752" />
  <largest-consumer threadName="Thread-4" threadId="0000000001CA8700" bytes="767424" />
</allocation-stats>
<gc-op id="1304" type="scavenge" timems="0.415" contextid="1301" timestamp="2019-08-02T20:08:29.494">
  <scavenger-info tenureage="1" tenuremask="7ffe" tiltratio="72" />
  <memory-copied type="nursery" objects="867" bytes="438080" bytesdiscarded="197912" />
  <memory-copied type="tenure" objects="263" bytes="171640" bytesdiscarded="2080" />
</gc-op>
<gc-end id="1305" type="scavenge" contextid="1301" durationms="0.743" usertimems="0.000" systemtimems="0.000" timestamp="2019-08-02T20:08:29.494" activeThreads="8">
  <mem-info id="1306" free="3744944" total="10878976" percent="34">
    <mem type="nursery" free="2837352" total="4587520" percent="61">
      <mem type="allocate" free="2837352" total="3473408" percent="81" />
      <mem type="survivor" free="0" total="1114112" percent="0" />
    </mem>
    <mem type="tenure" free="907592" total="6291456" percent="14">
      <mem type="soa" free="593224" total="5977088" percent="9" />
      <mem type="loa" free="314368" total="314368" percent="100" />
    </mem>
    <remembered-set count="190" />
  </mem-info>
</gc-end>
<cycle-end id="1307" type="scavenge" contextid="1301" timestamp="2019-08-02T20:08:29.494" />
  <attribute name="elasticGC enabled" value="1" />
  <attribute name= "numThreadsSpecified" value="0" />
  <attribute name="heapSize specified" value="0" />
  <attribute name= "numCores" value="8" />
  <attribute name ="GC Interval" value="1700" />
  <attribute name ="Control flow" value="2" />
  <attribute name="GC Util Range Max" value="23" />
  <attribute name="Current GC Util" value="4" />
  <attribute name= "Current Time Running" value="2367" />
<allocation-satisfied id="1308" threadId="0000000001CA8700" bytesRequested="32776" />
<af-end id="1309" timestamp="2019-08-02T20:08:29.494" threadId="0000000001CA9088" success="true" from="nursery"/>
<exclusive-end id="1310" timestamp="2019-08-02T20:08:29.494" durationms="1.439" />

<exclusive-start id="1311" timestamp="2019-08-02T20:08:29.494" intervalms="1.661">
  <response-info timems="0.058" idlems="0.058" threads="0" lastid="000000000196CA00" lastname="main" />
</exclusive-start>
<concurrent-collection-start id="1312" timestamp="2019-08-02T20:08:29.494" intervalms="96.531" >
  <concurrent-trace-info reason="card cleaning threshold reached" tracedByMutators="479684" tracedByHelpers="783864" cardsCleaned="94" workStackOverflowCount="0" />
</concurrent-collection-start>
<gc-start id="1313" type="global" contextid="1297" timestamp="2019-08-02T20:08:29.495">
  <mem-info id="1314" free="3654808" total="10878976" percent="33">
    <mem type="nursery" free="2747232" total="4587520" percent="59">
      <mem type="allocate" free="2747232" total="3473408" percent="79" />
      <mem type="survivor" free="0" total="1114112" percent="0" />
    </mem>
    <mem type="tenure" free="907576" total="6291456" percent="14">
      <mem type="soa" free="593208" total="5977088" percent="9" />
      <mem type="loa" free="314368" total="314368" percent="100" />
    </mem>
    <remembered-set count="191" />
  </mem-info>
</gc-start>
<allocation-stats totalBytes="90136" >
  <allocated-bytes non-tlh="32792" tlh="57344" />
  <largest-consumer threadName="main" threadId="000000000196CA00" bytes="16" />
</allocation-stats>
<heap-resize id="1315" type="loa contract" space="tenure" amount="63488" count="1" timems="0.000" reason="contract underutilized loa" timestamp="2019-08-02T20:08:29.495" />
<gc-op id="1316" type="rs-scan" timems="0.154" contextid="1297" timestamp="2019-08-02T20:08:29.495">
  <scan objectsFound="75" bytesTraced="6756" workStackOverflowCount="0" />
</gc-op>
<gc-op id="1317" type="card-cleaning" timems="0.097" contextid="1297" timestamp="2019-08-02T20:08:29.495">
  <card-cleaning cardsCleaned="1" bytesTraced="36500" workStackOverflowCount="0" />
</gc-op>
<gc-op id="1318" type="mark" timems="0.525" contextid="1297" timestamp="2019-08-02T20:08:29.496">
  <trace-info objectcount="371" scancount="330" scanbytes="10640" />
  <finalization candidates="25" enqueued="0" />
  <references type="soft" candidates="58" cleared="0" enqueued="0" dynamicThreshold="13" maxThreshold="32" />
  <references type="weak" candidates="222" cleared="0" enqueued="0" />
  <references type="phantom" candidates="72" cleared="8" enqueued="8" />
  <stringconstants candidates="3944" cleared="3"  />
</gc-op>
<gc-op id="1319" type="sweep" timems="0.210" contextid="1297" timestamp="2019-08-02T20:08:29.496" />
<gc-end id="1320" type="global" contextid="1297" durationms="2.102" usertimems="4.000" systemtimems="0.000" timestamp="2019-08-02T20:08:29.497" activeThreads="8">
  <mem-info id="1321" free="7125696" total="10878976" percent="65">
    <mem type="nursery" free="3433672" total="4587520" percent="74">
      <mem type="allocate" free="3433672" total="3473408" percent="98" />
      <mem type="survivor" free="0" total="1114112" percent="0" />
    </mem>
    <mem type="tenure" free="3692024" total="6291456" percent="58" micro-fragmented="32633" macro-fragmented="0">
      <mem type="soa" free="3441144" total="6040576" percent="56" />
      <mem type="loa" free="250880" total="250880" percent="100" />
    </mem>
    <pending-finalizers system="0" default="0" reference="8" classloader="0" />
    <remembered-set count="104" />
  </mem-info>
</gc-end>
<cycle-end id="1322" type="global" contextid="1297" timestamp="2019-08-02T20:08:29.497" />
  <attribute name="elasticGC enabled" value="1" />
  <attribute name= "numThreadsSpecified" value="0" />
  <attribute name="heapSize specified" value="0" />
  <attribute name= "numCores" value="8" />
  <attribute name ="GC Interval" value="1700" />
  <attribute name ="Control flow" value="2" />
  <attribute name="GC Util Range Max" value="23" />
  <attribute name="Current GC Util" value="40" />
  <attribute name= "Current Time Running" value="2370" />
<concurrent-collection-end id="1323" timestamp="2019-08-02T20:08:29.497" />
<exclusive-end id="1324" timestamp="2019-08-02T20:08:29.497" durationms="2.546" />

</verbosegc>

