<?xml version="1.0" ?>

<verbosegc xmlns="http://www.ibm.com/j9/verbosegc" version="08cc62e_CMPRSS">

<initialized id="1" timestamp="2019-08-02T20:08:37.574">
  <attribute name="gcPolicy" value="-Xgcpolicy:gencon" />
  <attribute name="elasticGC enabled" value="1" />
  <attribute name= "numThreadsSpecified" value="0" />
  <attribute name="heapSize specified" value="0" />
  <attribute name= "numCores" value="0" />
  <attribute name ="GC Interval" value="0" />
  <attribute name="GC Util Range Max" value="0" />
  <attribute name="Current GC Util" value="0" />
  <attribute name= "Current Time Running" value="0" />
  <attribute name="maxHeapSize" value="0x7cba0000" />
  <attribute name="initialHeapSize" value="0x800000" />
  <attribute name="compressedRefs" value="true" />
  <attribute name="compressedRefsDisplacement" value="0x0" />
  <attribute name="compressedRefsShift" value="0x0" />
  <attribute name="pageSize" value="0x1000" />
  <attribute name="pageType" value="not used" />
  <attribute name="requestedPageSize" value="0x1000" />
  <attribute name="requestedPageType" value="not used" />
  <attribute name="gcthreads" value="8" />
  <attribute name="gcthreads Concurrent Mark" value="1" />
  <attribute name="packetListSplit" value="8" />
  <attribute name="cacheListSplit" value="8" />
  <attribute name="splitFreeListSplitAmount" value="1" />
  <attribute name="numaNodes" value="0" />
  <system>
    <attribute name="physicalMemory" value="8370401280" />
    <attribute name="numCPUs" value="8" />
    <attribute name="architecture" value="amd64" />
    <attribute name="os" value="Linux" />
    <attribute name="osVersion" value="4.4.0-154-generic" />
  </system>
  <vmargs>
    <vmarg name="-Xoptionsfile=/vagrant/jdk/lib/options.default" />
    <vmarg name="-Xlockword:mode=default,noLockword=java/lang/String,noLockword=java/util/MapEntry,noLockword=java/util/HashMap$Entry,noLockword..." />
    <vmarg name="-Xjcl:jclse29" />
    <vmarg name="-Dcom.ibm.oti.vm.bootstrap.library.path=/vagrant/jdk/lib/compressedrefs:/vagrant/jdk/lib" />
    <vmarg name="-Dsun.boot.library.path=/vagrant/jdk/lib/compressedrefs:/vagrant/jdk/lib" />
    <vmarg name="-Djava.library.path=/vagrant/jdk/lib/compressedrefs:/vagrant/jdk/lib:/usr/lib64:/usr/lib" />
    <vmarg name="-Djava.home=/vagrant/jdk" />
    <vmarg name="-Duser.dir=/vagrant" />
    <vmarg name="-Xgcelastic" />
    <vmarg name="-Xcheck:gc:::elasticGC" />
    <vmarg name="-verbose:gc" />
    <vmarg name="-Xloggc:jdkB-small-GEN-8core-verbose13xalan.txt" />
    <vmarg name="-Djava.class.path=dacapo-9.12-MR1-bach.jar" />
    <vmarg name="-Dsun.java.command=dacapo-9.12-MR1-bach.jar xalan --size=small" />
    <vmarg name="-Dsun.java.launcher=SUN_STANDARD" />
    <vmarg name="-Dsun.java.launcher.pid=15418" />
  </vmargs>
</initialized>

<exclusive-start id="2" timestamp="2019-08-02T20:08:37.763" intervalms="188.173">
  <response-info timems="0.016" idlems="0.016" threads="0" lastid="00000000018E0A00" lastname="main" />
</exclusive-start>
<af-start id="3" threadId="00000000018E1388" totalBytesRequested="7184" timestamp="2019-08-02T20:08:37.763" intervalms="188.566" type="nursery" />
<cycle-start id="4" type="scavenge" contextid="0" timestamp="2019-08-02T20:08:37.763" intervalms="188.808" />
<gc-start id="5" type="scavenge" contextid="4" timestamp="2019-08-02T20:08:37.763">
  <mem-info id="6" free="6062624" total="8388608" percent="72">
    <mem type="nursery" free="0" total="2097152" percent="0">
      <mem type="allocate" free="0" total="1048576" percent="0" />
      <mem type="survivor" free="0" total="1048576" percent="0" />
    </mem>
    <mem type="tenure" free="6062624" total="6291456" percent="96">
      <mem type="soa" free="5748256" total="5977088" percent="96" />
      <mem type="loa" free="314368" total="314368" percent="100" />
    </mem>
    <remembered-set count="3161" />
  </mem-info>
</gc-start>
<allocation-stats totalBytes="1272320" >
  <allocated-bytes non-tlh="344784" tlh="927536" />
  <largest-consumer threadName="main" threadId="00000000018E0A00" bytes="1179368" />
</allocation-stats>
<gc-op id="7" type="scavenge" timems="5.153" contextid="4" timestamp="2019-08-02T20:08:37.769">
  <scavenger-info tenureage="2" tenuremask="fffc" tiltratio="50" />
  <memory-copied type="nursery" objects="10594" bytes="471056" bytesdiscarded="107104" />
  <finalization candidates="11" enqueued="0" />
  <references type="soft" candidates="62" cleared="0" enqueued="0" dynamicThreshold="32" maxThreshold="32" />
  <references type="weak" candidates="307" cleared="176" enqueued="140" />
  <references type="phantom" candidates="22" cleared="5" enqueued="5" />
</gc-op>
<gc-end id="8" type="scavenge" contextid="4" durationms="5.690" usertimems="4.000" systemtimems="0.000" timestamp="2019-08-02T20:08:37.769" activeThreads="8">
  <mem-info id="9" free="6530920" total="8388608" percent="77">
    <mem type="nursery" free="468296" total="2097152" percent="22">
      <mem type="allocate" free="468296" total="1048576" percent="44" />
      <mem type="survivor" free="0" total="1048576" percent="0" />
    </mem>
    <mem type="tenure" free="6062624" total="6291456" percent="96">
      <mem type="soa" free="5748256" total="5977088" percent="96" />
      <mem type="loa" free="314368" total="314368" percent="100" />
    </mem>
    <pending-finalizers system="0" default="0" reference="145" classloader="0" />
    <remembered-set count="3161" />
  </mem-info>
</gc-end>
<cycle-end id="10" type="scavenge" contextid="4" timestamp="2019-08-02T20:08:37.769" />
  <attribute name="elasticGC enabled" value="1" />
  <attribute name= "numThreadsSpecified" value="0" />
  <attribute name="heapSize specified" value="0" />
  <attribute name= "numCores" value="8" />
  <attribute name ="GC Interval" value="0" />
  <attribute name ="Control flow" value="2" />
  <attribute name="GC Util Range Max" value="10" />
  <attribute name="Current GC Util" value="0" />
  <attribute name= "Current Time Running" value="0" />
<allocation-satisfied id="11" threadId="00000000018E0A00" bytesRequested="7184" />
<af-end id="12" timestamp="2019-08-02T20:08:37.769" threadId="00000000018E1388" success="true" from="nursery"/>
<exclusive-end id="13" timestamp="2019-08-02T20:08:37.769" durationms="7.093" />

<exclusive-start id="14" timestamp="2019-08-02T20:08:37.793" intervalms="30.394">
  <response-info timems="0.029" idlems="0.029" threads="0" lastid="00000000018E0A00" lastname="main" />
</exclusive-start>
<af-start id="15" threadId="00000000018E1388" totalBytesRequested="7176" timestamp="2019-08-02T20:08:37.793" intervalms="30.070" type="nursery" />
<cycle-start id="16" type="scavenge" contextid="0" timestamp="2019-08-02T20:08:37.793" intervalms="29.882" />
<gc-start id="17" type="scavenge" contextid="16" timestamp="2019-08-02T20:08:37.793">
  <mem-info id="18" free="6054888" total="8388608" percent="72">
    <mem type="nursery" free="0" total="2097152" percent="0">
      <mem type="allocate" free="0" total="1048576" percent="0" />
      <mem type="survivor" free="0" total="1048576" percent="0" />
    </mem>
    <mem type="tenure" free="6054888" total="6291456" percent="96">
      <mem type="soa" free="5740520" total="5977088" percent="96" />
      <mem type="loa" free="314368" total="314368" percent="100" />
    </mem>
    <remembered-set count="3262" />
  </mem-info>
</gc-start>
<allocation-stats totalBytes="473096" >
  <allocated-bytes non-tlh="14920" tlh="458176" />
  <largest-consumer threadName="main" threadId="00000000018E0A00" bytes="461120" />
</allocation-stats>
<gc-op id="19" type="scavenge" timems="0.965" contextid="16" timestamp="2019-08-02T20:08:37.794">
  <scavenger-info tenureage="5" tenuremask="7fe0" tiltratio="50" />
  <memory-copied type="nursery" objects="10929" bytes="506336" bytesdiscarded="145352" />
  <finalization candidates="11" enqueued="0" />
  <references type="soft" candidates="62" cleared="0" enqueued="0" dynamicThreshold="32" maxThreshold="32" />
  <references type="weak" candidates="243" cleared="97" enqueued="94" />
  <references type="phantom" candidates="40" cleared="13" enqueued="13" />
</gc-op>
<gc-end id="20" type="scavenge" contextid="16" durationms="1.125" usertimems="4.000" systemtimems="0.000" timestamp="2019-08-02T20:08:37.794" activeThreads="8">
  <mem-info id="21" free="6450272" total="8388608" percent="76">
    <mem type="nursery" free="395384" total="2097152" percent="18">
      <mem type="allocate" free="395384" total="1048576" percent="37" />
      <mem type="survivor" free="0" total="1048576" percent="0" />
    </mem>
    <mem type="tenure" free="6054888" total="6291456" percent="96">
      <mem type="soa" free="5740520" total="5977088" percent="96" />
      <mem type="loa" free="314368" total="314368" percent="100" />
    </mem>
    <pending-finalizers system="0" default="0" reference="107" classloader="0" />
    <remembered-set count="3262" />
  </mem-info>
</gc-end>
<cycle-end id="22" type="scavenge" contextid="16" timestamp="2019-08-02T20:08:37.794" />
  <attribute name="elasticGC enabled" value="1" />
  <attribute name= "numThreadsSpecified" value="0" />
  <attribute name="heapSize specified" value="0" />
  <attribute name= "numCores" value="8" />
  <attribute name ="GC Interval" value="0" />
  <attribute name ="Control flow" value="2" />
  <attribute name="GC Util Range Max" value="25" />
  <attribute name="Current GC Util" value="25" />
  <attribute name= "Current Time Running" value="29" />
<allocation-satisfied id="23" threadId="00000000018E0A00" bytesRequested="7176" />
<af-end id="24" timestamp="2019-08-02T20:08:37.794" threadId="00000000018E1388" success="true" from="nursery"/>
<exclusive-end id="25" timestamp="2019-08-02T20:08:37.794" durationms="1.540" />

<exclusive-start id="26" timestamp="2019-08-02T20:08:37.806" intervalms="13.710">
  <response-info timems="0.048" idlems="0.048" threads="0" lastid="00000000018E0A00" lastname="main" />
</exclusive-start>
<af-start id="27" threadId="00000000018E1388" totalBytesRequested="20232" timestamp="2019-08-02T20:08:37.807" intervalms="13.747" type="nursery" />
<cycle-start id="28" type="scavenge" contextid="0" timestamp="2019-08-02T20:08:37.807" intervalms="13.792" />
<gc-start id="29" type="scavenge" contextid="28" timestamp="2019-08-02T20:08:37.807">
  <mem-info id="30" free="6052200" total="8388608" percent="72">
    <mem type="nursery" free="0" total="2097152" percent="0">
      <mem type="allocate" free="0" total="1048576" percent="0" />
      <mem type="survivor" free="0" total="1048576" percent="0" />
    </mem>
    <mem type="tenure" free="6052200" total="6291456" percent="96">
      <mem type="soa" free="5737832" total="5977088" percent="95" />
      <mem type="loa" free="314368" total="314368" percent="100" />
    </mem>
    <remembered-set count="3295" />
  </mem-info>
</gc-start>
<allocation-stats totalBytes="379352" >
  <allocated-bytes non-tlh="9864" tlh="369488" />
  <largest-consumer threadName="main" threadId="00000000018E0A00" bytes="371160" />
</allocation-stats>
<gc-op id="31" type="scavenge" timems="1.088" contextid="28" timestamp="2019-08-02T20:08:37.808">
  <scavenger-info tenureage="4" tenuremask="7ff0" tiltratio="50" />
  <memory-copied type="nursery" objects="10955" bytes="541320" bytesdiscarded="76000" />
  <finalization candidates="11" enqueued="0" />
  <references type="soft" candidates="62" cleared="0" enqueued="0" dynamicThreshold="32" maxThreshold="32" />
  <references type="weak" candidates="222" cleared="75" enqueued="75" />
  <references type="phantom" candidates="37" cleared="9" enqueued="9" />
</gc-op>
<gc-end id="32" type="scavenge" contextid="28" durationms="1.308" usertimems="0.000" systemtimems="0.000" timestamp="2019-08-02T20:08:37.808" activeThreads="8">
  <mem-info id="33" free="6481968" total="8388608" percent="77">
    <mem type="nursery" free="429768" total="2097152" percent="20">
      <mem type="allocate" free="429768" total="1048576" percent="40" />
      <mem type="survivor" free="0" total="1048576" percent="0" />
    </mem>
    <mem type="tenure" free="6052200" total="6291456" percent="96">
      <mem type="soa" free="5737832" total="5977088" percent="95" />
      <mem type="loa" free="314368" total="314368" percent="100" />
    </mem>
    <pending-finalizers system="0" default="0" reference="84" classloader="0" />
    <remembered-set count="1025" />
  </mem-info>
</gc-end>
<cycle-end id="34" type="scavenge" contextid="28" timestamp="2019-08-02T20:08:37.808" />
  <attribute name="elasticGC enabled" value="1" />
  <attribute name= "numThreadsSpecified" value="0" />
  <attribute name="heapSize specified" value="0" />
  <attribute name= "numCores" value="8" />
  <attribute name ="GC Interval" value="0" />
  <attribute name ="Control flow" value="2" />
  <attribute name="GC Util Range Max" value="25" />
  <attribute name="Current GC Util" value="14" />
  <attribute name= "Current Time Running" value="43" />
<allocation-satisfied id="35" threadId="00000000018E0A00" bytesRequested="20232" />
<af-end id="36" timestamp="2019-08-02T20:08:37.808" threadId="00000000018E1388" success="true" from="nursery"/>
<exclusive-end id="37" timestamp="2019-08-02T20:08:37.808" durationms="1.848" />

<exclusive-start id="38" timestamp="2019-08-02T20:08:37.947" intervalms="140.898">
  <response-info timems="0.029" idlems="0.029" threads="0" lastid="00000000018E0A00" lastname="main" />
</exclusive-start>
<af-start id="39" threadId="00000000018E1388" totalBytesRequested="64" timestamp="2019-08-02T20:08:37.947" intervalms="140.870" type="nursery" />
<cycle-start id="40" type="scavenge" contextid="0" timestamp="2019-08-02T20:08:37.948" intervalms="140.827" />
<gc-start id="41" type="scavenge" contextid="40" timestamp="2019-08-02T20:08:37.948">
  <mem-info id="42" free="6047800" total="8388608" percent="72">
    <mem type="nursery" free="0" total="2097152" percent="0">
      <mem type="allocate" free="0" total="1048576" percent="0" />
      <mem type="survivor" free="0" total="1048576" percent="0" />
    </mem>
    <mem type="tenure" free="6047800" total="6291456" percent="96">
      <mem type="soa" free="5733432" total="5977088" percent="95" />
      <mem type="loa" free="314368" total="314368" percent="100" />
    </mem>
    <remembered-set count="1099" />
  </mem-info>
</gc-start>
<allocation-stats totalBytes="433736" >
  <allocated-bytes non-tlh="24632" tlh="409104" />
  <largest-consumer threadName="main" threadId="00000000018E0A00" bytes="433736" />
</allocation-stats>
<gc-op id="43" type="scavenge" timems="1.429" contextid="40" timestamp="2019-08-02T20:08:37.949">
  <scavenger-info tenureage="3" tenuremask="fff8" tiltratio="50" />
  <memory-copied type="nursery" objects="710" bytes="109456" bytesdiscarded="57680" />
  <memory-copied type="tenure" objects="10314" bytes="461784" bytesdiscarded="432" />
  <finalization candidates="13" enqueued="0" />
  <references type="soft" candidates="1" cleared="0" enqueued="0" dynamicThreshold="32" maxThreshold="32" />
  <references type="weak" candidates="71" cleared="56" enqueued="56" />
  <references type="phantom" candidates="24" cleared="13" enqueued="13" />
</gc-op>
<gc-end id="44" type="scavenge" contextid="40" durationms="1.655" usertimems="0.000" systemtimems="4.000" timestamp="2019-08-02T20:08:37.949" activeThreads="8">
  <mem-info id="45" free="6376584" total="8388608" percent="76">
    <mem type="nursery" free="881384" total="2097152" percent="42">
      <mem type="allocate" free="881384" total="1048576" percent="84" />
      <mem type="survivor" free="0" total="1048576" percent="0" />
    </mem>
    <mem type="tenure" free="5495200" total="6291456" percent="87">
      <mem type="soa" free="5180832" total="5977088" percent="86" />
      <mem type="loa" free="314368" total="314368" percent="100" />
    </mem>
    <pending-finalizers system="0" default="0" reference="69" classloader="0" />
    <remembered-set count="228" />
  </mem-info>
</gc-end>
<cycle-end id="46" type="scavenge" contextid="40" timestamp="2019-08-02T20:08:37.949" />
  <attribute name="elasticGC enabled" value="1" />
  <attribute name= "numThreadsSpecified" value="0" />
  <attribute name="heapSize specified" value="0" />
  <attribute name= "numCores" value="8" />
  <attribute name ="GC Interval" value="1900" />
  <attribute name ="Control flow" value="2" />
  <attribute name="GC Util Range Max" value="25" />
  <attribute name="Current GC Util" value="1" />
  <attribute name= "Current Time Running" value="184" />
<allocation-satisfied id="47" threadId="00000000018E0A00" bytesRequested="64" />
<af-end id="48" timestamp="2019-08-02T20:08:37.949" threadId="00000000018E1388" success="true" from="nursery"/>
<exclusive-end id="49" timestamp="2019-08-02T20:08:37.950" durationms="2.119" />

<exclusive-start id="50" timestamp="2019-08-02T20:08:38.003" intervalms="55.905">
  <response-info timems="0.040" idlems="0.040" threads="0" lastid="00000000018E0A00" lastname="main" />
</exclusive-start>
<af-start id="51" threadId="00000000018E1388" totalBytesRequested="2544" timestamp="2019-08-02T20:08:38.003" intervalms="55.924" type="nursery" />
<cycle-start id="52" type="scavenge" contextid="0" timestamp="2019-08-02T20:08:38.003" intervalms="55.956" />
<gc-start id="53" type="scavenge" contextid="52" timestamp="2019-08-02T20:08:38.004">
  <mem-info id="54" free="5493096" total="8388608" percent="65">
    <mem type="nursery" free="0" total="2097152" percent="0">
      <mem type="allocate" free="0" total="1048576" percent="0" />
      <mem type="survivor" free="0" total="1048576" percent="0" />
    </mem>
    <mem type="tenure" free="5493096" total="6291456" percent="87">
      <mem type="soa" free="5178728" total="5977088" percent="86" />
      <mem type="loa" free="314368" total="314368" percent="100" />
    </mem>
    <remembered-set count="262" />
  </mem-info>
</gc-start>
<allocation-stats totalBytes="880936" >
  <allocated-bytes non-tlh="328424" tlh="552512" />
  <largest-consumer threadName="main" threadId="00000000018E0A00" bytes="880936" />
</allocation-stats>
<gc-op id="55" type="scavenge" timems="0.902" contextid="52" timestamp="2019-08-02T20:08:38.005">
  <scavenger-info tenureage="3" tenuremask="fff8" tiltratio="50" />
  <memory-copied type="nursery" objects="1508" bytes="594624" bytesdiscarded="180216" />
  <memory-copied type="tenure" objects="309" bytes="15424" bytesdiscarded="0" />
  <finalization candidates="3" enqueued="1" />
  <references type="soft" candidates="11" cleared="0" enqueued="0" dynamicThreshold="32" maxThreshold="32" />
  <references type="weak" candidates="15" cleared="13" enqueued="13" />
  <references type="phantom" candidates="32" cleared="3" enqueued="3" />
</gc-op>
<gc-end id="56" type="scavenge" contextid="52" durationms="1.113" usertimems="0.000" systemtimems="0.000" timestamp="2019-08-02T20:08:38.005" activeThreads="8">
  <mem-info id="57" free="5719128" total="8388608" percent="68">
    <mem type="nursery" free="273648" total="2097152" percent="13">
      <mem type="allocate" free="273648" total="1048576" percent="26" />
      <mem type="survivor" free="0" total="1048576" percent="0" />
    </mem>
    <mem type="tenure" free="5445480" total="6291456" percent="86">
      <mem type="soa" free="5131112" total="5977088" percent="85" />
      <mem type="loa" free="314368" total="314368" percent="100" />
    </mem>
    <pending-finalizers system="1" default="0" reference="16" classloader="0" />
    <remembered-set count="207" />
  </mem-info>
</gc-end>
<cycle-end id="58" type="scavenge" contextid="52" timestamp="2019-08-02T20:08:38.005" />
  <attribute name="elasticGC enabled" value="1" />
  <attribute name= "numThreadsSpecified" value="0" />
  <attribute name="heapSize specified" value="0" />
  <attribute name= "numCores" value="8" />
  <attribute name ="GC Interval" value="1700" />
  <attribute name ="Control flow" value="2" />
  <attribute name="GC Util Range Max" value="25" />
  <attribute name="Current GC Util" value="4" />
  <attribute name= "Current Time Running" value="240" />
<allocation-satisfied id="59" threadId="00000000018E0A00" bytesRequested="2544" />
<af-end id="60" timestamp="2019-08-02T20:08:38.005" threadId="00000000018E1388" success="true" from="nursery"/>
<exclusive-end id="61" timestamp="2019-08-02T20:08:38.005" durationms="1.594" />

<exclusive-start id="62" timestamp="2019-08-02T20:08:38.016" intervalms="12.588">
  <response-info timems="0.034" idlems="0.034" threads="0" lastid="00000000018E0A00" lastname="main" />
</exclusive-start>
<af-start id="63" threadId="00000000018E1388" totalBytesRequested="520" timestamp="2019-08-02T20:08:38.016" intervalms="12.569" type="nursery" />
<cycle-start id="64" type="scavenge" contextid="0" timestamp="2019-08-02T20:08:38.016" intervalms="12.563" />
<gc-start id="65" type="scavenge" contextid="64" timestamp="2019-08-02T20:08:38.016">
  <mem-info id="66" free="5440640" total="8388608" percent="64">
    <mem type="nursery" free="0" total="2097152" percent="0">
      <mem type="allocate" free="0" total="1048576" percent="0" />
      <mem type="survivor" free="0" total="1048576" percent="0" />
    </mem>
    <mem type="tenure" free="5440640" total="6291456" percent="86">
      <mem type="soa" free="5126272" total="5977088" percent="85" />
      <mem type="loa" free="314368" total="314368" percent="100" />
    </mem>
    <remembered-set count="266" />
  </mem-info>
</gc-start>
<allocation-stats totalBytes="277152" >
  <allocated-bytes non-tlh="7384" tlh="269768" />
  <largest-consumer threadName="main" threadId="00000000018E0A00" bytes="273056" />
</allocation-stats>
<gc-op id="67" type="scavenge" timems="0.467" contextid="64" timestamp="2019-08-02T20:08:38.017">
  <scavenger-info tenureage="2" tenuremask="7ffc" tiltratio="50" />
  <memory-copied type="nursery" objects="1375" bytes="525632" bytesdiscarded="112696" />
  <memory-copied type="tenure" objects="228" bytes="58552" bytesdiscarded="0" />
  <finalization candidates="2" enqueued="0" />
  <references type="soft" candidates="10" cleared="0" enqueued="0" dynamicThreshold="32" maxThreshold="32" />
  <references type="weak" candidates="23" cleared="23" enqueued="23" />
  <references type="phantom" candidates="26" cleared="0" enqueued="0" />
</gc-op>
<gc-end id="68" type="scavenge" contextid="64" durationms="0.629" usertimems="0.000" systemtimems="0.000" timestamp="2019-08-02T20:08:38.017" activeThreads="8">
  <mem-info id="69" free="5818048" total="8388608" percent="69">
    <mem type="nursery" free="410200" total="2097152" percent="19">
      <mem type="allocate" free="410200" total="1048576" percent="39" />
      <mem type="survivor" free="0" total="1048576" percent="0" />
    </mem>
    <mem type="tenure" free="5407848" total="6291456" percent="85">
      <mem type="soa" free="5093480" total="5977088" percent="85" />
      <mem type="loa" free="314368" total="314368" percent="100" />
    </mem>
    <pending-finalizers system="0" default="0" reference="23" classloader="0" />
    <remembered-set count="172" />
  </mem-info>
</gc-end>
<cycle-end id="70" type="scavenge" contextid="64" timestamp="2019-08-02T20:08:38.017" />
  <attribute name="elasticGC enabled" value="1" />
  <attribute name= "numThreadsSpecified" value="0" />
  <attribute name="heapSize specified" value="0" />
  <attribute name= "numCores" value="8" />
  <attribute name ="GC Interval" value="1600" />
  <attribute name ="Control flow" value="2" />
  <attribute name="GC Util Range Max" value="25" />
  <attribute name="Current GC Util" value="10" />
  <attribute name= "Current Time Running" value="252" />
<allocation-satisfied id="71" threadId="00000000018E0A00" bytesRequested="520" />
<af-end id="72" timestamp="2019-08-02T20:08:38.017" threadId="00000000018E1388" success="true" from="nursery"/>
<exclusive-end id="73" timestamp="2019-08-02T20:08:38.017" durationms="1.034" />

<exclusive-start id="74" timestamp="2019-08-02T20:08:38.032" intervalms="16.269">
  <response-info timems="0.041" idlems="0.041" threads="0" lastid="00000000018E0A00" lastname="main" />
</exclusive-start>
<af-start id="75" threadId="00000000018E1388" totalBytesRequested="7176" timestamp="2019-08-02T20:08:38.032" intervalms="16.275" type="nursery" />
<cycle-start id="76" type="scavenge" contextid="0" timestamp="2019-08-02T20:08:38.032" intervalms="16.317" />
<gc-start id="77" type="scavenge" contextid="76" timestamp="2019-08-02T20:08:38.032">
  <mem-info id="78" free="5400784" total="8388608" percent="64">
    <mem type="nursery" free="0" total="2097152" percent="0">
      <mem type="allocate" free="0" total="1048576" percent="0" />
      <mem type="survivor" free="0" total="1048576" percent="0" />
    </mem>
    <mem type="tenure" free="5400784" total="6291456" percent="85">
      <mem type="soa" free="5086416" total="5977088" percent="85" />
      <mem type="loa" free="314368" total="314368" percent="100" />
    </mem>
    <remembered-set count="250" />
  </mem-info>
</gc-start>
<allocation-stats totalBytes="379392" >
  <allocated-bytes non-tlh="7584" tlh="371808" />
  <largest-consumer threadName="main" threadId="00000000018E0A00" bytes="379392" />
</allocation-stats>
<gc-op id="79" type="scavenge" timems="0.565" contextid="76" timestamp="2019-08-02T20:08:38.033">
  <scavenger-info tenureage="1" tenuremask="fffe" tiltratio="50" />
  <memory-copied type="nursery" objects="139" bytes="15368" bytesdiscarded="89848" />
  <memory-copied type="tenure" objects="1264" bytes="521504" bytesdiscarded="472" />
  <references type="weak" candidates="9" cleared="8" enqueued="8" />
  <references type="phantom" candidates="1" cleared="0" enqueued="0" />
</gc-op>
<gc-end id="80" type="scavenge" contextid="76" durationms="0.789" usertimems="0.000" systemtimems="0.000" timestamp="2019-08-02T20:08:38.033" activeThreads="8">
  <mem-info id="81" free="5802176" total="8388608" percent="69">
    <mem type="nursery" free="943352" total="2097152" percent="44">
      <mem type="allocate" free="943352" total="1048576" percent="89" />
      <mem type="survivor" free="0" total="1048576" percent="0" />
    </mem>
    <mem type="tenure" free="4858824" total="6291456" percent="77">
      <mem type="soa" free="4544456" total="5977088" percent="76" />
      <mem type="loa" free="314368" total="314368" percent="100" />
    </mem>
    <pending-finalizers system="0" default="0" reference="8" classloader="0" />
    <remembered-set count="218" />
  </mem-info>
</gc-end>
<cycle-end id="82" type="scavenge" contextid="76" timestamp="2019-08-02T20:08:38.033" />
  <attribute name="elasticGC enabled" value="1" />
  <attribute name= "numThreadsSpecified" value="0" />
  <attribute name="heapSize specified" value="0" />
  <attribute name= "numCores" value="8" />
  <attribute name ="GC Interval" value="1600" />
  <attribute name ="Control flow" value="2" />
  <attribute name="GC Util Range Max" value="25" />
  <attribute name="Current GC Util" value="6" />
  <attribute name= "Current Time Running" value="269" />
<allocation-satisfied id="83" threadId="00000000018E0A00" bytesRequested="7176" />
<af-end id="84" timestamp="2019-08-02T20:08:38.033" threadId="00000000018E1388" success="true" from="nursery"/>
<exclusive-end id="85" timestamp="2019-08-02T20:08:38.034" durationms="1.346" />

<exclusive-start id="86" timestamp="2019-08-02T20:08:38.058" intervalms="25.369">
  <response-info timems="0.037" idlems="0.037" threads="0" lastid="00000000018E0A00" lastname="main" />
</exclusive-start>
<af-start id="87" threadId="00000000018E1388" totalBytesRequested="1032" timestamp="2019-08-02T20:08:38.058" intervalms="25.373" type="nursery" />
<cycle-start id="88" type="scavenge" contextid="0" timestamp="2019-08-02T20:08:38.058" intervalms="25.323" />
<gc-start id="89" type="scavenge" contextid="88" timestamp="2019-08-02T20:08:38.058">
  <mem-info id="90" free="4843736" total="8388608" percent="57">
    <mem type="nursery" free="0" total="2097152" percent="0">
      <mem type="allocate" free="0" total="1048576" percent="0" />
      <mem type="survivor" free="0" total="1048576" percent="0" />
    </mem>
    <mem type="tenure" free="4843736" total="6291456" percent="76">
      <mem type="soa" free="4529368" total="5977088" percent="75" />
      <mem type="loa" free="314368" total="314368" percent="100" />
    </mem>
    <remembered-set count="393" />
  </mem-info>
</gc-start>
<allocation-stats totalBytes="937128" >
  <allocated-bytes non-tlh="22264" tlh="914864" />
  <largest-consumer threadName="main" threadId="00000000018E0A00" bytes="937128" />
</allocation-stats>
<gc-op id="91" type="scavenge" timems="0.368" contextid="88" timestamp="2019-08-02T20:08:38.058">
  <scavenger-info tenureage="2" tenuremask="fffc" tiltratio="50" />
  <memory-copied type="nursery" objects="308" bytes="10784" bytesdiscarded="36832" />
  <references type="weak" candidates="8" cleared="7" enqueued="7" />
  <references type="phantom" candidates="1" cleared="0" enqueued="0" />
</gc-op>
<gc-end id="92" type="scavenge" contextid="88" durationms="0.588" usertimems="0.000" systemtimems="0.000" timestamp="2019-08-02T20:08:38.058" activeThreads="8">
  <mem-info id="93" free="5975768" total="8388608" percent="71">
    <mem type="nursery" free="1132032" total="2097152" percent="53">
      <mem type="allocate" free="1132032" total="1179648" percent="95" />
      <mem type="survivor" free="0" total="917504" percent="0" />
    </mem>
    <mem type="tenure" free="4843736" total="6291456" percent="76">
      <mem type="soa" free="4529368" total="5977088" percent="75" />
      <mem type="loa" free="314368" total="314368" percent="100" />
    </mem>
    <pending-finalizers system="0" default="0" reference="7" classloader="0" />
    <remembered-set count="333" />
  </mem-info>
</gc-end>
<cycle-end id="94" type="scavenge" contextid="88" timestamp="2019-08-02T20:08:38.058" />
  <attribute name="elasticGC enabled" value="1" />
  <attribute name= "numThreadsSpecified" value="0" />
  <attribute name="heapSize specified" value="0" />
  <attribute name= "numCores" value="8" />
  <attribute name ="GC Interval" value="1500" />
  <attribute name ="Control flow" value="2" />
  <attribute name="GC Util Range Max" value="25" />
  <attribute name="Current GC Util" value="4" />
  <attribute name= "Current Time Running" value="294" />
<allocation-satisfied id="95" threadId="00000000018E0A00" bytesRequested="1032" />
<af-end id="96" timestamp="2019-08-02T20:08:38.059" threadId="00000000018E1388" success="true" from="nursery"/>
<exclusive-end id="97" timestamp="2019-08-02T20:08:38.059" durationms="1.064" />

<exclusive-start id="98" timestamp="2019-08-02T20:08:38.079" intervalms="21.301">
  <response-info timems="0.036" idlems="0.036" threads="0" lastid="00000000018E0A00" lastname="main" />
</exclusive-start>
<af-start id="99" threadId="00000000018E1388" totalBytesRequested="1944" timestamp="2019-08-02T20:08:38.079" intervalms="21.288" type="nursery" />
<cycle-start id="100" type="scavenge" contextid="0" timestamp="2019-08-02T20:08:38.079" intervalms="21.269" />
<gc-start id="101" type="scavenge" contextid="100" timestamp="2019-08-02T20:08:38.079">
  <mem-info id="102" free="4827560" total="8388608" percent="57">
    <mem type="nursery" free="0" total="2097152" percent="0">
      <mem type="allocate" free="0" total="1179648" percent="0" />
      <mem type="survivor" free="0" total="917504" percent="0" />
    </mem>
    <mem type="tenure" free="4827560" total="6291456" percent="76">
      <mem type="soa" free="4513192" total="5977088" percent="75" />
      <mem type="loa" free="314368" total="314368" percent="100" />
    </mem>
    <remembered-set count="555" />
  </mem-info>
</gc-start>
<allocation-stats totalBytes="1124432" >
  <allocated-bytes non-tlh="17208" tlh="1107224" />
  <largest-consumer threadName="main" threadId="00000000018E0A00" bytes="1124432" />
</allocation-stats>
<gc-op id="103" type="scavenge" timems="0.270" contextid="100" timestamp="2019-08-02T20:08:38.079">
  <scavenger-info tenureage="3" tenuremask="fff8" tiltratio="56" />
  <memory-copied type="nursery" objects="665" bytes="25024" bytesdiscarded="22592" />
  <references type="weak" candidates="4" cleared="4" enqueued="4" />
</gc-op>
<gc-end id="104" type="scavenge" contextid="100" durationms="0.435" usertimems="0.000" systemtimems="0.000" timestamp="2019-08-02T20:08:38.079" activeThreads="8">
  <mem-info id="105" free="6156200" total="8388608" percent="73">
    <mem type="nursery" free="1328640" total="2097152" percent="63">
      <mem type="allocate" free="1328640" total="1376256" percent="96" />
      <mem type="survivor" free="0" total="720896" percent="0" />
    </mem>
    <mem type="tenure" free="4827560" total="6291456" percent="76">
      <mem type="soa" free="4513192" total="5977088" percent="75" />
      <mem type="loa" free="314368" total="314368" percent="100" />
    </mem>
    <pending-finalizers system="0" default="0" reference="4" classloader="0" />
    <remembered-set count="501" />
  </mem-info>
</gc-end>
<cycle-end id="106" type="scavenge" contextid="100" timestamp="2019-08-02T20:08:38.080" />
  <attribute name="elasticGC enabled" value="1" />
  <attribute name= "numThreadsSpecified" value="0" />
  <attribute name="heapSize specified" value="0" />
  <attribute name= "numCores" value="8" />
  <attribute name ="GC Interval" value="1300" />
  <attribute name ="Control flow" value="2" />
  <attribute name="GC Util Range Max" value="25" />
  <attribute name="Current GC Util" value="3" />
  <attribute name= "Current Time Running" value="315" />
<allocation-satisfied id="107" threadId="00000000018E0A00" bytesRequested="1944" />
<af-end id="108" timestamp="2019-08-02T20:08:38.080" threadId="00000000018E1388" success="true" from="nursery"/>
<exclusive-end id="109" timestamp="2019-08-02T20:08:38.080" durationms="0.825" />

<exclusive-start id="110" timestamp="2019-08-02T20:08:38.110" intervalms="30.890">
  <response-info timems="0.029" idlems="0.029" threads="0" lastid="00000000018E0A00" lastname="main" />
</exclusive-start>
<af-start id="111" threadId="00000000018E1388" totalBytesRequested="9088" timestamp="2019-08-02T20:08:38.110" intervalms="30.887" type="nursery" />
<cycle-start id="112" type="scavenge" contextid="0" timestamp="2019-08-02T20:08:38.110" intervalms="30.887" />
<gc-start id="113" type="scavenge" contextid="112" timestamp="2019-08-02T20:08:38.110">
  <mem-info id="114" free="4807400" total="8388608" percent="57">
    <mem type="nursery" free="0" total="2097152" percent="0">
      <mem type="allocate" free="0" total="1376256" percent="0" />
      <mem type="survivor" free="0" total="720896" percent="0" />
    </mem>
    <mem type="tenure" free="4807400" total="6291456" percent="76">
      <mem type="soa" free="4493032" total="5977088" percent="75" />
      <mem type="loa" free="314368" total="314368" percent="100" />
    </mem>
    <remembered-set count="736" />
  </mem-info>
</gc-start>
<allocation-stats totalBytes="1320152" >
  <allocated-bytes non-tlh="22104" tlh="1298048" />
  <largest-consumer threadName="main" threadId="00000000018E0A00" bytes="1320152" />
</allocation-stats>
<gc-op id="115" type="scavenge" timems="0.425" contextid="112" timestamp="2019-08-02T20:08:38.110">
  <scavenger-info tenureage="3" tenuremask="fff8" tiltratio="65" />
  <memory-copied type="nursery" objects="1162" bytes="49104" bytesdiscarded="22296" />
  <memory-copied type="tenure" objects="83" bytes="2016" bytesdiscarded="0" />
  <finalization candidates="1" enqueued="0" />
  <references type="soft" candidates="1" cleared="0" enqueued="0" dynamicThreshold="32" maxThreshold="32" />
  <references type="weak" candidates="8" cleared="7" enqueued="7" />
  <references type="phantom" candidates="3" cleared="1" enqueued="1" />
</gc-op>
<gc-end id="116" type="scavenge" contextid="112" durationms="0.594" usertimems="0.000" systemtimems="0.000" timestamp="2019-08-02T20:08:38.110" activeThreads="8">
  <mem-info id="117" free="6243304" total="8388608" percent="74">
    <mem type="nursery" free="1435904" total="2097152" percent="68">
      <mem type="allocate" free="1435904" total="1507328" percent="95" />
      <mem type="survivor" free="0" total="589824" percent="0" />
    </mem>
    <mem type="tenure" free="4807400" total="6291456" percent="76">
      <mem type="soa" free="4493032" total="5977088" percent="75" />
      <mem type="loa" free="314368" total="314368" percent="100" />
    </mem>
    <pending-finalizers system="0" default="0" reference="8" classloader="0" />
    <remembered-set count="582" />
  </mem-info>
</gc-end>
<cycle-end id="118" type="scavenge" contextid="112" timestamp="2019-08-02T20:08:38.111" />
  <attribute name="elasticGC enabled" value="1" />
  <attribute name= "numThreadsSpecified" value="0" />
  <attribute name="heapSize specified" value="0" />
  <attribute name= "numCores" value="8" />
  <attribute name ="GC Interval" value="1100" />
  <attribute name ="Control flow" value="2" />
  <attribute name="GC Util Range Max" value="25" />
  <attribute name="Current GC Util" value="2" />
  <attribute name= "Current Time Running" value="346" />
<allocation-satisfied id="119" threadId="00000000018E0A00" bytesRequested="9088" />
<af-end id="120" timestamp="2019-08-02T20:08:38.111" threadId="00000000018E1388" success="true" from="nursery"/>
<exclusive-end id="121" timestamp="2019-08-02T20:08:38.111" durationms="0.972" />

<exclusive-start id="122" timestamp="2019-08-02T20:08:38.148" intervalms="38.223">
  <response-info timems="0.032" idlems="0.032" threads="0" lastid="00000000018E0A00" lastname="main" />
</exclusive-start>
<af-start id="123" threadId="00000000018E1388" totalBytesRequested="3920" timestamp="2019-08-02T20:08:38.148" intervalms="38.276" type="nursery" />
<cycle-start id="124" type="scavenge" contextid="0" timestamp="2019-08-02T20:08:38.149" intervalms="38.762" />
<gc-start id="125" type="scavenge" contextid="124" timestamp="2019-08-02T20:08:38.149">
  <mem-info id="126" free="4773864" total="8388608" percent="56">
    <mem type="nursery" free="0" total="2097152" percent="0">
      <mem type="allocate" free="0" total="1507328" percent="0" />
      <mem type="survivor" free="0" total="589824" percent="0" />
    </mem>
    <mem type="tenure" free="4773864" total="6291456" percent="75">
      <mem type="soa" free="4459496" total="5977088" percent="74" />
      <mem type="loa" free="314368" total="314368" percent="100" />
    </mem>
    <remembered-set count="926" />
  </mem-info>
</gc-start>
<allocation-stats totalBytes="1464136" >
  <allocated-bytes non-tlh="108168" tlh="1355968" />
  <largest-consumer threadName="main" threadId="00000000018E0A00" bytes="1460040" />
</allocation-stats>
<gc-op id="127" type="scavenge" timems="0.588" contextid="124" timestamp="2019-08-02T20:08:38.149">
  <scavenger-info tenureage="3" tenuremask="ffe8" tiltratio="71" />
  <memory-copied type="nursery" objects="1375" bytes="134776" bytesdiscarded="10280" />
  <memory-copied type="tenure" objects="158" bytes="4120" bytesdiscarded="0" />
  <finalization candidates="1" enqueued="0" />
  <references type="soft" candidates="1" cleared="0" enqueued="0" dynamicThreshold="32" maxThreshold="32" />
  <references type="weak" candidates="13" cleared="12" enqueued="12" />
  <references type="phantom" candidates="3" cleared="0" enqueued="0" />
</gc-op>
<gc-end id="128" type="scavenge" contextid="124" durationms="0.872" usertimems="0.000" systemtimems="4.000" timestamp="2019-08-02T20:08:38.150" activeThreads="8">
  <mem-info id="129" free="6177752" total="8388608" percent="73">
    <mem type="nursery" free="1427696" total="2097152" percent="68">
      <mem type="allocate" free="1427696" total="1572864" percent="90" />
      <mem type="survivor" free="0" total="524288" percent="0" />
    </mem>
    <mem type="tenure" free="4750056" total="6291456" percent="75">
      <mem type="soa" free="4435688" total="5977088" percent="74" />
      <mem type="loa" free="314368" total="314368" percent="100" />
    </mem>
    <pending-finalizers system="0" default="0" reference="12" classloader="0" />
    <remembered-set count="695" />
  </mem-info>
</gc-end>
<cycle-end id="130" type="scavenge" contextid="124" timestamp="2019-08-02T20:08:38.150" />
  <attribute name="elasticGC enabled" value="1" />
  <attribute name= "numThreadsSpecified" value="0" />
  <attribute name="heapSize specified" value="0" />
  <attribute name= "numCores" value="8" />
  <attribute name ="GC Interval" value="900" />
  <attribute name ="Control flow" value="2" />
  <attribute name="GC Util Range Max" value="25" />
  <attribute name="Current GC Util" value="2" />
  <attribute name= "Current Time Running" value="385" />
<allocation-satisfied id="131" threadId="00000000018E0A00" bytesRequested="3920" />
<af-end id="132" timestamp="2019-08-02T20:08:38.150" threadId="00000000018E1388" success="true" from="nursery"/>
<exclusive-end id="133" timestamp="2019-08-02T20:08:38.150" durationms="1.891" />

<exclusive-start id="134" timestamp="2019-08-02T20:08:38.175" intervalms="27.357">
  <response-info timems="0.090" idlems="0.055" threads="1" lastid="00000000018E4600" lastname="JIT Compilation Thread-0" />
</exclusive-start>
<af-start id="135" threadId="00000000018E1388" totalBytesRequested="4920" timestamp="2019-08-02T20:08:38.175" intervalms="27.317" type="nursery" />
<cycle-start id="136" type="scavenge" contextid="0" timestamp="2019-08-02T20:08:38.175" intervalms="26.833" />
<gc-start id="137" type="scavenge" contextid="136" timestamp="2019-08-02T20:08:38.176">
  <mem-info id="138" free="4729192" total="8388608" percent="56">
    <mem type="nursery" free="0" total="2097152" percent="0">
      <mem type="allocate" free="0" total="1572864" percent="0" />
      <mem type="survivor" free="0" total="524288" percent="0" />
    </mem>
    <mem type="tenure" free="4729192" total="6291456" percent="75">
      <mem type="soa" free="4414824" total="5977088" percent="73" />
      <mem type="loa" free="314368" total="314368" percent="100" />
    </mem>
    <remembered-set count="969" />
  </mem-info>
</gc-start>
<allocation-stats totalBytes="1403440" >
  <allocated-bytes non-tlh="128784" tlh="1274656" />
  <largest-consumer threadName="main" threadId="00000000018E0A00" bytes="1403440" />
</allocation-stats>
<gc-op id="139" type="scavenge" timems="0.594" contextid="136" timestamp="2019-08-02T20:08:38.176">
  <scavenger-info tenureage="3" tenuremask="ffe8" tiltratio="75" />
  <memory-copied type="nursery" objects="1282" bytes="129896" bytesdiscarded="32824" />
  <memory-copied type="tenure" objects="384" bytes="16968" bytesdiscarded="0" />
  <finalization candidates="1" enqueued="0" />
  <references type="soft" candidates="3" cleared="0" enqueued="0" dynamicThreshold="32" maxThreshold="32" />
  <references type="weak" candidates="11" cleared="10" enqueued="10" />
  <references type="phantom" candidates="3" cleared="0" enqueued="0" />
</gc-op>
<gc-end id="140" type="scavenge" contextid="136" durationms="0.769" usertimems="0.000" systemtimems="0.000" timestamp="2019-08-02T20:08:38.176" activeThreads="8">
  <mem-info id="141" free="6180952" total="8388608" percent="73">
    <mem type="nursery" free="1475568" total="2097152" percent="70">
      <mem type="allocate" free="1475568" total="1638400" percent="90" />
      <mem type="survivor" free="0" total="458752" percent="0" />
    </mem>
    <mem type="tenure" free="4705384" total="6291456" percent="74">
      <mem type="soa" free="4391016" total="5977088" percent="73" />
      <mem type="loa" free="314368" total="314368" percent="100" />
    </mem>
    <pending-finalizers system="0" default="0" reference="10" classloader="0" />
    <remembered-set count="783" />
  </mem-info>
</gc-end>
<cycle-end id="142" type="scavenge" contextid="136" timestamp="2019-08-02T20:08:38.176" />
  <attribute name="elasticGC enabled" value="1" />
  <attribute name= "numThreadsSpecified" value="0" />
  <attribute name="heapSize specified" value="0" />
  <attribute name= "numCores" value="8" />
  <attribute name ="GC Interval" value="700" />
  <attribute name ="Control flow" value="2" />
  <attribute name="GC Util Range Max" value="25" />
  <attribute name="Current GC Util" value="3" />
  <attribute name= "Current Time Running" value="412" />
<allocation-satisfied id="143" threadId="00000000018E0A00" bytesRequested="4920" />
<af-end id="144" timestamp="2019-08-02T20:08:38.176" threadId="00000000018E1388" success="true" from="nursery"/>
<exclusive-end id="145" timestamp="2019-08-02T20:08:38.176" durationms="1.168" />

<exclusive-start id="146" timestamp="2019-08-02T20:08:38.233" intervalms="58.152">
  <response-info timems="0.040" idlems="0.040" threads="0" lastid="00000000018E0A00" lastname="main" />
</exclusive-start>
<af-start id="147" threadId="00000000018E1388" totalBytesRequested="1560" timestamp="2019-08-02T20:08:38.234" intervalms="58.195" type="nursery" />
<cycle-start id="148" type="scavenge" contextid="0" timestamp="2019-08-02T20:08:38.234" intervalms="58.239" />
<gc-start id="149" type="scavenge" contextid="148" timestamp="2019-08-02T20:08:38.234">
  <mem-info id="150" free="4685696" total="8388608" percent="55">
    <mem type="nursery" free="0" total="2097152" percent="0">
      <mem type="allocate" free="0" total="1638400" percent="0" />
      <mem type="survivor" free="0" total="458752" percent="0" />
    </mem>
    <mem type="tenure" free="4685696" total="6291456" percent="74">
      <mem type="soa" free="4371328" total="5977088" percent="73" />
      <mem type="loa" free="314368" total="314368" percent="100" />
    </mem>
    <remembered-set count="1118" />
  </mem-info>
</gc-start>
<allocation-stats totalBytes="1485752" >
  <allocated-bytes non-tlh="90152" tlh="1395600" />
  <largest-consumer threadName="main" threadId="00000000018E0A00" bytes="1485752" />
</allocation-stats>
<gc-op id="151" type="scavenge" timems="0.885" contextid="148" timestamp="2019-08-02T20:08:38.235">
  <scavenger-info tenureage="3" tenuremask="ffe8" tiltratio="78" />
  <memory-copied type="nursery" objects="3432" bytes="299480" bytesdiscarded="21832" />
  <memory-copied type="tenure" objects="526" bytes="17016" bytesdiscarded="0" />
  <finalization candidates="2" enqueued="0" />
  <references type="soft" candidates="45" cleared="0" enqueued="0" dynamicThreshold="32" maxThreshold="32" />
  <references type="weak" candidates="3" cleared="2" enqueued="2" />
  <references type="phantom" candidates="2" cleared="0" enqueued="0" />
</gc-op>
<gc-end id="152" type="scavenge" contextid="148" durationms="1.179" usertimems="0.000" systemtimems="0.000" timestamp="2019-08-02T20:08:38.235" activeThreads="8">
  <mem-info id="153" free="5937008" total="8388608" percent="70">
    <mem type="nursery" free="1251312" total="2097152" percent="59">
      <mem type="allocate" free="1251312" total="1572864" percent="79" />
      <mem type="survivor" free="0" total="524288" percent="0" />
    </mem>
    <mem type="tenure" free="4685696" total="6291456" percent="74">
      <mem type="soa" free="4371328" total="5977088" percent="73" />
      <mem type="loa" free="314368" total="314368" percent="100" />
    </mem>
    <pending-finalizers system="0" default="0" reference="2" classloader="0" />
    <remembered-set count="757" />
  </mem-info>
</gc-end>
<cycle-end id="154" type="scavenge" contextid="148" timestamp="2019-08-02T20:08:38.235" />
  <attribute name="elasticGC enabled" value="1" />
  <attribute name= "numThreadsSpecified" value="0" />
  <attribute name="heapSize specified" value="0" />
  <attribute name= "numCores" value="8" />
  <attribute name ="GC Interval" value="500" />
  <attribute name ="Control flow" value="2" />
  <attribute name="GC Util Range Max" value="25" />
  <attribute name="Current GC Util" value="1" />
  <attribute name= "Current Time Running" value="470" />
<allocation-satisfied id="155" threadId="00000000018E0A00" bytesRequested="1560" />
<af-end id="156" timestamp="2019-08-02T20:08:38.235" threadId="00000000018E1388" success="true" from="nursery"/>
<exclusive-end id="157" timestamp="2019-08-02T20:08:38.235" durationms="1.795" />

<exclusive-start id="158" timestamp="2019-08-02T20:08:38.284" intervalms="50.996">
  <response-info timems="0.049" idlems="0.049" threads="0" lastid="00000000018E0A00" lastname="main" />
</exclusive-start>
<af-start id="159" threadId="00000000018E1388" totalBytesRequested="2008" timestamp="2019-08-02T20:08:38.285" intervalms="50.999" type="nursery" />
<cycle-start id="160" type="scavenge" contextid="0" timestamp="2019-08-02T20:08:38.285" intervalms="50.999" />
<gc-start id="161" type="scavenge" contextid="160" timestamp="2019-08-02T20:08:38.285">
  <mem-info id="162" free="4683088" total="8388608" percent="55">
    <mem type="nursery" free="0" total="2097152" percent="0">
      <mem type="allocate" free="0" total="1572864" percent="0" />
      <mem type="survivor" free="0" total="524288" percent="0" />
    </mem>
    <mem type="tenure" free="4683088" total="6291456" percent="74">
      <mem type="soa" free="4368720" total="5977088" percent="73" />
      <mem type="loa" free="314368" total="314368" percent="100" />
    </mem>
    <remembered-set count="806" />
  </mem-info>
</gc-start>
<allocation-stats totalBytes="1246920" >
  <allocated-bytes non-tlh="4168" tlh="1242752" />
  <largest-consumer threadName="main" threadId="00000000018E0A00" bytes="1246920" />
</allocation-stats>
<gc-op id="163" type="scavenge" timems="1.072" contextid="160" timestamp="2019-08-02T20:08:38.286">
  <scavenger-info tenureage="3" tenuremask="ffe8" tiltratio="75" />
  <memory-copied type="nursery" objects="6572" bytes="369568" bytesdiscarded="52880" />
  <memory-copied type="tenure" objects="395" bytes="94392" bytesdiscarded="40" />
  <finalization candidates="1" enqueued="0" />
  <references type="soft" candidates="54" cleared="0" enqueued="0" dynamicThreshold="32" maxThreshold="32" />
  <references type="weak" candidates="2" cleared="1" enqueued="1" />
  <references type="phantom" candidates="1" cleared="0" enqueued="0" />
</gc-op>
<gc-end id="164" type="scavenge" contextid="160" durationms="1.341" usertimems="0.000" systemtimems="0.000" timestamp="2019-08-02T20:08:38.286" activeThreads="8">
  <mem-info id="165" free="5680960" total="8388608" percent="67">
    <mem type="nursery" free="1150200" total="2097152" percent="54">
      <mem type="allocate" free="1150200" total="1572864" percent="73" />
      <mem type="survivor" free="0" total="524288" percent="0" />
    </mem>
    <mem type="tenure" free="4530760" total="6291456" percent="72">
      <mem type="soa" free="4216392" total="5977088" percent="70" />
      <mem type="loa" free="314368" total="314368" percent="100" />
    </mem>
    <pending-finalizers system="0" default="0" reference="1" classloader="0" />
    <remembered-set count="524" />
  </mem-info>
</gc-end>
<cycle-end id="166" type="scavenge" contextid="160" timestamp="2019-08-02T20:08:38.286" />
  <attribute name="elasticGC enabled" value="1" />
  <attribute name= "numThreadsSpecified" value="0" />
  <attribute name="heapSize specified" value="0" />
  <attribute name= "numCores" value="8" />
  <attribute name ="GC Interval" value="300" />
  <attribute name ="Control flow" value="2" />
  <attribute name="GC Util Range Max" value="25" />
  <attribute name="Current GC Util" value="2" />
  <attribute name= "Current Time Running" value="521" />
<allocation-satisfied id="167" threadId="00000000018E0A00" bytesRequested="2008" />
<af-end id="168" timestamp="2019-08-02T20:08:38.286" threadId="00000000018E1388" success="true" from="nursery"/>
<exclusive-end id="169" timestamp="2019-08-02T20:08:38.286" durationms="1.914" />

<exclusive-start id="170" timestamp="2019-08-02T20:08:38.313" intervalms="28.447">
  <response-info timems="0.073" idlems="0.073" threads="0" lastid="00000000018E0A00" lastname="main" />
</exclusive-start>
<sys-start reason="explicit" id="171" timestamp="2019-08-02T20:08:38.313" intervalms="738.831" />
<cycle-start id="172" type="global" contextid="0" timestamp="2019-08-02T20:08:38.313" intervalms="739.165" />
<gc-start id="173" type="global" contextid="172" timestamp="2019-08-02T20:08:38.313">
  <mem-info id="174" free="4864040" total="8388608" percent="57">
    <mem type="nursery" free="337184" total="2097152" percent="16">
      <mem type="allocate" free="337184" total="1572864" percent="21" />
      <mem type="survivor" free="0" total="524288" percent="0" />
    </mem>
    <mem type="tenure" free="4526856" total="6291456" percent="71">
      <mem type="soa" free="4212488" total="5977088" percent="70" />
      <mem type="loa" free="314368" total="314368" percent="100" />
    </mem>
    <remembered-set count="609" />
  </mem-info>
</gc-start>
<allocation-stats totalBytes="815848" >
  <allocated-bytes non-tlh="5912" tlh="809936" />
  <largest-consumer threadName="main" threadId="00000000018E0A00" bytes="795320" />
</allocation-stats>
<gc-op id="175" type="mark" timems="1.871" contextid="172" timestamp="2019-08-02T20:08:38.316">
  <trace-info objectcount="29455" scancount="23845" scanbytes="871216" />
  <finalization candidates="15" enqueued="0" />
  <references type="soft" candidates="133" cleared="0" enqueued="0" dynamicThreshold="32" maxThreshold="32" />
  <references type="weak" candidates="165" cleared="29" enqueued="21" />
  <references type="phantom" candidates="60" cleared="2" enqueued="2" />
  <stringconstants candidates="3535" cleared="22"  />
</gc-op>
<gc-op id="176" type="classunload" timems="0.037" contextid="172" timestamp="2019-08-02T20:08:38.316">
  <classunload-info classloadercandidates="19" classloadersunloaded="0" classesunloaded="0" anonymousclassesunloaded="0" quiescems="0.000" setupms="0.037" scanms="0.000" postms="0.000" />
</gc-op>
<gc-op id="177" type="sweep" timems="0.436" contextid="172" timestamp="2019-08-02T20:08:38.316" />
<gc-end id="178" type="global" contextid="172" durationms="3.335" usertimems="0.000" systemtimems="4.000" timestamp="2019-08-02T20:08:38.317" activeThreads="8">
  <mem-info id="179" free="5829280" total="8388608" percent="69">
    <mem type="nursery" free="1084936" total="2097152" percent="51">
      <mem type="allocate" free="1084936" total="1572864" percent="68" />
      <mem type="survivor" free="0" total="524288" percent="0" />
    </mem>
    <mem type="tenure" free="4744344" total="6291456" percent="75" micro-fragmented="257" macro-fragmented="0">
      <mem type="soa" free="4429976" total="5977088" percent="74" />
      <mem type="loa" free="314368" total="314368" percent="100" />
    </mem>
    <pending-finalizers system="0" default="0" reference="23" classloader="0" />
    <remembered-set count="504" />
  </mem-info>
</gc-end>
<cycle-end id="180" type="global" contextid="172" timestamp="2019-08-02T20:08:38.317" />
  <attribute name="elasticGC enabled" value="1" />
  <attribute name= "numThreadsSpecified" value="0" />
  <attribute name="heapSize specified" value="0" />
  <attribute name= "numCores" value="8" />
  <attribute name ="GC Interval" value="300" />
  <attribute name ="Control flow" value="2" />
  <attribute name="GC Util Range Max" value="25" />
  <attribute name="Current GC Util" value="69" />
  <attribute name= "Current Time Running" value="552" />
<sys-end id="181" timestamp="2019-08-02T20:08:38.317" />
<exclusive-end id="182" timestamp="2019-08-02T20:08:38.317" durationms="4.036" />

<exclusive-start id="183" timestamp="2019-08-02T20:08:38.342" intervalms="29.240">
  <response-info timems="0.130" idlems="0.067" threads="1" lastid="0000000001C2B700" lastname="Thread-8" />
</exclusive-start>
<af-start id="184" threadId="0000000001C1D088" totalBytesRequested="48" timestamp="2019-08-02T20:08:38.342" intervalms="57.660" type="nursery" />
<cycle-start id="185" type="scavenge" contextid="0" timestamp="2019-08-02T20:08:38.342" intervalms="57.631" />
<gc-start id="186" type="scavenge" contextid="185" timestamp="2019-08-02T20:08:38.342">
  <mem-info id="187" free="4734264" total="8388608" percent="56">
    <mem type="nursery" free="0" total="2097152" percent="0">
      <mem type="allocate" free="0" total="1572864" percent="0" />
      <mem type="survivor" free="0" total="524288" percent="0" />
    </mem>
    <mem type="tenure" free="4734264" total="6291456" percent="75">
      <mem type="soa" free="4419896" total="5977088" percent="73" />
      <mem type="loa" free="314368" total="314368" percent="100" />
    </mem>
    <remembered-set count="620" />
  </mem-info>
</gc-start>
<allocation-stats totalBytes="1064896" >
  <allocated-bytes non-tlh="524648" tlh="540248" />
  <largest-consumer threadName="Thread-3" threadId="0000000001C18B00" bytes="629984" />
</allocation-stats>
<gc-op id="188" type="scavenge" timems="0.894" contextid="185" timestamp="2019-08-02T20:08:38.343">
  <scavenger-info tenureage="3" tenuremask="ffe8" tiltratio="75" />
  <memory-copied type="nursery" objects="5486" bytes="440616" bytesdiscarded="83184" />
  <memory-copied type="tenure" objects="3068" bytes="134784" bytesdiscarded="264" />
  <copy-failed type="nursery" objects="2838" bytes="126352" />
  <finalization candidates="1" enqueued="0" />
  <references type="soft" candidates="63" cleared="0" enqueued="0" dynamicThreshold="24" maxThreshold="32" />
  <references type="weak" candidates="20" cleared="5" enqueued="5" />
  <references type="phantom" candidates="12" cleared="0" enqueued="0" />
</gc-op>
<gc-end id="189" type="scavenge" contextid="185" durationms="1.119" usertimems="4.000" systemtimems="0.000" timestamp="2019-08-02T20:08:38.343" activeThreads="8">
  <mem-info id="190" free="5182216" total="8388608" percent="61">
    <mem type="nursery" free="655360" total="2097152" percent="31">
      <mem type="allocate" free="655360" total="1179648" percent="55" />
      <mem type="survivor" free="0" total="917504" percent="0" />
    </mem>
    <mem type="tenure" free="4526856" total="6291456" percent="71">
      <mem type="soa" free="4212488" total="5977088" percent="70" />
      <mem type="loa" free="314368" total="314368" percent="100" />
    </mem>
    <pending-finalizers system="0" default="0" reference="5" classloader="0" />
    <remembered-set count="1017" />
  </mem-info>
</gc-end>
<cycle-end id="191" type="scavenge" contextid="185" timestamp="2019-08-02T20:08:38.344" />
  <attribute name="elasticGC enabled" value="1" />
  <attribute name= "numThreadsSpecified" value="0" />
  <attribute name="heapSize specified" value="0" />
  <attribute name= "numCores" value="8" />
  <attribute name ="GC Interval" value="400" />
  <attribute name ="Control flow" value="2" />
  <attribute name="GC Util Range Max" value="25" />
  <attribute name="Current GC Util" value="11" />
  <attribute name= "Current Time Running" value="578" />
<allocation-satisfied id="192" threadId="0000000001C1C700" bytesRequested="48" />
<af-end id="193" timestamp="2019-08-02T20:08:38.344" threadId="0000000001C1D088" success="true" from="nursery"/>
<exclusive-end id="194" timestamp="2019-08-02T20:08:38.344" durationms="1.624" />

<exclusive-start id="195" timestamp="2019-08-02T20:08:38.350" intervalms="8.273">
  <response-info timems="0.034" idlems="0.034" threads="0" lastid="0000000001C18B00" lastname="Thread-3" />
</exclusive-start>
<af-start id="196" threadId="0000000001C19488" totalBytesRequested="23344" timestamp="2019-08-02T20:08:38.350" intervalms="8.259" type="nursery" />
<cycle-start id="197" type="scavenge" contextid="0" timestamp="2019-08-02T20:08:38.351" intervalms="8.262" />
<gc-start id="198" type="scavenge" contextid="197" timestamp="2019-08-02T20:08:38.351">
  <mem-info id="199" free="4526576" total="8388608" percent="53">
    <mem type="nursery" free="0" total="2097152" percent="0">
      <mem type="allocate" free="0" total="1179648" percent="0" />
      <mem type="survivor" free="0" total="917504" percent="0" />
    </mem>
    <mem type="tenure" free="4526576" total="6291456" percent="71">
      <mem type="soa" free="4212208" total="5977088" percent="70" />
      <mem type="loa" free="314368" total="314368" percent="100" />
    </mem>
    <remembered-set count="1023" />
  </mem-info>
</gc-start>
<allocation-stats totalBytes="601992" >
  <allocated-bytes non-tlh="65896" tlh="536096" />
  <largest-consumer threadName="Thread-3" threadId="0000000001C18B00" bytes="273760" />
</allocation-stats>
<gc-op id="200" type="scavenge" timems="3.489" contextid="197" timestamp="2019-08-02T20:08:38.354">
  <scavenger-info tenureage="5" tenuremask="ffe0" tiltratio="56" />
  <memory-copied type="nursery" objects="5649" bytes="589536" bytesdiscarded="37680" />
  <finalization candidates="3" enqueued="1" />
  <references type="soft" candidates="65" cleared="0" enqueued="0" dynamicThreshold="24" maxThreshold="32" />
  <references type="weak" candidates="25" cleared="0" enqueued="0" />
  <references type="phantom" candidates="18" cleared="0" enqueued="0" />
</gc-op>
<heap-resize id="201" type="expand" space="nursery" amount="393216" count="1" timems="0.081" reason="excessive time being spent scavenging" timestamp="2019-08-02T20:08:38.354" />
<gc-end id="202" type="scavenge" contextid="197" durationms="3.834" usertimems="0.000" systemtimems="4.000" timestamp="2019-08-02T20:08:38.354" activeThreads="8">
  <mem-info id="203" free="5471720" total="8781824" percent="62">
    <mem type="nursery" free="945144" total="2490368" percent="37">
      <mem type="allocate" free="945144" total="1572864" percent="60" />
      <mem type="survivor" free="0" total="917504" percent="0" />
    </mem>
    <mem type="tenure" free="4526576" total="6291456" percent="71">
      <mem type="soa" free="4212208" total="5977088" percent="70" />
      <mem type="loa" free="314368" total="314368" percent="100" />
    </mem>
    <pending-finalizers system="1" default="0" reference="0" classloader="0" />
    <remembered-set count="985" />
  </mem-info>
</gc-end>
<cycle-end id="204" type="scavenge" contextid="197" timestamp="2019-08-02T20:08:38.355" />
  <attribute name="elasticGC enabled" value="1" />
  <attribute name= "numThreadsSpecified" value="0" />
  <attribute name="heapSize specified" value="0" />
  <attribute name= "numCores" value="8" />
  <attribute name ="GC Interval" value="400" />
  <attribute name ="Control flow" value="2" />
  <attribute name="GC Util Range Max" value="25" />
  <attribute name="Current GC Util" value="25" />
  <attribute name= "Current Time Running" value="587" />
<allocation-satisfied id="205" threadId="0000000001C18B00" bytesRequested="23344" />
<af-end id="206" timestamp="2019-08-02T20:08:38.355" threadId="0000000001C19488" success="true" from="nursery"/>
<exclusive-end id="207" timestamp="2019-08-02T20:08:38.355" durationms="4.329" />

<exclusive-start id="208" timestamp="2019-08-02T20:08:38.364" intervalms="13.308">
  <response-info timems="0.035" idlems="0.035" threads="0" lastid="0000000001C1C700" lastname="Thread-4" />
</exclusive-start>
<af-start id="209" threadId="0000000001C1D088" totalBytesRequested="32776" timestamp="2019-08-02T20:08:38.364" intervalms="13.328" type="nursery" />
<cycle-start id="210" type="scavenge" contextid="0" timestamp="2019-08-02T20:08:38.364" intervalms="13.352" />
<gc-start id="211" type="scavenge" contextid="210" timestamp="2019-08-02T20:08:38.364">
  <mem-info id="212" free="4527016" total="8781824" percent="51">
    <mem type="nursery" free="3000" total="2490368" percent="0">
      <mem type="allocate" free="3000" total="1572864" percent="0" />
      <mem type="survivor" free="0" total="917504" percent="0" />
    </mem>
    <mem type="tenure" free="4524016" total="6291456" percent="71">
      <mem type="soa" free="4209648" total="5977088" percent="70" />
      <mem type="loa" free="314368" total="314368" percent="100" />
    </mem>
    <remembered-set count="1015" />
  </mem-info>
</gc-start>
<allocation-stats totalBytes="889976" >
  <allocated-bytes non-tlh="460288" tlh="429688" />
  <largest-consumer threadName="Thread-3" threadId="0000000001C18B00" bytes="186928" />
</allocation-stats>
<gc-op id="213" type="scavenge" timems="0.714" contextid="210" timestamp="2019-08-02T20:08:38.365">
  <scavenger-info tenureage="2" tenuremask="fffc" tiltratio="63" />
  <memory-copied type="nursery" objects="452" bytes="633528" bytesdiscarded="29960" />
  <memory-copied type="tenure" objects="5438" bytes="438688" bytesdiscarded="144" />
  <finalization candidates="2" enqueued="0" />
  <references type="soft" candidates="4" cleared="0" enqueued="0" dynamicThreshold="24" maxThreshold="32" />
  <references type="weak" candidates="8" cleared="0" enqueued="0" />
  <references type="phantom" candidates="4" cleared="0" enqueued="0" />
</gc-op>
<gc-end id="214" type="scavenge" contextid="210" durationms="0.891" usertimems="0.000" systemtimems="0.000" timestamp="2019-08-02T20:08:38.365" activeThreads="8">
  <mem-info id="215" free="4966312" total="8781824" percent="56">
    <mem type="nursery" free="1040376" total="2490368" percent="41">
      <mem type="allocate" free="1040376" total="1703936" percent="61" />
      <mem type="survivor" free="0" total="786432" percent="0" />
    </mem>
    <mem type="tenure" free="3925936" total="6291456" percent="62">
      <mem type="soa" free="3611568" total="5977088" percent="60" />
      <mem type="loa" free="314368" total="314368" percent="100" />
    </mem>
    <remembered-set count="165" />
  </mem-info>
</gc-end>
<cycle-end id="216" type="scavenge" contextid="210" timestamp="2019-08-02T20:08:38.365" />
  <attribute name="elasticGC enabled" value="1" />
  <attribute name= "numThreadsSpecified" value="0" />
  <attribute name="heapSize specified" value="0" />
  <attribute name= "numCores" value="8" />
  <attribute name ="GC Interval" value="500" />
  <attribute name ="Control flow" value="2" />
  <attribute name="GC Util Range Max" value="25" />
  <attribute name="Current GC Util" value="31" />
  <attribute name= "Current Time Running" value="600" />
<allocation-satisfied id="217" threadId="0000000001C1C700" bytesRequested="32776" />
<af-end id="218" timestamp="2019-08-02T20:08:38.365" threadId="0000000001C1D088" success="true" from="nursery"/>
<exclusive-end id="219" timestamp="2019-08-02T20:08:38.365" durationms="1.365" />

<exclusive-start id="220" timestamp="2019-08-02T20:08:38.389" intervalms="25.106">
  <response-info timems="0.220" idlems="0.194" threads="1" lastid="0000000001C20300" lastname="Thread-5" />
</exclusive-start>
<af-start id="221" threadId="0000000001C2C088" totalBytesRequested="16392" timestamp="2019-08-02T20:08:38.389" intervalms="25.178" type="nursery" />
<cycle-start id="222" type="scavenge" contextid="0" timestamp="2019-08-02T20:08:38.389" intervalms="25.233" />
<gc-start id="223" type="scavenge" contextid="222" timestamp="2019-08-02T20:08:38.389">
  <mem-info id="224" free="3906824" total="8781824" percent="44">
    <mem type="nursery" free="0" total="2490368" percent="0">
      <mem type="allocate" free="0" total="1703936" percent="0" />
      <mem type="survivor" free="0" total="786432" percent="0" />
    </mem>
    <mem type="tenure" free="3906824" total="6291456" percent="62">
      <mem type="soa" free="3592456" total="5977088" percent="60" />
      <mem type="loa" free="314368" total="314368" percent="100" />
    </mem>
    <remembered-set count="504" />
  </mem-info>
</gc-start>
<allocation-stats totalBytes="1047152" >
  <allocated-bytes non-tlh="182992" tlh="864160" />
  <largest-consumer threadName="Thread-5" threadId="0000000001C20300" bytes="547376" />
</allocation-stats>
<gc-op id="225" type="scavenge" timems="0.769" contextid="222" timestamp="2019-08-02T20:08:38.390">
  <scavenger-info tenureage="4" tenuremask="fff0" tiltratio="68" />
  <memory-copied type="nursery" objects="1014" bytes="771184" bytesdiscarded="15064" />
  <memory-copied type="tenure" objects="821" bytes="284280" bytesdiscarded="448" />
  <copy-failed type="nursery" objects="821" bytes="284280" />
  <finalization candidates="10" enqueued="0" />
  <references type="soft" candidates="5" cleared="0" enqueued="0" dynamicThreshold="24" maxThreshold="32" />
  <references type="weak" candidates="78" cleared="9" enqueued="8" />
  <references type="phantom" candidates="9" cleared="0" enqueued="0" />
</gc-op>
<gc-end id="226" type="scavenge" contextid="222" durationms="1.149" usertimems="0.000" systemtimems="0.000" timestamp="2019-08-02T20:08:38.390" activeThreads="8">
  <mem-info id="227" free="4139216" total="8781824" percent="47">
    <mem type="nursery" free="458752" total="2490368" percent="18">
      <mem type="allocate" free="458752" total="1245184" percent="36" />
      <mem type="survivor" free="0" total="1245184" percent="0" />
    </mem>
    <mem type="tenure" free="3680464" total="6291456" percent="58">
      <mem type="soa" free="3366096" total="5977088" percent="56" />
      <mem type="loa" free="314368" total="314368" percent="100" />
    </mem>
    <pending-finalizers system="0" default="0" reference="8" classloader="0" />
    <remembered-set count="804" />
  </mem-info>
</gc-end>
<cycle-end id="228" type="scavenge" contextid="222" timestamp="2019-08-02T20:08:38.391" />
  <attribute name="elasticGC enabled" value="1" />
  <attribute name= "numThreadsSpecified" value="0" />
  <attribute name="heapSize specified" value="0" />
  <attribute name= "numCores" value="8" />
  <attribute name ="GC Interval" value="600" />
  <attribute name ="Control flow" value="2" />
  <attribute name="GC Util Range Max" value="25" />
  <attribute name="Current GC Util" value="6" />
  <attribute name= "Current Time Running" value="626" />
<allocation-satisfied id="229" threadId="0000000001C2B700" bytesRequested="16392" />
<af-end id="230" timestamp="2019-08-02T20:08:38.391" threadId="0000000001C2C088" success="true" from="nursery"/>
<exclusive-end id="231" timestamp="2019-08-02T20:08:38.391" durationms="1.938" />

<exclusive-start id="232" timestamp="2019-08-02T20:08:38.398" intervalms="8.816">
  <response-info timems="0.040" idlems="0.018" threads="2" lastid="0000000001C2B700" lastname="Thread-8" />
</exclusive-start>
<af-start id="233" threadId="0000000001C1D088" totalBytesRequested="24" timestamp="2019-08-02T20:08:38.398" intervalms="8.745" type="nursery" />
<cycle-start id="234" type="scavenge" contextid="0" timestamp="2019-08-02T20:08:38.398" intervalms="8.683" />
<gc-start id="235" type="scavenge" contextid="234" timestamp="2019-08-02T20:08:38.398">
  <mem-info id="236" free="3679576" total="8781824" percent="41">
    <mem type="nursery" free="0" total="2490368" percent="0">
      <mem type="allocate" free="0" total="1245184" percent="0" />
      <mem type="survivor" free="0" total="1245184" percent="0" />
    </mem>
    <mem type="tenure" free="3679576" total="6291456" percent="58">
      <mem type="soa" free="3365208" total="5977088" percent="56" />
      <mem type="loa" free="314368" total="314368" percent="100" />
    </mem>
    <remembered-set count="827" />
  </mem-info>
</gc-start>
<allocation-stats totalBytes="459312" >
  <allocated-bytes non-tlh="82840" tlh="376472" />
  <largest-consumer threadName="Thread-8" threadId="0000000001C2B700" bytes="180016" />
</allocation-stats>
<gc-op id="237" type="scavenge" timems="0.602" contextid="234" timestamp="2019-08-02T20:08:38.399">
  <scavenger-info tenureage="2" tenuremask="fffc" tiltratio="50" />
  <memory-copied type="nursery" objects="2482" bytes="431224" bytesdiscarded="65888" />
  <memory-copied type="tenure" objects="434" bytes="501824" bytesdiscarded="888" />
  <finalization candidates="10" enqueued="0" />
  <references type="soft" candidates="5" cleared="0" enqueued="0" dynamicThreshold="24" maxThreshold="32" />
  <references type="weak" candidates="80" cleared="6" enqueued="6" />
  <references type="phantom" candidates="8" cleared="0" enqueued="0" />
</gc-op>
<gc-end id="238" type="scavenge" contextid="234" durationms="0.972" usertimems="4.000" systemtimems="0.000" timestamp="2019-08-02T20:08:38.399" activeThreads="8">
  <mem-info id="239" free="3830328" total="8781824" percent="43">
    <mem type="nursery" free="747944" total="2490368" percent="30">
      <mem type="allocate" free="747944" total="1245184" percent="60" />
      <mem type="survivor" free="0" total="1245184" percent="0" />
    </mem>
    <mem type="tenure" free="3082384" total="6291456" percent="48">
      <mem type="soa" free="2768016" total="5977088" percent="46" />
      <mem type="loa" free="314368" total="314368" percent="100" />
    </mem>
    <pending-finalizers system="0" default="0" reference="6" classloader="0" />
    <remembered-set count="778" />
  </mem-info>
</gc-end>
<cycle-end id="240" type="scavenge" contextid="234" timestamp="2019-08-02T20:08:38.399" />
  <attribute name="elasticGC enabled" value="1" />
  <attribute name= "numThreadsSpecified" value="0" />
  <attribute name="heapSize specified" value="0" />
  <attribute name= "numCores" value="8" />
  <attribute name ="GC Interval" value="600" />
  <attribute name ="Control flow" value="2" />
  <attribute name="GC Util Range Max" value="25" />
  <attribute name="Current GC Util" value="17" />
  <attribute name= "Current Time Running" value="634" />
<allocation-satisfied id="241" threadId="0000000001C1C700" bytesRequested="24" />
<af-end id="242" timestamp="2019-08-02T20:08:38.399" threadId="0000000001C1D088" success="true" from="nursery"/>
<exclusive-end id="243" timestamp="2019-08-02T20:08:38.399" durationms="1.532" />

<exclusive-start id="244" timestamp="2019-08-02T20:08:38.412" intervalms="14.033">
  <response-info timems="0.300" idlems="0.300" threads="0" lastid="0000000001C1C700" lastname="Thread-4" />
</exclusive-start>
<af-start id="245" threadId="0000000001C1D088" totalBytesRequested="8200" timestamp="2019-08-02T20:08:38.412" intervalms="14.114" type="nursery" />
<cycle-start id="246" type="scavenge" contextid="0" timestamp="2019-08-02T20:08:38.412" intervalms="14.179" />
<gc-start id="247" type="scavenge" contextid="246" timestamp="2019-08-02T20:08:38.412">
  <mem-info id="248" free="3081320" total="8781824" percent="35">
    <mem type="nursery" free="0" total="2490368" percent="0">
      <mem type="allocate" free="0" total="1245184" percent="0" />
      <mem type="survivor" free="0" total="1245184" percent="0" />
    </mem>
    <mem type="tenure" free="3081320" total="6291456" percent="48">
      <mem type="soa" free="2766952" total="5977088" percent="46" />
      <mem type="loa" free="314368" total="314368" percent="100" />
    </mem>
    <remembered-set count="797" />
  </mem-info>
</gc-start>
<allocation-stats totalBytes="734864" >
  <allocated-bytes non-tlh="91248" tlh="643616" />
  <largest-consumer threadName="Thread-7" threadId="0000000001C27B00" bytes="201608" />
</allocation-stats>
<gc-op id="249" type="scavenge" timems="0.703" contextid="246" timestamp="2019-08-02T20:08:38.413">
  <scavenger-info tenureage="2" tenuremask="fffc" tiltratio="50" />
  <memory-copied type="nursery" objects="4883" bytes="279200" bytesdiscarded="139128" />
  <memory-copied type="tenure" objects="557" bytes="268184" bytesdiscarded="472" />
  <finalization candidates="9" enqueued="0" />
  <references type="soft" candidates="5" cleared="0" enqueued="0" dynamicThreshold="24" maxThreshold="32" />
  <references type="weak" candidates="7" cleared="1" enqueued="1" />
  <references type="phantom" candidates="4" cleared="0" enqueued="0" />
</gc-op>
<gc-end id="250" type="scavenge" contextid="246" durationms="1.076" usertimems="4.000" systemtimems="0.000" timestamp="2019-08-02T20:08:38.413" activeThreads="8">
  <mem-info id="251" free="3594496" total="8781824" percent="40">
    <mem type="nursery" free="826840" total="2490368" percent="33">
      <mem type="allocate" free="826840" total="1245184" percent="66" />
      <mem type="survivor" free="0" total="1245184" percent="0" />
    </mem>
    <mem type="tenure" free="2767656" total="6291456" percent="43">
      <mem type="soa" free="2453288" total="5977088" percent="41" />
      <mem type="loa" free="314368" total="314368" percent="100" />
    </mem>
    <pending-finalizers system="0" default="0" reference="1" classloader="0" />
    <remembered-set count="165" />
  </mem-info>
</gc-end>
<cycle-end id="252" type="scavenge" contextid="246" timestamp="2019-08-02T20:08:38.413" />
  <attribute name="elasticGC enabled" value="1" />
  <attribute name= "numThreadsSpecified" value="0" />
  <attribute name="heapSize specified" value="0" />
  <attribute name= "numCores" value="8" />
  <attribute name ="GC Interval" value="600" />
  <attribute name ="Control flow" value="2" />
  <attribute name="GC Util Range Max" value="25" />
  <attribute name="Current GC Util" value="10" />
  <attribute name= "Current Time Running" value="648" />
<allocation-satisfied id="253" threadId="0000000001C1C700" bytesRequested="8200" />
<af-end id="254" timestamp="2019-08-02T20:08:38.414" threadId="0000000001C1D088" success="true" from="nursery"/>
<exclusive-end id="255" timestamp="2019-08-02T20:08:38.414" durationms="1.905" />

<exclusive-start id="256" timestamp="2019-08-02T20:08:38.431" intervalms="19.280">
  <response-info timems="0.032" idlems="0.032" threads="0" lastid="0000000001C23F00" lastname="Thread-6" />
</exclusive-start>
<af-start id="257" threadId="0000000001C24888" totalBytesRequested="2040" timestamp="2019-08-02T20:08:38.431" intervalms="19.214" type="nursery" />
<cycle-start id="258" type="scavenge" contextid="0" timestamp="2019-08-02T20:08:38.431" intervalms="19.150" />
<gc-start id="259" type="scavenge" contextid="258" timestamp="2019-08-02T20:08:38.431">
  <mem-info id="260" free="2761504" total="8781824" percent="31">
    <mem type="nursery" free="0" total="2490368" percent="0">
      <mem type="allocate" free="0" total="1245184" percent="0" />
      <mem type="survivor" free="0" total="1245184" percent="0" />
    </mem>
    <mem type="tenure" free="2761504" total="6291456" percent="43">
      <mem type="soa" free="2447136" total="5977088" percent="40" />
      <mem type="loa" free="314368" total="314368" percent="100" />
    </mem>
    <remembered-set count="256" />
  </mem-info>
</gc-start>
<allocation-stats totalBytes="809352" >
  <allocated-bytes non-tlh="14352" tlh="795000" />
  <largest-consumer threadName="Thread-6" threadId="0000000001C23F00" bytes="429648" />
</allocation-stats>
<gc-op id="261" type="scavenge" timems="0.576" contextid="258" timestamp="2019-08-02T20:08:38.432">
  <scavenger-info tenureage="2" tenuremask="fffc" tiltratio="50" />
  <memory-copied type="nursery" objects="6971" bytes="389760" bytesdiscarded="155056" />
  <memory-copied type="tenure" objects="1015" bytes="72664" bytesdiscarded="16" />
  <references type="soft" candidates="1" cleared="0" enqueued="0" dynamicThreshold="24" maxThreshold="32" />
  <references type="weak" candidates="7" cleared="1" enqueued="1" />
  <references type="phantom" candidates="3" cleared="0" enqueued="0" />
</gc-op>
<gc-end id="262" type="scavenge" contextid="258" durationms="0.839" usertimems="0.000" systemtimems="4.000" timestamp="2019-08-02T20:08:38.432" activeThreads="8">
  <mem-info id="263" free="3381432" total="8781824" percent="38">
    <mem type="nursery" free="700320" total="2490368" percent="28">
      <mem type="allocate" free="700320" total="1245184" percent="56" />
      <mem type="survivor" free="0" total="1245184" percent="0" />
    </mem>
    <mem type="tenure" free="2681112" total="6291456" percent="42">
      <mem type="soa" free="2366744" total="5977088" percent="39" />
      <mem type="loa" free="314368" total="314368" percent="100" />
    </mem>
    <pending-finalizers system="0" default="0" reference="1" classloader="0" />
    <remembered-set count="223" />
  </mem-info>
</gc-end>
<cycle-end id="264" type="scavenge" contextid="258" timestamp="2019-08-02T20:08:38.432" />
  <attribute name="elasticGC enabled" value="1" />
  <attribute name= "numThreadsSpecified" value="0" />
  <attribute name="heapSize specified" value="0" />
  <attribute name= "numCores" value="8" />
  <attribute name ="GC Interval" value="600" />
  <attribute name ="Control flow" value="2" />
  <attribute name="GC Util Range Max" value="25" />
  <attribute name="Current GC Util" value="7" />
  <attribute name= "Current Time Running" value="668" />
<allocation-satisfied id="265" threadId="0000000001C23F00" bytesRequested="2040" />
<af-end id="266" timestamp="2019-08-02T20:08:38.432" threadId="0000000001C24888" success="true" from="nursery"/>
<exclusive-end id="267" timestamp="2019-08-02T20:08:38.433" durationms="1.573" />

<exclusive-start id="268" timestamp="2019-08-02T20:08:38.448" intervalms="16.993">
  <response-info timems="0.030" idlems="0.030" threads="0" lastid="0000000001C27B00" lastname="Thread-7" />
</exclusive-start>
<af-start id="269" threadId="0000000001C28488" totalBytesRequested="2056" timestamp="2019-08-02T20:08:38.448" intervalms="16.958" type="nursery" />
<cycle-start id="270" type="scavenge" contextid="0" timestamp="2019-08-02T20:08:38.448" intervalms="16.959" />
<gc-start id="271" type="scavenge" contextid="270" timestamp="2019-08-02T20:08:38.448">
  <mem-info id="272" free="2676856" total="8781824" percent="30">
    <mem type="nursery" free="0" total="2490368" percent="0">
      <mem type="allocate" free="0" total="1245184" percent="0" />
      <mem type="survivor" free="0" total="1245184" percent="0" />
    </mem>
    <mem type="tenure" free="2676856" total="6291456" percent="42">
      <mem type="soa" free="2362488" total="5977088" percent="39" />
      <mem type="loa" free="314368" total="314368" percent="100" />
    </mem>
    <remembered-set count="296" />
  </mem-info>
</gc-start>
<allocation-stats totalBytes="688472" >
  <allocated-bytes non-tlh="22696" tlh="665776" />
  <largest-consumer threadName="Thread-6" threadId="0000000001C23F00" bytes="173288" />
</allocation-stats>
<gc-op id="273" type="scavenge" timems="0.687" contextid="270" timestamp="2019-08-02T20:08:38.449">
  <scavenger-info tenureage="1" tenuremask="7ffe" tiltratio="50" />
  <memory-copied type="nursery" objects="2388" bytes="365472" bytesdiscarded="111184" />
  <memory-copied type="tenure" objects="6932" bytes="384104" bytesdiscarded="592" />
  <references type="weak" candidates="5" cleared="0" enqueued="0" />
</gc-op>
<gc-end id="274" type="scavenge" contextid="270" durationms="0.887" usertimems="4.000" systemtimems="0.000" timestamp="2019-08-02T20:08:38.449" activeThreads="8">
  <mem-info id="275" free="3245584" total="8781824" percent="36">
    <mem type="nursery" free="965088" total="2490368" percent="38">
      <mem type="allocate" free="965088" total="1441792" percent="66" />
      <mem type="survivor" free="0" total="1048576" percent="0" />
    </mem>
    <mem type="tenure" free="2280496" total="6291456" percent="36">
      <mem type="soa" free="1966128" total="5977088" percent="32" />
      <mem type="loa" free="314368" total="314368" percent="100" />
    </mem>
    <remembered-set count="281" />
  </mem-info>
</gc-end>
<cycle-end id="276" type="scavenge" contextid="270" timestamp="2019-08-02T20:08:38.449" />
  <attribute name="elasticGC enabled" value="1" />
  <attribute name= "numThreadsSpecified" value="0" />
  <attribute name="heapSize specified" value="0" />
  <attribute name= "numCores" value="8" />
  <attribute name ="GC Interval" value="600" />
  <attribute name ="Control flow" value="2" />
  <attribute name="GC Util Range Max" value="25" />
  <attribute name="Current GC Util" value="8" />
  <attribute name= "Current Time Running" value="684" />
<allocation-satisfied id="277" threadId="0000000001C27B00" bytesRequested="2056" />
<af-end id="278" timestamp="2019-08-02T20:08:38.449" threadId="0000000001C28488" success="true" from="nursery"/>
<exclusive-end id="279" timestamp="2019-08-02T20:08:38.449" durationms="1.431" />

<exclusive-start id="280" timestamp="2019-08-02T20:08:38.488" intervalms="40.369">
  <response-info timems="0.093" idlems="0.093" threads="0" lastid="0000000001C2B700" lastname="Thread-8" />
</exclusive-start>
<af-start id="281" threadId="0000000001C2C088" totalBytesRequested="16" timestamp="2019-08-02T20:08:38.488" intervalms="40.366" type="nursery" />
<cycle-start id="282" type="scavenge" contextid="0" timestamp="2019-08-02T20:08:38.488" intervalms="40.337" />
<gc-start id="283" type="scavenge" contextid="282" timestamp="2019-08-02T20:08:38.489">
  <mem-info id="284" free="2270224" total="8781824" percent="25">
    <mem type="nursery" free="0" total="2490368" percent="0">
      <mem type="allocate" free="0" total="1441792" percent="0" />
      <mem type="survivor" free="0" total="1048576" percent="0" />
    </mem>
    <mem type="tenure" free="2270224" total="6291456" percent="36">
      <mem type="soa" free="1955856" total="5977088" percent="32" />
      <mem type="loa" free="314368" total="314368" percent="100" />
    </mem>
    <remembered-set count="603" />
  </mem-info>
</gc-start>
<allocation-stats totalBytes="968424" >
  <allocated-bytes non-tlh="53480" tlh="914944" />
  <largest-consumer threadName="Thread-5" threadId="0000000001C20300" bytes="202784" />
</allocation-stats>
<gc-op id="285" type="scavenge" timems="0.660" contextid="282" timestamp="2019-08-02T20:08:38.489">
  <scavenger-info tenureage="1" tenuremask="7ffe" tiltratio="57" />
  <memory-copied type="nursery" objects="1826" bytes="295312" bytesdiscarded="190720" />
  <memory-copied type="tenure" objects="2264" bytes="346104" bytesdiscarded="2760" />
  <references type="soft" candidates="4" cleared="0" enqueued="0" dynamicThreshold="24" maxThreshold="32" />
  <references type="weak" candidates="33" cleared="11" enqueued="8" />
</gc-op>
<gc-end id="286" type="scavenge" contextid="282" durationms="0.892" usertimems="4.000" systemtimems="0.000" timestamp="2019-08-02T20:08:38.489" activeThreads="8">
  <mem-info id="287" free="2985240" total="8781824" percent="33">
    <mem type="nursery" free="1086776" total="2490368" percent="43">
      <mem type="allocate" free="1086776" total="1572864" percent="69" />
      <mem type="survivor" free="0" total="917504" percent="0" />
    </mem>
    <mem type="tenure" free="1898464" total="6291456" percent="30">
      <mem type="soa" free="1584096" total="5977088" percent="26" />
      <mem type="loa" free="314368" total="314368" percent="100" />
    </mem>
    <pending-finalizers system="0" default="0" reference="8" classloader="0" />
    <remembered-set count="548" />
  </mem-info>
</gc-end>
<cycle-end id="288" type="scavenge" contextid="282" timestamp="2019-08-02T20:08:38.490" />
  <attribute name="elasticGC enabled" value="1" />
  <attribute name= "numThreadsSpecified" value="0" />
  <attribute name="heapSize specified" value="0" />
  <attribute name= "numCores" value="8" />
  <attribute name ="GC Interval" value="500" />
  <attribute name ="Control flow" value="2" />
  <attribute name="GC Util Range Max" value="25" />
  <attribute name="Current GC Util" value="4" />
  <attribute name= "Current Time Running" value="725" />
<allocation-satisfied id="289" threadId="0000000001C2B700" bytesRequested="16" />
<af-end id="290" timestamp="2019-08-02T20:08:38.490" threadId="0000000001C2C088" success="true" from="nursery"/>
<exclusive-end id="291" timestamp="2019-08-02T20:08:38.490" durationms="1.409" />

<exclusive-start id="292" timestamp="2019-08-02T20:08:38.564" intervalms="76.116">
  <response-info timems="0.039" idlems="0.039" threads="0" lastid="0000000001C27B00" lastname="Thread-7" />
</exclusive-start>
<af-start id="293" threadId="0000000001C28488" totalBytesRequested="824" timestamp="2019-08-02T20:08:38.565" intervalms="76.204" type="nursery" />
<cycle-start id="294" type="scavenge" contextid="0" timestamp="2019-08-02T20:08:38.565" intervalms="76.210" />
<gc-start id="295" type="scavenge" contextid="294" timestamp="2019-08-02T20:08:38.565">
  <mem-info id="296" free="1897976" total="8781824" percent="21">
    <mem type="nursery" free="0" total="2490368" percent="0">
      <mem type="allocate" free="0" total="1572864" percent="0" />
      <mem type="survivor" free="0" total="917504" percent="0" />
    </mem>
    <mem type="tenure" free="1897976" total="6291456" percent="30">
      <mem type="soa" free="1583608" total="5977088" percent="26" />
      <mem type="loa" free="314368" total="314368" percent="100" />
    </mem>
    <remembered-set count="640" />
  </mem-info>
</gc-start>
<allocation-stats totalBytes="1054528" >
  <allocated-bytes non-tlh="66056" tlh="988472" />
  <largest-consumer threadName="Thread-7" threadId="0000000001C27B00" bytes="366120" />
</allocation-stats>
<gc-op id="297" type="scavenge" timems="0.689" contextid="294" timestamp="2019-08-02T20:08:38.566">
  <scavenger-info tenureage="1" tenuremask="7ffe" tiltratio="63" />
  <memory-copied type="nursery" objects="651" bytes="231048" bytesdiscarded="272016" />
  <memory-copied type="tenure" objects="1690" bytes="288624" bytesdiscarded="536" />
  <references type="phantom" candidates="1" cleared="0" enqueued="0" />
</gc-op>
<gc-end id="298" type="scavenge" contextid="294" durationms="0.896" usertimems="0.000" systemtimems="0.000" timestamp="2019-08-02T20:08:38.566" activeThreads="8">
  <mem-info id="299" free="2643472" total="8781824" percent="30">
    <mem type="nursery" free="1135312" total="2490368" percent="45">
      <mem type="allocate" free="1135312" total="1638400" percent="69" />
      <mem type="survivor" free="0" total="851968" percent="0" />
    </mem>
    <mem type="tenure" free="1508160" total="6291456" percent="23">
      <mem type="soa" free="1193792" total="5977088" percent="19" />
      <mem type="loa" free="314368" total="314368" percent="100" />
    </mem>
    <remembered-set count="375" />
  </mem-info>
</gc-end>
<cycle-end id="300" type="scavenge" contextid="294" timestamp="2019-08-02T20:08:38.566" />
  <attribute name="elasticGC enabled" value="1" />
  <attribute name= "numThreadsSpecified" value="0" />
  <attribute name="heapSize specified" value="0" />
  <attribute name= "numCores" value="8" />
  <attribute name ="GC Interval" value="300" />
  <attribute name ="Control flow" value="2" />
  <attribute name="GC Util Range Max" value="25" />
  <attribute name="Current GC Util" value="2" />
  <attribute name= "Current Time Running" value="801" />
<allocation-satisfied id="301" threadId="0000000001C27B00" bytesRequested="824" />
<af-end id="302" timestamp="2019-08-02T20:08:38.566" threadId="0000000001C28488" success="true" from="nursery"/>
<exclusive-end id="303" timestamp="2019-08-02T20:08:38.566" durationms="1.456" />

<exclusive-start id="304" timestamp="2019-08-02T20:08:38.592" intervalms="27.134">
  <response-info timems="0.119" idlems="0.119" threads="0" lastid="0000000001C23F00" lastname="Thread-6" />
</exclusive-start>
<af-start id="305" threadId="0000000001C24888" totalBytesRequested="2008" timestamp="2019-08-02T20:08:38.592" intervalms="27.046" type="nursery" />
<cycle-start id="306" type="scavenge" contextid="0" timestamp="2019-08-02T20:08:38.592" intervalms="27.047" />
<gc-start id="307" type="scavenge" contextid="306" timestamp="2019-08-02T20:08:38.592">
  <mem-info id="308" free="1507904" total="8781824" percent="17">
    <mem type="nursery" free="0" total="2490368" percent="0">
      <mem type="allocate" free="0" total="1638400" percent="0" />
      <mem type="survivor" free="0" total="851968" percent="0" />
    </mem>
    <mem type="tenure" free="1507904" total="6291456" percent="23">
      <mem type="soa" free="1193536" total="5977088" percent="19" />
      <mem type="loa" free="314368" total="314368" percent="100" />
    </mem>
    <remembered-set count="523" />
  </mem-info>
</gc-start>
<allocation-stats totalBytes="1069048" >
  <allocated-bytes non-tlh="148584" tlh="920464" />
  <largest-consumer threadName="Thread-3" threadId="0000000001C18B00" bytes="400704" />
</allocation-stats>
<gc-op id="309" type="scavenge" timems="1.511" contextid="306" timestamp="2019-08-02T20:08:38.593">
  <scavenger-info tenureage="1" tenuremask="7ffe" tiltratio="65" />
  <memory-copied type="nursery" objects="1607" bytes="572776" bytesdiscarded="279120" />
  <memory-copied type="tenure" objects="604" bytes="229104" bytesdiscarded="120" />
  <references type="weak" candidates="2" cleared="1" enqueued="1" />
  <references type="phantom" candidates="1" cleared="0" enqueued="0" />
</gc-op>
<gc-end id="310" type="scavenge" contextid="306" durationms="1.786" usertimems="4.000" systemtimems="0.000" timestamp="2019-08-02T20:08:38.594" activeThreads="8">
  <mem-info id="311" free="1865776" total="8781824" percent="21">
    <mem type="nursery" free="655360" total="2490368" percent="26">
      <mem type="allocate" free="655360" total="1507328" percent="43" />
      <mem type="survivor" free="0" total="983040" percent="0" />
    </mem>
    <mem type="tenure" free="1210416" total="6291456" percent="19">
      <mem type="soa" free="896048" total="5977088" percent="14" />
      <mem type="loa" free="314368" total="314368" percent="100" />
    </mem>
    <pending-finalizers system="0" default="0" reference="1" classloader="0" />
    <remembered-set count="217" />
  </mem-info>
</gc-end>
<cycle-end id="312" type="scavenge" contextid="306" timestamp="2019-08-02T20:08:38.594" />
  <attribute name="elasticGC enabled" value="1" />
  <attribute name= "numThreadsSpecified" value="0" />
  <attribute name="heapSize specified" value="0" />
  <attribute name= "numCores" value="8" />
  <attribute name ="GC Interval" value="200" />
  <attribute name ="Control flow" value="2" />
  <attribute name="GC Util Range Max" value="25" />
  <attribute name="Current GC Util" value="7" />
  <attribute name= "Current Time Running" value="828" />
<allocation-satisfied id="313" threadId="0000000001C23F00" bytesRequested="2008" />
<af-end id="314" timestamp="2019-08-02T20:08:38.594" threadId="0000000001C24888" success="true" from="nursery"/>
<exclusive-end id="315" timestamp="2019-08-02T20:08:38.594" durationms="2.279" />

<exclusive-start id="316" timestamp="2019-08-02T20:08:38.597" intervalms="5.538">
  <response-info timems="0.083" idlems="0.083" threads="0" lastid="0000000001C2B700" lastname="Thread-8" />
</exclusive-start>
<af-start id="317" threadId="0000000001C2C088" totalBytesRequested="32776" timestamp="2019-08-02T20:08:38.597" intervalms="5.535" type="nursery" />
<cycle-start id="318" type="scavenge" contextid="0" timestamp="2019-08-02T20:08:38.597" intervalms="5.537" />
<gc-start id="319" type="scavenge" contextid="318" timestamp="2019-08-02T20:08:38.597">
  <mem-info id="320" free="1216560" total="8781824" percent="13">
    <mem type="nursery" free="6144" total="2490368" percent="0">
      <mem type="allocate" free="6144" total="1507328" percent="0" />
      <mem type="survivor" free="0" total="983040" percent="0" />
    </mem>
    <mem type="tenure" free="1210416" total="6291456" percent="19">
      <mem type="soa" free="896048" total="5977088" percent="14" />
      <mem type="loa" free="314368" total="314368" percent="100" />
    </mem>
    <remembered-set count="266" />
  </mem-info>
</gc-start>
<allocation-stats totalBytes="596736" >
  <allocated-bytes non-tlh="133120" tlh="463616" />
  <largest-consumer threadName="Thread-8" threadId="0000000001C2B700" bytes="255264" />
</allocation-stats>
<gc-op id="321" type="scavenge" timems="0.501" contextid="318" timestamp="2019-08-02T20:08:38.598">
  <scavenger-info tenureage="1" tenuremask="7ffe" tiltratio="60" />
  <memory-copied type="nursery" objects="239" bytes="281096" bytesdiscarded="189232" />
  <memory-copied type="tenure" objects="1084" bytes="353104" bytesdiscarded="752" />
</gc-op>
<gc-end id="322" type="scavenge" contextid="318" durationms="0.734" usertimems="0.000" systemtimems="0.000" timestamp="2019-08-02T20:08:38.598" activeThreads="8">
  <mem-info id="323" free="1899872" total="8781824" percent="21">
    <mem type="nursery" free="1102504" total="2490368" percent="44">
      <mem type="allocate" free="1102504" total="1572864" percent="70" />
      <mem type="survivor" free="0" total="917504" percent="0" />
    </mem>
    <mem type="tenure" free="797368" total="6291456" percent="12">
      <mem type="soa" free="483000" total="5977088" percent="8" />
      <mem type="loa" free="314368" total="314368" percent="100" />
    </mem>
    <remembered-set count="177" />
  </mem-info>
</gc-end>
<cycle-end id="324" type="scavenge" contextid="318" timestamp="2019-08-02T20:08:38.598" />
  <attribute name="elasticGC enabled" value="1" />
  <attribute name= "numThreadsSpecified" value="0" />
  <attribute name="heapSize specified" value="0" />
  <attribute name= "numCores" value="8" />
  <attribute name ="GC Interval" value="300" />
  <attribute name ="Control flow" value="2" />
  <attribute name="GC Util Range Max" value="25" />
  <attribute name="Current GC Util" value="62" />
  <attribute name= "Current Time Running" value="833" />
<allocation-satisfied id="325" threadId="0000000001C2B700" bytesRequested="32776" />
<af-end id="326" timestamp="2019-08-02T20:08:38.598" threadId="0000000001C2C088" success="true" from="nursery"/>
<exclusive-end id="327" timestamp="2019-08-02T20:08:38.598" durationms="1.233" />

<concurrent-kickoff id="328" timestamp="2019-08-02T20:08:38.605">
  <kickoff reason="threshold reached" targetBytes="1867303" thresholdFreeBytes="258111"  remainingFree="234144" tenureFreeBytes="797112" nurseryFreeBytes="234144" />
</concurrent-kickoff>
<exclusive-start id="329" timestamp="2019-08-02T20:08:38.606" intervalms="8.731">
  <response-info timems="0.101" idlems="0.101" threads="0" lastid="0000000001C32F00" lastname="Thread-10" />
</exclusive-start>
<cycle-start id="330" type="global" contextid="0" timestamp="2019-08-02T20:08:38.606" intervalms="292.505" />
<exclusive-end id="331" timestamp="2019-08-02T20:08:38.606" durationms="0.114" />

<exclusive-start id="332" timestamp="2019-08-02T20:08:38.615" intervalms="8.692">
  <response-info timems="0.031" idlems="0.031" threads="0" lastid="0000000001C2B700" lastname="Thread-8" />
</exclusive-start>
<af-start id="333" threadId="0000000001C2C088" totalBytesRequested="32776" timestamp="2019-08-02T20:08:38.615" intervalms="17.502" type="nursery" />
<cycle-start id="334" type="scavenge" contextid="0" timestamp="2019-08-02T20:08:38.615" intervalms="17.504" />
<gc-start id="335" type="scavenge" contextid="334" timestamp="2019-08-02T20:08:38.615">
  <mem-info id="336" free="797072" total="8781824" percent="9">
    <mem type="nursery" free="0" total="2490368" percent="0">
      <mem type="allocate" free="0" total="1572864" percent="0" />
      <mem type="survivor" free="0" total="917504" percent="0" />
    </mem>
    <mem type="tenure" free="797072" total="6291456" percent="12">
      <mem type="soa" free="482704" total="5977088" percent="8" />
      <mem type="loa" free="314368" total="314368" percent="100" />
    </mem>
    <remembered-set count="300" />
  </mem-info>
</gc-start>
<allocation-stats totalBytes="1084696" >
  <allocated-bytes non-tlh="131408" tlh="953288" />
  <largest-consumer threadName="Thread-9" threadId="0000000001C2F300" bytes="408696" />
</allocation-stats>
<gc-op id="337" type="scavenge" timems="0.496" contextid="334" timestamp="2019-08-02T20:08:38.615">
  <scavenger-info tenureage="1" tenuremask="7ffe" tiltratio="63" />
  <memory-copied type="nursery" objects="1502" bytes="447016" bytesdiscarded="470448" />
  <memory-copied type="tenure" objects="231" bytes="304976" bytesdiscarded="736" />
  <copy-failed type="nursery" objects="12" bytes="24672" />
  <references type="phantom" candidates="2" cleared="0" enqueued="0" />
</gc-op>
<gc-end id="338" type="scavenge" contextid="334" durationms="0.692" usertimems="4.000" systemtimems="0.000" timestamp="2019-08-02T20:08:38.616" activeThreads="8">
  <mem-info id="339" free="1447024" total="8781824" percent="16">
    <mem type="nursery" free="786432" total="2490368" percent="31">
      <mem type="allocate" free="786432" total="1703936" percent="46" />
      <mem type="survivor" free="0" total="786432" percent="0" />
    </mem>
    <mem type="tenure" free="660592" total="6291456" percent="10">
      <mem type="soa" free="346224" total="5977088" percent="5" />
      <mem type="loa" free="314368" total="314368" percent="100" />
    </mem>
    <remembered-set count="210" />
  </mem-info>
</gc-end>
<cycle-end id="340" type="scavenge" contextid="334" timestamp="2019-08-02T20:08:38.616" />
  <attribute name="elasticGC enabled" value="1" />
  <attribute name= "numThreadsSpecified" value="0" />
  <attribute name="heapSize specified" value="0" />
  <attribute name= "numCores" value="8" />
  <attribute name ="GC Interval" value="400" />
  <attribute name ="Control flow" value="2" />
  <attribute name="GC Util Range Max" value="25" />
  <attribute name="Current GC Util" value="10" />
  <attribute name= "Current Time Running" value="851" />
<allocation-satisfied id="341" threadId="0000000001C2B700" bytesRequested="32776" />
<af-end id="342" timestamp="2019-08-02T20:08:38.616" threadId="0000000001C2C088" success="true" from="nursery"/>
<exclusive-end id="343" timestamp="2019-08-02T20:08:38.616" durationms="1.254" />

<exclusive-start id="344" timestamp="2019-08-02T20:08:38.616" intervalms="1.386">
  <response-info timems="0.035" idlems="0.035" threads="0" lastid="0000000001C32F00" lastname="Thread-10" />
</exclusive-start>
<concurrent-collection-start id="345" timestamp="2019-08-02T20:08:38.616" intervalms="1041.765" >
  <concurrent-trace-info reason="card cleaning threshold reached" tracedByMutators="1205868" tracedByHelpers="944564" cardsCleaned="135" workStackOverflowCount="0" />
</concurrent-collection-start>
<gc-start id="346" type="global" contextid="330" timestamp="2019-08-02T20:08:38.616">
  <mem-info id="347" free="1307752" total="8781824" percent="14">
    <mem type="nursery" free="647160" total="2490368" percent="25">
      <mem type="allocate" free="647160" total="1703936" percent="37" />
      <mem type="survivor" free="0" total="786432" percent="0" />
    </mem>
    <mem type="tenure" free="660592" total="6291456" percent="10">
      <mem type="soa" free="346224" total="5977088" percent="5" />
      <mem type="loa" free="314368" total="314368" percent="100" />
    </mem>
    <remembered-set count="212" />
  </mem-info>
</gc-start>
<allocation-stats totalBytes="139272" >
  <allocated-bytes non-tlh="32776" tlh="106496" />
  <largest-consumer threadName="Thread-8" threadId="0000000001C2B700" bytes="65544" />
</allocation-stats>
<gc-op id="348" type="rs-scan" timems="0.280" contextid="330" timestamp="2019-08-02T20:08:38.616">
  <scan objectsFound="126" bytesTraced="26296" workStackOverflowCount="0" />
</gc-op>
<gc-op id="349" type="card-cleaning" timems="0.265" contextid="330" timestamp="2019-08-02T20:08:38.617">
  <card-cleaning cardsCleaned="101" bytesTraced="602204" workStackOverflowCount="0" />
</gc-op>
<gc-op id="350" type="mark" timems="1.008" contextid="330" timestamp="2019-08-02T20:08:38.618">
  <trace-info objectcount="255" scancount="225" scanbytes="23080" />
  <finalization candidates="25" enqueued="0" />
  <references type="soft" candidates="168" cleared="0" enqueued="0" dynamicThreshold="24" maxThreshold="32" />
  <references type="weak" candidates="263" cleared="14" enqueued="5" />
  <references type="phantom" candidates="75" cleared="2" enqueued="2" />
  <stringconstants candidates="3961" cleared="0"  />
</gc-op>
<gc-op id="351" type="classunload" timems="0.002" contextid="330" timestamp="2019-08-02T20:08:38.618">
  <classunload-info classloadercandidates="20" classloadersunloaded="0" classesunloaded="0" anonymousclassesunloaded="0" quiescems="0.000" setupms="0.002" scanms="0.000" postms="0.000" />
</gc-op>
<gc-op id="352" type="sweep" timems="0.264" contextid="330" timestamp="2019-08-02T20:08:38.618" />
<gc-end id="353" type="global" contextid="330" durationms="2.590" usertimems="8.000" systemtimems="0.000" timestamp="2019-08-02T20:08:38.619" activeThreads="8">
  <mem-info id="354" free="3782880" total="8781824" percent="43">
    <mem type="nursery" free="1385928" total="2490368" percent="55">
      <mem type="allocate" free="1385928" total="1703936" percent="81" />
      <mem type="survivor" free="0" total="786432" percent="0" />
    </mem>
    <mem type="tenure" free="2396952" total="6291456" percent="38" micro-fragmented="43349" macro-fragmented="0">
      <mem type="soa" free="2082584" total="5977088" percent="34" />
      <mem type="loa" free="314368" total="314368" percent="100" />
    </mem>
    <pending-finalizers system="0" default="0" reference="7" classloader="0" />
    <remembered-set count="188" />
  </mem-info>
</gc-end>
<cycle-end id="355" type="global" contextid="330" timestamp="2019-08-02T20:08:38.619" />
  <attribute name="elasticGC enabled" value="1" />
  <attribute name= "numThreadsSpecified" value="0" />
  <attribute name="heapSize specified" value="0" />
  <attribute name= "numCores" value="8" />
  <attribute name ="GC Interval" value="400" />
  <attribute name ="Control flow" value="2" />
  <attribute name="GC Util Range Max" value="25" />
  <attribute name="Current GC Util" value="49" />
  <attribute name= "Current Time Running" value="854" />
<concurrent-collection-end id="356" timestamp="2019-08-02T20:08:38.619" />
<exclusive-end id="357" timestamp="2019-08-02T20:08:38.619" durationms="2.930" />

<exclusive-start id="358" timestamp="2019-08-02T20:08:38.634" intervalms="18.330">
  <response-info timems="0.049" idlems="0.049" threads="0" lastid="0000000001C1C700" lastname="Thread-4" />
</exclusive-start>
<af-start id="359" threadId="0000000001C1D088" totalBytesRequested="16" timestamp="2019-08-02T20:08:38.634" intervalms="19.633" type="nursery" />
<cycle-start id="360" type="scavenge" contextid="0" timestamp="2019-08-02T20:08:38.634" intervalms="19.619" />
<gc-start id="361" type="scavenge" contextid="360" timestamp="2019-08-02T20:08:38.634">
  <mem-info id="362" free="2396920" total="8781824" percent="27">
    <mem type="nursery" free="0" total="2490368" percent="0">
      <mem type="allocate" free="0" total="1703936" percent="0" />
      <mem type="survivor" free="0" total="786432" percent="0" />
    </mem>
    <mem type="tenure" free="2396920" total="6291456" percent="38">
      <mem type="soa" free="2082552" total="5977088" percent="34" />
      <mem type="loa" free="314368" total="314368" percent="100" />
    </mem>
    <remembered-set count="344" />
  </mem-info>
</gc-start>
<allocation-stats totalBytes="1323480" >
  <allocated-bytes non-tlh="186992" tlh="1136488" />
  <largest-consumer threadName="Thread-8" threadId="0000000001C2B700" bytes="664096" />
</allocation-stats>
<gc-op id="363" type="scavenge" timems="0.431" contextid="360" timestamp="2019-08-02T20:08:38.635">
  <scavenger-info tenureage="1" tenuremask="7ffe" tiltratio="68" />
  <memory-copied type="nursery" objects="977" bytes="444512" bytesdiscarded="341872" />
  <memory-copied type="tenure" objects="990" bytes="291240" bytesdiscarded="1712" />
  <references type="phantom" candidates="1" cleared="0" enqueued="0" />
</gc-op>
<gc-end id="364" type="scavenge" contextid="360" durationms="0.628" usertimems="0.000" systemtimems="0.000" timestamp="2019-08-02T20:08:38.635" activeThreads="8">
  <mem-info id="365" free="3062488" total="8781824" percent="34">
    <mem type="nursery" free="983040" total="2490368" percent="39">
      <mem type="allocate" free="983040" total="1769472" percent="55" />
      <mem type="survivor" free="0" total="720896" percent="0" />
    </mem>
    <mem type="tenure" free="2079448" total="6291456" percent="33">
      <mem type="soa" free="1765080" total="5977088" percent="29" />
      <mem type="loa" free="314368" total="314368" percent="100" />
    </mem>
    <remembered-set count="258" />
  </mem-info>
</gc-end>
<cycle-end id="366" type="scavenge" contextid="360" timestamp="2019-08-02T20:08:38.635" />
  <attribute name="elasticGC enabled" value="1" />
  <attribute name= "numThreadsSpecified" value="0" />
  <attribute name="heapSize specified" value="0" />
  <attribute name= "numCores" value="8" />
  <attribute name ="GC Interval" value="500" />
  <attribute name ="Control flow" value="2" />
  <attribute name="GC Util Range Max" value="25" />
  <attribute name="Current GC Util" value="16" />
  <attribute name= "Current Time Running" value="871" />
<allocation-satisfied id="367" threadId="0000000001C1C700" bytesRequested="16" />
<af-end id="368" timestamp="2019-08-02T20:08:38.635" threadId="0000000001C1D088" success="true" from="nursery"/>
<exclusive-end id="369" timestamp="2019-08-02T20:08:38.635" durationms="1.054" />

<exclusive-start id="370" timestamp="2019-08-02T20:08:38.643" intervalms="8.879">
  <response-info timems="0.039" idlems="0.039" threads="0" lastid="0000000001C23F00" lastname="Thread-6" />
</exclusive-start>
<af-start id="371" threadId="0000000001C24888" totalBytesRequested="16392" timestamp="2019-08-02T20:08:38.643" intervalms="8.963" type="nursery" />
<cycle-start id="372" type="scavenge" contextid="0" timestamp="2019-08-02T20:08:38.643" intervalms="8.965" />
<gc-start id="373" type="scavenge" contextid="372" timestamp="2019-08-02T20:08:38.643">
  <mem-info id="374" free="2079448" total="8781824" percent="23">
    <mem type="nursery" free="0" total="2490368" percent="0">
      <mem type="allocate" free="0" total="1769472" percent="0" />
      <mem type="survivor" free="0" total="720896" percent="0" />
    </mem>
    <mem type="tenure" free="2079448" total="6291456" percent="33">
      <mem type="soa" free="1765080" total="5977088" percent="29" />
      <mem type="loa" free="314368" total="314368" percent="100" />
    </mem>
    <remembered-set count="366" />
  </mem-info>
</gc-start>
<allocation-stats totalBytes="932664" >
  <allocated-bytes non-tlh="147520" tlh="785144" />
  <largest-consumer threadName="Thread-10" threadId="0000000001C32F00" bytes="395960" />
</allocation-stats>
<gc-op id="375" type="scavenge" timems="0.451" contextid="372" timestamp="2019-08-02T20:08:38.644">
  <scavenger-info tenureage="1" tenuremask="7ffe" tiltratio="71" />
  <memory-copied type="nursery" objects="1178" bytes="422216" bytesdiscarded="141480" />
  <memory-copied type="tenure" objects="933" bytes="440376" bytesdiscarded="2640" />
  <references type="phantom" candidates="2" cleared="0" enqueued="0" />
</gc-op>
<gc-end id="376" type="scavenge" contextid="372" durationms="0.653" usertimems="0.000" systemtimems="0.000" timestamp="2019-08-02T20:08:38.644" activeThreads="8">
  <mem-info id="377" free="2842928" total="8781824" percent="32">
    <mem type="nursery" free="1205736" total="2490368" percent="48">
      <mem type="allocate" free="1205736" total="1769472" percent="68" />
      <mem type="survivor" free="0" total="720896" percent="0" />
    </mem>
    <mem type="tenure" free="1637192" total="6291456" percent="26">
      <mem type="soa" free="1322824" total="5977088" percent="22" />
      <mem type="loa" free="314368" total="314368" percent="100" />
    </mem>
    <remembered-set count="231" />
  </mem-info>
</gc-end>
<cycle-end id="378" type="scavenge" contextid="372" timestamp="2019-08-02T20:08:38.644" />
  <attribute name="elasticGC enabled" value="1" />
  <attribute name= "numThreadsSpecified" value="0" />
  <attribute name="heapSize specified" value="0" />
  <attribute name= "numCores" value="8" />
  <attribute name ="GC Interval" value="500" />
  <attribute name ="Control flow" value="2" />
  <attribute name="GC Util Range Max" value="25" />
  <attribute name="Current GC Util" value="18" />
  <attribute name= "Current Time Running" value="879" />
<allocation-satisfied id="379" threadId="0000000001C23F00" bytesRequested="16392" />
<af-end id="380" timestamp="2019-08-02T20:08:38.644" threadId="0000000001C24888" success="true" from="nursery"/>
<exclusive-end id="381" timestamp="2019-08-02T20:08:38.644" durationms="1.179" />

<exclusive-start id="382" timestamp="2019-08-02T20:08:38.668" intervalms="24.665">
  <response-info timems="0.063" idlems="0.063" threads="0" lastid="0000000001C2B700" lastname="Thread-8" />
</exclusive-start>
<af-start id="383" threadId="0000000001C2C088" totalBytesRequested="2056" timestamp="2019-08-02T20:08:38.668" intervalms="24.584" type="nursery" />
<cycle-start id="384" type="scavenge" contextid="0" timestamp="2019-08-02T20:08:38.668" intervalms="24.583" />
<gc-start id="385" type="scavenge" contextid="384" timestamp="2019-08-02T20:08:38.668">
  <mem-info id="386" free="1637160" total="8781824" percent="18">
    <mem type="nursery" free="0" total="2490368" percent="0">
      <mem type="allocate" free="0" total="1769472" percent="0" />
      <mem type="survivor" free="0" total="720896" percent="0" />
    </mem>
    <mem type="tenure" free="1637160" total="6291456" percent="26">
      <mem type="soa" free="1322792" total="5977088" percent="22" />
      <mem type="loa" free="314368" total="314368" percent="100" />
    </mem>
    <remembered-set count="405" />
  </mem-info>
</gc-start>
<allocation-stats totalBytes="1177936" >
  <allocated-bytes non-tlh="81984" tlh="1095952" />
  <largest-consumer threadName="Thread-8" threadId="0000000001C2B700" bytes="400192" />
</allocation-stats>
<gc-op id="387" type="scavenge" timems="0.438" contextid="384" timestamp="2019-08-02T20:08:38.669">
  <scavenger-info tenureage="1" tenuremask="7ffe" tiltratio="71" />
  <memory-copied type="nursery" objects="1336" bytes="505704" bytesdiscarded="160720" />
  <memory-copied type="tenure" objects="1085" bytes="413496" bytesdiscarded="5232" />
  <references type="phantom" candidates="1" cleared="0" enqueued="0" />
</gc-op>
<gc-end id="388" type="scavenge" contextid="384" durationms="0.630" usertimems="4.000" systemtimems="0.000" timestamp="2019-08-02T20:08:38.669" activeThreads="8">
  <mem-info id="389" free="2316008" total="8781824" percent="26">
    <mem type="nursery" free="1103016" total="2490368" percent="44">
      <mem type="allocate" free="1103016" total="1769472" percent="62" />
      <mem type="survivor" free="0" total="720896" percent="0" />
    </mem>
    <mem type="tenure" free="1212992" total="6291456" percent="19">
      <mem type="soa" free="898624" total="5977088" percent="15" />
      <mem type="loa" free="314368" total="314368" percent="100" />
    </mem>
    <remembered-set count="278" />
  </mem-info>
</gc-end>
<cycle-end id="390" type="scavenge" contextid="384" timestamp="2019-08-02T20:08:38.669" />
  <attribute name="elasticGC enabled" value="1" />
  <attribute name= "numThreadsSpecified" value="0" />
  <attribute name="heapSize specified" value="0" />
  <attribute name= "numCores" value="8" />
  <attribute name ="GC Interval" value="500" />
  <attribute name ="Control flow" value="2" />
  <attribute name="GC Util Range Max" value="25" />
  <attribute name="Current GC Util" value="6" />
  <attribute name= "Current Time Running" value="904" />
<allocation-satisfied id="391" threadId="0000000001C2B700" bytesRequested="2056" />
<af-end id="392" timestamp="2019-08-02T20:08:38.669" threadId="0000000001C2C088" success="true" from="nursery"/>
<exclusive-end id="393" timestamp="2019-08-02T20:08:38.669" durationms="1.073" />

<exclusive-start id="394" timestamp="2019-08-02T20:08:38.690" intervalms="22.116">
  <response-info timems="0.044" idlems="0.044" threads="0" lastid="0000000001C27B00" lastname="Thread-7" />
</exclusive-start>
<af-start id="395" threadId="0000000001C28488" totalBytesRequested="16392" timestamp="2019-08-02T20:08:38.690" intervalms="22.177" type="nursery" />
<cycle-start id="396" type="scavenge" contextid="0" timestamp="2019-08-02T20:08:38.690" intervalms="22.176" />
<gc-start id="397" type="scavenge" contextid="396" timestamp="2019-08-02T20:08:38.690">
  <mem-info id="398" free="1212992" total="8781824" percent="13">
    <mem type="nursery" free="0" total="2490368" percent="0">
      <mem type="allocate" free="0" total="1769472" percent="0" />
      <mem type="survivor" free="0" total="720896" percent="0" />
    </mem>
    <mem type="tenure" free="1212992" total="6291456" percent="19">
      <mem type="soa" free="898624" total="5977088" percent="15" />
      <mem type="loa" free="314368" total="314368" percent="100" />
    </mem>
    <remembered-set count="418" />
  </mem-info>
</gc-start>
<allocation-stats totalBytes="1062920" >
  <allocated-bytes non-tlh="116784" tlh="946136" />
  <largest-consumer threadName="Thread-10" threadId="0000000001C32F00" bytes="410120" />
</allocation-stats>
<gc-op id="399" type="scavenge" timems="0.709" contextid="396" timestamp="2019-08-02T20:08:38.691">
  <scavenger-info tenureage="1" tenuremask="7ffe" tiltratio="71" />
  <memory-copied type="nursery" objects="955" bytes="402408" bytesdiscarded="303656" />
  <memory-copied type="tenure" objects="1246" bytes="499288" bytesdiscarded="5016" />
</gc-op>
<gc-end id="400" type="scavenge" contextid="396" durationms="1.065" usertimems="0.000" systemtimems="4.000" timestamp="2019-08-02T20:08:38.691" activeThreads="8">
  <mem-info id="401" free="1813752" total="8781824" percent="20">
    <mem type="nursery" free="1128904" total="2490368" percent="45">
      <mem type="allocate" free="1128904" total="1835008" percent="61" />
      <mem type="survivor" free="0" total="655360" percent="0" />
    </mem>
    <mem type="tenure" free="684848" total="6291456" percent="10">
      <mem type="soa" free="370480" total="5977088" percent="6" />
      <mem type="loa" free="314368" total="314368" percent="100" />
    </mem>
    <remembered-set count="247" />
  </mem-info>
</gc-end>
<cycle-end id="402" type="scavenge" contextid="396" timestamp="2019-08-02T20:08:38.691" />
  <attribute name="elasticGC enabled" value="1" />
  <attribute name= "numThreadsSpecified" value="0" />
  <attribute name="heapSize specified" value="0" />
  <attribute name= "numCores" value="8" />
  <attribute name ="GC Interval" value="500" />
  <attribute name ="Control flow" value="2" />
  <attribute name="GC Util Range Max" value="25" />
  <attribute name="Current GC Util" value="7" />
  <attribute name= "Current Time Running" value="926" />
<allocation-satisfied id="403" threadId="0000000001C27B00" bytesRequested="16392" />
<af-end id="404" timestamp="2019-08-02T20:08:38.691" threadId="0000000001C28488" success="true" from="nursery"/>
<exclusive-end id="405" timestamp="2019-08-02T20:08:38.691" durationms="1.561" />

<concurrent-kickoff id="406" timestamp="2019-08-02T20:08:38.709">
  <kickoff reason="threshold reached" targetBytes="1921299" thresholdFreeBytes="261479"  remainingFree="235952" tenureFreeBytes="684848" nurseryFreeBytes="235952" />
</concurrent-kickoff>
<exclusive-start id="407" timestamp="2019-08-02T20:08:38.709" intervalms="19.543">
  <response-info timems="0.559" idlems="0.362" threads="1" lastid="00000000018EBE00" lastname="JIT Compilation Thread-2" />
</exclusive-start>
<cycle-start id="408" type="global" contextid="0" timestamp="2019-08-02T20:08:38.709" intervalms="103.605" />
<exclusive-end id="409" timestamp="2019-08-02T20:08:38.710" durationms="0.108" />

<exclusive-start id="410" timestamp="2019-08-02T20:08:38.712" intervalms="2.377">
  <response-info timems="0.193" idlems="0.074" threads="3" lastid="0000000001C27B00" lastname="Thread-7" />
</exclusive-start>
<af-start id="411" threadId="0000000001C2C088" totalBytesRequested="32776" timestamp="2019-08-02T20:08:38.712" intervalms="21.849" type="nursery" />
<cycle-start id="412" type="scavenge" contextid="0" timestamp="2019-08-02T20:08:38.712" intervalms="21.889" />
<gc-start id="413" type="scavenge" contextid="412" timestamp="2019-08-02T20:08:38.712">
  <mem-info id="414" free="684848" total="8781824" percent="7">
    <mem type="nursery" free="0" total="2490368" percent="0">
      <mem type="allocate" free="0" total="1835008" percent="0" />
      <mem type="survivor" free="0" total="655360" percent="0" />
    </mem>
    <mem type="tenure" free="684848" total="6291456" percent="10">
      <mem type="soa" free="370480" total="5977088" percent="6" />
      <mem type="loa" free="314368" total="314368" percent="100" />
    </mem>
    <remembered-set count="354" />
  </mem-info>
</gc-start>
<allocation-stats totalBytes="1071024" >
  <allocated-bytes non-tlh="81944" tlh="989080" />
  <largest-consumer threadName="Thread-6" threadId="0000000001C23F00" bytes="396888" />
</allocation-stats>
<gc-op id="415" type="scavenge" timems="1.097" contextid="412" timestamp="2019-08-02T20:08:38.713">
  <scavenger-info tenureage="1" tenuremask="7ffe" tiltratio="73" />
  <memory-copied type="nursery" objects="1074" bytes="447064" bytesdiscarded="208264" />
  <memory-copied type="tenure" objects="369" bytes="257560" bytesdiscarded="888" />
  <copy-failed type="nursery" objects="1" bytes="520" />
  <copy-failed type="tenure" objects="22" bytes="13552" />
  <warning details="aborted collection due to insufficient free space" />
</gc-op>
<gc-end id="416" type="scavenge" contextid="412" durationms="1.276" usertimems="4.000" systemtimems="0.000" timestamp="2019-08-02T20:08:38.713" activeThreads="8">
  <mem-info id="417" free="314368" total="8781824" percent="3">
    <mem type="nursery" free="0" total="2490368" percent="0">
      <mem type="allocate" free="0" total="1835008" percent="0" />
      <mem type="survivor" free="0" total="655360" percent="0" />
    </mem>
    <mem type="tenure" free="314368" total="6291456" percent="4">
      <mem type="soa" free="0" total="5977088" percent="0" />
      <mem type="loa" free="314368" total="314368" percent="100" />
    </mem>
    <remembered-set count="354" />
  </mem-info>
</gc-end>
<cycle-end id="418" type="scavenge" contextid="412" timestamp="2019-08-02T20:08:38.713" />
  <attribute name="elasticGC enabled" value="1" />
  <attribute name= "numThreadsSpecified" value="0" />
  <attribute name="heapSize specified" value="0" />
  <attribute name= "numCores" value="8" />
  <attribute name ="GC Interval" value="500" />
  <attribute name ="Control flow" value="2" />
  <attribute name="GC Util Range Max" value="25" />
  <attribute name="Current GC Util" value="9" />
  <attribute name= "Current Time Running" value="948" />
<gc-start id="419" type="global" contextid="408" timestamp="2019-08-02T20:08:38.713">
  <mem-info id="420" free="314368" total="8781824" percent="3">
    <mem type="nursery" free="0" total="2490368" percent="0">
      <mem type="allocate" free="0" total="1835008" percent="0" />
      <mem type="survivor" free="0" total="655360" percent="0" />
    </mem>
    <mem type="tenure" free="314368" total="6291456" percent="4">
      <mem type="soa" free="0" total="5977088" percent="0" />
      <mem type="loa" free="314368" total="314368" percent="100" />
    </mem>
    <remembered-set count="354" />
  </mem-info>
</gc-start>
<allocation-stats totalBytes="0" >
  <allocated-bytes non-tlh="0" tlh="0" />
</allocation-stats>
<concurrent-halted id="421" timestamp="2019-08-02T20:08:38.714">
  <halted state="Class scanning incomplete" status="clean trace" />
  <traced bytesTarget="1921299" bytesTotal="2040104" bytesByMutator="687968" bytesByHelper="1352136" percent="106" />
  <cards cleaned="86" thresholdBytes="103006" />
</concurrent-halted>
<gc-op id="422" type="tracing" timems="0.081" contextid="408" timestamp="2019-08-02T20:08:38.714">
  <trace bytesTraced="57712" workStackOverflowCount="0" />
</gc-op>
<gc-op id="423" type="rs-scan" timems="0.148" contextid="408" timestamp="2019-08-02T20:08:38.714">
  <scan objectsFound="224" bytesTraced="63344" workStackOverflowCount="0" />
</gc-op>
<gc-op id="424" type="card-cleaning" timems="0.157" contextid="408" timestamp="2019-08-02T20:08:38.714">
  <card-cleaning cardsCleaned="22" bytesTraced="487284" workStackOverflowCount="0" />
</gc-op>
<gc-op id="425" type="mark" timems="0.535" contextid="408" timestamp="2019-08-02T20:08:38.715">
  <trace-info objectcount="1378" scancount="1201" scanbytes="210448" />
  <finalization candidates="25" enqueued="0" />
  <references type="soft" candidates="168" cleared="0" enqueued="0" dynamicThreshold="12" maxThreshold="32" />
  <references type="weak" candidates="249" cleared="0" enqueued="0" />
  <references type="phantom" candidates="72" cleared="0" enqueued="0" />
  <stringconstants candidates="3963" cleared="0"  />
</gc-op>
<gc-op id="426" type="sweep" timems="0.222" contextid="408" timestamp="2019-08-02T20:08:38.715" />
<gc-end id="427" type="global" contextid="408" durationms="2.027" usertimems="0.000" systemtimems="4.000" timestamp="2019-08-02T20:08:38.715" activeThreads="8">
  <mem-info id="428" free="3477032" total="8781824" percent="39">
    <mem type="nursery" free="1051232" total="2490368" percent="42">
      <mem type="allocate" free="1051232" total="1835008" percent="57" />
      <mem type="survivor" free="0" total="655360" percent="0" />
    </mem>
    <mem type="tenure" free="2425800" total="6291456" percent="38" micro-fragmented="54307" macro-fragmented="0">
      <mem type="soa" free="2111432" total="5977088" percent="35" />
      <mem type="loa" free="314368" total="314368" percent="100" />
    </mem>
    <remembered-set count="288" />
  </mem-info>
</gc-end>
<cycle-end id="429" type="global" contextid="408" timestamp="2019-08-02T20:08:38.716" />
  <attribute name="elasticGC enabled" value="1" />
  <attribute name= "numThreadsSpecified" value="0" />
  <attribute name="heapSize specified" value="0" />
  <attribute name= "numCores" value="8" />
  <attribute name ="GC Interval" value="500" />
  <attribute name ="Control flow" value="2" />
  <attribute name="GC Util Range Max" value="25" />
  <attribute name="Current GC Util" value="51" />
  <attribute name= "Current Time Running" value="951" />
<allocation-satisfied id="430" threadId="0000000001C2B700" bytesRequested="32776" />
<af-end id="431" timestamp="2019-08-02T20:08:38.716" threadId="0000000001C2C088" success="true" from="nursery"/>
<exclusive-end id="432" timestamp="2019-08-02T20:08:38.716" durationms="3.892" />

<exclusive-start id="433" timestamp="2019-08-02T20:08:38.744" intervalms="31.895">
  <response-info timems="0.053" idlems="0.053" threads="0" lastid="0000000001C18B00" lastname="Thread-3" />
</exclusive-start>
<af-start id="434" threadId="0000000001C19488" totalBytesRequested="40" timestamp="2019-08-02T20:08:38.744" intervalms="31.977" type="nursery" />
<cycle-start id="435" type="scavenge" contextid="0" timestamp="2019-08-02T20:08:38.744" intervalms="31.940" />
<gc-start id="436" type="scavenge" contextid="435" timestamp="2019-08-02T20:08:38.744">
  <mem-info id="437" free="2425800" total="8781824" percent="27">
    <mem type="nursery" free="0" total="2490368" percent="0">
      <mem type="allocate" free="0" total="1835008" percent="0" />
      <mem type="survivor" free="0" total="655360" percent="0" />
    </mem>
    <mem type="tenure" free="2425800" total="6291456" percent="38">
      <mem type="soa" free="2111432" total="5977088" percent="35" />
      <mem type="loa" free="314368" total="314368" percent="100" />
    </mem>
    <remembered-set count="376" />
  </mem-info>
</gc-start>
<allocation-stats totalBytes="1070360" >
  <allocated-bytes non-tlh="374920" tlh="695440" />
  <largest-consumer threadName="Thread-8" threadId="0000000001C2B700" bytes="347336" />
</allocation-stats>
<gc-op id="438" type="scavenge" timems="0.689" contextid="435" timestamp="2019-08-02T20:08:38.745">
  <scavenger-info tenureage="1" tenuremask="7ffe" tiltratio="73" />
  <memory-copied type="nursery" objects="1566" bytes="525368" bytesdiscarded="129920" />
  <memory-copied type="tenure" objects="1732" bytes="717224" bytesdiscarded="6688" />
  <copy-failed type="nursery" objects="260" bytes="146728" />
  <references type="phantom" candidates="1" cleared="0" enqueued="0" />
</gc-op>
<gc-end id="439" type="scavenge" contextid="435" durationms="1.053" usertimems="4.000" systemtimems="0.000" timestamp="2019-08-02T20:08:38.745" activeThreads="8">
  <mem-info id="440" free="2315960" total="8781824" percent="26">
    <mem type="nursery" free="720896" total="2490368" percent="28">
      <mem type="allocate" free="720896" total="1376256" percent="52" />
      <mem type="survivor" free="0" total="1114112" percent="0" />
    </mem>
    <mem type="tenure" free="1595064" total="6291456" percent="25">
      <mem type="soa" free="1280696" total="5977088" percent="21" />
      <mem type="loa" free="314368" total="314368" percent="100" />
    </mem>
    <remembered-set count="281" />
  </mem-info>
</gc-end>
<cycle-end id="441" type="scavenge" contextid="435" timestamp="2019-08-02T20:08:38.745" />
  <attribute name="elasticGC enabled" value="1" />
  <attribute name= "numThreadsSpecified" value="0" />
  <attribute name="heapSize specified" value="0" />
  <attribute name= "numCores" value="8" />
  <attribute name ="GC Interval" value="600" />
  <attribute name ="Control flow" value="2" />
  <attribute name="GC Util Range Max" value="25" />
  <attribute name="Current GC Util" value="7" />
  <attribute name= "Current Time Running" value="980" />
<allocation-satisfied id="442" threadId="0000000001C18B00" bytesRequested="40" />
<af-end id="443" timestamp="2019-08-02T20:08:38.745" threadId="0000000001C19488" success="true" from="nursery"/>
<exclusive-end id="444" timestamp="2019-08-02T20:08:38.745" durationms="1.561" />

<exclusive-start id="445" timestamp="2019-08-02T20:08:38.757" intervalms="13.223">
  <response-info timems="0.055" idlems="0.055" threads="0" lastid="0000000001C32F00" lastname="Thread-10" />
</exclusive-start>
<af-start id="446" threadId="0000000001C33888" totalBytesRequested="16392" timestamp="2019-08-02T20:08:38.757" intervalms="13.175" type="nursery" />
<cycle-start id="447" type="scavenge" contextid="0" timestamp="2019-08-02T20:08:38.757" intervalms="13.176" />
<gc-start id="448" type="scavenge" contextid="447" timestamp="2019-08-02T20:08:38.757">
  <mem-info id="449" free="1595064" total="8781824" percent="18">
    <mem type="nursery" free="0" total="2490368" percent="0">
      <mem type="allocate" free="0" total="1376256" percent="0" />
      <mem type="survivor" free="0" total="1114112" percent="0" />
    </mem>
    <mem type="tenure" free="1595064" total="6291456" percent="25">
      <mem type="soa" free="1280696" total="5977088" percent="21" />
      <mem type="loa" free="314368" total="314368" percent="100" />
    </mem>
    <remembered-set count="424" />
  </mem-info>
</gc-start>
<allocation-stats totalBytes="689080" >
  <allocated-bytes non-tlh="32816" tlh="656264" />
  <largest-consumer threadName="Thread-10" threadId="0000000001C32F00" bytes="238928" />
</allocation-stats>
<gc-op id="450" type="scavenge" timems="0.436" contextid="447" timestamp="2019-08-02T20:08:38.758">
  <scavenger-info tenureage="1" tenuremask="7ffe" tiltratio="55" />
  <memory-copied type="nursery" objects="498" bytes="149416" bytesdiscarded="158048" />
  <memory-copied type="tenure" objects="1477" bytes="521152" bytesdiscarded="6688" />
</gc-op>
<gc-end id="451" type="scavenge" contextid="447" durationms="0.632" usertimems="4.000" systemtimems="0.000" timestamp="2019-08-02T20:08:38.758" activeThreads="8">
  <mem-info id="452" free="2228920" total="8781824" percent="25">
    <mem type="nursery" free="1134312" total="2490368" percent="45">
      <mem type="allocate" free="1134312" total="1441792" percent="78" />
      <mem type="survivor" free="0" total="1048576" percent="0" />
    </mem>
    <mem type="tenure" free="1094608" total="6291456" percent="17">
      <mem type="soa" free="780240" total="5977088" percent="13" />
      <mem type="loa" free="314368" total="314368" percent="100" />
    </mem>
    <remembered-set count="261" />
  </mem-info>
</gc-end>
<cycle-end id="453" type="scavenge" contextid="447" timestamp="2019-08-02T20:08:38.758" />
  <attribute name="elasticGC enabled" value="1" />
  <attribute name= "numThreadsSpecified" value="0" />
  <attribute name="heapSize specified" value="0" />
  <attribute name= "numCores" value="8" />
  <attribute name ="GC Interval" value="600" />
  <attribute name ="Control flow" value="2" />
  <attribute name="GC Util Range Max" value="25" />
  <attribute name="Current GC Util" value="18" />
  <attribute name= "Current Time Running" value="993" />
<allocation-satisfied id="454" threadId="0000000001C32F00" bytesRequested="16392" />
<af-end id="455" timestamp="2019-08-02T20:08:38.758" threadId="0000000001C33888" success="true" from="nursery"/>
<exclusive-end id="456" timestamp="2019-08-02T20:08:38.758" durationms="1.110" />

<concurrent-kickoff id="457" timestamp="2019-08-02T20:08:38.776">
  <kickoff reason="threshold reached" targetBytes="2585100" thresholdFreeBytes="352249"  remainingFree="347848" tenureFreeBytes="1094608" nurseryFreeBytes="347848" />
</concurrent-kickoff>
<exclusive-start id="458" timestamp="2019-08-02T20:08:38.776" intervalms="19.285">
  <response-info timems="0.036" idlems="0.036" threads="0" lastid="0000000001C1C700" lastname="Thread-4" />
</exclusive-start>
<cycle-start id="459" type="global" contextid="0" timestamp="2019-08-02T20:08:38.776" intervalms="66.831" />
<exclusive-end id="460" timestamp="2019-08-02T20:08:38.776" durationms="0.157" />

<exclusive-start id="461" timestamp="2019-08-02T20:08:38.779" intervalms="2.982">
  <response-info timems="0.037" idlems="0.037" threads="0" lastid="0000000001C1C700" lastname="Thread-4" />
</exclusive-start>
<af-start id="462" threadId="0000000001C1D088" totalBytesRequested="32776" timestamp="2019-08-02T20:08:38.779" intervalms="22.337" type="nursery" />
<percolate-collect id="463" from="nursery" to="global" reason="concurrent mark exhausted" timestamp="2019-08-02T20:08:38.779"/>
<gc-start id="464" type="global" contextid="459" timestamp="2019-08-02T20:08:38.780">
  <mem-info id="465" free="1098392" total="8781824" percent="12">
    <mem type="nursery" free="3784" total="2490368" percent="0">
      <mem type="allocate" free="3784" total="1441792" percent="0" />
      <mem type="survivor" free="0" total="1048576" percent="0" />
    </mem>
    <mem type="tenure" free="1094608" total="6291456" percent="17">
      <mem type="soa" free="780240" total="5977088" percent="13" />
      <mem type="loa" free="314368" total="314368" percent="100" />
    </mem>
    <remembered-set count="448" />
  </mem-info>
</gc-start>
<allocation-stats totalBytes="1097464" >
  <allocated-bytes non-tlh="98336" tlh="999128" />
  <largest-consumer threadName="Thread-10" threadId="0000000001C32F00" bytes="310944" />
</allocation-stats>
<concurrent-halted id="466" timestamp="2019-08-02T20:08:38.780">
  <halted state="Complete" status="exhausted" />
  <traced bytesTarget="2585100" bytesTotal="2444588" bytesByMutator="1335408" bytesByHelper="1109180" percent="94" />
  <cards cleaned="126" thresholdBytes="138764" />
</concurrent-halted>
<gc-op id="467" type="rs-scan" timems="0.190" contextid="459" timestamp="2019-08-02T20:08:38.780">
  <scan objectsFound="271" bytesTraced="50928" workStackOverflowCount="0" />
</gc-op>
<gc-op id="468" type="card-cleaning" timems="0.186" contextid="459" timestamp="2019-08-02T20:08:38.780">
  <card-cleaning cardsCleaned="72" bytesTraced="582280" workStackOverflowCount="0" />
</gc-op>
<gc-op id="469" type="mark" timems="0.549" contextid="459" timestamp="2019-08-02T20:08:38.781">
  <trace-info objectcount="958" scancount="841" scanbytes="167100" />
  <finalization candidates="25" enqueued="0" />
  <references type="soft" candidates="168" cleared="0" enqueued="0" dynamicThreshold="12" maxThreshold="32" />
  <references type="weak" candidates="249" cleared="0" enqueued="0" />
  <references type="phantom" candidates="71" cleared="0" enqueued="0" />
  <stringconstants candidates="3963" cleared="0"  />
</gc-op>
<gc-op id="470" type="sweep" timems="0.227" contextid="459" timestamp="2019-08-02T20:08:38.781" />
<gc-end id="471" type="global" contextid="459" durationms="1.959" usertimems="4.000" systemtimems="0.000" timestamp="2019-08-02T20:08:38.781" activeThreads="8">
  <mem-info id="472" free="2949464" total="8781824" percent="33">
    <mem type="nursery" free="998392" total="2490368" percent="40">
      <mem type="allocate" free="998392" total="1441792" percent="69" />
      <mem type="survivor" free="0" total="1048576" percent="0" />
    </mem>
    <mem type="tenure" free="1951072" total="6291456" percent="31" micro-fragmented="68005" macro-fragmented="0">
      <mem type="soa" free="1636704" total="5977088" percent="27" />
      <mem type="loa" free="314368" total="314368" percent="100" />
    </mem>
    <remembered-set count="409" />
  </mem-info>
</gc-end>
<cycle-end id="473" type="global" contextid="459" timestamp="2019-08-02T20:08:38.782" />
  <attribute name="elasticGC enabled" value="1" />
  <attribute name= "numThreadsSpecified" value="0" />
  <attribute name="heapSize specified" value="0" />
  <attribute name= "numCores" value="8" />
  <attribute name ="GC Interval" value="600" />
  <attribute name ="Control flow" value="2" />
  <attribute name="GC Util Range Max" value="25" />
  <attribute name="Current GC Util" value="54" />
  <attribute name= "Current Time Running" value="1017" />
<allocation-satisfied id="474" threadId="0000000001C1C700" bytesRequested="32776" />
<af-end id="475" timestamp="2019-08-02T20:08:38.782" threadId="0000000001C1D088" success="true" from="nursery"/>
<exclusive-end id="476" timestamp="2019-08-02T20:08:38.782" durationms="2.588" />

<exclusive-start id="477" timestamp="2019-08-02T20:08:38.790" intervalms="11.117">
  <response-info timems="0.051" idlems="0.051" threads="0" lastid="0000000001C1C700" lastname="Thread-4" />
</exclusive-start>
<af-start id="478" threadId="0000000001C1D088" totalBytesRequested="32776" timestamp="2019-08-02T20:08:38.790" intervalms="11.082" type="nursery" />
<cycle-start id="479" type="scavenge" contextid="0" timestamp="2019-08-02T20:08:38.791" intervalms="33.423" />
<gc-start id="480" type="scavenge" contextid="479" timestamp="2019-08-02T20:08:38.791">
  <mem-info id="481" free="2054600" total="8781824" percent="23">
    <mem type="nursery" free="103528" total="2490368" percent="4">
      <mem type="allocate" free="103528" total="1441792" percent="7" />
      <mem type="survivor" free="0" total="1048576" percent="0" />
    </mem>
    <mem type="tenure" free="1951072" total="6291456" percent="31">
      <mem type="soa" free="1636704" total="5977088" percent="27" />
      <mem type="loa" free="314368" total="314368" percent="100" />
    </mem>
    <remembered-set count="458" />
  </mem-info>
</gc-start>
<allocation-stats totalBytes="832696" >
  <allocated-bytes non-tlh="401584" tlh="431112" />
  <largest-consumer threadName="Thread-4" threadId="0000000001C1C700" bytes="342312" />
</allocation-stats>
<gc-op id="482" type="scavenge" timems="0.434" contextid="479" timestamp="2019-08-02T20:08:38.791">
  <scavenger-info tenureage="1" tenuremask="7ffe" tiltratio="57" />
  <memory-copied type="nursery" objects="1441" bytes="588936" bytesdiscarded="224736" />
  <memory-copied type="tenure" objects="321" bytes="105336" bytesdiscarded="1688" />
  <references type="weak" candidates="1" cleared="0" enqueued="0" />
  <references type="phantom" candidates="2" cleared="0" enqueued="0" />
</gc-op>
<gc-end id="483" type="scavenge" contextid="479" durationms="0.629" usertimems="4.000" systemtimems="0.000" timestamp="2019-08-02T20:08:38.791" activeThreads="8">
  <mem-info id="484" free="2232200" total="8781824" percent="25">
    <mem type="nursery" free="496992" total="2490368" percent="19">
      <mem type="allocate" free="496992" total="1310720" percent="37" />
      <mem type="survivor" free="0" total="1179648" percent="0" />
    </mem>
    <mem type="tenure" free="1735208" total="6291456" percent="27">
      <mem type="soa" free="1420840" total="5977088" percent="23" />
      <mem type="loa" free="314368" total="314368" percent="100" />
    </mem>
    <remembered-set count="249" />
  </mem-info>
</gc-end>
<cycle-end id="485" type="scavenge" contextid="479" timestamp="2019-08-02T20:08:38.791" />
  <attribute name="elasticGC enabled" value="1" />
  <attribute name= "numThreadsSpecified" value="0" />
  <attribute name="heapSize specified" value="0" />
  <attribute name= "numCores" value="8" />
  <attribute name ="GC Interval" value="800" />
  <attribute name ="Control flow" value="2" />
  <attribute name="GC Util Range Max" value="25" />
  <attribute name="Current GC Util" value="39" />
  <attribute name= "Current Time Running" value="1027" />
<allocation-satisfied id="486" threadId="0000000001C1C700" bytesRequested="32776" />
<af-end id="487" timestamp="2019-08-02T20:08:38.791" threadId="0000000001C1D088" success="true" from="nursery"/>
<exclusive-end id="488" timestamp="2019-08-02T20:08:38.791" durationms="1.130" />

<exclusive-start id="489" timestamp="2019-08-02T20:08:38.793" intervalms="2.425">
  <response-info timems="0.039" idlems="0.039" threads="0" lastid="0000000001C23F00" lastname="Thread-6" />
</exclusive-start>
<af-start id="490" threadId="0000000001C24888" totalBytesRequested="16392" timestamp="2019-08-02T20:08:38.793" intervalms="2.360" type="nursery" />
<cycle-start id="491" type="scavenge" contextid="0" timestamp="2019-08-02T20:08:38.793" intervalms="2.357" />
<gc-start id="492" type="scavenge" contextid="491" timestamp="2019-08-02T20:08:38.793">
  <mem-info id="493" free="1735208" total="8781824" percent="19">
    <mem type="nursery" free="0" total="2490368" percent="0">
      <mem type="allocate" free="0" total="1310720" percent="0" />
      <mem type="survivor" free="0" total="1179648" percent="0" />
    </mem>
    <mem type="tenure" free="1735208" total="6291456" percent="27">
      <mem type="soa" free="1420840" total="5977088" percent="23" />
      <mem type="loa" free="314368" total="314368" percent="100" />
    </mem>
    <remembered-set count="329" />
  </mem-info>
</gc-start>
<allocation-stats totalBytes="488168" >
  <allocated-bytes non-tlh="81944" tlh="406224" />
  <largest-consumer threadName="Thread-4" threadId="0000000001C1C700" bytes="167840" />
</allocation-stats>
<gc-op id="494" type="scavenge" timems="0.751" contextid="491" timestamp="2019-08-02T20:08:38.794">
  <scavenger-info tenureage="1" tenuremask="7ffe" tiltratio="52" />
  <memory-copied type="nursery" objects="586" bytes="191592" bytesdiscarded="166792" />
  <memory-copied type="tenure" objects="1340" bytes="557192" bytesdiscarded="6664" />
  <references type="phantom" candidates="1" cleared="0" enqueued="0" />
</gc-op>
<gc-end id="495" type="scavenge" contextid="491" durationms="0.963" usertimems="0.000" systemtimems="4.000" timestamp="2019-08-02T20:08:38.794" activeThreads="8">
  <mem-info id="496" free="2333488" total="8781824" percent="26">
    <mem type="nursery" free="1083384" total="2490368" percent="43">
      <mem type="allocate" free="1083384" total="1441792" percent="75" />
      <mem type="survivor" free="0" total="1048576" percent="0" />
    </mem>
    <mem type="tenure" free="1250104" total="6291456" percent="19">
      <mem type="soa" free="935736" total="5977088" percent="15" />
      <mem type="loa" free="314368" total="314368" percent="100" />
    </mem>
    <remembered-set count="222" />
  </mem-info>
</gc-end>
<cycle-end id="497" type="scavenge" contextid="491" timestamp="2019-08-02T20:08:38.794" />
  <attribute name="elasticGC enabled" value="1" />
  <attribute name= "numThreadsSpecified" value="0" />
  <attribute name="heapSize specified" value="0" />
  <attribute name= "numCores" value="8" />
  <attribute name ="GC Interval" value="1000" />
  <attribute name ="Control flow" value="2" />
  <attribute name="GC Util Range Max" value="25" />
  <attribute name="Current GC Util" value="66" />
  <attribute name= "Current Time Running" value="1029" />
<allocation-satisfied id="498" threadId="0000000001C23F00" bytesRequested="16392" />
<af-end id="499" timestamp="2019-08-02T20:08:38.794" threadId="0000000001C24888" success="true" from="nursery"/>
<exclusive-end id="500" timestamp="2019-08-02T20:08:38.794" durationms="1.424" />

<exclusive-start id="501" timestamp="2019-08-02T20:08:38.807" intervalms="14.529">
  <response-info timems="0.039" idlems="0.039" threads="0" lastid="0000000001C23F00" lastname="Thread-6" />
</exclusive-start>
<af-start id="502" threadId="0000000001C24888" totalBytesRequested="16392" timestamp="2019-08-02T20:08:38.808" intervalms="14.680" type="nursery" />
<cycle-start id="503" type="scavenge" contextid="0" timestamp="2019-08-02T20:08:38.808" intervalms="14.690" />
<gc-start id="504" type="scavenge" contextid="503" timestamp="2019-08-02T20:08:38.808">
  <mem-info id="505" free="1250104" total="8781824" percent="14">
    <mem type="nursery" free="0" total="2490368" percent="0">
      <mem type="allocate" free="0" total="1441792" percent="0" />
      <mem type="survivor" free="0" total="1048576" percent="0" />
    </mem>
    <mem type="tenure" free="1250104" total="6291456" percent="19">
      <mem type="soa" free="935736" total="5977088" percent="15" />
      <mem type="loa" free="314368" total="314368" percent="100" />
    </mem>
    <remembered-set count="396" />
  </mem-info>
</gc-start>
<allocation-stats totalBytes="1045576" >
  <allocated-bytes non-tlh="163896" tlh="881680" />
  <largest-consumer threadName="Thread-6" threadId="0000000001C23F00" bytes="389472" />
</allocation-stats>
<gc-op id="506" type="scavenge" timems="0.724" contextid="503" timestamp="2019-08-02T20:08:38.808">
  <scavenger-info tenureage="1" tenuremask="7ffe" tiltratio="57" />
  <memory-copied type="nursery" objects="488" bytes="292752" bytesdiscarded="223392" />
  <memory-copied type="tenure" objects="460" bytes="131376" bytesdiscarded="56" />
</gc-op>
<gc-end id="507" type="scavenge" contextid="503" durationms="0.949" usertimems="0.000" systemtimems="0.000" timestamp="2019-08-02T20:08:38.809" activeThreads="8">
  <mem-info id="508" free="2102648" total="8781824" percent="23">
    <mem type="nursery" free="1056688" total="2490368" percent="42">
      <mem type="allocate" free="1056688" total="1572864" percent="67" />
      <mem type="survivor" free="0" total="917504" percent="0" />
    </mem>
    <mem type="tenure" free="1045960" total="6291456" percent="16">
      <mem type="soa" free="731592" total="5977088" percent="12" />
      <mem type="loa" free="314368" total="314368" percent="100" />
    </mem>
    <remembered-set count="242" />
  </mem-info>
</gc-end>
<cycle-end id="509" type="scavenge" contextid="503" timestamp="2019-08-02T20:08:38.809" />
  <attribute name="elasticGC enabled" value="1" />
  <attribute name= "numThreadsSpecified" value="0" />
  <attribute name="heapSize specified" value="0" />
  <attribute name= "numCores" value="8" />
  <attribute name ="GC Interval" value="1100" />
  <attribute name ="Control flow" value="2" />
  <attribute name="GC Util Range Max" value="25" />
  <attribute name="Current GC Util" value="18" />
  <attribute name= "Current Time Running" value="1044" />
<allocation-satisfied id="510" threadId="0000000001C23F00" bytesRequested="16392" />
<af-end id="511" timestamp="2019-08-02T20:08:38.809" threadId="0000000001C24888" success="true" from="nursery"/>
<exclusive-end id="512" timestamp="2019-08-02T20:08:38.809" durationms="1.572" />

<exclusive-start id="513" timestamp="2019-08-02T20:08:38.817" intervalms="9.559">
  <response-info timems="0.036" idlems="0.036" threads="0" lastid="0000000001C23F00" lastname="Thread-6" />
</exclusive-start>
<af-start id="514" threadId="0000000001C24888" totalBytesRequested="8200" timestamp="2019-08-02T20:08:38.817" intervalms="9.502" type="nursery" />
<cycle-start id="515" type="scavenge" contextid="0" timestamp="2019-08-02T20:08:38.817" intervalms="9.497" />
<gc-start id="516" type="scavenge" contextid="515" timestamp="2019-08-02T20:08:38.817">
  <mem-info id="517" free="1045960" total="8781824" percent="11">
    <mem type="nursery" free="0" total="2490368" percent="0">
      <mem type="allocate" free="0" total="1572864" percent="0" />
      <mem type="survivor" free="0" total="917504" percent="0" />
    </mem>
    <mem type="tenure" free="1045960" total="6291456" percent="16">
      <mem type="soa" free="731592" total="5977088" percent="12" />
      <mem type="loa" free="314368" total="314368" percent="100" />
    </mem>
    <remembered-set count="408" />
  </mem-info>
</gc-start>
<allocation-stats totalBytes="1000488" >
  <allocated-bytes non-tlh="139312" tlh="861176" />
  <largest-consumer threadName="Thread-3" threadId="0000000001C18B00" bytes="366272" />
</allocation-stats>
<gc-op id="518" type="scavenge" timems="0.660" contextid="515" timestamp="2019-08-02T20:08:38.818">
  <scavenger-info tenureage="1" tenuremask="7ffe" tiltratio="63" />
  <memory-copied type="nursery" objects="1201" bytes="348512" bytesdiscarded="253344" />
  <memory-copied type="tenure" objects="405" bytes="269752" bytesdiscarded="864" />
  <references type="weak" candidates="1" cleared="0" enqueued="0" />
  <references type="phantom" candidates="1" cleared="0" enqueued="0" />
</gc-op>
<gc-end id="519" type="scavenge" contextid="515" durationms="0.875" usertimems="4.000" systemtimems="0.000" timestamp="2019-08-02T20:08:38.818" activeThreads="8">
  <mem-info id="520" free="1822112" total="8781824" percent="20">
    <mem type="nursery" free="1036520" total="2490368" percent="41">
      <mem type="allocate" free="1036520" total="1638400" percent="63" />
      <mem type="survivor" free="0" total="851968" percent="0" />
    </mem>
    <mem type="tenure" free="785592" total="6291456" percent="12">
      <mem type="soa" free="471224" total="5977088" percent="7" />
      <mem type="loa" free="314368" total="314368" percent="100" />
    </mem>
    <remembered-set count="219" />
  </mem-info>
</gc-end>
<cycle-end id="521" type="scavenge" contextid="515" timestamp="2019-08-02T20:08:38.818" />
  <attribute name="elasticGC enabled" value="1" />
  <attribute name= "numThreadsSpecified" value="0" />
  <attribute name="heapSize specified" value="0" />
  <attribute name= "numCores" value="8" />
  <attribute name ="GC Interval" value="1100" />
  <attribute name ="Control flow" value="2" />
  <attribute name="GC Util Range Max" value="25" />
  <attribute name="Current GC Util" value="22" />
  <attribute name= "Current Time Running" value="1053" />
<allocation-satisfied id="522" threadId="0000000001C23F00" bytesRequested="8200" />
<af-end id="523" timestamp="2019-08-02T20:08:38.818" threadId="0000000001C24888" success="true" from="nursery"/>
<exclusive-end id="524" timestamp="2019-08-02T20:08:38.818" durationms="1.436" />

<concurrent-kickoff id="525" timestamp="2019-08-02T20:08:38.824">
  <kickoff reason="threshold reached" targetBytes="2558423" thresholdFreeBytes="340162"  remainingFree="331976" tenureFreeBytes="785592" nurseryFreeBytes="331976" />
</concurrent-kickoff>
<exclusive-start id="526" timestamp="2019-08-02T20:08:38.825" intervalms="7.679">
  <response-info timems="0.076" idlems="0.076" threads="0" lastid="0000000001C32F00" lastname="Thread-10" />
</exclusive-start>
<cycle-start id="527" type="global" contextid="0" timestamp="2019-08-02T20:08:38.825" intervalms="48.286" />
<exclusive-end id="528" timestamp="2019-08-02T20:08:38.825" durationms="0.173" />

<exclusive-start id="529" timestamp="2019-08-02T20:08:38.829" intervalms="4.454">
  <response-info timems="0.043" idlems="0.043" threads="0" lastid="0000000001C32F00" lastname="Thread-10" />
</exclusive-start>
<af-start id="530" threadId="0000000001C33888" totalBytesRequested="112" timestamp="2019-08-02T20:08:38.829" intervalms="12.039" type="nursery" />
<cycle-start id="531" type="scavenge" contextid="0" timestamp="2019-08-02T20:08:38.829" intervalms="12.036" />
<gc-start id="532" type="scavenge" contextid="531" timestamp="2019-08-02T20:08:38.829">
  <mem-info id="533" free="785592" total="8781824" percent="8">
    <mem type="nursery" free="0" total="2490368" percent="0">
      <mem type="allocate" free="0" total="1638400" percent="0" />
      <mem type="survivor" free="0" total="851968" percent="0" />
    </mem>
    <mem type="tenure" free="785592" total="6291456" percent="12">
      <mem type="soa" free="471224" total="5977088" percent="7" />
      <mem type="loa" free="314368" total="314368" percent="100" />
    </mem>
    <remembered-set count="350" />
  </mem-info>
</gc-start>
<allocation-stats totalBytes="990616" >
  <allocated-bytes non-tlh="122920" tlh="867696" />
  <largest-consumer threadName="Thread-5" threadId="0000000001C20300" bytes="375104" />
</allocation-stats>
<gc-op id="534" type="scavenge" timems="0.464" contextid="531" timestamp="2019-08-02T20:08:38.830">
  <scavenger-info tenureage="1" tenuremask="7ffe" tiltratio="65" />
  <memory-copied type="nursery" objects="888" bytes="376328" bytesdiscarded="475600" />
  <memory-copied type="tenure" objects="1289" bytes="416128" bytesdiscarded="896" />
  <copy-failed type="nursery" objects="162" bytes="71512" />
  <references type="phantom" candidates="2" cleared="0" enqueued="0" />
</gc-op>
<gc-end id="535" type="scavenge" contextid="531" durationms="0.669" usertimems="0.000" systemtimems="0.000" timestamp="2019-08-02T20:08:38.830" activeThreads="8">
  <mem-info id="536" free="1327632" total="8781824" percent="15">
    <mem type="nursery" free="983040" total="2490368" percent="39">
      <mem type="allocate" free="983040" total="1835008" percent="53" />
      <mem type="survivor" free="0" total="655360" percent="0" />
    </mem>
    <mem type="tenure" free="344592" total="6291456" percent="5">
      <mem type="soa" free="30224" total="5977088" percent="0" />
      <mem type="loa" free="314368" total="314368" percent="100" />
    </mem>
    <remembered-set count="241" />
  </mem-info>
</gc-end>
<cycle-end id="537" type="scavenge" contextid="531" timestamp="2019-08-02T20:08:38.830" />
  <attribute name="elasticGC enabled" value="1" />
  <attribute name= "numThreadsSpecified" value="0" />
  <attribute name="heapSize specified" value="0" />
  <attribute name= "numCores" value="8" />
  <attribute name ="GC Interval" value="1100" />
  <attribute name ="Control flow" value="2" />
  <attribute name="GC Util Range Max" value="25" />
  <attribute name="Current GC Util" value="16" />
  <attribute name= "Current Time Running" value="1065" />
<allocation-satisfied id="538" threadId="0000000001C32F00" bytesRequested="112" />
<af-end id="539" timestamp="2019-08-02T20:08:38.830" threadId="0000000001C33888" success="true" from="nursery"/>
<exclusive-end id="540" timestamp="2019-08-02T20:08:38.830" durationms="1.122" />

<exclusive-start id="541" timestamp="2019-08-02T20:08:38.837" intervalms="7.674">
  <response-info timems="0.059" idlems="0.058" threads="1" lastid="0000000001C18B00" lastname="Thread-3" />
</exclusive-start>
<af-start id="542" threadId="0000000001C2FC88" totalBytesRequested="16392" timestamp="2019-08-02T20:08:38.837" intervalms="7.660" type="nursery" />
<percolate-collect id="543" from="nursery" to="global" reason="concurrent mark exhausted" timestamp="2019-08-02T20:08:38.837"/>
<gc-start id="544" type="global" contextid="527" timestamp="2019-08-02T20:08:38.837">
  <mem-info id="545" free="344592" total="8781824" percent="3">
    <mem type="nursery" free="0" total="2490368" percent="0">
      <mem type="allocate" free="0" total="1835008" percent="0" />
      <mem type="survivor" free="0" total="655360" percent="0" />
    </mem>
    <mem type="tenure" free="344592" total="6291456" percent="5">
      <mem type="soa" free="30224" total="5977088" percent="0" />
      <mem type="loa" free="314368" total="314368" percent="100" />
    </mem>
    <remembered-set count="292" />
  </mem-info>
</gc-start>
<allocation-stats totalBytes="921616" >
  <allocated-bytes non-tlh="147616" tlh="774000" />
  <largest-consumer threadName="Thread-10" threadId="0000000001C32F00" bytes="367336" />
</allocation-stats>
<concurrent-halted id="546" timestamp="2019-08-02T20:08:38.837">
  <halted state="Complete" status="exhausted" />
  <traced bytesTarget="2558423" bytesTotal="2453912" bytesByMutator="1561764" bytesByHelper="892148" percent="95" />
  <cards cleaned="323" thresholdBytes="134002" />
</concurrent-halted>
<gc-op id="547" type="rs-scan" timems="0.158" contextid="527" timestamp="2019-08-02T20:08:38.837">
  <scan objectsFound="203" bytesTraced="28840" workStackOverflowCount="0" />
</gc-op>
<gc-op id="548" type="card-cleaning" timems="0.154" contextid="527" timestamp="2019-08-02T20:08:38.837">
  <card-cleaning cardsCleaned="24" bytesTraced="502680" workStackOverflowCount="0" />
</gc-op>
<gc-op id="549" type="mark" timems="0.546" contextid="527" timestamp="2019-08-02T20:08:38.838">
  <trace-info objectcount="1476" scancount="1294" scanbytes="251484" />
  <finalization candidates="25" enqueued="0" />
  <references type="soft" candidates="168" cleared="0" enqueued="0" dynamicThreshold="9" maxThreshold="32" />
  <references type="weak" candidates="249" cleared="0" enqueued="0" />
  <references type="phantom" candidates="72" cleared="0" enqueued="0" />
  <stringconstants candidates="3963" cleared="0"  />
</gc-op>
<gc-op id="550" type="sweep" timems="0.234" contextid="527" timestamp="2019-08-02T20:08:38.838" />
<gc-end id="551" type="global" contextid="527" durationms="1.788" usertimems="0.000" systemtimems="0.000" timestamp="2019-08-02T20:08:38.839" activeThreads="8">
  <mem-info id="552" free="3225304" total="8781824" percent="36">
    <mem type="nursery" free="1038600" total="2490368" percent="41">
      <mem type="allocate" free="1038600" total="1835008" percent="56" />
      <mem type="survivor" free="0" total="655360" percent="0" />
    </mem>
    <mem type="tenure" free="2186704" total="6291456" percent="34" micro-fragmented="32593" macro-fragmented="0">
      <mem type="soa" free="1872336" total="5977088" percent="31" />
      <mem type="loa" free="314368" total="314368" percent="100" />
    </mem>
    <remembered-set count="274" />
  </mem-info>
</gc-end>
<cycle-end id="553" type="global" contextid="527" timestamp="2019-08-02T20:08:38.839" />
  <attribute name="elasticGC enabled" value="1" />
  <attribute name= "numThreadsSpecified" value="0" />
  <attribute name="heapSize specified" value="0" />
  <attribute name= "numCores" value="8" />
  <attribute name ="GC Interval" value="1100" />
  <attribute name ="Control flow" value="2" />
  <attribute name="GC Util Range Max" value="25" />
  <attribute name="Current GC Util" value="53" />
  <attribute name= "Current Time Running" value="1074" />
<allocation-satisfied id="554" threadId="0000000001C2F300" bytesRequested="16392" />
<af-end id="555" timestamp="2019-08-02T20:08:38.839" threadId="0000000001C2FC88" success="true" from="nursery"/>
<exclusive-end id="556" timestamp="2019-08-02T20:08:38.839" durationms="2.154" />

<exclusive-start id="557" timestamp="2019-08-02T20:08:38.851" intervalms="14.498">
  <response-info timems="0.037" idlems="0.037" threads="0" lastid="0000000001C20300" lastname="Thread-5" />
</exclusive-start>
<af-start id="558" threadId="0000000001C20C88" totalBytesRequested="272" timestamp="2019-08-02T20:08:38.851" intervalms="14.598" type="nursery" />
<cycle-start id="559" type="scavenge" contextid="0" timestamp="2019-08-02T20:08:38.851" intervalms="22.259" />
<gc-start id="560" type="scavenge" contextid="559" timestamp="2019-08-02T20:08:38.851">
  <mem-info id="561" free="2186704" total="8781824" percent="24">
    <mem type="nursery" free="0" total="2490368" percent="0">
      <mem type="allocate" free="0" total="1835008" percent="0" />
      <mem type="survivor" free="0" total="655360" percent="0" />
    </mem>
    <mem type="tenure" free="2186704" total="6291456" percent="34">
      <mem type="soa" free="1872336" total="5977088" percent="31" />
      <mem type="loa" free="314368" total="314368" percent="100" />
    </mem>
    <remembered-set count="427" />
  </mem-info>
</gc-start>
<allocation-stats totalBytes="1017888" >
  <allocated-bytes non-tlh="258112" tlh="759776" />
  <largest-consumer threadName="Thread-3" threadId="0000000001C18B00" bytes="374360" />
</allocation-stats>
<gc-op id="562" type="scavenge" timems="1.138" contextid="559" timestamp="2019-08-02T20:08:38.853">
  <scavenger-info tenureage="1" tenuremask="7ffe" tiltratio="73" />
  <memory-copied type="nursery" objects="1293" bytes="654560" bytesdiscarded="744" />
  <memory-copied type="tenure" objects="1213" bytes="347104" bytesdiscarded="3920" />
  <copy-failed type="nursery" objects="824" bytes="201176" />
  <references type="weak" candidates="1" cleared="0" enqueued="0" />
  <references type="phantom" candidates="1" cleared="0" enqueued="0" />
</gc-op>
<gc-end id="563" type="scavenge" contextid="559" durationms="1.360" usertimems="0.000" systemtimems="0.000" timestamp="2019-08-02T20:08:38.853" activeThreads="8">
  <mem-info id="564" free="2308696" total="8781824" percent="26">
    <mem type="nursery" free="589824" total="2490368" percent="23">
      <mem type="allocate" free="589824" total="1245184" percent="47" />
      <mem type="survivor" free="0" total="1245184" percent="0" />
    </mem>
    <mem type="tenure" free="1718872" total="6291456" percent="27">
      <mem type="soa" free="1404504" total="5977088" percent="23" />
      <mem type="loa" free="314368" total="314368" percent="100" />
    </mem>
    <remembered-set count="289" />
  </mem-info>
</gc-end>
<cycle-end id="565" type="scavenge" contextid="559" timestamp="2019-08-02T20:08:38.853" />
  <attribute name="elasticGC enabled" value="1" />
  <attribute name= "numThreadsSpecified" value="0" />
  <attribute name="heapSize specified" value="0" />
  <attribute name= "numCores" value="8" />
  <attribute name ="GC Interval" value="1300" />
  <attribute name ="Control flow" value="2" />
  <attribute name="GC Util Range Max" value="25" />
  <attribute name="Current GC Util" value="26" />
  <attribute name= "Current Time Running" value="1088" />
<allocation-satisfied id="566" threadId="0000000001C20300" bytesRequested="272" />
<af-end id="567" timestamp="2019-08-02T20:08:38.853" threadId="0000000001C20C88" success="true" from="nursery"/>
<exclusive-end id="568" timestamp="2019-08-02T20:08:38.853" durationms="1.910" />

<exclusive-start id="569" timestamp="2019-08-02T20:08:38.862" intervalms="10.963">
  <response-info timems="0.054" idlems="0.054" threads="0" lastid="0000000001C2B700" lastname="Thread-8" />
</exclusive-start>
<af-start id="570" threadId="0000000001C2C088" totalBytesRequested="16" timestamp="2019-08-02T20:08:38.862" intervalms="10.944" type="nursery" />
<cycle-start id="571" type="scavenge" contextid="0" timestamp="2019-08-02T20:08:38.862" intervalms="10.939" />
<gc-start id="572" type="scavenge" contextid="571" timestamp="2019-08-02T20:08:38.862">
  <mem-info id="573" free="1718872" total="8781824" percent="19">
    <mem type="nursery" free="0" total="2490368" percent="0">
      <mem type="allocate" free="0" total="1245184" percent="0" />
      <mem type="survivor" free="0" total="1245184" percent="0" />
    </mem>
    <mem type="tenure" free="1718872" total="6291456" percent="27">
      <mem type="soa" free="1404504" total="5977088" percent="23" />
      <mem type="loa" free="314368" total="314368" percent="100" />
    </mem>
    <remembered-set count="398" />
  </mem-info>
</gc-start>
<allocation-stats totalBytes="563968" >
  <allocated-bytes non-tlh="33048" tlh="530920" />
  <largest-consumer threadName="Thread-5" threadId="0000000001C20300" bytes="306288" />
</allocation-stats>
<gc-op id="574" type="scavenge" timems="0.394" contextid="571" timestamp="2019-08-02T20:08:38.863">
  <scavenger-info tenureage="1" tenuremask="7ffe" tiltratio="50" />
  <memory-copied type="nursery" objects="691" bytes="256984" bytesdiscarded="320056" />
  <memory-copied type="tenure" objects="1249" bytes="651576" bytesdiscarded="6224" />
  <references type="phantom" candidates="1" cleared="0" enqueued="0" />
</gc-op>
<gc-end id="575" type="scavenge" contextid="571" durationms="0.582" usertimems="0.000" systemtimems="0.000" timestamp="2019-08-02T20:08:38.863" activeThreads="8">
  <mem-info id="576" free="1719072" total="8781824" percent="19">
    <mem type="nursery" free="668128" total="2490368" percent="26">
      <mem type="allocate" free="668128" total="1245184" percent="53" />
      <mem type="survivor" free="0" total="1245184" percent="0" />
    </mem>
    <mem type="tenure" free="1050944" total="6291456" percent="16">
      <mem type="soa" free="736576" total="5977088" percent="12" />
      <mem type="loa" free="314368" total="314368" percent="100" />
    </mem>
    <remembered-set count="240" />
  </mem-info>
</gc-end>
<cycle-end id="577" type="scavenge" contextid="571" timestamp="2019-08-02T20:08:38.863" />
  <attribute name="elasticGC enabled" value="1" />
  <attribute name= "numThreadsSpecified" value="0" />
  <attribute name="heapSize specified" value="0" />
  <attribute name= "numCores" value="8" />
  <attribute name ="GC Interval" value="1400" />
  <attribute name ="Control flow" value="2" />
  <attribute name="GC Util Range Max" value="25" />
  <attribute name="Current GC Util" value="22" />
  <attribute name= "Current Time Running" value="1098" />
<allocation-satisfied id="578" threadId="0000000001C2B700" bytesRequested="16" />
<af-end id="579" timestamp="2019-08-02T20:08:38.863" threadId="0000000001C2C088" success="true" from="nursery"/>
<exclusive-end id="580" timestamp="2019-08-02T20:08:38.863" durationms="1.073" />

<concurrent-kickoff id="581" timestamp="2019-08-02T20:08:38.871">
  <kickoff reason="threshold reached" targetBytes="2546821" thresholdFreeBytes="335743"  remainingFree="307664" tenureFreeBytes="1050944" nurseryFreeBytes="307664" />
</concurrent-kickoff>
<exclusive-start id="582" timestamp="2019-08-02T20:08:38.871" intervalms="9.214">
  <response-info timems="0.045" idlems="0.045" threads="0" lastid="0000000001C18B00" lastname="Thread-3" />
</exclusive-start>
<cycle-start id="583" type="global" contextid="0" timestamp="2019-08-02T20:08:38.871" intervalms="46.815" />
<exclusive-end id="584" timestamp="2019-08-02T20:08:38.871" durationms="0.168" />

<exclusive-start id="585" timestamp="2019-08-02T20:08:38.877" intervalms="5.372">
  <response-info timems="0.040" idlems="0.040" threads="0" lastid="0000000001C2B700" lastname="Thread-8" />
</exclusive-start>
<af-start id="586" threadId="0000000001C2C088" totalBytesRequested="16392" timestamp="2019-08-02T20:08:38.877" intervalms="14.518" type="nursery" />
<cycle-start id="587" type="scavenge" contextid="0" timestamp="2019-08-02T20:08:38.877" intervalms="14.520" />
<gc-start id="588" type="scavenge" contextid="587" timestamp="2019-08-02T20:08:38.877">
  <mem-info id="589" free="1050944" total="8781824" percent="11">
    <mem type="nursery" free="0" total="2490368" percent="0">
      <mem type="allocate" free="0" total="1245184" percent="0" />
      <mem type="survivor" free="0" total="1245184" percent="0" />
    </mem>
    <mem type="tenure" free="1050944" total="6291456" percent="16">
      <mem type="soa" free="736576" total="5977088" percent="12" />
      <mem type="loa" free="314368" total="314368" percent="100" />
    </mem>
    <remembered-set count="383" />
  </mem-info>
</gc-start>
<allocation-stats totalBytes="650224" >
  <allocated-bytes non-tlh="49184" tlh="601040" />
  <largest-consumer threadName="Thread-8" threadId="0000000001C2B700" bytes="183000" />
</allocation-stats>
<gc-op id="590" type="scavenge" timems="0.365" contextid="587" timestamp="2019-08-02T20:08:38.877">
  <scavenger-info tenureage="1" tenuremask="7ffe" tiltratio="50" />
  <memory-copied type="nursery" objects="331" bytes="119080" bytesdiscarded="393216" />
  <memory-copied type="tenure" objects="638" bytes="252440" bytesdiscarded="5552" />
</gc-op>
<gc-end id="591" type="scavenge" contextid="587" durationms="0.564" usertimems="0.000" systemtimems="0.000" timestamp="2019-08-02T20:08:38.877" activeThreads="8">
  <mem-info id="592" free="1587608" total="8781824" percent="18">
    <mem type="nursery" free="798408" total="2490368" percent="32">
      <mem type="allocate" free="798408" total="1310720" percent="60" />
      <mem type="survivor" free="0" total="1179648" percent="0" />
    </mem>
    <mem type="tenure" free="789200" total="6291456" percent="12">
      <mem type="soa" free="474832" total="5977088" percent="7" />
      <mem type="loa" free="314368" total="314368" percent="100" />
    </mem>
    <remembered-set count="269" />
  </mem-info>
</gc-end>
<cycle-end id="593" type="scavenge" contextid="587" timestamp="2019-08-02T20:08:38.878" />
  <attribute name="elasticGC enabled" value="1" />
  <attribute name= "numThreadsSpecified" value="0" />
  <attribute name="heapSize specified" value="0" />
  <attribute name= "numCores" value="8" />
  <attribute name ="GC Interval" value="1400" />
  <attribute name ="Control flow" value="2" />
  <attribute name="GC Util Range Max" value="25" />
  <attribute name="Current GC Util" value="10" />
  <attribute name= "Current Time Running" value="1113" />
<allocation-satisfied id="594" threadId="0000000001C2B700" bytesRequested="16392" />
<af-end id="595" timestamp="2019-08-02T20:08:38.878" threadId="0000000001C2C088" success="true" from="nursery"/>
<exclusive-end id="596" timestamp="2019-08-02T20:08:38.878" durationms="0.993" />

<exclusive-start id="597" timestamp="2019-08-02T20:08:38.883" intervalms="6.153">
  <response-info timems="0.060" idlems="0.060" threads="0" lastid="0000000001C20300" lastname="Thread-5" />
</exclusive-start>
<af-start id="598" threadId="0000000001C20C88" totalBytesRequested="48" timestamp="2019-08-02T20:08:38.883" intervalms="6.148" type="nursery" />
<percolate-collect id="599" from="nursery" to="global" reason="concurrent mark exhausted" timestamp="2019-08-02T20:08:38.883"/>
<gc-start id="600" type="global" contextid="583" timestamp="2019-08-02T20:08:38.883">
  <mem-info id="601" free="789200" total="8781824" percent="8">
    <mem type="nursery" free="0" total="2490368" percent="0">
      <mem type="allocate" free="0" total="1310720" percent="0" />
      <mem type="survivor" free="0" total="1179648" percent="0" />
    </mem>
    <mem type="tenure" free="789200" total="6291456" percent="12">
      <mem type="soa" free="474832" total="5977088" percent="7" />
      <mem type="loa" free="314368" total="314368" percent="100" />
    </mem>
    <remembered-set count="333" />
  </mem-info>
</gc-start>
<allocation-stats totalBytes="774648" >
  <allocated-bytes non-tlh="163896" tlh="610752" />
  <largest-consumer threadName="Thread-10" threadId="0000000001C32F00" bytes="382568" />
</allocation-stats>
<concurrent-halted id="602" timestamp="2019-08-02T20:08:38.883">
  <halted state="Complete" status="exhausted" />
  <traced bytesTarget="2546821" bytesTotal="2890040" bytesByMutator="1105636" bytesByHelper="1784404" percent="113" />
  <cards cleaned="341" thresholdBytes="132262" />
</concurrent-halted>
<gc-op id="603" type="rs-scan" timems="0.549" contextid="583" timestamp="2019-08-02T20:08:38.884">
  <scan objectsFound="233" bytesTraced="39544" workStackOverflowCount="0" />
</gc-op>
<gc-op id="604" type="card-cleaning" timems="0.455" contextid="583" timestamp="2019-08-02T20:08:38.884">
  <card-cleaning cardsCleaned="96" bytesTraced="784920" workStackOverflowCount="0" />
</gc-op>
<gc-op id="605" type="mark" timems="0.900" contextid="583" timestamp="2019-08-02T20:08:38.885">
  <trace-info objectcount="243" scancount="211" scanbytes="5864" />
  <finalization candidates="25" enqueued="0" />
  <references type="soft" candidates="168" cleared="0" enqueued="0" dynamicThreshold="11" maxThreshold="32" />
  <references type="weak" candidates="249" cleared="0" enqueued="0" />
  <references type="phantom" candidates="71" cleared="0" enqueued="0" />
  <stringconstants candidates="3963" cleared="0"  />
</gc-op>
<gc-op id="606" type="sweep" timems="0.792" contextid="583" timestamp="2019-08-02T20:08:38.886" />
<gc-end id="607" type="global" contextid="583" durationms="3.912" usertimems="12.000" systemtimems="0.000" timestamp="2019-08-02T20:08:38.887" activeThreads="8">
  <mem-info id="608" free="2472456" total="8781824" percent="28">
    <mem type="nursery" free="747232" total="2490368" percent="30">
      <mem type="allocate" free="747232" total="1310720" percent="57" />
      <mem type="survivor" free="0" total="1179648" percent="0" />
    </mem>
    <mem type="tenure" free="1725224" total="6291456" percent="27" micro-fragmented="68900" macro-fragmented="0">
      <mem type="soa" free="1410856" total="5977088" percent="23" />
      <mem type="loa" free="314368" total="314368" percent="100" />
    </mem>
    <remembered-set count="329" />
  </mem-info>
</gc-end>
<cycle-end id="609" type="global" contextid="583" timestamp="2019-08-02T20:08:38.887" />
  <attribute name="elasticGC enabled" value="1" />
  <attribute name= "numThreadsSpecified" value="0" />
  <attribute name="heapSize specified" value="0" />
  <attribute name= "numCores" value="8" />
  <attribute name ="GC Interval" value="1400" />
  <attribute name ="Control flow" value="2" />
  <attribute name="GC Util Range Max" value="25" />
  <attribute name="Current GC Util" value="211" />
  <attribute name= "Current Time Running" value="1122" />
<allocation-satisfied id="610" threadId="0000000001C20300" bytesRequested="48" />
<af-end id="611" timestamp="2019-08-02T20:08:38.887" threadId="0000000001C20C88" success="true" from="nursery"/>
<exclusive-end id="612" timestamp="2019-08-02T20:08:38.887" durationms="4.370" />

<exclusive-start id="613" timestamp="2019-08-02T20:08:38.902" intervalms="18.865">
  <response-info timems="0.041" idlems="0.041" threads="0" lastid="0000000001C23F00" lastname="Thread-6" />
</exclusive-start>
<af-start id="614" threadId="0000000001C24888" totalBytesRequested="16" timestamp="2019-08-02T20:08:38.902" intervalms="18.997" type="nursery" />
<cycle-start id="615" type="scavenge" contextid="0" timestamp="2019-08-02T20:08:38.902" intervalms="25.148" />
<gc-start id="616" type="scavenge" contextid="615" timestamp="2019-08-02T20:08:38.902">
  <mem-info id="617" free="1725224" total="8781824" percent="19">
    <mem type="nursery" free="0" total="2490368" percent="0">
      <mem type="allocate" free="0" total="1310720" percent="0" />
      <mem type="survivor" free="0" total="1179648" percent="0" />
    </mem>
    <mem type="tenure" free="1725224" total="6291456" percent="27">
      <mem type="soa" free="1410856" total="5977088" percent="23" />
      <mem type="loa" free="314368" total="314368" percent="100" />
    </mem>
    <remembered-set count="435" />
  </mem-info>
</gc-start>
<allocation-stats totalBytes="740056" >
  <allocated-bytes non-tlh="209080" tlh="530976" />
  <largest-consumer threadName="Thread-9" threadId="0000000001C2F300" bytes="356536" />
</allocation-stats>
<gc-op id="618" type="scavenge" timems="0.515" contextid="615" timestamp="2019-08-02T20:08:38.903">
  <scavenger-info tenureage="2" tenuremask="7ffc" tiltratio="52" />
  <memory-copied type="nursery" objects="2098" bytes="802888" bytesdiscarded="194520" />
</gc-op>
<gc-end id="619" type="scavenge" contextid="615" durationms="0.724" usertimems="0.000" systemtimems="0.000" timestamp="2019-08-02T20:08:38.903" activeThreads="8">
  <mem-info id="620" free="1972928" total="8781824" percent="22">
    <mem type="nursery" free="247704" total="2490368" percent="9">
      <mem type="allocate" free="247704" total="1245184" percent="19" />
      <mem type="survivor" free="0" total="1245184" percent="0" />
    </mem>
    <mem type="tenure" free="1725224" total="6291456" percent="27">
      <mem type="soa" free="1410856" total="5977088" percent="23" />
      <mem type="loa" free="314368" total="314368" percent="100" />
    </mem>
    <remembered-set count="270" />
  </mem-info>
</gc-end>
<cycle-end id="621" type="scavenge" contextid="615" timestamp="2019-08-02T20:08:38.903" />
  <attribute name="elasticGC enabled" value="1" />
  <attribute name= "numThreadsSpecified" value="0" />
  <attribute name="heapSize specified" value="0" />
  <attribute name= "numCores" value="8" />
  <attribute name ="GC Interval" value="1600" />
  <attribute name ="Control flow" value="2" />
  <attribute name="GC Util Range Max" value="25" />
  <attribute name="Current GC Util" value="27" />
  <attribute name= "Current Time Running" value="1138" />
<allocation-satisfied id="622" threadId="0000000001C23F00" bytesRequested="16" />
<af-end id="623" timestamp="2019-08-02T20:08:38.903" threadId="0000000001C24888" success="true" from="nursery"/>
<exclusive-end id="624" timestamp="2019-08-02T20:08:38.903" durationms="1.317" />

<exclusive-start id="625" timestamp="2019-08-02T20:08:38.905" intervalms="2.994">
  <response-info timems="0.041" idlems="0.041" threads="0" lastid="0000000001C18B00" lastname="Thread-3" />
</exclusive-start>
<af-start id="626" threadId="0000000001C19488" totalBytesRequested="32776" timestamp="2019-08-02T20:08:38.905" intervalms="2.859" type="nursery" />
<cycle-start id="627" type="scavenge" contextid="0" timestamp="2019-08-02T20:08:38.905" intervalms="2.853" />
<gc-start id="628" type="scavenge" contextid="627" timestamp="2019-08-02T20:08:38.905">
  <mem-info id="629" free="1725224" total="8781824" percent="19">
    <mem type="nursery" free="0" total="2490368" percent="0">
      <mem type="allocate" free="0" total="1245184" percent="0" />
      <mem type="survivor" free="0" total="1245184" percent="0" />
    </mem>
    <mem type="tenure" free="1725224" total="6291456" percent="27">
      <mem type="soa" free="1410856" total="5977088" percent="23" />
      <mem type="loa" free="314368" total="314368" percent="100" />
    </mem>
    <remembered-set count="358" />
  </mem-info>
</gc-start>
<allocation-stats totalBytes="247624" >
  <allocated-bytes non-tlh="16" tlh="247608" />
  <largest-consumer threadName="Thread-3" threadId="0000000001C18B00" bytes="55152" />
</allocation-stats>
<gc-op id="630" type="scavenge" timems="0.578" contextid="627" timestamp="2019-08-02T20:08:38.906">
  <scavenger-info tenureage="1" tenuremask="7ffe" tiltratio="50" />
  <memory-copied type="nursery" objects="153" bytes="10384" bytesdiscarded="361320" />
  <memory-copied type="tenure" objects="2050" bytes="800816" bytesdiscarded="9600" />
</gc-op>
<gc-end id="631" type="scavenge" contextid="627" durationms="0.930" usertimems="0.000" systemtimems="0.000" timestamp="2019-08-02T20:08:38.906" activeThreads="8">
  <mem-info id="632" free="1730480" total="8781824" percent="19">
    <mem type="nursery" free="873472" total="2490368" percent="35">
      <mem type="allocate" free="873472" total="1245184" percent="70" />
      <mem type="survivor" free="0" total="1245184" percent="0" />
    </mem>
    <mem type="tenure" free="857008" total="6291456" percent="13">
      <mem type="soa" free="542640" total="5977088" percent="9" />
      <mem type="loa" free="314368" total="314368" percent="100" />
    </mem>
    <remembered-set count="247" />
  </mem-info>
</gc-end>
<cycle-end id="633" type="scavenge" contextid="627" timestamp="2019-08-02T20:08:38.906" />
  <attribute name="elasticGC enabled" value="1" />
  <attribute name= "numThreadsSpecified" value="0" />
  <attribute name="heapSize specified" value="0" />
  <attribute name= "numCores" value="8" />
  <attribute name ="GC Interval" value="1800" />
  <attribute name ="Control flow" value="2" />
  <attribute name="GC Util Range Max" value="25" />
  <attribute name="Current GC Util" value="66" />
  <attribute name= "Current Time Running" value="1141" />
<allocation-satisfied id="634" threadId="0000000001C18B00" bytesRequested="32776" />
<af-end id="635" timestamp="2019-08-02T20:08:38.906" threadId="0000000001C19488" success="true" from="nursery"/>
<exclusive-end id="636" timestamp="2019-08-02T20:08:38.906" durationms="1.342" />

<concurrent-kickoff id="637" timestamp="2019-08-02T20:08:38.911">
  <kickoff reason="threshold reached" targetBytes="2623493" thresholdFreeBytes="341619"  remainingFree="336880" tenureFreeBytes="857008" nurseryFreeBytes="336880" />
</concurrent-kickoff>
<exclusive-start id="638" timestamp="2019-08-02T20:08:38.911" intervalms="6.276">
  <response-info timems="0.140" idlems="0.077" threads="1" lastid="0000000001C23F00" lastname="Thread-6" />
</exclusive-start>
<cycle-start id="639" type="global" contextid="0" timestamp="2019-08-02T20:08:38.911" intervalms="39.599" />
<exclusive-end id="640" timestamp="2019-08-02T20:08:38.911" durationms="0.102" />

<exclusive-start id="641" timestamp="2019-08-02T20:08:38.918" intervalms="7.287">
  <response-info timems="0.037" idlems="0.037" threads="0" lastid="0000000001C27B00" lastname="Thread-7" />
</exclusive-start>
<af-start id="642" threadId="0000000001C28488" totalBytesRequested="8200" timestamp="2019-08-02T20:08:38.919" intervalms="13.748" type="nursery" />
<cycle-start id="643" type="scavenge" contextid="0" timestamp="2019-08-02T20:08:38.919" intervalms="13.750" />
<gc-start id="644" type="scavenge" contextid="643" timestamp="2019-08-02T20:08:38.919">
  <mem-info id="645" free="857008" total="8781824" percent="9">
    <mem type="nursery" free="0" total="2490368" percent="0">
      <mem type="allocate" free="0" total="1245184" percent="0" />
      <mem type="survivor" free="0" total="1245184" percent="0" />
    </mem>
    <mem type="tenure" free="857008" total="6291456" percent="13">
      <mem type="soa" free="542640" total="5977088" percent="9" />
      <mem type="loa" free="314368" total="314368" percent="100" />
    </mem>
    <remembered-set count="400" />
  </mem-info>
</gc-start>
<allocation-stats totalBytes="840832" >
  <allocated-bytes non-tlh="114720" tlh="726112" />
  <largest-consumer threadName="Thread-3" threadId="0000000001C18B00" bytes="365736" />
</allocation-stats>
<gc-op id="646" type="scavenge" timems="0.767" contextid="643" timestamp="2019-08-02T20:08:38.920">
  <scavenger-info tenureage="2" tenuremask="7ffc" tiltratio="50" />
  <memory-copied type="nursery" objects="931" bytes="347232" bytesdiscarded="140200" />
  <references type="weak" candidates="1" cleared="0" enqueued="0" />
  <references type="phantom" candidates="1" cleared="0" enqueued="0" />
</gc-op>
<heap-resize id="647" type="expand" space="nursery" amount="131072" count="1" timems="0.016" reason="excessive time being spent scavenging" timestamp="2019-08-02T20:08:38.920" />
<gc-end id="648" type="scavenge" contextid="643" durationms="1.201" usertimems="0.000" systemtimems="0.000" timestamp="2019-08-02T20:08:38.920" activeThreads="8">
  <mem-info id="649" free="1680264" total="8912896" percent="18">
    <mem type="nursery" free="823256" total="2621440" percent="31">
      <mem type="allocate" free="823256" total="1310720" percent="62" />
      <mem type="survivor" free="0" total="1310720" percent="0" />
    </mem>
    <mem type="tenure" free="857008" total="6291456" percent="13">
      <mem type="soa" free="542640" total="5977088" percent="9" />
      <mem type="loa" free="314368" total="314368" percent="100" />
    </mem>
    <remembered-set count="261" />
  </mem-info>
</gc-end>
<cycle-end id="650" type="scavenge" contextid="643" timestamp="2019-08-02T20:08:38.920" />
  <attribute name="elasticGC enabled" value="1" />
  <attribute name= "numThreadsSpecified" value="0" />
  <attribute name="heapSize specified" value="0" />
  <attribute name= "numCores" value="8" />
  <attribute name ="GC Interval" value="1900" />
  <attribute name ="Control flow" value="2" />
  <attribute name="GC Util Range Max" value="25" />
  <attribute name="Current GC Util" value="15" />
  <attribute name= "Current Time Running" value="1155" />
<allocation-satisfied id="651" threadId="0000000001C27B00" bytesRequested="8200" />
<af-end id="652" timestamp="2019-08-02T20:08:38.920" threadId="0000000001C28488" success="true" from="nursery"/>
<exclusive-end id="653" timestamp="2019-08-02T20:08:38.920" durationms="2.093" />

<exclusive-start id="654" timestamp="2019-08-02T20:08:38.921" intervalms="2.518">
  <response-info timems="0.048" idlems="0.048" threads="0" lastid="0000000001C20300" lastname="Thread-5" />
</exclusive-start>
<concurrent-collection-start id="655" timestamp="2019-08-02T20:08:38.921" intervalms="304.918" >
  <concurrent-trace-info reason="card cleaning threshold reached" tracedByMutators="1013516" tracedByHelpers="1841252" cardsCleaned="279" workStackOverflowCount="0" />
</concurrent-collection-start>
<gc-start id="656" type="global" contextid="639" timestamp="2019-08-02T20:08:38.921">
  <mem-info id="657" free="1532808" total="8912896" percent="17">
    <mem type="nursery" free="675800" total="2621440" percent="25">
      <mem type="allocate" free="675800" total="1310720" percent="51" />
      <mem type="survivor" free="0" total="1310720" percent="0" />
    </mem>
    <mem type="tenure" free="857008" total="6291456" percent="13">
      <mem type="soa" free="542640" total="5977088" percent="9" />
      <mem type="loa" free="314368" total="314368" percent="100" />
    </mem>
    <remembered-set count="266" />
  </mem-info>
</gc-start>
<allocation-stats totalBytes="147456" >
  <allocated-bytes non-tlh="8200" tlh="139256" />
  <largest-consumer threadName="Thread-3" threadId="0000000001C18B00" bytes="32768" />
</allocation-stats>
<gc-op id="658" type="rs-scan" timems="0.524" contextid="639" timestamp="2019-08-02T20:08:38.922">
  <scan objectsFound="178" bytesTraced="41856" workStackOverflowCount="0" />
</gc-op>
<gc-op id="659" type="card-cleaning" timems="0.370" contextid="639" timestamp="2019-08-02T20:08:38.922">
  <card-cleaning cardsCleaned="48" bytesTraced="608164" workStackOverflowCount="0" />
</gc-op>
<gc-op id="660" type="mark" timems="0.925" contextid="639" timestamp="2019-08-02T20:08:38.923">
  <trace-info objectcount="296" scancount="257" scanbytes="24720" />
  <finalization candidates="25" enqueued="0" />
  <references type="soft" candidates="168" cleared="0" enqueued="0" dynamicThreshold="8" maxThreshold="32" />
  <references type="weak" candidates="250" cleared="0" enqueued="0" />
  <references type="phantom" candidates="72" cleared="0" enqueued="0" />
  <stringconstants candidates="3963" cleared="0"  />
</gc-op>
<gc-op id="661" type="sweep" timems="0.799" contextid="639" timestamp="2019-08-02T20:08:38.924" />
<gc-end id="662" type="global" contextid="639" durationms="3.759" usertimems="8.000" systemtimems="0.000" timestamp="2019-08-02T20:08:38.925" activeThreads="8">
  <mem-info id="663" free="2873344" total="8912896" percent="32">
    <mem type="nursery" free="990784" total="2621440" percent="37">
      <mem type="allocate" free="990784" total="1310720" percent="75" />
      <mem type="survivor" free="0" total="1310720" percent="0" />
    </mem>
    <mem type="tenure" free="1882560" total="6291456" percent="29" micro-fragmented="62375" macro-fragmented="0">
      <mem type="soa" free="1568192" total="5977088" percent="26" />
      <mem type="loa" free="314368" total="314368" percent="100" />
    </mem>
    <remembered-set count="253" />
  </mem-info>
</gc-end>
<cycle-end id="664" type="global" contextid="639" timestamp="2019-08-02T20:08:38.925" />
  <attribute name="elasticGC enabled" value="1" />
  <attribute name= "numThreadsSpecified" value="0" />
  <attribute name="heapSize specified" value="0" />
  <attribute name= "numCores" value="8" />
  <attribute name ="GC Interval" value="1900" />
  <attribute name ="Control flow" value="2" />
  <attribute name="GC Util Range Max" value="25" />
  <attribute name="Current GC Util" value="223" />
  <attribute name= "Current Time Running" value="1160" />
<concurrent-collection-end id="665" timestamp="2019-08-02T20:08:38.925" />
<exclusive-end id="666" timestamp="2019-08-02T20:08:38.925" durationms="4.142" />

<exclusive-start id="667" timestamp="2019-08-02T20:08:38.938" intervalms="16.921">
  <response-info timems="0.079" idlems="0.079" threads="0" lastid="0000000001C2F300" lastname="Thread-9" />
</exclusive-start>
<af-start id="668" threadId="0000000001C2FC88" totalBytesRequested="32" timestamp="2019-08-02T20:08:38.938" intervalms="19.248" type="nursery" />
<cycle-start id="669" type="scavenge" contextid="0" timestamp="2019-08-02T20:08:38.938" intervalms="19.235" />
<gc-start id="670" type="scavenge" contextid="669" timestamp="2019-08-02T20:08:38.938">
  <mem-info id="671" free="1882560" total="8912896" percent="21">
    <mem type="nursery" free="0" total="2621440" percent="0">
      <mem type="allocate" free="0" total="1310720" percent="0" />
      <mem type="survivor" free="0" total="1310720" percent="0" />
    </mem>
    <mem type="tenure" free="1882560" total="6291456" percent="29">
      <mem type="soa" free="1568192" total="5977088" percent="26" />
      <mem type="loa" free="314368" total="314368" percent="100" />
    </mem>
    <remembered-set count="416" />
  </mem-info>
</gc-start>
<allocation-stats totalBytes="976824" >
  <allocated-bytes non-tlh="163904" tlh="812920" />
  <largest-consumer threadName="Thread-7" threadId="0000000001C27B00" bytes="625824" />
</allocation-stats>
<gc-op id="672" type="scavenge" timems="0.613" contextid="669" timestamp="2019-08-02T20:08:38.939">
  <scavenger-info tenureage="2" tenuremask="7ffc" tiltratio="50" />
  <memory-copied type="nursery" objects="1440" bytes="495016" bytesdiscarded="141160" />
  <memory-copied type="tenure" objects="67" bytes="3392" bytesdiscarded="0" />
</gc-op>
<gc-end id="673" type="scavenge" contextid="669" durationms="0.774" usertimems="0.000" systemtimems="4.000" timestamp="2019-08-02T20:08:38.939" activeThreads="8">
  <mem-info id="674" free="2682416" total="8912896" percent="30">
    <mem type="nursery" free="805576" total="2621440" percent="30">
      <mem type="allocate" free="805576" total="1441792" percent="55" />
      <mem type="survivor" free="0" total="1179648" percent="0" />
    </mem>
    <mem type="tenure" free="1876840" total="6291456" percent="29">
      <mem type="soa" free="1562472" total="5977088" percent="26" />
      <mem type="loa" free="314368" total="314368" percent="100" />
    </mem>
    <remembered-set count="235" />
  </mem-info>
</gc-end>
<cycle-end id="675" type="scavenge" contextid="669" timestamp="2019-08-02T20:08:38.939" />
  <attribute name="elasticGC enabled" value="1" />
  <attribute name= "numThreadsSpecified" value="0" />
  <attribute name="heapSize specified" value="0" />
  <attribute name= "numCores" value="8" />
  <attribute name ="GC Interval" value="2000" />
  <attribute name ="Control flow" value="2" />
  <attribute name="GC Util Range Max" value="25" />
  <attribute name="Current GC Util" value="18" />
  <attribute name= "Current Time Running" value="1174" />
<allocation-satisfied id="676" threadId="0000000001C2F300" bytesRequested="32" />
<af-end id="677" timestamp="2019-08-02T20:08:38.939" threadId="0000000001C2FC88" success="true" from="nursery"/>
<exclusive-end id="678" timestamp="2019-08-02T20:08:38.939" durationms="1.127" />

<exclusive-start id="679" timestamp="2019-08-02T20:08:38.944" intervalms="6.368">
  <response-info timems="0.066" idlems="0.066" threads="0" lastid="0000000001C18B00" lastname="Thread-3" />
</exclusive-start>
<af-start id="680" threadId="0000000001C19488" totalBytesRequested="72" timestamp="2019-08-02T20:08:38.944" intervalms="6.431" type="nursery" />
<cycle-start id="681" type="scavenge" contextid="0" timestamp="2019-08-02T20:08:38.944" intervalms="6.425" />
<gc-start id="682" type="scavenge" contextid="681" timestamp="2019-08-02T20:08:38.944">
  <mem-info id="683" free="1876840" total="8912896" percent="21">
    <mem type="nursery" free="0" total="2621440" percent="0">
      <mem type="allocate" free="0" total="1441792" percent="0" />
      <mem type="survivor" free="0" total="1179648" percent="0" />
    </mem>
    <mem type="tenure" free="1876840" total="6291456" percent="29">
      <mem type="soa" free="1562472" total="5977088" percent="26" />
      <mem type="loa" free="314368" total="314368" percent="100" />
    </mem>
    <remembered-set count="337" />
  </mem-info>
</gc-start>
<allocation-stats totalBytes="785352" >
  <allocated-bytes non-tlh="163920" tlh="621432" />
  <largest-consumer threadName="Thread-9" threadId="0000000001C2F300" bytes="320848" />
</allocation-stats>
<gc-op id="684" type="scavenge" timems="0.582" contextid="681" timestamp="2019-08-02T20:08:38.945">
  <scavenger-info tenureage="1" tenuremask="7ffe" tiltratio="55" />
  <memory-copied type="nursery" objects="517" bytes="367744" bytesdiscarded="400576" />
  <memory-copied type="tenure" objects="1370" bytes="491752" bytesdiscarded="5592" />
  <references type="phantom" candidates="1" cleared="0" enqueued="0" />
</gc-op>
<gc-end id="685" type="scavenge" contextid="681" durationms="0.958" usertimems="0.000" systemtimems="0.000" timestamp="2019-08-02T20:08:38.945" activeThreads="8">
  <mem-info id="686" free="2064608" total="8912896" percent="23">
    <mem type="nursery" free="738960" total="2621440" percent="28">
      <mem type="allocate" free="738960" total="1507328" percent="49" />
      <mem type="survivor" free="0" total="1114112" percent="0" />
    </mem>
    <mem type="tenure" free="1325648" total="6291456" percent="21">
      <mem type="soa" free="1011280" total="5977088" percent="16" />
      <mem type="loa" free="314368" total="314368" percent="100" />
    </mem>
    <remembered-set count="232" />
  </mem-info>
</gc-end>
<cycle-end id="687" type="scavenge" contextid="681" timestamp="2019-08-02T20:08:38.945" />
  <attribute name="elasticGC enabled" value="1" />
  <attribute name= "numThreadsSpecified" value="0" />
  <attribute name="heapSize specified" value="0" />
  <attribute name= "numCores" value="8" />
  <attribute name ="GC Interval" value="2000" />
  <attribute name ="Control flow" value="2" />
  <attribute name="GC Util Range Max" value="25" />
  <attribute name="Current GC Util" value="23" />
  <attribute name= "Current Time Running" value="1180" />
<allocation-satisfied id="688" threadId="0000000001C18B00" bytesRequested="72" />
<af-end id="689" timestamp="2019-08-02T20:08:38.945" threadId="0000000001C19488" success="true" from="nursery"/>
<exclusive-end id="690" timestamp="2019-08-02T20:08:38.945" durationms="1.419" />

<exclusive-start id="691" timestamp="2019-08-02T20:08:38.954" intervalms="9.739">
  <response-info timems="0.035" idlems="0.035" threads="0" lastid="0000000001C2B700" lastname="Thread-8" />
</exclusive-start>
<af-start id="692" threadId="0000000001C2C088" totalBytesRequested="16392" timestamp="2019-08-02T20:08:38.954" intervalms="9.735" type="nursery" />
<cycle-start id="693" type="scavenge" contextid="0" timestamp="2019-08-02T20:08:38.954" intervalms="9.750" />
<gc-start id="694" type="scavenge" contextid="693" timestamp="2019-08-02T20:08:38.954">
  <mem-info id="695" free="1325648" total="8912896" percent="14">
    <mem type="nursery" free="0" total="2621440" percent="0">
      <mem type="allocate" free="0" total="1507328" percent="0" />
      <mem type="survivor" free="0" total="1114112" percent="0" />
    </mem>
    <mem type="tenure" free="1325648" total="6291456" percent="21">
      <mem type="soa" free="1011280" total="5977088" percent="16" />
      <mem type="loa" free="314368" total="314368" percent="100" />
    </mem>
    <remembered-set count="388" />
  </mem-info>
</gc-start>
<allocation-stats totalBytes="732136" >
  <allocated-bytes non-tlh="32848" tlh="699288" />
  <largest-consumer threadName="Thread-8" threadId="0000000001C2B700" bytes="339288" />
</allocation-stats>
<gc-op id="696" type="scavenge" timems="0.286" contextid="693" timestamp="2019-08-02T20:08:38.954">
  <scavenger-info tenureage="1" tenuremask="7ffe" tiltratio="57" />
  <memory-copied type="nursery" objects="448" bytes="188616" bytesdiscarded="197704" />
  <memory-copied type="tenure" objects="402" bytes="229016" bytesdiscarded="960" />
</gc-op>
<gc-end id="697" type="scavenge" contextid="693" durationms="0.476" usertimems="0.000" systemtimems="0.000" timestamp="2019-08-02T20:08:38.955" activeThreads="8">
  <mem-info id="698" free="2365792" total="8912896" percent="26">
    <mem type="nursery" free="1252072" total="2621440" percent="47">
      <mem type="allocate" free="1252072" total="1638400" percent="76" />
      <mem type="survivor" free="0" total="983040" percent="0" />
    </mem>
    <mem type="tenure" free="1113720" total="6291456" percent="17">
      <mem type="soa" free="799352" total="5977088" percent="13" />
      <mem type="loa" free="314368" total="314368" percent="100" />
    </mem>
    <remembered-set count="228" />
  </mem-info>
</gc-end>
<cycle-end id="699" type="scavenge" contextid="693" timestamp="2019-08-02T20:08:38.955" />
  <attribute name="elasticGC enabled" value="1" />
  <attribute name= "numThreadsSpecified" value="0" />
  <attribute name="heapSize specified" value="0" />
  <attribute name= "numCores" value="8" />
  <attribute name ="GC Interval" value="2000" />
  <attribute name ="Control flow" value="2" />
  <attribute name="GC Util Range Max" value="25" />
  <attribute name="Current GC Util" value="21" />
  <attribute name= "Current Time Running" value="1190" />
<allocation-satisfied id="700" threadId="0000000001C2B700" bytesRequested="16392" />
<af-end id="701" timestamp="2019-08-02T20:08:38.955" threadId="0000000001C2C088" success="true" from="nursery"/>
<exclusive-end id="702" timestamp="2019-08-02T20:08:38.955" durationms="0.959" />

<exclusive-start id="703" timestamp="2019-08-02T20:08:38.962" intervalms="8.656">
  <response-info timems="0.037" idlems="0.037" threads="0" lastid="0000000001C20300" lastname="Thread-5" />
</exclusive-start>
<af-start id="704" threadId="0000000001C20C88" totalBytesRequested="32" timestamp="2019-08-02T20:08:38.963" intervalms="8.703" type="nursery" />
<cycle-start id="705" type="scavenge" contextid="0" timestamp="2019-08-02T20:08:38.963" intervalms="8.705" />
<gc-start id="706" type="scavenge" contextid="705" timestamp="2019-08-02T20:08:38.963">
  <mem-info id="707" free="1113720" total="8912896" percent="12">
    <mem type="nursery" free="0" total="2621440" percent="0">
      <mem type="allocate" free="0" total="1638400" percent="0" />
      <mem type="survivor" free="0" total="983040" percent="0" />
    </mem>
    <mem type="tenure" free="1113720" total="6291456" percent="17">
      <mem type="soa" free="799352" total="5977088" percent="13" />
      <mem type="loa" free="314368" total="314368" percent="100" />
    </mem>
    <remembered-set count="408" />
  </mem-info>
</gc-start>
<allocation-stats totalBytes="1193768" >
  <allocated-bytes non-tlh="196672" tlh="997096" />
  <largest-consumer threadName="Thread-4" threadId="0000000001C1C700" bytes="387856" />
</allocation-stats>
<gc-op id="708" type="scavenge" timems="0.754" contextid="705" timestamp="2019-08-02T20:08:38.964">
  <scavenger-info tenureage="1" tenuremask="7ffe" tiltratio="62" />
  <memory-copied type="nursery" objects="1587" bytes="634920" bytesdiscarded="48152" />
  <memory-copied type="tenure" objects="402" bytes="186656" bytesdiscarded="5376" />
  <references type="phantom" candidates="1" cleared="0" enqueued="0" />
</gc-op>
<gc-end id="709" type="scavenge" contextid="705" durationms="0.952" usertimems="0.000" systemtimems="0.000" timestamp="2019-08-02T20:08:38.964" activeThreads="8">
  <mem-info id="710" free="1670672" total="8912896" percent="18">
    <mem type="nursery" free="758664" total="2621440" percent="28">
      <mem type="allocate" free="758664" total="1441792" percent="52" />
      <mem type="survivor" free="0" total="1179648" percent="0" />
    </mem>
    <mem type="tenure" free="912008" total="6291456" percent="14">
      <mem type="soa" free="597640" total="5977088" percent="9" />
      <mem type="loa" free="314368" total="314368" percent="100" />
    </mem>
    <remembered-set count="248" />
  </mem-info>
</gc-end>
<cycle-end id="711" type="scavenge" contextid="705" timestamp="2019-08-02T20:08:38.964" />
  <attribute name="elasticGC enabled" value="1" />
  <attribute name= "numThreadsSpecified" value="0" />
  <attribute name="heapSize specified" value="0" />
  <attribute name= "numCores" value="8" />
  <attribute name ="GC Interval" value="2000" />
  <attribute name ="Control flow" value="2" />
  <attribute name="GC Util Range Max" value="25" />
  <attribute name="Current GC Util" value="13" />
  <attribute name= "Current Time Running" value="1199" />
<allocation-satisfied id="712" threadId="0000000001C20300" bytesRequested="32" />
<af-end id="713" timestamp="2019-08-02T20:08:38.964" threadId="0000000001C20C88" success="true" from="nursery"/>
<exclusive-end id="714" timestamp="2019-08-02T20:08:38.964" durationms="1.485" />

<exclusive-start id="715" timestamp="2019-08-02T20:08:38.967" intervalms="4.493">
  <response-info timems="0.040" idlems="0.040" threads="0" lastid="0000000001C1C700" lastname="Thread-4" />
</exclusive-start>
<af-start id="716" threadId="0000000001C1D088" totalBytesRequested="16392" timestamp="2019-08-02T20:08:38.967" intervalms="4.437" type="nursery" />
<cycle-start id="717" type="scavenge" contextid="0" timestamp="2019-08-02T20:08:38.967" intervalms="4.413" />
<gc-start id="718" type="scavenge" contextid="717" timestamp="2019-08-02T20:08:38.967">
  <mem-info id="719" free="912008" total="8912896" percent="10">
    <mem type="nursery" free="0" total="2621440" percent="0">
      <mem type="allocate" free="0" total="1441792" percent="0" />
      <mem type="survivor" free="0" total="1179648" percent="0" />
    </mem>
    <mem type="tenure" free="912008" total="6291456" percent="14">
      <mem type="soa" free="597640" total="5977088" percent="9" />
      <mem type="loa" free="314368" total="314368" percent="100" />
    </mem>
    <remembered-set count="373" />
  </mem-info>
</gc-start>
<allocation-stats totalBytes="686888" >
  <allocated-bytes non-tlh="114752" tlh="572136" />
  <largest-consumer threadName="Thread-7" threadId="0000000001C27B00" bytes="284568" />
</allocation-stats>
<gc-op id="720" type="scavenge" timems="0.311" contextid="717" timestamp="2019-08-02T20:08:38.968">
  <scavenger-info tenureage="1" tenuremask="7ffe" tiltratio="55" />
  <memory-copied type="nursery" objects="364" bytes="274880" bytesdiscarded="211008" />
  <memory-copied type="tenure" objects="1085" bytes="439160" bytesdiscarded="1560" />
</gc-op>
<gc-end id="721" type="scavenge" contextid="717" durationms="0.498" usertimems="4.000" systemtimems="0.000" timestamp="2019-08-02T20:08:38.968" activeThreads="8">
  <mem-info id="722" free="1455384" total="8912896" percent="16">
    <mem type="nursery" free="1021408" total="2621440" percent="38">
      <mem type="allocate" free="1021408" total="1507328" percent="67" />
      <mem type="survivor" free="0" total="1114112" percent="0" />
    </mem>
    <mem type="tenure" free="433976" total="6291456" percent="6">
      <mem type="soa" free="119608" total="5977088" percent="2" />
      <mem type="loa" free="314368" total="314368" percent="100" />
    </mem>
    <remembered-set count="230" />
  </mem-info>
</gc-end>
<cycle-end id="723" type="scavenge" contextid="717" timestamp="2019-08-02T20:08:38.968" />
  <attribute name="elasticGC enabled" value="1" />
  <attribute name= "numThreadsSpecified" value="0" />
  <attribute name="heapSize specified" value="0" />
  <attribute name= "numCores" value="8" />
  <attribute name ="GC Interval" value="2100" />
  <attribute name ="Control flow" value="2" />
  <attribute name="GC Util Range Max" value="25" />
  <attribute name="Current GC Util" value="44" />
  <attribute name= "Current Time Running" value="1203" />
<allocation-satisfied id="724" threadId="0000000001C1C700" bytesRequested="16392" />
<af-end id="725" timestamp="2019-08-02T20:08:38.968" threadId="0000000001C1D088" success="true" from="nursery"/>
<exclusive-end id="726" timestamp="2019-08-02T20:08:38.968" durationms="0.941" />

<concurrent-kickoff id="727" timestamp="2019-08-02T20:08:38.972">
  <kickoff reason="threshold reached" targetBytes="2409360" thresholdFreeBytes="316280"  remainingFree="296368" tenureFreeBytes="433976" nurseryFreeBytes="296368" />
</concurrent-kickoff>
<exclusive-start id="728" timestamp="2019-08-02T20:08:38.973" intervalms="5.708">
  <response-info timems="0.119" idlems="0.068" threads="1" lastid="0000000001C23F00" lastname="Thread-6" />
</exclusive-start>
<cycle-start id="729" type="global" contextid="0" timestamp="2019-08-02T20:08:38.973" intervalms="61.694" />
<exclusive-end id="730" timestamp="2019-08-02T20:08:38.973" durationms="0.107" />

<exclusive-start id="731" timestamp="2019-08-02T20:08:38.976" intervalms="3.706">
  <response-info timems="0.046" idlems="0.046" threads="0" lastid="0000000001C18B00" lastname="Thread-3" />
</exclusive-start>
<concurrent-collection-start id="732" timestamp="2019-08-02T20:08:38.977" intervalms="55.598" >
  <concurrent-trace-info reason="card cleaning threshold reached" tracedByMutators="931564" tracedByHelpers="1231184" cardsCleaned="153" workStackOverflowCount="0" />
</concurrent-collection-start>
<gc-start id="733" type="global" contextid="729" timestamp="2019-08-02T20:08:38.977">
  <mem-info id="734" free="433976" total="8912896" percent="4">
    <mem type="nursery" free="0" total="2621440" percent="0">
      <mem type="allocate" free="0" total="1507328" percent="0" />
      <mem type="survivor" free="0" total="1114112" percent="0" />
    </mem>
    <mem type="tenure" free="433976" total="6291456" percent="6">
      <mem type="soa" free="119608" total="5977088" percent="2" />
      <mem type="loa" free="314368" total="314368" percent="100" />
    </mem>
    <remembered-set count="370" />
  </mem-info>
</gc-start>
<allocation-stats totalBytes="984808" >
  <allocated-bytes non-tlh="147504" tlh="837304" />
  <largest-consumer threadName="Thread-6" threadId="0000000001C23F00" bytes="366888" />
</allocation-stats>
<gc-op id="735" type="rs-scan" timems="0.508" contextid="729" timestamp="2019-08-02T20:08:38.977">
  <scan objectsFound="252" bytesTraced="57720" workStackOverflowCount="0" />
</gc-op>
<gc-op id="736" type="card-cleaning" timems="1.180" contextid="729" timestamp="2019-08-02T20:08:38.978">
  <card-cleaning cardsCleaned="24" bytesTraced="661916" workStackOverflowCount="0" />
</gc-op>
<gc-op id="737" type="mark" timems="0.798" contextid="729" timestamp="2019-08-02T20:08:38.979">
  <trace-info objectcount="233" scancount="203" scanbytes="5696" />
  <finalization candidates="25" enqueued="0" />
  <references type="soft" candidates="168" cleared="0" enqueued="0" dynamicThreshold="9" maxThreshold="32" />
  <references type="weak" candidates="249" cleared="0" enqueued="0" />
  <references type="phantom" candidates="73" cleared="0" enqueued="0" />
  <stringconstants candidates="3963" cleared="0"  />
</gc-op>
<gc-op id="738" type="sweep" timems="0.565" contextid="729" timestamp="2019-08-02T20:08:38.980" />
<gc-end id="739" type="global" contextid="729" durationms="4.217" usertimems="8.000" systemtimems="4.000" timestamp="2019-08-02T20:08:38.981" activeThreads="8">
  <mem-info id="740" free="3292936" total="8912896" percent="36">
    <mem type="nursery" free="815320" total="2621440" percent="31">
      <mem type="allocate" free="815320" total="1507328" percent="54" />
      <mem type="survivor" free="0" total="1114112" percent="0" />
    </mem>
    <mem type="tenure" free="2477616" total="6291456" percent="39" micro-fragmented="76142" macro-fragmented="0">
      <mem type="soa" free="2163248" total="5977088" percent="36" />
      <mem type="loa" free="314368" total="314368" percent="100" />
    </mem>
    <remembered-set count="327" />
  </mem-info>
</gc-end>
<cycle-end id="741" type="global" contextid="729" timestamp="2019-08-02T20:08:38.981" />
  <attribute name="elasticGC enabled" value="1" />
  <attribute name= "numThreadsSpecified" value="0" />
  <attribute name="heapSize specified" value="0" />
  <attribute name= "numCores" value="8" />
  <attribute name ="GC Interval" value="2100" />
  <attribute name ="Control flow" value="2" />
  <attribute name="GC Util Range Max" value="25" />
  <attribute name="Current GC Util" value="223" />
  <attribute name= "Current Time Running" value="1216" />
<concurrent-collection-end id="742" timestamp="2019-08-02T20:08:38.981" />
<exclusive-end id="743" timestamp="2019-08-02T20:08:38.981" durationms="4.669" />

<exclusive-start id="744" timestamp="2019-08-02T20:08:38.989" intervalms="12.853">
  <response-info timems="0.037" idlems="0.037" threads="0" lastid="0000000001C1C700" lastname="Thread-4" />
</exclusive-start>
<af-start id="745" threadId="0000000001C1D088" totalBytesRequested="1032" timestamp="2019-08-02T20:08:38.989" intervalms="22.327" type="nursery" />
<cycle-start id="746" type="scavenge" contextid="0" timestamp="2019-08-02T20:08:38.989" intervalms="22.356" />
<gc-start id="747" type="scavenge" contextid="746" timestamp="2019-08-02T20:08:38.990">
  <mem-info id="748" free="2477616" total="8912896" percent="27">
    <mem type="nursery" free="0" total="2621440" percent="0">
      <mem type="allocate" free="0" total="1507328" percent="0" />
      <mem type="survivor" free="0" total="1114112" percent="0" />
    </mem>
    <mem type="tenure" free="2477616" total="6291456" percent="39">
      <mem type="soa" free="2163248" total="5977088" percent="36" />
      <mem type="loa" free="314368" total="314368" percent="100" />
    </mem>
    <remembered-set count="393" />
  </mem-info>
</gc-start>
<allocation-stats totalBytes="797112" >
  <allocated-bytes non-tlh="229416" tlh="567696" />
  <largest-consumer threadName="Thread-10" threadId="0000000001C32F00" bytes="363872" />
</allocation-stats>
<gc-op id="749" type="scavenge" timems="0.379" contextid="746" timestamp="2019-08-02T20:08:38.990">
  <scavenger-info tenureage="1" tenuremask="7ffe" tiltratio="57" />
  <memory-copied type="nursery" objects="2264" bytes="758808" bytesdiscarded="289568" />
  <memory-copied type="tenure" objects="287" bytes="235696" bytesdiscarded="1304" />
</gc-op>
<gc-end id="750" type="scavenge" contextid="746" durationms="0.573" usertimems="4.000" systemtimems="0.000" timestamp="2019-08-02T20:08:38.990" activeThreads="8">
  <mem-info id="751" free="2486144" total="8912896" percent="27">
    <mem type="nursery" free="262296" total="2621440" percent="10">
      <mem type="allocate" free="262296" total="1310720" percent="20" />
      <mem type="survivor" free="0" total="1310720" percent="0" />
    </mem>
    <mem type="tenure" free="2223848" total="6291456" percent="35">
      <mem type="soa" free="1909480" total="5977088" percent="31" />
      <mem type="loa" free="314368" total="314368" percent="100" />
    </mem>
    <remembered-set count="230" />
  </mem-info>
</gc-end>
<cycle-end id="752" type="scavenge" contextid="746" timestamp="2019-08-02T20:08:38.990" />
  <attribute name="elasticGC enabled" value="1" />
  <attribute name= "numThreadsSpecified" value="0" />
  <attribute name="heapSize specified" value="0" />
  <attribute name= "numCores" value="8" />
  <attribute name ="GC Interval" value="2300" />
  <attribute name ="Control flow" value="2" />
  <attribute name="GC Util Range Max" value="25" />
  <attribute name="Current GC Util" value="35" />
  <attribute name= "Current Time Running" value="1226" />
<allocation-satisfied id="753" threadId="0000000001C1C700" bytesRequested="1032" />
<af-end id="754" timestamp="2019-08-02T20:08:38.990" threadId="0000000001C1D088" success="true" from="nursery"/>
<exclusive-end id="755" timestamp="2019-08-02T20:08:38.990" durationms="1.094" />

<exclusive-start id="756" timestamp="2019-08-02T20:08:38.991" intervalms="1.579">
  <response-info timems="0.060" idlems="0.060" threads="0" lastid="0000000001C1C700" lastname="Thread-4" />
</exclusive-start>
<af-start id="757" threadId="0000000001C1D088" totalBytesRequested="16392" timestamp="2019-08-02T20:08:38.991" intervalms="1.475" type="nursery" />
<cycle-start id="758" type="scavenge" contextid="0" timestamp="2019-08-02T20:08:38.991" intervalms="1.446" />
<gc-start id="759" type="scavenge" contextid="758" timestamp="2019-08-02T20:08:38.991">
  <mem-info id="760" free="2223848" total="8912896" percent="24">
    <mem type="nursery" free="0" total="2621440" percent="0">
      <mem type="allocate" free="0" total="1310720" percent="0" />
      <mem type="survivor" free="0" total="1310720" percent="0" />
    </mem>
    <mem type="tenure" free="2223848" total="6291456" percent="35">
      <mem type="soa" free="1909480" total="5977088" percent="31" />
      <mem type="loa" free="314368" total="314368" percent="100" />
    </mem>
    <remembered-set count="282" />
  </mem-info>
</gc-start>
<allocation-stats totalBytes="258552" >
  <allocated-bytes non-tlh="33808" tlh="224744" />
  <largest-consumer threadName="Thread-4" threadId="0000000001C1C700" bytes="71168" />
</allocation-stats>
<gc-op id="761" type="scavenge" timems="0.448" contextid="758" timestamp="2019-08-02T20:08:38.992">
  <scavenger-info tenureage="1" tenuremask="7ffe" tiltratio="50" />
  <memory-copied type="nursery" objects="102" bytes="64312" bytesdiscarded="363976" />
  <memory-copied type="tenure" objects="1833" bytes="648704" bytesdiscarded="8224" />
  <references type="weak" candidates="1" cleared="0" enqueued="0" />
  <references type="phantom" candidates="1" cleared="0" enqueued="0" />
</gc-op>
<gc-end id="762" type="scavenge" contextid="758" durationms="0.637" usertimems="0.000" systemtimems="0.000" timestamp="2019-08-02T20:08:38.992" activeThreads="8">
  <mem-info id="763" free="2458616" total="8912896" percent="27">
    <mem type="nursery" free="947960" total="2621440" percent="36">
      <mem type="allocate" free="947960" total="1376256" percent="68" />
      <mem type="survivor" free="0" total="1245184" percent="0" />
    </mem>
    <mem type="tenure" free="1510656" total="6291456" percent="24">
      <mem type="soa" free="1196288" total="5977088" percent="20" />
      <mem type="loa" free="314368" total="314368" percent="100" />
    </mem>
    <remembered-set count="223" />
  </mem-info>
</gc-end>
<cycle-end id="764" type="scavenge" contextid="758" timestamp="2019-08-02T20:08:38.992" />
  <attribute name="elasticGC enabled" value="1" />
  <attribute name= "numThreadsSpecified" value="0" />
  <attribute name="heapSize specified" value="0" />
  <attribute name= "numCores" value="8" />
  <attribute name ="GC Interval" value="2500" />
  <attribute name ="Control flow" value="2" />
  <attribute name="GC Util Range Max" value="25" />
  <attribute name="Current GC Util" value="106" />
  <attribute name= "Current Time Running" value="1227" />
<allocation-satisfied id="765" threadId="0000000001C1C700" bytesRequested="16392" />
<af-end id="766" timestamp="2019-08-02T20:08:38.992" threadId="0000000001C1D088" success="true" from="nursery"/>
<exclusive-end id="767" timestamp="2019-08-02T20:08:38.992" durationms="1.030" />

<exclusive-start id="768" timestamp="2019-08-02T20:08:39.001" intervalms="10.109">
  <response-info timems="0.058" idlems="0.058" threads="0" lastid="0000000001C18B00" lastname="Thread-3" />
</exclusive-start>
<af-start id="769" threadId="0000000001C19488" totalBytesRequested="2056" timestamp="2019-08-02T20:08:39.001" intervalms="10.156" type="nursery" />
<cycle-start id="770" type="scavenge" contextid="0" timestamp="2019-08-02T20:08:39.001" intervalms="10.185" />
<gc-start id="771" type="scavenge" contextid="770" timestamp="2019-08-02T20:08:39.001">
  <mem-info id="772" free="1510656" total="8912896" percent="16">
    <mem type="nursery" free="0" total="2621440" percent="0">
      <mem type="allocate" free="0" total="1376256" percent="0" />
      <mem type="survivor" free="0" total="1245184" percent="0" />
    </mem>
    <mem type="tenure" free="1510656" total="6291456" percent="24">
      <mem type="soa" free="1196288" total="5977088" percent="20" />
      <mem type="loa" free="314368" total="314368" percent="100" />
    </mem>
    <remembered-set count="394" />
  </mem-info>
</gc-start>
<allocation-stats totalBytes="911208" >
  <allocated-bytes non-tlh="188488" tlh="722720" />
  <largest-consumer threadName="Thread-3" threadId="0000000001C18B00" bytes="387016" />
</allocation-stats>
<gc-op id="773" type="scavenge" timems="0.580" contextid="770" timestamp="2019-08-02T20:08:39.002">
  <scavenger-info tenureage="2" tenuremask="7ffc" tiltratio="52" />
  <memory-copied type="nursery" objects="1365" bytes="558448" bytesdiscarded="177344" />
  <references type="phantom" candidates="1" cleared="0" enqueued="0" />
</gc-op>
<gc-end id="774" type="scavenge" contextid="770" durationms="0.951" usertimems="4.000" systemtimems="0.000" timestamp="2019-08-02T20:08:39.002" activeThreads="8">
  <mem-info id="775" free="2151072" total="8912896" percent="24">
    <mem type="nursery" free="640416" total="2621440" percent="24">
      <mem type="allocate" free="640416" total="1376256" percent="46" />
      <mem type="survivor" free="0" total="1245184" percent="0" />
    </mem>
    <mem type="tenure" free="1510656" total="6291456" percent="24">
      <mem type="soa" free="1196288" total="5977088" percent="20" />
      <mem type="loa" free="314368" total="314368" percent="100" />
    </mem>
    <remembered-set count="248" />
  </mem-info>
</gc-end>
<cycle-end id="776" type="scavenge" contextid="770" timestamp="2019-08-02T20:08:39.002" />
  <attribute name="elasticGC enabled" value="1" />
  <attribute name= "numThreadsSpecified" value="0" />
  <attribute name="heapSize specified" value="0" />
  <attribute name= "numCores" value="8" />
  <attribute name ="GC Interval" value="2600" />
  <attribute name ="Control flow" value="2" />
  <attribute name="GC Util Range Max" value="25" />
  <attribute name="Current GC Util" value="15" />
  <attribute name= "Current Time Running" value="1237" />
<allocation-satisfied id="777" threadId="0000000001C18B00" bytesRequested="2056" />
<af-end id="778" timestamp="2019-08-02T20:08:39.002" threadId="0000000001C19488" success="true" from="nursery"/>
<exclusive-end id="779" timestamp="2019-08-02T20:08:39.002" durationms="1.455" />

<exclusive-start id="780" timestamp="2019-08-02T20:08:39.018" intervalms="16.800">
  <response-info timems="0.301" idlems="0.259" threads="1" lastid="00000000018E4600" lastname="JIT Compilation Thread-0" />
</exclusive-start>
<af-start id="781" threadId="0000000001C33888" totalBytesRequested="32776" timestamp="2019-08-02T20:08:39.018" intervalms="16.763" type="nursery" />
<cycle-start id="782" type="scavenge" contextid="0" timestamp="2019-08-02T20:08:39.018" intervalms="16.756" />
<gc-start id="783" type="scavenge" contextid="782" timestamp="2019-08-02T20:08:39.018">
  <mem-info id="784" free="1520280" total="8912896" percent="17">
    <mem type="nursery" free="9624" total="2621440" percent="0">
      <mem type="allocate" free="9624" total="1376256" percent="0" />
      <mem type="survivor" free="0" total="1245184" percent="0" />
    </mem>
    <mem type="tenure" free="1510656" total="6291456" percent="24">
      <mem type="soa" free="1196288" total="5977088" percent="20" />
      <mem type="loa" free="314368" total="314368" percent="100" />
    </mem>
    <remembered-set count="383" />
  </mem-info>
</gc-start>
<allocation-stats totalBytes="629976" >
  <allocated-bytes non-tlh="18448" tlh="611528" />
  <largest-consumer threadName="Thread-3" threadId="0000000001C18B00" bytes="146928" />
</allocation-stats>
<gc-op id="785" type="scavenge" timems="0.378" contextid="782" timestamp="2019-08-02T20:08:39.018">
  <scavenger-info tenureage="1" tenuremask="7ffe" tiltratio="52" />
  <memory-copied type="nursery" objects="292" bytes="62600" bytesdiscarded="394352" />
  <memory-copied type="tenure" objects="1295" bytes="552656" bytesdiscarded="8048" />
</gc-op>
<gc-end id="786" type="scavenge" contextid="782" durationms="0.573" usertimems="0.000" systemtimems="0.000" timestamp="2019-08-02T20:08:39.018" activeThreads="8">
  <mem-info id="787" free="2030088" total="8912896" percent="22">
    <mem type="nursery" free="1050368" total="2621440" percent="40">
      <mem type="allocate" free="1050368" total="1507328" percent="69" />
      <mem type="survivor" free="0" total="1114112" percent="0" />
    </mem>
    <mem type="tenure" free="979720" total="6291456" percent="15">
      <mem type="soa" free="665352" total="5977088" percent="11" />
      <mem type="loa" free="314368" total="314368" percent="100" />
    </mem>
    <remembered-set count="285" />
  </mem-info>
</gc-end>
<cycle-end id="788" type="scavenge" contextid="782" timestamp="2019-08-02T20:08:39.019" />
  <attribute name="elasticGC enabled" value="1" />
  <attribute name= "numThreadsSpecified" value="0" />
  <attribute name="heapSize specified" value="0" />
  <attribute name= "numCores" value="8" />
  <attribute name ="GC Interval" value="2600" />
  <attribute name ="Control flow" value="2" />
  <attribute name="GC Util Range Max" value="25" />
  <attribute name="Current GC Util" value="11" />
  <attribute name= "Current Time Running" value="1254" />
<allocation-satisfied id="789" threadId="0000000001C32F00" bytesRequested="32776" />
<af-end id="790" timestamp="2019-08-02T20:08:39.019" threadId="0000000001C33888" success="true" from="nursery"/>
<exclusive-end id="791" timestamp="2019-08-02T20:08:39.019" durationms="1.010" />

<concurrent-kickoff id="792" timestamp="2019-08-02T20:08:39.025">
  <kickoff reason="threshold reached" targetBytes="2358143" thresholdFreeBytes="311326"  remainingFree="308936" tenureFreeBytes="979720" nurseryFreeBytes="308936" />
</concurrent-kickoff>
<exclusive-start id="793" timestamp="2019-08-02T20:08:39.025" intervalms="7.191">
  <response-info timems="0.113" idlems="0.059" threads="1" lastid="0000000001C1C700" lastname="Thread-4" />
</exclusive-start>
<cycle-start id="794" type="global" contextid="0" timestamp="2019-08-02T20:08:39.025" intervalms="52.234" />
<exclusive-end id="795" timestamp="2019-08-02T20:08:39.025" durationms="0.104" />

<exclusive-start id="796" timestamp="2019-08-02T20:08:39.027" intervalms="1.828">
  <response-info timems="0.049" idlems="0.030" threads="1" lastid="0000000001C2F300" lastname="Thread-9" />
</exclusive-start>
<af-start id="797" threadId="0000000001C2C088" totalBytesRequested="16392" timestamp="2019-08-02T20:08:39.027" intervalms="9.013" type="nursery" />
<cycle-start id="798" type="scavenge" contextid="0" timestamp="2019-08-02T20:08:39.027" intervalms="9.015" />
<gc-start id="799" type="scavenge" contextid="798" timestamp="2019-08-02T20:08:39.027">
  <mem-info id="800" free="979720" total="8912896" percent="10">
    <mem type="nursery" free="0" total="2621440" percent="0">
      <mem type="allocate" free="0" total="1507328" percent="0" />
      <mem type="survivor" free="0" total="1114112" percent="0" />
    </mem>
    <mem type="tenure" free="979720" total="6291456" percent="15">
      <mem type="soa" free="665352" total="5977088" percent="11" />
      <mem type="loa" free="314368" total="314368" percent="100" />
    </mem>
    <remembered-set count="425" />
  </mem-info>
</gc-start>
<allocation-stats totalBytes="991712" >
  <allocated-bytes non-tlh="196672" tlh="795040" />
  <largest-consumer threadName="Thread-10" threadId="0000000001C32F00" bytes="365456" />
</allocation-stats>
<gc-op id="801" type="scavenge" timems="0.315" contextid="798" timestamp="2019-08-02T20:08:39.027">
  <scavenger-info tenureage="2" tenuremask="7ffc" tiltratio="57" />
  <memory-copied type="nursery" objects="1107" bytes="526816" bytesdiscarded="350112" />
</gc-op>
<gc-end id="802" type="scavenge" contextid="798" durationms="0.503" usertimems="0.000" systemtimems="0.000" timestamp="2019-08-02T20:08:39.027" activeThreads="8">
  <mem-info id="803" free="1610064" total="8912896" percent="18">
    <mem type="nursery" free="630344" total="2621440" percent="24">
      <mem type="allocate" free="630344" total="1507328" percent="41" />
      <mem type="survivor" free="0" total="1114112" percent="0" />
    </mem>
    <mem type="tenure" free="979720" total="6291456" percent="15">
      <mem type="soa" free="665352" total="5977088" percent="11" />
      <mem type="loa" free="314368" total="314368" percent="100" />
    </mem>
    <remembered-set count="286" />
  </mem-info>
</gc-end>
<cycle-end id="804" type="scavenge" contextid="798" timestamp="2019-08-02T20:08:39.028" />
  <attribute name="elasticGC enabled" value="1" />
  <attribute name= "numThreadsSpecified" value="0" />
  <attribute name="heapSize specified" value="0" />
  <attribute name= "numCores" value="8" />
  <attribute name ="GC Interval" value="2600" />
  <attribute name ="Control flow" value="2" />
  <attribute name="GC Util Range Max" value="25" />
  <attribute name="Current GC Util" value="16" />
  <attribute name= "Current Time Running" value="1263" />
<allocation-satisfied id="805" threadId="0000000001C2B700" bytesRequested="16392" />
<af-end id="806" timestamp="2019-08-02T20:08:39.028" threadId="0000000001C2C088" success="true" from="nursery"/>
<exclusive-end id="807" timestamp="2019-08-02T20:08:39.028" durationms="0.977" />

<exclusive-start id="808" timestamp="2019-08-02T20:08:39.028" intervalms="1.095">
  <response-info timems="0.035" idlems="0.035" threads="0" lastid="0000000001C2B700" lastname="Thread-8" />
</exclusive-start>
<concurrent-collection-start id="809" timestamp="2019-08-02T20:08:39.028" intervalms="51.391" >
  <concurrent-trace-info reason="card cleaning threshold reached" tracedByMutators="1365636" tracedByHelpers="901848" cardsCleaned="117" workStackOverflowCount="0" />
</concurrent-collection-start>
<gc-start id="810" type="global" contextid="794" timestamp="2019-08-02T20:08:39.028">
  <mem-info id="811" free="1515840" total="8912896" percent="17">
    <mem type="nursery" free="536120" total="2621440" percent="20">
      <mem type="allocate" free="536120" total="1507328" percent="35" />
      <mem type="survivor" free="0" total="1114112" percent="0" />
    </mem>
    <mem type="tenure" free="979720" total="6291456" percent="15">
      <mem type="soa" free="665352" total="5977088" percent="11" />
      <mem type="loa" free="314368" total="314368" percent="100" />
    </mem>
    <remembered-set count="286" />
  </mem-info>
</gc-start>
<allocation-stats totalBytes="94224" >
  <allocated-bytes non-tlh="49168" tlh="45056" />
  <largest-consumer threadName="Thread-8" threadId="0000000001C2B700" bytes="49168" />
</allocation-stats>
<gc-op id="812" type="rs-scan" timems="0.144" contextid="794" timestamp="2019-08-02T20:08:39.028">
  <scan objectsFound="180" bytesTraced="26232" workStackOverflowCount="0" />
</gc-op>
<gc-op id="813" type="card-cleaning" timems="0.168" contextid="794" timestamp="2019-08-02T20:08:39.028">
  <card-cleaning cardsCleaned="115" bytesTraced="492740" workStackOverflowCount="0" />
</gc-op>
<gc-op id="814" type="mark" timems="0.530" contextid="794" timestamp="2019-08-02T20:08:39.029">
  <trace-info objectcount="938" scancount="834" scanbytes="233188" />
  <finalization candidates="25" enqueued="0" />
  <references type="soft" candidates="168" cleared="0" enqueued="0" dynamicThreshold="12" maxThreshold="32" />
  <references type="weak" candidates="249" cleared="0" enqueued="0" />
  <references type="phantom" candidates="71" cleared="0" enqueued="0" />
  <stringconstants candidates="3963" cleared="0"  />
</gc-op>
<gc-op id="815" type="sweep" timems="0.241" contextid="794" timestamp="2019-08-02T20:08:39.029" />
<gc-end id="816" type="global" contextid="794" durationms="1.801" usertimems="4.000" systemtimems="0.000" timestamp="2019-08-02T20:08:39.030" activeThreads="8">
  <mem-info id="817" free="3169192" total="8912896" percent="35">
    <mem type="nursery" free="1004048" total="2621440" percent="38">
      <mem type="allocate" free="1004048" total="1507328" percent="66" />
      <mem type="survivor" free="0" total="1114112" percent="0" />
    </mem>
    <mem type="tenure" free="2165144" total="6291456" percent="34" micro-fragmented="77157" macro-fragmented="0">
      <mem type="soa" free="1850776" total="5977088" percent="30" />
      <mem type="loa" free="314368" total="314368" percent="100" />
    </mem>
    <remembered-set count="247" />
  </mem-info>
</gc-end>
<cycle-end id="818" type="global" contextid="794" timestamp="2019-08-02T20:08:39.030" />
  <attribute name="elasticGC enabled" value="1" />
  <attribute name= "numThreadsSpecified" value="0" />
  <attribute name="heapSize specified" value="0" />
  <attribute name= "numCores" value="8" />
  <attribute name ="GC Interval" value="2600" />
  <attribute name ="Control flow" value="2" />
  <attribute name="GC Util Range Max" value="25" />
  <attribute name="Current GC Util" value="55" />
  <attribute name= "Current Time Running" value="1265" />
<concurrent-collection-end id="819" timestamp="2019-08-02T20:08:39.030" />
<exclusive-end id="820" timestamp="2019-08-02T20:08:39.030" durationms="2.100" />

<exclusive-start id="821" timestamp="2019-08-02T20:08:39.049" intervalms="21.480">
  <response-info timems="0.067" idlems="0.067" threads="0" lastid="0000000001C1C700" lastname="Thread-4" />
</exclusive-start>
<af-start id="822" threadId="0000000001C1D088" totalBytesRequested="8200" timestamp="2019-08-02T20:08:39.049" intervalms="22.629" type="nursery" />
<cycle-start id="823" type="scavenge" contextid="0" timestamp="2019-08-02T20:08:39.050" intervalms="22.645" />
<gc-start id="824" type="scavenge" contextid="823" timestamp="2019-08-02T20:08:39.050">
  <mem-info id="825" free="2165144" total="8912896" percent="24">
    <mem type="nursery" free="0" total="2621440" percent="0">
      <mem type="allocate" free="0" total="1507328" percent="0" />
      <mem type="survivor" free="0" total="1114112" percent="0" />
    </mem>
    <mem type="tenure" free="2165144" total="6291456" percent="34">
      <mem type="soa" free="1850776" total="5977088" percent="30" />
      <mem type="loa" free="314368" total="314368" percent="100" />
    </mem>
    <remembered-set count="426" />
  </mem-info>
</gc-start>
<allocation-stats totalBytes="998936" >
  <allocated-bytes non-tlh="81952" tlh="916984" />
  <largest-consumer threadName="Thread-6" threadId="0000000001C23F00" bytes="310392" />
</allocation-stats>
<gc-op id="826" type="scavenge" timems="0.490" contextid="823" timestamp="2019-08-02T20:08:39.050">
  <scavenger-info tenureage="1" tenuremask="7ffe" tiltratio="57" />
  <memory-copied type="nursery" objects="1259" bytes="304712" bytesdiscarded="170448" />
  <memory-copied type="tenure" objects="933" bytes="447824" bytesdiscarded="5440" />
  <references type="weak" candidates="1" cleared="0" enqueued="0" />
  <references type="phantom" candidates="1" cleared="0" enqueued="0" />
</gc-op>
<gc-end id="827" type="scavenge" contextid="823" durationms="0.685" usertimems="0.000" systemtimems="0.000" timestamp="2019-08-02T20:08:39.050" activeThreads="8">
  <mem-info id="828" free="2774152" total="8912896" percent="31">
    <mem type="nursery" free="1097688" total="2621440" percent="41">
      <mem type="allocate" free="1097688" total="1572864" percent="69" />
      <mem type="survivor" free="0" total="1048576" percent="0" />
    </mem>
    <mem type="tenure" free="1676464" total="6291456" percent="26">
      <mem type="soa" free="1362096" total="5977088" percent="22" />
      <mem type="loa" free="314368" total="314368" percent="100" />
    </mem>
    <remembered-set count="252" />
  </mem-info>
</gc-end>
<cycle-end id="829" type="scavenge" contextid="823" timestamp="2019-08-02T20:08:39.050" />
  <attribute name="elasticGC enabled" value="1" />
  <attribute name= "numThreadsSpecified" value="0" />
  <attribute name="heapSize specified" value="0" />
  <attribute name= "numCores" value="8" />
  <attribute name ="GC Interval" value="2700" />
  <attribute name ="Control flow" value="2" />
  <attribute name="GC Util Range Max" value="25" />
  <attribute name="Current GC Util" value="11" />
  <attribute name= "Current Time Running" value="1286" />
<allocation-satisfied id="830" threadId="0000000001C1C700" bytesRequested="8200" />
<af-end id="831" timestamp="2019-08-02T20:08:39.050" threadId="0000000001C1D088" success="true" from="nursery"/>
<exclusive-end id="832" timestamp="2019-08-02T20:08:39.050" durationms="1.185" />

<exclusive-start id="833" timestamp="2019-08-02T20:08:39.058" intervalms="9.135">
  <response-info timems="0.067" idlems="0.067" threads="0" lastid="0000000001C23F00" lastname="Thread-6" />
</exclusive-start>
<af-start id="834" threadId="0000000001C24888" totalBytesRequested="16392" timestamp="2019-08-02T20:08:39.059" intervalms="9.150" type="nursery" />
<cycle-start id="835" type="scavenge" contextid="0" timestamp="2019-08-02T20:08:39.059" intervalms="9.146" />
<gc-start id="836" type="scavenge" contextid="835" timestamp="2019-08-02T20:08:39.059">
  <mem-info id="837" free="1676464" total="8912896" percent="18">
    <mem type="nursery" free="0" total="2621440" percent="0">
      <mem type="allocate" free="0" total="1572864" percent="0" />
      <mem type="survivor" free="0" total="1048576" percent="0" />
    </mem>
    <mem type="tenure" free="1676464" total="6291456" percent="26">
      <mem type="soa" free="1362096" total="5977088" percent="22" />
      <mem type="loa" free="314368" total="314368" percent="100" />
    </mem>
    <remembered-set count="406" />
  </mem-info>
</gc-start>
<allocation-stats totalBytes="1022952" >
  <allocated-bytes non-tlh="221256" tlh="801696" />
  <largest-consumer threadName="Thread-4" threadId="0000000001C1C700" bytes="372912" />
</allocation-stats>
<gc-op id="838" type="scavenge" timems="0.576" contextid="835" timestamp="2019-08-02T20:08:39.059">
  <scavenger-info tenureage="1" tenuremask="7ffe" tiltratio="60" />
  <memory-copied type="nursery" objects="910" bytes="550992" bytesdiscarded="180904" />
  <memory-copied type="tenure" objects="663" bytes="188856" bytesdiscarded="1200" />
</gc-op>
<gc-end id="839" type="scavenge" contextid="835" durationms="0.782" usertimems="0.000" systemtimems="0.000" timestamp="2019-08-02T20:08:39.060" activeThreads="8">
  <mem-info id="840" free="2454768" total="8912896" percent="27">
    <mem type="nursery" free="971976" total="2621440" percent="37">
      <mem type="allocate" free="971976" total="1703936" percent="57" />
      <mem type="survivor" free="0" total="917504" percent="0" />
    </mem>
    <mem type="tenure" free="1482792" total="6291456" percent="23">
      <mem type="soa" free="1168424" total="5977088" percent="19" />
      <mem type="loa" free="314368" total="314368" percent="100" />
    </mem>
    <remembered-set count="241" />
  </mem-info>
</gc-end>
<cycle-end id="841" type="scavenge" contextid="835" timestamp="2019-08-02T20:08:39.060" />
  <attribute name="elasticGC enabled" value="1" />
  <attribute name= "numThreadsSpecified" value="0" />
  <attribute name="heapSize specified" value="0" />
  <attribute name= "numCores" value="8" />
  <attribute name ="GC Interval" value="2700" />
  <attribute name ="Control flow" value="2" />
  <attribute name="GC Util Range Max" value="25" />
  <attribute name="Current GC Util" value="19" />
  <attribute name= "Current Time Running" value="1295" />
<allocation-satisfied id="842" threadId="0000000001C23F00" bytesRequested="16392" />
<af-end id="843" timestamp="2019-08-02T20:08:39.060" threadId="0000000001C24888" success="true" from="nursery"/>
<exclusive-end id="844" timestamp="2019-08-02T20:08:39.060" durationms="1.299" />

<exclusive-start id="845" timestamp="2019-08-02T20:08:39.071" intervalms="12.325">
  <response-info timems="0.089" idlems="0.049" threads="1" lastid="0000000001C2F300" lastname="Thread-9" />
</exclusive-start>
<af-start id="846" threadId="0000000001C33888" totalBytesRequested="8200" timestamp="2019-08-02T20:08:39.071" intervalms="12.255" type="nursery" />
<cycle-start id="847" type="scavenge" contextid="0" timestamp="2019-08-02T20:08:39.071" intervalms="12.235" />
<gc-start id="848" type="scavenge" contextid="847" timestamp="2019-08-02T20:08:39.071">
  <mem-info id="849" free="1482792" total="8912896" percent="16">
    <mem type="nursery" free="0" total="2621440" percent="0">
      <mem type="allocate" free="0" total="1703936" percent="0" />
      <mem type="survivor" free="0" total="917504" percent="0" />
    </mem>
    <mem type="tenure" free="1482792" total="6291456" percent="23">
      <mem type="soa" free="1168424" total="5977088" percent="19" />
      <mem type="loa" free="314368" total="314368" percent="100" />
    </mem>
    <remembered-set count="428" />
  </mem-info>
</gc-start>
<allocation-stats totalBytes="942432" >
  <allocated-bytes non-tlh="98336" tlh="844096" />
  <largest-consumer threadName="Thread-5" threadId="0000000001C20300" bytes="429696" />
</allocation-stats>
<gc-op id="850" type="scavenge" timems="0.462" contextid="847" timestamp="2019-08-02T20:08:39.072">
  <scavenger-info tenureage="1" tenuremask="7ffe" tiltratio="65" />
  <memory-copied type="nursery" objects="1203" bytes="371696" bytesdiscarded="345168" />
  <memory-copied type="tenure" objects="791" bytes="410104" bytesdiscarded="4808" />
  <references type="weak" candidates="1" cleared="0" enqueued="0" />
  <references type="phantom" candidates="2" cleared="0" enqueued="0" />
</gc-op>
<gc-end id="851" type="scavenge" contextid="847" durationms="0.652" usertimems="0.000" systemtimems="0.000" timestamp="2019-08-02T20:08:39.072" activeThreads="8">
  <mem-info id="852" free="2040008" total="8912896" percent="22">
    <mem type="nursery" free="987048" total="2621440" percent="37">
      <mem type="allocate" free="987048" total="1703936" percent="57" />
      <mem type="survivor" free="0" total="917504" percent="0" />
    </mem>
    <mem type="tenure" free="1052960" total="6291456" percent="16">
      <mem type="soa" free="738592" total="5977088" percent="12" />
      <mem type="loa" free="314368" total="314368" percent="100" />
    </mem>
    <remembered-set count="247" />
  </mem-info>
</gc-end>
<cycle-end id="853" type="scavenge" contextid="847" timestamp="2019-08-02T20:08:39.072" />
  <attribute name="elasticGC enabled" value="1" />
  <attribute name= "numThreadsSpecified" value="0" />
  <attribute name="heapSize specified" value="0" />
  <attribute name= "numCores" value="8" />
  <attribute name ="GC Interval" value="2700" />
  <attribute name ="Control flow" value="2" />
  <attribute name="GC Util Range Max" value="25" />
  <attribute name="Current GC Util" value="16" />
  <attribute name= "Current Time Running" value="1307" />
<allocation-satisfied id="854" threadId="0000000001C32F00" bytesRequested="8200" />
<af-end id="855" timestamp="2019-08-02T20:08:39.072" threadId="0000000001C33888" success="true" from="nursery"/>
<exclusive-end id="856" timestamp="2019-08-02T20:08:39.072" durationms="1.068" />

<exclusive-start id="857" timestamp="2019-08-02T20:08:39.082" intervalms="10.759">
  <response-info timems="0.058" idlems="0.058" threads="0" lastid="0000000001C32F00" lastname="Thread-10" />
</exclusive-start>
<af-start id="858" threadId="0000000001C33888" totalBytesRequested="16392" timestamp="2019-08-02T20:08:39.082" intervalms="10.811" type="nursery" />
<cycle-start id="859" type="scavenge" contextid="0" timestamp="2019-08-02T20:08:39.082" intervalms="10.817" />
<gc-start id="860" type="scavenge" contextid="859" timestamp="2019-08-02T20:08:39.082">
  <mem-info id="861" free="1052960" total="8912896" percent="11">
    <mem type="nursery" free="0" total="2621440" percent="0">
      <mem type="allocate" free="0" total="1703936" percent="0" />
      <mem type="survivor" free="0" total="917504" percent="0" />
    </mem>
    <mem type="tenure" free="1052960" total="6291456" percent="16">
      <mem type="soa" free="738592" total="5977088" percent="12" />
      <mem type="loa" free="314368" total="314368" percent="100" />
    </mem>
    <remembered-set count="393" />
  </mem-info>
</gc-start>
<allocation-stats totalBytes="946976" >
  <allocated-bytes non-tlh="122928" tlh="824048" />
  <largest-consumer threadName="Thread-10" threadId="0000000001C32F00" bytes="543744" />
</allocation-stats>
<gc-op id="862" type="scavenge" timems="0.366" contextid="859" timestamp="2019-08-02T20:08:39.082">
  <scavenger-info tenureage="1" tenuremask="7ffe" tiltratio="65" />
  <memory-copied type="nursery" objects="325" bytes="138088" bytesdiscarded="274824" />
  <memory-copied type="tenure" objects="1120" bytes="364696" bytesdiscarded="1888" />
</gc-op>
<gc-end id="863" type="scavenge" contextid="859" durationms="0.559" usertimems="0.000" systemtimems="0.000" timestamp="2019-08-02T20:08:39.082" activeThreads="8">
  <mem-info id="864" free="1922400" total="8912896" percent="21">
    <mem type="nursery" free="1422072" total="2621440" percent="54">
      <mem type="allocate" free="1422072" total="1835008" percent="77" />
      <mem type="survivor" free="0" total="786432" percent="0" />
    </mem>
    <mem type="tenure" free="500328" total="6291456" percent="7">
      <mem type="soa" free="185960" total="5977088" percent="3" />
      <mem type="loa" free="314368" total="314368" percent="100" />
    </mem>
    <remembered-set count="265" />
  </mem-info>
</gc-end>
<cycle-end id="865" type="scavenge" contextid="859" timestamp="2019-08-02T20:08:39.082" />
  <attribute name="elasticGC enabled" value="1" />
  <attribute name= "numThreadsSpecified" value="0" />
  <attribute name="heapSize specified" value="0" />
  <attribute name= "numCores" value="8" />
  <attribute name ="GC Interval" value="2700" />
  <attribute name ="Control flow" value="2" />
  <attribute name="GC Util Range Max" value="25" />
  <attribute name="Current GC Util" value="15" />
  <attribute name= "Current Time Running" value="1318" />
<allocation-satisfied id="866" threadId="0000000001C32F00" bytesRequested="16392" />
<af-end id="867" timestamp="2019-08-02T20:08:39.083" threadId="0000000001C33888" success="true" from="nursery"/>
<exclusive-end id="868" timestamp="2019-08-02T20:08:39.083" durationms="1.035" />

<concurrent-kickoff id="869" timestamp="2019-08-02T20:08:39.095">
  <kickoff reason="threshold reached" targetBytes="2338121" thresholdFreeBytes="308333"  remainingFree="307960" tenureFreeBytes="500328" nurseryFreeBytes="307960" />
</concurrent-kickoff>
<exclusive-start id="870" timestamp="2019-08-02T20:08:39.095" intervalms="13.912">
  <response-info timems="0.038" idlems="0.038" threads="0" lastid="0000000001C32F00" lastname="Thread-10" />
</exclusive-start>
<cycle-start id="871" type="global" contextid="0" timestamp="2019-08-02T20:08:39.096" intervalms="70.596" />
<exclusive-end id="872" timestamp="2019-08-02T20:08:39.096" durationms="0.143" />

<exclusive-start id="873" timestamp="2019-08-02T20:08:39.100" intervalms="4.457">
  <response-info timems="0.032" idlems="0.032" threads="0" lastid="0000000001C2B700" lastname="Thread-8" />
</exclusive-start>
<af-start id="874" threadId="0000000001C2C088" totalBytesRequested="32776" timestamp="2019-08-02T20:08:39.100" intervalms="18.470" type="nursery" />
<percolate-collect id="875" from="nursery" to="global" reason="concurrent mark exhausted" timestamp="2019-08-02T20:08:39.100"/>
<gc-start id="876" type="global" contextid="871" timestamp="2019-08-02T20:08:39.100">
  <mem-info id="877" free="513360" total="8912896" percent="5">
    <mem type="nursery" free="13032" total="2621440" percent="0">
      <mem type="allocate" free="13032" total="1835008" percent="0" />
      <mem type="survivor" free="0" total="786432" percent="0" />
    </mem>
    <mem type="tenure" free="500328" total="6291456" percent="7">
      <mem type="soa" free="185960" total="5977088" percent="3" />
      <mem type="loa" free="314368" total="314368" percent="100" />
    </mem>
    <remembered-set count="450" />
  </mem-info>
</gc-start>
<allocation-stats totalBytes="1339384" >
  <allocated-bytes non-tlh="131112" tlh="1208272" />
  <largest-consumer threadName="Thread-6" threadId="0000000001C23F00" bytes="402264" />
</allocation-stats>
<concurrent-halted id="878" timestamp="2019-08-02T20:08:39.100">
  <halted state="Complete" status="exhausted" />
  <traced bytesTarget="2338121" bytesTotal="2061356" bytesByMutator="368132" bytesByHelper="1693224" percent="88" />
  <cards cleaned="102" thresholdBytes="121464" />
</concurrent-halted>
<gc-op id="879" type="rs-scan" timems="0.183" contextid="871" timestamp="2019-08-02T20:08:39.101">
  <scan objectsFound="365" bytesTraced="91740" workStackOverflowCount="0" />
</gc-op>
<gc-op id="880" type="card-cleaning" timems="0.175" contextid="871" timestamp="2019-08-02T20:08:39.101">
  <card-cleaning cardsCleaned="0" bytesTraced="474868" workStackOverflowCount="0" />
</gc-op>
<gc-op id="881" type="mark" timems="0.613" contextid="871" timestamp="2019-08-02T20:08:39.101">
  <trace-info objectcount="1362" scancount="1218" scanbytes="265740" />
  <finalization candidates="25" enqueued="0" />
  <references type="soft" candidates="168" cleared="0" enqueued="0" dynamicThreshold="11" maxThreshold="32" />
  <references type="weak" candidates="249" cleared="0" enqueued="0" />
  <references type="phantom" candidates="71" cleared="0" enqueued="0" />
  <stringconstants candidates="3963" cleared="0"  />
</gc-op>
<gc-op id="882" type="sweep" timems="0.239" contextid="871" timestamp="2019-08-02T20:08:39.102" />
<gc-end id="883" type="global" contextid="871" durationms="1.971" usertimems="8.000" systemtimems="0.000" timestamp="2019-08-02T20:08:39.102" activeThreads="8">
  <mem-info id="884" free="3326488" total="8912896" percent="37">
    <mem type="nursery" free="1181208" total="2621440" percent="45">
      <mem type="allocate" free="1181208" total="1835008" percent="64" />
      <mem type="survivor" free="0" total="786432" percent="0" />
    </mem>
    <mem type="tenure" free="2145280" total="6291456" percent="34" micro-fragmented="105959" macro-fragmented="0">
      <mem type="soa" free="1830912" total="5977088" percent="30" />
      <mem type="loa" free="314368" total="314368" percent="100" />
    </mem>
    <remembered-set count="407" />
  </mem-info>
</gc-end>
<cycle-end id="885" type="global" contextid="871" timestamp="2019-08-02T20:08:39.102" />
  <attribute name="elasticGC enabled" value="1" />
  <attribute name= "numThreadsSpecified" value="0" />
  <attribute name="heapSize specified" value="0" />
  <attribute name= "numCores" value="8" />
  <attribute name ="GC Interval" value="2700" />
  <attribute name ="Control flow" value="2" />
  <attribute name="GC Util Range Max" value="25" />
  <attribute name="Current GC Util" value="62" />
  <attribute name= "Current Time Running" value="1338" />
<allocation-satisfied id="886" threadId="0000000001C2B700" bytesRequested="32776" />
<af-end id="887" timestamp="2019-08-02T20:08:39.102" threadId="0000000001C2C088" success="true" from="nursery"/>
<exclusive-end id="888" timestamp="2019-08-02T20:08:39.102" durationms="2.591" />

<exclusive-start id="889" timestamp="2019-08-02T20:08:39.117" intervalms="17.476">
  <response-info timems="0.061" idlems="0.061" threads="0" lastid="0000000001C27B00" lastname="Thread-7" />
</exclusive-start>
<af-start id="890" threadId="0000000001C28488" totalBytesRequested="8200" timestamp="2019-08-02T20:08:39.117" intervalms="17.337" type="nursery" />
<cycle-start id="891" type="scavenge" contextid="0" timestamp="2019-08-02T20:08:39.118" intervalms="35.815" />
<gc-start id="892" type="scavenge" contextid="891" timestamp="2019-08-02T20:08:39.118">
  <mem-info id="893" free="2145280" total="8912896" percent="24">
    <mem type="nursery" free="0" total="2621440" percent="0">
      <mem type="allocate" free="0" total="1835008" percent="0" />
      <mem type="survivor" free="0" total="786432" percent="0" />
    </mem>
    <mem type="tenure" free="2145280" total="6291456" percent="34">
      <mem type="soa" free="1830912" total="5977088" percent="30" />
      <mem type="loa" free="314368" total="314368" percent="100" />
    </mem>
    <remembered-set count="461" />
  </mem-info>
</gc-start>
<allocation-stats totalBytes="1151720" >
  <allocated-bytes non-tlh="229544" tlh="922176" />
  <largest-consumer threadName="Thread-6" threadId="0000000001C23F00" bytes="488864" />
</allocation-stats>
<gc-op id="894" type="scavenge" timems="0.968" contextid="891" timestamp="2019-08-02T20:08:39.119">
  <scavenger-info tenureage="2" tenuremask="7ffc" tiltratio="70" />
  <memory-copied type="nursery" objects="1597" bytes="666624" bytesdiscarded="119752" />
  <memory-copied type="tenure" objects="604" bytes="184024" bytesdiscarded="3528" />
  <copy-failed type="nursery" objects="604" bytes="184024" />
  <references type="weak" candidates="1" cleared="0" enqueued="0" />
  <references type="phantom" candidates="1" cleared="0" enqueued="0" />
</gc-op>
<gc-end id="895" type="scavenge" contextid="891" durationms="1.351" usertimems="0.000" systemtimems="0.000" timestamp="2019-08-02T20:08:39.119" activeThreads="8">
  <mem-info id="896" free="2467584" total="8912896" percent="27">
    <mem type="nursery" free="524288" total="2621440" percent="20">
      <mem type="allocate" free="524288" total="1310720" percent="40" />
      <mem type="survivor" free="0" total="1310720" percent="0" />
    </mem>
    <mem type="tenure" free="1943296" total="6291456" percent="30">
      <mem type="soa" free="1628928" total="5977088" percent="27" />
      <mem type="loa" free="314368" total="314368" percent="100" />
    </mem>
    <remembered-set count="312" />
  </mem-info>
</gc-end>
<cycle-end id="897" type="scavenge" contextid="891" timestamp="2019-08-02T20:08:39.119" />
  <attribute name="elasticGC enabled" value="1" />
  <attribute name= "numThreadsSpecified" value="0" />
  <attribute name="heapSize specified" value="0" />
  <attribute name= "numCores" value="8" />
  <attribute name ="GC Interval" value="2800" />
  <attribute name ="Control flow" value="2" />
  <attribute name="GC Util Range Max" value="25" />
  <attribute name="Current GC Util" value="23" />
  <attribute name= "Current Time Running" value="1354" />
<allocation-satisfied id="898" threadId="0000000001C27B00" bytesRequested="8200" />
<af-end id="899" timestamp="2019-08-02T20:08:39.119" threadId="0000000001C28488" success="true" from="nursery"/>
<exclusive-end id="900" timestamp="2019-08-02T20:08:39.119" durationms="1.842" />

<exclusive-start id="901" timestamp="2019-08-02T20:08:39.121" intervalms="3.592">
  <response-info timems="0.084" idlems="0.084" threads="0" lastid="0000000001C27B00" lastname="Thread-7" />
</exclusive-start>
<af-start id="902" threadId="0000000001C28488" totalBytesRequested="32776" timestamp="2019-08-02T20:08:39.121" intervalms="3.620" type="nursery" />
<cycle-start id="903" type="scavenge" contextid="0" timestamp="2019-08-02T20:08:39.121" intervalms="3.617" />
<gc-start id="904" type="scavenge" contextid="903" timestamp="2019-08-02T20:08:39.121">
  <mem-info id="905" free="1963760" total="8912896" percent="22">
    <mem type="nursery" free="20464" total="2621440" percent="0">
      <mem type="allocate" free="20464" total="1310720" percent="1" />
      <mem type="survivor" free="0" total="1310720" percent="0" />
    </mem>
    <mem type="tenure" free="1943296" total="6291456" percent="30">
      <mem type="soa" free="1628928" total="5977088" percent="27" />
      <mem type="loa" free="314368" total="314368" percent="100" />
    </mem>
    <remembered-set count="371" />
  </mem-info>
</gc-start>
<allocation-stats totalBytes="482752" >
  <allocated-bytes non-tlh="40976" tlh="441776" />
  <largest-consumer threadName="Thread-7" threadId="0000000001C27B00" bytes="236992" />
</allocation-stats>
<gc-op id="906" type="scavenge" timems="0.592" contextid="903" timestamp="2019-08-02T20:08:39.122">
  <scavenger-info tenureage="1" tenuremask="7ffe" tiltratio="50" />
  <memory-copied type="nursery" objects="136" bytes="142696" bytesdiscarded="202400" />
  <memory-copied type="tenure" objects="1520" bytes="662352" bytesdiscarded="11560" />
</gc-op>
<gc-end id="907" type="scavenge" contextid="903" durationms="0.964" usertimems="0.000" systemtimems="0.000" timestamp="2019-08-02T20:08:39.122" activeThreads="8">
  <mem-info id="908" free="2218744" total="8912896" percent="24">
    <mem type="nursery" free="965608" total="2621440" percent="36">
      <mem type="allocate" free="965608" total="1310720" percent="73" />
      <mem type="survivor" free="0" total="1310720" percent="0" />
    </mem>
    <mem type="tenure" free="1253136" total="6291456" percent="19">
      <mem type="soa" free="938768" total="5977088" percent="15" />
      <mem type="loa" free="314368" total="314368" percent="100" />
    </mem>
    <remembered-set count="234" />
  </mem-info>
</gc-end>
<cycle-end id="909" type="scavenge" contextid="903" timestamp="2019-08-02T20:08:39.122" />
  <attribute name="elasticGC enabled" value="1" />
  <attribute name= "numThreadsSpecified" value="0" />
  <attribute name="heapSize specified" value="0" />
  <attribute name= "numCores" value="8" />
  <attribute name ="GC Interval" value="2900" />
  <attribute name ="Control flow" value="2" />
  <attribute name="GC Util Range Max" value="25" />
  <attribute name="Current GC Util" value="74" />
  <attribute name= "Current Time Running" value="1357" />
<allocation-satisfied id="910" threadId="0000000001C27B00" bytesRequested="32776" />
<af-end id="911" timestamp="2019-08-02T20:08:39.122" threadId="0000000001C28488" success="true" from="nursery"/>
<exclusive-end id="912" timestamp="2019-08-02T20:08:39.122" durationms="1.458" />

<exclusive-start id="913" timestamp="2019-08-02T20:08:39.134" intervalms="13.124">
  <response-info timems="0.036" idlems="0.036" threads="0" lastid="0000000001C18B00" lastname="Thread-3" />
</exclusive-start>
<af-start id="914" threadId="0000000001C19488" totalBytesRequested="24" timestamp="2019-08-02T20:08:39.134" intervalms="13.191" type="nursery" />
<cycle-start id="915" type="scavenge" contextid="0" timestamp="2019-08-02T20:08:39.134" intervalms="13.196" />
<gc-start id="916" type="scavenge" contextid="915" timestamp="2019-08-02T20:08:39.134">
  <mem-info id="917" free="1253136" total="8912896" percent="14">
    <mem type="nursery" free="0" total="2621440" percent="0">
      <mem type="allocate" free="0" total="1310720" percent="0" />
      <mem type="survivor" free="0" total="1310720" percent="0" />
    </mem>
    <mem type="tenure" free="1253136" total="6291456" percent="19">
      <mem type="soa" free="938768" total="5977088" percent="15" />
      <mem type="loa" free="314368" total="314368" percent="100" />
    </mem>
    <remembered-set count="426" />
  </mem-info>
</gc-start>
<allocation-stats totalBytes="927880" >
  <allocated-bytes non-tlh="155696" tlh="772184" />
  <largest-consumer threadName="Thread-4" threadId="0000000001C1C700" bytes="389400" />
</allocation-stats>
<gc-op id="918" type="scavenge" timems="0.856" contextid="915" timestamp="2019-08-02T20:08:39.135">
  <scavenger-info tenureage="1" tenuremask="7ffe" tiltratio="50" />
  <memory-copied type="nursery" objects="1208" bytes="446040" bytesdiscarded="230320" />
  <memory-copied type="tenure" objects="119" bytes="142024" bytesdiscarded="2688" />
  <references type="weak" candidates="1" cleared="0" enqueued="0" />
  <references type="phantom" candidates="1" cleared="0" enqueued="0" />
</gc-op>
<gc-end id="919" type="scavenge" contextid="915" durationms="1.237" usertimems="0.000" systemtimems="0.000" timestamp="2019-08-02T20:08:39.136" activeThreads="8">
  <mem-info id="920" free="1744296" total="8912896" percent="19">
    <mem type="nursery" free="634320" total="2621440" percent="24">
      <mem type="allocate" free="634320" total="1310720" percent="48" />
      <mem type="survivor" free="0" total="1310720" percent="0" />
    </mem>
    <mem type="tenure" free="1109976" total="6291456" percent="17">
      <mem type="soa" free="795608" total="5977088" percent="13" />
      <mem type="loa" free="314368" total="314368" percent="100" />
    </mem>
    <remembered-set count="264" />
  </mem-info>
</gc-end>
<cycle-end id="921" type="scavenge" contextid="915" timestamp="2019-08-02T20:08:39.136" />
  <attribute name="elasticGC enabled" value="1" />
  <attribute name= "numThreadsSpecified" value="0" />
  <attribute name="heapSize specified" value="0" />
  <attribute name= "numCores" value="8" />
  <attribute name ="GC Interval" value="3000" />
  <attribute name ="Control flow" value="2" />
  <attribute name="GC Util Range Max" value="25" />
  <attribute name="Current GC Util" value="16" />
  <attribute name= "Current Time Running" value="1370" />
<allocation-satisfied id="922" threadId="0000000001C18B00" bytesRequested="24" />
<af-end id="923" timestamp="2019-08-02T20:08:39.136" threadId="0000000001C19488" success="true" from="nursery"/>
<exclusive-end id="924" timestamp="2019-08-02T20:08:39.136" durationms="1.823" />

<exclusive-start id="925" timestamp="2019-08-02T20:08:39.142" intervalms="7.806">
  <response-info timems="0.102" idlems="0.102" threads="0" lastid="0000000001C2F300" lastname="Thread-9" />
</exclusive-start>
<af-start id="926" threadId="0000000001C2FC88" totalBytesRequested="16392" timestamp="2019-08-02T20:08:39.142" intervalms="7.693" type="nursery" />
<cycle-start id="927" type="scavenge" contextid="0" timestamp="2019-08-02T20:08:39.142" intervalms="7.686" />
<gc-start id="928" type="scavenge" contextid="927" timestamp="2019-08-02T20:08:39.142">
  <mem-info id="929" free="1109976" total="8912896" percent="12">
    <mem type="nursery" free="0" total="2621440" percent="0">
      <mem type="allocate" free="0" total="1310720" percent="0" />
      <mem type="survivor" free="0" total="1310720" percent="0" />
    </mem>
    <mem type="tenure" free="1109976" total="6291456" percent="17">
      <mem type="soa" free="795608" total="5977088" percent="13" />
      <mem type="loa" free="314368" total="314368" percent="100" />
    </mem>
    <remembered-set count="368" />
  </mem-info>
</gc-start>
<allocation-stats totalBytes="593184" >
  <allocated-bytes non-tlh="106560" tlh="486624" />
  <largest-consumer threadName="Thread-8" threadId="0000000001C2B700" bytes="240304" />
</allocation-stats>
<gc-op id="930" type="scavenge" timems="0.973" contextid="927" timestamp="2019-08-02T20:08:39.143">
  <scavenger-info tenureage="1" tenuremask="7ffe" tiltratio="50" />
  <memory-copied type="nursery" objects="666" bytes="306176" bytesdiscarded="100136" />
  <memory-copied type="tenure" objects="1127" bytes="417280" bytesdiscarded="8384" />
</gc-op>
<heap-resize id="931" type="expand" space="nursery" amount="262144" count="1" timems="0.017" reason="excessive time being spent scavenging" timestamp="2019-08-02T20:08:39.143" />
<gc-end id="932" type="scavenge" contextid="927" durationms="1.200" usertimems="4.000" systemtimems="0.000" timestamp="2019-08-02T20:08:39.143" activeThreads="8">
  <mem-info id="933" free="1712280" total="9175040" percent="18">
    <mem type="nursery" free="1035448" total="2883584" percent="35">
      <mem type="allocate" free="1035448" total="1441792" percent="71" />
      <mem type="survivor" free="0" total="1441792" percent="0" />
    </mem>
    <mem type="tenure" free="676832" total="6291456" percent="10">
      <mem type="soa" free="362464" total="5977088" percent="6" />
      <mem type="loa" free="314368" total="314368" percent="100" />
    </mem>
    <remembered-set count="236" />
  </mem-info>
</gc-end>
<cycle-end id="934" type="scavenge" contextid="927" timestamp="2019-08-02T20:08:39.143" />
  <attribute name="elasticGC enabled" value="1" />
  <attribute name= "numThreadsSpecified" value="0" />
  <attribute name="heapSize specified" value="0" />
  <attribute name= "numCores" value="8" />
  <attribute name ="GC Interval" value="3100" />
  <attribute name ="Control flow" value="2" />
  <attribute name="GC Util Range Max" value="25" />
  <attribute name="Current GC Util" value="35" />
  <attribute name= "Current Time Running" value="1378" />
<allocation-satisfied id="935" threadId="0000000001C2F300" bytesRequested="16392" />
<af-end id="936" timestamp="2019-08-02T20:08:39.143" threadId="0000000001C2FC88" success="true" from="nursery"/>
<exclusive-end id="937" timestamp="2019-08-02T20:08:39.143" durationms="1.583" />

<concurrent-kickoff id="938" timestamp="2019-08-02T20:08:39.150">
  <kickoff reason="threshold reached" targetBytes="2278314" thresholdFreeBytes="303494"  remainingFree="273560" tenureFreeBytes="676832" nurseryFreeBytes="273560" />
</concurrent-kickoff>
<exclusive-start id="939" timestamp="2019-08-02T20:08:39.150" intervalms="8.404">
  <response-info timems="0.183" idlems="0.097" threads="1" lastid="0000000001C2B700" lastname="Thread-8" />
</exclusive-start>
<cycle-start id="940" type="global" contextid="0" timestamp="2019-08-02T20:08:39.150" intervalms="54.842" />
<exclusive-end id="941" timestamp="2019-08-02T20:08:39.150" durationms="0.155" />

<exclusive-start id="942" timestamp="2019-08-02T20:08:39.155" intervalms="4.511">
  <response-info timems="0.038" idlems="0.038" threads="0" lastid="0000000001C27B00" lastname="Thread-7" />
</exclusive-start>
<af-start id="943" threadId="0000000001C28488" totalBytesRequested="32776" timestamp="2019-08-02T20:08:39.155" intervalms="12.939" type="nursery" />
<cycle-start id="944" type="scavenge" contextid="0" timestamp="2019-08-02T20:08:39.155" intervalms="12.951" />
<gc-start id="945" type="scavenge" contextid="944" timestamp="2019-08-02T20:08:39.155">
  <mem-info id="946" free="704624" total="9175040" percent="7">
    <mem type="nursery" free="27792" total="2883584" percent="0">
      <mem type="allocate" free="27792" total="1441792" percent="1" />
      <mem type="survivor" free="0" total="1441792" percent="0" />
    </mem>
    <mem type="tenure" free="676832" total="6291456" percent="10">
      <mem type="soa" free="362464" total="5977088" percent="6" />
      <mem type="loa" free="314368" total="314368" percent="100" />
    </mem>
    <remembered-set count="382" />
  </mem-info>
</gc-start>
<allocation-stats totalBytes="1002320" >
  <allocated-bytes non-tlh="163896" tlh="838424" />
  <largest-consumer threadName="Thread-10" threadId="0000000001C32F00" bytes="450272" />
</allocation-stats>
<gc-op id="947" type="scavenge" timems="0.746" contextid="944" timestamp="2019-08-02T20:08:39.156">
  <scavenger-info tenureage="1" tenuremask="7ffe" tiltratio="50" />
  <memory-copied type="nursery" objects="1300" bytes="455152" bytesdiscarded="157520" />
  <memory-copied type="tenure" objects="613" bytes="303824" bytesdiscarded="1264" />
  <references type="phantom" candidates="1" cleared="0" enqueued="0" />
</gc-op>
<gc-end id="948" type="scavenge" contextid="944" durationms="1.150" usertimems="0.000" systemtimems="4.000" timestamp="2019-08-02T20:08:39.156" activeThreads="8">
  <mem-info id="949" free="1405592" total="9175040" percent="15">
    <mem type="nursery" free="1091224" total="2883584" percent="37">
      <mem type="allocate" free="1091224" total="1703936" percent="64" />
      <mem type="survivor" free="0" total="1179648" percent="0" />
    </mem>
    <mem type="tenure" free="314368" total="6291456" percent="4">
      <mem type="soa" free="0" total="5977088" percent="0" />
      <mem type="loa" free="314368" total="314368" percent="100" />
    </mem>
    <remembered-set count="267" />
  </mem-info>
</gc-end>
<cycle-end id="950" type="scavenge" contextid="944" timestamp="2019-08-02T20:08:39.156" />
  <attribute name="elasticGC enabled" value="1" />
  <attribute name= "numThreadsSpecified" value="0" />
  <attribute name="heapSize specified" value="0" />
  <attribute name= "numCores" value="8" />
  <attribute name ="GC Interval" value="3200" />
  <attribute name ="Control flow" value="2" />
  <attribute name="GC Util Range Max" value="25" />
  <attribute name="Current GC Util" value="17" />
  <attribute name= "Current Time Running" value="1391" />
<allocation-satisfied id="951" threadId="0000000001C27B00" bytesRequested="32776" />
<af-end id="952" timestamp="2019-08-02T20:08:39.156" threadId="0000000001C28488" success="true" from="nursery"/>
<exclusive-end id="953" timestamp="2019-08-02T20:08:39.156" durationms="1.676" />

<exclusive-start id="954" timestamp="2019-08-02T20:08:39.194" intervalms="39.597">
  <response-info timems="0.044" idlems="0.044" threads="0" lastid="0000000001C1C700" lastname="Thread-4" />
</exclusive-start>
<af-start id="955" threadId="0000000001C1D088" totalBytesRequested="32776" timestamp="2019-08-02T20:08:39.195" intervalms="39.706" type="nursery" />
<percolate-collect id="956" from="nursery" to="global" reason="concurrent mark exhausted" timestamp="2019-08-02T20:08:39.195"/>
<gc-start id="957" type="global" contextid="940" timestamp="2019-08-02T20:08:39.195">
  <mem-info id="958" free="320104" total="9175040" percent="3">
    <mem type="nursery" free="5736" total="2883584" percent="0">
      <mem type="allocate" free="5736" total="1703936" percent="0" />
      <mem type="survivor" free="0" total="1179648" percent="0" />
    </mem>
    <mem type="tenure" free="314368" total="6291456" percent="4">
      <mem type="soa" free="0" total="5977088" percent="0" />
      <mem type="loa" free="314368" total="314368" percent="100" />
    </mem>
    <remembered-set count="362" />
  </mem-info>
</gc-start>
<allocation-stats totalBytes="1059480" >
  <allocated-bytes non-tlh="147504" tlh="911976" />
  <largest-consumer threadName="Thread-7" threadId="0000000001C27B00" bytes="365528" />
</allocation-stats>
<concurrent-halted id="959" timestamp="2019-08-02T20:08:39.195">
  <halted state="Complete" status="exhausted" />
  <traced bytesTarget="2278314" bytesTotal="2475384" bytesByMutator="1064632" bytesByHelper="1410752" percent="108" />
  <cards cleaned="324" thresholdBytes="119558" />
</concurrent-halted>
<gc-op id="960" type="rs-scan" timems="0.179" contextid="940" timestamp="2019-08-02T20:08:39.195">
  <scan objectsFound="279" bytesTraced="43952" workStackOverflowCount="0" />
</gc-op>
<gc-op id="961" type="card-cleaning" timems="0.176" contextid="940" timestamp="2019-08-02T20:08:39.195">
  <card-cleaning cardsCleaned="13" bytesTraced="554692" workStackOverflowCount="0" />
</gc-op>
<gc-op id="962" type="mark" timems="0.562" contextid="940" timestamp="2019-08-02T20:08:39.196">
  <trace-info objectcount="418" scancount="371" scanbytes="28556" />
  <finalization candidates="25" enqueued="0" />
  <references type="soft" candidates="168" cleared="76" enqueued="73" dynamicThreshold="10" maxThreshold="32" />
  <references type="weak" candidates="249" cleared="0" enqueued="0" />
  <references type="phantom" candidates="71" cleared="0" enqueued="0" />
  <stringconstants candidates="3963" cleared="0"  />
</gc-op>
<gc-op id="963" type="sweep" timems="0.249" contextid="940" timestamp="2019-08-02T20:08:39.196" />
<gc-end id="964" type="global" contextid="940" durationms="1.954" usertimems="4.000" systemtimems="0.000" timestamp="2019-08-02T20:08:39.197" activeThreads="8">
  <mem-info id="965" free="3123272" total="9175040" percent="34">
    <mem type="nursery" free="902320" total="2883584" percent="31">
      <mem type="allocate" free="902320" total="1703936" percent="52" />
      <mem type="survivor" free="0" total="1179648" percent="0" />
    </mem>
    <mem type="tenure" free="2220952" total="6291456" percent="35" micro-fragmented="75708" macro-fragmented="0">
      <mem type="soa" free="1906584" total="5977088" percent="31" />
      <mem type="loa" free="314368" total="314368" percent="100" />
    </mem>
    <pending-finalizers system="0" default="0" reference="73" classloader="0" />
    <remembered-set count="322" />
  </mem-info>
</gc-end>
<cycle-end id="966" type="global" contextid="940" timestamp="2019-08-02T20:08:39.197" />
  <attribute name="elasticGC enabled" value="1" />
  <attribute name= "numThreadsSpecified" value="0" />
  <attribute name="heapSize specified" value="0" />
  <attribute name= "numCores" value="8" />
  <attribute name ="GC Interval" value="3200" />
  <attribute name ="Control flow" value="2" />
  <attribute name="GC Util Range Max" value="25" />
  <attribute name="Current GC Util" value="60" />
  <attribute name= "Current Time Running" value="1432" />
<allocation-satisfied id="967" threadId="0000000001C1C700" bytesRequested="32776" />
<af-end id="968" timestamp="2019-08-02T20:08:39.197" threadId="0000000001C1D088" success="true" from="nursery"/>
<exclusive-end id="969" timestamp="2019-08-02T20:08:39.197" durationms="2.593" />

<exclusive-start id="970" timestamp="2019-08-02T20:08:39.209" intervalms="15.052">
  <response-info timems="0.051" idlems="0.051" threads="0" lastid="0000000001C1C700" lastname="Thread-4" />
</exclusive-start>
<af-start id="971" threadId="0000000001C1D088" totalBytesRequested="48" timestamp="2019-08-02T20:08:39.210" intervalms="15.092" type="nursery" />
<cycle-start id="972" type="scavenge" contextid="0" timestamp="2019-08-02T20:08:39.210" intervalms="54.790" />
<gc-start id="973" type="scavenge" contextid="972" timestamp="2019-08-02T20:08:39.210">
  <mem-info id="974" free="2220952" total="9175040" percent="24">
    <mem type="nursery" free="0" total="2883584" percent="0">
      <mem type="allocate" free="0" total="1703936" percent="0" />
      <mem type="survivor" free="0" total="1179648" percent="0" />
    </mem>
    <mem type="tenure" free="2220952" total="6291456" percent="35">
      <mem type="soa" free="1906584" total="5977088" percent="31" />
      <mem type="loa" free="314368" total="314368" percent="100" />
    </mem>
    <remembered-set count="531" />
  </mem-info>
</gc-start>
<allocation-stats totalBytes="892360" >
  <allocated-bytes non-tlh="360584" tlh="531776" />
  <largest-consumer threadName="Thread-4" threadId="0000000001C1C700" bytes="336144" />
</allocation-stats>
<gc-op id="975" type="scavenge" timems="0.484" contextid="972" timestamp="2019-08-02T20:08:39.210">
  <scavenger-info tenureage="1" tenuremask="7ffe" tiltratio="59" />
  <memory-copied type="nursery" objects="2193" bytes="816280" bytesdiscarded="363304" />
  <memory-copied type="tenure" objects="1210" bytes="416008" bytesdiscarded="6856" />
  <copy-failed type="nursery" objects="41" bytes="5232" />
</gc-op>
<gc-end id="976" type="scavenge" contextid="972" durationms="0.708" usertimems="0.000" systemtimems="0.000" timestamp="2019-08-02T20:08:39.211" activeThreads="8">
  <mem-info id="977" free="2056456" total="9175040" percent="22">
    <mem type="nursery" free="327680" total="2883584" percent="11">
      <mem type="allocate" free="327680" total="1507328" percent="21" />
      <mem type="survivor" free="0" total="1376256" percent="0" />
    </mem>
    <mem type="tenure" free="1728776" total="6291456" percent="27">
      <mem type="soa" free="1414408" total="5977088" percent="23" />
      <mem type="loa" free="314368" total="314368" percent="100" />
    </mem>
    <remembered-set count="354" />
  </mem-info>
</gc-end>
<cycle-end id="978" type="scavenge" contextid="972" timestamp="2019-08-02T20:08:39.211" />
  <attribute name="elasticGC enabled" value="1" />
  <attribute name= "numThreadsSpecified" value="0" />
  <attribute name="heapSize specified" value="0" />
  <attribute name= "numCores" value="8" />
  <attribute name ="GC Interval" value="3400" />
  <attribute name ="Control flow" value="2" />
  <attribute name="GC Util Range Max" value="25" />
  <attribute name="Current GC Util" value="28" />
  <attribute name= "Current Time Running" value="1446" />
<allocation-satisfied id="979" threadId="0000000001C1C700" bytesRequested="48" />
<af-end id="980" timestamp="2019-08-02T20:08:39.211" threadId="0000000001C1D088" success="true" from="nursery"/>
<exclusive-end id="981" timestamp="2019-08-02T20:08:39.211" durationms="1.335" />

<exclusive-start id="982" timestamp="2019-08-02T20:08:39.218" intervalms="8.190">
  <response-info timems="0.090" idlems="0.090" threads="0" lastid="0000000001C32F00" lastname="Thread-10" />
</exclusive-start>
<af-start id="983" threadId="0000000001C33888" totalBytesRequested="16" timestamp="2019-08-02T20:08:39.218" intervalms="8.029" type="nursery" />
<cycle-start id="984" type="scavenge" contextid="0" timestamp="2019-08-02T20:08:39.218" intervalms="8.034" />
<gc-start id="985" type="scavenge" contextid="984" timestamp="2019-08-02T20:08:39.218">
  <mem-info id="986" free="1728776" total="9175040" percent="18">
    <mem type="nursery" free="0" total="2883584" percent="0">
      <mem type="allocate" free="0" total="1507328" percent="0" />
      <mem type="survivor" free="0" total="1376256" percent="0" />
    </mem>
    <mem type="tenure" free="1728776" total="6291456" percent="27">
      <mem type="soa" free="1414408" total="5977088" percent="23" />
      <mem type="loa" free="314368" total="314368" percent="100" />
    </mem>
    <remembered-set count="443" />
  </mem-info>
</gc-start>
<allocation-stats totalBytes="327584" >
  <allocated-bytes non-tlh="48" tlh="327536" />
  <largest-consumer threadName="Thread-4" threadId="0000000001C1C700" bytes="65584" />
</allocation-stats>
<gc-op id="987" type="scavenge" timems="0.443" contextid="984" timestamp="2019-08-02T20:08:39.218">
  <scavenger-info tenureage="1" tenuremask="7ffe" tiltratio="52" />
  <memory-copied type="nursery" objects="73" bytes="3232" bytesdiscarded="392288" />
  <memory-copied type="tenure" objects="2128" bytes="813456" bytesdiscarded="13736" />
</gc-op>
<gc-end id="988" type="scavenge" contextid="984" durationms="0.655" usertimems="0.000" systemtimems="0.000" timestamp="2019-08-02T20:08:39.219" activeThreads="8">
  <mem-info id="989" free="2080752" total="9175040" percent="22">
    <mem type="nursery" free="1177344" total="2883584" percent="40">
      <mem type="allocate" free="1177344" total="1572864" percent="74" />
      <mem type="survivor" free="0" total="1310720" percent="0" />
    </mem>
    <mem type="tenure" free="903408" total="6291456" percent="14">
      <mem type="soa" free="589040" total="5977088" percent="9" />
      <mem type="loa" free="314368" total="314368" percent="100" />
    </mem>
    <remembered-set count="313" />
  </mem-info>
</gc-end>
<cycle-end id="990" type="scavenge" contextid="984" timestamp="2019-08-02T20:08:39.219" />
  <attribute name="elasticGC enabled" value="1" />
  <attribute name= "numThreadsSpecified" value="0" />
  <attribute name="heapSize specified" value="0" />
  <attribute name= "numCores" value="8" />
  <attribute name ="GC Interval" value="3500" />
  <attribute name ="Control flow" value="2" />
  <attribute name="GC Util Range Max" value="25" />
  <attribute name="Current GC Util" value="24" />
  <attribute name= "Current Time Running" value="1454" />
<allocation-satisfied id="991" threadId="0000000001C32F00" bytesRequested="16" />
<af-end id="992" timestamp="2019-08-02T20:08:39.219" threadId="0000000001C33888" success="true" from="nursery"/>
<exclusive-end id="993" timestamp="2019-08-02T20:08:39.219" durationms="1.113" />

<concurrent-kickoff id="994" timestamp="2019-08-02T20:08:39.231">
  <kickoff reason="threshold reached" targetBytes="2325634" thresholdFreeBytes="306084"  remainingFree="300752" tenureFreeBytes="903408" nurseryFreeBytes="300752" />
</concurrent-kickoff>
<exclusive-start id="995" timestamp="2019-08-02T20:08:39.232" intervalms="14.043">
  <response-info timems="0.040" idlems="0.040" threads="0" lastid="0000000001C2B700" lastname="Thread-8" />
</exclusive-start>
<cycle-start id="996" type="global" contextid="0" timestamp="2019-08-02T20:08:39.232" intervalms="81.436" />
<exclusive-end id="997" timestamp="2019-08-02T20:08:39.232" durationms="0.195" />

<exclusive-start id="998" timestamp="2019-08-02T20:08:39.235" intervalms="3.657">
  <response-info timems="0.026" idlems="0.026" threads="0" lastid="0000000001C1C700" lastname="Thread-4" />
</exclusive-start>
<concurrent-collection-start id="999" timestamp="2019-08-02T20:08:39.236" intervalms="207.621" >
  <concurrent-trace-info reason="card cleaning threshold reached" tracedByMutators="815916" tracedByHelpers="967280" cardsCleaned="93" workStackOverflowCount="0" />
</concurrent-collection-start>
<gc-start id="1000" type="global" contextid="996" timestamp="2019-08-02T20:08:39.236">
  <mem-info id="1001" free="903408" total="9175040" percent="9">
    <mem type="nursery" free="0" total="2883584" percent="0">
      <mem type="allocate" free="0" total="1572864" percent="0" />
      <mem type="survivor" free="0" total="1310720" percent="0" />
    </mem>
    <mem type="tenure" free="903408" total="6291456" percent="14">
      <mem type="soa" free="589040" total="5977088" percent="9" />
      <mem type="loa" free="314368" total="314368" percent="100" />
    </mem>
    <remembered-set count="507" />
  </mem-info>
</gc-start>
<allocation-stats totalBytes="1140608" >
  <allocated-bytes non-tlh="114736" tlh="1025872" />
  <largest-consumer threadName="Thread-3" threadId="0000000001C18B00" bytes="449520" />
</allocation-stats>
<gc-op id="1002" type="rs-scan" timems="0.184" contextid="996" timestamp="2019-08-02T20:08:39.236">
  <scan objectsFound="191" bytesTraced="23052" workStackOverflowCount="0" />
</gc-op>
<gc-op id="1003" type="card-cleaning" timems="0.187" contextid="996" timestamp="2019-08-02T20:08:39.236">
  <card-cleaning cardsCleaned="97" bytesTraced="554124" workStackOverflowCount="0" />
</gc-op>
<gc-op id="1004" type="mark" timems="0.535" contextid="996" timestamp="2019-08-02T20:08:39.237">
  <trace-info objectcount="1190" scancount="1041" scanbytes="204404" />
  <finalization candidates="25" enqueued="0" />
  <references type="soft" candidates="92" cleared="0" enqueued="0" dynamicThreshold="11" maxThreshold="32" />
  <references type="weak" candidates="249" cleared="0" enqueued="0" />
  <references type="phantom" candidates="72" cleared="0" enqueued="0" />
  <stringconstants candidates="3963" cleared="18"  />
</gc-op>
<gc-op id="1005" type="sweep" timems="0.238" contextid="996" timestamp="2019-08-02T20:08:39.237" />
<gc-end id="1006" type="global" contextid="996" durationms="1.866" usertimems="4.000" systemtimems="0.000" timestamp="2019-08-02T20:08:39.237" activeThreads="8">
  <mem-info id="1007" free="3329984" total="9175040" percent="36">
    <mem type="nursery" free="1169080" total="2883584" percent="40">
      <mem type="allocate" free="1169080" total="1572864" percent="74" />
      <mem type="survivor" free="0" total="1310720" percent="0" />
    </mem>
    <mem type="tenure" free="2160904" total="6291456" percent="34" micro-fragmented="102968" macro-fragmented="0">
      <mem type="soa" free="1846536" total="5977088" percent="30" />
      <mem type="loa" free="314368" total="314368" percent="100" />
    </mem>
    <remembered-set count="381" />
  </mem-info>
</gc-end>
<cycle-end id="1008" type="global" contextid="996" timestamp="2019-08-02T20:08:39.238" />
  <attribute name="elasticGC enabled" value="1" />
  <attribute name= "numThreadsSpecified" value="0" />
  <attribute name="heapSize specified" value="0" />
  <attribute name= "numCores" value="8" />
  <attribute name ="GC Interval" value="3500" />
  <attribute name ="Control flow" value="2" />
  <attribute name="GC Util Range Max" value="25" />
  <attribute name="Current GC Util" value="60" />
  <attribute name= "Current Time Running" value="1473" />
<concurrent-collection-end id="1009" timestamp="2019-08-02T20:08:39.238" />
<exclusive-end id="1010" timestamp="2019-08-02T20:08:39.238" durationms="2.345" />

<exclusive-start id="1011" timestamp="2019-08-02T20:08:39.249" intervalms="13.699">
  <response-info timems="0.046" idlems="0.046" threads="0" lastid="0000000001C27B00" lastname="Thread-7" />
</exclusive-start>
<af-start id="1012" threadId="0000000001C28488" totalBytesRequested="32776" timestamp="2019-08-02T20:08:39.249" intervalms="31.489" type="nursery" />
<cycle-start id="1013" type="scavenge" contextid="0" timestamp="2019-08-02T20:08:39.249" intervalms="31.480" />
<gc-start id="1014" type="scavenge" contextid="1013" timestamp="2019-08-02T20:08:39.249">
  <mem-info id="1015" free="2205848" total="9175040" percent="24">
    <mem type="nursery" free="44944" total="2883584" percent="1">
      <mem type="allocate" free="44944" total="1572864" percent="2" />
      <mem type="survivor" free="0" total="1310720" percent="0" />
    </mem>
    <mem type="tenure" free="2160904" total="6291456" percent="34">
      <mem type="soa" free="1846536" total="5977088" percent="30" />
      <mem type="loa" free="314368" total="314368" percent="100" />
    </mem>
    <remembered-set count="426" />
  </mem-info>
</gc-start>
<allocation-stats totalBytes="1065264" >
  <allocated-bytes non-tlh="409784" tlh="655480" />
  <largest-consumer threadName="Thread-4" threadId="0000000001C1C700" bytes="380864" />
</allocation-stats>
<gc-op id="1016" type="scavenge" timems="0.778" contextid="1013" timestamp="2019-08-02T20:08:39.250">
  <scavenger-info tenureage="2" tenuremask="7ffc" tiltratio="54" />
  <memory-copied type="nursery" objects="1609" bytes="665384" bytesdiscarded="238616" />
  <references type="phantom" candidates="2" cleared="0" enqueued="0" />
</gc-op>
<gc-end id="1017" type="scavenge" contextid="1013" durationms="1.136" usertimems="0.000" systemtimems="0.000" timestamp="2019-08-02T20:08:39.250" activeThreads="8">
  <mem-info id="1018" free="2698624" total="9175040" percent="29">
    <mem type="nursery" free="537720" total="2883584" percent="18">
      <mem type="allocate" free="537720" total="1441792" percent="37" />
      <mem type="survivor" free="0" total="1441792" percent="0" />
    </mem>
    <mem type="tenure" free="2160904" total="6291456" percent="34">
      <mem type="soa" free="1846536" total="5977088" percent="30" />
      <mem type="loa" free="314368" total="314368" percent="100" />
    </mem>
    <remembered-set count="233" />
  </mem-info>
</gc-end>
<cycle-end id="1019" type="scavenge" contextid="1013" timestamp="2019-08-02T20:08:39.251" />
  <attribute name="elasticGC enabled" value="1" />
  <attribute name= "numThreadsSpecified" value="0" />
  <attribute name="heapSize specified" value="0" />
  <attribute name= "numCores" value="8" />
  <attribute name ="GC Interval" value="3600" />
  <attribute name ="Control flow" value="2" />
  <attribute name="GC Util Range Max" value="25" />
  <attribute name="Current GC Util" value="18" />
  <attribute name= "Current Time Running" value="1485" />
<allocation-satisfied id="1020" threadId="0000000001C27B00" bytesRequested="32776" />
<af-end id="1021" timestamp="2019-08-02T20:08:39.251" threadId="0000000001C28488" success="true" from="nursery"/>
<exclusive-end id="1022" timestamp="2019-08-02T20:08:39.251" durationms="1.719" />

<exclusive-start id="1023" timestamp="2019-08-02T20:08:39.254" intervalms="5.178">
  <response-info timems="0.070" idlems="0.067" threads="1" lastid="0000000001C2F300" lastname="Thread-9" />
</exclusive-start>
<af-start id="1024" threadId="0000000001C28488" totalBytesRequested="2056" timestamp="2019-08-02T20:08:39.254" intervalms="5.074" type="nursery" />
<cycle-start id="1025" type="scavenge" contextid="0" timestamp="2019-08-02T20:08:39.254" intervalms="5.068" />
<gc-start id="1026" type="scavenge" contextid="1025" timestamp="2019-08-02T20:08:39.254">
  <mem-info id="1027" free="2160904" total="9175040" percent="23">
    <mem type="nursery" free="0" total="2883584" percent="0">
      <mem type="allocate" free="0" total="1441792" percent="0" />
      <mem type="survivor" free="0" total="1441792" percent="0" />
    </mem>
    <mem type="tenure" free="2160904" total="6291456" percent="34">
      <mem type="soa" free="1846536" total="5977088" percent="30" />
      <mem type="loa" free="314368" total="314368" percent="100" />
    </mem>
    <remembered-set count="322" />
  </mem-info>
</gc-start>
<allocation-stats totalBytes="521552" >
  <allocated-bytes non-tlh="98336" tlh="423216" />
  <largest-consumer threadName="Thread-7" threadId="0000000001C27B00" bytes="264256" />
</allocation-stats>
<gc-op id="1028" type="scavenge" timems="1.177" contextid="1025" timestamp="2019-08-02T20:08:39.256">
  <scavenger-info tenureage="1" tenuremask="7ffe" tiltratio="50" />
  <memory-copied type="nursery" objects="741" bytes="288048" bytesdiscarded="246528" />
  <memory-copied type="tenure" objects="1566" bytes="663432" bytesdiscarded="14136" />
  <references type="phantom" candidates="1" cleared="0" enqueued="0" />
</gc-op>
<heap-resize id="1029" type="expand" space="nursery" amount="393216" count="1" timems="0.018" reason="excessive time being spent scavenging" timestamp="2019-08-02T20:08:39.256" />
<gc-end id="1030" type="scavenge" contextid="1025" durationms="1.670" usertimems="4.000" systemtimems="0.000" timestamp="2019-08-02T20:08:39.256" activeThreads="8">
  <mem-info id="1031" free="2711424" total="9568256" percent="28">
    <mem type="nursery" free="1234880" total="3276800" percent="37">
      <mem type="allocate" free="1234880" total="1769472" percent="69" />
      <mem type="survivor" free="0" total="1507328" percent="0" />
    </mem>
    <mem type="tenure" free="1476544" total="6291456" percent="23">
      <mem type="soa" free="1162176" total="5977088" percent="19" />
      <mem type="loa" free="314368" total="314368" percent="100" />
    </mem>
    <remembered-set count="248" />
  </mem-info>
</gc-end>
<cycle-end id="1032" type="scavenge" contextid="1025" timestamp="2019-08-02T20:08:39.256" />
  <attribute name="elasticGC enabled" value="1" />
  <attribute name= "numThreadsSpecified" value="0" />
  <attribute name="heapSize specified" value="0" />
  <attribute name= "numCores" value="8" />
  <attribute name ="GC Interval" value="3700" />
  <attribute name ="Control flow" value="2" />
  <attribute name="GC Util Range Max" value="25" />
  <attribute name="Current GC Util" value="44" />
  <attribute name= "Current Time Running" value="1490" />
<allocation-satisfied id="1033" threadId="0000000001C27B00" bytesRequested="2056" />
<af-end id="1034" timestamp="2019-08-02T20:08:39.256" threadId="0000000001C28488" success="true" from="nursery"/>
<exclusive-end id="1035" timestamp="2019-08-02T20:08:39.256" durationms="2.077" />

<exclusive-start id="1036" timestamp="2019-08-02T20:08:39.268" intervalms="13.443">
  <response-info timems="0.035" idlems="0.035" threads="0" lastid="0000000001C23F00" lastname="Thread-6" />
</exclusive-start>
<af-start id="1037" threadId="0000000001C24888" totalBytesRequested="80" timestamp="2019-08-02T20:08:39.268" intervalms="13.535" type="nursery" />
<cycle-start id="1038" type="scavenge" contextid="0" timestamp="2019-08-02T20:08:39.268" intervalms="13.547" />
<gc-start id="1039" type="scavenge" contextid="1038" timestamp="2019-08-02T20:08:39.268">
  <mem-info id="1040" free="1476544" total="9568256" percent="15">
    <mem type="nursery" free="0" total="3276800" percent="0">
      <mem type="allocate" free="0" total="1769472" percent="0" />
      <mem type="survivor" free="0" total="1507328" percent="0" />
    </mem>
    <mem type="tenure" free="1476544" total="6291456" percent="23">
      <mem type="soa" free="1162176" total="5977088" percent="19" />
      <mem type="loa" free="314368" total="314368" percent="100" />
    </mem>
    <remembered-set count="440" />
  </mem-info>
</gc-start>
<allocation-stats totalBytes="1191456" >
  <allocated-bytes non-tlh="124976" tlh="1066480" />
  <largest-consumer threadName="Thread-7" threadId="0000000001C27B00" bytes="473696" />
</allocation-stats>
<gc-op id="1041" type="scavenge" timems="0.411" contextid="1038" timestamp="2019-08-02T20:08:39.268">
  <scavenger-info tenureage="1" tenuremask="7ffe" tiltratio="54" />
  <memory-copied type="nursery" objects="1215" bytes="494288" bytesdiscarded="375640" />
  <memory-copied type="tenure" objects="333" bytes="107656" bytesdiscarded="1568" />
  <references type="phantom" candidates="1" cleared="0" enqueued="0" />
</gc-op>
<gc-end id="1042" type="scavenge" contextid="1038" durationms="0.612" usertimems="0.000" systemtimems="0.000" timestamp="2019-08-02T20:08:39.269" activeThreads="8">
  <mem-info id="1043" free="2498440" total="9568256" percent="26">
    <mem type="nursery" free="1161648" total="3276800" percent="35">
      <mem type="allocate" free="1161648" total="2031616" percent="57" />
      <mem type="survivor" free="0" total="1245184" percent="0" />
    </mem>
    <mem type="tenure" free="1336792" total="6291456" percent="21">
      <mem type="soa" free="1022424" total="5977088" percent="17" />
      <mem type="loa" free="314368" total="314368" percent="100" />
    </mem>
    <remembered-set count="253" />
  </mem-info>
</gc-end>
<cycle-end id="1044" type="scavenge" contextid="1038" timestamp="2019-08-02T20:08:39.269" />
  <attribute name="elasticGC enabled" value="1" />
  <attribute name= "numThreadsSpecified" value="0" />
  <attribute name="heapSize specified" value="0" />
  <attribute name= "numCores" value="8" />
  <attribute name ="GC Interval" value="3800" />
  <attribute name ="Control flow" value="2" />
  <attribute name="GC Util Range Max" value="25" />
  <attribute name="Current GC Util" value="22" />
  <attribute name= "Current Time Running" value="1504" />
<allocation-satisfied id="1045" threadId="0000000001C23F00" bytesRequested="80" />
<af-end id="1046" timestamp="2019-08-02T20:08:39.269" threadId="0000000001C24888" success="true" from="nursery"/>
<exclusive-end id="1047" timestamp="2019-08-02T20:08:39.269" durationms="1.152" />

<exclusive-start id="1048" timestamp="2019-08-02T20:08:39.282" intervalms="14.185">
  <response-info timems="0.070" idlems="0.070" threads="0" lastid="0000000001C32F00" lastname="Thread-10" />
</exclusive-start>
<af-start id="1049" threadId="0000000001C33888" totalBytesRequested="168" timestamp="2019-08-02T20:08:39.282" intervalms="14.135" type="nursery" />
<cycle-start id="1050" type="scavenge" contextid="0" timestamp="2019-08-02T20:08:39.282" intervalms="14.128" />
<gc-start id="1051" type="scavenge" contextid="1050" timestamp="2019-08-02T20:08:39.282">
  <mem-info id="1052" free="1336792" total="9568256" percent="13">
    <mem type="nursery" free="0" total="3276800" percent="0">
      <mem type="allocate" free="0" total="2031616" percent="0" />
      <mem type="survivor" free="0" total="1245184" percent="0" />
    </mem>
    <mem type="tenure" free="1336792" total="6291456" percent="21">
      <mem type="soa" free="1022424" total="5977088" percent="17" />
      <mem type="loa" free="314368" total="314368" percent="100" />
    </mem>
    <remembered-set count="422" />
  </mem-info>
</gc-start>
<allocation-stats totalBytes="1117624" >
  <allocated-bytes non-tlh="123000" tlh="994624" />
  <largest-consumer threadName="Thread-7" threadId="0000000001C27B00" bytes="412048" />
</allocation-stats>
<gc-op id="1053" type="scavenge" timems="0.490" contextid="1050" timestamp="2019-08-02T20:08:39.283">
  <scavenger-info tenureage="1" tenuremask="7ffe" tiltratio="62" />
  <memory-copied type="nursery" objects="1278" bytes="489720" bytesdiscarded="408352" />
  <memory-copied type="tenure" objects="773" bytes="306248" bytesdiscarded="3360" />
  <references type="phantom" candidates="2" cleared="0" enqueued="0" />
</gc-op>
<gc-end id="1054" type="scavenge" contextid="1050" durationms="0.686" usertimems="0.000" systemtimems="0.000" timestamp="2019-08-02T20:08:39.283" activeThreads="8">
  <mem-info id="1055" free="2271368" total="9568256" percent="23">
    <mem type="nursery" free="1264576" total="3276800" percent="38">
      <mem type="allocate" free="1264576" total="2162688" percent="58" />
      <mem type="survivor" free="0" total="1114112" percent="0" />
    </mem>
    <mem type="tenure" free="1006792" total="6291456" percent="16">
      <mem type="soa" free="692424" total="5977088" percent="11" />
      <mem type="loa" free="314368" total="314368" percent="100" />
    </mem>
    <remembered-set count="226" />
  </mem-info>
</gc-end>
<cycle-end id="1056" type="scavenge" contextid="1050" timestamp="2019-08-02T20:08:39.283" />
  <attribute name="elasticGC enabled" value="1" />
  <attribute name= "numThreadsSpecified" value="0" />
  <attribute name="heapSize specified" value="0" />
  <attribute name= "numCores" value="8" />
  <attribute name ="GC Interval" value="3800" />
  <attribute name ="Control flow" value="2" />
  <attribute name="GC Util Range Max" value="25" />
  <attribute name="Current GC Util" value="10" />
  <attribute name= "Current Time Running" value="1518" />
<allocation-satisfied id="1057" threadId="0000000001C32F00" bytesRequested="168" />
<af-end id="1058" timestamp="2019-08-02T20:08:39.283" threadId="0000000001C33888" success="true" from="nursery"/>
<exclusive-end id="1059" timestamp="2019-08-02T20:08:39.283" durationms="1.137" />

<exclusive-start id="1060" timestamp="2019-08-02T20:08:39.299" intervalms="16.936">
  <response-info timems="0.035" idlems="0.035" threads="0" lastid="0000000001C23F00" lastname="Thread-6" />
</exclusive-start>
<af-start id="1061" threadId="0000000001C24888" totalBytesRequested="32776" timestamp="2019-08-02T20:08:39.299" intervalms="17.012" type="nursery" />
<cycle-start id="1062" type="scavenge" contextid="0" timestamp="2019-08-02T20:08:39.299" intervalms="17.015" />
<gc-start id="1063" type="scavenge" contextid="1062" timestamp="2019-08-02T20:08:39.299">
  <mem-info id="1064" free="1006792" total="9568256" percent="10">
    <mem type="nursery" free="0" total="3276800" percent="0">
      <mem type="allocate" free="0" total="2162688" percent="0" />
      <mem type="survivor" free="0" total="1114112" percent="0" />
    </mem>
    <mem type="tenure" free="1006792" total="6291456" percent="16">
      <mem type="soa" free="692424" total="5977088" percent="11" />
      <mem type="loa" free="314368" total="314368" percent="100" />
    </mem>
    <remembered-set count="409" />
  </mem-info>
</gc-start>
<allocation-stats totalBytes="1226624" >
  <allocated-bytes non-tlh="180448" tlh="1046176" />
  <largest-consumer threadName="Thread-4" threadId="0000000001C1C700" bytes="393296" />
</allocation-stats>
<gc-op id="1065" type="scavenge" timems="0.533" contextid="1062" timestamp="2019-08-02T20:08:39.300">
  <scavenger-info tenureage="1" tenuremask="7ffe" tiltratio="66" />
  <memory-copied type="nursery" objects="1305" bytes="567400" bytesdiscarded="321512" />
  <memory-copied type="tenure" objects="1184" bytes="482416" bytesdiscarded="2584" />
  <references type="phantom" candidates="1" cleared="0" enqueued="0" />
</gc-op>
<gc-end id="1066" type="scavenge" contextid="1062" durationms="0.723" usertimems="0.000" systemtimems="0.000" timestamp="2019-08-02T20:08:39.300" activeThreads="8">
  <mem-info id="1067" free="2069416" total="9568256" percent="21">
    <mem type="nursery" free="1535864" total="3276800" percent="46">
      <mem type="allocate" free="1535864" total="2424832" percent="63" />
      <mem type="survivor" free="0" total="851968" percent="0" />
    </mem>
    <mem type="tenure" free="533552" total="6291456" percent="8">
      <mem type="soa" free="219184" total="5977088" percent="3" />
      <mem type="loa" free="314368" total="314368" percent="100" />
    </mem>
    <remembered-set count="256" />
  </mem-info>
</gc-end>
<cycle-end id="1068" type="scavenge" contextid="1062" timestamp="2019-08-02T20:08:39.300" />
  <attribute name="elasticGC enabled" value="1" />
  <attribute name= "numThreadsSpecified" value="0" />
  <attribute name="heapSize specified" value="0" />
  <attribute name= "numCores" value="8" />
  <attribute name ="GC Interval" value="3800" />
  <attribute name ="Control flow" value="2" />
  <attribute name="GC Util Range Max" value="25" />
  <attribute name="Current GC Util" value="10" />
  <attribute name= "Current Time Running" value="1535" />
<allocation-satisfied id="1069" threadId="0000000001C23F00" bytesRequested="32776" />
<af-end id="1070" timestamp="2019-08-02T20:08:39.300" threadId="0000000001C24888" success="true" from="nursery"/>
<exclusive-end id="1071" timestamp="2019-08-02T20:08:39.300" durationms="1.264" />

<concurrent-kickoff id="1072" timestamp="2019-08-02T20:08:39.316">
  <kickoff reason="threshold reached" targetBytes="2210470" thresholdFreeBytes="293916"  remainingFree="257872" tenureFreeBytes="533552" nurseryFreeBytes="257872" />
</concurrent-kickoff>
<exclusive-start id="1073" timestamp="2019-08-02T20:08:39.316" intervalms="17.420">
  <response-info timems="0.135" idlems="0.070" threads="1" lastid="0000000001C2B700" lastname="Thread-8" />
</exclusive-start>
<cycle-start id="1074" type="global" contextid="0" timestamp="2019-08-02T20:08:39.316" intervalms="84.426" />
<exclusive-end id="1075" timestamp="2019-08-02T20:08:39.316" durationms="0.099" />

<exclusive-start id="1076" timestamp="2019-08-02T20:08:39.321" intervalms="5.194">
  <response-info timems="0.186" idlems="0.186" threads="0" lastid="0000000001C2B700" lastname="Thread-8" />
</exclusive-start>
<af-start id="1077" threadId="0000000001C2C088" totalBytesRequested="2056" timestamp="2019-08-02T20:08:39.321" intervalms="22.498" type="nursery" />
<cycle-start id="1078" type="scavenge" contextid="0" timestamp="2019-08-02T20:08:39.322" intervalms="22.499" />
<gc-start id="1079" type="scavenge" contextid="1078" timestamp="2019-08-02T20:08:39.322">
  <mem-info id="1080" free="533552" total="9568256" percent="5">
    <mem type="nursery" free="0" total="3276800" percent="0">
      <mem type="allocate" free="0" total="2424832" percent="0" />
      <mem type="survivor" free="0" total="851968" percent="0" />
    </mem>
    <mem type="tenure" free="533552" total="6291456" percent="8">
      <mem type="soa" free="219184" total="5977088" percent="3" />
      <mem type="loa" free="314368" total="314368" percent="100" />
    </mem>
    <remembered-set count="416" />
  </mem-info>
</gc-start>
<allocation-stats totalBytes="1474744" >
  <allocated-bytes non-tlh="147496" tlh="1327248" />
  <largest-consumer threadName="Thread-3" threadId="0000000001C18B00" bytes="406104" />
</allocation-stats>
<gc-op id="1081" type="scavenge" timems="0.864" contextid="1078" timestamp="2019-08-02T20:08:39.323">
  <scavenger-info tenureage="1" tenuremask="7ffe" tiltratio="74" />
  <memory-copied type="nursery" objects="1382" bytes="621992" bytesdiscarded="229928" />
  <memory-copied type="tenure" objects="231" bytes="187496" bytesdiscarded="960" />
  <copy-failed type="nursery" objects="2" bytes="24592" />
  <copy-failed type="tenure" objects="4" bytes="22560" />
  <warning details="aborted collection due to insufficient free space" />
</gc-op>
<gc-end id="1082" type="scavenge" contextid="1078" durationms="1.047" usertimems="0.000" systemtimems="0.000" timestamp="2019-08-02T20:08:39.323" activeThreads="8">
  <mem-info id="1083" free="314368" total="9568256" percent="3">
    <mem type="nursery" free="0" total="3276800" percent="0">
      <mem type="allocate" free="0" total="2424832" percent="0" />
      <mem type="survivor" free="0" total="851968" percent="0" />
    </mem>
    <mem type="tenure" free="314368" total="6291456" percent="4">
      <mem type="soa" free="0" total="5977088" percent="0" />
      <mem type="loa" free="314368" total="314368" percent="100" />
    </mem>
    <remembered-set count="416" />
  </mem-info>
</gc-end>
<cycle-end id="1084" type="scavenge" contextid="1078" timestamp="2019-08-02T20:08:39.323" />
  <attribute name="elasticGC enabled" value="1" />
  <attribute name= "numThreadsSpecified" value="0" />
  <attribute name="heapSize specified" value="0" />
  <attribute name= "numCores" value="8" />
  <attribute name ="GC Interval" value="3800" />
  <attribute name ="Control flow" value="2" />
  <attribute name="GC Util Range Max" value="25" />
  <attribute name="Current GC Util" value="7" />
  <attribute name= "Current Time Running" value="1558" />
<percolate-collect id="1085" from="nursery" to="global" reason="failed tenure threshold reached" timestamp="2019-08-02T20:08:39.323"/>
<gc-start id="1086" type="global" contextid="1074" timestamp="2019-08-02T20:08:39.323">
  <mem-info id="1087" free="314368" total="9568256" percent="3">
    <mem type="nursery" free="0" total="3276800" percent="0">
      <mem type="allocate" free="0" total="2424832" percent="0" />
      <mem type="survivor" free="0" total="851968" percent="0" />
    </mem>
    <mem type="tenure" free="314368" total="6291456" percent="4">
      <mem type="soa" free="0" total="5977088" percent="0" />
      <mem type="loa" free="314368" total="314368" percent="100" />
    </mem>
    <remembered-set count="416" />
  </mem-info>
</gc-start>
<allocation-stats totalBytes="0" >
  <allocated-bytes non-tlh="0" tlh="0" />
</allocation-stats>
<concurrent-halted id="1088" timestamp="2019-08-02T20:08:39.323">
  <halted state="Class scanning incomplete" status="clean trace" />
  <traced bytesTarget="2210470" bytesTotal="1738764" bytesByMutator="194084" bytesByHelper="1544680" percent="78" />
  <cards cleaned="121" thresholdBytes="115784" />
</concurrent-halted>
<gc-op id="1089" type="tracing" timems="0.100" contextid="1074" timestamp="2019-08-02T20:08:39.323">
  <trace bytesTraced="141576" workStackOverflowCount="0" />
</gc-op>
<gc-op id="1090" type="rs-scan" timems="0.146" contextid="1074" timestamp="2019-08-02T20:08:39.323">
  <scan objectsFound="261" bytesTraced="40912" workStackOverflowCount="0" />
</gc-op>
<gc-op id="1091" type="card-cleaning" timems="0.213" contextid="1074" timestamp="2019-08-02T20:08:39.324">
  <card-cleaning cardsCleaned="47" bytesTraced="638936" workStackOverflowCount="0" />
</gc-op>
<gc-op id="1092" type="mark" timems="0.540" contextid="1074" timestamp="2019-08-02T20:08:39.324">
  <trace-info objectcount="938" scancount="841" scanbytes="115020" />
  <finalization candidates="25" enqueued="0" />
  <references type="soft" candidates="92" cleared="27" enqueued="23" dynamicThreshold="10" maxThreshold="32" />
  <references type="weak" candidates="249" cleared="0" enqueued="0" />
  <references type="phantom" candidates="73" cleared="0" enqueued="0" />
  <stringconstants candidates="3945" cleared="1"  />
</gc-op>
<gc-op id="1093" type="sweep" timems="0.224" contextid="1074" timestamp="2019-08-02T20:08:39.324" />
<gc-end id="1094" type="global" contextid="1074" durationms="2.085" usertimems="4.000" systemtimems="4.000" timestamp="2019-08-02T20:08:39.325" activeThreads="8">
  <mem-info id="1095" free="4225392" total="9568256" percent="44">
    <mem type="nursery" free="1505152" total="3276800" percent="45">
      <mem type="allocate" free="1505152" total="2424832" percent="62" />
      <mem type="survivor" free="0" total="851968" percent="0" />
    </mem>
    <mem type="tenure" free="2720240" total="6291456" percent="43" micro-fragmented="113775" macro-fragmented="0">
      <mem type="soa" free="2405872" total="5977088" percent="40" />
      <mem type="loa" free="314368" total="314368" percent="100" />
    </mem>
    <pending-finalizers system="0" default="0" reference="23" classloader="0" />
    <remembered-set count="348" />
  </mem-info>
</gc-end>
<cycle-end id="1096" type="global" contextid="1074" timestamp="2019-08-02T20:08:39.325" />
  <attribute name="elasticGC enabled" value="1" />
  <attribute name= "numThreadsSpecified" value="0" />
  <attribute name="heapSize specified" value="0" />
  <attribute name= "numCores" value="8" />
  <attribute name ="GC Interval" value="3800" />
  <attribute name ="Control flow" value="2" />
  <attribute name="GC Util Range Max" value="25" />
  <attribute name="Current GC Util" value="54" />
  <attribute name= "Current Time Running" value="1561" />
<allocation-satisfied id="1097" threadId="0000000001C2B700" bytesRequested="2056" />
<af-end id="1098" timestamp="2019-08-02T20:08:39.325" threadId="0000000001C2C088" success="true" from="nursery"/>
<exclusive-end id="1099" timestamp="2019-08-02T20:08:39.325" durationms="4.015" />

<exclusive-start id="1100" timestamp="2019-08-02T20:08:39.351" intervalms="29.889">
  <response-info timems="0.096" idlems="0.096" threads="0" lastid="0000000001C2F300" lastname="Thread-9" />
</exclusive-start>
<af-start id="1101" threadId="0000000001C2FC88" totalBytesRequested="32776" timestamp="2019-08-02T20:08:39.351" intervalms="29.932" type="nursery" />
<cycle-start id="1102" type="scavenge" contextid="0" timestamp="2019-08-02T20:08:39.351" intervalms="29.917" />
<gc-start id="1103" type="scavenge" contextid="1102" timestamp="2019-08-02T20:08:39.352">
  <mem-info id="1104" free="2793512" total="9568256" percent="29">
    <mem type="nursery" free="73272" total="3276800" percent="2">
      <mem type="allocate" free="73272" total="2424832" percent="3" />
      <mem type="survivor" free="0" total="851968" percent="0" />
    </mem>
    <mem type="tenure" free="2720240" total="6291456" percent="43">
      <mem type="soa" free="2405872" total="5977088" percent="40" />
      <mem type="loa" free="314368" total="314368" percent="100" />
    </mem>
    <remembered-set count="451" />
  </mem-info>
</gc-start>
<allocation-stats totalBytes="1352376" >
  <allocated-bytes non-tlh="262304" tlh="1090072" />
  <largest-consumer threadName="Thread-6" threadId="0000000001C23F00" bytes="404152" />
</allocation-stats>
<gc-op id="1105" type="scavenge" timems="0.713" contextid="1102" timestamp="2019-08-02T20:08:39.352">
  <scavenger-info tenureage="1" tenuremask="7ffe" tiltratio="74" />
  <memory-copied type="nursery" objects="1539" bytes="638544" bytesdiscarded="207248" />
  <memory-copied type="tenure" objects="1272" bytes="519208" bytesdiscarded="8016" />
  <references type="phantom" candidates="1" cleared="0" enqueued="0" />
</gc-op>
<gc-end id="1106" type="scavenge" contextid="1102" durationms="0.877" usertimems="0.000" systemtimems="0.000" timestamp="2019-08-02T20:08:39.352" activeThreads="8">
  <mem-info id="1107" free="3759640" total="9568256" percent="39">
    <mem type="nursery" free="1579000" total="3276800" percent="48">
      <mem type="allocate" free="1579000" total="2424832" percent="65" />
      <mem type="survivor" free="0" total="851968" percent="0" />
    </mem>
    <mem type="tenure" free="2180640" total="6291456" percent="34">
      <mem type="soa" free="1866272" total="5977088" percent="31" />
      <mem type="loa" free="314368" total="314368" percent="100" />
    </mem>
    <remembered-set count="316" />
  </mem-info>
</gc-end>
<cycle-end id="1108" type="scavenge" contextid="1102" timestamp="2019-08-02T20:08:39.352" />
  <attribute name="elasticGC enabled" value="1" />
  <attribute name= "numThreadsSpecified" value="0" />
  <attribute name="heapSize specified" value="0" />
  <attribute name= "numCores" value="8" />
  <attribute name ="GC Interval" value="3900" />
  <attribute name ="Control flow" value="2" />
  <attribute name="GC Util Range Max" value="25" />
  <attribute name="Current GC Util" value="14" />
  <attribute name= "Current Time Running" value="1588" />
<allocation-satisfied id="1109" threadId="0000000001C2F300" bytesRequested="32776" />
<af-end id="1110" timestamp="2019-08-02T20:08:39.353" threadId="0000000001C2FC88" success="true" from="nursery"/>
<exclusive-end id="1111" timestamp="2019-08-02T20:08:39.353" durationms="1.278" />

<exclusive-start id="1112" timestamp="2019-08-02T20:08:39.386" intervalms="34.954">
  <response-info timems="0.042" idlems="0.042" threads="0" lastid="0000000001C18B00" lastname="Thread-3" />
</exclusive-start>
<af-start id="1113" threadId="0000000001C19488" totalBytesRequested="16392" timestamp="2019-08-02T20:08:39.387" intervalms="35.113" type="nursery" />
<cycle-start id="1114" type="scavenge" contextid="0" timestamp="2019-08-02T20:08:39.387" intervalms="35.129" />
<gc-start id="1115" type="scavenge" contextid="1114" timestamp="2019-08-02T20:08:39.387">
  <mem-info id="1116" free="2180640" total="9568256" percent="22">
    <mem type="nursery" free="0" total="3276800" percent="0">
      <mem type="allocate" free="0" total="2424832" percent="0" />
      <mem type="survivor" free="0" total="851968" percent="0" />
    </mem>
    <mem type="tenure" free="2180640" total="6291456" percent="34">
      <mem type="soa" free="1866272" total="5977088" percent="31" />
      <mem type="loa" free="314368" total="314368" percent="100" />
    </mem>
    <remembered-set count="521" />
  </mem-info>
</gc-start>
<allocation-stats totalBytes="1540976" >
  <allocated-bytes non-tlh="114720" tlh="1426256" />
  <largest-consumer threadName="Thread-4" threadId="0000000001C1C700" bytes="461832" />
</allocation-stats>
<gc-op id="1117" type="scavenge" timems="0.843" contextid="1114" timestamp="2019-08-02T20:08:39.388">
  <scavenger-info tenureage="1" tenuremask="7ffe" tiltratio="74" />
  <memory-copied type="nursery" objects="1533" bytes="466160" bytesdiscarded="259656" />
  <memory-copied type="tenure" objects="1427" bytes="630704" bytesdiscarded="14216" />
</gc-op>
<gc-end id="1118" type="scavenge" contextid="1114" durationms="1.227" usertimems="4.000" systemtimems="0.000" timestamp="2019-08-02T20:08:39.388" activeThreads="8">
  <mem-info id="1119" free="3290984" total="9568256" percent="34">
    <mem type="nursery" free="1764504" total="3276800" percent="53">
      <mem type="allocate" free="1764504" total="2490368" percent="70" />
      <mem type="survivor" free="0" total="786432" percent="0" />
    </mem>
    <mem type="tenure" free="1526480" total="6291456" percent="24">
      <mem type="soa" free="1212112" total="5977088" percent="20" />
      <mem type="loa" free="314368" total="314368" percent="100" />
    </mem>
    <remembered-set count="293" />
  </mem-info>
</gc-end>
<cycle-end id="1120" type="scavenge" contextid="1114" timestamp="2019-08-02T20:08:39.388" />
  <attribute name="elasticGC enabled" value="1" />
  <attribute name= "numThreadsSpecified" value="0" />
  <attribute name="heapSize specified" value="0" />
  <attribute name= "numCores" value="8" />
  <attribute name ="GC Interval" value="3900" />
  <attribute name ="Control flow" value="2" />
  <attribute name="GC Util Range Max" value="25" />
  <attribute name="Current GC Util" value="6" />
  <attribute name= "Current Time Running" value="1623" />
<allocation-satisfied id="1121" threadId="0000000001C18B00" bytesRequested="16392" />
<af-end id="1122" timestamp="2019-08-02T20:08:39.388" threadId="0000000001C19488" success="true" from="nursery"/>
<exclusive-end id="1123" timestamp="2019-08-02T20:08:39.388" durationms="2.036" />

<exclusive-start id="1124" timestamp="2019-08-02T20:08:39.405" intervalms="19.190">
  <response-info timems="0.149" idlems="0.149" threads="0" lastid="0000000001C2F300" lastname="Thread-9" />
</exclusive-start>
<af-start id="1125" threadId="0000000001C2FC88" totalBytesRequested="40" timestamp="2019-08-02T20:08:39.406" intervalms="19.033" type="nursery" />
<cycle-start id="1126" type="scavenge" contextid="0" timestamp="2019-08-02T20:08:39.406" intervalms="19.023" />
<gc-start id="1127" type="scavenge" contextid="1126" timestamp="2019-08-02T20:08:39.406">
  <mem-info id="1128" free="1526480" total="9568256" percent="15">
    <mem type="nursery" free="0" total="3276800" percent="0">
      <mem type="allocate" free="0" total="2490368" percent="0" />
      <mem type="survivor" free="0" total="786432" percent="0" />
    </mem>
    <mem type="tenure" free="1526480" total="6291456" percent="24">
      <mem type="soa" free="1212112" total="5977088" percent="20" />
      <mem type="loa" free="314368" total="314368" percent="100" />
    </mem>
    <remembered-set count="483" />
  </mem-info>
</gc-start>
<allocation-stats totalBytes="1723984" >
  <allocated-bytes non-tlh="196664" tlh="1527320" />
  <largest-consumer threadName="Thread-4" threadId="0000000001C1C700" bytes="636336" />
</allocation-stats>
<gc-op id="1129" type="scavenge" timems="0.599" contextid="1126" timestamp="2019-08-02T20:08:39.406">
  <scavenger-info tenureage="1" tenuremask="7ffe" tiltratio="76" />
  <memory-copied type="nursery" objects="1393" bytes="589704" bytesdiscarded="196672" />
  <memory-copied type="tenure" objects="853" bytes="246248" bytesdiscarded="6344" />
</gc-op>
<gc-end id="1130" type="scavenge" contextid="1126" durationms="0.782" usertimems="4.000" systemtimems="0.000" timestamp="2019-08-02T20:08:39.406" activeThreads="8">
  <mem-info id="1131" free="2987152" total="9568256" percent="31">
    <mem type="nursery" free="1703936" total="3276800" percent="52">
      <mem type="allocate" free="1703936" total="2490368" percent="68" />
      <mem type="survivor" free="0" total="786432" percent="0" />
    </mem>
    <mem type="tenure" free="1283216" total="6291456" percent="20">
      <mem type="soa" free="968848" total="5977088" percent="16" />
      <mem type="loa" free="314368" total="314368" percent="100" />
    </mem>
    <remembered-set count="227" />
  </mem-info>
</gc-end>
<cycle-end id="1132" type="scavenge" contextid="1126" timestamp="2019-08-02T20:08:39.407" />
  <attribute name="elasticGC enabled" value="1" />
  <attribute name= "numThreadsSpecified" value="0" />
  <attribute name="heapSize specified" value="0" />
  <attribute name= "numCores" value="8" />
  <attribute name ="GC Interval" value="3900" />
  <attribute name ="Control flow" value="2" />
  <attribute name="GC Util Range Max" value="25" />
  <attribute name="Current GC Util" value="13" />
  <attribute name= "Current Time Running" value="1642" />
<allocation-satisfied id="1133" threadId="0000000001C2F300" bytesRequested="40" />
<af-end id="1134" timestamp="2019-08-02T20:08:39.407" threadId="0000000001C2FC88" success="true" from="nursery"/>
<exclusive-end id="1135" timestamp="2019-08-02T20:08:39.407" durationms="1.209" />

<exclusive-start id="1136" timestamp="2019-08-02T20:08:39.433" intervalms="27.824">
  <response-info timems="0.107" idlems="0.107" threads="0" lastid="0000000001C2F300" lastname="Thread-9" />
</exclusive-start>
<af-start id="1137" threadId="0000000001C2FC88" totalBytesRequested="48" timestamp="2019-08-02T20:08:39.433" intervalms="27.815" type="nursery" />
<cycle-start id="1138" type="scavenge" contextid="0" timestamp="2019-08-02T20:08:39.433" intervalms="27.814" />
<gc-start id="1139" type="scavenge" contextid="1138" timestamp="2019-08-02T20:08:39.434">
  <mem-info id="1140" free="1283216" total="9568256" percent="13">
    <mem type="nursery" free="0" total="3276800" percent="0">
      <mem type="allocate" free="0" total="2490368" percent="0" />
      <mem type="survivor" free="0" total="786432" percent="0" />
    </mem>
    <mem type="tenure" free="1283216" total="6291456" percent="20">
      <mem type="soa" free="968848" total="5977088" percent="16" />
      <mem type="loa" free="314368" total="314368" percent="100" />
    </mem>
    <remembered-set count="417" />
  </mem-info>
</gc-start>
<allocation-stats totalBytes="1658728" >
  <allocated-bytes non-tlh="98376" tlh="1560352" />
  <largest-consumer threadName="Thread-6" threadId="0000000001C23F00" bytes="852280" />
</allocation-stats>
<gc-op id="1141" type="scavenge" timems="0.620" contextid="1138" timestamp="2019-08-02T20:08:39.434">
  <scavenger-info tenureage="1" tenuremask="7ffe" tiltratio="76" />
  <memory-copied type="nursery" objects="1317" bytes="471240" bytesdiscarded="191832" />
  <memory-copied type="tenure" objects="1329" bytes="586912" bytesdiscarded="10744" />
</gc-op>
<gc-end id="1142" type="scavenge" contextid="1138" durationms="0.800" usertimems="4.000" systemtimems="0.000" timestamp="2019-08-02T20:08:39.434" activeThreads="8">
  <mem-info id="1143" free="2446656" total="9568256" percent="25">
    <mem type="nursery" free="1827256" total="3276800" percent="55">
      <mem type="allocate" free="1827256" total="2490368" percent="73" />
      <mem type="survivor" free="0" total="786432" percent="0" />
    </mem>
    <mem type="tenure" free="619400" total="6291456" percent="9">
      <mem type="soa" free="305032" total="5977088" percent="5" />
      <mem type="loa" free="314368" total="314368" percent="100" />
    </mem>
    <remembered-set count="253" />
  </mem-info>
</gc-end>
<cycle-end id="1144" type="scavenge" contextid="1138" timestamp="2019-08-02T20:08:39.434" />
  <attribute name="elasticGC enabled" value="1" />
  <attribute name= "numThreadsSpecified" value="0" />
  <attribute name="heapSize specified" value="0" />
  <attribute name= "numCores" value="8" />
  <attribute name ="GC Interval" value="3900" />
  <attribute name ="Control flow" value="2" />
  <attribute name="GC Util Range Max" value="25" />
  <attribute name="Current GC Util" value="7" />
  <attribute name= "Current Time Running" value="1670" />
<allocation-satisfied id="1145" threadId="0000000001C2F300" bytesRequested="48" />
<af-end id="1146" timestamp="2019-08-02T20:08:39.434" threadId="0000000001C2FC88" success="true" from="nursery"/>
<exclusive-end id="1147" timestamp="2019-08-02T20:08:39.434" durationms="1.232" />

<concurrent-kickoff id="1148" timestamp="2019-08-02T20:08:39.445">
  <kickoff reason="threshold reached" targetBytes="2519276" thresholdFreeBytes="335251"  remainingFree="291128" tenureFreeBytes="619400" nurseryFreeBytes="291128" />
</concurrent-kickoff>
<exclusive-start id="1149" timestamp="2019-08-02T20:08:39.445" intervalms="11.658">
  <response-info timems="0.062" idlems="0.062" threads="0" lastid="0000000001C20300" lastname="Thread-5" />
</exclusive-start>
<cycle-start id="1150" type="global" contextid="0" timestamp="2019-08-02T20:08:39.445" intervalms="128.724" />
<exclusive-end id="1151" timestamp="2019-08-02T20:08:39.445" durationms="0.116" />

<exclusive-start id="1152" timestamp="2019-08-02T20:08:39.448" intervalms="3.206">
  <response-info timems="0.077" idlems="0.077" threads="0" lastid="0000000001C2F300" lastname="Thread-9" />
</exclusive-start>
<concurrent-collection-start id="1153" timestamp="2019-08-02T20:08:39.448" intervalms="212.677" >
  <concurrent-trace-info reason="card cleaning threshold reached" tracedByMutators="957180" tracedByHelpers="850032" cardsCleaned="77" workStackOverflowCount="0" />
</concurrent-collection-start>
<gc-start id="1154" type="global" contextid="1150" timestamp="2019-08-02T20:08:39.448">
  <mem-info id="1155" free="628008" total="9568256" percent="6">
    <mem type="nursery" free="8608" total="3276800" percent="0">
      <mem type="allocate" free="8608" total="2490368" percent="0" />
      <mem type="survivor" free="0" total="786432" percent="0" />
    </mem>
    <mem type="tenure" free="619400" total="6291456" percent="9">
      <mem type="soa" free="305032" total="5977088" percent="5" />
      <mem type="loa" free="314368" total="314368" percent="100" />
    </mem>
    <remembered-set count="439" />
  </mem-info>
</gc-start>
<allocation-stats totalBytes="1740016" >
  <allocated-bytes non-tlh="303256" tlh="1436760" />
  <largest-consumer threadName="Thread-5" threadId="0000000001C20300" bytes="621480" />
</allocation-stats>
<gc-op id="1156" type="rs-scan" timems="0.503" contextid="1150" timestamp="2019-08-02T20:08:39.449">
  <scan objectsFound="234" bytesTraced="41880" workStackOverflowCount="0" />
</gc-op>
<gc-op id="1157" type="card-cleaning" timems="0.413" contextid="1150" timestamp="2019-08-02T20:08:39.449">
  <card-cleaning cardsCleaned="61" bytesTraced="657516" workStackOverflowCount="0" />
</gc-op>
<gc-op id="1158" type="mark" timems="0.742" contextid="1150" timestamp="2019-08-02T20:08:39.450">
  <trace-info objectcount="932" scancount="819" scanbytes="147112" />
  <finalization candidates="25" enqueued="0" />
  <references type="soft" candidates="65" cleared="0" enqueued="0" dynamicThreshold="13" maxThreshold="32" />
  <references type="weak" candidates="249" cleared="0" enqueued="0" />
  <references type="phantom" candidates="73" cleared="0" enqueued="0" />
  <stringconstants candidates="3944" cleared="0"  />
</gc-op>
<gc-op id="1159" type="sweep" timems="0.719" contextid="1150" timestamp="2019-08-02T20:08:39.451" />
<gc-end id="1160" type="global" contextid="1150" durationms="3.130" usertimems="8.000" systemtimems="0.000" timestamp="2019-08-02T20:08:39.451" activeThreads="8">
  <mem-info id="1161" free="4297768" total="9568256" percent="44">
    <mem type="nursery" free="1440616" total="3276800" percent="43">
      <mem type="allocate" free="1440616" total="2490368" percent="57" />
      <mem type="survivor" free="0" total="786432" percent="0" />
    </mem>
    <mem type="tenure" free="2857152" total="6291456" percent="45" micro-fragmented="39708" macro-fragmented="0">
      <mem type="soa" free="2542784" total="5977088" percent="42" />
      <mem type="loa" free="314368" total="314368" percent="100" />
    </mem>
    <remembered-set count="350" />
  </mem-info>
</gc-end>
<cycle-end id="1162" type="global" contextid="1150" timestamp="2019-08-02T20:08:39.451" />
  <attribute name="elasticGC enabled" value="1" />
  <attribute name= "numThreadsSpecified" value="0" />
  <attribute name="heapSize specified" value="0" />
  <attribute name= "numCores" value="8" />
  <attribute name ="GC Interval" value="3900" />
  <attribute name ="Control flow" value="2" />
  <attribute name="GC Util Range Max" value="25" />
  <attribute name="Current GC Util" value="237" />
  <attribute name= "Current Time Running" value="1687" />
<concurrent-collection-end id="1163" timestamp="2019-08-02T20:08:39.451" />
<exclusive-end id="1164" timestamp="2019-08-02T20:08:39.452" durationms="3.409" />

<exclusive-start id="1165" timestamp="2019-08-02T20:08:39.472" intervalms="24.173">
  <response-info timems="0.096" idlems="0.096" threads="0" lastid="0000000001C20300" lastname="Thread-5" />
</exclusive-start>
<af-start id="1166" threadId="0000000001C20C88" totalBytesRequested="16392" timestamp="2019-08-02T20:08:39.472" intervalms="39.022" type="nursery" />
<cycle-start id="1167" type="scavenge" contextid="0" timestamp="2019-08-02T20:08:39.472" intervalms="39.034" />
<gc-start id="1168" type="scavenge" contextid="1167" timestamp="2019-08-02T20:08:39.473">
  <mem-info id="1169" free="2857152" total="9568256" percent="29">
    <mem type="nursery" free="0" total="3276800" percent="0">
      <mem type="allocate" free="0" total="2490368" percent="0" />
      <mem type="survivor" free="0" total="786432" percent="0" />
    </mem>
    <mem type="tenure" free="2857152" total="6291456" percent="45">
      <mem type="soa" free="2542784" total="5977088" percent="42" />
      <mem type="loa" free="314368" total="314368" percent="100" />
    </mem>
    <remembered-set count="410" />
  </mem-info>
</gc-start>
<allocation-stats totalBytes="1412672" >
  <allocated-bytes non-tlh="155744" tlh="1256928" />
  <largest-consumer threadName="Thread-10" threadId="0000000001C32F00" bytes="419728" />
</allocation-stats>
<gc-op id="1170" type="scavenge" timems="1.350" contextid="1167" timestamp="2019-08-02T20:08:39.474">
  <scavenger-info tenureage="1" tenuremask="7ffe" tiltratio="76" />
  <memory-copied type="nursery" objects="2106" bytes="737144" bytesdiscarded="49232" />
  <memory-copied type="tenure" objects="1503" bytes="629408" bytesdiscarded="9984" />
  <copy-failed type="nursery" objects="384" bytes="257144" />
  <references type="weak" candidates="1" cleared="0" enqueued="0" />
  <references type="phantom" candidates="2" cleared="0" enqueued="0" />
</gc-op>
<gc-end id="1171" type="scavenge" contextid="1167" durationms="1.558" usertimems="0.000" systemtimems="0.000" timestamp="2019-08-02T20:08:39.474" activeThreads="8">
  <mem-info id="1172" free="3056440" total="9568256" percent="31">
    <mem type="nursery" free="851968" total="3276800" percent="26">
      <mem type="allocate" free="851968" total="1638400" percent="52" />
      <mem type="survivor" free="0" total="1638400" percent="0" />
    </mem>
    <mem type="tenure" free="2204472" total="6291456" percent="35">
      <mem type="soa" free="1890104" total="5977088" percent="31" />
      <mem type="loa" free="314368" total="314368" percent="100" />
    </mem>
    <remembered-set count="270" />
  </mem-info>
</gc-end>
<cycle-end id="1173" type="scavenge" contextid="1167" timestamp="2019-08-02T20:08:39.474" />
  <attribute name="elasticGC enabled" value="1" />
  <attribute name= "numThreadsSpecified" value="0" />
  <attribute name="heapSize specified" value="0" />
  <attribute name= "numCores" value="8" />
  <attribute name ="GC Interval" value="4000" />
  <attribute name ="Control flow" value="2" />
  <attribute name="GC Util Range Max" value="25" />
  <attribute name="Current GC Util" value="10" />
  <attribute name= "Current Time Running" value="1709" />
<allocation-satisfied id="1174" threadId="0000000001C20300" bytesRequested="16392" />
<af-end id="1175" timestamp="2019-08-02T20:08:39.474" threadId="0000000001C20C88" success="true" from="nursery"/>
<exclusive-end id="1176" timestamp="2019-08-02T20:08:39.474" durationms="2.018" />

<exclusive-start id="1177" timestamp="2019-08-02T20:08:39.478" intervalms="5.976">
  <response-info timems="0.064" idlems="0.064" threads="0" lastid="0000000001C20300" lastname="Thread-5" />
</exclusive-start>
<af-start id="1178" threadId="0000000001C20C88" totalBytesRequested="2056" timestamp="2019-08-02T20:08:39.478" intervalms="6.024" type="nursery" />
<cycle-start id="1179" type="scavenge" contextid="0" timestamp="2019-08-02T20:08:39.478" intervalms="6.020" />
<gc-start id="1180" type="scavenge" contextid="1179" timestamp="2019-08-02T20:08:39.479">
  <mem-info id="1181" free="2204472" total="9568256" percent="23">
    <mem type="nursery" free="0" total="3276800" percent="0">
      <mem type="allocate" free="0" total="1638400" percent="0" />
      <mem type="survivor" free="0" total="1638400" percent="0" />
    </mem>
    <mem type="tenure" free="2204472" total="6291456" percent="35">
      <mem type="soa" free="1890104" total="5977088" percent="31" />
      <mem type="loa" free="314368" total="314368" percent="100" />
    </mem>
    <remembered-set count="351" />
  </mem-info>
</gc-start>
<allocation-stats totalBytes="812312" >
  <allocated-bytes non-tlh="131112" tlh="681200" />
  <largest-consumer threadName="Thread-5" threadId="0000000001C20300" bytes="276064" />
</allocation-stats>
<gc-op id="1182" type="scavenge" timems="0.507" contextid="1179" timestamp="2019-08-02T20:08:39.479">
  <scavenger-info tenureage="1" tenuremask="7ffe" tiltratio="50" />
  <memory-copied type="nursery" objects="587" bytes="385752" bytesdiscarded="166504" />
  <memory-copied type="tenure" objects="1754" bytes="663552" bytesdiscarded="8280" />
  <references type="phantom" candidates="1" cleared="0" enqueued="0" />
</gc-op>
<gc-end id="1183" type="scavenge" contextid="1179" durationms="0.710" usertimems="0.000" systemtimems="0.000" timestamp="2019-08-02T20:08:39.479" activeThreads="8">
  <mem-info id="1184" free="2563272" total="9568256" percent="26">
    <mem type="nursery" free="1086096" total="3276800" percent="33">
      <mem type="allocate" free="1086096" total="1638400" percent="66" />
      <mem type="survivor" free="0" total="1638400" percent="0" />
    </mem>
    <mem type="tenure" free="1477176" total="6291456" percent="23">
      <mem type="soa" free="1162808" total="5977088" percent="19" />
      <mem type="loa" free="314368" total="314368" percent="100" />
    </mem>
    <remembered-set count="226" />
  </mem-info>
</gc-end>
<cycle-end id="1185" type="scavenge" contextid="1179" timestamp="2019-08-02T20:08:39.479" />
  <attribute name="elasticGC enabled" value="1" />
  <attribute name= "numThreadsSpecified" value="0" />
  <attribute name="heapSize specified" value="0" />
  <attribute name= "numCores" value="8" />
  <attribute name ="GC Interval" value="4000" />
  <attribute name ="Control flow" value="2" />
  <attribute name="GC Util Range Max" value="25" />
  <attribute name="Current GC Util" value="55" />
  <attribute name= "Current Time Running" value="1715" />
<allocation-satisfied id="1186" threadId="0000000001C20300" bytesRequested="2056" />
<af-end id="1187" timestamp="2019-08-02T20:08:39.479" threadId="0000000001C20C88" success="true" from="nursery"/>
<exclusive-end id="1188" timestamp="2019-08-02T20:08:39.479" durationms="1.215" />

<exclusive-start id="1189" timestamp="2019-08-02T20:08:39.504" intervalms="25.710">
  <response-info timems="0.110" idlems="0.110" threads="0" lastid="0000000001C23F00" lastname="Thread-6" />
</exclusive-start>
<af-start id="1190" threadId="0000000001C24888" totalBytesRequested="16392" timestamp="2019-08-02T20:08:39.504" intervalms="25.698" type="nursery" />
<cycle-start id="1191" type="scavenge" contextid="0" timestamp="2019-08-02T20:08:39.504" intervalms="25.698" />
<gc-start id="1192" type="scavenge" contextid="1191" timestamp="2019-08-02T20:08:39.504">
  <mem-info id="1193" free="1477176" total="9568256" percent="15">
    <mem type="nursery" free="0" total="3276800" percent="0">
      <mem type="allocate" free="0" total="1638400" percent="0" />
      <mem type="survivor" free="0" total="1638400" percent="0" />
    </mem>
    <mem type="tenure" free="1477176" total="6291456" percent="23">
      <mem type="soa" free="1162808" total="5977088" percent="19" />
      <mem type="loa" free="314368" total="314368" percent="100" />
    </mem>
    <remembered-set count="407" />
  </mem-info>
</gc-start>
<allocation-stats totalBytes="1060392" >
  <allocated-bytes non-tlh="34832" tlh="1025560" />
  <largest-consumer threadName="Thread-3" threadId="0000000001C18B00" bytes="293752" />
</allocation-stats>
<gc-op id="1194" type="scavenge" timems="0.463" contextid="1191" timestamp="2019-08-02T20:08:39.505">
  <scavenger-info tenureage="1" tenuremask="7ffe" tiltratio="50" />
  <memory-copied type="nursery" objects="1133" bytes="298088" bytesdiscarded="156064" />
  <memory-copied type="tenure" objects="554" bytes="384328" bytesdiscarded="3992" />
  <references type="weak" candidates="1" cleared="0" enqueued="0" />
  <references type="phantom" candidates="1" cleared="0" enqueued="0" />
</gc-op>
<gc-end id="1195" type="scavenge" contextid="1191" durationms="0.655" usertimems="0.000" systemtimems="4.000" timestamp="2019-08-02T20:08:39.505" activeThreads="8">
  <mem-info id="1196" free="2524504" total="9568256" percent="26">
    <mem type="nursery" free="1446384" total="3276800" percent="44">
      <mem type="allocate" free="1446384" total="1900544" percent="76" />
      <mem type="survivor" free="0" total="1376256" percent="0" />
    </mem>
    <mem type="tenure" free="1078120" total="6291456" percent="17">
      <mem type="soa" free="763752" total="5977088" percent="12" />
      <mem type="loa" free="314368" total="314368" percent="100" />
    </mem>
    <remembered-set count="266" />
  </mem-info>
</gc-end>
<cycle-end id="1197" type="scavenge" contextid="1191" timestamp="2019-08-02T20:08:39.505" />
  <attribute name="elasticGC enabled" value="1" />
  <attribute name= "numThreadsSpecified" value="0" />
  <attribute name="heapSize specified" value="0" />
  <attribute name= "numCores" value="8" />
  <attribute name ="GC Interval" value="4000" />
  <attribute name ="Control flow" value="2" />
  <attribute name="GC Util Range Max" value="25" />
  <attribute name="Current GC Util" value="6" />
  <attribute name= "Current Time Running" value="1740" />
<allocation-satisfied id="1198" threadId="0000000001C23F00" bytesRequested="16392" />
<af-end id="1199" timestamp="2019-08-02T20:08:39.505" threadId="0000000001C24888" success="true" from="nursery"/>
<exclusive-end id="1200" timestamp="2019-08-02T20:08:39.505" durationms="1.143" />

<concurrent-kickoff id="1201" timestamp="2019-08-02T20:08:39.513">
  <kickoff reason="threshold reached" targetBytes="2371944" thresholdFreeBytes="317463"  remainingFree="295328" tenureFreeBytes="1078120" nurseryFreeBytes="295328" />
</concurrent-kickoff>
<exclusive-start id="1202" timestamp="2019-08-02T20:08:39.514" intervalms="9.791">
  <response-info timems="0.044" idlems="0.044" threads="0" lastid="0000000001C32F00" lastname="Thread-10" />
</exclusive-start>
<cycle-start id="1203" type="global" contextid="0" timestamp="2019-08-02T20:08:39.514" intervalms="68.919" />
<exclusive-end id="1204" timestamp="2019-08-02T20:08:39.514" durationms="0.175" />

<exclusive-start id="1205" timestamp="2019-08-02T20:08:39.518" intervalms="4.489">
  <response-info timems="0.151" idlems="0.151" threads="0" lastid="0000000001C18B00" lastname="Thread-3" />
</exclusive-start>
<concurrent-collection-start id="1206" timestamp="2019-08-02T20:08:39.518" intervalms="70.153" >
  <concurrent-trace-info reason="card cleaning threshold reached" tracedByMutators="1358720" tracedByHelpers="878376" cardsCleaned="171" workStackOverflowCount="0" />
</concurrent-collection-start>
<gc-start id="1207" type="global" contextid="1203" timestamp="2019-08-02T20:08:39.518">
  <mem-info id="1208" free="1078120" total="9568256" percent="11">
    <mem type="nursery" free="0" total="3276800" percent="0">
      <mem type="allocate" free="0" total="1900544" percent="0" />
      <mem type="survivor" free="0" total="1376256" percent="0" />
    </mem>
    <mem type="tenure" free="1078120" total="6291456" percent="17">
      <mem type="soa" free="763752" total="5977088" percent="12" />
      <mem type="loa" free="314368" total="314368" percent="100" />
    </mem>
    <remembered-set count="411" />
  </mem-info>
</gc-start>
<allocation-stats totalBytes="1416568" >
  <allocated-bytes non-tlh="245840" tlh="1170728" />
  <largest-consumer threadName="Thread-9" threadId="0000000001C2F300" bytes="424264" />
</allocation-stats>
<gc-op id="1209" type="rs-scan" timems="0.742" contextid="1203" timestamp="2019-08-02T20:08:39.519">
  <scan objectsFound="208" bytesTraced="36620" workStackOverflowCount="0" />
</gc-op>
<gc-op id="1210" type="card-cleaning" timems="0.538" contextid="1203" timestamp="2019-08-02T20:08:39.520">
  <card-cleaning cardsCleaned="83" bytesTraced="649992" workStackOverflowCount="0" />
</gc-op>
<gc-op id="1211" type="mark" timems="1.313" contextid="1203" timestamp="2019-08-02T20:08:39.521">
  <trace-info objectcount="955" scancount="850" scanbytes="115064" />
  <finalization candidates="25" enqueued="0" />
  <references type="soft" candidates="65" cleared="0" enqueued="0" dynamicThreshold="14" maxThreshold="32" />
  <references type="weak" candidates="249" cleared="0" enqueued="0" />
  <references type="phantom" candidates="71" cleared="0" enqueued="0" />
  <stringconstants candidates="3944" cleared="0"  />
</gc-op>
<gc-op id="1212" type="sweep" timems="0.813" contextid="1203" timestamp="2019-08-02T20:08:39.522" />
<gc-end id="1213" type="global" contextid="1203" durationms="4.757" usertimems="12.000" systemtimems="0.000" timestamp="2019-08-02T20:08:39.523" activeThreads="8">
  <mem-info id="1214" free="3564040" total="9568256" percent="37">
    <mem type="nursery" free="1000000" total="3276800" percent="30">
      <mem type="allocate" free="1000000" total="1900544" percent="52" />
      <mem type="survivor" free="0" total="1376256" percent="0" />
    </mem>
    <mem type="tenure" free="2564040" total="6291456" percent="40" micro-fragmented="116761" macro-fragmented="0">
      <mem type="soa" free="2249672" total="5977088" percent="37" />
      <mem type="loa" free="314368" total="314368" percent="100" />
    </mem>
    <remembered-set count="333" />
  </mem-info>
</gc-end>
<cycle-end id="1215" type="global" contextid="1203" timestamp="2019-08-02T20:08:39.523" />
  <attribute name="elasticGC enabled" value="1" />
  <attribute name= "numThreadsSpecified" value="0" />
  <attribute name="heapSize specified" value="0" />
  <attribute name= "numCores" value="8" />
  <attribute name ="GC Interval" value="4000" />
  <attribute name ="Control flow" value="2" />
  <attribute name="GC Util Range Max" value="25" />
  <attribute name="Current GC Util" value="169" />
  <attribute name= "Current Time Running" value="1758" />
<concurrent-collection-end id="1216" timestamp="2019-08-02T20:08:39.523" />
<exclusive-end id="1217" timestamp="2019-08-02T20:08:39.523" durationms="5.156" />

<exclusive-start id="1218" timestamp="2019-08-02T20:08:39.542" intervalms="23.383">
  <response-info timems="0.060" idlems="0.060" threads="0" lastid="0000000001C20300" lastname="Thread-5" />
</exclusive-start>
<af-start id="1219" threadId="0000000001C20C88" totalBytesRequested="8200" timestamp="2019-08-02T20:08:39.542" intervalms="37.665" type="nursery" />
<cycle-start id="1220" type="scavenge" contextid="0" timestamp="2019-08-02T20:08:39.542" intervalms="37.667" />
<gc-start id="1221" type="scavenge" contextid="1220" timestamp="2019-08-02T20:08:39.542">
  <mem-info id="1222" free="2564040" total="9568256" percent="26">
    <mem type="nursery" free="0" total="3276800" percent="0">
      <mem type="allocate" free="0" total="1900544" percent="0" />
      <mem type="survivor" free="0" total="1376256" percent="0" />
    </mem>
    <mem type="tenure" free="2564040" total="6291456" percent="40">
      <mem type="soa" free="2249672" total="5977088" percent="37" />
      <mem type="loa" free="314368" total="314368" percent="100" />
    </mem>
    <remembered-set count="403" />
  </mem-info>
</gc-start>
<allocation-stats totalBytes="992632" >
  <allocated-bytes non-tlh="209000" tlh="783632" />
  <largest-consumer threadName="Thread-8" threadId="0000000001C2B700" bytes="430184" />
</allocation-stats>
<gc-op id="1223" type="scavenge" timems="1.232" contextid="1220" timestamp="2019-08-02T20:08:39.543">
  <scavenger-info tenureage="1" tenuremask="7ffe" tiltratio="58" />
  <memory-copied type="nursery" objects="2603" bytes="922784" bytesdiscarded="106144" />
  <memory-copied type="tenure" objects="958" bytes="245248" bytesdiscarded="5336" />
  <references type="weak" candidates="1" cleared="0" enqueued="0" />
  <references type="phantom" candidates="1" cleared="0" enqueued="0" />
</gc-op>
<gc-end id="1224" type="scavenge" contextid="1220" durationms="1.441" usertimems="4.000" systemtimems="0.000" timestamp="2019-08-02T20:08:39.543" activeThreads="8">
  <mem-info id="1225" free="2916328" total="9568256" percent="30">
    <mem type="nursery" free="609400" total="3276800" percent="18">
      <mem type="allocate" free="609400" total="1638400" percent="37" />
      <mem type="survivor" free="0" total="1638400" percent="0" />
    </mem>
    <mem type="tenure" free="2306928" total="6291456" percent="36">
      <mem type="soa" free="1992560" total="5977088" percent="33" />
      <mem type="loa" free="314368" total="314368" percent="100" />
    </mem>
    <remembered-set count="235" />
  </mem-info>
</gc-end>
<cycle-end id="1226" type="scavenge" contextid="1220" timestamp="2019-08-02T20:08:39.543" />
  <attribute name="elasticGC enabled" value="1" />
  <attribute name= "numThreadsSpecified" value="0" />
  <attribute name="heapSize specified" value="0" />
  <attribute name= "numCores" value="8" />
  <attribute name ="GC Interval" value="4000" />
  <attribute name ="Control flow" value="2" />
  <attribute name="GC Util Range Max" value="25" />
  <attribute name="Current GC Util" value="18" />
  <attribute name= "Current Time Running" value="1778" />
<allocation-satisfied id="1227" threadId="0000000001C20300" bytesRequested="8200" />
<af-end id="1228" timestamp="2019-08-02T20:08:39.544" threadId="0000000001C20C88" success="true" from="nursery"/>
<exclusive-end id="1229" timestamp="2019-08-02T20:08:39.544" durationms="1.933" />

<exclusive-start id="1230" timestamp="2019-08-02T20:08:39.552" intervalms="10.553">
  <response-info timems="0.049" idlems="0.049" threads="0" lastid="0000000001C27B00" lastname="Thread-7" />
</exclusive-start>
<af-start id="1231" threadId="0000000001C28488" totalBytesRequested="40" timestamp="2019-08-02T20:08:39.552" intervalms="10.626" type="nursery" />
<cycle-start id="1232" type="scavenge" contextid="0" timestamp="2019-08-02T20:08:39.552" intervalms="10.624" />
<gc-start id="1233" type="scavenge" contextid="1232" timestamp="2019-08-02T20:08:39.553">
  <mem-info id="1234" free="2306928" total="9568256" percent="24">
    <mem type="nursery" free="0" total="3276800" percent="0">
      <mem type="allocate" free="0" total="1638400" percent="0" />
      <mem type="survivor" free="0" total="1638400" percent="0" />
    </mem>
    <mem type="tenure" free="2306928" total="6291456" percent="36">
      <mem type="soa" free="1992560" total="5977088" percent="33" />
      <mem type="loa" free="314368" total="314368" percent="100" />
    </mem>
    <remembered-set count="351" />
  </mem-info>
</gc-start>
<allocation-stats totalBytes="588000" >
  <allocated-bytes non-tlh="73752" tlh="514248" />
  <largest-consumer threadName="Thread-5" threadId="0000000001C20300" bytes="335040" />
</allocation-stats>
<gc-op id="1235" type="scavenge" timems="1.114" contextid="1232" timestamp="2019-08-02T20:08:39.554">
  <scavenger-info tenureage="1" tenuremask="7ffe" tiltratio="50" />
  <memory-copied type="nursery" objects="578" bytes="233104" bytesdiscarded="196504" />
  <memory-copied type="tenure" objects="2488" bytes="916448" bytesdiscarded="13328" />
</gc-op>
<heap-resize id="1236" type="expand" space="nursery" amount="262144" count="1" timems="0.018" reason="excessive time being spent scavenging" timestamp="2019-08-02T20:08:39.554" />
<gc-end id="1237" type="scavenge" contextid="1232" durationms="1.555" usertimems="4.000" systemtimems="0.000" timestamp="2019-08-02T20:08:39.554" activeThreads="8">
  <mem-info id="1238" free="2750624" total="9830400" percent="27">
    <mem type="nursery" free="1405376" total="3538944" percent="39">
      <mem type="allocate" free="1405376" total="1835008" percent="76" />
      <mem type="survivor" free="0" total="1703936" percent="0" />
    </mem>
    <mem type="tenure" free="1345248" total="6291456" percent="21">
      <mem type="soa" free="1030880" total="5977088" percent="17" />
      <mem type="loa" free="314368" total="314368" percent="100" />
    </mem>
    <remembered-set count="242" />
  </mem-info>
</gc-end>
<cycle-end id="1239" type="scavenge" contextid="1232" timestamp="2019-08-02T20:08:39.554" />
  <attribute name="elasticGC enabled" value="1" />
  <attribute name= "numThreadsSpecified" value="0" />
  <attribute name="heapSize specified" value="0" />
  <attribute name= "numCores" value="8" />
  <attribute name ="GC Interval" value="4000" />
  <attribute name ="Control flow" value="2" />
  <attribute name="GC Util Range Max" value="25" />
  <attribute name="Current GC Util" value="28" />
  <attribute name= "Current Time Running" value="1789" />
<allocation-satisfied id="1240" threadId="0000000001C27B00" bytesRequested="40" />
<af-end id="1241" timestamp="2019-08-02T20:08:39.554" threadId="0000000001C28488" success="true" from="nursery"/>
<exclusive-end id="1242" timestamp="2019-08-02T20:08:39.554" durationms="2.108" />

<concurrent-kickoff id="1243" timestamp="2019-08-02T20:08:39.562">
  <kickoff reason="threshold reached" targetBytes="2347041" thresholdFreeBytes="303199"  remainingFree="287152" tenureFreeBytes="1345248" nurseryFreeBytes="287152" />
</concurrent-kickoff>
<exclusive-start id="1244" timestamp="2019-08-02T20:08:39.563" intervalms="10.642">
  <response-info timems="0.054" idlems="0.054" threads="0" lastid="0000000001C1C700" lastname="Thread-4" />
</exclusive-start>
<cycle-start id="1245" type="global" contextid="0" timestamp="2019-08-02T20:08:39.563" intervalms="49.068" />
<exclusive-end id="1246" timestamp="2019-08-02T20:08:39.563" durationms="0.179" />

<exclusive-start id="1247" timestamp="2019-08-02T20:08:39.575" intervalms="11.954">
  <response-info timems="0.060" idlems="0.060" threads="0" lastid="0000000001C32F00" lastname="Thread-10" />
</exclusive-start>
<concurrent-collection-start id="1248" timestamp="2019-08-02T20:08:39.575" intervalms="56.538" >
  <concurrent-trace-info reason="card cleaning threshold reached" tracedByMutators="755312" tracedByHelpers="1717580" cardsCleaned="220" workStackOverflowCount="0" />
</concurrent-collection-start>
<gc-start id="1249" type="global" contextid="1245" timestamp="2019-08-02T20:08:39.575">
  <mem-info id="1250" free="1345248" total="9830400" percent="13">
    <mem type="nursery" free="0" total="3538944" percent="0">
      <mem type="allocate" free="0" total="1835008" percent="0" />
      <mem type="survivor" free="0" total="1703936" percent="0" />
    </mem>
    <mem type="tenure" free="1345248" total="6291456" percent="21">
      <mem type="soa" free="1030880" total="5977088" percent="17" />
      <mem type="loa" free="314368" total="314368" percent="100" />
    </mem>
    <remembered-set count="408" />
  </mem-info>
</gc-start>
<allocation-stats totalBytes="1400960" >
  <allocated-bytes non-tlh="81984" tlh="1318976" />
  <largest-consumer threadName="Thread-9" threadId="0000000001C2F300" bytes="523784" />
</allocation-stats>
<heap-resize id="1251" type="loa contract" space="tenure" amount="63488" count="1" timems="0.000" reason="contract underutilized loa" timestamp="2019-08-02T20:08:39.575" />
<gc-op id="1252" type="rs-scan" timems="0.187" contextid="1245" timestamp="2019-08-02T20:08:39.575">
  <scan objectsFound="235" bytesTraced="33116" workStackOverflowCount="0" />
</gc-op>
<gc-op id="1253" type="card-cleaning" timems="0.210" contextid="1245" timestamp="2019-08-02T20:08:39.576">
  <card-cleaning cardsCleaned="95" bytesTraced="715152" workStackOverflowCount="0" />
</gc-op>
<gc-op id="1254" type="mark" timems="0.503" contextid="1245" timestamp="2019-08-02T20:08:39.576">
  <trace-info objectcount="384" scancount="341" scanbytes="10892" />
  <finalization candidates="25" enqueued="0" />
  <references type="soft" candidates="65" cleared="0" enqueued="0" dynamicThreshold="13" maxThreshold="32" />
  <references type="weak" candidates="249" cleared="0" enqueued="0" />
  <references type="phantom" candidates="71" cleared="0" enqueued="0" />
  <stringconstants candidates="3944" cleared="0"  />
</gc-op>
<gc-op id="1255" type="sweep" timems="0.240" contextid="1245" timestamp="2019-08-02T20:08:39.576" />
<gc-end id="1256" type="global" contextid="1245" durationms="2.000" usertimems="4.000" systemtimems="0.000" timestamp="2019-08-02T20:08:39.577" activeThreads="8">
  <mem-info id="1257" free="3508472" total="9830400" percent="35">
    <mem type="nursery" free="1317912" total="3538944" percent="37">
      <mem type="allocate" free="1317912" total="1835008" percent="71" />
      <mem type="survivor" free="0" total="1703936" percent="0" />
    </mem>
    <mem type="tenure" free="2190560" total="6291456" percent="34" micro-fragmented="112384" macro-fragmented="0">
      <mem type="soa" free="1939680" total="6040576" percent="32" />
      <mem type="loa" free="250880" total="250880" percent="100" />
    </mem>
    <remembered-set count="384" />
  </mem-info>
</gc-end>
<cycle-end id="1258" type="global" contextid="1245" timestamp="2019-08-02T20:08:39.577" />
  <attribute name="elasticGC enabled" value="1" />
  <attribute name= "numThreadsSpecified" value="0" />
  <attribute name="heapSize specified" value="0" />
  <attribute name= "numCores" value="8" />
  <attribute name ="GC Interval" value="4000" />
  <attribute name ="Control flow" value="2" />
  <attribute name="GC Util Range Max" value="25" />
  <attribute name="Current GC Util" value="50" />
  <attribute name= "Current Time Running" value="1813" />
<concurrent-collection-end id="1259" timestamp="2019-08-02T20:08:39.577" />
<exclusive-end id="1260" timestamp="2019-08-02T20:08:39.577" durationms="2.522" />

<exclusive-start id="1261" timestamp="2019-08-02T20:08:39.593" intervalms="17.741">
  <response-info timems="0.048" idlems="0.048" threads="0" lastid="0000000001C1C700" lastname="Thread-4" />
</exclusive-start>
<af-start id="1262" threadId="0000000001C1D088" totalBytesRequested="32776" timestamp="2019-08-02T20:08:39.593" intervalms="40.324" type="nursery" />
<cycle-start id="1263" type="scavenge" contextid="0" timestamp="2019-08-02T20:08:39.593" intervalms="40.325" />
<gc-start id="1264" type="scavenge" contextid="1263" timestamp="2019-08-02T20:08:39.593">
  <mem-info id="1265" free="2275280" total="9830400" percent="23">
    <mem type="nursery" free="84720" total="3538944" percent="2">
      <mem type="allocate" free="84720" total="1835008" percent="4" />
      <mem type="survivor" free="0" total="1703936" percent="0" />
    </mem>
    <mem type="tenure" free="2190560" total="6291456" percent="34">
      <mem type="soa" free="1939680" total="6040576" percent="32" />
      <mem type="loa" free="250880" total="250880" percent="100" />
    </mem>
    <remembered-set count="452" />
  </mem-info>
</gc-start>
<allocation-stats totalBytes="1186800" >
  <allocated-bytes non-tlh="309440" tlh="877360" />
  <largest-consumer threadName="Thread-4" threadId="0000000001C1C700" bytes="494904" />
</allocation-stats>
<gc-op id="1266" type="scavenge" timems="0.396" contextid="1263" timestamp="2019-08-02T20:08:39.593">
  <scavenger-info tenureage="1" tenuremask="7ffe" tiltratio="51" />
  <memory-copied type="nursery" objects="2532" bytes="1012712" bytesdiscarded="331368" />
  <memory-copied type="tenure" objects="28" bytes="2024" bytesdiscarded="8" />
</gc-op>
<gc-end id="1267" type="scavenge" contextid="1263" durationms="0.605" usertimems="4.000" systemtimems="0.000" timestamp="2019-08-02T20:08:39.593" activeThreads="8">
  <mem-info id="1268" free="2608856" total="9830400" percent="26">
    <mem type="nursery" free="425304" total="3538944" percent="12">
      <mem type="allocate" free="425304" total="1769472" percent="24" />
      <mem type="survivor" free="0" total="1769472" percent="0" />
    </mem>
    <mem type="tenure" free="2183552" total="6291456" percent="34">
      <mem type="soa" free="1932672" total="6040576" percent="31" />
      <mem type="loa" free="250880" total="250880" percent="100" />
    </mem>
    <remembered-set count="243" />
  </mem-info>
</gc-end>
<cycle-end id="1269" type="scavenge" contextid="1263" timestamp="2019-08-02T20:08:39.594" />
  <attribute name="elasticGC enabled" value="1" />
  <attribute name= "numThreadsSpecified" value="0" />
  <attribute name="heapSize specified" value="0" />
  <attribute name= "numCores" value="8" />
  <attribute name ="GC Interval" value="4000" />
  <attribute name ="Control flow" value="2" />
  <attribute name="GC Util Range Max" value="25" />
  <attribute name="Current GC Util" value="14" />
  <attribute name= "Current Time Running" value="1829" />
<allocation-satisfied id="1270" threadId="0000000001C1C700" bytesRequested="32776" />
<af-end id="1271" timestamp="2019-08-02T20:08:39.594" threadId="0000000001C1D088" success="true" from="nursery"/>
<exclusive-end id="1272" timestamp="2019-08-02T20:08:39.594" durationms="1.171" />

<exclusive-start id="1273" timestamp="2019-08-02T20:08:39.596" intervalms="3.292">
  <response-info timems="0.075" idlems="0.075" threads="0" lastid="0000000001C27B00" lastname="Thread-7" />
</exclusive-start>
<af-start id="1274" threadId="0000000001C28488" totalBytesRequested="16392" timestamp="2019-08-02T20:08:39.596" intervalms="3.254" type="nursery" />
<cycle-start id="1275" type="scavenge" contextid="0" timestamp="2019-08-02T20:08:39.596" intervalms="3.255" />
<gc-start id="1276" type="scavenge" contextid="1275" timestamp="2019-08-02T20:08:39.596">
  <mem-info id="1277" free="2183552" total="9830400" percent="22">
    <mem type="nursery" free="0" total="3538944" percent="0">
      <mem type="allocate" free="0" total="1769472" percent="0" />
      <mem type="survivor" free="0" total="1769472" percent="0" />
    </mem>
    <mem type="tenure" free="2183552" total="6291456" percent="34">
      <mem type="soa" free="1932672" total="6040576" percent="31" />
      <mem type="loa" free="250880" total="250880" percent="100" />
    </mem>
    <remembered-set count="301" />
  </mem-info>
</gc-start>
<allocation-stats totalBytes="414320" >
  <allocated-bytes non-tlh="32776" tlh="381544" />
  <largest-consumer threadName="Thread-4" threadId="0000000001C1C700" bytes="209568" />
</allocation-stats>
<gc-op id="1278" type="scavenge" timems="0.884" contextid="1275" timestamp="2019-08-02T20:08:39.597">
  <scavenger-info tenureage="1" tenuremask="7ffe" tiltratio="50" />
  <memory-copied type="nursery" objects="136" bytes="148472" bytesdiscarded="259920" />
  <memory-copied type="tenure" objects="2005" bytes="795200" bytesdiscarded="14416" />
  <references type="weak" candidates="1" cleared="0" enqueued="0" />
  <references type="phantom" candidates="1" cleared="0" enqueued="0" />
</gc-op>
<heap-resize id="1279" type="expand" space="nursery" amount="655360" count="1" timems="0.020" reason="excessive time being spent scavenging" timestamp="2019-08-02T20:08:39.597" />
<gc-end id="1280" type="scavenge" contextid="1275" durationms="1.333" usertimems="0.000" systemtimems="0.000" timestamp="2019-08-02T20:08:39.597" activeThreads="8">
  <mem-info id="1281" free="3052936" total="10485760" percent="29">
    <mem type="nursery" free="1688744" total="4194304" percent="40">
      <mem type="allocate" free="1688744" total="2097152" percent="80" />
      <mem type="survivor" free="0" total="2097152" percent="0" />
    </mem>
    <mem type="tenure" free="1364192" total="6291456" percent="21">
      <mem type="soa" free="1113312" total="6040576" percent="18" />
      <mem type="loa" free="250880" total="250880" percent="100" />
    </mem>
    <remembered-set count="210" />
  </mem-info>
</gc-end>
<cycle-end id="1282" type="scavenge" contextid="1275" timestamp="2019-08-02T20:08:39.598" />
  <attribute name="elasticGC enabled" value="1" />
  <attribute name= "numThreadsSpecified" value="0" />
  <attribute name="heapSize specified" value="0" />
  <attribute name= "numCores" value="8" />
  <attribute name ="GC Interval" value="4000" />
  <attribute name ="Control flow" value="2" />
  <attribute name="GC Util Range Max" value="25" />
  <attribute name="Current GC Util" value="52" />
  <attribute name= "Current Time Running" value="1832" />
<allocation-satisfied id="1283" threadId="0000000001C27B00" bytesRequested="16392" />
<af-end id="1284" timestamp="2019-08-02T20:08:39.598" threadId="0000000001C28488" success="true" from="nursery"/>
<exclusive-end id="1285" timestamp="2019-08-02T20:08:39.598" durationms="1.846" />

<exclusive-start id="1286" timestamp="2019-08-02T20:08:39.607" intervalms="11.551">
  <response-info timems="0.092" idlems="0.092" threads="0" lastid="0000000001C1C700" lastname="Thread-4" />
</exclusive-start>
<af-start id="1287" threadId="0000000001C1D088" totalBytesRequested="8200" timestamp="2019-08-02T20:08:39.607" intervalms="11.494" type="nursery" />
<cycle-start id="1288" type="scavenge" contextid="0" timestamp="2019-08-02T20:08:39.608" intervalms="11.492" />
<gc-start id="1289" type="scavenge" contextid="1288" timestamp="2019-08-02T20:08:39.608">
  <mem-info id="1290" free="1364192" total="10485760" percent="13">
    <mem type="nursery" free="0" total="4194304" percent="0">
      <mem type="allocate" free="0" total="2097152" percent="0" />
      <mem type="survivor" free="0" total="2097152" percent="0" />
    </mem>
    <mem type="tenure" free="1364192" total="6291456" percent="21">
      <mem type="soa" free="1113312" total="6040576" percent="18" />
      <mem type="loa" free="250880" total="250880" percent="100" />
    </mem>
    <remembered-set count="382" />
  </mem-info>
</gc-start>
<allocation-stats totalBytes="1574968" >
  <allocated-bytes non-tlh="344176" tlh="1230792" />
  <largest-consumer threadName="Thread-5" threadId="0000000001C20300" bytes="390640" />
</allocation-stats>
<gc-op id="1291" type="scavenge" timems="0.418" contextid="1288" timestamp="2019-08-02T20:08:39.608">
  <scavenger-info tenureage="2" tenuremask="7ffc" tiltratio="50" />
  <memory-copied type="nursery" objects="1833" bytes="915768" bytesdiscarded="353568" />
  <references type="phantom" candidates="3" cleared="0" enqueued="0" />
</gc-op>
<gc-end id="1292" type="scavenge" contextid="1288" durationms="0.611" usertimems="4.000" systemtimems="0.000" timestamp="2019-08-02T20:08:39.608" activeThreads="8">
  <mem-info id="1293" free="2388520" total="10485760" percent="22">
    <mem type="nursery" free="1024328" total="4194304" percent="24">
      <mem type="allocate" free="1024328" total="2293760" percent="44" />
      <mem type="survivor" free="0" total="1900544" percent="0" />
    </mem>
    <mem type="tenure" free="1364192" total="6291456" percent="21">
      <mem type="soa" free="1113312" total="6040576" percent="18" />
      <mem type="loa" free="250880" total="250880" percent="100" />
    </mem>
    <remembered-set count="239" />
  </mem-info>
</gc-end>
<cycle-end id="1294" type="scavenge" contextid="1288" timestamp="2019-08-02T20:08:39.608" />
  <attribute name="elasticGC enabled" value="1" />
  <attribute name= "numThreadsSpecified" value="0" />
  <attribute name="heapSize specified" value="0" />
  <attribute name= "numCores" value="8" />
  <attribute name ="GC Interval" value="4000" />
  <attribute name ="Control flow" value="2" />
  <attribute name="GC Util Range Max" value="25" />
  <attribute name="Current GC Util" value="23" />
  <attribute name= "Current Time Running" value="1844" />
<allocation-satisfied id="1295" threadId="0000000001C1C700" bytesRequested="8200" />
<af-end id="1296" timestamp="2019-08-02T20:08:39.608" threadId="0000000001C1D088" success="true" from="nursery"/>
<exclusive-end id="1297" timestamp="2019-08-02T20:08:39.608" durationms="1.068" />

<exclusive-start id="1298" timestamp="2019-08-02T20:08:39.623" intervalms="15.139">
  <response-info timems="0.136" idlems="0.136" threads="0" lastid="0000000001C2F300" lastname="Thread-9" />
</exclusive-start>
<af-start id="1299" threadId="0000000001C2FC88" totalBytesRequested="48" timestamp="2019-08-02T20:08:39.623" intervalms="15.124" type="nursery" />
<cycle-start id="1300" type="scavenge" contextid="0" timestamp="2019-08-02T20:08:39.623" intervalms="15.114" />
<gc-start id="1301" type="scavenge" contextid="1300" timestamp="2019-08-02T20:08:39.623">
  <mem-info id="1302" free="1364192" total="10485760" percent="13">
    <mem type="nursery" free="0" total="4194304" percent="0">
      <mem type="allocate" free="0" total="2293760" percent="0" />
      <mem type="survivor" free="0" total="1900544" percent="0" />
    </mem>
    <mem type="tenure" free="1364192" total="6291456" percent="21">
      <mem type="soa" free="1113312" total="6040576" percent="18" />
      <mem type="loa" free="250880" total="250880" percent="100" />
    </mem>
    <remembered-set count="402" />
  </mem-info>
</gc-start>
<allocation-stats totalBytes="983680" >
  <allocated-bytes non-tlh="73760" tlh="909920" />
  <largest-consumer threadName="Thread-8" threadId="0000000001C2B700" bytes="382008" />
</allocation-stats>
<gc-op id="1303" type="scavenge" timems="1.187" contextid="1300" timestamp="2019-08-02T20:08:39.624">
  <scavenger-info tenureage="1" tenuremask="7ffe" tiltratio="54" />
  <memory-copied type="nursery" objects="1339" bytes="388656" bytesdiscarded="200432" />
  <memory-copied type="tenure" objects="1744" bytes="907416" bytesdiscarded="11064" />
</gc-op>
<gc-end id="1304" type="scavenge" contextid="1300" durationms="1.370" usertimems="4.000" systemtimems="0.000" timestamp="2019-08-02T20:08:39.624" activeThreads="8">
  <mem-info id="1305" free="2152136" total="10485760" percent="20">
    <mem type="nursery" free="1901256" total="4194304" percent="45">
      <mem type="allocate" free="1901256" total="2490368" percent="76" />
      <mem type="survivor" free="0" total="1703936" percent="0" />
    </mem>
    <mem type="tenure" free="250880" total="6291456" percent="3">
      <mem type="soa" free="0" total="6040576" percent="0" />
      <mem type="loa" free="250880" total="250880" percent="100" />
    </mem>
    <remembered-set count="293" />
  </mem-info>
</gc-end>
<cycle-end id="1306" type="scavenge" contextid="1300" timestamp="2019-08-02T20:08:39.624" />
  <attribute name="elasticGC enabled" value="1" />
  <attribute name= "numThreadsSpecified" value="0" />
  <attribute name="heapSize specified" value="0" />
  <attribute name= "numCores" value="8" />
  <attribute name ="GC Interval" value="4000" />
  <attribute name ="Control flow" value="2" />
  <attribute name="GC Util Range Max" value="25" />
  <attribute name="Current GC Util" value="9" />
  <attribute name= "Current Time Running" value="1859" />
<allocation-satisfied id="1307" threadId="0000000001C2F300" bytesRequested="48" />
<af-end id="1308" timestamp="2019-08-02T20:08:39.624" threadId="0000000001C2FC88" success="true" from="nursery"/>
<exclusive-end id="1309" timestamp="2019-08-02T20:08:39.624" durationms="1.772" />

<concurrent-kickoff id="1310" timestamp="2019-08-02T20:08:39.649">
  <kickoff reason="threshold reached" targetBytes="2376174" thresholdFreeBytes="307973"  remainingFree="262776" tenureFreeBytes="250880" nurseryFreeBytes="262776" />
</concurrent-kickoff>
<exclusive-start id="1311" timestamp="2019-08-02T20:08:39.649" intervalms="26.596">
  <response-info timems="0.055" idlems="0.055" threads="0" lastid="0000000001C32F00" lastname="Thread-10" />
</exclusive-start>
<cycle-start id="1312" type="global" contextid="0" timestamp="2019-08-02T20:08:39.649" intervalms="86.259" />
<exclusive-end id="1313" timestamp="2019-08-02T20:08:39.649" durationms="0.164" />

<exclusive-start id="1314" timestamp="2019-08-02T20:08:39.656" intervalms="7.064">
  <response-info timems="0.033" idlems="0.033" threads="0" lastid="0000000001C2B700" lastname="Thread-8" />
</exclusive-start>
<af-start id="1315" threadId="0000000001C2C088" totalBytesRequested="32776" timestamp="2019-08-02T20:08:39.656" intervalms="33.772" type="nursery" />
<percolate-collect id="1316" from="nursery" to="global" reason="concurrent mark exhausted" timestamp="2019-08-02T20:08:39.656"/>
<gc-start id="1317" type="global" contextid="1312" timestamp="2019-08-02T20:08:39.657">
  <mem-info id="1318" free="259696" total="10485760" percent="2">
    <mem type="nursery" free="8816" total="4194304" percent="0">
      <mem type="allocate" free="8816" total="2490368" percent="0" />
      <mem type="survivor" free="0" total="1703936" percent="0" />
    </mem>
    <mem type="tenure" free="250880" total="6291456" percent="3">
      <mem type="soa" free="0" total="6040576" percent="0" />
      <mem type="loa" free="250880" total="250880" percent="100" />
    </mem>
    <remembered-set count="478" />
  </mem-info>
</gc-start>
<allocation-stats totalBytes="1868320" >
  <allocated-bytes non-tlh="147544" tlh="1720776" />
  <largest-consumer threadName="Thread-10" threadId="0000000001C32F00" bytes="597744" />
</allocation-stats>
<heap-resize id="1319" type="loa contract" space="tenure" amount="62464" count="1" timems="0.000" reason="contract underutilized loa" timestamp="2019-08-02T20:08:39.657" />
<concurrent-halted id="1320" timestamp="2019-08-02T20:08:39.657">
  <halted state="Complete" status="exhausted" />
  <traced bytesTarget="2376174" bytesTotal="2198740" bytesByMutator="709380" bytesByHelper="1489360" percent="92" />
  <cards cleaned="138" thresholdBytes="121322" />
</concurrent-halted>
<gc-op id="1321" type="rs-scan" timems="0.168" contextid="1312" timestamp="2019-08-02T20:08:39.657">
  <scan objectsFound="246" bytesTraced="33100" workStackOverflowCount="0" />
</gc-op>
<gc-op id="1322" type="card-cleaning" timems="0.164" contextid="1312" timestamp="2019-08-02T20:08:39.657">
  <card-cleaning cardsCleaned="63" bytesTraced="444716" workStackOverflowCount="0" />
</gc-op>
<gc-op id="1323" type="mark" timems="0.586" contextid="1312" timestamp="2019-08-02T20:08:39.658">
  <trace-info objectcount="1816" scancount="1586" scanbytes="275608" />
  <finalization candidates="25" enqueued="0" />
  <references type="soft" candidates="65" cleared="0" enqueued="0" dynamicThreshold="11" maxThreshold="32" />
  <references type="weak" candidates="249" cleared="0" enqueued="0" />
  <references type="phantom" candidates="71" cleared="0" enqueued="0" />
  <stringconstants candidates="3944" cleared="0"  />
</gc-op>
<gc-op id="1324" type="sweep" timems="0.226" contextid="1312" timestamp="2019-08-02T20:08:39.658" />
<gc-end id="1325" type="global" contextid="1312" durationms="2.002" usertimems="4.000" systemtimems="0.000" timestamp="2019-08-02T20:08:39.659" activeThreads="8">
  <mem-info id="1326" free="4260376" total="10485760" percent="40">
    <mem type="nursery" free="1695056" total="4194304" percent="40">
      <mem type="allocate" free="1695056" total="2490368" percent="68" />
      <mem type="survivor" free="0" total="1703936" percent="0" />
    </mem>
    <mem type="tenure" free="2565320" total="6291456" percent="40" micro-fragmented="84021" macro-fragmented="0">
      <mem type="soa" free="2376904" total="6103040" percent="38" />
      <mem type="loa" free="188416" total="188416" percent="100" />
    </mem>
    <remembered-set count="400" />
  </mem-info>
</gc-end>
<cycle-end id="1327" type="global" contextid="1312" timestamp="2019-08-02T20:08:39.659" />
  <attribute name="elasticGC enabled" value="1" />
  <attribute name= "numThreadsSpecified" value="0" />
  <attribute name="heapSize specified" value="0" />
  <attribute name= "numCores" value="8" />
  <attribute name ="GC Interval" value="4000" />
  <attribute name ="Control flow" value="2" />
  <attribute name="GC Util Range Max" value="25" />
  <attribute name="Current GC Util" value="53" />
  <attribute name= "Current Time Running" value="1894" />
<allocation-satisfied id="1328" threadId="0000000001C2B700" bytesRequested="32776" />
<af-end id="1329" timestamp="2019-08-02T20:08:39.659" threadId="0000000001C2C088" success="true" from="nursery"/>
<exclusive-end id="1330" timestamp="2019-08-02T20:08:39.659" durationms="2.839" />

<exclusive-start id="1331" timestamp="2019-08-02T20:08:39.687" intervalms="30.993">
  <response-info timems="0.070" idlems="0.070" threads="0" lastid="0000000001C27B00" lastname="Thread-7" />
</exclusive-start>
<af-start id="1332" threadId="0000000001C28488" totalBytesRequested="16" timestamp="2019-08-02T20:08:39.687" intervalms="30.940" type="nursery" />
<cycle-start id="1333" type="scavenge" contextid="0" timestamp="2019-08-02T20:08:39.687" intervalms="64.730" />
<gc-start id="1334" type="scavenge" contextid="1333" timestamp="2019-08-02T20:08:39.687">
  <mem-info id="1335" free="2565320" total="10485760" percent="24">
    <mem type="nursery" free="0" total="4194304" percent="0">
      <mem type="allocate" free="0" total="2490368" percent="0" />
      <mem type="survivor" free="0" total="1703936" percent="0" />
    </mem>
    <mem type="tenure" free="2565320" total="6291456" percent="40">
      <mem type="soa" free="2376904" total="6103040" percent="38" />
      <mem type="loa" free="188416" total="188416" percent="100" />
    </mem>
    <remembered-set count="478" />
  </mem-info>
</gc-start>
<allocation-stats totalBytes="1682016" >
  <allocated-bytes non-tlh="395424" tlh="1286592" />
  <largest-consumer threadName="Thread-6" threadId="0000000001C23F00" bytes="495128" />
</allocation-stats>
<gc-op id="1336" type="scavenge" timems="0.881" contextid="1333" timestamp="2019-08-02T20:08:39.688">
  <scavenger-info tenureage="1" tenuremask="7ffe" tiltratio="59" />
  <memory-copied type="nursery" objects="3406" bytes="1264248" bytesdiscarded="70112" />
  <memory-copied type="tenure" objects="340" bytes="104416" bytesdiscarded="5376" />
</gc-op>
<gc-end id="1337" type="scavenge" contextid="1333" durationms="1.266" usertimems="0.000" systemtimems="0.000" timestamp="2019-08-02T20:08:39.689" activeThreads="8">
  <mem-info id="1338" free="3216240" total="10485760" percent="30">
    <mem type="nursery" free="762696" total="4194304" percent="18">
      <mem type="allocate" free="762696" total="2097152" percent="36" />
      <mem type="survivor" free="0" total="2097152" percent="0" />
    </mem>
    <mem type="tenure" free="2453544" total="6291456" percent="38">
      <mem type="soa" free="2265128" total="6103040" percent="37" />
      <mem type="loa" free="188416" total="188416" percent="100" />
    </mem>
    <remembered-set count="231" />
  </mem-info>
</gc-end>
<cycle-end id="1339" type="scavenge" contextid="1333" timestamp="2019-08-02T20:08:39.689" />
  <attribute name="elasticGC enabled" value="1" />
  <attribute name= "numThreadsSpecified" value="0" />
  <attribute name="heapSize specified" value="0" />
  <attribute name= "numCores" value="8" />
  <attribute name ="GC Interval" value="4000" />
  <attribute name ="Control flow" value="2" />
  <attribute name="GC Util Range Max" value="25" />
  <attribute name="Current GC Util" value="12" />
  <attribute name= "Current Time Running" value="1924" />
<allocation-satisfied id="1340" threadId="0000000001C27B00" bytesRequested="16" />
<af-end id="1341" timestamp="2019-08-02T20:08:39.689" threadId="0000000001C28488" success="true" from="nursery"/>
<exclusive-end id="1342" timestamp="2019-08-02T20:08:39.689" durationms="1.819" />

<exclusive-start id="1343" timestamp="2019-08-02T20:08:39.699" intervalms="11.538">
  <response-info timems="0.044" idlems="0.044" threads="0" lastid="0000000001C27B00" lastname="Thread-7" />
</exclusive-start>
<af-start id="1344" threadId="0000000001C28488" totalBytesRequested="16392" timestamp="2019-08-02T20:08:39.699" intervalms="11.566" type="nursery" />
<cycle-start id="1345" type="scavenge" contextid="0" timestamp="2019-08-02T20:08:39.699" intervalms="11.562" />
<gc-start id="1346" type="scavenge" contextid="1345" timestamp="2019-08-02T20:08:39.699">
  <mem-info id="1347" free="2453544" total="10485760" percent="23">
    <mem type="nursery" free="0" total="4194304" percent="0">
      <mem type="allocate" free="0" total="2097152" percent="0" />
      <mem type="survivor" free="0" total="2097152" percent="0" />
    </mem>
    <mem type="tenure" free="2453544" total="6291456" percent="38">
      <mem type="soa" free="2265128" total="6103040" percent="37" />
      <mem type="loa" free="188416" total="188416" percent="100" />
    </mem>
    <remembered-set count="329" />
  </mem-info>
</gc-start>
<allocation-stats totalBytes="727520" >
  <allocated-bytes non-tlh="16" tlh="727504" />
  <largest-consumer threadName="Thread-7" threadId="0000000001C27B00" bytes="228288" />
</allocation-stats>
<gc-op id="1348" type="scavenge" timems="0.822" contextid="1345" timestamp="2019-08-02T20:08:39.700">
  <scavenger-info tenureage="1" tenuremask="7ffe" tiltratio="50" />
  <memory-copied type="nursery" objects="174" bytes="109016" bytesdiscarded="243008" />
  <memory-copied type="tenure" objects="2122" bytes="817424" bytesdiscarded="10848" />
</gc-op>
<heap-resize id="1349" type="expand" space="nursery" amount="262144" count="1" timems="0.018" reason="excessive time being spent scavenging" timestamp="2019-08-02T20:08:39.700" />
<gc-end id="1350" type="scavenge" contextid="1345" durationms="1.282" usertimems="0.000" systemtimems="4.000" timestamp="2019-08-02T20:08:39.700" activeThreads="8">
  <mem-info id="1351" free="3389416" total="10747904" percent="31">
    <mem type="nursery" free="1876192" total="4456448" percent="42">
      <mem type="allocate" free="1876192" total="2228224" percent="84" />
      <mem type="survivor" free="0" total="2228224" percent="0" />
    </mem>
    <mem type="tenure" free="1513224" total="6291456" percent="24">
      <mem type="soa" free="1324808" total="6103040" percent="21" />
      <mem type="loa" free="188416" total="188416" percent="100" />
    </mem>
    <remembered-set count="214" />
  </mem-info>
</gc-end>
<cycle-end id="1352" type="scavenge" contextid="1345" timestamp="2019-08-02T20:08:39.700" />
  <attribute name="elasticGC enabled" value="1" />
  <attribute name= "numThreadsSpecified" value="0" />
  <attribute name="heapSize specified" value="0" />
  <attribute name= "numCores" value="8" />
  <attribute name ="GC Interval" value="4000" />
  <attribute name ="Control flow" value="2" />
  <attribute name="GC Util Range Max" value="25" />
  <attribute name="Current GC Util" value="17" />
  <attribute name= "Current Time Running" value="1935" />
<allocation-satisfied id="1353" threadId="0000000001C27B00" bytesRequested="16392" />
<af-end id="1354" timestamp="2019-08-02T20:08:39.700" threadId="0000000001C28488" success="true" from="nursery"/>
<exclusive-end id="1355" timestamp="2019-08-02T20:08:39.701" durationms="1.841" />

<exclusive-start id="1356" timestamp="2019-08-02T20:08:39.726" intervalms="27.169">
  <response-info timems="0.043" idlems="0.043" threads="0" lastid="0000000001C2B700" lastname="Thread-8" />
</exclusive-start>
<af-start id="1357" threadId="0000000001C2C088" totalBytesRequested="8200" timestamp="2019-08-02T20:08:39.726" intervalms="27.230" type="nursery" />
<cycle-start id="1358" type="scavenge" contextid="0" timestamp="2019-08-02T20:08:39.726" intervalms="27.227" />
<gc-start id="1359" type="scavenge" contextid="1358" timestamp="2019-08-02T20:08:39.726">
  <mem-info id="1360" free="1513224" total="10747904" percent="14">
    <mem type="nursery" free="0" total="4456448" percent="0">
      <mem type="allocate" free="0" total="2228224" percent="0" />
      <mem type="survivor" free="0" total="2228224" percent="0" />
    </mem>
    <mem type="tenure" free="1513224" total="6291456" percent="24">
      <mem type="soa" free="1324808" total="6103040" percent="21" />
      <mem type="loa" free="188416" total="188416" percent="100" />
    </mem>
    <remembered-set count="444" />
  </mem-info>
</gc-start>
<allocation-stats totalBytes="1811088" >
  <allocated-bytes non-tlh="163888" tlh="1647200" />
  <largest-consumer threadName="Thread-6" threadId="0000000001C23F00" bytes="723944" />
</allocation-stats>
<gc-op id="1361" type="scavenge" timems="0.439" contextid="1358" timestamp="2019-08-02T20:08:39.727">
  <scavenger-info tenureage="2" tenuremask="7ffc" tiltratio="50" />
  <memory-copied type="nursery" objects="2104" bytes="781800" bytesdiscarded="244928" />
  <references type="weak" candidates="1" cleared="0" enqueued="0" />
  <references type="phantom" candidates="1" cleared="0" enqueued="0" />
</gc-op>
<gc-end id="1362" type="scavenge" contextid="1358" durationms="0.677" usertimems="0.000" systemtimems="0.000" timestamp="2019-08-02T20:08:39.727" activeThreads="8">
  <mem-info id="1363" free="2911272" total="10747904" percent="27">
    <mem type="nursery" free="1398048" total="4456448" percent="31">
      <mem type="allocate" free="1398048" total="2424832" percent="57" />
      <mem type="survivor" free="0" total="2031616" percent="0" />
    </mem>
    <mem type="tenure" free="1513224" total="6291456" percent="24">
      <mem type="soa" free="1324808" total="6103040" percent="21" />
      <mem type="loa" free="188416" total="188416" percent="100" />
    </mem>
    <remembered-set count="251" />
  </mem-info>
</gc-end>
<cycle-end id="1364" type="scavenge" contextid="1358" timestamp="2019-08-02T20:08:39.727" />
  <attribute name="elasticGC enabled" value="1" />
  <attribute name= "numThreadsSpecified" value="0" />
  <attribute name="heapSize specified" value="0" />
  <attribute name= "numCores" value="8" />
  <attribute name ="GC Interval" value="4000" />
  <attribute name ="Control flow" value="2" />
  <attribute name="GC Util Range Max" value="25" />
  <attribute name="Current GC Util" value="8" />
  <attribute name= "Current Time Running" value="1962" />
<allocation-satisfied id="1365" threadId="0000000001C2B700" bytesRequested="8200" />
<af-end id="1366" timestamp="2019-08-02T20:08:39.727" threadId="0000000001C2C088" success="true" from="nursery"/>
<exclusive-end id="1367" timestamp="2019-08-02T20:08:39.727" durationms="1.278" />

<exclusive-start id="1368" timestamp="2019-08-02T20:08:39.741" intervalms="15.490">
  <response-info timems="0.044" idlems="0.044" threads="0" lastid="0000000001C2B700" lastname="Thread-8" />
</exclusive-start>
<af-start id="1369" threadId="0000000001C2C088" totalBytesRequested="8200" timestamp="2019-08-02T20:08:39.742" intervalms="15.469" type="nursery" />
<cycle-start id="1370" type="scavenge" contextid="0" timestamp="2019-08-02T20:08:39.742" intervalms="15.466" />
<gc-start id="1371" type="scavenge" contextid="1370" timestamp="2019-08-02T20:08:39.742">
  <mem-info id="1372" free="1513224" total="10747904" percent="14">
    <mem type="nursery" free="0" total="4456448" percent="0">
      <mem type="allocate" free="0" total="2424832" percent="0" />
      <mem type="survivor" free="0" total="2031616" percent="0" />
    </mem>
    <mem type="tenure" free="1513224" total="6291456" percent="24">
      <mem type="soa" free="1324808" total="6103040" percent="21" />
      <mem type="loa" free="188416" total="188416" percent="100" />
    </mem>
    <remembered-set count="385" />
  </mem-info>
</gc-start>
<allocation-stats totalBytes="1354792" >
  <allocated-bytes non-tlh="155696" tlh="1199096" />
  <largest-consumer threadName="Thread-8" threadId="0000000001C2B700" bytes="695712" />
</allocation-stats>
<gc-op id="1373" type="scavenge" timems="0.466" contextid="1370" timestamp="2019-08-02T20:08:39.742">
  <scavenger-info tenureage="1" tenuremask="7ffe" tiltratio="54" />
  <memory-copied type="nursery" objects="557" bytes="369328" bytesdiscarded="282496" />
  <memory-copied type="tenure" objects="2017" bytes="777352" bytesdiscarded="11960" />
  <references type="phantom" candidates="1" cleared="0" enqueued="0" />
</gc-op>
<gc-end id="1374" type="scavenge" contextid="1370" durationms="0.671" usertimems="4.000" systemtimems="0.000" timestamp="2019-08-02T20:08:39.742" activeThreads="8">
  <mem-info id="1375" free="2613168" total="10747904" percent="24">
    <mem type="nursery" free="1969560" total="4456448" percent="44">
      <mem type="allocate" free="1969560" total="2621440" percent="75" />
      <mem type="survivor" free="0" total="1835008" percent="0" />
    </mem>
    <mem type="tenure" free="643608" total="6291456" percent="10">
      <mem type="soa" free="455192" total="6103040" percent="7" />
      <mem type="loa" free="188416" total="188416" percent="100" />
    </mem>
    <remembered-set count="243" />
  </mem-info>
</gc-end>
<cycle-end id="1376" type="scavenge" contextid="1370" timestamp="2019-08-02T20:08:39.742" />
  <attribute name="elasticGC enabled" value="1" />
  <attribute name= "numThreadsSpecified" value="0" />
  <attribute name="heapSize specified" value="0" />
  <attribute name= "numCores" value="8" />
  <attribute name ="GC Interval" value="4000" />
  <attribute name ="Control flow" value="2" />
  <attribute name="GC Util Range Max" value="25" />
  <attribute name="Current GC Util" value="9" />
  <attribute name= "Current Time Running" value="1978" />
<allocation-satisfied id="1377" threadId="0000000001C2B700" bytesRequested="8200" />
<af-end id="1378" timestamp="2019-08-02T20:08:39.743" threadId="0000000001C2C088" success="true" from="nursery"/>
<exclusive-end id="1379" timestamp="2019-08-02T20:08:39.743" durationms="1.286" />

<concurrent-kickoff id="1380" timestamp="2019-08-02T20:08:39.757">
  <kickoff reason="threshold reached" targetBytes="2340412" thresholdFreeBytes="304905"  remainingFree="265560" tenureFreeBytes="643608" nurseryFreeBytes="265560" />
</concurrent-kickoff>
<exclusive-start id="1381" timestamp="2019-08-02T20:08:39.757" intervalms="15.637">
  <response-info timems="0.042" idlems="0.042" threads="0" lastid="0000000001C1C700" lastname="Thread-4" />
</exclusive-start>
<cycle-start id="1382" type="global" contextid="0" timestamp="2019-08-02T20:08:39.757" intervalms="107.921" />
<exclusive-end id="1383" timestamp="2019-08-02T20:08:39.757" durationms="0.198" />

<exclusive-start id="1384" timestamp="2019-08-02T20:08:39.768" intervalms="10.816">
  <response-info timems="0.058" idlems="0.058" threads="0" lastid="0000000001C27B00" lastname="Thread-7" />
</exclusive-start>
<af-start id="1385" threadId="0000000001C28488" totalBytesRequested="48" timestamp="2019-08-02T20:08:39.768" intervalms="26.413" type="nursery" />
<percolate-collect id="1386" from="nursery" to="global" reason="concurrent mark exhausted" timestamp="2019-08-02T20:08:39.768"/>
<gc-start id="1387" type="global" contextid="1382" timestamp="2019-08-02T20:08:39.768">
  <mem-info id="1388" free="643608" total="10747904" percent="5">
    <mem type="nursery" free="0" total="4456448" percent="0">
      <mem type="allocate" free="0" total="2621440" percent="0" />
      <mem type="survivor" free="0" total="1835008" percent="0" />
    </mem>
    <mem type="tenure" free="643608" total="6291456" percent="10">
      <mem type="soa" free="455192" total="6103040" percent="7" />
      <mem type="loa" free="188416" total="188416" percent="100" />
    </mem>
    <remembered-set count="481" />
  </mem-info>
</gc-start>
<allocation-stats totalBytes="1962576" >
  <allocated-bytes non-tlh="188480" tlh="1774096" />
  <largest-consumer threadName="Thread-4" threadId="0000000001C1C700" bytes="577768" />
</allocation-stats>
<heap-resize id="1389" type="loa contract" space="tenure" amount="63488" count="1" timems="0.000" reason="contract underutilized loa" timestamp="2019-08-02T20:08:39.768" />
<concurrent-halted id="1390" timestamp="2019-08-02T20:08:39.768">
  <halted state="Complete" status="exhausted" />
  <traced bytesTarget="2340412" bytesTotal="2016828" bytesByMutator="701356" bytesByHelper="1315472" percent="86" />
  <cards cleaned="194" thresholdBytes="120113" />
</concurrent-halted>
<gc-op id="1391" type="rs-scan" timems="0.697" contextid="1382" timestamp="2019-08-02T20:08:39.769">
  <scan objectsFound="229" bytesTraced="24284" workStackOverflowCount="0" />
</gc-op>
<gc-op id="1392" type="card-cleaning" timems="0.471" contextid="1382" timestamp="2019-08-02T20:08:39.770">
  <card-cleaning cardsCleaned="93" bytesTraced="351316" workStackOverflowCount="0" />
</gc-op>
<gc-op id="1393" type="mark" timems="1.228" contextid="1382" timestamp="2019-08-02T20:08:39.771">
  <trace-info objectcount="2730" scancount="2412" scanbytes="427876" />
  <finalization candidates="25" enqueued="0" />
  <references type="soft" candidates="65" cleared="0" enqueued="0" dynamicThreshold="13" maxThreshold="32" />
  <references type="weak" candidates="249" cleared="0" enqueued="0" />
  <references type="phantom" candidates="71" cleared="0" enqueued="0" />
  <stringconstants candidates="3944" cleared="0"  />
</gc-op>
<gc-op id="1394" type="sweep" timems="1.008" contextid="1382" timestamp="2019-08-02T20:08:39.772" />
<gc-end id="1395" type="global" contextid="1382" durationms="4.714" usertimems="4.000" systemtimems="4.000" timestamp="2019-08-02T20:08:39.773" activeThreads="8">
  <mem-info id="1396" free="4293400" total="10747904" percent="39">
    <mem type="nursery" free="1648568" total="4456448" percent="36">
      <mem type="allocate" free="1648568" total="2621440" percent="62" />
      <mem type="survivor" free="0" total="1835008" percent="0" />
    </mem>
    <mem type="tenure" free="2644832" total="6291456" percent="42" micro-fragmented="22978" macro-fragmented="0">
      <mem type="soa" free="2519904" total="6166528" percent="40" />
      <mem type="loa" free="124928" total="124928" percent="100" />
    </mem>
    <remembered-set count="399" />
  </mem-info>
</gc-end>
<cycle-end id="1397" type="global" contextid="1382" timestamp="2019-08-02T20:08:39.773" />
  <attribute name="elasticGC enabled" value="1" />
  <attribute name= "numThreadsSpecified" value="0" />
  <attribute name="heapSize specified" value="0" />
  <attribute name= "numCores" value="8" />
  <attribute name ="GC Interval" value="4000" />
  <attribute name ="Control flow" value="2" />
  <attribute name="GC Util Range Max" value="25" />
  <attribute name="Current GC Util" value="206" />
  <attribute name= "Current Time Running" value="2008" />
<allocation-satisfied id="1398" threadId="0000000001C27B00" bytesRequested="48" />
<af-end id="1399" timestamp="2019-08-02T20:08:39.773" threadId="0000000001C28488" success="true" from="nursery"/>
<exclusive-end id="1400" timestamp="2019-08-02T20:08:39.773" durationms="5.263" />

<exclusive-start id="1401" timestamp="2019-08-02T20:08:39.789" intervalms="21.540">
  <response-info timems="0.055" idlems="0.055" threads="0" lastid="0000000001C27B00" lastname="Thread-7" />
</exclusive-start>
<af-start id="1402" threadId="0000000001C28488" totalBytesRequested="16392" timestamp="2019-08-02T20:08:39.790" intervalms="21.544" type="nursery" />
<cycle-start id="1403" type="scavenge" contextid="0" timestamp="2019-08-02T20:08:39.790" intervalms="47.962" />
<gc-start id="1404" type="scavenge" contextid="1403" timestamp="2019-08-02T20:08:39.790">
  <mem-info id="1405" free="2673856" total="10747904" percent="24">
    <mem type="nursery" free="29024" total="4456448" percent="0">
      <mem type="allocate" free="29024" total="2621440" percent="1" />
      <mem type="survivor" free="0" total="1835008" percent="0" />
    </mem>
    <mem type="tenure" free="2644832" total="6291456" percent="42">
      <mem type="soa" free="2519904" total="6166528" percent="40" />
      <mem type="loa" free="124928" total="124928" percent="100" />
    </mem>
    <remembered-set count="436" />
  </mem-info>
</gc-start>
<allocation-stats totalBytes="1548280" >
  <allocated-bytes non-tlh="542072" tlh="1006208" />
  <largest-consumer threadName="Thread-3" threadId="0000000001C18B00" bytes="407512" />
</allocation-stats>
<gc-op id="1406" type="scavenge" timems="1.203" contextid="1403" timestamp="2019-08-02T20:08:39.791">
  <scavenger-info tenureage="1" tenuremask="7ffe" tiltratio="58" />
  <memory-copied type="nursery" objects="2862" bytes="1134616" bytesdiscarded="215432" />
  <memory-copied type="tenure" objects="333" bytes="154784" bytesdiscarded="1168" />
  <references type="phantom" candidates="1" cleared="0" enqueued="0" />
</gc-op>
<gc-end id="1407" type="scavenge" contextid="1403" durationms="1.585" usertimems="4.000" systemtimems="0.000" timestamp="2019-08-02T20:08:39.791" activeThreads="8">
  <mem-info id="1408" free="3492640" total="10747904" percent="32">
    <mem type="nursery" free="1009160" total="4456448" percent="22">
      <mem type="allocate" free="1009160" total="2359296" percent="42" />
      <mem type="survivor" free="0" total="2097152" percent="0" />
    </mem>
    <mem type="tenure" free="2483480" total="6291456" percent="39">
      <mem type="soa" free="2358552" total="6166528" percent="38" />
      <mem type="loa" free="124928" total="124928" percent="100" />
    </mem>
    <remembered-set count="244" />
  </mem-info>
</gc-end>
<cycle-end id="1409" type="scavenge" contextid="1403" timestamp="2019-08-02T20:08:39.791" />
  <attribute name="elasticGC enabled" value="1" />
  <attribute name= "numThreadsSpecified" value="0" />
  <attribute name="heapSize specified" value="0" />
  <attribute name= "numCores" value="8" />
  <attribute name ="GC Interval" value="4000" />
  <attribute name ="Control flow" value="2" />
  <attribute name="GC Util Range Max" value="25" />
  <attribute name="Current GC Util" value="30" />
  <attribute name= "Current Time Running" value="2026" />
<allocation-satisfied id="1410" threadId="0000000001C27B00" bytesRequested="16392" />
<af-end id="1411" timestamp="2019-08-02T20:08:39.791" threadId="0000000001C28488" success="true" from="nursery"/>
<exclusive-end id="1412" timestamp="2019-08-02T20:08:39.791" durationms="2.140" />

<exclusive-start id="1413" timestamp="2019-08-02T20:08:39.813" intervalms="23.165">
  <response-info timems="0.052" idlems="0.052" threads="0" lastid="0000000001C2B700" lastname="Thread-8" />
</exclusive-start>
<af-start id="1414" threadId="0000000001C2C088" totalBytesRequested="16" timestamp="2019-08-02T20:08:39.813" intervalms="23.148" type="nursery" />
<cycle-start id="1415" type="scavenge" contextid="0" timestamp="2019-08-02T20:08:39.813" intervalms="23.167" />
<gc-start id="1416" type="scavenge" contextid="1415" timestamp="2019-08-02T20:08:39.813">
  <mem-info id="1417" free="2483480" total="10747904" percent="23">
    <mem type="nursery" free="0" total="4456448" percent="0">
      <mem type="allocate" free="0" total="2359296" percent="0" />
      <mem type="survivor" free="0" total="2097152" percent="0" />
    </mem>
    <mem type="tenure" free="2483480" total="6291456" percent="39">
      <mem type="soa" free="2358552" total="6166528" percent="38" />
      <mem type="loa" free="124928" total="124928" percent="100" />
    </mem>
    <remembered-set count="379" />
  </mem-info>
</gc-start>
<allocation-stats totalBytes="1008392" >
  <allocated-bytes non-tlh="49168" tlh="959224" />
  <largest-consumer threadName="Thread-7" threadId="0000000001C27B00" bytes="400968" />
</allocation-stats>
<gc-op id="1418" type="scavenge" timems="0.585" contextid="1415" timestamp="2019-08-02T20:08:39.814">
  <scavenger-info tenureage="1" tenuremask="7ffe" tiltratio="52" />
  <memory-copied type="nursery" objects="905" bytes="286800" bytesdiscarded="419608" />
  <memory-copied type="tenure" objects="2784" bytes="1128976" bytesdiscarded="24376" />
</gc-op>
<gc-end id="1419" type="scavenge" contextid="1415" durationms="0.787" usertimems="0.000" systemtimems="0.000" timestamp="2019-08-02T20:08:39.814" activeThreads="8">
  <mem-info id="1420" free="3136944" total="10747904" percent="29">
    <mem type="nursery" free="1849488" total="4456448" percent="41">
      <mem type="allocate" free="1849488" total="2555904" percent="72" />
      <mem type="survivor" free="0" total="1900544" percent="0" />
    </mem>
    <mem type="tenure" free="1287456" total="6291456" percent="20">
      <mem type="soa" free="1162528" total="6166528" percent="18" />
      <mem type="loa" free="124928" total="124928" percent="100" />
    </mem>
    <remembered-set count="258" />
  </mem-info>
</gc-end>
<cycle-end id="1421" type="scavenge" contextid="1415" timestamp="2019-08-02T20:08:39.814" />
  <attribute name="elasticGC enabled" value="1" />
  <attribute name= "numThreadsSpecified" value="0" />
  <attribute name="heapSize specified" value="0" />
  <attribute name= "numCores" value="8" />
  <attribute name ="GC Interval" value="4000" />
  <attribute name ="Control flow" value="2" />
  <attribute name="GC Util Range Max" value="25" />
  <attribute name="Current GC Util" value="14" />
  <attribute name= "Current Time Running" value="2049" />
<allocation-satisfied id="1422" threadId="0000000001C2B700" bytesRequested="16" />
<af-end id="1423" timestamp="2019-08-02T20:08:39.814" threadId="0000000001C2C088" success="true" from="nursery"/>
<exclusive-end id="1424" timestamp="2019-08-02T20:08:39.814" durationms="1.317" />

<exclusive-start id="1425" timestamp="2019-08-02T20:08:39.840" intervalms="27.450">
  <response-info timems="0.088" idlems="0.045" threads="1" lastid="0000000001C23F00" lastname="Thread-6" />
</exclusive-start>
<af-start id="1426" threadId="0000000001C33888" totalBytesRequested="16392" timestamp="2019-08-02T20:08:39.840" intervalms="27.395" type="nursery" />
<cycle-start id="1427" type="scavenge" contextid="0" timestamp="2019-08-02T20:08:39.840" intervalms="27.378" />
<gc-start id="1428" type="scavenge" contextid="1427" timestamp="2019-08-02T20:08:39.840">
  <mem-info id="1429" free="1287456" total="10747904" percent="11">
    <mem type="nursery" free="0" total="4456448" percent="0">
      <mem type="allocate" free="0" total="2555904" percent="0" />
      <mem type="survivor" free="0" total="1900544" percent="0" />
    </mem>
    <mem type="tenure" free="1287456" total="6291456" percent="20">
      <mem type="soa" free="1162528" total="6166528" percent="18" />
      <mem type="loa" free="124928" total="124928" percent="100" />
    </mem>
    <remembered-set count="472" />
  </mem-info>
</gc-start>
<allocation-stats totalBytes="1838808" >
  <allocated-bytes non-tlh="147512" tlh="1691296" />
  <largest-consumer threadName="Thread-3" threadId="0000000001C18B00" bytes="490480" />
</allocation-stats>
<gc-op id="1430" type="scavenge" timems="0.563" contextid="1427" timestamp="2019-08-02T20:08:39.841">
  <scavenger-info tenureage="1" tenuremask="7ffe" tiltratio="57" />
  <memory-copied type="nursery" objects="2052" bytes="778088" bytesdiscarded="361152" />
  <memory-copied type="tenure" objects="821" bytes="282200" bytesdiscarded="2336" />
  <references type="weak" candidates="1" cleared="0" enqueued="0" />
  <references type="phantom" candidates="1" cleared="0" enqueued="0" />
</gc-op>
<gc-end id="1431" type="scavenge" contextid="1427" durationms="0.792" usertimems="4.000" systemtimems="0.000" timestamp="2019-08-02T20:08:39.841" activeThreads="8">
  <mem-info id="1432" free="2486928" total="10747904" percent="23">
    <mem type="nursery" free="1482128" total="4456448" percent="33">
      <mem type="allocate" free="1482128" total="2621440" percent="56" />
      <mem type="survivor" free="0" total="1835008" percent="0" />
    </mem>
    <mem type="tenure" free="1004800" total="6291456" percent="15">
      <mem type="soa" free="879872" total="6166528" percent="14" />
      <mem type="loa" free="124928" total="124928" percent="100" />
    </mem>
    <remembered-set count="275" />
  </mem-info>
</gc-end>
<cycle-end id="1433" type="scavenge" contextid="1427" timestamp="2019-08-02T20:08:39.841" />
  <attribute name="elasticGC enabled" value="1" />
  <attribute name= "numThreadsSpecified" value="0" />
  <attribute name="heapSize specified" value="0" />
  <attribute name= "numCores" value="8" />
  <attribute name ="GC Interval" value="4000" />
  <attribute name ="Control flow" value="2" />
  <attribute name="GC Util Range Max" value="25" />
  <attribute name="Current GC Util" value="8" />
  <attribute name= "Current Time Running" value="2076" />
<allocation-satisfied id="1434" threadId="0000000001C32F00" bytesRequested="16392" />
<af-end id="1435" timestamp="2019-08-02T20:08:39.841" threadId="0000000001C33888" success="true" from="nursery"/>
<exclusive-end id="1436" timestamp="2019-08-02T20:08:39.841" durationms="1.303" />

<concurrent-kickoff id="1437" timestamp="2019-08-02T20:08:39.858">
  <kickoff reason="threshold reached" targetBytes="2275499" thresholdFreeBytes="298332"  remainingFree="265608" tenureFreeBytes="1004800" nurseryFreeBytes="265608" />
</concurrent-kickoff>
<exclusive-start id="1438" timestamp="2019-08-02T20:08:39.858" intervalms="18.437">
  <response-info timems="0.070" idlems="0.070" threads="0" lastid="0000000001C27B00" lastname="Thread-7" />
</exclusive-start>
<cycle-start id="1439" type="global" contextid="0" timestamp="2019-08-02T20:08:39.859" intervalms="101.361" />
<exclusive-end id="1440" timestamp="2019-08-02T20:08:39.859" durationms="0.135" />

<exclusive-start id="1441" timestamp="2019-08-02T20:08:39.861" intervalms="2.613">
  <response-info timems="0.072" idlems="0.072" threads="0" lastid="0000000001C1C700" lastname="Thread-4" />
</exclusive-start>
<af-start id="1442" threadId="0000000001C1D088" totalBytesRequested="48" timestamp="2019-08-02T20:08:39.861" intervalms="21.033" type="nursery" />
<cycle-start id="1443" type="scavenge" contextid="0" timestamp="2019-08-02T20:08:39.861" intervalms="21.027" />
<gc-start id="1444" type="scavenge" contextid="1443" timestamp="2019-08-02T20:08:39.861">
  <mem-info id="1445" free="1004800" total="10747904" percent="9">
    <mem type="nursery" free="0" total="4456448" percent="0">
      <mem type="allocate" free="0" total="2621440" percent="0" />
      <mem type="survivor" free="0" total="1835008" percent="0" />
    </mem>
    <mem type="tenure" free="1004800" total="6291456" percent="15">
      <mem type="soa" free="879872" total="6166528" percent="14" />
      <mem type="loa" free="124928" total="124928" percent="100" />
    </mem>
    <remembered-set count="430" />
  </mem-info>
</gc-start>
<allocation-stats totalBytes="1434360" >
  <allocated-bytes non-tlh="131112" tlh="1303248" />
  <largest-consumer threadName="Thread-10" threadId="0000000001C32F00" bytes="507856" />
</allocation-stats>
<gc-op id="1446" type="scavenge" timems="0.503" contextid="1443" timestamp="2019-08-02T20:08:39.862">
  <scavenger-info tenureage="1" tenuremask="7ffe" tiltratio="58" />
  <memory-copied type="nursery" objects="928" bytes="461824" bytesdiscarded="322592" />
  <memory-copied type="tenure" objects="1337" bytes="547080" bytesdiscarded="1432" />
  <references type="weak" candidates="1" cleared="0" enqueued="0" />
  <references type="phantom" candidates="2" cleared="0" enqueued="0" />
</gc-op>
<gc-end id="1447" type="scavenge" contextid="1443" durationms="0.704" usertimems="0.000" systemtimems="0.000" timestamp="2019-08-02T20:08:39.862" activeThreads="8">
  <mem-info id="1448" free="2306256" total="10747904" percent="21">
    <mem type="nursery" free="2033592" total="4456448" percent="45">
      <mem type="allocate" free="2033592" total="2818048" percent="72" />
      <mem type="survivor" free="0" total="1638400" percent="0" />
    </mem>
    <mem type="tenure" free="272664" total="6291456" percent="4">
      <mem type="soa" free="147736" total="6166528" percent="2" />
      <mem type="loa" free="124928" total="124928" percent="100" />
    </mem>
    <remembered-set count="235" />
  </mem-info>
</gc-end>
<cycle-end id="1449" type="scavenge" contextid="1443" timestamp="2019-08-02T20:08:39.862" />
  <attribute name="elasticGC enabled" value="1" />
  <attribute name= "numThreadsSpecified" value="0" />
  <attribute name="heapSize specified" value="0" />
  <attribute name= "numCores" value="8" />
  <attribute name ="GC Interval" value="4000" />
  <attribute name ="Control flow" value="2" />
  <attribute name="GC Util Range Max" value="25" />
  <attribute name="Current GC Util" value="10" />
  <attribute name= "Current Time Running" value="2097" />
<allocation-satisfied id="1450" threadId="0000000001C1C700" bytesRequested="48" />
<af-end id="1451" timestamp="2019-08-02T20:08:39.862" threadId="0000000001C1D088" success="true" from="nursery"/>
<exclusive-end id="1452" timestamp="2019-08-02T20:08:39.862" durationms="1.184" />

<exclusive-start id="1453" timestamp="2019-08-02T20:08:39.873" intervalms="12.382">
  <response-info timems="0.058" idlems="0.058" threads="0" lastid="0000000001C20300" lastname="Thread-5" />
</exclusive-start>
<af-start id="1454" threadId="0000000001C20C88" totalBytesRequested="32776" timestamp="2019-08-02T20:08:39.874" intervalms="12.388" type="nursery" />
<percolate-collect id="1455" from="nursery" to="global" reason="concurrent mark exhausted" timestamp="2019-08-02T20:08:39.874"/>
<gc-start id="1456" type="global" contextid="1439" timestamp="2019-08-02T20:08:39.874">
  <mem-info id="1457" free="272664" total="10747904" percent="2">
    <mem type="nursery" free="0" total="4456448" percent="0">
      <mem type="allocate" free="0" total="2818048" percent="0" />
      <mem type="survivor" free="0" total="1638400" percent="0" />
    </mem>
    <mem type="tenure" free="272664" total="6291456" percent="4">
      <mem type="soa" free="147736" total="6166528" percent="2" />
      <mem type="loa" free="124928" total="124928" percent="100" />
    </mem>
    <remembered-set count="346" />
  </mem-info>
</gc-start>
<allocation-stats totalBytes="1960912" >
  <allocated-bytes non-tlh="229488" tlh="1731424" />
  <largest-consumer threadName="Thread-3" threadId="0000000001C18B00" bytes="492872" />
</allocation-stats>
<heap-resize id="1458" type="loa contract" space="tenure" amount="62464" count="1" timems="0.000" reason="contract underutilized loa" timestamp="2019-08-02T20:08:39.874" />
<concurrent-halted id="1459" timestamp="2019-08-02T20:08:39.874">
  <halted state="Complete" status="exhausted" />
  <traced bytesTarget="2275499" bytesTotal="1919992" bytesByMutator="652224" bytesByHelper="1267768" percent="84" />
  <cards cleaned="225" thresholdBytes="117524" />
</concurrent-halted>
<gc-op id="1460" type="rs-scan" timems="0.512" contextid="1439" timestamp="2019-08-02T20:08:39.874">
  <scan objectsFound="182" bytesTraced="26004" workStackOverflowCount="0" />
</gc-op>
<gc-op id="1461" type="card-cleaning" timems="0.496" contextid="1439" timestamp="2019-08-02T20:08:39.875">
  <card-cleaning cardsCleaned="84" bytesTraced="734156" workStackOverflowCount="0" />
</gc-op>
<gc-op id="1462" type="mark" timems="0.946" contextid="1439" timestamp="2019-08-02T20:08:39.876">
  <trace-info objectcount="1502" scancount="1342" scanbytes="220916" />
  <finalization candidates="25" enqueued="0" />
  <references type="soft" candidates="65" cleared="0" enqueued="0" dynamicThreshold="13" maxThreshold="32" />
  <references type="weak" candidates="249" cleared="0" enqueued="0" />
  <references type="phantom" candidates="72" cleared="0" enqueued="0" />
  <stringconstants candidates="3944" cleared="0"  />
</gc-op>
<gc-op id="1463" type="sweep" timems="0.748" contextid="1439" timestamp="2019-08-02T20:08:39.877" />
<gc-end id="1464" type="global" contextid="1439" durationms="3.763" usertimems="8.000" systemtimems="0.000" timestamp="2019-08-02T20:08:39.877" activeThreads="8">
  <mem-info id="1465" free="3963960" total="10747904" percent="36">
    <mem type="nursery" free="1537624" total="4456448" percent="34">
      <mem type="allocate" free="1537624" total="2818048" percent="54" />
      <mem type="survivor" free="0" total="1638400" percent="0" />
    </mem>
    <mem type="tenure" free="2426336" total="6291456" percent="38" micro-fragmented="139876" macro-fragmented="0">
      <mem type="soa" free="2426336" total="6291456" percent="38" />
      <mem type="loa" free="0" total="0" percent="0" />
    </mem>
    <remembered-set count="310" />
  </mem-info>
</gc-end>
<cycle-end id="1466" type="global" contextid="1439" timestamp="2019-08-02T20:08:39.877" />
  <attribute name="elasticGC enabled" value="1" />
  <attribute name= "numThreadsSpecified" value="0" />
  <attribute name="heapSize specified" value="0" />
  <attribute name= "numCores" value="8" />
  <attribute name ="GC Interval" value="4000" />
  <attribute name ="Control flow" value="2" />
  <attribute name="GC Util Range Max" value="25" />
  <attribute name="Current GC Util" value="234" />
  <attribute name= "Current Time Running" value="2113" />
<allocation-satisfied id="1467" threadId="0000000001C20300" bytesRequested="32776" />
<af-end id="1468" timestamp="2019-08-02T20:08:39.878" threadId="0000000001C20C88" success="true" from="nursery"/>
<exclusive-end id="1469" timestamp="2019-08-02T20:08:39.878" durationms="4.206" />

<exclusive-start id="1470" timestamp="2019-08-02T20:08:39.917" intervalms="43.835">
  <response-info timems="0.053" idlems="0.053" threads="0" lastid="0000000001C27B00" lastname="Thread-7" />
</exclusive-start>
<af-start id="1471" threadId="0000000001C28488" totalBytesRequested="48" timestamp="2019-08-02T20:08:39.917" intervalms="43.960" type="nursery" />
<cycle-start id="1472" type="scavenge" contextid="0" timestamp="2019-08-02T20:08:39.918" intervalms="56.371" />
<gc-start id="1473" type="scavenge" contextid="1472" timestamp="2019-08-02T20:08:39.918">
  <mem-info id="1474" free="2426336" total="10747904" percent="22">
    <mem type="nursery" free="0" total="4456448" percent="0">
      <mem type="allocate" free="0" total="2818048" percent="0" />
      <mem type="survivor" free="0" total="1638400" percent="0" />
    </mem>
    <mem type="tenure" free="2426336" total="6291456" percent="38">
      <mem type="soa" free="2426336" total="6291456" percent="38" />
      <mem type="loa" free="0" total="0" percent="0" />
    </mem>
    <remembered-set count="412" />
  </mem-info>
</gc-start>
<allocation-stats totalBytes="1468408" >
  <allocated-bytes non-tlh="454872" tlh="1013536" />
  <largest-consumer threadName="Thread-5" threadId="0000000001C20300" bytes="669640" />
</allocation-stats>
<gc-op id="1475" type="scavenge" timems="1.218" contextid="1472" timestamp="2019-08-02T20:08:39.919">
  <scavenger-info tenureage="1" tenuremask="7ffe" tiltratio="63" />
  <memory-copied type="nursery" objects="3148" bytes="1275216" bytesdiscarded="284552" />
  <memory-copied type="tenure" objects="676" bytes="247248" bytesdiscarded="5384" />
  <references type="phantom" candidates="1" cleared="0" enqueued="0" />
</gc-op>
<gc-end id="1476" type="scavenge" contextid="1472" durationms="1.614" usertimems="4.000" systemtimems="0.000" timestamp="2019-08-02T20:08:39.919" activeThreads="8">
  <mem-info id="1477" free="2831792" total="10747904" percent="26">
    <mem type="nursery" free="668352" total="4456448" percent="14">
      <mem type="allocate" free="668352" total="2228224" percent="29" />
      <mem type="survivor" free="0" total="2228224" percent="0" />
    </mem>
    <mem type="tenure" free="2163440" total="6291456" percent="34">
      <mem type="soa" free="2163440" total="6291456" percent="34" />
      <mem type="loa" free="0" total="0" percent="0" />
    </mem>
    <remembered-set count="232" />
  </mem-info>
</gc-end>
<cycle-end id="1478" type="scavenge" contextid="1472" timestamp="2019-08-02T20:08:39.919" />
  <attribute name="elasticGC enabled" value="1" />
  <attribute name= "numThreadsSpecified" value="0" />
  <attribute name="heapSize specified" value="0" />
  <attribute name= "numCores" value="8" />
  <attribute name ="GC Interval" value="4000" />
  <attribute name ="Control flow" value="2" />
  <attribute name="GC Util Range Max" value="25" />
  <attribute name="Current GC Util" value="11" />
  <attribute name= "Current Time Running" value="2154" />
<allocation-satisfied id="1479" threadId="0000000001C27B00" bytesRequested="48" />
<af-end id="1480" timestamp="2019-08-02T20:08:39.919" threadId="0000000001C28488" success="true" from="nursery"/>
<exclusive-end id="1481" timestamp="2019-08-02T20:08:39.919" durationms="2.257" />

<exclusive-start id="1482" timestamp="2019-08-02T20:08:39.933" intervalms="16.248">
  <response-info timems="0.073" idlems="0.073" threads="0" lastid="0000000001C20300" lastname="Thread-5" />
</exclusive-start>
<af-start id="1483" threadId="0000000001C20C88" totalBytesRequested="16392" timestamp="2019-08-02T20:08:39.934" intervalms="16.135" type="nursery" />
<cycle-start id="1484" type="scavenge" contextid="0" timestamp="2019-08-02T20:08:39.934" intervalms="16.115" />
<gc-start id="1485" type="scavenge" contextid="1484" timestamp="2019-08-02T20:08:39.934">
  <mem-info id="1486" free="2163440" total="10747904" percent="20">
    <mem type="nursery" free="0" total="4456448" percent="0">
      <mem type="allocate" free="0" total="2228224" percent="0" />
      <mem type="survivor" free="0" total="2228224" percent="0" />
    </mem>
    <mem type="tenure" free="2163440" total="6291456" percent="34">
      <mem type="soa" free="2163440" total="6291456" percent="34" />
      <mem type="loa" free="0" total="0" percent="0" />
    </mem>
    <remembered-set count="359" />
  </mem-info>
</gc-start>
<allocation-stats totalBytes="644664" >
  <allocated-bytes non-tlh="48" tlh="644616" />
  <largest-consumer threadName="Thread-5" threadId="0000000001C20300" bytes="159008" />
</allocation-stats>
<gc-op id="1487" type="scavenge" timems="0.504" contextid="1484" timestamp="2019-08-02T20:08:39.934">
  <scavenger-info tenureage="1" tenuremask="7ffe" tiltratio="50" />
  <memory-copied type="nursery" objects="235" bytes="66384" bytesdiscarded="243888" />
  <memory-copied type="tenure" objects="2520" bytes="1068424" bytesdiscarded="12152" />
</gc-op>
<gc-end id="1488" type="scavenge" contextid="1484" durationms="0.690" usertimems="0.000" systemtimems="4.000" timestamp="2019-08-02T20:08:39.934" activeThreads="8">
  <mem-info id="1489" free="3118464" total="10747904" percent="29">
    <mem type="nursery" free="2049024" total="4456448" percent="45">
      <mem type="allocate" free="2049024" total="2359296" percent="86" />
      <mem type="survivor" free="0" total="2097152" percent="0" />
    </mem>
    <mem type="tenure" free="1069440" total="6291456" percent="16">
      <mem type="soa" free="1069440" total="6291456" percent="16" />
      <mem type="loa" free="0" total="0" percent="0" />
    </mem>
    <remembered-set count="250" />
  </mem-info>
</gc-end>
<cycle-end id="1490" type="scavenge" contextid="1484" timestamp="2019-08-02T20:08:39.934" />
  <attribute name="elasticGC enabled" value="1" />
  <attribute name= "numThreadsSpecified" value="0" />
  <attribute name="heapSize specified" value="0" />
  <attribute name= "numCores" value="8" />
  <attribute name ="GC Interval" value="4000" />
  <attribute name ="Control flow" value="2" />
  <attribute name="GC Util Range Max" value="25" />
  <attribute name="Current GC Util" value="22" />
  <attribute name= "Current Time Running" value="2170" />
<allocation-satisfied id="1491" threadId="0000000001C20300" bytesRequested="16392" />
<af-end id="1492" timestamp="2019-08-02T20:08:39.935" threadId="0000000001C20C88" success="true" from="nursery"/>
<exclusive-end id="1493" timestamp="2019-08-02T20:08:39.935" durationms="1.122" />

<concurrent-kickoff id="1494" timestamp="2019-08-02T20:08:39.945">
  <kickoff reason="threshold reached" targetBytes="2204162" thresholdFreeBytes="292208"  remainingFree="283560" tenureFreeBytes="1069440" nurseryFreeBytes="283560" />
</concurrent-kickoff>
<exclusive-start id="1495" timestamp="2019-08-02T20:08:39.945" intervalms="11.732">
  <response-info timems="0.172" idlems="0.095" threads="1" lastid="0000000001C23F00" lastname="Thread-6" />
</exclusive-start>
<cycle-start id="1496" type="global" contextid="0" timestamp="2019-08-02T20:08:39.945" intervalms="86.774" />
<exclusive-end id="1497" timestamp="2019-08-02T20:08:39.945" durationms="0.124" />

<exclusive-start id="1498" timestamp="2019-08-02T20:08:39.953" intervalms="7.679">
  <response-info timems="0.099" idlems="0.099" threads="0" lastid="0000000001C32F00" lastname="Thread-10" />
</exclusive-start>
<af-start id="1499" threadId="0000000001C33888" totalBytesRequested="48" timestamp="2019-08-02T20:08:39.953" intervalms="19.410" type="nursery" />
<cycle-start id="1500" type="scavenge" contextid="0" timestamp="2019-08-02T20:08:39.953" intervalms="19.414" />
<gc-start id="1501" type="scavenge" contextid="1500" timestamp="2019-08-02T20:08:39.953">
  <mem-info id="1502" free="1069440" total="10747904" percent="9">
    <mem type="nursery" free="0" total="4456448" percent="0">
      <mem type="allocate" free="0" total="2359296" percent="0" />
      <mem type="survivor" free="0" total="2097152" percent="0" />
    </mem>
    <mem type="tenure" free="1069440" total="6291456" percent="16">
      <mem type="soa" free="1069440" total="6291456" percent="16" />
      <mem type="loa" free="0" total="0" percent="0" />
    </mem>
    <remembered-set count="456" />
  </mem-info>
</gc-start>
<allocation-stats totalBytes="2003608" >
  <allocated-bytes non-tlh="254040" tlh="1749568" />
  <largest-consumer threadName="Thread-8" threadId="0000000001C2B700" bytes="483192" />
</allocation-stats>
<gc-op id="1503" type="scavenge" timems="0.413" contextid="1500" timestamp="2019-08-02T20:08:39.954">
  <scavenger-info tenureage="2" tenuremask="7ffc" tiltratio="52" />
  <memory-copied type="nursery" objects="2599" bytes="1047880" bytesdiscarded="294344" />
</gc-op>
<gc-end id="1504" type="scavenge" contextid="1500" durationms="0.620" usertimems="4.000" systemtimems="0.000" timestamp="2019-08-02T20:08:39.954" activeThreads="8">
  <mem-info id="1505" free="1955352" total="10747904" percent="18">
    <mem type="nursery" free="885912" total="4456448" percent="19">
      <mem type="allocate" free="885912" total="2228224" percent="39" />
      <mem type="survivor" free="0" total="2228224" percent="0" />
    </mem>
    <mem type="tenure" free="1069440" total="6291456" percent="16">
      <mem type="soa" free="1069440" total="6291456" percent="16" />
      <mem type="loa" free="0" total="0" percent="0" />
    </mem>
    <remembered-set count="288" />
  </mem-info>
</gc-end>
<cycle-end id="1506" type="scavenge" contextid="1500" timestamp="2019-08-02T20:08:39.954" />
  <attribute name="elasticGC enabled" value="1" />
  <attribute name= "numThreadsSpecified" value="0" />
  <attribute name="heapSize specified" value="0" />
  <attribute name= "numCores" value="8" />
  <attribute name ="GC Interval" value="4000" />
  <attribute name ="Control flow" value="2" />
  <attribute name="GC Util Range Max" value="25" />
  <attribute name="Current GC Util" value="9" />
  <attribute name= "Current Time Running" value="2189" />
<allocation-satisfied id="1507" threadId="0000000001C32F00" bytesRequested="48" />
<af-end id="1508" timestamp="2019-08-02T20:08:39.954" threadId="0000000001C33888" success="true" from="nursery"/>
<exclusive-end id="1509" timestamp="2019-08-02T20:08:39.954" durationms="1.121" />

<exclusive-start id="1510" timestamp="2019-08-02T20:08:39.966" intervalms="13.246">
  <response-info timems="0.078" idlems="0.078" threads="0" lastid="0000000001C18B00" lastname="Thread-3" />
</exclusive-start>
<af-start id="1511" threadId="0000000001C19488" totalBytesRequested="16392" timestamp="2019-08-02T20:08:39.966" intervalms="13.257" type="nursery" />
<cycle-start id="1512" type="scavenge" contextid="0" timestamp="2019-08-02T20:08:39.966" intervalms="13.257" />
<gc-start id="1513" type="scavenge" contextid="1512" timestamp="2019-08-02T20:08:39.966">
  <mem-info id="1514" free="1069440" total="10747904" percent="9">
    <mem type="nursery" free="0" total="4456448" percent="0">
      <mem type="allocate" free="0" total="2228224" percent="0" />
      <mem type="survivor" free="0" total="2228224" percent="0" />
    </mem>
    <mem type="tenure" free="1069440" total="6291456" percent="16">
      <mem type="soa" free="1069440" total="6291456" percent="16" />
      <mem type="loa" free="0" total="0" percent="0" />
    </mem>
    <remembered-set count="354" />
  </mem-info>
</gc-start>
<allocation-stats totalBytes="849128" >
  <allocated-bytes non-tlh="81992" tlh="767136" />
  <largest-consumer threadName="Thread-5" threadId="0000000001C20300" bytes="435104" />
</allocation-stats>
<gc-op id="1515" type="scavenge" timems="0.899" contextid="1512" timestamp="2019-08-02T20:08:39.967">
  <scavenger-info tenureage="1" tenuremask="7ffe" tiltratio="50" />
  <memory-copied type="nursery" objects="784" bytes="328320" bytesdiscarded="191144" />
  <memory-copied type="tenure" objects="2033" bytes="830536" bytesdiscarded="12856" />
  <references type="weak" candidates="1" cleared="0" enqueued="0" />
  <references type="phantom" candidates="2" cleared="0" enqueued="0" />
</gc-op>
<gc-end id="1516" type="scavenge" contextid="1512" durationms="1.276" usertimems="4.000" systemtimems="0.000" timestamp="2019-08-02T20:08:39.968" activeThreads="8">
  <mem-info id="1517" free="1979584" total="10747904" percent="18">
    <mem type="nursery" free="1905344" total="4456448" percent="42">
      <mem type="allocate" free="1905344" total="2424832" percent="78" />
      <mem type="survivor" free="0" total="2031616" percent="0" />
    </mem>
    <mem type="tenure" free="74240" total="6291456" percent="1">
      <mem type="soa" free="74240" total="6291456" percent="1" />
      <mem type="loa" free="0" total="0" percent="0" />
    </mem>
    <remembered-set count="237" />
  </mem-info>
</gc-end>
<cycle-end id="1518" type="scavenge" contextid="1512" timestamp="2019-08-02T20:08:39.968" />
  <attribute name="elasticGC enabled" value="1" />
  <attribute name= "numThreadsSpecified" value="0" />
  <attribute name="heapSize specified" value="0" />
  <attribute name= "numCores" value="8" />
  <attribute name ="GC Interval" value="4000" />
  <attribute name ="Control flow" value="2" />
  <attribute name="GC Util Range Max" value="25" />
  <attribute name="Current GC Util" value="12" />
  <attribute name= "Current Time Running" value="2202" />
<allocation-satisfied id="1519" threadId="0000000001C18B00" bytesRequested="16392" />
<af-end id="1520" timestamp="2019-08-02T20:08:39.968" threadId="0000000001C19488" success="true" from="nursery"/>
<exclusive-end id="1521" timestamp="2019-08-02T20:08:39.968" durationms="1.863" />

<exclusive-start id="1522" timestamp="2019-08-02T20:08:39.992" intervalms="25.849">
  <response-info timems="0.046" idlems="0.046" threads="0" lastid="0000000001C32F00" lastname="Thread-10" />
</exclusive-start>
<af-start id="1523" threadId="0000000001C33888" totalBytesRequested="32776" timestamp="2019-08-02T20:08:39.992" intervalms="25.833" type="nursery" />
<percolate-collect id="1524" from="nursery" to="global" reason="concurrent mark exhausted" timestamp="2019-08-02T20:08:39.992"/>
<gc-start id="1525" type="global" contextid="1496" timestamp="2019-08-02T20:08:39.992">
  <mem-info id="1526" free="74240" total="10747904" percent="0">
    <mem type="nursery" free="0" total="4456448" percent="0">
      <mem type="allocate" free="0" total="2424832" percent="0" />
      <mem type="survivor" free="0" total="2031616" percent="0" />
    </mem>
    <mem type="tenure" free="74240" total="6291456" percent="1">
      <mem type="soa" free="74240" total="6291456" percent="1" />
      <mem type="loa" free="0" total="0" percent="0" />
    </mem>
    <remembered-set count="349" />
  </mem-info>
</gc-start>
<allocation-stats totalBytes="1852096" >
  <allocated-bytes non-tlh="213064" tlh="1639032" />
  <largest-consumer threadName="Thread-8" threadId="0000000001C2B700" bytes="443288" />
</allocation-stats>
<concurrent-halted id="1527" timestamp="2019-08-02T20:08:39.992">
  <halted state="Complete" status="exhausted" />
  <traced bytesTarget="2204162" bytesTotal="2250412" bytesByMutator="1492836" bytesByHelper="757576" percent="102" />
  <cards cleaned="420" thresholdBytes="115112" />
</concurrent-halted>
<gc-op id="1528" type="rs-scan" timems="0.171" contextid="1496" timestamp="2019-08-02T20:08:39.993">
  <scan objectsFound="219" bytesTraced="34172" workStackOverflowCount="0" />
</gc-op>
<gc-op id="1529" type="card-cleaning" timems="0.183" contextid="1496" timestamp="2019-08-02T20:08:39.993">
  <card-cleaning cardsCleaned="33" bytesTraced="573840" workStackOverflowCount="0" />
</gc-op>
<gc-op id="1530" type="mark" timems="0.525" contextid="1496" timestamp="2019-08-02T20:08:39.993">
  <trace-info objectcount="1615" scancount="1434" scanbytes="222408" />
  <finalization candidates="25" enqueued="0" />
  <references type="soft" candidates="65" cleared="0" enqueued="0" dynamicThreshold="12" maxThreshold="32" />
  <references type="weak" candidates="249" cleared="0" enqueued="0" />
  <references type="phantom" candidates="72" cleared="0" enqueued="0" />
  <stringconstants candidates="3944" cleared="0"  />
</gc-op>
<gc-op id="1531" type="sweep" timems="0.249" contextid="1496" timestamp="2019-08-02T20:08:39.994" />
<gc-end id="1532" type="global" contextid="1496" durationms="1.901" usertimems="0.000" systemtimems="4.000" timestamp="2019-08-02T20:08:39.994" activeThreads="8">
  <mem-info id="1533" free="3830640" total="10747904" percent="35">
    <mem type="nursery" free="1411824" total="4456448" percent="31">
      <mem type="allocate" free="1411824" total="2424832" percent="58" />
      <mem type="survivor" free="0" total="2031616" percent="0" />
    </mem>
    <mem type="tenure" free="2418816" total="6291456" percent="38" micro-fragmented="92246" macro-fragmented="0">
      <mem type="soa" free="2418816" total="6291456" percent="38" />
      <mem type="loa" free="0" total="0" percent="0" />
    </mem>
    <remembered-set count="298" />
  </mem-info>
</gc-end>
<cycle-end id="1534" type="global" contextid="1496" timestamp="2019-08-02T20:08:39.994" />
  <attribute name="elasticGC enabled" value="1" />
  <attribute name= "numThreadsSpecified" value="0" />
  <attribute name="heapSize specified" value="0" />
  <attribute name= "numCores" value="8" />
  <attribute name ="GC Interval" value="4000" />
  <attribute name ="Control flow" value="2" />
  <attribute name="GC Util Range Max" value="25" />
  <attribute name="Current GC Util" value="52" />
  <attribute name= "Current Time Running" value="2230" />
<allocation-satisfied id="1535" threadId="0000000001C32F00" bytesRequested="32776" />
<af-end id="1536" timestamp="2019-08-02T20:08:39.994" threadId="0000000001C33888" success="true" from="nursery"/>
<exclusive-end id="1537" timestamp="2019-08-02T20:08:39.994" durationms="2.363" />

<exclusive-start id="1538" timestamp="2019-08-02T20:08:40.018" intervalms="25.804">
  <response-info timems="0.057" idlems="0.057" threads="0" lastid="0000000001C23F00" lastname="Thread-6" />
</exclusive-start>
<af-start id="1539" threadId="0000000001C24888" totalBytesRequested="48" timestamp="2019-08-02T20:08:40.018" intervalms="25.932" type="nursery" />
<cycle-start id="1540" type="scavenge" contextid="0" timestamp="2019-08-02T20:08:40.018" intervalms="51.762" />
<gc-start id="1541" type="scavenge" contextid="1540" timestamp="2019-08-02T20:08:40.018">
  <mem-info id="1542" free="2418816" total="10747904" percent="22">
    <mem type="nursery" free="0" total="4456448" percent="0">
      <mem type="allocate" free="0" total="2424832" percent="0" />
      <mem type="survivor" free="0" total="2031616" percent="0" />
    </mem>
    <mem type="tenure" free="2418816" total="6291456" percent="38">
      <mem type="soa" free="2418816" total="6291456" percent="38" />
      <mem type="loa" free="0" total="0" percent="0" />
    </mem>
    <remembered-set count="421" />
  </mem-info>
</gc-start>
<allocation-stats totalBytes="1352352" >
  <allocated-bytes non-tlh="364792" tlh="987560" />
  <largest-consumer threadName="Thread-10" threadId="0000000001C32F00" bytes="434456" />
</allocation-stats>
<gc-op id="1543" type="scavenge" timems="0.436" contextid="1540" timestamp="2019-08-02T20:08:40.019">
  <scavenger-info tenureage="1" tenuremask="7ffe" tiltratio="54" />
  <memory-copied type="nursery" objects="3254" bytes="1199168" bytesdiscarded="189256" />
  <memory-copied type="tenure" objects="688" bytes="313128" bytesdiscarded="8592" />
</gc-op>
<gc-end id="1544" type="scavenge" contextid="1540" durationms="0.659" usertimems="4.000" systemtimems="0.000" timestamp="2019-08-02T20:08:40.019" activeThreads="8">
  <mem-info id="1545" free="2931072" total="10747904" percent="27">
    <mem type="nursery" free="839704" total="4456448" percent="18">
      <mem type="allocate" free="839704" total="2228224" percent="37" />
      <mem type="survivor" free="0" total="2228224" percent="0" />
    </mem>
    <mem type="tenure" free="2091368" total="6291456" percent="33">
      <mem type="soa" free="2091368" total="6291456" percent="33" />
      <mem type="loa" free="0" total="0" percent="0" />
    </mem>
    <remembered-set count="260" />
  </mem-info>
</gc-end>
<cycle-end id="1546" type="scavenge" contextid="1540" timestamp="2019-08-02T20:08:40.019" />
  <attribute name="elasticGC enabled" value="1" />
  <attribute name= "numThreadsSpecified" value="0" />
  <attribute name="heapSize specified" value="0" />
  <attribute name= "numCores" value="8" />
  <attribute name ="GC Interval" value="4000" />
  <attribute name ="Control flow" value="2" />
  <attribute name="GC Util Range Max" value="25" />
  <attribute name="Current GC Util" value="15" />
  <attribute name= "Current Time Running" value="2254" />
<allocation-satisfied id="1547" threadId="0000000001C23F00" bytesRequested="48" />
<af-end id="1548" timestamp="2019-08-02T20:08:40.019" threadId="0000000001C24888" success="true" from="nursery"/>
<exclusive-end id="1549" timestamp="2019-08-02T20:08:40.019" durationms="1.265" />

<exclusive-start id="1550" timestamp="2019-08-02T20:08:40.031" intervalms="13.344">
  <response-info timems="0.055" idlems="0.055" threads="0" lastid="0000000001C18B00" lastname="Thread-3" />
</exclusive-start>
<af-start id="1551" threadId="0000000001C19488" totalBytesRequested="16392" timestamp="2019-08-02T20:08:40.031" intervalms="13.323" type="nursery" />
<cycle-start id="1552" type="scavenge" contextid="0" timestamp="2019-08-02T20:08:40.031" intervalms="13.340" />
<gc-start id="1553" type="scavenge" contextid="1552" timestamp="2019-08-02T20:08:40.032">
  <mem-info id="1554" free="2091368" total="10747904" percent="19">
    <mem type="nursery" free="0" total="4456448" percent="0">
      <mem type="allocate" free="0" total="2228224" percent="0" />
      <mem type="survivor" free="0" total="2228224" percent="0" />
    </mem>
    <mem type="tenure" free="2091368" total="6291456" percent="33">
      <mem type="soa" free="2091368" total="6291456" percent="33" />
      <mem type="loa" free="0" total="0" percent="0" />
    </mem>
    <remembered-set count="388" />
  </mem-info>
</gc-start>
<allocation-stats totalBytes="791296" >
  <allocated-bytes non-tlh="48" tlh="791248" />
  <largest-consumer threadName="Thread-7" threadId="0000000001C27B00" bytes="388272" />
</allocation-stats>
<gc-op id="1555" type="scavenge" timems="0.800" contextid="1552" timestamp="2019-08-02T20:08:40.032">
  <scavenger-info tenureage="1" tenuremask="7ffe" tiltratio="50" />
  <memory-copied type="nursery" objects="733" bytes="219672" bytesdiscarded="321296" />
  <memory-copied type="tenure" objects="2658" bytes="1000096" bytesdiscarded="19944" />
  <references type="weak" candidates="1" cleared="0" enqueued="0" />
  <references type="phantom" candidates="1" cleared="0" enqueued="0" />
</gc-op>
<heap-resize id="1556" type="expand" space="nursery" amount="262144" count="1" timems="0.017" reason="excessive time being spent scavenging" timestamp="2019-08-02T20:08:40.033" />
<gc-end id="1557" type="scavenge" contextid="1552" durationms="1.262" usertimems="4.000" systemtimems="0.000" timestamp="2019-08-02T20:08:40.033" activeThreads="8">
  <mem-info id="1558" free="3017424" total="11010048" percent="27">
    <mem type="nursery" free="1949384" total="4718592" percent="41">
      <mem type="allocate" free="1949384" total="2490368" percent="78" />
      <mem type="survivor" free="0" total="2228224" percent="0" />
    </mem>
    <mem type="tenure" free="1068040" total="6291456" percent="16">
      <mem type="soa" free="1068040" total="6291456" percent="16" />
      <mem type="loa" free="0" total="0" percent="0" />
    </mem>
    <remembered-set count="221" />
  </mem-info>
</gc-end>
<cycle-end id="1559" type="scavenge" contextid="1552" timestamp="2019-08-02T20:08:40.033" />
  <attribute name="elasticGC enabled" value="1" />
  <attribute name= "numThreadsSpecified" value="0" />
  <attribute name="heapSize specified" value="0" />
  <attribute name= "numCores" value="8" />
  <attribute name ="GC Interval" value="4000" />
  <attribute name ="Control flow" value="2" />
  <attribute name="GC Util Range Max" value="25" />
  <attribute name="Current GC Util" value="13" />
  <attribute name= "Current Time Running" value="2268" />
<allocation-satisfied id="1560" threadId="0000000001C18B00" bytesRequested="16392" />
<af-end id="1561" timestamp="2019-08-02T20:08:40.033" threadId="0000000001C19488" success="true" from="nursery"/>
<exclusive-end id="1562" timestamp="2019-08-02T20:08:40.033" durationms="1.871" />

<concurrent-kickoff id="1563" timestamp="2019-08-02T20:08:40.044">
  <kickoff reason="threshold reached" targetBytes="2220766" thresholdFreeBytes="291130"  remainingFree="269952" tenureFreeBytes="1068040" nurseryFreeBytes="269952" />
</concurrent-kickoff>
<exclusive-start id="1564" timestamp="2019-08-02T20:08:40.045" intervalms="13.571">
  <response-info timems="0.056" idlems="0.056" threads="0" lastid="0000000001C1C700" lastname="Thread-4" />
</exclusive-start>
<cycle-start id="1565" type="global" contextid="0" timestamp="2019-08-02T20:08:40.045" intervalms="99.589" />
<exclusive-end id="1566" timestamp="2019-08-02T20:08:40.045" durationms="0.209" />

<exclusive-start id="1567" timestamp="2019-08-02T20:08:40.050" intervalms="5.108">
  <response-info timems="0.044" idlems="0.044" threads="0" lastid="0000000001C1C700" lastname="Thread-4" />
</exclusive-start>
<af-start id="1568" threadId="0000000001C1D088" totalBytesRequested="32776" timestamp="2019-08-02T20:08:40.050" intervalms="18.749" type="nursery" />
<percolate-collect id="1569" from="nursery" to="global" reason="concurrent mark exhausted" timestamp="2019-08-02T20:08:40.050"/>
<gc-start id="1570" type="global" contextid="1565" timestamp="2019-08-02T20:08:40.050">
  <mem-info id="1571" free="1068040" total="11010048" percent="9">
    <mem type="nursery" free="0" total="4718592" percent="0">
      <mem type="allocate" free="0" total="2490368" percent="0" />
      <mem type="survivor" free="0" total="2228224" percent="0" />
    </mem>
    <mem type="tenure" free="1068040" total="6291456" percent="16">
      <mem type="soa" free="1068040" total="6291456" percent="16" />
      <mem type="loa" free="0" total="0" percent="0" />
    </mem>
    <remembered-set count="394" />
  </mem-info>
</gc-start>
<allocation-stats totalBytes="1873448" >
  <allocated-bytes non-tlh="278608" tlh="1594840" />
  <largest-consumer threadName="Thread-3" threadId="0000000001C18B00" bytes="531056" />
</allocation-stats>
<concurrent-halted id="1572" timestamp="2019-08-02T20:08:40.050">
  <halted state="Complete" status="exhausted" />
  <traced bytesTarget="2220766" bytesTotal="1698092" bytesByMutator="390840" bytesByHelper="1307252" percent="76" />
  <cards cleaned="114" thresholdBytes="114687" />
</concurrent-halted>
<gc-op id="1573" type="rs-scan" timems="0.168" contextid="1565" timestamp="2019-08-02T20:08:40.051">
  <scan objectsFound="280" bytesTraced="52084" workStackOverflowCount="0" />
</gc-op>
<gc-op id="1574" type="card-cleaning" timems="0.125" contextid="1565" timestamp="2019-08-02T20:08:40.051">
  <card-cleaning cardsCleaned="0" bytesTraced="217800" workStackOverflowCount="0" />
</gc-op>
<gc-op id="1575" type="mark" timems="0.542" contextid="1565" timestamp="2019-08-02T20:08:40.051">
  <trace-info objectcount="2272" scancount="1979" scanbytes="393036" />
  <finalization candidates="25" enqueued="0" />
  <references type="soft" candidates="65" cleared="0" enqueued="0" dynamicThreshold="12" maxThreshold="32" />
  <references type="weak" candidates="249" cleared="0" enqueued="0" />
  <references type="phantom" candidates="71" cleared="0" enqueued="0" />
  <stringconstants candidates="3944" cleared="0"  />
</gc-op>
<gc-op id="1576" type="sweep" timems="0.226" contextid="1565" timestamp="2019-08-02T20:08:40.052" />
<gc-end id="1577" type="global" contextid="1565" durationms="1.805" usertimems="4.000" systemtimems="0.000" timestamp="2019-08-02T20:08:40.052" activeThreads="8">
  <mem-info id="1578" free="4635648" total="11010048" percent="42">
    <mem type="nursery" free="1639424" total="4718592" percent="34">
      <mem type="allocate" free="1639424" total="2490368" percent="65" />
      <mem type="survivor" free="0" total="2228224" percent="0" />
    </mem>
    <mem type="tenure" free="2996224" total="6291456" percent="47" micro-fragmented="157168" macro-fragmented="0">
      <mem type="soa" free="2996224" total="6291456" percent="47" />
      <mem type="loa" free="0" total="0" percent="0" />
    </mem>
    <remembered-set count="319" />
  </mem-info>
</gc-end>
<cycle-end id="1579" type="global" contextid="1565" timestamp="2019-08-02T20:08:40.052" />
  <attribute name="elasticGC enabled" value="1" />
  <attribute name= "numThreadsSpecified" value="0" />
  <attribute name="heapSize specified" value="0" />
  <attribute name= "numCores" value="8" />
  <attribute name ="GC Interval" value="4000" />
  <attribute name ="Control flow" value="2" />
  <attribute name="GC Util Range Max" value="25" />
  <attribute name="Current GC Util" value="53" />
  <attribute name= "Current Time Running" value="2288" />
<allocation-satisfied id="1580" threadId="0000000001C1C700" bytesRequested="32776" />
<af-end id="1581" timestamp="2019-08-02T20:08:40.052" threadId="0000000001C1D088" success="true" from="nursery"/>
<exclusive-end id="1582" timestamp="2019-08-02T20:08:40.052" durationms="2.469" />

<exclusive-start id="1583" timestamp="2019-08-02T20:08:40.071" intervalms="20.790">
  <response-info timems="0.060" idlems="0.060" threads="0" lastid="0000000001C18B00" lastname="Thread-3" />
</exclusive-start>
<af-start id="1584" threadId="0000000001C19488" totalBytesRequested="264" timestamp="2019-08-02T20:08:40.071" intervalms="20.605" type="nursery" />
<cycle-start id="1585" type="scavenge" contextid="0" timestamp="2019-08-02T20:08:40.071" intervalms="39.334" />
<gc-start id="1586" type="scavenge" contextid="1585" timestamp="2019-08-02T20:08:40.071">
  <mem-info id="1587" free="2996224" total="11010048" percent="27">
    <mem type="nursery" free="0" total="4718592" percent="0">
      <mem type="allocate" free="0" total="2490368" percent="0" />
      <mem type="survivor" free="0" total="2228224" percent="0" />
    </mem>
    <mem type="tenure" free="2996224" total="6291456" percent="47">
      <mem type="soa" free="2996224" total="6291456" percent="47" />
      <mem type="loa" free="0" total="0" percent="0" />
    </mem>
    <remembered-set count="404" />
  </mem-info>
</gc-start>
<allocation-stats totalBytes="1608288" >
  <allocated-bytes non-tlh="309384" tlh="1298904" />
  <largest-consumer threadName="Thread-8" threadId="0000000001C2B700" bytes="492024" />
</allocation-stats>
<gc-op id="1588" type="scavenge" timems="0.587" contextid="1585" timestamp="2019-08-02T20:08:40.072">
  <scavenger-info tenureage="2" tenuremask="7ffc" tiltratio="52" />
  <memory-copied type="nursery" objects="2663" bytes="1094952" bytesdiscarded="228464" />
  <references type="weak" candidates="1" cleared="0" enqueued="0" />
  <references type="phantom" candidates="1" cleared="0" enqueued="0" />
</gc-op>
<gc-end id="1589" type="scavenge" contextid="1585" durationms="0.952" usertimems="0.000" systemtimems="4.000" timestamp="2019-08-02T20:08:40.072" activeThreads="8">
  <mem-info id="1590" free="4163080" total="11010048" percent="37">
    <mem type="nursery" free="1166856" total="4718592" percent="24">
      <mem type="allocate" free="1166856" total="2490368" percent="46" />
      <mem type="survivor" free="0" total="2228224" percent="0" />
    </mem>
    <mem type="tenure" free="2996224" total="6291456" percent="47">
      <mem type="soa" free="2996224" total="6291456" percent="47" />
      <mem type="loa" free="0" total="0" percent="0" />
    </mem>
    <remembered-set count="195" />
  </mem-info>
</gc-end>
<cycle-end id="1591" type="scavenge" contextid="1585" timestamp="2019-08-02T20:08:40.072" />
  <attribute name="elasticGC enabled" value="1" />
  <attribute name= "numThreadsSpecified" value="0" />
  <attribute name="heapSize specified" value="0" />
  <attribute name= "numCores" value="8" />
  <attribute name ="GC Interval" value="4000" />
  <attribute name ="Control flow" value="2" />
  <attribute name="GC Util Range Max" value="25" />
  <attribute name="Current GC Util" value="17" />
  <attribute name= "Current Time Running" value="2307" />
<allocation-satisfied id="1592" threadId="0000000001C18B00" bytesRequested="264" />
<af-end id="1593" timestamp="2019-08-02T20:08:40.072" threadId="0000000001C19488" success="true" from="nursery"/>
<exclusive-end id="1594" timestamp="2019-08-02T20:08:40.072" durationms="1.554" />

<exclusive-start id="1595" timestamp="2019-08-02T20:08:40.095" intervalms="23.986">
  <response-info timems="0.037" idlems="0.037" threads="0" lastid="0000000001C2B700" lastname="Thread-8" />
</exclusive-start>
<af-start id="1596" threadId="0000000001C2C088" totalBytesRequested="16392" timestamp="2019-08-02T20:08:40.095" intervalms="23.981" type="nursery" />
<cycle-start id="1597" type="scavenge" contextid="0" timestamp="2019-08-02T20:08:40.095" intervalms="23.975" />
<gc-start id="1598" type="scavenge" contextid="1597" timestamp="2019-08-02T20:08:40.095">
  <mem-info id="1599" free="2996224" total="11010048" percent="27">
    <mem type="nursery" free="0" total="4718592" percent="0">
      <mem type="allocate" free="0" total="2490368" percent="0" />
      <mem type="survivor" free="0" total="2228224" percent="0" />
    </mem>
    <mem type="tenure" free="2996224" total="6291456" percent="47">
      <mem type="soa" free="2996224" total="6291456" percent="47" />
      <mem type="loa" free="0" total="0" percent="0" />
    </mem>
    <remembered-set count="289" />
  </mem-info>
</gc-start>
<allocation-stats totalBytes="1164872" >
  <allocated-bytes non-tlh="65816" tlh="1099056" />
  <largest-consumer threadName="Thread-8" threadId="0000000001C2B700" bytes="347904" />
</allocation-stats>
<gc-op id="1600" type="scavenge" timems="2.181" contextid="1597" timestamp="2019-08-02T20:08:40.097">
  <scavenger-info tenureage="1" tenuremask="7ffe" tiltratio="52" />
  <memory-copied type="nursery" objects="151" bytes="52392" bytesdiscarded="203344" />
  <memory-copied type="tenure" objects="1424" bytes="662352" bytesdiscarded="7096" />
  <references type="weak" candidates="1" cleared="0" enqueued="0" />
  <references type="phantom" candidates="1" cleared="0" enqueued="0" />
</gc-op>
<gc-end id="1601" type="scavenge" contextid="1597" durationms="2.407" usertimems="4.000" systemtimems="0.000" timestamp="2019-08-02T20:08:40.097" activeThreads="8">
  <mem-info id="1602" free="4723960" total="11010048" percent="42">
    <mem type="nursery" free="2431232" total="4718592" percent="51">
      <mem type="allocate" free="2431232" total="2686976" percent="90" />
      <mem type="survivor" free="0" total="2031616" percent="0" />
    </mem>
    <mem type="tenure" free="2292728" total="6291456" percent="36">
      <mem type="soa" free="2292728" total="6291456" percent="36" />
      <mem type="loa" free="0" total="0" percent="0" />
    </mem>
    <remembered-set count="145" />
  </mem-info>
</gc-end>
<cycle-end id="1603" type="scavenge" contextid="1597" timestamp="2019-08-02T20:08:40.097" />
  <attribute name="elasticGC enabled" value="1" />
  <attribute name= "numThreadsSpecified" value="0" />
  <attribute name="heapSize specified" value="0" />
  <attribute name= "numCores" value="8" />
  <attribute name ="GC Interval" value="4000" />
  <attribute name ="Control flow" value="2" />
  <attribute name="GC Util Range Max" value="25" />
  <attribute name="Current GC Util" value="8" />
  <attribute name= "Current Time Running" value="2331" />
<allocation-satisfied id="1604" threadId="0000000001C2B700" bytesRequested="16392" />
<af-end id="1605" timestamp="2019-08-02T20:08:40.097" threadId="0000000001C2C088" success="true" from="nursery"/>
<exclusive-end id="1606" timestamp="2019-08-02T20:08:40.098" durationms="2.937" />

</verbosegc>

