
<?xml version="1.0" ?>

<verbosegc xmlns="http://www.ibm.com/j9/verbosegc" version="10b4217_CMPRSS">

<gc check installed>
<initialized id="1" timestamp="2019-08-10T09:13:58.603">
  <attribute name="gcPolicy" value="-Xgcpolicy:optavgpause" />
  <attribute name="elasticGC enabled" value="1" />
  <attribute name= "numThreadsSpecified" value="0" />
  <attribute name="heapSize specified" value="0" />
  <attribute name="Current GC Util" value="0" />
  <attribute name= "Current Time Running" value="0" />
  <attribute name ="GC Interval" value="0" />
  <attribute name="ProportionalT" value="0.000000" />
  <attribute name="ProportionalI" value="0.000000" />
  <attribute name="ProportionalH" value="0.000000" />
  <attribute name="IntegralT" value="0.000000" />
  <attribute name="IntegralI" value="0.000000" />
  <attribute name="IntegralH" value="0.000000" />
  <attribute name="DerivativeT" value="0.000000" />
  <attribute name="DerivativeI" value="0.000000" />
  <attribute name="DerivativeH" value="0.000000" />
  <attribute name="Target GC Util Change" value ="0.000000" />
  <attribute name="Current GC Util Change" value="0.000000"/>
  <attribute name="Current Error" value="0.000000" />
  <attribute name="Loop Time for DT" value="0.000000" />
  <attribute name="Output H" value="0"/>
  <attribute name="Output I" value="0"/>
  <attribute name="Output T" value="0"/>
  <attribute name="GC Util currently" value="0" />
  <attribute name="CPU Util currently" value="0" />
  <attribute name="maxHeapSize" value="0xfa900000" />
  <attribute name="initialHeapSize" value="0x800000" />
  <attribute name="compressedRefs" value="true" />
  <attribute name="compressedRefsDisplacement" value="0x0" />
  <attribute name="compressedRefsShift" value="0x3" />
  <attribute name="pageSize" value="0x1000" />
  <attribute name="pageType" value="not used" />
  <attribute name="requestedPageSize" value="0x1000" />
  <attribute name="requestedPageType" value="not used" />
  <attribute name="gcthreads" value="16" />
  <attribute name="packetListSplit" value="16" />
  <attribute name="cacheListSplit" value="16" />
  <attribute name="splitFreeListSplitAmount" value="2" />
  <attribute name="numaNodes" value="0" />
  <system>
    <attribute name="physicalMemory" value="16815001600" />
    <attribute name="numCPUs" value="16" />
    <attribute name="architecture" value="amd64" />
    <attribute name="os" value="Linux" />
    <attribute name="osVersion" value="4.15.0" />
  </system>
  <vmargs>
    <vmarg name="-Xoptionsfile=/jdk/lib/options.default" />
    <vmarg name="-Xlockword:mode=default,noLockword=java/lang/String,noLockword=java/util/MapEntry,noLockword=java/util/HashMap$Entry,noLockword..." />
    <vmarg name="-Xjcl:jclse29" />
    <vmarg name="-Dcom.ibm.oti.vm.bootstrap.library.path=/jdk/lib/compressedrefs:/jdk/lib" />
    <vmarg name="-Dsun.boot.library.path=/jdk/lib/compressedrefs:/jdk/lib" />
    <vmarg name="-Djava.library.path=/jdk/lib/compressedrefs:/jdk/lib:/usr/lib64:/usr/lib" />
    <vmarg name="-Djava.home=/jdk" />
    <vmarg name="-Duser.dir=/" />
    <vmarg name="-Xgcelastic" />
    <vmarg name="-Xcheck:gc:::elasticGC" />
    <vmarg name="-Xgcpolicy:optavgpause" />
    <vmarg name="-verbose:gc" />
    <vmarg name="-Djava.class.path=dacapo-9.12-MR1-bach.jar" />
    <vmarg name="-Dsun.java.command=dacapo-9.12-MR1-bach.jar avrora jython pmd sunflow xalan --size=large" />
    <vmarg name="-Dsun.java.launcher=SUN_STANDARD" />
    <vmarg name="-Dsun.java.launcher.pid=1" />
  </vmargs>
</initialized>

<exclusive-start id="2" timestamp="2019-08-10T09:13:58.831" intervalms="228.191">
  <response-info timems="0.012" idlems="0.012" threads="0" lastid="0000000000F8DF00" lastname="main" />
</exclusive-start>
<sys-start reason="explicit" id="3" timestamp="2019-08-10T09:13:58.831" intervalms="228.238" />
<cycle-start id="4" type="global" contextid="0" timestamp="2019-08-10T09:13:58.831" intervalms="228.250" />
<gc-start id="5" type="global" contextid="4" timestamp="2019-08-10T09:13:58.831">
  <mem-info id="6" free="2317448" total="8388608" percent="27">
    <mem type="tenure" free="2317448" total="8388608" percent="27">
      <mem type="soa" free="1898632" total="7969792" percent="23" />
      <mem type="loa" free="418816" total="418816" percent="100" />
    </mem>
  </mem-info>
</gc-start>
<allocation-stats totalBytes="6061272" >
  <allocated-bytes non-tlh="455544" tlh="5605728" />
  <largest-consumer threadName="main" threadId="0000000000F8DF00" bytes="5976752" />
</allocation-stats>
<gc-op id="7" type="mark" timems="2.685" contextid="4" timestamp="2019-08-10T09:13:58.834">
  <trace-info objectcount="17937" scancount="14824" scanbytes="467780" />
  <finalization candidates="14" enqueued="1" />
  <references type="soft" candidates="66" cleared="0" enqueued="0" dynamicThreshold="32" maxThreshold="32" />
  <references type="weak" candidates="553" cleared="411" enqueued="372" />
  <references type="phantom" candidates="99" cleared="41" enqueued="41" />
  <stringconstants candidates="2455" cleared="0"  />
</gc-op>
<gc-op id="8" type="classunload" timems="0.002" contextid="4" timestamp="2019-08-10T09:13:58.834">
  <classunload-info classloadercandidates="6" classloadersunloaded="0" classesunloaded="0" anonymousclassesunloaded="0" quiescems="0.000" setupms="0.001" scanms="0.000" postms="0.001" />
</gc-op>
<gc-op id="9" type="sweep" timems="0.760" contextid="4" timestamp="2019-08-10T09:13:58.835" />
<mem-info id="10" free="7122472" total="8388608" percent="84">
  <mem type="tenure" free="7122472" total="8388608" percent="84" micro-fragmented="174628">
    <mem type="soa" free="6703656" total="7969792" percent="84" />
    <mem type="loa" free="418816" total="418816" percent="100" />
  </mem>
  <pending-finalizers system="1" default="0" reference="413" classloader="0" />
</mem-info>
<gc-op id="11" type="compact" timems="4.829" contextid="4" timestamp="2019-08-10T09:13:58.839">
  <compact-info movecount="17936" movebytes="1027152" reason="compact to aid heap contraction" />
</gc-op>
<heap-resize id="12" type="expand" space="tenure" amount="4195287040" count="1" timems="0.297" reason="satisfy allocation request" timestamp="2019-08-10T09:13:58.840" />
<gc-end id="13" type="global" contextid="4" durationms="8.919" usertimems="5.839" systemtimems="7.933" timestamp="2019-08-10T09:13:58.840" activeThreads="16">
  <mem-info id="14" free="4202648408" total="4203675648" percent="99">
    <mem type="tenure" free="4202648408" total="4203675648" percent="99">
      <mem type="soa" free="3992465240" total="3993492480" percent="99" />
      <mem type="loa" free="210183168" total="210183168" percent="100" />
    </mem>
    <pending-finalizers system="1" default="0" reference="413" classloader="0" />
  </mem-info>
</gc-end>
<cycle-end id="15" type="global" contextid="4" timestamp="2019-08-10T09:13:58.840" />
  <attribute name="elasticGC enabled" value="1" />
  <attribute name= "numThreadsSpecified" value="16" />
  <attribute name="heapSize specified" value="8388608" />
  <attribute name="Current GC Util" value="59" />
  <attribute name= "Current Time Running" value="176" />
  <attribute name ="GC Interval" value="0" />
  <attribute name="ProportionalT" value="-10.500000" />
  <attribute name="ProportionalI" value="-10.500000" />
  <attribute name="ProportionalH" value="-10.500000" />
  <attribute name="Current Error" value="-21.000000" />
  <attribute name="IntegralT" value="-6615.000000" />
  <attribute name="IntegralI" value="-6615.000000" />
  <attribute name="IntegralH" value="-6615.000000" />
  <attribute name="DerivativeT" value="-4.200000" />
  <attribute name="DerivativeI" value="-4.200000" />
  <attribute name="DerivativeH" value="-4.200000" />
  <attribute name="Loop Time for DT" value="5.000000" />
  <attribute name="Output H" value="4203675648"/>
  <attribute name="Output I" value="200"/>
  <attribute name="Output T" value="16"/>
  <attribute name="Target GC Util Change" value ="80.000000" />
  <attribute name="Current GC Util Change" value="59.000000"/>
  <attribute name="GC Util currently" value="59" />
  <attribute name="CPU Util currently" value="237925933866" />
<sys-end id="16" timestamp="2019-08-10T09:13:58.840" />
<exclusive-end id="17" timestamp="2019-08-10T09:13:58.840" durationms="9.042" />

===== DaCapo 9.12-MR1 avrora starting =====
===== DaCapo 9.12-MR1 avrora PASSED in 91025 msec =====
WARNING: An illegal reflective access operation has occurred
WARNING: Illegal reflective access by com.google.common.base.internal.Finalizer (file:/./scratch/jar/guava-r07.jar) to field java.lang.Thread.inheritableThreadLocals
WARNING: Please consider reporting this to the maintainers of com.google.common.base.internal.Finalizer
WARNING: Use --illegal-access=warn to enable warnings of further illegal reflective access operations
WARNING: All illegal access operations will be denied in a future release
<exclusive-start id="18" timestamp="2019-08-10T09:15:32.034" intervalms="93202.908">
  <response-info timems="0.044" idlems="0.044" threads="0" lastid="0000000000F8DF00" lastname="main" />
</exclusive-start>
<sys-start reason="explicit" id="19" timestamp="2019-08-10T09:15:32.034" intervalms="93202.921" />
<cycle-start id="20" type="global" contextid="0" timestamp="2019-08-10T09:15:32.034" intervalms="93202.929" />
<gc-start id="21" type="global" contextid="20" timestamp="2019-08-10T09:15:32.034">
  <mem-info id="22" free="3881570072" total="4203675648" percent="92">
    <mem type="tenure" free="3881570072" total="4203675648" percent="92">
      <mem type="soa" free="3671386904" total="3993492480" percent="91" />
      <mem type="loa" free="210183168" total="210183168" percent="100" />
    </mem>
  </mem-info>
</gc-start>
<allocation-stats totalBytes="320924056" >
  <allocated-bytes non-tlh="3900480" tlh="317023576" />
  <largest-consumer threadName="main" threadId="0000000000F8DF00" bytes="87660928" />
</allocation-stats>
<gc-op id="23" type="mark" timems="15.342" contextid="20" timestamp="2019-08-10T09:15:32.049">
  <trace-info objectcount="76670" scancount="63836" scanbytes="2129920" />
  <finalization candidates="82" enqueued="2" />
  <ownableSynchronizers candidates="21" cleared="0" />
  <references type="soft" candidates="1641" cleared="0" enqueued="0" dynamicThreshold="31" maxThreshold="32" />
  <references type="weak" candidates="5224" cleared="744" enqueued="580" />
  <references type="phantom" candidates="135" cleared="37" enqueued="37" />
  <stringconstants candidates="10077" cleared="1394"  />
</gc-op>
<gc-op id="24" type="classunload" timems="4.529" contextid="20" timestamp="2019-08-10T09:15:32.054">
  <classunload-info classloadercandidates="18" classloadersunloaded="2" classesunloaded="509" anonymousclassesunloaded="0" quiescems="0.000" setupms="1.503" scanms="3.022" postms="0.004" />
</gc-op>
<gc-op id="25" type="sweep" timems="74.440" contextid="20" timestamp="2019-08-10T09:15:32.128" />
<mem-info id="26" free="4198001720" total="4203675648" percent="99">
  <mem type="tenure" free="4198001720" total="4203675648" percent="99" micro-fragmented="632299">
    <mem type="soa" free="3987818552" total="3993492480" percent="99" />
    <mem type="loa" free="210183168" total="210183168" percent="100" />
  </mem>
  <pending-finalizers system="2" default="0" reference="617" classloader="0" />
</mem-info>
<gc-op id="27" type="compact" timems="29.207" contextid="20" timestamp="2019-08-10T09:15:32.158">
  <compact-info movecount="75986" movebytes="4621224" reason="compact to aid heap contraction" />
</gc-op>
<gc-end id="28" type="global" contextid="20" durationms="124.565" usertimems="254.154" systemtimems="0.000" timestamp="2019-08-10T09:15:32.159" activeThreads="16">
  <mem-info id="29" free="4198988248" total="4203675648" percent="99">
    <mem type="tenure" free="4198988248" total="4203675648" percent="99">
      <mem type="soa" free="3988805080" total="3993492480" percent="99" />
      <mem type="loa" free="210183168" total="210183168" percent="100" />
    </mem>
    <pending-finalizers system="2" default="0" reference="617" classloader="0" />
  </mem-info>
</gc-end>
<cycle-end id="30" type="global" contextid="20" timestamp="2019-08-10T09:15:32.159" />
  <attribute name="elasticGC enabled" value="1" />
  <attribute name= "numThreadsSpecified" value="16" />
  <attribute name="heapSize specified" value="-91291648" />
  <attribute name="Current GC Util" value="316" />
  <attribute name= "Current Time Running" value="93495" />
  <attribute name ="GC Interval" value="0" />
  <attribute name="ProportionalT" value="118.000000" />
  <attribute name="ProportionalI" value="118.000000" />
  <attribute name="ProportionalH" value="118.000000" />
  <attribute name="Current Error" value="236.000000" />
  <attribute name="IntegralT" value="3540.000000" />
  <attribute name="IntegralI" value="3540.000000" />
  <attribute name="IntegralH" value="3540.000000" />
  <attribute name="DerivativeT" value="7.866667" />
  <attribute name="DerivativeI" value="7.866667" />
  <attribute name="DerivativeH" value="7.866667" />
  <attribute name="Loop Time for DT" value="30.000000" />
  <attribute name="Output H" value="8388608"/>
  <attribute name="Output I" value="3672"/>
  <attribute name="Output T" value="16"/>
  <attribute name="Target GC Util Change" value ="80.000000" />
  <attribute name="Current GC Util Change" value="316.000000"/>
  <attribute name="GC Util currently" value="316" />
  <attribute name="CPU Util currently" value="39438102666" />
<sys-end id="31" timestamp="2019-08-10T09:15:32.159" />
<exclusive-end id="32" timestamp="2019-08-10T09:15:32.159" durationms="125.574" />

===== DaCapo 9.12-MR1 jython starting =====
-------------------------------------------------------------------------------
PYBENCH 2.0
-------------------------------------------------------------------------------
* using Python 2.5.2
* system check interval set to maximum: 2147483647
* using timer: time.time

Calibrating tests. Please wait...

Running 4 round(s) of the suite at warp factor 10:

* Round 1 done in 13.599 seconds.
<exclusive-start id="33" timestamp="2019-08-10T09:15:48.562" intervalms="16528.045">
  <response-info timems="0.016" idlems="0.016" threads="0" lastid="0000000000F8DF00" lastname="main" />
</exclusive-start>
<af-start id="34" threadId="0000000000F8E888" totalBytesRequested="1168" timestamp="2019-08-10T09:15:48.562" intervalms="109959.200" />
<cycle-start id="35" type="global" contextid="0" timestamp="2019-08-10T09:15:48.562" intervalms="16528.037" />
<gc-start id="36" type="global" contextid="35" timestamp="2019-08-10T09:15:48.562">
  <mem-info id="37" free="210183168" total="4203675648" percent="4">
    <mem type="tenure" free="210183168" total="4203675648" percent="4">
      <mem type="soa" free="0" total="3993492480" percent="0" />
      <mem type="loa" free="210183168" total="210183168" percent="100" />
    </mem>
  </mem-info>
</gc-start>
<allocation-stats totalBytes="3984111520" >
  <allocated-bytes non-tlh="14489928" tlh="3969621592" />
  <largest-consumer threadName="main" threadId="0000000000F8DF00" bytes="3984083184" />
</allocation-stats>
<gc-op id="38" type="mark" timems="22.791" contextid="35" timestamp="2019-08-10T09:15:48.585">
  <trace-info objectcount="610603" scancount="530602" scanbytes="13693124" />
  <finalization candidates="85" enqueued="5" />
  <ownableSynchronizers candidates="21" cleared="0" />
  <references type="soft" candidates="4868" cleared="0" enqueued="0" dynamicThreshold="31" maxThreshold="32" />
  <references type="weak" candidates="5781" cleared="81" enqueued="72" />
  <references type="phantom" candidates="100" cleared="2" enqueued="2" />
  <stringconstants candidates="13868" cleared="24"  />
</gc-op>
<gc-op id="39" type="classunload" timems="0.489" contextid="35" timestamp="2019-08-10T09:15:48.585">
  <classunload-info classloadercandidates="59" classloadersunloaded="3" classesunloaded="3" anonymousclassesunloaded="0" quiescems="0.000" setupms="0.469" scanms="0.016" postms="0.004" />
</gc-op>
<gc-op id="40" type="sweep" timems="551.191" contextid="35" timestamp="2019-08-10T09:15:49.137" />
<mem-info id="41" free="4174055536" total="4203675648" percent="99">
  <mem type="tenure" free="4174055536" total="4203675648" percent="99" micro-fragmented="1692473">
    <mem type="soa" free="3963872368" total="3993492480" percent="99" />
    <mem type="loa" free="210183168" total="210183168" percent="100" />
  </mem>
  <pending-finalizers system="0" default="5" reference="74" classloader="0" />
</mem-info>
<gc-op id="42" type="compact" timems="34.020" contextid="35" timestamp="2019-08-10T09:15:49.171">
  <compact-info movecount="607013" movebytes="18195504" reason="compact to aid heap contraction" />
</gc-op>
<gc-end id="43" type="global" contextid="35" durationms="609.470" usertimems="952.095" systemtimems="0.000" timestamp="2019-08-10T09:15:49.172" activeThreads="16">
  <mem-info id="44" free="4185234096" total="4203675648" percent="99">
    <mem type="tenure" free="4185234096" total="4203675648" percent="99">
      <mem type="soa" free="3975050928" total="3993492480" percent="99" />
      <mem type="loa" free="210183168" total="210183168" percent="100" />
    </mem>
    <pending-finalizers system="0" default="5" reference="74" classloader="0" />
  </mem-info>
</gc-end>
<cycle-end id="45" type="global" contextid="35" timestamp="2019-08-10T09:15:49.172" />
  <attribute name="elasticGC enabled" value="1" />
  <attribute name= "numThreadsSpecified" value="16" />
  <attribute name="heapSize specified" value="-91291648" />
  <attribute name="Current GC Util" value="686" />
  <attribute name= "Current Time Running" value="110508" />
  <attribute name ="GC Interval" value="0" />
  <attribute name="ProportionalT" value="303.000000" />
  <attribute name="ProportionalI" value="303.000000" />
  <attribute name="ProportionalH" value="303.000000" />
  <attribute name="Current Error" value="606.000000" />
  <attribute name="IntegralT" value="10302.000000" />
  <attribute name="IntegralI" value="10302.000000" />
  <attribute name="IntegralH" value="10302.000000" />
  <attribute name="DerivativeT" value="17.823529" />
  <attribute name="DerivativeI" value="17.823529" />
  <attribute name="DerivativeH" value="17.823529" />
  <attribute name="Loop Time for DT" value="34.000000" />
  <attribute name="Output H" value="8388608"/>
  <attribute name="Output I" value="4000"/>
  <attribute name="Output T" value="16"/>
  <attribute name="Target GC Util Change" value ="80.000000" />
  <attribute name="Current GC Util Change" value="686.000000"/>
  <attribute name="GC Util currently" value="686" />
  <attribute name="CPU Util currently" value="33859903961" />
<allocation-satisfied id="46" threadId="0000000000F8DF00" bytesRequested="1168" />
<af-end id="47" timestamp="2019-08-10T09:15:49.172" threadId="0000000000F8E888" success="true" />
<exclusive-end id="48" timestamp="2019-08-10T09:15:49.172" durationms="609.971" />

* Round 2 done in 2.786 seconds.
<exclusive-start id="49" timestamp="2019-08-10T09:15:51.476" intervalms="2914.105">
  <response-info timems="0.030" idlems="0.030" threads="0" lastid="0000000000F8DF00" lastname="main" />
</exclusive-start>
<af-start id="50" threadId="0000000000F8E888" totalBytesRequested="32" timestamp="2019-08-10T09:15:51.476" intervalms="2914.147" />
<cycle-start id="51" type="global" contextid="0" timestamp="2019-08-10T09:15:51.476" intervalms="2914.152" />
<gc-start id="52" type="global" contextid="51" timestamp="2019-08-10T09:15:51.476">
  <mem-info id="53" free="210183168" total="4203675648" percent="4">
    <mem type="tenure" free="210183168" total="4203675648" percent="4">
      <mem type="soa" free="0" total="3993492480" percent="0" />
      <mem type="loa" free="210183168" total="210183168" percent="100" />
    </mem>
  </mem-info>
</gc-start>
<allocation-stats totalBytes="3970678744" >
  <allocated-bytes non-tlh="1288" tlh="3970677456" />
  <largest-consumer threadName="main" threadId="0000000000F8DF00" bytes="3970666336" />
</allocation-stats>
<gc-op id="54" type="mark" timems="12.556" contextid="51" timestamp="2019-08-10T09:15:51.489">
  <trace-info objectcount="610390" scancount="530426" scanbytes="13689232" />
  <finalization candidates="80" enqueued="0" />
  <ownableSynchronizers candidates="21" cleared="0" />
  <references type="soft" candidates="4868" cleared="0" enqueued="0" dynamicThreshold="31" maxThreshold="32" />
  <references type="weak" candidates="5756" cleared="14" enqueued="6" />
  <references type="phantom" candidates="98" cleared="1" enqueued="1" />
  <stringconstants candidates="13846" cleared="0"  />
</gc-op>
<gc-op id="55" type="sweep" timems="594.382" contextid="51" timestamp="2019-08-10T09:15:52.083" />
<mem-info id="56" free="4185311792" total="4203675648" percent="99">
  <mem type="tenure" free="4185311792" total="4203675648" percent="99" micro-fragmented="21061">
    <mem type="soa" free="3975128624" total="3993492480" percent="99" />
    <mem type="loa" free="210183168" total="210183168" percent="100" />
  </mem>
  <pending-finalizers system="0" default="0" reference="7" classloader="0" />
</mem-info>
<gc-op id="57" type="compact" timems="34.181" contextid="51" timestamp="2019-08-10T09:15:52.117">
  <compact-info movecount="497750" movebytes="14307056" reason="compact to aid heap contraction" />
</gc-op>
<gc-end id="58" type="global" contextid="51" durationms="641.876" usertimems="933.651" systemtimems="0.000" timestamp="2019-08-10T09:15:52.118" activeThreads="16">
  <mem-info id="59" free="4185271504" total="4203675648" percent="99">
    <mem type="tenure" free="4185271504" total="4203675648" percent="99">
      <mem type="soa" free="3975088336" total="3993492480" percent="99" />
      <mem type="loa" free="210183168" total="210183168" percent="100" />
    </mem>
    <pending-finalizers system="0" default="0" reference="7" classloader="0" />
  </mem-info>
</gc-end>
<cycle-end id="60" type="global" contextid="51" timestamp="2019-08-10T09:15:52.118" />
  <attribute name="elasticGC enabled" value="1" />
  <attribute name= "numThreadsSpecified" value="16" />
  <attribute name="heapSize specified" value="-91291648" />
  <attribute name="Current GC Util" value="655" />
  <attribute name= "Current Time Running" value="113454" />
  <attribute name ="GC Interval" value="0" />
  <attribute name="ProportionalT" value="287.500000" />
  <attribute name="ProportionalI" value="287.500000" />
  <attribute name="ProportionalH" value="287.500000" />
  <attribute name="Current Error" value="575.000000" />
  <attribute name="IntegralT" value="9775.000000" />
  <attribute name="IntegralI" value="9775.000000" />
  <attribute name="IntegralH" value="9775.000000" />
  <attribute name="DerivativeT" value="16.911765" />
  <attribute name="DerivativeI" value="16.911765" />
  <attribute name="DerivativeH" value="16.911765" />
  <attribute name="Loop Time for DT" value="34.000000" />
  <attribute name="Output H" value="8388608"/>
  <attribute name="Output I" value="4000"/>
  <attribute name="Output T" value="16"/>
  <attribute name="Target GC Util Change" value ="80.000000" />
  <attribute name="Current GC Util Change" value="655.000000"/>
  <attribute name="GC Util currently" value="655" />
  <attribute name="CPU Util currently" value="33707668780" />
<allocation-satisfied id="61" threadId="0000000000F8DF00" bytesRequested="32" />
<af-end id="62" timestamp="2019-08-10T09:15:52.118" threadId="0000000000F8E888" success="true" />
<exclusive-end id="63" timestamp="2019-08-10T09:15:52.118" durationms="642.258" />

* Round 3 done in 2.768 seconds.
<exclusive-start id="64" timestamp="2019-08-10T09:15:55.207" intervalms="3731.173">
  <response-info timems="0.023" idlems="0.023" threads="0" lastid="0000000000F8DF00" lastname="main" />
</exclusive-start>
<af-start id="65" threadId="0000000000F8E888" totalBytesRequested="32" timestamp="2019-08-10T09:15:55.207" intervalms="3731.208" />
<cycle-start id="66" type="global" contextid="0" timestamp="2019-08-10T09:15:55.207" intervalms="3731.213" />
<gc-start id="67" type="global" contextid="66" timestamp="2019-08-10T09:15:55.207">
  <mem-info id="68" free="210183168" total="4203675648" percent="4">
    <mem type="tenure" free="210183168" total="4203675648" percent="4">
      <mem type="soa" free="0" total="3993492480" percent="0" />
      <mem type="loa" free="210183168" total="210183168" percent="100" />
    </mem>
  </mem-info>
</gc-start>
<allocation-stats totalBytes="3971522800" >
  <allocated-bytes non-tlh="0" tlh="3971522800" />
  <largest-consumer threadName="main" threadId="0000000000F8DF00" bytes="3971522800" />
</allocation-stats>
<gc-op id="69" type="mark" timems="14.289" contextid="66" timestamp="2019-08-10T09:15:55.222">
  <trace-info objectcount="610490" scancount="530510" scanbytes="13692056" />
  <finalization candidates="80" enqueued="0" />
  <ownableSynchronizers candidates="21" cleared="0" />
  <references type="soft" candidates="4868" cleared="0" enqueued="0" dynamicThreshold="31" maxThreshold="32" />
  <references type="weak" candidates="5765" cleared="7" enqueued="3" />
  <references type="phantom" candidates="97" cleared="0" enqueued="0" />
  <stringconstants candidates="13846" cleared="0"  />
</gc-op>
<gc-op id="70" type="sweep" timems="681.740" contextid="66" timestamp="2019-08-10T09:15:55.904" />
<mem-info id="71" free="4185320200" total="4203675648" percent="99">
  <mem type="tenure" free="4185320200" total="4203675648" percent="99" micro-fragmented="3584">
    <mem type="soa" free="3975137032" total="3993492480" percent="99" />
    <mem type="loa" free="210183168" total="210183168" percent="100" />
  </mem>
  <pending-finalizers system="0" default="0" reference="3" classloader="0" />
</mem-info>
<gc-op id="72" type="compact" timems="25.037" contextid="66" timestamp="2019-08-10T09:15:55.929">
  <compact-info movecount="232826" movebytes="6575352" reason="compact to aid heap contraction" />
</gc-op>
<gc-end id="73" type="global" contextid="66" durationms="721.912" usertimems="947.224" systemtimems="0.000" timestamp="2019-08-10T09:15:55.929" activeThreads="16">
  <mem-info id="74" free="4185268248" total="4203675648" percent="99">
    <mem type="tenure" free="4185268248" total="4203675648" percent="99">
      <mem type="soa" free="3975085080" total="3993492480" percent="99" />
      <mem type="loa" free="210183168" total="210183168" percent="100" />
    </mem>
    <pending-finalizers system="0" default="0" reference="3" classloader="0" />
  </mem-info>
</gc-end>
<cycle-end id="75" type="global" contextid="66" timestamp="2019-08-10T09:15:55.930" />
  <attribute name="elasticGC enabled" value="1" />
  <attribute name= "numThreadsSpecified" value="16" />
  <attribute name="heapSize specified" value="-91291648" />
  <attribute name="Current GC Util" value="518" />
  <attribute name= "Current Time Running" value="117266" />
  <attribute name ="GC Interval" value="0" />
  <attribute name="ProportionalT" value="219.000000" />
  <attribute name="ProportionalI" value="219.000000" />
  <attribute name="ProportionalH" value="219.000000" />
  <attribute name="Current Error" value="438.000000" />
  <attribute name="IntegralT" value="5475.000000" />
  <attribute name="IntegralI" value="5475.000000" />
  <attribute name="IntegralH" value="5475.000000" />
  <attribute name="DerivativeT" value="17.520000" />
  <attribute name="DerivativeI" value="17.520000" />
  <attribute name="DerivativeH" value="17.520000" />
  <attribute name="Loop Time for DT" value="25.000000" />
  <attribute name="Output H" value="8388608"/>
  <attribute name="Output I" value="4000"/>
  <attribute name="Output T" value="16"/>
  <attribute name="Target GC Util Change" value ="80.000000" />
  <attribute name="Current GC Util Change" value="518.000000"/>
  <attribute name="GC Util currently" value="518" />
  <attribute name="CPU Util currently" value="45929321017" />
<allocation-satisfied id="76" threadId="0000000000F8DF00" bytesRequested="32" />
<af-end id="77" timestamp="2019-08-10T09:15:55.930" threadId="0000000000F8E888" success="true" />
<exclusive-end id="78" timestamp="2019-08-10T09:15:55.930" durationms="722.399" />

* Round 4 done in 2.779 seconds.

-------------------------------------------------------------------------------
Benchmark: 2019-08-10 09:15:34
-------------------------------------------------------------------------------

    Rounds: 4
    Warp:   10
    Timer:  time.time

Test                             minimum  average  operation  overhead
-------------------------------------------------------------------------------
          BuiltinFunctionCalls:     14ms     49ms    0.10us    0.000ms
           BuiltinMethodLookup:     38ms     97ms    0.09us    0.000ms
                 CompareFloats:     15ms    118ms    0.10us    0.000ms
         CompareFloatsIntegers:     19ms     86ms    0.10us    0.000ms
               CompareIntegers:     22ms     77ms    0.04us    0.000ms
        CompareInternedStrings:     34ms    125ms    0.08us    0.000ms
                  CompareLongs:     18ms     51ms    0.05us    0.000ms
                CompareStrings:     25ms     61ms    0.06us    0.000ms
                CompareUnicode:     20ms     61ms    0.08us    0.000ms
                 ConcatStrings:     67ms    299ms    0.60us    0.000ms
                 ConcatUnicode:     39ms     97ms    0.32us    0.000ms
               CreateInstances:     36ms     70ms    0.63us    0.000ms
            CreateNewInstances:     50ms     92ms    1.09us    0.000ms
       CreateStringsWithConcat:     41ms    254ms    0.25us    0.000ms
       CreateUnicodeWithConcat:     19ms     40ms    0.10us    0.000ms
                  DictCreation:     27ms     93ms    0.23us    0.000ms
             DictWithFloatKeys:     17ms    118ms    0.13us    0.000ms
           DictWithIntegerKeys:     18ms     52ms    0.04us    0.000ms
            DictWithStringKeys:     20ms     54ms    0.05us    0.000ms
                      ForLoops:     99ms    158ms    6.31us    0.000ms
                    IfThenElse:     20ms     96ms    0.07us    0.000ms
                   ListSlicing:      6ms     27ms    1.91us    0.000ms
                NestedForLoops:     85ms    110ms    0.07us    0.000ms
          NormalClassAttribute:     24ms    108ms    0.09us    0.000ms
       NormalInstanceAttribute:     23ms     63ms    0.05us    0.000ms
           PythonFunctionCalls:     25ms     93ms    0.28us    0.000ms
             PythonMethodCalls:     30ms     81ms    0.36us    0.000ms
                     Recursion:     37ms    145ms    2.89us    0.000ms
                  SecondImport:     31ms     75ms    0.75us    0.000ms
           SecondPackageImport:     32ms     44ms    0.44us    0.000ms
         SecondSubmoduleImport:     52ms     69ms    0.69us    0.000ms
       SimpleComplexArithmetic:     15ms     62ms    0.07us    0.000ms
        SimpleDictManipulation:     26ms    115ms    0.10us    0.000ms
         SimpleFloatArithmetic:     19ms    128ms    0.10us    0.000ms
      SimpleIntFloatArithmetic:     19ms    123ms    0.09us    0.000ms
       SimpleIntegerArithmetic:     19ms     80ms    0.06us    0.000ms
        SimpleListManipulation:     47ms    124ms    0.11us    0.000ms
          SimpleLongArithmetic:     20ms     81ms    0.12us    0.000ms
                    SmallLists:     44ms     79ms    0.12us    0.000ms
                   SmallTuples:     42ms    137ms    0.25us    0.000ms
         SpecialClassAttribute:     24ms     68ms    0.06us    0.000ms
      SpecialInstanceAttribute:     23ms     66ms    0.06us    0.000ms
                StringMappings:     64ms    184ms    0.73us    0.000ms
              StringPredicates:     36ms    125ms    0.18us    0.000ms
                 StringSlicing:     26ms    241ms    0.43us    0.000ms
                     TryExcept:      2ms     25ms    0.01us    0.000ms
                TryRaiseExcept:     76ms    105ms    1.64us    0.000ms
                  TupleSlicing:     18ms     39ms    0.15us    0.000ms
               UnicodeMappings:     81ms    136ms    3.78us    0.000ms
             UnicodePredicates:     42ms     99ms    0.18us    0.000ms
             UnicodeProperties:    330ms    443ms    1.11us    0.000ms
                UnicodeSlicing:     29ms     60ms    0.12us    0.000ms
-------------------------------------------------------------------------------
Totals:                           2005ms   5483ms

===== DaCapo 9.12-MR1 jython PASSED in 24411 msec =====
<exclusive-start id="79" timestamp="2019-08-10T09:15:56.756" intervalms="1548.873">
  <response-info timems="0.075" idlems="0.075" threads="0" lastid="0000000000F8DF00" lastname="main" />
</exclusive-start>
<sys-start reason="explicit" id="80" timestamp="2019-08-10T09:15:56.756" intervalms="24722.289" />
<cycle-start id="81" type="global" contextid="0" timestamp="2019-08-10T09:15:56.756" intervalms="1548.890" />
<gc-start id="82" type="global" contextid="81" timestamp="2019-08-10T09:15:56.756">
  <mem-info id="83" free="3260631136" total="4203675648" percent="77">
    <mem type="tenure" free="3260631136" total="4203675648" percent="77">
      <mem type="soa" free="3050447968" total="3993492480" percent="76" />
      <mem type="loa" free="210183168" total="210183168" percent="100" />
    </mem>
  </mem-info>
</gc-start>
<allocation-stats totalBytes="909211664" >
  <allocated-bytes non-tlh="73719928" tlh="835491736" />
  <largest-consumer threadName="main" threadId="0000000000F8DF00" bytes="909211664" />
</allocation-stats>
<gc-op id="84" type="mark" timems="21.920" contextid="81" timestamp="2019-08-10T09:15:56.779">
  <trace-info objectcount="611075" scancount="530361" scanbytes="13694436" />
  <finalization candidates="81" enqueued="1" />
  <ownableSynchronizers candidates="24" cleared="3" />
  <references type="soft" candidates="4875" cleared="0" enqueued="0" dynamicThreshold="31" maxThreshold="32" />
  <references type="weak" candidates="5831" cleared="60" enqueued="60" />
  <references type="phantom" candidates="133" cleared="11" enqueued="11" />
  <stringconstants candidates="14264" cleared="8"  />
</gc-op>
<gc-op id="85" type="classunload" timems="0.460" contextid="81" timestamp="2019-08-10T09:15:56.779">
  <classunload-info classloadercandidates="57" classloadersunloaded="2" classesunloaded="2" anonymousclassesunloaded="0" quiescems="0.209" setupms="0.445" scanms="0.011" postms="0.004" />
</gc-op>
<gc-op id="86" type="sweep" timems="162.887" contextid="81" timestamp="2019-08-10T09:15:56.942" />
<mem-info id="87" free="4184678136" total="4203675648" percent="99">
  <mem type="tenure" free="4184678136" total="4203675648" percent="99" micro-fragmented="130017">
    <mem type="soa" free="3974494968" total="3993492480" percent="99" />
    <mem type="loa" free="210183168" total="210183168" percent="100" />
  </mem>
  <pending-finalizers system="1" default="0" reference="71" classloader="0" />
</mem-info>
<gc-op id="88" type="compact" timems="57.740" contextid="81" timestamp="2019-08-10T09:15:57.000">
  <compact-info movecount="569934" movebytes="17493000" reason="compact to aid heap contraction" />
</gc-op>
<gc-end id="89" type="global" contextid="81" durationms="244.158" usertimems="567.869" systemtimems="0.000" timestamp="2019-08-10T09:15:57.000" activeThreads="16">
  <mem-info id="90" free="4184830344" total="4203675648" percent="99">
    <mem type="tenure" free="4184830344" total="4203675648" percent="99">
      <mem type="soa" free="3974647176" total="3993492480" percent="99" />
      <mem type="loa" free="210183168" total="210183168" percent="100" />
    </mem>
    <pending-finalizers system="1" default="0" reference="71" classloader="0" />
  </mem-info>
</gc-end>
<cycle-end id="91" type="global" contextid="81" timestamp="2019-08-10T09:15:57.001" />
  <attribute name="elasticGC enabled" value="1" />
  <attribute name= "numThreadsSpecified" value="16" />
  <attribute name="heapSize specified" value="-91291648" />
  <attribute name="Current GC Util" value="435" />
  <attribute name= "Current Time Running" value="118337" />
  <attribute name ="GC Interval" value="0" />
  <attribute name="ProportionalT" value="177.500000" />
  <attribute name="ProportionalI" value="177.500000" />
  <attribute name="ProportionalH" value="177.500000" />
  <attribute name="Current Error" value="355.000000" />
  <attribute name="IntegralT" value="10295.000000" />
  <attribute name="IntegralI" value="10295.000000" />
  <attribute name="IntegralH" value="10295.000000" />
  <attribute name="DerivativeT" value="6.120690" />
  <attribute name="DerivativeI" value="6.120690" />
  <attribute name="DerivativeH" value="6.120690" />
  <attribute name="Loop Time for DT" value="58.000000" />
  <attribute name="Output H" value="8388608"/>
  <attribute name="Output I" value="4000"/>
  <attribute name="Output T" value="16"/>
  <attribute name="Target GC Util Change" value ="80.000000" />
  <attribute name="Current GC Util Change" value="435.000000"/>
  <attribute name="GC Util currently" value="435" />
  <attribute name="CPU Util currently" value="19948116212" />
<sys-end id="92" timestamp="2019-08-10T09:15:57.001" />
<exclusive-end id="93" timestamp="2019-08-10T09:15:57.001" durationms="244.578" />

===== DaCapo 9.12-MR1 pmd starting =====
===== DaCapo 9.12-MR1 pmd PASSED in 2353 msec =====
Using scaled threading model. 16 processors detected, 16 threads used to drive the workload, in a possible range of [1,512]
<exclusive-start id="94" timestamp="2019-08-10T09:15:59.480" intervalms="2723.775">
  <response-info timems="0.020" idlems="0.020" threads="0" lastid="0000000000F8DF00" lastname="main" />
</exclusive-start>
<sys-start reason="explicit" id="95" timestamp="2019-08-10T09:15:59.480" intervalms="2723.681" />
<cycle-start id="96" type="global" contextid="0" timestamp="2019-08-10T09:15:59.480" intervalms="2723.704" />
<gc-start id="97" type="global" contextid="96" timestamp="2019-08-10T09:15:59.480">
  <mem-info id="98" free="3565605144" total="4203675648" percent="84">
    <mem type="tenure" free="3565605144" total="4203675648" percent="84">
      <mem type="soa" free="3355421976" total="3993492480" percent="84" />
      <mem type="loa" free="210183168" total="210183168" percent="100" />
    </mem>
  </mem-info>
</gc-start>
<allocation-stats totalBytes="618938984" >
  <allocated-bytes non-tlh="4061352" tlh="614877632" />
  <largest-consumer threadName="main" threadId="0000000000F8DF00" bytes="18342832" />
</allocation-stats>
<gc-op id="99" type="mark" timems="20.315" contextid="96" timestamp="2019-08-10T09:15:59.500">
  <trace-info objectcount="639081" scancount="553672" scanbytes="14438496" />
  <finalization candidates="152" enqueued="1" />
  <ownableSynchronizers candidates="42" cleared="19" />
  <references type="soft" candidates="4909" cleared="0" enqueued="0" dynamicThreshold="31" maxThreshold="32" />
  <references type="weak" candidates="12189" cleared="5938" enqueued="5863" />
  <references type="phantom" candidates="1599" cleared="746" enqueued="746" />
  <stringconstants candidates="16397" cleared="1771"  />
</gc-op>
<gc-op id="100" type="classunload" timems="14.782" contextid="96" timestamp="2019-08-10T09:15:59.515">
  <classunload-info classloadercandidates="60" classloadersunloaded="5" classesunloaded="1007" anonymousclassesunloaded="0" quiescems="0.000" setupms="6.294" scanms="8.481" postms="0.007" />
</gc-op>
<gc-op id="101" type="sweep" timems="16.199" contextid="96" timestamp="2019-08-10T09:15:59.531" />
<mem-info id="102" free="4179183088" total="4203675648" percent="99">
  <mem type="tenure" free="4179183088" total="4203675648" percent="99" micro-fragmented="155373">
    <mem type="soa" free="3968999920" total="3993492480" percent="99" />
    <mem type="loa" free="210183168" total="210183168" percent="100" />
  </mem>
  <pending-finalizers system="1" default="0" reference="6609" classloader="0" />
</mem-info>
<gc-op id="103" type="compact" timems="50.929" contextid="96" timestamp="2019-08-10T09:15:59.582">
  <compact-info movecount="633111" movebytes="23626384" reason="compact to aid heap contraction" />
</gc-op>
<gc-end id="104" type="global" contextid="96" durationms="103.007" usertimems="434.180" systemtimems="0.000" timestamp="2019-08-10T09:15:59.583" activeThreads="16">
  <mem-info id="105" free="4179880864" total="4203675648" percent="99">
    <mem type="tenure" free="4179880864" total="4203675648" percent="99">
      <mem type="soa" free="3969697696" total="3993492480" percent="99" />
      <mem type="loa" free="210183168" total="210183168" percent="100" />
    </mem>
    <pending-finalizers system="1" default="0" reference="6609" classloader="0" />
  </mem-info>
</gc-end>
<cycle-end id="106" type="global" contextid="96" timestamp="2019-08-10T09:15:59.584" />
  <attribute name="elasticGC enabled" value="1" />
  <attribute name= "numThreadsSpecified" value="16" />
  <attribute name="heapSize specified" value="-91291648" />
  <attribute name="Current GC Util" value="492" />
  <attribute name= "Current Time Running" value="120919" />
  <attribute name ="GC Interval" value="0" />
  <attribute name="ProportionalT" value="206.000000" />
  <attribute name="ProportionalI" value="206.000000" />
  <attribute name="ProportionalH" value="206.000000" />
  <attribute name="Current Error" value="412.000000" />
  <attribute name="IntegralT" value="10506.000000" />
  <attribute name="IntegralI" value="10506.000000" />
  <attribute name="IntegralH" value="10506.000000" />
  <attribute name="DerivativeT" value="8.078431" />
  <attribute name="DerivativeI" value="8.078431" />
  <attribute name="DerivativeH" value="8.078431" />
  <attribute name="Loop Time for DT" value="51.000000" />
  <attribute name="Output H" value="8388608"/>
  <attribute name="Output I" value="4000"/>
  <attribute name="Output T" value="16"/>
  <attribute name="Target GC Util Change" value ="80.000000" />
  <attribute name="Current GC Util Change" value="492.000000"/>
  <attribute name="GC Util currently" value="492" />
  <attribute name="CPU Util currently" value="22625005112" />
<sys-end id="107" timestamp="2019-08-10T09:15:59.585" />
<exclusive-end id="108" timestamp="2019-08-10T09:15:59.585" durationms="104.657" />

===== DaCapo 9.12-MR1 sunflow starting =====
<exclusive-start id="109" timestamp="2019-08-10T09:16:04.177" intervalms="4697.096">
  <response-info timems="1.177" idlems="1.177" threads="0" lastid="000000000128AF00" lastname="Thread-28" />
</exclusive-start>
<af-start id="110" threadId="000000000128B888" totalBytesRequested="40" timestamp="2019-08-10T09:16:04.177" intervalms="8969.685" />
<cycle-start id="111" type="global" contextid="0" timestamp="2019-08-10T09:16:04.177" intervalms="4697.085" />
<gc-start id="112" type="global" contextid="111" timestamp="2019-08-10T09:16:04.177">
  <mem-info id="113" free="210183168" total="4203675648" percent="4">
    <mem type="tenure" free="210183168" total="4203675648" percent="4">
      <mem type="soa" free="0" total="3993492480" percent="0" />
      <mem type="loa" free="210183168" total="210183168" percent="100" />
    </mem>
  </mem-info>
</gc-start>
<allocation-stats totalBytes="3969247160" >
  <allocated-bytes non-tlh="3276712" tlh="3965970448" />
  <largest-consumer threadName="Thread-35" threadId="00000000012C3100" bytes="307339712" />
</allocation-stats>
<gc-op id="114" type="mark" timems="13.756" contextid="111" timestamp="2019-08-10T09:16:04.191">
  <trace-info objectcount="758290" scancount="674272" scanbytes="19673036" />
  <finalization candidates="151" enqueued="0" />
  <ownableSynchronizers candidates="23" cleared="0" />
  <references type="soft" candidates="4924" cleared="0" enqueued="0" dynamicThreshold="31" maxThreshold="32" />
  <references type="weak" candidates="6289" cleared="25" enqueued="25" />
  <references type="phantom" candidates="835" cleared="0" enqueued="0" />
  <stringconstants candidates="15180" cleared="2"  />
</gc-op>
<gc-op id="115" type="sweep" timems="294.593" contextid="111" timestamp="2019-08-10T09:16:04.486" />
<mem-info id="116" free="4173738600" total="4203675648" percent="99">
  <mem type="tenure" free="4173738600" total="4203675648" percent="99" micro-fragmented="1026092">
    <mem type="soa" free="3963555432" total="3993492480" percent="99" />
    <mem type="loa" free="210183168" total="210183168" percent="100" />
  </mem>
  <pending-finalizers system="0" default="0" reference="25" classloader="0" />
</mem-info>
<gc-op id="117" type="compact" timems="54.923" contextid="111" timestamp="2019-08-10T09:16:04.541">
  <compact-info movecount="693570" movebytes="26350904" reason="compact to aid heap contraction" />
</gc-op>
<gc-end id="118" type="global" contextid="111" durationms="364.209" usertimems="691.944" systemtimems="0.000" timestamp="2019-08-10T09:16:04.541" activeThreads="16">
  <mem-info id="119" free="4175344960" total="4203675648" percent="99">
    <mem type="tenure" free="4175344960" total="4203675648" percent="99">
      <mem type="soa" free="3965161792" total="3993492480" percent="99" />
      <mem type="loa" free="210183168" total="210183168" percent="100" />
    </mem>
    <pending-finalizers system="0" default="0" reference="25" classloader="0" />
  </mem-info>
</gc-end>
<cycle-end id="120" type="global" contextid="111" timestamp="2019-08-10T09:16:04.542" />
  <attribute name="elasticGC enabled" value="1" />
  <attribute name= "numThreadsSpecified" value="16" />
  <attribute name="heapSize specified" value="-91291648" />
  <attribute name="Current GC Util" value="483" />
  <attribute name= "Current Time Running" value="125877" />
  <attribute name ="GC Interval" value="0" />
  <attribute name="ProportionalT" value="201.500000" />
  <attribute name="ProportionalI" value="201.500000" />
  <attribute name="ProportionalH" value="201.500000" />
  <attribute name="Current Error" value="403.000000" />
  <attribute name="IntegralT" value="10881.000000" />
  <attribute name="IntegralI" value="10881.000000" />
  <attribute name="IntegralH" value="10881.000000" />
  <attribute name="DerivativeT" value="7.462963" />
  <attribute name="DerivativeI" value="7.462963" />
  <attribute name="DerivativeH" value="7.462963" />
  <attribute name="Loop Time for DT" value="54.000000" />
  <attribute name="Output H" value="8388608"/>
  <attribute name="Output I" value="4000"/>
  <attribute name="Output T" value="16"/>
  <attribute name="Target GC Util Change" value ="80.000000" />
  <attribute name="Current GC Util Change" value="483.000000"/>
  <attribute name="GC Util currently" value="483" />
  <attribute name="CPU Util currently" value="21013192810" />
<allocation-satisfied id="121" threadId="000000000128AF00" bytesRequested="40" />
<af-end id="122" timestamp="2019-08-10T09:16:04.542" threadId="000000000128B888" success="true" />
<exclusive-end id="123" timestamp="2019-08-10T09:16:04.542" durationms="365.321" />

===== DaCapo 9.12-MR1 sunflow PASSED in 7902 msec =====
Using scaled threading model. 16 processors detected, 16 threads used to drive the workload, in a possible range of [1,1000]
<exclusive-start id="124" timestamp="2019-08-10T09:16:07.795" intervalms="3617.975">
  <response-info timems="0.036" idlems="0.036" threads="0" lastid="0000000000F8DF00" lastname="main" />
</exclusive-start>
<sys-start reason="explicit" id="125" timestamp="2019-08-10T09:16:07.795" intervalms="8315.058" />
<cycle-start id="126" type="global" contextid="0" timestamp="2019-08-10T09:16:07.795" intervalms="3617.943" />
<gc-start id="127" type="global" contextid="126" timestamp="2019-08-10T09:16:07.795">
  <mem-info id="128" free="310870792" total="4203675648" percent="7">
    <mem type="tenure" free="310870792" total="4203675648" percent="7">
      <mem type="soa" free="100687624" total="3993492480" percent="2" />
      <mem type="loa" free="210183168" total="210183168" percent="100" />
    </mem>
  </mem-info>
</gc-start>
<allocation-stats totalBytes="3863663280" >
  <allocated-bytes non-tlh="371056" tlh="3863292224" />
  <largest-consumer threadName="main" threadId="0000000000F8DF00" bytes="11344424" />
</allocation-stats>
<gc-op id="129" type="mark" timems="25.031" contextid="126" timestamp="2019-08-10T09:16:07.820">
  <trace-info objectcount="642701" scancount="556072" scanbytes="14694740" />
  <finalization candidates="154" enqueued="1" />
  <ownableSynchronizers candidates="23" cleared="0" />
  <references type="soft" candidates="4995" cleared="0" enqueued="0" dynamicThreshold="31" maxThreshold="32" />
  <references type="weak" candidates="6375" cleared="93" enqueued="93" />
  <references type="phantom" candidates="888" cleared="10" enqueued="10" />
  <stringconstants candidates="16171" cleared="22"  />
</gc-op>
<gc-op id="130" type="classunload" timems="0.011" contextid="126" timestamp="2019-08-10T09:16:07.820">
  <classunload-info classloadercandidates="68" classloadersunloaded="0" classesunloaded="0" anonymousclassesunloaded="0" quiescems="0.000" setupms="0.010" scanms="0.000" postms="0.001" />
</gc-op>
<gc-op id="131" type="sweep" timems="924.718" contextid="126" timestamp="2019-08-10T09:16:08.745" />
<mem-info id="132" free="4180267864" total="4203675648" percent="99">
  <mem type="tenure" free="4180267864" total="4203675648" percent="99" micro-fragmented="230938">
    <mem type="soa" free="3970084696" total="3993492480" percent="99" />
    <mem type="loa" free="210183168" total="210183168" percent="100" />
  </mem>
  <pending-finalizers system="1" default="0" reference="103" classloader="0" />
</mem-info>
<gc-op id="133" type="compact" timems="42.273" contextid="126" timestamp="2019-08-10T09:16:08.787">
  <compact-info movecount="342541" movebytes="12122752" reason="compact to aid heap contraction" />
</gc-op>
<gc-end id="134" type="global" contextid="126" durationms="992.977" usertimems="1265.783" systemtimems="0.000" timestamp="2019-08-10T09:16:08.788" activeThreads="16">
  <mem-info id="135" free="4180707312" total="4203675648" percent="99">
    <mem type="tenure" free="4180707312" total="4203675648" percent="99">
      <mem type="soa" free="3970524144" total="3993492480" percent="99" />
      <mem type="loa" free="210183168" total="210183168" percent="100" />
    </mem>
    <pending-finalizers system="1" default="0" reference="103" classloader="0" />
  </mem-info>
</gc-end>
<cycle-end id="136" type="global" contextid="126" timestamp="2019-08-10T09:16:08.788" />
  <attribute name="elasticGC enabled" value="1" />
  <attribute name= "numThreadsSpecified" value="16" />
  <attribute name="heapSize specified" value="-91291648" />
  <attribute name="Current GC Util" value="485" />
  <attribute name= "Current Time Running" value="130124" />
  <attribute name ="GC Interval" value="0" />
  <attribute name="ProportionalT" value="202.500000" />
  <attribute name="ProportionalI" value="202.500000" />
  <attribute name="ProportionalH" value="202.500000" />
  <attribute name="Current Error" value="405.000000" />
  <attribute name="IntegralT" value="8505.000000" />
  <attribute name="IntegralI" value="8505.000000" />
  <attribute name="IntegralH" value="8505.000000" />
  <attribute name="DerivativeT" value="9.642857" />
  <attribute name="DerivativeI" value="9.642857" />
  <attribute name="DerivativeH" value="9.642857" />
  <attribute name="Loop Time for DT" value="42.000000" />
  <attribute name="Output H" value="8388608"/>
  <attribute name="Output I" value="4000"/>
  <attribute name="Output T" value="16"/>
  <attribute name="Target GC Util Change" value ="80.000000" />
  <attribute name="Current GC Util Change" value="485.000000"/>
  <attribute name="GC Util currently" value="485" />
  <attribute name="CPU Util currently" value="27236623371" />
<sys-end id="137" timestamp="2019-08-10T09:16:08.788" />
<exclusive-end id="138" timestamp="2019-08-10T09:16:08.788" durationms="993.251" />

===== DaCapo 9.12-MR1 xalan starting =====
<exclusive-start id="139" timestamp="2019-08-10T09:16:15.118" intervalms="7323.365">
  <response-info timems="0.517" idlems="0.272" threads="1" lastid="00000000012A5200" lastname="Thread-44" />
</exclusive-start>
<af-start id="140" threadId="0000000001284088" totalBytesRequested="16392" timestamp="2019-08-10T09:16:15.118" intervalms="10941.330" />
<cycle-start id="141" type="global" contextid="0" timestamp="2019-08-10T09:16:15.118" intervalms="7323.391" />
<gc-start id="142" type="global" contextid="141" timestamp="2019-08-10T09:16:15.118">
  <mem-info id="143" free="210183168" total="4203675648" percent="4">
    <mem type="tenure" free="210183168" total="4203675648" percent="4">
      <mem type="soa" free="0" total="3993492480" percent="0" />
      <mem type="loa" free="210183168" total="210183168" percent="100" />
    </mem>
  </mem-info>
</gc-start>
<allocation-stats totalBytes="3968914248" >
  <allocated-bytes non-tlh="1753736" tlh="3967160512" />
  <largest-consumer threadName="Thread-45" threadId="00000000012ACA00" bytes="278390856" />
</allocation-stats>
<gc-op id="144" type="mark" timems="19.302" contextid="141" timestamp="2019-08-10T09:16:15.138">
  <trace-info objectcount="673992" scancount="583075" scanbytes="16958268" />
  <finalization candidates="154" enqueued="0" />
  <ownableSynchronizers candidates="23" cleared="0" />
  <references type="soft" candidates="5020" cleared="0" enqueued="0" dynamicThreshold="31" maxThreshold="32" />
  <references type="weak" candidates="6371" cleared="28" enqueued="25" />
  <references type="phantom" candidates="899" cleared="0" enqueued="0" />
  <stringconstants candidates="16520" cleared="0"  />
</gc-op>
<gc-op id="145" type="sweep" timems="398.795" contextid="141" timestamp="2019-08-10T09:16:15.537" />
<mem-info id="146" free="4175478944" total="4203675648" percent="99">
  <mem type="tenure" free="4175478944" total="4203675648" percent="99" micro-fragmented="274843">
    <mem type="soa" free="3965295776" total="3993492480" percent="99" />
    <mem type="loa" free="210183168" total="210183168" percent="100" />
  </mem>
  <pending-finalizers system="0" default="0" reference="25" classloader="0" />
</mem-info>
<gc-op id="147" type="compact" timems="39.277" contextid="141" timestamp="2019-08-10T09:16:15.576">
  <compact-info movecount="372981" movebytes="18262296" reason="compact to aid heap contraction" />
</gc-op>
<gc-end id="148" type="global" contextid="141" durationms="458.428" usertimems="730.153" systemtimems="0.000" timestamp="2019-08-10T09:16:15.577" activeThreads="16">
  <mem-info id="149" free="4175950616" total="4203675648" percent="99">
    <mem type="tenure" free="4175950616" total="4203675648" percent="99">
      <mem type="soa" free="3965767448" total="3993492480" percent="99" />
      <mem type="loa" free="210183168" total="210183168" percent="100" />
    </mem>
    <pending-finalizers system="0" default="0" reference="25" classloader="0" />
  </mem-info>
</gc-end>
<cycle-end id="150" type="global" contextid="141" timestamp="2019-08-10T09:16:15.580" />
  <attribute name="elasticGC enabled" value="1" />
  <attribute name= "numThreadsSpecified" value="16" />
  <attribute name="heapSize specified" value="-91291648" />
  <attribute name="Current GC Util" value="479" />
  <attribute name= "Current Time Running" value="136913" />
  <attribute name ="GC Interval" value="0" />
  <attribute name="ProportionalT" value="199.500000" />
  <attribute name="ProportionalI" value="199.500000" />
  <attribute name="ProportionalH" value="199.500000" />
  <attribute name="Current Error" value="399.000000" />
  <attribute name="IntegralT" value="7780.500000" />
  <attribute name="IntegralI" value="7780.500000" />
  <attribute name="IntegralH" value="7780.500000" />
  <attribute name="DerivativeT" value="10.230769" />
  <attribute name="DerivativeI" value="10.230769" />
  <attribute name="DerivativeH" value="10.230769" />
  <attribute name="Loop Time for DT" value="39.000000" />
  <attribute name="Output H" value="8388608"/>
  <attribute name="Output I" value="4000"/>
  <attribute name="Output T" value="16"/>
  <attribute name="Target GC Util Change" value ="80.000000" />
  <attribute name="Current GC Util Change" value="479.000000"/>
  <attribute name="GC Util currently" value="479" />
  <attribute name="CPU Util currently" value="29344144640" />
<allocation-satisfied id="151" threadId="0000000001283700" bytesRequested="16392" />
<af-end id="152" timestamp="2019-08-10T09:16:15.580" threadId="0000000001284088" success="true" />
<exclusive-end id="153" timestamp="2019-08-10T09:16:15.580" durationms="461.381" />

<exclusive-start id="154" timestamp="2019-08-10T09:16:18.945" intervalms="3826.761">
  <response-info timems="0.551" idlems="0.551" threads="0" lastid="00000000012A5200" lastname="Thread-44" />
</exclusive-start>
<af-start id="155" threadId="00000000012A5B88" totalBytesRequested="16392" timestamp="2019-08-10T09:16:18.945" intervalms="3827.081" />
<cycle-start id="156" type="global" contextid="0" timestamp="2019-08-10T09:16:18.945" intervalms="3827.088" />
<gc-start id="157" type="global" contextid="156" timestamp="2019-08-10T09:16:18.946">
  <mem-info id="158" free="210183168" total="4203675648" percent="4">
    <mem type="tenure" free="210183168" total="4203675648" percent="4">
      <mem type="soa" free="0" total="3993492480" percent="0" />
      <mem type="loa" free="210183168" total="210183168" percent="100" />
    </mem>
  </mem-info>
</gc-start>
<allocation-stats totalBytes="3964391928" >
  <allocated-bytes non-tlh="16392" tlh="3964375536" />
  <largest-consumer threadName="Thread-44" threadId="00000000012A5200" bytes="345611728" />
</allocation-stats>
<gc-op id="159" type="mark" timems="36.162" contextid="156" timestamp="2019-08-10T09:16:18.982">
  <trace-info objectcount="666434" scancount="575495" scanbytes="16786596" />
  <finalization candidates="154" enqueued="0" />
  <ownableSynchronizers candidates="23" cleared="0" />
  <references type="soft" candidates="5020" cleared="0" enqueued="0" dynamicThreshold="31" maxThreshold="32" />
  <references type="weak" candidates="6344" cleared="0" enqueued="0" />
  <references type="phantom" candidates="901" cleared="0" enqueued="0" />
  <stringconstants candidates="16520" cleared="0"  />
</gc-op>
<gc-op id="160" type="sweep" timems="470.981" contextid="156" timestamp="2019-08-10T09:16:19.453" />
<mem-info id="161" free="4176237056" total="4203675648" percent="99">
  <mem type="tenure" free="4176237056" total="4203675648" percent="99" micro-fragmented="57278">
    <mem type="soa" free="3966053888" total="3993492480" percent="99" />
    <mem type="loa" free="210183168" total="210183168" percent="100" />
  </mem>
</mem-info>
<gc-op id="162" type="compact" timems="37.306" contextid="156" timestamp="2019-08-10T09:16:19.490">
  <compact-info movecount="340347" movebytes="16186600" reason="compact to aid heap contraction" />
</gc-op>
<gc-end id="163" type="global" contextid="156" durationms="545.365" usertimems="825.878" systemtimems="0.000" timestamp="2019-08-10T09:16:19.491" activeThreads="16">
  <mem-info id="164" free="4176326728" total="4203675648" percent="99">
    <mem type="tenure" free="4176326728" total="4203675648" percent="99">
      <mem type="soa" free="3966143560" total="3993492480" percent="99" />
      <mem type="loa" free="210183168" total="210183168" percent="100" />
    </mem>
  </mem-info>
</gc-end>
<cycle-end id="165" type="global" contextid="156" timestamp="2019-08-10T09:16:19.491" />
  <attribute name="elasticGC enabled" value="1" />
  <attribute name= "numThreadsSpecified" value="16" />
  <attribute name="heapSize specified" value="-91291648" />
  <attribute name="Current GC Util" value="372" />
  <attribute name= "Current Time Running" value="140827" />
  <attribute name ="GC Interval" value="0" />
  <attribute name="ProportionalT" value="146.000000" />
  <attribute name="ProportionalI" value="146.000000" />
  <attribute name="ProportionalH" value="146.000000" />
  <attribute name="Current Error" value="292.000000" />
  <attribute name="IntegralT" value="5402.000000" />
  <attribute name="IntegralI" value="5402.000000" />
  <attribute name="IntegralH" value="5402.000000" />
  <attribute name="DerivativeT" value="7.891892" />
  <attribute name="DerivativeI" value="7.891892" />
  <attribute name="DerivativeH" value="7.891892" />
  <attribute name="Loop Time for DT" value="37.000000" />
  <attribute name="Output H" value="8388608"/>
  <attribute name="Output I" value="4000"/>
  <attribute name="Output T" value="16"/>
  <attribute name="Target GC Util Change" value ="80.000000" />
  <attribute name="Current GC Util Change" value="372.000000"/>
  <attribute name="GC Util currently" value="372" />
  <attribute name="CPU Util currently" value="30827528770" />
<allocation-satisfied id="166" threadId="00000000012A5200" bytesRequested="16392" />
<af-end id="167" timestamp="2019-08-10T09:16:19.491" threadId="00000000012A5B88" success="true" />
<exclusive-end id="168" timestamp="2019-08-10T09:16:19.491" durationms="546.136" />

===== DaCapo 9.12-MR1 xalan PASSED in 11454 msec =====
</verbosegc>

