<?xml version="1.0" ?>

<verbosegc xmlns="http://www.ibm.com/j9/verbosegc" version="10b4217_CMPRSS">

<initialized id="1" timestamp="2019-06-16T19:32:04.614">
  <attribute name="gcPolicy" value="-Xgcpolicy:optavgpause" />
  <attribute name="elasticGC enabled" value="1" />
  <attribute name= "numThreadsSpecified" value="0" />
  <attribute name="heapSize specified" value="0" />
  <attribute name="Current GC Util" value="0" />
  <attribute name= "Current Time Running" value="0" />
  <attribute name ="GC Interval" value="0" />
  <attribute name="ProportionalT" value="0.000000" />
  <attribute name="ProportionalI" value="0.000000" />
  <attribute name="ProportionalH" value="0.000000" />
  <attribute name="IntegralT" value="0.000000" />
  <attribute name="IntegralI" value="0.000000" />
  <attribute name="IntegralH" value="0.000000" />
  <attribute name="DerivativeT" value="0.000000" />
  <attribute name="DerivativeI" value="0.000000" />
  <attribute name="DerivativeH" value="0.000000" />
  <attribute name="Target GC Util Change" value ="0.000000" />
  <attribute name="Current GC Util Change" value="0.000000"/>
  <attribute name="Current Error" value="0.000000" />
  <attribute name="Loop Time for DT" value="0.000000" />
  <attribute name="Output H" value="0"/>
  <attribute name="Output I" value="0"/>
  <attribute name="Output T" value="0"/>
  <attribute name="GC Util currently" value="0" />
  <attribute name="CPU Util currently" value="0" />
  <attribute name="maxHeapSize" value="0x7cbc0000" />
  <attribute name="initialHeapSize" value="0x800000" />
  <attribute name="compressedRefs" value="true" />
  <attribute name="compressedRefsDisplacement" value="0x0" />
  <attribute name="compressedRefsShift" value="0x0" />
  <attribute name="pageSize" value="0x1000" />
  <attribute name="pageType" value="not used" />
  <attribute name="requestedPageSize" value="0x1000" />
  <attribute name="requestedPageType" value="not used" />
  <attribute name="gcthreads" value="4" />
  <attribute name="packetListSplit" value="4" />
  <attribute name="cacheListSplit" value="4" />
  <attribute name="splitFreeListSplitAmount" value="1" />
  <attribute name="numaNodes" value="0" />
  <system>
    <attribute name="physicalMemory" value="8370958336" />
    <attribute name="numCPUs" value="4" />
    <attribute name="architecture" value="amd64" />
    <attribute name="os" value="Linux" />
    <attribute name="osVersion" value="4.4.0-150-generic" />
  </system>
  <vmargs>
    <vmarg name="-Xoptionsfile=/vagrant/jdk/lib/options.default" />
    <vmarg name="-Xlockword:mode=default,noLockword=java/lang/String,noLockword=java/util/MapEntry,noLockword=java/util/HashMap$Entry,noLockword..." />
    <vmarg name="-Xjcl:jclse29" />
    <vmarg name="-Dcom.ibm.oti.vm.bootstrap.library.path=/vagrant/jdk/lib/compressedrefs:/vagrant/jdk/lib" />
    <vmarg name="-Dsun.boot.library.path=/vagrant/jdk/lib/compressedrefs:/vagrant/jdk/lib" />
    <vmarg name="-Djava.library.path=/vagrant/jdk/lib/compressedrefs:/vagrant/jdk/lib:/usr/lib64:/usr/lib" />
    <vmarg name="-Djava.home=/vagrant/jdk" />
    <vmarg name="-Duser.dir=/vagrant" />
    <vmarg name="-Xgcpolicy:optavgpause" />
    <vmarg name="-Xgcelastic" />
    <vmarg name="-Xcheck:gc:::elasticGC" />
    <vmarg name="-verbose:gc" />
    <vmarg name="-Xloggc:jdk0.5-0.5-1-small-OAP-4CORE-elasticverbose4jython.txt" />
    <vmarg name="-Djava.class.path=dacapo-9.12-MR1-bach.jar" />
    <vmarg name="-Dsun.java.command=dacapo-9.12-MR1-bach.jar jython --size=small" />
    <vmarg name="-Dsun.java.launcher=SUN_STANDARD" />
    <vmarg name="-Dsun.java.launcher.pid=325" />
  </vmargs>
</initialized>

<exclusive-start id="2" timestamp="2019-06-16T19:32:24.595" intervalms="19980.704">
  <response-info timems="0.044" idlems="0.044" threads="0" lastid="0000000001F75700" lastname="main" />
</exclusive-start>
<af-start id="3" threadId="0000000001F76088" totalBytesRequested="2056" timestamp="2019-06-16T19:32:24.596" intervalms="19981.647" />
<cycle-start id="4" type="global" contextid="0" timestamp="2019-06-16T19:32:24.598" intervalms="19983.049" />
<gc-start id="5" type="global" contextid="4" timestamp="2019-06-16T19:32:24.599">
  <mem-info id="6" free="418816" total="8388608" percent="4">
    <mem type="tenure" free="418816" total="8388608" percent="4">
      <mem type="soa" free="0" total="7969792" percent="0" />
      <mem type="loa" free="418816" total="418816" percent="100" />
    </mem>
  </mem-info>
</gc-start>
<allocation-stats totalBytes="7878352" >
  <allocated-bytes non-tlh="357688" tlh="7520664" />
  <largest-consumer threadName="main" threadId="0000000001F75700" bytes="7804088" />
</allocation-stats>
<gc-op id="7" type="mark" timems="7.558" contextid="4" timestamp="2019-06-16T19:32:24.608">
  <trace-info objectcount="17675" scancount="14616" scanbytes="461016" />
  <finalization candidates="14" enqueued="1" />
  <references type="soft" candidates="63" cleared="0" enqueued="0" dynamicThreshold="32" maxThreshold="32" />
  <references type="weak" candidates="544" cleared="401" enqueued="362" />
  <references type="phantom" candidates="105" cleared="44" enqueued="44" />
  <stringconstants candidates="2406" cleared="0"  />
</gc-op>
<gc-op id="8" type="classunload" timems="0.038" contextid="4" timestamp="2019-06-16T19:32:24.608">
  <classunload-info classloadercandidates="5" classloadersunloaded="0" classesunloaded="0" anonymousclassesunloaded="0" quiescems="0.000" setupms="0.038" scanms="0.000" postms="0.000" />
</gc-op>
<gc-op id="9" type="sweep" timems="0.690" contextid="4" timestamp="2019-06-16T19:32:24.608" />
<mem-info id="10" free="7186856" total="8388608" percent="85">
  <mem type="tenure" free="7186856" total="8388608" percent="85" micro-fragmented="233216">
    <mem type="soa" free="6768040" total="7969792" percent="84" />
    <mem type="loa" free="418816" total="418816" percent="100" />
  </mem>
  <pending-finalizers system="1" default="0" reference="406" classloader="0" />
</mem-info>
<gc-op id="11" type="compact" timems="4.136" contextid="4" timestamp="2019-06-16T19:32:24.613">
  <compact-info movecount="17674" movebytes="963784" reason="compact to aid heap contraction" />
</gc-op>
<heap-resize id="12" type="expand" space="tenure" amount="2084241408" count="1" timems="0.210" reason="satisfy allocation request" timestamp="2019-06-16T19:32:24.613" />
<gc-end id="13" type="global" contextid="4" durationms="14.346" usertimems="16.000" systemtimems="0.000" timestamp="2019-06-16T19:32:24.613" activeThreads="4">
  <mem-info id="14" free="2091600608" total="2092630016" percent="99">
    <mem type="tenure" free="2091600608" total="2092630016" percent="99">
      <mem type="soa" free="1986969312" total="1987998720" percent="99" />
      <mem type="loa" free="104631296" total="104631296" percent="100" />
    </mem>
    <pending-finalizers system="1" default="0" reference="406" classloader="0" />
  </mem-info>
</gc-end>
<cycle-end id="15" type="global" contextid="4" timestamp="2019-06-16T19:32:24.613" />
  <attribute name="elasticGC enabled" value="1" />
  <attribute name= "numThreadsSpecified" value="4" />
  <attribute name="heapSize specified" value="8388608" />
  <attribute name="Current GC Util" value="41" />
  <attribute name= "Current Time Running" value="19880" />
  <attribute name ="GC Interval" value="0" />
  <attribute name="ProportionalT" value="10.500000" />
  <attribute name="ProportionalI" value="10.500000" />
  <attribute name="ProportionalH" value="10.500000" />
  <attribute name="Current Error" value="21.000000" />
  <attribute name="IntegralT" value="-198393.500000" />
  <attribute name="IntegralI" value="-198393.500000" />
  <attribute name="IntegralH" value="-198393.500000" />
  <attribute name="DerivativeT" value="4.200000" />
  <attribute name="DerivativeI" value="4.200000" />
  <attribute name="DerivativeH" value="4.200000" />
  <attribute name="Loop Time for DT" value="5.000000" />
  <attribute name="Output H" value="2092630016"/>
  <attribute name="Output I" value="200"/>
  <attribute name="Output T" value="4"/>
  <attribute name="Target GC Util Change" value ="20.000000" />
  <attribute name="Current GC Util Change" value="41.000000"/>
  <attribute name="GC Util currently" value="41" />
  <attribute name="CPU Util currently" value="12" />
<allocation-satisfied id="16" threadId="0000000001F75700" bytesRequested="2056" />
<af-end id="17" timestamp="2019-06-16T19:32:24.614" threadId="0000000001F76088" success="true" />
<exclusive-end id="18" timestamp="2019-06-16T19:32:24.614" durationms="18.464" />

<exclusive-start id="19" timestamp="2019-06-16T19:32:42.435" intervalms="17840.281">
  <response-info timems="0.020" idlems="0.020" threads="0" lastid="0000000001F75700" lastname="main" />
</exclusive-start>
<sys-start reason="explicit" id="20" timestamp="2019-06-16T19:32:42.436" intervalms="37821.078" />
<cycle-start id="21" type="global" contextid="0" timestamp="2019-06-16T19:32:42.436" intervalms="17838.092" />
<gc-start id="22" type="global" contextid="21" timestamp="2019-06-16T19:32:42.436">
  <mem-info id="23" free="2021668128" total="2092630016" percent="96">
    <mem type="tenure" free="2021668128" total="2092630016" percent="96">
      <mem type="soa" free="1917036832" total="1987998720" percent="96" />
      <mem type="loa" free="104631296" total="104631296" percent="100" />
    </mem>
  </mem-info>
</gc-start>
<allocation-stats totalBytes="69955632" >
  <allocated-bytes non-tlh="3397056" tlh="66558576" />
  <largest-consumer threadName="main" threadId="0000000001F75700" bytes="69886544" />
</allocation-stats>
<gc-op id="24" type="mark" timems="6.746" contextid="21" timestamp="2019-06-16T19:32:42.443">
  <trace-info objectcount="75372" scancount="62925" scanbytes="2107740" />
  <finalization candidates="81" enqueued="1" />
  <ownableSynchronizers candidates="21" cleared="0" />
  <references type="soft" candidates="1639" cleared="0" enqueued="0" dynamicThreshold="31" maxThreshold="32" />
  <references type="weak" candidates="5213" cleared="732" enqueued="568" />
  <references type="phantom" candidates="113" cleared="14" enqueued="14" />
  <stringconstants candidates="8669" cleared="15"  />
</gc-op>
<gc-op id="25" type="classunload" timems="0.434" contextid="21" timestamp="2019-06-16T19:32:42.443">
  <classunload-info classloadercandidates="17" classloadersunloaded="1" classesunloaded="1" anonymousclassesunloaded="0" quiescems="0.000" setupms="0.424" scanms="0.008" postms="0.002" />
</gc-op>
<gc-op id="26" type="sweep" timems="2.005" contextid="21" timestamp="2019-06-16T19:32:42.445" />
<mem-info id="27" free="2087406408" total="2092630016" percent="99">
  <mem type="tenure" free="2087406408" total="2092630016" percent="99" micro-fragmented="758626">
    <mem type="soa" free="1982775112" total="1987998720" percent="99" />
    <mem type="loa" free="104631296" total="104631296" percent="100" />
  </mem>
  <pending-finalizers system="1" default="0" reference="582" classloader="0" />
</mem-info>
<gc-op id="28" type="compact" timems="14.498" contextid="21" timestamp="2019-06-16T19:32:42.460">
  <compact-info movecount="75299" movebytes="4268640" reason="compact to aid heap contraction" />
</gc-op>
<gc-end id="29" type="global" contextid="21" durationms="24.662" usertimems="56.000" systemtimems="0.000" timestamp="2019-06-16T19:32:42.460" activeThreads="4">
  <mem-info id="30" free="2088358856" total="2092630016" percent="99">
    <mem type="tenure" free="2088358856" total="2092630016" percent="99">
      <mem type="soa" free="1983727560" total="1987998720" percent="99" />
      <mem type="loa" free="104631296" total="104631296" percent="100" />
    </mem>
    <pending-finalizers system="1" default="0" reference="582" classloader="0" />
  </mem-info>
</gc-end>
<cycle-end id="31" type="global" contextid="21" timestamp="2019-06-16T19:32:42.461" />
  <attribute name="elasticGC enabled" value="1" />
  <attribute name= "numThreadsSpecified" value="4" />
  <attribute name="heapSize specified" value="2092630016" />
  <attribute name="Current GC Util" value="173" />
  <attribute name= "Current Time Running" value="37727" />
  <attribute name ="GC Interval" value="0" />
  <attribute name="ProportionalT" value="76.500000" />
  <attribute name="ProportionalI" value="76.500000" />
  <attribute name="ProportionalH" value="76.500000" />
  <attribute name="Current Error" value="153.000000" />
  <attribute name="IntegralT" value="1147.500000" />
  <attribute name="IntegralI" value="1147.500000" />
  <attribute name="IntegralH" value="1147.500000" />
  <attribute name="DerivativeT" value="7.066667" />
  <attribute name="DerivativeI" value="7.066667" />
  <attribute name="DerivativeH" value="7.066667" />
  <attribute name="Loop Time for DT" value="15.000000" />
  <attribute name="Output H" value="8388608"/>
  <attribute name="Output I" value="1232"/>
  <attribute name="Output T" value="4"/>
  <attribute name="Target GC Util Change" value ="20.000000" />
  <attribute name="Current GC Util Change" value="173.000000"/>
  <attribute name="GC Util currently" value="173" />
  <attribute name="CPU Util currently" value="314137341567" />
<sys-end id="32" timestamp="2019-06-16T19:32:42.461" />
<exclusive-end id="33" timestamp="2019-06-16T19:32:42.461" durationms="25.363" />

</verbosegc>

