<?xml version="1.0" ?>

<verbosegc xmlns="http://www.ibm.com/j9/verbosegc" version="10b4217_CMPRSS">

<initialized id="1" timestamp="2019-06-15T22:45:07.155">
  <attribute name="gcPolicy" value="-Xgcpolicy:balanced" />
  <attribute name="elasticGC enabled" value="1" />
  <attribute name= "numThreadsSpecified" value="0" />
  <attribute name="heapSize specified" value="0" />
  <attribute name="Current GC Util" value="0" />
  <attribute name= "Current Time Running" value="0" />
  <attribute name ="GC Interval" value="0" />
  <attribute name="ProportionalT" value="0.000000" />
  <attribute name="ProportionalI" value="0.000000" />
  <attribute name="ProportionalH" value="0.000000" />
  <attribute name="IntegralT" value="0.000000" />
  <attribute name="IntegralI" value="0.000000" />
  <attribute name="IntegralH" value="0.000000" />
  <attribute name="DerivativeT" value="0.000000" />
  <attribute name="DerivativeI" value="0.000000" />
  <attribute name="DerivativeH" value="0.000000" />
  <attribute name="Target GC Util Change" value ="0.000000" />
  <attribute name="Current GC Util Change" value="0.000000"/>
  <attribute name="Current Error" value="0.000000" />
  <attribute name="Loop Time for DT" value="0.000000" />
  <attribute name="Output H" value="0"/>
  <attribute name="Output I" value="0"/>
  <attribute name="Output T" value="0"/>
  <attribute name="GC Util currently" value="0" />
  <attribute name="CPU Util currently" value="0" />
  <attribute name="maxHeapSize" value="0x7cb00000" />
  <attribute name="initialHeapSize" value="0x800000" />
  <attribute name="compressedRefs" value="true" />
  <attribute name="compressedRefsDisplacement" value="0x0" />
  <attribute name="compressedRefsShift" value="0x0" />
  <attribute name="pageSize" value="0x1000" />
  <attribute name="pageType" value="not used" />
  <attribute name="requestedPageSize" value="0x1000" />
  <attribute name="requestedPageType" value="not used" />
  <attribute name="gcthreads" value="4" />
  <attribute name="packetListSplit" value="4" />
  <attribute name="cacheListSplit" value="4" />
  <attribute name="splitFreeListSplitAmount" value="1" />
  <attribute name="numaNodes" value="0" />
  <region>
    <attribute name="regionSize" value="1048576" />
    <attribute name="regionCount" value="1995" />
    <attribute name="arrayletLeafSize" value="1048576" />
  </region>
  <system>
    <attribute name="physicalMemory" value="8370958336" />
    <attribute name="numCPUs" value="4" />
    <attribute name="architecture" value="amd64" />
    <attribute name="os" value="Linux" />
    <attribute name="osVersion" value="4.4.0-150-generic" />
  </system>
  <vmargs>
    <vmarg name="-Xoptionsfile=/vagrant/jdk/lib/options.default" />
    <vmarg name="-Xlockword:mode=default,noLockword=java/lang/String,noLockword=java/util/MapEntry,noLockword=java/util/HashMap$Entry,noLockword..." />
    <vmarg name="-Xjcl:jclse29" />
    <vmarg name="-Dcom.ibm.oti.vm.bootstrap.library.path=/vagrant/jdk/lib/compressedrefs:/vagrant/jdk/lib" />
    <vmarg name="-Dsun.boot.library.path=/vagrant/jdk/lib/compressedrefs:/vagrant/jdk/lib" />
    <vmarg name="-Djava.library.path=/vagrant/jdk/lib/compressedrefs:/vagrant/jdk/lib:/usr/lib64:/usr/lib" />
    <vmarg name="-Djava.home=/vagrant/jdk" />
    <vmarg name="-Duser.dir=/vagrant" />
    <vmarg name="-Xgcpolicy:balanced" />
    <vmarg name="-Xgcelastic" />
    <vmarg name="-Xcheck:gc:::elasticGC" />
    <vmarg name="-verbose:gc" />
    <vmarg name="-Xloggc:jdk1.5-1-1-small-BAL-4CORE-elasticverbose5jython.txt" />
    <vmarg name="-Djava.class.path=dacapo-9.12-MR1-bach.jar" />
    <vmarg name="-Dsun.java.command=dacapo-9.12-MR1-bach.jar jython --size=small" />
    <vmarg name="-Dsun.java.launcher=SUN_STANDARD" />
    <vmarg name="-Dsun.java.launcher.pid=5839" />
  </vmargs>
</initialized>

<exclusive-start id="2" timestamp="2019-06-15T22:45:36.923" intervalms="29767.238">
  <response-info timems="0.183" idlems="0.183" threads="0" lastid="0000000000E66700" lastname="main" />
</exclusive-start>
<allocation-taxation id="3" taxation-threshold="8388608" timestamp="2019-06-15T22:45:36.924" intervalms="29768.943" />
<cycle-start id="4" type="partial gc" contextid="0" timestamp="2019-06-15T22:45:36.926" intervalms="29770.823" />
<gc-start id="5" type="partial gc" contextid="4" timestamp="2019-06-15T22:45:36.928">
  <mem-info id="6" free="0" total="8388608" percent="0">
    <mem type="eden" free="80" total="8388608" percent="0" />
    <remembered-set count="0" freebytes="334848" totalbytes="334848" percent="100" regionsoverflowed="0" regionsstable="0" regionsrebuilding="0"/>
  </mem-info>
</gc-start>
<allocation-stats totalBytes="8324000" >
  <allocated-bytes non-tlh="357600" tlh="7966400" arrayletleaf="0"/>
  <largest-consumer threadName="main" threadId="0000000000E66700" bytes="8249680" />
</allocation-stats>
<gc-op id="7" type="mark" timems="13.589" contextid="4" timestamp="2019-06-15T22:45:36.949">
  <trace-info objectcount="17716" scancount="14028" scanbytes="460928" />
  <remembered-set-cleared processed="0" cleared="0" durationms="2.150" />
  <finalization candidates="14" enqueued="1" />
  <references type="soft" candidates="63" cleared="0" enqueued="0" dynamicThreshold="32" maxThreshold="32" />
  <references type="weak" candidates="544" cleared="401" enqueued="362" />
  <references type="phantom" candidates="105" cleared="44" enqueued="44" />
  <stringconstants candidates="2406" cleared="0"  />
  <warning details="Mark for calibration purposes" />
</gc-op>
<gc-op id="8" type="classunload" timems="0.319" contextid="4" timestamp="2019-06-15T22:45:36.950">
  <classunload-info classloadercandidates="5" classloadersunloaded="0" classesunloaded="0" anonymousclassesunloaded="0" quiescems="0.000" setupms="0.318" scanms="0.000" postms="0.000" />
</gc-op>
<gc-op id="9" type="sweep" timems="6.020" contextid="4" timestamp="2019-06-15T22:45:36.957" />
<gc-op id="10" type="compact" timems="11.133" contextid="4" timestamp="2019-06-15T22:45:36.970">
  <compact-info movecount="17716" movebytes="965328" />
  <remembered-set-cleared processed="0" cleared="0" durationms="2.150" />
</gc-op>
<gc-end id="11" type="partial gc" contextid="4" durationms="43.924" usertimems="40.000" systemtimems="12.000" timestamp="2019-06-15T22:45:36.971" activeThreads="4">
  <mem-info id="12" free="7340032" total="8388608" percent="87">
    <mem type="eden" free="83248" total="1048576" percent="7" />
    <pending-finalizers system="1" default="0" reference="406" classloader="0" />
    <remembered-set count="0" freebytes="334848" totalbytes="334848" percent="100" regionsoverflowed="0" regionsstable="0" regionsrebuilding="0"/>
  </mem-info>
</gc-end>
<cycle-end id="13" type="partial gc" contextid="4" timestamp="2019-06-15T22:45:36.972" />
  <attribute name="elasticGC enabled" value="1" />
  <attribute name= "numThreadsSpecified" value="4" />
  <attribute name="heapSize specified" value="0" />
  <attribute name="Current GC Util" value="98" />
  <attribute name= "Current Time Running" value="29671" />
  <attribute name ="GC Interval" value="0" />
  <attribute name="ProportionalT" value="117.000000" />
  <attribute name="ProportionalI" value="117.000000" />
  <attribute name="ProportionalH" value="117.000000" />
  <attribute name="Current Error" value="78.000000" />
  <attribute name="IntegralT" value="-590997.000000" />
  <attribute name="IntegralI" value="-590997.000000" />
  <attribute name="IntegralH" value="-590997.000000" />
  <attribute name="DerivativeT" value="1.571429" />
  <attribute name="DerivativeI" value="1.571429" />
  <attribute name="DerivativeH" value="1.571429" />
  <attribute name="Loop Time for DT" value="7.000000" />
  <attribute name="Output H" value="2091843584"/>
  <attribute name="Output I" value="200"/>
  <attribute name="Output T" value="4"/>
  <attribute name="Target GC Util Change" value ="20.000000" />
  <attribute name="Current GC Util Change" value="98.000000"/>
  <attribute name="GC Util currently" value="98" />
  <attribute name="CPU Util currently" value="632816198846" />
<exclusive-end id="14" timestamp="2019-06-15T22:45:36.972" durationms="49.754" />

<exclusive-start id="15" timestamp="2019-06-15T22:45:51.208" intervalms="14286.059">
  <response-info timems="0.049" idlems="0.049" threads="0" lastid="0000000000E66700" lastname="main" />
</exclusive-start>
<allocation-taxation id="16" taxation-threshold="7340032" timestamp="2019-06-15T22:45:51.209" intervalms="14284.556" />
<cycle-start id="17" type="partial gc" contextid="0" timestamp="2019-06-15T22:45:51.209" intervalms="14282.880" />
<gc-start id="18" type="partial gc" contextid="17" timestamp="2019-06-15T22:45:51.209">
  <mem-info id="19" free="0" total="8388608" percent="0">
    <mem type="eden" free="0" total="7340032" percent="0" />
    <remembered-set count="0" freebytes="334848" totalbytes="334848" percent="100" regionsoverflowed="0" regionsstable="0" regionsrebuilding="0"/>
  </mem-info>
</gc-start>
<allocation-stats totalBytes="7333304" >
  <allocated-bytes non-tlh="558568" tlh="6774736" arrayletleaf="0"/>
  <largest-consumer threadName="main" threadId="0000000000E66700" bytes="7325024" />
</allocation-stats>
<gc-op id="20" type="mark" timems="1.783" contextid="17" timestamp="2019-06-15T22:45:51.211">
  <trace-info objectcount="20303" scancount="16164" scanbytes="550168" />
  <remembered-set-cleared processed="0" cleared="0" durationms="0.045" />
  <finalization candidates="50" enqueued="0" />
  <ownableSynchronizers candidates="17" cleared="0" />
  <references type="soft" candidates="67" cleared="0" enqueued="0" dynamicThreshold="28" maxThreshold="32" />
  <references type="weak" candidates="812" cleared="376" enqueued="266" />
  <references type="phantom" candidates="88" cleared="2" enqueued="2" />
  <stringconstants candidates="2652" cleared="0"  />
  <warning details="Mark invoked due to insufficient free space for Copy-Forward" />
</gc-op>
<gc-op id="21" type="classunload" timems="0.001" contextid="17" timestamp="2019-06-15T22:45:51.211">
  <classunload-info classloadercandidates="6" classloadersunloaded="0" classesunloaded="0" anonymousclassesunloaded="0" quiescems="0.000" setupms="0.001" scanms="0.000" postms="0.000" />
</gc-op>
<gc-op id="22" type="sweep" timems="0.437" contextid="17" timestamp="2019-06-15T22:45:51.212" />
<gc-op id="23" type="compact" timems="3.715" contextid="17" timestamp="2019-06-15T22:45:51.216">
  <compact-info movecount="20303" movebytes="1542448" />
  <remembered-set-cleared processed="0" cleared="0" durationms="0.045" />
</gc-op>
<gc-end id="24" type="partial gc" contextid="17" durationms="7.593" usertimems="8.000" systemtimems="0.000" timestamp="2019-06-15T22:45:51.217" activeThreads="1">
  <mem-info id="25" free="6291456" total="8388608" percent="75">
    <mem type="eden" free="282472" total="1048576" percent="26" />
    <pending-finalizers system="0" default="0" reference="268" classloader="0" />
    <remembered-set count="512" freebytes="332800" totalbytes="334848" percent="99" regionsoverflowed="0" regionsstable="0" regionsrebuilding="0"/>
  </mem-info>
</gc-end>
<cycle-end id="26" type="partial gc" contextid="17" timestamp="2019-06-15T22:45:51.217" />
  <attribute name="elasticGC enabled" value="1" />
  <attribute name= "numThreadsSpecified" value="1" />
  <attribute name="heapSize specified" value="0" />
  <attribute name="Current GC Util" value="48" />
  <attribute name= "Current Time Running" value="43925" />
  <attribute name ="GC Interval" value="0" />
  <attribute name="ProportionalT" value="42.000000" />
  <attribute name="ProportionalI" value="42.000000" />
  <attribute name="ProportionalH" value="42.000000" />
  <attribute name="Current Error" value="28.000000" />
  <attribute name="IntegralT" value="0.000000" />
  <attribute name="IntegralI" value="0.000000" />
  <attribute name="IntegralH" value="0.000000" />
  <attribute name="DerivativeT" value="inf" />
  <attribute name="DerivativeI" value="inf" />
  <attribute name="DerivativeH" value="inf" />
  <attribute name="Loop Time for DT" value="0.000000" />
  <attribute name="Output H" value="8388608"/>
  <attribute name="Output I" value="200"/>
  <attribute name="Output T" value="1"/>
  <attribute name="Target GC Util Change" value ="20.000000" />
  <attribute name="Current GC Util Change" value="48.000000"/>
  <attribute name="GC Util currently" value="48" />
  <attribute name="CPU Util currently" value="5737897608062" />
<exclusive-end id="27" timestamp="2019-06-15T22:45:51.217" durationms="8.662" />

<exclusive-start id="28" timestamp="2019-06-15T22:45:51.354" intervalms="146.138">
  <response-info timems="0.023" idlems="0.023" threads="0" lastid="0000000000E66700" lastname="main" />
</exclusive-start>
<allocation-taxation id="29" taxation-threshold="3145728" timestamp="2019-06-15T22:45:51.355" intervalms="146.023" />
<cycle-start id="30" type="global mark phase" contextid="0" timestamp="2019-06-15T22:45:51.355" intervalms="44199.701" />
<gc-start id="31" type="global mark phase" contextid="30" timestamp="2019-06-15T22:45:51.355">
  <mem-info id="32" free="3145728" total="8388608" percent="37">
    <remembered-set count="352" freebytes="333440" totalbytes="334848" percent="99" regionsoverflowed="0" regionsstable="0" regionsrebuilding="0"/>
  </mem-info>
</gc-start>
<gc-op id="33" type="mark increment" timems="1.324" contextid="30" timestamp="2019-06-15T22:45:51.356">
  <trace-info objectcount="112" scancount="0" scanbytes="0" />
</gc-op>
<gc-end id="34" type="global mark phase" contextid="30" durationms="1.426" usertimems="0.000" systemtimems="0.000" timestamp="2019-06-15T22:45:51.356" activeThreads="1">
  <mem-info id="35" free="3145728" total="8388608" percent="37">
    <remembered-set count="352" freebytes="333440" totalbytes="334848" percent="99" regionsoverflowed="0" regionsstable="0" regionsrebuilding="0"/>
  </mem-info>
</gc-end>
<concurrent-start id="36" type="GMP work packet processing" contextid="30" timestamp="2019-06-15T22:45:51.356">
  <concurrent-mark-start scanTarget="18446744073709551615" />
</concurrent-start>
<exclusive-end id="37" timestamp="2019-06-15T22:45:51.356" durationms="1.911" />

<concurrent-end id="38" type="GMP work packet processing" contextid="30" timestamp="2019-06-15T22:45:51.359">
  <concurrent-mark-end bytesScanned="790304" reasonForTermination="Completed all work in GC phase" />
</concurrent-end>

<exclusive-start id="39" timestamp="2019-06-15T22:45:54.539" intervalms="3184.379">
  <response-info timems="0.025" idlems="0.025" threads="0" lastid="0000000000E66700" lastname="main" />
</exclusive-start>
<allocation-taxation id="40" taxation-threshold="3145728" timestamp="2019-06-15T22:45:54.539" intervalms="3184.432" />
<cycle-start id="41" type="partial gc" contextid="0" timestamp="2019-06-15T22:45:54.539" intervalms="3330.417" />
<gc-start id="42" type="partial gc" contextid="41" timestamp="2019-06-15T22:45:54.539">
  <mem-info id="43" free="0" total="8388608" percent="0">
    <mem type="eden" free="0" total="6291456" percent="0" />
    <remembered-set count="352" freebytes="333440" totalbytes="334848" percent="99" regionsoverflowed="0" regionsstable="0" regionsrebuilding="0"/>
  </mem-info>
</gc-start>
<allocation-stats totalBytes="6285632" >
  <allocated-bytes non-tlh="258376" tlh="6027256" arrayletleaf="0"/>
  <largest-consumer threadName="main" threadId="0000000000E66700" bytes="3143392" />
</allocation-stats>
<gc-op id="44" type="mark" timems="2.510" contextid="41" timestamp="2019-06-15T22:45:54.543">
  <trace-info objectcount="19962" scancount="15906" scanbytes="532384" />
  <cardclean-info objects="703" bytes="30908" />
  <remembered-set-cleared processed="279" cleared="279" durationms="0.052" />
  <finalization candidates="50" enqueued="1" />
  <ownableSynchronizers candidates="17" cleared="0" />
  <references type="soft" candidates="385" cleared="0" enqueued="0" dynamicThreshold="12" maxThreshold="32" />
  <references type="weak" candidates="1248" cleared="151" enqueued="139" />
  <references type="phantom" candidates="43" cleared="6" enqueued="6" />
  <stringconstants candidates="4558" cleared="0"  />
  <warning details="Mark invoked due to insufficient free space for Copy-Forward" />
</gc-op>
<gc-op id="45" type="classunload" timems="0.002" contextid="41" timestamp="2019-06-15T22:45:54.543">
  <classunload-info classloadercandidates="10" classloadersunloaded="0" classesunloaded="0" anonymousclassesunloaded="0" quiescems="0.000" setupms="0.002" scanms="0.000" postms="0.000" />
</gc-op>
<gc-op id="46" type="sweep" timems="0.812" contextid="41" timestamp="2019-06-15T22:45:54.544" />
<gc-op id="47" type="compact" timems="3.092" contextid="41" timestamp="2019-06-15T22:45:54.547">
  <compact-info movecount="19864" movebytes="1363360" />
  <remembered-set-cleared processed="3365" cleared="3365" durationms="0.052" />
</gc-op>
<gc-end id="48" type="partial gc" contextid="41" durationms="8.150" usertimems="0.000" systemtimems="12.000" timestamp="2019-06-15T22:45:54.548" activeThreads="4">
  <mem-info id="49" free="5242880" total="8388608" percent="62">
    <mem type="eden" free="435664" total="1048576" percent="41" />
    <pending-finalizers system="1" default="0" reference="145" classloader="0" />
    <remembered-set count="3072" freebytes="322560" totalbytes="334848" percent="96" regionsoverflowed="0" regionsstable="0" regionsrebuilding="0"/>
  </mem-info>
</gc-end>
<cycle-end id="50" type="partial gc" contextid="41" timestamp="2019-06-15T22:45:54.548" />
  <attribute name="elasticGC enabled" value="1" />
  <attribute name= "numThreadsSpecified" value="4" />
  <attribute name="heapSize specified" value="0" />
  <attribute name="Current GC Util" value="135" />
  <attribute name= "Current Time Running" value="47257" />
  <attribute name ="GC Interval" value="0" />
  <attribute name="ProportionalT" value="172.500000" />
  <attribute name="ProportionalI" value="172.500000" />
  <attribute name="ProportionalH" value="172.500000" />
  <attribute name="Current Error" value="115.000000" />
  <attribute name="IntegralT" value="115.000000" />
  <attribute name="IntegralI" value="115.000000" />
  <attribute name="IntegralH" value="115.000000" />
  <attribute name="DerivativeT" value="115.000000" />
  <attribute name="DerivativeI" value="115.000000" />
  <attribute name="DerivativeH" value="115.000000" />
  <attribute name="Loop Time for DT" value="1.000000" />
  <attribute name="Output H" value="8388608"/>
  <attribute name="Output I" value="408"/>
  <attribute name="Output T" value="4"/>
  <attribute name="Target GC Util Change" value ="20.000000" />
  <attribute name="Current GC Util Change" value="135.000000"/>
  <attribute name="GC Util currently" value="135" />
  <attribute name="CPU Util currently" value="4380750379785" />
<exclusive-end id="51" timestamp="2019-06-15T22:45:54.548" durationms="9.077" />

<exclusive-start id="52" timestamp="2019-06-15T22:45:54.631" intervalms="92.309">
  <response-info timems="0.060" idlems="0.060" threads="0" lastid="0000000000E66700" lastname="main" />
</exclusive-start>
<allocation-taxation id="53" taxation-threshold="2097152" timestamp="2019-06-15T22:45:54.631" intervalms="92.279" />
<gc-start id="54" type="global mark phase" contextid="30" timestamp="2019-06-15T22:45:54.631">
  <mem-info id="55" free="3145728" total="8388608" percent="37">
    <remembered-set count="2624" freebytes="324352" totalbytes="334848" percent="96" regionsoverflowed="0" regionsstable="0" regionsrebuilding="0"/>
  </mem-info>
</gc-start>
<gc-op id="56" type="mark increment" timems="3.532" contextid="30" timestamp="2019-06-15T22:45:54.635">
  <trace-info objectcount="22790" scancount="18429" scanbytes="628304" />
  <cardclean-info objects="935" bytes="40816" />
  <finalization candidates="65" enqueued="0" />
  <ownableSynchronizers candidates="17" cleared="0" />
  <references type="soft" candidates="586" cleared="0" enqueued="0" dynamicThreshold="20" maxThreshold="32" />
  <references type="weak" candidates="1426" cleared="13" enqueued="13" />
  <references type="phantom" candidates="94" cleared="0" enqueued="0" />
  <stringconstants candidates="4917" cleared="0"  />
</gc-op>
<gc-op id="57" type="classunload" timems="0.003" contextid="30" timestamp="2019-06-15T22:45:54.635">
  <classunload-info classloadercandidates="10" classloadersunloaded="0" classesunloaded="0" anonymousclassesunloaded="0" quiescems="0.000" setupms="0.003" scanms="0.000" postms="0.000" />
</gc-op>
<gc-end id="58" type="global mark phase" contextid="30" durationms="4.010" usertimems="4.000" systemtimems="0.000" timestamp="2019-06-15T22:45:54.635" activeThreads="4">
  <mem-info id="59" free="3145728" total="8388608" percent="37">
    <pending-finalizers system="0" default="0" reference="13" classloader="0" />
    <remembered-set count="2624" freebytes="324352" totalbytes="334848" percent="96" regionsoverflowed="0" regionsstable="0" regionsrebuilding="0"/>
  </mem-info>
</gc-end>
<cycle-end id="60" type="global mark phase" contextid="30" timestamp="2019-06-15T22:45:54.636" />
  <attribute name="elasticGC enabled" value="1" />
  <attribute name= "numThreadsSpecified" value="4" />
  <attribute name="heapSize specified" value="0" />
  <attribute name="Current GC Util" value="106" />
  <attribute name= "Current Time Running" value="47346" />
  <attribute name ="GC Interval" value="0" />
  <attribute name="ProportionalT" value="129.000000" />
  <attribute name="ProportionalI" value="129.000000" />
  <attribute name="ProportionalH" value="129.000000" />
  <attribute name="Current Error" value="86.000000" />
  <attribute name="IntegralT" value="86.000000" />
  <attribute name="IntegralI" value="86.000000" />
  <attribute name="IntegralH" value="86.000000" />
  <attribute name="DerivativeT" value="-14.000000" />
  <attribute name="DerivativeI" value="-14.000000" />
  <attribute name="DerivativeH" value="-14.000000" />
  <attribute name="Loop Time for DT" value="1.000000" />
  <attribute name="Output H" value="8388608"/>
  <attribute name="Output I" value="208"/>
  <attribute name="Output T" value="4"/>
  <attribute name="Target GC Util Change" value ="20.000000" />
  <attribute name="Current GC Util Change" value="106.000000"/>
  <attribute name="GC Util currently" value="106" />
  <attribute name="CPU Util currently" value="3709570423711" />
<exclusive-end id="61" timestamp="2019-06-15T22:45:54.636" durationms="4.552" />

<exclusive-start id="62" timestamp="2019-06-15T22:45:54.693" intervalms="61.738">
  <response-info timems="0.025" idlems="0.025" threads="0" lastid="0000000000E66700" lastname="main" />
</exclusive-start>
<allocation-taxation id="63" taxation-threshold="2097152" timestamp="2019-06-15T22:45:54.693" intervalms="61.772" />
<cycle-start id="64" type="partial gc" contextid="0" timestamp="2019-06-15T22:45:54.693" intervalms="154.055" />
<gc-start id="65" type="partial gc" contextid="64" timestamp="2019-06-15T22:45:54.694">
  <mem-info id="66" free="1048576" total="8388608" percent="12">
    <mem type="eden" free="435664" total="5242880" percent="8" />
    <remembered-set count="2624" freebytes="324352" totalbytes="334848" percent="96" regionsoverflowed="0" regionsstable="0" regionsrebuilding="0"/>
  </mem-info>
</gc-start>
<allocation-stats totalBytes="4179568" >
  <allocated-bytes non-tlh="85040" tlh="4094528" arrayletleaf="0"/>
  <largest-consumer threadName="main" threadId="0000000000E66700" bytes="2095456" />
</allocation-stats>
<gc-op id="67" type="sweep" timems="0.906" contextid="64" timestamp="2019-06-15T22:45:54.695" />
<gc-op id="68" type="copy forward" timems="6.275" contextid="64" timestamp="2019-06-15T22:45:54.702">
  <memory-copied type="eden" objects="1308" bytes="50632" bytesdiscarded="5942" />
  <memory-copied type="other" objects="19361" bytes="748952" bytesdiscarded="57530" />
  <memory-cardclean objects="654" bytes="35744" />
  <memory-traced type="eden" objects="784" bytes="52792" />
  <memory-traced type="other" objects="0" bytes="0" />
  <regions eden="2" other="3" evacuated="4" marked="1" />
  <remembered-set-cleared processed="1596" cleared="1386" durationms="0.055" />
  <finalization candidates="15" enqueued="0" />
  <references type="soft" candidates="562" cleared="0" enqueued="0" dynamicThreshold="12" maxThreshold="32" />
  <references type="weak" candidates="1171" cleared="0" enqueued="0" />
  <references type="phantom" candidates="10" cleared="0" enqueued="0" />
  <stringconstants candidates="5120" cleared="0"  />
  <heap-resize type="expand" space="default" amount="1048576" count="1" timems="0.301" reason="continue current collection" />
</gc-op>
<gc-op id="69" type="classunload" timems="0.002" contextid="64" timestamp="2019-06-15T22:45:54.702">
  <classunload-info classloadercandidates="10" classloadersunloaded="0" classesunloaded="0" anonymousclassesunloaded="0" quiescems="0.000" setupms="0.002" scanms="0.000" postms="0.000" />
</gc-op>
<gc-op id="70" type="compact" timems="1.725" contextid="64" timestamp="2019-06-15T22:45:54.704">
  <compact-info movecount="921" movebytes="93344" />
  <remembered-set-cleared processed="4690" cleared="2411" durationms="0.059" />
</gc-op>
<gc-end id="71" type="partial gc" contextid="64" durationms="10.875" usertimems="0.000" systemtimems="16.000" timestamp="2019-06-15T22:45:54.704" activeThreads="4">
  <mem-info id="72" free="4194304" total="9437184" percent="44">
    <mem type="eden" free="2187776" total="3145728" percent="69" />
    <remembered-set count="3872" freebytes="361216" totalbytes="376704" percent="95" regionsoverflowed="0" regionsstable="0" regionsrebuilding="0"/>
  </mem-info>
</gc-end>
<cycle-end id="73" type="partial gc" contextid="64" timestamp="2019-06-15T22:45:54.705" />
  <attribute name="elasticGC enabled" value="1" />
  <attribute name= "numThreadsSpecified" value="4" />
  <attribute name="heapSize specified" value="0" />
  <attribute name="Current GC Util" value="130" />
  <attribute name= "Current Time Running" value="47415" />
  <attribute name ="GC Interval" value="0" />
  <attribute name="ProportionalT" value="165.000000" />
  <attribute name="ProportionalI" value="165.000000" />
  <attribute name="ProportionalH" value="165.000000" />
  <attribute name="Current Error" value="110.000000" />
  <attribute name="IntegralT" value="660.000000" />
  <attribute name="IntegralI" value="660.000000" />
  <attribute name="IntegralH" value="660.000000" />
  <attribute name="DerivativeT" value="10.333333" />
  <attribute name="DerivativeI" value="10.333333" />
  <attribute name="DerivativeH" value="10.333333" />
  <attribute name="Loop Time for DT" value="6.000000" />
  <attribute name="Output H" value="8388608"/>
  <attribute name="Output I" value="840"/>
  <attribute name="Output T" value="4"/>
  <attribute name="Target GC Util Change" value ="20.000000" />
  <attribute name="Current GC Util Change" value="130.000000"/>
  <attribute name="GC Util currently" value="130" />
  <attribute name="CPU Util currently" value="689067365764" />
<exclusive-end id="74" timestamp="2019-06-15T22:45:54.705" durationms="11.881" />

<exclusive-start id="75" timestamp="2019-06-15T22:45:54.775" intervalms="82.041">
  <response-info timems="0.039" idlems="0.039" threads="0" lastid="0000000000E66700" lastname="main" />
</exclusive-start>
<allocation-taxation id="76" taxation-threshold="2097152" timestamp="2019-06-15T22:45:54.775" intervalms="82.024" />
<cycle-start id="77" type="global mark phase" contextid="0" timestamp="2019-06-15T22:45:54.775" intervalms="3420.482" />
<gc-start id="78" type="global mark phase" contextid="77" timestamp="2019-06-15T22:45:54.775">
  <mem-info id="79" free="2097152" total="9437184" percent="22">
    <remembered-set count="3680" freebytes="361984" totalbytes="376704" percent="96" regionsoverflowed="0" regionsstable="0" regionsrebuilding="0"/>
  </mem-info>
</gc-start>
<gc-op id="80" type="mark increment" timems="0.825" contextid="77" timestamp="2019-06-15T22:45:54.776">
  <trace-info objectcount="131" scancount="0" scanbytes="0" />
</gc-op>
<gc-end id="81" type="global mark phase" contextid="77" durationms="1.057" usertimems="4.000" systemtimems="0.000" timestamp="2019-06-15T22:45:54.776" activeThreads="4">
  <mem-info id="82" free="2097152" total="9437184" percent="22">
    <remembered-set count="3680" freebytes="361984" totalbytes="376704" percent="96" regionsoverflowed="0" regionsstable="0" regionsrebuilding="0"/>
  </mem-info>
</gc-end>
<concurrent-start id="83" type="GMP work packet processing" contextid="77" timestamp="2019-06-15T22:45:54.776">
  <concurrent-mark-start scanTarget="18446744073709551615" />
</concurrent-start>
<exclusive-end id="84" timestamp="2019-06-15T22:45:54.777" durationms="1.669" />

<concurrent-end id="85" type="GMP work packet processing" contextid="77" timestamp="2019-06-15T22:45:54.780">
  <concurrent-mark-end bytesScanned="1189076" reasonForTermination="Completed all work in GC phase" />
</concurrent-end>

<exclusive-start id="86" timestamp="2019-06-15T22:45:54.849" intervalms="74.113">
  <response-info timems="0.052" idlems="0.052" threads="0" lastid="0000000000E66700" lastname="main" />
</exclusive-start>
<allocation-taxation id="87" taxation-threshold="2097152" timestamp="2019-06-15T22:45:54.849" intervalms="74.088" />
<cycle-start id="88" type="partial gc" contextid="0" timestamp="2019-06-15T22:45:54.849" intervalms="156.083" />
<gc-start id="89" type="partial gc" contextid="88" timestamp="2019-06-15T22:45:54.850">
  <mem-info id="90" free="0" total="9437184" percent="0">
    <mem type="eden" free="954376" total="5242880" percent="18" />
    <remembered-set count="3680" freebytes="361984" totalbytes="376704" percent="96" regionsoverflowed="0" regionsstable="0" regionsrebuilding="0"/>
  </mem-info>
</gc-start>
<allocation-stats totalBytes="4190376" >
  <allocated-bytes non-tlh="122792" tlh="4067584" arrayletleaf="0"/>
  <largest-consumer threadName="main" threadId="0000000000E66700" bytes="2034960" />
</allocation-stats>
<gc-op id="91" type="mark" timems="2.278" contextid="88" timestamp="2019-06-15T22:45:54.852">
  <trace-info objectcount="16241" scancount="13993" scanbytes="509948" />
  <cardclean-info objects="1761" bytes="81920" />
  <remembered-set-cleared processed="2284" cleared="1092" durationms="0.070" />
  <finalization candidates="18" enqueued="0" />
  <ownableSynchronizers candidates="4" cleared="0" />
  <references type="soft" candidates="431" cleared="0" enqueued="0" dynamicThreshold="7" maxThreshold="32" />
  <references type="weak" candidates="2283" cleared="461" enqueued="313" />
  <references type="phantom" candidates="5" cleared="2" enqueued="2" />
  <stringconstants candidates="6078" cleared="0"  />
  <warning details="Mark invoked due to insufficient free space for Copy-Forward" />
</gc-op>
<gc-op id="92" type="classunload" timems="0.003" contextid="88" timestamp="2019-06-15T22:45:54.852">
  <classunload-info classloadercandidates="11" classloadersunloaded="0" classesunloaded="0" anonymousclassesunloaded="0" quiescems="0.000" setupms="0.002" scanms="0.000" postms="0.000" />
</gc-op>
<gc-op id="93" type="sweep" timems="0.346" contextid="88" timestamp="2019-06-15T22:45:54.853" />
<gc-op id="94" type="compact" timems="2.472" contextid="88" timestamp="2019-06-15T22:45:54.856">
  <compact-info movecount="16226" movebytes="722016" />
  <remembered-set-cleared processed="11439" cleared="9012" durationms="0.076" />
</gc-op>
<gc-end id="95" type="partial gc" contextid="88" durationms="6.287" usertimems="8.000" systemtimems="0.000" timestamp="2019-06-15T22:45:54.856" activeThreads="4">
  <mem-info id="96" free="4194304" total="9437184" percent="44">
    <mem type="eden" free="1374280" total="2097152" percent="65" />
    <pending-finalizers system="0" default="0" reference="315" classloader="0" />
    <remembered-set count="5536" freebytes="354560" totalbytes="376704" percent="94" regionsoverflowed="0" regionsstable="0" regionsrebuilding="0"/>
  </mem-info>
</gc-end>
<cycle-end id="97" type="partial gc" contextid="88" timestamp="2019-06-15T22:45:54.856" />
  <attribute name="elasticGC enabled" value="1" />
  <attribute name= "numThreadsSpecified" value="4" />
  <attribute name="heapSize specified" value="0" />
  <attribute name="Current GC Util" value="33" />
  <attribute name= "Current Time Running" value="47566" />
  <attribute name ="GC Interval" value="0" />
  <attribute name="ProportionalT" value="19.500000" />
  <attribute name="ProportionalI" value="19.500000" />
  <attribute name="ProportionalH" value="19.500000" />
  <attribute name="Current Error" value="13.000000" />
  <attribute name="IntegralT" value="13.000000" />
  <attribute name="IntegralI" value="13.000000" />
  <attribute name="IntegralH" value="13.000000" />
  <attribute name="DerivativeT" value="13.000000" />
  <attribute name="DerivativeI" value="13.000000" />
  <attribute name="DerivativeH" value="13.000000" />
  <attribute name="Loop Time for DT" value="1.000000" />
  <attribute name="Output H" value="8388608"/>
  <attribute name="Output I" value="200"/>
  <attribute name="Output T" value="4"/>
  <attribute name="Target GC Util Change" value ="20.000000" />
  <attribute name="Current GC Util Change" value="33.000000"/>
  <attribute name="GC Util currently" value="33" />
  <attribute name="CPU Util currently" value="7439211144673" />
<exclusive-end id="98" timestamp="2019-06-15T22:45:54.856" durationms="7.130" />

<exclusive-start id="99" timestamp="2019-06-15T22:45:54.894" intervalms="44.520">
  <response-info timems="0.049" idlems="0.049" threads="0" lastid="0000000000E66700" lastname="main" />
</exclusive-start>
<allocation-taxation id="100" taxation-threshold="2097152" timestamp="2019-06-15T22:45:54.894" intervalms="44.497" />
<gc-start id="101" type="global mark phase" contextid="77" timestamp="2019-06-15T22:45:54.894">
  <mem-info id="102" free="2097152" total="9437184" percent="22">
    <remembered-set count="5088" freebytes="356352" totalbytes="376704" percent="94" regionsoverflowed="0" regionsstable="0" regionsrebuilding="0"/>
  </mem-info>
</gc-start>
<gc-op id="103" type="mark increment" timems="4.214" contextid="77" timestamp="2019-06-15T22:45:54.898">
  <trace-info objectcount="17762" scancount="15267" scanbytes="557892" />
  <cardclean-info objects="2528" bytes="114052" />
  <finalization candidates="80" enqueued="0" />
  <ownableSynchronizers candidates="21" cleared="0" />
  <references type="soft" candidates="967" cleared="0" enqueued="0" dynamicThreshold="14" maxThreshold="32" />
  <references type="weak" candidates="2976" cleared="9" enqueued="9" />
  <references type="phantom" candidates="102" cleared="2" enqueued="2" />
  <stringconstants candidates="6260" cleared="0"  />
</gc-op>
<gc-op id="104" type="classunload" timems="0.005" contextid="77" timestamp="2019-06-15T22:45:54.898">
  <classunload-info classloadercandidates="11" classloadersunloaded="0" classesunloaded="0" anonymousclassesunloaded="0" quiescems="0.000" setupms="0.004" scanms="0.000" postms="0.000" />
</gc-op>
<gc-end id="105" type="global mark phase" contextid="77" durationms="4.828" usertimems="4.000" systemtimems="0.000" timestamp="2019-06-15T22:45:54.899" activeThreads="4">
  <mem-info id="106" free="2097152" total="9437184" percent="22">
    <pending-finalizers system="0" default="0" reference="11" classloader="0" />
    <remembered-set count="5088" freebytes="356352" totalbytes="376704" percent="94" regionsoverflowed="0" regionsstable="0" regionsrebuilding="0"/>
  </mem-info>
</gc-end>
<cycle-end id="107" type="global mark phase" contextid="77" timestamp="2019-06-15T22:45:54.899" />
  <attribute name="elasticGC enabled" value="1" />
  <attribute name= "numThreadsSpecified" value="4" />
  <attribute name="heapSize specified" value="0" />
  <attribute name="Current GC Util" value="0" />
  <attribute name= "Current Time Running" value="47609" />
  <attribute name ="GC Interval" value="0" />
  <attribute name="ProportionalT" value="-30.000000" />
  <attribute name="ProportionalI" value="-30.000000" />
  <attribute name="ProportionalH" value="-30.000000" />
  <attribute name="Current Error" value="-20.000000" />
  <attribute name="IntegralT" value="-40.000000" />
  <attribute name="IntegralI" value="-40.000000" />
  <attribute name="IntegralH" value="-40.000000" />
  <attribute name="DerivativeT" value="-45.500000" />
  <attribute name="DerivativeI" value="-45.500000" />
  <attribute name="DerivativeH" value="-45.500000" />
  <attribute name="Loop Time for DT" value="2.000000" />
  <attribute name="Output H" value="2091843584"/>
  <attribute name="Output I" value="200"/>
  <attribute name="Output T" value="4"/>
  <attribute name="Target GC Util Change" value ="20.000000" />
  <attribute name="Current GC Util Change" value="0.000000"/>
  <attribute name="GC Util currently" value="0" />
  <attribute name="CPU Util currently" value="3933861935036" />
<exclusive-end id="108" timestamp="2019-06-15T22:45:54.899" durationms="5.387" />

<exclusive-start id="109" timestamp="2019-06-15T22:45:54.941" intervalms="46.984">
  <response-info timems="0.021" idlems="0.021" threads="0" lastid="0000000000E66700" lastname="main" />
</exclusive-start>
<allocation-taxation id="110" taxation-threshold="2097152" timestamp="2019-06-15T22:45:54.941" intervalms="47.024" />
<cycle-start id="111" type="partial gc" contextid="0" timestamp="2019-06-15T22:45:54.941" intervalms="91.498" />
<gc-start id="112" type="partial gc" contextid="111" timestamp="2019-06-15T22:45:54.941">
  <mem-info id="113" free="0" total="9437184" percent="0">
    <mem type="eden" free="124848" total="4194304" percent="2" />
    <remembered-set count="5088" freebytes="356352" totalbytes="376704" percent="94" regionsoverflowed="0" regionsstable="0" regionsrebuilding="0"/>
  </mem-info>
</gc-start>
<allocation-stats totalBytes="3979280" >
  <allocated-bytes non-tlh="1467440" tlh="2511840" arrayletleaf="0"/>
  <largest-consumer threadName="main" threadId="0000000000E66700" bytes="2027808" />
</allocation-stats>
<gc-op id="114" type="sweep" timems="1.435" contextid="111" timestamp="2019-06-15T22:45:54.943" />
<gc-op id="115" type="mark" timems="2.210" contextid="111" timestamp="2019-06-15T22:45:54.946">
  <trace-info objectcount="14929" scancount="11772" scanbytes="426488" />
  <cardclean-info objects="1076" bytes="64228" />
  <remembered-set-cleared processed="3891" cleared="1883" durationms="0.088" />
  <finalization candidates="15" enqueued="0" />
  <ownableSynchronizers candidates="4" cleared="0" />
  <references type="soft" candidates="338" cleared="0" enqueued="0" dynamicThreshold="7" maxThreshold="32" />
  <references type="weak" candidates="1453" cleared="2" enqueued="2" />
  <references type="phantom" candidates="5" cleared="0" enqueued="0" />
  <stringconstants candidates="6621" cleared="0"  />
  <warning details="Mark invoked due to insufficient free space for Copy-Forward" />
</gc-op>
<gc-op id="116" type="classunload" timems="0.003" contextid="111" timestamp="2019-06-15T22:45:54.946">
  <classunload-info classloadercandidates="11" classloadersunloaded="0" classesunloaded="0" anonymousclassesunloaded="0" quiescems="0.000" setupms="0.003" scanms="0.000" postms="0.000" />
</gc-op>
<gc-op id="117" type="sweep" timems="1.361" contextid="111" timestamp="2019-06-15T22:45:54.948" />
<gc-op id="118" type="compact" timems="5.137" contextid="111" timestamp="2019-06-15T22:45:54.953">
  <compact-info movecount="14832" movebytes="1234304" />
  <remembered-set-cleared processed="11840" cleared="7808" durationms="0.088" />
</gc-op>
<heap-resize id="119" type="expand" space="default" amount="2097152" count="1" timems="0.062" reason="insufficient free space following gc" timestamp="2019-06-15T22:45:54.953" />
<gc-end id="120" type="partial gc" contextid="111" durationms="12.464" usertimems="8.000" systemtimems="8.000" timestamp="2019-06-15T22:45:54.953" activeThreads="4">
  <mem-info id="121" free="5242880" total="11534336" percent="45">
    <mem type="eden" free="72760" total="1048576" percent="6" />
    <pending-finalizers system="0" default="0" reference="2" classloader="0" />
    <remembered-set count="5344" freebytes="439040" totalbytes="460416" percent="95" regionsoverflowed="0" regionsstable="0" regionsrebuilding="0"/>
  </mem-info>
</gc-end>
<cycle-end id="122" type="partial gc" contextid="111" timestamp="2019-06-15T22:45:54.954" />
  <attribute name="elasticGC enabled" value="1" />
  <attribute name= "numThreadsSpecified" value="4" />
  <attribute name="heapSize specified" value="0" />
  <attribute name="Current GC Util" value="134" />
  <attribute name= "Current Time Running" value="47661" />
  <attribute name ="GC Interval" value="0" />
  <attribute name="ProportionalT" value="171.000000" />
  <attribute name="ProportionalI" value="171.000000" />
  <attribute name="ProportionalH" value="171.000000" />
  <attribute name="Current Error" value="114.000000" />
  <attribute name="IntegralT" value="228.000000" />
  <attribute name="IntegralI" value="228.000000" />
  <attribute name="IntegralH" value="228.000000" />
  <attribute name="DerivativeT" value="57.000000" />
  <attribute name="DerivativeI" value="57.000000" />
  <attribute name="DerivativeH" value="57.000000" />
  <attribute name="Loop Time for DT" value="2.000000" />
  <attribute name="Output H" value="8388608"/>
  <attribute name="Output I" value="456"/>
  <attribute name="Output T" value="4"/>
  <attribute name="Target GC Util Change" value ="20.000000" />
  <attribute name="Current GC Util Change" value="134.000000"/>
  <attribute name="GC Util currently" value="134" />
  <attribute name="CPU Util currently" value="2859960319692" />
<exclusive-end id="123" timestamp="2019-06-15T22:45:54.954" durationms="13.329" />

<exclusive-start id="124" timestamp="2019-06-15T22:45:55.033" intervalms="92.848">
  <response-info timems="0.028" idlems="0.028" threads="0" lastid="0000000000E66700" lastname="main" />
</exclusive-start>
<allocation-taxation id="125" taxation-threshold="2097152" timestamp="2019-06-15T22:45:55.033" intervalms="92.851" />
<cycle-start id="126" type="global mark phase" contextid="0" timestamp="2019-06-15T22:45:55.034" intervalms="258.410" />
<gc-start id="127" type="global mark phase" contextid="126" timestamp="2019-06-15T22:45:55.034">
  <mem-info id="128" free="3145728" total="11534336" percent="27">
    <remembered-set count="4928" freebytes="440704" totalbytes="460416" percent="95" regionsoverflowed="0" regionsstable="0" regionsrebuilding="0"/>
  </mem-info>
</gc-start>
<gc-op id="129" type="mark increment" timems="0.470" contextid="126" timestamp="2019-06-15T22:45:55.034">
  <trace-info objectcount="161" scancount="0" scanbytes="0" />
</gc-op>
<gc-end id="130" type="global mark phase" contextid="126" durationms="0.585" usertimems="0.000" systemtimems="0.000" timestamp="2019-06-15T22:45:55.034" activeThreads="1">
  <mem-info id="131" free="3145728" total="11534336" percent="27">
    <remembered-set count="4928" freebytes="440704" totalbytes="460416" percent="95" regionsoverflowed="0" regionsstable="0" regionsrebuilding="0"/>
  </mem-info>
</gc-end>
<concurrent-start id="132" type="GMP work packet processing" contextid="126" timestamp="2019-06-15T22:45:55.034">
  <concurrent-mark-start scanTarget="18446744073709551615" />
</concurrent-start>
<exclusive-end id="133" timestamp="2019-06-15T22:45:55.034" durationms="1.083" />

<concurrent-end id="134" type="GMP work packet processing" contextid="126" timestamp="2019-06-15T22:45:55.039">
  <concurrent-mark-end bytesScanned="1729992" reasonForTermination="Completed all work in GC phase" />
</concurrent-end>

<exclusive-start id="135" timestamp="2019-06-15T22:45:55.090" intervalms="56.488">
  <response-info timems="0.047" idlems="0.030" threads="1" lastid="0000000000E6A300" lastname="JIT Compilation Thread-0" />
</exclusive-start>
<allocation-taxation id="136" taxation-threshold="2097152" timestamp="2019-06-15T22:45:55.090" intervalms="56.454" />
<cycle-start id="137" type="partial gc" contextid="0" timestamp="2019-06-15T22:45:55.090" intervalms="149.265" />
<gc-start id="138" type="partial gc" contextid="137" timestamp="2019-06-15T22:45:55.090">
  <mem-info id="139" free="1048576" total="11534336" percent="9">
    <mem type="eden" free="0" total="4194304" percent="0" />
    <remembered-set count="4928" freebytes="440704" totalbytes="460416" percent="95" regionsoverflowed="0" regionsstable="0" regionsrebuilding="0"/>
  </mem-info>
</gc-start>
<allocation-stats totalBytes="4116768" >
  <allocated-bytes non-tlh="65264" tlh="4051504" arrayletleaf="0"/>
  <largest-consumer threadName="main" threadId="0000000000E66700" bytes="2082832" />
</allocation-stats>
<gc-op id="140" type="copy forward" timems="2.683" contextid="137" timestamp="2019-06-15T22:45:55.093">
  <memory-copied type="eden" objects="6693" bytes="371448" bytesdiscarded="16160" />
  <memory-copied type="other" objects="4244" bytes="949824" bytesdiscarded="47928" />
  <memory-cardclean objects="735" bytes="48928" />
  <regions eden="4" other="1" />
  <remembered-set-cleared processed="4338" cleared="582" durationms="0.077" />
  <references type="soft" candidates="142" cleared="0" enqueued="0" dynamicThreshold="8" maxThreshold="32" />
  <references type="weak" candidates="338" cleared="0" enqueued="0" />
  <references type="phantom" candidates="3" cleared="0" enqueued="0" />
  <stringconstants candidates="7101" cleared="0"  />
  <heap-resize type="expand" space="default" amount="1048576" count="1" timems="0.059" reason="continue current collection" />
</gc-op>
<gc-op id="141" type="classunload" timems="0.003" contextid="137" timestamp="2019-06-15T22:45:55.094">
  <classunload-info classloadercandidates="11" classloadersunloaded="0" classesunloaded="0" anonymousclassesunloaded="0" quiescems="0.000" setupms="0.003" scanms="0.000" postms="0.000" />
</gc-op>
<gc-op id="142" type="compact" timems="0.925" contextid="137" timestamp="2019-06-15T22:45:55.095">
  <compact-info movecount="0" movebytes="0" />
  <remembered-set-cleared processed="9703" cleared="582" durationms="0.077" />
</gc-op>
<gc-end id="143" type="partial gc" contextid="137" durationms="4.628" usertimems="4.000" systemtimems="4.000" timestamp="2019-06-15T22:45:55.095" activeThreads="4">
  <mem-info id="144" free="5242880" total="12582912" percent="41">
    <mem type="eden" free="660632" total="1048576" percent="63" />
    <remembered-set count="5760" freebytes="479232" totalbytes="502272" percent="95" regionsoverflowed="0" regionsstable="0" regionsrebuilding="0"/>
  </mem-info>
</gc-end>
<cycle-end id="145" type="partial gc" contextid="137" timestamp="2019-06-15T22:45:55.095" />
  <attribute name="elasticGC enabled" value="1" />
  <attribute name= "numThreadsSpecified" value="4" />
  <attribute name="heapSize specified" value="0" />
  <attribute name="Current GC Util" value="107" />
  <attribute name= "Current Time Running" value="47807" />
  <attribute name ="GC Interval" value="0" />
  <attribute name="ProportionalT" value="130.500000" />
  <attribute name="ProportionalI" value="130.500000" />
  <attribute name="ProportionalH" value="130.500000" />
  <attribute name="Current Error" value="87.000000" />
  <attribute name="IntegralT" value="261.000000" />
  <attribute name="IntegralI" value="261.000000" />
  <attribute name="IntegralH" value="261.000000" />
  <attribute name="DerivativeT" value="15.333333" />
  <attribute name="DerivativeI" value="15.333333" />
  <attribute name="DerivativeH" value="15.333333" />
  <attribute name="Loop Time for DT" value="3.000000" />
  <attribute name="Output H" value="8388608"/>
  <attribute name="Output I" value="408"/>
  <attribute name="Output T" value="4"/>
  <attribute name="Target GC Util Change" value ="20.000000" />
  <attribute name="Current GC Util Change" value="107.000000"/>
  <attribute name="GC Util currently" value="107" />
  <attribute name="CPU Util currently" value="1545252135968" />
<exclusive-end id="146" timestamp="2019-06-15T22:45:55.095" durationms="5.380" />

<exclusive-start id="147" timestamp="2019-06-15T22:45:55.150" intervalms="59.822">
  <response-info timems="0.024" idlems="0.024" threads="0" lastid="0000000000E66700" lastname="main" />
</exclusive-start>
<allocation-taxation id="148" taxation-threshold="2097152" timestamp="2019-06-15T22:45:55.150" intervalms="59.818" />
<gc-start id="149" type="global mark phase" contextid="126" timestamp="2019-06-15T22:45:55.150">
  <mem-info id="150" free="3145728" total="12582912" percent="25">
    <remembered-set count="5760" freebytes="479232" totalbytes="502272" percent="95" regionsoverflowed="0" regionsstable="0" regionsrebuilding="0"/>
  </mem-info>
</gc-start>
<gc-op id="151" type="mark increment" timems="1.753" contextid="126" timestamp="2019-06-15T22:45:55.152">
  <trace-info objectcount="3741" scancount="3217" scanbytes="119900" />
  <cardclean-info objects="2696" bytes="126220" />
  <finalization candidates="80" enqueued="0" />
  <ownableSynchronizers candidates="21" cleared="0" />
  <references type="soft" candidates="1021" cleared="0" enqueued="0" dynamicThreshold="13" maxThreshold="32" />
  <references type="weak" candidates="3502" cleared="1" enqueued="1" />
  <references type="phantom" candidates="100" cleared="0" enqueued="0" />
  <stringconstants candidates="7270" cleared="0"  />
</gc-op>
<gc-op id="152" type="classunload" timems="0.005" contextid="126" timestamp="2019-06-15T22:45:55.152">
  <classunload-info classloadercandidates="11" classloadersunloaded="0" classesunloaded="0" anonymousclassesunloaded="0" quiescems="0.000" setupms="0.005" scanms="0.000" postms="0.000" />
</gc-op>
<gc-end id="153" type="global mark phase" contextid="126" durationms="2.069" usertimems="0.000" systemtimems="0.000" timestamp="2019-06-15T22:45:55.152" activeThreads="4">
  <mem-info id="154" free="3145728" total="12582912" percent="25">
    <pending-finalizers system="0" default="0" reference="1" classloader="0" />
    <remembered-set count="5760" freebytes="479232" totalbytes="502272" percent="95" regionsoverflowed="0" regionsstable="0" regionsrebuilding="0"/>
  </mem-info>
</gc-end>
<cycle-end id="155" type="global mark phase" contextid="126" timestamp="2019-06-15T22:45:55.152" />
  <attribute name="elasticGC enabled" value="1" />
  <attribute name= "numThreadsSpecified" value="4" />
  <attribute name="heapSize specified" value="0" />
  <attribute name="Current GC Util" value="0" />
  <attribute name= "Current Time Running" value="47864" />
  <attribute name ="GC Interval" value="0" />
  <attribute name="ProportionalT" value="-30.000000" />
  <attribute name="ProportionalI" value="-30.000000" />
  <attribute name="ProportionalH" value="-30.000000" />
  <attribute name="Current Error" value="-20.000000" />
  <attribute name="IntegralT" value="-20.000000" />
  <attribute name="IntegralI" value="-20.000000" />
  <attribute name="IntegralH" value="-20.000000" />
  <attribute name="DerivativeT" value="-79.000000" />
  <attribute name="DerivativeI" value="-79.000000" />
  <attribute name="DerivativeH" value="-79.000000" />
  <attribute name="Loop Time for DT" value="1.000000" />
  <attribute name="Output H" value="2091843584"/>
  <attribute name="Output I" value="200"/>
  <attribute name="Output T" value="4"/>
  <attribute name="Target GC Util Change" value ="20.000000" />
  <attribute name="Current GC Util Change" value="0.000000"/>
  <attribute name="GC Util currently" value="0" />
  <attribute name="CPU Util currently" value="13280440297411" />
<exclusive-end id="156" timestamp="2019-06-15T22:45:55.152" durationms="2.449" />

<exclusive-start id="157" timestamp="2019-06-15T22:45:55.193" intervalms="43.031">
  <response-info timems="0.026" idlems="0.026" threads="0" lastid="0000000000E66700" lastname="main" />
</exclusive-start>
<allocation-taxation id="158" taxation-threshold="2097152" timestamp="2019-06-15T22:45:55.193" intervalms="43.127" />
<cycle-start id="159" type="partial gc" contextid="0" timestamp="2019-06-15T22:45:55.193" intervalms="103.073" />
<gc-start id="160" type="partial gc" contextid="159" timestamp="2019-06-15T22:45:55.193">
  <mem-info id="161" free="1048576" total="12582912" percent="8">
    <mem type="eden" free="0" total="4194304" percent="0" />
    <remembered-set count="5760" freebytes="479232" totalbytes="502272" percent="95" regionsoverflowed="0" regionsstable="0" regionsrebuilding="0"/>
  </mem-info>
</gc-start>
<allocation-stats totalBytes="4159872" >
  <allocated-bytes non-tlh="45880" tlh="4113992" arrayletleaf="0"/>
  <largest-consumer threadName="main" threadId="0000000000E66700" bytes="2095760" />
</allocation-stats>
<gc-op id="162" type="sweep" timems="0.375" contextid="159" timestamp="2019-06-15T22:45:55.194" />
<gc-op id="163" type="copy forward" timems="2.374" contextid="159" timestamp="2019-06-15T22:45:55.197">
  <memory-copied type="eden" objects="1074" bytes="42824" bytesdiscarded="22466" />
  <memory-copied type="other" objects="8700" bytes="407488" bytesdiscarded="70702" />
  <memory-cardclean objects="610" bytes="31464" />
  <memory-traced type="eden" objects="1136" bytes="40512" />
  <memory-traced type="other" objects="0" bytes="0" />
  <regions eden="2" other="3" evacuated="4" marked="1" />
  <remembered-set-cleared processed="5337" cleared="1154" durationms="0.084" />
  <references type="soft" candidates="54" cleared="0" enqueued="0" dynamicThreshold="8" maxThreshold="32" />
  <references type="weak" candidates="716" cleared="0" enqueued="0" />
  <stringconstants candidates="7367" cleared="0"  />
  <heap-resize type="expand" space="default" amount="1048576" count="1" timems="0.060" reason="continue current collection" />
</gc-op>
<gc-op id="164" type="classunload" timems="0.003" contextid="159" timestamp="2019-06-15T22:45:55.197">
  <classunload-info classloadercandidates="11" classloadersunloaded="0" classesunloaded="0" anonymousclassesunloaded="0" quiescems="0.000" setupms="0.003" scanms="0.000" postms="0.000" />
</gc-op>
<gc-op id="165" type="compact" timems="1.146" contextid="159" timestamp="2019-06-15T22:45:55.198">
  <compact-info movecount="1450" movebytes="53984" />
  <remembered-set-cleared processed="12058" cleared="1858" durationms="0.084" />
</gc-op>
<heap-resize id="166" type="expand" space="default" amount="2097152" count="1" timems="0.060" reason="insufficient free space following gc" timestamp="2019-06-15T22:45:55.199" />
<gc-end id="167" type="partial gc" contextid="159" durationms="5.566" usertimems="0.000" systemtimems="8.000" timestamp="2019-06-15T22:45:55.199" activeThreads="4">
  <mem-info id="168" free="6291456" total="15728640" percent="40">
    <mem type="eden" free="1841928" total="2097152" percent="87" />
    <remembered-set count="7904" freebytes="596224" totalbytes="627840" percent="94" regionsoverflowed="0" regionsstable="0" regionsrebuilding="0"/>
  </mem-info>
</gc-end>
<cycle-end id="169" type="partial gc" contextid="159" timestamp="2019-06-15T22:45:55.199" />
  <attribute name="elasticGC enabled" value="1" />
  <attribute name= "numThreadsSpecified" value="4" />
  <attribute name="heapSize specified" value="0" />
  <attribute name="Current GC Util" value="58" />
  <attribute name= "Current Time Running" value="47910" />
  <attribute name ="GC Interval" value="0" />
  <attribute name="ProportionalT" value="57.000000" />
  <attribute name="ProportionalI" value="57.000000" />
  <attribute name="ProportionalH" value="57.000000" />
  <attribute name="Current Error" value="38.000000" />
  <attribute name="IntegralT" value="114.000000" />
  <attribute name="IntegralI" value="114.000000" />
  <attribute name="IntegralH" value="114.000000" />
  <attribute name="DerivativeT" value="12.666667" />
  <attribute name="DerivativeI" value="12.666667" />
  <attribute name="DerivativeH" value="12.666667" />
  <attribute name="Loop Time for DT" value="3.000000" />
  <attribute name="Output H" value="8388608"/>
  <attribute name="Output I" value="200"/>
  <attribute name="Output T" value="4"/>
  <attribute name="Target GC Util Change" value ="20.000000" />
  <attribute name="Current GC Util Change" value="58.000000"/>
  <attribute name="GC Util currently" value="58" />
  <attribute name="CPU Util currently" value="1669204914622" />
<exclusive-end id="170" timestamp="2019-06-15T22:45:55.199" durationms="6.663" />

<exclusive-start id="171" timestamp="2019-06-15T22:45:55.297" intervalms="104.469">
  <response-info timems="0.058" idlems="0.058" threads="0" lastid="0000000000E66700" lastname="main" />
</exclusive-start>
<allocation-taxation id="172" taxation-threshold="6291456" timestamp="2019-06-15T22:45:55.297" intervalms="104.471" />
<cycle-start id="173" type="partial gc" contextid="0" timestamp="2019-06-15T22:45:55.298" intervalms="104.424" />
<gc-start id="174" type="partial gc" contextid="173" timestamp="2019-06-15T22:45:55.298">
  <mem-info id="175" free="0" total="15728640" percent="0">
    <mem type="eden" free="993936" total="7340032" percent="13" />
    <remembered-set count="7904" freebytes="596224" totalbytes="627840" percent="94" regionsoverflowed="0" regionsstable="0" regionsrebuilding="0"/>
  </mem-info>
</gc-start>
<allocation-stats totalBytes="6280600" >
  <allocated-bytes non-tlh="35112" tlh="6245488" arrayletleaf="0"/>
  <largest-consumer threadName="main" threadId="0000000000E66700" bytes="6280600" />
</allocation-stats>
<gc-op id="176" type="mark" timems="2.032" contextid="173" timestamp="2019-06-15T22:45:55.300">
  <trace-info objectcount="12900" scancount="11390" scanbytes="425160" />
  <cardclean-info objects="3098" bytes="169336" />
  <remembered-set-cleared processed="6295" cleared="1478" durationms="0.116" />
  <references type="soft" candidates="2" cleared="0" enqueued="0" dynamicThreshold="12" maxThreshold="32" />
  <references type="weak" candidates="600" cleared="2" enqueued="2" />
  <stringconstants candidates="7581" cleared="0"  />
  <warning details="Mark invoked due to insufficient free space for Copy-Forward" />
</gc-op>
<gc-op id="177" type="classunload" timems="0.002" contextid="173" timestamp="2019-06-15T22:45:55.301">
  <classunload-info classloadercandidates="11" classloadersunloaded="0" classesunloaded="0" anonymousclassesunloaded="0" quiescems="0.000" setupms="0.002" scanms="0.000" postms="0.000" />
</gc-op>
<gc-op id="178" type="sweep" timems="0.376" contextid="173" timestamp="2019-06-15T22:45:55.301" />
<gc-op id="179" type="compact" timems="3.279" contextid="173" timestamp="2019-06-15T22:45:55.305">
  <compact-info movecount="12116" movebytes="499672" />
  <remembered-set-cleared processed="16294" cleared="6637" durationms="0.117" />
</gc-op>
<gc-end id="180" type="partial gc" contextid="173" durationms="7.238" usertimems="8.000" systemtimems="0.000" timestamp="2019-06-15T22:45:55.305" activeThreads="1">
  <mem-info id="181" free="6291456" total="15728640" percent="40">
    <mem type="eden" free="1567896" total="2097152" percent="74" />
    <pending-finalizers system="0" default="0" reference="2" classloader="0" />
    <remembered-set count="9152" freebytes="591232" totalbytes="627840" percent="94" regionsoverflowed="0" regionsstable="0" regionsrebuilding="0"/>
  </mem-info>
</gc-end>
<cycle-end id="182" type="partial gc" contextid="173" timestamp="2019-06-15T22:45:55.305" />
  <attribute name="elasticGC enabled" value="1" />
  <attribute name= "numThreadsSpecified" value="1" />
  <attribute name="heapSize specified" value="0" />
  <attribute name="Current GC Util" value="28" />
  <attribute name= "Current Time Running" value="48014" />
  <attribute name ="GC Interval" value="0" />
  <attribute name="ProportionalT" value="12.000000" />
  <attribute name="ProportionalI" value="12.000000" />
  <attribute name="ProportionalH" value="12.000000" />
  <attribute name="Current Error" value="8.000000" />
  <attribute name="IntegralT" value="0.000000" />
  <attribute name="IntegralI" value="0.000000" />
  <attribute name="IntegralH" value="0.000000" />
  <attribute name="DerivativeT" value="inf" />
  <attribute name="DerivativeI" value="inf" />
  <attribute name="DerivativeH" value="inf" />
  <attribute name="Loop Time for DT" value="0.000000" />
  <attribute name="Output H" value="8388608"/>
  <attribute name="Output I" value="200"/>
  <attribute name="Output T" value="1"/>
  <attribute name="Target GC Util Change" value ="20.000000" />
  <attribute name="Current GC Util Change" value="28.000000"/>
  <attribute name="GC Util currently" value="28" />
  <attribute name="CPU Util currently" value="6915699819608" />
<exclusive-end id="183" timestamp="2019-06-15T22:45:55.306" durationms="8.343" />

<exclusive-start id="184" timestamp="2019-06-15T22:45:55.423" intervalms="125.735">
  <response-info timems="0.025" idlems="0.025" threads="0" lastid="0000000000E66700" lastname="main" />
</exclusive-start>
<allocation-taxation id="185" taxation-threshold="6291456" timestamp="2019-06-15T22:45:55.423" intervalms="125.754" />
<cycle-start id="186" type="partial gc" contextid="0" timestamp="2019-06-15T22:45:55.423" intervalms="125.764" />
<gc-start id="187" type="partial gc" contextid="186" timestamp="2019-06-15T22:45:55.424">
  <mem-info id="188" free="0" total="15728640" percent="0">
    <mem type="eden" free="0" total="6291456" percent="0" />
    <remembered-set count="9152" freebytes="591232" totalbytes="627840" percent="94" regionsoverflowed="0" regionsstable="0" regionsrebuilding="0"/>
  </mem-info>
</gc-start>
<allocation-stats totalBytes="6288280" >
  <allocated-bytes non-tlh="226672" tlh="6061608" arrayletleaf="0"/>
  <largest-consumer threadName="main" threadId="0000000000E66700" bytes="6288280" />
</allocation-stats>
<gc-op id="189" type="mark" timems="2.253" contextid="186" timestamp="2019-06-15T22:45:55.427">
  <trace-info objectcount="16734" scancount="14849" scanbytes="633588" />
  <cardclean-info objects="2443" bytes="133512" />
  <remembered-set-cleared processed="7625" cleared="1731" durationms="0.129" />
  <references type="soft" candidates="73" cleared="0" enqueued="0" dynamicThreshold="12" maxThreshold="32" />
  <references type="weak" candidates="261" cleared="3" enqueued="3" />
  <references type="phantom" candidates="1" cleared="0" enqueued="0" />
  <stringconstants candidates="7809" cleared="0"  />
  <warning details="Mark invoked due to insufficient free space for Copy-Forward" />
</gc-op>
<gc-op id="190" type="classunload" timems="0.003" contextid="186" timestamp="2019-06-15T22:45:55.427">
  <classunload-info classloadercandidates="12" classloadersunloaded="0" classesunloaded="0" anonymousclassesunloaded="0" quiescems="0.000" setupms="0.002" scanms="0.000" postms="0.000" />
</gc-op>
<gc-op id="191" type="sweep" timems="1.093" contextid="186" timestamp="2019-06-15T22:45:55.428" />
<gc-op id="192" type="compact" timems="3.465" contextid="186" timestamp="2019-06-15T22:45:55.432">
  <compact-info movecount="11031" movebytes="851576" />
  <remembered-set-cleared processed="18474" cleared="6652" durationms="0.129" />
</gc-op>
<heap-resize id="193" type="expand" space="default" amount="1048576" count="1" timems="0.065" reason="insufficient free space following gc" timestamp="2019-06-15T22:45:55.432" />
<gc-end id="194" type="partial gc" contextid="186" durationms="8.625" usertimems="8.000" systemtimems="0.000" timestamp="2019-06-15T22:45:55.432" activeThreads="4">
  <mem-info id="195" free="6291456" total="16777216" percent="37">
    <mem type="eden" free="258864" total="1048576" percent="24" />
    <pending-finalizers system="0" default="0" reference="3" classloader="0" />
    <remembered-set count="9984" freebytes="629760" totalbytes="669696" percent="94" regionsoverflowed="0" regionsstable="0" regionsrebuilding="0"/>
  </mem-info>
</gc-end>
<cycle-end id="196" type="partial gc" contextid="186" timestamp="2019-06-15T22:45:55.433" />
  <attribute name="elasticGC enabled" value="1" />
  <attribute name= "numThreadsSpecified" value="4" />
  <attribute name="heapSize specified" value="0" />
  <attribute name="Current GC Util" value="86" />
  <attribute name= "Current Time Running" value="48141" />
  <attribute name ="GC Interval" value="0" />
  <attribute name="ProportionalT" value="99.000000" />
  <attribute name="ProportionalI" value="99.000000" />
  <attribute name="ProportionalH" value="99.000000" />
  <attribute name="Current Error" value="66.000000" />
  <attribute name="IntegralT" value="66.000000" />
  <attribute name="IntegralI" value="66.000000" />
  <attribute name="IntegralH" value="66.000000" />
  <attribute name="DerivativeT" value="66.000000" />
  <attribute name="DerivativeI" value="66.000000" />
  <attribute name="DerivativeH" value="66.000000" />
  <attribute name="Loop Time for DT" value="1.000000" />
  <attribute name="Output H" value="8388608"/>
  <attribute name="Output I" value="232"/>
  <attribute name="Output T" value="4"/>
  <attribute name="Target GC Util Change" value ="20.000000" />
  <attribute name="Current GC Util Change" value="86.000000"/>
  <attribute name="GC Util currently" value="86" />
  <attribute name="CPU Util currently" value="3336422083669" />
<exclusive-end id="197" timestamp="2019-06-15T22:45:55.433" durationms="9.815" />

<exclusive-start id="198" timestamp="2019-06-15T22:45:55.462" intervalms="39.054">
  <response-info timems="0.029" idlems="0.029" threads="0" lastid="0000000000E66700" lastname="main" />
</exclusive-start>
<allocation-taxation id="199" taxation-threshold="3145728" timestamp="2019-06-15T22:45:55.462" intervalms="39.004" />
<cycle-start id="200" type="global mark phase" contextid="0" timestamp="2019-06-15T22:45:55.462" intervalms="428.643" />
<gc-start id="201" type="global mark phase" contextid="200" timestamp="2019-06-15T22:45:55.462">
  <mem-info id="202" free="3145728" total="16777216" percent="18">
    <remembered-set count="9824" freebytes="630400" totalbytes="669696" percent="94" regionsoverflowed="0" regionsstable="0" regionsrebuilding="0"/>
  </mem-info>
</gc-start>
<gc-op id="203" type="mark increment" timems="0.619" contextid="200" timestamp="2019-06-15T22:45:55.463">
  <trace-info objectcount="318" scancount="0" scanbytes="0" />
</gc-op>
<gc-end id="204" type="global mark phase" contextid="200" durationms="0.866" usertimems="0.000" systemtimems="0.000" timestamp="2019-06-15T22:45:55.463" activeThreads="4">
  <mem-info id="205" free="3145728" total="16777216" percent="18">
    <remembered-set count="9824" freebytes="630400" totalbytes="669696" percent="94" regionsoverflowed="0" regionsstable="0" regionsrebuilding="0"/>
  </mem-info>
</gc-end>
<concurrent-start id="206" type="GMP work packet processing" contextid="200" timestamp="2019-06-15T22:45:55.463">
  <concurrent-mark-start scanTarget="18446744073709551615" />
</concurrent-start>
<exclusive-end id="207" timestamp="2019-06-15T22:45:55.464" durationms="1.528" />

<concurrent-end id="208" type="GMP work packet processing" contextid="200" timestamp="2019-06-15T22:45:55.468">
  <concurrent-mark-end bytesScanned="2246452" reasonForTermination="Completed all work in GC phase" />
</concurrent-end>

<exclusive-start id="209" timestamp="2019-06-15T22:45:55.491" intervalms="29.089">
  <response-info timems="0.026" idlems="0.026" threads="0" lastid="0000000000E66700" lastname="main" />
</exclusive-start>
<allocation-taxation id="210" taxation-threshold="3145728" timestamp="2019-06-15T22:45:55.491" intervalms="29.104" />
<cycle-start id="211" type="partial gc" contextid="0" timestamp="2019-06-15T22:45:55.491" intervalms="68.055" />
<gc-start id="212" type="partial gc" contextid="211" timestamp="2019-06-15T22:45:55.492">
  <mem-info id="213" free="0" total="16777216" percent="0">
    <mem type="eden" free="0" total="6291456" percent="0" />
    <remembered-set count="9824" freebytes="630400" totalbytes="669696" percent="94" regionsoverflowed="0" regionsstable="0" regionsrebuilding="0"/>
  </mem-info>
</gc-start>
<allocation-stats totalBytes="6290936" >
  <allocated-bytes non-tlh="6640" tlh="6284296" arrayletleaf="0"/>
  <largest-consumer threadName="main" threadId="0000000000E66700" bytes="3145464" />
</allocation-stats>
<gc-op id="214" type="mark" timems="2.354" contextid="211" timestamp="2019-06-15T22:45:55.495">
  <trace-info objectcount="18357" scancount="16445" scanbytes="694856" />
  <cardclean-info objects="867" bytes="57780" />
  <remembered-set-cleared processed="8584" cleared="1226" durationms="0.144" />
  <references type="soft" candidates="71" cleared="0" enqueued="0" dynamicThreshold="6" maxThreshold="32" />
  <references type="weak" candidates="130" cleared="0" enqueued="0" />
  <references type="phantom" candidates="1" cleared="0" enqueued="0" />
  <stringconstants candidates="7845" cleared="0"  />
  <warning details="Mark invoked due to insufficient free space for Copy-Forward" />
</gc-op>
<gc-op id="215" type="classunload" timems="0.003" contextid="211" timestamp="2019-06-15T22:45:55.495">
  <classunload-info classloadercandidates="12" classloadersunloaded="0" classesunloaded="0" anonymousclassesunloaded="0" quiescems="0.000" setupms="0.003" scanms="0.000" postms="0.000" />
</gc-op>
<gc-op id="216" type="sweep" timems="1.139" contextid="211" timestamp="2019-06-15T22:45:55.496" />
<gc-op id="217" type="compact" timems="4.495" contextid="211" timestamp="2019-06-15T22:45:55.501">
  <compact-info movecount="17640" movebytes="1087688" />
  <remembered-set-cleared processed="20213" cleared="5484" durationms="0.144" />
</gc-op>
<heap-resize id="218" type="expand" space="default" amount="2097152" count="1" timems="0.097" reason="insufficient free space following gc" timestamp="2019-06-15T22:45:55.501" />
<gc-end id="219" type="partial gc" contextid="211" durationms="9.652" usertimems="12.000" systemtimems="0.000" timestamp="2019-06-15T22:45:55.501" activeThreads="4">
  <mem-info id="220" free="7340032" total="18874368" percent="38">
    <mem type="eden" free="691312" total="1048576" percent="65" />
    <remembered-set count="12512" freebytes="703360" totalbytes="753408" percent="93" regionsoverflowed="0" regionsstable="0" regionsrebuilding="0"/>
  </mem-info>
</gc-end>
<cycle-end id="221" type="partial gc" contextid="211" timestamp="2019-06-15T22:45:55.502" />
  <attribute name="elasticGC enabled" value="1" />
  <attribute name= "numThreadsSpecified" value="4" />
  <attribute name="heapSize specified" value="0" />
  <attribute name="Current GC Util" value="81" />
  <attribute name= "Current Time Running" value="48209" />
  <attribute name ="GC Interval" value="0" />
  <attribute name="ProportionalT" value="91.500000" />
  <attribute name="ProportionalI" value="91.500000" />
  <attribute name="ProportionalH" value="91.500000" />
  <attribute name="Current Error" value="61.000000" />
  <attribute name="IntegralT" value="61.000000" />
  <attribute name="IntegralI" value="61.000000" />
  <attribute name="IntegralH" value="61.000000" />
  <attribute name="DerivativeT" value="61.000000" />
  <attribute name="DerivativeI" value="61.000000" />
  <attribute name="DerivativeH" value="61.000000" />
  <attribute name="Loop Time for DT" value="1.000000" />
  <attribute name="Output H" value="8388608"/>
  <attribute name="Output I" value="216"/>
  <attribute name="Output T" value="4"/>
  <attribute name="Target GC Util Change" value ="20.000000" />
  <attribute name="Current GC Util Change" value="81.000000"/>
  <attribute name="GC Util currently" value="81" />
  <attribute name="CPU Util currently" value="3226448897539" />
<exclusive-end id="222" timestamp="2019-06-15T22:45:55.502" durationms="10.714" />

<exclusive-start id="223" timestamp="2019-06-15T22:45:55.535" intervalms="44.392">
  <response-info timems="0.025" idlems="0.025" threads="0" lastid="0000000000E66700" lastname="main" />
</exclusive-start>
<allocation-taxation id="224" taxation-threshold="3145728" timestamp="2019-06-15T22:45:55.536" intervalms="44.430" />
<gc-start id="225" type="global mark phase" contextid="200" timestamp="2019-06-15T22:45:55.536">
  <mem-info id="226" free="4194304" total="18874368" percent="22">
    <remembered-set count="12096" freebytes="705024" totalbytes="753408" percent="93" regionsoverflowed="0" regionsstable="0" regionsrebuilding="0"/>
  </mem-info>
</gc-start>
<gc-op id="227" type="mark increment" timems="2.967" contextid="200" timestamp="2019-06-15T22:45:55.539">
  <trace-info objectcount="23437" scancount="19974" scanbytes="799796" />
  <cardclean-info objects="569" bytes="42108" />
  <finalization candidates="80" enqueued="0" />
  <ownableSynchronizers candidates="21" cleared="0" />
  <references type="soft" candidates="1094" cleared="0" enqueued="0" dynamicThreshold="12" maxThreshold="32" />
  <references type="weak" candidates="3861" cleared="0" enqueued="0" />
  <references type="phantom" candidates="99" cleared="0" enqueued="0" />
  <stringconstants candidates="7851" cleared="0"  />
</gc-op>
<gc-op id="228" type="classunload" timems="0.005" contextid="200" timestamp="2019-06-15T22:45:55.539">
  <classunload-info classloadercandidates="12" classloadersunloaded="0" classesunloaded="0" anonymousclassesunloaded="0" quiescems="0.000" setupms="0.005" scanms="0.000" postms="0.000" />
</gc-op>
<gc-end id="229" type="global mark phase" contextid="200" durationms="3.483" usertimems="4.000" systemtimems="0.000" timestamp="2019-06-15T22:45:55.539" activeThreads="4">
  <mem-info id="230" free="4194304" total="18874368" percent="22">
    <remembered-set count="12096" freebytes="705024" totalbytes="753408" percent="93" regionsoverflowed="0" regionsstable="0" regionsrebuilding="0"/>
  </mem-info>
</gc-end>
<cycle-end id="231" type="global mark phase" contextid="200" timestamp="2019-06-15T22:45:55.539" />
  <attribute name="elasticGC enabled" value="1" />
  <attribute name= "numThreadsSpecified" value="4" />
  <attribute name="heapSize specified" value="0" />
  <attribute name="Current GC Util" value="0" />
  <attribute name= "Current Time Running" value="48251" />
  <attribute name ="GC Interval" value="0" />
  <attribute name="ProportionalT" value="-30.000000" />
  <attribute name="ProportionalI" value="-30.000000" />
  <attribute name="ProportionalH" value="-30.000000" />
  <attribute name="Current Error" value="-20.000000" />
  <attribute name="IntegralT" value="-40.000000" />
  <attribute name="IntegralI" value="-40.000000" />
  <attribute name="IntegralH" value="-40.000000" />
  <attribute name="DerivativeT" value="-40.500000" />
  <attribute name="DerivativeI" value="-40.500000" />
  <attribute name="DerivativeH" value="-40.500000" />
  <attribute name="Loop Time for DT" value="2.000000" />
  <attribute name="Output H" value="2091843584"/>
  <attribute name="Output I" value="200"/>
  <attribute name="Output T" value="4"/>
  <attribute name="Target GC Util Change" value ="20.000000" />
  <attribute name="Current GC Util Change" value="0.000000"/>
  <attribute name="GC Util currently" value="0" />
  <attribute name="CPU Util currently" value="3494050931066" />
<exclusive-end id="232" timestamp="2019-06-15T22:45:55.540" durationms="4.142" />

<exclusive-start id="233" timestamp="2019-06-15T22:45:55.621" intervalms="85.946">
  <response-info timems="0.025" idlems="0.025" threads="0" lastid="0000000000E66700" lastname="main" />
</exclusive-start>
<allocation-taxation id="234" taxation-threshold="3145728" timestamp="2019-06-15T22:45:55.622" intervalms="85.875" />
<cycle-start id="235" type="partial gc" contextid="0" timestamp="2019-06-15T22:45:55.622" intervalms="130.306" />
<gc-start id="236" type="partial gc" contextid="235" timestamp="2019-06-15T22:45:55.622">
  <mem-info id="237" free="1048576" total="18874368" percent="5">
    <mem type="eden" free="0" total="6291456" percent="0" />
    <remembered-set count="12096" freebytes="705024" totalbytes="753408" percent="93" regionsoverflowed="0" regionsstable="0" regionsrebuilding="0"/>
  </mem-info>
</gc-start>
<allocation-stats totalBytes="6289568" >
  <allocated-bytes non-tlh="322576" tlh="5966992" arrayletleaf="0"/>
  <largest-consumer threadName="main" threadId="0000000000E66700" bytes="3144376" />
</allocation-stats>
<gc-op id="238" type="sweep" timems="0.450" contextid="235" timestamp="2019-06-15T22:45:55.623" />
<gc-op id="239" type="copy forward" timems="3.801" contextid="235" timestamp="2019-06-15T22:45:55.627">
  <memory-copied type="eden" objects="10408" bytes="796920" bytesdiscarded="0" />
  <memory-copied type="other" objects="10419" bytes="410064" bytesdiscarded="0" />
  <memory-cardclean objects="1490" bytes="87168" />
  <regions eden="3" other="4" />
  <remembered-set-cleared processed="10305" cleared="1981" durationms="0.139" />
  <references type="soft" candidates="224" cleared="0" enqueued="0" dynamicThreshold="7" maxThreshold="32" />
  <references type="weak" candidates="448" cleared="0" enqueued="0" />
  <references type="phantom" candidates="1" cleared="0" enqueued="0" />
  <stringconstants candidates="8285" cleared="0"  />
  <heap-resize type="expand" space="default" amount="1048576" count="1" timems="0.060" reason="continue current collection" />
</gc-op>
<gc-op id="240" type="classunload" timems="0.003" contextid="235" timestamp="2019-06-15T22:45:55.627">
  <classunload-info classloadercandidates="14" classloadersunloaded="0" classesunloaded="0" anonymousclassesunloaded="0" quiescems="0.000" setupms="0.003" scanms="0.000" postms="0.000" />
</gc-op>
<gc-end id="241" type="partial gc" contextid="235" durationms="5.463" usertimems="8.000" systemtimems="0.000" timestamp="2019-06-15T22:45:55.627" activeThreads="1">
  <mem-info id="242" free="7340032" total="19922944" percent="36">
    <mem type="eden" free="193504" total="1048576" percent="18" />
    <remembered-set count="13344" freebytes="741888" totalbytes="795264" percent="93" regionsoverflowed="0" regionsstable="0" regionsrebuilding="0"/>
  </mem-info>
</gc-end>
<cycle-end id="243" type="partial gc" contextid="235" timestamp="2019-06-15T22:45:55.628" />
  <attribute name="elasticGC enabled" value="1" />
  <attribute name= "numThreadsSpecified" value="1" />
  <attribute name="heapSize specified" value="0" />
  <attribute name="Current GC Util" value="49" />
  <attribute name= "Current Time Running" value="48336" />
  <attribute name ="GC Interval" value="0" />
  <attribute name="ProportionalT" value="43.500000" />
  <attribute name="ProportionalI" value="43.500000" />
  <attribute name="ProportionalH" value="43.500000" />
  <attribute name="Current Error" value="29.000000" />
  <attribute name="IntegralT" value="0.000000" />
  <attribute name="IntegralI" value="0.000000" />
  <attribute name="IntegralH" value="0.000000" />
  <attribute name="DerivativeT" value="inf" />
  <attribute name="DerivativeI" value="inf" />
  <attribute name="DerivativeH" value="inf" />
  <attribute name="Loop Time for DT" value="0.000000" />
  <attribute name="Output H" value="8388608"/>
  <attribute name="Output I" value="200"/>
  <attribute name="Output T" value="1"/>
  <attribute name="Target GC Util Change" value ="20.000000" />
  <attribute name="Current GC Util Change" value="49.000000"/>
  <attribute name="GC Util currently" value="49" />
  <attribute name="CPU Util currently" value="26545133333008" />
<exclusive-end id="244" timestamp="2019-06-15T22:45:55.628" durationms="6.399" />

<exclusive-start id="245" timestamp="2019-06-15T22:45:55.643" intervalms="21.821">
  <response-info timems="0.051" idlems="0.051" threads="0" lastid="0000000000E66700" lastname="main" />
</exclusive-start>
<allocation-taxation id="246" taxation-threshold="3145728" timestamp="2019-06-15T22:45:55.643" intervalms="21.821" />
<cycle-start id="247" type="global mark phase" contextid="0" timestamp="2019-06-15T22:45:55.643" intervalms="181.241" />
<gc-start id="248" type="global mark phase" contextid="247" timestamp="2019-06-15T22:45:55.644">
  <mem-info id="249" free="4194304" total="19922944" percent="21">
    <remembered-set count="13216" freebytes="742400" totalbytes="795264" percent="93" regionsoverflowed="0" regionsstable="0" regionsrebuilding="0"/>
  </mem-info>
</gc-start>
<gc-op id="250" type="mark increment" timems="0.496" contextid="247" timestamp="2019-06-15T22:45:55.644">
  <trace-info objectcount="195" scancount="0" scanbytes="0" />
</gc-op>
<gc-end id="251" type="global mark phase" contextid="247" durationms="0.694" usertimems="0.000" systemtimems="0.000" timestamp="2019-06-15T22:45:55.644" activeThreads="1">
  <mem-info id="252" free="4194304" total="19922944" percent="21">
    <remembered-set count="13216" freebytes="742400" totalbytes="795264" percent="93" regionsoverflowed="0" regionsstable="0" regionsrebuilding="0"/>
  </mem-info>
</gc-end>
<concurrent-start id="253" type="GMP work packet processing" contextid="247" timestamp="2019-06-15T22:45:55.644">
  <concurrent-mark-start scanTarget="18446744073709551615" />
</concurrent-start>
<exclusive-end id="254" timestamp="2019-06-15T22:45:55.644" durationms="1.272" />

<concurrent-end id="255" type="GMP work packet processing" contextid="247" timestamp="2019-06-15T22:45:55.650">
  <concurrent-mark-end bytesScanned="2311496" reasonForTermination="Completed all work in GC phase" />
</concurrent-end>

<exclusive-start id="256" timestamp="2019-06-15T22:45:55.665" intervalms="21.319">
  <response-info timems="0.023" idlems="0.023" threads="0" lastid="0000000000E66700" lastname="main" />
</exclusive-start>
<allocation-taxation id="257" taxation-threshold="3145728" timestamp="2019-06-15T22:45:55.665" intervalms="21.344" />
<cycle-start id="258" type="partial gc" contextid="0" timestamp="2019-06-15T22:45:55.665" intervalms="43.158" />
<gc-start id="259" type="partial gc" contextid="258" timestamp="2019-06-15T22:45:55.665">
  <mem-info id="260" free="1048576" total="19922944" percent="5">
    <mem type="eden" free="0" total="6291456" percent="0" />
    <remembered-set count="13216" freebytes="742400" totalbytes="795264" percent="93" regionsoverflowed="0" regionsstable="0" regionsrebuilding="0"/>
  </mem-info>
</gc-start>
<allocation-stats totalBytes="6290656" >
  <allocated-bytes non-tlh="2552" tlh="6288104" arrayletleaf="0"/>
  <largest-consumer threadName="main" threadId="0000000000E66700" bytes="3145232" />
</allocation-stats>
<gc-op id="261" type="copy forward" timems="3.957" contextid="258" timestamp="2019-06-15T22:45:55.670">
  <memory-copied type="eden" objects="13252" bytes="554688" bytesdiscarded="0" />
  <memory-copied type="other" objects="8936" bytes="459384" bytesdiscarded="0" />
  <memory-cardclean objects="799" bytes="63680" />
  <regions eden="6" other="1" />
  <remembered-set-cleared processed="11471" cleared="1868" durationms="0.146" />
  <references type="soft" candidates="224" cleared="0" enqueued="0" dynamicThreshold="6" maxThreshold="32" />
  <references type="weak" candidates="412" cleared="0" enqueued="0" />
  <stringconstants candidates="8299" cleared="0"  />
  <heap-resize type="expand" space="default" amount="1048576" count="1" timems="0.057" reason="continue current collection" />
</gc-op>
<gc-op id="262" type="classunload" timems="0.003" contextid="258" timestamp="2019-06-15T22:45:55.670">
  <classunload-info classloadercandidates="14" classloadersunloaded="0" classesunloaded="0" anonymousclassesunloaded="0" quiescems="0.000" setupms="0.003" scanms="0.000" postms="0.000" />
</gc-op>
<gc-op id="263" type="compact" timems="2.647" contextid="258" timestamp="2019-06-15T22:45:55.673">
  <compact-info movecount="0" movebytes="0" />
  <remembered-set-cleared processed="24523" cleared="1868" durationms="0.146" />
</gc-op>
<heap-resize id="264" type="expand" space="default" amount="2097152" count="1" timems="0.059" reason="insufficient free space following gc" timestamp="2019-06-15T22:45:55.673" />
<gc-end id="265" type="partial gc" contextid="258" durationms="7.967" usertimems="4.000" systemtimems="4.000" timestamp="2019-06-15T22:45:55.673" activeThreads="4">
  <mem-info id="266" free="9437184" total="23068672" percent="40">
    <mem type="eden" free="493872" total="1048576" percent="47" />
    <remembered-set count="14720" freebytes="861952" totalbytes="920832" percent="93" regionsoverflowed="0" regionsstable="0" regionsrebuilding="0"/>
  </mem-info>
</gc-end>
<cycle-end id="267" type="partial gc" contextid="258" timestamp="2019-06-15T22:45:55.673" />
  <attribute name="elasticGC enabled" value="1" />
  <attribute name= "numThreadsSpecified" value="4" />
  <attribute name="heapSize specified" value="0" />
  <attribute name="Current GC Util" value="0" />
  <attribute name= "Current Time Running" value="48383" />
  <attribute name ="GC Interval" value="0" />
  <attribute name="ProportionalT" value="-30.000000" />
  <attribute name="ProportionalI" value="-30.000000" />
  <attribute name="ProportionalH" value="-30.000000" />
  <attribute name="Current Error" value="-20.000000" />
  <attribute name="IntegralT" value="-100.000000" />
  <attribute name="IntegralI" value="-100.000000" />
  <attribute name="IntegralH" value="-100.000000" />
  <attribute name="DerivativeT" value="-12.000000" />
  <attribute name="DerivativeI" value="-12.000000" />
  <attribute name="DerivativeH" value="-12.000000" />
  <attribute name="Loop Time for DT" value="5.000000" />
  <attribute name="Output H" value="2091843584"/>
  <attribute name="Output I" value="200"/>
  <attribute name="Output T" value="4"/>
  <attribute name="Target GC Util Change" value ="20.000000" />
  <attribute name="Current GC Util Change" value="0.000000"/>
  <attribute name="GC Util currently" value="0" />
  <attribute name="CPU Util currently" value="1062043992109" />
<exclusive-end id="268" timestamp="2019-06-15T22:45:55.673" durationms="8.898" />

<exclusive-start id="269" timestamp="2019-06-15T22:45:55.918" intervalms="253.661">
  <response-info timems="0.029" idlems="0.029" threads="0" lastid="0000000000E66700" lastname="main" />
</exclusive-start>
<allocation-taxation id="270" taxation-threshold="4194304" timestamp="2019-06-15T22:45:55.918" intervalms="253.680" />
<gc-start id="271" type="global mark phase" contextid="247" timestamp="2019-06-15T22:45:55.919">
  <mem-info id="272" free="5242880" total="23068672" percent="22">
    <remembered-set count="14720" freebytes="861952" totalbytes="920832" percent="93" regionsoverflowed="0" regionsstable="0" regionsrebuilding="0"/>
  </mem-info>
</gc-start>
<gc-op id="273" type="mark increment" timems="1.951" contextid="247" timestamp="2019-06-15T22:45:55.921">
  <trace-info objectcount="8635" scancount="7919" scanbytes="284752" />
  <cardclean-info objects="5605" bytes="243780" />
  <finalization candidates="80" enqueued="0" />
  <ownableSynchronizers candidates="21" cleared="0" />
  <references type="soft" candidates="1639" cleared="55" enqueued="54" dynamicThreshold="13" maxThreshold="32" />
  <references type="weak" candidates="4541" cleared="29" enqueued="26" />
  <references type="phantom" candidates="99" cleared="0" enqueued="0" />
  <stringconstants candidates="8659" cleared="0"  />
</gc-op>
<gc-op id="274" type="classunload" timems="0.005" contextid="247" timestamp="2019-06-15T22:45:55.921">
  <classunload-info classloadercandidates="16" classloadersunloaded="0" classesunloaded="0" anonymousclassesunloaded="0" quiescems="0.000" setupms="0.005" scanms="0.000" postms="0.000" />
</gc-op>
<gc-end id="275" type="global mark phase" contextid="247" durationms="2.337" usertimems="0.000" systemtimems="0.000" timestamp="2019-06-15T22:45:55.921" activeThreads="4">
  <mem-info id="276" free="5242880" total="23068672" percent="22">
    <pending-finalizers system="0" default="0" reference="80" classloader="0" />
    <remembered-set count="14720" freebytes="861952" totalbytes="920832" percent="93" regionsoverflowed="0" regionsstable="0" regionsrebuilding="0"/>
  </mem-info>
</gc-end>
<cycle-end id="277" type="global mark phase" contextid="247" timestamp="2019-06-15T22:45:55.921" />
  <attribute name="elasticGC enabled" value="1" />
  <attribute name= "numThreadsSpecified" value="4" />
  <attribute name="heapSize specified" value="0" />
  <attribute name="Current GC Util" value="0" />
  <attribute name= "Current Time Running" value="48633" />
  <attribute name ="GC Interval" value="0" />
  <attribute name="ProportionalT" value="-30.000000" />
  <attribute name="ProportionalI" value="-30.000000" />
  <attribute name="ProportionalH" value="-30.000000" />
  <attribute name="Current Error" value="-20.000000" />
  <attribute name="IntegralT" value="-20.000000" />
  <attribute name="IntegralI" value="-20.000000" />
  <attribute name="IntegralH" value="-20.000000" />
  <attribute name="DerivativeT" value="-91.000000" />
  <attribute name="DerivativeI" value="-91.000000" />
  <attribute name="DerivativeH" value="-91.000000" />
  <attribute name="Loop Time for DT" value="1.000000" />
  <attribute name="Output H" value="2091843584"/>
  <attribute name="Output I" value="200"/>
  <attribute name="Output T" value="4"/>
  <attribute name="Target GC Util Change" value ="20.000000" />
  <attribute name="Current GC Util Change" value="0.000000"/>
  <attribute name="GC Util currently" value="0" />
  <attribute name="CPU Util currently" value="8830536768437" />
<exclusive-end id="278" timestamp="2019-06-15T22:45:55.921" durationms="3.062" />

<exclusive-start id="279" timestamp="2019-06-15T22:45:55.928" intervalms="9.375">
  <response-info timems="0.023" idlems="0.023" threads="0" lastid="0000000000E66700" lastname="main" />
</exclusive-start>
<sys-start reason="explicit" id="280" timestamp="2019-06-15T22:45:55.928" intervalms="48772.708" />
<cycle-start id="281" type="global garbage collect" contextid="0" timestamp="2019-06-15T22:45:55.928" intervalms="48772.851" />
<gc-start id="282" type="global garbage collect" contextid="281" timestamp="2019-06-15T22:45:55.928">
  <mem-info id="283" free="5106288" total="23068672" percent="22">
    <mem type="eden" free="911984" total="5242880" percent="17" />
    <remembered-set count="14720" freebytes="861952" totalbytes="920832" percent="93" regionsoverflowed="0" regionsstable="0" regionsrebuilding="0"/>
  </mem-info>
</gc-start>
<allocation-stats totalBytes="4329624" >
  <allocated-bytes non-tlh="432240" tlh="3897384" arrayletleaf="0"/>
  <largest-consumer threadName="main" threadId="0000000000E66700" bytes="132496" />
</allocation-stats>
<gc-op id="284" type="global mark" timems="3.998" contextid="281" timestamp="2019-06-15T22:45:55.932">
  <trace-info objectcount="73771" scancount="60075" scanbytes="2068352" />
  <finalization candidates="80" enqueued="0" />
  <ownableSynchronizers candidates="21" cleared="0" />
  <references type="soft" candidates="1584" cleared="3" enqueued="3" dynamicThreshold="7" maxThreshold="32" />
  <references type="weak" candidates="4504" cleared="11" enqueued="11" />
  <references type="phantom" candidates="101" cleared="2" enqueued="2" />
  <stringconstants candidates="8669" cleared="16"  />
</gc-op>
<gc-op id="285" type="classunload" timems="0.444" contextid="281" timestamp="2019-06-15T22:45:55.933">
  <classunload-info classloadercandidates="17" classloadersunloaded="1" classesunloaded="1" anonymousclassesunloaded="0" quiescems="0.000" setupms="0.429" scanms="0.010" postms="0.004" />
</gc-op>
<gc-op id="286" type="sweep" timems="0.408" contextid="281" timestamp="2019-06-15T22:45:55.934" />
<gc-op id="287" type="compact" timems="7.742" contextid="281" timestamp="2019-06-15T22:45:55.942">
  <compact-info movecount="72721" movebytes="4171496" />
  <remembered-set-cleared processed="23696" cleared="23696" durationms="0.114" />
</gc-op>
<gc-end id="288" type="global garbage collect" contextid="281" durationms="14.048" usertimems="24.000" systemtimems="0.000" timestamp="2019-06-15T22:45:55.942" activeThreads="4">
  <mem-info id="289" free="8388608" total="23068672" percent="36">
    <pending-finalizers system="0" default="0" reference="16" classloader="0" />
    <remembered-set count="10240" freebytes="879872" totalbytes="920832" percent="95" regionsoverflowed="0" regionsstable="0" regionsrebuilding="0"/>
  </mem-info>
</gc-end>
<cycle-end id="290" type="global garbage collect" contextid="281" timestamp="2019-06-15T22:45:55.942" />
  <attribute name="elasticGC enabled" value="1" />
  <attribute name= "numThreadsSpecified" value="4" />
  <attribute name="heapSize specified" value="0" />
  <attribute name="Current GC Util" value="28" />
  <attribute name= "Current Time Running" value="48647" />
  <attribute name ="GC Interval" value="0" />
  <attribute name="ProportionalT" value="12.000000" />
  <attribute name="ProportionalI" value="12.000000" />
  <attribute name="ProportionalH" value="12.000000" />
  <attribute name="Current Error" value="8.000000" />
  <attribute name="IntegralT" value="8.000000" />
  <attribute name="IntegralI" value="8.000000" />
  <attribute name="IntegralH" value="8.000000" />
  <attribute name="DerivativeT" value="-64.000000" />
  <attribute name="DerivativeI" value="-64.000000" />
  <attribute name="DerivativeH" value="-64.000000" />
  <attribute name="Loop Time for DT" value="1.000000" />
  <attribute name="Output H" value="2091843584"/>
  <attribute name="Output I" value="200"/>
  <attribute name="Output T" value="4"/>
  <attribute name="Target GC Util Change" value ="20.000000" />
  <attribute name="Current GC Util Change" value="28.000000"/>
  <attribute name="GC Util currently" value="28" />
  <attribute name="CPU Util currently" value="7139385422053" />
<sys-end id="291" timestamp="2019-06-15T22:45:55.942" />
<exclusive-end id="292" timestamp="2019-06-15T22:45:55.943" durationms="14.980" />

<exclusive-start id="293" timestamp="2019-06-15T22:45:56.182" intervalms="254.743">
  <response-info timems="0.062" idlems="0.062" threads="0" lastid="0000000000E66700" lastname="main" />
</exclusive-start>
<allocation-taxation id="294" taxation-threshold="8388608" timestamp="2019-06-15T22:45:56.183" intervalms="264.173" />
<cycle-start id="295" type="partial gc" contextid="0" timestamp="2019-06-15T22:45:56.183" intervalms="517.897" />
<gc-start id="296" type="partial gc" contextid="295" timestamp="2019-06-15T22:45:56.183">
  <mem-info id="297" free="0" total="23068672" percent="0">
    <mem type="eden" free="0" total="8388608" percent="0" />
    <remembered-set count="10240" freebytes="879872" totalbytes="920832" percent="95" regionsoverflowed="0" regionsstable="0" regionsrebuilding="0"/>
  </mem-info>
</gc-start>
<allocation-stats totalBytes="8387536" >
  <allocated-bytes non-tlh="463952" tlh="7923584" arrayletleaf="0"/>
  <largest-consumer threadName="main" threadId="0000000000E66700" bytes="8379288" />
</allocation-stats>
<gc-op id="298" type="mark" timems="1.072" contextid="295" timestamp="2019-06-15T22:45:56.185">
  <trace-info objectcount="599" scancount="552" scanbytes="52812" />
  <cardclean-info objects="702" bytes="37992" />
  <remembered-set-cleared processed="8657" cleared="173" durationms="0.104" />
  <references type="soft" candidates="34" cleared="0" enqueued="0" dynamicThreshold="11" maxThreshold="32" />
  <references type="weak" candidates="22" cleared="11" enqueued="11" />
  <references type="phantom" candidates="5" cleared="2" enqueued="2" />
  <stringconstants candidates="8686" cleared="12"  />
  <warning details="Mark invoked due to insufficient free space for Copy-Forward" />
</gc-op>
<gc-op id="299" type="classunload" timems="0.004" contextid="295" timestamp="2019-06-15T22:45:56.185">
  <classunload-info classloadercandidates="17" classloadersunloaded="0" classesunloaded="0" anonymousclassesunloaded="0" quiescems="0.000" setupms="0.004" scanms="0.000" postms="0.000" />
</gc-op>
<gc-op id="300" type="sweep" timems="0.334" contextid="295" timestamp="2019-06-15T22:45:56.185" />
<gc-op id="301" type="compact" timems="1.021" contextid="295" timestamp="2019-06-15T22:45:56.187">
  <compact-info movecount="599" movebytes="333624" />
  <remembered-set-cleared processed="17626" cleared="609" durationms="0.104" />
</gc-op>
<heap-resize id="302" type="expand" space="default" amount="1048576" count="1" timems="0.056" reason="insufficient free space following gc" timestamp="2019-06-15T22:45:56.187" />
<gc-end id="303" type="partial gc" contextid="295" durationms="4.112" usertimems="8.000" systemtimems="0.000" timestamp="2019-06-15T22:45:56.187" activeThreads="4">
  <mem-info id="304" free="8388608" total="24117248" percent="34">
    <mem type="eden" free="714952" total="1048576" percent="68" />
    <pending-finalizers system="0" default="0" reference="13" classloader="0" />
    <remembered-set count="11776" freebytes="915584" totalbytes="962688" percent="95" regionsoverflowed="0" regionsstable="0" regionsrebuilding="0"/>
  </mem-info>
</gc-end>
<cycle-end id="305" type="partial gc" contextid="295" timestamp="2019-06-15T22:45:56.187" />
  <attribute name="elasticGC enabled" value="1" />
  <attribute name= "numThreadsSpecified" value="4" />
  <attribute name="heapSize specified" value="0" />
  <attribute name="Current GC Util" value="21" />
  <attribute name= "Current Time Running" value="48899" />
  <attribute name ="GC Interval" value="0" />
  <attribute name="ProportionalT" value="1.500000" />
  <attribute name="ProportionalI" value="1.500000" />
  <attribute name="ProportionalH" value="1.500000" />
  <attribute name="Current Error" value="1.000000" />
  <attribute name="IntegralT" value="1.000000" />
  <attribute name="IntegralI" value="1.000000" />
  <attribute name="IntegralH" value="1.000000" />
  <attribute name="DerivativeT" value="-65.000000" />
  <attribute name="DerivativeI" value="-65.000000" />
  <attribute name="DerivativeH" value="-65.000000" />
  <attribute name="Loop Time for DT" value="1.000000" />
  <attribute name="Output H" value="2091843584"/>
  <attribute name="Output I" value="200"/>
  <attribute name="Output T" value="4"/>
  <attribute name="Target GC Util Change" value ="20.000000" />
  <attribute name="Current GC Util Change" value="21.000000"/>
  <attribute name="GC Util currently" value="21" />
  <attribute name="CPU Util currently" value="8254064245492" />
<exclusive-end id="306" timestamp="2019-06-15T22:45:56.188" durationms="5.240" />

<exclusive-start id="307" timestamp="2019-06-15T22:45:56.223" intervalms="40.798">
  <response-info timems="0.077" idlems="0.077" threads="0" lastid="0000000000E66700" lastname="main" />
</exclusive-start>
<allocation-taxation id="308" taxation-threshold="8388608" timestamp="2019-06-15T22:45:56.223" intervalms="40.728" />
<cycle-start id="309" type="partial gc" contextid="0" timestamp="2019-06-15T22:45:56.223" intervalms="40.722" />
<gc-start id="310" type="partial gc" contextid="309" timestamp="2019-06-15T22:45:56.224">
  <mem-info id="311" free="0" total="24117248" percent="0">
    <mem type="eden" free="714952" total="9437184" percent="7" />
    <remembered-set count="11360" freebytes="917248" totalbytes="962688" percent="95" regionsoverflowed="0" regionsstable="0" regionsrebuilding="0"/>
  </mem-info>
</gc-start>
<allocation-stats totalBytes="8388088" >
  <allocated-bytes non-tlh="0" tlh="8388088" arrayletleaf="0"/>
  <largest-consumer threadName="main" threadId="0000000000E66700" bytes="8383992" />
</allocation-stats>
<gc-op id="312" type="mark" timems="0.756" contextid="309" timestamp="2019-06-15T22:45:56.225">
  <trace-info objectcount="568" scancount="525" scanbytes="52068" />
  <cardclean-info objects="191" bytes="22592" />
  <remembered-set-cleared processed="8839" cleared="244" durationms="0.126" />
  <references type="soft" candidates="34" cleared="0" enqueued="0" dynamicThreshold="11" maxThreshold="32" />
  <references type="weak" candidates="10" cleared="0" enqueued="0" />
  <references type="phantom" candidates="3" cleared="0" enqueued="0" />
  <stringconstants candidates="8674" cleared="0"  />
  <warning details="Mark invoked due to insufficient free space for Copy-Forward" />
</gc-op>
<gc-op id="313" type="classunload" timems="0.003" contextid="309" timestamp="2019-06-15T22:45:56.225">
  <classunload-info classloadercandidates="17" classloadersunloaded="0" classesunloaded="0" anonymousclassesunloaded="0" quiescems="0.000" setupms="0.003" scanms="0.000" postms="0.000" />
</gc-op>
<gc-op id="314" type="sweep" timems="0.321" contextid="309" timestamp="2019-06-15T22:45:56.225" />
<gc-op id="315" type="compact" timems="1.022" contextid="309" timestamp="2019-06-15T22:45:56.227">
  <compact-info movecount="568" movebytes="332656" />
  <remembered-set-cleared processed="17816" cleared="787" durationms="0.126" />
</gc-op>
<heap-resize id="316" type="expand" space="default" amount="2097152" count="1" timems="0.058" reason="insufficient free space following gc" timestamp="2019-06-15T22:45:56.227" />
<gc-end id="317" type="partial gc" contextid="309" durationms="3.501" usertimems="4.000" systemtimems="0.000" timestamp="2019-06-15T22:45:56.227" activeThreads="4">
  <mem-info id="318" free="9437184" total="26214400" percent="36">
    <mem type="eden" free="1764496" total="2097152" percent="84" />
    <remembered-set count="10464" freebytes="1004544" totalbytes="1046400" percent="96" regionsoverflowed="0" regionsstable="0" regionsrebuilding="0"/>
  </mem-info>
</gc-end>
<cycle-end id="319" type="partial gc" contextid="309" timestamp="2019-06-15T22:45:56.227" />
  <attribute name="elasticGC enabled" value="1" />
  <attribute name= "numThreadsSpecified" value="4" />
  <attribute name="heapSize specified" value="0" />
  <attribute name="Current GC Util" value="24" />
  <attribute name= "Current Time Running" value="48939" />
  <attribute name ="GC Interval" value="0" />
  <attribute name="ProportionalT" value="6.000000" />
  <attribute name="ProportionalI" value="6.000000" />
  <attribute name="ProportionalH" value="6.000000" />
  <attribute name="Current Error" value="4.000000" />
  <attribute name="IntegralT" value="4.000000" />
  <attribute name="IntegralI" value="4.000000" />
  <attribute name="IntegralH" value="4.000000" />
  <attribute name="DerivativeT" value="4.000000" />
  <attribute name="DerivativeI" value="4.000000" />
  <attribute name="DerivativeH" value="4.000000" />
  <attribute name="Loop Time for DT" value="1.000000" />
  <attribute name="Output H" value="8388608"/>
  <attribute name="Output I" value="200"/>
  <attribute name="Output T" value="4"/>
  <attribute name="Target GC Util Change" value ="20.000000" />
  <attribute name="Current GC Util Change" value="24.000000"/>
  <attribute name="GC Util currently" value="24" />
  <attribute name="CPU Util currently" value="8678909328109" />
<exclusive-end id="320" timestamp="2019-06-15T22:45:56.227" durationms="4.326" />

<exclusive-start id="321" timestamp="2019-06-15T22:45:56.269" intervalms="45.398">
  <response-info timems="0.020" idlems="0.020" threads="0" lastid="0000000000E66700" lastname="main" />
</exclusive-start>
<allocation-taxation id="322" taxation-threshold="9437184" timestamp="2019-06-15T22:45:56.269" intervalms="45.374" />
<cycle-start id="323" type="partial gc" contextid="0" timestamp="2019-06-15T22:45:56.269" intervalms="45.376" />
<gc-start id="324" type="partial gc" contextid="323" timestamp="2019-06-15T22:45:56.269">
  <mem-info id="325" free="0" total="26214400" percent="0">
    <mem type="eden" free="1015616" total="10485760" percent="9" />
    <remembered-set count="10464" freebytes="1004544" totalbytes="1046400" percent="96" regionsoverflowed="0" regionsstable="0" regionsrebuilding="0"/>
  </mem-info>
</gc-start>
<allocation-stats totalBytes="9436544" >
  <allocated-bytes non-tlh="0" tlh="9436544" arrayletleaf="0"/>
  <largest-consumer threadName="main" threadId="0000000000E66700" bytes="9436544" />
</allocation-stats>
<gc-op id="326" type="mark" timems="0.653" contextid="323" timestamp="2019-06-15T22:45:56.270">
  <trace-info objectcount="8" scancount="8" scanbytes="32956" />
  <cardclean-info objects="14" bytes="544" />
  <remembered-set-cleared processed="8911" cleared="9" durationms="0.121" />
  <stringconstants candidates="8674" cleared="0"  />
  <warning details="Mark invoked due to insufficient free space for Copy-Forward" />
</gc-op>
<gc-op id="327" type="classunload" timems="0.003" contextid="323" timestamp="2019-06-15T22:45:56.270">
  <classunload-info classloadercandidates="17" classloadersunloaded="0" classesunloaded="0" anonymousclassesunloaded="0" quiescems="0.000" setupms="0.003" scanms="0.000" postms="0.000" />
</gc-op>
<gc-op id="328" type="sweep" timems="0.315" contextid="323" timestamp="2019-06-15T22:45:56.271" />
<gc-op id="329" type="compact" timems="0.937" contextid="323" timestamp="2019-06-15T22:45:56.272">
  <compact-info movecount="8" movebytes="32960" />
  <remembered-set-cleared processed="17800" cleared="292" durationms="0.121" />
</gc-op>
<gc-end id="330" type="partial gc" contextid="323" durationms="3.195" usertimems="4.000" systemtimems="0.000" timestamp="2019-06-15T22:45:56.272" activeThreads="4">
  <mem-info id="331" free="9437184" total="26214400" percent="36">
    <mem type="eden" free="1015616" total="1048576" percent="96" />
    <remembered-set count="11616" freebytes="999936" totalbytes="1046400" percent="95" regionsoverflowed="0" regionsstable="0" regionsrebuilding="0"/>
  </mem-info>
</gc-end>
<cycle-end id="332" type="partial gc" contextid="323" timestamp="2019-06-15T22:45:56.272" />
  <attribute name="elasticGC enabled" value="1" />
  <attribute name= "numThreadsSpecified" value="4" />
  <attribute name="heapSize specified" value="0" />
  <attribute name="Current GC Util" value="23" />
  <attribute name= "Current Time Running" value="48984" />
  <attribute name ="GC Interval" value="0" />
  <attribute name="ProportionalT" value="4.500000" />
  <attribute name="ProportionalI" value="4.500000" />
  <attribute name="ProportionalH" value="4.500000" />
  <attribute name="Current Error" value="3.000000" />
  <attribute name="IntegralT" value="3.000000" />
  <attribute name="IntegralI" value="3.000000" />
  <attribute name="IntegralH" value="3.000000" />
  <attribute name="DerivativeT" value="3.000000" />
  <attribute name="DerivativeI" value="3.000000" />
  <attribute name="DerivativeH" value="3.000000" />
  <attribute name="Loop Time for DT" value="1.000000" />
  <attribute name="Output H" value="8388608"/>
  <attribute name="Output I" value="200"/>
  <attribute name="Output T" value="4"/>
  <attribute name="Target GC Util Change" value ="20.000000" />
  <attribute name="Current GC Util Change" value="23.000000"/>
  <attribute name="GC Util currently" value="23" />
  <attribute name="CPU Util currently" value="7938809188523" />
<exclusive-end id="333" timestamp="2019-06-15T22:45:56.273" durationms="4.017" />

<exclusive-start id="334" timestamp="2019-06-15T22:45:56.344" intervalms="75.772">
  <response-info timems="0.030" idlems="0.030" threads="0" lastid="0000000000E66700" lastname="main" />
</exclusive-start>
<allocation-taxation id="335" taxation-threshold="9437184" timestamp="2019-06-15T22:45:56.344" intervalms="75.744" />
<cycle-start id="336" type="partial gc" contextid="0" timestamp="2019-06-15T22:45:56.344" intervalms="75.663" />
<gc-start id="337" type="partial gc" contextid="336" timestamp="2019-06-15T22:45:56.345">
  <mem-info id="338" free="0" total="26214400" percent="0">
    <mem type="eden" free="1015616" total="10485760" percent="9" />
    <remembered-set count="11392" freebytes="1000832" totalbytes="1046400" percent="95" regionsoverflowed="0" regionsstable="0" regionsrebuilding="0"/>
  </mem-info>
</gc-start>
<allocation-stats totalBytes="9435504" >
  <allocated-bytes non-tlh="35400" tlh="9400104" arrayletleaf="0"/>
  <largest-consumer threadName="main" threadId="0000000000E66700" bytes="9435504" />
</allocation-stats>
<gc-op id="339" type="mark" timems="1.122" contextid="336" timestamp="2019-06-15T22:45:56.346">
  <trace-info objectcount="2175" scancount="1598" scanbytes="78504" />
  <cardclean-info objects="306" bytes="15672" />
  <remembered-set-cleared processed="8972" cleared="123" durationms="0.145" />
  <references type="soft" candidates="3" cleared="0" enqueued="0" dynamicThreshold="11" maxThreshold="32" />
  <references type="weak" candidates="27" cleared="17" enqueued="17" />
  <references type="phantom" candidates="4" cleared="2" enqueued="2" />
  <stringconstants candidates="9076" cleared="0"  />
  <warning details="Mark invoked due to insufficient free space for Copy-Forward" />
</gc-op>
<gc-op id="340" type="classunload" timems="0.003" contextid="336" timestamp="2019-06-15T22:45:56.346">
  <classunload-info classloadercandidates="17" classloadersunloaded="0" classesunloaded="0" anonymousclassesunloaded="0" quiescems="0.000" setupms="0.003" scanms="0.000" postms="0.000" />
</gc-op>
<gc-op id="341" type="sweep" timems="0.407" contextid="336" timestamp="2019-06-15T22:45:56.347" />
<gc-op id="342" type="compact" timems="1.463" contextid="336" timestamp="2019-06-15T22:45:56.349">
  <compact-info movecount="2175" movebytes="112800" />
  <remembered-set-cleared processed="17994" cleared="1322" durationms="0.145" />
</gc-op>
<gc-end id="343" type="partial gc" contextid="336" durationms="4.084" usertimems="4.000" systemtimems="0.000" timestamp="2019-06-15T22:45:56.349" activeThreads="1">
  <mem-info id="344" free="9437184" total="26214400" percent="36">
    <mem type="eden" free="935776" total="1048576" percent="89" />
    <pending-finalizers system="0" default="0" reference="19" classloader="0" />
    <remembered-set count="11584" freebytes="1000064" totalbytes="1046400" percent="95" regionsoverflowed="0" regionsstable="0" regionsrebuilding="0"/>
  </mem-info>
</gc-end>
<cycle-end id="345" type="partial gc" contextid="336" timestamp="2019-06-15T22:45:56.349" />
  <attribute name="elasticGC enabled" value="1" />
  <attribute name= "numThreadsSpecified" value="1" />
  <attribute name="heapSize specified" value="0" />
  <attribute name="Current GC Util" value="20" />
  <attribute name= "Current Time Running" value="49060" />
  <attribute name ="GC Interval" value="0" />
  <attribute name="ProportionalT" value="0.000000" />
  <attribute name="ProportionalI" value="0.000000" />
  <attribute name="ProportionalH" value="0.000000" />
  <attribute name="Current Error" value="0.000000" />
  <attribute name="IntegralT" value="0.000000" />
  <attribute name="IntegralI" value="0.000000" />
  <attribute name="IntegralH" value="0.000000" />
  <attribute name="DerivativeT" value="0.000000" />
  <attribute name="DerivativeI" value="0.000000" />
  <attribute name="DerivativeH" value="0.000000" />
  <attribute name="Loop Time for DT" value="1.000000" />
  <attribute name="Output H" value="8388608"/>
  <attribute name="Output I" value="200"/>
  <attribute name="Output T" value="1"/>
  <attribute name="Target GC Util Change" value ="20.000000" />
  <attribute name="Current GC Util Change" value="20.000000"/>
  <attribute name="GC Util currently" value="20" />
  <attribute name="CPU Util currently" value="7458871538813" />
<exclusive-end id="346" timestamp="2019-06-15T22:45:56.349" durationms="4.788" />

</verbosegc>

