<?xml version="1.0" ?>

<verbosegc xmlns="http://www.ibm.com/j9/verbosegc" version="25b0271_CMPRSS">

<initialized id="1" timestamp="2019-07-02T19:05:29.393">
  <attribute name="gcPolicy" value="-Xgcpolicy:optavgpause" />
  <attribute name="GC Util" value="0" />
  <attribute name="CPU Util" value="0" />
  <attribute name="Time Running"value="0"/>
  <attribute name="Number of cores"value="0"/>
  <attribute name="maxHeapSize" value="0x7cbc0000" />
  <attribute name="initialHeapSize" value="0x800000" />
  <attribute name="compressedRefs" value="true" />
  <attribute name="compressedRefsDisplacement" value="0x0" />
  <attribute name="compressedRefsShift" value="0x0" />
  <attribute name="pageSize" value="0x1000" />
  <attribute name="pageType" value="not used" />
  <attribute name="requestedPageSize" value="0x1000" />
  <attribute name="requestedPageType" value="not used" />
  <attribute name="gcthreads" value="4" />
  <attribute name="packetListSplit" value="4" />
  <attribute name="cacheListSplit" value="4" />
  <attribute name="splitFreeListSplitAmount" value="1" />
  <attribute name="numaNodes" value="0" />
  <system>
    <attribute name="physicalMemory" value="8370962432" />
    <attribute name="numCPUs" value="4" />
    <attribute name="architecture" value="amd64" />
    <attribute name="os" value="Linux" />
    <attribute name="osVersion" value="4.4.0-148-generic" />
  </system>
  <vmargs>
    <vmarg name="-Xoptionsfile=/vagrant/jdk/lib/options.default" />
    <vmarg name="-Xlockword:mode=default,noLockword=java/lang/String,noLockword=java/util/MapEntry,noLockword=java/util/HashMap$Entry,noLockword..." />
    <vmarg name="-Xjcl:jclse11_29" />
    <vmarg name="-Dcom.ibm.oti.vm.bootstrap.library.path=/vagrant/jdk/lib/compressedrefs:/vagrant/jdk/lib" />
    <vmarg name="-Dsun.boot.library.path=/vagrant/jdk/lib/compressedrefs:/vagrant/jdk/lib" />
    <vmarg name="-Djava.library.path=/vagrant/jdk/lib/compressedrefs:/vagrant/jdk/lib:/usr/lib64:/usr/lib" />
    <vmarg name="-Djava.home=/vagrant/jdk" />
    <vmarg name="-Duser.dir=/vagrant" />
    <vmarg name="-Xgcpolicy:optavgpause" />
    <vmarg name="-verbose:gc" />
    <vmarg name="-Xloggc:small-OPTAVGPAUSE-jdkF-verbose13jython.txt" />
    <vmarg name="-Djava.class.path=dacapo-9.12-MR1-bach.jar" />
    <vmarg name="-Dsun.java.command=dacapo-9.12-MR1-bach.jar jython --size=small" />
    <vmarg name="-Dsun.java.launcher=SUN_STANDARD" />
    <vmarg name="-Dsun.java.launcher.pid=5814" />
  </vmargs>
</initialized>

<exclusive-start id="2" timestamp="2019-07-02T19:05:30.910" intervalms="1517.080">
  <response-info timems="0.022" idlems="0.022" threads="0" lastid="0000000000B55700" lastname="main" />
</exclusive-start>
<af-start id="3" threadId="0000000000B56088" totalBytesRequested="2056" timestamp="2019-07-02T19:05:30.910" intervalms="1517.329" />
<cycle-start id="4" type="global" contextid="0" timestamp="2019-07-02T19:05:30.911" intervalms="1517.673" />
  <attribute name="GC Util" value="0" />
  <attribute name="CPU Util" value="56" />
  <attribute name="Time Running"value="0"/>
  <attribute name="Number of cores"value="4"/>
<gc-start id="5" type="global" contextid="4" timestamp="2019-07-02T19:05:30.911">
  <mem-info id="6" free="418816" total="8388608" percent="4">
    <mem type="tenure" free="418816" total="8388608" percent="4">
      <mem type="soa" free="0" total="7969792" percent="0" />
      <mem type="loa" free="418816" total="418816" percent="100" />
    </mem>
  </mem-info>
</gc-start>
<allocation-stats totalBytes="7921664" >
  <allocated-bytes non-tlh="314600" tlh="7607064" />
  <largest-consumer threadName="main" threadId="0000000000B55700" bytes="7846032" />
</allocation-stats>
<gc-op id="7" type="mark" timems="1.452" contextid="4" timestamp="2019-07-02T19:05:30.912">
  <trace-info objectcount="17607" scancount="14573" scanbytes="459052" />
  <finalization candidates="19" enqueued="1" />
  <references type="soft" candidates="63" cleared="0" enqueued="0" dynamicThreshold="32" maxThreshold="32" />
  <references type="weak" candidates="567" cleared="402" enqueued="362" />
  <references type="phantom" candidates="105" cleared="44" enqueued="44" />
  <stringconstants candidates="2393" cleared="0"  />
</gc-op>
<gc-op id="8" type="classunload" timems="0.082" contextid="4" timestamp="2019-07-02T19:05:30.913">
  <classunload-info classloadercandidates="5" classloadersunloaded="0" classesunloaded="0" anonymousclassesunloaded="0" quiescems="0.000" setupms="0.081" scanms="0.001" postms="0.000" />
</gc-op>
<gc-op id="9" type="sweep" timems="0.461" contextid="4" timestamp="2019-07-02T19:05:30.913" />
<gc-end id="10" type="global" contextid="4" durationms="2.466" usertimems="0.000" systemtimems="4.000" timestamp="2019-07-02T19:05:30.913" activeThreads="4">
  <mem-info id="11" free="6892344" total="8388608" percent="82">
    <mem type="tenure" free="6892344" total="8388608" percent="82" micro-fragmented="172867">
      <mem type="soa" free="6766696" total="7969792" percent="84" />
      <mem type="loa" free="125648" total="418816" percent="30" />
    </mem>
    <pending-finalizers system="1" default="0" reference="406" classloader="0" />
  </mem-info>
</gc-end>
<cycle-end id="12" type="global" contextid="4" timestamp="2019-07-02T19:05:30.913">
  <attribute name="GC Util" value="70" />
  <attribute name="CPU Util" value="9345153403361" />
  <attribute name="Time Running"value="1412"/>
  <attribute name="Number of cores"value="4"/>
</cycle-end>
<allocation-satisfied id="13" threadId="0000000000B55700" bytesRequested="2056" />
<af-end id="14" timestamp="2019-07-02T19:05:30.914" threadId="0000000000B56088" success="true" />
<exclusive-end id="15" timestamp="2019-07-02T19:05:30.914" durationms="3.493" />

<concurrent-kickoff id="16" timestamp="2019-07-02T19:05:31.395">
  <kickoff reason="threshold reached" targetBytes="2489738" thresholdFreeBytes="343258" remainingFree="216944" tenureFreeBytes="216944" />
</concurrent-kickoff>
<exclusive-start id="17" timestamp="2019-07-02T19:05:31.395" intervalms="484.884">
  <response-info timems="0.010" idlems="0.010" threads="0" lastid="0000000000B55700" lastname="main" />
</exclusive-start>
<cycle-start id="18" type="global" contextid="0" timestamp="2019-07-02T19:05:31.395" intervalms="484.333" />
  <attribute name="GC Util" value="70" />
  <attribute name="CPU Util" value="9345153403361" />
  <attribute name="Time Running"value="1412"/>
  <attribute name="Number of cores"value="4"/>
<exclusive-end id="19" timestamp="2019-07-02T19:05:31.395" durationms="0.079" />

<exclusive-start id="20" timestamp="2019-07-02T19:05:31.398" intervalms="2.895">
  <response-info timems="0.016" idlems="0.016" threads="0" lastid="0000000000B55700" lastname="main" />
</exclusive-start>
<concurrent-collection-start id="21" timestamp="2019-07-02T19:05:31.398" intervalms="2004.922" >
  <concurrent-trace-info reason="card cleaning threshold reached" tracedByMutators="17024" tracedByHelpers="373692" cardsCleaned="3" workStackOverflowCount="0" />
</concurrent-collection-start>
<gc-start id="22" type="global" contextid="18" timestamp="2019-07-02T19:05:31.398">
  <mem-info id="23" free="420216" total="8388608" percent="5">
    <mem type="tenure" free="420216" total="8388608" percent="5">
      <mem type="soa" free="1400" total="7969792" percent="0" />
      <mem type="loa" free="418816" total="418816" percent="100" />
    </mem>
  </mem-info>
</gc-start>
<allocation-stats totalBytes="6554016" >
  <allocated-bytes non-tlh="701920" tlh="5852096" />
  <largest-consumer threadName="main" threadId="0000000000B55700" bytes="6546560" />
</allocation-stats>
<gc-op id="24" type="card-cleaning" timems="0.178" contextid="18" timestamp="2019-07-02T19:05:31.398">
  <card-cleaning cardsCleaned="48" bytesTraced="14072" workStackOverflowCount="0" />
</gc-op>
<gc-op id="25" type="mark" timems="0.521" contextid="18" timestamp="2019-07-02T19:05:31.399">
  <trace-info objectcount="1945" scancount="2139" scanbytes="68840" />
  <finalization candidates="18" enqueued="0" />
  <references type="soft" candidates="66" cleared="0" enqueued="0" dynamicThreshold="26" maxThreshold="32" />
  <references type="weak" candidates="196" cleared="32" enqueued="32" />
  <references type="phantom" candidates="86" cleared="1" enqueued="1" />
  <stringconstants candidates="2501" cleared="0"  />
</gc-op>
<gc-op id="26" type="sweep" timems="0.205" contextid="18" timestamp="2019-07-02T19:05:31.399" />
<gc-end id="27" type="global" contextid="18" durationms="1.146" usertimems="0.000" systemtimems="0.000" timestamp="2019-07-02T19:05:31.399" activeThreads="4">
  <mem-info id="28" free="4851464" total="8388608" percent="57">
    <mem type="tenure" free="4851464" total="8388608" percent="57" micro-fragmented="0">
      <mem type="soa" free="4579232" total="7969792" percent="57" />
      <mem type="loa" free="272232" total="418816" percent="65" />
    </mem>
    <pending-finalizers system="0" default="0" reference="33" classloader="0" />
  </mem-info>
</gc-end>
<cycle-end id="29" type="global" contextid="18" timestamp="2019-07-02T19:05:31.399">
  <attribute name="GC Util" value="67" />
  <attribute name="CPU Util" value="30550729079581" />
  <attribute name="Time Running"value="1898"/>
  <attribute name="Number of cores"value="4"/>
</cycle-end>
<concurrent-collection-end id="30" timestamp="2019-07-02T19:05:31.399" />
<exclusive-end id="31" timestamp="2019-07-02T19:05:31.399" durationms="1.509" />

<concurrent-kickoff id="32" timestamp="2019-07-02T19:05:31.543">
  <kickoff reason="threshold reached" targetBytes="2055840" thresholdFreeBytes="284080" remainingFree="273632" tenureFreeBytes="273632" />
</concurrent-kickoff>
<exclusive-start id="33" timestamp="2019-07-02T19:05:31.543" intervalms="145.323">
  <response-info timems="0.023" idlems="0.023" threads="0" lastid="0000000000B55700" lastname="main" />
</exclusive-start>
<cycle-start id="34" type="global" contextid="0" timestamp="2019-07-02T19:05:31.543" intervalms="148.273" />
  <attribute name="GC Util" value="67" />
  <attribute name="CPU Util" value="30550729079581" />
  <attribute name="Time Running"value="1898"/>
  <attribute name="Number of cores"value="4"/>
<exclusive-end id="35" timestamp="2019-07-02T19:05:31.543" durationms="0.195" />

<exclusive-start id="36" timestamp="2019-07-02T19:05:31.547" intervalms="3.882">
  <response-info timems="0.022" idlems="0.022" threads="0" lastid="0000000000B55700" lastname="main" />
</exclusive-start>
<af-start id="37" threadId="0000000000B56088" totalBytesRequested="40" timestamp="2019-07-02T19:05:31.547" intervalms="636.873" />
<gc-start id="38" type="global" contextid="34" timestamp="2019-07-02T19:05:31.548">
  <mem-info id="39" free="418816" total="8388608" percent="4">
    <mem type="tenure" free="418816" total="8388608" percent="4">
      <mem type="soa" free="0" total="7969792" percent="0" />
      <mem type="loa" free="418816" total="418816" percent="100" />
    </mem>
  </mem-info>
</gc-start>
<allocation-stats totalBytes="6116952" >
  <allocated-bytes non-tlh="1051632" tlh="5065320" />
  <largest-consumer threadName="main" threadId="0000000000B55700" bytes="6116136" />
</allocation-stats>
<concurrent-halted id="40" timestamp="2019-07-02T19:05:31.548">
  <halted state="Complete" status="trace only" />
  <traced bytesTarget="2055840" bytesTotal="623072" bytesByMutator="0" bytesByHelper="623072" percent="30" />
  <cards cleaned="0" thresholdBytes="111910" />
</concurrent-halted>
<gc-op id="41" type="card-cleaning" timems="1.159" contextid="34" timestamp="2019-07-02T19:05:31.549">
  <card-cleaning cardsCleaned="16" bytesTraced="30608" workStackOverflowCount="0" />
</gc-op>
<gc-op id="42" type="mark" timems="11.675" contextid="34" timestamp="2019-07-02T19:05:31.561">
  <trace-info objectcount="8815" scancount="9982" scanbytes="334624" />
  <finalization candidates="64" enqueued="1" />
  <ownableSynchronizers candidates="17" cleared="0" />
  <references type="soft" candidates="397" cleared="0" enqueued="0" dynamicThreshold="18" maxThreshold="32" />
  <references type="weak" candidates="1651" cleared="478" enqueued="356" />
  <references type="phantom" candidates="99" cleared="5" enqueued="5" />
  <stringconstants candidates="4444" cleared="0"  />
</gc-op>
<gc-op id="43" type="classunload" timems="0.003" contextid="34" timestamp="2019-07-02T19:05:31.561">
  <classunload-info classloadercandidates="9" classloadersunloaded="0" classesunloaded="0" anonymousclassesunloaded="0" quiescems="0.000" setupms="0.002" scanms="0.000" postms="0.001" />
</gc-op>
<gc-op id="44" type="sweep" timems="1.222" contextid="34" timestamp="2019-07-02T19:05:31.563" />
<gc-end id="45" type="global" contextid="34" durationms="15.034" usertimems="12.000" systemtimems="0.000" timestamp="2019-07-02T19:05:31.563" activeThreads="4">
  <mem-info id="46" free="5665264" total="8388608" percent="67">
    <mem type="tenure" free="5665264" total="8388608" percent="67" micro-fragmented="386911">
      <mem type="soa" free="5319736" total="7969792" percent="66" />
      <mem type="loa" free="345528" total="418816" percent="82" />
    </mem>
    <pending-finalizers system="1" default="0" reference="361" classloader="0" />
  </mem-info>
</gc-end>
<cycle-end id="47" type="global" contextid="34" timestamp="2019-07-02T19:05:31.563">
  <attribute name="GC Util" value="95" />
  <attribute name="CPU Util" value="1524480836947" />
  <attribute name="Time Running"value="2061"/>
  <attribute name="Number of cores"value="4"/>
</cycle-end>
<allocation-satisfied id="48" threadId="0000000000B55700" bytesRequested="40" />
<af-end id="49" timestamp="2019-07-02T19:05:31.563" threadId="0000000000B56088" success="true" />
<exclusive-end id="50" timestamp="2019-07-02T19:05:31.564" durationms="16.457" />

<exclusive-start id="51" timestamp="2019-07-02T19:05:34.358" intervalms="2810.604">
  <response-info timems="0.010" idlems="0.010" threads="0" lastid="0000000000B55700" lastname="main" />
</exclusive-start>
<af-start id="52" threadId="0000000000B56088" totalBytesRequested="88" timestamp="2019-07-02T19:05:34.358" intervalms="2810.563" />
<cycle-start id="53" type="global" contextid="0" timestamp="2019-07-02T19:05:34.359" intervalms="2815.179" />
  <attribute name="GC Util" value="0" />
  <attribute name="CPU Util" value="5" />
  <attribute name="Time Running"value="4857"/>
  <attribute name="Number of cores"value="4"/>
<gc-start id="54" type="global" contextid="53" timestamp="2019-07-02T19:05:34.359">
  <mem-info id="55" free="418816" total="8388608" percent="4">
    <mem type="tenure" free="418816" total="8388608" percent="4">
      <mem type="soa" free="0" total="7969792" percent="0" />
      <mem type="loa" free="418816" total="418816" percent="100" />
    </mem>
  </mem-info>
</gc-start>
<allocation-stats totalBytes="5164728" >
  <allocated-bytes non-tlh="1630144" tlh="3534584" />
  <largest-consumer threadName="main" threadId="0000000000B55700" bytes="5157496" />
</allocation-stats>
<gc-op id="56" type="mark" timems="3.745" contextid="53" timestamp="2019-07-02T19:05:34.362">
  <trace-info objectcount="41529" scancount="33748" scanbytes="1121624" />
  <finalization candidates="66" enqueued="0" />
  <ownableSynchronizers candidates="17" cleared="0" />
  <references type="soft" candidates="629" cleared="0" enqueued="0" dynamicThreshold="21" maxThreshold="32" />
  <references type="weak" candidates="1757" cleared="37" enqueued="37" />
  <references type="phantom" candidates="98" cleared="3" enqueued="3" />
  <stringconstants candidates="5170" cleared="0"  />
</gc-op>
<gc-op id="57" type="sweep" timems="0.586" contextid="53" timestamp="2019-07-02T19:05:34.363" />
<gc-end id="58" type="global" contextid="53" durationms="4.597" usertimems="4.000" systemtimems="0.000" timestamp="2019-07-02T19:05:34.363" activeThreads="4">
  <mem-info id="59" free="5245800" total="8388608" percent="62">
    <mem type="tenure" free="5245800" total="8388608" percent="62" micro-fragmented="470702">
      <mem type="soa" free="4863624" total="7969792" percent="61" />
      <mem type="loa" free="382176" total="418816" percent="91" />
    </mem>
    <pending-finalizers system="0" default="0" reference="40" classloader="0" />
  </mem-info>
</gc-end>
<cycle-end id="60" type="global" contextid="53" timestamp="2019-07-02T19:05:34.363">
  <attribute name="GC Util" value="127" />
  <attribute name="CPU Util" value="4826887992309" />
  <attribute name="Time Running"value="4862"/>
  <attribute name="Number of cores"value="4"/>
</cycle-end>
<allocation-satisfied id="61" threadId="0000000000B55700" bytesRequested="88" />
<af-end id="62" timestamp="2019-07-02T19:05:34.364" threadId="0000000000B56088" success="true" />
<exclusive-end id="63" timestamp="2019-07-02T19:05:34.364" durationms="5.898" />

<exclusive-start id="64" timestamp="2019-07-02T19:05:34.490" intervalms="132.681">
  <response-info timems="0.011" idlems="0.011" threads="0" lastid="0000000000B55700" lastname="main" />
</exclusive-start>
<af-start id="65" threadId="0000000000B56088" totalBytesRequested="31752" timestamp="2019-07-02T19:05:34.491" intervalms="132.712" />
<cycle-start id="66" type="global" contextid="0" timestamp="2019-07-02T19:05:34.491" intervalms="132.394" />
  <attribute name="GC Util" value="1" />
  <attribute name="CPU Util" value="96" />
  <attribute name="Time Running"value="4990"/>
  <attribute name="Number of cores"value="4"/>
<gc-start id="67" type="global" contextid="66" timestamp="2019-07-02T19:05:34.491">
  <mem-info id="68" free="984800" total="8388608" percent="11">
    <mem type="tenure" free="984800" total="8388608" percent="11">
      <mem type="soa" free="828136" total="7969792" percent="10" />
      <mem type="loa" free="156664" total="418816" percent="37" />
    </mem>
  </mem-info>
</gc-start>
<allocation-stats totalBytes="4157712" >
  <allocated-bytes non-tlh="1382872" tlh="2774840" />
  <largest-consumer threadName="main" threadId="0000000000B55700" bytes="4098256" />
</allocation-stats>
<gc-op id="69" type="mark" timems="3.606" contextid="66" timestamp="2019-07-02T19:05:34.495">
  <trace-info objectcount="52236" scancount="43132" scanbytes="1463308" />
  <finalization candidates="80" enqueued="0" />
  <ownableSynchronizers candidates="21" cleared="0" />
  <references type="soft" candidates="956" cleared="0" enqueued="0" dynamicThreshold="20" maxThreshold="32" />
  <references type="weak" candidates="3392" cleared="449" enqueued="301" />
  <references type="phantom" candidates="101" cleared="2" enqueued="2" />
  <stringconstants candidates="6145" cleared="0"  />
</gc-op>
<gc-op id="70" type="classunload" timems="0.002" contextid="66" timestamp="2019-07-02T19:05:34.495">
  <classunload-info classloadercandidates="11" classloadersunloaded="0" classesunloaded="0" anonymousclassesunloaded="0" quiescems="0.000" setupms="0.002" scanms="0.000" postms="0.000" />
</gc-op>
<gc-op id="71" type="sweep" timems="0.529" contextid="66" timestamp="2019-07-02T19:05:34.496" />
<gc-end id="72" type="global" contextid="66" durationms="4.598" usertimems="8.000" systemtimems="0.000" timestamp="2019-07-02T19:05:34.496" activeThreads="4">
  <mem-info id="73" free="4351064" total="8388608" percent="51">
    <mem type="tenure" free="4351064" total="8388608" percent="51" micro-fragmented="839110">
      <mem type="soa" free="3961560" total="7969792" percent="49" />
      <mem type="loa" free="389504" total="418816" percent="93" />
    </mem>
    <pending-finalizers system="0" default="0" reference="303" classloader="0" />
  </mem-info>
</gc-end>
<cycle-end id="74" type="global" contextid="66" timestamp="2019-07-02T19:05:34.496">
  <attribute name="GC Util" value="126" />
  <attribute name="CPU Util" value="4855700762230" />
  <attribute name="Time Running"value="4994"/>
  <attribute name="Number of cores"value="4"/>
</cycle-end>
<allocation-satisfied id="75" threadId="0000000000B55700" bytesRequested="31752" />
<af-end id="76" timestamp="2019-07-02T19:05:34.496" threadId="0000000000B56088" success="true" />
<exclusive-end id="77" timestamp="2019-07-02T19:05:34.496" durationms="5.723" />

<exclusive-start id="78" timestamp="2019-07-02T19:05:34.505" intervalms="14.719">
  <response-info timems="0.022" idlems="0.022" threads="0" lastid="0000000000B55700" lastname="main" />
</exclusive-start>
<af-start id="79" threadId="0000000000B56088" totalBytesRequested="200008" timestamp="2019-07-02T19:05:34.505" intervalms="14.656" />
<cycle-start id="80" type="global" contextid="0" timestamp="2019-07-02T19:05:34.506" intervalms="14.594" />
  <attribute name="GC Util" value="17" />
  <attribute name="CPU Util" value="1796249321776" />
  <attribute name="Time Running"value="5004"/>
  <attribute name="Number of cores"value="4"/>
<gc-start id="81" type="global" contextid="80" timestamp="2019-07-02T19:05:34.506">
  <mem-info id="82" free="3793616" total="8388608" percent="45">
    <mem type="tenure" free="3793616" total="8388608" percent="45">
      <mem type="soa" free="3636952" total="7969792" percent="45" />
      <mem type="loa" free="156664" total="418816" percent="37" />
    </mem>
  </mem-info>
</gc-start>
<allocation-stats totalBytes="335224" >
  <allocated-bytes non-tlh="182352" tlh="152872" />
  <largest-consumer threadName="main" threadId="0000000000B55700" bytes="331464" />
</allocation-stats>
<heap-resize id="83" type="loa expand" space="tenure" amount="83968" count="1" timems="0.000" reason="expand on failed allocate" timestamp="2019-07-02T19:05:34.506" />
<gc-op id="84" type="mark" timems="2.737" contextid="80" timestamp="2019-07-02T19:05:34.508">
  <trace-info objectcount="52453" scancount="43308" scanbytes="1472844" />
  <finalization candidates="80" enqueued="0" />
  <ownableSynchronizers candidates="21" cleared="0" />
  <references type="soft" candidates="967" cleared="0" enqueued="0" dynamicThreshold="16" maxThreshold="32" />
  <references type="weak" candidates="2972" cleared="5" enqueued="5" />
  <references type="phantom" candidates="101" cleared="1" enqueued="1" />
  <stringconstants candidates="6184" cleared="0"  />
</gc-op>
<gc-op id="85" type="sweep" timems="0.839" contextid="80" timestamp="2019-07-02T19:05:34.509" />
<mem-info id="86" free="4079632" total="8388608" percent="48">
  <mem type="tenure" free="4079632" total="8388608" percent="48" micro-fragmented="720640">
    <mem type="soa" free="3922968" total="7885824" percent="49" />
    <mem type="loa" free="156664" total="502784" percent="31" />
  </mem>
  <pending-finalizers system="0" default="0" reference="6" classloader="0" />
</mem-info>
<gc-op id="87" type="compact" timems="13.603" contextid="80" timestamp="2019-07-02T19:05:34.523">
  <compact-info movecount="52452" movebytes="3162248" reason="compact to meet allocation" />
</gc-op>
<gc-end id="88" type="global" contextid="80" durationms="17.827" usertimems="24.000" systemtimems="0.000" timestamp="2019-07-02T19:05:34.523" activeThreads="4">
  <mem-info id="89" free="5026264" total="8388608" percent="59">
    <mem type="tenure" free="5026264" total="8388608" percent="59">
      <mem type="soa" free="4523480" total="7885824" percent="57" />
      <mem type="loa" free="502784" total="502784" percent="100" />
    </mem>
    <pending-finalizers system="0" default="0" reference="6" classloader="0" />
  </mem-info>
</gc-end>
<cycle-end id="90" type="global" contextid="80" timestamp="2019-07-02T19:05:34.524">
  <attribute name="GC Util" value="61" />
  <attribute name="CPU Util" value="34547699353473" />
  <attribute name="Time Running"value="5009"/>
  <attribute name="Number of cores"value="4"/>
</cycle-end>
<allocation-satisfied id="91" threadId="0000000000B55700" bytesRequested="200008" />
<af-end id="92" timestamp="2019-07-02T19:05:34.524" threadId="0000000000B56088" success="true" />
<exclusive-end id="93" timestamp="2019-07-02T19:05:34.524" durationms="18.603" />

<exclusive-start id="94" timestamp="2019-07-02T19:05:34.614" intervalms="108.777">
  <response-info timems="0.010" idlems="0.010" threads="0" lastid="0000000000B55700" lastname="main" />
</exclusive-start>
<af-start id="95" threadId="0000000000B56088" totalBytesRequested="88" timestamp="2019-07-02T19:05:34.614" intervalms="108.799" />
<cycle-start id="96" type="global" contextid="0" timestamp="2019-07-02T19:05:34.614" intervalms="108.537" />
  <attribute name="GC Util" value="61" />
  <attribute name="CPU Util" value="34547699353473" />
  <attribute name="Time Running"value="5009"/>
  <attribute name="Number of cores"value="4"/>
<gc-start id="97" type="global" contextid="96" timestamp="2019-07-02T19:05:34.614">
  <mem-info id="98" free="502784" total="8388608" percent="5">
    <mem type="tenure" free="502784" total="8388608" percent="5">
      <mem type="soa" free="0" total="7885824" percent="0" />
      <mem type="loa" free="502784" total="502784" percent="100" />
    </mem>
  </mem-info>
</gc-start>
<allocation-stats totalBytes="4697160" >
  <allocated-bytes non-tlh="1287056" tlh="3410104" />
  <largest-consumer threadName="main" threadId="0000000000B55700" bytes="4684872" />
</allocation-stats>
<gc-op id="99" type="mark" timems="2.927" contextid="96" timestamp="2019-07-02T19:05:34.617">
  <trace-info objectcount="60243" scancount="49674" scanbytes="1725516" />
  <finalization candidates="80" enqueued="0" />
  <ownableSynchronizers candidates="21" cleared="0" />
  <references type="soft" candidates="1021" cleared="0" enqueued="0" dynamicThreshold="19" maxThreshold="32" />
  <references type="weak" candidates="3054" cleared="3" enqueued="3" />
  <references type="phantom" candidates="100" cleared="0" enqueued="0" />
  <stringconstants candidates="6865" cleared="0"  />
</gc-op>
<gc-op id="100" type="sweep" timems="0.511" contextid="96" timestamp="2019-07-02T19:05:34.618" />
<gc-end id="101" type="global" contextid="96" durationms="3.648" usertimems="8.000" systemtimems="0.000" timestamp="2019-07-02T19:05:34.618" activeThreads="4">
  <mem-info id="102" free="4097208" total="8388608" percent="48">
    <mem type="tenure" free="4097208" total="8388608" percent="48" micro-fragmented="85285">
      <mem type="soa" free="3736520" total="7885824" percent="47" />
      <mem type="loa" free="360688" total="502784" percent="71" />
    </mem>
    <pending-finalizers system="0" default="0" reference="3" classloader="0" />
  </mem-info>
</gc-end>
<cycle-end id="103" type="global" contextid="96" timestamp="2019-07-02T19:05:34.618">
  <attribute name="GC Util" value="175" />
  <attribute name="CPU Util" value="6204790899840" />
  <attribute name="Time Running"value="5116"/>
  <attribute name="Number of cores"value="4"/>
</cycle-end>
<allocation-satisfied id="104" threadId="0000000000B55700" bytesRequested="88" />
<af-end id="105" timestamp="2019-07-02T19:05:34.618" threadId="0000000000B56088" success="true" />
<exclusive-end id="106" timestamp="2019-07-02T19:05:34.618" durationms="4.004" />

<exclusive-start id="107" timestamp="2019-07-02T19:05:34.689" intervalms="75.161">
  <response-info timems="0.010" idlems="0.010" threads="0" lastid="0000000000B55700" lastname="main" />
</exclusive-start>
<af-start id="108" threadId="0000000000B56088" totalBytesRequested="88" timestamp="2019-07-02T19:05:34.689" intervalms="75.152" />
<cycle-start id="109" type="global" contextid="0" timestamp="2019-07-02T19:05:34.689" intervalms="75.432" />
  <attribute name="GC Util" value="1" />
  <attribute name="CPU Util" value="256158769836" />
  <attribute name="Time Running"value="5188"/>
  <attribute name="Number of cores"value="4"/>
<gc-start id="110" type="global" contextid="109" timestamp="2019-07-02T19:05:34.690">
  <mem-info id="111" free="502784" total="8388608" percent="5">
    <mem type="tenure" free="502784" total="8388608" percent="5">
      <mem type="soa" free="0" total="7885824" percent="0" />
      <mem type="loa" free="502784" total="502784" percent="100" />
    </mem>
  </mem-info>
</gc-start>
<allocation-stats totalBytes="3694216" >
  <allocated-bytes non-tlh="612168" tlh="3082048" />
  <largest-consumer threadName="main" threadId="0000000000B55700" bytes="3694216" />
</allocation-stats>
<gc-op id="112" type="mark" timems="3.046" contextid="109" timestamp="2019-07-02T19:05:34.693">
  <trace-info objectcount="63500" scancount="52480" scanbytes="1829760" />
  <finalization candidates="80" enqueued="0" />
  <ownableSynchronizers candidates="21" cleared="0" />
  <references type="soft" candidates="1021" cleared="0" enqueued="0" dynamicThreshold="15" maxThreshold="32" />
  <references type="weak" candidates="3409" cleared="0" enqueued="0" />
  <references type="phantom" candidates="100" cleared="0" enqueued="0" />
  <stringconstants candidates="7205" cleared="0"  />
</gc-op>
<gc-op id="113" type="sweep" timems="0.772" contextid="109" timestamp="2019-07-02T19:05:34.694" />
<heap-resize id="114" type="expand" space="tenure" amount="1441792" count="1" timems="0.024" reason="excessive time being spent in gc" timestamp="2019-07-02T19:05:34.694" />
<gc-end id="115" type="global" contextid="109" durationms="4.094" usertimems="8.000" systemtimems="0.000" timestamp="2019-07-02T19:05:34.694" activeThreads="4">
  <mem-info id="116" free="5460536" total="9830400" percent="55">
    <mem type="tenure" free="5460536" total="9830400" percent="55" micro-fragmented="123953">
      <mem type="soa" free="4870712" total="9240576" percent="52" />
      <mem type="loa" free="589824" total="589824" percent="100" />
    </mem>
  </mem-info>
</gc-end>
<cycle-end id="117" type="global" contextid="109" timestamp="2019-07-02T19:05:34.694">
  <attribute name="GC Util" value="125" />
  <attribute name="CPU Util" value="34891616526944" />
  <attribute name="Time Running"value="5192"/>
  <attribute name="Number of cores"value="4"/>
</cycle-end>
<allocation-satisfied id="118" threadId="0000000000B55700" bytesRequested="88" />
<af-end id="119" timestamp="2019-07-02T19:05:34.694" threadId="0000000000B56088" success="true" />
<exclusive-end id="120" timestamp="2019-07-02T19:05:34.694" durationms="4.773" />

<exclusive-start id="121" timestamp="2019-07-02T19:05:34.755" intervalms="65.890">
  <response-info timems="0.019" idlems="0.019" threads="0" lastid="0000000000B55700" lastname="main" />
</exclusive-start>
<af-start id="122" threadId="0000000000B56088" totalBytesRequested="88" timestamp="2019-07-02T19:05:34.755" intervalms="65.926" />
<cycle-start id="123" type="global" contextid="0" timestamp="2019-07-02T19:05:34.755" intervalms="65.683" />
  <attribute name="GC Util" value="125" />
  <attribute name="CPU Util" value="34891616526944" />
  <attribute name="Time Running"value="5192"/>
  <attribute name="Number of cores"value="4"/>
<gc-start id="124" type="global" contextid="123" timestamp="2019-07-02T19:05:34.755">
  <mem-info id="125" free="589824" total="9830400" percent="6">
    <mem type="tenure" free="589824" total="9830400" percent="6">
      <mem type="soa" free="0" total="9240576" percent="0" />
      <mem type="loa" free="589824" total="589824" percent="100" />
    </mem>
  </mem-info>
</gc-start>
<allocation-stats totalBytes="4842088" >
  <allocated-bytes non-tlh="584704" tlh="4257384" />
  <largest-consumer threadName="main" threadId="0000000000B55700" bytes="4842088" />
</allocation-stats>
<gc-op id="126" type="mark" timems="2.699" contextid="123" timestamp="2019-07-02T19:05:34.758">
  <trace-info objectcount="69567" scancount="57792" scanbytes="2027164" />
  <finalization candidates="80" enqueued="0" />
  <ownableSynchronizers candidates="21" cleared="0" />
  <references type="soft" candidates="1021" cleared="0" enqueued="0" dynamicThreshold="17" maxThreshold="32" />
  <references type="weak" candidates="3649" cleared="0" enqueued="0" />
  <references type="phantom" candidates="100" cleared="0" enqueued="0" />
  <stringconstants candidates="7406" cleared="0"  />
</gc-op>
<gc-op id="127" type="sweep" timems="0.316" contextid="123" timestamp="2019-07-02T19:05:34.758" />
<gc-end id="128" type="global" contextid="123" durationms="3.270" usertimems="8.000" systemtimems="0.000" timestamp="2019-07-02T19:05:34.759" activeThreads="4">
  <mem-info id="129" free="4968688" total="9830400" percent="50">
    <mem type="tenure" free="4968688" total="9830400" percent="50" micro-fragmented="174551">
      <mem type="soa" free="4485552" total="9240576" percent="48" />
      <mem type="loa" free="483136" total="589824" percent="81" />
    </mem>
  </mem-info>
</gc-end>
<cycle-end id="130" type="global" contextid="123" timestamp="2019-07-02T19:05:34.759">
  <attribute name="GC Util" value="168" />
  <attribute name="CPU Util" value="6691094039054" />
  <attribute name="Time Running"value="5257"/>
  <attribute name="Number of cores"value="4"/>
</cycle-end>
<allocation-satisfied id="131" threadId="0000000000B55700" bytesRequested="88" />
<af-end id="132" timestamp="2019-07-02T19:05:34.759" threadId="0000000000B56088" success="true" />
<exclusive-end id="133" timestamp="2019-07-02T19:05:34.759" durationms="3.930" />

<exclusive-start id="134" timestamp="2019-07-02T19:05:34.814" intervalms="59.032">
  <response-info timems="0.011" idlems="0.011" threads="0" lastid="0000000000B55700" lastname="main" />
</exclusive-start>
<af-start id="135" threadId="0000000000B56088" totalBytesRequested="23280" timestamp="2019-07-02T19:05:34.814" intervalms="59.012" />
<cycle-start id="136" type="global" contextid="0" timestamp="2019-07-02T19:05:34.815" intervalms="59.456" />
  <attribute name="GC Util" value="2" />
  <attribute name="CPU Util" value="329288153142" />
  <attribute name="Time Running"value="5313"/>
  <attribute name="Number of cores"value="4"/>
<gc-start id="137" type="global" contextid="136" timestamp="2019-07-02T19:05:34.815">
  <mem-info id="138" free="1155456" total="9830400" percent="11">
    <mem type="tenure" free="1155456" total="9830400" percent="11">
      <mem type="soa" free="565632" total="9240576" percent="6" />
      <mem type="loa" free="589824" total="589824" percent="100" />
    </mem>
  </mem-info>
</gc-start>
<allocation-stats totalBytes="3835464" >
  <allocated-bytes non-tlh="1210672" tlh="2624792" />
  <largest-consumer threadName="main" threadId="0000000000B55700" bytes="3835464" />
</allocation-stats>
<gc-op id="139" type="mark" timems="4.583" contextid="136" timestamp="2019-07-02T19:05:34.819">
  <trace-info objectcount="71488" scancount="59618" scanbytes="2044264" />
  <finalization candidates="80" enqueued="0" />
  <ownableSynchronizers candidates="21" cleared="0" />
  <references type="soft" candidates="1023" cleared="0" enqueued="0" dynamicThreshold="16" maxThreshold="32" />
  <references type="weak" candidates="3778" cleared="5" enqueued="5" />
  <references type="phantom" candidates="99" cleared="0" enqueued="0" />
  <stringconstants candidates="7582" cleared="0"  />
</gc-op>
<gc-op id="140" type="sweep" timems="1.017" contextid="136" timestamp="2019-07-02T19:05:34.821" />
<gc-end id="141" type="global" contextid="136" durationms="6.191" usertimems="12.000" systemtimems="0.000" timestamp="2019-07-02T19:05:34.821" activeThreads="4">
  <mem-info id="142" free="4934976" total="9830400" percent="50">
    <mem type="tenure" free="4934976" total="9830400" percent="50" micro-fragmented="414919">
      <mem type="soa" free="4430504" total="9240576" percent="47" />
      <mem type="loa" free="504472" total="589824" percent="85" />
    </mem>
    <pending-finalizers system="0" default="0" reference="5" classloader="0" />
  </mem-info>
</gc-end>
<cycle-end id="143" type="global" contextid="136" timestamp="2019-07-02T19:05:34.821">
  <attribute name="GC Util" value="154" />
  <attribute name="CPU Util" value="3749162196909" />
  <attribute name="Time Running"value="5319"/>
  <attribute name="Number of cores"value="4"/>
</cycle-end>
<allocation-satisfied id="144" threadId="0000000000B55700" bytesRequested="23280" />
<af-end id="145" timestamp="2019-07-02T19:05:34.821" threadId="0000000000B56088" success="true" />
<exclusive-end id="146" timestamp="2019-07-02T19:05:34.821" durationms="7.425" />

<exclusive-start id="147" timestamp="2019-07-02T19:05:34.864" intervalms="50.313">
  <response-info timems="0.036" idlems="0.025" threads="1" lastid="0000000000B59300" lastname="JIT Compilation Thread-0" />
</exclusive-start>
<af-start id="148" threadId="0000000000B56088" totalBytesRequested="32776" timestamp="2019-07-02T19:05:34.864" intervalms="50.307" />
<cycle-start id="149" type="global" contextid="0" timestamp="2019-07-02T19:05:34.865" intervalms="50.411" />
  <attribute name="GC Util" value="3" />
  <attribute name="CPU Util" value="411713080971" />
  <attribute name="Time Running"value="5364"/>
  <attribute name="Number of cores"value="4"/>
<gc-start id="150" type="global" contextid="149" timestamp="2019-07-02T19:05:34.865">
  <mem-info id="151" free="1003152" total="9830400" percent="10">
    <mem type="tenure" free="1003152" total="9830400" percent="10">
      <mem type="soa" free="678880" total="9240576" percent="7" />
      <mem type="loa" free="324272" total="589824" percent="54" />
    </mem>
  </mem-info>
</gc-start>
<allocation-stats totalBytes="3931736" >
  <allocated-bytes non-tlh="1133136" tlh="2798600" />
  <largest-consumer threadName="main" threadId="0000000000B55700" bytes="3931736" />
</allocation-stats>
<gc-op id="152" type="mark" timems="2.816" contextid="149" timestamp="2019-07-02T19:05:34.868">
  <trace-info objectcount="62517" scancount="51298" scanbytes="1724072" />
  <finalization candidates="80" enqueued="0" />
  <ownableSynchronizers candidates="21" cleared="0" />
  <references type="soft" candidates="1095" cleared="0" enqueued="0" dynamicThreshold="16" maxThreshold="32" />
  <references type="weak" candidates="3787" cleared="3" enqueued="3" />
  <references type="phantom" candidates="102" cleared="1" enqueued="1" />
  <stringconstants candidates="7772" cleared="12"  />
</gc-op>
<gc-op id="153" type="sweep" timems="0.236" contextid="149" timestamp="2019-07-02T19:05:34.869" />
<gc-end id="154" type="global" contextid="149" durationms="3.577" usertimems="4.000" systemtimems="0.000" timestamp="2019-07-02T19:05:34.869" activeThreads="4">
  <mem-info id="155" free="5704520" total="9830400" percent="58">
    <mem type="tenure" free="5704520" total="9830400" percent="58" micro-fragmented="107792">
      <mem type="soa" free="5182976" total="9240576" percent="56" />
      <mem type="loa" free="521544" total="589824" percent="88" />
    </mem>
    <pending-finalizers system="0" default="0" reference="4" classloader="0" />
  </mem-info>
</gc-end>
<cycle-end id="156" type="global" contextid="149" timestamp="2019-07-02T19:05:34.869">
  <attribute name="GC Util" value="170" />
  <attribute name="CPU Util" value="6201442977339" />
  <attribute name="Time Running"value="5367"/>
  <attribute name="Number of cores"value="4"/>
</cycle-end>
<allocation-satisfied id="157" threadId="0000000000B55700" bytesRequested="32776" />
<af-end id="158" timestamp="2019-07-02T19:05:34.869" threadId="0000000000B56088" success="true" />
<exclusive-end id="159" timestamp="2019-07-02T19:05:34.869" durationms="4.839" />

<exclusive-start id="160" timestamp="2019-07-02T19:05:34.919" intervalms="54.473">
  <response-info timems="0.056" idlems="0.056" threads="0" lastid="0000000000B55700" lastname="main" />
</exclusive-start>
<af-start id="161" threadId="0000000000B56088" totalBytesRequested="32" timestamp="2019-07-02T19:05:34.919" intervalms="54.506" />
<cycle-start id="162" type="global" contextid="0" timestamp="2019-07-02T19:05:34.919" intervalms="54.236" />
  <attribute name="GC Util" value="1" />
  <attribute name="CPU Util" value="364867390817" />
  <attribute name="Time Running"value="5418"/>
  <attribute name="Number of cores"value="4"/>
<gc-start id="163" type="global" contextid="162" timestamp="2019-07-02T19:05:34.919">
  <mem-info id="164" free="324272" total="9830400" percent="3">
    <mem type="tenure" free="324272" total="9830400" percent="3">
      <mem type="soa" free="0" total="9240576" percent="0" />
      <mem type="loa" free="324272" total="589824" percent="54" />
    </mem>
  </mem-info>
</gc-start>
<allocation-stats totalBytes="5199128" >
  <allocated-bytes non-tlh="407904" tlh="4791224" />
  <largest-consumer threadName="main" threadId="0000000000B55700" bytes="5193768" />
</allocation-stats>
<gc-op id="165" type="mark" timems="4.009" contextid="162" timestamp="2019-07-02T19:05:34.924">
  <trace-info objectcount="73755" scancount="61470" scanbytes="2186704" />
  <finalization candidates="80" enqueued="0" />
  <ownableSynchronizers candidates="21" cleared="0" />
  <references type="soft" candidates="1097" cleared="0" enqueued="0" dynamicThreshold="18" maxThreshold="32" />
  <references type="weak" candidates="3865" cleared="4" enqueued="4" />
  <references type="phantom" candidates="101" cleared="0" enqueued="0" />
  <stringconstants candidates="7829" cleared="0"  />
</gc-op>
<gc-op id="166" type="sweep" timems="0.981" contextid="162" timestamp="2019-07-02T19:05:34.925" />
<gc-end id="167" type="global" contextid="162" durationms="5.601" usertimems="12.000" systemtimems="0.000" timestamp="2019-07-02T19:05:34.925" activeThreads="4">
  <mem-info id="168" free="4882136" total="9830400" percent="49">
    <mem type="tenure" free="4882136" total="9830400" percent="49" micro-fragmented="325806">
      <mem type="soa" free="4400048" total="9240576" percent="47" />
      <mem type="loa" free="482088" total="589824" percent="81" />
    </mem>
    <pending-finalizers system="0" default="0" reference="4" classloader="0" />
  </mem-info>
</gc-end>
<cycle-end id="169" type="global" contextid="162" timestamp="2019-07-02T19:05:34.925">
  <attribute name="GC Util" value="160" />
  <attribute name="CPU Util" value="4272051512836" />
  <attribute name="Time Running"value="5423"/>
  <attribute name="Number of cores"value="4"/>
</cycle-end>
<allocation-satisfied id="170" threadId="0000000000B55700" bytesRequested="32" />
<af-end id="171" timestamp="2019-07-02T19:05:34.925" threadId="0000000000B56088" success="true" />
<exclusive-end id="172" timestamp="2019-07-02T19:05:34.925" durationms="6.583" />

<exclusive-start id="173" timestamp="2019-07-02T19:05:34.951" intervalms="31.915">
  <response-info timems="0.070" idlems="0.070" threads="0" lastid="0000000000B55700" lastname="main" />
</exclusive-start>
<af-start id="174" threadId="0000000000B56088" totalBytesRequested="48" timestamp="2019-07-02T19:05:34.951" intervalms="31.951" />
<cycle-start id="175" type="global" contextid="0" timestamp="2019-07-02T19:05:34.951" intervalms="32.225" />
  <attribute name="GC Util" value="6" />
  <attribute name="CPU Util" value="680085032180" />
  <attribute name="Time Running"value="5450"/>
  <attribute name="Number of cores"value="4"/>
<gc-start id="176" type="global" contextid="175" timestamp="2019-07-02T19:05:34.952">
  <mem-info id="177" free="324272" total="9830400" percent="3">
    <mem type="tenure" free="324272" total="9830400" percent="3">
      <mem type="soa" free="0" total="9240576" percent="0" />
      <mem type="loa" free="324272" total="589824" percent="54" />
    </mem>
  </mem-info>
</gc-start>
<allocation-stats totalBytes="4384464" >
  <allocated-bytes non-tlh="70992" tlh="4313472" />
  <largest-consumer threadName="main" threadId="0000000000B55700" bytes="4384464" />
</allocation-stats>
<gc-op id="178" type="mark" timems="4.689" contextid="175" timestamp="2019-07-02T19:05:34.957">
  <trace-info objectcount="80818" scancount="67744" scanbytes="2423084" />
  <finalization candidates="80" enqueued="0" />
  <ownableSynchronizers candidates="21" cleared="0" />
  <references type="soft" candidates="1097" cleared="0" enqueued="0" dynamicThreshold="15" maxThreshold="32" />
  <references type="weak" candidates="3877" cleared="0" enqueued="0" />
  <references type="phantom" candidates="101" cleared="0" enqueued="0" />
  <stringconstants candidates="7839" cleared="0"  />
</gc-op>
<gc-op id="179" type="sweep" timems="1.028" contextid="175" timestamp="2019-07-02T19:05:34.958" />
<gc-end id="180" type="global" contextid="175" durationms="6.200" usertimems="8.000" systemtimems="0.000" timestamp="2019-07-02T19:05:34.958" activeThreads="4">
  <mem-info id="181" free="4263480" total="9830400" percent="43">
    <mem type="tenure" free="4263480" total="9830400" percent="43" micro-fragmented="496397">
      <mem type="soa" free="3812952" total="9240576" percent="41" />
      <mem type="loa" free="450528" total="589824" percent="76" />
    </mem>
  </mem-info>
</gc-end>
<cycle-end id="182" type="global" contextid="175" timestamp="2019-07-02T19:05:34.958">
  <attribute name="GC Util" value="161" />
  <attribute name="CPU Util" value="3843891709967" />
  <attribute name="Time Running"value="5456"/>
  <attribute name="Number of cores"value="4"/>
</cycle-end>
<allocation-satisfied id="183" threadId="0000000000B55700" bytesRequested="48" />
<af-end id="184" timestamp="2019-07-02T19:05:34.958" threadId="0000000000B56088" success="true" />
<exclusive-end id="185" timestamp="2019-07-02T19:05:34.958" durationms="7.517" />

<exclusive-start id="186" timestamp="2019-07-02T19:05:34.977" intervalms="25.995">
  <response-info timems="0.064" idlems="0.064" threads="0" lastid="0000000000B55700" lastname="main" />
</exclusive-start>
<af-start id="187" threadId="0000000000B56088" totalBytesRequested="32776" timestamp="2019-07-02T19:05:34.977" intervalms="26.037" />
<cycle-start id="188" type="global" contextid="0" timestamp="2019-07-02T19:05:34.978" intervalms="26.046" />
  <attribute name="GC Util" value="8" />
  <attribute name="CPU Util" value="907367856742" />
  <attribute name="Time Running"value="5476"/>
  <attribute name="Number of cores"value="4"/>
<gc-start id="189" type="global" contextid="188" timestamp="2019-07-02T19:05:34.978">
  <mem-info id="190" free="1845920" total="9830400" percent="18">
    <mem type="tenure" free="1845920" total="9830400" percent="18">
      <mem type="soa" free="1521648" total="9240576" percent="16" />
      <mem type="loa" free="324272" total="589824" percent="54" />
    </mem>
  </mem-info>
</gc-start>
<allocation-stats totalBytes="2255400" >
  <allocated-bytes non-tlh="51592" tlh="2203808" />
  <largest-consumer threadName="main" threadId="0000000000B55700" bytes="2255400" />
</allocation-stats>
<gc-op id="191" type="mark" timems="3.552" contextid="188" timestamp="2019-07-02T19:05:34.981">
  <trace-info objectcount="83669" scancount="70092" scanbytes="2481320" />
  <finalization candidates="80" enqueued="0" />
  <ownableSynchronizers candidates="21" cleared="0" />
  <references type="soft" candidates="1097" cleared="10" enqueued="10" dynamicThreshold="13" maxThreshold="32" />
  <references type="weak" candidates="3877" cleared="0" enqueued="0" />
  <references type="phantom" candidates="100" cleared="0" enqueued="0" />
  <stringconstants candidates="7845" cleared="0"  />
</gc-op>
<gc-op id="192" type="sweep" timems="0.424" contextid="188" timestamp="2019-07-02T19:05:34.982" />
<heap-resize id="193" type="expand" space="tenure" amount="1703936" count="1" timems="0.050" reason="excessive time being spent in gc" timestamp="2019-07-02T19:05:34.982" />
<gc-end id="194" type="global" contextid="188" durationms="4.537" usertimems="8.000" systemtimems="0.000" timestamp="2019-07-02T19:05:34.982" activeThreads="4">
  <mem-info id="195" free="5423664" total="11534336" percent="47">
    <mem type="tenure" free="5423664" total="11534336" percent="47" micro-fragmented="836931">
      <mem type="soa" free="4732464" total="10843136" percent="43" />
      <mem type="loa" free="691200" total="691200" percent="100" />
    </mem>
    <pending-finalizers system="0" default="0" reference="10" classloader="0" />
  </mem-info>
</gc-end>
<cycle-end id="196" type="global" contextid="188" timestamp="2019-07-02T19:05:34.982">
  <attribute name="GC Util" value="9" />
  <attribute name="CPU Util" value="58023956208146" />
  <attribute name="Time Running"value="5481"/>
  <attribute name="Number of cores"value="4"/>
</cycle-end>
<allocation-satisfied id="197" threadId="0000000000B55700" bytesRequested="32776" />
<af-end id="198" timestamp="2019-07-02T19:05:34.982" threadId="0000000000B56088" success="true" />
<exclusive-end id="199" timestamp="2019-07-02T19:05:34.983" durationms="5.878" />

<exclusive-start id="200" timestamp="2019-07-02T19:05:35.028" intervalms="51.053">
  <response-info timems="0.023" idlems="0.023" threads="0" lastid="0000000000B55700" lastname="main" />
</exclusive-start>
<af-start id="201" threadId="0000000000B56088" totalBytesRequested="32" timestamp="2019-07-02T19:05:35.028" intervalms="50.980" />
<cycle-start id="202" type="global" contextid="0" timestamp="2019-07-02T19:05:35.028" intervalms="50.421" />
  <attribute name="GC Util" value="9" />
  <attribute name="CPU Util" value="58023956208146" />
  <attribute name="Time Running"value="5481"/>
  <attribute name="Number of cores"value="4"/>
<gc-start id="203" type="global" contextid="202" timestamp="2019-07-02T19:05:35.028">
  <mem-info id="204" free="691200" total="11534336" percent="5">
    <mem type="tenure" free="691200" total="11534336" percent="5">
      <mem type="soa" free="0" total="10843136" percent="0" />
      <mem type="loa" free="691200" total="691200" percent="100" />
    </mem>
  </mem-info>
</gc-start>
<allocation-stats totalBytes="4652400" >
  <allocated-bytes non-tlh="957824" tlh="3694576" />
  <largest-consumer threadName="main" threadId="0000000000B55700" bytes="4652400" />
</allocation-stats>
<gc-op id="205" type="mark" timems="5.073" contextid="202" timestamp="2019-07-02T19:05:35.033">
  <trace-info objectcount="76481" scancount="63854" scanbytes="2235360" />
  <finalization candidates="80" enqueued="0" />
  <ownableSynchronizers candidates="21" cleared="0" />
  <references type="soft" candidates="1311" cleared="0" enqueued="0" dynamicThreshold="15" maxThreshold="32" />
  <references type="weak" candidates="4255" cleared="8" enqueued="7" />
  <references type="phantom" candidates="101" cleared="0" enqueued="0" />
  <stringconstants candidates="8279" cleared="0"  />
</gc-op>
<gc-op id="206" type="classunload" timems="0.003" contextid="202" timestamp="2019-07-02T19:05:35.033">
  <classunload-info classloadercandidates="14" classloadersunloaded="0" classesunloaded="0" anonymousclassesunloaded="0" quiescems="0.000" setupms="0.002" scanms="0.001" postms="0.000" />
</gc-op>
<gc-op id="207" type="sweep" timems="0.879" contextid="202" timestamp="2019-07-02T19:05:35.034" />
<heap-resize id="208" type="expand" space="tenure" amount="1638400" count="1" timems="0.040" reason="excessive time being spent in gc" timestamp="2019-07-02T19:05:35.035" />
<gc-end id="209" type="global" contextid="202" durationms="6.555" usertimems="8.000" systemtimems="0.000" timestamp="2019-07-02T19:05:35.035" activeThreads="4">
  <mem-info id="210" free="7922992" total="13172736" percent="60">
    <mem type="tenure" free="7922992" total="13172736" percent="60" micro-fragmented="387754">
      <mem type="soa" free="7133488" total="12383232" percent="57" />
      <mem type="loa" free="789504" total="789504" percent="100" />
    </mem>
    <pending-finalizers system="0" default="0" reference="7" classloader="0" />
  </mem-info>
</gc-end>
<cycle-end id="211" type="global" contextid="202" timestamp="2019-07-02T19:05:35.035">
  <attribute name="GC Util" value="103" />
  <attribute name="CPU Util" value="30387119617687" />
  <attribute name="Time Running"value="5533"/>
  <attribute name="Number of cores"value="4"/>
</cycle-end>
<allocation-satisfied id="212" threadId="0000000000B55700" bytesRequested="32" />
<af-end id="213" timestamp="2019-07-02T19:05:35.035" threadId="0000000000B56088" success="true" />
<exclusive-end id="214" timestamp="2019-07-02T19:05:35.035" durationms="7.149" />

<exclusive-start id="215" timestamp="2019-07-02T19:05:35.066" intervalms="38.336">
  <response-info timems="0.023" idlems="0.023" threads="0" lastid="0000000000B55700" lastname="main" />
</exclusive-start>
<af-start id="216" threadId="0000000000B56088" totalBytesRequested="32" timestamp="2019-07-02T19:05:35.066" intervalms="38.328" />
<cycle-start id="217" type="global" contextid="0" timestamp="2019-07-02T19:05:35.066" intervalms="38.318" />
  <attribute name="GC Util" value="103" />
  <attribute name="CPU Util" value="30387119617687" />
  <attribute name="Time Running"value="5533"/>
  <attribute name="Number of cores"value="4"/>
<gc-start id="218" type="global" contextid="217" timestamp="2019-07-02T19:05:35.066">
  <mem-info id="219" free="789504" total="13172736" percent="5">
    <mem type="tenure" free="789504" total="13172736" percent="5">
      <mem type="soa" free="0" total="12383232" percent="0" />
      <mem type="loa" free="789504" total="789504" percent="100" />
    </mem>
  </mem-info>
</gc-start>
<allocation-stats totalBytes="7107480" >
  <allocated-bytes non-tlh="604056" tlh="6503424" />
  <largest-consumer threadName="main" threadId="0000000000B55700" bytes="7107480" />
</allocation-stats>
<gc-op id="220" type="mark" timems="3.512" contextid="217" timestamp="2019-07-02T19:05:35.070">
  <trace-info objectcount="71412" scancount="59361" scanbytes="2013296" />
  <finalization candidates="80" enqueued="0" />
  <ownableSynchronizers candidates="21" cleared="0" />
  <references type="soft" candidates="1312" cleared="0" enqueued="0" dynamicThreshold="19" maxThreshold="32" />
  <references type="weak" candidates="4265" cleared="0" enqueued="0" />
  <references type="phantom" candidates="101" cleared="0" enqueued="0" />
  <stringconstants candidates="8391" cleared="0"  />
</gc-op>
<gc-op id="221" type="sweep" timems="0.583" contextid="217" timestamp="2019-07-02T19:05:35.071" />
<gc-end id="222" type="global" contextid="217" durationms="4.466" usertimems="8.000" systemtimems="0.000" timestamp="2019-07-02T19:05:35.071" activeThreads="4">
  <mem-info id="223" free="8234168" total="13172736" percent="62">
    <mem type="tenure" free="8234168" total="13172736" percent="62" micro-fragmented="289470">
      <mem type="soa" free="7599664" total="12383232" percent="61" />
      <mem type="loa" free="634504" total="789504" percent="80" />
    </mem>
  </mem-info>
</gc-end>
<cycle-end id="224" type="global" contextid="217" timestamp="2019-07-02T19:05:35.071">
  <attribute name="GC Util" value="177" />
  <attribute name="CPU Util" value="5118052005834" />
  <attribute name="Time Running"value="5569"/>
  <attribute name="Number of cores"value="4"/>
</cycle-end>
<allocation-satisfied id="225" threadId="0000000000B55700" bytesRequested="32" />
<af-end id="226" timestamp="2019-07-02T19:05:35.071" threadId="0000000000B56088" success="true" />
<exclusive-end id="227" timestamp="2019-07-02T19:05:35.071" durationms="5.046" />

<exclusive-start id="228" timestamp="2019-07-02T19:05:35.118" intervalms="51.650">
  <response-info timems="0.019" idlems="0.019" threads="0" lastid="0000000000B55700" lastname="main" />
</exclusive-start>
<sys-start reason="explicit" id="229" timestamp="2019-07-02T19:05:35.118" intervalms="5724.741" />
<cycle-start id="230" type="global" contextid="0" timestamp="2019-07-02T19:05:35.118" intervalms="51.849" />
  <attribute name="GC Util" value="2" />
  <attribute name="CPU Util" value="386646281339" />
  <attribute name="Time Running"value="5617"/>
  <attribute name="Number of cores"value="4"/>
<gc-start id="231" type="global" contextid="230" timestamp="2019-07-02T19:05:35.118">
  <mem-info id="232" free="6300896" total="13172736" percent="47">
    <mem type="tenure" free="6300896" total="13172736" percent="47">
      <mem type="soa" free="5511392" total="12383232" percent="44" />
      <mem type="loa" free="789504" total="789504" percent="100" />
    </mem>
  </mem-info>
</gc-start>
<allocation-stats totalBytes="2054520" >
  <allocated-bytes non-tlh="429096" tlh="1625424" />
  <largest-consumer threadName="main" threadId="0000000000B55700" bytes="2054520" />
</allocation-stats>
<gc-op id="233" type="mark" timems="4.750" contextid="230" timestamp="2019-07-02T19:05:35.123">
  <trace-info objectcount="74323" scancount="62092" scanbytes="2096840" />
  <finalization candidates="80" enqueued="0" />
  <ownableSynchronizers candidates="21" cleared="0" />
  <references type="soft" candidates="1632" cleared="0" enqueued="0" dynamicThreshold="20" maxThreshold="32" />
  <references type="weak" candidates="4537" cleared="32" enqueued="30" />
  <references type="phantom" candidates="102" cleared="2" enqueued="2" />
  <stringconstants candidates="8663" cleared="15"  />
</gc-op>
<gc-op id="234" type="classunload" timems="0.379" contextid="230" timestamp="2019-07-02T19:05:35.124">
  <classunload-info classloadercandidates="17" classloadersunloaded="1" classesunloaded="1" anonymousclassesunloaded="0" quiescems="0.000" setupms="0.371" scanms="0.006" postms="0.002" />
</gc-op>
<gc-op id="235" type="sweep" timems="0.936" contextid="230" timestamp="2019-07-02T19:05:35.125" />
<mem-info id="236" free="8448136" total="13172736" percent="64">
  <mem type="tenure" free="8448136" total="13172736" percent="64" micro-fragmented="383475">
    <mem type="soa" free="7658632" total="12383232" percent="61" />
    <mem type="loa" free="789504" total="789504" percent="100" />
  </mem>
  <pending-finalizers system="0" default="0" reference="32" classloader="0" />
</mem-info>
<gc-op id="237" type="compact" timems="18.482" contextid="230" timestamp="2019-07-02T19:05:35.143">
  <compact-info movecount="72527" movebytes="4131296" reason="compact on aggressive collection" />
</gc-op>
<gc-end id="238" type="global" contextid="230" durationms="25.090" usertimems="36.000" systemtimems="0.000" timestamp="2019-07-02T19:05:35.143" activeThreads="4">
  <mem-info id="239" free="8926160" total="13172736" percent="67">
    <mem type="tenure" free="8926160" total="13172736" percent="67">
      <mem type="soa" free="8136656" total="12383232" percent="65" />
      <mem type="loa" free="789504" total="789504" percent="100" />
    </mem>
    <pending-finalizers system="0" default="0" reference="32" classloader="0" />
  </mem-info>
</gc-end>
<cycle-end id="240" type="global" contextid="230" timestamp="2019-07-02T19:05:35.143">
  <attribute name="GC Util" value="67" />
  <attribute name="CPU Util" value="41373307059811" />
  <attribute name="Time Running"value="5624"/>
  <attribute name="Number of cores"value="4"/>
</cycle-end>
<sys-end id="241" timestamp="2019-07-02T19:05:35.143" />
<exclusive-end id="242" timestamp="2019-07-02T19:05:35.143" durationms="25.733" />

<exclusive-start id="243" timestamp="2019-07-02T19:05:35.274" intervalms="155.931">
  <response-info timems="0.068" idlems="0.068" threads="0" lastid="0000000000B55700" lastname="main" />
</exclusive-start>
<af-start id="244" threadId="0000000000B56088" totalBytesRequested="24" timestamp="2019-07-02T19:05:35.274" intervalms="207.628" />
<cycle-start id="245" type="global" contextid="0" timestamp="2019-07-02T19:05:35.274" intervalms="155.795" />
  <attribute name="GC Util" value="67" />
  <attribute name="CPU Util" value="41373307059811" />
  <attribute name="Time Running"value="5624"/>
  <attribute name="Number of cores"value="4"/>
<gc-start id="246" type="global" contextid="245" timestamp="2019-07-02T19:05:35.274">
  <mem-info id="247" free="789504" total="13172736" percent="5">
    <mem type="tenure" free="789504" total="13172736" percent="5">
      <mem type="soa" free="0" total="12383232" percent="0" />
      <mem type="loa" free="789504" total="789504" percent="100" />
    </mem>
  </mem-info>
</gc-start>
<allocation-stats totalBytes="8135936" >
  <allocated-bytes non-tlh="463896" tlh="7672040" />
  <largest-consumer threadName="main" threadId="0000000000B55700" bytes="8131840" />
</allocation-stats>
<gc-op id="248" type="mark" timems="3.608" contextid="245" timestamp="2019-07-02T19:05:35.278">
  <trace-info objectcount="74730" scancount="62477" scanbytes="2144500" />
  <finalization candidates="80" enqueued="0" />
  <ownableSynchronizers candidates="21" cleared="0" />
  <references type="soft" candidates="1664" cleared="0" enqueued="0" dynamicThreshold="21" maxThreshold="32" />
  <references type="weak" candidates="4518" cleared="7" enqueued="7" />
  <references type="phantom" candidates="105" cleared="5" enqueued="5" />
  <stringconstants candidates="8680" cleared="12"  />
</gc-op>
<gc-op id="249" type="sweep" timems="0.757" contextid="245" timestamp="2019-07-02T19:05:35.279" />
<heap-resize id="250" type="contract" space="tenure" amount="720896" count="1" timems="0.062" reason="excess free space following gc" timestamp="2019-07-02T19:05:35.279" />
<gc-end id="251" type="global" contextid="245" durationms="4.903" usertimems="8.000" systemtimems="0.000" timestamp="2019-07-02T19:05:35.279" activeThreads="4">
  <mem-info id="252" free="8089888" total="12451840" percent="64">
    <mem type="tenure" free="8089888" total="12451840" percent="64" micro-fragmented="23603">
      <mem type="soa" free="7409480" total="11705344" percent="63" />
      <mem type="loa" free="680408" total="746496" percent="91" />
    </mem>
    <pending-finalizers system="0" default="0" reference="12" classloader="0" />
  </mem-info>
</gc-end>
<cycle-end id="253" type="global" contextid="245" timestamp="2019-07-02T19:05:35.279">
  <attribute name="GC Util" value="128" />
  <attribute name="CPU Util" value="37590184592740" />
  <attribute name="Time Running"value="5777"/>
  <attribute name="Number of cores"value="4"/>
</cycle-end>
<allocation-satisfied id="254" threadId="0000000000B55700" bytesRequested="24" />
<af-end id="255" timestamp="2019-07-02T19:05:35.279" threadId="0000000000B56088" success="true" />
<exclusive-end id="256" timestamp="2019-07-02T19:05:35.279" durationms="5.540" />

<exclusive-start id="257" timestamp="2019-07-02T19:05:35.312" intervalms="38.636">
  <response-info timems="0.099" idlems="0.099" threads="0" lastid="0000000000B55700" lastname="main" />
</exclusive-start>
<af-start id="258" threadId="0000000000B56088" totalBytesRequested="24" timestamp="2019-07-02T19:05:35.312" intervalms="38.600" />
<cycle-start id="259" type="global" contextid="0" timestamp="2019-07-02T19:05:35.313" intervalms="38.641" />
  <attribute name="GC Util" value="128" />
  <attribute name="CPU Util" value="37590184592740" />
  <attribute name="Time Running"value="5777"/>
  <attribute name="Number of cores"value="4"/>
<gc-start id="260" type="global" contextid="259" timestamp="2019-07-02T19:05:35.313">
  <mem-info id="261" free="680408" total="12451840" percent="5">
    <mem type="tenure" free="680408" total="12451840" percent="5">
      <mem type="soa" free="0" total="11705344" percent="0" />
      <mem type="loa" free="680408" total="746496" percent="91" />
    </mem>
  </mem-info>
</gc-start>
<allocation-stats totalBytes="7416600" >
  <allocated-bytes non-tlh="0" tlh="7416600" />
  <largest-consumer threadName="main" threadId="0000000000B55700" bytes="7412504" />
</allocation-stats>
<gc-op id="262" type="mark" timems="3.321" contextid="259" timestamp="2019-07-02T19:05:35.316">
  <trace-info objectcount="74708" scancount="62466" scanbytes="2143868" />
  <finalization candidates="80" enqueued="0" />
  <ownableSynchronizers candidates="21" cleared="0" />
  <references type="soft" candidates="1664" cleared="0" enqueued="0" dynamicThreshold="20" maxThreshold="32" />
  <references type="weak" candidates="4510" cleared="0" enqueued="0" />
  <references type="phantom" candidates="100" cleared="0" enqueued="0" />
  <stringconstants candidates="8668" cleared="0"  />
</gc-op>
<gc-op id="263" type="sweep" timems="0.727" contextid="259" timestamp="2019-07-02T19:05:35.317" />
<heap-resize id="264" type="contract" space="tenure" amount="655360" count="1" timems="0.076" reason="excess free space following gc" timestamp="2019-07-02T19:05:35.317" />
<gc-end id="265" type="global" contextid="259" durationms="4.666" usertimems="8.000" systemtimems="0.000" timestamp="2019-07-02T19:05:35.317" activeThreads="4">
  <mem-info id="266" free="7377704" total="11796480" percent="62">
    <mem type="tenure" free="7377704" total="11796480" percent="62" micro-fragmented="7952">
      <mem type="soa" free="6794072" total="11088896" percent="61" />
      <mem type="loa" free="583632" total="707584" percent="82" />
    </mem>
  </mem-info>
</gc-end>
<cycle-end id="267" type="global" contextid="259" timestamp="2019-07-02T19:05:35.318">
  <attribute name="GC Util" value="135" />
  <attribute name="CPU Util" value="38468544182991" />
  <attribute name="Time Running"value="5816"/>
  <attribute name="Number of cores"value="4"/>
</cycle-end>
<allocation-satisfied id="268" threadId="0000000000B55700" bytesRequested="24" />
<af-end id="269" timestamp="2019-07-02T19:05:35.318" threadId="0000000000B56088" success="true" />
<exclusive-end id="270" timestamp="2019-07-02T19:05:35.318" durationms="5.491" />

<exclusive-start id="271" timestamp="2019-07-02T19:05:35.348" intervalms="35.629">
  <response-info timems="0.073" idlems="0.073" threads="0" lastid="0000000000B55700" lastname="main" />
</exclusive-start>
<af-start id="272" threadId="0000000000B56088" totalBytesRequested="24" timestamp="2019-07-02T19:05:35.348" intervalms="35.620" />
<cycle-start id="273" type="global" contextid="0" timestamp="2019-07-02T19:05:35.348" intervalms="35.595" />
  <attribute name="GC Util" value="135" />
  <attribute name="CPU Util" value="38468544182991" />
  <attribute name="Time Running"value="5816"/>
  <attribute name="Number of cores"value="4"/>
<gc-start id="274" type="global" contextid="273" timestamp="2019-07-02T19:05:35.348">
  <mem-info id="275" free="583632" total="11796480" percent="4">
    <mem type="tenure" free="583632" total="11796480" percent="4">
      <mem type="soa" free="0" total="11088896" percent="0" />
      <mem type="loa" free="583632" total="707584" percent="82" />
    </mem>
  </mem-info>
</gc-start>
<allocation-stats totalBytes="6801544" >
  <allocated-bytes non-tlh="0" tlh="6801544" />
  <largest-consumer threadName="main" threadId="0000000000B55700" bytes="6801544" />
</allocation-stats>
<gc-op id="276" type="mark" timems="2.285" contextid="273" timestamp="2019-07-02T19:05:35.351">
  <trace-info objectcount="74708" scancount="62461" scanbytes="2143868" />
  <finalization candidates="80" enqueued="0" />
  <ownableSynchronizers candidates="21" cleared="0" />
  <references type="soft" candidates="1664" cleared="0" enqueued="0" dynamicThreshold="20" maxThreshold="32" />
  <references type="weak" candidates="4510" cleared="0" enqueued="0" />
  <references type="phantom" candidates="100" cleared="0" enqueued="0" />
  <stringconstants candidates="8668" cleared="0"  />
</gc-op>
<gc-op id="277" type="sweep" timems="0.335" contextid="273" timestamp="2019-07-02T19:05:35.351" />
<heap-resize id="278" type="contract" space="tenure" amount="589824" count="1" timems="0.051" reason="excess free space following gc" timestamp="2019-07-02T19:05:35.351" />
<gc-end id="279" type="global" contextid="273" durationms="3.189" usertimems="4.000" systemtimems="0.000" timestamp="2019-07-02T19:05:35.351" activeThreads="4">
  <mem-info id="280" free="6878280" total="11206656" percent="61">
    <mem type="tenure" free="6878280" total="11206656" percent="61" micro-fragmented="7952">
      <mem type="soa" free="6222640" total="10534912" percent="59" />
      <mem type="loa" free="655640" total="671744" percent="97" />
    </mem>
  </mem-info>
</gc-end>
<cycle-end id="281" type="global" contextid="273" timestamp="2019-07-02T19:05:35.352">
  <attribute name="GC Util" value="16" />
  <attribute name="CPU Util" value="90714702577770" />
  <attribute name="Time Running"value="5850"/>
  <attribute name="Number of cores"value="4"/>
</cycle-end>
<allocation-satisfied id="282" threadId="0000000000B55700" bytesRequested="24" />
<af-end id="283" timestamp="2019-07-02T19:05:35.352" threadId="0000000000B56088" success="true" />
<exclusive-end id="284" timestamp="2019-07-02T19:05:35.352" durationms="3.757" />

<exclusive-start id="285" timestamp="2019-07-02T19:05:35.380" intervalms="31.810">
  <response-info timems="0.009" idlems="0.009" threads="0" lastid="0000000000B55700" lastname="main" />
</exclusive-start>
<af-start id="286" threadId="0000000000B56088" totalBytesRequested="24" timestamp="2019-07-02T19:05:35.380" intervalms="31.871" />
<cycle-start id="287" type="global" contextid="0" timestamp="2019-07-02T19:05:35.380" intervalms="31.907" />
  <attribute name="GC Util" value="16" />
  <attribute name="CPU Util" value="90714702577770" />
  <attribute name="Time Running"value="5850"/>
  <attribute name="Number of cores"value="4"/>
<gc-start id="288" type="global" contextid="287" timestamp="2019-07-02T19:05:35.380">
  <mem-info id="289" free="655640" total="11206656" percent="5">
    <mem type="tenure" free="655640" total="11206656" percent="5">
      <mem type="soa" free="0" total="10534912" percent="0" />
      <mem type="loa" free="655640" total="671744" percent="97" />
    </mem>
  </mem-info>
</gc-start>
<allocation-stats totalBytes="6230128" >
  <allocated-bytes non-tlh="65568" tlh="6164560" />
  <largest-consumer threadName="main" threadId="0000000000B55700" bytes="6230128" />
</allocation-stats>
<gc-op id="290" type="mark" timems="2.993" contextid="287" timestamp="2019-07-02T19:05:35.384">
  <trace-info objectcount="74703" scancount="62455" scanbytes="2143720" />
  <finalization candidates="80" enqueued="0" />
  <ownableSynchronizers candidates="21" cleared="0" />
  <references type="soft" candidates="1664" cleared="1" enqueued="1" dynamicThreshold="19" maxThreshold="32" />
  <references type="weak" candidates="4510" cleared="0" enqueued="0" />
  <references type="phantom" candidates="100" cleared="0" enqueued="0" />
  <stringconstants candidates="8668" cleared="0"  />
</gc-op>
<gc-op id="291" type="sweep" timems="0.180" contextid="287" timestamp="2019-07-02T19:05:35.384" />
<gc-end id="292" type="global" contextid="287" durationms="3.687" usertimems="8.000" systemtimems="0.000" timestamp="2019-07-02T19:05:35.384" activeThreads="4">
  <mem-info id="293" free="6835192" total="11206656" percent="60">
    <mem type="tenure" free="6835192" total="11206656" percent="60" micro-fragmented="7952">
      <mem type="soa" free="6206664" total="10534912" percent="58" />
      <mem type="loa" free="628528" total="671744" percent="93" />
    </mem>
    <pending-finalizers system="0" default="0" reference="1" classloader="0" />
  </mem-info>
</gc-end>
<cycle-end id="294" type="global" contextid="287" timestamp="2019-07-02T19:05:35.384">
  <attribute name="GC Util" value="156" />
  <attribute name="CPU Util" value="5939474939781" />
  <attribute name="Time Running"value="5883"/>
  <attribute name="Number of cores"value="4"/>
</cycle-end>
<allocation-satisfied id="295" threadId="0000000000B55700" bytesRequested="24" />
<af-end id="296" timestamp="2019-07-02T19:05:35.384" threadId="0000000000B56088" success="true" />
<exclusive-end id="297" timestamp="2019-07-02T19:05:35.384" durationms="4.610" />

<exclusive-start id="298" timestamp="2019-07-02T19:05:35.413" intervalms="33.301">
  <response-info timems="0.080" idlems="0.080" threads="0" lastid="0000000000B55700" lastname="main" />
</exclusive-start>
<af-start id="299" threadId="0000000000B56088" totalBytesRequested="24" timestamp="2019-07-02T19:05:35.413" intervalms="33.284" />
<cycle-start id="300" type="global" contextid="0" timestamp="2019-07-02T19:05:35.414" intervalms="33.434" />
  <attribute name="GC Util" value="9" />
  <attribute name="CPU Util" value="620972193831" />
  <attribute name="Time Running"value="5912"/>
  <attribute name="Number of cores"value="4"/>
<gc-start id="301" type="global" contextid="300" timestamp="2019-07-02T19:05:35.414">
  <mem-info id="302" free="671744" total="11206656" percent="5">
    <mem type="tenure" free="671744" total="11206656" percent="5">
      <mem type="soa" free="0" total="10534912" percent="0" />
      <mem type="loa" free="671744" total="671744" percent="100" />
    </mem>
  </mem-info>
</gc-start>
<allocation-stats totalBytes="6214152" >
  <allocated-bytes non-tlh="65568" tlh="6148584" />
  <largest-consumer threadName="main" threadId="0000000000B55700" bytes="6214152" />
</allocation-stats>
<gc-op id="303" type="mark" timems="2.272" contextid="300" timestamp="2019-07-02T19:05:35.416">
  <trace-info objectcount="74221" scancount="61980" scanbytes="2124320" />
  <finalization candidates="80" enqueued="0" />
  <ownableSynchronizers candidates="21" cleared="0" />
  <references type="soft" candidates="1663" cleared="30" enqueued="28" dynamicThreshold="19" maxThreshold="32" />
  <references type="weak" candidates="4510" cleared="0" enqueued="0" />
  <references type="phantom" candidates="100" cleared="0" enqueued="0" />
  <stringconstants candidates="8668" cleared="0"  />
</gc-op>
<gc-op id="304" type="sweep" timems="0.175" contextid="300" timestamp="2019-07-02T19:05:35.416" />
<gc-end id="305" type="global" contextid="300" durationms="3.056" usertimems="4.000" systemtimems="0.000" timestamp="2019-07-02T19:05:35.417" activeThreads="4">
  <mem-info id="306" free="6854848" total="11206656" percent="61">
    <mem type="tenure" free="6854848" total="11206656" percent="61" micro-fragmented="6166">
      <mem type="soa" free="6217672" total="10534912" percent="59" />
      <mem type="loa" free="637176" total="671744" percent="94" />
    </mem>
    <pending-finalizers system="0" default="0" reference="28" classloader="0" />
  </mem-info>
</gc-end>
<cycle-end id="307" type="global" contextid="300" timestamp="2019-07-02T19:05:35.417">
  <attribute name="GC Util" value="168" />
  <attribute name="CPU Util" value="7753192316511" />
  <attribute name="Time Running"value="5915"/>
  <attribute name="Number of cores"value="4"/>
</cycle-end>
<allocation-satisfied id="308" threadId="0000000000B55700" bytesRequested="24" />
<af-end id="309" timestamp="2019-07-02T19:05:35.417" threadId="0000000000B56088" success="true" />
<exclusive-end id="310" timestamp="2019-07-02T19:05:35.417" durationms="4.180" />

</verbosegc>

