<?xml version="1.0" ?>

<verbosegc xmlns="http://www.ibm.com/j9/verbosegc" version="10b4217_CMPRSS">

<initialized id="1" timestamp="2019-06-14T23:51:56.725">
  <attribute name="gcPolicy" value="-Xgcpolicy:optavgpause" />
  <attribute name="elasticGC enabled" value="1" />
  <attribute name= "numThreadsSpecified" value="0" />
  <attribute name="heapSize specified" value="0" />
  <attribute name="Current GC Util" value="0" />
  <attribute name= "Current Time Running" value="0" />
  <attribute name ="GC Interval" value="0" />
  <attribute name="ProportionalT" value="0.000000" />
  <attribute name="ProportionalI" value="0.000000" />
  <attribute name="ProportionalH" value="0.000000" />
  <attribute name="IntegralT" value="0.000000" />
  <attribute name="IntegralI" value="0.000000" />
  <attribute name="IntegralH" value="0.000000" />
  <attribute name="DerivativeT" value="0.000000" />
  <attribute name="DerivativeI" value="0.000000" />
  <attribute name="DerivativeH" value="0.000000" />
  <attribute name="Target GC Util Change" value ="0.000000" />
  <attribute name="Current GC Util Change" value="0.000000"/>
  <attribute name="Current Error" value="0.000000" />
  <attribute name="Loop Time for DT" value="0.000000" />
  <attribute name="Output H" value="0"/>
  <attribute name="Output I" value="0"/>
  <attribute name="Output T" value="0"/>
  <attribute name="GC Util currently" value="0" />
  <attribute name="CPU Util currently" value="0" />
  <attribute name="maxHeapSize" value="0x7cbc0000" />
  <attribute name="initialHeapSize" value="0x800000" />
  <attribute name="compressedRefs" value="true" />
  <attribute name="compressedRefsDisplacement" value="0x0" />
  <attribute name="compressedRefsShift" value="0x0" />
  <attribute name="pageSize" value="0x1000" />
  <attribute name="pageType" value="not used" />
  <attribute name="requestedPageSize" value="0x1000" />
  <attribute name="requestedPageType" value="not used" />
  <attribute name="gcthreads" value="4" />
  <attribute name="packetListSplit" value="4" />
  <attribute name="cacheListSplit" value="4" />
  <attribute name="splitFreeListSplitAmount" value="1" />
  <attribute name="numaNodes" value="0" />
  <system>
    <attribute name="physicalMemory" value="8370958336" />
    <attribute name="numCPUs" value="4" />
    <attribute name="architecture" value="amd64" />
    <attribute name="os" value="Linux" />
    <attribute name="osVersion" value="4.4.0-150-generic" />
  </system>
  <vmargs>
    <vmarg name="-Xoptionsfile=/vagrant/jdk/lib/options.default" />
    <vmarg name="-Xlockword:mode=default,noLockword=java/lang/String,noLockword=java/util/MapEntry,noLockword=java/util/HashMap$Entry,noLockword..." />
    <vmarg name="-Xjcl:jclse29" />
    <vmarg name="-Dcom.ibm.oti.vm.bootstrap.library.path=/vagrant/jdk/lib/compressedrefs:/vagrant/jdk/lib" />
    <vmarg name="-Dsun.boot.library.path=/vagrant/jdk/lib/compressedrefs:/vagrant/jdk/lib" />
    <vmarg name="-Djava.library.path=/vagrant/jdk/lib/compressedrefs:/vagrant/jdk/lib:/usr/lib64:/usr/lib" />
    <vmarg name="-Djava.home=/vagrant/jdk" />
    <vmarg name="-Duser.dir=/vagrant" />
    <vmarg name="-Xgcpolicy:optavgpause" />
    <vmarg name="-Xgcelastic" />
    <vmarg name="-Xcheck:gc:::elasticGC" />
    <vmarg name="-verbose:gc" />
    <vmarg name="-Xloggc:jdk0.5-1-1-default-OAP-4CORE-elasticverbose12jython.txt" />
    <vmarg name="-Djava.class.path=dacapo-9.12-MR1-bach.jar" />
    <vmarg name="-Dsun.java.command=dacapo-9.12-MR1-bach.jar jython --size=default" />
    <vmarg name="-Dsun.java.launcher=SUN_STANDARD" />
    <vmarg name="-Dsun.java.launcher.pid=17644" />
  </vmargs>
</initialized>

<exclusive-start id="2" timestamp="2019-06-14T23:52:25.114" intervalms="28388.541">
  <response-info timems="0.184" idlems="0.184" threads="0" lastid="00000000007A0700" lastname="main" />
</exclusive-start>
<af-start id="3" threadId="00000000007A1088" totalBytesRequested="2056" timestamp="2019-06-14T23:52:25.116" intervalms="28390.352" />
<cycle-start id="4" type="global" contextid="0" timestamp="2019-06-14T23:52:25.118" intervalms="28393.336" />
<gc-start id="5" type="global" contextid="4" timestamp="2019-06-14T23:52:25.119">
  <mem-info id="6" free="418816" total="8388608" percent="4">
    <mem type="tenure" free="418816" total="8388608" percent="4">
      <mem type="soa" free="0" total="7969792" percent="0" />
      <mem type="loa" free="418816" total="418816" percent="100" />
    </mem>
  </mem-info>
</gc-start>
<allocation-stats totalBytes="7881832" >
  <allocated-bytes non-tlh="357776" tlh="7524056" />
  <largest-consumer threadName="main" threadId="00000000007A0700" bytes="7767384" />
</allocation-stats>
<gc-op id="7" type="mark" timems="7.929" contextid="4" timestamp="2019-06-14T23:52:25.129">
  <trace-info objectcount="17694" scancount="14635" scanbytes="461684" />
  <finalization candidates="14" enqueued="1" />
  <references type="soft" candidates="64" cleared="0" enqueued="0" dynamicThreshold="32" maxThreshold="32" />
  <references type="weak" candidates="548" cleared="401" enqueued="362" />
  <references type="phantom" candidates="106" cleared="44" enqueued="44" />
  <stringconstants candidates="2406" cleared="0"  />
</gc-op>
<gc-op id="8" type="classunload" timems="0.116" contextid="4" timestamp="2019-06-14T23:52:25.130">
  <classunload-info classloadercandidates="5" classloadersunloaded="0" classesunloaded="0" anonymousclassesunloaded="0" quiescems="0.000" setupms="0.116" scanms="0.000" postms="0.000" />
</gc-op>
<gc-op id="9" type="sweep" timems="0.721" contextid="4" timestamp="2019-06-14T23:52:25.130" />
<mem-info id="10" free="7184488" total="8388608" percent="85">
  <mem type="tenure" free="7184488" total="8388608" percent="85" micro-fragmented="213702">
    <mem type="soa" free="6765672" total="7969792" percent="84" />
    <mem type="loa" free="418816" total="418816" percent="100" />
  </mem>
  <pending-finalizers system="1" default="0" reference="406" classloader="0" />
</mem-info>
<gc-op id="11" type="compact" timems="4.052" contextid="4" timestamp="2019-06-14T23:52:25.135">
  <compact-info movecount="17693" movebytes="962424" reason="compact to aid heap contraction" />
</gc-op>
<heap-resize id="12" type="expand" space="tenure" amount="2084241408" count="1" timems="0.285" reason="satisfy allocation request" timestamp="2019-06-14T23:52:25.136" />
<gc-end id="13" type="global" contextid="4" durationms="16.291" usertimems="0.000" systemtimems="16.000" timestamp="2019-06-14T23:52:25.136" activeThreads="4">
  <mem-info id="14" free="2091601968" total="2092630016" percent="99">
    <mem type="tenure" free="2091601968" total="2092630016" percent="99">
      <mem type="soa" free="1986970672" total="1987998720" percent="99" />
      <mem type="loa" free="104631296" total="104631296" percent="100" />
    </mem>
    <pending-finalizers system="1" default="0" reference="406" classloader="0" />
  </mem-info>
</gc-end>
<cycle-end id="15" type="global" contextid="4" timestamp="2019-06-14T23:52:25.136" />
  <attribute name="elasticGC enabled" value="1" />
  <attribute name= "numThreadsSpecified" value="4" />
  <attribute name="heapSize specified" value="8388608" />
  <attribute name="Current GC Util" value="29" />
  <attribute name= "Current Time Running" value="28231" />
  <attribute name ="GC Interval" value="0" />
  <attribute name="ProportionalT" value="4.500000" />
  <attribute name="ProportionalI" value="4.500000" />
  <attribute name="ProportionalH" value="4.500000" />
  <attribute name="Current Error" value="9.000000" />
  <attribute name="IntegralT" value="-563879.000000" />
  <attribute name="IntegralI" value="-563879.000000" />
  <attribute name="IntegralH" value="-563879.000000" />
  <attribute name="DerivativeT" value="2.250000" />
  <attribute name="DerivativeI" value="2.250000" />
  <attribute name="DerivativeH" value="2.250000" />
  <attribute name="Loop Time for DT" value="4.000000" />
  <attribute name="Output H" value="2092630016"/>
  <attribute name="Output I" value="200"/>
  <attribute name="Output T" value="4"/>
  <attribute name="Target GC Util Change" value ="20.000000" />
  <attribute name="Current GC Util Change" value="29.000000"/>
  <attribute name="GC Util currently" value="29" />
  <attribute name="CPU Util currently" value="16" />
<allocation-satisfied id="16" threadId="00000000007A0700" bytesRequested="2056" />
<af-end id="17" timestamp="2019-06-14T23:52:25.136" threadId="00000000007A1088" success="true" />
<exclusive-end id="18" timestamp="2019-06-14T23:52:25.136" durationms="22.763" />

<exclusive-start id="19" timestamp="2019-06-14T23:52:54.068" intervalms="28954.746">
  <response-info timems="0.020" idlems="0.020" threads="0" lastid="00000000007A0700" lastname="main" />
</exclusive-start>
<sys-start reason="explicit" id="20" timestamp="2019-06-14T23:52:54.068" intervalms="57343.465" />
<cycle-start id="21" type="global" contextid="0" timestamp="2019-06-14T23:52:54.068" intervalms="28950.270" />
<gc-start id="22" type="global" contextid="21" timestamp="2019-06-14T23:52:54.069">
  <mem-info id="23" free="2021654176" total="2092630016" percent="96">
    <mem type="tenure" free="2021654176" total="2092630016" percent="96">
      <mem type="soa" free="1917022880" total="1987998720" percent="96" />
      <mem type="loa" free="104631296" total="104631296" percent="100" />
    </mem>
  </mem-info>
</gc-start>
<allocation-stats totalBytes="69969584" >
  <allocated-bytes non-tlh="3465616" tlh="66503968" />
  <largest-consumer threadName="main" threadId="00000000007A0700" bytes="69891520" />
</allocation-stats>
<gc-op id="24" type="mark" timems="11.898" contextid="21" timestamp="2019-06-14T23:52:54.082">
  <trace-info objectcount="75415" scancount="62974" scanbytes="2110008" />
  <finalization candidates="80" enqueued="1" />
  <ownableSynchronizers candidates="23" cleared="0" />
  <references type="soft" candidates="1640" cleared="0" enqueued="0" dynamicThreshold="31" maxThreshold="32" />
  <references type="weak" candidates="5243" cleared="732" enqueued="568" />
  <references type="phantom" candidates="114" cleared="14" enqueued="14" />
  <stringconstants candidates="8669" cleared="15"  />
</gc-op>
<gc-op id="25" type="classunload" timems="0.460" contextid="21" timestamp="2019-06-14T23:52:54.082">
  <classunload-info classloadercandidates="17" classloadersunloaded="1" classesunloaded="1" anonymousclassesunloaded="0" quiescems="0.724" setupms="0.450" scanms="0.008" postms="0.002" />
</gc-op>
<gc-op id="26" type="sweep" timems="2.546" contextid="21" timestamp="2019-06-14T23:52:54.085" />
<mem-info id="27" free="2087408392" total="2092630016" percent="99">
  <mem type="tenure" free="2087408392" total="2092630016" percent="99" micro-fragmented="716925">
    <mem type="soa" free="1982777096" total="1987998720" percent="99" />
    <mem type="loa" free="104631296" total="104631296" percent="100" />
  </mem>
  <pending-finalizers system="1" default="0" reference="582" classloader="0" />
</mem-info>
<gc-op id="28" type="compact" timems="22.954" contextid="21" timestamp="2019-06-14T23:52:54.108">
  <compact-info movecount="74749" movebytes="4254456" reason="compact to aid heap contraction" />
</gc-op>
<gc-end id="29" type="global" contextid="21" durationms="39.875" usertimems="60.000" systemtimems="0.000" timestamp="2019-06-14T23:52:54.109" activeThreads="4">
  <mem-info id="30" free="2088357120" total="2092630016" percent="99">
    <mem type="tenure" free="2088357120" total="2092630016" percent="99">
      <mem type="soa" free="1983725824" total="1987998720" percent="99" />
      <mem type="loa" free="104631296" total="104631296" percent="100" />
    </mem>
    <pending-finalizers system="1" default="0" reference="582" classloader="0" />
  </mem-info>
</gc-end>
<cycle-end id="31" type="global" contextid="21" timestamp="2019-06-14T23:52:54.109" />
  <attribute name="elasticGC enabled" value="1" />
  <attribute name= "numThreadsSpecified" value="4" />
  <attribute name="heapSize specified" value="2092630016" />
  <attribute name="Current GC Util" value="138" />
  <attribute name= "Current Time Running" value="57205" />
  <attribute name ="GC Interval" value="0" />
  <attribute name="ProportionalT" value="59.000000" />
  <attribute name="ProportionalI" value="59.000000" />
  <attribute name="ProportionalH" value="59.000000" />
  <attribute name="Current Error" value="118.000000" />
  <attribute name="IntegralT" value="2832.000000" />
  <attribute name="IntegralI" value="2832.000000" />
  <attribute name="IntegralH" value="2832.000000" />
  <attribute name="DerivativeT" value="2.666667" />
  <attribute name="DerivativeI" value="2.666667" />
  <attribute name="DerivativeH" value="2.666667" />
  <attribute name="Loop Time for DT" value="24.000000" />
  <attribute name="Output H" value="8388608"/>
  <attribute name="Output I" value="2896"/>
  <attribute name="Output T" value="4"/>
  <attribute name="Target GC Util Change" value ="20.000000" />
  <attribute name="Current GC Util Change" value="138.000000"/>
  <attribute name="GC Util currently" value="138" />
  <attribute name="CPU Util currently" value="198854191460" />
<sys-end id="32" timestamp="2019-06-14T23:52:54.109" />
<exclusive-end id="33" timestamp="2019-06-14T23:52:54.109" durationms="40.954" />

<exclusive-start id="34" timestamp="2019-06-14T23:53:10.263" intervalms="16194.827">
  <response-info timems="0.111" idlems="0.111" threads="0" lastid="00000000007A0700" lastname="main" />
</exclusive-start>
<af-start id="35" threadId="00000000007A1088" totalBytesRequested="32" timestamp="2019-06-14T23:53:10.263" intervalms="45147.973" />
<cycle-start id="36" type="global" contextid="0" timestamp="2019-06-14T23:53:10.263" intervalms="16194.894" />
<gc-start id="37" type="global" contextid="36" timestamp="2019-06-14T23:53:10.264">
  <mem-info id="38" free="104631296" total="2092630016" percent="4">
    <mem type="tenure" free="104631296" total="2092630016" percent="4">
      <mem type="soa" free="0" total="1987998720" percent="0" />
      <mem type="loa" free="104631296" total="104631296" percent="100" />
    </mem>
  </mem-info>
</gc-start>
<allocation-stats totalBytes="1981934416" >
  <allocated-bytes non-tlh="14544008" tlh="1967390408" />
  <largest-consumer threadName="main" threadId="00000000007A0700" bytes="1981906536" />
</allocation-stats>
<gc-op id="39" type="mark" timems="18.383" contextid="36" timestamp="2019-06-14T23:53:10.282">
  <trace-info objectcount="609782" scancount="530117" scanbytes="13679892" />
  <finalization candidates="84" enqueued="5" />
  <ownableSynchronizers candidates="23" cleared="0" />
  <references type="soft" candidates="4868" cleared="0" enqueued="0" dynamicThreshold="31" maxThreshold="32" />
  <references type="weak" candidates="5793" cleared="86" enqueued="77" />
  <references type="phantom" candidates="107" cleared="5" enqueued="5" />
  <stringconstants candidates="13828" cleared="18"  />
</gc-op>
<gc-op id="40" type="sweep" timems="155.513" contextid="36" timestamp="2019-06-14T23:53:10.438" />
<mem-info id="41" free="2063045680" total="2092630016" percent="98">
  <mem type="tenure" free="2063045680" total="2092630016" percent="98" micro-fragmented="1747477">
    <mem type="soa" free="1958414384" total="1987998720" percent="98" />
    <mem type="loa" free="104631296" total="104631296" percent="100" />
  </mem>
  <pending-finalizers system="0" default="5" reference="82" classloader="0" />
</mem-info>
<gc-op id="42" type="compact" timems="45.220" contextid="36" timestamp="2019-06-14T23:53:10.484">
  <compact-info movecount="607902" movebytes="18176312" reason="compact to aid heap contraction" />
</gc-op>
<gc-end id="43" type="global" contextid="36" durationms="220.663" usertimems="320.000" systemtimems="16.000" timestamp="2019-06-14T23:53:10.484" activeThreads="4">
  <mem-info id="44" free="2074223296" total="2092630016" percent="99">
    <mem type="tenure" free="2074223296" total="2092630016" percent="99">
      <mem type="soa" free="1969592000" total="1987998720" percent="99" />
      <mem type="loa" free="104631296" total="104631296" percent="100" />
    </mem>
    <pending-finalizers system="0" default="5" reference="82" classloader="0" />
  </mem-info>
</gc-end>
<cycle-end id="45" type="global" contextid="36" timestamp="2019-06-14T23:53:10.485" />
  <attribute name="elasticGC enabled" value="1" />
  <attribute name= "numThreadsSpecified" value="4" />
  <attribute name="heapSize specified" value="2092630016" />
  <attribute name="Current GC Util" value="175" />
  <attribute name= "Current Time Running" value="73580" />
  <attribute name ="GC Interval" value="0" />
  <attribute name="ProportionalT" value="77.500000" />
  <attribute name="ProportionalI" value="77.500000" />
  <attribute name="ProportionalH" value="77.500000" />
  <attribute name="Current Error" value="155.000000" />
  <attribute name="IntegralT" value="6975.000000" />
  <attribute name="IntegralI" value="6975.000000" />
  <attribute name="IntegralH" value="6975.000000" />
  <attribute name="DerivativeT" value="3.444444" />
  <attribute name="DerivativeI" value="3.444444" />
  <attribute name="DerivativeH" value="3.444444" />
  <attribute name="Loop Time for DT" value="45.000000" />
  <attribute name="Output H" value="8388608"/>
  <attribute name="Output I" value="4000"/>
  <attribute name="Output T" value="4"/>
  <attribute name="Target GC Util Change" value ="20.000000" />
  <attribute name="Current GC Util Change" value="175.000000"/>
  <attribute name="GC Util currently" value="175" />
  <attribute name="CPU Util currently" value="101324575412" />
<allocation-satisfied id="46" threadId="00000000007A0700" bytesRequested="32" />
<af-end id="47" timestamp="2019-06-14T23:53:10.485" threadId="00000000007A1088" success="true" />
<exclusive-end id="48" timestamp="2019-06-14T23:53:10.485" durationms="222.279" />

</verbosegc>

