<?xml version="1.0" ?>

<verbosegc xmlns="http://www.ibm.com/j9/verbosegc" version="6fe7bac_CMPRSS">

<initialized id="1" timestamp="2019-09-21T21:56:17.703">
  <attribute name="gcPolicy" value="-Xgcpolicy:balanced" />
  <attribute name="elasticGC enabled" value="1" />
  <attribute name= "numThreadsSpecified" value="0" />
  <attribute name="heapSize specified" value="0" />
  <attribute name="Current GC Util" value="0" />
  <attribute name= "Current Time Running" value="0" />
  <attribute name ="GC Interval" value="0" />
  <attribute name="Target GC Util Change" value ="0.000000" />
  <attribute name="Current GC Util Change" value="0.000000"/>
  <attribute name="Current Error" value="0.000000" />
  <attribute name="Output H" value="0"/>
  <attribute name="Output I" value="0"/>
  <attribute name="Output T" value="0"/>
  <attribute name= "Current Time Running" value="0" />
  <attribute name="GC Util currently" value="0" />
  <attribute name="CPU Util currently" value="0" />
  <attribute name="maxHeapSize" value="0x7cb00000" />
  <attribute name="initialHeapSize" value="0x800000" />
  <attribute name="compressedRefs" value="true" />
  <attribute name="compressedRefsDisplacement" value="0x0" />
  <attribute name="compressedRefsShift" value="0x0" />
  <attribute name="pageSize" value="0x1000" />
  <attribute name="pageType" value="not used" />
  <attribute name="requestedPageSize" value="0x1000" />
  <attribute name="requestedPageType" value="not used" />
  <attribute name="gcthreads" value="8" />
  <attribute name="packetListSplit" value="8" />
  <attribute name="cacheListSplit" value="8" />
  <attribute name="splitFreeListSplitAmount" value="1" />
  <attribute name="numaNodes" value="0" />
  <region>
    <attribute name="regionSize" value="1048576" />
    <attribute name="regionCount" value="1995" />
    <attribute name="arrayletLeafSize" value="1048576" />
  </region>
  <system>
    <attribute name="physicalMemory" value="8370393088" />
    <attribute name="numCPUs" value="8" />
    <attribute name="architecture" value="amd64" />
    <attribute name="os" value="Linux" />
    <attribute name="osVersion" value="4.4.0-157-generic" />
  </system>
  <vmargs>
    <vmarg name="-Xoptionsfile=/vagrant/jdk/lib/options.default" />
    <vmarg name="-Xlockword:mode=default,noLockword=java/lang/String,noLockword=java/util/MapEntry,noLockword=java/util/HashMap$Entry,noLockword..." />
    <vmarg name="-Xjcl:jclse29" />
    <vmarg name="-Dcom.ibm.oti.vm.bootstrap.library.path=/vagrant/jdk/lib/compressedrefs:/vagrant/jdk/lib" />
    <vmarg name="-Dsun.boot.library.path=/vagrant/jdk/lib/compressedrefs:/vagrant/jdk/lib" />
    <vmarg name="-Djava.library.path=/vagrant/jdk/lib/compressedrefs:/vagrant/jdk/lib:/usr/lib64:/usr/lib" />
    <vmarg name="-Djava.home=/vagrant/jdk" />
    <vmarg name="-Duser.dir=/vagrant" />
    <vmarg name="-Xgcpolicy:balanced" />
    <vmarg name="-Xgcelastic" />
    <vmarg name="-Xcheck:gc:::elasticGC" />
    <vmarg name="-verbose:gc" />
    <vmarg name="-Xloggc:large-Balanced-JDK1-1-3-8core-verbose4avrora.txt" />
    <vmarg name="-Djava.class.path=dacapo-9.12-MR1-bach.jar" />
    <vmarg name="-Dsun.java.command=dacapo-9.12-MR1-bach.jar avrora --size=large" />
    <vmarg name="-Dsun.java.launcher=SUN_STANDARD" />
    <vmarg name="-Dsun.java.launcher.pid=15103" />
  </vmargs>
</initialized>

<exclusive-start id="2" timestamp="2019-09-21T21:56:18.513" intervalms="809.520">
  <response-info timems="0.036" idlems="0.036" threads="0" lastid="0000000000EB9A00" lastname="main" />
</exclusive-start>
<sys-start reason="explicit" id="3" timestamp="2019-09-21T21:56:18.513" intervalms="809.994" />
<cycle-start id="4" type="global garbage collect" contextid="0" timestamp="2019-09-21T21:56:18.514" intervalms="810.252" />
<gc-start id="5" type="global garbage collect" contextid="4" timestamp="2019-09-21T21:56:18.514">
  <mem-info id="6" free="1662824" total="8388608" percent="19">
    <mem type="eden" free="614248" total="7340032" percent="8" />
    <remembered-set count="0" freebytes="334848" totalbytes="334848" percent="100" regionsoverflowed="0" regionsstable="0" regionsrebuilding="0"/>
  </mem-info>
</gc-start>
<allocation-stats totalBytes="6672904" >
  <allocated-bytes non-tlh="529728" tlh="6143176" arrayletleaf="0"/>
  <largest-consumer threadName="main" threadId="0000000000EB9A00" bytes="6579952" />
</allocation-stats>
<gc-op id="7" type="global mark" timems="4.445" contextid="4" timestamp="2019-09-21T21:56:18.519">
  <trace-info objectcount="17895" scancount="14157" scanbytes="465052" />
  <finalization candidates="14" enqueued="1" />
  <references type="soft" candidates="66" cleared="0" enqueued="0" dynamicThreshold="32" maxThreshold="32" />
  <references type="weak" candidates="553" cleared="411" enqueued="372" />
  <references type="phantom" candidates="99" cleared="41" enqueued="41" />
  <stringconstants candidates="2456" cleared="0"  />
</gc-op>
<gc-op id="8" type="classunload" timems="0.169" contextid="4" timestamp="2019-09-21T21:56:18.519">
  <classunload-info classloadercandidates="6" classloadersunloaded="0" classesunloaded="0" anonymousclassesunloaded="0" quiescems="0.000" setupms="0.169" scanms="0.000" postms="0.000" />
</gc-op>
<gc-op id="9" type="sweep" timems="0.685" contextid="4" timestamp="2019-09-21T21:56:18.521" />
<gc-op id="10" type="compact" timems="4.579" contextid="4" timestamp="2019-09-21T21:56:18.526">
  <compact-info movecount="17888" movebytes="858592" />
  <remembered-set-cleared processed="1171" cleared="1171" durationms="0.137" />
</gc-op>
<gc-end id="11" type="global garbage collect" contextid="4" durationms="12.478" usertimems="12.000" systemtimems="0.000" timestamp="2019-09-21T21:56:18.526" activeThreads="1">
  <mem-info id="12" free="7340032" total="8388608" percent="87">
    <pending-finalizers system="1" default="0" reference="413" classloader="0" />
    <remembered-set count="1920" freebytes="327168" totalbytes="334848" percent="97" regionsoverflowed="0" regionsstable="0" regionsrebuilding="0"/>
  </mem-info>
</gc-end>
<cycle-end id="13" type="global garbage collect" contextid="4" timestamp="2019-09-21T21:56:18.527" />
  <attribute name="elasticGC enabled" value="1" />
  <attribute name= "numThreadsSpecified" value="1" />
  <attribute name="heapSize specified" value="0" />
  <attribute name="Current GC Util" value="47" />
  <attribute name= "Current Time Running" value="694" />
  <attribute name ="GC Interval" value="0" />
  <attribute name="Target GC Util Change" value ="40.000000" />
  <attribute name="Current GC Util Change" value="47.000000"/>
  <attribute name="Current Error" value="-11.000000" />
  <attribute name="Output H" value="8426448"/>
  <attribute name="Output I" value="2000"/>
  <attribute name="Output T" value="1"/>
  <attribute name= "Current Time Running" value="694" />
  <attribute name="GC Util currently" value="47" />
  <attribute name="CPU Util currently" value="2538694618226" />
<sys-end id="14" timestamp="2019-09-21T21:56:18.527" />
<exclusive-end id="15" timestamp="2019-09-21T21:56:18.527" durationms="14.070" />

<exclusive-start id="16" timestamp="2019-09-21T21:56:20.411" intervalms="1898.436">
  <response-info timems="0.035" idlems="0.035" threads="0" lastid="0000000000EB9A00" lastname="main" />
</exclusive-start>
<allocation-taxation id="17" taxation-threshold="7340032" timestamp="2019-09-21T21:56:20.411" intervalms="2708.097" />
<cycle-start id="18" type="partial gc" contextid="0" timestamp="2019-09-21T21:56:20.411" intervalms="2708.233" />
<gc-start id="19" type="partial gc" contextid="18" timestamp="2019-09-21T21:56:20.412">
  <mem-info id="20" free="0" total="8388608" percent="0">
    <mem type="eden" free="0" total="7340032" percent="0" />
    <remembered-set count="1920" freebytes="327168" totalbytes="334848" percent="97" regionsoverflowed="0" regionsstable="0" regionsrebuilding="0"/>
  </mem-info>
</gc-start>
<allocation-stats totalBytes="7332168" >
  <allocated-bytes non-tlh="144896" tlh="7187272" arrayletleaf="0"/>
  <largest-consumer threadName="main" threadId="0000000000EB9A00" bytes="7316096" />
</allocation-stats>
<gc-op id="21" type="mark" timems="6.848" contextid="18" timestamp="2019-09-21T21:56:20.420">
  <trace-info objectcount="78848" scancount="75140" scanbytes="2270528" />
  <cardclean-info objects="1157" bytes="40280" />
  <remembered-set-cleared processed="0" cleared="0" durationms="0.055" />
  <references type="weak" candidates="43" cleared="42" enqueued="42" />
  <references type="phantom" candidates="13" cleared="11" enqueued="11" />
  <stringconstants candidates="3619" cleared="0"  />
  <warning details="Mark invoked due to insufficient free space for Copy-Forward" />
</gc-op>
<gc-op id="22" type="classunload" timems="0.002" contextid="18" timestamp="2019-09-21T21:56:20.420">
  <classunload-info classloadercandidates="6" classloadersunloaded="0" classesunloaded="0" anonymousclassesunloaded="0" quiescems="0.000" setupms="0.002" scanms="0.000" postms="0.000" />
</gc-op>
<gc-op id="23" type="sweep" timems="2.047" contextid="18" timestamp="2019-09-21T21:56:20.422" />
<gc-op id="24" type="compact" timems="13.247" contextid="18" timestamp="2019-09-21T21:56:20.436">
  <compact-info movecount="78530" movebytes="2658528" />
  <remembered-set-cleared processed="703" cleared="703" durationms="0.055" />
</gc-op>
<gc-end id="25" type="partial gc" contextid="18" durationms="25.094" usertimems="32.000" systemtimems="8.000" timestamp="2019-09-21T21:56:20.437" activeThreads="8">
  <mem-info id="26" free="4194304" total="8388608" percent="50">
    <mem type="eden" free="479312" total="3145728" percent="15" />
    <pending-finalizers system="0" default="0" reference="53" classloader="0" />
    <remembered-set count="3584" freebytes="320512" totalbytes="334848" percent="95" regionsoverflowed="0" regionsstable="0" regionsrebuilding="0"/>
  </mem-info>
</gc-end>
<cycle-end id="27" type="partial gc" contextid="18" timestamp="2019-09-21T21:56:20.437" />
  <attribute name="elasticGC enabled" value="1" />
  <attribute name= "numThreadsSpecified" value="8" />
  <attribute name="heapSize specified" value="0" />
  <attribute name="Current GC Util" value="139" />
  <attribute name= "Current Time Running" value="2596" />
  <attribute name ="GC Interval" value="0" />
  <attribute name="Target GC Util Change" value ="40.000000" />
  <attribute name="Current GC Util Change" value="139.000000"/>
  <attribute name="Current Error" value="-224.000000" />
  <attribute name="Output H" value="8426320"/>
  <attribute name="Output I" value="1872"/>
  <attribute name="Output T" value="8"/>
  <attribute name= "Current Time Running" value="2596" />
  <attribute name="GC Util currently" value="139" />
  <attribute name="CPU Util currently" value="950102231097" />
<exclusive-end id="28" timestamp="2019-09-21T21:56:20.437" durationms="26.001" />

<exclusive-start id="29" timestamp="2019-09-21T21:56:20.490" intervalms="79.201">
  <response-info timems="0.060" idlems="0.060" threads="0" lastid="0000000000EB9A00" lastname="main" />
</exclusive-start>
<allocation-taxation id="30" taxation-threshold="2097152" timestamp="2019-09-21T21:56:20.491" intervalms="79.184" />
<cycle-start id="31" type="global mark phase" contextid="0" timestamp="2019-09-21T21:56:20.491" intervalms="2787.410" />
<gc-start id="32" type="global mark phase" contextid="31" timestamp="2019-09-21T21:56:20.491">
  <mem-info id="33" free="2097152" total="8388608" percent="25">
    <remembered-set count="3584" freebytes="320512" totalbytes="334848" percent="95" regionsoverflowed="0" regionsstable="0" regionsrebuilding="0"/>
  </mem-info>
</gc-start>
<gc-op id="34" type="mark increment" timems="0.670" contextid="31" timestamp="2019-09-21T21:56:20.492">
  <trace-info objectcount="118" scancount="0" scanbytes="0" />
</gc-op>
<gc-end id="35" type="global mark phase" contextid="31" durationms="0.893" usertimems="0.000" systemtimems="0.000" timestamp="2019-09-21T21:56:20.492" activeThreads="8">
  <mem-info id="36" free="2097152" total="8388608" percent="25">
    <remembered-set count="3584" freebytes="320512" totalbytes="334848" percent="95" regionsoverflowed="0" regionsstable="0" regionsrebuilding="0"/>
  </mem-info>
</gc-end>
<concurrent-start id="37" type="GMP work packet processing" contextid="31" timestamp="2019-09-21T21:56:20.492">
  <concurrent-mark-start scanTarget="18446744073709551615" />
</concurrent-start>
<exclusive-end id="38" timestamp="2019-09-21T21:56:20.492" durationms="1.526" />

<concurrent-end id="39" type="GMP work packet processing" contextid="31" timestamp="2019-09-21T21:56:20.496">
  <concurrent-mark-end bytesScanned="3336112" reasonForTermination="Completed all work in GC phase" />
</concurrent-end>

<exclusive-start id="40" timestamp="2019-09-21T21:56:20.526" intervalms="35.763">
  <response-info timems="0.118" idlems="0.118" threads="0" lastid="0000000000EB9A00" lastname="main" />
</exclusive-start>
<allocation-taxation id="41" taxation-threshold="2097152" timestamp="2019-09-21T21:56:20.526" intervalms="35.780" />
<cycle-start id="42" type="partial gc" contextid="0" timestamp="2019-09-21T21:56:20.526" intervalms="114.943" />
<gc-start id="43" type="partial gc" contextid="42" timestamp="2019-09-21T21:56:20.527">
  <mem-info id="44" free="0" total="8388608" percent="0">
    <mem type="eden" free="0" total="5242880" percent="0" />
    <remembered-set count="3584" freebytes="320512" totalbytes="334848" percent="95" regionsoverflowed="0" regionsstable="0" regionsrebuilding="0"/>
  </mem-info>
</gc-start>
<allocation-stats totalBytes="4181096" >
  <allocated-bytes non-tlh="94192" tlh="4086904" arrayletleaf="0"/>
  <largest-consumer threadName="main" threadId="0000000000EB9A00" bytes="2090704" />
</allocation-stats>
<gc-op id="45" type="mark" timems="8.972" contextid="42" timestamp="2019-09-21T21:56:20.536">
  <trace-info objectcount="117657" scancount="111322" scanbytes="4309796" />
  <cardclean-info objects="101" bytes="5920" />
  <remembered-set-cleared processed="294" cleared="294" durationms="0.054" />
  <references type="weak" candidates="1" cleared="0" enqueued="0" />
  <references type="phantom" candidates="2" cleared="0" enqueued="0" />
  <stringconstants candidates="3824" cleared="0"  />
  <warning details="Mark invoked due to insufficient free space for Copy-Forward" />
</gc-op>
<gc-op id="46" type="classunload" timems="0.001" contextid="42" timestamp="2019-09-21T21:56:20.536">
  <classunload-info classloadercandidates="6" classloadersunloaded="0" classesunloaded="0" anonymousclassesunloaded="0" quiescems="0.000" setupms="0.001" scanms="0.000" postms="0.000" />
</gc-op>
<gc-op id="47" type="sweep" timems="1.052" contextid="42" timestamp="2019-09-21T21:56:20.538" />
<gc-op id="48" type="compact" timems="23.206" contextid="42" timestamp="2019-09-21T21:56:20.561">
  <compact-info movecount="111037" movebytes="5038136" />
  <remembered-set-cleared processed="1191" cleared="1191" durationms="0.054" />
</gc-op>
<heap-resize id="49" type="expand" space="default" amount="5242880" count="1" timems="0.083" reason="satisfy allocation request" timestamp="2019-09-21T21:56:20.561" />
<gc-end id="50" type="partial gc" contextid="42" durationms="34.907" usertimems="60.000" systemtimems="0.000" timestamp="2019-09-21T21:56:20.562" activeThreads="8">
  <mem-info id="51" free="6291456" total="13631488" percent="46">
    <mem type="eden" free="978240" total="4194304" percent="23" />
    <remembered-set count="5632" freebytes="521600" totalbytes="544128" percent="95" regionsoverflowed="0" regionsstable="0" regionsrebuilding="0"/>
  </mem-info>
</gc-end>
<cycle-end id="52" type="partial gc" contextid="42" timestamp="2019-09-21T21:56:20.562" />
  <attribute name="elasticGC enabled" value="1" />
  <attribute name= "numThreadsSpecified" value="8" />
  <attribute name="heapSize specified" value="0" />
  <attribute name="Current GC Util" value="105" />
  <attribute name= "Current Time Running" value="2711" />
  <attribute name ="GC Interval" value="0" />
  <attribute name="Target GC Util Change" value ="40.000000" />
  <attribute name="Current GC Util Change" value="105.000000"/>
  <attribute name="Current Error" value="-247.000000" />
  <attribute name="Output H" value="8426312"/>
  <attribute name="Output I" value="1864"/>
  <attribute name="Output T" value="8"/>
  <attribute name= "Current Time Running" value="2711" />
  <attribute name="GC Util currently" value="105" />
  <attribute name="CPU Util currently" value="1770368499980" />
<exclusive-end id="53" timestamp="2019-09-21T21:56:20.562" durationms="35.846" />

<exclusive-start id="54" timestamp="2019-09-21T21:56:22.856" intervalms="2329.796">
  <response-info timems="0.063" idlems="0.063" threads="0" lastid="0000000001194E00" lastname="node-6" />
</exclusive-start>
<allocation-taxation id="55" taxation-threshold="3145728" timestamp="2019-09-21T21:56:22.856" intervalms="2329.759" />
<gc-start id="56" type="global mark phase" contextid="31" timestamp="2019-09-21T21:56:22.856">
  <mem-info id="57" free="3145728" total="13631488" percent="23">
    <remembered-set count="5504" freebytes="522112" totalbytes="544128" percent="95" regionsoverflowed="0" regionsstable="0" regionsrebuilding="0"/>
  </mem-info>
</gc-start>
<gc-op id="58" type="mark increment" timems="5.071" contextid="31" timestamp="2019-09-21T21:56:22.861">
  <trace-info objectcount="128944" scancount="122004" scanbytes="4884440" />
  <cardclean-info objects="346" bytes="13812" />
  <finalization candidates="13" enqueued="0" />
  <references type="soft" candidates="66" cleared="0" enqueued="0" dynamicThreshold="14" maxThreshold="32" />
  <references type="weak" candidates="145" cleared="2" enqueued="2" />
  <references type="phantom" candidates="59" cleared="2" enqueued="2" />
  <stringconstants candidates="3838" cleared="0"  />
</gc-op>
<gc-op id="59" type="classunload" timems="0.003" contextid="31" timestamp="2019-09-21T21:56:22.861">
  <classunload-info classloadercandidates="6" classloadersunloaded="0" classesunloaded="0" anonymousclassesunloaded="0" quiescems="0.000" setupms="0.002" scanms="0.000" postms="0.000" />
</gc-op>
<gc-end id="60" type="global mark phase" contextid="31" durationms="5.398" usertimems="8.000" systemtimems="0.000" timestamp="2019-09-21T21:56:22.862" activeThreads="8">
  <mem-info id="61" free="3145728" total="13631488" percent="23">
    <pending-finalizers system="0" default="0" reference="4" classloader="0" />
    <remembered-set count="5504" freebytes="522112" totalbytes="544128" percent="95" regionsoverflowed="0" regionsstable="0" regionsrebuilding="0"/>
  </mem-info>
</gc-end>
<cycle-end id="62" type="global mark phase" contextid="31" timestamp="2019-09-21T21:56:22.862" />
  <attribute name="elasticGC enabled" value="1" />
  <attribute name= "numThreadsSpecified" value="8" />
  <attribute name="heapSize specified" value="0" />
  <attribute name="Current GC Util" value="97" />
  <attribute name= "Current Time Running" value="5033" />
  <attribute name ="GC Interval" value="0" />
  <attribute name="Target GC Util Change" value ="40.000000" />
  <attribute name="Current GC Util Change" value="97.000000"/>
  <attribute name="Current Error" value="-320.000000" />
  <attribute name="Output H" value="13669144"/>
  <attribute name="Output I" value="1816"/>
  <attribute name="Output T" value="8"/>
  <attribute name= "Current Time Running" value="5033" />
  <attribute name="GC Util currently" value="97" />
  <attribute name="CPU Util currently" value="620935572837" />
<exclusive-end id="63" timestamp="2019-09-21T21:56:22.862" durationms="5.994" />

<exclusive-start id="64" timestamp="2019-09-21T21:56:25.648" intervalms="2791.884">
  <response-info timems="0.199" idlems="0.109" threads="1" lastid="00000000011DC500" lastname="node-2" />
</exclusive-start>
<allocation-taxation id="65" taxation-threshold="3145728" timestamp="2019-09-21T21:56:25.648" intervalms="2791.890" />
<cycle-start id="66" type="partial gc" contextid="0" timestamp="2019-09-21T21:56:25.648" intervalms="5121.627" />
<gc-start id="67" type="partial gc" contextid="66" timestamp="2019-09-21T21:56:25.648">
  <mem-info id="68" free="0" total="13631488" percent="0">
    <mem type="eden" free="0" total="6291456" percent="0" />
    <remembered-set count="5504" freebytes="522112" totalbytes="544128" percent="95" regionsoverflowed="0" regionsstable="0" regionsrebuilding="0"/>
  </mem-info>
</gc-start>
<allocation-stats totalBytes="6283752" >
  <allocated-bytes non-tlh="198768" tlh="6084984" arrayletleaf="0"/>
  <largest-consumer threadName="node-2" threadId="00000000011DC500" bytes="286720" />
</allocation-stats>
<gc-op id="69" type="sweep" timems="0.514" contextid="66" timestamp="2019-09-21T21:56:25.649" />
<gc-op id="70" type="mark" timems="3.963" contextid="66" timestamp="2019-09-21T21:56:25.653">
  <trace-info objectcount="50334" scancount="47057" scanbytes="2617160" />
  <cardclean-info objects="447" bytes="20052" />
  <remembered-set-cleared processed="2873" cleared="978" durationms="0.062" />
  <stringconstants candidates="3838" cleared="0"  />
  <warning details="Mark invoked due to insufficient free space for Copy-Forward" />
</gc-op>
<gc-op id="71" type="classunload" timems="0.001" contextid="66" timestamp="2019-09-21T21:56:25.654">
  <classunload-info classloadercandidates="6" classloadersunloaded="0" classesunloaded="0" anonymousclassesunloaded="0" quiescems="0.000" setupms="0.001" scanms="0.000" postms="0.000" />
</gc-op>
<gc-op id="72" type="sweep" timems="0.644" contextid="66" timestamp="2019-09-21T21:56:25.654" />
<gc-op id="73" type="compact" timems="9.084" contextid="66" timestamp="2019-09-21T21:56:25.664">
  <compact-info movecount="47190" movebytes="3069008" />
  <remembered-set-cleared processed="6309" cleared="2511" durationms="0.062" />
</gc-op>
<gc-end id="74" type="partial gc" contextid="66" durationms="16.025" usertimems="24.000" systemtimems="0.000" timestamp="2019-09-21T21:56:25.664" activeThreads="8">
  <mem-info id="75" free="5242880" total="13631488" percent="38">
    <mem type="eden" free="341248" total="1048576" percent="32" />
    <remembered-set count="6208" freebytes="519296" totalbytes="544128" percent="95" regionsoverflowed="0" regionsstable="0" regionsrebuilding="0"/>
  </mem-info>
</gc-end>
<cycle-end id="76" type="partial gc" contextid="66" timestamp="2019-09-21T21:56:25.664" />
  <attribute name="elasticGC enabled" value="1" />
  <attribute name= "numThreadsSpecified" value="8" />
  <attribute name="heapSize specified" value="0" />
  <attribute name="Current GC Util" value="40" />
  <attribute name= "Current Time Running" value="7828" />
  <attribute name ="GC Interval" value="0" />
  <attribute name="Target GC Util Change" value ="40.000000" />
  <attribute name="Current GC Util Change" value="40.000000"/>
  <attribute name="Current Error" value="-102.000000" />
  <attribute name="Output H" value="13669272"/>
  <attribute name="Output I" value="1944"/>
  <attribute name="Output T" value="8"/>
  <attribute name= "Current Time Running" value="7828" />
  <attribute name="GC Util currently" value="40" />
  <attribute name="CPU Util currently" value="2521797102447" />
<exclusive-end id="77" timestamp="2019-09-21T21:56:25.665" durationms="16.923" />

<exclusive-start id="78" timestamp="2019-09-21T21:56:27.346" intervalms="1698.010">
  <response-info timems="0.061" idlems="0.061" threads="0" lastid="00000000011D8900" lastname="node-4" />
</exclusive-start>
<allocation-taxation id="79" taxation-threshold="2097152" timestamp="2019-09-21T21:56:27.346" intervalms="1698.020" />
<cycle-start id="80" type="global mark phase" contextid="0" timestamp="2019-09-21T21:56:27.346" intervalms="6855.423" />
<gc-start id="81" type="global mark phase" contextid="80" timestamp="2019-09-21T21:56:27.346">
  <mem-info id="82" free="3145728" total="13631488" percent="23">
    <remembered-set count="5824" freebytes="520832" totalbytes="544128" percent="95" regionsoverflowed="0" regionsstable="0" regionsrebuilding="0"/>
  </mem-info>
</gc-start>
<gc-op id="83" type="mark increment" timems="0.651" contextid="80" timestamp="2019-09-21T21:56:27.347">
  <trace-info objectcount="398" scancount="0" scanbytes="0" />
</gc-op>
<gc-end id="84" type="global mark phase" contextid="80" durationms="0.769" usertimems="0.000" systemtimems="0.000" timestamp="2019-09-21T21:56:27.347" activeThreads="8">
  <mem-info id="85" free="3145728" total="13631488" percent="23">
    <remembered-set count="5824" freebytes="520832" totalbytes="544128" percent="95" regionsoverflowed="0" regionsstable="0" regionsrebuilding="0"/>
  </mem-info>
</gc-end>
<concurrent-start id="86" type="GMP work packet processing" contextid="80" timestamp="2019-09-21T21:56:27.347">
  <concurrent-mark-start scanTarget="18446744073709551615" />
</concurrent-start>
<exclusive-end id="87" timestamp="2019-09-21T21:56:27.347" durationms="1.263" />

<concurrent-end id="88" type="GMP work packet processing" contextid="80" timestamp="2019-09-21T21:56:27.353">
  <concurrent-mark-end bytesScanned="5324128" reasonForTermination="Completed all work in GC phase" />
</concurrent-end>

<exclusive-start id="89" timestamp="2019-09-21T21:56:28.854" intervalms="1508.404">
  <response-info timems="0.439" idlems="0.304" threads="1" lastid="00000000011DC500" lastname="node-2" />
</exclusive-start>
<allocation-taxation id="90" taxation-threshold="2097152" timestamp="2019-09-21T21:56:28.854" intervalms="1508.395" />
<cycle-start id="91" type="partial gc" contextid="0" timestamp="2019-09-21T21:56:28.854" intervalms="3206.406" />
<gc-start id="92" type="partial gc" contextid="91" timestamp="2019-09-21T21:56:28.855">
  <mem-info id="93" free="1048576" total="13631488" percent="7">
    <mem type="eden" free="0" total="4194304" percent="0" />
    <remembered-set count="5824" freebytes="520832" totalbytes="544128" percent="95" regionsoverflowed="0" regionsstable="0" regionsrebuilding="0"/>
  </mem-info>
</gc-start>
<allocation-stats totalBytes="4189216" >
  <allocated-bytes non-tlh="0" tlh="4189216" arrayletleaf="0"/>
  <largest-consumer threadName="node-4" threadId="00000000011D8900" bytes="147448" />
</allocation-stats>
<gc-op id="94" type="copy forward" timems="4.184" contextid="91" timestamp="2019-09-21T21:56:28.860">
  <memory-copied type="eden" objects="115" bytes="4464" bytesdiscarded="175584" />
  <memory-copied type="other" objects="11080" bytes="700232" bytesdiscarded="108560" />
  <memory-cardclean objects="1017" bytes="38808" />
  <regions eden="4" other="1" />
  <remembered-set-cleared processed="4340" cleared="786" durationms="0.096" />
  <stringconstants candidates="3838" cleared="0"  />
  <heap-resize type="expand" space="default" amount="2097152" count="2" timems="0.631" reason="continue current collection" />
</gc-op>
<gc-op id="95" type="classunload" timems="0.002" contextid="91" timestamp="2019-09-21T21:56:28.860">
  <classunload-info classloadercandidates="6" classloadersunloaded="0" classesunloaded="0" anonymousclassesunloaded="0" quiescems="0.000" setupms="0.001" scanms="0.000" postms="0.000" />
</gc-op>
<gc-op id="96" type="compact" timems="1.181" contextid="91" timestamp="2019-09-21T21:56:28.861">
  <compact-info movecount="0" movebytes="0" />
  <remembered-set-cleared processed="8776" cleared="786" durationms="0.096" />
</gc-op>
<heap-resize id="97" type="expand" space="default" amount="3145728" count="1" timems="0.066" reason="insufficient free space following gc" timestamp="2019-09-21T21:56:28.861" />
<gc-end id="98" type="partial gc" contextid="91" durationms="6.718" usertimems="8.000" systemtimems="4.000" timestamp="2019-09-21T21:56:28.861" activeThreads="8">
  <mem-info id="99" free="8388608" total="18874368" percent="44">
    <mem type="eden" free="1917104" total="2097152" percent="91" />
    <remembered-set count="5888" freebytes="729856" totalbytes="753408" percent="96" regionsoverflowed="0" regionsstable="0" regionsrebuilding="0"/>
  </mem-info>
</gc-end>
<cycle-end id="100" type="partial gc" contextid="91" timestamp="2019-09-21T21:56:28.862" />
  <attribute name="elasticGC enabled" value="1" />
  <attribute name= "numThreadsSpecified" value="8" />
  <attribute name="heapSize specified" value="0" />
  <attribute name="Current GC Util" value="146" />
  <attribute name= "Current Time Running" value="11033" />
  <attribute name ="GC Interval" value="0" />
  <attribute name="Target GC Util Change" value ="40.000000" />
  <attribute name="Current GC Util Change" value="146.000000"/>
  <attribute name="Current Error" value="-233.000000" />
  <attribute name="Output H" value="15766352"/>
  <attribute name="Output I" value="1872"/>
  <attribute name="Output T" value="8"/>
  <attribute name= "Current Time Running" value="11033" />
  <attribute name="GC Util currently" value="146" />
  <attribute name="CPU Util currently" value="541140510732" />
<exclusive-end id="101" timestamp="2019-09-21T21:56:28.862" durationms="7.551" />

<exclusive-start id="102" timestamp="2019-09-21T21:56:31.841" intervalms="2986.537">
  <response-info timems="0.045" idlems="0.045" threads="0" lastid="00000000011DC500" lastname="node-2" />
</exclusive-start>
<allocation-taxation id="103" taxation-threshold="4194304" timestamp="2019-09-21T21:56:31.841" intervalms="2986.539" />
<gc-start id="104" type="global mark phase" contextid="80" timestamp="2019-09-21T21:56:31.841">
  <mem-info id="105" free="4194304" total="18874368" percent="22">
    <remembered-set count="5280" freebytes="732288" totalbytes="753408" percent="97" regionsoverflowed="0" regionsstable="1" regionsrebuilding="0"/>
  </mem-info>
</gc-start>
<gc-op id="106" type="mark increment" timems="1.712" contextid="80" timestamp="2019-09-21T21:56:31.843">
  <trace-info objectcount="4097" scancount="4097" scanbytes="121496" />
  <cardclean-info objects="2158" bytes="95764" />
  <finalization candidates="13" enqueued="0" />
  <references type="soft" candidates="66" cleared="0" enqueued="0" dynamicThreshold="14" maxThreshold="32" />
  <references type="weak" candidates="143" cleared="0" enqueued="0" />
  <references type="phantom" candidates="57" cleared="0" enqueued="0" />
  <stringconstants candidates="3838" cleared="0"  />
</gc-op>
<gc-op id="107" type="classunload" timems="0.003" contextid="80" timestamp="2019-09-21T21:56:31.843">
  <classunload-info classloadercandidates="6" classloadersunloaded="0" classesunloaded="0" anonymousclassesunloaded="0" quiescems="0.000" setupms="0.002" scanms="0.000" postms="0.000" />
</gc-op>
<gc-end id="108" type="global mark phase" contextid="80" durationms="1.966" usertimems="0.000" systemtimems="4.000" timestamp="2019-09-21T21:56:31.843" activeThreads="8">
  <mem-info id="109" free="4194304" total="18874368" percent="22">
    <remembered-set count="5280" freebytes="732288" totalbytes="753408" percent="97" regionsoverflowed="0" regionsstable="1" regionsrebuilding="0"/>
  </mem-info>
</gc-end>
<cycle-end id="110" type="global mark phase" contextid="80" timestamp="2019-09-21T21:56:31.843" />
  <attribute name="elasticGC enabled" value="1" />
  <attribute name= "numThreadsSpecified" value="8" />
  <attribute name="heapSize specified" value="0" />
  <attribute name="Current GC Util" value="38" />
  <attribute name= "Current Time Running" value="14015" />
  <attribute name ="GC Interval" value="0" />
  <attribute name="Target GC Util Change" value ="40.000000" />
  <attribute name="Current GC Util Change" value="38.000000"/>
  <attribute name="Current Error" value="-51.000000" />
  <attribute name="Output H" value="18912184"/>
  <attribute name="Output I" value="1976"/>
  <attribute name="Output T" value="8"/>
  <attribute name= "Current Time Running" value="14015" />
  <attribute name="GC Util currently" value="38" />
  <attribute name="CPU Util currently" value="6241015430826" />
<exclusive-end id="111" timestamp="2019-09-21T21:56:31.843" durationms="2.466" />

<exclusive-start id="112" timestamp="2019-09-21T21:56:34.666" intervalms="2824.818">
  <response-info timems="0.511" idlems="0.511" threads="0" lastid="00000000011A0200" lastname="node-3" />
</exclusive-start>
<allocation-taxation id="113" taxation-threshold="4194304" timestamp="2019-09-21T21:56:34.666" intervalms="2824.884" />
<cycle-start id="114" type="partial gc" contextid="0" timestamp="2019-09-21T21:56:34.666" intervalms="5811.482" />
<gc-start id="115" type="partial gc" contextid="114" timestamp="2019-09-21T21:56:34.666">
  <mem-info id="116" free="0" total="18874368" percent="0">
    <mem type="eden" free="0" total="8388608" percent="0" />
    <remembered-set count="5280" freebytes="732288" totalbytes="753408" percent="97" regionsoverflowed="0" regionsstable="1" regionsrebuilding="0"/>
  </mem-info>
</gc-start>
<allocation-stats totalBytes="8377808" >
  <allocated-bytes non-tlh="0" tlh="8377808" arrayletleaf="0"/>
  <largest-consumer threadName="node-9" threadId="00000000011C9900" bytes="221168" />
</allocation-stats>
<gc-op id="117" type="sweep" timems="0.457" contextid="114" timestamp="2019-09-21T21:56:34.667" />
<gc-op id="118" type="copy forward" timems="2.599" contextid="114" timestamp="2019-09-21T21:56:34.670">
  <memory-copied type="eden" objects="2876" bytes="68144" bytesdiscarded="7958" />
  <memory-copied type="other" objects="3995" bytes="95872" bytesdiscarded="978" />
  <memory-cardclean objects="1710" bytes="57048" />
  <regions eden="4" other="4" />
  <remembered-set-cleared processed="3915" cleared="355" durationms="0.093" />
  <stringconstants candidates="3838" cleared="0"  />
</gc-op>
<gc-op id="119" type="classunload" timems="0.002" contextid="114" timestamp="2019-09-21T21:56:34.671">
  <classunload-info classloadercandidates="6" classloadersunloaded="0" classesunloaded="0" anonymousclassesunloaded="0" quiescems="0.000" setupms="0.002" scanms="0.000" postms="0.000" />
</gc-op>
<gc-op id="120" type="compact" timems="1.125" contextid="114" timestamp="2019-09-21T21:56:34.672">
  <compact-info movecount="0" movebytes="0" />
  <remembered-set-cleared processed="7978" cleared="355" durationms="0.093" />
</gc-op>
<gc-end id="121" type="partial gc" contextid="114" durationms="5.910" usertimems="0.000" systemtimems="8.000" timestamp="2019-09-21T21:56:34.672" activeThreads="8">
  <mem-info id="122" free="9437184" total="18874368" percent="50">
    <mem type="eden" free="875624" total="1048576" percent="83" />
    <remembered-set count="5184" freebytes="732672" totalbytes="753408" percent="97" regionsoverflowed="0" regionsstable="1" regionsrebuilding="0"/>
  </mem-info>
</gc-end>
<cycle-end id="123" type="partial gc" contextid="114" timestamp="2019-09-21T21:56:34.673" />
  <attribute name="elasticGC enabled" value="1" />
  <attribute name= "numThreadsSpecified" value="8" />
  <attribute name="heapSize specified" value="0" />
  <attribute name="Current GC Util" value="101" />
  <attribute name= "Current Time Running" value="16844" />
  <attribute name ="GC Interval" value="0" />
  <attribute name="Target GC Util Change" value ="40.000000" />
  <attribute name="Current GC Util Change" value="101.000000"/>
  <attribute name="Current Error" value="-65.000000" />
  <attribute name="Output H" value="18912176"/>
  <attribute name="Output I" value="1968"/>
  <attribute name="Output T" value="8"/>
  <attribute name= "Current Time Running" value="16844" />
  <attribute name="GC Util currently" value="101" />
  <attribute name="CPU Util currently" value="766846753930" />
<exclusive-end id="124" timestamp="2019-09-21T21:56:34.673" durationms="7.205" />

<exclusive-start id="125" timestamp="2019-09-21T21:56:37.554" intervalms="2888.056">
  <response-info timems="0.086" idlems="0.086" threads="0" lastid="0000000001194E00" lastname="node-6" />
</exclusive-start>
<allocation-taxation id="126" taxation-threshold="4194304" timestamp="2019-09-21T21:56:37.554" intervalms="2887.972" />
<cycle-start id="127" type="global mark phase" contextid="0" timestamp="2019-09-21T21:56:37.554" intervalms="10208.134" />
<gc-start id="128" type="global mark phase" contextid="127" timestamp="2019-09-21T21:56:37.554">
  <mem-info id="129" free="5242880" total="18874368" percent="27">
    <remembered-set count="5184" freebytes="732672" totalbytes="753408" percent="97" regionsoverflowed="0" regionsstable="1" regionsrebuilding="0"/>
  </mem-info>
</gc-start>
<gc-op id="130" type="mark increment" timems="0.612" contextid="127" timestamp="2019-09-21T21:56:37.555">
  <trace-info objectcount="335" scancount="0" scanbytes="0" />
</gc-op>
<gc-end id="131" type="global mark phase" contextid="127" durationms="0.936" usertimems="0.000" systemtimems="0.000" timestamp="2019-09-21T21:56:37.555" activeThreads="1">
  <mem-info id="132" free="5242880" total="18874368" percent="27">
    <remembered-set count="5184" freebytes="732672" totalbytes="753408" percent="97" regionsoverflowed="0" regionsstable="0" regionsrebuilding="1"/>
  </mem-info>
</gc-end>
<concurrent-start id="133" type="GMP work packet processing" contextid="127" timestamp="2019-09-21T21:56:37.555">
  <concurrent-mark-start scanTarget="18446744073709551615" />
</concurrent-start>
<exclusive-end id="134" timestamp="2019-09-21T21:56:37.562" durationms="8.065" />

<concurrent-end id="135" type="GMP work packet processing" contextid="127" timestamp="2019-09-21T21:56:37.562">
  <concurrent-mark-end bytesScanned="5319592" reasonForTermination="Completed all work in GC phase" />
</concurrent-end>

<exclusive-start id="136" timestamp="2019-09-21T21:56:40.497" intervalms="2943.773">
  <response-info timems="0.049" idlems="0.049" threads="0" lastid="0000000001198A00" lastname="node-0" />
</exclusive-start>
<allocation-taxation id="137" taxation-threshold="4194304" timestamp="2019-09-21T21:56:40.498" intervalms="2943.783" />
<cycle-start id="138" type="partial gc" contextid="0" timestamp="2019-09-21T21:56:40.498" intervalms="5831.704" />
<gc-start id="139" type="partial gc" contextid="138" timestamp="2019-09-21T21:56:40.498">
  <mem-info id="140" free="1048576" total="18874368" percent="5">
    <mem type="eden" free="0" total="8388608" percent="0" />
    <remembered-set count="7008" freebytes="725376" totalbytes="753408" percent="96" regionsoverflowed="0" regionsstable="0" regionsrebuilding="1"/>
  </mem-info>
</gc-start>
<allocation-stats totalBytes="8378256" >
  <allocated-bytes non-tlh="0" tlh="8378256" arrayletleaf="0"/>
  <largest-consumer threadName="node-8" threadId="000000000118D700" bytes="204792" />
</allocation-stats>
<gc-op id="141" type="copy forward" timems="3.002" contextid="138" timestamp="2019-09-21T21:56:40.501">
  <memory-copied type="eden" objects="4956" bytes="121808" bytesdiscarded="14328" />
  <memory-copied type="other" objects="6761" bytes="162256" bytesdiscarded="3552" />
  <memory-cardclean objects="1849" bytes="103720" />
  <regions eden="8" other="1" />
  <remembered-set-cleared processed="4896" cleared="508" durationms="0.077" />
  <stringconstants candidates="3838" cleared="0"  />
  <heap-resize type="expand" space="default" amount="1048576" count="1" timems="0.061" reason="continue current collection" />
</gc-op>
<gc-op id="142" type="classunload" timems="0.001" contextid="138" timestamp="2019-09-21T21:56:40.502">
  <classunload-info classloadercandidates="6" classloadersunloaded="0" classesunloaded="0" anonymousclassesunloaded="0" quiescems="0.000" setupms="0.001" scanms="0.000" postms="0.000" />
</gc-op>
<gc-op id="143" type="compact" timems="1.273" contextid="138" timestamp="2019-09-21T21:56:40.503">
  <compact-info movecount="0" movebytes="0" />
  <remembered-set-cleared processed="9967" cleared="508" durationms="0.123" />
</gc-op>
<gc-end id="144" type="partial gc" contextid="138" durationms="5.368" usertimems="8.000" systemtimems="0.000" timestamp="2019-09-21T21:56:40.503" activeThreads="8">
  <mem-info id="145" free="9437184" total="19922944" percent="47">
    <mem type="eden" free="912440" total="1048576" percent="87" />
    <remembered-set count="6848" freebytes="767872" totalbytes="795264" percent="96" regionsoverflowed="0" regionsstable="0" regionsrebuilding="1"/>
  </mem-info>
</gc-end>
<cycle-end id="146" type="partial gc" contextid="138" timestamp="2019-09-21T21:56:40.503" />
  <attribute name="elasticGC enabled" value="1" />
  <attribute name= "numThreadsSpecified" value="8" />
  <attribute name="heapSize specified" value="0" />
  <attribute name="Current GC Util" value="126" />
  <attribute name= "Current Time Running" value="22675" />
  <attribute name ="GC Interval" value="0" />
  <attribute name="Target GC Util Change" value ="40.000000" />
  <attribute name="Current GC Util Change" value="126.000000"/>
  <attribute name="Current Error" value="-147.000000" />
  <attribute name="Output H" value="19960704"/>
  <attribute name="Output I" value="1920"/>
  <attribute name="Output T" value="8"/>
  <attribute name= "Current Time Running" value="22675" />
  <attribute name="GC Util currently" value="126" />
  <attribute name="CPU Util currently" value="696135282510" />
<exclusive-end id="147" timestamp="2019-09-21T21:56:40.504" durationms="6.137" />

<exclusive-start id="148" timestamp="2019-09-21T21:56:44.042" intervalms="3544.950">
  <response-info timems="0.039" idlems="0.039" threads="0" lastid="00000000011BE600" lastname="node-25" />
</exclusive-start>
<allocation-taxation id="149" taxation-threshold="4194304" timestamp="2019-09-21T21:56:44.042" intervalms="3544.934" />
<gc-start id="150" type="global mark phase" contextid="127" timestamp="2019-09-21T21:56:44.043">
  <mem-info id="151" free="5242880" total="19922944" percent="26">
    <remembered-set count="6848" freebytes="767872" totalbytes="795264" percent="96" regionsoverflowed="0" regionsstable="0" regionsrebuilding="1"/>
  </mem-info>
</gc-start>
<gc-op id="152" type="mark increment" timems="1.655" contextid="127" timestamp="2019-09-21T21:56:44.044">
  <trace-info objectcount="5898" scancount="5872" scanbytes="164048" />
  <cardclean-info objects="1835" bytes="77116" />
  <finalization candidates="13" enqueued="0" />
  <references type="soft" candidates="66" cleared="0" enqueued="0" dynamicThreshold="15" maxThreshold="32" />
  <references type="weak" candidates="143" cleared="0" enqueued="0" />
  <references type="phantom" candidates="57" cleared="0" enqueued="0" />
  <stringconstants candidates="3838" cleared="0"  />
</gc-op>
<gc-op id="153" type="classunload" timems="0.002" contextid="127" timestamp="2019-09-21T21:56:44.044">
  <classunload-info classloadercandidates="6" classloadersunloaded="0" classesunloaded="0" anonymousclassesunloaded="0" quiescems="0.000" setupms="0.002" scanms="0.000" postms="0.000" />
</gc-op>
<gc-end id="154" type="global mark phase" contextid="127" durationms="1.903" usertimems="4.000" systemtimems="0.000" timestamp="2019-09-21T21:56:44.044" activeThreads="8">
  <mem-info id="155" free="5242880" total="19922944" percent="26">
    <remembered-set count="6848" freebytes="767872" totalbytes="795264" percent="96" regionsoverflowed="0" regionsstable="0" regionsrebuilding="0"/>
  </mem-info>
</gc-end>
<cycle-end id="156" type="global mark phase" contextid="127" timestamp="2019-09-21T21:56:44.045" />
  <attribute name="elasticGC enabled" value="1" />
  <attribute name= "numThreadsSpecified" value="8" />
  <attribute name="heapSize specified" value="0" />
  <attribute name="Current GC Util" value="29" />
  <attribute name= "Current Time Running" value="26216" />
  <attribute name ="GC Interval" value="0" />
  <attribute name="Target GC Util Change" value ="40.000000" />
  <attribute name="Current GC Util Change" value="29.000000"/>
  <attribute name="Current Error" value="-60.000000" />
  <attribute name="Output H" value="19960752"/>
  <attribute name="Output I" value="1968"/>
  <attribute name="Output T" value="8"/>
  <attribute name= "Current Time Running" value="26216" />
  <attribute name="GC Util currently" value="29" />
  <attribute name="CPU Util currently" value="5276552768729" />
<exclusive-end id="157" timestamp="2019-09-21T21:56:44.045" durationms="2.386" />

<exclusive-start id="158" timestamp="2019-09-21T21:56:47.073" intervalms="3031.018">
  <response-info timems="0.068" idlems="0.068" threads="0" lastid="00000000011C2200" lastname="node-20" />
</exclusive-start>
<allocation-taxation id="159" taxation-threshold="4194304" timestamp="2019-09-21T21:56:47.074" intervalms="3031.104" />
<cycle-start id="160" type="partial gc" contextid="0" timestamp="2019-09-21T21:56:47.074" intervalms="6576.110" />
<gc-start id="161" type="partial gc" contextid="160" timestamp="2019-09-21T21:56:47.074">
  <mem-info id="162" free="1048576" total="19922944" percent="5">
    <mem type="eden" free="0" total="8388608" percent="0" />
    <remembered-set count="5856" freebytes="771840" totalbytes="795264" percent="97" regionsoverflowed="0" regionsstable="1" regionsrebuilding="0"/>
  </mem-info>
</gc-start>
<allocation-stats totalBytes="8380824" >
  <allocated-bytes non-tlh="0" tlh="8380824" arrayletleaf="0"/>
  <largest-consumer threadName="node-11" threadId="00000000011A7A00" bytes="204776" />
</allocation-stats>
<gc-op id="163" type="sweep" timems="0.760" contextid="160" timestamp="2019-09-21T21:56:47.075" />
<gc-op id="164" type="copy forward" timems="2.704" contextid="160" timestamp="2019-09-21T21:56:47.079">
  <memory-copied type="eden" objects="3125" bytes="76712" bytesdiscarded="12253" />
  <memory-copied type="other" objects="5736" bytes="137664" bytesdiscarded="3435" />
  <memory-cardclean objects="1581" bytes="96632" />
  <regions eden="4" other="5" />
  <remembered-set-cleared processed="4036" cleared="461" durationms="0.080" />
  <stringconstants candidates="3838" cleared="0"  />
</gc-op>
<gc-op id="165" type="classunload" timems="0.002" contextid="160" timestamp="2019-09-21T21:56:47.079">
  <classunload-info classloadercandidates="6" classloadersunloaded="0" classesunloaded="0" anonymousclassesunloaded="0" quiescems="0.000" setupms="0.002" scanms="0.000" postms="0.000" />
</gc-op>
<gc-op id="166" type="compact" timems="1.467" contextid="160" timestamp="2019-09-21T21:56:47.080">
  <compact-info movecount="0" movebytes="0" />
  <remembered-set-cleared processed="8176" cleared="461" durationms="0.081" />
</gc-op>
<gc-end id="167" type="partial gc" contextid="160" durationms="6.707" usertimems="8.000" systemtimems="0.000" timestamp="2019-09-21T21:56:47.081" activeThreads="8">
  <mem-info id="168" free="9437184" total="19922944" percent="47">
    <mem type="eden" free="878680" total="1048576" percent="83" />
    <remembered-set count="5280" freebytes="774144" totalbytes="795264" percent="97" regionsoverflowed="0" regionsstable="1" regionsrebuilding="0"/>
  </mem-info>
</gc-end>
<cycle-end id="169" type="partial gc" contextid="160" timestamp="2019-09-21T21:56:47.081" />
  <attribute name="elasticGC enabled" value="1" />
  <attribute name= "numThreadsSpecified" value="8" />
  <attribute name="heapSize specified" value="0" />
  <attribute name="Current GC Util" value="113" />
  <attribute name= "Current Time Running" value="29252" />
  <attribute name ="GC Interval" value="0" />
  <attribute name="Target GC Util Change" value ="40.000000" />
  <attribute name="Current GC Util Change" value="113.000000"/>
  <attribute name="Current Error" value="-73.000000" />
  <attribute name="Output H" value="19960744"/>
  <attribute name="Output I" value="1960"/>
  <attribute name="Output T" value="8"/>
  <attribute name= "Current Time Running" value="29252" />
  <attribute name="GC Util currently" value="113" />
  <attribute name="CPU Util currently" value="742486961920" />
<exclusive-end id="170" timestamp="2019-09-21T21:56:47.081" durationms="7.794" />

<exclusive-start id="171" timestamp="2019-09-21T21:56:50.714" intervalms="3640.712">
  <response-info timems="0.049" idlems="0.049" threads="0" lastid="00000000011DC500" lastname="node-2" />
</exclusive-start>
<allocation-taxation id="172" taxation-threshold="4194304" timestamp="2019-09-21T21:56:50.714" intervalms="3640.666" />
<cycle-start id="173" type="global mark phase" contextid="0" timestamp="2019-09-21T21:56:50.714" intervalms="13160.145" />
<gc-start id="174" type="global mark phase" contextid="173" timestamp="2019-09-21T21:56:50.714">
  <mem-info id="175" free="5242880" total="19922944" percent="26">
    <remembered-set count="5280" freebytes="774144" totalbytes="795264" percent="97" regionsoverflowed="0" regionsstable="1" regionsrebuilding="0"/>
  </mem-info>
</gc-start>
<gc-op id="176" type="mark increment" timems="0.598" contextid="173" timestamp="2019-09-21T21:56:50.715">
  <trace-info objectcount="334" scancount="0" scanbytes="0" />
</gc-op>
<gc-end id="177" type="global mark phase" contextid="173" durationms="0.712" usertimems="4.000" systemtimems="0.000" timestamp="2019-09-21T21:56:50.715" activeThreads="8">
  <mem-info id="178" free="5242880" total="19922944" percent="26">
    <remembered-set count="5280" freebytes="774144" totalbytes="795264" percent="97" regionsoverflowed="0" regionsstable="0" regionsrebuilding="1"/>
  </mem-info>
</gc-end>
<concurrent-start id="179" type="GMP work packet processing" contextid="173" timestamp="2019-09-21T21:56:50.715">
  <concurrent-mark-start scanTarget="18446744073709551615" />
</concurrent-start>
<exclusive-end id="180" timestamp="2019-09-21T21:56:50.715" durationms="1.183" />

<concurrent-end id="181" type="GMP work packet processing" contextid="173" timestamp="2019-09-21T21:56:50.718">
  <concurrent-mark-end bytesScanned="5315312" reasonForTermination="Completed all work in GC phase" />
</concurrent-end>

<exclusive-start id="182" timestamp="2019-09-21T21:56:54.274" intervalms="3559.876">
  <response-info timems="0.083" idlems="0.043" threads="1" lastid="0000000001191300" lastname="node-15" />
</exclusive-start>
<allocation-taxation id="183" taxation-threshold="4194304" timestamp="2019-09-21T21:56:54.274" intervalms="3559.838" />
<cycle-start id="184" type="partial gc" contextid="0" timestamp="2019-09-21T21:56:54.274" intervalms="7200.437" />
<gc-start id="185" type="partial gc" contextid="184" timestamp="2019-09-21T21:56:54.274">
  <mem-info id="186" free="1048576" total="19922944" percent="5">
    <mem type="eden" free="0" total="8388608" percent="0" />
    <remembered-set count="6944" freebytes="767488" totalbytes="795264" percent="96" regionsoverflowed="0" regionsstable="0" regionsrebuilding="1"/>
  </mem-info>
</gc-start>
<allocation-stats totalBytes="8377928" >
  <allocated-bytes non-tlh="0" tlh="8377928" arrayletleaf="0"/>
  <largest-consumer threadName="node-7" threadId="00000000011C5D00" bytes="220384" />
</allocation-stats>
<gc-op id="187" type="copy forward" timems="2.977" contextid="184" timestamp="2019-09-21T21:56:54.278">
  <memory-copied type="eden" objects="6583" bytes="160856" bytesdiscarded="18408" />
  <memory-copied type="other" objects="6213" bytes="149112" bytesdiscarded="2216" />
  <memory-cardclean objects="1628" bytes="97520" />
  <regions eden="8" other="1" />
  <remembered-set-cleared processed="4956" cleared="487" durationms="0.073" />
  <stringconstants candidates="3838" cleared="0"  />
  <heap-resize type="expand" space="default" amount="1048576" count="1" timems="0.085" reason="continue current collection" />
</gc-op>
<gc-op id="188" type="classunload" timems="0.002" contextid="184" timestamp="2019-09-21T21:56:54.278">
  <classunload-info classloadercandidates="6" classloadersunloaded="0" classesunloaded="0" anonymousclassesunloaded="0" quiescems="0.000" setupms="0.002" scanms="0.000" postms="0.000" />
</gc-op>
<gc-op id="189" type="compact" timems="1.443" contextid="184" timestamp="2019-09-21T21:56:54.280">
  <compact-info movecount="0" movebytes="0" />
  <remembered-set-cleared processed="10062" cleared="487" durationms="0.073" />
</gc-op>
<gc-end id="190" type="partial gc" contextid="184" durationms="5.598" usertimems="0.000" systemtimems="8.000" timestamp="2019-09-21T21:56:54.280" activeThreads="8">
  <mem-info id="191" free="9437184" total="20971520" percent="45">
    <mem type="eden" free="869312" total="1048576" percent="82" />
    <remembered-set count="7456" freebytes="807296" totalbytes="837120" percent="96" regionsoverflowed="0" regionsstable="0" regionsrebuilding="1"/>
  </mem-info>
</gc-end>
<cycle-end id="192" type="partial gc" contextid="184" timestamp="2019-09-21T21:56:54.280" />
  <attribute name="elasticGC enabled" value="1" />
  <attribute name= "numThreadsSpecified" value="8" />
  <attribute name="heapSize specified" value="0" />
  <attribute name="Current GC Util" value="125" />
  <attribute name= "Current Time Running" value="36451" />
  <attribute name ="GC Interval" value="0" />
  <attribute name="Target GC Util Change" value ="40.000000" />
  <attribute name="Current GC Util Change" value="125.000000"/>
  <attribute name="Current Error" value="-85.000000" />
  <attribute name="Output H" value="21009312"/>
  <attribute name="Output I" value="1952"/>
  <attribute name="Output T" value="8"/>
  <attribute name= "Current Time Running" value="36451" />
  <attribute name="GC Util currently" value="125" />
  <attribute name="CPU Util currently" value="701548412013" />
<exclusive-end id="193" timestamp="2019-09-21T21:56:54.280" durationms="6.371" />

<exclusive-start id="194" timestamp="2019-09-21T21:56:57.864" intervalms="3590.091">
  <response-info timems="0.387" idlems="0.201" threads="1" lastid="00000000011B2E00" lastname="node-12" />
</exclusive-start>
<allocation-taxation id="195" taxation-threshold="4194304" timestamp="2019-09-21T21:56:57.864" intervalms="3590.117" />
<gc-start id="196" type="global mark phase" contextid="173" timestamp="2019-09-21T21:56:57.864">
  <mem-info id="197" free="5242880" total="20971520" percent="25">
    <remembered-set count="7456" freebytes="807296" totalbytes="837120" percent="96" regionsoverflowed="0" regionsstable="0" regionsrebuilding="1"/>
  </mem-info>
</gc-start>
<gc-op id="198" type="mark increment" timems="2.408" contextid="173" timestamp="2019-09-21T21:56:57.867">
  <trace-info objectcount="7123" scancount="7086" scanbytes="193240" />
  <cardclean-info objects="1586" bytes="72056" />
  <finalization candidates="13" enqueued="0" />
  <references type="soft" candidates="66" cleared="0" enqueued="0" dynamicThreshold="14" maxThreshold="32" />
  <references type="weak" candidates="143" cleared="0" enqueued="0" />
  <references type="phantom" candidates="57" cleared="0" enqueued="0" />
  <stringconstants candidates="3838" cleared="0"  />
</gc-op>
<gc-op id="199" type="classunload" timems="0.003" contextid="173" timestamp="2019-09-21T21:56:57.867">
  <classunload-info classloadercandidates="6" classloadersunloaded="0" classesunloaded="0" anonymousclassesunloaded="0" quiescems="0.000" setupms="0.003" scanms="0.000" postms="0.000" />
</gc-op>
<gc-end id="200" type="global mark phase" contextid="173" durationms="2.774" usertimems="0.000" systemtimems="4.000" timestamp="2019-09-21T21:56:57.867" activeThreads="8">
  <mem-info id="201" free="5242880" total="20971520" percent="25">
    <remembered-set count="7456" freebytes="807296" totalbytes="837120" percent="96" regionsoverflowed="0" regionsstable="0" regionsrebuilding="0"/>
  </mem-info>
</gc-end>
<cycle-end id="202" type="global mark phase" contextid="173" timestamp="2019-09-21T21:56:57.867" />
  <attribute name="elasticGC enabled" value="1" />
  <attribute name= "numThreadsSpecified" value="8" />
  <attribute name="heapSize specified" value="0" />
  <attribute name="Current GC Util" value="35" />
  <attribute name= "Current Time Running" value="40038" />
  <attribute name ="GC Interval" value="0" />
  <attribute name="Target GC Util Change" value ="40.000000" />
  <attribute name="Current GC Util Change" value="35.000000"/>
  <attribute name="Current Error" value="-165.000000" />
  <attribute name="Output H" value="21009272"/>
  <attribute name="Output I" value="1912"/>
  <attribute name="Output T" value="8"/>
  <attribute name= "Current Time Running" value="40038" />
  <attribute name="GC Util currently" value="35" />
  <attribute name="CPU Util currently" value="3711433323192" />
<exclusive-end id="203" timestamp="2019-09-21T21:56:57.867" durationms="3.322" />

<exclusive-start id="204" timestamp="2019-09-21T21:57:00.346" intervalms="2481.427">
  <response-info timems="0.070" idlems="0.070" threads="0" lastid="00000000011D8900" lastname="node-4" />
</exclusive-start>
<allocation-taxation id="205" taxation-threshold="4194304" timestamp="2019-09-21T21:57:00.346" intervalms="2481.401" />
<cycle-start id="206" type="partial gc" contextid="0" timestamp="2019-09-21T21:57:00.346" intervalms="6071.508" />
<gc-start id="207" type="partial gc" contextid="206" timestamp="2019-09-21T21:57:00.346">
  <mem-info id="208" free="1048576" total="20971520" percent="5">
    <mem type="eden" free="0" total="8388608" percent="0" />
    <remembered-set count="6432" freebytes="811392" totalbytes="837120" percent="96" regionsoverflowed="0" regionsstable="1" regionsrebuilding="0"/>
  </mem-info>
</gc-start>
<allocation-stats totalBytes="8377104" >
  <allocated-bytes non-tlh="0" tlh="8377104" arrayletleaf="0"/>
  <largest-consumer threadName="node-15" threadId="0000000001191300" bytes="204800" />
</allocation-stats>
<gc-op id="209" type="sweep" timems="0.552" contextid="206" timestamp="2019-09-21T21:57:00.347" />
<gc-op id="210" type="copy forward" timems="2.087" contextid="206" timestamp="2019-09-21T21:57:00.349">
  <memory-copied type="eden" objects="2636" bytes="77496" bytesdiscarded="7772" />
  <memory-copied type="other" objects="6872" bytes="164928" bytesdiscarded="7220" />
  <memory-cardclean objects="1570" bytes="97272" />
  <regions eden="4" other="5" />
  <remembered-set-cleared processed="4106" cleared="504" durationms="0.073" />
  <stringconstants candidates="3838" cleared="0"  />
</gc-op>
<gc-op id="211" type="classunload" timems="0.001" contextid="206" timestamp="2019-09-21T21:57:00.349">
  <classunload-info classloadercandidates="6" classloadersunloaded="0" classesunloaded="0" anonymousclassesunloaded="0" quiescems="0.000" setupms="0.001" scanms="0.000" postms="0.000" />
</gc-op>
<gc-end id="212" type="partial gc" contextid="206" durationms="3.640" usertimems="0.000" systemtimems="8.000" timestamp="2019-09-21T21:57:00.350" activeThreads="8">
  <mem-info id="213" free="10485760" total="20971520" percent="50">
    <mem type="eden" free="876328" total="1048576" percent="83" />
    <remembered-set count="8352" freebytes="803712" totalbytes="837120" percent="96" regionsoverflowed="0" regionsstable="1" regionsrebuilding="0"/>
  </mem-info>
</gc-end>
<cycle-end id="214" type="partial gc" contextid="206" timestamp="2019-09-21T21:57:00.350" />
  <attribute name="elasticGC enabled" value="1" />
  <attribute name= "numThreadsSpecified" value="8" />
  <attribute name="heapSize specified" value="0" />
  <attribute name="Current GC Util" value="98" />
  <attribute name= "Current Time Running" value="42520" />
  <attribute name ="GC Interval" value="0" />
  <attribute name="Target GC Util Change" value ="40.000000" />
  <attribute name="Current GC Util Change" value="98.000000"/>
  <attribute name="Current Error" value="-58.000000" />
  <attribute name="Output H" value="21009328"/>
  <attribute name="Output I" value="1968"/>
  <attribute name="Output T" value="8"/>
  <attribute name= "Current Time Running" value="42520" />
  <attribute name="GC Util currently" value="98" />
  <attribute name="CPU Util currently" value="10382751600365" />
<exclusive-end id="215" timestamp="2019-09-21T21:57:00.350" durationms="4.336" />

<exclusive-start id="216" timestamp="2019-09-21T21:57:04.217" intervalms="3871.452">
  <response-info timems="0.063" idlems="0.033" threads="1" lastid="00000000011D8900" lastname="node-4" />
</exclusive-start>
<allocation-taxation id="217" taxation-threshold="5242880" timestamp="2019-09-21T21:57:04.217" intervalms="3871.451" />
<cycle-start id="218" type="global mark phase" contextid="0" timestamp="2019-09-21T21:57:04.217" intervalms="13502.789" />
<gc-start id="219" type="global mark phase" contextid="218" timestamp="2019-09-21T21:57:04.217">
  <mem-info id="220" free="5242880" total="20971520" percent="25">
    <remembered-set count="7904" freebytes="805504" totalbytes="837120" percent="96" regionsoverflowed="0" regionsstable="1" regionsrebuilding="0"/>
  </mem-info>
</gc-start>
<gc-op id="221" type="mark increment" timems="0.547" contextid="218" timestamp="2019-09-21T21:57:04.218">
  <trace-info objectcount="469" scancount="0" scanbytes="0" />
</gc-op>
<gc-end id="222" type="global mark phase" contextid="218" durationms="0.666" usertimems="0.000" systemtimems="4.000" timestamp="2019-09-21T21:57:04.218" activeThreads="8">
  <mem-info id="223" free="5242880" total="20971520" percent="25">
    <remembered-set count="7904" freebytes="805504" totalbytes="837120" percent="96" regionsoverflowed="0" regionsstable="0" regionsrebuilding="1"/>
  </mem-info>
</gc-end>
<concurrent-start id="224" type="GMP work packet processing" contextid="218" timestamp="2019-09-21T21:57:04.218">
  <concurrent-mark-start scanTarget="18446744073709551615" />
</concurrent-start>
<exclusive-end id="225" timestamp="2019-09-21T21:57:04.218" durationms="1.092" />

<concurrent-end id="226" type="GMP work packet processing" contextid="218" timestamp="2019-09-21T21:57:04.220">
  <concurrent-mark-end bytesScanned="5311976" reasonForTermination="Completed all work in GC phase" />
</concurrent-end>

<exclusive-start id="227" timestamp="2019-09-21T21:57:07.887" intervalms="3669.893">
  <response-info timems="0.053" idlems="0.053" threads="0" lastid="0000000001191300" lastname="node-15" />
</exclusive-start>
<allocation-taxation id="228" taxation-threshold="5242880" timestamp="2019-09-21T21:57:07.887" intervalms="3669.908" />
<cycle-start id="229" type="partial gc" contextid="0" timestamp="2019-09-21T21:57:07.887" intervalms="7541.367" />
<gc-start id="230" type="partial gc" contextid="229" timestamp="2019-09-21T21:57:07.887">
  <mem-info id="231" free="0" total="20971520" percent="0">
    <mem type="eden" free="0" total="10485760" percent="0" />
    <remembered-set count="7968" freebytes="805248" totalbytes="837120" percent="96" regionsoverflowed="0" regionsstable="0" regionsrebuilding="1"/>
  </mem-info>
</gc-start>
<allocation-stats totalBytes="10474032" >
  <allocated-bytes non-tlh="0" tlh="10474032" arrayletleaf="0"/>
  <largest-consumer threadName="node-8" threadId="000000000118D700" bytes="253472" />
</allocation-stats>
<gc-op id="232" type="mark" timems="1.786" contextid="229" timestamp="2019-09-21T21:57:07.889">
  <trace-info objectcount="11856" scancount="11833" scanbytes="307120" />
  <cardclean-info objects="1618" bytes="72692" />
  <remembered-set-cleared processed="4966" cleared="488" durationms="0.077" />
  <stringconstants candidates="3838" cleared="0"  />
  <warning details="Mark invoked due to insufficient free space for Copy-Forward" />
</gc-op>
<gc-op id="233" type="classunload" timems="0.001" contextid="229" timestamp="2019-09-21T21:57:07.890">
  <classunload-info classloadercandidates="6" classloadersunloaded="0" classesunloaded="0" anonymousclassesunloaded="0" quiescems="0.000" setupms="0.001" scanms="0.000" postms="0.000" />
</gc-op>
<gc-op id="234" type="sweep" timems="0.402" contextid="229" timestamp="2019-09-21T21:57:07.890" />
<gc-op id="235" type="compact" timems="1.424" contextid="229" timestamp="2019-09-21T21:57:07.892">
  <compact-info movecount="11856" movebytes="286256" />
  <remembered-set-cleared processed="10063" cleared="1054" durationms="0.077" />
</gc-op>
<gc-end id="236" type="partial gc" contextid="229" durationms="4.620" usertimems="8.000" systemtimems="0.000" timestamp="2019-09-21T21:57:07.892" activeThreads="8">
  <mem-info id="237" free="9437184" total="20971520" percent="45">
    <mem type="eden" free="901376" total="1048576" percent="85" />
    <remembered-set count="8320" freebytes="803840" totalbytes="837120" percent="96" regionsoverflowed="0" regionsstable="0" regionsrebuilding="1"/>
  </mem-info>
</gc-end>
<cycle-end id="238" type="partial gc" contextid="229" timestamp="2019-09-21T21:57:07.892" />
  <attribute name="elasticGC enabled" value="1" />
  <attribute name= "numThreadsSpecified" value="8" />
  <attribute name="heapSize specified" value="0" />
  <attribute name="Current GC Util" value="88" />
  <attribute name= "Current Time Running" value="50063" />
  <attribute name ="GC Interval" value="0" />
  <attribute name="Target GC Util Change" value ="40.000000" />
  <attribute name="Current GC Util Change" value="88.000000"/>
  <attribute name="Current Error" value="-182.000000" />
  <attribute name="Output H" value="21009256"/>
  <attribute name="Output I" value="1896"/>
  <attribute name="Output T" value="8"/>
  <attribute name= "Current Time Running" value="50063" />
  <attribute name="GC Util currently" value="88" />
  <attribute name="CPU Util currently" value="3951392517577" />
<exclusive-end id="239" timestamp="2019-09-21T21:57:07.892" durationms="5.320" />

<exclusive-start id="240" timestamp="2019-09-21T21:57:10.612" intervalms="2725.148">
  <response-info timems="0.045" idlems="0.045" threads="0" lastid="00000000011AF200" lastname="node-21" />
</exclusive-start>
<allocation-taxation id="241" taxation-threshold="4194304" timestamp="2019-09-21T21:57:10.612" intervalms="2725.148" />
<gc-start id="242" type="global mark phase" contextid="218" timestamp="2019-09-21T21:57:10.612">
  <mem-info id="243" free="5242880" total="20971520" percent="25">
    <remembered-set count="8320" freebytes="803840" totalbytes="837120" percent="96" regionsoverflowed="0" regionsstable="0" regionsrebuilding="1"/>
  </mem-info>
</gc-start>
<gc-op id="244" type="mark increment" timems="1.598" contextid="218" timestamp="2019-09-21T21:57:10.614">
  <trace-info objectcount="6374" scancount="6358" scanbytes="175712" />
  <cardclean-info objects="1562" bytes="71604" />
  <finalization candidates="13" enqueued="0" />
  <references type="soft" candidates="66" cleared="0" enqueued="0" dynamicThreshold="14" maxThreshold="32" />
  <references type="weak" candidates="143" cleared="0" enqueued="0" />
  <references type="phantom" candidates="57" cleared="0" enqueued="0" />
  <stringconstants candidates="3838" cleared="0"  />
</gc-op>
<gc-op id="245" type="classunload" timems="0.002" contextid="218" timestamp="2019-09-21T21:57:10.614">
  <classunload-info classloadercandidates="6" classloadersunloaded="0" classesunloaded="0" anonymousclassesunloaded="0" quiescems="0.000" setupms="0.002" scanms="0.000" postms="0.000" />
</gc-op>
<gc-end id="246" type="global mark phase" contextid="218" durationms="1.875" usertimems="4.000" systemtimems="0.000" timestamp="2019-09-21T21:57:10.614" activeThreads="8">
  <mem-info id="247" free="5242880" total="20971520" percent="25">
    <remembered-set count="8320" freebytes="803840" totalbytes="837120" percent="96" regionsoverflowed="0" regionsstable="0" regionsrebuilding="0"/>
  </mem-info>
</gc-end>
<cycle-end id="248" type="global mark phase" contextid="218" timestamp="2019-09-21T21:57:10.614" />
  <attribute name="elasticGC enabled" value="1" />
  <attribute name= "numThreadsSpecified" value="8" />
  <attribute name="heapSize specified" value="0" />
  <attribute name="Current GC Util" value="45" />
  <attribute name= "Current Time Running" value="52786" />
  <attribute name ="GC Interval" value="0" />
  <attribute name="Target GC Util Change" value ="40.000000" />
  <attribute name="Current GC Util Change" value="45.000000"/>
  <attribute name="Current Error" value="-369.000000" />
  <attribute name="Output H" value="21009152"/>
  <attribute name="Output I" value="1792"/>
  <attribute name="Output T" value="8"/>
  <attribute name= "Current Time Running" value="52786" />
  <attribute name="GC Util currently" value="45" />
  <attribute name="CPU Util currently" value="5116216595497" />
<exclusive-end id="249" timestamp="2019-09-21T21:57:10.614" durationms="2.347" />

<exclusive-start id="250" timestamp="2019-09-21T21:57:13.889" intervalms="3277.256">
  <response-info timems="0.044" idlems="0.033" threads="1" lastid="0000000001185F00" lastname="node-10" />
</exclusive-start>
<allocation-taxation id="251" taxation-threshold="4194304" timestamp="2019-09-21T21:57:13.889" intervalms="3277.258" />
<cycle-start id="252" type="partial gc" contextid="0" timestamp="2019-09-21T21:57:13.889" intervalms="6002.404" />
<gc-start id="253" type="partial gc" contextid="252" timestamp="2019-09-21T21:57:13.890">
  <mem-info id="254" free="1048576" total="20971520" percent="5">
    <mem type="eden" free="0" total="8388608" percent="0" />
    <remembered-set count="7328" freebytes="807808" totalbytes="837120" percent="96" regionsoverflowed="0" regionsstable="1" regionsrebuilding="0"/>
  </mem-info>
</gc-start>
<allocation-stats totalBytes="8383592" >
  <allocated-bytes non-tlh="0" tlh="8383592" arrayletleaf="0"/>
  <largest-consumer threadName="node-25" threadId="00000000011BE600" bytes="237496" />
</allocation-stats>
<gc-op id="255" type="sweep" timems="0.593" contextid="252" timestamp="2019-09-21T21:57:13.890" />
<gc-op id="256" type="copy forward" timems="1.975" contextid="252" timestamp="2019-09-21T21:57:13.893">
  <memory-copied type="eden" objects="2384" bytes="66200" bytesdiscarded="12274" />
  <memory-copied type="other" objects="6233" bytes="149592" bytesdiscarded="2590" />
  <memory-cardclean objects="1565" bytes="97344" />
  <regions eden="4" other="5" />
  <remembered-set-cleared processed="4149" cleared="540" durationms="0.076" />
  <stringconstants candidates="3838" cleared="0"  />
</gc-op>
<gc-op id="257" type="classunload" timems="0.001" contextid="252" timestamp="2019-09-21T21:57:13.893">
  <classunload-info classloadercandidates="6" classloadersunloaded="0" classesunloaded="0" anonymousclassesunloaded="0" quiescems="0.000" setupms="0.001" scanms="0.000" postms="0.000" />
</gc-op>
<gc-end id="258" type="partial gc" contextid="252" durationms="3.536" usertimems="0.000" systemtimems="8.000" timestamp="2019-09-21T21:57:13.893" activeThreads="8">
  <mem-info id="259" free="10485760" total="20971520" percent="50">
    <mem type="eden" free="889512" total="1048576" percent="84" />
    <remembered-set count="7840" freebytes="805760" totalbytes="837120" percent="96" regionsoverflowed="0" regionsstable="1" regionsrebuilding="0"/>
  </mem-info>
</gc-end>
<cycle-end id="260" type="partial gc" contextid="252" timestamp="2019-09-21T21:57:13.893" />
  <attribute name="elasticGC enabled" value="1" />
  <attribute name= "numThreadsSpecified" value="8" />
  <attribute name="heapSize specified" value="0" />
  <attribute name="Current GC Util" value="109" />
  <attribute name= "Current Time Running" value="56064" />
  <attribute name ="GC Interval" value="0" />
  <attribute name="Target GC Util Change" value ="40.000000" />
  <attribute name="Current GC Util Change" value="109.000000"/>
  <attribute name="Current Error" value="-115.000000" />
  <attribute name="Output H" value="21009296"/>
  <attribute name="Output I" value="1936"/>
  <attribute name="Output T" value="8"/>
  <attribute name= "Current Time Running" value="56064" />
  <attribute name="GC Util currently" value="109" />
  <attribute name="CPU Util currently" value="12438265677154" />
<exclusive-end id="261" timestamp="2019-09-21T21:57:13.894" durationms="4.309" />

<exclusive-start id="262" timestamp="2019-09-21T21:57:17.486" intervalms="3596.911">
  <response-info timems="0.042" idlems="0.042" threads="0" lastid="0000000001194E00" lastname="node-6" />
</exclusive-start>
<allocation-taxation id="263" taxation-threshold="5242880" timestamp="2019-09-21T21:57:17.487" intervalms="3597.375" />
<cycle-start id="264" type="global mark phase" contextid="0" timestamp="2019-09-21T21:57:17.487" intervalms="13269.727" />
<gc-start id="265" type="global mark phase" contextid="264" timestamp="2019-09-21T21:57:17.487">
  <mem-info id="266" free="5242880" total="20971520" percent="25">
    <remembered-set count="7456" freebytes="807296" totalbytes="837120" percent="96" regionsoverflowed="0" regionsstable="1" regionsrebuilding="0"/>
  </mem-info>
</gc-start>
<gc-op id="267" type="mark increment" timems="0.637" contextid="264" timestamp="2019-09-21T21:57:17.488">
  <trace-info objectcount="349" scancount="0" scanbytes="0" />
</gc-op>
<gc-end id="268" type="global mark phase" contextid="264" durationms="0.840" usertimems="4.000" systemtimems="0.000" timestamp="2019-09-21T21:57:17.488" activeThreads="8">
  <mem-info id="269" free="5242880" total="20971520" percent="25">
    <remembered-set count="7456" freebytes="807296" totalbytes="837120" percent="96" regionsoverflowed="0" regionsstable="0" regionsrebuilding="1"/>
  </mem-info>
</gc-end>
<concurrent-start id="270" type="GMP work packet processing" contextid="264" timestamp="2019-09-21T21:57:17.488">
  <concurrent-mark-start scanTarget="18446744073709551615" />
</concurrent-start>
<exclusive-end id="271" timestamp="2019-09-21T21:57:17.488" durationms="1.946" />

<concurrent-end id="272" type="GMP work packet processing" contextid="264" timestamp="2019-09-21T21:57:17.491">
  <concurrent-mark-end bytesScanned="5306712" reasonForTermination="Completed all work in GC phase" />
</concurrent-end>

<exclusive-start id="273" timestamp="2019-09-21T21:57:21.104" intervalms="3618.253">
  <response-info timems="0.039" idlems="0.039" threads="0" lastid="00000000011B2E00" lastname="node-12" />
</exclusive-start>
<allocation-taxation id="274" taxation-threshold="5242880" timestamp="2019-09-21T21:57:21.105" intervalms="3617.783" />
<cycle-start id="275" type="partial gc" contextid="0" timestamp="2019-09-21T21:57:21.105" intervalms="7215.158" />
<gc-start id="276" type="partial gc" contextid="275" timestamp="2019-09-21T21:57:21.105">
  <mem-info id="277" free="0" total="20971520" percent="0">
    <mem type="eden" free="0" total="10485760" percent="0" />
    <remembered-set count="8352" freebytes="803712" totalbytes="837120" percent="96" regionsoverflowed="0" regionsstable="0" regionsrebuilding="1"/>
  </mem-info>
</gc-start>
<allocation-stats totalBytes="10481088" >
  <allocated-bytes non-tlh="0" tlh="10481088" arrayletleaf="0"/>
  <largest-consumer threadName="node-15" threadId="0000000001191300" bytes="253952" />
</allocation-stats>
<gc-op id="278" type="mark" timems="2.247" contextid="275" timestamp="2019-09-21T21:57:21.108">
  <trace-info objectcount="12547" scancount="12546" scanbytes="324232" />
  <cardclean-info objects="1595" bytes="71496" />
  <remembered-set-cleared processed="4949" cleared="467" durationms="0.079" />
  <stringconstants candidates="3838" cleared="0"  />
  <warning details="Mark invoked due to insufficient free space for Copy-Forward" />
</gc-op>
<gc-op id="279" type="classunload" timems="0.002" contextid="275" timestamp="2019-09-21T21:57:21.108">
  <classunload-info classloadercandidates="6" classloadersunloaded="0" classesunloaded="0" anonymousclassesunloaded="0" quiescems="0.000" setupms="0.001" scanms="0.000" postms="0.000" />
</gc-op>
<gc-op id="280" type="sweep" timems="0.593" contextid="275" timestamp="2019-09-21T21:57:21.108" />
<gc-op id="281" type="compact" timems="1.732" contextid="275" timestamp="2019-09-21T21:57:21.110">
  <compact-info movecount="12547" movebytes="300376" />
  <remembered-set-cleared processed="10028" cleared="969" durationms="0.079" />
</gc-op>
<gc-end id="282" type="partial gc" contextid="275" durationms="5.748" usertimems="8.000" systemtimems="4.000" timestamp="2019-09-21T21:57:21.111" activeThreads="8">
  <mem-info id="283" free="9437184" total="20971520" percent="45">
    <mem type="eden" free="881064" total="1048576" percent="84" />
    <remembered-set count="8416" freebytes="803456" totalbytes="837120" percent="95" regionsoverflowed="0" regionsstable="0" regionsrebuilding="1"/>
  </mem-info>
</gc-end>
<cycle-end id="284" type="partial gc" contextid="275" timestamp="2019-09-21T21:57:21.111" />
  <attribute name="elasticGC enabled" value="1" />
  <attribute name= "numThreadsSpecified" value="8" />
  <attribute name="heapSize specified" value="0" />
  <attribute name="Current GC Util" value="78" />
  <attribute name= "Current Time Running" value="63281" />
  <attribute name ="GC Interval" value="0" />
  <attribute name="Target GC Util Change" value ="40.000000" />
  <attribute name="Current GC Util Change" value="78.000000"/>
  <attribute name="Current Error" value="-245.000000" />
  <attribute name="Output H" value="21009224"/>
  <attribute name="Output I" value="1864"/>
  <attribute name="Output T" value="8"/>
  <attribute name= "Current Time Running" value="63281" />
  <attribute name="GC Util currently" value="78" />
  <attribute name="CPU Util currently" value="2823946894618" />
<exclusive-end id="285" timestamp="2019-09-21T21:57:21.111" durationms="6.440" />

<exclusive-start id="286" timestamp="2019-09-21T21:57:24.441" intervalms="3336.197">
  <response-info timems="0.045" idlems="0.045" threads="0" lastid="00000000011C2200" lastname="node-20" />
</exclusive-start>
<allocation-taxation id="287" taxation-threshold="4194304" timestamp="2019-09-21T21:57:24.441" intervalms="3336.204" />
<gc-start id="288" type="global mark phase" contextid="264" timestamp="2019-09-21T21:57:24.441">
  <mem-info id="289" free="5242880" total="20971520" percent="25">
    <remembered-set count="8032" freebytes="804992" totalbytes="837120" percent="96" regionsoverflowed="0" regionsstable="0" regionsrebuilding="1"/>
  </mem-info>
</gc-start>
<gc-op id="290" type="mark increment" timems="1.524" contextid="264" timestamp="2019-09-21T21:57:24.442">
  <trace-info objectcount="5732" scancount="5702" scanbytes="160048" />
  <cardclean-info objects="1526" bytes="71196" />
  <finalization candidates="13" enqueued="0" />
  <references type="soft" candidates="66" cleared="0" enqueued="0" dynamicThreshold="14" maxThreshold="32" />
  <references type="weak" candidates="143" cleared="0" enqueued="0" />
  <references type="phantom" candidates="57" cleared="0" enqueued="0" />
  <stringconstants candidates="3838" cleared="0"  />
</gc-op>
<gc-op id="291" type="classunload" timems="0.002" contextid="264" timestamp="2019-09-21T21:57:24.442">
  <classunload-info classloadercandidates="6" classloadersunloaded="0" classesunloaded="0" anonymousclassesunloaded="0" quiescems="0.000" setupms="0.002" scanms="0.000" postms="0.000" />
</gc-op>
<gc-end id="292" type="global mark phase" contextid="264" durationms="1.741" usertimems="0.000" systemtimems="4.000" timestamp="2019-09-21T21:57:24.443" activeThreads="8">
  <mem-info id="293" free="5242880" total="20971520" percent="25">
    <remembered-set count="8544" freebytes="802944" totalbytes="837120" percent="95" regionsoverflowed="0" regionsstable="0" regionsrebuilding="0"/>
  </mem-info>
</gc-end>
<cycle-end id="294" type="global mark phase" contextid="264" timestamp="2019-09-21T21:57:24.443" />
  <attribute name="elasticGC enabled" value="1" />
  <attribute name= "numThreadsSpecified" value="8" />
  <attribute name="heapSize specified" value="0" />
  <attribute name="Current GC Util" value="105" />
  <attribute name= "Current Time Running" value="66615" />
  <attribute name ="GC Interval" value="0" />
  <attribute name="Target GC Util Change" value ="40.000000" />
  <attribute name="Current GC Util Change" value="105.000000"/>
  <attribute name="Current Error" value="-493.000000" />
  <attribute name="Output H" value="21009080"/>
  <attribute name="Output I" value="1720"/>
  <attribute name="Output T" value="8"/>
  <attribute name= "Current Time Running" value="66615" />
  <attribute name="GC Util currently" value="105" />
  <attribute name="CPU Util currently" value="5216225705686" />
<exclusive-end id="295" timestamp="2019-09-21T21:57:24.443" durationms="2.208" />

<exclusive-start id="296" timestamp="2019-09-21T21:57:27.873" intervalms="3432.156">
  <response-info timems="0.035" idlems="0.035" threads="0" lastid="00000000011B2E00" lastname="node-12" />
</exclusive-start>
<allocation-taxation id="297" taxation-threshold="4194304" timestamp="2019-09-21T21:57:27.873" intervalms="3432.150" />
<cycle-start id="298" type="partial gc" contextid="0" timestamp="2019-09-21T21:57:27.873" intervalms="6768.360" />
<gc-start id="299" type="partial gc" contextid="298" timestamp="2019-09-21T21:57:27.873">
  <mem-info id="300" free="1048576" total="20971520" percent="5">
    <mem type="eden" free="881064" total="9437184" percent="9" />
    <remembered-set count="7488" freebytes="807168" totalbytes="837120" percent="96" regionsoverflowed="0" regionsstable="1" regionsrebuilding="0"/>
  </mem-info>
</gc-start>
<allocation-stats totalBytes="8383920" >
  <allocated-bytes non-tlh="0" tlh="8383920" arrayletleaf="0"/>
  <largest-consumer threadName="node-10" threadId="0000000001185F00" bytes="237248" />
</allocation-stats>
<gc-op id="301" type="sweep" timems="0.515" contextid="298" timestamp="2019-09-21T21:57:27.874" />
<gc-op id="302" type="copy forward" timems="1.743" contextid="298" timestamp="2019-09-21T21:57:27.876">
  <memory-copied type="eden" objects="3167" bytes="75088" bytesdiscarded="16317" />
  <memory-copied type="other" objects="5550" bytes="133200" bytesdiscarded="2723" />
  <memory-cardclean objects="1567" bytes="97392" />
  <regions eden="4" other="5" />
  <remembered-set-cleared processed="4126" cleared="513" durationms="0.074" />
  <stringconstants candidates="3838" cleared="0"  />
</gc-op>
<gc-op id="303" type="classunload" timems="0.002" contextid="298" timestamp="2019-09-21T21:57:27.876">
  <classunload-info classloadercandidates="6" classloadersunloaded="0" classesunloaded="0" anonymousclassesunloaded="0" quiescems="0.000" setupms="0.002" scanms="0.000" postms="0.000" />
</gc-op>
<gc-end id="304" type="partial gc" contextid="298" durationms="3.297" usertimems="0.000" systemtimems="8.000" timestamp="2019-09-21T21:57:27.876" activeThreads="8">
  <mem-info id="305" free="10485760" total="20971520" percent="50">
    <mem type="eden" free="1869824" total="2097152" percent="89" />
    <remembered-set count="8352" freebytes="803712" totalbytes="837120" percent="96" regionsoverflowed="0" regionsstable="1" regionsrebuilding="0"/>
  </mem-info>
</gc-end>
<cycle-end id="306" type="partial gc" contextid="298" timestamp="2019-09-21T21:57:27.877" />
  <attribute name="elasticGC enabled" value="1" />
  <attribute name= "numThreadsSpecified" value="8" />
  <attribute name="heapSize specified" value="0" />
  <attribute name="Current GC Util" value="94" />
  <attribute name= "Current Time Running" value="70047" />
  <attribute name ="GC Interval" value="0" />
  <attribute name="Target GC Util Change" value ="40.000000" />
  <attribute name="Current GC Util Change" value="94.000000"/>
  <attribute name="Current Error" value="-57.000000" />
  <attribute name="Output H" value="21009328"/>
  <attribute name="Output I" value="1968"/>
  <attribute name="Output T" value="8"/>
  <attribute name= "Current Time Running" value="70047" />
  <attribute name="GC Util currently" value="94" />
  <attribute name="CPU Util currently" value="10961987010200" />
<exclusive-end id="307" timestamp="2019-09-21T21:57:27.877" durationms="3.983" />

<exclusive-start id="308" timestamp="2019-09-21T21:57:31.612" intervalms="3738.905">
  <response-info timems="0.064" idlems="0.064" threads="0" lastid="00000000011D4D00" lastname="node-16" />
</exclusive-start>
<allocation-taxation id="309" taxation-threshold="5242880" timestamp="2019-09-21T21:57:31.612" intervalms="3738.904" />
<cycle-start id="310" type="global mark phase" contextid="0" timestamp="2019-09-21T21:57:31.612" intervalms="14125.003" />
<gc-start id="311" type="global mark phase" contextid="310" timestamp="2019-09-21T21:57:31.612">
  <mem-info id="312" free="5242880" total="20971520" percent="25">
    <remembered-set count="7936" freebytes="805376" totalbytes="837120" percent="96" regionsoverflowed="0" regionsstable="1" regionsrebuilding="0"/>
  </mem-info>
</gc-start>
<gc-op id="313" type="mark increment" timems="0.550" contextid="310" timestamp="2019-09-21T21:57:31.613">
  <trace-info objectcount="475" scancount="0" scanbytes="0" />
</gc-op>
<gc-end id="314" type="global mark phase" contextid="310" durationms="0.654" usertimems="0.000" systemtimems="0.000" timestamp="2019-09-21T21:57:31.613" activeThreads="8">
  <mem-info id="315" free="5242880" total="20971520" percent="25">
    <remembered-set count="7936" freebytes="805376" totalbytes="837120" percent="96" regionsoverflowed="0" regionsstable="0" regionsrebuilding="1"/>
  </mem-info>
</gc-end>
<concurrent-start id="316" type="GMP work packet processing" contextid="310" timestamp="2019-09-21T21:57:31.613">
  <concurrent-mark-start scanTarget="18446744073709551615" />
</concurrent-start>
<exclusive-end id="317" timestamp="2019-09-21T21:57:31.613" durationms="1.057" />

<concurrent-end id="318" type="GMP work packet processing" contextid="310" timestamp="2019-09-21T21:57:31.617">
  <concurrent-mark-end bytesScanned="5304544" reasonForTermination="Completed all work in GC phase" />
</concurrent-end>

<exclusive-start id="319" timestamp="2019-09-21T21:57:34.792" intervalms="3179.817">
  <response-info timems="0.065" idlems="0.065" threads="0" lastid="00000000011A0200" lastname="node-3" />
</exclusive-start>
<allocation-taxation id="320" taxation-threshold="5242880" timestamp="2019-09-21T21:57:34.792" intervalms="3179.827" />
<cycle-start id="321" type="partial gc" contextid="0" timestamp="2019-09-21T21:57:34.792" intervalms="6918.765" />
<gc-start id="322" type="partial gc" contextid="321" timestamp="2019-09-21T21:57:34.792">
  <mem-info id="323" free="0" total="20971520" percent="0">
    <mem type="eden" free="0" total="10485760" percent="0" />
    <remembered-set count="8544" freebytes="802944" totalbytes="837120" percent="95" regionsoverflowed="0" regionsstable="0" regionsrebuilding="1"/>
  </mem-info>
</gc-start>
<allocation-stats totalBytes="10481216" >
  <allocated-bytes non-tlh="0" tlh="10481216" arrayletleaf="0"/>
  <largest-consumer threadName="node-7" threadId="00000000011C5D00" bytes="253944" />
</allocation-stats>
<gc-op id="324" type="mark" timems="2.254" contextid="321" timestamp="2019-09-21T21:57:34.795">
  <trace-info objectcount="12722" scancount="12696" scanbytes="327824" />
  <cardclean-info objects="1595" bytes="72308" />
  <remembered-set-cleared processed="4982" cleared="485" durationms="0.075" />
  <stringconstants candidates="3838" cleared="0"  />
  <warning details="Mark invoked due to insufficient free space for Copy-Forward" />
</gc-op>
<gc-op id="325" type="classunload" timems="0.001" contextid="321" timestamp="2019-09-21T21:57:34.795">
  <classunload-info classloadercandidates="6" classloadersunloaded="0" classesunloaded="0" anonymousclassesunloaded="0" quiescems="0.000" setupms="0.001" scanms="0.000" postms="0.000" />
</gc-op>
<gc-op id="326" type="sweep" timems="0.413" contextid="321" timestamp="2019-09-21T21:57:34.795" />
<gc-op id="327" type="compact" timems="1.926" contextid="321" timestamp="2019-09-21T21:57:34.797">
  <compact-info movecount="12722" movebytes="309336" />
  <remembered-set-cleared processed="10090" cleared="980" durationms="0.095" />
</gc-op>
<gc-end id="328" type="partial gc" contextid="321" durationms="5.700" usertimems="8.000" systemtimems="4.000" timestamp="2019-09-21T21:57:34.798" activeThreads="8">
  <mem-info id="329" free="9437184" total="20971520" percent="45">
    <mem type="eden" free="872272" total="1048576" percent="83" />
    <remembered-set count="8480" freebytes="803200" totalbytes="837120" percent="95" regionsoverflowed="0" regionsstable="0" regionsrebuilding="1"/>
  </mem-info>
</gc-end>
<cycle-end id="330" type="partial gc" contextid="321" timestamp="2019-09-21T21:57:34.798" />
  <attribute name="elasticGC enabled" value="1" />
  <attribute name= "numThreadsSpecified" value="8" />
  <attribute name="heapSize specified" value="0" />
  <attribute name="Current GC Util" value="80" />
  <attribute name= "Current Time Running" value="76968" />
  <attribute name ="GC Interval" value="0" />
  <attribute name="Target GC Util Change" value ="40.000000" />
  <attribute name="Current GC Util Change" value="80.000000"/>
  <attribute name="Current Error" value="-154.000000" />
  <attribute name="Output H" value="21009272"/>
  <attribute name="Output I" value="1912"/>
  <attribute name="Output T" value="8"/>
  <attribute name= "Current Time Running" value="76968" />
  <attribute name="GC Util currently" value="80" />
  <attribute name="CPU Util currently" value="3961228520361" />
<exclusive-end id="331" timestamp="2019-09-21T21:57:34.798" durationms="6.503" />

<exclusive-start id="332" timestamp="2019-09-21T21:57:38.165" intervalms="3373.307">
  <response-info timems="0.041" idlems="0.041" threads="0" lastid="00000000011C5D00" lastname="node-7" />
</exclusive-start>
<allocation-taxation id="333" taxation-threshold="4194304" timestamp="2019-09-21T21:57:38.165" intervalms="3373.289" />
<gc-start id="334" type="global mark phase" contextid="310" timestamp="2019-09-21T21:57:38.165">
  <mem-info id="335" free="5242880" total="20971520" percent="25">
    <remembered-set count="8256" freebytes="804096" totalbytes="837120" percent="96" regionsoverflowed="0" regionsstable="0" regionsrebuilding="1"/>
  </mem-info>
</gc-start>
<gc-op id="336" type="mark increment" timems="1.499" contextid="310" timestamp="2019-09-21T21:57:38.167">
  <trace-info objectcount="6396" scancount="6394" scanbytes="176600" />
  <cardclean-info objects="1581" bytes="73240" />
  <finalization candidates="13" enqueued="0" />
  <references type="soft" candidates="66" cleared="0" enqueued="0" dynamicThreshold="14" maxThreshold="32" />
  <references type="weak" candidates="143" cleared="0" enqueued="0" />
  <references type="phantom" candidates="57" cleared="0" enqueued="0" />
  <stringconstants candidates="3838" cleared="0"  />
</gc-op>
<gc-op id="337" type="classunload" timems="0.003" contextid="310" timestamp="2019-09-21T21:57:38.167">
  <classunload-info classloadercandidates="6" classloadersunloaded="0" classesunloaded="0" anonymousclassesunloaded="0" quiescems="0.000" setupms="0.002" scanms="0.000" postms="0.000" />
</gc-op>
<gc-end id="338" type="global mark phase" contextid="310" durationms="1.715" usertimems="0.000" systemtimems="4.000" timestamp="2019-09-21T21:57:38.167" activeThreads="8">
  <mem-info id="339" free="5242880" total="20971520" percent="25">
    <remembered-set count="8256" freebytes="804096" totalbytes="837120" percent="96" regionsoverflowed="0" regionsstable="0" regionsrebuilding="0"/>
  </mem-info>
</gc-end>
<cycle-end id="340" type="global mark phase" contextid="310" timestamp="2019-09-21T21:57:38.167" />
  <attribute name="elasticGC enabled" value="1" />
  <attribute name= "numThreadsSpecified" value="8" />
  <attribute name="heapSize specified" value="0" />
  <attribute name="Current GC Util" value="101" />
  <attribute name= "Current Time Running" value="80339" />
  <attribute name ="GC Interval" value="0" />
  <attribute name="Target GC Util Change" value ="40.000000" />
  <attribute name="Current GC Util Change" value="101.000000"/>
  <attribute name="Current Error" value="-61.000000" />
  <attribute name="Output H" value="21009328"/>
  <attribute name="Output I" value="1968"/>
  <attribute name="Output T" value="8"/>
  <attribute name= "Current Time Running" value="80339" />
  <attribute name="GC Util currently" value="101" />
  <attribute name="CPU Util currently" value="5047618537956" />
<exclusive-end id="341" timestamp="2019-09-21T21:57:38.167" durationms="2.212" />

<exclusive-start id="342" timestamp="2019-09-21T21:57:40.843" intervalms="2677.995">
  <response-info timems="0.045" idlems="0.045" threads="0" lastid="00000000011A7A00" lastname="node-11" />
</exclusive-start>
<allocation-taxation id="343" taxation-threshold="4194304" timestamp="2019-09-21T21:57:40.843" intervalms="2678.021" />
<cycle-start id="344" type="partial gc" contextid="0" timestamp="2019-09-21T21:57:40.843" intervalms="6051.503" />
<gc-start id="345" type="partial gc" contextid="344" timestamp="2019-09-21T21:57:40.843">
  <mem-info id="346" free="1048576" total="20971520" percent="5">
    <mem type="eden" free="0" total="8388608" percent="0" />
    <remembered-set count="7232" freebytes="808192" totalbytes="837120" percent="96" regionsoverflowed="0" regionsstable="1" regionsrebuilding="0"/>
  </mem-info>
</gc-start>
<allocation-stats totalBytes="8381368" >
  <allocated-bytes non-tlh="0" tlh="8381368" arrayletleaf="0"/>
  <largest-consumer threadName="node-7" threadId="00000000011C5D00" bytes="237552" />
</allocation-stats>
<gc-op id="347" type="sweep" timems="0.480" contextid="344" timestamp="2019-09-21T21:57:40.844" />
<gc-op id="348" type="copy forward" timems="2.642" contextid="344" timestamp="2019-09-21T21:57:40.847">
  <memory-copied type="eden" objects="3365" bytes="79840" bytesdiscarded="24486" />
  <memory-copied type="other" objects="6268" bytes="150432" bytesdiscarded="1482" />
  <memory-cardclean objects="1585" bytes="97000" />
  <regions eden="4" other="5" />
  <remembered-set-cleared processed="4139" cleared="517" durationms="0.072" />
  <stringconstants candidates="3838" cleared="0"  />
</gc-op>
<gc-op id="349" type="classunload" timems="0.001" contextid="344" timestamp="2019-09-21T21:57:40.847">
  <classunload-info classloadercandidates="6" classloadersunloaded="0" classesunloaded="0" anonymousclassesunloaded="0" quiescems="0.000" setupms="0.001" scanms="0.000" postms="0.000" />
</gc-op>
<gc-end id="350" type="partial gc" contextid="344" durationms="4.041" usertimems="8.000" systemtimems="0.000" timestamp="2019-09-21T21:57:40.847" activeThreads="8">
  <mem-info id="351" free="9437184" total="20971520" percent="45">
    <mem type="eden" free="1926280" total="2097152" percent="91" />
    <remembered-set count="7840" freebytes="805760" totalbytes="837120" percent="96" regionsoverflowed="0" regionsstable="1" regionsrebuilding="0"/>
  </mem-info>
</gc-end>
<cycle-end id="352" type="partial gc" contextid="344" timestamp="2019-09-21T21:57:40.848" />
  <attribute name="elasticGC enabled" value="1" />
  <attribute name= "numThreadsSpecified" value="8" />
  <attribute name="heapSize specified" value="0" />
  <attribute name="Current GC Util" value="89" />
  <attribute name= "Current Time Running" value="83017" />
  <attribute name ="GC Interval" value="0" />
  <attribute name="Target GC Util Change" value ="40.000000" />
  <attribute name="Current GC Util Change" value="89.000000"/>
  <attribute name="Current Error" value="-127.000000" />
  <attribute name="Output H" value="21009288"/>
  <attribute name="Output I" value="1928"/>
  <attribute name="Output T" value="8"/>
  <attribute name= "Current Time Running" value="83017" />
  <attribute name="GC Util currently" value="89" />
  <attribute name="CPU Util currently" value="9912530813181" />
<exclusive-end id="353" timestamp="2019-09-21T21:57:40.848" durationms="4.955" />

<exclusive-start id="354" timestamp="2019-09-21T21:57:43.742" intervalms="2899.211">
  <response-info timems="0.051" idlems="0.051" threads="0" lastid="00000000011D8900" lastname="node-4" />
</exclusive-start>
<allocation-taxation id="355" taxation-threshold="4194304" timestamp="2019-09-21T21:57:43.742" intervalms="2899.176" />
<cycle-start id="356" type="global mark phase" contextid="0" timestamp="2019-09-21T21:57:43.742" intervalms="12130.305" />
<gc-start id="357" type="global mark phase" contextid="356" timestamp="2019-09-21T21:57:43.742">
  <mem-info id="358" free="5242880" total="20971520" percent="25">
    <remembered-set count="7392" freebytes="807552" totalbytes="837120" percent="96" regionsoverflowed="0" regionsstable="1" regionsrebuilding="0"/>
  </mem-info>
</gc-start>
<gc-op id="359" type="mark increment" timems="0.508" contextid="356" timestamp="2019-09-21T21:57:43.743">
  <trace-info objectcount="366" scancount="0" scanbytes="0" />
</gc-op>
<gc-end id="360" type="global mark phase" contextid="356" durationms="0.609" usertimems="0.000" systemtimems="0.000" timestamp="2019-09-21T21:57:43.743" activeThreads="8">
  <mem-info id="361" free="5242880" total="20971520" percent="25">
    <remembered-set count="7392" freebytes="807552" totalbytes="837120" percent="96" regionsoverflowed="0" regionsstable="0" regionsrebuilding="1"/>
  </mem-info>
</gc-end>
<concurrent-start id="362" type="GMP work packet processing" contextid="356" timestamp="2019-09-21T21:57:43.743">
  <concurrent-mark-start scanTarget="18446744073709551615" />
</concurrent-start>
<exclusive-end id="363" timestamp="2019-09-21T21:57:43.743" durationms="1.018" />

<concurrent-end id="364" type="GMP work packet processing" contextid="356" timestamp="2019-09-21T21:57:43.746">
  <concurrent-mark-end bytesScanned="5297660" reasonForTermination="Completed all work in GC phase" />
</concurrent-end>

<exclusive-start id="365" timestamp="2019-09-21T21:57:47.041" intervalms="3298.651">
  <response-info timems="0.208" idlems="0.112" threads="1" lastid="00000000011C5D00" lastname="node-7" />
</exclusive-start>
<allocation-taxation id="366" taxation-threshold="4194304" timestamp="2019-09-21T21:57:47.041" intervalms="3298.678" />
<cycle-start id="367" type="partial gc" contextid="0" timestamp="2019-09-21T21:57:47.041" intervalms="6197.626" />
<gc-start id="368" type="partial gc" contextid="367" timestamp="2019-09-21T21:57:47.041">
  <mem-info id="369" free="1048576" total="20971520" percent="5">
    <mem type="eden" free="0" total="8388608" percent="0" />
    <remembered-set count="8224" freebytes="804224" totalbytes="837120" percent="96" regionsoverflowed="0" regionsstable="0" regionsrebuilding="1"/>
  </mem-info>
</gc-start>
<allocation-stats totalBytes="8385344" >
  <allocated-bytes non-tlh="0" tlh="8385344" arrayletleaf="0"/>
  <largest-consumer threadName="node-7" threadId="00000000011C5D00" bytes="229376" />
</allocation-stats>
<gc-op id="370" type="copy forward" timems="3.200" contextid="367" timestamp="2019-09-21T21:57:47.045">
  <memory-copied type="eden" objects="5408" bytes="131504" bytesdiscarded="51376" />
  <memory-copied type="other" objects="5961" bytes="143064" bytesdiscarded="1144" />
  <memory-cardclean objects="1581" bytes="96192" />
  <regions eden="8" other="2" />
  <remembered-set-cleared processed="4964" cleared="474" durationms="0.073" />
  <stringconstants candidates="3838" cleared="0"  />
  <heap-resize type="expand" space="default" amount="2097152" count="2" timems="0.140" reason="continue current collection" />
</gc-op>
<gc-op id="371" type="classunload" timems="0.002" contextid="367" timestamp="2019-09-21T21:57:47.045">
  <classunload-info classloadercandidates="6" classloadersunloaded="0" classesunloaded="0" anonymousclassesunloaded="0" quiescems="0.000" setupms="0.001" scanms="0.000" postms="0.000" />
</gc-op>
<gc-op id="372" type="compact" timems="1.209" contextid="367" timestamp="2019-09-21T21:57:47.046">
  <compact-info movecount="0" movebytes="0" />
  <remembered-set-cleared processed="10086" cleared="474" durationms="0.073" />
</gc-op>
<gc-end id="373" type="partial gc" contextid="367" durationms="5.292" usertimems="0.000" systemtimems="8.000" timestamp="2019-09-21T21:57:47.046" activeThreads="8">
  <mem-info id="374" free="10485760" total="23068672" percent="45">
    <mem type="eden" free="1914272" total="2097152" percent="91" />
    <remembered-set count="6624" freebytes="894336" totalbytes="920832" percent="97" regionsoverflowed="0" regionsstable="0" regionsrebuilding="1"/>
  </mem-info>
</gc-end>
<cycle-end id="375" type="partial gc" contextid="367" timestamp="2019-09-21T21:57:47.046" />
  <attribute name="elasticGC enabled" value="1" />
  <attribute name= "numThreadsSpecified" value="8" />
  <attribute name="heapSize specified" value="0" />
  <attribute name="Current GC Util" value="152" />
  <attribute name= "Current Time Running" value="89218" />
  <attribute name ="GC Interval" value="0" />
  <attribute name="Target GC Util Change" value ="40.000000" />
  <attribute name="Current GC Util Change" value="152.000000"/>
  <attribute name="Current Error" value="-347.000000" />
  <attribute name="Output H" value="23106312"/>
  <attribute name="Output I" value="1800"/>
  <attribute name="Output T" value="8"/>
  <attribute name= "Current Time Running" value="89218" />
  <attribute name="GC Util currently" value="152" />
  <attribute name="CPU Util currently" value="671326972790" />
<exclusive-end id="376" timestamp="2019-09-21T21:57:47.047" durationms="5.915" />

<exclusive-start id="377" timestamp="2019-09-21T21:57:50.728" intervalms="3686.944">
  <response-info timems="0.052" idlems="0.052" threads="0" lastid="000000000119C600" lastname="node-14" />
</exclusive-start>
<allocation-taxation id="378" taxation-threshold="5242880" timestamp="2019-09-21T21:57:50.728" intervalms="3686.944" />
<gc-start id="379" type="global mark phase" contextid="356" timestamp="2019-09-21T21:57:50.728">
  <mem-info id="380" free="5242880" total="23068672" percent="22">
    <remembered-set count="6624" freebytes="894336" totalbytes="920832" percent="97" regionsoverflowed="0" regionsstable="0" regionsrebuilding="1"/>
  </mem-info>
</gc-start>
<gc-op id="381" type="mark increment" timems="1.789" contextid="356" timestamp="2019-09-21T21:57:50.730">
  <trace-info objectcount="5654" scancount="5615" scanbytes="157888" />
  <cardclean-info objects="1550" bytes="71788" />
  <finalization candidates="13" enqueued="0" />
  <references type="soft" candidates="66" cleared="20" enqueued="16" dynamicThreshold="14" maxThreshold="32" />
  <references type="weak" candidates="143" cleared="0" enqueued="0" />
  <references type="phantom" candidates="57" cleared="0" enqueued="0" />
  <stringconstants candidates="3838" cleared="0"  />
</gc-op>
<gc-op id="382" type="classunload" timems="0.002" contextid="356" timestamp="2019-09-21T21:57:50.730">
  <classunload-info classloadercandidates="6" classloadersunloaded="0" classesunloaded="0" anonymousclassesunloaded="0" quiescems="0.000" setupms="0.002" scanms="0.000" postms="0.000" />
</gc-op>
<gc-end id="383" type="global mark phase" contextid="356" durationms="2.011" usertimems="0.000" systemtimems="4.000" timestamp="2019-09-21T21:57:50.730" activeThreads="8">
  <mem-info id="384" free="5242880" total="23068672" percent="22">
    <pending-finalizers system="0" default="0" reference="16" classloader="0" />
    <remembered-set count="7136" freebytes="892288" totalbytes="920832" percent="96" regionsoverflowed="0" regionsstable="0" regionsrebuilding="0"/>
  </mem-info>
</gc-end>
<cycle-end id="385" type="global mark phase" contextid="356" timestamp="2019-09-21T21:57:50.730" />
  <attribute name="elasticGC enabled" value="1" />
  <attribute name= "numThreadsSpecified" value="8" />
  <attribute name="heapSize specified" value="0" />
  <attribute name="Current GC Util" value="41" />
  <attribute name= "Current Time Running" value="92902" />
  <attribute name ="GC Interval" value="0" />
  <attribute name="Target GC Util Change" value ="40.000000" />
  <attribute name="Current GC Util Change" value="41.000000"/>
  <attribute name="Current Error" value="-1.000000" />
  <attribute name="Output H" value="23106512"/>
  <attribute name="Output I" value="2000"/>
  <attribute name="Output T" value="8"/>
  <attribute name= "Current Time Running" value="92902" />
  <attribute name="GC Util currently" value="41" />
  <attribute name="CPU Util currently" value="4802038828992" />
<exclusive-end id="386" timestamp="2019-09-21T21:57:50.730" durationms="2.461" />

<exclusive-start id="387" timestamp="2019-09-21T21:57:54.541" intervalms="3813.125">
  <response-info timems="0.092" idlems="0.092" threads="0" lastid="0000000001198A00" lastname="node-0" />
</exclusive-start>
<allocation-taxation id="388" taxation-threshold="5242880" timestamp="2019-09-21T21:57:54.541" intervalms="3813.118" />
<cycle-start id="389" type="partial gc" contextid="0" timestamp="2019-09-21T21:57:54.541" intervalms="7500.058" />
<gc-start id="390" type="partial gc" contextid="389" timestamp="2019-09-21T21:57:54.541">
  <mem-info id="391" free="0" total="23068672" percent="0">
    <mem type="eden" free="0" total="10485760" percent="0" />
    <remembered-set count="6080" freebytes="896512" totalbytes="920832" percent="97" regionsoverflowed="0" regionsstable="1" regionsrebuilding="0"/>
  </mem-info>
</gc-start>
<allocation-stats totalBytes="10475536" >
  <allocated-bytes non-tlh="0" tlh="10475536" arrayletleaf="0"/>
  <largest-consumer threadName="node-8" threadId="000000000118D700" bytes="286680" />
</allocation-stats>
<gc-op id="392" type="sweep" timems="0.496" contextid="389" timestamp="2019-09-21T21:57:54.542" />
<gc-op id="393" type="copy forward" timems="2.161" contextid="389" timestamp="2019-09-21T21:57:54.544">
  <memory-copied type="eden" objects="3639" bytes="93752" bytesdiscarded="5679" />
  <memory-copied type="other" objects="5459" bytes="131016" bytesdiscarded="1585" />
  <memory-cardclean objects="1591" bytes="97616" />
  <regions eden="5" other="7" />
  <remembered-set-cleared processed="4125" cleared="495" durationms="0.075" />
  <stringconstants candidates="3838" cleared="0"  />
  <heap-resize type="expand" space="default" amount="1048576" count="1" timems="0.130" reason="continue current collection" />
</gc-op>
<gc-op id="394" type="classunload" timems="0.002" contextid="389" timestamp="2019-09-21T21:57:54.545">
  <classunload-info classloadercandidates="6" classloadersunloaded="0" classesunloaded="0" anonymousclassesunloaded="0" quiescems="0.000" setupms="0.002" scanms="0.000" postms="0.000" />
</gc-op>
<gc-end id="395" type="partial gc" contextid="389" durationms="3.625" usertimems="0.000" systemtimems="8.000" timestamp="2019-09-21T21:57:54.545" activeThreads="8">
  <mem-info id="396" free="12582912" total="24117248" percent="52">
    <mem type="eden" free="1924568" total="2097152" percent="91" />
    <remembered-set count="6848" freebytes="935296" totalbytes="962688" percent="97" regionsoverflowed="0" regionsstable="1" regionsrebuilding="0"/>
  </mem-info>
</gc-end>
<cycle-end id="397" type="partial gc" contextid="389" timestamp="2019-09-21T21:57:54.545" />
  <attribute name="elasticGC enabled" value="1" />
  <attribute name= "numThreadsSpecified" value="8" />
  <attribute name="heapSize specified" value="0" />
  <attribute name="Current GC Util" value="0" />
  <attribute name= "Current Time Running" value="96715" />
  <attribute name ="GC Interval" value="0" />
  <attribute name="Target GC Util Change" value ="40.000000" />
  <attribute name="Current GC Util Change" value="0.000000"/>
  <attribute name="Current Error" value="28.000000" />
  <attribute name="Output H" value="23106528"/>
  <attribute name="Output I" value="2016"/>
  <attribute name="Output T" value="8"/>
  <attribute name= "Current Time Running" value="96715" />
  <attribute name="GC Util currently" value="0" />
  <attribute name="CPU Util currently" value="13088366708461" />
<exclusive-end id="398" timestamp="2019-09-21T21:57:54.545" durationms="4.343" />

<exclusive-start id="399" timestamp="2019-09-21T21:57:59.266" intervalms="4725.532">
  <response-info timems="0.051" idlems="0.051" threads="0" lastid="0000000001191300" lastname="node-15" />
</exclusive-start>
<allocation-taxation id="400" taxation-threshold="6291456" timestamp="2019-09-21T21:57:59.266" intervalms="4725.555" />
<cycle-start id="401" type="global mark phase" contextid="0" timestamp="2019-09-21T21:57:59.267" intervalms="15524.331" />
<gc-start id="402" type="global mark phase" contextid="401" timestamp="2019-09-21T21:57:59.267">
  <mem-info id="403" free="6291456" total="24117248" percent="26">
    <remembered-set count="6656" freebytes="936064" totalbytes="962688" percent="97" regionsoverflowed="0" regionsstable="1" regionsrebuilding="0"/>
  </mem-info>
</gc-start>
<gc-op id="404" type="mark increment" timems="1.054" contextid="401" timestamp="2019-09-21T21:57:59.268">
  <trace-info objectcount="28828" scancount="2933" scanbytes="401072" />
</gc-op>
<gc-end id="405" type="global mark phase" contextid="401" durationms="1.238" usertimems="0.000" systemtimems="0.000" timestamp="2019-09-21T21:57:59.268" activeThreads="8">
  <mem-info id="406" free="6291456" total="24117248" percent="26">
    <remembered-set count="8192" freebytes="929920" totalbytes="962688" percent="96" regionsoverflowed="0" regionsstable="0" regionsrebuilding="1"/>
  </mem-info>
</gc-end>
<concurrent-start id="407" type="GMP work packet processing" contextid="401" timestamp="2019-09-21T21:57:59.268">
  <concurrent-mark-start scanTarget="2084917" />
</concurrent-start>
<exclusive-end id="408" timestamp="2019-09-21T21:57:59.268" durationms="1.765" />

<concurrent-end id="409" type="GMP work packet processing" contextid="401" timestamp="2019-09-21T21:57:59.269">
  <concurrent-mark-end bytesScanned="2191196" reasonForTermination="Work target met" />
</concurrent-end>

<exclusive-start id="410" timestamp="2019-09-21T21:58:04.251" intervalms="4984.812">
  <response-info timems="0.068" idlems="0.038" threads="1" lastid="00000000011AF200" lastname="node-21" />
</exclusive-start>
<allocation-taxation id="411" taxation-threshold="6291456" timestamp="2019-09-21T21:58:04.251" intervalms="4984.790" />
<cycle-start id="412" type="partial gc" contextid="0" timestamp="2019-09-21T21:58:04.251" intervalms="9710.346" />
<gc-start id="413" type="partial gc" contextid="412" timestamp="2019-09-21T21:58:04.251">
  <mem-info id="414" free="0" total="24117248" percent="0">
    <mem type="eden" free="0" total="12582912" percent="0" />
    <remembered-set count="7968" freebytes="930816" totalbytes="962688" percent="96" regionsoverflowed="0" regionsstable="0" regionsrebuilding="1"/>
  </mem-info>
</gc-start>
<allocation-stats totalBytes="12574160" >
  <allocated-bytes non-tlh="0" tlh="12574160" arrayletleaf="0"/>
  <largest-consumer threadName="node-9" threadId="00000000011C9900" bytes="331448" />
</allocation-stats>
<gc-op id="415" type="mark" timems="2.279" contextid="412" timestamp="2019-09-21T21:58:04.254">
  <trace-info objectcount="14834" scancount="14834" scanbytes="379088" />
  <cardclean-info objects="1693" bytes="76640" />
  <remembered-set-cleared processed="4793" cleared="493" durationms="0.075" />
  <stringconstants candidates="3838" cleared="0"  />
  <warning details="Mark invoked due to insufficient free space for Copy-Forward" />
</gc-op>
<gc-op id="416" type="classunload" timems="0.002" contextid="412" timestamp="2019-09-21T21:58:04.254">
  <classunload-info classloadercandidates="6" classloadersunloaded="0" classesunloaded="0" anonymousclassesunloaded="0" quiescems="0.000" setupms="0.002" scanms="0.000" postms="0.000" />
</gc-op>
<gc-op id="417" type="sweep" timems="0.421" contextid="412" timestamp="2019-09-21T21:58:04.255" />
<gc-op id="418" type="compact" timems="1.422" contextid="412" timestamp="2019-09-21T21:58:04.256">
  <compact-info movecount="14834" movebytes="355096" />
  <remembered-set-cleared processed="9751" cleared="1050" durationms="0.075" />
</gc-op>
<gc-end id="419" type="partial gc" contextid="412" durationms="5.184" usertimems="8.000" systemtimems="0.000" timestamp="2019-09-21T21:58:04.257" activeThreads="8">
  <mem-info id="420" free="12582912" total="24117248" percent="52">
    <mem type="eden" free="848496" total="1048576" percent="80" />
    <remembered-set count="8192" freebytes="929920" totalbytes="962688" percent="96" regionsoverflowed="0" regionsstable="0" regionsrebuilding="1"/>
  </mem-info>
</gc-end>
<cycle-end id="421" type="partial gc" contextid="412" timestamp="2019-09-21T21:58:04.257" />
  <attribute name="elasticGC enabled" value="1" />
  <attribute name= "numThreadsSpecified" value="8" />
  <attribute name="heapSize specified" value="0" />
  <attribute name="Current GC Util" value="73" />
  <attribute name= "Current Time Running" value="106428" />
  <attribute name ="GC Interval" value="0" />
  <attribute name="Target GC Util Change" value ="40.000000" />
  <attribute name="Current GC Util Change" value="73.000000"/>
  <attribute name="Current Error" value="-579.000000" />
  <attribute name="Output H" value="24154760"/>
  <attribute name="Output I" value="1672"/>
  <attribute name="Output T" value="8"/>
  <attribute name= "Current Time Running" value="106428" />
  <attribute name="GC Util currently" value="73" />
  <attribute name="CPU Util currently" value="3736203791963" />
<exclusive-end id="422" timestamp="2019-09-21T21:58:04.257" durationms="5.827" />

<exclusive-start id="423" timestamp="2019-09-21T21:58:08.589" intervalms="4338.118">
  <response-info timems="0.047" idlems="0.047" threads="0" lastid="00000000011AF200" lastname="node-21" />
</exclusive-start>
<allocation-taxation id="424" taxation-threshold="6291456" timestamp="2019-09-21T21:58:08.589" intervalms="4338.128" />
<gc-start id="425" type="global mark phase" contextid="401" timestamp="2019-09-21T21:58:08.589">
  <mem-info id="426" free="6291456" total="24117248" percent="26">
    <remembered-set count="7904" freebytes="931072" totalbytes="962688" percent="96" regionsoverflowed="0" regionsstable="0" regionsrebuilding="1"/>
  </mem-info>
</gc-start>
<gc-end id="427" type="global mark phase" contextid="401" durationms="0.061" usertimems="0.000" systemtimems="0.000" timestamp="2019-09-21T21:58:08.589" activeThreads="8">
  <mem-info id="428" free="6291456" total="24117248" percent="26">
    <remembered-set count="7904" freebytes="931072" totalbytes="962688" percent="96" regionsoverflowed="0" regionsstable="0" regionsrebuilding="1"/>
  </mem-info>
</gc-end>
<concurrent-start id="429" type="GMP work packet processing" contextid="401" timestamp="2019-09-21T21:58:08.590">
  <concurrent-mark-start scanTarget="18446744073709551615" />
</concurrent-start>
<exclusive-end id="430" timestamp="2019-09-21T21:58:08.590" durationms="0.607" />

<concurrent-end id="431" type="GMP work packet processing" contextid="401" timestamp="2019-09-21T21:58:08.592">
  <concurrent-mark-end bytesScanned="2908948" reasonForTermination="Completed all work in GC phase" />
</concurrent-end>

<exclusive-start id="432" timestamp="2019-09-21T21:58:12.299" intervalms="3709.673">
  <response-info timems="0.061" idlems="0.061" threads="0" lastid="00000000011DC500" lastname="node-2" />
</exclusive-start>
<allocation-taxation id="433" taxation-threshold="6291456" timestamp="2019-09-21T21:58:12.299" intervalms="3709.667" />
<cycle-start id="434" type="partial gc" contextid="0" timestamp="2019-09-21T21:58:12.299" intervalms="8047.848" />
<gc-start id="435" type="partial gc" contextid="434" timestamp="2019-09-21T21:58:12.299">
  <mem-info id="436" free="0" total="24117248" percent="0">
    <mem type="eden" free="0" total="12582912" percent="0" />
    <remembered-set count="8992" freebytes="926720" totalbytes="962688" percent="96" regionsoverflowed="0" regionsstable="0" regionsrebuilding="1"/>
  </mem-info>
</gc-start>
<allocation-stats totalBytes="12576096" >
  <allocated-bytes non-tlh="0" tlh="12576096" arrayletleaf="0"/>
  <largest-consumer threadName="node-3" threadId="00000000011A0200" bytes="298976" />
</allocation-stats>
<gc-op id="437" type="mark" timems="2.296" contextid="434" timestamp="2019-09-21T21:58:12.302">
  <trace-info objectcount="17185" scancount="17141" scanbytes="434504" />
  <cardclean-info objects="1695" bytes="75784" />
  <remembered-set-cleared processed="5097" cleared="517" durationms="0.071" />
  <stringconstants candidates="3838" cleared="0"  />
  <warning details="Mark invoked due to insufficient free space for Copy-Forward" />
</gc-op>
<gc-op id="438" type="classunload" timems="0.002" contextid="434" timestamp="2019-09-21T21:58:12.302">
  <classunload-info classloadercandidates="6" classloadersunloaded="0" classesunloaded="0" anonymousclassesunloaded="0" quiescems="0.000" setupms="0.002" scanms="0.000" postms="0.000" />
</gc-op>
<gc-op id="439" type="sweep" timems="0.478" contextid="434" timestamp="2019-09-21T21:58:12.303" />
<gc-op id="440" type="compact" timems="1.949" contextid="434" timestamp="2019-09-21T21:58:12.305">
  <compact-info movecount="9984" movebytes="256656" />
  <remembered-set-cleared processed="10369" cleared="1154" durationms="0.079" />
</gc-op>
<gc-end id="441" type="partial gc" contextid="434" durationms="5.690" usertimems="12.000" systemtimems="0.000" timestamp="2019-09-21T21:58:12.305" activeThreads="8">
  <mem-info id="442" free="11534336" total="24117248" percent="47">
    <mem type="eden" free="817336" total="1048576" percent="77" />
    <remembered-set count="8480" freebytes="928768" totalbytes="962688" percent="96" regionsoverflowed="0" regionsstable="0" regionsrebuilding="1"/>
  </mem-info>
</gc-end>
<cycle-end id="443" type="partial gc" contextid="434" timestamp="2019-09-21T21:58:12.305" />
  <attribute name="elasticGC enabled" value="1" />
  <attribute name= "numThreadsSpecified" value="8" />
  <attribute name="heapSize specified" value="0" />
  <attribute name="Current GC Util" value="87" />
  <attribute name= "Current Time Running" value="114476" />
  <attribute name ="GC Interval" value="0" />
  <attribute name="Target GC Util Change" value ="40.000000" />
  <attribute name="Current GC Util Change" value="87.000000"/>
  <attribute name="Current Error" value="-173.000000" />
  <attribute name="Output H" value="24154992"/>
  <attribute name="Output I" value="1904"/>
  <attribute name="Output T" value="8"/>
  <attribute name= "Current Time Running" value="114476" />
  <attribute name="GC Util currently" value="87" />
  <attribute name="CPU Util currently" value="3521268788296" />
<exclusive-end id="444" timestamp="2019-09-21T21:58:12.305" durationms="6.374" />

<exclusive-start id="445" timestamp="2019-09-21T21:58:15.734" intervalms="3434.789">
  <response-info timems="0.043" idlems="0.043" threads="0" lastid="0000000001198A00" lastname="node-0" />
</exclusive-start>
<allocation-taxation id="446" taxation-threshold="5242880" timestamp="2019-09-21T21:58:15.734" intervalms="3434.803" />
<gc-start id="447" type="global mark phase" contextid="401" timestamp="2019-09-21T21:58:15.734">
  <mem-info id="448" free="6291456" total="24117248" percent="26">
    <remembered-set count="8192" freebytes="929920" totalbytes="962688" percent="96" regionsoverflowed="0" regionsstable="0" regionsrebuilding="1"/>
  </mem-info>
</gc-start>
<gc-op id="449" type="mark increment" timems="2.328" contextid="401" timestamp="2019-09-21T21:58:15.736">
  <trace-info objectcount="16662" scancount="16616" scanbytes="421936" />
  <cardclean-info objects="1711" bytes="76752" />
  <finalization candidates="13" enqueued="0" />
  <references type="soft" candidates="46" cleared="1" enqueued="0" dynamicThreshold="15" maxThreshold="32" />
  <references type="weak" candidates="143" cleared="0" enqueued="0" />
  <references type="phantom" candidates="57" cleared="0" enqueued="0" />
  <stringconstants candidates="3838" cleared="0"  />
</gc-op>
<gc-op id="450" type="classunload" timems="0.002" contextid="401" timestamp="2019-09-21T21:58:15.736">
  <classunload-info classloadercandidates="6" classloadersunloaded="0" classesunloaded="0" anonymousclassesunloaded="0" quiescems="0.000" setupms="0.002" scanms="0.000" postms="0.000" />
</gc-op>
<gc-end id="451" type="global mark phase" contextid="401" durationms="2.557" usertimems="0.000" systemtimems="4.000" timestamp="2019-09-21T21:58:15.736" activeThreads="8">
  <mem-info id="452" free="6291456" total="24117248" percent="26">
    <remembered-set count="8704" freebytes="927872" totalbytes="962688" percent="96" regionsoverflowed="0" regionsstable="0" regionsrebuilding="0"/>
  </mem-info>
</gc-end>
<cycle-end id="453" type="global mark phase" contextid="401" timestamp="2019-09-21T21:58:15.736" />
  <attribute name="elasticGC enabled" value="1" />
  <attribute name= "numThreadsSpecified" value="8" />
  <attribute name="heapSize specified" value="0" />
  <attribute name="Current GC Util" value="21" />
  <attribute name= "Current Time Running" value="117908" />
  <attribute name ="GC Interval" value="0" />
  <attribute name="Target GC Util Change" value ="40.000000" />
  <attribute name="Current GC Util Change" value="21.000000"/>
  <attribute name="Current Error" value="-179.000000" />
  <attribute name="Output H" value="24154992"/>
  <attribute name="Output I" value="1904"/>
  <attribute name="Output T" value="8"/>
  <attribute name= "Current Time Running" value="117908" />
  <attribute name="GC Util currently" value="21" />
  <attribute name="CPU Util currently" value="2600189676049" />
<exclusive-end id="454" timestamp="2019-09-21T21:58:15.737" durationms="2.938" />

<exclusive-start id="455" timestamp="2019-09-21T21:58:19.075" intervalms="3341.609">
  <response-info timems="0.735" idlems="0.538" threads="1" lastid="00000000011C9900" lastname="node-9" />
</exclusive-start>
<allocation-taxation id="456" taxation-threshold="5242880" timestamp="2019-09-21T21:58:19.075" intervalms="3341.680" />
<cycle-start id="457" type="partial gc" contextid="0" timestamp="2019-09-21T21:58:19.076" intervalms="6776.566" />
<gc-start id="458" type="partial gc" contextid="457" timestamp="2019-09-21T21:58:19.076">
  <mem-info id="459" free="1048576" total="24117248" percent="4">
    <mem type="eden" free="0" total="10485760" percent="0" />
    <remembered-set count="7648" freebytes="932096" totalbytes="962688" percent="96" regionsoverflowed="0" regionsstable="1" regionsrebuilding="0"/>
  </mem-info>
</gc-start>
<allocation-stats totalBytes="10475272" >
  <allocated-bytes non-tlh="0" tlh="10475272" arrayletleaf="0"/>
  <largest-consumer threadName="node-23" threadId="000000000117E700" bytes="270296" />
</allocation-stats>
<gc-op id="460" type="sweep" timems="0.608" contextid="457" timestamp="2019-09-21T21:58:19.077" />
<gc-op id="461" type="copy forward" timems="3.135" contextid="457" timestamp="2019-09-21T21:58:19.081">
  <memory-copied type="eden" objects="3014" bytes="87256" bytesdiscarded="18060" />
  <memory-copied type="other" objects="12369" bytes="296856" bytesdiscarded="2612" />
  <memory-cardclean objects="1638" bytes="98464" />
  <regions eden="5" other="6" />
  <remembered-set-cleared processed="4327" cleared="565" durationms="0.082" />
  <stringconstants candidates="3838" cleared="0"  />
</gc-op>
<gc-op id="462" type="classunload" timems="0.001" contextid="457" timestamp="2019-09-21T21:58:19.081">
  <classunload-info classloadercandidates="6" classloadersunloaded="0" classesunloaded="0" anonymousclassesunloaded="0" quiescems="0.000" setupms="0.001" scanms="0.000" postms="0.000" />
</gc-op>
<gc-end id="463" type="partial gc" contextid="457" durationms="4.986" usertimems="0.000" systemtimems="8.000" timestamp="2019-09-21T21:58:19.081" activeThreads="8">
  <mem-info id="464" free="12582912" total="24117248" percent="52">
    <mem type="eden" free="855376" total="1048576" percent="81" />
    <remembered-set count="8544" freebytes="928512" totalbytes="962688" percent="96" regionsoverflowed="0" regionsstable="1" regionsrebuilding="0"/>
  </mem-info>
</gc-end>
<cycle-end id="465" type="partial gc" contextid="457" timestamp="2019-09-21T21:58:19.081" />
  <attribute name="elasticGC enabled" value="1" />
  <attribute name= "numThreadsSpecified" value="8" />
  <attribute name="heapSize specified" value="0" />
  <attribute name="Current GC Util" value="95" />
  <attribute name= "Current Time Running" value="121250" />
  <attribute name ="GC Interval" value="0" />
  <attribute name="Target GC Util Change" value ="40.000000" />
  <attribute name="Current GC Util Change" value="95.000000"/>
  <attribute name="Current Error" value="-231.000000" />
  <attribute name="Output H" value="24154960"/>
  <attribute name="Output I" value="1872"/>
  <attribute name="Output T" value="8"/>
  <attribute name= "Current Time Running" value="121250" />
  <attribute name="GC Util currently" value="95" />
  <attribute name="CPU Util currently" value="9111555014029" />
<exclusive-end id="466" timestamp="2019-09-21T21:58:19.081" durationms="5.987" />

<exclusive-start id="467" timestamp="2019-09-21T21:58:23.698" intervalms="4622.863">
  <response-info timems="0.220" idlems="0.118" threads="1" lastid="0000000001189B00" lastname="node-13" />
</exclusive-start>
<allocation-taxation id="468" taxation-threshold="6291456" timestamp="2019-09-21T21:58:23.698" intervalms="4622.778" />
<cycle-start id="469" type="global mark phase" contextid="0" timestamp="2019-09-21T21:58:23.698" intervalms="24431.821" />
<gc-start id="470" type="global mark phase" contextid="469" timestamp="2019-09-21T21:58:23.698">
  <mem-info id="471" free="6291456" total="24117248" percent="26">
    <remembered-set count="8096" freebytes="930304" totalbytes="962688" percent="96" regionsoverflowed="0" regionsstable="1" regionsrebuilding="0"/>
  </mem-info>
</gc-start>
<gc-op id="472" type="mark increment" timems="0.509" contextid="469" timestamp="2019-09-21T21:58:23.699">
  <trace-info objectcount="338" scancount="0" scanbytes="0" />
</gc-op>
<gc-end id="473" type="global mark phase" contextid="469" durationms="0.625" usertimems="0.000" systemtimems="0.000" timestamp="2019-09-21T21:58:23.699" activeThreads="8">
  <mem-info id="474" free="6291456" total="24117248" percent="26">
    <remembered-set count="8096" freebytes="930304" totalbytes="962688" percent="96" regionsoverflowed="0" regionsstable="0" regionsrebuilding="1"/>
  </mem-info>
</gc-end>
<concurrent-start id="475" type="GMP work packet processing" contextid="469" timestamp="2019-09-21T21:58:23.699">
  <concurrent-mark-start scanTarget="18446744073709551615" />
</concurrent-start>
<exclusive-end id="476" timestamp="2019-09-21T21:58:23.699" durationms="1.058" />

<concurrent-end id="477" type="GMP work packet processing" contextid="469" timestamp="2019-09-21T21:58:23.701">
  <concurrent-mark-end bytesScanned="5282736" reasonForTermination="Completed all work in GC phase" />
</concurrent-end>

<exclusive-start id="478" timestamp="2019-09-21T21:58:28.043" intervalms="4344.882">
  <response-info timems="0.050" idlems="0.050" threads="0" lastid="00000000011BE600" lastname="node-25" />
</exclusive-start>
<allocation-taxation id="479" taxation-threshold="6291456" timestamp="2019-09-21T21:58:28.043" intervalms="4344.881" />
<cycle-start id="480" type="partial gc" contextid="0" timestamp="2019-09-21T21:58:28.043" intervalms="8967.544" />
<gc-start id="481" type="partial gc" contextid="480" timestamp="2019-09-21T21:58:28.043">
  <mem-info id="482" free="0" total="24117248" percent="0">
    <mem type="eden" free="0" total="12582912" percent="0" />
    <remembered-set count="8704" freebytes="927872" totalbytes="962688" percent="96" regionsoverflowed="0" regionsstable="0" regionsrebuilding="1"/>
  </mem-info>
</gc-start>
<allocation-stats totalBytes="12577488" >
  <allocated-bytes non-tlh="0" tlh="12577488" arrayletleaf="0"/>
  <largest-consumer threadName="node-15" threadId="0000000001191300" bytes="298968" />
</allocation-stats>
<gc-op id="483" type="mark" timems="2.091" contextid="480" timestamp="2019-09-21T21:58:28.046">
  <trace-info objectcount="13618" scancount="13618" scanbytes="349904" />
  <cardclean-info objects="1673" bytes="76160" />
  <remembered-set-cleared processed="5195" cleared="511" durationms="0.073" />
  <stringconstants candidates="3838" cleared="0"  />
  <warning details="Mark invoked due to insufficient free space for Copy-Forward" />
</gc-op>
<gc-op id="484" type="classunload" timems="0.001" contextid="480" timestamp="2019-09-21T21:58:28.046">
  <classunload-info classloadercandidates="6" classloadersunloaded="0" classesunloaded="0" anonymousclassesunloaded="0" quiescems="0.000" setupms="0.001" scanms="0.000" postms="0.000" />
</gc-op>
<gc-op id="485" type="sweep" timems="0.435" contextid="480" timestamp="2019-09-21T21:58:28.047" />
<gc-op id="486" type="compact" timems="1.570" contextid="480" timestamp="2019-09-21T21:58:28.048">
  <compact-info movecount="13618" movebytes="325912" />
  <remembered-set-cleared processed="10516" cleared="1041" durationms="0.073" />
</gc-op>
<gc-end id="487" type="partial gc" contextid="480" durationms="5.029" usertimems="4.000" systemtimems="4.000" timestamp="2019-09-21T21:58:28.048" activeThreads="8">
  <mem-info id="488" free="11534336" total="24117248" percent="47">
    <mem type="eden" free="877848" total="1048576" percent="83" />
    <remembered-set count="9216" freebytes="925824" totalbytes="962688" percent="96" regionsoverflowed="0" regionsstable="0" regionsrebuilding="1"/>
  </mem-info>
</gc-end>
<cycle-end id="489" type="partial gc" contextid="480" timestamp="2019-09-21T21:58:28.049" />
  <attribute name="elasticGC enabled" value="1" />
  <attribute name= "numThreadsSpecified" value="8" />
  <attribute name="heapSize specified" value="0" />
  <attribute name="Current GC Util" value="88" />
  <attribute name= "Current Time Running" value="130220" />
  <attribute name ="GC Interval" value="0" />
  <attribute name="Target GC Util Change" value ="40.000000" />
  <attribute name="Current GC Util Change" value="88.000000"/>
  <attribute name="Current Error" value="-605.000000" />
  <attribute name="Output H" value="24154744"/>
  <attribute name="Output I" value="1656"/>
  <attribute name="Output T" value="8"/>
  <attribute name= "Current Time Running" value="130220" />
  <attribute name="GC Util currently" value="88" />
  <attribute name="CPU Util currently" value="3867001970595" />
<exclusive-end id="490" timestamp="2019-09-21T21:58:28.049" durationms="5.716" />

<exclusive-start id="491" timestamp="2019-09-21T21:58:31.469" intervalms="3426.377">
  <response-info timems="0.049" idlems="0.049" threads="0" lastid="00000000011A0200" lastname="node-3" />
</exclusive-start>
<allocation-taxation id="492" taxation-threshold="5242880" timestamp="2019-09-21T21:58:31.469" intervalms="3426.366" />
<gc-start id="493" type="global mark phase" contextid="469" timestamp="2019-09-21T21:58:31.470">
  <mem-info id="494" free="6291456" total="24117248" percent="26">
    <remembered-set count="9216" freebytes="925824" totalbytes="962688" percent="96" regionsoverflowed="0" regionsstable="0" regionsrebuilding="1"/>
  </mem-info>
</gc-start>
<gc-op id="495" type="mark increment" timems="1.869" contextid="469" timestamp="2019-09-21T21:58:31.472">
  <trace-info objectcount="7668" scancount="7642" scanbytes="206520" />
  <cardclean-info objects="1577" bytes="72388" />
  <finalization candidates="13" enqueued="0" />
  <references type="soft" candidates="45" cleared="0" enqueued="0" dynamicThreshold="15" maxThreshold="32" />
  <references type="weak" candidates="143" cleared="0" enqueued="0" />
  <references type="phantom" candidates="57" cleared="0" enqueued="0" />
  <stringconstants candidates="3838" cleared="0"  />
</gc-op>
<gc-op id="496" type="classunload" timems="0.002" contextid="469" timestamp="2019-09-21T21:58:31.472">
  <classunload-info classloadercandidates="6" classloadersunloaded="0" classesunloaded="0" anonymousclassesunloaded="0" quiescems="0.000" setupms="0.002" scanms="0.000" postms="0.000" />
</gc-op>
<gc-end id="497" type="global mark phase" contextid="469" durationms="2.165" usertimems="4.000" systemtimems="0.000" timestamp="2019-09-21T21:58:31.472" activeThreads="8">
  <mem-info id="498" free="6291456" total="24117248" percent="26">
    <remembered-set count="9216" freebytes="925824" totalbytes="962688" percent="96" regionsoverflowed="0" regionsstable="0" regionsrebuilding="0"/>
  </mem-info>
</gc-end>
<cycle-end id="499" type="global mark phase" contextid="469" timestamp="2019-09-21T21:58:31.472" />
  <attribute name="elasticGC enabled" value="1" />
  <attribute name= "numThreadsSpecified" value="8" />
  <attribute name="heapSize specified" value="0" />
  <attribute name="Current GC Util" value="39" />
  <attribute name= "Current Time Running" value="133644" />
  <attribute name ="GC Interval" value="0" />
  <attribute name="Target GC Util Change" value ="40.000000" />
  <attribute name="Current GC Util Change" value="39.000000"/>
  <attribute name="Current Error" value="-206.000000" />
  <attribute name="Output H" value="24154976"/>
  <attribute name="Output I" value="1888"/>
  <attribute name="Output T" value="8"/>
  <attribute name= "Current Time Running" value="133644" />
  <attribute name="GC Util currently" value="39" />
  <attribute name="CPU Util currently" value="3908460212594" />
<exclusive-end id="500" timestamp="2019-09-21T21:58:31.472" durationms="2.622" />

<exclusive-start id="501" timestamp="2019-09-21T21:58:34.848" intervalms="3378.968">
  <response-info timems="0.055" idlems="0.055" threads="0" lastid="0000000001191300" lastname="node-15" />
</exclusive-start>
<allocation-taxation id="502" taxation-threshold="5242880" timestamp="2019-09-21T21:58:34.848" intervalms="3378.968" />
<cycle-start id="503" type="partial gc" contextid="0" timestamp="2019-09-21T21:58:34.849" intervalms="6805.294" />
<gc-start id="504" type="partial gc" contextid="503" timestamp="2019-09-21T21:58:34.849">
  <mem-info id="505" free="1048576" total="24117248" percent="4">
    <mem type="eden" free="0" total="10485760" percent="0" />
    <remembered-set count="9216" freebytes="925824" totalbytes="962688" percent="96" regionsoverflowed="0" regionsstable="0" regionsrebuilding="0"/>
  </mem-info>
</gc-start>
<allocation-stats totalBytes="10479136" >
  <allocated-bytes non-tlh="0" tlh="10479136" arrayletleaf="0"/>
  <largest-consumer threadName="node-16" threadId="00000000011D4D00" bytes="270304" />
</allocation-stats>
<gc-op id="506" type="sweep" timems="0.517" contextid="503" timestamp="2019-09-21T21:58:34.849" />
<gc-op id="507" type="copy forward" timems="2.181" contextid="503" timestamp="2019-09-21T21:58:34.852">
  <memory-copied type="eden" objects="2932" bytes="82824" bytesdiscarded="18522" />
  <memory-copied type="other" objects="7521" bytes="180504" bytesdiscarded="2086" />
  <memory-cardclean objects="1563" bytes="95760" />
  <regions eden="5" other="6" />
  <remembered-set-cleared processed="5261" cleared="758" durationms="0.071" />
  <stringconstants candidates="3838" cleared="0"  />
</gc-op>
<gc-op id="508" type="classunload" timems="0.002" contextid="503" timestamp="2019-09-21T21:58:34.852">
  <classunload-info classloadercandidates="6" classloadersunloaded="0" classesunloaded="0" anonymousclassesunloaded="0" quiescems="0.000" setupms="0.002" scanms="0.000" postms="0.000" />
</gc-op>
<gc-end id="509" type="partial gc" contextid="503" durationms="3.595" usertimems="0.000" systemtimems="8.000" timestamp="2019-09-21T21:58:34.852" activeThreads="8">
  <mem-info id="510" free="12582912" total="24117248" percent="52">
    <mem type="eden" free="1900376" total="2097152" percent="90" />
    <remembered-set count="9312" freebytes="925440" totalbytes="962688" percent="96" regionsoverflowed="0" regionsstable="0" regionsrebuilding="0"/>
  </mem-info>
</gc-end>
<cycle-end id="511" type="partial gc" contextid="503" timestamp="2019-09-21T21:58:34.852" />
  <attribute name="elasticGC enabled" value="1" />
  <attribute name= "numThreadsSpecified" value="8" />
  <attribute name="heapSize specified" value="0" />
  <attribute name="Current GC Util" value="102" />
  <attribute name= "Current Time Running" value="137023" />
  <attribute name ="GC Interval" value="0" />
  <attribute name="Target GC Util Change" value ="40.000000" />
  <attribute name="Current GC Util Change" value="102.000000"/>
  <attribute name="Current Error" value="-306.000000" />
  <attribute name="Output H" value="24154912"/>
  <attribute name="Output I" value="1824"/>
  <attribute name="Output T" value="8"/>
  <attribute name= "Current Time Running" value="137023" />
  <attribute name="GC Util currently" value="102" />
  <attribute name="CPU Util currently" value="9817988682104" />
<exclusive-end id="512" timestamp="2019-09-21T21:58:34.853" durationms="4.216" />

<exclusive-start id="513" timestamp="2019-09-21T21:58:39.642" intervalms="4793.751">
  <response-info timems="0.063" idlems="0.063" threads="0" lastid="0000000001189B00" lastname="node-13" />
</exclusive-start>
<allocation-taxation id="514" taxation-threshold="6291456" timestamp="2019-09-21T21:58:39.642" intervalms="4793.744" />
<cycle-start id="515" type="global mark phase" contextid="0" timestamp="2019-09-21T21:58:39.642" intervalms="15943.950" />
<gc-start id="516" type="global mark phase" contextid="515" timestamp="2019-09-21T21:58:39.642">
  <mem-info id="517" free="6291456" total="24117248" percent="26">
    <remembered-set count="8864" freebytes="927232" totalbytes="962688" percent="96" regionsoverflowed="0" regionsstable="0" regionsrebuilding="0"/>
  </mem-info>
</gc-start>
<gc-op id="518" type="mark increment" timems="1.277" contextid="515" timestamp="2019-09-21T21:58:39.644">
  <trace-info objectcount="66825" scancount="44883" scanbytes="1778132" />
</gc-op>
<gc-end id="519" type="global mark phase" contextid="515" durationms="1.395" usertimems="4.000" systemtimems="4.000" timestamp="2019-09-21T21:58:39.644" activeThreads="8">
  <mem-info id="520" free="6291456" total="24117248" percent="26">
    <remembered-set count="8864" freebytes="927232" totalbytes="962688" percent="96" regionsoverflowed="0" regionsstable="0" regionsrebuilding="0"/>
  </mem-info>
</gc-end>
<concurrent-start id="521" type="GMP work packet processing" contextid="515" timestamp="2019-09-21T21:58:39.644">
  <concurrent-mark-start scanTarget="3428890" />
</concurrent-start>
<concurrent-end id="522" type="GMP work packet processing" contextid="515" timestamp="2019-09-21T21:58:39.645">
  <concurrent-mark-end bytesScanned="3454840" reasonForTermination="Work target met" />
</concurrent-end>

<exclusive-end id="523" timestamp="2019-09-21T21:58:39.645" durationms="2.745" />

<exclusive-start id="524" timestamp="2019-09-21T21:58:43.533" intervalms="3890.692">
  <response-info timems="0.090" idlems="0.090" threads="0" lastid="00000000011B2E00" lastname="node-12" />
</exclusive-start>
<allocation-taxation id="525" taxation-threshold="6291456" timestamp="2019-09-21T21:58:43.533" intervalms="3890.709" />
<cycle-start id="526" type="partial gc" contextid="0" timestamp="2019-09-21T21:58:43.533" intervalms="8684.469" />
<gc-start id="527" type="partial gc" contextid="526" timestamp="2019-09-21T21:58:43.533">
  <mem-info id="528" free="0" total="24117248" percent="0">
    <mem type="eden" free="0" total="12582912" percent="0" />
    <remembered-set count="8864" freebytes="927232" totalbytes="962688" percent="96" regionsoverflowed="0" regionsstable="0" regionsrebuilding="0"/>
  </mem-info>
</gc-start>
<allocation-stats totalBytes="12575328" >
  <allocated-bytes non-tlh="0" tlh="12575328" arrayletleaf="0"/>
  <largest-consumer threadName="node-11" threadId="00000000011A7A00" bytes="303088" />
</allocation-stats>
<gc-op id="529" type="mark" timems="2.171" contextid="526" timestamp="2019-09-21T21:58:43.536">
  <trace-info objectcount="14886" scancount="14863" scanbytes="379840" />
  <cardclean-info objects="1663" bytes="75092" />
  <remembered-set-cleared processed="5000" cleared="465" durationms="0.068" />
  <stringconstants candidates="3838" cleared="0"  />
  <warning details="Mark invoked due to insufficient free space for Copy-Forward" />
</gc-op>
<gc-op id="530" type="classunload" timems="0.001" contextid="526" timestamp="2019-09-21T21:58:43.536">
  <classunload-info classloadercandidates="6" classloadersunloaded="0" classesunloaded="0" anonymousclassesunloaded="0" quiescems="0.000" setupms="0.001" scanms="0.000" postms="0.000" />
</gc-op>
<gc-op id="531" type="sweep" timems="0.584" contextid="526" timestamp="2019-09-21T21:58:43.537" />
<gc-op id="532" type="compact" timems="1.541" contextid="526" timestamp="2019-09-21T21:58:43.538">
  <compact-info movecount="14885" movebytes="358952" />
  <remembered-set-cleared processed="10174" cleared="1052" durationms="0.074" />
</gc-op>
<gc-end id="533" type="partial gc" contextid="526" durationms="5.264" usertimems="12.000" systemtimems="0.000" timestamp="2019-09-21T21:58:43.538" activeThreads="8">
  <mem-info id="534" free="12582912" total="24117248" percent="52">
    <mem type="eden" free="849632" total="1048576" percent="81" />
    <remembered-set count="8960" freebytes="926848" totalbytes="962688" percent="96" regionsoverflowed="0" regionsstable="0" regionsrebuilding="0"/>
  </mem-info>
</gc-end>
<cycle-end id="535" type="partial gc" contextid="526" timestamp="2019-09-21T21:58:43.539" />
  <attribute name="elasticGC enabled" value="1" />
  <attribute name= "numThreadsSpecified" value="8" />
  <attribute name="heapSize specified" value="0" />
  <attribute name="Current GC Util" value="74" />
  <attribute name= "Current Time Running" value="145710" />
  <attribute name ="GC Interval" value="0" />
  <attribute name="Target GC Util Change" value ="40.000000" />
  <attribute name="Current GC Util Change" value="74.000000"/>
  <attribute name="Current Error" value="-162.000000" />
  <attribute name="Output H" value="24155000"/>
  <attribute name="Output I" value="1912"/>
  <attribute name="Output T" value="8"/>
  <attribute name= "Current Time Running" value="145710" />
  <attribute name="GC Util currently" value="74" />
  <attribute name="CPU Util currently" value="3056554082069" />
<exclusive-end id="536" timestamp="2019-09-21T21:58:43.539" durationms="5.939" />

<exclusive-start id="537" timestamp="2019-09-21T21:58:47.970" intervalms="4437.292">
  <response-info timems="0.074" idlems="0.043" threads="1" lastid="00000000011C9900" lastname="node-9" />
</exclusive-start>
<allocation-taxation id="538" taxation-threshold="6291456" timestamp="2019-09-21T21:58:47.970" intervalms="4437.294" />
<gc-start id="539" type="global mark phase" contextid="515" timestamp="2019-09-21T21:58:47.970">
  <mem-info id="540" free="6291456" total="24117248" percent="26">
    <remembered-set count="8960" freebytes="926848" totalbytes="962688" percent="96" regionsoverflowed="0" regionsstable="0" regionsrebuilding="0"/>
  </mem-info>
</gc-start>
<gc-end id="541" type="global mark phase" contextid="515" durationms="0.066" usertimems="0.000" systemtimems="0.000" timestamp="2019-09-21T21:58:47.970" activeThreads="8">
  <mem-info id="542" free="6291456" total="24117248" percent="26">
    <remembered-set count="8960" freebytes="926848" totalbytes="962688" percent="96" regionsoverflowed="0" regionsstable="0" regionsrebuilding="0"/>
  </mem-info>
</gc-end>
<concurrent-start id="543" type="GMP work packet processing" contextid="515" timestamp="2019-09-21T21:58:47.970">
  <concurrent-mark-start scanTarget="18446744073709551615" />
</concurrent-start>
<exclusive-end id="544" timestamp="2019-09-21T21:58:47.971" durationms="0.565" />

<concurrent-end id="545" type="GMP work packet processing" contextid="515" timestamp="2019-09-21T21:58:47.972">
  <concurrent-mark-end bytesScanned="136548" reasonForTermination="Completed all work in GC phase" />
</concurrent-end>

<exclusive-start id="546" timestamp="2019-09-21T21:58:51.961" intervalms="3990.560">
  <response-info timems="0.041" idlems="0.041" threads="0" lastid="00000000011C2200" lastname="node-20" />
</exclusive-start>
<allocation-taxation id="547" taxation-threshold="6291456" timestamp="2019-09-21T21:58:51.961" intervalms="3990.587" />
<cycle-start id="548" type="partial gc" contextid="0" timestamp="2019-09-21T21:58:51.961" intervalms="8427.862" />
<gc-start id="549" type="partial gc" contextid="548" timestamp="2019-09-21T21:58:51.961">
  <mem-info id="550" free="0" total="24117248" percent="0">
    <mem type="eden" free="849632" total="13631488" percent="6" />
    <remembered-set count="8960" freebytes="926848" totalbytes="962688" percent="96" regionsoverflowed="0" regionsstable="0" regionsrebuilding="0"/>
  </mem-info>
</gc-start>
<allocation-stats totalBytes="12574768" >
  <allocated-bytes non-tlh="0" tlh="12574768" arrayletleaf="0"/>
  <largest-consumer threadName="node-8" threadId="000000000118D700" bytes="303056" />
</allocation-stats>
<gc-op id="551" type="mark" timems="2.281" contextid="548" timestamp="2019-09-21T21:58:51.964">
  <trace-info objectcount="15495" scancount="15460" scanbytes="394160" />
  <cardclean-info objects="1693" bytes="76640" />
  <remembered-set-cleared processed="5121" cleared="511" durationms="0.071" />
  <stringconstants candidates="3838" cleared="0"  />
  <warning details="Mark invoked due to insufficient free space for Copy-Forward" />
</gc-op>
<gc-op id="552" type="classunload" timems="0.002" contextid="548" timestamp="2019-09-21T21:58:51.964">
  <classunload-info classloadercandidates="6" classloadersunloaded="0" classesunloaded="0" anonymousclassesunloaded="0" quiescems="0.000" setupms="0.002" scanms="0.000" postms="0.000" />
</gc-op>
<gc-op id="553" type="sweep" timems="0.417" contextid="548" timestamp="2019-09-21T21:58:51.964" />
<gc-op id="554" type="compact" timems="1.690" contextid="548" timestamp="2019-09-21T21:58:51.966">
  <compact-info movecount="15431" movebytes="383320" />
  <remembered-set-cleared processed="10411" cleared="1067" durationms="0.071" />
</gc-op>
<gc-end id="555" type="partial gc" contextid="548" durationms="5.425" usertimems="8.000" systemtimems="0.000" timestamp="2019-09-21T21:58:51.967" activeThreads="8">
  <mem-info id="556" free="11534336" total="24117248" percent="47">
    <mem type="eden" free="1712296" total="2097152" percent="81" />
    <remembered-set count="8576" freebytes="928384" totalbytes="962688" percent="96" regionsoverflowed="0" regionsstable="0" regionsrebuilding="0"/>
  </mem-info>
</gc-end>
<cycle-end id="557" type="partial gc" contextid="548" timestamp="2019-09-21T21:58:51.967" />
  <attribute name="elasticGC enabled" value="1" />
  <attribute name= "numThreadsSpecified" value="8" />
  <attribute name="heapSize specified" value="0" />
  <attribute name="Current GC Util" value="79" />
  <attribute name= "Current Time Running" value="154137" />
  <attribute name ="GC Interval" value="0" />
  <attribute name="Target GC Util Change" value ="40.000000" />
  <attribute name="Current GC Util Change" value="79.000000"/>
  <attribute name="Current Error" value="-39.000000" />
  <attribute name="Output H" value="24155072"/>
  <attribute name="Output I" value="1984"/>
  <attribute name="Output T" value="8"/>
  <attribute name= "Current Time Running" value="154137" />
  <attribute name="GC Util currently" value="79" />
  <attribute name="CPU Util currently" value="3732097745992" />
<exclusive-end id="558" timestamp="2019-09-21T21:58:51.967" durationms="6.073" />

<exclusive-start id="559" timestamp="2019-09-21T21:58:55.302" intervalms="3341.237">
  <response-info timems="0.093" idlems="0.040" threads="2" lastid="00000000011B2E00" lastname="node-12" />
</exclusive-start>
<allocation-taxation id="560" taxation-threshold="5242880" timestamp="2019-09-21T21:58:55.302" intervalms="3341.244" />
<gc-start id="561" type="global mark phase" contextid="515" timestamp="2019-09-21T21:58:55.302">
  <mem-info id="562" free="6291456" total="24117248" percent="26">
    <remembered-set count="5920" freebytes="939008" totalbytes="962688" percent="97" regionsoverflowed="0" regionsstable="2" regionsrebuilding="0"/>
  </mem-info>
</gc-start>
<gc-op id="563" type="mark increment" timems="2.233" contextid="515" timestamp="2019-09-21T21:58:55.305">
  <trace-info objectcount="15348" scancount="15324" scanbytes="390896" />
  <cardclean-info objects="1717" bytes="76936" />
  <finalization candidates="13" enqueued="0" />
  <references type="soft" candidates="45" cleared="0" enqueued="0" dynamicThreshold="15" maxThreshold="32" />
  <references type="weak" candidates="143" cleared="0" enqueued="0" />
  <references type="phantom" candidates="57" cleared="0" enqueued="0" />
  <stringconstants candidates="3838" cleared="0"  />
</gc-op>
<gc-op id="564" type="classunload" timems="0.002" contextid="515" timestamp="2019-09-21T21:58:55.305">
  <classunload-info classloadercandidates="6" classloadersunloaded="0" classesunloaded="0" anonymousclassesunloaded="0" quiescems="0.000" setupms="0.002" scanms="0.000" postms="0.000" />
</gc-op>
<gc-end id="565" type="global mark phase" contextid="515" durationms="2.528" usertimems="4.000" systemtimems="0.000" timestamp="2019-09-21T21:58:55.305" activeThreads="8">
  <mem-info id="566" free="6291456" total="24117248" percent="26">
    <remembered-set count="5920" freebytes="939008" totalbytes="962688" percent="97" regionsoverflowed="0" regionsstable="2" regionsrebuilding="0"/>
  </mem-info>
</gc-end>
<cycle-end id="567" type="global mark phase" contextid="515" timestamp="2019-09-21T21:58:55.305" />
  <attribute name="elasticGC enabled" value="1" />
  <attribute name= "numThreadsSpecified" value="8" />
  <attribute name="heapSize specified" value="0" />
  <attribute name="Current GC Util" value="24" />
  <attribute name= "Current Time Running" value="157477" />
  <attribute name ="GC Interval" value="0" />
  <attribute name="Target GC Util Change" value ="40.000000" />
  <attribute name="Current GC Util Change" value="24.000000"/>
  <attribute name="Current Error" value="-216.000000" />
  <attribute name="Output H" value="24154968"/>
  <attribute name="Output I" value="1880"/>
  <attribute name="Output T" value="8"/>
  <attribute name= "Current Time Running" value="157477" />
  <attribute name="GC Util currently" value="24" />
  <attribute name="CPU Util currently" value="2555975918741" />
<exclusive-end id="568" timestamp="2019-09-21T21:58:55.305" durationms="3.005" />

<exclusive-start id="569" timestamp="2019-09-21T21:58:59.007" intervalms="3704.979">
  <response-info timems="0.045" idlems="0.045" threads="0" lastid="00000000011D4D00" lastname="node-16" />
</exclusive-start>
<allocation-taxation id="570" taxation-threshold="5242880" timestamp="2019-09-21T21:58:59.007" intervalms="3704.949" />
<cycle-start id="571" type="partial gc" contextid="0" timestamp="2019-09-21T21:58:59.007" intervalms="7046.221" />
<gc-start id="572" type="partial gc" contextid="571" timestamp="2019-09-21T21:58:59.007">
  <mem-info id="573" free="1048576" total="24117248" percent="4">
    <mem type="eden" free="0" total="10485760" percent="0" />
    <remembered-set count="5920" freebytes="939008" totalbytes="962688" percent="97" regionsoverflowed="0" regionsstable="2" regionsrebuilding="0"/>
  </mem-info>
</gc-start>
<allocation-stats totalBytes="10477528" >
  <allocated-bytes non-tlh="0" tlh="10477528" arrayletleaf="0"/>
  <largest-consumer threadName="node-8" threadId="000000000118D700" bytes="286720" />
</allocation-stats>
<gc-op id="574" type="sweep" timems="0.532" contextid="571" timestamp="2019-09-21T21:58:59.008" />
<gc-op id="575" type="copy forward" timems="2.288" contextid="571" timestamp="2019-09-21T21:58:59.011">
  <memory-copied type="eden" objects="3004" bytes="84784" bytesdiscarded="17617" />
  <memory-copied type="other" objects="10770" bytes="258480" bytesdiscarded="5583" />
  <memory-cardclean objects="1643" bytes="98568" />
  <regions eden="5" other="6" />
  <remembered-set-cleared processed="2898" cleared="501" durationms="0.059" />
  <stringconstants candidates="3838" cleared="0"  />
</gc-op>
<gc-op id="576" type="classunload" timems="0.001" contextid="571" timestamp="2019-09-21T21:58:59.011">
  <classunload-info classloadercandidates="6" classloadersunloaded="0" classesunloaded="0" anonymousclassesunloaded="0" quiescems="0.000" setupms="0.001" scanms="0.000" postms="0.000" />
</gc-op>
<gc-end id="577" type="partial gc" contextid="571" durationms="3.769" usertimems="0.000" systemtimems="8.000" timestamp="2019-09-21T21:58:59.011" activeThreads="8">
  <mem-info id="578" free="11534336" total="24117248" percent="47">
    <mem type="eden" free="1907448" total="2097152" percent="90" />
    <remembered-set count="6400" freebytes="937088" totalbytes="962688" percent="97" regionsoverflowed="0" regionsstable="2" regionsrebuilding="0"/>
  </mem-info>
</gc-end>
<cycle-end id="579" type="partial gc" contextid="571" timestamp="2019-09-21T21:58:59.011" />
  <attribute name="elasticGC enabled" value="1" />
  <attribute name= "numThreadsSpecified" value="8" />
  <attribute name="heapSize specified" value="0" />
  <attribute name="Current GC Util" value="120" />
  <attribute name= "Current Time Running" value="161181" />
  <attribute name ="GC Interval" value="0" />
  <attribute name="Target GC Util Change" value ="40.000000" />
  <attribute name="Current GC Util Change" value="120.000000"/>
  <attribute name="Current Error" value="-80.000000" />
  <attribute name="Output H" value="24155048"/>
  <attribute name="Output I" value="1960"/>
  <attribute name="Output T" value="8"/>
  <attribute name= "Current Time Running" value="161181" />
  <attribute name="GC Util currently" value="120" />
  <attribute name="CPU Util currently" value="11908500766038" />
<exclusive-end id="580" timestamp="2019-09-21T21:58:59.011" durationms="4.590" />

<exclusive-start id="581" timestamp="2019-09-21T21:59:02.210" intervalms="3202.653">
  <response-info timems="0.056" idlems="0.056" threads="0" lastid="0000000001198A00" lastname="node-0" />
</exclusive-start>
<allocation-taxation id="582" taxation-threshold="5242880" timestamp="2019-09-21T21:59:02.210" intervalms="3202.644" />
<cycle-start id="583" type="global mark phase" contextid="0" timestamp="2019-09-21T21:59:02.210" intervalms="22567.438" />
<gc-start id="584" type="global mark phase" contextid="583" timestamp="2019-09-21T21:59:02.210">
  <mem-info id="585" free="6291456" total="24117248" percent="26">
    <remembered-set count="4736" freebytes="943744" totalbytes="962688" percent="98" regionsoverflowed="0" regionsstable="4" regionsrebuilding="0"/>
  </mem-info>
</gc-start>
<gc-op id="586" type="mark increment" timems="0.611" contextid="583" timestamp="2019-09-21T21:59:02.210">
  <trace-info objectcount="334" scancount="0" scanbytes="0" />
</gc-op>
<gc-end id="587" type="global mark phase" contextid="583" durationms="0.745" usertimems="0.000" systemtimems="0.000" timestamp="2019-09-21T21:59:02.211" activeThreads="8">
  <mem-info id="588" free="6291456" total="24117248" percent="26">
    <remembered-set count="4736" freebytes="943744" totalbytes="962688" percent="98" regionsoverflowed="0" regionsstable="0" regionsrebuilding="4"/>
  </mem-info>
</gc-end>
<concurrent-start id="589" type="GMP work packet processing" contextid="583" timestamp="2019-09-21T21:59:02.211">
  <concurrent-mark-start scanTarget="18446744073709551615" />
</concurrent-start>
<exclusive-end id="590" timestamp="2019-09-21T21:59:02.211" durationms="1.204" />

<concurrent-end id="591" type="GMP work packet processing" contextid="583" timestamp="2019-09-21T21:59:02.213">
  <concurrent-mark-end bytesScanned="5271456" reasonForTermination="Completed all work in GC phase" />
</concurrent-end>

<exclusive-start id="592" timestamp="2019-09-21T21:59:05.432" intervalms="3222.559">
  <response-info timems="0.307" idlems="0.162" threads="1" lastid="00000000011B2E00" lastname="node-12" />
</exclusive-start>
<allocation-taxation id="593" taxation-threshold="5242880" timestamp="2019-09-21T21:59:05.432" intervalms="3222.615" />
<cycle-start id="594" type="partial gc" contextid="0" timestamp="2019-09-21T21:59:05.432" intervalms="6425.267" />
<gc-start id="595" type="partial gc" contextid="594" timestamp="2019-09-21T21:59:05.433">
  <mem-info id="596" free="1048576" total="24117248" percent="4">
    <mem type="eden" free="0" total="10485760" percent="0" />
    <remembered-set count="9728" freebytes="923776" totalbytes="962688" percent="95" regionsoverflowed="0" regionsstable="0" regionsrebuilding="4"/>
  </mem-info>
</gc-start>
<allocation-stats totalBytes="10481904" >
  <allocated-bytes non-tlh="0" tlh="10481904" arrayletleaf="0"/>
  <largest-consumer threadName="node-9" threadId="00000000011C9900" bytes="270312" />
</allocation-stats>
<gc-op id="597" type="copy forward" timems="2.834" contextid="594" timestamp="2019-09-21T21:59:05.436">
  <memory-copied type="eden" objects="6688" bytes="159592" bytesdiscarded="67192" />
  <memory-copied type="other" objects="6347" bytes="152328" bytesdiscarded="7480" />
  <memory-cardclean objects="1630" bytes="97640" />
  <regions eden="10" other="2" />
  <remembered-set-cleared processed="6712" cleared="632" durationms="0.087" />
  <stringconstants candidates="3838" cleared="0"  />
  <heap-resize type="expand" space="default" amount="2097152" count="2" timems="0.148" reason="continue current collection" />
</gc-op>
<gc-op id="598" type="classunload" timems="0.002" contextid="594" timestamp="2019-09-21T21:59:05.436">
  <classunload-info classloadercandidates="6" classloadersunloaded="0" classesunloaded="0" anonymousclassesunloaded="0" quiescems="0.000" setupms="0.002" scanms="0.000" postms="0.000" />
</gc-op>
<gc-op id="599" type="compact" timems="3.332" contextid="594" timestamp="2019-09-21T21:59:05.439">
  <compact-info movecount="17990" movebytes="584656" />
  <remembered-set-cleared processed="12861" cleared="3144" durationms="0.087" />
</gc-op>
<gc-end id="600" type="partial gc" contextid="594" durationms="7.155" usertimems="12.000" systemtimems="0.000" timestamp="2019-09-21T21:59:05.440" activeThreads="8">
  <mem-info id="601" free="13631488" total="26214400" percent="52">
    <mem type="eden" free="1870368" total="2097152" percent="89" />
    <remembered-set count="8896" freebytes="1010816" totalbytes="1046400" percent="96" regionsoverflowed="0" regionsstable="0" regionsrebuilding="4"/>
  </mem-info>
</gc-end>
<cycle-end id="602" type="partial gc" contextid="594" timestamp="2019-09-21T21:59:05.440" />
  <attribute name="elasticGC enabled" value="1" />
  <attribute name= "numThreadsSpecified" value="8" />
  <attribute name="heapSize specified" value="0" />
  <attribute name="Current GC Util" value="159" />
  <attribute name= "Current Time Running" value="167609" />
  <attribute name ="GC Interval" value="0" />
  <attribute name="Target GC Util Change" value ="40.000000" />
  <attribute name="Current GC Util Change" value="159.000000"/>
  <attribute name="Current Error" value="-119.000000" />
  <attribute name="Output H" value="26252176"/>
  <attribute name="Output I" value="1936"/>
  <attribute name="Output T" value="8"/>
  <attribute name= "Current Time Running" value="167609" />
  <attribute name="GC Util currently" value="159" />
  <attribute name="CPU Util currently" value="755247956019" />
<exclusive-end id="603" timestamp="2019-09-21T21:59:05.440" durationms="8.074" />

<exclusive-start id="604" timestamp="2019-09-21T21:59:08.857" intervalms="3424.956">
  <response-info timems="0.051" idlems="0.051" threads="0" lastid="00000000011A0200" lastname="node-3" />
</exclusive-start>
<allocation-taxation id="605" taxation-threshold="6291456" timestamp="2019-09-21T21:59:08.857" intervalms="3424.903" />
<gc-start id="606" type="global mark phase" contextid="583" timestamp="2019-09-21T21:59:08.857">
  <mem-info id="607" free="7340032" total="26214400" percent="28">
    <remembered-set count="7424" freebytes="1016704" totalbytes="1046400" percent="97" regionsoverflowed="0" regionsstable="2" regionsrebuilding="4"/>
  </mem-info>
</gc-start>
<gc-op id="608" type="mark increment" timems="2.366" contextid="583" timestamp="2019-09-21T21:59:08.860">
  <trace-info objectcount="30206" scancount="29459" scanbytes="1294412" />
  <cardclean-info objects="7246" bytes="410340" />
  <finalization candidates="13" enqueued="0" />
  <references type="soft" candidates="45" cleared="0" enqueued="0" dynamicThreshold="16" maxThreshold="32" />
  <references type="weak" candidates="143" cleared="0" enqueued="0" />
  <references type="phantom" candidates="57" cleared="0" enqueued="0" />
  <stringconstants candidates="3838" cleared="0"  />
</gc-op>
<gc-op id="609" type="classunload" timems="0.002" contextid="583" timestamp="2019-09-21T21:59:08.860">
  <classunload-info classloadercandidates="6" classloadersunloaded="0" classesunloaded="0" anonymousclassesunloaded="0" quiescems="0.000" setupms="0.002" scanms="0.000" postms="0.000" />
</gc-op>
<gc-end id="610" type="global mark phase" contextid="583" durationms="2.590" usertimems="8.000" systemtimems="0.000" timestamp="2019-09-21T21:59:08.860" activeThreads="8">
  <mem-info id="611" free="7340032" total="26214400" percent="28">
    <remembered-set count="9984" freebytes="1006464" totalbytes="1046400" percent="96" regionsoverflowed="0" regionsstable="2" regionsrebuilding="0"/>
  </mem-info>
</gc-end>
<cycle-end id="612" type="global mark phase" contextid="583" timestamp="2019-09-21T21:59:08.860" />
  <attribute name="elasticGC enabled" value="1" />
  <attribute name= "numThreadsSpecified" value="8" />
  <attribute name="heapSize specified" value="0" />
  <attribute name="Current GC Util" value="246" />
  <attribute name= "Current Time Running" value="171032" />
  <attribute name ="GC Interval" value="0" />
  <attribute name="Target GC Util Change" value ="40.000000" />
  <attribute name="Current GC Util Change" value="246.000000"/>
  <attribute name="Current Error" value="-543.000000" />
  <attribute name="Output H" value="26251928"/>
  <attribute name="Output I" value="1688"/>
  <attribute name="Output T" value="8"/>
  <attribute name= "Current Time Running" value="171032" />
  <attribute name="GC Util currently" value="246" />
  <attribute name="CPU Util currently" value="2476245861998" />
<exclusive-end id="613" timestamp="2019-09-21T21:59:08.860" durationms="3.036" />

</verbosegc>

