<?xml version="1.0" ?>

<verbosegc xmlns="http://www.ibm.com/j9/verbosegc" version="10b4217_CMPRSS">

<initialized id="1" timestamp="2019-06-15T05:51:55.473">
  <attribute name="gcPolicy" value="-Xgcpolicy:balanced" />
  <attribute name="elasticGC enabled" value="1" />
  <attribute name= "numThreadsSpecified" value="0" />
  <attribute name="heapSize specified" value="0" />
  <attribute name="Current GC Util" value="0" />
  <attribute name= "Current Time Running" value="0" />
  <attribute name ="GC Interval" value="0" />
  <attribute name="ProportionalT" value="0.000000" />
  <attribute name="ProportionalI" value="0.000000" />
  <attribute name="ProportionalH" value="0.000000" />
  <attribute name="IntegralT" value="0.000000" />
  <attribute name="IntegralI" value="0.000000" />
  <attribute name="IntegralH" value="0.000000" />
  <attribute name="DerivativeT" value="0.000000" />
  <attribute name="DerivativeI" value="0.000000" />
  <attribute name="DerivativeH" value="0.000000" />
  <attribute name="Target GC Util Change" value ="0.000000" />
  <attribute name="Current GC Util Change" value="0.000000"/>
  <attribute name="Current Error" value="0.000000" />
  <attribute name="Loop Time for DT" value="0.000000" />
  <attribute name="Output H" value="0"/>
  <attribute name="Output I" value="0"/>
  <attribute name="Output T" value="0"/>
  <attribute name="GC Util currently" value="0" />
  <attribute name="CPU Util currently" value="0" />
  <attribute name="maxHeapSize" value="0x7cb00000" />
  <attribute name="initialHeapSize" value="0x800000" />
  <attribute name="compressedRefs" value="true" />
  <attribute name="compressedRefsDisplacement" value="0x0" />
  <attribute name="compressedRefsShift" value="0x0" />
  <attribute name="pageSize" value="0x1000" />
  <attribute name="pageType" value="not used" />
  <attribute name="requestedPageSize" value="0x1000" />
  <attribute name="requestedPageType" value="not used" />
  <attribute name="gcthreads" value="4" />
  <attribute name="packetListSplit" value="4" />
  <attribute name="cacheListSplit" value="4" />
  <attribute name="splitFreeListSplitAmount" value="1" />
  <attribute name="numaNodes" value="0" />
  <region>
    <attribute name="regionSize" value="1048576" />
    <attribute name="regionCount" value="1995" />
    <attribute name="arrayletLeafSize" value="1048576" />
  </region>
  <system>
    <attribute name="physicalMemory" value="8370962432" />
    <attribute name="numCPUs" value="4" />
    <attribute name="architecture" value="amd64" />
    <attribute name="os" value="Linux" />
    <attribute name="osVersion" value="4.4.0-148-generic" />
  </system>
  <vmargs>
    <vmarg name="-Xoptionsfile=/vagrant/jdk/lib/options.default" />
    <vmarg name="-Xlockword:mode=default,noLockword=java/lang/String,noLockword=java/util/MapEntry,noLockword=java/util/HashMap$Entry,noLockword..." />
    <vmarg name="-Xjcl:jclse29" />
    <vmarg name="-Dcom.ibm.oti.vm.bootstrap.library.path=/vagrant/jdk/lib/compressedrefs:/vagrant/jdk/lib" />
    <vmarg name="-Dsun.boot.library.path=/vagrant/jdk/lib/compressedrefs:/vagrant/jdk/lib" />
    <vmarg name="-Djava.library.path=/vagrant/jdk/lib/compressedrefs:/vagrant/jdk/lib:/usr/lib64:/usr/lib" />
    <vmarg name="-Djava.home=/vagrant/jdk" />
    <vmarg name="-Duser.dir=/vagrant" />
    <vmarg name="-Xgcpolicy:balanced" />
    <vmarg name="-Xgcelastic" />
    <vmarg name="-Xcheck:gc:::elasticGC" />
    <vmarg name="-verbose:gc" />
    <vmarg name="-Xloggc:default-Balanced-jdk0.5-1-1.5-verbose14avrora.txt" />
    <vmarg name="-Djava.class.path=dacapo-9.12-MR1-bach.jar" />
    <vmarg name="-Dsun.java.command=dacapo-9.12-MR1-bach.jar avrora --size=default" />
    <vmarg name="-Dsun.java.launcher=SUN_STANDARD" />
    <vmarg name="-Dsun.java.launcher.pid=20630" />
  </vmargs>
</initialized>

<exclusive-start id="2" timestamp="2019-06-15T05:51:56.426" intervalms="952.291">
  <response-info timems="0.019" idlems="0.019" threads="0" lastid="0000000001632700" lastname="main" />
</exclusive-start>
<sys-start reason="explicit" id="3" timestamp="2019-06-15T05:51:56.426" intervalms="952.719" />
<cycle-start id="4" type="global garbage collect" contextid="0" timestamp="2019-06-15T05:51:56.426" intervalms="953.258" />
<gc-start id="5" type="global garbage collect" contextid="4" timestamp="2019-06-15T05:51:56.427">
  <mem-info id="6" free="1662824" total="8388608" percent="19">
    <mem type="eden" free="614328" total="7340032" percent="8" />
    <remembered-set count="0" freebytes="334848" totalbytes="334848" percent="100" regionsoverflowed="0" regionsstable="0" regionsrebuilding="0"/>
  </mem-info>
</gc-start>
<allocation-stats totalBytes="6656008" >
  <allocated-bytes non-tlh="529728" tlh="6126280" arrayletleaf="0"/>
  <largest-consumer threadName="main" threadId="0000000001632700" bytes="6579440" />
</allocation-stats>
<gc-op id="7" type="global mark" timems="3.181" contextid="4" timestamp="2019-06-15T05:51:56.430">
  <trace-info objectcount="17849" scancount="14128" scanbytes="463976" />
  <finalization candidates="14" enqueued="1" />
  <references type="soft" candidates="66" cleared="0" enqueued="0" dynamicThreshold="32" maxThreshold="32" />
  <references type="weak" candidates="553" cleared="411" enqueued="372" />
  <references type="phantom" candidates="99" cleared="41" enqueued="41" />
  <stringconstants candidates="2456" cleared="0"  />
</gc-op>
<gc-op id="8" type="classunload" timems="0.090" contextid="4" timestamp="2019-06-15T05:51:56.431">
  <classunload-info classloadercandidates="6" classloadersunloaded="0" classesunloaded="0" anonymousclassesunloaded="0" quiescems="0.000" setupms="0.090" scanms="0.000" postms="0.000" />
</gc-op>
<gc-op id="9" type="sweep" timems="0.534" contextid="4" timestamp="2019-06-15T05:51:56.432" />
<gc-op id="10" type="compact" timems="4.263" contextid="4" timestamp="2019-06-15T05:51:56.436">
  <compact-info movecount="17841" movebytes="1020344" />
  <remembered-set-cleared processed="1065" cleared="1065" durationms="0.109" />
</gc-op>
<gc-end id="11" type="global garbage collect" contextid="4" durationms="9.671" usertimems="0.000" systemtimems="8.000" timestamp="2019-06-15T05:51:56.437" activeThreads="4">
  <mem-info id="12" free="7340032" total="8388608" percent="87">
    <pending-finalizers system="1" default="0" reference="413" classloader="0" />
    <remembered-set count="0" freebytes="334848" totalbytes="334848" percent="100" regionsoverflowed="0" regionsstable="0" regionsrebuilding="0"/>
  </mem-info>
</gc-end>
<cycle-end id="13" type="global garbage collect" contextid="4" timestamp="2019-06-15T05:51:56.437" />
  <attribute name="elasticGC enabled" value="1" />
  <attribute name= "numThreadsSpecified" value="4" />
  <attribute name="heapSize specified" value="0" />
  <attribute name="Current GC Util" value="40" />
  <attribute name= "Current Time Running" value="799" />
  <attribute name ="GC Interval" value="0" />
  <attribute name="ProportionalT" value="10.000000" />
  <attribute name="ProportionalI" value="10.000000" />
  <attribute name="ProportionalH" value="10.000000" />
  <attribute name="Current Error" value="20.000000" />
  <attribute name="IntegralT" value="-15691.000000" />
  <attribute name="IntegralI" value="-15691.000000" />
  <attribute name="IntegralH" value="-15691.000000" />
  <attribute name="DerivativeT" value="-64.500000" />
  <attribute name="DerivativeI" value="-64.500000" />
  <attribute name="DerivativeH" value="-64.500000" />
  <attribute name="Loop Time for DT" value="1.000000" />
  <attribute name="Output H" value="2091843584"/>
  <attribute name="Output I" value="200"/>
  <attribute name="Output T" value="4"/>
  <attribute name="Target GC Util Change" value ="20.000000" />
  <attribute name="Current GC Util Change" value="40.000000"/>
  <attribute name="GC Util currently" value="40" />
  <attribute name="CPU Util currently" value="225" />
<sys-end id="14" timestamp="2019-06-15T05:51:56.437" />
<exclusive-end id="15" timestamp="2019-06-15T05:51:56.437" durationms="11.375" />

<exclusive-start id="16" timestamp="2019-06-15T05:51:57.613" intervalms="1188.011">
  <response-info timems="0.029" idlems="0.029" threads="0" lastid="00000000018EFD00" lastname="node-5" />
</exclusive-start>
<allocation-taxation id="17" taxation-threshold="7340032" timestamp="2019-06-15T05:51:57.614" intervalms="2140.460" />
<cycle-start id="18" type="partial gc" contextid="0" timestamp="2019-06-15T05:51:57.614" intervalms="2140.639" />
<gc-start id="19" type="partial gc" contextid="18" timestamp="2019-06-15T05:51:57.614">
  <mem-info id="20" free="0" total="8388608" percent="0">
    <mem type="eden" free="0" total="7340032" percent="0" />
    <remembered-set count="0" freebytes="334848" totalbytes="334848" percent="100" regionsoverflowed="0" regionsstable="0" regionsrebuilding="0"/>
  </mem-info>
</gc-start>
<allocation-stats totalBytes="7329872" >
  <allocated-bytes non-tlh="172800" tlh="7157072" arrayletleaf="0"/>
  <largest-consumer threadName="main" threadId="0000000001632700" bytes="6528400" />
</allocation-stats>
<gc-op id="21" type="mark" timems="3.163" contextid="18" timestamp="2019-06-15T05:51:57.618">
  <trace-info objectcount="29324" scancount="25909" scanbytes="1015068" />
  <cardclean-info objects="1083" bytes="37276" />
  <remembered-set-cleared processed="0" cleared="0" durationms="0.046" />
  <references type="weak" candidates="45" cleared="44" enqueued="44" />
  <references type="phantom" candidates="4" cleared="2" enqueued="2" />
  <stringconstants candidates="3831" cleared="0"  />
  <warning details="Mark invoked due to insufficient free space for Copy-Forward" />
</gc-op>
<gc-op id="22" type="classunload" timems="0.002" contextid="18" timestamp="2019-06-15T05:51:57.618">
  <classunload-info classloadercandidates="6" classloadersunloaded="0" classesunloaded="0" anonymousclassesunloaded="0" quiescems="0.000" setupms="0.001" scanms="0.000" postms="0.000" />
</gc-op>
<gc-op id="23" type="sweep" timems="0.857" contextid="18" timestamp="2019-06-15T05:51:57.619" />
<gc-op id="24" type="compact" timems="9.042" contextid="18" timestamp="2019-06-15T05:51:57.628">
  <compact-info movecount="29324" movebytes="1368872" />
  <remembered-set-cleared processed="836" cleared="836" durationms="0.046" />
</gc-op>
<gc-end id="25" type="partial gc" contextid="18" durationms="14.959" usertimems="0.000" systemtimems="12.000" timestamp="2019-06-15T05:51:57.629" activeThreads="4">
  <mem-info id="26" free="5242880" total="8388608" percent="62">
    <mem type="eden" free="727824" total="2097152" percent="34" />
    <pending-finalizers system="0" default="0" reference="46" classloader="0" />
    <remembered-set count="1536" freebytes="328704" totalbytes="334848" percent="98" regionsoverflowed="0" regionsstable="0" regionsrebuilding="0"/>
  </mem-info>
</gc-end>
<cycle-end id="27" type="partial gc" contextid="18" timestamp="2019-06-15T05:51:57.629" />
  <attribute name="elasticGC enabled" value="1" />
  <attribute name= "numThreadsSpecified" value="4" />
  <attribute name="heapSize specified" value="0" />
  <attribute name="Current GC Util" value="48" />
  <attribute name= "Current Time Running" value="1987" />
  <attribute name ="GC Interval" value="0" />
  <attribute name="ProportionalT" value="14.000000" />
  <attribute name="ProportionalI" value="14.000000" />
  <attribute name="ProportionalH" value="14.000000" />
  <attribute name="Current Error" value="28.000000" />
  <attribute name="IntegralT" value="56.000000" />
  <attribute name="IntegralI" value="56.000000" />
  <attribute name="IntegralH" value="56.000000" />
  <attribute name="DerivativeT" value="21.000000" />
  <attribute name="DerivativeI" value="21.000000" />
  <attribute name="DerivativeH" value="21.000000" />
  <attribute name="Loop Time for DT" value="2.000000" />
  <attribute name="Output H" value="8388608"/>
  <attribute name="Output I" value="200"/>
  <attribute name="Output T" value="4"/>
  <attribute name="Target GC Util Change" value ="20.000000" />
  <attribute name="Current GC Util Change" value="48.000000"/>
  <attribute name="GC Util currently" value="48" />
  <attribute name="CPU Util currently" value="3690110453378" />
<exclusive-end id="28" timestamp="2019-06-15T05:51:57.629" durationms="15.943" />

<exclusive-start id="29" timestamp="2019-06-15T05:51:58.759" intervalms="1145.226">
  <response-info timems="0.044" idlems="0.025" threads="1" lastid="00000000018F3900" lastname="node-0" />
</exclusive-start>
<allocation-taxation id="30" taxation-threshold="2097152" timestamp="2019-06-15T05:51:58.759" intervalms="1145.181" />
<cycle-start id="31" type="global mark phase" contextid="0" timestamp="2019-06-15T05:51:58.759" intervalms="3285.950" />
<gc-start id="32" type="global mark phase" contextid="31" timestamp="2019-06-15T05:51:58.759">
  <mem-info id="33" free="3145728" total="8388608" percent="37">
    <remembered-set count="1280" freebytes="329728" totalbytes="334848" percent="98" regionsoverflowed="0" regionsstable="0" regionsrebuilding="0"/>
  </mem-info>
</gc-start>
<gc-op id="34" type="mark increment" timems="0.539" contextid="31" timestamp="2019-06-15T05:51:58.760">
  <trace-info objectcount="166" scancount="0" scanbytes="0" />
</gc-op>
<gc-end id="35" type="global mark phase" contextid="31" durationms="0.779" usertimems="0.000" systemtimems="0.000" timestamp="2019-06-15T05:51:58.760" activeThreads="1">
  <mem-info id="36" free="3145728" total="8388608" percent="37">
    <remembered-set count="1280" freebytes="329728" totalbytes="334848" percent="98" regionsoverflowed="0" regionsstable="0" regionsrebuilding="0"/>
  </mem-info>
</gc-end>
<concurrent-start id="37" type="GMP work packet processing" contextid="31" timestamp="2019-06-15T05:51:58.760">
  <concurrent-mark-start scanTarget="18446744073709551615" />
</concurrent-start>
<concurrent-end id="38" type="GMP work packet processing" contextid="31" timestamp="2019-06-15T05:51:58.763">
  <concurrent-mark-end bytesScanned="1455504" reasonForTermination="Completed all work in GC phase" />
</concurrent-end>

<exclusive-end id="39" timestamp="2019-06-15T05:51:58.764" durationms="4.850" />

<exclusive-start id="40" timestamp="2019-06-15T05:51:59.860" intervalms="1101.301">
  <response-info timems="0.033" idlems="0.033" threads="0" lastid="00000000018F7500" lastname="node-2" />
</exclusive-start>
<allocation-taxation id="41" taxation-threshold="2097152" timestamp="2019-06-15T05:51:59.860" intervalms="1101.306" />
<cycle-start id="42" type="partial gc" contextid="0" timestamp="2019-06-15T05:51:59.860" intervalms="2246.376" />
<gc-start id="43" type="partial gc" contextid="42" timestamp="2019-06-15T05:51:59.860">
  <mem-info id="44" free="1048576" total="8388608" percent="12">
    <mem type="eden" free="0" total="4194304" percent="0" />
    <remembered-set count="1280" freebytes="329728" totalbytes="334848" percent="98" regionsoverflowed="0" regionsstable="0" regionsrebuilding="0"/>
  </mem-info>
</gc-start>
<allocation-stats totalBytes="4190544" >
  <allocated-bytes non-tlh="0" tlh="4190544" arrayletleaf="0"/>
  <largest-consumer threadName="node-5" threadId="00000000018EFD00" bytes="404480" />
</allocation-stats>
<gc-op id="45" type="copy forward" timems="6.403" contextid="42" timestamp="2019-06-15T05:51:59.868">
  <memory-copied type="eden" objects="33" bytes="552" bytesdiscarded="60952" />
  <memory-copied type="other" objects="29118" bytes="1362744" bytesdiscarded="211536" />
  <memory-cardclean objects="64" bytes="4472" />
  <regions eden="4" other="2" />
  <remembered-set-cleared processed="369" cleared="369" durationms="0.055" />
  <references type="weak" candidates="1" cleared="0" enqueued="0" />
  <references type="phantom" candidates="2" cleared="0" enqueued="0" />
  <stringconstants candidates="3831" cleared="0"  />
  <heap-resize type="expand" space="default" amount="2097152" count="2" timems="0.603" reason="continue current collection" />
</gc-op>
<gc-op id="46" type="classunload" timems="0.001" contextid="42" timestamp="2019-06-15T05:51:59.868">
  <classunload-info classloadercandidates="6" classloadersunloaded="0" classesunloaded="0" anonymousclassesunloaded="0" quiescems="0.000" setupms="0.001" scanms="0.000" postms="0.000" />
</gc-op>
<gc-op id="47" type="compact" timems="0.919" contextid="42" timestamp="2019-06-15T05:51:59.869">
  <compact-info movecount="0" movebytes="0" />
  <remembered-set-cleared processed="1117" cleared="369" durationms="0.055" />
</gc-op>
<gc-end id="48" type="partial gc" contextid="42" durationms="8.700" usertimems="8.000" systemtimems="0.000" timestamp="2019-06-15T05:51:59.869" activeThreads="4">
  <mem-info id="49" free="6291456" total="10485760" percent="60">
    <mem type="eden" free="987072" total="1048576" percent="94" />
    <remembered-set count="1088" freebytes="414208" totalbytes="418560" percent="98" regionsoverflowed="0" regionsstable="0" regionsrebuilding="0"/>
  </mem-info>
</gc-end>
<cycle-end id="50" type="partial gc" contextid="42" timestamp="2019-06-15T05:51:59.869" />
  <attribute name="elasticGC enabled" value="1" />
  <attribute name= "numThreadsSpecified" value="4" />
  <attribute name="heapSize specified" value="0" />
  <attribute name="Current GC Util" value="71" />
  <attribute name= "Current Time Running" value="4235" />
  <attribute name ="GC Interval" value="0" />
  <attribute name="ProportionalT" value="25.500000" />
  <attribute name="ProportionalI" value="25.500000" />
  <attribute name="ProportionalH" value="25.500000" />
  <attribute name="Current Error" value="51.000000" />
  <attribute name="IntegralT" value="306.000000" />
  <attribute name="IntegralI" value="306.000000" />
  <attribute name="IntegralH" value="306.000000" />
  <attribute name="DerivativeT" value="8.250000" />
  <attribute name="DerivativeI" value="8.250000" />
  <attribute name="DerivativeH" value="8.250000" />
  <attribute name="Loop Time for DT" value="6.000000" />
  <attribute name="Output H" value="8388608"/>
  <attribute name="Output I" value="344"/>
  <attribute name="Output T" value="4"/>
  <attribute name="Target GC Util Change" value ="20.000000" />
  <attribute name="Current GC Util Change" value="71.000000"/>
  <attribute name="GC Util currently" value="71" />
  <attribute name="CPU Util currently" value="675900699440" />
<exclusive-end id="51" timestamp="2019-06-15T05:51:59.870" durationms="9.517" />

<exclusive-start id="52" timestamp="2019-06-15T05:52:01.442" intervalms="1581.555">
  <response-info timems="0.032" idlems="0.032" threads="0" lastid="00000000018EC100" lastname="node-4" />
</exclusive-start>
<allocation-taxation id="53" taxation-threshold="3145728" timestamp="2019-06-15T05:52:01.442" intervalms="1581.520" />
<gc-start id="54" type="global mark phase" contextid="31" timestamp="2019-06-15T05:52:01.442">
  <mem-info id="55" free="3145728" total="10485760" percent="30">
    <remembered-set count="736" freebytes="415616" totalbytes="418560" percent="99" regionsoverflowed="0" regionsstable="1" regionsrebuilding="0"/>
  </mem-info>
</gc-start>
<gc-op id="56" type="mark increment" timems="1.121" contextid="31" timestamp="2019-06-15T05:52:01.443">
  <trace-info objectcount="45" scancount="39" scanbytes="41776" />
  <cardclean-info objects="2290" bytes="131684" />
  <finalization candidates="13" enqueued="0" />
  <references type="soft" candidates="66" cleared="0" enqueued="0" dynamicThreshold="19" maxThreshold="32" />
  <references type="weak" candidates="143" cleared="0" enqueued="0" />
  <references type="phantom" candidates="59" cleared="2" enqueued="2" />
  <stringconstants candidates="3831" cleared="0"  />
</gc-op>
<gc-op id="57" type="classunload" timems="0.002" contextid="31" timestamp="2019-06-15T05:52:01.443">
  <classunload-info classloadercandidates="6" classloadersunloaded="0" classesunloaded="0" anonymousclassesunloaded="0" quiescems="0.000" setupms="0.002" scanms="0.000" postms="0.000" />
</gc-op>
<gc-end id="58" type="global mark phase" contextid="31" durationms="1.420" usertimems="0.000" systemtimems="0.000" timestamp="2019-06-15T05:52:01.443" activeThreads="4">
  <mem-info id="59" free="3145728" total="10485760" percent="30">
    <pending-finalizers system="0" default="0" reference="2" classloader="0" />
    <remembered-set count="736" freebytes="415616" totalbytes="418560" percent="99" regionsoverflowed="0" regionsstable="1" regionsrebuilding="0"/>
  </mem-info>
</gc-end>
<cycle-end id="60" type="global mark phase" contextid="31" timestamp="2019-06-15T05:52:01.443" />
  <attribute name="elasticGC enabled" value="1" />
  <attribute name= "numThreadsSpecified" value="4" />
  <attribute name="heapSize specified" value="0" />
  <attribute name="Current GC Util" value="40" />
  <attribute name= "Current Time Running" value="5810" />
  <attribute name ="GC Interval" value="0" />
  <attribute name="ProportionalT" value="10.000000" />
  <attribute name="ProportionalI" value="10.000000" />
  <attribute name="ProportionalH" value="10.000000" />
  <attribute name="Current Error" value="20.000000" />
  <attribute name="IntegralT" value="0.000000" />
  <attribute name="IntegralI" value="0.000000" />
  <attribute name="IntegralH" value="0.000000" />
  <attribute name="DerivativeT" value="-inf" />
  <attribute name="DerivativeI" value="-inf" />
  <attribute name="DerivativeH" value="-inf" />
  <attribute name="Loop Time for DT" value="0.000000" />
  <attribute name="Output H" value="2091843584"/>
  <attribute name="Output I" value="200"/>
  <attribute name="Output T" value="4"/>
  <attribute name="Target GC Util Change" value ="20.000000" />
  <attribute name="Current GC Util Change" value="40.000000"/>
  <attribute name="GC Util currently" value="40" />
  <attribute name="CPU Util currently" value="35708536079952" />
<exclusive-end id="61" timestamp="2019-06-15T05:52:01.444" durationms="1.957" />

<exclusive-start id="62" timestamp="2019-06-15T05:52:02.938" intervalms="1496.283">
  <response-info timems="0.026" idlems="0.026" threads="0" lastid="00000000018E8500" lastname="node-1" />
</exclusive-start>
<allocation-taxation id="63" taxation-threshold="3145728" timestamp="2019-06-15T05:52:02.938" intervalms="1496.294" />
<cycle-start id="64" type="partial gc" contextid="0" timestamp="2019-06-15T05:52:02.938" intervalms="3077.824" />
<gc-start id="65" type="partial gc" contextid="64" timestamp="2019-06-15T05:52:02.938">
  <mem-info id="66" free="0" total="10485760" percent="0">
    <mem type="eden" free="987072" total="7340032" percent="13" />
    <remembered-set count="736" freebytes="415616" totalbytes="418560" percent="99" regionsoverflowed="0" regionsstable="1" regionsrebuilding="0"/>
  </mem-info>
</gc-start>
<allocation-stats totalBytes="6288672" >
  <allocated-bytes non-tlh="0" tlh="6288672" arrayletleaf="0"/>
  <largest-consumer threadName="node-4" threadId="00000000018EC100" bytes="573384" />
</allocation-stats>
<gc-op id="67" type="sweep" timems="0.412" contextid="64" timestamp="2019-06-15T05:52:02.939" />
<gc-op id="68" type="copy forward" timems="1.020" contextid="64" timestamp="2019-06-15T05:52:02.940">
  <memory-copied type="eden" objects="35" bytes="600" bytesdiscarded="1752" />
  <memory-copied type="other" objects="0" bytes="0" bytesdiscarded="0" />
  <memory-cardclean objects="424" bytes="54512" />
  <regions eden="3" other="1" />
  <remembered-set-cleared processed="435" cleared="17" durationms="0.058" />
  <stringconstants candidates="3831" cleared="0"  />
</gc-op>
<gc-op id="69" type="classunload" timems="0.001" contextid="64" timestamp="2019-06-15T05:52:02.940">
  <classunload-info classloadercandidates="6" classloadersunloaded="0" classesunloaded="0" anonymousclassesunloaded="0" quiescems="0.000" setupms="0.001" scanms="0.000" postms="0.000" />
</gc-op>
<gc-end id="70" type="partial gc" contextid="64" durationms="2.404" usertimems="4.000" systemtimems="0.000" timestamp="2019-06-15T05:52:02.941" activeThreads="4">
  <mem-info id="71" free="6291456" total="10485760" percent="60">
    <mem type="eden" free="1046224" total="1048576" percent="99" />
    <remembered-set count="1600" freebytes="412160" totalbytes="418560" percent="98" regionsoverflowed="0" regionsstable="1" regionsrebuilding="0"/>
  </mem-info>
</gc-end>
<cycle-end id="72" type="partial gc" contextid="64" timestamp="2019-06-15T05:52:02.941" />
  <attribute name="elasticGC enabled" value="1" />
  <attribute name= "numThreadsSpecified" value="4" />
  <attribute name="heapSize specified" value="0" />
  <attribute name="Current GC Util" value="0" />
  <attribute name= "Current Time Running" value="7307" />
  <attribute name ="GC Interval" value="0" />
  <attribute name="ProportionalT" value="-10.000000" />
  <attribute name="ProportionalI" value="-10.000000" />
  <attribute name="ProportionalH" value="-10.000000" />
  <attribute name="Current Error" value="-20.000000" />
  <attribute name="IntegralT" value="-20.000000" />
  <attribute name="IntegralI" value="-20.000000" />
  <attribute name="IntegralH" value="-20.000000" />
  <attribute name="DerivativeT" value="-39.000000" />
  <attribute name="DerivativeI" value="-39.000000" />
  <attribute name="DerivativeH" value="-39.000000" />
  <attribute name="Loop Time for DT" value="1.000000" />
  <attribute name="Output H" value="2091843584"/>
  <attribute name="Output I" value="200"/>
  <attribute name="Output T" value="4"/>
  <attribute name="Target GC Util Change" value ="20.000000" />
  <attribute name="Current GC Util Change" value="0.000000"/>
  <attribute name="GC Util currently" value="0" />
  <attribute name="CPU Util currently" value="37824267720963" />
<exclusive-end id="73" timestamp="2019-06-15T05:52:02.941" durationms="3.099" />

<exclusive-start id="74" timestamp="2019-06-15T05:52:04.541" intervalms="1603.264">
  <response-info timems="0.026" idlems="0.026" threads="0" lastid="00000000018F7500" lastname="node-2" />
</exclusive-start>
<allocation-taxation id="75" taxation-threshold="3145728" timestamp="2019-06-15T05:52:04.541" intervalms="1603.268" />
<cycle-start id="76" type="global mark phase" contextid="0" timestamp="2019-06-15T05:52:04.541" intervalms="5782.167" />
<gc-start id="77" type="global mark phase" contextid="76" timestamp="2019-06-15T05:52:04.541">
  <mem-info id="78" free="3145728" total="10485760" percent="30">
    <remembered-set count="1120" freebytes="414080" totalbytes="418560" percent="98" regionsoverflowed="0" regionsstable="1" regionsrebuilding="0"/>
  </mem-info>
</gc-start>
<gc-op id="79" type="mark increment" timems="0.399" contextid="76" timestamp="2019-06-15T05:52:04.542">
  <trace-info objectcount="164" scancount="0" scanbytes="0" />
</gc-op>
<gc-end id="80" type="global mark phase" contextid="76" durationms="0.511" usertimems="4.000" systemtimems="0.000" timestamp="2019-06-15T05:52:04.542" activeThreads="1">
  <mem-info id="81" free="3145728" total="10485760" percent="30">
    <remembered-set count="1120" freebytes="414080" totalbytes="418560" percent="98" regionsoverflowed="0" regionsstable="0" regionsrebuilding="1"/>
  </mem-info>
</gc-end>
<concurrent-start id="82" type="GMP work packet processing" contextid="76" timestamp="2019-06-15T05:52:04.542">
  <concurrent-mark-start scanTarget="18446744073709551615" />
</concurrent-start>
<exclusive-end id="83" timestamp="2019-06-15T05:52:04.542" durationms="1.009" />

<concurrent-end id="84" type="GMP work packet processing" contextid="76" timestamp="2019-06-15T05:52:04.545">
  <concurrent-mark-end bytesScanned="1455240" reasonForTermination="Completed all work in GC phase" />
</concurrent-end>

<exclusive-start id="85" timestamp="2019-06-15T05:52:05.982" intervalms="1440.916">
  <response-info timems="0.029" idlems="0.029" threads="0" lastid="00000000018FB000" lastname="node-3" />
</exclusive-start>
<allocation-taxation id="86" taxation-threshold="3145728" timestamp="2019-06-15T05:52:05.982" intervalms="1440.907" />
<cycle-start id="87" type="partial gc" contextid="0" timestamp="2019-06-15T05:52:05.982" intervalms="3044.170" />
<gc-start id="88" type="partial gc" contextid="87" timestamp="2019-06-15T05:52:05.982">
  <mem-info id="89" free="0" total="10485760" percent="0">
    <mem type="eden" free="1046224" total="7340032" percent="14" />
    <remembered-set count="1600" freebytes="412160" totalbytes="418560" percent="98" regionsoverflowed="0" regionsstable="0" regionsrebuilding="1"/>
  </mem-info>
</gc-start>
<allocation-stats totalBytes="6288408" >
  <allocated-bytes non-tlh="0" tlh="6288408" arrayletleaf="0"/>
  <largest-consumer threadName="node-4" threadId="00000000018EC100" bytes="577496" />
</allocation-stats>
<gc-op id="90" type="mark" timems="0.834" contextid="87" timestamp="2019-06-15T05:52:05.984">
  <trace-info objectcount="36" scancount="35" scanbytes="21168" />
  <cardclean-info objects="382" bytes="31832" />
  <remembered-set-cleared processed="904" cleared="48" durationms="0.055" />
  <stringconstants candidates="3831" cleared="0"  />
  <warning details="Mark invoked due to insufficient free space for Copy-Forward" />
</gc-op>
<gc-op id="91" type="classunload" timems="0.002" contextid="87" timestamp="2019-06-15T05:52:05.984">
  <classunload-info classloadercandidates="6" classloadersunloaded="0" classesunloaded="0" anonymousclassesunloaded="0" quiescems="0.000" setupms="0.001" scanms="0.000" postms="0.000" />
</gc-op>
<gc-op id="92" type="sweep" timems="0.440" contextid="87" timestamp="2019-06-15T05:52:05.984" />
<gc-op id="93" type="compact" timems="1.154" contextid="87" timestamp="2019-06-15T05:52:05.986">
  <compact-info movecount="36" movebytes="792" />
  <remembered-set-cleared processed="1825" cleared="108" durationms="0.055" />
</gc-op>
<gc-end id="94" type="partial gc" contextid="87" durationms="3.634" usertimems="0.000" systemtimems="4.000" timestamp="2019-06-15T05:52:05.986" activeThreads="4">
  <mem-info id="95" free="6291456" total="10485760" percent="60">
    <mem type="eden" free="1047784" total="1048576" percent="99" />
    <remembered-set count="2048" freebytes="410368" totalbytes="418560" percent="98" regionsoverflowed="0" regionsstable="0" regionsrebuilding="1"/>
  </mem-info>
</gc-end>
<cycle-end id="96" type="partial gc" contextid="87" timestamp="2019-06-15T05:52:05.986" />
  <attribute name="elasticGC enabled" value="1" />
  <attribute name= "numThreadsSpecified" value="4" />
  <attribute name="heapSize specified" value="0" />
  <attribute name="Current GC Util" value="25" />
  <attribute name= "Current Time Running" value="10352" />
  <attribute name ="GC Interval" value="0" />
  <attribute name="ProportionalT" value="2.500000" />
  <attribute name="ProportionalI" value="2.500000" />
  <attribute name="ProportionalH" value="2.500000" />
  <attribute name="Current Error" value="5.000000" />
  <attribute name="IntegralT" value="5.000000" />
  <attribute name="IntegralI" value="5.000000" />
  <attribute name="IntegralH" value="5.000000" />
  <attribute name="DerivativeT" value="7.500000" />
  <attribute name="DerivativeI" value="7.500000" />
  <attribute name="DerivativeH" value="7.500000" />
  <attribute name="Loop Time for DT" value="1.000000" />
  <attribute name="Output H" value="8388608"/>
  <attribute name="Output I" value="200"/>
  <attribute name="Output T" value="4"/>
  <attribute name="Target GC Util Change" value ="20.000000" />
  <attribute name="Current GC Util Change" value="25.000000"/>
  <attribute name="GC Util currently" value="25" />
  <attribute name="CPU Util currently" value="6726388604493" />
<exclusive-end id="97" timestamp="2019-06-15T05:52:05.986" durationms="4.288" />

<exclusive-start id="98" timestamp="2019-06-15T05:52:07.379" intervalms="1397.316">
  <response-info timems="0.057" idlems="0.057" threads="0" lastid="00000000018E8500" lastname="node-1" />
</exclusive-start>
<allocation-taxation id="99" taxation-threshold="3145728" timestamp="2019-06-15T05:52:07.380" intervalms="1397.643" />
<gc-start id="100" type="global mark phase" contextid="76" timestamp="2019-06-15T05:52:07.380">
  <mem-info id="101" free="3145728" total="10485760" percent="30">
    <remembered-set count="2048" freebytes="410368" totalbytes="418560" percent="98" regionsoverflowed="0" regionsstable="0" regionsrebuilding="1"/>
  </mem-info>
</gc-start>
<gc-op id="102" type="mark increment" timems="1.026" contextid="76" timestamp="2019-06-15T05:52:07.381">
  <trace-info objectcount="44" scancount="44" scanbytes="21368" />
  <cardclean-info objects="399" bytes="32104" />
  <finalization candidates="13" enqueued="0" />
  <references type="soft" candidates="66" cleared="0" enqueued="0" dynamicThreshold="19" maxThreshold="32" />
  <references type="weak" candidates="143" cleared="0" enqueued="0" />
  <references type="phantom" candidates="57" cleared="0" enqueued="0" />
  <stringconstants candidates="3831" cleared="0"  />
</gc-op>
<gc-op id="103" type="classunload" timems="0.002" contextid="76" timestamp="2019-06-15T05:52:07.381">
  <classunload-info classloadercandidates="6" classloadersunloaded="0" classesunloaded="0" anonymousclassesunloaded="0" quiescems="0.000" setupms="0.002" scanms="0.000" postms="0.000" />
</gc-op>
<gc-end id="104" type="global mark phase" contextid="76" durationms="1.542" usertimems="0.000" systemtimems="0.000" timestamp="2019-06-15T05:52:07.381" activeThreads="1">
  <mem-info id="105" free="3145728" total="10485760" percent="30">
    <remembered-set count="2560" freebytes="408320" totalbytes="418560" percent="97" regionsoverflowed="0" regionsstable="0" regionsrebuilding="0"/>
  </mem-info>
</gc-end>
<cycle-end id="106" type="global mark phase" contextid="76" timestamp="2019-06-15T05:52:07.382" />
  <attribute name="elasticGC enabled" value="1" />
  <attribute name= "numThreadsSpecified" value="1" />
  <attribute name="heapSize specified" value="0" />
  <attribute name="Current GC Util" value="91" />
  <attribute name= "Current Time Running" value="11748" />
  <attribute name ="GC Interval" value="0" />
  <attribute name="ProportionalT" value="35.500000" />
  <attribute name="ProportionalI" value="35.500000" />
  <attribute name="ProportionalH" value="35.500000" />
  <attribute name="Current Error" value="71.000000" />
  <attribute name="IntegralT" value="0.000000" />
  <attribute name="IntegralI" value="0.000000" />
  <attribute name="IntegralH" value="0.000000" />
  <attribute name="DerivativeT" value="inf" />
  <attribute name="DerivativeI" value="inf" />
  <attribute name="DerivativeH" value="inf" />
  <attribute name="Loop Time for DT" value="0.000000" />
  <attribute name="Output H" value="8388608"/>
  <attribute name="Output I" value="200"/>
  <attribute name="Output T" value="1"/>
  <attribute name="Target GC Util Change" value ="20.000000" />
  <attribute name="Current GC Util Change" value="91.000000"/>
  <attribute name="GC Util currently" value="91" />
  <attribute name="CPU Util currently" value="17515281404565" />
<exclusive-end id="107" timestamp="2019-06-15T05:52:07.382" durationms="2.429" />

<exclusive-start id="108" timestamp="2019-06-15T05:52:08.784" intervalms="1404.407">
  <response-info timems="0.082" idlems="0.082" threads="0" lastid="00000000018EC100" lastname="node-4" />
</exclusive-start>
<allocation-taxation id="109" taxation-threshold="3145728" timestamp="2019-06-15T05:52:08.784" intervalms="1404.080" />
<cycle-start id="110" type="partial gc" contextid="0" timestamp="2019-06-15T05:52:08.784" intervalms="2801.762" />
<gc-start id="111" type="partial gc" contextid="110" timestamp="2019-06-15T05:52:08.784">
  <mem-info id="112" free="0" total="10485760" percent="0">
    <mem type="eden" free="1047784" total="7340032" percent="14" />
    <remembered-set count="1568" freebytes="412288" totalbytes="418560" percent="98" regionsoverflowed="0" regionsstable="1" regionsrebuilding="0"/>
  </mem-info>
</gc-start>
<allocation-stats totalBytes="6289728" >
  <allocated-bytes non-tlh="0" tlh="6289728" arrayletleaf="0"/>
  <largest-consumer threadName="node-3" threadId="00000000018FB000" bytes="577080" />
</allocation-stats>
<gc-op id="113" type="sweep" timems="0.357" contextid="110" timestamp="2019-06-15T05:52:08.785" />
<gc-op id="114" type="copy forward" timems="1.364" contextid="110" timestamp="2019-06-15T05:52:08.786">
  <memory-copied type="eden" objects="34" bytes="576" bytesdiscarded="1008" />
  <memory-copied type="other" objects="0" bytes="0" bytesdiscarded="0" />
  <memory-cardclean objects="382" bytes="52368" />
  <regions eden="3" other="1" />
  <remembered-set-cleared processed="436" cleared="14" durationms="0.057" />
  <stringconstants candidates="3831" cleared="0"  />
</gc-op>
<gc-op id="115" type="classunload" timems="0.002" contextid="110" timestamp="2019-06-15T05:52:08.787">
  <classunload-info classloadercandidates="6" classloadersunloaded="0" classesunloaded="0" anonymousclassesunloaded="0" quiescems="0.000" setupms="0.001" scanms="0.000" postms="0.000" />
</gc-op>
<gc-op id="116" type="compact" timems="0.900" contextid="110" timestamp="2019-06-15T05:52:08.788">
  <compact-info movecount="0" movebytes="0" />
  <remembered-set-cleared processed="901" cleared="14" durationms="0.057" />
</gc-op>
<gc-end id="117" type="partial gc" contextid="110" durationms="3.809" usertimems="4.000" systemtimems="0.000" timestamp="2019-06-15T05:52:08.788" activeThreads="4">
  <mem-info id="118" free="6291456" total="10485760" percent="60">
    <mem type="eden" free="1046992" total="1048576" percent="99" />
    <remembered-set count="672" freebytes="415872" totalbytes="418560" percent="99" regionsoverflowed="0" regionsstable="1" regionsrebuilding="0"/>
  </mem-info>
</gc-end>
<cycle-end id="119" type="partial gc" contextid="110" timestamp="2019-06-15T05:52:08.788" />
  <attribute name="elasticGC enabled" value="1" />
  <attribute name= "numThreadsSpecified" value="4" />
  <attribute name="heapSize specified" value="0" />
  <attribute name="Current GC Util" value="66" />
  <attribute name= "Current Time Running" value="13154" />
  <attribute name ="GC Interval" value="0" />
  <attribute name="ProportionalT" value="23.000000" />
  <attribute name="ProportionalI" value="23.000000" />
  <attribute name="ProportionalH" value="23.000000" />
  <attribute name="Current Error" value="46.000000" />
  <attribute name="IntegralT" value="92.000000" />
  <attribute name="IntegralI" value="92.000000" />
  <attribute name="IntegralH" value="92.000000" />
  <attribute name="DerivativeT" value="34.500000" />
  <attribute name="DerivativeI" value="34.500000" />
  <attribute name="DerivativeH" value="34.500000" />
  <attribute name="Loop Time for DT" value="2.000000" />
  <attribute name="Output H" value="8388608"/>
  <attribute name="Output I" value="200"/>
  <attribute name="Output T" value="4"/>
  <attribute name="Target GC Util Change" value ="20.000000" />
  <attribute name="Current GC Util Change" value="66.000000"/>
  <attribute name="GC Util currently" value="66" />
  <attribute name="CPU Util currently" value="2771291038034" />
<exclusive-end id="120" timestamp="2019-06-15T05:52:08.788" durationms="4.547" />

<exclusive-start id="121" timestamp="2019-06-15T05:52:10.223" intervalms="1439.410">
  <response-info timems="0.032" idlems="0.032" threads="0" lastid="00000000018F3900" lastname="node-0" />
</exclusive-start>
<allocation-taxation id="122" taxation-threshold="3145728" timestamp="2019-06-15T05:52:10.223" intervalms="1439.413" />
<cycle-start id="123" type="global mark phase" contextid="0" timestamp="2019-06-15T05:52:10.223" intervalms="5682.039" />
<gc-start id="124" type="global mark phase" contextid="123" timestamp="2019-06-15T05:52:10.223">
  <mem-info id="125" free="3145728" total="10485760" percent="30">
    <remembered-set count="672" freebytes="415872" totalbytes="418560" percent="99" regionsoverflowed="0" regionsstable="1" regionsrebuilding="0"/>
  </mem-info>
</gc-start>
<gc-op id="126" type="mark increment" timems="0.484" contextid="123" timestamp="2019-06-15T05:52:10.224">
  <trace-info objectcount="207" scancount="0" scanbytes="0" />
</gc-op>
<gc-end id="127" type="global mark phase" contextid="123" durationms="0.598" usertimems="0.000" systemtimems="0.000" timestamp="2019-06-15T05:52:10.224" activeThreads="1">
  <mem-info id="128" free="3145728" total="10485760" percent="30">
    <remembered-set count="672" freebytes="415872" totalbytes="418560" percent="99" regionsoverflowed="0" regionsstable="0" regionsrebuilding="1"/>
  </mem-info>
</gc-end>
<concurrent-start id="129" type="GMP work packet processing" contextid="123" timestamp="2019-06-15T05:52:10.224">
  <concurrent-mark-start scanTarget="18446744073709551615" />
</concurrent-start>
<exclusive-end id="130" timestamp="2019-06-15T05:52:10.224" durationms="0.990" />

<concurrent-end id="131" type="GMP work packet processing" contextid="123" timestamp="2019-06-15T05:52:10.227">
  <concurrent-mark-end bytesScanned="1455360" reasonForTermination="Completed all work in GC phase" />
</concurrent-end>

<exclusive-start id="132" timestamp="2019-06-15T05:52:11.705" intervalms="1482.033">
  <response-info timems="0.027" idlems="0.027" threads="0" lastid="00000000018F3900" lastname="node-0" />
</exclusive-start>
<allocation-taxation id="133" taxation-threshold="3145728" timestamp="2019-06-15T05:52:11.705" intervalms="1482.073" />
<cycle-start id="134" type="partial gc" contextid="0" timestamp="2019-06-15T05:52:11.705" intervalms="2921.491" />
<gc-start id="135" type="partial gc" contextid="134" timestamp="2019-06-15T05:52:11.706">
  <mem-info id="136" free="0" total="10485760" percent="0">
    <mem type="eden" free="1046992" total="7340032" percent="14" />
    <remembered-set count="1184" freebytes="413824" totalbytes="418560" percent="98" regionsoverflowed="0" regionsstable="0" regionsrebuilding="1"/>
  </mem-info>
</gc-start>
<allocation-stats totalBytes="6286352" >
  <allocated-bytes non-tlh="0" tlh="6286352" arrayletleaf="0"/>
  <largest-consumer threadName="node-5" threadId="00000000018EFD00" bytes="589520" />
</allocation-stats>
<gc-op id="137" type="mark" timems="0.633" contextid="134" timestamp="2019-06-15T05:52:11.707">
  <trace-info objectcount="33" scancount="33" scanbytes="21064" />
  <cardclean-info objects="382" bytes="31832" />
  <remembered-set-cleared processed="926" cleared="52" durationms="0.068" />
  <stringconstants candidates="3831" cleared="0"  />
  <warning details="Mark invoked due to insufficient free space for Copy-Forward" />
</gc-op>
<gc-op id="138" type="classunload" timems="0.002" contextid="134" timestamp="2019-06-15T05:52:11.707">
  <classunload-info classloadercandidates="6" classloadersunloaded="0" classesunloaded="0" anonymousclassesunloaded="0" quiescems="0.000" setupms="0.002" scanms="0.000" postms="0.000" />
</gc-op>
<gc-op id="139" type="sweep" timems="0.418" contextid="134" timestamp="2019-06-15T05:52:11.708" />
<gc-op id="140" type="compact" timems="1.008" contextid="134" timestamp="2019-06-15T05:52:11.709">
  <compact-info movecount="33" movebytes="552" />
  <remembered-set-cleared processed="1863" cleared="110" durationms="0.068" />
</gc-op>
<gc-end id="141" type="partial gc" contextid="134" durationms="3.366" usertimems="0.000" systemtimems="4.000" timestamp="2019-06-15T05:52:11.709" activeThreads="4">
  <mem-info id="142" free="6291456" total="10485760" percent="60">
    <mem type="eden" free="1048024" total="1048576" percent="99" />
    <remembered-set count="2112" freebytes="410112" totalbytes="418560" percent="97" regionsoverflowed="0" regionsstable="0" regionsrebuilding="1"/>
  </mem-info>
</gc-end>
<cycle-end id="143" type="partial gc" contextid="134" timestamp="2019-06-15T05:52:11.709" />
  <attribute name="elasticGC enabled" value="1" />
  <attribute name= "numThreadsSpecified" value="4" />
  <attribute name="heapSize specified" value="0" />
  <attribute name="Current GC Util" value="21" />
  <attribute name= "Current Time Running" value="16075" />
  <attribute name ="GC Interval" value="0" />
  <attribute name="ProportionalT" value="0.500000" />
  <attribute name="ProportionalI" value="0.500000" />
  <attribute name="ProportionalH" value="0.500000" />
  <attribute name="Current Error" value="1.000000" />
  <attribute name="IntegralT" value="1.000000" />
  <attribute name="IntegralI" value="1.000000" />
  <attribute name="IntegralH" value="1.000000" />
  <attribute name="DerivativeT" value="1.500000" />
  <attribute name="DerivativeI" value="1.500000" />
  <attribute name="DerivativeH" value="1.500000" />
  <attribute name="Loop Time for DT" value="1.000000" />
  <attribute name="Output H" value="8388608"/>
  <attribute name="Output I" value="200"/>
  <attribute name="Output T" value="4"/>
  <attribute name="Target GC Util Change" value ="20.000000" />
  <attribute name="Current GC Util Change" value="21.000000"/>
  <attribute name="GC Util currently" value="21" />
  <attribute name="CPU Util currently" value="6797234960165" />
<exclusive-end id="144" timestamp="2019-06-15T05:52:11.709" durationms="4.252" />

<exclusive-start id="145" timestamp="2019-06-15T05:52:13.273" intervalms="1567.507">
  <response-info timems="0.025" idlems="0.025" threads="0" lastid="00000000018F7500" lastname="node-2" />
</exclusive-start>
<allocation-taxation id="146" taxation-threshold="3145728" timestamp="2019-06-15T05:52:13.273" intervalms="1567.463" />
<gc-start id="147" type="global mark phase" contextid="123" timestamp="2019-06-15T05:52:13.273">
  <mem-info id="148" free="3145728" total="10485760" percent="30">
    <remembered-set count="2112" freebytes="410112" totalbytes="418560" percent="97" regionsoverflowed="0" regionsstable="0" regionsrebuilding="1"/>
  </mem-info>
</gc-start>
<gc-op id="149" type="mark increment" timems="1.283" contextid="123" timestamp="2019-06-15T05:52:13.274">
  <trace-info objectcount="43" scancount="43" scanbytes="21344" />
  <cardclean-info objects="395" bytes="32032" />
  <finalization candidates="13" enqueued="0" />
  <references type="soft" candidates="66" cleared="0" enqueued="0" dynamicThreshold="19" maxThreshold="32" />
  <references type="weak" candidates="143" cleared="0" enqueued="0" />
  <references type="phantom" candidates="57" cleared="0" enqueued="0" />
  <stringconstants candidates="3831" cleared="0"  />
</gc-op>
<gc-op id="150" type="classunload" timems="0.002" contextid="123" timestamp="2019-06-15T05:52:13.274">
  <classunload-info classloadercandidates="6" classloadersunloaded="0" classesunloaded="0" anonymousclassesunloaded="0" quiescems="0.000" setupms="0.002" scanms="0.000" postms="0.000" />
</gc-op>
<gc-end id="151" type="global mark phase" contextid="123" durationms="1.510" usertimems="0.000" systemtimems="0.000" timestamp="2019-06-15T05:52:13.274" activeThreads="4">
  <mem-info id="152" free="3145728" total="10485760" percent="30">
    <remembered-set count="2112" freebytes="410112" totalbytes="418560" percent="97" regionsoverflowed="0" regionsstable="0" regionsrebuilding="0"/>
  </mem-info>
</gc-end>
<cycle-end id="153" type="global mark phase" contextid="123" timestamp="2019-06-15T05:52:13.275" />
  <attribute name="elasticGC enabled" value="1" />
  <attribute name= "numThreadsSpecified" value="4" />
  <attribute name="heapSize specified" value="0" />
  <attribute name="Current GC Util" value="41" />
  <attribute name= "Current Time Running" value="17641" />
  <attribute name ="GC Interval" value="0" />
  <attribute name="ProportionalT" value="10.500000" />
  <attribute name="ProportionalI" value="10.500000" />
  <attribute name="ProportionalH" value="10.500000" />
  <attribute name="Current Error" value="21.000000" />
  <attribute name="IntegralT" value="0.000000" />
  <attribute name="IntegralI" value="0.000000" />
  <attribute name="IntegralH" value="0.000000" />
  <attribute name="DerivativeT" value="-inf" />
  <attribute name="DerivativeI" value="-inf" />
  <attribute name="DerivativeH" value="-inf" />
  <attribute name="Loop Time for DT" value="0.000000" />
  <attribute name="Output H" value="2091843584"/>
  <attribute name="Output I" value="200"/>
  <attribute name="Output T" value="4"/>
  <attribute name="Target GC Util Change" value ="20.000000" />
  <attribute name="Current GC Util Change" value="41.000000"/>
  <attribute name="GC Util currently" value="41" />
  <attribute name="CPU Util currently" value="38019786286187" />
<exclusive-end id="154" timestamp="2019-06-15T05:52:13.275" durationms="2.105" />

<exclusive-start id="155" timestamp="2019-06-15T05:52:14.783" intervalms="1510.588">
  <response-info timems="0.028" idlems="0.028" threads="0" lastid="00000000018F7500" lastname="node-2" />
</exclusive-start>
<allocation-taxation id="156" taxation-threshold="3145728" timestamp="2019-06-15T05:52:14.783" intervalms="1510.633" />
<cycle-start id="157" type="partial gc" contextid="0" timestamp="2019-06-15T05:52:14.784" intervalms="3078.098" />
<gc-start id="158" type="partial gc" contextid="157" timestamp="2019-06-15T05:52:14.784">
  <mem-info id="159" free="0" total="10485760" percent="0">
    <mem type="eden" free="1048024" total="7340032" percent="14" />
    <remembered-set count="1600" freebytes="412160" totalbytes="418560" percent="98" regionsoverflowed="0" regionsstable="1" regionsrebuilding="0"/>
  </mem-info>
</gc-start>
<allocation-stats totalBytes="6289504" >
  <allocated-bytes non-tlh="0" tlh="6289504" arrayletleaf="0"/>
  <largest-consumer threadName="node-4" threadId="00000000018EC100" bytes="577488" />
</allocation-stats>
<gc-op id="160" type="sweep" timems="0.473" contextid="157" timestamp="2019-06-15T05:52:14.784" />
<gc-op id="161" type="copy forward" timems="0.689" contextid="157" timestamp="2019-06-15T05:52:14.786">
  <memory-copied type="eden" objects="48" bytes="2792" bytesdiscarded="0" />
  <memory-copied type="other" objects="0" bytes="0" bytesdiscarded="0" />
  <memory-cardclean objects="382" bytes="52368" />
  <regions eden="3" other="1" />
  <remembered-set-cleared processed="440" cleared="12" durationms="0.048" />
  <stringconstants candidates="3831" cleared="0"  />
</gc-op>
<gc-op id="162" type="classunload" timems="0.001" contextid="157" timestamp="2019-06-15T05:52:14.786">
  <classunload-info classloadercandidates="6" classloadersunloaded="0" classesunloaded="0" anonymousclassesunloaded="0" quiescems="0.000" setupms="0.001" scanms="0.000" postms="0.000" />
</gc-op>
<gc-op id="163" type="compact" timems="0.937" contextid="157" timestamp="2019-06-15T05:52:14.787">
  <compact-info movecount="0" movebytes="0" />
  <remembered-set-cleared processed="917" cleared="12" durationms="0.053" />
</gc-op>
<gc-end id="164" type="partial gc" contextid="157" durationms="3.482" usertimems="4.000" systemtimems="0.000" timestamp="2019-06-15T05:52:14.787" activeThreads="4">
  <mem-info id="165" free="6291456" total="10485760" percent="60">
    <mem type="eden" free="1045784" total="1048576" percent="99" />
    <remembered-set count="672" freebytes="415872" totalbytes="418560" percent="99" regionsoverflowed="0" regionsstable="1" regionsrebuilding="0"/>
  </mem-info>
</gc-end>
<cycle-end id="166" type="partial gc" contextid="157" timestamp="2019-06-15T05:52:14.788" />
  <attribute name="elasticGC enabled" value="1" />
  <attribute name= "numThreadsSpecified" value="4" />
  <attribute name="heapSize specified" value="0" />
  <attribute name="Current GC Util" value="0" />
  <attribute name= "Current Time Running" value="19153" />
  <attribute name ="GC Interval" value="0" />
  <attribute name="ProportionalT" value="-10.000000" />
  <attribute name="ProportionalI" value="-10.000000" />
  <attribute name="ProportionalH" value="-10.000000" />
  <attribute name="Current Error" value="-20.000000" />
  <attribute name="IntegralT" value="-20.000000" />
  <attribute name="IntegralI" value="-20.000000" />
  <attribute name="IntegralH" value="-20.000000" />
  <attribute name="DerivativeT" value="-84.000000" />
  <attribute name="DerivativeI" value="-84.000000" />
  <attribute name="DerivativeH" value="-84.000000" />
  <attribute name="Loop Time for DT" value="1.000000" />
  <attribute name="Output H" value="2091843584"/>
  <attribute name="Output I" value="200"/>
  <attribute name="Output T" value="4"/>
  <attribute name="Target GC Util Change" value ="20.000000" />
  <attribute name="Current GC Util Change" value="0.000000"/>
  <attribute name="GC Util currently" value="0" />
  <attribute name="CPU Util currently" value="4350039821902" />
<exclusive-end id="167" timestamp="2019-06-15T05:52:14.788" durationms="4.655" />

<exclusive-start id="168" timestamp="2019-06-15T05:52:16.292" intervalms="1508.635">
  <response-info timems="0.022" idlems="0.022" threads="0" lastid="00000000018F3900" lastname="node-0" />
</exclusive-start>
<allocation-taxation id="169" taxation-threshold="3145728" timestamp="2019-06-15T05:52:16.292" intervalms="1508.598" />
<cycle-start id="170" type="global mark phase" contextid="0" timestamp="2019-06-15T05:52:16.292" intervalms="6068.760" />
<gc-start id="171" type="global mark phase" contextid="170" timestamp="2019-06-15T05:52:16.292">
  <mem-info id="172" free="3145728" total="10485760" percent="30">
    <remembered-set count="672" freebytes="415872" totalbytes="418560" percent="99" regionsoverflowed="0" regionsstable="1" regionsrebuilding="0"/>
  </mem-info>
</gc-start>
<gc-op id="173" type="mark increment" timems="0.414" contextid="170" timestamp="2019-06-15T05:52:16.293">
  <trace-info objectcount="222" scancount="0" scanbytes="0" />
</gc-op>
<gc-end id="174" type="global mark phase" contextid="170" durationms="0.537" usertimems="0.000" systemtimems="0.000" timestamp="2019-06-15T05:52:16.293" activeThreads="1">
  <mem-info id="175" free="3145728" total="10485760" percent="30">
    <remembered-set count="672" freebytes="415872" totalbytes="418560" percent="99" regionsoverflowed="0" regionsstable="0" regionsrebuilding="1"/>
  </mem-info>
</gc-end>
<concurrent-start id="176" type="GMP work packet processing" contextid="170" timestamp="2019-06-15T05:52:16.293">
  <concurrent-mark-start scanTarget="18446744073709551615" />
</concurrent-start>
<concurrent-end id="177" type="GMP work packet processing" contextid="170" timestamp="2019-06-15T05:52:16.295">
  <concurrent-mark-end bytesScanned="1455568" reasonForTermination="Completed all work in GC phase" />
</concurrent-end>

<exclusive-end id="178" timestamp="2019-06-15T05:52:16.296" durationms="3.616" />

<exclusive-start id="179" timestamp="2019-06-15T05:52:17.814" intervalms="1522.184">
  <response-info timems="0.024" idlems="0.024" threads="0" lastid="00000000018F7500" lastname="node-2" />
</exclusive-start>
<allocation-taxation id="180" taxation-threshold="3145728" timestamp="2019-06-15T05:52:17.814" intervalms="1522.173" />
<cycle-start id="181" type="partial gc" contextid="0" timestamp="2019-06-15T05:52:17.814" intervalms="3030.732" />
<gc-start id="182" type="partial gc" contextid="181" timestamp="2019-06-15T05:52:17.814">
  <mem-info id="183" free="0" total="10485760" percent="0">
    <mem type="eden" free="1045784" total="7340032" percent="14" />
    <remembered-set count="1248" freebytes="413568" totalbytes="418560" percent="98" regionsoverflowed="0" regionsstable="0" regionsrebuilding="1"/>
  </mem-info>
</gc-start>
<allocation-stats totalBytes="6289208" >
  <allocated-bytes non-tlh="0" tlh="6289208" arrayletleaf="0"/>
  <largest-consumer threadName="node-5" threadId="00000000018EFD00" bytes="585680" />
</allocation-stats>
<gc-op id="184" type="mark" timems="0.635" contextid="181" timestamp="2019-06-15T05:52:17.816">
  <trace-info objectcount="51" scancount="41" scanbytes="21296" />
  <cardclean-info objects="382" bytes="31832" />
  <remembered-set-cleared processed="1019" cleared="53" durationms="0.072" />
  <stringconstants candidates="3831" cleared="0"  />
  <warning details="Mark invoked due to insufficient free space for Copy-Forward" />
</gc-op>
<gc-op id="185" type="classunload" timems="0.001" contextid="181" timestamp="2019-06-15T05:52:17.816">
  <classunload-info classloadercandidates="6" classloadersunloaded="0" classesunloaded="0" anonymousclassesunloaded="0" quiescems="0.000" setupms="0.001" scanms="0.000" postms="0.000" />
</gc-op>
<gc-op id="186" type="sweep" timems="0.476" contextid="181" timestamp="2019-06-15T05:52:17.816" />
<gc-op id="187" type="compact" timems="0.852" contextid="181" timestamp="2019-06-15T05:52:17.817">
  <compact-info movecount="51" movebytes="3088" />
  <remembered-set-cleared processed="2052" cleared="118" durationms="0.072" />
</gc-op>
<gc-end id="188" type="partial gc" contextid="181" durationms="3.308" usertimems="4.000" systemtimems="0.000" timestamp="2019-06-15T05:52:17.818" activeThreads="4">
  <mem-info id="189" free="6291456" total="10485760" percent="60">
    <mem type="eden" free="1045488" total="1048576" percent="99" />
    <remembered-set count="2176" freebytes="409856" totalbytes="418560" percent="97" regionsoverflowed="0" regionsstable="0" regionsrebuilding="1"/>
  </mem-info>
</gc-end>
<cycle-end id="190" type="partial gc" contextid="181" timestamp="2019-06-15T05:52:17.818" />
  <attribute name="elasticGC enabled" value="1" />
  <attribute name= "numThreadsSpecified" value="4" />
  <attribute name="heapSize specified" value="0" />
  <attribute name="Current GC Util" value="23" />
  <attribute name= "Current Time Running" value="22184" />
  <attribute name ="GC Interval" value="0" />
  <attribute name="ProportionalT" value="1.500000" />
  <attribute name="ProportionalI" value="1.500000" />
  <attribute name="ProportionalH" value="1.500000" />
  <attribute name="Current Error" value="3.000000" />
  <attribute name="IntegralT" value="3.000000" />
  <attribute name="IntegralI" value="3.000000" />
  <attribute name="IntegralH" value="3.000000" />
  <attribute name="DerivativeT" value="4.500000" />
  <attribute name="DerivativeI" value="4.500000" />
  <attribute name="DerivativeH" value="4.500000" />
  <attribute name="Loop Time for DT" value="1.000000" />
  <attribute name="Output H" value="8388608"/>
  <attribute name="Output I" value="200"/>
  <attribute name="Output T" value="4"/>
  <attribute name="Target GC Util Change" value ="20.000000" />
  <attribute name="Current GC Util Change" value="23.000000"/>
  <attribute name="GC Util currently" value="23" />
  <attribute name="CPU Util currently" value="6213409883921" />
<exclusive-end id="191" timestamp="2019-06-15T05:52:17.818" durationms="4.164" />

<exclusive-start id="192" timestamp="2019-06-15T05:52:19.364" intervalms="1550.265">
  <response-info timems="0.030" idlems="0.030" threads="0" lastid="00000000018F7500" lastname="node-2" />
</exclusive-start>
<allocation-taxation id="193" taxation-threshold="3145728" timestamp="2019-06-15T05:52:19.364" intervalms="1550.259" />
<gc-start id="194" type="global mark phase" contextid="170" timestamp="2019-06-15T05:52:19.365">
  <mem-info id="195" free="3145728" total="10485760" percent="30">
    <remembered-set count="1696" freebytes="411776" totalbytes="418560" percent="98" regionsoverflowed="0" regionsstable="0" regionsrebuilding="1"/>
  </mem-info>
</gc-start>
<gc-op id="196" type="mark increment" timems="1.125" contextid="170" timestamp="2019-06-15T05:52:19.366">
  <trace-info objectcount="52" scancount="43" scanbytes="21344" />
  <cardclean-info objects="395" bytes="32056" />
  <finalization candidates="13" enqueued="0" />
  <references type="soft" candidates="66" cleared="0" enqueued="0" dynamicThreshold="19" maxThreshold="32" />
  <references type="weak" candidates="143" cleared="0" enqueued="0" />
  <references type="phantom" candidates="57" cleared="0" enqueued="0" />
  <stringconstants candidates="3831" cleared="0"  />
</gc-op>
<gc-op id="197" type="classunload" timems="0.002" contextid="170" timestamp="2019-06-15T05:52:19.366">
  <classunload-info classloadercandidates="6" classloadersunloaded="0" classesunloaded="0" anonymousclassesunloaded="0" quiescems="0.000" setupms="0.002" scanms="0.000" postms="0.000" />
</gc-op>
<gc-end id="198" type="global mark phase" contextid="170" durationms="1.421" usertimems="0.000" systemtimems="0.000" timestamp="2019-06-15T05:52:19.366" activeThreads="4">
  <mem-info id="199" free="3145728" total="10485760" percent="30">
    <remembered-set count="2208" freebytes="409728" totalbytes="418560" percent="97" regionsoverflowed="0" regionsstable="0" regionsrebuilding="0"/>
  </mem-info>
</gc-end>
<cycle-end id="200" type="global mark phase" contextid="170" timestamp="2019-06-15T05:52:19.366" />
  <attribute name="elasticGC enabled" value="1" />
  <attribute name= "numThreadsSpecified" value="4" />
  <attribute name="heapSize specified" value="0" />
  <attribute name="Current GC Util" value="0" />
  <attribute name= "Current Time Running" value="23732" />
  <attribute name ="GC Interval" value="0" />
  <attribute name="ProportionalT" value="-10.000000" />
  <attribute name="ProportionalI" value="-10.000000" />
  <attribute name="ProportionalH" value="-10.000000" />
  <attribute name="Current Error" value="-20.000000" />
  <attribute name="IntegralT" value="0.000000" />
  <attribute name="IntegralI" value="0.000000" />
  <attribute name="IntegralH" value="0.000000" />
  <attribute name="DerivativeT" value="-inf" />
  <attribute name="DerivativeI" value="-inf" />
  <attribute name="DerivativeH" value="-inf" />
  <attribute name="Loop Time for DT" value="0.000000" />
  <attribute name="Output H" value="2091843584"/>
  <attribute name="Output I" value="200"/>
  <attribute name="Output T" value="4"/>
  <attribute name="Target GC Util Change" value ="20.000000" />
  <attribute name="Current GC Util Change" value="0.000000"/>
  <attribute name="GC Util currently" value="0" />
  <attribute name="CPU Util currently" value="40113826094079" />
<exclusive-end id="201" timestamp="2019-06-15T05:52:19.366" durationms="1.824" />

<exclusive-start id="202" timestamp="2019-06-15T05:52:20.727" intervalms="1362.673">
  <response-info timems="0.030" idlems="0.030" threads="0" lastid="00000000018F3900" lastname="node-0" />
</exclusive-start>
<allocation-taxation id="203" taxation-threshold="3145728" timestamp="2019-06-15T05:52:20.727" intervalms="1362.672" />
<cycle-start id="204" type="partial gc" contextid="0" timestamp="2019-06-15T05:52:20.727" intervalms="2912.924" />
<gc-start id="205" type="partial gc" contextid="204" timestamp="2019-06-15T05:52:20.727">
  <mem-info id="206" free="0" total="10485760" percent="0">
    <mem type="eden" free="1045488" total="7340032" percent="14" />
    <remembered-set count="1120" freebytes="414080" totalbytes="418560" percent="98" regionsoverflowed="0" regionsstable="1" regionsrebuilding="0"/>
  </mem-info>
</gc-start>
<allocation-stats totalBytes="6289560" >
  <allocated-bytes non-tlh="0" tlh="6289560" arrayletleaf="0"/>
  <largest-consumer threadName="node-5" threadId="00000000018EFD00" bytes="577512" />
</allocation-stats>
<gc-op id="207" type="sweep" timems="0.328" contextid="204" timestamp="2019-06-15T05:52:20.728" />
<gc-op id="208" type="copy forward" timems="0.554" contextid="204" timestamp="2019-06-15T05:52:20.729">
  <memory-copied type="eden" objects="35" bytes="600" bytesdiscarded="0" />
  <memory-copied type="other" objects="0" bytes="0" bytesdiscarded="0" />
  <memory-cardclean objects="382" bytes="52368" />
  <regions eden="3" other="1" />
  <remembered-set-cleared processed="448" cleared="17" durationms="0.058" />
  <stringconstants candidates="3831" cleared="0"  />
</gc-op>
<gc-op id="209" type="classunload" timems="0.001" contextid="204" timestamp="2019-06-15T05:52:20.729">
  <classunload-info classloadercandidates="6" classloadersunloaded="0" classesunloaded="0" anonymousclassesunloaded="0" quiescems="0.000" setupms="0.001" scanms="0.000" postms="0.000" />
</gc-op>
<gc-end id="210" type="partial gc" contextid="204" durationms="2.086" usertimems="4.000" systemtimems="0.000" timestamp="2019-06-15T05:52:20.729" activeThreads="1">
  <mem-info id="211" free="6291456" total="10485760" percent="60">
    <mem type="eden" free="1047976" total="1048576" percent="99" />
    <remembered-set count="1536" freebytes="412416" totalbytes="418560" percent="98" regionsoverflowed="0" regionsstable="1" regionsrebuilding="0"/>
  </mem-info>
</gc-end>
<cycle-end id="212" type="partial gc" contextid="204" timestamp="2019-06-15T05:52:20.730" />
  <attribute name="elasticGC enabled" value="1" />
  <attribute name= "numThreadsSpecified" value="1" />
  <attribute name="heapSize specified" value="0" />
  <attribute name="Current GC Util" value="47" />
  <attribute name= "Current Time Running" value="25096" />
  <attribute name ="GC Interval" value="0" />
  <attribute name="ProportionalT" value="13.500000" />
  <attribute name="ProportionalI" value="13.500000" />
  <attribute name="ProportionalH" value="13.500000" />
  <attribute name="Current Error" value="27.000000" />
  <attribute name="IntegralT" value="0.000000" />
  <attribute name="IntegralI" value="0.000000" />
  <attribute name="IntegralH" value="0.000000" />
  <attribute name="DerivativeT" value="inf" />
  <attribute name="DerivativeI" value="inf" />
  <attribute name="DerivativeH" value="inf" />
  <attribute name="Loop Time for DT" value="0.000000" />
  <attribute name="Output H" value="8388608"/>
  <attribute name="Output I" value="200"/>
  <attribute name="Output T" value="1"/>
  <attribute name="Target GC Util Change" value ="20.000000" />
  <attribute name="Current GC Util Change" value="47.000000"/>
  <attribute name="GC Util currently" value="47" />
  <attribute name="CPU Util currently" value="20190650973317" />
<exclusive-end id="213" timestamp="2019-06-15T05:52:20.730" durationms="2.788" />

<exclusive-start id="214" timestamp="2019-06-15T05:52:22.110" intervalms="1383.166">
  <response-info timems="0.030" idlems="0.030" threads="0" lastid="00000000018EC100" lastname="node-4" />
</exclusive-start>
<allocation-taxation id="215" taxation-threshold="3145728" timestamp="2019-06-15T05:52:22.110" intervalms="1383.209" />
<cycle-start id="216" type="global mark phase" contextid="0" timestamp="2019-06-15T05:52:22.110" intervalms="5818.363" />
<gc-start id="217" type="global mark phase" contextid="216" timestamp="2019-06-15T05:52:22.111">
  <mem-info id="218" free="3145728" total="10485760" percent="30">
    <remembered-set count="1056" freebytes="414336" totalbytes="418560" percent="98" regionsoverflowed="0" regionsstable="1" regionsrebuilding="0"/>
  </mem-info>
</gc-start>
<gc-op id="219" type="mark increment" timems="0.412" contextid="216" timestamp="2019-06-15T05:52:22.111">
  <trace-info objectcount="166" scancount="0" scanbytes="0" />
</gc-op>
<gc-end id="220" type="global mark phase" contextid="216" durationms="0.613" usertimems="0.000" systemtimems="0.000" timestamp="2019-06-15T05:52:22.111" activeThreads="1">
  <mem-info id="221" free="3145728" total="10485760" percent="30">
    <remembered-set count="1056" freebytes="414336" totalbytes="418560" percent="98" regionsoverflowed="0" regionsstable="0" regionsrebuilding="1"/>
  </mem-info>
</gc-end>
<concurrent-start id="222" type="GMP work packet processing" contextid="216" timestamp="2019-06-15T05:52:22.111">
  <concurrent-mark-start scanTarget="18446744073709551615" />
</concurrent-start>
<exclusive-end id="223" timestamp="2019-06-15T05:52:22.111" durationms="1.213" />

<concurrent-end id="224" type="GMP work packet processing" contextid="216" timestamp="2019-06-15T05:52:22.113">
  <concurrent-mark-end bytesScanned="1455280" reasonForTermination="Completed all work in GC phase" />
</concurrent-end>

</verbosegc>

