<?xml version="1.0" ?>

<verbosegc xmlns="http://www.ibm.com/j9/verbosegc" version="08cc62e_CMPRSS">

<initialized id="1" timestamp="2019-08-02T23:44:27.383">
  <attribute name="gcPolicy" value="-Xgcpolicy:optavgpause" />
  <attribute name="elasticGC enabled" value="1" />
  <attribute name= "numThreadsSpecified" value="0" />
  <attribute name="heapSize specified" value="0" />
  <attribute name= "numCores" value="0" />
  <attribute name ="GC Interval" value="0" />
  <attribute name="GC Util Range Max" value="0" />
  <attribute name="Current GC Util" value="0" />
  <attribute name= "Current Time Running" value="0" />
  <attribute name="maxHeapSize" value="0x7cba0000" />
  <attribute name="initialHeapSize" value="0x800000" />
  <attribute name="compressedRefs" value="true" />
  <attribute name="compressedRefsDisplacement" value="0x0" />
  <attribute name="compressedRefsShift" value="0x0" />
  <attribute name="pageSize" value="0x1000" />
  <attribute name="pageType" value="not used" />
  <attribute name="requestedPageSize" value="0x1000" />
  <attribute name="requestedPageType" value="not used" />
  <attribute name="gcthreads" value="8" />
  <attribute name="packetListSplit" value="8" />
  <attribute name="cacheListSplit" value="8" />
  <attribute name="splitFreeListSplitAmount" value="1" />
  <attribute name="numaNodes" value="0" />
  <system>
    <attribute name="physicalMemory" value="8370401280" />
    <attribute name="numCPUs" value="8" />
    <attribute name="architecture" value="amd64" />
    <attribute name="os" value="Linux" />
    <attribute name="osVersion" value="4.4.0-154-generic" />
  </system>
  <vmargs>
    <vmarg name="-Xoptionsfile=/vagrant/jdk/lib/options.default" />
    <vmarg name="-Xlockword:mode=default,noLockword=java/lang/String,noLockword=java/util/MapEntry,noLockword=java/util/HashMap$Entry,noLockword..." />
    <vmarg name="-Xjcl:jclse29" />
    <vmarg name="-Dcom.ibm.oti.vm.bootstrap.library.path=/vagrant/jdk/lib/compressedrefs:/vagrant/jdk/lib" />
    <vmarg name="-Dsun.boot.library.path=/vagrant/jdk/lib/compressedrefs:/vagrant/jdk/lib" />
    <vmarg name="-Djava.library.path=/vagrant/jdk/lib/compressedrefs:/vagrant/jdk/lib:/usr/lib64:/usr/lib" />
    <vmarg name="-Djava.home=/vagrant/jdk" />
    <vmarg name="-Duser.dir=/vagrant" />
    <vmarg name="-Xgcpolicy:optavgpause" />
    <vmarg name="-Xgcelastic" />
    <vmarg name="-Xcheck:gc:::elasticGC" />
    <vmarg name="-verbose:gc" />
    <vmarg name="-Xloggc:jdkI-small-OAP-8core-verbose11avrora.txt" />
    <vmarg name="-Djava.class.path=dacapo-9.12-MR1-bach.jar" />
    <vmarg name="-Dsun.java.command=dacapo-9.12-MR1-bach.jar avrora --size=small" />
    <vmarg name="-Dsun.java.launcher=SUN_STANDARD" />
    <vmarg name="-Dsun.java.launcher.pid=20651" />
  </vmargs>
</initialized>

<exclusive-start id="2" timestamp="2019-08-02T23:44:28.432" intervalms="1048.412">
  <response-info timems="0.055" idlems="0.055" threads="0" lastid="0000000001DF1A00" lastname="main" />
</exclusive-start>
<sys-start reason="explicit" id="3" timestamp="2019-08-02T23:44:28.432" intervalms="1048.753" />
<cycle-start id="4" type="global" contextid="0" timestamp="2019-08-02T23:44:28.432" intervalms="1049.017" />
<gc-start id="5" type="global" contextid="4" timestamp="2019-08-02T23:44:28.433">
  <mem-info id="6" free="1763944" total="8388608" percent="21">
    <mem type="tenure" free="1763944" total="8388608" percent="21">
      <mem type="soa" free="1345128" total="7969792" percent="16" />
      <mem type="loa" free="418816" total="418816" percent="100" />
    </mem>
  </mem-info>
</gc-start>
<allocation-stats totalBytes="6584048" >
  <allocated-bytes non-tlh="529816" tlh="6054232" />
  <largest-consumer threadName="main" threadId="0000000001DF1A00" bytes="6490136" />
</allocation-stats>
<gc-op id="7" type="mark" timems="2.386" contextid="4" timestamp="2019-08-02T23:44:28.435">
  <trace-info objectcount="17834" scancount="14742" scanbytes="464960" />
  <finalization candidates="14" enqueued="1" />
  <references type="soft" candidates="66" cleared="0" enqueued="0" dynamicThreshold="32" maxThreshold="32" />
  <references type="weak" candidates="553" cleared="411" enqueued="372" />
  <references type="phantom" candidates="99" cleared="41" enqueued="41" />
  <stringconstants candidates="2456" cleared="0"  />
</gc-op>
<gc-op id="8" type="classunload" timems="0.072" contextid="4" timestamp="2019-08-02T23:44:28.435">
  <classunload-info classloadercandidates="6" classloadersunloaded="0" classesunloaded="0" anonymousclassesunloaded="0" quiescems="0.000" setupms="0.072" scanms="0.000" postms="0.000" />
</gc-op>
<gc-op id="9" type="sweep" timems="0.532" contextid="4" timestamp="2019-08-02T23:44:28.436" />
<gc-end id="10" type="global" contextid="4" durationms="4.167" usertimems="0.000" systemtimems="4.000" timestamp="2019-08-02T23:44:28.437" activeThreads="8">
  <mem-info id="11" free="7128976" total="8388608" percent="84">
    <mem type="tenure" free="7128976" total="8388608" percent="84" micro-fragmented="203974">
      <mem type="soa" free="6710160" total="7969792" percent="84" />
      <mem type="loa" free="418816" total="418816" percent="100" />
    </mem>
    <pending-finalizers system="1" default="0" reference="413" classloader="0" />
  </mem-info>
</gc-end>
<cycle-end id="12" type="global" contextid="4" timestamp="2019-08-02T23:44:28.437" />
  <attribute name="elasticGC enabled" value="1" />
  <attribute name= "numThreadsSpecified" value="0" />
  <attribute name="heapSize specified" value="0" />
  <attribute name= "numCores" value="8" />
  <attribute name ="GC Interval" value="0" />
  <attribute name ="Control flow" value="1" />
  <attribute name="GC Util Range Max" value="92" />
  <attribute name="Current GC Util" value="19" />
  <attribute name= "Current Time Running" value="3" />
<sys-end id="13" timestamp="2019-08-02T23:44:28.437" />
<exclusive-end id="14" timestamp="2019-08-02T23:44:28.437" durationms="5.064" />

<exclusive-start id="15" timestamp="2019-08-02T23:44:29.297" intervalms="865.625">
  <response-info timems="0.038" idlems="0.038" threads="0" lastid="00000000020B6700" lastname="node-0" />
</exclusive-start>
<af-start id="16" threadId="00000000020B7088" totalBytesRequested="32" timestamp="2019-08-02T23:44:29.297" intervalms="1914.152" />
<cycle-start id="17" type="global" contextid="0" timestamp="2019-08-02T23:44:29.298" intervalms="865.204" />
<gc-start id="18" type="global" contextid="17" timestamp="2019-08-02T23:44:29.298">
  <mem-info id="19" free="418816" total="8388608" percent="4">
    <mem type="tenure" free="418816" total="8388608" percent="4">
      <mem type="soa" free="0" total="7969792" percent="0" />
      <mem type="loa" free="418816" total="418816" percent="100" />
    </mem>
  </mem-info>
</gc-start>
<allocation-stats totalBytes="6624224" >
  <allocated-bytes non-tlh="652312" tlh="5971912" />
  <largest-consumer threadName="main" threadId="0000000001DF1A00" bytes="6064200" />
</allocation-stats>
<gc-op id="20" type="mark" timems="3.013" contextid="17" timestamp="2019-08-02T23:44:29.301">
  <trace-info objectcount="40752" scancount="34988" scanbytes="1185716" />
  <finalization candidates="13" enqueued="0" />
  <references type="soft" candidates="66" cleared="0" enqueued="0" dynamicThreshold="27" maxThreshold="32" />
  <references type="weak" candidates="187" cleared="44" enqueued="44" />
  <references type="phantom" candidates="61" cleared="4" enqueued="4" />
  <stringconstants candidates="3831" cleared="0"  />
</gc-op>
<gc-op id="21" type="sweep" timems="1.792" contextid="17" timestamp="2019-08-02T23:44:29.303" />
<gc-end id="22" type="global" contextid="17" durationms="7.260" usertimems="8.000" systemtimems="0.000" timestamp="2019-08-02T23:44:29.305" activeThreads="1">
  <mem-info id="23" free="5704272" total="8388608" percent="68">
    <mem type="tenure" free="5704272" total="8388608" percent="68" micro-fragmented="403162">
      <mem type="soa" free="5432040" total="7969792" percent="68" />
      <mem type="loa" free="272232" total="418816" percent="65" />
    </mem>
    <pending-finalizers system="0" default="0" reference="48" classloader="0" />
  </mem-info>
</gc-end>
<cycle-end id="24" type="global" contextid="17" timestamp="2019-08-02T23:44:29.305" />
  <attribute name="elasticGC enabled" value="1" />
  <attribute name= "numThreadsSpecified" value="1" />
  <attribute name="heapSize specified" value="0" />
  <attribute name= "numCores" value="8" />
  <attribute name ="GC Interval" value="0" />
  <attribute name ="Control flow" value="1" />
  <attribute name="GC Util Range Max" value="92" />
  <attribute name="Current GC Util" value="127" />
  <attribute name= "Current Time Running" value="870" />
<allocation-satisfied id="25" threadId="00000000020B6700" bytesRequested="32" />
<af-end id="26" timestamp="2019-08-02T23:44:29.305" threadId="00000000020B7088" success="true" />
<exclusive-end id="27" timestamp="2019-08-02T23:44:29.306" durationms="8.289" />

<concurrent-kickoff id="28" timestamp="2019-08-02T23:44:31.108">
  <kickoff reason="threshold reached" targetBytes="2489738" thresholdFreeBytes="343258" remainingFree="340680" tenureFreeBytes="340680" />
</concurrent-kickoff>
<exclusive-start id="29" timestamp="2019-08-02T23:44:31.108" intervalms="1810.383">
  <response-info timems="0.037" idlems="0.037" threads="0" lastid="00000000020BDF00" lastname="node-2" />
</exclusive-start>
<cycle-start id="30" type="global" contextid="0" timestamp="2019-08-02T23:44:31.108" intervalms="1810.364" />
<exclusive-end id="31" timestamp="2019-08-02T23:44:31.108" durationms="0.277" />

<exclusive-start id="32" timestamp="2019-08-02T23:44:31.171" intervalms="62.980">
  <response-info timems="0.027" idlems="0.027" threads="0" lastid="00000000020BA300" lastname="node-1" />
</exclusive-start>
<af-start id="33" threadId="00000000020BAC88" totalBytesRequested="24" timestamp="2019-08-02T23:44:31.171" intervalms="1873.326" />
<gc-start id="34" type="global" contextid="30" timestamp="2019-08-02T23:44:31.171">
  <mem-info id="35" free="418816" total="8388608" percent="4">
    <mem type="tenure" free="418816" total="8388608" percent="4">
      <mem type="soa" free="0" total="7969792" percent="0" />
      <mem type="loa" free="418816" total="418816" percent="100" />
    </mem>
  </mem-info>
</gc-start>
<allocation-stats totalBytes="5420936" >
  <allocated-bytes non-tlh="0" tlh="5420936" />
  <largest-consumer threadName="node-0" threadId="00000000020B6700" bytes="1835648" />
</allocation-stats>
<concurrent-halted id="36" timestamp="2019-08-02T23:44:31.171">
  <halted state="Complete" status="trace only" />
  <traced bytesTarget="2489738" bytesTotal="665980" bytesByMutator="4368" bytesByHelper="661612" percent="26" />
  <cards cleaned="0" thresholdBytes="135222" />
</concurrent-halted>
<gc-op id="37" type="card-cleaning" timems="0.568" contextid="30" timestamp="2019-08-02T23:44:31.172">
  <card-cleaning cardsCleaned="49" bytesTraced="255172" workStackOverflowCount="0" />
</gc-op>
<gc-op id="38" type="mark" timems="0.657" contextid="30" timestamp="2019-08-02T23:44:31.173">
  <trace-info objectcount="7984" scancount="8096" scanbytes="304788" />
  <finalization candidates="13" enqueued="0" />
  <references type="soft" candidates="66" cleared="0" enqueued="0" dynamicThreshold="21" maxThreshold="32" />
  <references type="weak" candidates="143" cleared="0" enqueued="0" />
  <references type="phantom" candidates="57" cleared="0" enqueued="0" />
  <stringconstants candidates="3831" cleared="0"  />
</gc-op>
<gc-op id="39" type="sweep" timems="0.273" contextid="30" timestamp="2019-08-02T23:44:31.173" />
<mem-info id="40" free="5796816" total="8388608" percent="69">
  <mem type="tenure" free="5796816" total="8388608" percent="69" micro-fragmented="504433">
    <mem type="soa" free="5378000" total="7969792" percent="67" />
    <mem type="loa" free="418816" total="418816" percent="100" />
  </mem>
</mem-info>
<gc-op id="41" type="compact" timems="10.905" contextid="30" timestamp="2019-08-02T23:44:31.184">
  <compact-info movecount="41637" movebytes="2031544" reason="no compaction" />
</gc-op>
<gc-end id="42" type="global" contextid="30" durationms="13.605" usertimems="12.000" systemtimems="0.000" timestamp="2019-08-02T23:44:31.185" activeThreads="2">
  <mem-info id="43" free="6291440" total="8388608" percent="74">
    <mem type="tenure" free="6291440" total="8388608" percent="74">
      <mem type="soa" free="5872624" total="7969792" percent="73" />
      <mem type="loa" free="418816" total="418816" percent="100" />
    </mem>
  </mem-info>
</gc-end>
<cycle-end id="44" type="global" contextid="30" timestamp="2019-08-02T23:44:31.185" />
  <attribute name="elasticGC enabled" value="1" />
  <attribute name= "numThreadsSpecified" value="2" />
  <attribute name="heapSize specified" value="8388608" />
  <attribute name= "numCores" value="8" />
  <attribute name ="GC Interval" value="0" />
  <attribute name ="Control flow" value="3" />
  <attribute name="GC Util Range Max" value="92" />
  <attribute name="Current GC Util" value="15" />
  <attribute name= "Current Time Running" value="2751" />
<allocation-satisfied id="45" threadId="00000000020BA300" bytesRequested="24" />
<af-end id="46" timestamp="2019-08-02T23:44:31.185" threadId="00000000020BAC88" success="true" />
<exclusive-end id="47" timestamp="2019-08-02T23:44:31.185" durationms="14.414" />

<exclusive-start id="48" timestamp="2019-08-02T23:44:33.030" intervalms="1859.476">
  <response-info timems="0.020" idlems="0.020" threads="0" lastid="00000000020B6700" lastname="node-0" />
</exclusive-start>
<af-start id="49" threadId="00000000020B7088" totalBytesRequested="24" timestamp="2019-08-02T23:44:33.030" intervalms="1859.493" />
<cycle-start id="50" type="global" contextid="0" timestamp="2019-08-02T23:44:33.030" intervalms="1922.444" />
<gc-start id="51" type="global" contextid="50" timestamp="2019-08-02T23:44:33.030">
  <mem-info id="52" free="418816" total="8388608" percent="4">
    <mem type="tenure" free="418816" total="8388608" percent="4">
      <mem type="soa" free="0" total="7969792" percent="0" />
      <mem type="loa" free="418816" total="418816" percent="100" />
    </mem>
  </mem-info>
</gc-start>
<allocation-stats totalBytes="5937192" >
  <allocated-bytes non-tlh="0" tlh="5937192" />
  <largest-consumer threadName="node-2" threadId="00000000020BDF00" bytes="2064192" />
</allocation-stats>
<gc-op id="53" type="mark" timems="1.355" contextid="50" timestamp="2019-08-02T23:44:33.032">
  <trace-info objectcount="40584" scancount="34863" scanbytes="1182540" />
  <finalization candidates="13" enqueued="0" />
  <references type="soft" candidates="66" cleared="0" enqueued="0" dynamicThreshold="23" maxThreshold="32" />
  <references type="weak" candidates="143" cleared="0" enqueued="0" />
  <references type="phantom" candidates="57" cleared="0" enqueued="0" />
  <stringconstants candidates="3831" cleared="0"  />
</gc-op>
<gc-op id="54" type="sweep" timems="0.202" contextid="50" timestamp="2019-08-02T23:44:33.032" />
<mem-info id="55" free="6381080" total="8388608" percent="76">
  <mem type="tenure" free="6381080" total="8388608" percent="76" micro-fragmented="0">
    <mem type="soa" free="5962264" total="7969792" percent="74" />
    <mem type="loa" free="418816" total="418816" percent="100" />
  </mem>
</mem-info>
<gc-op id="56" type="compact" timems="1.878" contextid="50" timestamp="2019-08-02T23:44:33.034">
  <compact-info movecount="25" movebytes="880" reason="no compaction" />
</gc-op>
<gc-end id="57" type="global" contextid="50" durationms="4.181" usertimems="4.000" systemtimems="0.000" timestamp="2019-08-02T23:44:33.035" activeThreads="8">
  <mem-info id="58" free="6316320" total="8388608" percent="75">
    <mem type="tenure" free="6316320" total="8388608" percent="75">
      <mem type="soa" free="5897504" total="7969792" percent="73" />
      <mem type="loa" free="418816" total="418816" percent="100" />
    </mem>
  </mem-info>
</gc-end>
<cycle-end id="59" type="global" contextid="50" timestamp="2019-08-02T23:44:33.035" />
  <attribute name="elasticGC enabled" value="1" />
  <attribute name= "numThreadsSpecified" value="2" />
  <attribute name="heapSize specified" value="8388608" />
  <attribute name= "numCores" value="8" />
  <attribute name ="GC Interval" value="0" />
  <attribute name ="Control flow" value="3" />
  <attribute name="GC Util Range Max" value="92" />
  <attribute name="Current GC Util" value="35" />
  <attribute name= "Current Time Running" value="4601" />
<allocation-satisfied id="60" threadId="00000000020B6700" bytesRequested="24" />
<af-end id="61" timestamp="2019-08-02T23:44:33.035" threadId="00000000020B7088" success="true" />
<exclusive-end id="62" timestamp="2019-08-02T23:44:33.035" durationms="4.917" />

<exclusive-start id="63" timestamp="2019-08-02T23:44:34.765" intervalms="1735.250">
  <response-info timems="0.033" idlems="0.033" threads="0" lastid="00000000020BDF00" lastname="node-2" />
</exclusive-start>
<af-start id="64" threadId="00000000020BE888" totalBytesRequested="24" timestamp="2019-08-02T23:44:34.766" intervalms="1735.255" />
<cycle-start id="65" type="global" contextid="0" timestamp="2019-08-02T23:44:34.766" intervalms="1735.261" />
<gc-start id="66" type="global" contextid="65" timestamp="2019-08-02T23:44:34.766">
  <mem-info id="67" free="418816" total="8388608" percent="4">
    <mem type="tenure" free="418816" total="8388608" percent="4">
      <mem type="soa" free="0" total="7969792" percent="0" />
      <mem type="loa" free="418816" total="418816" percent="100" />
    </mem>
  </mem-info>
</gc-start>
<allocation-stats totalBytes="5961728" >
  <allocated-bytes non-tlh="0" tlh="5961728" />
  <largest-consumer threadName="node-0" threadId="00000000020B6700" bytes="2063632" />
</allocation-stats>
<gc-op id="68" type="mark" timems="12.667" contextid="65" timestamp="2019-08-02T23:44:34.778">
  <trace-info objectcount="40578" scancount="34852" scanbytes="1182404" />
  <finalization candidates="13" enqueued="0" />
  <references type="soft" candidates="66" cleared="0" enqueued="0" dynamicThreshold="24" maxThreshold="32" />
  <references type="weak" candidates="143" cleared="0" enqueued="0" />
  <references type="phantom" candidates="57" cleared="0" enqueued="0" />
  <stringconstants candidates="3831" cleared="0"  />
</gc-op>
<gc-op id="69" type="sweep" timems="2.756" contextid="65" timestamp="2019-08-02T23:44:34.781" />
<mem-info id="70" free="6381152" total="8388608" percent="76">
  <mem type="tenure" free="6381152" total="8388608" percent="76" micro-fragmented="0">
    <mem type="soa" free="5962336" total="7969792" percent="74" />
    <mem type="loa" free="418816" total="418816" percent="100" />
  </mem>
</mem-info>
<gc-op id="71" type="compact" timems="9.706" contextid="65" timestamp="2019-08-02T23:44:34.791">
  <compact-info movecount="19" movebytes="336" reason="no compaction" />
</gc-op>
<gc-end id="72" type="global" contextid="65" durationms="27.094" usertimems="28.000" systemtimems="0.000" timestamp="2019-08-02T23:44:34.793" activeThreads="1">
  <mem-info id="73" free="6316864" total="8388608" percent="75">
    <mem type="tenure" free="6316864" total="8388608" percent="75">
      <mem type="soa" free="5898048" total="7969792" percent="74" />
      <mem type="loa" free="418816" total="418816" percent="100" />
    </mem>
  </mem-info>
</gc-end>
<cycle-end id="74" type="global" contextid="65" timestamp="2019-08-02T23:44:34.793" />
  <attribute name="elasticGC enabled" value="1" />
  <attribute name= "numThreadsSpecified" value="1" />
  <attribute name="heapSize specified" value="8388608" />
  <attribute name= "numCores" value="8" />
  <attribute name ="GC Interval" value="0" />
  <attribute name ="Control flow" value="1" />
  <attribute name="GC Util Range Max" value="92" />
  <attribute name="Current GC Util" value="97" />
  <attribute name= "Current Time Running" value="6358" />
<allocation-satisfied id="75" threadId="00000000020BDF00" bytesRequested="24" />
<af-end id="76" timestamp="2019-08-02T23:44:34.793" threadId="00000000020BE888" success="true" />
<exclusive-end id="77" timestamp="2019-08-02T23:44:34.793" durationms="27.940" />

<exclusive-start id="78" timestamp="2019-08-02T23:44:36.470" intervalms="1704.449">
  <response-info timems="0.022" idlems="0.022" threads="0" lastid="00000000020BDF00" lastname="node-2" />
</exclusive-start>
<af-start id="79" threadId="00000000020BE888" totalBytesRequested="32" timestamp="2019-08-02T23:44:36.470" intervalms="1704.450" />
<cycle-start id="80" type="global" contextid="0" timestamp="2019-08-02T23:44:36.470" intervalms="1704.459" />
<gc-start id="81" type="global" contextid="80" timestamp="2019-08-02T23:44:36.470">
  <mem-info id="82" free="418816" total="8388608" percent="4">
    <mem type="tenure" free="418816" total="8388608" percent="4">
      <mem type="soa" free="0" total="7969792" percent="0" />
      <mem type="loa" free="418816" total="418816" percent="100" />
    </mem>
  </mem-info>
</gc-start>
<allocation-stats totalBytes="5962368" >
  <allocated-bytes non-tlh="0" tlh="5962368" />
  <largest-consumer threadName="node-0" threadId="00000000020B6700" bytes="2064128" />
</allocation-stats>
<gc-op id="83" type="mark" timems="4.249" contextid="80" timestamp="2019-08-02T23:44:36.475">
  <trace-info objectcount="40579" scancount="34855" scanbytes="1182428" />
  <finalization candidates="13" enqueued="0" />
  <references type="soft" candidates="66" cleared="0" enqueued="0" dynamicThreshold="24" maxThreshold="32" />
  <references type="weak" candidates="143" cleared="0" enqueued="0" />
  <references type="phantom" candidates="57" cleared="0" enqueued="0" />
  <stringconstants candidates="3831" cleared="0"  />
</gc-op>
<gc-op id="84" type="sweep" timems="1.953" contextid="80" timestamp="2019-08-02T23:44:36.477" />
<gc-end id="85" type="global" contextid="80" durationms="8.319" usertimems="8.000" systemtimems="0.000" timestamp="2019-08-02T23:44:36.478" activeThreads="1">
  <mem-info id="86" free="6292840" total="8388608" percent="75">
    <mem type="tenure" free="6292840" total="8388608" percent="75" micro-fragmented="0">
      <mem type="soa" free="5897472" total="7969792" percent="73" />
      <mem type="loa" free="395368" total="418816" percent="94" />
    </mem>
  </mem-info>
</gc-end>
<cycle-end id="87" type="global" contextid="80" timestamp="2019-08-02T23:44:36.479" />
  <attribute name="elasticGC enabled" value="1" />
  <attribute name= "numThreadsSpecified" value="1" />
  <attribute name="heapSize specified" value="8388608" />
  <attribute name= "numCores" value="8" />
  <attribute name ="GC Interval" value="0" />
  <attribute name ="Control flow" value="1" />
  <attribute name="GC Util Range Max" value="92" />
  <attribute name="Current GC Util" value="164" />
  <attribute name= "Current Time Running" value="8044" />
<allocation-satisfied id="88" threadId="00000000020BDF00" bytesRequested="32" />
<af-end id="89" timestamp="2019-08-02T23:44:36.479" threadId="00000000020BE888" success="true" />
<exclusive-end id="90" timestamp="2019-08-02T23:44:36.479" durationms="9.109" />

</verbosegc>

