<?xml version="1.0" ?>

<verbosegc xmlns="http://www.ibm.com/j9/verbosegc" version="10b4217_CMPRSS">

<initialized id="1" timestamp="2019-06-16T21:51:03.538">
  <attribute name="gcPolicy" value="-Xgcpolicy:balanced" />
  <attribute name="elasticGC enabled" value="1" />
  <attribute name= "numThreadsSpecified" value="0" />
  <attribute name="heapSize specified" value="0" />
  <attribute name="Current GC Util" value="0" />
  <attribute name= "Current Time Running" value="0" />
  <attribute name ="GC Interval" value="0" />
  <attribute name="ProportionalT" value="0.000000" />
  <attribute name="ProportionalI" value="0.000000" />
  <attribute name="ProportionalH" value="0.000000" />
  <attribute name="IntegralT" value="0.000000" />
  <attribute name="IntegralI" value="0.000000" />
  <attribute name="IntegralH" value="0.000000" />
  <attribute name="DerivativeT" value="0.000000" />
  <attribute name="DerivativeI" value="0.000000" />
  <attribute name="DerivativeH" value="0.000000" />
  <attribute name="Target GC Util Change" value ="0.000000" />
  <attribute name="Current GC Util Change" value="0.000000"/>
  <attribute name="Current Error" value="0.000000" />
  <attribute name="Loop Time for DT" value="0.000000" />
  <attribute name="Output H" value="0"/>
  <attribute name="Output I" value="0"/>
  <attribute name="Output T" value="0"/>
  <attribute name="GC Util currently" value="0" />
  <attribute name="CPU Util currently" value="0" />
  <attribute name="maxHeapSize" value="0x7cb00000" />
  <attribute name="initialHeapSize" value="0x800000" />
  <attribute name="compressedRefs" value="true" />
  <attribute name="compressedRefsDisplacement" value="0x0" />
  <attribute name="compressedRefsShift" value="0x0" />
  <attribute name="pageSize" value="0x1000" />
  <attribute name="pageType" value="not used" />
  <attribute name="requestedPageSize" value="0x1000" />
  <attribute name="requestedPageType" value="not used" />
  <attribute name="gcthreads" value="4" />
  <attribute name="packetListSplit" value="4" />
  <attribute name="cacheListSplit" value="4" />
  <attribute name="splitFreeListSplitAmount" value="1" />
  <attribute name="numaNodes" value="0" />
  <region>
    <attribute name="regionSize" value="1048576" />
    <attribute name="regionCount" value="1995" />
    <attribute name="arrayletLeafSize" value="1048576" />
  </region>
  <system>
    <attribute name="physicalMemory" value="8370958336" />
    <attribute name="numCPUs" value="4" />
    <attribute name="architecture" value="amd64" />
    <attribute name="os" value="Linux" />
    <attribute name="osVersion" value="4.4.0-150-generic" />
  </system>
  <vmargs>
    <vmarg name="-Xoptionsfile=/vagrant/jdk/lib/options.default" />
    <vmarg name="-Xlockword:mode=default,noLockword=java/lang/String,noLockword=java/util/MapEntry,noLockword=java/util/HashMap$Entry,noLockword..." />
    <vmarg name="-Xjcl:jclse29" />
    <vmarg name="-Dcom.ibm.oti.vm.bootstrap.library.path=/vagrant/jdk/lib/compressedrefs:/vagrant/jdk/lib" />
    <vmarg name="-Dsun.boot.library.path=/vagrant/jdk/lib/compressedrefs:/vagrant/jdk/lib" />
    <vmarg name="-Djava.library.path=/vagrant/jdk/lib/compressedrefs:/vagrant/jdk/lib:/usr/lib64:/usr/lib" />
    <vmarg name="-Djava.home=/vagrant/jdk" />
    <vmarg name="-Duser.dir=/vagrant" />
    <vmarg name="-Xgcpolicy:balanced" />
    <vmarg name="-Xgcelastic" />
    <vmarg name="-Xcheck:gc:::elasticGC" />
    <vmarg name="-verbose:gc" />
    <vmarg name="-Xloggc:jdk0.5-0.5-1-default-BAL-4CORE-elasticverbose2jython.txt" />
    <vmarg name="-Djava.class.path=dacapo-9.12-MR1-bach.jar" />
    <vmarg name="-Dsun.java.command=dacapo-9.12-MR1-bach.jar jython --size=default" />
    <vmarg name="-Dsun.java.launcher=SUN_STANDARD" />
    <vmarg name="-Dsun.java.launcher.pid=11524" />
  </vmargs>
</initialized>

<exclusive-start id="2" timestamp="2019-06-16T21:51:28.499" intervalms="24960.171">
  <response-info timems="0.199" idlems="0.199" threads="0" lastid="0000000001AFD700" lastname="main" />
</exclusive-start>
<allocation-taxation id="3" taxation-threshold="8388608" timestamp="2019-06-16T21:51:28.500" intervalms="24962.072" />
<cycle-start id="4" type="partial gc" contextid="0" timestamp="2019-06-16T21:51:28.503" intervalms="24964.894" />
<gc-start id="5" type="partial gc" contextid="4" timestamp="2019-06-16T21:51:28.506">
  <mem-info id="6" free="0" total="8388608" percent="0">
    <mem type="eden" free="80" total="8388608" percent="0" />
    <remembered-set count="0" freebytes="334848" totalbytes="334848" percent="100" regionsoverflowed="0" regionsstable="0" regionsrebuilding="0"/>
  </mem-info>
</gc-start>
<allocation-stats totalBytes="8321376" >
  <allocated-bytes non-tlh="357600" tlh="7963776" arrayletleaf="0"/>
  <largest-consumer threadName="main" threadId="0000000001AFD700" bytes="8247728" />
</allocation-stats>
<gc-op id="7" type="mark" timems="12.255" contextid="4" timestamp="2019-06-16T21:51:28.528">
  <trace-info objectcount="17716" scancount="14028" scanbytes="460928" />
  <remembered-set-cleared processed="0" cleared="0" durationms="0.501" />
  <finalization candidates="14" enqueued="1" />
  <references type="soft" candidates="63" cleared="0" enqueued="0" dynamicThreshold="32" maxThreshold="32" />
  <references type="weak" candidates="544" cleared="401" enqueued="362" />
  <references type="phantom" candidates="105" cleared="44" enqueued="44" />
  <stringconstants candidates="2406" cleared="0"  />
  <warning details="Mark for calibration purposes" />
</gc-op>
<gc-op id="8" type="classunload" timems="0.435" contextid="4" timestamp="2019-06-16T21:51:28.529">
  <classunload-info classloadercandidates="5" classloadersunloaded="0" classesunloaded="0" anonymousclassesunloaded="0" quiescems="0.000" setupms="0.434" scanms="0.000" postms="0.000" />
</gc-op>
<gc-op id="9" type="sweep" timems="3.669" contextid="4" timestamp="2019-06-16T21:51:28.534" />
<gc-op id="10" type="compact" timems="17.480" contextid="4" timestamp="2019-06-16T21:51:28.554">
  <compact-info movecount="17716" movebytes="965360" />
  <remembered-set-cleared processed="0" cleared="0" durationms="0.501" />
</gc-op>
<gc-end id="11" type="partial gc" contextid="4" durationms="51.130" usertimems="4.000" systemtimems="52.000" timestamp="2019-06-16T21:51:28.557" activeThreads="4">
  <mem-info id="12" free="7340032" total="8388608" percent="87">
    <mem type="eden" free="83216" total="1048576" percent="7" />
    <pending-finalizers system="1" default="0" reference="406" classloader="0" />
    <remembered-set count="0" freebytes="334848" totalbytes="334848" percent="100" regionsoverflowed="0" regionsstable="0" regionsrebuilding="0"/>
  </mem-info>
</gc-end>
<cycle-end id="13" type="partial gc" contextid="4" timestamp="2019-06-16T21:51:28.557" />
  <attribute name="elasticGC enabled" value="1" />
  <attribute name= "numThreadsSpecified" value="4" />
  <attribute name="heapSize specified" value="0" />
  <attribute name="Current GC Util" value="34" />
  <attribute name= "Current Time Running" value="24883" />
  <attribute name ="GC Interval" value="0" />
  <attribute name="ProportionalT" value="7.000000" />
  <attribute name="ProportionalI" value="7.000000" />
  <attribute name="ProportionalH" value="7.000000" />
  <attribute name="Current Error" value="14.000000" />
  <attribute name="IntegralT" value="-247814.500000" />
  <attribute name="IntegralI" value="-247814.500000" />
  <attribute name="IntegralH" value="-247814.500000" />
  <attribute name="DerivativeT" value="-11.000000" />
  <attribute name="DerivativeI" value="-11.000000" />
  <attribute name="DerivativeH" value="-11.000000" />
  <attribute name="Loop Time for DT" value="6.000000" />
  <attribute name="Output H" value="2091843584"/>
  <attribute name="Output I" value="200"/>
  <attribute name="Output T" value="4"/>
  <attribute name="Target GC Util Change" value ="20.000000" />
  <attribute name="Current GC Util Change" value="34.000000"/>
  <attribute name="GC Util currently" value="34" />
  <attribute name="CPU Util currently" value="769990566125" />
<exclusive-end id="14" timestamp="2019-06-16T21:51:28.558" durationms="59.842" />

<exclusive-start id="15" timestamp="2019-06-16T21:51:42.326" intervalms="13827.508">
  <response-info timems="0.052" idlems="0.052" threads="0" lastid="0000000001AFD700" lastname="main" />
</exclusive-start>
<allocation-taxation id="16" taxation-threshold="7340032" timestamp="2019-06-16T21:51:42.326" intervalms="13825.723" />
<cycle-start id="17" type="partial gc" contextid="0" timestamp="2019-06-16T21:51:42.326" intervalms="13823.171" />
<gc-start id="18" type="partial gc" contextid="17" timestamp="2019-06-16T21:51:42.326">
  <mem-info id="19" free="0" total="8388608" percent="0">
    <mem type="eden" free="83216" total="8388608" percent="0" />
    <remembered-set count="0" freebytes="334848" totalbytes="334848" percent="100" regionsoverflowed="0" regionsstable="0" regionsrebuilding="0"/>
  </mem-info>
</gc-start>
<allocation-stats totalBytes="7332424" >
  <allocated-bytes non-tlh="558656" tlh="6773768" arrayletleaf="0"/>
  <largest-consumer threadName="main" threadId="0000000001AFD700" bytes="7324144" />
</allocation-stats>
<gc-op id="20" type="mark" timems="1.761" contextid="17" timestamp="2019-06-16T21:51:42.329">
  <trace-info objectcount="20315" scancount="16175" scanbytes="550632" />
  <remembered-set-cleared processed="0" cleared="0" durationms="0.040" />
  <finalization candidates="50" enqueued="0" />
  <ownableSynchronizers candidates="17" cleared="0" />
  <references type="soft" candidates="67" cleared="0" enqueued="0" dynamicThreshold="28" maxThreshold="32" />
  <references type="weak" candidates="813" cleared="377" enqueued="267" />
  <references type="phantom" candidates="88" cleared="2" enqueued="2" />
  <stringconstants candidates="2652" cleared="0"  />
  <warning details="Mark invoked due to insufficient free space for Copy-Forward" />
</gc-op>
<gc-op id="21" type="classunload" timems="0.001" contextid="17" timestamp="2019-06-16T21:51:42.329">
  <classunload-info classloadercandidates="6" classloadersunloaded="0" classesunloaded="0" anonymousclassesunloaded="0" quiescems="0.000" setupms="0.001" scanms="0.000" postms="0.000" />
</gc-op>
<gc-op id="22" type="sweep" timems="0.416" contextid="17" timestamp="2019-06-16T21:51:42.330" />
<gc-op id="23" type="compact" timems="2.970" contextid="17" timestamp="2019-06-16T21:51:42.333">
  <compact-info movecount="20315" movebytes="1542904" />
  <remembered-set-cleared processed="0" cleared="0" durationms="0.040" />
</gc-op>
<gc-end id="24" type="partial gc" contextid="17" durationms="6.572" usertimems="8.000" systemtimems="0.000" timestamp="2019-06-16T21:51:42.333" activeThreads="4">
  <mem-info id="25" free="6291456" total="8388608" percent="75">
    <mem type="eden" free="554248" total="2097152" percent="26" />
    <pending-finalizers system="0" default="0" reference="269" classloader="0" />
    <remembered-set count="1536" freebytes="328704" totalbytes="334848" percent="98" regionsoverflowed="0" regionsstable="0" regionsrebuilding="0"/>
  </mem-info>
</gc-end>
<cycle-end id="26" type="partial gc" contextid="17" timestamp="2019-06-16T21:51:42.333" />
  <attribute name="elasticGC enabled" value="1" />
  <attribute name= "numThreadsSpecified" value="4" />
  <attribute name="heapSize specified" value="0" />
  <attribute name="Current GC Util" value="22" />
  <attribute name= "Current Time Running" value="38676" />
  <attribute name ="GC Interval" value="0" />
  <attribute name="ProportionalT" value="1.000000" />
  <attribute name="ProportionalI" value="1.000000" />
  <attribute name="ProportionalH" value="1.000000" />
  <attribute name="Current Error" value="2.000000" />
  <attribute name="IntegralT" value="1.000000" />
  <attribute name="IntegralI" value="1.000000" />
  <attribute name="IntegralH" value="1.000000" />
  <attribute name="DerivativeT" value="2.000000" />
  <attribute name="DerivativeI" value="2.000000" />
  <attribute name="DerivativeH" value="2.000000" />
  <attribute name="Loop Time for DT" value="1.000000" />
  <attribute name="Output H" value="8388608"/>
  <attribute name="Output I" value="200"/>
  <attribute name="Output T" value="4"/>
  <attribute name="Target GC Util Change" value ="20.000000" />
  <attribute name="Current GC Util Change" value="22.000000"/>
  <attribute name="GC Util currently" value="22" />
  <attribute name="CPU Util currently" value="6588009944185" />
<exclusive-end id="27" timestamp="2019-06-16T21:51:42.333" durationms="7.597" />

<exclusive-start id="28" timestamp="2019-06-16T21:51:42.488" intervalms="161.712">
  <response-info timems="0.057" idlems="0.057" threads="0" lastid="0000000001AFD700" lastname="main" />
</exclusive-start>
<allocation-taxation id="29" taxation-threshold="3145728" timestamp="2019-06-16T21:51:42.488" intervalms="161.714" />
<cycle-start id="30" type="global mark phase" contextid="0" timestamp="2019-06-16T21:51:42.488" intervalms="38949.910" />
<gc-start id="31" type="global mark phase" contextid="30" timestamp="2019-06-16T21:51:42.488">
  <mem-info id="32" free="3145728" total="8388608" percent="37">
    <remembered-set count="1536" freebytes="328704" totalbytes="334848" percent="98" regionsoverflowed="0" regionsstable="0" regionsrebuilding="0"/>
  </mem-info>
</gc-start>
<gc-op id="33" type="mark increment" timems="0.699" contextid="30" timestamp="2019-06-16T21:51:42.489">
  <trace-info objectcount="99" scancount="0" scanbytes="0" />
</gc-op>
<gc-end id="34" type="global mark phase" contextid="30" durationms="0.832" usertimems="0.000" systemtimems="0.000" timestamp="2019-06-16T21:51:42.489" activeThreads="4">
  <mem-info id="35" free="3145728" total="8388608" percent="37">
    <remembered-set count="1536" freebytes="328704" totalbytes="334848" percent="98" regionsoverflowed="0" regionsstable="0" regionsrebuilding="0"/>
  </mem-info>
</gc-end>
<concurrent-start id="36" type="GMP work packet processing" contextid="30" timestamp="2019-06-16T21:51:42.489">
  <concurrent-mark-start scanTarget="18446744073709551615" />
</concurrent-start>
<concurrent-end id="38" type="GMP work packet processing" contextid="30" timestamp="2019-06-16T21:51:42.491">
  <concurrent-mark-end bytesScanned="789632" reasonForTermination="Completed all work in GC phase" />
</concurrent-end>

<exclusive-end id="37" timestamp="2019-06-16T21:51:42.491" durationms="3.532" />

<exclusive-start id="39" timestamp="2019-06-16T21:51:45.908" intervalms="3420.874">
  <response-info timems="0.029" idlems="0.029" threads="0" lastid="0000000001AFD700" lastname="main" />
</exclusive-start>
<allocation-taxation id="40" taxation-threshold="3145728" timestamp="2019-06-16T21:51:45.909" intervalms="3420.850" />
<cycle-start id="41" type="partial gc" contextid="0" timestamp="2019-06-16T21:51:45.909" intervalms="3582.384" />
<gc-start id="42" type="partial gc" contextid="41" timestamp="2019-06-16T21:51:45.909">
  <mem-info id="43" free="0" total="8388608" percent="0">
    <mem type="eden" free="0" total="6291456" percent="0" />
    <remembered-set count="1536" freebytes="328704" totalbytes="334848" percent="98" regionsoverflowed="0" regionsstable="0" regionsrebuilding="0"/>
  </mem-info>
</gc-start>
<allocation-stats totalBytes="6284448" >
  <allocated-bytes non-tlh="258288" tlh="6026160" arrayletleaf="0"/>
  <largest-consumer threadName="main" threadId="0000000001AFD700" bytes="3142552" />
</allocation-stats>
<gc-op id="44" type="mark" timems="2.175" contextid="41" timestamp="2019-06-16T21:51:45.911">
  <trace-info objectcount="19954" scancount="15899" scanbytes="532152" />
  <cardclean-info objects="668" bytes="30984" />
  <remembered-set-cleared processed="278" cleared="278" durationms="0.044" />
  <finalization candidates="50" enqueued="1" />
  <ownableSynchronizers candidates="17" cleared="0" />
  <references type="soft" candidates="385" cleared="0" enqueued="0" dynamicThreshold="12" maxThreshold="32" />
  <references type="weak" candidates="1247" cleared="150" enqueued="138" />
  <references type="phantom" candidates="43" cleared="6" enqueued="6" />
  <stringconstants candidates="4558" cleared="0"  />
  <warning details="Mark invoked due to insufficient free space for Copy-Forward" />
</gc-op>
<gc-op id="45" type="classunload" timems="0.001" contextid="41" timestamp="2019-06-16T21:51:45.911">
  <classunload-info classloadercandidates="10" classloadersunloaded="0" classesunloaded="0" anonymousclassesunloaded="0" quiescems="0.000" setupms="0.001" scanms="0.000" postms="0.000" />
</gc-op>
<gc-op id="46" type="sweep" timems="0.354" contextid="41" timestamp="2019-06-16T21:51:45.912" />
<gc-op id="47" type="compact" timems="3.667" contextid="41" timestamp="2019-06-16T21:51:45.916">
  <compact-info movecount="19949" movebytes="1367240" />
  <remembered-set-cleared processed="3371" cleared="3371" durationms="0.052" />
</gc-op>
<gc-end id="48" type="partial gc" contextid="41" durationms="7.357" usertimems="0.000" systemtimems="8.000" timestamp="2019-06-16T21:51:45.916" activeThreads="1">
  <mem-info id="49" free="5242880" total="8388608" percent="62">
    <mem type="eden" free="436376" total="1048576" percent="41" />
    <pending-finalizers system="1" default="0" reference="144" classloader="0" />
    <remembered-set count="3168" freebytes="322176" totalbytes="334848" percent="96" regionsoverflowed="0" regionsstable="0" regionsrebuilding="0"/>
  </mem-info>
</gc-end>
<cycle-end id="50" type="partial gc" contextid="41" timestamp="2019-06-16T21:51:45.916" />
  <attribute name="elasticGC enabled" value="1" />
  <attribute name= "numThreadsSpecified" value="1" />
  <attribute name="heapSize specified" value="0" />
  <attribute name="Current GC Util" value="29" />
  <attribute name= "Current Time Running" value="42258" />
  <attribute name ="GC Interval" value="0" />
  <attribute name="ProportionalT" value="4.500000" />
  <attribute name="ProportionalI" value="4.500000" />
  <attribute name="ProportionalH" value="4.500000" />
  <attribute name="Current Error" value="9.000000" />
  <attribute name="IntegralT" value="0.000000" />
  <attribute name="IntegralI" value="0.000000" />
  <attribute name="IntegralH" value="0.000000" />
  <attribute name="DerivativeT" value="inf" />
  <attribute name="DerivativeI" value="inf" />
  <attribute name="DerivativeH" value="inf" />
  <attribute name="Loop Time for DT" value="0.000000" />
  <attribute name="Output H" value="8388608"/>
  <attribute name="Output I" value="200"/>
  <attribute name="Output T" value="1"/>
  <attribute name="Target GC Util Change" value ="20.000000" />
  <attribute name="Current GC Util Change" value="29.000000"/>
  <attribute name="GC Util currently" value="29" />
  <attribute name="CPU Util currently" value="8165629102272" />
<exclusive-end id="51" timestamp="2019-06-16T21:51:45.917" durationms="8.147" />

<exclusive-start id="52" timestamp="2019-06-16T21:51:46.001" intervalms="92.923">
  <response-info timems="0.030" idlems="0.030" threads="0" lastid="0000000001AFD700" lastname="main" />
</exclusive-start>
<allocation-taxation id="53" taxation-threshold="2097152" timestamp="2019-06-16T21:51:46.001" intervalms="92.911" />
<gc-start id="54" type="global mark phase" contextid="30" timestamp="2019-06-16T21:51:46.002">
  <mem-info id="55" free="3145728" total="8388608" percent="37">
    <remembered-set count="2848" freebytes="323456" totalbytes="334848" percent="96" regionsoverflowed="0" regionsstable="0" regionsrebuilding="0"/>
  </mem-info>
</gc-start>
<gc-op id="56" type="mark increment" timems="2.100" contextid="30" timestamp="2019-06-16T21:51:46.004">
  <trace-info objectcount="22776" scancount="18417" scanbytes="628168" />
  <cardclean-info objects="811" bytes="37288" />
  <finalization candidates="65" enqueued="0" />
  <ownableSynchronizers candidates="17" cleared="0" />
  <references type="soft" candidates="586" cleared="0" enqueued="0" dynamicThreshold="20" maxThreshold="32" />
  <references type="weak" candidates="1425" cleared="12" enqueued="12" />
  <references type="phantom" candidates="94" cleared="0" enqueued="0" />
  <stringconstants candidates="4916" cleared="0"  />
</gc-op>
<gc-op id="57" type="classunload" timems="0.003" contextid="30" timestamp="2019-06-16T21:51:46.004">
  <classunload-info classloadercandidates="10" classloadersunloaded="0" classesunloaded="0" anonymousclassesunloaded="0" quiescems="0.000" setupms="0.003" scanms="0.000" postms="0.000" />
</gc-op>
<gc-end id="58" type="global mark phase" contextid="30" durationms="2.435" usertimems="0.000" systemtimems="4.000" timestamp="2019-06-16T21:51:46.004" activeThreads="4">
  <mem-info id="59" free="3145728" total="8388608" percent="37">
    <pending-finalizers system="0" default="0" reference="12" classloader="0" />
    <remembered-set count="2848" freebytes="323456" totalbytes="334848" percent="96" regionsoverflowed="0" regionsstable="0" regionsrebuilding="0"/>
  </mem-info>
</gc-end>
<cycle-end id="60" type="global mark phase" contextid="30" timestamp="2019-06-16T21:51:46.004" />
  <attribute name="elasticGC enabled" value="1" />
  <attribute name= "numThreadsSpecified" value="4" />
  <attribute name="heapSize specified" value="0" />
  <attribute name="Current GC Util" value="82" />
  <attribute name= "Current Time Running" value="42349" />
  <attribute name ="GC Interval" value="0" />
  <attribute name="ProportionalT" value="31.000000" />
  <attribute name="ProportionalI" value="31.000000" />
  <attribute name="ProportionalH" value="31.000000" />
  <attribute name="Current Error" value="62.000000" />
  <attribute name="IntegralT" value="31.000000" />
  <attribute name="IntegralI" value="31.000000" />
  <attribute name="IntegralH" value="31.000000" />
  <attribute name="DerivativeT" value="-40.000000" />
  <attribute name="DerivativeI" value="-40.000000" />
  <attribute name="DerivativeH" value="-40.000000" />
  <attribute name="Loop Time for DT" value="1.000000" />
  <attribute name="Output H" value="8388608"/>
  <attribute name="Output I" value="200"/>
  <attribute name="Output T" value="4"/>
  <attribute name="Target GC Util Change" value ="20.000000" />
  <attribute name="Current GC Util Change" value="82.000000"/>
  <attribute name="GC Util currently" value="82" />
  <attribute name="CPU Util currently" value="5391836186247" />
<exclusive-end id="61" timestamp="2019-06-16T21:51:46.004" durationms="2.894" />

<exclusive-start id="62" timestamp="2019-06-16T21:51:46.061" intervalms="59.680">
  <response-info timems="0.031" idlems="0.031" threads="0" lastid="0000000001AFD700" lastname="main" />
</exclusive-start>
<allocation-taxation id="63" taxation-threshold="2097152" timestamp="2019-06-16T21:51:46.061" intervalms="59.692" />
<cycle-start id="64" type="partial gc" contextid="0" timestamp="2019-06-16T21:51:46.061" intervalms="152.590" />
<gc-start id="65" type="partial gc" contextid="64" timestamp="2019-06-16T21:51:46.061">
  <mem-info id="66" free="1048576" total="8388608" percent="12">
    <mem type="eden" free="436376" total="5242880" percent="8" />
    <remembered-set count="2848" freebytes="323456" totalbytes="334848" percent="96" regionsoverflowed="0" regionsstable="0" regionsrebuilding="0"/>
  </mem-info>
</gc-start>
<allocation-stats totalBytes="4173480" >
  <allocated-bytes non-tlh="84792" tlh="4088688" arrayletleaf="0"/>
  <largest-consumer threadName="main" threadId="0000000001AFD700" bytes="2095072" />
</allocation-stats>
<gc-op id="67" type="sweep" timems="0.416" contextid="64" timestamp="2019-06-16T21:51:46.062" />
<gc-op id="68" type="copy forward" timems="3.574" contextid="64" timestamp="2019-06-16T21:51:46.066">
  <memory-copied type="eden" objects="1317" bytes="51064" bytesdiscarded="3782" />
  <memory-copied type="other" objects="19369" bytes="749408" bytesdiscarded="57026" />
  <memory-cardclean objects="655" bytes="34376" />
  <memory-traced type="eden" objects="689" bytes="26920" />
  <memory-traced type="other" objects="0" bytes="0" />
  <regions eden="2" other="3" evacuated="4" marked="1" />
  <remembered-set-cleared processed="1584" cleared="1376" durationms="0.051" />
  <finalization candidates="15" enqueued="0" />
  <references type="soft" candidates="562" cleared="0" enqueued="0" dynamicThreshold="12" maxThreshold="32" />
  <references type="weak" candidates="1166" cleared="0" enqueued="0" />
  <references type="phantom" candidates="10" cleared="0" enqueued="0" />
  <stringconstants candidates="5118" cleared="0"  />
  <heap-resize type="expand" space="default" amount="1048576" count="1" timems="0.215" reason="continue current collection" />
</gc-op>
<gc-op id="69" type="classunload" timems="0.003" contextid="64" timestamp="2019-06-16T21:51:46.066">
  <classunload-info classloadercandidates="10" classloadersunloaded="0" classesunloaded="0" anonymousclassesunloaded="0" quiescems="0.000" setupms="0.002" scanms="0.000" postms="0.000" />
</gc-op>
<gc-op id="70" type="compact" timems="0.888" contextid="64" timestamp="2019-06-16T21:51:46.067">
  <compact-info movecount="821" movebytes="44504" />
  <remembered-set-cleared processed="4497" cleared="2253" durationms="0.058" />
</gc-op>
<gc-end id="71" type="partial gc" contextid="64" durationms="5.984" usertimems="0.000" systemtimems="8.000" timestamp="2019-06-16T21:51:46.067" activeThreads="4">
  <mem-info id="72" free="4194304" total="9437184" percent="44">
    <mem type="eden" free="2238744" total="3145728" percent="71" />
    <remembered-set count="3808" freebytes="361472" totalbytes="376704" percent="95" regionsoverflowed="0" regionsstable="0" regionsrebuilding="0"/>
  </mem-info>
</gc-end>
<cycle-end id="73" type="partial gc" contextid="64" timestamp="2019-06-16T21:51:46.067" />
  <attribute name="elasticGC enabled" value="1" />
  <attribute name= "numThreadsSpecified" value="4" />
  <attribute name="heapSize specified" value="0" />
  <attribute name="Current GC Util" value="130" />
  <attribute name= "Current Time Running" value="42412" />
  <attribute name ="GC Interval" value="0" />
  <attribute name="ProportionalT" value="55.000000" />
  <attribute name="ProportionalI" value="55.000000" />
  <attribute name="ProportionalH" value="55.000000" />
  <attribute name="Current Error" value="110.000000" />
  <attribute name="IntegralT" value="220.000000" />
  <attribute name="IntegralI" value="220.000000" />
  <attribute name="IntegralH" value="220.000000" />
  <attribute name="DerivativeT" value="27.500000" />
  <attribute name="DerivativeI" value="27.500000" />
  <attribute name="DerivativeH" value="27.500000" />
  <attribute name="Loop Time for DT" value="4.000000" />
  <attribute name="Output H" value="8388608"/>
  <attribute name="Output I" value="304"/>
  <attribute name="Output T" value="4"/>
  <attribute name="Target GC Util Change" value ="20.000000" />
  <attribute name="Current GC Util Change" value="130.000000"/>
  <attribute name="GC Util currently" value="130" />
  <attribute name="CPU Util currently" value="1209799311384" />
<exclusive-end id="74" timestamp="2019-06-16T21:51:46.068" durationms="6.558" />

<exclusive-start id="75" timestamp="2019-06-16T21:51:46.134" intervalms="72.756">
  <response-info timems="0.054" idlems="0.054" threads="0" lastid="0000000001AFD700" lastname="main" />
</exclusive-start>
<allocation-taxation id="76" taxation-threshold="2097152" timestamp="2019-06-16T21:51:46.134" intervalms="72.790" />
<cycle-start id="77" type="global mark phase" contextid="0" timestamp="2019-06-16T21:51:46.134" intervalms="3645.971" />
<gc-start id="78" type="global mark phase" contextid="77" timestamp="2019-06-16T21:51:46.134">
  <mem-info id="79" free="2097152" total="9437184" percent="22">
    <remembered-set count="3424" freebytes="363008" totalbytes="376704" percent="96" regionsoverflowed="0" regionsstable="0" regionsrebuilding="0"/>
  </mem-info>
</gc-start>
<gc-op id="80" type="mark increment" timems="0.410" contextid="77" timestamp="2019-06-16T21:51:46.135">
  <trace-info objectcount="116" scancount="0" scanbytes="0" />
</gc-op>
<gc-end id="81" type="global mark phase" contextid="77" durationms="0.613" usertimems="0.000" systemtimems="0.000" timestamp="2019-06-16T21:51:46.135" activeThreads="1">
  <mem-info id="82" free="2097152" total="9437184" percent="22">
    <remembered-set count="3424" freebytes="363008" totalbytes="376704" percent="96" regionsoverflowed="0" regionsstable="0" regionsrebuilding="0"/>
  </mem-info>
</gc-end>
<concurrent-start id="83" type="GMP work packet processing" contextid="77" timestamp="2019-06-16T21:51:46.135">
  <concurrent-mark-start scanTarget="18446744073709551615" />
</concurrent-start>
<exclusive-end id="84" timestamp="2019-06-16T21:51:46.135" durationms="1.147" />

<concurrent-end id="85" type="GMP work packet processing" contextid="77" timestamp="2019-06-16T21:51:46.137">
  <concurrent-mark-end bytesScanned="1176132" reasonForTermination="Completed all work in GC phase" />
</concurrent-end>

<exclusive-start id="86" timestamp="2019-06-16T21:51:46.216" intervalms="81.747">
  <response-info timems="0.059" idlems="0.059" threads="0" lastid="0000000001AFD700" lastname="main" />
</exclusive-start>
<allocation-taxation id="87" taxation-threshold="2097152" timestamp="2019-06-16T21:51:46.216" intervalms="81.756" />
<cycle-start id="88" type="partial gc" contextid="0" timestamp="2019-06-16T21:51:46.216" intervalms="154.582" />
<gc-start id="89" type="partial gc" contextid="88" timestamp="2019-06-16T21:51:46.216">
  <mem-info id="90" free="0" total="9437184" percent="0">
    <mem type="eden" free="1003560" total="5242880" percent="19" />
    <remembered-set count="3424" freebytes="363008" totalbytes="376704" percent="96" regionsoverflowed="0" regionsstable="0" regionsrebuilding="0"/>
  </mem-info>
</gc-start>
<allocation-stats totalBytes="4185176" >
  <allocated-bytes non-tlh="168088" tlh="4017088" arrayletleaf="0"/>
  <largest-consumer threadName="main" threadId="0000000001AFD700" bytes="2026360" />
</allocation-stats>
<gc-op id="91" type="mark" timems="2.224" contextid="88" timestamp="2019-06-16T21:51:46.219">
  <trace-info objectcount="16012" scancount="13797" scanbytes="501476" />
  <cardclean-info objects="1519" bytes="73244" />
  <remembered-set-cleared processed="2230" cleared="1039" durationms="0.069" />
  <finalization candidates="16" enqueued="0" />
  <ownableSynchronizers candidates="6" cleared="0" />
  <references type="soft" candidates="428" cleared="0" enqueued="0" dynamicThreshold="7" maxThreshold="32" />
  <references type="weak" candidates="2199" cleared="457" enqueued="309" />
  <references type="phantom" candidates="4" cleared="2" enqueued="2" />
  <stringconstants candidates="6071" cleared="0"  />
  <warning details="Mark invoked due to insufficient free space for Copy-Forward" />
</gc-op>
<gc-op id="92" type="classunload" timems="0.002" contextid="88" timestamp="2019-06-16T21:51:46.219">
  <classunload-info classloadercandidates="11" classloadersunloaded="0" classesunloaded="0" anonymousclassesunloaded="0" quiescems="0.000" setupms="0.002" scanms="0.000" postms="0.000" />
</gc-op>
<gc-op id="93" type="sweep" timems="0.364" contextid="88" timestamp="2019-06-16T21:51:46.219" />
<gc-op id="94" type="compact" timems="2.816" contextid="88" timestamp="2019-06-16T21:51:46.222">
  <compact-info movecount="16010" movebytes="711800" />
  <remembered-set-cleared processed="11257" cleared="8843" durationms="0.086" />
</gc-op>
<heap-resize id="95" type="contract" space="default" amount="1048576" count="1" timems="0.186" reason="insufficient time being spent in gc" timestamp="2019-06-16T21:51:46.223" />
<gc-end id="96" type="partial gc" contextid="88" durationms="6.984" usertimems="8.000" systemtimems="0.000" timestamp="2019-06-16T21:51:46.223" activeThreads="4">
  <mem-info id="97" free="3145728" total="8388608" percent="37">
    <mem type="eden" free="585920" total="1048576" percent="55" />
    <pending-finalizers system="0" default="0" reference="311" classloader="0" />
    <remembered-set count="5568" freebytes="354432" totalbytes="376704" percent="94" regionsoverflowed="0" regionsstable="0" regionsrebuilding="0"/>
  </mem-info>
</gc-end>
<cycle-end id="98" type="partial gc" contextid="88" timestamp="2019-06-16T21:51:46.223" />
  <attribute name="elasticGC enabled" value="1" />
  <attribute name= "numThreadsSpecified" value="4" />
  <attribute name="heapSize specified" value="0" />
  <attribute name="Current GC Util" value="24" />
  <attribute name= "Current Time Running" value="42566" />
  <attribute name ="GC Interval" value="0" />
  <attribute name="ProportionalT" value="2.000000" />
  <attribute name="ProportionalI" value="2.000000" />
  <attribute name="ProportionalH" value="2.000000" />
  <attribute name="Current Error" value="4.000000" />
  <attribute name="IntegralT" value="2.000000" />
  <attribute name="IntegralI" value="2.000000" />
  <attribute name="IntegralH" value="2.000000" />
  <attribute name="DerivativeT" value="4.000000" />
  <attribute name="DerivativeI" value="4.000000" />
  <attribute name="DerivativeH" value="4.000000" />
  <attribute name="Loop Time for DT" value="1.000000" />
  <attribute name="Output H" value="8388608"/>
  <attribute name="Output I" value="200"/>
  <attribute name="Output T" value="4"/>
  <attribute name="Target GC Util Change" value ="20.000000" />
  <attribute name="Current GC Util Change" value="24.000000"/>
  <attribute name="GC Util currently" value="24" />
  <attribute name="CPU Util currently" value="6930155768232" />
<exclusive-end id="99" timestamp="2019-06-16T21:51:46.223" durationms="7.928" />

<exclusive-start id="100" timestamp="2019-06-16T21:51:46.252" intervalms="36.751">
  <response-info timems="0.056" idlems="0.056" threads="0" lastid="0000000001AFD700" lastname="main" />
</exclusive-start>
<allocation-taxation id="101" taxation-threshold="1048576" timestamp="2019-06-16T21:51:46.252" intervalms="36.699" />
<gc-start id="102" type="global mark phase" contextid="77" timestamp="2019-06-16T21:51:46.252">
  <mem-info id="103" free="2097152" total="8388608" percent="25">
    <remembered-set count="5120" freebytes="356224" totalbytes="376704" percent="94" regionsoverflowed="0" regionsstable="0" regionsrebuilding="0"/>
  </mem-info>
</gc-start>
<gc-op id="104" type="mark increment" timems="1.829" contextid="77" timestamp="2019-06-16T21:51:46.254">
  <trace-info objectcount="17473" scancount="15097" scanbytes="550668" />
  <cardclean-info objects="2241" bytes="108852" />
  <finalization candidates="79" enqueued="0" />
  <ownableSynchronizers candidates="23" cleared="0" />
  <references type="soft" candidates="965" cleared="0" enqueued="0" dynamicThreshold="12" maxThreshold="32" />
  <references type="weak" candidates="2966" cleared="11" enqueued="11" />
  <references type="phantom" candidates="102" cleared="2" enqueued="2" />
  <stringconstants candidates="6193" cleared="0"  />
</gc-op>
<gc-op id="105" type="classunload" timems="0.004" contextid="77" timestamp="2019-06-16T21:51:46.254">
  <classunload-info classloadercandidates="11" classloadersunloaded="0" classesunloaded="0" anonymousclassesunloaded="0" quiescems="0.000" setupms="0.004" scanms="0.000" postms="0.000" />
</gc-op>
<gc-end id="106" type="global mark phase" contextid="77" durationms="2.097" usertimems="4.000" systemtimems="0.000" timestamp="2019-06-16T21:51:46.255" activeThreads="4">
  <mem-info id="107" free="2097152" total="8388608" percent="25">
    <pending-finalizers system="0" default="0" reference="13" classloader="0" />
    <remembered-set count="5120" freebytes="356224" totalbytes="376704" percent="94" regionsoverflowed="0" regionsstable="0" regionsrebuilding="0"/>
  </mem-info>
</gc-end>
<cycle-end id="108" type="global mark phase" contextid="77" timestamp="2019-06-16T21:51:46.255" />
  <attribute name="elasticGC enabled" value="1" />
  <attribute name= "numThreadsSpecified" value="4" />
  <attribute name="heapSize specified" value="0" />
  <attribute name="Current GC Util" value="88" />
  <attribute name= "Current Time Running" value="42600" />
  <attribute name ="GC Interval" value="0" />
  <attribute name="ProportionalT" value="34.000000" />
  <attribute name="ProportionalI" value="34.000000" />
  <attribute name="ProportionalH" value="34.000000" />
  <attribute name="Current Error" value="68.000000" />
  <attribute name="IntegralT" value="34.000000" />
  <attribute name="IntegralI" value="34.000000" />
  <attribute name="IntegralH" value="34.000000" />
  <attribute name="DerivativeT" value="0.000000" />
  <attribute name="DerivativeI" value="0.000000" />
  <attribute name="DerivativeH" value="0.000000" />
  <attribute name="Loop Time for DT" value="1.000000" />
  <attribute name="Output H" value="8388608"/>
  <attribute name="Output I" value="200"/>
  <attribute name="Output T" value="4"/>
  <attribute name="Target GC Util Change" value ="20.000000" />
  <attribute name="Current GC Util Change" value="88.000000"/>
  <attribute name="GC Util currently" value="88" />
  <attribute name="CPU Util currently" value="6256611833429" />
<exclusive-end id="109" timestamp="2019-06-16T21:51:46.255" durationms="2.435" />

<exclusive-start id="110" timestamp="2019-06-16T21:51:46.271" intervalms="18.908">
  <response-info timems="0.051" idlems="0.051" threads="0" lastid="0000000001AFD700" lastname="main" />
</exclusive-start>
<allocation-taxation id="111" taxation-threshold="1048576" timestamp="2019-06-16T21:51:46.271" intervalms="18.897" />
<cycle-start id="112" type="partial gc" contextid="0" timestamp="2019-06-16T21:51:46.271" intervalms="55.590" />
<gc-start id="113" type="partial gc" contextid="112" timestamp="2019-06-16T21:51:46.272">
  <mem-info id="114" free="1048576" total="8388608" percent="12">
    <mem type="eden" free="57424" total="2097152" percent="2" />
    <remembered-set count="5120" freebytes="356224" totalbytes="376704" percent="94" regionsoverflowed="0" regionsstable="0" regionsrebuilding="0"/>
  </mem-info>
</gc-start>
<allocation-stats totalBytes="2020136" >
  <allocated-bytes non-tlh="662952" tlh="1357184" arrayletleaf="0"/>
  <largest-consumer threadName="main" threadId="0000000001AFD700" bytes="963984" />
</allocation-stats>
<gc-op id="115" type="sweep" timems="0.350" contextid="112" timestamp="2019-06-16T21:51:46.272" />
<gc-op id="116" type="copy forward" timems="2.359" contextid="112" timestamp="2019-06-16T21:51:46.275">
  <memory-copied type="eden" objects="0" bytes="0" bytesdiscarded="0" />
  <memory-copied type="other" objects="12125" bytes="789992" bytesdiscarded="30488" />
  <memory-cardclean objects="1218" bytes="71000" />
  <memory-traced type="eden" objects="206" bytes="138896" />
  <memory-traced type="other" objects="0" bytes="0" />
  <regions eden="1" other="2" evacuated="2" marked="1" />
  <remembered-set-cleared processed="3738" cleared="1805" durationms="0.065" />
  <finalization candidates="14" enqueued="0" />
  <ownableSynchronizers candidates="6" cleared="0" />
  <references type="soft" candidates="338" cleared="0" enqueued="0" dynamicThreshold="8" maxThreshold="32" />
  <references type="weak" candidates="1418" cleared="0" enqueued="0" />
  <references type="phantom" candidates="5" cleared="0" enqueued="0" />
  <stringconstants candidates="6260" cleared="0"  />
  <heap-resize type="expand" space="default" amount="1048576" count="1" timems="0.049" reason="continue current collection" />
</gc-op>
<gc-op id="117" type="classunload" timems="0.003" contextid="112" timestamp="2019-06-16T21:51:46.275">
  <classunload-info classloadercandidates="11" classloadersunloaded="0" classesunloaded="0" anonymousclassesunloaded="0" quiescems="0.000" setupms="0.003" scanms="0.000" postms="0.000" />
</gc-op>
<gc-op id="118" type="compact" timems="0.829" contextid="112" timestamp="2019-06-16T21:51:46.276">
  <compact-info movecount="301" movebytes="412040" />
  <remembered-set-cleared processed="7984" cleared="1898" durationms="0.065" />
</gc-op>
<heap-resize id="119" type="expand" space="default" amount="4194304" count="1" timems="0.070" reason="insufficient free space following gc" timestamp="2019-06-16T21:51:46.276" />
<gc-end id="120" type="partial gc" contextid="112" durationms="4.849" usertimems="4.000" systemtimems="0.000" timestamp="2019-06-16T21:51:46.276" activeThreads="4">
  <mem-info id="121" free="6291456" total="13631488" percent="46">
    <mem type="eden" free="1346680" total="2097152" percent="64" />
    <remembered-set count="6048" freebytes="519936" totalbytes="544128" percent="95" regionsoverflowed="0" regionsstable="0" regionsrebuilding="0"/>
  </mem-info>
</gc-end>
<cycle-end id="122" type="partial gc" contextid="112" timestamp="2019-06-16T21:51:46.277" />
  <attribute name="elasticGC enabled" value="1" />
  <attribute name= "numThreadsSpecified" value="4" />
  <attribute name="heapSize specified" value="0" />
  <attribute name="Current GC Util" value="92" />
  <attribute name= "Current Time Running" value="42621" />
  <attribute name ="GC Interval" value="0" />
  <attribute name="ProportionalT" value="36.000000" />
  <attribute name="ProportionalI" value="36.000000" />
  <attribute name="ProportionalH" value="36.000000" />
  <attribute name="Current Error" value="72.000000" />
  <attribute name="IntegralT" value="108.000000" />
  <attribute name="IntegralI" value="108.000000" />
  <attribute name="IntegralH" value="108.000000" />
  <attribute name="DerivativeT" value="24.000000" />
  <attribute name="DerivativeI" value="24.000000" />
  <attribute name="DerivativeH" value="24.000000" />
  <attribute name="Loop Time for DT" value="3.000000" />
  <attribute name="Output H" value="8388608"/>
  <attribute name="Output I" value="200"/>
  <attribute name="Output T" value="4"/>
  <attribute name="Target GC Util Change" value ="20.000000" />
  <attribute name="Current GC Util Change" value="92.000000"/>
  <attribute name="GC Util currently" value="92" />
  <attribute name="CPU Util currently" value="1744905590447" />
<exclusive-end id="123" timestamp="2019-06-16T21:51:46.277" durationms="5.500" />

<exclusive-start id="124" timestamp="2019-06-16T21:51:46.359" intervalms="88.146">
  <response-info timems="0.026" idlems="0.026" threads="0" lastid="0000000001AFD700" lastname="main" />
</exclusive-start>
<allocation-taxation id="125" taxation-threshold="3145728" timestamp="2019-06-16T21:51:46.359" intervalms="88.205" />
<cycle-start id="126" type="global mark phase" contextid="0" timestamp="2019-06-16T21:51:46.360" intervalms="225.556" />
<gc-start id="127" type="global mark phase" contextid="126" timestamp="2019-06-16T21:51:46.360">
  <mem-info id="128" free="3145728" total="13631488" percent="23">
    <remembered-set count="5600" freebytes="521728" totalbytes="544128" percent="95" regionsoverflowed="0" regionsstable="0" regionsrebuilding="0"/>
  </mem-info>
</gc-start>
<gc-op id="129" type="mark increment" timems="0.435" contextid="126" timestamp="2019-06-16T21:51:46.360">
  <trace-info objectcount="146" scancount="0" scanbytes="0" />
</gc-op>
<gc-end id="130" type="global mark phase" contextid="126" durationms="0.642" usertimems="0.000" systemtimems="0.000" timestamp="2019-06-16T21:51:46.360" activeThreads="1">
  <mem-info id="131" free="3145728" total="13631488" percent="23">
    <remembered-set count="5600" freebytes="521728" totalbytes="544128" percent="95" regionsoverflowed="0" regionsstable="0" regionsrebuilding="0"/>
  </mem-info>
</gc-end>
<concurrent-start id="132" type="GMP work packet processing" contextid="126" timestamp="2019-06-16T21:51:46.360">
  <concurrent-mark-start scanTarget="18446744073709551615" />
</concurrent-start>
<exclusive-end id="133" timestamp="2019-06-16T21:51:46.361" durationms="1.254" />

<concurrent-end id="134" type="GMP work packet processing" contextid="126" timestamp="2019-06-16T21:51:46.364">
  <concurrent-mark-end bytesScanned="1728264" reasonForTermination="Completed all work in GC phase" />
</concurrent-end>

<exclusive-start id="135" timestamp="2019-06-16T21:51:46.447" intervalms="88.113">
  <response-info timems="0.028" idlems="0.028" threads="0" lastid="0000000001AFD700" lastname="main" />
</exclusive-start>
<allocation-taxation id="136" taxation-threshold="3145728" timestamp="2019-06-16T21:51:46.448" intervalms="88.070" />
<cycle-start id="137" type="partial gc" contextid="0" timestamp="2019-06-16T21:51:46.448" intervalms="176.247" />
<gc-start id="138" type="partial gc" contextid="137" timestamp="2019-06-16T21:51:46.448">
  <mem-info id="139" free="0" total="13631488" percent="0">
    <mem type="eden" free="636448" total="7340032" percent="8" />
    <remembered-set count="5600" freebytes="521728" totalbytes="544128" percent="95" regionsoverflowed="0" regionsstable="0" regionsrebuilding="0"/>
  </mem-info>
</gc-start>
<allocation-stats totalBytes="6284336" >
  <allocated-bytes non-tlh="981352" tlh="5302984" arrayletleaf="0"/>
  <largest-consumer threadName="main" threadId="0000000001AFD700" bytes="3142216" />
</allocation-stats>
<gc-op id="140" type="mark" timems="1.700" contextid="137" timestamp="2019-06-16T21:51:46.450">
  <trace-info objectcount="11247" scancount="8589" scanbytes="365492" />
  <cardclean-info objects="648" bytes="45152" />
  <remembered-set-cleared processed="4159" cleared="545" durationms="0.085" />
  <finalization candidates="1" enqueued="0" />
  <references type="soft" candidates="145" cleared="0" enqueued="0" dynamicThreshold="7" maxThreshold="32" />
  <references type="weak" candidates="438" cleared="6" enqueued="6" />
  <references type="phantom" candidates="4" cleared="0" enqueued="0" />
  <stringconstants candidates="7106" cleared="0"  />
  <warning details="Mark invoked due to insufficient free space for Copy-Forward" />
</gc-op>
<gc-op id="141" type="classunload" timems="0.002" contextid="137" timestamp="2019-06-16T21:51:46.450">
  <classunload-info classloadercandidates="11" classloadersunloaded="0" classesunloaded="0" anonymousclassesunloaded="0" quiescems="0.000" setupms="0.002" scanms="0.000" postms="0.000" />
</gc-op>
<gc-op id="142" type="sweep" timems="0.300" contextid="137" timestamp="2019-06-16T21:51:46.450" />
<gc-op id="143" type="compact" timems="1.918" contextid="137" timestamp="2019-06-16T21:51:46.453">
  <compact-info movecount="10744" movebytes="1004248" />
  <remembered-set-cleared processed="10810" cleared="3555" durationms="0.085" />
</gc-op>
<gc-end id="144" type="partial gc" contextid="137" durationms="4.936" usertimems="4.000" systemtimems="0.000" timestamp="2019-06-16T21:51:46.453" activeThreads="4">
  <mem-info id="145" free="6291456" total="13631488" percent="46">
    <mem type="eden" free="500376" total="1048576" percent="47" />
    <pending-finalizers system="0" default="0" reference="6" classloader="0" />
    <remembered-set count="6528" freebytes="518016" totalbytes="544128" percent="95" regionsoverflowed="0" regionsstable="0" regionsrebuilding="0"/>
  </mem-info>
</gc-end>
<cycle-end id="146" type="partial gc" contextid="137" timestamp="2019-06-16T21:51:46.453" />
  <attribute name="elasticGC enabled" value="1" />
  <attribute name= "numThreadsSpecified" value="4" />
  <attribute name="heapSize specified" value="0" />
  <attribute name="Current GC Util" value="31" />
  <attribute name= "Current Time Running" value="42797" />
  <attribute name ="GC Interval" value="0" />
  <attribute name="ProportionalT" value="5.500000" />
  <attribute name="ProportionalI" value="5.500000" />
  <attribute name="ProportionalH" value="5.500000" />
  <attribute name="Current Error" value="11.000000" />
  <attribute name="IntegralT" value="5.500000" />
  <attribute name="IntegralI" value="5.500000" />
  <attribute name="IntegralH" value="5.500000" />
  <attribute name="DerivativeT" value="11.000000" />
  <attribute name="DerivativeI" value="11.000000" />
  <attribute name="DerivativeH" value="11.000000" />
  <attribute name="Loop Time for DT" value="1.000000" />
  <attribute name="Output H" value="8388608"/>
  <attribute name="Output I" value="200"/>
  <attribute name="Output T" value="4"/>
  <attribute name="Target GC Util Change" value ="20.000000" />
  <attribute name="Current GC Util Change" value="31.000000"/>
  <attribute name="GC Util currently" value="31" />
  <attribute name="CPU Util currently" value="9933390949949" />
<exclusive-end id="147" timestamp="2019-06-16T21:51:46.453" durationms="5.651" />

<exclusive-start id="148" timestamp="2019-06-16T21:51:46.529" intervalms="81.784">
  <response-info timems="0.023" idlems="0.023" threads="0" lastid="0000000001AFD700" lastname="main" />
</exclusive-start>
<allocation-taxation id="149" taxation-threshold="3145728" timestamp="2019-06-16T21:51:46.529" intervalms="81.784" />
<gc-start id="150" type="global mark phase" contextid="126" timestamp="2019-06-16T21:51:46.529">
  <mem-info id="151" free="3145728" total="13631488" percent="23">
    <remembered-set count="6528" freebytes="518016" totalbytes="544128" percent="95" regionsoverflowed="0" regionsstable="0" regionsrebuilding="0"/>
  </mem-info>
</gc-start>
<gc-op id="152" type="mark increment" timems="1.846" contextid="126" timestamp="2019-06-16T21:51:46.531">
  <trace-info objectcount="14357" scancount="11308" scanbytes="466968" />
  <cardclean-info objects="1239" bytes="71628" />
  <finalization candidates="79" enqueued="0" />
  <ownableSynchronizers candidates="23" cleared="0" />
  <references type="soft" candidates="1021" cleared="0" enqueued="0" dynamicThreshold="14" maxThreshold="32" />
  <references type="weak" candidates="3689" cleared="0" enqueued="0" />
  <references type="phantom" candidates="100" cleared="0" enqueued="0" />
  <stringconstants candidates="7337" cleared="0"  />
</gc-op>
<gc-op id="153" type="classunload" timems="0.005" contextid="126" timestamp="2019-06-16T21:51:46.531">
  <classunload-info classloadercandidates="11" classloadersunloaded="0" classesunloaded="0" anonymousclassesunloaded="0" quiescems="0.000" setupms="0.005" scanms="0.000" postms="0.000" />
</gc-op>
<gc-end id="154" type="global mark phase" contextid="126" durationms="2.135" usertimems="4.000" systemtimems="0.000" timestamp="2019-06-16T21:51:46.532" activeThreads="4">
  <mem-info id="155" free="3145728" total="13631488" percent="23">
    <remembered-set count="6528" freebytes="518016" totalbytes="544128" percent="95" regionsoverflowed="0" regionsstable="0" regionsrebuilding="0"/>
  </mem-info>
</gc-end>
<cycle-end id="156" type="global mark phase" contextid="126" timestamp="2019-06-16T21:51:46.532" />
  <attribute name="elasticGC enabled" value="1" />
  <attribute name= "numThreadsSpecified" value="4" />
  <attribute name="heapSize specified" value="0" />
  <attribute name="Current GC Util" value="64" />
  <attribute name= "Current Time Running" value="42877" />
  <attribute name ="GC Interval" value="0" />
  <attribute name="ProportionalT" value="22.000000" />
  <attribute name="ProportionalI" value="22.000000" />
  <attribute name="ProportionalH" value="22.000000" />
  <attribute name="Current Error" value="44.000000" />
  <attribute name="IntegralT" value="22.000000" />
  <attribute name="IntegralI" value="22.000000" />
  <attribute name="IntegralH" value="22.000000" />
  <attribute name="DerivativeT" value="-23.000000" />
  <attribute name="DerivativeI" value="-23.000000" />
  <attribute name="DerivativeH" value="-23.000000" />
  <attribute name="Loop Time for DT" value="1.000000" />
  <attribute name="Output H" value="8388608"/>
  <attribute name="Output I" value="200"/>
  <attribute name="Output T" value="4"/>
  <attribute name="Target GC Util Change" value ="20.000000" />
  <attribute name="Current GC Util Change" value="64.000000"/>
  <attribute name="GC Util currently" value="64" />
  <attribute name="CPU Util currently" value="7119150484323" />
<exclusive-end id="157" timestamp="2019-06-16T21:51:46.532" durationms="2.487" />

<exclusive-start id="158" timestamp="2019-06-16T21:51:46.581" intervalms="51.492">
  <response-info timems="0.033" idlems="0.033" threads="0" lastid="0000000001AFD700" lastname="main" />
</exclusive-start>
<allocation-taxation id="159" taxation-threshold="3145728" timestamp="2019-06-16T21:51:46.581" intervalms="51.501" />
<cycle-start id="160" type="partial gc" contextid="0" timestamp="2019-06-16T21:51:46.581" intervalms="133.379" />
<gc-start id="161" type="partial gc" contextid="160" timestamp="2019-06-16T21:51:46.581">
  <mem-info id="162" free="0" total="13631488" percent="0">
    <mem type="eden" free="0" total="6291456" percent="0" />
    <remembered-set count="6528" freebytes="518016" totalbytes="544128" percent="95" regionsoverflowed="0" regionsstable="0" regionsrebuilding="0"/>
  </mem-info>
</gc-start>
<allocation-stats totalBytes="6287928" >
  <allocated-bytes non-tlh="53728" tlh="6234200" arrayletleaf="0"/>
  <largest-consumer threadName="main" threadId="0000000001AFD700" bytes="3145400" />
</allocation-stats>
<gc-op id="163" type="sweep" timems="0.468" contextid="160" timestamp="2019-06-16T21:51:46.582" />
<gc-op id="164" type="mark" timems="1.926" contextid="160" timestamp="2019-06-16T21:51:46.584">
  <trace-info objectcount="16660" scancount="13416" scanbytes="545676" />
  <cardclean-info objects="391" bytes="19476" />
  <remembered-set-cleared processed="5290" cleared="1224" durationms="0.084" />
  <references type="soft" candidates="54" cleared="0" enqueued="0" dynamicThreshold="7" maxThreshold="32" />
  <references type="weak" candidates="842" cleared="0" enqueued="0" />
  <stringconstants candidates="7415" cleared="0"  />
  <warning details="Mark invoked due to insufficient free space for Copy-Forward" />
</gc-op>
<gc-op id="165" type="classunload" timems="0.003" contextid="160" timestamp="2019-06-16T21:51:46.585">
  <classunload-info classloadercandidates="11" classloadersunloaded="0" classesunloaded="0" anonymousclassesunloaded="0" quiescems="0.000" setupms="0.003" scanms="0.000" postms="0.000" />
</gc-op>
<gc-op id="166" type="sweep" timems="0.360" contextid="160" timestamp="2019-06-16T21:51:46.585" />
<gc-op id="167" type="compact" timems="2.426" contextid="160" timestamp="2019-06-16T21:51:46.588">
  <compact-info movecount="16551" movebytes="821744" />
  <remembered-set-cleared processed="13948" cleared="5801" durationms="0.084" />
</gc-op>
<gc-end id="168" type="partial gc" contextid="160" durationms="6.711" usertimems="8.000" systemtimems="0.000" timestamp="2019-06-16T21:51:46.588" activeThreads="4">
  <mem-info id="169" free="5242880" total="13631488" percent="38">
    <mem type="eden" free="761904" total="1048576" percent="72" />
    <remembered-set count="8576" freebytes="509824" totalbytes="544128" percent="93" regionsoverflowed="0" regionsstable="0" regionsrebuilding="0"/>
  </mem-info>
</gc-end>
<cycle-end id="170" type="partial gc" contextid="160" timestamp="2019-06-16T21:51:46.588" />
  <attribute name="elasticGC enabled" value="1" />
  <attribute name= "numThreadsSpecified" value="4" />
  <attribute name="heapSize specified" value="0" />
  <attribute name="Current GC Util" value="27" />
  <attribute name= "Current Time Running" value="42931" />
  <attribute name ="GC Interval" value="0" />
  <attribute name="ProportionalT" value="3.500000" />
  <attribute name="ProportionalI" value="3.500000" />
  <attribute name="ProportionalH" value="3.500000" />
  <attribute name="Current Error" value="7.000000" />
  <attribute name="IntegralT" value="0.000000" />
  <attribute name="IntegralI" value="0.000000" />
  <attribute name="IntegralH" value="0.000000" />
  <attribute name="DerivativeT" value="-inf" />
  <attribute name="DerivativeI" value="-inf" />
  <attribute name="DerivativeH" value="-inf" />
  <attribute name="Loop Time for DT" value="0.000000" />
  <attribute name="Output H" value="2091843584"/>
  <attribute name="Output I" value="200"/>
  <attribute name="Output T" value="4"/>
  <attribute name="Target GC Util Change" value ="20.000000" />
  <attribute name="Current GC Util Change" value="27.000000"/>
  <attribute name="GC Util currently" value="27" />
  <attribute name="CPU Util currently" value="7562595753239" />
<exclusive-end id="171" timestamp="2019-06-16T21:51:46.588" durationms="7.620" />

<exclusive-start id="172" timestamp="2019-06-16T21:51:46.670" intervalms="88.871">
  <response-info timems="0.070" idlems="0.070" threads="0" lastid="0000000001AFD700" lastname="main" />
</exclusive-start>
<allocation-taxation id="173" taxation-threshold="5242880" timestamp="2019-06-16T21:51:46.670" intervalms="88.905" />
<cycle-start id="174" type="partial gc" contextid="0" timestamp="2019-06-16T21:51:46.670" intervalms="88.861" />
<gc-start id="175" type="partial gc" contextid="174" timestamp="2019-06-16T21:51:46.670">
  <mem-info id="176" free="0" total="13631488" percent="0">
    <mem type="eden" free="0" total="5242880" percent="0" />
    <remembered-set count="8480" freebytes="510208" totalbytes="544128" percent="93" regionsoverflowed="0" regionsstable="0" regionsrebuilding="0"/>
  </mem-info>
</gc-start>
<allocation-stats totalBytes="5239784" >
  <allocated-bytes non-tlh="29984" tlh="5209800" arrayletleaf="0"/>
  <largest-consumer threadName="main" threadId="0000000001AFD700" bytes="5239784" />
</allocation-stats>
<gc-op id="177" type="mark" timems="1.690" contextid="174" timestamp="2019-06-16T21:51:46.672">
  <trace-info objectcount="14898" scancount="12850" scanbytes="490384" />
  <cardclean-info objects="3275" bytes="156004" />
  <remembered-set-cleared processed="6703" cleared="1890" durationms="0.085" />
  <references type="soft" candidates="2" cleared="0" enqueued="0" dynamicThreshold="12" maxThreshold="32" />
  <references type="weak" candidates="607" cleared="5" enqueued="5" />
  <stringconstants candidates="7612" cleared="0"  />
  <warning details="Mark invoked due to insufficient free space for Copy-Forward" />
</gc-op>
<gc-op id="178" type="classunload" timems="0.002" contextid="174" timestamp="2019-06-16T21:51:46.672">
  <classunload-info classloadercandidates="11" classloadersunloaded="0" classesunloaded="0" anonymousclassesunloaded="0" quiescems="0.000" setupms="0.002" scanms="0.000" postms="0.000" />
</gc-op>
<gc-op id="179" type="sweep" timems="0.340" contextid="174" timestamp="2019-06-16T21:51:46.673" />
<gc-op id="180" type="compact" timems="2.062" contextid="174" timestamp="2019-06-16T21:51:46.675">
  <compact-info movecount="12515" movebytes="518920" />
  <remembered-set-cleared processed="17175" cleared="7523" durationms="0.085" />
</gc-op>
<heap-resize id="181" type="expand" space="default" amount="2097152" count="1" timems="0.066" reason="insufficient free space following gc" timestamp="2019-06-16T21:51:46.676" />
<gc-end id="182" type="partial gc" contextid="174" durationms="5.504" usertimems="8.000" systemtimems="0.000" timestamp="2019-06-16T21:51:46.676" activeThreads="4">
  <mem-info id="183" free="6291456" total="15728640" percent="40">
    <mem type="eden" free="723288" total="1048576" percent="68" />
    <pending-finalizers system="0" default="0" reference="5" classloader="0" />
    <remembered-set count="9824" freebytes="588544" totalbytes="627840" percent="93" regionsoverflowed="0" regionsstable="0" regionsrebuilding="0"/>
  </mem-info>
</gc-end>
<cycle-end id="184" type="partial gc" contextid="174" timestamp="2019-06-16T21:51:46.676" />
  <attribute name="elasticGC enabled" value="1" />
  <attribute name= "numThreadsSpecified" value="4" />
  <attribute name="heapSize specified" value="0" />
  <attribute name="Current GC Util" value="25" />
  <attribute name= "Current Time Running" value="43019" />
  <attribute name ="GC Interval" value="0" />
  <attribute name="ProportionalT" value="2.500000" />
  <attribute name="ProportionalI" value="2.500000" />
  <attribute name="ProportionalH" value="2.500000" />
  <attribute name="Current Error" value="5.000000" />
  <attribute name="IntegralT" value="0.000000" />
  <attribute name="IntegralI" value="0.000000" />
  <attribute name="IntegralH" value="0.000000" />
  <attribute name="DerivativeT" value="-inf" />
  <attribute name="DerivativeI" value="-inf" />
  <attribute name="DerivativeH" value="-inf" />
  <attribute name="Loop Time for DT" value="0.000000" />
  <attribute name="Output H" value="2091843584"/>
  <attribute name="Output I" value="200"/>
  <attribute name="Output T" value="4"/>
  <attribute name="Target GC Util Change" value ="20.000000" />
  <attribute name="Current GC Util Change" value="25.000000"/>
  <attribute name="GC Util currently" value="25" />
  <attribute name="CPU Util currently" value="8156285233490" />
<exclusive-end id="185" timestamp="2019-06-16T21:51:46.676" durationms="6.315" />

<exclusive-start id="186" timestamp="2019-06-16T21:51:46.773" intervalms="103.580">
  <response-info timems="0.025" idlems="0.025" threads="0" lastid="0000000001AFD700" lastname="main" />
</exclusive-start>
<allocation-taxation id="187" taxation-threshold="3145728" timestamp="2019-06-16T21:51:46.773" intervalms="103.630" />
<cycle-start id="188" type="global mark phase" contextid="0" timestamp="2019-06-16T21:51:46.774" intervalms="413.957" />
<gc-start id="189" type="global mark phase" contextid="188" timestamp="2019-06-16T21:51:46.774">
  <mem-info id="190" free="3145728" total="15728640" percent="20">
    <remembered-set count="9376" freebytes="590336" totalbytes="627840" percent="94" regionsoverflowed="0" regionsstable="0" regionsrebuilding="0"/>
  </mem-info>
</gc-start>
<gc-op id="191" type="mark increment" timems="0.447" contextid="188" timestamp="2019-06-16T21:51:46.774">
  <trace-info objectcount="150" scancount="0" scanbytes="0" />
</gc-op>
<gc-end id="192" type="global mark phase" contextid="188" durationms="0.684" usertimems="0.000" systemtimems="0.000" timestamp="2019-06-16T21:51:46.774" activeThreads="1">
  <mem-info id="193" free="3145728" total="15728640" percent="20">
    <remembered-set count="9376" freebytes="590336" totalbytes="627840" percent="94" regionsoverflowed="0" regionsstable="0" regionsrebuilding="0"/>
  </mem-info>
</gc-end>
<concurrent-start id="194" type="GMP work packet processing" contextid="188" timestamp="2019-06-16T21:51:46.775">
  <concurrent-mark-start scanTarget="18446744073709551615" />
</concurrent-start>
<exclusive-end id="195" timestamp="2019-06-16T21:51:46.775" durationms="1.556" />

<concurrent-end id="196" type="GMP work packet processing" contextid="188" timestamp="2019-06-16T21:51:46.777">
  <concurrent-mark-end bytesScanned="1961916" reasonForTermination="Completed all work in GC phase" />
</concurrent-end>

<exclusive-start id="197" timestamp="2019-06-16T21:51:46.813" intervalms="40.065">
  <response-info timems="0.047" idlems="0.047" threads="0" lastid="0000000001AFD700" lastname="main" />
</exclusive-start>
<allocation-taxation id="198" taxation-threshold="3145728" timestamp="2019-06-16T21:51:46.813" intervalms="40.011" />
<cycle-start id="199" type="partial gc" contextid="0" timestamp="2019-06-16T21:51:46.814" intervalms="143.671" />
<gc-start id="200" type="partial gc" contextid="199" timestamp="2019-06-16T21:51:46.814">
  <mem-info id="201" free="0" total="15728640" percent="0">
    <mem type="eden" free="0" total="6291456" percent="0" />
    <remembered-set count="9376" freebytes="590336" totalbytes="627840" percent="94" regionsoverflowed="0" regionsstable="0" regionsrebuilding="0"/>
  </mem-info>
</gc-start>
<allocation-stats totalBytes="6285968" >
  <allocated-bytes non-tlh="291080" tlh="5994888" arrayletleaf="0"/>
  <largest-consumer threadName="main" threadId="0000000001AFD700" bytes="3141784" />
</allocation-stats>
<gc-op id="202" type="mark" timems="2.124" contextid="199" timestamp="2019-06-16T21:51:46.817">
  <trace-info objectcount="15075" scancount="13402" scanbytes="580372" />
  <cardclean-info objects="2011" bytes="107448" />
  <remembered-set-cleared processed="7955" cleared="1568" durationms="0.135" />
  <references type="soft" candidates="73" cleared="0" enqueued="0" dynamicThreshold="6" maxThreshold="32" />
  <references type="weak" candidates="194" cleared="0" enqueued="0" />
  <references type="phantom" candidates="1" cleared="0" enqueued="0" />
  <stringconstants candidates="7822" cleared="0"  />
  <warning details="Mark invoked due to insufficient free space for Copy-Forward" />
</gc-op>
<gc-op id="203" type="classunload" timems="0.003" contextid="199" timestamp="2019-06-16T21:51:46.817">
  <classunload-info classloadercandidates="12" classloadersunloaded="0" classesunloaded="0" anonymousclassesunloaded="0" quiescems="0.000" setupms="0.003" scanms="0.000" postms="0.000" />
</gc-op>
<gc-op id="204" type="sweep" timems="0.485" contextid="199" timestamp="2019-06-16T21:51:46.817" />
<gc-op id="205" type="compact" timems="2.820" contextid="199" timestamp="2019-06-16T21:51:46.821">
  <compact-info movecount="15057" movebytes="1062776" />
  <remembered-set-cleared processed="18736" cleared="5928" durationms="0.135" />
</gc-op>
<heap-resize id="206" type="expand" space="default" amount="1048576" count="1" timems="0.055" reason="insufficient free space following gc" timestamp="2019-06-16T21:51:46.821" />
<gc-end id="207" type="partial gc" contextid="199" durationms="7.129" usertimems="12.000" systemtimems="0.000" timestamp="2019-06-16T21:51:46.821" activeThreads="4">
  <mem-info id="208" free="6291456" total="16777216" percent="37">
    <mem type="eden" free="163808" total="1048576" percent="15" />
    <remembered-set count="10976" freebytes="625792" totalbytes="669696" percent="93" regionsoverflowed="0" regionsstable="0" regionsrebuilding="0"/>
  </mem-info>
</gc-end>
<cycle-end id="209" type="partial gc" contextid="199" timestamp="2019-06-16T21:51:46.821" />
  <attribute name="elasticGC enabled" value="1" />
  <attribute name= "numThreadsSpecified" value="4" />
  <attribute name="heapSize specified" value="0" />
  <attribute name="Current GC Util" value="32" />
  <attribute name= "Current Time Running" value="43164" />
  <attribute name ="GC Interval" value="0" />
  <attribute name="ProportionalT" value="6.000000" />
  <attribute name="ProportionalI" value="6.000000" />
  <attribute name="ProportionalH" value="6.000000" />
  <attribute name="Current Error" value="12.000000" />
  <attribute name="IntegralT" value="6.000000" />
  <attribute name="IntegralI" value="6.000000" />
  <attribute name="IntegralH" value="6.000000" />
  <attribute name="DerivativeT" value="12.000000" />
  <attribute name="DerivativeI" value="12.000000" />
  <attribute name="DerivativeH" value="12.000000" />
  <attribute name="Loop Time for DT" value="1.000000" />
  <attribute name="Output H" value="8388608"/>
  <attribute name="Output I" value="200"/>
  <attribute name="Output T" value="4"/>
  <attribute name="Target GC Util Change" value ="20.000000" />
  <attribute name="Current GC Util Change" value="32.000000"/>
  <attribute name="GC Util currently" value="32" />
  <attribute name="CPU Util currently" value="6253099664624" />
<exclusive-end id="210" timestamp="2019-06-16T21:51:46.821" durationms="8.168" />

<exclusive-start id="211" timestamp="2019-06-16T21:51:46.849" intervalms="35.553">
  <response-info timems="0.027" idlems="0.027" threads="0" lastid="0000000001AFD700" lastname="main" />
</exclusive-start>
<allocation-taxation id="212" taxation-threshold="3145728" timestamp="2019-06-16T21:51:46.849" intervalms="35.606" />
<gc-start id="213" type="global mark phase" contextid="188" timestamp="2019-06-16T21:51:46.849">
  <mem-info id="214" free="3145728" total="16777216" percent="18">
    <remembered-set count="10720" freebytes="626816" totalbytes="669696" percent="93" regionsoverflowed="0" regionsstable="0" regionsrebuilding="0"/>
  </mem-info>
</gc-start>
<gc-op id="215" type="mark increment" timems="1.958" contextid="188" timestamp="2019-06-16T21:51:46.851">
  <trace-info objectcount="16310" scancount="14590" scanbytes="624336" />
  <cardclean-info objects="827" bytes="47936" />
  <finalization candidates="79" enqueued="0" />
  <ownableSynchronizers candidates="23" cleared="0" />
  <references type="soft" candidates="1094" cleared="0" enqueued="0" dynamicThreshold="12" maxThreshold="32" />
  <references type="weak" candidates="3845" cleared="0" enqueued="0" />
  <references type="phantom" candidates="100" cleared="0" enqueued="0" />
  <stringconstants candidates="7835" cleared="0"  />
</gc-op>
<gc-op id="216" type="classunload" timems="0.005" contextid="188" timestamp="2019-06-16T21:51:46.851">
  <classunload-info classloadercandidates="12" classloadersunloaded="0" classesunloaded="0" anonymousclassesunloaded="0" quiescems="0.000" setupms="0.004" scanms="0.000" postms="0.000" />
</gc-op>
<gc-end id="217" type="global mark phase" contextid="188" durationms="2.423" usertimems="0.000" systemtimems="0.000" timestamp="2019-06-16T21:51:46.852" activeThreads="4">
  <mem-info id="218" free="3145728" total="16777216" percent="18">
    <remembered-set count="10720" freebytes="626816" totalbytes="669696" percent="93" regionsoverflowed="0" regionsstable="0" regionsrebuilding="0"/>
  </mem-info>
</gc-end>
<cycle-end id="219" type="global mark phase" contextid="188" timestamp="2019-06-16T21:51:46.852" />
  <attribute name="elasticGC enabled" value="1" />
  <attribute name= "numThreadsSpecified" value="4" />
  <attribute name="heapSize specified" value="0" />
  <attribute name="Current GC Util" value="45" />
  <attribute name= "Current Time Running" value="43196" />
  <attribute name ="GC Interval" value="0" />
  <attribute name="ProportionalT" value="12.500000" />
  <attribute name="ProportionalI" value="12.500000" />
  <attribute name="ProportionalH" value="12.500000" />
  <attribute name="Current Error" value="25.000000" />
  <attribute name="IntegralT" value="0.000000" />
  <attribute name="IntegralI" value="0.000000" />
  <attribute name="IntegralH" value="0.000000" />
  <attribute name="DerivativeT" value="-inf" />
  <attribute name="DerivativeI" value="-inf" />
  <attribute name="DerivativeH" value="-inf" />
  <attribute name="Loop Time for DT" value="0.000000" />
  <attribute name="Output H" value="2091843584"/>
  <attribute name="Output I" value="200"/>
  <attribute name="Output T" value="4"/>
  <attribute name="Target GC Util Change" value ="20.000000" />
  <attribute name="Current GC Util Change" value="45.000000"/>
  <attribute name="GC Util currently" value="45" />
  <attribute name="CPU Util currently" value="6691496946870" />
<exclusive-end id="220" timestamp="2019-06-16T21:51:46.852" durationms="3.140" />

<exclusive-start id="221" timestamp="2019-06-16T21:51:46.879" intervalms="29.892">
  <response-info timems="0.031" idlems="0.031" threads="0" lastid="0000000001AFD700" lastname="main" />
</exclusive-start>
<allocation-taxation id="222" taxation-threshold="3145728" timestamp="2019-06-16T21:51:46.879" intervalms="29.884" />
<cycle-start id="223" type="partial gc" contextid="0" timestamp="2019-06-16T21:51:46.879" intervalms="65.519" />
<gc-start id="224" type="partial gc" contextid="223" timestamp="2019-06-16T21:51:46.879">
  <mem-info id="225" free="0" total="16777216" percent="0">
    <mem type="eden" free="0" total="6291456" percent="0" />
    <remembered-set count="10720" freebytes="626816" totalbytes="669696" percent="93" regionsoverflowed="0" regionsstable="0" regionsrebuilding="0"/>
  </mem-info>
</gc-start>
<allocation-stats totalBytes="6290344" >
  <allocated-bytes non-tlh="4328" tlh="6286016" arrayletleaf="0"/>
  <largest-consumer threadName="main" threadId="0000000001AFD700" bytes="3145120" />
</allocation-stats>
<gc-op id="226" type="sweep" timems="0.495" contextid="223" timestamp="2019-06-16T21:51:46.880" />
<gc-op id="227" type="mark" timems="1.919" contextid="223" timestamp="2019-06-16T21:51:46.883">
  <trace-info objectcount="17470" scancount="15662" scanbytes="592120" />
  <cardclean-info objects="472" bytes="36916" />
  <remembered-set-cleared processed="8831" cleared="1281" durationms="0.134" />
  <references type="soft" candidates="71" cleared="0" enqueued="0" dynamicThreshold="6" maxThreshold="32" />
  <references type="weak" candidates="100" cleared="0" enqueued="0" />
  <stringconstants candidates="7846" cleared="0"  />
  <warning details="Mark invoked due to insufficient free space for Copy-Forward" />
</gc-op>
<gc-op id="228" type="classunload" timems="0.002" contextid="223" timestamp="2019-06-16T21:51:46.883">
  <classunload-info classloadercandidates="12" classloadersunloaded="0" classesunloaded="0" anonymousclassesunloaded="0" quiescems="0.000" setupms="0.002" scanms="0.000" postms="0.000" />
</gc-op>
<gc-op id="229" type="sweep" timems="0.776" contextid="223" timestamp="2019-06-16T21:51:46.884" />
<gc-op id="230" type="compact" timems="2.650" contextid="223" timestamp="2019-06-16T21:51:46.887">
  <compact-info movecount="17470" movebytes="760560" />
  <remembered-set-cleared processed="20663" cleared="5526" durationms="0.134" />
</gc-op>
<heap-resize id="231" type="expand" space="default" amount="2097152" count="1" timems="0.067" reason="insufficient free space following gc" timestamp="2019-06-16T21:51:46.887" />
<gc-end id="232" type="partial gc" contextid="223" durationms="7.749" usertimems="8.000" systemtimems="0.000" timestamp="2019-06-16T21:51:46.887" activeThreads="4">
  <mem-info id="233" free="7340032" total="18874368" percent="38">
    <mem type="eden" free="613032" total="1048576" percent="58" />
    <remembered-set count="12224" freebytes="704512" totalbytes="753408" percent="93" regionsoverflowed="0" regionsstable="0" regionsrebuilding="0"/>
  </mem-info>
</gc-end>
<cycle-end id="234" type="partial gc" contextid="223" timestamp="2019-06-16T21:51:46.887" />
  <attribute name="elasticGC enabled" value="1" />
  <attribute name= "numThreadsSpecified" value="4" />
  <attribute name="heapSize specified" value="0" />
  <attribute name="Current GC Util" value="60" />
  <attribute name= "Current Time Running" value="43230" />
  <attribute name ="GC Interval" value="0" />
  <attribute name="ProportionalT" value="20.000000" />
  <attribute name="ProportionalI" value="20.000000" />
  <attribute name="ProportionalH" value="20.000000" />
  <attribute name="Current Error" value="40.000000" />
  <attribute name="IntegralT" value="20.000000" />
  <attribute name="IntegralI" value="20.000000" />
  <attribute name="IntegralH" value="20.000000" />
  <attribute name="DerivativeT" value="40.000000" />
  <attribute name="DerivativeI" value="40.000000" />
  <attribute name="DerivativeH" value="40.000000" />
  <attribute name="Loop Time for DT" value="1.000000" />
  <attribute name="Output H" value="8388608"/>
  <attribute name="Output I" value="200"/>
  <attribute name="Output T" value="4"/>
  <attribute name="Target GC Util Change" value ="20.000000" />
  <attribute name="Current GC Util Change" value="60.000000"/>
  <attribute name="GC Util currently" value="60" />
  <attribute name="CPU Util currently" value="4825473806255" />
<exclusive-end id="235" timestamp="2019-06-16T21:51:46.888" durationms="8.856" />

<exclusive-start id="236" timestamp="2019-06-16T21:51:47.007" intervalms="128.118">
  <response-info timems="0.069" idlems="0.069" threads="0" lastid="0000000001AFD700" lastname="main" />
</exclusive-start>
<allocation-taxation id="237" taxation-threshold="7340032" timestamp="2019-06-16T21:51:47.007" intervalms="128.127" />
<cycle-start id="238" type="partial gc" contextid="0" timestamp="2019-06-16T21:51:47.007" intervalms="128.101" />
<gc-start id="239" type="partial gc" contextid="238" timestamp="2019-06-16T21:51:47.008">
  <mem-info id="240" free="0" total="18874368" percent="0">
    <mem type="eden" free="0" total="7340032" percent="0" />
    <remembered-set count="12096" freebytes="705024" totalbytes="753408" percent="93" regionsoverflowed="0" regionsstable="0" regionsrebuilding="0"/>
  </mem-info>
</gc-start>
<allocation-stats totalBytes="7337352" >
  <allocated-bytes non-tlh="322544" tlh="7014808" arrayletleaf="0"/>
  <largest-consumer threadName="main" threadId="0000000001AFD700" bytes="7337352" />
</allocation-stats>
<gc-op id="241" type="mark" timems="2.487" contextid="238" timestamp="2019-06-16T21:51:47.011">
  <trace-info objectcount="23476" scancount="21150" scanbytes="829812" />
  <cardclean-info objects="1483" bytes="85692" />
  <remembered-set-cleared processed="10350" cleared="2138" durationms="0.142" />
  <references type="soft" candidates="224" cleared="0" enqueued="0" dynamicThreshold="12" maxThreshold="32" />
  <references type="weak" candidates="440" cleared="8" enqueued="7" />
  <references type="phantom" candidates="1" cleared="0" enqueued="0" />
  <stringconstants candidates="8285" cleared="0"  />
  <warning details="Mark invoked due to insufficient free space for Copy-Forward" />
</gc-op>
<gc-op id="242" type="classunload" timems="0.002" contextid="238" timestamp="2019-06-16T21:51:47.011">
  <classunload-info classloadercandidates="14" classloadersunloaded="0" classesunloaded="0" anonymousclassesunloaded="0" quiescems="0.000" setupms="0.002" scanms="0.000" postms="0.000" />
</gc-op>
<gc-op id="243" type="sweep" timems="0.725" contextid="238" timestamp="2019-06-16T21:51:47.012" />
<gc-op id="244" type="compact" timems="3.174" contextid="238" timestamp="2019-06-16T21:51:47.015">
  <compact-info movecount="15608" movebytes="996248" />
  <remembered-set-cleared processed="25788" cleared="9334" durationms="0.142" />
</gc-op>
<heap-resize id="245" type="expand" space="default" amount="1048576" count="1" timems="0.057" reason="insufficient free space following gc" timestamp="2019-06-16T21:51:47.016" />
<gc-end id="246" type="partial gc" contextid="238" durationms="8.104" usertimems="8.000" systemtimems="0.000" timestamp="2019-06-16T21:51:47.016" activeThreads="4">
  <mem-info id="247" free="7340032" total="19922944" percent="36">
    <mem type="eden" free="103368" total="1048576" percent="9" />
    <pending-finalizers system="0" default="0" reference="7" classloader="0" />
    <remembered-set count="13920" freebytes="739584" totalbytes="795264" percent="92" regionsoverflowed="0" regionsstable="0" regionsrebuilding="0"/>
  </mem-info>
</gc-end>
<cycle-end id="248" type="partial gc" contextid="238" timestamp="2019-06-16T21:51:47.016" />
  <attribute name="elasticGC enabled" value="1" />
  <attribute name= "numThreadsSpecified" value="4" />
  <attribute name="heapSize specified" value="0" />
  <attribute name="Current GC Util" value="94" />
  <attribute name= "Current Time Running" value="43358" />
  <attribute name ="GC Interval" value="0" />
  <attribute name="ProportionalT" value="37.000000" />
  <attribute name="ProportionalI" value="37.000000" />
  <attribute name="ProportionalH" value="37.000000" />
  <attribute name="Current Error" value="74.000000" />
  <attribute name="IntegralT" value="37.000000" />
  <attribute name="IntegralI" value="37.000000" />
  <attribute name="IntegralH" value="37.000000" />
  <attribute name="DerivativeT" value="74.000000" />
  <attribute name="DerivativeI" value="74.000000" />
  <attribute name="DerivativeH" value="74.000000" />
  <attribute name="Loop Time for DT" value="1.000000" />
  <attribute name="Output H" value="8388608"/>
  <attribute name="Output I" value="200"/>
  <attribute name="Output T" value="4"/>
  <attribute name="Target GC Util Change" value ="20.000000" />
  <attribute name="Current GC Util Change" value="94.000000"/>
  <attribute name="GC Util currently" value="94" />
  <attribute name="CPU Util currently" value="4715955797183" />
<exclusive-end id="249" timestamp="2019-06-16T21:51:47.016" durationms="9.265" />

<exclusive-start id="250" timestamp="2019-06-16T21:51:47.196" intervalms="189.634">
  <response-info timems="0.027" idlems="0.027" threads="0" lastid="0000000001AFD700" lastname="main" />
</exclusive-start>
<allocation-taxation id="251" taxation-threshold="7340032" timestamp="2019-06-16T21:51:47.197" intervalms="189.536" />
<cycle-start id="252" type="partial gc" contextid="0" timestamp="2019-06-16T21:51:47.197" intervalms="189.477" />
<gc-start id="253" type="partial gc" contextid="252" timestamp="2019-06-16T21:51:47.197">
  <mem-info id="254" free="0" total="19922944" percent="0">
    <mem type="eden" free="0" total="7340032" percent="0" />
    <remembered-set count="13920" freebytes="739584" totalbytes="795264" percent="92" regionsoverflowed="0" regionsstable="0" regionsrebuilding="0"/>
  </mem-info>
</gc-start>
<allocation-stats totalBytes="7338832" >
  <allocated-bytes non-tlh="222528" tlh="7116304" arrayletleaf="0"/>
  <largest-consumer threadName="main" threadId="0000000001AFD700" bytes="7338832" />
</allocation-stats>
<gc-op id="255" type="mark" timems="1.708" contextid="252" timestamp="2019-06-16T21:51:47.199">
  <trace-info objectcount="8053" scancount="7275" scanbytes="244412" />
  <cardclean-info objects="1421" bytes="85488" />
  <remembered-set-cleared processed="11910" cleared="2301" durationms="0.159" />
  <references type="soft" candidates="307" cleared="0" enqueued="0" dynamicThreshold="11" maxThreshold="32" />
  <references type="weak" candidates="472" cleared="2" enqueued="2" />
  <stringconstants candidates="8536" cleared="0"  />
  <warning details="Mark invoked due to insufficient free space for Copy-Forward" />
</gc-op>
<gc-op id="256" type="classunload" timems="0.002" contextid="252" timestamp="2019-06-16T21:51:47.199">
  <classunload-info classloadercandidates="16" classloadersunloaded="0" classesunloaded="0" anonymousclassesunloaded="0" quiescems="0.000" setupms="0.002" scanms="0.000" postms="0.000" />
</gc-op>
<gc-op id="257" type="sweep" timems="0.372" contextid="252" timestamp="2019-06-16T21:51:47.200" />
<gc-op id="258" type="compact" timems="1.720" contextid="252" timestamp="2019-06-16T21:51:47.202">
  <compact-info movecount="6090" movebytes="284416" />
  <remembered-set-cleared processed="26068" cleared="6812" durationms="0.159" />
</gc-op>
<heap-resize id="259" type="expand" space="default" amount="2097152" count="1" timems="0.061" reason="insufficient free space following gc" timestamp="2019-06-16T21:51:47.202" />
<gc-end id="260" type="partial gc" contextid="252" durationms="5.366" usertimems="4.000" systemtimems="0.000" timestamp="2019-06-16T21:51:47.202" activeThreads="4">
  <mem-info id="261" free="8388608" total="22020096" percent="38">
    <mem type="eden" free="964672" total="1048576" percent="91" />
    <pending-finalizers system="0" default="0" reference="2" classloader="0" />
    <remembered-set count="13792" freebytes="823808" totalbytes="878976" percent="93" regionsoverflowed="0" regionsstable="0" regionsrebuilding="0"/>
  </mem-info>
</gc-end>
<cycle-end id="262" type="partial gc" contextid="252" timestamp="2019-06-16T21:51:47.202" />
  <attribute name="elasticGC enabled" value="1" />
  <attribute name= "numThreadsSpecified" value="4" />
  <attribute name="heapSize specified" value="0" />
  <attribute name="Current GC Util" value="23" />
  <attribute name= "Current Time Running" value="43546" />
  <attribute name ="GC Interval" value="0" />
  <attribute name="ProportionalT" value="1.500000" />
  <attribute name="ProportionalI" value="1.500000" />
  <attribute name="ProportionalH" value="1.500000" />
  <attribute name="Current Error" value="3.000000" />
  <attribute name="IntegralT" value="1.500000" />
  <attribute name="IntegralI" value="1.500000" />
  <attribute name="IntegralH" value="1.500000" />
  <attribute name="DerivativeT" value="3.000000" />
  <attribute name="DerivativeI" value="3.000000" />
  <attribute name="DerivativeH" value="3.000000" />
  <attribute name="Loop Time for DT" value="1.000000" />
  <attribute name="Output H" value="8388608"/>
  <attribute name="Output I" value="200"/>
  <attribute name="Output T" value="4"/>
  <attribute name="Target GC Util Change" value ="20.000000" />
  <attribute name="Current GC Util Change" value="23.000000"/>
  <attribute name="GC Util currently" value="23" />
  <attribute name="CPU Util currently" value="7352721926794" />
<exclusive-end id="263" timestamp="2019-06-16T21:51:47.203" durationms="6.226" />

<exclusive-start id="264" timestamp="2019-06-16T21:51:47.257" intervalms="60.998">
  <response-info timems="0.018" idlems="0.018" threads="0" lastid="0000000001AFD700" lastname="main" />
</exclusive-start>
<sys-start reason="explicit" id="265" timestamp="2019-06-16T21:51:47.258" intervalms="43719.416" />
<cycle-start id="266" type="global garbage collect" contextid="0" timestamp="2019-06-16T21:51:47.258" intervalms="43719.544" />
<gc-start id="267" type="global garbage collect" contextid="266" timestamp="2019-06-16T21:51:47.258">
  <mem-info id="268" free="6900424" total="22020096" percent="31">
    <mem type="eden" free="608968" total="2097152" percent="29" />
    <remembered-set count="13376" freebytes="825472" totalbytes="878976" percent="93" regionsoverflowed="0" regionsstable="0" regionsrebuilding="0"/>
  </mem-info>
</gc-start>
<allocation-stats totalBytes="1474344" >
  <allocated-bytes non-tlh="212264" tlh="1262080" arrayletleaf="0"/>
  <largest-consumer threadName="main" threadId="0000000001AFD700" bytes="1474344" />
</allocation-stats>
<gc-op id="269" type="global mark" timems="3.766" contextid="266" timestamp="2019-06-16T21:51:47.262">
  <trace-info objectcount="74481" scancount="60773" scanbytes="2098572" />
  <finalization candidates="79" enqueued="0" />
  <ownableSynchronizers candidates="23" cleared="0" />
  <references type="soft" candidates="1639" cleared="0" enqueued="0" dynamicThreshold="12" maxThreshold="32" />
  <references type="weak" candidates="4537" cleared="30" enqueued="28" />
  <references type="phantom" candidates="101" cleared="2" enqueued="2" />
  <stringconstants candidates="8669" cleared="15"  />
</gc-op>
<gc-op id="270" type="classunload" timems="0.416" contextid="266" timestamp="2019-06-16T21:51:47.263">
  <classunload-info classloadercandidates="17" classloadersunloaded="1" classesunloaded="1" anonymousclassesunloaded="0" quiescems="0.000" setupms="0.404" scanms="0.008" postms="0.004" />
</gc-op>
<gc-op id="271" type="sweep" timems="0.388" contextid="266" timestamp="2019-06-16T21:51:47.263" />
<gc-op id="272" type="compact" timems="7.264" contextid="266" timestamp="2019-06-16T21:51:47.271">
  <compact-info movecount="71338" movebytes="4137384" />
  <remembered-set-cleared processed="23842" cleared="23842" durationms="0.109" />
</gc-op>
<gc-end id="273" type="global garbage collect" contextid="266" durationms="13.057" usertimems="24.000" systemtimems="0.000" timestamp="2019-06-16T21:51:47.271" activeThreads="4">
  <mem-info id="274" free="7340032" total="22020096" percent="33">
    <pending-finalizers system="0" default="0" reference="30" classloader="0" />
    <remembered-set count="10752" freebytes="835968" totalbytes="878976" percent="95" regionsoverflowed="0" regionsstable="0" regionsrebuilding="0"/>
  </mem-info>
</gc-end>
<cycle-end id="275" type="global garbage collect" contextid="266" timestamp="2019-06-16T21:51:47.271" />
  <attribute name="elasticGC enabled" value="1" />
  <attribute name= "numThreadsSpecified" value="4" />
  <attribute name="heapSize specified" value="0" />
  <attribute name="Current GC Util" value="27" />
  <attribute name= "Current Time Running" value="43609" />
  <attribute name ="GC Interval" value="0" />
  <attribute name="ProportionalT" value="3.500000" />
  <attribute name="ProportionalI" value="3.500000" />
  <attribute name="ProportionalH" value="3.500000" />
  <attribute name="Current Error" value="7.000000" />
  <attribute name="IntegralT" value="0.000000" />
  <attribute name="IntegralI" value="0.000000" />
  <attribute name="IntegralH" value="0.000000" />
  <attribute name="DerivativeT" value="-inf" />
  <attribute name="DerivativeI" value="-inf" />
  <attribute name="DerivativeH" value="-inf" />
  <attribute name="Loop Time for DT" value="0.000000" />
  <attribute name="Output H" value="2091843584"/>
  <attribute name="Output I" value="200"/>
  <attribute name="Output T" value="4"/>
  <attribute name="Target GC Util Change" value ="20.000000" />
  <attribute name="Current GC Util Change" value="27.000000"/>
  <attribute name="GC Util currently" value="27" />
  <attribute name="CPU Util currently" value="7439343147655" />
<sys-end id="276" timestamp="2019-06-16T21:51:47.271" />
<exclusive-end id="277" timestamp="2019-06-16T21:51:47.272" durationms="14.181" />

<exclusive-start id="278" timestamp="2019-06-16T21:51:47.419" intervalms="161.392">
  <response-info timems="0.063" idlems="0.063" threads="0" lastid="0000000001AFD700" lastname="main" />
</exclusive-start>
<allocation-taxation id="279" taxation-threshold="7340032" timestamp="2019-06-16T21:51:47.419" intervalms="222.513" />
<cycle-start id="280" type="partial gc" contextid="0" timestamp="2019-06-16T21:51:47.419" intervalms="222.583" />
<gc-start id="281" type="partial gc" contextid="280" timestamp="2019-06-16T21:51:47.419">
  <mem-info id="282" free="0" total="22020096" percent="0">
    <mem type="eden" free="0" total="7340032" percent="0" />
    <remembered-set count="10624" freebytes="836480" totalbytes="878976" percent="95" regionsoverflowed="0" regionsstable="0" regionsrebuilding="0"/>
  </mem-info>
</gc-start>
<allocation-stats totalBytes="7338920" >
  <allocated-bytes non-tlh="529840" tlh="6809080" arrayletleaf="0"/>
  <largest-consumer threadName="main" threadId="0000000001AFD700" bytes="7330672" />
</allocation-stats>
<gc-op id="283" type="mark" timems="1.903" contextid="280" timestamp="2019-06-16T21:51:47.422">
  <trace-info objectcount="16258" scancount="14677" scanbytes="646796" />
  <cardclean-info objects="546" bytes="23280" />
  <remembered-set-cleared processed="8764" cleared="120" durationms="0.140" />
  <references type="soft" candidates="2" cleared="0" enqueued="0" dynamicThreshold="10" maxThreshold="32" />
  <references type="weak" candidates="12" cleared="10" enqueued="10" />
  <references type="phantom" candidates="6" cleared="2" enqueued="2" />
  <stringconstants candidates="8677" cleared="0"  />
  <warning details="Mark invoked due to insufficient free space for Copy-Forward" />
</gc-op>
<gc-op id="284" type="classunload" timems="0.003" contextid="280" timestamp="2019-06-16T21:51:47.422">
  <classunload-info classloadercandidates="16" classloadersunloaded="0" classesunloaded="0" anonymousclassesunloaded="0" quiescems="0.000" setupms="0.003" scanms="0.000" postms="0.000" />
</gc-op>
<gc-op id="285" type="sweep" timems="0.405" contextid="280" timestamp="2019-06-16T21:51:47.423" />
<gc-op id="286" type="compact" timems="2.370" contextid="280" timestamp="2019-06-16T21:51:47.425">
  <compact-info movecount="16258" movebytes="1299216" />
  <remembered-set-cleared processed="19874" cleared="2566" durationms="0.140" />
</gc-op>
<heap-resize id="287" type="expand" space="default" amount="4194304" count="1" timems="0.073" reason="insufficient free space following gc" timestamp="2019-06-16T21:51:47.426" />
<gc-end id="288" type="partial gc" contextid="280" durationms="6.269" usertimems="4.000" systemtimems="0.000" timestamp="2019-06-16T21:51:47.426" activeThreads="4">
  <mem-info id="289" free="9437184" total="26214400" percent="36">
    <mem type="eden" free="795600" total="2097152" percent="37" />
    <pending-finalizers system="0" default="0" reference="12" classloader="0" />
    <remembered-set count="13088" freebytes="994048" totalbytes="1046400" percent="94" regionsoverflowed="0" regionsstable="0" regionsrebuilding="0"/>
  </mem-info>
</gc-end>
<cycle-end id="290" type="partial gc" contextid="280" timestamp="2019-06-16T21:51:47.426" />
  <attribute name="elasticGC enabled" value="1" />
  <attribute name= "numThreadsSpecified" value="4" />
  <attribute name="heapSize specified" value="0" />
  <attribute name="Current GC Util" value="33" />
  <attribute name= "Current Time Running" value="43769" />
  <attribute name ="GC Interval" value="0" />
  <attribute name="ProportionalT" value="6.500000" />
  <attribute name="ProportionalI" value="6.500000" />
  <attribute name="ProportionalH" value="6.500000" />
  <attribute name="Current Error" value="13.000000" />
  <attribute name="IntegralT" value="6.500000" />
  <attribute name="IntegralI" value="6.500000" />
  <attribute name="IntegralH" value="6.500000" />
  <attribute name="DerivativeT" value="13.000000" />
  <attribute name="DerivativeI" value="13.000000" />
  <attribute name="DerivativeH" value="13.000000" />
  <attribute name="Loop Time for DT" value="1.000000" />
  <attribute name="Output H" value="8388608"/>
  <attribute name="Output I" value="200"/>
  <attribute name="Output T" value="4"/>
  <attribute name="Target GC Util Change" value ="20.000000" />
  <attribute name="Current GC Util Change" value="33.000000"/>
  <attribute name="GC Util currently" value="33" />
  <attribute name="CPU Util currently" value="7217657253321" />
<exclusive-end id="291" timestamp="2019-06-16T21:51:47.426" durationms="7.495" />

<exclusive-start id="292" timestamp="2019-06-16T21:51:47.509" intervalms="90.090">
  <response-info timems="0.029" idlems="0.029" threads="0" lastid="0000000001AFD700" lastname="main" />
</exclusive-start>
<allocation-taxation id="293" taxation-threshold="9437184" timestamp="2019-06-16T21:51:47.509" intervalms="89.965" />
<cycle-start id="294" type="partial gc" contextid="0" timestamp="2019-06-16T21:51:47.509" intervalms="89.874" />
<gc-start id="295" type="partial gc" contextid="294" timestamp="2019-06-16T21:51:47.509">
  <mem-info id="296" free="0" total="26214400" percent="0">
    <mem type="eden" free="146976" total="9437184" percent="1" />
    <remembered-set count="12672" freebytes="995712" totalbytes="1046400" percent="95" regionsoverflowed="0" regionsstable="0" regionsrebuilding="0"/>
  </mem-info>
</gc-start>
<allocation-stats totalBytes="9284456" >
  <allocated-bytes non-tlh="140640" tlh="9143816" arrayletleaf="0"/>
  <largest-consumer threadName="main" threadId="0000000001AFD700" bytes="9284456" />
</allocation-stats>
<gc-op id="297" type="mark" timems="1.625" contextid="294" timestamp="2019-06-16T21:51:47.511">
  <trace-info objectcount="12416" scancount="8377" scanbytes="223088" />
  <cardclean-info objects="723" bytes="41976" />
  <remembered-set-cleared processed="10082" cleared="1652" durationms="0.113" />
  <references type="soft" candidates="59" cleared="0" enqueued="0" dynamicThreshold="11" maxThreshold="32" />
  <references type="weak" candidates="124" cleared="19" enqueued="16" />
  <references type="phantom" candidates="4" cleared="0" enqueued="0" />
  <stringconstants candidates="10884" cleared="12"  />
  <warning details="Mark invoked due to insufficient free space for Copy-Forward" />
</gc-op>
<gc-op id="298" type="classunload" timems="0.003" contextid="294" timestamp="2019-06-16T21:51:47.512">
  <classunload-info classloadercandidates="17" classloadersunloaded="0" classesunloaded="0" anonymousclassesunloaded="0" quiescems="0.000" setupms="0.003" scanms="0.000" postms="0.000" />
</gc-op>
<gc-op id="299" type="sweep" timems="0.342" contextid="294" timestamp="2019-06-16T21:51:47.512" />
<gc-op id="300" type="compact" timems="2.255" contextid="294" timestamp="2019-06-16T21:51:47.514">
  <compact-info movecount="12416" movebytes="780864" />
  <remembered-set-cleared processed="20694" cleared="3796" durationms="0.113" />
</gc-op>
<heap-resize id="301" type="expand" space="default" amount="1048576" count="1" timems="0.058" reason="insufficient free space following gc" timestamp="2019-06-16T21:51:47.515" />
<gc-end id="302" type="partial gc" contextid="294" durationms="5.645" usertimems="8.000" systemtimems="0.000" timestamp="2019-06-16T21:51:47.515" activeThreads="4">
  <mem-info id="303" free="10485760" total="27262976" percent="38">
    <mem type="eden" free="556928" total="1048576" percent="53" />
    <pending-finalizers system="0" default="0" reference="16" classloader="0" />
    <remembered-set count="11520" freebytes="1042176" totalbytes="1088256" percent="95" regionsoverflowed="0" regionsstable="0" regionsrebuilding="0"/>
  </mem-info>
</gc-end>
<cycle-end id="304" type="partial gc" contextid="294" timestamp="2019-06-16T21:51:47.515" />
  <attribute name="elasticGC enabled" value="1" />
  <attribute name= "numThreadsSpecified" value="4" />
  <attribute name="heapSize specified" value="0" />
  <attribute name="Current GC Util" value="25" />
  <attribute name= "Current Time Running" value="43858" />
  <attribute name ="GC Interval" value="0" />
  <attribute name="ProportionalT" value="2.500000" />
  <attribute name="ProportionalI" value="2.500000" />
  <attribute name="ProportionalH" value="2.500000" />
  <attribute name="Current Error" value="5.000000" />
  <attribute name="IntegralT" value="0.000000" />
  <attribute name="IntegralI" value="0.000000" />
  <attribute name="IntegralH" value="0.000000" />
  <attribute name="DerivativeT" value="-inf" />
  <attribute name="DerivativeI" value="-inf" />
  <attribute name="DerivativeH" value="-inf" />
  <attribute name="Loop Time for DT" value="0.000000" />
  <attribute name="Output H" value="2091843584"/>
  <attribute name="Output I" value="200"/>
  <attribute name="Output T" value="4"/>
  <attribute name="Target GC Util Change" value ="20.000000" />
  <attribute name="Current GC Util Change" value="25.000000"/>
  <attribute name="GC Util currently" value="25" />
  <attribute name="CPU Util currently" value="8235741862777" />
<exclusive-end id="305" timestamp="2019-06-16T21:51:47.515" durationms="6.429" />

<exclusive-start id="306" timestamp="2019-06-16T21:51:47.593" intervalms="84.581">
  <response-info timems="0.023" idlems="0.023" threads="0" lastid="0000000001AFD700" lastname="main" />
</exclusive-start>
<allocation-taxation id="307" taxation-threshold="10485760" timestamp="2019-06-16T21:51:47.594" intervalms="84.691" />
<cycle-start id="308" type="partial gc" contextid="0" timestamp="2019-06-16T21:51:47.594" intervalms="84.774" />
<gc-start id="309" type="partial gc" contextid="308" timestamp="2019-06-16T21:51:47.594">
  <mem-info id="310" free="0" total="27262976" percent="0">
    <mem type="eden" free="0" total="10485760" percent="0" />
    <remembered-set count="11488" freebytes="1042304" totalbytes="1088256" percent="95" regionsoverflowed="0" regionsstable="0" regionsrebuilding="0"/>
  </mem-info>
</gc-start>
<allocation-stats totalBytes="10484664" >
  <allocated-bytes non-tlh="485784" tlh="9998880" arrayletleaf="0"/>
  <largest-consumer threadName="main" threadId="0000000001AFD700" bytes="10480568" />
</allocation-stats>
<gc-op id="311" type="mark" timems="2.049" contextid="308" timestamp="2019-06-16T21:51:47.597">
  <trace-info objectcount="19847" scancount="15111" scanbytes="501612" />
  <cardclean-info objects="465" bytes="40888" />
  <remembered-set-cleared processed="9401" cleared="874" durationms="0.109" />
  <references type="soft" candidates="89" cleared="0" enqueued="0" dynamicThreshold="12" maxThreshold="32" />
  <references type="weak" candidates="114" cleared="2" enqueued="2" />
  <references type="phantom" candidates="1" cleared="0" enqueued="0" />
  <stringconstants candidates="10993" cleared="0"  />
  <warning details="Mark invoked due to insufficient free space for Copy-Forward" />
</gc-op>
<gc-op id="312" type="classunload" timems="0.004" contextid="308" timestamp="2019-06-16T21:51:47.597">
  <classunload-info classloadercandidates="18" classloadersunloaded="0" classesunloaded="0" anonymousclassesunloaded="0" quiescems="0.000" setupms="0.004" scanms="0.000" postms="0.000" />
</gc-op>
<gc-op id="313" type="sweep" timems="0.436" contextid="308" timestamp="2019-06-16T21:51:47.598" />
<gc-op id="314" type="compact" timems="2.421" contextid="308" timestamp="2019-06-16T21:51:47.600">
  <compact-info movecount="18825" movebytes="1029344" />
  <remembered-set-cleared processed="21485" cleared="4421" durationms="0.109" />
</gc-op>
<gc-end id="315" type="partial gc" contextid="308" durationms="6.397" usertimems="8.000" systemtimems="0.000" timestamp="2019-06-16T21:51:47.601" activeThreads="4">
  <mem-info id="316" free="9437184" total="27262976" percent="34">
    <mem type="eden" free="431480" total="1048576" percent="41" />
    <pending-finalizers system="0" default="0" reference="2" classloader="0" />
    <remembered-set count="12576" freebytes="1037952" totalbytes="1088256" percent="95" regionsoverflowed="0" regionsstable="0" regionsrebuilding="0"/>
  </mem-info>
</gc-end>
<cycle-end id="317" type="partial gc" contextid="308" timestamp="2019-06-16T21:51:47.601" />
  <attribute name="elasticGC enabled" value="1" />
  <attribute name= "numThreadsSpecified" value="4" />
  <attribute name="heapSize specified" value="0" />
  <attribute name="Current GC Util" value="25" />
  <attribute name= "Current Time Running" value="43944" />
  <attribute name ="GC Interval" value="0" />
  <attribute name="ProportionalT" value="2.500000" />
  <attribute name="ProportionalI" value="2.500000" />
  <attribute name="ProportionalH" value="2.500000" />
  <attribute name="Current Error" value="5.000000" />
  <attribute name="IntegralT" value="2.500000" />
  <attribute name="IntegralI" value="2.500000" />
  <attribute name="IntegralH" value="2.500000" />
  <attribute name="DerivativeT" value="-83.000000" />
  <attribute name="DerivativeI" value="-83.000000" />
  <attribute name="DerivativeH" value="-83.000000" />
  <attribute name="Loop Time for DT" value="1.000000" />
  <attribute name="Output H" value="2091843584"/>
  <attribute name="Output I" value="200"/>
  <attribute name="Output T" value="4"/>
  <attribute name="Target GC Util Change" value ="20.000000" />
  <attribute name="Current GC Util Change" value="25.000000"/>
  <attribute name="GC Util currently" value="25" />
  <attribute name="CPU Util currently" value="6664642492854" />
<exclusive-end id="318" timestamp="2019-06-16T21:51:47.601" durationms="7.477" />

<exclusive-start id="319" timestamp="2019-06-16T21:51:47.719" intervalms="125.353">
  <response-info timems="0.059" idlems="0.059" threads="0" lastid="0000000001AFD700" lastname="main" />
</exclusive-start>
<allocation-taxation id="320" taxation-threshold="9437184" timestamp="2019-06-16T21:51:47.719" intervalms="125.342" />
<cycle-start id="321" type="partial gc" contextid="0" timestamp="2019-06-16T21:51:47.719" intervalms="125.338" />
<gc-start id="322" type="partial gc" contextid="321" timestamp="2019-06-16T21:51:47.720">
  <mem-info id="323" free="0" total="27262976" percent="0">
    <mem type="eden" free="0" total="9437184" percent="0" />
    <remembered-set count="12128" freebytes="1039744" totalbytes="1088256" percent="95" regionsoverflowed="0" regionsstable="0" regionsrebuilding="0"/>
  </mem-info>
</gc-start>
<allocation-stats totalBytes="9435432" >
  <allocated-bytes non-tlh="217744" tlh="9217688" arrayletleaf="0"/>
  <largest-consumer threadName="main" threadId="0000000001AFD700" bytes="9431336" />
</allocation-stats>
<gc-op id="324" type="mark" timems="1.857" contextid="321" timestamp="2019-06-16T21:51:47.722">
  <trace-info objectcount="12315" scancount="11243" scanbytes="509384" />
  <cardclean-info objects="505" bytes="32420" />
  <remembered-set-cleared processed="10250" cleared="1083" durationms="0.159" />
  <references type="soft" candidates="33" cleared="0" enqueued="0" dynamicThreshold="11" maxThreshold="32" />
  <references type="weak" candidates="26" cleared="0" enqueued="0" />
  <references type="phantom" candidates="1" cleared="0" enqueued="0" />
  <stringconstants candidates="11056" cleared="0"  />
  <warning details="Mark invoked due to insufficient free space for Copy-Forward" />
</gc-op>
<gc-op id="325" type="classunload" timems="0.003" contextid="321" timestamp="2019-06-16T21:51:47.722">
  <classunload-info classloadercandidates="19" classloadersunloaded="0" classesunloaded="0" anonymousclassesunloaded="0" quiescems="0.000" setupms="0.003" scanms="0.000" postms="0.000" />
</gc-op>
<gc-op id="326" type="sweep" timems="0.454" contextid="321" timestamp="2019-06-16T21:51:47.723" />
<gc-op id="327" type="compact" timems="2.453" contextid="321" timestamp="2019-06-16T21:51:47.725">
  <compact-info movecount="12242" movebytes="881336" />
  <remembered-set-cleared processed="21819" cleared="3388" durationms="0.159" />
</gc-op>
<heap-resize id="328" type="expand" space="default" amount="2097152" count="1" timems="0.065" reason="insufficient free space following gc" timestamp="2019-06-16T21:51:47.726" />
<gc-end id="329" type="partial gc" contextid="321" durationms="6.466" usertimems="4.000" systemtimems="4.000" timestamp="2019-06-16T21:51:47.726" activeThreads="4">
  <mem-info id="330" free="10485760" total="29360128" percent="35">
    <mem type="eden" free="215352" total="1048576" percent="20" />
    <remembered-set count="13600" freebytes="1117568" totalbytes="1171968" percent="95" regionsoverflowed="0" regionsstable="0" regionsrebuilding="0"/>
  </mem-info>
</gc-end>
<cycle-end id="331" type="partial gc" contextid="321" timestamp="2019-06-16T21:51:47.726" />
  <attribute name="elasticGC enabled" value="1" />
  <attribute name= "numThreadsSpecified" value="4" />
  <attribute name="heapSize specified" value="0" />
  <attribute name="Current GC Util" value="26" />
  <attribute name= "Current Time Running" value="44069" />
  <attribute name ="GC Interval" value="0" />
  <attribute name="ProportionalT" value="3.000000" />
  <attribute name="ProportionalI" value="3.000000" />
  <attribute name="ProportionalH" value="3.000000" />
  <attribute name="Current Error" value="6.000000" />
  <attribute name="IntegralT" value="3.000000" />
  <attribute name="IntegralI" value="3.000000" />
  <attribute name="IntegralH" value="3.000000" />
  <attribute name="DerivativeT" value="6.000000" />
  <attribute name="DerivativeI" value="6.000000" />
  <attribute name="DerivativeH" value="6.000000" />
  <attribute name="Loop Time for DT" value="1.000000" />
  <attribute name="Output H" value="8388608"/>
  <attribute name="Output I" value="200"/>
  <attribute name="Output T" value="4"/>
  <attribute name="Target GC Util Change" value ="20.000000" />
  <attribute name="Current GC Util Change" value="26.000000"/>
  <attribute name="GC Util currently" value="26" />
  <attribute name="CPU Util currently" value="6313149155049" />
<exclusive-end id="332" timestamp="2019-06-16T21:51:47.726" durationms="7.565" />

<exclusive-start id="333" timestamp="2019-06-16T21:51:47.783" intervalms="64.361">
  <response-info timems="0.023" idlems="0.023" threads="0" lastid="0000000001AFD700" lastname="main" />
</exclusive-start>
<allocation-taxation id="334" taxation-threshold="10485760" timestamp="2019-06-16T21:51:47.783" intervalms="64.273" />
<cycle-start id="335" type="partial gc" contextid="0" timestamp="2019-06-16T21:51:47.783" intervalms="64.190" />
<gc-start id="336" type="partial gc" contextid="335" timestamp="2019-06-16T21:51:47.784">
  <mem-info id="337" free="0" total="29360128" percent="0">
    <mem type="eden" free="127504" total="10485760" percent="1" />
    <remembered-set count="13152" freebytes="1119360" totalbytes="1171968" percent="95" regionsoverflowed="0" regionsstable="0" regionsrebuilding="0"/>
  </mem-info>
</gc-start>
<allocation-stats totalBytes="10328016" >
  <allocated-bytes non-tlh="3736" tlh="10324280" arrayletleaf="0"/>
  <largest-consumer threadName="main" threadId="0000000001AFD700" bytes="10328016" />
</allocation-stats>
<gc-op id="338" type="mark" timems="1.223" contextid="335" timestamp="2019-06-16T21:51:47.785">
  <trace-info objectcount="865" scancount="717" scanbytes="24500" />
  <cardclean-info objects="360" bytes="18348" />
  <remembered-set-cleared processed="10679" cleared="1207" durationms="0.159" />
  <references type="soft" candidates="11" cleared="0" enqueued="0" dynamicThreshold="11" maxThreshold="32" />
  <references type="weak" candidates="22" cleared="0" enqueued="0" />
  <references type="phantom" candidates="1" cleared="0" enqueued="0" />
  <stringconstants candidates="11119" cleared="0"  />
  <warning details="Mark invoked due to insufficient free space for Copy-Forward" />
</gc-op>
<gc-op id="339" type="classunload" timems="0.004" contextid="335" timestamp="2019-06-16T21:51:47.785">
  <classunload-info classloadercandidates="20" classloadersunloaded="0" classesunloaded="0" anonymousclassesunloaded="0" quiescems="0.000" setupms="0.004" scanms="0.000" postms="0.000" />
</gc-op>
<gc-op id="340" type="sweep" timems="0.319" contextid="335" timestamp="2019-06-16T21:51:47.786" />
<gc-op id="341" type="compact" timems="1.126" contextid="335" timestamp="2019-06-16T21:51:47.787">
  <compact-info movecount="865" movebytes="79920" />
  <remembered-set-cleared processed="20835" cleared="1845" durationms="0.159" />
</gc-op>
<heap-resize id="342" type="expand" space="default" amount="3145728" count="1" timems="0.068" reason="insufficient free space following gc" timestamp="2019-06-16T21:51:47.788" />
<gc-end id="343" type="partial gc" contextid="335" durationms="4.063" usertimems="4.000" systemtimems="0.000" timestamp="2019-06-16T21:51:47.788" activeThreads="4">
  <mem-info id="344" free="12582912" total="32505856" percent="38">
    <mem type="eden" free="997120" total="1048576" percent="95" />
    <remembered-set count="12352" freebytes="1248128" totalbytes="1297536" percent="96" regionsoverflowed="0" regionsstable="0" regionsrebuilding="0"/>
  </mem-info>
</gc-end>
<cycle-end id="345" type="partial gc" contextid="335" timestamp="2019-06-16T21:51:47.788" />
  <attribute name="elasticGC enabled" value="1" />
  <attribute name= "numThreadsSpecified" value="4" />
  <attribute name="heapSize specified" value="0" />
  <attribute name="Current GC Util" value="25" />
  <attribute name= "Current Time Running" value="44132" />
  <attribute name ="GC Interval" value="0" />
  <attribute name="ProportionalT" value="2.500000" />
  <attribute name="ProportionalI" value="2.500000" />
  <attribute name="ProportionalH" value="2.500000" />
  <attribute name="Current Error" value="5.000000" />
  <attribute name="IntegralT" value="2.500000" />
  <attribute name="IntegralI" value="2.500000" />
  <attribute name="IntegralH" value="2.500000" />
  <attribute name="DerivativeT" value="5.000000" />
  <attribute name="DerivativeI" value="5.000000" />
  <attribute name="DerivativeH" value="5.000000" />
  <attribute name="Loop Time for DT" value="1.000000" />
  <attribute name="Output H" value="8388608"/>
  <attribute name="Output I" value="200"/>
  <attribute name="Output T" value="4"/>
  <attribute name="Target GC Util Change" value ="20.000000" />
  <attribute name="Current GC Util Change" value="25.000000"/>
  <attribute name="GC Util currently" value="25" />
  <attribute name="CPU Util currently" value="8774486828677" />
<exclusive-end id="346" timestamp="2019-06-16T21:51:47.788" durationms="4.830" />

<exclusive-start id="347" timestamp="2019-06-16T21:51:47.869" intervalms="85.570">
  <response-info timems="0.061" idlems="0.061" threads="0" lastid="0000000001AFD700" lastname="main" />
</exclusive-start>
<allocation-taxation id="348" taxation-threshold="12582912" timestamp="2019-06-16T21:51:47.869" intervalms="85.665" />
<cycle-start id="349" type="partial gc" contextid="0" timestamp="2019-06-16T21:51:47.869" intervalms="85.755" />
<gc-start id="350" type="partial gc" contextid="349" timestamp="2019-06-16T21:51:47.869">
  <mem-info id="351" free="0" total="32505856" percent="0">
    <mem type="eden" free="997120" total="13631488" percent="7" />
    <remembered-set count="12352" freebytes="1248128" totalbytes="1297536" percent="96" regionsoverflowed="0" regionsstable="0" regionsrebuilding="0"/>
  </mem-info>
</gc-start>
<allocation-stats totalBytes="12581288" >
  <allocated-bytes non-tlh="413368" tlh="12167920" arrayletleaf="0"/>
  <largest-consumer threadName="main" threadId="0000000001AFD700" bytes="12581288" />
</allocation-stats>
<gc-op id="352" type="mark" timems="2.188" contextid="349" timestamp="2019-06-16T21:51:47.872">
  <trace-info objectcount="18834" scancount="17059" scanbytes="768332" />
  <cardclean-info objects="343" bytes="24956" />
  <remembered-set-cleared processed="10059" cleared="384" durationms="0.160" />
  <references type="soft" candidates="11" cleared="0" enqueued="0" dynamicThreshold="12" maxThreshold="32" />
  <references type="weak" candidates="209" cleared="0" enqueued="0" />
  <references type="phantom" candidates="1" cleared="0" enqueued="0" />
  <stringconstants candidates="11306" cleared="0"  />
  <warning details="Mark invoked due to insufficient free space for Copy-Forward" />
</gc-op>
<gc-op id="353" type="classunload" timems="0.003" contextid="349" timestamp="2019-06-16T21:51:47.872">
  <classunload-info classloadercandidates="21" classloadersunloaded="0" classesunloaded="0" anonymousclassesunloaded="0" quiescems="0.000" setupms="0.003" scanms="0.000" postms="0.000" />
</gc-op>
<gc-op id="354" type="sweep" timems="0.433" contextid="349" timestamp="2019-06-16T21:51:47.873" />
<gc-op id="355" type="compact" timems="3.100" contextid="349" timestamp="2019-06-16T21:51:47.876">
  <compact-info movecount="18705" movebytes="1133016" />
  <remembered-set-cleared processed="22988" cleared="3607" durationms="0.160" />
</gc-op>
<heap-resize id="356" type="expand" space="default" amount="1048576" count="1" timems="0.054" reason="insufficient free space following gc" timestamp="2019-06-16T21:51:47.877" />
<gc-end id="357" type="partial gc" contextid="349" durationms="7.359" usertimems="4.000" systemtimems="4.000" timestamp="2019-06-16T21:51:47.877" activeThreads="4">
  <mem-info id="358" free="11534336" total="33554432" percent="34">
    <mem type="eden" free="2007856" total="3145728" percent="63" />
    <remembered-set count="14176" freebytes="1282688" totalbytes="1339392" percent="95" regionsoverflowed="0" regionsstable="0" regionsrebuilding="0"/>
  </mem-info>
</gc-end>
<cycle-end id="359" type="partial gc" contextid="349" timestamp="2019-06-16T21:51:47.877" />
  <attribute name="elasticGC enabled" value="1" />
  <attribute name= "numThreadsSpecified" value="4" />
  <attribute name="heapSize specified" value="0" />
  <attribute name="Current GC Util" value="30" />
  <attribute name= "Current Time Running" value="44219" />
  <attribute name ="GC Interval" value="0" />
  <attribute name="ProportionalT" value="5.000000" />
  <attribute name="ProportionalI" value="5.000000" />
  <attribute name="ProportionalH" value="5.000000" />
  <attribute name="Current Error" value="10.000000" />
  <attribute name="IntegralT" value="5.000000" />
  <attribute name="IntegralI" value="5.000000" />
  <attribute name="IntegralH" value="5.000000" />
  <attribute name="DerivativeT" value="10.000000" />
  <attribute name="DerivativeI" value="10.000000" />
  <attribute name="DerivativeH" value="10.000000" />
  <attribute name="Loop Time for DT" value="1.000000" />
  <attribute name="Output H" value="8388608"/>
  <attribute name="Output I" value="200"/>
  <attribute name="Output T" value="4"/>
  <attribute name="Target GC Util Change" value ="20.000000" />
  <attribute name="Current GC Util Change" value="30.000000"/>
  <attribute name="GC Util currently" value="30" />
  <attribute name="CPU Util currently" value="6690050574554" />
<exclusive-end id="360" timestamp="2019-06-16T21:51:47.877" durationms="8.484" />

<exclusive-start id="361" timestamp="2019-06-16T21:51:47.907" intervalms="38.076">
  <response-info timems="0.027" idlems="0.027" threads="0" lastid="0000000001AFD700" lastname="main" />
</exclusive-start>
<allocation-taxation id="362" taxation-threshold="11534336" timestamp="2019-06-16T21:51:47.907" intervalms="38.095" />
<cycle-start id="363" type="partial gc" contextid="0" timestamp="2019-06-16T21:51:47.907" intervalms="38.088" />
<gc-start id="364" type="partial gc" contextid="363" timestamp="2019-06-16T21:51:47.908">
  <mem-info id="365" free="0" total="33554432" percent="0">
    <mem type="eden" free="0" total="11534336" percent="0" />
    <remembered-set count="14080" freebytes="1283072" totalbytes="1339392" percent="95" regionsoverflowed="0" regionsstable="0" regionsrebuilding="0"/>
  </mem-info>
</gc-start>
<allocation-stats totalBytes="11532960" >
  <allocated-bytes non-tlh="0" tlh="11532960" arrayletleaf="0"/>
  <largest-consumer threadName="main" threadId="0000000001AFD700" bytes="11532960" />
</allocation-stats>
<gc-op id="366" type="mark" timems="2.876" contextid="363" timestamp="2019-06-16T21:51:47.911">
  <trace-info objectcount="28668" scancount="25188" scanbytes="981824" />
  <cardclean-info objects="149" bytes="18972" />
  <remembered-set-cleared processed="11608" cleared="1706" durationms="0.186" />
  <references type="soft" candidates="1" cleared="0" enqueued="0" dynamicThreshold="11" maxThreshold="32" />
  <references type="weak" candidates="207" cleared="0" enqueued="0" />
  <stringconstants candidates="11306" cleared="0"  />
  <warning details="Mark invoked due to insufficient free space for Copy-Forward" />
</gc-op>
<gc-op id="367" type="classunload" timems="0.003" contextid="363" timestamp="2019-06-16T21:51:47.911">
  <classunload-info classloadercandidates="21" classloadersunloaded="0" classesunloaded="0" anonymousclassesunloaded="0" quiescems="0.000" setupms="0.003" scanms="0.000" postms="0.000" />
</gc-op>
<gc-op id="368" type="sweep" timems="0.936" contextid="363" timestamp="2019-06-16T21:51:47.912" />
<gc-op id="369" type="compact" timems="3.538" contextid="363" timestamp="2019-06-16T21:51:47.916">
  <compact-info movecount="28608" movebytes="1181984" />
  <remembered-set-cleared processed="27140" cleared="7332" durationms="0.186" />
</gc-op>
<heap-resize id="370" type="expand" space="default" amount="1048576" count="1" timems="0.060" reason="insufficient free space following gc" timestamp="2019-06-16T21:51:47.917" />
<gc-end id="371" type="partial gc" contextid="363" durationms="9.109" usertimems="12.000" systemtimems="0.000" timestamp="2019-06-16T21:51:47.917" activeThreads="4">
  <mem-info id="372" free="12582912" total="34603008" percent="36">
    <mem type="eden" free="308040" total="1048576" percent="29" />
    <remembered-set count="17472" freebytes="1311360" totalbytes="1381248" percent="94" regionsoverflowed="0" regionsstable="0" regionsrebuilding="0"/>
  </mem-info>
</gc-end>
<cycle-end id="373" type="partial gc" contextid="363" timestamp="2019-06-16T21:51:47.917" />
  <attribute name="elasticGC enabled" value="1" />
  <attribute name= "numThreadsSpecified" value="4" />
  <attribute name="heapSize specified" value="0" />
  <attribute name="Current GC Util" value="95" />
  <attribute name= "Current Time Running" value="44259" />
  <attribute name ="GC Interval" value="0" />
  <attribute name="ProportionalT" value="37.500000" />
  <attribute name="ProportionalI" value="37.500000" />
  <attribute name="ProportionalH" value="37.500000" />
  <attribute name="Current Error" value="75.000000" />
  <attribute name="IntegralT" value="75.000000" />
  <attribute name="IntegralI" value="75.000000" />
  <attribute name="IntegralH" value="75.000000" />
  <attribute name="DerivativeT" value="37.500000" />
  <attribute name="DerivativeI" value="37.500000" />
  <attribute name="DerivativeH" value="37.500000" />
  <attribute name="Loop Time for DT" value="2.000000" />
  <attribute name="Output H" value="8388608"/>
  <attribute name="Output I" value="200"/>
  <attribute name="Output T" value="4"/>
  <attribute name="Target GC Util Change" value ="20.000000" />
  <attribute name="Current GC Util Change" value="95.000000"/>
  <attribute name="GC Util currently" value="95" />
  <attribute name="CPU Util currently" value="3860553550455" />
<exclusive-end id="374" timestamp="2019-06-16T21:51:47.917" durationms="10.378" />

<exclusive-start id="375" timestamp="2019-06-16T21:51:48.119" intervalms="211.700">
  <response-info timems="0.024" idlems="0.024" threads="0" lastid="0000000001AFD700" lastname="main" />
</exclusive-start>
<allocation-taxation id="376" taxation-threshold="12582912" timestamp="2019-06-16T21:51:48.119" intervalms="211.599" />
<cycle-start id="377" type="partial gc" contextid="0" timestamp="2019-06-16T21:51:48.119" intervalms="211.557" />
<gc-start id="378" type="partial gc" contextid="377" timestamp="2019-06-16T21:51:48.119">
  <mem-info id="379" free="0" total="34603008" percent="0">
    <mem type="eden" free="0" total="12582912" percent="0" />
    <remembered-set count="17120" freebytes="1312768" totalbytes="1381248" percent="95" regionsoverflowed="0" regionsstable="0" regionsrebuilding="0"/>
  </mem-info>
</gc-start>
<allocation-stats totalBytes="12579912" >
  <allocated-bytes non-tlh="689984" tlh="11889928" arrayletleaf="0"/>
  <largest-consumer threadName="main" threadId="0000000001AFD700" bytes="12579912" />
</allocation-stats>
<gc-op id="380" type="mark" timems="2.665" contextid="377" timestamp="2019-06-16T21:51:48.122">
  <trace-info objectcount="24039" scancount="21534" scanbytes="868456" />
  <cardclean-info objects="1741" bytes="87908" />
  <remembered-set-cleared processed="14225" cleared="3465" durationms="0.207" />
  <finalization candidates="1" enqueued="1" />
  <references type="soft" candidates="25" cleared="0" enqueued="0" dynamicThreshold="11" maxThreshold="32" />
  <references type="weak" candidates="447" cleared="13" enqueued="13" />
  <references type="phantom" candidates="1" cleared="0" enqueued="0" />
  <stringconstants candidates="11656" cleared="0"  />
  <warning details="Mark invoked due to insufficient free space for Copy-Forward" />
</gc-op>
<gc-op id="381" type="classunload" timems="0.003" contextid="377" timestamp="2019-06-16T21:51:48.122">
  <classunload-info classloadercandidates="26" classloadersunloaded="0" classesunloaded="0" anonymousclassesunloaded="0" quiescems="0.000" setupms="0.003" scanms="0.000" postms="0.000" />
</gc-op>
<gc-op id="382" type="sweep" timems="0.832" contextid="377" timestamp="2019-06-16T21:51:48.123" />
<gc-op id="383" type="compact" timems="2.865" contextid="377" timestamp="2019-06-16T21:51:48.127">
  <compact-info movecount="19325" movebytes="1146024" />
  <remembered-set-cleared processed="32672" cleared="11027" durationms="0.207" />
</gc-op>
<gc-end id="384" type="partial gc" contextid="377" durationms="7.797" usertimems="8.000" systemtimems="0.000" timestamp="2019-06-16T21:51:48.127" activeThreads="4">
  <mem-info id="385" free="11534336" total="34603008" percent="33">
    <mem type="eden" free="218016" total="1048576" percent="20" />
    <pending-finalizers system="0" default="1" reference="13" classloader="0" />
    <remembered-set count="17984" freebytes="1309312" totalbytes="1381248" percent="94" regionsoverflowed="0" regionsstable="0" regionsrebuilding="0"/>
  </mem-info>
</gc-end>
<cycle-end id="386" type="partial gc" contextid="377" timestamp="2019-06-16T21:51:48.127" />
  <attribute name="elasticGC enabled" value="1" />
  <attribute name= "numThreadsSpecified" value="4" />
  <attribute name="heapSize specified" value="0" />
  <attribute name="Current GC Util" value="91" />
  <attribute name= "Current Time Running" value="44470" />
  <attribute name ="GC Interval" value="0" />
  <attribute name="ProportionalT" value="35.500000" />
  <attribute name="ProportionalI" value="35.500000" />
  <attribute name="ProportionalH" value="35.500000" />
  <attribute name="Current Error" value="71.000000" />
  <attribute name="IntegralT" value="35.500000" />
  <attribute name="IntegralI" value="35.500000" />
  <attribute name="IntegralH" value="35.500000" />
  <attribute name="DerivativeT" value="71.000000" />
  <attribute name="DerivativeI" value="71.000000" />
  <attribute name="DerivativeH" value="71.000000" />
  <attribute name="Loop Time for DT" value="1.000000" />
  <attribute name="Output H" value="8388608"/>
  <attribute name="Output I" value="200"/>
  <attribute name="Output T" value="4"/>
  <attribute name="Target GC Util Change" value ="20.000000" />
  <attribute name="Current GC Util Change" value="91.000000"/>
  <attribute name="GC Util currently" value="91" />
  <attribute name="CPU Util currently" value="4227197075093" />
<exclusive-end id="387" timestamp="2019-06-16T21:51:48.127" durationms="8.738" />

<exclusive-start id="388" timestamp="2019-06-16T21:51:48.305" intervalms="186.098">
  <response-info timems="0.079" idlems="0.079" threads="0" lastid="0000000001AFD700" lastname="main" />
</exclusive-start>
<allocation-taxation id="389" taxation-threshold="11534336" timestamp="2019-06-16T21:51:48.305" intervalms="186.274" />
<cycle-start id="390" type="partial gc" contextid="0" timestamp="2019-06-16T21:51:48.305" intervalms="186.418" />
<gc-start id="391" type="partial gc" contextid="390" timestamp="2019-06-16T21:51:48.306">
  <mem-info id="392" free="0" total="34603008" percent="0">
    <mem type="eden" free="0" total="11534336" percent="0" />
    <remembered-set count="17984" freebytes="1309312" totalbytes="1381248" percent="94" regionsoverflowed="0" regionsstable="0" regionsrebuilding="0"/>
  </mem-info>
</gc-start>
<allocation-stats totalBytes="11529752" >
  <allocated-bytes non-tlh="878784" tlh="10650968" arrayletleaf="0"/>
  <largest-consumer threadName="main" threadId="0000000001AFD700" bytes="11521440" />
</allocation-stats>
<gc-op id="393" type="mark" timems="3.219" contextid="390" timestamp="2019-06-16T21:51:48.310">
  <trace-info objectcount="11393" scancount="10381" scanbytes="471448" />
  <cardclean-info objects="710" bytes="51596" />
  <remembered-set-cleared processed="15479" cleared="2023" durationms="0.411" />
  <references type="soft" candidates="50" cleared="0" enqueued="0" dynamicThreshold="10" maxThreshold="32" />
  <references type="weak" candidates="445" cleared="2" enqueued="2" />
  <references type="phantom" candidates="2" cleared="0" enqueued="0" />
  <stringconstants candidates="11783" cleared="6"  />
  <warning details="Mark invoked due to insufficient free space for Copy-Forward" />
</gc-op>
<gc-op id="394" type="classunload" timems="0.497" contextid="390" timestamp="2019-06-16T21:51:48.311">
  <classunload-info classloadercandidates="28" classloadersunloaded="1" classesunloaded="1" anonymousclassesunloaded="0" quiescems="0.000" setupms="0.478" scanms="0.012" postms="0.006" />
</gc-op>
<gc-op id="395" type="sweep" timems="0.790" contextid="390" timestamp="2019-06-16T21:51:48.312" />
<gc-op id="396" type="compact" timems="3.525" contextid="390" timestamp="2019-06-16T21:51:48.316">
  <compact-info movecount="11392" movebytes="1052184" />
  <remembered-set-cleared processed="32558" cleared="5638" durationms="0.531" />
</gc-op>
<heap-resize id="397" type="expand" space="default" amount="5242880" count="1" timems="0.147" reason="insufficient free space following gc" timestamp="2019-06-16T21:51:48.317" />
<gc-end id="398" type="partial gc" contextid="390" durationms="11.097" usertimems="12.000" systemtimems="0.000" timestamp="2019-06-16T21:51:48.317" activeThreads="4">
  <mem-info id="399" free="14680064" total="39845888" percent="36">
    <mem type="eden" free="1015704" total="2097152" percent="48" />
    <pending-finalizers system="0" default="0" reference="2" classloader="0" />
    <remembered-set count="18080" freebytes="1518208" totalbytes="1590528" percent="95" regionsoverflowed="0" regionsstable="0" regionsrebuilding="0"/>
  </mem-info>
</gc-end>
<cycle-end id="400" type="partial gc" contextid="390" timestamp="2019-06-16T21:51:48.317" />
  <attribute name="elasticGC enabled" value="1" />
  <attribute name= "numThreadsSpecified" value="4" />
  <attribute name="heapSize specified" value="0" />
  <attribute name="Current GC Util" value="26" />
  <attribute name= "Current Time Running" value="44658" />
  <attribute name ="GC Interval" value="0" />
  <attribute name="ProportionalT" value="3.000000" />
  <attribute name="ProportionalI" value="3.000000" />
  <attribute name="ProportionalH" value="3.000000" />
  <attribute name="Current Error" value="6.000000" />
  <attribute name="IntegralT" value="3.000000" />
  <attribute name="IntegralI" value="3.000000" />
  <attribute name="IntegralH" value="3.000000" />
  <attribute name="DerivativeT" value="6.000000" />
  <attribute name="DerivativeI" value="6.000000" />
  <attribute name="DerivativeH" value="6.000000" />
  <attribute name="Loop Time for DT" value="1.000000" />
  <attribute name="Output H" value="8388608"/>
  <attribute name="Output I" value="200"/>
  <attribute name="Output T" value="4"/>
  <attribute name="Target GC Util Change" value ="20.000000" />
  <attribute name="Current GC Util Change" value="26.000000"/>
  <attribute name="GC Util currently" value="26" />
  <attribute name="CPU Util currently" value="3863969310700" />
<exclusive-end id="401" timestamp="2019-06-16T21:51:48.318" durationms="12.927" />

<exclusive-start id="402" timestamp="2019-06-16T21:51:48.418" intervalms="113.004">
  <response-info timems="0.060" idlems="0.060" threads="0" lastid="0000000001AFD700" lastname="main" />
</exclusive-start>
<allocation-taxation id="403" taxation-threshold="14680064" timestamp="2019-06-16T21:51:48.418" intervalms="112.853" />
<cycle-start id="404" type="partial gc" contextid="0" timestamp="2019-06-16T21:51:48.418" intervalms="112.716" />
<gc-start id="405" type="partial gc" contextid="404" timestamp="2019-06-16T21:51:48.418">
  <mem-info id="406" free="0" total="39845888" percent="0">
    <mem type="eden" free="0" total="15728640" percent="0" />
    <remembered-set count="17824" freebytes="1519232" totalbytes="1590528" percent="95" regionsoverflowed="0" regionsstable="0" regionsrebuilding="0"/>
  </mem-info>
</gc-start>
<allocation-stats totalBytes="14675808" >
  <allocated-bytes non-tlh="238688" tlh="14437120" arrayletleaf="0"/>
  <largest-consumer threadName="main" threadId="0000000001AFD700" bytes="14675808" />
</allocation-stats>
<gc-op id="407" type="mark" timems="1.997" contextid="404" timestamp="2019-06-16T21:51:48.421">
  <trace-info objectcount="8150" scancount="7689" scanbytes="348388" />
  <cardclean-info objects="440" bytes="29528" />
  <remembered-set-cleared processed="15457" cleared="546" durationms="0.137" />
  <references type="soft" candidates="115" cleared="0" enqueued="0" dynamicThreshold="11" maxThreshold="32" />
  <references type="weak" candidates="207" cleared="9" enqueued="9" />
  <references type="phantom" candidates="2" cleared="0" enqueued="0" />
  <stringconstants candidates="11960" cleared="1"  />
  <warning details="Mark invoked due to insufficient free space for Copy-Forward" />
</gc-op>
<gc-op id="408" type="classunload" timems="0.003" contextid="404" timestamp="2019-06-16T21:51:48.421">
  <classunload-info classloadercandidates="28" classloadersunloaded="0" classesunloaded="0" anonymousclassesunloaded="0" quiescems="0.000" setupms="0.003" scanms="0.000" postms="0.000" />
</gc-op>
<gc-op id="409" type="sweep" timems="0.392" contextid="404" timestamp="2019-06-16T21:51:48.421" />
<gc-op id="410" type="compact" timems="1.838" contextid="404" timestamp="2019-06-16T21:51:48.424">
  <compact-info movecount="8147" movebytes="901728" />
  <remembered-set-cleared processed="32562" cleared="2714" durationms="0.137" />
</gc-op>
<gc-end id="411" type="partial gc" contextid="404" durationms="5.609" usertimems="4.000" systemtimems="0.000" timestamp="2019-06-16T21:51:48.424" activeThreads="4">
  <mem-info id="412" free="14680064" total="39845888" percent="36">
    <mem type="eden" free="510856" total="1048576" percent="48" />
    <pending-finalizers system="0" default="0" reference="9" classloader="0" />
    <remembered-set count="18464" freebytes="1516672" totalbytes="1590528" percent="95" regionsoverflowed="0" regionsstable="0" regionsrebuilding="0"/>
  </mem-info>
</gc-end>
<cycle-end id="413" type="partial gc" contextid="404" timestamp="2019-06-16T21:51:48.424" />
  <attribute name="elasticGC enabled" value="1" />
  <attribute name= "numThreadsSpecified" value="4" />
  <attribute name="heapSize specified" value="0" />
  <attribute name="Current GC Util" value="19" />
  <attribute name= "Current Time Running" value="44768" />
  <attribute name ="GC Interval" value="0" />
  <attribute name="ProportionalT" value="-0.500000" />
  <attribute name="ProportionalI" value="-0.500000" />
  <attribute name="ProportionalH" value="-0.500000" />
  <attribute name="Current Error" value="-1.000000" />
  <attribute name="IntegralT" value="-0.500000" />
  <attribute name="IntegralI" value="-0.500000" />
  <attribute name="IntegralH" value="-0.500000" />
  <attribute name="DerivativeT" value="-51.000000" />
  <attribute name="DerivativeI" value="-51.000000" />
  <attribute name="DerivativeH" value="-51.000000" />
  <attribute name="Loop Time for DT" value="1.000000" />
  <attribute name="Output H" value="2091843584"/>
  <attribute name="Output I" value="200"/>
  <attribute name="Output T" value="4"/>
  <attribute name="Target GC Util Change" value ="20.000000" />
  <attribute name="Current GC Util Change" value="19.000000"/>
  <attribute name="GC Util currently" value="19" />
  <attribute name="CPU Util currently" value="7189582831855" />
<exclusive-end id="414" timestamp="2019-06-16T21:51:48.424" durationms="6.533" />

<exclusive-start id="415" timestamp="2019-06-16T21:51:48.645" intervalms="227.372">
  <response-info timems="0.082" idlems="0.082" threads="0" lastid="0000000001AFD700" lastname="main" />
</exclusive-start>
<allocation-taxation id="416" taxation-threshold="14680064" timestamp="2019-06-16T21:51:48.645" intervalms="227.453" />
<cycle-start id="417" type="partial gc" contextid="0" timestamp="2019-06-16T21:51:48.645" intervalms="227.543" />
<gc-start id="418" type="partial gc" contextid="417" timestamp="2019-06-16T21:51:48.646">
  <mem-info id="419" free="0" total="39845888" percent="0">
    <mem type="eden" free="0" total="14680064" percent="0" />
    <remembered-set count="18304" freebytes="1517312" totalbytes="1590528" percent="95" regionsoverflowed="0" regionsstable="0" regionsrebuilding="0"/>
  </mem-info>
</gc-start>
<allocation-stats totalBytes="14678080" >
  <allocated-bytes non-tlh="825384" tlh="13852696" arrayletleaf="0"/>
  <largest-consumer threadName="main" threadId="0000000001AFD700" bytes="14678080" />
</allocation-stats>
<gc-op id="420" type="mark" timems="3.356" contextid="417" timestamp="2019-06-16T21:51:48.651">
  <trace-info objectcount="12786" scancount="11545" scanbytes="441824" />
  <cardclean-info objects="1857" bytes="101664" />
  <remembered-set-cleared processed="16124" cleared="854" durationms="0.363" />
  <references type="soft" candidates="94" cleared="0" enqueued="0" dynamicThreshold="11" maxThreshold="32" />
  <references type="weak" candidates="245" cleared="1" enqueued="1" />
  <references type="phantom" candidates="1" cleared="0" enqueued="0" />
  <stringconstants candidates="12302" cleared="2"  />
  <warning details="Mark invoked due to insufficient free space for Copy-Forward" />
</gc-op>
<gc-op id="421" type="classunload" timems="0.552" contextid="417" timestamp="2019-06-16T21:51:48.651">
  <classunload-info classloadercandidates="34" classloadersunloaded="1" classesunloaded="1" anonymousclassesunloaded="0" quiescems="0.000" setupms="0.532" scanms="0.013" postms="0.006" />
</gc-op>
<gc-op id="422" type="sweep" timems="0.885" contextid="417" timestamp="2019-06-16T21:51:48.653" />
<gc-op id="423" type="compact" timems="4.470" contextid="417" timestamp="2019-06-16T21:51:48.658">
  <compact-info movecount="12784" movebytes="809072" />
  <remembered-set-cleared processed="35285" cleared="4705" durationms="0.363" />
</gc-op>
<gc-end id="424" type="partial gc" contextid="417" durationms="12.102" usertimems="16.000" systemtimems="0.000" timestamp="2019-06-16T21:51:48.658" activeThreads="4">
  <mem-info id="425" free="13631488" total="39845888" percent="34">
    <mem type="eden" free="355664" total="1048576" percent="33" />
    <pending-finalizers system="0" default="0" reference="1" classloader="0" />
    <remembered-set count="20416" freebytes="1508864" totalbytes="1590528" percent="94" regionsoverflowed="0" regionsstable="0" regionsrebuilding="0"/>
  </mem-info>
</gc-end>
<cycle-end id="426" type="partial gc" contextid="417" timestamp="2019-06-16T21:51:48.658" />
  <attribute name="elasticGC enabled" value="1" />
  <attribute name= "numThreadsSpecified" value="4" />
  <attribute name="heapSize specified" value="0" />
  <attribute name="Current GC Util" value="25" />
  <attribute name= "Current Time Running" value="44999" />
  <attribute name ="GC Interval" value="0" />
  <attribute name="ProportionalT" value="2.500000" />
  <attribute name="ProportionalI" value="2.500000" />
  <attribute name="ProportionalH" value="2.500000" />
  <attribute name="Current Error" value="5.000000" />
  <attribute name="IntegralT" value="2.500000" />
  <attribute name="IntegralI" value="2.500000" />
  <attribute name="IntegralH" value="2.500000" />
  <attribute name="DerivativeT" value="5.000000" />
  <attribute name="DerivativeI" value="5.000000" />
  <attribute name="DerivativeH" value="5.000000" />
  <attribute name="Loop Time for DT" value="1.000000" />
  <attribute name="Output H" value="8388608"/>
  <attribute name="Output I" value="200"/>
  <attribute name="Output T" value="4"/>
  <attribute name="Target GC Util Change" value ="20.000000" />
  <attribute name="Current GC Util Change" value="25.000000"/>
  <attribute name="GC Util currently" value="25" />
  <attribute name="CPU Util currently" value="3395562063064" />
<exclusive-end id="427" timestamp="2019-06-16T21:51:48.659" durationms="13.818" />

<exclusive-start id="428" timestamp="2019-06-16T21:51:48.794" intervalms="149.016">
  <response-info timems="0.021" idlems="0.021" threads="0" lastid="0000000001AFD700" lastname="main" />
</exclusive-start>
<allocation-taxation id="429" taxation-threshold="13631488" timestamp="2019-06-16T21:51:48.794" intervalms="148.954" />
<cycle-start id="430" type="partial gc" contextid="0" timestamp="2019-06-16T21:51:48.794" intervalms="148.865" />
<gc-start id="431" type="partial gc" contextid="430" timestamp="2019-06-16T21:51:48.795">
  <mem-info id="432" free="0" total="39845888" percent="0">
    <mem type="eden" free="0" total="13631488" percent="0" />
    <remembered-set count="19968" freebytes="1510656" totalbytes="1590528" percent="94" regionsoverflowed="0" regionsstable="0" regionsrebuilding="0"/>
  </mem-info>
</gc-start>
<allocation-stats totalBytes="13628128" >
  <allocated-bytes non-tlh="619952" tlh="13008176" arrayletleaf="0"/>
  <largest-consumer threadName="main" threadId="0000000001AFD700" bytes="13628128" />
</allocation-stats>
<gc-op id="433" type="mark" timems="2.286" contextid="430" timestamp="2019-06-16T21:51:48.797">
  <trace-info objectcount="18707" scancount="16879" scanbytes="731700" />
  <cardclean-info objects="1088" bytes="60320" />
  <remembered-set-cleared processed="17498" cleared="1805" durationms="0.239" />
  <references type="soft" candidates="40" cleared="0" enqueued="0" dynamicThreshold="10" maxThreshold="32" />
  <references type="weak" candidates="144" cleared="2" enqueued="2" />
  <references type="phantom" candidates="1" cleared="0" enqueued="0" />
  <stringconstants candidates="12459" cleared="0"  />
  <warning details="Mark invoked due to insufficient free space for Copy-Forward" />
</gc-op>
<gc-op id="434" type="classunload" timems="0.004" contextid="430" timestamp="2019-06-16T21:51:48.798">
  <classunload-info classloadercandidates="36" classloadersunloaded="0" classesunloaded="0" anonymousclassesunloaded="0" quiescems="0.000" setupms="0.004" scanms="0.000" postms="0.000" />
</gc-op>
<gc-op id="435" type="sweep" timems="0.526" contextid="430" timestamp="2019-06-16T21:51:48.798" />
<gc-op id="436" type="compact" timems="3.611" contextid="430" timestamp="2019-06-16T21:51:48.802">
  <compact-info movecount="15879" movebytes="970264" />
  <remembered-set-cleared processed="37434" cleared="5973" durationms="0.239" />
</gc-op>
<heap-resize id="437" type="expand" space="default" amount="1048576" count="1" timems="0.061" reason="insufficient free space following gc" timestamp="2019-06-16T21:51:48.803" />
<gc-end id="438" type="partial gc" contextid="430" durationms="8.122" usertimems="8.000" systemtimems="0.000" timestamp="2019-06-16T21:51:48.803" activeThreads="1">
  <mem-info id="439" free="13631488" total="40894464" percent="33">
    <mem type="eden" free="214816" total="1048576" percent="20" />
    <pending-finalizers system="0" default="0" reference="2" classloader="0" />
    <remembered-set count="21184" freebytes="1547648" totalbytes="1632384" percent="94" regionsoverflowed="0" regionsstable="0" regionsrebuilding="0"/>
  </mem-info>
</gc-end>
<cycle-end id="440" type="partial gc" contextid="430" timestamp="2019-06-16T21:51:48.803" />
  <attribute name="elasticGC enabled" value="1" />
  <attribute name= "numThreadsSpecified" value="1" />
  <attribute name="heapSize specified" value="0" />
  <attribute name="Current GC Util" value="24" />
  <attribute name= "Current Time Running" value="45144" />
  <attribute name ="GC Interval" value="0" />
  <attribute name="ProportionalT" value="2.000000" />
  <attribute name="ProportionalI" value="2.000000" />
  <attribute name="ProportionalH" value="2.000000" />
  <attribute name="Current Error" value="4.000000" />
  <attribute name="IntegralT" value="0.000000" />
  <attribute name="IntegralI" value="0.000000" />
  <attribute name="IntegralH" value="0.000000" />
  <attribute name="DerivativeT" value="inf" />
  <attribute name="DerivativeI" value="inf" />
  <attribute name="DerivativeH" value="inf" />
  <attribute name="Loop Time for DT" value="0.000000" />
  <attribute name="Output H" value="8388608"/>
  <attribute name="Output I" value="200"/>
  <attribute name="Output T" value="1"/>
  <attribute name="Target GC Util Change" value ="20.000000" />
  <attribute name="Current GC Util Change" value="24.000000"/>
  <attribute name="GC Util currently" value="24" />
  <attribute name="CPU Util currently" value="6069661093446" />
<exclusive-end id="441" timestamp="2019-06-16T21:51:48.803" durationms="9.148" />

<exclusive-start id="442" timestamp="2019-06-16T21:51:48.825" intervalms="30.880">
  <response-info timems="0.065" idlems="0.065" threads="0" lastid="0000000001AFD700" lastname="main" />
</exclusive-start>
<allocation-taxation id="443" taxation-threshold="13631488" timestamp="2019-06-16T21:51:48.825" intervalms="30.873" />
<cycle-start id="444" type="partial gc" contextid="0" timestamp="2019-06-16T21:51:48.825" intervalms="30.808" />
<gc-start id="445" type="partial gc" contextid="444" timestamp="2019-06-16T21:51:48.825">
  <mem-info id="446" free="0" total="40894464" percent="0">
    <mem type="eden" free="0" total="13631488" percent="0" />
    <remembered-set count="20960" freebytes="1548544" totalbytes="1632384" percent="94" regionsoverflowed="0" regionsstable="0" regionsrebuilding="0"/>
  </mem-info>
</gc-start>
<allocation-stats totalBytes="13630168" >
  <allocated-bytes non-tlh="0" tlh="13630168" arrayletleaf="0"/>
  <largest-consumer threadName="main" threadId="0000000001AFD700" bytes="13626072" />
</allocation-stats>
<gc-op id="447" type="mark" timems="2.123" contextid="444" timestamp="2019-06-16T21:51:48.828">
  <trace-info objectcount="18573" scancount="16559" scanbytes="650332" />
  <cardclean-info objects="282" bytes="26616" />
  <remembered-set-cleared processed="18474" cleared="1203" durationms="0.231" />
  <references type="soft" candidates="36" cleared="0" enqueued="0" dynamicThreshold="10" maxThreshold="32" />
  <references type="weak" candidates="83" cleared="0" enqueued="0" />
  <stringconstants candidates="12459" cleared="0"  />
  <warning details="Mark invoked due to insufficient free space for Copy-Forward" />
</gc-op>
<gc-op id="448" type="classunload" timems="0.004" contextid="444" timestamp="2019-06-16T21:51:48.828">
  <classunload-info classloadercandidates="36" classloadersunloaded="0" classesunloaded="0" anonymousclassesunloaded="0" quiescems="0.000" setupms="0.003" scanms="0.000" postms="0.000" />
</gc-op>
<gc-op id="449" type="sweep" timems="0.440" contextid="444" timestamp="2019-06-16T21:51:48.829" />
<gc-op id="450" type="compact" timems="2.755" contextid="444" timestamp="2019-06-16T21:51:48.832">
  <compact-info movecount="18202" movebytes="720296" />
  <remembered-set-cleared processed="40348" cleared="5798" durationms="0.231" />
</gc-op>
<heap-resize id="451" type="expand" space="default" amount="2097152" count="1" timems="0.074" reason="insufficient free space following gc" timestamp="2019-06-16T21:51:48.832" />
<gc-end id="452" type="partial gc" contextid="444" durationms="7.058" usertimems="12.000" systemtimems="0.000" timestamp="2019-06-16T21:51:48.832" activeThreads="4">
  <mem-info id="453" free="14680064" total="42991616" percent="34">
    <mem type="eden" free="520232" total="1048576" percent="49" />
    <remembered-set count="23424" freebytes="1622400" totalbytes="1716096" percent="94" regionsoverflowed="0" regionsstable="0" regionsrebuilding="0"/>
  </mem-info>
</gc-end>
<cycle-end id="454" type="partial gc" contextid="444" timestamp="2019-06-16T21:51:48.833" />
  <attribute name="elasticGC enabled" value="1" />
  <attribute name= "numThreadsSpecified" value="4" />
  <attribute name="heapSize specified" value="0" />
  <attribute name="Current GC Util" value="23" />
  <attribute name= "Current Time Running" value="45175" />
  <attribute name ="GC Interval" value="0" />
  <attribute name="ProportionalT" value="1.500000" />
  <attribute name="ProportionalI" value="1.500000" />
  <attribute name="ProportionalH" value="1.500000" />
  <attribute name="Current Error" value="3.000000" />
  <attribute name="IntegralT" value="1.500000" />
  <attribute name="IntegralI" value="1.500000" />
  <attribute name="IntegralH" value="1.500000" />
  <attribute name="DerivativeT" value="3.000000" />
  <attribute name="DerivativeI" value="3.000000" />
  <attribute name="DerivativeH" value="3.000000" />
  <attribute name="Loop Time for DT" value="1.000000" />
  <attribute name="Output H" value="8388608"/>
  <attribute name="Output I" value="200"/>
  <attribute name="Output T" value="4"/>
  <attribute name="Target GC Util Change" value ="20.000000" />
  <attribute name="Current GC Util Change" value="23.000000"/>
  <attribute name="GC Util currently" value="23" />
  <attribute name="CPU Util currently" value="6851341631020" />
<exclusive-end id="455" timestamp="2019-06-16T21:51:48.833" durationms="7.980" />

<exclusive-start id="456" timestamp="2019-06-16T21:51:48.882" intervalms="57.392">
  <response-info timems="0.031" idlems="0.031" threads="0" lastid="0000000001AFD700" lastname="main" />
</exclusive-start>
<allocation-taxation id="457" taxation-threshold="14680064" timestamp="2019-06-16T21:51:48.882" intervalms="57.423" />
<cycle-start id="458" type="partial gc" contextid="0" timestamp="2019-06-16T21:51:48.883" intervalms="57.522" />
<gc-start id="459" type="partial gc" contextid="458" timestamp="2019-06-16T21:51:48.883">
  <mem-info id="460" free="0" total="42991616" percent="0">
    <mem type="eden" free="0" total="14680064" percent="0" />
    <remembered-set count="23168" freebytes="1623424" totalbytes="1716096" percent="94" regionsoverflowed="0" regionsstable="0" regionsrebuilding="0"/>
  </mem-info>
</gc-start>
<allocation-stats totalBytes="14676096" >
  <allocated-bytes non-tlh="200784" tlh="14475312" arrayletleaf="0"/>
  <largest-consumer threadName="main" threadId="0000000001AFD700" bytes="14676096" />
</allocation-stats>
<gc-op id="461" type="mark" timems="2.109" contextid="458" timestamp="2019-06-16T21:51:48.886">
  <trace-info objectcount="21355" scancount="18818" scanbytes="713404" />
  <cardclean-info objects="271" bytes="26172" />
  <remembered-set-cleared processed="20216" cleared="2781" durationms="0.156" />
  <references type="soft" candidates="37" cleared="0" enqueued="0" dynamicThreshold="10" maxThreshold="32" />
  <references type="weak" candidates="83" cleared="0" enqueued="0" />
  <stringconstants candidates="12470" cleared="0"  />
  <warning details="Mark invoked due to insufficient free space for Copy-Forward" />
</gc-op>
<gc-op id="462" type="classunload" timems="0.005" contextid="458" timestamp="2019-06-16T21:51:48.886">
  <classunload-info classloadercandidates="37" classloadersunloaded="0" classesunloaded="0" anonymousclassesunloaded="0" quiescems="0.000" setupms="0.005" scanms="0.000" postms="0.000" />
</gc-op>
<gc-op id="463" type="sweep" timems="0.413" contextid="458" timestamp="2019-06-16T21:51:48.886" />
<gc-op id="464" type="compact" timems="2.865" contextid="458" timestamp="2019-06-16T21:51:48.890">
  <compact-info movecount="21007" movebytes="875024" />
  <remembered-set-cleared processed="42855" cleared="7976" durationms="0.156" />
</gc-op>
<heap-resize id="465" type="expand" space="default" amount="1048576" count="1" timems="0.066" reason="insufficient free space following gc" timestamp="2019-06-16T21:51:48.890" />
<gc-end id="466" type="partial gc" contextid="458" durationms="7.110" usertimems="8.000" systemtimems="0.000" timestamp="2019-06-16T21:51:48.890" activeThreads="4">
  <mem-info id="467" free="15728640" total="44040192" percent="35">
    <mem type="eden" free="222032" total="1048576" percent="21" />
    <remembered-set count="23648" freebytes="1663360" totalbytes="1757952" percent="94" regionsoverflowed="0" regionsstable="0" regionsrebuilding="0"/>
  </mem-info>
</gc-end>
<cycle-end id="468" type="partial gc" contextid="458" timestamp="2019-06-16T21:51:48.890" />
  <attribute name="elasticGC enabled" value="1" />
  <attribute name= "numThreadsSpecified" value="4" />
  <attribute name="heapSize specified" value="0" />
  <attribute name="Current GC Util" value="23" />
  <attribute name= "Current Time Running" value="45233" />
  <attribute name ="GC Interval" value="0" />
  <attribute name="ProportionalT" value="1.500000" />
  <attribute name="ProportionalI" value="1.500000" />
  <attribute name="ProportionalH" value="1.500000" />
  <attribute name="Current Error" value="3.000000" />
  <attribute name="IntegralT" value="1.500000" />
  <attribute name="IntegralI" value="1.500000" />
  <attribute name="IntegralH" value="1.500000" />
  <attribute name="DerivativeT" value="-46.000000" />
  <attribute name="DerivativeI" value="-46.000000" />
  <attribute name="DerivativeH" value="-46.000000" />
  <attribute name="Loop Time for DT" value="1.000000" />
  <attribute name="Output H" value="2091843584"/>
  <attribute name="Output I" value="200"/>
  <attribute name="Output T" value="4"/>
  <attribute name="Target GC Util Change" value ="20.000000" />
  <attribute name="Current GC Util Change" value="23.000000"/>
  <attribute name="GC Util currently" value="23" />
  <attribute name="CPU Util currently" value="6930718172777" />
<exclusive-end id="469" timestamp="2019-06-16T21:51:48.891" durationms="8.250" />

<exclusive-start id="470" timestamp="2019-06-16T21:51:48.932" intervalms="49.539">
  <response-info timems="0.028" idlems="0.028" threads="0" lastid="0000000001AFD700" lastname="main" />
</exclusive-start>
<allocation-taxation id="471" taxation-threshold="15728640" timestamp="2019-06-16T21:51:48.932" intervalms="49.517" />
<cycle-start id="472" type="partial gc" contextid="0" timestamp="2019-06-16T21:51:48.932" intervalms="49.485" />
<gc-start id="473" type="partial gc" contextid="472" timestamp="2019-06-16T21:51:48.932">
  <mem-info id="474" free="0" total="44040192" percent="0">
    <mem type="eden" free="0" total="15728640" percent="0" />
    <remembered-set count="23488" freebytes="1664000" totalbytes="1757952" percent="94" regionsoverflowed="0" regionsstable="0" regionsrebuilding="0"/>
  </mem-info>
</gc-start>
<allocation-stats totalBytes="15726880" >
  <allocated-bytes non-tlh="200400" tlh="15526480" arrayletleaf="0"/>
  <largest-consumer threadName="main" threadId="0000000001AFD700" bytes="15726880" />
</allocation-stats>
<gc-op id="475" type="mark" timems="1.750" contextid="472" timestamp="2019-06-16T21:51:48.935">
  <trace-info objectcount="14670" scancount="13227" scanbytes="554368" />
  <cardclean-info objects="88" bytes="11620" />
  <remembered-set-cleared processed="20928" cleared="2562" durationms="0.256" />
  <references type="soft" candidates="2" cleared="0" enqueued="0" dynamicThreshold="11" maxThreshold="32" />
  <references type="weak" candidates="16" cleared="0" enqueued="0" />
  <references type="phantom" candidates="1" cleared="0" enqueued="0" />
  <stringconstants candidates="12475" cleared="0"  />
  <warning details="Mark invoked due to insufficient free space for Copy-Forward" />
</gc-op>
<gc-op id="476" type="classunload" timems="0.004" contextid="472" timestamp="2019-06-16T21:51:48.935">
  <classunload-info classloadercandidates="38" classloadersunloaded="0" classesunloaded="0" anonymousclassesunloaded="0" quiescems="0.000" setupms="0.004" scanms="0.000" postms="0.000" />
</gc-op>
<gc-op id="477" type="sweep" timems="0.473" contextid="472" timestamp="2019-06-16T21:51:48.936" />
<gc-op id="478" type="compact" timems="2.396" contextid="472" timestamp="2019-06-16T21:51:48.938">
  <compact-info movecount="14670" movebytes="843288" />
  <remembered-set-cleared processed="42639" cleared="5901" durationms="0.256" />
</gc-op>
<heap-resize id="479" type="expand" space="default" amount="8388608" count="1" timems="0.104" reason="excessive time being spent in gc" timestamp="2019-06-16T21:51:48.939" />
<gc-end id="480" type="partial gc" contextid="472" durationms="6.363" usertimems="8.000" systemtimems="0.000" timestamp="2019-06-16T21:51:48.939" activeThreads="4">
  <mem-info id="481" free="23068672" total="52428800" percent="44">
    <mem type="eden" free="211008" total="1048576" percent="20" />
    <remembered-set count="23168" freebytes="2000128" totalbytes="2092800" percent="95" regionsoverflowed="0" regionsstable="0" regionsrebuilding="0"/>
  </mem-info>
</gc-end>
<cycle-end id="482" type="partial gc" contextid="472" timestamp="2019-06-16T21:51:48.939" />
  <attribute name="elasticGC enabled" value="1" />
  <attribute name= "numThreadsSpecified" value="4" />
  <attribute name="heapSize specified" value="0" />
  <attribute name="Current GC Util" value="24" />
  <attribute name= "Current Time Running" value="45282" />
  <attribute name ="GC Interval" value="0" />
  <attribute name="ProportionalT" value="2.000000" />
  <attribute name="ProportionalI" value="2.000000" />
  <attribute name="ProportionalH" value="2.000000" />
  <attribute name="Current Error" value="4.000000" />
  <attribute name="IntegralT" value="2.000000" />
  <attribute name="IntegralI" value="2.000000" />
  <attribute name="IntegralH" value="2.000000" />
  <attribute name="DerivativeT" value="4.000000" />
  <attribute name="DerivativeI" value="4.000000" />
  <attribute name="DerivativeH" value="4.000000" />
  <attribute name="Loop Time for DT" value="1.000000" />
  <attribute name="Output H" value="8388608"/>
  <attribute name="Output I" value="200"/>
  <attribute name="Output T" value="4"/>
  <attribute name="Target GC Util Change" value ="20.000000" />
  <attribute name="Current GC Util Change" value="24.000000"/>
  <attribute name="GC Util currently" value="24" />
  <attribute name="CPU Util currently" value="6607047343483" />
<exclusive-end id="483" timestamp="2019-06-16T21:51:48.939" durationms="7.387" />

<exclusive-start id="484" timestamp="2019-06-16T21:51:49.024" intervalms="91.813">
  <response-info timems="0.072" idlems="0.072" threads="0" lastid="0000000001AFD700" lastname="main" />
</exclusive-start>
<allocation-taxation id="485" taxation-threshold="19922944" timestamp="2019-06-16T21:51:49.024" intervalms="91.841" />
<cycle-start id="486" type="partial gc" contextid="0" timestamp="2019-06-16T21:51:49.024" intervalms="91.868" />
<gc-start id="487" type="partial gc" contextid="486" timestamp="2019-06-16T21:51:49.024">
  <mem-info id="488" free="3145728" total="52428800" percent="6">
    <mem type="eden" free="0" total="19922944" percent="0" />
    <remembered-set count="23040" freebytes="2000640" totalbytes="2092800" percent="95" regionsoverflowed="0" regionsstable="0" regionsrebuilding="0"/>
  </mem-info>
</gc-start>
<allocation-stats totalBytes="19920736" >
  <allocated-bytes non-tlh="402496" tlh="19518240" arrayletleaf="0"/>
  <largest-consumer threadName="main" threadId="0000000001AFD700" bytes="19920736" />
</allocation-stats>
<gc-op id="489" type="copy forward" timems="2.712" contextid="486" timestamp="2019-06-16T21:51:49.028">
  <memory-copied type="eden" objects="14961" bytes="901424" bytesdiscarded="0" />
  <memory-copied type="other" objects="1005" bytes="31648" bytesdiscarded="0" />
  <memory-cardclean objects="114" bytes="12392" />
  <regions eden="19" other="2" />
  <remembered-set-cleared processed="20555" cleared="1997" durationms="0.248" />
  <references type="soft" candidates="4" cleared="0" enqueued="0" dynamicThreshold="14" maxThreshold="32" />
  <references type="weak" candidates="30" cleared="0" enqueued="0" />
  <references type="phantom" candidates="1" cleared="0" enqueued="0" />
  <stringconstants candidates="12494" cleared="0"  />
</gc-op>
<gc-op id="490" type="classunload" timems="0.004" contextid="486" timestamp="2019-06-16T21:51:49.028">
  <classunload-info classloadercandidates="40" classloadersunloaded="0" classesunloaded="0" anonymousclassesunloaded="0" quiescems="0.000" setupms="0.003" scanms="0.000" postms="0.000" />
</gc-op>
<gc-end id="491" type="partial gc" contextid="486" durationms="3.843" usertimems="4.000" systemtimems="0.000" timestamp="2019-06-16T21:51:49.028" activeThreads="1">
  <mem-info id="492" free="22020096" total="52428800" percent="42">
    <mem type="eden" free="147072" total="1048576" percent="14" />
    <remembered-set count="22368" freebytes="2003328" totalbytes="2092800" percent="95" regionsoverflowed="0" regionsstable="0" regionsrebuilding="0"/>
  </mem-info>
</gc-end>
<cycle-end id="493" type="partial gc" contextid="486" timestamp="2019-06-16T21:51:49.028" />
  <attribute name="elasticGC enabled" value="1" />
  <attribute name= "numThreadsSpecified" value="1" />
  <attribute name="heapSize specified" value="0" />
  <attribute name="Current GC Util" value="50" />
  <attribute name= "Current Time Running" value="45371" />
  <attribute name ="GC Interval" value="0" />
  <attribute name="ProportionalT" value="15.000000" />
  <attribute name="ProportionalI" value="15.000000" />
  <attribute name="ProportionalH" value="15.000000" />
  <attribute name="Current Error" value="30.000000" />
  <attribute name="IntegralT" value="0.000000" />
  <attribute name="IntegralI" value="0.000000" />
  <attribute name="IntegralH" value="0.000000" />
  <attribute name="DerivativeT" value="inf" />
  <attribute name="DerivativeI" value="inf" />
  <attribute name="DerivativeH" value="inf" />
  <attribute name="Loop Time for DT" value="0.000000" />
  <attribute name="Output H" value="8388608"/>
  <attribute name="Output I" value="200"/>
  <attribute name="Output T" value="1"/>
  <attribute name="Target GC Util Change" value ="20.000000" />
  <attribute name="Current GC Util Change" value="50.000000"/>
  <attribute name="GC Util currently" value="50" />
  <attribute name="CPU Util currently" value="16604327825751" />
<exclusive-end id="494" timestamp="2019-06-16T21:51:49.029" durationms="4.903" />

<exclusive-start id="495" timestamp="2019-06-16T21:51:49.100" intervalms="76.304">
  <response-info timems="0.023" idlems="0.023" threads="0" lastid="0000000001AFD700" lastname="main" />
</exclusive-start>
<allocation-taxation id="496" taxation-threshold="19922944" timestamp="2019-06-16T21:51:49.100" intervalms="76.223" />
<cycle-start id="497" type="partial gc" contextid="0" timestamp="2019-06-16T21:51:49.100" intervalms="76.148" />
<gc-start id="498" type="partial gc" contextid="497" timestamp="2019-06-16T21:51:49.100">
  <mem-info id="499" free="2097152" total="52428800" percent="4">
    <mem type="eden" free="0" total="19922944" percent="0" />
    <remembered-set count="21888" freebytes="2005248" totalbytes="2092800" percent="95" regionsoverflowed="0" regionsstable="0" regionsrebuilding="0"/>
  </mem-info>
</gc-start>
<allocation-stats totalBytes="19919336" >
  <allocated-bytes non-tlh="601736" tlh="19317600" arrayletleaf="0"/>
  <largest-consumer threadName="main" threadId="0000000001AFD700" bytes="19919336" />
</allocation-stats>
<gc-op id="500" type="copy forward" timems="1.626" contextid="497" timestamp="2019-06-16T21:51:49.103">
  <memory-copied type="eden" objects="5135" bytes="470360" bytesdiscarded="0" />
  <memory-copied type="other" objects="496" bytes="19048" bytesdiscarded="0" />
  <memory-cardclean objects="148" bytes="13784" />
  <regions eden="19" other="1" />
  <remembered-set-cleared processed="19645" cleared="769" durationms="0.242" />
  <references type="soft" candidates="5" cleared="0" enqueued="0" dynamicThreshold="13" maxThreshold="32" />
  <references type="weak" candidates="31" cleared="0" enqueued="0" />
  <references type="phantom" candidates="1" cleared="0" enqueued="0" />
  <stringconstants candidates="12521" cleared="0"  />
</gc-op>
<gc-op id="501" type="classunload" timems="0.005" contextid="497" timestamp="2019-06-16T21:51:49.103">
  <classunload-info classloadercandidates="43" classloadersunloaded="0" classesunloaded="0" anonymousclassesunloaded="0" quiescems="0.000" setupms="0.004" scanms="0.000" postms="0.000" />
</gc-op>
<gc-end id="502" type="partial gc" contextid="497" durationms="2.659" usertimems="4.000" systemtimems="0.000" timestamp="2019-06-16T21:51:49.103" activeThreads="1">
  <mem-info id="503" free="20971520" total="52428800" percent="40">
    <mem type="eden" free="578096" total="1048576" percent="55" />
    <remembered-set count="22272" freebytes="2003712" totalbytes="2092800" percent="95" regionsoverflowed="0" regionsstable="0" regionsrebuilding="0"/>
  </mem-info>
</gc-end>
<cycle-end id="504" type="partial gc" contextid="497" timestamp="2019-06-16T21:51:49.103" />
  <attribute name="elasticGC enabled" value="1" />
  <attribute name= "numThreadsSpecified" value="1" />
  <attribute name="heapSize specified" value="0" />
  <attribute name="Current GC Util" value="57" />
  <attribute name= "Current Time Running" value="45447" />
  <attribute name ="GC Interval" value="0" />
  <attribute name="ProportionalT" value="18.500000" />
  <attribute name="ProportionalI" value="18.500000" />
  <attribute name="ProportionalH" value="18.500000" />
  <attribute name="Current Error" value="37.000000" />
  <attribute name="IntegralT" value="0.000000" />
  <attribute name="IntegralI" value="0.000000" />
  <attribute name="IntegralH" value="0.000000" />
  <attribute name="DerivativeT" value="inf" />
  <attribute name="DerivativeI" value="inf" />
  <attribute name="DerivativeH" value="inf" />
  <attribute name="Loop Time for DT" value="0.000000" />
  <attribute name="Output H" value="8388608"/>
  <attribute name="Output I" value="200"/>
  <attribute name="Output T" value="1"/>
  <attribute name="Target GC Util Change" value ="20.000000" />
  <attribute name="Current GC Util Change" value="57.000000"/>
  <attribute name="GC Util currently" value="57" />
  <attribute name="CPU Util currently" value="17652183937518" />
<exclusive-end id="505" timestamp="2019-06-16T21:51:49.104" durationms="3.620" />

<exclusive-start id="506" timestamp="2019-06-16T21:51:49.145" intervalms="45.293">
  <response-info timems="0.027" idlems="0.027" threads="0" lastid="0000000001AFD700" lastname="main" />
</exclusive-start>
<allocation-taxation id="507" taxation-threshold="19922944" timestamp="2019-06-16T21:51:49.145" intervalms="45.345" />
<cycle-start id="508" type="partial gc" contextid="0" timestamp="2019-06-16T21:51:49.146" intervalms="45.374" />
<gc-start id="509" type="partial gc" contextid="508" timestamp="2019-06-16T21:51:49.146">
  <mem-info id="510" free="1048576" total="52428800" percent="2">
    <mem type="eden" free="0" total="19922944" percent="0" />
    <remembered-set count="21920" freebytes="2005120" totalbytes="2092800" percent="95" regionsoverflowed="0" regionsstable="0" regionsrebuilding="0"/>
  </mem-info>
</gc-start>
<allocation-stats totalBytes="19920720" >
  <allocated-bytes non-tlh="200448" tlh="19720272" arrayletleaf="0"/>
  <largest-consumer threadName="main" threadId="0000000001AFD700" bytes="19920720" />
</allocation-stats>
<gc-op id="511" type="copy forward" timems="2.619" contextid="508" timestamp="2019-06-16T21:51:49.149">
  <memory-copied type="eden" objects="14415" bytes="857792" bytesdiscarded="0" />
  <memory-copied type="other" objects="615" bytes="21984" bytesdiscarded="0" />
  <memory-cardclean objects="161" bytes="14424" />
  <regions eden="19" other="1" />
  <remembered-set-cleared processed="19574" cleared="527" durationms="0.244" />
  <references type="soft" candidates="4" cleared="0" enqueued="0" dynamicThreshold="12" maxThreshold="32" />
  <references type="weak" candidates="23" cleared="0" enqueued="0" />
  <references type="phantom" candidates="1" cleared="0" enqueued="0" />
  <stringconstants candidates="12527" cleared="0"  />
  <heap-resize type="expand" space="default" amount="1048576" count="1" timems="0.072" reason="continue current collection" />
</gc-op>
<gc-op id="512" type="classunload" timems="0.004" contextid="508" timestamp="2019-06-16T21:51:49.149">
  <classunload-info classloadercandidates="44" classloadersunloaded="0" classesunloaded="0" anonymousclassesunloaded="0" quiescems="0.000" setupms="0.004" scanms="0.000" postms="0.000" />
</gc-op>
<gc-end id="513" type="partial gc" contextid="508" durationms="3.574" usertimems="4.000" systemtimems="0.000" timestamp="2019-06-16T21:51:49.149" activeThreads="1">
  <mem-info id="514" free="20971520" total="53477376" percent="39">
    <mem type="eden" free="190728" total="1048576" percent="18" />
    <remembered-set count="23456" freebytes="2040832" totalbytes="2134656" percent="95" regionsoverflowed="0" regionsstable="0" regionsrebuilding="0"/>
  </mem-info>
</gc-end>
<cycle-end id="515" type="partial gc" contextid="508" timestamp="2019-06-16T21:51:49.150" />
  <attribute name="elasticGC enabled" value="1" />
  <attribute name= "numThreadsSpecified" value="1" />
  <attribute name="heapSize specified" value="0" />
  <attribute name="Current GC Util" value="67" />
  <attribute name= "Current Time Running" value="45492" />
  <attribute name ="GC Interval" value="0" />
  <attribute name="ProportionalT" value="23.500000" />
  <attribute name="ProportionalI" value="23.500000" />
  <attribute name="ProportionalH" value="23.500000" />
  <attribute name="Current Error" value="47.000000" />
  <attribute name="IntegralT" value="0.000000" />
  <attribute name="IntegralI" value="0.000000" />
  <attribute name="IntegralH" value="0.000000" />
  <attribute name="DerivativeT" value="inf" />
  <attribute name="DerivativeI" value="inf" />
  <attribute name="DerivativeH" value="inf" />
  <attribute name="Loop Time for DT" value="0.000000" />
  <attribute name="Output H" value="8388608"/>
  <attribute name="Output I" value="200"/>
  <attribute name="Output T" value="1"/>
  <attribute name="Target GC Util Change" value ="20.000000" />
  <attribute name="Current GC Util Change" value="67.000000"/>
  <attribute name="GC Util currently" value="67" />
  <attribute name="CPU Util currently" value="21416034374607" />
<exclusive-end id="516" timestamp="2019-06-16T21:51:49.150" durationms="4.561" />

<exclusive-start id="517" timestamp="2019-06-16T21:51:49.195" intervalms="49.920">
  <response-info timems="0.024" idlems="0.024" threads="0" lastid="0000000001AFD700" lastname="main" />
</exclusive-start>
<allocation-taxation id="518" taxation-threshold="19922944" timestamp="2019-06-16T21:51:49.195" intervalms="49.926" />
<cycle-start id="519" type="partial gc" contextid="0" timestamp="2019-06-16T21:51:49.195" intervalms="49.937" />
<gc-start id="520" type="partial gc" contextid="519" timestamp="2019-06-16T21:51:49.196">
  <mem-info id="521" free="1048576" total="53477376" percent="1">
    <mem type="eden" free="0" total="19922944" percent="0" />
    <remembered-set count="22976" freebytes="2042752" totalbytes="2134656" percent="95" regionsoverflowed="0" regionsstable="0" regionsrebuilding="0"/>
  </mem-info>
</gc-start>
<allocation-stats totalBytes="19920176" >
  <allocated-bytes non-tlh="200384" tlh="19719792" arrayletleaf="0"/>
  <largest-consumer threadName="main" threadId="0000000001AFD700" bytes="19920176" />
</allocation-stats>
<gc-op id="522" type="copy forward" timems="2.897" contextid="519" timestamp="2019-06-16T21:51:49.199">
  <memory-copied type="eden" objects="16999" bytes="955232" bytesdiscarded="0" />
  <memory-copied type="other" objects="174" bytes="6096" bytesdiscarded="0" />
  <memory-cardclean objects="122" bytes="13144" />
  <regions eden="19" other="1" />
  <remembered-set-cleared processed="20592" cleared="1299" durationms="0.268" />
  <references type="soft" candidates="2" cleared="0" enqueued="0" dynamicThreshold="12" maxThreshold="32" />
  <references type="weak" candidates="10" cleared="0" enqueued="0" />
  <references type="phantom" candidates="1" cleared="0" enqueued="0" />
  <stringconstants candidates="12532" cleared="0"  />
  <heap-resize type="expand" space="default" amount="1048576" count="1" timems="0.067" reason="continue current collection" />
</gc-op>
<gc-op id="523" type="classunload" timems="0.004" contextid="519" timestamp="2019-06-16T21:51:49.200">
  <classunload-info classloadercandidates="45" classloadersunloaded="0" classesunloaded="0" anonymousclassesunloaded="0" quiescems="0.000" setupms="0.004" scanms="0.000" postms="0.000" />
</gc-op>
<gc-end id="524" type="partial gc" contextid="519" durationms="4.024" usertimems="4.000" systemtimems="0.000" timestamp="2019-06-16T21:51:49.200" activeThreads="1">
  <mem-info id="525" free="20971520" total="54525952" percent="38">
    <mem type="eden" free="93288" total="1048576" percent="8" />
    <remembered-set count="23168" freebytes="2083840" totalbytes="2176512" percent="95" regionsoverflowed="0" regionsstable="0" regionsrebuilding="0"/>
  </mem-info>
</gc-end>
<cycle-end id="526" type="partial gc" contextid="519" timestamp="2019-06-16T21:51:49.200" />
  <attribute name="elasticGC enabled" value="1" />
  <attribute name= "numThreadsSpecified" value="1" />
  <attribute name="heapSize specified" value="0" />
  <attribute name="Current GC Util" value="49" />
  <attribute name= "Current Time Running" value="45542" />
  <attribute name ="GC Interval" value="0" />
  <attribute name="ProportionalT" value="14.500000" />
  <attribute name="ProportionalI" value="14.500000" />
  <attribute name="ProportionalH" value="14.500000" />
  <attribute name="Current Error" value="29.000000" />
  <attribute name="IntegralT" value="0.000000" />
  <attribute name="IntegralI" value="0.000000" />
  <attribute name="IntegralH" value="0.000000" />
  <attribute name="DerivativeT" value="inf" />
  <attribute name="DerivativeI" value="inf" />
  <attribute name="DerivativeH" value="inf" />
  <attribute name="Loop Time for DT" value="0.000000" />
  <attribute name="Output H" value="8388608"/>
  <attribute name="Output I" value="200"/>
  <attribute name="Output T" value="1"/>
  <attribute name="Target GC Util Change" value ="20.000000" />
  <attribute name="Current GC Util Change" value="49.000000"/>
  <attribute name="GC Util currently" value="49" />
  <attribute name="CPU Util currently" value="16156354588396" />
<exclusive-end id="527" timestamp="2019-06-16T21:51:49.200" durationms="5.043" />

<exclusive-start id="528" timestamp="2019-06-16T21:51:49.322" intervalms="126.352">
  <response-info timems="0.034" idlems="0.034" threads="0" lastid="0000000001AFD700" lastname="main" />
</exclusive-start>
<allocation-taxation id="529" taxation-threshold="19922944" timestamp="2019-06-16T21:51:49.322" intervalms="126.339" />
<cycle-start id="530" type="partial gc" contextid="0" timestamp="2019-06-16T21:51:49.322" intervalms="126.342" />
<gc-start id="531" type="partial gc" contextid="530" timestamp="2019-06-16T21:51:49.322">
  <mem-info id="532" free="1048576" total="54525952" percent="1">
    <mem type="eden" free="0" total="19922944" percent="0" />
    <remembered-set count="23136" freebytes="2083968" totalbytes="2176512" percent="95" regionsoverflowed="0" regionsstable="0" regionsrebuilding="0"/>
  </mem-info>
</gc-start>
<allocation-stats totalBytes="19919512" >
  <allocated-bytes non-tlh="1002488" tlh="18917024" arrayletleaf="0"/>
  <largest-consumer threadName="main" threadId="0000000001AFD700" bytes="19919512" />
</allocation-stats>
<gc-op id="533" type="copy forward" timems="3.103" contextid="530" timestamp="2019-06-16T21:51:49.326">
  <memory-copied type="eden" objects="17490" bytes="968944" bytesdiscarded="0" />
  <memory-copied type="other" objects="139" bytes="4872" bytesdiscarded="0" />
  <memory-cardclean objects="144" bytes="13792" />
  <regions eden="19" other="1" />
  <remembered-set-cleared processed="20768" cleared="1410" durationms="0.271" />
  <references type="soft" candidates="4" cleared="0" enqueued="0" dynamicThreshold="12" maxThreshold="32" />
  <references type="weak" candidates="30" cleared="0" enqueued="0" />
  <references type="phantom" candidates="1" cleared="0" enqueued="0" />
  <stringconstants candidates="12567" cleared="4"  />
  <heap-resize type="expand" space="default" amount="1048576" count="1" timems="0.087" reason="continue current collection" />
</gc-op>
<gc-op id="534" type="classunload" timems="2.141" contextid="530" timestamp="2019-06-16T21:51:49.328">
  <classunload-info classloadercandidates="50" classloadersunloaded="2" classesunloaded="2" anonymousclassesunloaded="0" quiescems="1.663" setupms="0.459" scanms="1.676" postms="0.006" />
</gc-op>
<gc-end id="535" type="partial gc" contextid="530" durationms="6.273" usertimems="8.000" systemtimems="0.000" timestamp="2019-06-16T21:51:49.328" activeThreads="1">
  <mem-info id="536" free="20971520" total="55574528" percent="37">
    <mem type="eden" free="79528" total="1048576" percent="7" />
    <remembered-set count="23264" freebytes="2125312" totalbytes="2218368" percent="95" regionsoverflowed="0" regionsstable="0" regionsrebuilding="0"/>
  </mem-info>
</gc-end>
<cycle-end id="537" type="partial gc" contextid="530" timestamp="2019-06-16T21:51:49.329" />
  <attribute name="elasticGC enabled" value="1" />
  <attribute name= "numThreadsSpecified" value="1" />
  <attribute name="heapSize specified" value="0" />
  <attribute name="Current GC Util" value="61" />
  <attribute name= "Current Time Running" value="45669" />
  <attribute name ="GC Interval" value="0" />
  <attribute name="ProportionalT" value="20.500000" />
  <attribute name="ProportionalI" value="20.500000" />
  <attribute name="ProportionalH" value="20.500000" />
  <attribute name="Current Error" value="41.000000" />
  <attribute name="IntegralT" value="0.000000" />
  <attribute name="IntegralI" value="0.000000" />
  <attribute name="IntegralH" value="0.000000" />
  <attribute name="DerivativeT" value="inf" />
  <attribute name="DerivativeI" value="inf" />
  <attribute name="DerivativeH" value="inf" />
  <attribute name="Loop Time for DT" value="0.000000" />
  <attribute name="Output H" value="8388608"/>
  <attribute name="Output I" value="200"/>
  <attribute name="Output T" value="1"/>
  <attribute name="Target GC Util Change" value ="20.000000" />
  <attribute name="Current GC Util Change" value="61.000000"/>
  <attribute name="GC Util currently" value="61" />
  <attribute name="CPU Util currently" value="18939317817652" />
<exclusive-end id="538" timestamp="2019-06-16T21:51:49.329" durationms="7.144" />

<exclusive-start id="539" timestamp="2019-06-16T21:51:49.379" intervalms="57.596">
  <response-info timems="0.038" idlems="0.038" threads="0" lastid="0000000001AFD700" lastname="main" />
</exclusive-start>
<allocation-taxation id="540" taxation-threshold="20971520" timestamp="2019-06-16T21:51:49.379" intervalms="57.600" />
<cycle-start id="541" type="partial gc" contextid="0" timestamp="2019-06-16T21:51:49.379" intervalms="57.559" />
<gc-start id="542" type="partial gc" contextid="541" timestamp="2019-06-16T21:51:49.380">
  <mem-info id="543" free="0" total="55574528" percent="0">
    <mem type="eden" free="0" total="20971520" percent="0" />
    <remembered-set count="23168" freebytes="2125696" totalbytes="2218368" percent="95" regionsoverflowed="0" regionsstable="0" regionsrebuilding="0"/>
  </mem-info>
</gc-start>
<allocation-stats totalBytes="20968944" >
  <allocated-bytes non-tlh="266728" tlh="20702216" arrayletleaf="0"/>
  <largest-consumer threadName="main" threadId="0000000001AFD700" bytes="20968944" />
</allocation-stats>
<gc-op id="544" type="mark" timems="2.281" contextid="541" timestamp="2019-06-16T21:51:49.382">
  <trace-info objectcount="22229" scancount="20019" scanbytes="835992" />
  <cardclean-info objects="138" bytes="13644" />
  <remembered-set-cleared processed="20779" cleared="1373" durationms="0.256" />
  <references type="soft" candidates="4" cleared="0" enqueued="0" dynamicThreshold="12" maxThreshold="32" />
  <references type="weak" candidates="42" cleared="0" enqueued="0" />
  <references type="phantom" candidates="1" cleared="0" enqueued="0" />
  <stringconstants candidates="12586" cleared="0"  />
  <warning details="Mark invoked due to insufficient free space for Copy-Forward" />
</gc-op>
<gc-op id="545" type="classunload" timems="0.004" contextid="541" timestamp="2019-06-16T21:51:49.382">
  <classunload-info classloadercandidates="49" classloadersunloaded="0" classesunloaded="0" anonymousclassesunloaded="0" quiescems="0.000" setupms="0.004" scanms="0.000" postms="0.000" />
</gc-op>
<gc-op id="546" type="sweep" timems="0.481" contextid="541" timestamp="2019-06-16T21:51:49.383" />
<gc-op id="547" type="compact" timems="4.201" contextid="541" timestamp="2019-06-16T21:51:49.388">
  <compact-info movecount="22229" movebytes="1205392" />
  <remembered-set-cleared processed="45300" cleared="6483" durationms="0.256" />
</gc-op>
<gc-end id="548" type="partial gc" contextid="541" durationms="8.216" usertimems="8.000" systemtimems="0.000" timestamp="2019-06-16T21:51:49.388" activeThreads="1">
  <mem-info id="549" free="18874368" total="55574528" percent="33">
    <mem type="eden" free="887840" total="2097152" percent="42" />
    <remembered-set count="26368" freebytes="2112896" totalbytes="2218368" percent="95" regionsoverflowed="0" regionsstable="0" regionsrebuilding="0"/>
  </mem-info>
</gc-end>
<cycle-end id="550" type="partial gc" contextid="541" timestamp="2019-06-16T21:51:49.388" />
  <attribute name="elasticGC enabled" value="1" />
  <attribute name= "numThreadsSpecified" value="1" />
  <attribute name="heapSize specified" value="0" />
  <attribute name="Current GC Util" value="35" />
  <attribute name= "Current Time Running" value="45729" />
  <attribute name ="GC Interval" value="0" />
  <attribute name="ProportionalT" value="7.500000" />
  <attribute name="ProportionalI" value="7.500000" />
  <attribute name="ProportionalH" value="7.500000" />
  <attribute name="Current Error" value="15.000000" />
  <attribute name="IntegralT" value="0.000000" />
  <attribute name="IntegralI" value="0.000000" />
  <attribute name="IntegralH" value="0.000000" />
  <attribute name="DerivativeT" value="inf" />
  <attribute name="DerivativeI" value="inf" />
  <attribute name="DerivativeH" value="inf" />
  <attribute name="Loop Time for DT" value="0.000000" />
  <attribute name="Output H" value="8388608"/>
  <attribute name="Output I" value="200"/>
  <attribute name="Output T" value="1"/>
  <attribute name="Target GC Util Change" value ="20.000000" />
  <attribute name="Current GC Util Change" value="35.000000"/>
  <attribute name="GC Util currently" value="35" />
  <attribute name="CPU Util currently" value="6487118437133" />
<exclusive-end id="551" timestamp="2019-06-16T21:51:49.388" durationms="9.162" />

<exclusive-start id="552" timestamp="2019-06-16T21:51:49.456" intervalms="76.440">
  <response-info timems="0.034" idlems="0.034" threads="0" lastid="0000000001AFD700" lastname="main" />
</exclusive-start>
<allocation-taxation id="553" taxation-threshold="18874368" timestamp="2019-06-16T21:51:49.456" intervalms="76.398" />
<cycle-start id="554" type="partial gc" contextid="0" timestamp="2019-06-16T21:51:49.456" intervalms="76.393" />
<gc-start id="555" type="partial gc" contextid="554" timestamp="2019-06-16T21:51:49.456">
  <mem-info id="556" free="0" total="55574528" percent="0">
    <mem type="eden" free="0" total="19922944" percent="0" />
    <remembered-set count="26208" freebytes="2113536" totalbytes="2218368" percent="95" regionsoverflowed="0" regionsstable="0" regionsrebuilding="0"/>
  </mem-info>
</gc-start>
<allocation-stats totalBytes="18871728" >
  <allocated-bytes non-tlh="401832" tlh="18469896" arrayletleaf="0"/>
  <largest-consumer threadName="main" threadId="0000000001AFD700" bytes="18871728" />
</allocation-stats>
<gc-op id="557" type="mark" timems="1.263" contextid="554" timestamp="2019-06-16T21:51:49.458">
  <trace-info objectcount="4022" scancount="3759" scanbytes="175616" />
  <cardclean-info objects="134" bytes="13620" />
  <remembered-set-cleared processed="23086" cleared="3234" durationms="0.275" />
  <references type="soft" candidates="3" cleared="0" enqueued="0" dynamicThreshold="10" maxThreshold="32" />
  <references type="weak" candidates="24" cleared="0" enqueued="0" />
  <references type="phantom" candidates="1" cleared="0" enqueued="0" />
  <stringconstants candidates="12616" cleared="0"  />
  <warning details="Mark invoked due to insufficient free space for Copy-Forward" />
</gc-op>
<gc-op id="558" type="classunload" timems="0.004" contextid="554" timestamp="2019-06-16T21:51:49.458">
  <classunload-info classloadercandidates="51" classloadersunloaded="0" classesunloaded="0" anonymousclassesunloaded="0" quiescems="0.000" setupms="0.004" scanms="0.000" postms="0.000" />
</gc-op>
<gc-op id="559" type="sweep" timems="0.310" contextid="554" timestamp="2019-06-16T21:51:49.458" />
<gc-op id="560" type="compact" timems="1.793" contextid="554" timestamp="2019-06-16T21:51:49.460">
  <compact-info movecount="4022" movebytes="425568" />
  <remembered-set-cleared processed="44000" cleared="4286" durationms="0.275" />
</gc-op>
<gc-end id="561" type="partial gc" contextid="554" durationms="4.716" usertimems="12.000" systemtimems="0.000" timestamp="2019-06-16T21:51:49.461" activeThreads="1">
  <mem-info id="562" free="18874368" total="55574528" percent="33">
    <mem type="eden" free="1671584" total="2097152" percent="79" />
    <remembered-set count="23264" freebytes="2125312" totalbytes="2218368" percent="95" regionsoverflowed="0" regionsstable="0" regionsrebuilding="0"/>
  </mem-info>
</gc-end>
<cycle-end id="563" type="partial gc" contextid="554" timestamp="2019-06-16T21:51:49.461" />
  <attribute name="elasticGC enabled" value="1" />
  <attribute name= "numThreadsSpecified" value="1" />
  <attribute name="heapSize specified" value="0" />
  <attribute name="Current GC Util" value="28" />
  <attribute name= "Current Time Running" value="45804" />
  <attribute name ="GC Interval" value="0" />
  <attribute name="ProportionalT" value="4.000000" />
  <attribute name="ProportionalI" value="4.000000" />
  <attribute name="ProportionalH" value="4.000000" />
  <attribute name="Current Error" value="8.000000" />
  <attribute name="IntegralT" value="0.000000" />
  <attribute name="IntegralI" value="0.000000" />
  <attribute name="IntegralH" value="0.000000" />
  <attribute name="DerivativeT" value="inf" />
  <attribute name="DerivativeI" value="inf" />
  <attribute name="DerivativeH" value="inf" />
  <attribute name="Loop Time for DT" value="0.000000" />
  <attribute name="Output H" value="8388608"/>
  <attribute name="Output I" value="200"/>
  <attribute name="Output T" value="1"/>
  <attribute name="Target GC Util Change" value ="20.000000" />
  <attribute name="Current GC Util Change" value="28.000000"/>
  <attribute name="GC Util currently" value="28" />
  <attribute name="CPU Util currently" value="8617734849512" />
<exclusive-end id="564" timestamp="2019-06-16T21:51:49.461" durationms="5.574" />

<exclusive-start id="565" timestamp="2019-06-16T21:51:49.620" intervalms="164.361">
  <response-info timems="0.066" idlems="0.066" threads="0" lastid="0000000001AFD700" lastname="main" />
</exclusive-start>
<allocation-taxation id="566" taxation-threshold="18874368" timestamp="2019-06-16T21:51:49.620" intervalms="164.339" />
<cycle-start id="567" type="partial gc" contextid="0" timestamp="2019-06-16T21:51:49.620" intervalms="164.373" />
<gc-start id="568" type="partial gc" contextid="567" timestamp="2019-06-16T21:51:49.620">
  <mem-info id="569" free="0" total="55574528" percent="0">
    <mem type="eden" free="0" total="18874368" percent="0" />
    <remembered-set count="23264" freebytes="2125312" totalbytes="2218368" percent="95" regionsoverflowed="0" regionsstable="0" regionsrebuilding="0"/>
  </mem-info>
</gc-start>
<allocation-stats totalBytes="18871464" >
  <allocated-bytes non-tlh="651320" tlh="18220144" arrayletleaf="0"/>
  <largest-consumer threadName="main" threadId="0000000001AFD700" bytes="18871464" />
</allocation-stats>
<gc-op id="570" type="mark" timems="1.986" contextid="567" timestamp="2019-06-16T21:51:49.623">
  <trace-info objectcount="11176" scancount="10290" scanbytes="393584" />
  <cardclean-info objects="554" bytes="40324" />
  <remembered-set-cleared processed="20811" cleared="986" durationms="0.312" />
  <references type="soft" candidates="779" cleared="0" enqueued="0" dynamicThreshold="10" maxThreshold="32" />
  <references type="weak" candidates="110" cleared="20" enqueued="20" />
  <references type="phantom" candidates="1" cleared="0" enqueued="0" />
  <stringconstants candidates="13246" cleared="0"  />
  <warning details="Mark invoked due to insufficient free space for Copy-Forward" />
</gc-op>
<gc-op id="571" type="classunload" timems="0.004" contextid="567" timestamp="2019-06-16T21:51:49.623">
  <classunload-info classloadercandidates="54" classloadersunloaded="0" classesunloaded="0" anonymousclassesunloaded="0" quiescems="0.000" setupms="0.003" scanms="0.000" postms="0.000" />
</gc-op>
<gc-op id="572" type="sweep" timems="0.464" contextid="567" timestamp="2019-06-16T21:51:49.624" />
<gc-op id="573" type="compact" timems="2.485" contextid="567" timestamp="2019-06-16T21:51:49.626">
  <compact-info movecount="10658" movebytes="694664" />
  <remembered-set-cleared processed="45113" cleared="5421" durationms="0.312" />
</gc-op>
<gc-end id="574" type="partial gc" contextid="567" durationms="6.274" usertimems="8.000" systemtimems="0.000" timestamp="2019-06-16T21:51:49.627" activeThreads="4">
  <mem-info id="575" free="17825792" total="55574528" percent="32">
    <mem type="eden" free="355048" total="1048576" percent="33" />
    <pending-finalizers system="0" default="0" reference="20" classloader="0" />
    <remembered-set count="24832" freebytes="2119040" totalbytes="2218368" percent="95" regionsoverflowed="0" regionsstable="0" regionsrebuilding="0"/>
  </mem-info>
</gc-end>
<cycle-end id="576" type="partial gc" contextid="567" timestamp="2019-06-16T21:51:49.627" />
  <attribute name="elasticGC enabled" value="1" />
  <attribute name= "numThreadsSpecified" value="4" />
  <attribute name="heapSize specified" value="0" />
  <attribute name="Current GC Util" value="38" />
  <attribute name= "Current Time Running" value="45970" />
  <attribute name ="GC Interval" value="0" />
  <attribute name="ProportionalT" value="9.000000" />
  <attribute name="ProportionalI" value="9.000000" />
  <attribute name="ProportionalH" value="9.000000" />
  <attribute name="Current Error" value="18.000000" />
  <attribute name="IntegralT" value="9.000000" />
  <attribute name="IntegralI" value="9.000000" />
  <attribute name="IntegralH" value="9.000000" />
  <attribute name="DerivativeT" value="18.000000" />
  <attribute name="DerivativeI" value="18.000000" />
  <attribute name="DerivativeH" value="18.000000" />
  <attribute name="Loop Time for DT" value="1.000000" />
  <attribute name="Output H" value="8388608"/>
  <attribute name="Output I" value="200"/>
  <attribute name="Output T" value="4"/>
  <attribute name="Target GC Util Change" value ="20.000000" />
  <attribute name="Current GC Util Change" value="38.000000"/>
  <attribute name="GC Util currently" value="38" />
  <attribute name="CPU Util currently" value="6350269009087" />
<exclusive-end id="577" timestamp="2019-06-16T21:51:49.627" durationms="7.194" />

<exclusive-start id="578" timestamp="2019-06-16T21:51:50.100" intervalms="480.396">
  <response-info timems="0.039" idlems="0.039" threads="0" lastid="0000000001AFD700" lastname="main" />
</exclusive-start>
<allocation-taxation id="579" taxation-threshold="8388608" timestamp="2019-06-16T21:51:50.100" intervalms="480.418" />
<cycle-start id="580" type="global mark phase" contextid="0" timestamp="2019-06-16T21:51:50.101" intervalms="3326.984" />
<gc-start id="581" type="global mark phase" contextid="580" timestamp="2019-06-16T21:51:50.101">
  <mem-info id="582" free="9437184" total="55574528" percent="16">
    <remembered-set count="24800" freebytes="2119168" totalbytes="2218368" percent="95" regionsoverflowed="0" regionsstable="0" regionsrebuilding="0"/>
  </mem-info>
</gc-start>
<gc-op id="583" type="mark increment" timems="0.636" contextid="580" timestamp="2019-06-16T21:51:50.101">
  <trace-info objectcount="166" scancount="0" scanbytes="0" />
</gc-op>
<gc-end id="584" type="global mark phase" contextid="580" durationms="0.777" usertimems="0.000" systemtimems="0.000" timestamp="2019-06-16T21:51:50.101" activeThreads="1">
  <mem-info id="585" free="9437184" total="55574528" percent="16">
    <remembered-set count="24800" freebytes="2119168" totalbytes="2218368" percent="95" regionsoverflowed="0" regionsstable="0" regionsrebuilding="0"/>
  </mem-info>
</gc-end>
<concurrent-start id="586" type="GMP work packet processing" contextid="580" timestamp="2019-06-16T21:51:50.102">
  <concurrent-mark-start scanTarget="18446744073709551615" />
</concurrent-start>
<exclusive-end id="587" timestamp="2019-06-16T21:51:50.102" durationms="1.411" />

<concurrent-end id="588" type="GMP work packet processing" contextid="580" timestamp="2019-06-16T21:51:50.104">
  <concurrent-mark-end bytesScanned="3099404" reasonForTermination="Completed all work in GC phase" />
</concurrent-end>

<exclusive-start id="589" timestamp="2019-06-16T21:51:50.307" intervalms="206.472">
  <response-info timems="0.040" idlems="0.040" threads="0" lastid="0000000001AFD700" lastname="main" />
</exclusive-start>
<allocation-taxation id="590" taxation-threshold="8388608" timestamp="2019-06-16T21:51:50.307" intervalms="206.533" />
<cycle-start id="591" type="partial gc" contextid="0" timestamp="2019-06-16T21:51:50.307" intervalms="686.971" />
<gc-start id="592" type="partial gc" contextid="591" timestamp="2019-06-16T21:51:50.307">
  <mem-info id="593" free="1048576" total="55574528" percent="1">
    <mem type="eden" free="494464" total="16777216" percent="2" />
    <arraylet-primitive objects="1" leaves="1" largest="1" />
    <remembered-set count="24800" freebytes="2119168" totalbytes="2218368" percent="95" regionsoverflowed="0" regionsstable="0" regionsrebuilding="0"/>
  </mem-info>
</gc-start>
<allocation-stats totalBytes="16270632" >
  <allocated-bytes non-tlh="1865600" tlh="13356456" arrayletleaf="1048576"/>
  <largest-consumer threadName="main" threadId="0000000001AFD700" bytes="8377896" />
</allocation-stats>
<gc-op id="594" type="copy forward" timems="4.073" contextid="591" timestamp="2019-06-16T21:51:50.312">
  <memory-copied type="eden" objects="13623" bytes="1270748" bytesdiscarded="8" />
  <memory-copied type="other" objects="8682" bytes="333344" bytesdiscarded="0" />
  <memory-cardclean objects="563" bytes="41264" />
  <regions eden="15" other="1" />
  <remembered-set-cleared processed="21811" cleared="1491" durationms="0.276" />
  <finalization candidates="3" enqueued="2" />
  <references type="soft" candidates="778" cleared="0" enqueued="0" dynamicThreshold="5" maxThreshold="32" />
  <references type="weak" candidates="122" cleared="0" enqueued="0" />
  <references type="phantom" candidates="2" cleared="0" enqueued="0" />
  <stringconstants candidates="13308" cleared="0"  />
  <heap-resize type="expand" space="default" amount="2097152" count="2" timems="0.107" reason="continue current collection" />
</gc-op>
<gc-op id="595" type="classunload" timems="0.004" contextid="591" timestamp="2019-06-16T21:51:50.312">
  <classunload-info classloadercandidates="55" classloadersunloaded="0" classesunloaded="0" anonymousclassesunloaded="0" quiescems="0.000" setupms="0.004" scanms="0.000" postms="0.000" />
</gc-op>
<heap-resize id="596" type="expand" space="default" amount="4194304" count="1" timems="0.064" reason="insufficient free space following gc" timestamp="2019-06-16T21:51:50.313" />
<gc-end id="597" type="partial gc" contextid="591" durationms="5.352" usertimems="4.000" systemtimems="0.000" timestamp="2019-06-16T21:51:50.313" activeThreads="1">
  <mem-info id="598" free="20971520" total="61865984" percent="33">
    <mem type="eden" free="826288" total="3145728" percent="26" />
    <arraylet-primitive objects="1" leaves="1" largest="1" />
    <pending-finalizers system="0" default="2" reference="0" classloader="0" />
    <remembered-set count="26400" freebytes="2363904" totalbytes="2469504" percent="95" regionsoverflowed="0" regionsstable="0" regionsrebuilding="0"/>
  </mem-info>
</gc-end>
<cycle-end id="599" type="partial gc" contextid="591" timestamp="2019-06-16T21:51:50.313" />
  <attribute name="elasticGC enabled" value="1" />
  <attribute name= "numThreadsSpecified" value="1" />
  <attribute name="heapSize specified" value="0" />
  <attribute name="Current GC Util" value="75" />
  <attribute name= "Current Time Running" value="46654" />
  <attribute name ="GC Interval" value="0" />
  <attribute name="ProportionalT" value="27.500000" />
  <attribute name="ProportionalI" value="27.500000" />
  <attribute name="ProportionalH" value="27.500000" />
  <attribute name="Current Error" value="55.000000" />
  <attribute name="IntegralT" value="0.000000" />
  <attribute name="IntegralI" value="0.000000" />
  <attribute name="IntegralH" value="0.000000" />
  <attribute name="DerivativeT" value="inf" />
  <attribute name="DerivativeI" value="inf" />
  <attribute name="DerivativeH" value="inf" />
  <attribute name="Loop Time for DT" value="0.000000" />
  <attribute name="Output H" value="8388608"/>
  <attribute name="Output I" value="200"/>
  <attribute name="Output T" value="1"/>
  <attribute name="Target GC Util Change" value ="20.000000" />
  <attribute name="Current GC Util Change" value="75.000000"/>
  <attribute name="GC Util currently" value="75" />
  <attribute name="CPU Util currently" value="18636764487114" />
<exclusive-end id="600" timestamp="2019-06-16T21:51:50.313" durationms="6.480" />

<exclusive-start id="601" timestamp="2019-06-16T21:51:50.448" intervalms="141.124">
  <response-info timems="0.051" idlems="0.051" threads="0" lastid="0000000001AFD700" lastname="main" />
</exclusive-start>
<allocation-taxation id="602" taxation-threshold="10485760" timestamp="2019-06-16T21:51:50.448" intervalms="141.112" />
<gc-start id="603" type="global mark phase" contextid="580" timestamp="2019-06-16T21:51:50.448">
  <mem-info id="604" free="10485760" total="61865984" percent="16">
    <remembered-set count="26176" freebytes="2364800" totalbytes="2469504" percent="95" regionsoverflowed="0" regionsstable="0" regionsrebuilding="0"/>
  </mem-info>
</gc-start>
<gc-op id="605" type="mark increment" timems="2.322" contextid="580" timestamp="2019-06-16T21:51:50.451">
  <trace-info objectcount="32692" scancount="27865" scanbytes="668848" />
  <cardclean-info objects="1398" bytes="65936" />
  <finalization candidates="80" enqueued="0" />
  <ownableSynchronizers candidates="23" cleared="0" />
  <references type="soft" candidates="2715" cleared="196" enqueued="191" dynamicThreshold="10" maxThreshold="32" />
  <references type="weak" candidates="5556" cleared="4" enqueued="4" />
  <references type="phantom" candidates="104" cleared="3" enqueued="3" />
  <stringconstants candidates="13308" cleared="12"  />
</gc-op>
<gc-op id="606" type="classunload" timems="0.007" contextid="580" timestamp="2019-06-16T21:51:50.451">
  <classunload-info classloadercandidates="55" classloadersunloaded="0" classesunloaded="0" anonymousclassesunloaded="0" quiescems="0.000" setupms="0.007" scanms="0.000" postms="0.000" />
</gc-op>
<gc-end id="607" type="global mark phase" contextid="580" durationms="2.710" usertimems="4.000" systemtimems="0.000" timestamp="2019-06-16T21:51:50.451" activeThreads="4">
  <mem-info id="608" free="10485760" total="61865984" percent="16">
    <pending-finalizers system="0" default="0" reference="198" classloader="0" />
    <remembered-set count="26176" freebytes="2364800" totalbytes="2469504" percent="95" regionsoverflowed="0" regionsstable="0" regionsrebuilding="0"/>
  </mem-info>
</gc-end>
<cycle-end id="609" type="global mark phase" contextid="580" timestamp="2019-06-16T21:51:50.451" />
  <attribute name="elasticGC enabled" value="1" />
  <attribute name= "numThreadsSpecified" value="4" />
  <attribute name="heapSize specified" value="0" />
  <attribute name="Current GC Util" value="170" />
  <attribute name= "Current Time Running" value="46796" />
  <attribute name ="GC Interval" value="0" />
  <attribute name="ProportionalT" value="75.000000" />
  <attribute name="ProportionalI" value="75.000000" />
  <attribute name="ProportionalH" value="75.000000" />
  <attribute name="Current Error" value="150.000000" />
  <attribute name="IntegralT" value="75.000000" />
  <attribute name="IntegralI" value="75.000000" />
  <attribute name="IntegralH" value="75.000000" />
  <attribute name="DerivativeT" value="16.000000" />
  <attribute name="DerivativeI" value="16.000000" />
  <attribute name="DerivativeH" value="16.000000" />
  <attribute name="Loop Time for DT" value="1.000000" />
  <attribute name="Output H" value="8388608"/>
  <attribute name="Output I" value="200"/>
  <attribute name="Output T" value="4"/>
  <attribute name="Target GC Util Change" value ="20.000000" />
  <attribute name="Current GC Util Change" value="170.000000"/>
  <attribute name="GC Util currently" value="170" />
  <attribute name="CPU Util currently" value="6359683054905" />
<exclusive-end id="610" timestamp="2019-06-16T21:51:50.451" durationms="3.343" />

<exclusive-start id="611" timestamp="2019-06-16T21:51:50.545" intervalms="97.147">
  <response-info timems="0.053" idlems="0.053" threads="0" lastid="0000000001AFD700" lastname="main" />
</exclusive-start>
<allocation-taxation id="612" taxation-threshold="10485760" timestamp="2019-06-16T21:51:50.545" intervalms="97.192" />
<cycle-start id="613" type="partial gc" contextid="0" timestamp="2019-06-16T21:51:50.545" intervalms="238.320" />
<gc-start id="614" type="partial gc" contextid="613" timestamp="2019-06-16T21:51:50.546">
  <mem-info id="615" free="0" total="61865984" percent="0">
    <mem type="eden" free="0" total="20971520" percent="0" />
    <arraylet-primitive objects="1" leaves="1" largest="1" />
    <remembered-set count="26176" freebytes="2364800" totalbytes="2469504" percent="95" regionsoverflowed="0" regionsstable="0" regionsrebuilding="0"/>
  </mem-info>
</gc-start>
<allocation-stats totalBytes="20950920" >
  <allocated-bytes non-tlh="0" tlh="20950920" arrayletleaf="0"/>
  <largest-consumer threadName="main" threadId="0000000001AFD700" bytes="10470456" />
</allocation-stats>
<gc-op id="616" type="sweep" timems="0.542" contextid="613" timestamp="2019-06-16T21:51:50.547" />
<gc-op id="617" type="copy forward" timems="6.868" contextid="613" timestamp="2019-06-16T21:51:50.554">
  <memory-copied type="eden" objects="22183" bytes="568856" bytesdiscarded="4" />
  <memory-copied type="other" objects="33029" bytes="1735356" bytesdiscarded="12" />
  <memory-cardclean objects="694" bytes="42632" />
  <regions eden="10" other="13" />
  <remembered-set-cleared processed="22830" cleared="3681" durationms="0.287" />
  <finalization candidates="1" enqueued="0" />
  <references type="soft" candidates="2" cleared="0" enqueued="0" dynamicThreshold="5" maxThreshold="32" />
  <references type="weak" candidates="43" cleared="0" enqueued="0" />
  <references type="phantom" candidates="2" cleared="0" enqueued="0" />
  <stringconstants candidates="13296" cleared="0"  />
  <heap-resize type="expand" space="default" amount="4194304" count="4" timems="0.217" reason="continue current collection" />
</gc-op>
<gc-op id="618" type="classunload" timems="0.006" contextid="613" timestamp="2019-06-16T21:51:50.554">
  <classunload-info classloadercandidates="55" classloadersunloaded="0" classesunloaded="0" anonymousclassesunloaded="0" quiescems="0.000" setupms="0.005" scanms="0.000" postms="0.000" />
</gc-op>
<gc-op id="619" type="compact" timems="1.172" contextid="613" timestamp="2019-06-16T21:51:50.559">
  <compact-info movecount="0" movebytes="0" />
  <remembered-set-cleared processed="45550" cleared="3681" durationms="0.287" />
</gc-op>
<gc-end id="620" type="partial gc" contextid="613" durationms="13.243" usertimems="16.000" systemtimems="0.000" timestamp="2019-06-16T21:51:50.559" activeThreads="4">
  <mem-info id="621" free="24117248" total="66060288" percent="36">
    <mem type="eden" free="1041528" total="2097152" percent="49" />
    <arraylet-primitive objects="1" leaves="1" largest="1" />
    <remembered-set count="26208" freebytes="2532096" totalbytes="2636928" percent="96" regionsoverflowed="0" regionsstable="0" regionsrebuilding="0"/>
  </mem-info>
</gc-end>
<cycle-end id="622" type="partial gc" contextid="613" timestamp="2019-06-16T21:51:50.559" />
  <attribute name="elasticGC enabled" value="1" />
  <attribute name= "numThreadsSpecified" value="4" />
  <attribute name="heapSize specified" value="0" />
  <attribute name="Current GC Util" value="0" />
  <attribute name= "Current Time Running" value="46903" />
  <attribute name ="GC Interval" value="0" />
  <attribute name="ProportionalT" value="-10.000000" />
  <attribute name="ProportionalI" value="-10.000000" />
  <attribute name="ProportionalH" value="-10.000000" />
  <attribute name="Current Error" value="-20.000000" />
  <attribute name="IntegralT" value="-100.000000" />
  <attribute name="IntegralI" value="-100.000000" />
  <attribute name="IntegralH" value="-100.000000" />
  <attribute name="DerivativeT" value="-7.700000" />
  <attribute name="DerivativeI" value="-7.700000" />
  <attribute name="DerivativeH" value="-7.700000" />
  <attribute name="Loop Time for DT" value="10.000000" />
  <attribute name="Output H" value="2091843584"/>
  <attribute name="Output I" value="200"/>
  <attribute name="Output T" value="4"/>
  <attribute name="Target GC Util Change" value ="20.000000" />
  <attribute name="Current GC Util Change" value="0.000000"/>
  <attribute name="GC Util currently" value="0" />
  <attribute name="CPU Util currently" value="447720857239" />
<exclusive-end id="623" timestamp="2019-06-16T21:51:50.559" durationms="14.274" />

<exclusive-start id="624" timestamp="2019-06-16T21:51:50.680" intervalms="134.901">
  <response-info timems="0.092" idlems="0.092" threads="0" lastid="0000000001AFD700" lastname="main" />
</exclusive-start>
<allocation-taxation id="625" taxation-threshold="23068672" timestamp="2019-06-16T21:51:50.680" intervalms="134.905" />
<cycle-start id="626" type="partial gc" contextid="0" timestamp="2019-06-16T21:51:50.680" intervalms="134.881" />
<gc-start id="627" type="partial gc" contextid="626" timestamp="2019-06-16T21:51:50.681">
  <mem-info id="628" free="1048576" total="66060288" percent="1">
    <mem type="eden" free="0" total="23068672" percent="0" />
    <arraylet-primitive objects="1" leaves="1" largest="1" />
    <remembered-set count="26208" freebytes="2532096" totalbytes="2636928" percent="96" regionsoverflowed="0" regionsstable="0" regionsrebuilding="0"/>
  </mem-info>
</gc-start>
<allocation-stats totalBytes="23036536" >
  <allocated-bytes non-tlh="0" tlh="23036536" arrayletleaf="0"/>
  <largest-consumer threadName="main" threadId="0000000001AFD700" bytes="23036536" />
</allocation-stats>
<gc-op id="629" type="copy forward" timems="8.936" contextid="626" timestamp="2019-06-16T21:51:50.690">
  <memory-copied type="eden" objects="47264" bytes="1216432" bytesdiscarded="0" />
  <memory-copied type="other" objects="41532" bytes="1018832" bytesdiscarded="0" />
  <memory-cardclean objects="787" bytes="25696" />
  <regions eden="22" other="3" />
  <remembered-set-cleared processed="23005" cleared="2661" durationms="0.288" />
  <references type="soft" candidates="1" cleared="0" enqueued="0" dynamicThreshold="11" maxThreshold="32" />
  <stringconstants candidates="13296" cleared="0"  />
  <heap-resize type="expand" space="default" amount="3145728" count="3" timems="0.167" reason="continue current collection" />
</gc-op>
<gc-op id="630" type="classunload" timems="0.008" contextid="626" timestamp="2019-06-16T21:51:50.690">
  <classunload-info classloadercandidates="55" classloadersunloaded="0" classesunloaded="0" anonymousclassesunloaded="0" quiescems="0.000" setupms="0.007" scanms="0.000" postms="0.000" />
</gc-op>
<gc-op id="631" type="compact" timems="1.577" contextid="626" timestamp="2019-06-16T21:51:50.692">
  <compact-info movecount="2793" movebytes="120792" />
  <remembered-set-cleared processed="47233" cleared="7909" durationms="0.288" />
</gc-op>
<gc-end id="632" type="partial gc" contextid="626" durationms="11.980" usertimems="16.000" systemtimems="0.000" timestamp="2019-06-16T21:51:50.693" activeThreads="4">
  <mem-info id="633" free="28311552" total="69206016" percent="40">
    <mem type="eden" free="880720" total="2097152" percent="41" />
    <arraylet-primitive objects="1" leaves="1" largest="1" />
    <remembered-set count="26880" freebytes="2654976" totalbytes="2762496" percent="96" regionsoverflowed="0" regionsstable="0" regionsrebuilding="0"/>
  </mem-info>
</gc-end>
<cycle-end id="634" type="partial gc" contextid="626" timestamp="2019-06-16T21:51:50.693" />
  <attribute name="elasticGC enabled" value="1" />
  <attribute name= "numThreadsSpecified" value="4" />
  <attribute name="heapSize specified" value="0" />
  <attribute name="Current GC Util" value="0" />
  <attribute name= "Current Time Running" value="47037" />
  <attribute name ="GC Interval" value="0" />
  <attribute name="ProportionalT" value="-10.000000" />
  <attribute name="ProportionalI" value="-10.000000" />
  <attribute name="ProportionalH" value="-10.000000" />
  <attribute name="Current Error" value="-20.000000" />
  <attribute name="IntegralT" value="-100.000000" />
  <attribute name="IntegralI" value="-100.000000" />
  <attribute name="IntegralH" value="-100.000000" />
  <attribute name="DerivativeT" value="-8.800000" />
  <attribute name="DerivativeI" value="-8.800000" />
  <attribute name="DerivativeH" value="-8.800000" />
  <attribute name="Loop Time for DT" value="10.000000" />
  <attribute name="Output H" value="2091843584"/>
  <attribute name="Output I" value="200"/>
  <attribute name="Output T" value="4"/>
  <attribute name="Target GC Util Change" value ="20.000000" />
  <attribute name="Current GC Util Change" value="0.000000"/>
  <attribute name="GC Util currently" value="0" />
  <attribute name="CPU Util currently" value="485389845399" />
<exclusive-end id="635" timestamp="2019-06-16T21:51:50.693" durationms="12.990" />

<exclusive-start id="636" timestamp="2019-06-16T21:51:50.757" intervalms="77.503">
  <response-info timems="0.028" idlems="0.028" threads="0" lastid="0000000001AFD700" lastname="main" />
</exclusive-start>
<allocation-taxation id="637" taxation-threshold="24117248" timestamp="2019-06-16T21:51:50.758" intervalms="77.508" />
<cycle-start id="638" type="partial gc" contextid="0" timestamp="2019-06-16T21:51:50.758" intervalms="77.508" />
<gc-start id="639" type="partial gc" contextid="638" timestamp="2019-06-16T21:51:50.758">
  <mem-info id="640" free="4194304" total="69206016" percent="6">
    <mem type="eden" free="0" total="24117248" percent="0" />
    <arraylet-primitive objects="1" leaves="1" largest="1" />
    <remembered-set count="26464" freebytes="2656640" totalbytes="2762496" percent="96" regionsoverflowed="0" regionsstable="0" regionsrebuilding="0"/>
  </mem-info>
</gc-start>
<allocation-stats totalBytes="24087600" >
  <allocated-bytes non-tlh="0" tlh="24087600" arrayletleaf="0"/>
  <largest-consumer threadName="main" threadId="0000000001AFD700" bytes="24087600" />
</allocation-stats>
<gc-op id="641" type="copy forward" timems="11.485" contextid="638" timestamp="2019-06-16T21:51:50.771">
  <memory-copied type="eden" objects="49781" bytes="1304520" bytesdiscarded="16" />
  <memory-copied type="other" objects="52598" bytes="1407800" bytesdiscarded="56" />
  <memory-cardclean objects="5983" bytes="224336" />
  <regions eden="23" other="6" />
  <remembered-set-cleared processed="22094" cleared="7187" durationms="0.330" />
  <references type="soft" candidates="116" cleared="0" enqueued="0" dynamicThreshold="13" maxThreshold="32" />
  <references type="weak" candidates="510" cleared="0" enqueued="0" />
  <stringconstants candidates="13296" cleared="0"  />
  <heap-resize type="expand" space="default" amount="1048576" count="1" timems="0.078" reason="continue current collection" />
</gc-op>
<gc-op id="642" type="classunload" timems="0.007" contextid="638" timestamp="2019-06-16T21:51:50.771">
  <classunload-info classloadercandidates="55" classloadersunloaded="0" classesunloaded="0" anonymousclassesunloaded="0" quiescems="0.000" setupms="0.007" scanms="0.000" postms="0.000" />
</gc-op>
<gc-end id="643" type="partial gc" contextid="638" durationms="12.775" usertimems="12.000" systemtimems="0.000" timestamp="2019-06-16T21:51:50.771" activeThreads="1">
  <mem-info id="644" free="30408704" total="70254592" percent="43">
    <mem type="eden" free="792616" total="2097152" percent="37" />
    <arraylet-primitive objects="1" leaves="1" largest="1" />
    <remembered-set count="28960" freebytes="2688512" totalbytes="2804352" percent="95" regionsoverflowed="0" regionsstable="0" regionsrebuilding="0"/>
  </mem-info>
</gc-end>
<cycle-end id="645" type="partial gc" contextid="638" timestamp="2019-06-16T21:51:50.771" />
  <attribute name="elasticGC enabled" value="1" />
  <attribute name= "numThreadsSpecified" value="1" />
  <attribute name="heapSize specified" value="0" />
  <attribute name="Current GC Util" value="70" />
  <attribute name= "Current Time Running" value="47105" />
  <attribute name ="GC Interval" value="0" />
  <attribute name="ProportionalT" value="25.000000" />
  <attribute name="ProportionalI" value="25.000000" />
  <attribute name="ProportionalH" value="25.000000" />
  <attribute name="Current Error" value="50.000000" />
  <attribute name="IntegralT" value="0.000000" />
  <attribute name="IntegralI" value="0.000000" />
  <attribute name="IntegralH" value="0.000000" />
  <attribute name="DerivativeT" value="inf" />
  <attribute name="DerivativeI" value="inf" />
  <attribute name="DerivativeH" value="inf" />
  <attribute name="Loop Time for DT" value="0.000000" />
  <attribute name="Output H" value="8388608"/>
  <attribute name="Output I" value="200"/>
  <attribute name="Output T" value="1"/>
  <attribute name="Target GC Util Change" value ="20.000000" />
  <attribute name="Current GC Util Change" value="70.000000"/>
  <attribute name="GC Util currently" value="70" />
  <attribute name="CPU Util currently" value="17354781199735" />
<exclusive-end id="646" timestamp="2019-06-16T21:51:50.771" durationms="13.918" />

<exclusive-start id="647" timestamp="2019-06-16T21:51:50.825" intervalms="67.723">
  <response-info timems="0.106" idlems="0.106" threads="0" lastid="0000000001AFD700" lastname="main" />
</exclusive-start>
<allocation-taxation id="648" taxation-threshold="24117248" timestamp="2019-06-16T21:51:50.825" intervalms="67.729" />
<cycle-start id="649" type="partial gc" contextid="0" timestamp="2019-06-16T21:51:50.826" intervalms="67.794" />
<gc-start id="650" type="partial gc" contextid="649" timestamp="2019-06-16T21:51:50.826">
  <mem-info id="651" free="6291456" total="70254592" percent="8">
    <mem type="eden" free="0" total="24117248" percent="0" />
    <arraylet-primitive objects="1" leaves="1" largest="1" />
    <remembered-set count="28512" freebytes="2690304" totalbytes="2804352" percent="95" regionsoverflowed="0" regionsstable="0" regionsrebuilding="0"/>
  </mem-info>
</gc-start>
<allocation-stats totalBytes="24093528" >
  <allocated-bytes non-tlh="65544" tlh="24027984" arrayletleaf="0"/>
  <largest-consumer threadName="main" threadId="0000000001AFD700" bytes="24093528" />
</allocation-stats>
<gc-op id="652" type="copy forward" timems="3.951" contextid="649" timestamp="2019-06-16T21:51:50.831">
  <memory-copied type="eden" objects="51030" bytes="1314656" bytesdiscarded="30280" />
  <memory-copied type="other" objects="54067" bytes="1476032" bytesdiscarded="51648" />
  <memory-cardclean objects="6773" bytes="258064" />
  <regions eden="23" other="5" />
  <remembered-set-cleared processed="24542" cleared="5832" durationms="0.151" />
  <references type="soft" candidates="240" cleared="0" enqueued="0" dynamicThreshold="13" maxThreshold="32" />
  <references type="weak" candidates="223" cleared="0" enqueued="0" />
  <stringconstants candidates="13296" cleared="0"  />
</gc-op>
<gc-op id="653" type="classunload" timems="0.007" contextid="649" timestamp="2019-06-16T21:51:50.831">
  <classunload-info classloadercandidates="55" classloadersunloaded="0" classesunloaded="0" anonymousclassesunloaded="0" quiescems="0.000" setupms="0.006" scanms="0.000" postms="0.000" />
</gc-op>
<heap-resize id="654" type="expand" space="default" amount="12582912" count="1" timems="0.116" reason="excessive time being spent in gc" timestamp="2019-06-16T21:51:50.831" />
<gc-end id="655" type="partial gc" contextid="649" durationms="5.243" usertimems="12.000" systemtimems="0.000" timestamp="2019-06-16T21:51:50.831" activeThreads="4">
  <mem-info id="656" free="42991616" total="82837504" percent="51">
    <mem type="eden" free="752216" total="2097152" percent="35" />
    <arraylet-primitive objects="1" leaves="1" largest="1" />
    <remembered-set count="32288" freebytes="3177472" totalbytes="3306624" percent="96" regionsoverflowed="0" regionsstable="0" regionsrebuilding="0"/>
  </mem-info>
</gc-end>
<cycle-end id="657" type="partial gc" contextid="649" timestamp="2019-06-16T21:51:50.831" />
  <attribute name="elasticGC enabled" value="1" />
  <attribute name= "numThreadsSpecified" value="4" />
  <attribute name="heapSize specified" value="0" />
  <attribute name="Current GC Util" value="82" />
  <attribute name= "Current Time Running" value="47173" />
  <attribute name ="GC Interval" value="0" />
  <attribute name="ProportionalT" value="31.000000" />
  <attribute name="ProportionalI" value="31.000000" />
  <attribute name="ProportionalH" value="31.000000" />
  <attribute name="Current Error" value="62.000000" />
  <attribute name="IntegralT" value="31.000000" />
  <attribute name="IntegralI" value="31.000000" />
  <attribute name="IntegralH" value="31.000000" />
  <attribute name="DerivativeT" value="62.000000" />
  <attribute name="DerivativeI" value="62.000000" />
  <attribute name="DerivativeH" value="62.000000" />
  <attribute name="Loop Time for DT" value="1.000000" />
  <attribute name="Output H" value="8388608"/>
  <attribute name="Output I" value="200"/>
  <attribute name="Output T" value="4"/>
  <attribute name="Target GC Util Change" value ="20.000000" />
  <attribute name="Current GC Util Change" value="82.000000"/>
  <attribute name="GC Util currently" value="82" />
  <attribute name="CPU Util currently" value="18643319189088" />
<exclusive-end id="658" timestamp="2019-06-16T21:51:50.832" durationms="6.400" />

<exclusive-start id="659" timestamp="2019-06-16T21:51:50.887" intervalms="61.880">
  <response-info timems="0.326" idlems="0.326" threads="0" lastid="0000000001AFD700" lastname="main" />
</exclusive-start>
<allocation-taxation id="660" taxation-threshold="27262976" timestamp="2019-06-16T21:51:50.887" intervalms="61.854" />
<cycle-start id="661" type="partial gc" contextid="0" timestamp="2019-06-16T21:51:50.887" intervalms="61.844" />
<gc-start id="662" type="partial gc" contextid="661" timestamp="2019-06-16T21:51:50.888">
  <mem-info id="663" free="15728640" total="82837504" percent="18">
    <mem type="eden" free="0" total="27262976" percent="0" />
    <arraylet-primitive objects="1" leaves="1" largest="1" />
    <remembered-set count="31936" freebytes="3178880" totalbytes="3306624" percent="96" regionsoverflowed="0" regionsstable="0" regionsrebuilding="0"/>
  </mem-info>
</gc-start>
<allocation-stats totalBytes="27236888" >
  <allocated-bytes non-tlh="0" tlh="27236888" arrayletleaf="0"/>
  <largest-consumer threadName="main" threadId="0000000001AFD700" bytes="27236888" />
</allocation-stats>
<gc-op id="664" type="copy forward" timems="11.320" contextid="661" timestamp="2019-06-16T21:51:50.900">
  <memory-copied type="eden" objects="55554" bytes="1366168" bytesdiscarded="0" />
  <memory-copied type="other" objects="53590" bytes="1544824" bytesdiscarded="328" />
  <memory-cardclean objects="8178" bytes="356984" />
  <regions eden="26" other="5" />
  <remembered-set-cleared processed="27794" cleared="5718" durationms="0.337" />
  <finalization candidates="1" enqueued="0" />
  <references type="soft" candidates="81" cleared="0" enqueued="0" dynamicThreshold="16" maxThreshold="32" />
  <references type="weak" candidates="60" cleared="0" enqueued="0" />
  <references type="phantom" candidates="2" cleared="0" enqueued="0" />
  <stringconstants candidates="13296" cleared="0"  />
</gc-op>
<gc-op id="665" type="classunload" timems="0.006" contextid="661" timestamp="2019-06-16T21:51:50.900">
  <classunload-info classloadercandidates="55" classloadersunloaded="0" classesunloaded="0" anonymousclassesunloaded="0" quiescems="0.000" setupms="0.006" scanms="0.000" postms="0.000" />
</gc-op>
<heap-resize id="666" type="expand" space="default" amount="14680064" count="1" timems="0.125" reason="excessive time being spent in gc" timestamp="2019-06-16T21:51:50.900" />
<gc-end id="667" type="partial gc" contextid="661" durationms="12.654" usertimems="12.000" systemtimems="0.000" timestamp="2019-06-16T21:51:50.900" activeThreads="1">
  <mem-info id="668" free="57671680" total="97517568" percent="59">
    <mem type="eden" free="730984" total="2097152" percent="34" />
    <arraylet-primitive objects="1" leaves="1" largest="1" />
    <remembered-set count="35040" freebytes="3752448" totalbytes="3892608" percent="96" regionsoverflowed="0" regionsstable="0" regionsrebuilding="0"/>
  </mem-info>
</gc-end>
<cycle-end id="669" type="partial gc" contextid="661" timestamp="2019-06-16T21:51:50.901" />
  <attribute name="elasticGC enabled" value="1" />
  <attribute name= "numThreadsSpecified" value="1" />
  <attribute name="heapSize specified" value="0" />
  <attribute name="Current GC Util" value="69" />
  <attribute name= "Current Time Running" value="47234" />
  <attribute name ="GC Interval" value="0" />
  <attribute name="ProportionalT" value="24.500000" />
  <attribute name="ProportionalI" value="24.500000" />
  <attribute name="ProportionalH" value="24.500000" />
  <attribute name="Current Error" value="49.000000" />
  <attribute name="IntegralT" value="0.000000" />
  <attribute name="IntegralI" value="0.000000" />
  <attribute name="IntegralH" value="0.000000" />
  <attribute name="DerivativeT" value="inf" />
  <attribute name="DerivativeI" value="inf" />
  <attribute name="DerivativeH" value="inf" />
  <attribute name="Loop Time for DT" value="0.000000" />
  <attribute name="Output H" value="8388608"/>
  <attribute name="Output I" value="200"/>
  <attribute name="Output T" value="1"/>
  <attribute name="Target GC Util Change" value ="20.000000" />
  <attribute name="Current GC Util Change" value="69.000000"/>
  <attribute name="GC Util currently" value="69" />
  <attribute name="CPU Util currently" value="19659666835195" />
<exclusive-end id="670" timestamp="2019-06-16T21:51:50.901" durationms="13.878" />

<exclusive-start id="671" timestamp="2019-06-16T21:51:50.979" intervalms="92.119">
  <response-info timems="0.095" idlems="0.095" threads="0" lastid="0000000001AFD700" lastname="main" />
</exclusive-start>
<allocation-taxation id="672" taxation-threshold="30408704" timestamp="2019-06-16T21:51:50.979" intervalms="92.165" />
<cycle-start id="673" type="partial gc" contextid="0" timestamp="2019-06-16T21:51:50.980" intervalms="92.096" />
<gc-start id="674" type="partial gc" contextid="673" timestamp="2019-06-16T21:51:50.980">
  <mem-info id="675" free="27262976" total="97517568" percent="27">
    <mem type="eden" free="0" total="30408704" percent="0" />
    <arraylet-primitive objects="1" leaves="1" largest="1" />
    <remembered-set count="34784" freebytes="3753472" totalbytes="3892608" percent="96" regionsoverflowed="0" regionsstable="0" regionsrebuilding="0"/>
  </mem-info>
</gc-start>
<allocation-stats totalBytes="30374848" >
  <allocated-bytes non-tlh="262160" tlh="30112688" arrayletleaf="0"/>
  <largest-consumer threadName="main" threadId="0000000001AFD700" bytes="30374848" />
</allocation-stats>
<gc-op id="676" type="copy forward" timems="14.838" contextid="673" timestamp="2019-06-16T21:51:50.995">
  <memory-copied type="eden" objects="63152" bytes="1829720" bytesdiscarded="32" />
  <memory-copied type="other" objects="63278" bytes="1656688" bytesdiscarded="120" />
  <memory-cardclean objects="27070" bytes="1028712" />
  <regions eden="29" other="6" />
  <remembered-set-cleared processed="28887" cleared="10402" durationms="0.345" />
  <references type="soft" candidates="230" cleared="0" enqueued="0" dynamicThreshold="18" maxThreshold="32" />
  <references type="weak" candidates="549" cleared="0" enqueued="0" />
  <stringconstants candidates="13296" cleared="0"  />
</gc-op>
<gc-op id="677" type="classunload" timems="0.009" contextid="673" timestamp="2019-06-16T21:51:50.995">
  <classunload-info classloadercandidates="55" classloadersunloaded="0" classesunloaded="0" anonymousclassesunloaded="0" quiescems="0.000" setupms="0.009" scanms="0.000" postms="0.000" />
</gc-op>
<heap-resize id="678" type="expand" space="default" amount="2097152" count="1" timems="0.072" reason="excessive time being spent in gc" timestamp="2019-06-16T21:51:50.996" />
<gc-end id="679" type="partial gc" contextid="673" durationms="16.131" usertimems="32.000" systemtimems="0.000" timestamp="2019-06-16T21:51:50.996" activeThreads="1">
  <mem-info id="680" free="59768832" total="99614720" percent="60">
    <mem type="eden" free="267400" total="2097152" percent="12" />
    <arraylet-primitive objects="1" leaves="1" largest="1" />
    <remembered-set count="39808" freebytes="3817088" totalbytes="3976320" percent="95" regionsoverflowed="0" regionsstable="0" regionsrebuilding="0"/>
  </mem-info>
</gc-end>
<cycle-end id="681" type="partial gc" contextid="673" timestamp="2019-06-16T21:51:50.996" />
  <attribute name="elasticGC enabled" value="1" />
  <attribute name= "numThreadsSpecified" value="1" />
  <attribute name="heapSize specified" value="0" />
  <attribute name="Current GC Util" value="85" />
  <attribute name= "Current Time Running" value="47326" />
  <attribute name ="GC Interval" value="0" />
  <attribute name="ProportionalT" value="32.500000" />
  <attribute name="ProportionalI" value="32.500000" />
  <attribute name="ProportionalH" value="32.500000" />
  <attribute name="Current Error" value="65.000000" />
  <attribute name="IntegralT" value="0.000000" />
  <attribute name="IntegralI" value="0.000000" />
  <attribute name="IntegralH" value="0.000000" />
  <attribute name="DerivativeT" value="inf" />
  <attribute name="DerivativeI" value="inf" />
  <attribute name="DerivativeH" value="inf" />
  <attribute name="Loop Time for DT" value="0.000000" />
  <attribute name="Output H" value="8388608"/>
  <attribute name="Output I" value="200"/>
  <attribute name="Output T" value="1"/>
  <attribute name="Target GC Util Change" value ="20.000000" />
  <attribute name="Current GC Util Change" value="85.000000"/>
  <attribute name="GC Util currently" value="85" />
  <attribute name="CPU Util currently" value="19399655086723" />
<exclusive-end id="682" timestamp="2019-06-16T21:51:50.996" durationms="17.195" />

<exclusive-start id="683" timestamp="2019-06-16T21:51:51.062" intervalms="82.625">
  <response-info timems="0.058" idlems="0.058" threads="0" lastid="0000000001AFD700" lastname="main" />
</exclusive-start>
<allocation-taxation id="684" taxation-threshold="31457280" timestamp="2019-06-16T21:51:51.062" intervalms="82.552" />
<cycle-start id="685" type="partial gc" contextid="0" timestamp="2019-06-16T21:51:51.062" intervalms="82.575" />
<gc-start id="686" type="partial gc" contextid="685" timestamp="2019-06-16T21:51:51.063">
  <mem-info id="687" free="28311552" total="99614720" percent="28">
    <mem type="eden" free="0" total="31457280" percent="0" />
    <arraylet-primitive objects="1" leaves="1" largest="1" />
    <remembered-set count="39680" freebytes="3817600" totalbytes="3976320" percent="96" regionsoverflowed="0" regionsstable="0" regionsrebuilding="0"/>
  </mem-info>
</gc-start>
<allocation-stats totalBytes="31428840" >
  <allocated-bytes non-tlh="0" tlh="31428840" arrayletleaf="0"/>
  <largest-consumer threadName="main" threadId="0000000001AFD700" bytes="31428840" />
</allocation-stats>
<gc-op id="688" type="copy forward" timems="14.671" contextid="685" timestamp="2019-06-16T21:51:51.078">
  <memory-copied type="eden" objects="65162" bytes="1634840" bytesdiscarded="0" />
  <memory-copied type="other" objects="68868" bytes="2083000" bytesdiscarded="88" />
  <memory-cardclean objects="20498" bytes="778272" />
  <regions eden="30" other="5" />
  <remembered-set-cleared processed="34213" cleared="9989" durationms="0.424" />
  <finalization candidates="3" enqueued="0" />
  <references type="soft" candidates="137" cleared="0" enqueued="0" dynamicThreshold="19" maxThreshold="32" />
  <references type="weak" candidates="370" cleared="0" enqueued="0" />
  <references type="phantom" candidates="1" cleared="0" enqueued="0" />
  <stringconstants candidates="13296" cleared="11"  />
</gc-op>
<gc-op id="689" type="classunload" timems="0.007" contextid="685" timestamp="2019-06-16T21:51:51.078">
  <classunload-info classloadercandidates="55" classloadersunloaded="0" classesunloaded="0" anonymousclassesunloaded="0" quiescems="0.000" setupms="0.007" scanms="0.000" postms="0.000" />
</gc-op>
<heap-resize id="690" type="expand" space="default" amount="5242880" count="1" timems="0.077" reason="excessive time being spent in gc" timestamp="2019-06-16T21:51:51.079" />
<gc-end id="691" type="partial gc" contextid="685" durationms="16.180" usertimems="16.000" systemtimems="0.000" timestamp="2019-06-16T21:51:51.079" activeThreads="1">
  <mem-info id="692" free="62914560" total="104857600" percent="60">
    <mem type="eden" free="462312" total="2097152" percent="22" />
    <arraylet-primitive objects="1" leaves="1" largest="1" />
    <remembered-set count="43456" freebytes="4011776" totalbytes="4185600" percent="95" regionsoverflowed="0" regionsstable="0" regionsrebuilding="0"/>
  </mem-info>
</gc-end>
<cycle-end id="693" type="partial gc" contextid="685" timestamp="2019-06-16T21:51:51.079" />
  <attribute name="elasticGC enabled" value="1" />
  <attribute name= "numThreadsSpecified" value="1" />
  <attribute name="heapSize specified" value="0" />
  <attribute name="Current GC Util" value="65" />
  <attribute name= "Current Time Running" value="47409" />
  <attribute name ="GC Interval" value="0" />
  <attribute name="ProportionalT" value="22.500000" />
  <attribute name="ProportionalI" value="22.500000" />
  <attribute name="ProportionalH" value="22.500000" />
  <attribute name="Current Error" value="45.000000" />
  <attribute name="IntegralT" value="0.000000" />
  <attribute name="IntegralI" value="0.000000" />
  <attribute name="IntegralH" value="0.000000" />
  <attribute name="DerivativeT" value="inf" />
  <attribute name="DerivativeI" value="inf" />
  <attribute name="DerivativeH" value="inf" />
  <attribute name="Loop Time for DT" value="0.000000" />
  <attribute name="Output H" value="8388608"/>
  <attribute name="Output I" value="200"/>
  <attribute name="Output T" value="1"/>
  <attribute name="Target GC Util Change" value ="20.000000" />
  <attribute name="Current GC Util Change" value="65.000000"/>
  <attribute name="GC Util currently" value="65" />
  <attribute name="CPU Util currently" value="14662103280156" />
<exclusive-end id="694" timestamp="2019-06-16T21:51:51.079" durationms="17.327" />

<exclusive-start id="695" timestamp="2019-06-16T21:51:51.199" intervalms="136.721">
  <response-info timems="0.050" idlems="0.050" threads="0" lastid="0000000001AFD700" lastname="main" />
</exclusive-start>
<allocation-taxation id="696" taxation-threshold="32505856" timestamp="2019-06-16T21:51:51.199" intervalms="136.716" />
<cycle-start id="697" type="partial gc" contextid="0" timestamp="2019-06-16T21:51:51.199" intervalms="136.707" />
<gc-start id="698" type="partial gc" contextid="697" timestamp="2019-06-16T21:51:51.199">
  <mem-info id="699" free="30408704" total="104857600" percent="29">
    <mem type="eden" free="0" total="32505856" percent="0" />
    <arraylet-primitive objects="2" leaves="2" largest="1" />
    <remembered-set count="43232" freebytes="4012672" totalbytes="4185600" percent="95" regionsoverflowed="0" regionsstable="0" regionsrebuilding="0"/>
  </mem-info>
</gc-start>
<allocation-stats totalBytes="32489088" >
  <allocated-bytes non-tlh="760960" tlh="30679552" arrayletleaf="1048576"/>
  <largest-consumer threadName="main" threadId="0000000001AFD700" bytes="32489088" />
</allocation-stats>
<gc-op id="700" type="copy forward" timems="15.224" contextid="697" timestamp="2019-06-16T21:51:51.215">
  <memory-copied type="eden" objects="70686" bytes="1858916" bytesdiscarded="16" />
  <memory-copied type="other" objects="70971" bytes="1867352" bytesdiscarded="504" />
  <memory-cardclean objects="12989" bytes="639624" />
  <regions eden="30" other="5" />
  <remembered-set-cleared processed="38158" cleared="8199" durationms="0.438" />
  <finalization candidates="1" enqueued="1" />
  <references type="soft" candidates="86" cleared="0" enqueued="0" dynamicThreshold="19" maxThreshold="32" />
  <references type="weak" candidates="502" cleared="0" enqueued="0" />
  <stringconstants candidates="13285" cleared="0"  />
</gc-op>
<gc-op id="701" type="classunload" timems="0.008" contextid="697" timestamp="2019-06-16T21:51:51.215">
  <classunload-info classloadercandidates="55" classloadersunloaded="0" classesunloaded="0" anonymousclassesunloaded="0" quiescems="0.000" setupms="0.008" scanms="0.000" postms="0.000" />
</gc-op>
<heap-resize id="702" type="expand" space="default" amount="5242880" count="1" timems="0.098" reason="excessive time being spent in gc" timestamp="2019-06-16T21:51:51.216" />
<gc-end id="703" type="partial gc" contextid="697" durationms="16.739" usertimems="16.000" systemtimems="0.000" timestamp="2019-06-16T21:51:51.216" activeThreads="1">
  <mem-info id="704" free="66060288" total="110100480" percent="60">
    <mem type="eden" free="238192" total="3145728" percent="7" />
    <arraylet-primitive objects="2" leaves="2" largest="1" />
    <pending-finalizers system="0" default="1" reference="0" classloader="0" />
    <remembered-set count="46432" freebytes="4209152" totalbytes="4394880" percent="95" regionsoverflowed="0" regionsstable="0" regionsrebuilding="0"/>
  </mem-info>
</gc-end>
<cycle-end id="705" type="partial gc" contextid="697" timestamp="2019-06-16T21:51:51.216" />
  <attribute name="elasticGC enabled" value="1" />
  <attribute name= "numThreadsSpecified" value="1" />
  <attribute name="heapSize specified" value="0" />
  <attribute name="Current GC Util" value="69" />
  <attribute name= "Current Time Running" value="47546" />
  <attribute name ="GC Interval" value="0" />
  <attribute name="ProportionalT" value="24.500000" />
  <attribute name="ProportionalI" value="24.500000" />
  <attribute name="ProportionalH" value="24.500000" />
  <attribute name="Current Error" value="49.000000" />
  <attribute name="IntegralT" value="0.000000" />
  <attribute name="IntegralI" value="0.000000" />
  <attribute name="IntegralH" value="0.000000" />
  <attribute name="DerivativeT" value="inf" />
  <attribute name="DerivativeI" value="inf" />
  <attribute name="DerivativeH" value="inf" />
  <attribute name="Loop Time for DT" value="0.000000" />
  <attribute name="Output H" value="8388608"/>
  <attribute name="Output I" value="200"/>
  <attribute name="Output T" value="1"/>
  <attribute name="Target GC Util Change" value ="20.000000" />
  <attribute name="Current GC Util Change" value="69.000000"/>
  <attribute name="GC Util currently" value="69" />
  <attribute name="CPU Util currently" value="13942653476095" />
<exclusive-end id="706" timestamp="2019-06-16T21:51:51.216" durationms="17.840" />

<exclusive-start id="707" timestamp="2019-06-16T21:51:51.454" intervalms="255.064">
  <response-info timems="0.219" idlems="0.219" threads="0" lastid="0000000001AFD700" lastname="main" />
</exclusive-start>
<allocation-taxation id="708" taxation-threshold="33554432" timestamp="2019-06-16T21:51:51.454" intervalms="255.080" />
<cycle-start id="709" type="partial gc" contextid="0" timestamp="2019-06-16T21:51:51.454" intervalms="255.256" />
<gc-start id="710" type="partial gc" contextid="709" timestamp="2019-06-16T21:51:51.454">
  <mem-info id="711" free="32505856" total="110100480" percent="29">
    <mem type="eden" free="0" total="33554432" percent="0" />
    <arraylet-primitive objects="2" leaves="2" largest="1" />
    <remembered-set count="46304" freebytes="4209664" totalbytes="4394880" percent="95" regionsoverflowed="0" regionsstable="0" regionsrebuilding="0"/>
  </mem-info>
</gc-start>
<allocation-stats totalBytes="33551416" >
  <allocated-bytes non-tlh="149376" tlh="33402040" arrayletleaf="0"/>
  <largest-consumer threadName="main" threadId="0000000001AFD700" bytes="33551416" />
</allocation-stats>
<gc-op id="712" type="copy forward" timems="15.454" contextid="709" timestamp="2019-06-16T21:51:51.471">
  <memory-copied type="eden" objects="41691" bytes="1125000" bytesdiscarded="264" />
  <memory-copied type="other" objects="114470" bytes="3155832" bytesdiscarded="736" />
  <memory-cardclean objects="21985" bytes="793192" />
  <regions eden="32" other="6" />
  <remembered-set-cleared processed="41233" cleared="9896" durationms="0.431" />
  <references type="soft" candidates="2235" cleared="0" enqueued="0" dynamicThreshold="19" maxThreshold="32" />
  <references type="weak" candidates="316" cleared="0" enqueued="0" />
  <references type="phantom" candidates="3" cleared="0" enqueued="0" />
  <stringconstants candidates="13744" cleared="5"  />
</gc-op>
<gc-op id="713" type="classunload" timems="0.008" contextid="709" timestamp="2019-06-16T21:51:51.471">
  <classunload-info classloadercandidates="55" classloadersunloaded="0" classesunloaded="0" anonymousclassesunloaded="0" quiescems="0.000" setupms="0.008" scanms="0.000" postms="0.000" />
</gc-op>
<gc-end id="714" type="partial gc" contextid="709" durationms="16.690" usertimems="20.000" systemtimems="0.000" timestamp="2019-06-16T21:51:51.471" activeThreads="1">
  <mem-info id="715" free="66060288" total="110100480" percent="60">
    <mem type="eden" free="971848" total="2097152" percent="46" />
    <arraylet-primitive objects="1" leaves="1" largest="1" />
    <remembered-set count="49408" freebytes="4197248" totalbytes="4394880" percent="95" regionsoverflowed="0" regionsstable="0" regionsrebuilding="0"/>
  </mem-info>
</gc-end>
<cycle-end id="716" type="partial gc" contextid="709" timestamp="2019-06-16T21:51:51.471" />
  <attribute name="elasticGC enabled" value="1" />
  <attribute name= "numThreadsSpecified" value="1" />
  <attribute name="heapSize specified" value="0" />
  <attribute name="Current GC Util" value="94" />
  <attribute name= "Current Time Running" value="47801" />
  <attribute name ="GC Interval" value="0" />
  <attribute name="ProportionalT" value="37.000000" />
  <attribute name="ProportionalI" value="37.000000" />
  <attribute name="ProportionalH" value="37.000000" />
  <attribute name="Current Error" value="74.000000" />
  <attribute name="IntegralT" value="0.000000" />
  <attribute name="IntegralI" value="0.000000" />
  <attribute name="IntegralH" value="0.000000" />
  <attribute name="DerivativeT" value="inf" />
  <attribute name="DerivativeI" value="inf" />
  <attribute name="DerivativeH" value="inf" />
  <attribute name="Loop Time for DT" value="0.000000" />
  <attribute name="Output H" value="8388608"/>
  <attribute name="Output I" value="200"/>
  <attribute name="Output T" value="1"/>
  <attribute name="Target GC Util Change" value ="20.000000" />
  <attribute name="Current GC Util Change" value="94.000000"/>
  <attribute name="GC Util currently" value="94" />
  <attribute name="CPU Util currently" value="19862717423644" />
<exclusive-end id="717" timestamp="2019-06-16T21:51:51.472" durationms="18.023" />

<exclusive-start id="718" timestamp="2019-06-16T21:51:52.357" intervalms="903.076">
  <response-info timems="0.029" idlems="0.029" threads="0" lastid="0000000001AFD700" lastname="main" />
</exclusive-start>
<allocation-taxation id="719" taxation-threshold="33554432" timestamp="2019-06-16T21:51:52.357" intervalms="903.124" />
<cycle-start id="720" type="partial gc" contextid="0" timestamp="2019-06-16T21:51:52.357" intervalms="903.036" />
<gc-start id="721" type="partial gc" contextid="720" timestamp="2019-06-16T21:51:52.358">
  <mem-info id="722" free="32505856" total="110100480" percent="29">
    <mem type="eden" free="0" total="33554432" percent="0" />
    <arraylet-primitive objects="1" leaves="1" largest="1" />
    <remembered-set count="49344" freebytes="4197504" totalbytes="4394880" percent="95" regionsoverflowed="0" regionsstable="0" regionsrebuilding="0"/>
  </mem-info>
</gc-start>
<allocation-stats totalBytes="33461712" >
  <allocated-bytes non-tlh="64" tlh="33461648" arrayletleaf="0"/>
  <largest-consumer threadName="main" threadId="0000000001AFD700" bytes="33461712" />
</allocation-stats>
<gc-op id="723" type="copy forward" timems="9.399" contextid="720" timestamp="2019-06-16T21:51:52.368">
  <memory-copied type="eden" objects="84" bytes="3272" bytesdiscarded="0" />
  <memory-copied type="other" objects="85656" bytes="2514920" bytesdiscarded="528" />
  <memory-cardclean objects="13997" bytes="676216" />
  <regions eden="32" other="6" />
  <remembered-set-cleared processed="43453" cleared="9741" durationms="0.472" />
  <references type="soft" candidates="2971" cleared="0" enqueued="0" dynamicThreshold="19" maxThreshold="32" />
  <references type="weak" candidates="531" cleared="0" enqueued="0" />
  <references type="phantom" candidates="2" cleared="0" enqueued="0" />
  <stringconstants candidates="13740" cleared="0"  />
</gc-op>
<gc-op id="724" type="classunload" timems="0.005" contextid="720" timestamp="2019-06-16T21:51:52.368">
  <classunload-info classloadercandidates="55" classloadersunloaded="0" classesunloaded="0" anonymousclassesunloaded="0" quiescems="0.000" setupms="0.005" scanms="0.000" postms="0.000" />
</gc-op>
<gc-end id="725" type="partial gc" contextid="720" durationms="10.728" usertimems="8.000" systemtimems="0.000" timestamp="2019-06-16T21:51:52.368" activeThreads="1">
  <mem-info id="726" free="68157440" total="110100480" percent="61">
    <mem type="eden" free="1045304" total="1048576" percent="99" />
    <remembered-set count="48480" freebytes="4200960" totalbytes="4394880" percent="95" regionsoverflowed="0" regionsstable="0" regionsrebuilding="0"/>
  </mem-info>
</gc-end>
<cycle-end id="727" type="partial gc" contextid="720" timestamp="2019-06-16T21:51:52.368" />
  <attribute name="elasticGC enabled" value="1" />
  <attribute name= "numThreadsSpecified" value="1" />
  <attribute name="heapSize specified" value="0" />
  <attribute name="Current GC Util" value="81" />
  <attribute name= "Current Time Running" value="48704" />
  <attribute name ="GC Interval" value="0" />
  <attribute name="ProportionalT" value="30.500000" />
  <attribute name="ProportionalI" value="30.500000" />
  <attribute name="ProportionalH" value="30.500000" />
  <attribute name="Current Error" value="61.000000" />
  <attribute name="IntegralT" value="0.000000" />
  <attribute name="IntegralI" value="0.000000" />
  <attribute name="IntegralH" value="0.000000" />
  <attribute name="DerivativeT" value="inf" />
  <attribute name="DerivativeI" value="inf" />
  <attribute name="DerivativeH" value="inf" />
  <attribute name="Loop Time for DT" value="0.000000" />
  <attribute name="Output H" value="8388608"/>
  <attribute name="Output I" value="200"/>
  <attribute name="Output T" value="1"/>
  <attribute name="Target GC Util Change" value ="20.000000" />
  <attribute name="Current GC Util Change" value="81.000000"/>
  <attribute name="GC Util currently" value="81" />
  <attribute name="CPU Util currently" value="15691931326332" />
<exclusive-end id="728" timestamp="2019-06-16T21:51:52.369" durationms="12.089" />

<exclusive-start id="729" timestamp="2019-06-16T21:51:52.397" intervalms="39.851">
  <response-info timems="0.065" idlems="0.065" threads="0" lastid="0000000001AFD700" lastname="main" />
</exclusive-start>
<allocation-taxation id="730" taxation-threshold="33554432" timestamp="2019-06-16T21:51:52.397" intervalms="39.838" />
<cycle-start id="731" type="partial gc" contextid="0" timestamp="2019-06-16T21:51:52.397" intervalms="39.783" />
<gc-start id="732" type="partial gc" contextid="731" timestamp="2019-06-16T21:51:52.397">
  <mem-info id="733" free="34603008" total="110100480" percent="31">
    <mem type="eden" free="0" total="33554432" percent="0" />
    <remembered-set count="48064" freebytes="4202624" totalbytes="4394880" percent="95" regionsoverflowed="0" regionsstable="0" regionsrebuilding="0"/>
  </mem-info>
</gc-start>
<allocation-stats totalBytes="33430240" >
  <allocated-bytes non-tlh="0" tlh="33430240" arrayletleaf="0"/>
  <largest-consumer threadName="main" threadId="0000000001AFD700" bytes="33430240" />
</allocation-stats>
<gc-op id="734" type="copy forward" timems="11.684" contextid="731" timestamp="2019-06-16T21:51:52.410">
  <memory-copied type="eden" objects="2" bytes="56" bytesdiscarded="0" />
  <memory-copied type="other" objects="88851" bytes="2417344" bytesdiscarded="392" />
  <memory-cardclean objects="41611" bytes="1727848" />
  <regions eden="32" other="4" />
  <remembered-set-cleared processed="38807" cleared="15891" durationms="0.447" />
  <finalization candidates="13" enqueued="0" />
  <ownableSynchronizers candidates="6" cleared="0" />
  <references type="soft" candidates="162" cleared="0" enqueued="0" dynamicThreshold="19" maxThreshold="32" />
  <references type="weak" candidates="1201" cleared="0" enqueued="0" />
  <references type="phantom" candidates="1" cleared="0" enqueued="0" />
  <stringconstants candidates="13740" cleared="8"  />
</gc-op>
<gc-op id="735" type="classunload" timems="0.007" contextid="731" timestamp="2019-06-16T21:51:52.410">
  <classunload-info classloadercandidates="55" classloadersunloaded="0" classesunloaded="0" anonymousclassesunloaded="0" quiescems="0.000" setupms="0.007" scanms="0.000" postms="0.000" />
</gc-op>
<heap-resize id="736" type="contract" space="default" amount="6291456" count="1" timems="0.229" reason="insufficient time being spent in gc" timestamp="2019-06-16T21:51:52.411" />
<gc-end id="737" type="partial gc" contextid="731" durationms="13.300" usertimems="24.000" systemtimems="0.000" timestamp="2019-06-16T21:51:52.411" activeThreads="1">
  <mem-info id="738" free="61865984" total="103809024" percent="59">
    <mem type="eden" free="1048520" total="1048576" percent="99" />
    <remembered-set count="47424" freebytes="4205184" totalbytes="4394880" percent="95" regionsoverflowed="0" regionsstable="0" regionsrebuilding="0"/>
  </mem-info>
</gc-end>
<cycle-end id="739" type="partial gc" contextid="731" timestamp="2019-06-16T21:51:52.411" />
  <attribute name="elasticGC enabled" value="1" />
  <attribute name= "numThreadsSpecified" value="1" />
  <attribute name="heapSize specified" value="0" />
  <attribute name="Current GC Util" value="96" />
  <attribute name= "Current Time Running" value="48744" />
  <attribute name ="GC Interval" value="0" />
  <attribute name="ProportionalT" value="38.000000" />
  <attribute name="ProportionalI" value="38.000000" />
  <attribute name="ProportionalH" value="38.000000" />
  <attribute name="Current Error" value="76.000000" />
  <attribute name="IntegralT" value="0.000000" />
  <attribute name="IntegralI" value="0.000000" />
  <attribute name="IntegralH" value="0.000000" />
  <attribute name="DerivativeT" value="inf" />
  <attribute name="DerivativeI" value="inf" />
  <attribute name="DerivativeH" value="inf" />
  <attribute name="Loop Time for DT" value="0.000000" />
  <attribute name="Output H" value="8388608"/>
  <attribute name="Output I" value="200"/>
  <attribute name="Output T" value="1"/>
  <attribute name="Target GC Util Change" value ="20.000000" />
  <attribute name="Current GC Util Change" value="96.000000"/>
  <attribute name="GC Util currently" value="96" />
  <attribute name="CPU Util currently" value="20753168112539" />
<exclusive-end id="740" timestamp="2019-06-16T21:51:52.411" durationms="14.645" />

<exclusive-start id="741" timestamp="2019-06-16T21:51:52.437" intervalms="40.951">
  <response-info timems="0.031" idlems="0.031" threads="0" lastid="0000000001AFD700" lastname="main" />
</exclusive-start>
<allocation-taxation id="742" taxation-threshold="32505856" timestamp="2019-06-16T21:51:52.438" intervalms="40.959" />
<cycle-start id="743" type="partial gc" contextid="0" timestamp="2019-06-16T21:51:52.438" intervalms="40.921" />
<gc-start id="744" type="partial gc" contextid="743" timestamp="2019-06-16T21:51:52.438">
  <mem-info id="745" free="29360128" total="103809024" percent="28">
    <mem type="eden" free="1048520" total="33554432" percent="3" />
    <remembered-set count="43072" freebytes="4222592" totalbytes="4394880" percent="96" regionsoverflowed="0" regionsstable="1" regionsrebuilding="0"/>
  </mem-info>
</gc-start>
<allocation-stats totalBytes="32396952" >
  <allocated-bytes non-tlh="0" tlh="32396952" arrayletleaf="0"/>
  <largest-consumer threadName="main" threadId="0000000001AFD700" bytes="32396952" />
</allocation-stats>
<gc-op id="746" type="copy forward" timems="3.959" contextid="743" timestamp="2019-06-16T21:51:52.443">
  <memory-copied type="eden" objects="2" bytes="56" bytesdiscarded="0" />
  <memory-copied type="other" objects="85771" bytes="2400840" bytesdiscarded="119576" />
  <memory-cardclean objects="35480" bytes="1329384" />
  <regions eden="31" other="4" />
  <remembered-set-cleared processed="34328" cleared="8932" durationms="0.161" />
  <references type="soft" candidates="57" cleared="0" enqueued="0" dynamicThreshold="19" maxThreshold="32" />
  <references type="weak" candidates="98" cleared="0" enqueued="0" />
  <stringconstants candidates="13732" cleared="0"  />
</gc-op>
<gc-op id="747" type="classunload" timems="0.005" contextid="743" timestamp="2019-06-16T21:51:52.443">
  <classunload-info classloadercandidates="55" classloadersunloaded="0" classesunloaded="0" anonymousclassesunloaded="0" quiescems="0.000" setupms="0.005" scanms="0.000" postms="0.000" />
</gc-op>
<heap-resize id="748" type="contract" space="default" amount="5242880" count="1" timems="0.051" reason="insufficient time being spent in gc" timestamp="2019-06-16T21:51:52.443" />
<gc-end id="749" type="partial gc" contextid="743" durationms="5.319" usertimems="12.000" systemtimems="0.000" timestamp="2019-06-16T21:51:52.443" activeThreads="4">
  <mem-info id="750" free="57671680" total="98566144" percent="58">
    <mem type="eden" free="1048520" total="1048576" percent="99" />
    <remembered-set count="40480" freebytes="3981824" totalbytes="4143744" percent="96" regionsoverflowed="0" regionsstable="1" regionsrebuilding="0"/>
  </mem-info>
</gc-end>
<cycle-end id="751" type="partial gc" contextid="743" timestamp="2019-06-16T21:51:52.444" />
  <attribute name="elasticGC enabled" value="1" />
  <attribute name= "numThreadsSpecified" value="4" />
  <attribute name="heapSize specified" value="0" />
  <attribute name="Current GC Util" value="48" />
  <attribute name= "Current Time Running" value="48785" />
  <attribute name ="GC Interval" value="0" />
  <attribute name="ProportionalT" value="14.000000" />
  <attribute name="ProportionalI" value="14.000000" />
  <attribute name="ProportionalH" value="14.000000" />
  <attribute name="Current Error" value="28.000000" />
  <attribute name="IntegralT" value="14.000000" />
  <attribute name="IntegralI" value="14.000000" />
  <attribute name="IntegralH" value="14.000000" />
  <attribute name="DerivativeT" value="16.000000" />
  <attribute name="DerivativeI" value="16.000000" />
  <attribute name="DerivativeH" value="16.000000" />
  <attribute name="Loop Time for DT" value="1.000000" />
  <attribute name="Output H" value="8388608"/>
  <attribute name="Output I" value="200"/>
  <attribute name="Output T" value="4"/>
  <attribute name="Target GC Util Change" value ="20.000000" />
  <attribute name="Current GC Util Change" value="48.000000"/>
  <attribute name="GC Util currently" value="48" />
  <attribute name="CPU Util currently" value="9068785492415" />
<exclusive-end id="752" timestamp="2019-06-16T21:51:52.444" durationms="6.241" />

<exclusive-start id="753" timestamp="2019-06-16T21:51:52.469" intervalms="31.839">
  <response-info timems="0.064" idlems="0.064" threads="0" lastid="0000000001AFD700" lastname="main" />
</exclusive-start>
<allocation-taxation id="754" taxation-threshold="31457280" timestamp="2019-06-16T21:51:52.470" intervalms="31.820" />
<cycle-start id="755" type="partial gc" contextid="0" timestamp="2019-06-16T21:51:52.470" intervalms="31.858" />
<gc-start id="756" type="partial gc" contextid="755" timestamp="2019-06-16T21:51:52.470">
  <mem-info id="757" free="26214400" total="98566144" percent="26">
    <mem type="eden" free="1048520" total="32505856" percent="3" />
    <remembered-set count="36672" freebytes="3997056" totalbytes="4143744" percent="96" regionsoverflowed="0" regionsstable="2" regionsrebuilding="0"/>
  </mem-info>
</gc-start>
<allocation-stats totalBytes="31351832" >
  <allocated-bytes non-tlh="0" tlh="31351832" arrayletleaf="0"/>
  <largest-consumer threadName="main" threadId="0000000001AFD700" bytes="31351832" />
</allocation-stats>
<gc-op id="758" type="copy forward" timems="6.146" contextid="755" timestamp="2019-06-16T21:51:52.477">
  <memory-copied type="eden" objects="2" bytes="56" bytesdiscarded="0" />
  <memory-copied type="other" objects="87278" bytes="2667008" bytesdiscarded="183224" />
  <memory-cardclean objects="173964" bytes="5638024" />
  <regions eden="30" other="4" />
  <remembered-set-cleared processed="17101" cleared="10051" durationms="0.180" />
  <finalization candidates="12" enqueued="0" />
  <references type="soft" candidates="352" cleared="0" enqueued="0" dynamicThreshold="18" maxThreshold="32" />
  <references type="weak" candidates="693" cleared="0" enqueued="0" />
  <references type="phantom" candidates="8" cleared="0" enqueued="0" />
  <stringconstants candidates="13732" cleared="0"  />
</gc-op>
<gc-op id="759" type="classunload" timems="0.007" contextid="755" timestamp="2019-06-16T21:51:52.477">
  <classunload-info classloadercandidates="55" classloadersunloaded="0" classesunloaded="0" anonymousclassesunloaded="0" quiescems="0.000" setupms="0.007" scanms="0.000" postms="0.000" />
</gc-op>
<heap-resize id="760" type="expand" space="default" amount="1048576" count="1" timems="0.056" reason="excessive time being spent in gc" timestamp="2019-06-16T21:51:52.478" />
<gc-end id="761" type="partial gc" contextid="755" durationms="7.760" usertimems="20.000" systemtimems="0.000" timestamp="2019-06-16T21:51:52.478" activeThreads="4">
  <mem-info id="762" free="59768832" total="99614720" percent="60">
    <mem type="eden" free="1048520" total="1048576" percent="99" />
    <remembered-set count="35936" freebytes="3832576" totalbytes="3976320" percent="96" regionsoverflowed="0" regionsstable="2" regionsrebuilding="0"/>
  </mem-info>
</gc-end>
<cycle-end id="763" type="partial gc" contextid="755" timestamp="2019-06-16T21:51:52.478" />
  <attribute name="elasticGC enabled" value="1" />
  <attribute name= "numThreadsSpecified" value="4" />
  <attribute name="heapSize specified" value="0" />
  <attribute name="Current GC Util" value="38" />
  <attribute name= "Current Time Running" value="48817" />
  <attribute name ="GC Interval" value="0" />
  <attribute name="ProportionalT" value="9.000000" />
  <attribute name="ProportionalI" value="9.000000" />
  <attribute name="ProportionalH" value="9.000000" />
  <attribute name="Current Error" value="18.000000" />
  <attribute name="IntegralT" value="0.000000" />
  <attribute name="IntegralI" value="0.000000" />
  <attribute name="IntegralH" value="0.000000" />
  <attribute name="DerivativeT" value="-inf" />
  <attribute name="DerivativeI" value="-inf" />
  <attribute name="DerivativeH" value="-inf" />
  <attribute name="Loop Time for DT" value="0.000000" />
  <attribute name="Output H" value="2091843584"/>
  <attribute name="Output I" value="200"/>
  <attribute name="Output T" value="4"/>
  <attribute name="Target GC Util Change" value ="20.000000" />
  <attribute name="Current GC Util Change" value="38.000000"/>
  <attribute name="GC Util currently" value="38" />
  <attribute name="CPU Util currently" value="8586590460657" />
<exclusive-end id="764" timestamp="2019-06-16T21:51:52.478" durationms="8.947" />

<exclusive-start id="765" timestamp="2019-06-16T21:51:52.504" intervalms="34.478">
  <response-info timems="0.042" idlems="0.042" threads="0" lastid="0000000001AFD700" lastname="main" />
</exclusive-start>
<allocation-taxation id="766" taxation-threshold="31457280" timestamp="2019-06-16T21:51:52.504" intervalms="34.473" />
<cycle-start id="767" type="partial gc" contextid="0" timestamp="2019-06-16T21:51:52.504" intervalms="34.473" />
<gc-start id="768" type="partial gc" contextid="767" timestamp="2019-06-16T21:51:52.505">
  <mem-info id="769" free="28311552" total="99614720" percent="28">
    <mem type="eden" free="1048520" total="32505856" percent="3" />
    <remembered-set count="35872" freebytes="3832832" totalbytes="3976320" percent="96" regionsoverflowed="0" regionsstable="2" regionsrebuilding="0"/>
  </mem-info>
</gc-start>
<allocation-stats totalBytes="31351832" >
  <allocated-bytes non-tlh="0" tlh="31351832" arrayletleaf="0"/>
  <largest-consumer threadName="main" threadId="0000000001AFD700" bytes="31351832" />
</allocation-stats>
<gc-op id="770" type="copy forward" timems="3.052" contextid="767" timestamp="2019-06-16T21:51:52.508">
  <memory-copied type="eden" objects="2" bytes="56" bytesdiscarded="0" />
  <memory-copied type="other" objects="78951" bytes="1989880" bytesdiscarded="96112" />
  <memory-cardclean objects="8365" bytes="375048" />
  <regions eden="30" other="3" />
  <remembered-set-cleared processed="31919" cleared="4898" durationms="0.172" />
  <references type="weak" candidates="4" cleared="0" enqueued="0" />
  <stringconstants candidates="13732" cleared="0"  />
</gc-op>
<gc-op id="771" type="classunload" timems="0.006" contextid="767" timestamp="2019-06-16T21:51:52.508">
  <classunload-info classloadercandidates="55" classloadersunloaded="0" classesunloaded="0" anonymousclassesunloaded="0" quiescems="0.000" setupms="0.006" scanms="0.000" postms="0.000" />
</gc-op>
<gc-end id="772" type="partial gc" contextid="767" durationms="4.167" usertimems="12.000" systemtimems="0.000" timestamp="2019-06-16T21:51:52.509" activeThreads="4">
  <mem-info id="773" free="59768832" total="99614720" percent="60">
    <mem type="eden" free="1048520" total="1048576" percent="99" />
    <remembered-set count="36416" freebytes="3830656" totalbytes="3976320" percent="96" regionsoverflowed="0" regionsstable="2" regionsrebuilding="0"/>
  </mem-info>
</gc-end>
<cycle-end id="774" type="partial gc" contextid="767" timestamp="2019-06-16T21:51:52.509" />
  <attribute name="elasticGC enabled" value="1" />
  <attribute name= "numThreadsSpecified" value="4" />
  <attribute name="heapSize specified" value="0" />
  <attribute name="Current GC Util" value="59" />
  <attribute name= "Current Time Running" value="48851" />
  <attribute name ="GC Interval" value="0" />
  <attribute name="ProportionalT" value="19.500000" />
  <attribute name="ProportionalI" value="19.500000" />
  <attribute name="ProportionalH" value="19.500000" />
  <attribute name="Current Error" value="39.000000" />
  <attribute name="IntegralT" value="0.000000" />
  <attribute name="IntegralI" value="0.000000" />
  <attribute name="IntegralH" value="0.000000" />
  <attribute name="DerivativeT" value="-inf" />
  <attribute name="DerivativeI" value="-inf" />
  <attribute name="DerivativeH" value="-inf" />
  <attribute name="Loop Time for DT" value="0.000000" />
  <attribute name="Output H" value="2091843584"/>
  <attribute name="Output I" value="200"/>
  <attribute name="Output T" value="4"/>
  <attribute name="Target GC Util Change" value ="20.000000" />
  <attribute name="Current GC Util Change" value="59.000000"/>
  <attribute name="GC Util currently" value="59" />
  <attribute name="CPU Util currently" value="16473248809867" />
<exclusive-end id="775" timestamp="2019-06-16T21:51:52.509" durationms="5.219" />

<exclusive-start id="776" timestamp="2019-06-16T21:51:52.530" intervalms="26.305">
  <response-info timems="0.096" idlems="0.096" threads="0" lastid="0000000001AFD700" lastname="main" />
</exclusive-start>
<allocation-taxation id="777" taxation-threshold="31457280" timestamp="2019-06-16T21:51:52.530" intervalms="26.321" />
<cycle-start id="778" type="partial gc" contextid="0" timestamp="2019-06-16T21:51:52.531" intervalms="26.369" />
<gc-start id="779" type="partial gc" contextid="778" timestamp="2019-06-16T21:51:52.531">
  <mem-info id="780" free="28311552" total="99614720" percent="28">
    <mem type="eden" free="1048520" total="32505856" percent="3" />
    <remembered-set count="36064" freebytes="3832064" totalbytes="3976320" percent="96" regionsoverflowed="0" regionsstable="2" regionsrebuilding="0"/>
  </mem-info>
</gc-start>
<allocation-stats totalBytes="31351832" >
  <allocated-bytes non-tlh="0" tlh="31351832" arrayletleaf="0"/>
  <largest-consumer threadName="main" threadId="0000000001AFD700" bytes="31351832" />
</allocation-stats>
<gc-op id="781" type="copy forward" timems="3.382" contextid="778" timestamp="2019-06-16T21:51:52.535">
  <memory-copied type="eden" objects="2" bytes="56" bytesdiscarded="0" />
  <memory-copied type="other" objects="80464" bytes="2093416" bytesdiscarded="108400" />
  <memory-cardclean objects="15172" bytes="695072" />
  <regions eden="30" other="3" />
  <remembered-set-cleared processed="32088" cleared="5848" durationms="0.207" />
  <references type="soft" candidates="1875" cleared="0" enqueued="0" dynamicThreshold="19" maxThreshold="32" />
  <references type="weak" candidates="78" cleared="0" enqueued="0" />
  <stringconstants candidates="13732" cleared="0"  />
</gc-op>
<gc-op id="782" type="classunload" timems="0.005" contextid="778" timestamp="2019-06-16T21:51:52.535">
  <classunload-info classloadercandidates="55" classloadersunloaded="0" classesunloaded="0" anonymousclassesunloaded="0" quiescems="0.000" setupms="0.005" scanms="0.000" postms="0.000" />
</gc-op>
<gc-end id="783" type="partial gc" contextid="778" durationms="4.559" usertimems="12.000" systemtimems="0.000" timestamp="2019-06-16T21:51:52.535" activeThreads="4">
  <mem-info id="784" free="59768832" total="99614720" percent="60">
    <mem type="eden" free="1048520" total="1048576" percent="99" />
    <remembered-set count="37216" freebytes="3827456" totalbytes="3976320" percent="96" regionsoverflowed="0" regionsstable="2" regionsrebuilding="0"/>
  </mem-info>
</gc-end>
<cycle-end id="785" type="partial gc" contextid="778" timestamp="2019-06-16T21:51:52.536" />
  <attribute name="elasticGC enabled" value="1" />
  <attribute name= "numThreadsSpecified" value="4" />
  <attribute name="heapSize specified" value="0" />
  <attribute name="Current GC Util" value="66" />
  <attribute name= "Current Time Running" value="48878" />
  <attribute name ="GC Interval" value="0" />
  <attribute name="ProportionalT" value="23.000000" />
  <attribute name="ProportionalI" value="23.000000" />
  <attribute name="ProportionalH" value="23.000000" />
  <attribute name="Current Error" value="46.000000" />
  <attribute name="IntegralT" value="23.000000" />
  <attribute name="IntegralI" value="23.000000" />
  <attribute name="IntegralH" value="23.000000" />
  <attribute name="DerivativeT" value="29.000000" />
  <attribute name="DerivativeI" value="29.000000" />
  <attribute name="DerivativeH" value="29.000000" />
  <attribute name="Loop Time for DT" value="1.000000" />
  <attribute name="Output H" value="8388608"/>
  <attribute name="Output I" value="200"/>
  <attribute name="Output T" value="4"/>
  <attribute name="Target GC Util Change" value ="20.000000" />
  <attribute name="Current GC Util Change" value="66.000000"/>
  <attribute name="GC Util currently" value="66" />
  <attribute name="CPU Util currently" value="19554216628237" />
<exclusive-end id="786" timestamp="2019-06-16T21:51:52.536" durationms="5.742" />

<exclusive-start id="787" timestamp="2019-06-16T21:51:52.557" intervalms="26.775">
  <response-info timems="0.091" idlems="0.091" threads="0" lastid="0000000001AFD700" lastname="main" />
</exclusive-start>
<allocation-taxation id="788" taxation-threshold="31457280" timestamp="2019-06-16T21:51:52.557" intervalms="26.789" />
<cycle-start id="789" type="partial gc" contextid="0" timestamp="2019-06-16T21:51:52.557" intervalms="26.811" />
<gc-start id="790" type="partial gc" contextid="789" timestamp="2019-06-16T21:51:52.558">
  <mem-info id="791" free="28311552" total="99614720" percent="28">
    <mem type="eden" free="1048520" total="32505856" percent="3" />
    <remembered-set count="36864" freebytes="3828864" totalbytes="3976320" percent="96" regionsoverflowed="0" regionsstable="2" regionsrebuilding="0"/>
  </mem-info>
</gc-start>
<allocation-stats totalBytes="31351832" >
  <allocated-bytes non-tlh="0" tlh="31351832" arrayletleaf="0"/>
  <largest-consumer threadName="main" threadId="0000000001AFD700" bytes="31351832" />
</allocation-stats>
<gc-op id="792" type="copy forward" timems="6.581" contextid="789" timestamp="2019-06-16T21:51:52.565">
  <memory-copied type="eden" objects="2" bytes="56" bytesdiscarded="0" />
  <memory-copied type="other" objects="64696" bytes="1573120" bytesdiscarded="128" />
  <memory-cardclean objects="12274" bytes="699336" />
  <regions eden="30" other="3" />
  <remembered-set-cleared processed="32814" cleared="4882" durationms="0.378" />
  <references type="weak" candidates="2" cleared="0" enqueued="0" />
  <stringconstants candidates="13732" cleared="0"  />
</gc-op>
<gc-op id="793" type="classunload" timems="0.007" contextid="789" timestamp="2019-06-16T21:51:52.565">
  <classunload-info classloadercandidates="55" classloadersunloaded="0" classesunloaded="0" anonymousclassesunloaded="0" quiescems="0.000" setupms="0.007" scanms="0.000" postms="0.000" />
</gc-op>
<gc-end id="794" type="partial gc" contextid="789" durationms="7.854" usertimems="16.000" systemtimems="0.000" timestamp="2019-06-16T21:51:52.566" activeThreads="1">
  <mem-info id="795" free="59768832" total="99614720" percent="60">
    <mem type="eden" free="1048520" total="1048576" percent="99" />
    <remembered-set count="37728" freebytes="3825408" totalbytes="3976320" percent="96" regionsoverflowed="0" regionsstable="2" regionsrebuilding="0"/>
  </mem-info>
</gc-end>
<cycle-end id="796" type="partial gc" contextid="789" timestamp="2019-06-16T21:51:52.566" />
  <attribute name="elasticGC enabled" value="1" />
  <attribute name= "numThreadsSpecified" value="1" />
  <attribute name="heapSize specified" value="0" />
  <attribute name="Current GC Util" value="59" />
  <attribute name= "Current Time Running" value="48904" />
  <attribute name ="GC Interval" value="0" />
  <attribute name="ProportionalT" value="19.500000" />
  <attribute name="ProportionalI" value="19.500000" />
  <attribute name="ProportionalH" value="19.500000" />
  <attribute name="Current Error" value="39.000000" />
  <attribute name="IntegralT" value="0.000000" />
  <attribute name="IntegralI" value="0.000000" />
  <attribute name="IntegralH" value="0.000000" />
  <attribute name="DerivativeT" value="inf" />
  <attribute name="DerivativeI" value="inf" />
  <attribute name="DerivativeH" value="inf" />
  <attribute name="Loop Time for DT" value="0.000000" />
  <attribute name="Output H" value="8388608"/>
  <attribute name="Output I" value="200"/>
  <attribute name="Output T" value="1"/>
  <attribute name="Target GC Util Change" value ="20.000000" />
  <attribute name="Current GC Util Change" value="59.000000"/>
  <attribute name="GC Util currently" value="59" />
  <attribute name="CPU Util currently" value="18453904128955" />
<exclusive-end id="797" timestamp="2019-06-16T21:51:52.566" durationms="9.100" />

<exclusive-start id="798" timestamp="2019-06-16T21:51:52.587" intervalms="30.133">
  <response-info timems="0.060" idlems="0.060" threads="0" lastid="0000000001AFD700" lastname="main" />
</exclusive-start>
<allocation-taxation id="799" taxation-threshold="31457280" timestamp="2019-06-16T21:51:52.587" intervalms="30.118" />
<cycle-start id="800" type="partial gc" contextid="0" timestamp="2019-06-16T21:51:52.587" intervalms="30.101" />
<gc-start id="801" type="partial gc" contextid="800" timestamp="2019-06-16T21:51:52.588">
  <mem-info id="802" free="28311552" total="99614720" percent="28">
    <mem type="eden" free="1048520" total="32505856" percent="3" />
    <remembered-set count="37408" freebytes="3826688" totalbytes="3976320" percent="96" regionsoverflowed="0" regionsstable="2" regionsrebuilding="0"/>
  </mem-info>
</gc-start>
<allocation-stats totalBytes="31351808" >
  <allocated-bytes non-tlh="0" tlh="31351808" arrayletleaf="0"/>
  <largest-consumer threadName="main" threadId="0000000001AFD700" bytes="31351808" />
</allocation-stats>
<gc-op id="803" type="copy forward" timems="2.991" contextid="800" timestamp="2019-06-16T21:51:52.592">
  <memory-copied type="eden" objects="2" bytes="56" bytesdiscarded="0" />
  <memory-copied type="other" objects="69432" bytes="1632928" bytesdiscarded="55400" />
  <memory-cardclean objects="14257" bytes="740296" />
  <regions eden="30" other="3" />
  <remembered-set-cleared processed="32874" cleared="4012" durationms="0.198" />
  <references type="weak" candidates="2" cleared="0" enqueued="0" />
  <stringconstants candidates="13732" cleared="0"  />
</gc-op>
<gc-op id="804" type="classunload" timems="0.004" contextid="800" timestamp="2019-06-16T21:51:52.592">
  <classunload-info classloadercandidates="55" classloadersunloaded="0" classesunloaded="0" anonymousclassesunloaded="0" quiescems="0.000" setupms="0.004" scanms="0.000" postms="0.000" />
</gc-op>
<gc-end id="805" type="partial gc" contextid="800" durationms="4.113" usertimems="12.000" systemtimems="0.000" timestamp="2019-06-16T21:51:52.592" activeThreads="4">
  <mem-info id="806" free="59768832" total="99614720" percent="60">
    <mem type="eden" free="1048520" total="1048576" percent="99" />
    <remembered-set count="36672" freebytes="3829632" totalbytes="3976320" percent="96" regionsoverflowed="0" regionsstable="2" regionsrebuilding="0"/>
  </mem-info>
</gc-end>
<cycle-end id="807" type="partial gc" contextid="800" timestamp="2019-06-16T21:51:52.592" />
  <attribute name="elasticGC enabled" value="1" />
  <attribute name= "numThreadsSpecified" value="4" />
  <attribute name="heapSize specified" value="0" />
  <attribute name="Current GC Util" value="78" />
  <attribute name= "Current Time Running" value="48935" />
  <attribute name ="GC Interval" value="0" />
  <attribute name="ProportionalT" value="29.000000" />
  <attribute name="ProportionalI" value="29.000000" />
  <attribute name="ProportionalH" value="29.000000" />
  <attribute name="Current Error" value="58.000000" />
  <attribute name="IntegralT" value="29.000000" />
  <attribute name="IntegralI" value="29.000000" />
  <attribute name="IntegralH" value="29.000000" />
  <attribute name="DerivativeT" value="53.000000" />
  <attribute name="DerivativeI" value="53.000000" />
  <attribute name="DerivativeH" value="53.000000" />
  <attribute name="Loop Time for DT" value="1.000000" />
  <attribute name="Output H" value="8388608"/>
  <attribute name="Output I" value="200"/>
  <attribute name="Output T" value="4"/>
  <attribute name="Target GC Util Change" value ="20.000000" />
  <attribute name="Current GC Util Change" value="78.000000"/>
  <attribute name="GC Util currently" value="78" />
  <attribute name="CPU Util currently" value="17671867947603" />
<exclusive-end id="808" timestamp="2019-06-16T21:51:52.592" durationms="5.403" />

<exclusive-start id="809" timestamp="2019-06-16T21:51:52.613" intervalms="26.355">
  <response-info timems="0.082" idlems="0.082" threads="0" lastid="0000000001AFD700" lastname="main" />
</exclusive-start>
<allocation-taxation id="810" taxation-threshold="31457280" timestamp="2019-06-16T21:51:52.614" intervalms="26.346" />
<cycle-start id="811" type="partial gc" contextid="0" timestamp="2019-06-16T21:51:52.614" intervalms="26.338" />
<gc-start id="812" type="partial gc" contextid="811" timestamp="2019-06-16T21:51:52.614">
  <mem-info id="813" free="28311552" total="99614720" percent="28">
    <mem type="eden" free="1048520" total="32505856" percent="3" />
    <remembered-set count="36288" freebytes="3831168" totalbytes="3976320" percent="96" regionsoverflowed="0" regionsstable="2" regionsrebuilding="0"/>
  </mem-info>
</gc-start>
<allocation-stats totalBytes="31351832" >
  <allocated-bytes non-tlh="0" tlh="31351832" arrayletleaf="0"/>
  <largest-consumer threadName="main" threadId="0000000001AFD700" bytes="31351832" />
</allocation-stats>
<gc-op id="814" type="copy forward" timems="8.075" contextid="811" timestamp="2019-06-16T21:51:52.623">
  <memory-copied type="eden" objects="2" bytes="56" bytesdiscarded="0" />
  <memory-copied type="other" objects="82195" bytes="2095392" bytesdiscarded="584" />
  <memory-cardclean objects="20864" bytes="763352" />
  <regions eden="30" other="3" />
  <remembered-set-cleared processed="31784" cleared="5888" durationms="0.366" />
  <stringconstants candidates="13732" cleared="0"  />
</gc-op>
<gc-op id="815" type="classunload" timems="0.005" contextid="811" timestamp="2019-06-16T21:51:52.623">
  <classunload-info classloadercandidates="55" classloadersunloaded="0" classesunloaded="0" anonymousclassesunloaded="0" quiescems="0.000" setupms="0.005" scanms="0.000" postms="0.000" />
</gc-op>
<gc-end id="816" type="partial gc" contextid="811" durationms="9.318" usertimems="12.000" systemtimems="0.000" timestamp="2019-06-16T21:51:52.623" activeThreads="1">
  <mem-info id="817" free="59768832" total="99614720" percent="60">
    <mem type="eden" free="1048520" total="1048576" percent="99" />
    <remembered-set count="36192" freebytes="3831552" totalbytes="3976320" percent="96" regionsoverflowed="0" regionsstable="2" regionsrebuilding="0"/>
  </mem-info>
</gc-end>
<cycle-end id="818" type="partial gc" contextid="811" timestamp="2019-06-16T21:51:52.624" />
  <attribute name="elasticGC enabled" value="1" />
  <attribute name= "numThreadsSpecified" value="1" />
  <attribute name="heapSize specified" value="0" />
  <attribute name="Current GC Util" value="70" />
  <attribute name= "Current Time Running" value="48961" />
  <attribute name ="GC Interval" value="0" />
  <attribute name="ProportionalT" value="25.000000" />
  <attribute name="ProportionalI" value="25.000000" />
  <attribute name="ProportionalH" value="25.000000" />
  <attribute name="Current Error" value="50.000000" />
  <attribute name="IntegralT" value="0.000000" />
  <attribute name="IntegralI" value="0.000000" />
  <attribute name="IntegralH" value="0.000000" />
  <attribute name="DerivativeT" value="inf" />
  <attribute name="DerivativeI" value="inf" />
  <attribute name="DerivativeH" value="inf" />
  <attribute name="Loop Time for DT" value="0.000000" />
  <attribute name="Output H" value="8388608"/>
  <attribute name="Output I" value="200"/>
  <attribute name="Output T" value="1"/>
  <attribute name="Target GC Util Change" value ="20.000000" />
  <attribute name="Current GC Util Change" value="70.000000"/>
  <attribute name="GC Util currently" value="70" />
  <attribute name="CPU Util currently" value="17549474481097" />
<exclusive-end id="819" timestamp="2019-06-16T21:51:52.624" durationms="10.551" />

<exclusive-start id="820" timestamp="2019-06-16T21:51:52.646" intervalms="32.841">
  <response-info timems="0.068" idlems="0.068" threads="0" lastid="0000000001AFD700" lastname="main" />
</exclusive-start>
<allocation-taxation id="821" taxation-threshold="31457280" timestamp="2019-06-16T21:51:52.646" intervalms="32.851" />
<cycle-start id="822" type="partial gc" contextid="0" timestamp="2019-06-16T21:51:52.647" intervalms="32.774" />
<gc-start id="823" type="partial gc" contextid="822" timestamp="2019-06-16T21:51:52.647">
  <mem-info id="824" free="28311552" total="99614720" percent="28">
    <mem type="eden" free="1048520" total="32505856" percent="3" />
    <remembered-set count="35872" freebytes="3832832" totalbytes="3976320" percent="96" regionsoverflowed="0" regionsstable="2" regionsrebuilding="0"/>
  </mem-info>
</gc-start>
<allocation-stats totalBytes="31348928" >
  <allocated-bytes non-tlh="0" tlh="31348928" arrayletleaf="0"/>
  <largest-consumer threadName="main" threadId="0000000001AFD700" bytes="31348928" />
</allocation-stats>
<gc-op id="825" type="copy forward" timems="4.039" contextid="822" timestamp="2019-06-16T21:51:52.652">
  <memory-copied type="eden" objects="28" bytes="1960" bytesdiscarded="728" />
  <memory-copied type="other" objects="88984" bytes="2844744" bytesdiscarded="150600" />
  <memory-cardclean objects="24054" bytes="1269120" />
  <regions eden="30" other="5" />
  <remembered-set-cleared processed="30306" cleared="9005" durationms="0.181" />
  <finalization candidates="37" enqueued="0" />
  <ownableSynchronizers candidates="17" cleared="0" />
  <references type="soft" candidates="4" cleared="0" enqueued="0" dynamicThreshold="19" maxThreshold="32" />
  <references type="weak" candidates="298" cleared="0" enqueued="0" />
  <references type="phantom" candidates="29" cleared="0" enqueued="0" />
  <stringconstants candidates="13732" cleared="0"  />
</gc-op>
<gc-op id="826" type="classunload" timems="0.008" contextid="822" timestamp="2019-06-16T21:51:52.652">
  <classunload-info classloadercandidates="55" classloadersunloaded="0" classesunloaded="0" anonymousclassesunloaded="0" quiescems="0.000" setupms="0.008" scanms="0.000" postms="0.000" />
</gc-op>
<heap-resize id="827" type="contract" space="default" amount="2097152" count="1" timems="0.058" reason="excess free space following gc" timestamp="2019-06-16T21:51:52.652" />
<gc-end id="828" type="partial gc" contextid="822" durationms="5.441" usertimems="16.000" systemtimems="0.000" timestamp="2019-06-16T21:51:52.652" activeThreads="4">
  <mem-info id="829" free="59768832" total="97517568" percent="61">
    <mem type="eden" free="1045888" total="1048576" percent="99" />
    <remembered-set count="36960" freebytes="3828480" totalbytes="3976320" percent="96" regionsoverflowed="0" regionsstable="2" regionsrebuilding="0"/>
  </mem-info>
</gc-end>
<cycle-end id="830" type="partial gc" contextid="822" timestamp="2019-06-16T21:51:52.653" />
  <attribute name="elasticGC enabled" value="1" />
  <attribute name= "numThreadsSpecified" value="4" />
  <attribute name="heapSize specified" value="0" />
  <attribute name="Current GC Util" value="65" />
  <attribute name= "Current Time Running" value="48994" />
  <attribute name ="GC Interval" value="0" />
  <attribute name="ProportionalT" value="22.500000" />
  <attribute name="ProportionalI" value="22.500000" />
  <attribute name="ProportionalH" value="22.500000" />
  <attribute name="Current Error" value="45.000000" />
  <attribute name="IntegralT" value="22.500000" />
  <attribute name="IntegralI" value="22.500000" />
  <attribute name="IntegralH" value="22.500000" />
  <attribute name="DerivativeT" value="37.000000" />
  <attribute name="DerivativeI" value="37.000000" />
  <attribute name="DerivativeH" value="37.000000" />
  <attribute name="Loop Time for DT" value="1.000000" />
  <attribute name="Output H" value="8388608"/>
  <attribute name="Output I" value="200"/>
  <attribute name="Output T" value="4"/>
  <attribute name="Target GC Util Change" value ="20.000000" />
  <attribute name="Current GC Util Change" value="65.000000"/>
  <attribute name="GC Util currently" value="65" />
  <attribute name="CPU Util currently" value="15899569395929" />
<exclusive-end id="831" timestamp="2019-06-16T21:51:52.653" durationms="6.602" />

<exclusive-start id="832" timestamp="2019-06-16T21:51:52.679" intervalms="33.166">
  <response-info timems="0.062" idlems="0.062" threads="0" lastid="0000000001AFD700" lastname="main" />
</exclusive-start>
<allocation-taxation id="833" taxation-threshold="30408704" timestamp="2019-06-16T21:51:52.680" intervalms="33.174" />
<cycle-start id="834" type="partial gc" contextid="0" timestamp="2019-06-16T21:51:52.680" intervalms="33.266" />
<gc-start id="835" type="partial gc" contextid="834" timestamp="2019-06-16T21:51:52.680">
  <mem-info id="836" free="29360128" total="97517568" percent="30">
    <mem type="eden" free="0" total="30408704" percent="0" />
    <remembered-set count="36576" freebytes="3830016" totalbytes="3976320" percent="96" regionsoverflowed="0" regionsstable="2" regionsrebuilding="0"/>
  </mem-info>
</gc-start>
<allocation-stats totalBytes="30206400" >
  <allocated-bytes non-tlh="0" tlh="30206400" arrayletleaf="0"/>
  <largest-consumer threadName="main" threadId="0000000001AFD700" bytes="30206400" />
</allocation-stats>
<gc-op id="837" type="copy forward" timems="2.795" contextid="834" timestamp="2019-06-16T21:51:52.684">
  <memory-copied type="eden" objects="1" bytes="40" bytesdiscarded="0" />
  <memory-copied type="other" objects="51685" bytes="1237088" bytesdiscarded="46456" />
  <memory-cardclean objects="20585" bytes="816856" />
  <regions eden="29" other="3" />
  <remembered-set-cleared processed="31877" cleared="4197" durationms="0.192" />
  <stringconstants candidates="13732" cleared="0"  />
</gc-op>
<gc-op id="838" type="classunload" timems="0.004" contextid="834" timestamp="2019-06-16T21:51:52.684">
  <classunload-info classloadercandidates="55" classloadersunloaded="0" classesunloaded="0" anonymousclassesunloaded="0" quiescems="0.000" setupms="0.004" scanms="0.000" postms="0.000" />
</gc-op>
<gc-end id="839" type="partial gc" contextid="834" durationms="4.230" usertimems="8.000" systemtimems="0.000" timestamp="2019-06-16T21:51:52.684" activeThreads="4">
  <mem-info id="840" free="58720256" total="97517568" percent="60">
    <mem type="eden" free="1048536" total="1048576" percent="99" />
    <remembered-set count="36800" freebytes="3745408" totalbytes="3892608" percent="96" regionsoverflowed="0" regionsstable="2" regionsrebuilding="0"/>
  </mem-info>
</gc-end>
<cycle-end id="841" type="partial gc" contextid="834" timestamp="2019-06-16T21:51:52.685" />
  <attribute name="elasticGC enabled" value="1" />
  <attribute name= "numThreadsSpecified" value="4" />
  <attribute name="heapSize specified" value="0" />
  <attribute name="Current GC Util" value="39" />
  <attribute name= "Current Time Running" value="49027" />
  <attribute name ="GC Interval" value="0" />
  <attribute name="ProportionalT" value="9.500000" />
  <attribute name="ProportionalI" value="9.500000" />
  <attribute name="ProportionalH" value="9.500000" />
  <attribute name="Current Error" value="19.000000" />
  <attribute name="IntegralT" value="0.000000" />
  <attribute name="IntegralI" value="0.000000" />
  <attribute name="IntegralH" value="0.000000" />
  <attribute name="DerivativeT" value="-inf" />
  <attribute name="DerivativeI" value="-inf" />
  <attribute name="DerivativeH" value="-inf" />
  <attribute name="Loop Time for DT" value="0.000000" />
  <attribute name="Output H" value="2091843584"/>
  <attribute name="Output I" value="200"/>
  <attribute name="Output T" value="4"/>
  <attribute name="Target GC Util Change" value ="20.000000" />
  <attribute name="Current GC Util Change" value="39.000000"/>
  <attribute name="GC Util currently" value="39" />
  <attribute name="CPU Util currently" value="8935505751698" />
<exclusive-end id="842" timestamp="2019-06-16T21:51:52.685" durationms="5.477" />

<exclusive-start id="843" timestamp="2019-06-16T21:51:52.707" intervalms="27.816">
  <response-info timems="0.088" idlems="0.088" threads="0" lastid="0000000001AFD700" lastname="main" />
</exclusive-start>
<allocation-taxation id="844" taxation-threshold="30408704" timestamp="2019-06-16T21:51:52.707" intervalms="27.807" />
<cycle-start id="845" type="partial gc" contextid="0" timestamp="2019-06-16T21:51:52.708" intervalms="27.808" />
<gc-start id="846" type="partial gc" contextid="845" timestamp="2019-06-16T21:51:52.708">
  <mem-info id="847" free="28311552" total="97517568" percent="29">
    <mem type="eden" free="1048536" total="31457280" percent="3" />
    <remembered-set count="36672" freebytes="3745920" totalbytes="3892608" percent="96" regionsoverflowed="0" regionsstable="2" regionsrebuilding="0"/>
  </mem-info>
</gc-start>
<allocation-stats totalBytes="30208992" >
  <allocated-bytes non-tlh="0" tlh="30208992" arrayletleaf="0"/>
  <largest-consumer threadName="main" threadId="0000000001AFD700" bytes="30208992" />
</allocation-stats>
<gc-op id="848" type="copy forward" timems="3.014" contextid="845" timestamp="2019-06-16T21:51:52.712">
  <memory-copied type="eden" objects="2" bytes="64" bytesdiscarded="0" />
  <memory-copied type="other" objects="71010" bytes="1935920" bytesdiscarded="101136" />
  <memory-cardclean objects="14793" bytes="541424" />
  <regions eden="29" other="3" />
  <remembered-set-cleared processed="32374" cleared="5239" durationms="0.212" />
  <stringconstants candidates="13732" cleared="0"  />
</gc-op>
<gc-op id="849" type="classunload" timems="0.005" contextid="845" timestamp="2019-06-16T21:51:52.712">
  <classunload-info classloadercandidates="55" classloadersunloaded="0" classesunloaded="0" anonymousclassesunloaded="0" quiescems="0.000" setupms="0.004" scanms="0.000" postms="0.000" />
</gc-op>
<gc-end id="850" type="partial gc" contextid="845" durationms="4.134" usertimems="12.000" systemtimems="0.000" timestamp="2019-06-16T21:51:52.712" activeThreads="4">
  <mem-info id="851" free="58720256" total="97517568" percent="60">
    <mem type="eden" free="1048512" total="1048576" percent="99" />
    <remembered-set count="36960" freebytes="3744768" totalbytes="3892608" percent="96" regionsoverflowed="0" regionsstable="2" regionsrebuilding="0"/>
  </mem-info>
</gc-end>
<cycle-end id="852" type="partial gc" contextid="845" timestamp="2019-06-16T21:51:52.712" />
  <attribute name="elasticGC enabled" value="1" />
  <attribute name= "numThreadsSpecified" value="4" />
  <attribute name="heapSize specified" value="0" />
  <attribute name="Current GC Util" value="69" />
  <attribute name= "Current Time Running" value="49055" />
  <attribute name ="GC Interval" value="0" />
  <attribute name="ProportionalT" value="24.500000" />
  <attribute name="ProportionalI" value="24.500000" />
  <attribute name="ProportionalH" value="24.500000" />
  <attribute name="Current Error" value="49.000000" />
  <attribute name="IntegralT" value="24.500000" />
  <attribute name="IntegralI" value="24.500000" />
  <attribute name="IntegralH" value="24.500000" />
  <attribute name="DerivativeT" value="35.000000" />
  <attribute name="DerivativeI" value="35.000000" />
  <attribute name="DerivativeH" value="35.000000" />
  <attribute name="Loop Time for DT" value="1.000000" />
  <attribute name="Output H" value="8388608"/>
  <attribute name="Output I" value="200"/>
  <attribute name="Output T" value="4"/>
  <attribute name="Target GC Util Change" value ="20.000000" />
  <attribute name="Current GC Util Change" value="69.000000"/>
  <attribute name="GC Util currently" value="69" />
  <attribute name="CPU Util currently" value="18280319975980" />
<exclusive-end id="853" timestamp="2019-06-16T21:51:52.713" durationms="5.445" />

<exclusive-start id="854" timestamp="2019-06-16T21:51:52.735" intervalms="27.788">
  <response-info timems="0.081" idlems="0.081" threads="0" lastid="0000000001AFD700" lastname="main" />
</exclusive-start>
<allocation-taxation id="855" taxation-threshold="30408704" timestamp="2019-06-16T21:51:52.735" intervalms="27.791" />
<cycle-start id="856" type="partial gc" contextid="0" timestamp="2019-06-16T21:51:52.735" intervalms="27.783" />
<gc-start id="857" type="partial gc" contextid="856" timestamp="2019-06-16T21:51:52.736">
  <mem-info id="858" free="28311552" total="97517568" percent="29">
    <mem type="eden" free="1048512" total="31457280" percent="3" />
    <remembered-set count="36864" freebytes="3745152" totalbytes="3892608" percent="96" regionsoverflowed="0" regionsstable="2" regionsrebuilding="0"/>
  </mem-info>
</gc-start>
<allocation-stats totalBytes="30218088" >
  <allocated-bytes non-tlh="0" tlh="30218088" arrayletleaf="0"/>
  <largest-consumer threadName="main" threadId="0000000001AFD700" bytes="30218088" />
</allocation-stats>
<gc-op id="859" type="copy forward" timems="3.256" contextid="856" timestamp="2019-06-16T21:51:52.740">
  <memory-copied type="eden" objects="2" bytes="64" bytesdiscarded="0" />
  <memory-copied type="other" objects="80210" bytes="2002928" bytesdiscarded="107424" />
  <memory-cardclean objects="14525" bytes="614760" />
  <regions eden="29" other="3" />
  <remembered-set-cleared processed="32357" cleared="5799" durationms="0.173" />
  <stringconstants candidates="13732" cleared="0"  />
</gc-op>
<gc-op id="860" type="classunload" timems="0.006" contextid="856" timestamp="2019-06-16T21:51:52.740">
  <classunload-info classloadercandidates="55" classloadersunloaded="0" classesunloaded="0" anonymousclassesunloaded="0" quiescems="0.000" setupms="0.006" scanms="0.000" postms="0.000" />
</gc-op>
<gc-end id="861" type="partial gc" contextid="856" durationms="4.420" usertimems="12.000" systemtimems="0.000" timestamp="2019-06-16T21:51:52.740" activeThreads="4">
  <mem-info id="862" free="58720256" total="97517568" percent="60">
    <mem type="eden" free="1048512" total="1048576" percent="99" />
    <remembered-set count="36384" freebytes="3747072" totalbytes="3892608" percent="96" regionsoverflowed="0" regionsstable="2" regionsrebuilding="0"/>
  </mem-info>
</gc-end>
<cycle-end id="863" type="partial gc" contextid="856" timestamp="2019-06-16T21:51:52.740" />
  <attribute name="elasticGC enabled" value="1" />
  <attribute name= "numThreadsSpecified" value="4" />
  <attribute name="heapSize specified" value="0" />
  <attribute name="Current GC Util" value="85" />
  <attribute name= "Current Time Running" value="49083" />
  <attribute name ="GC Interval" value="0" />
  <attribute name="ProportionalT" value="32.500000" />
  <attribute name="ProportionalI" value="32.500000" />
  <attribute name="ProportionalH" value="32.500000" />
  <attribute name="Current Error" value="65.000000" />
  <attribute name="IntegralT" value="32.500000" />
  <attribute name="IntegralI" value="32.500000" />
  <attribute name="IntegralH" value="32.500000" />
  <attribute name="DerivativeT" value="49.000000" />
  <attribute name="DerivativeI" value="49.000000" />
  <attribute name="DerivativeH" value="49.000000" />
  <attribute name="Loop Time for DT" value="1.000000" />
  <attribute name="Output H" value="8388608"/>
  <attribute name="Output I" value="200"/>
  <attribute name="Output T" value="4"/>
  <attribute name="Target GC Util Change" value ="20.000000" />
  <attribute name="Current GC Util Change" value="85.000000"/>
  <attribute name="GC Util currently" value="85" />
  <attribute name="CPU Util currently" value="19469598853371" />
<exclusive-end id="864" timestamp="2019-06-16T21:51:52.741" durationms="5.737" />

<exclusive-start id="865" timestamp="2019-06-16T21:51:52.763" intervalms="28.114">
  <response-info timems="0.075" idlems="0.075" threads="0" lastid="0000000001AFD700" lastname="main" />
</exclusive-start>
<allocation-taxation id="866" taxation-threshold="30408704" timestamp="2019-06-16T21:51:52.763" intervalms="28.132" />
<cycle-start id="867" type="partial gc" contextid="0" timestamp="2019-06-16T21:51:52.764" intervalms="28.131" />
<gc-start id="868" type="partial gc" contextid="867" timestamp="2019-06-16T21:51:52.764">
  <mem-info id="869" free="28311552" total="97517568" percent="29">
    <mem type="eden" free="1048512" total="31457280" percent="3" />
    <remembered-set count="36320" freebytes="3747328" totalbytes="3892608" percent="96" regionsoverflowed="0" regionsstable="2" regionsrebuilding="0"/>
  </mem-info>
</gc-start>
<allocation-stats totalBytes="30218088" >
  <allocated-bytes non-tlh="0" tlh="30218088" arrayletleaf="0"/>
  <largest-consumer threadName="main" threadId="0000000001AFD700" bytes="30218088" />
</allocation-stats>
<gc-op id="870" type="copy forward" timems="2.130" contextid="867" timestamp="2019-06-16T21:51:52.767">
  <memory-copied type="eden" objects="2" bytes="64" bytesdiscarded="0" />
  <memory-copied type="other" objects="25836" bytes="658528" bytesdiscarded="17488" />
  <memory-cardclean objects="5655" bytes="419800" />
  <regions eden="29" other="3" />
  <remembered-set-cleared processed="32581" cleared="2613" durationms="0.189" />
  <finalization candidates="1" enqueued="1" />
  <references type="soft" candidates="1" cleared="0" enqueued="0" dynamicThreshold="19" maxThreshold="32" />
  <references type="weak" candidates="37" cleared="0" enqueued="0" />
  <references type="phantom" candidates="2" cleared="0" enqueued="0" />
  <stringconstants candidates="13732" cleared="0"  />
</gc-op>
<gc-op id="871" type="classunload" timems="0.005" contextid="867" timestamp="2019-06-16T21:51:52.767">
  <classunload-info classloadercandidates="55" classloadersunloaded="0" classesunloaded="0" anonymousclassesunloaded="0" quiescems="0.000" setupms="0.005" scanms="0.000" postms="0.000" />
</gc-op>
<gc-end id="872" type="partial gc" contextid="867" durationms="3.250" usertimems="8.000" systemtimems="0.000" timestamp="2019-06-16T21:51:52.767" activeThreads="4">
  <mem-info id="873" free="58720256" total="97517568" percent="60">
    <mem type="eden" free="1048512" total="1048576" percent="99" />
    <pending-finalizers system="0" default="1" reference="0" classloader="0" />
    <remembered-set count="36288" freebytes="3747456" totalbytes="3892608" percent="96" regionsoverflowed="0" regionsstable="2" regionsrebuilding="0"/>
  </mem-info>
</gc-end>
<cycle-end id="874" type="partial gc" contextid="867" timestamp="2019-06-16T21:51:52.767" />
  <attribute name="elasticGC enabled" value="1" />
  <attribute name= "numThreadsSpecified" value="4" />
  <attribute name="heapSize specified" value="0" />
  <attribute name="Current GC Util" value="55" />
  <attribute name= "Current Time Running" value="49111" />
  <attribute name ="GC Interval" value="0" />
  <attribute name="ProportionalT" value="17.500000" />
  <attribute name="ProportionalI" value="17.500000" />
  <attribute name="ProportionalH" value="17.500000" />
  <attribute name="Current Error" value="35.000000" />
  <attribute name="IntegralT" value="17.500000" />
  <attribute name="IntegralI" value="17.500000" />
  <attribute name="IntegralH" value="17.500000" />
  <attribute name="DerivativeT" value="18.000000" />
  <attribute name="DerivativeI" value="18.000000" />
  <attribute name="DerivativeH" value="18.000000" />
  <attribute name="Loop Time for DT" value="1.000000" />
  <attribute name="Output H" value="8388608"/>
  <attribute name="Output I" value="200"/>
  <attribute name="Output T" value="4"/>
  <attribute name="Target GC Util Change" value ="20.000000" />
  <attribute name="Current GC Util Change" value="55.000000"/>
  <attribute name="GC Util currently" value="55" />
  <attribute name="CPU Util currently" value="15933243049415" />
<exclusive-end id="875" timestamp="2019-06-16T21:51:52.768" durationms="4.472" />

<exclusive-start id="876" timestamp="2019-06-16T21:51:52.790" intervalms="27.045">
  <response-info timems="0.073" idlems="0.073" threads="0" lastid="0000000001AFD700" lastname="main" />
</exclusive-start>
<allocation-taxation id="877" taxation-threshold="30408704" timestamp="2019-06-16T21:51:52.790" intervalms="27.030" />
<cycle-start id="878" type="partial gc" contextid="0" timestamp="2019-06-16T21:51:52.790" intervalms="26.944" />
<gc-start id="879" type="partial gc" contextid="878" timestamp="2019-06-16T21:51:52.791">
  <mem-info id="880" free="28311552" total="97517568" percent="29">
    <mem type="eden" free="1048512" total="31457280" percent="3" />
    <remembered-set count="35968" freebytes="3748736" totalbytes="3892608" percent="96" regionsoverflowed="0" regionsstable="2" regionsrebuilding="0"/>
  </mem-info>
</gc-start>
<allocation-stats totalBytes="30218112" >
  <allocated-bytes non-tlh="0" tlh="30218112" arrayletleaf="0"/>
  <largest-consumer threadName="main" threadId="0000000001AFD700" bytes="30218112" />
</allocation-stats>
<gc-op id="881" type="copy forward" timems="6.457" contextid="878" timestamp="2019-06-16T21:51:52.798">
  <memory-copied type="eden" objects="2" bytes="64" bytesdiscarded="0" />
  <memory-copied type="other" objects="63077" bytes="1827000" bytesdiscarded="30080" />
  <memory-cardclean objects="5723" bytes="145632" />
  <regions eden="29" other="3" />
  <remembered-set-cleared processed="32044" cleared="4099" durationms="0.178" />
  <stringconstants candidates="13732" cleared="0"  />
</gc-op>
<gc-op id="882" type="classunload" timems="0.007" contextid="878" timestamp="2019-06-16T21:51:52.798">
  <classunload-info classloadercandidates="55" classloadersunloaded="0" classesunloaded="0" anonymousclassesunloaded="0" quiescems="0.000" setupms="0.007" scanms="0.000" postms="0.000" />
</gc-op>
<gc-end id="883" type="partial gc" contextid="878" durationms="7.697" usertimems="12.000" systemtimems="0.000" timestamp="2019-06-16T21:51:52.799" activeThreads="4">
  <mem-info id="884" free="58720256" total="97517568" percent="60">
    <mem type="eden" free="1048512" total="1048576" percent="99" />
    <remembered-set count="36704" freebytes="3745792" totalbytes="3892608" percent="96" regionsoverflowed="0" regionsstable="2" regionsrebuilding="0"/>
  </mem-info>
</gc-end>
<cycle-end id="885" type="partial gc" contextid="878" timestamp="2019-06-16T21:51:52.799" />
  <attribute name="elasticGC enabled" value="1" />
  <attribute name= "numThreadsSpecified" value="4" />
  <attribute name="heapSize specified" value="0" />
  <attribute name="Current GC Util" value="59" />
  <attribute name= "Current Time Running" value="49138" />
  <attribute name ="GC Interval" value="0" />
  <attribute name="ProportionalT" value="19.500000" />
  <attribute name="ProportionalI" value="19.500000" />
  <attribute name="ProportionalH" value="19.500000" />
  <attribute name="Current Error" value="39.000000" />
  <attribute name="IntegralT" value="19.500000" />
  <attribute name="IntegralI" value="19.500000" />
  <attribute name="IntegralH" value="19.500000" />
  <attribute name="DerivativeT" value="35.000000" />
  <attribute name="DerivativeI" value="35.000000" />
  <attribute name="DerivativeH" value="35.000000" />
  <attribute name="Loop Time for DT" value="1.000000" />
  <attribute name="Output H" value="8388608"/>
  <attribute name="Output I" value="200"/>
  <attribute name="Output T" value="4"/>
  <attribute name="Target GC Util Change" value ="20.000000" />
  <attribute name="Current GC Util Change" value="59.000000"/>
  <attribute name="GC Util currently" value="59" />
  <attribute name="CPU Util currently" value="18138534035928" />
<exclusive-end id="886" timestamp="2019-06-16T21:51:52.799" durationms="8.844" />

<exclusive-start id="887" timestamp="2019-06-16T21:51:52.821" intervalms="31.056">
  <response-info timems="0.094" idlems="0.094" threads="0" lastid="0000000001AFD700" lastname="main" />
</exclusive-start>
<allocation-taxation id="888" taxation-threshold="30408704" timestamp="2019-06-16T21:51:52.821" intervalms="31.036" />
<cycle-start id="889" type="partial gc" contextid="0" timestamp="2019-06-16T21:51:52.822" intervalms="31.121" />
<gc-start id="890" type="partial gc" contextid="889" timestamp="2019-06-16T21:51:52.822">
  <mem-info id="891" free="28311552" total="97517568" percent="29">
    <mem type="eden" free="1048512" total="31457280" percent="3" />
    <remembered-set count="36288" freebytes="3747456" totalbytes="3892608" percent="96" regionsoverflowed="0" regionsstable="2" regionsrebuilding="0"/>
  </mem-info>
</gc-start>
<allocation-stats totalBytes="30218088" >
  <allocated-bytes non-tlh="0" tlh="30218088" arrayletleaf="0"/>
  <largest-consumer threadName="main" threadId="0000000001AFD700" bytes="30218088" />
</allocation-stats>
<gc-op id="892" type="copy forward" timems="3.842" contextid="889" timestamp="2019-06-16T21:51:52.827">
  <memory-copied type="eden" objects="2" bytes="64" bytesdiscarded="0" />
  <memory-copied type="other" objects="83908" bytes="2061200" bytesdiscarded="60400" />
  <memory-cardclean objects="13654" bytes="632368" />
  <regions eden="29" other="3" />
  <remembered-set-cleared processed="31729" cleared="5506" durationms="0.192" />
  <stringconstants candidates="13732" cleared="0"  />
</gc-op>
<gc-op id="893" type="classunload" timems="0.007" contextid="889" timestamp="2019-06-16T21:51:52.827">
  <classunload-info classloadercandidates="55" classloadersunloaded="0" classesunloaded="0" anonymousclassesunloaded="0" quiescems="0.000" setupms="0.007" scanms="0.000" postms="0.000" />
</gc-op>
<gc-end id="894" type="partial gc" contextid="889" durationms="4.878" usertimems="16.000" systemtimems="0.000" timestamp="2019-06-16T21:51:52.827" activeThreads="4">
  <mem-info id="895" free="58720256" total="97517568" percent="60">
    <mem type="eden" free="1048512" total="1048576" percent="99" />
    <remembered-set count="36416" freebytes="3746944" totalbytes="3892608" percent="96" regionsoverflowed="0" regionsstable="2" regionsrebuilding="0"/>
  </mem-info>
</gc-end>
<cycle-end id="896" type="partial gc" contextid="889" timestamp="2019-06-16T21:51:52.827" />
  <attribute name="elasticGC enabled" value="1" />
  <attribute name= "numThreadsSpecified" value="4" />
  <attribute name="heapSize specified" value="0" />
  <attribute name="Current GC Util" value="76" />
  <attribute name= "Current Time Running" value="49169" />
  <attribute name ="GC Interval" value="0" />
  <attribute name="ProportionalT" value="28.000000" />
  <attribute name="ProportionalI" value="28.000000" />
  <attribute name="ProportionalH" value="28.000000" />
  <attribute name="Current Error" value="56.000000" />
  <attribute name="IntegralT" value="28.000000" />
  <attribute name="IntegralI" value="28.000000" />
  <attribute name="IntegralH" value="28.000000" />
  <attribute name="DerivativeT" value="48.000000" />
  <attribute name="DerivativeI" value="48.000000" />
  <attribute name="DerivativeH" value="48.000000" />
  <attribute name="Loop Time for DT" value="1.000000" />
  <attribute name="Output H" value="8388608"/>
  <attribute name="Output I" value="200"/>
  <attribute name="Output T" value="4"/>
  <attribute name="Target GC Util Change" value ="20.000000" />
  <attribute name="Current GC Util Change" value="76.000000"/>
  <attribute name="GC Util currently" value="76" />
  <attribute name="CPU Util currently" value="22379329260312" />
<exclusive-end id="897" timestamp="2019-06-16T21:51:52.827" durationms="6.013" />

<exclusive-start id="898" timestamp="2019-06-16T21:51:53.086" intervalms="264.798">
  <response-info timems="0.038" idlems="0.038" threads="0" lastid="0000000001AFD700" lastname="main" />
</exclusive-start>
<allocation-taxation id="899" taxation-threshold="30408704" timestamp="2019-06-16T21:51:53.086" intervalms="264.840" />
<cycle-start id="900" type="partial gc" contextid="0" timestamp="2019-06-16T21:51:53.086" intervalms="264.797" />
<gc-start id="901" type="partial gc" contextid="900" timestamp="2019-06-16T21:51:53.087">
  <mem-info id="902" free="28311552" total="97517568" percent="29">
    <mem type="eden" free="1048512" total="31457280" percent="3" />
    <remembered-set count="36256" freebytes="3747584" totalbytes="3892608" percent="96" regionsoverflowed="0" regionsstable="2" regionsrebuilding="0"/>
  </mem-info>
</gc-start>
<allocation-stats totalBytes="30400952" >
  <allocated-bytes non-tlh="0" tlh="30400952" arrayletleaf="0"/>
  <largest-consumer threadName="main" threadId="0000000001AFD700" bytes="30400952" />
</allocation-stats>
<gc-op id="903" type="copy forward" timems="6.894" contextid="900" timestamp="2019-06-16T21:51:53.094">
  <memory-copied type="eden" objects="247" bytes="7992" bytesdiscarded="0" />
  <memory-copied type="other" objects="66686" bytes="1602952" bytesdiscarded="264" />
  <memory-cardclean objects="11135" bytes="675840" />
  <regions eden="29" other="3" />
  <remembered-set-cleared processed="32509" cleared="4994" durationms="0.370" />
  <references type="weak" candidates="37" cleared="0" enqueued="0" />
  <stringconstants candidates="13732" cleared="0"  />
</gc-op>
<gc-op id="904" type="classunload" timems="0.012" contextid="900" timestamp="2019-06-16T21:51:53.094">
  <classunload-info classloadercandidates="55" classloadersunloaded="0" classesunloaded="0" anonymousclassesunloaded="0" quiescems="0.000" setupms="0.012" scanms="0.000" postms="0.000" />
</gc-op>
<gc-end id="905" type="partial gc" contextid="900" durationms="7.926" usertimems="28.000" systemtimems="0.000" timestamp="2019-06-16T21:51:53.095" activeThreads="1">
  <mem-info id="906" free="58720256" total="97517568" percent="60">
    <mem type="eden" free="1040536" total="1048576" percent="99" />
    <remembered-set count="35968" freebytes="3748736" totalbytes="3892608" percent="96" regionsoverflowed="0" regionsstable="2" regionsrebuilding="0"/>
  </mem-info>
</gc-end>
<cycle-end id="907" type="partial gc" contextid="900" timestamp="2019-06-16T21:51:53.095" />
  <attribute name="elasticGC enabled" value="1" />
  <attribute name= "numThreadsSpecified" value="1" />
  <attribute name="heapSize specified" value="0" />
  <attribute name="Current GC Util" value="74" />
  <attribute name= "Current Time Running" value="49433" />
  <attribute name ="GC Interval" value="0" />
  <attribute name="ProportionalT" value="27.000000" />
  <attribute name="ProportionalI" value="27.000000" />
  <attribute name="ProportionalH" value="27.000000" />
  <attribute name="Current Error" value="54.000000" />
  <attribute name="IntegralT" value="0.000000" />
  <attribute name="IntegralI" value="0.000000" />
  <attribute name="IntegralH" value="0.000000" />
  <attribute name="DerivativeT" value="inf" />
  <attribute name="DerivativeI" value="inf" />
  <attribute name="DerivativeH" value="inf" />
  <attribute name="Loop Time for DT" value="0.000000" />
  <attribute name="Output H" value="8388608"/>
  <attribute name="Output I" value="200"/>
  <attribute name="Output T" value="1"/>
  <attribute name="Target GC Util Change" value ="20.000000" />
  <attribute name="Current GC Util Change" value="74.000000"/>
  <attribute name="GC Util currently" value="74" />
  <attribute name="CPU Util currently" value="23142553186229" />
<exclusive-end id="908" timestamp="2019-06-16T21:51:53.095" durationms="9.004" />

<exclusive-start id="909" timestamp="2019-06-16T21:51:53.275" intervalms="188.531">
  <response-info timems="0.069" idlems="0.069" threads="0" lastid="0000000001AFD700" lastname="main" />
</exclusive-start>
<allocation-taxation id="910" taxation-threshold="30408704" timestamp="2019-06-16T21:51:53.275" intervalms="188.561" />
<cycle-start id="911" type="partial gc" contextid="0" timestamp="2019-06-16T21:51:53.275" intervalms="188.775" />
<gc-start id="912" type="partial gc" contextid="911" timestamp="2019-06-16T21:51:53.276">
  <mem-info id="913" free="28311552" total="97517568" percent="29">
    <mem type="eden" free="0" total="30408704" percent="0" />
    <remembered-set count="35456" freebytes="3750784" totalbytes="3892608" percent="96" regionsoverflowed="0" regionsstable="3" regionsrebuilding="0"/>
  </mem-info>
</gc-start>
<allocation-stats totalBytes="30398128" >
  <allocated-bytes non-tlh="0" tlh="30398128" arrayletleaf="0"/>
  <largest-consumer threadName="main" threadId="0000000001AFD700" bytes="30398128" />
</allocation-stats>
<gc-op id="914" type="copy forward" timems="4.338" contextid="911" timestamp="2019-06-16T21:51:53.281">
  <memory-copied type="eden" objects="23" bytes="848" bytesdiscarded="0" />
  <memory-copied type="other" objects="37668" bytes="1047304" bytesdiscarded="104" />
  <memory-cardclean objects="5720" bytes="138952" />
  <regions eden="29" other="2" />
  <remembered-set-cleared processed="32217" cleared="2438" durationms="0.362" />
  <references type="soft" candidates="2139" cleared="0" enqueued="0" dynamicThreshold="19" maxThreshold="32" />
  <references type="weak" candidates="119" cleared="0" enqueued="0" />
  <stringconstants candidates="13732" cleared="0"  />
</gc-op>
<gc-op id="915" type="classunload" timems="0.005" contextid="911" timestamp="2019-06-16T21:51:53.281">
  <classunload-info classloadercandidates="55" classloadersunloaded="0" classesunloaded="0" anonymousclassesunloaded="0" quiescems="0.000" setupms="0.005" scanms="0.000" postms="0.000" />
</gc-op>
<heap-resize id="916" type="contract" space="default" amount="5242880" count="1" timems="0.052" reason="insufficient time being spent in gc" timestamp="2019-06-16T21:51:53.281" />
<gc-end id="917" type="partial gc" contextid="911" durationms="5.763" usertimems="4.000" systemtimems="0.000" timestamp="2019-06-16T21:51:53.281" activeThreads="1">
  <mem-info id="918" free="52428800" total="92274688" percent="56">
    <mem type="eden" free="1047728" total="1048576" percent="99" />
    <remembered-set count="35616" freebytes="3750144" totalbytes="3892608" percent="96" regionsoverflowed="0" regionsstable="3" regionsrebuilding="0"/>
  </mem-info>
</gc-end>
<cycle-end id="919" type="partial gc" contextid="911" timestamp="2019-06-16T21:51:53.282" />
  <attribute name="elasticGC enabled" value="1" />
  <attribute name= "numThreadsSpecified" value="1" />
  <attribute name="heapSize specified" value="0" />
  <attribute name="Current GC Util" value="62" />
  <attribute name= "Current Time Running" value="49622" />
  <attribute name ="GC Interval" value="0" />
  <attribute name="ProportionalT" value="21.000000" />
  <attribute name="ProportionalI" value="21.000000" />
  <attribute name="ProportionalH" value="21.000000" />
  <attribute name="Current Error" value="42.000000" />
  <attribute name="IntegralT" value="0.000000" />
  <attribute name="IntegralI" value="0.000000" />
  <attribute name="IntegralH" value="0.000000" />
  <attribute name="DerivativeT" value="inf" />
  <attribute name="DerivativeI" value="inf" />
  <attribute name="DerivativeH" value="inf" />
  <attribute name="Loop Time for DT" value="0.000000" />
  <attribute name="Output H" value="8388608"/>
  <attribute name="Output I" value="200"/>
  <attribute name="Output T" value="1"/>
  <attribute name="Target GC Util Change" value ="20.000000" />
  <attribute name="Current GC Util Change" value="62.000000"/>
  <attribute name="GC Util currently" value="62" />
  <attribute name="CPU Util currently" value="16036686595223" />
<exclusive-end id="920" timestamp="2019-06-16T21:51:53.282" durationms="7.155" />

<exclusive-start id="921" timestamp="2019-06-16T21:51:53.309" intervalms="34.171">
  <response-info timems="0.047" idlems="0.047" threads="0" lastid="0000000001AFD700" lastname="main" />
</exclusive-start>
<allocation-taxation id="922" taxation-threshold="29360128" timestamp="2019-06-16T21:51:53.309" intervalms="34.107" />
<cycle-start id="923" type="partial gc" contextid="0" timestamp="2019-06-16T21:51:53.309" intervalms="34.035" />
<gc-start id="924" type="partial gc" contextid="923" timestamp="2019-06-16T21:51:53.310">
  <mem-info id="925" free="23068672" total="92274688" percent="25">
    <mem type="eden" free="0" total="29360128" percent="0" />
    <remembered-set count="35168" freebytes="3751936" totalbytes="3892608" percent="96" regionsoverflowed="0" regionsstable="4" regionsrebuilding="0"/>
  </mem-info>
</gc-start>
<allocation-stats totalBytes="29344384" >
  <allocated-bytes non-tlh="0" tlh="29344384" arrayletleaf="0"/>
  <largest-consumer threadName="main" threadId="0000000001AFD700" bytes="29344384" />
</allocation-stats>
<gc-op id="926" type="copy forward" timems="4.691" contextid="923" timestamp="2019-06-16T21:51:53.315">
  <memory-copied type="eden" objects="6" bytes="320" bytesdiscarded="0" />
  <memory-copied type="other" objects="44622" bytes="1048656" bytesdiscarded="488" />
  <memory-cardclean objects="3894" bytes="497200" />
  <regions eden="28" other="2" />
  <remembered-set-cleared processed="32067" cleared="2258" durationms="0.341" />
  <references type="weak" candidates="4" cleared="0" enqueued="0" />
  <stringconstants candidates="13732" cleared="0"  />
</gc-op>
<gc-op id="927" type="classunload" timems="0.005" contextid="923" timestamp="2019-06-16T21:51:53.315">
  <classunload-info classloadercandidates="55" classloadersunloaded="0" classesunloaded="0" anonymousclassesunloaded="0" quiescems="0.000" setupms="0.005" scanms="0.000" postms="0.000" />
</gc-op>
<heap-resize id="928" type="contract" space="default" amount="5242880" count="1" timems="0.051" reason="insufficient time being spent in gc" timestamp="2019-06-16T21:51:53.316" />
<gc-end id="929" type="partial gc" contextid="923" durationms="6.282" usertimems="12.000" systemtimems="0.000" timestamp="2019-06-16T21:51:53.316" activeThreads="1">
  <mem-info id="930" free="46137344" total="87031808" percent="53">
    <mem type="eden" free="1048256" total="1048576" percent="99" />
    <remembered-set count="34912" freebytes="3543680" totalbytes="3683328" percent="96" regionsoverflowed="0" regionsstable="4" regionsrebuilding="0"/>
  </mem-info>
</gc-end>
<cycle-end id="931" type="partial gc" contextid="923" timestamp="2019-06-16T21:51:53.316" />
  <attribute name="elasticGC enabled" value="1" />
  <attribute name= "numThreadsSpecified" value="1" />
  <attribute name="heapSize specified" value="0" />
  <attribute name="Current GC Util" value="34" />
  <attribute name= "Current Time Running" value="49656" />
  <attribute name ="GC Interval" value="0" />
  <attribute name="ProportionalT" value="7.000000" />
  <attribute name="ProportionalI" value="7.000000" />
  <attribute name="ProportionalH" value="7.000000" />
  <attribute name="Current Error" value="14.000000" />
  <attribute name="IntegralT" value="0.000000" />
  <attribute name="IntegralI" value="0.000000" />
  <attribute name="IntegralH" value="0.000000" />
  <attribute name="DerivativeT" value="inf" />
  <attribute name="DerivativeI" value="inf" />
  <attribute name="DerivativeH" value="inf" />
  <attribute name="Loop Time for DT" value="0.000000" />
  <attribute name="Output H" value="8388608"/>
  <attribute name="Output I" value="200"/>
  <attribute name="Output T" value="1"/>
  <attribute name="Target GC Util Change" value ="20.000000" />
  <attribute name="Current GC Util Change" value="34.000000"/>
  <attribute name="GC Util currently" value="34" />
  <attribute name="CPU Util currently" value="8996621161707" />
<exclusive-end id="932" timestamp="2019-06-16T21:51:53.316" durationms="7.476" />

<exclusive-start id="933" timestamp="2019-06-16T21:51:53.329" intervalms="20.163">
  <response-info timems="0.095" idlems="0.095" threads="0" lastid="0000000001AFD700" lastname="main" />
</exclusive-start>
<allocation-taxation id="934" taxation-threshold="13631488" timestamp="2019-06-16T21:51:53.329" intervalms="20.130" />
<cycle-start id="935" type="global mark phase" contextid="0" timestamp="2019-06-16T21:51:53.329" intervalms="3228.766" />
<gc-start id="936" type="global mark phase" contextid="935" timestamp="2019-06-16T21:51:53.329">
  <mem-info id="937" free="32505856" total="87031808" percent="37">
    <remembered-set count="34048" freebytes="3547136" totalbytes="3683328" percent="96" regionsoverflowed="0" regionsstable="5" regionsrebuilding="0"/>
  </mem-info>
</gc-start>
<gc-op id="938" type="mark increment" timems="0.684" contextid="935" timestamp="2019-06-16T21:51:53.330">
  <trace-info objectcount="187" scancount="0" scanbytes="0" />
</gc-op>
<gc-end id="939" type="global mark phase" contextid="935" durationms="0.882" usertimems="4.000" systemtimems="0.000" timestamp="2019-06-16T21:51:53.330" activeThreads="4">
  <mem-info id="940" free="32505856" total="87031808" percent="37">
    <remembered-set count="34048" freebytes="3547136" totalbytes="3683328" percent="96" regionsoverflowed="0" regionsstable="0" regionsrebuilding="5"/>
  </mem-info>
</gc-end>
<concurrent-start id="941" type="GMP work packet processing" contextid="935" timestamp="2019-06-16T21:51:53.330">
  <concurrent-mark-start scanTarget="1170172" />
</concurrent-start>
<concurrent-end id="942" type="GMP work packet processing" contextid="935" timestamp="2019-06-16T21:51:53.333">
  <concurrent-mark-end bytesScanned="1183404" reasonForTermination="Work target met" />
</concurrent-end>

<exclusive-end id="943" timestamp="2019-06-16T21:51:53.333" durationms="4.321" />

<exclusive-start id="944" timestamp="2019-06-16T21:51:53.354" intervalms="25.293">
  <response-info timems="0.113" idlems="0.113" threads="0" lastid="0000000001AFD700" lastname="main" />
</exclusive-start>
<allocation-taxation id="945" taxation-threshold="13631488" timestamp="2019-06-16T21:51:53.354" intervalms="25.320" />
<cycle-start id="946" type="partial gc" contextid="0" timestamp="2019-06-16T21:51:53.355" intervalms="45.410" />
<gc-start id="947" type="partial gc" contextid="946" timestamp="2019-06-16T21:51:53.355">
  <mem-info id="948" free="18874368" total="87031808" percent="21">
    <mem type="eden" free="1048256" total="28311552" percent="3" />
    <remembered-set count="34432" freebytes="3545600" totalbytes="3683328" percent="96" regionsoverflowed="0" regionsstable="0" regionsrebuilding="5"/>
  </mem-info>
</gc-start>
<allocation-stats totalBytes="27248704" >
  <allocated-bytes non-tlh="0" tlh="27248704" arrayletleaf="0"/>
  <largest-consumer threadName="main" threadId="0000000001AFD700" bytes="13624752" />
</allocation-stats>
<gc-op id="949" type="copy forward" timems="4.390" contextid="946" timestamp="2019-06-16T21:51:53.361">
  <memory-copied type="eden" objects="8" bytes="192" bytesdiscarded="0" />
  <memory-copied type="other" objects="37639" bytes="1012664" bytesdiscarded="312" />
  <memory-cardclean objects="5004" bytes="151128" />
  <regions eden="26" other="2" />
  <remembered-set-cleared processed="31855" cleared="2427" durationms="0.322" />
  <references type="soft" candidates="2010" cleared="0" enqueued="0" dynamicThreshold="11" maxThreshold="32" />
  <references type="weak" candidates="82" cleared="0" enqueued="0" />
  <stringconstants candidates="13732" cleared="0"  />
</gc-op>
<gc-op id="950" type="classunload" timems="0.004" contextid="946" timestamp="2019-06-16T21:51:53.361">
  <classunload-info classloadercandidates="55" classloadersunloaded="0" classesunloaded="0" anonymousclassesunloaded="0" quiescems="0.000" setupms="0.004" scanms="0.000" postms="0.000" />
</gc-op>
<heap-resize id="951" type="expand" space="default" amount="15728640" count="1" timems="0.079" reason="excessive time being spent in gc" timestamp="2019-06-16T21:51:53.361" />
<gc-end id="952" type="partial gc" contextid="946" durationms="6.180" usertimems="4.000" systemtimems="0.000" timestamp="2019-06-16T21:51:53.361" activeThreads="1">
  <mem-info id="953" free="61865984" total="102760448" percent="60">
    <mem type="eden" free="1048384" total="1048576" percent="99" />
    <remembered-set count="34528" freebytes="3963776" totalbytes="4101888" percent="96" regionsoverflowed="0" regionsstable="0" regionsrebuilding="5"/>
  </mem-info>
</gc-end>
<cycle-end id="954" type="partial gc" contextid="946" timestamp="2019-06-16T21:51:53.361" />
  <attribute name="elasticGC enabled" value="1" />
  <attribute name= "numThreadsSpecified" value="1" />
  <attribute name="heapSize specified" value="0" />
  <attribute name="Current GC Util" value="34" />
  <attribute name= "Current Time Running" value="49702" />
  <attribute name ="GC Interval" value="0" />
  <attribute name="ProportionalT" value="7.000000" />
  <attribute name="ProportionalI" value="7.000000" />
  <attribute name="ProportionalH" value="7.000000" />
  <attribute name="Current Error" value="14.000000" />
  <attribute name="IntegralT" value="0.000000" />
  <attribute name="IntegralI" value="0.000000" />
  <attribute name="IntegralH" value="0.000000" />
  <attribute name="DerivativeT" value="inf" />
  <attribute name="DerivativeI" value="inf" />
  <attribute name="DerivativeH" value="inf" />
  <attribute name="Loop Time for DT" value="0.000000" />
  <attribute name="Output H" value="8388608"/>
  <attribute name="Output I" value="200"/>
  <attribute name="Output T" value="1"/>
  <attribute name="Target GC Util Change" value ="20.000000" />
  <attribute name="Current GC Util Change" value="34.000000"/>
  <attribute name="GC Util currently" value="34" />
  <attribute name="CPU Util currently" value="9317064400709" />
<exclusive-end id="955" timestamp="2019-06-16T21:51:53.362" durationms="7.543" />

<exclusive-start id="956" timestamp="2019-06-16T21:51:53.377" intervalms="22.372">
  <response-info timems="0.217" idlems="0.217" threads="0" lastid="0000000001AFD700" lastname="main" />
</exclusive-start>
<allocation-taxation id="957" taxation-threshold="15728640" timestamp="2019-06-16T21:51:53.377" intervalms="22.377" />
<gc-start id="958" type="global mark phase" contextid="935" timestamp="2019-06-16T21:51:53.377">
  <mem-info id="959" free="46137344" total="102760448" percent="44">
    <remembered-set count="33536" freebytes="3967744" totalbytes="4101888" percent="96" regionsoverflowed="0" regionsstable="1" regionsrebuilding="5"/>
  </mem-info>
</gc-start>
<gc-end id="960" type="global mark phase" contextid="935" durationms="0.150" usertimems="0.000" systemtimems="0.000" timestamp="2019-06-16T21:51:53.377" activeThreads="1">
  <mem-info id="961" free="46137344" total="102760448" percent="44">
    <remembered-set count="33536" freebytes="3967744" totalbytes="4101888" percent="96" regionsoverflowed="0" regionsstable="1" regionsrebuilding="5"/>
  </mem-info>
</gc-end>
<concurrent-start id="962" type="GMP work packet processing" contextid="935" timestamp="2019-06-16T21:51:53.377">
  <concurrent-mark-start scanTarget="1048576" />
</concurrent-start>
<concurrent-end id="963" type="GMP work packet processing" contextid="935" timestamp="2019-06-16T21:51:53.379">
  <concurrent-mark-end bytesScanned="1101296" reasonForTermination="Work target met" />
</concurrent-end>

<exclusive-end id="964" timestamp="2019-06-16T21:51:53.379" durationms="2.280" />

<exclusive-start id="965" timestamp="2019-06-16T21:51:53.393" intervalms="16.876">
  <response-info timems="0.069" idlems="0.069" threads="0" lastid="0000000001AFD700" lastname="main" />
</exclusive-start>
<allocation-taxation id="966" taxation-threshold="15728640" timestamp="2019-06-16T21:51:53.394" intervalms="16.845" />
<cycle-start id="967" type="partial gc" contextid="0" timestamp="2019-06-16T21:51:53.394" intervalms="39.106" />
<gc-start id="968" type="partial gc" contextid="967" timestamp="2019-06-16T21:51:53.394">
  <mem-info id="969" free="30408704" total="102760448" percent="29">
    <mem type="eden" free="1048384" total="32505856" percent="3" />
    <remembered-set count="35456" freebytes="3960064" totalbytes="4101888" percent="96" regionsoverflowed="0" regionsstable="1" regionsrebuilding="5"/>
  </mem-info>
</gc-start>
<allocation-stats totalBytes="31440776" >
  <allocated-bytes non-tlh="0" tlh="31440776" arrayletleaf="0"/>
  <largest-consumer threadName="main" threadId="0000000001AFD700" bytes="15720704" />
</allocation-stats>
<gc-op id="970" type="copy forward" timems="1.803" contextid="967" timestamp="2019-06-16T21:51:53.396">
  <memory-copied type="eden" objects="6" bytes="256" bytesdiscarded="0" />
  <memory-copied type="other" objects="0" bytes="0" bytesdiscarded="0" />
  <memory-cardclean objects="16" bytes="528" />
  <regions eden="30" other="1" />
  <remembered-set-cleared processed="33047" cleared="9" durationms="0.188" />
  <stringconstants candidates="13732" cleared="0"  />
</gc-op>
<gc-op id="971" type="classunload" timems="0.004" contextid="967" timestamp="2019-06-16T21:51:53.397">
  <classunload-info classloadercandidates="55" classloadersunloaded="0" classesunloaded="0" anonymousclassesunloaded="0" quiescems="0.000" setupms="0.004" scanms="0.000" postms="0.000" />
</gc-op>
<gc-end id="972" type="partial gc" contextid="967" durationms="2.669" usertimems="4.000" systemtimems="0.000" timestamp="2019-06-16T21:51:53.397" activeThreads="4">
  <mem-info id="973" free="61865984" total="102760448" percent="60">
    <mem type="eden" free="1048320" total="1048576" percent="99" />
    <remembered-set count="35584" freebytes="3959552" totalbytes="4101888" percent="96" regionsoverflowed="0" regionsstable="1" regionsrebuilding="5"/>
  </mem-info>
</gc-end>
<cycle-end id="974" type="partial gc" contextid="967" timestamp="2019-06-16T21:51:53.397" />
  <attribute name="elasticGC enabled" value="1" />
  <attribute name= "numThreadsSpecified" value="4" />
  <attribute name="heapSize specified" value="0" />
  <attribute name="Current GC Util" value="64" />
  <attribute name= "Current Time Running" value="49741" />
  <attribute name ="GC Interval" value="0" />
  <attribute name="ProportionalT" value="22.000000" />
  <attribute name="ProportionalI" value="22.000000" />
  <attribute name="ProportionalH" value="22.000000" />
  <attribute name="Current Error" value="44.000000" />
  <attribute name="IntegralT" value="22.000000" />
  <attribute name="IntegralI" value="22.000000" />
  <attribute name="IntegralH" value="22.000000" />
  <attribute name="DerivativeT" value="44.000000" />
  <attribute name="DerivativeI" value="44.000000" />
  <attribute name="DerivativeH" value="44.000000" />
  <attribute name="Loop Time for DT" value="1.000000" />
  <attribute name="Output H" value="8388608"/>
  <attribute name="Output I" value="200"/>
  <attribute name="Output T" value="4"/>
  <attribute name="Target GC Util Change" value ="20.000000" />
  <attribute name="Current GC Util Change" value="64.000000"/>
  <attribute name="GC Util currently" value="64" />
  <attribute name="CPU Util currently" value="19493712301652" />
<exclusive-end id="975" timestamp="2019-06-16T21:51:53.397" durationms="3.656" />

<exclusive-start id="976" timestamp="2019-06-16T21:51:53.412" intervalms="18.529">
  <response-info timems="0.085" idlems="0.085" threads="0" lastid="0000000001AFD700" lastname="main" />
</exclusive-start>
<allocation-taxation id="977" taxation-threshold="15728640" timestamp="2019-06-16T21:51:53.412" intervalms="18.552" />
<gc-start id="978" type="global mark phase" contextid="935" timestamp="2019-06-16T21:51:53.412">
  <mem-info id="979" free="46137344" total="102760448" percent="44">
    <remembered-set count="34112" freebytes="3965440" totalbytes="4101888" percent="96" regionsoverflowed="0" regionsstable="2" regionsrebuilding="5"/>
  </mem-info>
</gc-start>
<gc-end id="980" type="global mark phase" contextid="935" durationms="0.124" usertimems="0.000" systemtimems="0.000" timestamp="2019-06-16T21:51:53.412" activeThreads="4">
  <mem-info id="981" free="46137344" total="102760448" percent="44">
    <remembered-set count="34112" freebytes="3965440" totalbytes="4101888" percent="96" regionsoverflowed="0" regionsstable="2" regionsrebuilding="5"/>
  </mem-info>
</gc-end>
<concurrent-start id="982" type="GMP work packet processing" contextid="935" timestamp="2019-06-16T21:51:53.413">
  <concurrent-mark-start scanTarget="1170172" />
</concurrent-start>
<exclusive-end id="983" timestamp="2019-06-16T21:51:53.413" durationms="1.004" />

<concurrent-end id="984" type="GMP work packet processing" contextid="935" timestamp="2019-06-16T21:51:53.416">
  <concurrent-mark-end bytesScanned="1177352" reasonForTermination="Work target met" />
</concurrent-end>

<exclusive-start id="985" timestamp="2019-06-16T21:51:53.435" intervalms="23.507">
  <response-info timems="0.047" idlems="0.047" threads="0" lastid="0000000001AFD700" lastname="main" />
</exclusive-start>
<allocation-taxation id="986" taxation-threshold="15728640" timestamp="2019-06-16T21:51:53.436" intervalms="23.450" />
<cycle-start id="987" type="partial gc" contextid="0" timestamp="2019-06-16T21:51:53.436" intervalms="41.925" />
<gc-start id="988" type="partial gc" contextid="987" timestamp="2019-06-16T21:51:53.436">
  <mem-info id="989" free="30408704" total="102760448" percent="29">
    <mem type="eden" free="1048320" total="32505856" percent="3" />
    <remembered-set count="36192" freebytes="3957120" totalbytes="4101888" percent="96" regionsoverflowed="0" regionsstable="2" regionsrebuilding="5"/>
  </mem-info>
</gc-start>
<allocation-stats totalBytes="31438216" >
  <allocated-bytes non-tlh="0" tlh="31438216" arrayletleaf="0"/>
  <largest-consumer threadName="main" threadId="0000000001AFD700" bytes="15717384" />
</allocation-stats>
<gc-op id="990" type="copy forward" timems="1.326" contextid="987" timestamp="2019-06-16T21:51:53.438">
  <memory-copied type="eden" objects="29" bytes="1216" bytesdiscarded="0" />
  <memory-copied type="other" objects="0" bytes="0" bytesdiscarded="0" />
  <memory-cardclean objects="72" bytes="2400" />
  <regions eden="30" other="1" />
  <remembered-set-cleared processed="34086" cleared="25" durationms="0.347" />
  <stringconstants candidates="13732" cleared="0"  />
</gc-op>
<gc-op id="991" type="classunload" timems="0.004" contextid="987" timestamp="2019-06-16T21:51:53.438">
  <classunload-info classloadercandidates="55" classloadersunloaded="0" classesunloaded="0" anonymousclassesunloaded="0" quiescems="0.000" setupms="0.004" scanms="0.000" postms="0.000" />
</gc-op>
<gc-end id="992" type="partial gc" contextid="987" durationms="2.260" usertimems="0.000" systemtimems="0.000" timestamp="2019-06-16T21:51:53.438" activeThreads="1">
  <mem-info id="993" free="61865984" total="102760448" percent="60">
    <mem type="eden" free="1047360" total="1048576" percent="99" />
    <remembered-set count="36672" freebytes="3955200" totalbytes="4101888" percent="96" regionsoverflowed="0" regionsstable="2" regionsrebuilding="5"/>
  </mem-info>
</gc-end>
<cycle-end id="994" type="partial gc" contextid="987" timestamp="2019-06-16T21:51:53.438" />
  <attribute name="elasticGC enabled" value="1" />
  <attribute name= "numThreadsSpecified" value="1" />
  <attribute name="heapSize specified" value="0" />
  <attribute name="Current GC Util" value="68" />
  <attribute name= "Current Time Running" value="49782" />
  <attribute name ="GC Interval" value="0" />
  <attribute name="ProportionalT" value="24.000000" />
  <attribute name="ProportionalI" value="24.000000" />
  <attribute name="ProportionalH" value="24.000000" />
  <attribute name="Current Error" value="48.000000" />
  <attribute name="IntegralT" value="0.000000" />
  <attribute name="IntegralI" value="0.000000" />
  <attribute name="IntegralH" value="0.000000" />
  <attribute name="DerivativeT" value="inf" />
  <attribute name="DerivativeI" value="inf" />
  <attribute name="DerivativeH" value="inf" />
  <attribute name="Loop Time for DT" value="0.000000" />
  <attribute name="Output H" value="8388608"/>
  <attribute name="Output I" value="200"/>
  <attribute name="Output T" value="1"/>
  <attribute name="Target GC Util Change" value ="20.000000" />
  <attribute name="Current GC Util Change" value="68.000000"/>
  <attribute name="GC Util currently" value="68" />
  <attribute name="CPU Util currently" value="17518408497853" />
<exclusive-end id="995" timestamp="2019-06-16T21:51:53.438" durationms="3.024" />

<exclusive-start id="996" timestamp="2019-06-16T21:51:53.457" intervalms="21.655">
  <response-info timems="0.069" idlems="0.069" threads="0" lastid="0000000001AFD700" lastname="main" />
</exclusive-start>
<allocation-taxation id="997" taxation-threshold="15728640" timestamp="2019-06-16T21:51:53.457" intervalms="21.712" />
<gc-start id="998" type="global mark phase" contextid="935" timestamp="2019-06-16T21:51:53.457">
  <mem-info id="999" free="46137344" total="102760448" percent="44">
    <remembered-set count="35808" freebytes="3958656" totalbytes="4101888" percent="96" regionsoverflowed="0" regionsstable="3" regionsrebuilding="5"/>
  </mem-info>
</gc-start>
<gc-end id="1000" type="global mark phase" contextid="935" durationms="0.138" usertimems="0.000" systemtimems="0.000" timestamp="2019-06-16T21:51:53.458" activeThreads="1">
  <mem-info id="1001" free="46137344" total="102760448" percent="44">
    <remembered-set count="35808" freebytes="3958656" totalbytes="4101888" percent="96" regionsoverflowed="0" regionsstable="3" regionsrebuilding="5"/>
  </mem-info>
</gc-end>
<concurrent-start id="1002" type="GMP work packet processing" contextid="935" timestamp="2019-06-16T21:51:53.458">
  <concurrent-mark-start scanTarget="1048576" />
</concurrent-start>
<concurrent-end id="1003" type="GMP work packet processing" contextid="935" timestamp="2019-06-16T21:51:53.459">
  <concurrent-mark-end bytesScanned="1082204" reasonForTermination="Work target met" />
</concurrent-end>

<exclusive-end id="1004" timestamp="2019-06-16T21:51:53.459" durationms="1.536" />

<exclusive-start id="1005" timestamp="2019-06-16T21:51:53.479" intervalms="22.359">
  <response-info timems="0.067" idlems="0.067" threads="0" lastid="0000000001AFD700" lastname="main" />
</exclusive-start>
<allocation-taxation id="1006" taxation-threshold="15728640" timestamp="2019-06-16T21:51:53.480" intervalms="22.326" />
<cycle-start id="1007" type="partial gc" contextid="0" timestamp="2019-06-16T21:51:53.480" intervalms="44.032" />
<gc-start id="1008" type="partial gc" contextid="1007" timestamp="2019-06-16T21:51:53.480">
  <mem-info id="1009" free="30408704" total="102760448" percent="29">
    <mem type="eden" free="0" total="31457280" percent="0" />
    <remembered-set count="36832" freebytes="3954560" totalbytes="4101888" percent="96" regionsoverflowed="0" regionsstable="3" regionsrebuilding="5"/>
  </mem-info>
</gc-start>
<allocation-stats totalBytes="31429160" >
  <allocated-bytes non-tlh="0" tlh="31429160" arrayletleaf="0"/>
  <largest-consumer threadName="main" threadId="0000000001AFD700" bytes="15714776" />
</allocation-stats>
<gc-op id="1010" type="copy forward" timems="1.373" contextid="1007" timestamp="2019-06-16T21:51:53.482">
  <memory-copied type="eden" objects="30" bytes="1080" bytesdiscarded="0" />
  <memory-copied type="other" objects="12" bytes="560" bytesdiscarded="0" />
  <memory-cardclean objects="90" bytes="3488" />
  <regions eden="30" other="1" />
  <remembered-set-cleared processed="33835" cleared="52" durationms="0.348" />
  <stringconstants candidates="13732" cleared="0"  />
</gc-op>
<gc-op id="1011" type="classunload" timems="0.005" contextid="1007" timestamp="2019-06-16T21:51:53.482">
  <classunload-info classloadercandidates="55" classloadersunloaded="0" classesunloaded="0" anonymousclassesunloaded="0" quiescems="0.000" setupms="0.005" scanms="0.000" postms="0.000" />
</gc-op>
<gc-end id="1012" type="partial gc" contextid="1007" durationms="2.387" usertimems="4.000" systemtimems="0.000" timestamp="2019-06-16T21:51:53.482" activeThreads="1">
  <mem-info id="1013" free="60817408" total="102760448" percent="59">
    <mem type="eden" free="1047496" total="1048576" percent="99" />
    <remembered-set count="37248" freebytes="3952896" totalbytes="4101888" percent="96" regionsoverflowed="0" regionsstable="3" regionsrebuilding="5"/>
  </mem-info>
</gc-end>
<cycle-end id="1014" type="partial gc" contextid="1007" timestamp="2019-06-16T21:51:53.482" />
  <attribute name="elasticGC enabled" value="1" />
  <attribute name= "numThreadsSpecified" value="1" />
  <attribute name="heapSize specified" value="0" />
  <attribute name="Current GC Util" value="53" />
  <attribute name= "Current Time Running" value="49826" />
  <attribute name ="GC Interval" value="0" />
  <attribute name="ProportionalT" value="16.500000" />
  <attribute name="ProportionalI" value="16.500000" />
  <attribute name="ProportionalH" value="16.500000" />
  <attribute name="Current Error" value="33.000000" />
  <attribute name="IntegralT" value="0.000000" />
  <attribute name="IntegralI" value="0.000000" />
  <attribute name="IntegralH" value="0.000000" />
  <attribute name="DerivativeT" value="inf" />
  <attribute name="DerivativeI" value="inf" />
  <attribute name="DerivativeH" value="inf" />
  <attribute name="Loop Time for DT" value="0.000000" />
  <attribute name="Output H" value="8388608"/>
  <attribute name="Output I" value="200"/>
  <attribute name="Output T" value="1"/>
  <attribute name="Target GC Util Change" value ="20.000000" />
  <attribute name="Current GC Util Change" value="53.000000"/>
  <attribute name="GC Util currently" value="53" />
  <attribute name="CPU Util currently" value="18438483559954" />
<exclusive-end id="1015" timestamp="2019-06-16T21:51:53.483" durationms="3.273" />

<exclusive-start id="1016" timestamp="2019-06-16T21:51:53.540" intervalms="60.616">
  <response-info timems="0.066" idlems="0.066" threads="0" lastid="0000000001AFD700" lastname="main" />
</exclusive-start>
<allocation-taxation id="1017" taxation-threshold="15728640" timestamp="2019-06-16T21:51:53.540" intervalms="60.662" />
<gc-start id="1018" type="global mark phase" contextid="935" timestamp="2019-06-16T21:51:53.540">
  <mem-info id="1019" free="45088768" total="102760448" percent="43">
    <remembered-set count="36448" freebytes="3956096" totalbytes="4101888" percent="96" regionsoverflowed="0" regionsstable="4" regionsrebuilding="5"/>
  </mem-info>
</gc-start>
<gc-end id="1020" type="global mark phase" contextid="935" durationms="0.127" usertimems="0.000" systemtimems="0.000" timestamp="2019-06-16T21:51:53.541" activeThreads="1">
  <mem-info id="1021" free="45088768" total="102760448" percent="43">
    <remembered-set count="36448" freebytes="3956096" totalbytes="4101888" percent="96" regionsoverflowed="0" regionsstable="4" regionsrebuilding="5"/>
  </mem-info>
</gc-end>
<concurrent-start id="1022" type="GMP work packet processing" contextid="935" timestamp="2019-06-16T21:51:53.541">
  <concurrent-mark-start scanTarget="1048576" />
</concurrent-start>
<concurrent-end id="1023" type="GMP work packet processing" contextid="935" timestamp="2019-06-16T21:51:53.542">
  <concurrent-mark-end bytesScanned="1090300" reasonForTermination="Work target met" />
</concurrent-end>

<exclusive-end id="1024" timestamp="2019-06-16T21:51:53.542" durationms="1.724" />

<exclusive-start id="1025" timestamp="2019-06-16T21:51:53.594" intervalms="54.137">
  <response-info timems="0.098" idlems="0.098" threads="0" lastid="0000000001AFD700" lastname="main" />
</exclusive-start>
<allocation-taxation id="1026" taxation-threshold="15728640" timestamp="2019-06-16T21:51:53.594" intervalms="54.096" />
<cycle-start id="1027" type="partial gc" contextid="0" timestamp="2019-06-16T21:51:53.594" intervalms="114.810" />
<gc-start id="1028" type="partial gc" contextid="1027" timestamp="2019-06-16T21:51:53.595">
  <mem-info id="1029" free="29360128" total="102760448" percent="28">
    <mem type="eden" free="1047496" total="32505856" percent="3" />
    <remembered-set count="39840" freebytes="3942528" totalbytes="4101888" percent="96" regionsoverflowed="0" regionsstable="4" regionsrebuilding="5"/>
  </mem-info>
</gc-start>
<allocation-stats totalBytes="31450240" >
  <allocated-bytes non-tlh="0" tlh="31450240" arrayletleaf="0"/>
  <largest-consumer threadName="main" threadId="0000000001AFD700" bytes="15725360" />
</allocation-stats>
<gc-op id="1030" type="copy forward" timems="1.726" contextid="1027" timestamp="2019-06-16T21:51:53.597">
  <memory-copied type="eden" objects="19" bytes="880" bytesdiscarded="0" />
  <memory-copied type="other" objects="18" bytes="584" bytesdiscarded="0" />
  <memory-cardclean objects="34" bytes="1584" />
  <regions eden="30" other="1" />
  <remembered-set-cleared processed="37027" cleared="28" durationms="0.226" />
  <stringconstants candidates="13732" cleared="0"  />
</gc-op>
<gc-op id="1031" type="classunload" timems="0.004" contextid="1027" timestamp="2019-06-16T21:51:53.598">
  <classunload-info classloadercandidates="55" classloadersunloaded="0" classesunloaded="0" anonymousclassesunloaded="0" quiescems="0.000" setupms="0.004" scanms="0.000" postms="0.000" />
</gc-op>
<heap-resize id="1032" type="contract" space="default" amount="5242880" count="1" timems="0.053" reason="insufficient time being spent in gc" timestamp="2019-06-16T21:51:53.598" />
<gc-end id="1033" type="partial gc" contextid="1027" durationms="3.134" usertimems="8.000" systemtimems="0.000" timestamp="2019-06-16T21:51:53.598" activeThreads="4">
  <mem-info id="1034" free="54525952" total="97517568" percent="55">
    <mem type="eden" free="2095688" total="2097152" percent="99" />
    <remembered-set count="40064" freebytes="3941632" totalbytes="4101888" percent="96" regionsoverflowed="0" regionsstable="4" regionsrebuilding="5"/>
  </mem-info>
</gc-end>
<cycle-end id="1035" type="partial gc" contextid="1027" timestamp="2019-06-16T21:51:53.598" />
  <attribute name="elasticGC enabled" value="1" />
  <attribute name= "numThreadsSpecified" value="4" />
  <attribute name="heapSize specified" value="0" />
  <attribute name="Current GC Util" value="51" />
  <attribute name= "Current Time Running" value="49942" />
  <attribute name ="GC Interval" value="0" />
  <attribute name="ProportionalT" value="15.500000" />
  <attribute name="ProportionalI" value="15.500000" />
  <attribute name="ProportionalH" value="15.500000" />
  <attribute name="Current Error" value="31.000000" />
  <attribute name="IntegralT" value="15.500000" />
  <attribute name="IntegralI" value="15.500000" />
  <attribute name="IntegralH" value="15.500000" />
  <attribute name="DerivativeT" value="31.000000" />
  <attribute name="DerivativeI" value="31.000000" />
  <attribute name="DerivativeH" value="31.000000" />
  <attribute name="Loop Time for DT" value="1.000000" />
  <attribute name="Output H" value="8388608"/>
  <attribute name="Output I" value="200"/>
  <attribute name="Output T" value="4"/>
  <attribute name="Target GC Util Change" value ="20.000000" />
  <attribute name="Current GC Util Change" value="51.000000"/>
  <attribute name="GC Util currently" value="51" />
  <attribute name="CPU Util currently" value="16133237712253" />
<exclusive-end id="1036" timestamp="2019-06-16T21:51:53.598" durationms="4.220" />

<exclusive-start id="1037" timestamp="2019-06-16T21:51:54.467" intervalms="872.606">
  <response-info timems="0.161" idlems="0.161" threads="0" lastid="0000000001AFD700" lastname="main" />
</exclusive-start>
<allocation-taxation id="1038" taxation-threshold="14680064" timestamp="2019-06-16T21:51:54.467" intervalms="872.679" />
<gc-start id="1039" type="global mark phase" contextid="935" timestamp="2019-06-16T21:51:54.467">
  <mem-info id="1040" free="39845888" total="97517568" percent="40">
    <remembered-set count="39616" freebytes="3943424" totalbytes="4101888" percent="96" regionsoverflowed="0" regionsstable="4" regionsrebuilding="5"/>
  </mem-info>
</gc-start>
<gc-end id="1041" type="global mark phase" contextid="935" durationms="0.109" usertimems="0.000" systemtimems="0.000" timestamp="2019-06-16T21:51:54.467" activeThreads="4">
  <mem-info id="1042" free="39845888" total="97517568" percent="40">
    <remembered-set count="39616" freebytes="3943424" totalbytes="4101888" percent="96" regionsoverflowed="0" regionsstable="4" regionsrebuilding="5"/>
  </mem-info>
</gc-end>
<concurrent-start id="1043" type="GMP work packet processing" contextid="935" timestamp="2019-06-16T21:51:54.467">
  <concurrent-mark-start scanTarget="1170172" />
</concurrent-start>
<concurrent-end id="1044" type="GMP work packet processing" contextid="935" timestamp="2019-06-16T21:51:54.468">
  <concurrent-mark-end bytesScanned="1203304" reasonForTermination="Work target met" />
</concurrent-end>

<exclusive-end id="1045" timestamp="2019-06-16T21:51:54.468" durationms="1.527" />

<exclusive-start id="1046" timestamp="2019-06-16T21:51:54.477" intervalms="10.234">
  <response-info timems="0.044" idlems="0.044" threads="0" lastid="0000000001AFD700" lastname="main" />
</exclusive-start>
<allocation-taxation id="1047" taxation-threshold="14680064" timestamp="2019-06-16T21:51:54.477" intervalms="10.165" />
<cycle-start id="1048" type="partial gc" contextid="0" timestamp="2019-06-16T21:51:54.477" intervalms="882.844" />
<gc-start id="1049" type="partial gc" contextid="1048" timestamp="2019-06-16T21:51:54.478">
  <mem-info id="1050" free="25165824" total="97517568" percent="25">
    <mem type="eden" free="1047696" total="30408704" percent="3" />
    <remembered-set count="40704" freebytes="3939072" totalbytes="4101888" percent="96" regionsoverflowed="0" regionsstable="4" regionsrebuilding="5"/>
  </mem-info>
</gc-start>
<allocation-stats totalBytes="28153200" >
  <allocated-bytes non-tlh="0" tlh="28153200" arrayletleaf="0"/>
  <largest-consumer threadName="main" threadId="0000000001AFD700" bytes="13737216" />
</allocation-stats>
<gc-op id="1051" type="copy forward" timems="3.473" contextid="1048" timestamp="2019-06-16T21:51:54.482">
  <memory-copied type="eden" objects="104" bytes="24080" bytesdiscarded="0" />
  <memory-copied type="other" objects="0" bytes="0" bytesdiscarded="0" />
  <memory-cardclean objects="15525" bytes="971040" />
  <regions eden="28" other="1" />
  <remembered-set-cleared processed="32626" cleared="3986" durationms="0.396" />
  <stringconstants candidates="13732" cleared="0"  />
</gc-op>
<gc-op id="1052" type="classunload" timems="0.005" contextid="1048" timestamp="2019-06-16T21:51:54.482">
  <classunload-info classloadercandidates="55" classloadersunloaded="0" classesunloaded="0" anonymousclassesunloaded="0" quiescems="0.000" setupms="0.005" scanms="0.000" postms="0.000" />
</gc-op>
<gc-end id="1053" type="partial gc" contextid="1048" durationms="4.749" usertimems="12.000" systemtimems="0.000" timestamp="2019-06-16T21:51:54.482" activeThreads="1">
  <mem-info id="1054" free="54525952" total="97517568" percent="55">
    <mem type="eden" free="1024496" total="1048576" percent="97" />
    <remembered-set count="36320" freebytes="3747328" totalbytes="3892608" percent="96" regionsoverflowed="0" regionsstable="4" regionsrebuilding="5"/>
  </mem-info>
</gc-end>
<cycle-end id="1055" type="partial gc" contextid="1048" timestamp="2019-06-16T21:51:54.483" />
  <attribute name="elasticGC enabled" value="1" />
  <attribute name= "numThreadsSpecified" value="1" />
  <attribute name="heapSize specified" value="0" />
  <attribute name="Current GC Util" value="34" />
  <attribute name= "Current Time Running" value="50824" />
  <attribute name ="GC Interval" value="0" />
  <attribute name="ProportionalT" value="7.000000" />
  <attribute name="ProportionalI" value="7.000000" />
  <attribute name="ProportionalH" value="7.000000" />
  <attribute name="Current Error" value="14.000000" />
  <attribute name="IntegralT" value="0.000000" />
  <attribute name="IntegralI" value="0.000000" />
  <attribute name="IntegralH" value="0.000000" />
  <attribute name="DerivativeT" value="inf" />
  <attribute name="DerivativeI" value="inf" />
  <attribute name="DerivativeH" value="inf" />
  <attribute name="Loop Time for DT" value="0.000000" />
  <attribute name="Output H" value="8388608"/>
  <attribute name="Output I" value="200"/>
  <attribute name="Output T" value="1"/>
  <attribute name="Target GC Util Change" value ="20.000000" />
  <attribute name="Current GC Util Change" value="34.000000"/>
  <attribute name="GC Util currently" value="34" />
  <attribute name="CPU Util currently" value="9176443666895" />
<exclusive-end id="1056" timestamp="2019-06-16T21:51:54.483" durationms="5.759" />

<exclusive-start id="1057" timestamp="2019-06-16T21:51:54.490" intervalms="13.059">
  <response-info timems="0.038" idlems="0.038" threads="0" lastid="0000000001AFD700" lastname="main" />
</exclusive-start>
<allocation-taxation id="1058" taxation-threshold="14680064" timestamp="2019-06-16T21:51:54.490" intervalms="13.093" />
<gc-start id="1059" type="global mark phase" contextid="935" timestamp="2019-06-16T21:51:54.491">
  <mem-info id="1060" free="39845888" total="97517568" percent="40">
    <remembered-set count="35936" freebytes="3748864" totalbytes="3892608" percent="96" regionsoverflowed="0" regionsstable="4" regionsrebuilding="5"/>
  </mem-info>
</gc-start>
<gc-end id="1061" type="global mark phase" contextid="935" durationms="0.128" usertimems="4.000" systemtimems="0.000" timestamp="2019-06-16T21:51:54.491" activeThreads="1">
  <mem-info id="1062" free="39845888" total="97517568" percent="40">
    <remembered-set count="35936" freebytes="3748864" totalbytes="3892608" percent="96" regionsoverflowed="0" regionsstable="4" regionsrebuilding="5"/>
  </mem-info>
</gc-end>
<concurrent-start id="1063" type="GMP work packet processing" contextid="935" timestamp="2019-06-16T21:51:54.491">
  <concurrent-mark-start scanTarget="1048576" />
</concurrent-start>
<concurrent-end id="1064" type="GMP work packet processing" contextid="935" timestamp="2019-06-16T21:51:54.492">
  <concurrent-mark-end bytesScanned="1084684" reasonForTermination="Work target met" />
</concurrent-end>

<exclusive-end id="1065" timestamp="2019-06-16T21:51:54.492" durationms="1.645" />

<exclusive-start id="1066" timestamp="2019-06-16T21:51:54.977" intervalms="487.240">
  <response-info timems="0.121" idlems="0.121" threads="0" lastid="0000000001AFD700" lastname="main" />
</exclusive-start>
<allocation-taxation id="1067" taxation-threshold="14680064" timestamp="2019-06-16T21:51:54.978" intervalms="487.234" />
<cycle-start id="1068" type="partial gc" contextid="0" timestamp="2019-06-16T21:51:54.978" intervalms="500.359" />
<gc-start id="1069" type="partial gc" contextid="1068" timestamp="2019-06-16T21:51:54.978">
  <mem-info id="1070" free="25165824" total="97517568" percent="25">
    <mem type="eden" free="0" total="29360128" percent="0" />
    <remembered-set count="36960" freebytes="3744768" totalbytes="3892608" percent="96" regionsoverflowed="0" regionsstable="4" regionsrebuilding="5"/>
  </mem-info>
</gc-start>
<allocation-stats totalBytes="28523008" >
  <allocated-bytes non-tlh="0" tlh="28523008" arrayletleaf="0"/>
  <largest-consumer threadName="main" threadId="0000000001AFD700" bytes="14678600" />
</allocation-stats>
<gc-op id="1071" type="copy forward" timems="1.385" contextid="1068" timestamp="2019-06-16T21:51:54.980">
  <memory-copied type="eden" objects="51" bytes="1552" bytesdiscarded="0" />
  <memory-copied type="other" objects="73" bytes="2464" bytesdiscarded="0" />
  <memory-cardclean objects="153" bytes="5880" />
  <regions eden="28" other="1" />
  <remembered-set-cleared processed="33824" cleared="78" durationms="0.369" />
  <stringconstants candidates="13732" cleared="0"  />
</gc-op>
<gc-op id="1072" type="classunload" timems="0.004" contextid="1068" timestamp="2019-06-16T21:51:54.980">
  <classunload-info classloadercandidates="55" classloadersunloaded="0" classesunloaded="0" anonymousclassesunloaded="0" quiescems="0.000" setupms="0.004" scanms="0.000" postms="0.000" />
</gc-op>
<heap-resize id="1073" type="contract" space="default" amount="5242880" count="1" timems="0.066" reason="insufficient time being spent in gc" timestamp="2019-06-16T21:51:54.981" />
<gc-end id="1074" type="partial gc" contextid="1068" durationms="2.878" usertimems="4.000" systemtimems="0.000" timestamp="2019-06-16T21:51:54.981" activeThreads="1">
  <mem-info id="1075" free="48234496" total="92274688" percent="52">
    <mem type="eden" free="1047024" total="1048576" percent="99" />
    <remembered-set count="37248" freebytes="3743616" totalbytes="3892608" percent="96" regionsoverflowed="0" regionsstable="4" regionsrebuilding="5"/>
  </mem-info>
</gc-end>
<cycle-end id="1076" type="partial gc" contextid="1068" timestamp="2019-06-16T21:51:54.981" />
  <attribute name="elasticGC enabled" value="1" />
  <attribute name= "numThreadsSpecified" value="1" />
  <attribute name="heapSize specified" value="0" />
  <attribute name="Current GC Util" value="46" />
  <attribute name= "Current Time Running" value="51325" />
  <attribute name ="GC Interval" value="0" />
  <attribute name="ProportionalT" value="13.000000" />
  <attribute name="ProportionalI" value="13.000000" />
  <attribute name="ProportionalH" value="13.000000" />
  <attribute name="Current Error" value="26.000000" />
  <attribute name="IntegralT" value="0.000000" />
  <attribute name="IntegralI" value="0.000000" />
  <attribute name="IntegralH" value="0.000000" />
  <attribute name="DerivativeT" value="inf" />
  <attribute name="DerivativeI" value="inf" />
  <attribute name="DerivativeH" value="inf" />
  <attribute name="Loop Time for DT" value="0.000000" />
  <attribute name="Output H" value="8388608"/>
  <attribute name="Output I" value="200"/>
  <attribute name="Output T" value="1"/>
  <attribute name="Target GC Util Change" value ="20.000000" />
  <attribute name="Current GC Util Change" value="46.000000"/>
  <attribute name="GC Util currently" value="46" />
  <attribute name="CPU Util currently" value="17200787738370" />
<exclusive-end id="1077" timestamp="2019-06-16T21:51:54.981" durationms="4.138" />

<exclusive-start id="1078" timestamp="2019-06-16T21:51:55.050" intervalms="72.330">
  <response-info timems="0.052" idlems="0.052" threads="0" lastid="0000000001AFD700" lastname="main" />
</exclusive-start>
<allocation-taxation id="1079" taxation-threshold="14680064" timestamp="2019-06-16T21:51:55.050" intervalms="72.359" />
<gc-start id="1080" type="global mark phase" contextid="935" timestamp="2019-06-16T21:51:55.050">
  <mem-info id="1081" free="33554432" total="92274688" percent="36">
    <remembered-set count="36992" freebytes="3744640" totalbytes="3892608" percent="96" regionsoverflowed="0" regionsstable="4" regionsrebuilding="5"/>
  </mem-info>
</gc-start>
<gc-end id="1082" type="global mark phase" contextid="935" durationms="0.133" usertimems="0.000" systemtimems="0.000" timestamp="2019-06-16T21:51:55.050" activeThreads="1">
  <mem-info id="1083" free="33554432" total="92274688" percent="36">
    <remembered-set count="36992" freebytes="3744640" totalbytes="3892608" percent="96" regionsoverflowed="0" regionsstable="4" regionsrebuilding="5"/>
  </mem-info>
</gc-end>
<concurrent-start id="1084" type="GMP work packet processing" contextid="935" timestamp="2019-06-16T21:51:55.050">
  <concurrent-mark-start scanTarget="1048576" />
</concurrent-start>
<exclusive-end id="1085" timestamp="2019-06-16T21:51:55.051" durationms="1.758" />

<concurrent-end id="1086" type="GMP work packet processing" contextid="935" timestamp="2019-06-16T21:51:55.051">
  <concurrent-mark-end bytesScanned="1089100" reasonForTermination="Work target met" />
</concurrent-end>

<exclusive-start id="1087" timestamp="2019-06-16T21:51:55.138" intervalms="88.752">
  <response-info timems="0.162" idlems="0.162" threads="0" lastid="0000000001AFD700" lastname="main" />
</exclusive-start>
<allocation-taxation id="1088" taxation-threshold="14680064" timestamp="2019-06-16T21:51:55.139" intervalms="88.687" />
<cycle-start id="1089" type="partial gc" contextid="0" timestamp="2019-06-16T21:51:55.139" intervalms="161.011" />
<gc-start id="1090" type="partial gc" contextid="1089" timestamp="2019-06-16T21:51:55.139">
  <mem-info id="1091" free="18874368" total="92274688" percent="20">
    <mem type="eden" free="0" total="29360128" percent="0" />
    <remembered-set count="39168" freebytes="3735936" totalbytes="3892608" percent="95" regionsoverflowed="0" regionsstable="4" regionsrebuilding="5"/>
  </mem-info>
</gc-start>
<allocation-stats totalBytes="29356048" >
  <allocated-bytes non-tlh="32" tlh="29356016" arrayletleaf="0"/>
  <largest-consumer threadName="main" threadId="0000000001AFD700" bytes="14677896" />
</allocation-stats>
<gc-op id="1092" type="copy forward" timems="2.058" contextid="1089" timestamp="2019-06-16T21:51:55.142">
  <memory-copied type="eden" objects="47" bytes="1544" bytesdiscarded="0" />
  <memory-copied type="other" objects="39" bytes="1120" bytesdiscarded="0" />
  <memory-cardclean objects="10971" bytes="772696" />
  <regions eden="28" other="1" />
  <remembered-set-cleared processed="32600" cleared="918" durationms="0.195" />
  <stringconstants candidates="13733" cleared="0"  />
</gc-op>
<gc-op id="1093" type="classunload" timems="0.005" contextid="1089" timestamp="2019-06-16T21:51:55.142">
  <classunload-info classloadercandidates="55" classloadersunloaded="0" classesunloaded="0" anonymousclassesunloaded="0" quiescems="0.000" setupms="0.005" scanms="0.000" postms="0.000" />
</gc-op>
<heap-resize id="1094" type="contract" space="default" amount="5242880" count="1" timems="0.060" reason="insufficient time being spent in gc" timestamp="2019-06-16T21:51:55.142" />
<gc-end id="1095" type="partial gc" contextid="1089" durationms="3.543" usertimems="8.000" systemtimems="0.000" timestamp="2019-06-16T21:51:55.143" activeThreads="4">
  <mem-info id="1096" free="41943040" total="87031808" percent="48">
    <mem type="eden" free="1047032" total="1048576" percent="99" />
    <remembered-set count="37312" freebytes="3534080" totalbytes="3683328" percent="95" regionsoverflowed="0" regionsstable="4" regionsrebuilding="5"/>
  </mem-info>
</gc-end>
<cycle-end id="1097" type="partial gc" contextid="1089" timestamp="2019-06-16T21:51:55.143" />
  <attribute name="elasticGC enabled" value="1" />
  <attribute name= "numThreadsSpecified" value="4" />
  <attribute name="heapSize specified" value="0" />
  <attribute name="Current GC Util" value="35" />
  <attribute name= "Current Time Running" value="51486" />
  <attribute name ="GC Interval" value="0" />
  <attribute name="ProportionalT" value="7.500000" />
  <attribute name="ProportionalI" value="7.500000" />
  <attribute name="ProportionalH" value="7.500000" />
  <attribute name="Current Error" value="15.000000" />
  <attribute name="IntegralT" value="7.500000" />
  <attribute name="IntegralI" value="7.500000" />
  <attribute name="IntegralH" value="7.500000" />
  <attribute name="DerivativeT" value="15.000000" />
  <attribute name="DerivativeI" value="15.000000" />
  <attribute name="DerivativeH" value="15.000000" />
  <attribute name="Loop Time for DT" value="1.000000" />
  <attribute name="Output H" value="8388608"/>
  <attribute name="Output I" value="200"/>
  <attribute name="Output T" value="4"/>
  <attribute name="Target GC Util Change" value ="20.000000" />
  <attribute name="Current GC Util Change" value="35.000000"/>
  <attribute name="GC Util currently" value="35" />
  <attribute name="CPU Util currently" value="9628339978794" />
<exclusive-end id="1098" timestamp="2019-06-16T21:51:55.143" durationms="4.590" />

<exclusive-start id="1099" timestamp="2019-06-16T21:51:55.238" intervalms="99.961">
  <response-info timems="0.064" idlems="0.064" threads="0" lastid="0000000001AFD700" lastname="main" />
</exclusive-start>
<allocation-taxation id="1100" taxation-threshold="13631488" timestamp="2019-06-16T21:51:55.239" intervalms="100.004" />
<gc-start id="1101" type="global mark phase" contextid="935" timestamp="2019-06-16T21:51:55.239">
  <mem-info id="1102" free="28311552" total="87031808" percent="32">
    <remembered-set count="37248" freebytes="3534336" totalbytes="3683328" percent="95" regionsoverflowed="0" regionsstable="4" regionsrebuilding="5"/>
  </mem-info>
</gc-start>
<gc-end id="1103" type="global mark phase" contextid="935" durationms="0.105" usertimems="0.000" systemtimems="0.000" timestamp="2019-06-16T21:51:55.239" activeThreads="4">
  <mem-info id="1104" free="28311552" total="87031808" percent="32">
    <remembered-set count="37248" freebytes="3534336" totalbytes="3683328" percent="95" regionsoverflowed="0" regionsstable="4" regionsrebuilding="5"/>
  </mem-info>
</gc-end>
<concurrent-start id="1105" type="GMP work packet processing" contextid="935" timestamp="2019-06-16T21:51:55.239">
  <concurrent-mark-start scanTarget="1170172" />
</concurrent-start>
<concurrent-end id="1106" type="GMP work packet processing" contextid="935" timestamp="2019-06-16T21:51:55.240">
  <concurrent-mark-end bytesScanned="1198540" reasonForTermination="Work target met" />
</concurrent-end>

<exclusive-end id="1107" timestamp="2019-06-16T21:51:55.240" durationms="1.664" />

<exclusive-start id="1108" timestamp="2019-06-16T21:51:55.346" intervalms="107.852">
  <response-info timems="0.033" idlems="0.033" threads="0" lastid="0000000001AFD700" lastname="main" />
</exclusive-start>
<allocation-taxation id="1109" taxation-threshold="13631488" timestamp="2019-06-16T21:51:55.346" intervalms="107.814" />
<cycle-start id="1110" type="partial gc" contextid="0" timestamp="2019-06-16T21:51:55.347" intervalms="207.812" />
<gc-start id="1111" type="partial gc" contextid="1110" timestamp="2019-06-16T21:51:55.347">
  <mem-info id="1112" free="14680064" total="87031808" percent="16">
    <mem type="eden" free="0" total="27262976" percent="0" />
    <remembered-set count="47744" freebytes="3492352" totalbytes="3683328" percent="94" regionsoverflowed="0" regionsstable="4" regionsrebuilding="5"/>
  </mem-info>
</gc-start>
<allocation-stats totalBytes="27253824" >
  <allocated-bytes non-tlh="0" tlh="27253824" arrayletleaf="0"/>
  <largest-consumer threadName="main" threadId="0000000001AFD700" bytes="13626072" />
</allocation-stats>
<gc-op id="1113" type="copy forward" timems="2.082" contextid="1110" timestamp="2019-06-16T21:51:55.350">
  <memory-copied type="eden" objects="38" bytes="1496" bytesdiscarded="368" />
  <memory-copied type="other" objects="9" bytes="192" bytesdiscarded="0" />
  <memory-cardclean objects="21772" bytes="1124392" />
  <regions eden="26" other="1" />
  <remembered-set-cleared processed="32762" cleared="1703" durationms="0.187" />
  <stringconstants candidates="13733" cleared="0"  />
</gc-op>
<gc-op id="1114" type="classunload" timems="0.007" contextid="1110" timestamp="2019-06-16T21:51:55.350">
  <classunload-info classloadercandidates="55" classloadersunloaded="0" classesunloaded="0" anonymousclassesunloaded="0" quiescems="0.000" setupms="0.007" scanms="0.000" postms="0.000" />
</gc-op>
<heap-resize id="1115" type="contract" space="default" amount="5242880" count="1" timems="0.200" reason="insufficient time being spent in gc" timestamp="2019-06-16T21:51:55.350" />
<gc-end id="1116" type="partial gc" contextid="1110" durationms="3.593" usertimems="12.000" systemtimems="0.000" timestamp="2019-06-16T21:51:55.350" activeThreads="4">
  <mem-info id="1117" free="35651584" total="81788928" percent="43">
    <mem type="eden" free="1046712" total="1048576" percent="99" />
    <remembered-set count="40416" freebytes="3312384" totalbytes="3474048" percent="95" regionsoverflowed="0" regionsstable="4" regionsrebuilding="5"/>
  </mem-info>
</gc-end>
<cycle-end id="1118" type="partial gc" contextid="1110" timestamp="2019-06-16T21:51:55.351" />
  <attribute name="elasticGC enabled" value="1" />
  <attribute name= "numThreadsSpecified" value="4" />
  <attribute name="heapSize specified" value="0" />
  <attribute name="Current GC Util" value="43" />
  <attribute name= "Current Time Running" value="51694" />
  <attribute name ="GC Interval" value="0" />
  <attribute name="ProportionalT" value="11.500000" />
  <attribute name="ProportionalI" value="11.500000" />
  <attribute name="ProportionalH" value="11.500000" />
  <attribute name="Current Error" value="23.000000" />
  <attribute name="IntegralT" value="11.500000" />
  <attribute name="IntegralI" value="11.500000" />
  <attribute name="IntegralH" value="11.500000" />
  <attribute name="DerivativeT" value="23.000000" />
  <attribute name="DerivativeI" value="23.000000" />
  <attribute name="DerivativeH" value="23.000000" />
  <attribute name="Loop Time for DT" value="1.000000" />
  <attribute name="Output H" value="8388608"/>
  <attribute name="Output I" value="200"/>
  <attribute name="Output T" value="4"/>
  <attribute name="Target GC Util Change" value ="20.000000" />
  <attribute name="Current GC Util Change" value="43.000000"/>
  <attribute name="GC Util currently" value="43" />
  <attribute name="CPU Util currently" value="10150006711645" />
<exclusive-end id="1119" timestamp="2019-06-16T21:51:55.351" durationms="4.636" />

<exclusive-start id="1120" timestamp="2019-06-16T21:51:55.518" intervalms="171.440">
  <response-info timems="0.035" idlems="0.035" threads="0" lastid="0000000001AFD700" lastname="main" />
</exclusive-start>
<allocation-taxation id="1121" taxation-threshold="13631488" timestamp="2019-06-16T21:51:55.518" intervalms="171.478" />
<gc-start id="1122" type="global mark phase" contextid="935" timestamp="2019-06-16T21:51:55.518">
  <mem-info id="1123" free="22020096" total="81788928" percent="26">
    <remembered-set count="40000" freebytes="3314048" totalbytes="3474048" percent="95" regionsoverflowed="0" regionsstable="4" regionsrebuilding="5"/>
  </mem-info>
</gc-start>
<gc-end id="1124" type="global mark phase" contextid="935" durationms="0.105" usertimems="0.000" systemtimems="0.000" timestamp="2019-06-16T21:51:55.518" activeThreads="4">
  <mem-info id="1125" free="22020096" total="81788928" percent="26">
    <remembered-set count="40000" freebytes="3314048" totalbytes="3474048" percent="95" regionsoverflowed="0" regionsstable="4" regionsrebuilding="5"/>
  </mem-info>
</gc-end>
<concurrent-start id="1126" type="GMP work packet processing" contextid="935" timestamp="2019-06-16T21:51:55.518">
  <concurrent-mark-start scanTarget="1170172" />
</concurrent-start>
<concurrent-end id="1127" type="GMP work packet processing" contextid="935" timestamp="2019-06-16T21:51:55.519">
  <concurrent-mark-end bytesScanned="1195936" reasonForTermination="Work target met" />
</concurrent-end>

<exclusive-end id="1128" timestamp="2019-06-16T21:51:55.519" durationms="1.524" />

<exclusive-start id="1129" timestamp="2019-06-16T21:51:55.687" intervalms="169.374">
  <response-info timems="0.054" idlems="0.054" threads="0" lastid="0000000001AFD700" lastname="main" />
</exclusive-start>
<allocation-taxation id="1130" taxation-threshold="13631488" timestamp="2019-06-16T21:51:55.687" intervalms="169.348" />
<cycle-start id="1131" type="partial gc" contextid="0" timestamp="2019-06-16T21:51:55.687" intervalms="340.826" />
<gc-start id="1132" type="partial gc" contextid="1131" timestamp="2019-06-16T21:51:55.688">
  <mem-info id="1133" free="8388608" total="81788928" percent="10">
    <mem type="eden" free="0" total="27262976" percent="0" />
    <remembered-set count="46144" freebytes="3289472" totalbytes="3474048" percent="94" regionsoverflowed="0" regionsstable="4" regionsrebuilding="5"/>
  </mem-info>
</gc-start>
<allocation-stats totalBytes="27258352" >
  <allocated-bytes non-tlh="0" tlh="27258352" arrayletleaf="0"/>
  <largest-consumer threadName="main" threadId="0000000001AFD700" bytes="13629792" />
</allocation-stats>
<gc-op id="1134" type="copy forward" timems="3.754" contextid="1131" timestamp="2019-06-16T21:51:55.692">
  <memory-copied type="eden" objects="32" bytes="952" bytesdiscarded="0" />
  <memory-copied type="other" objects="8" bytes="208" bytesdiscarded="0" />
  <memory-cardclean objects="31251" bytes="1079096" />
  <regions eden="26" other="1" />
  <remembered-set-cleared processed="40271" cleared="4427" durationms="0.483" />
  <stringconstants candidates="13733" cleared="0"  />
</gc-op>
<gc-op id="1135" type="classunload" timems="0.005" contextid="1131" timestamp="2019-06-16T21:51:55.692">
  <classunload-info classloadercandidates="55" classloadersunloaded="0" classesunloaded="0" anonymousclassesunloaded="0" quiescems="0.000" setupms="0.005" scanms="0.000" postms="0.000" />
</gc-op>
<heap-resize id="1136" type="contract" space="default" amount="4194304" count="1" timems="0.335" reason="insufficient time being spent in gc" timestamp="2019-06-16T21:51:55.693" />
<gc-end id="1137" type="partial gc" contextid="1131" durationms="5.367" usertimems="16.000" systemtimems="0.000" timestamp="2019-06-16T21:51:55.693" activeThreads="1">
  <mem-info id="1138" free="30408704" total="77594624" percent="39">
    <mem type="eden" free="1047624" total="1048576" percent="99" />
    <remembered-set count="43840" freebytes="3089408" totalbytes="3264768" percent="94" regionsoverflowed="0" regionsstable="4" regionsrebuilding="5"/>
  </mem-info>
</gc-end>
<cycle-end id="1139" type="partial gc" contextid="1131" timestamp="2019-06-16T21:51:55.693" />
  <attribute name="elasticGC enabled" value="1" />
  <attribute name= "numThreadsSpecified" value="1" />
  <attribute name="heapSize specified" value="0" />
  <attribute name="Current GC Util" value="45" />
  <attribute name= "Current Time Running" value="52034" />
  <attribute name ="GC Interval" value="0" />
  <attribute name="ProportionalT" value="12.500000" />
  <attribute name="ProportionalI" value="12.500000" />
  <attribute name="ProportionalH" value="12.500000" />
  <attribute name="Current Error" value="25.000000" />
  <attribute name="IntegralT" value="0.000000" />
  <attribute name="IntegralI" value="0.000000" />
  <attribute name="IntegralH" value="0.000000" />
  <attribute name="DerivativeT" value="inf" />
  <attribute name="DerivativeI" value="inf" />
  <attribute name="DerivativeH" value="inf" />
  <attribute name="Loop Time for DT" value="0.000000" />
  <attribute name="Output H" value="8388608"/>
  <attribute name="Output I" value="200"/>
  <attribute name="Output T" value="1"/>
  <attribute name="Target GC Util Change" value ="20.000000" />
  <attribute name="Current GC Util Change" value="45.000000"/>
  <attribute name="GC Util currently" value="45" />
  <attribute name="CPU Util currently" value="11403153140208" />
<exclusive-end id="1140" timestamp="2019-06-16T21:51:55.693" durationms="6.343" />

<exclusive-start id="1141" timestamp="2019-06-16T21:51:55.817" intervalms="130.320">
  <response-info timems="0.034" idlems="0.034" threads="0" lastid="0000000001AFD700" lastname="main" />
</exclusive-start>
<allocation-taxation id="1142" taxation-threshold="12582912" timestamp="2019-06-16T21:51:55.818" intervalms="130.354" />
<gc-start id="1143" type="global mark phase" contextid="935" timestamp="2019-06-16T21:51:55.818">
  <mem-info id="1144" free="17825792" total="77594624" percent="22">
    <remembered-set count="43776" freebytes="3089664" totalbytes="3264768" percent="94" regionsoverflowed="0" regionsstable="4" regionsrebuilding="5"/>
  </mem-info>
</gc-start>
<gc-end id="1145" type="global mark phase" contextid="935" durationms="0.104" usertimems="0.000" systemtimems="4.000" timestamp="2019-06-16T21:51:55.818" activeThreads="1">
  <mem-info id="1146" free="17825792" total="77594624" percent="22">
    <remembered-set count="43776" freebytes="3089664" totalbytes="3264768" percent="94" regionsoverflowed="0" regionsstable="4" regionsrebuilding="5"/>
  </mem-info>
</gc-end>
<concurrent-start id="1147" type="GMP work packet processing" contextid="935" timestamp="2019-06-16T21:51:55.818">
  <concurrent-mark-start scanTarget="1048576" />
</concurrent-start>
<concurrent-end id="1148" type="GMP work packet processing" contextid="935" timestamp="2019-06-16T21:51:55.819">
  <concurrent-mark-end bytesScanned="1082068" reasonForTermination="Work target met" />
</concurrent-end>

<exclusive-end id="1149" timestamp="2019-06-16T21:51:55.819" durationms="1.544" />

<exclusive-start id="1150" timestamp="2019-06-16T21:51:55.884" intervalms="66.173">
  <response-info timems="0.044" idlems="0.044" threads="0" lastid="0000000001AFD700" lastname="main" />
</exclusive-start>
<allocation-taxation id="1151" taxation-threshold="12582912" timestamp="2019-06-16T21:51:55.884" intervalms="66.135" />
<cycle-start id="1152" type="partial gc" contextid="0" timestamp="2019-06-16T21:51:55.884" intervalms="196.498" />
<gc-start id="1153" type="partial gc" contextid="1152" timestamp="2019-06-16T21:51:55.884">
  <mem-info id="1154" free="5242880" total="77594624" percent="6">
    <mem type="eden" free="0" total="25165824" percent="0" />
    <remembered-set count="51136" freebytes="3060224" totalbytes="3264768" percent="93" regionsoverflowed="0" regionsstable="4" regionsrebuilding="5"/>
  </mem-info>
</gc-start>
<allocation-stats totalBytes="25161696" >
  <allocated-bytes non-tlh="0" tlh="25161696" arrayletleaf="0"/>
  <largest-consumer threadName="main" threadId="0000000001AFD700" bytes="12581160" />
</allocation-stats>
<gc-op id="1155" type="copy forward" timems="1.942" contextid="1152" timestamp="2019-06-16T21:51:55.887">
  <memory-copied type="eden" objects="26" bytes="816" bytesdiscarded="0" />
  <memory-copied type="other" objects="14" bytes="320" bytesdiscarded="0" />
  <memory-cardclean objects="9752" bytes="452848" />
  <regions eden="24" other="1" />
  <remembered-set-cleared processed="41693" cleared="1343" durationms="0.236" />
  <stringconstants candidates="13733" cleared="0"  />
</gc-op>
<gc-op id="1156" type="classunload" timems="0.009" contextid="1152" timestamp="2019-06-16T21:51:55.887">
  <classunload-info classloadercandidates="55" classloadersunloaded="0" classesunloaded="0" anonymousclassesunloaded="0" quiescems="0.000" setupms="0.009" scanms="0.000" postms="0.000" />
</gc-op>
<heap-resize id="1157" type="contract" space="default" amount="3145728" count="1" timems="0.200" reason="insufficient time being spent in gc" timestamp="2019-06-16T21:51:55.888" />
<gc-end id="1158" type="partial gc" contextid="1152" durationms="3.480" usertimems="12.000" systemtimems="0.000" timestamp="2019-06-16T21:51:55.888" activeThreads="4">
  <mem-info id="1159" free="26214400" total="74448896" percent="35">
    <mem type="eden" free="1047760" total="1048576" percent="99" />
    <remembered-set count="45408" freebytes="2915712" totalbytes="3097344" percent="94" regionsoverflowed="0" regionsstable="4" regionsrebuilding="5"/>
  </mem-info>
</gc-end>
<cycle-end id="1160" type="partial gc" contextid="1152" timestamp="2019-06-16T21:51:55.888" />
  <attribute name="elasticGC enabled" value="1" />
  <attribute name= "numThreadsSpecified" value="4" />
  <attribute name="heapSize specified" value="0" />
  <attribute name="Current GC Util" value="40" />
  <attribute name= "Current Time Running" value="52231" />
  <attribute name ="GC Interval" value="0" />
  <attribute name="ProportionalT" value="10.000000" />
  <attribute name="ProportionalI" value="10.000000" />
  <attribute name="ProportionalH" value="10.000000" />
  <attribute name="Current Error" value="20.000000" />
  <attribute name="IntegralT" value="10.000000" />
  <attribute name="IntegralI" value="10.000000" />
  <attribute name="IntegralH" value="10.000000" />
  <attribute name="DerivativeT" value="20.000000" />
  <attribute name="DerivativeI" value="20.000000" />
  <attribute name="DerivativeH" value="20.000000" />
  <attribute name="Loop Time for DT" value="1.000000" />
  <attribute name="Output H" value="8388608"/>
  <attribute name="Output I" value="200"/>
  <attribute name="Output T" value="4"/>
  <attribute name="Target GC Util Change" value ="20.000000" />
  <attribute name="Current GC Util Change" value="40.000000"/>
  <attribute name="GC Util currently" value="40" />
  <attribute name="CPU Util currently" value="10073912424164" />
<exclusive-end id="1161" timestamp="2019-06-16T21:51:55.888" durationms="4.361" />

<exclusive-start id="1162" timestamp="2019-06-16T21:51:55.975" intervalms="91.693">
  <response-info timems="0.039" idlems="0.039" threads="0" lastid="0000000001AFD700" lastname="main" />
</exclusive-start>
<allocation-taxation id="1163" taxation-threshold="12582912" timestamp="2019-06-16T21:51:55.975" intervalms="91.734" />
<gc-start id="1164" type="global mark phase" contextid="935" timestamp="2019-06-16T21:51:55.976">
  <mem-info id="1165" free="13631488" total="74448896" percent="18">
    <remembered-set count="45280" freebytes="2916224" totalbytes="3097344" percent="94" regionsoverflowed="0" regionsstable="4" regionsrebuilding="5"/>
  </mem-info>
</gc-start>
<gc-end id="1166" type="global mark phase" contextid="935" durationms="0.062" usertimems="0.000" systemtimems="0.000" timestamp="2019-06-16T21:51:55.976" activeThreads="4">
  <mem-info id="1167" free="13631488" total="74448896" percent="18">
    <remembered-set count="45280" freebytes="2916224" totalbytes="3097344" percent="94" regionsoverflowed="0" regionsstable="4" regionsrebuilding="5"/>
  </mem-info>
</gc-end>
<concurrent-start id="1168" type="GMP work packet processing" contextid="935" timestamp="2019-06-16T21:51:55.976">
  <concurrent-mark-start scanTarget="1170172" />
</concurrent-start>
<concurrent-end id="1169" type="GMP work packet processing" contextid="935" timestamp="2019-06-16T21:51:55.976">
  <concurrent-mark-end bytesScanned="1089044" reasonForTermination="Completed all work in GC phase" />
</concurrent-end>

<exclusive-end id="1170" timestamp="2019-06-16T21:51:55.977" durationms="1.286" />

<exclusive-start id="1171" timestamp="2019-06-16T21:51:56.227" intervalms="252.073">
  <response-info timems="0.060" idlems="0.060" threads="0" lastid="0000000001AFD700" lastname="main" />
</exclusive-start>
<allocation-taxation id="1172" taxation-threshold="12582912" timestamp="2019-06-16T21:51:56.227" intervalms="252.037" />
<cycle-start id="1173" type="partial gc" contextid="0" timestamp="2019-06-16T21:51:56.228" intervalms="343.786" />
<gc-start id="1174" type="partial gc" contextid="1173" timestamp="2019-06-16T21:51:56.228">
  <mem-info id="1175" free="1048576" total="74448896" percent="1">
    <mem type="eden" free="0" total="25165824" percent="0" />
    <remembered-set count="46208" freebytes="2912512" totalbytes="3097344" percent="94" regionsoverflowed="0" regionsstable="4" regionsrebuilding="5"/>
  </mem-info>
</gc-start>
<allocation-stats totalBytes="25164440" >
  <allocated-bytes non-tlh="0" tlh="25164440" arrayletleaf="0"/>
  <largest-consumer threadName="main" threadId="0000000001AFD700" bytes="12582376" />
</allocation-stats>
<gc-op id="1176" type="copy forward" timems="3.040" contextid="1173" timestamp="2019-06-16T21:51:56.232">
  <memory-copied type="eden" objects="33" bytes="920" bytesdiscarded="0" />
  <memory-copied type="other" objects="7" bytes="160" bytesdiscarded="0" />
  <memory-cardclean objects="42302" bytes="1666760" />
  <regions eden="24" other="1" />
  <remembered-set-cleared processed="38088" cleared="6075" durationms="0.224" />
  <stringconstants candidates="13733" cleared="0"  />
  <heap-resize type="expand" space="default" amount="1048576" count="1" timems="0.069" reason="continue current collection" />
</gc-op>
<gc-op id="1177" type="classunload" timems="0.006" contextid="1173" timestamp="2019-06-16T21:51:56.232">
  <classunload-info classloadercandidates="55" classloadersunloaded="0" classesunloaded="0" anonymousclassesunloaded="0" quiescems="0.000" setupms="0.005" scanms="0.000" postms="0.000" />
</gc-op>
<gc-end id="1178" type="partial gc" contextid="1173" durationms="4.533" usertimems="4.000" systemtimems="8.000" timestamp="2019-06-16T21:51:56.233" activeThreads="4">
  <mem-info id="1179" free="26214400" total="75497472" percent="34">
    <mem type="eden" free="1047656" total="1048576" percent="99" />
    <remembered-set count="44160" freebytes="2836992" totalbytes="3013632" percent="94" regionsoverflowed="0" regionsstable="4" regionsrebuilding="5"/>
  </mem-info>
</gc-end>
<cycle-end id="1180" type="partial gc" contextid="1173" timestamp="2019-06-16T21:51:56.233" />
  <attribute name="elasticGC enabled" value="1" />
  <attribute name= "numThreadsSpecified" value="4" />
  <attribute name="heapSize specified" value="0" />
  <attribute name="Current GC Util" value="37" />
  <attribute name= "Current Time Running" value="52575" />
  <attribute name ="GC Interval" value="0" />
  <attribute name="ProportionalT" value="8.500000" />
  <attribute name="ProportionalI" value="8.500000" />
  <attribute name="ProportionalH" value="8.500000" />
  <attribute name="Current Error" value="17.000000" />
  <attribute name="IntegralT" value="8.500000" />
  <attribute name="IntegralI" value="8.500000" />
  <attribute name="IntegralH" value="8.500000" />
  <attribute name="DerivativeT" value="17.000000" />
  <attribute name="DerivativeI" value="17.000000" />
  <attribute name="DerivativeH" value="17.000000" />
  <attribute name="Loop Time for DT" value="1.000000" />
  <attribute name="Output H" value="8388608"/>
  <attribute name="Output I" value="200"/>
  <attribute name="Output T" value="4"/>
  <attribute name="Target GC Util Change" value ="20.000000" />
  <attribute name="Current GC Util Change" value="37.000000"/>
  <attribute name="GC Util currently" value="37" />
  <attribute name="CPU Util currently" value="8580343867728" />
<exclusive-end id="1181" timestamp="2019-06-16T21:51:56.233" durationms="5.637" />

<exclusive-start id="1182" timestamp="2019-06-16T21:51:56.475" intervalms="247.355">
  <response-info timems="0.326" idlems="0.326" threads="0" lastid="0000000001AFD700" lastname="main" />
</exclusive-start>
<allocation-taxation id="1183" taxation-threshold="12582912" timestamp="2019-06-16T21:51:56.475" intervalms="247.409" />
<gc-start id="1184" type="global mark phase" contextid="935" timestamp="2019-06-16T21:51:56.475">
  <mem-info id="1185" free="13631488" total="75497472" percent="18">
    <remembered-set count="44064" freebytes="2837376" totalbytes="3013632" percent="94" regionsoverflowed="0" regionsstable="4" regionsrebuilding="5"/>
  </mem-info>
</gc-start>
<gc-op id="1186" type="mark increment" timems="4.251" contextid="935" timestamp="2019-06-16T21:51:56.479">
  <trace-info objectcount="167" scancount="165" scanbytes="348072" />
  <cardclean-info objects="127238" bytes="3633996" />
  <finalization candidates="79" enqueued="0" />
  <ownableSynchronizers candidates="23" cleared="0" />
  <references type="soft" candidates="4657" cleared="0" enqueued="0" dynamicThreshold="11" maxThreshold="32" />
  <references type="weak" candidates="5634" cleared="11" enqueued="6" />
  <references type="phantom" candidates="101" cleared="1" enqueued="1" />
  <stringconstants candidates="13733" cleared="5"  />
</gc-op>
<gc-op id="1187" type="classunload" timems="0.950" contextid="935" timestamp="2019-06-16T21:51:56.481">
  <classunload-info classloadercandidates="55" classloadersunloaded="1" classesunloaded="1" anonymousclassesunloaded="0" quiescems="0.409" setupms="0.522" scanms="0.423" postms="0.004" />
</gc-op>
<gc-end id="1188" type="global mark phase" contextid="935" durationms="5.846" usertimems="16.000" systemtimems="0.000" timestamp="2019-06-16T21:51:56.481" activeThreads="4">
  <mem-info id="1189" free="13631488" total="75497472" percent="18">
    <pending-finalizers system="0" default="0" reference="7" classloader="0" />
    <remembered-set count="51744" freebytes="2806656" totalbytes="3013632" percent="93" regionsoverflowed="0" regionsstable="4" regionsrebuilding="0"/>
  </mem-info>
</gc-end>
<cycle-end id="1190" type="global mark phase" contextid="935" timestamp="2019-06-16T21:51:56.481" />
  <attribute name="elasticGC enabled" value="1" />
  <attribute name= "numThreadsSpecified" value="4" />
  <attribute name="heapSize specified" value="0" />
  <attribute name="Current GC Util" value="112" />
  <attribute name= "Current Time Running" value="52824" />
  <attribute name ="GC Interval" value="0" />
  <attribute name="ProportionalT" value="46.000000" />
  <attribute name="ProportionalI" value="46.000000" />
  <attribute name="ProportionalH" value="46.000000" />
  <attribute name="Current Error" value="92.000000" />
  <attribute name="IntegralT" value="0.000000" />
  <attribute name="IntegralI" value="0.000000" />
  <attribute name="IntegralH" value="0.000000" />
  <attribute name="DerivativeT" value="-inf" />
  <attribute name="DerivativeI" value="-inf" />
  <attribute name="DerivativeH" value="-inf" />
  <attribute name="Loop Time for DT" value="0.000000" />
  <attribute name="Output H" value="2091843584"/>
  <attribute name="Output I" value="200"/>
  <attribute name="Output T" value="4"/>
  <attribute name="Target GC Util Change" value ="20.000000" />
  <attribute name="Current GC Util Change" value="112.000000"/>
  <attribute name="GC Util currently" value="112" />
  <attribute name="CPU Util currently" value="16006518270967" />
<exclusive-end id="1191" timestamp="2019-06-16T21:51:56.481" durationms="6.563" />

<exclusive-start id="1192" timestamp="2019-06-16T21:51:57.295" intervalms="820.134">
  <response-info timems="0.037" idlems="0.037" threads="0" lastid="0000000001AFD700" lastname="main" />
</exclusive-start>
<allocation-taxation id="1193" taxation-threshold="12582912" timestamp="2019-06-16T21:51:57.295" intervalms="820.051" />
<cycle-start id="1194" type="partial gc" contextid="0" timestamp="2019-06-16T21:51:57.295" intervalms="1067.435" />
<gc-start id="1195" type="partial gc" contextid="1194" timestamp="2019-06-16T21:51:57.295">
  <mem-info id="1196" free="1048576" total="75497472" percent="1">
    <mem type="eden" free="0" total="25165824" percent="0" />
    <remembered-set count="33408" freebytes="2880000" totalbytes="3013632" percent="95" regionsoverflowed="0" regionsstable="8" regionsrebuilding="0"/>
  </mem-info>
</gc-start>
<allocation-stats totalBytes="25164192" >
  <allocated-bytes non-tlh="0" tlh="25164192" arrayletleaf="0"/>
  <largest-consumer threadName="main" threadId="0000000001AFD700" bytes="12578024" />
</allocation-stats>
<gc-op id="1197" type="sweep" timems="0.754" contextid="1194" timestamp="2019-06-16T21:51:57.297" />
<gc-op id="1198" type="copy forward" timems="1.373" contextid="1194" timestamp="2019-06-16T21:51:57.299">
  <memory-copied type="eden" objects="47" bytes="1752" bytesdiscarded="104" />
  <memory-copied type="other" objects="21" bytes="480" bytesdiscarded="0" />
  <memory-cardclean objects="161" bytes="15040" />
  <regions eden="12" other="2" />
  <remembered-set-cleared processed="30244" cleared="61" durationms="0.173" />
  <references type="weak" candidates="2" cleared="0" enqueued="0" />
  <stringconstants candidates="13728" cleared="0"  />
</gc-op>
<gc-op id="1199" type="classunload" timems="0.005" contextid="1194" timestamp="2019-06-16T21:51:57.299">
  <classunload-info classloadercandidates="54" classloadersunloaded="0" classesunloaded="0" anonymousclassesunloaded="0" quiescems="0.000" setupms="0.004" scanms="0.000" postms="0.000" />
</gc-op>
<gc-end id="1200" type="partial gc" contextid="1194" durationms="3.548" usertimems="8.000" systemtimems="0.000" timestamp="2019-06-16T21:51:57.299" activeThreads="4">
  <mem-info id="1201" free="25165824" total="75497472" percent="33">
    <mem type="eden" free="1046720" total="1048576" percent="99" />
    <remembered-set count="34112" freebytes="2877184" totalbytes="3013632" percent="95" regionsoverflowed="0" regionsstable="8" regionsrebuilding="0"/>
  </mem-info>
</gc-end>
<cycle-end id="1202" type="partial gc" contextid="1194" timestamp="2019-06-16T21:51:57.299" />
  <attribute name="elasticGC enabled" value="1" />
  <attribute name= "numThreadsSpecified" value="4" />
  <attribute name="heapSize specified" value="0" />
  <attribute name="Current GC Util" value="39" />
  <attribute name= "Current Time Running" value="53643" />
  <attribute name ="GC Interval" value="0" />
  <attribute name="ProportionalT" value="9.500000" />
  <attribute name="ProportionalI" value="9.500000" />
  <attribute name="ProportionalH" value="9.500000" />
  <attribute name="Current Error" value="19.000000" />
  <attribute name="IntegralT" value="0.000000" />
  <attribute name="IntegralI" value="0.000000" />
  <attribute name="IntegralH" value="0.000000" />
  <attribute name="DerivativeT" value="-inf" />
  <attribute name="DerivativeI" value="-inf" />
  <attribute name="DerivativeH" value="-inf" />
  <attribute name="Loop Time for DT" value="0.000000" />
  <attribute name="Output H" value="2091843584"/>
  <attribute name="Output I" value="200"/>
  <attribute name="Output T" value="4"/>
  <attribute name="Target GC Util Change" value ="20.000000" />
  <attribute name="Current GC Util Change" value="39.000000"/>
  <attribute name="GC Util currently" value="39" />
  <attribute name="CPU Util currently" value="17365106255414" />
<exclusive-end id="1203" timestamp="2019-06-16T21:51:57.299" durationms="4.610" />

<exclusive-start id="1204" timestamp="2019-06-16T21:51:57.519" intervalms="223.765">
  <response-info timems="0.054" idlems="0.054" threads="0" lastid="0000000001AFD700" lastname="main" />
</exclusive-start>
<allocation-taxation id="1205" taxation-threshold="12582912" timestamp="2019-06-16T21:51:57.519" intervalms="223.789" />
<cycle-start id="1206" type="global mark phase" contextid="0" timestamp="2019-06-16T21:51:57.519" intervalms="4189.519" />
<gc-start id="1207" type="global mark phase" contextid="1206" timestamp="2019-06-16T21:51:57.519">
  <mem-info id="1208" free="12582912" total="75497472" percent="16">
    <remembered-set count="33792" freebytes="2878464" totalbytes="3013632" percent="95" regionsoverflowed="0" regionsstable="8" regionsrebuilding="0"/>
  </mem-info>
</gc-start>
<gc-op id="1209" type="mark increment" timems="0.648" contextid="1206" timestamp="2019-06-16T21:51:57.520">
  <trace-info objectcount="186" scancount="0" scanbytes="0" />
</gc-op>
<gc-end id="1210" type="global mark phase" contextid="1206" durationms="0.754" usertimems="4.000" systemtimems="0.000" timestamp="2019-06-16T21:51:57.520" activeThreads="4">
  <mem-info id="1211" free="12582912" total="75497472" percent="16">
    <remembered-set count="33792" freebytes="2878464" totalbytes="3013632" percent="95" regionsoverflowed="0" regionsstable="0" regionsrebuilding="8"/>
  </mem-info>
</gc-end>
<concurrent-start id="1212" type="GMP work packet processing" contextid="1206" timestamp="2019-06-16T21:51:57.520">
  <concurrent-mark-start scanTarget="1653481" />
</concurrent-start>
<exclusive-end id="1213" timestamp="2019-06-16T21:51:57.520" durationms="1.234" />

<concurrent-end id="1214" type="GMP work packet processing" contextid="1206" timestamp="2019-06-16T21:51:57.522">
  <concurrent-mark-end bytesScanned="1730176" reasonForTermination="Work target met" />
</concurrent-end>

<exclusive-start id="1215" timestamp="2019-06-16T21:51:57.644" intervalms="125.454">
  <response-info timems="0.071" idlems="0.071" threads="0" lastid="0000000001AFD700" lastname="main" />
</exclusive-start>
<allocation-taxation id="1216" taxation-threshold="12582912" timestamp="2019-06-16T21:51:57.644" intervalms="125.457" />
<cycle-start id="1217" type="partial gc" contextid="0" timestamp="2019-06-16T21:51:57.644" intervalms="349.258" />
<gc-start id="1218" type="partial gc" contextid="1217" timestamp="2019-06-16T21:51:57.645">
  <mem-info id="1219" free="0" total="75497472" percent="0">
    <mem type="eden" free="0" total="25165824" percent="0" />
    <remembered-set count="35744" freebytes="2870656" totalbytes="3013632" percent="95" regionsoverflowed="0" regionsstable="0" regionsrebuilding="8"/>
  </mem-info>
</gc-start>
<allocation-stats totalBytes="25163872" >
  <allocated-bytes non-tlh="0" tlh="25163872" arrayletleaf="0"/>
  <largest-consumer threadName="main" threadId="0000000001AFD700" bytes="12581968" />
</allocation-stats>
<gc-op id="1220" type="mark" timems="1.231" contextid="1217" timestamp="2019-06-16T21:51:57.646">
  <trace-info objectcount="71" scancount="71" scanbytes="2292" />
  <cardclean-info objects="71" bytes="11128" />
  <remembered-set-cleared processed="32070" cleared="64" durationms="0.365" />
  <references type="weak" candidates="2" cleared="0" enqueued="0" />
  <stringconstants candidates="13728" cleared="0"  />
  <warning details="Mark invoked due to insufficient free space for Copy-Forward" />
</gc-op>
<gc-op id="1221" type="classunload" timems="0.004" contextid="1217" timestamp="2019-06-16T21:51:57.647">
  <classunload-info classloadercandidates="54" classloadersunloaded="0" classesunloaded="0" anonymousclassesunloaded="0" quiescems="0.000" setupms="0.004" scanms="0.000" postms="0.000" />
</gc-op>
<gc-op id="1222" type="sweep" timems="0.462" contextid="1217" timestamp="2019-06-16T21:51:57.647" />
<gc-op id="1223" type="compact" timems="8.783" contextid="1217" timestamp="2019-06-16T21:51:57.656">
  <compact-info movecount="55203" movebytes="1519168" />
  <remembered-set-cleared processed="63201" cleared="5021" durationms="0.365" />
</gc-op>
<heap-resize id="1224" type="contract" space="default" amount="4194304" count="1" timems="0.298" reason="insufficient time being spent in gc" timestamp="2019-06-16T21:51:57.657" />
<gc-end id="1225" type="partial gc" contextid="1217" durationms="12.361" usertimems="24.000" systemtimems="0.000" timestamp="2019-06-16T21:51:57.657" activeThreads="1">
  <mem-info id="1226" free="34603008" total="71303168" percent="48">
    <mem type="eden" free="1047608" total="1048576" percent="99" />
    <remembered-set count="36512" freebytes="2867584" totalbytes="3013632" percent="95" regionsoverflowed="0" regionsstable="0" regionsrebuilding="8"/>
  </mem-info>
</gc-end>
<cycle-end id="1227" type="partial gc" contextid="1217" timestamp="2019-06-16T21:51:57.657" />
  <attribute name="elasticGC enabled" value="1" />
  <attribute name= "numThreadsSpecified" value="1" />
  <attribute name="heapSize specified" value="0" />
  <attribute name="Current GC Util" value="28" />
  <attribute name= "Current Time Running" value="53993" />
  <attribute name ="GC Interval" value="0" />
  <attribute name="ProportionalT" value="4.000000" />
  <attribute name="ProportionalI" value="4.000000" />
  <attribute name="ProportionalH" value="4.000000" />
  <attribute name="Current Error" value="8.000000" />
  <attribute name="IntegralT" value="0.000000" />
  <attribute name="IntegralI" value="0.000000" />
  <attribute name="IntegralH" value="0.000000" />
  <attribute name="DerivativeT" value="inf" />
  <attribute name="DerivativeI" value="inf" />
  <attribute name="DerivativeH" value="inf" />
  <attribute name="Loop Time for DT" value="0.000000" />
  <attribute name="Output H" value="8388608"/>
  <attribute name="Output I" value="200"/>
  <attribute name="Output T" value="1"/>
  <attribute name="Target GC Util Change" value ="20.000000" />
  <attribute name="Current GC Util Change" value="28.000000"/>
  <attribute name="GC Util currently" value="28" />
  <attribute name="CPU Util currently" value="6402682865470" />
<exclusive-end id="1228" timestamp="2019-06-16T21:51:57.657" durationms="13.437" />

<exclusive-start id="1229" timestamp="2019-06-16T21:51:57.715" intervalms="71.469">
  <response-info timems="0.088" idlems="0.088" threads="0" lastid="0000000001AFD700" lastname="main" />
</exclusive-start>
<allocation-taxation id="1230" taxation-threshold="11534336" timestamp="2019-06-16T21:51:57.716" intervalms="71.501" />
<gc-start id="1231" type="global mark phase" contextid="1206" timestamp="2019-06-16T21:51:57.716">
  <mem-info id="1232" free="23068672" total="71303168" percent="32">
    <remembered-set count="35680" freebytes="2870912" totalbytes="3013632" percent="95" regionsoverflowed="0" regionsstable="1" regionsrebuilding="8"/>
  </mem-info>
</gc-start>
<gc-end id="1233" type="global mark phase" contextid="1206" durationms="0.137" usertimems="0.000" systemtimems="0.000" timestamp="2019-06-16T21:51:57.716" activeThreads="1">
  <mem-info id="1234" free="23068672" total="71303168" percent="32">
    <remembered-set count="35680" freebytes="2870912" totalbytes="3013632" percent="95" regionsoverflowed="0" regionsstable="1" regionsrebuilding="8"/>
  </mem-info>
</gc-end>
<concurrent-start id="1235" type="GMP work packet processing" contextid="1206" timestamp="2019-06-16T21:51:57.716">
  <concurrent-mark-start scanTarget="2478679" />
</concurrent-start>
<concurrent-end id="1236" type="GMP work packet processing" contextid="1206" timestamp="2019-06-16T21:51:57.718">
  <concurrent-mark-end bytesScanned="2503464" reasonForTermination="Work target met" />
</concurrent-end>

<exclusive-end id="1237" timestamp="2019-06-16T21:51:57.718" durationms="2.653" />

<exclusive-start id="1238" timestamp="2019-06-16T21:51:57.801" intervalms="85.108">
  <response-info timems="0.141" idlems="0.141" threads="0" lastid="0000000001AFD700" lastname="main" />
</exclusive-start>
<allocation-taxation id="1239" taxation-threshold="11534336" timestamp="2019-06-16T21:51:57.801" intervalms="85.063" />
<cycle-start id="1240" type="partial gc" contextid="0" timestamp="2019-06-16T21:51:57.801" intervalms="156.555" />
<gc-start id="1241" type="partial gc" contextid="1240" timestamp="2019-06-16T21:51:57.801">
  <mem-info id="1242" free="11534336" total="71303168" percent="16">
    <mem type="eden" free="1047608" total="24117248" percent="4" />
    <remembered-set count="40480" freebytes="2851712" totalbytes="3013632" percent="94" regionsoverflowed="0" regionsstable="1" regionsrebuilding="8"/>
  </mem-info>
</gc-start>
<allocation-stats totalBytes="23067136" >
  <allocated-bytes non-tlh="0" tlh="23067136" arrayletleaf="0"/>
  <largest-consumer threadName="main" threadId="0000000001AFD700" bytes="11533640" />
</allocation-stats>
<gc-op id="1243" type="copy forward" timems="9.965" contextid="1240" timestamp="2019-06-16T21:51:57.812">
  <memory-copied type="eden" objects="27" bytes="848" bytesdiscarded="0" />
  <memory-copied type="other" objects="49654" bytes="1312120" bytesdiscarded="472" />
  <memory-cardclean objects="53329" bytes="2055752" />
  <regions eden="22" other="6" />
  <remembered-set-cleared processed="31966" cleared="9073" durationms="0.408" />
  <references type="soft" candidates="530" cleared="0" enqueued="0" dynamicThreshold="10" maxThreshold="32" />
  <references type="weak" candidates="999" cleared="0" enqueued="0" />
  <references type="phantom" candidates="2" cleared="0" enqueued="0" />
  <stringconstants candidates="13728" cleared="0"  />
</gc-op>
<gc-op id="1244" type="classunload" timems="0.012" contextid="1240" timestamp="2019-06-16T21:51:57.812">
  <classunload-info classloadercandidates="54" classloadersunloaded="0" classesunloaded="0" anonymousclassesunloaded="0" quiescems="0.000" setupms="0.011" scanms="0.000" postms="0.000" />
</gc-op>
<gc-end id="1245" type="partial gc" contextid="1240" durationms="11.508" usertimems="28.000" systemtimems="0.000" timestamp="2019-06-16T21:51:57.813" activeThreads="1">
  <mem-info id="1246" free="36700160" total="71303168" percent="51">
    <mem type="eden" free="2096144" total="2097152" percent="99" />
    <remembered-set count="39424" freebytes="2688512" totalbytes="2846208" percent="94" regionsoverflowed="0" regionsstable="1" regionsrebuilding="8"/>
  </mem-info>
</gc-end>
<cycle-end id="1247" type="partial gc" contextid="1240" timestamp="2019-06-16T21:51:57.813" />
  <attribute name="elasticGC enabled" value="1" />
  <attribute name= "numThreadsSpecified" value="1" />
  <attribute name="heapSize specified" value="0" />
  <attribute name="Current GC Util" value="39" />
  <attribute name= "Current Time Running" value="54148" />
  <attribute name ="GC Interval" value="0" />
  <attribute name="ProportionalT" value="9.500000" />
  <attribute name="ProportionalI" value="9.500000" />
  <attribute name="ProportionalH" value="9.500000" />
  <attribute name="Current Error" value="19.000000" />
  <attribute name="IntegralT" value="0.000000" />
  <attribute name="IntegralI" value="0.000000" />
  <attribute name="IntegralH" value="0.000000" />
  <attribute name="DerivativeT" value="inf" />
  <attribute name="DerivativeI" value="inf" />
  <attribute name="DerivativeH" value="inf" />
  <attribute name="Loop Time for DT" value="0.000000" />
  <attribute name="Output H" value="8388608"/>
  <attribute name="Output I" value="200"/>
  <attribute name="Output T" value="1"/>
  <attribute name="Target GC Util Change" value ="20.000000" />
  <attribute name="Current GC Util Change" value="39.000000"/>
  <attribute name="GC Util currently" value="39" />
  <attribute name="CPU Util currently" value="9917455001439" />
<exclusive-end id="1248" timestamp="2019-06-16T21:51:57.813" durationms="12.653" />

<exclusive-start id="1249" timestamp="2019-06-16T21:51:57.879" intervalms="77.986">
  <response-info timems="0.037" idlems="0.037" threads="0" lastid="0000000001AFD700" lastname="main" />
</exclusive-start>
<allocation-taxation id="1250" taxation-threshold="11534336" timestamp="2019-06-16T21:51:57.879" intervalms="78.066" />
<gc-start id="1251" type="global mark phase" contextid="1206" timestamp="2019-06-16T21:51:57.879">
  <mem-info id="1252" free="25165824" total="71303168" percent="35">
    <remembered-set count="37024" freebytes="2698112" totalbytes="2846208" percent="94" regionsoverflowed="0" regionsstable="2" regionsrebuilding="8"/>
  </mem-info>
</gc-start>
<gc-end id="1253" type="global mark phase" contextid="1206" durationms="0.146" usertimems="0.000" systemtimems="0.000" timestamp="2019-06-16T21:51:57.879" activeThreads="1">
  <mem-info id="1254" free="25165824" total="71303168" percent="35">
    <remembered-set count="37024" freebytes="2698112" totalbytes="2846208" percent="94" regionsoverflowed="0" regionsstable="2" regionsrebuilding="8"/>
  </mem-info>
</gc-end>
<concurrent-start id="1255" type="GMP work packet processing" contextid="1206" timestamp="2019-06-16T21:51:57.879">
  <concurrent-mark-start scanTarget="2478679" />
</concurrent-start>
<concurrent-end id="1256" type="GMP work packet processing" contextid="1206" timestamp="2019-06-16T21:51:57.881">
  <concurrent-mark-end bytesScanned="2505944" reasonForTermination="Work target met" />
</concurrent-end>

<exclusive-end id="1257" timestamp="2019-06-16T21:51:57.881" durationms="2.497" />

<exclusive-start id="1258" timestamp="2019-06-16T21:51:58.263" intervalms="384.317">
  <response-info timems="0.041" idlems="0.041" threads="0" lastid="0000000001AFD700" lastname="main" />
</exclusive-start>
<allocation-taxation id="1259" taxation-threshold="11534336" timestamp="2019-06-16T21:51:58.263" intervalms="384.241" />
<cycle-start id="1260" type="partial gc" contextid="0" timestamp="2019-06-16T21:51:58.263" intervalms="462.277" />
<gc-start id="1261" type="partial gc" contextid="1260" timestamp="2019-06-16T21:51:58.263">
  <mem-info id="1262" free="13631488" total="71303168" percent="19">
    <mem type="eden" free="0" total="23068672" percent="0" />
    <remembered-set count="40288" freebytes="2685056" totalbytes="2846208" percent="94" regionsoverflowed="0" regionsstable="2" regionsrebuilding="8"/>
  </mem-info>
</gc-start>
<allocation-stats totalBytes="23064256" >
  <allocated-bytes non-tlh="360" tlh="23063896" arrayletleaf="0"/>
  <largest-consumer threadName="main" threadId="0000000001AFD700" bytes="11530816" />
</allocation-stats>
<gc-op id="1263" type="copy forward" timems="7.182" contextid="1260" timestamp="2019-06-16T21:51:58.271">
  <memory-copied type="eden" objects="68" bytes="3152" bytesdiscarded="0" />
  <memory-copied type="other" objects="28213" bytes="1339912" bytesdiscarded="208" />
  <memory-cardclean objects="23855" bytes="1265256" />
  <regions eden="22" other="4" />
  <remembered-set-cleared processed="35750" cleared="7103" durationms="0.427" />
  <finalization candidates="37" enqueued="0" />
  <ownableSynchronizers candidates="17" cleared="0" />
  <references type="soft" candidates="213" cleared="0" enqueued="0" dynamicThreshold="11" maxThreshold="32" />
  <references type="weak" candidates="706" cleared="0" enqueued="0" />
  <references type="phantom" candidates="29" cleared="0" enqueued="0" />
  <stringconstants candidates="13734" cleared="0"  />
</gc-op>
<gc-op id="1264" type="classunload" timems="0.014" contextid="1260" timestamp="2019-06-16T21:51:58.272">
  <classunload-info classloadercandidates="54" classloadersunloaded="0" classesunloaded="0" anonymousclassesunloaded="0" quiescems="0.000" setupms="0.014" scanms="0.000" postms="0.000" />
</gc-op>
<heap-resize id="1265" type="contract" space="default" amount="4194304" count="1" timems="0.330" reason="insufficient time being spent in gc" timestamp="2019-06-16T21:51:58.272" />
<gc-end id="1266" type="partial gc" contextid="1260" durationms="8.726" usertimems="24.000" systemtimems="0.000" timestamp="2019-06-16T21:51:58.272" activeThreads="1">
  <mem-info id="1267" free="32505856" total="67108864" percent="48">
    <mem type="eden" free="1045424" total="1048576" percent="99" />
    <remembered-set count="40768" freebytes="2683136" totalbytes="2846208" percent="94" regionsoverflowed="0" regionsstable="2" regionsrebuilding="8"/>
  </mem-info>
</gc-end>
<cycle-end id="1268" type="partial gc" contextid="1260" timestamp="2019-06-16T21:51:58.272" />
  <attribute name="elasticGC enabled" value="1" />
  <attribute name= "numThreadsSpecified" value="1" />
  <attribute name="heapSize specified" value="0" />
  <attribute name="Current GC Util" value="58" />
  <attribute name= "Current Time Running" value="54610" />
  <attribute name ="GC Interval" value="0" />
  <attribute name="ProportionalT" value="19.000000" />
  <attribute name="ProportionalI" value="19.000000" />
  <attribute name="ProportionalH" value="19.000000" />
  <attribute name="Current Error" value="38.000000" />
  <attribute name="IntegralT" value="0.000000" />
  <attribute name="IntegralI" value="0.000000" />
  <attribute name="IntegralH" value="0.000000" />
  <attribute name="DerivativeT" value="inf" />
  <attribute name="DerivativeI" value="inf" />
  <attribute name="DerivativeH" value="inf" />
  <attribute name="Loop Time for DT" value="0.000000" />
  <attribute name="Output H" value="8388608"/>
  <attribute name="Output I" value="200"/>
  <attribute name="Output T" value="1"/>
  <attribute name="Target GC Util Change" value ="20.000000" />
  <attribute name="Current GC Util Change" value="58.000000"/>
  <attribute name="GC Util currently" value="58" />
  <attribute name="CPU Util currently" value="20909460213946" />
<exclusive-end id="1269" timestamp="2019-06-16T21:51:58.273" durationms="9.629" />

<exclusive-start id="1270" timestamp="2019-06-16T21:51:58.865" intervalms="602.326">
  <response-info timems="0.159" idlems="0.159" threads="0" lastid="0000000001AFD700" lastname="main" />
</exclusive-start>
<allocation-taxation id="1271" taxation-threshold="11534336" timestamp="2019-06-16T21:51:58.865" intervalms="602.327" />
<gc-start id="1272" type="global mark phase" contextid="1206" timestamp="2019-06-16T21:51:58.865">
  <mem-info id="1273" free="20971520" total="67108864" percent="31">
    <remembered-set count="37536" freebytes="2696064" totalbytes="2846208" percent="94" regionsoverflowed="0" regionsstable="3" regionsrebuilding="8"/>
  </mem-info>
</gc-start>
<gc-end id="1274" type="global mark phase" contextid="1206" durationms="0.106" usertimems="0.000" systemtimems="0.000" timestamp="2019-06-16T21:51:58.866" activeThreads="1">
  <mem-info id="1275" free="20971520" total="67108864" percent="31">
    <remembered-set count="37536" freebytes="2696064" totalbytes="2846208" percent="94" regionsoverflowed="0" regionsstable="3" regionsrebuilding="8"/>
  </mem-info>
</gc-end>
<concurrent-start id="1276" type="GMP work packet processing" contextid="1206" timestamp="2019-06-16T21:51:58.866">
  <concurrent-mark-start scanTarget="1652453" />
</concurrent-start>
<concurrent-end id="1277" type="GMP work packet processing" contextid="1206" timestamp="2019-06-16T21:51:58.867">
  <concurrent-mark-end bytesScanned="1680100" reasonForTermination="Work target met" />
</concurrent-end>

<exclusive-end id="1278" timestamp="2019-06-16T21:51:58.867" durationms="1.642" />

<exclusive-start id="1279" timestamp="2019-06-16T21:51:58.934" intervalms="69.145">
  <response-info timems="0.108" idlems="0.108" threads="0" lastid="0000000001AFD700" lastname="main" />
</exclusive-start>
<allocation-taxation id="1280" taxation-threshold="11534336" timestamp="2019-06-16T21:51:58.935" intervalms="69.135" />
<cycle-start id="1281" type="partial gc" contextid="0" timestamp="2019-06-16T21:51:58.935" intervalms="671.491" />
<gc-start id="1282" type="partial gc" contextid="1281" timestamp="2019-06-16T21:51:58.935">
  <mem-info id="1283" free="9437184" total="67108864" percent="14">
    <mem type="eden" free="0" total="23068672" percent="0" />
    <remembered-set count="38624" freebytes="2691712" totalbytes="2846208" percent="94" regionsoverflowed="0" regionsstable="3" regionsrebuilding="8"/>
  </mem-info>
</gc-start>
<allocation-stats totalBytes="23049464" >
  <allocated-bytes non-tlh="0" tlh="23049464" arrayletleaf="0"/>
  <largest-consumer threadName="main" threadId="0000000001AFD700" bytes="11526360" />
</allocation-stats>
<gc-op id="1284" type="copy forward" timems="3.110" contextid="1281" timestamp="2019-06-16T21:51:58.939">
  <memory-copied type="eden" objects="4" bytes="184" bytesdiscarded="0" />
  <memory-copied type="other" objects="74" bytes="2800" bytesdiscarded="2048" />
  <memory-cardclean objects="81745" bytes="2788248" />
  <regions eden="22" other="2" />
  <remembered-set-cleared processed="29381" cleared="6702" durationms="0.210" />
  <references type="weak" candidates="6" cleared="0" enqueued="0" />
  <stringconstants candidates="13734" cleared="0"  />
</gc-op>
<gc-op id="1285" type="classunload" timems="0.005" contextid="1281" timestamp="2019-06-16T21:51:58.939">
  <classunload-info classloadercandidates="54" classloadersunloaded="0" classesunloaded="0" anonymousclassesunloaded="0" quiescems="0.000" setupms="0.004" scanms="0.000" postms="0.000" />
</gc-op>
<heap-resize id="1286" type="contract" space="default" amount="4194304" count="1" timems="0.232" reason="insufficient time being spent in gc" timestamp="2019-06-16T21:51:58.940" />
<gc-end id="1287" type="partial gc" contextid="1281" durationms="4.817" usertimems="12.000" systemtimems="0.000" timestamp="2019-06-16T21:51:58.940" activeThreads="4">
  <mem-info id="1288" free="27262976" total="62914560" percent="43">
    <mem type="eden" free="1048392" total="1048576" percent="99" />
    <remembered-set count="36128" freebytes="2534272" totalbytes="2678784" percent="94" regionsoverflowed="0" regionsstable="3" regionsrebuilding="8"/>
  </mem-info>
</gc-end>
<cycle-end id="1289" type="partial gc" contextid="1281" timestamp="2019-06-16T21:51:58.940" />
  <attribute name="elasticGC enabled" value="1" />
  <attribute name= "numThreadsSpecified" value="4" />
  <attribute name="heapSize specified" value="0" />
  <attribute name="Current GC Util" value="44" />
  <attribute name= "Current Time Running" value="55282" />
  <attribute name ="GC Interval" value="0" />
  <attribute name="ProportionalT" value="12.000000" />
  <attribute name="ProportionalI" value="12.000000" />
  <attribute name="ProportionalH" value="12.000000" />
  <attribute name="Current Error" value="24.000000" />
  <attribute name="IntegralT" value="12.000000" />
  <attribute name="IntegralI" value="12.000000" />
  <attribute name="IntegralH" value="12.000000" />
  <attribute name="DerivativeT" value="24.000000" />
  <attribute name="DerivativeI" value="24.000000" />
  <attribute name="DerivativeH" value="24.000000" />
  <attribute name="Loop Time for DT" value="1.000000" />
  <attribute name="Output H" value="8388608"/>
  <attribute name="Output I" value="200"/>
  <attribute name="Output T" value="4"/>
  <attribute name="Target GC Util Change" value ="20.000000" />
  <attribute name="Current GC Util Change" value="44.000000"/>
  <attribute name="GC Util currently" value="44" />
  <attribute name="CPU Util currently" value="9776051277340" />
<exclusive-end id="1290" timestamp="2019-06-16T21:51:58.940" durationms="5.821" />

<exclusive-start id="1291" timestamp="2019-06-16T21:51:58.958" intervalms="23.978">
  <response-info timems="0.066" idlems="0.066" threads="0" lastid="0000000001AFD700" lastname="main" />
</exclusive-start>
<allocation-taxation id="1292" taxation-threshold="10485760" timestamp="2019-06-16T21:51:58.959" intervalms="23.984" />
<gc-start id="1293" type="global mark phase" contextid="1206" timestamp="2019-06-16T21:51:58.959">
  <mem-info id="1294" free="16777216" total="62914560" percent="26">
    <remembered-set count="36032" freebytes="2534656" totalbytes="2678784" percent="94" regionsoverflowed="0" regionsstable="3" regionsrebuilding="8"/>
  </mem-info>
</gc-start>
<gc-end id="1295" type="global mark phase" contextid="1206" durationms="0.102" usertimems="0.000" systemtimems="0.000" timestamp="2019-06-16T21:51:58.959" activeThreads="4">
  <mem-info id="1296" free="16777216" total="62914560" percent="26">
    <remembered-set count="36032" freebytes="2534656" totalbytes="2678784" percent="94" regionsoverflowed="0" regionsstable="3" regionsrebuilding="8"/>
  </mem-info>
</gc-end>
<concurrent-start id="1297" type="GMP work packet processing" contextid="1206" timestamp="2019-06-16T21:51:58.959">
  <concurrent-mark-start scanTarget="1652453" />
</concurrent-start>
<exclusive-end id="1298" timestamp="2019-06-16T21:51:58.960" durationms="1.440" />

<concurrent-end id="1299" type="GMP work packet processing" contextid="1206" timestamp="2019-06-16T21:51:58.960">
  <concurrent-mark-end bytesScanned="1690932" reasonForTermination="Work target met" />
</concurrent-end>

<exclusive-start id="1300" timestamp="2019-06-16T21:51:59.144" intervalms="186.081">
  <response-info timems="0.039" idlems="0.039" threads="0" lastid="0000000001AFD700" lastname="main" />
</exclusive-start>
<allocation-taxation id="1301" taxation-threshold="10485760" timestamp="2019-06-16T21:51:59.145" intervalms="186.103" />
<cycle-start id="1302" type="partial gc" contextid="0" timestamp="2019-06-16T21:51:59.145" intervalms="210.097" />
<gc-start id="1303" type="partial gc" contextid="1302" timestamp="2019-06-16T21:51:59.145">
  <mem-info id="1304" free="6291456" total="62914560" percent="10">
    <mem type="eden" free="1048392" total="22020096" percent="4" />
    <remembered-set count="38688" freebytes="2524032" totalbytes="2678784" percent="94" regionsoverflowed="0" regionsstable="3" regionsrebuilding="8"/>
  </mem-info>
</gc-start>
<allocation-stats totalBytes="20959768" >
  <allocated-bytes non-tlh="0" tlh="20959768" arrayletleaf="0"/>
  <largest-consumer threadName="main" threadId="0000000001AFD700" bytes="10483608" />
</allocation-stats>
<gc-op id="1305" type="copy forward" timems="2.346" contextid="1302" timestamp="2019-06-16T21:51:59.148">
  <memory-copied type="eden" objects="41" bytes="1248" bytesdiscarded="696" />
  <memory-copied type="other" objects="14" bytes="320" bytesdiscarded="0" />
  <memory-cardclean objects="63165" bytes="2193408" />
  <regions eden="20" other="2" />
  <remembered-set-cleared processed="30228" cleared="5396" durationms="0.154" />
  <references type="weak" candidates="14" cleared="0" enqueued="0" />
  <stringconstants candidates="13734" cleared="0"  />
</gc-op>
<gc-op id="1306" type="classunload" timems="0.006" contextid="1302" timestamp="2019-06-16T21:51:59.148">
  <classunload-info classloadercandidates="54" classloadersunloaded="0" classesunloaded="0" anonymousclassesunloaded="0" quiescems="0.000" setupms="0.006" scanms="0.000" postms="0.000" />
</gc-op>
<heap-resize id="1307" type="contract" space="default" amount="3145728" count="1" timems="0.255" reason="insufficient time being spent in gc" timestamp="2019-06-16T21:51:59.149" />
<gc-end id="1308" type="partial gc" contextid="1302" durationms="3.921" usertimems="8.000" systemtimems="4.000" timestamp="2019-06-16T21:51:59.149" activeThreads="4">
  <mem-info id="1309" free="24117248" total="59768832" percent="40">
    <mem type="eden" free="1046632" total="1048576" percent="99" />
    <remembered-set count="36928" freebytes="2363648" totalbytes="2511360" percent="94" regionsoverflowed="0" regionsstable="3" regionsrebuilding="8"/>
  </mem-info>
</gc-end>
<cycle-end id="1310" type="partial gc" contextid="1302" timestamp="2019-06-16T21:51:59.149" />
  <attribute name="elasticGC enabled" value="1" />
  <attribute name= "numThreadsSpecified" value="4" />
  <attribute name="heapSize specified" value="0" />
  <attribute name="Current GC Util" value="56" />
  <attribute name= "Current Time Running" value="55492" />
  <attribute name ="GC Interval" value="0" />
  <attribute name="ProportionalT" value="18.000000" />
  <attribute name="ProportionalI" value="18.000000" />
  <attribute name="ProportionalH" value="18.000000" />
  <attribute name="Current Error" value="36.000000" />
  <attribute name="IntegralT" value="18.000000" />
  <attribute name="IntegralI" value="18.000000" />
  <attribute name="IntegralH" value="18.000000" />
  <attribute name="DerivativeT" value="36.000000" />
  <attribute name="DerivativeI" value="36.000000" />
  <attribute name="DerivativeH" value="36.000000" />
  <attribute name="Loop Time for DT" value="1.000000" />
  <attribute name="Output H" value="8388608"/>
  <attribute name="Output I" value="200"/>
  <attribute name="Output T" value="4"/>
  <attribute name="Target GC Util Change" value ="20.000000" />
  <attribute name="Current GC Util Change" value="56.000000"/>
  <attribute name="GC Util currently" value="56" />
  <attribute name="CPU Util currently" value="11855294877890" />
<exclusive-end id="1311" timestamp="2019-06-16T21:51:59.149" durationms="4.998" />

<exclusive-start id="1312" timestamp="2019-06-16T21:51:59.174" intervalms="29.234">
  <response-info timems="0.037" idlems="0.037" threads="0" lastid="0000000001AFD700" lastname="main" />
</exclusive-start>
<allocation-taxation id="1313" taxation-threshold="10485760" timestamp="2019-06-16T21:51:59.174" intervalms="29.263" />
<gc-start id="1314" type="global mark phase" contextid="1206" timestamp="2019-06-16T21:51:59.174">
  <mem-info id="1315" free="13631488" total="59768832" percent="22">
    <remembered-set count="36576" freebytes="2365056" totalbytes="2511360" percent="94" regionsoverflowed="0" regionsstable="3" regionsrebuilding="8"/>
  </mem-info>
</gc-start>
<gc-end id="1316" type="global mark phase" contextid="1206" durationms="0.106" usertimems="0.000" systemtimems="0.000" timestamp="2019-06-16T21:51:59.174" activeThreads="4">
  <mem-info id="1317" free="13631488" total="59768832" percent="22">
    <remembered-set count="36576" freebytes="2365056" totalbytes="2511360" percent="94" regionsoverflowed="0" regionsstable="3" regionsrebuilding="8"/>
  </mem-info>
</gc-end>
<concurrent-start id="1318" type="GMP work packet processing" contextid="1206" timestamp="2019-06-16T21:51:59.174">
  <concurrent-mark-start scanTarget="3304906" />
</concurrent-start>
<concurrent-end id="1319" type="GMP work packet processing" contextid="1206" timestamp="2019-06-16T21:51:59.176">
  <concurrent-mark-end bytesScanned="3354100" reasonForTermination="Work target met" />
</concurrent-end>

<exclusive-end id="1320" timestamp="2019-06-16T21:51:59.176" durationms="2.400" />

<exclusive-start id="1321" timestamp="2019-06-16T21:51:59.186" intervalms="12.067">
  <response-info timems="0.034" idlems="0.034" threads="0" lastid="0000000001AFD700" lastname="main" />
</exclusive-start>
<allocation-taxation id="1322" taxation-threshold="10485760" timestamp="2019-06-16T21:51:59.186" intervalms="12.022" />
<cycle-start id="1323" type="partial gc" contextid="0" timestamp="2019-06-16T21:51:59.186" intervalms="41.267" />
<gc-start id="1324" type="partial gc" contextid="1323" timestamp="2019-06-16T21:51:59.186">
  <mem-info id="1325" free="3145728" total="59768832" percent="5">
    <mem type="eden" free="0" total="20971520" percent="0" />
    <remembered-set count="63520" freebytes="2257280" totalbytes="2511360" percent="89" regionsoverflowed="0" regionsstable="3" regionsrebuilding="8"/>
  </mem-info>
</gc-start>
<allocation-stats totalBytes="20953824" >
  <allocated-bytes non-tlh="0" tlh="20953824" arrayletleaf="0"/>
  <largest-consumer threadName="main" threadId="0000000001AFD700" bytes="10472168" />
</allocation-stats>
<gc-op id="1326" type="copy forward" timems="5.136" contextid="1323" timestamp="2019-06-16T21:51:59.192">
  <memory-copied type="eden" objects="25" bytes="1296" bytesdiscarded="0" />
  <memory-copied type="other" objects="29" bytes="792" bytesdiscarded="0" />
  <memory-cardclean objects="56441" bytes="1944744" />
  <regions eden="20" other="2" />
  <remembered-set-cleared processed="41290" cleared="8843" durationms="0.472" />
  <references type="weak" candidates="14" cleared="0" enqueued="0" />
  <stringconstants candidates="13734" cleared="0"  />
</gc-op>
<gc-op id="1327" type="classunload" timems="0.009" contextid="1323" timestamp="2019-06-16T21:51:59.192">
  <classunload-info classloadercandidates="54" classloadersunloaded="0" classesunloaded="0" anonymousclassesunloaded="0" quiescems="0.000" setupms="0.009" scanms="0.000" postms="0.000" />
</gc-op>
<heap-resize id="1328" type="contract" space="default" amount="3145728" count="1" timems="0.286" reason="insufficient time being spent in gc" timestamp="2019-06-16T21:51:59.193" />
<gc-end id="1329" type="partial gc" contextid="1323" durationms="6.813" usertimems="16.000" systemtimems="4.000" timestamp="2019-06-16T21:51:59.193" activeThreads="1">
  <mem-info id="1330" free="19922944" total="56623104" percent="35">
    <mem type="eden" free="1047280" total="1048576" percent="99" />
    <remembered-set count="44576" freebytes="2207488" totalbytes="2385792" percent="92" regionsoverflowed="0" regionsstable="3" regionsrebuilding="8"/>
  </mem-info>
</gc-end>
<cycle-end id="1331" type="partial gc" contextid="1323" timestamp="2019-06-16T21:51:59.193" />
  <attribute name="elasticGC enabled" value="1" />
  <attribute name= "numThreadsSpecified" value="1" />
  <attribute name="heapSize specified" value="0" />
  <attribute name="Current GC Util" value="76" />
  <attribute name= "Current Time Running" value="55533" />
  <attribute name ="GC Interval" value="0" />
  <attribute name="ProportionalT" value="28.000000" />
  <attribute name="ProportionalI" value="28.000000" />
  <attribute name="ProportionalH" value="28.000000" />
  <attribute name="Current Error" value="56.000000" />
  <attribute name="IntegralT" value="0.000000" />
  <attribute name="IntegralI" value="0.000000" />
  <attribute name="IntegralH" value="0.000000" />
  <attribute name="DerivativeT" value="inf" />
  <attribute name="DerivativeI" value="inf" />
  <attribute name="DerivativeH" value="inf" />
  <attribute name="Loop Time for DT" value="0.000000" />
  <attribute name="Output H" value="8388608"/>
  <attribute name="Output I" value="200"/>
  <attribute name="Output T" value="1"/>
  <attribute name="Target GC Util Change" value ="20.000000" />
  <attribute name="Current GC Util Change" value="76.000000"/>
  <attribute name="GC Util currently" value="76" />
  <attribute name="CPU Util currently" value="11883920302676" />
<exclusive-end id="1332" timestamp="2019-06-16T21:51:59.194" durationms="7.860" />

<exclusive-start id="1333" timestamp="2019-06-16T21:51:59.200" intervalms="14.047">
  <response-info timems="0.034" idlems="0.034" threads="0" lastid="0000000001AFD700" lastname="main" />
</exclusive-start>
<allocation-taxation id="1334" taxation-threshold="9437184" timestamp="2019-06-16T21:51:59.200" intervalms="14.059" />
<gc-start id="1335" type="global mark phase" contextid="1206" timestamp="2019-06-16T21:51:59.200">
  <mem-info id="1336" free="10485760" total="56623104" percent="18">
    <remembered-set count="44576" freebytes="2207488" totalbytes="2385792" percent="92" regionsoverflowed="0" regionsstable="3" regionsrebuilding="8"/>
  </mem-info>
</gc-start>
<gc-end id="1337" type="global mark phase" contextid="1206" durationms="0.105" usertimems="0.000" systemtimems="0.000" timestamp="2019-06-16T21:51:59.200" activeThreads="1">
  <mem-info id="1338" free="10485760" total="56623104" percent="18">
    <remembered-set count="44576" freebytes="2207488" totalbytes="2385792" percent="92" regionsoverflowed="0" regionsstable="3" regionsrebuilding="8"/>
  </mem-info>
</gc-end>
<concurrent-start id="1339" type="GMP work packet processing" contextid="1206" timestamp="2019-06-16T21:51:59.200">
  <concurrent-mark-start scanTarget="18446744073709551615" />
</concurrent-start>
<concurrent-end id="1340" type="GMP work packet processing" contextid="1206" timestamp="2019-06-16T21:51:59.201">
  <concurrent-mark-end bytesScanned="365000" reasonForTermination="Completed all work in GC phase" />
</concurrent-end>

<exclusive-end id="1341" timestamp="2019-06-16T21:51:59.201" durationms="0.957" />

<exclusive-start id="1342" timestamp="2019-06-16T21:51:59.207" intervalms="7.138">
  <response-info timems="0.037" idlems="0.037" threads="0" lastid="0000000001AFD700" lastname="main" />
</exclusive-start>
<allocation-taxation id="1343" taxation-threshold="9437184" timestamp="2019-06-16T21:51:59.207" intervalms="7.113" />
<cycle-start id="1344" type="partial gc" contextid="0" timestamp="2019-06-16T21:51:59.207" intervalms="21.181" />
<gc-start id="1345" type="partial gc" contextid="1344" timestamp="2019-06-16T21:51:59.207">
  <mem-info id="1346" free="1048576" total="56623104" percent="1">
    <mem type="eden" free="0" total="18874368" percent="0" />
    <remembered-set count="45664" freebytes="2203136" totalbytes="2385792" percent="92" regionsoverflowed="0" regionsstable="3" regionsrebuilding="8"/>
  </mem-info>
</gc-start>
<allocation-stats totalBytes="18841408" >
  <allocated-bytes non-tlh="0" tlh="18841408" arrayletleaf="0"/>
  <largest-consumer threadName="main" threadId="0000000001AFD700" bytes="9420360" />
</allocation-stats>
<gc-op id="1347" type="copy forward" timems="1.419" contextid="1344" timestamp="2019-06-16T21:51:59.210">
  <memory-copied type="eden" objects="3" bytes="72" bytesdiscarded="0" />
  <memory-copied type="other" objects="29" bytes="1384" bytesdiscarded="0" />
  <memory-cardclean objects="45" bytes="2128" />
  <regions eden="18" other="2" />
  <remembered-set-cleared processed="43155" cleared="24" durationms="0.365" />
  <stringconstants candidates="13734" cleared="0"  />
  <heap-resize type="expand" space="default" amount="2097152" count="2" timems="0.094" reason="continue current collection" />
</gc-op>
<gc-op id="1348" type="classunload" timems="0.005" contextid="1344" timestamp="2019-06-16T21:51:59.210">
  <classunload-info classloadercandidates="54" classloadersunloaded="0" classesunloaded="0" anonymousclassesunloaded="0" quiescems="0.000" setupms="0.004" scanms="0.000" postms="0.000" />
</gc-op>
<gc-op id="1349" type="compact" timems="1.172" contextid="1344" timestamp="2019-06-16T21:51:59.211">
  <compact-info movecount="0" movebytes="0" />
  <remembered-set-cleared processed="86318" cleared="24" durationms="0.365" />
</gc-op>
<heap-resize id="1350" type="expand" space="default" amount="10485760" count="1" timems="0.067" reason="excessive time being spent in gc" timestamp="2019-06-16T21:51:59.211" />
<gc-end id="1351" type="partial gc" contextid="1344" durationms="4.124" usertimems="8.000" systemtimems="0.000" timestamp="2019-06-16T21:51:59.212" activeThreads="4">
  <mem-info id="1352" free="31457280" total="69206016" percent="45">
    <mem type="eden" free="1048504" total="1048576" percent="99" />
    <remembered-set count="46368" freebytes="2577024" totalbytes="2762496" percent="93" regionsoverflowed="0" regionsstable="3" regionsrebuilding="8"/>
  </mem-info>
</gc-end>
<cycle-end id="1353" type="partial gc" contextid="1344" timestamp="2019-06-16T21:51:59.212" />
  <attribute name="elasticGC enabled" value="1" />
  <attribute name= "numThreadsSpecified" value="4" />
  <attribute name="heapSize specified" value="0" />
  <attribute name="Current GC Util" value="0" />
  <attribute name= "Current Time Running" value="55556" />
  <attribute name ="GC Interval" value="0" />
  <attribute name="ProportionalT" value="-10.000000" />
  <attribute name="ProportionalI" value="-10.000000" />
  <attribute name="ProportionalH" value="-10.000000" />
  <attribute name="Current Error" value="-20.000000" />
  <attribute name="IntegralT" value="-20.000000" />
  <attribute name="IntegralI" value="-20.000000" />
  <attribute name="IntegralH" value="-20.000000" />
  <attribute name="DerivativeT" value="-26.000000" />
  <attribute name="DerivativeI" value="-26.000000" />
  <attribute name="DerivativeH" value="-26.000000" />
  <attribute name="Loop Time for DT" value="2.000000" />
  <attribute name="Output H" value="2091843584"/>
  <attribute name="Output I" value="200"/>
  <attribute name="Output T" value="4"/>
  <attribute name="Target GC Util Change" value ="20.000000" />
  <attribute name="Current GC Util Change" value="0.000000"/>
  <attribute name="GC Util currently" value="0" />
  <attribute name="CPU Util currently" value="2567196430975" />
<exclusive-end id="1354" timestamp="2019-06-16T21:51:59.212" durationms="5.001" />

<exclusive-start id="1355" timestamp="2019-06-16T21:51:59.219" intervalms="12.486">
  <response-info timems="0.050" idlems="0.050" threads="0" lastid="0000000001AFD700" lastname="main" />
</exclusive-start>
<allocation-taxation id="1356" taxation-threshold="11534336" timestamp="2019-06-16T21:51:59.220" intervalms="12.522" />
<gc-start id="1357" type="global mark phase" contextid="1206" timestamp="2019-06-16T21:51:59.220">
  <mem-info id="1358" free="19922944" total="69206016" percent="28">
    <remembered-set count="46368" freebytes="2577024" totalbytes="2762496" percent="93" regionsoverflowed="0" regionsstable="3" regionsrebuilding="8"/>
  </mem-info>
</gc-start>
<gc-op id="1359" type="mark increment" timems="4.220" contextid="1206" timestamp="2019-06-16T21:51:59.224">
  <trace-info objectcount="2369" scancount="2346" scanbytes="410296" />
  <cardclean-info objects="249073" bytes="6797828" />
  <finalization candidates="79" enqueued="0" />
  <ownableSynchronizers candidates="23" cleared="0" />
  <references type="soft" candidates="4657" cleared="52" enqueued="51" dynamicThreshold="14" maxThreshold="32" />
  <references type="weak" candidates="5643" cleared="0" enqueued="0" />
  <references type="phantom" candidates="100" cleared="0" enqueued="0" />
  <stringconstants candidates="13734" cleared="0"  />
</gc-op>
<gc-op id="1360" type="classunload" timems="0.008" contextid="1206" timestamp="2019-06-16T21:51:59.224">
  <classunload-info classloadercandidates="54" classloadersunloaded="0" classesunloaded="0" anonymousclassesunloaded="0" quiescems="0.000" setupms="0.008" scanms="0.000" postms="0.000" />
</gc-op>
<gc-end id="1361" type="global mark phase" contextid="1206" durationms="4.810" usertimems="16.000" systemtimems="0.000" timestamp="2019-06-16T21:51:59.225" activeThreads="4">
  <mem-info id="1362" free="19922944" total="69206016" percent="28">
    <pending-finalizers system="0" default="0" reference="51" classloader="0" />
    <remembered-set count="55072" freebytes="2542208" totalbytes="2762496" percent="92" regionsoverflowed="0" regionsstable="3" regionsrebuilding="0"/>
  </mem-info>
</gc-end>
<cycle-end id="1363" type="global mark phase" contextid="1206" timestamp="2019-06-16T21:51:59.225" />
  <attribute name="elasticGC enabled" value="1" />
  <attribute name= "numThreadsSpecified" value="4" />
  <attribute name="heapSize specified" value="0" />
  <attribute name="Current GC Util" value="164" />
  <attribute name= "Current Time Running" value="55569" />
  <attribute name ="GC Interval" value="0" />
  <attribute name="ProportionalT" value="72.000000" />
  <attribute name="ProportionalI" value="72.000000" />
  <attribute name="ProportionalH" value="72.000000" />
  <attribute name="Current Error" value="144.000000" />
  <attribute name="IntegralT" value="0.000000" />
  <attribute name="IntegralI" value="0.000000" />
  <attribute name="IntegralH" value="0.000000" />
  <attribute name="DerivativeT" value="-inf" />
  <attribute name="DerivativeI" value="-inf" />
  <attribute name="DerivativeH" value="-inf" />
  <attribute name="Loop Time for DT" value="0.000000" />
  <attribute name="Output H" value="2091843584"/>
  <attribute name="Output I" value="200"/>
  <attribute name="Output T" value="4"/>
  <attribute name="Target GC Util Change" value ="20.000000" />
  <attribute name="Current GC Util Change" value="164.000000"/>
  <attribute name="GC Util currently" value="164" />
  <attribute name="CPU Util currently" value="16221652371669" />
<exclusive-end id="1364" timestamp="2019-06-16T21:51:59.225" durationms="5.573" />

<exclusive-start id="1365" timestamp="2019-06-16T21:51:59.233" intervalms="13.615">
  <response-info timems="0.063" idlems="0.063" threads="0" lastid="0000000001AFD700" lastname="main" />
</exclusive-start>
<allocation-taxation id="1366" taxation-threshold="11534336" timestamp="2019-06-16T21:51:59.233" intervalms="13.614" />
<cycle-start id="1367" type="partial gc" contextid="0" timestamp="2019-06-16T21:51:59.233" intervalms="26.206" />
<gc-start id="1368" type="partial gc" contextid="1367" timestamp="2019-06-16T21:51:59.234">
  <mem-info id="1369" free="8388608" total="69206016" percent="12">
    <mem type="eden" free="1048504" total="24117248" percent="4" />
    <remembered-set count="37248" freebytes="2613504" totalbytes="2762496" percent="94" regionsoverflowed="0" regionsstable="9" regionsrebuilding="0"/>
  </mem-info>
</gc-start>
<allocation-stats totalBytes="23027416" >
  <allocated-bytes non-tlh="0" tlh="23027416" arrayletleaf="0"/>
  <largest-consumer threadName="main" threadId="0000000001AFD700" bytes="11509312" />
</allocation-stats>
<gc-op id="1370" type="sweep" timems="0.571" contextid="1367" timestamp="2019-06-16T21:51:59.235" />
<gc-op id="1371" type="copy forward" timems="1.151" contextid="1367" timestamp="2019-06-16T21:51:59.236">
  <memory-copied type="eden" objects="4" bytes="592" bytesdiscarded="744" />
  <memory-copied type="other" objects="0" bytes="0" bytesdiscarded="0" />
  <memory-cardclean objects="115" bytes="3304" />
  <regions eden="11" other="1" />
  <remembered-set-cleared processed="35521" cleared="10" durationms="0.182" />
  <stringconstants candidates="13734" cleared="0"  />
</gc-op>
<gc-op id="1372" type="classunload" timems="0.004" contextid="1367" timestamp="2019-06-16T21:51:59.236">
  <classunload-info classloadercandidates="54" classloadersunloaded="0" classesunloaded="0" anonymousclassesunloaded="0" quiescems="0.000" setupms="0.004" scanms="0.000" postms="0.000" />
</gc-op>
<heap-resize id="1373" type="expand" space="default" amount="12582912" count="1" timems="0.073" reason="excessive time being spent in gc" timestamp="2019-06-16T21:51:59.237" />
<gc-end id="1374" type="partial gc" contextid="1367" durationms="3.154" usertimems="8.000" systemtimems="0.000" timestamp="2019-06-16T21:51:59.237" activeThreads="4">
  <mem-info id="1375" free="44040192" total="81788928" percent="53">
    <mem type="eden" free="1047240" total="1048576" percent="99" />
    <remembered-set count="37824" freebytes="3113472" totalbytes="3264768" percent="95" regionsoverflowed="0" regionsstable="9" regionsrebuilding="0"/>
  </mem-info>
</gc-end>
<cycle-end id="1376" type="partial gc" contextid="1367" timestamp="2019-06-16T21:51:59.237" />
  <attribute name="elasticGC enabled" value="1" />
  <attribute name= "numThreadsSpecified" value="4" />
  <attribute name="heapSize specified" value="0" />
  <attribute name="Current GC Util" value="51" />
  <attribute name= "Current Time Running" value="55581" />
  <attribute name ="GC Interval" value="0" />
  <attribute name="ProportionalT" value="15.500000" />
  <attribute name="ProportionalI" value="15.500000" />
  <attribute name="ProportionalH" value="15.500000" />
  <attribute name="Current Error" value="31.000000" />
  <attribute name="IntegralT" value="0.000000" />
  <attribute name="IntegralI" value="0.000000" />
  <attribute name="IntegralH" value="0.000000" />
  <attribute name="DerivativeT" value="-inf" />
  <attribute name="DerivativeI" value="-inf" />
  <attribute name="DerivativeH" value="-inf" />
  <attribute name="Loop Time for DT" value="0.000000" />
  <attribute name="Output H" value="2091843584"/>
  <attribute name="Output I" value="200"/>
  <attribute name="Output T" value="4"/>
  <attribute name="Target GC Util Change" value ="20.000000" />
  <attribute name="Current GC Util Change" value="51.000000"/>
  <attribute name="GC Util currently" value="51" />
  <attribute name="CPU Util currently" value="21863274100829" />
<exclusive-end id="1377" timestamp="2019-06-16T21:51:59.237" durationms="4.187" />

<exclusive-start id="1378" timestamp="2019-06-16T21:51:59.246" intervalms="12.997">
  <response-info timems="0.038" idlems="0.038" threads="0" lastid="0000000001AFD700" lastname="main" />
</exclusive-start>
<allocation-taxation id="1379" taxation-threshold="13631488" timestamp="2019-06-16T21:51:59.246" intervalms="13.016" />
<cycle-start id="1380" type="global mark phase" contextid="0" timestamp="2019-06-16T21:51:59.246" intervalms="1727.573" />
<gc-start id="1381" type="global mark phase" contextid="1380" timestamp="2019-06-16T21:51:59.247">
  <mem-info id="1382" free="30408704" total="81788928" percent="37">
    <remembered-set count="37344" freebytes="3115392" totalbytes="3264768" percent="95" regionsoverflowed="0" regionsstable="9" regionsrebuilding="0"/>
  </mem-info>
</gc-start>
<gc-op id="1383" type="mark increment" timems="6.169" contextid="1380" timestamp="2019-06-16T21:51:59.253">
  <trace-info objectcount="478833" scancount="408978" scanbytes="10692316" />
</gc-op>
<gc-end id="1384" type="global mark phase" contextid="1380" durationms="6.438" usertimems="24.000" systemtimems="0.000" timestamp="2019-06-16T21:51:59.253" activeThreads="4">
  <mem-info id="1385" free="30408704" total="81788928" percent="37">
    <remembered-set count="61920" freebytes="3017088" totalbytes="3264768" percent="92" regionsoverflowed="0" regionsstable="0" regionsrebuilding="9"/>
  </mem-info>
</gc-end>
<concurrent-start id="1386" type="GMP work packet processing" contextid="1380" timestamp="2019-06-16T21:51:59.253">
  <concurrent-mark-start scanTarget="4198488" />
</concurrent-start>
<exclusive-end id="1387" timestamp="2019-06-16T21:51:59.255" durationms="8.485" />

<concurrent-end id="1388" type="GMP work packet processing" contextid="1380" timestamp="2019-06-16T21:51:59.255">
  <concurrent-mark-end bytesScanned="2888212" reasonForTermination="Completed all work in GC phase" />
</concurrent-end>

<exclusive-start id="1389" timestamp="2019-06-16T21:51:59.264" intervalms="18.436">
  <response-info timems="0.171" idlems="0.171" threads="0" lastid="0000000001AFD700" lastname="main" />
</exclusive-start>
<allocation-taxation id="1390" taxation-threshold="13631488" timestamp="2019-06-16T21:51:59.265" intervalms="18.381" />
<cycle-start id="1391" type="partial gc" contextid="0" timestamp="2019-06-16T21:51:59.265" intervalms="31.321" />
<gc-start id="1392" type="partial gc" contextid="1391" timestamp="2019-06-16T21:51:59.265">
  <mem-info id="1393" free="16777216" total="81788928" percent="20">
    <mem type="eden" free="0" total="27262976" percent="0" />
    <remembered-set count="72352" freebytes="2975360" totalbytes="3264768" percent="91" regionsoverflowed="0" regionsstable="0" regionsrebuilding="9"/>
  </mem-info>
</gc-start>
<allocation-stats totalBytes="27214616" >
  <allocated-bytes non-tlh="0" tlh="27214616" arrayletleaf="0"/>
  <largest-consumer threadName="main" threadId="0000000001AFD700" bytes="13607256" />
</allocation-stats>
<gc-op id="1394" type="copy forward" timems="4.152" contextid="1391" timestamp="2019-06-16T21:51:59.270">
  <memory-copied type="eden" objects="4" bytes="104" bytesdiscarded="0" />
  <memory-copied type="other" objects="16136" bytes="758432" bytesdiscarded="102416" />
  <memory-cardclean objects="109908" bytes="2823120" />
  <regions eden="26" other="4" />
  <remembered-set-cleared processed="61136" cleared="13701" durationms="0.254" />
  <finalization candidates="13" enqueued="0" />
  <references type="soft" candidates="52" cleared="0" enqueued="0" dynamicThreshold="11" maxThreshold="32" />
  <references type="weak" candidates="172" cleared="0" enqueued="0" />
  <references type="phantom" candidates="55" cleared="0" enqueued="0" />
  <stringconstants candidates="13734" cleared="0"  />
</gc-op>
<gc-op id="1395" type="classunload" timems="0.005" contextid="1391" timestamp="2019-06-16T21:51:59.270">
  <classunload-info classloadercandidates="54" classloadersunloaded="0" classesunloaded="0" anonymousclassesunloaded="0" quiescems="0.000" setupms="0.005" scanms="0.000" postms="0.000" />
</gc-op>
<heap-resize id="1396" type="expand" space="default" amount="12582912" count="1" timems="0.074" reason="excessive time being spent in gc" timestamp="2019-06-16T21:51:59.270" />
<gc-end id="1397" type="partial gc" contextid="1391" durationms="5.291" usertimems="16.000" systemtimems="0.000" timestamp="2019-06-16T21:51:59.270" activeThreads="4">
  <mem-info id="1398" free="56623104" total="94371840" percent="60">
    <mem type="eden" free="1048472" total="1048576" percent="99" />
    <remembered-set count="66368" freebytes="3501568" totalbytes="3767040" percent="92" regionsoverflowed="0" regionsstable="0" regionsrebuilding="9"/>
  </mem-info>
</gc-end>
<cycle-end id="1399" type="partial gc" contextid="1391" timestamp="2019-06-16T21:51:59.270" />
  <attribute name="elasticGC enabled" value="1" />
  <attribute name= "numThreadsSpecified" value="4" />
  <attribute name="heapSize specified" value="0" />
  <attribute name="Current GC Util" value="86" />
  <attribute name= "Current Time Running" value="55612" />
  <attribute name ="GC Interval" value="0" />
  <attribute name="ProportionalT" value="33.000000" />
  <attribute name="ProportionalI" value="33.000000" />
  <attribute name="ProportionalH" value="33.000000" />
  <attribute name="Current Error" value="66.000000" />
  <attribute name="IntegralT" value="33.000000" />
  <attribute name="IntegralI" value="33.000000" />
  <attribute name="IntegralH" value="33.000000" />
  <attribute name="DerivativeT" value="57.000000" />
  <attribute name="DerivativeI" value="57.000000" />
  <attribute name="DerivativeH" value="57.000000" />
  <attribute name="Loop Time for DT" value="1.000000" />
  <attribute name="Output H" value="8388608"/>
  <attribute name="Output I" value="200"/>
  <attribute name="Output T" value="4"/>
  <attribute name="Target GC Util Change" value ="20.000000" />
  <attribute name="Current GC Util Change" value="86.000000"/>
  <attribute name="GC Util currently" value="86" />
  <attribute name="CPU Util currently" value="21641861904827" />
<exclusive-end id="1400" timestamp="2019-06-16T21:51:59.271" durationms="6.291" />

<exclusive-start id="1401" timestamp="2019-06-16T21:51:59.329" intervalms="64.057">
  <response-info timems="0.059" idlems="0.059" threads="0" lastid="0000000001AFD700" lastname="main" />
</exclusive-start>
<allocation-taxation id="1402" taxation-threshold="14680064" timestamp="2019-06-16T21:51:59.329" intervalms="64.119" />
<gc-start id="1403" type="global mark phase" contextid="1380" timestamp="2019-06-16T21:51:59.329">
  <mem-info id="1404" free="41943040" total="94371840" percent="44">
    <remembered-set count="40512" freebytes="3604992" totalbytes="3767040" percent="95" regionsoverflowed="0" regionsstable="7" regionsrebuilding="9"/>
  </mem-info>
</gc-start>
<gc-op id="1405" type="mark increment" timems="8.088" contextid="1380" timestamp="2019-06-16T21:51:59.337">
  <trace-info objectcount="35" scancount="34" scanbytes="115672" />
  <cardclean-info objects="189917" bytes="4130900" />
  <finalization candidates="79" enqueued="0" />
  <ownableSynchronizers candidates="23" cleared="0" />
  <references type="soft" candidates="4605" cleared="0" enqueued="0" dynamicThreshold="19" maxThreshold="32" />
  <references type="weak" candidates="5635" cleared="0" enqueued="0" />
  <references type="phantom" candidates="100" cleared="0" enqueued="0" />
  <stringconstants candidates="13734" cleared="0"  />
</gc-op>
<gc-op id="1406" type="classunload" timems="0.008" contextid="1380" timestamp="2019-06-16T21:51:59.337">
  <classunload-info classloadercandidates="54" classloadersunloaded="0" classesunloaded="0" anonymousclassesunloaded="0" quiescems="0.000" setupms="0.008" scanms="0.000" postms="0.000" />
</gc-op>
<gc-end id="1407" type="global mark phase" contextid="1380" durationms="8.454" usertimems="20.000" systemtimems="0.000" timestamp="2019-06-16T21:51:59.337" activeThreads="1">
  <mem-info id="1408" free="41943040" total="94371840" percent="44">
    <remembered-set count="45632" freebytes="3584512" totalbytes="3767040" percent="95" regionsoverflowed="0" regionsstable="7" regionsrebuilding="0"/>
  </mem-info>
</gc-end>
<cycle-end id="1409" type="global mark phase" contextid="1380" timestamp="2019-06-16T21:51:59.337" />
  <attribute name="elasticGC enabled" value="1" />
  <attribute name= "numThreadsSpecified" value="1" />
  <attribute name="heapSize specified" value="0" />
  <attribute name="Current GC Util" value="98" />
  <attribute name= "Current Time Running" value="55682" />
  <attribute name ="GC Interval" value="0" />
  <attribute name="ProportionalT" value="39.000000" />
  <attribute name="ProportionalI" value="39.000000" />
  <attribute name="ProportionalH" value="39.000000" />
  <attribute name="Current Error" value="78.000000" />
  <attribute name="IntegralT" value="0.000000" />
  <attribute name="IntegralI" value="0.000000" />
  <attribute name="IntegralH" value="0.000000" />
  <attribute name="DerivativeT" value="inf" />
  <attribute name="DerivativeI" value="inf" />
  <attribute name="DerivativeH" value="inf" />
  <attribute name="Loop Time for DT" value="0.000000" />
  <attribute name="Output H" value="8388608"/>
  <attribute name="Output I" value="200"/>
  <attribute name="Output T" value="1"/>
  <attribute name="Target GC Util Change" value ="20.000000" />
  <attribute name="Current GC Util Change" value="98.000000"/>
  <attribute name="GC Util currently" value="98" />
  <attribute name="CPU Util currently" value="27580864292125" />
<exclusive-end id="1410" timestamp="2019-06-16T21:51:59.339" durationms="10.692" />

<exclusive-start id="1411" timestamp="2019-06-16T21:51:59.397" intervalms="68.223">
  <response-info timems="0.038" idlems="0.038" threads="0" lastid="0000000001AFD700" lastname="main" />
</exclusive-start>
<allocation-taxation id="1412" taxation-threshold="14680064" timestamp="2019-06-16T21:51:59.397" intervalms="68.237" />
<cycle-start id="1413" type="partial gc" contextid="0" timestamp="2019-06-16T21:51:59.397" intervalms="132.413" />
<gc-start id="1414" type="partial gc" contextid="1413" timestamp="2019-06-16T21:51:59.398">
  <mem-info id="1415" free="27262976" total="94371840" percent="28">
    <mem type="eden" free="1048472" total="30408704" percent="3" />
    <remembered-set count="10432" freebytes="3725312" totalbytes="3767040" percent="98" regionsoverflowed="0" regionsstable="16" regionsrebuilding="0"/>
  </mem-info>
</gc-start>
<allocation-stats totalBytes="29321368" >
  <allocated-bytes non-tlh="0" tlh="29321368" arrayletleaf="0"/>
  <largest-consumer threadName="main" threadId="0000000001AFD700" bytes="14666376" />
</allocation-stats>
<gc-op id="1416" type="sweep" timems="0.549" contextid="1413" timestamp="2019-06-16T21:51:59.398" />
<gc-op id="1417" type="copy forward" timems="0.822" contextid="1413" timestamp="2019-06-16T21:51:59.400">
  <memory-copied type="eden" objects="12" bytes="1208" bytesdiscarded="381" />
  <memory-copied type="other" objects="33" bytes="912" bytesdiscarded="787" />
  <memory-cardclean objects="91" bytes="3656" />
  <regions eden="14" other="2" />
  <remembered-set-cleared processed="9086" cleared="15" durationms="0.136" />
  <stringconstants candidates="13734" cleared="0"  />
</gc-op>
<gc-op id="1418" type="classunload" timems="0.005" contextid="1413" timestamp="2019-06-16T21:51:59.400">
  <classunload-info classloadercandidates="54" classloadersunloaded="0" classesunloaded="0" anonymousclassesunloaded="0" quiescems="0.000" setupms="0.005" scanms="0.000" postms="0.000" />
</gc-op>
<gc-end id="1419" type="partial gc" contextid="1413" durationms="2.547" usertimems="8.000" systemtimems="0.000" timestamp="2019-06-16T21:51:59.400" activeThreads="4">
  <mem-info id="1420" free="56623104" total="94371840" percent="60">
    <mem type="eden" free="1045448" total="1048576" percent="99" />
    <remembered-set count="11360" freebytes="3721600" totalbytes="3767040" percent="98" regionsoverflowed="0" regionsstable="16" regionsrebuilding="0"/>
  </mem-info>
</gc-end>
<cycle-end id="1421" type="partial gc" contextid="1413" timestamp="2019-06-16T21:51:59.400" />
  <attribute name="elasticGC enabled" value="1" />
  <attribute name= "numThreadsSpecified" value="4" />
  <attribute name="heapSize specified" value="0" />
  <attribute name="Current GC Util" value="55" />
  <attribute name= "Current Time Running" value="55745" />
  <attribute name ="GC Interval" value="0" />
  <attribute name="ProportionalT" value="17.500000" />
  <attribute name="ProportionalI" value="17.500000" />
  <attribute name="ProportionalH" value="17.500000" />
  <attribute name="Current Error" value="35.000000" />
  <attribute name="IntegralT" value="0.000000" />
  <attribute name="IntegralI" value="0.000000" />
  <attribute name="IntegralH" value="0.000000" />
  <attribute name="DerivativeT" value="-inf" />
  <attribute name="DerivativeI" value="-inf" />
  <attribute name="DerivativeH" value="-inf" />
  <attribute name="Loop Time for DT" value="0.000000" />
  <attribute name="Output H" value="2091843584"/>
  <attribute name="Output I" value="200"/>
  <attribute name="Output T" value="4"/>
  <attribute name="Target GC Util Change" value ="20.000000" />
  <attribute name="Current GC Util Change" value="55.000000"/>
  <attribute name="GC Util currently" value="55" />
  <attribute name="CPU Util currently" value="24915911149176" />
<exclusive-end id="1422" timestamp="2019-06-16T21:51:59.400" durationms="3.712" />

<exclusive-start id="1423" timestamp="2019-06-16T21:51:59.460" intervalms="63.327">
  <response-info timems="0.038" idlems="0.038" threads="0" lastid="0000000001AFD700" lastname="main" />
</exclusive-start>
<allocation-taxation id="1424" taxation-threshold="30408704" timestamp="2019-06-16T21:51:59.460" intervalms="63.320" />
<cycle-start id="1425" type="partial gc" contextid="0" timestamp="2019-06-16T21:51:59.461" intervalms="63.370" />
<gc-start id="1426" type="partial gc" contextid="1425" timestamp="2019-06-16T21:51:59.461">
  <mem-info id="1427" free="26214400" total="94371840" percent="27">
    <mem type="eden" free="0" total="30408704" percent="0" />
    <remembered-set count="10944" freebytes="3723264" totalbytes="3767040" percent="98" regionsoverflowed="0" regionsstable="16" regionsrebuilding="0"/>
  </mem-info>
</gc-start>
<allocation-stats totalBytes="30381152" >
  <allocated-bytes non-tlh="0" tlh="30381152" arrayletleaf="0"/>
  <largest-consumer threadName="main" threadId="0000000001AFD700" bytes="30381152" />
</allocation-stats>
<gc-op id="1428" type="copy forward" timems="3.713" contextid="1425" timestamp="2019-06-16T21:51:59.465">
  <memory-copied type="eden" objects="31" bytes="1584" bytesdiscarded="0" />
  <memory-copied type="other" objects="16164" bytes="758576" bytesdiscarded="115264" />
  <memory-cardclean objects="109916" bytes="2824368" />
  <regions eden="29" other="5" />
  <remembered-set-cleared processed="308" cleared="29" durationms="0.091" />
  <finalization candidates="13" enqueued="0" />
  <references type="soft" candidates="52" cleared="0" enqueued="0" dynamicThreshold="19" maxThreshold="32" />
  <references type="weak" candidates="172" cleared="0" enqueued="0" />
  <references type="phantom" candidates="55" cleared="0" enqueued="0" />
  <stringconstants candidates="13734" cleared="0"  />
</gc-op>
<gc-op id="1429" type="classunload" timems="0.006" contextid="1425" timestamp="2019-06-16T21:51:59.465">
  <classunload-info classloadercandidates="54" classloadersunloaded="0" classesunloaded="0" anonymousclassesunloaded="0" quiescems="0.000" setupms="0.006" scanms="0.000" postms="0.000" />
</gc-op>
<gc-end id="1430" type="partial gc" contextid="1425" durationms="4.825" usertimems="12.000" systemtimems="0.000" timestamp="2019-06-16T21:51:59.466" activeThreads="4">
  <mem-info id="1431" free="56623104" total="94371840" percent="60">
    <mem type="eden" free="1046992" total="1048576" percent="99" />
    <remembered-set count="10880" freebytes="3723520" totalbytes="3767040" percent="98" regionsoverflowed="0" regionsstable="16" regionsrebuilding="0"/>
  </mem-info>
</gc-end>
<cycle-end id="1432" type="partial gc" contextid="1425" timestamp="2019-06-16T21:51:59.466" />
  <attribute name="elasticGC enabled" value="1" />
  <attribute name= "numThreadsSpecified" value="4" />
  <attribute name="heapSize specified" value="0" />
  <attribute name="Current GC Util" value="57" />
  <attribute name= "Current Time Running" value="55808" />
  <attribute name ="GC Interval" value="0" />
  <attribute name="ProportionalT" value="18.500000" />
  <attribute name="ProportionalI" value="18.500000" />
  <attribute name="ProportionalH" value="18.500000" />
  <attribute name="Current Error" value="37.000000" />
  <attribute name="IntegralT" value="18.500000" />
  <attribute name="IntegralI" value="18.500000" />
  <attribute name="IntegralH" value="18.500000" />
  <attribute name="DerivativeT" value="37.000000" />
  <attribute name="DerivativeI" value="37.000000" />
  <attribute name="DerivativeH" value="37.000000" />
  <attribute name="Loop Time for DT" value="1.000000" />
  <attribute name="Output H" value="8388608"/>
  <attribute name="Output I" value="200"/>
  <attribute name="Output T" value="4"/>
  <attribute name="Target GC Util Change" value ="20.000000" />
  <attribute name="Current GC Util Change" value="57.000000"/>
  <attribute name="GC Util currently" value="57" />
  <attribute name="CPU Util currently" value="19459740214650" />
<exclusive-end id="1433" timestamp="2019-06-16T21:51:59.466" durationms="5.969" />

<exclusive-start id="1434" timestamp="2019-06-16T21:51:59.732" intervalms="271.527">
  <response-info timems="0.061" idlems="0.061" threads="0" lastid="0000000001AFD700" lastname="main" />
</exclusive-start>
<allocation-taxation id="1435" taxation-threshold="30408704" timestamp="2019-06-16T21:51:59.732" intervalms="271.500" />
<cycle-start id="1436" type="partial gc" contextid="0" timestamp="2019-06-16T21:51:59.732" intervalms="271.406" />
<gc-start id="1437" type="partial gc" contextid="1436" timestamp="2019-06-16T21:51:59.732">
  <mem-info id="1438" free="26214400" total="94371840" percent="27">
    <mem type="eden" free="0" total="30408704" percent="0" />
    <remembered-set count="10848" freebytes="3723648" totalbytes="3767040" percent="98" regionsoverflowed="0" regionsstable="16" regionsrebuilding="0"/>
  </mem-info>
</gc-start>
<allocation-stats totalBytes="30377608" >
  <allocated-bytes non-tlh="25864" tlh="30351744" arrayletleaf="0"/>
  <largest-consumer threadName="main" threadId="0000000001AFD700" bytes="30377608" />
</allocation-stats>
<gc-op id="1439" type="copy forward" timems="1.442" contextid="1436" timestamp="2019-06-16T21:51:59.734">
  <memory-copied type="eden" objects="1341" bytes="103088" bytesdiscarded="7512" />
  <memory-copied type="other" objects="23" bytes="512" bytesdiscarded="736" />
  <memory-cardclean objects="334" bytes="28744" />
  <regions eden="29" other="3" />
  <remembered-set-cleared processed="9081" cleared="40" durationms="0.148" />
  <references type="soft" candidates="9" cleared="0" enqueued="0" dynamicThreshold="19" maxThreshold="32" />
  <references type="weak" candidates="62" cleared="0" enqueued="0" />
  <stringconstants candidates="13776" cleared="0"  />
</gc-op>
<gc-op id="1440" type="classunload" timems="0.005" contextid="1436" timestamp="2019-06-16T21:51:59.734">
  <classunload-info classloadercandidates="54" classloadersunloaded="0" classesunloaded="0" anonymousclassesunloaded="0" quiescems="0.000" setupms="0.004" scanms="0.000" postms="0.000" />
</gc-op>
<heap-resize id="1441" type="contract" space="default" amount="5242880" count="1" timems="0.053" reason="insufficient time being spent in gc" timestamp="2019-06-16T21:51:59.735" />
<gc-end id="1442" type="partial gc" contextid="1436" durationms="2.512" usertimems="4.000" systemtimems="0.000" timestamp="2019-06-16T21:51:59.735" activeThreads="4">
  <mem-info id="1443" free="50331648" total="89128960" percent="56">
    <mem type="eden" free="937936" total="1048576" percent="89" />
    <remembered-set count="11808" freebytes="3719808" totalbytes="3767040" percent="98" regionsoverflowed="0" regionsstable="16" regionsrebuilding="0"/>
  </mem-info>
</gc-end>
<cycle-end id="1444" type="partial gc" contextid="1436" timestamp="2019-06-16T21:51:59.735" />
  <attribute name="elasticGC enabled" value="1" />
  <attribute name= "numThreadsSpecified" value="4" />
  <attribute name="heapSize specified" value="0" />
  <attribute name="Current GC Util" value="59" />
  <attribute name= "Current Time Running" value="56079" />
  <attribute name ="GC Interval" value="0" />
  <attribute name="ProportionalT" value="19.500000" />
  <attribute name="ProportionalI" value="19.500000" />
  <attribute name="ProportionalH" value="19.500000" />
  <attribute name="Current Error" value="39.000000" />
  <attribute name="IntegralT" value="19.500000" />
  <attribute name="IntegralI" value="19.500000" />
  <attribute name="IntegralH" value="19.500000" />
  <attribute name="DerivativeT" value="39.000000" />
  <attribute name="DerivativeI" value="39.000000" />
  <attribute name="DerivativeH" value="39.000000" />
  <attribute name="Loop Time for DT" value="1.000000" />
  <attribute name="Output H" value="8388608"/>
  <attribute name="Output I" value="200"/>
  <attribute name="Output T" value="4"/>
  <attribute name="Target GC Util Change" value ="20.000000" />
  <attribute name="Current GC Util Change" value="59.000000"/>
  <attribute name="GC Util currently" value="59" />
  <attribute name="CPU Util currently" value="18801643805315" />
<exclusive-end id="1445" timestamp="2019-06-16T21:51:59.735" durationms="3.501" />

<exclusive-start id="1446" timestamp="2019-06-16T21:51:59.867" intervalms="135.420">
  <response-info timems="0.042" idlems="0.042" threads="0" lastid="0000000001AFD700" lastname="main" />
</exclusive-start>
<allocation-taxation id="1447" taxation-threshold="28311552" timestamp="2019-06-16T21:51:59.867" intervalms="135.441" />
<cycle-start id="1448" type="partial gc" contextid="0" timestamp="2019-06-16T21:51:59.867" intervalms="135.524" />
<gc-start id="1449" type="partial gc" contextid="1448" timestamp="2019-06-16T21:51:59.868">
  <mem-info id="1450" free="22020096" total="89128960" percent="24">
    <mem type="eden" free="0" total="28311552" percent="0" />
    <remembered-set count="11392" freebytes="3721472" totalbytes="3767040" percent="98" regionsoverflowed="0" regionsstable="16" regionsrebuilding="0"/>
  </mem-info>
</gc-start>
<allocation-stats totalBytes="28270432" >
  <allocated-bytes non-tlh="0" tlh="28270432" arrayletleaf="0"/>
  <largest-consumer threadName="main" threadId="0000000001AFD700" bytes="28270432" />
</allocation-stats>
<gc-op id="1451" type="copy forward" timems="1.537" contextid="1448" timestamp="2019-06-16T21:51:59.871">
  <memory-copied type="eden" objects="44" bytes="1360" bytesdiscarded="0" />
  <memory-copied type="other" objects="1325" bytes="97344" bytesdiscarded="7408" />
  <memory-cardclean objects="221" bytes="20080" />
  <regions eden="27" other="2" />
  <remembered-set-cleared processed="9149" cleared="100" durationms="0.191" />
  <references type="soft" candidates="9" cleared="0" enqueued="0" dynamicThreshold="18" maxThreshold="32" />
  <references type="weak" candidates="80" cleared="0" enqueued="0" />
  <stringconstants candidates="13776" cleared="0"  />
</gc-op>
<gc-op id="1452" type="classunload" timems="0.004" contextid="1448" timestamp="2019-06-16T21:51:59.871">
  <classunload-info classloadercandidates="54" classloadersunloaded="0" classesunloaded="0" anonymousclassesunloaded="0" quiescems="0.000" setupms="0.004" scanms="0.000" postms="0.000" />
</gc-op>
<heap-resize id="1453" type="contract" space="default" amount="5242880" count="1" timems="0.091" reason="insufficient time being spent in gc" timestamp="2019-06-16T21:51:59.871" />
<gc-end id="1454" type="partial gc" contextid="1448" durationms="3.174" usertimems="4.000" systemtimems="0.000" timestamp="2019-06-16T21:51:59.871" activeThreads="4">
  <mem-info id="1455" free="44040192" total="83886080" percent="52">
    <mem type="eden" free="1047216" total="1048576" percent="99" />
    <remembered-set count="11968" freebytes="3509888" totalbytes="3557760" percent="98" regionsoverflowed="0" regionsstable="16" regionsrebuilding="0"/>
  </mem-info>
</gc-end>
<cycle-end id="1456" type="partial gc" contextid="1448" timestamp="2019-06-16T21:51:59.871" />
  <attribute name="elasticGC enabled" value="1" />
  <attribute name= "numThreadsSpecified" value="4" />
  <attribute name="heapSize specified" value="0" />
  <attribute name="Current GC Util" value="34" />
  <attribute name= "Current Time Running" value="56215" />
  <attribute name ="GC Interval" value="0" />
  <attribute name="ProportionalT" value="7.000000" />
  <attribute name="ProportionalI" value="7.000000" />
  <attribute name="ProportionalH" value="7.000000" />
  <attribute name="Current Error" value="14.000000" />
  <attribute name="IntegralT" value="7.000000" />
  <attribute name="IntegralI" value="7.000000" />
  <attribute name="IntegralH" value="7.000000" />
  <attribute name="DerivativeT" value="14.000000" />
  <attribute name="DerivativeI" value="14.000000" />
  <attribute name="DerivativeH" value="14.000000" />
  <attribute name="Loop Time for DT" value="1.000000" />
  <attribute name="Output H" value="8388608"/>
  <attribute name="Output I" value="200"/>
  <attribute name="Output T" value="4"/>
  <attribute name="Target GC Util Change" value ="20.000000" />
  <attribute name="Current GC Util Change" value="34.000000"/>
  <attribute name="GC Util currently" value="34" />
  <attribute name="CPU Util currently" value="9102023806828" />
<exclusive-end id="1457" timestamp="2019-06-16T21:51:59.871" durationms="4.492" />

<exclusive-start id="1458" timestamp="2019-06-16T21:52:00.205" intervalms="337.875">
  <response-info timems="0.033" idlems="0.033" threads="0" lastid="0000000001AFD700" lastname="main" />
</exclusive-start>
<allocation-taxation id="1459" taxation-threshold="27262976" timestamp="2019-06-16T21:52:00.205" intervalms="337.897" />
<cycle-start id="1460" type="partial gc" contextid="0" timestamp="2019-06-16T21:52:00.205" intervalms="337.809" />
<gc-start id="1461" type="partial gc" contextid="1460" timestamp="2019-06-16T21:52:00.206">
  <mem-info id="1462" free="16777216" total="83886080" percent="20">
    <mem type="eden" free="0" total="27262976" percent="0" />
    <remembered-set count="11584" freebytes="3511424" totalbytes="3557760" percent="98" regionsoverflowed="0" regionsstable="16" regionsrebuilding="0"/>
  </mem-info>
</gc-start>
<allocation-stats totalBytes="27258648" >
  <allocated-bytes non-tlh="0" tlh="27258648" arrayletleaf="0"/>
  <largest-consumer threadName="main" threadId="0000000001AFD700" bytes="27258648" />
</allocation-stats>
<gc-op id="1463" type="copy forward" timems="1.003" contextid="1460" timestamp="2019-06-16T21:52:00.207">
  <memory-copied type="eden" objects="41" bytes="1400" bytesdiscarded="0" />
  <memory-copied type="other" objects="46" bytes="1216" bytesdiscarded="0" />
  <memory-cardclean objects="135" bytes="13616" />
  <regions eden="26" other="2" />
  <remembered-set-cleared processed="9174" cleared="31" durationms="0.187" />
  <references type="weak" candidates="34" cleared="0" enqueued="0" />
  <stringconstants candidates="13776" cleared="0"  />
</gc-op>
<gc-op id="1464" type="classunload" timems="0.005" contextid="1460" timestamp="2019-06-16T21:52:00.207">
  <classunload-info classloadercandidates="54" classloadersunloaded="0" classesunloaded="0" anonymousclassesunloaded="0" quiescems="0.000" setupms="0.004" scanms="0.000" postms="0.000" />
</gc-op>
<heap-resize id="1465" type="contract" space="default" amount="4194304" count="1" timems="0.129" reason="insufficient time being spent in gc" timestamp="2019-06-16T21:52:00.208" />
<gc-end id="1466" type="partial gc" contextid="1460" durationms="2.453" usertimems="4.000" systemtimems="0.000" timestamp="2019-06-16T21:52:00.208" activeThreads="1">
  <mem-info id="1467" free="38797312" total="79691776" percent="48">
    <mem type="eden" free="1047176" total="1048576" percent="99" />
    <remembered-set count="10528" freebytes="3306368" totalbytes="3348480" percent="98" regionsoverflowed="0" regionsstable="16" regionsrebuilding="0"/>
  </mem-info>
</gc-end>
<cycle-end id="1468" type="partial gc" contextid="1460" timestamp="2019-06-16T21:52:00.208" />
  <attribute name="elasticGC enabled" value="1" />
  <attribute name= "numThreadsSpecified" value="1" />
  <attribute name="heapSize specified" value="0" />
  <attribute name="Current GC Util" value="44" />
  <attribute name= "Current Time Running" value="56552" />
  <attribute name ="GC Interval" value="0" />
  <attribute name="ProportionalT" value="12.000000" />
  <attribute name="ProportionalI" value="12.000000" />
  <attribute name="ProportionalH" value="12.000000" />
  <attribute name="Current Error" value="24.000000" />
  <attribute name="IntegralT" value="0.000000" />
  <attribute name="IntegralI" value="0.000000" />
  <attribute name="IntegralH" value="0.000000" />
  <attribute name="DerivativeT" value="inf" />
  <attribute name="DerivativeI" value="inf" />
  <attribute name="DerivativeH" value="inf" />
  <attribute name="Loop Time for DT" value="0.000000" />
  <attribute name="Output H" value="8388608"/>
  <attribute name="Output I" value="200"/>
  <attribute name="Output T" value="1"/>
  <attribute name="Target GC Util Change" value ="20.000000" />
  <attribute name="Current GC Util Change" value="44.000000"/>
  <attribute name="GC Util currently" value="44" />
  <attribute name="CPU Util currently" value="10591423839659" />
<exclusive-end id="1469" timestamp="2019-06-16T21:52:00.208" durationms="3.487" />

<exclusive-start id="1470" timestamp="2019-06-16T21:52:00.256" intervalms="50.795">
  <response-info timems="0.041" idlems="0.041" threads="0" lastid="0000000001AFD700" lastname="main" />
</exclusive-start>
<allocation-taxation id="1471" taxation-threshold="12582912" timestamp="2019-06-16T21:52:00.256" intervalms="50.762" />
<cycle-start id="1472" type="global mark phase" contextid="0" timestamp="2019-06-16T21:52:00.256" intervalms="1009.630" />
<gc-start id="1473" type="global mark phase" contextid="1472" timestamp="2019-06-16T21:52:00.256">
  <mem-info id="1474" free="26214400" total="79691776" percent="32">
    <remembered-set count="10368" freebytes="3307008" totalbytes="3348480" percent="98" regionsoverflowed="0" regionsstable="16" regionsrebuilding="0"/>
  </mem-info>
</gc-start>
<gc-op id="1475" type="mark increment" timems="2.520" contextid="1472" timestamp="2019-06-16T21:52:00.259">
  <trace-info objectcount="97869" scancount="69987" scanbytes="2273408" />
</gc-op>
<gc-end id="1476" type="global mark phase" contextid="1472" durationms="2.747" usertimems="8.000" systemtimems="0.000" timestamp="2019-06-16T21:52:00.259" activeThreads="4">
  <mem-info id="1477" free="26214400" total="79691776" percent="32">
    <remembered-set count="24192" freebytes="3251712" totalbytes="3348480" percent="97" regionsoverflowed="0" regionsstable="0" regionsrebuilding="16"/>
  </mem-info>
</gc-end>
<concurrent-start id="1478" type="GMP work packet processing" contextid="1472" timestamp="2019-06-16T21:52:00.259">
  <concurrent-mark-start scanTarget="1889592" />
</concurrent-start>
<exclusive-end id="1479" timestamp="2019-06-16T21:52:00.259" durationms="3.509" />

<concurrent-end id="1480" type="GMP work packet processing" contextid="1472" timestamp="2019-06-16T21:52:00.260">
  <concurrent-mark-end bytesScanned="1931180" reasonForTermination="Work target met" />
</concurrent-end>

<exclusive-start id="1481" timestamp="2019-06-16T21:52:00.287" intervalms="31.763">
  <response-info timems="0.129" idlems="0.129" threads="0" lastid="0000000001AFD700" lastname="main" />
</exclusive-start>
<allocation-taxation id="1482" taxation-threshold="12582912" timestamp="2019-06-16T21:52:00.288" intervalms="31.724" />
<cycle-start id="1483" type="partial gc" contextid="0" timestamp="2019-06-16T21:52:00.288" intervalms="82.481" />
<gc-start id="1484" type="partial gc" contextid="1483" timestamp="2019-06-16T21:52:00.288">
  <mem-info id="1485" free="13631488" total="79691776" percent="17">
    <mem type="eden" free="0" total="25165824" percent="0" />
    <remembered-set count="37792" freebytes="3197312" totalbytes="3348480" percent="95" regionsoverflowed="0" regionsstable="0" regionsrebuilding="16"/>
  </mem-info>
</gc-start>
<allocation-stats totalBytes="25161016" >
  <allocated-bytes non-tlh="0" tlh="25161016" arrayletleaf="0"/>
  <largest-consumer threadName="main" threadId="0000000001AFD700" bytes="12580440" />
</allocation-stats>
<gc-op id="1486" type="copy forward" timems="2.116" contextid="1483" timestamp="2019-06-16T21:52:00.291">
  <memory-copied type="eden" objects="1" bytes="24" bytesdiscarded="0" />
  <memory-copied type="other" objects="32719" bytes="780552" bytesdiscarded="46024" />
  <memory-cardclean objects="3845" bytes="259536" />
  <regions eden="24" other="4" />
  <remembered-set-cleared processed="34981" cleared="347" durationms="0.171" />
  <references type="weak" candidates="16" cleared="0" enqueued="0" />
  <stringconstants candidates="13776" cleared="0"  />
</gc-op>
<gc-op id="1487" type="classunload" timems="0.006" contextid="1483" timestamp="2019-06-16T21:52:00.291">
  <classunload-info classloadercandidates="54" classloadersunloaded="0" classesunloaded="0" anonymousclassesunloaded="0" quiescems="0.000" setupms="0.006" scanms="0.000" postms="0.000" />
</gc-op>
<heap-resize id="1488" type="contract" space="default" amount="4194304" count="1" timems="0.120" reason="insufficient time being spent in gc" timestamp="2019-06-16T21:52:00.291" />
<gc-end id="1489" type="partial gc" contextid="1483" durationms="3.539" usertimems="8.000" systemtimems="0.000" timestamp="2019-06-16T21:52:00.292" activeThreads="4">
  <mem-info id="1490" free="35651584" total="75497472" percent="47">
    <mem type="eden" free="1048552" total="1048576" percent="99" />
    <remembered-set count="40992" freebytes="3017088" totalbytes="3181056" percent="94" regionsoverflowed="0" regionsstable="0" regionsrebuilding="16"/>
  </mem-info>
</gc-end>
<cycle-end id="1491" type="partial gc" contextid="1483" timestamp="2019-06-16T21:52:00.292" />
  <attribute name="elasticGC enabled" value="1" />
  <attribute name= "numThreadsSpecified" value="4" />
  <attribute name="heapSize specified" value="0" />
  <attribute name="Current GC Util" value="35" />
  <attribute name= "Current Time Running" value="56635" />
  <attribute name ="GC Interval" value="0" />
  <attribute name="ProportionalT" value="7.500000" />
  <attribute name="ProportionalI" value="7.500000" />
  <attribute name="ProportionalH" value="7.500000" />
  <attribute name="Current Error" value="15.000000" />
  <attribute name="IntegralT" value="7.500000" />
  <attribute name="IntegralI" value="7.500000" />
  <attribute name="IntegralH" value="7.500000" />
  <attribute name="DerivativeT" value="15.000000" />
  <attribute name="DerivativeI" value="15.000000" />
  <attribute name="DerivativeH" value="15.000000" />
  <attribute name="Loop Time for DT" value="1.000000" />
  <attribute name="Output H" value="8388608"/>
  <attribute name="Output I" value="200"/>
  <attribute name="Output T" value="4"/>
  <attribute name="Target GC Util Change" value ="20.000000" />
  <attribute name="Current GC Util Change" value="35.000000"/>
  <attribute name="GC Util currently" value="35" />
  <attribute name="CPU Util currently" value="10264637327064" />
<exclusive-end id="1492" timestamp="2019-06-16T21:52:00.292" durationms="4.525" />

<exclusive-start id="1493" timestamp="2019-06-16T21:52:00.319" intervalms="32.037">
  <response-info timems="0.162" idlems="0.162" threads="0" lastid="0000000001AFD700" lastname="main" />
</exclusive-start>
<allocation-taxation id="1494" taxation-threshold="12582912" timestamp="2019-06-16T21:52:00.320" intervalms="32.079" />
<gc-start id="1495" type="global mark phase" contextid="1472" timestamp="2019-06-16T21:52:00.320">
  <mem-info id="1496" free="23068672" total="75497472" percent="30">
    <remembered-set count="40704" freebytes="3018240" totalbytes="3181056" percent="94" regionsoverflowed="0" regionsstable="0" regionsrebuilding="16"/>
  </mem-info>
</gc-start>
<gc-end id="1497" type="global mark phase" contextid="1472" durationms="0.122" usertimems="0.000" systemtimems="0.000" timestamp="2019-06-16T21:52:00.320" activeThreads="4">
  <mem-info id="1498" free="23068672" total="75497472" percent="30">
    <remembered-set count="40704" freebytes="3018240" totalbytes="3181056" percent="94" regionsoverflowed="0" regionsstable="0" regionsrebuilding="16"/>
  </mem-info>
</gc-end>
<concurrent-start id="1499" type="GMP work packet processing" contextid="1472" timestamp="2019-06-16T21:52:00.320">
  <concurrent-mark-start scanTarget="1889592" />
</concurrent-start>
<concurrent-end id="1500" type="GMP work packet processing" contextid="1472" timestamp="2019-06-16T21:52:00.321">
  <concurrent-mark-end bytesScanned="1943240" reasonForTermination="Work target met" />
</concurrent-end>

<exclusive-end id="1501" timestamp="2019-06-16T21:52:00.321" durationms="1.829" />

<exclusive-start id="1502" timestamp="2019-06-16T21:52:00.349" intervalms="29.053">
  <response-info timems="0.178" idlems="0.178" threads="0" lastid="0000000001AFD700" lastname="main" />
</exclusive-start>
<allocation-taxation id="1503" taxation-threshold="12582912" timestamp="2019-06-16T21:52:00.349" intervalms="29.004" />
<cycle-start id="1504" type="partial gc" contextid="0" timestamp="2019-06-16T21:52:00.349" intervalms="61.089" />
<gc-start id="1505" type="partial gc" contextid="1504" timestamp="2019-06-16T21:52:00.349">
  <mem-info id="1506" free="10485760" total="75497472" percent="13">
    <mem type="eden" free="1048552" total="26214400" percent="3" />
    <remembered-set count="58400" freebytes="2947456" totalbytes="3181056" percent="92" regionsoverflowed="0" regionsstable="0" regionsrebuilding="16"/>
  </mem-info>
</gc-start>
<allocation-stats totalBytes="25160928" >
  <allocated-bytes non-tlh="0" tlh="25160928" arrayletleaf="0"/>
  <largest-consumer threadName="main" threadId="0000000001AFD700" bytes="12580816" />
</allocation-stats>
<gc-op id="1507" type="copy forward" timems="1.697" contextid="1504" timestamp="2019-06-16T21:52:00.352">
  <memory-copied type="eden" objects="5" bytes="240" bytesdiscarded="0" />
  <memory-copied type="other" objects="21" bytes="608" bytesdiscarded="0" />
  <memory-cardclean objects="45" bytes="10144" />
  <regions eden="24" other="2" />
  <remembered-set-cleared processed="55488" cleared="59" durationms="0.488" />
  <references type="weak" candidates="14" cleared="0" enqueued="0" />
  <stringconstants candidates="13776" cleared="0"  />
</gc-op>
<gc-op id="1508" type="classunload" timems="0.010" contextid="1504" timestamp="2019-06-16T21:52:00.352">
  <classunload-info classloadercandidates="54" classloadersunloaded="0" classesunloaded="0" anonymousclassesunloaded="0" quiescems="0.000" setupms="0.010" scanms="0.000" postms="0.000" />
</gc-op>
<gc-end id="1509" type="partial gc" contextid="1504" durationms="3.194" usertimems="12.000" systemtimems="0.000" timestamp="2019-06-16T21:52:00.352" activeThreads="1">
  <mem-info id="1510" free="35651584" total="75497472" percent="47">
    <mem type="eden" free="1048336" total="1048576" percent="99" />
    <remembered-set count="58016" freebytes="2781568" totalbytes="3013632" percent="92" regionsoverflowed="0" regionsstable="0" regionsrebuilding="16"/>
  </mem-info>
</gc-end>
<cycle-end id="1511" type="partial gc" contextid="1504" timestamp="2019-06-16T21:52:00.353" />
  <attribute name="elasticGC enabled" value="1" />
  <attribute name= "numThreadsSpecified" value="1" />
  <attribute name="heapSize specified" value="0" />
  <attribute name="Current GC Util" value="38" />
  <attribute name= "Current Time Running" value="56696" />
  <attribute name ="GC Interval" value="0" />
  <attribute name="ProportionalT" value="9.000000" />
  <attribute name="ProportionalI" value="9.000000" />
  <attribute name="ProportionalH" value="9.000000" />
  <attribute name="Current Error" value="18.000000" />
  <attribute name="IntegralT" value="0.000000" />
  <attribute name="IntegralI" value="0.000000" />
  <attribute name="IntegralH" value="0.000000" />
  <attribute name="DerivativeT" value="inf" />
  <attribute name="DerivativeI" value="inf" />
  <attribute name="DerivativeH" value="inf" />
  <attribute name="Loop Time for DT" value="0.000000" />
  <attribute name="Output H" value="8388608"/>
  <attribute name="Output I" value="200"/>
  <attribute name="Output T" value="1"/>
  <attribute name="Target GC Util Change" value ="20.000000" />
  <attribute name="Current GC Util Change" value="38.000000"/>
  <attribute name="GC Util currently" value="38" />
  <attribute name="CPU Util currently" value="9482490522836" />
<exclusive-end id="1512" timestamp="2019-06-16T21:52:00.353" durationms="4.425" />

<exclusive-start id="1513" timestamp="2019-06-16T21:52:00.381" intervalms="31.987">
  <response-info timems="0.095" idlems="0.095" threads="0" lastid="0000000001AFD700" lastname="main" />
</exclusive-start>
<allocation-taxation id="1514" taxation-threshold="12582912" timestamp="2019-06-16T21:52:00.381" intervalms="32.050" />
<gc-start id="1515" type="global mark phase" contextid="1472" timestamp="2019-06-16T21:52:00.381">
  <mem-info id="1516" free="23068672" total="75497472" percent="30">
    <remembered-set count="57760" freebytes="2782592" totalbytes="3013632" percent="92" regionsoverflowed="0" regionsstable="0" regionsrebuilding="16"/>
  </mem-info>
</gc-start>
<gc-end id="1517" type="global mark phase" contextid="1472" durationms="0.139" usertimems="0.000" systemtimems="0.000" timestamp="2019-06-16T21:52:00.381" activeThreads="1">
  <mem-info id="1518" free="23068672" total="75497472" percent="30">
    <remembered-set count="57760" freebytes="2782592" totalbytes="3013632" percent="92" regionsoverflowed="0" regionsstable="0" regionsrebuilding="16"/>
  </mem-info>
</gc-end>
<concurrent-start id="1519" type="GMP work packet processing" contextid="1472" timestamp="2019-06-16T21:52:00.381">
  <concurrent-mark-start scanTarget="2834388" />
</concurrent-start>
<concurrent-end id="1520" type="GMP work packet processing" contextid="1472" timestamp="2019-06-16T21:52:00.383">
  <concurrent-mark-end bytesScanned="2879916" reasonForTermination="Work target met" />
</concurrent-end>

<exclusive-end id="1521" timestamp="2019-06-16T21:52:00.383" durationms="2.290" />

<exclusive-start id="1522" timestamp="2019-06-16T21:52:00.411" intervalms="30.264">
  <response-info timems="0.033" idlems="0.033" threads="0" lastid="0000000001AFD700" lastname="main" />
</exclusive-start>
<allocation-taxation id="1523" taxation-threshold="12582912" timestamp="2019-06-16T21:52:00.411" intervalms="30.207" />
<cycle-start id="1524" type="partial gc" contextid="0" timestamp="2019-06-16T21:52:00.411" intervalms="62.281" />
<gc-start id="1525" type="partial gc" contextid="1524" timestamp="2019-06-16T21:52:00.411">
  <mem-info id="1526" free="10485760" total="75497472" percent="13">
    <mem type="eden" free="1048336" total="26214400" percent="3" />
    <remembered-set count="81600" freebytes="2687232" totalbytes="3013632" percent="89" regionsoverflowed="0" regionsstable="0" regionsrebuilding="16"/>
  </mem-info>
</gc-start>
<allocation-stats totalBytes="25161320" >
  <allocated-bytes non-tlh="0" tlh="25161320" arrayletleaf="0"/>
  <largest-consumer threadName="main" threadId="0000000001AFD700" bytes="12580784" />
</allocation-stats>
<gc-op id="1527" type="copy forward" timems="1.703" contextid="1524" timestamp="2019-06-16T21:52:00.414">
  <memory-copied type="eden" objects="5" bytes="240" bytesdiscarded="0" />
  <memory-copied type="other" objects="8" bytes="208" bytesdiscarded="0" />
  <memory-cardclean objects="56" bytes="2368" />
  <regions eden="24" other="2" />
  <remembered-set-cleared processed="78127" cleared="53" durationms="0.631" />
  <stringconstants candidates="13776" cleared="0"  />
</gc-op>
<gc-op id="1528" type="classunload" timems="0.004" contextid="1524" timestamp="2019-06-16T21:52:00.414">
  <classunload-info classloadercandidates="54" classloadersunloaded="0" classesunloaded="0" anonymousclassesunloaded="0" quiescems="0.000" setupms="0.004" scanms="0.000" postms="0.000" />
</gc-op>
<gc-end id="1529" type="partial gc" contextid="1524" durationms="2.694" usertimems="4.000" systemtimems="0.000" timestamp="2019-06-16T21:52:00.414" activeThreads="1">
  <mem-info id="1530" free="35651584" total="75497472" percent="47">
    <mem type="eden" free="1048336" total="1048576" percent="99" />
    <remembered-set count="81920" freebytes="2685952" totalbytes="3013632" percent="89" regionsoverflowed="0" regionsstable="0" regionsrebuilding="16"/>
  </mem-info>
</gc-end>
<cycle-end id="1531" type="partial gc" contextid="1524" timestamp="2019-06-16T21:52:00.414" />
  <attribute name="elasticGC enabled" value="1" />
  <attribute name= "numThreadsSpecified" value="1" />
  <attribute name="heapSize specified" value="0" />
  <attribute name="Current GC Util" value="53" />
  <attribute name= "Current Time Running" value="56758" />
  <attribute name ="GC Interval" value="0" />
  <attribute name="ProportionalT" value="16.500000" />
  <attribute name="ProportionalI" value="16.500000" />
  <attribute name="ProportionalH" value="16.500000" />
  <attribute name="Current Error" value="33.000000" />
  <attribute name="IntegralT" value="0.000000" />
  <attribute name="IntegralI" value="0.000000" />
  <attribute name="IntegralH" value="0.000000" />
  <attribute name="DerivativeT" value="inf" />
  <attribute name="DerivativeI" value="inf" />
  <attribute name="DerivativeH" value="inf" />
  <attribute name="Loop Time for DT" value="0.000000" />
  <attribute name="Output H" value="8388608"/>
  <attribute name="Output I" value="200"/>
  <attribute name="Output T" value="1"/>
  <attribute name="Target GC Util Change" value ="20.000000" />
  <attribute name="Current GC Util Change" value="53.000000"/>
  <attribute name="GC Util currently" value="53" />
  <attribute name="CPU Util currently" value="16707796511904" />
<exclusive-end id="1532" timestamp="2019-06-16T21:52:00.414" durationms="3.699" />

<exclusive-start id="1533" timestamp="2019-06-16T21:52:00.438" intervalms="27.139">
  <response-info timems="0.088" idlems="0.088" threads="0" lastid="0000000001AFD700" lastname="main" />
</exclusive-start>
<allocation-taxation id="1534" taxation-threshold="12582912" timestamp="2019-06-16T21:52:00.438" intervalms="27.164" />
<gc-start id="1535" type="global mark phase" contextid="1472" timestamp="2019-06-16T21:52:00.438">
  <mem-info id="1536" free="23068672" total="75497472" percent="30">
    <remembered-set count="81568" freebytes="2687360" totalbytes="3013632" percent="89" regionsoverflowed="0" regionsstable="0" regionsrebuilding="16"/>
  </mem-info>
</gc-start>
<gc-end id="1537" type="global mark phase" contextid="1472" durationms="0.133" usertimems="0.000" systemtimems="0.000" timestamp="2019-06-16T21:52:00.438" activeThreads="1">
  <mem-info id="1538" free="23068672" total="75497472" percent="30">
    <remembered-set count="81568" freebytes="2687360" totalbytes="3013632" percent="89" regionsoverflowed="0" regionsstable="0" regionsrebuilding="16"/>
  </mem-info>
</gc-end>
<concurrent-start id="1539" type="GMP work packet processing" contextid="1472" timestamp="2019-06-16T21:52:00.439">
  <concurrent-mark-start scanTarget="1417194" />
</concurrent-start>
<concurrent-end id="1540" type="GMP work packet processing" contextid="1472" timestamp="2019-06-16T21:52:00.440">
  <concurrent-mark-end bytesScanned="1462572" reasonForTermination="Work target met" />
</concurrent-end>

<exclusive-end id="1541" timestamp="2019-06-16T21:52:00.440" durationms="1.592" />

<exclusive-start id="1542" timestamp="2019-06-16T21:52:00.461" intervalms="23.043">
  <response-info timems="0.111" idlems="0.111" threads="0" lastid="0000000001AFD700" lastname="main" />
</exclusive-start>
<allocation-taxation id="1543" taxation-threshold="12582912" timestamp="2019-06-16T21:52:00.461" intervalms="22.969" />
<cycle-start id="1544" type="partial gc" contextid="0" timestamp="2019-06-16T21:52:00.461" intervalms="50.071" />
<gc-start id="1545" type="partial gc" contextid="1544" timestamp="2019-06-16T21:52:00.461">
  <mem-info id="1546" free="10485760" total="75497472" percent="13">
    <mem type="eden" free="1048336" total="26214400" percent="3" />
    <remembered-set count="88736" freebytes="2658688" totalbytes="3013632" percent="88" regionsoverflowed="0" regionsstable="0" regionsrebuilding="16"/>
  </mem-info>
</gc-start>
<allocation-stats totalBytes="25133880" >
  <allocated-bytes non-tlh="0" tlh="25133880" arrayletleaf="0"/>
  <largest-consumer threadName="main" threadId="0000000001AFD700" bytes="12564728" />
</allocation-stats>
<gc-op id="1547" type="copy forward" timems="1.658" contextid="1544" timestamp="2019-06-16T21:52:00.464">
  <memory-copied type="eden" objects="27" bytes="1368" bytesdiscarded="0" />
  <memory-copied type="other" objects="86" bytes="2160" bytesdiscarded="400" />
  <memory-cardclean objects="153" bytes="6368" />
  <regions eden="24" other="4" />
  <remembered-set-cleared processed="86332" cleared="127" durationms="0.655" />
  <stringconstants candidates="13776" cleared="0"  />
</gc-op>
<gc-op id="1548" type="classunload" timems="0.006" contextid="1544" timestamp="2019-06-16T21:52:00.464">
  <classunload-info classloadercandidates="54" classloadersunloaded="0" classesunloaded="0" anonymousclassesunloaded="0" quiescems="0.000" setupms="0.005" scanms="0.000" postms="0.000" />
</gc-op>
<gc-end id="1549" type="partial gc" contextid="1544" durationms="2.513" usertimems="0.000" systemtimems="4.000" timestamp="2019-06-16T21:52:00.464" activeThreads="1">
  <mem-info id="1550" free="37748736" total="75497472" percent="50">
    <mem type="eden" free="1047208" total="1048576" percent="99" />
    <remembered-set count="88608" freebytes="2659200" totalbytes="3013632" percent="88" regionsoverflowed="0" regionsstable="0" regionsrebuilding="16"/>
  </mem-info>
</gc-end>
<cycle-end id="1551" type="partial gc" contextid="1544" timestamp="2019-06-16T21:52:00.464" />
  <attribute name="elasticGC enabled" value="1" />
  <attribute name= "numThreadsSpecified" value="1" />
  <attribute name="heapSize specified" value="0" />
  <attribute name="Current GC Util" value="81" />
  <attribute name= "Current Time Running" value="56808" />
  <attribute name ="GC Interval" value="0" />
  <attribute name="ProportionalT" value="30.500000" />
  <attribute name="ProportionalI" value="30.500000" />
  <attribute name="ProportionalH" value="30.500000" />
  <attribute name="Current Error" value="61.000000" />
  <attribute name="IntegralT" value="0.000000" />
  <attribute name="IntegralI" value="0.000000" />
  <attribute name="IntegralH" value="0.000000" />
  <attribute name="DerivativeT" value="inf" />
  <attribute name="DerivativeI" value="inf" />
  <attribute name="DerivativeH" value="inf" />
  <attribute name="Loop Time for DT" value="0.000000" />
  <attribute name="Output H" value="8388608"/>
  <attribute name="Output I" value="200"/>
  <attribute name="Output T" value="1"/>
  <attribute name="Target GC Util Change" value ="20.000000" />
  <attribute name="Current GC Util Change" value="81.000000"/>
  <attribute name="GC Util currently" value="81" />
  <attribute name="CPU Util currently" value="22719007986139" />
<exclusive-end id="1552" timestamp="2019-06-16T21:52:00.464" durationms="3.352" />

<exclusive-start id="1553" timestamp="2019-06-16T21:52:00.484" intervalms="23.039">
  <response-info timems="0.082" idlems="0.082" threads="0" lastid="0000000001AFD700" lastname="main" />
</exclusive-start>
<allocation-taxation id="1554" taxation-threshold="12582912" timestamp="2019-06-16T21:52:00.484" intervalms="23.111" />
<gc-start id="1555" type="global mark phase" contextid="1472" timestamp="2019-06-16T21:52:00.484">
  <mem-info id="1556" free="25165824" total="75497472" percent="33">
    <remembered-set count="88416" freebytes="2659968" totalbytes="3013632" percent="88" regionsoverflowed="0" regionsstable="0" regionsrebuilding="16"/>
  </mem-info>
</gc-start>
<gc-end id="1557" type="global mark phase" contextid="1472" durationms="0.154" usertimems="0.000" systemtimems="0.000" timestamp="2019-06-16T21:52:00.485" activeThreads="1">
  <mem-info id="1558" free="25165824" total="75497472" percent="33">
    <remembered-set count="88416" freebytes="2659968" totalbytes="3013632" percent="88" regionsoverflowed="0" regionsstable="0" regionsrebuilding="16"/>
  </mem-info>
</gc-end>
<concurrent-start id="1559" type="GMP work packet processing" contextid="1472" timestamp="2019-06-16T21:52:00.485">
  <concurrent-mark-start scanTarget="1048576" />
</concurrent-start>
<concurrent-end id="1560" type="GMP work packet processing" contextid="1472" timestamp="2019-06-16T21:52:00.485">
  <concurrent-mark-end bytesScanned="1098512" reasonForTermination="Work target met" />
</concurrent-end>

<exclusive-end id="1561" timestamp="2019-06-16T21:52:00.485" durationms="1.418" />

<exclusive-start id="1562" timestamp="2019-06-16T21:52:00.503" intervalms="18.963">
  <response-info timems="0.119" idlems="0.119" threads="0" lastid="0000000001AFD700" lastname="main" />
</exclusive-start>
<allocation-taxation id="1563" taxation-threshold="12582912" timestamp="2019-06-16T21:52:00.503" intervalms="18.932" />
<cycle-start id="1564" type="partial gc" contextid="0" timestamp="2019-06-16T21:52:00.503" intervalms="42.086" />
<gc-start id="1565" type="partial gc" contextid="1564" timestamp="2019-06-16T21:52:00.504">
  <mem-info id="1566" free="12582912" total="75497472" percent="16">
    <mem type="eden" free="0" total="25165824" percent="0" />
    <remembered-set count="94272" freebytes="2636544" totalbytes="3013632" percent="87" regionsoverflowed="0" regionsstable="0" regionsrebuilding="16"/>
  </mem-info>
</gc-start>
<allocation-stats totalBytes="25130408" >
  <allocated-bytes non-tlh="0" tlh="25130408" arrayletleaf="0"/>
  <largest-consumer threadName="main" threadId="0000000001AFD700" bytes="12565560" />
</allocation-stats>
<gc-op id="1567" type="copy forward" timems="1.812" contextid="1564" timestamp="2019-06-16T21:52:00.506">
  <memory-copied type="eden" objects="4" bytes="112" bytesdiscarded="0" />
  <memory-copied type="other" objects="54" bytes="2480" bytesdiscarded="0" />
  <memory-cardclean objects="71" bytes="11408" />
  <regions eden="24" other="2" />
  <remembered-set-cleared processed="91663" cleared="92" durationms="0.720" />
  <references type="weak" candidates="2" cleared="0" enqueued="0" />
  <stringconstants candidates="13776" cleared="0"  />
</gc-op>
<gc-op id="1568" type="classunload" timems="0.005" contextid="1564" timestamp="2019-06-16T21:52:00.506">
  <classunload-info classloadercandidates="54" classloadersunloaded="0" classesunloaded="0" anonymousclassesunloaded="0" quiescems="0.000" setupms="0.004" scanms="0.000" postms="0.000" />
</gc-op>
<gc-end id="1569" type="partial gc" contextid="1564" durationms="2.898" usertimems="4.000" systemtimems="0.000" timestamp="2019-06-16T21:52:00.507" activeThreads="1">
  <mem-info id="1570" free="36700160" total="75497472" percent="48">
    <mem type="eden" free="1048464" total="1048576" percent="99" />
    <remembered-set count="94464" freebytes="2635776" totalbytes="3013632" percent="87" regionsoverflowed="0" regionsstable="0" regionsrebuilding="16"/>
  </mem-info>
</gc-end>
<cycle-end id="1571" type="partial gc" contextid="1564" timestamp="2019-06-16T21:52:00.507" />
  <attribute name="elasticGC enabled" value="1" />
  <attribute name= "numThreadsSpecified" value="1" />
  <attribute name="heapSize specified" value="0" />
  <attribute name="Current GC Util" value="61" />
  <attribute name= "Current Time Running" value="56850" />
  <attribute name ="GC Interval" value="0" />
  <attribute name="ProportionalT" value="20.500000" />
  <attribute name="ProportionalI" value="20.500000" />
  <attribute name="ProportionalH" value="20.500000" />
  <attribute name="Current Error" value="41.000000" />
  <attribute name="IntegralT" value="0.000000" />
  <attribute name="IntegralI" value="0.000000" />
  <attribute name="IntegralH" value="0.000000" />
  <attribute name="DerivativeT" value="inf" />
  <attribute name="DerivativeI" value="inf" />
  <attribute name="DerivativeH" value="inf" />
  <attribute name="Loop Time for DT" value="0.000000" />
  <attribute name="Output H" value="8388608"/>
  <attribute name="Output I" value="200"/>
  <attribute name="Output T" value="1"/>
  <attribute name="Target GC Util Change" value ="20.000000" />
  <attribute name="Current GC Util Change" value="61.000000"/>
  <attribute name="GC Util currently" value="61" />
  <attribute name="CPU Util currently" value="19522595145182" />
<exclusive-end id="1572" timestamp="2019-06-16T21:52:00.507" durationms="3.940" />

<exclusive-start id="1573" timestamp="2019-06-16T21:52:00.521" intervalms="18.088">
  <response-info timems="0.021" idlems="0.021" threads="0" lastid="0000000001AFD700" lastname="main" />
</exclusive-start>
<allocation-taxation id="1574" taxation-threshold="12582912" timestamp="2019-06-16T21:52:00.521" intervalms="18.068" />
<gc-start id="1575" type="global mark phase" contextid="1472" timestamp="2019-06-16T21:52:00.521">
  <mem-info id="1576" free="24117248" total="75497472" percent="31">
    <remembered-set count="94304" freebytes="2636416" totalbytes="3013632" percent="87" regionsoverflowed="0" regionsstable="0" regionsrebuilding="16"/>
  </mem-info>
</gc-start>
<gc-end id="1577" type="global mark phase" contextid="1472" durationms="0.148" usertimems="0.000" systemtimems="0.000" timestamp="2019-06-16T21:52:00.522" activeThreads="1">
  <mem-info id="1578" free="24117248" total="75497472" percent="31">
    <remembered-set count="94304" freebytes="2636416" totalbytes="3013632" percent="87" regionsoverflowed="0" regionsstable="0" regionsrebuilding="16"/>
  </mem-info>
</gc-end>
<concurrent-start id="1579" type="GMP work packet processing" contextid="1472" timestamp="2019-06-16T21:52:00.522">
  <concurrent-mark-start scanTarget="1048576" />
</concurrent-start>
<exclusive-end id="1580" timestamp="2019-06-16T21:52:00.523" durationms="1.494" />

<concurrent-end id="1581" type="GMP work packet processing" contextid="1472" timestamp="2019-06-16T21:52:00.523">
  <concurrent-mark-end bytesScanned="1137352" reasonForTermination="Work target met" />
</concurrent-end>

<exclusive-start id="1582" timestamp="2019-06-16T21:52:00.531" intervalms="9.759">
  <response-info timems="0.050" idlems="0.050" threads="0" lastid="0000000001AFD700" lastname="main" />
</exclusive-start>
<allocation-taxation id="1583" taxation-threshold="12582912" timestamp="2019-06-16T21:52:00.531" intervalms="9.693" />
<cycle-start id="1584" type="partial gc" contextid="0" timestamp="2019-06-16T21:52:00.531" intervalms="27.717" />
<gc-start id="1585" type="partial gc" contextid="1584" timestamp="2019-06-16T21:52:00.531">
  <mem-info id="1586" free="11534336" total="75497472" percent="15">
    <mem type="eden" free="1048464" total="26214400" percent="3" />
    <remembered-set count="108256" freebytes="2580608" totalbytes="3013632" percent="85" regionsoverflowed="0" regionsstable="0" regionsrebuilding="16"/>
  </mem-info>
</gc-start>
<allocation-stats totalBytes="25131120" >
  <allocated-bytes non-tlh="0" tlh="25131120" arrayletleaf="0"/>
  <largest-consumer threadName="main" threadId="0000000001AFD700" bytes="12565560" />
</allocation-stats>
<gc-op id="1587" type="copy forward" timems="1.863" contextid="1584" timestamp="2019-06-16T21:52:00.534">
  <memory-copied type="eden" objects="4" bytes="112" bytesdiscarded="0" />
  <memory-copied type="other" objects="39" bytes="1032" bytesdiscarded="216" />
  <memory-cardclean objects="43" bytes="9728" />
  <regions eden="24" other="2" />
  <remembered-set-cleared processed="105357" cleared="58" durationms="0.402" />
  <references type="weak" candidates="6" cleared="0" enqueued="0" />
  <stringconstants candidates="13776" cleared="0"  />
</gc-op>
<gc-op id="1588" type="classunload" timems="0.005" contextid="1584" timestamp="2019-06-16T21:52:00.534">
  <classunload-info classloadercandidates="54" classloadersunloaded="0" classesunloaded="0" anonymousclassesunloaded="0" quiescems="0.000" setupms="0.004" scanms="0.000" postms="0.000" />
</gc-op>
<heap-resize id="1589" type="expand" space="default" amount="13631488" count="1" timems="0.078" reason="excessive time being spent in gc" timestamp="2019-06-16T21:52:00.534" />
<gc-end id="1590" type="partial gc" contextid="1584" durationms="2.854" usertimems="4.000" systemtimems="4.000" timestamp="2019-06-16T21:52:00.534" activeThreads="4">
  <mem-info id="1591" free="50331648" total="89128960" percent="56">
    <mem type="eden" free="1048464" total="1048576" percent="99" />
    <remembered-set count="108000" freebytes="3125760" totalbytes="3557760" percent="87" regionsoverflowed="0" regionsstable="0" regionsrebuilding="16"/>
  </mem-info>
</gc-end>
<cycle-end id="1592" type="partial gc" contextid="1584" timestamp="2019-06-16T21:52:00.534" />
  <attribute name="elasticGC enabled" value="1" />
  <attribute name= "numThreadsSpecified" value="4" />
  <attribute name="heapSize specified" value="0" />
  <attribute name="Current GC Util" value="75" />
  <attribute name= "Current Time Running" value="56878" />
  <attribute name ="GC Interval" value="0" />
  <attribute name="ProportionalT" value="27.500000" />
  <attribute name="ProportionalI" value="27.500000" />
  <attribute name="ProportionalH" value="27.500000" />
  <attribute name="Current Error" value="55.000000" />
  <attribute name="IntegralT" value="27.500000" />
  <attribute name="IntegralI" value="27.500000" />
  <attribute name="IntegralH" value="27.500000" />
  <attribute name="DerivativeT" value="55.000000" />
  <attribute name="DerivativeI" value="55.000000" />
  <attribute name="DerivativeH" value="55.000000" />
  <attribute name="Loop Time for DT" value="1.000000" />
  <attribute name="Output H" value="8388608"/>
  <attribute name="Output I" value="200"/>
  <attribute name="Output T" value="4"/>
  <attribute name="Target GC Util Change" value ="20.000000" />
  <attribute name="Current GC Util Change" value="75.000000"/>
  <attribute name="GC Util currently" value="75" />
  <attribute name="CPU Util currently" value="19804458423071" />
<exclusive-end id="1593" timestamp="2019-06-16T21:52:00.534" durationms="3.549" />

<exclusive-start id="1594" timestamp="2019-06-16T21:52:00.543" intervalms="12.499">
  <response-info timems="0.094" idlems="0.094" threads="0" lastid="0000000001AFD700" lastname="main" />
</exclusive-start>
<allocation-taxation id="1595" taxation-threshold="13631488" timestamp="2019-06-16T21:52:00.543" intervalms="12.498" />
<gc-start id="1596" type="global mark phase" contextid="1472" timestamp="2019-06-16T21:52:00.543">
  <mem-info id="1597" free="36700160" total="89128960" percent="41">
    <remembered-set count="107584" freebytes="3127424" totalbytes="3557760" percent="87" regionsoverflowed="0" regionsstable="0" regionsrebuilding="16"/>
  </mem-info>
</gc-start>
<gc-end id="1598" type="global mark phase" contextid="1472" durationms="0.101" usertimems="0.000" systemtimems="0.000" timestamp="2019-06-16T21:52:00.544" activeThreads="4">
  <mem-info id="1599" free="36700160" total="89128960" percent="41">
    <remembered-set count="107584" freebytes="3127424" totalbytes="3557760" percent="87" regionsoverflowed="0" regionsstable="0" regionsrebuilding="16"/>
  </mem-info>
</gc-end>
<concurrent-start id="1600" type="GMP work packet processing" contextid="1472" timestamp="2019-06-16T21:52:00.544">
  <concurrent-mark-start scanTarget="1889592" />
</concurrent-start>
<exclusive-end id="1601" timestamp="2019-06-16T21:52:00.544" durationms="0.952" />

<concurrent-end id="1602" type="GMP work packet processing" contextid="1472" timestamp="2019-06-16T21:52:00.544">
  <concurrent-mark-end bytesScanned="879712" reasonForTermination="Completed all work in GC phase" />
</concurrent-end>

</verbosegc>

