<?xml version="1.0" ?>

<verbosegc xmlns="http://www.ibm.com/j9/verbosegc" version="25b0271_CMPRSS">

<initialized id="1" timestamp="2019-07-02T19:36:48.404">
  <attribute name="gcPolicy" value="-Xgcpolicy:optavgpause" />
  <attribute name="GC Util" value="0" />
  <attribute name="CPU Util" value="0" />
  <attribute name="Time Running"value="0"/>
  <attribute name="Number of cores"value="0"/>
  <attribute name="maxHeapSize" value="0x7cbc0000" />
  <attribute name="initialHeapSize" value="0x800000" />
  <attribute name="compressedRefs" value="true" />
  <attribute name="compressedRefsDisplacement" value="0x0" />
  <attribute name="compressedRefsShift" value="0x0" />
  <attribute name="pageSize" value="0x1000" />
  <attribute name="pageType" value="not used" />
  <attribute name="requestedPageSize" value="0x1000" />
  <attribute name="requestedPageType" value="not used" />
  <attribute name="gcthreads" value="4" />
  <attribute name="packetListSplit" value="4" />
  <attribute name="cacheListSplit" value="4" />
  <attribute name="splitFreeListSplitAmount" value="1" />
  <attribute name="numaNodes" value="0" />
  <system>
    <attribute name="physicalMemory" value="8370962432" />
    <attribute name="numCPUs" value="4" />
    <attribute name="architecture" value="amd64" />
    <attribute name="os" value="Linux" />
    <attribute name="osVersion" value="4.4.0-148-generic" />
  </system>
  <vmargs>
    <vmarg name="-Xoptionsfile=/vagrant/jdk/lib/options.default" />
    <vmarg name="-Xlockword:mode=default,noLockword=java/lang/String,noLockword=java/util/MapEntry,noLockword=java/util/HashMap$Entry,noLockword..." />
    <vmarg name="-Xjcl:jclse11_29" />
    <vmarg name="-Dcom.ibm.oti.vm.bootstrap.library.path=/vagrant/jdk/lib/compressedrefs:/vagrant/jdk/lib" />
    <vmarg name="-Dsun.boot.library.path=/vagrant/jdk/lib/compressedrefs:/vagrant/jdk/lib" />
    <vmarg name="-Djava.library.path=/vagrant/jdk/lib/compressedrefs:/vagrant/jdk/lib:/usr/lib64:/usr/lib" />
    <vmarg name="-Djava.home=/vagrant/jdk" />
    <vmarg name="-Duser.dir=/vagrant" />
    <vmarg name="-Xgcpolicy:optavgpause" />
    <vmarg name="-verbose:gc" />
    <vmarg name="-Xloggc:default-OPTAVGPAUSE-jdkF-verbose10sunflow.txt" />
    <vmarg name="-Djava.class.path=dacapo-9.12-MR1-bach.jar" />
    <vmarg name="-Dsun.java.command=dacapo-9.12-MR1-bach.jar sunflow --size=default" />
    <vmarg name="-Dsun.java.launcher=SUN_STANDARD" />
    <vmarg name="-Dsun.java.launcher.pid=14252" />
  </vmargs>
</initialized>

<exclusive-start id="2" timestamp="2019-07-02T19:36:48.768" intervalms="364.070">
  <response-info timems="0.060" idlems="0.060" threads="0" lastid="000000000075E700" lastname="main" />
</exclusive-start>
<sys-start reason="explicit" id="3" timestamp="2019-07-02T19:36:48.769" intervalms="364.547" />
<cycle-start id="4" type="global" contextid="0" timestamp="2019-07-02T19:36:48.769" intervalms="365.182" />
  <attribute name="GC Util" value="0" />
  <attribute name="CPU Util" value="81" />
  <attribute name="Time Running"value="0"/>
  <attribute name="Number of cores"value="4"/>
<gc-start id="5" type="global" contextid="4" timestamp="2019-07-02T19:36:48.770">
  <mem-info id="6" free="2302824" total="8388608" percent="27">
    <mem type="tenure" free="2302824" total="8388608" percent="27">
      <mem type="soa" free="1884008" total="7969792" percent="23" />
      <mem type="loa" free="418816" total="418816" percent="100" />
    </mem>
  </mem-info>
</gc-start>
<allocation-stats totalBytes="6083448" >
  <allocated-bytes non-tlh="1178776" tlh="4904672" />
  <largest-consumer threadName="main" threadId="000000000075E700" bytes="6040312" />
</allocation-stats>
<gc-op id="7" type="mark" timems="2.128" contextid="4" timestamp="2019-07-02T19:36:48.772">
  <trace-info objectcount="30036" scancount="24110" scanbytes="759260" />
  <finalization candidates="125" enqueued="1" />
  <ownableSynchronizers candidates="3" cleared="0" />
  <references type="soft" candidates="129" cleared="0" enqueued="0" dynamicThreshold="32" maxThreshold="32" />
  <references type="weak" candidates="1326" cleared="568" enqueued="478" />
  <references type="phantom" candidates="106" cleared="42" enqueued="42" />
  <stringconstants candidates="3935" cleared="0"  />
</gc-op>
<gc-op id="8" type="classunload" timems="0.089" contextid="4" timestamp="2019-07-02T19:36:48.772">
  <classunload-info classloadercandidates="7" classloadersunloaded="0" classesunloaded="0" anonymousclassesunloaded="0" quiescems="0.000" setupms="0.089" scanms="0.000" postms="0.000" />
</gc-op>
<gc-op id="9" type="sweep" timems="0.722" contextid="4" timestamp="2019-07-02T19:36:48.773" />
<gc-end id="10" type="global" contextid="4" durationms="3.412" usertimems="4.000" systemtimems="4.000" timestamp="2019-07-02T19:36:48.773" activeThreads="4">
  <mem-info id="11" free="6030320" total="8388608" percent="71">
    <mem type="tenure" free="6030320" total="8388608" percent="71" micro-fragmented="456302">
      <mem type="soa" free="5611504" total="7969792" percent="70" />
      <mem type="loa" free="418816" total="418816" percent="100" />
    </mem>
    <pending-finalizers system="1" default="0" reference="520" classloader="0" />
  </mem-info>
</gc-end>
<cycle-end id="12" type="global" contextid="4" timestamp="2019-07-02T19:36:48.773">
  <attribute name="GC Util" value="22" />
  <attribute name="CPU Util" value="48171243281561" />
  <attribute name="Time Running"value="261"/>
  <attribute name="Number of cores"value="4"/>
</cycle-end>
<sys-end id="13" timestamp="2019-07-02T19:36:48.773" />
<exclusive-end id="14" timestamp="2019-07-02T19:36:48.773" durationms="5.054" />

<exclusive-start id="15" timestamp="2019-07-02T19:36:48.944" intervalms="175.666">
  <response-info timems="0.058" idlems="0.058" threads="0" lastid="0000000000AB3D00" lastname="Thread-4" />
</exclusive-start>
<af-start id="16" threadId="0000000000AB4688" totalBytesRequested="16" timestamp="2019-07-02T19:36:48.944" intervalms="539.943" />
<cycle-start id="17" type="global" contextid="0" timestamp="2019-07-02T19:36:48.944" intervalms="174.915" />
  <attribute name="GC Util" value="22" />
  <attribute name="CPU Util" value="48171243281561" />
  <attribute name="Time Running"value="261"/>
  <attribute name="Number of cores"value="4"/>
<gc-start id="18" type="global" contextid="17" timestamp="2019-07-02T19:36:48.944">
  <mem-info id="19" free="418816" total="8388608" percent="4">
    <mem type="tenure" free="418816" total="8388608" percent="4">
      <mem type="soa" free="0" total="7969792" percent="0" />
      <mem type="loa" free="418816" total="418816" percent="100" />
    </mem>
  </mem-info>
</gc-start>
<allocation-stats totalBytes="5524288" >
  <allocated-bytes non-tlh="1731576" tlh="3792712" />
  <largest-consumer threadName="main" threadId="000000000075E700" bytes="3002728" />
</allocation-stats>
<gc-op id="20" type="mark" timems="2.529" contextid="17" timestamp="2019-07-02T19:36:48.947">
  <trace-info objectcount="43705" scancount="35365" scanbytes="1182816" />
  <finalization candidates="124" enqueued="0" />
  <ownableSynchronizers candidates="3" cleared="0" />
  <references type="soft" candidates="146" cleared="0" enqueued="0" dynamicThreshold="23" maxThreshold="32" />
  <references type="weak" candidates="803" cleared="29" enqueued="28" />
  <references type="phantom" candidates="65" cleared="2" enqueued="2" />
  <stringconstants candidates="4509" cleared="1"  />
</gc-op>
<gc-op id="21" type="sweep" timems="0.611" contextid="17" timestamp="2019-07-02T19:36:48.948" />
<gc-end id="22" type="global" contextid="17" durationms="3.761" usertimems="8.000" systemtimems="0.000" timestamp="2019-07-02T19:36:48.948" activeThreads="4">
  <mem-info id="23" free="3847264" total="8388608" percent="45">
    <mem type="tenure" free="3847264" total="8388608" percent="45" micro-fragmented="1243350">
      <mem type="soa" free="3575032" total="7969792" percent="44" />
      <mem type="loa" free="272232" total="418816" percent="65" />
    </mem>
    <pending-finalizers system="0" default="0" reference="30" classloader="0" />
  </mem-info>
</gc-end>
<cycle-end id="24" type="global" contextid="17" timestamp="2019-07-02T19:36:48.948">
  <attribute name="GC Util" value="160" />
  <attribute name="CPU Util" value="6614958351684" />
  <attribute name="Time Running"value="435"/>
  <attribute name="Number of cores"value="4"/>
</cycle-end>
<allocation-satisfied id="25" threadId="0000000000AB3D00" bytesRequested="16" />
<af-end id="26" timestamp="2019-07-02T19:36:48.949" threadId="0000000000AB4688" success="true" />
<exclusive-end id="27" timestamp="2019-07-02T19:36:48.949" durationms="4.683" />

<concurrent-kickoff id="28" timestamp="2019-07-02T19:36:49.079">
  <kickoff reason="threshold reached" targetBytes="2489738" thresholdFreeBytes="343258" remainingFree="282440" tenureFreeBytes="282440" />
</concurrent-kickoff>
<exclusive-start id="29" timestamp="2019-07-02T19:36:49.080" intervalms="135.717">
  <response-info timems="0.036" idlems="0.036" threads="0" lastid="0000000000AB3D00" lastname="Thread-4" />
</exclusive-start>
<cycle-start id="30" type="global" contextid="0" timestamp="2019-07-02T19:36:49.080" intervalms="135.403" />
  <attribute name="GC Util" value="160" />
  <attribute name="CPU Util" value="6614958351684" />
  <attribute name="Time Running"value="435"/>
  <attribute name="Number of cores"value="4"/>
<exclusive-end id="31" timestamp="2019-07-02T19:36:49.080" durationms="0.089" />

<exclusive-start id="32" timestamp="2019-07-02T19:36:49.085" intervalms="5.374">
  <response-info timems="0.059" idlems="0.059" threads="0" lastid="0000000000AB3D00" lastname="Thread-4" />
</exclusive-start>
<af-start id="33" threadId="0000000000AB4688" totalBytesRequested="49112" timestamp="2019-07-02T19:36:49.085" intervalms="140.953" />
<concurrent-aborted id="34" timestamp="2019-07-02T19:36:49.085">
  <reason value="insufficient progress made" />
</concurrent-aborted>
<cycle-end id="35" type="global" contextid="30" timestamp="2019-07-02T19:36:49.085">
  <attribute name="GC Util" value="0" />
  <attribute name="CPU Util" value="188" />
  <attribute name="Time Running"value="573"/>
  <attribute name="Number of cores"value="4"/>
</cycle-end>
<cycle-start id="36" type="global" contextid="0" timestamp="2019-07-02T19:36:49.086" intervalms="5.956" />
  <attribute name="GC Util" value="0" />
  <attribute name="CPU Util" value="188" />
  <attribute name="Time Running"value="573"/>
  <attribute name="Number of cores"value="4"/>
<gc-start id="37" type="global" contextid="36" timestamp="2019-07-02T19:36:49.086">
  <mem-info id="38" free="418816" total="8388608" percent="4">
    <mem type="tenure" free="418816" total="8388608" percent="4">
      <mem type="soa" free="0" total="7969792" percent="0" />
      <mem type="loa" free="418816" total="418816" percent="100" />
    </mem>
  </mem-info>
</gc-start>
<allocation-stats totalBytes="3471656" >
  <allocated-bytes non-tlh="1288136" tlh="2183520" />
  <largest-consumer threadName="Thread-4" threadId="0000000000AB3D00" bytes="3471656" />
</allocation-stats>
<gc-op id="39" type="mark" timems="2.406" contextid="36" timestamp="2019-07-02T19:36:49.088">
  <trace-info objectcount="43618" scancount="35308" scanbytes="1181160" />
  <finalization candidates="124" enqueued="0" />
  <ownableSynchronizers candidates="3" cleared="0" />
  <references type="soft" candidates="146" cleared="0" enqueued="0" dynamicThreshold="14" maxThreshold="32" />
  <references type="weak" candidates="774" cleared="0" enqueued="0" />
  <references type="phantom" candidates="63" cleared="0" enqueued="0" />
  <stringconstants candidates="4510" cleared="0"  />
</gc-op>
<gc-op id="40" type="sweep" timems="0.522" contextid="36" timestamp="2019-07-02T19:36:49.089" />
<gc-end id="41" type="global" contextid="36" durationms="3.161" usertimems="8.000" systemtimems="0.000" timestamp="2019-07-02T19:36:49.089" activeThreads="4">
  <mem-info id="42" free="3727168" total="8388608" percent="44">
    <mem type="tenure" free="3727168" total="8388608" percent="44" micro-fragmented="1240196">
      <mem type="soa" free="3381640" total="7969792" percent="42" />
      <mem type="loa" free="345528" total="418816" percent="82" />
    </mem>
  </mem-info>
</gc-end>
<cycle-end id="43" type="global" contextid="36" timestamp="2019-07-02T19:36:49.089">
  <attribute name="GC Util" value="173" />
  <attribute name="CPU Util" value="7518370916424" />
  <attribute name="Time Running"value="576"/>
  <attribute name="Number of cores"value="4"/>
</cycle-end>
<allocation-satisfied id="44" threadId="0000000000AB3D00" bytesRequested="49112" />
<af-end id="45" timestamp="2019-07-02T19:36:49.089" threadId="0000000000AB4688" success="true" />
<exclusive-end id="46" timestamp="2019-07-02T19:36:49.089" durationms="4.213" />

<exclusive-start id="47" timestamp="2019-07-02T19:36:49.209" intervalms="124.402">
  <response-info timems="0.020" idlems="0.020" threads="0" lastid="000000000075E700" lastname="main" />
</exclusive-start>
<af-start id="48" threadId="000000000075F088" totalBytesRequested="88" timestamp="2019-07-02T19:36:49.210" intervalms="124.485" />
<cycle-start id="49" type="global" contextid="0" timestamp="2019-07-02T19:36:49.210" intervalms="124.596" />
  <attribute name="GC Util" value="1" />
  <attribute name="CPU Util" value="175" />
  <attribute name="Time Running"value="698"/>
  <attribute name="Number of cores"value="4"/>
<gc-start id="50" type="global" contextid="49" timestamp="2019-07-02T19:36:49.210">
  <mem-info id="51" free="418816" total="8388608" percent="4">
    <mem type="tenure" free="418816" total="8388608" percent="4">
      <mem type="soa" free="0" total="7969792" percent="0" />
      <mem type="loa" free="418816" total="418816" percent="100" />
    </mem>
  </mem-info>
</gc-start>
<allocation-stats totalBytes="3356144" >
  <allocated-bytes non-tlh="785048" tlh="2571096" />
  <largest-consumer threadName="main" threadId="000000000075E700" bytes="56224" />
</allocation-stats>
<gc-op id="52" type="mark" timems="1.423" contextid="49" timestamp="2019-07-02T19:36:49.212">
  <trace-info objectcount="43625" scancount="35272" scanbytes="1178496" />
  <finalization candidates="124" enqueued="0" />
  <ownableSynchronizers candidates="3" cleared="0" />
  <references type="soft" candidates="146" cleared="0" enqueued="0" dynamicThreshold="14" maxThreshold="32" />
  <references type="weak" candidates="774" cleared="0" enqueued="0" />
  <references type="phantom" candidates="63" cleared="0" enqueued="0" />
  <stringconstants candidates="4555" cleared="0"  />
</gc-op>
<gc-op id="53" type="sweep" timems="0.204" contextid="49" timestamp="2019-07-02T19:36:49.212" />
<gc-end id="54" type="global" contextid="49" durationms="1.934" usertimems="4.000" systemtimems="4.000" timestamp="2019-07-02T19:36:49.212" activeThreads="4">
  <mem-info id="55" free="3987680" total="8388608" percent="47">
    <mem type="tenure" free="3987680" total="8388608" percent="47" micro-fragmented="1285916">
      <mem type="soa" free="3605504" total="7969792" percent="45" />
      <mem type="loa" free="382176" total="418816" percent="91" />
    </mem>
  </mem-info>
</gc-end>
<cycle-end id="56" type="global" contextid="49" timestamp="2019-07-02T19:36:49.212">
  <attribute name="GC Util" value="160" />
  <attribute name="CPU Util" value="12376610633439" />
  <attribute name="Time Running"value="700"/>
  <attribute name="Number of cores"value="4"/>
</cycle-end>
<allocation-satisfied id="57" threadId="000000000075E700" bytesRequested="88" />
<af-end id="58" timestamp="2019-07-02T19:36:49.212" threadId="000000000075F088" success="true" />
<exclusive-end id="59" timestamp="2019-07-02T19:36:49.213" durationms="3.092" />

<exclusive-start id="60" timestamp="2019-07-02T19:36:49.283" intervalms="73.680">
  <response-info timems="0.038" idlems="0.021" threads="1" lastid="0000000000AB3D00" lastname="Thread-10" />
</exclusive-start>
<af-start id="61" threadId="0000000000ABBE88" totalBytesRequested="40" timestamp="2019-07-02T19:36:49.283" intervalms="73.638" />
<cycle-start id="62" type="global" contextid="0" timestamp="2019-07-02T19:36:49.283" intervalms="73.216" />
  <attribute name="GC Util" value="2" />
  <attribute name="CPU Util" value="322" />
  <attribute name="Time Running"value="771"/>
  <attribute name="Number of cores"value="4"/>
<gc-start id="63" type="global" contextid="62" timestamp="2019-07-02T19:36:49.284">
  <mem-info id="64" free="418816" total="8388608" percent="4">
    <mem type="tenure" free="418816" total="8388608" percent="4">
      <mem type="soa" free="0" total="7969792" percent="0" />
      <mem type="loa" free="418816" total="418816" percent="100" />
    </mem>
  </mem-info>
</gc-start>
<allocation-stats totalBytes="3596432" >
  <allocated-bytes non-tlh="301792" tlh="3294640" />
  <largest-consumer threadName="Thread-8" threadId="0000000000AB0100" bytes="1009624" />
</allocation-stats>
<gc-op id="65" type="mark" timems="1.519" contextid="62" timestamp="2019-07-02T19:36:49.285">
  <trace-info objectcount="64028" scancount="55642" scanbytes="2221072" />
  <finalization candidates="124" enqueued="0" />
  <ownableSynchronizers candidates="3" cleared="0" />
  <references type="soft" candidates="146" cleared="0" enqueued="0" dynamicThreshold="15" maxThreshold="32" />
  <references type="weak" candidates="774" cleared="0" enqueued="0" />
  <references type="phantom" candidates="63" cleared="0" enqueued="0" />
  <stringconstants candidates="4573" cleared="0"  />
</gc-op>
<gc-op id="66" type="sweep" timems="0.394" contextid="62" timestamp="2019-07-02T19:36:49.286" />
<gc-end id="67" type="global" contextid="62" durationms="2.225" usertimems="8.000" systemtimems="0.000" timestamp="2019-07-02T19:36:49.286" activeThreads="4">
  <mem-info id="68" free="2733136" total="8388608" percent="32">
    <mem type="tenure" free="2733136" total="8388608" percent="32" micro-fragmented="1512687">
      <mem type="soa" free="2314320" total="7969792" percent="29" />
      <mem type="loa" free="418816" total="418816" percent="100" />
    </mem>
  </mem-info>
</gc-end>
<cycle-end id="69" type="global" contextid="62" timestamp="2019-07-02T19:36:49.286">
  <attribute name="GC Util" value="19" />
  <attribute name="CPU Util" value="72382466897883" />
  <attribute name="Time Running"value="774"/>
  <attribute name="Number of cores"value="4"/>
</cycle-end>
<allocation-satisfied id="70" threadId="0000000000ABB500" bytesRequested="40" />
<af-end id="71" timestamp="2019-07-02T19:36:49.286" threadId="0000000000ABBE88" success="true" />
<exclusive-end id="72" timestamp="2019-07-02T19:36:49.286" durationms="3.071" />

<exclusive-start id="73" timestamp="2019-07-02T19:36:49.343" intervalms="59.582">
  <response-info timems="0.034" idlems="0.034" threads="0" lastid="0000000000AB0100" lastname="Thread-8" />
</exclusive-start>
<af-start id="74" threadId="0000000000AB0A88" totalBytesRequested="40" timestamp="2019-07-02T19:36:49.343" intervalms="59.583" />
<cycle-start id="75" type="global" contextid="0" timestamp="2019-07-02T19:36:49.343" intervalms="59.386" />
  <attribute name="GC Util" value="19" />
  <attribute name="CPU Util" value="72382466897883" />
  <attribute name="Time Running"value="774"/>
  <attribute name="Number of cores"value="4"/>
<gc-start id="76" type="global" contextid="75" timestamp="2019-07-02T19:36:49.343">
  <mem-info id="77" free="418816" total="8388608" percent="4">
    <mem type="tenure" free="418816" total="8388608" percent="4">
      <mem type="soa" free="0" total="7969792" percent="0" />
      <mem type="loa" free="418816" total="418816" percent="100" />
    </mem>
  </mem-info>
</gc-start>
<allocation-stats totalBytes="2311392" >
  <allocated-bytes non-tlh="0" tlh="2311392" />
  <largest-consumer threadName="Thread-7" threadId="0000000000AB7900" bytes="803712" />
</allocation-stats>
<gc-op id="78" type="mark" timems="2.867" contextid="75" timestamp="2019-07-02T19:36:49.346">
  <trace-info objectcount="64911" scancount="56538" scanbytes="2242328" />
  <finalization candidates="124" enqueued="0" />
  <ownableSynchronizers candidates="3" cleared="0" />
  <references type="soft" candidates="146" cleared="0" enqueued="0" dynamicThreshold="10" maxThreshold="32" />
  <references type="weak" candidates="774" cleared="0" enqueued="0" />
  <references type="phantom" candidates="63" cleared="0" enqueued="0" />
  <stringconstants candidates="4573" cleared="0"  />
</gc-op>
<gc-op id="79" type="sweep" timems="0.793" contextid="75" timestamp="2019-07-02T19:36:49.347" />
<gc-end id="80" type="global" contextid="75" durationms="3.918" usertimems="8.000" systemtimems="0.000" timestamp="2019-07-02T19:36:49.347" activeThreads="4">
  <mem-info id="81" free="2696680" total="8388608" percent="32">
    <mem type="tenure" free="2696680" total="8388608" percent="32" micro-fragmented="1528691">
      <mem type="soa" free="2277864" total="7969792" percent="28" />
      <mem type="loa" free="418816" total="418816" percent="100" />
    </mem>
  </mem-info>
</gc-end>
<cycle-end id="82" type="global" contextid="75" timestamp="2019-07-02T19:36:49.347">
  <attribute name="GC Util" value="122" />
  <attribute name="CPU Util" value="33949896329826" />
  <attribute name="Time Running"value="834"/>
  <attribute name="Number of cores"value="4"/>
</cycle-end>
<allocation-satisfied id="83" threadId="0000000000AB0100" bytesRequested="40" />
<af-end id="84" timestamp="2019-07-02T19:36:49.347" threadId="0000000000AB0A88" success="true" />
<exclusive-end id="85" timestamp="2019-07-02T19:36:49.347" durationms="4.428" />

<exclusive-start id="86" timestamp="2019-07-02T19:36:49.403" intervalms="59.812">
  <response-info timems="0.036" idlems="0.020" threads="1" lastid="0000000000ABB500" lastname="Thread-9" />
</exclusive-start>
<af-start id="87" threadId="0000000000AB4688" totalBytesRequested="40" timestamp="2019-07-02T19:36:49.403" intervalms="59.823" />
<cycle-start id="88" type="global" contextid="0" timestamp="2019-07-02T19:36:49.403" intervalms="59.841" />
  <attribute name="GC Util" value="122" />
  <attribute name="CPU Util" value="33949896329826" />
  <attribute name="Time Running"value="834"/>
  <attribute name="Number of cores"value="4"/>
<gc-start id="89" type="global" contextid="88" timestamp="2019-07-02T19:36:49.403">
  <mem-info id="90" free="418816" total="8388608" percent="4">
    <mem type="tenure" free="418816" total="8388608" percent="4">
      <mem type="soa" free="0" total="7969792" percent="0" />
      <mem type="loa" free="418816" total="418816" percent="100" />
    </mem>
  </mem-info>
</gc-start>
<allocation-stats totalBytes="2273160" >
  <allocated-bytes non-tlh="0" tlh="2273160" />
  <largest-consumer threadName="Thread-7" threadId="0000000000AB7900" bytes="776704" />
</allocation-stats>
<gc-op id="91" type="mark" timems="1.515" contextid="88" timestamp="2019-07-02T19:36:49.404">
  <trace-info objectcount="65707" scancount="57331" scanbytes="2261336" />
  <finalization candidates="124" enqueued="0" />
  <ownableSynchronizers candidates="3" cleared="0" />
  <references type="soft" candidates="146" cleared="0" enqueued="0" dynamicThreshold="10" maxThreshold="32" />
  <references type="weak" candidates="774" cleared="0" enqueued="0" />
  <references type="phantom" candidates="63" cleared="0" enqueued="0" />
  <stringconstants candidates="4573" cleared="0"  />
</gc-op>
<gc-op id="92" type="sweep" timems="0.424" contextid="88" timestamp="2019-07-02T19:36:49.405" />
<gc-end id="93" type="global" contextid="88" durationms="2.257" usertimems="8.000" systemtimems="0.000" timestamp="2019-07-02T19:36:49.405" activeThreads="4">
  <mem-info id="94" free="2662048" total="8388608" percent="31">
    <mem type="tenure" free="2662048" total="8388608" percent="31" micro-fragmented="1453568">
      <mem type="soa" free="2243232" total="7969792" percent="28" />
      <mem type="loa" free="418816" total="418816" percent="100" />
    </mem>
  </mem-info>
</gc-end>
<cycle-end id="95" type="global" contextid="88" timestamp="2019-07-02T19:36:49.405">
  <attribute name="GC Util" value="15" />
  <attribute name="CPU Util" value="63862047720619" />
  <attribute name="Time Running"value="893"/>
  <attribute name="Number of cores"value="4"/>
</cycle-end>
<allocation-satisfied id="96" threadId="0000000000AB3D00" bytesRequested="40" />
<af-end id="97" timestamp="2019-07-02T19:36:49.405" threadId="0000000000AB4688" success="true" />
<exclusive-end id="98" timestamp="2019-07-02T19:36:49.405" durationms="2.769" />

<exclusive-start id="99" timestamp="2019-07-02T19:36:49.465" intervalms="62.579">
  <response-info timems="10.928" idlems="5.467" threads="1" lastid="0000000000AB3D00" lastname="Thread-10" />
</exclusive-start>
<af-start id="100" threadId="0000000000ABBE88" totalBytesRequested="40" timestamp="2019-07-02T19:36:49.465" intervalms="62.581" />
<cycle-start id="101" type="global" contextid="0" timestamp="2019-07-02T19:36:49.465" intervalms="62.639" />
  <attribute name="GC Util" value="15" />
  <attribute name="CPU Util" value="63862047720619" />
  <attribute name="Time Running"value="893"/>
  <attribute name="Number of cores"value="4"/>
<gc-start id="102" type="global" contextid="101" timestamp="2019-07-02T19:36:49.466">
  <mem-info id="103" free="418816" total="8388608" percent="4">
    <mem type="tenure" free="418816" total="8388608" percent="4">
      <mem type="soa" free="0" total="7969792" percent="0" />
      <mem type="loa" free="418816" total="418816" percent="100" />
    </mem>
  </mem-info>
</gc-start>
<allocation-stats totalBytes="2237544" >
  <allocated-bytes non-tlh="0" tlh="2237544" />
  <largest-consumer threadName="Thread-7" threadId="0000000000AB7900" bytes="687384" />
</allocation-stats>
<gc-op id="104" type="mark" timems="1.607" contextid="101" timestamp="2019-07-02T19:36:49.467">
  <trace-info objectcount="66471" scancount="58097" scanbytes="2280056" />
  <finalization candidates="124" enqueued="0" />
  <ownableSynchronizers candidates="3" cleared="0" />
  <references type="soft" candidates="146" cleared="0" enqueued="0" dynamicThreshold="10" maxThreshold="32" />
  <references type="weak" candidates="774" cleared="0" enqueued="0" />
  <references type="phantom" candidates="63" cleared="0" enqueued="0" />
  <stringconstants candidates="4573" cleared="0"  />
</gc-op>
<gc-op id="105" type="sweep" timems="0.520" contextid="101" timestamp="2019-07-02T19:36:49.468" />
<gc-end id="106" type="global" contextid="101" durationms="2.633" usertimems="4.000" systemtimems="0.000" timestamp="2019-07-02T19:36:49.468" activeThreads="4">
  <mem-info id="107" free="2622352" total="8388608" percent="31">
    <mem type="tenure" free="2622352" total="8388608" percent="31" micro-fragmented="1470138">
      <mem type="soa" free="2203536" total="7969792" percent="27" />
      <mem type="loa" free="418816" total="418816" percent="100" />
    </mem>
  </mem-info>
</gc-end>
<cycle-end id="108" type="global" contextid="101" timestamp="2019-07-02T19:36:49.468">
  <attribute name="GC Util" value="15" />
  <attribute name="CPU Util" value="52627845671286" />
  <attribute name="Time Running"value="956"/>
  <attribute name="Number of cores"value="4"/>
</cycle-end>
<allocation-satisfied id="109" threadId="0000000000ABB500" bytesRequested="40" />
<af-end id="110" timestamp="2019-07-02T19:36:49.469" threadId="0000000000ABBE88" success="true" />
<exclusive-end id="111" timestamp="2019-07-02T19:36:49.469" durationms="3.521" />

<exclusive-start id="112" timestamp="2019-07-02T19:36:49.529" intervalms="63.621">
  <response-info timems="0.039" idlems="0.039" threads="0" lastid="0000000000AB7900" lastname="Thread-7" />
</exclusive-start>
<af-start id="113" threadId="0000000000AB8288" totalBytesRequested="24" timestamp="2019-07-02T19:36:49.529" intervalms="63.672" />
<cycle-start id="114" type="global" contextid="0" timestamp="2019-07-02T19:36:49.529" intervalms="63.624" />
  <attribute name="GC Util" value="15" />
  <attribute name="CPU Util" value="52627845671286" />
  <attribute name="Time Running"value="956"/>
  <attribute name="Number of cores"value="4"/>
<gc-start id="115" type="global" contextid="114" timestamp="2019-07-02T19:36:49.529">
  <mem-info id="116" free="418816" total="8388608" percent="4">
    <mem type="tenure" free="418816" total="8388608" percent="4">
      <mem type="soa" free="0" total="7969792" percent="0" />
      <mem type="loa" free="418816" total="418816" percent="100" />
    </mem>
  </mem-info>
</gc-start>
<allocation-stats totalBytes="2196288" >
  <allocated-bytes non-tlh="0" tlh="2196288" />
  <largest-consumer threadName="Thread-7" threadId="0000000000AB7900" bytes="841208" />
</allocation-stats>
<gc-op id="117" type="mark" timems="3.898" contextid="114" timestamp="2019-07-02T19:36:49.533">
  <trace-info objectcount="67200" scancount="58821" scanbytes="2297152" />
  <finalization candidates="124" enqueued="0" />
  <ownableSynchronizers candidates="3" cleared="0" />
  <references type="soft" candidates="146" cleared="0" enqueued="0" dynamicThreshold="10" maxThreshold="32" />
  <references type="weak" candidates="774" cleared="0" enqueued="0" />
  <references type="phantom" candidates="63" cleared="0" enqueued="0" />
  <stringconstants candidates="4573" cleared="0"  />
</gc-op>
<gc-op id="118" type="sweep" timems="1.454" contextid="114" timestamp="2019-07-02T19:36:49.535" />
<gc-end id="119" type="global" contextid="114" durationms="5.665" usertimems="12.000" systemtimems="8.000" timestamp="2019-07-02T19:36:49.535" activeThreads="4">
  <mem-info id="120" free="2585696" total="8388608" percent="30">
    <mem type="tenure" free="2585696" total="8388608" percent="30" micro-fragmented="1505629">
      <mem type="soa" free="2166880" total="7969792" percent="27" />
      <mem type="loa" free="418816" total="418816" percent="100" />
    </mem>
  </mem-info>
</gc-end>
<cycle-end id="121" type="global" contextid="114" timestamp="2019-07-02T19:36:49.535">
  <attribute name="GC Util" value="106" />
  <attribute name="CPU Util" value="18753552182554" />
  <attribute name="Time Running"value="1022"/>
  <attribute name="Number of cores"value="4"/>
</cycle-end>
<allocation-satisfied id="122" threadId="0000000000AB7900" bytesRequested="24" />
<af-end id="123" timestamp="2019-07-02T19:36:49.535" threadId="0000000000AB8288" success="true" />
<exclusive-end id="124" timestamp="2019-07-02T19:36:49.535" durationms="6.214" />

<exclusive-start id="125" timestamp="2019-07-02T19:36:49.590" intervalms="61.386">
  <response-info timems="3.124" idlems="1.566" threads="1" lastid="0000000000AB3D00" lastname="Thread-10" />
</exclusive-start>
<af-start id="126" threadId="0000000000AB8288" totalBytesRequested="40" timestamp="2019-07-02T19:36:49.590" intervalms="61.335" />
<cycle-start id="127" type="global" contextid="0" timestamp="2019-07-02T19:36:49.590" intervalms="61.316" />
  <attribute name="GC Util" value="106" />
  <attribute name="CPU Util" value="18753552182554" />
  <attribute name="Time Running"value="1022"/>
  <attribute name="Number of cores"value="4"/>
<gc-start id="128" type="global" contextid="127" timestamp="2019-07-02T19:36:49.590">
  <mem-info id="129" free="418816" total="8388608" percent="4">
    <mem type="tenure" free="418816" total="8388608" percent="4">
      <mem type="soa" free="0" total="7969792" percent="0" />
      <mem type="loa" free="418816" total="418816" percent="100" />
    </mem>
  </mem-info>
</gc-start>
<allocation-stats totalBytes="2158832" >
  <allocated-bytes non-tlh="0" tlh="2158832" />
  <largest-consumer threadName="Thread-7" threadId="0000000000AB7900" bytes="909304" />
</allocation-stats>
<gc-op id="130" type="mark" timems="3.752" contextid="127" timestamp="2019-07-02T19:36:49.594">
  <trace-info objectcount="67234" scancount="58890" scanbytes="2293840" />
  <finalization candidates="124" enqueued="0" />
  <ownableSynchronizers candidates="3" cleared="0" />
  <references type="soft" candidates="146" cleared="45" enqueued="42" dynamicThreshold="9" maxThreshold="32" />
  <references type="weak" candidates="774" cleared="0" enqueued="0" />
  <references type="phantom" candidates="63" cleared="0" enqueued="0" />
  <stringconstants candidates="4573" cleared="0"  />
</gc-op>
<gc-op id="131" type="sweep" timems="1.393" contextid="127" timestamp="2019-07-02T19:36:49.596" />
<gc-end id="132" type="global" contextid="127" durationms="5.423" usertimems="12.000" systemtimems="4.000" timestamp="2019-07-02T19:36:49.596" activeThreads="4">
  <mem-info id="133" free="2573600" total="8388608" percent="30">
    <mem type="tenure" free="2573600" total="8388608" percent="30" micro-fragmented="1391535">
      <mem type="soa" free="2154784" total="7969792" percent="27" />
      <mem type="loa" free="418816" total="418816" percent="100" />
    </mem>
    <pending-finalizers system="0" default="0" reference="42" classloader="0" />
  </mem-info>
</gc-end>
<cycle-end id="134" type="global" contextid="127" timestamp="2019-07-02T19:36:49.596">
  <attribute name="GC Util" value="110" />
  <attribute name="CPU Util" value="19503584818556" />
  <attribute name="Time Running"value="1083"/>
  <attribute name="Number of cores"value="4"/>
</cycle-end>
<allocation-satisfied id="135" threadId="0000000000AB7900" bytesRequested="40" />
<af-end id="136" timestamp="2019-07-02T19:36:49.596" threadId="0000000000AB8288" success="true" />
<exclusive-end id="137" timestamp="2019-07-02T19:36:49.596" durationms="5.916" />

<exclusive-start id="138" timestamp="2019-07-02T19:36:49.652" intervalms="61.553">
  <response-info timems="0.048" idlems="0.048" threads="0" lastid="0000000000ABB500" lastname="Thread-9" />
</exclusive-start>
<af-start id="139" threadId="0000000000ABBE88" totalBytesRequested="40" timestamp="2019-07-02T19:36:49.652" intervalms="61.550" />
<cycle-start id="140" type="global" contextid="0" timestamp="2019-07-02T19:36:49.652" intervalms="61.553" />
  <attribute name="GC Util" value="110" />
  <attribute name="CPU Util" value="19503584818556" />
  <attribute name="Time Running"value="1083"/>
  <attribute name="Number of cores"value="4"/>
<gc-start id="141" type="global" contextid="140" timestamp="2019-07-02T19:36:49.652">
  <mem-info id="142" free="418816" total="8388608" percent="4">
    <mem type="tenure" free="418816" total="8388608" percent="4">
      <mem type="soa" free="0" total="7969792" percent="0" />
      <mem type="loa" free="418816" total="418816" percent="100" />
    </mem>
  </mem-info>
</gc-start>
<allocation-stats totalBytes="2145896" >
  <allocated-bytes non-tlh="0" tlh="2145896" />
  <largest-consumer threadName="Thread-7" threadId="0000000000AB7900" bytes="617232" />
</allocation-stats>
<gc-op id="143" type="mark" timems="1.571" contextid="140" timestamp="2019-07-02T19:36:49.654">
  <trace-info objectcount="63996" scancount="56438" scanbytes="2227348" />
  <finalization candidates="124" enqueued="0" />
  <ownableSynchronizers candidates="3" cleared="0" />
  <references type="soft" candidates="101" cleared="15" enqueued="13" dynamicThreshold="9" maxThreshold="32" />
  <references type="weak" candidates="774" cleared="0" enqueued="0" />
  <references type="phantom" candidates="63" cleared="0" enqueued="0" />
  <stringconstants candidates="4573" cleared="0"  />
</gc-op>
<gc-op id="144" type="sweep" timems="0.364" contextid="140" timestamp="2019-07-02T19:36:49.654" />
<gc-end id="145" type="global" contextid="140" durationms="2.278" usertimems="8.000" systemtimems="0.000" timestamp="2019-07-02T19:36:49.654" activeThreads="4">
  <mem-info id="146" free="2752288" total="8388608" percent="32">
    <mem type="tenure" free="2752288" total="8388608" percent="32" micro-fragmented="1411006">
      <mem type="soa" free="2333472" total="7969792" percent="29" />
      <mem type="loa" free="418816" total="418816" percent="100" />
    </mem>
    <pending-finalizers system="0" default="0" reference="13" classloader="0" />
  </mem-info>
</gc-end>
<cycle-end id="147" type="global" contextid="140" timestamp="2019-07-02T19:36:49.654">
  <attribute name="GC Util" value="14" />
  <attribute name="CPU Util" value="69074441568822" />
  <attribute name="Time Running"value="1142"/>
  <attribute name="Number of cores"value="4"/>
</cycle-end>
<allocation-satisfied id="148" threadId="0000000000ABB500" bytesRequested="40" />
<af-end id="149" timestamp="2019-07-02T19:36:49.654" threadId="0000000000ABBE88" success="true" />
<exclusive-end id="150" timestamp="2019-07-02T19:36:49.654" durationms="2.771" />

<exclusive-start id="151" timestamp="2019-07-02T19:36:49.720" intervalms="67.881">
  <response-info timems="0.047" idlems="0.019" threads="3" lastid="0000000000ABB500" lastname="Thread-9" />
</exclusive-start>
<af-start id="152" threadId="0000000000AB8288" totalBytesRequested="40" timestamp="2019-07-02T19:36:49.720" intervalms="67.930" />
<cycle-start id="153" type="global" contextid="0" timestamp="2019-07-02T19:36:49.720" intervalms="67.984" />
  <attribute name="GC Util" value="14" />
  <attribute name="CPU Util" value="69074441568822" />
  <attribute name="Time Running"value="1142"/>
  <attribute name="Number of cores"value="4"/>
<gc-start id="154" type="global" contextid="153" timestamp="2019-07-02T19:36:49.720">
  <mem-info id="155" free="418816" total="8388608" percent="4">
    <mem type="tenure" free="418816" total="8388608" percent="4">
      <mem type="soa" free="0" total="7969792" percent="0" />
      <mem type="loa" free="418816" total="418816" percent="100" />
    </mem>
  </mem-info>
</gc-start>
<allocation-stats totalBytes="2322544" >
  <allocated-bytes non-tlh="0" tlh="2322544" />
  <largest-consumer threadName="Thread-10" threadId="0000000000AB3D00" bytes="678928" />
</allocation-stats>
<gc-op id="156" type="mark" timems="3.558" contextid="153" timestamp="2019-07-02T19:36:49.724">
  <trace-info objectcount="64480" scancount="56918" scanbytes="2238060" />
  <finalization candidates="124" enqueued="0" />
  <ownableSynchronizers candidates="3" cleared="0" />
  <references type="soft" candidates="86" cleared="0" enqueued="0" dynamicThreshold="10" maxThreshold="32" />
  <references type="weak" candidates="774" cleared="0" enqueued="0" />
  <references type="phantom" candidates="63" cleared="0" enqueued="0" />
  <stringconstants candidates="4573" cleared="0"  />
</gc-op>
<gc-op id="157" type="sweep" timems="1.481" contextid="153" timestamp="2019-07-02T19:36:49.725" />
<gc-end id="158" type="global" contextid="153" durationms="5.355" usertimems="12.000" systemtimems="0.000" timestamp="2019-07-02T19:36:49.725" activeThreads="4">
  <mem-info id="159" free="2708808" total="8388608" percent="32">
    <mem type="tenure" free="2708808" total="8388608" percent="32" micro-fragmented="1455845">
      <mem type="soa" free="2289992" total="7969792" percent="28" />
      <mem type="loa" free="418816" total="418816" percent="100" />
    </mem>
  </mem-info>
</gc-end>
<cycle-end id="160" type="global" contextid="153" timestamp="2019-07-02T19:36:49.725">
  <attribute name="GC Util" value="104" />
  <attribute name="CPU Util" value="18339239445104" />
  <attribute name="Time Running"value="1213"/>
  <attribute name="Number of cores"value="4"/>
</cycle-end>
<allocation-satisfied id="161" threadId="0000000000AB7900" bytesRequested="40" />
<af-end id="162" timestamp="2019-07-02T19:36:49.725" threadId="0000000000AB8288" success="true" />
<exclusive-end id="163" timestamp="2019-07-02T19:36:49.725" durationms="5.940" />

<exclusive-start id="164" timestamp="2019-07-02T19:36:49.783" intervalms="63.636">
  <response-info timems="0.075" idlems="0.075" threads="0" lastid="0000000000AB3D00" lastname="Thread-10" />
</exclusive-start>
<af-start id="165" threadId="0000000000AB4688" totalBytesRequested="40" timestamp="2019-07-02T19:36:49.783" intervalms="63.596" />
<cycle-start id="166" type="global" contextid="0" timestamp="2019-07-02T19:36:49.783" intervalms="63.551" />
  <attribute name="GC Util" value="104" />
  <attribute name="CPU Util" value="18339239445104" />
  <attribute name="Time Running"value="1213"/>
  <attribute name="Number of cores"value="4"/>
<gc-start id="167" type="global" contextid="166" timestamp="2019-07-02T19:36:49.783">
  <mem-info id="168" free="418816" total="8388608" percent="4">
    <mem type="tenure" free="418816" total="8388608" percent="4">
      <mem type="soa" free="0" total="7969792" percent="0" />
      <mem type="loa" free="418816" total="418816" percent="100" />
    </mem>
  </mem-info>
</gc-start>
<allocation-stats totalBytes="2279144" >
  <allocated-bytes non-tlh="0" tlh="2279144" />
  <largest-consumer threadName="Thread-10" threadId="0000000000AB3D00" bytes="1086912" />
</allocation-stats>
<gc-op id="169" type="mark" timems="2.615" contextid="166" timestamp="2019-07-02T19:36:49.786">
  <trace-info objectcount="64915" scancount="57355" scanbytes="2248340" />
  <finalization candidates="124" enqueued="0" />
  <ownableSynchronizers candidates="3" cleared="0" />
  <references type="soft" candidates="86" cleared="0" enqueued="0" dynamicThreshold="10" maxThreshold="32" />
  <references type="weak" candidates="774" cleared="0" enqueued="0" />
  <references type="phantom" candidates="63" cleared="0" enqueued="0" />
  <stringconstants candidates="4573" cleared="0"  />
</gc-op>
<gc-op id="170" type="sweep" timems="0.820" contextid="166" timestamp="2019-07-02T19:36:49.787" />
<gc-end id="171" type="global" contextid="166" durationms="3.762" usertimems="8.000" systemtimems="0.000" timestamp="2019-07-02T19:36:49.787" activeThreads="4">
  <mem-info id="172" free="2672664" total="8388608" percent="31">
    <mem type="tenure" free="2672664" total="8388608" percent="31" micro-fragmented="1524530">
      <mem type="soa" free="2253848" total="7969792" percent="28" />
      <mem type="loa" free="418816" total="418816" percent="100" />
    </mem>
  </mem-info>
</gc-end>
<cycle-end id="173" type="global" contextid="166" timestamp="2019-07-02T19:36:49.787">
  <attribute name="GC Util" value="114" />
  <attribute name="CPU Util" value="32006426820865" />
  <attribute name="Time Running"value="1275"/>
  <attribute name="Number of cores"value="4"/>
</cycle-end>
<allocation-satisfied id="174" threadId="0000000000AB3D00" bytesRequested="40" />
<af-end id="175" timestamp="2019-07-02T19:36:49.787" threadId="0000000000AB4688" success="true" />
<exclusive-end id="176" timestamp="2019-07-02T19:36:49.788" durationms="4.371" />

<exclusive-start id="177" timestamp="2019-07-02T19:36:49.844" intervalms="60.571">
  <response-info timems="0.068" idlems="0.032" threads="2" lastid="0000000000AB0100" lastname="Thread-8" />
</exclusive-start>
<af-start id="178" threadId="0000000000ABBE88" totalBytesRequested="40" timestamp="2019-07-02T19:36:49.844" intervalms="60.603" />
<cycle-start id="179" type="global" contextid="0" timestamp="2019-07-02T19:36:49.844" intervalms="60.603" />
  <attribute name="GC Util" value="114" />
  <attribute name="CPU Util" value="32006426820865" />
  <attribute name="Time Running"value="1275"/>
  <attribute name="Number of cores"value="4"/>
<gc-start id="180" type="global" contextid="179" timestamp="2019-07-02T19:36:49.844">
  <mem-info id="181" free="418816" total="8388608" percent="4">
    <mem type="tenure" free="418816" total="8388608" percent="4">
      <mem type="soa" free="0" total="7969792" percent="0" />
      <mem type="loa" free="418816" total="418816" percent="100" />
    </mem>
  </mem-info>
</gc-start>
<allocation-stats totalBytes="2242584" >
  <allocated-bytes non-tlh="0" tlh="2242584" />
  <largest-consumer threadName="Thread-10" threadId="0000000000AB3D00" bytes="1063096" />
</allocation-stats>
<gc-op id="182" type="mark" timems="1.588" contextid="179" timestamp="2019-07-02T19:36:49.846">
  <trace-info objectcount="65499" scancount="57949" scanbytes="2262516" />
  <finalization candidates="124" enqueued="0" />
  <ownableSynchronizers candidates="3" cleared="0" />
  <references type="soft" candidates="86" cleared="0" enqueued="0" dynamicThreshold="10" maxThreshold="32" />
  <references type="weak" candidates="774" cleared="0" enqueued="0" />
  <references type="phantom" candidates="63" cleared="0" enqueued="0" />
  <stringconstants candidates="4573" cleared="0"  />
</gc-op>
<gc-op id="183" type="sweep" timems="0.469" contextid="179" timestamp="2019-07-02T19:36:49.846" />
<gc-end id="184" type="global" contextid="179" durationms="2.386" usertimems="8.000" systemtimems="0.000" timestamp="2019-07-02T19:36:49.846" activeThreads="4">
  <mem-info id="185" free="2623688" total="8388608" percent="31">
    <mem type="tenure" free="2623688" total="8388608" percent="31" micro-fragmented="1423185">
      <mem type="soa" free="2204872" total="7969792" percent="27" />
      <mem type="loa" free="418816" total="418816" percent="100" />
    </mem>
  </mem-info>
</gc-end>
<cycle-end id="186" type="global" contextid="179" timestamp="2019-07-02T19:36:49.847">
  <attribute name="GC Util" value="13" />
  <attribute name="CPU Util" value="58565926285032" />
  <attribute name="Time Running"value="1334"/>
  <attribute name="Number of cores"value="4"/>
</cycle-end>
<allocation-satisfied id="187" threadId="0000000000ABB500" bytesRequested="40" />
<af-end id="188" timestamp="2019-07-02T19:36:49.847" threadId="0000000000ABBE88" success="true" />
<exclusive-end id="189" timestamp="2019-07-02T19:36:49.847" durationms="3.016" />

<exclusive-start id="190" timestamp="2019-07-02T19:36:49.916" intervalms="71.838">
  <response-info timems="0.248" idlems="0.208" threads="2" lastid="0000000000AB0100" lastname="Thread-8" />
</exclusive-start>
<af-start id="191" threadId="0000000000ABBE88" totalBytesRequested="24" timestamp="2019-07-02T19:36:49.916" intervalms="71.817" />
<cycle-start id="192" type="global" contextid="0" timestamp="2019-07-02T19:36:49.916" intervalms="71.801" />
  <attribute name="GC Util" value="13" />
  <attribute name="CPU Util" value="58565926285032" />
  <attribute name="Time Running"value="1334"/>
  <attribute name="Number of cores"value="4"/>
<gc-start id="193" type="global" contextid="192" timestamp="2019-07-02T19:36:49.916">
  <mem-info id="194" free="418816" total="8388608" percent="4">
    <mem type="tenure" free="418816" total="8388608" percent="4">
      <mem type="soa" free="0" total="7969792" percent="0" />
      <mem type="loa" free="418816" total="418816" percent="100" />
    </mem>
  </mem-info>
</gc-start>
<allocation-stats totalBytes="2193352" >
  <allocated-bytes non-tlh="0" tlh="2193352" />
  <largest-consumer threadName="Thread-10" threadId="0000000000AB3D00" bytes="1304640" />
</allocation-stats>
<gc-op id="195" type="mark" timems="2.783" contextid="192" timestamp="2019-07-02T19:36:49.919">
  <trace-info objectcount="65897" scancount="58345" scanbytes="2271996" />
  <finalization candidates="124" enqueued="0" />
  <ownableSynchronizers candidates="3" cleared="0" />
  <references type="soft" candidates="86" cleared="2" enqueued="1" dynamicThreshold="10" maxThreshold="32" />
  <references type="weak" candidates="774" cleared="0" enqueued="0" />
  <references type="phantom" candidates="63" cleared="0" enqueued="0" />
  <stringconstants candidates="4573" cleared="0"  />
</gc-op>
<gc-op id="196" type="sweep" timems="1.041" contextid="192" timestamp="2019-07-02T19:36:49.920" />
<gc-end id="197" type="global" contextid="192" durationms="4.220" usertimems="8.000" systemtimems="0.000" timestamp="2019-07-02T19:36:49.920" activeThreads="4">
  <mem-info id="198" free="2585992" total="8388608" percent="30">
    <mem type="tenure" free="2585992" total="8388608" percent="30" micro-fragmented="1500160">
      <mem type="soa" free="2167176" total="7969792" percent="27" />
      <mem type="loa" free="418816" total="418816" percent="100" />
    </mem>
    <pending-finalizers system="0" default="0" reference="1" classloader="0" />
  </mem-info>
</gc-end>
<cycle-end id="199" type="global" contextid="192" timestamp="2019-07-02T19:36:49.920">
  <attribute name="GC Util" value="165" />
  <attribute name="CPU Util" value="23326509997139" />
  <attribute name="Time Running"value="1408"/>
  <attribute name="Number of cores"value="4"/>
</cycle-end>
<allocation-satisfied id="200" threadId="0000000000ABB500" bytesRequested="24" />
<af-end id="201" timestamp="2019-07-02T19:36:49.920" threadId="0000000000ABBE88" success="true" />
<exclusive-end id="202" timestamp="2019-07-02T19:36:49.920" durationms="4.711" />

<exclusive-start id="203" timestamp="2019-07-02T19:36:49.961" intervalms="45.659">
  <response-info timems="0.086" idlems="0.046" threads="1" lastid="0000000000ABB500" lastname="Thread-9" />
</exclusive-start>
<af-start id="204" threadId="0000000000AB4688" totalBytesRequested="40" timestamp="2019-07-02T19:36:49.961" intervalms="45.622" />
<cycle-start id="205" type="global" contextid="0" timestamp="2019-07-02T19:36:49.961" intervalms="45.627" />
  <attribute name="GC Util" value="165" />
  <attribute name="CPU Util" value="23326509997139" />
  <attribute name="Time Running"value="1408"/>
  <attribute name="Number of cores"value="4"/>
<gc-start id="206" type="global" contextid="205" timestamp="2019-07-02T19:36:49.961">
  <mem-info id="207" free="418816" total="8388608" percent="4">
    <mem type="tenure" free="418816" total="8388608" percent="4">
      <mem type="soa" free="0" total="7969792" percent="0" />
      <mem type="loa" free="418816" total="418816" percent="100" />
    </mem>
  </mem-info>
</gc-start>
<allocation-stats totalBytes="2154656" >
  <allocated-bytes non-tlh="0" tlh="2154656" />
  <largest-consumer threadName="Thread-10" threadId="0000000000AB3D00" bytes="958784" />
</allocation-stats>
<heap-resize id="208" type="loa contract" space="tenure" amount="83968" count="1" timems="0.000" reason="contract underutilized loa" timestamp="2019-07-02T19:36:49.962" />
<gc-op id="209" type="mark" timems="2.522" contextid="205" timestamp="2019-07-02T19:36:49.964">
  <trace-info objectcount="66076" scancount="58544" scanbytes="2276372" />
  <finalization candidates="124" enqueued="0" />
  <ownableSynchronizers candidates="3" cleared="0" />
  <references type="soft" candidates="84" cleared="0" enqueued="0" dynamicThreshold="9" maxThreshold="32" />
  <references type="weak" candidates="774" cleared="0" enqueued="0" />
  <references type="phantom" candidates="63" cleared="0" enqueued="0" />
  <stringconstants candidates="4573" cleared="0"  />
</gc-op>
<gc-op id="210" type="sweep" timems="1.066" contextid="205" timestamp="2019-07-02T19:36:49.965" />
<heap-resize id="211" type="loa contract" space="tenure" amount="251904" count="1" timems="0.000" reason="contract to meet minimum soa" timestamp="2019-07-02T19:36:49.965" />
<gc-end id="212" type="global" contextid="205" durationms="4.066" usertimems="4.000" systemtimems="4.000" timestamp="2019-07-02T19:36:49.966" activeThreads="4">
  <mem-info id="213" free="2555864" total="8388608" percent="30">
    <mem type="tenure" free="2555864" total="8388608" percent="30" micro-fragmented="1433190">
      <mem type="soa" free="2472920" total="8305664" percent="29" />
      <mem type="loa" free="82944" total="82944" percent="100" />
    </mem>
  </mem-info>
</gc-end>
<cycle-end id="214" type="global" contextid="205" timestamp="2019-07-02T19:36:49.966">
  <attribute name="GC Util" value="163" />
  <attribute name="CPU Util" value="23009362614082" />
  <attribute name="Time Running"value="1453"/>
  <attribute name="Number of cores"value="4"/>
</cycle-end>
<allocation-satisfied id="215" threadId="0000000000AB3D00" bytesRequested="40" />
<af-end id="216" timestamp="2019-07-02T19:36:49.966" threadId="0000000000AB4688" success="true" />
<exclusive-end id="217" timestamp="2019-07-02T19:36:49.966" durationms="4.796" />

<concurrent-kickoff id="218" timestamp="2019-07-02T19:36:49.977">
  <kickoff reason="threshold reached" targetBytes="2489738" thresholdFreeBytes="343258" remainingFree="309472" tenureFreeBytes="309472" />
</concurrent-kickoff>
<exclusive-start id="219" timestamp="2019-07-02T19:36:49.977" intervalms="16.020">
  <response-info timems="0.110" idlems="0.064" threads="3" lastid="0000000000ABB500" lastname="Thread-9" />
</exclusive-start>
<cycle-start id="220" type="global" contextid="0" timestamp="2019-07-02T19:36:49.977" intervalms="15.921" />
  <attribute name="GC Util" value="163" />
  <attribute name="CPU Util" value="23009362614082" />
  <attribute name="Time Running"value="1453"/>
  <attribute name="Number of cores"value="4"/>
<exclusive-end id="221" timestamp="2019-07-02T19:36:49.977" durationms="0.111" />

<exclusive-start id="222" timestamp="2019-07-02T19:36:49.978" intervalms="0.846">
  <response-info timems="0.020" idlems="0.020" threads="0" lastid="0000000000AB0100" lastname="Thread-8" />
</exclusive-start>
<af-start id="223" threadId="0000000000AB0A88" totalBytesRequested="40" timestamp="2019-07-02T19:36:49.978" intervalms="16.824" />
<concurrent-aborted id="224" timestamp="2019-07-02T19:36:49.978">
  <reason value="insufficient progress made" />
</concurrent-aborted>
<cycle-end id="225" type="global" contextid="220" timestamp="2019-07-02T19:36:49.978">
  <attribute name="GC Util" value="163" />
  <attribute name="CPU Util" value="23009362614082" />
  <attribute name="Time Running"value="1453"/>
  <attribute name="Number of cores"value="4"/>
</cycle-end>
<cycle-start id="226" type="global" contextid="0" timestamp="2019-07-02T19:36:49.978" intervalms="0.982" />
  <attribute name="GC Util" value="163" />
  <attribute name="CPU Util" value="23009362614082" />
  <attribute name="Time Running"value="1453"/>
  <attribute name="Number of cores"value="4"/>
<gc-start id="227" type="global" contextid="226" timestamp="2019-07-02T19:36:49.978">
  <mem-info id="228" free="82944" total="8388608" percent="0">
    <mem type="tenure" free="82944" total="8388608" percent="0">
      <mem type="soa" free="0" total="8305664" percent="0" />
      <mem type="loa" free="82944" total="82944" percent="100" />
    </mem>
  </mem-info>
</gc-start>
<allocation-stats totalBytes="2459536" >
  <allocated-bytes non-tlh="0" tlh="2459536" />
  <largest-consumer threadName="Thread-8" threadId="0000000000AB0100" bytes="1165592" />
</allocation-stats>
<gc-op id="229" type="mark" timems="2.306" contextid="226" timestamp="2019-07-02T19:36:49.981">
  <trace-info objectcount="66900" scancount="59338" scanbytes="2296324" />
  <finalization candidates="124" enqueued="0" />
  <ownableSynchronizers candidates="3" cleared="0" />
  <references type="soft" candidates="84" cleared="0" enqueued="0" dynamicThreshold="9" maxThreshold="32" />
  <references type="weak" candidates="774" cleared="0" enqueued="0" />
  <references type="phantom" candidates="63" cleared="0" enqueued="0" />
  <stringconstants candidates="4573" cleared="0"  />
</gc-op>
<gc-op id="230" type="sweep" timems="1.026" contextid="226" timestamp="2019-07-02T19:36:49.982" />
<heap-resize id="231" type="expand" space="tenure" amount="1048576" count="1" timems="0.047" reason="insufficient free space following gc" timestamp="2019-07-02T19:36:49.982" />
<gc-end id="232" type="global" contextid="226" durationms="3.657" usertimems="8.000" systemtimems="0.000" timestamp="2019-07-02T19:36:49.982" activeThreads="4">
  <mem-info id="233" free="3542272" total="9437184" percent="37">
    <mem type="tenure" free="3542272" total="9437184" percent="37" micro-fragmented="1399184">
      <mem type="soa" free="3448064" total="9342976" percent="36" />
      <mem type="loa" free="94208" total="94208" percent="100" />
    </mem>
  </mem-info>
</gc-end>
<cycle-end id="234" type="global" contextid="226" timestamp="2019-07-02T19:36:49.982">
  <attribute name="GC Util" value="164" />
  <attribute name="CPU Util" value="23408088399235" />
  <attribute name="Time Running"value="1470"/>
  <attribute name="Number of cores"value="4"/>
</cycle-end>
<allocation-satisfied id="235" threadId="0000000000AB0100" bytesRequested="40" />
<af-end id="236" timestamp="2019-07-02T19:36:49.982" threadId="0000000000AB0A88" success="true" />
<exclusive-end id="237" timestamp="2019-07-02T19:36:49.982" durationms="4.150" />

<concurrent-kickoff id="238" timestamp="2019-07-02T19:36:49.987">
  <kickoff reason="threshold reached" targetBytes="2800955" thresholdFreeBytes="386164" remainingFree="272872" tenureFreeBytes="272872" />
</concurrent-kickoff>
<exclusive-start id="239" timestamp="2019-07-02T19:36:49.987" intervalms="8.957">
  <response-info timems="0.096" idlems="0.061" threads="1" lastid="0000000000ABB500" lastname="Thread-9" />
</exclusive-start>
<cycle-start id="240" type="global" contextid="0" timestamp="2019-07-02T19:36:49.987" intervalms="8.821" />
  <attribute name="GC Util" value="164" />
  <attribute name="CPU Util" value="23408088399235" />
  <attribute name="Time Running"value="1470"/>
  <attribute name="Number of cores"value="4"/>
<exclusive-end id="241" timestamp="2019-07-02T19:36:49.987" durationms="0.130" />

<exclusive-start id="242" timestamp="2019-07-02T19:36:49.988" intervalms="0.638">
  <response-info timems="0.039" idlems="0.039" threads="0" lastid="0000000000AB0100" lastname="Thread-8" />
</exclusive-start>
<af-start id="243" threadId="0000000000AB0A88" totalBytesRequested="40" timestamp="2019-07-02T19:36:49.988" intervalms="9.609" />
<concurrent-aborted id="244" timestamp="2019-07-02T19:36:49.988">
  <reason value="insufficient progress made" />
</concurrent-aborted>
<cycle-end id="245" type="global" contextid="240" timestamp="2019-07-02T19:36:49.988">
  <attribute name="GC Util" value="164" />
  <attribute name="CPU Util" value="23408088399235" />
  <attribute name="Time Running"value="1470"/>
  <attribute name="Number of cores"value="4"/>
</cycle-end>
<cycle-start id="246" type="global" contextid="0" timestamp="2019-07-02T19:36:49.988" intervalms="0.800" />
  <attribute name="GC Util" value="164" />
  <attribute name="CPU Util" value="23408088399235" />
  <attribute name="Time Running"value="1470"/>
  <attribute name="Number of cores"value="4"/>
<gc-start id="247" type="global" contextid="246" timestamp="2019-07-02T19:36:49.988">
  <mem-info id="248" free="94208" total="9437184" percent="0">
    <mem type="tenure" free="94208" total="9437184" percent="0">
      <mem type="soa" free="0" total="9342976" percent="0" />
      <mem type="loa" free="94208" total="94208" percent="100" />
    </mem>
  </mem-info>
</gc-start>
<allocation-stats totalBytes="3434768" >
  <allocated-bytes non-tlh="0" tlh="3434768" />
  <largest-consumer threadName="Thread-9" threadId="0000000000ABB500" bytes="1212536" />
</allocation-stats>
<gc-op id="249" type="mark" timems="2.095" contextid="246" timestamp="2019-07-02T19:36:49.990">
  <trace-info objectcount="67494" scancount="59919" scanbytes="2310612" />
  <finalization candidates="124" enqueued="0" />
  <ownableSynchronizers candidates="3" cleared="0" />
  <references type="soft" candidates="84" cleared="0" enqueued="0" dynamicThreshold="12" maxThreshold="32" />
  <references type="weak" candidates="774" cleared="0" enqueued="0" />
  <references type="phantom" candidates="63" cleared="0" enqueued="0" />
  <stringconstants candidates="4573" cleared="0"  />
</gc-op>
<gc-op id="250" type="sweep" timems="1.112" contextid="246" timestamp="2019-07-02T19:36:49.991" />
<heap-resize id="251" type="expand" space="tenure" amount="1638400" count="1" timems="0.033" reason="excessive time being spent in gc" timestamp="2019-07-02T19:36:49.991" />
<gc-end id="252" type="global" contextid="246" durationms="3.547" usertimems="8.000" systemtimems="0.000" timestamp="2019-07-02T19:36:49.992" activeThreads="4">
  <mem-info id="253" free="5121792" total="11075584" percent="46">
    <mem type="tenure" free="5121792" total="11075584" percent="46" micro-fragmented="1388093">
      <mem type="soa" free="5011200" total="10964992" percent="45" />
      <mem type="loa" free="110592" total="110592" percent="100" />
    </mem>
  </mem-info>
</gc-end>
<cycle-end id="254" type="global" contextid="246" timestamp="2019-07-02T19:36:49.992">
  <attribute name="GC Util" value="136" />
  <attribute name="CPU Util" value="22122562715304" />
  <attribute name="Time Running"value="1479"/>
  <attribute name="Number of cores"value="4"/>
</cycle-end>
<allocation-satisfied id="255" threadId="0000000000AB0100" bytesRequested="40" />
<af-end id="256" timestamp="2019-07-02T19:36:49.992" threadId="0000000000AB0A88" success="true" />
<exclusive-end id="257" timestamp="2019-07-02T19:36:49.992" durationms="4.090" />

<concurrent-kickoff id="258" timestamp="2019-07-02T19:36:49.998">
  <kickoff reason="threshold reached" targetBytes="3287232" thresholdFreeBytes="453207" remainingFree="421888" tenureFreeBytes="421888" />
</concurrent-kickoff>
<exclusive-start id="259" timestamp="2019-07-02T19:36:49.999" intervalms="10.908">
  <response-info timems="0.069" idlems="0.036" threads="1" lastid="0000000000AB7900" lastname="Thread-7" />
</exclusive-start>
<cycle-start id="260" type="global" contextid="0" timestamp="2019-07-02T19:36:49.999" intervalms="10.738" />
  <attribute name="GC Util" value="136" />
  <attribute name="CPU Util" value="22122562715304" />
  <attribute name="Time Running"value="1479"/>
  <attribute name="Number of cores"value="4"/>
<exclusive-end id="261" timestamp="2019-07-02T19:36:49.999" durationms="0.114" />

<exclusive-start id="262" timestamp="2019-07-02T19:36:49.999" intervalms="0.544">
  <response-info timems="0.100" idlems="0.100" threads="0" lastid="0000000000AB3D00" lastname="Thread-10" />
</exclusive-start>
<af-start id="263" threadId="0000000000AB4688" totalBytesRequested="40" timestamp="2019-07-02T19:36:49.999" intervalms="11.455" />
<concurrent-aborted id="264" timestamp="2019-07-02T19:36:49.999">
  <reason value="insufficient progress made" />
</concurrent-aborted>
<cycle-end id="265" type="global" contextid="260" timestamp="2019-07-02T19:36:49.999">
  <attribute name="GC Util" value="136" />
  <attribute name="CPU Util" value="22122562715304" />
  <attribute name="Time Running"value="1479"/>
  <attribute name="Number of cores"value="4"/>
</cycle-end>
<cycle-start id="266" type="global" contextid="0" timestamp="2019-07-02T19:36:49.999" intervalms="0.722" />
  <attribute name="GC Util" value="136" />
  <attribute name="CPU Util" value="22122562715304" />
  <attribute name="Time Running"value="1479"/>
  <attribute name="Number of cores"value="4"/>
<gc-start id="267" type="global" contextid="266" timestamp="2019-07-02T19:36:49.999">
  <mem-info id="268" free="110592" total="11075584" percent="0">
    <mem type="tenure" free="110592" total="11075584" percent="0">
      <mem type="soa" free="0" total="10964992" percent="0" />
      <mem type="loa" free="110592" total="110592" percent="100" />
    </mem>
  </mem-info>
</gc-start>
<allocation-stats totalBytes="4996200" >
  <allocated-bytes non-tlh="0" tlh="4996200" />
  <largest-consumer threadName="Thread-9" threadId="0000000000ABB500" bytes="1680200" />
</allocation-stats>
<gc-op id="269" type="mark" timems="1.190" contextid="266" timestamp="2019-07-02T19:36:50.001">
  <trace-info objectcount="68111" scancount="60553" scanbytes="2325644" />
  <finalization candidates="124" enqueued="0" />
  <ownableSynchronizers candidates="3" cleared="0" />
  <references type="soft" candidates="84" cleared="0" enqueued="0" dynamicThreshold="14" maxThreshold="32" />
  <references type="weak" candidates="774" cleared="0" enqueued="0" />
  <references type="phantom" candidates="63" cleared="0" enqueued="0" />
  <stringconstants candidates="4573" cleared="0"  />
</gc-op>
<gc-op id="270" type="sweep" timems="0.401" contextid="266" timestamp="2019-07-02T19:36:50.001" />
<heap-resize id="271" type="expand" space="tenure" amount="1900544" count="1" timems="0.041" reason="excessive time being spent in gc" timestamp="2019-07-02T19:36:50.001" />
<gc-end id="272" type="global" contextid="266" durationms="2.084" usertimems="0.000" systemtimems="8.000" timestamp="2019-07-02T19:36:50.002" activeThreads="4">
  <mem-info id="273" free="6967640" total="12976128" percent="53">
    <mem type="tenure" free="6967640" total="12976128" percent="53" micro-fragmented="1442332">
      <mem type="soa" free="6838616" total="12847104" percent="53" />
      <mem type="loa" free="129024" total="129024" percent="100" />
    </mem>
  </mem-info>
</gc-end>
<cycle-end id="274" type="global" contextid="266" timestamp="2019-07-02T19:36:50.002">
  <attribute name="GC Util" value="15" />
  <attribute name="CPU Util" value="61105607347140" />
  <attribute name="Time Running"value="1489"/>
  <attribute name="Number of cores"value="4"/>
</cycle-end>
<allocation-satisfied id="275" threadId="0000000000AB3D00" bytesRequested="40" />
<af-end id="276" timestamp="2019-07-02T19:36:50.002" threadId="0000000000AB4688" success="true" />
<exclusive-end id="277" timestamp="2019-07-02T19:36:50.002" durationms="2.837" />

<concurrent-kickoff id="278" timestamp="2019-07-02T19:36:50.013">
  <kickoff reason="threshold reached" targetBytes="3851313" thresholdFreeBytes="530976" remainingFree="499712" tenureFreeBytes="499712" />
</concurrent-kickoff>
<exclusive-start id="279" timestamp="2019-07-02T19:36:50.013" intervalms="13.663">
  <response-info timems="0.108" idlems="0.108" threads="0" lastid="0000000000ABB500" lastname="Thread-9" />
</exclusive-start>
<cycle-start id="280" type="global" contextid="0" timestamp="2019-07-02T19:36:50.013" intervalms="13.556" />
  <attribute name="GC Util" value="15" />
  <attribute name="CPU Util" value="61105607347140" />
  <attribute name="Time Running"value="1489"/>
  <attribute name="Number of cores"value="4"/>
<exclusive-end id="281" timestamp="2019-07-02T19:36:50.013" durationms="0.246" />

<exclusive-start id="282" timestamp="2019-07-02T19:36:50.014" intervalms="1.572">
  <response-info timems="0.028" idlems="0.028" threads="0" lastid="0000000000ABB500" lastname="Thread-9" />
</exclusive-start>
<af-start id="283" threadId="0000000000ABBE88" totalBytesRequested="24" timestamp="2019-07-02T19:36:50.015" intervalms="15.316" />
<concurrent-aborted id="284" timestamp="2019-07-02T19:36:50.015">
  <reason value="insufficient progress made" />
</concurrent-aborted>
<cycle-end id="285" type="global" contextid="280" timestamp="2019-07-02T19:36:50.015">
  <attribute name="GC Util" value="15" />
  <attribute name="CPU Util" value="61105607347140" />
  <attribute name="Time Running"value="1489"/>
  <attribute name="Number of cores"value="4"/>
</cycle-end>
<cycle-start id="286" type="global" contextid="0" timestamp="2019-07-02T19:36:50.015" intervalms="1.985" />
  <attribute name="GC Util" value="15" />
  <attribute name="CPU Util" value="61105607347140" />
  <attribute name="Time Running"value="1489"/>
  <attribute name="Number of cores"value="4"/>
<gc-start id="287" type="global" contextid="286" timestamp="2019-07-02T19:36:50.015">
  <mem-info id="288" free="129024" total="12976128" percent="0">
    <mem type="tenure" free="129024" total="12976128" percent="0">
      <mem type="soa" free="0" total="12847104" percent="0" />
      <mem type="loa" free="129024" total="129024" percent="100" />
    </mem>
  </mem-info>
</gc-start>
<allocation-stats totalBytes="6822568" >
  <allocated-bytes non-tlh="256" tlh="6822312" />
  <largest-consumer threadName="Thread-9" threadId="0000000000ABB500" bytes="2861904" />
</allocation-stats>
<gc-op id="289" type="mark" timems="2.282" contextid="286" timestamp="2019-07-02T19:36:50.017">
  <trace-info objectcount="60428" scancount="52864" scanbytes="2007920" />
  <finalization candidates="124" enqueued="0" />
  <ownableSynchronizers candidates="3" cleared="0" />
  <references type="soft" candidates="85" cleared="0" enqueued="0" dynamicThreshold="17" maxThreshold="32" />
  <references type="weak" candidates="777" cleared="1" enqueued="1" />
  <references type="phantom" candidates="64" cleared="1" enqueued="1" />
  <stringconstants candidates="4574" cleared="0"  />
</gc-op>
<gc-op id="290" type="sweep" timems="0.891" contextid="286" timestamp="2019-07-02T19:36:50.018" />
<heap-resize id="291" type="expand" space="tenure" amount="1048576" count="1" timems="0.044" reason="excessive time being spent in gc" timestamp="2019-07-02T19:36:50.019" />
<gc-end id="292" type="global" contextid="286" durationms="3.652" usertimems="8.000" systemtimems="0.000" timestamp="2019-07-02T19:36:50.019" activeThreads="4">
  <mem-info id="293" free="8455784" total="14024704" percent="60">
    <mem type="tenure" free="8455784" total="14024704" percent="60" micro-fragmented="1327678">
      <mem type="soa" free="8316520" total="13885440" percent="59" />
      <mem type="loa" free="139264" total="139264" percent="100" />
    </mem>
    <pending-finalizers system="0" default="0" reference="2" classloader="0" />
  </mem-info>
</gc-end>
<cycle-end id="294" type="global" contextid="286" timestamp="2019-07-02T19:36:50.019">
  <attribute name="GC Util" value="157" />
  <attribute name="CPU Util" value="29766111732037" />
  <attribute name="Time Running"value="1506"/>
  <attribute name="Number of cores"value="4"/>
</cycle-end>
<allocation-satisfied id="295" threadId="0000000000ABB500" bytesRequested="24" />
<af-end id="296" timestamp="2019-07-02T19:36:50.019" threadId="0000000000ABBE88" success="true" />
<exclusive-end id="297" timestamp="2019-07-02T19:36:50.019" durationms="4.746" />

<concurrent-kickoff id="298" timestamp="2019-07-02T19:36:50.029">
  <kickoff reason="threshold reached" targetBytes="4162531" thresholdFreeBytes="573884" remainingFree="566744" tenureFreeBytes="435672" />
</concurrent-kickoff>
<exclusive-start id="299" timestamp="2019-07-02T19:36:50.029" intervalms="14.703">
  <response-info timems="0.096" idlems="0.057" threads="1" lastid="0000000000AB3D00" lastname="Thread-10" />
</exclusive-start>
<cycle-start id="300" type="global" contextid="0" timestamp="2019-07-02T19:36:50.029" intervalms="14.220" />
  <attribute name="GC Util" value="157" />
  <attribute name="CPU Util" value="29766111732037" />
  <attribute name="Time Running"value="1506"/>
  <attribute name="Number of cores"value="4"/>
<exclusive-end id="301" timestamp="2019-07-02T19:36:50.029" durationms="0.115" />

<exclusive-start id="302" timestamp="2019-07-02T19:36:50.030" intervalms="0.854">
  <response-info timems="0.029" idlems="0.016" threads="1" lastid="0000000000AB0100" lastname="Thread-8" />
</exclusive-start>
<af-start id="303" threadId="0000000000AB4688" totalBytesRequested="40" timestamp="2019-07-02T19:36:50.030" intervalms="15.526" />
<concurrent-aborted id="304" timestamp="2019-07-02T19:36:50.030">
  <reason value="insufficient progress made" />
</concurrent-aborted>
<cycle-end id="305" type="global" contextid="300" timestamp="2019-07-02T19:36:50.030">
  <attribute name="GC Util" value="157" />
  <attribute name="CPU Util" value="29766111732037" />
  <attribute name="Time Running"value="1506"/>
  <attribute name="Number of cores"value="4"/>
</cycle-end>
<cycle-start id="306" type="global" contextid="0" timestamp="2019-07-02T19:36:50.030" intervalms="1.081" />
  <attribute name="GC Util" value="157" />
  <attribute name="CPU Util" value="29766111732037" />
  <attribute name="Time Running"value="1506"/>
  <attribute name="Number of cores"value="4"/>
<gc-start id="307" type="global" contextid="306" timestamp="2019-07-02T19:36:50.030">
  <mem-info id="308" free="139264" total="14024704" percent="0">
    <mem type="tenure" free="139264" total="14024704" percent="0">
      <mem type="soa" free="0" total="13885440" percent="0" />
      <mem type="loa" free="139264" total="139264" percent="100" />
    </mem>
  </mem-info>
</gc-start>
<allocation-stats totalBytes="8297832" >
  <allocated-bytes non-tlh="23160" tlh="8274672" />
  <largest-consumer threadName="Thread-8" threadId="0000000000AB0100" bytes="2682432" />
</allocation-stats>
<gc-op id="309" type="mark" timems="1.245" contextid="306" timestamp="2019-07-02T19:36:50.032">
  <trace-info objectcount="65090" scancount="57500" scanbytes="2253404" />
  <finalization candidates="124" enqueued="0" />
  <ownableSynchronizers candidates="3" cleared="0" />
  <references type="soft" candidates="85" cleared="0" enqueued="0" dynamicThreshold="19" maxThreshold="32" />
  <references type="weak" candidates="776" cleared="0" enqueued="0" />
  <references type="phantom" candidates="63" cleared="0" enqueued="0" />
  <stringconstants candidates="4574" cleared="0"  />
</gc-op>
<gc-op id="310" type="sweep" timems="0.430" contextid="306" timestamp="2019-07-02T19:36:50.032" />
<heap-resize id="311" type="expand" space="tenure" amount="1048576" count="1" timems="0.050" reason="excessive time being spent in gc" timestamp="2019-07-02T19:36:50.032" />
<gc-end id="312" type="global" contextid="306" durationms="2.119" usertimems="8.000" systemtimems="0.000" timestamp="2019-07-02T19:36:50.032" activeThreads="4">
  <mem-info id="313" free="9173992" total="15073280" percent="60">
    <mem type="tenure" free="9173992" total="15073280" percent="60" micro-fragmented="1347702">
      <mem type="soa" free="9023464" total="14922752" percent="60" />
      <mem type="loa" free="150528" total="150528" percent="100" />
    </mem>
  </mem-info>
</gc-end>
<cycle-end id="314" type="global" contextid="306" timestamp="2019-07-02T19:36:50.033">
  <attribute name="GC Util" value="14" />
  <attribute name="CPU Util" value="57439651441633" />
  <attribute name="Time Running"value="1520"/>
  <attribute name="Number of cores"value="4"/>
</cycle-end>
<allocation-satisfied id="315" threadId="0000000000AB3D00" bytesRequested="40" />
<af-end id="316" timestamp="2019-07-02T19:36:50.033" threadId="0000000000AB4688" success="true" />
<exclusive-end id="317" timestamp="2019-07-02T19:36:50.033" durationms="2.813" />

<concurrent-kickoff id="318" timestamp="2019-07-02T19:36:50.041">
  <kickoff reason="threshold reached" targetBytes="4473748" thresholdFreeBytes="616790" remainingFree="431328" tenureFreeBytes="431328" />
</concurrent-kickoff>
<exclusive-start id="319" timestamp="2019-07-02T19:36:50.042" intervalms="11.620">
  <response-info timems="0.069" idlems="0.038" threads="1" lastid="0000000000AB3D00" lastname="Thread-10" />
</exclusive-start>
<cycle-start id="320" type="global" contextid="0" timestamp="2019-07-02T19:36:50.042" intervalms="11.385" />
  <attribute name="GC Util" value="14" />
  <attribute name="CPU Util" value="57439651441633" />
  <attribute name="Time Running"value="1520"/>
  <attribute name="Number of cores"value="4"/>
<exclusive-end id="321" timestamp="2019-07-02T19:36:50.042" durationms="0.094" />

<exclusive-start id="322" timestamp="2019-07-02T19:36:50.042" intervalms="0.808">
  <response-info timems="0.031" idlems="0.031" threads="0" lastid="0000000000AB3D00" lastname="Thread-10" />
</exclusive-start>
<af-start id="323" threadId="0000000000AB4688" totalBytesRequested="40" timestamp="2019-07-02T19:36:50.042" intervalms="12.373" />
<concurrent-aborted id="324" timestamp="2019-07-02T19:36:50.042">
  <reason value="insufficient progress made" />
</concurrent-aborted>
<cycle-end id="325" type="global" contextid="320" timestamp="2019-07-02T19:36:50.043">
  <attribute name="GC Util" value="14" />
  <attribute name="CPU Util" value="57439651441633" />
  <attribute name="Time Running"value="1520"/>
  <attribute name="Number of cores"value="4"/>
</cycle-end>
<cycle-start id="326" type="global" contextid="0" timestamp="2019-07-02T19:36:50.043" intervalms="0.976" />
  <attribute name="GC Util" value="14" />
  <attribute name="CPU Util" value="57439651441633" />
  <attribute name="Time Running"value="1520"/>
  <attribute name="Number of cores"value="4"/>
<gc-start id="327" type="global" contextid="326" timestamp="2019-07-02T19:36:50.043">
  <mem-info id="328" free="150528" total="15073280" percent="0">
    <mem type="tenure" free="150528" total="15073280" percent="0">
      <mem type="soa" free="0" total="14922752" percent="0" />
      <mem type="loa" free="150528" total="150528" percent="100" />
    </mem>
  </mem-info>
</gc-start>
<allocation-stats totalBytes="9003064" >
  <allocated-bytes non-tlh="0" tlh="9003064" />
  <largest-consumer threadName="Thread-8" threadId="0000000000AB0100" bytes="2547040" />
</allocation-stats>
<gc-op id="329" type="mark" timems="1.172" contextid="326" timestamp="2019-07-02T19:36:50.044">
  <trace-info objectcount="66290" scancount="58697" scanbytes="2282508" />
  <finalization candidates="124" enqueued="0" />
  <ownableSynchronizers candidates="3" cleared="0" />
  <references type="soft" candidates="85" cleared="0" enqueued="0" dynamicThreshold="19" maxThreshold="32" />
  <references type="weak" candidates="776" cleared="0" enqueued="0" />
  <references type="phantom" candidates="63" cleared="0" enqueued="0" />
  <stringconstants candidates="4574" cleared="0"  />
</gc-op>
<gc-op id="330" type="sweep" timems="0.389" contextid="326" timestamp="2019-07-02T19:36:50.044" />
<gc-end id="331" type="global" contextid="326" durationms="1.797" usertimems="4.000" systemtimems="0.000" timestamp="2019-07-02T19:36:50.044" activeThreads="4">
  <mem-info id="332" free="9055224" total="15073280" percent="60">
    <mem type="tenure" free="9055224" total="15073280" percent="60" micro-fragmented="1481331">
      <mem type="soa" free="8904928" total="14922752" percent="59" />
      <mem type="loa" free="150296" total="150528" percent="99" />
    </mem>
  </mem-info>
</gc-end>
<cycle-end id="333" type="global" contextid="326" timestamp="2019-07-02T19:36:50.045">
  <attribute name="GC Util" value="231" />
  <attribute name="CPU Util" value="14960923653397" />
  <attribute name="Time Running"value="1532"/>
  <attribute name="Number of cores"value="4"/>
</cycle-end>
<allocation-satisfied id="334" threadId="0000000000AB3D00" bytesRequested="40" />
<af-end id="335" timestamp="2019-07-02T19:36:50.045" threadId="0000000000AB4688" success="true" />
<exclusive-end id="336" timestamp="2019-07-02T19:36:50.045" durationms="2.321" />

<concurrent-kickoff id="337" timestamp="2019-07-02T19:36:50.052">
  <kickoff reason="threshold reached" targetBytes="4473748" thresholdFreeBytes="616790" remainingFree="609888" tenureFreeBytes="609888" />
</concurrent-kickoff>
<exclusive-start id="338" timestamp="2019-07-02T19:36:50.052" intervalms="10.059">
  <response-info timems="0.059" idlems="0.036" threads="1" lastid="0000000000AB7900" lastname="Thread-7" />
</exclusive-start>
<cycle-start id="339" type="global" contextid="0" timestamp="2019-07-02T19:36:50.052" intervalms="9.889" />
  <attribute name="GC Util" value="231" />
  <attribute name="CPU Util" value="14960923653397" />
  <attribute name="Time Running"value="1532"/>
  <attribute name="Number of cores"value="4"/>
<exclusive-end id="340" timestamp="2019-07-02T19:36:50.053" durationms="0.091" />

<exclusive-start id="341" timestamp="2019-07-02T19:36:50.054" intervalms="1.803">
  <response-info timems="0.172" idlems="0.094" threads="1" lastid="0000000000AB0100" lastname="Thread-8" />
</exclusive-start>
<concurrent-collection-start id="342" timestamp="2019-07-02T19:36:50.054" intervalms="1650.095" >
  <concurrent-trace-info reason="card cleaning threshold reached" tracedByMutators="1331996" tracedByHelpers="542788" cardsCleaned="28" workStackOverflowCount="0" />
</concurrent-collection-start>
<gc-start id="343" type="global" contextid="339" timestamp="2019-07-02T19:36:50.055">
  <mem-info id="344" free="203600" total="15073280" percent="1">
    <mem type="tenure" free="203600" total="15073280" percent="1">
      <mem type="soa" free="53072" total="14922752" percent="0" />
      <mem type="loa" free="150528" total="150528" percent="100" />
    </mem>
  </mem-info>
</gc-start>
<allocation-stats totalBytes="8827384" >
  <allocated-bytes non-tlh="0" tlh="8827384" />
  <largest-consumer threadName="Thread-7" threadId="0000000000AB7900" bytes="2272376" />
</allocation-stats>
<gc-op id="345" type="card-cleaning" timems="0.614" contextid="339" timestamp="2019-07-02T19:36:50.055">
  <card-cleaning cardsCleaned="5" bytesTraced="11304" workStackOverflowCount="0" />
</gc-op>
<gc-op id="346" type="mark" timems="1.534" contextid="339" timestamp="2019-07-02T19:36:50.057">
  <trace-info objectcount="11923" scancount="12025" scanbytes="466812" />
  <finalization candidates="124" enqueued="0" />
  <ownableSynchronizers candidates="3" cleared="0" />
  <references type="soft" candidates="85" cleared="0" enqueued="0" dynamicThreshold="19" maxThreshold="32" />
  <references type="weak" candidates="776" cleared="0" enqueued="0" />
  <references type="phantom" candidates="63" cleared="0" enqueued="0" />
  <stringconstants candidates="4574" cleared="0"  />
</gc-op>
<gc-op id="347" type="sweep" timems="0.934" contextid="339" timestamp="2019-07-02T19:36:50.058" />
<heap-resize id="348" type="expand" space="tenure" amount="1048576" count="1" timems="0.054" reason="excessive time being spent in gc" timestamp="2019-07-02T19:36:50.058" />
<gc-end id="349" type="global" contextid="339" durationms="3.505" usertimems="4.000" systemtimems="0.000" timestamp="2019-07-02T19:36:50.058" activeThreads="4">
  <mem-info id="350" free="9944072" total="16121856" percent="61">
    <mem type="tenure" free="9944072" total="16121856" percent="61" micro-fragmented="1642382">
      <mem type="soa" free="9783304" total="15961088" percent="61" />
      <mem type="loa" free="160768" total="160768" percent="100" />
    </mem>
  </mem-info>
</gc-end>
<cycle-end id="351" type="global" contextid="339" timestamp="2019-07-02T19:36:50.058">
  <attribute name="GC Util" value="151" />
  <attribute name="CPU Util" value="26747203821045" />
  <attribute name="Time Running"value="1546"/>
  <attribute name="Number of cores"value="4"/>
</cycle-end>
<concurrent-collection-end id="352" timestamp="2019-07-02T19:36:50.058" />
<exclusive-end id="353" timestamp="2019-07-02T19:36:50.058" durationms="4.154" />

<concurrent-kickoff id="354" timestamp="2019-07-02T19:36:50.067">
  <kickoff reason="threshold reached" targetBytes="4107493" thresholdFreeBytes="567598" remainingFree="544904" tenureFreeBytes="544904" />
</concurrent-kickoff>
<exclusive-start id="355" timestamp="2019-07-02T19:36:50.067" intervalms="13.029">
  <response-info timems="0.076" idlems="0.048" threads="1" lastid="0000000000AB3D00" lastname="Thread-10" />
</exclusive-start>
<cycle-start id="356" type="global" contextid="0" timestamp="2019-07-02T19:36:50.067" intervalms="14.842" />
  <attribute name="GC Util" value="151" />
  <attribute name="CPU Util" value="26747203821045" />
  <attribute name="Time Running"value="1546"/>
  <attribute name="Number of cores"value="4"/>
<exclusive-end id="357" timestamp="2019-07-02T19:36:50.067" durationms="0.118" />

<exclusive-start id="358" timestamp="2019-07-02T19:36:50.068" intervalms="0.679">
  <response-info timems="0.020" idlems="0.020" threads="0" lastid="0000000000AB3D00" lastname="Thread-10" />
</exclusive-start>
<af-start id="359" threadId="0000000000AB4688" totalBytesRequested="40" timestamp="2019-07-02T19:36:50.068" intervalms="25.572" />
<concurrent-aborted id="360" timestamp="2019-07-02T19:36:50.068">
  <reason value="insufficient progress made" />
</concurrent-aborted>
<cycle-end id="361" type="global" contextid="356" timestamp="2019-07-02T19:36:50.068">
  <attribute name="GC Util" value="151" />
  <attribute name="CPU Util" value="26747203821045" />
  <attribute name="Time Running"value="1546"/>
  <attribute name="Number of cores"value="4"/>
</cycle-end>
<cycle-start id="362" type="global" contextid="0" timestamp="2019-07-02T19:36:50.068" intervalms="0.850" />
  <attribute name="GC Util" value="151" />
  <attribute name="CPU Util" value="26747203821045" />
  <attribute name="Time Running"value="1546"/>
  <attribute name="Number of cores"value="4"/>
<gc-start id="363" type="global" contextid="362" timestamp="2019-07-02T19:36:50.068">
  <mem-info id="364" free="160768" total="16121856" percent="0">
    <mem type="tenure" free="160768" total="16121856" percent="0">
      <mem type="soa" free="0" total="15961088" percent="0" />
      <mem type="loa" free="160768" total="160768" percent="100" />
    </mem>
  </mem-info>
</gc-start>
<allocation-stats totalBytes="9755328" >
  <allocated-bytes non-tlh="0" tlh="9755328" />
  <largest-consumer threadName="Thread-8" threadId="0000000000AB0100" bytes="2668944" />
</allocation-stats>
<gc-op id="365" type="mark" timems="1.310" contextid="362" timestamp="2019-07-02T19:36:50.070">
  <trace-info objectcount="68917" scancount="61319" scanbytes="2344908" />
  <finalization candidates="124" enqueued="0" />
  <ownableSynchronizers candidates="3" cleared="0" />
  <references type="soft" candidates="85" cleared="0" enqueued="0" dynamicThreshold="19" maxThreshold="32" />
  <references type="weak" candidates="776" cleared="0" enqueued="0" />
  <references type="phantom" candidates="63" cleared="0" enqueued="0" />
  <stringconstants candidates="4574" cleared="0"  />
</gc-op>
<gc-op id="366" type="sweep" timems="0.386" contextid="362" timestamp="2019-07-02T19:36:50.070" />
<gc-end id="367" type="global" contextid="362" durationms="1.940" usertimems="4.000" systemtimems="0.000" timestamp="2019-07-02T19:36:50.070" activeThreads="4">
  <mem-info id="368" free="9805080" total="16121856" percent="60">
    <mem type="tenure" free="9805080" total="16121856" percent="60" micro-fragmented="1642991">
      <mem type="soa" free="9644472" total="15961088" percent="60" />
      <mem type="loa" free="160608" total="160768" percent="99" />
    </mem>
  </mem-info>
</gc-end>
<cycle-end id="369" type="global" contextid="362" timestamp="2019-07-02T19:36:50.070">
  <attribute name="GC Util" value="220" />
  <attribute name="CPU Util" value="13445187929714" />
  <attribute name="Time Running"value="1558"/>
  <attribute name="Number of cores"value="4"/>
</cycle-end>
<allocation-satisfied id="370" threadId="0000000000AB3D00" bytesRequested="40" />
<af-end id="371" timestamp="2019-07-02T19:36:50.070" threadId="0000000000AB4688" success="true" />
<exclusive-end id="372" timestamp="2019-07-02T19:36:50.070" durationms="2.469" />

<concurrent-kickoff id="373" timestamp="2019-07-02T19:36:50.082">
  <kickoff reason="threshold reached" targetBytes="4107493" thresholdFreeBytes="567598" remainingFree="556056" tenureFreeBytes="556056" />
</concurrent-kickoff>
<exclusive-start id="374" timestamp="2019-07-02T19:36:50.083" intervalms="15.346">
  <response-info timems="1.673" idlems="0.847" threads="1" lastid="0000000000AB7900" lastname="Thread-7" />
</exclusive-start>
<cycle-start id="375" type="global" contextid="0" timestamp="2019-07-02T19:36:50.083" intervalms="15.184" />
  <attribute name="GC Util" value="220" />
  <attribute name="CPU Util" value="13445187929714" />
  <attribute name="Time Running"value="1558"/>
  <attribute name="Number of cores"value="4"/>
<exclusive-end id="376" timestamp="2019-07-02T19:36:50.083" durationms="0.127" />

<exclusive-start id="377" timestamp="2019-07-02T19:36:50.085" intervalms="1.966">
  <response-info timems="0.126" idlems="0.047" threads="3" lastid="0000000000ABB500" lastname="Thread-9" />
</exclusive-start>
<af-start id="378" threadId="0000000000AB4688" totalBytesRequested="24" timestamp="2019-07-02T19:36:50.085" intervalms="17.325" />
<gc-start id="379" type="global" contextid="375" timestamp="2019-07-02T19:36:50.086">
  <mem-info id="380" free="160768" total="16121856" percent="0">
    <mem type="tenure" free="160768" total="16121856" percent="0">
      <mem type="soa" free="0" total="15961088" percent="0" />
      <mem type="loa" free="160768" total="160768" percent="100" />
    </mem>
  </mem-info>
</gc-start>
<allocation-stats totalBytes="9613688" >
  <allocated-bytes non-tlh="0" tlh="9613688" />
  <largest-consumer threadName="Thread-9" threadId="0000000000ABB500" bytes="3477160" />
</allocation-stats>
<concurrent-halted id="381" timestamp="2019-07-02T19:36:50.086">
  <halted state="Complete" status="clean trace" />
  <traced bytesTarget="4107493" bytesTotal="1926068" bytesByMutator="1134272" bytesByHelper="791796" percent="46" />
  <cards cleaned="28" thresholdBytes="223598" />
</concurrent-halted>
<gc-op id="382" type="card-cleaning" timems="0.110" contextid="375" timestamp="2019-07-02T19:36:50.086">
  <card-cleaning cardsCleaned="5" bytesTraced="13096" workStackOverflowCount="0" />
</gc-op>
<gc-op id="383" type="mark" timems="0.646" contextid="375" timestamp="2019-07-02T19:36:50.086">
  <trace-info objectcount="12140" scancount="12347" scanbytes="473612" />
  <finalization candidates="124" enqueued="0" />
  <ownableSynchronizers candidates="3" cleared="0" />
  <references type="soft" candidates="85" cleared="0" enqueued="0" dynamicThreshold="19" maxThreshold="32" />
  <references type="weak" candidates="776" cleared="0" enqueued="0" />
  <references type="phantom" candidates="63" cleared="0" enqueued="0" />
  <stringconstants candidates="4574" cleared="0"  />
</gc-op>
<gc-op id="384" type="sweep" timems="0.527" contextid="375" timestamp="2019-07-02T19:36:50.087" />
<heap-resize id="385" type="expand" space="tenure" amount="1048576" count="1" timems="0.078" reason="excessive time being spent in gc" timestamp="2019-07-02T19:36:50.087" />
<gc-end id="386" type="global" contextid="375" durationms="1.811" usertimems="4.000" systemtimems="0.000" timestamp="2019-07-02T19:36:50.087" activeThreads="4">
  <mem-info id="387" free="10678072" total="17170432" percent="62">
    <mem type="tenure" free="10678072" total="17170432" percent="62" micro-fragmented="1625181">
      <mem type="soa" free="10507064" total="16999424" percent="61" />
      <mem type="loa" free="171008" total="171008" percent="100" />
    </mem>
  </mem-info>
</gc-end>
<cycle-end id="388" type="global" contextid="375" timestamp="2019-07-02T19:36:50.087">
  <attribute name="GC Util" value="11" />
  <attribute name="CPU Util" value="42384385222585" />
  <attribute name="Time Running"value="1575"/>
  <attribute name="Number of cores"value="4"/>
</cycle-end>
<allocation-satisfied id="389" threadId="0000000000AB3D00" bytesRequested="24" />
<af-end id="390" timestamp="2019-07-02T19:36:50.088" threadId="0000000000AB4688" success="true" />
<exclusive-end id="391" timestamp="2019-07-02T19:36:50.088" durationms="2.375" />

<concurrent-kickoff id="392" timestamp="2019-07-02T19:36:50.105">
  <kickoff reason="threshold reached" targetBytes="3871326" thresholdFreeBytes="535560" remainingFree="461256" tenureFreeBytes="461256" />
</concurrent-kickoff>
<exclusive-start id="393" timestamp="2019-07-02T19:36:50.105" intervalms="19.703">
  <response-info timems="0.130" idlems="0.130" threads="0" lastid="0000000000AB0100" lastname="Thread-8" />
</exclusive-start>
<cycle-start id="394" type="global" contextid="0" timestamp="2019-07-02T19:36:50.105" intervalms="21.655" />
  <attribute name="GC Util" value="11" />
  <attribute name="CPU Util" value="42384385222585" />
  <attribute name="Time Running"value="1575"/>
  <attribute name="Number of cores"value="4"/>
<exclusive-end id="395" timestamp="2019-07-02T19:36:50.105" durationms="0.106" />

<exclusive-start id="396" timestamp="2019-07-02T19:36:50.106" intervalms="0.789">
  <response-info timems="0.094" idlems="0.094" threads="0" lastid="0000000000AB7900" lastname="Thread-7" />
</exclusive-start>
<af-start id="397" threadId="0000000000AB8288" totalBytesRequested="40" timestamp="2019-07-02T19:36:50.106" intervalms="20.587" />
<gc-start id="398" type="global" contextid="394" timestamp="2019-07-02T19:36:50.106">
  <mem-info id="399" free="171008" total="17170432" percent="0">
    <mem type="tenure" free="171008" total="17170432" percent="0">
      <mem type="soa" free="0" total="16999424" percent="0" />
      <mem type="loa" free="171008" total="171008" percent="100" />
    </mem>
  </mem-info>
</gc-start>
<allocation-stats totalBytes="10472512" >
  <allocated-bytes non-tlh="0" tlh="10472512" />
  <largest-consumer threadName="Thread-10" threadId="0000000000AB3D00" bytes="3635712" />
</allocation-stats>
<concurrent-halted id="400" timestamp="2019-07-02T19:36:50.106">
  <halted state="Class scanning incomplete" status="clean trace" />
  <traced bytesTarget="3871326" bytesTotal="297880" bytesByMutator="0" bytesByHelper="297880" percent="7" />
  <cards cleaned="0" thresholdBytes="210978" />
</concurrent-halted>
<gc-op id="401" type="tracing" timems="0.785" contextid="394" timestamp="2019-07-02T19:36:50.107">
  <trace bytesTraced="1298008" workStackOverflowCount="0" />
</gc-op>
<gc-op id="402" type="card-cleaning" timems="0.270" contextid="394" timestamp="2019-07-02T19:36:50.108">
  <card-cleaning cardsCleaned="15" bytesTraced="20988" workStackOverflowCount="0" />
</gc-op>
<gc-op id="403" type="mark" timems="1.710" contextid="394" timestamp="2019-07-02T19:36:50.109">
  <trace-info objectcount="28076" scancount="23605" scanbytes="826036" />
  <finalization candidates="124" enqueued="0" />
  <ownableSynchronizers candidates="3" cleared="0" />
  <references type="soft" candidates="85" cleared="0" enqueued="0" dynamicThreshold="19" maxThreshold="32" />
  <references type="weak" candidates="776" cleared="0" enqueued="0" />
  <references type="phantom" candidates="63" cleared="0" enqueued="0" />
  <stringconstants candidates="4574" cleared="0"  />
</gc-op>
<gc-op id="404" type="sweep" timems="1.338" contextid="394" timestamp="2019-07-02T19:36:50.111" />
<gc-end id="405" type="global" contextid="394" durationms="4.794" usertimems="0.000" systemtimems="8.000" timestamp="2019-07-02T19:36:50.111" activeThreads="4">
  <mem-info id="406" free="10464600" total="17170432" percent="60">
    <mem type="tenure" free="10464600" total="17170432" percent="60" micro-fragmented="1857806">
      <mem type="soa" free="10293592" total="16999424" percent="60" />
      <mem type="loa" free="171008" total="171008" percent="100" />
    </mem>
  </mem-info>
</gc-end>
<cycle-end id="407" type="global" contextid="394" timestamp="2019-07-02T19:36:50.111">
  <attribute name="GC Util" value="161" />
  <attribute name="CPU Util" value="18376582266439" />
  <attribute name="Time Running"value="1598"/>
  <attribute name="Number of cores"value="4"/>
</cycle-end>
<allocation-satisfied id="408" threadId="0000000000AB7900" bytesRequested="40" />
<af-end id="409" timestamp="2019-07-02T19:36:50.111" threadId="0000000000AB8288" success="true" />
<exclusive-end id="410" timestamp="2019-07-02T19:36:50.111" durationms="5.358" />

<concurrent-kickoff id="411" timestamp="2019-07-02T19:36:50.121">
  <kickoff reason="threshold reached" targetBytes="1616876" thresholdFreeBytes="227367" remainingFree="223160" tenureFreeBytes="223160" />
</concurrent-kickoff>
<exclusive-start id="412" timestamp="2019-07-02T19:36:50.121" intervalms="14.891">
  <response-info timems="0.052" idlems="0.052" threads="0" lastid="0000000000AB3D00" lastname="Thread-10" />
</exclusive-start>
<cycle-start id="413" type="global" contextid="0" timestamp="2019-07-02T19:36:50.121" intervalms="15.691" />
  <attribute name="GC Util" value="161" />
  <attribute name="CPU Util" value="18376582266439" />
  <attribute name="Time Running"value="1598"/>
  <attribute name="Number of cores"value="4"/>
<exclusive-end id="414" timestamp="2019-07-02T19:36:50.121" durationms="0.122" />

<exclusive-start id="415" timestamp="2019-07-02T19:36:50.121" intervalms="0.298">
  <response-info timems="0.020" idlems="0.020" threads="0" lastid="0000000000AB7900" lastname="Thread-7" />
</exclusive-start>
<af-start id="416" threadId="0000000000AB8288" totalBytesRequested="24" timestamp="2019-07-02T19:36:50.121" intervalms="15.092" />
<concurrent-aborted id="417" timestamp="2019-07-02T19:36:50.121">
  <reason value="insufficient progress made" />
</concurrent-aborted>
<cycle-end id="418" type="global" contextid="413" timestamp="2019-07-02T19:36:50.121">
  <attribute name="GC Util" value="161" />
  <attribute name="CPU Util" value="18376582266439" />
  <attribute name="Time Running"value="1598"/>
  <attribute name="Number of cores"value="4"/>
</cycle-end>
<cycle-start id="419" type="global" contextid="0" timestamp="2019-07-02T19:36:50.121" intervalms="0.449" />
  <attribute name="GC Util" value="161" />
  <attribute name="CPU Util" value="18376582266439" />
  <attribute name="Time Running"value="1598"/>
  <attribute name="Number of cores"value="4"/>
<gc-start id="420" type="global" contextid="419" timestamp="2019-07-02T19:36:50.121">
  <mem-info id="421" free="171008" total="17170432" percent="0">
    <mem type="tenure" free="171008" total="17170432" percent="0">
      <mem type="soa" free="0" total="16999424" percent="0" />
      <mem type="loa" free="171008" total="171008" percent="100" />
    </mem>
  </mem-info>
</gc-start>
<allocation-stats totalBytes="10256992" >
  <allocated-bytes non-tlh="23160" tlh="10233832" />
  <largest-consumer threadName="Thread-10" threadId="0000000000AB3D00" bytes="3741672" />
</allocation-stats>
<gc-op id="422" type="mark" timems="2.058" contextid="419" timestamp="2019-07-02T19:36:50.123">
  <trace-info objectcount="68426" scancount="60860" scanbytes="2333316" />
  <finalization candidates="124" enqueued="0" />
  <ownableSynchronizers candidates="3" cleared="0" />
  <references type="soft" candidates="85" cleared="0" enqueued="0" dynamicThreshold="19" maxThreshold="32" />
  <references type="weak" candidates="776" cleared="0" enqueued="0" />
  <references type="phantom" candidates="63" cleared="0" enqueued="0" />
  <stringconstants candidates="4574" cleared="0"  />
</gc-op>
<gc-op id="423" type="sweep" timems="0.846" contextid="419" timestamp="2019-07-02T19:36:50.124" />
<gc-end id="424" type="global" contextid="419" durationms="3.137" usertimems="4.000" systemtimems="0.000" timestamp="2019-07-02T19:36:50.124" activeThreads="4">
  <mem-info id="425" free="10658240" total="17170432" percent="62">
    <mem type="tenure" free="10658240" total="17170432" percent="62" micro-fragmented="1646503">
      <mem type="soa" free="10487320" total="16999424" percent="61" />
      <mem type="loa" free="170920" total="171008" percent="99" />
    </mem>
  </mem-info>
</gc-end>
<cycle-end id="426" type="global" contextid="419" timestamp="2019-07-02T19:36:50.124">
  <attribute name="GC Util" value="214" />
  <attribute name="CPU Util" value="8697880858514" />
  <attribute name="Time Running"value="1611"/>
  <attribute name="Number of cores"value="4"/>
</cycle-end>
<allocation-satisfied id="427" threadId="0000000000AB7900" bytesRequested="24" />
<af-end id="428" timestamp="2019-07-02T19:36:50.125" threadId="0000000000AB8288" success="true" />
<exclusive-end id="429" timestamp="2019-07-02T19:36:50.125" durationms="3.616" />

<concurrent-kickoff id="430" timestamp="2019-07-02T19:36:50.134">
  <kickoff reason="threshold reached" targetBytes="2976788" thresholdFreeBytes="413008" remainingFree="409328" tenureFreeBytes="409328" />
</concurrent-kickoff>
<exclusive-start id="431" timestamp="2019-07-02T19:36:50.134" intervalms="12.975">
  <response-info timems="0.076" idlems="0.056" threads="2" lastid="0000000000AB3D00" lastname="Thread-10" />
</exclusive-start>
<cycle-start id="432" type="global" contextid="0" timestamp="2019-07-02T19:36:50.134" intervalms="12.845" />
  <attribute name="GC Util" value="214" />
  <attribute name="CPU Util" value="8697880858514" />
  <attribute name="Time Running"value="1611"/>
  <attribute name="Number of cores"value="4"/>
<exclusive-end id="433" timestamp="2019-07-02T19:36:50.134" durationms="0.175" />

<exclusive-start id="434" timestamp="2019-07-02T19:36:50.135" intervalms="0.980">
  <response-info timems="0.021" idlems="0.021" threads="0" lastid="0000000000AB7900" lastname="Thread-7" />
</exclusive-start>
<af-start id="435" threadId="0000000000AB8288" totalBytesRequested="40" timestamp="2019-07-02T19:36:50.135" intervalms="13.975" />
<gc-start id="436" type="global" contextid="432" timestamp="2019-07-02T19:36:50.135">
  <mem-info id="437" free="171008" total="17170432" percent="0">
    <mem type="tenure" free="171008" total="17170432" percent="0">
      <mem type="soa" free="0" total="16999424" percent="0" />
      <mem type="loa" free="171008" total="171008" percent="100" />
    </mem>
  </mem-info>
</gc-start>
<allocation-stats totalBytes="10664976" >
  <allocated-bytes non-tlh="0" tlh="10664976" />
  <largest-consumer threadName="Thread-8" threadId="0000000000AB0100" bytes="3483976" />
</allocation-stats>
<concurrent-halted id="438" timestamp="2019-07-02T19:36:50.135">
  <halted state="Complete" status="trace only" />
  <traced bytesTarget="2976788" bytesTotal="1393840" bytesByMutator="1077540" bytesByHelper="316300" percent="46" />
  <cards cleaned="0" thresholdBytes="162700" />
</concurrent-halted>
<gc-op id="439" type="card-cleaning" timems="0.422" contextid="432" timestamp="2019-07-02T19:36:50.136">
  <card-cleaning cardsCleaned="29" bytesTraced="20784" workStackOverflowCount="0" />
</gc-op>
<gc-op id="440" type="mark" timems="1.712" contextid="432" timestamp="2019-07-02T19:36:50.138">
  <trace-info objectcount="33710" scancount="28009" scanbytes="967156" />
  <finalization candidates="124" enqueued="0" />
  <ownableSynchronizers candidates="3" cleared="0" />
  <references type="soft" candidates="85" cleared="0" enqueued="0" dynamicThreshold="19" maxThreshold="32" />
  <references type="weak" candidates="776" cleared="0" enqueued="0" />
  <references type="phantom" candidates="63" cleared="0" enqueued="0" />
  <stringconstants candidates="4574" cleared="0"  />
</gc-op>
<gc-op id="441" type="sweep" timems="0.950" contextid="432" timestamp="2019-07-02T19:36:50.139" />
<gc-end id="442" type="global" contextid="432" durationms="3.481" usertimems="4.000" systemtimems="4.000" timestamp="2019-07-02T19:36:50.139" activeThreads="4">
  <mem-info id="443" free="10525608" total="17170432" percent="61">
    <mem type="tenure" free="10525608" total="17170432" percent="61" micro-fragmented="1489356">
      <mem type="soa" free="10354664" total="16999424" percent="60" />
      <mem type="loa" free="170944" total="171008" percent="99" />
    </mem>
  </mem-info>
</gc-end>
<cycle-end id="444" type="global" contextid="432" timestamp="2019-07-02T19:36:50.139">
  <attribute name="GC Util" value="244" />
  <attribute name="CPU Util" value="10331879366221" />
  <attribute name="Time Running"value="1626"/>
  <attribute name="Number of cores"value="4"/>
</cycle-end>
<allocation-satisfied id="445" threadId="0000000000AB7900" bytesRequested="40" />
<af-end id="446" timestamp="2019-07-02T19:36:50.139" threadId="0000000000AB8288" success="true" />
<exclusive-end id="447" timestamp="2019-07-02T19:36:50.139" durationms="4.157" />

<concurrent-kickoff id="448" timestamp="2019-07-02T19:36:50.146">
  <kickoff reason="threshold reached" targetBytes="2826982" thresholdFreeBytes="387763" remainingFree="381576" tenureFreeBytes="381576" />
</concurrent-kickoff>
<exclusive-start id="449" timestamp="2019-07-02T19:36:50.147" intervalms="11.712">
  <response-info timems="0.080" idlems="0.050" threads="1" lastid="0000000000ABB500" lastname="Thread-9" />
</exclusive-start>
<cycle-start id="450" type="global" contextid="0" timestamp="2019-07-02T19:36:50.147" intervalms="12.664" />
  <attribute name="GC Util" value="244" />
  <attribute name="CPU Util" value="10331879366221" />
  <attribute name="Time Running"value="1626"/>
  <attribute name="Number of cores"value="4"/>
<exclusive-end id="451" timestamp="2019-07-02T19:36:50.147" durationms="0.117" />

<exclusive-start id="452" timestamp="2019-07-02T19:36:50.148" intervalms="1.019">
  <response-info timems="0.029" idlems="0.029" threads="0" lastid="0000000000ABB500" lastname="Thread-9" />
</exclusive-start>
<af-start id="453" threadId="0000000000ABBE88" totalBytesRequested="40" timestamp="2019-07-02T19:36:50.148" intervalms="12.702" />
<gc-start id="454" type="global" contextid="450" timestamp="2019-07-02T19:36:50.148">
  <mem-info id="455" free="171008" total="17170432" percent="0">
    <mem type="tenure" free="171008" total="17170432" percent="0">
      <mem type="soa" free="0" total="16999424" percent="0" />
      <mem type="loa" free="171008" total="171008" percent="100" />
    </mem>
  </mem-info>
</gc-start>
<allocation-stats totalBytes="10504312" >
  <allocated-bytes non-tlh="0" tlh="10504312" />
  <largest-consumer threadName="Thread-7" threadId="0000000000AB7900" bytes="2698024" />
</allocation-stats>
<concurrent-halted id="456" timestamp="2019-07-02T19:36:50.148">
  <halted state="Class scanning incomplete" status="trace only" />
  <traced bytesTarget="2826982" bytesTotal="1624420" bytesByMutator="1053696" bytesByHelper="570724" percent="57" />
  <cards cleaned="0" thresholdBytes="152755" />
</concurrent-halted>
<gc-op id="457" type="tracing" timems="0.366" contextid="450" timestamp="2019-07-02T19:36:50.149">
  <trace bytesTraced="212780" workStackOverflowCount="0" />
</gc-op>
<gc-op id="458" type="card-cleaning" timems="0.251" contextid="450" timestamp="2019-07-02T19:36:50.149">
  <card-cleaning cardsCleaned="18" bytesTraced="16064" workStackOverflowCount="0" />
</gc-op>
<gc-op id="459" type="mark" timems="1.811" contextid="450" timestamp="2019-07-02T19:36:50.151">
  <trace-info objectcount="16385" scancount="15861" scanbytes="571532" />
  <finalization candidates="124" enqueued="0" />
  <ownableSynchronizers candidates="3" cleared="0" />
  <references type="soft" candidates="85" cleared="0" enqueued="0" dynamicThreshold="19" maxThreshold="32" />
  <references type="weak" candidates="776" cleared="0" enqueued="0" />
  <references type="phantom" candidates="63" cleared="0" enqueued="0" />
  <stringconstants candidates="4574" cleared="0"  />
</gc-op>
<gc-op id="460" type="sweep" timems="0.967" contextid="450" timestamp="2019-07-02T19:36:50.152" />
<gc-end id="461" type="global" contextid="450" durationms="3.823" usertimems="8.000" systemtimems="0.000" timestamp="2019-07-02T19:36:50.152" activeThreads="4">
  <mem-info id="462" free="10305168" total="17170432" percent="60">
    <mem type="tenure" free="10305168" total="17170432" percent="60" micro-fragmented="1544919">
      <mem type="soa" free="10134216" total="16999424" percent="59" />
      <mem type="loa" free="170952" total="171008" percent="99" />
    </mem>
  </mem-info>
</gc-end>
<cycle-end id="463" type="global" contextid="450" timestamp="2019-07-02T19:36:50.152">
  <attribute name="GC Util" value="216" />
  <attribute name="CPU Util" value="9798692457030" />
  <attribute name="Time Running"value="1639"/>
  <attribute name="Number of cores"value="4"/>
</cycle-end>
<allocation-satisfied id="464" threadId="0000000000ABB500" bytesRequested="40" />
<af-end id="465" timestamp="2019-07-02T19:36:50.152" threadId="0000000000ABBE88" success="true" />
<exclusive-end id="466" timestamp="2019-07-02T19:36:50.152" durationms="4.463" />

<concurrent-kickoff id="467" timestamp="2019-07-02T19:36:50.159">
  <kickoff reason="threshold reached" targetBytes="2737437" thresholdFreeBytes="372803" remainingFree="366880" tenureFreeBytes="366880" />
</concurrent-kickoff>
<exclusive-start id="468" timestamp="2019-07-02T19:36:50.160" intervalms="11.941">
  <response-info timems="0.117" idlems="0.069" threads="1" lastid="0000000000AB3D00" lastname="Thread-10" />
</exclusive-start>
<cycle-start id="469" type="global" contextid="0" timestamp="2019-07-02T19:36:50.160" intervalms="12.962" />
  <attribute name="GC Util" value="216" />
  <attribute name="CPU Util" value="9798692457030" />
  <attribute name="Time Running"value="1639"/>
  <attribute name="Number of cores"value="4"/>
<exclusive-end id="470" timestamp="2019-07-02T19:36:50.160" durationms="0.118" />

<exclusive-start id="471" timestamp="2019-07-02T19:36:50.160" intervalms="0.785">
  <response-info timems="0.022" idlems="0.022" threads="0" lastid="0000000000AB0100" lastname="Thread-8" />
</exclusive-start>
<af-start id="472" threadId="0000000000AB0A88" totalBytesRequested="40" timestamp="2019-07-02T19:36:50.160" intervalms="12.715" />
<gc-start id="473" type="global" contextid="469" timestamp="2019-07-02T19:36:50.161">
  <mem-info id="474" free="171008" total="17170432" percent="0">
    <mem type="tenure" free="171008" total="17170432" percent="0">
      <mem type="soa" free="0" total="16999424" percent="0" />
      <mem type="loa" free="171008" total="171008" percent="100" />
    </mem>
  </mem-info>
</gc-start>
<allocation-stats totalBytes="10280288" >
  <allocated-bytes non-tlh="0" tlh="10280288" />
  <largest-consumer threadName="Thread-7" threadId="0000000000AB7900" bytes="2710832" />
</allocation-stats>
<concurrent-halted id="475" timestamp="2019-07-02T19:36:50.161">
  <halted state="Complete" status="trace only" />
  <traced bytesTarget="2737437" bytesTotal="1476476" bytesByMutator="1066044" bytesByHelper="410432" percent="53" />
  <cards cleaned="0" thresholdBytes="146861" />
</concurrent-halted>
<gc-op id="476" type="card-cleaning" timems="0.427" contextid="469" timestamp="2019-07-02T19:36:50.161">
  <card-cleaning cardsCleaned="24" bytesTraced="21584" workStackOverflowCount="0" />
</gc-op>
<gc-op id="477" type="mark" timems="1.764" contextid="469" timestamp="2019-07-02T19:36:50.163">
  <trace-info objectcount="34326" scancount="28639" scanbytes="982604" />
  <finalization candidates="124" enqueued="0" />
  <ownableSynchronizers candidates="3" cleared="0" />
  <references type="soft" candidates="85" cleared="0" enqueued="0" dynamicThreshold="19" maxThreshold="32" />
  <references type="weak" candidates="776" cleared="0" enqueued="0" />
  <references type="phantom" candidates="63" cleared="0" enqueued="0" />
  <stringconstants candidates="4574" cleared="0"  />
</gc-op>
<gc-op id="478" type="sweep" timems="1.269" contextid="469" timestamp="2019-07-02T19:36:50.164" />
<heap-resize id="479" type="expand" space="tenure" amount="1048576" count="1" timems="0.072" reason="excessive time being spent in gc" timestamp="2019-07-02T19:36:50.165" />
<gc-end id="480" type="global" contextid="469" durationms="3.869" usertimems="4.000" systemtimems="4.000" timestamp="2019-07-02T19:36:50.165" activeThreads="4">
  <mem-info id="481" free="11274208" total="18219008" percent="61">
    <mem type="tenure" free="11274208" total="18219008" percent="61" micro-fragmented="1636904">
      <mem type="soa" free="11092960" total="18037760" percent="61" />
      <mem type="loa" free="181248" total="181248" percent="100" />
    </mem>
  </mem-info>
</gc-end>
<cycle-end id="482" type="global" contextid="469" timestamp="2019-07-02T19:36:50.165">
  <attribute name="GC Util" value="174" />
  <attribute name="CPU Util" value="19409330385328" />
  <attribute name="Time Running"value="1652"/>
  <attribute name="Number of cores"value="4"/>
</cycle-end>
<allocation-satisfied id="483" threadId="0000000000AB0100" bytesRequested="40" />
<af-end id="484" timestamp="2019-07-02T19:36:50.165" threadId="0000000000AB0A88" success="true" />
<exclusive-end id="485" timestamp="2019-07-02T19:36:50.165" durationms="4.405" />

<concurrent-kickoff id="486" timestamp="2019-07-02T19:36:50.172">
  <kickoff reason="threshold reached" targetBytes="2762061" thresholdFreeBytes="374572" remainingFree="312984" tenureFreeBytes="312984" />
</concurrent-kickoff>
<exclusive-start id="487" timestamp="2019-07-02T19:36:50.172" intervalms="11.623">
  <response-info timems="0.046" idlems="0.026" threads="1" lastid="0000000000AB0100" lastname="Thread-8" />
</exclusive-start>
<cycle-start id="488" type="global" contextid="0" timestamp="2019-07-02T19:36:50.172" intervalms="12.409" />
  <attribute name="GC Util" value="174" />
  <attribute name="CPU Util" value="19409330385328" />
  <attribute name="Time Running"value="1652"/>
  <attribute name="Number of cores"value="4"/>
<exclusive-end id="489" timestamp="2019-07-02T19:36:50.172" durationms="0.118" />

<exclusive-start id="490" timestamp="2019-07-02T19:36:50.173" intervalms="0.541">
  <response-info timems="0.026" idlems="0.026" threads="0" lastid="0000000000AB7900" lastname="Thread-7" />
</exclusive-start>
<af-start id="491" threadId="0000000000AB8288" totalBytesRequested="40" timestamp="2019-07-02T19:36:50.173" intervalms="12.173" />
<concurrent-aborted id="492" timestamp="2019-07-02T19:36:50.173">
  <reason value="insufficient progress made" />
</concurrent-aborted>
<cycle-end id="493" type="global" contextid="488" timestamp="2019-07-02T19:36:50.173">
  <attribute name="GC Util" value="174" />
  <attribute name="CPU Util" value="19409330385328" />
  <attribute name="Time Running"value="1652"/>
  <attribute name="Number of cores"value="4"/>
</cycle-end>
<cycle-start id="494" type="global" contextid="0" timestamp="2019-07-02T19:36:50.173" intervalms="0.708" />
  <attribute name="GC Util" value="174" />
  <attribute name="CPU Util" value="19409330385328" />
  <attribute name="Time Running"value="1652"/>
  <attribute name="Number of cores"value="4"/>
<gc-start id="495" type="global" contextid="494" timestamp="2019-07-02T19:36:50.173">
  <mem-info id="496" free="181248" total="18219008" percent="0">
    <mem type="tenure" free="181248" total="18219008" percent="0">
      <mem type="soa" free="0" total="18037760" percent="0" />
      <mem type="loa" free="181248" total="181248" percent="100" />
    </mem>
  </mem-info>
</gc-start>
<allocation-stats totalBytes="11046456" >
  <allocated-bytes non-tlh="0" tlh="11046456" />
  <largest-consumer threadName="Thread-7" threadId="0000000000AB7900" bytes="2828904" />
</allocation-stats>
<gc-op id="497" type="mark" timems="1.986" contextid="494" timestamp="2019-07-02T19:36:50.175">
  <trace-info objectcount="76045" scancount="68469" scanbytes="2516092" />
  <finalization candidates="124" enqueued="0" />
  <ownableSynchronizers candidates="3" cleared="0" />
  <references type="soft" candidates="85" cleared="0" enqueued="0" dynamicThreshold="19" maxThreshold="32" />
  <references type="weak" candidates="776" cleared="0" enqueued="0" />
  <references type="phantom" candidates="63" cleared="0" enqueued="0" />
  <stringconstants candidates="4574" cleared="0"  />
</gc-op>
<gc-op id="498" type="sweep" timems="1.286" contextid="494" timestamp="2019-07-02T19:36:50.176" />
<gc-end id="499" type="global" contextid="494" durationms="3.516" usertimems="8.000" systemtimems="0.000" timestamp="2019-07-02T19:36:50.176" activeThreads="4">
  <mem-info id="500" free="11015696" total="18219008" percent="60">
    <mem type="tenure" free="11015696" total="18219008" percent="60" micro-fragmented="1690603">
      <mem type="soa" free="10834448" total="18037760" percent="60" />
      <mem type="loa" free="181248" total="181248" percent="100" />
    </mem>
  </mem-info>
</gc-end>
<cycle-end id="501" type="global" contextid="494" timestamp="2019-07-02T19:36:50.176">
  <attribute name="GC Util" value="171" />
  <attribute name="CPU Util" value="19100022109584" />
  <attribute name="Time Running"value="1664"/>
  <attribute name="Number of cores"value="4"/>
</cycle-end>
<allocation-satisfied id="502" threadId="0000000000AB7900" bytesRequested="40" />
<af-end id="503" timestamp="2019-07-02T19:36:50.176" threadId="0000000000AB8288" success="true" />
<exclusive-end id="504" timestamp="2019-07-02T19:36:50.177" durationms="4.015" />

<concurrent-kickoff id="505" timestamp="2019-07-02T19:36:50.186">
  <kickoff reason="threshold reached" targetBytes="2762061" thresholdFreeBytes="374572" remainingFree="362872" tenureFreeBytes="362872" />
</concurrent-kickoff>
<exclusive-start id="506" timestamp="2019-07-02T19:36:50.186" intervalms="13.595">
  <response-info timems="0.026" idlems="0.026" threads="0" lastid="0000000000ABB500" lastname="Thread-9" />
</exclusive-start>
<cycle-start id="507" type="global" contextid="0" timestamp="2019-07-02T19:36:50.186" intervalms="13.431" />
  <attribute name="GC Util" value="171" />
  <attribute name="CPU Util" value="19100022109584" />
  <attribute name="Time Running"value="1664"/>
  <attribute name="Number of cores"value="4"/>
<exclusive-end id="508" timestamp="2019-07-02T19:36:50.186" durationms="0.129" />

<exclusive-start id="509" timestamp="2019-07-02T19:36:50.187" intervalms="0.810">
  <response-info timems="0.022" idlems="0.020" threads="1" lastid="0000000000ABB500" lastname="Thread-9" />
</exclusive-start>
<af-start id="510" threadId="0000000000AB4688" totalBytesRequested="40" timestamp="2019-07-02T19:36:50.187" intervalms="14.410" />
<gc-start id="511" type="global" contextid="507" timestamp="2019-07-02T19:36:50.187">
  <mem-info id="512" free="181248" total="18219008" percent="0">
    <mem type="tenure" free="181248" total="18219008" percent="0">
      <mem type="soa" free="0" total="18037760" percent="0" />
      <mem type="loa" free="181248" total="181248" percent="100" />
    </mem>
  </mem-info>
</gc-start>
<allocation-stats totalBytes="10784072" >
  <allocated-bytes non-tlh="42216" tlh="10741856" />
  <largest-consumer threadName="Thread-7" threadId="0000000000AB7900" bytes="3245712" />
</allocation-stats>
<concurrent-halted id="513" timestamp="2019-07-02T19:36:50.187">
  <halted state="Complete" status="trace only" />
  <traced bytesTarget="2762061" bytesTotal="1097096" bytesByMutator="869052" bytesByHelper="228044" percent="39" />
  <cards cleaned="0" thresholdBytes="147558" />
</concurrent-halted>
<gc-op id="514" type="card-cleaning" timems="0.150" contextid="507" timestamp="2019-07-02T19:36:50.187">
  <card-cleaning cardsCleaned="23" bytesTraced="266164" workStackOverflowCount="0" />
</gc-op>
<gc-op id="515" type="mark" timems="0.916" contextid="507" timestamp="2019-07-02T19:36:50.188">
  <trace-info objectcount="35024" scancount="29282" scanbytes="992676" />
  <finalization candidates="124" enqueued="0" />
  <ownableSynchronizers candidates="3" cleared="0" />
  <references type="soft" candidates="85" cleared="0" enqueued="0" dynamicThreshold="19" maxThreshold="32" />
  <references type="weak" candidates="776" cleared="0" enqueued="0" />
  <references type="phantom" candidates="63" cleared="0" enqueued="0" />
  <stringconstants candidates="4574" cleared="0"  />
</gc-op>
<gc-op id="516" type="sweep" timems="0.456" contextid="507" timestamp="2019-07-02T19:36:50.189" />
<gc-end id="517" type="global" contextid="507" durationms="1.871" usertimems="4.000" systemtimems="0.000" timestamp="2019-07-02T19:36:50.189" activeThreads="4">
  <mem-info id="518" free="11725760" total="18219008" percent="64">
    <mem type="tenure" free="11725760" total="18219008" percent="64" micro-fragmented="1514110">
      <mem type="soa" free="11544536" total="18037760" percent="64" />
      <mem type="loa" free="181224" total="181248" percent="99" />
    </mem>
  </mem-info>
</gc-end>
<cycle-end id="519" type="global" contextid="507" timestamp="2019-07-02T19:36:50.189">
  <attribute name="GC Util" value="199" />
  <attribute name="CPU Util" value="18674706191514" />
  <attribute name="Time Running"value="1676"/>
  <attribute name="Number of cores"value="4"/>
</cycle-end>
<allocation-satisfied id="520" threadId="0000000000AB3D00" bytesRequested="40" />
<af-end id="521" timestamp="2019-07-02T19:36:50.189" threadId="0000000000AB4688" success="true" />
<exclusive-end id="522" timestamp="2019-07-02T19:36:50.189" durationms="2.252" />

<concurrent-kickoff id="523" timestamp="2019-07-02T19:36:50.198">
  <kickoff reason="threshold reached" targetBytes="2570290" thresholdFreeBytes="347803" remainingFree="337408" tenureFreeBytes="337408" />
</concurrent-kickoff>
<exclusive-start id="524" timestamp="2019-07-02T19:36:50.198" intervalms="11.131">
  <response-info timems="0.058" idlems="0.036" threads="1" lastid="0000000000ABB500" lastname="Thread-9" />
</exclusive-start>
<cycle-start id="525" type="global" contextid="0" timestamp="2019-07-02T19:36:50.198" intervalms="11.926" />
  <attribute name="GC Util" value="199" />
  <attribute name="CPU Util" value="18674706191514" />
  <attribute name="Time Running"value="1676"/>
  <attribute name="Number of cores"value="4"/>
<exclusive-end id="526" timestamp="2019-07-02T19:36:50.198" durationms="0.093" />

<exclusive-start id="527" timestamp="2019-07-02T19:36:50.200" intervalms="1.465">
  <response-info timems="0.031" idlems="0.031" threads="0" lastid="0000000000AB7900" lastname="Thread-7" />
</exclusive-start>
<af-start id="528" threadId="0000000000AB8288" totalBytesRequested="24" timestamp="2019-07-02T19:36:50.200" intervalms="12.595" />
<gc-start id="529" type="global" contextid="525" timestamp="2019-07-02T19:36:50.200">
  <mem-info id="530" free="181248" total="18219008" percent="0">
    <mem type="tenure" free="181248" total="18219008" percent="0">
      <mem type="soa" free="0" total="18037760" percent="0" />
      <mem type="loa" free="181248" total="181248" percent="100" />
    </mem>
  </mem-info>
</gc-start>
<allocation-stats totalBytes="11836112" >
  <allocated-bytes non-tlh="0" tlh="11836112" />
  <largest-consumer threadName="Thread-9" threadId="0000000000ABB500" bytes="3297344" />
</allocation-stats>
<concurrent-halted id="531" timestamp="2019-07-02T19:36:50.200">
  <halted state="Tracing incomplete" status="trace only" />
  <traced bytesTarget="2570290" bytesTotal="1518264" bytesByMutator="674408" bytesByHelper="843856" percent="59" />
  <cards cleaned="0" thresholdBytes="137013" />
</concurrent-halted>
<gc-op id="532" type="tracing" timems="0.368" contextid="525" timestamp="2019-07-02T19:36:50.200">
  <trace bytesTraced="317580" workStackOverflowCount="0" />
</gc-op>
<gc-op id="533" type="card-cleaning" timems="0.428" contextid="525" timestamp="2019-07-02T19:36:50.201">
  <card-cleaning cardsCleaned="13" bytesTraced="64692" workStackOverflowCount="0" />
</gc-op>
<gc-op id="534" type="mark" timems="1.237" contextid="525" timestamp="2019-07-02T19:36:50.202">
  <trace-info objectcount="14454" scancount="14524" scanbytes="520844" />
  <finalization candidates="124" enqueued="0" />
  <ownableSynchronizers candidates="3" cleared="0" />
  <references type="soft" candidates="85" cleared="0" enqueued="0" dynamicThreshold="20" maxThreshold="32" />
  <references type="weak" candidates="776" cleared="0" enqueued="0" />
  <references type="phantom" candidates="63" cleared="0" enqueued="0" />
  <stringconstants candidates="4574" cleared="0"  />
</gc-op>
<gc-op id="535" type="sweep" timems="1.223" contextid="525" timestamp="2019-07-02T19:36:50.203" />
<heap-resize id="536" type="contract" space="tenure" amount="131072" count="1" timems="0.075" reason="excess free space following gc" timestamp="2019-07-02T19:36:50.204" />
<gc-end id="537" type="global" contextid="525" durationms="3.791" usertimems="8.000" systemtimems="0.000" timestamp="2019-07-02T19:36:50.204" activeThreads="4">
  <mem-info id="538" free="11600296" total="18087936" percent="64">
    <mem type="tenure" free="11600296" total="18087936" percent="64" micro-fragmented="1418658">
      <mem type="soa" free="11600296" total="17907712" percent="64" />
      <mem type="loa" free="0" total="180224" percent="0" />
    </mem>
  </mem-info>
</gc-end>
<cycle-end id="539" type="global" contextid="525" timestamp="2019-07-02T19:36:50.204">
  <attribute name="GC Util" value="176" />
  <attribute name="CPU Util" value="19996795668418" />
  <attribute name="Time Running"value="1691"/>
  <attribute name="Number of cores"value="4"/>
</cycle-end>
<allocation-satisfied id="540" threadId="0000000000AB7900" bytesRequested="24" />
<af-end id="541" timestamp="2019-07-02T19:36:50.204" threadId="0000000000AB8288" success="true" />
<exclusive-end id="542" timestamp="2019-07-02T19:36:50.204" durationms="4.405" />

<concurrent-kickoff id="543" timestamp="2019-07-02T19:36:50.213">
  <kickoff reason="threshold reached" targetBytes="2463763" thresholdFreeBytes="332838" remainingFree="327688" tenureFreeBytes="327688" />
</concurrent-kickoff>
<exclusive-start id="544" timestamp="2019-07-02T19:36:50.213" intervalms="13.858">
  <response-info timems="0.081" idlems="0.048" threads="1" lastid="0000000000AB3D00" lastname="Thread-10" />
</exclusive-start>
<cycle-start id="545" type="global" contextid="0" timestamp="2019-07-02T19:36:50.213" intervalms="15.323" />
  <attribute name="GC Util" value="176" />
  <attribute name="CPU Util" value="19996795668418" />
  <attribute name="Time Running"value="1691"/>
  <attribute name="Number of cores"value="4"/>
<exclusive-end id="546" timestamp="2019-07-02T19:36:50.213" durationms="0.093" />

<exclusive-start id="547" timestamp="2019-07-02T19:36:50.215" intervalms="1.435">
  <response-info timems="0.039" idlems="0.022" threads="1" lastid="0000000000AB3D00" lastname="Thread-10" />
</exclusive-start>
<concurrent-collection-start id="548" timestamp="2019-07-02T19:36:50.215" intervalms="160.582" >
  <concurrent-trace-info reason="card cleaning threshold reached" tracedByMutators="1556912" tracedByHelpers="0" cardsCleaned="39" workStackOverflowCount="0" />
</concurrent-collection-start>
<gc-start id="549" type="global" contextid="545" timestamp="2019-07-02T19:36:50.215">
  <mem-info id="550" free="65360" total="18087936" percent="0">
    <mem type="tenure" free="65360" total="18087936" percent="0">
      <mem type="soa" free="65360" total="17907712" percent="0" />
      <mem type="loa" free="0" total="180224" percent="0" />
    </mem>
  </mem-info>
</gc-start>
<allocation-stats totalBytes="11488648" >
  <allocated-bytes non-tlh="46320" tlh="11442328" />
  <largest-consumer threadName="Thread-8" threadId="0000000000AB0100" bytes="3546904" />
</allocation-stats>
<gc-op id="551" type="card-cleaning" timems="0.170" contextid="545" timestamp="2019-07-02T19:36:50.215">
  <card-cleaning cardsCleaned="16" bytesTraced="14816" workStackOverflowCount="0" />
</gc-op>
<gc-op id="552" type="mark" timems="0.893" contextid="545" timestamp="2019-07-02T19:36:50.216">
  <trace-info objectcount="25811" scancount="20103" scanbytes="633296" />
  <finalization candidates="124" enqueued="0" />
  <ownableSynchronizers candidates="3" cleared="0" />
  <references type="soft" candidates="85" cleared="0" enqueued="0" dynamicThreshold="20" maxThreshold="32" />
  <references type="weak" candidates="776" cleared="0" enqueued="0" />
  <references type="phantom" candidates="63" cleared="0" enqueued="0" />
  <stringconstants candidates="4574" cleared="0"  />
</gc-op>
<gc-op id="553" type="sweep" timems="0.383" contextid="545" timestamp="2019-07-02T19:36:50.217" />
<gc-end id="554" type="global" contextid="545" durationms="1.742" usertimems="4.000" systemtimems="0.000" timestamp="2019-07-02T19:36:50.217" activeThreads="4">
  <mem-info id="555" free="11091008" total="18087936" percent="61">
    <mem type="tenure" free="11091008" total="18087936" percent="61" micro-fragmented="0">
      <mem type="soa" free="10910800" total="17907712" percent="60" />
      <mem type="loa" free="180208" total="180224" percent="99" />
    </mem>
  </mem-info>
</gc-end>
<cycle-end id="556" type="global" contextid="545" timestamp="2019-07-02T19:36:50.217">
  <attribute name="GC Util" value="186" />
  <attribute name="CPU Util" value="19238043246665" />
  <attribute name="Time Running"value="1704"/>
  <attribute name="Number of cores"value="4"/>
</cycle-end>
<concurrent-collection-end id="557" timestamp="2019-07-02T19:36:50.217" />
<exclusive-end id="558" timestamp="2019-07-02T19:36:50.217" durationms="2.062" />

<concurrent-kickoff id="559" timestamp="2019-07-02T19:36:50.228">
  <kickoff reason="threshold reached" targetBytes="2233219" thresholdFreeBytes="304500" remainingFree="302256" tenureFreeBytes="302256" />
</concurrent-kickoff>
<exclusive-start id="560" timestamp="2019-07-02T19:36:50.228" intervalms="13.057">
  <response-info timems="0.089" idlems="0.054" threads="1" lastid="0000000000AB7900" lastname="Thread-7" />
</exclusive-start>
<cycle-start id="561" type="global" contextid="0" timestamp="2019-07-02T19:36:50.228" intervalms="14.493" />
  <attribute name="GC Util" value="186" />
  <attribute name="CPU Util" value="19238043246665" />
  <attribute name="Time Running"value="1704"/>
  <attribute name="Number of cores"value="4"/>
<exclusive-end id="562" timestamp="2019-07-02T19:36:50.228" durationms="0.099" />

<exclusive-start id="563" timestamp="2019-07-02T19:36:50.229" intervalms="0.877">
  <response-info timems="0.040" idlems="0.040" threads="0" lastid="0000000000AB3D00" lastname="Thread-10" />
</exclusive-start>
<af-start id="564" threadId="0000000000AB4688" totalBytesRequested="40" timestamp="2019-07-02T19:36:50.229" intervalms="29.227" />
<gc-start id="565" type="global" contextid="561" timestamp="2019-07-02T19:36:50.229">
  <mem-info id="566" free="157328" total="18087936" percent="0">
    <mem type="tenure" free="157328" total="18087936" percent="0">
      <mem type="soa" free="0" total="17907712" percent="0" />
      <mem type="loa" free="157328" total="180224" percent="87" />
    </mem>
  </mem-info>
</gc-start>
<allocation-stats totalBytes="12355344" >
  <allocated-bytes non-tlh="0" tlh="12355344" />
  <largest-consumer threadName="Thread-9" threadId="0000000000ABB500" bytes="4328296" />
</allocation-stats>
<concurrent-halted id="567" timestamp="2019-07-02T19:36:50.229">
  <halted state="Class scanning incomplete" status="trace only" />
  <traced bytesTarget="2233219" bytesTotal="956312" bytesByMutator="363992" bytesByHelper="592320" percent="42" />
  <cards cleaned="0" thresholdBytes="119954" />
</concurrent-halted>
<gc-op id="568" type="tracing" timems="0.395" contextid="561" timestamp="2019-07-02T19:36:50.230">
  <trace bytesTraced="780140" workStackOverflowCount="0" />
</gc-op>
<gc-op id="569" type="card-cleaning" timems="0.114" contextid="561" timestamp="2019-07-02T19:36:50.230">
  <card-cleaning cardsCleaned="18" bytesTraced="16888" workStackOverflowCount="0" />
</gc-op>
<gc-op id="570" type="mark" timems="0.656" contextid="561" timestamp="2019-07-02T19:36:50.230">
  <trace-info objectcount="12822" scancount="12474" scanbytes="484484" />
  <finalization candidates="124" enqueued="0" />
  <ownableSynchronizers candidates="3" cleared="0" />
  <references type="soft" candidates="85" cleared="0" enqueued="0" dynamicThreshold="19" maxThreshold="32" />
  <references type="weak" candidates="776" cleared="0" enqueued="0" />
  <references type="phantom" candidates="63" cleared="0" enqueued="0" />
  <stringconstants candidates="4574" cleared="0"  />
</gc-op>
<gc-op id="571" type="sweep" timems="0.557" contextid="561" timestamp="2019-07-02T19:36:50.231" />
<mem-info id="572" free="12437048" total="18087936" percent="68">
  <mem type="tenure" free="12437048" total="18087936" percent="68" micro-fragmented="1322175">
    <mem type="soa" free="12279720" total="17907712" percent="68" />
    <mem type="loa" free="157328" total="180224" percent="87" />
  </mem>
</mem-info>
<gc-op id="573" type="compact" timems="9.144" contextid="561" timestamp="2019-07-02T19:36:50.241">
  <compact-info movecount="64133" movebytes="4126896" reason="compact to aid heap contraction" />
</gc-op>
<heap-resize id="574" type="contract" space="tenure" amount="131072" count="1" timems="0.065" reason="excess free space following gc" timestamp="2019-07-02T19:36:50.241" />
<gc-end id="575" type="global" contextid="561" durationms="11.830" usertimems="16.000" systemtimems="0.000" timestamp="2019-07-02T19:36:50.241" activeThreads="4">
  <mem-info id="576" free="13735672" total="17956864" percent="76">
    <mem type="tenure" free="13735672" total="17956864" percent="76">
      <mem type="soa" free="13605624" total="17777664" percent="76" />
      <mem type="loa" free="130048" total="179200" percent="72" />
    </mem>
  </mem-info>
</gc-end>
<cycle-end id="577" type="global" contextid="561" timestamp="2019-07-02T19:36:50.241">
  <attribute name="GC Util" value="6" />
  <attribute name="CPU Util" value="36993592764898" />
  <attribute name="Time Running"value="1719"/>
  <attribute name="Number of cores"value="4"/>
</cycle-end>
<allocation-satisfied id="578" threadId="0000000000AB3D00" bytesRequested="40" />
<af-end id="579" timestamp="2019-07-02T19:36:50.241" threadId="0000000000AB4688" success="true" />
<exclusive-end id="580" timestamp="2019-07-02T19:36:50.241" durationms="12.324" />

<concurrent-kickoff id="581" timestamp="2019-07-02T19:36:50.250">
  <kickoff reason="threshold reached" targetBytes="2039393" thresholdFreeBytes="277566" remainingFree="276216" tenureFreeBytes="276216" />
</concurrent-kickoff>
<exclusive-start id="582" timestamp="2019-07-02T19:36:50.250" intervalms="21.486">
  <response-info timems="0.030" idlems="0.030" threads="0" lastid="0000000000ABB500" lastname="Thread-9" />
</exclusive-start>
<cycle-start id="583" type="global" contextid="0" timestamp="2019-07-02T19:36:50.250" intervalms="22.379" />
  <attribute name="GC Util" value="6" />
  <attribute name="CPU Util" value="36993592764898" />
  <attribute name="Time Running"value="1719"/>
  <attribute name="Number of cores"value="4"/>
<exclusive-end id="584" timestamp="2019-07-02T19:36:50.250" durationms="0.130" />

<exclusive-start id="585" timestamp="2019-07-02T19:36:50.251" intervalms="0.437">
  <response-info timems="0.023" idlems="0.023" threads="0" lastid="0000000000AB7900" lastname="Thread-7" />
</exclusive-start>
<af-start id="586" threadId="0000000000AB8288" totalBytesRequested="40" timestamp="2019-07-02T19:36:50.251" intervalms="21.921" />
<concurrent-aborted id="587" timestamp="2019-07-02T19:36:50.251">
  <reason value="insufficient progress made" />
</concurrent-aborted>
<cycle-end id="588" type="global" contextid="583" timestamp="2019-07-02T19:36:50.251">
  <attribute name="GC Util" value="6" />
  <attribute name="CPU Util" value="36993592764898" />
  <attribute name="Time Running"value="1719"/>
  <attribute name="Number of cores"value="4"/>
</cycle-end>
<cycle-start id="589" type="global" contextid="0" timestamp="2019-07-02T19:36:50.251" intervalms="0.606" />
  <attribute name="GC Util" value="6" />
  <attribute name="CPU Util" value="36993592764898" />
  <attribute name="Time Running"value="1719"/>
  <attribute name="Number of cores"value="4"/>
<gc-start id="590" type="global" contextid="589" timestamp="2019-07-02T19:36:50.251">
  <mem-info id="591" free="130048" total="17956864" percent="0">
    <mem type="tenure" free="130048" total="17956864" percent="0">
      <mem type="soa" free="0" total="17777664" percent="0" />
      <mem type="loa" free="130048" total="179200" percent="72" />
    </mem>
  </mem-info>
</gc-start>
<allocation-stats totalBytes="13648832" >
  <allocated-bytes non-tlh="0" tlh="13648832" />
  <largest-consumer threadName="Thread-8" threadId="0000000000AB0100" bytes="3782888" />
</allocation-stats>
<gc-op id="592" type="mark" timems="1.965" contextid="589" timestamp="2019-07-02T19:36:50.253">
  <trace-info objectcount="66436" scancount="58863" scanbytes="2285948" />
  <finalization candidates="124" enqueued="0" />
  <ownableSynchronizers candidates="3" cleared="0" />
  <references type="soft" candidates="85" cleared="0" enqueued="0" dynamicThreshold="24" maxThreshold="32" />
  <references type="weak" candidates="776" cleared="0" enqueued="0" />
  <references type="phantom" candidates="63" cleared="0" enqueued="0" />
  <stringconstants candidates="4574" cleared="0"  />
</gc-op>
<gc-op id="593" type="sweep" timems="1.008" contextid="589" timestamp="2019-07-02T19:36:50.254" />
<heap-resize id="594" type="contract" space="tenure" amount="131072" count="1" timems="0.055" reason="excess free space following gc" timestamp="2019-07-02T19:36:50.254" />
<gc-end id="595" type="global" contextid="589" durationms="3.342" usertimems="4.000" systemtimems="4.000" timestamp="2019-07-02T19:36:50.254" activeThreads="4">
  <mem-info id="596" free="13442168" total="17825792" percent="75">
    <mem type="tenure" free="13442168" total="17825792" percent="75" micro-fragmented="9984">
      <mem type="soa" free="13442168" total="17647616" percent="76" />
      <mem type="loa" free="0" total="178176" percent="0" />
    </mem>
  </mem-info>
</gc-end>
<cycle-end id="597" type="global" contextid="589" timestamp="2019-07-02T19:36:50.254">
  <attribute name="GC Util" value="194" />
  <attribute name="CPU Util" value="24676465933047" />
  <attribute name="Time Running"value="1742"/>
  <attribute name="Number of cores"value="4"/>
</cycle-end>
<allocation-satisfied id="598" threadId="0000000000AB7900" bytesRequested="40" />
<af-end id="599" timestamp="2019-07-02T19:36:50.255" threadId="0000000000AB8288" success="true" />
<exclusive-end id="600" timestamp="2019-07-02T19:36:50.255" durationms="3.936" />

<concurrent-kickoff id="601" timestamp="2019-07-02T19:36:50.263">
  <kickoff reason="threshold reached" targetBytes="2024507" thresholdFreeBytes="275541" remainingFree="267008" tenureFreeBytes="267008" />
</concurrent-kickoff>
<exclusive-start id="602" timestamp="2019-07-02T19:36:50.263" intervalms="12.243">
  <response-info timems="0.069" idlems="0.044" threads="1" lastid="0000000000AB3D00" lastname="Thread-10" />
</exclusive-start>
<cycle-start id="603" type="global" contextid="0" timestamp="2019-07-02T19:36:50.263" intervalms="12.063" />
  <attribute name="GC Util" value="194" />
  <attribute name="CPU Util" value="24676465933047" />
  <attribute name="Time Running"value="1742"/>
  <attribute name="Number of cores"value="4"/>
<exclusive-end id="604" timestamp="2019-07-02T19:36:50.263" durationms="0.112" />

<exclusive-start id="605" timestamp="2019-07-02T19:36:50.264" intervalms="1.064">
  <response-info timems="0.033" idlems="0.031" threads="1" lastid="0000000000ABB500" lastname="Thread-9" />
</exclusive-start>
<af-start id="606" threadId="0000000000AB4688" totalBytesRequested="40" timestamp="2019-07-02T19:36:50.264" intervalms="13.304" />
<gc-start id="607" type="global" contextid="603" timestamp="2019-07-02T19:36:50.264">
  <mem-info id="608" free="0" total="17825792" percent="0">
    <mem type="tenure" free="0" total="17825792" percent="0">
      <mem type="soa" free="0" total="17647616" percent="0" />
      <mem type="loa" free="0" total="178176" percent="0" />
    </mem>
  </mem-info>
</gc-start>
<allocation-stats totalBytes="13432072" >
  <allocated-bytes non-tlh="0" tlh="13432072" />
  <largest-consumer threadName="Thread-7" threadId="0000000000AB7900" bytes="3733248" />
</allocation-stats>
<concurrent-halted id="609" timestamp="2019-07-02T19:36:50.264">
  <halted state="Class scanning incomplete" status="clean trace" />
  <traced bytesTarget="2024507" bytesTotal="1656336" bytesByMutator="1023292" bytesByHelper="633044" percent="81" />
  <cards cleaned="0" thresholdBytes="108546" />
</concurrent-halted>
<gc-op id="610" type="tracing" timems="0.221" contextid="603" timestamp="2019-07-02T19:36:50.264">
  <trace bytesTraced="404244" workStackOverflowCount="0" />
</gc-op>
<gc-op id="611" type="card-cleaning" timems="0.112" contextid="603" timestamp="2019-07-02T19:36:50.265">
  <card-cleaning cardsCleaned="29" bytesTraced="23952" workStackOverflowCount="0" />
</gc-op>
<gc-op id="612" type="mark" timems="0.547" contextid="603" timestamp="2019-07-02T19:36:50.265">
  <trace-info objectcount="6409" scancount="9287" scanbytes="329460" />
  <finalization candidates="124" enqueued="0" />
  <ownableSynchronizers candidates="3" cleared="0" />
  <references type="soft" candidates="85" cleared="0" enqueued="0" dynamicThreshold="24" maxThreshold="32" />
  <references type="weak" candidates="776" cleared="0" enqueued="0" />
  <references type="phantom" candidates="63" cleared="0" enqueued="0" />
  <stringconstants candidates="4574" cleared="0"  />
</gc-op>
<gc-op id="613" type="sweep" timems="0.433" contextid="603" timestamp="2019-07-02T19:36:50.266" />
<heap-resize id="614" type="contract" space="tenure" amount="65536" count="1" timems="0.108" reason="excess free space following gc" timestamp="2019-07-02T19:36:50.266" />
<gc-end id="615" type="global" contextid="603" durationms="1.938" usertimems="4.000" systemtimems="0.000" timestamp="2019-07-02T19:36:50.266" activeThreads="4">
  <mem-info id="616" free="13267872" total="17760256" percent="74">
    <mem type="tenure" free="13267872" total="17760256" percent="74" micro-fragmented="48150">
      <mem type="soa" free="13267872" total="17583104" percent="75" />
      <mem type="loa" free="0" total="177152" percent="0" />
    </mem>
  </mem-info>
</gc-end>
<cycle-end id="617" type="global" contextid="603" timestamp="2019-07-02T19:36:50.266">
  <attribute name="GC Util" value="85" />
  <attribute name="CPU Util" value="64361380713859" />
  <attribute name="Time Running"value="1754"/>
  <attribute name="Number of cores"value="4"/>
</cycle-end>
<allocation-satisfied id="618" threadId="0000000000AB3D00" bytesRequested="40" />
<af-end id="619" timestamp="2019-07-02T19:36:50.266" threadId="0000000000AB4688" success="true" />
<exclusive-end id="620" timestamp="2019-07-02T19:36:50.266" durationms="2.276" />

<concurrent-kickoff id="621" timestamp="2019-07-02T19:36:50.275">
  <kickoff reason="threshold reached" targetBytes="2086554" thresholdFreeBytes="283801" remainingFree="270368" tenureFreeBytes="270368" />
</concurrent-kickoff>
<exclusive-start id="622" timestamp="2019-07-02T19:36:50.275" intervalms="10.768">
  <response-info timems="0.057" idlems="0.036" threads="1" lastid="0000000000AB3D00" lastname="Thread-10" />
</exclusive-start>
<cycle-start id="623" type="global" contextid="0" timestamp="2019-07-02T19:36:50.275" intervalms="11.827" />
  <attribute name="GC Util" value="85" />
  <attribute name="CPU Util" value="64361380713859" />
  <attribute name="Time Running"value="1754"/>
  <attribute name="Number of cores"value="4"/>
<exclusive-end id="624" timestamp="2019-07-02T19:36:50.275" durationms="0.093" />

<exclusive-start id="625" timestamp="2019-07-02T19:36:50.277" intervalms="1.907">
  <response-info timems="0.020" idlems="0.020" threads="0" lastid="0000000000AB0100" lastname="Thread-8" />
</exclusive-start>
<concurrent-collection-start id="626" timestamp="2019-07-02T19:36:50.277" intervalms="61.823" >
  <concurrent-trace-info reason="card cleaning threshold reached" tracedByMutators="1028464" tracedByHelpers="1109608" cardsCleaned="24" workStackOverflowCount="0" />
</concurrent-collection-start>
<gc-start id="627" type="global" contextid="623" timestamp="2019-07-02T19:36:50.277">
  <mem-info id="628" free="0" total="17760256" percent="0">
    <mem type="tenure" free="0" total="17760256" percent="0">
      <mem type="soa" free="0" total="17583104" percent="0" />
      <mem type="loa" free="0" total="177152" percent="0" />
    </mem>
  </mem-info>
</gc-start>
<allocation-stats totalBytes="13248840" >
  <allocated-bytes non-tlh="0" tlh="13248840" />
  <largest-consumer threadName="Thread-9" threadId="0000000000ABB500" bytes="3692304" />
</allocation-stats>
<gc-op id="629" type="card-cleaning" timems="0.300" contextid="623" timestamp="2019-07-02T19:36:50.277">
  <card-cleaning cardsCleaned="16" bytesTraced="8828" workStackOverflowCount="0" />
</gc-op>
<gc-op id="630" type="mark" timems="1.421" contextid="623" timestamp="2019-07-02T19:36:50.279">
  <trace-info objectcount="7156" scancount="10398" scanbytes="357040" />
  <finalization candidates="124" enqueued="0" />
  <ownableSynchronizers candidates="3" cleared="0" />
  <references type="soft" candidates="85" cleared="0" enqueued="0" dynamicThreshold="23" maxThreshold="32" />
  <references type="weak" candidates="776" cleared="0" enqueued="0" />
  <references type="phantom" candidates="63" cleared="0" enqueued="0" />
  <stringconstants candidates="4574" cleared="0"  />
</gc-op>
<gc-op id="631" type="sweep" timems="0.887" contextid="623" timestamp="2019-07-02T19:36:50.280" />
<mem-info id="632" free="13148664" total="17760256" percent="74">
  <mem type="tenure" free="13148664" total="17760256" percent="74" micro-fragmented="89932">
    <mem type="soa" free="13148664" total="17583104" percent="74" />
    <mem type="loa" free="0" total="177152" percent="0" />
  </mem>
</mem-info>
<gc-op id="633" type="compact" timems="5.154" contextid="623" timestamp="2019-07-02T19:36:50.285">
  <compact-info movecount="16117" movebytes="598504" reason="compact to aid heap contraction" />
</gc-op>
<heap-resize id="634" type="contract" space="tenure" amount="131072" count="1" timems="0.069" reason="excess free space following gc" timestamp="2019-07-02T19:36:50.285" />
<gc-end id="635" type="global" contextid="623" durationms="8.235" usertimems="12.000" systemtimems="4.000" timestamp="2019-07-02T19:36:50.285" activeThreads="4">
  <mem-info id="636" free="13284624" total="17629184" percent="75">
    <mem type="tenure" free="13284624" total="17629184" percent="75">
      <mem type="soa" free="13154576" total="17453056" percent="75" />
      <mem type="loa" free="130048" total="176128" percent="73" />
    </mem>
  </mem-info>
</gc-end>
<cycle-end id="637" type="global" contextid="623" timestamp="2019-07-02T19:36:50.285">
  <attribute name="GC Util" value="157" />
  <attribute name="CPU Util" value="59330696103919" />
  <attribute name="Time Running"value="1768"/>
  <attribute name="Number of cores"value="4"/>
</cycle-end>
<concurrent-collection-end id="638" timestamp="2019-07-02T19:36:50.285" />
<exclusive-end id="639" timestamp="2019-07-02T19:36:50.285" durationms="8.483" />

<concurrent-kickoff id="640" timestamp="2019-07-02T19:36:50.293">
  <kickoff reason="threshold reached" targetBytes="2141083" thresholdFreeBytes="292860" remainingFree="177424" tenureFreeBytes="177424" />
</concurrent-kickoff>
<exclusive-start id="641" timestamp="2019-07-02T19:36:50.293" intervalms="16.743">
  <response-info timems="0.031" idlems="0.031" threads="0" lastid="0000000000AB3D00" lastname="Thread-10" />
</exclusive-start>
<cycle-start id="642" type="global" contextid="0" timestamp="2019-07-02T19:36:50.293" intervalms="18.663" />
  <attribute name="GC Util" value="157" />
  <attribute name="CPU Util" value="59330696103919" />
  <attribute name="Time Running"value="1768"/>
  <attribute name="Number of cores"value="4"/>
<exclusive-end id="643" timestamp="2019-07-02T19:36:50.293" durationms="0.119" />

<exclusive-start id="644" timestamp="2019-07-02T19:36:50.294" intervalms="0.249">
  <response-info timems="0.020" idlems="0.020" threads="0" lastid="0000000000AB0100" lastname="Thread-8" />
</exclusive-start>
<af-start id="645" threadId="0000000000AB0A88" totalBytesRequested="40" timestamp="2019-07-02T19:36:50.294" intervalms="29.646" />
<concurrent-aborted id="646" timestamp="2019-07-02T19:36:50.294">
  <reason value="insufficient progress made" />
</concurrent-aborted>
<cycle-end id="647" type="global" contextid="642" timestamp="2019-07-02T19:36:50.294">
  <attribute name="GC Util" value="157" />
  <attribute name="CPU Util" value="59330696103919" />
  <attribute name="Time Running"value="1768"/>
  <attribute name="Number of cores"value="4"/>
</cycle-end>
<cycle-start id="648" type="global" contextid="0" timestamp="2019-07-02T19:36:50.294" intervalms="0.348" />
  <attribute name="GC Util" value="157" />
  <attribute name="CPU Util" value="59330696103919" />
  <attribute name="Time Running"value="1768"/>
  <attribute name="Number of cores"value="4"/>
<gc-start id="649" type="global" contextid="648" timestamp="2019-07-02T19:36:50.294">
  <mem-info id="650" free="130048" total="17629184" percent="0">
    <mem type="tenure" free="130048" total="17629184" percent="0">
      <mem type="soa" free="0" total="17453056" percent="0" />
      <mem type="loa" free="130048" total="176128" percent="73" />
    </mem>
  </mem-info>
</gc-start>
<allocation-stats totalBytes="13152952" >
  <allocated-bytes non-tlh="0" tlh="13152952" />
  <largest-consumer threadName="Thread-9" threadId="0000000000ABB500" bytes="3767832" />
</allocation-stats>
<gc-op id="651" type="mark" timems="2.077" contextid="648" timestamp="2019-07-02T19:36:50.296">
  <trace-info objectcount="73540" scancount="65957" scanbytes="2456116" />
  <finalization candidates="124" enqueued="0" />
  <ownableSynchronizers candidates="3" cleared="0" />
  <references type="soft" candidates="85" cleared="0" enqueued="0" dynamicThreshold="24" maxThreshold="32" />
  <references type="weak" candidates="776" cleared="0" enqueued="0" />
  <references type="phantom" candidates="63" cleared="0" enqueued="0" />
  <stringconstants candidates="4574" cleared="0"  />
</gc-op>
<gc-op id="652" type="sweep" timems="1.016" contextid="648" timestamp="2019-07-02T19:36:50.297" />
<heap-resize id="653" type="contract" space="tenure" amount="131072" count="1" timems="0.051" reason="excess free space following gc" timestamp="2019-07-02T19:36:50.297" />
<gc-end id="654" type="global" contextid="648" durationms="3.389" usertimems="8.000" systemtimems="0.000" timestamp="2019-07-02T19:36:50.297" activeThreads="4">
  <mem-info id="655" free="13036208" total="17498112" percent="74">
    <mem type="tenure" free="13036208" total="17498112" percent="74" micro-fragmented="28570">
      <mem type="soa" free="12954560" total="17324032" percent="74" />
      <mem type="loa" free="81648" total="174080" percent="46" />
    </mem>
  </mem-info>
</gc-end>
<cycle-end id="656" type="global" contextid="648" timestamp="2019-07-02T19:36:50.297">
  <attribute name="GC Util" value="194" />
  <attribute name="CPU Util" value="24845404737609" />
  <attribute name="Time Running"value="1785"/>
  <attribute name="Number of cores"value="4"/>
</cycle-end>
<allocation-satisfied id="657" threadId="0000000000AB0100" bytesRequested="40" />
<af-end id="658" timestamp="2019-07-02T19:36:50.297" threadId="0000000000AB0A88" success="true" />
<exclusive-end id="659" timestamp="2019-07-02T19:36:50.297" durationms="3.747" />

<concurrent-kickoff id="660" timestamp="2019-07-02T19:36:50.306">
  <kickoff reason="threshold reached" targetBytes="2125165" thresholdFreeBytes="290683" remainingFree="285120" tenureFreeBytes="285120" />
</concurrent-kickoff>
<exclusive-start id="661" timestamp="2019-07-02T19:36:50.306" intervalms="12.109">
  <response-info timems="0.098" idlems="0.079" threads="1" lastid="0000000000AB0100" lastname="Thread-8" />
</exclusive-start>
<cycle-start id="662" type="global" contextid="0" timestamp="2019-07-02T19:36:50.306" intervalms="12.045" />
  <attribute name="GC Util" value="194" />
  <attribute name="CPU Util" value="24845404737609" />
  <attribute name="Time Running"value="1785"/>
  <attribute name="Number of cores"value="4"/>
<exclusive-end id="663" timestamp="2019-07-02T19:36:50.306" durationms="0.156" />

<exclusive-start id="664" timestamp="2019-07-02T19:36:50.307" intervalms="1.221">
  <response-info timems="0.020" idlems="0.020" threads="0" lastid="0000000000ABB500" lastname="Thread-9" />
</exclusive-start>
<af-start id="665" threadId="0000000000ABBE88" totalBytesRequested="24" timestamp="2019-07-02T19:36:50.307" intervalms="13.388" />
<gc-start id="666" type="global" contextid="662" timestamp="2019-07-02T19:36:50.307">
  <mem-info id="667" free="81648" total="17498112" percent="0">
    <mem type="tenure" free="81648" total="17498112" percent="0">
      <mem type="soa" free="0" total="17324032" percent="0" />
      <mem type="loa" free="81648" total="174080" percent="46" />
    </mem>
  </mem-info>
</gc-start>
<allocation-stats totalBytes="12945328" >
  <allocated-bytes non-tlh="0" tlh="12945328" />
  <largest-consumer threadName="Thread-9" threadId="0000000000ABB500" bytes="3657728" />
</allocation-stats>
<concurrent-halted id="668" timestamp="2019-07-02T19:36:50.307">
  <halted state="Complete" status="trace only" />
  <traced bytesTarget="2125165" bytesTotal="1718624" bytesByMutator="1022104" bytesByHelper="696520" percent="80" />
  <cards cleaned="0" thresholdBytes="114511" />
</concurrent-halted>
<gc-op id="669" type="card-cleaning" timems="0.458" contextid="662" timestamp="2019-07-02T19:36:50.308">
  <card-cleaning cardsCleaned="17" bytesTraced="35348" workStackOverflowCount="0" />
</gc-op>
<gc-op id="670" type="mark" timems="1.678" contextid="662" timestamp="2019-07-02T19:36:50.310">
  <trace-info objectcount="27486" scancount="25102" scanbytes="821660" />
  <finalization candidates="124" enqueued="0" />
  <ownableSynchronizers candidates="3" cleared="0" />
  <references type="soft" candidates="85" cleared="0" enqueued="0" dynamicThreshold="23" maxThreshold="32" />
  <references type="weak" candidates="776" cleared="0" enqueued="0" />
  <references type="phantom" candidates="63" cleared="0" enqueued="0" />
  <stringconstants candidates="4574" cleared="0"  />
</gc-op>
<gc-op id="671" type="sweep" timems="1.152" contextid="662" timestamp="2019-07-02T19:36:50.311" />
<mem-info id="672" free="13001424" total="17498112" percent="74">
  <mem type="tenure" free="13001424" total="17498112" percent="74" micro-fragmented="42151">
    <mem type="soa" free="12827368" total="17324032" percent="74" />
    <mem type="loa" free="174056" total="174080" percent="99" />
  </mem>
</mem-info>
<gc-op id="673" type="compact" timems="5.104" contextid="662" timestamp="2019-07-02T19:36:50.316">
  <compact-info movecount="9433" movebytes="228344" reason="compact to aid heap contraction" />
</gc-op>
<heap-resize id="674" type="contract" space="tenure" amount="131072" count="1" timems="0.034" reason="excess free space following gc" timestamp="2019-07-02T19:36:50.316" />
<gc-end id="675" type="global" contextid="662" durationms="9.064" usertimems="16.000" systemtimems="0.000" timestamp="2019-07-02T19:36:50.316" activeThreads="4">
  <mem-info id="676" free="12832056" total="17367040" percent="73">
    <mem type="tenure" free="12832056" total="17367040" percent="73">
      <mem type="soa" free="12702008" total="17193984" percent="73" />
      <mem type="loa" free="130048" total="173056" percent="75" />
    </mem>
  </mem-info>
</gc-end>
<cycle-end id="677" type="global" contextid="662" timestamp="2019-07-02T19:36:50.316">
  <attribute name="GC Util" value="143" />
  <attribute name="CPU Util" value="39647992739849" />
  <attribute name="Time Running"value="1799"/>
  <attribute name="Number of cores"value="4"/>
</cycle-end>
<allocation-satisfied id="678" threadId="0000000000ABB500" bytesRequested="24" />
<af-end id="679" timestamp="2019-07-02T19:36:50.316" threadId="0000000000ABBE88" success="true" />
<exclusive-end id="680" timestamp="2019-07-02T19:36:50.316" durationms="9.506" />

<concurrent-kickoff id="681" timestamp="2019-07-02T19:36:50.325">
  <kickoff reason="threshold reached" targetBytes="2188052" thresholdFreeBytes="297561" remainingFree="183608" tenureFreeBytes="183608" />
</concurrent-kickoff>
<exclusive-start id="682" timestamp="2019-07-02T19:36:50.325" intervalms="18.418">
  <response-info timems="0.021" idlems="0.021" threads="0" lastid="0000000000AB3D00" lastname="Thread-10" />
</exclusive-start>
<cycle-start id="683" type="global" contextid="0" timestamp="2019-07-02T19:36:50.325" intervalms="19.596" />
  <attribute name="GC Util" value="143" />
  <attribute name="CPU Util" value="39647992739849" />
  <attribute name="Time Running"value="1799"/>
  <attribute name="Number of cores"value="4"/>
<exclusive-end id="684" timestamp="2019-07-02T19:36:50.325" durationms="0.110" />

<exclusive-start id="685" timestamp="2019-07-02T19:36:50.326" intervalms="0.293">
  <response-info timems="0.017" idlems="0.017" threads="0" lastid="0000000000ABB500" lastname="Thread-9" />
</exclusive-start>
<af-start id="686" threadId="0000000000ABBE88" totalBytesRequested="40" timestamp="2019-07-02T19:36:50.326" intervalms="18.671" />
<concurrent-aborted id="687" timestamp="2019-07-02T19:36:50.326">
  <reason value="insufficient progress made" />
</concurrent-aborted>
<cycle-end id="688" type="global" contextid="683" timestamp="2019-07-02T19:36:50.326">
  <attribute name="GC Util" value="143" />
  <attribute name="CPU Util" value="39647992739849" />
  <attribute name="Time Running"value="1799"/>
  <attribute name="Number of cores"value="4"/>
</cycle-end>
<cycle-start id="689" type="global" contextid="0" timestamp="2019-07-02T19:36:50.326" intervalms="0.477" />
  <attribute name="GC Util" value="143" />
  <attribute name="CPU Util" value="39647992739849" />
  <attribute name="Time Running"value="1799"/>
  <attribute name="Number of cores"value="4"/>
<gc-start id="690" type="global" contextid="689" timestamp="2019-07-02T19:36:50.326">
  <mem-info id="691" free="130048" total="17367040" percent="0">
    <mem type="tenure" free="130048" total="17367040" percent="0">
      <mem type="soa" free="0" total="17193984" percent="0" />
      <mem type="loa" free="130048" total="173056" percent="75" />
    </mem>
  </mem-info>
</gc-start>
<allocation-stats totalBytes="12766200" >
  <allocated-bytes non-tlh="0" tlh="12766200" />
  <largest-consumer threadName="Thread-9" threadId="0000000000ABB500" bytes="4029952" />
</allocation-stats>
<gc-op id="692" type="mark" timems="2.359" contextid="689" timestamp="2019-07-02T19:36:50.328">
  <trace-info objectcount="67985" scancount="60408" scanbytes="2323412" />
  <finalization candidates="124" enqueued="0" />
  <ownableSynchronizers candidates="3" cleared="0" />
  <references type="soft" candidates="85" cleared="0" enqueued="0" dynamicThreshold="23" maxThreshold="32" />
  <references type="weak" candidates="776" cleared="0" enqueued="0" />
  <references type="phantom" candidates="63" cleared="0" enqueued="0" />
  <stringconstants candidates="4574" cleared="0"  />
</gc-op>
<gc-op id="693" type="sweep" timems="1.048" contextid="689" timestamp="2019-07-02T19:36:50.330" />
<heap-resize id="694" type="contract" space="tenure" amount="131072" count="1" timems="0.084" reason="excess free space following gc" timestamp="2019-07-02T19:36:50.330" />
<gc-end id="695" type="global" contextid="689" durationms="3.797" usertimems="4.000" systemtimems="4.000" timestamp="2019-07-02T19:36:50.330" activeThreads="4">
  <mem-info id="696" free="12730848" total="17235968" percent="73">
    <mem type="tenure" free="12730848" total="17235968" percent="73" micro-fragmented="221941">
      <mem type="soa" free="12638448" total="17063936" percent="74" />
      <mem type="loa" free="92400" total="172032" percent="53" />
    </mem>
  </mem-info>
</gc-end>
<cycle-end id="697" type="global" contextid="689" timestamp="2019-07-02T19:36:50.330">
  <attribute name="GC Util" value="189" />
  <attribute name="CPU Util" value="23336956634300" />
  <attribute name="Time Running"value="1817"/>
  <attribute name="Number of cores"value="4"/>
</cycle-end>
<allocation-satisfied id="698" threadId="0000000000ABB500" bytesRequested="40" />
<af-end id="699" timestamp="2019-07-02T19:36:50.330" threadId="0000000000ABBE88" success="true" />
<exclusive-end id="700" timestamp="2019-07-02T19:36:50.330" durationms="4.319" />

<concurrent-kickoff id="701" timestamp="2019-07-02T19:36:50.339">
  <kickoff reason="threshold reached" targetBytes="2171538" thresholdFreeBytes="295314" remainingFree="293792" tenureFreeBytes="287504" />
</concurrent-kickoff>
<exclusive-start id="702" timestamp="2019-07-02T19:36:50.339" intervalms="13.146">
  <response-info timems="0.080" idlems="0.050" threads="1" lastid="0000000000AB7900" lastname="Thread-7" />
</exclusive-start>
<cycle-start id="703" type="global" contextid="0" timestamp="2019-07-02T19:36:50.339" intervalms="12.956" />
  <attribute name="GC Util" value="189" />
  <attribute name="CPU Util" value="23336956634300" />
  <attribute name="Time Running"value="1817"/>
  <attribute name="Number of cores"value="4"/>
<exclusive-end id="704" timestamp="2019-07-02T19:36:50.339" durationms="0.093" />

<exclusive-start id="705" timestamp="2019-07-02T19:36:50.340" intervalms="1.164">
  <response-info timems="0.127" idlems="0.073" threads="1" lastid="0000000000ABB500" lastname="Thread-9" />
</exclusive-start>
<af-start id="706" threadId="0000000000AB8288" totalBytesRequested="24" timestamp="2019-07-02T19:36:50.340" intervalms="14.323" />
<gc-start id="707" type="global" contextid="703" timestamp="2019-07-02T19:36:50.340">
  <mem-info id="708" free="92400" total="17235968" percent="0">
    <mem type="tenure" free="92400" total="17235968" percent="0">
      <mem type="soa" free="0" total="17063936" percent="0" />
      <mem type="loa" free="92400" total="172032" percent="53" />
    </mem>
  </mem-info>
</gc-start>
<allocation-stats totalBytes="12628928" >
  <allocated-bytes non-tlh="0" tlh="12628928" />
  <largest-consumer threadName="Thread-9" threadId="0000000000ABB500" bytes="3653640" />
</allocation-stats>
<concurrent-halted id="709" timestamp="2019-07-02T19:36:50.340">
  <halted state="Class scanning incomplete" status="clean trace" />
  <traced bytesTarget="2171538" bytesTotal="1824248" bytesByMutator="1095072" bytesByHelper="729176" percent="84" />
  <cards cleaned="0" thresholdBytes="116335" />
</concurrent-halted>
<gc-op id="710" type="tracing" timems="0.352" contextid="703" timestamp="2019-07-02T19:36:50.341">
  <trace bytesTraced="142344" workStackOverflowCount="0" />
</gc-op>
<gc-op id="711" type="card-cleaning" timems="0.454" contextid="703" timestamp="2019-07-02T19:36:50.341">
  <card-cleaning cardsCleaned="23" bytesTraced="22020" workStackOverflowCount="0" />
</gc-op>
<gc-op id="712" type="mark" timems="1.350" contextid="703" timestamp="2019-07-02T19:36:50.343">
  <trace-info objectcount="7414" scancount="8881" scanbytes="299540" />
  <finalization candidates="124" enqueued="0" />
  <ownableSynchronizers candidates="3" cleared="0" />
  <references type="soft" candidates="85" cleared="0" enqueued="0" dynamicThreshold="23" maxThreshold="32" />
  <references type="weak" candidates="776" cleared="0" enqueued="0" />
  <references type="phantom" candidates="63" cleared="0" enqueued="0" />
  <stringconstants candidates="4574" cleared="0"  />
</gc-op>
<gc-op id="713" type="sweep" timems="1.079" contextid="703" timestamp="2019-07-02T19:36:50.344" />
<heap-resize id="714" type="contract" space="tenure" amount="131072" count="1" timems="0.098" reason="excess free space following gc" timestamp="2019-07-02T19:36:50.344" />
<gc-end id="715" type="global" contextid="703" durationms="3.898" usertimems="4.000" systemtimems="4.000" timestamp="2019-07-02T19:36:50.344" activeThreads="4">
  <mem-info id="716" free="12567040" total="17104896" percent="73">
    <mem type="tenure" free="12567040" total="17104896" percent="73" micro-fragmented="118600">
      <mem type="soa" free="12567040" total="16933888" percent="74" />
      <mem type="loa" free="0" total="171008" percent="0" />
    </mem>
  </mem-info>
</gc-end>
<cycle-end id="717" type="global" contextid="703" timestamp="2019-07-02T19:36:50.344">
  <attribute name="GC Util" value="188" />
  <attribute name="CPU Util" value="23230393039163" />
  <attribute name="Time Running"value="1831"/>
  <attribute name="Number of cores"value="4"/>
</cycle-end>
<allocation-satisfied id="718" threadId="0000000000AB7900" bytesRequested="24" />
<af-end id="719" timestamp="2019-07-02T19:36:50.344" threadId="0000000000AB8288" success="true" />
<exclusive-end id="720" timestamp="2019-07-02T19:36:50.344" durationms="4.501" />

<concurrent-kickoff id="721" timestamp="2019-07-02T19:36:50.354">
  <kickoff reason="threshold reached" targetBytes="2179968" thresholdFreeBytes="296401" remainingFree="291016" tenureFreeBytes="291016" />
</concurrent-kickoff>
<exclusive-start id="722" timestamp="2019-07-02T19:36:50.354" intervalms="13.596">
  <response-info timems="0.048" idlems="0.027" threads="1" lastid="0000000000AB0100" lastname="Thread-8" />
</exclusive-start>
<cycle-start id="723" type="global" contextid="0" timestamp="2019-07-02T19:36:50.354" intervalms="14.847" />
  <attribute name="GC Util" value="188" />
  <attribute name="CPU Util" value="23230393039163" />
  <attribute name="Time Running"value="1831"/>
  <attribute name="Number of cores"value="4"/>
<exclusive-end id="724" timestamp="2019-07-02T19:36:50.354" durationms="0.236" />

<exclusive-start id="725" timestamp="2019-07-02T19:36:50.355" intervalms="1.516">
  <response-info timems="0.023" idlems="0.023" threads="0" lastid="0000000000AB0100" lastname="Thread-8" />
</exclusive-start>
<concurrent-collection-start id="726" timestamp="2019-07-02T19:36:50.355" intervalms="78.456" >
  <concurrent-trace-info reason="card cleaning threshold reached" tracedByMutators="1073120" tracedByHelpers="588056" cardsCleaned="36" workStackOverflowCount="0" />
</concurrent-collection-start>
<gc-start id="727" type="global" contextid="723" timestamp="2019-07-02T19:36:50.355">
  <mem-info id="728" free="55448" total="17104896" percent="0">
    <mem type="tenure" free="55448" total="17104896" percent="0">
      <mem type="soa" free="55448" total="16933888" percent="0" />
      <mem type="loa" free="0" total="171008" percent="0" />
    </mem>
  </mem-info>
</gc-start>
<allocation-stats totalBytes="12494472" >
  <allocated-bytes non-tlh="19056" tlh="12475416" />
  <largest-consumer threadName="Thread-10" threadId="0000000000AB3D00" bytes="3405488" />
</allocation-stats>
<gc-op id="729" type="card-cleaning" timems="0.411" contextid="723" timestamp="2019-07-02T19:36:50.356">
  <card-cleaning cardsCleaned="8" bytesTraced="2260" workStackOverflowCount="0" />
</gc-op>
<gc-op id="730" type="mark" timems="1.429" contextid="723" timestamp="2019-07-02T19:36:50.357">
  <trace-info objectcount="10309" scancount="10530" scanbytes="415588" />
  <finalization candidates="124" enqueued="0" />
  <ownableSynchronizers candidates="3" cleared="0" />
  <references type="soft" candidates="85" cleared="1" enqueued="0" dynamicThreshold="23" maxThreshold="32" />
  <references type="weak" candidates="776" cleared="0" enqueued="0" />
  <references type="phantom" candidates="63" cleared="0" enqueued="0" />
  <stringconstants candidates="4574" cleared="0"  />
</gc-op>
<gc-op id="731" type="sweep" timems="0.913" contextid="723" timestamp="2019-07-02T19:36:50.358" />
<mem-info id="732" free="13021576" total="17104896" percent="76">
  <mem type="tenure" free="13021576" total="17104896" percent="76" micro-fragmented="38756">
    <mem type="soa" free="12955264" total="16933888" percent="76" />
    <mem type="loa" free="66312" total="171008" percent="38" />
  </mem>
</mem-info>
<gc-op id="733" type="compact" timems="10.479" contextid="723" timestamp="2019-07-02T19:36:50.369">
  <compact-info movecount="53031" movebytes="3624104" reason="compact to aid heap contraction" />
</gc-op>
<heap-resize id="734" type="contract" space="tenure" amount="131072" count="1" timems="0.070" reason="excess free space following gc" timestamp="2019-07-02T19:36:50.369" />
<gc-end id="735" type="global" contextid="723" durationms="13.780" usertimems="24.000" systemtimems="0.000" timestamp="2019-07-02T19:36:50.369" activeThreads="4">
  <mem-info id="736" free="13024520" total="16973824" percent="76">
    <mem type="tenure" free="13024520" total="16973824" percent="76">
      <mem type="soa" free="12895496" total="16804864" percent="76" />
      <mem type="loa" free="129024" total="168960" percent="76" />
    </mem>
  </mem-info>
</gc-end>
<cycle-end id="737" type="global" contextid="723" timestamp="2019-07-02T19:36:50.369">
  <attribute name="GC Util" value="132" />
  <attribute name="CPU Util" value="47249428918659" />
  <attribute name="Time Running"value="1846"/>
  <attribute name="Number of cores"value="4"/>
</cycle-end>
<concurrent-collection-end id="738" timestamp="2019-07-02T19:36:50.369" />
<exclusive-end id="739" timestamp="2019-07-02T19:36:50.369" durationms="14.051" />

<concurrent-kickoff id="740" timestamp="2019-07-02T19:36:50.379">
  <kickoff reason="threshold reached" targetBytes="2038699" thresholdFreeBytes="279220" remainingFree="269576" tenureFreeBytes="269576" />
</concurrent-kickoff>
<exclusive-start id="741" timestamp="2019-07-02T19:36:50.379" intervalms="24.230">
  <response-info timems="0.047" idlems="0.047" threads="0" lastid="0000000000AB0100" lastname="Thread-8" />
</exclusive-start>
<cycle-start id="742" type="global" contextid="0" timestamp="2019-07-02T19:36:50.379" intervalms="25.657" />
  <attribute name="GC Util" value="132" />
  <attribute name="CPU Util" value="47249428918659" />
  <attribute name="Time Running"value="1846"/>
  <attribute name="Number of cores"value="4"/>
<exclusive-end id="743" timestamp="2019-07-02T19:36:50.379" durationms="0.111" />

<exclusive-start id="744" timestamp="2019-07-02T19:36:50.380" intervalms="0.466">
  <response-info timems="0.023" idlems="0.023" threads="0" lastid="0000000000AB3D00" lastname="Thread-10" />
</exclusive-start>
<af-start id="745" threadId="0000000000AB4688" totalBytesRequested="40" timestamp="2019-07-02T19:36:50.380" intervalms="39.804" />
<concurrent-aborted id="746" timestamp="2019-07-02T19:36:50.380">
  <reason value="insufficient progress made" />
</concurrent-aborted>
<cycle-end id="747" type="global" contextid="742" timestamp="2019-07-02T19:36:50.380">
  <attribute name="GC Util" value="132" />
  <attribute name="CPU Util" value="47249428918659" />
  <attribute name="Time Running"value="1846"/>
  <attribute name="Number of cores"value="4"/>
</cycle-end>
<cycle-start id="748" type="global" contextid="0" timestamp="2019-07-02T19:36:50.380" intervalms="0.657" />
  <attribute name="GC Util" value="132" />
  <attribute name="CPU Util" value="47249428918659" />
  <attribute name="Time Running"value="1846"/>
  <attribute name="Number of cores"value="4"/>
<gc-start id="749" type="global" contextid="748" timestamp="2019-07-02T19:36:50.380">
  <mem-info id="750" free="129024" total="16973824" percent="0">
    <mem type="tenure" free="129024" total="16973824" percent="0">
      <mem type="soa" free="0" total="16804864" percent="0" />
      <mem type="loa" free="129024" total="168960" percent="76" />
    </mem>
  </mem-info>
</gc-start>
<allocation-stats totalBytes="12893800" >
  <allocated-bytes non-tlh="0" tlh="12893800" />
  <largest-consumer threadName="Thread-8" threadId="0000000000AB0100" bytes="4292112" />
</allocation-stats>
<gc-op id="751" type="mark" timems="1.127" contextid="748" timestamp="2019-07-02T19:36:50.381">
  <trace-info objectcount="64856" scancount="57285" scanbytes="2248028" />
  <finalization candidates="124" enqueued="0" />
  <ownableSynchronizers candidates="3" cleared="0" />
  <references type="soft" candidates="84" cleared="0" enqueued="0" dynamicThreshold="24" maxThreshold="32" />
  <references type="weak" candidates="776" cleared="0" enqueued="0" />
  <references type="phantom" candidates="63" cleared="0" enqueued="0" />
  <stringconstants candidates="4574" cleared="0"  />
</gc-op>
<gc-op id="752" type="sweep" timems="0.355" contextid="748" timestamp="2019-07-02T19:36:50.382" />
<heap-resize id="753" type="contract" space="tenure" amount="131072" count="1" timems="0.102" reason="excess free space following gc" timestamp="2019-07-02T19:36:50.382" />
<gc-end id="754" type="global" contextid="748" durationms="1.922" usertimems="4.000" systemtimems="0.000" timestamp="2019-07-02T19:36:50.382" activeThreads="4">
  <mem-info id="755" free="12627288" total="16842752" percent="74">
    <mem type="tenure" free="12627288" total="16842752" percent="74" micro-fragmented="2312">
      <mem type="soa" free="12518432" total="16674816" percent="75" />
      <mem type="loa" free="108856" total="167936" percent="64" />
    </mem>
  </mem-info>
</gc-end>
<cycle-end id="756" type="global" contextid="748" timestamp="2019-07-02T19:36:50.382">
  <attribute name="GC Util" value="29" />
  <attribute name="CPU Util" value="77420148912964" />
  <attribute name="Time Running"value="1870"/>
  <attribute name="Number of cores"value="4"/>
</cycle-end>
<allocation-satisfied id="757" threadId="0000000000AB3D00" bytesRequested="40" />
<af-end id="758" timestamp="2019-07-02T19:36:50.382" threadId="0000000000AB4688" success="true" />
<exclusive-end id="759" timestamp="2019-07-02T19:36:50.382" durationms="2.513" />

<concurrent-kickoff id="760" timestamp="2019-07-02T19:36:50.392">
  <kickoff reason="threshold reached" targetBytes="2022956" thresholdFreeBytes="277065" remainingFree="265904" tenureFreeBytes="248304" />
</concurrent-kickoff>
<exclusive-start id="761" timestamp="2019-07-02T19:36:50.393" intervalms="13.321">
  <response-info timems="0.770" idlems="0.733" threads="1" lastid="0000000000AB3D00" lastname="Thread-10" />
</exclusive-start>
<cycle-start id="762" type="global" contextid="0" timestamp="2019-07-02T19:36:50.393" intervalms="13.130" />
  <attribute name="GC Util" value="29" />
  <attribute name="CPU Util" value="77420148912964" />
  <attribute name="Time Running"value="1870"/>
  <attribute name="Number of cores"value="4"/>
<exclusive-end id="763" timestamp="2019-07-02T19:36:50.393" durationms="0.111" />

<exclusive-start id="764" timestamp="2019-07-02T19:36:50.394" intervalms="0.725">
  <response-info timems="0.031" idlems="0.031" threads="0" lastid="0000000000AB7900" lastname="Thread-7" />
</exclusive-start>
<af-start id="765" threadId="0000000000AB8288" totalBytesRequested="40" timestamp="2019-07-02T19:36:50.394" intervalms="14.046" />
<gc-start id="766" type="global" contextid="762" timestamp="2019-07-02T19:36:50.394">
  <mem-info id="767" free="108856" total="16842752" percent="0">
    <mem type="tenure" free="108856" total="16842752" percent="0">
      <mem type="soa" free="0" total="16674816" percent="0" />
      <mem type="loa" free="108856" total="167936" percent="64" />
    </mem>
  </mem-info>
</gc-start>
<allocation-stats totalBytes="12508408" >
  <allocated-bytes non-tlh="0" tlh="12508408" />
  <largest-consumer threadName="Thread-8" threadId="0000000000AB0100" bytes="4361512" />
</allocation-stats>
<concurrent-halted id="768" timestamp="2019-07-02T19:36:50.394">
  <halted state="Class scanning incomplete" status="clean trace" />
  <traced bytesTarget="2022956" bytesTotal="1302504" bytesByMutator="832724" bytesByHelper="469780" percent="64" />
  <cards cleaned="0" thresholdBytes="109146" />
</concurrent-halted>
<gc-op id="769" type="tracing" timems="0.563" contextid="762" timestamp="2019-07-02T19:36:50.395">
  <trace bytesTraced="665392" workStackOverflowCount="0" />
</gc-op>
<gc-op id="770" type="card-cleaning" timems="0.423" contextid="762" timestamp="2019-07-02T19:36:50.395">
  <card-cleaning cardsCleaned="29" bytesTraced="25984" workStackOverflowCount="0" />
</gc-op>
<gc-op id="771" type="mark" timems="1.212" contextid="762" timestamp="2019-07-02T19:36:50.396">
  <trace-info objectcount="12929" scancount="10478" scanbytes="318540" />
  <finalization candidates="124" enqueued="0" />
  <ownableSynchronizers candidates="3" cleared="0" />
  <references type="soft" candidates="84" cleared="0" enqueued="0" dynamicThreshold="23" maxThreshold="32" />
  <references type="weak" candidates="776" cleared="0" enqueued="0" />
  <references type="phantom" candidates="63" cleared="0" enqueued="0" />
  <stringconstants candidates="4574" cleared="0"  />
</gc-op>
<gc-op id="772" type="sweep" timems="0.932" contextid="762" timestamp="2019-07-02T19:36:50.397" />
<heap-resize id="773" type="contract" space="tenure" amount="131072" count="1" timems="0.074" reason="excess free space following gc" timestamp="2019-07-02T19:36:50.398" />
<gc-end id="774" type="global" contextid="762" durationms="3.671" usertimems="4.000" systemtimems="4.000" timestamp="2019-07-02T19:36:50.398" activeThreads="4">
  <mem-info id="775" free="12293880" total="16711680" percent="73">
    <mem type="tenure" free="12293880" total="16711680" percent="73" micro-fragmented="22294">
      <mem type="soa" free="12293880" total="16544768" percent="74" />
      <mem type="loa" free="0" total="166912" percent="0" />
    </mem>
  </mem-info>
</gc-end>
<cycle-end id="776" type="global" contextid="762" timestamp="2019-07-02T19:36:50.398">
  <attribute name="GC Util" value="180" />
  <attribute name="CPU Util" value="28427670847158" />
  <attribute name="Time Running"value="1885"/>
  <attribute name="Number of cores"value="4"/>
</cycle-end>
<allocation-satisfied id="777" threadId="0000000000AB7900" bytesRequested="40" />
<af-end id="778" timestamp="2019-07-02T19:36:50.398" threadId="0000000000AB8288" success="true" />
<exclusive-end id="779" timestamp="2019-07-02T19:36:50.398" durationms="4.023" />

<concurrent-kickoff id="780" timestamp="2019-07-02T19:36:50.406">
  <kickoff reason="threshold reached" targetBytes="1898514" thresholdFreeBytes="260295" remainingFree="255216" tenureFreeBytes="247600" />
</concurrent-kickoff>
<exclusive-start id="781" timestamp="2019-07-02T19:36:50.407" intervalms="12.688">
  <response-info timems="0.099" idlems="0.059" threads="1" lastid="0000000000AB3D00" lastname="Thread-10" />
</exclusive-start>
<cycle-start id="782" type="global" contextid="0" timestamp="2019-07-02T19:36:50.407" intervalms="13.417" />
  <attribute name="GC Util" value="180" />
  <attribute name="CPU Util" value="28427670847158" />
  <attribute name="Time Running"value="1885"/>
  <attribute name="Number of cores"value="4"/>
<exclusive-end id="783" timestamp="2019-07-02T19:36:50.407" durationms="0.099" />

<exclusive-start id="784" timestamp="2019-07-02T19:36:50.408" intervalms="1.340">
  <response-info timems="0.121" idlems="0.070" threads="1" lastid="0000000000AB3D00" lastname="Thread-10" />
</exclusive-start>
<af-start id="785" threadId="0000000000AB8288" totalBytesRequested="40" timestamp="2019-07-02T19:36:50.408" intervalms="14.026" />
<gc-start id="786" type="global" contextid="782" timestamp="2019-07-02T19:36:50.408">
  <mem-info id="787" free="0" total="16711680" percent="0">
    <mem type="tenure" free="0" total="16711680" percent="0">
      <mem type="soa" free="0" total="16544768" percent="0" />
      <mem type="loa" free="0" total="166912" percent="0" />
    </mem>
  </mem-info>
</gc-start>
<allocation-stats totalBytes="12273208" >
  <allocated-bytes non-tlh="0" tlh="12273208" />
  <largest-consumer threadName="Thread-8" threadId="0000000000AB0100" bytes="3728920" />
</allocation-stats>
<concurrent-halted id="788" timestamp="2019-07-02T19:36:50.408">
  <halted state="Class scanning incomplete" status="clean trace" />
  <traced bytesTarget="1898514" bytesTotal="2114152" bytesByMutator="1509036" bytesByHelper="605116" percent="111" />
  <cards cleaned="38" thresholdBytes="102540" />
</concurrent-halted>
<gc-op id="789" type="tracing" timems="0.337" contextid="782" timestamp="2019-07-02T19:36:50.408">
  <trace bytesTraced="125920" workStackOverflowCount="0" />
</gc-op>
<gc-op id="790" type="card-cleaning" timems="0.435" contextid="782" timestamp="2019-07-02T19:36:50.409">
  <card-cleaning cardsCleaned="9" bytesTraced="4132" workStackOverflowCount="0" />
</gc-op>
<gc-op id="791" type="mark" timems="1.411" contextid="782" timestamp="2019-07-02T19:36:50.410">
  <trace-info objectcount="4950" scancount="4651" scanbytes="123620" />
  <finalization candidates="124" enqueued="0" />
  <ownableSynchronizers candidates="3" cleared="0" />
  <references type="soft" candidates="84" cleared="0" enqueued="0" dynamicThreshold="23" maxThreshold="32" />
  <references type="weak" candidates="776" cleared="0" enqueued="0" />
  <references type="phantom" candidates="63" cleared="0" enqueued="0" />
  <stringconstants candidates="4574" cleared="0"  />
</gc-op>
<gc-op id="792" type="sweep" timems="1.141" contextid="782" timestamp="2019-07-02T19:36:50.412" />
<mem-info id="793" free="12184176" total="16711680" percent="72">
  <mem type="tenure" free="12184176" total="16711680" percent="72" micro-fragmented="50094">
    <mem type="soa" free="12184176" total="16544768" percent="73" />
    <mem type="loa" free="0" total="166912" percent="0" />
  </mem>
</mem-info>
<gc-op id="794" type="compact" timems="5.315" contextid="782" timestamp="2019-07-02T19:36:50.417">
  <compact-info movecount="22629" movebytes="957624" reason="compact to aid heap contraction" />
</gc-op>
<heap-resize id="795" type="contract" space="tenure" amount="131072" count="1" timems="0.087" reason="excess free space following gc" timestamp="2019-07-02T19:36:50.417" />
<gc-end id="796" type="global" contextid="782" durationms="9.482" usertimems="16.000" systemtimems="4.000" timestamp="2019-07-02T19:36:50.417" activeThreads="4">
  <mem-info id="797" free="12245592" total="16580608" percent="73">
    <mem type="tenure" free="12245592" total="16580608" percent="73">
      <mem type="soa" free="12116568" total="16415744" percent="73" />
      <mem type="loa" free="129024" total="164864" percent="78" />
    </mem>
  </mem-info>
</gc-end>
<cycle-end id="798" type="global" contextid="782" timestamp="2019-07-02T19:36:50.418">
  <attribute name="GC Util" value="141" />
  <attribute name="CPU Util" value="41413247033925" />
  <attribute name="Time Running"value="1900"/>
  <attribute name="Number of cores"value="4"/>
</cycle-end>
<allocation-satisfied id="799" threadId="0000000000AB7900" bytesRequested="40" />
<af-end id="800" timestamp="2019-07-02T19:36:50.418" threadId="0000000000AB8288" success="true" />
<exclusive-end id="801" timestamp="2019-07-02T19:36:50.418" durationms="10.191" />

<concurrent-kickoff id="802" timestamp="2019-07-02T19:36:50.426">
  <kickoff reason="threshold reached" targetBytes="1995584" thresholdFreeBytes="273307" remainingFree="252504" tenureFreeBytes="252504" />
</concurrent-kickoff>
<exclusive-start id="803" timestamp="2019-07-02T19:36:50.429" intervalms="20.998">
  <response-info timems="2.555" idlems="1.701" threads="2" lastid="0000000000AB3D00" lastname="Thread-10" />
</exclusive-start>
<cycle-start id="804" type="global" contextid="0" timestamp="2019-07-02T19:36:50.429" intervalms="22.346" />
  <attribute name="GC Util" value="141" />
  <attribute name="CPU Util" value="41413247033925" />
  <attribute name="Time Running"value="1900"/>
  <attribute name="Number of cores"value="4"/>
<exclusive-end id="805" timestamp="2019-07-02T19:36:50.429" durationms="0.117" />

<exclusive-start id="806" timestamp="2019-07-02T19:36:50.429" intervalms="0.483">
  <response-info timems="0.035" idlems="0.035" threads="0" lastid="0000000000ABB500" lastname="Thread-9" />
</exclusive-start>
<af-start id="807" threadId="0000000000ABBE88" totalBytesRequested="40" timestamp="2019-07-02T19:36:50.429" intervalms="21.494" />
<concurrent-aborted id="808" timestamp="2019-07-02T19:36:50.430">
  <reason value="insufficient progress made" />
</concurrent-aborted>
<cycle-end id="809" type="global" contextid="804" timestamp="2019-07-02T19:36:50.430">
  <attribute name="GC Util" value="141" />
  <attribute name="CPU Util" value="41413247033925" />
  <attribute name="Time Running"value="1900"/>
  <attribute name="Number of cores"value="4"/>
</cycle-end>
<cycle-start id="810" type="global" contextid="0" timestamp="2019-07-02T19:36:50.430" intervalms="0.714" />
  <attribute name="GC Util" value="141" />
  <attribute name="CPU Util" value="41413247033925" />
  <attribute name="Time Running"value="1900"/>
  <attribute name="Number of cores"value="4"/>
<gc-start id="811" type="global" contextid="810" timestamp="2019-07-02T19:36:50.430">
  <mem-info id="812" free="129024" total="16580608" percent="0">
    <mem type="tenure" free="129024" total="16580608" percent="0">
      <mem type="soa" free="0" total="16415744" percent="0" />
      <mem type="loa" free="129024" total="164864" percent="78" />
    </mem>
  </mem-info>
</gc-start>
<allocation-stats totalBytes="12180448" >
  <allocated-bytes non-tlh="0" tlh="12180448" />
  <largest-consumer threadName="Thread-8" threadId="0000000000AB0100" bytes="4030040" />
</allocation-stats>
<gc-op id="813" type="mark" timems="2.104" contextid="810" timestamp="2019-07-02T19:36:50.432">
  <trace-info objectcount="69998" scancount="62429" scanbytes="2371548" />
  <finalization candidates="124" enqueued="0" />
  <ownableSynchronizers candidates="3" cleared="0" />
  <references type="soft" candidates="84" cleared="0" enqueued="0" dynamicThreshold="23" maxThreshold="32" />
  <references type="weak" candidates="776" cleared="0" enqueued="0" />
  <references type="phantom" candidates="63" cleared="0" enqueued="0" />
  <stringconstants candidates="4574" cleared="0"  />
</gc-op>
<gc-op id="814" type="sweep" timems="1.117" contextid="810" timestamp="2019-07-02T19:36:50.433" />
<heap-resize id="815" type="contract" space="tenure" amount="131072" count="1" timems="0.089" reason="excess free space following gc" timestamp="2019-07-02T19:36:50.433" />
<gc-end id="816" type="global" contextid="810" durationms="3.657" usertimems="8.000" systemtimems="0.000" timestamp="2019-07-02T19:36:50.433" activeThreads="4">
  <mem-info id="817" free="12005472" total="16449536" percent="72">
    <mem type="tenure" free="12005472" total="16449536" percent="72" micro-fragmented="15195">
      <mem type="soa" free="12005472" total="16285696" percent="73" />
      <mem type="loa" free="0" total="163840" percent="0" />
    </mem>
  </mem-info>
</gc-end>
<cycle-end id="818" type="global" contextid="810" timestamp="2019-07-02T19:36:50.433">
  <attribute name="GC Util" value="149" />
  <attribute name="CPU Util" value="21713138282380" />
  <attribute name="Time Running"value="1921"/>
  <attribute name="Number of cores"value="4"/>
</cycle-end>
<allocation-satisfied id="819" threadId="0000000000ABB500" bytesRequested="40" />
<af-end id="820" timestamp="2019-07-02T19:36:50.434" threadId="0000000000ABBE88" success="true" />
<exclusive-end id="821" timestamp="2019-07-02T19:36:50.434" durationms="4.248" />

<concurrent-kickoff id="822" timestamp="2019-07-02T19:36:50.441">
  <kickoff reason="threshold reached" targetBytes="1979809" thresholdFreeBytes="271145" remainingFree="264928" tenureFreeBytes="264928" />
</concurrent-kickoff>
<exclusive-start id="823" timestamp="2019-07-02T19:36:50.441" intervalms="11.996">
  <response-info timems="0.059" idlems="0.039" threads="1" lastid="0000000000AB3D00" lastname="Thread-10" />
</exclusive-start>
<cycle-start id="824" type="global" contextid="0" timestamp="2019-07-02T19:36:50.441" intervalms="11.763" />
  <attribute name="GC Util" value="149" />
  <attribute name="CPU Util" value="21713138282380" />
  <attribute name="Time Running"value="1921"/>
  <attribute name="Number of cores"value="4"/>
<exclusive-end id="825" timestamp="2019-07-02T19:36:50.441" durationms="0.115" />

<exclusive-start id="826" timestamp="2019-07-02T19:36:50.443" intervalms="1.530">
  <response-info timems="0.027" idlems="0.027" threads="0" lastid="0000000000AB0100" lastname="Thread-8" />
</exclusive-start>
<af-start id="827" threadId="0000000000AB0A88" totalBytesRequested="40" timestamp="2019-07-02T19:36:50.443" intervalms="13.502" />
<gc-start id="828" type="global" contextid="824" timestamp="2019-07-02T19:36:50.443">
  <mem-info id="829" free="0" total="16449536" percent="0">
    <mem type="tenure" free="0" total="16449536" percent="0">
      <mem type="soa" free="0" total="16285696" percent="0" />
      <mem type="loa" free="0" total="163840" percent="0" />
    </mem>
  </mem-info>
</gc-start>
<allocation-stats totalBytes="11995184" >
  <allocated-bytes non-tlh="0" tlh="11995184" />
  <largest-consumer threadName="Thread-9" threadId="0000000000ABB500" bytes="3700464" />
</allocation-stats>
<concurrent-halted id="830" timestamp="2019-07-02T19:36:50.443">
  <halted state="Class scanning incomplete" status="clean trace" />
  <traced bytesTarget="1979809" bytesTotal="1788420" bytesByMutator="1251408" bytesByHelper="537012" percent="90" />
  <cards cleaned="20" thresholdBytes="106814" />
</concurrent-halted>
<gc-op id="831" type="tracing" timems="0.331" contextid="824" timestamp="2019-07-02T19:36:50.443">
  <trace bytesTraced="94248" workStackOverflowCount="0" />
</gc-op>
<gc-op id="832" type="card-cleaning" timems="0.411" contextid="824" timestamp="2019-07-02T19:36:50.444">
  <card-cleaning cardsCleaned="19" bytesTraced="5316" workStackOverflowCount="0" />
</gc-op>
<gc-op id="833" type="mark" timems="1.397" contextid="824" timestamp="2019-07-02T19:36:50.445">
  <trace-info objectcount="15731" scancount="15315" scanbytes="554144" />
  <finalization candidates="124" enqueued="0" />
  <ownableSynchronizers candidates="3" cleared="0" />
  <references type="soft" candidates="84" cleared="0" enqueued="0" dynamicThreshold="23" maxThreshold="32" />
  <references type="weak" candidates="776" cleared="0" enqueued="0" />
  <references type="phantom" candidates="63" cleared="0" enqueued="0" />
  <stringconstants candidates="4574" cleared="0"  />
</gc-op>
<gc-op id="834" type="sweep" timems="1.245" contextid="824" timestamp="2019-07-02T19:36:50.447" />
<heap-resize id="835" type="contract" space="tenure" amount="65536" count="1" timems="0.104" reason="excess free space following gc" timestamp="2019-07-02T19:36:50.447" />
<gc-end id="836" type="global" contextid="824" durationms="3.881" usertimems="8.000" systemtimems="4.000" timestamp="2019-07-02T19:36:50.447" activeThreads="4">
  <mem-info id="837" free="11866448" total="16384000" percent="72">
    <mem type="tenure" free="11866448" total="16384000" percent="72" micro-fragmented="38414">
      <mem type="soa" free="11866448" total="16220160" percent="73" />
      <mem type="loa" free="0" total="163840" percent="0" />
    </mem>
  </mem-info>
</gc-end>
<cycle-end id="838" type="global" contextid="824" timestamp="2019-07-02T19:36:50.447">
  <attribute name="GC Util" value="162" />
  <attribute name="CPU Util" value="22797625214068" />
  <attribute name="Time Running"value="1934"/>
  <attribute name="Number of cores"value="4"/>
</cycle-end>
<allocation-satisfied id="839" threadId="0000000000AB0100" bytesRequested="40" />
<af-end id="840" timestamp="2019-07-02T19:36:50.447" threadId="0000000000AB0A88" success="true" />
<exclusive-end id="841" timestamp="2019-07-02T19:36:50.447" durationms="4.154" />

<concurrent-kickoff id="842" timestamp="2019-07-02T19:36:50.456">
  <kickoff reason="threshold reached" targetBytes="1983133" thresholdFreeBytes="271572" remainingFree="267424" tenureFreeBytes="267424" />
</concurrent-kickoff>
<exclusive-start id="843" timestamp="2019-07-02T19:36:50.456" intervalms="13.330">
  <response-info timems="0.048" idlems="0.048" threads="0" lastid="0000000000ABB500" lastname="Thread-9" />
</exclusive-start>
<cycle-start id="844" type="global" contextid="0" timestamp="2019-07-02T19:36:50.456" intervalms="14.866" />
  <attribute name="GC Util" value="162" />
  <attribute name="CPU Util" value="22797625214068" />
  <attribute name="Time Running"value="1934"/>
  <attribute name="Number of cores"value="4"/>
<exclusive-end id="845" timestamp="2019-07-02T19:36:50.456" durationms="0.126" />

<exclusive-start id="846" timestamp="2019-07-02T19:36:50.458" intervalms="1.637">
  <response-info timems="0.031" idlems="0.019" threads="1" lastid="0000000000769B00" lastname="JIT Compilation Thread-2" />
</exclusive-start>
<af-start id="847" threadId="0000000000AB4688" totalBytesRequested="24" timestamp="2019-07-02T19:36:50.458" intervalms="14.981" />
<gc-start id="848" type="global" contextid="844" timestamp="2019-07-02T19:36:50.458">
  <mem-info id="849" free="0" total="16384000" percent="0">
    <mem type="tenure" free="0" total="16384000" percent="0">
      <mem type="soa" free="0" total="16220160" percent="0" />
      <mem type="loa" free="0" total="163840" percent="0" />
    </mem>
  </mem-info>
</gc-start>
<allocation-stats totalBytes="11847184" >
  <allocated-bytes non-tlh="0" tlh="11847184" />
  <largest-consumer threadName="Thread-9" threadId="0000000000ABB500" bytes="4468936" />
</allocation-stats>
<concurrent-halted id="850" timestamp="2019-07-02T19:36:50.458">
  <halted state="Class scanning incomplete" status="clean trace" />
  <traced bytesTarget="1983133" bytesTotal="2235596" bytesByMutator="1443940" bytesByHelper="791656" percent="112" />
  <cards cleaned="26" thresholdBytes="106982" />
</concurrent-halted>
<gc-op id="851" type="tracing" timems="0.137" contextid="844" timestamp="2019-07-02T19:36:50.458">
  <trace bytesTraced="44296" workStackOverflowCount="0" />
</gc-op>
<gc-op id="852" type="card-cleaning" timems="0.087" contextid="844" timestamp="2019-07-02T19:36:50.458">
  <card-cleaning cardsCleaned="15" bytesTraced="5236" workStackOverflowCount="0" />
</gc-op>
<gc-op id="853" type="mark" timems="0.598" contextid="844" timestamp="2019-07-02T19:36:50.459">
  <trace-info objectcount="5702" scancount="6042" scanbytes="182904" />
  <finalization candidates="124" enqueued="0" />
  <ownableSynchronizers candidates="3" cleared="0" />
  <references type="soft" candidates="84" cleared="0" enqueued="0" dynamicThreshold="23" maxThreshold="32" />
  <references type="weak" candidates="776" cleared="0" enqueued="0" />
  <references type="phantom" candidates="63" cleared="0" enqueued="0" />
  <stringconstants candidates="4574" cleared="0"  />
</gc-op>
<gc-op id="854" type="sweep" timems="0.457" contextid="844" timestamp="2019-07-02T19:36:50.460" />
<mem-info id="855" free="11771528" total="16384000" percent="71">
  <mem type="tenure" free="11771528" total="16384000" percent="71" micro-fragmented="9257">
    <mem type="soa" free="11771528" total="16220160" percent="72" />
    <mem type="loa" free="0" total="163840" percent="0" />
  </mem>
</mem-info>
<gc-op id="856" type="compact" timems="3.780" contextid="844" timestamp="2019-07-02T19:36:50.464">
  <compact-info movecount="12128" movebytes="386784" reason="compact to aid heap contraction" />
</gc-op>
<heap-resize id="857" type="contract" space="tenure" amount="131072" count="1" timems="0.074" reason="excess free space following gc" timestamp="2019-07-02T19:36:50.464" />
<gc-end id="858" type="global" contextid="844" durationms="5.927" usertimems="8.000" systemtimems="0.000" timestamp="2019-07-02T19:36:50.464" activeThreads="4">
  <mem-info id="859" free="11828872" total="16252928" percent="72">
    <mem type="tenure" free="11828872" total="16252928" percent="72">
      <mem type="soa" free="11699848" total="16091136" percent="72" />
      <mem type="loa" free="129024" total="161792" percent="79" />
    </mem>
  </mem-info>
</gc-end>
<cycle-end id="860" type="global" contextid="844" timestamp="2019-07-02T19:36:50.464">
  <attribute name="GC Util" value="9" />
  <attribute name="CPU Util" value="62445182534265" />
  <attribute name="Time Running"value="1948"/>
  <attribute name="Number of cores"value="4"/>
</cycle-end>
<allocation-satisfied id="861" threadId="0000000000AB3D00" bytesRequested="24" />
<af-end id="862" timestamp="2019-07-02T19:36:50.464" threadId="0000000000AB4688" success="true" />
<exclusive-end id="863" timestamp="2019-07-02T19:36:50.464" durationms="6.407" />

<concurrent-kickoff id="864" timestamp="2019-07-02T19:36:50.478">
  <kickoff reason="threshold reached" targetBytes="2082441" thresholdFreeBytes="284884" remainingFree="229000" tenureFreeBytes="229000" />
</concurrent-kickoff>
<exclusive-start id="865" timestamp="2019-07-02T19:36:50.478" intervalms="20.641">
  <response-info timems="0.026" idlems="0.026" threads="0" lastid="0000000000ABB500" lastname="Thread-9" />
</exclusive-start>
<cycle-start id="866" type="global" contextid="0" timestamp="2019-07-02T19:36:50.479" intervalms="22.338" />
  <attribute name="GC Util" value="9" />
  <attribute name="CPU Util" value="62445182534265" />
  <attribute name="Time Running"value="1948"/>
  <attribute name="Number of cores"value="4"/>
<exclusive-end id="867" timestamp="2019-07-02T19:36:50.479" durationms="0.246" />

<exclusive-start id="868" timestamp="2019-07-02T19:36:50.479" intervalms="0.620">
  <response-info timems="0.027" idlems="0.027" threads="0" lastid="0000000000AB7900" lastname="Thread-7" />
</exclusive-start>
<af-start id="869" threadId="0000000000AB8288" totalBytesRequested="40" timestamp="2019-07-02T19:36:50.479" intervalms="21.328" />
<concurrent-aborted id="870" timestamp="2019-07-02T19:36:50.479">
  <reason value="insufficient progress made" />
</concurrent-aborted>
<cycle-end id="871" type="global" contextid="866" timestamp="2019-07-02T19:36:50.479">
  <attribute name="GC Util" value="9" />
  <attribute name="CPU Util" value="62445182534265" />
  <attribute name="Time Running"value="1948"/>
  <attribute name="Number of cores"value="4"/>
</cycle-end>
<cycle-start id="872" type="global" contextid="0" timestamp="2019-07-02T19:36:50.480" intervalms="0.934" />
  <attribute name="GC Util" value="9" />
  <attribute name="CPU Util" value="62445182534265" />
  <attribute name="Time Running"value="1948"/>
  <attribute name="Number of cores"value="4"/>
<gc-start id="873" type="global" contextid="872" timestamp="2019-07-02T19:36:50.480">
  <mem-info id="874" free="129024" total="16252928" percent="0">
    <mem type="tenure" free="129024" total="16252928" percent="0">
      <mem type="soa" free="0" total="16091136" percent="0" />
      <mem type="loa" free="129024" total="161792" percent="79" />
    </mem>
  </mem-info>
</gc-start>
<allocation-stats totalBytes="11763976" >
  <allocated-bytes non-tlh="0" tlh="11763976" />
  <largest-consumer threadName="Thread-9" threadId="0000000000ABB500" bytes="4161056" />
</allocation-stats>
<gc-op id="875" type="mark" timems="2.363" contextid="872" timestamp="2019-07-02T19:36:50.482">
  <trace-info objectcount="73661" scancount="66097" scanbytes="2459212" />
  <finalization candidates="124" enqueued="0" />
  <ownableSynchronizers candidates="3" cleared="0" />
  <references type="soft" candidates="84" cleared="0" enqueued="0" dynamicThreshold="23" maxThreshold="32" />
  <references type="weak" candidates="776" cleared="0" enqueued="0" />
  <references type="phantom" candidates="63" cleared="0" enqueued="0" />
  <stringconstants candidates="4574" cleared="0"  />
</gc-op>
<gc-op id="876" type="sweep" timems="1.035" contextid="872" timestamp="2019-07-02T19:36:50.483" />
<heap-resize id="877" type="contract" space="tenure" amount="131072" count="1" timems="0.104" reason="excess free space following gc" timestamp="2019-07-02T19:36:50.483" />
<gc-end id="878" type="global" contextid="872" durationms="3.874" usertimems="12.000" systemtimems="0.000" timestamp="2019-07-02T19:36:50.483" activeThreads="4">
  <mem-info id="879" free="11597032" total="16121856" percent="71">
    <mem type="tenure" free="11597032" total="16121856" percent="71" micro-fragmented="15621">
      <mem type="soa" free="11597032" total="15961088" percent="72" />
      <mem type="loa" free="0" total="160768" percent="0" />
    </mem>
  </mem-info>
</gc-end>
<cycle-end id="880" type="global" contextid="872" timestamp="2019-07-02T19:36:50.484">
  <attribute name="GC Util" value="166" />
  <attribute name="CPU Util" value="23426281225396" />
  <attribute name="Time Running"value="1971"/>
  <attribute name="Number of cores"value="4"/>
</cycle-end>
<allocation-satisfied id="881" threadId="0000000000AB7900" bytesRequested="40" />
<af-end id="882" timestamp="2019-07-02T19:36:50.484" threadId="0000000000AB8288" success="true" />
<exclusive-end id="883" timestamp="2019-07-02T19:36:50.484" durationms="4.578" />

<concurrent-kickoff id="884" timestamp="2019-07-02T19:36:50.495">
  <kickoff reason="threshold reached" targetBytes="2065646" thresholdFreeBytes="282586" remainingFree="282352" tenureFreeBytes="282352" />
</concurrent-kickoff>
<exclusive-start id="885" timestamp="2019-07-02T19:36:50.495" intervalms="16.019">
  <response-info timems="0.264" idlems="0.264" threads="0" lastid="0000000000AB0100" lastname="Thread-8" />
</exclusive-start>
<cycle-start id="886" type="global" contextid="0" timestamp="2019-07-02T19:36:50.495" intervalms="15.633" />
  <attribute name="GC Util" value="166" />
  <attribute name="CPU Util" value="23426281225396" />
  <attribute name="Time Running"value="1971"/>
  <attribute name="Number of cores"value="4"/>
<exclusive-end id="887" timestamp="2019-07-02T19:36:50.495" durationms="0.097" />

<exclusive-start id="888" timestamp="2019-07-02T19:36:50.497" intervalms="1.402">
  <response-info timems="0.027" idlems="0.027" threads="0" lastid="0000000000AB0100" lastname="Thread-8" />
</exclusive-start>
<concurrent-collection-start id="889" timestamp="2019-07-02T19:36:50.497" intervalms="141.422" >
  <concurrent-trace-info reason="card cleaning threshold reached" tracedByMutators="876256" tracedByHelpers="922924" cardsCleaned="32" workStackOverflowCount="0" />
</concurrent-collection-start>
<gc-start id="890" type="global" contextid="886" timestamp="2019-07-02T19:36:50.497">
  <mem-info id="891" free="27888" total="16121856" percent="0">
    <mem type="tenure" free="27888" total="16121856" percent="0">
      <mem type="soa" free="27888" total="15961088" percent="0" />
      <mem type="loa" free="0" total="160768" percent="0" />
    </mem>
  </mem-info>
</gc-start>
<allocation-stats totalBytes="11560536" >
  <allocated-bytes non-tlh="38112" tlh="11522424" />
  <largest-consumer threadName="Thread-9" threadId="0000000000ABB500" bytes="4150888" />
</allocation-stats>
<gc-op id="892" type="card-cleaning" timems="0.452" contextid="886" timestamp="2019-07-02T19:36:50.497">
  <card-cleaning cardsCleaned="3" bytesTraced="2644" workStackOverflowCount="0" />
</gc-op>
<gc-op id="893" type="mark" timems="1.468" contextid="886" timestamp="2019-07-02T19:36:50.499">
  <trace-info objectcount="13214" scancount="14096" scanbytes="523396" />
  <finalization candidates="124" enqueued="0" />
  <ownableSynchronizers candidates="3" cleared="0" />
  <references type="soft" candidates="84" cleared="0" enqueued="0" dynamicThreshold="23" maxThreshold="32" />
  <references type="weak" candidates="776" cleared="0" enqueued="0" />
  <references type="phantom" candidates="63" cleared="0" enqueued="0" />
  <stringconstants candidates="4574" cleared="0"  />
</gc-op>
<gc-op id="894" type="sweep" timems="0.804" contextid="886" timestamp="2019-07-02T19:36:50.500" />
<heap-resize id="895" type="contract" space="tenure" amount="131072" count="1" timems="0.050" reason="excess free space following gc" timestamp="2019-07-02T19:36:50.500" />
<gc-end id="896" type="global" contextid="886" durationms="3.072" usertimems="8.000" systemtimems="0.000" timestamp="2019-07-02T19:36:50.500" activeThreads="4">
  <mem-info id="897" free="11485304" total="15990784" percent="71">
    <mem type="tenure" free="11485304" total="15990784" percent="71" micro-fragmented="170401">
      <mem type="soa" free="11485304" total="15831040" percent="72" />
      <mem type="loa" free="0" total="159744" percent="0" />
    </mem>
  </mem-info>
</gc-end>
<cycle-end id="898" type="global" contextid="886" timestamp="2019-07-02T19:36:50.500">
  <attribute name="GC Util" value="184" />
  <attribute name="CPU Util" value="34084892895109" />
  <attribute name="Time Running"value="1987"/>
  <attribute name="Number of cores"value="4"/>
</cycle-end>
<concurrent-collection-end id="899" timestamp="2019-07-02T19:36:50.500" />
<exclusive-end id="900" timestamp="2019-07-02T19:36:50.500" durationms="3.310" />

<concurrent-kickoff id="901" timestamp="2019-07-02T19:36:50.509">
  <kickoff reason="threshold reached" targetBytes="1971235" thresholdFreeBytes="271432" remainingFree="270064" tenureFreeBytes="270064" />
</concurrent-kickoff>
<exclusive-start id="902" timestamp="2019-07-02T19:36:50.509" intervalms="12.299">
  <response-info timems="0.103" idlems="0.062" threads="1" lastid="0000000000AB3D00" lastname="Thread-10" />
</exclusive-start>
<cycle-start id="903" type="global" contextid="0" timestamp="2019-07-02T19:36:50.509" intervalms="13.708" />
  <attribute name="GC Util" value="184" />
  <attribute name="CPU Util" value="34084892895109" />
  <attribute name="Time Running"value="1987"/>
  <attribute name="Number of cores"value="4"/>
<exclusive-end id="904" timestamp="2019-07-02T19:36:50.509" durationms="0.115" />

<exclusive-start id="905" timestamp="2019-07-02T19:36:50.510" intervalms="1.051">
  <response-info timems="0.023" idlems="0.023" threads="0" lastid="0000000000AB0100" lastname="Thread-8" />
</exclusive-start>
<af-start id="906" threadId="0000000000AB0A88" totalBytesRequested="40" timestamp="2019-07-02T19:36:50.510" intervalms="30.689" />
<gc-start id="907" type="global" contextid="903" timestamp="2019-07-02T19:36:50.510">
  <mem-info id="908" free="0" total="15990784" percent="0">
    <mem type="tenure" free="0" total="15990784" percent="0">
      <mem type="soa" free="0" total="15831040" percent="0" />
      <mem type="loa" free="0" total="159744" percent="0" />
    </mem>
  </mem-info>
</gc-start>
<allocation-stats totalBytes="11477664" >
  <allocated-bytes non-tlh="0" tlh="11477664" />
  <largest-consumer threadName="Thread-9" threadId="0000000000ABB500" bytes="3857112" />
</allocation-stats>
<concurrent-halted id="909" timestamp="2019-07-02T19:36:50.510">
  <halted state="Class scanning incomplete" status="clean trace" />
  <traced bytesTarget="1971235" bytesTotal="1894816" bytesByMutator="1235608" bytesByHelper="659208" percent="96" />
  <cards cleaned="35" thresholdBytes="106927" />
</concurrent-halted>
<gc-op id="910" type="tracing" timems="0.361" contextid="903" timestamp="2019-07-02T19:36:50.510">
  <trace bytesTraced="89744" workStackOverflowCount="0" />
</gc-op>
<gc-op id="911" type="card-cleaning" timems="0.396" contextid="903" timestamp="2019-07-02T19:36:50.511">
  <card-cleaning cardsCleaned="17" bytesTraced="9372" workStackOverflowCount="0" />
</gc-op>
<gc-op id="912" type="mark" timems="1.536" contextid="903" timestamp="2019-07-02T19:36:50.513">
  <trace-info objectcount="16859" scancount="14004" scanbytes="432500" />
  <finalization candidates="124" enqueued="0" />
  <ownableSynchronizers candidates="3" cleared="0" />
  <references type="soft" candidates="84" cleared="0" enqueued="0" dynamicThreshold="22" maxThreshold="32" />
  <references type="weak" candidates="776" cleared="0" enqueued="0" />
  <references type="phantom" candidates="63" cleared="0" enqueued="0" />
  <stringconstants candidates="4574" cleared="0"  />
</gc-op>
<gc-op id="913" type="sweep" timems="1.069" contextid="903" timestamp="2019-07-02T19:36:50.514" />
<heap-resize id="914" type="contract" space="tenure" amount="131072" count="1" timems="0.080" reason="excess free space following gc" timestamp="2019-07-02T19:36:50.514" />
<gc-end id="915" type="global" contextid="903" durationms="3.846" usertimems="8.000" systemtimems="0.000" timestamp="2019-07-02T19:36:50.514" activeThreads="4">
  <mem-info id="916" free="11226864" total="15859712" percent="70">
    <mem type="tenure" free="11226864" total="15859712" percent="70" micro-fragmented="130923">
      <mem type="soa" free="11226864" total="15702016" percent="71" />
      <mem type="loa" free="0" total="157696" percent="0" />
    </mem>
  </mem-info>
</gc-end>
<cycle-end id="917" type="global" contextid="903" timestamp="2019-07-02T19:36:50.514">
  <attribute name="GC Util" value="163" />
  <attribute name="CPU Util" value="22712770074300" />
  <attribute name="Time Running"value="2001"/>
  <attribute name="Number of cores"value="4"/>
</cycle-end>
<allocation-satisfied id="918" threadId="0000000000AB0100" bytesRequested="40" />
<af-end id="919" timestamp="2019-07-02T19:36:50.514" threadId="0000000000AB0A88" success="true" />
<exclusive-end id="920" timestamp="2019-07-02T19:36:50.514" durationms="4.209" />

<concurrent-kickoff id="921" timestamp="2019-07-02T19:36:50.522">
  <kickoff reason="threshold reached" targetBytes="1975152" thresholdFreeBytes="271923" remainingFree="256032" tenureFreeBytes="256032" />
</concurrent-kickoff>
<exclusive-start id="922" timestamp="2019-07-02T19:36:50.522" intervalms="12.362">
  <response-info timems="0.072" idlems="0.046" threads="1" lastid="0000000000AB7900" lastname="Thread-7" />
</exclusive-start>
<cycle-start id="923" type="global" contextid="0" timestamp="2019-07-02T19:36:50.522" intervalms="13.414" />
  <attribute name="GC Util" value="163" />
  <attribute name="CPU Util" value="22712770074300" />
  <attribute name="Time Running"value="2001"/>
  <attribute name="Number of cores"value="4"/>
<exclusive-end id="924" timestamp="2019-07-02T19:36:50.522" durationms="0.114" />

<exclusive-start id="925" timestamp="2019-07-02T19:36:50.523" intervalms="1.268">
  <response-info timems="0.020" idlems="0.020" threads="0" lastid="0000000000AB3D00" lastname="Thread-10" />
</exclusive-start>
<af-start id="926" threadId="0000000000AB4688" totalBytesRequested="40" timestamp="2019-07-02T19:36:50.524" intervalms="13.640" />
<gc-start id="927" type="global" contextid="923" timestamp="2019-07-02T19:36:50.524">
  <mem-info id="928" free="0" total="15859712" percent="0">
    <mem type="tenure" free="0" total="15859712" percent="0">
      <mem type="soa" free="0" total="15702016" percent="0" />
      <mem type="loa" free="0" total="157696" percent="0" />
    </mem>
  </mem-info>
</gc-start>
<allocation-stats totalBytes="11214504" >
  <allocated-bytes non-tlh="0" tlh="11214504" />
  <largest-consumer threadName="Thread-9" threadId="0000000000ABB500" bytes="3168304" />
</allocation-stats>
<concurrent-halted id="929" timestamp="2019-07-02T19:36:50.524">
  <halted state="Class scanning incomplete" status="clean trace" />
  <traced bytesTarget="1975152" bytesTotal="2253864" bytesByMutator="1495568" bytesByHelper="758296" percent="114" />
  <cards cleaned="65" thresholdBytes="107121" />
</concurrent-halted>
<gc-op id="930" type="tracing" timems="0.395" contextid="923" timestamp="2019-07-02T19:36:50.524">
  <trace bytesTraced="104920" workStackOverflowCount="0" />
</gc-op>
<gc-op id="931" type="card-cleaning" timems="0.271" contextid="923" timestamp="2019-07-02T19:36:50.525">
  <card-cleaning cardsCleaned="8" bytesTraced="2860" workStackOverflowCount="0" />
</gc-op>
<gc-op id="932" type="mark" timems="1.218" contextid="923" timestamp="2019-07-02T19:36:50.526">
  <trace-info objectcount="5152" scancount="5088" scanbytes="163948" />
  <finalization candidates="124" enqueued="0" />
  <ownableSynchronizers candidates="3" cleared="0" />
  <references type="soft" candidates="84" cleared="0" enqueued="0" dynamicThreshold="22" maxThreshold="32" />
  <references type="weak" candidates="776" cleared="0" enqueued="0" />
  <references type="phantom" candidates="63" cleared="0" enqueued="0" />
  <stringconstants candidates="4574" cleared="0"  />
</gc-op>
<gc-op id="933" type="sweep" timems="1.049" contextid="923" timestamp="2019-07-02T19:36:50.527" />
<mem-info id="934" free="11073864" total="15859712" percent="69">
  <mem type="tenure" free="11073864" total="15859712" percent="69" micro-fragmented="123784">
    <mem type="soa" free="11073864" total="15702016" percent="70" />
    <mem type="loa" free="0" total="157696" percent="0" />
  </mem>
</mem-info>
<gc-op id="935" type="compact" timems="8.908" contextid="923" timestamp="2019-07-02T19:36:50.536">
  <compact-info movecount="51968" movebytes="3138568" reason="compact to aid heap contraction" />
</gc-op>
<heap-resize id="936" type="contract" space="tenure" amount="131072" count="1" timems="0.084" reason="excess free space following gc" timestamp="2019-07-02T19:36:50.536" />
<gc-end id="937" type="global" contextid="923" durationms="12.829" usertimems="20.000" systemtimems="0.000" timestamp="2019-07-02T19:36:50.536" activeThreads="4">
  <mem-info id="938" free="11257992" total="15728640" percent="71">
    <mem type="tenure" free="11257992" total="15728640" percent="71">
      <mem type="soa" free="11127944" total="15571968" percent="71" />
      <mem type="loa" free="130048" total="156672" percent="83" />
    </mem>
  </mem-info>
</gc-end>
<cycle-end id="939" type="global" contextid="923" timestamp="2019-07-02T19:36:50.537">
  <attribute name="GC Util" value="153" />
  <attribute name="CPU Util" value="42085010833000" />
  <attribute name="Time Running"value="2015"/>
  <attribute name="Number of cores"value="4"/>
</cycle-end>
<allocation-satisfied id="940" threadId="0000000000AB3D00" bytesRequested="40" />
<af-end id="941" timestamp="2019-07-02T19:36:50.537" threadId="0000000000AB4688" success="true" />
<exclusive-end id="942" timestamp="2019-07-02T19:36:50.537" durationms="13.419" />

<concurrent-kickoff id="943" timestamp="2019-07-02T19:36:50.545">
  <kickoff reason="threshold reached" targetBytes="2054274" thresholdFreeBytes="282584" remainingFree="182408" tenureFreeBytes="182408" />
</concurrent-kickoff>
<exclusive-start id="944" timestamp="2019-07-02T19:36:50.545" intervalms="21.141">
  <response-info timems="0.023" idlems="0.023" threads="0" lastid="0000000000AB0100" lastname="Thread-8" />
</exclusive-start>
<cycle-start id="945" type="global" contextid="0" timestamp="2019-07-02T19:36:50.545" intervalms="22.402" />
  <attribute name="GC Util" value="153" />
  <attribute name="CPU Util" value="42085010833000" />
  <attribute name="Time Running"value="2015"/>
  <attribute name="Number of cores"value="4"/>
<exclusive-end id="946" timestamp="2019-07-02T19:36:50.545" durationms="0.101" />

<exclusive-start id="947" timestamp="2019-07-02T19:36:50.545" intervalms="0.251">
  <response-info timems="0.021" idlems="0.021" threads="0" lastid="0000000000AB3D00" lastname="Thread-10" />
</exclusive-start>
<af-start id="948" threadId="0000000000AB4688" totalBytesRequested="40" timestamp="2019-07-02T19:36:50.545" intervalms="21.389" />
<concurrent-aborted id="949" timestamp="2019-07-02T19:36:50.545">
  <reason value="insufficient progress made" />
</concurrent-aborted>
<cycle-end id="950" type="global" contextid="945" timestamp="2019-07-02T19:36:50.545">
  <attribute name="GC Util" value="153" />
  <attribute name="CPU Util" value="42085010833000" />
  <attribute name="Time Running"value="2015"/>
  <attribute name="Number of cores"value="4"/>
</cycle-end>
<cycle-start id="951" type="global" contextid="0" timestamp="2019-07-02T19:36:50.545" intervalms="0.420" />
  <attribute name="GC Util" value="153" />
  <attribute name="CPU Util" value="42085010833000" />
  <attribute name="Time Running"value="2015"/>
  <attribute name="Number of cores"value="4"/>
<gc-start id="952" type="global" contextid="951" timestamp="2019-07-02T19:36:50.545">
  <mem-info id="953" free="130048" total="15728640" percent="0">
    <mem type="tenure" free="130048" total="15728640" percent="0">
      <mem type="soa" free="0" total="15571968" percent="0" />
      <mem type="loa" free="130048" total="156672" percent="83" />
    </mem>
  </mem-info>
</gc-start>
<allocation-stats totalBytes="11191880" >
  <allocated-bytes non-tlh="0" tlh="11191880" />
  <largest-consumer threadName="Thread-9" threadId="0000000000ABB500" bytes="3505648" />
</allocation-stats>
<gc-op id="954" type="mark" timems="1.879" contextid="951" timestamp="2019-07-02T19:36:50.547">
  <trace-info objectcount="72382" scancount="64800" scanbytes="2428900" />
  <finalization candidates="124" enqueued="0" />
  <ownableSynchronizers candidates="3" cleared="0" />
  <references type="soft" candidates="84" cleared="0" enqueued="0" dynamicThreshold="22" maxThreshold="32" />
  <references type="weak" candidates="776" cleared="0" enqueued="0" />
  <references type="phantom" candidates="63" cleared="0" enqueued="0" />
  <stringconstants candidates="4574" cleared="0"  />
</gc-op>
<gc-op id="955" type="sweep" timems="0.963" contextid="951" timestamp="2019-07-02T19:36:50.548" />
<heap-resize id="956" type="contract" space="tenure" amount="131072" count="1" timems="0.048" reason="excess free space following gc" timestamp="2019-07-02T19:36:50.548" />
<gc-end id="957" type="global" contextid="951" durationms="3.179" usertimems="8.000" systemtimems="0.000" timestamp="2019-07-02T19:36:50.548" activeThreads="4">
  <mem-info id="958" free="11105320" total="15597568" percent="71">
    <mem type="tenure" free="11105320" total="15597568" percent="71" micro-fragmented="37701">
      <mem type="soa" free="11022952" total="15441920" percent="71" />
      <mem type="loa" free="82368" total="155648" percent="52" />
    </mem>
  </mem-info>
</gc-end>
<cycle-end id="959" type="global" contextid="951" timestamp="2019-07-02T19:36:50.548">
  <attribute name="GC Util" value="176" />
  <attribute name="CPU Util" value="25523771088682" />
  <attribute name="Time Running"value="2036"/>
  <attribute name="Number of cores"value="4"/>
</cycle-end>
<allocation-satisfied id="960" threadId="0000000000AB3D00" bytesRequested="40" />
<af-end id="961" timestamp="2019-07-02T19:36:50.549" threadId="0000000000AB4688" success="true" />
<exclusive-end id="962" timestamp="2019-07-02T19:36:50.549" durationms="3.661" />

<concurrent-kickoff id="963" timestamp="2019-07-02T19:36:50.557">
  <kickoff reason="threshold reached" targetBytes="2037154" thresholdFreeBytes="280229" remainingFree="271456" tenureFreeBytes="271456" />
</concurrent-kickoff>
<exclusive-start id="964" timestamp="2019-07-02T19:36:50.557" intervalms="11.841">
  <response-info timems="0.079" idlems="0.049" threads="1" lastid="0000000000AB7900" lastname="Thread-7" />
</exclusive-start>
<cycle-start id="965" type="global" contextid="0" timestamp="2019-07-02T19:36:50.557" intervalms="11.663" />
  <attribute name="GC Util" value="176" />
  <attribute name="CPU Util" value="25523771088682" />
  <attribute name="Time Running"value="2036"/>
  <attribute name="Number of cores"value="4"/>
<exclusive-end id="966" timestamp="2019-07-02T19:36:50.557" durationms="0.101" />

<exclusive-start id="967" timestamp="2019-07-02T19:36:50.558" intervalms="0.800">
  <response-info timems="0.022" idlems="0.022" threads="1" lastid="0000000000AB3D00" lastname="Thread-10" />
</exclusive-start>
<af-start id="968" threadId="0000000000ABBE88" totalBytesRequested="40" timestamp="2019-07-02T19:36:50.558" intervalms="12.648" />
<gc-start id="969" type="global" contextid="965" timestamp="2019-07-02T19:36:50.558">
  <mem-info id="970" free="82368" total="15597568" percent="0">
    <mem type="tenure" free="82368" total="15597568" percent="0">
      <mem type="soa" free="0" total="15441920" percent="0" />
      <mem type="loa" free="82368" total="155648" percent="52" />
    </mem>
  </mem-info>
</gc-start>
<allocation-stats totalBytes="11015336" >
  <allocated-bytes non-tlh="0" tlh="11015336" />
  <largest-consumer threadName="Thread-9" threadId="0000000000ABB500" bytes="3138312" />
</allocation-stats>
<concurrent-halted id="971" timestamp="2019-07-02T19:36:50.558">
  <halted state="Class scanning incomplete" status="clean trace" />
  <traced bytesTarget="2037154" bytesTotal="1356736" bytesByMutator="934940" bytesByHelper="421796" percent="66" />
  <cards cleaned="0" thresholdBytes="110393" />
</concurrent-halted>
<gc-op id="972" type="tracing" timems="0.488" contextid="965" timestamp="2019-07-02T19:36:50.558">
  <trace bytesTraced="447940" workStackOverflowCount="0" />
</gc-op>
<gc-op id="973" type="card-cleaning" timems="0.331" contextid="965" timestamp="2019-07-02T19:36:50.559">
  <card-cleaning cardsCleaned="18" bytesTraced="18904" workStackOverflowCount="0" />
</gc-op>
<gc-op id="974" type="mark" timems="1.393" contextid="965" timestamp="2019-07-02T19:36:50.560">
  <trace-info objectcount="21734" scancount="17288" scanbytes="554540" />
  <finalization candidates="124" enqueued="0" />
  <ownableSynchronizers candidates="3" cleared="0" />
  <references type="soft" candidates="84" cleared="0" enqueued="0" dynamicThreshold="22" maxThreshold="32" />
  <references type="weak" candidates="776" cleared="0" enqueued="0" />
  <references type="phantom" candidates="63" cleared="0" enqueued="0" />
  <stringconstants candidates="4574" cleared="0"  />
</gc-op>
<gc-op id="975" type="sweep" timems="0.843" contextid="965" timestamp="2019-07-02T19:36:50.561" />
<heap-resize id="976" type="contract" space="tenure" amount="131072" count="1" timems="0.109" reason="excess free space following gc" timestamp="2019-07-02T19:36:50.561" />
<gc-end id="977" type="global" contextid="965" durationms="3.712" usertimems="4.000" systemtimems="4.000" timestamp="2019-07-02T19:36:50.561" activeThreads="4">
  <mem-info id="978" free="10911176" total="15466496" percent="70">
    <mem type="tenure" free="10911176" total="15466496" percent="70" micro-fragmented="96467">
      <mem type="soa" free="10911176" total="15311872" percent="71" />
      <mem type="loa" free="0" total="154624" percent="0" />
    </mem>
  </mem-info>
</gc-end>
<cycle-end id="979" type="global" contextid="965" timestamp="2019-07-02T19:36:50.561">
  <attribute name="GC Util" value="175" />
  <attribute name="CPU Util" value="32519601640658" />
  <attribute name="Time Running"value="2049"/>
  <attribute name="Number of cores"value="4"/>
</cycle-end>
<allocation-satisfied id="980" threadId="0000000000ABB500" bytesRequested="40" />
<af-end id="981" timestamp="2019-07-02T19:36:50.562" threadId="0000000000ABBE88" success="true" />
<exclusive-end id="982" timestamp="2019-07-02T19:36:50.562" durationms="4.088" />

<concurrent-kickoff id="983" timestamp="2019-07-02T19:36:50.570">
  <kickoff reason="threshold reached" targetBytes="1917712" thresholdFreeBytes="264036" remainingFree="237792" tenureFreeBytes="237792" />
</concurrent-kickoff>
<exclusive-start id="984" timestamp="2019-07-02T19:36:50.570" intervalms="12.314">
  <response-info timems="0.052" idlems="0.033" threads="1" lastid="0000000000AB0100" lastname="Thread-8" />
</exclusive-start>
<cycle-start id="985" type="global" contextid="0" timestamp="2019-07-02T19:36:50.570" intervalms="13.130" />
  <attribute name="GC Util" value="175" />
  <attribute name="CPU Util" value="32519601640658" />
  <attribute name="Time Running"value="2049"/>
  <attribute name="Number of cores"value="4"/>
<exclusive-end id="986" timestamp="2019-07-02T19:36:50.570" durationms="0.131" />

<exclusive-start id="987" timestamp="2019-07-02T19:36:50.571" intervalms="1.093">
  <response-info timems="0.024" idlems="0.024" threads="0" lastid="0000000000AB3D00" lastname="Thread-10" />
</exclusive-start>
<af-start id="988" threadId="0000000000AB4688" totalBytesRequested="40" timestamp="2019-07-02T19:36:50.571" intervalms="13.404" />
<gc-start id="989" type="global" contextid="985" timestamp="2019-07-02T19:36:50.571">
  <mem-info id="990" free="0" total="15466496" percent="0">
    <mem type="tenure" free="0" total="15466496" percent="0">
      <mem type="soa" free="0" total="15311872" percent="0" />
      <mem type="loa" free="0" total="154624" percent="0" />
    </mem>
  </mem-info>
</gc-start>
<allocation-stats totalBytes="10898232" >
  <allocated-bytes non-tlh="19056" tlh="10879176" />
  <largest-consumer threadName="Thread-10" threadId="0000000000AB3D00" bytes="2852184" />
</allocation-stats>
<concurrent-halted id="991" timestamp="2019-07-02T19:36:50.571">
  <halted state="Class scanning incomplete" status="clean trace" />
  <traced bytesTarget="1917712" bytesTotal="1787736" bytesByMutator="1182808" bytesByHelper="604928" percent="93" />
  <cards cleaned="30" thresholdBytes="104014" />
</concurrent-halted>
<gc-op id="992" type="tracing" timems="0.333" contextid="985" timestamp="2019-07-02T19:36:50.572">
  <trace bytesTraced="136720" workStackOverflowCount="0" />
</gc-op>
<gc-op id="993" type="card-cleaning" timems="0.411" contextid="985" timestamp="2019-07-02T19:36:50.572">
  <card-cleaning cardsCleaned="7" bytesTraced="2668" workStackOverflowCount="0" />
</gc-op>
<gc-op id="994" type="mark" timems="1.234" contextid="985" timestamp="2019-07-02T19:36:50.573">
  <trace-info objectcount="9221" scancount="8970" scanbytes="366940" />
  <finalization candidates="124" enqueued="0" />
  <ownableSynchronizers candidates="3" cleared="0" />
  <references type="soft" candidates="84" cleared="0" enqueued="0" dynamicThreshold="22" maxThreshold="32" />
  <references type="weak" candidates="776" cleared="0" enqueued="0" />
  <references type="phantom" candidates="63" cleared="0" enqueued="0" />
  <stringconstants candidates="4574" cleared="0"  />
</gc-op>
<gc-op id="995" type="sweep" timems="1.024" contextid="985" timestamp="2019-07-02T19:36:50.574" />
<mem-info id="996" free="10948688" total="15466496" percent="70">
  <mem type="tenure" free="10948688" total="15466496" percent="70" micro-fragmented="140475">
    <mem type="soa" free="10948688" total="15311872" percent="71" />
    <mem type="loa" free="0" total="154624" percent="0" />
  </mem>
</mem-info>
<gc-op id="997" type="compact" timems="8.123" contextid="985" timestamp="2019-07-02T19:36:50.583">
  <compact-info movecount="44376" movebytes="2970912" reason="compact to aid heap contraction" />
</gc-op>
<heap-resize id="998" type="contract" space="tenure" amount="131072" count="1" timems="0.087" reason="excess free space following gc" timestamp="2019-07-02T19:36:50.583" />
<gc-end id="999" type="global" contextid="985" durationms="12.033" usertimems="20.000" systemtimems="0.000" timestamp="2019-07-02T19:36:50.583" activeThreads="4">
  <mem-info id="1000" free="11075352" total="15335424" percent="72">
    <mem type="tenure" free="11075352" total="15335424" percent="72">
      <mem type="soa" free="10946328" total="15182848" percent="72" />
      <mem type="loa" free="129024" total="152576" percent="84" />
    </mem>
  </mem-info>
</gc-end>
<cycle-end id="1001" type="global" contextid="985" timestamp="2019-07-02T19:36:50.583">
  <attribute name="GC Util" value="189" />
  <attribute name="CPU Util" value="52576995513356" />
  <attribute name="Time Running"value="2062"/>
  <attribute name="Number of cores"value="4"/>
</cycle-end>
<allocation-satisfied id="1002" threadId="0000000000AB3D00" bytesRequested="40" />
<af-end id="1003" timestamp="2019-07-02T19:36:50.583" threadId="0000000000AB4688" success="true" />
<exclusive-end id="1004" timestamp="2019-07-02T19:36:50.584" durationms="12.639" />

<concurrent-kickoff id="1005" timestamp="2019-07-02T19:36:50.598">
  <kickoff reason="threshold reached" targetBytes="1909929" thresholdFreeBytes="262944" remainingFree="261912" tenureFreeBytes="261912" />
</concurrent-kickoff>
<exclusive-start id="1006" timestamp="2019-07-02T19:36:50.598" intervalms="27.030">
  <response-info timems="0.029" idlems="0.029" threads="0" lastid="0000000000AB0100" lastname="Thread-8" />
</exclusive-start>
<cycle-start id="1007" type="global" contextid="0" timestamp="2019-07-02T19:36:50.598" intervalms="28.184" />
  <attribute name="GC Util" value="189" />
  <attribute name="CPU Util" value="52576995513356" />
  <attribute name="Time Running"value="2062"/>
  <attribute name="Number of cores"value="4"/>
<exclusive-end id="1008" timestamp="2019-07-02T19:36:50.598" durationms="0.247" />

<exclusive-start id="1009" timestamp="2019-07-02T19:36:50.599" intervalms="0.543">
  <response-info timems="0.025" idlems="0.025" threads="0" lastid="0000000000ABB500" lastname="Thread-9" />
</exclusive-start>
<af-start id="1010" threadId="0000000000ABBE88" totalBytesRequested="40" timestamp="2019-07-02T19:36:50.599" intervalms="27.631" />
<concurrent-aborted id="1011" timestamp="2019-07-02T19:36:50.599">
  <reason value="insufficient progress made" />
</concurrent-aborted>
<cycle-end id="1012" type="global" contextid="1007" timestamp="2019-07-02T19:36:50.599">
  <attribute name="GC Util" value="189" />
  <attribute name="CPU Util" value="52576995513356" />
  <attribute name="Time Running"value="2062"/>
  <attribute name="Number of cores"value="4"/>
</cycle-end>
<cycle-start id="1013" type="global" contextid="0" timestamp="2019-07-02T19:36:50.599" intervalms="0.852" />
  <attribute name="GC Util" value="189" />
  <attribute name="CPU Util" value="52576995513356" />
  <attribute name="Time Running"value="2062"/>
  <attribute name="Number of cores"value="4"/>
<gc-start id="1014" type="global" contextid="1013" timestamp="2019-07-02T19:36:50.599">
  <mem-info id="1015" free="129024" total="15335424" percent="0">
    <mem type="tenure" free="129024" total="15335424" percent="0">
      <mem type="soa" free="0" total="15182848" percent="0" />
      <mem type="loa" free="129024" total="152576" percent="84" />
    </mem>
  </mem-info>
</gc-start>
<allocation-stats totalBytes="11010440" >
  <allocated-bytes non-tlh="0" tlh="11010440" />
  <largest-consumer threadName="Thread-10" threadId="0000000000AB3D00" bytes="2981472" />
</allocation-stats>
<gc-op id="1016" type="mark" timems="1.830" contextid="1013" timestamp="2019-07-02T19:36:50.601">
  <trace-info objectcount="66303" scancount="58720" scanbytes="2282756" />
  <finalization candidates="124" enqueued="0" />
  <ownableSynchronizers candidates="3" cleared="0" />
  <references type="soft" candidates="84" cleared="0" enqueued="0" dynamicThreshold="23" maxThreshold="32" />
  <references type="weak" candidates="776" cleared="0" enqueued="0" />
  <references type="phantom" candidates="63" cleared="0" enqueued="0" />
  <stringconstants candidates="4574" cleared="0"  />
</gc-op>
<gc-op id="1017" type="sweep" timems="0.981" contextid="1013" timestamp="2019-07-02T19:36:50.602" />
<heap-resize id="1018" type="contract" space="tenure" amount="131072" count="1" timems="0.080" reason="excess free space following gc" timestamp="2019-07-02T19:36:50.602" />
<gc-end id="1019" type="global" contextid="1013" durationms="3.326" usertimems="8.000" systemtimems="0.000" timestamp="2019-07-02T19:36:50.602" activeThreads="4">
  <mem-info id="1020" free="10963040" total="15204352" percent="72">
    <mem type="tenure" free="10963040" total="15204352" percent="72" micro-fragmented="0">
      <mem type="soa" free="10865328" total="15052800" percent="72" />
      <mem type="loa" free="97712" total="151552" percent="64" />
    </mem>
  </mem-info>
</gc-end>
<cycle-end id="1021" type="global" contextid="1013" timestamp="2019-07-02T19:36:50.602">
  <attribute name="GC Util" value="184" />
  <attribute name="CPU Util" value="24828784437416" />
  <attribute name="Time Running"value="2090"/>
  <attribute name="Number of cores"value="4"/>
</cycle-end>
<allocation-satisfied id="1022" threadId="0000000000ABB500" bytesRequested="40" />
<af-end id="1023" timestamp="2019-07-02T19:36:50.603" threadId="0000000000ABBE88" success="true" />
<exclusive-end id="1024" timestamp="2019-07-02T19:36:50.603" durationms="4.050" />

<concurrent-kickoff id="1025" timestamp="2019-07-02T19:36:50.614">
  <kickoff reason="threshold reached" targetBytes="1893604" thresholdFreeBytes="260696" remainingFree="259776" tenureFreeBytes="259776" />
</concurrent-kickoff>
<exclusive-start id="1026" timestamp="2019-07-02T19:36:50.615" intervalms="16.077">
  <response-info timems="0.027" idlems="0.027" threads="0" lastid="0000000000ABB500" lastname="Thread-9" />
</exclusive-start>
<cycle-start id="1027" type="global" contextid="0" timestamp="2019-07-02T19:36:50.615" intervalms="15.711" />
  <attribute name="GC Util" value="184" />
  <attribute name="CPU Util" value="24828784437416" />
  <attribute name="Time Running"value="2090"/>
  <attribute name="Number of cores"value="4"/>
<exclusive-end id="1028" timestamp="2019-07-02T19:36:50.615" durationms="0.126" />

<exclusive-start id="1029" timestamp="2019-07-02T19:36:50.615" intervalms="0.296">
  <response-info timems="0.024" idlems="0.024" threads="0" lastid="0000000000AB7900" lastname="Thread-7" />
</exclusive-start>
<af-start id="1030" threadId="0000000000AB8288" totalBytesRequested="40" timestamp="2019-07-02T19:36:50.615" intervalms="16.309" />
<concurrent-aborted id="1031" timestamp="2019-07-02T19:36:50.615">
  <reason value="insufficient progress made" />
</concurrent-aborted>
<cycle-end id="1032" type="global" contextid="1027" timestamp="2019-07-02T19:36:50.615">
  <attribute name="GC Util" value="184" />
  <attribute name="CPU Util" value="24828784437416" />
  <attribute name="Time Running"value="2090"/>
  <attribute name="Number of cores"value="4"/>
</cycle-end>
<cycle-start id="1033" type="global" contextid="0" timestamp="2019-07-02T19:36:50.615" intervalms="0.451" />
  <attribute name="GC Util" value="184" />
  <attribute name="CPU Util" value="24828784437416" />
  <attribute name="Time Running"value="2090"/>
  <attribute name="Number of cores"value="4"/>
<gc-start id="1034" type="global" contextid="1033" timestamp="2019-07-02T19:36:50.615">
  <mem-info id="1035" free="97712" total="15204352" percent="0">
    <mem type="tenure" free="97712" total="15204352" percent="0">
      <mem type="soa" free="0" total="15052800" percent="0" />
      <mem type="loa" free="97712" total="151552" percent="64" />
    </mem>
  </mem-info>
</gc-start>
<allocation-stats totalBytes="10859512" >
  <allocated-bytes non-tlh="0" tlh="10859512" />
  <largest-consumer threadName="Thread-8" threadId="0000000000AB0100" bytes="4086056" />
</allocation-stats>
<gc-op id="1036" type="mark" timems="1.099" contextid="1033" timestamp="2019-07-02T19:36:50.616">
  <trace-info objectcount="67016" scancount="59437" scanbytes="2299876" />
  <finalization candidates="124" enqueued="0" />
  <ownableSynchronizers candidates="3" cleared="0" />
  <references type="soft" candidates="84" cleared="0" enqueued="0" dynamicThreshold="23" maxThreshold="32" />
  <references type="weak" candidates="776" cleared="0" enqueued="0" />
  <references type="phantom" candidates="63" cleared="0" enqueued="0" />
  <stringconstants candidates="4574" cleared="0"  />
</gc-op>
<gc-op id="1037" type="sweep" timems="0.343" contextid="1033" timestamp="2019-07-02T19:36:50.617" />
<heap-resize id="1038" type="contract" space="tenure" amount="65536" count="1" timems="0.104" reason="excess free space following gc" timestamp="2019-07-02T19:36:50.617" />
<gc-end id="1039" type="global" contextid="1033" durationms="1.915" usertimems="4.000" systemtimems="0.000" timestamp="2019-07-02T19:36:50.617" activeThreads="4">
  <mem-info id="1040" free="10761064" total="15138816" percent="71">
    <mem type="tenure" free="10761064" total="15138816" percent="71" micro-fragmented="18962">
      <mem type="soa" free="10761064" total="14988288" percent="71" />
      <mem type="loa" free="0" total="150528" percent="0" />
    </mem>
  </mem-info>
</gc-end>
<cycle-end id="1041" type="global" contextid="1033" timestamp="2019-07-02T19:36:50.617">
  <attribute name="GC Util" value="17" />
  <attribute name="CPU Util" value="73797898199551" />
  <attribute name="Time Running"value="2105"/>
  <attribute name="Number of cores"value="4"/>
</cycle-end>
<allocation-satisfied id="1042" threadId="0000000000AB7900" bytesRequested="40" />
<af-end id="1043" timestamp="2019-07-02T19:36:50.617" threadId="0000000000AB8288" success="true" />
<exclusive-end id="1044" timestamp="2019-07-02T19:36:50.617" durationms="2.445" />

<concurrent-kickoff id="1045" timestamp="2019-07-02T19:36:50.625">
  <kickoff reason="threshold reached" targetBytes="1885442" thresholdFreeBytes="259573" remainingFree="249056" tenureFreeBytes="242032" />
</concurrent-kickoff>
<exclusive-start id="1046" timestamp="2019-07-02T19:36:50.625" intervalms="10.050">
  <response-info timems="0.037" idlems="0.037" threads="0" lastid="0000000000AB3D00" lastname="Thread-10" />
</exclusive-start>
<cycle-start id="1047" type="global" contextid="0" timestamp="2019-07-02T19:36:50.625" intervalms="9.894" />
  <attribute name="GC Util" value="17" />
  <attribute name="CPU Util" value="73797898199551" />
  <attribute name="Time Running"value="2105"/>
  <attribute name="Number of cores"value="4"/>
<exclusive-end id="1048" timestamp="2019-07-02T19:36:50.625" durationms="0.121" />

<exclusive-start id="1049" timestamp="2019-07-02T19:36:50.626" intervalms="0.806">
  <response-info timems="0.021" idlems="0.021" threads="0" lastid="0000000000AB0100" lastname="Thread-8" />
</exclusive-start>
<af-start id="1050" threadId="0000000000AB0A88" totalBytesRequested="24" timestamp="2019-07-02T19:36:50.626" intervalms="10.849" />
<gc-start id="1051" type="global" contextid="1047" timestamp="2019-07-02T19:36:50.626">
  <mem-info id="1052" free="0" total="15138816" percent="0">
    <mem type="tenure" free="0" total="15138816" percent="0">
      <mem type="soa" free="0" total="14988288" percent="0" />
      <mem type="loa" free="0" total="150528" percent="0" />
    </mem>
  </mem-info>
</gc-start>
<allocation-stats totalBytes="10747512" >
  <allocated-bytes non-tlh="19056" tlh="10728456" />
  <largest-consumer threadName="Thread-7" threadId="0000000000AB7900" bytes="2807824" />
</allocation-stats>
<concurrent-halted id="1053" timestamp="2019-07-02T19:36:50.626">
  <halted state="Class scanning incomplete" status="clean trace" />
  <traced bytesTarget="1885442" bytesTotal="1580176" bytesByMutator="975524" bytesByHelper="604652" percent="83" />
  <cards cleaned="2" thresholdBytes="102255" />
</concurrent-halted>
<gc-op id="1054" type="tracing" timems="0.314" contextid="1047" timestamp="2019-07-02T19:36:50.626">
  <trace bytesTraced="56600" workStackOverflowCount="0" />
</gc-op>
<gc-op id="1055" type="card-cleaning" timems="0.417" contextid="1047" timestamp="2019-07-02T19:36:50.627">
  <card-cleaning cardsCleaned="34" bytesTraced="18128" workStackOverflowCount="0" />
</gc-op>
<gc-op id="1056" type="mark" timems="1.631" contextid="1047" timestamp="2019-07-02T19:36:50.628">
  <trace-info objectcount="22302" scancount="18121" scanbytes="574616" />
  <finalization candidates="124" enqueued="0" />
  <ownableSynchronizers candidates="3" cleared="0" />
  <references type="soft" candidates="84" cleared="0" enqueued="0" dynamicThreshold="22" maxThreshold="32" />
  <references type="weak" candidates="776" cleared="0" enqueued="0" />
  <references type="phantom" candidates="63" cleared="0" enqueued="0" />
  <stringconstants candidates="4574" cleared="0"  />
</gc-op>
<gc-op id="1057" type="sweep" timems="1.065" contextid="1047" timestamp="2019-07-02T19:36:50.630" />
<mem-info id="1058" free="10799096" total="15138816" percent="71">
  <mem type="tenure" free="10799096" total="15138816" percent="71" micro-fragmented="36324">
    <mem type="soa" free="10799096" total="14988288" percent="72" />
    <mem type="loa" free="0" total="150528" percent="0" />
  </mem>
</mem-info>
<gc-op id="1059" type="compact" timems="7.143" contextid="1047" timestamp="2019-07-02T19:36:50.637">
  <compact-info movecount="35886" movebytes="2722248" reason="compact to aid heap contraction" />
</gc-op>
<heap-resize id="1060" type="contract" space="tenure" amount="131072" count="1" timems="0.072" reason="excess free space following gc" timestamp="2019-07-02T19:36:50.637" />
<gc-end id="1061" type="global" contextid="1047" durationms="11.215" usertimems="16.000" systemtimems="4.000" timestamp="2019-07-02T19:36:50.637" activeThreads="4">
  <mem-info id="1062" free="10811392" total="15007744" percent="72">
    <mem type="tenure" free="10811392" total="15007744" percent="72">
      <mem type="soa" free="10681344" total="14858240" percent="71" />
      <mem type="loa" free="130048" total="149504" percent="86" />
    </mem>
  </mem-info>
</gc-end>
<cycle-end id="1063" type="global" contextid="1047" timestamp="2019-07-02T19:36:50.637">
  <attribute name="GC Util" value="198" />
  <attribute name="CPU Util" value="55897022319504" />
  <attribute name="Time Running"value="2118"/>
  <attribute name="Number of cores"value="4"/>
</cycle-end>
<allocation-satisfied id="1064" threadId="0000000000AB0100" bytesRequested="24" />
<af-end id="1065" timestamp="2019-07-02T19:36:50.637" threadId="0000000000AB0A88" success="true" />
<exclusive-end id="1066" timestamp="2019-07-02T19:36:50.637" durationms="11.519" />

<concurrent-kickoff id="1067" timestamp="2019-07-02T19:36:50.644">
  <kickoff reason="threshold reached" targetBytes="1841612" thresholdFreeBytes="253606" remainingFree="130048" tenureFreeBytes="130048" />
</concurrent-kickoff>
<exclusive-start id="1068" timestamp="2019-07-02T19:36:50.644" intervalms="18.599">
  <response-info timems="0.022" idlems="0.022" threads="0" lastid="0000000000ABB500" lastname="Thread-9" />
</exclusive-start>
<af-start id="1069" threadId="0000000000ABBE88" totalBytesRequested="40" timestamp="2019-07-02T19:36:50.644" intervalms="18.612" />
<concurrent-aborted id="1070" timestamp="2019-07-02T19:36:50.644">
  <reason value="insufficient progress made" />
</concurrent-aborted>
<cycle-end id="1071" type="global" contextid="1047" timestamp="2019-07-02T19:36:50.645">
  <attribute name="GC Util" value="198" />
  <attribute name="CPU Util" value="55897022319504" />
  <attribute name="Time Running"value="2118"/>
  <attribute name="Number of cores"value="4"/>
</cycle-end>
<cycle-start id="1072" type="global" contextid="0" timestamp="2019-07-02T19:36:50.645" intervalms="19.592" />
  <attribute name="GC Util" value="198" />
  <attribute name="CPU Util" value="55897022319504" />
  <attribute name="Time Running"value="2118"/>
  <attribute name="Number of cores"value="4"/>
<gc-start id="1073" type="global" contextid="1072" timestamp="2019-07-02T19:36:50.645">
  <mem-info id="1074" free="130048" total="15007744" percent="0">
    <mem type="tenure" free="130048" total="15007744" percent="0">
      <mem type="soa" free="0" total="14858240" percent="0" />
      <mem type="loa" free="130048" total="149504" percent="86" />
    </mem>
  </mem-info>
</gc-start>
<allocation-stats totalBytes="10745360" >
  <allocated-bytes non-tlh="0" tlh="10745360" />
  <largest-consumer threadName="Thread-10" threadId="0000000000AB3D00" bytes="3636688" />
</allocation-stats>
<gc-op id="1075" type="mark" timems="2.221" contextid="1072" timestamp="2019-07-02T19:36:50.647">
  <trace-info objectcount="65281" scancount="57697" scanbytes="2257988" />
  <finalization candidates="124" enqueued="0" />
  <ownableSynchronizers candidates="3" cleared="0" />
  <references type="soft" candidates="84" cleared="0" enqueued="0" dynamicThreshold="23" maxThreshold="32" />
  <references type="weak" candidates="776" cleared="0" enqueued="0" />
  <references type="phantom" candidates="63" cleared="0" enqueued="0" />
  <stringconstants candidates="4574" cleared="0"  />
</gc-op>
<gc-op id="1076" type="sweep" timems="0.793" contextid="1072" timestamp="2019-07-02T19:36:50.648" />
<heap-resize id="1077" type="contract" space="tenure" amount="131072" count="1" timems="0.084" reason="excess free space following gc" timestamp="2019-07-02T19:36:50.648" />
<gc-end id="1078" type="global" contextid="1072" durationms="3.513" usertimems="4.000" systemtimems="4.000" timestamp="2019-07-02T19:36:50.648" activeThreads="4">
  <mem-info id="1079" free="10691528" total="14876672" percent="71">
    <mem type="tenure" free="10691528" total="14876672" percent="71" micro-fragmented="768">
      <mem type="soa" free="10561520" total="14728192" percent="71" />
      <mem type="loa" free="130008" total="148480" percent="87" />
    </mem>
  </mem-info>
</gc-end>
<cycle-end id="1080" type="global" contextid="1072" timestamp="2019-07-02T19:36:50.648">
  <attribute name="GC Util" value="166" />
  <attribute name="CPU Util" value="33048079603402" />
  <attribute name="Time Running"value="2136"/>
  <attribute name="Number of cores"value="4"/>
</cycle-end>
<allocation-satisfied id="1081" threadId="0000000000ABB500" bytesRequested="40" />
<af-end id="1082" timestamp="2019-07-02T19:36:50.648" threadId="0000000000ABBE88" success="true" />
<exclusive-end id="1083" timestamp="2019-07-02T19:36:50.648" durationms="4.048" />

<concurrent-kickoff id="1084" timestamp="2019-07-02T19:36:50.655">
  <kickoff reason="threshold reached" targetBytes="1825527" thresholdFreeBytes="251390" remainingFree="249568" tenureFreeBytes="249568" />
</concurrent-kickoff>
<exclusive-start id="1085" timestamp="2019-07-02T19:36:50.656" intervalms="11.252">
  <response-info timems="0.109" idlems="0.082" threads="1" lastid="0000000000AB3D00" lastname="Thread-10" />
</exclusive-start>
<cycle-start id="1086" type="global" contextid="0" timestamp="2019-07-02T19:36:50.656" intervalms="11.059" />
  <attribute name="GC Util" value="166" />
  <attribute name="CPU Util" value="33048079603402" />
  <attribute name="Time Running"value="2136"/>
  <attribute name="Number of cores"value="4"/>
<exclusive-end id="1087" timestamp="2019-07-02T19:36:50.656" durationms="0.108" />

<exclusive-start id="1088" timestamp="2019-07-02T19:36:50.656" intervalms="0.447">
  <response-info timems="0.026" idlems="0.026" threads="0" lastid="0000000000AB3D00" lastname="Thread-10" />
</exclusive-start>
<af-start id="1089" threadId="0000000000AB4688" totalBytesRequested="40" timestamp="2019-07-02T19:36:50.656" intervalms="11.693" />
<gc-start id="1090" type="global" contextid="1086" timestamp="2019-07-02T19:36:50.656">
  <mem-info id="1091" free="130008" total="14876672" percent="0">
    <mem type="tenure" free="130008" total="14876672" percent="0">
      <mem type="soa" free="0" total="14728192" percent="0" />
      <mem type="loa" free="130008" total="148480" percent="87" />
    </mem>
  </mem-info>
</gc-start>
<allocation-stats totalBytes="10554352" >
  <allocated-bytes non-tlh="0" tlh="10554352" />
  <largest-consumer threadName="Thread-10" threadId="0000000000AB3D00" bytes="2900848" />
</allocation-stats>
<concurrent-halted id="1092" timestamp="2019-07-02T19:36:50.656">
  <halted state="Tracing incomplete" status="trace only" />
  <traced bytesTarget="1825527" bytesTotal="261488" bytesByMutator="245244" bytesByHelper="16244" percent="14" />
  <cards cleaned="0" thresholdBytes="99032" />
</concurrent-halted>
<gc-op id="1093" type="tracing" timems="0.749" contextid="1086" timestamp="2019-07-02T19:36:50.657">
  <trace bytesTraced="1480940" workStackOverflowCount="0" />
</gc-op>
<gc-op id="1094" type="card-cleaning" timems="0.269" contextid="1086" timestamp="2019-07-02T19:36:50.657">
  <card-cleaning cardsCleaned="10" bytesTraced="13360" workStackOverflowCount="0" />
</gc-op>
<gc-op id="1095" type="mark" timems="1.557" contextid="1086" timestamp="2019-07-02T19:36:50.659">
  <trace-info objectcount="21773" scancount="16783" scanbytes="532672" />
  <finalization candidates="124" enqueued="0" />
  <ownableSynchronizers candidates="3" cleared="0" />
  <references type="soft" candidates="84" cleared="0" enqueued="0" dynamicThreshold="22" maxThreshold="32" />
  <references type="weak" candidates="776" cleared="0" enqueued="0" />
  <references type="phantom" candidates="63" cleared="0" enqueued="0" />
  <stringconstants candidates="4574" cleared="0"  />
</gc-op>
<gc-op id="1096" type="sweep" timems="1.074" contextid="1086" timestamp="2019-07-02T19:36:50.660" />
<heap-resize id="1097" type="contract" space="tenure" amount="131072" count="1" timems="0.067" reason="excess free space following gc" timestamp="2019-07-02T19:36:50.660" />
<gc-end id="1098" type="global" contextid="1086" durationms="4.197" usertimems="8.000" systemtimems="0.000" timestamp="2019-07-02T19:36:50.660" activeThreads="4">
  <mem-info id="1099" free="10447232" total="14745600" percent="70">
    <mem type="tenure" free="10447232" total="14745600" percent="70" micro-fragmented="21277">
      <mem type="soa" free="10378512" total="14598144" percent="71" />
      <mem type="loa" free="68720" total="147456" percent="46" />
    </mem>
  </mem-info>
</gc-end>
<cycle-end id="1100" type="global" contextid="1086" timestamp="2019-07-02T19:36:50.660">
  <attribute name="GC Util" value="163" />
  <attribute name="CPU Util" value="22729225608715" />
  <attribute name="Time Running"value="2148"/>
  <attribute name="Number of cores"value="4"/>
</cycle-end>
<allocation-satisfied id="1101" threadId="0000000000AB3D00" bytesRequested="40" />
<af-end id="1102" timestamp="2019-07-02T19:36:50.661" threadId="0000000000AB4688" success="true" />
<exclusive-end id="1103" timestamp="2019-07-02T19:36:50.661" durationms="4.555" />

<concurrent-kickoff id="1104" timestamp="2019-07-02T19:36:50.669">
  <kickoff reason="threshold reached" targetBytes="1597770" thresholdFreeBytes="218882" remainingFree="210768" tenureFreeBytes="200624" />
</concurrent-kickoff>
<exclusive-start id="1105" timestamp="2019-07-02T19:36:50.669" intervalms="12.764">
  <response-info timems="0.091" idlems="0.055" threads="1" lastid="0000000000AB7900" lastname="Thread-7" />
</exclusive-start>
<cycle-start id="1106" type="global" contextid="0" timestamp="2019-07-02T19:36:50.669" intervalms="13.207" />
  <attribute name="GC Util" value="163" />
  <attribute name="CPU Util" value="22729225608715" />
  <attribute name="Time Running"value="2148"/>
  <attribute name="Number of cores"value="4"/>
<exclusive-end id="1107" timestamp="2019-07-02T19:36:50.669" durationms="0.106" />

<exclusive-start id="1108" timestamp="2019-07-02T19:36:50.670" intervalms="0.916">
  <response-info timems="0.043" idlems="0.028" threads="1" lastid="0000000000AB0100" lastname="Thread-8" />
</exclusive-start>
<af-start id="1109" threadId="0000000000AB8288" totalBytesRequested="24" timestamp="2019-07-02T19:36:50.670" intervalms="13.692" />
<gc-start id="1110" type="global" contextid="1106" timestamp="2019-07-02T19:36:50.670">
  <mem-info id="1111" free="68720" total="14745600" percent="0">
    <mem type="tenure" free="68720" total="14745600" percent="0">
      <mem type="soa" free="0" total="14598144" percent="0" />
      <mem type="loa" free="68720" total="147456" percent="46" />
    </mem>
  </mem-info>
</gc-start>
<allocation-stats totalBytes="10363880" >
  <allocated-bytes non-tlh="0" tlh="10363880" />
  <largest-consumer threadName="Thread-10" threadId="0000000000AB3D00" bytes="3432392" />
</allocation-stats>
<concurrent-halted id="1112" timestamp="2019-07-02T19:36:50.670">
  <halted state="Class scanning incomplete" status="clean trace" />
  <traced bytesTarget="1597770" bytesTotal="1300288" bytesByMutator="757292" bytesByHelper="542996" percent="81" />
  <cards cleaned="0" thresholdBytes="86226" />
</concurrent-halted>
<gc-op id="1113" type="tracing" timems="0.326" contextid="1106" timestamp="2019-07-02T19:36:50.670">
  <trace bytesTraced="826312" workStackOverflowCount="0" />
</gc-op>
<gc-op id="1114" type="card-cleaning" timems="0.120" contextid="1106" timestamp="2019-07-02T19:36:50.671">
  <card-cleaning cardsCleaned="26" bytesTraced="22056" workStackOverflowCount="0" />
</gc-op>
<gc-op id="1115" type="mark" timems="0.612" contextid="1106" timestamp="2019-07-02T19:36:50.671">
  <trace-info objectcount="5928" scancount="5541" scanbytes="165736" />
  <finalization candidates="124" enqueued="0" />
  <ownableSynchronizers candidates="3" cleared="0" />
  <references type="soft" candidates="84" cleared="0" enqueued="0" dynamicThreshold="22" maxThreshold="32" />
  <references type="weak" candidates="776" cleared="0" enqueued="0" />
  <references type="phantom" candidates="63" cleared="0" enqueued="0" />
  <stringconstants candidates="4574" cleared="0"  />
</gc-op>
<gc-op id="1116" type="sweep" timems="0.390" contextid="1106" timestamp="2019-07-02T19:36:50.672" />
<heap-resize id="1117" type="contract" space="tenure" amount="65536" count="1" timems="0.070" reason="excess free space following gc" timestamp="2019-07-02T19:36:50.672" />
<gc-end id="1118" type="global" contextid="1106" durationms="2.009" usertimems="4.000" systemtimems="0.000" timestamp="2019-07-02T19:36:50.672" activeThreads="4">
  <mem-info id="1119" free="10254728" total="14680064" percent="69">
    <mem type="tenure" free="10254728" total="14680064" percent="69" micro-fragmented="20768">
      <mem type="soa" free="10254728" total="14533632" percent="70" />
      <mem type="loa" free="0" total="146432" percent="0" />
    </mem>
  </mem-info>
</gc-end>
<cycle-end id="1120" type="global" contextid="1106" timestamp="2019-07-02T19:36:50.672">
  <attribute name="GC Util" value="21" />
  <attribute name="CPU Util" value="62140796565836" />
  <attribute name="Time Running"value="2160"/>
  <attribute name="Number of cores"value="4"/>
</cycle-end>
<allocation-satisfied id="1121" threadId="0000000000AB7900" bytesRequested="24" />
<af-end id="1122" timestamp="2019-07-02T19:36:50.672" threadId="0000000000AB8288" success="true" />
<exclusive-end id="1123" timestamp="2019-07-02T19:36:50.672" durationms="2.386" />

<concurrent-kickoff id="1124" timestamp="2019-07-02T19:36:50.679">
  <kickoff reason="threshold reached" targetBytes="1577949" thresholdFreeBytes="216202" remainingFree="194912" tenureFreeBytes="179560" />
</concurrent-kickoff>
<exclusive-start id="1125" timestamp="2019-07-02T19:36:50.679" intervalms="9.659">
  <response-info timems="0.078" idlems="0.049" threads="1" lastid="0000000000AB3D00" lastname="Thread-10" />
</exclusive-start>
<cycle-start id="1126" type="global" contextid="0" timestamp="2019-07-02T19:36:50.679" intervalms="10.573" />
  <attribute name="GC Util" value="21" />
  <attribute name="CPU Util" value="62140796565836" />
  <attribute name="Time Running"value="2160"/>
  <attribute name="Number of cores"value="4"/>
<exclusive-end id="1127" timestamp="2019-07-02T19:36:50.679" durationms="0.099" />

<exclusive-start id="1128" timestamp="2019-07-02T19:36:50.681" intervalms="1.142">
  <response-info timems="0.020" idlems="0.020" threads="0" lastid="0000000000AB0100" lastname="Thread-8" />
</exclusive-start>
<af-start id="1129" threadId="0000000000AB0A88" totalBytesRequested="40" timestamp="2019-07-02T19:36:50.681" intervalms="10.779" />
<gc-start id="1130" type="global" contextid="1126" timestamp="2019-07-02T19:36:50.681">
  <mem-info id="1131" free="0" total="14680064" percent="0">
    <mem type="tenure" free="0" total="14680064" percent="0">
      <mem type="soa" free="0" total="14533632" percent="0" />
      <mem type="loa" free="0" total="146432" percent="0" />
    </mem>
  </mem-info>
</gc-start>
<allocation-stats totalBytes="10233992" >
  <allocated-bytes non-tlh="0" tlh="10233992" />
  <largest-consumer threadName="Thread-10" threadId="0000000000AB3D00" bytes="2959424" />
</allocation-stats>
<concurrent-halted id="1132" timestamp="2019-07-02T19:36:50.681">
  <halted state="Class scanning incomplete" status="clean trace" />
  <traced bytesTarget="1577949" bytesTotal="1941208" bytesByMutator="1275340" bytesByHelper="665868" percent="123" />
  <cards cleaned="2" thresholdBytes="85170" />
</concurrent-halted>
<gc-op id="1133" type="tracing" timems="0.353" contextid="1126" timestamp="2019-07-02T19:36:50.681">
  <trace bytesTraced="147348" workStackOverflowCount="0" />
</gc-op>
<gc-op id="1134" type="card-cleaning" timems="0.417" contextid="1126" timestamp="2019-07-02T19:36:50.682">
  <card-cleaning cardsCleaned="39" bytesTraced="18136" workStackOverflowCount="0" />
</gc-op>
<gc-op id="1135" type="mark" timems="1.440" contextid="1126" timestamp="2019-07-02T19:36:50.683">
  <trace-info objectcount="8457" scancount="7887" scanbytes="235016" />
  <finalization candidates="124" enqueued="0" />
  <ownableSynchronizers candidates="3" cleared="0" />
  <references type="soft" candidates="84" cleared="0" enqueued="0" dynamicThreshold="22" maxThreshold="32" />
  <references type="weak" candidates="776" cleared="0" enqueued="0" />
  <references type="phantom" candidates="63" cleared="0" enqueued="0" />
  <stringconstants candidates="4574" cleared="0"  />
</gc-op>
<gc-op id="1136" type="sweep" timems="1.061" contextid="1126" timestamp="2019-07-02T19:36:50.684" />
<mem-info id="1137" free="10168912" total="14680064" percent="69">
  <mem type="tenure" free="10168912" total="14680064" percent="69" micro-fragmented="31162">
    <mem type="soa" free="10168912" total="14533632" percent="69" />
    <mem type="loa" free="0" total="146432" percent="0" />
  </mem>
</mem-info>
<gc-op id="1138" type="compact" timems="4.803" contextid="1126" timestamp="2019-07-02T19:36:50.689">
  <compact-info movecount="11593" movebytes="418344" reason="compact to aid heap contraction" />
</gc-op>
<heap-resize id="1139" type="contract" space="tenure" amount="131072" count="1" timems="0.036" reason="excess free space following gc" timestamp="2019-07-02T19:36:50.689" />
<gc-end id="1140" type="global" contextid="1126" durationms="8.592" usertimems="16.000" systemtimems="0.000" timestamp="2019-07-02T19:36:50.689" activeThreads="4">
  <mem-info id="1141" free="10248184" total="14548992" percent="70">
    <mem type="tenure" free="10248184" total="14548992" percent="70">
      <mem type="soa" free="10118136" total="14403584" percent="70" />
      <mem type="loa" free="130048" total="145408" percent="89" />
    </mem>
  </mem-info>
</gc-end>
<cycle-end id="1142" type="global" contextid="1126" timestamp="2019-07-02T19:36:50.689">
  <attribute name="GC Util" value="201" />
  <attribute name="CPU Util" value="56143362874645" />
  <attribute name="Time Running"value="2172"/>
  <attribute name="Number of cores"value="4"/>
</cycle-end>
<allocation-satisfied id="1143" threadId="0000000000AB0100" bytesRequested="40" />
<af-end id="1144" timestamp="2019-07-02T19:36:50.689" threadId="0000000000AB0A88" success="true" />
<exclusive-end id="1145" timestamp="2019-07-02T19:36:50.689" durationms="8.864" />

<concurrent-kickoff id="1146" timestamp="2019-07-02T19:36:50.696">
  <kickoff reason="threshold reached" targetBytes="1696884" thresholdFreeBytes="232124" remainingFree="221176" tenureFreeBytes="221176" />
</concurrent-kickoff>
<exclusive-start id="1147" timestamp="2019-07-02T19:36:50.696" intervalms="15.803">
  <response-info timems="0.070" idlems="0.070" threads="0" lastid="0000000000AB3D00" lastname="Thread-10" />
</exclusive-start>
<cycle-start id="1148" type="global" contextid="0" timestamp="2019-07-02T19:36:50.696" intervalms="16.960" />
  <attribute name="GC Util" value="201" />
  <attribute name="CPU Util" value="56143362874645" />
  <attribute name="Time Running"value="2172"/>
  <attribute name="Number of cores"value="4"/>
<exclusive-end id="1149" timestamp="2019-07-02T19:36:50.696" durationms="0.120" />

<exclusive-start id="1150" timestamp="2019-07-02T19:36:50.697" intervalms="0.285">
  <response-info timems="0.020" idlems="0.020" threads="0" lastid="0000000000ABB500" lastname="Thread-9" />
</exclusive-start>
<af-start id="1151" threadId="0000000000ABBE88" totalBytesRequested="40" timestamp="2019-07-02T19:36:50.697" intervalms="16.102" />
<concurrent-aborted id="1152" timestamp="2019-07-02T19:36:50.697">
  <reason value="insufficient progress made" />
</concurrent-aborted>
<cycle-end id="1153" type="global" contextid="1148" timestamp="2019-07-02T19:36:50.697">
  <attribute name="GC Util" value="201" />
  <attribute name="CPU Util" value="56143362874645" />
  <attribute name="Time Running"value="2172"/>
  <attribute name="Number of cores"value="4"/>
</cycle-end>
<cycle-start id="1154" type="global" contextid="0" timestamp="2019-07-02T19:36:50.697" intervalms="0.473" />
  <attribute name="GC Util" value="201" />
  <attribute name="CPU Util" value="56143362874645" />
  <attribute name="Time Running"value="2172"/>
  <attribute name="Number of cores"value="4"/>
<gc-start id="1155" type="global" contextid="1154" timestamp="2019-07-02T19:36:50.697">
  <mem-info id="1156" free="130048" total="14548992" percent="0">
    <mem type="tenure" free="130048" total="14548992" percent="0">
      <mem type="soa" free="0" total="14403584" percent="0" />
      <mem type="loa" free="130048" total="145408" percent="89" />
    </mem>
  </mem-info>
</gc-start>
<allocation-stats totalBytes="10182400" >
  <allocated-bytes non-tlh="0" tlh="10182400" />
  <largest-consumer threadName="Thread-10" threadId="0000000000AB3D00" bytes="3203696" />
</allocation-stats>
<gc-op id="1157" type="mark" timems="1.870" contextid="1154" timestamp="2019-07-02T19:36:50.699">
  <trace-info objectcount="68280" scancount="60713" scanbytes="2330156" />
  <finalization candidates="124" enqueued="0" />
  <ownableSynchronizers candidates="3" cleared="0" />
  <references type="soft" candidates="84" cleared="0" enqueued="0" dynamicThreshold="22" maxThreshold="32" />
  <references type="weak" candidates="776" cleared="0" enqueued="0" />
  <references type="phantom" candidates="63" cleared="0" enqueued="0" />
  <stringconstants candidates="4574" cleared="0"  />
</gc-op>
<gc-op id="1158" type="sweep" timems="1.006" contextid="1154" timestamp="2019-07-02T19:36:50.700" />
<heap-resize id="1159" type="contract" space="tenure" amount="131072" count="1" timems="0.095" reason="excess free space following gc" timestamp="2019-07-02T19:36:50.700" />
<gc-end id="1160" type="global" contextid="1154" durationms="3.348" usertimems="4.000" systemtimems="4.000" timestamp="2019-07-02T19:36:50.700" activeThreads="4">
  <mem-info id="1161" free="10039424" total="14417920" percent="69">
    <mem type="tenure" free="10039424" total="14417920" percent="69" micro-fragmented="4635">
      <mem type="soa" free="10039424" total="14274560" percent="70" />
      <mem type="loa" free="0" total="143360" percent="0" />
    </mem>
  </mem-info>
</gc-end>
<cycle-end id="1162" type="global" contextid="1154" timestamp="2019-07-02T19:36:50.700">
  <attribute name="GC Util" value="158" />
  <attribute name="CPU Util" value="24261146013991" />
  <attribute name="Time Running"value="2188"/>
  <attribute name="Number of cores"value="4"/>
</cycle-end>
<allocation-satisfied id="1163" threadId="0000000000ABB500" bytesRequested="40" />
<af-end id="1164" timestamp="2019-07-02T19:36:50.700" threadId="0000000000ABBE88" success="true" />
<exclusive-end id="1165" timestamp="2019-07-02T19:36:50.700" durationms="3.888" />

<concurrent-kickoff id="1166" timestamp="2019-07-02T19:36:50.708">
  <kickoff reason="threshold reached" targetBytes="1681597" thresholdFreeBytes="230033" remainingFree="221240" tenureFreeBytes="221240" />
</concurrent-kickoff>
<exclusive-start id="1167" timestamp="2019-07-02T19:36:50.708" intervalms="11.170">
  <response-info timems="0.097" idlems="0.097" threads="0" lastid="0000000000AB0100" lastname="Thread-8" />
</exclusive-start>
<cycle-start id="1168" type="global" contextid="0" timestamp="2019-07-02T19:36:50.708" intervalms="10.970" />
  <attribute name="GC Util" value="158" />
  <attribute name="CPU Util" value="24261146013991" />
  <attribute name="Time Running"value="2188"/>
  <attribute name="Number of cores"value="4"/>
<exclusive-end id="1169" timestamp="2019-07-02T19:36:50.708" durationms="0.097" />

<exclusive-start id="1170" timestamp="2019-07-02T19:36:50.708" intervalms="0.466">
  <response-info timems="0.023" idlems="0.023" threads="0" lastid="0000000000AB3D00" lastname="Thread-10" />
</exclusive-start>
<af-start id="1171" threadId="0000000000AB4688" totalBytesRequested="40" timestamp="2019-07-02T19:36:50.708" intervalms="11.635" />
<gc-start id="1172" type="global" contextid="1168" timestamp="2019-07-02T19:36:50.708">
  <mem-info id="1173" free="0" total="14417920" percent="0">
    <mem type="tenure" free="0" total="14417920" percent="0">
      <mem type="soa" free="0" total="14274560" percent="0" />
      <mem type="loa" free="0" total="143360" percent="0" />
    </mem>
  </mem-info>
</gc-start>
<allocation-stats totalBytes="10033992" >
  <allocated-bytes non-tlh="0" tlh="10033992" />
  <largest-consumer threadName="Thread-10" threadId="0000000000AB3D00" bytes="2822424" />
</allocation-stats>
<concurrent-halted id="1174" timestamp="2019-07-02T19:36:50.708">
  <halted state="Class scanning incomplete" status="clean trace" />
  <traced bytesTarget="1681597" bytesTotal="676148" bytesByMutator="421500" bytesByHelper="254648" percent="40" />
  <cards cleaned="0" thresholdBytes="90619" />
</concurrent-halted>
<gc-op id="1175" type="tracing" timems="0.666" contextid="1168" timestamp="2019-07-02T19:36:50.709">
  <trace bytesTraced="1131132" workStackOverflowCount="0" />
</gc-op>
<gc-op id="1176" type="card-cleaning" timems="0.258" contextid="1168" timestamp="2019-07-02T19:36:50.710">
  <card-cleaning cardsCleaned="14" bytesTraced="20340" workStackOverflowCount="0" />
</gc-op>
<gc-op id="1177" type="mark" timems="1.611" contextid="1168" timestamp="2019-07-02T19:36:50.711">
  <trace-info objectcount="21183" scancount="16547" scanbytes="528812" />
  <finalization candidates="124" enqueued="0" />
  <ownableSynchronizers candidates="3" cleared="0" />
  <references type="soft" candidates="84" cleared="0" enqueued="0" dynamicThreshold="22" maxThreshold="32" />
  <references type="weak" candidates="776" cleared="0" enqueued="0" />
  <references type="phantom" candidates="63" cleared="0" enqueued="0" />
  <stringconstants candidates="4574" cleared="0"  />
</gc-op>
<gc-op id="1178" type="sweep" timems="0.980" contextid="1168" timestamp="2019-07-02T19:36:50.712" />
<heap-resize id="1179" type="contract" space="tenure" amount="65536" count="1" timems="0.050" reason="excess free space following gc" timestamp="2019-07-02T19:36:50.712" />
<gc-end id="1180" type="global" contextid="1168" durationms="4.067" usertimems="8.000" systemtimems="0.000" timestamp="2019-07-02T19:36:50.712" activeThreads="4">
  <mem-info id="1181" free="9983800" total="14352384" percent="69">
    <mem type="tenure" free="9983800" total="14352384" percent="69" micro-fragmented="21874">
      <mem type="soa" free="9918264" total="14209024" percent="69" />
      <mem type="loa" free="65536" total="143360" percent="45" />
    </mem>
  </mem-info>
</gc-end>
<cycle-end id="1182" type="global" contextid="1168" timestamp="2019-07-02T19:36:50.713">
  <attribute name="GC Util" value="176" />
  <attribute name="CPU Util" value="24781087310056" />
  <attribute name="Time Running"value="2200"/>
  <attribute name="Number of cores"value="4"/>
</cycle-end>
<allocation-satisfied id="1183" threadId="0000000000AB3D00" bytesRequested="40" />
<af-end id="1184" timestamp="2019-07-02T19:36:50.713" threadId="0000000000AB4688" success="true" />
<exclusive-end id="1185" timestamp="2019-07-02T19:36:50.713" durationms="4.416" />

<concurrent-kickoff id="1186" timestamp="2019-07-02T19:36:50.719">
  <kickoff reason="threshold reached" targetBytes="1509465" thresholdFreeBytes="206913" remainingFree="204672" tenureFreeBytes="204672" />
</concurrent-kickoff>
<exclusive-start id="1187" timestamp="2019-07-02T19:36:50.719" intervalms="11.129">
  <response-info timems="0.072" idlems="0.045" threads="1" lastid="0000000000ABB500" lastname="Thread-9" />
</exclusive-start>
<cycle-start id="1188" type="global" contextid="0" timestamp="2019-07-02T19:36:50.719" intervalms="11.597" />
  <attribute name="GC Util" value="176" />
  <attribute name="CPU Util" value="24781087310056" />
  <attribute name="Time Running"value="2200"/>
  <attribute name="Number of cores"value="4"/>
<exclusive-end id="1189" timestamp="2019-07-02T19:36:50.719" durationms="0.113" />

<exclusive-start id="1190" timestamp="2019-07-02T19:36:50.720" intervalms="0.459">
  <response-info timems="0.029" idlems="0.029" threads="0" lastid="0000000000AB7900" lastname="Thread-7" />
</exclusive-start>
<af-start id="1191" threadId="0000000000AB8288" totalBytesRequested="40" timestamp="2019-07-02T19:36:50.720" intervalms="11.596" />
<gc-start id="1192" type="global" contextid="1188" timestamp="2019-07-02T19:36:50.720">
  <mem-info id="1193" free="65536" total="14352384" percent="0">
    <mem type="tenure" free="65536" total="14352384" percent="0">
      <mem type="soa" free="0" total="14209024" percent="0" />
      <mem type="loa" free="65536" total="143360" percent="45" />
    </mem>
  </mem-info>
</gc-start>
<allocation-stats totalBytes="9906560" >
  <allocated-bytes non-tlh="0" tlh="9906560" />
  <largest-consumer threadName="Thread-10" threadId="0000000000AB3D00" bytes="2773544" />
</allocation-stats>
<concurrent-halted id="1194" timestamp="2019-07-02T19:36:50.720">
  <halted state="Class scanning incomplete" status="clean trace" />
  <traced bytesTarget="1509465" bytesTotal="650744" bytesByMutator="466420" bytesByHelper="184324" percent="43" />
  <cards cleaned="0" thresholdBytes="81511" />
</concurrent-halted>
<gc-op id="1195" type="tracing" timems="0.408" contextid="1188" timestamp="2019-07-02T19:36:50.721">
  <trace bytesTraced="1238200" workStackOverflowCount="0" />
</gc-op>
<gc-op id="1196" type="card-cleaning" timems="0.100" contextid="1188" timestamp="2019-07-02T19:36:50.721">
  <card-cleaning cardsCleaned="17" bytesTraced="16380" workStackOverflowCount="0" />
</gc-op>
<gc-op id="1197" type="mark" timems="0.706" contextid="1188" timestamp="2019-07-02T19:36:50.721">
  <trace-info objectcount="18620" scancount="14760" scanbytes="462388" />
  <finalization candidates="124" enqueued="0" />
  <ownableSynchronizers candidates="3" cleared="0" />
  <references type="soft" candidates="84" cleared="0" enqueued="0" dynamicThreshold="22" maxThreshold="32" />
  <references type="weak" candidates="776" cleared="0" enqueued="0" />
  <references type="phantom" candidates="63" cleared="0" enqueued="0" />
  <stringconstants candidates="4574" cleared="0"  />
</gc-op>
<gc-op id="1198" type="sweep" timems="0.363" contextid="1188" timestamp="2019-07-02T19:36:50.722" />
<mem-info id="1199" free="10003736" total="14352384" percent="69">
  <mem type="tenure" free="10003736" total="14352384" percent="69" micro-fragmented="13899">
    <mem type="soa" free="9881048" total="14209024" percent="69" />
    <mem type="loa" free="122688" total="143360" percent="85" />
  </mem>
</mem-info>
<gc-op id="1200" type="compact" timems="3.194" contextid="1188" timestamp="2019-07-02T19:36:50.725">
  <compact-info movecount="6143" movebytes="149312" reason="compact to aid heap contraction" />
</gc-op>
<heap-resize id="1201" type="contract" space="tenure" amount="131072" count="1" timems="0.082" reason="excess free space following gc" timestamp="2019-07-02T19:36:50.725" />
<gc-end id="1202" type="global" contextid="1188" durationms="5.520" usertimems="8.000" systemtimems="0.000" timestamp="2019-07-02T19:36:50.725" activeThreads="4">
  <mem-info id="1203" free="9885384" total="14221312" percent="69">
    <mem type="tenure" free="9885384" total="14221312" percent="69">
      <mem type="soa" free="9756360" total="14080000" percent="69" />
      <mem type="loa" free="129024" total="141312" percent="91" />
    </mem>
  </mem-info>
</gc-end>
<cycle-end id="1204" type="global" contextid="1188" timestamp="2019-07-02T19:36:50.726">
  <attribute name="GC Util" value="9" />
  <attribute name="CPU Util" value="81840035581937" />
  <attribute name="Time Running"value="2210"/>
  <attribute name="Number of cores"value="4"/>
</cycle-end>
<allocation-satisfied id="1205" threadId="0000000000AB7900" bytesRequested="40" />
<af-end id="1206" timestamp="2019-07-02T19:36:50.726" threadId="0000000000AB8288" success="true" />
<exclusive-end id="1207" timestamp="2019-07-02T19:36:50.726" durationms="5.903" />

<concurrent-kickoff id="1208" timestamp="2019-07-02T19:36:50.733">
  <kickoff reason="threshold reached" targetBytes="1353850" thresholdFreeBytes="185988" remainingFree="129024" tenureFreeBytes="129024" />
</concurrent-kickoff>
<exclusive-start id="1209" timestamp="2019-07-02T19:36:50.733" intervalms="12.785">
  <response-info timems="0.021" idlems="0.021" threads="0" lastid="0000000000AB3D00" lastname="Thread-10" />
</exclusive-start>
<cycle-start id="1210" type="global" contextid="0" timestamp="2019-07-02T19:36:50.733" intervalms="13.244" />
  <attribute name="GC Util" value="9" />
  <attribute name="CPU Util" value="81840035581937" />
  <attribute name="Time Running"value="2210"/>
  <attribute name="Number of cores"value="4"/>
<exclusive-end id="1211" timestamp="2019-07-02T19:36:50.733" durationms="0.107" />

<exclusive-start id="1212" timestamp="2019-07-02T19:36:50.733" intervalms="0.202">
  <response-info timems="0.020" idlems="0.020" threads="0" lastid="0000000000AB0100" lastname="Thread-8" />
</exclusive-start>
<af-start id="1213" threadId="0000000000AB0A88" totalBytesRequested="40" timestamp="2019-07-02T19:36:50.733" intervalms="12.966" />
<concurrent-aborted id="1214" timestamp="2019-07-02T19:36:50.733">
  <reason value="insufficient progress made" />
</concurrent-aborted>
<cycle-end id="1215" type="global" contextid="1210" timestamp="2019-07-02T19:36:50.733">
  <attribute name="GC Util" value="9" />
  <attribute name="CPU Util" value="81840035581937" />
  <attribute name="Time Running"value="2210"/>
  <attribute name="Number of cores"value="4"/>
</cycle-end>
<cycle-start id="1216" type="global" contextid="0" timestamp="2019-07-02T19:36:50.733" intervalms="0.333" />
  <attribute name="GC Util" value="9" />
  <attribute name="CPU Util" value="81840035581937" />
  <attribute name="Time Running"value="2210"/>
  <attribute name="Number of cores"value="4"/>
<gc-start id="1217" type="global" contextid="1216" timestamp="2019-07-02T19:36:50.733">
  <mem-info id="1218" free="129024" total="14221312" percent="0">
    <mem type="tenure" free="129024" total="14221312" percent="0">
      <mem type="soa" free="0" total="14080000" percent="0" />
      <mem type="loa" free="129024" total="141312" percent="91" />
    </mem>
  </mem-info>
</gc-start>
<allocation-stats totalBytes="9820616" >
  <allocated-bytes non-tlh="0" tlh="9820616" />
  <largest-consumer threadName="Thread-10" threadId="0000000000AB3D00" bytes="2710952" />
</allocation-stats>
<gc-op id="1219" type="mark" timems="1.824" contextid="1216" timestamp="2019-07-02T19:36:50.735">
  <trace-info objectcount="70114" scancount="62540" scanbytes="2374604" />
  <finalization candidates="124" enqueued="0" />
  <ownableSynchronizers candidates="3" cleared="0" />
  <references type="soft" candidates="84" cleared="0" enqueued="0" dynamicThreshold="22" maxThreshold="32" />
  <references type="weak" candidates="776" cleared="0" enqueued="0" />
  <references type="phantom" candidates="63" cleared="0" enqueued="0" />
  <stringconstants candidates="4574" cleared="0"  />
</gc-op>
<gc-op id="1220" type="sweep" timems="0.967" contextid="1216" timestamp="2019-07-02T19:36:50.736" />
<heap-resize id="1221" type="contract" space="tenure" amount="131072" count="1" timems="0.045" reason="excess free space following gc" timestamp="2019-07-02T19:36:50.736" />
<gc-end id="1222" type="global" contextid="1216" durationms="3.078" usertimems="8.000" systemtimems="0.000" timestamp="2019-07-02T19:36:50.736" activeThreads="4">
  <mem-info id="1223" free="9779552" total="14090240" percent="69">
    <mem type="tenure" free="9779552" total="14090240" percent="69" micro-fragmented="9262">
      <mem type="soa" free="9662008" total="13949952" percent="69" />
      <mem type="loa" free="117544" total="140288" percent="83" />
    </mem>
  </mem-info>
</gc-end>
<cycle-end id="1224" type="global" contextid="1216" timestamp="2019-07-02T19:36:50.736">
  <attribute name="GC Util" value="182" />
  <attribute name="CPU Util" value="25617097770440" />
  <attribute name="Time Running"value="2224"/>
  <attribute name="Number of cores"value="4"/>
</cycle-end>
<allocation-satisfied id="1225" threadId="0000000000AB0100" bytesRequested="40" />
<af-end id="1226" timestamp="2019-07-02T19:36:50.736" threadId="0000000000AB0A88" success="true" />
<exclusive-end id="1227" timestamp="2019-07-02T19:36:50.736" durationms="3.470" />

<concurrent-kickoff id="1228" timestamp="2019-07-02T19:36:50.743">
  <kickoff reason="threshold reached" targetBytes="1341373" thresholdFreeBytes="184274" remainingFree="179312" tenureFreeBytes="179312" />
</concurrent-kickoff>
<exclusive-start id="1229" timestamp="2019-07-02T19:36:50.743" intervalms="9.969">
  <response-info timems="0.123" idlems="0.089" threads="1" lastid="0000000000ABB500" lastname="Thread-9" />
</exclusive-start>
<cycle-start id="1230" type="global" contextid="0" timestamp="2019-07-02T19:36:50.743" intervalms="9.845" />
  <attribute name="GC Util" value="182" />
  <attribute name="CPU Util" value="25617097770440" />
  <attribute name="Time Running"value="2224"/>
  <attribute name="Number of cores"value="4"/>
<exclusive-end id="1231" timestamp="2019-07-02T19:36:50.743" durationms="0.128" />

<exclusive-start id="1232" timestamp="2019-07-02T19:36:50.743" intervalms="0.310">
  <response-info timems="0.033" idlems="0.033" threads="0" lastid="0000000000AB3D00" lastname="Thread-10" />
</exclusive-start>
<af-start id="1233" threadId="0000000000AB4688" totalBytesRequested="40" timestamp="2019-07-02T19:36:50.743" intervalms="10.298" />
<concurrent-aborted id="1234" timestamp="2019-07-02T19:36:50.743">
  <reason value="insufficient progress made" />
</concurrent-aborted>
<cycle-end id="1235" type="global" contextid="1230" timestamp="2019-07-02T19:36:50.743">
  <attribute name="GC Util" value="182" />
  <attribute name="CPU Util" value="25617097770440" />
  <attribute name="Time Running"value="2224"/>
  <attribute name="Number of cores"value="4"/>
</cycle-end>
<cycle-start id="1236" type="global" contextid="0" timestamp="2019-07-02T19:36:50.743" intervalms="0.510" />
  <attribute name="GC Util" value="182" />
  <attribute name="CPU Util" value="25617097770440" />
  <attribute name="Time Running"value="2224"/>
  <attribute name="Number of cores"value="4"/>
<gc-start id="1237" type="global" contextid="1236" timestamp="2019-07-02T19:36:50.743">
  <mem-info id="1238" free="117544" total="14090240" percent="0">
    <mem type="tenure" free="117544" total="14090240" percent="0">
      <mem type="soa" free="0" total="13949952" percent="0" />
      <mem type="loa" free="117544" total="140288" percent="83" />
    </mem>
  </mem-info>
</gc-start>
<allocation-stats totalBytes="9657360" >
  <allocated-bytes non-tlh="0" tlh="9657360" />
  <largest-consumer threadName="Thread-7" threadId="0000000000AB7900" bytes="2594336" />
</allocation-stats>
<gc-op id="1239" type="mark" timems="2.100" contextid="1236" timestamp="2019-07-02T19:36:50.746">
  <trace-info objectcount="70803" scancount="63231" scanbytes="2391004" />
  <finalization candidates="124" enqueued="0" />
  <ownableSynchronizers candidates="3" cleared="0" />
  <references type="soft" candidates="84" cleared="0" enqueued="0" dynamicThreshold="22" maxThreshold="32" />
  <references type="weak" candidates="776" cleared="0" enqueued="0" />
  <references type="phantom" candidates="63" cleared="0" enqueued="0" />
  <stringconstants candidates="4574" cleared="0"  />
</gc-op>
<gc-op id="1240" type="sweep" timems="1.146" contextid="1236" timestamp="2019-07-02T19:36:50.747" />
<heap-resize id="1241" type="contract" space="tenure" amount="131072" count="1" timems="0.088" reason="excess free space following gc" timestamp="2019-07-02T19:36:50.747" />
<gc-end id="1242" type="global" contextid="1236" durationms="3.687" usertimems="8.000" systemtimems="0.000" timestamp="2019-07-02T19:36:50.747" activeThreads="4">
  <mem-info id="1243" free="9507352" total="13959168" percent="68">
    <mem type="tenure" free="9507352" total="13959168" percent="68" micro-fragmented="33684">
      <mem type="soa" free="9507352" total="13819904" percent="68" />
      <mem type="loa" free="0" total="139264" percent="0" />
    </mem>
  </mem-info>
</gc-end>
<cycle-end id="1244" type="global" contextid="1236" timestamp="2019-07-02T19:36:50.747">
  <attribute name="GC Util" value="145" />
  <attribute name="CPU Util" value="20285057026143" />
  <attribute name="Time Running"value="2235"/>
  <attribute name="Number of cores"value="4"/>
</cycle-end>
<allocation-satisfied id="1245" threadId="0000000000AB3D00" bytesRequested="40" />
<af-end id="1246" timestamp="2019-07-02T19:36:50.747" threadId="0000000000AB4688" success="true" />
<exclusive-end id="1247" timestamp="2019-07-02T19:36:50.747" durationms="4.226" />

<concurrent-kickoff id="1248" timestamp="2019-07-02T19:36:50.754">
  <kickoff reason="threshold reached" targetBytes="1328894" thresholdFreeBytes="182560" remainingFree="182040" tenureFreeBytes="182040" />
</concurrent-kickoff>
<exclusive-start id="1249" timestamp="2019-07-02T19:36:50.754" intervalms="11.152">
  <response-info timems="0.073" idlems="0.046" threads="1" lastid="0000000000ABB500" lastname="Thread-9" />
</exclusive-start>
<cycle-start id="1250" type="global" contextid="0" timestamp="2019-07-02T19:36:50.754" intervalms="10.947" />
  <attribute name="GC Util" value="145" />
  <attribute name="CPU Util" value="20285057026143" />
  <attribute name="Time Running"value="2235"/>
  <attribute name="Number of cores"value="4"/>
<exclusive-end id="1251" timestamp="2019-07-02T19:36:50.754" durationms="0.113" />

<exclusive-start id="1252" timestamp="2019-07-02T19:36:50.755" intervalms="0.993">
  <response-info timems="0.029" idlems="0.029" threads="0" lastid="0000000000AB7900" lastname="Thread-7" />
</exclusive-start>
<af-start id="1253" threadId="0000000000AB8288" totalBytesRequested="40" timestamp="2019-07-02T19:36:50.755" intervalms="12.135" />
<gc-start id="1254" type="global" contextid="1250" timestamp="2019-07-02T19:36:50.755">
  <mem-info id="1255" free="0" total="13959168" percent="0">
    <mem type="tenure" free="0" total="13959168" percent="0">
      <mem type="soa" free="0" total="13819904" percent="0" />
      <mem type="loa" free="0" total="139264" percent="0" />
    </mem>
  </mem-info>
</gc-start>
<allocation-stats totalBytes="9495864" >
  <allocated-bytes non-tlh="0" tlh="9495864" />
  <largest-consumer threadName="Thread-10" threadId="0000000000AB3D00" bytes="2463840" />
</allocation-stats>
<concurrent-halted id="1256" timestamp="2019-07-02T19:36:50.755">
  <halted state="Class scanning incomplete" status="clean trace" />
  <traced bytesTarget="1328894" bytesTotal="1745896" bytesByMutator="1082208" bytesByHelper="663688" percent="131" />
  <cards cleaned="0" thresholdBytes="71917" />
</concurrent-halted>
<gc-op id="1257" type="tracing" timems="0.243" contextid="1250" timestamp="2019-07-02T19:36:50.756">
  <trace bytesTraced="525152" workStackOverflowCount="0" />
</gc-op>
<gc-op id="1258" type="card-cleaning" timems="0.115" contextid="1250" timestamp="2019-07-02T19:36:50.756">
  <card-cleaning cardsCleaned="26" bytesTraced="23816" workStackOverflowCount="0" />
</gc-op>
<gc-op id="1259" type="mark" timems="0.548" contextid="1250" timestamp="2019-07-02T19:36:50.757">
  <trace-info objectcount="3552" scancount="3986" scanbytes="127240" />
  <finalization candidates="124" enqueued="0" />
  <ownableSynchronizers candidates="3" cleared="0" />
  <references type="soft" candidates="84" cleared="0" enqueued="0" dynamicThreshold="21" maxThreshold="32" />
  <references type="weak" candidates="776" cleared="0" enqueued="0" />
  <references type="phantom" candidates="63" cleared="0" enqueued="0" />
  <stringconstants candidates="4574" cleared="0"  />
</gc-op>
<gc-op id="1260" type="sweep" timems="0.391" contextid="1250" timestamp="2019-07-02T19:36:50.757" />
<mem-info id="1261" free="9437640" total="13959168" percent="67">
  <mem type="tenure" free="9437640" total="13959168" percent="67" micro-fragmented="21830">
    <mem type="soa" free="9437640" total="13819904" percent="68" />
    <mem type="loa" free="0" total="139264" percent="0" />
  </mem>
</mem-info>
<gc-op id="1262" type="compact" timems="3.161" contextid="1250" timestamp="2019-07-02T19:36:50.760">
  <compact-info movecount="3616" movebytes="88848" reason="compact to aid heap contraction" />
</gc-op>
<heap-resize id="1263" type="contract" space="tenure" amount="131072" count="1" timems="0.086" reason="excess free space following gc" timestamp="2019-07-02T19:36:50.760" />
<gc-end id="1264" type="global" contextid="1250" durationms="5.259" usertimems="8.000" systemtimems="0.000" timestamp="2019-07-02T19:36:50.761" activeThreads="4">
  <mem-info id="1265" free="9453480" total="13828096" percent="68">
    <mem type="tenure" free="9453480" total="13828096" percent="68">
      <mem type="soa" free="9323432" total="13689856" percent="68" />
      <mem type="loa" free="130048" total="138240" percent="94" />
    </mem>
  </mem-info>
</gc-end>
<cycle-end id="1266" type="global" contextid="1250" timestamp="2019-07-02T19:36:50.761">
  <attribute name="GC Util" value="12" />
  <attribute name="CPU Util" value="83894215588971" />
  <attribute name="Time Running"value="2245"/>
  <attribute name="Number of cores"value="4"/>
</cycle-end>
<allocation-satisfied id="1267" threadId="0000000000AB7900" bytesRequested="40" />
<af-end id="1268" timestamp="2019-07-02T19:36:50.761" threadId="0000000000AB8288" success="true" />
<exclusive-end id="1269" timestamp="2019-07-02T19:36:50.761" durationms="5.636" />

<concurrent-kickoff id="1270" timestamp="2019-07-02T19:36:50.767">
  <kickoff reason="threshold reached" targetBytes="1451602" thresholdFreeBytes="198987" remainingFree="130048" tenureFreeBytes="130048" />
</concurrent-kickoff>
<exclusive-start id="1271" timestamp="2019-07-02T19:36:50.767" intervalms="12.204">
  <response-info timems="0.020" idlems="0.020" threads="0" lastid="0000000000AB7900" lastname="Thread-7" />
</exclusive-start>
<cycle-start id="1272" type="global" contextid="0" timestamp="2019-07-02T19:36:50.768" intervalms="13.194" />
  <attribute name="GC Util" value="12" />
  <attribute name="CPU Util" value="83894215588971" />
  <attribute name="Time Running"value="2245"/>
  <attribute name="Number of cores"value="4"/>
<exclusive-end id="1273" timestamp="2019-07-02T19:36:50.768" durationms="0.104" />

<exclusive-start id="1274" timestamp="2019-07-02T19:36:50.768" intervalms="0.335">
  <response-info timems="0.019" idlems="0.019" threads="0" lastid="0000000000AB3D00" lastname="Thread-10" />
</exclusive-start>
<af-start id="1275" threadId="0000000000AB4688" totalBytesRequested="40" timestamp="2019-07-02T19:36:50.768" intervalms="12.544" />
<concurrent-aborted id="1276" timestamp="2019-07-02T19:36:50.768">
  <reason value="insufficient progress made" />
</concurrent-aborted>
<cycle-end id="1277" type="global" contextid="1272" timestamp="2019-07-02T19:36:50.768">
  <attribute name="GC Util" value="12" />
  <attribute name="CPU Util" value="83894215588971" />
  <attribute name="Time Running"value="2245"/>
  <attribute name="Number of cores"value="4"/>
</cycle-end>
<cycle-start id="1278" type="global" contextid="0" timestamp="2019-07-02T19:36:50.768" intervalms="0.511" />
  <attribute name="GC Util" value="12" />
  <attribute name="CPU Util" value="83894215588971" />
  <attribute name="Time Running"value="2245"/>
  <attribute name="Number of cores"value="4"/>
<gc-start id="1279" type="global" contextid="1278" timestamp="2019-07-02T19:36:50.768">
  <mem-info id="1280" free="130048" total="13828096" percent="0">
    <mem type="tenure" free="130048" total="13828096" percent="0">
      <mem type="soa" free="0" total="13689856" percent="0" />
      <mem type="loa" free="130048" total="138240" percent="94" />
    </mem>
  </mem-info>
</gc-start>
<allocation-stats totalBytes="9387824" >
  <allocated-bytes non-tlh="0" tlh="9387824" />
  <largest-consumer threadName="Thread-9" threadId="0000000000ABB500" bytes="2457392" />
</allocation-stats>
<gc-op id="1281" type="mark" timems="2.221" contextid="1278" timestamp="2019-07-02T19:36:50.770">
  <trace-info objectcount="71989" scancount="64424" scanbytes="2419444" />
  <finalization candidates="124" enqueued="0" />
  <ownableSynchronizers candidates="3" cleared="0" />
  <references type="soft" candidates="84" cleared="0" enqueued="0" dynamicThreshold="21" maxThreshold="32" />
  <references type="weak" candidates="776" cleared="0" enqueued="0" />
  <references type="phantom" candidates="63" cleared="0" enqueued="0" />
  <stringconstants candidates="4574" cleared="0"  />
</gc-op>
<gc-op id="1282" type="sweep" timems="1.121" contextid="1278" timestamp="2019-07-02T19:36:50.772" />
<heap-resize id="1283" type="contract" space="tenure" amount="131072" count="1" timems="0.087" reason="excess free space following gc" timestamp="2019-07-02T19:36:50.772" />
<gc-end id="1284" type="global" contextid="1278" durationms="3.782" usertimems="12.000" systemtimems="0.000" timestamp="2019-07-02T19:36:50.772" activeThreads="4">
  <mem-info id="1285" free="9225912" total="13697024" percent="67">
    <mem type="tenure" free="9225912" total="13697024" percent="67" micro-fragmented="35449">
      <mem type="soa" free="9225912" total="13560832" percent="68" />
      <mem type="loa" free="0" total="136192" percent="0" />
    </mem>
  </mem-info>
</gc-end>
<cycle-end id="1286" type="global" contextid="1278" timestamp="2019-07-02T19:36:50.772">
  <attribute name="GC Util" value="148" />
  <attribute name="CPU Util" value="20858556306776" />
  <attribute name="Time Running"value="2259"/>
  <attribute name="Number of cores"value="4"/>
</cycle-end>
<allocation-satisfied id="1287" threadId="0000000000AB3D00" bytesRequested="40" />
<af-end id="1288" timestamp="2019-07-02T19:36:50.772" threadId="0000000000AB4688" success="true" />
<exclusive-end id="1289" timestamp="2019-07-02T19:36:50.772" durationms="4.272" />

<concurrent-kickoff id="1290" timestamp="2019-07-02T19:36:50.778">
  <kickoff reason="threshold reached" targetBytes="1437842" thresholdFreeBytes="197102" remainingFree="185568" tenureFreeBytes="185568" />
</concurrent-kickoff>
<exclusive-start id="1291" timestamp="2019-07-02T19:36:50.778" intervalms="10.556">
  <response-info timems="0.076" idlems="0.048" threads="1" lastid="0000000000ABB500" lastname="Thread-9" />
</exclusive-start>
<cycle-start id="1292" type="global" contextid="0" timestamp="2019-07-02T19:36:50.778" intervalms="10.382" />
  <attribute name="GC Util" value="148" />
  <attribute name="CPU Util" value="20858556306776" />
  <attribute name="Time Running"value="2259"/>
  <attribute name="Number of cores"value="4"/>
<exclusive-end id="1293" timestamp="2019-07-02T19:36:50.778" durationms="0.112" />

<exclusive-start id="1294" timestamp="2019-07-02T19:36:50.779" intervalms="0.703">
  <response-info timems="0.022" idlems="0.022" threads="0" lastid="0000000000ABB500" lastname="Thread-9" />
</exclusive-start>
<af-start id="1295" threadId="0000000000ABBE88" totalBytesRequested="40" timestamp="2019-07-02T19:36:50.779" intervalms="11.261" />
<gc-start id="1296" type="global" contextid="1292" timestamp="2019-07-02T19:36:50.779">
  <mem-info id="1297" free="0" total="13697024" percent="0">
    <mem type="tenure" free="0" total="13697024" percent="0">
      <mem type="soa" free="0" total="13560832" percent="0" />
      <mem type="loa" free="0" total="136192" percent="0" />
    </mem>
  </mem-info>
</gc-start>
<allocation-stats totalBytes="9220944" >
  <allocated-bytes non-tlh="0" tlh="9220944" />
  <largest-consumer threadName="Thread-8" threadId="0000000000AB0100" bytes="2578912" />
</allocation-stats>
<concurrent-halted id="1298" timestamp="2019-07-02T19:36:50.779">
  <halted state="Tracing incomplete" status="clean trace" />
  <traced bytesTarget="1437842" bytesTotal="1429360" bytesByMutator="1020888" bytesByHelper="408472" percent="99" />
  <cards cleaned="0" thresholdBytes="77646" />
</concurrent-halted>
<gc-op id="1299" type="tracing" timems="0.547" contextid="1292" timestamp="2019-07-02T19:36:50.780">
  <trace bytesTraced="443848" workStackOverflowCount="0" />
</gc-op>
<gc-op id="1300" type="card-cleaning" timems="0.422" contextid="1292" timestamp="2019-07-02T19:36:50.780">
  <card-cleaning cardsCleaned="22" bytesTraced="22104" workStackOverflowCount="0" />
</gc-op>
<gc-op id="1301" type="mark" timems="1.560" contextid="1292" timestamp="2019-07-02T19:36:50.782">
  <trace-info objectcount="22422" scancount="17578" scanbytes="557028" />
  <finalization candidates="124" enqueued="0" />
  <ownableSynchronizers candidates="3" cleared="0" />
  <references type="soft" candidates="84" cleared="0" enqueued="0" dynamicThreshold="21" maxThreshold="32" />
  <references type="weak" candidates="776" cleared="0" enqueued="0" />
  <references type="phantom" candidates="63" cleared="0" enqueued="0" />
  <stringconstants candidates="4574" cleared="0"  />
</gc-op>
<gc-op id="1302" type="sweep" timems="0.663" contextid="1292" timestamp="2019-07-02T19:36:50.783" />
<mem-info id="1303" free="9140824" total="13697024" percent="66">
  <mem type="tenure" free="9140824" total="13697024" percent="66" micro-fragmented="23108">
    <mem type="soa" free="9140824" total="13560832" percent="67" />
    <mem type="loa" free="0" total="136192" percent="0" />
  </mem>
</mem-info>
<gc-op id="1304" type="compact" timems="4.444" contextid="1292" timestamp="2019-07-02T19:36:50.787">
  <compact-info movecount="3500" movebytes="87208" reason="compact to aid heap contraction" />
</gc-op>
<heap-resize id="1305" type="contract" space="tenure" amount="131072" count="1" timems="0.082" reason="excess free space following gc" timestamp="2019-07-02T19:36:50.788" />
<gc-end id="1306" type="global" contextid="1292" durationms="8.453" usertimems="16.000" systemtimems="0.000" timestamp="2019-07-02T19:36:50.788" activeThreads="4">
  <mem-info id="1307" free="9155512" total="13565952" percent="67">
    <mem type="tenure" free="9155512" total="13565952" percent="67">
      <mem type="soa" free="9025464" total="13430784" percent="67" />
      <mem type="loa" free="130048" total="135168" percent="96" />
    </mem>
  </mem-info>
</gc-end>
<cycle-end id="1308" type="global" contextid="1292" timestamp="2019-07-02T19:36:50.788">
  <attribute name="GC Util" value="135" />
  <attribute name="CPU Util" value="50294853521828" />
  <attribute name="Time Running"value="2271"/>
  <attribute name="Number of cores"value="4"/>
</cycle-end>
<allocation-satisfied id="1309" threadId="0000000000ABB500" bytesRequested="40" />
<af-end id="1310" timestamp="2019-07-02T19:36:50.788" threadId="0000000000ABBE88" success="true" />
<exclusive-end id="1311" timestamp="2019-07-02T19:36:50.788" durationms="8.974" />

<concurrent-kickoff id="1312" timestamp="2019-07-02T19:36:50.795">
  <kickoff reason="threshold reached" targetBytes="1469841" thresholdFreeBytes="201357" remainingFree="177080" tenureFreeBytes="177080" />
</concurrent-kickoff>
<exclusive-start id="1313" timestamp="2019-07-02T19:36:50.795" intervalms="15.598">
  <response-info timems="0.024" idlems="0.024" threads="0" lastid="0000000000AB0100" lastname="Thread-8" />
</exclusive-start>
<cycle-start id="1314" type="global" contextid="0" timestamp="2019-07-02T19:36:50.795" intervalms="16.292" />
  <attribute name="GC Util" value="135" />
  <attribute name="CPU Util" value="50294853521828" />
  <attribute name="Time Running"value="2271"/>
  <attribute name="Number of cores"value="4"/>
<exclusive-end id="1315" timestamp="2019-07-02T19:36:50.795" durationms="0.089" />

<exclusive-start id="1316" timestamp="2019-07-02T19:36:50.795" intervalms="0.378">
  <response-info timems="0.025" idlems="0.025" threads="0" lastid="0000000000AB7900" lastname="Thread-7" />
</exclusive-start>
<af-start id="1317" threadId="0000000000AB8288" totalBytesRequested="40" timestamp="2019-07-02T19:36:50.795" intervalms="15.972" />
<concurrent-aborted id="1318" timestamp="2019-07-02T19:36:50.795">
  <reason value="insufficient progress made" />
</concurrent-aborted>
<cycle-end id="1319" type="global" contextid="1314" timestamp="2019-07-02T19:36:50.795">
  <attribute name="GC Util" value="135" />
  <attribute name="CPU Util" value="50294853521828" />
  <attribute name="Time Running"value="2271"/>
  <attribute name="Number of cores"value="4"/>
</cycle-end>
<cycle-start id="1320" type="global" contextid="0" timestamp="2019-07-02T19:36:50.795" intervalms="0.551" />
  <attribute name="GC Util" value="135" />
  <attribute name="CPU Util" value="50294853521828" />
  <attribute name="Time Running"value="2271"/>
  <attribute name="Number of cores"value="4"/>
<gc-start id="1321" type="global" contextid="1320" timestamp="2019-07-02T19:36:50.795">
  <mem-info id="1322" free="130048" total="13565952" percent="0">
    <mem type="tenure" free="130048" total="13565952" percent="0">
      <mem type="soa" free="0" total="13430784" percent="0" />
      <mem type="loa" free="130048" total="135168" percent="96" />
    </mem>
  </mem-info>
</gc-start>
<allocation-stats totalBytes="9089632" >
  <allocated-bytes non-tlh="0" tlh="9089632" />
  <largest-consumer threadName="Thread-9" threadId="0000000000ABB500" bytes="2457152" />
</allocation-stats>
<gc-op id="1323" type="mark" timems="1.060" contextid="1320" timestamp="2019-07-02T19:36:50.796">
  <trace-info objectcount="73145" scancount="65603" scanbytes="2446756" />
  <finalization candidates="124" enqueued="0" />
  <ownableSynchronizers candidates="3" cleared="0" />
  <references type="soft" candidates="84" cleared="0" enqueued="0" dynamicThreshold="21" maxThreshold="32" />
  <references type="weak" candidates="776" cleared="0" enqueued="0" />
  <references type="phantom" candidates="63" cleared="0" enqueued="0" />
  <stringconstants candidates="4574" cleared="0"  />
</gc-op>
<gc-op id="1324" type="sweep" timems="0.292" contextid="1320" timestamp="2019-07-02T19:36:50.797" />
<heap-resize id="1325" type="contract" space="tenure" amount="131072" count="1" timems="0.092" reason="excess free space following gc" timestamp="2019-07-02T19:36:50.797" />
<gc-end id="1326" type="global" contextid="1320" durationms="1.770" usertimems="4.000" systemtimems="0.000" timestamp="2019-07-02T19:36:50.797" activeThreads="4">
  <mem-info id="1327" free="9041808" total="13434880" percent="67">
    <mem type="tenure" free="9041808" total="13434880" percent="67" micro-fragmented="9228">
      <mem type="soa" free="8942664" total="13300736" percent="67" />
      <mem type="loa" free="99144" total="134144" percent="73" />
    </mem>
  </mem-info>
</gc-end>
<cycle-end id="1328" type="global" contextid="1320" timestamp="2019-07-02T19:36:50.797">
  <attribute name="GC Util" value="24" />
  <attribute name="CPU Util" value="91842013884927" />
  <attribute name="Time Running"value="2285"/>
  <attribute name="Number of cores"value="4"/>
</cycle-end>
<allocation-satisfied id="1329" threadId="0000000000AB7900" bytesRequested="40" />
<af-end id="1330" timestamp="2019-07-02T19:36:50.797" threadId="0000000000AB8288" success="true" />
<exclusive-end id="1331" timestamp="2019-07-02T19:36:50.797" durationms="2.267" />

<concurrent-kickoff id="1332" timestamp="2019-07-02T19:36:50.803">
  <kickoff reason="threshold reached" targetBytes="1455640" thresholdFreeBytes="199411" remainingFree="195608" tenureFreeBytes="195608" />
</concurrent-kickoff>
<exclusive-start id="1333" timestamp="2019-07-02T19:36:50.803" intervalms="8.380">
  <response-info timems="0.068" idlems="0.044" threads="1" lastid="0000000000ABB500" lastname="Thread-9" />
</exclusive-start>
<cycle-start id="1334" type="global" contextid="0" timestamp="2019-07-02T19:36:50.803" intervalms="8.221" />
  <attribute name="GC Util" value="24" />
  <attribute name="CPU Util" value="91842013884927" />
  <attribute name="Time Running"value="2285"/>
  <attribute name="Number of cores"value="4"/>
<exclusive-end id="1335" timestamp="2019-07-02T19:36:50.804" durationms="0.116" />

<exclusive-start id="1336" timestamp="2019-07-02T19:36:50.804" intervalms="0.356">
  <response-info timems="0.019" idlems="0.019" threads="0" lastid="0000000000AB3D00" lastname="Thread-10" />
</exclusive-start>
<af-start id="1337" threadId="0000000000AB4688" totalBytesRequested="40" timestamp="2019-07-02T19:36:50.804" intervalms="8.731" />
<gc-start id="1338" type="global" contextid="1334" timestamp="2019-07-02T19:36:50.804">
  <mem-info id="1339" free="99144" total="13434880" percent="0">
    <mem type="tenure" free="99144" total="13434880" percent="0">
      <mem type="soa" free="0" total="13300736" percent="0" />
      <mem type="loa" free="99144" total="134144" percent="73" />
    </mem>
  </mem-info>
</gc-start>
<allocation-stats totalBytes="8937320" >
  <allocated-bytes non-tlh="0" tlh="8937320" />
  <largest-consumer threadName="Thread-8" threadId="0000000000AB0100" bytes="2549400" />
</allocation-stats>
<concurrent-halted id="1340" timestamp="2019-07-02T19:36:50.804">
  <halted state="Tracing incomplete" status="trace only" />
  <traced bytesTarget="1455640" bytesTotal="91384" bytesByMutator="34992" bytesByHelper="56392" percent="6" />
  <cards cleaned="0" thresholdBytes="78555" />
</concurrent-halted>
<gc-op id="1341" type="tracing" timems="0.864" contextid="1334" timestamp="2019-07-02T19:36:50.805">
  <trace bytesTraced="1843944" workStackOverflowCount="0" />
</gc-op>
<gc-op id="1342" type="card-cleaning" timems="0.469" contextid="1334" timestamp="2019-07-02T19:36:50.805">
  <card-cleaning cardsCleaned="14" bytesTraced="8004" workStackOverflowCount="0" />
</gc-op>
<gc-op id="1343" type="mark" timems="1.522" contextid="1334" timestamp="2019-07-02T19:36:50.807">
  <trace-info objectcount="21774" scancount="16747" scanbytes="531336" />
  <finalization candidates="124" enqueued="0" />
  <ownableSynchronizers candidates="3" cleared="0" />
  <references type="soft" candidates="84" cleared="0" enqueued="0" dynamicThreshold="21" maxThreshold="32" />
  <references type="weak" candidates="776" cleared="0" enqueued="0" />
  <references type="phantom" candidates="63" cleared="0" enqueued="0" />
  <stringconstants candidates="4574" cleared="0"  />
</gc-op>
<gc-op id="1344" type="sweep" timems="0.985" contextid="1334" timestamp="2019-07-02T19:36:50.808" />
<mem-info id="1345" free="8976888" total="13434880" percent="66">
  <mem type="tenure" free="8976888" total="13434880" percent="66" micro-fragmented="26910">
    <mem type="soa" free="8872264" total="13300736" percent="66" />
    <mem type="loa" free="104624" total="134144" percent="77" />
  </mem>
</mem-info>
<gc-op id="1346" type="compact" timems="4.401" contextid="1334" timestamp="2019-07-02T19:36:50.813">
  <compact-info movecount="2757" movebytes="68288" reason="compact to aid heap contraction" />
</gc-op>
<heap-resize id="1347" type="contract" space="tenure" amount="131072" count="1" timems="0.067" reason="excess free space following gc" timestamp="2019-07-02T19:36:50.813" />
<gc-end id="1348" type="global" contextid="1334" durationms="8.988" usertimems="16.000" systemtimems="0.000" timestamp="2019-07-02T19:36:50.813" activeThreads="4">
  <mem-info id="1349" free="8870056" total="13303808" percent="66">
    <mem type="tenure" free="8870056" total="13303808" percent="66">
      <mem type="soa" free="8741032" total="13171712" percent="66" />
      <mem type="loa" free="129024" total="132096" percent="97" />
    </mem>
  </mem-info>
</gc-end>
<cycle-end id="1350" type="global" contextid="1334" timestamp="2019-07-02T19:36:50.813">
  <attribute name="GC Util" value="200" />
  <attribute name="CPU Util" value="55566498824729" />
  <attribute name="Time Running"value="2296"/>
  <attribute name="Number of cores"value="4"/>
</cycle-end>
<allocation-satisfied id="1351" threadId="0000000000AB3D00" bytesRequested="40" />
<af-end id="1352" timestamp="2019-07-02T19:36:50.813" threadId="0000000000AB4688" success="true" />
<exclusive-end id="1353" timestamp="2019-07-02T19:36:50.813" durationms="9.320" />

<concurrent-kickoff id="1354" timestamp="2019-07-02T19:36:50.820">
  <kickoff reason="threshold reached" targetBytes="1238471" thresholdFreeBytes="169405" remainingFree="153768" tenureFreeBytes="153768" />
</concurrent-kickoff>
<exclusive-start id="1355" timestamp="2019-07-02T19:36:50.820" intervalms="15.906">
  <response-info timems="0.030" idlems="0.030" threads="0" lastid="0000000000AB7900" lastname="Thread-7" />
</exclusive-start>
<cycle-start id="1356" type="global" contextid="0" timestamp="2019-07-02T19:36:50.820" intervalms="16.262" />
  <attribute name="GC Util" value="200" />
  <attribute name="CPU Util" value="55566498824729" />
  <attribute name="Time Running"value="2296"/>
  <attribute name="Number of cores"value="4"/>
<exclusive-end id="1357" timestamp="2019-07-02T19:36:50.820" durationms="0.116" />

<exclusive-start id="1358" timestamp="2019-07-02T19:36:50.820" intervalms="0.257">
  <response-info timems="0.018" idlems="0.018" threads="0" lastid="0000000000AB7900" lastname="Thread-7" />
</exclusive-start>
<af-start id="1359" threadId="0000000000AB8288" totalBytesRequested="40" timestamp="2019-07-02T19:36:50.820" intervalms="16.162" />
<concurrent-aborted id="1360" timestamp="2019-07-02T19:36:50.820">
  <reason value="insufficient progress made" />
</concurrent-aborted>
<cycle-end id="1361" type="global" contextid="1356" timestamp="2019-07-02T19:36:50.820">
  <attribute name="GC Util" value="200" />
  <attribute name="CPU Util" value="55566498824729" />
  <attribute name="Time Running"value="2296"/>
  <attribute name="Number of cores"value="4"/>
</cycle-end>
<cycle-start id="1362" type="global" contextid="0" timestamp="2019-07-02T19:36:50.820" intervalms="0.407" />
  <attribute name="GC Util" value="200" />
  <attribute name="CPU Util" value="55566498824729" />
  <attribute name="Time Running"value="2296"/>
  <attribute name="Number of cores"value="4"/>
<gc-start id="1363" type="global" contextid="1362" timestamp="2019-07-02T19:36:50.820">
  <mem-info id="1364" free="129024" total="13303808" percent="0">
    <mem type="tenure" free="129024" total="13303808" percent="0">
      <mem type="soa" free="0" total="13171712" percent="0" />
      <mem type="loa" free="129024" total="132096" percent="97" />
    </mem>
  </mem-info>
</gc-start>
<allocation-stats totalBytes="8805416" >
  <allocated-bytes non-tlh="0" tlh="8805416" />
  <largest-consumer threadName="Thread-7" threadId="0000000000AB7900" bytes="2351024" />
</allocation-stats>
<gc-op id="1365" type="mark" timems="1.068" contextid="1362" timestamp="2019-07-02T19:36:50.821">
  <trace-info objectcount="74427" scancount="66835" scanbytes="2477588" />
  <finalization candidates="124" enqueued="0" />
  <ownableSynchronizers candidates="3" cleared="0" />
  <references type="soft" candidates="84" cleared="0" enqueued="0" dynamicThreshold="21" maxThreshold="32" />
  <references type="weak" candidates="776" cleared="0" enqueued="0" />
  <references type="phantom" candidates="63" cleared="0" enqueued="0" />
  <stringconstants candidates="4574" cleared="0"  />
</gc-op>
<gc-op id="1366" type="sweep" timems="0.291" contextid="1362" timestamp="2019-07-02T19:36:50.822" />
<heap-resize id="1367" type="contract" space="tenure" amount="131072" count="1" timems="0.086" reason="excess free space following gc" timestamp="2019-07-02T19:36:50.822" />
<gc-end id="1368" type="global" contextid="1362" durationms="1.809" usertimems="0.000" systemtimems="4.000" timestamp="2019-07-02T19:36:50.822" activeThreads="4">
  <mem-info id="1369" free="8755536" total="13172736" percent="66">
    <mem type="tenure" free="8755536" total="13172736" percent="66" micro-fragmented="11778">
      <mem type="soa" free="8643160" total="13041664" percent="66" />
      <mem type="loa" free="112376" total="131072" percent="85" />
    </mem>
  </mem-info>
</gc-end>
<cycle-end id="1370" type="global" contextid="1362" timestamp="2019-07-02T19:36:50.822">
  <attribute name="GC Util" value="28" />
  <attribute name="CPU Util" value="92645529442354" />
  <attribute name="Time Running"value="2310"/>
  <attribute name="Number of cores"value="4"/>
</cycle-end>
<allocation-satisfied id="1371" threadId="0000000000AB7900" bytesRequested="40" />
<af-end id="1372" timestamp="2019-07-02T19:36:50.822" threadId="0000000000AB8288" success="true" />
<exclusive-end id="1373" timestamp="2019-07-02T19:36:50.822" durationms="2.277" />

<concurrent-kickoff id="1374" timestamp="2019-07-02T19:36:50.828">
  <kickoff reason="threshold reached" targetBytes="1226270" thresholdFreeBytes="167736" remainingFree="132528" tenureFreeBytes="132528" />
</concurrent-kickoff>
<exclusive-start id="1375" timestamp="2019-07-02T19:36:50.828" intervalms="8.234">
  <response-info timems="0.026" idlems="0.026" threads="0" lastid="0000000000ABB500" lastname="Thread-9" />
</exclusive-start>
<cycle-start id="1376" type="global" contextid="0" timestamp="2019-07-02T19:36:50.828" intervalms="8.089" />
  <attribute name="GC Util" value="28" />
  <attribute name="CPU Util" value="92645529442354" />
  <attribute name="Time Running"value="2310"/>
  <attribute name="Number of cores"value="4"/>
<exclusive-end id="1377" timestamp="2019-07-02T19:36:50.828" durationms="0.132" />

<exclusive-start id="1378" timestamp="2019-07-02T19:36:50.828" intervalms="0.277">
  <response-info timems="0.018" idlems="0.018" threads="0" lastid="0000000000ABB500" lastname="Thread-9" />
</exclusive-start>
<af-start id="1379" threadId="0000000000ABBE88" totalBytesRequested="40" timestamp="2019-07-02T19:36:50.828" intervalms="8.513" />
<concurrent-aborted id="1380" timestamp="2019-07-02T19:36:50.829">
  <reason value="insufficient progress made" />
</concurrent-aborted>
<cycle-end id="1381" type="global" contextid="1376" timestamp="2019-07-02T19:36:50.829">
  <attribute name="GC Util" value="28" />
  <attribute name="CPU Util" value="92645529442354" />
  <attribute name="Time Running"value="2310"/>
  <attribute name="Number of cores"value="4"/>
</cycle-end>
<cycle-start id="1382" type="global" contextid="0" timestamp="2019-07-02T19:36:50.829" intervalms="0.451" />
  <attribute name="GC Util" value="28" />
  <attribute name="CPU Util" value="92645529442354" />
  <attribute name="Time Running"value="2310"/>
  <attribute name="Number of cores"value="4"/>
<gc-start id="1383" type="global" contextid="1382" timestamp="2019-07-02T19:36:50.829">
  <mem-info id="1384" free="112376" total="13172736" percent="0">
    <mem type="tenure" free="112376" total="13172736" percent="0">
      <mem type="soa" free="0" total="13041664" percent="0" />
      <mem type="loa" free="112376" total="131072" percent="85" />
    </mem>
  </mem-info>
</gc-start>
<allocation-stats totalBytes="8638240" >
  <allocated-bytes non-tlh="0" tlh="8638240" />
  <largest-consumer threadName="Thread-8" threadId="0000000000AB0100" bytes="2447048" />
</allocation-stats>
<gc-op id="1385" type="mark" timems="2.193" contextid="1382" timestamp="2019-07-02T19:36:50.831">
  <trace-info objectcount="75154" scancount="67579" scanbytes="2495548" />
  <finalization candidates="124" enqueued="0" />
  <ownableSynchronizers candidates="3" cleared="0" />
  <references type="soft" candidates="84" cleared="0" enqueued="0" dynamicThreshold="21" maxThreshold="32" />
  <references type="weak" candidates="776" cleared="0" enqueued="0" />
  <references type="phantom" candidates="63" cleared="0" enqueued="0" />
  <stringconstants candidates="4574" cleared="0"  />
</gc-op>
<gc-op id="1386" type="sweep" timems="0.976" contextid="1382" timestamp="2019-07-02T19:36:50.832" />
<mem-info id="1387" free="8693824" total="13172736" percent="65">
  <mem type="tenure" free="8693824" total="13172736" percent="65" micro-fragmented="56622">
    <mem type="soa" free="8579448" total="13041664" percent="65" />
    <mem type="loa" free="114376" total="131072" percent="87" />
  </mem>
</mem-info>
<gc-op id="1388" type="compact" timems="4.382" contextid="1382" timestamp="2019-07-02T19:36:50.837">
  <compact-info movecount="2814" movebytes="69224" reason="compact to aid heap contraction" />
</gc-op>
<heap-resize id="1389" type="contract" space="tenure" amount="65536" count="1" timems="0.069" reason="excess free space following gc" timestamp="2019-07-02T19:36:50.837" />
<gc-end id="1390" type="global" contextid="1382" durationms="8.161" usertimems="16.000" systemtimems="0.000" timestamp="2019-07-02T19:36:50.837" activeThreads="4">
  <mem-info id="1391" free="8650720" total="13107200" percent="65">
    <mem type="tenure" free="8650720" total="13107200" percent="65">
      <mem type="soa" free="8519648" total="12976128" percent="65" />
      <mem type="loa" free="131072" total="131072" percent="100" />
    </mem>
  </mem-info>
</gc-end>
<cycle-end id="1392" type="global" contextid="1382" timestamp="2019-07-02T19:36:50.837">
  <attribute name="GC Util" value="147" />
  <attribute name="CPU Util" value="40705743748812" />
  <attribute name="Time Running"value="2320"/>
  <attribute name="Number of cores"value="4"/>
</cycle-end>
<allocation-satisfied id="1393" threadId="0000000000ABB500" bytesRequested="40" />
<af-end id="1394" timestamp="2019-07-02T19:36:50.837" threadId="0000000000ABBE88" success="true" />
<exclusive-end id="1395" timestamp="2019-07-02T19:36:50.837" durationms="8.758" />

<concurrent-kickoff id="1396" timestamp="2019-07-02T19:36:50.843">
  <kickoff reason="threshold reached" targetBytes="1220168" thresholdFreeBytes="166901" remainingFree="131072" tenureFreeBytes="131072" />
</concurrent-kickoff>
<exclusive-start id="1397" timestamp="2019-07-02T19:36:50.843" intervalms="14.742">
  <response-info timems="0.049" idlems="0.037" threads="2" lastid="0000000000AB7900" lastname="Thread-7" />
</exclusive-start>
<af-start id="1398" threadId="0000000000ABBE88" totalBytesRequested="40" timestamp="2019-07-02T19:36:50.843" intervalms="14.748" />
<concurrent-aborted id="1399" timestamp="2019-07-02T19:36:50.843">
  <reason value="insufficient progress made" />
</concurrent-aborted>
<cycle-end id="1400" type="global" contextid="1376" timestamp="2019-07-02T19:36:50.843">
  <attribute name="GC Util" value="147" />
  <attribute name="CPU Util" value="40705743748812" />
  <attribute name="Time Running"value="2320"/>
  <attribute name="Number of cores"value="4"/>
</cycle-end>
<cycle-start id="1401" type="global" contextid="0" timestamp="2019-07-02T19:36:50.843" intervalms="14.746" />
  <attribute name="GC Util" value="147" />
  <attribute name="CPU Util" value="40705743748812" />
  <attribute name="Time Running"value="2320"/>
  <attribute name="Number of cores"value="4"/>
<gc-start id="1402" type="global" contextid="1401" timestamp="2019-07-02T19:36:50.843">
  <mem-info id="1403" free="131072" total="13107200" percent="1">
    <mem type="tenure" free="131072" total="13107200" percent="1">
      <mem type="soa" free="0" total="12976128" percent="0" />
      <mem type="loa" free="131072" total="131072" percent="100" />
    </mem>
  </mem-info>
</gc-start>
<allocation-stats totalBytes="8584000" >
  <allocated-bytes non-tlh="0" tlh="8584000" />
  <largest-consumer threadName="Thread-9" threadId="0000000000ABB500" bytes="2588288" />
</allocation-stats>
<gc-op id="1404" type="mark" timems="1.793" contextid="1401" timestamp="2019-07-02T19:36:50.845">
  <trace-info objectcount="70796" scancount="63210" scanbytes="2390284" />
  <finalization candidates="124" enqueued="0" />
  <ownableSynchronizers candidates="3" cleared="0" />
  <references type="soft" candidates="84" cleared="0" enqueued="0" dynamicThreshold="21" maxThreshold="32" />
  <references type="weak" candidates="776" cleared="0" enqueued="0" />
  <references type="phantom" candidates="63" cleared="0" enqueued="0" />
  <stringconstants candidates="4574" cleared="0"  />
</gc-op>
<gc-op id="1405" type="sweep" timems="0.931" contextid="1401" timestamp="2019-07-02T19:36:50.846" />
<heap-resize id="1406" type="contract" space="tenure" amount="65536" count="1" timems="0.082" reason="excess free space following gc" timestamp="2019-07-02T19:36:50.847" />
<gc-end id="1407" type="global" contextid="1401" durationms="3.175" usertimems="4.000" systemtimems="4.000" timestamp="2019-07-02T19:36:50.847" activeThreads="4">
  <mem-info id="1408" free="8568992" total="13041664" percent="65">
    <mem type="tenure" free="8568992" total="13041664" percent="65" micro-fragmented="110941">
      <mem type="soa" free="8503456" total="12911616" percent="65" />
      <mem type="loa" free="65536" total="130048" percent="50" />
    </mem>
  </mem-info>
</gc-end>
<cycle-end id="1409" type="global" contextid="1401" timestamp="2019-07-02T19:36:50.847">
  <attribute name="GC Util" value="189" />
  <attribute name="CPU Util" value="26632744004017" />
  <attribute name="Time Running"value="2334"/>
  <attribute name="Number of cores"value="4"/>
</cycle-end>
<allocation-satisfied id="1410" threadId="0000000000ABB500" bytesRequested="40" />
<af-end id="1411" timestamp="2019-07-02T19:36:50.847" threadId="0000000000ABBE88" success="true" />
<exclusive-end id="1412" timestamp="2019-07-02T19:36:50.847" durationms="3.707" />

<concurrent-kickoff id="1413" timestamp="2019-07-02T19:36:50.852">
  <kickoff reason="threshold reached" targetBytes="1214067" thresholdFreeBytes="166067" remainingFree="165560" tenureFreeBytes="165560" />
</concurrent-kickoff>
<exclusive-start id="1414" timestamp="2019-07-02T19:36:50.852" intervalms="8.743">
  <response-info timems="0.059" idlems="0.036" threads="1" lastid="0000000000AB7900" lastname="Thread-7" />
</exclusive-start>
<cycle-start id="1415" type="global" contextid="0" timestamp="2019-07-02T19:36:50.852" intervalms="8.558" />
  <attribute name="GC Util" value="189" />
  <attribute name="CPU Util" value="26632744004017" />
  <attribute name="Time Running"value="2334"/>
  <attribute name="Number of cores"value="4"/>
<exclusive-end id="1416" timestamp="2019-07-02T19:36:50.852" durationms="0.119" />

<exclusive-start id="1417" timestamp="2019-07-02T19:36:50.852" intervalms="0.309">
  <response-info timems="0.019" idlems="0.019" threads="0" lastid="0000000000ABB500" lastname="Thread-9" />
</exclusive-start>
<af-start id="1418" threadId="0000000000ABBE88" totalBytesRequested="24" timestamp="2019-07-02T19:36:50.852" intervalms="9.044" />
<gc-start id="1419" type="global" contextid="1415" timestamp="2019-07-02T19:36:50.852">
  <mem-info id="1420" free="65536" total="13041664" percent="0">
    <mem type="tenure" free="65536" total="13041664" percent="0">
      <mem type="soa" free="0" total="12911616" percent="0" />
      <mem type="loa" free="65536" total="130048" percent="50" />
    </mem>
  </mem-info>
</gc-start>
<allocation-stats totalBytes="8499920" >
  <allocated-bytes non-tlh="0" tlh="8499920" />
  <largest-consumer threadName="Thread-9" threadId="0000000000ABB500" bytes="3148568" />
</allocation-stats>
<concurrent-halted id="1421" timestamp="2019-07-02T19:36:50.852">
  <halted state="Tracing incomplete" status="trace only" />
  <traced bytesTarget="1214067" bytesTotal="70124" bytesByMutator="45864" bytesByHelper="24260" percent="5" />
  <cards cleaned="0" thresholdBytes="65420" />
</concurrent-halted>
<gc-op id="1422" type="tracing" timems="0.854" contextid="1415" timestamp="2019-07-02T19:36:50.853">
  <trace bytesTraced="1829408" workStackOverflowCount="0" />
</gc-op>
<gc-op id="1423" type="card-cleaning" timems="0.431" contextid="1415" timestamp="2019-07-02T19:36:50.854">
  <card-cleaning cardsCleaned="16" bytesTraced="9756" workStackOverflowCount="0" />
</gc-op>
<gc-op id="1424" type="mark" timems="1.502" contextid="1415" timestamp="2019-07-02T19:36:50.855">
  <trace-info objectcount="21720" scancount="16692" scanbytes="529896" />
  <finalization candidates="124" enqueued="0" />
  <ownableSynchronizers candidates="3" cleared="0" />
  <references type="soft" candidates="84" cleared="0" enqueued="0" dynamicThreshold="21" maxThreshold="32" />
  <references type="weak" candidates="776" cleared="0" enqueued="0" />
  <references type="phantom" candidates="63" cleared="0" enqueued="0" />
  <stringconstants candidates="4574" cleared="0"  />
</gc-op>
<gc-op id="1425" type="sweep" timems="1.060" contextid="1415" timestamp="2019-07-02T19:36:50.857" />
<heap-resize id="1426" type="contract" space="tenure" amount="65536" count="1" timems="0.095" reason="excess free space following gc" timestamp="2019-07-02T19:36:50.857" />
<gc-end id="1427" type="global" contextid="1415" durationms="4.425" usertimems="8.000" systemtimems="0.000" timestamp="2019-07-02T19:36:50.857" activeThreads="4">
  <mem-info id="1428" free="8342480" total="12976128" percent="64">
    <mem type="tenure" free="8342480" total="12976128" percent="64" micro-fragmented="108542">
      <mem type="soa" free="8342480" total="12847104" percent="64" />
      <mem type="loa" free="0" total="129024" percent="0" />
    </mem>
  </mem-info>
</gc-end>
<cycle-end id="1429" type="global" contextid="1415" timestamp="2019-07-02T19:36:50.857">
  <attribute name="GC Util" value="176" />
  <attribute name="CPU Util" value="24715744242066" />
  <attribute name="Time Running"value="2344"/>
  <attribute name="Number of cores"value="4"/>
</cycle-end>
<allocation-satisfied id="1430" threadId="0000000000ABB500" bytesRequested="24" />
<af-end id="1431" timestamp="2019-07-02T19:36:50.857" threadId="0000000000ABBE88" success="true" />
<exclusive-end id="1432" timestamp="2019-07-02T19:36:50.857" durationms="4.790" />

<concurrent-kickoff id="1433" timestamp="2019-07-02T19:36:50.862">
  <kickoff reason="threshold reached" targetBytes="1034671" thresholdFreeBytes="141641" remainingFree="133632" tenureFreeBytes="133632" />
</concurrent-kickoff>
<exclusive-start id="1434" timestamp="2019-07-02T19:36:50.862" intervalms="9.682">
  <response-info timems="0.054" idlems="0.030" threads="1" lastid="0000000000ABB500" lastname="Thread-9" />
</exclusive-start>
<cycle-start id="1435" type="global" contextid="0" timestamp="2019-07-02T19:36:50.862" intervalms="9.982" />
  <attribute name="GC Util" value="176" />
  <attribute name="CPU Util" value="24715744242066" />
  <attribute name="Time Running"value="2344"/>
  <attribute name="Number of cores"value="4"/>
<exclusive-end id="1436" timestamp="2019-07-02T19:36:50.862" durationms="0.097" />

<exclusive-start id="1437" timestamp="2019-07-02T19:36:50.863" intervalms="0.921">
  <response-info timems="0.022" idlems="0.022" threads="0" lastid="0000000000AB3D00" lastname="Thread-10" />
</exclusive-start>
<af-start id="1438" threadId="0000000000AB4688" totalBytesRequested="40" timestamp="2019-07-02T19:36:50.863" intervalms="10.615" />
<gc-start id="1439" type="global" contextid="1435" timestamp="2019-07-02T19:36:50.863">
  <mem-info id="1440" free="0" total="12976128" percent="0">
    <mem type="tenure" free="0" total="12976128" percent="0">
      <mem type="soa" free="0" total="12847104" percent="0" />
      <mem type="loa" free="0" total="129024" percent="0" />
    </mem>
  </mem-info>
</gc-start>
<allocation-stats totalBytes="8331456" >
  <allocated-bytes non-tlh="0" tlh="8331456" />
  <largest-consumer threadName="Thread-9" threadId="0000000000ABB500" bytes="2976008" />
</allocation-stats>
<concurrent-halted id="1441" timestamp="2019-07-02T19:36:50.863">
  <halted state="Class scanning incomplete" status="clean trace" />
  <traced bytesTarget="1034671" bytesTotal="1440268" bytesByMutator="953448" bytesByHelper="486820" percent="139" />
  <cards cleaned="0" thresholdBytes="55797" />
</concurrent-halted>
<gc-op id="1442" type="tracing" timems="0.481" contextid="1435" timestamp="2019-07-02T19:36:50.864">
  <trace bytesTraced="842032" workStackOverflowCount="0" />
</gc-op>
<gc-op id="1443" type="card-cleaning" timems="0.418" contextid="1435" timestamp="2019-07-02T19:36:50.864">
  <card-cleaning cardsCleaned="24" bytesTraced="17972" workStackOverflowCount="0" />
</gc-op>
<gc-op id="1444" type="mark" timems="1.422" contextid="1435" timestamp="2019-07-02T19:36:50.866">
  <trace-info objectcount="6095" scancount="5861" scanbytes="171544" />
  <finalization candidates="124" enqueued="0" />
  <ownableSynchronizers candidates="3" cleared="0" />
  <references type="soft" candidates="84" cleared="0" enqueued="0" dynamicThreshold="20" maxThreshold="32" />
  <references type="weak" candidates="776" cleared="0" enqueued="0" />
  <references type="phantom" candidates="63" cleared="0" enqueued="0" />
  <stringconstants candidates="4574" cleared="0"  />
</gc-op>
<gc-op id="1445" type="sweep" timems="0.995" contextid="1435" timestamp="2019-07-02T19:36:50.867" />
<heap-resize id="1446" type="contract" space="tenure" amount="65536" count="1" timems="0.086" reason="excess free space following gc" timestamp="2019-07-02T19:36:50.867" />
<gc-end id="1447" type="global" contextid="1435" durationms="3.908" usertimems="4.000" systemtimems="4.000" timestamp="2019-07-02T19:36:50.867" activeThreads="4">
  <mem-info id="1448" free="8220536" total="12910592" percent="63">
    <mem type="tenure" free="8220536" total="12910592" percent="63" micro-fragmented="103957">
      <mem type="soa" free="8220536" total="12781568" percent="64" />
      <mem type="loa" free="0" total="129024" percent="0" />
    </mem>
  </mem-info>
</gc-end>
<cycle-end id="1449" type="global" contextid="1435" timestamp="2019-07-02T19:36:50.867">
  <attribute name="GC Util" value="172" />
  <attribute name="CPU Util" value="24302793810958" />
  <attribute name="Time Running"value="2354"/>
  <attribute name="Number of cores"value="4"/>
</cycle-end>
<allocation-satisfied id="1450" threadId="0000000000AB3D00" bytesRequested="40" />
<af-end id="1451" timestamp="2019-07-02T19:36:50.867" threadId="0000000000AB4688" success="true" />
<exclusive-end id="1452" timestamp="2019-07-02T19:36:50.867" durationms="4.258" />

<concurrent-kickoff id="1453" timestamp="2019-07-02T19:36:50.872">
  <kickoff reason="threshold reached" targetBytes="1167127" thresholdFreeBytes="159252" remainingFree="156408" tenureFreeBytes="156408" />
</concurrent-kickoff>
<exclusive-start id="1454" timestamp="2019-07-02T19:36:50.872" intervalms="9.340">
  <response-info timems="0.089" idlems="0.089" threads="1" lastid="0000000000AB3D00" lastname="Thread-10" />
</exclusive-start>
<cycle-start id="1455" type="global" contextid="0" timestamp="2019-07-02T19:36:50.872" intervalms="10.262" />
  <attribute name="GC Util" value="172" />
  <attribute name="CPU Util" value="24302793810958" />
  <attribute name="Time Running"value="2354"/>
  <attribute name="Number of cores"value="4"/>
<exclusive-end id="1456" timestamp="2019-07-02T19:36:50.872" durationms="0.101" />

<exclusive-start id="1457" timestamp="2019-07-02T19:36:50.873" intervalms="0.889">
  <response-info timems="0.032" idlems="0.032" threads="0" lastid="0000000000AB3D00" lastname="Thread-10" />
</exclusive-start>
<af-start id="1458" threadId="0000000000AB4688" totalBytesRequested="40" timestamp="2019-07-02T19:36:50.873" intervalms="10.223" />
<gc-start id="1459" type="global" contextid="1455" timestamp="2019-07-02T19:36:50.873">
  <mem-info id="1460" free="0" total="12910592" percent="0">
    <mem type="tenure" free="0" total="12910592" percent="0">
      <mem type="soa" free="0" total="12781568" percent="0" />
      <mem type="loa" free="0" total="129024" percent="0" />
    </mem>
  </mem-info>
</gc-start>
<allocation-stats totalBytes="8204152" >
  <allocated-bytes non-tlh="0" tlh="8204152" />
  <largest-consumer threadName="Thread-9" threadId="0000000000ABB500" bytes="2731696" />
</allocation-stats>
<concurrent-halted id="1461" timestamp="2019-07-02T19:36:50.873">
  <halted state="Class scanning incomplete" status="clean trace" />
  <traced bytesTarget="1167127" bytesTotal="1526820" bytesByMutator="955824" bytesByHelper="570996" percent="130" />
  <cards cleaned="0" thresholdBytes="62735" />
</concurrent-halted>
<gc-op id="1462" type="tracing" timems="0.506" contextid="1455" timestamp="2019-07-02T19:36:50.874">
  <trace bytesTraced="692564" workStackOverflowCount="0" />
</gc-op>
<gc-op id="1463" type="card-cleaning" timems="0.248" contextid="1455" timestamp="2019-07-02T19:36:50.874">
  <card-cleaning cardsCleaned="26" bytesTraced="18560" workStackOverflowCount="0" />
</gc-op>
<gc-op id="1464" type="mark" timems="1.486" contextid="1455" timestamp="2019-07-02T19:36:50.876">
  <trace-info objectcount="9162" scancount="8377" scanbytes="258296" />
  <finalization candidates="124" enqueued="0" />
  <ownableSynchronizers candidates="3" cleared="0" />
  <references type="soft" candidates="84" cleared="0" enqueued="0" dynamicThreshold="20" maxThreshold="32" />
  <references type="weak" candidates="776" cleared="0" enqueued="0" />
  <references type="phantom" candidates="63" cleared="0" enqueued="0" />
  <stringconstants candidates="4574" cleared="0"  />
</gc-op>
<gc-op id="1465" type="sweep" timems="1.027" contextid="1455" timestamp="2019-07-02T19:36:50.877" />
<mem-info id="1466" free="8113448" total="12910592" percent="62">
  <mem type="tenure" free="8113448" total="12910592" percent="62" micro-fragmented="123904">
    <mem type="soa" free="8113448" total="12781568" percent="63" />
    <mem type="loa" free="0" total="129024" percent="0" />
  </mem>
</mem-info>
<gc-op id="1467" type="compact" timems="6.947" contextid="1455" timestamp="2019-07-02T19:36:50.884">
  <compact-info movecount="34906" movebytes="1390192" reason="compact to aid heap contraction" />
</gc-op>
<heap-resize id="1468" type="contract" space="tenure" amount="65536" count="1" timems="0.071" reason="excess free space following gc" timestamp="2019-07-02T19:36:50.884" />
<gc-end id="1469" type="global" contextid="1455" durationms="11.174" usertimems="16.000" systemtimems="0.000" timestamp="2019-07-02T19:36:50.884" activeThreads="4">
  <mem-info id="1470" free="8271152" total="12845056" percent="64">
    <mem type="tenure" free="8271152" total="12845056" percent="64">
      <mem type="soa" free="8271152" total="12717056" percent="65" />
      <mem type="loa" free="0" total="128000" percent="0" />
    </mem>
  </mem-info>
</gc-end>
<cycle-end id="1471" type="global" contextid="1455" timestamp="2019-07-02T19:36:50.885">
  <attribute name="GC Util" value="150" />
  <attribute name="CPU Util" value="41869417010847" />
  <attribute name="Time Running"value="2365"/>
  <attribute name="Number of cores"value="4"/>
</cycle-end>
<allocation-satisfied id="1472" threadId="0000000000AB3D00" bytesRequested="40" />
<af-end id="1473" timestamp="2019-07-02T19:36:50.885" threadId="0000000000AB4688" success="true" />
<exclusive-end id="1474" timestamp="2019-07-02T19:36:50.885" durationms="11.726" />

<concurrent-kickoff id="1475" timestamp="2019-07-02T19:36:50.890">
  <kickoff reason="threshold reached" targetBytes="1300209" thresholdFreeBytes="176946" remainingFree="79152" tenureFreeBytes="79152" />
</concurrent-kickoff>
<exclusive-start id="1476" timestamp="2019-07-02T19:36:50.890" intervalms="16.558">
  <response-info timems="0.024" idlems="0.024" threads="0" lastid="0000000000AB3D00" lastname="Thread-10" />
</exclusive-start>
<cycle-start id="1477" type="global" contextid="0" timestamp="2019-07-02T19:36:50.890" intervalms="17.487" />
  <attribute name="GC Util" value="150" />
  <attribute name="CPU Util" value="41869417010847" />
  <attribute name="Time Running"value="2365"/>
  <attribute name="Number of cores"value="4"/>
<exclusive-end id="1478" timestamp="2019-07-02T19:36:50.890" durationms="0.143" />

<exclusive-start id="1479" timestamp="2019-07-02T19:36:50.890" intervalms="0.306">
  <response-info timems="0.018" idlems="0.018" threads="0" lastid="0000000000AB3D00" lastname="Thread-10" />
</exclusive-start>
<af-start id="1480" threadId="0000000000AB4688" totalBytesRequested="40" timestamp="2019-07-02T19:36:50.890" intervalms="16.857" />
<concurrent-aborted id="1481" timestamp="2019-07-02T19:36:50.890">
  <reason value="insufficient progress made" />
</concurrent-aborted>
<cycle-end id="1482" type="global" contextid="1477" timestamp="2019-07-02T19:36:50.890">
  <attribute name="GC Util" value="150" />
  <attribute name="CPU Util" value="41869417010847" />
  <attribute name="Time Running"value="2365"/>
  <attribute name="Number of cores"value="4"/>
</cycle-end>
<cycle-start id="1483" type="global" contextid="0" timestamp="2019-07-02T19:36:50.890" intervalms="0.427" />
  <attribute name="GC Util" value="150" />
  <attribute name="CPU Util" value="41869417010847" />
  <attribute name="Time Running"value="2365"/>
  <attribute name="Number of cores"value="4"/>
<gc-start id="1484" type="global" contextid="1483" timestamp="2019-07-02T19:36:50.890">
  <mem-info id="1485" free="0" total="12845056" percent="0">
    <mem type="tenure" free="0" total="12845056" percent="0">
      <mem type="soa" free="0" total="12717056" percent="0" />
      <mem type="loa" free="0" total="128000" percent="0" />
    </mem>
  </mem-info>
</gc-start>
<allocation-stats totalBytes="8335392" >
  <allocated-bytes non-tlh="0" tlh="8335392" />
  <largest-consumer threadName="Thread-9" threadId="0000000000ABB500" bytes="2536400" />
</allocation-stats>
<gc-op id="1486" type="mark" timems="2.201" contextid="1483" timestamp="2019-07-02T19:36:50.892">
  <trace-info objectcount="71189" scancount="63605" scanbytes="2399820" />
  <finalization candidates="124" enqueued="0" />
  <ownableSynchronizers candidates="3" cleared="0" />
  <references type="soft" candidates="84" cleared="0" enqueued="0" dynamicThreshold="20" maxThreshold="32" />
  <references type="weak" candidates="776" cleared="0" enqueued="0" />
  <references type="phantom" candidates="63" cleared="0" enqueued="0" />
  <stringconstants candidates="4574" cleared="0"  />
</gc-op>
<gc-op id="1487" type="sweep" timems="0.982" contextid="1483" timestamp="2019-07-02T19:36:50.894" />
<heap-resize id="1488" type="contract" space="tenure" amount="65536" count="1" timems="0.066" reason="excess free space following gc" timestamp="2019-07-02T19:36:50.894" />
<gc-end id="1489" type="global" contextid="1483" durationms="3.577" usertimems="4.000" systemtimems="4.000" timestamp="2019-07-02T19:36:50.894" activeThreads="4">
  <mem-info id="1490" free="8214584" total="12779520" percent="64">
    <mem type="tenure" free="8214584" total="12779520" percent="64" micro-fragmented="89219">
      <mem type="soa" free="8214584" total="12652544" percent="64" />
      <mem type="loa" free="0" total="126976" percent="0" />
    </mem>
  </mem-info>
</gc-end>
<cycle-end id="1491" type="global" contextid="1483" timestamp="2019-07-02T19:36:50.894">
  <attribute name="GC Util" value="184" />
  <attribute name="CPU Util" value="24905012134742" />
  <attribute name="Time Running"value="2381"/>
  <attribute name="Number of cores"value="4"/>
</cycle-end>
<allocation-satisfied id="1492" threadId="0000000000AB3D00" bytesRequested="40" />
<af-end id="1493" timestamp="2019-07-02T19:36:50.894" threadId="0000000000AB4688" success="true" />
<exclusive-end id="1494" timestamp="2019-07-02T19:36:50.894" durationms="4.048" />

<concurrent-kickoff id="1495" timestamp="2019-07-02T19:36:50.898">
  <kickoff reason="threshold reached" targetBytes="1293575" thresholdFreeBytes="176044" remainingFree="164536" tenureFreeBytes="164536" />
</concurrent-kickoff>
<exclusive-start id="1496" timestamp="2019-07-02T19:36:50.898" intervalms="7.910">
  <response-info timems="0.048" idlems="0.048" threads="0" lastid="0000000000ABB500" lastname="Thread-9" />
</exclusive-start>
<cycle-start id="1497" type="global" contextid="0" timestamp="2019-07-02T19:36:50.898" intervalms="7.765" />
  <attribute name="GC Util" value="184" />
  <attribute name="CPU Util" value="24905012134742" />
  <attribute name="Time Running"value="2381"/>
  <attribute name="Number of cores"value="4"/>
<exclusive-end id="1498" timestamp="2019-07-02T19:36:50.898" durationms="0.134" />

<exclusive-start id="1499" timestamp="2019-07-02T19:36:50.898" intervalms="0.299">
  <response-info timems="0.024" idlems="0.013" threads="1" lastid="0000000000AB0100" lastname="Thread-8" />
</exclusive-start>
<af-start id="1500" threadId="0000000000ABBE88" totalBytesRequested="40" timestamp="2019-07-02T19:36:50.898" intervalms="8.214" />
<concurrent-aborted id="1501" timestamp="2019-07-02T19:36:50.898">
  <reason value="insufficient progress made" />
</concurrent-aborted>
<cycle-end id="1502" type="global" contextid="1497" timestamp="2019-07-02T19:36:50.898">
  <attribute name="GC Util" value="184" />
  <attribute name="CPU Util" value="24905012134742" />
  <attribute name="Time Running"value="2381"/>
  <attribute name="Number of cores"value="4"/>
</cycle-end>
<cycle-start id="1503" type="global" contextid="0" timestamp="2019-07-02T19:36:50.898" intervalms="0.475" />
  <attribute name="GC Util" value="184" />
  <attribute name="CPU Util" value="24905012134742" />
  <attribute name="Time Running"value="2381"/>
  <attribute name="Number of cores"value="4"/>
<gc-start id="1504" type="global" contextid="1503" timestamp="2019-07-02T19:36:50.898">
  <mem-info id="1505" free="0" total="12779520" percent="0">
    <mem type="tenure" free="0" total="12779520" percent="0">
      <mem type="soa" free="0" total="12652544" percent="0" />
      <mem type="loa" free="0" total="126976" percent="0" />
    </mem>
  </mem-info>
</gc-start>
<allocation-stats totalBytes="8212016" >
  <allocated-bytes non-tlh="0" tlh="8212016" />
  <largest-consumer threadName="Thread-7" threadId="0000000000AB7900" bytes="2476952" />
</allocation-stats>
<gc-op id="1506" type="mark" timems="2.138" contextid="1503" timestamp="2019-07-02T19:36:50.901">
  <trace-info objectcount="66735" scancount="59139" scanbytes="2293284" />
  <finalization candidates="124" enqueued="0" />
  <ownableSynchronizers candidates="3" cleared="0" />
  <references type="soft" candidates="84" cleared="0" enqueued="0" dynamicThreshold="20" maxThreshold="32" />
  <references type="weak" candidates="776" cleared="0" enqueued="0" />
  <references type="phantom" candidates="63" cleared="0" enqueued="0" />
  <stringconstants candidates="4574" cleared="0"  />
</gc-op>
<gc-op id="1507" type="sweep" timems="0.823" contextid="1503" timestamp="2019-07-02T19:36:50.902" />
<heap-resize id="1508" type="contract" space="tenure" amount="65536" count="1" timems="0.089" reason="excess free space following gc" timestamp="2019-07-02T19:36:50.902" />
<gc-end id="1509" type="global" contextid="1503" durationms="3.490" usertimems="8.000" systemtimems="0.000" timestamp="2019-07-02T19:36:50.902" activeThreads="4">
  <mem-info id="1510" free="8141776" total="12713984" percent="64">
    <mem type="tenure" free="8141776" total="12713984" percent="64" micro-fragmented="177297">
      <mem type="soa" free="8141776" total="12587008" percent="64" />
      <mem type="loa" free="0" total="126976" percent="0" />
    </mem>
  </mem-info>
</gc-end>
<cycle-end id="1511" type="global" contextid="1503" timestamp="2019-07-02T19:36:50.902">
  <attribute name="GC Util" value="177" />
  <attribute name="CPU Util" value="31613632088094" />
  <attribute name="Time Running"value="2389"/>
  <attribute name="Number of cores"value="4"/>
</cycle-end>
<allocation-satisfied id="1512" threadId="0000000000ABB500" bytesRequested="40" />
<af-end id="1513" timestamp="2019-07-02T19:36:50.902" threadId="0000000000ABBE88" success="true" />
<exclusive-end id="1514" timestamp="2019-07-02T19:36:50.902" durationms="4.073" />

<concurrent-kickoff id="1515" timestamp="2019-07-02T19:36:50.906">
  <kickoff reason="threshold reached" targetBytes="1286941" thresholdFreeBytes="175140" remainingFree="174064" tenureFreeBytes="168560" />
</concurrent-kickoff>
<exclusive-start id="1516" timestamp="2019-07-02T19:36:50.906" intervalms="8.230">
  <response-info timems="0.088" idlems="0.054" threads="1" lastid="0000000000AB7900" lastname="Thread-7" />
</exclusive-start>
<cycle-start id="1517" type="global" contextid="0" timestamp="2019-07-02T19:36:50.906" intervalms="8.036" />
  <attribute name="GC Util" value="177" />
  <attribute name="CPU Util" value="31613632088094" />
  <attribute name="Time Running"value="2389"/>
  <attribute name="Number of cores"value="4"/>
<exclusive-end id="1518" timestamp="2019-07-02T19:36:50.906" durationms="0.097" />

<exclusive-start id="1519" timestamp="2019-07-02T19:36:50.907" intervalms="0.251">
  <response-info timems="0.025" idlems="0.025" threads="0" lastid="0000000000AB3D00" lastname="Thread-10" />
</exclusive-start>
<af-start id="1520" threadId="0000000000AB4688" totalBytesRequested="24" timestamp="2019-07-02T19:36:50.907" intervalms="8.481" />
<gc-start id="1521" type="global" contextid="1517" timestamp="2019-07-02T19:36:50.907">
  <mem-info id="1522" free="0" total="12713984" percent="0">
    <mem type="tenure" free="0" total="12713984" percent="0">
      <mem type="soa" free="0" total="12587008" percent="0" />
      <mem type="loa" free="0" total="126976" percent="0" />
    </mem>
  </mem-info>
</gc-start>
<allocation-stats totalBytes="8197592" >
  <allocated-bytes non-tlh="0" tlh="8197592" />
  <largest-consumer threadName="Thread-7" threadId="0000000000AB7900" bytes="2567216" />
</allocation-stats>
<concurrent-halted id="1523" timestamp="2019-07-02T19:36:50.907">
  <halted state="Tracing incomplete" status="clean trace" />
  <traced bytesTarget="1286941" bytesTotal="51108" bytesByMutator="12032" bytesByHelper="39076" percent="3" />
  <cards cleaned="0" thresholdBytes="68994" />
</concurrent-halted>
<gc-op id="1524" type="tracing" timems="0.781" contextid="1517" timestamp="2019-07-02T19:36:50.908">
  <trace bytesTraced="1747788" workStackOverflowCount="0" />
</gc-op>
<gc-op id="1525" type="card-cleaning" timems="0.427" contextid="1517" timestamp="2019-07-02T19:36:50.908">
  <card-cleaning cardsCleaned="18" bytesTraced="8172" workStackOverflowCount="0" />
</gc-op>
<gc-op id="1526" type="mark" timems="1.801" contextid="1517" timestamp="2019-07-02T19:36:50.910">
  <trace-info objectcount="21706" scancount="16692" scanbytes="533496" />
  <finalization candidates="124" enqueued="0" />
  <ownableSynchronizers candidates="3" cleared="0" />
  <references type="soft" candidates="84" cleared="0" enqueued="0" dynamicThreshold="20" maxThreshold="32" />
  <references type="weak" candidates="776" cleared="0" enqueued="0" />
  <references type="phantom" candidates="63" cleared="0" enqueued="0" />
  <stringconstants candidates="4574" cleared="0"  />
</gc-op>
<gc-op id="1527" type="sweep" timems="0.993" contextid="1517" timestamp="2019-07-02T19:36:50.911" />
<heap-resize id="1528" type="contract" space="tenure" amount="65536" count="1" timems="0.100" reason="excess free space following gc" timestamp="2019-07-02T19:36:50.911" />
<gc-end id="1529" type="global" contextid="1517" durationms="4.618" usertimems="8.000" systemtimems="4.000" timestamp="2019-07-02T19:36:50.911" activeThreads="4">
  <mem-info id="1530" free="8122912" total="12648448" percent="64">
    <mem type="tenure" free="8122912" total="12648448" percent="64" micro-fragmented="216356">
      <mem type="soa" free="8122912" total="12522496" percent="64" />
      <mem type="loa" free="0" total="125952" percent="0" />
    </mem>
  </mem-info>
</gc-end>
<cycle-end id="1531" type="global" contextid="1517" timestamp="2019-07-02T19:36:50.911">
  <attribute name="GC Util" value="174" />
  <attribute name="CPU Util" value="24571611255375" />
  <attribute name="Time Running"value="2399"/>
  <attribute name="Number of cores"value="4"/>
</cycle-end>
<allocation-satisfied id="1532" threadId="0000000000AB3D00" bytesRequested="24" />
<af-end id="1533" timestamp="2019-07-02T19:36:50.912" threadId="0000000000AB4688" success="true" />
<exclusive-end id="1534" timestamp="2019-07-02T19:36:50.912" durationms="4.952" />

<concurrent-kickoff id="1535" timestamp="2019-07-02T19:36:50.915">
  <kickoff reason="threshold reached" targetBytes="1054609" thresholdFreeBytes="144195" remainingFree="139720" tenureFreeBytes="139720" />
</concurrent-kickoff>
<exclusive-start id="1536" timestamp="2019-07-02T19:36:50.916" intervalms="8.938">
  <response-info timems="0.063" idlems="0.039" threads="1" lastid="0000000000AB7900" lastname="Thread-7" />
</exclusive-start>
<cycle-start id="1537" type="global" contextid="0" timestamp="2019-07-02T19:36:50.916" intervalms="9.189" />
  <attribute name="GC Util" value="174" />
  <attribute name="CPU Util" value="24571611255375" />
  <attribute name="Time Running"value="2399"/>
  <attribute name="Number of cores"value="4"/>
<exclusive-end id="1538" timestamp="2019-07-02T19:36:50.916" durationms="0.095" />

<exclusive-start id="1539" timestamp="2019-07-02T19:36:50.916" intervalms="0.184">
  <response-info timems="0.023" idlems="0.023" threads="0" lastid="0000000000AB3D00" lastname="Thread-10" />
</exclusive-start>
<af-start id="1540" threadId="0000000000AB4688" totalBytesRequested="24" timestamp="2019-07-02T19:36:50.916" intervalms="9.119" />
<concurrent-aborted id="1541" timestamp="2019-07-02T19:36:50.916">
  <reason value="insufficient progress made" />
</concurrent-aborted>
<cycle-end id="1542" type="global" contextid="1537" timestamp="2019-07-02T19:36:50.916">
  <attribute name="GC Util" value="174" />
  <attribute name="CPU Util" value="24571611255375" />
  <attribute name="Time Running"value="2399"/>
  <attribute name="Number of cores"value="4"/>
</cycle-end>
<cycle-start id="1543" type="global" contextid="0" timestamp="2019-07-02T19:36:50.916" intervalms="0.351" />
  <attribute name="GC Util" value="174" />
  <attribute name="CPU Util" value="24571611255375" />
  <attribute name="Time Running"value="2399"/>
  <attribute name="Number of cores"value="4"/>
<gc-start id="1544" type="global" contextid="1543" timestamp="2019-07-02T19:36:50.916">
  <mem-info id="1545" free="0" total="12648448" percent="0">
    <mem type="tenure" free="0" total="12648448" percent="0">
      <mem type="soa" free="0" total="12522496" percent="0" />
      <mem type="loa" free="0" total="125952" percent="0" />
    </mem>
  </mem-info>
</gc-start>
<allocation-stats totalBytes="8118216" >
  <allocated-bytes non-tlh="0" tlh="8118216" />
  <largest-consumer threadName="Thread-7" threadId="0000000000AB7900" bytes="2202136" />
</allocation-stats>
<gc-op id="1546" type="mark" timems="1.392" contextid="1543" timestamp="2019-07-02T19:36:50.917">
  <trace-info objectcount="70096" scancount="62527" scanbytes="2373804" />
  <finalization candidates="124" enqueued="0" />
  <ownableSynchronizers candidates="3" cleared="0" />
  <references type="soft" candidates="84" cleared="0" enqueued="0" dynamicThreshold="20" maxThreshold="32" />
  <references type="weak" candidates="776" cleared="0" enqueued="0" />
  <references type="phantom" candidates="63" cleared="0" enqueued="0" />
  <stringconstants candidates="4574" cleared="0"  />
</gc-op>
<gc-op id="1547" type="sweep" timems="0.367" contextid="1543" timestamp="2019-07-02T19:36:50.918" />
<mem-info id="1548" free="8050288" total="12648448" percent="63">
  <mem type="tenure" free="8050288" total="12648448" percent="63" micro-fragmented="243572">
    <mem type="soa" free="8050288" total="12522496" percent="64" />
    <mem type="loa" free="0" total="125952" percent="0" />
  </mem>
</mem-info>
<gc-op id="1549" type="compact" timems="4.479" contextid="1543" timestamp="2019-07-02T19:36:50.923">
  <compact-info movecount="30304" movebytes="1278136" reason="compact to aid heap contraction" />
</gc-op>
<heap-resize id="1550" type="contract" space="tenure" amount="65536" count="1" timems="0.084" reason="excess free space following gc" timestamp="2019-07-02T19:36:50.923" />
<gc-end id="1551" type="global" contextid="1543" durationms="6.982" usertimems="8.000" systemtimems="0.000" timestamp="2019-07-02T19:36:50.923" activeThreads="4">
  <mem-info id="1552" free="8123248" total="12582912" percent="64">
    <mem type="tenure" free="8123248" total="12582912" percent="64">
      <mem type="soa" free="8123248" total="12457984" percent="65" />
      <mem type="loa" free="0" total="124928" percent="0" />
    </mem>
  </mem-info>
</gc-end>
<cycle-end id="1553" type="global" contextid="1543" timestamp="2019-07-02T19:36:50.923">
  <attribute name="GC Util" value="8" />
  <attribute name="CPU Util" value="69942117909036" />
  <attribute name="Time Running"value="2406"/>
  <attribute name="Number of cores"value="4"/>
</cycle-end>
<allocation-satisfied id="1554" threadId="0000000000AB3D00" bytesRequested="24" />
<af-end id="1555" timestamp="2019-07-02T19:36:50.923" threadId="0000000000AB4688" success="true" />
<exclusive-end id="1556" timestamp="2019-07-02T19:36:50.923" durationms="7.595" />

<concurrent-kickoff id="1557" timestamp="2019-07-02T19:36:50.929">
  <kickoff reason="threshold reached" targetBytes="1049145" thresholdFreeBytes="143449" remainingFree="50032" tenureFreeBytes="50032" />
</concurrent-kickoff>
<exclusive-start id="1558" timestamp="2019-07-02T19:36:50.929" intervalms="13.185">
  <response-info timems="0.020" idlems="0.020" threads="0" lastid="0000000000AB7900" lastname="Thread-7" />
</exclusive-start>
<cycle-start id="1559" type="global" contextid="0" timestamp="2019-07-02T19:36:50.929" intervalms="13.060" />
  <attribute name="GC Util" value="8" />
  <attribute name="CPU Util" value="69942117909036" />
  <attribute name="Time Running"value="2406"/>
  <attribute name="Number of cores"value="4"/>
<exclusive-end id="1560" timestamp="2019-07-02T19:36:50.929" durationms="0.186" />

<exclusive-start id="1561" timestamp="2019-07-02T19:36:50.929" intervalms="0.337">
  <response-info timems="0.019" idlems="0.019" threads="0" lastid="0000000000AB3D00" lastname="Thread-10" />
</exclusive-start>
<af-start id="1562" threadId="0000000000AB4688" totalBytesRequested="40" timestamp="2019-07-02T19:36:50.929" intervalms="13.600" />
<concurrent-aborted id="1563" timestamp="2019-07-02T19:36:50.930">
  <reason value="insufficient progress made" />
</concurrent-aborted>
<cycle-end id="1564" type="global" contextid="1559" timestamp="2019-07-02T19:36:50.930">
  <attribute name="GC Util" value="8" />
  <attribute name="CPU Util" value="69942117909036" />
  <attribute name="Time Running"value="2406"/>
  <attribute name="Number of cores"value="4"/>
</cycle-end>
<cycle-start id="1565" type="global" contextid="0" timestamp="2019-07-02T19:36:50.930" intervalms="0.635" />
  <attribute name="GC Util" value="8" />
  <attribute name="CPU Util" value="69942117909036" />
  <attribute name="Time Running"value="2406"/>
  <attribute name="Number of cores"value="4"/>
<gc-start id="1566" type="global" contextid="1565" timestamp="2019-07-02T19:36:50.930">
  <mem-info id="1567" free="0" total="12582912" percent="0">
    <mem type="tenure" free="0" total="12582912" percent="0">
      <mem type="soa" free="0" total="12457984" percent="0" />
      <mem type="loa" free="0" total="124928" percent="0" />
    </mem>
  </mem-info>
</gc-start>
<allocation-stats totalBytes="8187664" >
  <allocated-bytes non-tlh="0" tlh="8187664" />
  <largest-consumer threadName="Thread-7" threadId="0000000000AB7900" bytes="3374560" />
</allocation-stats>
<gc-op id="1568" type="mark" timems="1.679" contextid="1565" timestamp="2019-07-02T19:36:50.931">
  <trace-info objectcount="71669" scancount="64094" scanbytes="2411844" />
  <finalization candidates="124" enqueued="0" />
  <ownableSynchronizers candidates="3" cleared="0" />
  <references type="soft" candidates="84" cleared="0" enqueued="0" dynamicThreshold="20" maxThreshold="32" />
  <references type="weak" candidates="776" cleared="0" enqueued="0" />
  <references type="phantom" candidates="63" cleared="0" enqueued="0" />
  <stringconstants candidates="4574" cleared="0"  />
</gc-op>
<gc-op id="1569" type="sweep" timems="0.969" contextid="1565" timestamp="2019-07-02T19:36:50.933" />
<heap-resize id="1570" type="contract" space="tenure" amount="65536" count="1" timems="0.073" reason="excess free space following gc" timestamp="2019-07-02T19:36:50.933" />
<gc-end id="1571" type="global" contextid="1565" durationms="3.123" usertimems="4.000" systemtimems="4.000" timestamp="2019-07-02T19:36:50.933" activeThreads="4">
  <mem-info id="1572" free="8072928" total="12517376" percent="64">
    <mem type="tenure" free="8072928" total="12517376" percent="64" micro-fragmented="0">
      <mem type="soa" free="8072928" total="12392448" percent="65" />
      <mem type="loa" free="0" total="124928" percent="0" />
    </mem>
  </mem-info>
</gc-end>
<cycle-end id="1573" type="global" contextid="1565" timestamp="2019-07-02T19:36:50.933">
  <attribute name="GC Util" value="179" />
  <attribute name="CPU Util" value="25348788062541" />
  <attribute name="Time Running"value="2420"/>
  <attribute name="Number of cores"value="4"/>
</cycle-end>
<allocation-satisfied id="1574" threadId="0000000000AB3D00" bytesRequested="40" />
<af-end id="1575" timestamp="2019-07-02T19:36:50.933" threadId="0000000000AB4688" success="true" />
<exclusive-end id="1576" timestamp="2019-07-02T19:36:50.933" durationms="3.878" />

<concurrent-kickoff id="1577" timestamp="2019-07-02T19:36:50.937">
  <kickoff reason="threshold reached" targetBytes="1043681" thresholdFreeBytes="142701" remainingFree="133224" tenureFreeBytes="133224" />
</concurrent-kickoff>
<exclusive-start id="1578" timestamp="2019-07-02T19:36:50.937" intervalms="7.849">
  <response-info timems="0.036" idlems="0.036" threads="0" lastid="0000000000AB3D00" lastname="Thread-10" />
</exclusive-start>
<cycle-start id="1579" type="global" contextid="0" timestamp="2019-07-02T19:36:50.937" intervalms="7.517" />
  <attribute name="GC Util" value="179" />
  <attribute name="CPU Util" value="25348788062541" />
  <attribute name="Time Running"value="2420"/>
  <attribute name="Number of cores"value="4"/>
<exclusive-end id="1580" timestamp="2019-07-02T19:36:50.937" durationms="0.115" />

<exclusive-start id="1581" timestamp="2019-07-02T19:36:50.937" intervalms="0.275">
  <response-info timems="0.025" idlems="0.013" threads="1" lastid="0000000000AB3D00" lastname="Thread-10" />
</exclusive-start>
<af-start id="1582" threadId="0000000000ABBE88" totalBytesRequested="40" timestamp="2019-07-02T19:36:50.937" intervalms="8.057" />
<gc-start id="1583" type="global" contextid="1579" timestamp="2019-07-02T19:36:50.938">
  <mem-info id="1584" free="0" total="12517376" percent="0">
    <mem type="tenure" free="0" total="12517376" percent="0">
      <mem type="soa" free="0" total="12392448" percent="0" />
      <mem type="loa" free="0" total="124928" percent="0" />
    </mem>
  </mem-info>
</gc-start>
<allocation-stats totalBytes="8067064" >
  <allocated-bytes non-tlh="0" tlh="8067064" />
  <largest-consumer threadName="Thread-7" threadId="0000000000AB7900" bytes="2364336" />
</allocation-stats>
<concurrent-halted id="1585" timestamp="2019-07-02T19:36:50.938">
  <halted state="Tracing incomplete" status="clean trace" />
  <traced bytesTarget="1043681" bytesTotal="11924" bytesByMutator="8036" bytesByHelper="3888" percent="1" />
  <cards cleaned="0" thresholdBytes="56215" />
</concurrent-halted>
<gc-op id="1586" type="tracing" timems="0.831" contextid="1579" timestamp="2019-07-02T19:36:50.939">
  <trace bytesTraced="1778028" workStackOverflowCount="0" />
</gc-op>
<gc-op id="1587" type="card-cleaning" timems="0.265" contextid="1579" timestamp="2019-07-02T19:36:50.939">
  <card-cleaning cardsCleaned="12" bytesTraced="5252" workStackOverflowCount="0" />
</gc-op>
<gc-op id="1588" type="mark" timems="1.601" contextid="1579" timestamp="2019-07-02T19:36:50.941">
  <trace-info objectcount="21730" scancount="16707" scanbytes="534264" />
  <finalization candidates="124" enqueued="0" />
  <ownableSynchronizers candidates="3" cleared="0" />
  <references type="soft" candidates="84" cleared="0" enqueued="0" dynamicThreshold="20" maxThreshold="32" />
  <references type="weak" candidates="776" cleared="0" enqueued="0" />
  <references type="phantom" candidates="63" cleared="0" enqueued="0" />
  <stringconstants candidates="4574" cleared="0"  />
</gc-op>
<gc-op id="1589" type="sweep" timems="0.845" contextid="1579" timestamp="2019-07-02T19:36:50.941" />
<heap-resize id="1590" type="contract" space="tenure" amount="65536" count="1" timems="0.095" reason="excess free space following gc" timestamp="2019-07-02T19:36:50.942" />
<gc-end id="1591" type="global" contextid="1579" durationms="4.188" usertimems="8.000" systemtimems="0.000" timestamp="2019-07-02T19:36:50.942" activeThreads="4">
  <mem-info id="1592" free="8044048" total="12451840" percent="64">
    <mem type="tenure" free="8044048" total="12451840" percent="64" micro-fragmented="74240">
      <mem type="soa" free="8044048" total="12327936" percent="65" />
      <mem type="loa" free="0" total="123904" percent="0" />
    </mem>
  </mem-info>
</gc-end>
<cycle-end id="1593" type="global" contextid="1579" timestamp="2019-07-02T19:36:50.942">
  <attribute name="GC Util" value="175" />
  <attribute name="CPU Util" value="31154146517257" />
  <attribute name="Time Running"value="2429"/>
  <attribute name="Number of cores"value="4"/>
</cycle-end>
<allocation-satisfied id="1594" threadId="0000000000ABB500" bytesRequested="40" />
<af-end id="1595" timestamp="2019-07-02T19:36:50.942" threadId="0000000000ABBE88" success="true" />
<exclusive-end id="1596" timestamp="2019-07-02T19:36:50.942" durationms="4.556" />

<concurrent-kickoff id="1597" timestamp="2019-07-02T19:36:50.946">
  <kickoff reason="threshold reached" targetBytes="840538" thresholdFreeBytes="115641" remainingFree="115576" tenureFreeBytes="104664" />
</concurrent-kickoff>
<exclusive-start id="1598" timestamp="2019-07-02T19:36:50.946" intervalms="8.741">
  <response-info timems="0.067" idlems="0.042" threads="1" lastid="0000000000AB7900" lastname="Thread-7" />
</exclusive-start>
<cycle-start id="1599" type="global" contextid="0" timestamp="2019-07-02T19:36:50.946" intervalms="9.014" />
  <attribute name="GC Util" value="175" />
  <attribute name="CPU Util" value="31154146517257" />
  <attribute name="Time Running"value="2429"/>
  <attribute name="Number of cores"value="4"/>
<exclusive-end id="1600" timestamp="2019-07-02T19:36:50.946" durationms="0.118" />

<exclusive-start id="1601" timestamp="2019-07-02T19:36:50.947" intervalms="0.730">
  <response-info timems="0.047" idlems="0.032" threads="1" lastid="0000000000AB0100" lastname="Thread-8" />
</exclusive-start>
<af-start id="1602" threadId="0000000000AB8288" totalBytesRequested="24" timestamp="2019-07-02T19:36:50.947" intervalms="9.459" />
<gc-start id="1603" type="global" contextid="1599" timestamp="2019-07-02T19:36:50.947">
  <mem-info id="1604" free="0" total="12451840" percent="0">
    <mem type="tenure" free="0" total="12451840" percent="0">
      <mem type="soa" free="0" total="12327936" percent="0" />
      <mem type="loa" free="0" total="123904" percent="0" />
    </mem>
  </mem-info>
</gc-start>
<allocation-stats totalBytes="8034640" >
  <allocated-bytes non-tlh="0" tlh="8034640" />
  <largest-consumer threadName="Thread-10" threadId="0000000000AB3D00" bytes="2382240" />
</allocation-stats>
<concurrent-halted id="1605" timestamp="2019-07-02T19:36:50.947">
  <halted state="Class scanning incomplete" status="clean trace" />
  <traced bytesTarget="840538" bytesTotal="1026964" bytesByMutator="729632" bytesByHelper="297332" percent="122" />
  <cards cleaned="0" thresholdBytes="45555" />
</concurrent-halted>
<gc-op id="1606" type="tracing" timems="0.406" contextid="1599" timestamp="2019-07-02T19:36:50.948">
  <trace bytesTraced="1154192" workStackOverflowCount="0" />
</gc-op>
<gc-op id="1607" type="card-cleaning" timems="0.109" contextid="1599" timestamp="2019-07-02T19:36:50.948">
  <card-cleaning cardsCleaned="16" bytesTraced="17768" workStackOverflowCount="0" />
</gc-op>
<gc-op id="1608" type="mark" timems="0.553" contextid="1599" timestamp="2019-07-02T19:36:50.948">
  <trace-info objectcount="6105" scancount="5343" scanbytes="161736" />
  <finalization candidates="124" enqueued="0" />
  <ownableSynchronizers candidates="3" cleared="0" />
  <references type="soft" candidates="84" cleared="0" enqueued="0" dynamicThreshold="20" maxThreshold="32" />
  <references type="weak" candidates="776" cleared="0" enqueued="0" />
  <references type="phantom" candidates="63" cleared="0" enqueued="0" />
  <stringconstants candidates="4574" cleared="0"  />
</gc-op>
<gc-op id="1609" type="sweep" timems="0.368" contextid="1599" timestamp="2019-07-02T19:36:50.949" />
<mem-info id="1610" free="8077800" total="12451840" percent="64">
  <mem type="tenure" free="8077800" total="12451840" percent="64" micro-fragmented="60846">
    <mem type="soa" free="7989824" total="12327936" percent="64" />
    <mem type="loa" free="87976" total="123904" percent="71" />
  </mem>
</mem-info>
<gc-op id="1611" type="compact" timems="4.660" contextid="1599" timestamp="2019-07-02T19:36:50.954">
  <compact-info movecount="29493" movebytes="1259424" reason="compact to aid heap contraction" />
</gc-op>
<heap-resize id="1612" type="contract" space="tenure" amount="65536" count="1" timems="0.079" reason="excess free space following gc" timestamp="2019-07-02T19:36:50.954" />
<gc-end id="1613" type="global" contextid="1599" durationms="6.969" usertimems="8.000" systemtimems="0.000" timestamp="2019-07-02T19:36:50.954" activeThreads="4">
  <mem-info id="1614" free="7948312" total="12386304" percent="64">
    <mem type="tenure" free="7948312" total="12386304" percent="64">
      <mem type="soa" free="7948312" total="12263424" percent="64" />
      <mem type="loa" free="0" total="122880" percent="0" />
    </mem>
  </mem-info>
</gc-end>
<cycle-end id="1615" type="global" contextid="1599" timestamp="2019-07-02T19:36:50.954">
  <attribute name="GC Util" value="8" />
  <attribute name="CPU Util" value="62829723538895" />
  <attribute name="Time Running"value="2437"/>
  <attribute name="Number of cores"value="4"/>
</cycle-end>
<allocation-satisfied id="1616" threadId="0000000000AB7900" bytesRequested="24" />
<af-end id="1617" timestamp="2019-07-02T19:36:50.954" threadId="0000000000AB8288" success="true" />
<exclusive-end id="1618" timestamp="2019-07-02T19:36:50.954" durationms="7.542" />

<concurrent-kickoff id="1619" timestamp="2019-07-02T19:36:50.958">
  <kickoff reason="threshold reached" targetBytes="921977" thresholdFreeBytes="126462" remainingFree="14360" tenureFreeBytes="14360" />
</concurrent-kickoff>
<exclusive-start id="1620" timestamp="2019-07-02T19:36:50.958" intervalms="11.444">
  <response-info timems="0.022" idlems="0.022" threads="0" lastid="0000000000AB3D00" lastname="Thread-10" />
</exclusive-start>
<cycle-start id="1621" type="global" contextid="0" timestamp="2019-07-02T19:36:50.958" intervalms="12.174" />
  <attribute name="GC Util" value="8" />
  <attribute name="CPU Util" value="62829723538895" />
  <attribute name="Time Running"value="2437"/>
  <attribute name="Number of cores"value="4"/>
<exclusive-end id="1622" timestamp="2019-07-02T19:36:50.958" durationms="0.158" />

<exclusive-start id="1623" timestamp="2019-07-02T19:36:50.959" intervalms="0.336">
  <response-info timems="0.019" idlems="0.018" threads="1" lastid="0000000000AB0100" lastname="Thread-8" />
</exclusive-start>
<af-start id="1624" threadId="0000000000ABBE88" totalBytesRequested="40" timestamp="2019-07-02T19:36:50.959" intervalms="11.789" />
<concurrent-aborted id="1625" timestamp="2019-07-02T19:36:50.959">
  <reason value="insufficient progress made" />
</concurrent-aborted>
<cycle-end id="1626" type="global" contextid="1621" timestamp="2019-07-02T19:36:50.959">
  <attribute name="GC Util" value="8" />
  <attribute name="CPU Util" value="62829723538895" />
  <attribute name="Time Running"value="2437"/>
  <attribute name="Number of cores"value="4"/>
</cycle-end>
<cycle-start id="1627" type="global" contextid="0" timestamp="2019-07-02T19:36:50.959" intervalms="0.532" />
  <attribute name="GC Util" value="8" />
  <attribute name="CPU Util" value="62829723538895" />
  <attribute name="Time Running"value="2437"/>
  <attribute name="Number of cores"value="4"/>
<gc-start id="1628" type="global" contextid="1627" timestamp="2019-07-02T19:36:50.959">
  <mem-info id="1629" free="0" total="12386304" percent="0">
    <mem type="tenure" free="0" total="12386304" percent="0">
      <mem type="soa" free="0" total="12263424" percent="0" />
      <mem type="loa" free="0" total="122880" percent="0" />
    </mem>
  </mem-info>
</gc-start>
<allocation-stats totalBytes="8012728" >
  <allocated-bytes non-tlh="0" tlh="8012728" />
  <largest-consumer threadName="Thread-10" threadId="0000000000AB3D00" bytes="2457264" />
</allocation-stats>
<gc-op id="1630" type="mark" timems="2.029" contextid="1627" timestamp="2019-07-02T19:36:50.961">
  <trace-info objectcount="69913" scancount="62342" scanbytes="2369324" />
  <finalization candidates="124" enqueued="0" />
  <ownableSynchronizers candidates="3" cleared="0" />
  <references type="soft" candidates="84" cleared="0" enqueued="0" dynamicThreshold="20" maxThreshold="32" />
  <references type="weak" candidates="776" cleared="0" enqueued="0" />
  <references type="phantom" candidates="63" cleared="0" enqueued="0" />
  <stringconstants candidates="4574" cleared="0"  />
</gc-op>
<gc-op id="1631" type="sweep" timems="0.946" contextid="1627" timestamp="2019-07-02T19:36:50.962" />
<heap-resize id="1632" type="contract" space="tenure" amount="65536" count="1" timems="0.072" reason="excess free space following gc" timestamp="2019-07-02T19:36:50.962" />
<gc-end id="1633" type="global" contextid="1627" durationms="3.416" usertimems="8.000" systemtimems="0.000" timestamp="2019-07-02T19:36:50.962" activeThreads="4">
  <mem-info id="1634" free="7921224" total="12320768" percent="64">
    <mem type="tenure" free="7921224" total="12320768" percent="64" micro-fragmented="9991">
      <mem type="soa" free="7921224" total="12197888" percent="64" />
      <mem type="loa" free="0" total="122880" percent="0" />
    </mem>
  </mem-info>
</gc-end>
<cycle-end id="1635" type="global" contextid="1627" timestamp="2019-07-02T19:36:50.962">
  <attribute name="GC Util" value="186" />
  <attribute name="CPU Util" value="26297792021132" />
  <attribute name="Time Running"value="2450"/>
  <attribute name="Number of cores"value="4"/>
</cycle-end>
<allocation-satisfied id="1636" threadId="0000000000ABB500" bytesRequested="40" />
<af-end id="1637" timestamp="2019-07-02T19:36:50.963" threadId="0000000000ABBE88" success="true" />
<exclusive-end id="1638" timestamp="2019-07-02T19:36:50.963" durationms="3.968" />

<concurrent-kickoff id="1639" timestamp="2019-07-02T19:36:50.966">
  <kickoff reason="threshold reached" targetBytes="917099" thresholdFreeBytes="125793" remainingFree="113024" tenureFreeBytes="113024" />
</concurrent-kickoff>
<exclusive-start id="1640" timestamp="2019-07-02T19:36:50.966" intervalms="7.833">
  <response-info timems="0.065" idlems="0.044" threads="1" lastid="0000000000AB0100" lastname="Thread-8" />
</exclusive-start>
<cycle-start id="1641" type="global" contextid="0" timestamp="2019-07-02T19:36:50.967" intervalms="7.640" />
  <attribute name="GC Util" value="186" />
  <attribute name="CPU Util" value="26297792021132" />
  <attribute name="Time Running"value="2450"/>
  <attribute name="Number of cores"value="4"/>
<exclusive-end id="1642" timestamp="2019-07-02T19:36:50.967" durationms="0.108" />

<exclusive-start id="1643" timestamp="2019-07-02T19:36:50.967" intervalms="0.278">
  <response-info timems="0.025" idlems="0.025" threads="0" lastid="0000000000AB7900" lastname="Thread-7" />
</exclusive-start>
<af-start id="1644" threadId="0000000000AB8288" totalBytesRequested="40" timestamp="2019-07-02T19:36:50.967" intervalms="8.097" />
<concurrent-aborted id="1645" timestamp="2019-07-02T19:36:50.967">
  <reason value="insufficient progress made" />
</concurrent-aborted>
<cycle-end id="1646" type="global" contextid="1641" timestamp="2019-07-02T19:36:50.967">
  <attribute name="GC Util" value="186" />
  <attribute name="CPU Util" value="26297792021132" />
  <attribute name="Time Running"value="2450"/>
  <attribute name="Number of cores"value="4"/>
</cycle-end>
<cycle-start id="1647" type="global" contextid="0" timestamp="2019-07-02T19:36:50.967" intervalms="0.426" />
  <attribute name="GC Util" value="186" />
  <attribute name="CPU Util" value="26297792021132" />
  <attribute name="Time Running"value="2450"/>
  <attribute name="Number of cores"value="4"/>
<gc-start id="1648" type="global" contextid="1647" timestamp="2019-07-02T19:36:50.967">
  <mem-info id="1649" free="0" total="12320768" percent="0">
    <mem type="tenure" free="0" total="12320768" percent="0">
      <mem type="soa" free="0" total="12197888" percent="0" />
      <mem type="loa" free="0" total="122880" percent="0" />
    </mem>
  </mem-info>
</gc-start>
<allocation-stats totalBytes="7917792" >
  <allocated-bytes non-tlh="0" tlh="7917792" />
  <largest-consumer threadName="Thread-7" threadId="0000000000AB7900" bytes="2210464" />
</allocation-stats>
<gc-op id="1650" type="mark" timems="0.992" contextid="1647" timestamp="2019-07-02T19:36:50.968">
  <trace-info objectcount="66143" scancount="58573" scanbytes="2279020" />
  <finalization candidates="124" enqueued="0" />
  <ownableSynchronizers candidates="3" cleared="0" />
  <references type="soft" candidates="84" cleared="0" enqueued="0" dynamicThreshold="20" maxThreshold="32" />
  <references type="weak" candidates="776" cleared="0" enqueued="0" />
  <references type="phantom" candidates="63" cleared="0" enqueued="0" />
  <stringconstants candidates="4574" cleared="0"  />
</gc-op>
<gc-op id="1651" type="sweep" timems="0.302" contextid="1647" timestamp="2019-07-02T19:36:50.968" />
<heap-resize id="1652" type="contract" space="tenure" amount="65536" count="1" timems="0.073" reason="excess free space following gc" timestamp="2019-07-02T19:36:50.969" />
<gc-end id="1653" type="global" contextid="1647" durationms="1.692" usertimems="4.000" systemtimems="0.000" timestamp="2019-07-02T19:36:50.969" activeThreads="4">
  <mem-info id="1654" free="7843448" total="12255232" percent="64">
    <mem type="tenure" free="7843448" total="12255232" percent="64" micro-fragmented="96279">
      <mem type="soa" free="7843448" total="12133376" percent="64" />
      <mem type="loa" free="0" total="121856" percent="0" />
    </mem>
  </mem-info>
</gc-end>
<cycle-end id="1655" type="global" contextid="1647" timestamp="2019-07-02T19:36:50.969">
  <attribute name="GC Util" value="23" />
  <attribute name="CPU Util" value="88073565148240" />
  <attribute name="Time Running"value="2456"/>
  <attribute name="Number of cores"value="4"/>
</cycle-end>
<allocation-satisfied id="1656" threadId="0000000000AB7900" bytesRequested="40" />
<af-end id="1657" timestamp="2019-07-02T19:36:50.969" threadId="0000000000AB8288" success="true" />
<exclusive-end id="1658" timestamp="2019-07-02T19:36:50.969" durationms="2.166" />

<concurrent-kickoff id="1659" timestamp="2019-07-02T19:36:50.973">
  <kickoff reason="threshold reached" targetBytes="912219" thresholdFreeBytes="125125" remainingFree="123344" tenureFreeBytes="123344" />
</concurrent-kickoff>
<exclusive-start id="1660" timestamp="2019-07-02T19:36:50.973" intervalms="6.390">
  <response-info timems="0.098" idlems="0.060" threads="1" lastid="0000000000AB3D00" lastname="Thread-10" />
</exclusive-start>
<cycle-start id="1661" type="global" contextid="0" timestamp="2019-07-02T19:36:50.973" intervalms="6.254" />
  <attribute name="GC Util" value="23" />
  <attribute name="CPU Util" value="88073565148240" />
  <attribute name="Time Running"value="2456"/>
  <attribute name="Number of cores"value="4"/>
<exclusive-end id="1662" timestamp="2019-07-02T19:36:50.973" durationms="0.130" />

<exclusive-start id="1663" timestamp="2019-07-02T19:36:50.974" intervalms="0.818">
  <response-info timems="0.023" idlems="0.023" threads="0" lastid="0000000000ABB500" lastname="Thread-9" />
</exclusive-start>
<af-start id="1664" threadId="0000000000ABBE88" totalBytesRequested="40" timestamp="2019-07-02T19:36:50.974" intervalms="7.218" />
<gc-start id="1665" type="global" contextid="1661" timestamp="2019-07-02T19:36:50.974">
  <mem-info id="1666" free="0" total="12255232" percent="0">
    <mem type="tenure" free="0" total="12255232" percent="0">
      <mem type="soa" free="0" total="12133376" percent="0" />
      <mem type="loa" free="0" total="121856" percent="0" />
    </mem>
  </mem-info>
</gc-start>
<allocation-stats totalBytes="7835208" >
  <allocated-bytes non-tlh="0" tlh="7835208" />
  <largest-consumer threadName="Thread-7" threadId="0000000000AB7900" bytes="2446680" />
</allocation-stats>
<concurrent-halted id="1667" timestamp="2019-07-02T19:36:50.974">
  <halted state="Class scanning incomplete" status="clean trace" />
  <traced bytesTarget="912219" bytesTotal="1327524" bytesByMutator="956384" bytesByHelper="371140" percent="145" />
  <cards cleaned="0" thresholdBytes="49291" />
</concurrent-halted>
<gc-op id="1668" type="tracing" timems="0.420" contextid="1661" timestamp="2019-07-02T19:36:50.975">
  <trace bytesTraced="674020" workStackOverflowCount="0" />
</gc-op>
<gc-op id="1669" type="card-cleaning" timems="0.431" contextid="1661" timestamp="2019-07-02T19:36:50.975">
  <card-cleaning cardsCleaned="29" bytesTraced="24004" workStackOverflowCount="0" />
</gc-op>
<gc-op id="1670" type="mark" timems="1.119" contextid="1661" timestamp="2019-07-02T19:36:50.976">
  <trace-info objectcount="9800" scancount="9058" scanbytes="284684" />
  <finalization candidates="124" enqueued="0" />
  <ownableSynchronizers candidates="3" cleared="0" />
  <references type="soft" candidates="84" cleared="0" enqueued="0" dynamicThreshold="20" maxThreshold="32" />
  <references type="weak" candidates="776" cleared="0" enqueued="0" />
  <references type="phantom" candidates="63" cleared="0" enqueued="0" />
  <stringconstants candidates="4574" cleared="0"  />
</gc-op>
<gc-op id="1671" type="sweep" timems="1.014" contextid="1661" timestamp="2019-07-02T19:36:50.977" />
<mem-info id="1672" free="7885480" total="12255232" percent="64">
  <mem type="tenure" free="7885480" total="12255232" percent="64" micro-fragmented="96368">
    <mem type="soa" free="7788256" total="12133376" percent="64" />
    <mem type="loa" free="97224" total="121856" percent="79" />
  </mem>
</mem-info>
<gc-op id="1673" type="compact" timems="5.713" contextid="1661" timestamp="2019-07-02T19:36:50.983">
  <compact-info movecount="27139" movebytes="1202768" reason="compact to aid heap contraction" />
</gc-op>
<heap-resize id="1674" type="contract" space="tenure" amount="65536" count="1" timems="0.077" reason="excess free space following gc" timestamp="2019-07-02T19:36:50.983" />
<gc-end id="1675" type="global" contextid="1661" durationms="9.520" usertimems="16.000" systemtimems="0.000" timestamp="2019-07-02T19:36:50.984" activeThreads="4">
  <mem-info id="1676" free="7874920" total="12189696" percent="64">
    <mem type="tenure" free="7874920" total="12189696" percent="64">
      <mem type="soa" free="7809384" total="12067840" percent="64" />
      <mem type="loa" free="65536" total="121856" percent="53" />
    </mem>
  </mem-info>
</gc-end>
<cycle-end id="1677" type="global" contextid="1661" timestamp="2019-07-02T19:36:50.984">
  <attribute name="GC Util" value="149" />
  <attribute name="CPU Util" value="46894607055040" />
  <attribute name="Time Running"value="2466"/>
  <attribute name="Number of cores"value="4"/>
</cycle-end>
<allocation-satisfied id="1678" threadId="0000000000ABB500" bytesRequested="40" />
<af-end id="1679" timestamp="2019-07-02T19:36:50.984" threadId="0000000000ABBE88" success="true" />
<exclusive-end id="1680" timestamp="2019-07-02T19:36:50.984" durationms="9.941" />

<concurrent-kickoff id="1681" timestamp="2019-07-02T19:36:50.987">
  <kickoff reason="threshold reached" targetBytes="1052141" thresholdFreeBytes="143729" remainingFree="65536" tenureFreeBytes="65536" />
</concurrent-kickoff>
<exclusive-start id="1682" timestamp="2019-07-02T19:36:50.988" intervalms="13.639">
  <response-info timems="0.023" idlems="0.023" threads="0" lastid="0000000000AB3D00" lastname="Thread-10" />
</exclusive-start>
<cycle-start id="1683" type="global" contextid="0" timestamp="2019-07-02T19:36:50.988" intervalms="14.443" />
  <attribute name="GC Util" value="149" />
  <attribute name="CPU Util" value="46894607055040" />
  <attribute name="Time Running"value="2466"/>
  <attribute name="Number of cores"value="4"/>
<exclusive-end id="1684" timestamp="2019-07-02T19:36:50.988" durationms="0.113" />

<exclusive-start id="1685" timestamp="2019-07-02T19:36:50.988" intervalms="0.209">
  <response-info timems="0.023" idlems="0.023" threads="0" lastid="0000000000ABB500" lastname="Thread-9" />
</exclusive-start>
<af-start id="1686" threadId="0000000000ABBE88" totalBytesRequested="40" timestamp="2019-07-02T19:36:50.988" intervalms="13.842" />
<concurrent-aborted id="1687" timestamp="2019-07-02T19:36:50.988">
  <reason value="insufficient progress made" />
</concurrent-aborted>
<cycle-end id="1688" type="global" contextid="1683" timestamp="2019-07-02T19:36:50.988">
  <attribute name="GC Util" value="149" />
  <attribute name="CPU Util" value="46894607055040" />
  <attribute name="Time Running"value="2466"/>
  <attribute name="Number of cores"value="4"/>
</cycle-end>
<cycle-start id="1689" type="global" contextid="0" timestamp="2019-07-02T19:36:50.988" intervalms="0.378" />
  <attribute name="GC Util" value="149" />
  <attribute name="CPU Util" value="46894607055040" />
  <attribute name="Time Running"value="2466"/>
  <attribute name="Number of cores"value="4"/>
<gc-start id="1690" type="global" contextid="1689" timestamp="2019-07-02T19:36:50.988">
  <mem-info id="1691" free="65536" total="12189696" percent="0">
    <mem type="tenure" free="65536" total="12189696" percent="0">
      <mem type="soa" free="0" total="12067840" percent="0" />
      <mem type="loa" free="65536" total="121856" percent="53" />
    </mem>
  </mem-info>
</gc-start>
<allocation-stats totalBytes="7873752" >
  <allocated-bytes non-tlh="0" tlh="7873752" />
  <largest-consumer threadName="Thread-10" threadId="0000000000AB3D00" bytes="2324464" />
</allocation-stats>
<gc-op id="1692" type="mark" timems="1.464" contextid="1689" timestamp="2019-07-02T19:36:50.990">
  <trace-info objectcount="67447" scancount="59896" scanbytes="2309924" />
  <finalization candidates="124" enqueued="0" />
  <ownableSynchronizers candidates="3" cleared="0" />
  <references type="soft" candidates="84" cleared="0" enqueued="0" dynamicThreshold="20" maxThreshold="32" />
  <references type="weak" candidates="776" cleared="0" enqueued="0" />
  <references type="phantom" candidates="63" cleared="0" enqueued="0" />
  <stringconstants candidates="4574" cleared="0"  />
</gc-op>
<gc-op id="1693" type="sweep" timems="0.288" contextid="1689" timestamp="2019-07-02T19:36:50.990" />
<heap-resize id="1694" type="contract" space="tenure" amount="65536" count="1" timems="0.084" reason="excess free space following gc" timestamp="2019-07-02T19:36:50.990" />
<gc-end id="1695" type="global" contextid="1689" durationms="2.217" usertimems="8.000" systemtimems="0.000" timestamp="2019-07-02T19:36:50.990" activeThreads="4">
  <mem-info id="1696" free="7787416" total="12124160" percent="64">
    <mem type="tenure" free="7787416" total="12124160" percent="64" micro-fragmented="11806">
      <mem type="soa" free="7787416" total="12003328" percent="64" />
      <mem type="loa" free="0" total="120832" percent="0" />
    </mem>
  </mem-info>
</gc-end>
<cycle-end id="1697" type="global" contextid="1689" timestamp="2019-07-02T19:36:50.990">
  <attribute name="GC Util" value="25" />
  <attribute name="CPU Util" value="95699476529822" />
  <attribute name="Time Running"value="2478"/>
  <attribute name="Number of cores"value="4"/>
</cycle-end>
<allocation-satisfied id="1698" threadId="0000000000ABB500" bytesRequested="40" />
<af-end id="1699" timestamp="2019-07-02T19:36:50.990" threadId="0000000000ABBE88" success="true" />
<exclusive-end id="1700" timestamp="2019-07-02T19:36:50.990" durationms="2.703" />

<concurrent-kickoff id="1701" timestamp="2019-07-02T19:36:50.996">
  <kickoff reason="threshold reached" targetBytes="1046485" thresholdFreeBytes="142956" remainingFree="57432" tenureFreeBytes="57432" />
</concurrent-kickoff>
<exclusive-start id="1702" timestamp="2019-07-02T19:36:50.996" intervalms="7.853">
  <response-info timems="0.089" idlems="0.055" threads="2" lastid="0000000000AB3D00" lastname="Thread-10" />
</exclusive-start>
<cycle-start id="1703" type="global" contextid="0" timestamp="2019-07-02T19:36:50.996" intervalms="7.720" />
  <attribute name="GC Util" value="25" />
  <attribute name="CPU Util" value="95699476529822" />
  <attribute name="Time Running"value="2478"/>
  <attribute name="Number of cores"value="4"/>
<exclusive-end id="1704" timestamp="2019-07-02T19:36:50.996" durationms="0.148" />

<exclusive-start id="1705" timestamp="2019-07-02T19:36:50.996" intervalms="0.294">
  <response-info timems="0.043" idlems="0.043" threads="0" lastid="0000000000AB0100" lastname="Thread-8" />
</exclusive-start>
<af-start id="1706" threadId="0000000000AB0A88" totalBytesRequested="40" timestamp="2019-07-02T19:36:50.996" intervalms="8.160" />
<concurrent-aborted id="1707" timestamp="2019-07-02T19:36:50.996">
  <reason value="insufficient progress made" />
</concurrent-aborted>
<cycle-end id="1708" type="global" contextid="1703" timestamp="2019-07-02T19:36:50.996">
  <attribute name="GC Util" value="25" />
  <attribute name="CPU Util" value="95699476529822" />
  <attribute name="Time Running"value="2478"/>
  <attribute name="Number of cores"value="4"/>
</cycle-end>
<cycle-start id="1709" type="global" contextid="0" timestamp="2019-07-02T19:36:50.996" intervalms="0.535" />
  <attribute name="GC Util" value="25" />
  <attribute name="CPU Util" value="95699476529822" />
  <attribute name="Time Running"value="2478"/>
  <attribute name="Number of cores"value="4"/>
<gc-start id="1710" type="global" contextid="1709" timestamp="2019-07-02T19:36:50.996">
  <mem-info id="1711" free="0" total="12124160" percent="0">
    <mem type="tenure" free="0" total="12124160" percent="0">
      <mem type="soa" free="0" total="12003328" percent="0" />
      <mem type="loa" free="0" total="120832" percent="0" />
    </mem>
  </mem-info>
</gc-start>
<allocation-stats totalBytes="7783008" >
  <allocated-bytes non-tlh="0" tlh="7783008" />
  <largest-consumer threadName="Thread-10" threadId="0000000000AB3D00" bytes="2868592" />
</allocation-stats>
<gc-op id="1712" type="mark" timems="1.711" contextid="1709" timestamp="2019-07-02T19:36:50.998">
  <trace-info objectcount="68123" scancount="60549" scanbytes="2326324" />
  <finalization candidates="124" enqueued="0" />
  <ownableSynchronizers candidates="3" cleared="0" />
  <references type="soft" candidates="84" cleared="0" enqueued="0" dynamicThreshold="20" maxThreshold="32" />
  <references type="weak" candidates="776" cleared="0" enqueued="0" />
  <references type="phantom" candidates="63" cleared="0" enqueued="0" />
  <stringconstants candidates="4574" cleared="0"  />
</gc-op>
<gc-op id="1713" type="sweep" timems="0.955" contextid="1709" timestamp="2019-07-02T19:36:50.999" />
<heap-resize id="1714" type="contract" space="tenure" amount="65536" count="1" timems="0.044" reason="excess free space following gc" timestamp="2019-07-02T19:36:50.999" />
<gc-end id="1715" type="global" contextid="1709" durationms="2.993" usertimems="4.000" systemtimems="0.000" timestamp="2019-07-02T19:36:50.999" activeThreads="4">
  <mem-info id="1716" free="7681688" total="12058624" percent="63">
    <mem type="tenure" free="7681688" total="12058624" percent="63" micro-fragmented="0">
      <mem type="soa" free="7681688" total="11938816" percent="64" />
      <mem type="loa" free="0" total="119808" percent="0" />
    </mem>
  </mem-info>
</gc-end>
<cycle-end id="1717" type="global" contextid="1709" timestamp="2019-07-02T19:36:50.999">
  <attribute name="GC Util" value="183" />
  <attribute name="CPU Util" value="25885516702687" />
  <attribute name="Time Running"value="2487"/>
  <attribute name="Number of cores"value="4"/>
</cycle-end>
<allocation-satisfied id="1718" threadId="0000000000AB0100" bytesRequested="40" />
<af-end id="1719" timestamp="2019-07-02T19:36:50.999" threadId="0000000000AB0A88" success="true" />
<exclusive-end id="1720" timestamp="2019-07-02T19:36:50.999" durationms="3.548" />

<concurrent-kickoff id="1721" timestamp="2019-07-02T19:36:51.005">
  <kickoff reason="threshold reached" targetBytes="1040827" thresholdFreeBytes="142182" remainingFree="121360" tenureFreeBytes="100648" />
</concurrent-kickoff>
<exclusive-start id="1722" timestamp="2019-07-02T19:36:51.006" intervalms="9.725">
  <response-info timems="0.202" idlems="0.185" threads="1" lastid="0000000000ABB500" lastname="Thread-9" />
</exclusive-start>
<cycle-start id="1723" type="global" contextid="0" timestamp="2019-07-02T19:36:51.006" intervalms="9.500" />
  <attribute name="GC Util" value="183" />
  <attribute name="CPU Util" value="25885516702687" />
  <attribute name="Time Running"value="2487"/>
  <attribute name="Number of cores"value="4"/>
<exclusive-end id="1724" timestamp="2019-07-02T19:36:51.006" durationms="0.205" />

<exclusive-start id="1725" timestamp="2019-07-02T19:36:51.006" intervalms="0.611">
  <response-info timems="0.027" idlems="0.027" threads="0" lastid="0000000000AB3D00" lastname="Thread-10" />
</exclusive-start>
<af-start id="1726" threadId="0000000000AB4688" totalBytesRequested="24" timestamp="2019-07-02T19:36:51.006" intervalms="10.403" />
<gc-start id="1727" type="global" contextid="1723" timestamp="2019-07-02T19:36:51.007">
  <mem-info id="1728" free="0" total="12058624" percent="0">
    <mem type="tenure" free="0" total="12058624" percent="0">
      <mem type="soa" free="0" total="11938816" percent="0" />
      <mem type="loa" free="0" total="119808" percent="0" />
    </mem>
  </mem-info>
</gc-start>
<allocation-stats totalBytes="7671968" >
  <allocated-bytes non-tlh="0" tlh="7671968" />
  <largest-consumer threadName="Thread-10" threadId="0000000000AB3D00" bytes="3334328" />
</allocation-stats>
<concurrent-halted id="1729" timestamp="2019-07-02T19:36:51.007">
  <halted state="Tracing incomplete" status="clean trace" />
  <traced bytesTarget="1040827" bytesTotal="64608" bytesByMutator="51192" bytesByHelper="13416" percent="6" />
  <cards cleaned="0" thresholdBytes="56010" />
</concurrent-halted>
<gc-op id="1730" type="tracing" timems="0.772" contextid="1723" timestamp="2019-07-02T19:36:51.008">
  <trace bytesTraced="1745420" workStackOverflowCount="0" />
</gc-op>
<gc-op id="1731" type="card-cleaning" timems="0.264" contextid="1723" timestamp="2019-07-02T19:36:51.008">
  <card-cleaning cardsCleaned="13" bytesTraced="8780" workStackOverflowCount="0" />
</gc-op>
<gc-op id="1732" type="mark" timems="1.488" contextid="1723" timestamp="2019-07-02T19:36:51.010">
  <trace-info objectcount="21773" scancount="16752" scanbytes="531496" />
  <finalization candidates="124" enqueued="0" />
  <ownableSynchronizers candidates="3" cleared="0" />
  <references type="soft" candidates="84" cleared="0" enqueued="0" dynamicThreshold="20" maxThreshold="32" />
  <references type="weak" candidates="776" cleared="0" enqueued="0" />
  <references type="phantom" candidates="63" cleared="0" enqueued="0" />
  <stringconstants candidates="4574" cleared="0"  />
</gc-op>
<gc-op id="1733" type="sweep" timems="0.993" contextid="1723" timestamp="2019-07-02T19:36:51.011" />
<heap-resize id="1734" type="contract" space="tenure" amount="65536" count="1" timems="0.093" reason="excess free space following gc" timestamp="2019-07-02T19:36:51.011" />
<gc-end id="1735" type="global" contextid="1723" durationms="4.388" usertimems="4.000" systemtimems="4.000" timestamp="2019-07-02T19:36:51.011" activeThreads="4">
  <mem-info id="1736" free="7617904" total="11993088" percent="63">
    <mem type="tenure" free="7617904" total="11993088" percent="63" micro-fragmented="11309">
      <mem type="soa" free="7552368" total="11873280" percent="63" />
      <mem type="loa" free="65536" total="119808" percent="54" />
    </mem>
  </mem-info>
</gc-end>
<cycle-end id="1737" type="global" contextid="1723" timestamp="2019-07-02T19:36:51.011">
  <attribute name="GC Util" value="136" />
  <attribute name="CPU Util" value="24573346063071" />
  <attribute name="Time Running"value="2498"/>
  <attribute name="Number of cores"value="4"/>
</cycle-end>
<allocation-satisfied id="1738" threadId="0000000000AB3D00" bytesRequested="24" />
<af-end id="1739" timestamp="2019-07-02T19:36:51.011" threadId="0000000000AB4688" success="true" />
<exclusive-end id="1740" timestamp="2019-07-02T19:36:51.011" durationms="4.886" />

<concurrent-kickoff id="1741" timestamp="2019-07-02T19:36:51.016">
  <kickoff reason="threshold reached" targetBytes="855264" thresholdFreeBytes="117463" remainingFree="109312" tenureFreeBytes="109312" />
</concurrent-kickoff>
<exclusive-start id="1742" timestamp="2019-07-02T19:36:51.016" intervalms="9.792">
  <response-info timems="0.097" idlems="0.057" threads="1" lastid="0000000000AB0100" lastname="Thread-8" />
</exclusive-start>
<cycle-start id="1743" type="global" contextid="0" timestamp="2019-07-02T19:36:51.016" intervalms="10.382" />
  <attribute name="GC Util" value="136" />
  <attribute name="CPU Util" value="24573346063071" />
  <attribute name="Time Running"value="2498"/>
  <attribute name="Number of cores"value="4"/>
<exclusive-end id="1744" timestamp="2019-07-02T19:36:51.016" durationms="0.137" />

<exclusive-start id="1745" timestamp="2019-07-02T19:36:51.016" intervalms="0.274">
  <response-info timems="0.023" idlems="0.013" threads="1" lastid="0000000000AB0100" lastname="Thread-8" />
</exclusive-start>
<af-start id="1746" threadId="0000000000AB8288" totalBytesRequested="24" timestamp="2019-07-02T19:36:51.016" intervalms="9.984" />
<gc-start id="1747" type="global" contextid="1743" timestamp="2019-07-02T19:36:51.016">
  <mem-info id="1748" free="65536" total="11993088" percent="0">
    <mem type="tenure" free="65536" total="11993088" percent="0">
      <mem type="soa" free="0" total="11873280" percent="0" />
      <mem type="loa" free="65536" total="119808" percent="54" />
    </mem>
  </mem-info>
</gc-start>
<allocation-stats totalBytes="7539120" >
  <allocated-bytes non-tlh="23160" tlh="7515960" />
  <largest-consumer threadName="Thread-7" threadId="0000000000AB7900" bytes="2800376" />
</allocation-stats>
<concurrent-halted id="1749" timestamp="2019-07-02T19:36:51.017">
  <halted state="Class scanning incomplete" status="trace only" />
  <traced bytesTarget="855264" bytesTotal="14716" bytesByMutator="0" bytesByHelper="14716" percent="1" />
  <cards cleaned="0" thresholdBytes="46273" />
</concurrent-halted>
<gc-op id="1750" type="tracing" timems="0.489" contextid="1743" timestamp="2019-07-02T19:36:51.017">
  <trace bytesTraced="1385648" workStackOverflowCount="0" />
</gc-op>
<gc-op id="1751" type="card-cleaning" timems="0.103" contextid="1743" timestamp="2019-07-02T19:36:51.017">
  <card-cleaning cardsCleaned="7" bytesTraced="5748" workStackOverflowCount="0" />
</gc-op>
<gc-op id="1752" type="mark" timems="0.777" contextid="1743" timestamp="2019-07-02T19:36:51.018">
  <trace-info objectcount="28771" scancount="24134" scanbytes="837924" />
  <finalization candidates="124" enqueued="0" />
  <ownableSynchronizers candidates="3" cleared="0" />
  <references type="soft" candidates="84" cleared="0" enqueued="0" dynamicThreshold="20" maxThreshold="32" />
  <references type="weak" candidates="776" cleared="0" enqueued="0" />
  <references type="phantom" candidates="63" cleared="0" enqueued="0" />
  <stringconstants candidates="4574" cleared="0"  />
</gc-op>
<gc-op id="1753" type="sweep" timems="0.331" contextid="1743" timestamp="2019-07-02T19:36:51.019" />
<heap-resize id="1754" type="contract" space="tenure" amount="65536" count="1" timems="0.096" reason="excess free space following gc" timestamp="2019-07-02T19:36:51.019" />
<gc-end id="1755" type="global" contextid="1743" durationms="2.321" usertimems="4.000" systemtimems="0.000" timestamp="2019-07-02T19:36:51.019" activeThreads="4">
  <mem-info id="1756" free="7514664" total="11927552" percent="63">
    <mem type="tenure" free="7514664" total="11927552" percent="63" micro-fragmented="91655">
      <mem type="soa" free="7514664" total="11808768" percent="63" />
      <mem type="loa" free="0" total="118784" percent="0" />
    </mem>
  </mem-info>
</gc-end>
<cycle-end id="1757" type="global" contextid="1743" timestamp="2019-07-02T19:36:51.019">
  <attribute name="GC Util" value="19" />
  <attribute name="CPU Util" value="77066623199188" />
  <attribute name="Time Running"value="2506"/>
  <attribute name="Number of cores"value="4"/>
</cycle-end>
<allocation-satisfied id="1758" threadId="0000000000AB7900" bytesRequested="24" />
<af-end id="1759" timestamp="2019-07-02T19:36:51.019" threadId="0000000000AB8288" success="true" />
<exclusive-end id="1760" timestamp="2019-07-02T19:36:51.019" durationms="2.670" />

<concurrent-kickoff id="1761" timestamp="2019-07-02T19:36:51.026">
  <kickoff reason="threshold reached" targetBytes="703396" thresholdFreeBytes="97026" remainingFree="78776" tenureFreeBytes="78776" />
</concurrent-kickoff>
<exclusive-start id="1762" timestamp="2019-07-02T19:36:51.026" intervalms="9.491">
  <response-info timems="0.091" idlems="0.056" threads="1" lastid="0000000000AB3D00" lastname="Thread-10" />
</exclusive-start>
<cycle-start id="1763" type="global" contextid="0" timestamp="2019-07-02T19:36:51.026" intervalms="9.762" />
  <attribute name="GC Util" value="19" />
  <attribute name="CPU Util" value="77066623199188" />
  <attribute name="Time Running"value="2506"/>
  <attribute name="Number of cores"value="4"/>
<exclusive-end id="1764" timestamp="2019-07-02T19:36:51.026" durationms="0.166" />

<exclusive-start id="1765" timestamp="2019-07-02T19:36:51.027" intervalms="1.302">
  <response-info timems="0.046" idlems="0.030" threads="2" lastid="0000000000769B00" lastname="JIT Compilation Thread-2" />
</exclusive-start>
<af-start id="1766" threadId="0000000000ABBE88" totalBytesRequested="40" timestamp="2019-07-02T19:36:51.027" intervalms="10.849" />
<gc-start id="1767" type="global" contextid="1763" timestamp="2019-07-02T19:36:51.027">
  <mem-info id="1768" free="0" total="11927552" percent="0">
    <mem type="tenure" free="0" total="11927552" percent="0">
      <mem type="soa" free="0" total="11808768" percent="0" />
      <mem type="loa" free="0" total="118784" percent="0" />
    </mem>
  </mem-info>
</gc-start>
<allocation-stats totalBytes="7501840" >
  <allocated-bytes non-tlh="0" tlh="7501840" />
  <largest-consumer threadName="Thread-10" threadId="0000000000AB3D00" bytes="3693768" />
</allocation-stats>
<concurrent-halted id="1769" timestamp="2019-07-02T19:36:51.028">
  <halted state="Class scanning incomplete" status="clean trace" />
  <traced bytesTarget="703396" bytesTotal="922376" bytesByMutator="338616" bytesByHelper="583760" percent="131" />
  <cards cleaned="0" thresholdBytes="38222" />
</concurrent-halted>
<gc-op id="1770" type="tracing" timems="0.340" contextid="1763" timestamp="2019-07-02T19:36:51.028">
  <trace bytesTraced="761908" workStackOverflowCount="0" />
</gc-op>
<gc-op id="1771" type="card-cleaning" timems="0.167" contextid="1763" timestamp="2019-07-02T19:36:51.028">
  <card-cleaning cardsCleaned="14" bytesTraced="229780" workStackOverflowCount="0" />
</gc-op>
<gc-op id="1772" type="mark" timems="0.570" contextid="1763" timestamp="2019-07-02T19:36:51.029">
  <trace-info objectcount="7743" scancount="8380" scanbytes="360032" />
  <finalization candidates="124" enqueued="0" />
  <ownableSynchronizers candidates="3" cleared="0" />
  <references type="soft" candidates="84" cleared="0" enqueued="0" dynamicThreshold="20" maxThreshold="32" />
  <references type="weak" candidates="776" cleared="0" enqueued="0" />
  <references type="phantom" candidates="63" cleared="0" enqueued="0" />
  <stringconstants candidates="4574" cleared="0"  />
</gc-op>
<gc-op id="1773" type="sweep" timems="0.435" contextid="1763" timestamp="2019-07-02T19:36:51.029" />
<heap-resize id="1774" type="contract" space="tenure" amount="65536" count="1" timems="0.101" reason="excess free space following gc" timestamp="2019-07-02T19:36:51.030" />
<gc-end id="1775" type="global" contextid="1763" durationms="2.343" usertimems="4.000" systemtimems="0.000" timestamp="2019-07-02T19:36:51.030" activeThreads="4">
  <mem-info id="1776" free="7394536" total="11862016" percent="62">
    <mem type="tenure" free="7394536" total="11862016" percent="62" micro-fragmented="104845">
      <mem type="soa" free="7394536" total="11744256" percent="62" />
      <mem type="loa" free="0" total="117760" percent="0" />
    </mem>
  </mem-info>
</gc-end>
<cycle-end id="1777" type="global" contextid="1763" timestamp="2019-07-02T19:36:51.030">
  <attribute name="GC Util" value="19" />
  <attribute name="CPU Util" value="60405076874488" />
  <attribute name="Time Running"value="2517"/>
  <attribute name="Number of cores"value="4"/>
</cycle-end>
<allocation-satisfied id="1778" threadId="0000000000ABB500" bytesRequested="40" />
<af-end id="1779" timestamp="2019-07-02T19:36:51.030" threadId="0000000000ABBE88" success="true" />
<exclusive-end id="1780" timestamp="2019-07-02T19:36:51.030" durationms="2.786" />

<concurrent-kickoff id="1781" timestamp="2019-07-02T19:36:51.040">
  <kickoff reason="threshold reached" targetBytes="838060" thresholdFreeBytes="114891" remainingFree="114256" tenureFreeBytes="114256" />
</concurrent-kickoff>
<exclusive-start id="1782" timestamp="2019-07-02T19:36:51.041" intervalms="13.492">
  <response-info timems="0.158" idlems="0.095" threads="1" lastid="0000000000AB0100" lastname="Thread-8" />
</exclusive-start>
<cycle-start id="1783" type="global" contextid="0" timestamp="2019-07-02T19:36:51.041" intervalms="14.806" />
  <attribute name="GC Util" value="19" />
  <attribute name="CPU Util" value="60405076874488" />
  <attribute name="Time Running"value="2517"/>
  <attribute name="Number of cores"value="4"/>
<exclusive-end id="1784" timestamp="2019-07-02T19:36:51.041" durationms="0.191" />

<exclusive-start id="1785" timestamp="2019-07-02T19:36:51.042" intervalms="1.336">
  <response-info timems="0.158" idlems="0.088" threads="1" lastid="0000000000AB0100" lastname="Thread-8" />
</exclusive-start>
<af-start id="1786" threadId="0000000000AB4688" totalBytesRequested="40" timestamp="2019-07-02T19:36:51.042" intervalms="14.815" />
<gc-start id="1787" type="global" contextid="1783" timestamp="2019-07-02T19:36:51.042">
  <mem-info id="1788" free="0" total="11862016" percent="0">
    <mem type="tenure" free="0" total="11862016" percent="0">
      <mem type="soa" free="0" total="11744256" percent="0" />
      <mem type="loa" free="0" total="117760" percent="0" />
    </mem>
  </mem-info>
</gc-start>
<allocation-stats totalBytes="7376432" >
  <allocated-bytes non-tlh="0" tlh="7376432" />
  <largest-consumer threadName="Thread-10" threadId="0000000000AB3D00" bytes="5501712" />
</allocation-stats>
<concurrent-halted id="1789" timestamp="2019-07-02T19:36:51.042">
  <halted state="Class scanning incomplete" status="clean trace" />
  <traced bytesTarget="838060" bytesTotal="1219104" bytesByMutator="770192" bytesByHelper="448912" percent="145" />
  <cards cleaned="0" thresholdBytes="45259" />
</concurrent-halted>
<gc-op id="1790" type="tracing" timems="0.375" contextid="1783" timestamp="2019-07-02T19:36:51.043">
  <trace bytesTraced="311652" workStackOverflowCount="0" />
</gc-op>
<gc-op id="1791" type="card-cleaning" timems="0.478" contextid="1783" timestamp="2019-07-02T19:36:51.043">
  <card-cleaning cardsCleaned="17" bytesTraced="233448" workStackOverflowCount="0" />
</gc-op>
<gc-op id="1792" type="mark" timems="0.980" contextid="1783" timestamp="2019-07-02T19:36:51.044">
  <trace-info objectcount="14894" scancount="14524" scanbytes="518412" />
  <finalization candidates="124" enqueued="0" />
  <ownableSynchronizers candidates="3" cleared="0" />
  <references type="soft" candidates="84" cleared="0" enqueued="0" dynamicThreshold="19" maxThreshold="32" />
  <references type="weak" candidates="776" cleared="0" enqueued="0" />
  <references type="phantom" candidates="63" cleared="0" enqueued="0" />
  <stringconstants candidates="4574" cleared="0"  />
</gc-op>
<gc-op id="1793" type="sweep" timems="1.126" contextid="1783" timestamp="2019-07-02T19:36:51.046" />
<mem-info id="1794" free="7324512" total="11862016" percent="61">
  <mem type="tenure" free="7324512" total="11862016" percent="61" micro-fragmented="123998">
    <mem type="soa" free="7324512" total="11744256" percent="62" />
    <mem type="loa" free="0" total="117760" percent="0" />
  </mem>
</mem-info>
<gc-op id="1795" type="compact" timems="5.813" contextid="1783" timestamp="2019-07-02T19:36:51.052">
  <compact-info movecount="25983" movebytes="1175184" reason="compact to aid heap contraction" />
</gc-op>
<heap-resize id="1796" type="contract" space="tenure" amount="65536" count="1" timems="0.071" reason="excess free space following gc" timestamp="2019-07-02T19:36:51.052" />
<gc-end id="1797" type="global" contextid="1783" durationms="9.878" usertimems="12.000" systemtimems="4.000" timestamp="2019-07-02T19:36:51.052" activeThreads="4">
  <mem-info id="1798" free="7513360" total="11796480" percent="63">
    <mem type="tenure" free="7513360" total="11796480" percent="63">
      <mem type="soa" free="7447824" total="11678720" percent="63" />
      <mem type="loa" free="65536" total="117760" percent="55" />
    </mem>
  </mem-info>
</gc-end>
<cycle-end id="1799" type="global" contextid="1783" timestamp="2019-07-02T19:36:51.052">
  <attribute name="GC Util" value="126" />
  <attribute name="CPU Util" value="38020413031176" />
  <attribute name="Time Running"value="2534"/>
  <attribute name="Number of cores"value="4"/>
</cycle-end>
<allocation-satisfied id="1800" threadId="0000000000AB3D00" bytesRequested="40" />
<af-end id="1801" timestamp="2019-07-02T19:36:51.052" threadId="0000000000AB4688" success="true" />
<exclusive-end id="1802" timestamp="2019-07-02T19:36:51.052" durationms="10.533" />

<concurrent-kickoff id="1803" timestamp="2019-07-02T19:36:51.059">
  <kickoff reason="threshold reached" targetBytes="1026712" thresholdFreeBytes="139928" remainingFree="65536" tenureFreeBytes="65536" />
</concurrent-kickoff>
<exclusive-start id="1804" timestamp="2019-07-02T19:36:51.059" intervalms="17.472">
  <response-info timems="0.127" idlems="0.091" threads="2" lastid="0000000000AB3D00" lastname="Thread-10" />
</exclusive-start>
<af-start id="1805" threadId="0000000000AB8288" totalBytesRequested="40" timestamp="2019-07-02T19:36:51.060" intervalms="17.500" />
<concurrent-aborted id="1806" timestamp="2019-07-02T19:36:51.060">
  <reason value="insufficient progress made" />
</concurrent-aborted>
<cycle-end id="1807" type="global" contextid="1783" timestamp="2019-07-02T19:36:51.060">
  <attribute name="GC Util" value="126" />
  <attribute name="CPU Util" value="38020413031176" />
  <attribute name="Time Running"value="2534"/>
  <attribute name="Number of cores"value="4"/>
</cycle-end>
<cycle-start id="1808" type="global" contextid="0" timestamp="2019-07-02T19:36:51.060" intervalms="19.118" />
  <attribute name="GC Util" value="126" />
  <attribute name="CPU Util" value="38020413031176" />
  <attribute name="Time Running"value="2534"/>
  <attribute name="Number of cores"value="4"/>
<gc-start id="1809" type="global" contextid="1808" timestamp="2019-07-02T19:36:51.060">
  <mem-info id="1810" free="65536" total="11796480" percent="0">
    <mem type="tenure" free="65536" total="11796480" percent="0">
      <mem type="soa" free="0" total="11678720" percent="0" />
      <mem type="loa" free="65536" total="117760" percent="55" />
    </mem>
  </mem-info>
</gc-start>
<allocation-stats totalBytes="7512240" >
  <allocated-bytes non-tlh="0" tlh="7512240" />
  <largest-consumer threadName="Thread-10" threadId="0000000000AB3D00" bytes="3760912" />
</allocation-stats>
<gc-op id="1811" type="mark" timems="1.140" contextid="1808" timestamp="2019-07-02T19:36:51.061">
  <trace-info objectcount="66334" scancount="58746" scanbytes="2283764" />
  <finalization candidates="124" enqueued="0" />
  <ownableSynchronizers candidates="3" cleared="0" />
  <references type="soft" candidates="84" cleared="0" enqueued="0" dynamicThreshold="20" maxThreshold="32" />
  <references type="weak" candidates="776" cleared="0" enqueued="0" />
  <references type="phantom" candidates="63" cleared="0" enqueued="0" />
  <stringconstants candidates="4574" cleared="0"  />
</gc-op>
<gc-op id="1812" type="sweep" timems="0.338" contextid="1808" timestamp="2019-07-02T19:36:51.062" />
<heap-resize id="1813" type="contract" space="tenure" amount="65536" count="1" timems="0.084" reason="excess free space following gc" timestamp="2019-07-02T19:36:51.062" />
<gc-end id="1814" type="global" contextid="1808" durationms="1.928" usertimems="0.000" systemtimems="4.000" timestamp="2019-07-02T19:36:51.062" activeThreads="4">
  <mem-info id="1815" free="7411744" total="11730944" percent="63">
    <mem type="tenure" free="7411744" total="11730944" percent="63" micro-fragmented="17428">
      <mem type="soa" free="7411744" total="11614208" percent="63" />
      <mem type="loa" free="0" total="116736" percent="0" />
    </mem>
  </mem-info>
</gc-end>
<cycle-end id="1816" type="global" contextid="1808" timestamp="2019-07-02T19:36:51.062">
  <attribute name="GC Util" value="27" />
  <attribute name="CPU Util" value="93955453654494" />
  <attribute name="Time Running"value="2549"/>
  <attribute name="Number of cores"value="4"/>
</cycle-end>
<allocation-satisfied id="1817" threadId="0000000000AB7900" bytesRequested="40" />
<af-end id="1818" timestamp="2019-07-02T19:36:51.062" threadId="0000000000AB8288" success="true" />
<exclusive-end id="1819" timestamp="2019-07-02T19:36:51.062" durationms="2.651" />

<concurrent-kickoff id="1820" timestamp="2019-07-02T19:36:51.070">
  <kickoff reason="threshold reached" targetBytes="1021009" thresholdFreeBytes="139151" remainingFree="133696" tenureFreeBytes="133696" />
</concurrent-kickoff>
<exclusive-start id="1821" timestamp="2019-07-02T19:36:51.070" intervalms="10.485">
  <response-info timems="0.081" idlems="0.050" threads="1" lastid="0000000000AB0100" lastname="Thread-8" />
</exclusive-start>
<cycle-start id="1822" type="global" contextid="0" timestamp="2019-07-02T19:36:51.070" intervalms="10.171" />
  <attribute name="GC Util" value="27" />
  <attribute name="CPU Util" value="93955453654494" />
  <attribute name="Time Running"value="2549"/>
  <attribute name="Number of cores"value="4"/>
<exclusive-end id="1823" timestamp="2019-07-02T19:36:51.070" durationms="0.178" />

<exclusive-start id="1824" timestamp="2019-07-02T19:36:51.070" intervalms="0.471">
  <response-info timems="0.025" idlems="0.025" threads="0" lastid="0000000000AB0100" lastname="Thread-8" />
</exclusive-start>
<af-start id="1825" threadId="0000000000AB0A88" totalBytesRequested="24" timestamp="2019-07-02T19:36:51.071" intervalms="10.933" />
<gc-start id="1826" type="global" contextid="1822" timestamp="2019-07-02T19:36:51.071">
  <mem-info id="1827" free="0" total="11730944" percent="0">
    <mem type="tenure" free="0" total="11730944" percent="0">
      <mem type="soa" free="0" total="11614208" percent="0" />
      <mem type="loa" free="0" total="116736" percent="0" />
    </mem>
  </mem-info>
</gc-start>
<allocation-stats totalBytes="7408456" >
  <allocated-bytes non-tlh="0" tlh="7408456" />
  <largest-consumer threadName="Thread-10" threadId="0000000000AB3D00" bytes="4045896" />
</allocation-stats>
<concurrent-halted id="1828" timestamp="2019-07-02T19:36:51.071">
  <halted state="Tracing incomplete" status="clean trace" />
  <traced bytesTarget="1021009" bytesTotal="62296" bytesByMutator="14344" bytesByHelper="47952" percent="6" />
  <cards cleaned="0" thresholdBytes="54817" />
</concurrent-halted>
<gc-op id="1829" type="tracing" timems="0.502" contextid="1822" timestamp="2019-07-02T19:36:51.071">
  <trace bytesTraced="1078296" workStackOverflowCount="0" />
</gc-op>
<gc-op id="1830" type="card-cleaning" timems="0.169" contextid="1822" timestamp="2019-07-02T19:36:51.071">
  <card-cleaning cardsCleaned="12" bytesTraced="7188" workStackOverflowCount="0" />
</gc-op>
<gc-op id="1831" type="mark" timems="0.881" contextid="1822" timestamp="2019-07-02T19:36:51.072">
  <trace-info objectcount="36401" scancount="31386" scanbytes="1158800" />
  <finalization candidates="124" enqueued="0" />
  <ownableSynchronizers candidates="3" cleared="0" />
  <references type="soft" candidates="84" cleared="0" enqueued="0" dynamicThreshold="20" maxThreshold="32" />
  <references type="weak" candidates="776" cleared="0" enqueued="0" />
  <references type="phantom" candidates="63" cleared="0" enqueued="0" />
  <stringconstants candidates="4574" cleared="0"  />
</gc-op>
<gc-op id="1832" type="sweep" timems="0.324" contextid="1822" timestamp="2019-07-02T19:36:51.073" />
<heap-resize id="1833" type="contract" space="tenure" amount="65536" count="1" timems="0.049" reason="excess free space following gc" timestamp="2019-07-02T19:36:51.073" />
<gc-end id="1834" type="global" contextid="1822" durationms="2.367" usertimems="4.000" systemtimems="0.000" timestamp="2019-07-02T19:36:51.073" activeThreads="4">
  <mem-info id="1835" free="7298232" total="11665408" percent="62">
    <mem type="tenure" free="7298232" total="11665408" percent="62" micro-fragmented="17705">
      <mem type="soa" free="7298232" total="11549696" percent="63" />
      <mem type="loa" free="0" total="115712" percent="0" />
    </mem>
  </mem-info>
</gc-end>
<cycle-end id="1836" type="global" contextid="1822" timestamp="2019-07-02T19:36:51.073">
  <attribute name="GC Util" value="25" />
  <attribute name="CPU Util" value="78891576539855" />
  <attribute name="Time Running"value="2561"/>
  <attribute name="Number of cores"value="4"/>
</cycle-end>
<allocation-satisfied id="1837" threadId="0000000000AB0100" bytesRequested="24" />
<af-end id="1838" timestamp="2019-07-02T19:36:51.073" threadId="0000000000AB0A88" success="true" />
<exclusive-end id="1839" timestamp="2019-07-02T19:36:51.073" durationms="2.846" />

<concurrent-kickoff id="1840" timestamp="2019-07-02T19:36:51.081">
  <kickoff reason="threshold reached" targetBytes="834256" thresholdFreeBytes="114327" remainingFree="110928" tenureFreeBytes="110928" />
</concurrent-kickoff>
<exclusive-start id="1841" timestamp="2019-07-02T19:36:51.081" intervalms="10.915">
  <response-info timems="0.061" idlems="0.030" threads="3" lastid="0000000000AB7900" lastname="Thread-7" />
</exclusive-start>
<cycle-start id="1842" type="global" contextid="0" timestamp="2019-07-02T19:36:51.081" intervalms="11.385" />
  <attribute name="GC Util" value="25" />
  <attribute name="CPU Util" value="78891576539855" />
  <attribute name="Time Running"value="2561"/>
  <attribute name="Number of cores"value="4"/>
<exclusive-end id="1843" timestamp="2019-07-02T19:36:51.081" durationms="0.182" />

<exclusive-start id="1844" timestamp="2019-07-02T19:36:51.083" intervalms="1.328">
  <response-info timems="0.023" idlems="0.023" threads="0" lastid="0000000000ABB500" lastname="Thread-9" />
</exclusive-start>
<af-start id="1845" threadId="0000000000ABBE88" totalBytesRequested="40" timestamp="2019-07-02T19:36:51.083" intervalms="12.201" />
<gc-start id="1846" type="global" contextid="1842" timestamp="2019-07-02T19:36:51.083">
  <mem-info id="1847" free="0" total="11665408" percent="0">
    <mem type="tenure" free="0" total="11665408" percent="0">
      <mem type="soa" free="0" total="11549696" percent="0" />
      <mem type="loa" free="0" total="115712" percent="0" />
    </mem>
  </mem-info>
</gc-start>
<allocation-stats totalBytes="7290360" >
  <allocated-bytes non-tlh="0" tlh="7290360" />
  <largest-consumer threadName="Thread-10" threadId="0000000000AB3D00" bytes="3692496" />
</allocation-stats>
<concurrent-halted id="1848" timestamp="2019-07-02T19:36:51.083">
  <halted state="Class scanning incomplete" status="clean trace" />
  <traced bytesTarget="834256" bytesTotal="999628" bytesByMutator="545948" bytesByHelper="453680" percent="119" />
  <cards cleaned="0" thresholdBytes="45037" />
</concurrent-halted>
<gc-op id="1849" type="tracing" timems="0.278" contextid="1842" timestamp="2019-07-02T19:36:51.083">
  <trace bytesTraced="390596" workStackOverflowCount="0" />
</gc-op>
<gc-op id="1850" type="card-cleaning" timems="0.098" contextid="1842" timestamp="2019-07-02T19:36:51.083">
  <card-cleaning cardsCleaned="14" bytesTraced="11748" workStackOverflowCount="0" />
</gc-op>
<gc-op id="1851" type="mark" timems="0.756" contextid="1842" timestamp="2019-07-02T19:36:51.084">
  <trace-info objectcount="20599" scancount="20880" scanbytes="929400" />
  <finalization candidates="124" enqueued="0" />
  <ownableSynchronizers candidates="3" cleared="0" />
  <references type="soft" candidates="84" cleared="0" enqueued="0" dynamicThreshold="20" maxThreshold="32" />
  <references type="weak" candidates="776" cleared="0" enqueued="0" />
  <references type="phantom" candidates="63" cleared="0" enqueued="0" />
  <stringconstants candidates="4574" cleared="0"  />
</gc-op>
<gc-op id="1852" type="sweep" timems="0.410" contextid="1842" timestamp="2019-07-02T19:36:51.085" />
<heap-resize id="1853" type="contract" space="tenure" amount="65536" count="1" timems="0.057" reason="excess free space following gc" timestamp="2019-07-02T19:36:51.085" />
<gc-end id="1854" type="global" contextid="1842" durationms="2.039" usertimems="4.000" systemtimems="0.000" timestamp="2019-07-02T19:36:51.085" activeThreads="4">
  <mem-info id="1855" free="7182848" total="11599872" percent="61">
    <mem type="tenure" free="7182848" total="11599872" percent="61" micro-fragmented="17175">
      <mem type="soa" free="7182848" total="11484160" percent="62" />
      <mem type="loa" free="0" total="115712" percent="0" />
    </mem>
  </mem-info>
</gc-end>
<cycle-end id="1856" type="global" contextid="1842" timestamp="2019-07-02T19:36:51.085">
  <attribute name="GC Util" value="17" />
  <attribute name="CPU Util" value="65871583062851" />
  <attribute name="Time Running"value="2572"/>
  <attribute name="Number of cores"value="4"/>
</cycle-end>
<allocation-satisfied id="1857" threadId="0000000000ABB500" bytesRequested="40" />
<af-end id="1858" timestamp="2019-07-02T19:36:51.085" threadId="0000000000ABBE88" success="true" />
<exclusive-end id="1859" timestamp="2019-07-02T19:36:51.085" durationms="2.420" />

<concurrent-kickoff id="1860" timestamp="2019-07-02T19:36:51.093">
  <kickoff reason="threshold reached" targetBytes="911718" thresholdFreeBytes="124594" remainingFree="119504" tenureFreeBytes="119504" />
</concurrent-kickoff>
<exclusive-start id="1861" timestamp="2019-07-02T19:36:51.093" intervalms="10.367">
  <response-info timems="0.030" idlems="0.013" threads="2" lastid="0000000000ABB500" lastname="Thread-9" />
</exclusive-start>
<cycle-start id="1862" type="global" contextid="0" timestamp="2019-07-02T19:36:51.093" intervalms="11.665" />
  <attribute name="GC Util" value="17" />
  <attribute name="CPU Util" value="65871583062851" />
  <attribute name="Time Running"value="2572"/>
  <attribute name="Number of cores"value="4"/>
<exclusive-end id="1863" timestamp="2019-07-02T19:36:51.093" durationms="0.124" />

<exclusive-start id="1864" timestamp="2019-07-02T19:36:51.095" intervalms="1.865">
  <response-info timems="0.097" idlems="0.058" threads="1" lastid="0000000000AB3D00" lastname="Thread-10" />
</exclusive-start>
<af-start id="1865" threadId="0000000000AB8288" totalBytesRequested="40" timestamp="2019-07-02T19:36:51.095" intervalms="12.268" />
<gc-start id="1866" type="global" contextid="1862" timestamp="2019-07-02T19:36:51.095">
  <mem-info id="1867" free="0" total="11599872" percent="0">
    <mem type="tenure" free="0" total="11599872" percent="0">
      <mem type="soa" free="0" total="11484160" percent="0" />
      <mem type="loa" free="0" total="115712" percent="0" />
    </mem>
  </mem-info>
</gc-start>
<allocation-stats totalBytes="7170480" >
  <allocated-bytes non-tlh="0" tlh="7170480" />
  <largest-consumer threadName="Thread-10" threadId="0000000000AB3D00" bytes="3282528" />
</allocation-stats>
<concurrent-halted id="1868" timestamp="2019-07-02T19:36:51.095">
  <halted state="Complete" status="exhausted" />
  <traced bytesTarget="911718" bytesTotal="1023000" bytesByMutator="207420" bytesByHelper="815580" percent="112" />
  <cards cleaned="20" thresholdBytes="49082" />
</concurrent-halted>
<gc-op id="1869" type="card-cleaning" timems="0.110" contextid="1862" timestamp="2019-07-02T19:36:51.095">
  <card-cleaning cardsCleaned="13" bytesTraced="4740" workStackOverflowCount="0" />
</gc-op>
<gc-op id="1870" type="mark" timems="0.707" contextid="1862" timestamp="2019-07-02T19:36:51.096">
  <trace-info objectcount="31193" scancount="32036" scanbytes="1335924" />
  <finalization candidates="124" enqueued="0" />
  <ownableSynchronizers candidates="3" cleared="0" />
  <references type="soft" candidates="84" cleared="0" enqueued="0" dynamicThreshold="19" maxThreshold="32" />
  <references type="weak" candidates="776" cleared="0" enqueued="0" />
  <references type="phantom" candidates="63" cleared="0" enqueued="0" />
  <stringconstants candidates="4574" cleared="0"  />
</gc-op>
<gc-op id="1871" type="sweep" timems="0.356" contextid="1862" timestamp="2019-07-02T19:36:51.096" />
<gc-end id="1872" type="global" contextid="1862" durationms="1.547" usertimems="4.000" systemtimems="0.000" timestamp="2019-07-02T19:36:51.097" activeThreads="4">
  <mem-info id="1873" free="7121832" total="11599872" percent="61">
    <mem type="tenure" free="7121832" total="11599872" percent="61" micro-fragmented="26167">
      <mem type="soa" free="7121832" total="11484160" percent="62" />
      <mem type="loa" free="0" total="115712" percent="0" />
    </mem>
  </mem-info>
</gc-end>
<cycle-end id="1874" type="global" contextid="1862" timestamp="2019-07-02T19:36:51.097">
  <attribute name="GC Util" value="19" />
  <attribute name="CPU Util" value="69692407635445" />
  <attribute name="Time Running"value="2584"/>
  <attribute name="Number of cores"value="4"/>
</cycle-end>
<allocation-satisfied id="1875" threadId="0000000000AB7900" bytesRequested="40" />
<af-end id="1876" timestamp="2019-07-02T19:36:51.097" threadId="0000000000AB8288" success="true" />
<exclusive-end id="1877" timestamp="2019-07-02T19:36:51.097" durationms="2.032" />

<concurrent-kickoff id="1878" timestamp="2019-07-02T19:36:51.105">
  <kickoff reason="threshold reached" targetBytes="916397" thresholdFreeBytes="126441" remainingFree="124672" tenureFreeBytes="124672" />
</concurrent-kickoff>
<exclusive-start id="1879" timestamp="2019-07-02T19:36:51.106" intervalms="10.784">
  <response-info timems="0.246" idlems="0.210" threads="3" lastid="0000000000AB0100" lastname="Thread-8" />
</exclusive-start>
<cycle-start id="1880" type="global" contextid="0" timestamp="2019-07-02T19:36:51.106" intervalms="12.701" />
  <attribute name="GC Util" value="19" />
  <attribute name="CPU Util" value="69692407635445" />
  <attribute name="Time Running"value="2584"/>
  <attribute name="Number of cores"value="4"/>
<exclusive-end id="1881" timestamp="2019-07-02T19:36:51.106" durationms="0.238" />

<exclusive-start id="1882" timestamp="2019-07-02T19:36:51.107" intervalms="1.394">
  <response-info timems="0.029" idlems="0.029" threads="0" lastid="0000000000ABB500" lastname="Thread-9" />
</exclusive-start>
<af-start id="1883" threadId="0000000000ABBE88" totalBytesRequested="40" timestamp="2019-07-02T19:36:51.107" intervalms="12.215" />
<gc-start id="1884" type="global" contextid="1880" timestamp="2019-07-02T19:36:51.107">
  <mem-info id="1885" free="0" total="11599872" percent="0">
    <mem type="tenure" free="0" total="11599872" percent="0">
      <mem type="soa" free="0" total="11484160" percent="0" />
      <mem type="loa" free="0" total="115712" percent="0" />
    </mem>
  </mem-info>
</gc-start>
<allocation-stats totalBytes="7104960" >
  <allocated-bytes non-tlh="0" tlh="7104960" />
  <largest-consumer threadName="Thread-10" threadId="0000000000AB3D00" bytes="3439192" />
</allocation-stats>
<concurrent-halted id="1886" timestamp="2019-07-02T19:36:51.108">
  <halted state="Class scanning incomplete" status="clean trace" />
  <traced bytesTarget="916397" bytesTotal="1478968" bytesByMutator="757692" bytesByHelper="721276" percent="161" />
  <cards cleaned="0" thresholdBytes="49809" />
</concurrent-halted>
<gc-op id="1887" type="tracing" timems="0.157" contextid="1880" timestamp="2019-07-02T19:36:51.108">
  <trace bytesTraced="169976" workStackOverflowCount="0" />
</gc-op>
<gc-op id="1888" type="card-cleaning" timems="0.105" contextid="1880" timestamp="2019-07-02T19:36:51.108">
  <card-cleaning cardsCleaned="17" bytesTraced="11364" workStackOverflowCount="0" />
</gc-op>
<gc-op id="1889" type="mark" timems="0.601" contextid="1880" timestamp="2019-07-02T19:36:51.109">
  <trace-info objectcount="16573" scancount="16881" scanbytes="708820" />
  <finalization candidates="124" enqueued="0" />
  <ownableSynchronizers candidates="3" cleared="0" />
  <references type="soft" candidates="84" cleared="0" enqueued="0" dynamicThreshold="19" maxThreshold="32" />
  <references type="weak" candidates="776" cleared="0" enqueued="0" />
  <references type="phantom" candidates="63" cleared="0" enqueued="0" />
  <stringconstants candidates="4574" cleared="0"  />
</gc-op>
<gc-op id="1890" type="sweep" timems="0.276" contextid="1880" timestamp="2019-07-02T19:36:51.109" />
<gc-end id="1891" type="global" contextid="1880" durationms="1.661" usertimems="0.000" systemtimems="0.000" timestamp="2019-07-02T19:36:51.109" activeThreads="4">
  <mem-info id="1892" free="7119904" total="11599872" percent="61">
    <mem type="tenure" free="7119904" total="11599872" percent="61" micro-fragmented="87742">
      <mem type="soa" free="7043504" total="11484160" percent="61" />
      <mem type="loa" free="76400" total="115712" percent="66" />
    </mem>
  </mem-info>
</gc-end>
<cycle-end id="1893" type="global" contextid="1880" timestamp="2019-07-02T19:36:51.109">
  <attribute name="GC Util" value="167" />
  <attribute name="CPU Util" value="27649448025540" />
  <attribute name="Time Running"value="2597"/>
  <attribute name="Number of cores"value="4"/>
</cycle-end>
<allocation-satisfied id="1894" threadId="0000000000ABB500" bytesRequested="40" />
<af-end id="1895" timestamp="2019-07-02T19:36:51.109" threadId="0000000000ABBE88" success="true" />
<exclusive-end id="1896" timestamp="2019-07-02T19:36:51.109" durationms="2.136" />

<concurrent-kickoff id="1897" timestamp="2019-07-02T19:36:51.115">
  <kickoff reason="threshold reached" targetBytes="1660308" thresholdFreeBytes="231485" remainingFree="227888" tenureFreeBytes="227888" />
</concurrent-kickoff>
<exclusive-start id="1898" timestamp="2019-07-02T19:36:51.115" intervalms="8.235">
  <response-info timems="0.071" idlems="0.043" threads="1" lastid="0000000000AB0100" lastname="Thread-8" />
</exclusive-start>
<cycle-start id="1899" type="global" contextid="0" timestamp="2019-07-02T19:36:51.115" intervalms="9.611" />
  <attribute name="GC Util" value="167" />
  <attribute name="CPU Util" value="27649448025540" />
  <attribute name="Time Running"value="2597"/>
  <attribute name="Number of cores"value="4"/>
<exclusive-end id="1900" timestamp="2019-07-02T19:36:51.115" durationms="0.191" />

<exclusive-start id="1901" timestamp="2019-07-02T19:36:51.117" intervalms="1.368">
  <response-info timems="0.035" idlems="0.022" threads="1" lastid="0000000000AB7900" lastname="Thread-7" />
</exclusive-start>
<af-start id="1902" threadId="0000000000AB4688" totalBytesRequested="40" timestamp="2019-07-02T19:36:51.117" intervalms="9.537" />
<gc-start id="1903" type="global" contextid="1899" timestamp="2019-07-02T19:36:51.117">
  <mem-info id="1904" free="0" total="11599872" percent="0">
    <mem type="tenure" free="0" total="11599872" percent="0">
      <mem type="soa" free="0" total="11484160" percent="0" />
      <mem type="loa" free="0" total="115712" percent="0" />
    </mem>
  </mem-info>
</gc-start>
<allocation-stats totalBytes="7023096" >
  <allocated-bytes non-tlh="0" tlh="7023096" />
  <largest-consumer threadName="Thread-8" threadId="0000000000AB0100" bytes="2409432" />
</allocation-stats>
<concurrent-halted id="1905" timestamp="2019-07-02T19:36:51.117">
  <halted state="Tracing incomplete" status="clean trace" />
  <traced bytesTarget="1660308" bytesTotal="1226808" bytesByMutator="595852" bytesByHelper="630956" percent="73" />
  <cards cleaned="0" thresholdBytes="91191" />
</concurrent-halted>
<gc-op id="1906" type="tracing" timems="0.435" contextid="1899" timestamp="2019-07-02T19:36:51.118">
  <trace bytesTraced="702760" workStackOverflowCount="0" />
</gc-op>
<gc-op id="1907" type="card-cleaning" timems="0.257" contextid="1899" timestamp="2019-07-02T19:36:51.118">
  <card-cleaning cardsCleaned="22" bytesTraced="15984" workStackOverflowCount="0" />
</gc-op>
<gc-op id="1908" type="mark" timems="1.730" contextid="1899" timestamp="2019-07-02T19:36:51.120">
  <trace-info objectcount="10850" scancount="11578" scanbytes="455164" />
  <finalization candidates="124" enqueued="0" />
  <ownableSynchronizers candidates="3" cleared="0" />
  <references type="soft" candidates="84" cleared="0" enqueued="0" dynamicThreshold="19" maxThreshold="32" />
  <references type="weak" candidates="776" cleared="0" enqueued="0" />
  <references type="phantom" candidates="63" cleared="0" enqueued="0" />
  <stringconstants candidates="4574" cleared="0"  />
</gc-op>
<gc-op id="1909" type="sweep" timems="0.822" contextid="1899" timestamp="2019-07-02T19:36:51.121" />
<gc-end id="1910" type="global" contextid="1899" durationms="3.737" usertimems="8.000" systemtimems="0.000" timestamp="2019-07-02T19:36:51.121" activeThreads="4">
  <mem-info id="1911" free="7033576" total="11599872" percent="60">
    <mem type="tenure" free="7033576" total="11599872" percent="60" micro-fragmented="39175">
      <mem type="soa" free="6972456" total="11484160" percent="60" />
      <mem type="loa" free="61120" total="115712" percent="52" />
    </mem>
  </mem-info>
</gc-end>
<cycle-end id="1912" type="global" contextid="1899" timestamp="2019-07-02T19:36:51.121">
  <attribute name="GC Util" value="216" />
  <attribute name="CPU Util" value="10110092854572" />
  <attribute name="Time Running"value="2608"/>
  <attribute name="Number of cores"value="4"/>
</cycle-end>
<allocation-satisfied id="1913" threadId="0000000000AB3D00" bytesRequested="40" />
<af-end id="1914" timestamp="2019-07-02T19:36:51.121" threadId="0000000000AB4688" success="true" />
<exclusive-end id="1915" timestamp="2019-07-02T19:36:51.121" durationms="4.524" />

<concurrent-kickoff id="1916" timestamp="2019-07-02T19:36:51.127">
  <kickoff reason="threshold reached" targetBytes="1945552" thresholdFreeBytes="270667" remainingFree="262280" tenureFreeBytes="262280" />
</concurrent-kickoff>
<exclusive-start id="1917" timestamp="2019-07-02T19:36:51.127" intervalms="10.121">
  <response-info timems="0.107" idlems="0.063" threads="1" lastid="0000000000ABB500" lastname="Thread-9" />
</exclusive-start>
<cycle-start id="1918" type="global" contextid="0" timestamp="2019-07-02T19:36:51.127" intervalms="11.485" />
  <attribute name="GC Util" value="216" />
  <attribute name="CPU Util" value="10110092854572" />
  <attribute name="Time Running"value="2608"/>
  <attribute name="Number of cores"value="4"/>
<exclusive-end id="1919" timestamp="2019-07-02T19:36:51.127" durationms="0.186" />

<exclusive-start id="1920" timestamp="2019-07-02T19:36:51.128" intervalms="1.303">
  <response-info timems="0.016" idlems="0.016" threads="0" lastid="0000000000AB3D00" lastname="Thread-10" />
</exclusive-start>
<af-start id="1921" threadId="0000000000AB4688" totalBytesRequested="40" timestamp="2019-07-02T19:36:51.128" intervalms="11.418" />
<gc-start id="1922" type="global" contextid="1918" timestamp="2019-07-02T19:36:51.129">
  <mem-info id="1923" free="0" total="11599872" percent="0">
    <mem type="tenure" free="0" total="11599872" percent="0">
      <mem type="soa" free="0" total="11484160" percent="0" />
      <mem type="loa" free="0" total="115712" percent="0" />
    </mem>
  </mem-info>
</gc-start>
<allocation-stats totalBytes="6949272" >
  <allocated-bytes non-tlh="0" tlh="6949272" />
  <largest-consumer threadName="Thread-7" threadId="0000000000AB7900" bytes="2604000" />
</allocation-stats>
<concurrent-halted id="1924" timestamp="2019-07-02T19:36:51.129">
  <halted state="Class scanning incomplete" status="clean trace" />
  <traced bytesTarget="1945552" bytesTotal="1522072" bytesByMutator="946236" bytesByHelper="575836" percent="78" />
  <cards cleaned="38" thresholdBytes="106626" />
</concurrent-halted>
<gc-op id="1925" type="tracing" timems="0.295" contextid="1918" timestamp="2019-07-02T19:36:51.129">
  <trace bytesTraced="62164" workStackOverflowCount="0" />
</gc-op>
<gc-op id="1926" type="card-cleaning" timems="0.415" contextid="1918" timestamp="2019-07-02T19:36:51.129">
  <card-cleaning cardsCleaned="9" bytesTraced="3700" workStackOverflowCount="0" />
</gc-op>
<gc-op id="1927" type="mark" timems="1.282" contextid="1918" timestamp="2019-07-02T19:36:51.131">
  <trace-info objectcount="27247" scancount="23563" scanbytes="829992" />
  <finalization candidates="124" enqueued="0" />
  <ownableSynchronizers candidates="3" cleared="0" />
  <references type="soft" candidates="84" cleared="0" enqueued="0" dynamicThreshold="19" maxThreshold="32" />
  <references type="weak" candidates="776" cleared="0" enqueued="0" />
  <references type="phantom" candidates="63" cleared="0" enqueued="0" />
  <stringconstants candidates="4574" cleared="0"  />
</gc-op>
<gc-op id="1928" type="sweep" timems="1.293" contextid="1918" timestamp="2019-07-02T19:36:51.132" />
<heap-resize id="1929" type="expand" space="tenure" amount="1048576" count="1" timems="0.050" reason="excessive time being spent in gc" timestamp="2019-07-02T19:36:51.132" />
<gc-end id="1930" type="global" contextid="1918" durationms="3.986" usertimems="8.000" systemtimems="0.000" timestamp="2019-07-02T19:36:51.132" activeThreads="4">
  <mem-info id="1931" free="7950552" total="12648448" percent="62">
    <mem type="tenure" free="7950552" total="12648448" percent="62" micro-fragmented="91111">
      <mem type="soa" free="7824600" total="12522496" percent="62" />
      <mem type="loa" free="125952" total="125952" percent="100" />
    </mem>
  </mem-info>
</gc-end>
<cycle-end id="1932" type="global" contextid="1918" timestamp="2019-07-02T19:36:51.133">
  <attribute name="GC Util" value="114" />
  <attribute name="CPU Util" value="17676914369574" />
  <attribute name="Time Running"value="2620"/>
  <attribute name="Number of cores"value="4"/>
</cycle-end>
<allocation-satisfied id="1933" threadId="0000000000AB3D00" bytesRequested="40" />
<af-end id="1934" timestamp="2019-07-02T19:36:51.133" threadId="0000000000AB4688" success="true" />
<exclusive-end id="1935" timestamp="2019-07-02T19:36:51.133" durationms="4.816" />

<concurrent-kickoff id="1936" timestamp="2019-07-02T19:36:51.139">
  <kickoff reason="threshold reached" targetBytes="1388623" thresholdFreeBytes="189828" remainingFree="131072" tenureFreeBytes="131072" />
</concurrent-kickoff>
<exclusive-start id="1937" timestamp="2019-07-02T19:36:51.140" intervalms="11.435">
  <response-info timems="0.212" idlems="0.190" threads="1" lastid="0000000000AB7900" lastname="Thread-7" />
</exclusive-start>
<af-start id="1938" threadId="0000000000AB0A88" totalBytesRequested="40" timestamp="2019-07-02T19:36:51.140" intervalms="11.454" />
<concurrent-aborted id="1939" timestamp="2019-07-02T19:36:51.140">
  <reason value="insufficient progress made" />
</concurrent-aborted>
<cycle-end id="1940" type="global" contextid="1918" timestamp="2019-07-02T19:36:51.140">
  <attribute name="GC Util" value="114" />
  <attribute name="CPU Util" value="17676914369574" />
  <attribute name="Time Running"value="2620"/>
  <attribute name="Number of cores"value="4"/>
</cycle-end>
<cycle-start id="1941" type="global" contextid="0" timestamp="2019-07-02T19:36:51.140" intervalms="12.976" />
  <attribute name="GC Util" value="114" />
  <attribute name="CPU Util" value="17676914369574" />
  <attribute name="Time Running"value="2620"/>
  <attribute name="Number of cores"value="4"/>
<gc-start id="1942" type="global" contextid="1941" timestamp="2019-07-02T19:36:51.140">
  <mem-info id="1943" free="125952" total="12648448" percent="0">
    <mem type="tenure" free="125952" total="12648448" percent="0">
      <mem type="soa" free="0" total="12522496" percent="0" />
      <mem type="loa" free="125952" total="125952" percent="100" />
    </mem>
  </mem-info>
</gc-start>
<allocation-stats totalBytes="7798176" >
  <allocated-bytes non-tlh="0" tlh="7798176" />
  <largest-consumer threadName="Thread-7" threadId="0000000000AB7900" bytes="3085056" />
</allocation-stats>
<gc-op id="1944" type="mark" timems="1.583" contextid="1941" timestamp="2019-07-02T19:36:51.142">
  <trace-info objectcount="71586" scancount="64004" scanbytes="2409884" />
  <finalization candidates="124" enqueued="0" />
  <ownableSynchronizers candidates="3" cleared="0" />
  <references type="soft" candidates="84" cleared="0" enqueued="0" dynamicThreshold="20" maxThreshold="32" />
  <references type="weak" candidates="776" cleared="0" enqueued="0" />
  <references type="phantom" candidates="63" cleared="0" enqueued="0" />
  <stringconstants candidates="4574" cleared="0"  />
</gc-op>
<gc-op id="1945" type="sweep" timems="0.330" contextid="1941" timestamp="2019-07-02T19:36:51.142" />
<gc-end id="1946" type="global" contextid="1941" durationms="2.130" usertimems="4.000" systemtimems="0.000" timestamp="2019-07-02T19:36:51.142" activeThreads="4">
  <mem-info id="1947" free="7893168" total="12648448" percent="62">
    <mem type="tenure" free="7893168" total="12648448" percent="62" micro-fragmented="19210">
      <mem type="soa" free="7850592" total="12522496" percent="62" />
      <mem type="loa" free="42576" total="125952" percent="33" />
    </mem>
  </mem-info>
</gc-end>
<cycle-end id="1948" type="global" contextid="1941" timestamp="2019-07-02T19:36:51.142">
  <attribute name="GC Util" value="245" />
  <attribute name="CPU Util" value="11185173052621" />
  <attribute name="Time Running"value="2630"/>
  <attribute name="Number of cores"value="4"/>
</cycle-end>
<allocation-satisfied id="1949" threadId="0000000000AB0100" bytesRequested="40" />
<af-end id="1950" timestamp="2019-07-02T19:36:51.142" threadId="0000000000AB0A88" success="true" />
<exclusive-end id="1951" timestamp="2019-07-02T19:36:51.142" durationms="2.848" />

<concurrent-kickoff id="1952" timestamp="2019-07-02T19:36:51.150">
  <kickoff reason="threshold reached" targetBytes="1388623" thresholdFreeBytes="189828" remainingFree="178728" tenureFreeBytes="178728" />
</concurrent-kickoff>
<exclusive-start id="1953" timestamp="2019-07-02T19:36:51.150" intervalms="10.394">
  <response-info timems="0.091" idlems="0.056" threads="1" lastid="0000000000AB7900" lastname="Thread-7" />
</exclusive-start>
<cycle-start id="1954" type="global" contextid="0" timestamp="2019-07-02T19:36:51.150" intervalms="10.161" />
  <attribute name="GC Util" value="245" />
  <attribute name="CPU Util" value="11185173052621" />
  <attribute name="Time Running"value="2630"/>
  <attribute name="Number of cores"value="4"/>
<exclusive-end id="1955" timestamp="2019-07-02T19:36:51.150" durationms="0.189" />

<exclusive-start id="1956" timestamp="2019-07-02T19:36:51.150" intervalms="0.434">
  <response-info timems="0.019" idlems="0.019" threads="0" lastid="0000000000ABB500" lastname="Thread-9" />
</exclusive-start>
<af-start id="1957" threadId="0000000000ABBE88" totalBytesRequested="24" timestamp="2019-07-02T19:36:51.150" intervalms="10.853" />
<concurrent-aborted id="1958" timestamp="2019-07-02T19:36:51.151">
  <reason value="insufficient progress made" />
</concurrent-aborted>
<cycle-end id="1959" type="global" contextid="1954" timestamp="2019-07-02T19:36:51.151">
  <attribute name="GC Util" value="9" />
  <attribute name="CPU Util" value="2054804685215" />
  <attribute name="Time Running"value="2639"/>
  <attribute name="Number of cores"value="4"/>
</cycle-end>
<cycle-start id="1960" type="global" contextid="0" timestamp="2019-07-02T19:36:51.151" intervalms="1.016" />
  <attribute name="GC Util" value="9" />
  <attribute name="CPU Util" value="2054804685215" />
  <attribute name="Time Running"value="2639"/>
  <attribute name="Number of cores"value="4"/>
<gc-start id="1961" type="global" contextid="1960" timestamp="2019-07-02T19:36:51.151">
  <mem-info id="1962" free="125952" total="12648448" percent="0">
    <mem type="tenure" free="125952" total="12648448" percent="0">
      <mem type="soa" free="0" total="12522496" percent="0" />
      <mem type="loa" free="125952" total="125952" percent="100" />
    </mem>
  </mem-info>
</gc-start>
<allocation-stats totalBytes="7820144" >
  <allocated-bytes non-tlh="0" tlh="7820144" />
  <largest-consumer threadName="Thread-7" threadId="0000000000AB7900" bytes="3203200" />
</allocation-stats>
<gc-op id="1963" type="mark" timems="1.128" contextid="1960" timestamp="2019-07-02T19:36:51.152">
  <trace-info objectcount="72968" scancount="65380" scanbytes="2442716" />
  <finalization candidates="124" enqueued="0" />
  <ownableSynchronizers candidates="3" cleared="0" />
  <references type="soft" candidates="84" cleared="0" enqueued="0" dynamicThreshold="19" maxThreshold="32" />
  <references type="weak" candidates="776" cleared="0" enqueued="0" />
  <references type="phantom" candidates="63" cleared="0" enqueued="0" />
  <stringconstants candidates="4574" cleared="0"  />
</gc-op>
<gc-op id="1964" type="sweep" timems="0.333" contextid="1960" timestamp="2019-07-02T19:36:51.153" />
<gc-end id="1965" type="global" contextid="1960" durationms="1.695" usertimems="4.000" systemtimems="0.000" timestamp="2019-07-02T19:36:51.153" activeThreads="4">
  <mem-info id="1966" free="7797320" total="12648448" percent="61">
    <mem type="tenure" free="7797320" total="12648448" percent="61" micro-fragmented="62477">
      <mem type="soa" free="7738064" total="12522496" percent="61" />
      <mem type="loa" free="59256" total="125952" percent="47" />
    </mem>
  </mem-info>
</gc-end>
<cycle-end id="1967" type="global" contextid="1960" timestamp="2019-07-02T19:36:51.153">
  <attribute name="GC Util" value="216" />
  <attribute name="CPU Util" value="15406913696411" />
  <attribute name="Time Running"value="2640"/>
  <attribute name="Number of cores"value="4"/>
</cycle-end>
<allocation-satisfied id="1968" threadId="0000000000ABB500" bytesRequested="24" />
<af-end id="1969" timestamp="2019-07-02T19:36:51.153" threadId="0000000000ABBE88" success="true" />
<exclusive-end id="1970" timestamp="2019-07-02T19:36:51.153" durationms="2.641" />

<concurrent-kickoff id="1971" timestamp="2019-07-02T19:36:51.159">
  <kickoff reason="threshold reached" targetBytes="1388623" thresholdFreeBytes="189828" remainingFree="181752" tenureFreeBytes="181752" />
</concurrent-kickoff>
<exclusive-start id="1972" timestamp="2019-07-02T19:36:51.159" intervalms="9.103">
  <response-info timems="0.103" idlems="0.079" threads="3" lastid="0000000000AB3D00" lastname="Thread-10" />
</exclusive-start>
<cycle-start id="1973" type="global" contextid="0" timestamp="2019-07-02T19:36:51.160" intervalms="8.510" />
  <attribute name="GC Util" value="216" />
  <attribute name="CPU Util" value="15406913696411" />
  <attribute name="Time Running"value="2640"/>
  <attribute name="Number of cores"value="4"/>
<exclusive-end id="1974" timestamp="2019-07-02T19:36:51.160" durationms="0.174" />

<exclusive-start id="1975" timestamp="2019-07-02T19:36:51.160" intervalms="0.283">
  <response-info timems="0.018" idlems="0.018" threads="0" lastid="0000000000AB0100" lastname="Thread-8" />
</exclusive-start>
<af-start id="1976" threadId="0000000000AB0A88" totalBytesRequested="40" timestamp="2019-07-02T19:36:51.160" intervalms="9.359" />
<concurrent-aborted id="1977" timestamp="2019-07-02T19:36:51.160">
  <reason value="insufficient progress made" />
</concurrent-aborted>
<cycle-end id="1978" type="global" contextid="1973" timestamp="2019-07-02T19:36:51.160">
  <attribute name="GC Util" value="20" />
  <attribute name="CPU Util" value="2451959234240" />
  <attribute name="Time Running"value="2648"/>
  <attribute name="Number of cores"value="4"/>
</cycle-end>
<cycle-start id="1979" type="global" contextid="0" timestamp="2019-07-02T19:36:51.160" intervalms="0.593" />
  <attribute name="GC Util" value="20" />
  <attribute name="CPU Util" value="2451959234240" />
  <attribute name="Time Running"value="2648"/>
  <attribute name="Number of cores"value="4"/>
<gc-start id="1980" type="global" contextid="1979" timestamp="2019-07-02T19:36:51.160">
  <mem-info id="1981" free="125952" total="12648448" percent="0">
    <mem type="tenure" free="125952" total="12648448" percent="0">
      <mem type="soa" free="0" total="12522496" percent="0" />
      <mem type="loa" free="125952" total="125952" percent="100" />
    </mem>
  </mem-info>
</gc-start>
<allocation-stats totalBytes="7704960" >
  <allocated-bytes non-tlh="23160" tlh="7681800" />
  <largest-consumer threadName="Thread-7" threadId="0000000000AB7900" bytes="2657120" />
</allocation-stats>
<gc-op id="1982" type="mark" timems="1.070" contextid="1979" timestamp="2019-07-02T19:36:51.161">
  <trace-info objectcount="69331" scancount="61754" scanbytes="2355252" />
  <finalization candidates="124" enqueued="0" />
  <ownableSynchronizers candidates="3" cleared="0" />
  <references type="soft" candidates="84" cleared="0" enqueued="0" dynamicThreshold="19" maxThreshold="32" />
  <references type="weak" candidates="776" cleared="0" enqueued="0" />
  <references type="phantom" candidates="63" cleared="0" enqueued="0" />
  <stringconstants candidates="4574" cleared="0"  />
</gc-op>
<gc-op id="1983" type="sweep" timems="0.456" contextid="1979" timestamp="2019-07-02T19:36:51.162" />
<heap-resize id="1984" type="contract" space="tenure" amount="65536" count="1" timems="0.121" reason="excess free space following gc" timestamp="2019-07-02T19:36:51.162" />
<gc-end id="1985" type="global" contextid="1979" durationms="2.071" usertimems="4.000" systemtimems="0.000" timestamp="2019-07-02T19:36:51.162" activeThreads="4">
  <mem-info id="1986" free="7873648" total="12582912" percent="62">
    <mem type="tenure" free="7873648" total="12582912" percent="62" micro-fragmented="66032">
      <mem type="soa" free="7873648" total="12457984" percent="63" />
      <mem type="loa" free="0" total="124928" percent="0" />
    </mem>
  </mem-info>
</gc-end>
<cycle-end id="1987" type="global" contextid="1979" timestamp="2019-07-02T19:36:51.162">
  <attribute name="GC Util" value="20" />
  <attribute name="CPU Util" value="53459525847785" />
  <attribute name="Time Running"value="2650"/>
  <attribute name="Number of cores"value="4"/>
</cycle-end>
<allocation-satisfied id="1988" threadId="0000000000AB0100" bytesRequested="40" />
<af-end id="1989" timestamp="2019-07-02T19:36:51.162" threadId="0000000000AB0A88" success="true" />
<exclusive-end id="1990" timestamp="2019-07-02T19:36:51.162" durationms="2.747" />

<concurrent-kickoff id="1991" timestamp="2019-07-02T19:36:51.170">
  <kickoff reason="threshold reached" targetBytes="1381429" thresholdFreeBytes="188844" remainingFree="175568" tenureFreeBytes="172216" />
</concurrent-kickoff>
<exclusive-start id="1992" timestamp="2019-07-02T19:36:51.170" intervalms="9.992">
  <response-info timems="0.108" idlems="0.070" threads="2" lastid="0000000000AB3D00" lastname="Thread-10" />
</exclusive-start>
<cycle-start id="1993" type="global" contextid="0" timestamp="2019-07-02T19:36:51.170" intervalms="9.683" />
  <attribute name="GC Util" value="20" />
  <attribute name="CPU Util" value="53459525847785" />
  <attribute name="Time Running"value="2650"/>
  <attribute name="Number of cores"value="4"/>
<exclusive-end id="1994" timestamp="2019-07-02T19:36:51.170" durationms="0.175" />

<exclusive-start id="1995" timestamp="2019-07-02T19:36:51.171" intervalms="0.982">
  <response-info timems="0.034" idlems="0.034" threads="0" lastid="0000000000AB7900" lastname="Thread-7" />
</exclusive-start>
<af-start id="1996" threadId="0000000000AB8288" totalBytesRequested="40" timestamp="2019-07-02T19:36:51.171" intervalms="10.948" />
<gc-start id="1997" type="global" contextid="1993" timestamp="2019-07-02T19:36:51.171">
  <mem-info id="1998" free="0" total="12582912" percent="0">
    <mem type="tenure" free="0" total="12582912" percent="0">
      <mem type="soa" free="0" total="12457984" percent="0" />
      <mem type="loa" free="0" total="124928" percent="0" />
    </mem>
  </mem-info>
</gc-start>
<allocation-stats totalBytes="7844904" >
  <allocated-bytes non-tlh="0" tlh="7844904" />
  <largest-consumer threadName="Thread-7" threadId="0000000000AB7900" bytes="2642456" />
</allocation-stats>
<concurrent-halted id="1999" timestamp="2019-07-02T19:36:51.171">
  <halted state="Tracing incomplete" status="clean trace" />
  <traced bytesTarget="1381429" bytesTotal="1457472" bytesByMutator="1457472" bytesByHelper="0" percent="105" />
  <cards cleaned="0" thresholdBytes="74392" />
</concurrent-halted>
<gc-op id="2000" type="tracing" timems="0.369" contextid="1993" timestamp="2019-07-02T19:36:51.171">
  <trace bytesTraced="306224" workStackOverflowCount="0" />
</gc-op>
<gc-op id="2001" type="card-cleaning" timems="0.265" contextid="1993" timestamp="2019-07-02T19:36:51.172">
  <card-cleaning cardsCleaned="23" bytesTraced="21396" workStackOverflowCount="0" />
</gc-op>
<gc-op id="2002" type="mark" timems="1.491" contextid="1993" timestamp="2019-07-02T19:36:51.173">
  <trace-info objectcount="24102" scancount="19314" scanbytes="613232" />
  <finalization candidates="124" enqueued="0" />
  <ownableSynchronizers candidates="3" cleared="0" />
  <references type="soft" candidates="84" cleared="0" enqueued="0" dynamicThreshold="20" maxThreshold="32" />
  <references type="weak" candidates="776" cleared="0" enqueued="0" />
  <references type="phantom" candidates="63" cleared="0" enqueued="0" />
  <stringconstants candidates="4574" cleared="0"  />
</gc-op>
<gc-op id="2003" type="sweep" timems="1.122" contextid="1993" timestamp="2019-07-02T19:36:51.174" />
<heap-resize id="2004" type="contract" space="tenure" amount="65536" count="1" timems="0.096" reason="excess free space following gc" timestamp="2019-07-02T19:36:51.175" />
<gc-end id="2005" type="global" contextid="1993" durationms="3.752" usertimems="0.000" systemtimems="8.000" timestamp="2019-07-02T19:36:51.175" activeThreads="4">
  <mem-info id="2006" free="7690528" total="12517376" percent="61">
    <mem type="tenure" free="7690528" total="12517376" percent="61" micro-fragmented="103111">
      <mem type="soa" free="7690528" total="12392448" percent="62" />
      <mem type="loa" free="0" total="124928" percent="0" />
    </mem>
  </mem-info>
</gc-end>
<cycle-end id="2007" type="global" contextid="1993" timestamp="2019-07-02T19:36:51.175">
  <attribute name="GC Util" value="135" />
  <attribute name="CPU Util" value="21147417196109" />
  <attribute name="Time Running"value="2662"/>
  <attribute name="Number of cores"value="4"/>
</cycle-end>
<allocation-satisfied id="2008" threadId="0000000000AB7900" bytesRequested="40" />
<af-end id="2009" timestamp="2019-07-02T19:36:51.175" threadId="0000000000AB8288" success="true" />
<exclusive-end id="2010" timestamp="2019-07-02T19:36:51.175" durationms="4.032" />

<concurrent-kickoff id="2011" timestamp="2019-07-02T19:36:51.182">
  <kickoff reason="threshold reached" targetBytes="1445844" thresholdFreeBytes="197452" remainingFree="185192" tenureFreeBytes="185192" />
</concurrent-kickoff>
<exclusive-start id="2012" timestamp="2019-07-02T19:36:51.182" intervalms="11.480">
  <response-info timems="0.097" idlems="0.062" threads="2" lastid="0000000000AB7900" lastname="Thread-7" />
</exclusive-start>
<cycle-start id="2013" type="global" contextid="0" timestamp="2019-07-02T19:36:51.182" intervalms="12.467" />
  <attribute name="GC Util" value="135" />
  <attribute name="CPU Util" value="21147417196109" />
  <attribute name="Time Running"value="2662"/>
  <attribute name="Number of cores"value="4"/>
<exclusive-end id="2014" timestamp="2019-07-02T19:36:51.182" durationms="0.177" />

<exclusive-start id="2015" timestamp="2019-07-02T19:36:51.184" intervalms="1.669">
  <response-info timems="0.017" idlems="0.017" threads="0" lastid="0000000000AB7900" lastname="Thread-7" />
</exclusive-start>
<af-start id="2016" threadId="0000000000AB8288" totalBytesRequested="40" timestamp="2019-07-02T19:36:51.184" intervalms="13.220" />
<gc-start id="2017" type="global" contextid="2013" timestamp="2019-07-02T19:36:51.184">
  <mem-info id="2018" free="0" total="12517376" percent="0">
    <mem type="tenure" free="0" total="12517376" percent="0">
      <mem type="soa" free="0" total="12392448" percent="0" />
      <mem type="loa" free="0" total="124928" percent="0" />
    </mem>
  </mem-info>
</gc-start>
<allocation-stats totalBytes="7659600" >
  <allocated-bytes non-tlh="0" tlh="7659600" />
  <largest-consumer threadName="Thread-10" threadId="0000000000AB3D00" bytes="2808672" />
</allocation-stats>
<concurrent-halted id="2019" timestamp="2019-07-02T19:36:51.184">
  <halted state="Complete" status="exhausted" />
  <traced bytesTarget="1445844" bytesTotal="1937776" bytesByMutator="1055128" bytesByHelper="882648" percent="134" />
  <cards cleaned="27" thresholdBytes="77784" />
</concurrent-halted>
<gc-op id="2020" type="card-cleaning" timems="0.438" contextid="2013" timestamp="2019-07-02T19:36:51.185">
  <card-cleaning cardsCleaned="13" bytesTraced="7264" workStackOverflowCount="0" />
</gc-op>
<gc-op id="2021" type="mark" timems="1.600" contextid="2013" timestamp="2019-07-02T19:36:51.186">
  <trace-info objectcount="14106" scancount="14957" scanbytes="535620" />
  <finalization candidates="124" enqueued="0" />
  <ownableSynchronizers candidates="3" cleared="0" />
  <references type="soft" candidates="84" cleared="0" enqueued="0" dynamicThreshold="19" maxThreshold="32" />
  <references type="weak" candidates="776" cleared="0" enqueued="0" />
  <references type="phantom" candidates="63" cleared="0" enqueued="0" />
  <stringconstants candidates="4574" cleared="0"  />
</gc-op>
<gc-op id="2022" type="sweep" timems="0.391" contextid="2013" timestamp="2019-07-02T19:36:51.187" />
<gc-end id="2023" type="global" contextid="2013" durationms="2.766" usertimems="8.000" systemtimems="0.000" timestamp="2019-07-02T19:36:51.187" activeThreads="4">
  <mem-info id="2024" free="7639824" total="12517376" percent="61">
    <mem type="tenure" free="7639824" total="12517376" percent="61" micro-fragmented="56579">
      <mem type="soa" free="7548768" total="12392448" percent="60" />
      <mem type="loa" free="91056" total="124928" percent="72" />
    </mem>
  </mem-info>
</gc-end>
<cycle-end id="2025" type="global" contextid="2013" timestamp="2019-07-02T19:36:51.187">
  <attribute name="GC Util" value="238" />
  <attribute name="CPU Util" value="11033553298828" />
  <attribute name="Time Running"value="2674"/>
  <attribute name="Number of cores"value="4"/>
</cycle-end>
<allocation-satisfied id="2026" threadId="0000000000AB7900" bytesRequested="40" />
<af-end id="2027" timestamp="2019-07-02T19:36:51.187" threadId="0000000000AB8288" success="true" />
<exclusive-end id="2028" timestamp="2019-07-02T19:36:51.187" durationms="3.184" />

<concurrent-kickoff id="2029" timestamp="2019-07-02T19:36:51.195">
  <kickoff reason="threshold reached" targetBytes="1523036" thresholdFreeBytes="207004" remainingFree="206192" tenureFreeBytes="206192" />
</concurrent-kickoff>
<exclusive-start id="2030" timestamp="2019-07-02T19:36:51.195" intervalms="11.290">
  <response-info timems="0.120" idlems="0.077" threads="3" lastid="0000000000AB3D00" lastname="Thread-10" />
</exclusive-start>
<cycle-start id="2031" type="global" contextid="0" timestamp="2019-07-02T19:36:51.195" intervalms="12.961" />
  <attribute name="GC Util" value="238" />
  <attribute name="CPU Util" value="11033553298828" />
  <attribute name="Time Running"value="2674"/>
  <attribute name="Number of cores"value="4"/>
<exclusive-end id="2032" timestamp="2019-07-02T19:36:51.195" durationms="0.178" />

<exclusive-start id="2033" timestamp="2019-07-02T19:36:51.196" intervalms="1.022">
  <response-info timems="0.030" idlems="0.030" threads="0" lastid="0000000000AB3D00" lastname="Thread-10" />
</exclusive-start>
<af-start id="2034" threadId="0000000000AB4688" totalBytesRequested="40" timestamp="2019-07-02T19:36:51.196" intervalms="12.290" />
<gc-start id="2035" type="global" contextid="2031" timestamp="2019-07-02T19:36:51.197">
  <mem-info id="2036" free="99840" total="12517376" percent="0">
    <mem type="tenure" free="99840" total="12517376" percent="0">
      <mem type="soa" free="0" total="12392448" percent="0" />
      <mem type="loa" free="99840" total="124928" percent="79" />
    </mem>
  </mem-info>
</gc-start>
<allocation-stats totalBytes="7514296" >
  <allocated-bytes non-tlh="0" tlh="7514296" />
  <largest-consumer threadName="Thread-7" threadId="0000000000AB7900" bytes="2208192" />
</allocation-stats>
<concurrent-halted id="2037" timestamp="2019-07-02T19:36:51.197">
  <halted state="Tracing incomplete" status="trace only" />
  <traced bytesTarget="1523036" bytesTotal="1048604" bytesByMutator="1048604" bytesByHelper="0" percent="68" />
  <cards cleaned="0" thresholdBytes="81546" />
</concurrent-halted>
<gc-op id="2038" type="tracing" timems="0.391" contextid="2031" timestamp="2019-07-02T19:36:51.197">
  <trace bytesTraced="176988" workStackOverflowCount="0" />
</gc-op>
<gc-op id="2039" type="card-cleaning" timems="0.417" contextid="2031" timestamp="2019-07-02T19:36:51.198">
  <card-cleaning cardsCleaned="19" bytesTraced="14020" workStackOverflowCount="0" />
</gc-op>
<gc-op id="2040" type="mark" timems="1.997" contextid="2031" timestamp="2019-07-02T19:36:51.200">
  <trace-info objectcount="38826" scancount="33881" scanbytes="1225204" />
  <finalization candidates="124" enqueued="0" />
  <ownableSynchronizers candidates="3" cleared="0" />
  <references type="soft" candidates="84" cleared="0" enqueued="0" dynamicThreshold="19" maxThreshold="32" />
  <references type="weak" candidates="776" cleared="0" enqueued="0" />
  <references type="phantom" candidates="63" cleared="0" enqueued="0" />
  <stringconstants candidates="4574" cleared="0"  />
</gc-op>
<gc-op id="2041" type="sweep" timems="0.911" contextid="2031" timestamp="2019-07-02T19:36:51.201" />
<gc-end id="2042" type="global" contextid="2031" durationms="4.314" usertimems="8.000" systemtimems="0.000" timestamp="2019-07-02T19:36:51.201" activeThreads="4">
  <mem-info id="2043" free="7532176" total="12517376" percent="60">
    <mem type="tenure" free="7532176" total="12517376" percent="60" micro-fragmented="271169">
      <mem type="soa" free="7439360" total="12392448" percent="60" />
      <mem type="loa" free="92816" total="124928" percent="74" />
    </mem>
  </mem-info>
</gc-end>
<cycle-end id="2044" type="global" contextid="2031" timestamp="2019-07-02T19:36:51.201">
  <attribute name="GC Util" value="223" />
  <attribute name="CPU Util" value="8923031670415" />
  <attribute name="Time Running"value="2688"/>
  <attribute name="Number of cores"value="4"/>
</cycle-end>
<allocation-satisfied id="2045" threadId="0000000000AB3D00" bytesRequested="40" />
<af-end id="2046" timestamp="2019-07-02T19:36:51.201" threadId="0000000000AB4688" success="true" />
<exclusive-end id="2047" timestamp="2019-07-02T19:36:51.201" durationms="5.222" />

<exclusive-start id="2048" timestamp="2019-07-02T19:36:51.208" intervalms="12.299">
  <response-info timems="0.061" idlems="0.061" threads="0" lastid="0000000000AB7900" lastname="Thread-7" />
</exclusive-start>
<af-start id="2049" threadId="0000000000AB8288" totalBytesRequested="19056" timestamp="2019-07-02T19:36:51.209" intervalms="12.299" />
<cycle-start id="2050" type="global" contextid="0" timestamp="2019-07-02T19:36:51.209" intervalms="13.679" />
  <attribute name="GC Util" value="24" />
  <attribute name="CPU Util" value="2120091694761" />
  <attribute name="Time Running"value="2697"/>
  <attribute name="Number of cores"value="4"/>
<gc-start id="2051" type="global" contextid="2050" timestamp="2019-07-02T19:36:51.209">
  <mem-info id="2052" free="708832" total="12517376" percent="5">
    <mem type="tenure" free="708832" total="12517376" percent="5">
      <mem type="soa" free="608992" total="12392448" percent="4" />
      <mem type="loa" free="99840" total="124928" percent="79" />
    </mem>
  </mem-info>
</gc-start>
<allocation-stats totalBytes="6785952" >
  <allocated-bytes non-tlh="27264" tlh="6758688" />
  <largest-consumer threadName="Thread-10" threadId="0000000000AB3D00" bytes="2135504" />
</allocation-stats>
<gc-op id="2053" type="mark" timems="1.639" contextid="2050" timestamp="2019-07-02T19:36:51.211">
  <trace-info objectcount="60489" scancount="52911" scanbytes="2009864" />
  <finalization candidates="124" enqueued="0" />
  <ownableSynchronizers candidates="3" cleared="0" />
  <references type="soft" candidates="84" cleared="0" enqueued="0" dynamicThreshold="19" maxThreshold="32" />
  <references type="weak" candidates="776" cleared="0" enqueued="0" />
  <references type="phantom" candidates="63" cleared="0" enqueued="0" />
  <stringconstants candidates="4574" cleared="0"  />
</gc-op>
<gc-op id="2054" type="sweep" timems="0.932" contextid="2050" timestamp="2019-07-02T19:36:51.212" />
<heap-resize id="2055" type="contract" space="tenure" amount="65536" count="1" timems="0.096" reason="excess free space following gc" timestamp="2019-07-02T19:36:51.212" />
<gc-end id="2056" type="global" contextid="2050" durationms="3.039" usertimems="4.000" systemtimems="0.000" timestamp="2019-07-02T19:36:51.212" activeThreads="4">
  <mem-info id="2057" free="8084136" total="12451840" percent="64">
    <mem type="tenure" free="8084136" total="12451840" percent="64" micro-fragmented="45794">
      <mem type="soa" free="8084136" total="12327936" percent="65" />
      <mem type="loa" free="0" total="123904" percent="0" />
    </mem>
  </mem-info>
</gc-end>
<cycle-end id="2058" type="global" contextid="2050" timestamp="2019-07-02T19:36:51.212">
  <attribute name="GC Util" value="156" />
  <attribute name="CPU Util" value="27706133953176" />
  <attribute name="Time Running"value="2699"/>
  <attribute name="Number of cores"value="4"/>
</cycle-end>
<allocation-satisfied id="2059" threadId="0000000000AB7900" bytesRequested="19056" />
<af-end id="2060" timestamp="2019-07-02T19:36:51.212" threadId="0000000000AB8288" success="true" />
<exclusive-end id="2061" timestamp="2019-07-02T19:36:51.212" durationms="3.806" />

<concurrent-kickoff id="2062" timestamp="2019-07-02T19:36:51.220">
  <kickoff reason="threshold reached" targetBytes="1530736" thresholdFreeBytes="207477" remainingFree="201184" tenureFreeBytes="192880" />
</concurrent-kickoff>
<exclusive-start id="2063" timestamp="2019-07-02T19:36:51.220" intervalms="11.900">
  <response-info timems="0.134" idlems="0.094" threads="2" lastid="0000000000AB7900" lastname="Thread-7" />
</exclusive-start>
<cycle-start id="2064" type="global" contextid="0" timestamp="2019-07-02T19:36:51.220" intervalms="11.536" />
  <attribute name="GC Util" value="156" />
  <attribute name="CPU Util" value="27706133953176" />
  <attribute name="Time Running"value="2699"/>
  <attribute name="Number of cores"value="4"/>
<exclusive-end id="2065" timestamp="2019-07-02T19:36:51.221" durationms="0.163" />

<exclusive-start id="2066" timestamp="2019-07-02T19:36:51.222" intervalms="1.546">
  <response-info timems="0.041" idlems="0.022" threads="1" lastid="0000000000ABB500" lastname="Thread-9" />
</exclusive-start>
<af-start id="2067" threadId="0000000000AB0A88" totalBytesRequested="24" timestamp="2019-07-02T19:36:51.222" intervalms="13.449" />
<gc-start id="2068" type="global" contextid="2064" timestamp="2019-07-02T19:36:51.222">
  <mem-info id="2069" free="0" total="12451840" percent="0">
    <mem type="tenure" free="0" total="12451840" percent="0">
      <mem type="soa" free="0" total="12327936" percent="0" />
      <mem type="loa" free="0" total="123904" percent="0" />
    </mem>
  </mem-info>
</gc-start>
<allocation-stats totalBytes="8074696" >
  <allocated-bytes non-tlh="19056" tlh="8055640" />
  <largest-consumer threadName="Thread-10" threadId="0000000000AB3D00" bytes="2926736" />
</allocation-stats>
<concurrent-halted id="2070" timestamp="2019-07-02T19:36:51.222">
  <halted state="Tracing incomplete" status="clean trace" />
  <traced bytesTarget="1530736" bytesTotal="1841812" bytesByMutator="864516" bytesByHelper="977296" percent="120" />
  <cards cleaned="0" thresholdBytes="81733" />
</concurrent-halted>
<gc-op id="2071" type="tracing" timems="0.220" contextid="2064" timestamp="2019-07-02T19:36:51.223">
  <trace bytesTraced="292860" workStackOverflowCount="0" />
</gc-op>
<gc-op id="2072" type="card-cleaning" timems="0.147" contextid="2064" timestamp="2019-07-02T19:36:51.223">
  <card-cleaning cardsCleaned="23" bytesTraced="23256" workStackOverflowCount="0" />
</gc-op>
<gc-op id="2073" type="mark" timems="0.550" contextid="2064" timestamp="2019-07-02T19:36:51.224">
  <trace-info objectcount="3993" scancount="4765" scanbytes="150364" />
  <finalization candidates="124" enqueued="0" />
  <ownableSynchronizers candidates="3" cleared="0" />
  <references type="soft" candidates="84" cleared="0" enqueued="0" dynamicThreshold="20" maxThreshold="32" />
  <references type="weak" candidates="776" cleared="0" enqueued="0" />
  <references type="phantom" candidates="63" cleared="0" enqueued="0" />
  <stringconstants candidates="4574" cleared="0"  />
</gc-op>
<gc-op id="2074" type="sweep" timems="0.521" contextid="2064" timestamp="2019-07-02T19:36:51.224" />
<mem-info id="2075" free="7762152" total="12451840" percent="62">
  <mem type="tenure" free="7762152" total="12451840" percent="62" micro-fragmented="113459">
    <mem type="soa" free="7762152" total="12327936" percent="62" />
    <mem type="loa" free="0" total="123904" percent="0" />
  </mem>
</mem-info>
<gc-op id="2076" type="compact" timems="4.118" contextid="2064" timestamp="2019-07-02T19:36:51.228">
  <compact-info movecount="24731" movebytes="1091056" reason="compact to aid heap contraction" />
</gc-op>
<heap-resize id="2077" type="contract" space="tenure" amount="65536" count="1" timems="0.075" reason="excess free space following gc" timestamp="2019-07-02T19:36:51.229" />
<gc-end id="2078" type="global" contextid="2064" durationms="6.701" usertimems="8.000" systemtimems="0.000" timestamp="2019-07-02T19:36:51.229" activeThreads="4">
  <mem-info id="2079" free="8025768" total="12386304" percent="64">
    <mem type="tenure" free="8025768" total="12386304" percent="64">
      <mem type="soa" free="8025768" total="12263424" percent="65" />
      <mem type="loa" free="0" total="122880" percent="0" />
    </mem>
  </mem-info>
</gc-end>
<cycle-end id="2080" type="global" contextid="2064" timestamp="2019-07-02T19:36:51.229">
  <attribute name="GC Util" value="9" />
  <attribute name="CPU Util" value="49603489221784" />
  <attribute name="Time Running"value="2712"/>
  <attribute name="Number of cores"value="4"/>
</cycle-end>
<allocation-satisfied id="2081" threadId="0000000000AB0100" bytesRequested="24" />
<af-end id="2082" timestamp="2019-07-02T19:36:51.229" threadId="0000000000AB0A88" success="true" />
<exclusive-end id="2083" timestamp="2019-07-02T19:36:51.229" durationms="7.198" />

<concurrent-kickoff id="2084" timestamp="2019-07-02T19:36:51.242">
  <kickoff reason="threshold reached" targetBytes="1673494" thresholdFreeBytes="226457" remainingFree="198312" tenureFreeBytes="198312" />
</concurrent-kickoff>
<exclusive-start id="2085" timestamp="2019-07-02T19:36:51.242" intervalms="20.037">
  <response-info timems="0.022" idlems="0.022" threads="0" lastid="0000000000AB0100" lastname="Thread-8" />
</exclusive-start>
<cycle-start id="2086" type="global" contextid="0" timestamp="2019-07-02T19:36:51.242" intervalms="21.627" />
  <attribute name="GC Util" value="9" />
  <attribute name="CPU Util" value="49603489221784" />
  <attribute name="Time Running"value="2712"/>
  <attribute name="Number of cores"value="4"/>
<exclusive-end id="2087" timestamp="2019-07-02T19:36:51.242" durationms="0.262" />

<exclusive-start id="2088" timestamp="2019-07-02T19:36:51.243" intervalms="0.776">
  <response-info timems="0.020" idlems="0.020" threads="0" lastid="0000000000AB0100" lastname="Thread-8" />
</exclusive-start>
<af-start id="2089" threadId="0000000000AB0A88" totalBytesRequested="40" timestamp="2019-07-02T19:36:51.243" intervalms="20.828" />
<concurrent-aborted id="2090" timestamp="2019-07-02T19:36:51.243">
  <reason value="insufficient progress made" />
</concurrent-aborted>
<cycle-end id="2091" type="global" contextid="2086" timestamp="2019-07-02T19:36:51.243">
  <attribute name="GC Util" value="9" />
  <attribute name="CPU Util" value="49603489221784" />
  <attribute name="Time Running"value="2712"/>
  <attribute name="Number of cores"value="4"/>
</cycle-end>
<cycle-start id="2092" type="global" contextid="0" timestamp="2019-07-02T19:36:51.243" intervalms="1.071" />
  <attribute name="GC Util" value="9" />
  <attribute name="CPU Util" value="49603489221784" />
  <attribute name="Time Running"value="2712"/>
  <attribute name="Number of cores"value="4"/>
<gc-start id="2093" type="global" contextid="2092" timestamp="2019-07-02T19:36:51.243">
  <mem-info id="2094" free="0" total="12386304" percent="0">
    <mem type="tenure" free="0" total="12386304" percent="0">
      <mem type="soa" free="0" total="12263424" percent="0" />
      <mem type="loa" free="0" total="122880" percent="0" />
    </mem>
  </mem-info>
</gc-start>
<allocation-stats totalBytes="8090168" >
  <allocated-bytes non-tlh="0" tlh="8090168" />
  <largest-consumer threadName="Thread-9" threadId="0000000000ABB500" bytes="2981544" />
</allocation-stats>
<gc-op id="2095" type="mark" timems="1.027" contextid="2092" timestamp="2019-07-02T19:36:51.244">
  <trace-info objectcount="66276" scancount="58693" scanbytes="2282396" />
  <finalization candidates="124" enqueued="0" />
  <ownableSynchronizers candidates="3" cleared="0" />
  <references type="soft" candidates="84" cleared="0" enqueued="0" dynamicThreshold="20" maxThreshold="32" />
  <references type="weak" candidates="776" cleared="0" enqueued="0" />
  <references type="phantom" candidates="63" cleared="0" enqueued="0" />
  <stringconstants candidates="4574" cleared="0"  />
</gc-op>
<gc-op id="2096" type="sweep" timems="0.283" contextid="2092" timestamp="2019-07-02T19:36:51.245" />
<heap-resize id="2097" type="contract" space="tenure" amount="65536" count="1" timems="0.086" reason="excess free space following gc" timestamp="2019-07-02T19:36:51.245" />
<gc-end id="2098" type="global" contextid="2092" durationms="1.727" usertimems="4.000" systemtimems="0.000" timestamp="2019-07-02T19:36:51.245" activeThreads="4">
  <mem-info id="2099" free="8004352" total="12320768" percent="64">
    <mem type="tenure" free="8004352" total="12320768" percent="64" micro-fragmented="20537">
      <mem type="soa" free="8004352" total="12197888" percent="65" />
      <mem type="loa" free="0" total="122880" percent="0" />
    </mem>
  </mem-info>
</gc-end>
<cycle-end id="2100" type="global" contextid="2092" timestamp="2019-07-02T19:36:51.245">
  <attribute name="GC Util" value="28" />
  <attribute name="CPU Util" value="95846659764300" />
  <attribute name="Time Running"value="2733"/>
  <attribute name="Number of cores"value="4"/>
</cycle-end>
<allocation-satisfied id="2101" threadId="0000000000AB0100" bytesRequested="40" />
<af-end id="2102" timestamp="2019-07-02T19:36:51.245" threadId="0000000000AB0A88" success="true" />
<exclusive-end id="2103" timestamp="2019-07-02T19:36:51.245" durationms="2.424" />

<concurrent-kickoff id="2104" timestamp="2019-07-02T19:36:51.252">
  <kickoff reason="threshold reached" targetBytes="1664639" thresholdFreeBytes="225258" remainingFree="213952" tenureFreeBytes="213952" />
</concurrent-kickoff>
<exclusive-start id="2105" timestamp="2019-07-02T19:36:51.252" intervalms="9.416">
  <response-info timems="0.048" idlems="0.027" threads="1" lastid="0000000000ABB500" lastname="Thread-9" />
</exclusive-start>
<cycle-start id="2106" type="global" contextid="0" timestamp="2019-07-02T19:36:51.252" intervalms="9.054" />
  <attribute name="GC Util" value="28" />
  <attribute name="CPU Util" value="95846659764300" />
  <attribute name="Time Running"value="2733"/>
  <attribute name="Number of cores"value="4"/>
<exclusive-end id="2107" timestamp="2019-07-02T19:36:51.252" durationms="0.126" />

<exclusive-start id="2108" timestamp="2019-07-02T19:36:51.254" intervalms="1.519">
  <response-info timems="0.037" idlems="0.037" threads="0" lastid="0000000000AB7900" lastname="Thread-7" />
</exclusive-start>
<af-start id="2109" threadId="0000000000AB8288" totalBytesRequested="40" timestamp="2019-07-02T19:36:51.254" intervalms="10.903" />
<gc-start id="2110" type="global" contextid="2106" timestamp="2019-07-02T19:36:51.254">
  <mem-info id="2111" free="0" total="12320768" percent="0">
    <mem type="tenure" free="0" total="12320768" percent="0">
      <mem type="soa" free="0" total="12197888" percent="0" />
      <mem type="loa" free="0" total="122880" percent="0" />
    </mem>
  </mem-info>
</gc-start>
<allocation-stats totalBytes="8000136" >
  <allocated-bytes non-tlh="0" tlh="8000136" />
  <largest-consumer threadName="Thread-8" threadId="0000000000AB0100" bytes="2992016" />
</allocation-stats>
<concurrent-halted id="2112" timestamp="2019-07-02T19:36:51.254">
  <halted state="Complete" status="exhausted" />
  <traced bytesTarget="1664639" bytesTotal="1896744" bytesByMutator="992340" bytesByHelper="904404" percent="113" />
  <cards cleaned="20" thresholdBytes="88738" />
</concurrent-halted>
<gc-op id="2113" type="card-cleaning" timems="0.147" contextid="2106" timestamp="2019-07-02T19:36:51.254">
  <card-cleaning cardsCleaned="2" bytesTraced="1520" workStackOverflowCount="0" />
</gc-op>
<gc-op id="2114" type="mark" timems="0.601" contextid="2106" timestamp="2019-07-02T19:36:51.255">
  <trace-info objectcount="9836" scancount="10680" scanbytes="432124" />
  <finalization candidates="124" enqueued="0" />
  <ownableSynchronizers candidates="3" cleared="0" />
  <references type="soft" candidates="84" cleared="0" enqueued="0" dynamicThreshold="20" maxThreshold="32" />
  <references type="weak" candidates="776" cleared="0" enqueued="0" />
  <references type="phantom" candidates="63" cleared="0" enqueued="0" />
  <stringconstants candidates="4574" cleared="0"  />
</gc-op>
<gc-op id="2115" type="sweep" timems="0.512" contextid="2106" timestamp="2019-07-02T19:36:51.255" />
<heap-resize id="2116" type="contract" space="tenure" amount="65536" count="1" timems="0.043" reason="excess free space following gc" timestamp="2019-07-02T19:36:51.255" />
<gc-end id="2117" type="global" contextid="2106" durationms="1.710" usertimems="4.000" systemtimems="0.000" timestamp="2019-07-02T19:36:51.256" activeThreads="4">
  <mem-info id="2118" free="7904240" total="12255232" percent="64">
    <mem type="tenure" free="7904240" total="12255232" percent="64" micro-fragmented="12621">
      <mem type="soa" free="7904240" total="12133376" percent="65" />
      <mem type="loa" free="0" total="121856" percent="0" />
    </mem>
  </mem-info>
</gc-end>
<cycle-end id="2119" type="global" contextid="2106" timestamp="2019-07-02T19:36:51.256">
  <attribute name="GC Util" value="152" />
  <attribute name="CPU Util" value="47360547950676" />
  <attribute name="Time Running"value="2743"/>
  <attribute name="Number of cores"value="4"/>
</cycle-end>
<allocation-satisfied id="2120" threadId="0000000000AB7900" bytesRequested="40" />
<af-end id="2121" timestamp="2019-07-02T19:36:51.256" threadId="0000000000AB8288" success="true" />
<exclusive-end id="2122" timestamp="2019-07-02T19:36:51.256" durationms="2.061" />

<concurrent-kickoff id="2123" timestamp="2019-07-02T19:36:51.262">
  <kickoff reason="threshold reached" targetBytes="1696867" thresholdFreeBytes="231346" remainingFree="221168" tenureFreeBytes="221168" />
</concurrent-kickoff>
<exclusive-start id="2124" timestamp="2019-07-02T19:36:51.262" intervalms="8.166">
  <response-info timems="0.119" idlems="0.067" threads="1" lastid="0000000000AB0100" lastname="Thread-8" />
</exclusive-start>
<cycle-start id="2125" type="global" contextid="0" timestamp="2019-07-02T19:36:51.262" intervalms="9.664" />
  <attribute name="GC Util" value="152" />
  <attribute name="CPU Util" value="47360547950676" />
  <attribute name="Time Running"value="2743"/>
  <attribute name="Number of cores"value="4"/>
<exclusive-end id="2126" timestamp="2019-07-02T19:36:51.262" durationms="0.128" />

<exclusive-start id="2127" timestamp="2019-07-02T19:36:51.263" intervalms="1.412">
  <response-info timems="0.061" idlems="0.033" threads="2" lastid="0000000000ABB500" lastname="Thread-9" />
</exclusive-start>
<af-start id="2128" threadId="0000000000AB0A88" totalBytesRequested="24" timestamp="2019-07-02T19:36:51.263" intervalms="9.588" />
<gc-start id="2129" type="global" contextid="2125" timestamp="2019-07-02T19:36:51.263">
  <mem-info id="2130" free="0" total="12255232" percent="0">
    <mem type="tenure" free="0" total="12255232" percent="0">
      <mem type="soa" free="0" total="12133376" percent="0" />
      <mem type="loa" free="0" total="121856" percent="0" />
    </mem>
  </mem-info>
</gc-start>
<allocation-stats totalBytes="7895568" >
  <allocated-bytes non-tlh="0" tlh="7895568" />
  <largest-consumer threadName="Thread-8" threadId="0000000000AB0100" bytes="3456952" />
</allocation-stats>
<concurrent-halted id="2131" timestamp="2019-07-02T19:36:51.264">
  <halted state="Class scanning incomplete" status="clean trace" />
  <traced bytesTarget="1696867" bytesTotal="1196896" bytesByMutator="881936" bytesByHelper="314960" percent="70" />
  <cards cleaned="24" thresholdBytes="91136" />
</concurrent-halted>
<gc-op id="2132" type="tracing" timems="0.126" contextid="2125" timestamp="2019-07-02T19:36:51.264">
  <trace bytesTraced="16732" workStackOverflowCount="0" />
</gc-op>
<gc-op id="2133" type="card-cleaning" timems="0.133" contextid="2125" timestamp="2019-07-02T19:36:51.264">
  <card-cleaning cardsCleaned="16" bytesTraced="532" workStackOverflowCount="0" />
</gc-op>
<gc-op id="2134" type="mark" timems="0.719" contextid="2125" timestamp="2019-07-02T19:36:51.265">
  <trace-info objectcount="26767" scancount="27537" scanbytes="1112424" />
  <finalization candidates="124" enqueued="0" />
  <ownableSynchronizers candidates="3" cleared="0" />
  <references type="soft" candidates="84" cleared="0" enqueued="0" dynamicThreshold="20" maxThreshold="32" />
  <references type="weak" candidates="776" cleared="0" enqueued="0" />
  <references type="phantom" candidates="63" cleared="0" enqueued="0" />
  <stringconstants candidates="4574" cleared="0"  />
</gc-op>
<gc-op id="2135" type="sweep" timems="0.330" contextid="2125" timestamp="2019-07-02T19:36:51.265" />
<mem-info id="2136" free="7869808" total="12255232" percent="64">
  <mem type="tenure" free="7869808" total="12255232" percent="64" micro-fragmented="11075">
    <mem type="soa" free="7869808" total="12133376" percent="64" />
    <mem type="loa" free="0" total="121856" percent="0" />
  </mem>
</mem-info>
<gc-op id="2137" type="compact" timems="3.742" contextid="2125" timestamp="2019-07-02T19:36:51.269">
  <compact-info movecount="11681" movebytes="430688" reason="compact to aid heap contraction" />
</gc-op>
<heap-resize id="2138" type="contract" space="tenure" amount="65536" count="1" timems="0.036" reason="excess free space following gc" timestamp="2019-07-02T19:36:51.269" />
<gc-end id="2139" type="global" contextid="2125" durationms="5.892" usertimems="4.000" systemtimems="4.000" timestamp="2019-07-02T19:36:51.269" activeThreads="4">
  <mem-info id="2140" free="7867624" total="12189696" percent="64">
    <mem type="tenure" free="7867624" total="12189696" percent="64">
      <mem type="soa" free="7802088" total="12067840" percent="64" />
      <mem type="loa" free="65536" total="121856" percent="53" />
    </mem>
  </mem-info>
</gc-end>
<cycle-end id="2141" type="global" contextid="2125" timestamp="2019-07-02T19:36:51.269">
  <attribute name="GC Util" value="10" />
  <attribute name="CPU Util" value="71021402523090" />
  <attribute name="Time Running"value="2753"/>
  <attribute name="Number of cores"value="4"/>
</cycle-end>
<allocation-satisfied id="2142" threadId="0000000000AB0100" bytesRequested="24" />
<af-end id="2143" timestamp="2019-07-02T19:36:51.270" threadId="0000000000AB0A88" success="true" />
<exclusive-end id="2144" timestamp="2019-07-02T19:36:51.270" durationms="6.414" />

<concurrent-kickoff id="2145" timestamp="2019-07-02T19:36:51.276">
  <kickoff reason="threshold reached" targetBytes="1615361" thresholdFreeBytes="220393" remainingFree="216296" tenureFreeBytes="216296" />
</concurrent-kickoff>
<exclusive-start id="2146" timestamp="2019-07-02T19:36:51.276" intervalms="12.958">
  <response-info timems="0.067" idlems="0.043" threads="1" lastid="0000000000AB3D00" lastname="Thread-10" />
</exclusive-start>
<cycle-start id="2147" type="global" contextid="0" timestamp="2019-07-02T19:36:51.276" intervalms="14.415" />
  <attribute name="GC Util" value="10" />
  <attribute name="CPU Util" value="71021402523090" />
  <attribute name="Time Running"value="2753"/>
  <attribute name="Number of cores"value="4"/>
<exclusive-end id="2148" timestamp="2019-07-02T19:36:51.276" durationms="0.174" />

<exclusive-start id="2149" timestamp="2019-07-02T19:36:51.277" intervalms="0.475">
  <response-info timems="0.018" idlems="0.018" threads="0" lastid="0000000000AB7900" lastname="Thread-7" />
</exclusive-start>
<af-start id="2150" threadId="0000000000AB8288" totalBytesRequested="40" timestamp="2019-07-02T19:36:51.277" intervalms="13.421" />
<concurrent-aborted id="2151" timestamp="2019-07-02T19:36:51.277">
  <reason value="insufficient progress made" />
</concurrent-aborted>
<cycle-end id="2152" type="global" contextid="2147" timestamp="2019-07-02T19:36:51.277">
  <attribute name="GC Util" value="10" />
  <attribute name="CPU Util" value="71021402523090" />
  <attribute name="Time Running"value="2753"/>
  <attribute name="Number of cores"value="4"/>
</cycle-end>
<cycle-start id="2153" type="global" contextid="0" timestamp="2019-07-02T19:36:51.277" intervalms="0.610" />
  <attribute name="GC Util" value="10" />
  <attribute name="CPU Util" value="71021402523090" />
  <attribute name="Time Running"value="2753"/>
  <attribute name="Number of cores"value="4"/>
<gc-start id="2154" type="global" contextid="2153" timestamp="2019-07-02T19:36:51.277">
  <mem-info id="2155" free="65536" total="12189696" percent="0">
    <mem type="tenure" free="65536" total="12189696" percent="0">
      <mem type="soa" free="0" total="12067840" percent="0" />
      <mem type="loa" free="65536" total="121856" percent="53" />
    </mem>
  </mem-info>
</gc-start>
<allocation-stats totalBytes="7866424" >
  <allocated-bytes non-tlh="0" tlh="7866424" />
  <largest-consumer threadName="Thread-8" threadId="0000000000AB0100" bytes="3505704" />
</allocation-stats>
<gc-op id="2156" type="mark" timems="1.782" contextid="2153" timestamp="2019-07-02T19:36:51.279">
  <trace-info objectcount="67788" scancount="60194" scanbytes="2318764" />
  <finalization candidates="124" enqueued="0" />
  <ownableSynchronizers candidates="3" cleared="0" />
  <references type="soft" candidates="84" cleared="0" enqueued="0" dynamicThreshold="20" maxThreshold="32" />
  <references type="weak" candidates="776" cleared="0" enqueued="0" />
  <references type="phantom" candidates="63" cleared="0" enqueued="0" />
  <stringconstants candidates="4574" cleared="0"  />
</gc-op>
<gc-op id="2157" type="sweep" timems="0.586" contextid="2153" timestamp="2019-07-02T19:36:51.279" />
<heap-resize id="2158" type="contract" space="tenure" amount="65536" count="1" timems="0.036" reason="excess free space following gc" timestamp="2019-07-02T19:36:51.280" />
<gc-end id="2159" type="global" contextid="2153" durationms="2.665" usertimems="0.000" systemtimems="4.000" timestamp="2019-07-02T19:36:51.280" activeThreads="4">
  <mem-info id="2160" free="7771800" total="12124160" percent="64">
    <mem type="tenure" free="7771800" total="12124160" percent="64" micro-fragmented="18240">
      <mem type="soa" free="7771800" total="12003328" percent="64" />
      <mem type="loa" free="0" total="120832" percent="0" />
    </mem>
  </mem-info>
</gc-end>
<cycle-end id="2161" type="global" contextid="2153" timestamp="2019-07-02T19:36:51.280">
  <attribute name="GC Util" value="191" />
  <attribute name="CPU Util" value="39790215667031" />
  <attribute name="Time Running"value="2767"/>
  <attribute name="Number of cores"value="4"/>
</cycle-end>
<allocation-satisfied id="2162" threadId="0000000000AB7900" bytesRequested="40" />
<af-end id="2163" timestamp="2019-07-02T19:36:51.280" threadId="0000000000AB8288" success="true" />
<exclusive-end id="2164" timestamp="2019-07-02T19:36:51.280" durationms="3.116" />

<concurrent-kickoff id="2165" timestamp="2019-07-02T19:36:51.286">
  <kickoff reason="threshold reached" targetBytes="1606676" thresholdFreeBytes="219208" remainingFree="209536" tenureFreeBytes="209536" />
</concurrent-kickoff>
<exclusive-start id="2166" timestamp="2019-07-02T19:36:51.286" intervalms="9.526">
  <response-info timems="0.055" idlems="0.037" threads="1" lastid="0000000000AB7900" lastname="Thread-7" />
</exclusive-start>
<cycle-start id="2167" type="global" contextid="0" timestamp="2019-07-02T19:36:51.286" intervalms="9.399" />
  <attribute name="GC Util" value="191" />
  <attribute name="CPU Util" value="39790215667031" />
  <attribute name="Time Running"value="2767"/>
  <attribute name="Number of cores"value="4"/>
<exclusive-end id="2168" timestamp="2019-07-02T19:36:51.286" durationms="0.189" />

<exclusive-start id="2169" timestamp="2019-07-02T19:36:51.287" intervalms="1.133">
  <response-info timems="0.021" idlems="0.021" threads="0" lastid="0000000000AB0100" lastname="Thread-8" />
</exclusive-start>
<af-start id="2170" threadId="0000000000AB0A88" totalBytesRequested="24" timestamp="2019-07-02T19:36:51.287" intervalms="10.708" />
<gc-start id="2171" type="global" contextid="2167" timestamp="2019-07-02T19:36:51.288">
  <mem-info id="2172" free="0" total="12124160" percent="0">
    <mem type="tenure" free="0" total="12124160" percent="0">
      <mem type="soa" free="0" total="12003328" percent="0" />
      <mem type="loa" free="0" total="120832" percent="0" />
    </mem>
  </mem-info>
</gc-start>
<allocation-stats totalBytes="7768464" >
  <allocated-bytes non-tlh="0" tlh="7768464" />
  <largest-consumer threadName="Thread-8" threadId="0000000000AB0100" bytes="3186480" />
</allocation-stats>
<concurrent-halted id="2173" timestamp="2019-07-02T19:36:51.288">
  <halted state="Tracing incomplete" status="clean trace" />
  <traced bytesTarget="1606676" bytesTotal="1436464" bytesByMutator="932900" bytesByHelper="503564" percent="89" />
  <cards cleaned="0" thresholdBytes="86354" />
</concurrent-halted>
<gc-op id="2174" type="tracing" timems="0.126" contextid="2167" timestamp="2019-07-02T19:36:51.288">
  <trace bytesTraced="600" workStackOverflowCount="0" />
</gc-op>
<gc-op id="2175" type="card-cleaning" timems="0.123" contextid="2167" timestamp="2019-07-02T19:36:51.288">
  <card-cleaning cardsCleaned="14" bytesTraced="17308" workStackOverflowCount="0" />
</gc-op>
<gc-op id="2176" type="mark" timems="0.725" contextid="2167" timestamp="2019-07-02T19:36:51.289">
  <trace-info objectcount="29662" scancount="24883" scanbytes="885408" />
  <finalization candidates="124" enqueued="0" />
  <ownableSynchronizers candidates="3" cleared="0" />
  <references type="soft" candidates="84" cleared="0" enqueued="0" dynamicThreshold="20" maxThreshold="32" />
  <references type="weak" candidates="776" cleared="0" enqueued="0" />
  <references type="phantom" candidates="63" cleared="0" enqueued="0" />
  <stringconstants candidates="4574" cleared="0"  />
</gc-op>
<gc-op id="2177" type="sweep" timems="0.371" contextid="2167" timestamp="2019-07-02T19:36:51.289" />
<heap-resize id="2178" type="contract" space="tenure" amount="65536" count="1" timems="0.100" reason="excess free space following gc" timestamp="2019-07-02T19:36:51.290" />
<gc-end id="2179" type="global" contextid="2167" durationms="2.075" usertimems="0.000" systemtimems="4.000" timestamp="2019-07-02T19:36:51.290" activeThreads="4">
  <mem-info id="2180" free="7683848" total="12058624" percent="63">
    <mem type="tenure" free="7683848" total="12058624" percent="63" micro-fragmented="29555">
      <mem type="soa" free="7683848" total="11938816" percent="64" />
      <mem type="loa" free="0" total="119808" percent="0" />
    </mem>
  </mem-info>
</gc-end>
<cycle-end id="2181" type="global" contextid="2167" timestamp="2019-07-02T19:36:51.290">
  <attribute name="GC Util" value="27" />
  <attribute name="CPU Util" value="74771264866637" />
  <attribute name="Time Running"value="2777"/>
  <attribute name="Number of cores"value="4"/>
</cycle-end>
<allocation-satisfied id="2182" threadId="0000000000AB0100" bytesRequested="24" />
<af-end id="2183" timestamp="2019-07-02T19:36:51.290" threadId="0000000000AB0A88" success="true" />
<exclusive-end id="2184" timestamp="2019-07-02T19:36:51.290" durationms="2.705" />

<concurrent-kickoff id="2185" timestamp="2019-07-02T19:36:51.296">
  <kickoff reason="threshold reached" targetBytes="1603165" thresholdFreeBytes="218717" remainingFree="210760" tenureFreeBytes="210760" />
</concurrent-kickoff>
<exclusive-start id="2186" timestamp="2019-07-02T19:36:51.296" intervalms="8.752">
  <response-info timems="0.056" idlems="0.036" threads="1" lastid="0000000000AB0100" lastname="Thread-8" />
</exclusive-start>
<cycle-start id="2187" type="global" contextid="0" timestamp="2019-07-02T19:36:51.296" intervalms="9.872" />
  <attribute name="GC Util" value="27" />
  <attribute name="CPU Util" value="74771264866637" />
  <attribute name="Time Running"value="2777"/>
  <attribute name="Number of cores"value="4"/>
<exclusive-end id="2188" timestamp="2019-07-02T19:36:51.296" durationms="0.181" />

<exclusive-start id="2189" timestamp="2019-07-02T19:36:51.298" intervalms="1.652">
  <response-info timems="0.124" idlems="0.058" threads="2" lastid="0000000000AB3D00" lastname="Thread-10" />
</exclusive-start>
<concurrent-collection-start id="2190" timestamp="2019-07-02T19:36:51.298" intervalms="801.255" >
  <concurrent-trace-info reason="card cleaning threshold reached" tracedByMutators="1071572" tracedByHelpers="846492" cardsCleaned="19" workStackOverflowCount="0" />
</concurrent-collection-start>
<gc-start id="2191" type="global" contextid="2187" timestamp="2019-07-02T19:36:51.298">
  <mem-info id="2192" free="0" total="12058624" percent="0">
    <mem type="tenure" free="0" total="12058624" percent="0">
      <mem type="soa" free="0" total="11938816" percent="0" />
      <mem type="loa" free="0" total="119808" percent="0" />
    </mem>
  </mem-info>
</gc-start>
<allocation-stats totalBytes="7675304" >
  <allocated-bytes non-tlh="0" tlh="7675304" />
  <largest-consumer threadName="Thread-8" threadId="0000000000AB0100" bytes="3958824" />
</allocation-stats>
<gc-op id="2193" type="card-cleaning" timems="0.198" contextid="2187" timestamp="2019-07-02T19:36:51.298">
  <card-cleaning cardsCleaned="5" bytesTraced="2764" workStackOverflowCount="0" />
</gc-op>
<gc-op id="2194" type="mark" timems="0.570" contextid="2187" timestamp="2019-07-02T19:36:51.299">
  <trace-info objectcount="10177" scancount="11021" scanbytes="440692" />
  <finalization candidates="124" enqueued="0" />
  <ownableSynchronizers candidates="3" cleared="0" />
  <references type="soft" candidates="84" cleared="0" enqueued="0" dynamicThreshold="20" maxThreshold="32" />
  <references type="weak" candidates="776" cleared="0" enqueued="0" />
  <references type="phantom" candidates="63" cleared="0" enqueued="0" />
  <stringconstants candidates="4574" cleared="0"  />
</gc-op>
<gc-op id="2195" type="sweep" timems="0.329" contextid="2187" timestamp="2019-07-02T19:36:51.299" />
<mem-info id="2196" free="7705696" total="12058624" percent="63">
  <mem type="tenure" free="7705696" total="12058624" percent="63" micro-fragmented="17770">
    <mem type="soa" free="7633296" total="11938816" percent="63" />
    <mem type="loa" free="72400" total="119808" percent="60" />
  </mem>
</mem-info>
<gc-op id="2197" type="compact" timems="3.083" contextid="2187" timestamp="2019-07-02T19:36:51.303">
  <compact-info movecount="3273" movebytes="81296" reason="compact to aid heap contraction" />
</gc-op>
<heap-resize id="2198" type="contract" space="tenure" amount="65536" count="1" timems="0.076" reason="excess free space following gc" timestamp="2019-07-02T19:36:51.303" />
<gc-end id="2199" type="global" contextid="2187" durationms="5.045" usertimems="8.000" systemtimems="0.000" timestamp="2019-07-02T19:36:51.303" activeThreads="4">
  <mem-info id="2200" free="7700008" total="11993088" percent="64">
    <mem type="tenure" free="7700008" total="11993088" percent="64">
      <mem type="soa" free="7634472" total="11873280" percent="64" />
      <mem type="loa" free="65536" total="119808" percent="54" />
    </mem>
  </mem-info>
</gc-end>
<cycle-end id="2201" type="global" contextid="2187" timestamp="2019-07-02T19:36:51.303">
  <attribute name="GC Util" value="14" />
  <attribute name="CPU Util" value="98101671387757" />
  <attribute name="Time Running"value="2788"/>
  <attribute name="Number of cores"value="4"/>
</cycle-end>
<concurrent-collection-end id="2202" timestamp="2019-07-02T19:36:51.303" />
<exclusive-end id="2203" timestamp="2019-07-02T19:36:51.303" durationms="5.574" />

<concurrent-kickoff id="2204" timestamp="2019-07-02T19:36:51.309">
  <kickoff reason="threshold reached" targetBytes="1650770" thresholdFreeBytes="223435" remainingFree="114216" tenureFreeBytes="114216" />
</concurrent-kickoff>
<exclusive-start id="2205" timestamp="2019-07-02T19:36:51.309" intervalms="10.952">
  <response-info timems="0.058" idlems="0.031" threads="1" lastid="0000000000AB7900" lastname="Thread-7" />
</exclusive-start>
<cycle-start id="2206" type="global" contextid="0" timestamp="2019-07-02T19:36:51.309" intervalms="12.599" />
  <attribute name="GC Util" value="14" />
  <attribute name="CPU Util" value="98101671387757" />
  <attribute name="Time Running"value="2788"/>
  <attribute name="Number of cores"value="4"/>
<exclusive-end id="2207" timestamp="2019-07-02T19:36:51.309" durationms="0.124" />

<exclusive-start id="2208" timestamp="2019-07-02T19:36:51.309" intervalms="0.356">
  <response-info timems="0.018" idlems="0.018" threads="0" lastid="0000000000AB0100" lastname="Thread-8" />
</exclusive-start>
<af-start id="2209" threadId="0000000000AB0A88" totalBytesRequested="40" timestamp="2019-07-02T19:36:51.309" intervalms="21.637" />
<concurrent-aborted id="2210" timestamp="2019-07-02T19:36:51.309">
  <reason value="insufficient progress made" />
</concurrent-aborted>
<cycle-end id="2211" type="global" contextid="2206" timestamp="2019-07-02T19:36:51.309">
  <attribute name="GC Util" value="14" />
  <attribute name="CPU Util" value="98101671387757" />
  <attribute name="Time Running"value="2788"/>
  <attribute name="Number of cores"value="4"/>
</cycle-end>
<cycle-start id="2212" type="global" contextid="0" timestamp="2019-07-02T19:36:51.309" intervalms="0.495" />
  <attribute name="GC Util" value="14" />
  <attribute name="CPU Util" value="98101671387757" />
  <attribute name="Time Running"value="2788"/>
  <attribute name="Number of cores"value="4"/>
<gc-start id="2213" type="global" contextid="2212" timestamp="2019-07-02T19:36:51.309">
  <mem-info id="2214" free="65536" total="11993088" percent="0">
    <mem type="tenure" free="65536" total="11993088" percent="0">
      <mem type="soa" free="0" total="11873280" percent="0" />
      <mem type="loa" free="65536" total="119808" percent="54" />
    </mem>
  </mem-info>
</gc-start>
<allocation-stats totalBytes="7633424" >
  <allocated-bytes non-tlh="0" tlh="7633424" />
  <largest-consumer threadName="Thread-8" threadId="0000000000AB0100" bytes="3243560" />
</allocation-stats>
<gc-op id="2215" type="mark" timems="0.960" contextid="2212" timestamp="2019-07-02T19:36:51.310">
  <trace-info objectcount="64223" scancount="56644" scanbytes="2232884" />
  <finalization candidates="124" enqueued="0" />
  <ownableSynchronizers candidates="3" cleared="0" />
  <references type="soft" candidates="84" cleared="0" enqueued="0" dynamicThreshold="20" maxThreshold="32" />
  <references type="weak" candidates="776" cleared="0" enqueued="0" />
  <references type="phantom" candidates="63" cleared="0" enqueued="0" />
  <stringconstants candidates="4574" cleared="0"  />
</gc-op>
<gc-op id="2216" type="sweep" timems="0.272" contextid="2212" timestamp="2019-07-02T19:36:51.311" />
<heap-resize id="2217" type="contract" space="tenure" amount="65536" count="1" timems="0.082" reason="excess free space following gc" timestamp="2019-07-02T19:36:51.311" />
<gc-end id="2218" type="global" contextid="2212" durationms="1.648" usertimems="4.000" systemtimems="0.000" timestamp="2019-07-02T19:36:51.311" activeThreads="4">
  <mem-info id="2219" free="7552600" total="11927552" percent="63">
    <mem type="tenure" free="7552600" total="11927552" percent="63" micro-fragmented="118642">
      <mem type="soa" free="7552600" total="11808768" percent="63" />
      <mem type="loa" free="0" total="118784" percent="0" />
    </mem>
  </mem-info>
</gc-end>
<cycle-end id="2220" type="global" contextid="2212" timestamp="2019-07-02T19:36:51.311">
  <attribute name="GC Util" value="29" />
  <attribute name="CPU Util" value="101389718433289" />
  <attribute name="Time Running"value="2799"/>
  <attribute name="Number of cores"value="4"/>
</cycle-end>
<allocation-satisfied id="2221" threadId="0000000000AB0100" bytesRequested="40" />
<af-end id="2222" timestamp="2019-07-02T19:36:51.311" threadId="0000000000AB0A88" success="true" />
<exclusive-end id="2223" timestamp="2019-07-02T19:36:51.311" durationms="2.123" />

<concurrent-kickoff id="2224" timestamp="2019-07-02T19:36:51.316">
  <kickoff reason="threshold reached" targetBytes="1641749" thresholdFreeBytes="222213" remainingFree="203072" tenureFreeBytes="203072" />
</concurrent-kickoff>
<exclusive-start id="2225" timestamp="2019-07-02T19:36:51.316" intervalms="7.408">
  <response-info timems="0.062" idlems="0.038" threads="1" lastid="0000000000AB3D00" lastname="Thread-10" />
</exclusive-start>
<cycle-start id="2226" type="global" contextid="0" timestamp="2019-07-02T19:36:51.317" intervalms="7.274" />
  <attribute name="GC Util" value="29" />
  <attribute name="CPU Util" value="101389718433289" />
  <attribute name="Time Running"value="2799"/>
  <attribute name="Number of cores"value="4"/>
<exclusive-end id="2227" timestamp="2019-07-02T19:36:51.317" durationms="0.134" />

<exclusive-start id="2228" timestamp="2019-07-02T19:36:51.320" intervalms="3.262">
  <response-info timems="0.194" idlems="0.112" threads="1" lastid="0000000000AB3D00" lastname="Thread-10" />
</exclusive-start>
<af-start id="2229" threadId="0000000000AB8288" totalBytesRequested="40" timestamp="2019-07-02T19:36:51.320" intervalms="10.712" />
<gc-start id="2230" type="global" contextid="2226" timestamp="2019-07-02T19:36:51.320">
  <mem-info id="2231" free="0" total="11927552" percent="0">
    <mem type="tenure" free="0" total="11927552" percent="0">
      <mem type="soa" free="0" total="11808768" percent="0" />
      <mem type="loa" free="0" total="118784" percent="0" />
    </mem>
  </mem-info>
</gc-start>
<allocation-stats totalBytes="7553936" >
  <allocated-bytes non-tlh="0" tlh="7553936" />
  <largest-consumer threadName="Thread-8" threadId="0000000000AB0100" bytes="3160896" />
</allocation-stats>
<concurrent-halted id="2232" timestamp="2019-07-02T19:36:51.320">
  <halted state="Class scanning incomplete" status="clean trace" />
  <traced bytesTarget="1641749" bytesTotal="716088" bytesByMutator="14712" bytesByHelper="701376" percent="43" />
  <cards cleaned="10" thresholdBytes="87538" />
</concurrent-halted>
<gc-op id="2233" type="tracing" timems="0.420" contextid="2226" timestamp="2019-07-02T19:36:51.321">
  <trace bytesTraced="475676" workStackOverflowCount="0" />
</gc-op>
<gc-op id="2234" type="card-cleaning" timems="0.299" contextid="2226" timestamp="2019-07-02T19:36:51.321">
  <card-cleaning cardsCleaned="13" bytesTraced="1564" workStackOverflowCount="0" />
</gc-op>
<gc-op id="2235" type="mark" timems="1.713" contextid="2226" timestamp="2019-07-02T19:36:51.323">
  <trace-info objectcount="24614" scancount="25384" scanbytes="1060556" />
  <finalization candidates="124" enqueued="0" />
  <ownableSynchronizers candidates="3" cleared="0" />
  <references type="soft" candidates="84" cleared="0" enqueued="0" dynamicThreshold="20" maxThreshold="32" />
  <references type="weak" candidates="776" cleared="0" enqueued="0" />
  <references type="phantom" candidates="63" cleared="0" enqueued="0" />
  <stringconstants candidates="4574" cleared="0"  />
</gc-op>
<gc-op id="2236" type="sweep" timems="0.944" contextid="2226" timestamp="2019-07-02T19:36:51.324" />
<heap-resize id="2237" type="contract" space="tenure" amount="65536" count="1" timems="0.040" reason="excess free space following gc" timestamp="2019-07-02T19:36:51.324" />
<gc-end id="2238" type="global" contextid="2226" durationms="3.942" usertimems="8.000" systemtimems="0.000" timestamp="2019-07-02T19:36:51.324" activeThreads="4">
  <mem-info id="2239" free="7449288" total="11862016" percent="62">
    <mem type="tenure" free="7449288" total="11862016" percent="62" micro-fragmented="116803">
      <mem type="soa" free="7449288" total="11744256" percent="63" />
      <mem type="loa" free="0" total="117760" percent="0" />
    </mem>
  </mem-info>
</gc-end>
<cycle-end id="2240" type="global" contextid="2226" timestamp="2019-07-02T19:36:51.324">
  <attribute name="GC Util" value="184" />
  <attribute name="CPU Util" value="26051153982105" />
  <attribute name="Time Running"value="2811"/>
  <attribute name="Number of cores"value="4"/>
</cycle-end>
<allocation-satisfied id="2241" threadId="0000000000AB7900" bytesRequested="40" />
<af-end id="2242" timestamp="2019-07-02T19:36:51.324" threadId="0000000000AB8288" success="true" />
<exclusive-end id="2243" timestamp="2019-07-02T19:36:51.324" durationms="4.326" />

<concurrent-kickoff id="2244" timestamp="2019-07-02T19:36:51.331">
  <kickoff reason="threshold reached" targetBytes="1462569" thresholdFreeBytes="198335" remainingFree="191160" tenureFreeBytes="191160" />
</concurrent-kickoff>
<exclusive-start id="2245" timestamp="2019-07-02T19:36:51.331" intervalms="11.027">
  <response-info timems="0.117" idlems="0.068" threads="1" lastid="0000000000AB0100" lastname="Thread-8" />
</exclusive-start>
<cycle-start id="2246" type="global" contextid="0" timestamp="2019-07-02T19:36:51.331" intervalms="14.297" />
  <attribute name="GC Util" value="184" />
  <attribute name="CPU Util" value="26051153982105" />
  <attribute name="Time Running"value="2811"/>
  <attribute name="Number of cores"value="4"/>
<exclusive-end id="2247" timestamp="2019-07-02T19:36:51.331" durationms="0.177" />

<exclusive-start id="2248" timestamp="2019-07-02T19:36:51.332" intervalms="1.407">
  <response-info timems="0.023" idlems="0.023" threads="0" lastid="0000000000AB3D00" lastname="Thread-10" />
</exclusive-start>
<concurrent-collection-start id="2249" timestamp="2019-07-02T19:36:51.332" intervalms="34.402" >
  <concurrent-trace-info reason="card cleaning threshold reached" tracedByMutators="822176" tracedByHelpers="662588" cardsCleaned="19" workStackOverflowCount="0" />
</concurrent-collection-start>
<gc-start id="2250" type="global" contextid="2246" timestamp="2019-07-02T19:36:51.332">
  <mem-info id="2251" free="40320" total="11862016" percent="0">
    <mem type="tenure" free="40320" total="11862016" percent="0">
      <mem type="soa" free="40320" total="11744256" percent="0" />
      <mem type="loa" free="0" total="117760" percent="0" />
    </mem>
  </mem-info>
</gc-start>
<allocation-stats totalBytes="7406792" >
  <allocated-bytes non-tlh="0" tlh="7406792" />
  <largest-consumer threadName="Thread-8" threadId="0000000000AB0100" bytes="3984760" />
</allocation-stats>
<gc-op id="2252" type="card-cleaning" timems="0.471" contextid="2246" timestamp="2019-07-02T19:36:51.333">
  <card-cleaning cardsCleaned="2" bytesTraced="1520" workStackOverflowCount="0" />
</gc-op>
<gc-op id="2253" type="mark" timems="1.641" contextid="2246" timestamp="2019-07-02T19:36:51.335">
  <trace-info objectcount="19392" scancount="20236" scanbytes="799728" />
  <finalization candidates="124" enqueued="0" />
  <ownableSynchronizers candidates="3" cleared="0" />
  <references type="soft" candidates="84" cleared="0" enqueued="0" dynamicThreshold="20" maxThreshold="32" />
  <references type="weak" candidates="776" cleared="0" enqueued="0" />
  <references type="phantom" candidates="63" cleared="0" enqueued="0" />
  <stringconstants candidates="4574" cleared="0"  />
</gc-op>
<gc-op id="2254" type="sweep" timems="0.365" contextid="2246" timestamp="2019-07-02T19:36:51.335" />
<mem-info id="2255" free="7368880" total="11862016" percent="62">
  <mem type="tenure" free="7368880" total="11862016" percent="62" micro-fragmented="173220">
    <mem type="soa" free="7368880" total="11744256" percent="62" />
    <mem type="loa" free="0" total="117760" percent="0" />
  </mem>
</mem-info>
<gc-op id="2256" type="compact" timems="5.487" contextid="2246" timestamp="2019-07-02T19:36:51.341">
  <compact-info movecount="24303" movebytes="1079984" reason="compact to aid heap contraction" />
</gc-op>
<heap-resize id="2257" type="contract" space="tenure" amount="65536" count="1" timems="0.063" reason="excess free space following gc" timestamp="2019-07-02T19:36:51.341" />
<gc-end id="2258" type="global" contextid="2246" durationms="8.686" usertimems="16.000" systemtimems="0.000" timestamp="2019-07-02T19:36:51.341" activeThreads="4">
  <mem-info id="2259" free="7583208" total="11796480" percent="64">
    <mem type="tenure" free="7583208" total="11796480" percent="64">
      <mem type="soa" free="7517672" total="11678720" percent="64" />
      <mem type="loa" free="65536" total="117760" percent="55" />
    </mem>
  </mem-info>
</gc-end>
<cycle-end id="2260" type="global" contextid="2246" timestamp="2019-07-02T19:36:51.341">
  <attribute name="GC Util" value="8" />
  <attribute name="CPU Util" value="64367893352383" />
  <attribute name="Time Running"value="2823"/>
  <attribute name="Number of cores"value="4"/>
</cycle-end>
<concurrent-collection-end id="2261" timestamp="2019-07-02T19:36:51.341" />
<exclusive-end id="2262" timestamp="2019-07-02T19:36:51.341" durationms="9.050" />

<concurrent-kickoff id="2263" timestamp="2019-07-02T19:36:51.349">
  <kickoff reason="threshold reached" targetBytes="1450046" thresholdFreeBytes="197921" remainingFree="157160" tenureFreeBytes="157160" />
</concurrent-kickoff>
<exclusive-start id="2264" timestamp="2019-07-02T19:36:51.350" intervalms="17.674">
  <response-info timems="0.199" idlems="0.179" threads="2" lastid="0000000000ABB500" lastname="Thread-9" />
</exclusive-start>
<cycle-start id="2265" type="global" contextid="0" timestamp="2019-07-02T19:36:51.350" intervalms="19.095" />
  <attribute name="GC Util" value="8" />
  <attribute name="CPU Util" value="64367893352383" />
  <attribute name="Time Running"value="2823"/>
  <attribute name="Number of cores"value="4"/>
<exclusive-end id="2266" timestamp="2019-07-02T19:36:51.350" durationms="0.220" />

<exclusive-start id="2267" timestamp="2019-07-02T19:36:51.350" intervalms="0.492">
  <response-info timems="0.023" idlems="0.023" threads="0" lastid="0000000000AB0100" lastname="Thread-8" />
</exclusive-start>
<af-start id="2268" threadId="0000000000AB0A88" totalBytesRequested="40" timestamp="2019-07-02T19:36:51.350" intervalms="30.556" />
<concurrent-aborted id="2269" timestamp="2019-07-02T19:36:51.350">
  <reason value="insufficient progress made" />
</concurrent-aborted>
<cycle-end id="2270" type="global" contextid="2265" timestamp="2019-07-02T19:36:51.351">
  <attribute name="GC Util" value="8" />
  <attribute name="CPU Util" value="64367893352383" />
  <attribute name="Time Running"value="2823"/>
  <attribute name="Number of cores"value="4"/>
</cycle-end>
<cycle-start id="2271" type="global" contextid="0" timestamp="2019-07-02T19:36:51.351" intervalms="0.703" />
  <attribute name="GC Util" value="8" />
  <attribute name="CPU Util" value="64367893352383" />
  <attribute name="Time Running"value="2823"/>
  <attribute name="Number of cores"value="4"/>
<gc-start id="2272" type="global" contextid="2271" timestamp="2019-07-02T19:36:51.351">
  <mem-info id="2273" free="65536" total="11796480" percent="0">
    <mem type="tenure" free="65536" total="11796480" percent="0">
      <mem type="soa" free="0" total="11678720" percent="0" />
      <mem type="loa" free="65536" total="117760" percent="55" />
    </mem>
  </mem-info>
</gc-start>
<allocation-stats totalBytes="7516424" >
  <allocated-bytes non-tlh="0" tlh="7516424" />
  <largest-consumer threadName="Thread-10" threadId="0000000000AB3D00" bytes="4383616" />
</allocation-stats>
<gc-op id="2274" type="mark" timems="1.026" contextid="2271" timestamp="2019-07-02T19:36:51.352">
  <trace-info objectcount="66330" scancount="58740" scanbytes="2283516" />
  <finalization candidates="124" enqueued="0" />
  <ownableSynchronizers candidates="3" cleared="0" />
  <references type="soft" candidates="84" cleared="0" enqueued="0" dynamicThreshold="20" maxThreshold="32" />
  <references type="weak" candidates="776" cleared="0" enqueued="0" />
  <references type="phantom" candidates="63" cleared="0" enqueued="0" />
  <stringconstants candidates="4574" cleared="0"  />
</gc-op>
<gc-op id="2275" type="sweep" timems="0.323" contextid="2271" timestamp="2019-07-02T19:36:51.352" />
<heap-resize id="2276" type="contract" space="tenure" amount="65536" count="1" timems="0.071" reason="excess free space following gc" timestamp="2019-07-02T19:36:51.352" />
<gc-end id="2277" type="global" contextid="2271" durationms="1.704" usertimems="4.000" systemtimems="0.000" timestamp="2019-07-02T19:36:51.352" activeThreads="4">
  <mem-info id="2278" free="7380744" total="11730944" percent="62">
    <mem type="tenure" free="7380744" total="11730944" percent="62" micro-fragmented="31519">
      <mem type="soa" free="7380744" total="11614208" percent="63" />
      <mem type="loa" free="0" total="116736" percent="0" />
    </mem>
  </mem-info>
</gc-end>
<cycle-end id="2279" type="global" contextid="2271" timestamp="2019-07-02T19:36:51.352">
  <attribute name="GC Util" value="20" />
  <attribute name="CPU Util" value="93515821814260" />
  <attribute name="Time Running"value="2840"/>
  <attribute name="Number of cores"value="4"/>
</cycle-end>
<allocation-satisfied id="2280" threadId="0000000000AB0100" bytesRequested="40" />
<af-end id="2281" timestamp="2019-07-02T19:36:51.353" threadId="0000000000AB0A88" success="true" />
<exclusive-end id="2282" timestamp="2019-07-02T19:36:51.353" durationms="2.299" />

<concurrent-kickoff id="2283" timestamp="2019-07-02T19:36:51.359">
  <kickoff reason="threshold reached" targetBytes="1441991" thresholdFreeBytes="196823" remainingFree="160904" tenureFreeBytes="160904" />
</concurrent-kickoff>
<exclusive-start id="2284" timestamp="2019-07-02T19:36:51.359" intervalms="9.111">
  <response-info timems="0.034" idlems="0.015" threads="2" lastid="0000000000AB0100" lastname="Thread-8" />
</exclusive-start>
<cycle-start id="2285" type="global" contextid="0" timestamp="2019-07-02T19:36:51.360" intervalms="8.885" />
  <attribute name="GC Util" value="20" />
  <attribute name="CPU Util" value="93515821814260" />
  <attribute name="Time Running"value="2840"/>
  <attribute name="Number of cores"value="4"/>
<exclusive-end id="2286" timestamp="2019-07-02T19:36:51.360" durationms="0.175" />

<exclusive-start id="2287" timestamp="2019-07-02T19:36:51.361" intervalms="1.292">
  <response-info timems="0.021" idlems="0.021" threads="0" lastid="0000000000AB7900" lastname="Thread-7" />
</exclusive-start>
<af-start id="2288" threadId="0000000000AB8288" totalBytesRequested="24" timestamp="2019-07-02T19:36:51.361" intervalms="10.410" />
<gc-start id="2289" type="global" contextid="2285" timestamp="2019-07-02T19:36:51.361">
  <mem-info id="2290" free="0" total="11730944" percent="0">
    <mem type="tenure" free="0" total="11730944" percent="0">
      <mem type="soa" free="0" total="11614208" percent="0" />
      <mem type="loa" free="0" total="116736" percent="0" />
    </mem>
  </mem-info>
</gc-start>
<allocation-stats totalBytes="7376592" >
  <allocated-bytes non-tlh="0" tlh="7376592" />
  <largest-consumer threadName="Thread-10" threadId="0000000000AB3D00" bytes="3298200" />
</allocation-stats>
<concurrent-halted id="2291" timestamp="2019-07-02T19:36:51.361">
  <halted state="Class scanning incomplete" status="clean trace" />
  <traced bytesTarget="1441991" bytesTotal="1323556" bytesByMutator="593844" bytesByHelper="729712" percent="91" />
  <cards cleaned="0" thresholdBytes="77536" />
</concurrent-halted>
<gc-op id="2292" type="tracing" timems="0.197" contextid="2285" timestamp="2019-07-02T19:36:51.361">
  <trace bytesTraced="180736" workStackOverflowCount="0" />
</gc-op>
<gc-op id="2293" type="card-cleaning" timems="0.119" contextid="2285" timestamp="2019-07-02T19:36:51.361">
  <card-cleaning cardsCleaned="67" bytesTraced="43156" workStackOverflowCount="0" />
</gc-op>
<gc-op id="2294" type="mark" timems="0.600" contextid="2285" timestamp="2019-07-02T19:36:51.362">
  <trace-info objectcount="19606" scancount="20362" scanbytes="802632" />
  <finalization candidates="124" enqueued="0" />
  <ownableSynchronizers candidates="3" cleared="0" />
  <references type="soft" candidates="84" cleared="0" enqueued="0" dynamicThreshold="20" maxThreshold="32" />
  <references type="weak" candidates="776" cleared="0" enqueued="0" />
  <references type="phantom" candidates="63" cleared="0" enqueued="0" />
  <stringconstants candidates="4574" cleared="0"  />
</gc-op>
<gc-op id="2295" type="sweep" timems="0.317" contextid="2285" timestamp="2019-07-02T19:36:51.362" />
<heap-resize id="2296" type="contract" space="tenure" amount="65536" count="1" timems="0.080" reason="excess free space following gc" timestamp="2019-07-02T19:36:51.363" />
<gc-end id="2297" type="global" contextid="2285" durationms="1.766" usertimems="4.000" systemtimems="0.000" timestamp="2019-07-02T19:36:51.363" activeThreads="4">
  <mem-info id="2298" free="7209304" total="11665408" percent="61">
    <mem type="tenure" free="7209304" total="11665408" percent="61" micro-fragmented="96450">
      <mem type="soa" free="7209304" total="11549696" percent="62" />
      <mem type="loa" free="0" total="115712" percent="0" />
    </mem>
  </mem-info>
</gc-end>
<cycle-end id="2299" type="global" contextid="2285" timestamp="2019-07-02T19:36:51.363">
  <attribute name="GC Util" value="19" />
  <attribute name="CPU Util" value="81474592573376" />
  <attribute name="Time Running"value="2850"/>
  <attribute name="Number of cores"value="4"/>
</cycle-end>
<allocation-satisfied id="2300" threadId="0000000000AB7900" bytesRequested="24" />
<af-end id="2301" timestamp="2019-07-02T19:36:51.363" threadId="0000000000AB8288" success="true" />
<exclusive-end id="2302" timestamp="2019-07-02T19:36:51.363" durationms="2.137" />

<concurrent-kickoff id="2303" timestamp="2019-07-02T19:36:51.375">
  <kickoff reason="threshold reached" targetBytes="1430406" thresholdFreeBytes="195250" remainingFree="182232" tenureFreeBytes="182232" />
</concurrent-kickoff>
<exclusive-start id="2304" timestamp="2019-07-02T19:36:51.376" intervalms="14.819">
  <response-info timems="0.112" idlems="0.068" threads="1" lastid="0000000000ABB500" lastname="Thread-9" />
</exclusive-start>
<cycle-start id="2305" type="global" contextid="0" timestamp="2019-07-02T19:36:51.376" intervalms="16.137" />
  <attribute name="GC Util" value="19" />
  <attribute name="CPU Util" value="81474592573376" />
  <attribute name="Time Running"value="2850"/>
  <attribute name="Number of cores"value="4"/>
<exclusive-end id="2306" timestamp="2019-07-02T19:36:51.376" durationms="0.222" />

<exclusive-start id="2307" timestamp="2019-07-02T19:36:51.377" intervalms="1.747">
  <response-info timems="0.035" idlems="0.019" threads="1" lastid="0000000000ABB500" lastname="Thread-9" />
</exclusive-start>
<af-start id="2308" threadId="0000000000AB0A88" totalBytesRequested="40" timestamp="2019-07-02T19:36:51.377" intervalms="16.640" />
<gc-start id="2309" type="global" contextid="2305" timestamp="2019-07-02T19:36:51.378">
  <mem-info id="2310" free="0" total="11665408" percent="0">
    <mem type="tenure" free="0" total="11665408" percent="0">
      <mem type="soa" free="0" total="11549696" percent="0" />
      <mem type="loa" free="0" total="115712" percent="0" />
    </mem>
  </mem-info>
</gc-start>
<allocation-stats totalBytes="7199240" >
  <allocated-bytes non-tlh="0" tlh="7199240" />
  <largest-consumer threadName="Thread-10" threadId="0000000000AB3D00" bytes="2356480" />
</allocation-stats>
<concurrent-halted id="2311" timestamp="2019-07-02T19:36:51.378">
  <halted state="Complete" status="exhausted" />
  <traced bytesTarget="1430406" bytesTotal="1910996" bytesByMutator="1020588" bytesByHelper="890408" percent="133" />
  <cards cleaned="22" thresholdBytes="76916" />
</concurrent-halted>
<gc-op id="2312" type="card-cleaning" timems="0.124" contextid="2305" timestamp="2019-07-02T19:36:51.378">
  <card-cleaning cardsCleaned="2" bytesTraced="1652" workStackOverflowCount="0" />
</gc-op>
<gc-op id="2313" type="mark" timems="0.611" contextid="2305" timestamp="2019-07-02T19:36:51.379">
  <trace-info objectcount="10474" scancount="11252" scanbytes="445964" />
  <finalization candidates="124" enqueued="0" />
  <ownableSynchronizers candidates="3" cleared="0" />
  <references type="soft" candidates="84" cleared="0" enqueued="0" dynamicThreshold="19" maxThreshold="32" />
  <references type="weak" candidates="776" cleared="0" enqueued="0" />
  <references type="phantom" candidates="63" cleared="0" enqueued="0" />
  <stringconstants candidates="4574" cleared="0"  />
</gc-op>
<gc-op id="2314" type="sweep" timems="0.355" contextid="2305" timestamp="2019-07-02T19:36:51.379" />
<gc-end id="2315" type="global" contextid="2305" durationms="1.539" usertimems="4.000" systemtimems="0.000" timestamp="2019-07-02T19:36:51.379" activeThreads="4">
  <mem-info id="2316" free="7126952" total="11665408" percent="61">
    <mem type="tenure" free="7126952" total="11665408" percent="61" micro-fragmented="81967">
      <mem type="soa" free="7126952" total="11549696" percent="61" />
      <mem type="loa" free="0" total="115712" percent="0" />
    </mem>
  </mem-info>
</gc-end>
<cycle-end id="2317" type="global" contextid="2305" timestamp="2019-07-02T19:36:51.379">
  <attribute name="GC Util" value="17" />
  <attribute name="CPU Util" value="69584621456517" />
  <attribute name="Time Running"value="2867"/>
  <attribute name="Number of cores"value="4"/>
</cycle-end>
<allocation-satisfied id="2318" threadId="0000000000AB0100" bytesRequested="40" />
<af-end id="2319" timestamp="2019-07-02T19:36:51.379" threadId="0000000000AB0A88" success="true" />
<exclusive-end id="2320" timestamp="2019-07-02T19:36:51.379" durationms="2.014" />

<concurrent-kickoff id="2321" timestamp="2019-07-02T19:36:51.387">
  <kickoff reason="threshold reached" targetBytes="1518701" thresholdFreeBytes="207984" remainingFree="197728" tenureFreeBytes="197728" />
</concurrent-kickoff>
<exclusive-start id="2322" timestamp="2019-07-02T19:36:51.388" intervalms="10.266">
  <response-info timems="0.084" idlems="0.031" threads="2" lastid="0000000000AB7900" lastname="Thread-7" />
</exclusive-start>
<cycle-start id="2323" type="global" contextid="0" timestamp="2019-07-02T19:36:51.388" intervalms="11.990" />
  <attribute name="GC Util" value="17" />
  <attribute name="CPU Util" value="69584621456517" />
  <attribute name="Time Running"value="2867"/>
  <attribute name="Number of cores"value="4"/>
<exclusive-end id="2324" timestamp="2019-07-02T19:36:51.388" durationms="0.181" />

<exclusive-start id="2325" timestamp="2019-07-02T19:36:51.390" intervalms="1.995">
  <response-info timems="0.191" idlems="0.179" threads="1" lastid="0000000000AB3D00" lastname="Thread-10" />
</exclusive-start>
<af-start id="2326" threadId="0000000000AB8288" totalBytesRequested="40" timestamp="2019-07-02T19:36:51.390" intervalms="12.221" />
<gc-start id="2327" type="global" contextid="2323" timestamp="2019-07-02T19:36:51.390">
  <mem-info id="2328" free="0" total="11665408" percent="0">
    <mem type="tenure" free="0" total="11665408" percent="0">
      <mem type="soa" free="0" total="11549696" percent="0" />
      <mem type="loa" free="0" total="115712" percent="0" />
    </mem>
  </mem-info>
</gc-start>
<allocation-stats totalBytes="7112288" >
  <allocated-bytes non-tlh="0" tlh="7112288" />
  <largest-consumer threadName="Thread-10" threadId="0000000000AB3D00" bytes="2985680" />
</allocation-stats>
<concurrent-halted id="2329" timestamp="2019-07-02T19:36:51.390">
  <halted state="Complete" status="exhausted" />
  <traced bytesTarget="1518701" bytesTotal="1524484" bytesByMutator="598056" bytesByHelper="926428" percent="100" />
  <cards cleaned="26" thresholdBytes="81932" />
</concurrent-halted>
<gc-op id="2330" type="card-cleaning" timems="0.444" contextid="2323" timestamp="2019-07-02T19:36:51.390">
  <card-cleaning cardsCleaned="6" bytesTraced="2980" workStackOverflowCount="0" />
</gc-op>
<gc-op id="2331" type="mark" timems="1.241" contextid="2323" timestamp="2019-07-02T19:36:51.392">
  <trace-info objectcount="21475" scancount="22316" scanbytes="849480" />
  <finalization candidates="124" enqueued="0" />
  <ownableSynchronizers candidates="3" cleared="0" />
  <references type="soft" candidates="84" cleared="0" enqueued="0" dynamicThreshold="19" maxThreshold="32" />
  <references type="weak" candidates="776" cleared="0" enqueued="0" />
  <references type="phantom" candidates="63" cleared="0" enqueued="0" />
  <stringconstants candidates="4574" cleared="0"  />
</gc-op>
<gc-op id="2332" type="sweep" timems="0.781" contextid="2323" timestamp="2019-07-02T19:36:51.393" />
<gc-end id="2333" type="global" contextid="2323" durationms="2.835" usertimems="4.000" systemtimems="0.000" timestamp="2019-07-02T19:36:51.393" activeThreads="4">
  <mem-info id="2334" free="7106408" total="11665408" percent="60">
    <mem type="tenure" free="7106408" total="11665408" percent="60" micro-fragmented="117446">
      <mem type="soa" free="7042544" total="11549696" percent="60" />
      <mem type="loa" free="63864" total="115712" percent="55" />
    </mem>
  </mem-info>
</gc-end>
<cycle-end id="2335" type="global" contextid="2323" timestamp="2019-07-02T19:36:51.393">
  <attribute name="GC Util" value="218" />
  <attribute name="CPU Util" value="14031922346368" />
  <attribute name="Time Running"value="2880"/>
  <attribute name="Number of cores"value="4"/>
</cycle-end>
<allocation-satisfied id="2336" threadId="0000000000AB7900" bytesRequested="40" />
<af-end id="2337" timestamp="2019-07-02T19:36:51.393" threadId="0000000000AB8288" success="true" />
<exclusive-end id="2338" timestamp="2019-07-02T19:36:51.393" durationms="3.251" />

<concurrent-kickoff id="2339" timestamp="2019-07-02T19:36:51.402">
  <kickoff reason="threshold reached" targetBytes="1514280" thresholdFreeBytes="208142" remainingFree="195088" tenureFreeBytes="195088" />
</concurrent-kickoff>
<exclusive-start id="2340" timestamp="2019-07-02T19:36:51.402" intervalms="12.455">
  <response-info timems="0.253" idlems="0.210" threads="1" lastid="0000000000AB7900" lastname="Thread-7" />
</exclusive-start>
<cycle-start id="2341" type="global" contextid="0" timestamp="2019-07-02T19:36:51.402" intervalms="14.446" />
  <attribute name="GC Util" value="218" />
  <attribute name="CPU Util" value="14031922346368" />
  <attribute name="Time Running"value="2880"/>
  <attribute name="Number of cores"value="4"/>
<exclusive-end id="2342" timestamp="2019-07-02T19:36:51.402" durationms="0.165" />

<exclusive-start id="2343" timestamp="2019-07-02T19:36:51.403" intervalms="1.059">
  <response-info timems="0.022" idlems="0.022" threads="0" lastid="0000000000AB0100" lastname="Thread-8" />
</exclusive-start>
<af-start id="2344" threadId="0000000000AB0A88" totalBytesRequested="40" timestamp="2019-07-02T19:36:51.403" intervalms="13.515" />
<gc-start id="2345" type="global" contextid="2341" timestamp="2019-07-02T19:36:51.403">
  <mem-info id="2346" free="0" total="11665408" percent="0">
    <mem type="tenure" free="0" total="11665408" percent="0">
      <mem type="soa" free="0" total="11549696" percent="0" />
      <mem type="loa" free="0" total="115712" percent="0" />
    </mem>
  </mem-info>
</gc-start>
<allocation-stats totalBytes="7023928" >
  <allocated-bytes non-tlh="0" tlh="7023928" />
  <largest-consumer threadName="Thread-7" threadId="0000000000AB7900" bytes="3169528" />
</allocation-stats>
<concurrent-halted id="2347" timestamp="2019-07-02T19:36:51.404">
  <halted state="Class scanning incomplete" status="clean trace" />
  <traced bytesTarget="1514280" bytesTotal="1189532" bytesByMutator="783980" bytesByHelper="405552" percent="78" />
  <cards cleaned="23" thresholdBytes="81995" />
</concurrent-halted>
<gc-op id="2348" type="tracing" timems="0.203" contextid="2341" timestamp="2019-07-02T19:36:51.404">
  <trace bytesTraced="281104" workStackOverflowCount="0" />
</gc-op>
<gc-op id="2349" type="card-cleaning" timems="0.085" contextid="2341" timestamp="2019-07-02T19:36:51.404">
  <card-cleaning cardsCleaned="6" bytesTraced="1268" workStackOverflowCount="0" />
</gc-op>
<gc-op id="2350" type="mark" timems="0.719" contextid="2341" timestamp="2019-07-02T19:36:51.405">
  <trace-info objectcount="24718" scancount="23259" scanbytes="903380" />
  <finalization candidates="124" enqueued="0" />
  <ownableSynchronizers candidates="3" cleared="0" />
  <references type="soft" candidates="84" cleared="0" enqueued="0" dynamicThreshold="19" maxThreshold="32" />
  <references type="weak" candidates="776" cleared="0" enqueued="0" />
  <references type="phantom" candidates="63" cleared="0" enqueued="0" />
  <stringconstants candidates="4574" cleared="0"  />
</gc-op>
<gc-op id="2351" type="sweep" timems="0.336" contextid="2341" timestamp="2019-07-02T19:36:51.405" />
<gc-end id="2352" type="global" contextid="2341" durationms="1.822" usertimems="0.000" systemtimems="4.000" timestamp="2019-07-02T19:36:51.405" activeThreads="4">
  <mem-info id="2353" free="7014688" total="11665408" percent="60">
    <mem type="tenure" free="7014688" total="11665408" percent="60" micro-fragmented="54800">
      <mem type="soa" free="6963592" total="11549696" percent="60" />
      <mem type="loa" free="51096" total="115712" percent="44" />
    </mem>
  </mem-info>
</gc-end>
<cycle-end id="2354" type="global" contextid="2341" timestamp="2019-07-02T19:36:51.405">
  <attribute name="GC Util" value="166" />
  <attribute name="CPU Util" value="23345403343175" />
  <attribute name="Time Running"value="2893"/>
  <attribute name="Number of cores"value="4"/>
</cycle-end>
<allocation-satisfied id="2355" threadId="0000000000AB0100" bytesRequested="40" />
<af-end id="2356" timestamp="2019-07-02T19:36:51.405" threadId="0000000000AB0A88" success="true" />
<exclusive-end id="2357" timestamp="2019-07-02T19:36:51.405" durationms="2.386" />

<concurrent-kickoff id="2358" timestamp="2019-07-02T19:36:51.414">
  <kickoff reason="threshold reached" targetBytes="1471904" thresholdFreeBytes="203152" remainingFree="198544" tenureFreeBytes="186840" />
</concurrent-kickoff>
<exclusive-start id="2359" timestamp="2019-07-02T19:36:51.414" intervalms="11.172">
  <response-info timems="0.225" idlems="0.187" threads="2" lastid="0000000000AB7900" lastname="Thread-7" />
</exclusive-start>
<cycle-start id="2360" type="global" contextid="0" timestamp="2019-07-02T19:36:51.414" intervalms="12.235" />
  <attribute name="GC Util" value="166" />
  <attribute name="CPU Util" value="23345403343175" />
  <attribute name="Time Running"value="2893"/>
  <attribute name="Number of cores"value="4"/>
<exclusive-end id="2361" timestamp="2019-07-02T19:36:51.414" durationms="0.182" />

<exclusive-start id="2362" timestamp="2019-07-02T19:36:51.415" intervalms="1.160">
  <response-info timems="0.022" idlems="0.022" threads="0" lastid="0000000000AB3D00" lastname="Thread-10" />
</exclusive-start>
<af-start id="2363" threadId="0000000000AB4688" totalBytesRequested="24" timestamp="2019-07-02T19:36:51.415" intervalms="12.292" />
<gc-start id="2364" type="global" contextid="2360" timestamp="2019-07-02T19:36:51.416">
  <mem-info id="2365" free="0" total="11665408" percent="0">
    <mem type="tenure" free="0" total="11665408" percent="0">
      <mem type="soa" free="0" total="11549696" percent="0" />
      <mem type="loa" free="0" total="115712" percent="0" />
    </mem>
  </mem-info>
</gc-start>
<allocation-stats totalBytes="6941344" >
  <allocated-bytes non-tlh="23160" tlh="6918184" />
  <largest-consumer threadName="Thread-8" threadId="0000000000AB0100" bytes="2257920" />
</allocation-stats>
<concurrent-halted id="2366" timestamp="2019-07-02T19:36:51.416">
  <halted state="Class scanning incomplete" status="clean trace" />
  <traced bytesTarget="1471904" bytesTotal="1287792" bytesByMutator="784400" bytesByHelper="503392" percent="87" />
  <cards cleaned="27" thresholdBytes="80029" />
</concurrent-halted>
<gc-op id="2367" type="tracing" timems="0.319" contextid="2360" timestamp="2019-07-02T19:36:51.417">
  <trace bytesTraced="111456" workStackOverflowCount="0" />
</gc-op>
<gc-op id="2368" type="card-cleaning" timems="0.193" contextid="2360" timestamp="2019-07-02T19:36:51.417">
  <card-cleaning cardsCleaned="12" bytesTraced="3144" workStackOverflowCount="0" />
</gc-op>
<gc-op id="2369" type="mark" timems="1.405" contextid="2360" timestamp="2019-07-02T19:36:51.418">
  <trace-info objectcount="23103" scancount="22359" scanbytes="877776" />
  <finalization candidates="124" enqueued="0" />
  <ownableSynchronizers candidates="3" cleared="0" />
  <references type="soft" candidates="84" cleared="0" enqueued="0" dynamicThreshold="19" maxThreshold="32" />
  <references type="weak" candidates="776" cleared="0" enqueued="0" />
  <references type="phantom" candidates="63" cleared="0" enqueued="0" />
  <stringconstants candidates="4574" cleared="0"  />
</gc-op>
<gc-op id="2370" type="sweep" timems="0.289" contextid="2360" timestamp="2019-07-02T19:36:51.419" />
<gc-end id="2371" type="global" contextid="2360" durationms="2.732" usertimems="8.000" systemtimems="0.000" timestamp="2019-07-02T19:36:51.419" activeThreads="4">
  <mem-info id="2372" free="7009104" total="11665408" percent="60">
    <mem type="tenure" free="7009104" total="11665408" percent="60" micro-fragmented="154464">
      <mem type="soa" free="6968232" total="11549696" percent="60" />
      <mem type="loa" free="40872" total="115712" percent="35" />
    </mem>
  </mem-info>
</gc-end>
<cycle-end id="2373" type="global" contextid="2360" timestamp="2019-07-02T19:36:51.419">
  <attribute name="GC Util" value="198" />
  <attribute name="CPU Util" value="12457568568209" />
  <attribute name="Time Running"value="2906"/>
  <attribute name="Number of cores"value="4"/>
</cycle-end>
<allocation-satisfied id="2374" threadId="0000000000AB3D00" bytesRequested="24" />
<af-end id="2375" timestamp="2019-07-02T19:36:51.419" threadId="0000000000AB4688" success="true" />
<exclusive-end id="2376" timestamp="2019-07-02T19:36:51.419" durationms="3.559" />

<concurrent-kickoff id="2377" timestamp="2019-07-02T19:36:51.431">
  <kickoff reason="threshold reached" targetBytes="1402392" thresholdFreeBytes="193587" remainingFree="193456" tenureFreeBytes="193456" />
</concurrent-kickoff>
<exclusive-start id="2378" timestamp="2019-07-02T19:36:51.431" intervalms="15.533">
  <response-info timems="0.152" idlems="0.085" threads="2" lastid="0000000000AB7900" lastname="Thread-7" />
</exclusive-start>
<cycle-start id="2379" type="global" contextid="0" timestamp="2019-07-02T19:36:51.431" intervalms="16.729" />
  <attribute name="GC Util" value="198" />
  <attribute name="CPU Util" value="12457568568209" />
  <attribute name="Time Running"value="2906"/>
  <attribute name="Number of cores"value="4"/>
<exclusive-end id="2380" timestamp="2019-07-02T19:36:51.431" durationms="0.256" />

<exclusive-start id="2381" timestamp="2019-07-02T19:36:51.432" intervalms="1.148">
  <response-info timems="0.022" idlems="0.022" threads="0" lastid="0000000000AB3D00" lastname="Thread-10" />
</exclusive-start>
<af-start id="2382" threadId="0000000000AB4688" totalBytesRequested="40" timestamp="2019-07-02T19:36:51.432" intervalms="16.780" />
<gc-start id="2383" type="global" contextid="2379" timestamp="2019-07-02T19:36:51.433">
  <mem-info id="2384" free="0" total="11665408" percent="0">
    <mem type="tenure" free="0" total="11665408" percent="0">
      <mem type="soa" free="0" total="11549696" percent="0" />
      <mem type="loa" free="0" total="115712" percent="0" />
    </mem>
  </mem-info>
</gc-start>
<allocation-stats totalBytes="7012160" >
  <allocated-bytes non-tlh="0" tlh="7012160" />
  <largest-consumer threadName="Thread-10" threadId="0000000000AB3D00" bytes="3210560" />
</allocation-stats>
<concurrent-halted id="2385" timestamp="2019-07-02T19:36:51.433">
  <halted state="Class scanning incomplete" status="clean trace" />
  <traced bytesTarget="1402392" bytesTotal="1374600" bytesByMutator="785784" bytesByHelper="588816" percent="98" />
  <cards cleaned="0" thresholdBytes="76261" />
</concurrent-halted>
<gc-op id="2386" type="tracing" timems="0.468" contextid="2379" timestamp="2019-07-02T19:36:51.433">
  <trace bytesTraced="256792" workStackOverflowCount="0" />
</gc-op>
<gc-op id="2387" type="card-cleaning" timems="0.419" contextid="2379" timestamp="2019-07-02T19:36:51.434">
  <card-cleaning cardsCleaned="46" bytesTraced="25384" workStackOverflowCount="0" />
</gc-op>
<gc-op id="2388" type="mark" timems="1.351" contextid="2379" timestamp="2019-07-02T19:36:51.435">
  <trace-info objectcount="18955" scancount="17424" scanbytes="639632" />
  <finalization candidates="124" enqueued="0" />
  <ownableSynchronizers candidates="3" cleared="0" />
  <references type="soft" candidates="84" cleared="0" enqueued="0" dynamicThreshold="19" maxThreshold="32" />
  <references type="weak" candidates="776" cleared="0" enqueued="0" />
  <references type="phantom" candidates="63" cleared="0" enqueued="0" />
  <stringconstants candidates="4574" cleared="0"  />
</gc-op>
<gc-op id="2389" type="sweep" timems="1.052" contextid="2379" timestamp="2019-07-02T19:36:51.436" />
<heap-resize id="2390" type="expand" space="tenure" amount="1048576" count="1" timems="0.047" reason="excessive time being spent in gc" timestamp="2019-07-02T19:36:51.437" />
<gc-end id="2391" type="global" contextid="2379" durationms="4.006" usertimems="8.000" systemtimems="0.000" timestamp="2019-07-02T19:36:51.437" activeThreads="4">
  <mem-info id="2392" free="7945064" total="12713984" percent="62">
    <mem type="tenure" free="7945064" total="12713984" percent="62" micro-fragmented="169989">
      <mem type="soa" free="7818088" total="12587008" percent="62" />
      <mem type="loa" free="126976" total="126976" percent="100" />
    </mem>
  </mem-info>
</gc-end>
<cycle-end id="2393" type="global" contextid="2379" timestamp="2019-07-02T19:36:51.437">
  <attribute name="GC Util" value="160" />
  <attribute name="CPU Util" value="22666302930129" />
  <attribute name="Time Running"value="2924"/>
  <attribute name="Number of cores"value="4"/>
</cycle-end>
<allocation-satisfied id="2394" threadId="0000000000AB3D00" bytesRequested="40" />
<af-end id="2395" timestamp="2019-07-02T19:36:51.437" threadId="0000000000AB4688" success="true" />
<exclusive-end id="2396" timestamp="2019-07-02T19:36:51.437" durationms="4.819" />

<concurrent-kickoff id="2397" timestamp="2019-07-02T19:36:51.446">
  <kickoff reason="threshold reached" targetBytes="1563963" thresholdFreeBytes="215024" remainingFree="131072" tenureFreeBytes="131072" />
</concurrent-kickoff>
<exclusive-start id="2398" timestamp="2019-07-02T19:36:51.446" intervalms="13.869">
  <response-info timems="0.026" idlems="0.026" threads="0" lastid="0000000000AB3D00" lastname="Thread-10" />
</exclusive-start>
<cycle-start id="2399" type="global" contextid="0" timestamp="2019-07-02T19:36:51.446" intervalms="14.941" />
  <attribute name="GC Util" value="160" />
  <attribute name="CPU Util" value="22666302930129" />
  <attribute name="Time Running"value="2924"/>
  <attribute name="Number of cores"value="4"/>
<exclusive-end id="2400" timestamp="2019-07-02T19:36:51.446" durationms="0.103" />

<exclusive-start id="2401" timestamp="2019-07-02T19:36:51.446" intervalms="0.466">
  <response-info timems="0.026" idlems="0.026" threads="1" lastid="0000000000ABB500" lastname="Thread-9" />
</exclusive-start>
<af-start id="2402" threadId="0000000000AB8288" totalBytesRequested="40" timestamp="2019-07-02T19:36:51.446" intervalms="14.249" />
<concurrent-aborted id="2403" timestamp="2019-07-02T19:36:51.447">
  <reason value="insufficient progress made" />
</concurrent-aborted>
<cycle-end id="2404" type="global" contextid="2399" timestamp="2019-07-02T19:36:51.447">
  <attribute name="GC Util" value="160" />
  <attribute name="CPU Util" value="22666302930129" />
  <attribute name="Time Running"value="2924"/>
  <attribute name="Number of cores"value="4"/>
</cycle-end>
<cycle-start id="2405" type="global" contextid="0" timestamp="2019-07-02T19:36:51.447" intervalms="0.668" />
  <attribute name="GC Util" value="160" />
  <attribute name="CPU Util" value="22666302930129" />
  <attribute name="Time Running"value="2924"/>
  <attribute name="Number of cores"value="4"/>
<gc-start id="2406" type="global" contextid="2405" timestamp="2019-07-02T19:36:51.447">
  <mem-info id="2407" free="126976" total="12713984" percent="0">
    <mem type="tenure" free="126976" total="12713984" percent="0">
      <mem type="soa" free="0" total="12587008" percent="0" />
      <mem type="loa" free="126976" total="126976" percent="100" />
    </mem>
  </mem-info>
</gc-start>
<allocation-stats totalBytes="7812016" >
  <allocated-bytes non-tlh="0" tlh="7812016" />
  <largest-consumer threadName="Thread-10" threadId="0000000000AB3D00" bytes="2908088" />
</allocation-stats>
<gc-op id="2408" type="mark" timems="2.143" contextid="2405" timestamp="2019-07-02T19:36:51.449">
  <trace-info objectcount="66634" scancount="59060" scanbytes="2291140" />
  <finalization candidates="124" enqueued="0" />
  <ownableSynchronizers candidates="3" cleared="0" />
  <references type="soft" candidates="84" cleared="0" enqueued="0" dynamicThreshold="19" maxThreshold="32" />
  <references type="weak" candidates="776" cleared="0" enqueued="0" />
  <references type="phantom" candidates="63" cleared="0" enqueued="0" />
  <stringconstants candidates="4574" cleared="0"  />
</gc-op>
<gc-op id="2409" type="sweep" timems="0.681" contextid="2405" timestamp="2019-07-02T19:36:51.450" />
<gc-end id="2410" type="global" contextid="2405" durationms="3.086" usertimems="4.000" systemtimems="4.000" timestamp="2019-07-02T19:36:51.450" activeThreads="4">
  <mem-info id="2411" free="7884704" total="12713984" percent="62">
    <mem type="tenure" free="7884704" total="12713984" percent="62" micro-fragmented="176379">
      <mem type="soa" free="7856000" total="12587008" percent="62" />
      <mem type="loa" free="28704" total="126976" percent="22" />
    </mem>
  </mem-info>
</gc-end>
<cycle-end id="2412" type="global" contextid="2405" timestamp="2019-07-02T19:36:51.450">
  <attribute name="GC Util" value="258" />
  <attribute name="CPU Util" value="8370995383075" />
  <attribute name="Time Running"value="2937"/>
  <attribute name="Number of cores"value="4"/>
</cycle-end>
<allocation-satisfied id="2413" threadId="0000000000AB7900" bytesRequested="40" />
<af-end id="2414" timestamp="2019-07-02T19:36:51.450" threadId="0000000000AB8288" success="true" />
<exclusive-end id="2415" timestamp="2019-07-02T19:36:51.450" durationms="3.620" />

<concurrent-kickoff id="2416" timestamp="2019-07-02T19:36:51.459">
  <kickoff reason="threshold reached" targetBytes="1563963" thresholdFreeBytes="215024" remainingFree="186008" tenureFreeBytes="186008" />
</concurrent-kickoff>
<exclusive-start id="2417" timestamp="2019-07-02T19:36:51.459" intervalms="12.775">
  <response-info timems="0.072" idlems="0.042" threads="1" lastid="0000000000ABB500" lastname="Thread-9" />
</exclusive-start>
<cycle-start id="2418" type="global" contextid="0" timestamp="2019-07-02T19:36:51.459" intervalms="12.612" />
  <attribute name="GC Util" value="258" />
  <attribute name="CPU Util" value="8370995383075" />
  <attribute name="Time Running"value="2937"/>
  <attribute name="Number of cores"value="4"/>
<exclusive-end id="2419" timestamp="2019-07-02T19:36:51.459" durationms="0.163" />

<exclusive-start id="2420" timestamp="2019-07-02T19:36:51.460" intervalms="0.540">
  <response-info timems="0.025" idlems="0.025" threads="0" lastid="0000000000ABB500" lastname="Thread-9" />
</exclusive-start>
<af-start id="2421" threadId="0000000000ABBE88" totalBytesRequested="40" timestamp="2019-07-02T19:36:51.460" intervalms="13.307" />
<gc-start id="2422" type="global" contextid="2418" timestamp="2019-07-02T19:36:51.460">
  <mem-info id="2423" free="126976" total="12713984" percent="0">
    <mem type="tenure" free="126976" total="12713984" percent="0">
      <mem type="soa" free="0" total="12587008" percent="0" />
      <mem type="loa" free="126976" total="126976" percent="100" />
    </mem>
  </mem-info>
</gc-start>
<allocation-stats totalBytes="7839032" >
  <allocated-bytes non-tlh="0" tlh="7839032" />
  <largest-consumer threadName="Thread-10" threadId="0000000000AB3D00" bytes="2786472" />
</allocation-stats>
<concurrent-halted id="2424" timestamp="2019-07-02T19:36:51.460">
  <halted state="Class scanning incomplete" status="clean trace" />
  <traced bytesTarget="1563963" bytesTotal="377680" bytesByMutator="134460" bytesByHelper="243220" percent="24" />
  <cards cleaned="0" thresholdBytes="84706" />
</concurrent-halted>
<gc-op id="2425" type="tracing" timems="0.467" contextid="2418" timestamp="2019-07-02T19:36:51.461">
  <trace bytesTraced="1210692" workStackOverflowCount="0" />
</gc-op>
<gc-op id="2426" type="card-cleaning" timems="0.124" contextid="2418" timestamp="2019-07-02T19:36:51.461">
  <card-cleaning cardsCleaned="15" bytesTraced="16228" workStackOverflowCount="0" />
</gc-op>
<gc-op id="2427" type="mark" timems="0.891" contextid="2418" timestamp="2019-07-02T19:36:51.462">
  <trace-info objectcount="23122" scancount="19438" scanbytes="712844" />
  <finalization candidates="124" enqueued="0" />
  <ownableSynchronizers candidates="3" cleared="0" />
  <references type="soft" candidates="84" cleared="0" enqueued="0" dynamicThreshold="19" maxThreshold="32" />
  <references type="weak" candidates="776" cleared="0" enqueued="0" />
  <references type="phantom" candidates="63" cleared="0" enqueued="0" />
  <stringconstants candidates="4574" cleared="0"  />
</gc-op>
<gc-op id="2428" type="sweep" timems="0.355" contextid="2418" timestamp="2019-07-02T19:36:51.462" />
<gc-end id="2429" type="global" contextid="2418" durationms="2.276" usertimems="4.000" systemtimems="0.000" timestamp="2019-07-02T19:36:51.462" activeThreads="4">
  <mem-info id="2430" free="7793704" total="12713984" percent="61">
    <mem type="tenure" free="7793704" total="12713984" percent="61" micro-fragmented="229460">
      <mem type="soa" free="7745344" total="12587008" percent="61" />
      <mem type="loa" free="48360" total="126976" percent="38" />
    </mem>
  </mem-info>
</gc-end>
<cycle-end id="2431" type="global" contextid="2418" timestamp="2019-07-02T19:36:51.462">
  <attribute name="GC Util" value="164" />
  <attribute name="CPU Util" value="19205375514691" />
  <attribute name="Time Running"value="2950"/>
  <attribute name="Number of cores"value="4"/>
</cycle-end>
<allocation-satisfied id="2432" threadId="0000000000ABB500" bytesRequested="40" />
<af-end id="2433" timestamp="2019-07-02T19:36:51.462" threadId="0000000000ABBE88" success="true" />
<exclusive-end id="2434" timestamp="2019-07-02T19:36:51.462" durationms="2.718" />

<concurrent-kickoff id="2435" timestamp="2019-07-02T19:36:51.474">
  <kickoff reason="threshold reached" targetBytes="1604600" thresholdFreeBytes="221444" remainingFree="217840" tenureFreeBytes="217840" />
</concurrent-kickoff>
<exclusive-start id="2436" timestamp="2019-07-02T19:36:51.474" intervalms="14.207">
  <response-info timems="0.074" idlems="0.074" threads="0" lastid="0000000000ABB500" lastname="Thread-9" />
</exclusive-start>
<cycle-start id="2437" type="global" contextid="0" timestamp="2019-07-02T19:36:51.474" intervalms="14.718" />
  <attribute name="GC Util" value="164" />
  <attribute name="CPU Util" value="19205375514691" />
  <attribute name="Time Running"value="2950"/>
  <attribute name="Number of cores"value="4"/>
<exclusive-end id="2438" timestamp="2019-07-02T19:36:51.474" durationms="0.129" />

<exclusive-start id="2439" timestamp="2019-07-02T19:36:51.475" intervalms="1.289">
  <response-info timems="0.029" idlems="0.029" threads="0" lastid="0000000000AB3D00" lastname="Thread-10" />
</exclusive-start>
<af-start id="2440" threadId="0000000000AB4688" totalBytesRequested="40" timestamp="2019-07-02T19:36:51.475" intervalms="15.503" />
<gc-start id="2441" type="global" contextid="2437" timestamp="2019-07-02T19:36:51.476">
  <mem-info id="2442" free="126976" total="12713984" percent="0">
    <mem type="tenure" free="126976" total="12713984" percent="0">
      <mem type="soa" free="0" total="12587008" percent="0" />
      <mem type="loa" free="126976" total="126976" percent="100" />
    </mem>
  </mem-info>
</gc-start>
<allocation-stats totalBytes="7722000" >
  <allocated-bytes non-tlh="0" tlh="7722000" />
  <largest-consumer threadName="Thread-10" threadId="0000000000AB3D00" bytes="3381304" />
</allocation-stats>
<concurrent-halted id="2443" timestamp="2019-07-02T19:36:51.476">
  <halted state="Class scanning incomplete" status="clean trace" />
  <traced bytesTarget="1604600" bytesTotal="1524616" bytesByMutator="788384" bytesByHelper="736232" percent="95" />
  <cards cleaned="0" thresholdBytes="87235" />
</concurrent-halted>
<gc-op id="2444" type="tracing" timems="0.407" contextid="2437" timestamp="2019-07-02T19:36:51.476">
  <trace bytesTraced="367108" workStackOverflowCount="0" />
</gc-op>
<gc-op id="2445" type="card-cleaning" timems="0.265" contextid="2437" timestamp="2019-07-02T19:36:51.477">
  <card-cleaning cardsCleaned="16" bytesTraced="15360" workStackOverflowCount="0" />
</gc-op>
<gc-op id="2446" type="mark" timems="1.683" contextid="2437" timestamp="2019-07-02T19:36:51.478">
  <trace-info objectcount="10125" scancount="10881" scanbytes="436360" />
  <finalization candidates="124" enqueued="0" />
  <ownableSynchronizers candidates="3" cleared="0" />
  <references type="soft" candidates="84" cleared="0" enqueued="0" dynamicThreshold="19" maxThreshold="32" />
  <references type="weak" candidates="776" cleared="0" enqueued="0" />
  <references type="phantom" candidates="63" cleared="0" enqueued="0" />
  <stringconstants candidates="4574" cleared="0"  />
</gc-op>
<gc-op id="2447" type="sweep" timems="0.960" contextid="2437" timestamp="2019-07-02T19:36:51.479" />
<gc-end id="2448" type="global" contextid="2437" durationms="3.727" usertimems="8.000" systemtimems="0.000" timestamp="2019-07-02T19:36:51.479" activeThreads="4">
  <mem-info id="2449" free="7712832" total="12713984" percent="60">
    <mem type="tenure" free="7712832" total="12713984" percent="60" micro-fragmented="351035">
      <mem type="soa" free="7648744" total="12587008" percent="60" />
      <mem type="loa" free="64088" total="126976" percent="50" />
    </mem>
  </mem-info>
</gc-end>
<cycle-end id="2450" type="global" contextid="2437" timestamp="2019-07-02T19:36:51.479">
  <attribute name="GC Util" value="243" />
  <attribute name="CPU Util" value="10501271746696" />
  <attribute name="Time Running"value="2966"/>
  <attribute name="Number of cores"value="4"/>
</cycle-end>
<allocation-satisfied id="2451" threadId="0000000000AB3D00" bytesRequested="40" />
<af-end id="2452" timestamp="2019-07-02T19:36:51.480" threadId="0000000000AB4688" success="true" />
<exclusive-end id="2453" timestamp="2019-07-02T19:36:51.480" durationms="4.361" />

<concurrent-kickoff id="2454" timestamp="2019-07-02T19:36:51.492">
  <kickoff reason="threshold reached" targetBytes="1907084" thresholdFreeBytes="262510" remainingFree="255304" tenureFreeBytes="255304" />
</concurrent-kickoff>
<exclusive-start id="2455" timestamp="2019-07-02T19:36:51.492" intervalms="16.878">
  <response-info timems="0.131" idlems="0.088" threads="2" lastid="0000000000AB3D00" lastname="Thread-10" />
</exclusive-start>
<cycle-start id="2456" type="global" contextid="0" timestamp="2019-07-02T19:36:51.492" intervalms="18.176" />
  <attribute name="GC Util" value="243" />
  <attribute name="CPU Util" value="10501271746696" />
  <attribute name="Time Running"value="2966"/>
  <attribute name="Number of cores"value="4"/>
<exclusive-end id="2457" timestamp="2019-07-02T19:36:51.492" durationms="0.128" />

<exclusive-start id="2458" timestamp="2019-07-02T19:36:51.493" intervalms="1.292">
  <response-info timems="0.026" idlems="0.026" threads="0" lastid="0000000000ABB500" lastname="Thread-9" />
</exclusive-start>
<af-start id="2459" threadId="0000000000ABBE88" totalBytesRequested="40" timestamp="2019-07-02T19:36:51.493" intervalms="18.172" />
<gc-start id="2460" type="global" contextid="2456" timestamp="2019-07-02T19:36:51.494">
  <mem-info id="2461" free="126976" total="12713984" percent="0">
    <mem type="tenure" free="126976" total="12713984" percent="0">
      <mem type="soa" free="0" total="12587008" percent="0" />
      <mem type="loa" free="126976" total="126976" percent="100" />
    </mem>
  </mem-info>
</gc-start>
<allocation-stats totalBytes="7615640" >
  <allocated-bytes non-tlh="0" tlh="7615640" />
  <largest-consumer threadName="Thread-10" threadId="0000000000AB3D00" bytes="3599512" />
</allocation-stats>
<concurrent-halted id="2462" timestamp="2019-07-02T19:36:51.494">
  <halted state="Class scanning incomplete" status="clean trace" />
  <traced bytesTarget="1907084" bytesTotal="1289476" bytesByMutator="661700" bytesByHelper="627776" percent="67" />
  <cards cleaned="0" thresholdBytes="103412" />
</concurrent-halted>
<gc-op id="2463" type="tracing" timems="0.206" contextid="2456" timestamp="2019-07-02T19:36:51.494">
  <trace bytesTraced="188388" workStackOverflowCount="0" />
</gc-op>
<gc-op id="2464" type="card-cleaning" timems="0.124" contextid="2456" timestamp="2019-07-02T19:36:51.494">
  <card-cleaning cardsCleaned="13" bytesTraced="11776" workStackOverflowCount="0" />
</gc-op>
<gc-op id="2465" type="mark" timems="0.837" contextid="2456" timestamp="2019-07-02T19:36:51.495">
  <trace-info objectcount="22940" scancount="22232" scanbytes="862436" />
  <finalization candidates="124" enqueued="0" />
  <ownableSynchronizers candidates="3" cleared="0" />
  <references type="soft" candidates="84" cleared="0" enqueued="0" dynamicThreshold="19" maxThreshold="32" />
  <references type="weak" candidates="776" cleared="0" enqueued="0" />
  <references type="phantom" candidates="63" cleared="0" enqueued="0" />
  <stringconstants candidates="4574" cleared="0"  />
</gc-op>
<gc-op id="2466" type="sweep" timems="0.558" contextid="2456" timestamp="2019-07-02T19:36:51.496" />
<gc-end id="2467" type="global" contextid="2456" durationms="2.151" usertimems="8.000" systemtimems="0.000" timestamp="2019-07-02T19:36:51.496" activeThreads="4">
  <mem-info id="2468" free="7654000" total="12713984" percent="60">
    <mem type="tenure" free="7654000" total="12713984" percent="60" micro-fragmented="284765">
      <mem type="soa" free="7527024" total="12587008" percent="59" />
      <mem type="loa" free="126976" total="126976" percent="100" />
    </mem>
  </mem-info>
</gc-end>
<cycle-end id="2469" type="global" contextid="2456" timestamp="2019-07-02T19:36:51.496">
  <attribute name="GC Util" value="10" />
  <attribute name="CPU Util" value="39781891998919" />
  <attribute name="Time Running"value="2984"/>
  <attribute name="Number of cores"value="4"/>
</cycle-end>
<allocation-satisfied id="2470" threadId="0000000000ABB500" bytesRequested="40" />
<af-end id="2471" timestamp="2019-07-02T19:36:51.496" threadId="0000000000ABBE88" success="true" />
<exclusive-end id="2472" timestamp="2019-07-02T19:36:51.496" durationms="2.671" />

<concurrent-kickoff id="2473" timestamp="2019-07-02T19:36:51.505">
  <kickoff reason="threshold reached" targetBytes="1489640" thresholdFreeBytes="205888" remainingFree="195648" tenureFreeBytes="195648" />
</concurrent-kickoff>
<exclusive-start id="2474" timestamp="2019-07-02T19:36:51.505" intervalms="11.915">
  <response-info timems="0.092" idlems="0.054" threads="1" lastid="0000000000ABB500" lastname="Thread-9" />
</exclusive-start>
<cycle-start id="2475" type="global" contextid="0" timestamp="2019-07-02T19:36:51.505" intervalms="13.199" />
  <attribute name="GC Util" value="10" />
  <attribute name="CPU Util" value="39781891998919" />
  <attribute name="Time Running"value="2984"/>
  <attribute name="Number of cores"value="4"/>
<exclusive-end id="2476" timestamp="2019-07-02T19:36:51.505" durationms="0.117" />

<exclusive-start id="2477" timestamp="2019-07-02T19:36:51.506" intervalms="0.277">
  <response-info timems="0.024" idlems="0.024" threads="0" lastid="0000000000AB0100" lastname="Thread-8" />
</exclusive-start>
<af-start id="2478" threadId="0000000000AB0A88" totalBytesRequested="40" timestamp="2019-07-02T19:36:51.506" intervalms="12.182" />
<concurrent-aborted id="2479" timestamp="2019-07-02T19:36:51.506">
  <reason value="insufficient progress made" />
</concurrent-aborted>
<cycle-end id="2480" type="global" contextid="2475" timestamp="2019-07-02T19:36:51.506">
  <attribute name="GC Util" value="10" />
  <attribute name="CPU Util" value="39781891998919" />
  <attribute name="Time Running"value="2984"/>
  <attribute name="Number of cores"value="4"/>
</cycle-end>
<cycle-start id="2481" type="global" contextid="0" timestamp="2019-07-02T19:36:51.506" intervalms="0.427" />
  <attribute name="GC Util" value="10" />
  <attribute name="CPU Util" value="39781891998919" />
  <attribute name="Time Running"value="2984"/>
  <attribute name="Number of cores"value="4"/>
<gc-start id="2482" type="global" contextid="2481" timestamp="2019-07-02T19:36:51.506">
  <mem-info id="2483" free="126976" total="12713984" percent="0">
    <mem type="tenure" free="126976" total="12713984" percent="0">
      <mem type="soa" free="0" total="12587008" percent="0" />
      <mem type="loa" free="126976" total="126976" percent="100" />
    </mem>
  </mem-info>
</gc-start>
<allocation-stats totalBytes="7492344" >
  <allocated-bytes non-tlh="0" tlh="7492344" />
  <largest-consumer threadName="Thread-10" threadId="0000000000AB3D00" bytes="2637504" />
</allocation-stats>
<gc-op id="2484" type="mark" timems="1.162" contextid="2481" timestamp="2019-07-02T19:36:51.507">
  <trace-info objectcount="69206" scancount="61629" scanbytes="2352468" />
  <finalization candidates="124" enqueued="0" />
  <ownableSynchronizers candidates="3" cleared="0" />
  <references type="soft" candidates="84" cleared="0" enqueued="0" dynamicThreshold="19" maxThreshold="32" />
  <references type="weak" candidates="776" cleared="0" enqueued="0" />
  <references type="phantom" candidates="63" cleared="0" enqueued="0" />
  <stringconstants candidates="4574" cleared="0"  />
</gc-op>
<gc-op id="2485" type="sweep" timems="0.528" contextid="2481" timestamp="2019-07-02T19:36:51.508" />
<heap-resize id="2486" type="expand" space="tenure" amount="1048576" count="1" timems="0.071" reason="excessive time being spent in gc" timestamp="2019-07-02T19:36:51.508" />
<gc-end id="2487" type="global" contextid="2481" durationms="2.048" usertimems="8.000" systemtimems="0.000" timestamp="2019-07-02T19:36:51.508" activeThreads="4">
  <mem-info id="2488" free="8592520" total="13762560" percent="62">
    <mem type="tenure" free="8592520" total="13762560" percent="62" micro-fragmented="380113">
      <mem type="soa" free="8455304" total="13625344" percent="62" />
      <mem type="loa" free="137216" total="137216" percent="100" />
    </mem>
  </mem-info>
</gc-end>
<cycle-end id="2489" type="global" contextid="2481" timestamp="2019-07-02T19:36:51.508">
  <attribute name="GC Util" value="13" />
  <attribute name="CPU Util" value="46409938697271" />
  <attribute name="Time Running"value="2996"/>
  <attribute name="Number of cores"value="4"/>
</cycle-end>
<allocation-satisfied id="2490" threadId="0000000000AB0100" bytesRequested="40" />
<af-end id="2491" timestamp="2019-07-02T19:36:51.508" threadId="0000000000AB0A88" success="true" />
<exclusive-end id="2492" timestamp="2019-07-02T19:36:51.508" durationms="2.518" />

<concurrent-kickoff id="2493" timestamp="2019-07-02T19:36:51.518">
  <kickoff reason="threshold reached" targetBytes="1487120" thresholdFreeBytes="204965" remainingFree="180176" tenureFreeBytes="180176" />
</concurrent-kickoff>
<exclusive-start id="2494" timestamp="2019-07-02T19:36:51.519" intervalms="12.960">
  <response-info timems="0.029" idlems="0.029" threads="0" lastid="0000000000AB7900" lastname="Thread-7" />
</exclusive-start>
<cycle-start id="2495" type="global" contextid="0" timestamp="2019-07-02T19:36:51.519" intervalms="12.806" />
  <attribute name="GC Util" value="13" />
  <attribute name="CPU Util" value="46409938697271" />
  <attribute name="Time Running"value="2996"/>
  <attribute name="Number of cores"value="4"/>
<exclusive-end id="2496" timestamp="2019-07-02T19:36:51.519" durationms="0.118" />

<exclusive-start id="2497" timestamp="2019-07-02T19:36:51.519" intervalms="0.407">
  <response-info timems="0.023" idlems="0.023" threads="0" lastid="0000000000AB0100" lastname="Thread-8" />
</exclusive-start>
<af-start id="2498" threadId="0000000000AB0A88" totalBytesRequested="40" timestamp="2019-07-02T19:36:51.519" intervalms="13.370" />
<concurrent-aborted id="2499" timestamp="2019-07-02T19:36:51.519">
  <reason value="insufficient progress made" />
</concurrent-aborted>
<cycle-end id="2500" type="global" contextid="2495" timestamp="2019-07-02T19:36:51.519">
  <attribute name="GC Util" value="13" />
  <attribute name="CPU Util" value="46409938697271" />
  <attribute name="Time Running"value="2996"/>
  <attribute name="Number of cores"value="4"/>
</cycle-end>
<cycle-start id="2501" type="global" contextid="0" timestamp="2019-07-02T19:36:51.519" intervalms="0.567" />
  <attribute name="GC Util" value="13" />
  <attribute name="CPU Util" value="46409938697271" />
  <attribute name="Time Running"value="2996"/>
  <attribute name="Number of cores"value="4"/>
<gc-start id="2502" type="global" contextid="2501" timestamp="2019-07-02T19:36:51.519">
  <mem-info id="2503" free="137216" total="13762560" percent="0">
    <mem type="tenure" free="137216" total="13762560" percent="0">
      <mem type="soa" free="0" total="13625344" percent="0" />
      <mem type="loa" free="137216" total="137216" percent="100" />
    </mem>
  </mem-info>
</gc-start>
<allocation-stats totalBytes="8417376" >
  <allocated-bytes non-tlh="0" tlh="8417376" />
  <largest-consumer threadName="Thread-10" threadId="0000000000AB3D00" bytes="2895112" />
</allocation-stats>
<gc-op id="2504" type="mark" timems="1.194" contextid="2501" timestamp="2019-07-02T19:36:51.521">
  <trace-info objectcount="69760" scancount="62181" scanbytes="2365052" />
  <finalization candidates="124" enqueued="0" />
  <ownableSynchronizers candidates="3" cleared="0" />
  <references type="soft" candidates="84" cleared="0" enqueued="0" dynamicThreshold="19" maxThreshold="32" />
  <references type="weak" candidates="776" cleared="0" enqueued="0" />
  <references type="phantom" candidates="63" cleared="0" enqueued="0" />
  <stringconstants candidates="4574" cleared="0"  />
</gc-op>
<gc-op id="2505" type="sweep" timems="0.436" contextid="2501" timestamp="2019-07-02T19:36:51.521" />
<gc-end id="2506" type="global" contextid="2501" durationms="1.868" usertimems="8.000" systemtimems="0.000" timestamp="2019-07-02T19:36:51.521" activeThreads="4">
  <mem-info id="2507" free="8415368" total="13762560" percent="61">
    <mem type="tenure" free="8415368" total="13762560" percent="61" micro-fragmented="369688">
      <mem type="soa" free="8312944" total="13625344" percent="61" />
      <mem type="loa" free="102424" total="137216" percent="74" />
    </mem>
  </mem-info>
</gc-end>
<cycle-end id="2508" type="global" contextid="2501" timestamp="2019-07-02T19:36:51.521">
  <attribute name="GC Util" value="224" />
  <attribute name="CPU Util" value="14731314858813" />
  <attribute name="Time Running"value="3009"/>
  <attribute name="Number of cores"value="4"/>
</cycle-end>
<allocation-satisfied id="2509" threadId="0000000000AB0100" bytesRequested="40" />
<af-end id="2510" timestamp="2019-07-02T19:36:51.521" threadId="0000000000AB0A88" success="true" />
<exclusive-end id="2511" timestamp="2019-07-02T19:36:51.521" durationms="2.402" />

<concurrent-kickoff id="2512" timestamp="2019-07-02T19:36:51.532">
  <kickoff reason="threshold reached" targetBytes="1487120" thresholdFreeBytes="204965" remainingFree="134824" tenureFreeBytes="134824" />
</concurrent-kickoff>
<exclusive-start id="2513" timestamp="2019-07-02T19:36:51.532" intervalms="13.366">
  <response-info timems="0.083" idlems="0.048" threads="2" lastid="0000000000AB7900" lastname="Thread-7" />
</exclusive-start>
<cycle-start id="2514" type="global" contextid="0" timestamp="2019-07-02T19:36:51.532" intervalms="13.200" />
  <attribute name="GC Util" value="224" />
  <attribute name="CPU Util" value="14731314858813" />
  <attribute name="Time Running"value="3009"/>
  <attribute name="Number of cores"value="4"/>
<exclusive-end id="2515" timestamp="2019-07-02T19:36:51.532" durationms="0.116" />

<exclusive-start id="2516" timestamp="2019-07-02T19:36:51.533" intervalms="0.293">
  <response-info timems="0.024" idlems="0.013" threads="1" lastid="00000000008E4400" lastname="Concurrent Mark Helper" />
</exclusive-start>
<af-start id="2517" threadId="0000000000ABBE88" totalBytesRequested="24" timestamp="2019-07-02T19:36:51.533" intervalms="13.650" />
<concurrent-aborted id="2518" timestamp="2019-07-02T19:36:51.533">
  <reason value="insufficient progress made" />
</concurrent-aborted>
<cycle-end id="2519" type="global" contextid="2514" timestamp="2019-07-02T19:36:51.533">
  <attribute name="GC Util" value="14" />
  <attribute name="CPU Util" value="1519179795915" />
  <attribute name="Time Running"value="3021"/>
  <attribute name="Number of cores"value="4"/>
</cycle-end>
<cycle-start id="2520" type="global" contextid="0" timestamp="2019-07-02T19:36:51.533" intervalms="0.560" />
  <attribute name="GC Util" value="14" />
  <attribute name="CPU Util" value="1519179795915" />
  <attribute name="Time Running"value="3021"/>
  <attribute name="Number of cores"value="4"/>
<gc-start id="2521" type="global" contextid="2520" timestamp="2019-07-02T19:36:51.533">
  <mem-info id="2522" free="137216" total="13762560" percent="0">
    <mem type="tenure" free="137216" total="13762560" percent="0">
      <mem type="soa" free="0" total="13625344" percent="0" />
      <mem type="loa" free="137216" total="137216" percent="100" />
    </mem>
  </mem-info>
</gc-start>
<allocation-stats totalBytes="8271600" >
  <allocated-bytes non-tlh="0" tlh="8271600" />
  <largest-consumer threadName="Thread-10" threadId="0000000000AB3D00" bytes="2857856" />
</allocation-stats>
<gc-op id="2523" type="mark" timems="1.179" contextid="2520" timestamp="2019-07-02T19:36:51.534">
  <trace-info objectcount="70543" scancount="62989" scanbytes="2384412" />
  <finalization candidates="124" enqueued="0" />
  <ownableSynchronizers candidates="3" cleared="0" />
  <references type="soft" candidates="84" cleared="0" enqueued="0" dynamicThreshold="19" maxThreshold="32" />
  <references type="weak" candidates="776" cleared="0" enqueued="0" />
  <references type="phantom" candidates="63" cleared="0" enqueued="0" />
  <stringconstants candidates="4574" cleared="0"  />
</gc-op>
<gc-op id="2524" type="sweep" timems="0.440" contextid="2520" timestamp="2019-07-02T19:36:51.535" />
<gc-end id="2525" type="global" contextid="2520" durationms="1.885" usertimems="4.000" systemtimems="0.000" timestamp="2019-07-02T19:36:51.535" activeThreads="4">
  <mem-info id="2526" free="8264552" total="13762560" percent="60">
    <mem type="tenure" free="8264552" total="13762560" percent="60" micro-fragmented="418560">
      <mem type="soa" free="8155168" total="13625344" percent="59" />
      <mem type="loa" free="109384" total="137216" percent="79" />
    </mem>
  </mem-info>
</gc-end>
<cycle-end id="2527" type="global" contextid="2520" timestamp="2019-07-02T19:36:51.535">
  <attribute name="GC Util" value="229" />
  <attribute name="CPU Util" value="14753559252862" />
  <attribute name="Time Running"value="3022"/>
  <attribute name="Number of cores"value="4"/>
</cycle-end>
<allocation-satisfied id="2528" threadId="0000000000ABB500" bytesRequested="24" />
<af-end id="2529" timestamp="2019-07-02T19:36:51.535" threadId="0000000000ABBE88" success="true" />
<exclusive-end id="2530" timestamp="2019-07-02T19:36:51.535" durationms="2.478" />

<concurrent-kickoff id="2531" timestamp="2019-07-02T19:36:51.545">
  <kickoff reason="threshold reached" targetBytes="1487120" thresholdFreeBytes="204965" remainingFree="137960" tenureFreeBytes="137960" />
</concurrent-kickoff>
<exclusive-start id="2532" timestamp="2019-07-02T19:36:51.545" intervalms="12.637">
  <response-info timems="0.069" idlems="0.036" threads="1" lastid="0000000000AB0100" lastname="Thread-8" />
</exclusive-start>
<cycle-start id="2533" type="global" contextid="0" timestamp="2019-07-02T19:36:51.545" intervalms="12.374" />
  <attribute name="GC Util" value="229" />
  <attribute name="CPU Util" value="14753559252862" />
  <attribute name="Time Running"value="3022"/>
  <attribute name="Number of cores"value="4"/>
<exclusive-end id="2534" timestamp="2019-07-02T19:36:51.545" durationms="0.113" />

<exclusive-start id="2535" timestamp="2019-07-02T19:36:51.545" intervalms="0.262">
  <response-info timems="0.022" idlems="0.022" threads="0" lastid="0000000000ABB500" lastname="Thread-9" />
</exclusive-start>
<af-start id="2536" threadId="0000000000ABBE88" totalBytesRequested="24" timestamp="2019-07-02T19:36:51.546" intervalms="12.896" />
<gc-start id="2537" type="global" contextid="2533" timestamp="2019-07-02T19:36:51.546">
  <mem-info id="2538" free="137216" total="13762560" percent="0">
    <mem type="tenure" free="137216" total="13762560" percent="0">
      <mem type="soa" free="0" total="13625344" percent="0" />
      <mem type="loa" free="137216" total="137216" percent="100" />
    </mem>
  </mem-info>
</gc-start>
<allocation-stats totalBytes="8110256" >
  <allocated-bytes non-tlh="0" tlh="8110256" />
  <largest-consumer threadName="Thread-7" threadId="0000000000AB7900" bytes="2777648" />
</allocation-stats>
<concurrent-halted id="2539" timestamp="2019-07-02T19:36:51.546">
  <halted state="Class scanning incomplete" status="trace only" />
  <traced bytesTarget="1487120" bytesTotal="40100" bytesByMutator="6968" bytesByHelper="33132" percent="2" />
  <cards cleaned="0" thresholdBytes="80743" />
</concurrent-halted>
<gc-op id="2540" type="tracing" timems="0.617" contextid="2533" timestamp="2019-07-02T19:36:51.546">
  <trace bytesTraced="1567420" workStackOverflowCount="0" />
</gc-op>
<gc-op id="2541" type="card-cleaning" timems="0.101" contextid="2533" timestamp="2019-07-02T19:36:51.547">
  <card-cleaning cardsCleaned="6" bytesTraced="5824" workStackOverflowCount="0" />
</gc-op>
<gc-op id="2542" type="mark" timems="0.738" contextid="2533" timestamp="2019-07-02T19:36:51.547">
  <trace-info objectcount="26918" scancount="22399" scanbytes="793824" />
  <finalization candidates="124" enqueued="0" />
  <ownableSynchronizers candidates="3" cleared="0" />
  <references type="soft" candidates="84" cleared="0" enqueued="0" dynamicThreshold="19" maxThreshold="32" />
  <references type="weak" candidates="776" cleared="0" enqueued="0" />
  <references type="phantom" candidates="63" cleared="0" enqueued="0" />
  <stringconstants candidates="4574" cleared="0"  />
</gc-op>
<gc-op id="2543" type="sweep" timems="0.528" contextid="2533" timestamp="2019-07-02T19:36:51.548" />
<heap-resize id="2544" type="expand" space="tenure" amount="1048576" count="1" timems="0.082" reason="excessive time being spent in gc" timestamp="2019-07-02T19:36:51.548" />
<gc-end id="2545" type="global" contextid="2533" durationms="2.511" usertimems="4.000" systemtimems="0.000" timestamp="2019-07-02T19:36:51.548" activeThreads="4">
  <mem-info id="2546" free="9177912" total="14811136" percent="61">
    <mem type="tenure" free="9177912" total="14811136" percent="61" micro-fragmented="377993">
      <mem type="soa" free="9030456" total="14663680" percent="61" />
      <mem type="loa" free="147456" total="147456" percent="100" />
    </mem>
  </mem-info>
</gc-end>
<cycle-end id="2547" type="global" contextid="2533" timestamp="2019-07-02T19:36:51.548">
  <attribute name="GC Util" value="9" />
  <attribute name="CPU Util" value="42057280892704" />
  <attribute name="Time Running"value="3036"/>
  <attribute name="Number of cores"value="4"/>
</cycle-end>
<allocation-satisfied id="2548" threadId="0000000000ABB500" bytesRequested="24" />
<af-end id="2549" timestamp="2019-07-02T19:36:51.548" threadId="0000000000ABBE88" success="true" />
<exclusive-end id="2550" timestamp="2019-07-02T19:36:51.548" durationms="2.988" />

<concurrent-kickoff id="2551" timestamp="2019-07-02T19:36:51.559">
  <kickoff reason="threshold reached" targetBytes="1403426" thresholdFreeBytes="192366" remainingFree="147456" tenureFreeBytes="147456" />
</concurrent-kickoff>
<exclusive-start id="2552" timestamp="2019-07-02T19:36:51.559" intervalms="13.225">
  <response-info timems="0.028" idlems="0.028" threads="0" lastid="0000000000AB7900" lastname="Thread-7" />
</exclusive-start>
<cycle-start id="2553" type="global" contextid="0" timestamp="2019-07-02T19:36:51.559" intervalms="13.487" />
  <attribute name="GC Util" value="9" />
  <attribute name="CPU Util" value="42057280892704" />
  <attribute name="Time Running"value="3036"/>
  <attribute name="Number of cores"value="4"/>
<exclusive-end id="2554" timestamp="2019-07-02T19:36:51.559" durationms="0.117" />

<exclusive-start id="2555" timestamp="2019-07-02T19:36:51.559" intervalms="0.227">
  <response-info timems="0.026" idlems="0.026" threads="0" lastid="0000000000AB0100" lastname="Thread-8" />
</exclusive-start>
<af-start id="2556" threadId="0000000000AB0A88" totalBytesRequested="40" timestamp="2019-07-02T19:36:51.559" intervalms="13.456" />
<concurrent-aborted id="2557" timestamp="2019-07-02T19:36:51.559">
  <reason value="insufficient progress made" />
</concurrent-aborted>
<cycle-end id="2558" type="global" contextid="2553" timestamp="2019-07-02T19:36:51.559">
  <attribute name="GC Util" value="9" />
  <attribute name="CPU Util" value="42057280892704" />
  <attribute name="Time Running"value="3036"/>
  <attribute name="Number of cores"value="4"/>
</cycle-end>
<cycle-start id="2559" type="global" contextid="0" timestamp="2019-07-02T19:36:51.559" intervalms="0.377" />
  <attribute name="GC Util" value="9" />
  <attribute name="CPU Util" value="42057280892704" />
  <attribute name="Time Running"value="3036"/>
  <attribute name="Number of cores"value="4"/>
<gc-start id="2560" type="global" contextid="2559" timestamp="2019-07-02T19:36:51.559">
  <mem-info id="2561" free="147456" total="14811136" percent="0">
    <mem type="tenure" free="147456" total="14811136" percent="0">
      <mem type="soa" free="0" total="14663680" percent="0" />
      <mem type="loa" free="147456" total="147456" percent="100" />
    </mem>
  </mem-info>
</gc-start>
<allocation-stats totalBytes="8982736" >
  <allocated-bytes non-tlh="0" tlh="8982736" />
  <largest-consumer threadName="Thread-10" threadId="0000000000AB3D00" bytes="3184816" />
</allocation-stats>
<gc-op id="2562" type="mark" timems="1.138" contextid="2559" timestamp="2019-07-02T19:36:51.560">
  <trace-info objectcount="72237" scancount="64656" scanbytes="2425132" />
  <finalization candidates="124" enqueued="0" />
  <ownableSynchronizers candidates="3" cleared="0" />
  <references type="soft" candidates="84" cleared="0" enqueued="0" dynamicThreshold="19" maxThreshold="32" />
  <references type="weak" candidates="776" cleared="0" enqueued="0" />
  <references type="phantom" candidates="63" cleared="0" enqueued="0" />
  <stringconstants candidates="4574" cleared="0"  />
</gc-op>
<gc-op id="2563" type="sweep" timems="0.475" contextid="2559" timestamp="2019-07-02T19:36:51.561" />
<gc-end id="2564" type="global" contextid="2559" durationms="1.844" usertimems="4.000" systemtimems="0.000" timestamp="2019-07-02T19:36:51.561" activeThreads="4">
  <mem-info id="2565" free="8963440" total="14811136" percent="60">
    <mem type="tenure" free="8963440" total="14811136" percent="60" micro-fragmented="468875">
      <mem type="soa" free="8835128" total="14663680" percent="60" />
      <mem type="loa" free="128312" total="147456" percent="87" />
    </mem>
  </mem-info>
</gc-end>
<cycle-end id="2566" type="global" contextid="2559" timestamp="2019-07-02T19:36:51.561">
  <attribute name="GC Util" value="237" />
  <attribute name="CPU Util" value="15347679197576" />
  <attribute name="Time Running"value="3048"/>
  <attribute name="Number of cores"value="4"/>
</cycle-end>
<allocation-satisfied id="2567" threadId="0000000000AB0100" bytesRequested="40" />
<af-end id="2568" timestamp="2019-07-02T19:36:51.561" threadId="0000000000AB0A88" success="true" />
<exclusive-end id="2569" timestamp="2019-07-02T19:36:51.561" durationms="2.325" />

<concurrent-kickoff id="2570" timestamp="2019-07-02T19:36:51.573">
  <kickoff reason="threshold reached" targetBytes="1403426" thresholdFreeBytes="192366" remainingFree="128312" tenureFreeBytes="128312" />
</concurrent-kickoff>
<exclusive-start id="2571" timestamp="2019-07-02T19:36:51.573" intervalms="13.962">
  <response-info timems="0.130" idlems="0.078" threads="1" lastid="0000000000AB0100" lastname="Thread-8" />
</exclusive-start>
<af-start id="2572" threadId="0000000000AB4688" totalBytesRequested="40" timestamp="2019-07-02T19:36:51.573" intervalms="13.966" />
<concurrent-aborted id="2573" timestamp="2019-07-02T19:36:51.573">
  <reason value="insufficient progress made" />
</concurrent-aborted>
<cycle-end id="2574" type="global" contextid="2553" timestamp="2019-07-02T19:36:51.573">
  <attribute name="GC Util" value="13" />
  <attribute name="CPU Util" value="1470959605399" />
  <attribute name="Time Running"value="3061"/>
  <attribute name="Number of cores"value="4"/>
</cycle-end>
<cycle-start id="2575" type="global" contextid="0" timestamp="2019-07-02T19:36:51.573" intervalms="14.274" />
  <attribute name="GC Util" value="13" />
  <attribute name="CPU Util" value="1470959605399" />
  <attribute name="Time Running"value="3061"/>
  <attribute name="Number of cores"value="4"/>
<gc-start id="2576" type="global" contextid="2575" timestamp="2019-07-02T19:36:51.573">
  <mem-info id="2577" free="147456" total="14811136" percent="0">
    <mem type="tenure" free="147456" total="14811136" percent="0">
      <mem type="soa" free="0" total="14663680" percent="0" />
      <mem type="loa" free="147456" total="147456" percent="100" />
    </mem>
  </mem-info>
</gc-start>
<allocation-stats totalBytes="8783880" >
  <allocated-bytes non-tlh="0" tlh="8783880" />
  <largest-consumer threadName="Thread-7" threadId="0000000000AB7900" bytes="3164968" />
</allocation-stats>
<gc-op id="2578" type="mark" timems="1.755" contextid="2575" timestamp="2019-07-02T19:36:51.575">
  <trace-info objectcount="73002" scancount="65439" scanbytes="2443764" />
  <finalization candidates="124" enqueued="0" />
  <ownableSynchronizers candidates="3" cleared="0" />
  <references type="soft" candidates="84" cleared="0" enqueued="0" dynamicThreshold="19" maxThreshold="32" />
  <references type="weak" candidates="776" cleared="0" enqueued="0" />
  <references type="phantom" candidates="63" cleared="0" enqueued="0" />
  <stringconstants candidates="4574" cleared="0"  />
</gc-op>
<gc-op id="2579" type="sweep" timems="1.273" contextid="2575" timestamp="2019-07-02T19:36:51.577" />
<heap-resize id="2580" type="expand" space="tenure" amount="1048576" count="1" timems="0.097" reason="excessive time being spent in gc" timestamp="2019-07-02T19:36:51.577" />
<gc-end id="2581" type="global" contextid="2575" durationms="3.419" usertimems="8.000" systemtimems="0.000" timestamp="2019-07-02T19:36:51.577" activeThreads="4">
  <mem-info id="2582" free="9824400" total="15859712" percent="61">
    <mem type="tenure" free="9824400" total="15859712" percent="61" micro-fragmented="666284">
      <mem type="soa" free="9666704" total="15702016" percent="61" />
      <mem type="loa" free="157696" total="157696" percent="100" />
    </mem>
  </mem-info>
</gc-end>
<cycle-end id="2583" type="global" contextid="2575" timestamp="2019-07-02T19:36:51.577">
  <attribute name="GC Util" value="117" />
  <attribute name="CPU Util" value="18125309728340" />
  <attribute name="Time Running"value="3064"/>
  <attribute name="Number of cores"value="4"/>
</cycle-end>
<allocation-satisfied id="2584" threadId="0000000000AB3D00" bytesRequested="40" />
<af-end id="2585" timestamp="2019-07-02T19:36:51.577" threadId="0000000000AB4688" success="true" />
<exclusive-end id="2586" timestamp="2019-07-02T19:36:51.577" durationms="4.210" />

<concurrent-kickoff id="2587" timestamp="2019-07-02T19:36:51.589">
  <kickoff reason="threshold reached" targetBytes="1502783" thresholdFreeBytes="205984" remainingFree="157696" tenureFreeBytes="157696" />
</concurrent-kickoff>
<exclusive-start id="2588" timestamp="2019-07-02T19:36:51.589" intervalms="15.979">
  <response-info timems="0.034" idlems="0.034" threads="0" lastid="0000000000AB7900" lastname="Thread-7" />
</exclusive-start>
<cycle-start id="2589" type="global" contextid="0" timestamp="2019-07-02T19:36:51.589" intervalms="15.521" />
  <attribute name="GC Util" value="117" />
  <attribute name="CPU Util" value="18125309728340" />
  <attribute name="Time Running"value="3064"/>
  <attribute name="Number of cores"value="4"/>
<exclusive-end id="2590" timestamp="2019-07-02T19:36:51.589" durationms="0.126" />

<exclusive-start id="2591" timestamp="2019-07-02T19:36:51.589" intervalms="0.289">
  <response-info timems="0.027" idlems="0.027" threads="0" lastid="0000000000AB0100" lastname="Thread-8" />
</exclusive-start>
<af-start id="2592" threadId="0000000000AB0A88" totalBytesRequested="40" timestamp="2019-07-02T19:36:51.589" intervalms="16.275" />
<concurrent-aborted id="2593" timestamp="2019-07-02T19:36:51.589">
  <reason value="insufficient progress made" />
</concurrent-aborted>
<cycle-end id="2594" type="global" contextid="2589" timestamp="2019-07-02T19:36:51.589">
  <attribute name="GC Util" value="117" />
  <attribute name="CPU Util" value="18125309728340" />
  <attribute name="Time Running"value="3064"/>
  <attribute name="Number of cores"value="4"/>
</cycle-end>
<cycle-start id="2595" type="global" contextid="0" timestamp="2019-07-02T19:36:51.589" intervalms="0.455" />
  <attribute name="GC Util" value="117" />
  <attribute name="CPU Util" value="18125309728340" />
  <attribute name="Time Running"value="3064"/>
  <attribute name="Number of cores"value="4"/>
<gc-start id="2596" type="global" contextid="2595" timestamp="2019-07-02T19:36:51.589">
  <mem-info id="2597" free="157696" total="15859712" percent="0">
    <mem type="tenure" free="157696" total="15859712" percent="0">
      <mem type="soa" free="0" total="15702016" percent="0" />
      <mem type="loa" free="157696" total="157696" percent="100" />
    </mem>
  </mem-info>
</gc-start>
<allocation-stats totalBytes="9614264" >
  <allocated-bytes non-tlh="23160" tlh="9591104" />
  <largest-consumer threadName="Thread-10" threadId="0000000000AB3D00" bytes="3591544" />
</allocation-stats>
<gc-op id="2598" type="mark" timems="1.245" contextid="2595" timestamp="2019-07-02T19:36:51.591">
  <trace-info objectcount="69181" scancount="61610" scanbytes="2351596" />
  <finalization candidates="124" enqueued="0" />
  <ownableSynchronizers candidates="3" cleared="0" />
  <references type="soft" candidates="84" cleared="0" enqueued="0" dynamicThreshold="19" maxThreshold="32" />
  <references type="weak" candidates="776" cleared="0" enqueued="0" />
  <references type="phantom" candidates="63" cleared="0" enqueued="0" />
  <stringconstants candidates="4574" cleared="0"  />
</gc-op>
<gc-op id="2599" type="sweep" timems="0.480" contextid="2595" timestamp="2019-07-02T19:36:51.591" />
<gc-end id="2600" type="global" contextid="2595" durationms="1.969" usertimems="4.000" systemtimems="0.000" timestamp="2019-07-02T19:36:51.591" activeThreads="4">
  <mem-info id="2601" free="10714704" total="15859712" percent="67">
    <mem type="tenure" free="10714704" total="15859712" percent="67" micro-fragmented="229895">
      <mem type="soa" free="10570112" total="15702016" percent="67" />
      <mem type="loa" free="144592" total="157696" percent="91" />
    </mem>
  </mem-info>
</gc-end>
<cycle-end id="2602" type="global" contextid="2595" timestamp="2019-07-02T19:36:51.592">
  <attribute name="GC Util" value="228" />
  <attribute name="CPU Util" value="14198737336717" />
  <attribute name="Time Running"value="3079"/>
  <attribute name="Number of cores"value="4"/>
</cycle-end>
<allocation-satisfied id="2603" threadId="0000000000AB0100" bytesRequested="40" />
<af-end id="2604" timestamp="2019-07-02T19:36:51.592" threadId="0000000000AB0A88" success="true" />
<exclusive-end id="2605" timestamp="2019-07-02T19:36:51.592" durationms="2.487" />

<concurrent-kickoff id="2606" timestamp="2019-07-02T19:36:51.602">
  <kickoff reason="threshold reached" targetBytes="1502783" thresholdFreeBytes="205984" remainingFree="144592" tenureFreeBytes="144592" />
</concurrent-kickoff>
<exclusive-start id="2607" timestamp="2019-07-02T19:36:51.602" intervalms="12.738">
  <response-info timems="0.108" idlems="0.059" threads="2" lastid="0000000000AB7900" lastname="Thread-7" />
</exclusive-start>
<af-start id="2608" threadId="0000000000ABBE88" totalBytesRequested="24" timestamp="2019-07-02T19:36:51.602" intervalms="12.727" />
<concurrent-aborted id="2609" timestamp="2019-07-02T19:36:51.602">
  <reason value="insufficient progress made" />
</concurrent-aborted>
<cycle-end id="2610" type="global" contextid="2589" timestamp="2019-07-02T19:36:51.602">
  <attribute name="GC Util" value="15" />
  <attribute name="CPU Util" value="1654638948807" />
  <attribute name="Time Running"value="3090"/>
  <attribute name="Number of cores"value="4"/>
</cycle-end>
<cycle-start id="2611" type="global" contextid="0" timestamp="2019-07-02T19:36:51.602" intervalms="12.833" />
  <attribute name="GC Util" value="15" />
  <attribute name="CPU Util" value="1654638948807" />
  <attribute name="Time Running"value="3090"/>
  <attribute name="Number of cores"value="4"/>
<gc-start id="2612" type="global" contextid="2611" timestamp="2019-07-02T19:36:51.602">
  <mem-info id="2613" free="157696" total="15859712" percent="0">
    <mem type="tenure" free="157696" total="15859712" percent="0">
      <mem type="soa" free="0" total="15702016" percent="0" />
      <mem type="loa" free="157696" total="157696" percent="100" />
    </mem>
  </mem-info>
</gc-start>
<allocation-stats totalBytes="10523152" >
  <allocated-bytes non-tlh="23160" tlh="10499992" />
  <largest-consumer threadName="Thread-7" threadId="0000000000AB7900" bytes="3632192" />
</allocation-stats>
<gc-op id="2614" type="mark" timems="1.154" contextid="2611" timestamp="2019-07-02T19:36:51.604">
  <trace-info objectcount="65551" scancount="57976" scanbytes="2264084" />
  <finalization candidates="124" enqueued="0" />
  <ownableSynchronizers candidates="3" cleared="0" />
  <references type="soft" candidates="84" cleared="0" enqueued="0" dynamicThreshold="21" maxThreshold="32" />
  <references type="weak" candidates="776" cleared="0" enqueued="0" />
  <references type="phantom" candidates="63" cleared="0" enqueued="0" />
  <stringconstants candidates="4574" cleared="0"  />
</gc-op>
<gc-op id="2615" type="sweep" timems="0.394" contextid="2611" timestamp="2019-07-02T19:36:51.604" />
<gc-end id="2616" type="global" contextid="2611" durationms="1.782" usertimems="4.000" systemtimems="0.000" timestamp="2019-07-02T19:36:51.604" activeThreads="4">
  <mem-info id="2617" free="11199616" total="15859712" percent="70">
    <mem type="tenure" free="11199616" total="15859712" percent="70" micro-fragmented="141337">
      <mem type="soa" free="11052400" total="15702016" percent="70" />
      <mem type="loa" free="147216" total="157696" percent="93" />
    </mem>
  </mem-info>
</gc-end>
<cycle-end id="2618" type="global" contextid="2611" timestamp="2019-07-02T19:36:51.604">
  <attribute name="GC Util" value="226" />
  <attribute name="CPU Util" value="15086670818731" />
  <attribute name="Time Running"value="3092"/>
  <attribute name="Number of cores"value="4"/>
</cycle-end>
<allocation-satisfied id="2619" threadId="0000000000ABB500" bytesRequested="24" />
<af-end id="2620" timestamp="2019-07-02T19:36:51.604" threadId="0000000000ABBE88" success="true" />
<exclusive-end id="2621" timestamp="2019-07-02T19:36:51.604" durationms="2.566" />

<concurrent-kickoff id="2622" timestamp="2019-07-02T19:36:51.615">
  <kickoff reason="threshold reached" targetBytes="1502783" thresholdFreeBytes="205984" remainingFree="147216" tenureFreeBytes="147216" />
</concurrent-kickoff>
<exclusive-start id="2623" timestamp="2019-07-02T19:36:51.615" intervalms="13.421">
  <response-info timems="0.072" idlems="0.035" threads="2" lastid="0000000000AB3D00" lastname="Thread-10" />
</exclusive-start>
<af-start id="2624" threadId="0000000000ABBE88" totalBytesRequested="40" timestamp="2019-07-02T19:36:51.615" intervalms="13.420" />
<concurrent-aborted id="2625" timestamp="2019-07-02T19:36:51.616">
  <reason value="insufficient progress made" />
</concurrent-aborted>
<cycle-end id="2626" type="global" contextid="2589" timestamp="2019-07-02T19:36:51.616">
  <attribute name="GC Util" value="14" />
  <attribute name="CPU Util" value="1558172318407" />
  <attribute name="Time Running"value="3103"/>
  <attribute name="Number of cores"value="4"/>
</cycle-end>
<cycle-start id="2627" type="global" contextid="0" timestamp="2019-07-02T19:36:51.616" intervalms="13.418" />
  <attribute name="GC Util" value="14" />
  <attribute name="CPU Util" value="1558172318407" />
  <attribute name="Time Running"value="3103"/>
  <attribute name="Number of cores"value="4"/>
<gc-start id="2628" type="global" contextid="2627" timestamp="2019-07-02T19:36:51.616">
  <mem-info id="2629" free="157696" total="15859712" percent="0">
    <mem type="tenure" free="157696" total="15859712" percent="0">
      <mem type="soa" free="0" total="15702016" percent="0" />
      <mem type="loa" free="157696" total="157696" percent="100" />
    </mem>
  </mem-info>
</gc-start>
<allocation-stats totalBytes="11075584" >
  <allocated-bytes non-tlh="0" tlh="11075584" />
  <largest-consumer threadName="Thread-10" threadId="0000000000AB3D00" bytes="3766664" />
</allocation-stats>
<gc-op id="2630" type="mark" timems="1.143" contextid="2627" timestamp="2019-07-02T19:36:51.617">
  <trace-info objectcount="67290" scancount="59703" scanbytes="2306116" />
  <finalization candidates="124" enqueued="0" />
  <ownableSynchronizers candidates="3" cleared="0" />
  <references type="soft" candidates="84" cleared="0" enqueued="0" dynamicThreshold="22" maxThreshold="32" />
  <references type="weak" candidates="776" cleared="0" enqueued="0" />
  <references type="phantom" candidates="63" cleared="0" enqueued="0" />
  <stringconstants candidates="4574" cleared="0"  />
</gc-op>
<gc-op id="2631" type="sweep" timems="0.588" contextid="2627" timestamp="2019-07-02T19:36:51.618" />
<heap-resize id="2632" type="contract" space="tenure" amount="131072" count="1" timems="0.084" reason="excess free space following gc" timestamp="2019-07-02T19:36:51.618" />
<gc-end id="2633" type="global" contextid="2627" durationms="2.108" usertimems="4.000" systemtimems="4.000" timestamp="2019-07-02T19:36:51.618" activeThreads="4">
  <mem-info id="2634" free="10894432" total="15728640" percent="69">
    <mem type="tenure" free="10894432" total="15728640" percent="69" micro-fragmented="228592">
      <mem type="soa" free="10802728" total="15571968" percent="69" />
      <mem type="loa" free="91704" total="156672" percent="58" />
    </mem>
  </mem-info>
</gc-end>
<cycle-end id="2635" type="global" contextid="2627" timestamp="2019-07-02T19:36:51.618">
  <attribute name="GC Util" value="11" />
  <attribute name="CPU Util" value="42154350936185" />
  <attribute name="Time Running"value="3105"/>
  <attribute name="Number of cores"value="4"/>
</cycle-end>
<allocation-satisfied id="2636" threadId="0000000000ABB500" bytesRequested="40" />
<af-end id="2637" timestamp="2019-07-02T19:36:51.618" threadId="0000000000ABBE88" success="true" />
<exclusive-end id="2638" timestamp="2019-07-02T19:36:51.618" durationms="2.686" />

<concurrent-kickoff id="2639" timestamp="2019-07-02T19:36:51.629">
  <kickoff reason="threshold reached" targetBytes="1490364" thresholdFreeBytes="204283" remainingFree="198112" tenureFreeBytes="198112" />
</concurrent-kickoff>
<exclusive-start id="2640" timestamp="2019-07-02T19:36:51.629" intervalms="13.864">
  <response-info timems="0.064" idlems="0.036" threads="1" lastid="0000000000ABB500" lastname="Thread-9" />
</exclusive-start>
<cycle-start id="2641" type="global" contextid="0" timestamp="2019-07-02T19:36:51.629" intervalms="13.610" />
  <attribute name="GC Util" value="11" />
  <attribute name="CPU Util" value="42154350936185" />
  <attribute name="Time Running"value="3105"/>
  <attribute name="Number of cores"value="4"/>
<exclusive-end id="2642" timestamp="2019-07-02T19:36:51.629" durationms="0.124" />

<exclusive-start id="2643" timestamp="2019-07-02T19:36:51.630" intervalms="0.673">
  <response-info timems="0.027" idlems="0.027" threads="0" lastid="0000000000AB3D00" lastname="Thread-10" />
</exclusive-start>
<af-start id="2644" threadId="0000000000AB4688" totalBytesRequested="40" timestamp="2019-07-02T19:36:51.630" intervalms="14.544" />
<gc-start id="2645" type="global" contextid="2641" timestamp="2019-07-02T19:36:51.630">
  <mem-info id="2646" free="91704" total="15728640" percent="0">
    <mem type="tenure" free="91704" total="15728640" percent="0">
      <mem type="soa" free="0" total="15571968" percent="0" />
      <mem type="loa" free="91704" total="156672" percent="58" />
    </mem>
  </mem-info>
</gc-start>
<allocation-stats totalBytes="10757712" >
  <allocated-bytes non-tlh="0" tlh="10757712" />
  <largest-consumer threadName="Thread-10" threadId="0000000000AB3D00" bytes="4035160" />
</allocation-stats>
<concurrent-halted id="2647" timestamp="2019-07-02T19:36:51.630">
  <halted state="Class scanning incomplete" status="trace only" />
  <traced bytesTarget="1490364" bytesTotal="804916" bytesByMutator="445700" bytesByHelper="359216" percent="54" />
  <cards cleaned="0" thresholdBytes="80475" />
</concurrent-halted>
<gc-op id="2648" type="tracing" timems="0.622" contextid="2641" timestamp="2019-07-02T19:36:51.631">
  <trace bytesTraced="980068" workStackOverflowCount="0" />
</gc-op>
<gc-op id="2649" type="card-cleaning" timems="0.273" contextid="2641" timestamp="2019-07-02T19:36:51.631">
  <card-cleaning cardsCleaned="16" bytesTraced="9200" workStackOverflowCount="0" />
</gc-op>
<gc-op id="2650" type="mark" timems="1.766" contextid="2641" timestamp="2019-07-02T19:36:51.633">
  <trace-info objectcount="16277" scancount="15112" scanbytes="555720" />
  <finalization candidates="124" enqueued="0" />
  <ownableSynchronizers candidates="3" cleared="0" />
  <references type="soft" candidates="84" cleared="0" enqueued="0" dynamicThreshold="22" maxThreshold="32" />
  <references type="weak" candidates="776" cleared="0" enqueued="0" />
  <references type="phantom" candidates="63" cleared="0" enqueued="0" />
  <stringconstants candidates="4574" cleared="0"  />
</gc-op>
<gc-op id="2651" type="sweep" timems="1.047" contextid="2641" timestamp="2019-07-02T19:36:51.634" />
<heap-resize id="2652" type="contract" space="tenure" amount="65536" count="1" timems="0.278" reason="excess free space following gc" timestamp="2019-07-02T19:36:51.634" />
<gc-end id="2653" type="global" contextid="2641" durationms="4.441" usertimems="12.000" systemtimems="0.000" timestamp="2019-07-02T19:36:51.634" activeThreads="4">
  <mem-info id="2654" free="10539304" total="15663104" percent="67">
    <mem type="tenure" free="10539304" total="15663104" percent="67" micro-fragmented="238263">
      <mem type="soa" free="10539304" total="15507456" percent="67" />
      <mem type="loa" free="0" total="155648" percent="0" />
    </mem>
  </mem-info>
</gc-end>
<cycle-end id="2655" type="global" contextid="2641" timestamp="2019-07-02T19:36:51.635">
  <attribute name="GC Util" value="127" />
  <attribute name="CPU Util" value="23025647197036" />
  <attribute name="Time Running"value="3122"/>
  <attribute name="Number of cores"value="4"/>
</cycle-end>
<allocation-satisfied id="2656" threadId="0000000000AB3D00" bytesRequested="40" />
<af-end id="2657" timestamp="2019-07-02T19:36:51.635" threadId="0000000000AB4688" success="true" />
<exclusive-end id="2658" timestamp="2019-07-02T19:36:51.635" durationms="4.785" />

<concurrent-kickoff id="2659" timestamp="2019-07-02T19:36:51.645">
  <kickoff reason="threshold reached" targetBytes="1423446" thresholdFreeBytes="194334" remainingFree="189944" tenureFreeBytes="184968" />
</concurrent-kickoff>
<exclusive-start id="2660" timestamp="2019-07-02T19:36:51.645" intervalms="14.891">
  <response-info timems="0.098" idlems="0.054" threads="2" lastid="0000000000AB3D00" lastname="Thread-10" />
</exclusive-start>
<cycle-start id="2661" type="global" contextid="0" timestamp="2019-07-02T19:36:51.645" intervalms="15.558" />
  <attribute name="GC Util" value="127" />
  <attribute name="CPU Util" value="23025647197036" />
  <attribute name="Time Running"value="3122"/>
  <attribute name="Number of cores"value="4"/>
<exclusive-end id="2662" timestamp="2019-07-02T19:36:51.645" durationms="0.108" />

<exclusive-start id="2663" timestamp="2019-07-02T19:36:51.646" intervalms="1.182">
  <response-info timems="0.031" idlems="0.031" threads="0" lastid="0000000000AB7900" lastname="Thread-7" />
</exclusive-start>
<af-start id="2664" threadId="0000000000AB8288" totalBytesRequested="24" timestamp="2019-07-02T19:36:51.646" intervalms="16.082" />
<gc-start id="2665" type="global" contextid="2661" timestamp="2019-07-02T19:36:51.646">
  <mem-info id="2666" free="0" total="15663104" percent="0">
    <mem type="tenure" free="0" total="15663104" percent="0">
      <mem type="soa" free="0" total="15507456" percent="0" />
      <mem type="loa" free="0" total="155648" percent="0" />
    </mem>
  </mem-info>
</gc-start>
<allocation-stats totalBytes="10488056" >
  <allocated-bytes non-tlh="0" tlh="10488056" />
  <largest-consumer threadName="Thread-10" threadId="0000000000AB3D00" bytes="3632040" />
</allocation-stats>
<concurrent-halted id="2667" timestamp="2019-07-02T19:36:51.646">
  <halted state="Class scanning incomplete" status="clean trace" />
  <traced bytesTarget="1423446" bytesTotal="1967180" bytesByMutator="1182504" bytesByHelper="784676" percent="138" />
  <cards cleaned="0" thresholdBytes="76555" />
</concurrent-halted>
<gc-op id="2668" type="tracing" timems="0.420" contextid="2661" timestamp="2019-07-02T19:36:51.647">
  <trace bytesTraced="177216" workStackOverflowCount="0" />
</gc-op>
<gc-op id="2669" type="card-cleaning" timems="0.278" contextid="2661" timestamp="2019-07-02T19:36:51.647">
  <card-cleaning cardsCleaned="39" bytesTraced="25320" workStackOverflowCount="0" />
</gc-op>
<gc-op id="2670" type="mark" timems="1.462" contextid="2661" timestamp="2019-07-02T19:36:51.649">
  <trace-info objectcount="8013" scancount="7501" scanbytes="228108" />
  <finalization candidates="124" enqueued="0" />
  <ownableSynchronizers candidates="3" cleared="0" />
  <references type="soft" candidates="84" cleared="0" enqueued="0" dynamicThreshold="21" maxThreshold="32" />
  <references type="weak" candidates="776" cleared="0" enqueued="0" />
  <references type="phantom" candidates="63" cleared="0" enqueued="0" />
  <stringconstants candidates="4574" cleared="0"  />
</gc-op>
<gc-op id="2671" type="sweep" timems="0.966" contextid="2661" timestamp="2019-07-02T19:36:51.650" />
<mem-info id="2672" free="10311800" total="15663104" percent="65">
  <mem type="tenure" free="10311800" total="15663104" percent="65" micro-fragmented="417553">
    <mem type="soa" free="10311800" total="15507456" percent="66" />
    <mem type="loa" free="0" total="155648" percent="0" />
  </mem>
</mem-info>
<gc-op id="2673" type="compact" timems="5.429" contextid="2661" timestamp="2019-07-02T19:36:51.655">
  <compact-info movecount="30436" movebytes="1281768" reason="compact to aid heap contraction" />
</gc-op>
<heap-resize id="2674" type="contract" space="tenure" amount="131072" count="1" timems="0.067" reason="excess free space following gc" timestamp="2019-07-02T19:36:51.655" />
<gc-end id="2675" type="global" contextid="2661" durationms="9.234" usertimems="20.000" systemtimems="0.000" timestamp="2019-07-02T19:36:51.655" activeThreads="4">
  <mem-info id="2676" free="11170000" total="15532032" percent="71">
    <mem type="tenure" free="11170000" total="15532032" percent="71">
      <mem type="soa" free="11039952" total="15377408" percent="71" />
      <mem type="loa" free="130048" total="154624" percent="84" />
    </mem>
  </mem-info>
</gc-end>
<cycle-end id="2677" type="global" contextid="2661" timestamp="2019-07-02T19:36:51.655">
  <attribute name="GC Util" value="135" />
  <attribute name="CPU Util" value="53854546528959" />
  <attribute name="Time Running"value="3138"/>
  <attribute name="Number of cores"value="4"/>
</cycle-end>
<allocation-satisfied id="2678" threadId="0000000000AB7900" bytesRequested="24" />
<af-end id="2679" timestamp="2019-07-02T19:36:51.656" threadId="0000000000AB8288" success="true" />
<exclusive-end id="2680" timestamp="2019-07-02T19:36:51.656" durationms="9.631" />

<concurrent-kickoff id="2681" timestamp="2019-07-02T19:36:51.665">
  <kickoff reason="threshold reached" targetBytes="1667986" thresholdFreeBytes="226868" remainingFree="225488" tenureFreeBytes="225488" />
</concurrent-kickoff>
<exclusive-start id="2682" timestamp="2019-07-02T19:36:51.666" intervalms="19.579">
  <response-info timems="0.036" idlems="0.036" threads="0" lastid="0000000000AB3D00" lastname="Thread-10" />
</exclusive-start>
<cycle-start id="2683" type="global" contextid="0" timestamp="2019-07-02T19:36:51.666" intervalms="20.765" />
  <attribute name="GC Util" value="135" />
  <attribute name="CPU Util" value="53854546528959" />
  <attribute name="Time Running"value="3138"/>
  <attribute name="Number of cores"value="4"/>
<exclusive-end id="2684" timestamp="2019-07-02T19:36:51.666" durationms="0.121" />

<exclusive-start id="2685" timestamp="2019-07-02T19:36:51.666" intervalms="0.655">
  <response-info timems="0.025" idlems="0.025" threads="0" lastid="0000000000AB3D00" lastname="Thread-10" />
</exclusive-start>
<af-start id="2686" threadId="0000000000AB4688" totalBytesRequested="40" timestamp="2019-07-02T19:36:51.666" intervalms="20.222" />
<concurrent-aborted id="2687" timestamp="2019-07-02T19:36:51.666">
  <reason value="insufficient progress made" />
</concurrent-aborted>
<cycle-end id="2688" type="global" contextid="2683" timestamp="2019-07-02T19:36:51.666">
  <attribute name="GC Util" value="135" />
  <attribute name="CPU Util" value="53854546528959" />
  <attribute name="Time Running"value="3138"/>
  <attribute name="Number of cores"value="4"/>
</cycle-end>
<cycle-start id="2689" type="global" contextid="0" timestamp="2019-07-02T19:36:51.666" intervalms="0.812" />
  <attribute name="GC Util" value="135" />
  <attribute name="CPU Util" value="53854546528959" />
  <attribute name="Time Running"value="3138"/>
  <attribute name="Number of cores"value="4"/>
<gc-start id="2690" type="global" contextid="2689" timestamp="2019-07-02T19:36:51.666">
  <mem-info id="2691" free="130048" total="15532032" percent="0">
    <mem type="tenure" free="130048" total="15532032" percent="0">
      <mem type="soa" free="0" total="15377408" percent="0" />
      <mem type="loa" free="130048" total="154624" percent="84" />
    </mem>
  </mem-info>
</gc-start>
<allocation-stats totalBytes="11104144" >
  <allocated-bytes non-tlh="0" tlh="11104144" />
  <largest-consumer threadName="Thread-10" threadId="0000000000AB3D00" bytes="3732184" />
</allocation-stats>
<gc-op id="2692" type="mark" timems="2.419" contextid="2689" timestamp="2019-07-02T19:36:51.669">
  <trace-info objectcount="71242" scancount="63659" scanbytes="2400836" />
  <finalization candidates="124" enqueued="0" />
  <ownableSynchronizers candidates="3" cleared="0" />
  <references type="soft" candidates="84" cleared="0" enqueued="0" dynamicThreshold="23" maxThreshold="32" />
  <references type="weak" candidates="776" cleared="0" enqueued="0" />
  <references type="phantom" candidates="63" cleared="0" enqueued="0" />
  <stringconstants candidates="4574" cleared="0"  />
</gc-op>
<gc-op id="2693" type="sweep" timems="0.482" contextid="2689" timestamp="2019-07-02T19:36:51.670" />
<heap-resize id="2694" type="contract" space="tenure" amount="131072" count="1" timems="0.055" reason="excess free space following gc" timestamp="2019-07-02T19:36:51.670" />
<gc-end id="2695" type="global" contextid="2689" durationms="3.256" usertimems="8.000" systemtimems="0.000" timestamp="2019-07-02T19:36:51.670" activeThreads="4">
  <mem-info id="2696" free="10946096" total="15400960" percent="71">
    <mem type="tenure" free="10946096" total="15400960" percent="71" micro-fragmented="6164">
      <mem type="soa" free="10946096" total="15247360" percent="71" />
      <mem type="loa" free="0" total="153600" percent="0" />
    </mem>
  </mem-info>
</gc-end>
<cycle-end id="2697" type="global" contextid="2689" timestamp="2019-07-02T19:36:51.670">
  <attribute name="GC Util" value="19" />
  <attribute name="CPU Util" value="80983848515711" />
  <attribute name="Time Running"value="3157"/>
  <attribute name="Number of cores"value="4"/>
</cycle-end>
<allocation-satisfied id="2698" threadId="0000000000AB3D00" bytesRequested="40" />
<af-end id="2699" timestamp="2019-07-02T19:36:51.670" threadId="0000000000AB4688" success="true" />
<exclusive-end id="2700" timestamp="2019-07-02T19:36:51.670" durationms="3.729" />

<concurrent-kickoff id="2701" timestamp="2019-07-02T19:36:51.680">
  <kickoff reason="threshold reached" targetBytes="1653911" thresholdFreeBytes="224953" remainingFree="222192" tenureFreeBytes="222192" />
</concurrent-kickoff>
<exclusive-start id="2702" timestamp="2019-07-02T19:36:51.680" intervalms="13.930">
  <response-info timems="0.060" idlems="0.036" threads="1" lastid="0000000000AB7900" lastname="Thread-7" />
</exclusive-start>
<cycle-start id="2703" type="global" contextid="0" timestamp="2019-07-02T19:36:51.680" intervalms="13.762" />
  <attribute name="GC Util" value="19" />
  <attribute name="CPU Util" value="80983848515711" />
  <attribute name="Time Running"value="3157"/>
  <attribute name="Number of cores"value="4"/>
<exclusive-end id="2704" timestamp="2019-07-02T19:36:51.680" durationms="0.109" />

<exclusive-start id="2705" timestamp="2019-07-02T19:36:51.681" intervalms="1.198">
  <response-info timems="0.040" idlems="0.040" threads="0" lastid="0000000000AB3D00" lastname="Thread-10" />
</exclusive-start>
<af-start id="2706" threadId="0000000000AB4688" totalBytesRequested="24" timestamp="2019-07-02T19:36:51.681" intervalms="15.128" />
<gc-start id="2707" type="global" contextid="2703" timestamp="2019-07-02T19:36:51.681">
  <mem-info id="2708" free="0" total="15400960" percent="0">
    <mem type="tenure" free="0" total="15400960" percent="0">
      <mem type="soa" free="0" total="15247360" percent="0" />
      <mem type="loa" free="0" total="153600" percent="0" />
    </mem>
  </mem-info>
</gc-start>
<allocation-stats totalBytes="10936248" >
  <allocated-bytes non-tlh="0" tlh="10936248" />
  <largest-consumer threadName="Thread-7" threadId="0000000000AB7900" bytes="3765664" />
</allocation-stats>
<concurrent-halted id="2709" timestamp="2019-07-02T19:36:51.682">
  <halted state="Class scanning incomplete" status="clean trace" />
  <traced bytesTarget="1653911" bytesTotal="1961900" bytesByMutator="1342352" bytesByHelper="619548" percent="118" />
  <cards cleaned="25" thresholdBytes="88617" />
</concurrent-halted>
<gc-op id="2710" type="tracing" timems="0.328" contextid="2703" timestamp="2019-07-02T19:36:51.682">
  <trace bytesTraced="325992" workStackOverflowCount="0" />
</gc-op>
<gc-op id="2711" type="card-cleaning" timems="0.400" contextid="2703" timestamp="2019-07-02T19:36:51.682">
  <card-cleaning cardsCleaned="6" bytesTraced="3088" workStackOverflowCount="0" />
</gc-op>
<gc-op id="2712" type="mark" timems="1.187" contextid="2703" timestamp="2019-07-02T19:36:51.684">
  <trace-info objectcount="4373" scancount="5219" scanbytes="162908" />
  <finalization candidates="124" enqueued="0" />
  <ownableSynchronizers candidates="3" cleared="0" />
  <references type="soft" candidates="84" cleared="0" enqueued="0" dynamicThreshold="22" maxThreshold="32" />
  <references type="weak" candidates="776" cleared="0" enqueued="0" />
  <references type="phantom" candidates="63" cleared="0" enqueued="0" />
  <stringconstants candidates="4574" cleared="0"  />
</gc-op>
<gc-op id="2713" type="sweep" timems="1.027" contextid="2703" timestamp="2019-07-02T19:36:51.685" />
<mem-info id="2714" free="10868704" total="15400960" percent="70">
  <mem type="tenure" free="10868704" total="15400960" percent="70" micro-fragmented="9243">
    <mem type="soa" free="10868704" total="15247360" percent="71" />
    <mem type="loa" free="0" total="153600" percent="0" />
  </mem>
</mem-info>
<gc-op id="2715" type="compact" timems="6.292" contextid="2703" timestamp="2019-07-02T19:36:51.691">
  <compact-info movecount="26638" movebytes="1053184" reason="compact to aid heap contraction" />
</gc-op>
<heap-resize id="2716" type="contract" space="tenure" amount="131072" count="1" timems="0.075" reason="excess free space following gc" timestamp="2019-07-02T19:36:51.691" />
<gc-end id="2717" type="global" contextid="2703" durationms="9.951" usertimems="12.000" systemtimems="8.000" timestamp="2019-07-02T19:36:51.691" activeThreads="4">
  <mem-info id="2718" free="10853968" total="15269888" percent="71">
    <mem type="tenure" free="10853968" total="15269888" percent="71">
      <mem type="soa" free="10723920" total="15117312" percent="70" />
      <mem type="loa" free="130048" total="152576" percent="85" />
    </mem>
  </mem-info>
</gc-end>
<cycle-end id="2719" type="global" contextid="2703" timestamp="2019-07-02T19:36:51.691">
  <attribute name="GC Util" value="196" />
  <attribute name="CPU Util" value="54569061914069" />
  <attribute name="Time Running"value="3173"/>
  <attribute name="Number of cores"value="4"/>
</cycle-end>
<allocation-satisfied id="2720" threadId="0000000000AB3D00" bytesRequested="24" />
<af-end id="2721" timestamp="2019-07-02T19:36:51.692" threadId="0000000000AB4688" success="true" />
<exclusive-end id="2722" timestamp="2019-07-02T19:36:51.692" durationms="10.318" />

<concurrent-kickoff id="2723" timestamp="2019-07-02T19:36:51.701">
  <kickoff reason="threshold reached" targetBytes="1807131" thresholdFreeBytes="245323" remainingFree="167504" tenureFreeBytes="167504" />
</concurrent-kickoff>
<exclusive-start id="2724" timestamp="2019-07-02T19:36:51.701" intervalms="19.969">
  <response-info timems="0.031" idlems="0.031" threads="0" lastid="0000000000AB7900" lastname="Thread-7" />
</exclusive-start>
<cycle-start id="2725" type="global" contextid="0" timestamp="2019-07-02T19:36:51.701" intervalms="21.179" />
  <attribute name="GC Util" value="196" />
  <attribute name="CPU Util" value="54569061914069" />
  <attribute name="Time Running"value="3173"/>
  <attribute name="Number of cores"value="4"/>
<exclusive-end id="2726" timestamp="2019-07-02T19:36:51.701" durationms="0.129" />

<exclusive-start id="2727" timestamp="2019-07-02T19:36:51.702" intervalms="0.331">
  <response-info timems="0.026" idlems="0.026" threads="0" lastid="0000000000AB7900" lastname="Thread-7" />
</exclusive-start>
<af-start id="2728" threadId="0000000000AB8288" totalBytesRequested="40" timestamp="2019-07-02T19:36:51.702" intervalms="20.303" />
<concurrent-aborted id="2729" timestamp="2019-07-02T19:36:51.702">
  <reason value="insufficient progress made" />
</concurrent-aborted>
<cycle-end id="2730" type="global" contextid="2725" timestamp="2019-07-02T19:36:51.702">
  <attribute name="GC Util" value="196" />
  <attribute name="CPU Util" value="54569061914069" />
  <attribute name="Time Running"value="3173"/>
  <attribute name="Number of cores"value="4"/>
</cycle-end>
<cycle-start id="2731" type="global" contextid="0" timestamp="2019-07-02T19:36:51.702" intervalms="0.511" />
  <attribute name="GC Util" value="196" />
  <attribute name="CPU Util" value="54569061914069" />
  <attribute name="Time Running"value="3173"/>
  <attribute name="Number of cores"value="4"/>
<gc-start id="2732" type="global" contextid="2731" timestamp="2019-07-02T19:36:51.702">
  <mem-info id="2733" free="130048" total="15269888" percent="0">
    <mem type="tenure" free="130048" total="15269888" percent="0">
      <mem type="soa" free="0" total="15117312" percent="0" />
      <mem type="loa" free="130048" total="152576" percent="85" />
    </mem>
  </mem-info>
</gc-start>
<allocation-stats totalBytes="10787992" >
  <allocated-bytes non-tlh="0" tlh="10787992" />
  <largest-consumer threadName="Thread-7" threadId="0000000000AB7900" bytes="3674312" />
</allocation-stats>
<gc-op id="2734" type="mark" timems="2.484" contextid="2731" timestamp="2019-07-02T19:36:51.705">
  <trace-info objectcount="68661" scancount="61064" scanbytes="2339396" />
  <finalization candidates="124" enqueued="0" />
  <ownableSynchronizers candidates="3" cleared="0" />
  <references type="soft" candidates="84" cleared="0" enqueued="0" dynamicThreshold="22" maxThreshold="32" />
  <references type="weak" candidates="776" cleared="0" enqueued="0" />
  <references type="phantom" candidates="63" cleared="0" enqueued="0" />
  <stringconstants candidates="4574" cleared="0"  />
</gc-op>
<gc-op id="2735" type="sweep" timems="0.827" contextid="2731" timestamp="2019-07-02T19:36:51.705" />
<heap-resize id="2736" type="contract" space="tenure" amount="131072" count="1" timems="0.095" reason="excess free space following gc" timestamp="2019-07-02T19:36:51.706" />
<gc-end id="2737" type="global" contextid="2731" durationms="3.801" usertimems="8.000" systemtimems="0.000" timestamp="2019-07-02T19:36:51.706" activeThreads="4">
  <mem-info id="2738" free="10725584" total="15138816" percent="70">
    <mem type="tenure" free="10725584" total="15138816" percent="70" micro-fragmented="100114">
      <mem type="soa" free="10630008" total="14988288" percent="70" />
      <mem type="loa" free="95576" total="150528" percent="63" />
    </mem>
  </mem-info>
</gc-end>
<cycle-end id="2739" type="global" contextid="2731" timestamp="2019-07-02T19:36:51.706">
  <attribute name="GC Util" value="178" />
  <attribute name="CPU Util" value="32345741381186" />
  <attribute name="Time Running"value="3193"/>
  <attribute name="Number of cores"value="4"/>
</cycle-end>
<allocation-satisfied id="2740" threadId="0000000000AB7900" bytesRequested="40" />
<af-end id="2741" timestamp="2019-07-02T19:36:51.706" threadId="0000000000AB8288" success="true" />
<exclusive-end id="2742" timestamp="2019-07-02T19:36:51.706" durationms="4.333" />

<concurrent-kickoff id="2743" timestamp="2019-07-02T19:36:51.720">
  <kickoff reason="threshold reached" targetBytes="1791620" thresholdFreeBytes="243216" remainingFree="227048" tenureFreeBytes="227048" />
</concurrent-kickoff>
<exclusive-start id="2744" timestamp="2019-07-02T19:36:51.721" intervalms="18.905">
  <response-info timems="0.111" idlems="0.056" threads="2" lastid="0000000000AB3D00" lastname="Thread-10" />
</exclusive-start>
<cycle-start id="2745" type="global" contextid="0" timestamp="2019-07-02T19:36:51.721" intervalms="18.769" />
  <attribute name="GC Util" value="178" />
  <attribute name="CPU Util" value="32345741381186" />
  <attribute name="Time Running"value="3193"/>
  <attribute name="Number of cores"value="4"/>
<exclusive-end id="2746" timestamp="2019-07-02T19:36:51.721" durationms="0.202" />

<exclusive-start id="2747" timestamp="2019-07-02T19:36:51.721" intervalms="0.915">
  <response-info timems="0.023" idlems="0.023" threads="0" lastid="0000000000ABB500" lastname="Thread-9" />
</exclusive-start>
<af-start id="2748" threadId="0000000000ABBE88" totalBytesRequested="40" timestamp="2019-07-02T19:36:51.722" intervalms="19.858" />
<gc-start id="2749" type="global" contextid="2745" timestamp="2019-07-02T19:36:51.722">
  <mem-info id="2750" free="95576" total="15138816" percent="0">
    <mem type="tenure" free="95576" total="15138816" percent="0">
      <mem type="soa" free="0" total="14988288" percent="0" />
      <mem type="loa" free="95576" total="150528" percent="63" />
    </mem>
  </mem-info>
</gc-start>
<allocation-stats totalBytes="10623904" >
  <allocated-bytes non-tlh="0" tlh="10623904" />
  <largest-consumer threadName="Thread-10" threadId="0000000000AB3D00" bytes="4262264" />
</allocation-stats>
<concurrent-halted id="2751" timestamp="2019-07-02T19:36:51.722">
  <halted state="Tracing incomplete" status="trace only" />
  <traced bytesTarget="1791620" bytesTotal="824496" bytesByMutator="337692" bytesByHelper="486804" percent="46" />
  <cards cleaned="0" thresholdBytes="95812" />
</concurrent-halted>
<gc-op id="2752" type="tracing" timems="0.407" contextid="2745" timestamp="2019-07-02T19:36:51.722">
  <trace bytesTraced="247252" workStackOverflowCount="0" />
</gc-op>
<gc-op id="2753" type="card-cleaning" timems="0.148" contextid="2745" timestamp="2019-07-02T19:36:51.722">
  <card-cleaning cardsCleaned="35" bytesTraced="26988" workStackOverflowCount="0" />
</gc-op>
<gc-op id="2754" type="mark" timems="0.916" contextid="2745" timestamp="2019-07-02T19:36:51.723">
  <trace-info objectcount="36363" scancount="31439" scanbytes="1178332" />
  <finalization candidates="124" enqueued="0" />
  <ownableSynchronizers candidates="3" cleared="0" />
  <references type="soft" candidates="84" cleared="0" enqueued="0" dynamicThreshold="22" maxThreshold="32" />
  <references type="weak" candidates="776" cleared="0" enqueued="0" />
  <references type="phantom" candidates="63" cleared="0" enqueued="0" />
  <stringconstants candidates="4574" cleared="0"  />
</gc-op>
<gc-op id="2755" type="sweep" timems="0.379" contextid="2745" timestamp="2019-07-02T19:36:51.724" />
<mem-info id="2756" free="10696680" total="15138816" percent="70">
  <mem type="tenure" free="10696680" total="15138816" percent="70" micro-fragmented="202554">
    <mem type="soa" free="10601104" total="14988288" percent="70" />
    <mem type="loa" free="95576" total="150528" percent="63" />
  </mem>
</mem-info>
<gc-op id="2757" type="compact" timems="4.165" contextid="2745" timestamp="2019-07-02T19:36:51.728">
  <compact-info movecount="25671" movebytes="1167552" reason="compact to aid heap contraction" />
</gc-op>
<heap-resize id="2758" type="contract" space="tenure" amount="131072" count="1" timems="0.088" reason="excess free space following gc" timestamp="2019-07-02T19:36:51.728" />
<gc-end id="2759" type="global" contextid="2745" durationms="6.793" usertimems="8.000" systemtimems="0.000" timestamp="2019-07-02T19:36:51.728" activeThreads="4">
  <mem-info id="2760" free="10765048" total="15007744" percent="71">
    <mem type="tenure" free="10765048" total="15007744" percent="71">
      <mem type="soa" free="10635000" total="14858240" percent="71" />
      <mem type="loa" free="130048" total="149504" percent="86" />
    </mem>
  </mem-info>
</gc-end>
<cycle-end id="2761" type="global" contextid="2745" timestamp="2019-07-02T19:36:51.729">
  <attribute name="GC Util" value="12" />
  <attribute name="CPU Util" value="80850389261869" />
  <attribute name="Time Running"value="3212"/>
  <attribute name="Number of cores"value="4"/>
</cycle-end>
<allocation-satisfied id="2762" threadId="0000000000ABB500" bytesRequested="40" />
<af-end id="2763" timestamp="2019-07-02T19:36:51.729" threadId="0000000000ABBE88" success="true" />
<exclusive-end id="2764" timestamp="2019-07-02T19:36:51.729" durationms="7.365" />

<concurrent-kickoff id="2765" timestamp="2019-07-02T19:36:51.742">
  <kickoff reason="threshold reached" targetBytes="1650691" thresholdFreeBytes="223720" remainingFree="130048" tenureFreeBytes="130048" />
</concurrent-kickoff>
<exclusive-start id="2766" timestamp="2019-07-02T19:36:51.742" intervalms="20.321">
  <response-info timems="0.082" idlems="0.045" threads="1" lastid="0000000000ABB500" lastname="Thread-9" />
</exclusive-start>
<af-start id="2767" threadId="0000000000AB8288" totalBytesRequested="40" timestamp="2019-07-02T19:36:51.742" intervalms="20.284" />
<concurrent-aborted id="2768" timestamp="2019-07-02T19:36:51.742">
  <reason value="insufficient progress made" />
</concurrent-aborted>
<cycle-end id="2769" type="global" contextid="2745" timestamp="2019-07-02T19:36:51.742">
  <attribute name="GC Util" value="12" />
  <attribute name="CPU Util" value="80850389261869" />
  <attribute name="Time Running"value="3212"/>
  <attribute name="Number of cores"value="4"/>
</cycle-end>
<cycle-start id="2770" type="global" contextid="0" timestamp="2019-07-02T19:36:51.742" intervalms="21.351" />
  <attribute name="GC Util" value="12" />
  <attribute name="CPU Util" value="80850389261869" />
  <attribute name="Time Running"value="3212"/>
  <attribute name="Number of cores"value="4"/>
<gc-start id="2771" type="global" contextid="2770" timestamp="2019-07-02T19:36:51.742">
  <mem-info id="2772" free="130048" total="15007744" percent="0">
    <mem type="tenure" free="130048" total="15007744" percent="0">
      <mem type="soa" free="0" total="14858240" percent="0" />
      <mem type="loa" free="130048" total="149504" percent="86" />
    </mem>
  </mem-info>
</gc-start>
<allocation-stats totalBytes="10699128" >
  <allocated-bytes non-tlh="0" tlh="10699128" />
  <largest-consumer threadName="Thread-10" threadId="0000000000AB3D00" bytes="3898840" />
</allocation-stats>
<gc-op id="2773" type="mark" timems="1.297" contextid="2770" timestamp="2019-07-02T19:36:51.743">
  <trace-info objectcount="67133" scancount="59569" scanbytes="2302644" />
  <finalization candidates="124" enqueued="0" />
  <ownableSynchronizers candidates="3" cleared="0" />
  <references type="soft" candidates="84" cleared="0" enqueued="0" dynamicThreshold="22" maxThreshold="32" />
  <references type="weak" candidates="776" cleared="0" enqueued="0" />
  <references type="phantom" candidates="63" cleared="0" enqueued="0" />
  <stringconstants candidates="4574" cleared="0"  />
</gc-op>
<gc-op id="2774" type="sweep" timems="0.343" contextid="2770" timestamp="2019-07-02T19:36:51.744" />
<heap-resize id="2775" type="contract" space="tenure" amount="131072" count="1" timems="0.090" reason="excess free space following gc" timestamp="2019-07-02T19:36:51.744" />
<gc-end id="2776" type="global" contextid="2770" durationms="2.019" usertimems="4.000" systemtimems="0.000" timestamp="2019-07-02T19:36:51.744" activeThreads="4">
  <mem-info id="2777" free="10632680" total="14876672" percent="71">
    <mem type="tenure" free="10632680" total="14876672" percent="71" micro-fragmented="9269">
      <mem type="soa" free="10516248" total="14728192" percent="71" />
      <mem type="loa" free="116432" total="148480" percent="78" />
    </mem>
  </mem-info>
</gc-end>
<cycle-end id="2778" type="global" contextid="2770" timestamp="2019-07-02T19:36:51.744">
  <attribute name="GC Util" value="22" />
  <attribute name="CPU Util" value="83370592160375" />
  <attribute name="Time Running"value="3232"/>
  <attribute name="Number of cores"value="4"/>
</cycle-end>
<allocation-satisfied id="2779" threadId="0000000000AB7900" bytesRequested="40" />
<af-end id="2780" timestamp="2019-07-02T19:36:51.744" threadId="0000000000AB8288" success="true" />
<exclusive-end id="2781" timestamp="2019-07-02T19:36:51.744" durationms="2.516" />

<concurrent-kickoff id="2782" timestamp="2019-07-02T19:36:51.756">
  <kickoff reason="threshold reached" targetBytes="1636275" thresholdFreeBytes="221767" remainingFree="213336" tenureFreeBytes="213336" />
</concurrent-kickoff>
<exclusive-start id="2783" timestamp="2019-07-02T19:36:51.757" intervalms="14.814">
  <response-info timems="0.948" idlems="0.623" threads="2" lastid="0000000000AB7900" lastname="Thread-7" />
</exclusive-start>
<cycle-start id="2784" type="global" contextid="0" timestamp="2019-07-02T19:36:51.757" intervalms="14.656" />
  <attribute name="GC Util" value="22" />
  <attribute name="CPU Util" value="83370592160375" />
  <attribute name="Time Running"value="3232"/>
  <attribute name="Number of cores"value="4"/>
<exclusive-end id="2785" timestamp="2019-07-02T19:36:51.757" durationms="0.122" />

<exclusive-start id="2786" timestamp="2019-07-02T19:36:51.757" intervalms="0.444">
  <response-info timems="0.143" idlems="0.053" threads="3" lastid="0000000000AB7900" lastname="Thread-7" />
</exclusive-start>
<af-start id="2787" threadId="0000000000ABBE88" totalBytesRequested="40" timestamp="2019-07-02T19:36:51.757" intervalms="15.255" />
<gc-start id="2788" type="global" contextid="2784" timestamp="2019-07-02T19:36:51.757">
  <mem-info id="2789" free="116432" total="14876672" percent="0">
    <mem type="tenure" free="116432" total="14876672" percent="0">
      <mem type="soa" free="0" total="14728192" percent="0" />
      <mem type="loa" free="116432" total="148480" percent="78" />
    </mem>
  </mem-info>
</gc-start>
<allocation-stats totalBytes="10507056" >
  <allocated-bytes non-tlh="0" tlh="10507056" />
  <largest-consumer threadName="Thread-10" threadId="0000000000AB3D00" bytes="3612632" />
</allocation-stats>
<concurrent-halted id="2790" timestamp="2019-07-02T19:36:51.757">
  <halted state="Tracing incomplete" status="trace only" />
  <traced bytesTarget="1636275" bytesTotal="0" bytesByMutator="0" bytesByHelper="0" percent="0" />
  <cards cleaned="0" thresholdBytes="87362" />
</concurrent-halted>
<gc-op id="2791" type="tracing" timems="0.624" contextid="2784" timestamp="2019-07-02T19:36:51.758">
  <trace bytesTraced="1821540" workStackOverflowCount="0" />
</gc-op>
<gc-op id="2792" type="card-cleaning" timems="0.154" contextid="2784" timestamp="2019-07-02T19:36:51.758">
  <card-cleaning cardsCleaned="16" bytesTraced="7292" workStackOverflowCount="0" />
</gc-op>
<gc-op id="2793" type="mark" timems="0.784" contextid="2784" timestamp="2019-07-02T19:36:51.759">
  <trace-info objectcount="21807" scancount="16791" scanbytes="532360" />
  <finalization candidates="124" enqueued="0" />
  <ownableSynchronizers candidates="3" cleared="0" />
  <references type="soft" candidates="84" cleared="0" enqueued="0" dynamicThreshold="22" maxThreshold="32" />
  <references type="weak" candidates="776" cleared="0" enqueued="0" />
  <references type="phantom" candidates="63" cleared="0" enqueued="0" />
  <stringconstants candidates="4574" cleared="0"  />
</gc-op>
<gc-op id="2794" type="sweep" timems="0.441" contextid="2784" timestamp="2019-07-02T19:36:51.760" />
<heap-resize id="2795" type="contract" space="tenure" amount="131072" count="1" timems="0.111" reason="excess free space following gc" timestamp="2019-07-02T19:36:51.760" />
<gc-end id="2796" type="global" contextid="2784" durationms="2.671" usertimems="4.000" systemtimems="0.000" timestamp="2019-07-02T19:36:51.760" activeThreads="4">
  <mem-info id="2797" free="10301592" total="14745600" percent="69">
    <mem type="tenure" free="10301592" total="14745600" percent="69" micro-fragmented="42859">
      <mem type="soa" free="10301592" total="14598144" percent="70" />
      <mem type="loa" free="0" total="147456" percent="0" />
    </mem>
  </mem-info>
</gc-end>
<cycle-end id="2798" type="global" contextid="2784" timestamp="2019-07-02T19:36:51.760">
  <attribute name="GC Util" value="18" />
  <attribute name="CPU Util" value="59221933519148" />
  <attribute name="Time Running"value="3247"/>
  <attribute name="Number of cores"value="4"/>
</cycle-end>
<allocation-satisfied id="2799" threadId="0000000000ABB500" bytesRequested="40" />
<af-end id="2800" timestamp="2019-07-02T19:36:51.760" threadId="0000000000ABBE88" success="true" />
<exclusive-end id="2801" timestamp="2019-07-02T19:36:51.760" durationms="3.156" />

<concurrent-kickoff id="2802" timestamp="2019-07-02T19:36:51.769">
  <kickoff reason="threshold reached" targetBytes="1295776" thresholdFreeBytes="176182" remainingFree="174192" tenureFreeBytes="166168" />
</concurrent-kickoff>
<exclusive-start id="2803" timestamp="2019-07-02T19:36:51.769" intervalms="12.005">
  <response-info timems="0.044" idlems="0.028" threads="1" lastid="0000000000AB3D00" lastname="Thread-10" />
</exclusive-start>
<cycle-start id="2804" type="global" contextid="0" timestamp="2019-07-02T19:36:51.769" intervalms="12.439" />
  <attribute name="GC Util" value="18" />
  <attribute name="CPU Util" value="59221933519148" />
  <attribute name="Time Running"value="3247"/>
  <attribute name="Number of cores"value="4"/>
<exclusive-end id="2805" timestamp="2019-07-02T19:36:51.769" durationms="0.114" />

<exclusive-start id="2806" timestamp="2019-07-02T19:36:51.771" intervalms="1.502">
  <response-info timems="0.026" idlems="0.026" threads="0" lastid="0000000000AB3D00" lastname="Thread-10" />
</exclusive-start>
<af-start id="2807" threadId="0000000000AB4688" totalBytesRequested="40" timestamp="2019-07-02T19:36:51.771" intervalms="13.518" />
<gc-start id="2808" type="global" contextid="2804" timestamp="2019-07-02T19:36:51.771">
  <mem-info id="2809" free="0" total="14745600" percent="0">
    <mem type="tenure" free="0" total="14745600" percent="0">
      <mem type="soa" free="0" total="14598144" percent="0" />
      <mem type="loa" free="0" total="147456" percent="0" />
    </mem>
  </mem-info>
</gc-start>
<allocation-stats totalBytes="10283216" >
  <allocated-bytes non-tlh="0" tlh="10283216" />
  <largest-consumer threadName="Thread-7" threadId="0000000000AB7900" bytes="2708176" />
</allocation-stats>
<concurrent-halted id="2810" timestamp="2019-07-02T19:36:51.771">
  <halted state="Tracing incomplete" status="clean trace" />
  <traced bytesTarget="1295776" bytesTotal="1874848" bytesByMutator="849552" bytesByHelper="1025296" percent="144" />
  <cards cleaned="23" thresholdBytes="69404" />
</concurrent-halted>
<gc-op id="2811" type="tracing" timems="0.288" contextid="2804" timestamp="2019-07-02T19:36:51.771">
  <trace bytesTraced="38060" workStackOverflowCount="0" />
</gc-op>
<gc-op id="2812" type="card-cleaning" timems="1.913" contextid="2804" timestamp="2019-07-02T19:36:51.773">
  <card-cleaning cardsCleaned="4" bytesTraced="2708" workStackOverflowCount="0" />
</gc-op>
<gc-op id="2813" type="mark" timems="2.588" contextid="2804" timestamp="2019-07-02T19:36:51.776">
  <trace-info objectcount="12614" scancount="13370" scanbytes="496972" />
  <finalization candidates="124" enqueued="0" />
  <ownableSynchronizers candidates="3" cleared="0" />
  <references type="soft" candidates="84" cleared="0" enqueued="0" dynamicThreshold="22" maxThreshold="32" />
  <references type="weak" candidates="776" cleared="0" enqueued="0" />
  <references type="phantom" candidates="63" cleared="0" enqueued="0" />
  <stringconstants candidates="4574" cleared="0"  />
</gc-op>
<gc-op id="2814" type="sweep" timems="1.557" contextid="2804" timestamp="2019-07-02T19:36:51.777" />
<mem-info id="2815" free="10266992" total="14745600" percent="69">
  <mem type="tenure" free="10266992" total="14745600" percent="69" micro-fragmented="27543">
    <mem type="soa" free="10201344" total="14598144" percent="69" />
    <mem type="loa" free="65648" total="147456" percent="44" />
  </mem>
</mem-info>
<gc-op id="2816" type="compact" timems="7.188" contextid="2804" timestamp="2019-07-02T19:36:51.785">
  <compact-info movecount="17262" movebytes="691816" reason="compact to aid heap contraction" />
</gc-op>
<heap-resize id="2817" type="contract" space="tenure" amount="131072" count="1" timems="0.071" reason="excess free space following gc" timestamp="2019-07-02T19:36:51.785" />
<gc-end id="2818" type="global" contextid="2804" durationms="14.419" usertimems="24.000" systemtimems="0.000" timestamp="2019-07-02T19:36:51.785" activeThreads="4">
  <mem-info id="2819" free="10252848" total="14614528" percent="70">
    <mem type="tenure" free="10252848" total="14614528" percent="70">
      <mem type="soa" free="10123824" total="14469120" percent="69" />
      <mem type="loa" free="129024" total="145408" percent="88" />
    </mem>
  </mem-info>
</gc-end>
<cycle-end id="2820" type="global" contextid="2804" timestamp="2019-07-02T19:36:51.785">
  <attribute name="GC Util" value="84" />
  <attribute name="CPU Util" value="27845654952389" />
  <attribute name="Time Running"value="3266"/>
  <attribute name="Number of cores"value="4"/>
</cycle-end>
<allocation-satisfied id="2821" threadId="0000000000AB3D00" bytesRequested="40" />
<af-end id="2822" timestamp="2019-07-02T19:36:51.785" threadId="0000000000AB4688" success="true" />
<exclusive-end id="2823" timestamp="2019-07-02T19:36:51.785" durationms="14.795" />

<concurrent-kickoff id="2824" timestamp="2019-07-02T19:36:51.799">
  <kickoff reason="threshold reached" targetBytes="1504533" thresholdFreeBytes="203809" remainingFree="193072" tenureFreeBytes="193072" />
</concurrent-kickoff>
<exclusive-start id="2825" timestamp="2019-07-02T19:36:51.799" intervalms="28.496">
  <response-info timems="0.219" idlems="0.193" threads="1" lastid="0000000000AB3D00" lastname="Thread-10" />
</exclusive-start>
<cycle-start id="2826" type="global" contextid="0" timestamp="2019-07-02T19:36:51.799" intervalms="30.012" />
  <attribute name="GC Util" value="84" />
  <attribute name="CPU Util" value="27845654952389" />
  <attribute name="Time Running"value="3266"/>
  <attribute name="Number of cores"value="4"/>
<exclusive-end id="2827" timestamp="2019-07-02T19:36:51.799" durationms="0.120" />

<exclusive-start id="2828" timestamp="2019-07-02T19:36:51.799" intervalms="0.399">
  <response-info timems="0.038" idlems="0.038" threads="0" lastid="0000000000ABB500" lastname="Thread-9" />
</exclusive-start>
<af-start id="2829" threadId="0000000000ABBE88" totalBytesRequested="40" timestamp="2019-07-02T19:36:51.800" intervalms="28.959" />
<concurrent-aborted id="2830" timestamp="2019-07-02T19:36:51.800">
  <reason value="insufficient progress made" />
</concurrent-aborted>
<cycle-end id="2831" type="global" contextid="2826" timestamp="2019-07-02T19:36:51.800">
  <attribute name="GC Util" value="84" />
  <attribute name="CPU Util" value="27845654952389" />
  <attribute name="Time Running"value="3266"/>
  <attribute name="Number of cores"value="4"/>
</cycle-end>
<cycle-start id="2832" type="global" contextid="0" timestamp="2019-07-02T19:36:51.800" intervalms="0.848" />
  <attribute name="GC Util" value="84" />
  <attribute name="CPU Util" value="27845654952389" />
  <attribute name="Time Running"value="3266"/>
  <attribute name="Number of cores"value="4"/>
<gc-start id="2833" type="global" contextid="2832" timestamp="2019-07-02T19:36:51.800">
  <mem-info id="2834" free="129024" total="14614528" percent="0">
    <mem type="tenure" free="129024" total="14614528" percent="0">
      <mem type="soa" free="0" total="14469120" percent="0" />
      <mem type="loa" free="129024" total="145408" percent="88" />
    </mem>
  </mem-info>
</gc-start>
<allocation-stats totalBytes="10188120" >
  <allocated-bytes non-tlh="0" tlh="10188120" />
  <largest-consumer threadName="Thread-7" threadId="0000000000AB7900" bytes="4161016" />
</allocation-stats>
<gc-op id="2835" type="mark" timems="1.493" contextid="2832" timestamp="2019-07-02T19:36:51.802">
  <trace-info objectcount="71435" scancount="63869" scanbytes="2406004" />
  <finalization candidates="124" enqueued="0" />
  <ownableSynchronizers candidates="3" cleared="0" />
  <references type="soft" candidates="84" cleared="0" enqueued="0" dynamicThreshold="22" maxThreshold="32" />
  <references type="weak" candidates="776" cleared="0" enqueued="0" />
  <references type="phantom" candidates="63" cleared="0" enqueued="0" />
  <stringconstants candidates="4574" cleared="0"  />
</gc-op>
<gc-op id="2836" type="sweep" timems="0.401" contextid="2832" timestamp="2019-07-02T19:36:51.802" />
<heap-resize id="2837" type="contract" space="tenure" amount="131072" count="1" timems="0.086" reason="excess free space following gc" timestamp="2019-07-02T19:36:51.802" />
<gc-end id="2838" type="global" contextid="2832" durationms="2.374" usertimems="8.000" systemtimems="0.000" timestamp="2019-07-02T19:36:51.802" activeThreads="4">
  <mem-info id="2839" free="10106880" total="14483456" percent="69">
    <mem type="tenure" free="10106880" total="14483456" percent="69" micro-fragmented="7957">
      <mem type="soa" free="10024696" total="14339072" percent="69" />
      <mem type="loa" free="82184" total="144384" percent="56" />
    </mem>
  </mem-info>
</gc-end>
<cycle-end id="2840" type="global" contextid="2832" timestamp="2019-07-02T19:36:51.802">
  <attribute name="GC Util" value="19" />
  <attribute name="CPU Util" value="73022286456911" />
  <attribute name="Time Running"value="3290"/>
  <attribute name="Number of cores"value="4"/>
</cycle-end>
<allocation-satisfied id="2841" threadId="0000000000ABB500" bytesRequested="40" />
<af-end id="2842" timestamp="2019-07-02T19:36:51.803" threadId="0000000000ABBE88" success="true" />
<exclusive-end id="2843" timestamp="2019-07-02T19:36:51.803" durationms="3.219" />

<concurrent-kickoff id="2844" timestamp="2019-07-02T19:36:51.814">
  <kickoff reason="threshold reached" targetBytes="1491040" thresholdFreeBytes="201980" remainingFree="192576" tenureFreeBytes="192576" />
</concurrent-kickoff>
<exclusive-start id="2845" timestamp="2019-07-02T19:36:51.814" intervalms="14.845">
  <response-info timems="0.083" idlems="0.045" threads="2" lastid="0000000000AB7900" lastname="Thread-7" />
</exclusive-start>
<cycle-start id="2846" type="global" contextid="0" timestamp="2019-07-02T19:36:51.814" intervalms="14.375" />
  <attribute name="GC Util" value="19" />
  <attribute name="CPU Util" value="73022286456911" />
  <attribute name="Time Running"value="3290"/>
  <attribute name="Number of cores"value="4"/>
<exclusive-end id="2847" timestamp="2019-07-02T19:36:51.814" durationms="0.094" />

<exclusive-start id="2848" timestamp="2019-07-02T19:36:51.815" intervalms="0.311">
  <response-info timems="0.024" idlems="0.018" threads="1" lastid="0000000000AB3D00" lastname="Thread-10" />
</exclusive-start>
<af-start id="2849" threadId="0000000000ABBE88" totalBytesRequested="40" timestamp="2019-07-02T19:36:51.815" intervalms="15.080" />
<gc-start id="2850" type="global" contextid="2846" timestamp="2019-07-02T19:36:51.815">
  <mem-info id="2851" free="82184" total="14483456" percent="0">
    <mem type="tenure" free="82184" total="14483456" percent="0">
      <mem type="soa" free="0" total="14339072" percent="0" />
      <mem type="loa" free="82184" total="144384" percent="56" />
    </mem>
  </mem-info>
</gc-start>
<allocation-stats totalBytes="10018696" >
  <allocated-bytes non-tlh="0" tlh="10018696" />
  <largest-consumer threadName="Thread-7" threadId="0000000000AB7900" bytes="3473016" />
</allocation-stats>
<concurrent-halted id="2852" timestamp="2019-07-02T19:36:51.815">
  <halted state="Class scanning incomplete" status="trace only" />
  <traced bytesTarget="1491040" bytesTotal="50496" bytesByMutator="0" bytesByHelper="50496" percent="3" />
  <cards cleaned="0" thresholdBytes="79567" />
</concurrent-halted>
<gc-op id="2853" type="tracing" timems="0.648" contextid="2846" timestamp="2019-07-02T19:36:51.815">
  <trace bytesTraced="1554976" workStackOverflowCount="0" />
</gc-op>
<gc-op id="2854" type="card-cleaning" timems="0.095" contextid="2846" timestamp="2019-07-02T19:36:51.816">
  <card-cleaning cardsCleaned="11" bytesTraced="5700" workStackOverflowCount="0" />
</gc-op>
<gc-op id="2855" type="mark" timems="1.000" contextid="2846" timestamp="2019-07-02T19:36:51.817">
  <trace-info objectcount="28364" scancount="23503" scanbytes="831636" />
  <finalization candidates="124" enqueued="0" />
  <ownableSynchronizers candidates="3" cleared="0" />
  <references type="soft" candidates="84" cleared="0" enqueued="0" dynamicThreshold="22" maxThreshold="32" />
  <references type="weak" candidates="776" cleared="0" enqueued="0" />
  <references type="phantom" candidates="63" cleared="0" enqueued="0" />
  <stringconstants candidates="4574" cleared="0"  />
</gc-op>
<gc-op id="2856" type="sweep" timems="0.364" contextid="2846" timestamp="2019-07-02T19:36:51.817" />
<mem-info id="2857" free="10046536" total="14483456" percent="69">
  <mem type="tenure" free="10046536" total="14483456" percent="69" micro-fragmented="0">
    <mem type="soa" free="9964352" total="14339072" percent="69" />
    <mem type="loa" free="82184" total="144384" percent="56" />
  </mem>
</mem-info>
<gc-op id="2858" type="compact" timems="3.542" contextid="2846" timestamp="2019-07-02T19:36:51.821">
  <compact-info movecount="6908" movebytes="167616" reason="compact to aid heap contraction" />
</gc-op>
<heap-resize id="2859" type="contract" space="tenure" amount="131072" count="1" timems="0.067" reason="excess free space following gc" timestamp="2019-07-02T19:36:51.821" />
<gc-end id="2860" type="global" contextid="2846" durationms="6.403" usertimems="8.000" systemtimems="4.000" timestamp="2019-07-02T19:36:51.821" activeThreads="4">
  <mem-info id="2861" free="9940248" total="14352384" percent="69">
    <mem type="tenure" free="9940248" total="14352384" percent="69">
      <mem type="soa" free="9810200" total="14209024" percent="69" />
      <mem type="loa" free="130048" total="143360" percent="90" />
    </mem>
  </mem-info>
</gc-end>
<cycle-end id="2862" type="global" contextid="2846" timestamp="2019-07-02T19:36:51.821">
  <attribute name="GC Util" value="9" />
  <attribute name="CPU Util" value="71711083396807" />
  <attribute name="Time Running"value="3305"/>
  <attribute name="Number of cores"value="4"/>
</cycle-end>
<allocation-satisfied id="2863" threadId="0000000000ABB500" bytesRequested="40" />
<af-end id="2864" timestamp="2019-07-02T19:36:51.821" threadId="0000000000ABBE88" success="true" />
<exclusive-end id="2865" timestamp="2019-07-02T19:36:51.821" durationms="6.856" />

<concurrent-kickoff id="2866" timestamp="2019-07-02T19:36:51.832">
  <kickoff reason="threshold reached" targetBytes="1201913" thresholdFreeBytes="163433" remainingFree="142616" tenureFreeBytes="142616" />
</concurrent-kickoff>
<exclusive-start id="2867" timestamp="2019-07-02T19:36:51.832" intervalms="17.117">
  <response-info timems="0.055" idlems="0.055" threads="0" lastid="0000000000ABB500" lastname="Thread-9" />
</exclusive-start>
<cycle-start id="2868" type="global" contextid="0" timestamp="2019-07-02T19:36:51.832" intervalms="17.439" />
  <attribute name="GC Util" value="9" />
  <attribute name="CPU Util" value="71711083396807" />
  <attribute name="Time Running"value="3305"/>
  <attribute name="Number of cores"value="4"/>
<exclusive-end id="2869" timestamp="2019-07-02T19:36:51.832" durationms="0.116" />

<exclusive-start id="2870" timestamp="2019-07-02T19:36:51.832" intervalms="0.287">
  <response-info timems="0.020" idlems="0.020" threads="0" lastid="0000000000AB0100" lastname="Thread-8" />
</exclusive-start>
<af-start id="2871" threadId="0000000000AB0A88" totalBytesRequested="40" timestamp="2019-07-02T19:36:51.832" intervalms="17.399" />
<concurrent-aborted id="2872" timestamp="2019-07-02T19:36:51.832">
  <reason value="insufficient progress made" />
</concurrent-aborted>
<cycle-end id="2873" type="global" contextid="2868" timestamp="2019-07-02T19:36:51.832">
  <attribute name="GC Util" value="9" />
  <attribute name="CPU Util" value="71711083396807" />
  <attribute name="Time Running"value="3305"/>
  <attribute name="Number of cores"value="4"/>
</cycle-end>
<cycle-start id="2874" type="global" contextid="0" timestamp="2019-07-02T19:36:51.832" intervalms="0.420" />
  <attribute name="GC Util" value="9" />
  <attribute name="CPU Util" value="71711083396807" />
  <attribute name="Time Running"value="3305"/>
  <attribute name="Number of cores"value="4"/>
<gc-start id="2875" type="global" contextid="2874" timestamp="2019-07-02T19:36:51.832">
  <mem-info id="2876" free="130048" total="14352384" percent="0">
    <mem type="tenure" free="130048" total="14352384" percent="0">
      <mem type="soa" free="0" total="14209024" percent="0" />
      <mem type="loa" free="130048" total="143360" percent="90" />
    </mem>
  </mem-info>
</gc-start>
<allocation-stats totalBytes="9874496" >
  <allocated-bytes non-tlh="0" tlh="9874496" />
  <largest-consumer threadName="Thread-10" threadId="0000000000AB3D00" bytes="3374680" />
</allocation-stats>
<gc-op id="2877" type="mark" timems="1.487" contextid="2874" timestamp="2019-07-02T19:36:51.834">
  <trace-info objectcount="68537" scancount="60979" scanbytes="2336156" />
  <finalization candidates="124" enqueued="0" />
  <ownableSynchronizers candidates="3" cleared="0" />
  <references type="soft" candidates="84" cleared="0" enqueued="0" dynamicThreshold="22" maxThreshold="32" />
  <references type="weak" candidates="776" cleared="0" enqueued="0" />
  <references type="phantom" candidates="63" cleared="0" enqueued="0" />
  <stringconstants candidates="4574" cleared="0"  />
</gc-op>
<gc-op id="2878" type="sweep" timems="0.340" contextid="2874" timestamp="2019-07-02T19:36:51.834" />
<heap-resize id="2879" type="contract" space="tenure" amount="131072" count="1" timems="0.079" reason="excess free space following gc" timestamp="2019-07-02T19:36:51.834" />
<gc-end id="2880" type="global" contextid="2874" durationms="2.177" usertimems="4.000" systemtimems="0.000" timestamp="2019-07-02T19:36:51.834" activeThreads="4">
  <mem-info id="2881" free="9850400" total="14221312" percent="69">
    <mem type="tenure" free="9850400" total="14221312" percent="69" micro-fragmented="119552">
      <mem type="soa" free="9735680" total="14080000" percent="69" />
      <mem type="loa" free="114720" total="141312" percent="81" />
    </mem>
  </mem-info>
</gc-end>
<cycle-end id="2882" type="global" contextid="2874" timestamp="2019-07-02T19:36:51.834">
  <attribute name="GC Util" value="21" />
  <attribute name="CPU Util" value="93206327824836" />
  <attribute name="Time Running"value="3322"/>
  <attribute name="Number of cores"value="4"/>
</cycle-end>
<allocation-satisfied id="2883" threadId="0000000000AB0100" bytesRequested="40" />
<af-end id="2884" timestamp="2019-07-02T19:36:51.835" threadId="0000000000AB0A88" success="true" />
<exclusive-end id="2885" timestamp="2019-07-02T19:36:51.835" durationms="2.611" />

<concurrent-kickoff id="2886" timestamp="2019-07-02T19:36:51.842">
  <kickoff reason="threshold reached" targetBytes="1190937" thresholdFreeBytes="161942" remainingFree="122608" tenureFreeBytes="122608" />
</concurrent-kickoff>
<exclusive-start id="2887" timestamp="2019-07-02T19:36:51.842" intervalms="10.452">
  <response-info timems="0.064" idlems="0.040" threads="1" lastid="0000000000AB7900" lastname="Thread-7" />
</exclusive-start>
<cycle-start id="2888" type="global" contextid="0" timestamp="2019-07-02T19:36:51.842" intervalms="10.302" />
  <attribute name="GC Util" value="21" />
  <attribute name="CPU Util" value="93206327824836" />
  <attribute name="Time Running"value="3322"/>
  <attribute name="Number of cores"value="4"/>
<exclusive-end id="2889" timestamp="2019-07-02T19:36:51.842" durationms="0.085" />

<exclusive-start id="2890" timestamp="2019-07-02T19:36:51.843" intervalms="0.165">
  <response-info timems="0.020" idlems="0.020" threads="0" lastid="0000000000ABB500" lastname="Thread-9" />
</exclusive-start>
<af-start id="2891" threadId="0000000000ABBE88" totalBytesRequested="24" timestamp="2019-07-02T19:36:51.843" intervalms="10.619" />
<concurrent-aborted id="2892" timestamp="2019-07-02T19:36:51.843">
  <reason value="insufficient progress made" />
</concurrent-aborted>
<cycle-end id="2893" type="global" contextid="2888" timestamp="2019-07-02T19:36:51.843">
  <attribute name="GC Util" value="21" />
  <attribute name="CPU Util" value="93206327824836" />
  <attribute name="Time Running"value="3322"/>
  <attribute name="Number of cores"value="4"/>
</cycle-end>
<cycle-start id="2894" type="global" contextid="0" timestamp="2019-07-02T19:36:51.843" intervalms="0.337" />
  <attribute name="GC Util" value="21" />
  <attribute name="CPU Util" value="93206327824836" />
  <attribute name="Time Running"value="3322"/>
  <attribute name="Number of cores"value="4"/>
<gc-start id="2895" type="global" contextid="2894" timestamp="2019-07-02T19:36:51.843">
  <mem-info id="2896" free="114720" total="14221312" percent="0">
    <mem type="tenure" free="114720" total="14221312" percent="0">
      <mem type="soa" free="0" total="14080000" percent="0" />
      <mem type="loa" free="114720" total="141312" percent="81" />
    </mem>
  </mem-info>
</gc-start>
<allocation-stats totalBytes="9732504" >
  <allocated-bytes non-tlh="0" tlh="9732504" />
  <largest-consumer threadName="Thread-7" threadId="0000000000AB7900" bytes="2953520" />
</allocation-stats>
<gc-op id="2897" type="mark" timems="2.345" contextid="2894" timestamp="2019-07-02T19:36:51.845">
  <trace-info objectcount="69544" scancount="61958" scanbytes="2360196" />
  <finalization candidates="124" enqueued="0" />
  <ownableSynchronizers candidates="3" cleared="0" />
  <references type="soft" candidates="84" cleared="0" enqueued="0" dynamicThreshold="22" maxThreshold="32" />
  <references type="weak" candidates="776" cleared="0" enqueued="0" />
  <references type="phantom" candidates="63" cleared="0" enqueued="0" />
  <stringconstants candidates="4574" cleared="0"  />
</gc-op>
<gc-op id="2898" type="sweep" timems="1.051" contextid="2894" timestamp="2019-07-02T19:36:51.846" />
<mem-info id="2899" free="9811096" total="14221312" percent="68">
  <mem type="tenure" free="9811096" total="14221312" percent="68" micro-fragmented="120939">
    <mem type="soa" free="9692152" total="14080000" percent="68" />
    <mem type="loa" free="118944" total="141312" percent="84" />
  </mem>
</mem-info>
<gc-op id="2900" type="compact" timems="6.363" contextid="2894" timestamp="2019-07-02T19:36:51.853">
  <compact-info movecount="29789" movebytes="1265416" reason="compact to aid heap contraction" />
</gc-op>
<heap-resize id="2901" type="contract" space="tenure" amount="131072" count="1" timems="0.042" reason="excess free space following gc" timestamp="2019-07-02T19:36:51.853" />
<gc-end id="2902" type="global" contextid="2894" durationms="10.449" usertimems="16.000" systemtimems="0.000" timestamp="2019-07-02T19:36:51.853" activeThreads="4">
  <mem-info id="2903" free="9758872" total="14090240" percent="69">
    <mem type="tenure" free="9758872" total="14090240" percent="69">
      <mem type="soa" free="9628824" total="13949952" percent="69" />
      <mem type="loa" free="130048" total="140288" percent="92" />
    </mem>
  </mem-info>
</gc-end>
<cycle-end id="2904" type="global" contextid="2894" timestamp="2019-07-02T19:36:51.853">
  <attribute name="GC Util" value="127" />
  <attribute name="CPU Util" value="39716283014935" />
  <attribute name="Time Running"value="3335"/>
  <attribute name="Number of cores"value="4"/>
</cycle-end>
<allocation-satisfied id="2905" threadId="0000000000ABB500" bytesRequested="24" />
<af-end id="2906" timestamp="2019-07-02T19:36:51.854" threadId="0000000000ABBE88" success="true" />
<exclusive-end id="2907" timestamp="2019-07-02T19:36:51.854" durationms="11.080" />

<concurrent-kickoff id="2908" timestamp="2019-07-02T19:36:51.861">
  <kickoff reason="threshold reached" targetBytes="1179960" thresholdFreeBytes="160449" remainingFree="130048" tenureFreeBytes="130048" />
</concurrent-kickoff>
<exclusive-start id="2909" timestamp="2019-07-02T19:36:51.861" intervalms="18.012">
  <response-info timems="0.038" idlems="0.038" threads="0" lastid="0000000000AB7900" lastname="Thread-7" />
</exclusive-start>
<af-start id="2910" threadId="0000000000AB8288" totalBytesRequested="40" timestamp="2019-07-02T19:36:51.861" intervalms="18.018" />
<concurrent-aborted id="2911" timestamp="2019-07-02T19:36:51.861">
  <reason value="insufficient progress made" />
</concurrent-aborted>
<cycle-end id="2912" type="global" contextid="2888" timestamp="2019-07-02T19:36:51.861">
  <attribute name="GC Util" value="127" />
  <attribute name="CPU Util" value="39716283014935" />
  <attribute name="Time Running"value="3335"/>
  <attribute name="Number of cores"value="4"/>
</cycle-end>
<cycle-start id="2913" type="global" contextid="0" timestamp="2019-07-02T19:36:51.861" intervalms="18.031" />
  <attribute name="GC Util" value="127" />
  <attribute name="CPU Util" value="39716283014935" />
  <attribute name="Time Running"value="3335"/>
  <attribute name="Number of cores"value="4"/>
<gc-start id="2914" type="global" contextid="2913" timestamp="2019-07-02T19:36:51.861">
  <mem-info id="2915" free="130048" total="14090240" percent="0">
    <mem type="tenure" free="130048" total="14090240" percent="0">
      <mem type="soa" free="0" total="13949952" percent="0" />
      <mem type="loa" free="130048" total="140288" percent="92" />
    </mem>
  </mem-info>
</gc-start>
<allocation-stats totalBytes="9692920" >
  <allocated-bytes non-tlh="0" tlh="9692920" />
  <largest-consumer threadName="Thread-8" threadId="0000000000AB0100" bytes="2457272" />
</allocation-stats>
<gc-op id="2916" type="mark" timems="2.016" contextid="2913" timestamp="2019-07-02T19:36:51.863">
  <trace-info objectcount="70890" scancount="63312" scanbytes="2393076" />
  <finalization candidates="124" enqueued="0" />
  <ownableSynchronizers candidates="3" cleared="0" />
  <references type="soft" candidates="84" cleared="0" enqueued="0" dynamicThreshold="22" maxThreshold="32" />
  <references type="weak" candidates="776" cleared="0" enqueued="0" />
  <references type="phantom" candidates="63" cleared="0" enqueued="0" />
  <stringconstants candidates="4574" cleared="0"  />
</gc-op>
<gc-op id="2917" type="sweep" timems="0.959" contextid="2913" timestamp="2019-07-02T19:36:51.864" />
<heap-resize id="2918" type="contract" space="tenure" amount="131072" count="1" timems="0.084" reason="excess free space following gc" timestamp="2019-07-02T19:36:51.864" />
<gc-end id="2919" type="global" contextid="2913" durationms="3.427" usertimems="8.000" systemtimems="0.000" timestamp="2019-07-02T19:36:51.864" activeThreads="4">
  <mem-info id="2920" free="9642776" total="13959168" percent="69">
    <mem type="tenure" free="9642776" total="13959168" percent="69" micro-fragmented="9260">
      <mem type="soa" free="9512728" total="13819904" percent="68" />
      <mem type="loa" free="130048" total="139264" percent="93" />
    </mem>
  </mem-info>
</gc-end>
<cycle-end id="2921" type="global" contextid="2913" timestamp="2019-07-02T19:36:51.864">
  <attribute name="GC Util" value="183" />
  <attribute name="CPU Util" value="25826226656092" />
  <attribute name="Time Running"value="3352"/>
  <attribute name="Number of cores"value="4"/>
</cycle-end>
<allocation-satisfied id="2922" threadId="0000000000AB7900" bytesRequested="40" />
<af-end id="2923" timestamp="2019-07-02T19:36:51.865" threadId="0000000000AB8288" success="true" />
<exclusive-end id="2924" timestamp="2019-07-02T19:36:51.865" durationms="4.078" />

<concurrent-kickoff id="2925" timestamp="2019-07-02T19:36:51.872">
  <kickoff reason="threshold reached" targetBytes="1168984" thresholdFreeBytes="158956" remainingFree="130048" tenureFreeBytes="130048" />
</concurrent-kickoff>
<exclusive-start id="2926" timestamp="2019-07-02T19:36:51.872" intervalms="11.284">
  <response-info timems="0.078" idlems="0.057" threads="2" lastid="0000000000ABB500" lastname="Thread-9" />
</exclusive-start>
<af-start id="2927" threadId="0000000000AB8288" totalBytesRequested="24" timestamp="2019-07-02T19:36:51.872" intervalms="11.273" />
<concurrent-aborted id="2928" timestamp="2019-07-02T19:36:51.872">
  <reason value="insufficient progress made" />
</concurrent-aborted>
<cycle-end id="2929" type="global" contextid="2888" timestamp="2019-07-02T19:36:51.872">
  <attribute name="GC Util" value="183" />
  <attribute name="CPU Util" value="25826226656092" />
  <attribute name="Time Running"value="3352"/>
  <attribute name="Number of cores"value="4"/>
</cycle-end>
<cycle-start id="2930" type="global" contextid="0" timestamp="2019-07-02T19:36:51.872" intervalms="11.259" />
  <attribute name="GC Util" value="183" />
  <attribute name="CPU Util" value="25826226656092" />
  <attribute name="Time Running"value="3352"/>
  <attribute name="Number of cores"value="4"/>
<gc-start id="2931" type="global" contextid="2930" timestamp="2019-07-02T19:36:51.872">
  <mem-info id="2932" free="130048" total="13959168" percent="0">
    <mem type="tenure" free="130048" total="13959168" percent="0">
      <mem type="soa" free="0" total="13819904" percent="0" />
      <mem type="loa" free="130048" total="139264" percent="93" />
    </mem>
  </mem-info>
</gc-start>
<allocation-stats totalBytes="9505256" >
  <allocated-bytes non-tlh="0" tlh="9505256" />
  <largest-consumer threadName="Thread-8" threadId="0000000000AB0100" bytes="2457640" />
</allocation-stats>
<gc-op id="2933" type="mark" timems="2.284" contextid="2930" timestamp="2019-07-02T19:36:51.875">
  <trace-info objectcount="72123" scancount="64539" scanbytes="2422228" />
  <finalization candidates="124" enqueued="0" />
  <ownableSynchronizers candidates="3" cleared="0" />
  <references type="soft" candidates="84" cleared="0" enqueued="0" dynamicThreshold="22" maxThreshold="32" />
  <references type="weak" candidates="776" cleared="0" enqueued="0" />
  <references type="phantom" candidates="63" cleared="0" enqueued="0" />
  <stringconstants candidates="4574" cleared="0"  />
</gc-op>
<gc-op id="2934" type="sweep" timems="0.975" contextid="2930" timestamp="2019-07-02T19:36:51.876" />
<heap-resize id="2935" type="contract" space="tenure" amount="131072" count="1" timems="0.056" reason="excess free space following gc" timestamp="2019-07-02T19:36:51.876" />
<gc-end id="2936" type="global" contextid="2930" durationms="3.636" usertimems="8.000" systemtimems="0.000" timestamp="2019-07-02T19:36:51.876" activeThreads="4">
  <mem-info id="2937" free="9346840" total="13828096" percent="67">
    <mem type="tenure" free="9346840" total="13828096" percent="67" micro-fragmented="9247">
      <mem type="soa" free="9346840" total="13689856" percent="68" />
      <mem type="loa" free="0" total="138240" percent="0" />
    </mem>
  </mem-info>
</gc-end>
<cycle-end id="2938" type="global" contextid="2930" timestamp="2019-07-02T19:36:51.876">
  <attribute name="GC Util" value="160" />
  <attribute name="CPU Util" value="25842833764737" />
  <attribute name="Time Running"value="3363"/>
  <attribute name="Number of cores"value="4"/>
</cycle-end>
<allocation-satisfied id="2939" threadId="0000000000AB7900" bytesRequested="24" />
<af-end id="2940" timestamp="2019-07-02T19:36:51.876" threadId="0000000000AB8288" success="true" />
<exclusive-end id="2941" timestamp="2019-07-02T19:36:51.876" durationms="4.223" />

<concurrent-kickoff id="2942" timestamp="2019-07-02T19:36:51.883">
  <kickoff reason="threshold reached" targetBytes="1158008" thresholdFreeBytes="157463" remainingFree="152720" tenureFreeBytes="152720" />
</concurrent-kickoff>
<exclusive-start id="2943" timestamp="2019-07-02T19:36:51.883" intervalms="11.341">
  <response-info timems="0.074" idlems="0.047" threads="1" lastid="0000000000AB3D00" lastname="Thread-10" />
</exclusive-start>
<cycle-start id="2944" type="global" contextid="0" timestamp="2019-07-02T19:36:51.883" intervalms="11.184" />
  <attribute name="GC Util" value="160" />
  <attribute name="CPU Util" value="25842833764737" />
  <attribute name="Time Running"value="3363"/>
  <attribute name="Number of cores"value="4"/>
<exclusive-end id="2945" timestamp="2019-07-02T19:36:51.883" durationms="0.097" />

<exclusive-start id="2946" timestamp="2019-07-02T19:36:51.884" intervalms="1.010">
  <response-info timems="0.028" idlems="0.028" threads="0" lastid="0000000000ABB500" lastname="Thread-9" />
</exclusive-start>
<af-start id="2947" threadId="0000000000ABBE88" totalBytesRequested="24" timestamp="2019-07-02T19:36:51.884" intervalms="12.363" />
<gc-start id="2948" type="global" contextid="2944" timestamp="2019-07-02T19:36:51.884">
  <mem-info id="2949" free="0" total="13828096" percent="0">
    <mem type="tenure" free="0" total="13828096" percent="0">
      <mem type="soa" free="0" total="13689856" percent="0" />
      <mem type="loa" free="0" total="138240" percent="0" />
    </mem>
  </mem-info>
</gc-start>
<allocation-stats totalBytes="9332288" >
  <allocated-bytes non-tlh="0" tlh="9332288" />
  <largest-consumer threadName="Thread-8" threadId="0000000000AB0100" bytes="2393960" />
</allocation-stats>
<concurrent-halted id="2950" timestamp="2019-07-02T19:36:51.884">
  <halted state="Tracing incomplete" status="clean trace" />
  <traced bytesTarget="1158008" bytesTotal="1732960" bytesByMutator="1052420" bytesByHelper="680540" percent="149" />
  <cards cleaned="0" thresholdBytes="62030" />
</concurrent-halted>
<gc-op id="2951" type="tracing" timems="0.453" contextid="2944" timestamp="2019-07-02T19:36:51.885">
  <trace bytesTraced="577728" workStackOverflowCount="0" />
</gc-op>
<gc-op id="2952" type="card-cleaning" timems="0.291" contextid="2944" timestamp="2019-07-02T19:36:51.885">
  <card-cleaning cardsCleaned="46" bytesTraced="31224" workStackOverflowCount="0" />
</gc-op>
<gc-op id="2953" type="mark" timems="1.590" contextid="2944" timestamp="2019-07-02T19:36:51.887">
  <trace-info objectcount="3980" scancount="4544" scanbytes="146152" />
  <finalization candidates="124" enqueued="0" />
  <ownableSynchronizers candidates="3" cleared="0" />
  <references type="soft" candidates="84" cleared="0" enqueued="0" dynamicThreshold="21" maxThreshold="32" />
  <references type="weak" candidates="776" cleared="0" enqueued="0" />
  <references type="phantom" candidates="63" cleared="0" enqueued="0" />
  <stringconstants candidates="4574" cleared="0"  />
</gc-op>
<gc-op id="2954" type="sweep" timems="1.073" contextid="2944" timestamp="2019-07-02T19:36:51.888" />
<mem-info id="2955" free="9236776" total="13828096" percent="66">
  <mem type="tenure" free="9236776" total="13828096" percent="66" micro-fragmented="14351">
    <mem type="soa" free="9236776" total="13689856" percent="67" />
    <mem type="loa" free="0" total="138240" percent="0" />
  </mem>
</mem-info>
<gc-op id="2956" type="compact" timems="4.864" contextid="2944" timestamp="2019-07-02T19:36:51.893">
  <compact-info movecount="10199" movebytes="384600" reason="compact to aid heap contraction" />
</gc-op>
<heap-resize id="2957" type="contract" space="tenure" amount="131072" count="1" timems="0.084" reason="excess free space following gc" timestamp="2019-07-02T19:36:51.893" />
<gc-end id="2958" type="global" contextid="2944" durationms="9.200" usertimems="12.000" systemtimems="4.000" timestamp="2019-07-02T19:36:51.894" activeThreads="4">
  <mem-info id="2959" free="9269336" total="13697024" percent="67">
    <mem type="tenure" free="9269336" total="13697024" percent="67">
      <mem type="soa" free="9140312" total="13560832" percent="67" />
      <mem type="loa" free="129024" total="136192" percent="94" />
    </mem>
  </mem-info>
</gc-end>
<cycle-end id="2960" type="global" contextid="2944" timestamp="2019-07-02T19:36:51.894">
  <attribute name="GC Util" value="134" />
  <attribute name="CPU Util" value="38830754238164" />
  <attribute name="Time Running"value="3376"/>
  <attribute name="Number of cores"value="4"/>
</cycle-end>
<allocation-satisfied id="2961" threadId="0000000000ABB500" bytesRequested="24" />
<af-end id="2962" timestamp="2019-07-02T19:36:51.894" threadId="0000000000ABBE88" success="true" />
<exclusive-end id="2963" timestamp="2019-07-02T19:36:51.894" durationms="9.758" />

<concurrent-kickoff id="2964" timestamp="2019-07-02T19:36:51.900">
  <kickoff reason="threshold reached" targetBytes="1350493" thresholdFreeBytes="182904" remainingFree="155736" tenureFreeBytes="155736" />
</concurrent-kickoff>
<exclusive-start id="2965" timestamp="2019-07-02T19:36:51.900" intervalms="15.762">
  <response-info timems="0.073" idlems="0.046" threads="1" lastid="0000000000AB3D00" lastname="Thread-10" />
</exclusive-start>
<cycle-start id="2966" type="global" contextid="0" timestamp="2019-07-02T19:36:51.900" intervalms="16.780" />
  <attribute name="GC Util" value="134" />
  <attribute name="CPU Util" value="38830754238164" />
  <attribute name="Time Running"value="3376"/>
  <attribute name="Number of cores"value="4"/>
<exclusive-end id="2967" timestamp="2019-07-02T19:36:51.900" durationms="0.112" />

<exclusive-start id="2968" timestamp="2019-07-02T19:36:51.900" intervalms="0.286">
  <response-info timems="0.018" idlems="0.018" threads="0" lastid="0000000000AB7900" lastname="Thread-7" />
</exclusive-start>
<af-start id="2969" threadId="0000000000AB8288" totalBytesRequested="40" timestamp="2019-07-02T19:36:51.900" intervalms="16.040" />
<concurrent-aborted id="2970" timestamp="2019-07-02T19:36:51.900">
  <reason value="insufficient progress made" />
</concurrent-aborted>
<cycle-end id="2971" type="global" contextid="2966" timestamp="2019-07-02T19:36:51.900">
  <attribute name="GC Util" value="134" />
  <attribute name="CPU Util" value="38830754238164" />
  <attribute name="Time Running"value="3376"/>
  <attribute name="Number of cores"value="4"/>
</cycle-end>
<cycle-start id="2972" type="global" contextid="0" timestamp="2019-07-02T19:36:51.900" intervalms="0.445" />
  <attribute name="GC Util" value="134" />
  <attribute name="CPU Util" value="38830754238164" />
  <attribute name="Time Running"value="3376"/>
  <attribute name="Number of cores"value="4"/>
<gc-start id="2973" type="global" contextid="2972" timestamp="2019-07-02T19:36:51.901">
  <mem-info id="2974" free="129024" total="13697024" percent="0">
    <mem type="tenure" free="129024" total="13697024" percent="0">
      <mem type="soa" free="0" total="13560832" percent="0" />
      <mem type="loa" free="129024" total="136192" percent="94" />
    </mem>
  </mem-info>
</gc-start>
<allocation-stats totalBytes="9204648" >
  <allocated-bytes non-tlh="0" tlh="9204648" />
  <largest-consumer threadName="Thread-8" threadId="0000000000AB0100" bytes="2592392" />
</allocation-stats>
<gc-op id="2975" type="mark" timems="2.217" contextid="2972" timestamp="2019-07-02T19:36:51.903">
  <trace-info objectcount="65105" scancount="57557" scanbytes="2254340" />
  <finalization candidates="124" enqueued="0" />
  <ownableSynchronizers candidates="3" cleared="0" />
  <references type="soft" candidates="84" cleared="0" enqueued="0" dynamicThreshold="21" maxThreshold="32" />
  <references type="weak" candidates="776" cleared="0" enqueued="0" />
  <references type="phantom" candidates="63" cleared="0" enqueued="0" />
  <stringconstants candidates="4574" cleared="0"  />
</gc-op>
<gc-op id="2976" type="sweep" timems="0.777" contextid="2972" timestamp="2019-07-02T19:36:51.904" />
<heap-resize id="2977" type="contract" space="tenure" amount="131072" count="1" timems="0.044" reason="excess free space following gc" timestamp="2019-07-02T19:36:51.904" />
<gc-end id="2978" type="global" contextid="2972" durationms="3.327" usertimems="8.000" systemtimems="0.000" timestamp="2019-07-02T19:36:51.904" activeThreads="4">
  <mem-info id="2979" free="9210392" total="13565952" percent="67">
    <mem type="tenure" free="9210392" total="13565952" percent="67" micro-fragmented="106377">
      <mem type="soa" free="9096200" total="13430784" percent="67" />
      <mem type="loa" free="114192" total="135168" percent="84" />
    </mem>
  </mem-info>
</gc-end>
<cycle-end id="2980" type="global" contextid="2972" timestamp="2019-07-02T19:36:51.904">
  <attribute name="GC Util" value="194" />
  <attribute name="CPU Util" value="35786469265854" />
  <attribute name="Time Running"value="3391"/>
  <attribute name="Number of cores"value="4"/>
</cycle-end>
<allocation-satisfied id="2981" threadId="0000000000AB7900" bytesRequested="40" />
<af-end id="2982" timestamp="2019-07-02T19:36:51.904" threadId="0000000000AB8288" success="true" />
<exclusive-end id="2983" timestamp="2019-07-02T19:36:51.904" durationms="3.809" />

<concurrent-kickoff id="2984" timestamp="2019-07-02T19:36:51.911">
  <kickoff reason="threshold reached" targetBytes="1337570" thresholdFreeBytes="181154" remainingFree="168368" tenureFreeBytes="168368" />
</concurrent-kickoff>
<exclusive-start id="2985" timestamp="2019-07-02T19:36:51.911" intervalms="10.486">
  <response-info timems="0.069" idlems="0.041" threads="1" lastid="0000000000AB7900" lastname="Thread-7" />
</exclusive-start>
<cycle-start id="2986" type="global" contextid="0" timestamp="2019-07-02T19:36:51.911" intervalms="10.319" />
  <attribute name="GC Util" value="194" />
  <attribute name="CPU Util" value="35786469265854" />
  <attribute name="Time Running"value="3391"/>
  <attribute name="Number of cores"value="4"/>
<exclusive-end id="2987" timestamp="2019-07-02T19:36:51.911" durationms="0.095" />

<exclusive-start id="2988" timestamp="2019-07-02T19:36:51.911" intervalms="0.257">
  <response-info timems="0.038" idlems="0.029" threads="2" lastid="0000000000AB0100" lastname="Thread-8" />
</exclusive-start>
<af-start id="2989" threadId="0000000000ABBE88" totalBytesRequested="40" timestamp="2019-07-02T19:36:51.911" intervalms="10.745" />
<concurrent-aborted id="2990" timestamp="2019-07-02T19:36:51.911">
  <reason value="insufficient progress made" />
</concurrent-aborted>
<cycle-end id="2991" type="global" contextid="2986" timestamp="2019-07-02T19:36:51.911">
  <attribute name="GC Util" value="194" />
  <attribute name="CPU Util" value="35786469265854" />
  <attribute name="Time Running"value="3391"/>
  <attribute name="Number of cores"value="4"/>
</cycle-end>
<cycle-start id="2992" type="global" contextid="0" timestamp="2019-07-02T19:36:51.911" intervalms="0.418" />
  <attribute name="GC Util" value="194" />
  <attribute name="CPU Util" value="35786469265854" />
  <attribute name="Time Running"value="3391"/>
  <attribute name="Number of cores"value="4"/>
<gc-start id="2993" type="global" contextid="2992" timestamp="2019-07-02T19:36:51.911">
  <mem-info id="2994" free="114192" total="13565952" percent="0">
    <mem type="tenure" free="114192" total="13565952" percent="0">
      <mem type="soa" free="0" total="13430784" percent="0" />
      <mem type="loa" free="114192" total="135168" percent="84" />
    </mem>
  </mem-info>
</gc-start>
<allocation-stats totalBytes="9155736" >
  <allocated-bytes non-tlh="0" tlh="9155736" />
  <largest-consumer threadName="Thread-9" threadId="0000000000ABB500" bytes="2727432" />
</allocation-stats>
<gc-op id="2995" type="mark" timems="2.023" contextid="2992" timestamp="2019-07-02T19:36:51.913">
  <trace-info objectcount="67570" scancount="59985" scanbytes="2313244" />
  <finalization candidates="124" enqueued="0" />
  <ownableSynchronizers candidates="3" cleared="0" />
  <references type="soft" candidates="84" cleared="0" enqueued="0" dynamicThreshold="21" maxThreshold="32" />
  <references type="weak" candidates="776" cleared="0" enqueued="0" />
  <references type="phantom" candidates="63" cleared="0" enqueued="0" />
  <stringconstants candidates="4574" cleared="0"  />
</gc-op>
<gc-op id="2996" type="sweep" timems="1.151" contextid="2992" timestamp="2019-07-02T19:36:51.915" />
<mem-info id="2997" free="9191600" total="13565952" percent="67">
  <mem type="tenure" free="9191600" total="13565952" percent="67" micro-fragmented="58836">
    <mem type="soa" free="9077408" total="13430784" percent="67" />
    <mem type="loa" free="114192" total="135168" percent="84" />
  </mem>
</mem-info>
<gc-op id="2998" type="compact" timems="5.890" contextid="2992" timestamp="2019-07-02T19:36:51.921">
  <compact-info movecount="27816" movebytes="1218488" reason="compact to aid heap contraction" />
</gc-op>
<heap-resize id="2999" type="contract" space="tenure" amount="131072" count="1" timems="0.081" reason="excess free space following gc" timestamp="2019-07-02T19:36:51.921" />
<gc-end id="3000" type="global" contextid="2992" durationms="9.775" usertimems="16.000" systemtimems="0.000" timestamp="2019-07-02T19:36:51.921" activeThreads="4">
  <mem-info id="3001" free="9156608" total="13434880" percent="68">
    <mem type="tenure" free="9156608" total="13434880" percent="68">
      <mem type="soa" free="9026560" total="13300736" percent="67" />
      <mem type="loa" free="130048" total="134144" percent="96" />
    </mem>
  </mem-info>
</gc-end>
<cycle-end id="3002" type="global" contextid="2992" timestamp="2019-07-02T19:36:51.921">
  <attribute name="GC Util" value="144" />
  <attribute name="CPU Util" value="40162472163749" />
  <attribute name="Time Running"value="3403"/>
  <attribute name="Number of cores"value="4"/>
</cycle-end>
<allocation-satisfied id="3003" threadId="0000000000ABB500" bytesRequested="40" />
<af-end id="3004" timestamp="2019-07-02T19:36:51.921" threadId="0000000000ABBE88" success="true" />
<exclusive-end id="3005" timestamp="2019-07-02T19:36:51.921" durationms="10.423" />

<concurrent-kickoff id="3006" timestamp="2019-07-02T19:36:51.927">
  <kickoff reason="threshold reached" targetBytes="1324647" thresholdFreeBytes="179403" remainingFree="178176" tenureFreeBytes="178176" />
</concurrent-kickoff>
<exclusive-start id="3007" timestamp="2019-07-02T19:36:51.927" intervalms="16.413">
  <response-info timems="0.018" idlems="0.018" threads="0" lastid="0000000000ABB500" lastname="Thread-9" />
</exclusive-start>
<cycle-start id="3008" type="global" contextid="0" timestamp="2019-07-02T19:36:51.928" intervalms="16.291" />
  <attribute name="GC Util" value="144" />
  <attribute name="CPU Util" value="40162472163749" />
  <attribute name="Time Running"value="3403"/>
  <attribute name="Number of cores"value="4"/>
<exclusive-end id="3009" timestamp="2019-07-02T19:36:51.928" durationms="0.142" />

<exclusive-start id="3010" timestamp="2019-07-02T19:36:51.928" intervalms="0.349">
  <response-info timems="0.022" idlems="0.022" threads="0" lastid="0000000000AB3D00" lastname="Thread-10" />
</exclusive-start>
<af-start id="3011" threadId="0000000000AB4688" totalBytesRequested="40" timestamp="2019-07-02T19:36:51.928" intervalms="16.774" />
<concurrent-aborted id="3012" timestamp="2019-07-02T19:36:51.928">
  <reason value="insufficient progress made" />
</concurrent-aborted>
<cycle-end id="3013" type="global" contextid="3008" timestamp="2019-07-02T19:36:51.928">
  <attribute name="GC Util" value="144" />
  <attribute name="CPU Util" value="40162472163749" />
  <attribute name="Time Running"value="3403"/>
  <attribute name="Number of cores"value="4"/>
</cycle-end>
<cycle-start id="3014" type="global" contextid="0" timestamp="2019-07-02T19:36:51.928" intervalms="0.513" />
  <attribute name="GC Util" value="144" />
  <attribute name="CPU Util" value="40162472163749" />
  <attribute name="Time Running"value="3403"/>
  <attribute name="Number of cores"value="4"/>
<gc-start id="3015" type="global" contextid="3014" timestamp="2019-07-02T19:36:51.928">
  <mem-info id="3016" free="130048" total="13434880" percent="0">
    <mem type="tenure" free="130048" total="13434880" percent="0">
      <mem type="soa" free="0" total="13300736" percent="0" />
      <mem type="loa" free="130048" total="134144" percent="96" />
    </mem>
  </mem-info>
</gc-start>
<allocation-stats totalBytes="9090984" >
  <allocated-bytes non-tlh="0" tlh="9090984" />
  <largest-consumer threadName="Thread-9" threadId="0000000000ABB500" bytes="2588376" />
</allocation-stats>
<gc-op id="3017" type="mark" timems="1.056" contextid="3014" timestamp="2019-07-02T19:36:51.929">
  <trace-info objectcount="70214" scancount="62636" scanbytes="2376732" />
  <finalization candidates="124" enqueued="0" />
  <ownableSynchronizers candidates="3" cleared="0" />
  <references type="soft" candidates="84" cleared="0" enqueued="0" dynamicThreshold="21" maxThreshold="32" />
  <references type="weak" candidates="776" cleared="0" enqueued="0" />
  <references type="phantom" candidates="63" cleared="0" enqueued="0" />
  <stringconstants candidates="4574" cleared="0"  />
</gc-op>
<gc-op id="3018" type="sweep" timems="0.303" contextid="3014" timestamp="2019-07-02T19:36:51.930" />
<heap-resize id="3019" type="contract" space="tenure" amount="131072" count="1" timems="0.098" reason="excess free space following gc" timestamp="2019-07-02T19:36:51.930" />
<gc-end id="3020" type="global" contextid="3014" durationms="1.893" usertimems="4.000" systemtimems="0.000" timestamp="2019-07-02T19:36:51.930" activeThreads="4">
  <mem-info id="3021" free="8969544" total="13303808" percent="67">
    <mem type="tenure" free="8969544" total="13303808" percent="67" micro-fragmented="3850">
      <mem type="soa" free="8878944" total="13171712" percent="67" />
      <mem type="loa" free="90600" total="132096" percent="68" />
    </mem>
  </mem-info>
</gc-end>
<cycle-end id="3022" type="global" contextid="3014" timestamp="2019-07-02T19:36:51.930">
  <attribute name="GC Util" value="23" />
  <attribute name="CPU Util" value="88064314772139" />
  <attribute name="Time Running"value="3418"/>
  <attribute name="Number of cores"value="4"/>
</cycle-end>
<allocation-satisfied id="3023" threadId="0000000000AB3D00" bytesRequested="40" />
<af-end id="3024" timestamp="2019-07-02T19:36:51.930" threadId="0000000000AB4688" success="true" />
<exclusive-end id="3025" timestamp="2019-07-02T19:36:51.930" durationms="2.435" />

<concurrent-kickoff id="3026" timestamp="2019-07-02T19:36:51.936">
  <kickoff reason="threshold reached" targetBytes="1311725" thresholdFreeBytes="177653" remainingFree="133344" tenureFreeBytes="133344" />
</concurrent-kickoff>
<exclusive-start id="3027" timestamp="2019-07-02T19:36:51.936" intervalms="8.532">
  <response-info timems="0.073" idlems="0.046" threads="1" lastid="0000000000AB7900" lastname="Thread-7" />
</exclusive-start>
<cycle-start id="3028" type="global" contextid="0" timestamp="2019-07-02T19:36:51.936" intervalms="8.335" />
  <attribute name="GC Util" value="23" />
  <attribute name="CPU Util" value="88064314772139" />
  <attribute name="Time Running"value="3418"/>
  <attribute name="Number of cores"value="4"/>
<exclusive-end id="3029" timestamp="2019-07-02T19:36:51.936" durationms="0.118" />

<exclusive-start id="3030" timestamp="2019-07-02T19:36:51.937" intervalms="0.419">
  <response-info timems="0.024" idlems="0.013" threads="1" lastid="0000000000AB3D00" lastname="Thread-10" />
</exclusive-start>
<af-start id="3031" threadId="0000000000AB8288" totalBytesRequested="40" timestamp="2019-07-02T19:36:51.937" intervalms="8.940" />
<gc-start id="3032" type="global" contextid="3028" timestamp="2019-07-02T19:36:51.937">
  <mem-info id="3033" free="90600" total="13303808" percent="0">
    <mem type="tenure" free="90600" total="13303808" percent="0">
      <mem type="soa" free="0" total="13171712" percent="0" />
      <mem type="loa" free="90600" total="132096" percent="68" />
    </mem>
  </mem-info>
</gc-start>
<allocation-stats totalBytes="8872240" >
  <allocated-bytes non-tlh="0" tlh="8872240" />
  <largest-consumer threadName="Thread-9" threadId="0000000000ABB500" bytes="2698528" />
</allocation-stats>
<concurrent-halted id="3034" timestamp="2019-07-02T19:36:51.937">
  <halted state="Tracing incomplete" status="trace only" />
  <traced bytesTarget="1311725" bytesTotal="6968" bytesByMutator="6968" bytesByHelper="0" percent="0" />
  <cards cleaned="0" thresholdBytes="69984" />
</concurrent-halted>
<gc-op id="3035" type="tracing" timems="0.809" contextid="3028" timestamp="2019-07-02T19:36:51.938">
  <trace bytesTraced="1783260" workStackOverflowCount="0" />
</gc-op>
<gc-op id="3036" type="card-cleaning" timems="0.430" contextid="3028" timestamp="2019-07-02T19:36:51.938">
  <card-cleaning cardsCleaned="17" bytesTraced="7604" workStackOverflowCount="0" />
</gc-op>
<gc-op id="3037" type="mark" timems="1.481" contextid="3028" timestamp="2019-07-02T19:36:51.940">
  <trace-info objectcount="21710" scancount="16699" scanbytes="529440" />
  <finalization candidates="124" enqueued="0" />
  <ownableSynchronizers candidates="3" cleared="0" />
  <references type="soft" candidates="84" cleared="0" enqueued="0" dynamicThreshold="21" maxThreshold="32" />
  <references type="weak" candidates="776" cleared="0" enqueued="0" />
  <references type="phantom" candidates="63" cleared="0" enqueued="0" />
  <stringconstants candidates="4574" cleared="0"  />
</gc-op>
<gc-op id="3038" type="sweep" timems="1.001" contextid="3028" timestamp="2019-07-02T19:36:51.941" />
<mem-info id="3039" free="8975136" total="13303808" percent="67">
  <mem type="tenure" free="8975136" total="13303808" percent="67" micro-fragmented="71521">
    <mem type="soa" free="8884536" total="13171712" percent="67" />
    <mem type="loa" free="90600" total="132096" percent="68" />
  </mem>
</mem-info>
<gc-op id="3040" type="compact" timems="5.732" contextid="3028" timestamp="2019-07-02T19:36:51.947">
  <compact-info movecount="28051" movebytes="1224600" reason="compact to aid heap contraction" />
</gc-op>
<heap-resize id="3041" type="contract" space="tenure" amount="131072" count="1" timems="0.087" reason="excess free space following gc" timestamp="2019-07-02T19:36:51.947" />
<gc-end id="3042" type="global" contextid="3028" durationms="10.398" usertimems="12.000" systemtimems="4.000" timestamp="2019-07-02T19:36:51.947" activeThreads="4">
  <mem-info id="3043" free="8891088" total="13172736" percent="67">
    <mem type="tenure" free="8891088" total="13172736" percent="67">
      <mem type="soa" free="8761040" total="13041664" percent="67" />
      <mem type="loa" free="130048" total="131072" percent="99" />
    </mem>
  </mem-info>
</gc-end>
<cycle-end id="3044" type="global" contextid="3028" timestamp="2019-07-02T19:36:51.947">
  <attribute name="GC Util" value="140" />
  <attribute name="CPU Util" value="44259721942408" />
  <attribute name="Time Running"value="3429"/>
  <attribute name="Number of cores"value="4"/>
</cycle-end>
<allocation-satisfied id="3045" threadId="0000000000AB7900" bytesRequested="40" />
<af-end id="3046" timestamp="2019-07-02T19:36:51.948" threadId="0000000000AB8288" success="true" />
<exclusive-end id="3047" timestamp="2019-07-02T19:36:51.948" durationms="10.998" />

<concurrent-kickoff id="3048" timestamp="2019-07-02T19:36:51.954">
  <kickoff reason="threshold reached" targetBytes="1055011" thresholdFreeBytes="143530" remainingFree="130048" tenureFreeBytes="130048" />
</concurrent-kickoff>
<exclusive-start id="3049" timestamp="2019-07-02T19:36:51.954" intervalms="16.852">
  <response-info timems="0.020" idlems="0.020" threads="0" lastid="0000000000AB3D00" lastname="Thread-10" />
</exclusive-start>
<cycle-start id="3050" type="global" contextid="0" timestamp="2019-07-02T19:36:51.954" intervalms="17.274" />
  <attribute name="GC Util" value="140" />
  <attribute name="CPU Util" value="44259721942408" />
  <attribute name="Time Running"value="3429"/>
  <attribute name="Number of cores"value="4"/>
<exclusive-end id="3051" timestamp="2019-07-02T19:36:51.954" durationms="0.128" />

<exclusive-start id="3052" timestamp="2019-07-02T19:36:51.954" intervalms="0.258">
  <response-info timems="0.019" idlems="0.019" threads="0" lastid="0000000000AB7900" lastname="Thread-7" />
</exclusive-start>
<af-start id="3053" threadId="0000000000AB8288" totalBytesRequested="40" timestamp="2019-07-02T19:36:51.954" intervalms="17.141" />
<concurrent-aborted id="3054" timestamp="2019-07-02T19:36:51.954">
  <reason value="insufficient progress made" />
</concurrent-aborted>
<cycle-end id="3055" type="global" contextid="3050" timestamp="2019-07-02T19:36:51.954">
  <attribute name="GC Util" value="140" />
  <attribute name="CPU Util" value="44259721942408" />
  <attribute name="Time Running"value="3429"/>
  <attribute name="Number of cores"value="4"/>
</cycle-end>
<cycle-start id="3056" type="global" contextid="0" timestamp="2019-07-02T19:36:51.954" intervalms="0.444" />
  <attribute name="GC Util" value="140" />
  <attribute name="CPU Util" value="44259721942408" />
  <attribute name="Time Running"value="3429"/>
  <attribute name="Number of cores"value="4"/>
<gc-start id="3057" type="global" contextid="3056" timestamp="2019-07-02T19:36:51.954">
  <mem-info id="3058" free="130048" total="13172736" percent="0">
    <mem type="tenure" free="130048" total="13172736" percent="0">
      <mem type="soa" free="0" total="13041664" percent="0" />
      <mem type="loa" free="130048" total="131072" percent="99" />
    </mem>
  </mem-info>
</gc-start>
<allocation-stats totalBytes="8825544" >
  <allocated-bytes non-tlh="0" tlh="8825544" />
  <largest-consumer threadName="Thread-9" threadId="0000000000ABB500" bytes="2457344" />
</allocation-stats>
<gc-op id="3059" type="mark" timems="2.370" contextid="3056" timestamp="2019-07-02T19:36:51.957">
  <trace-info objectcount="70789" scancount="63216" scanbytes="2390820" />
  <finalization candidates="124" enqueued="0" />
  <ownableSynchronizers candidates="3" cleared="0" />
  <references type="soft" candidates="84" cleared="0" enqueued="0" dynamicThreshold="21" maxThreshold="32" />
  <references type="weak" candidates="776" cleared="0" enqueued="0" />
  <references type="phantom" candidates="63" cleared="0" enqueued="0" />
  <stringconstants candidates="4574" cleared="0"  />
</gc-op>
<gc-op id="3060" type="sweep" timems="0.806" contextid="3056" timestamp="2019-07-02T19:36:51.957" />
<heap-resize id="3061" type="contract" space="tenure" amount="65536" count="1" timems="0.092" reason="excess free space following gc" timestamp="2019-07-02T19:36:51.958" />
<gc-end id="3062" type="global" contextid="3056" durationms="3.626" usertimems="8.000" systemtimems="0.000" timestamp="2019-07-02T19:36:51.958" activeThreads="4">
  <mem-info id="3063" free="8744168" total="13107200" percent="66">
    <mem type="tenure" free="8744168" total="13107200" percent="66" micro-fragmented="18973">
      <mem type="soa" free="8678632" total="12976128" percent="66" />
      <mem type="loa" free="65536" total="131072" percent="50" />
    </mem>
  </mem-info>
</gc-end>
<cycle-end id="3064" type="global" contextid="3056" timestamp="2019-07-02T19:36:51.958">
  <attribute name="GC Util" value="183" />
  <attribute name="CPU Util" value="32730089583447" />
  <attribute name="Time Running"value="3445"/>
  <attribute name="Number of cores"value="4"/>
</cycle-end>
<allocation-satisfied id="3065" threadId="0000000000AB7900" bytesRequested="40" />
<af-end id="3066" timestamp="2019-07-02T19:36:51.958" threadId="0000000000AB8288" success="true" />
<exclusive-end id="3067" timestamp="2019-07-02T19:36:51.958" durationms="4.203" />

<concurrent-kickoff id="3068" timestamp="2019-07-02T19:36:51.964">
  <kickoff reason="threshold reached" targetBytes="1049762" thresholdFreeBytes="142816" remainingFree="138936" tenureFreeBytes="138936" />
</concurrent-kickoff>
<exclusive-start id="3069" timestamp="2019-07-02T19:36:51.964" intervalms="10.118">
  <response-info timems="0.077" idlems="0.047" threads="1" lastid="0000000000ABB500" lastname="Thread-9" />
</exclusive-start>
<cycle-start id="3070" type="global" contextid="0" timestamp="2019-07-02T19:36:51.964" intervalms="9.923" />
  <attribute name="GC Util" value="183" />
  <attribute name="CPU Util" value="32730089583447" />
  <attribute name="Time Running"value="3445"/>
  <attribute name="Number of cores"value="4"/>
<exclusive-end id="3071" timestamp="2019-07-02T19:36:51.964" durationms="0.103" />

<exclusive-start id="3072" timestamp="2019-07-02T19:36:51.964" intervalms="0.385">
  <response-info timems="0.027" idlems="0.027" threads="0" lastid="0000000000ABB500" lastname="Thread-9" />
</exclusive-start>
<af-start id="3073" threadId="0000000000ABBE88" totalBytesRequested="40" timestamp="2019-07-02T19:36:51.964" intervalms="10.470" />
<gc-start id="3074" type="global" contextid="3070" timestamp="2019-07-02T19:36:51.964">
  <mem-info id="3075" free="65536" total="13107200" percent="0">
    <mem type="tenure" free="65536" total="13107200" percent="0">
      <mem type="soa" free="0" total="12976128" percent="0" />
      <mem type="loa" free="65536" total="131072" percent="50" />
    </mem>
  </mem-info>
</gc-start>
<allocation-stats totalBytes="8670784" >
  <allocated-bytes non-tlh="0" tlh="8670784" />
  <largest-consumer threadName="Thread-9" threadId="0000000000ABB500" bytes="2610888" />
</allocation-stats>
<concurrent-halted id="3076" timestamp="2019-07-02T19:36:51.965">
  <halted state="Tracing incomplete" status="trace only" />
  <traced bytesTarget="1049762" bytesTotal="396780" bytesByMutator="228776" bytesByHelper="168004" percent="37" />
  <cards cleaned="0" thresholdBytes="56260" />
</concurrent-halted>
<gc-op id="3077" type="tracing" timems="0.711" contextid="3070" timestamp="2019-07-02T19:36:51.965">
  <trace bytesTraced="1490524" workStackOverflowCount="0" />
</gc-op>
<gc-op id="3078" type="card-cleaning" timems="0.436" contextid="3070" timestamp="2019-07-02T19:36:51.966">
  <card-cleaning cardsCleaned="16" bytesTraced="16048" workStackOverflowCount="0" />
</gc-op>
<gc-op id="3079" type="mark" timems="1.316" contextid="3070" timestamp="2019-07-02T19:36:51.967">
  <trace-info objectcount="21771" scancount="16759" scanbytes="531516" />
  <finalization candidates="124" enqueued="0" />
  <ownableSynchronizers candidates="3" cleared="0" />
  <references type="soft" candidates="84" cleared="0" enqueued="0" dynamicThreshold="21" maxThreshold="32" />
  <references type="weak" candidates="776" cleared="0" enqueued="0" />
  <references type="phantom" candidates="63" cleared="0" enqueued="0" />
  <stringconstants candidates="4574" cleared="0"  />
</gc-op>
<gc-op id="3080" type="sweep" timems="1.241" contextid="3070" timestamp="2019-07-02T19:36:51.969" />
<heap-resize id="3081" type="contract" space="tenure" amount="65536" count="1" timems="0.100" reason="excess free space following gc" timestamp="2019-07-02T19:36:51.969" />
<gc-end id="3082" type="global" contextid="3070" durationms="4.410" usertimems="8.000" systemtimems="0.000" timestamp="2019-07-02T19:36:51.969" activeThreads="4">
  <mem-info id="3083" free="8533744" total="13041664" percent="65">
    <mem type="tenure" free="8533744" total="13041664" percent="65" micro-fragmented="28453">
      <mem type="soa" free="8533744" total="12911616" percent="66" />
      <mem type="loa" free="0" total="130048" percent="0" />
    </mem>
  </mem-info>
</gc-end>
<cycle-end id="3084" type="global" contextid="3070" timestamp="2019-07-02T19:36:51.969">
  <attribute name="GC Util" value="173" />
  <attribute name="CPU Util" value="24471474023258" />
  <attribute name="Time Running"value="3456"/>
  <attribute name="Number of cores"value="4"/>
</cycle-end>
<allocation-satisfied id="3085" threadId="0000000000ABB500" bytesRequested="40" />
<af-end id="3086" timestamp="2019-07-02T19:36:51.969" threadId="0000000000ABBE88" success="true" />
<exclusive-end id="3087" timestamp="2019-07-02T19:36:51.969" durationms="4.776" />

<concurrent-kickoff id="3088" timestamp="2019-07-02T19:36:51.975">
  <kickoff reason="threshold reached" targetBytes="952199" thresholdFreeBytes="129837" remainingFree="125504" tenureFreeBytes="120472" />
</concurrent-kickoff>
<exclusive-start id="3089" timestamp="2019-07-02T19:36:51.975" intervalms="10.817">
  <response-info timems="0.066" idlems="0.042" threads="1" lastid="0000000000AB0100" lastname="Thread-8" />
</exclusive-start>
<cycle-start id="3090" type="global" contextid="0" timestamp="2019-07-02T19:36:51.975" intervalms="11.206" />
  <attribute name="GC Util" value="173" />
  <attribute name="CPU Util" value="24471474023258" />
  <attribute name="Time Running"value="3456"/>
  <attribute name="Number of cores"value="4"/>
<exclusive-end id="3091" timestamp="2019-07-02T19:36:51.975" durationms="0.108" />

<exclusive-start id="3092" timestamp="2019-07-02T19:36:51.976" intervalms="0.932">
  <response-info timems="0.042" idlems="0.028" threads="1" lastid="0000000000AB0100" lastname="Thread-8" />
</exclusive-start>
<af-start id="3093" threadId="0000000000ABBE88" totalBytesRequested="24" timestamp="2019-07-02T19:36:51.976" intervalms="11.755" />
<gc-start id="3094" type="global" contextid="3090" timestamp="2019-07-02T19:36:51.976">
  <mem-info id="3095" free="0" total="13041664" percent="0">
    <mem type="tenure" free="0" total="13041664" percent="0">
      <mem type="soa" free="0" total="12911616" percent="0" />
      <mem type="loa" free="0" total="130048" percent="0" />
    </mem>
  </mem-info>
</gc-start>
<allocation-stats totalBytes="8518960" >
  <allocated-bytes non-tlh="23160" tlh="8495800" />
  <largest-consumer threadName="Thread-7" threadId="0000000000AB7900" bytes="2358448" />
</allocation-stats>
<concurrent-halted id="3096" timestamp="2019-07-02T19:36:51.976">
  <halted state="Class scanning incomplete" status="clean trace" />
  <traced bytesTarget="952199" bytesTotal="1497776" bytesByMutator="932676" bytesByHelper="565100" percent="157" />
  <cards cleaned="0" thresholdBytes="51147" />
</concurrent-halted>
<gc-op id="3097" type="tracing" timems="0.492" contextid="3090" timestamp="2019-07-02T19:36:51.977">
  <trace bytesTraced="713596" workStackOverflowCount="0" />
</gc-op>
<gc-op id="3098" type="card-cleaning" timems="0.435" contextid="3090" timestamp="2019-07-02T19:36:51.977">
  <card-cleaning cardsCleaned="17" bytesTraced="16040" workStackOverflowCount="0" />
</gc-op>
<gc-op id="3099" type="mark" timems="1.474" contextid="3090" timestamp="2019-07-02T19:36:51.979">
  <trace-info objectcount="3972" scancount="4151" scanbytes="133276" />
  <finalization candidates="124" enqueued="0" />
  <ownableSynchronizers candidates="3" cleared="0" />
  <references type="soft" candidates="84" cleared="0" enqueued="0" dynamicThreshold="20" maxThreshold="32" />
  <references type="weak" candidates="776" cleared="0" enqueued="0" />
  <references type="phantom" candidates="63" cleared="0" enqueued="0" />
  <stringconstants candidates="4574" cleared="0"  />
</gc-op>
<gc-op id="3100" type="sweep" timems="0.975" contextid="3090" timestamp="2019-07-02T19:36:51.980" />
<mem-info id="3101" free="8522488" total="13041664" percent="65">
  <mem type="tenure" free="8522488" total="13041664" percent="65" micro-fragmented="84625">
    <mem type="soa" free="8522488" total="12911616" percent="66" />
    <mem type="loa" free="0" total="130048" percent="0" />
  </mem>
</mem-info>
<gc-op id="3102" type="compact" timems="5.757" contextid="3090" timestamp="2019-07-02T19:36:51.986">
  <compact-info movecount="29191" movebytes="1253272" reason="compact to aid heap contraction" />
</gc-op>
<heap-resize id="3103" type="contract" space="tenure" amount="65536" count="1" timems="0.077" reason="excess free space following gc" timestamp="2019-07-02T19:36:51.986" />
<gc-end id="3104" type="global" contextid="3090" durationms="10.130" usertimems="16.000" systemtimems="0.000" timestamp="2019-07-02T19:36:51.986" activeThreads="4">
  <mem-info id="3105" free="8538144" total="12976128" percent="65">
    <mem type="tenure" free="8538144" total="12976128" percent="65">
      <mem type="soa" free="8538144" total="12847104" percent="66" />
      <mem type="loa" free="0" total="129024" percent="0" />
    </mem>
  </mem-info>
</gc-end>
<cycle-end id="3106" type="global" contextid="3090" timestamp="2019-07-02T19:36:51.986">
  <attribute name="GC Util" value="94" />
  <attribute name="CPU Util" value="38058928398899" />
  <attribute name="Time Running"value="3468"/>
  <attribute name="Number of cores"value="4"/>
</cycle-end>
<allocation-satisfied id="3107" threadId="0000000000ABB500" bytesRequested="24" />
<af-end id="3108" timestamp="2019-07-02T19:36:51.987" threadId="0000000000ABBE88" success="true" />
<exclusive-end id="3109" timestamp="2019-07-02T19:36:51.987" durationms="10.745" />

<concurrent-kickoff id="3110" timestamp="2019-07-02T19:36:51.993">
  <kickoff reason="threshold reached" targetBytes="1138175" thresholdFreeBytes="154408" remainingFree="84000" tenureFreeBytes="84000" />
</concurrent-kickoff>
<exclusive-start id="3111" timestamp="2019-07-02T19:36:51.994" intervalms="17.477">
  <response-info timems="0.189" idlems="0.113" threads="2" lastid="0000000000ABB500" lastname="Thread-9" />
</exclusive-start>
<cycle-start id="3112" type="global" contextid="0" timestamp="2019-07-02T19:36:51.994" intervalms="18.441" />
  <attribute name="GC Util" value="94" />
  <attribute name="CPU Util" value="38058928398899" />
  <attribute name="Time Running"value="3468"/>
  <attribute name="Number of cores"value="4"/>
<exclusive-end id="3113" timestamp="2019-07-02T19:36:51.994" durationms="0.170" />

<exclusive-start id="3114" timestamp="2019-07-02T19:36:51.994" intervalms="0.700">
  <response-info timems="0.171" idlems="0.070" threads="2" lastid="0000000000ABB500" lastname="Thread-9" />
</exclusive-start>
<af-start id="3115" threadId="0000000000AB0A88" totalBytesRequested="40" timestamp="2019-07-02T19:36:51.994" intervalms="18.162" />
<concurrent-aborted id="3116" timestamp="2019-07-02T19:36:51.994">
  <reason value="insufficient progress made" />
</concurrent-aborted>
<cycle-end id="3117" type="global" contextid="3112" timestamp="2019-07-02T19:36:51.994">
  <attribute name="GC Util" value="94" />
  <attribute name="CPU Util" value="38058928398899" />
  <attribute name="Time Running"value="3468"/>
  <attribute name="Number of cores"value="4"/>
</cycle-end>
<cycle-start id="3118" type="global" contextid="0" timestamp="2019-07-02T19:36:51.994" intervalms="0.795" />
  <attribute name="GC Util" value="94" />
  <attribute name="CPU Util" value="38058928398899" />
  <attribute name="Time Running"value="3468"/>
  <attribute name="Number of cores"value="4"/>
<gc-start id="3119" type="global" contextid="3118" timestamp="2019-07-02T19:36:51.995">
  <mem-info id="3120" free="0" total="12976128" percent="0">
    <mem type="tenure" free="0" total="12976128" percent="0">
      <mem type="soa" free="0" total="12847104" percent="0" />
      <mem type="loa" free="0" total="129024" percent="0" />
    </mem>
  </mem-info>
</gc-start>
<allocation-stats totalBytes="8602592" >
  <allocated-bytes non-tlh="0" tlh="8602592" />
  <largest-consumer threadName="Thread-8" threadId="0000000000AB0100" bytes="2672304" />
</allocation-stats>
<gc-op id="3121" type="mark" timems="1.964" contextid="3118" timestamp="2019-07-02T19:36:51.997">
  <trace-info objectcount="64517" scancount="56946" scanbytes="2239316" />
  <finalization candidates="124" enqueued="0" />
  <ownableSynchronizers candidates="3" cleared="0" />
  <references type="soft" candidates="84" cleared="0" enqueued="0" dynamicThreshold="21" maxThreshold="32" />
  <references type="weak" candidates="776" cleared="0" enqueued="0" />
  <references type="phantom" candidates="63" cleared="0" enqueued="0" />
  <stringconstants candidates="4574" cleared="0"  />
</gc-op>
<gc-op id="3122" type="sweep" timems="0.992" contextid="3118" timestamp="2019-07-02T19:36:51.998" />
<heap-resize id="3123" type="contract" space="tenure" amount="65536" count="1" timems="0.094" reason="excess free space following gc" timestamp="2019-07-02T19:36:51.998" />
<gc-end id="3124" type="global" contextid="3118" durationms="3.339" usertimems="4.000" systemtimems="4.000" timestamp="2019-07-02T19:36:51.998" activeThreads="4">
  <mem-info id="3125" free="8553368" total="12910592" percent="66">
    <mem type="tenure" free="8553368" total="12910592" percent="66" micro-fragmented="13079">
      <mem type="soa" free="8553368" total="12781568" percent="66" />
      <mem type="loa" free="0" total="129024" percent="0" />
    </mem>
  </mem-info>
</gc-end>
<cycle-end id="3126" type="global" contextid="3118" timestamp="2019-07-02T19:36:51.998">
  <attribute name="GC Util" value="169" />
  <attribute name="CPU Util" value="25511416399288" />
  <attribute name="Time Running"value="3485"/>
  <attribute name="Number of cores"value="4"/>
</cycle-end>
<allocation-satisfied id="3127" threadId="0000000000AB0100" bytesRequested="40" />
<af-end id="3128" timestamp="2019-07-02T19:36:51.998" threadId="0000000000AB0A88" success="true" />
<exclusive-end id="3129" timestamp="2019-07-02T19:36:51.998" durationms="3.892" />

<concurrent-kickoff id="3130" timestamp="2019-07-02T19:36:52.006">
  <kickoff reason="threshold reached" targetBytes="1132426" thresholdFreeBytes="153627" remainingFree="130720" tenureFreeBytes="130720" />
</concurrent-kickoff>
<exclusive-start id="3131" timestamp="2019-07-02T19:36:52.006" intervalms="11.892">
  <response-info timems="0.035" idlems="0.018" threads="1" lastid="0000000000AB3D00" lastname="Thread-10" />
</exclusive-start>
<cycle-start id="3132" type="global" contextid="0" timestamp="2019-07-02T19:36:52.006" intervalms="11.769" />
  <attribute name="GC Util" value="169" />
  <attribute name="CPU Util" value="25511416399288" />
  <attribute name="Time Running"value="3485"/>
  <attribute name="Number of cores"value="4"/>
<exclusive-end id="3133" timestamp="2019-07-02T19:36:52.006" durationms="0.111" />

<exclusive-start id="3134" timestamp="2019-07-02T19:36:52.006" intervalms="0.249">
  <response-info timems="0.051" idlems="0.032" threads="2" lastid="0000000000AB3D00" lastname="Thread-10" />
</exclusive-start>
<af-start id="3135" threadId="0000000000AB8288" totalBytesRequested="40" timestamp="2019-07-02T19:36:52.006" intervalms="12.153" />
<concurrent-aborted id="3136" timestamp="2019-07-02T19:36:52.007">
  <reason value="insufficient progress made" />
</concurrent-aborted>
<cycle-end id="3137" type="global" contextid="3132" timestamp="2019-07-02T19:36:52.007">
  <attribute name="GC Util" value="169" />
  <attribute name="CPU Util" value="25511416399288" />
  <attribute name="Time Running"value="3485"/>
  <attribute name="Number of cores"value="4"/>
</cycle-end>
<cycle-start id="3138" type="global" contextid="0" timestamp="2019-07-02T19:36:52.007" intervalms="0.412" />
  <attribute name="GC Util" value="169" />
  <attribute name="CPU Util" value="25511416399288" />
  <attribute name="Time Running"value="3485"/>
  <attribute name="Number of cores"value="4"/>
<gc-start id="3139" type="global" contextid="3138" timestamp="2019-07-02T19:36:52.007">
  <mem-info id="3140" free="0" total="12910592" percent="0">
    <mem type="tenure" free="0" total="12910592" percent="0">
      <mem type="soa" free="0" total="12781568" percent="0" />
      <mem type="loa" free="0" total="129024" percent="0" />
    </mem>
  </mem-info>
</gc-start>
<allocation-stats totalBytes="8611960" >
  <allocated-bytes non-tlh="0" tlh="8611960" />
  <largest-consumer threadName="Thread-8" threadId="0000000000AB0100" bytes="2971224" />
</allocation-stats>
<gc-op id="3141" type="mark" timems="1.745" contextid="3138" timestamp="2019-07-02T19:36:52.009">
  <trace-info objectcount="65815" scancount="58235" scanbytes="2271412" />
  <finalization candidates="124" enqueued="0" />
  <ownableSynchronizers candidates="3" cleared="0" />
  <references type="soft" candidates="84" cleared="0" enqueued="0" dynamicThreshold="21" maxThreshold="32" />
  <references type="weak" candidates="776" cleared="0" enqueued="0" />
  <references type="phantom" candidates="63" cleared="0" enqueued="0" />
  <stringconstants candidates="4574" cleared="0"  />
</gc-op>
<gc-op id="3142" type="sweep" timems="0.942" contextid="3138" timestamp="2019-07-02T19:36:52.010" />
<heap-resize id="3143" type="contract" space="tenure" amount="65536" count="1" timems="0.102" reason="excess free space following gc" timestamp="2019-07-02T19:36:52.010" />
<gc-end id="3144" type="global" contextid="3138" durationms="3.189" usertimems="8.000" systemtimems="0.000" timestamp="2019-07-02T19:36:52.010" activeThreads="4">
  <mem-info id="3145" free="8465032" total="12845056" percent="65">
    <mem type="tenure" free="8465032" total="12845056" percent="65" micro-fragmented="26127">
      <mem type="soa" free="8465032" total="12717056" percent="66" />
      <mem type="loa" free="0" total="128000" percent="0" />
    </mem>
  </mem-info>
</gc-end>
<cycle-end id="3146" type="global" contextid="3138" timestamp="2019-07-02T19:36:52.010">
  <attribute name="GC Util" value="162" />
  <attribute name="CPU Util" value="29098472646544" />
  <attribute name="Time Running"value="3497"/>
  <attribute name="Number of cores"value="4"/>
</cycle-end>
<allocation-satisfied id="3147" threadId="0000000000AB7900" bytesRequested="40" />
<af-end id="3148" timestamp="2019-07-02T19:36:52.010" threadId="0000000000AB8288" success="true" />
<exclusive-end id="3149" timestamp="2019-07-02T19:36:52.010" durationms="3.788" />

<concurrent-kickoff id="3150" timestamp="2019-07-02T19:36:52.016">
  <kickoff reason="threshold reached" targetBytes="1126678" thresholdFreeBytes="152848" remainingFree="152408" tenureFreeBytes="152408" />
</concurrent-kickoff>
<exclusive-start id="3151" timestamp="2019-07-02T19:36:52.016" intervalms="9.766">
  <response-info timems="0.075" idlems="0.048" threads="1" lastid="0000000000AB7900" lastname="Thread-7" />
</exclusive-start>
<cycle-start id="3152" type="global" contextid="0" timestamp="2019-07-02T19:36:52.016" intervalms="9.644" />
  <attribute name="GC Util" value="162" />
  <attribute name="CPU Util" value="29098472646544" />
  <attribute name="Time Running"value="3497"/>
  <attribute name="Number of cores"value="4"/>
<exclusive-end id="3153" timestamp="2019-07-02T19:36:52.016" durationms="0.205" />

<exclusive-start id="3154" timestamp="2019-07-02T19:36:52.017" intervalms="1.060">
  <response-info timems="0.030" idlems="0.030" threads="0" lastid="0000000000AB0100" lastname="Thread-8" />
</exclusive-start>
<af-start id="3155" threadId="0000000000AB0A88" totalBytesRequested="40" timestamp="2019-07-02T19:36:52.017" intervalms="10.819" />
<gc-start id="3156" type="global" contextid="3152" timestamp="2019-07-02T19:36:52.017">
  <mem-info id="3157" free="0" total="12845056" percent="0">
    <mem type="tenure" free="0" total="12845056" percent="0">
      <mem type="soa" free="0" total="12717056" percent="0" />
      <mem type="loa" free="0" total="128000" percent="0" />
    </mem>
  </mem-info>
</gc-start>
<allocation-stats totalBytes="8465752" >
  <allocated-bytes non-tlh="0" tlh="8465752" />
  <largest-consumer threadName="Thread-9" threadId="0000000000ABB500" bytes="2415792" />
</allocation-stats>
<concurrent-halted id="3158" timestamp="2019-07-02T19:36:52.017">
  <halted state="Class scanning incomplete" status="clean trace" />
  <traced bytesTarget="1126678" bytesTotal="1749988" bytesByMutator="1090568" bytesByHelper="659420" percent="155" />
  <cards cleaned="0" thresholdBytes="60212" />
</concurrent-halted>
<gc-op id="3159" type="tracing" timems="0.388" contextid="3152" timestamp="2019-07-02T19:36:52.018">
  <trace bytesTraced="387532" workStackOverflowCount="0" />
</gc-op>
<gc-op id="3160" type="card-cleaning" timems="0.270" contextid="3152" timestamp="2019-07-02T19:36:52.018">
  <card-cleaning cardsCleaned="14" bytesTraced="22176" workStackOverflowCount="0" />
</gc-op>
<gc-op id="3161" type="mark" timems="1.355" contextid="3152" timestamp="2019-07-02T19:36:52.020">
  <trace-info objectcount="4670" scancount="4697" scanbytes="145732" />
  <finalization candidates="124" enqueued="0" />
  <ownableSynchronizers candidates="3" cleared="0" />
  <references type="soft" candidates="84" cleared="0" enqueued="0" dynamicThreshold="21" maxThreshold="32" />
  <references type="weak" candidates="776" cleared="0" enqueued="0" />
  <references type="phantom" candidates="63" cleared="0" enqueued="0" />
  <stringconstants candidates="4574" cleared="0"  />
</gc-op>
<gc-op id="3162" type="sweep" timems="0.862" contextid="3152" timestamp="2019-07-02T19:36:52.020" />
<mem-info id="3163" free="8394840" total="12845056" percent="65">
  <mem type="tenure" free="8394840" total="12845056" percent="65" micro-fragmented="84088">
    <mem type="soa" free="8394840" total="12717056" percent="66" />
    <mem type="loa" free="0" total="128000" percent="0" />
  </mem>
</mem-info>
<gc-op id="3164" type="compact" timems="5.913" contextid="3152" timestamp="2019-07-02T19:36:52.027">
  <compact-info movecount="27053" movebytes="1201256" reason="compact to aid heap contraction" />
</gc-op>
<heap-resize id="3165" type="contract" space="tenure" amount="65536" count="1" timems="0.087" reason="excess free space following gc" timestamp="2019-07-02T19:36:52.027" />
<gc-end id="3166" type="global" contextid="3152" durationms="9.502" usertimems="16.000" systemtimems="4.000" timestamp="2019-07-02T19:36:52.027" activeThreads="4">
  <mem-info id="3167" free="8395504" total="12779520" percent="65">
    <mem type="tenure" free="8395504" total="12779520" percent="65">
      <mem type="soa" free="8395504" total="12652544" percent="66" />
      <mem type="loa" free="0" total="126976" percent="0" />
    </mem>
  </mem-info>
</gc-end>
<cycle-end id="3168" type="global" contextid="3152" timestamp="2019-07-02T19:36:52.027">
  <attribute name="GC Util" value="112" />
  <attribute name="CPU Util" value="45555277179935" />
  <attribute name="Time Running"value="3509"/>
  <attribute name="Number of cores"value="4"/>
</cycle-end>
<allocation-satisfied id="3169" threadId="0000000000AB0100" bytesRequested="40" />
<af-end id="3170" timestamp="2019-07-02T19:36:52.027" threadId="0000000000AB0A88" success="true" />
<exclusive-end id="3171" timestamp="2019-07-02T19:36:52.027" durationms="9.948" />

<concurrent-kickoff id="3172" timestamp="2019-07-02T19:36:52.035">
  <kickoff reason="threshold reached" targetBytes="1342201" thresholdFreeBytes="181324" remainingFree="105200" tenureFreeBytes="105200" />
</concurrent-kickoff>
<exclusive-start id="3173" timestamp="2019-07-02T19:36:52.035" intervalms="18.005">
  <response-info timems="0.041" idlems="0.041" threads="0" lastid="0000000000AB3D00" lastname="Thread-10" />
</exclusive-start>
<cycle-start id="3174" type="global" contextid="0" timestamp="2019-07-02T19:36:52.035" intervalms="19.030" />
  <attribute name="GC Util" value="112" />
  <attribute name="CPU Util" value="45555277179935" />
  <attribute name="Time Running"value="3509"/>
  <attribute name="Number of cores"value="4"/>
<exclusive-end id="3175" timestamp="2019-07-02T19:36:52.035" durationms="0.127" />

<exclusive-start id="3176" timestamp="2019-07-02T19:36:52.036" intervalms="0.592">
  <response-info timems="0.024" idlems="0.024" threads="0" lastid="0000000000AB0100" lastname="Thread-8" />
</exclusive-start>
<af-start id="3177" threadId="0000000000AB0A88" totalBytesRequested="40" timestamp="2019-07-02T19:36:52.036" intervalms="18.589" />
<concurrent-aborted id="3178" timestamp="2019-07-02T19:36:52.036">
  <reason value="insufficient progress made" />
</concurrent-aborted>
<cycle-end id="3179" type="global" contextid="3174" timestamp="2019-07-02T19:36:52.036">
  <attribute name="GC Util" value="112" />
  <attribute name="CPU Util" value="45555277179935" />
  <attribute name="Time Running"value="3509"/>
  <attribute name="Number of cores"value="4"/>
</cycle-end>
<cycle-start id="3180" type="global" contextid="0" timestamp="2019-07-02T19:36:52.036" intervalms="0.702" />
  <attribute name="GC Util" value="112" />
  <attribute name="CPU Util" value="45555277179935" />
  <attribute name="Time Running"value="3509"/>
  <attribute name="Number of cores"value="4"/>
<gc-start id="3181" type="global" contextid="3180" timestamp="2019-07-02T19:36:52.036">
  <mem-info id="3182" free="0" total="12779520" percent="0">
    <mem type="tenure" free="0" total="12779520" percent="0">
      <mem type="soa" free="0" total="12652544" percent="0" />
      <mem type="loa" free="0" total="126976" percent="0" />
    </mem>
  </mem-info>
</gc-start>
<allocation-stats totalBytes="8459840" >
  <allocated-bytes non-tlh="0" tlh="8459840" />
  <largest-consumer threadName="Thread-8" threadId="0000000000AB0100" bytes="3112640" />
</allocation-stats>
<gc-op id="3183" type="mark" timems="2.132" contextid="3180" timestamp="2019-07-02T19:36:52.038">
  <trace-info objectcount="67574" scancount="60010" scanbytes="2312700" />
  <finalization candidates="124" enqueued="0" />
  <ownableSynchronizers candidates="3" cleared="0" />
  <references type="soft" candidates="84" cleared="0" enqueued="0" dynamicThreshold="21" maxThreshold="32" />
  <references type="weak" candidates="776" cleared="0" enqueued="0" />
  <references type="phantom" candidates="63" cleared="0" enqueued="0" />
  <stringconstants candidates="4574" cleared="0"  />
</gc-op>
<gc-op id="3184" type="sweep" timems="1.082" contextid="3180" timestamp="2019-07-02T19:36:52.039" />
<heap-resize id="3185" type="contract" space="tenure" amount="65536" count="1" timems="0.089" reason="excess free space following gc" timestamp="2019-07-02T19:36:52.040" />
<gc-end id="3186" type="global" contextid="3180" durationms="3.554" usertimems="8.000" systemtimems="0.000" timestamp="2019-07-02T19:36:52.040" activeThreads="4">
  <mem-info id="3187" free="8359112" total="12713984" percent="65">
    <mem type="tenure" free="8359112" total="12713984" percent="65" micro-fragmented="48024">
      <mem type="soa" free="8359112" total="12587008" percent="66" />
      <mem type="loa" free="0" total="126976" percent="0" />
    </mem>
  </mem-info>
</gc-end>
<cycle-end id="3188" type="global" contextid="3180" timestamp="2019-07-02T19:36:52.040">
  <attribute name="GC Util" value="166" />
  <attribute name="CPU Util" value="23388618752808" />
  <attribute name="Time Running"value="3527"/>
  <attribute name="Number of cores"value="4"/>
</cycle-end>
<allocation-satisfied id="3189" threadId="0000000000AB0100" bytesRequested="40" />
<af-end id="3190" timestamp="2019-07-02T19:36:52.040" threadId="0000000000AB0A88" success="true" />
<exclusive-end id="3191" timestamp="2019-07-02T19:36:52.040" durationms="4.002" />

<concurrent-kickoff id="3192" timestamp="2019-07-02T19:36:52.047">
  <kickoff reason="threshold reached" targetBytes="1335318" thresholdFreeBytes="180394" remainingFree="168264" tenureFreeBytes="168264" />
</concurrent-kickoff>
<exclusive-start id="3193" timestamp="2019-07-02T19:36:52.047" intervalms="11.322">
  <response-info timems="0.070" idlems="0.044" threads="1" lastid="0000000000AB3D00" lastname="Thread-10" />
</exclusive-start>
<cycle-start id="3194" type="global" contextid="0" timestamp="2019-07-02T19:36:52.047" intervalms="11.201" />
  <attribute name="GC Util" value="166" />
  <attribute name="CPU Util" value="23388618752808" />
  <attribute name="Time Running"value="3527"/>
  <attribute name="Number of cores"value="4"/>
<exclusive-end id="3195" timestamp="2019-07-02T19:36:52.047" durationms="0.111" />

<exclusive-start id="3196" timestamp="2019-07-02T19:36:52.047" intervalms="0.271">
  <response-info timems="0.020" idlems="0.020" threads="0" lastid="0000000000AB7900" lastname="Thread-7" />
</exclusive-start>
<af-start id="3197" threadId="0000000000AB8288" totalBytesRequested="40" timestamp="2019-07-02T19:36:52.047" intervalms="11.609" />
<concurrent-aborted id="3198" timestamp="2019-07-02T19:36:52.048">
  <reason value="insufficient progress made" />
</concurrent-aborted>
<cycle-end id="3199" type="global" contextid="3194" timestamp="2019-07-02T19:36:52.048">
  <attribute name="GC Util" value="166" />
  <attribute name="CPU Util" value="23388618752808" />
  <attribute name="Time Running"value="3527"/>
  <attribute name="Number of cores"value="4"/>
</cycle-end>
<cycle-start id="3200" type="global" contextid="0" timestamp="2019-07-02T19:36:52.048" intervalms="0.448" />
  <attribute name="GC Util" value="166" />
  <attribute name="CPU Util" value="23388618752808" />
  <attribute name="Time Running"value="3527"/>
  <attribute name="Number of cores"value="4"/>
<gc-start id="3201" type="global" contextid="3200" timestamp="2019-07-02T19:36:52.048">
  <mem-info id="3202" free="0" total="12713984" percent="0">
    <mem type="tenure" free="0" total="12713984" percent="0">
      <mem type="soa" free="0" total="12587008" percent="0" />
      <mem type="loa" free="0" total="126976" percent="0" />
    </mem>
  </mem-info>
</gc-start>
<allocation-stats totalBytes="8353744" >
  <allocated-bytes non-tlh="0" tlh="8353744" />
  <largest-consumer threadName="Thread-8" threadId="0000000000AB0100" bytes="2912144" />
</allocation-stats>
<gc-op id="3203" type="mark" timems="2.260" contextid="3200" timestamp="2019-07-02T19:36:52.050">
  <trace-info objectcount="68699" scancount="61125" scanbytes="2340980" />
  <finalization candidates="124" enqueued="0" />
  <ownableSynchronizers candidates="3" cleared="0" />
  <references type="soft" candidates="84" cleared="0" enqueued="0" dynamicThreshold="21" maxThreshold="32" />
  <references type="weak" candidates="776" cleared="0" enqueued="0" />
  <references type="phantom" candidates="63" cleared="0" enqueued="0" />
  <stringconstants candidates="4574" cleared="0"  />
</gc-op>
<gc-op id="3204" type="sweep" timems="0.981" contextid="3200" timestamp="2019-07-02T19:36:52.051" />
<heap-resize id="3205" type="contract" space="tenure" amount="65536" count="1" timems="0.052" reason="excess free space following gc" timestamp="2019-07-02T19:36:52.051" />
<gc-end id="3206" type="global" contextid="3200" durationms="3.639" usertimems="8.000" systemtimems="0.000" timestamp="2019-07-02T19:36:52.051" activeThreads="4">
  <mem-info id="3207" free="8223744" total="12648448" percent="65">
    <mem type="tenure" free="8223744" total="12648448" percent="65" micro-fragmented="32908">
      <mem type="soa" free="8223744" total="12522496" percent="65" />
      <mem type="loa" free="0" total="125952" percent="0" />
    </mem>
  </mem-info>
</gc-end>
<cycle-end id="3208" type="global" contextid="3200" timestamp="2019-07-02T19:36:52.051">
  <attribute name="GC Util" value="156" />
  <attribute name="CPU Util" value="24759367526378" />
  <attribute name="Time Running"value="3539"/>
  <attribute name="Number of cores"value="4"/>
</cycle-end>
<allocation-satisfied id="3209" threadId="0000000000AB7900" bytesRequested="40" />
<af-end id="3210" timestamp="2019-07-02T19:36:52.052" threadId="0000000000AB8288" success="true" />
<exclusive-end id="3211" timestamp="2019-07-02T19:36:52.052" durationms="4.187" />

<concurrent-kickoff id="3212" timestamp="2019-07-02T19:36:52.059">
  <kickoff reason="threshold reached" targetBytes="1328434" thresholdFreeBytes="179463" remainingFree="168488" tenureFreeBytes="168488" />
</concurrent-kickoff>
<exclusive-start id="3213" timestamp="2019-07-02T19:36:52.059" intervalms="11.566">
  <response-info timems="0.070" idlems="0.044" threads="1" lastid="0000000000AB7900" lastname="Thread-7" />
</exclusive-start>
<cycle-start id="3214" type="global" contextid="0" timestamp="2019-07-02T19:36:52.059" intervalms="11.389" />
  <attribute name="GC Util" value="156" />
  <attribute name="CPU Util" value="24759367526378" />
  <attribute name="Time Running"value="3539"/>
  <attribute name="Number of cores"value="4"/>
<exclusive-end id="3215" timestamp="2019-07-02T19:36:52.059" durationms="0.106" />

<exclusive-start id="3216" timestamp="2019-07-02T19:36:52.060" intervalms="0.736">
  <response-info timems="0.028" idlems="0.015" threads="1" lastid="0000000000AB0100" lastname="Thread-8" />
</exclusive-start>
<af-start id="3217" threadId="0000000000AB4688" totalBytesRequested="40" timestamp="2019-07-02T19:36:52.060" intervalms="12.317" />
<gc-start id="3218" type="global" contextid="3214" timestamp="2019-07-02T19:36:52.060">
  <mem-info id="3219" free="0" total="12648448" percent="0">
    <mem type="tenure" free="0" total="12648448" percent="0">
      <mem type="soa" free="0" total="12522496" percent="0" />
      <mem type="loa" free="0" total="125952" percent="0" />
    </mem>
  </mem-info>
</gc-start>
<allocation-stats totalBytes="8211672" >
  <allocated-bytes non-tlh="0" tlh="8211672" />
  <largest-consumer threadName="Thread-8" threadId="0000000000AB0100" bytes="2568544" />
</allocation-stats>
<concurrent-halted id="3220" timestamp="2019-07-02T19:36:52.060">
  <halted state="Class scanning incomplete" status="clean trace" />
  <traced bytesTarget="1328434" bytesTotal="1270040" bytesByMutator="858192" bytesByHelper="411848" percent="95" />
  <cards cleaned="0" thresholdBytes="70697" />
</concurrent-halted>
<gc-op id="3221" type="tracing" timems="0.310" contextid="3214" timestamp="2019-07-02T19:36:52.060">
  <trace bytesTraced="612372" workStackOverflowCount="0" />
</gc-op>
<gc-op id="3222" type="card-cleaning" timems="0.111" contextid="3214" timestamp="2019-07-02T19:36:52.061">
  <card-cleaning cardsCleaned="16" bytesTraced="14456" workStackOverflowCount="0" />
</gc-op>
<gc-op id="3223" type="mark" timems="0.759" contextid="3214" timestamp="2019-07-02T19:36:52.061">
  <trace-info objectcount="19328" scancount="15406" scanbytes="482636" />
  <finalization candidates="124" enqueued="0" />
  <ownableSynchronizers candidates="3" cleared="0" />
  <references type="soft" candidates="84" cleared="0" enqueued="0" dynamicThreshold="20" maxThreshold="32" />
  <references type="weak" candidates="776" cleared="0" enqueued="0" />
  <references type="phantom" candidates="63" cleared="0" enqueued="0" />
  <stringconstants candidates="4574" cleared="0"  />
</gc-op>
<gc-op id="3224" type="sweep" timems="0.396" contextid="3214" timestamp="2019-07-02T19:36:52.062" />
<mem-info id="3225" free="8129576" total="12648448" percent="64">
  <mem type="tenure" free="8129576" total="12648448" percent="64" micro-fragmented="22386">
    <mem type="soa" free="8129576" total="12522496" percent="64" />
    <mem type="loa" free="0" total="125952" percent="0" />
  </mem>
</mem-info>
<gc-op id="3226" type="compact" timems="3.362" contextid="3214" timestamp="2019-07-02T19:36:52.065">
  <compact-info movecount="11034" movebytes="405976" reason="compact to aid heap contraction" />
</gc-op>
<heap-resize id="3227" type="contract" space="tenure" amount="65536" count="1" timems="0.080" reason="excess free space following gc" timestamp="2019-07-02T19:36:52.065" />
<gc-end id="3228" type="global" contextid="3214" durationms="5.624" usertimems="0.000" systemtimems="4.000" timestamp="2019-07-02T19:36:52.066" activeThreads="4">
  <mem-info id="3229" free="8123608" total="12582912" percent="64">
    <mem type="tenure" free="8123608" total="12582912" percent="64">
      <mem type="soa" free="8123608" total="12457984" percent="65" />
      <mem type="loa" free="0" total="124928" percent="0" />
    </mem>
  </mem-info>
</gc-end>
<cycle-end id="3230" type="global" contextid="3214" timestamp="2019-07-02T19:36:52.066">
  <attribute name="GC Util" value="10" />
  <attribute name="CPU Util" value="81581609015352" />
  <attribute name="Time Running"value="3550"/>
  <attribute name="Number of cores"value="4"/>
</cycle-end>
<allocation-satisfied id="3231" threadId="0000000000AB3D00" bytesRequested="40" />
<af-end id="3232" timestamp="2019-07-02T19:36:52.066" threadId="0000000000AB4688" success="true" />
<exclusive-end id="3233" timestamp="2019-07-02T19:36:52.066" durationms="6.099" />

<concurrent-kickoff id="3234" timestamp="2019-07-02T19:36:52.078">
  <kickoff reason="threshold reached" targetBytes="1380861" thresholdFreeBytes="186376" remainingFree="83160" tenureFreeBytes="83160" />
</concurrent-kickoff>
<exclusive-start id="3235" timestamp="2019-07-02T19:36:52.078" intervalms="18.279">
  <response-info timems="0.024" idlems="0.024" threads="0" lastid="0000000000AB0100" lastname="Thread-8" />
</exclusive-start>
<cycle-start id="3236" type="global" contextid="0" timestamp="2019-07-02T19:36:52.078" intervalms="19.009" />
  <attribute name="GC Util" value="10" />
  <attribute name="CPU Util" value="81581609015352" />
  <attribute name="Time Running"value="3550"/>
  <attribute name="Number of cores"value="4"/>
<exclusive-end id="3237" timestamp="2019-07-02T19:36:52.078" durationms="0.093" />

<exclusive-start id="3238" timestamp="2019-07-02T19:36:52.078" intervalms="0.307">
  <response-info timems="0.019" idlems="0.019" threads="0" lastid="0000000000ABB500" lastname="Thread-9" />
</exclusive-start>
<af-start id="3239" threadId="0000000000ABBE88" totalBytesRequested="40" timestamp="2019-07-02T19:36:52.078" intervalms="18.577" />
<concurrent-aborted id="3240" timestamp="2019-07-02T19:36:52.078">
  <reason value="insufficient progress made" />
</concurrent-aborted>
<cycle-end id="3241" type="global" contextid="3236" timestamp="2019-07-02T19:36:52.078">
  <attribute name="GC Util" value="10" />
  <attribute name="CPU Util" value="81581609015352" />
  <attribute name="Time Running"value="3550"/>
  <attribute name="Number of cores"value="4"/>
</cycle-end>
<cycle-start id="3242" type="global" contextid="0" timestamp="2019-07-02T19:36:52.079" intervalms="0.484" />
  <attribute name="GC Util" value="10" />
  <attribute name="CPU Util" value="81581609015352" />
  <attribute name="Time Running"value="3550"/>
  <attribute name="Number of cores"value="4"/>
<gc-start id="3243" type="global" contextid="3242" timestamp="2019-07-02T19:36:52.079">
  <mem-info id="3244" free="0" total="12582912" percent="0">
    <mem type="tenure" free="0" total="12582912" percent="0">
      <mem type="soa" free="0" total="12457984" percent="0" />
      <mem type="loa" free="0" total="124928" percent="0" />
    </mem>
  </mem-info>
</gc-start>
<allocation-stats totalBytes="8188008" >
  <allocated-bytes non-tlh="0" tlh="8188008" />
  <largest-consumer threadName="Thread-8" threadId="0000000000AB0100" bytes="4422984" />
</allocation-stats>
<gc-op id="3245" type="mark" timems="2.313" contextid="3242" timestamp="2019-07-02T19:36:52.081">
  <trace-info objectcount="70666" scancount="63111" scanbytes="2388092" />
  <finalization candidates="124" enqueued="0" />
  <ownableSynchronizers candidates="3" cleared="0" />
  <references type="soft" candidates="84" cleared="0" enqueued="0" dynamicThreshold="20" maxThreshold="32" />
  <references type="weak" candidates="776" cleared="0" enqueued="0" />
  <references type="phantom" candidates="63" cleared="0" enqueued="0" />
  <stringconstants candidates="4574" cleared="0"  />
</gc-op>
<gc-op id="3246" type="sweep" timems="1.015" contextid="3242" timestamp="2019-07-02T19:36:52.082" />
<heap-resize id="3247" type="contract" space="tenure" amount="65536" count="1" timems="0.078" reason="excess free space following gc" timestamp="2019-07-02T19:36:52.082" />
<gc-end id="3248" type="global" contextid="3242" durationms="3.729" usertimems="4.000" systemtimems="4.000" timestamp="2019-07-02T19:36:52.082" activeThreads="4">
  <mem-info id="3249" free="8087056" total="12517376" percent="64">
    <mem type="tenure" free="8087056" total="12517376" percent="64" micro-fragmented="7459">
      <mem type="soa" free="8087056" total="12392448" percent="65" />
      <mem type="loa" free="0" total="124928" percent="0" />
    </mem>
  </mem-info>
</gc-end>
<cycle-end id="3250" type="global" contextid="3242" timestamp="2019-07-02T19:36:52.082">
  <attribute name="GC Util" value="168" />
  <attribute name="CPU Util" value="24014476241930" />
  <attribute name="Time Running"value="3570"/>
  <attribute name="Number of cores"value="4"/>
</cycle-end>
<allocation-satisfied id="3251" threadId="0000000000ABB500" bytesRequested="40" />
<af-end id="3252" timestamp="2019-07-02T19:36:52.083" threadId="0000000000ABBE88" success="true" />
<exclusive-end id="3253" timestamp="2019-07-02T19:36:52.083" durationms="4.414" />

<concurrent-kickoff id="3254" timestamp="2019-07-02T19:36:52.088">
  <kickoff reason="threshold reached" targetBytes="1373669" thresholdFreeBytes="185405" remainingFree="185328" tenureFreeBytes="185328" />
</concurrent-kickoff>
<exclusive-start id="3255" timestamp="2019-07-02T19:36:52.088" intervalms="9.866">
  <response-info timems="0.067" idlems="0.043" threads="1" lastid="0000000000AB0100" lastname="Thread-8" />
</exclusive-start>
<cycle-start id="3256" type="global" contextid="0" timestamp="2019-07-02T19:36:52.088" intervalms="9.746" />
  <attribute name="GC Util" value="168" />
  <attribute name="CPU Util" value="24014476241930" />
  <attribute name="Time Running"value="3570"/>
  <attribute name="Number of cores"value="4"/>
<exclusive-end id="3257" timestamp="2019-07-02T19:36:52.088" durationms="0.208" />

<exclusive-start id="3258" timestamp="2019-07-02T19:36:52.089" intervalms="0.791">
  <response-info timems="0.022" idlems="0.022" threads="0" lastid="0000000000ABB500" lastname="Thread-9" />
</exclusive-start>
<af-start id="3259" threadId="0000000000ABBE88" totalBytesRequested="24" timestamp="2019-07-02T19:36:52.089" intervalms="10.675" />
<gc-start id="3260" type="global" contextid="3256" timestamp="2019-07-02T19:36:52.089">
  <mem-info id="3261" free="0" total="12517376" percent="0">
    <mem type="tenure" free="0" total="12517376" percent="0">
      <mem type="soa" free="0" total="12392448" percent="0" />
      <mem type="loa" free="0" total="124928" percent="0" />
    </mem>
  </mem-info>
</gc-start>
<allocation-stats totalBytes="8082528" >
  <allocated-bytes non-tlh="0" tlh="8082528" />
  <largest-consumer threadName="Thread-9" threadId="0000000000ABB500" bytes="2645520" />
</allocation-stats>
<concurrent-halted id="3262" timestamp="2019-07-02T19:36:52.089">
  <halted state="Class scanning incomplete" status="clean trace" />
  <traced bytesTarget="1373669" bytesTotal="857748" bytesByMutator="403892" bytesByHelper="453856" percent="62" />
  <cards cleaned="0" thresholdBytes="73038" />
</concurrent-halted>
<gc-op id="3263" type="tracing" timems="0.520" contextid="3256" timestamp="2019-07-02T19:36:52.090">
  <trace bytesTraced="721156" workStackOverflowCount="0" />
</gc-op>
<gc-op id="3264" type="card-cleaning" timems="0.404" contextid="3256" timestamp="2019-07-02T19:36:52.090">
  <card-cleaning cardsCleaned="17" bytesTraced="11652" workStackOverflowCount="0" />
</gc-op>
<gc-op id="3265" type="mark" timems="1.757" contextid="3256" timestamp="2019-07-02T19:36:52.092">
  <trace-info objectcount="27811" scancount="23173" scanbytes="831188" />
  <finalization candidates="124" enqueued="0" />
  <ownableSynchronizers candidates="3" cleared="0" />
  <references type="soft" candidates="84" cleared="0" enqueued="0" dynamicThreshold="20" maxThreshold="32" />
  <references type="weak" candidates="776" cleared="0" enqueued="0" />
  <references type="phantom" candidates="63" cleared="0" enqueued="0" />
  <stringconstants candidates="4574" cleared="0"  />
</gc-op>
<gc-op id="3266" type="sweep" timems="0.663" contextid="3256" timestamp="2019-07-02T19:36:52.093" />
<heap-resize id="3267" type="contract" space="tenure" amount="65536" count="1" timems="0.099" reason="excess free space following gc" timestamp="2019-07-02T19:36:52.093" />
<gc-end id="3268" type="global" contextid="3256" durationms="4.252" usertimems="4.000" systemtimems="8.000" timestamp="2019-07-02T19:36:52.093" activeThreads="4">
  <mem-info id="3269" free="7957080" total="12451840" percent="63">
    <mem type="tenure" free="7957080" total="12451840" percent="63" micro-fragmented="28764">
      <mem type="soa" free="7957080" total="12327936" percent="64" />
      <mem type="loa" free="0" total="123904" percent="0" />
    </mem>
  </mem-info>
</gc-end>
<cycle-end id="3270" type="global" contextid="3256" timestamp="2019-07-02T19:36:52.094">
  <attribute name="GC Util" value="180" />
  <attribute name="CPU Util" value="33820304452668" />
  <attribute name="Time Running"value="3581"/>
  <attribute name="Number of cores"value="4"/>
</cycle-end>
<allocation-satisfied id="3271" threadId="0000000000ABB500" bytesRequested="24" />
<af-end id="3272" timestamp="2019-07-02T19:36:52.094" threadId="0000000000ABBE88" success="true" />
<exclusive-end id="3273" timestamp="2019-07-02T19:36:52.094" durationms="4.760" />

<concurrent-kickoff id="3274" timestamp="2019-07-02T19:36:52.101">
  <kickoff reason="threshold reached" targetBytes="1317167" thresholdFreeBytes="177915" remainingFree="177264" tenureFreeBytes="177264" />
</concurrent-kickoff>
<exclusive-start id="3275" timestamp="2019-07-02T19:36:52.101" intervalms="12.357">
  <response-info timems="0.067" idlems="0.034" threads="1" lastid="0000000000AB0100" lastname="Thread-8" />
</exclusive-start>
<cycle-start id="3276" type="global" contextid="0" timestamp="2019-07-02T19:36:52.101" intervalms="13.104" />
  <attribute name="GC Util" value="180" />
  <attribute name="CPU Util" value="33820304452668" />
  <attribute name="Time Running"value="3581"/>
  <attribute name="Number of cores"value="4"/>
<exclusive-end id="3277" timestamp="2019-07-02T19:36:52.101" durationms="0.117" />

<exclusive-start id="3278" timestamp="2019-07-02T19:36:52.103" intervalms="1.618">
  <response-info timems="0.040" idlems="0.040" threads="0" lastid="0000000000ABB500" lastname="Thread-9" />
</exclusive-start>
<af-start id="3279" threadId="0000000000ABBE88" totalBytesRequested="40" timestamp="2019-07-02T19:36:52.103" intervalms="13.952" />
<gc-start id="3280" type="global" contextid="3276" timestamp="2019-07-02T19:36:52.103">
  <mem-info id="3281" free="0" total="12451840" percent="0">
    <mem type="tenure" free="0" total="12451840" percent="0">
      <mem type="soa" free="0" total="12327936" percent="0" />
      <mem type="loa" free="0" total="123904" percent="0" />
    </mem>
  </mem-info>
</gc-start>
<allocation-stats totalBytes="7947488" >
  <allocated-bytes non-tlh="0" tlh="7947488" />
  <largest-consumer threadName="Thread-9" threadId="0000000000ABB500" bytes="3107512" />
</allocation-stats>
<concurrent-halted id="3282" timestamp="2019-07-02T19:36:52.103">
  <halted state="Class scanning incomplete" status="clean trace" />
  <traced bytesTarget="1317167" bytesTotal="1891976" bytesByMutator="886636" bytesByHelper="1005340" percent="143" />
  <cards cleaned="0" thresholdBytes="70087" />
</concurrent-halted>
<gc-op id="3283" type="tracing" timems="0.377" contextid="3276" timestamp="2019-07-02T19:36:52.104">
  <trace bytesTraced="149572" workStackOverflowCount="0" />
</gc-op>
<gc-op id="3284" type="card-cleaning" timems="0.414" contextid="3276" timestamp="2019-07-02T19:36:52.104">
  <card-cleaning cardsCleaned="26" bytesTraced="10536" workStackOverflowCount="0" />
</gc-op>
<gc-op id="3285" type="mark" timems="1.197" contextid="3276" timestamp="2019-07-02T19:36:52.105">
  <trace-info objectcount="9559" scancount="10270" scanbytes="420816" />
  <finalization candidates="124" enqueued="0" />
  <ownableSynchronizers candidates="3" cleared="0" />
  <references type="soft" candidates="84" cleared="0" enqueued="0" dynamicThreshold="20" maxThreshold="32" />
  <references type="weak" candidates="776" cleared="0" enqueued="0" />
  <references type="phantom" candidates="63" cleared="0" enqueued="0" />
  <stringconstants candidates="4574" cleared="0"  />
</gc-op>
<gc-op id="3286" type="sweep" timems="1.071" contextid="3276" timestamp="2019-07-02T19:36:52.107" />
<heap-resize id="3287" type="contract" space="tenure" amount="65536" count="1" timems="0.115" reason="excess free space following gc" timestamp="2019-07-02T19:36:52.107" />
<gc-end id="3288" type="global" contextid="3276" durationms="3.809" usertimems="8.000" systemtimems="0.000" timestamp="2019-07-02T19:36:52.107" activeThreads="4">
  <mem-info id="3289" free="7835912" total="12386304" percent="63">
    <mem type="tenure" free="7835912" total="12386304" percent="63" micro-fragmented="15382">
      <mem type="soa" free="7835912" total="12263424" percent="63" />
      <mem type="loa" free="0" total="122880" percent="0" />
    </mem>
  </mem-info>
</gc-end>
<cycle-end id="3290" type="global" contextid="3276" timestamp="2019-07-02T19:36:52.107">
  <attribute name="GC Util" value="159" />
  <attribute name="CPU Util" value="22534310039082" />
  <attribute name="Time Running"value="3594"/>
  <attribute name="Number of cores"value="4"/>
</cycle-end>
<allocation-satisfied id="3291" threadId="0000000000ABB500" bytesRequested="40" />
<af-end id="3292" timestamp="2019-07-02T19:36:52.107" threadId="0000000000ABBE88" success="true" />
<exclusive-end id="3293" timestamp="2019-07-02T19:36:52.107" durationms="4.301" />

<concurrent-kickoff id="3294" timestamp="2019-07-02T19:36:52.113">
  <kickoff reason="threshold reached" targetBytes="1518888" thresholdFreeBytes="204567" remainingFree="204512" tenureFreeBytes="204512" />
</concurrent-kickoff>
<exclusive-start id="3295" timestamp="2019-07-02T19:36:52.113" intervalms="9.963">
  <response-info timems="0.074" idlems="0.046" threads="1" lastid="0000000000AB0100" lastname="Thread-8" />
</exclusive-start>
<cycle-start id="3296" type="global" contextid="0" timestamp="2019-07-02T19:36:52.113" intervalms="11.569" />
  <attribute name="GC Util" value="159" />
  <attribute name="CPU Util" value="22534310039082" />
  <attribute name="Time Running"value="3594"/>
  <attribute name="Number of cores"value="4"/>
<exclusive-end id="3297" timestamp="2019-07-02T19:36:52.113" durationms="0.101" />

<exclusive-start id="3298" timestamp="2019-07-02T19:36:52.114" intervalms="1.288">
  <response-info timems="0.048" idlems="0.026" threads="2" lastid="0000000000ABB500" lastname="Thread-9" />
</exclusive-start>
<concurrent-collection-start id="3299" timestamp="2019-07-02T19:36:52.114" intervalms="782.039" >
  <concurrent-trace-info reason="card cleaning threshold reached" tracedByMutators="1450968" tracedByHelpers="630384" cardsCleaned="35" workStackOverflowCount="0" />
</concurrent-collection-start>
<gc-start id="3300" type="global" contextid="3296" timestamp="2019-07-02T19:36:52.114">
  <mem-info id="3301" free="0" total="12386304" percent="0">
    <mem type="tenure" free="0" total="12386304" percent="0">
      <mem type="soa" free="0" total="12263424" percent="0" />
      <mem type="loa" free="0" total="122880" percent="0" />
    </mem>
  </mem-info>
</gc-start>
<allocation-stats totalBytes="7820504" >
  <allocated-bytes non-tlh="42216" tlh="7778288" />
  <largest-consumer threadName="Thread-9" threadId="0000000000ABB500" bytes="2276880" />
</allocation-stats>
<gc-op id="3302" type="card-cleaning" timems="0.425" contextid="3296" timestamp="2019-07-02T19:36:52.115">
  <card-cleaning cardsCleaned="6" bytesTraced="3048" workStackOverflowCount="0" />
</gc-op>
<gc-op id="3303" type="mark" timems="1.053" contextid="3296" timestamp="2019-07-02T19:36:52.116">
  <trace-info objectcount="4457" scancount="5322" scanbytes="166412" />
  <finalization candidates="124" enqueued="0" />
  <ownableSynchronizers candidates="3" cleared="0" />
  <references type="soft" candidates="84" cleared="0" enqueued="0" dynamicThreshold="20" maxThreshold="32" />
  <references type="weak" candidates="776" cleared="0" enqueued="0" />
  <references type="phantom" candidates="63" cleared="0" enqueued="0" />
  <stringconstants candidates="4574" cleared="0"  />
</gc-op>
<gc-op id="3304" type="sweep" timems="1.032" contextid="3296" timestamp="2019-07-02T19:36:52.117" />
<heap-resize id="3305" type="contract" space="tenure" amount="65536" count="1" timems="0.049" reason="excess free space following gc" timestamp="2019-07-02T19:36:52.117" />
<gc-end id="3306" type="global" contextid="3296" durationms="2.972" usertimems="8.000" systemtimems="0.000" timestamp="2019-07-02T19:36:52.117" activeThreads="4">
  <mem-info id="3307" free="7943000" total="12320768" percent="64">
    <mem type="tenure" free="7943000" total="12320768" percent="64" micro-fragmented="132309">
      <mem type="soa" free="7943000" total="12197888" percent="65" />
      <mem type="loa" free="0" total="122880" percent="0" />
    </mem>
  </mem-info>
</gc-end>
<cycle-end id="3308" type="global" contextid="3296" timestamp="2019-07-02T19:36:52.117">
  <attribute name="GC Util" value="182" />
  <attribute name="CPU Util" value="33925233495647" />
  <attribute name="Time Running"value="3605"/>
  <attribute name="Number of cores"value="4"/>
</cycle-end>
<concurrent-collection-end id="3309" timestamp="2019-07-02T19:36:52.117" />
<exclusive-end id="3310" timestamp="2019-07-02T19:36:52.118" durationms="3.380" />

<concurrent-kickoff id="3311" timestamp="2019-07-02T19:36:52.122">
  <kickoff reason="threshold reached" targetBytes="1618333" thresholdFreeBytes="216385" remainingFree="213872" tenureFreeBytes="213872" />
</concurrent-kickoff>
<exclusive-start id="3312" timestamp="2019-07-02T19:36:52.122" intervalms="8.243">
  <response-info timems="0.078" idlems="0.049" threads="1" lastid="0000000000AB3D00" lastname="Thread-10" />
</exclusive-start>
<cycle-start id="3313" type="global" contextid="0" timestamp="2019-07-02T19:36:52.122" intervalms="9.531" />
  <attribute name="GC Util" value="182" />
  <attribute name="CPU Util" value="33925233495647" />
  <attribute name="Time Running"value="3605"/>
  <attribute name="Number of cores"value="4"/>
<exclusive-end id="3314" timestamp="2019-07-02T19:36:52.123" durationms="0.098" />

<exclusive-start id="3315" timestamp="2019-07-02T19:36:52.123" intervalms="0.938">
  <response-info timems="0.030" idlems="0.030" threads="0" lastid="0000000000ABB500" lastname="Thread-9" />
</exclusive-start>
<af-start id="3316" threadId="0000000000ABBE88" totalBytesRequested="40" timestamp="2019-07-02T19:36:52.123" intervalms="20.433" />
<gc-start id="3317" type="global" contextid="3313" timestamp="2019-07-02T19:36:52.124">
  <mem-info id="3318" free="0" total="12320768" percent="0">
    <mem type="tenure" free="0" total="12320768" percent="0">
      <mem type="soa" free="0" total="12197888" percent="0" />
      <mem type="loa" free="0" total="122880" percent="0" />
    </mem>
  </mem-info>
</gc-start>
<allocation-stats totalBytes="7935512" >
  <allocated-bytes non-tlh="0" tlh="7935512" />
  <largest-consumer threadName="Thread-8" threadId="0000000000AB0100" bytes="2358144" />
</allocation-stats>
<concurrent-halted id="3319" timestamp="2019-07-02T19:36:52.124">
  <halted state="Class scanning incomplete" status="clean trace" />
  <traced bytesTarget="1618333" bytesTotal="1790084" bytesByMutator="1107960" bytesByHelper="682124" percent="110" />
  <cards cleaned="0" thresholdBytes="85242" />
</concurrent-halted>
<gc-op id="3320" type="tracing" timems="0.342" contextid="3313" timestamp="2019-07-02T19:36:52.124">
  <trace bytesTraced="164620" workStackOverflowCount="0" />
</gc-op>
<gc-op id="3321" type="card-cleaning" timems="0.418" contextid="3313" timestamp="2019-07-02T19:36:52.124">
  <card-cleaning cardsCleaned="19" bytesTraced="18664" workStackOverflowCount="0" />
</gc-op>
<gc-op id="3322" type="mark" timems="1.244" contextid="3313" timestamp="2019-07-02T19:36:52.126">
  <trace-info objectcount="8970" scancount="8249" scanbytes="252604" />
  <finalization candidates="124" enqueued="0" />
  <ownableSynchronizers candidates="3" cleared="0" />
  <references type="soft" candidates="84" cleared="0" enqueued="0" dynamicThreshold="20" maxThreshold="32" />
  <references type="weak" candidates="776" cleared="0" enqueued="0" />
  <references type="phantom" candidates="63" cleared="0" enqueued="0" />
  <stringconstants candidates="4574" cleared="0"  />
</gc-op>
<gc-op id="3323" type="sweep" timems="0.786" contextid="3313" timestamp="2019-07-02T19:36:52.127" />
<mem-info id="3324" free="7921728" total="12320768" percent="64">
  <mem type="tenure" free="7921728" total="12320768" percent="64" micro-fragmented="125471">
    <mem type="soa" free="7921728" total="12197888" percent="64" />
    <mem type="loa" free="0" total="122880" percent="0" />
  </mem>
</mem-info>
<gc-op id="3325" type="compact" timems="5.162" contextid="3313" timestamp="2019-07-02T19:36:52.132">
  <compact-info movecount="23819" movebytes="1123544" reason="compact to aid heap contraction" />
</gc-op>
<heap-resize id="3326" type="contract" space="tenure" amount="65536" count="1" timems="0.074" reason="excess free space following gc" timestamp="2019-07-02T19:36:52.132" />
<gc-end id="3327" type="global" contextid="3313" durationms="8.916" usertimems="16.000" systemtimems="0.000" timestamp="2019-07-02T19:36:52.132" activeThreads="4">
  <mem-info id="3328" free="7954144" total="12255232" percent="64">
    <mem type="tenure" free="7954144" total="12255232" percent="64">
      <mem type="soa" free="7954144" total="12133376" percent="65" />
      <mem type="loa" free="0" total="121856" percent="0" />
    </mem>
  </mem-info>
</gc-end>
<cycle-end id="3329" type="global" contextid="3313" timestamp="2019-07-02T19:36:52.133">
  <attribute name="GC Util" value="87" />
  <attribute name="CPU Util" value="38631277249444" />
  <attribute name="Time Running"value="3615"/>
  <attribute name="Number of cores"value="4"/>
</cycle-end>
<allocation-satisfied id="3330" threadId="0000000000ABB500" bytesRequested="40" />
<af-end id="3331" timestamp="2019-07-02T19:36:52.133" threadId="0000000000ABBE88" success="true" />
<exclusive-end id="3332" timestamp="2019-07-02T19:36:52.133" durationms="9.475" />

<concurrent-kickoff id="3333" timestamp="2019-07-02T19:36:52.139">
  <kickoff reason="threshold reached" targetBytes="1718069" thresholdFreeBytes="229472" remainingFree="122592" tenureFreeBytes="122592" />
</concurrent-kickoff>
<exclusive-start id="3334" timestamp="2019-07-02T19:36:52.139" intervalms="15.333">
  <response-info timems="0.023" idlems="0.023" threads="0" lastid="0000000000AB0100" lastname="Thread-8" />
</exclusive-start>
<cycle-start id="3335" type="global" contextid="0" timestamp="2019-07-02T19:36:52.139" intervalms="16.268" />
  <attribute name="GC Util" value="87" />
  <attribute name="CPU Util" value="38631277249444" />
  <attribute name="Time Running"value="3615"/>
  <attribute name="Number of cores"value="4"/>
<exclusive-end id="3336" timestamp="2019-07-02T19:36:52.139" durationms="0.129" />

<exclusive-start id="3337" timestamp="2019-07-02T19:36:52.139" intervalms="0.570">
  <response-info timems="0.023" idlems="0.023" threads="0" lastid="0000000000AB3D00" lastname="Thread-10" />
</exclusive-start>
<af-start id="3338" threadId="0000000000AB4688" totalBytesRequested="40" timestamp="2019-07-02T19:36:52.139" intervalms="15.916" />
<concurrent-aborted id="3339" timestamp="2019-07-02T19:36:52.139">
  <reason value="insufficient progress made" />
</concurrent-aborted>
<cycle-end id="3340" type="global" contextid="3335" timestamp="2019-07-02T19:36:52.139">
  <attribute name="GC Util" value="87" />
  <attribute name="CPU Util" value="38631277249444" />
  <attribute name="Time Running"value="3615"/>
  <attribute name="Number of cores"value="4"/>
</cycle-end>
<cycle-start id="3341" type="global" contextid="0" timestamp="2019-07-02T19:36:52.140" intervalms="0.785" />
  <attribute name="GC Util" value="87" />
  <attribute name="CPU Util" value="38631277249444" />
  <attribute name="Time Running"value="3615"/>
  <attribute name="Number of cores"value="4"/>
<gc-start id="3342" type="global" contextid="3341" timestamp="2019-07-02T19:36:52.140">
  <mem-info id="3343" free="0" total="12255232" percent="0">
    <mem type="tenure" free="0" total="12255232" percent="0">
      <mem type="soa" free="0" total="12133376" percent="0" />
      <mem type="loa" free="0" total="121856" percent="0" />
    </mem>
  </mem-info>
</gc-start>
<allocation-stats totalBytes="8018704" >
  <allocated-bytes non-tlh="0" tlh="8018704" />
  <largest-consumer threadName="Thread-9" threadId="0000000000ABB500" bytes="3300752" />
</allocation-stats>
<gc-op id="3344" type="mark" timems="1.024" contextid="3341" timestamp="2019-07-02T19:36:52.141">
  <trace-info objectcount="63924" scancount="56357" scanbytes="2226060" />
  <finalization candidates="124" enqueued="0" />
  <ownableSynchronizers candidates="3" cleared="0" />
  <references type="soft" candidates="84" cleared="0" enqueued="0" dynamicThreshold="20" maxThreshold="32" />
  <references type="weak" candidates="776" cleared="0" enqueued="0" />
  <references type="phantom" candidates="63" cleared="0" enqueued="0" />
  <stringconstants candidates="4574" cleared="0"  />
</gc-op>
<gc-op id="3345" type="sweep" timems="0.296" contextid="3341" timestamp="2019-07-02T19:36:52.141" />
<heap-resize id="3346" type="contract" space="tenure" amount="65536" count="1" timems="0.096" reason="excess free space following gc" timestamp="2019-07-02T19:36:52.141" />
<gc-end id="3347" type="global" contextid="3341" durationms="1.779" usertimems="0.000" systemtimems="4.000" timestamp="2019-07-02T19:36:52.141" activeThreads="4">
  <mem-info id="3348" free="7928560" total="12189696" percent="65">
    <mem type="tenure" free="7928560" total="12189696" percent="65" micro-fragmented="10035">
      <mem type="soa" free="7928560" total="12067840" percent="65" />
      <mem type="loa" free="0" total="121856" percent="0" />
    </mem>
  </mem-info>
</gc-end>
<cycle-end id="3349" type="global" contextid="3341" timestamp="2019-07-02T19:36:52.141">
  <attribute name="GC Util" value="26" />
  <attribute name="CPU Util" value="97434788699682" />
  <attribute name="Time Running"value="3629"/>
  <attribute name="Number of cores"value="4"/>
</cycle-end>
<allocation-satisfied id="3350" threadId="0000000000AB3D00" bytesRequested="40" />
<af-end id="3351" timestamp="2019-07-02T19:36:52.142" threadId="0000000000AB4688" success="true" />
<exclusive-end id="3352" timestamp="2019-07-02T19:36:52.142" durationms="2.331" />

<concurrent-kickoff id="3353" timestamp="2019-07-02T19:36:52.146">
  <kickoff reason="threshold reached" targetBytes="1708882" thresholdFreeBytes="228245" remainingFree="219504" tenureFreeBytes="219504" />
</concurrent-kickoff>
<exclusive-start id="3354" timestamp="2019-07-02T19:36:52.146" intervalms="6.922">
  <response-info timems="0.065" idlems="0.042" threads="1" lastid="0000000000ABB500" lastname="Thread-9" />
</exclusive-start>
<cycle-start id="3355" type="global" contextid="0" timestamp="2019-07-02T19:36:52.146" intervalms="6.719" />
  <attribute name="GC Util" value="26" />
  <attribute name="CPU Util" value="97434788699682" />
  <attribute name="Time Running"value="3629"/>
  <attribute name="Number of cores"value="4"/>
<exclusive-end id="3356" timestamp="2019-07-02T19:36:52.146" durationms="0.112" />

<exclusive-start id="3357" timestamp="2019-07-02T19:36:52.147" intervalms="1.100">
  <response-info timems="0.021" idlems="0.021" threads="0" lastid="0000000000AB0100" lastname="Thread-8" />
</exclusive-start>
<af-start id="3358" threadId="0000000000AB0A88" totalBytesRequested="40" timestamp="2019-07-02T19:36:52.147" intervalms="8.000" />
<gc-start id="3359" type="global" contextid="3355" timestamp="2019-07-02T19:36:52.147">
  <mem-info id="3360" free="0" total="12189696" percent="0">
    <mem type="tenure" free="0" total="12189696" percent="0">
      <mem type="soa" free="0" total="12067840" percent="0" />
      <mem type="loa" free="0" total="121856" percent="0" />
    </mem>
  </mem-info>
</gc-start>
<allocation-stats totalBytes="7924888" >
  <allocated-bytes non-tlh="0" tlh="7924888" />
  <largest-consumer threadName="Thread-9" threadId="0000000000ABB500" bytes="2535128" />
</allocation-stats>
<concurrent-halted id="3361" timestamp="2019-07-02T19:36:52.148">
  <halted state="Class scanning incomplete" status="clean trace" />
  <traced bytesTarget="1708882" bytesTotal="1985288" bytesByMutator="1175836" bytesByHelper="809452" percent="116" />
  <cards cleaned="29" thresholdBytes="89914" />
</concurrent-halted>
<gc-op id="3362" type="tracing" timems="0.338" contextid="3355" timestamp="2019-07-02T19:36:52.148">
  <trace bytesTraced="90664" workStackOverflowCount="0" />
</gc-op>
<gc-op id="3363" type="card-cleaning" timems="0.255" contextid="3355" timestamp="2019-07-02T19:36:52.148">
  <card-cleaning cardsCleaned="4" bytesTraced="2268" workStackOverflowCount="0" />
</gc-op>
<gc-op id="3364" type="mark" timems="1.334" contextid="3355" timestamp="2019-07-02T19:36:52.150">
  <trace-info objectcount="6838" scancount="6569" scanbytes="192572" />
  <finalization candidates="124" enqueued="0" />
  <ownableSynchronizers candidates="3" cleared="0" />
  <references type="soft" candidates="84" cleared="0" enqueued="0" dynamicThreshold="20" maxThreshold="32" />
  <references type="weak" candidates="776" cleared="0" enqueued="0" />
  <references type="phantom" candidates="63" cleared="0" enqueued="0" />
  <stringconstants candidates="4574" cleared="0"  />
</gc-op>
<gc-op id="3365" type="sweep" timems="0.958" contextid="3355" timestamp="2019-07-02T19:36:52.151" />
<mem-info id="3366" free="7850512" total="12189696" percent="64">
  <mem type="tenure" free="7850512" total="12189696" percent="64" micro-fragmented="31257">
    <mem type="soa" free="7850512" total="12067840" percent="65" />
    <mem type="loa" free="0" total="121856" percent="0" />
  </mem>
</mem-info>
<gc-op id="3367" type="compact" timems="4.379" contextid="3355" timestamp="2019-07-02T19:36:52.155">
  <compact-info movecount="7576" movebytes="323576" reason="compact to aid heap contraction" />
</gc-op>
<heap-resize id="3368" type="contract" space="tenure" amount="65536" count="1" timems="0.085" reason="excess free space following gc" timestamp="2019-07-02T19:36:52.155" />
<gc-end id="3369" type="global" contextid="3355" durationms="8.011" usertimems="8.000" systemtimems="4.000" timestamp="2019-07-02T19:36:52.155" activeThreads="4">
  <mem-info id="3370" free="7789056" total="12124160" percent="64">
    <mem type="tenure" free="7789056" total="12124160" percent="64">
      <mem type="soa" free="7789056" total="12003328" percent="64" />
      <mem type="loa" free="0" total="120832" percent="0" />
    </mem>
  </mem-info>
</gc-end>
<cycle-end id="3371" type="global" contextid="3355" timestamp="2019-07-02T19:36:52.156">
  <attribute name="GC Util" value="163" />
  <attribute name="CPU Util" value="48220352149184" />
  <attribute name="Time Running"value="3639"/>
  <attribute name="Number of cores"value="4"/>
</cycle-end>
<allocation-satisfied id="3372" threadId="0000000000AB0100" bytesRequested="40" />
<af-end id="3373" timestamp="2019-07-02T19:36:52.156" threadId="0000000000AB0A88" success="true" />
<exclusive-end id="3374" timestamp="2019-07-02T19:36:52.156" durationms="8.430" />

<concurrent-kickoff id="3375" timestamp="2019-07-02T19:36:52.161">
  <kickoff reason="threshold reached" targetBytes="1828410" thresholdFreeBytes="243931" remainingFree="219648" tenureFreeBytes="219648" />
</concurrent-kickoff>
<exclusive-start id="3376" timestamp="2019-07-02T19:36:52.161" intervalms="14.156">
  <response-info timems="0.025" idlems="0.025" threads="0" lastid="0000000000AB0100" lastname="Thread-8" />
</exclusive-start>
<cycle-start id="3377" type="global" contextid="0" timestamp="2019-07-02T19:36:52.162" intervalms="15.253" />
  <attribute name="GC Util" value="163" />
  <attribute name="CPU Util" value="48220352149184" />
  <attribute name="Time Running"value="3639"/>
  <attribute name="Number of cores"value="4"/>
<exclusive-end id="3378" timestamp="2019-07-02T19:36:52.162" durationms="0.107" />

<exclusive-start id="3379" timestamp="2019-07-02T19:36:52.162" intervalms="0.330">
  <response-info timems="0.021" idlems="0.021" threads="0" lastid="0000000000AB7900" lastname="Thread-7" />
</exclusive-start>
<af-start id="3380" threadId="0000000000AB8288" totalBytesRequested="24" timestamp="2019-07-02T19:36:52.162" intervalms="14.499" />
<concurrent-aborted id="3381" timestamp="2019-07-02T19:36:52.162">
  <reason value="insufficient progress made" />
</concurrent-aborted>
<cycle-end id="3382" type="global" contextid="3377" timestamp="2019-07-02T19:36:52.162">
  <attribute name="GC Util" value="163" />
  <attribute name="CPU Util" value="48220352149184" />
  <attribute name="Time Running"value="3639"/>
  <attribute name="Number of cores"value="4"/>
</cycle-end>
<cycle-start id="3383" type="global" contextid="0" timestamp="2019-07-02T19:36:52.162" intervalms="0.507" />
  <attribute name="GC Util" value="163" />
  <attribute name="CPU Util" value="48220352149184" />
  <attribute name="Time Running"value="3639"/>
  <attribute name="Number of cores"value="4"/>
<gc-start id="3384" type="global" contextid="3383" timestamp="2019-07-02T19:36:52.162">
  <mem-info id="3385" free="0" total="12124160" percent="0">
    <mem type="tenure" free="0" total="12124160" percent="0">
      <mem type="soa" free="0" total="12003328" percent="0" />
      <mem type="loa" free="0" total="120832" percent="0" />
    </mem>
  </mem-info>
</gc-start>
<allocation-stats totalBytes="7853552" >
  <allocated-bytes non-tlh="0" tlh="7853552" />
  <largest-consumer threadName="Thread-9" threadId="0000000000ABB500" bytes="2719456" />
</allocation-stats>
<gc-op id="3386" type="mark" timems="2.062" contextid="3383" timestamp="2019-07-02T19:36:52.164">
  <trace-info objectcount="64946" scancount="57371" scanbytes="2250796" />
  <finalization candidates="124" enqueued="0" />
  <ownableSynchronizers candidates="3" cleared="0" />
  <references type="soft" candidates="84" cleared="0" enqueued="0" dynamicThreshold="20" maxThreshold="32" />
  <references type="weak" candidates="776" cleared="0" enqueued="0" />
  <references type="phantom" candidates="63" cleared="0" enqueued="0" />
  <stringconstants candidates="4574" cleared="0"  />
</gc-op>
<gc-op id="3387" type="sweep" timems="0.963" contextid="3383" timestamp="2019-07-02T19:36:52.165" />
<heap-resize id="3388" type="contract" space="tenure" amount="65536" count="1" timems="0.038" reason="excess free space following gc" timestamp="2019-07-02T19:36:52.165" />
<gc-end id="3389" type="global" contextid="3383" durationms="3.378" usertimems="8.000" systemtimems="0.000" timestamp="2019-07-02T19:36:52.165" activeThreads="4">
  <mem-info id="3390" free="7772704" total="12058624" percent="64">
    <mem type="tenure" free="7772704" total="12058624" percent="64" micro-fragmented="9262">
      <mem type="soa" free="7772704" total="11938816" percent="65" />
      <mem type="loa" free="0" total="119808" percent="0" />
    </mem>
  </mem-info>
</gc-end>
<cycle-end id="3391" type="global" contextid="3383" timestamp="2019-07-02T19:36:52.166">
  <attribute name="GC Util" value="189" />
  <attribute name="CPU Util" value="26690468928784" />
  <attribute name="Time Running"value="3653"/>
  <attribute name="Number of cores"value="4"/>
</cycle-end>
<allocation-satisfied id="3392" threadId="0000000000AB7900" bytesRequested="24" />
<af-end id="3393" timestamp="2019-07-02T19:36:52.166" threadId="0000000000AB8288" success="true" />
<exclusive-end id="3394" timestamp="2019-07-02T19:36:52.166" durationms="3.905" />

<concurrent-kickoff id="3395" timestamp="2019-07-02T19:36:52.170">
  <kickoff reason="threshold reached" targetBytes="1818526" thresholdFreeBytes="242613" remainingFree="241208" tenureFreeBytes="241208" />
</concurrent-kickoff>
<exclusive-start id="3396" timestamp="2019-07-02T19:36:52.170" intervalms="8.333">
  <response-info timems="0.072" idlems="0.043" threads="1" lastid="0000000000AB3D00" lastname="Thread-10" />
</exclusive-start>
<cycle-start id="3397" type="global" contextid="0" timestamp="2019-07-02T19:36:52.170" intervalms="8.148" />
  <attribute name="GC Util" value="189" />
  <attribute name="CPU Util" value="26690468928784" />
  <attribute name="Time Running"value="3653"/>
  <attribute name="Number of cores"value="4"/>
<exclusive-end id="3398" timestamp="2019-07-02T19:36:52.170" durationms="0.095" />

<exclusive-start id="3399" timestamp="2019-07-02T19:36:52.170" intervalms="0.306">
  <response-info timems="0.023" idlems="0.023" threads="0" lastid="0000000000AB7900" lastname="Thread-7" />
</exclusive-start>
<af-start id="3400" threadId="0000000000AB8288" totalBytesRequested="40" timestamp="2019-07-02T19:36:52.170" intervalms="8.632" />
<concurrent-aborted id="3401" timestamp="2019-07-02T19:36:52.171">
  <reason value="insufficient progress made" />
</concurrent-aborted>
<cycle-end id="3402" type="global" contextid="3397" timestamp="2019-07-02T19:36:52.171">
  <attribute name="GC Util" value="189" />
  <attribute name="CPU Util" value="26690468928784" />
  <attribute name="Time Running"value="3653"/>
  <attribute name="Number of cores"value="4"/>
</cycle-end>
<cycle-start id="3403" type="global" contextid="0" timestamp="2019-07-02T19:36:52.171" intervalms="0.491" />
  <attribute name="GC Util" value="189" />
  <attribute name="CPU Util" value="26690468928784" />
  <attribute name="Time Running"value="3653"/>
  <attribute name="Number of cores"value="4"/>
<gc-start id="3404" type="global" contextid="3403" timestamp="2019-07-02T19:36:52.171">
  <mem-info id="3405" free="0" total="12058624" percent="0">
    <mem type="tenure" free="0" total="12058624" percent="0">
      <mem type="soa" free="0" total="11938816" percent="0" />
      <mem type="loa" free="0" total="119808" percent="0" />
    </mem>
  </mem-info>
</gc-start>
<allocation-stats totalBytes="7769664" >
  <allocated-bytes non-tlh="0" tlh="7769664" />
  <largest-consumer threadName="Thread-9" threadId="0000000000ABB500" bytes="2689760" />
</allocation-stats>
<gc-op id="3406" type="mark" timems="2.053" contextid="3403" timestamp="2019-07-02T19:36:52.173">
  <trace-info objectcount="65410" scancount="57835" scanbytes="2261588" />
  <finalization candidates="124" enqueued="0" />
  <ownableSynchronizers candidates="3" cleared="0" />
  <references type="soft" candidates="84" cleared="0" enqueued="0" dynamicThreshold="20" maxThreshold="32" />
  <references type="weak" candidates="776" cleared="0" enqueued="0" />
  <references type="phantom" candidates="63" cleared="0" enqueued="0" />
  <stringconstants candidates="4574" cleared="0"  />
</gc-op>
<gc-op id="3407" type="sweep" timems="0.954" contextid="3403" timestamp="2019-07-02T19:36:52.174" />
<heap-resize id="3408" type="contract" space="tenure" amount="65536" count="1" timems="0.090" reason="excess free space following gc" timestamp="2019-07-02T19:36:52.174" />
<gc-end id="3409" type="global" contextid="3403" durationms="3.465" usertimems="8.000" systemtimems="0.000" timestamp="2019-07-02T19:36:52.174" activeThreads="4">
  <mem-info id="3410" free="7660568" total="11993088" percent="63">
    <mem type="tenure" free="7660568" total="11993088" percent="63" micro-fragmented="0">
      <mem type="soa" free="7660568" total="11873280" percent="64" />
      <mem type="loa" free="0" total="119808" percent="0" />
    </mem>
  </mem-info>
</gc-end>
<cycle-end id="3411" type="global" contextid="3403" timestamp="2019-07-02T19:36:52.174">
  <attribute name="GC Util" value="187" />
  <attribute name="CPU Util" value="25687371883387" />
  <attribute name="Time Running"value="3662"/>
  <attribute name="Number of cores"value="4"/>
</cycle-end>
<allocation-satisfied id="3412" threadId="0000000000AB7900" bytesRequested="40" />
<af-end id="3413" timestamp="2019-07-02T19:36:52.174" threadId="0000000000AB8288" success="true" />
<exclusive-end id="3414" timestamp="2019-07-02T19:36:52.175" durationms="4.085" />

<concurrent-kickoff id="3415" timestamp="2019-07-02T19:36:52.181">
  <kickoff reason="threshold reached" targetBytes="1808643" thresholdFreeBytes="241294" remainingFree="230264" tenureFreeBytes="230264" />
</concurrent-kickoff>
<exclusive-start id="3416" timestamp="2019-07-02T19:36:52.181" intervalms="10.188">
  <response-info timems="0.086" idlems="0.052" threads="1" lastid="0000000000ABB500" lastname="Thread-9" />
</exclusive-start>
<cycle-start id="3417" type="global" contextid="0" timestamp="2019-07-02T19:36:52.181" intervalms="10.011" />
  <attribute name="GC Util" value="187" />
  <attribute name="CPU Util" value="25687371883387" />
  <attribute name="Time Running"value="3662"/>
  <attribute name="Number of cores"value="4"/>
<exclusive-end id="3418" timestamp="2019-07-02T19:36:52.181" durationms="0.147" />

<exclusive-start id="3419" timestamp="2019-07-02T19:36:52.182" intervalms="0.906">
  <response-info timems="0.022" idlems="0.022" threads="0" lastid="0000000000AB7900" lastname="Thread-7" />
</exclusive-start>
<af-start id="3420" threadId="0000000000AB8288" totalBytesRequested="40" timestamp="2019-07-02T19:36:52.182" intervalms="11.102" />
<gc-start id="3421" type="global" contextid="3417" timestamp="2019-07-02T19:36:52.182">
  <mem-info id="3422" free="0" total="11993088" percent="0">
    <mem type="tenure" free="0" total="11993088" percent="0">
      <mem type="soa" free="0" total="11873280" percent="0" />
      <mem type="loa" free="0" total="119808" percent="0" />
    </mem>
  </mem-info>
</gc-start>
<allocation-stats totalBytes="7653080" >
  <allocated-bytes non-tlh="0" tlh="7653080" />
  <largest-consumer threadName="Thread-8" threadId="0000000000AB0100" bytes="3004496" />
</allocation-stats>
<concurrent-halted id="3423" timestamp="2019-07-02T19:36:52.182">
  <halted state="Tracing incomplete" status="clean trace" />
  <traced bytesTarget="1808643" bytesTotal="1373064" bytesByMutator="900908" bytesByHelper="472156" percent="75" />
  <cards cleaned="17" thresholdBytes="95054" />
</concurrent-halted>
<gc-op id="3424" type="tracing" timems="0.266" contextid="3417" timestamp="2019-07-02T19:36:52.182">
  <trace bytesTraced="5724" workStackOverflowCount="0" />
</gc-op>
<gc-op id="3425" type="card-cleaning" timems="0.397" contextid="3417" timestamp="2019-07-02T19:36:52.183">
  <card-cleaning cardsCleaned="9" bytesTraced="3196" workStackOverflowCount="0" />
</gc-op>
<gc-op id="3426" type="mark" timems="1.738" contextid="3417" timestamp="2019-07-02T19:36:52.184">
  <trace-info objectcount="30675" scancount="25965" scanbytes="912112" />
  <finalization candidates="124" enqueued="0" />
  <ownableSynchronizers candidates="3" cleared="0" />
  <references type="soft" candidates="84" cleared="0" enqueued="0" dynamicThreshold="20" maxThreshold="32" />
  <references type="weak" candidates="776" cleared="0" enqueued="0" />
  <references type="phantom" candidates="63" cleared="0" enqueued="0" />
  <stringconstants candidates="4574" cleared="0"  />
</gc-op>
<gc-op id="3427" type="sweep" timems="1.020" contextid="3417" timestamp="2019-07-02T19:36:52.185" />
<heap-resize id="3428" type="contract" space="tenure" amount="65536" count="1" timems="0.101" reason="excess free space following gc" timestamp="2019-07-02T19:36:52.186" />
<gc-end id="3429" type="global" contextid="3417" durationms="4.082" usertimems="8.000" systemtimems="0.000" timestamp="2019-07-02T19:36:52.186" activeThreads="4">
  <mem-info id="3430" free="7552568" total="11927552" percent="63">
    <mem type="tenure" free="7552568" total="11927552" percent="63" micro-fragmented="34816">
      <mem type="soa" free="7552568" total="11808768" percent="63" />
      <mem type="loa" free="0" total="118784" percent="0" />
    </mem>
  </mem-info>
</gc-end>
<cycle-end id="3431" type="global" contextid="3417" timestamp="2019-07-02T19:36:52.186">
  <attribute name="GC Util" value="174" />
  <attribute name="CPU Util" value="23816909159433" />
  <attribute name="Time Running"value="3673"/>
  <attribute name="Number of cores"value="4"/>
</cycle-end>
<allocation-satisfied id="3432" threadId="0000000000AB7900" bytesRequested="40" />
<af-end id="3433" timestamp="2019-07-02T19:36:52.186" threadId="0000000000AB8288" success="true" />
<exclusive-end id="3434" timestamp="2019-07-02T19:36:52.186" durationms="4.465" />

<concurrent-kickoff id="3435" timestamp="2019-07-02T19:36:52.190">
  <kickoff reason="threshold reached" targetBytes="1766995" thresholdFreeBytes="235801" remainingFree="222744" tenureFreeBytes="222744" />
</concurrent-kickoff>
<exclusive-start id="3436" timestamp="2019-07-02T19:36:52.190" intervalms="8.814">
  <response-info timems="0.056" idlems="0.032" threads="1" lastid="0000000000AB0100" lastname="Thread-8" />
</exclusive-start>
<cycle-start id="3437" type="global" contextid="0" timestamp="2019-07-02T19:36:52.190" intervalms="9.730" />
  <attribute name="GC Util" value="174" />
  <attribute name="CPU Util" value="23816909159433" />
  <attribute name="Time Running"value="3673"/>
  <attribute name="Number of cores"value="4"/>
<exclusive-end id="3438" timestamp="2019-07-02T19:36:52.190" durationms="0.133" />

<exclusive-start id="3439" timestamp="2019-07-02T19:36:52.191" intervalms="1.123">
  <response-info timems="0.023" idlems="0.023" threads="0" lastid="0000000000AB7900" lastname="Thread-7" />
</exclusive-start>
<af-start id="3440" threadId="0000000000AB8288" totalBytesRequested="40" timestamp="2019-07-02T19:36:52.192" intervalms="9.931" />
<gc-start id="3441" type="global" contextid="3437" timestamp="2019-07-02T19:36:52.192">
  <mem-info id="3442" free="0" total="11927552" percent="0">
    <mem type="tenure" free="0" total="11927552" percent="0">
      <mem type="soa" free="0" total="11808768" percent="0" />
      <mem type="loa" free="0" total="118784" percent="0" />
    </mem>
  </mem-info>
</gc-start>
<allocation-stats totalBytes="7541664" >
  <allocated-bytes non-tlh="0" tlh="7541664" />
  <largest-consumer threadName="Thread-9" threadId="0000000000ABB500" bytes="2580808" />
</allocation-stats>
<concurrent-halted id="3443" timestamp="2019-07-02T19:36:52.192">
  <halted state="Class scanning incomplete" status="clean trace" />
  <traced bytesTarget="1766995" bytesTotal="1934196" bytesByMutator="1271668" bytesByHelper="662528" percent="109" />
  <cards cleaned="0" thresholdBytes="92891" />
</concurrent-halted>
<gc-op id="3444" type="tracing" timems="0.368" contextid="3437" timestamp="2019-07-02T19:36:52.192">
  <trace bytesTraced="207592" workStackOverflowCount="0" />
</gc-op>
<gc-op id="3445" type="card-cleaning" timems="0.267" contextid="3437" timestamp="2019-07-02T19:36:52.192">
  <card-cleaning cardsCleaned="26" bytesTraced="22016" workStackOverflowCount="0" />
</gc-op>
<gc-op id="3446" type="mark" timems="1.130" contextid="3437" timestamp="2019-07-02T19:36:52.194">
  <trace-info objectcount="4119" scancount="4444" scanbytes="144648" />
  <finalization candidates="124" enqueued="0" />
  <ownableSynchronizers candidates="3" cleared="0" />
  <references type="soft" candidates="84" cleared="0" enqueued="0" dynamicThreshold="20" maxThreshold="32" />
  <references type="weak" candidates="776" cleared="0" enqueued="0" />
  <references type="phantom" candidates="63" cleared="0" enqueued="0" />
  <stringconstants candidates="4574" cleared="0"  />
</gc-op>
<gc-op id="3447" type="sweep" timems="1.106" contextid="3437" timestamp="2019-07-02T19:36:52.195" />
<mem-info id="3448" free="7479784" total="11927552" percent="62">
  <mem type="tenure" free="7479784" total="11927552" percent="62" micro-fragmented="39252">
    <mem type="soa" free="7479784" total="11808768" percent="63" />
    <mem type="loa" free="0" total="118784" percent="0" />
  </mem>
</mem-info>
<gc-op id="3449" type="compact" timems="4.546" contextid="3437" timestamp="2019-07-02T19:36:52.200">
  <compact-info movecount="9101" movebytes="359496" reason="compact to aid heap contraction" />
</gc-op>
<heap-resize id="3450" type="contract" space="tenure" amount="65536" count="1" timems="0.070" reason="excess free space following gc" timestamp="2019-07-02T19:36:52.200" />
<gc-end id="3451" type="global" contextid="3437" durationms="8.403" usertimems="16.000" systemtimems="0.000" timestamp="2019-07-02T19:36:52.200" activeThreads="4">
  <mem-info id="3452" free="7488952" total="11862016" percent="63">
    <mem type="tenure" free="7488952" total="11862016" percent="63">
      <mem type="soa" free="7488952" total="11744256" percent="63" />
      <mem type="loa" free="0" total="117760" percent="0" />
    </mem>
  </mem-info>
</gc-end>
<cycle-end id="3453" type="global" contextid="3437" timestamp="2019-07-02T19:36:52.200">
  <attribute name="GC Util" value="115" />
  <attribute name="CPU Util" value="35918865369384" />
  <attribute name="Time Running"value="3683"/>
  <attribute name="Number of cores"value="4"/>
</cycle-end>
<allocation-satisfied id="3454" threadId="0000000000AB7900" bytesRequested="40" />
<af-end id="3455" timestamp="2019-07-02T19:36:52.200" threadId="0000000000AB8288" success="true" />
<exclusive-end id="3456" timestamp="2019-07-02T19:36:52.200" durationms="8.998" />

<concurrent-kickoff id="3457" timestamp="2019-07-02T19:36:52.205">
  <kickoff reason="threshold reached" targetBytes="1867218" thresholdFreeBytes="248952" remainingFree="210360" tenureFreeBytes="210360" />
</concurrent-kickoff>
<exclusive-start id="3458" timestamp="2019-07-02T19:36:52.205" intervalms="13.430">
  <response-info timems="0.067" idlems="0.041" threads="1" lastid="0000000000AB7900" lastname="Thread-7" />
</exclusive-start>
<cycle-start id="3459" type="global" contextid="0" timestamp="2019-07-02T19:36:52.205" intervalms="14.598" />
  <attribute name="GC Util" value="115" />
  <attribute name="CPU Util" value="35918865369384" />
  <attribute name="Time Running"value="3683"/>
  <attribute name="Number of cores"value="4"/>
<exclusive-end id="3460" timestamp="2019-07-02T19:36:52.205" durationms="0.171" />

<exclusive-start id="3461" timestamp="2019-07-02T19:36:52.210" intervalms="4.633">
  <response-info timems="0.025" idlems="0.025" threads="0" lastid="0000000000AB3D00" lastname="Thread-10" />
</exclusive-start>
<af-start id="3462" threadId="0000000000AB4688" totalBytesRequested="24" timestamp="2019-07-02T19:36:52.210" intervalms="18.119" />
<concurrent-aborted id="3463" timestamp="2019-07-02T19:36:52.210">
  <reason value="insufficient progress made" />
</concurrent-aborted>
<cycle-end id="3464" type="global" contextid="3459" timestamp="2019-07-02T19:36:52.210">
  <attribute name="GC Util" value="115" />
  <attribute name="CPU Util" value="35918865369384" />
  <attribute name="Time Running"value="3683"/>
  <attribute name="Number of cores"value="4"/>
</cycle-end>
<cycle-start id="3465" type="global" contextid="0" timestamp="2019-07-02T19:36:52.210" intervalms="4.977" />
  <attribute name="GC Util" value="115" />
  <attribute name="CPU Util" value="35918865369384" />
  <attribute name="Time Running"value="3683"/>
  <attribute name="Number of cores"value="4"/>
<gc-start id="3466" type="global" contextid="3465" timestamp="2019-07-02T19:36:52.210">
  <mem-info id="3467" free="0" total="11862016" percent="0">
    <mem type="tenure" free="0" total="11862016" percent="0">
      <mem type="soa" free="0" total="11744256" percent="0" />
      <mem type="loa" free="0" total="117760" percent="0" />
    </mem>
  </mem-info>
</gc-start>
<allocation-stats totalBytes="7553656" >
  <allocated-bytes non-tlh="0" tlh="7553656" />
  <largest-consumer threadName="Thread-8" threadId="0000000000AB0100" bytes="2409744" />
</allocation-stats>
<gc-op id="3468" type="mark" timems="2.217" contextid="3465" timestamp="2019-07-02T19:36:52.212">
  <trace-info objectcount="66846" scancount="59293" scanbytes="2296132" />
  <finalization candidates="124" enqueued="0" />
  <ownableSynchronizers candidates="3" cleared="0" />
  <references type="soft" candidates="84" cleared="0" enqueued="0" dynamicThreshold="20" maxThreshold="32" />
  <references type="weak" candidates="776" cleared="0" enqueued="0" />
  <references type="phantom" candidates="63" cleared="0" enqueued="0" />
  <stringconstants candidates="4574" cleared="0"  />
</gc-op>
<gc-op id="3469" type="sweep" timems="0.972" contextid="3465" timestamp="2019-07-02T19:36:52.213" />
<heap-resize id="3470" type="contract" space="tenure" amount="65536" count="1" timems="0.088" reason="excess free space following gc" timestamp="2019-07-02T19:36:52.214" />
<gc-end id="3471" type="global" contextid="3465" durationms="3.694" usertimems="12.000" systemtimems="0.000" timestamp="2019-07-02T19:36:52.214" activeThreads="4">
  <mem-info id="3472" free="7450888" total="11796480" percent="63">
    <mem type="tenure" free="7450888" total="11796480" percent="63" micro-fragmented="6690">
      <mem type="soa" free="7450888" total="11678720" percent="63" />
      <mem type="loa" free="0" total="117760" percent="0" />
    </mem>
  </mem-info>
</gc-end>
<cycle-end id="3473" type="global" contextid="3465" timestamp="2019-07-02T19:36:52.214">
  <attribute name="GC Util" value="174" />
  <attribute name="CPU Util" value="25295778261142" />
  <attribute name="Time Running"value="3701"/>
  <attribute name="Number of cores"value="4"/>
</cycle-end>
<allocation-satisfied id="3474" threadId="0000000000AB3D00" bytesRequested="24" />
<af-end id="3475" timestamp="2019-07-02T19:36:52.214" threadId="0000000000AB4688" success="true" />
<exclusive-end id="3476" timestamp="2019-07-02T19:36:52.214" durationms="4.674" />

<concurrent-kickoff id="3477" timestamp="2019-07-02T19:36:52.219">
  <kickoff reason="threshold reached" targetBytes="1856901" thresholdFreeBytes="247577" remainingFree="219976" tenureFreeBytes="219976" />
</concurrent-kickoff>
<exclusive-start id="3478" timestamp="2019-07-02T19:36:52.220" intervalms="10.000">
  <response-info timems="0.061" idlems="0.036" threads="2" lastid="0000000000AB0100" lastname="Thread-8" />
</exclusive-start>
<cycle-start id="3479" type="global" contextid="0" timestamp="2019-07-02T19:36:52.220" intervalms="9.601" />
  <attribute name="GC Util" value="174" />
  <attribute name="CPU Util" value="25295778261142" />
  <attribute name="Time Running"value="3701"/>
  <attribute name="Number of cores"value="4"/>
<exclusive-end id="3480" timestamp="2019-07-02T19:36:52.220" durationms="0.108" />

<exclusive-start id="3481" timestamp="2019-07-02T19:36:52.220" intervalms="0.751">
  <response-info timems="0.032" idlems="0.018" threads="1" lastid="0000000000ABB500" lastname="Thread-9" />
</exclusive-start>
<af-start id="3482" threadId="0000000000AB4688" totalBytesRequested="24" timestamp="2019-07-02T19:36:52.220" intervalms="10.694" />
<gc-start id="3483" type="global" contextid="3479" timestamp="2019-07-02T19:36:52.220">
  <mem-info id="3484" free="0" total="11796480" percent="0">
    <mem type="tenure" free="0" total="11796480" percent="0">
      <mem type="soa" free="0" total="11678720" percent="0" />
      <mem type="loa" free="0" total="117760" percent="0" />
    </mem>
  </mem-info>
</gc-start>
<allocation-stats totalBytes="7448864" >
  <allocated-bytes non-tlh="0" tlh="7448864" />
  <largest-consumer threadName="Thread-8" threadId="0000000000AB0100" bytes="2841176" />
</allocation-stats>
<concurrent-halted id="3485" timestamp="2019-07-02T19:36:52.221">
  <halted state="Tracing incomplete" status="clean trace" />
  <traced bytesTarget="1856901" bytesTotal="574072" bytesByMutator="574072" bytesByHelper="0" percent="30" />
  <cards cleaned="0" thresholdBytes="97530" />
</concurrent-halted>
<gc-op id="3486" type="tracing" timems="0.676" contextid="3479" timestamp="2019-07-02T19:36:52.221">
  <trace bytesTraced="1187652" workStackOverflowCount="0" />
</gc-op>
<gc-op id="3487" type="card-cleaning" timems="0.411" contextid="3479" timestamp="2019-07-02T19:36:52.222">
  <card-cleaning cardsCleaned="18" bytesTraced="17836" workStackOverflowCount="0" />
</gc-op>
<gc-op id="3488" type="mark" timems="1.388" contextid="3479" timestamp="2019-07-02T19:36:52.223">
  <trace-info objectcount="22104" scancount="17236" scanbytes="545428" />
  <finalization candidates="124" enqueued="0" />
  <ownableSynchronizers candidates="3" cleared="0" />
  <references type="soft" candidates="84" cleared="0" enqueued="0" dynamicThreshold="20" maxThreshold="32" />
  <references type="weak" candidates="776" cleared="0" enqueued="0" />
  <references type="phantom" candidates="63" cleared="0" enqueued="0" />
  <stringconstants candidates="4574" cleared="0"  />
</gc-op>
<gc-op id="3489" type="sweep" timems="0.977" contextid="3479" timestamp="2019-07-02T19:36:52.224" />
<heap-resize id="3490" type="contract" space="tenure" amount="65536" count="1" timems="0.075" reason="excess free space following gc" timestamp="2019-07-02T19:36:52.224" />
<gc-end id="3491" type="global" contextid="3479" durationms="4.146" usertimems="8.000" systemtimems="0.000" timestamp="2019-07-02T19:36:52.225" activeThreads="4">
  <mem-info id="3492" free="7329224" total="11730944" percent="62">
    <mem type="tenure" free="7329224" total="11730944" percent="62" micro-fragmented="26895">
      <mem type="soa" free="7329224" total="11614208" percent="63" />
      <mem type="loa" free="0" total="116736" percent="0" />
    </mem>
  </mem-info>
</gc-end>
<cycle-end id="3493" type="global" contextid="3479" timestamp="2019-07-02T19:36:52.225">
  <attribute name="GC Util" value="173" />
  <attribute name="CPU Util" value="25010838490786" />
  <attribute name="Time Running"value="3712"/>
  <attribute name="Number of cores"value="4"/>
</cycle-end>
<allocation-satisfied id="3494" threadId="0000000000AB3D00" bytesRequested="24" />
<af-end id="3495" timestamp="2019-07-02T19:36:52.225" threadId="0000000000AB4688" success="true" />
<exclusive-end id="3496" timestamp="2019-07-02T19:36:52.225" durationms="4.541" />

<concurrent-kickoff id="3497" timestamp="2019-07-02T19:36:52.230">
  <kickoff reason="threshold reached" targetBytes="1629499" thresholdFreeBytes="217674" remainingFree="202976" tenureFreeBytes="202976" />
</concurrent-kickoff>
<exclusive-start id="3498" timestamp="2019-07-02T19:36:52.231" intervalms="10.268">
  <response-info timems="0.045" idlems="0.024" threads="1" lastid="0000000000AB3D00" lastname="Thread-10" />
</exclusive-start>
<cycle-start id="3499" type="global" contextid="0" timestamp="2019-07-02T19:36:52.231" intervalms="11.022" />
  <attribute name="GC Util" value="173" />
  <attribute name="CPU Util" value="25010838490786" />
  <attribute name="Time Running"value="3712"/>
  <attribute name="Number of cores"value="4"/>
<exclusive-end id="3500" timestamp="2019-07-02T19:36:52.231" durationms="0.115" />

<exclusive-start id="3501" timestamp="2019-07-02T19:36:52.232" intervalms="1.385">
  <response-info timems="0.045" idlems="0.045" threads="0" lastid="0000000000AB0100" lastname="Thread-8" />
</exclusive-start>
<af-start id="3502" threadId="0000000000AB0A88" totalBytesRequested="40" timestamp="2019-07-02T19:36:52.232" intervalms="11.645" />
<gc-start id="3503" type="global" contextid="3499" timestamp="2019-07-02T19:36:52.232">
  <mem-info id="3504" free="0" total="11730944" percent="0">
    <mem type="tenure" free="0" total="11730944" percent="0">
      <mem type="soa" free="0" total="11614208" percent="0" />
      <mem type="loa" free="0" total="116736" percent="0" />
    </mem>
  </mem-info>
</gc-start>
<allocation-stats totalBytes="7323096" >
  <allocated-bytes non-tlh="0" tlh="7323096" />
  <largest-consumer threadName="Thread-8" threadId="0000000000AB0100" bytes="2614992" />
</allocation-stats>
<concurrent-halted id="3505" timestamp="2019-07-02T19:36:52.232">
  <halted state="Class scanning incomplete" status="clean trace" />
  <traced bytesTarget="1629499" bytesTotal="1741432" bytesByMutator="1741432" bytesByHelper="0" percent="106" />
  <cards cleaned="0" thresholdBytes="85750" />
</concurrent-halted>
<gc-op id="3506" type="tracing" timems="0.447" contextid="3499" timestamp="2019-07-02T19:36:52.233">
  <trace bytesTraced="422048" workStackOverflowCount="0" />
</gc-op>
<gc-op id="3507" type="card-cleaning" timems="0.258" contextid="3499" timestamp="2019-07-02T19:36:52.233">
  <card-cleaning cardsCleaned="27" bytesTraced="22528" workStackOverflowCount="0" />
</gc-op>
<gc-op id="3508" type="mark" timems="1.107" contextid="3499" timestamp="2019-07-02T19:36:52.234">
  <trace-info objectcount="5366" scancount="5103" scanbytes="157892" />
  <finalization candidates="124" enqueued="0" />
  <ownableSynchronizers candidates="3" cleared="0" />
  <references type="soft" candidates="84" cleared="0" enqueued="0" dynamicThreshold="19" maxThreshold="32" />
  <references type="weak" candidates="776" cleared="0" enqueued="0" />
  <references type="phantom" candidates="63" cleared="0" enqueued="0" />
  <stringconstants candidates="4574" cleared="0"  />
</gc-op>
<gc-op id="3509" type="sweep" timems="1.044" contextid="3499" timestamp="2019-07-02T19:36:52.235" />
<mem-info id="3510" free="7269408" total="11730944" percent="61">
  <mem type="tenure" free="7269408" total="11730944" percent="61" micro-fragmented="23336">
    <mem type="soa" free="7269408" total="11614208" percent="62" />
    <mem type="loa" free="0" total="116736" percent="0" />
  </mem>
</mem-info>
<gc-op id="3511" type="compact" timems="4.529" contextid="3499" timestamp="2019-07-02T19:36:52.240">
  <compact-info movecount="4043" movebytes="101264" reason="compact to aid heap contraction" />
</gc-op>
<heap-resize id="3512" type="contract" space="tenure" amount="65536" count="1" timems="0.079" reason="excess free space following gc" timestamp="2019-07-02T19:36:52.240" />
<gc-end id="3513" type="global" contextid="3499" durationms="8.157" usertimems="12.000" systemtimems="0.000" timestamp="2019-07-02T19:36:52.240" activeThreads="4">
  <mem-info id="3514" free="7255456" total="11665408" percent="62">
    <mem type="tenure" free="7255456" total="11665408" percent="62">
      <mem type="soa" free="7255456" total="11549696" percent="62" />
      <mem type="loa" free="0" total="115712" percent="0" />
    </mem>
  </mem-info>
</gc-end>
<cycle-end id="3515" type="global" contextid="3499" timestamp="2019-07-02T19:36:52.240">
  <attribute name="GC Util" value="143" />
  <attribute name="CPU Util" value="44772020261746" />
  <attribute name="Time Running"value="3723"/>
  <attribute name="Number of cores"value="4"/>
</cycle-end>
<allocation-satisfied id="3516" threadId="0000000000AB0100" bytesRequested="40" />
<af-end id="3517" timestamp="2019-07-02T19:36:52.240" threadId="0000000000AB0A88" success="true" />
<exclusive-end id="3518" timestamp="2019-07-02T19:36:52.241" durationms="8.586" />

<concurrent-kickoff id="3519" timestamp="2019-07-02T19:36:52.246">
  <kickoff reason="threshold reached" targetBytes="1712123" thresholdFreeBytes="228512" remainingFree="148896" tenureFreeBytes="148896" />
</concurrent-kickoff>
<exclusive-start id="3520" timestamp="2019-07-02T19:36:52.246" intervalms="14.250">
  <response-info timems="0.073" idlems="0.047" threads="1" lastid="0000000000ABB500" lastname="Thread-9" />
</exclusive-start>
<cycle-start id="3521" type="global" contextid="0" timestamp="2019-07-02T19:36:52.246" intervalms="15.641" />
  <attribute name="GC Util" value="143" />
  <attribute name="CPU Util" value="44772020261746" />
  <attribute name="Time Running"value="3723"/>
  <attribute name="Number of cores"value="4"/>
<exclusive-end id="3522" timestamp="2019-07-02T19:36:52.246" durationms="0.124" />

<exclusive-start id="3523" timestamp="2019-07-02T19:36:52.247" intervalms="0.446">
  <response-info timems="0.022" idlems="0.022" threads="0" lastid="0000000000AB0100" lastname="Thread-8" />
</exclusive-start>
<af-start id="3524" threadId="0000000000AB0A88" totalBytesRequested="136" timestamp="2019-07-02T19:36:52.247" intervalms="14.699" />
<concurrent-aborted id="3525" timestamp="2019-07-02T19:36:52.247">
  <reason value="insufficient progress made" />
</concurrent-aborted>
<cycle-end id="3526" type="global" contextid="3521" timestamp="2019-07-02T19:36:52.247">
  <attribute name="GC Util" value="143" />
  <attribute name="CPU Util" value="44772020261746" />
  <attribute name="Time Running"value="3723"/>
  <attribute name="Number of cores"value="4"/>
</cycle-end>
<cycle-start id="3527" type="global" contextid="0" timestamp="2019-07-02T19:36:52.247" intervalms="0.563" />
  <attribute name="GC Util" value="143" />
  <attribute name="CPU Util" value="44772020261746" />
  <attribute name="Time Running"value="3723"/>
  <attribute name="Number of cores"value="4"/>
<gc-start id="3528" type="global" contextid="3527" timestamp="2019-07-02T19:36:52.247">
  <mem-info id="3529" free="0" total="11665408" percent="0">
    <mem type="tenure" free="0" total="11665408" percent="0">
      <mem type="soa" free="0" total="11549696" percent="0" />
      <mem type="loa" free="0" total="115712" percent="0" />
    </mem>
  </mem-info>
</gc-start>
<allocation-stats totalBytes="7319880" >
  <allocated-bytes non-tlh="0" tlh="7319880" />
  <largest-consumer threadName="Thread-8" threadId="0000000000AB0100" bytes="2999200" />
</allocation-stats>
<gc-op id="3530" type="mark" timems="2.271" contextid="3527" timestamp="2019-07-02T19:36:52.249">
  <trace-info objectcount="68475" scancount="60902" scanbytes="2335076" />
  <finalization candidates="124" enqueued="0" />
  <ownableSynchronizers candidates="3" cleared="0" />
  <references type="soft" candidates="84" cleared="0" enqueued="0" dynamicThreshold="19" maxThreshold="32" />
  <references type="weak" candidates="776" cleared="0" enqueued="0" />
  <references type="phantom" candidates="63" cleared="0" enqueued="0" />
  <stringconstants candidates="4574" cleared="0"  />
</gc-op>
<gc-op id="3531" type="sweep" timems="0.941" contextid="3527" timestamp="2019-07-02T19:36:52.250" />
<heap-resize id="3532" type="contract" space="tenure" amount="65536" count="1" timems="0.041" reason="excess free space following gc" timestamp="2019-07-02T19:36:52.250" />
<gc-end id="3533" type="global" contextid="3527" durationms="3.477" usertimems="12.000" systemtimems="0.000" timestamp="2019-07-02T19:36:52.250" activeThreads="4">
  <mem-info id="3534" free="7207176" total="11599872" percent="62">
    <mem type="tenure" free="7207176" total="11599872" percent="62" micro-fragmented="3847">
      <mem type="soa" free="7207176" total="11484160" percent="62" />
      <mem type="loa" free="0" total="115712" percent="0" />
    </mem>
  </mem-info>
</gc-end>
<cycle-end id="3535" type="global" contextid="3527" timestamp="2019-07-02T19:36:52.250">
  <attribute name="GC Util" value="187" />
  <attribute name="CPU Util" value="26408704136736" />
  <attribute name="Time Running"value="3738"/>
  <attribute name="Number of cores"value="4"/>
</cycle-end>
<allocation-satisfied id="3536" threadId="0000000000AB0100" bytesRequested="136" />
<af-end id="3537" timestamp="2019-07-02T19:36:52.250" threadId="0000000000AB0A88" success="true" />
<exclusive-end id="3538" timestamp="2019-07-02T19:36:52.250" durationms="3.856" />

<concurrent-kickoff id="3539" timestamp="2019-07-02T19:36:52.255">
  <kickoff reason="threshold reached" targetBytes="1702504" thresholdFreeBytes="227228" remainingFree="194024" tenureFreeBytes="194024" />
</concurrent-kickoff>
<exclusive-start id="3540" timestamp="2019-07-02T19:36:52.256" intervalms="8.972">
  <response-info timems="0.086" idlems="0.086" threads="0" lastid="0000000000AB0100" lastname="Thread-8" />
</exclusive-start>
<cycle-start id="3541" type="global" contextid="0" timestamp="2019-07-02T19:36:52.256" intervalms="8.833" />
  <attribute name="GC Util" value="187" />
  <attribute name="CPU Util" value="26408704136736" />
  <attribute name="Time Running"value="3738"/>
  <attribute name="Number of cores"value="4"/>
<exclusive-end id="3542" timestamp="2019-07-02T19:36:52.256" durationms="0.091" />

<exclusive-start id="3543" timestamp="2019-07-02T19:36:52.257" intervalms="1.197">
  <response-info timems="0.029" idlems="0.029" threads="0" lastid="0000000000ABB500" lastname="Thread-9" />
</exclusive-start>
<af-start id="3544" threadId="0000000000ABBE88" totalBytesRequested="40" timestamp="2019-07-02T19:36:52.257" intervalms="10.181" />
<gc-start id="3545" type="global" contextid="3541" timestamp="2019-07-02T19:36:52.257">
  <mem-info id="3546" free="0" total="11599872" percent="0">
    <mem type="tenure" free="0" total="11599872" percent="0">
      <mem type="soa" free="0" total="11484160" percent="0" />
      <mem type="loa" free="0" total="115712" percent="0" />
    </mem>
  </mem-info>
</gc-start>
<allocation-stats totalBytes="7205048" >
  <allocated-bytes non-tlh="0" tlh="7205048" />
  <largest-consumer threadName="Thread-8" threadId="0000000000AB0100" bytes="2945424" />
</allocation-stats>
<concurrent-halted id="3547" timestamp="2019-07-02T19:36:52.257">
  <halted state="Class scanning incomplete" status="clean trace" />
  <traced bytesTarget="1702504" bytesTotal="1530752" bytesByMutator="829968" bytesByHelper="700784" percent="89" />
  <cards cleaned="0" thresholdBytes="89514" />
</concurrent-halted>
<gc-op id="3548" type="tracing" timems="0.431" contextid="3541" timestamp="2019-07-02T19:36:52.258">
  <trace bytesTraced="329004" workStackOverflowCount="0" />
</gc-op>
<gc-op id="3549" type="card-cleaning" timems="0.410" contextid="3541" timestamp="2019-07-02T19:36:52.258">
  <card-cleaning cardsCleaned="24" bytesTraced="17108" workStackOverflowCount="0" />
</gc-op>
<gc-op id="3550" type="mark" timems="1.343" contextid="3541" timestamp="2019-07-02T19:36:52.259">
  <trace-info objectcount="13425" scancount="13200" scanbytes="491376" />
  <finalization candidates="124" enqueued="0" />
  <ownableSynchronizers candidates="3" cleared="0" />
  <references type="soft" candidates="84" cleared="0" enqueued="0" dynamicThreshold="19" maxThreshold="32" />
  <references type="weak" candidates="776" cleared="0" enqueued="0" />
  <references type="phantom" candidates="63" cleared="0" enqueued="0" />
  <stringconstants candidates="4574" cleared="0"  />
</gc-op>
<gc-op id="3551" type="sweep" timems="0.778" contextid="3541" timestamp="2019-07-02T19:36:52.260" />
<mem-info id="3552" free="7142800" total="11599872" percent="61">
  <mem type="tenure" free="7142800" total="11599872" percent="61" micro-fragmented="14597">
    <mem type="soa" free="7142800" total="11484160" percent="62" />
    <mem type="loa" free="0" total="115712" percent="0" />
  </mem>
</mem-info>
<gc-op id="3553" type="compact" timems="4.552" contextid="3541" timestamp="2019-07-02T19:36:52.265">
  <compact-info movecount="3148" movebytes="78848" reason="compact to aid heap contraction" />
</gc-op>
<heap-resize id="3554" type="contract" space="tenure" amount="65536" count="1" timems="0.039" reason="excess free space following gc" timestamp="2019-07-02T19:36:52.265" />
<gc-end id="3555" type="global" contextid="3541" durationms="8.330" usertimems="16.000" systemtimems="4.000" timestamp="2019-07-02T19:36:52.265" activeThreads="4">
  <mem-info id="3556" free="7100616" total="11534336" percent="61">
    <mem type="tenure" free="7100616" total="11534336" percent="61">
      <mem type="soa" free="7100616" total="11419648" percent="62" />
      <mem type="loa" free="0" total="114688" percent="0" />
    </mem>
  </mem-info>
</gc-end>
<cycle-end id="3557" type="global" contextid="3541" timestamp="2019-07-02T19:36:52.265">
  <attribute name="GC Util" value="107" />
  <attribute name="CPU Util" value="43316044384588" />
  <attribute name="Time Running"value="3748"/>
  <attribute name="Number of cores"value="4"/>
</cycle-end>
<allocation-satisfied id="3558" threadId="0000000000ABB500" bytesRequested="40" />
<af-end id="3559" timestamp="2019-07-02T19:36:52.266" threadId="0000000000ABBE88" success="true" />
<exclusive-end id="3560" timestamp="2019-07-02T19:36:52.266" durationms="8.923" />

<concurrent-kickoff id="3561" timestamp="2019-07-02T19:36:52.284">
  <kickoff reason="threshold reached" targetBytes="1720699" thresholdFreeBytes="229599" remainingFree="186568" tenureFreeBytes="186568" />
</concurrent-kickoff>
<exclusive-start id="3562" timestamp="2019-07-02T19:36:52.284" intervalms="27.294">
  <response-info timems="0.030" idlems="0.030" threads="0" lastid="0000000000AB7900" lastname="Thread-7" />
</exclusive-start>
<cycle-start id="3563" type="global" contextid="0" timestamp="2019-07-02T19:36:52.284" intervalms="28.586" />
  <attribute name="GC Util" value="107" />
  <attribute name="CPU Util" value="43316044384588" />
  <attribute name="Time Running"value="3748"/>
  <attribute name="Number of cores"value="4"/>
<exclusive-end id="3564" timestamp="2019-07-02T19:36:52.284" durationms="0.278" />

<exclusive-start id="3565" timestamp="2019-07-02T19:36:52.285" intervalms="0.635">
  <response-info timems="0.024" idlems="0.024" threads="0" lastid="0000000000ABB500" lastname="Thread-9" />
</exclusive-start>
<af-start id="3566" threadId="0000000000ABBE88" totalBytesRequested="40" timestamp="2019-07-02T19:36:52.285" intervalms="27.993" />
<concurrent-aborted id="3567" timestamp="2019-07-02T19:36:52.285">
  <reason value="insufficient progress made" />
</concurrent-aborted>
<cycle-end id="3568" type="global" contextid="3563" timestamp="2019-07-02T19:36:52.285">
  <attribute name="GC Util" value="107" />
  <attribute name="CPU Util" value="43316044384588" />
  <attribute name="Time Running"value="3748"/>
  <attribute name="Number of cores"value="4"/>
</cycle-end>
<cycle-start id="3569" type="global" contextid="0" timestamp="2019-07-02T19:36:52.285" intervalms="0.914" />
  <attribute name="GC Util" value="107" />
  <attribute name="CPU Util" value="43316044384588" />
  <attribute name="Time Running"value="3748"/>
  <attribute name="Number of cores"value="4"/>
<gc-start id="3570" type="global" contextid="3569" timestamp="2019-07-02T19:36:52.285">
  <mem-info id="3571" free="0" total="11534336" percent="0">
    <mem type="tenure" free="0" total="11534336" percent="0">
      <mem type="soa" free="0" total="11419648" percent="0" />
      <mem type="loa" free="0" total="114688" percent="0" />
    </mem>
  </mem-info>
</gc-start>
<allocation-stats totalBytes="7165248" >
  <allocated-bytes non-tlh="0" tlh="7165248" />
  <largest-consumer threadName="Thread-10" threadId="0000000000AB3D00" bytes="6913184" />
</allocation-stats>
<gc-op id="3572" type="mark" timems="1.412" contextid="3569" timestamp="2019-07-02T19:36:52.287">
  <trace-info objectcount="69588" scancount="62009" scanbytes="2362004" />
  <finalization candidates="124" enqueued="0" />
  <ownableSynchronizers candidates="3" cleared="0" />
  <references type="soft" candidates="84" cleared="0" enqueued="0" dynamicThreshold="19" maxThreshold="32" />
  <references type="weak" candidates="776" cleared="0" enqueued="0" />
  <references type="phantom" candidates="63" cleared="0" enqueued="0" />
  <stringconstants candidates="4574" cleared="0"  />
</gc-op>
<gc-op id="3573" type="sweep" timems="0.289" contextid="3569" timestamp="2019-07-02T19:36:52.287" />
<heap-resize id="3574" type="contract" space="tenure" amount="65536" count="1" timems="0.073" reason="excess free space following gc" timestamp="2019-07-02T19:36:52.287" />
<gc-end id="3575" type="global" contextid="3569" durationms="2.203" usertimems="4.000" systemtimems="0.000" timestamp="2019-07-02T19:36:52.287" activeThreads="4">
  <mem-info id="3576" free="7060064" total="11468800" percent="61">
    <mem type="tenure" free="7060064" total="11468800" percent="61" micro-fragmented="6937">
      <mem type="soa" free="7060064" total="11354112" percent="62" />
      <mem type="loa" free="0" total="114688" percent="0" />
    </mem>
  </mem-info>
</gc-end>
<cycle-end id="3577" type="global" contextid="3569" timestamp="2019-07-02T19:36:52.288">
  <attribute name="GC Util" value="28" />
  <attribute name="CPU Util" value="94122283236603" />
  <attribute name="Time Running"value="3775"/>
  <attribute name="Number of cores"value="4"/>
</cycle-end>
<allocation-satisfied id="3578" threadId="0000000000ABB500" bytesRequested="40" />
<af-end id="3579" timestamp="2019-07-02T19:36:52.288" threadId="0000000000ABBE88" success="true" />
<exclusive-end id="3580" timestamp="2019-07-02T19:36:52.288" durationms="3.055" />

<concurrent-kickoff id="3581" timestamp="2019-07-02T19:36:52.293">
  <kickoff reason="threshold reached" targetBytes="1710921" thresholdFreeBytes="228295" remainingFree="109352" tenureFreeBytes="109352" />
</concurrent-kickoff>
<exclusive-start id="3582" timestamp="2019-07-02T19:36:52.293" intervalms="8.256">
  <response-info timems="0.039" idlems="0.039" threads="0" lastid="0000000000AB7900" lastname="Thread-7" />
</exclusive-start>
<cycle-start id="3583" type="global" contextid="0" timestamp="2019-07-02T19:36:52.293" intervalms="7.915" />
  <attribute name="GC Util" value="28" />
  <attribute name="CPU Util" value="94122283236603" />
  <attribute name="Time Running"value="3775"/>
  <attribute name="Number of cores"value="4"/>
<exclusive-end id="3584" timestamp="2019-07-02T19:36:52.293" durationms="0.137" />

<exclusive-start id="3585" timestamp="2019-07-02T19:36:52.293" intervalms="0.513">
  <response-info timems="0.024" idlems="0.024" threads="0" lastid="0000000000ABB500" lastname="Thread-9" />
</exclusive-start>
<af-start id="3586" threadId="0000000000ABBE88" totalBytesRequested="40" timestamp="2019-07-02T19:36:52.294" intervalms="8.700" />
<gc-start id="3587" type="global" contextid="3583" timestamp="2019-07-02T19:36:52.294">
  <mem-info id="3588" free="0" total="11468800" percent="0">
    <mem type="tenure" free="0" total="11468800" percent="0">
      <mem type="soa" free="0" total="11354112" percent="0" />
      <mem type="loa" free="0" total="114688" percent="0" />
    </mem>
  </mem-info>
</gc-start>
<allocation-stats totalBytes="7056872" >
  <allocated-bytes non-tlh="0" tlh="7056872" />
  <largest-consumer threadName="Thread-8" threadId="0000000000AB0100" bytes="2547744" />
</allocation-stats>
<concurrent-halted id="3589" timestamp="2019-07-02T19:36:52.294">
  <halted state="Class scanning incomplete" status="clean trace" />
  <traced bytesTarget="1710921" bytesTotal="329664" bytesByMutator="168544" bytesByHelper="161120" percent="19" />
  <cards cleaned="0" thresholdBytes="89934" />
</concurrent-halted>
<gc-op id="3590" type="tracing" timems="0.727" contextid="3583" timestamp="2019-07-02T19:36:52.294">
  <trace bytesTraced="1189720" workStackOverflowCount="0" />
</gc-op>
<gc-op id="3591" type="card-cleaning" timems="0.261" contextid="3583" timestamp="2019-07-02T19:36:52.295">
  <card-cleaning cardsCleaned="21" bytesTraced="17884" workStackOverflowCount="0" />
</gc-op>
<gc-op id="3592" type="mark" timems="1.814" contextid="3583" timestamp="2019-07-02T19:36:52.297">
  <trace-info objectcount="28810" scancount="24196" scanbytes="850084" />
  <finalization candidates="124" enqueued="0" />
  <ownableSynchronizers candidates="3" cleared="0" />
  <references type="soft" candidates="84" cleared="0" enqueued="0" dynamicThreshold="19" maxThreshold="32" />
  <references type="weak" candidates="776" cleared="0" enqueued="0" />
  <references type="phantom" candidates="63" cleared="0" enqueued="0" />
  <stringconstants candidates="4574" cleared="0"  />
</gc-op>
<gc-op id="3593" type="sweep" timems="1.001" contextid="3583" timestamp="2019-07-02T19:36:52.298" />
<gc-end id="3594" type="global" contextid="3583" durationms="4.265" usertimems="8.000" systemtimems="0.000" timestamp="2019-07-02T19:36:52.298" activeThreads="4">
  <mem-info id="3595" free="6993672" total="11468800" percent="60">
    <mem type="tenure" free="6993672" total="11468800" percent="60" micro-fragmented="11071">
      <mem type="soa" free="6993672" total="11354112" percent="61" />
      <mem type="loa" free="0" total="114688" percent="0" />
    </mem>
  </mem-info>
</gc-end>
<cycle-end id="3596" type="global" contextid="3583" timestamp="2019-07-02T19:36:52.298">
  <attribute name="GC Util" value="165" />
  <attribute name="CPU Util" value="24592510723744" />
  <attribute name="Time Running"value="3786"/>
  <attribute name="Number of cores"value="4"/>
</cycle-end>
<allocation-satisfied id="3597" threadId="0000000000ABB500" bytesRequested="40" />
<af-end id="3598" timestamp="2019-07-02T19:36:52.298" threadId="0000000000ABBE88" success="true" />
<exclusive-end id="3599" timestamp="2019-07-02T19:36:52.298" durationms="4.792" />

<concurrent-kickoff id="3600" timestamp="2019-07-02T19:36:52.303">
  <kickoff reason="threshold reached" targetBytes="1537268" thresholdFreeBytes="210414" remainingFree="200960" tenureFreeBytes="200960" />
</concurrent-kickoff>
<exclusive-start id="3601" timestamp="2019-07-02T19:36:52.303" intervalms="9.955">
  <response-info timems="0.061" idlems="0.061" threads="0" lastid="0000000000AB0100" lastname="Thread-8" />
</exclusive-start>
<cycle-start id="3602" type="global" contextid="0" timestamp="2019-07-02T19:36:52.303" intervalms="10.443" />
  <attribute name="GC Util" value="165" />
  <attribute name="CPU Util" value="24592510723744" />
  <attribute name="Time Running"value="3786"/>
  <attribute name="Number of cores"value="4"/>
<exclusive-end id="3603" timestamp="2019-07-02T19:36:52.304" durationms="0.095" />

<exclusive-start id="3604" timestamp="2019-07-02T19:36:52.304" intervalms="0.835">
  <response-info timems="0.073" idlems="0.073" threads="0" lastid="0000000000AB7900" lastname="Thread-7" />
</exclusive-start>
<af-start id="3605" threadId="0000000000AB8288" totalBytesRequested="40" timestamp="2019-07-02T19:36:52.304" intervalms="10.795" />
<gc-start id="3606" type="global" contextid="3602" timestamp="2019-07-02T19:36:52.304">
  <mem-info id="3607" free="0" total="11468800" percent="0">
    <mem type="tenure" free="0" total="11468800" percent="0">
      <mem type="soa" free="0" total="11354112" percent="0" />
      <mem type="loa" free="0" total="114688" percent="0" />
    </mem>
  </mem-info>
</gc-start>
<allocation-stats totalBytes="6987752" >
  <allocated-bytes non-tlh="0" tlh="6987752" />
  <largest-consumer threadName="Thread-8" threadId="0000000000AB0100" bytes="2673344" />
</allocation-stats>
<concurrent-halted id="3608" timestamp="2019-07-02T19:36:52.305">
  <halted state="Tracing incomplete" status="clean trace" />
  <traced bytesTarget="1537268" bytesTotal="1129100" bytesByMutator="1129100" bytesByHelper="0" percent="73" />
  <cards cleaned="0" thresholdBytes="82890" />
</concurrent-halted>
<gc-op id="3609" type="tracing" timems="0.544" contextid="3602" timestamp="2019-07-02T19:36:52.305">
  <trace bytesTraced="696556" workStackOverflowCount="0" />
</gc-op>
<gc-op id="3610" type="card-cleaning" timems="0.422" contextid="3602" timestamp="2019-07-02T19:36:52.306">
  <card-cleaning cardsCleaned="28" bytesTraced="22296" workStackOverflowCount="0" />
</gc-op>
<gc-op id="3611" type="mark" timems="1.207" contextid="3602" timestamp="2019-07-02T19:36:52.307">
  <trace-info objectcount="22400" scancount="17457" scanbytes="553000" />
  <finalization candidates="124" enqueued="0" />
  <ownableSynchronizers candidates="3" cleared="0" />
  <references type="soft" candidates="84" cleared="0" enqueued="0" dynamicThreshold="19" maxThreshold="32" />
  <references type="weak" candidates="776" cleared="0" enqueued="0" />
  <references type="phantom" candidates="63" cleared="0" enqueued="0" />
  <stringconstants candidates="4574" cleared="0"  />
</gc-op>
<gc-op id="3612" type="sweep" timems="0.754" contextid="3602" timestamp="2019-07-02T19:36:52.308" />
<gc-end id="3613" type="global" contextid="3602" durationms="3.377" usertimems="8.000" systemtimems="0.000" timestamp="2019-07-02T19:36:52.308" activeThreads="4">
  <mem-info id="3614" free="7004304" total="11468800" percent="61">
    <mem type="tenure" free="7004304" total="11468800" percent="61" micro-fragmented="16985">
      <mem type="soa" free="6948192" total="11354112" percent="61" />
      <mem type="loa" free="56112" total="114688" percent="48" />
    </mem>
  </mem-info>
</gc-end>
<cycle-end id="3615" type="global" contextid="3602" timestamp="2019-07-02T19:36:52.308">
  <attribute name="GC Util" value="221" />
  <attribute name="CPU Util" value="14527317298107" />
  <attribute name="Time Running"value="3795"/>
  <attribute name="Number of cores"value="4"/>
</cycle-end>
<allocation-satisfied id="3616" threadId="0000000000AB7900" bytesRequested="40" />
<af-end id="3617" timestamp="2019-07-02T19:36:52.308" threadId="0000000000AB8288" success="true" />
<exclusive-end id="3618" timestamp="2019-07-02T19:36:52.308" durationms="3.974" />

<concurrent-kickoff id="3619" timestamp="2019-07-02T19:36:52.316">
  <kickoff reason="threshold reached" targetBytes="1847952" thresholdFreeBytes="252263" remainingFree="247208" tenureFreeBytes="247208" />
</concurrent-kickoff>
<exclusive-start id="3620" timestamp="2019-07-02T19:36:52.316" intervalms="11.382">
  <response-info timems="0.112" idlems="0.066" threads="1" lastid="0000000000AB0100" lastname="Thread-8" />
</exclusive-start>
<cycle-start id="3621" type="global" contextid="0" timestamp="2019-07-02T19:36:52.316" intervalms="12.235" />
  <attribute name="GC Util" value="221" />
  <attribute name="CPU Util" value="14527317298107" />
  <attribute name="Time Running"value="3795"/>
  <attribute name="Number of cores"value="4"/>
<exclusive-end id="3622" timestamp="2019-07-02T19:36:52.316" durationms="0.130" />

<exclusive-start id="3623" timestamp="2019-07-02T19:36:52.317" intervalms="1.367">
  <response-info timems="0.030" idlems="0.016" threads="1" lastid="0000000000AB0100" lastname="Thread-8" />
</exclusive-start>
<af-start id="3624" threadId="0000000000ABBE88" totalBytesRequested="40" timestamp="2019-07-02T19:36:52.317" intervalms="12.751" />
<gc-start id="3625" type="global" contextid="3621" timestamp="2019-07-02T19:36:52.317">
  <mem-info id="3626" free="0" total="11468800" percent="0">
    <mem type="tenure" free="0" total="11468800" percent="0">
      <mem type="soa" free="0" total="11354112" percent="0" />
      <mem type="loa" free="0" total="114688" percent="0" />
    </mem>
  </mem-info>
</gc-start>
<allocation-stats totalBytes="6937648" >
  <allocated-bytes non-tlh="0" tlh="6937648" />
  <largest-consumer threadName="Thread-8" threadId="0000000000AB0100" bytes="3146480" />
</allocation-stats>
<concurrent-halted id="3627" timestamp="2019-07-02T19:36:52.318">
  <halted state="Tracing incomplete" status="trace only" />
  <traced bytesTarget="1847952" bytesTotal="1310976" bytesByMutator="523984" bytesByHelper="786992" percent="70" />
  <cards cleaned="0" thresholdBytes="99376" />
</concurrent-halted>
<gc-op id="3628" type="tracing" timems="0.525" contextid="3621" timestamp="2019-07-02T19:36:52.318">
  <trace bytesTraced="622172" workStackOverflowCount="0" />
</gc-op>
<gc-op id="3629" type="card-cleaning" timems="0.417" contextid="3621" timestamp="2019-07-02T19:36:52.319">
  <card-cleaning cardsCleaned="26" bytesTraced="11780" workStackOverflowCount="0" />
</gc-op>
<gc-op id="3630" type="mark" timems="1.956" contextid="3621" timestamp="2019-07-02T19:36:52.321">
  <trace-info objectcount="11691" scancount="12193" scanbytes="468880" />
  <finalization candidates="124" enqueued="0" />
  <ownableSynchronizers candidates="3" cleared="0" />
  <references type="soft" candidates="84" cleared="0" enqueued="0" dynamicThreshold="19" maxThreshold="32" />
  <references type="weak" candidates="776" cleared="0" enqueued="0" />
  <references type="phantom" candidates="63" cleared="0" enqueued="0" />
  <stringconstants candidates="4574" cleared="0"  />
</gc-op>
<gc-op id="3631" type="sweep" timems="0.908" contextid="3621" timestamp="2019-07-02T19:36:52.322" />
<gc-end id="3632" type="global" contextid="3621" durationms="4.511" usertimems="12.000" systemtimems="0.000" timestamp="2019-07-02T19:36:52.322" activeThreads="4">
  <mem-info id="3633" free="6952592" total="11468800" percent="60">
    <mem type="tenure" free="6952592" total="11468800" percent="60" micro-fragmented="60751">
      <mem type="soa" free="6907704" total="11354112" percent="60" />
      <mem type="loa" free="44888" total="114688" percent="39" />
    </mem>
  </mem-info>
</gc-end>
<cycle-end id="3634" type="global" contextid="3621" timestamp="2019-07-02T19:36:52.322">
  <attribute name="GC Util" value="210" />
  <attribute name="CPU Util" value="8977998765872" />
  <attribute name="Time Running"value="3809"/>
  <attribute name="Number of cores"value="4"/>
</cycle-end>
<allocation-satisfied id="3635" threadId="0000000000ABB500" bytesRequested="40" />
<af-end id="3636" timestamp="2019-07-02T19:36:52.322" threadId="0000000000ABBE88" success="true" />
<exclusive-end id="3637" timestamp="2019-07-02T19:36:52.322" durationms="5.347" />

<concurrent-kickoff id="3638" timestamp="2019-07-02T19:36:52.327">
  <kickoff reason="threshold reached" targetBytes="1517315" thresholdFreeBytes="202893" remainingFree="187848" tenureFreeBytes="187848" />
</concurrent-kickoff>
<exclusive-start id="3639" timestamp="2019-07-02T19:36:52.328" intervalms="10.533">
  <response-info timems="0.139" idlems="0.091" threads="2" lastid="0000000000AB3D00" lastname="Thread-10" />
</exclusive-start>
<cycle-start id="3640" type="global" contextid="0" timestamp="2019-07-02T19:36:52.328" intervalms="11.886" />
  <attribute name="GC Util" value="210" />
  <attribute name="CPU Util" value="8977998765872" />
  <attribute name="Time Running"value="3809"/>
  <attribute name="Number of cores"value="4"/>
<exclusive-end id="3641" timestamp="2019-07-02T19:36:52.328" durationms="0.104" />

<exclusive-start id="3642" timestamp="2019-07-02T19:36:52.329" intervalms="1.228">
  <response-info timems="0.276" idlems="0.147" threads="1" lastid="0000000000AB0100" lastname="Thread-8" />
</exclusive-start>
<af-start id="3643" threadId="0000000000AB8288" totalBytesRequested="40" timestamp="2019-07-02T19:36:52.329" intervalms="11.758" />
<gc-start id="3644" type="global" contextid="3640" timestamp="2019-07-02T19:36:52.329">
  <mem-info id="3645" free="0" total="11468800" percent="0">
    <mem type="tenure" free="0" total="11468800" percent="0">
      <mem type="soa" free="0" total="11354112" percent="0" />
      <mem type="loa" free="0" total="114688" percent="0" />
    </mem>
  </mem-info>
</gc-start>
<allocation-stats totalBytes="6894272" >
  <allocated-bytes non-tlh="0" tlh="6894272" />
  <largest-consumer threadName="Thread-8" threadId="0000000000AB0100" bytes="2712496" />
</allocation-stats>
<concurrent-halted id="3646" timestamp="2019-07-02T19:36:52.329">
  <halted state="Class scanning incomplete" status="clean trace" />
  <traced bytesTarget="1517315" bytesTotal="1266712" bytesByMutator="814436" bytesByHelper="452276" percent="83" />
  <cards cleaned="16" thresholdBytes="79927" />
</concurrent-halted>
<gc-op id="3647" type="tracing" timems="0.316" contextid="3640" timestamp="2019-07-02T19:36:52.330">
  <trace bytesTraced="101840" workStackOverflowCount="0" />
</gc-op>
<gc-op id="3648" type="card-cleaning" timems="0.531" contextid="3640" timestamp="2019-07-02T19:36:52.330">
  <card-cleaning cardsCleaned="5" bytesTraced="2272" workStackOverflowCount="0" />
</gc-op>
<gc-op id="3649" type="mark" timems="1.727" contextid="3640" timestamp="2019-07-02T19:36:52.332">
  <trace-info objectcount="31306" scancount="28764" scanbytes="1055084" />
  <finalization candidates="124" enqueued="0" />
  <ownableSynchronizers candidates="3" cleared="0" />
  <references type="soft" candidates="84" cleared="0" enqueued="0" dynamicThreshold="19" maxThreshold="32" />
  <references type="weak" candidates="776" cleared="0" enqueued="0" />
  <references type="phantom" candidates="63" cleared="0" enqueued="0" />
  <stringconstants candidates="4574" cleared="0"  />
</gc-op>
<gc-op id="3650" type="sweep" timems="1.054" contextid="3640" timestamp="2019-07-02T19:36:52.333" />
<heap-resize id="3651" type="expand" space="tenure" amount="1048576" count="1" timems="0.041" reason="excessive time being spent in gc" timestamp="2019-07-02T19:36:52.334" />
<gc-end id="3652" type="global" contextid="3640" durationms="4.433" usertimems="8.000" systemtimems="0.000" timestamp="2019-07-02T19:36:52.334" activeThreads="4">
  <mem-info id="3653" free="7856312" total="12517376" percent="62">
    <mem type="tenure" free="7856312" total="12517376" percent="62" micro-fragmented="95778">
      <mem type="soa" free="7731384" total="12392448" percent="62" />
      <mem type="loa" free="124928" total="124928" percent="100" />
    </mem>
  </mem-info>
</gc-end>
<cycle-end id="3654" type="global" contextid="3640" timestamp="2019-07-02T19:36:52.334">
  <attribute name="GC Util" value="162" />
  <attribute name="CPU Util" value="22899564175123" />
  <attribute name="Time Running"value="3821"/>
  <attribute name="Number of cores"value="4"/>
</cycle-end>
<allocation-satisfied id="3655" threadId="0000000000AB7900" bytesRequested="40" />
<af-end id="3656" timestamp="2019-07-02T19:36:52.334" threadId="0000000000AB8288" success="true" />
<exclusive-end id="3657" timestamp="2019-07-02T19:36:52.334" durationms="5.324" />

<concurrent-kickoff id="3658" timestamp="2019-07-02T19:36:52.340">
  <kickoff reason="threshold reached" targetBytes="1664468" thresholdFreeBytes="222552" remainingFree="131072" tenureFreeBytes="131072" />
</concurrent-kickoff>
<exclusive-start id="3659" timestamp="2019-07-02T19:36:52.340" intervalms="11.130">
  <response-info timems="0.206" idlems="0.187" threads="1" lastid="0000000000AB3D00" lastname="Thread-10" />
</exclusive-start>
<cycle-start id="3660" type="global" contextid="0" timestamp="2019-07-02T19:36:52.340" intervalms="12.408" />
  <attribute name="GC Util" value="162" />
  <attribute name="CPU Util" value="22899564175123" />
  <attribute name="Time Running"value="3821"/>
  <attribute name="Number of cores"value="4"/>
<exclusive-end id="3661" timestamp="2019-07-02T19:36:52.340" durationms="0.208" />

<exclusive-start id="3662" timestamp="2019-07-02T19:36:52.340" intervalms="0.344">
  <response-info timems="0.024" idlems="0.024" threads="0" lastid="0000000000ABB500" lastname="Thread-9" />
</exclusive-start>
<af-start id="3663" threadId="0000000000ABBE88" totalBytesRequested="40" timestamp="2019-07-02T19:36:52.340" intervalms="11.465" />
<concurrent-aborted id="3664" timestamp="2019-07-02T19:36:52.340">
  <reason value="insufficient progress made" />
</concurrent-aborted>
<cycle-end id="3665" type="global" contextid="3660" timestamp="2019-07-02T19:36:52.340">
  <attribute name="GC Util" value="162" />
  <attribute name="CPU Util" value="22899564175123" />
  <attribute name="Time Running"value="3821"/>
  <attribute name="Number of cores"value="4"/>
</cycle-end>
<cycle-start id="3666" type="global" contextid="0" timestamp="2019-07-02T19:36:52.341" intervalms="0.514" />
  <attribute name="GC Util" value="162" />
  <attribute name="CPU Util" value="22899564175123" />
  <attribute name="Time Running"value="3821"/>
  <attribute name="Number of cores"value="4"/>
<gc-start id="3667" type="global" contextid="3666" timestamp="2019-07-02T19:36:52.341">
  <mem-info id="3668" free="124928" total="12517376" percent="0">
    <mem type="tenure" free="124928" total="12517376" percent="0">
      <mem type="soa" free="0" total="12392448" percent="0" />
      <mem type="loa" free="124928" total="124928" percent="100" />
    </mem>
  </mem-info>
</gc-start>
<allocation-stats totalBytes="7713936" >
  <allocated-bytes non-tlh="23160" tlh="7690776" />
  <largest-consumer threadName="Thread-7" threadId="0000000000AB7900" bytes="3100536" />
</allocation-stats>
<gc-op id="3669" type="mark" timems="2.137" contextid="3666" timestamp="2019-07-02T19:36:52.343">
  <trace-info objectcount="67362" scancount="59783" scanbytes="2308612" />
  <finalization candidates="124" enqueued="0" />
  <ownableSynchronizers candidates="3" cleared="0" />
  <references type="soft" candidates="84" cleared="0" enqueued="0" dynamicThreshold="20" maxThreshold="32" />
  <references type="weak" candidates="776" cleared="0" enqueued="0" />
  <references type="phantom" candidates="63" cleared="0" enqueued="0" />
  <stringconstants candidates="4574" cleared="0"  />
</gc-op>
<gc-op id="3670" type="sweep" timems="0.536" contextid="3666" timestamp="2019-07-02T19:36:52.343" />
<gc-end id="3671" type="global" contextid="3666" durationms="2.905" usertimems="4.000" systemtimems="0.000" timestamp="2019-07-02T19:36:52.344" activeThreads="4">
  <mem-info id="3672" free="7878432" total="12517376" percent="62">
    <mem type="tenure" free="7878432" total="12517376" percent="62" micro-fragmented="146459">
      <mem type="soa" free="7847136" total="12392448" percent="63" />
      <mem type="loa" free="31296" total="124928" percent="25" />
    </mem>
  </mem-info>
</gc-end>
<cycle-end id="3673" type="global" contextid="3666" timestamp="2019-07-02T19:36:52.344">
  <attribute name="GC Util" value="254" />
  <attribute name="CPU Util" value="8413949973337" />
  <attribute name="Time Running"value="3831"/>
  <attribute name="Number of cores"value="4"/>
</cycle-end>
<allocation-satisfied id="3674" threadId="0000000000ABB500" bytesRequested="40" />
<af-end id="3675" timestamp="2019-07-02T19:36:52.344" threadId="0000000000ABBE88" success="true" />
<exclusive-end id="3676" timestamp="2019-07-02T19:36:52.344" durationms="3.628" />

<concurrent-kickoff id="3677" timestamp="2019-07-02T19:36:52.349">
  <kickoff reason="threshold reached" targetBytes="1664468" thresholdFreeBytes="222552" remainingFree="31296" tenureFreeBytes="31296" />
</concurrent-kickoff>
<exclusive-start id="3678" timestamp="2019-07-02T19:36:52.349" intervalms="8.724">
  <response-info timems="0.106" idlems="0.063" threads="2" lastid="0000000000AB7900" lastname="Thread-7" />
</exclusive-start>
<af-start id="3679" threadId="0000000000AB4688" totalBytesRequested="24" timestamp="2019-07-02T19:36:52.349" intervalms="8.718" />
<concurrent-aborted id="3680" timestamp="2019-07-02T19:36:52.349">
  <reason value="insufficient progress made" />
</concurrent-aborted>
<cycle-end id="3681" type="global" contextid="3660" timestamp="2019-07-02T19:36:52.349">
  <attribute name="GC Util" value="22" />
  <attribute name="CPU Util" value="2968290952614" />
  <attribute name="Time Running"value="3837"/>
  <attribute name="Number of cores"value="4"/>
</cycle-end>
<cycle-start id="3682" type="global" contextid="0" timestamp="2019-07-02T19:36:52.349" intervalms="8.957" />
  <attribute name="GC Util" value="22" />
  <attribute name="CPU Util" value="2968290952614" />
  <attribute name="Time Running"value="3837"/>
  <attribute name="Number of cores"value="4"/>
<gc-start id="3683" type="global" contextid="3682" timestamp="2019-07-02T19:36:52.350">
  <mem-info id="3684" free="124928" total="12517376" percent="0">
    <mem type="tenure" free="124928" total="12517376" percent="0">
      <mem type="soa" free="0" total="12392448" percent="0" />
      <mem type="loa" free="124928" total="124928" percent="100" />
    </mem>
  </mem-info>
</gc-start>
<allocation-stats totalBytes="7892776" >
  <allocated-bytes non-tlh="0" tlh="7892776" />
  <largest-consumer threadName="Thread-9" threadId="0000000000ABB500" bytes="2728776" />
</allocation-stats>
<gc-op id="3685" type="mark" timems="2.503" contextid="3682" timestamp="2019-07-02T19:36:52.352">
  <trace-info objectcount="67985" scancount="60396" scanbytes="2323540" />
  <finalization candidates="124" enqueued="0" />
  <ownableSynchronizers candidates="3" cleared="0" />
  <references type="soft" candidates="84" cleared="0" enqueued="0" dynamicThreshold="20" maxThreshold="32" />
  <references type="weak" candidates="776" cleared="0" enqueued="0" />
  <references type="phantom" candidates="63" cleared="0" enqueued="0" />
  <stringconstants candidates="4574" cleared="0"  />
</gc-op>
<gc-op id="3686" type="sweep" timems="0.633" contextid="3682" timestamp="2019-07-02T19:36:52.353" />
<gc-end id="3687" type="global" contextid="3682" durationms="3.371" usertimems="12.000" systemtimems="0.000" timestamp="2019-07-02T19:36:52.353" activeThreads="4">
  <mem-info id="3688" free="7847776" total="12517376" percent="62">
    <mem type="tenure" free="7847776" total="12517376" percent="62" micro-fragmented="205377">
      <mem type="soa" free="7797752" total="12392448" percent="62" />
      <mem type="loa" free="50024" total="124928" percent="40" />
    </mem>
  </mem-info>
</gc-end>
<cycle-end id="3689" type="global" contextid="3682" timestamp="2019-07-02T19:36:52.353">
  <attribute name="GC Util" value="242" />
  <attribute name="CPU Util" value="7189358619295" />
  <attribute name="Time Running"value="3840"/>
  <attribute name="Number of cores"value="4"/>
</cycle-end>
<allocation-satisfied id="3690" threadId="0000000000AB3D00" bytesRequested="24" />
<af-end id="3691" timestamp="2019-07-02T19:36:52.353" threadId="0000000000AB4688" success="true" />
<exclusive-end id="3692" timestamp="2019-07-02T19:36:52.353" durationms="4.180" />

<concurrent-kickoff id="3693" timestamp="2019-07-02T19:36:52.358">
  <kickoff reason="threshold reached" targetBytes="1664468" thresholdFreeBytes="222552" remainingFree="50024" tenureFreeBytes="50024" />
</concurrent-kickoff>
<exclusive-start id="3694" timestamp="2019-07-02T19:36:52.359" intervalms="9.581">
  <response-info timems="0.081" idlems="0.051" threads="1" lastid="0000000000AB0100" lastname="Thread-8" />
</exclusive-start>
<af-start id="3695" threadId="0000000000AB8288" totalBytesRequested="40" timestamp="2019-07-02T19:36:52.359" intervalms="9.592" />
<concurrent-aborted id="3696" timestamp="2019-07-02T19:36:52.359">
  <reason value="insufficient progress made" />
</concurrent-aborted>
<cycle-end id="3697" type="global" contextid="3660" timestamp="2019-07-02T19:36:52.359">
  <attribute name="GC Util" value="26" />
  <attribute name="CPU Util" value="2851143413185" />
  <attribute name="Time Running"value="3847"/>
  <attribute name="Number of cores"value="4"/>
</cycle-end>
<cycle-start id="3698" type="global" contextid="0" timestamp="2019-07-02T19:36:52.359" intervalms="9.586" />
  <attribute name="GC Util" value="26" />
  <attribute name="CPU Util" value="2851143413185" />
  <attribute name="Time Running"value="3847"/>
  <attribute name="Number of cores"value="4"/>
<gc-start id="3699" type="global" contextid="3698" timestamp="2019-07-02T19:36:52.359">
  <mem-info id="3700" free="124928" total="12517376" percent="0">
    <mem type="tenure" free="124928" total="12517376" percent="0">
      <mem type="soa" free="0" total="12392448" percent="0" />
      <mem type="loa" free="124928" total="124928" percent="100" />
    </mem>
  </mem-info>
</gc-start>
<allocation-stats totalBytes="7790376" >
  <allocated-bytes non-tlh="0" tlh="7790376" />
  <largest-consumer threadName="Thread-8" threadId="0000000000AB0100" bytes="2646928" />
</allocation-stats>
<gc-op id="3701" type="mark" timems="2.111" contextid="3698" timestamp="2019-07-02T19:36:52.361">
  <trace-info objectcount="68679" scancount="61098" scanbytes="2339644" />
  <finalization candidates="124" enqueued="0" />
  <ownableSynchronizers candidates="3" cleared="0" />
  <references type="soft" candidates="84" cleared="0" enqueued="0" dynamicThreshold="20" maxThreshold="32" />
  <references type="weak" candidates="776" cleared="0" enqueued="0" />
  <references type="phantom" candidates="63" cleared="0" enqueued="0" />
  <stringconstants candidates="4574" cleared="0"  />
</gc-op>
<gc-op id="3702" type="sweep" timems="1.079" contextid="3698" timestamp="2019-07-02T19:36:52.363" />
<heap-resize id="3703" type="contract" space="tenure" amount="65536" count="1" timems="0.052" reason="excess free space following gc" timestamp="2019-07-02T19:36:52.363" />
<gc-end id="3704" type="global" contextid="3698" durationms="3.655" usertimems="8.000" systemtimems="4.000" timestamp="2019-07-02T19:36:52.363" activeThreads="4">
  <mem-info id="3705" free="7619904" total="12451840" percent="61">
    <mem type="tenure" free="7619904" total="12451840" percent="61" micro-fragmented="168308">
      <mem type="soa" free="7619904" total="12327936" percent="61" />
      <mem type="loa" free="0" total="123904" percent="0" />
    </mem>
  </mem-info>
</gc-end>
<cycle-end id="3706" type="global" contextid="3698" timestamp="2019-07-02T19:36:52.363">
  <attribute name="GC Util" value="161" />
  <attribute name="CPU Util" value="22689582375034" />
  <attribute name="Time Running"value="3850"/>
  <attribute name="Number of cores"value="4"/>
</cycle-end>
<allocation-satisfied id="3707" threadId="0000000000AB7900" bytesRequested="40" />
<af-end id="3708" timestamp="2019-07-02T19:36:52.363" threadId="0000000000AB8288" success="true" />
<exclusive-end id="3709" timestamp="2019-07-02T19:36:52.363" durationms="4.663" />

<concurrent-kickoff id="3710" timestamp="2019-07-02T19:36:52.368">
  <kickoff reason="threshold reached" targetBytes="1655753" thresholdFreeBytes="221387" remainingFree="212784" tenureFreeBytes="212784" />
</concurrent-kickoff>
<exclusive-start id="3711" timestamp="2019-07-02T19:36:52.368" intervalms="9.637">
  <response-info timems="0.070" idlems="0.041" threads="1" lastid="0000000000AB7900" lastname="Thread-7" />
</exclusive-start>
<cycle-start id="3712" type="global" contextid="0" timestamp="2019-07-02T19:36:52.368" intervalms="9.175" />
  <attribute name="GC Util" value="161" />
  <attribute name="CPU Util" value="22689582375034" />
  <attribute name="Time Running"value="3850"/>
  <attribute name="Number of cores"value="4"/>
<exclusive-end id="3713" timestamp="2019-07-02T19:36:52.368" durationms="0.099" />

<exclusive-start id="3714" timestamp="2019-07-02T19:36:52.369" intervalms="0.412">
  <response-info timems="0.045" idlems="0.045" threads="0" lastid="0000000000AB0100" lastname="Thread-8" />
</exclusive-start>
<af-start id="3715" threadId="0000000000AB0A88" totalBytesRequested="40" timestamp="2019-07-02T19:36:52.369" intervalms="10.031" />
<gc-start id="3716" type="global" contextid="3712" timestamp="2019-07-02T19:36:52.369">
  <mem-info id="3717" free="0" total="12451840" percent="0">
    <mem type="tenure" free="0" total="12451840" percent="0">
      <mem type="soa" free="0" total="12327936" percent="0" />
      <mem type="loa" free="0" total="123904" percent="0" />
    </mem>
  </mem-info>
</gc-start>
<allocation-stats totalBytes="7599176" >
  <allocated-bytes non-tlh="0" tlh="7599176" />
  <largest-consumer threadName="Thread-7" threadId="0000000000AB7900" bytes="2532096" />
</allocation-stats>
<concurrent-halted id="3718" timestamp="2019-07-02T19:36:52.369">
  <halted state="Tracing incomplete" status="clean trace" />
  <traced bytesTarget="1655753" bytesTotal="216140" bytesByMutator="216140" bytesByHelper="0" percent="13" />
  <cards cleaned="0" thresholdBytes="87213" />
</concurrent-halted>
<gc-op id="3719" type="tracing" timems="0.836" contextid="3712" timestamp="2019-07-02T19:36:52.370">
  <trace bytesTraced="1610376" workStackOverflowCount="0" />
</gc-op>
<gc-op id="3720" type="card-cleaning" timems="0.416" contextid="3712" timestamp="2019-07-02T19:36:52.370">
  <card-cleaning cardsCleaned="16" bytesTraced="9332" workStackOverflowCount="0" />
</gc-op>
<gc-op id="3721" type="mark" timems="1.215" contextid="3712" timestamp="2019-07-02T19:36:52.371">
  <trace-info objectcount="21793" scancount="16782" scanbytes="532056" />
  <finalization candidates="124" enqueued="0" />
  <ownableSynchronizers candidates="3" cleared="0" />
  <references type="soft" candidates="84" cleared="0" enqueued="0" dynamicThreshold="19" maxThreshold="32" />
  <references type="weak" candidates="776" cleared="0" enqueued="0" />
  <references type="phantom" candidates="63" cleared="0" enqueued="0" />
  <stringconstants candidates="4574" cleared="0"  />
</gc-op>
<gc-op id="3722" type="sweep" timems="0.883" contextid="3712" timestamp="2019-07-02T19:36:52.372" />
<gc-end id="3723" type="global" contextid="3712" durationms="3.730" usertimems="12.000" systemtimems="0.000" timestamp="2019-07-02T19:36:52.372" activeThreads="4">
  <mem-info id="3724" free="7583296" total="12451840" percent="60">
    <mem type="tenure" free="7583296" total="12451840" percent="60" micro-fragmented="158986">
      <mem type="soa" free="7506936" total="12327936" percent="60" />
      <mem type="loa" free="76360" total="123904" percent="61" />
    </mem>
  </mem-info>
</gc-end>
<cycle-end id="3725" type="global" contextid="3712" timestamp="2019-07-02T19:36:52.373">
  <attribute name="GC Util" value="189" />
  <attribute name="CPU Util" value="14397245167183" />
  <attribute name="Time Running"value="3859"/>
  <attribute name="Number of cores"value="4"/>
</cycle-end>
<allocation-satisfied id="3726" threadId="0000000000AB0100" bytesRequested="40" />
<af-end id="3727" timestamp="2019-07-02T19:36:52.373" threadId="0000000000AB0A88" success="true" />
<exclusive-end id="3728" timestamp="2019-07-02T19:36:52.373" durationms="4.014" />

<concurrent-kickoff id="3729" timestamp="2019-07-02T19:36:52.378">
  <kickoff reason="threshold reached" targetBytes="1835848" thresholdFreeBytes="251955" remainingFree="143440" tenureFreeBytes="143440" />
</concurrent-kickoff>
<exclusive-start id="3730" timestamp="2019-07-02T19:36:52.378" intervalms="9.548">
  <response-info timems="0.086" idlems="0.052" threads="1" lastid="0000000000AB0100" lastname="Thread-8" />
</exclusive-start>
<cycle-start id="3731" type="global" contextid="0" timestamp="2019-07-02T19:36:52.378" intervalms="9.976" />
  <attribute name="GC Util" value="189" />
  <attribute name="CPU Util" value="14397245167183" />
  <attribute name="Time Running"value="3859"/>
  <attribute name="Number of cores"value="4"/>
<exclusive-end id="3732" timestamp="2019-07-02T19:36:52.378" durationms="0.133" />

<exclusive-start id="3733" timestamp="2019-07-02T19:36:52.378" intervalms="0.334">
  <response-info timems="0.029" idlems="0.029" threads="0" lastid="0000000000AB0100" lastname="Thread-8" />
</exclusive-start>
<af-start id="3734" threadId="0000000000AB0A88" totalBytesRequested="40" timestamp="2019-07-02T19:36:52.379" intervalms="9.897" />
<concurrent-aborted id="3735" timestamp="2019-07-02T19:36:52.379">
  <reason value="insufficient progress made" />
</concurrent-aborted>
<cycle-end id="3736" type="global" contextid="3731" timestamp="2019-07-02T19:36:52.379">
  <attribute name="GC Util" value="30" />
  <attribute name="CPU Util" value="2586027061892" />
  <attribute name="Time Running"value="3867"/>
  <attribute name="Number of cores"value="4"/>
</cycle-end>
<cycle-start id="3737" type="global" contextid="0" timestamp="2019-07-02T19:36:52.379" intervalms="0.743" />
  <attribute name="GC Util" value="30" />
  <attribute name="CPU Util" value="2586027061892" />
  <attribute name="Time Running"value="3867"/>
  <attribute name="Number of cores"value="4"/>
<gc-start id="3738" type="global" contextid="3737" timestamp="2019-07-02T19:36:52.379">
  <mem-info id="3739" free="0" total="12451840" percent="0">
    <mem type="tenure" free="0" total="12451840" percent="0">
      <mem type="soa" free="0" total="12327936" percent="0" />
      <mem type="loa" free="0" total="123904" percent="0" />
    </mem>
  </mem-info>
</gc-start>
<allocation-stats totalBytes="7483608" >
  <allocated-bytes non-tlh="0" tlh="7483608" />
  <largest-consumer threadName="Thread-8" threadId="0000000000AB0100" bytes="2619472" />
</allocation-stats>
<gc-op id="3740" type="mark" timems="2.508" contextid="3737" timestamp="2019-07-02T19:36:52.382">
  <trace-info objectcount="69924" scancount="62353" scanbytes="2369716" />
  <finalization candidates="124" enqueued="0" />
  <ownableSynchronizers candidates="3" cleared="0" />
  <references type="soft" candidates="84" cleared="0" enqueued="0" dynamicThreshold="19" maxThreshold="32" />
  <references type="weak" candidates="776" cleared="0" enqueued="0" />
  <references type="phantom" candidates="63" cleared="0" enqueued="0" />
  <stringconstants candidates="4574" cleared="0"  />
</gc-op>
<gc-op id="3741" type="sweep" timems="1.105" contextid="3737" timestamp="2019-07-02T19:36:52.383" />
<heap-resize id="3742" type="expand" space="tenure" amount="1048576" count="1" timems="0.066" reason="excessive time being spent in gc" timestamp="2019-07-02T19:36:52.383" />
<gc-end id="3743" type="global" contextid="3737" durationms="3.959" usertimems="12.000" systemtimems="0.000" timestamp="2019-07-02T19:36:52.383" activeThreads="4">
  <mem-info id="3744" free="8438296" total="13500416" percent="62">
    <mem type="tenure" free="8438296" total="13500416" percent="62" micro-fragmented="248434">
      <mem type="soa" free="8304152" total="13366272" percent="62" />
      <mem type="loa" free="134144" total="134144" percent="100" />
    </mem>
  </mem-info>
</gc-end>
<cycle-end id="3745" type="global" contextid="3737" timestamp="2019-07-02T19:36:52.383">
  <attribute name="GC Util" value="147" />
  <attribute name="CPU Util" value="21293221808379" />
  <attribute name="Time Running"value="3871"/>
  <attribute name="Number of cores"value="4"/>
</cycle-end>
<allocation-satisfied id="3746" threadId="0000000000AB0100" bytesRequested="40" />
<af-end id="3747" timestamp="2019-07-02T19:36:52.383" threadId="0000000000AB0A88" success="true" />
<exclusive-end id="3748" timestamp="2019-07-02T19:36:52.383" durationms="4.656" />

<concurrent-kickoff id="3749" timestamp="2019-07-02T19:36:52.389">
  <kickoff reason="threshold reached" targetBytes="1502011" thresholdFreeBytes="201496" remainingFree="134144" tenureFreeBytes="134144" />
</concurrent-kickoff>
<exclusive-start id="3750" timestamp="2019-07-02T19:36:52.389" intervalms="10.541">
  <response-info timems="0.036" idlems="0.020" threads="1" lastid="0000000000AB3D00" lastname="Thread-10" />
</exclusive-start>
<af-start id="3751" threadId="0000000000ABBE88" totalBytesRequested="40" timestamp="2019-07-02T19:36:52.389" intervalms="10.553" />
<concurrent-aborted id="3752" timestamp="2019-07-02T19:36:52.389">
  <reason value="insufficient progress made" />
</concurrent-aborted>
<cycle-end id="3753" type="global" contextid="3731" timestamp="2019-07-02T19:36:52.389">
  <attribute name="GC Util" value="147" />
  <attribute name="CPU Util" value="21293221808379" />
  <attribute name="Time Running"value="3871"/>
  <attribute name="Number of cores"value="4"/>
</cycle-end>
<cycle-start id="3754" type="global" contextid="0" timestamp="2019-07-02T19:36:52.389" intervalms="10.303" />
  <attribute name="GC Util" value="147" />
  <attribute name="CPU Util" value="21293221808379" />
  <attribute name="Time Running"value="3871"/>
  <attribute name="Number of cores"value="4"/>
<gc-start id="3755" type="global" contextid="3754" timestamp="2019-07-02T19:36:52.389">
  <mem-info id="3756" free="134144" total="13500416" percent="0">
    <mem type="tenure" free="134144" total="13500416" percent="0">
      <mem type="soa" free="0" total="13366272" percent="0" />
      <mem type="loa" free="134144" total="134144" percent="100" />
    </mem>
  </mem-info>
</gc-start>
<allocation-stats totalBytes="8278504" >
  <allocated-bytes non-tlh="0" tlh="8278504" />
  <largest-consumer threadName="Thread-8" threadId="0000000000AB0100" bytes="2854672" />
</allocation-stats>
<gc-op id="3757" type="mark" timems="2.241" contextid="3754" timestamp="2019-07-02T19:36:52.392">
  <trace-info objectcount="70751" scancount="63167" scanbytes="2389732" />
  <finalization candidates="124" enqueued="0" />
  <ownableSynchronizers candidates="3" cleared="0" />
  <references type="soft" candidates="84" cleared="0" enqueued="0" dynamicThreshold="20" maxThreshold="32" />
  <references type="weak" candidates="776" cleared="0" enqueued="0" />
  <references type="phantom" candidates="63" cleared="0" enqueued="0" />
  <stringconstants candidates="4574" cleared="0"  />
</gc-op>
<gc-op id="3758" type="sweep" timems="0.880" contextid="3754" timestamp="2019-07-02T19:36:52.393" />
<gc-end id="3759" type="global" contextid="3754" durationms="3.400" usertimems="8.000" systemtimems="0.000" timestamp="2019-07-02T19:36:52.393" activeThreads="4">
  <mem-info id="3760" free="8336528" total="13500416" percent="61">
    <mem type="tenure" free="8336528" total="13500416" percent="61" micro-fragmented="155134">
      <mem type="soa" free="8283616" total="13366272" percent="61" />
      <mem type="loa" free="52912" total="134144" percent="39" />
    </mem>
  </mem-info>
</gc-end>
<cycle-end id="3761" type="global" contextid="3754" timestamp="2019-07-02T19:36:52.393">
  <attribute name="GC Util" value="261" />
  <attribute name="CPU Util" value="8028208538853" />
  <attribute name="Time Running"value="3880"/>
  <attribute name="Number of cores"value="4"/>
</cycle-end>
<allocation-satisfied id="3762" threadId="0000000000ABB500" bytesRequested="40" />
<af-end id="3763" timestamp="2019-07-02T19:36:52.393" threadId="0000000000ABBE88" success="true" />
<exclusive-end id="3764" timestamp="2019-07-02T19:36:52.393" durationms="4.052" />

<concurrent-kickoff id="3765" timestamp="2019-07-02T19:36:52.399">
  <kickoff reason="threshold reached" targetBytes="1502011" thresholdFreeBytes="201496" remainingFree="198656" tenureFreeBytes="198656" />
</concurrent-kickoff>
<exclusive-start id="3766" timestamp="2019-07-02T19:36:52.399" intervalms="10.018">
  <response-info timems="0.060" idlems="0.037" threads="1" lastid="0000000000AB7900" lastname="Thread-7" />
</exclusive-start>
<cycle-start id="3767" type="global" contextid="0" timestamp="2019-07-02T19:36:52.399" intervalms="9.867" />
  <attribute name="GC Util" value="261" />
  <attribute name="CPU Util" value="8028208538853" />
  <attribute name="Time Running"value="3880"/>
  <attribute name="Number of cores"value="4"/>
<exclusive-end id="3768" timestamp="2019-07-02T19:36:52.399" durationms="0.164" />

<exclusive-start id="3769" timestamp="2019-07-02T19:36:52.399" intervalms="0.300">
  <response-info timems="0.039" idlems="0.022" threads="2" lastid="0000000000AB7900" lastname="Thread-7" />
</exclusive-start>
<af-start id="3770" threadId="0000000000AB0A88" totalBytesRequested="40" timestamp="2019-07-02T19:36:52.399" intervalms="10.299" />
<concurrent-aborted id="3771" timestamp="2019-07-02T19:36:52.400">
  <reason value="insufficient progress made" />
</concurrent-aborted>
<cycle-end id="3772" type="global" contextid="3767" timestamp="2019-07-02T19:36:52.400">
  <attribute name="GC Util" value="24" />
  <attribute name="CPU Util" value="2391373140422" />
  <attribute name="Time Running"value="3887"/>
  <attribute name="Number of cores"value="4"/>
</cycle-end>
<cycle-start id="3773" type="global" contextid="0" timestamp="2019-07-02T19:36:52.400" intervalms="0.672" />
  <attribute name="GC Util" value="24" />
  <attribute name="CPU Util" value="2391373140422" />
  <attribute name="Time Running"value="3887"/>
  <attribute name="Number of cores"value="4"/>
<gc-start id="3774" type="global" contextid="3773" timestamp="2019-07-02T19:36:52.400">
  <mem-info id="3775" free="134144" total="13500416" percent="0">
    <mem type="tenure" free="134144" total="13500416" percent="0">
      <mem type="soa" free="0" total="13366272" percent="0" />
      <mem type="loa" free="134144" total="134144" percent="100" />
    </mem>
  </mem-info>
</gc-start>
<allocation-stats totalBytes="8256232" >
  <allocated-bytes non-tlh="0" tlh="8256232" />
  <largest-consumer threadName="Thread-8" threadId="0000000000AB0100" bytes="2973416" />
</allocation-stats>
<gc-op id="3776" type="mark" timems="2.087" contextid="3773" timestamp="2019-07-02T19:36:52.402">
  <trace-info objectcount="71565" scancount="63996" scanbytes="2409340" />
  <finalization candidates="124" enqueued="0" />
  <ownableSynchronizers candidates="3" cleared="0" />
  <references type="soft" candidates="84" cleared="0" enqueued="0" dynamicThreshold="19" maxThreshold="32" />
  <references type="weak" candidates="776" cleared="0" enqueued="0" />
  <references type="phantom" candidates="63" cleared="0" enqueued="0" />
  <stringconstants candidates="4574" cleared="0"  />
</gc-op>
<gc-op id="3777" type="sweep" timems="0.700" contextid="3773" timestamp="2019-07-02T19:36:52.403" />
<gc-end id="3778" type="global" contextid="3773" durationms="3.016" usertimems="8.000" systemtimems="0.000" timestamp="2019-07-02T19:36:52.403" activeThreads="4">
  <mem-info id="3779" free="8198216" total="13500416" percent="60">
    <mem type="tenure" free="8198216" total="13500416" percent="60" micro-fragmented="292092">
      <mem type="soa" free="8129056" total="13366272" percent="60" />
      <mem type="loa" free="69160" total="134144" percent="51" />
    </mem>
  </mem-info>
</gc-end>
<cycle-end id="3780" type="global" contextid="3773" timestamp="2019-07-02T19:36:52.403">
  <attribute name="GC Util" value="258" />
  <attribute name="CPU Util" value="8622560560909" />
  <attribute name="Time Running"value="3890"/>
  <attribute name="Number of cores"value="4"/>
</cycle-end>
<allocation-satisfied id="3781" threadId="0000000000AB0100" bytesRequested="40" />
<af-end id="3782" timestamp="2019-07-02T19:36:52.403" threadId="0000000000AB0A88" success="true" />
<exclusive-end id="3783" timestamp="2019-07-02T19:36:52.403" durationms="3.811" />

<concurrent-kickoff id="3784" timestamp="2019-07-02T19:36:52.409">
  <kickoff reason="threshold reached" targetBytes="1502011" thresholdFreeBytes="201496" remainingFree="201256" tenureFreeBytes="201256" />
</concurrent-kickoff>
<exclusive-start id="3785" timestamp="2019-07-02T19:36:52.409" intervalms="9.831">
  <response-info timems="0.099" idlems="0.059" threads="1" lastid="0000000000AB7900" lastname="Thread-7" />
</exclusive-start>
<cycle-start id="3786" type="global" contextid="0" timestamp="2019-07-02T19:36:52.409" intervalms="9.437" />
  <attribute name="GC Util" value="258" />
  <attribute name="CPU Util" value="8622560560909" />
  <attribute name="Time Running"value="3890"/>
  <attribute name="Number of cores"value="4"/>
<exclusive-end id="3787" timestamp="2019-07-02T19:36:52.409" durationms="0.118" />

<exclusive-start id="3788" timestamp="2019-07-02T19:36:52.409" intervalms="0.240">
  <response-info timems="0.023" idlems="0.020" threads="1" lastid="0000000000AB7900" lastname="Thread-7" />
</exclusive-start>
<af-start id="3789" threadId="0000000000AB0A88" totalBytesRequested="40" timestamp="2019-07-02T19:36:52.409" intervalms="10.063" />
<concurrent-aborted id="3790" timestamp="2019-07-02T19:36:52.410">
  <reason value="insufficient progress made" />
</concurrent-aborted>
<cycle-end id="3791" type="global" contextid="3786" timestamp="2019-07-02T19:36:52.410">
  <attribute name="GC Util" value="23" />
  <attribute name="CPU Util" value="2478417692105" />
  <attribute name="Time Running"value="3898"/>
  <attribute name="Number of cores"value="4"/>
</cycle-end>
<cycle-start id="3792" type="global" contextid="0" timestamp="2019-07-02T19:36:52.410" intervalms="0.612" />
  <attribute name="GC Util" value="23" />
  <attribute name="CPU Util" value="2478417692105" />
  <attribute name="Time Running"value="3898"/>
  <attribute name="Number of cores"value="4"/>
<gc-start id="3793" type="global" contextid="3792" timestamp="2019-07-02T19:36:52.410">
  <mem-info id="3794" free="134144" total="13500416" percent="0">
    <mem type="tenure" free="134144" total="13500416" percent="0">
      <mem type="soa" free="0" total="13366272" percent="0" />
      <mem type="loa" free="134144" total="134144" percent="100" />
    </mem>
  </mem-info>
</gc-start>
<allocation-stats totalBytes="8096776" >
  <allocated-bytes non-tlh="0" tlh="8096776" />
  <largest-consumer threadName="Thread-10" threadId="0000000000AB3D00" bytes="3288840" />
</allocation-stats>
<gc-op id="3795" type="mark" timems="2.301" contextid="3792" timestamp="2019-07-02T19:36:52.412">
  <trace-info objectcount="72360" scancount="64789" scanbytes="2428212" />
  <finalization candidates="124" enqueued="0" />
  <ownableSynchronizers candidates="3" cleared="0" />
  <references type="soft" candidates="84" cleared="0" enqueued="0" dynamicThreshold="19" maxThreshold="32" />
  <references type="weak" candidates="776" cleared="0" enqueued="0" />
  <references type="phantom" candidates="63" cleared="0" enqueued="0" />
  <stringconstants candidates="4574" cleared="0"  />
</gc-op>
<gc-op id="3796" type="sweep" timems="1.065" contextid="3792" timestamp="2019-07-02T19:36:52.413" />
<gc-end id="3797" type="global" contextid="3792" durationms="3.609" usertimems="8.000" systemtimems="0.000" timestamp="2019-07-02T19:36:52.414" activeThreads="4">
  <mem-info id="3798" free="8096016" total="13500416" percent="59">
    <mem type="tenure" free="8096016" total="13500416" percent="59" micro-fragmented="368782">
      <mem type="soa" free="7961872" total="13366272" percent="59" />
      <mem type="loa" free="134144" total="134144" percent="100" />
    </mem>
  </mem-info>
</gc-end>
<cycle-end id="3799" type="global" contextid="3792" timestamp="2019-07-02T19:36:52.414">
  <attribute name="GC Util" value="133" />
  <attribute name="CPU Util" value="24366290537775" />
  <attribute name="Time Running"value="3901"/>
  <attribute name="Number of cores"value="4"/>
</cycle-end>
<allocation-satisfied id="3800" threadId="0000000000AB0100" bytesRequested="40" />
<af-end id="3801" timestamp="2019-07-02T19:36:52.414" threadId="0000000000AB0A88" success="true" />
<exclusive-end id="3802" timestamp="2019-07-02T19:36:52.414" durationms="4.424" />

<concurrent-kickoff id="3803" timestamp="2019-07-02T19:36:52.418">
  <kickoff reason="threshold reached" targetBytes="1502011" thresholdFreeBytes="201496" remainingFree="134144" tenureFreeBytes="134144" />
</concurrent-kickoff>
<exclusive-start id="3804" timestamp="2019-07-02T19:36:52.418" intervalms="8.512">
  <response-info timems="0.089" idlems="0.052" threads="1" lastid="0000000000AB3D00" lastname="Thread-10" />
</exclusive-start>
<af-start id="3805" threadId="0000000000AB0A88" totalBytesRequested="24" timestamp="2019-07-02T19:36:52.418" intervalms="8.505" />
<concurrent-aborted id="3806" timestamp="2019-07-02T19:36:52.418">
  <reason value="insufficient progress made" />
</concurrent-aborted>
<cycle-end id="3807" type="global" contextid="3786" timestamp="2019-07-02T19:36:52.418">
  <attribute name="GC Util" value="133" />
  <attribute name="CPU Util" value="24366290537775" />
  <attribute name="Time Running"value="3901"/>
  <attribute name="Number of cores"value="4"/>
</cycle-end>
<cycle-start id="3808" type="global" contextid="0" timestamp="2019-07-02T19:36:52.418" intervalms="8.232" />
  <attribute name="GC Util" value="133" />
  <attribute name="CPU Util" value="24366290537775" />
  <attribute name="Time Running"value="3901"/>
  <attribute name="Number of cores"value="4"/>
<gc-start id="3809" type="global" contextid="3808" timestamp="2019-07-02T19:36:52.418">
  <mem-info id="3810" free="134144" total="13500416" percent="0">
    <mem type="tenure" free="134144" total="13500416" percent="0">
      <mem type="soa" free="0" total="13366272" percent="0" />
      <mem type="loa" free="134144" total="134144" percent="100" />
    </mem>
  </mem-info>
</gc-start>
<allocation-stats totalBytes="7927512" >
  <allocated-bytes non-tlh="0" tlh="7927512" />
  <largest-consumer threadName="Thread-10" threadId="0000000000AB3D00" bytes="2333408" />
</allocation-stats>
<gc-op id="3811" type="mark" timems="2.343" contextid="3808" timestamp="2019-07-02T19:36:52.421">
  <trace-info objectcount="73305" scancount="65730" scanbytes="2451084" />
  <finalization candidates="124" enqueued="0" />
  <ownableSynchronizers candidates="3" cleared="0" />
  <references type="soft" candidates="84" cleared="0" enqueued="0" dynamicThreshold="19" maxThreshold="32" />
  <references type="weak" candidates="776" cleared="0" enqueued="0" />
  <references type="phantom" candidates="63" cleared="0" enqueued="0" />
  <stringconstants candidates="4574" cleared="0"  />
</gc-op>
<gc-op id="3812" type="sweep" timems="1.262" contextid="3808" timestamp="2019-07-02T19:36:52.422" />
<heap-resize id="3813" type="expand" space="tenure" amount="1048576" count="1" timems="0.064" reason="excessive time being spent in gc" timestamp="2019-07-02T19:36:52.422" />
<gc-end id="3814" type="global" contextid="3808" durationms="3.953" usertimems="12.000" systemtimems="0.000" timestamp="2019-07-02T19:36:52.422" activeThreads="4">
  <mem-info id="3815" free="8948256" total="14548992" percent="61">
    <mem type="tenure" free="8948256" total="14548992" percent="61" micro-fragmented="357004">
      <mem type="soa" free="8802848" total="14403584" percent="61" />
      <mem type="loa" free="145408" total="145408" percent="100" />
    </mem>
  </mem-info>
</gc-end>
<cycle-end id="3816" type="global" contextid="3808" timestamp="2019-07-02T19:36:52.422">
  <attribute name="GC Util" value="138" />
  <attribute name="CPU Util" value="19287787905249" />
  <attribute name="Time Running"value="3910"/>
  <attribute name="Number of cores"value="4"/>
</cycle-end>
<allocation-satisfied id="3817" threadId="0000000000AB0100" bytesRequested="24" />
<af-end id="3818" timestamp="2019-07-02T19:36:52.422" threadId="0000000000AB0A88" success="true" />
<exclusive-end id="3819" timestamp="2019-07-02T19:36:52.422" durationms="4.480" />

<concurrent-kickoff id="3820" timestamp="2019-07-02T19:36:52.431">
  <kickoff reason="threshold reached" targetBytes="1618672" thresholdFreeBytes="217146" remainingFree="145408" tenureFreeBytes="145408" />
</concurrent-kickoff>
<exclusive-start id="3821" timestamp="2019-07-02T19:36:52.431" intervalms="13.191">
  <response-info timems="0.080" idlems="0.049" threads="1" lastid="0000000000AB3D00" lastname="Thread-10" />
</exclusive-start>
<cycle-start id="3822" type="global" contextid="0" timestamp="2019-07-02T19:36:52.431" intervalms="13.103" />
  <attribute name="GC Util" value="138" />
  <attribute name="CPU Util" value="19287787905249" />
  <attribute name="Time Running"value="3910"/>
  <attribute name="Number of cores"value="4"/>
<exclusive-end id="3823" timestamp="2019-07-02T19:36:52.431" durationms="0.127" />

<exclusive-start id="3824" timestamp="2019-07-02T19:36:52.432" intervalms="0.402">
  <response-info timems="0.115" idlems="0.065" threads="1" lastid="0000000000AB3D00" lastname="Thread-10" />
</exclusive-start>
<af-start id="3825" threadId="0000000000AB0A88" totalBytesRequested="24" timestamp="2019-07-02T19:36:52.432" intervalms="13.609" />
<concurrent-aborted id="3826" timestamp="2019-07-02T19:36:52.432">
  <reason value="insufficient progress made" />
</concurrent-aborted>
<cycle-end id="3827" type="global" contextid="3822" timestamp="2019-07-02T19:36:52.432">
  <attribute name="GC Util" value="138" />
  <attribute name="CPU Util" value="19287787905249" />
  <attribute name="Time Running"value="3910"/>
  <attribute name="Number of cores"value="4"/>
</cycle-end>
<cycle-start id="3828" type="global" contextid="0" timestamp="2019-07-02T19:36:52.432" intervalms="0.525" />
  <attribute name="GC Util" value="138" />
  <attribute name="CPU Util" value="19287787905249" />
  <attribute name="Time Running"value="3910"/>
  <attribute name="Number of cores"value="4"/>
<gc-start id="3829" type="global" contextid="3828" timestamp="2019-07-02T19:36:52.432">
  <mem-info id="3830" free="145408" total="14548992" percent="0">
    <mem type="tenure" free="145408" total="14548992" percent="0">
      <mem type="soa" free="0" total="14403584" percent="0" />
      <mem type="loa" free="145408" total="145408" percent="100" />
    </mem>
  </mem-info>
</gc-start>
<allocation-stats totalBytes="8767856" >
  <allocated-bytes non-tlh="0" tlh="8767856" />
  <largest-consumer threadName="Thread-8" threadId="0000000000AB0100" bytes="4194360" />
</allocation-stats>
<gc-op id="3831" type="mark" timems="2.535" contextid="3828" timestamp="2019-07-02T19:36:52.434">
  <trace-info objectcount="74783" scancount="67211" scanbytes="2485996" />
  <finalization candidates="124" enqueued="0" />
  <ownableSynchronizers candidates="3" cleared="0" />
  <references type="soft" candidates="84" cleared="0" enqueued="0" dynamicThreshold="19" maxThreshold="32" />
  <references type="weak" candidates="776" cleared="0" enqueued="0" />
  <references type="phantom" candidates="63" cleared="0" enqueued="0" />
  <stringconstants candidates="4574" cleared="0"  />
</gc-op>
<gc-op id="3832" type="sweep" timems="1.059" contextid="3828" timestamp="2019-07-02T19:36:52.436" />
<gc-end id="3833" type="global" contextid="3828" durationms="3.812" usertimems="12.000" systemtimems="0.000" timestamp="2019-07-02T19:36:52.436" activeThreads="4">
  <mem-info id="3834" free="8770112" total="14548992" percent="60">
    <mem type="tenure" free="8770112" total="14548992" percent="60" micro-fragmented="374244">
      <mem type="soa" free="8660768" total="14403584" percent="60" />
      <mem type="loa" free="109344" total="145408" percent="75" />
    </mem>
  </mem-info>
</gc-end>
<cycle-end id="3835" type="global" contextid="3828" timestamp="2019-07-02T19:36:52.436">
  <attribute name="GC Util" value="259" />
  <attribute name="CPU Util" value="7121775250691" />
  <attribute name="Time Running"value="3922"/>
  <attribute name="Number of cores"value="4"/>
</cycle-end>
<allocation-satisfied id="3836" threadId="0000000000AB0100" bytesRequested="24" />
<af-end id="3837" timestamp="2019-07-02T19:36:52.436" threadId="0000000000AB0A88" success="true" />
<exclusive-end id="3838" timestamp="2019-07-02T19:36:52.436" durationms="4.212" />

<concurrent-kickoff id="3839" timestamp="2019-07-02T19:36:52.441">
  <kickoff reason="threshold reached" targetBytes="1618672" thresholdFreeBytes="217146" remainingFree="181592" tenureFreeBytes="109344" />
</concurrent-kickoff>
<exclusive-start id="3840" timestamp="2019-07-02T19:36:52.441" intervalms="9.917">
  <response-info timems="0.062" idlems="0.035" threads="1" lastid="0000000000AB0100" lastname="Thread-8" />
</exclusive-start>
<cycle-start id="3841" type="global" contextid="0" timestamp="2019-07-02T19:36:52.442" intervalms="9.788" />
  <attribute name="GC Util" value="259" />
  <attribute name="CPU Util" value="7121775250691" />
  <attribute name="Time Running"value="3922"/>
  <attribute name="Number of cores"value="4"/>
<exclusive-end id="3842" timestamp="2019-07-02T19:36:52.442" durationms="0.124" />

<exclusive-start id="3843" timestamp="2019-07-02T19:36:52.442" intervalms="0.242">
  <response-info timems="0.022" idlems="0.022" threads="0" lastid="0000000000ABB500" lastname="Thread-9" />
</exclusive-start>
<af-start id="3844" threadId="0000000000ABBE88" totalBytesRequested="24" timestamp="2019-07-02T19:36:52.442" intervalms="10.175" />
<concurrent-aborted id="3845" timestamp="2019-07-02T19:36:52.442">
  <reason value="insufficient progress made" />
</concurrent-aborted>
<cycle-end id="3846" type="global" contextid="3841" timestamp="2019-07-02T19:36:52.442">
  <attribute name="GC Util" value="27" />
  <attribute name="CPU Util" value="2503898207681" />
  <attribute name="Time Running"value="3930"/>
  <attribute name="Number of cores"value="4"/>
</cycle-end>
<cycle-start id="3847" type="global" contextid="0" timestamp="2019-07-02T19:36:52.442" intervalms="0.536" />
  <attribute name="GC Util" value="27" />
  <attribute name="CPU Util" value="2503898207681" />
  <attribute name="Time Running"value="3930"/>
  <attribute name="Number of cores"value="4"/>
<gc-start id="3848" type="global" contextid="3847" timestamp="2019-07-02T19:36:52.442">
  <mem-info id="3849" free="145408" total="14548992" percent="0">
    <mem type="tenure" free="145408" total="14548992" percent="0">
      <mem type="soa" free="0" total="14403584" percent="0" />
      <mem type="loa" free="145408" total="145408" percent="100" />
    </mem>
  </mem-info>
</gc-start>
<allocation-stats totalBytes="8621720" >
  <allocated-bytes non-tlh="23160" tlh="8598560" />
  <largest-consumer threadName="Thread-9" threadId="0000000000ABB500" bytes="2441600" />
</allocation-stats>
<gc-op id="3850" type="mark" timems="1.148" contextid="3847" timestamp="2019-07-02T19:36:52.443">
  <trace-info objectcount="69950" scancount="62370" scanbytes="2370740" />
  <finalization candidates="124" enqueued="0" />
  <ownableSynchronizers candidates="3" cleared="0" />
  <references type="soft" candidates="84" cleared="0" enqueued="0" dynamicThreshold="19" maxThreshold="32" />
  <references type="weak" candidates="776" cleared="0" enqueued="0" />
  <references type="phantom" candidates="63" cleared="0" enqueued="0" />
  <stringconstants candidates="4574" cleared="0"  />
</gc-op>
<gc-op id="3851" type="sweep" timems="0.384" contextid="3847" timestamp="2019-07-02T19:36:52.444" />
<gc-end id="3852" type="global" contextid="3847" durationms="1.786" usertimems="4.000" systemtimems="0.000" timestamp="2019-07-02T19:36:52.444" activeThreads="4">
  <mem-info id="3853" free="9384848" total="14548992" percent="64">
    <mem type="tenure" free="9384848" total="14548992" percent="64" micro-fragmented="232509">
      <mem type="soa" free="9268296" total="14403584" percent="64" />
      <mem type="loa" free="116552" total="145408" percent="80" />
    </mem>
  </mem-info>
</gc-end>
<cycle-end id="3854" type="global" contextid="3847" timestamp="2019-07-02T19:36:52.444">
  <attribute name="GC Util" value="231" />
  <attribute name="CPU Util" value="15176984103156" />
  <attribute name="Time Running"value="3931"/>
  <attribute name="Number of cores"value="4"/>
</cycle-end>
<allocation-satisfied id="3855" threadId="0000000000ABB500" bytesRequested="24" />
<af-end id="3856" timestamp="2019-07-02T19:36:52.444" threadId="0000000000ABBE88" success="true" />
<exclusive-end id="3857" timestamp="2019-07-02T19:36:52.444" durationms="2.522" />

<concurrent-kickoff id="3858" timestamp="2019-07-02T19:36:52.460">
  <kickoff reason="threshold reached" targetBytes="1618672" thresholdFreeBytes="217146" remainingFree="204232" tenureFreeBytes="199264" />
</concurrent-kickoff>
<exclusive-start id="3859" timestamp="2019-07-02T19:36:52.460" intervalms="18.289">
  <response-info timems="0.082" idlems="0.057" threads="2" lastid="0000000000AB0100" lastname="Thread-8" />
</exclusive-start>
<cycle-start id="3860" type="global" contextid="0" timestamp="2019-07-02T19:36:52.460" intervalms="18.046" />
  <attribute name="GC Util" value="231" />
  <attribute name="CPU Util" value="15176984103156" />
  <attribute name="Time Running"value="3931"/>
  <attribute name="Number of cores"value="4"/>
<exclusive-end id="3861" timestamp="2019-07-02T19:36:52.460" durationms="0.243" />

<exclusive-start id="3862" timestamp="2019-07-02T19:36:52.460" intervalms="0.463">
  <response-info timems="0.026" idlems="0.026" threads="0" lastid="0000000000AB7900" lastname="Thread-7" />
</exclusive-start>
<af-start id="3863" threadId="0000000000AB8288" totalBytesRequested="24" timestamp="2019-07-02T19:36:52.461" intervalms="18.834" />
<concurrent-aborted id="3864" timestamp="2019-07-02T19:36:52.461">
  <reason value="insufficient progress made" />
</concurrent-aborted>
<cycle-end id="3865" type="global" contextid="3860" timestamp="2019-07-02T19:36:52.461">
  <attribute name="GC Util" value="9" />
  <attribute name="CPU Util" value="1063968231287" />
  <attribute name="Time Running"value="3949"/>
  <attribute name="Number of cores"value="4"/>
</cycle-end>
<cycle-start id="3866" type="global" contextid="0" timestamp="2019-07-02T19:36:52.461" intervalms="1.048" />
  <attribute name="GC Util" value="9" />
  <attribute name="CPU Util" value="1063968231287" />
  <attribute name="Time Running"value="3949"/>
  <attribute name="Number of cores"value="4"/>
<gc-start id="3867" type="global" contextid="3866" timestamp="2019-07-02T19:36:52.461">
  <mem-info id="3868" free="145408" total="14548992" percent="0">
    <mem type="tenure" free="145408" total="14548992" percent="0">
      <mem type="soa" free="0" total="14403584" percent="0" />
      <mem type="loa" free="145408" total="145408" percent="100" />
    </mem>
  </mem-info>
</gc-start>
<allocation-stats totalBytes="9228264" >
  <allocated-bytes non-tlh="23160" tlh="9205104" />
  <largest-consumer threadName="Thread-8" threadId="0000000000AB0100" bytes="3564072" />
</allocation-stats>
<gc-op id="3869" type="mark" timems="1.857" contextid="3866" timestamp="2019-07-02T19:36:52.463">
  <trace-info objectcount="65747" scancount="58177" scanbytes="2270108" />
  <finalization candidates="124" enqueued="0" />
  <ownableSynchronizers candidates="3" cleared="0" />
  <references type="soft" candidates="84" cleared="0" enqueued="0" dynamicThreshold="20" maxThreshold="32" />
  <references type="weak" candidates="776" cleared="0" enqueued="0" />
  <references type="phantom" candidates="63" cleared="0" enqueued="0" />
  <stringconstants candidates="4574" cleared="0"  />
</gc-op>
<gc-op id="3870" type="sweep" timems="1.175" contextid="3866" timestamp="2019-07-02T19:36:52.464" />
<heap-resize id="3871" type="contract" space="tenure" amount="131072" count="1" timems="0.069" reason="excess free space following gc" timestamp="2019-07-02T19:36:52.465" />
<gc-end id="3872" type="global" contextid="3866" durationms="3.551" usertimems="12.000" systemtimems="0.000" timestamp="2019-07-02T19:36:52.465" activeThreads="4">
  <mem-info id="3873" free="9580256" total="14417920" percent="66">
    <mem type="tenure" free="9580256" total="14417920" percent="66" micro-fragmented="141128">
      <mem type="soa" free="9580256" total="14274560" percent="67" />
      <mem type="loa" free="0" total="143360" percent="0" />
    </mem>
  </mem-info>
</gc-end>
<cycle-end id="3874" type="global" contextid="3866" timestamp="2019-07-02T19:36:52.465">
  <attribute name="GC Util" value="151" />
  <attribute name="CPU Util" value="21354599760905" />
  <attribute name="Time Running"value="3952"/>
  <attribute name="Number of cores"value="4"/>
</cycle-end>
<allocation-satisfied id="3875" threadId="0000000000AB7900" bytesRequested="24" />
<af-end id="3876" timestamp="2019-07-02T19:36:52.465" threadId="0000000000AB8288" success="true" />
<exclusive-end id="3877" timestamp="2019-07-02T19:36:52.465" durationms="4.690" />

<concurrent-kickoff id="3878" timestamp="2019-07-02T19:36:52.471">
  <kickoff reason="threshold reached" targetBytes="1604089" thresholdFreeBytes="215189" remainingFree="210016" tenureFreeBytes="210016" />
</concurrent-kickoff>
<exclusive-start id="3879" timestamp="2019-07-02T19:36:52.471" intervalms="10.340">
  <response-info timems="0.069" idlems="0.051" threads="2" lastid="0000000000AB7900" lastname="Thread-7" />
</exclusive-start>
<cycle-start id="3880" type="global" contextid="0" timestamp="2019-07-02T19:36:52.471" intervalms="9.699" />
  <attribute name="GC Util" value="151" />
  <attribute name="CPU Util" value="21354599760905" />
  <attribute name="Time Running"value="3952"/>
  <attribute name="Number of cores"value="4"/>
<exclusive-end id="3881" timestamp="2019-07-02T19:36:52.471" durationms="0.114" />

<exclusive-start id="3882" timestamp="2019-07-02T19:36:52.472" intervalms="1.117">
  <response-info timems="0.023" idlems="0.023" threads="0" lastid="0000000000AB0100" lastname="Thread-8" />
</exclusive-start>
<af-start id="3883" threadId="0000000000AB0A88" totalBytesRequested="24" timestamp="2019-07-02T19:36:52.472" intervalms="11.361" />
<gc-start id="3884" type="global" contextid="3880" timestamp="2019-07-02T19:36:52.472">
  <mem-info id="3885" free="0" total="14417920" percent="0">
    <mem type="tenure" free="0" total="14417920" percent="0">
      <mem type="soa" free="0" total="14274560" percent="0" />
      <mem type="loa" free="0" total="143360" percent="0" />
    </mem>
  </mem-info>
</gc-start>
<allocation-stats totalBytes="9551936" >
  <allocated-bytes non-tlh="0" tlh="9551936" />
  <largest-consumer threadName="Thread-9" threadId="0000000000ABB500" bytes="2783560" />
</allocation-stats>
<concurrent-halted id="3886" timestamp="2019-07-02T19:36:52.472">
  <halted state="Class scanning incomplete" status="clean trace" />
  <traced bytesTarget="1604089" bytesTotal="2026536" bytesByMutator="1449348" bytesByHelper="577188" percent="126" />
  <cards cleaned="22" thresholdBytes="84771" />
</concurrent-halted>
<gc-op id="3887" type="tracing" timems="0.334" contextid="3880" timestamp="2019-07-02T19:36:52.472">
  <trace bytesTraced="67812" workStackOverflowCount="0" />
</gc-op>
<gc-op id="3888" type="card-cleaning" timems="0.252" contextid="3880" timestamp="2019-07-02T19:36:52.473">
  <card-cleaning cardsCleaned="11" bytesTraced="3668" workStackOverflowCount="0" />
</gc-op>
<gc-op id="3889" type="mark" timems="1.165" contextid="3880" timestamp="2019-07-02T19:36:52.474">
  <trace-info objectcount="7637" scancount="7237" scanbytes="213536" />
  <finalization candidates="124" enqueued="0" />
  <ownableSynchronizers candidates="3" cleared="0" />
  <references type="soft" candidates="84" cleared="0" enqueued="0" dynamicThreshold="21" maxThreshold="32" />
  <references type="weak" candidates="776" cleared="0" enqueued="0" />
  <references type="phantom" candidates="63" cleared="0" enqueued="0" />
  <stringconstants candidates="4574" cleared="0"  />
</gc-op>
<gc-op id="3890" type="sweep" timems="1.104" contextid="3880" timestamp="2019-07-02T19:36:52.475" />
<heap-resize id="3891" type="contract" space="tenure" amount="65536" count="1" timems="0.115" reason="excess free space following gc" timestamp="2019-07-02T19:36:52.475" />
<gc-end id="3892" type="global" contextid="3880" durationms="3.401" usertimems="8.000" systemtimems="0.000" timestamp="2019-07-02T19:36:52.475" activeThreads="4">
  <mem-info id="3893" free="9408376" total="14352384" percent="65">
    <mem type="tenure" free="9408376" total="14352384" percent="65" micro-fragmented="153583">
      <mem type="soa" free="9408376" total="14209024" percent="66" />
      <mem type="loa" free="0" total="143360" percent="0" />
    </mem>
  </mem-info>
</gc-end>
<cycle-end id="3894" type="global" contextid="3880" timestamp="2019-07-02T19:36:52.476">
  <attribute name="GC Util" value="136" />
  <attribute name="CPU Util" value="21652378556022" />
  <attribute name="Time Running"value="3963"/>
  <attribute name="Number of cores"value="4"/>
</cycle-end>
<allocation-satisfied id="3895" threadId="0000000000AB0100" bytesRequested="24" />
<af-end id="3896" timestamp="2019-07-02T19:36:52.476" threadId="0000000000AB0A88" success="true" />
<exclusive-end id="3897" timestamp="2019-07-02T19:36:52.476" durationms="3.748" />

<concurrent-kickoff id="3898" timestamp="2019-07-02T19:36:52.481">
  <kickoff reason="threshold reached" targetBytes="1793117" thresholdFreeBytes="240014" remainingFree="233120" tenureFreeBytes="233120" />
</concurrent-kickoff>
<exclusive-start id="3899" timestamp="2019-07-02T19:36:52.481" intervalms="9.426">
  <response-info timems="0.058" idlems="0.058" threads="0" lastid="0000000000AB0100" lastname="Thread-8" />
</exclusive-start>
<cycle-start id="3900" type="global" contextid="0" timestamp="2019-07-02T19:36:52.481" intervalms="10.529" />
  <attribute name="GC Util" value="136" />
  <attribute name="CPU Util" value="21652378556022" />
  <attribute name="Time Running"value="3963"/>
  <attribute name="Number of cores"value="4"/>
<exclusive-end id="3901" timestamp="2019-07-02T19:36:52.481" durationms="0.086" />

<exclusive-start id="3902" timestamp="2019-07-02T19:36:52.483" intervalms="1.829">
  <response-info timems="0.024" idlems="0.024" threads="0" lastid="0000000000AB7900" lastname="Thread-7" />
</exclusive-start>
<af-start id="3903" threadId="0000000000AB8288" totalBytesRequested="40" timestamp="2019-07-02T19:36:52.483" intervalms="11.270" />
<gc-start id="3904" type="global" contextid="3900" timestamp="2019-07-02T19:36:52.483">
  <mem-info id="3905" free="0" total="14352384" percent="0">
    <mem type="tenure" free="0" total="14352384" percent="0">
      <mem type="soa" free="0" total="14209024" percent="0" />
      <mem type="loa" free="0" total="143360" percent="0" />
    </mem>
  </mem-info>
</gc-start>
<allocation-stats totalBytes="9375808" >
  <allocated-bytes non-tlh="19056" tlh="9356752" />
  <largest-consumer threadName="Thread-9" threadId="0000000000ABB500" bytes="2857904" />
</allocation-stats>
<concurrent-halted id="3906" timestamp="2019-07-02T19:36:52.483">
  <halted state="Class scanning incomplete" status="clean trace" />
  <traced bytesTarget="1793117" bytesTotal="1331896" bytesByMutator="55812" bytesByHelper="1276084" percent="74" />
  <cards cleaned="20" thresholdBytes="94550" />
</concurrent-halted>
<gc-op id="3907" type="tracing" timems="0.329" contextid="3900" timestamp="2019-07-02T19:36:52.484">
  <trace bytesTraced="64268" workStackOverflowCount="0" />
</gc-op>
<gc-op id="3908" type="card-cleaning" timems="0.426" contextid="3900" timestamp="2019-07-02T19:36:52.484">
  <card-cleaning cardsCleaned="4" bytesTraced="1712" workStackOverflowCount="0" />
</gc-op>
<gc-op id="3909" type="mark" timems="1.751" contextid="3900" timestamp="2019-07-02T19:36:52.486">
  <trace-info objectcount="24092" scancount="20092" scanbytes="700584" />
  <finalization candidates="124" enqueued="0" />
  <ownableSynchronizers candidates="3" cleared="0" />
  <references type="soft" candidates="84" cleared="0" enqueued="0" dynamicThreshold="20" maxThreshold="32" />
  <references type="weak" candidates="776" cleared="0" enqueued="0" />
  <references type="phantom" candidates="63" cleared="0" enqueued="0" />
  <stringconstants candidates="4574" cleared="0"  />
</gc-op>
<gc-op id="3910" type="sweep" timems="1.110" contextid="3900" timestamp="2019-07-02T19:36:52.487" />
<mem-info id="3911" free="9875776" total="14352384" percent="68">
  <mem type="tenure" free="9875776" total="14352384" percent="68" micro-fragmented="74632">
    <mem type="soa" free="9875776" total="14209024" percent="69" />
    <mem type="loa" free="0" total="143360" percent="0" />
  </mem>
</mem-info>
<gc-op id="3912" type="compact" timems="4.878" contextid="3900" timestamp="2019-07-02T19:36:52.492">
  <compact-info movecount="20605" movebytes="991832" reason="compact to aid heap contraction" />
</gc-op>
<heap-resize id="3913" type="contract" space="tenure" amount="131072" count="1" timems="0.088" reason="excess free space following gc" timestamp="2019-07-02T19:36:52.493" />
<gc-end id="3914" type="global" contextid="3900" durationms="9.433" usertimems="20.000" systemtimems="0.000" timestamp="2019-07-02T19:36:52.493" activeThreads="4">
  <mem-info id="3915" free="10161504" total="14221312" percent="71">
    <mem type="tenure" free="10161504" total="14221312" percent="71">
      <mem type="soa" free="10032480" total="14080000" percent="71" />
      <mem type="loa" free="129024" total="141312" percent="91" />
    </mem>
  </mem-info>
</gc-end>
<cycle-end id="3916" type="global" contextid="3900" timestamp="2019-07-02T19:36:52.493">
  <attribute name="GC Util" value="134" />
  <attribute name="CPU Util" value="42737498893449" />
  <attribute name="Time Running"value="3975"/>
  <attribute name="Number of cores"value="4"/>
</cycle-end>
<allocation-satisfied id="3917" threadId="0000000000AB7900" bytesRequested="40" />
<af-end id="3918" timestamp="2019-07-02T19:36:52.493" threadId="0000000000AB8288" success="true" />
<exclusive-end id="3919" timestamp="2019-07-02T19:36:52.493" durationms="9.974" />

<concurrent-kickoff id="3920" timestamp="2019-07-02T19:36:52.499">
  <kickoff reason="threshold reached" targetBytes="1760128" thresholdFreeBytes="235640" remainingFree="134496" tenureFreeBytes="134496" />
</concurrent-kickoff>
<exclusive-start id="3921" timestamp="2019-07-02T19:36:52.500" intervalms="16.446">
  <response-info timems="0.024" idlems="0.024" threads="0" lastid="0000000000AB7900" lastname="Thread-7" />
</exclusive-start>
<cycle-start id="3922" type="global" contextid="0" timestamp="2019-07-02T19:36:52.500" intervalms="18.328" />
  <attribute name="GC Util" value="134" />
  <attribute name="CPU Util" value="42737498893449" />
  <attribute name="Time Running"value="3975"/>
  <attribute name="Number of cores"value="4"/>
<exclusive-end id="3923" timestamp="2019-07-02T19:36:52.500" durationms="0.184" />

<exclusive-start id="3924" timestamp="2019-07-02T19:36:52.500" intervalms="0.470">
  <response-info timems="0.024" idlems="0.024" threads="0" lastid="0000000000AB3D00" lastname="Thread-10" />
</exclusive-start>
<af-start id="3925" threadId="0000000000AB4688" totalBytesRequested="40" timestamp="2019-07-02T19:36:52.500" intervalms="16.913" />
<concurrent-aborted id="3926" timestamp="2019-07-02T19:36:52.500">
  <reason value="insufficient progress made" />
</concurrent-aborted>
<cycle-end id="3927" type="global" contextid="3922" timestamp="2019-07-02T19:36:52.500">
  <attribute name="GC Util" value="134" />
  <attribute name="CPU Util" value="42737498893449" />
  <attribute name="Time Running"value="3975"/>
  <attribute name="Number of cores"value="4"/>
</cycle-end>
<cycle-start id="3928" type="global" contextid="0" timestamp="2019-07-02T19:36:52.500" intervalms="0.619" />
  <attribute name="GC Util" value="134" />
  <attribute name="CPU Util" value="42737498893449" />
  <attribute name="Time Running"value="3975"/>
  <attribute name="Number of cores"value="4"/>
<gc-start id="3929" type="global" contextid="3928" timestamp="2019-07-02T19:36:52.500">
  <mem-info id="3930" free="129024" total="14221312" percent="0">
    <mem type="tenure" free="129024" total="14221312" percent="0">
      <mem type="soa" free="0" total="14080000" percent="0" />
      <mem type="loa" free="129024" total="141312" percent="91" />
    </mem>
  </mem-info>
</gc-start>
<allocation-stats totalBytes="10096680" >
  <allocated-bytes non-tlh="0" tlh="10096680" />
  <largest-consumer threadName="Thread-7" threadId="0000000000AB7900" bytes="2719376" />
</allocation-stats>
<gc-op id="3931" type="mark" timems="1.871" contextid="3928" timestamp="2019-07-02T19:36:52.502">
  <trace-info objectcount="63498" scancount="55925" scanbytes="2215876" />
  <finalization candidates="124" enqueued="0" />
  <ownableSynchronizers candidates="3" cleared="0" />
  <references type="soft" candidates="84" cleared="0" enqueued="0" dynamicThreshold="22" maxThreshold="32" />
  <references type="weak" candidates="776" cleared="0" enqueued="0" />
  <references type="phantom" candidates="63" cleared="0" enqueued="0" />
  <stringconstants candidates="4574" cleared="0"  />
</gc-op>
<gc-op id="3932" type="sweep" timems="1.125" contextid="3928" timestamp="2019-07-02T19:36:52.504" />
<heap-resize id="3933" type="contract" space="tenure" amount="131072" count="1" timems="0.091" reason="excess free space following gc" timestamp="2019-07-02T19:36:52.504" />
<gc-end id="3934" type="global" contextid="3928" durationms="3.420" usertimems="8.000" systemtimems="0.000" timestamp="2019-07-02T19:36:52.504" activeThreads="4">
  <mem-info id="3935" free="9809656" total="14090240" percent="69">
    <mem type="tenure" free="9809656" total="14090240" percent="69" micro-fragmented="5129">
      <mem type="soa" free="9809656" total="13949952" percent="70" />
      <mem type="loa" free="0" total="140288" percent="0" />
    </mem>
  </mem-info>
</gc-end>
<cycle-end id="3936" type="global" contextid="3928" timestamp="2019-07-02T19:36:52.504">
  <attribute name="GC Util" value="184" />
  <attribute name="CPU Util" value="25910422475381" />
  <attribute name="Time Running"value="3991"/>
  <attribute name="Number of cores"value="4"/>
</cycle-end>
<allocation-satisfied id="3937" threadId="0000000000AB3D00" bytesRequested="40" />
<af-end id="3938" timestamp="2019-07-02T19:36:52.504" threadId="0000000000AB4688" success="true" />
<exclusive-end id="3939" timestamp="2019-07-02T19:36:52.504" durationms="4.019" />

<concurrent-kickoff id="3940" timestamp="2019-07-02T19:36:52.512">
  <kickoff reason="threshold reached" targetBytes="1743906" thresholdFreeBytes="233468" remainingFree="213096" tenureFreeBytes="213096" />
</concurrent-kickoff>
<exclusive-start id="3941" timestamp="2019-07-02T19:36:52.512" intervalms="11.921">
  <response-info timems="0.046" idlems="0.030" threads="1" lastid="0000000000AB7900" lastname="Thread-7" />
</exclusive-start>
<cycle-start id="3942" type="global" contextid="0" timestamp="2019-07-02T19:36:52.512" intervalms="11.733" />
  <attribute name="GC Util" value="184" />
  <attribute name="CPU Util" value="25910422475381" />
  <attribute name="Time Running"value="3991"/>
  <attribute name="Number of cores"value="4"/>
<exclusive-end id="3943" timestamp="2019-07-02T19:36:52.512" durationms="0.120" />

<exclusive-start id="3944" timestamp="2019-07-02T19:36:52.513" intervalms="1.163">
  <response-info timems="0.025" idlems="0.025" threads="0" lastid="0000000000AB7900" lastname="Thread-7" />
</exclusive-start>
<af-start id="3945" threadId="0000000000AB8288" totalBytesRequested="40" timestamp="2019-07-02T19:36:52.513" intervalms="13.093" />
<gc-start id="3946" type="global" contextid="3942" timestamp="2019-07-02T19:36:52.513">
  <mem-info id="3947" free="0" total="14090240" percent="0">
    <mem type="tenure" free="0" total="14090240" percent="0">
      <mem type="soa" free="0" total="13949952" percent="0" />
      <mem type="loa" free="0" total="140288" percent="0" />
    </mem>
  </mem-info>
</gc-start>
<allocation-stats totalBytes="9805608" >
  <allocated-bytes non-tlh="0" tlh="9805608" />
  <largest-consumer threadName="Thread-7" threadId="0000000000AB7900" bytes="3414928" />
</allocation-stats>
<concurrent-halted id="3948" timestamp="2019-07-02T19:36:52.513">
  <halted state="Class scanning incomplete" status="clean trace" />
  <traced bytesTarget="1743906" bytesTotal="1193280" bytesByMutator="516272" bytesByHelper="677008" percent="68" />
  <cards cleaned="0" thresholdBytes="91972" />
</concurrent-halted>
<gc-op id="3949" type="tracing" timems="0.553" contextid="3942" timestamp="2019-07-02T19:36:52.514">
  <trace bytesTraced="637212" workStackOverflowCount="0" />
</gc-op>
<gc-op id="3950" type="card-cleaning" timems="0.278" contextid="3942" timestamp="2019-07-02T19:36:52.514">
  <card-cleaning cardsCleaned="19" bytesTraced="15248" workStackOverflowCount="0" />
</gc-op>
<gc-op id="3951" type="mark" timems="1.211" contextid="3942" timestamp="2019-07-02T19:36:52.516">
  <trace-info objectcount="10420" scancount="10031" scanbytes="399172" />
  <finalization candidates="124" enqueued="0" />
  <ownableSynchronizers candidates="3" cleared="0" />
  <references type="soft" candidates="84" cleared="0" enqueued="0" dynamicThreshold="22" maxThreshold="32" />
  <references type="weak" candidates="776" cleared="0" enqueued="0" />
  <references type="phantom" candidates="63" cleared="0" enqueued="0" />
  <stringconstants candidates="4574" cleared="0"  />
</gc-op>
<gc-op id="3952" type="sweep" timems="1.153" contextid="3942" timestamp="2019-07-02T19:36:52.517" />
<mem-info id="3953" free="9742704" total="14090240" percent="69">
  <mem type="tenure" free="9742704" total="14090240" percent="69" micro-fragmented="40355">
    <mem type="soa" free="9742704" total="13949952" percent="69" />
    <mem type="loa" free="0" total="140288" percent="0" />
  </mem>
</mem-info>
<gc-op id="3954" type="compact" timems="4.723" contextid="3942" timestamp="2019-07-02T19:36:52.522">
  <compact-info movecount="17130" movebytes="797704" reason="compact to aid heap contraction" />
</gc-op>
<heap-resize id="3955" type="contract" space="tenure" amount="131072" count="1" timems="0.088" reason="excess free space following gc" timestamp="2019-07-02T19:36:52.522" />
<gc-end id="3956" type="global" contextid="3942" durationms="8.863" usertimems="16.000" systemtimems="0.000" timestamp="2019-07-02T19:36:52.522" activeThreads="4">
  <mem-info id="3957" free="9752520" total="13959168" percent="69">
    <mem type="tenure" free="9752520" total="13959168" percent="69">
      <mem type="soa" free="9622472" total="13819904" percent="69" />
      <mem type="loa" free="130048" total="139264" percent="93" />
    </mem>
  </mem-info>
</gc-end>
<cycle-end id="3958" type="global" contextid="3942" timestamp="2019-07-02T19:36:52.522">
  <attribute name="GC Util" value="134" />
  <attribute name="CPU Util" value="30070738057357" />
  <attribute name="Time Running"value="4005"/>
  <attribute name="Number of cores"value="4"/>
</cycle-end>
<allocation-satisfied id="3959" threadId="0000000000AB7900" bytesRequested="40" />
<af-end id="3960" timestamp="2019-07-02T19:36:52.523" threadId="0000000000AB8288" success="true" />
<exclusive-end id="3961" timestamp="2019-07-02T19:36:52.523" durationms="9.534" />

<concurrent-kickoff id="3962" timestamp="2019-07-02T19:36:52.529">
  <kickoff reason="threshold reached" targetBytes="1675729" thresholdFreeBytes="224467" remainingFree="135112" tenureFreeBytes="135112" />
</concurrent-kickoff>
<exclusive-start id="3963" timestamp="2019-07-02T19:36:52.529" intervalms="15.805">
  <response-info timems="0.024" idlems="0.024" threads="0" lastid="0000000000AB0100" lastname="Thread-8" />
</exclusive-start>
<cycle-start id="3964" type="global" contextid="0" timestamp="2019-07-02T19:36:52.529" intervalms="16.962" />
  <attribute name="GC Util" value="134" />
  <attribute name="CPU Util" value="30070738057357" />
  <attribute name="Time Running"value="4005"/>
  <attribute name="Number of cores"value="4"/>
<exclusive-end id="3965" timestamp="2019-07-02T19:36:52.529" durationms="0.105" />

<exclusive-start id="3966" timestamp="2019-07-02T19:36:52.529" intervalms="0.246">
  <response-info timems="0.020" idlems="0.020" threads="0" lastid="0000000000ABB500" lastname="Thread-9" />
</exclusive-start>
<af-start id="3967" threadId="0000000000ABBE88" totalBytesRequested="40" timestamp="2019-07-02T19:36:52.529" intervalms="16.077" />
<concurrent-aborted id="3968" timestamp="2019-07-02T19:36:52.529">
  <reason value="insufficient progress made" />
</concurrent-aborted>
<cycle-end id="3969" type="global" contextid="3964" timestamp="2019-07-02T19:36:52.529">
  <attribute name="GC Util" value="134" />
  <attribute name="CPU Util" value="30070738057357" />
  <attribute name="Time Running"value="4005"/>
  <attribute name="Number of cores"value="4"/>
</cycle-end>
<cycle-start id="3970" type="global" contextid="0" timestamp="2019-07-02T19:36:52.529" intervalms="0.473" />
  <attribute name="GC Util" value="134" />
  <attribute name="CPU Util" value="30070738057357" />
  <attribute name="Time Running"value="4005"/>
  <attribute name="Number of cores"value="4"/>
<gc-start id="3971" type="global" contextid="3970" timestamp="2019-07-02T19:36:52.530">
  <mem-info id="3972" free="130048" total="13959168" percent="0">
    <mem type="tenure" free="130048" total="13959168" percent="0">
      <mem type="soa" free="0" total="13819904" percent="0" />
      <mem type="loa" free="130048" total="139264" percent="93" />
    </mem>
  </mem-info>
</gc-start>
<allocation-stats totalBytes="9686600" >
  <allocated-bytes non-tlh="0" tlh="9686600" />
  <largest-consumer threadName="Thread-10" threadId="0000000000AB3D00" bytes="2457272" />
</allocation-stats>
<gc-op id="3973" type="mark" timems="1.041" contextid="3970" timestamp="2019-07-02T19:36:52.531">
  <trace-info objectcount="64917" scancount="57343" scanbytes="2250196" />
  <finalization candidates="124" enqueued="0" />
  <ownableSynchronizers candidates="3" cleared="0" />
  <references type="soft" candidates="84" cleared="0" enqueued="0" dynamicThreshold="22" maxThreshold="32" />
  <references type="weak" candidates="776" cleared="0" enqueued="0" />
  <references type="phantom" candidates="63" cleared="0" enqueued="0" />
  <stringconstants candidates="4574" cleared="0"  />
</gc-op>
<gc-op id="3974" type="sweep" timems="0.288" contextid="3970" timestamp="2019-07-02T19:36:52.531" />
<heap-resize id="3975" type="contract" space="tenure" amount="131072" count="1" timems="0.092" reason="excess free space following gc" timestamp="2019-07-02T19:36:52.531" />
<gc-end id="3976" type="global" contextid="3970" durationms="1.834" usertimems="4.000" systemtimems="0.000" timestamp="2019-07-02T19:36:52.531" activeThreads="4">
  <mem-info id="3977" free="9649240" total="13828096" percent="69">
    <mem type="tenure" free="9649240" total="13828096" percent="69" micro-fragmented="22285">
      <mem type="soa" free="9528376" total="13689856" percent="69" />
      <mem type="loa" free="120864" total="138240" percent="87" />
    </mem>
  </mem-info>
</gc-end>
<cycle-end id="3978" type="global" contextid="3970" timestamp="2019-07-02T19:36:52.531">
  <attribute name="GC Util" value="23" />
  <attribute name="CPU Util" value="94383782088751" />
  <attribute name="Time Running"value="4019"/>
  <attribute name="Number of cores"value="4"/>
</cycle-end>
<allocation-satisfied id="3979" threadId="0000000000ABB500" bytesRequested="40" />
<af-end id="3980" timestamp="2019-07-02T19:36:52.532" threadId="0000000000ABBE88" success="true" />
<exclusive-end id="3981" timestamp="2019-07-02T19:36:52.532" durationms="2.412" />

<concurrent-kickoff id="3982" timestamp="2019-07-02T19:36:52.537">
  <kickoff reason="threshold reached" targetBytes="1659993" thresholdFreeBytes="222360" remainingFree="193096" tenureFreeBytes="193096" />
</concurrent-kickoff>
<exclusive-start id="3983" timestamp="2019-07-02T19:36:52.538" intervalms="8.353">
  <response-info timems="0.019" idlems="0.019" threads="0" lastid="0000000000ABB500" lastname="Thread-9" />
</exclusive-start>
<cycle-start id="3984" type="global" contextid="0" timestamp="2019-07-02T19:36:52.538" intervalms="8.133" />
  <attribute name="GC Util" value="23" />
  <attribute name="CPU Util" value="94383782088751" />
  <attribute name="Time Running"value="4019"/>
  <attribute name="Number of cores"value="4"/>
<exclusive-end id="3985" timestamp="2019-07-02T19:36:52.538" durationms="0.116" />

<exclusive-start id="3986" timestamp="2019-07-02T19:36:52.542" intervalms="4.202">
  <response-info timems="0.059" idlems="0.032" threads="1" lastid="0000000000AB3D00" lastname="Thread-10" />
</exclusive-start>
<af-start id="3987" threadId="0000000000ABBE88" totalBytesRequested="40" timestamp="2019-07-02T19:36:52.542" intervalms="12.531" />
<concurrent-aborted id="3988" timestamp="2019-07-02T19:36:52.542">
  <reason value="insufficient progress made" />
</concurrent-aborted>
<cycle-end id="3989" type="global" contextid="3984" timestamp="2019-07-02T19:36:52.542">
  <attribute name="GC Util" value="23" />
  <attribute name="CPU Util" value="94383782088751" />
  <attribute name="Time Running"value="4019"/>
  <attribute name="Number of cores"value="4"/>
</cycle-end>
<cycle-start id="3990" type="global" contextid="0" timestamp="2019-07-02T19:36:52.542" intervalms="4.519" />
  <attribute name="GC Util" value="23" />
  <attribute name="CPU Util" value="94383782088751" />
  <attribute name="Time Running"value="4019"/>
  <attribute name="Number of cores"value="4"/>
<gc-start id="3991" type="global" contextid="3990" timestamp="2019-07-02T19:36:52.542">
  <mem-info id="3992" free="120864" total="13828096" percent="0">
    <mem type="tenure" free="120864" total="13828096" percent="0">
      <mem type="soa" free="0" total="13689856" percent="0" />
      <mem type="loa" free="120864" total="138240" percent="87" />
    </mem>
  </mem-info>
</gc-start>
<allocation-stats totalBytes="9523288" >
  <allocated-bytes non-tlh="0" tlh="9523288" />
  <largest-consumer threadName="Thread-10" threadId="0000000000AB3D00" bytes="2655200" />
</allocation-stats>
<gc-op id="3993" type="mark" timems="2.525" contextid="3990" timestamp="2019-07-02T19:36:52.545">
  <trace-info objectcount="65836" scancount="58265" scanbytes="2272060" />
  <finalization candidates="124" enqueued="0" />
  <ownableSynchronizers candidates="3" cleared="0" />
  <references type="soft" candidates="84" cleared="0" enqueued="0" dynamicThreshold="22" maxThreshold="32" />
  <references type="weak" candidates="776" cleared="0" enqueued="0" />
  <references type="phantom" candidates="63" cleared="0" enqueued="0" />
  <stringconstants candidates="4574" cleared="0"  />
</gc-op>
<gc-op id="3994" type="sweep" timems="1.077" contextid="3990" timestamp="2019-07-02T19:36:52.546" />
<heap-resize id="3995" type="contract" space="tenure" amount="131072" count="1" timems="0.104" reason="excess free space following gc" timestamp="2019-07-02T19:36:52.546" />
<gc-end id="3996" type="global" contextid="3990" durationms="4.073" usertimems="12.000" systemtimems="0.000" timestamp="2019-07-02T19:36:52.546" activeThreads="4">
  <mem-info id="3997" free="9363472" total="13697024" percent="68">
    <mem type="tenure" free="9363472" total="13697024" percent="68" micro-fragmented="18521">
      <mem type="soa" free="9363472" total="13560832" percent="69" />
      <mem type="loa" free="0" total="136192" percent="0" />
    </mem>
  </mem-info>
</gc-end>
<cycle-end id="3998" type="global" contextid="3990" timestamp="2019-07-02T19:36:52.546">
  <attribute name="GC Util" value="149" />
  <attribute name="CPU Util" value="22366874093734" />
  <attribute name="Time Running"value="4034"/>
  <attribute name="Number of cores"value="4"/>
</cycle-end>
<allocation-satisfied id="3999" threadId="0000000000ABB500" bytesRequested="40" />
<af-end id="4000" timestamp="2019-07-02T19:36:52.546" threadId="0000000000ABBE88" success="true" />
<exclusive-end id="4001" timestamp="2019-07-02T19:36:52.547" durationms="4.771" />

<concurrent-kickoff id="4002" timestamp="2019-07-02T19:36:52.555">
  <kickoff reason="threshold reached" targetBytes="1644259" thresholdFreeBytes="220251" remainingFree="220240" tenureFreeBytes="220240" />
</concurrent-kickoff>
<exclusive-start id="4003" timestamp="2019-07-02T19:36:52.555" intervalms="12.975">
  <response-info timems="0.081" idlems="0.049" threads="1" lastid="0000000000AB3D00" lastname="Thread-10" />
</exclusive-start>
<cycle-start id="4004" type="global" contextid="0" timestamp="2019-07-02T19:36:52.555" intervalms="12.644" />
  <attribute name="GC Util" value="149" />
  <attribute name="CPU Util" value="22366874093734" />
  <attribute name="Time Running"value="4034"/>
  <attribute name="Number of cores"value="4"/>
<exclusive-end id="4005" timestamp="2019-07-02T19:36:52.555" durationms="0.085" />

<exclusive-start id="4006" timestamp="2019-07-02T19:36:52.556" intervalms="1.503">
  <response-info timems="0.021" idlems="0.021" threads="0" lastid="0000000000AB0100" lastname="Thread-8" />
</exclusive-start>
<af-start id="4007" threadId="0000000000AB0A88" totalBytesRequested="40" timestamp="2019-07-02T19:36:52.556" intervalms="14.449" />
<gc-start id="4008" type="global" contextid="4004" timestamp="2019-07-02T19:36:52.556">
  <mem-info id="4009" free="0" total="13697024" percent="0">
    <mem type="tenure" free="0" total="13697024" percent="0">
      <mem type="soa" free="0" total="13560832" percent="0" />
      <mem type="loa" free="0" total="136192" percent="0" />
    </mem>
  </mem-info>
</gc-start>
<allocation-stats totalBytes="9352288" >
  <allocated-bytes non-tlh="0" tlh="9352288" />
  <largest-consumer threadName="Thread-7" threadId="0000000000AB7900" bytes="3207224" />
</allocation-stats>
<concurrent-halted id="4010" timestamp="2019-07-02T19:36:52.556">
  <halted state="Complete" status="exhausted" />
  <traced bytesTarget="1644259" bytesTotal="1855056" bytesByMutator="999972" bytesByHelper="855084" percent="112" />
  <cards cleaned="18" thresholdBytes="86765" />
</concurrent-halted>
<gc-op id="4011" type="card-cleaning" timems="0.438" contextid="4004" timestamp="2019-07-02T19:36:52.557">
  <card-cleaning cardsCleaned="7" bytesTraced="3316" workStackOverflowCount="0" />
</gc-op>
<gc-op id="4012" type="mark" timems="1.161" contextid="4004" timestamp="2019-07-02T19:36:52.558">
  <trace-info objectcount="11227" scancount="12089" scanbytes="466600" />
  <finalization candidates="124" enqueued="0" />
  <ownableSynchronizers candidates="3" cleared="0" />
  <references type="soft" candidates="84" cleared="0" enqueued="0" dynamicThreshold="21" maxThreshold="32" />
  <references type="weak" candidates="776" cleared="0" enqueued="0" />
  <references type="phantom" candidates="63" cleared="0" enqueued="0" />
  <stringconstants candidates="4574" cleared="0"  />
</gc-op>
<gc-op id="4013" type="sweep" timems="1.090" contextid="4004" timestamp="2019-07-02T19:36:52.559" />
<mem-info id="4014" free="9288016" total="13697024" percent="67">
  <mem type="tenure" free="9288016" total="13697024" percent="67" micro-fragmented="9472">
    <mem type="soa" free="9288016" total="13560832" percent="68" />
    <mem type="loa" free="0" total="136192" percent="0" />
  </mem>
</mem-info>
<gc-op id="4015" type="compact" timems="4.633" contextid="4004" timestamp="2019-07-02T19:36:52.564">
  <compact-info movecount="4125" movebytes="101912" reason="compact to aid heap contraction" />
</gc-op>
<heap-resize id="4016" type="contract" space="tenure" amount="131072" count="1" timems="0.068" reason="excess free space following gc" timestamp="2019-07-02T19:36:52.564" />
<gc-end id="4017" type="global" contextid="4004" durationms="7.940" usertimems="8.000" systemtimems="8.000" timestamp="2019-07-02T19:36:52.564" activeThreads="4">
  <mem-info id="4018" free="9308952" total="13565952" percent="68">
    <mem type="tenure" free="9308952" total="13565952" percent="68">
      <mem type="soa" free="9178904" total="13430784" percent="68" />
      <mem type="loa" free="130048" total="135168" percent="96" />
    </mem>
  </mem-info>
</gc-end>
<cycle-end id="4019" type="global" contextid="4004" timestamp="2019-07-02T19:36:52.564">
  <attribute name="GC Util" value="138" />
  <attribute name="CPU Util" value="39595908569873" />
  <attribute name="Time Running"value="4047"/>
  <attribute name="Number of cores"value="4"/>
</cycle-end>
<allocation-satisfied id="4020" threadId="0000000000AB0100" bytesRequested="40" />
<af-end id="4021" timestamp="2019-07-02T19:36:52.565" threadId="0000000000AB0A88" success="true" />
<exclusive-end id="4022" timestamp="2019-07-02T19:36:52.565" durationms="8.300" />

<concurrent-kickoff id="4023" timestamp="2019-07-02T19:36:52.572">
  <kickoff reason="threshold reached" targetBytes="1670353" thresholdFreeBytes="223847" remainingFree="215832" tenureFreeBytes="215832" />
</concurrent-kickoff>
<exclusive-start id="4024" timestamp="2019-07-02T19:36:52.572" intervalms="15.446">
  <response-info timems="0.033" idlems="0.033" threads="0" lastid="0000000000AB7900" lastname="Thread-7" />
</exclusive-start>
<cycle-start id="4025" type="global" contextid="0" timestamp="2019-07-02T19:36:52.572" intervalms="16.971" />
  <attribute name="GC Util" value="138" />
  <attribute name="CPU Util" value="39595908569873" />
  <attribute name="Time Running"value="4047"/>
  <attribute name="Number of cores"value="4"/>
<exclusive-end id="4026" timestamp="2019-07-02T19:36:52.572" durationms="0.129" />

<exclusive-start id="4027" timestamp="2019-07-02T19:36:52.572" intervalms="0.348">
  <response-info timems="0.024" idlems="0.024" threads="0" lastid="0000000000ABB500" lastname="Thread-9" />
</exclusive-start>
<af-start id="4028" threadId="0000000000ABBE88" totalBytesRequested="40" timestamp="2019-07-02T19:36:52.572" intervalms="15.816" />
<concurrent-aborted id="4029" timestamp="2019-07-02T19:36:52.572">
  <reason value="insufficient progress made" />
</concurrent-aborted>
<cycle-end id="4030" type="global" contextid="4025" timestamp="2019-07-02T19:36:52.572">
  <attribute name="GC Util" value="138" />
  <attribute name="CPU Util" value="39595908569873" />
  <attribute name="Time Running"value="4047"/>
  <attribute name="Number of cores"value="4"/>
</cycle-end>
<cycle-start id="4031" type="global" contextid="0" timestamp="2019-07-02T19:36:52.572" intervalms="0.517" />
  <attribute name="GC Util" value="138" />
  <attribute name="CPU Util" value="39595908569873" />
  <attribute name="Time Running"value="4047"/>
  <attribute name="Number of cores"value="4"/>
<gc-start id="4032" type="global" contextid="4031" timestamp="2019-07-02T19:36:52.572">
  <mem-info id="4033" free="130048" total="13565952" percent="0">
    <mem type="tenure" free="130048" total="13565952" percent="0">
      <mem type="soa" free="0" total="13430784" percent="0" />
      <mem type="loa" free="130048" total="135168" percent="96" />
    </mem>
  </mem-info>
</gc-start>
<allocation-stats totalBytes="9242960" >
  <allocated-bytes non-tlh="0" tlh="9242960" />
  <largest-consumer threadName="Thread-7" threadId="0000000000AB7900" bytes="3591448" />
</allocation-stats>
<gc-op id="4034" type="mark" timems="1.832" contextid="4031" timestamp="2019-07-02T19:36:52.574">
  <trace-info objectcount="67985" scancount="60413" scanbytes="2323580" />
  <finalization candidates="124" enqueued="0" />
  <ownableSynchronizers candidates="3" cleared="0" />
  <references type="soft" candidates="84" cleared="0" enqueued="0" dynamicThreshold="21" maxThreshold="32" />
  <references type="weak" candidates="776" cleared="0" enqueued="0" />
  <references type="phantom" candidates="63" cleared="0" enqueued="0" />
  <stringconstants candidates="4574" cleared="0"  />
</gc-op>
<gc-op id="4035" type="sweep" timems="1.066" contextid="4031" timestamp="2019-07-02T19:36:52.575" />
<heap-resize id="4036" type="contract" space="tenure" amount="131072" count="1" timems="0.098" reason="excess free space following gc" timestamp="2019-07-02T19:36:52.576" />
<gc-end id="4037" type="global" contextid="4031" durationms="3.387" usertimems="8.000" systemtimems="0.000" timestamp="2019-07-02T19:36:52.576" activeThreads="4">
  <mem-info id="4038" free="9065352" total="13434880" percent="67">
    <mem type="tenure" free="9065352" total="13434880" percent="67" micro-fragmented="18758">
      <mem type="soa" free="9065352" total="13300736" percent="68" />
      <mem type="loa" free="0" total="134144" percent="0" />
    </mem>
  </mem-info>
</gc-end>
<cycle-end id="4039" type="global" contextid="4031" timestamp="2019-07-02T19:36:52.576">
  <attribute name="GC Util" value="123" />
  <attribute name="CPU Util" value="22750024854984" />
  <attribute name="Time Running"value="4063"/>
  <attribute name="Number of cores"value="4"/>
</cycle-end>
<allocation-satisfied id="4040" threadId="0000000000ABB500" bytesRequested="40" />
<af-end id="4041" timestamp="2019-07-02T19:36:52.576" threadId="0000000000ABBE88" success="true" />
<exclusive-end id="4042" timestamp="2019-07-02T19:36:52.576" durationms="3.946" />

<concurrent-kickoff id="4043" timestamp="2019-07-02T19:36:52.583">
  <kickoff reason="threshold reached" targetBytes="1654213" thresholdFreeBytes="221685" remainingFree="219568" tenureFreeBytes="219568" />
</concurrent-kickoff>
<exclusive-start id="4044" timestamp="2019-07-02T19:36:52.584" intervalms="11.481">
  <response-info timems="0.069" idlems="0.044" threads="1" lastid="0000000000AB3D00" lastname="Thread-10" />
</exclusive-start>
<cycle-start id="4045" type="global" contextid="0" timestamp="2019-07-02T19:36:52.584" intervalms="11.308" />
  <attribute name="GC Util" value="123" />
  <attribute name="CPU Util" value="22750024854984" />
  <attribute name="Time Running"value="4063"/>
  <attribute name="Number of cores"value="4"/>
<exclusive-end id="4046" timestamp="2019-07-02T19:36:52.584" durationms="0.120" />

<exclusive-start id="4047" timestamp="2019-07-02T19:36:52.584" intervalms="0.869">
  <response-info timems="0.049" idlems="0.049" threads="0" lastid="0000000000AB7900" lastname="Thread-7" />
</exclusive-start>
<af-start id="4048" threadId="0000000000AB8288" totalBytesRequested="24" timestamp="2019-07-02T19:36:52.584" intervalms="12.343" />
<gc-start id="4049" type="global" contextid="4045" timestamp="2019-07-02T19:36:52.585">
  <mem-info id="4050" free="0" total="13434880" percent="0">
    <mem type="tenure" free="0" total="13434880" percent="0">
      <mem type="soa" free="0" total="13300736" percent="0" />
      <mem type="loa" free="0" total="134144" percent="0" />
    </mem>
  </mem-info>
</gc-start>
<allocation-stats totalBytes="9059664" >
  <allocated-bytes non-tlh="0" tlh="9059664" />
  <largest-consumer threadName="Thread-7" threadId="0000000000AB7900" bytes="3344192" />
</allocation-stats>
<concurrent-halted id="4051" timestamp="2019-07-02T19:36:52.585">
  <halted state="Class scanning incomplete" status="clean trace" />
  <traced bytesTarget="1654213" bytesTotal="1335816" bytesByMutator="688120" bytesByHelper="647696" percent="80" />
  <cards cleaned="0" thresholdBytes="87330" />
</concurrent-halted>
<gc-op id="4052" type="tracing" timems="0.336" contextid="4045" timestamp="2019-07-02T19:36:52.585">
  <trace bytesTraced="61648" workStackOverflowCount="0" />
</gc-op>
<gc-op id="4053" type="card-cleaning" timems="0.270" contextid="4045" timestamp="2019-07-02T19:36:52.585">
  <card-cleaning cardsCleaned="35" bytesTraced="26660" workStackOverflowCount="0" />
</gc-op>
<gc-op id="4054" type="mark" timems="1.545" contextid="4045" timestamp="2019-07-02T19:36:52.587">
  <trace-info objectcount="28586" scancount="24437" scanbytes="860028" />
  <finalization candidates="124" enqueued="0" />
  <ownableSynchronizers candidates="3" cleared="0" />
  <references type="soft" candidates="84" cleared="0" enqueued="0" dynamicThreshold="21" maxThreshold="32" />
  <references type="weak" candidates="776" cleared="0" enqueued="0" />
  <references type="phantom" candidates="63" cleared="0" enqueued="0" />
  <stringconstants candidates="4574" cleared="0"  />
</gc-op>
<gc-op id="4055" type="sweep" timems="0.785" contextid="4045" timestamp="2019-07-02T19:36:52.588" />
<heap-resize id="4056" type="contract" space="tenure" amount="131072" count="1" timems="0.058" reason="excess free space following gc" timestamp="2019-07-02T19:36:52.588" />
<gc-end id="4057" type="global" contextid="4045" durationms="3.477" usertimems="12.000" systemtimems="0.000" timestamp="2019-07-02T19:36:52.588" activeThreads="4">
  <mem-info id="4058" free="8897888" total="13303808" percent="66">
    <mem type="tenure" free="8897888" total="13303808" percent="66" micro-fragmented="84994">
      <mem type="soa" free="8897888" total="13171712" percent="67" />
      <mem type="loa" free="0" total="132096" percent="0" />
    </mem>
  </mem-info>
</gc-end>
<cycle-end id="4059" type="global" contextid="4045" timestamp="2019-07-02T19:36:52.588">
  <attribute name="GC Util" value="182" />
  <attribute name="CPU Util" value="34200600892573" />
  <attribute name="Time Running"value="4076"/>
  <attribute name="Number of cores"value="4"/>
</cycle-end>
<allocation-satisfied id="4060" threadId="0000000000AB7900" bytesRequested="24" />
<af-end id="4061" timestamp="2019-07-02T19:36:52.588" threadId="0000000000AB8288" success="true" />
<exclusive-end id="4062" timestamp="2019-07-02T19:36:52.588" durationms="3.834" />

<concurrent-kickoff id="4063" timestamp="2019-07-02T19:36:52.595">
  <kickoff reason="threshold reached" targetBytes="1620205" thresholdFreeBytes="217170" remainingFree="215960" tenureFreeBytes="215960" />
</concurrent-kickoff>
<exclusive-start id="4064" timestamp="2019-07-02T19:36:52.595" intervalms="11.044">
  <response-info timems="0.065" idlems="0.037" threads="1" lastid="0000000000AB7900" lastname="Thread-7" />
</exclusive-start>
<cycle-start id="4065" type="global" contextid="0" timestamp="2019-07-02T19:36:52.595" intervalms="11.900" />
  <attribute name="GC Util" value="182" />
  <attribute name="CPU Util" value="34200600892573" />
  <attribute name="Time Running"value="4076"/>
  <attribute name="Number of cores"value="4"/>
<exclusive-end id="4066" timestamp="2019-07-02T19:36:52.596" durationms="0.098" />

<exclusive-start id="4067" timestamp="2019-07-02T19:36:52.597" intervalms="1.075">
  <response-info timems="0.028" idlems="0.028" threads="0" lastid="0000000000AB7900" lastname="Thread-7" />
</exclusive-start>
<af-start id="4068" threadId="0000000000AB8288" totalBytesRequested="40" timestamp="2019-07-02T19:36:52.597" intervalms="12.117" />
<gc-start id="4069" type="global" contextid="4065" timestamp="2019-07-02T19:36:52.597">
  <mem-info id="4070" free="0" total="13303808" percent="0">
    <mem type="tenure" free="0" total="13303808" percent="0">
      <mem type="soa" free="0" total="13171712" percent="0" />
      <mem type="loa" free="0" total="132096" percent="0" />
    </mem>
  </mem-info>
</gc-start>
<allocation-stats totalBytes="8891184" >
  <allocated-bytes non-tlh="0" tlh="8891184" />
  <largest-consumer threadName="Thread-7" threadId="0000000000AB7900" bytes="3151296" />
</allocation-stats>
<concurrent-halted id="4071" timestamp="2019-07-02T19:36:52.597">
  <halted state="Tracing incomplete" status="clean trace" />
  <traced bytesTarget="1620205" bytesTotal="1703492" bytesByMutator="1703492" bytesByHelper="0" percent="105" />
  <cards cleaned="32" thresholdBytes="85551" />
</concurrent-halted>
<gc-op id="4072" type="tracing" timems="0.284" contextid="4065" timestamp="2019-07-02T19:36:52.597">
  <trace bytesTraced="25200" workStackOverflowCount="0" />
</gc-op>
<gc-op id="4073" type="card-cleaning" timems="0.271" contextid="4065" timestamp="2019-07-02T19:36:52.597">
  <card-cleaning cardsCleaned="15" bytesTraced="5596" workStackOverflowCount="0" />
</gc-op>
<gc-op id="4074" type="mark" timems="1.727" contextid="4065" timestamp="2019-07-02T19:36:52.599">
  <trace-info objectcount="24288" scancount="19576" scanbytes="620584" />
  <finalization candidates="124" enqueued="0" />
  <ownableSynchronizers candidates="3" cleared="0" />
  <references type="soft" candidates="84" cleared="0" enqueued="0" dynamicThreshold="21" maxThreshold="32" />
  <references type="weak" candidates="776" cleared="0" enqueued="0" />
  <references type="phantom" candidates="63" cleared="0" enqueued="0" />
  <stringconstants candidates="4574" cleared="0"  />
</gc-op>
<gc-op id="4075" type="sweep" timems="1.019" contextid="4065" timestamp="2019-07-02T19:36:52.600" />
<mem-info id="4076" free="8785784" total="13303808" percent="66">
  <mem type="tenure" free="8785784" total="13303808" percent="66" micro-fragmented="50832">
    <mem type="soa" free="8785784" total="13171712" percent="66" />
    <mem type="loa" free="0" total="132096" percent="0" />
  </mem>
</mem-info>
<gc-op id="4077" type="compact" timems="5.843" contextid="4065" timestamp="2019-07-02T19:36:52.606">
  <compact-info movecount="28715" movebytes="1242152" reason="compact to aid heap contraction" />
</gc-op>
<heap-resize id="4078" type="contract" space="tenure" amount="131072" count="1" timems="0.082" reason="excess free space following gc" timestamp="2019-07-02T19:36:52.607" />
<gc-end id="4079" type="global" contextid="4065" durationms="10.074" usertimems="28.000" systemtimems="0.000" timestamp="2019-07-02T19:36:52.607" activeThreads="4">
  <mem-info id="4080" free="8873872" total="13172736" percent="67">
    <mem type="tenure" free="8873872" total="13172736" percent="67">
      <mem type="soa" free="8743824" total="13041664" percent="67" />
      <mem type="loa" free="130048" total="131072" percent="99" />
    </mem>
  </mem-info>
</gc-end>
<cycle-end id="4081" type="global" contextid="4065" timestamp="2019-07-02T19:36:52.607">
  <attribute name="GC Util" value="145" />
  <attribute name="CPU Util" value="40950176043505" />
  <attribute name="Time Running"value="4088"/>
  <attribute name="Number of cores"value="4"/>
</cycle-end>
<allocation-satisfied id="4082" threadId="0000000000AB7900" bytesRequested="40" />
<af-end id="4083" timestamp="2019-07-02T19:36:52.607" threadId="0000000000AB8288" success="true" />
<exclusive-end id="4084" timestamp="2019-07-02T19:36:52.607" durationms="10.720" />

<concurrent-kickoff id="4085" timestamp="2019-07-02T19:36:52.614">
  <kickoff reason="threshold reached" targetBytes="1675365" thresholdFreeBytes="224387" remainingFree="173968" tenureFreeBytes="173968" />
</concurrent-kickoff>
<exclusive-start id="4086" timestamp="2019-07-02T19:36:52.615" intervalms="18.056">
  <response-info timems="0.035" idlems="0.019" threads="1" lastid="0000000000AB3D00" lastname="Thread-10" />
</exclusive-start>
<cycle-start id="4087" type="global" contextid="0" timestamp="2019-07-02T19:36:52.615" intervalms="19.144" />
  <attribute name="GC Util" value="145" />
  <attribute name="CPU Util" value="40950176043505" />
  <attribute name="Time Running"value="4088"/>
  <attribute name="Number of cores"value="4"/>
<exclusive-end id="4088" timestamp="2019-07-02T19:36:52.615" durationms="0.167" />

<exclusive-start id="4089" timestamp="2019-07-02T19:36:52.615" intervalms="0.428">
  <response-info timems="0.025" idlems="0.025" threads="0" lastid="0000000000AB7900" lastname="Thread-7" />
</exclusive-start>
<af-start id="4090" threadId="0000000000AB8288" totalBytesRequested="40" timestamp="2019-07-02T19:36:52.615" intervalms="18.482" />
<concurrent-aborted id="4091" timestamp="2019-07-02T19:36:52.615">
  <reason value="insufficient progress made" />
</concurrent-aborted>
<cycle-end id="4092" type="global" contextid="4087" timestamp="2019-07-02T19:36:52.615">
  <attribute name="GC Util" value="145" />
  <attribute name="CPU Util" value="40950176043505" />
  <attribute name="Time Running"value="4088"/>
  <attribute name="Number of cores"value="4"/>
</cycle-end>
<cycle-start id="4093" type="global" contextid="0" timestamp="2019-07-02T19:36:52.615" intervalms="0.607" />
  <attribute name="GC Util" value="145" />
  <attribute name="CPU Util" value="40950176043505" />
  <attribute name="Time Running"value="4088"/>
  <attribute name="Number of cores"value="4"/>
<gc-start id="4094" type="global" contextid="4093" timestamp="2019-07-02T19:36:52.615">
  <mem-info id="4095" free="130048" total="13172736" percent="0">
    <mem type="tenure" free="130048" total="13172736" percent="0">
      <mem type="soa" free="0" total="13041664" percent="0" />
      <mem type="loa" free="130048" total="131072" percent="99" />
    </mem>
  </mem-info>
</gc-start>
<allocation-stats totalBytes="8808080" >
  <allocated-bytes non-tlh="0" tlh="8808080" />
  <largest-consumer threadName="Thread-7" threadId="0000000000AB7900" bytes="3374616" />
</allocation-stats>
<gc-op id="4096" type="mark" timems="2.119" contextid="4093" timestamp="2019-07-02T19:36:52.618">
  <trace-info objectcount="65761" scancount="58191" scanbytes="2269956" />
  <finalization candidates="124" enqueued="0" />
  <ownableSynchronizers candidates="3" cleared="0" />
  <references type="soft" candidates="84" cleared="0" enqueued="0" dynamicThreshold="21" maxThreshold="32" />
  <references type="weak" candidates="776" cleared="0" enqueued="0" />
  <references type="phantom" candidates="63" cleared="0" enqueued="0" />
  <stringconstants candidates="4574" cleared="0"  />
</gc-op>
<gc-op id="4097" type="sweep" timems="0.944" contextid="4093" timestamp="2019-07-02T19:36:52.619" />
<heap-resize id="4098" type="contract" space="tenure" amount="65536" count="1" timems="0.072" reason="excess free space following gc" timestamp="2019-07-02T19:36:52.619" />
<gc-end id="4099" type="global" contextid="4093" durationms="3.515" usertimems="12.000" systemtimems="0.000" timestamp="2019-07-02T19:36:52.619" activeThreads="4">
  <mem-info id="4100" free="8784240" total="13107200" percent="67">
    <mem type="tenure" free="8784240" total="13107200" percent="67" micro-fragmented="81856">
      <mem type="soa" free="8718704" total="12976128" percent="67" />
      <mem type="loa" free="65536" total="131072" percent="50" />
    </mem>
  </mem-info>
</gc-end>
<cycle-end id="4101" type="global" contextid="4093" timestamp="2019-07-02T19:36:52.619">
  <attribute name="GC Util" value="183" />
  <attribute name="CPU Util" value="26268843782159" />
  <attribute name="Time Running"value="4106"/>
  <attribute name="Number of cores"value="4"/>
</cycle-end>
<allocation-satisfied id="4102" threadId="0000000000AB7900" bytesRequested="40" />
<af-end id="4103" timestamp="2019-07-02T19:36:52.619" threadId="0000000000AB8288" success="true" />
<exclusive-end id="4104" timestamp="2019-07-02T19:36:52.619" durationms="4.044" />

<concurrent-kickoff id="4105" timestamp="2019-07-02T19:36:52.626">
  <kickoff reason="threshold reached" targetBytes="1667030" thresholdFreeBytes="223271" remainingFree="221704" tenureFreeBytes="221704" />
</concurrent-kickoff>
<exclusive-start id="4106" timestamp="2019-07-02T19:36:52.626" intervalms="11.473">
  <response-info timems="0.077" idlems="0.049" threads="1" lastid="0000000000AB7900" lastname="Thread-7" />
</exclusive-start>
<cycle-start id="4107" type="global" contextid="0" timestamp="2019-07-02T19:36:52.627" intervalms="11.280" />
  <attribute name="GC Util" value="183" />
  <attribute name="CPU Util" value="26268843782159" />
  <attribute name="Time Running"value="4106"/>
  <attribute name="Number of cores"value="4"/>
<exclusive-end id="4108" timestamp="2019-07-02T19:36:52.627" durationms="0.094" />

<exclusive-start id="4109" timestamp="2019-07-02T19:36:52.627" intervalms="0.657">
  <response-info timems="0.025" idlems="0.018" threads="1" lastid="0000000000AB0100" lastname="Thread-8" />
</exclusive-start>
<af-start id="4110" threadId="0000000000AB8288" totalBytesRequested="40" timestamp="2019-07-02T19:36:52.627" intervalms="12.131" />
<gc-start id="4111" type="global" contextid="4107" timestamp="2019-07-02T19:36:52.627">
  <mem-info id="4112" free="65536" total="13107200" percent="0">
    <mem type="tenure" free="65536" total="13107200" percent="0">
      <mem type="soa" free="0" total="12976128" percent="0" />
      <mem type="loa" free="65536" total="131072" percent="50" />
    </mem>
  </mem-info>
</gc-start>
<allocation-stats totalBytes="8713120" >
  <allocated-bytes non-tlh="0" tlh="8713120" />
  <largest-consumer threadName="Thread-7" threadId="0000000000AB7900" bytes="3221472" />
</allocation-stats>
<concurrent-halted id="4113" timestamp="2019-07-02T19:36:52.627">
  <halted state="Class scanning incomplete" status="clean trace" />
  <traced bytesTarget="1667030" bytesTotal="1105532" bytesByMutator="643308" bytesByHelper="462224" percent="66" />
  <cards cleaned="0" thresholdBytes="87955" />
</concurrent-halted>
<gc-op id="4114" type="tracing" timems="0.442" contextid="4107" timestamp="2019-07-02T19:36:52.628">
  <trace bytesTraced="380632" workStackOverflowCount="0" />
</gc-op>
<gc-op id="4115" type="card-cleaning" timems="0.262" contextid="4107" timestamp="2019-07-02T19:36:52.628">
  <card-cleaning cardsCleaned="21" bytesTraced="20272" workStackOverflowCount="0" />
</gc-op>
<gc-op id="4116" type="mark" timems="2.124" contextid="4107" timestamp="2019-07-02T19:36:52.630">
  <trace-info objectcount="29084" scancount="24564" scanbytes="851408" />
  <finalization candidates="124" enqueued="0" />
  <ownableSynchronizers candidates="3" cleared="0" />
  <references type="soft" candidates="84" cleared="0" enqueued="0" dynamicThreshold="21" maxThreshold="32" />
  <references type="weak" candidates="776" cleared="0" enqueued="0" />
  <references type="phantom" candidates="63" cleared="0" enqueued="0" />
  <stringconstants candidates="4574" cleared="0"  />
</gc-op>
<gc-op id="4117" type="sweep" timems="0.901" contextid="4107" timestamp="2019-07-02T19:36:52.631" />
<heap-resize id="4118" type="contract" space="tenure" amount="65536" count="1" timems="0.087" reason="excess free space following gc" timestamp="2019-07-02T19:36:52.632" />
<gc-end id="4119" type="global" contextid="4107" durationms="4.378" usertimems="12.000" systemtimems="0.000" timestamp="2019-07-02T19:36:52.632" activeThreads="4">
  <mem-info id="4120" free="8531448" total="13041664" percent="65">
    <mem type="tenure" free="8531448" total="13041664" percent="65" micro-fragmented="125986">
      <mem type="soa" free="8531448" total="12911616" percent="66" />
      <mem type="loa" free="0" total="130048" percent="0" />
    </mem>
  </mem-info>
</gc-end>
<cycle-end id="4121" type="global" contextid="4107" timestamp="2019-07-02T19:36:52.632">
  <attribute name="GC Util" value="155" />
  <attribute name="CPU Util" value="28745917436220" />
  <attribute name="Time Running"value="4119"/>
  <attribute name="Number of cores"value="4"/>
</cycle-end>
<allocation-satisfied id="4122" threadId="0000000000AB7900" bytesRequested="40" />
<af-end id="4123" timestamp="2019-07-02T19:36:52.632" threadId="0000000000AB8288" success="true" />
<exclusive-end id="4124" timestamp="2019-07-02T19:36:52.632" durationms="4.772" />

<concurrent-kickoff id="4125" timestamp="2019-07-02T19:36:52.643">
  <kickoff reason="threshold reached" targetBytes="1586651" thresholdFreeBytes="212677" remainingFree="210136" tenureFreeBytes="210136" />
</concurrent-kickoff>
<exclusive-start id="4126" timestamp="2019-07-02T19:36:52.643" intervalms="15.736">
  <response-info timems="0.063" idlems="0.035" threads="1" lastid="0000000000AB7900" lastname="Thread-7" />
</exclusive-start>
<cycle-start id="4127" type="global" contextid="0" timestamp="2019-07-02T19:36:52.643" intervalms="16.395" />
  <attribute name="GC Util" value="155" />
  <attribute name="CPU Util" value="28745917436220" />
  <attribute name="Time Running"value="4119"/>
  <attribute name="Number of cores"value="4"/>
<exclusive-end id="4128" timestamp="2019-07-02T19:36:52.643" durationms="0.109" />

<exclusive-start id="4129" timestamp="2019-07-02T19:36:52.645" intervalms="1.883">
  <response-info timems="0.022" idlems="0.022" threads="0" lastid="0000000000AB0100" lastname="Thread-8" />
</exclusive-start>
<concurrent-collection-start id="4130" timestamp="2019-07-02T19:36:52.645" intervalms="530.523" >
  <concurrent-trace-info reason="card cleaning threshold reached" tracedByMutators="406936" tracedByHelpers="1220748" cardsCleaned="57" workStackOverflowCount="0" />
</concurrent-collection-start>
<gc-start id="4131" type="global" contextid="4127" timestamp="2019-07-02T19:36:52.645">
  <mem-info id="4132" free="0" total="13041664" percent="0">
    <mem type="tenure" free="0" total="13041664" percent="0">
      <mem type="soa" free="0" total="12911616" percent="0" />
      <mem type="loa" free="0" total="130048" percent="0" />
    </mem>
  </mem-info>
</gc-start>
<allocation-stats totalBytes="8519168" >
  <allocated-bytes non-tlh="0" tlh="8519168" />
  <largest-consumer threadName="Thread-8" threadId="0000000000AB0100" bytes="4000552" />
</allocation-stats>
<gc-op id="4133" type="card-cleaning" timems="0.288" contextid="4127" timestamp="2019-07-02T19:36:52.645">
  <card-cleaning cardsCleaned="4" bytesTraced="2556" workStackOverflowCount="0" />
</gc-op>
<gc-op id="4134" type="mark" timems="1.338" contextid="4127" timestamp="2019-07-02T19:36:52.647">
  <trace-info objectcount="19357" scancount="20199" scanbytes="799316" />
  <finalization candidates="124" enqueued="0" />
  <ownableSynchronizers candidates="3" cleared="0" />
  <references type="soft" candidates="84" cleared="0" enqueued="0" dynamicThreshold="20" maxThreshold="32" />
  <references type="weak" candidates="776" cleared="0" enqueued="0" />
  <references type="phantom" candidates="63" cleared="0" enqueued="0" />
  <stringconstants candidates="4574" cleared="0"  />
</gc-op>
<gc-op id="4135" type="sweep" timems="0.918" contextid="4127" timestamp="2019-07-02T19:36:52.648" />
<mem-info id="4136" free="8544920" total="13041664" percent="65">
  <mem type="tenure" free="8544920" total="13041664" percent="65" micro-fragmented="122541">
    <mem type="soa" free="8447928" total="12911616" percent="65" />
    <mem type="loa" free="96992" total="130048" percent="74" />
  </mem>
</mem-info>
<gc-op id="4137" type="compact" timems="6.055" contextid="4127" timestamp="2019-07-02T19:36:52.654">
  <compact-info movecount="30454" movebytes="1283376" reason="compact to aid heap contraction" />
</gc-op>
<heap-resize id="4138" type="contract" space="tenure" amount="65536" count="1" timems="0.080" reason="excess free space following gc" timestamp="2019-07-02T19:36:52.654" />
<gc-end id="4139" type="global" contextid="4127" durationms="9.096" usertimems="20.000" systemtimems="4.000" timestamp="2019-07-02T19:36:52.654" activeThreads="4">
  <mem-info id="4140" free="8570864" total="12976128" percent="66">
    <mem type="tenure" free="8570864" total="12976128" percent="66">
      <mem type="soa" free="8570864" total="12847104" percent="66" />
      <mem type="loa" free="0" total="129024" percent="0" />
    </mem>
  </mem-info>
</gc-end>
<cycle-end id="4141" type="global" contextid="4127" timestamp="2019-07-02T19:36:52.654">
  <attribute name="GC Util" value="116" />
  <attribute name="CPU Util" value="45822564327456" />
  <attribute name="Time Running"value="4136"/>
  <attribute name="Number of cores"value="4"/>
</cycle-end>
<concurrent-collection-end id="4142" timestamp="2019-07-02T19:36:52.654" />
<exclusive-end id="4143" timestamp="2019-07-02T19:36:52.654" durationms="9.349" />

<concurrent-kickoff id="4144" timestamp="2019-07-02T19:36:52.664">
  <kickoff reason="threshold reached" targetBytes="1572219" thresholdFreeBytes="212807" remainingFree="165872" tenureFreeBytes="165872" />
</concurrent-kickoff>
<exclusive-start id="4145" timestamp="2019-07-02T19:36:52.664" intervalms="19.753">
  <response-info timems="0.034" idlems="0.034" threads="0" lastid="0000000000AB0100" lastname="Thread-8" />
</exclusive-start>
<cycle-start id="4146" type="global" contextid="0" timestamp="2019-07-02T19:36:52.665" intervalms="21.640" />
  <attribute name="GC Util" value="116" />
  <attribute name="CPU Util" value="45822564327456" />
  <attribute name="Time Running"value="4136"/>
  <attribute name="Number of cores"value="4"/>
<exclusive-end id="4147" timestamp="2019-07-02T19:36:52.665" durationms="0.113" />

<exclusive-start id="4148" timestamp="2019-07-02T19:36:52.665" intervalms="0.709">
  <response-info timems="0.145" idlems="0.080" threads="1" lastid="0000000000AB0100" lastname="Thread-8" />
</exclusive-start>
<af-start id="4149" threadId="0000000000AB4688" totalBytesRequested="40" timestamp="2019-07-02T19:36:52.665" intervalms="38.094" />
<concurrent-aborted id="4150" timestamp="2019-07-02T19:36:52.665">
  <reason value="insufficient progress made" />
</concurrent-aborted>
<cycle-end id="4151" type="global" contextid="4146" timestamp="2019-07-02T19:36:52.665">
  <attribute name="GC Util" value="116" />
  <attribute name="CPU Util" value="45822564327456" />
  <attribute name="Time Running"value="4136"/>
  <attribute name="Number of cores"value="4"/>
</cycle-end>
<cycle-start id="4152" type="global" contextid="0" timestamp="2019-07-02T19:36:52.665" intervalms="0.904" />
  <attribute name="GC Util" value="116" />
  <attribute name="CPU Util" value="45822564327456" />
  <attribute name="Time Running"value="4136"/>
  <attribute name="Number of cores"value="4"/>
<gc-start id="4153" type="global" contextid="4152" timestamp="2019-07-02T19:36:52.666">
  <mem-info id="4154" free="0" total="12976128" percent="0">
    <mem type="tenure" free="0" total="12976128" percent="0">
      <mem type="soa" free="0" total="12847104" percent="0" />
      <mem type="loa" free="0" total="129024" percent="0" />
    </mem>
  </mem-info>
</gc-start>
<allocation-stats totalBytes="8569560" >
  <allocated-bytes non-tlh="0" tlh="8569560" />
  <largest-consumer threadName="Thread-8" threadId="0000000000AB0100" bytes="4072896" />
</allocation-stats>
<gc-op id="4155" type="mark" timems="2.439" contextid="4152" timestamp="2019-07-02T19:36:52.668">
  <trace-info objectcount="72264" scancount="64694" scanbytes="2426044" />
  <finalization candidates="124" enqueued="0" />
  <ownableSynchronizers candidates="3" cleared="0" />
  <references type="soft" candidates="84" cleared="0" enqueued="0" dynamicThreshold="21" maxThreshold="32" />
  <references type="weak" candidates="776" cleared="0" enqueued="0" />
  <references type="phantom" candidates="63" cleared="0" enqueued="0" />
  <stringconstants candidates="4574" cleared="0"  />
</gc-op>
<gc-op id="4156" type="sweep" timems="1.025" contextid="4152" timestamp="2019-07-02T19:36:52.669" />
<heap-resize id="4157" type="contract" space="tenure" amount="65536" count="1" timems="0.093" reason="excess free space following gc" timestamp="2019-07-02T19:36:52.669" />
<gc-end id="4158" type="global" contextid="4152" durationms="3.916" usertimems="4.000" systemtimems="12.000" timestamp="2019-07-02T19:36:52.669" activeThreads="4">
  <mem-info id="4159" free="8431432" total="12910592" percent="65">
    <mem type="tenure" free="8431432" total="12910592" percent="65" micro-fragmented="7975">
      <mem type="soa" free="8431432" total="12781568" percent="65" />
      <mem type="loa" free="0" total="129024" percent="0" />
    </mem>
  </mem-info>
</gc-end>
<cycle-end id="4160" type="global" contextid="4152" timestamp="2019-07-02T19:36:52.670">
  <attribute name="GC Util" value="178" />
  <attribute name="CPU Util" value="24864593977808" />
  <attribute name="Time Running"value="4157"/>
  <attribute name="Number of cores"value="4"/>
</cycle-end>
<allocation-satisfied id="4161" threadId="0000000000AB3D00" bytesRequested="40" />
<af-end id="4162" timestamp="2019-07-02T19:36:52.670" threadId="0000000000AB4688" success="true" />
<exclusive-end id="4163" timestamp="2019-07-02T19:36:52.670" durationms="4.466" />

<concurrent-kickoff id="4164" timestamp="2019-07-02T19:36:52.683">
  <kickoff reason="threshold reached" targetBytes="1564279" thresholdFreeBytes="211732" remainingFree="197944" tenureFreeBytes="197944" />
</concurrent-kickoff>
<exclusive-start id="4165" timestamp="2019-07-02T19:36:52.683" intervalms="17.516">
  <response-info timems="0.063" idlems="0.037" threads="1" lastid="0000000000AB7900" lastname="Thread-7" />
</exclusive-start>
<cycle-start id="4166" type="global" contextid="0" timestamp="2019-07-02T19:36:52.683" intervalms="17.318" />
  <attribute name="GC Util" value="178" />
  <attribute name="CPU Util" value="24864593977808" />
  <attribute name="Time Running"value="4157"/>
  <attribute name="Number of cores"value="4"/>
<exclusive-end id="4167" timestamp="2019-07-02T19:36:52.683" durationms="0.096" />

<exclusive-start id="4168" timestamp="2019-07-02T19:36:52.684" intervalms="1.413">
  <response-info timems="0.052" idlems="0.052" threads="0" lastid="0000000000AB0100" lastname="Thread-8" />
</exclusive-start>
<af-start id="4169" threadId="0000000000AB0A88" totalBytesRequested="24" timestamp="2019-07-02T19:36:52.684" intervalms="18.910" />
<gc-start id="4170" type="global" contextid="4166" timestamp="2019-07-02T19:36:52.684">
  <mem-info id="4171" free="0" total="12910592" percent="0">
    <mem type="tenure" free="0" total="12910592" percent="0">
      <mem type="soa" free="0" total="12781568" percent="0" />
      <mem type="loa" free="0" total="129024" percent="0" />
    </mem>
  </mem-info>
</gc-start>
<allocation-stats totalBytes="8426672" >
  <allocated-bytes non-tlh="0" tlh="8426672" />
  <largest-consumer threadName="Thread-8" threadId="0000000000AB0100" bytes="5045280" />
</allocation-stats>
<concurrent-halted id="4172" timestamp="2019-07-02T19:36:52.684">
  <halted state="Tracing incomplete" status="clean trace" />
  <traced bytesTarget="1564279" bytesTotal="1694008" bytesByMutator="882836" bytesByHelper="811172" percent="108" />
  <cards cleaned="6" thresholdBytes="83409" />
</concurrent-halted>
<gc-op id="4173" type="tracing" timems="0.283" contextid="4166" timestamp="2019-07-02T19:36:52.685">
  <trace bytesTraced="156808" workStackOverflowCount="0" />
</gc-op>
<gc-op id="4174" type="card-cleaning" timems="0.414" contextid="4166" timestamp="2019-07-02T19:36:52.685">
  <card-cleaning cardsCleaned="3" bytesTraced="2676" workStackOverflowCount="0" />
</gc-op>
<gc-op id="4175" type="mark" timems="1.727" contextid="4166" timestamp="2019-07-02T19:36:52.687">
  <trace-info objectcount="10968" scancount="11812" scanbytes="463436" />
  <finalization candidates="124" enqueued="0" />
  <ownableSynchronizers candidates="3" cleared="0" />
  <references type="soft" candidates="84" cleared="0" enqueued="0" dynamicThreshold="20" maxThreshold="32" />
  <references type="weak" candidates="776" cleared="0" enqueued="0" />
  <references type="phantom" candidates="63" cleared="0" enqueued="0" />
  <stringconstants candidates="4574" cleared="0"  />
</gc-op>
<gc-op id="4176" type="sweep" timems="1.145" contextid="4166" timestamp="2019-07-02T19:36:52.688" />
<heap-resize id="4177" type="contract" space="tenure" amount="65536" count="1" timems="0.106" reason="excess free space following gc" timestamp="2019-07-02T19:36:52.688" />
<gc-end id="4178" type="global" contextid="4166" durationms="4.187" usertimems="8.000" systemtimems="0.000" timestamp="2019-07-02T19:36:52.688" activeThreads="4">
  <mem-info id="4179" free="8422160" total="12845056" percent="65">
    <mem type="tenure" free="8422160" total="12845056" percent="65" micro-fragmented="93714">
      <mem type="soa" free="8422160" total="12717056" percent="66" />
      <mem type="loa" free="0" total="128000" percent="0" />
    </mem>
  </mem-info>
</gc-end>
<cycle-end id="4180" type="global" contextid="4166" timestamp="2019-07-02T19:36:52.689">
  <attribute name="GC Util" value="142" />
  <attribute name="CPU Util" value="20937607284388" />
  <attribute name="Time Running"value="4176"/>
  <attribute name="Number of cores"value="4"/>
</cycle-end>
<allocation-satisfied id="4181" threadId="0000000000AB0100" bytesRequested="24" />
<af-end id="4182" timestamp="2019-07-02T19:36:52.689" threadId="0000000000AB0A88" success="true" />
<exclusive-end id="4183" timestamp="2019-07-02T19:36:52.689" durationms="4.592" />

<concurrent-kickoff id="4184" timestamp="2019-07-02T19:36:52.695">
  <kickoff reason="threshold reached" targetBytes="1619798" thresholdFreeBytes="219089" remainingFree="205864" tenureFreeBytes="205864" />
</concurrent-kickoff>
<exclusive-start id="4185" timestamp="2019-07-02T19:36:52.696" intervalms="11.472">
  <response-info timems="0.082" idlems="0.050" threads="1" lastid="0000000000AB7900" lastname="Thread-7" />
</exclusive-start>
<cycle-start id="4186" type="global" contextid="0" timestamp="2019-07-02T19:36:52.696" intervalms="12.885" />
  <attribute name="GC Util" value="142" />
  <attribute name="CPU Util" value="20937607284388" />
  <attribute name="Time Running"value="4176"/>
  <attribute name="Number of cores"value="4"/>
<exclusive-end id="4187" timestamp="2019-07-02T19:36:52.696" durationms="0.100" />

<exclusive-start id="4188" timestamp="2019-07-02T19:36:52.697" intervalms="1.535">
  <response-info timems="0.038" idlems="0.038" threads="0" lastid="0000000000AB3D00" lastname="Thread-10" />
</exclusive-start>
<af-start id="4189" threadId="0000000000AB4688" totalBytesRequested="40" timestamp="2019-07-02T19:36:52.697" intervalms="13.029" />
<gc-start id="4190" type="global" contextid="4186" timestamp="2019-07-02T19:36:52.697">
  <mem-info id="4191" free="0" total="12845056" percent="0">
    <mem type="tenure" free="0" total="12845056" percent="0">
      <mem type="soa" free="0" total="12717056" percent="0" />
      <mem type="loa" free="0" total="128000" percent="0" />
    </mem>
  </mem-info>
</gc-start>
<allocation-stats totalBytes="8414544" >
  <allocated-bytes non-tlh="0" tlh="8414544" />
  <largest-consumer threadName="Thread-9" threadId="0000000000ABB500" bytes="3003216" />
</allocation-stats>
<concurrent-halted id="4192" timestamp="2019-07-02T19:36:52.697">
  <halted state="Tracing incomplete" status="clean trace" />
  <traced bytesTarget="1619798" bytesTotal="1615468" bytesByMutator="812276" bytesByHelper="803192" percent="99" />
  <cards cleaned="0" thresholdBytes="86307" />
</concurrent-halted>
<gc-op id="4193" type="tracing" timems="0.353" contextid="4186" timestamp="2019-07-02T19:36:52.698">
  <trace bytesTraced="245184" workStackOverflowCount="0" />
</gc-op>
<gc-op id="4194" type="card-cleaning" timems="0.419" contextid="4186" timestamp="2019-07-02T19:36:52.698">
  <card-cleaning cardsCleaned="27" bytesTraced="23956" workStackOverflowCount="0" />
</gc-op>
<gc-op id="4195" type="mark" timems="0.819" contextid="4186" timestamp="2019-07-02T19:36:52.699">
  <trace-info objectcount="10507" scancount="11188" scanbytes="448196" />
  <finalization candidates="124" enqueued="0" />
  <ownableSynchronizers candidates="3" cleared="0" />
  <references type="soft" candidates="84" cleared="0" enqueued="0" dynamicThreshold="20" maxThreshold="32" />
  <references type="weak" candidates="776" cleared="0" enqueued="0" />
  <references type="phantom" candidates="63" cleared="0" enqueued="0" />
  <stringconstants candidates="4574" cleared="0"  />
</gc-op>
<gc-op id="4196" type="sweep" timems="0.388" contextid="4186" timestamp="2019-07-02T19:36:52.700" />
<mem-info id="4197" free="8330536" total="12845056" percent="64">
  <mem type="tenure" free="8330536" total="12845056" percent="64" micro-fragmented="104903">
    <mem type="soa" free="8330536" total="12717056" percent="65" />
    <mem type="loa" free="0" total="128000" percent="0" />
  </mem>
</mem-info>
<gc-op id="4198" type="compact" timems="4.310" contextid="4186" timestamp="2019-07-02T19:36:52.704">
  <compact-info movecount="27339" movebytes="1208424" reason="compact to aid heap contraction" />
</gc-op>
<heap-resize id="4199" type="contract" space="tenure" amount="65536" count="1" timems="0.037" reason="excess free space following gc" timestamp="2019-07-02T19:36:52.704" />
<gc-end id="4200" type="global" contextid="4186" durationms="7.068" usertimems="16.000" systemtimems="0.000" timestamp="2019-07-02T19:36:52.704" activeThreads="4">
  <mem-info id="4201" free="8402200" total="12779520" percent="65">
    <mem type="tenure" free="8402200" total="12779520" percent="65">
      <mem type="soa" free="8402200" total="12652544" percent="66" />
      <mem type="loa" free="0" total="126976" percent="0" />
    </mem>
  </mem-info>
</gc-end>
<cycle-end id="4202" type="global" contextid="4186" timestamp="2019-07-02T19:36:52.704">
  <attribute name="GC Util" value="8" />
  <attribute name="CPU Util" value="75930962232270" />
  <attribute name="Time Running"value="4188"/>
  <attribute name="Number of cores"value="4"/>
</cycle-end>
<allocation-satisfied id="4203" threadId="0000000000AB3D00" bytesRequested="40" />
<af-end id="4204" timestamp="2019-07-02T19:36:52.705" threadId="0000000000AB4688" success="true" />
<exclusive-end id="4205" timestamp="2019-07-02T19:36:52.705" durationms="7.567" />

<concurrent-kickoff id="4206" timestamp="2019-07-02T19:36:52.711">
  <kickoff reason="threshold reached" targetBytes="1651754" thresholdFreeBytes="223315" remainingFree="189720" tenureFreeBytes="189720" />
</concurrent-kickoff>
<exclusive-start id="4207" timestamp="2019-07-02T19:36:52.711" intervalms="14.014">
  <response-info timems="0.085" idlems="0.052" threads="1" lastid="0000000000AB0100" lastname="Thread-8" />
</exclusive-start>
<cycle-start id="4208" type="global" contextid="0" timestamp="2019-07-02T19:36:52.711" intervalms="15.562" />
  <attribute name="GC Util" value="8" />
  <attribute name="CPU Util" value="75930962232270" />
  <attribute name="Time Running"value="4188"/>
  <attribute name="Number of cores"value="4"/>
<exclusive-end id="4209" timestamp="2019-07-02T19:36:52.711" durationms="0.127" />

<exclusive-start id="4210" timestamp="2019-07-02T19:36:52.712" intervalms="0.511">
  <response-info timems="0.021" idlems="0.021" threads="0" lastid="0000000000ABB500" lastname="Thread-9" />
</exclusive-start>
<af-start id="4211" threadId="0000000000ABBE88" totalBytesRequested="40" timestamp="2019-07-02T19:36:52.712" intervalms="14.515" />
<concurrent-aborted id="4212" timestamp="2019-07-02T19:36:52.712">
  <reason value="insufficient progress made" />
</concurrent-aborted>
<cycle-end id="4213" type="global" contextid="4208" timestamp="2019-07-02T19:36:52.712">
  <attribute name="GC Util" value="8" />
  <attribute name="CPU Util" value="75930962232270" />
  <attribute name="Time Running"value="4188"/>
  <attribute name="Number of cores"value="4"/>
</cycle-end>
<cycle-start id="4214" type="global" contextid="0" timestamp="2019-07-02T19:36:52.712" intervalms="0.676" />
  <attribute name="GC Util" value="8" />
  <attribute name="CPU Util" value="75930962232270" />
  <attribute name="Time Running"value="4188"/>
  <attribute name="Number of cores"value="4"/>
<gc-start id="4215" type="global" contextid="4214" timestamp="2019-07-02T19:36:52.712">
  <mem-info id="4216" free="0" total="12779520" percent="0">
    <mem type="tenure" free="0" total="12779520" percent="0">
      <mem type="soa" free="0" total="12652544" percent="0" />
      <mem type="loa" free="0" total="126976" percent="0" />
    </mem>
  </mem-info>
</gc-start>
<allocation-stats totalBytes="8450232" >
  <allocated-bytes non-tlh="0" tlh="8450232" />
  <largest-consumer threadName="Thread-7" threadId="0000000000AB7900" bytes="2981568" />
</allocation-stats>
<gc-op id="4217" type="mark" timems="2.444" contextid="4214" timestamp="2019-07-02T19:36:52.714">
  <trace-info objectcount="69540" scancount="61949" scanbytes="2361004" />
  <finalization candidates="124" enqueued="0" />
  <ownableSynchronizers candidates="3" cleared="0" />
  <references type="soft" candidates="84" cleared="0" enqueued="0" dynamicThreshold="21" maxThreshold="32" />
  <references type="weak" candidates="776" cleared="0" enqueued="0" />
  <references type="phantom" candidates="63" cleared="0" enqueued="0" />
  <stringconstants candidates="4574" cleared="0"  />
</gc-op>
<gc-op id="4218" type="sweep" timems="0.573" contextid="4214" timestamp="2019-07-02T19:36:52.715" />
<heap-resize id="4219" type="contract" space="tenure" amount="65536" count="1" timems="0.080" reason="excess free space following gc" timestamp="2019-07-02T19:36:52.715" />
<gc-end id="4220" type="global" contextid="4214" durationms="3.518" usertimems="8.000" systemtimems="0.000" timestamp="2019-07-02T19:36:52.715" activeThreads="4">
  <mem-info id="4221" free="8312776" total="12713984" percent="65">
    <mem type="tenure" free="8312776" total="12713984" percent="65" micro-fragmented="22651">
      <mem type="soa" free="8312776" total="12587008" percent="66" />
      <mem type="loa" free="0" total="126976" percent="0" />
    </mem>
  </mem-info>
</gc-end>
<cycle-end id="4222" type="global" contextid="4214" timestamp="2019-07-02T19:36:52.716">
  <attribute name="GC Util" value="159" />
  <attribute name="CPU Util" value="41619930315125" />
  <attribute name="Time Running"value="4203"/>
  <attribute name="Number of cores"value="4"/>
</cycle-end>
<allocation-satisfied id="4223" threadId="0000000000ABB500" bytesRequested="40" />
<af-end id="4224" timestamp="2019-07-02T19:36:52.716" threadId="0000000000ABBE88" success="true" />
<exclusive-end id="4225" timestamp="2019-07-02T19:36:52.716" durationms="4.118" />

<concurrent-kickoff id="4226" timestamp="2019-07-02T19:36:52.723">
  <kickoff reason="threshold reached" targetBytes="1643283" thresholdFreeBytes="222169" remainingFree="208328" tenureFreeBytes="208328" />
</concurrent-kickoff>
<exclusive-start id="4227" timestamp="2019-07-02T19:36:52.724" intervalms="11.898">
  <response-info timems="0.209" idlems="0.188" threads="1" lastid="0000000000ABB500" lastname="Thread-9" />
</exclusive-start>
<cycle-start id="4228" type="global" contextid="0" timestamp="2019-07-02T19:36:52.724" intervalms="11.722" />
  <attribute name="GC Util" value="159" />
  <attribute name="CPU Util" value="41619930315125" />
  <attribute name="Time Running"value="4203"/>
  <attribute name="Number of cores"value="4"/>
<exclusive-end id="4229" timestamp="2019-07-02T19:36:52.724" durationms="0.109" />

<exclusive-start id="4230" timestamp="2019-07-02T19:36:52.726" intervalms="2.033">
  <response-info timems="0.034" idlems="0.021" threads="1" lastid="0000000000AB7900" lastname="Thread-7" />
</exclusive-start>
<af-start id="4231" threadId="0000000000AB4688" totalBytesRequested="40" timestamp="2019-07-02T19:36:52.726" intervalms="13.940" />
<gc-start id="4232" type="global" contextid="4228" timestamp="2019-07-02T19:36:52.726">
  <mem-info id="4233" free="0" total="12713984" percent="0">
    <mem type="tenure" free="0" total="12713984" percent="0">
      <mem type="soa" free="0" total="12587008" percent="0" />
      <mem type="loa" free="0" total="126976" percent="0" />
    </mem>
  </mem-info>
</gc-start>
<allocation-stats totalBytes="8308512" >
  <allocated-bytes non-tlh="0" tlh="8308512" />
  <largest-consumer threadName="Thread-9" threadId="0000000000ABB500" bytes="3366016" />
</allocation-stats>
<concurrent-halted id="4234" timestamp="2019-07-02T19:36:52.726">
  <halted state="Tracing incomplete" status="clean trace" />
  <traced bytesTarget="1643283" bytesTotal="1857560" bytesByMutator="616880" bytesByHelper="1240680" percent="113" />
  <cards cleaned="0" thresholdBytes="87521" />
</concurrent-halted>
<gc-op id="4235" type="tracing" timems="0.382" contextid="4228" timestamp="2019-07-02T19:36:52.726">
  <trace bytesTraced="258860" workStackOverflowCount="0" />
</gc-op>
<gc-op id="4236" type="card-cleaning" timems="0.302" contextid="4228" timestamp="2019-07-02T19:36:52.727">
  <card-cleaning cardsCleaned="16" bytesTraced="12252" workStackOverflowCount="0" />
</gc-op>
<gc-op id="4237" type="mark" timems="1.047" contextid="4228" timestamp="2019-07-02T19:36:52.728">
  <trace-info objectcount="7360" scancount="7328" scanbytes="315784" />
  <finalization candidates="124" enqueued="0" />
  <ownableSynchronizers candidates="3" cleared="0" />
  <references type="soft" candidates="84" cleared="0" enqueued="0" dynamicThreshold="20" maxThreshold="32" />
  <references type="weak" candidates="776" cleared="0" enqueued="0" />
  <references type="phantom" candidates="63" cleared="0" enqueued="0" />
  <stringconstants candidates="4574" cleared="0"  />
</gc-op>
<gc-op id="4238" type="sweep" timems="0.534" contextid="4228" timestamp="2019-07-02T19:36:52.728" />
<mem-info id="4239" free="8222768" total="12713984" percent="64">
  <mem type="tenure" free="8222768" total="12713984" percent="64" micro-fragmented="15899">
    <mem type="soa" free="8222768" total="12587008" percent="65" />
    <mem type="loa" free="0" total="126976" percent="0" />
  </mem>
</mem-info>
<gc-op id="4240" type="compact" timems="3.887" contextid="4228" timestamp="2019-07-02T19:36:52.732">
  <compact-info movecount="12050" movebytes="386440" reason="compact to aid heap contraction" />
</gc-op>
<heap-resize id="4241" type="contract" space="tenure" amount="65536" count="1" timems="0.076" reason="excess free space following gc" timestamp="2019-07-02T19:36:52.733" />
<gc-end id="4242" type="global" contextid="4228" durationms="7.070" usertimems="12.000" systemtimems="0.000" timestamp="2019-07-02T19:36:52.733" activeThreads="4">
  <mem-info id="4243" free="8141784" total="12648448" percent="64">
    <mem type="tenure" free="8141784" total="12648448" percent="64">
      <mem type="soa" free="8141784" total="12522496" percent="65" />
      <mem type="loa" free="0" total="125952" percent="0" />
    </mem>
  </mem-info>
</gc-end>
<cycle-end id="4244" type="global" contextid="4228" timestamp="2019-07-02T19:36:52.733">
  <attribute name="GC Util" value="109" />
  <attribute name="CPU Util" value="40479129037899" />
  <attribute name="Time Running"value="4216"/>
  <attribute name="Number of cores"value="4"/>
</cycle-end>
<allocation-satisfied id="4245" threadId="0000000000AB3D00" bytesRequested="40" />
<af-end id="4246" timestamp="2019-07-02T19:36:52.733" threadId="0000000000AB4688" success="true" />
<exclusive-end id="4247" timestamp="2019-07-02T19:36:52.733" durationms="7.594" />

<concurrent-kickoff id="4248" timestamp="2019-07-02T19:36:52.750">
  <kickoff reason="threshold reached" targetBytes="1720449" thresholdFreeBytes="232401" remainingFree="101336" tenureFreeBytes="0" />
</concurrent-kickoff>
<exclusive-start id="4249" timestamp="2019-07-02T19:36:52.750" intervalms="24.823">
  <response-info timems="0.086" idlems="0.053" threads="1" lastid="0000000000AB0100" lastname="Thread-8" />
</exclusive-start>
<cycle-start id="4250" type="global" contextid="0" timestamp="2019-07-02T19:36:52.751" intervalms="26.906" />
  <attribute name="GC Util" value="109" />
  <attribute name="CPU Util" value="40479129037899" />
  <attribute name="Time Running"value="4216"/>
  <attribute name="Number of cores"value="4"/>
<exclusive-end id="4251" timestamp="2019-07-02T19:36:52.751" durationms="0.169" />

<exclusive-start id="4252" timestamp="2019-07-02T19:36:52.751" intervalms="0.285">
  <response-info timems="0.021" idlems="0.021" threads="0" lastid="0000000000ABB500" lastname="Thread-9" />
</exclusive-start>
<af-start id="4253" threadId="0000000000ABBE88" totalBytesRequested="40" timestamp="2019-07-02T19:36:52.751" intervalms="25.103" />
<concurrent-aborted id="4254" timestamp="2019-07-02T19:36:52.751">
  <reason value="insufficient progress made" />
</concurrent-aborted>
<cycle-end id="4255" type="global" contextid="4250" timestamp="2019-07-02T19:36:52.751">
  <attribute name="GC Util" value="109" />
  <attribute name="CPU Util" value="40479129037899" />
  <attribute name="Time Running"value="4216"/>
  <attribute name="Number of cores"value="4"/>
</cycle-end>
<cycle-start id="4256" type="global" contextid="0" timestamp="2019-07-02T19:36:52.751" intervalms="0.419" />
  <attribute name="GC Util" value="109" />
  <attribute name="CPU Util" value="40479129037899" />
  <attribute name="Time Running"value="4216"/>
  <attribute name="Number of cores"value="4"/>
<gc-start id="4257" type="global" contextid="4256" timestamp="2019-07-02T19:36:52.751">
  <mem-info id="4258" free="0" total="12648448" percent="0">
    <mem type="tenure" free="0" total="12648448" percent="0">
      <mem type="soa" free="0" total="12522496" percent="0" />
      <mem type="loa" free="0" total="125952" percent="0" />
    </mem>
  </mem-info>
</gc-start>
<allocation-stats totalBytes="8198096" >
  <allocated-bytes non-tlh="0" tlh="8198096" />
  <largest-consumer threadName="Thread-8" threadId="0000000000AB0100" bytes="2719464" />
</allocation-stats>
<gc-op id="4259" type="mark" timems="2.147" contextid="4256" timestamp="2019-07-02T19:36:52.753">
  <trace-info objectcount="68200" scancount="60629" scanbytes="2328756" />
  <finalization candidates="124" enqueued="0" />
  <ownableSynchronizers candidates="3" cleared="0" />
  <references type="soft" candidates="84" cleared="0" enqueued="0" dynamicThreshold="20" maxThreshold="32" />
  <references type="weak" candidates="776" cleared="0" enqueued="0" />
  <references type="phantom" candidates="63" cleared="0" enqueued="0" />
  <stringconstants candidates="4574" cleared="0"  />
</gc-op>
<gc-op id="4260" type="sweep" timems="0.916" contextid="4256" timestamp="2019-07-02T19:36:52.754" />
<heap-resize id="4261" type="contract" space="tenure" amount="65536" count="1" timems="0.080" reason="excess free space following gc" timestamp="2019-07-02T19:36:52.754" />
<gc-end id="4262" type="global" contextid="4256" durationms="3.560" usertimems="8.000" systemtimems="0.000" timestamp="2019-07-02T19:36:52.755" activeThreads="4">
  <mem-info id="4263" free="8083864" total="12582912" percent="64">
    <mem type="tenure" free="8083864" total="12582912" percent="64" micro-fragmented="28437">
      <mem type="soa" free="8083864" total="12457984" percent="64" />
      <mem type="loa" free="0" total="124928" percent="0" />
    </mem>
  </mem-info>
</gc-end>
<cycle-end id="4264" type="global" contextid="4256" timestamp="2019-07-02T19:36:52.755">
  <attribute name="GC Util" value="172" />
  <attribute name="CPU Util" value="24255499399823" />
  <attribute name="Time Running"value="4242"/>
  <attribute name="Number of cores"value="4"/>
</cycle-end>
<allocation-satisfied id="4265" threadId="0000000000ABB500" bytesRequested="40" />
<af-end id="4266" timestamp="2019-07-02T19:36:52.755" threadId="0000000000ABBE88" success="true" />
<exclusive-end id="4267" timestamp="2019-07-02T19:36:52.755" durationms="4.251" />

<concurrent-kickoff id="4268" timestamp="2019-07-02T19:36:52.773">
  <kickoff reason="threshold reached" targetBytes="1711535" thresholdFreeBytes="231198" remainingFree="210456" tenureFreeBytes="210456" />
</concurrent-kickoff>
<exclusive-start id="4269" timestamp="2019-07-02T19:36:52.773" intervalms="22.300">
  <response-info timems="0.055" idlems="0.055" threads="0" lastid="0000000000AB0100" lastname="Thread-8" />
</exclusive-start>
<cycle-start id="4270" type="global" contextid="0" timestamp="2019-07-02T19:36:52.773" intervalms="22.125" />
  <attribute name="GC Util" value="172" />
  <attribute name="CPU Util" value="24255499399823" />
  <attribute name="Time Running"value="4242"/>
  <attribute name="Number of cores"value="4"/>
<exclusive-end id="4271" timestamp="2019-07-02T19:36:52.773" durationms="0.108" />

<exclusive-start id="4272" timestamp="2019-07-02T19:36:52.774" intervalms="1.463">
  <response-info timems="0.023" idlems="0.023" threads="0" lastid="0000000000AB0100" lastname="Thread-8" />
</exclusive-start>
<af-start id="4273" threadId="0000000000AB0A88" totalBytesRequested="40" timestamp="2019-07-02T19:36:52.775" intervalms="23.747" />
<gc-start id="4274" type="global" contextid="4270" timestamp="2019-07-02T19:36:52.775">
  <mem-info id="4275" free="0" total="12582912" percent="0">
    <mem type="tenure" free="0" total="12582912" percent="0">
      <mem type="soa" free="0" total="12457984" percent="0" />
      <mem type="loa" free="0" total="124928" percent="0" />
    </mem>
  </mem-info>
</gc-start>
<allocation-stats totalBytes="8130072" >
  <allocated-bytes non-tlh="0" tlh="8130072" />
  <largest-consumer threadName="Thread-7" threadId="0000000000AB7900" bytes="2797256" />
</allocation-stats>
<concurrent-halted id="4276" timestamp="2019-07-02T19:36:52.775">
  <halted state="Class scanning incomplete" status="clean trace" />
  <traced bytesTarget="1711535" bytesTotal="1875836" bytesByMutator="950400" bytesByHelper="925436" percent="109" />
  <cards cleaned="2" thresholdBytes="91078" />
</concurrent-halted>
<gc-op id="4277" type="tracing" timems="0.258" contextid="4270" timestamp="2019-07-02T19:36:52.775">
  <trace bytesTraced="10932" workStackOverflowCount="0" />
</gc-op>
<gc-op id="4278" type="card-cleaning" timems="0.256" contextid="4270" timestamp="2019-07-02T19:36:52.775">
  <card-cleaning cardsCleaned="12" bytesTraced="8704" workStackOverflowCount="0" />
</gc-op>
<gc-op id="4279" type="mark" timems="1.505" contextid="4270" timestamp="2019-07-02T19:36:52.777">
  <trace-info objectcount="11341" scancount="12142" scanbytes="468608" />
  <finalization candidates="124" enqueued="0" />
  <ownableSynchronizers candidates="3" cleared="0" />
  <references type="soft" candidates="84" cleared="0" enqueued="0" dynamicThreshold="20" maxThreshold="32" />
  <references type="weak" candidates="776" cleared="0" enqueued="0" />
  <references type="phantom" candidates="63" cleared="0" enqueued="0" />
  <stringconstants candidates="4574" cleared="0"  />
</gc-op>
<gc-op id="4280" type="sweep" timems="1.059" contextid="4270" timestamp="2019-07-02T19:36:52.778" />
<heap-resize id="4281" type="contract" space="tenure" amount="65536" count="1" timems="0.101" reason="excess free space following gc" timestamp="2019-07-02T19:36:52.778" />
<gc-end id="4282" type="global" contextid="4270" durationms="3.677" usertimems="8.000" systemtimems="0.000" timestamp="2019-07-02T19:36:52.778" activeThreads="4">
  <mem-info id="4283" free="8001000" total="12517376" percent="63">
    <mem type="tenure" free="8001000" total="12517376" percent="63" micro-fragmented="57643">
      <mem type="soa" free="8001000" total="12392448" percent="64" />
      <mem type="loa" free="0" total="124928" percent="0" />
    </mem>
  </mem-info>
</gc-end>
<cycle-end id="4284" type="global" contextid="4270" timestamp="2019-07-02T19:36:52.778">
  <attribute name="GC Util" value="164" />
  <attribute name="CPU Util" value="22964447863198" />
  <attribute name="Time Running"value="4266"/>
  <attribute name="Number of cores"value="4"/>
</cycle-end>
<allocation-satisfied id="4285" threadId="0000000000AB0100" bytesRequested="40" />
<af-end id="4286" timestamp="2019-07-02T19:36:52.779" threadId="0000000000AB0A88" success="true" />
<exclusive-end id="4287" timestamp="2019-07-02T19:36:52.779" durationms="4.091" />

<concurrent-kickoff id="4288" timestamp="2019-07-02T19:36:52.795">
  <kickoff reason="threshold reached" targetBytes="1777583" thresholdFreeBytes="239952" remainingFree="229504" tenureFreeBytes="229504" />
</concurrent-kickoff>
<exclusive-start id="4289" timestamp="2019-07-02T19:36:52.796" intervalms="21.243">
  <response-info timems="0.205" idlems="0.186" threads="1" lastid="0000000000AB3D00" lastname="Thread-10" />
</exclusive-start>
<cycle-start id="4290" type="global" contextid="0" timestamp="2019-07-02T19:36:52.796" intervalms="22.709" />
  <attribute name="GC Util" value="164" />
  <attribute name="CPU Util" value="22964447863198" />
  <attribute name="Time Running"value="4266"/>
  <attribute name="Number of cores"value="4"/>
<exclusive-end id="4291" timestamp="2019-07-02T19:36:52.796" durationms="0.122" />

<exclusive-start id="4292" timestamp="2019-07-02T19:36:52.797" intervalms="1.351">
  <response-info timems="0.035" idlems="0.035" threads="0" lastid="0000000000AB7900" lastname="Thread-7" />
</exclusive-start>
<af-start id="4293" threadId="0000000000AB8288" totalBytesRequested="24" timestamp="2019-07-02T19:36:52.797" intervalms="22.604" />
<gc-start id="4294" type="global" contextid="4290" timestamp="2019-07-02T19:36:52.797">
  <mem-info id="4295" free="0" total="12517376" percent="0">
    <mem type="tenure" free="0" total="12517376" percent="0">
      <mem type="soa" free="0" total="12392448" percent="0" />
      <mem type="loa" free="0" total="124928" percent="0" />
    </mem>
  </mem-info>
</gc-start>
<allocation-stats totalBytes="8010912" >
  <allocated-bytes non-tlh="0" tlh="8010912" />
  <largest-consumer threadName="Thread-7" threadId="0000000000AB7900" bytes="2654664" />
</allocation-stats>
<concurrent-halted id="4296" timestamp="2019-07-02T19:36:52.797">
  <halted state="Tracing incomplete" status="clean trace" />
  <traced bytesTarget="1777583" bytesTotal="1104184" bytesByMutator="233360" bytesByHelper="870824" percent="62" />
  <cards cleaned="0" thresholdBytes="94526" />
</concurrent-halted>
<gc-op id="4297" type="tracing" timems="0.576" contextid="4290" timestamp="2019-07-02T19:36:52.798">
  <trace bytesTraced="818384" workStackOverflowCount="0" />
</gc-op>
<gc-op id="4298" type="card-cleaning" timems="0.419" contextid="4290" timestamp="2019-07-02T19:36:52.798">
  <card-cleaning cardsCleaned="27" bytesTraced="19260" workStackOverflowCount="0" />
</gc-op>
<gc-op id="4299" type="mark" timems="1.424" contextid="4290" timestamp="2019-07-02T19:36:52.800">
  <trace-info objectcount="10970" scancount="11585" scanbytes="449880" />
  <finalization candidates="124" enqueued="0" />
  <ownableSynchronizers candidates="3" cleared="0" />
  <references type="soft" candidates="84" cleared="0" enqueued="0" dynamicThreshold="20" maxThreshold="32" />
  <references type="weak" candidates="776" cleared="0" enqueued="0" />
  <references type="phantom" candidates="63" cleared="0" enqueued="0" />
  <stringconstants candidates="4574" cleared="0"  />
</gc-op>
<gc-op id="4300" type="sweep" timems="1.039" contextid="4290" timestamp="2019-07-02T19:36:52.801" />
<heap-resize id="4301" type="contract" space="tenure" amount="65536" count="1" timems="0.060" reason="excess free space following gc" timestamp="2019-07-02T19:36:52.801" />
<gc-end id="4302" type="global" contextid="4290" durationms="4.123" usertimems="0.000" systemtimems="8.000" timestamp="2019-07-02T19:36:52.801" activeThreads="4">
  <mem-info id="4303" free="7888856" total="12451840" percent="63">
    <mem type="tenure" free="7888856" total="12451840" percent="63" micro-fragmented="68750">
      <mem type="soa" free="7888856" total="12327936" percent="63" />
      <mem type="loa" free="0" total="123904" percent="0" />
    </mem>
  </mem-info>
</gc-end>
<cycle-end id="4304" type="global" contextid="4290" timestamp="2019-07-02T19:36:52.801">
  <attribute name="GC Util" value="163" />
  <attribute name="CPU Util" value="23676778531147" />
  <attribute name="Time Running"value="4289"/>
  <attribute name="Number of cores"value="4"/>
</cycle-end>
<allocation-satisfied id="4305" threadId="0000000000AB7900" bytesRequested="24" />
<af-end id="4306" timestamp="2019-07-02T19:36:52.802" threadId="0000000000AB8288" success="true" />
<exclusive-end id="4307" timestamp="2019-07-02T19:36:52.802" durationms="4.580" />

<concurrent-kickoff id="4308" timestamp="2019-07-02T19:36:52.819">
  <kickoff reason="threshold reached" targetBytes="1667156" thresholdFreeBytes="225261" remainingFree="224720" tenureFreeBytes="224720" />
</concurrent-kickoff>
<exclusive-start id="4309" timestamp="2019-07-02T19:36:52.819" intervalms="21.790">
  <response-info timems="0.088" idlems="0.053" threads="1" lastid="0000000000AB0100" lastname="Thread-8" />
</exclusive-start>
<cycle-start id="4310" type="global" contextid="0" timestamp="2019-07-02T19:36:52.819" intervalms="23.140" />
  <attribute name="GC Util" value="163" />
  <attribute name="CPU Util" value="23676778531147" />
  <attribute name="Time Running"value="4289"/>
  <attribute name="Number of cores"value="4"/>
<exclusive-end id="4311" timestamp="2019-07-02T19:36:52.819" durationms="0.122" />

<exclusive-start id="4312" timestamp="2019-07-02T19:36:52.820" intervalms="1.637">
  <response-info timems="0.033" idlems="0.033" threads="0" lastid="0000000000AB3D00" lastname="Thread-10" />
</exclusive-start>
<af-start id="4313" threadId="0000000000AB4688" totalBytesRequested="40" timestamp="2019-07-02T19:36:52.821" intervalms="23.436" />
<gc-start id="4314" type="global" contextid="4310" timestamp="2019-07-02T19:36:52.821">
  <mem-info id="4315" free="0" total="12451840" percent="0">
    <mem type="tenure" free="0" total="12451840" percent="0">
      <mem type="soa" free="0" total="12327936" percent="0" />
      <mem type="loa" free="0" total="123904" percent="0" />
    </mem>
  </mem-info>
</gc-start>
<allocation-stats totalBytes="7895216" >
  <allocated-bytes non-tlh="0" tlh="7895216" />
  <largest-consumer threadName="Thread-7" threadId="0000000000AB7900" bytes="2563624" />
</allocation-stats>
<concurrent-halted id="4316" timestamp="2019-07-02T19:36:52.821">
  <halted state="Class scanning incomplete" status="clean trace" />
  <traced bytesTarget="1667156" bytesTotal="1839128" bytesByMutator="727500" bytesByHelper="1111628" percent="110" />
  <cards cleaned="30" thresholdBytes="88739" />
</concurrent-halted>
<gc-op id="4317" type="tracing" timems="0.434" contextid="4310" timestamp="2019-07-02T19:36:52.821">
  <trace bytesTraced="111988" workStackOverflowCount="0" />
</gc-op>
<gc-op id="4318" type="card-cleaning" timems="0.423" contextid="4310" timestamp="2019-07-02T19:36:52.822">
  <card-cleaning cardsCleaned="11" bytesTraced="4804" workStackOverflowCount="0" />
</gc-op>
<gc-op id="4319" type="mark" timems="1.119" contextid="4310" timestamp="2019-07-02T19:36:52.823">
  <trace-info objectcount="11908" scancount="11921" scanbytes="455672" />
  <finalization candidates="124" enqueued="0" />
  <ownableSynchronizers candidates="3" cleared="0" />
  <references type="soft" candidates="84" cleared="0" enqueued="0" dynamicThreshold="20" maxThreshold="32" />
  <references type="weak" candidates="776" cleared="0" enqueued="0" />
  <references type="phantom" candidates="63" cleared="0" enqueued="0" />
  <stringconstants candidates="4574" cleared="0"  />
</gc-op>
<gc-op id="4320" type="sweep" timems="1.067" contextid="4310" timestamp="2019-07-02T19:36:52.824" />
<heap-resize id="4321" type="contract" space="tenure" amount="65536" count="1" timems="0.072" reason="excess free space following gc" timestamp="2019-07-02T19:36:52.824" />
<gc-end id="4322" type="global" contextid="4310" durationms="3.785" usertimems="8.000" systemtimems="0.000" timestamp="2019-07-02T19:36:52.824" activeThreads="4">
  <mem-info id="4323" free="7758576" total="12386304" percent="62">
    <mem type="tenure" free="7758576" total="12386304" percent="62" micro-fragmented="101781">
      <mem type="soa" free="7758576" total="12263424" percent="63" />
      <mem type="loa" free="0" total="122880" percent="0" />
    </mem>
  </mem-info>
</gc-end>
<cycle-end id="4324" type="global" contextid="4310" timestamp="2019-07-02T19:36:52.825">
  <attribute name="GC Util" value="134" />
  <attribute name="CPU Util" value="22896551245729" />
  <attribute name="Time Running"value="4312"/>
  <attribute name="Number of cores"value="4"/>
</cycle-end>
<allocation-satisfied id="4325" threadId="0000000000AB3D00" bytesRequested="40" />
<af-end id="4326" timestamp="2019-07-02T19:36:52.825" threadId="0000000000AB4688" success="true" />
<exclusive-end id="4327" timestamp="2019-07-02T19:36:52.825" durationms="4.245" />

<concurrent-kickoff id="4328" timestamp="2019-07-02T19:36:52.841">
  <kickoff reason="threshold reached" targetBytes="1730468" thresholdFreeBytes="233653" remainingFree="233368" tenureFreeBytes="233368" />
</concurrent-kickoff>
<exclusive-start id="4329" timestamp="2019-07-02T19:36:52.841" intervalms="20.788">
  <response-info timems="0.090" idlems="0.047" threads="2" lastid="0000000000AB0100" lastname="Thread-8" />
</exclusive-start>
<cycle-start id="4330" type="global" contextid="0" timestamp="2019-07-02T19:36:52.841" intervalms="22.419" />
  <attribute name="GC Util" value="134" />
  <attribute name="CPU Util" value="22896551245729" />
  <attribute name="Time Running"value="4312"/>
  <attribute name="Number of cores"value="4"/>
<exclusive-end id="4331" timestamp="2019-07-02T19:36:52.841" durationms="0.115" />

<exclusive-start id="4332" timestamp="2019-07-02T19:36:52.843" intervalms="1.799">
  <response-info timems="0.021" idlems="0.021" threads="0" lastid="0000000000AB7900" lastname="Thread-7" />
</exclusive-start>
<concurrent-collection-start id="4333" timestamp="2019-07-02T19:36:52.843" intervalms="198.366" >
  <concurrent-trace-info reason="card cleaning threshold reached" tracedByMutators="630400" tracedByHelpers="1329508" cardsCleaned="43" workStackOverflowCount="0" />
</concurrent-collection-start>
<gc-start id="4334" type="global" contextid="4330" timestamp="2019-07-02T19:36:52.843">
  <mem-info id="4335" free="4056" total="12386304" percent="0">
    <mem type="tenure" free="4056" total="12386304" percent="0">
      <mem type="soa" free="4056" total="12263424" percent="0" />
      <mem type="loa" free="0" total="122880" percent="0" />
    </mem>
  </mem-info>
</gc-start>
<allocation-stats totalBytes="7755144" >
  <allocated-bytes non-tlh="0" tlh="7755144" />
  <largest-consumer threadName="Thread-7" threadId="0000000000AB7900" bytes="2657464" />
</allocation-stats>
<gc-op id="4336" type="card-cleaning" timems="0.428" contextid="4330" timestamp="2019-07-02T19:36:52.844">
  <card-cleaning cardsCleaned="6" bytesTraced="2892" workStackOverflowCount="0" />
</gc-op>
<gc-op id="4337" type="mark" timems="1.525" contextid="4330" timestamp="2019-07-02T19:36:52.845">
  <trace-info objectcount="11554" scancount="12399" scanbytes="473536" />
  <finalization candidates="124" enqueued="0" />
  <ownableSynchronizers candidates="3" cleared="0" />
  <references type="soft" candidates="84" cleared="0" enqueued="0" dynamicThreshold="20" maxThreshold="32" />
  <references type="weak" candidates="776" cleared="0" enqueued="0" />
  <references type="phantom" candidates="63" cleared="0" enqueued="0" />
  <stringconstants candidates="4574" cleared="0"  />
</gc-op>
<gc-op id="4338" type="sweep" timems="1.180" contextid="4330" timestamp="2019-07-02T19:36:52.847" />
<heap-resize id="4339" type="contract" space="tenure" amount="65536" count="1" timems="0.122" reason="excess free space following gc" timestamp="2019-07-02T19:36:52.847" />
<gc-end id="4340" type="global" contextid="4330" durationms="3.803" usertimems="8.000" systemtimems="0.000" timestamp="2019-07-02T19:36:52.847" activeThreads="4">
  <mem-info id="4341" free="7628424" total="12320768" percent="61">
    <mem type="tenure" free="7628424" total="12320768" percent="61" micro-fragmented="105899">
      <mem type="soa" free="7628424" total="12197888" percent="62" />
      <mem type="loa" free="0" total="122880" percent="0" />
    </mem>
  </mem-info>
</gc-end>
<cycle-end id="4342" type="global" contextid="4330" timestamp="2019-07-02T19:36:52.847">
  <attribute name="GC Util" value="111" />
  <attribute name="CPU Util" value="19955391437758" />
  <attribute name="Time Running"value="4334"/>
  <attribute name="Number of cores"value="4"/>
</cycle-end>
<concurrent-collection-end id="4343" timestamp="2019-07-02T19:36:52.847" />
<exclusive-end id="4344" timestamp="2019-07-02T19:36:52.847" durationms="4.266" />

<concurrent-kickoff id="4345" timestamp="2019-07-02T19:36:52.864">
  <kickoff reason="threshold reached" targetBytes="1752475" thresholdFreeBytes="238024" remainingFree="234080" tenureFreeBytes="234080" />
</concurrent-kickoff>
<exclusive-start id="4346" timestamp="2019-07-02T19:36:52.864" intervalms="21.228">
  <response-info timems="0.186" idlems="0.164" threads="2" lastid="0000000000ABB500" lastname="Thread-9" />
</exclusive-start>
<cycle-start id="4347" type="global" contextid="0" timestamp="2019-07-02T19:36:52.864" intervalms="23.036" />
  <attribute name="GC Util" value="111" />
  <attribute name="CPU Util" value="19955391437758" />
  <attribute name="Time Running"value="4334"/>
  <attribute name="Number of cores"value="4"/>
<exclusive-end id="4348" timestamp="2019-07-02T19:36:52.864" durationms="0.130" />

<exclusive-start id="4349" timestamp="2019-07-02T19:36:52.866" intervalms="1.920">
  <response-info timems="0.027" idlems="0.027" threads="0" lastid="0000000000AB7900" lastname="Thread-7" />
</exclusive-start>
<concurrent-collection-start id="4350" timestamp="2019-07-02T19:36:52.866" intervalms="23.140" >
  <concurrent-trace-info reason="card cleaning threshold reached" tracedByMutators="816340" tracedByHelpers="1212784" cardsCleaned="81" workStackOverflowCount="0" />
</concurrent-collection-start>
<gc-start id="4351" type="global" contextid="4347" timestamp="2019-07-02T19:36:52.866">
  <mem-info id="4352" free="7080" total="12320768" percent="0">
    <mem type="tenure" free="7080" total="12320768" percent="0">
      <mem type="soa" free="7080" total="12197888" percent="0" />
      <mem type="loa" free="0" total="122880" percent="0" />
    </mem>
  </mem-info>
</gc-start>
<allocation-stats totalBytes="7596736" >
  <allocated-bytes non-tlh="0" tlh="7596736" />
  <largest-consumer threadName="Thread-7" threadId="0000000000AB7900" bytes="2707208" />
</allocation-stats>
<gc-op id="4353" type="card-cleaning" timems="0.427" contextid="4347" timestamp="2019-07-02T19:36:52.867">
  <card-cleaning cardsCleaned="4" bytesTraced="2644" workStackOverflowCount="0" />
</gc-op>
<gc-op id="4354" type="mark" timems="1.152" contextid="4347" timestamp="2019-07-02T19:36:52.868">
  <trace-info objectcount="12289" scancount="13141" scanbytes="491476" />
  <finalization candidates="124" enqueued="0" />
  <ownableSynchronizers candidates="3" cleared="0" />
  <references type="soft" candidates="84" cleared="0" enqueued="0" dynamicThreshold="19" maxThreshold="32" />
  <references type="weak" candidates="776" cleared="0" enqueued="0" />
  <references type="phantom" candidates="63" cleared="0" enqueued="0" />
  <stringconstants candidates="4574" cleared="0"  />
</gc-op>
<gc-op id="4355" type="sweep" timems="1.105" contextid="4347" timestamp="2019-07-02T19:36:52.869" />
<gc-end id="4356" type="global" contextid="4347" durationms="3.054" usertimems="12.000" systemtimems="0.000" timestamp="2019-07-02T19:36:52.869" activeThreads="4">
  <mem-info id="4357" free="7497504" total="12320768" percent="60">
    <mem type="tenure" free="7497504" total="12320768" percent="60" micro-fragmented="74509">
      <mem type="soa" free="7497504" total="12197888" percent="61" />
      <mem type="loa" free="0" total="122880" percent="0" />
    </mem>
  </mem-info>
</gc-end>
<cycle-end id="4358" type="global" contextid="4347" timestamp="2019-07-02T19:36:52.870">
  <attribute name="GC Util" value="137" />
  <attribute name="CPU Util" value="21433054197480" />
  <attribute name="Time Running"value="4357"/>
  <attribute name="Number of cores"value="4"/>
</cycle-end>
<concurrent-collection-end id="4359" timestamp="2019-07-02T19:36:52.870" />
<exclusive-end id="4360" timestamp="2019-07-02T19:36:52.870" durationms="3.470" />

<exclusive-start id="4361" timestamp="2019-07-02T19:36:52.884" intervalms="17.568">
  <response-info timems="0.027" idlems="0.027" threads="0" lastid="0000000000AB0100" lastname="Thread-8" />
</exclusive-start>
<af-start id="4362" threadId="0000000000AB0A88" totalBytesRequested="19056" timestamp="2019-07-02T19:36:52.884" intervalms="63.309" />
<cycle-start id="4363" type="global" contextid="0" timestamp="2019-07-02T19:36:52.884" intervalms="19.570" />
  <attribute name="GC Util" value="137" />
  <attribute name="CPU Util" value="21433054197480" />
  <attribute name="Time Running"value="4357"/>
  <attribute name="Number of cores"value="4"/>
<gc-start id="4364" type="global" contextid="4363" timestamp="2019-07-02T19:36:52.884">
  <mem-info id="4365" free="1106176" total="12320768" percent="8">
    <mem type="tenure" free="1106176" total="12320768" percent="8">
      <mem type="soa" free="1106176" total="12197888" percent="9" />
      <mem type="loa" free="0" total="122880" percent="0" />
    </mem>
  </mem-info>
</gc-start>
<allocation-stats totalBytes="6364528" >
  <allocated-bytes non-tlh="23160" tlh="6341368" />
  <largest-consumer threadName="Thread-8" threadId="0000000000AB0100" bytes="2268208" />
</allocation-stats>
<gc-op id="4366" type="mark" timems="2.127" contextid="4363" timestamp="2019-07-02T19:36:52.886">
  <trace-info objectcount="59725" scancount="52151" scanbytes="1991544" />
  <finalization candidates="124" enqueued="0" />
  <ownableSynchronizers candidates="3" cleared="0" />
  <references type="soft" candidates="84" cleared="0" enqueued="0" dynamicThreshold="19" maxThreshold="32" />
  <references type="weak" candidates="776" cleared="0" enqueued="0" />
  <references type="phantom" candidates="63" cleared="0" enqueued="0" />
  <stringconstants candidates="4574" cleared="0"  />
</gc-op>
<gc-op id="4367" type="sweep" timems="1.217" contextid="4363" timestamp="2019-07-02T19:36:52.888" />
<mem-info id="4368" free="8127648" total="12320768" percent="65">
  <mem type="tenure" free="8127648" total="12320768" percent="65" micro-fragmented="96501">
    <mem type="soa" free="8127648" total="12197888" percent="66" />
    <mem type="loa" free="0" total="122880" percent="0" />
  </mem>
</mem-info>
<gc-op id="4369" type="compact" timems="4.963" contextid="4363" timestamp="2019-07-02T19:36:52.893">
  <compact-info movecount="19969" movebytes="896736" reason="compact to aid heap contraction" />
</gc-op>
<heap-resize id="4370" type="contract" space="tenure" amount="65536" count="1" timems="0.064" reason="excess free space following gc" timestamp="2019-07-02T19:36:52.893" />
<gc-end id="4371" type="global" contextid="4363" durationms="8.784" usertimems="24.000" systemtimems="0.000" timestamp="2019-07-02T19:36:52.893" activeThreads="4">
  <mem-info id="4372" free="8227384" total="12255232" percent="67">
    <mem type="tenure" free="8227384" total="12255232" percent="67">
      <mem type="soa" free="8227384" total="12133376" percent="67" />
      <mem type="loa" free="0" total="121856" percent="0" />
    </mem>
  </mem-info>
</gc-end>
<cycle-end id="4373" type="global" contextid="4363" timestamp="2019-07-02T19:36:52.893">
  <attribute name="GC Util" value="147" />
  <attribute name="CPU Util" value="32812236211752" />
  <attribute name="Time Running"value="4376"/>
  <attribute name="Number of cores"value="4"/>
</cycle-end>
<allocation-satisfied id="4374" threadId="0000000000AB0100" bytesRequested="19056" />
<af-end id="4375" timestamp="2019-07-02T19:36:52.893" threadId="0000000000AB0A88" success="true" />
<exclusive-end id="4376" timestamp="2019-07-02T19:36:52.893" durationms="9.183" />

<concurrent-kickoff id="4377" timestamp="2019-07-02T19:36:52.910">
  <kickoff reason="threshold reached" targetBytes="1787181" thresholdFreeBytes="243921" remainingFree="170552" tenureFreeBytes="170552" />
</concurrent-kickoff>
<exclusive-start id="4378" timestamp="2019-07-02T19:36:52.911" intervalms="27.028">
  <response-info timems="0.132" idlems="0.132" threads="0" lastid="0000000000ABB500" lastname="Thread-9" />
</exclusive-start>
<cycle-start id="4379" type="global" contextid="0" timestamp="2019-07-02T19:36:52.911" intervalms="26.947" />
  <attribute name="GC Util" value="147" />
  <attribute name="CPU Util" value="32812236211752" />
  <attribute name="Time Running"value="4376"/>
  <attribute name="Number of cores"value="4"/>
<exclusive-end id="4380" timestamp="2019-07-02T19:36:52.911" durationms="0.127" />

<exclusive-start id="4381" timestamp="2019-07-02T19:36:52.912" intervalms="0.720">
  <response-info timems="0.037" idlems="0.037" threads="0" lastid="0000000000AB7900" lastname="Thread-7" />
</exclusive-start>
<af-start id="4382" threadId="0000000000AB8288" totalBytesRequested="40" timestamp="2019-07-02T19:36:52.912" intervalms="27.743" />
<concurrent-aborted id="4383" timestamp="2019-07-02T19:36:52.912">
  <reason value="insufficient progress made" />
</concurrent-aborted>
<cycle-end id="4384" type="global" contextid="4379" timestamp="2019-07-02T19:36:52.912">
  <attribute name="GC Util" value="147" />
  <attribute name="CPU Util" value="32812236211752" />
  <attribute name="Time Running"value="4376"/>
  <attribute name="Number of cores"value="4"/>
</cycle-end>
<cycle-start id="4385" type="global" contextid="0" timestamp="2019-07-02T19:36:52.912" intervalms="0.903" />
  <attribute name="GC Util" value="147" />
  <attribute name="CPU Util" value="32812236211752" />
  <attribute name="Time Running"value="4376"/>
  <attribute name="Number of cores"value="4"/>
<gc-start id="4386" type="global" contextid="4385" timestamp="2019-07-02T19:36:52.912">
  <mem-info id="4387" free="0" total="12255232" percent="0">
    <mem type="tenure" free="0" total="12255232" percent="0">
      <mem type="soa" free="0" total="12133376" percent="0" />
      <mem type="loa" free="0" total="121856" percent="0" />
    </mem>
  </mem-info>
</gc-start>
<allocation-stats totalBytes="8245184" >
  <allocated-bytes non-tlh="19056" tlh="8226128" />
  <largest-consumer threadName="Thread-7" threadId="0000000000AB7900" bytes="2627768" />
</allocation-stats>
<gc-op id="4388" type="mark" timems="2.364" contextid="4385" timestamp="2019-07-02T19:36:52.914">
  <trace-info objectcount="67609" scancount="60029" scanbytes="2314132" />
  <finalization candidates="124" enqueued="0" />
  <ownableSynchronizers candidates="3" cleared="0" />
  <references type="soft" candidates="84" cleared="0" enqueued="0" dynamicThreshold="21" maxThreshold="32" />
  <references type="weak" candidates="776" cleared="0" enqueued="0" />
  <references type="phantom" candidates="63" cleared="0" enqueued="0" />
  <stringconstants candidates="4574" cleared="0"  />
</gc-op>
<gc-op id="4389" type="sweep" timems="0.844" contextid="4385" timestamp="2019-07-02T19:36:52.915" />
<heap-resize id="4390" type="contract" space="tenure" amount="65536" count="1" timems="0.060" reason="excess free space following gc" timestamp="2019-07-02T19:36:52.915" />
<gc-end id="4391" type="global" contextid="4385" durationms="3.619" usertimems="12.000" systemtimems="0.000" timestamp="2019-07-02T19:36:52.915" activeThreads="4">
  <mem-info id="4392" free="7847888" total="12189696" percent="64">
    <mem type="tenure" free="7847888" total="12189696" percent="64" micro-fragmented="8479">
      <mem type="soa" free="7847888" total="12067840" percent="65" />
      <mem type="loa" free="0" total="121856" percent="0" />
    </mem>
  </mem-info>
</gc-end>
<cycle-end id="4393" type="global" contextid="4385" timestamp="2019-07-02T19:36:52.916">
  <attribute name="GC Util" value="177" />
  <attribute name="CPU Util" value="32014647571184" />
  <attribute name="Time Running"value="4403"/>
  <attribute name="Number of cores"value="4"/>
</cycle-end>
<allocation-satisfied id="4394" threadId="0000000000AB7900" bytesRequested="40" />
<af-end id="4395" timestamp="2019-07-02T19:36:52.916" threadId="0000000000AB8288" success="true" />
<exclusive-end id="4396" timestamp="2019-07-02T19:36:52.916" durationms="4.196" />

<concurrent-kickoff id="4397" timestamp="2019-07-02T19:36:52.930">
  <kickoff reason="threshold reached" targetBytes="1777624" thresholdFreeBytes="242617" remainingFree="122016" tenureFreeBytes="96736" />
</concurrent-kickoff>
<exclusive-start id="4398" timestamp="2019-07-02T19:36:52.930" intervalms="18.341">
  <response-info timems="0.109" idlems="0.058" threads="2" lastid="0000000000AB7900" lastname="Thread-7" />
</exclusive-start>
<cycle-start id="4399" type="global" contextid="0" timestamp="2019-07-02T19:36:52.930" intervalms="18.150" />
  <attribute name="GC Util" value="177" />
  <attribute name="CPU Util" value="32014647571184" />
  <attribute name="Time Running"value="4403"/>
  <attribute name="Number of cores"value="4"/>
<exclusive-end id="4400" timestamp="2019-07-02T19:36:52.930" durationms="0.115" />

<exclusive-start id="4401" timestamp="2019-07-02T19:36:52.931" intervalms="1.231">
  <response-info timems="0.026" idlems="0.026" threads="0" lastid="0000000000ABB500" lastname="Thread-9" />
</exclusive-start>
<af-start id="4402" threadId="0000000000ABBE88" totalBytesRequested="48" timestamp="2019-07-02T19:36:52.931" intervalms="19.566" />
<gc-start id="4403" type="global" contextid="4399" timestamp="2019-07-02T19:36:52.931">
  <mem-info id="4404" free="0" total="12189696" percent="0">
    <mem type="tenure" free="0" total="12189696" percent="0">
      <mem type="soa" free="0" total="12067840" percent="0" />
      <mem type="loa" free="0" total="121856" percent="0" />
    </mem>
  </mem-info>
</gc-start>
<allocation-stats totalBytes="7842392" >
  <allocated-bytes non-tlh="19056" tlh="7823336" />
  <largest-consumer threadName="Thread-7" threadId="0000000000AB7900" bytes="2966176" />
</allocation-stats>
<concurrent-halted id="4405" timestamp="2019-07-02T19:36:52.931">
  <halted state="Class scanning incomplete" status="clean trace" />
  <traced bytesTarget="1777624" bytesTotal="1194896" bytesByMutator="440308" bytesByHelper="754588" percent="67" />
  <cards cleaned="0" thresholdBytes="95576" />
</concurrent-halted>
<gc-op id="4406" type="tracing" timems="0.556" contextid="4399" timestamp="2019-07-02T19:36:52.932">
  <trace bytesTraced="738312" workStackOverflowCount="0" />
</gc-op>
<gc-op id="4407" type="card-cleaning" timems="0.268" contextid="4399" timestamp="2019-07-02T19:36:52.932">
  <card-cleaning cardsCleaned="37" bytesTraced="28888" workStackOverflowCount="0" />
</gc-op>
<gc-op id="4408" type="mark" timems="1.388" contextid="4399" timestamp="2019-07-02T19:36:52.934">
  <trace-info objectcount="11797" scancount="12464" scanbytes="506844" />
  <finalization candidates="124" enqueued="0" />
  <ownableSynchronizers candidates="3" cleared="0" />
  <references type="soft" candidates="84" cleared="0" enqueued="0" dynamicThreshold="20" maxThreshold="32" />
  <references type="weak" candidates="776" cleared="0" enqueued="0" />
  <references type="phantom" candidates="63" cleared="0" enqueued="0" />
  <stringconstants candidates="4574" cleared="0"  />
</gc-op>
<gc-op id="4409" type="sweep" timems="1.098" contextid="4399" timestamp="2019-07-02T19:36:52.935" />
<heap-resize id="4410" type="contract" space="tenure" amount="65536" count="1" timems="0.111" reason="excess free space following gc" timestamp="2019-07-02T19:36:52.935" />
<gc-end id="4411" type="global" contextid="4399" durationms="4.057" usertimems="4.000" systemtimems="4.000" timestamp="2019-07-02T19:36:52.935" activeThreads="4">
  <mem-info id="4412" free="7655896" total="12124160" percent="63">
    <mem type="tenure" free="7655896" total="12124160" percent="63" micro-fragmented="15360">
      <mem type="soa" free="7655896" total="12003328" percent="63" />
      <mem type="loa" free="0" total="120832" percent="0" />
    </mem>
  </mem-info>
</gc-end>
<cycle-end id="4413" type="global" contextid="4399" timestamp="2019-07-02T19:36:52.935">
  <attribute name="GC Util" value="142" />
  <attribute name="CPU Util" value="21783444831314" />
  <attribute name="Time Running"value="4423"/>
  <attribute name="Number of cores"value="4"/>
</cycle-end>
<allocation-satisfied id="4414" threadId="0000000000ABB500" bytesRequested="48" />
<af-end id="4415" timestamp="2019-07-02T19:36:52.936" threadId="0000000000ABBE88" success="true" />
<exclusive-end id="4416" timestamp="2019-07-02T19:36:52.936" durationms="4.534" />

<concurrent-kickoff id="4417" timestamp="2019-07-02T19:36:52.942">
  <kickoff reason="threshold reached" targetBytes="1671303" thresholdFreeBytes="228306" remainingFree="218536" tenureFreeBytes="218536" />
</concurrent-kickoff>
<exclusive-start id="4418" timestamp="2019-07-02T19:36:52.942" intervalms="10.615">
  <response-info timems="0.078" idlems="0.048" threads="1" lastid="0000000000AB0100" lastname="Thread-8" />
</exclusive-start>
<cycle-start id="4419" type="global" contextid="0" timestamp="2019-07-02T19:36:52.942" intervalms="11.846" />
  <attribute name="GC Util" value="142" />
  <attribute name="CPU Util" value="21783444831314" />
  <attribute name="Time Running"value="4423"/>
  <attribute name="Number of cores"value="4"/>
<exclusive-end id="4420" timestamp="2019-07-02T19:36:52.942" durationms="0.117" />

<exclusive-start id="4421" timestamp="2019-07-02T19:36:52.943" intervalms="1.777">
  <response-info timems="0.023" idlems="0.023" threads="0" lastid="0000000000AB0100" lastname="Thread-8" />
</exclusive-start>
<concurrent-collection-start id="4422" timestamp="2019-07-02T19:36:52.944" intervalms="77.260" >
  <concurrent-trace-info reason="card cleaning threshold reached" tracedByMutators="906044" tracedByHelpers="885424" cardsCleaned="21" workStackOverflowCount="0" />
</concurrent-collection-start>
<gc-start id="4423" type="global" contextid="4419" timestamp="2019-07-02T19:36:52.944">
  <mem-info id="4424" free="0" total="12124160" percent="0">
    <mem type="tenure" free="0" total="12124160" percent="0">
      <mem type="soa" free="0" total="12003328" percent="0" />
      <mem type="loa" free="0" total="120832" percent="0" />
    </mem>
  </mem-info>
</gc-start>
<allocation-stats totalBytes="7647128" >
  <allocated-bytes non-tlh="19056" tlh="7628072" />
  <largest-consumer threadName="Thread-7" threadId="0000000000AB7900" bytes="2996128" />
</allocation-stats>
<gc-op id="4425" type="card-cleaning" timems="0.288" contextid="4419" timestamp="2019-07-02T19:36:52.944">
  <card-cleaning cardsCleaned="15" bytesTraced="6232" workStackOverflowCount="0" />
</gc-op>
<gc-op id="4426" type="mark" timems="1.326" contextid="4419" timestamp="2019-07-02T19:36:52.945">
  <trace-info objectcount="9931" scancount="10786" scanbytes="439092" />
  <finalization candidates="124" enqueued="0" />
  <ownableSynchronizers candidates="3" cleared="0" />
  <references type="soft" candidates="84" cleared="0" enqueued="0" dynamicThreshold="20" maxThreshold="32" />
  <references type="weak" candidates="776" cleared="0" enqueued="0" />
  <references type="phantom" candidates="63" cleared="0" enqueued="0" />
  <stringconstants candidates="4574" cleared="0"  />
</gc-op>
<gc-op id="4427" type="sweep" timems="0.851" contextid="4419" timestamp="2019-07-02T19:36:52.946" />
<mem-info id="4428" free="7857176" total="12124160" percent="64">
  <mem type="tenure" free="7857176" total="12124160" percent="64" micro-fragmented="55875">
    <mem type="soa" free="7857176" total="12003328" percent="65" />
    <mem type="loa" free="0" total="120832" percent="0" />
  </mem>
</mem-info>
<gc-op id="4429" type="compact" timems="4.650" contextid="4419" timestamp="2019-07-02T19:36:52.951">
  <compact-info movecount="17041" movebytes="823712" reason="compact to aid heap contraction" />
</gc-op>
<heap-resize id="4430" type="contract" space="tenure" amount="65536" count="1" timems="0.082" reason="excess free space following gc" timestamp="2019-07-02T19:36:52.951" />
<gc-end id="4431" type="global" contextid="4419" durationms="7.813" usertimems="12.000" systemtimems="0.000" timestamp="2019-07-02T19:36:52.951" activeThreads="4">
  <mem-info id="4432" free="7839400" total="12058624" percent="65">
    <mem type="tenure" free="7839400" total="12058624" percent="65">
      <mem type="soa" free="7839400" total="11938816" percent="65" />
      <mem type="loa" free="0" total="119808" percent="0" />
    </mem>
  </mem-info>
</gc-end>
<cycle-end id="4433" type="global" contextid="4419" timestamp="2019-07-02T19:36:52.952">
  <attribute name="GC Util" value="102" />
  <attribute name="CPU Util" value="40748184530522" />
  <attribute name="Time Running"value="4434"/>
  <attribute name="Number of cores"value="4"/>
</cycle-end>
<concurrent-collection-end id="4434" timestamp="2019-07-02T19:36:52.952" />
<exclusive-end id="4435" timestamp="2019-07-02T19:36:52.952" durationms="8.200" />

<concurrent-kickoff id="4436" timestamp="2019-07-02T19:36:52.958">
  <kickoff reason="threshold reached" targetBytes="1681776" thresholdFreeBytes="230322" remainingFree="114344" tenureFreeBytes="114344" />
</concurrent-kickoff>
<exclusive-start id="4437" timestamp="2019-07-02T19:36:52.958" intervalms="14.249">
  <response-info timems="0.025" idlems="0.025" threads="0" lastid="0000000000AB0100" lastname="Thread-8" />
</exclusive-start>
<cycle-start id="4438" type="global" contextid="0" timestamp="2019-07-02T19:36:52.958" intervalms="16.006" />
  <attribute name="GC Util" value="102" />
  <attribute name="CPU Util" value="40748184530522" />
  <attribute name="Time Running"value="4434"/>
  <attribute name="Number of cores"value="4"/>
<exclusive-end id="4439" timestamp="2019-07-02T19:36:52.958" durationms="0.083" />

<exclusive-start id="4440" timestamp="2019-07-02T19:36:52.958" intervalms="0.186">
  <response-info timems="0.023" idlems="0.023" threads="0" lastid="0000000000ABB500" lastname="Thread-9" />
</exclusive-start>
<af-start id="4441" threadId="0000000000ABBE88" totalBytesRequested="40" timestamp="2019-07-02T19:36:52.958" intervalms="26.824" />
<concurrent-aborted id="4442" timestamp="2019-07-02T19:36:52.958">
  <reason value="insufficient progress made" />
</concurrent-aborted>
<cycle-end id="4443" type="global" contextid="4438" timestamp="2019-07-02T19:36:52.958">
  <attribute name="GC Util" value="102" />
  <attribute name="CPU Util" value="40748184530522" />
  <attribute name="Time Running"value="4434"/>
  <attribute name="Number of cores"value="4"/>
</cycle-end>
<cycle-start id="4444" type="global" contextid="0" timestamp="2019-07-02T19:36:52.958" intervalms="0.392" />
  <attribute name="GC Util" value="102" />
  <attribute name="CPU Util" value="40748184530522" />
  <attribute name="Time Running"value="4434"/>
  <attribute name="Number of cores"value="4"/>
<gc-start id="4445" type="global" contextid="4444" timestamp="2019-07-02T19:36:52.958">
  <mem-info id="4446" free="0" total="12058624" percent="0">
    <mem type="tenure" free="0" total="12058624" percent="0">
      <mem type="soa" free="0" total="11938816" percent="0" />
      <mem type="loa" free="0" total="119808" percent="0" />
    </mem>
  </mem-info>
</gc-start>
<allocation-stats totalBytes="7838568" >
  <allocated-bytes non-tlh="0" tlh="7838568" />
  <largest-consumer threadName="Thread-7" threadId="0000000000AB7900" bytes="3095888" />
</allocation-stats>
<gc-op id="4447" type="mark" timems="2.449" contextid="4444" timestamp="2019-07-02T19:36:52.961">
  <trace-info objectcount="64669" scancount="57091" scanbytes="2243780" />
  <finalization candidates="124" enqueued="0" />
  <ownableSynchronizers candidates="3" cleared="0" />
  <references type="soft" candidates="84" cleared="0" enqueued="0" dynamicThreshold="20" maxThreshold="32" />
  <references type="weak" candidates="776" cleared="0" enqueued="0" />
  <references type="phantom" candidates="63" cleared="0" enqueued="0" />
  <stringconstants candidates="4574" cleared="0"  />
</gc-op>
<gc-op id="4448" type="sweep" timems="1.031" contextid="4444" timestamp="2019-07-02T19:36:52.962" />
<heap-resize id="4449" type="contract" space="tenure" amount="65536" count="1" timems="0.082" reason="excess free space following gc" timestamp="2019-07-02T19:36:52.962" />
<gc-end id="4450" type="global" contextid="4444" durationms="3.945" usertimems="12.000" systemtimems="0.000" timestamp="2019-07-02T19:36:52.962" activeThreads="4">
  <mem-info id="4451" free="7787464" total="11993088" percent="64">
    <mem type="tenure" free="7787464" total="11993088" percent="64" micro-fragmented="10271">
      <mem type="soa" free="7721928" total="11873280" percent="65" />
      <mem type="loa" free="65536" total="119808" percent="54" />
    </mem>
  </mem-info>
</gc-end>
<cycle-end id="4452" type="global" contextid="4444" timestamp="2019-07-02T19:36:52.962">
  <attribute name="GC Util" value="173" />
  <attribute name="CPU Util" value="23717723268293" />
  <attribute name="Time Running"value="4450"/>
  <attribute name="Number of cores"value="4"/>
</cycle-end>
<allocation-satisfied id="4453" threadId="0000000000ABB500" bytesRequested="40" />
<af-end id="4454" timestamp="2019-07-02T19:36:52.962" threadId="0000000000ABBE88" success="true" />
<exclusive-end id="4455" timestamp="2019-07-02T19:36:52.962" durationms="4.526" />

<concurrent-kickoff id="4456" timestamp="2019-07-02T19:36:52.969">
  <kickoff reason="threshold reached" targetBytes="1672636" thresholdFreeBytes="229069" remainingFree="106400" tenureFreeBytes="106400" />
</concurrent-kickoff>
<exclusive-start id="4457" timestamp="2019-07-02T19:36:52.969" intervalms="10.884">
  <response-info timems="0.075" idlems="0.047" threads="1" lastid="0000000000ABB500" lastname="Thread-9" />
</exclusive-start>
<cycle-start id="4458" type="global" contextid="0" timestamp="2019-07-02T19:36:52.969" intervalms="10.699" />
  <attribute name="GC Util" value="173" />
  <attribute name="CPU Util" value="23717723268293" />
  <attribute name="Time Running"value="4450"/>
  <attribute name="Number of cores"value="4"/>
<exclusive-end id="4459" timestamp="2019-07-02T19:36:52.969" durationms="0.114" />

<exclusive-start id="4460" timestamp="2019-07-02T19:36:52.969" intervalms="0.239">
  <response-info timems="0.054" idlems="0.054" threads="0" lastid="0000000000AB3D00" lastname="Thread-10" />
</exclusive-start>
<af-start id="4461" threadId="0000000000AB4688" totalBytesRequested="24" timestamp="2019-07-02T19:36:52.969" intervalms="11.123" />
<concurrent-aborted id="4462" timestamp="2019-07-02T19:36:52.969">
  <reason value="insufficient progress made" />
</concurrent-aborted>
<cycle-end id="4463" type="global" contextid="4458" timestamp="2019-07-02T19:36:52.969">
  <attribute name="GC Util" value="173" />
  <attribute name="CPU Util" value="23717723268293" />
  <attribute name="Time Running"value="4450"/>
  <attribute name="Number of cores"value="4"/>
</cycle-end>
<cycle-start id="4464" type="global" contextid="0" timestamp="2019-07-02T19:36:52.969" intervalms="0.415" />
  <attribute name="GC Util" value="173" />
  <attribute name="CPU Util" value="23717723268293" />
  <attribute name="Time Running"value="4450"/>
  <attribute name="Number of cores"value="4"/>
<gc-start id="4465" type="global" contextid="4464" timestamp="2019-07-02T19:36:52.969">
  <mem-info id="4466" free="65536" total="11993088" percent="0">
    <mem type="tenure" free="65536" total="11993088" percent="0">
      <mem type="soa" free="0" total="11873280" percent="0" />
      <mem type="loa" free="65536" total="119808" percent="54" />
    </mem>
  </mem-info>
</gc-start>
<allocation-stats totalBytes="7719984" >
  <allocated-bytes non-tlh="0" tlh="7719984" />
  <largest-consumer threadName="Thread-7" threadId="0000000000AB7900" bytes="3150736" />
</allocation-stats>
<gc-op id="4467" type="mark" timems="1.663" contextid="4464" timestamp="2019-07-02T19:36:52.971">
  <trace-info objectcount="67009" scancount="59448" scanbytes="2299940" />
  <finalization candidates="124" enqueued="0" />
  <ownableSynchronizers candidates="3" cleared="0" />
  <references type="soft" candidates="84" cleared="0" enqueued="0" dynamicThreshold="20" maxThreshold="32" />
  <references type="weak" candidates="776" cleared="0" enqueued="0" />
  <references type="phantom" candidates="63" cleared="0" enqueued="0" />
  <stringconstants candidates="4574" cleared="0"  />
</gc-op>
<gc-op id="4468" type="sweep" timems="0.458" contextid="4464" timestamp="2019-07-02T19:36:52.972" />
<heap-resize id="4469" type="contract" space="tenure" amount="65536" count="1" timems="0.053" reason="excess free space following gc" timestamp="2019-07-02T19:36:52.972" />
<gc-end id="4470" type="global" contextid="4464" durationms="2.465" usertimems="8.000" systemtimems="0.000" timestamp="2019-07-02T19:36:52.972" activeThreads="4">
  <mem-info id="4471" free="7585976" total="11927552" percent="63">
    <mem type="tenure" free="7585976" total="11927552" percent="63" micro-fragmented="20566">
      <mem type="soa" free="7585976" total="11808768" percent="64" />
      <mem type="loa" free="0" total="118784" percent="0" />
    </mem>
  </mem-info>
</gc-end>
<cycle-end id="4472" type="global" contextid="4464" timestamp="2019-07-02T19:36:52.972">
  <attribute name="GC Util" value="126" />
  <attribute name="CPU Util" value="55788323463033" />
  <attribute name="Time Running"value="4459"/>
  <attribute name="Number of cores"value="4"/>
</cycle-end>
<allocation-satisfied id="4473" threadId="0000000000AB3D00" bytesRequested="24" />
<af-end id="4474" timestamp="2019-07-02T19:36:52.972" threadId="0000000000AB4688" success="true" />
<exclusive-end id="4475" timestamp="2019-07-02T19:36:52.972" durationms="2.976" />

<concurrent-kickoff id="4476" timestamp="2019-07-02T19:36:52.978">
  <kickoff reason="threshold reached" targetBytes="1663495" thresholdFreeBytes="227818" remainingFree="207648" tenureFreeBytes="207648" />
</concurrent-kickoff>
<exclusive-start id="4477" timestamp="2019-07-02T19:36:52.978" intervalms="9.036">
  <response-info timems="0.083" idlems="0.052" threads="1" lastid="0000000000AB7900" lastname="Thread-7" />
</exclusive-start>
<cycle-start id="4478" type="global" contextid="0" timestamp="2019-07-02T19:36:52.978" intervalms="8.847" />
  <attribute name="GC Util" value="126" />
  <attribute name="CPU Util" value="55788323463033" />
  <attribute name="Time Running"value="4459"/>
  <attribute name="Number of cores"value="4"/>
<exclusive-end id="4479" timestamp="2019-07-02T19:36:52.978" durationms="0.104" />

<exclusive-start id="4480" timestamp="2019-07-02T19:36:52.979" intervalms="0.682">
  <response-info timems="0.063" idlems="0.036" threads="2" lastid="0000000000AB7900" lastname="Thread-7" />
</exclusive-start>
<af-start id="4481" threadId="0000000000AB4688" totalBytesRequested="40" timestamp="2019-07-02T19:36:52.979" intervalms="9.712" />
<gc-start id="4482" type="global" contextid="4478" timestamp="2019-07-02T19:36:52.979">
  <mem-info id="4483" free="0" total="11927552" percent="0">
    <mem type="tenure" free="0" total="11927552" percent="0">
      <mem type="soa" free="0" total="11808768" percent="0" />
      <mem type="loa" free="0" total="118784" percent="0" />
    </mem>
  </mem-info>
</gc-start>
<allocation-stats totalBytes="7578704" >
  <allocated-bytes non-tlh="19056" tlh="7559648" />
  <largest-consumer threadName="Thread-7" threadId="0000000000AB7900" bytes="3146464" />
</allocation-stats>
<concurrent-halted id="4484" timestamp="2019-07-02T19:36:52.979">
  <halted state="Tracing incomplete" status="clean trace" />
  <traced bytesTarget="1663495" bytesTotal="536120" bytesByMutator="536120" bytesByHelper="0" percent="32" />
  <cards cleaned="0" thresholdBytes="89746" />
</concurrent-halted>
<gc-op id="4485" type="tracing" timems="0.625" contextid="4478" timestamp="2019-07-02T19:36:52.980">
  <trace bytesTraced="912504" workStackOverflowCount="0" />
</gc-op>
<gc-op id="4486" type="card-cleaning" timems="0.471" contextid="4478" timestamp="2019-07-02T19:36:52.980">
  <card-cleaning cardsCleaned="17" bytesTraced="261892" workStackOverflowCount="0" />
</gc-op>
<gc-op id="4487" type="mark" timems="1.706" contextid="4478" timestamp="2019-07-02T19:36:52.982">
  <trace-info objectcount="21927" scancount="17020" scanbytes="544036" />
  <finalization candidates="124" enqueued="0" />
  <ownableSynchronizers candidates="3" cleared="0" />
  <references type="soft" candidates="84" cleared="0" enqueued="0" dynamicThreshold="20" maxThreshold="32" />
  <references type="weak" candidates="776" cleared="0" enqueued="0" />
  <references type="phantom" candidates="63" cleared="0" enqueued="0" />
  <stringconstants candidates="4574" cleared="0"  />
</gc-op>
<gc-op id="4488" type="sweep" timems="1.036" contextid="4478" timestamp="2019-07-02T19:36:52.983" />
<heap-resize id="4489" type="contract" space="tenure" amount="65536" count="1" timems="0.094" reason="excess free space following gc" timestamp="2019-07-02T19:36:52.983" />
<gc-end id="4490" type="global" contextid="4478" durationms="4.552" usertimems="12.000" systemtimems="0.000" timestamp="2019-07-02T19:36:52.983" activeThreads="4">
  <mem-info id="4491" free="7584736" total="11862016" percent="63">
    <mem type="tenure" free="7584736" total="11862016" percent="63" micro-fragmented="21064">
      <mem type="soa" free="7584736" total="11744256" percent="64" />
      <mem type="loa" free="0" total="117760" percent="0" />
    </mem>
  </mem-info>
</gc-end>
<cycle-end id="4492" type="global" contextid="4478" timestamp="2019-07-02T19:36:52.984">
  <attribute name="GC Util" value="164" />
  <attribute name="CPU Util" value="23177620767438" />
  <attribute name="Time Running"value="4471"/>
  <attribute name="Number of cores"value="4"/>
</cycle-end>
<allocation-satisfied id="4493" threadId="0000000000AB3D00" bytesRequested="40" />
<af-end id="4494" timestamp="2019-07-02T19:36:52.984" threadId="0000000000AB4688" success="true" />
<exclusive-end id="4495" timestamp="2019-07-02T19:36:52.984" durationms="5.026" />

<concurrent-kickoff id="4496" timestamp="2019-07-02T19:36:52.990">
  <kickoff reason="threshold reached" targetBytes="1484679" thresholdFreeBytes="203696" remainingFree="203120" tenureFreeBytes="203120" />
</concurrent-kickoff>
<exclusive-start id="4497" timestamp="2019-07-02T19:36:52.990" intervalms="11.130">
  <response-info timems="0.064" idlems="0.035" threads="1" lastid="0000000000ABB500" lastname="Thread-9" />
</exclusive-start>
<cycle-start id="4498" type="global" contextid="0" timestamp="2019-07-02T19:36:52.990" intervalms="11.824" />
  <attribute name="GC Util" value="164" />
  <attribute name="CPU Util" value="23177620767438" />
  <attribute name="Time Running"value="4471"/>
  <attribute name="Number of cores"value="4"/>
<exclusive-end id="4499" timestamp="2019-07-02T19:36:52.990" durationms="0.112" />

<exclusive-start id="4500" timestamp="2019-07-02T19:36:52.991" intervalms="0.946">
  <response-info timems="0.029" idlems="0.029" threads="0" lastid="0000000000AB0100" lastname="Thread-8" />
</exclusive-start>
<af-start id="4501" threadId="0000000000AB0A88" totalBytesRequested="40" timestamp="2019-07-02T19:36:52.991" intervalms="12.067" />
<gc-start id="4502" type="global" contextid="4498" timestamp="2019-07-02T19:36:52.991">
  <mem-info id="4503" free="0" total="11862016" percent="0">
    <mem type="tenure" free="0" total="11862016" percent="0">
      <mem type="soa" free="0" total="11744256" percent="0" />
      <mem type="loa" free="0" total="117760" percent="0" />
    </mem>
  </mem-info>
</gc-start>
<allocation-stats totalBytes="7580456" >
  <allocated-bytes non-tlh="0" tlh="7580456" />
  <largest-consumer threadName="Thread-7" threadId="0000000000AB7900" bytes="3270952" />
</allocation-stats>
<concurrent-halted id="4504" timestamp="2019-07-02T19:36:52.991">
  <halted state="Class scanning incomplete" status="clean trace" />
  <traced bytesTarget="1484679" bytesTotal="1456092" bytesByMutator="815048" bytesByHelper="641044" percent="98" />
  <cards cleaned="0" thresholdBytes="80243" />
</concurrent-halted>
<gc-op id="4505" type="tracing" timems="0.338" contextid="4498" timestamp="2019-07-02T19:36:52.991">
  <trace bytesTraced="90196" workStackOverflowCount="0" />
</gc-op>
<gc-op id="4506" type="card-cleaning" timems="0.260" contextid="4498" timestamp="2019-07-02T19:36:52.992">
  <card-cleaning cardsCleaned="26" bytesTraced="18600" workStackOverflowCount="0" />
</gc-op>
<gc-op id="4507" type="mark" timems="1.225" contextid="4498" timestamp="2019-07-02T19:36:52.993">
  <trace-info objectcount="22386" scancount="19783" scanbytes="705036" />
  <finalization candidates="124" enqueued="0" />
  <ownableSynchronizers candidates="3" cleared="0" />
  <references type="soft" candidates="84" cleared="0" enqueued="0" dynamicThreshold="20" maxThreshold="32" />
  <references type="weak" candidates="776" cleared="0" enqueued="0" />
  <references type="phantom" candidates="63" cleared="0" enqueued="0" />
  <stringconstants candidates="4574" cleared="0"  />
</gc-op>
<gc-op id="4508" type="sweep" timems="1.000" contextid="4498" timestamp="2019-07-02T19:36:52.994" />
<heap-resize id="4509" type="contract" space="tenure" amount="65536" count="1" timems="0.102" reason="excess free space following gc" timestamp="2019-07-02T19:36:52.994" />
<gc-end id="4510" type="global" contextid="4498" durationms="3.409" usertimems="8.000" systemtimems="0.000" timestamp="2019-07-02T19:36:52.994" activeThreads="4">
  <mem-info id="4511" free="7474864" total="11796480" percent="63">
    <mem type="tenure" free="7474864" total="11796480" percent="63" micro-fragmented="36424">
      <mem type="soa" free="7474864" total="11678720" percent="64" />
      <mem type="loa" free="0" total="117760" percent="0" />
    </mem>
  </mem-info>
</gc-end>
<cycle-end id="4512" type="global" contextid="4498" timestamp="2019-07-02T19:36:52.994">
  <attribute name="GC Util" value="158" />
  <attribute name="CPU Util" value="24668215954454" />
  <attribute name="Time Running"value="4482"/>
  <attribute name="Number of cores"value="4"/>
</cycle-end>
<allocation-satisfied id="4513" threadId="0000000000AB0100" bytesRequested="40" />
<af-end id="4514" timestamp="2019-07-02T19:36:52.995" threadId="0000000000AB0A88" success="true" />
<exclusive-end id="4515" timestamp="2019-07-02T19:36:52.995" durationms="3.816" />

<concurrent-kickoff id="4516" timestamp="2019-07-02T19:36:53.000">
  <kickoff reason="threshold reached" targetBytes="1485954" thresholdFreeBytes="203848" remainingFree="200616" tenureFreeBytes="200616" />
</concurrent-kickoff>
<exclusive-start id="4517" timestamp="2019-07-02T19:36:53.000" intervalms="9.149">
  <response-info timems="0.090" idlems="0.055" threads="1" lastid="0000000000AB7900" lastname="Thread-7" />
</exclusive-start>
<cycle-start id="4518" type="global" contextid="0" timestamp="2019-07-02T19:36:53.000" intervalms="10.093" />
  <attribute name="GC Util" value="158" />
  <attribute name="CPU Util" value="24668215954454" />
  <attribute name="Time Running"value="4482"/>
  <attribute name="Number of cores"value="4"/>
<exclusive-end id="4519" timestamp="2019-07-02T19:36:53.000" durationms="0.120" />

<exclusive-start id="4520" timestamp="2019-07-02T19:36:53.002" intervalms="1.589">
  <response-info timems="0.142" idlems="0.079" threads="1" lastid="0000000000AB0100" lastname="Thread-8" />
</exclusive-start>
<af-start id="4521" threadId="0000000000ABBE88" totalBytesRequested="24" timestamp="2019-07-02T19:36:53.002" intervalms="10.757" />
<gc-start id="4522" type="global" contextid="4518" timestamp="2019-07-02T19:36:53.002">
  <mem-info id="4523" free="0" total="11796480" percent="0">
    <mem type="tenure" free="0" total="11796480" percent="0">
      <mem type="soa" free="0" total="11678720" percent="0" />
      <mem type="loa" free="0" total="117760" percent="0" />
    </mem>
  </mem-info>
</gc-start>
<allocation-stats totalBytes="7467464" >
  <allocated-bytes non-tlh="0" tlh="7467464" />
  <largest-consumer threadName="Thread-7" threadId="0000000000AB7900" bytes="2887816" />
</allocation-stats>
<concurrent-halted id="4524" timestamp="2019-07-02T19:36:53.002">
  <halted state="Complete" status="exhausted" />
  <traced bytesTarget="1485954" bytesTotal="1257256" bytesByMutator="544824" bytesByHelper="712432" percent="84" />
  <cards cleaned="30" thresholdBytes="80303" />
</concurrent-halted>
<gc-op id="4525" type="card-cleaning" timems="0.261" contextid="4518" timestamp="2019-07-02T19:36:53.002">
  <card-cleaning cardsCleaned="15" bytesTraced="2052" workStackOverflowCount="0" />
</gc-op>
<gc-op id="4526" type="mark" timems="1.431" contextid="4518" timestamp="2019-07-02T19:36:53.004">
  <trace-info objectcount="25021" scancount="25793" scanbytes="1070960" />
  <finalization candidates="124" enqueued="0" />
  <ownableSynchronizers candidates="3" cleared="0" />
  <references type="soft" candidates="84" cleared="0" enqueued="0" dynamicThreshold="20" maxThreshold="32" />
  <references type="weak" candidates="776" cleared="0" enqueued="0" />
  <references type="phantom" candidates="63" cleared="0" enqueued="0" />
  <stringconstants candidates="4574" cleared="0"  />
</gc-op>
<gc-op id="4527" type="sweep" timems="1.240" contextid="4518" timestamp="2019-07-02T19:36:53.005" />
<heap-resize id="4528" type="contract" space="tenure" amount="65536" count="1" timems="0.060" reason="excess free space following gc" timestamp="2019-07-02T19:36:53.005" />
<gc-end id="4529" type="global" contextid="4518" durationms="3.450" usertimems="8.000" systemtimems="0.000" timestamp="2019-07-02T19:36:53.005" activeThreads="4">
  <mem-info id="4530" free="7354128" total="11730944" percent="62">
    <mem type="tenure" free="7354128" total="11730944" percent="62" micro-fragmented="9995">
      <mem type="soa" free="7354128" total="11614208" percent="63" />
      <mem type="loa" free="0" total="116736" percent="0" />
    </mem>
  </mem-info>
</gc-end>
<cycle-end id="4531" type="global" contextid="4518" timestamp="2019-07-02T19:36:53.005">
  <attribute name="GC Util" value="150" />
  <attribute name="CPU Util" value="23705409746456" />
  <attribute name="Time Running"value="4492"/>
  <attribute name="Number of cores"value="4"/>
</cycle-end>
<allocation-satisfied id="4532" threadId="0000000000ABB500" bytesRequested="24" />
<af-end id="4533" timestamp="2019-07-02T19:36:53.005" threadId="0000000000ABBE88" success="true" />
<exclusive-end id="4534" timestamp="2019-07-02T19:36:53.005" durationms="3.815" />

<concurrent-kickoff id="4535" timestamp="2019-07-02T19:36:53.011">
  <kickoff reason="threshold reached" targetBytes="1426868" thresholdFreeBytes="196036" remainingFree="193128" tenureFreeBytes="193128" />
</concurrent-kickoff>
<exclusive-start id="4536" timestamp="2019-07-02T19:36:53.011" intervalms="9.545">
  <response-info timems="0.074" idlems="0.046" threads="1" lastid="0000000000AB0100" lastname="Thread-8" />
</exclusive-start>
<cycle-start id="4537" type="global" contextid="0" timestamp="2019-07-02T19:36:53.011" intervalms="11.138" />
  <attribute name="GC Util" value="150" />
  <attribute name="CPU Util" value="23705409746456" />
  <attribute name="Time Running"value="4492"/>
  <attribute name="Number of cores"value="4"/>
<exclusive-end id="4538" timestamp="2019-07-02T19:36:53.011" durationms="0.120" />

<exclusive-start id="4539" timestamp="2019-07-02T19:36:53.013" intervalms="1.577">
  <response-info timems="0.023" idlems="0.023" threads="0" lastid="0000000000AB0100" lastname="Thread-8" />
</exclusive-start>
<af-start id="4540" threadId="0000000000AB0A88" totalBytesRequested="40" timestamp="2019-07-02T19:36:53.013" intervalms="11.099" />
<gc-start id="4541" type="global" contextid="4537" timestamp="2019-07-02T19:36:53.013">
  <mem-info id="4542" free="0" total="11730944" percent="0">
    <mem type="tenure" free="0" total="11730944" percent="0">
      <mem type="soa" free="0" total="11614208" percent="0" />
      <mem type="loa" free="0" total="116736" percent="0" />
    </mem>
  </mem-info>
</gc-start>
<allocation-stats totalBytes="7342328" >
  <allocated-bytes non-tlh="0" tlh="7342328" />
  <largest-consumer threadName="Thread-7" threadId="0000000000AB7900" bytes="3103280" />
</allocation-stats>
<concurrent-halted id="4543" timestamp="2019-07-02T19:36:53.013">
  <halted state="Class scanning incomplete" status="clean trace" />
  <traced bytesTarget="1426868" bytesTotal="1687704" bytesByMutator="1059052" bytesByHelper="628652" percent="118" />
  <cards cleaned="47" thresholdBytes="77226" />
</concurrent-halted>
<gc-op id="4544" type="tracing" timems="0.343" contextid="4537" timestamp="2019-07-02T19:36:53.013">
  <trace bytesTraced="101904" workStackOverflowCount="0" />
</gc-op>
<gc-op id="4545" type="card-cleaning" timems="0.406" contextid="4537" timestamp="2019-07-02T19:36:53.014">
  <card-cleaning cardsCleaned="3" bytesTraced="1276" workStackOverflowCount="0" />
</gc-op>
<gc-op id="4546" type="mark" timems="1.387" contextid="4537" timestamp="2019-07-02T19:36:53.015">
  <trace-info objectcount="16475" scancount="15952" scanbytes="572752" />
  <finalization candidates="124" enqueued="0" />
  <ownableSynchronizers candidates="3" cleared="0" />
  <references type="soft" candidates="84" cleared="0" enqueued="0" dynamicThreshold="20" maxThreshold="32" />
  <references type="weak" candidates="776" cleared="0" enqueued="0" />
  <references type="phantom" candidates="63" cleared="0" enqueued="0" />
  <stringconstants candidates="4574" cleared="0"  />
</gc-op>
<gc-op id="4547" type="sweep" timems="1.238" contextid="4537" timestamp="2019-07-02T19:36:53.016" />
<mem-info id="4548" free="7257832" total="11730944" percent="61">
  <mem type="tenure" free="7257832" total="11730944" percent="61" micro-fragmented="12871">
    <mem type="soa" free="7257832" total="11614208" percent="62" />
    <mem type="loa" free="0" total="116736" percent="0" />
  </mem>
</mem-info>
<gc-op id="4549" type="compact" timems="5.039" contextid="4537" timestamp="2019-07-02T19:36:53.022">
  <compact-info movecount="21919" movebytes="940376" reason="compact to aid heap contraction" />
</gc-op>
<heap-resize id="4550" type="contract" space="tenure" amount="65536" count="1" timems="0.085" reason="excess free space following gc" timestamp="2019-07-02T19:36:53.022" />
<gc-end id="4551" type="global" contextid="4537" durationms="9.049" usertimems="16.000" systemtimems="0.000" timestamp="2019-07-02T19:36:53.022" activeThreads="4">
  <mem-info id="4552" free="7251376" total="11665408" percent="62">
    <mem type="tenure" free="7251376" total="11665408" percent="62">
      <mem type="soa" free="7251376" total="11549696" percent="62" />
      <mem type="loa" free="0" total="115712" percent="0" />
    </mem>
  </mem-info>
</gc-end>
<cycle-end id="4553" type="global" contextid="4537" timestamp="2019-07-02T19:36:53.022">
  <attribute name="GC Util" value="156" />
  <attribute name="CPU Util" value="34891550176786" />
  <attribute name="Time Running"value="4505"/>
  <attribute name="Number of cores"value="4"/>
</cycle-end>
<allocation-satisfied id="4554" threadId="0000000000AB0100" bytesRequested="40" />
<af-end id="4555" timestamp="2019-07-02T19:36:53.022" threadId="0000000000AB0A88" success="true" />
<exclusive-end id="4556" timestamp="2019-07-02T19:36:53.022" durationms="9.453" />

<concurrent-kickoff id="4557" timestamp="2019-07-02T19:36:53.027">
  <kickoff reason="threshold reached" targetBytes="1478002" thresholdFreeBytes="202914" remainingFree="128432" tenureFreeBytes="128432" />
</concurrent-kickoff>
<exclusive-start id="4558" timestamp="2019-07-02T19:36:53.027" intervalms="14.662">
  <response-info timems="0.070" idlems="0.070" threads="0" lastid="0000000000ABB500" lastname="Thread-9" />
</exclusive-start>
<cycle-start id="4559" type="global" contextid="0" timestamp="2019-07-02T19:36:53.027" intervalms="16.248" />
  <attribute name="GC Util" value="156" />
  <attribute name="CPU Util" value="34891550176786" />
  <attribute name="Time Running"value="4505"/>
  <attribute name="Number of cores"value="4"/>
<exclusive-end id="4560" timestamp="2019-07-02T19:36:53.028" durationms="0.140" />

<exclusive-start id="4561" timestamp="2019-07-02T19:36:53.028" intervalms="0.425">
  <response-info timems="0.027" idlems="0.027" threads="0" lastid="0000000000AB7900" lastname="Thread-7" />
</exclusive-start>
<af-start id="4562" threadId="0000000000AB8288" totalBytesRequested="40" timestamp="2019-07-02T19:36:53.028" intervalms="15.112" />
<concurrent-aborted id="4563" timestamp="2019-07-02T19:36:53.028">
  <reason value="insufficient progress made" />
</concurrent-aborted>
<cycle-end id="4564" type="global" contextid="4559" timestamp="2019-07-02T19:36:53.028">
  <attribute name="GC Util" value="156" />
  <attribute name="CPU Util" value="34891550176786" />
  <attribute name="Time Running"value="4505"/>
  <attribute name="Number of cores"value="4"/>
</cycle-end>
<cycle-start id="4565" type="global" contextid="0" timestamp="2019-07-02T19:36:53.028" intervalms="0.605" />
  <attribute name="GC Util" value="156" />
  <attribute name="CPU Util" value="34891550176786" />
  <attribute name="Time Running"value="4505"/>
  <attribute name="Number of cores"value="4"/>
<gc-start id="4566" type="global" contextid="4565" timestamp="2019-07-02T19:36:53.028">
  <mem-info id="4567" free="0" total="11665408" percent="0">
    <mem type="tenure" free="0" total="11665408" percent="0">
      <mem type="soa" free="0" total="11549696" percent="0" />
      <mem type="loa" free="0" total="115712" percent="0" />
    </mem>
  </mem-info>
</gc-start>
<allocation-stats totalBytes="7316256" >
  <allocated-bytes non-tlh="0" tlh="7316256" />
  <largest-consumer threadName="Thread-7" threadId="0000000000AB7900" bytes="2850584" />
</allocation-stats>
<gc-op id="4568" type="mark" timems="1.879" contextid="4565" timestamp="2019-07-02T19:36:53.030">
  <trace-info objectcount="64694" scancount="57119" scanbytes="2244132" />
  <finalization candidates="124" enqueued="0" />
  <ownableSynchronizers candidates="3" cleared="0" />
  <references type="soft" candidates="84" cleared="0" enqueued="0" dynamicThreshold="19" maxThreshold="32" />
  <references type="weak" candidates="776" cleared="0" enqueued="0" />
  <references type="phantom" candidates="63" cleared="0" enqueued="0" />
  <stringconstants candidates="4574" cleared="0"  />
</gc-op>
<gc-op id="4569" type="sweep" timems="0.957" contextid="4565" timestamp="2019-07-02T19:36:53.031" />
<heap-resize id="4570" type="contract" space="tenure" amount="65536" count="1" timems="0.067" reason="excess free space following gc" timestamp="2019-07-02T19:36:53.031" />
<gc-end id="4571" type="global" contextid="4565" durationms="3.283" usertimems="8.000" systemtimems="0.000" timestamp="2019-07-02T19:36:53.031" activeThreads="4">
  <mem-info id="4572" free="7221360" total="11599872" percent="62">
    <mem type="tenure" free="7221360" total="11599872" percent="62" micro-fragmented="49378">
      <mem type="soa" free="7221360" total="11484160" percent="62" />
      <mem type="loa" free="0" total="115712" percent="0" />
    </mem>
  </mem-info>
</gc-end>
<cycle-end id="4573" type="global" contextid="4565" timestamp="2019-07-02T19:36:53.032">
  <attribute name="GC Util" value="164" />
  <attribute name="CPU Util" value="25910568009903" />
  <attribute name="Time Running"value="4519"/>
  <attribute name="Number of cores"value="4"/>
</cycle-end>
<allocation-satisfied id="4574" threadId="0000000000AB7900" bytesRequested="40" />
<af-end id="4575" timestamp="2019-07-02T19:36:53.032" threadId="0000000000AB8288" success="true" />
<exclusive-end id="4576" timestamp="2019-07-02T19:36:53.032" durationms="3.870" />

<concurrent-kickoff id="4577" timestamp="2019-07-02T19:36:53.037">
  <kickoff reason="threshold reached" targetBytes="1469699" thresholdFreeBytes="201775" remainingFree="187824" tenureFreeBytes="56752" />
</concurrent-kickoff>
<exclusive-start id="4578" timestamp="2019-07-02T19:36:53.037" intervalms="8.984">
  <response-info timems="0.092" idlems="0.056" threads="1" lastid="0000000000ABB500" lastname="Thread-9" />
</exclusive-start>
<cycle-start id="4579" type="global" contextid="0" timestamp="2019-07-02T19:36:53.037" intervalms="8.781" />
  <attribute name="GC Util" value="164" />
  <attribute name="CPU Util" value="25910568009903" />
  <attribute name="Time Running"value="4519"/>
  <attribute name="Number of cores"value="4"/>
<exclusive-end id="4580" timestamp="2019-07-02T19:36:53.037" durationms="0.093" />

<exclusive-start id="4581" timestamp="2019-07-02T19:36:53.037" intervalms="0.413">
  <response-info timems="0.041" idlems="0.041" threads="0" lastid="0000000000AB3D00" lastname="Thread-10" />
</exclusive-start>
<af-start id="4582" threadId="0000000000AB4688" totalBytesRequested="40" timestamp="2019-07-02T19:36:53.037" intervalms="9.389" />
<gc-start id="4583" type="global" contextid="4579" timestamp="2019-07-02T19:36:53.037">
  <mem-info id="4584" free="0" total="11599872" percent="0">
    <mem type="tenure" free="0" total="11599872" percent="0">
      <mem type="soa" free="0" total="11484160" percent="0" />
      <mem type="loa" free="0" total="115712" percent="0" />
    </mem>
  </mem-info>
</gc-start>
<allocation-stats totalBytes="7283112" >
  <allocated-bytes non-tlh="0" tlh="7283112" />
  <largest-consumer threadName="Thread-7" threadId="0000000000AB7900" bytes="2835368" />
</allocation-stats>
<concurrent-halted id="4585" timestamp="2019-07-02T19:36:53.037">
  <halted state="Class scanning incomplete" status="clean trace" />
  <traced bytesTarget="1469699" bytesTotal="482812" bytesByMutator="156512" bytesByHelper="326300" percent="32" />
  <cards cleaned="0" thresholdBytes="79487" />
</concurrent-halted>
<gc-op id="4586" type="tracing" timems="0.630" contextid="4579" timestamp="2019-07-02T19:36:53.038">
  <trace bytesTraced="915148" workStackOverflowCount="0" />
</gc-op>
<gc-op id="4587" type="card-cleaning" timems="0.267" contextid="4579" timestamp="2019-07-02T19:36:53.038">
  <card-cleaning cardsCleaned="10" bytesTraced="10884" workStackOverflowCount="0" />
</gc-op>
<gc-op id="4588" type="mark" timems="1.581" contextid="4579" timestamp="2019-07-02T19:36:53.040">
  <trace-info objectcount="30336" scancount="25698" scanbytes="887764" />
  <finalization candidates="124" enqueued="0" />
  <ownableSynchronizers candidates="3" cleared="0" />
  <references type="soft" candidates="84" cleared="0" enqueued="0" dynamicThreshold="19" maxThreshold="32" />
  <references type="weak" candidates="776" cleared="0" enqueued="0" />
  <references type="phantom" candidates="63" cleared="0" enqueued="0" />
  <stringconstants candidates="4574" cleared="0"  />
</gc-op>
<gc-op id="4589" type="sweep" timems="0.998" contextid="4579" timestamp="2019-07-02T19:36:53.041" />
<heap-resize id="4590" type="contract" space="tenure" amount="65536" count="1" timems="0.101" reason="excess free space following gc" timestamp="2019-07-02T19:36:53.041" />
<gc-end id="4591" type="global" contextid="4579" durationms="4.176" usertimems="8.000" systemtimems="0.000" timestamp="2019-07-02T19:36:53.042" activeThreads="4">
  <mem-info id="4592" free="7148480" total="11534336" percent="61">
    <mem type="tenure" free="7148480" total="11534336" percent="61" micro-fragmented="108221">
      <mem type="soa" free="7148480" total="11419648" percent="62" />
      <mem type="loa" free="0" total="114688" percent="0" />
    </mem>
  </mem-info>
</gc-end>
<cycle-end id="4593" type="global" contextid="4579" timestamp="2019-07-02T19:36:53.042">
  <attribute name="GC Util" value="181" />
  <attribute name="CPU Util" value="25480863708639" />
  <attribute name="Time Running"value="4529"/>
  <attribute name="Number of cores"value="4"/>
</cycle-end>
<allocation-satisfied id="4594" threadId="0000000000AB3D00" bytesRequested="40" />
<af-end id="4595" timestamp="2019-07-02T19:36:53.042" threadId="0000000000AB4688" success="true" />
<exclusive-end id="4596" timestamp="2019-07-02T19:36:53.042" durationms="4.635" />

<concurrent-kickoff id="4597" timestamp="2019-07-02T19:36:53.047">
  <kickoff reason="threshold reached" targetBytes="1276770" thresholdFreeBytes="175728" remainingFree="175032" tenureFreeBytes="175032" />
</concurrent-kickoff>
<exclusive-start id="4598" timestamp="2019-07-02T19:36:53.047" intervalms="10.092">
  <response-info timems="0.086" idlems="0.053" threads="1" lastid="0000000000AB7900" lastname="Thread-7" />
</exclusive-start>
<cycle-start id="4599" type="global" contextid="0" timestamp="2019-07-02T19:36:53.047" intervalms="10.505" />
  <attribute name="GC Util" value="181" />
  <attribute name="CPU Util" value="25480863708639" />
  <attribute name="Time Running"value="4529"/>
  <attribute name="Number of cores"value="4"/>
<exclusive-end id="4600" timestamp="2019-07-02T19:36:53.047" durationms="0.097" />

<exclusive-start id="4601" timestamp="2019-07-02T19:36:53.048" intervalms="0.271">
  <response-info timems="0.028" idlems="0.028" threads="0" lastid="0000000000ABB500" lastname="Thread-9" />
</exclusive-start>
<af-start id="4602" threadId="0000000000ABBE88" totalBytesRequested="40" timestamp="2019-07-02T19:36:53.048" intervalms="10.363" />
<concurrent-aborted id="4603" timestamp="2019-07-02T19:36:53.048">
  <reason value="insufficient progress made" />
</concurrent-aborted>
<cycle-end id="4604" type="global" contextid="4599" timestamp="2019-07-02T19:36:53.048">
  <attribute name="GC Util" value="181" />
  <attribute name="CPU Util" value="25480863708639" />
  <attribute name="Time Running"value="4529"/>
  <attribute name="Number of cores"value="4"/>
</cycle-end>
<cycle-start id="4605" type="global" contextid="0" timestamp="2019-07-02T19:36:53.048" intervalms="0.446" />
  <attribute name="GC Util" value="181" />
  <attribute name="CPU Util" value="25480863708639" />
  <attribute name="Time Running"value="4529"/>
  <attribute name="Number of cores"value="4"/>
<gc-start id="4606" type="global" contextid="4605" timestamp="2019-07-02T19:36:53.048">
  <mem-info id="4607" free="0" total="11534336" percent="0">
    <mem type="tenure" free="0" total="11534336" percent="0">
      <mem type="soa" free="0" total="11419648" percent="0" />
      <mem type="loa" free="0" total="114688" percent="0" />
    </mem>
  </mem-info>
</gc-start>
<allocation-stats totalBytes="7149848" >
  <allocated-bytes non-tlh="0" tlh="7149848" />
  <largest-consumer threadName="Thread-7" threadId="0000000000AB7900" bytes="3044504" />
</allocation-stats>
<gc-op id="4608" type="mark" timems="2.372" contextid="4605" timestamp="2019-07-02T19:36:53.050">
  <trace-info objectcount="67223" scancount="59653" scanbytes="2304980" />
  <finalization candidates="124" enqueued="0" />
  <ownableSynchronizers candidates="3" cleared="0" />
  <references type="soft" candidates="84" cleared="0" enqueued="0" dynamicThreshold="19" maxThreshold="32" />
  <references type="weak" candidates="776" cleared="0" enqueued="0" />
  <references type="phantom" candidates="63" cleared="0" enqueued="0" />
  <stringconstants candidates="4574" cleared="0"  />
</gc-op>
<gc-op id="4609" type="sweep" timems="1.047" contextid="4605" timestamp="2019-07-02T19:36:53.051" />
<mem-info id="4610" free="7121344" total="11534336" percent="61">
  <mem type="tenure" free="7121344" total="11534336" percent="61" micro-fragmented="112128">
    <mem type="soa" free="7121344" total="11419648" percent="62" />
    <mem type="loa" free="0" total="114688" percent="0" />
  </mem>
</mem-info>
<gc-op id="4611" type="compact" timems="5.003" contextid="4605" timestamp="2019-07-02T19:36:53.057">
  <compact-info movecount="27469" movebytes="1210224" reason="compact to aid heap contraction" />
</gc-op>
<heap-resize id="4612" type="contract" space="tenure" amount="65536" count="1" timems="0.078" reason="excess free space following gc" timestamp="2019-07-02T19:36:53.057" />
<gc-end id="4613" type="global" contextid="4605" durationms="9.114" usertimems="16.000" systemtimems="0.000" timestamp="2019-07-02T19:36:53.057" activeThreads="4">
  <mem-info id="4614" free="7182408" total="11468800" percent="62">
    <mem type="tenure" free="7182408" total="11468800" percent="62">
      <mem type="soa" free="7116872" total="11354112" percent="62" />
      <mem type="loa" free="65536" total="114688" percent="57" />
    </mem>
  </mem-info>
</gc-end>
<cycle-end id="4615" type="global" contextid="4605" timestamp="2019-07-02T19:36:53.057">
  <attribute name="GC Util" value="146" />
  <attribute name="CPU Util" value="41895186487174" />
  <attribute name="Time Running"value="4540"/>
  <attribute name="Number of cores"value="4"/>
</cycle-end>
<allocation-satisfied id="4616" threadId="0000000000ABB500" bytesRequested="40" />
<af-end id="4617" timestamp="2019-07-02T19:36:53.057" threadId="0000000000ABBE88" success="true" />
<exclusive-end id="4618" timestamp="2019-07-02T19:36:53.057" durationms="9.720" />

<concurrent-kickoff id="4619" timestamp="2019-07-02T19:36:53.062">
  <kickoff reason="threshold reached" targetBytes="1269516" thresholdFreeBytes="174728" remainingFree="157768" tenureFreeBytes="157768" />
</concurrent-kickoff>
<exclusive-start id="4620" timestamp="2019-07-02T19:36:53.062" intervalms="14.516">
  <response-info timems="0.067" idlems="0.042" threads="1" lastid="0000000000AB0100" lastname="Thread-8" />
</exclusive-start>
<af-start id="4621" threadId="0000000000AB8288" totalBytesRequested="40" timestamp="2019-07-02T19:36:53.062" intervalms="14.553" />
<concurrent-aborted id="4622" timestamp="2019-07-02T19:36:53.062">
  <reason value="insufficient progress made" />
</concurrent-aborted>
<cycle-end id="4623" type="global" contextid="4599" timestamp="2019-07-02T19:36:53.062">
  <attribute name="GC Util" value="146" />
  <attribute name="CPU Util" value="41895186487174" />
  <attribute name="Time Running"value="4540"/>
  <attribute name="Number of cores"value="4"/>
</cycle-end>
<cycle-start id="4624" type="global" contextid="0" timestamp="2019-07-02T19:36:53.062" intervalms="14.664" />
  <attribute name="GC Util" value="146" />
  <attribute name="CPU Util" value="41895186487174" />
  <attribute name="Time Running"value="4540"/>
  <attribute name="Number of cores"value="4"/>
<gc-start id="4625" type="global" contextid="4624" timestamp="2019-07-02T19:36:53.063">
  <mem-info id="4626" free="65536" total="11468800" percent="0">
    <mem type="tenure" free="65536" total="11468800" percent="0">
      <mem type="soa" free="0" total="11354112" percent="0" />
      <mem type="loa" free="65536" total="114688" percent="57" />
    </mem>
  </mem-info>
</gc-start>
<allocation-stats totalBytes="7152840" >
  <allocated-bytes non-tlh="0" tlh="7152840" />
  <largest-consumer threadName="Thread-9" threadId="0000000000ABB500" bytes="2631384" />
</allocation-stats>
<gc-op id="4627" type="mark" timems="2.071" contextid="4624" timestamp="2019-07-02T19:36:53.065">
  <trace-info objectcount="63712" scancount="56120" scanbytes="2220428" />
  <finalization candidates="124" enqueued="0" />
  <ownableSynchronizers candidates="3" cleared="0" />
  <references type="soft" candidates="84" cleared="0" enqueued="0" dynamicThreshold="20" maxThreshold="32" />
  <references type="weak" candidates="776" cleared="0" enqueued="0" />
  <references type="phantom" candidates="63" cleared="0" enqueued="0" />
  <stringconstants candidates="4574" cleared="0"  />
</gc-op>
<gc-op id="4628" type="sweep" timems="0.957" contextid="4624" timestamp="2019-07-02T19:36:53.066" />
<heap-resize id="4629" type="contract" space="tenure" amount="65536" count="1" timems="0.080" reason="excess free space following gc" timestamp="2019-07-02T19:36:53.066" />
<gc-end id="4630" type="global" contextid="4624" durationms="3.513" usertimems="8.000" systemtimems="0.000" timestamp="2019-07-02T19:36:53.066" activeThreads="4">
  <mem-info id="4631" free="7046768" total="11403264" percent="61">
    <mem type="tenure" free="7046768" total="11403264" percent="61" micro-fragmented="90749">
      <mem type="soa" free="7046768" total="11289600" percent="62" />
      <mem type="loa" free="0" total="113664" percent="0" />
    </mem>
  </mem-info>
</gc-end>
<cycle-end id="4632" type="global" contextid="4624" timestamp="2019-07-02T19:36:53.066">
  <attribute name="GC Util" value="183" />
  <attribute name="CPU Util" value="25759111712600" />
  <attribute name="Time Running"value="4553"/>
  <attribute name="Number of cores"value="4"/>
</cycle-end>
<allocation-satisfied id="4633" threadId="0000000000AB7900" bytesRequested="40" />
<af-end id="4634" timestamp="2019-07-02T19:36:53.066" threadId="0000000000AB8288" success="true" />
<exclusive-end id="4635" timestamp="2019-07-02T19:36:53.066" durationms="4.347" />

<concurrent-kickoff id="4636" timestamp="2019-07-02T19:36:53.071">
  <kickoff reason="threshold reached" targetBytes="1262262" thresholdFreeBytes="173730" remainingFree="158712" tenureFreeBytes="158712" />
</concurrent-kickoff>
<exclusive-start id="4637" timestamp="2019-07-02T19:36:53.071" intervalms="9.304">
  <response-info timems="0.052" idlems="0.052" threads="0" lastid="0000000000AB3D00" lastname="Thread-10" />
</exclusive-start>
<cycle-start id="4638" type="global" contextid="0" timestamp="2019-07-02T19:36:53.071" intervalms="8.997" />
  <attribute name="GC Util" value="183" />
  <attribute name="CPU Util" value="25759111712600" />
  <attribute name="Time Running"value="4553"/>
  <attribute name="Number of cores"value="4"/>
<exclusive-end id="4639" timestamp="2019-07-02T19:36:53.071" durationms="0.118" />

<exclusive-start id="4640" timestamp="2019-07-02T19:36:53.072" intervalms="0.309">
  <response-info timems="0.053" idlems="0.053" threads="0" lastid="0000000000AB7900" lastname="Thread-7" />
</exclusive-start>
<af-start id="4641" threadId="0000000000AB8288" totalBytesRequested="40" timestamp="2019-07-02T19:36:53.072" intervalms="9.570" />
<concurrent-aborted id="4642" timestamp="2019-07-02T19:36:53.072">
  <reason value="insufficient progress made" />
</concurrent-aborted>
<cycle-end id="4643" type="global" contextid="4638" timestamp="2019-07-02T19:36:53.072">
  <attribute name="GC Util" value="183" />
  <attribute name="CPU Util" value="25759111712600" />
  <attribute name="Time Running"value="4553"/>
  <attribute name="Number of cores"value="4"/>
</cycle-end>
<cycle-start id="4644" type="global" contextid="0" timestamp="2019-07-02T19:36:53.072" intervalms="0.460" />
  <attribute name="GC Util" value="183" />
  <attribute name="CPU Util" value="25759111712600" />
  <attribute name="Time Running"value="4553"/>
  <attribute name="Number of cores"value="4"/>
<gc-start id="4645" type="global" contextid="4644" timestamp="2019-07-02T19:36:53.072">
  <mem-info id="4646" free="0" total="11403264" percent="0">
    <mem type="tenure" free="0" total="11403264" percent="0">
      <mem type="soa" free="0" total="11289600" percent="0" />
      <mem type="loa" free="0" total="113664" percent="0" />
    </mem>
  </mem-info>
</gc-start>
<allocation-stats totalBytes="7047472" >
  <allocated-bytes non-tlh="0" tlh="7047472" />
  <largest-consumer threadName="Thread-7" threadId="0000000000AB7900" bytes="2679096" />
</allocation-stats>
<gc-op id="4647" type="mark" timems="2.319" contextid="4644" timestamp="2019-07-02T19:36:53.074">
  <trace-info objectcount="64503" scancount="56930" scanbytes="2239276" />
  <finalization candidates="124" enqueued="0" />
  <ownableSynchronizers candidates="3" cleared="0" />
  <references type="soft" candidates="84" cleared="0" enqueued="0" dynamicThreshold="19" maxThreshold="32" />
  <references type="weak" candidates="776" cleared="0" enqueued="0" />
  <references type="phantom" candidates="63" cleared="0" enqueued="0" />
  <stringconstants candidates="4574" cleared="0"  />
</gc-op>
<gc-op id="4648" type="sweep" timems="0.983" contextid="4644" timestamp="2019-07-02T19:36:53.075" />
<heap-resize id="4649" type="contract" space="tenure" amount="65536" count="1" timems="0.047" reason="excess free space following gc" timestamp="2019-07-02T19:36:53.076" />
<gc-end id="4650" type="global" contextid="4644" durationms="3.634" usertimems="12.000" systemtimems="0.000" timestamp="2019-07-02T19:36:53.076" activeThreads="4">
  <mem-info id="4651" free="6955600" total="11337728" percent="61">
    <mem type="tenure" free="6955600" total="11337728" percent="61" micro-fragmented="107812">
      <mem type="soa" free="6955600" total="11225088" percent="61" />
      <mem type="loa" free="0" total="112640" percent="0" />
    </mem>
  </mem-info>
</gc-end>
<cycle-end id="4652" type="global" contextid="4644" timestamp="2019-07-02T19:36:53.076">
  <attribute name="GC Util" value="178" />
  <attribute name="CPU Util" value="24888748400239" />
  <attribute name="Time Running"value="4563"/>
  <attribute name="Number of cores"value="4"/>
</cycle-end>
<allocation-satisfied id="4653" threadId="0000000000AB7900" bytesRequested="40" />
<af-end id="4654" timestamp="2019-07-02T19:36:53.076" threadId="0000000000AB8288" success="true" />
<exclusive-end id="4655" timestamp="2019-07-02T19:36:53.076" durationms="4.110" />

<concurrent-kickoff id="4656" timestamp="2019-07-02T19:36:53.080">
  <kickoff reason="threshold reached" targetBytes="1255008" thresholdFreeBytes="172731" remainingFree="169720" tenureFreeBytes="169720" />
</concurrent-kickoff>
<exclusive-start id="4657" timestamp="2019-07-02T19:36:53.080" intervalms="7.946">
  <response-info timems="0.064" idlems="0.036" threads="1" lastid="0000000000AB7900" lastname="Thread-7" />
</exclusive-start>
<cycle-start id="4658" type="global" contextid="0" timestamp="2019-07-02T19:36:53.080" intervalms="7.780" />
  <attribute name="GC Util" value="178" />
  <attribute name="CPU Util" value="24888748400239" />
  <attribute name="Time Running"value="4563"/>
  <attribute name="Number of cores"value="4"/>
<exclusive-end id="4659" timestamp="2019-07-02T19:36:53.080" durationms="0.093" />

<exclusive-start id="4660" timestamp="2019-07-02T19:36:53.081" intervalms="0.899">
  <response-info timems="0.022" idlems="0.022" threads="0" lastid="0000000000AB3D00" lastname="Thread-10" />
</exclusive-start>
<af-start id="4661" threadId="0000000000AB4688" totalBytesRequested="40" timestamp="2019-07-02T19:36:53.081" intervalms="8.852" />
<gc-start id="4662" type="global" contextid="4658" timestamp="2019-07-02T19:36:53.081">
  <mem-info id="4663" free="0" total="11337728" percent="0">
    <mem type="tenure" free="0" total="11337728" percent="0">
      <mem type="soa" free="0" total="11225088" percent="0" />
      <mem type="loa" free="0" total="112640" percent="0" />
    </mem>
  </mem-info>
</gc-start>
<allocation-stats totalBytes="6951640" >
  <allocated-bytes non-tlh="0" tlh="6951640" />
  <largest-consumer threadName="Thread-7" threadId="0000000000AB7900" bytes="2011336" />
</allocation-stats>
<concurrent-halted id="4664" timestamp="2019-07-02T19:36:53.081">
  <halted state="Class scanning incomplete" status="clean trace" />
  <traced bytesTarget="1255008" bytesTotal="1081716" bytesByMutator="510544" bytesByHelper="571172" percent="86" />
  <cards cleaned="0" thresholdBytes="68045" />
</concurrent-halted>
<gc-op id="4665" type="tracing" timems="0.695" contextid="4658" timestamp="2019-07-02T19:36:53.082">
  <trace bytesTraced="1086512" workStackOverflowCount="0" />
</gc-op>
<gc-op id="4666" type="card-cleaning" timems="0.148" contextid="4658" timestamp="2019-07-02T19:36:53.082">
  <card-cleaning cardsCleaned="15" bytesTraced="18788" workStackOverflowCount="0" />
</gc-op>
<gc-op id="4667" type="mark" timems="1.158" contextid="4658" timestamp="2019-07-02T19:36:53.083">
  <trace-info objectcount="4024" scancount="3535" scanbytes="96020" />
  <finalization candidates="124" enqueued="0" />
  <ownableSynchronizers candidates="3" cleared="0" />
  <references type="soft" candidates="84" cleared="0" enqueued="0" dynamicThreshold="19" maxThreshold="32" />
  <references type="weak" candidates="776" cleared="0" enqueued="0" />
  <references type="phantom" candidates="63" cleared="0" enqueued="0" />
  <stringconstants candidates="4574" cleared="0"  />
</gc-op>
<gc-op id="4668" type="sweep" timems="0.840" contextid="4658" timestamp="2019-07-02T19:36:53.084" />
<gc-end id="4669" type="global" contextid="4658" durationms="3.353" usertimems="4.000" systemtimems="4.000" timestamp="2019-07-02T19:36:53.084" activeThreads="4">
  <mem-info id="4670" free="6929440" total="11337728" percent="61">
    <mem type="tenure" free="6929440" total="11337728" percent="61" micro-fragmented="143594">
      <mem type="soa" free="6849400" total="11225088" percent="61" />
      <mem type="loa" free="80040" total="112640" percent="71" />
    </mem>
  </mem-info>
</gc-end>
<cycle-end id="4671" type="global" contextid="4658" timestamp="2019-07-02T19:36:53.084">
  <attribute name="GC Util" value="201" />
  <attribute name="CPU Util" value="14702056558108" />
  <attribute name="Time Running"value="4571"/>
  <attribute name="Number of cores"value="4"/>
</cycle-end>
<allocation-satisfied id="4672" threadId="0000000000AB3D00" bytesRequested="40" />
<af-end id="4673" timestamp="2019-07-02T19:36:53.084" threadId="0000000000AB4688" success="true" />
<exclusive-end id="4674" timestamp="2019-07-02T19:36:53.084" durationms="3.865" />

<concurrent-kickoff id="4675" timestamp="2019-07-02T19:36:53.089">
  <kickoff reason="threshold reached" targetBytes="2187016" thresholdFreeBytes="299589" remainingFree="292576" tenureFreeBytes="292576" />
</concurrent-kickoff>
<exclusive-start id="4676" timestamp="2019-07-02T19:36:53.089" intervalms="8.958">
  <response-info timems="0.062" idlems="0.062" threads="0" lastid="0000000000AB7900" lastname="Thread-7" />
</exclusive-start>
<cycle-start id="4677" type="global" contextid="0" timestamp="2019-07-02T19:36:53.090" intervalms="9.864" />
  <attribute name="GC Util" value="201" />
  <attribute name="CPU Util" value="14702056558108" />
  <attribute name="Time Running"value="4571"/>
  <attribute name="Number of cores"value="4"/>
<exclusive-end id="4678" timestamp="2019-07-02T19:36:53.090" durationms="0.112" />

<exclusive-start id="4679" timestamp="2019-07-02T19:36:53.090" intervalms="0.660">
  <response-info timems="0.024" idlems="0.024" threads="0" lastid="0000000000ABB500" lastname="Thread-9" />
</exclusive-start>
<af-start id="4680" threadId="0000000000ABBE88" totalBytesRequested="40" timestamp="2019-07-02T19:36:53.090" intervalms="9.626" />
<gc-start id="4681" type="global" contextid="4677" timestamp="2019-07-02T19:36:53.090">
  <mem-info id="4682" free="68416" total="11337728" percent="0">
    <mem type="tenure" free="68416" total="11337728" percent="0">
      <mem type="soa" free="0" total="11225088" percent="0" />
      <mem type="loa" free="68416" total="112640" percent="60" />
    </mem>
  </mem-info>
</gc-start>
<allocation-stats totalBytes="6841520" >
  <allocated-bytes non-tlh="0" tlh="6841520" />
  <largest-consumer threadName="Thread-7" threadId="0000000000AB7900" bytes="2658736" />
</allocation-stats>
<concurrent-halted id="4683" timestamp="2019-07-02T19:36:53.091">
  <halted state="Class scanning incomplete" status="clean trace" />
  <traced bytesTarget="2187016" bytesTotal="1384732" bytesByMutator="989240" bytesByHelper="395492" percent="63" />
  <cards cleaned="0" thresholdBytes="118019" />
</concurrent-halted>
<gc-op id="4684" type="tracing" timems="0.203" contextid="4677" timestamp="2019-07-02T19:36:53.091">
  <trace bytesTraced="377928" workStackOverflowCount="0" />
</gc-op>
<gc-op id="4685" type="card-cleaning" timems="0.118" contextid="4677" timestamp="2019-07-02T19:36:53.091">
  <card-cleaning cardsCleaned="58" bytesTraced="45444" workStackOverflowCount="0" />
</gc-op>
<gc-op id="4686" type="mark" timems="0.691" contextid="4677" timestamp="2019-07-02T19:36:53.092">
  <trace-info objectcount="20330" scancount="16526" scanbytes="520796" />
  <finalization candidates="124" enqueued="0" />
  <ownableSynchronizers candidates="3" cleared="0" />
  <references type="soft" candidates="84" cleared="0" enqueued="0" dynamicThreshold="19" maxThreshold="32" />
  <references type="weak" candidates="776" cleared="0" enqueued="0" />
  <references type="phantom" candidates="63" cleared="0" enqueued="0" />
  <stringconstants candidates="4574" cleared="0"  />
</gc-op>
<gc-op id="4687" type="sweep" timems="0.261" contextid="4677" timestamp="2019-07-02T19:36:53.092" />
<gc-end id="4688" type="global" contextid="4677" durationms="1.702" usertimems="4.000" systemtimems="0.000" timestamp="2019-07-02T19:36:53.092" activeThreads="4">
  <mem-info id="4689" free="6855784" total="11337728" percent="60">
    <mem type="tenure" free="6855784" total="11337728" percent="60" micro-fragmented="115520">
      <mem type="soa" free="6778064" total="11225088" percent="60" />
      <mem type="loa" free="77720" total="112640" percent="68" />
    </mem>
  </mem-info>
</gc-end>
<cycle-end id="4690" type="global" contextid="4677" timestamp="2019-07-02T19:36:53.092">
  <attribute name="GC Util" value="198" />
  <attribute name="CPU Util" value="24311729908062" />
  <attribute name="Time Running"value="4580"/>
  <attribute name="Number of cores"value="4"/>
</cycle-end>
<allocation-satisfied id="4691" threadId="0000000000ABB500" bytesRequested="40" />
<af-end id="4692" timestamp="2019-07-02T19:36:53.092" threadId="0000000000ABBE88" success="true" />
<exclusive-end id="4693" timestamp="2019-07-02T19:36:53.092" durationms="2.189" />

<concurrent-kickoff id="4694" timestamp="2019-07-02T19:36:53.096">
  <kickoff reason="threshold reached" targetBytes="1808104" thresholdFreeBytes="247925" remainingFree="243896" tenureFreeBytes="216720" />
</concurrent-kickoff>
<exclusive-start id="4695" timestamp="2019-07-02T19:36:53.096" intervalms="6.071">
  <response-info timems="0.081" idlems="0.050" threads="1" lastid="0000000000AB3D00" lastname="Thread-10" />
</exclusive-start>
<cycle-start id="4696" type="global" contextid="0" timestamp="2019-07-02T19:36:53.096" intervalms="6.723" />
  <attribute name="GC Util" value="198" />
  <attribute name="CPU Util" value="24311729908062" />
  <attribute name="Time Running"value="4580"/>
  <attribute name="Number of cores"value="4"/>
<exclusive-end id="4697" timestamp="2019-07-02T19:36:53.096" durationms="0.097" />

<exclusive-start id="4698" timestamp="2019-07-02T19:36:53.097" intervalms="0.663">
  <response-info timems="0.037" idlems="0.037" threads="0" lastid="0000000000AB7900" lastname="Thread-7" />
</exclusive-start>
<af-start id="4699" threadId="0000000000AB8288" totalBytesRequested="40" timestamp="2019-07-02T19:36:53.097" intervalms="6.729" />
<gc-start id="4700" type="global" contextid="4696" timestamp="2019-07-02T19:36:53.097">
  <mem-info id="4701" free="68416" total="11337728" percent="0">
    <mem type="tenure" free="68416" total="11337728" percent="0">
      <mem type="soa" free="0" total="11225088" percent="0" />
      <mem type="loa" free="68416" total="112640" percent="60" />
    </mem>
  </mem-info>
</gc-start>
<allocation-stats totalBytes="6767832" >
  <allocated-bytes non-tlh="0" tlh="6767832" />
  <largest-consumer threadName="Thread-7" threadId="0000000000AB7900" bytes="1914512" />
</allocation-stats>
<concurrent-halted id="4702" timestamp="2019-07-02T19:36:53.097">
  <halted state="Class scanning incomplete" status="clean trace" />
  <traced bytesTarget="1808104" bytesTotal="1190296" bytesByMutator="666636" bytesByHelper="523660" percent="65" />
  <cards cleaned="0" thresholdBytes="97667" />
</concurrent-halted>
<gc-op id="4703" type="tracing" timems="0.489" contextid="4696" timestamp="2019-07-02T19:36:53.098">
  <trace bytesTraced="328024" workStackOverflowCount="0" />
</gc-op>
<gc-op id="4704" type="card-cleaning" timems="0.417" contextid="4696" timestamp="2019-07-02T19:36:53.098">
  <card-cleaning cardsCleaned="18" bytesTraced="16560" workStackOverflowCount="0" />
</gc-op>
<gc-op id="4705" type="mark" timems="1.612" contextid="4696" timestamp="2019-07-02T19:36:53.100">
  <trace-info objectcount="27177" scancount="22981" scanbytes="811744" />
  <finalization candidates="124" enqueued="0" />
  <ownableSynchronizers candidates="3" cleared="0" />
  <references type="soft" candidates="84" cleared="0" enqueued="0" dynamicThreshold="19" maxThreshold="32" />
  <references type="weak" candidates="776" cleared="0" enqueued="0" />
  <references type="phantom" candidates="63" cleared="0" enqueued="0" />
  <stringconstants candidates="4574" cleared="0"  />
</gc-op>
<gc-op id="4706" type="sweep" timems="0.835" contextid="4696" timestamp="2019-07-02T19:36:53.101" />
<heap-resize id="4707" type="expand" space="tenure" amount="1048576" count="1" timems="0.041" reason="excessive time being spent in gc" timestamp="2019-07-02T19:36:53.101" />
<gc-end id="4708" type="global" contextid="4696" durationms="3.871" usertimems="4.000" systemtimems="4.000" timestamp="2019-07-02T19:36:53.101" activeThreads="4">
  <mem-info id="4709" free="7782080" total="12386304" percent="62">
    <mem type="tenure" free="7782080" total="12386304" percent="62" micro-fragmented="218528">
      <mem type="soa" free="7659200" total="12263424" percent="62" />
      <mem type="loa" free="122880" total="122880" percent="100" />
    </mem>
  </mem-info>
</gc-end>
<cycle-end id="4710" type="global" contextid="4696" timestamp="2019-07-02T19:36:53.101">
  <attribute name="GC Util" value="165" />
  <attribute name="CPU Util" value="30941152576877" />
  <attribute name="Time Running"value="4589"/>
  <attribute name="Number of cores"value="4"/>
</cycle-end>
<allocation-satisfied id="4711" threadId="0000000000AB7900" bytesRequested="40" />
<af-end id="4712" timestamp="2019-07-02T19:36:53.101" threadId="0000000000AB8288" success="true" />
<exclusive-end id="4713" timestamp="2019-07-02T19:36:53.101" durationms="4.593" />

<concurrent-kickoff id="4714" timestamp="2019-07-02T19:36:53.107">
  <kickoff reason="threshold reached" targetBytes="1387836" thresholdFreeBytes="190967" remainingFree="122880" tenureFreeBytes="122880" />
</concurrent-kickoff>
<exclusive-start id="4715" timestamp="2019-07-02T19:36:53.107" intervalms="10.164">
  <response-info timems="0.027" idlems="0.027" threads="0" lastid="0000000000AB3D00" lastname="Thread-10" />
</exclusive-start>
<cycle-start id="4716" type="global" contextid="0" timestamp="2019-07-02T19:36:53.107" intervalms="10.838" />
  <attribute name="GC Util" value="165" />
  <attribute name="CPU Util" value="30941152576877" />
  <attribute name="Time Running"value="4589"/>
  <attribute name="Number of cores"value="4"/>
<exclusive-end id="4717" timestamp="2019-07-02T19:36:53.107" durationms="0.113" />

<exclusive-start id="4718" timestamp="2019-07-02T19:36:53.107" intervalms="0.226">
  <response-info timems="0.020" idlems="0.020" threads="0" lastid="0000000000ABB500" lastname="Thread-9" />
</exclusive-start>
<af-start id="4719" threadId="0000000000ABBE88" totalBytesRequested="40" timestamp="2019-07-02T19:36:53.107" intervalms="10.387" />
<concurrent-aborted id="4720" timestamp="2019-07-02T19:36:53.107">
  <reason value="insufficient progress made" />
</concurrent-aborted>
<cycle-end id="4721" type="global" contextid="4716" timestamp="2019-07-02T19:36:53.107">
  <attribute name="GC Util" value="165" />
  <attribute name="CPU Util" value="30941152576877" />
  <attribute name="Time Running"value="4589"/>
  <attribute name="Number of cores"value="4"/>
</cycle-end>
<cycle-start id="4722" type="global" contextid="0" timestamp="2019-07-02T19:36:53.108" intervalms="0.415" />
  <attribute name="GC Util" value="165" />
  <attribute name="CPU Util" value="30941152576877" />
  <attribute name="Time Running"value="4589"/>
  <attribute name="Number of cores"value="4"/>
<gc-start id="4723" type="global" contextid="4722" timestamp="2019-07-02T19:36:53.108">
  <mem-info id="4724" free="122880" total="12386304" percent="0">
    <mem type="tenure" free="122880" total="12386304" percent="0">
      <mem type="soa" free="0" total="12263424" percent="0" />
      <mem type="loa" free="122880" total="122880" percent="100" />
    </mem>
  </mem-info>
</gc-start>
<allocation-stats totalBytes="7644968" >
  <allocated-bytes non-tlh="0" tlh="7644968" />
  <largest-consumer threadName="Thread-7" threadId="0000000000AB7900" bytes="2911392" />
</allocation-stats>
<gc-op id="4725" type="mark" timems="1.158" contextid="4722" timestamp="2019-07-02T19:36:53.109">
  <trace-info objectcount="70138" scancount="62566" scanbytes="2374348" />
  <finalization candidates="124" enqueued="0" />
  <ownableSynchronizers candidates="3" cleared="0" />
  <references type="soft" candidates="84" cleared="0" enqueued="0" dynamicThreshold="20" maxThreshold="32" />
  <references type="weak" candidates="776" cleared="0" enqueued="0" />
  <references type="phantom" candidates="63" cleared="0" enqueued="0" />
  <stringconstants candidates="4574" cleared="0"  />
</gc-op>
<gc-op id="4726" type="sweep" timems="0.355" contextid="4722" timestamp="2019-07-02T19:36:53.109" />
<gc-end id="4727" type="global" contextid="4722" durationms="1.768" usertimems="0.000" systemtimems="4.000" timestamp="2019-07-02T19:36:53.109" activeThreads="4">
  <mem-info id="4728" free="7688744" total="12386304" percent="62">
    <mem type="tenure" free="7688744" total="12386304" percent="62" micro-fragmented="211717">
      <mem type="soa" free="7607616" total="12263424" percent="62" />
      <mem type="loa" free="81128" total="122880" percent="66" />
    </mem>
  </mem-info>
</gc-end>
<cycle-end id="4729" type="global" contextid="4722" timestamp="2019-07-02T19:36:53.109">
  <attribute name="GC Util" value="225" />
  <attribute name="CPU Util" value="15125464193531" />
  <attribute name="Time Running"value="4597"/>
  <attribute name="Number of cores"value="4"/>
</cycle-end>
<allocation-satisfied id="4730" threadId="0000000000ABB500" bytesRequested="40" />
<af-end id="4731" timestamp="2019-07-02T19:36:53.110" threadId="0000000000ABBE88" success="true" />
<exclusive-end id="4732" timestamp="2019-07-02T19:36:53.110" durationms="2.306" />

<concurrent-kickoff id="4733" timestamp="2019-07-02T19:36:53.114">
  <kickoff reason="threshold reached" targetBytes="1387836" thresholdFreeBytes="190967" remainingFree="155016" tenureFreeBytes="155016" />
</concurrent-kickoff>
<exclusive-start id="4734" timestamp="2019-07-02T19:36:53.114" intervalms="6.652">
  <response-info timems="0.025" idlems="0.025" threads="0" lastid="0000000000AB3D00" lastname="Thread-10" />
</exclusive-start>
<cycle-start id="4735" type="global" contextid="0" timestamp="2019-07-02T19:36:53.114" intervalms="6.465" />
  <attribute name="GC Util" value="225" />
  <attribute name="CPU Util" value="15125464193531" />
  <attribute name="Time Running"value="4597"/>
  <attribute name="Number of cores"value="4"/>
<exclusive-end id="4736" timestamp="2019-07-02T19:36:53.114" durationms="0.120" />

<exclusive-start id="4737" timestamp="2019-07-02T19:36:53.114" intervalms="0.232">
  <response-info timems="0.028" idlems="0.028" threads="0" lastid="0000000000AB3D00" lastname="Thread-10" />
</exclusive-start>
<af-start id="4738" threadId="0000000000AB4688" totalBytesRequested="40" timestamp="2019-07-02T19:36:53.114" intervalms="6.872" />
<concurrent-aborted id="4739" timestamp="2019-07-02T19:36:53.115">
  <reason value="insufficient progress made" />
</concurrent-aborted>
<cycle-end id="4740" type="global" contextid="4735" timestamp="2019-07-02T19:36:53.115">
  <attribute name="GC Util" value="29" />
  <attribute name="CPU Util" value="3444952799161" />
  <attribute name="Time Running"value="4602"/>
  <attribute name="Number of cores"value="4"/>
</cycle-end>
<cycle-start id="4741" type="global" contextid="0" timestamp="2019-07-02T19:36:53.115" intervalms="0.654" />
  <attribute name="GC Util" value="29" />
  <attribute name="CPU Util" value="3444952799161" />
  <attribute name="Time Running"value="4602"/>
  <attribute name="Number of cores"value="4"/>
<gc-start id="4742" type="global" contextid="4741" timestamp="2019-07-02T19:36:53.115">
  <mem-info id="4743" free="122880" total="12386304" percent="0">
    <mem type="tenure" free="122880" total="12386304" percent="0">
      <mem type="soa" free="0" total="12263424" percent="0" />
      <mem type="loa" free="122880" total="122880" percent="100" />
    </mem>
  </mem-info>
</gc-start>
<allocation-stats totalBytes="7590320" >
  <allocated-bytes non-tlh="0" tlh="7590320" />
  <largest-consumer threadName="Thread-7" threadId="0000000000AB7900" bytes="2043576" />
</allocation-stats>
<gc-op id="4744" type="mark" timems="2.135" contextid="4741" timestamp="2019-07-02T19:36:53.117">
  <trace-info objectcount="72496" scancount="64902" scanbytes="2431260" />
  <finalization candidates="124" enqueued="0" />
  <ownableSynchronizers candidates="3" cleared="0" />
  <references type="soft" candidates="84" cleared="0" enqueued="0" dynamicThreshold="19" maxThreshold="32" />
  <references type="weak" candidates="776" cleared="0" enqueued="0" />
  <references type="phantom" candidates="63" cleared="0" enqueued="0" />
  <stringconstants candidates="4574" cleared="0"  />
</gc-op>
<gc-op id="4745" type="sweep" timems="0.837" contextid="4741" timestamp="2019-07-02T19:36:53.118" />
<gc-end id="4746" type="global" contextid="4741" durationms="3.244" usertimems="0.000" systemtimems="4.000" timestamp="2019-07-02T19:36:53.118" activeThreads="4">
  <mem-info id="4747" free="7531632" total="12386304" percent="60">
    <mem type="tenure" free="7531632" total="12386304" percent="60" micro-fragmented="257809">
      <mem type="soa" free="7442152" total="12263424" percent="60" />
      <mem type="loa" free="89480" total="122880" percent="72" />
    </mem>
  </mem-info>
</gc-end>
<cycle-end id="4748" type="global" contextid="4741" timestamp="2019-07-02T19:36:53.118">
  <attribute name="GC Util" value="259" />
  <attribute name="CPU Util" value="8392910252030" />
  <attribute name="Time Running"value="4605"/>
  <attribute name="Number of cores"value="4"/>
</cycle-end>
<allocation-satisfied id="4749" threadId="0000000000AB3D00" bytesRequested="40" />
<af-end id="4750" timestamp="2019-07-02T19:36:53.118" threadId="0000000000AB4688" success="true" />
<exclusive-end id="4751" timestamp="2019-07-02T19:36:53.118" durationms="4.150" />

<concurrent-kickoff id="4752" timestamp="2019-07-02T19:36:53.124">
  <kickoff reason="threshold reached" targetBytes="1387836" thresholdFreeBytes="190967" remainingFree="160288" tenureFreeBytes="160288" />
</concurrent-kickoff>
<exclusive-start id="4753" timestamp="2019-07-02T19:36:53.124" intervalms="9.486">
  <response-info timems="0.073" idlems="0.042" threads="1" lastid="0000000000AB3D00" lastname="Thread-10" />
</exclusive-start>
<cycle-start id="4754" type="global" contextid="0" timestamp="2019-07-02T19:36:53.124" intervalms="9.052" />
  <attribute name="GC Util" value="259" />
  <attribute name="CPU Util" value="8392910252030" />
  <attribute name="Time Running"value="4605"/>
  <attribute name="Number of cores"value="4"/>
<exclusive-end id="4755" timestamp="2019-07-02T19:36:53.124" durationms="0.093" />

<exclusive-start id="4756" timestamp="2019-07-02T19:36:53.124" intervalms="0.181">
  <response-info timems="0.023" idlems="0.023" threads="0" lastid="0000000000ABB500" lastname="Thread-9" />
</exclusive-start>
<af-start id="4757" threadId="0000000000ABBE88" totalBytesRequested="40" timestamp="2019-07-02T19:36:53.124" intervalms="9.677" />
<concurrent-aborted id="4758" timestamp="2019-07-02T19:36:53.124">
  <reason value="insufficient progress made" />
</concurrent-aborted>
<cycle-end id="4759" type="global" contextid="4754" timestamp="2019-07-02T19:36:53.124">
  <attribute name="GC Util" value="29" />
  <attribute name="CPU Util" value="2645190885872" />
  <attribute name="Time Running"value="4612"/>
  <attribute name="Number of cores"value="4"/>
</cycle-end>
<cycle-start id="4760" type="global" contextid="0" timestamp="2019-07-02T19:36:53.124" intervalms="0.488" />
  <attribute name="GC Util" value="29" />
  <attribute name="CPU Util" value="2645190885872" />
  <attribute name="Time Running"value="4612"/>
  <attribute name="Number of cores"value="4"/>
<gc-start id="4761" type="global" contextid="4760" timestamp="2019-07-02T19:36:53.124">
  <mem-info id="4762" free="122880" total="12386304" percent="0">
    <mem type="tenure" free="122880" total="12386304" percent="0">
      <mem type="soa" free="0" total="12263424" percent="0" />
      <mem type="loa" free="122880" total="122880" percent="100" />
    </mem>
  </mem-info>
</gc-start>
<allocation-stats totalBytes="7421200" >
  <allocated-bytes non-tlh="23160" tlh="7398040" />
  <largest-consumer threadName="Thread-8" threadId="0000000000AB0100" bytes="2610736" />
</allocation-stats>
<gc-op id="4763" type="mark" timems="1.119" contextid="4760" timestamp="2019-07-02T19:36:53.125">
  <trace-info objectcount="68955" scancount="61375" scanbytes="2345684" />
  <finalization candidates="124" enqueued="0" />
  <ownableSynchronizers candidates="3" cleared="0" />
  <references type="soft" candidates="84" cleared="0" enqueued="0" dynamicThreshold="19" maxThreshold="32" />
  <references type="weak" candidates="776" cleared="0" enqueued="0" />
  <references type="phantom" candidates="63" cleared="0" enqueued="0" />
  <stringconstants candidates="4574" cleared="0"  />
</gc-op>
<gc-op id="4764" type="sweep" timems="0.386" contextid="4760" timestamp="2019-07-02T19:36:53.126" />
<heap-resize id="4765" type="contract" space="tenure" amount="65536" count="1" timems="0.046" reason="excess free space following gc" timestamp="2019-07-02T19:36:53.126" />
<gc-end id="4766" type="global" contextid="4760" durationms="1.860" usertimems="4.000" systemtimems="0.000" timestamp="2019-07-02T19:36:53.126" activeThreads="4">
  <mem-info id="4767" free="7518464" total="12320768" percent="61">
    <mem type="tenure" free="7518464" total="12320768" percent="61" micro-fragmented="204032">
      <mem type="soa" free="7518464" total="12197888" percent="61" />
      <mem type="loa" free="0" total="122880" percent="0" />
    </mem>
  </mem-info>
</gc-end>
<cycle-end id="4768" type="global" contextid="4760" timestamp="2019-07-02T19:36:53.126">
  <attribute name="GC Util" value="16" />
  <attribute name="CPU Util" value="62719706885081" />
  <attribute name="Time Running"value="4614"/>
  <attribute name="Number of cores"value="4"/>
</cycle-end>
<allocation-satisfied id="4769" threadId="0000000000ABB500" bytesRequested="40" />
<af-end id="4770" timestamp="2019-07-02T19:36:53.126" threadId="0000000000ABBE88" success="true" />
<exclusive-end id="4771" timestamp="2019-07-02T19:36:53.126" durationms="2.506" />

<concurrent-kickoff id="4772" timestamp="2019-07-02T19:36:53.131">
  <kickoff reason="threshold reached" targetBytes="1380493" thresholdFreeBytes="189957" remainingFree="188416" tenureFreeBytes="188416" />
</concurrent-kickoff>
<exclusive-start id="4773" timestamp="2019-07-02T19:36:53.131" intervalms="6.974">
  <response-info timems="0.065" idlems="0.039" threads="1" lastid="0000000000AB7900" lastname="Thread-7" />
</exclusive-start>
<cycle-start id="4774" type="global" contextid="0" timestamp="2019-07-02T19:36:53.131" intervalms="6.665" />
  <attribute name="GC Util" value="16" />
  <attribute name="CPU Util" value="62719706885081" />
  <attribute name="Time Running"value="4614"/>
  <attribute name="Number of cores"value="4"/>
<exclusive-end id="4775" timestamp="2019-07-02T19:36:53.131" durationms="0.091" />

<exclusive-start id="4776" timestamp="2019-07-02T19:36:53.132" intervalms="0.943">
  <response-info timems="0.023" idlems="0.023" threads="0" lastid="0000000000AB7900" lastname="Thread-7" />
</exclusive-start>
<af-start id="4777" threadId="0000000000AB8288" totalBytesRequested="24" timestamp="2019-07-02T19:36:53.132" intervalms="7.923" />
<gc-start id="4778" type="global" contextid="4774" timestamp="2019-07-02T19:36:53.132">
  <mem-info id="4779" free="0" total="12320768" percent="0">
    <mem type="tenure" free="0" total="12320768" percent="0">
      <mem type="soa" free="0" total="12197888" percent="0" />
      <mem type="loa" free="0" total="122880" percent="0" />
    </mem>
  </mem-info>
</gc-start>
<allocation-stats totalBytes="7500912" >
  <allocated-bytes non-tlh="23160" tlh="7477752" />
  <largest-consumer threadName="Thread-7" threadId="0000000000AB7900" bytes="2361016" />
</allocation-stats>
<concurrent-halted id="4780" timestamp="2019-07-02T19:36:53.132">
  <halted state="Class scanning incomplete" status="clean trace" />
  <traced bytesTarget="1380493" bytesTotal="1625652" bytesByMutator="1170152" bytesByHelper="455500" percent="117" />
  <cards cleaned="2" thresholdBytes="74831" />
</concurrent-halted>
<gc-op id="4781" type="tracing" timems="0.350" contextid="4774" timestamp="2019-07-02T19:36:53.132">
  <trace bytesTraced="110548" workStackOverflowCount="0" />
</gc-op>
<gc-op id="4782" type="card-cleaning" timems="0.708" contextid="4774" timestamp="2019-07-02T19:36:53.133">
  <card-cleaning cardsCleaned="42" bytesTraced="244420" workStackOverflowCount="0" />
</gc-op>
<gc-op id="4783" type="mark" timems="1.351" contextid="4774" timestamp="2019-07-02T19:36:53.135">
  <trace-info objectcount="11777" scancount="10407" scanbytes="324012" />
  <finalization candidates="124" enqueued="0" />
  <ownableSynchronizers candidates="3" cleared="0" />
  <references type="soft" candidates="84" cleared="0" enqueued="0" dynamicThreshold="19" maxThreshold="32" />
  <references type="weak" candidates="776" cleared="0" enqueued="0" />
  <references type="phantom" candidates="63" cleared="0" enqueued="0" />
  <stringconstants candidates="4574" cleared="0"  />
</gc-op>
<gc-op id="4784" type="sweep" timems="1.079" contextid="4774" timestamp="2019-07-02T19:36:53.136" />
<heap-resize id="4785" type="contract" space="tenure" amount="65536" count="1" timems="0.095" reason="excess free space following gc" timestamp="2019-07-02T19:36:53.136" />
<gc-end id="4786" type="global" contextid="4774" durationms="4.171" usertimems="8.000" systemtimems="0.000" timestamp="2019-07-02T19:36:53.136" activeThreads="4">
  <mem-info id="4787" free="7623152" total="12255232" percent="62">
    <mem type="tenure" free="7623152" total="12255232" percent="62" micro-fragmented="74619">
      <mem type="soa" free="7623152" total="12133376" percent="62" />
      <mem type="loa" free="0" total="121856" percent="0" />
    </mem>
  </mem-info>
</gc-end>
<cycle-end id="4788" type="global" contextid="4774" timestamp="2019-07-02T19:36:53.136">
  <attribute name="GC Util" value="171" />
  <attribute name="CPU Util" value="23987901032764" />
  <attribute name="Time Running"value="4623"/>
  <attribute name="Number of cores"value="4"/>
</cycle-end>
<allocation-satisfied id="4789" threadId="0000000000AB7900" bytesRequested="24" />
<af-end id="4790" timestamp="2019-07-02T19:36:53.136" threadId="0000000000AB8288" success="true" />
<exclusive-end id="4791" timestamp="2019-07-02T19:36:53.136" durationms="4.692" />

<concurrent-kickoff id="4792" timestamp="2019-07-02T19:36:53.140">
  <kickoff reason="threshold reached" targetBytes="1481763" thresholdFreeBytes="203600" remainingFree="203184" tenureFreeBytes="197944" />
</concurrent-kickoff>
<exclusive-start id="4793" timestamp="2019-07-02T19:36:53.140" intervalms="8.464">
  <response-info timems="0.065" idlems="0.039" threads="1" lastid="0000000000AB7900" lastname="Thread-7" />
</exclusive-start>
<cycle-start id="4794" type="global" contextid="0" timestamp="2019-07-02T19:36:53.140" intervalms="9.421" />
  <attribute name="GC Util" value="171" />
  <attribute name="CPU Util" value="23987901032764" />
  <attribute name="Time Running"value="4623"/>
  <attribute name="Number of cores"value="4"/>
<exclusive-end id="4795" timestamp="2019-07-02T19:36:53.140" durationms="0.119" />

<exclusive-start id="4796" timestamp="2019-07-02T19:36:53.141" intervalms="0.994">
  <response-info timems="0.021" idlems="0.021" threads="0" lastid="0000000000AB0100" lastname="Thread-8" />
</exclusive-start>
<af-start id="4797" threadId="0000000000AB0A88" totalBytesRequested="40" timestamp="2019-07-02T19:36:53.141" intervalms="9.442" />
<gc-start id="4798" type="global" contextid="4794" timestamp="2019-07-02T19:36:53.141">
  <mem-info id="4799" free="0" total="12255232" percent="0">
    <mem type="tenure" free="0" total="12255232" percent="0">
      <mem type="soa" free="0" total="12133376" percent="0" />
      <mem type="loa" free="0" total="121856" percent="0" />
    </mem>
  </mem-info>
</gc-start>
<allocation-stats totalBytes="7610736" >
  <allocated-bytes non-tlh="0" tlh="7610736" />
  <largest-consumer threadName="Thread-7" threadId="0000000000AB7900" bytes="1965152" />
</allocation-stats>
<concurrent-halted id="4800" timestamp="2019-07-02T19:36:53.141">
  <halted state="Class scanning incomplete" status="clean trace" />
  <traced bytesTarget="1481763" bytesTotal="1953772" bytesByMutator="1324236" bytesByHelper="629536" percent="131" />
  <cards cleaned="0" thresholdBytes="80206" />
</concurrent-halted>
<gc-op id="4801" type="tracing" timems="0.345" contextid="4794" timestamp="2019-07-02T19:36:53.142">
  <trace bytesTraced="120640" workStackOverflowCount="0" />
</gc-op>
<gc-op id="4802" type="card-cleaning" timems="0.255" contextid="4794" timestamp="2019-07-02T19:36:53.142">
  <card-cleaning cardsCleaned="39" bytesTraced="33420" workStackOverflowCount="0" />
</gc-op>
<gc-op id="4803" type="mark" timems="1.425" contextid="4794" timestamp="2019-07-02T19:36:53.144">
  <trace-info objectcount="8570" scancount="7994" scanbytes="241148" />
  <finalization candidates="124" enqueued="0" />
  <ownableSynchronizers candidates="3" cleared="0" />
  <references type="soft" candidates="84" cleared="0" enqueued="0" dynamicThreshold="19" maxThreshold="32" />
  <references type="weak" candidates="776" cleared="0" enqueued="0" />
  <references type="phantom" candidates="63" cleared="0" enqueued="0" />
  <stringconstants candidates="4574" cleared="0"  />
</gc-op>
<gc-op id="4804" type="sweep" timems="1.003" contextid="4794" timestamp="2019-07-02T19:36:53.145" />
<gc-end id="4805" type="global" contextid="4794" durationms="3.376" usertimems="8.000" systemtimems="0.000" timestamp="2019-07-02T19:36:53.145" activeThreads="4">
  <mem-info id="4806" free="7437240" total="12255232" percent="60">
    <mem type="tenure" free="7437240" total="12255232" percent="60" micro-fragmented="158754">
      <mem type="soa" free="7437240" total="12133376" percent="61" />
      <mem type="loa" free="0" total="121856" percent="0" />
    </mem>
  </mem-info>
</gc-end>
<cycle-end id="4807" type="global" contextid="4794" timestamp="2019-07-02T19:36:53.145">
  <attribute name="GC Util" value="170" />
  <attribute name="CPU Util" value="23990365575259" />
  <attribute name="Time Running"value="4632"/>
  <attribute name="Number of cores"value="4"/>
</cycle-end>
<allocation-satisfied id="4808" threadId="0000000000AB0100" bytesRequested="40" />
<af-end id="4809" timestamp="2019-07-02T19:36:53.145" threadId="0000000000AB0A88" success="true" />
<exclusive-end id="4810" timestamp="2019-07-02T19:36:53.145" durationms="3.648" />

<concurrent-kickoff id="4811" timestamp="2019-07-02T19:36:53.149">
  <kickoff reason="threshold reached" targetBytes="2107832" thresholdFreeBytes="288949" remainingFree="286800" tenureFreeBytes="286800" />
</concurrent-kickoff>
<exclusive-start id="4812" timestamp="2019-07-02T19:36:53.150" intervalms="8.368">
  <response-info timems="0.059" idlems="0.041" threads="2" lastid="0000000000AB0100" lastname="Thread-8" />
</exclusive-start>
<cycle-start id="4813" type="global" contextid="0" timestamp="2019-07-02T19:36:53.150" intervalms="9.365" />
  <attribute name="GC Util" value="170" />
  <attribute name="CPU Util" value="23990365575259" />
  <attribute name="Time Running"value="4632"/>
  <attribute name="Number of cores"value="4"/>
<exclusive-end id="4814" timestamp="2019-07-02T19:36:53.150" durationms="0.134" />

<exclusive-start id="4815" timestamp="2019-07-02T19:36:53.151" intervalms="1.001">
  <response-info timems="0.030" idlems="0.017" threads="1" lastid="0000000000762300" lastname="JIT Compilation Thread-0" />
</exclusive-start>
<af-start id="4816" threadId="0000000000ABBE88" totalBytesRequested="40" timestamp="2019-07-02T19:36:53.151" intervalms="9.387" />
<gc-start id="4817" type="global" contextid="4813" timestamp="2019-07-02T19:36:53.151">
  <mem-info id="4818" free="0" total="12255232" percent="0">
    <mem type="tenure" free="0" total="12255232" percent="0">
      <mem type="soa" free="0" total="12133376" percent="0" />
      <mem type="loa" free="0" total="121856" percent="0" />
    </mem>
  </mem-info>
</gc-start>
<allocation-stats totalBytes="7440864" >
  <allocated-bytes non-tlh="0" tlh="7440864" />
  <largest-consumer threadName="Thread-7" threadId="0000000000AB7900" bytes="2578808" />
</allocation-stats>
<concurrent-halted id="4819" timestamp="2019-07-02T19:36:53.151">
  <halted state="Class scanning incomplete" status="clean trace" />
  <traced bytesTarget="2107832" bytesTotal="1926348" bytesByMutator="1381896" bytesByHelper="544452" percent="91" />
  <cards cleaned="23" thresholdBytes="113828" />
</concurrent-halted>
<gc-op id="4820" type="tracing" timems="0.180" contextid="4813" timestamp="2019-07-02T19:36:53.151">
  <trace bytesTraced="132096" workStackOverflowCount="0" />
</gc-op>
<gc-op id="4821" type="card-cleaning" timems="0.091" contextid="4813" timestamp="2019-07-02T19:36:53.151">
  <card-cleaning cardsCleaned="14" bytesTraced="6232" workStackOverflowCount="0" />
</gc-op>
<gc-op id="4822" type="mark" timems="0.600" contextid="4813" timestamp="2019-07-02T19:36:53.152">
  <trace-info objectcount="11933" scancount="10533" scanbytes="329820" />
  <finalization candidates="124" enqueued="0" />
  <ownableSynchronizers candidates="3" cleared="0" />
  <references type="soft" candidates="84" cleared="0" enqueued="0" dynamicThreshold="19" maxThreshold="32" />
  <references type="weak" candidates="776" cleared="0" enqueued="0" />
  <references type="phantom" candidates="63" cleared="0" enqueued="0" />
  <stringconstants candidates="4574" cleared="0"  />
</gc-op>
<gc-op id="4823" type="sweep" timems="0.295" contextid="4813" timestamp="2019-07-02T19:36:53.152" />
<gc-end id="4824" type="global" contextid="4813" durationms="1.589" usertimems="0.000" systemtimems="4.000" timestamp="2019-07-02T19:36:53.152" activeThreads="4">
  <mem-info id="4825" free="7368904" total="12255232" percent="60">
    <mem type="tenure" free="7368904" total="12255232" percent="60" micro-fragmented="357681">
      <mem type="soa" free="7284984" total="12133376" percent="60" />
      <mem type="loa" free="83920" total="121856" percent="68" />
    </mem>
  </mem-info>
</gc-end>
<cycle-end id="4826" type="global" contextid="4813" timestamp="2019-07-02T19:36:53.152">
  <attribute name="GC Util" value="181" />
  <attribute name="CPU Util" value="27726872711842" />
  <attribute name="Time Running"value="4640"/>
  <attribute name="Number of cores"value="4"/>
</cycle-end>
<allocation-satisfied id="4827" threadId="0000000000ABB500" bytesRequested="40" />
<af-end id="4828" timestamp="2019-07-02T19:36:53.152" threadId="0000000000ABBE88" success="true" />
<exclusive-end id="4829" timestamp="2019-07-02T19:36:53.153" durationms="1.972" />

<concurrent-kickoff id="4830" timestamp="2019-07-02T19:36:53.156">
  <kickoff reason="threshold reached" targetBytes="2064676" thresholdFreeBytes="283151" remainingFree="280288" tenureFreeBytes="279384" />
</concurrent-kickoff>
<exclusive-start id="4831" timestamp="2019-07-02T19:36:53.156" intervalms="5.749">
  <response-info timems="0.137" idlems="0.078" threads="2" lastid="0000000000ABB500" lastname="Thread-9" />
</exclusive-start>
<cycle-start id="4832" type="global" contextid="0" timestamp="2019-07-02T19:36:53.156" intervalms="6.733" />
  <attribute name="GC Util" value="181" />
  <attribute name="CPU Util" value="27726872711842" />
  <attribute name="Time Running"value="4640"/>
  <attribute name="Number of cores"value="4"/>
<exclusive-end id="4833" timestamp="2019-07-02T19:36:53.156" durationms="0.102" />

<exclusive-start id="4834" timestamp="2019-07-02T19:36:53.157" intervalms="1.056">
  <response-info timems="0.051" idlems="0.029" threads="1" lastid="0000000000762300" lastname="JIT Compilation Thread-0" />
</exclusive-start>
<af-start id="4835" threadId="0000000000ABBE88" totalBytesRequested="40" timestamp="2019-07-02T19:36:53.157" intervalms="6.797" />
<gc-start id="4836" type="global" contextid="4832" timestamp="2019-07-02T19:36:53.158">
  <mem-info id="4837" free="0" total="12255232" percent="0">
    <mem type="tenure" free="0" total="12255232" percent="0">
      <mem type="soa" free="0" total="12133376" percent="0" />
      <mem type="loa" free="0" total="121856" percent="0" />
    </mem>
  </mem-info>
</gc-start>
<allocation-stats totalBytes="7268696" >
  <allocated-bytes non-tlh="0" tlh="7268696" />
  <largest-consumer threadName="Thread-7" threadId="0000000000AB7900" bytes="1957552" />
</allocation-stats>
<concurrent-halted id="4838" timestamp="2019-07-02T19:36:53.158">
  <halted state="Class scanning incomplete" status="clean trace" />
  <traced bytesTarget="2064676" bytesTotal="1599456" bytesByMutator="948924" bytesByHelper="650532" percent="77" />
  <cards cleaned="0" thresholdBytes="111544" />
</concurrent-halted>
<gc-op id="4839" type="tracing" timems="0.209" contextid="4832" timestamp="2019-07-02T19:36:53.158">
  <trace bytesTraced="287452" workStackOverflowCount="0" />
</gc-op>
<gc-op id="4840" type="card-cleaning" timems="0.163" contextid="4832" timestamp="2019-07-02T19:36:53.158">
  <card-cleaning cardsCleaned="26" bytesTraced="239676" workStackOverflowCount="0" />
</gc-op>
<gc-op id="4841" type="mark" timems="0.576" contextid="4832" timestamp="2019-07-02T19:36:53.159">
  <trace-info objectcount="10396" scancount="9493" scanbytes="297044" />
  <finalization candidates="124" enqueued="0" />
  <ownableSynchronizers candidates="3" cleared="0" />
  <references type="soft" candidates="84" cleared="0" enqueued="0" dynamicThreshold="19" maxThreshold="32" />
  <references type="weak" candidates="776" cleared="0" enqueued="0" />
  <references type="phantom" candidates="63" cleared="0" enqueued="0" />
  <stringconstants candidates="4574" cleared="0"  />
</gc-op>
<gc-op id="4842" type="sweep" timems="0.390" contextid="4832" timestamp="2019-07-02T19:36:53.159" />
<heap-resize id="4843" type="expand" space="tenure" amount="1048576" count="1" timems="0.046" reason="excessive time being spent in gc" timestamp="2019-07-02T19:36:53.159" />
<gc-end id="4844" type="global" contextid="4832" durationms="1.860" usertimems="4.000" systemtimems="0.000" timestamp="2019-07-02T19:36:53.159" activeThreads="4">
  <mem-info id="4845" free="8168584" total="13303808" percent="61">
    <mem type="tenure" free="8168584" total="13303808" percent="61" micro-fragmented="404955">
      <mem type="soa" free="8036488" total="13171712" percent="61" />
      <mem type="loa" free="132096" total="132096" percent="100" />
    </mem>
  </mem-info>
</gc-end>
<cycle-end id="4846" type="global" contextid="4832" timestamp="2019-07-02T19:36:53.160">
  <attribute name="GC Util" value="16" />
  <attribute name="CPU Util" value="61524215031396" />
  <attribute name="Time Running"value="4647"/>
  <attribute name="Number of cores"value="4"/>
</cycle-end>
<allocation-satisfied id="4847" threadId="0000000000ABB500" bytesRequested="40" />
<af-end id="4848" timestamp="2019-07-02T19:36:53.160" threadId="0000000000ABBE88" success="true" />
<exclusive-end id="4849" timestamp="2019-07-02T19:36:53.160" durationms="2.327" />

<concurrent-kickoff id="4850" timestamp="2019-07-02T19:36:53.171">
  <kickoff reason="threshold reached" targetBytes="1855763" thresholdFreeBytes="254371" remainingFree="132096" tenureFreeBytes="132096" />
</concurrent-kickoff>
<exclusive-start id="4851" timestamp="2019-07-02T19:36:53.171" intervalms="13.801">
  <response-info timems="0.061" idlems="0.034" threads="1" lastid="0000000000AB3D00" lastname="Thread-10" />
</exclusive-start>
<af-start id="4852" threadId="0000000000AB8288" totalBytesRequested="40" timestamp="2019-07-02T19:36:53.171" intervalms="13.842" />
<concurrent-aborted id="4853" timestamp="2019-07-02T19:36:53.171">
  <reason value="insufficient progress made" />
</concurrent-aborted>
<cycle-end id="4854" type="global" contextid="4832" timestamp="2019-07-02T19:36:53.172">
  <attribute name="GC Util" value="16" />
  <attribute name="CPU Util" value="61524215031396" />
  <attribute name="Time Running"value="4647"/>
  <attribute name="Number of cores"value="4"/>
</cycle-end>
<cycle-start id="4855" type="global" contextid="0" timestamp="2019-07-02T19:36:53.172" intervalms="15.330" />
  <attribute name="GC Util" value="16" />
  <attribute name="CPU Util" value="61524215031396" />
  <attribute name="Time Running"value="4647"/>
  <attribute name="Number of cores"value="4"/>
<gc-start id="4856" type="global" contextid="4855" timestamp="2019-07-02T19:36:53.172">
  <mem-info id="4857" free="132096" total="13303808" percent="0">
    <mem type="tenure" free="132096" total="13303808" percent="0">
      <mem type="soa" free="0" total="13171712" percent="0" />
      <mem type="loa" free="132096" total="132096" percent="100" />
    </mem>
  </mem-info>
</gc-start>
<allocation-stats totalBytes="8017368" >
  <allocated-bytes non-tlh="0" tlh="8017368" />
  <largest-consumer threadName="Thread-10" threadId="0000000000AB3D00" bytes="5978912" />
</allocation-stats>
<gc-op id="4858" type="mark" timems="2.501" contextid="4855" timestamp="2019-07-02T19:36:53.175">
  <trace-info objectcount="72900" scancount="65324" scanbytes="2440524" />
  <finalization candidates="124" enqueued="0" />
  <ownableSynchronizers candidates="3" cleared="0" />
  <references type="soft" candidates="84" cleared="0" enqueued="0" dynamicThreshold="19" maxThreshold="32" />
  <references type="weak" candidates="776" cleared="0" enqueued="0" />
  <references type="phantom" candidates="63" cleared="0" enqueued="0" />
  <stringconstants candidates="4574" cleared="0"  />
</gc-op>
<gc-op id="4859" type="sweep" timems="0.840" contextid="4855" timestamp="2019-07-02T19:36:53.175" />
<gc-end id="4860" type="global" contextid="4855" durationms="3.678" usertimems="12.000" systemtimems="0.000" timestamp="2019-07-02T19:36:53.176" activeThreads="4">
  <mem-info id="4861" free="8095016" total="13303808" percent="60">
    <mem type="tenure" free="8095016" total="13303808" percent="60" micro-fragmented="420443">
      <mem type="soa" free="8036792" total="13171712" percent="61" />
      <mem type="loa" free="58224" total="132096" percent="44" />
    </mem>
  </mem-info>
</gc-end>
<cycle-end id="4862" type="global" contextid="4855" timestamp="2019-07-02T19:36:53.176">
  <attribute name="GC Util" value="252" />
  <attribute name="CPU Util" value="7201983909161" />
  <attribute name="Time Running"value="4663"/>
  <attribute name="Number of cores"value="4"/>
</cycle-end>
<allocation-satisfied id="4863" threadId="0000000000AB7900" bytesRequested="40" />
<af-end id="4864" timestamp="2019-07-02T19:36:53.176" threadId="0000000000AB8288" success="true" />
<exclusive-end id="4865" timestamp="2019-07-02T19:36:53.176" durationms="4.577" />

<concurrent-kickoff id="4866" timestamp="2019-07-02T19:36:53.180">
  <kickoff reason="threshold reached" targetBytes="1855763" thresholdFreeBytes="254371" remainingFree="188232" tenureFreeBytes="58224" />
</concurrent-kickoff>
<exclusive-start id="4867" timestamp="2019-07-02T19:36:53.180" intervalms="8.680">
  <response-info timems="0.043" idlems="0.041" threads="1" lastid="0000000000AB7900" lastname="Thread-7" />
</exclusive-start>
<cycle-start id="4868" type="global" contextid="0" timestamp="2019-07-02T19:36:53.180" intervalms="8.221" />
  <attribute name="GC Util" value="252" />
  <attribute name="CPU Util" value="7201983909161" />
  <attribute name="Time Running"value="4663"/>
  <attribute name="Number of cores"value="4"/>
<exclusive-end id="4869" timestamp="2019-07-02T19:36:53.180" durationms="0.128" />

<exclusive-start id="4870" timestamp="2019-07-02T19:36:53.180" intervalms="0.224">
  <response-info timems="0.022" idlems="0.022" threads="0" lastid="0000000000AB7900" lastname="Thread-7" />
</exclusive-start>
<af-start id="4871" threadId="0000000000AB8288" totalBytesRequested="40" timestamp="2019-07-02T19:36:53.180" intervalms="8.852" />
<concurrent-aborted id="4872" timestamp="2019-07-02T19:36:53.180">
  <reason value="insufficient progress made" />
</concurrent-aborted>
<cycle-end id="4873" type="global" contextid="4868" timestamp="2019-07-02T19:36:53.180">
  <attribute name="GC Util" value="36" />
  <attribute name="CPU Util" value="3301961347641" />
  <attribute name="Time Running"value="4668"/>
  <attribute name="Number of cores"value="4"/>
</cycle-end>
<cycle-start id="4874" type="global" contextid="0" timestamp="2019-07-02T19:36:53.181" intervalms="0.637" />
  <attribute name="GC Util" value="36" />
  <attribute name="CPU Util" value="3301961347641" />
  <attribute name="Time Running"value="4668"/>
  <attribute name="Number of cores"value="4"/>
<gc-start id="4875" type="global" contextid="4874" timestamp="2019-07-02T19:36:53.181">
  <mem-info id="4876" free="132096" total="13303808" percent="0">
    <mem type="tenure" free="132096" total="13303808" percent="0">
      <mem type="soa" free="0" total="13171712" percent="0" />
      <mem type="loa" free="132096" total="132096" percent="100" />
    </mem>
  </mem-info>
</gc-start>
<allocation-stats totalBytes="8016096" >
  <allocated-bytes non-tlh="0" tlh="8016096" />
  <largest-consumer threadName="Thread-8" threadId="0000000000AB0100" bytes="2011656" />
</allocation-stats>
<gc-op id="4877" type="mark" timems="2.146" contextid="4874" timestamp="2019-07-02T19:36:53.183">
  <trace-info objectcount="75856" scancount="68298" scanbytes="2511276" />
  <finalization candidates="124" enqueued="0" />
  <ownableSynchronizers candidates="3" cleared="0" />
  <references type="soft" candidates="84" cleared="0" enqueued="0" dynamicThreshold="19" maxThreshold="32" />
  <references type="weak" candidates="776" cleared="0" enqueued="0" />
  <references type="phantom" candidates="63" cleared="0" enqueued="0" />
  <stringconstants candidates="4574" cleared="0"  />
</gc-op>
<gc-op id="4878" type="sweep" timems="1.076" contextid="4874" timestamp="2019-07-02T19:36:53.184" />
<heap-resize id="4879" type="expand" space="tenure" amount="1048576" count="1" timems="0.052" reason="excessive time being spent in gc" timestamp="2019-07-02T19:36:53.184" />
<gc-end id="4880" type="global" contextid="4874" durationms="3.566" usertimems="12.000" systemtimems="0.000" timestamp="2019-07-02T19:36:53.184" activeThreads="4">
  <mem-info id="4881" free="8999864" total="14352384" percent="62">
    <mem type="tenure" free="8999864" total="14352384" percent="62" micro-fragmented="272460">
      <mem type="soa" free="8856504" total="14209024" percent="62" />
      <mem type="loa" free="143360" total="143360" percent="100" />
    </mem>
  </mem-info>
</gc-end>
<cycle-end id="4882" type="global" contextid="4874" timestamp="2019-07-02T19:36:53.184">
  <attribute name="GC Util" value="157" />
  <attribute name="CPU Util" value="22178817915080" />
  <attribute name="Time Running"value="4672"/>
  <attribute name="Number of cores"value="4"/>
</cycle-end>
<allocation-satisfied id="4883" threadId="0000000000AB7900" bytesRequested="40" />
<af-end id="4884" timestamp="2019-07-02T19:36:53.184" threadId="0000000000AB8288" success="true" />
<exclusive-end id="4885" timestamp="2019-07-02T19:36:53.184" durationms="4.321" />

<concurrent-kickoff id="4886" timestamp="2019-07-02T19:36:53.188">
  <kickoff reason="threshold reached" targetBytes="2002030" thresholdFreeBytes="274421" remainingFree="260792" tenureFreeBytes="143360" />
</concurrent-kickoff>
<exclusive-start id="4887" timestamp="2019-07-02T19:36:53.189" intervalms="8.478">
  <response-info timems="0.077" idlems="0.048" threads="1" lastid="0000000000AB7900" lastname="Thread-7" />
</exclusive-start>
<cycle-start id="4888" type="global" contextid="0" timestamp="2019-07-02T19:36:53.189" intervalms="8.062" />
  <attribute name="GC Util" value="157" />
  <attribute name="CPU Util" value="22178817915080" />
  <attribute name="Time Running"value="4672"/>
  <attribute name="Number of cores"value="4"/>
<exclusive-end id="4889" timestamp="2019-07-02T19:36:53.189" durationms="0.119" />

<exclusive-start id="4890" timestamp="2019-07-02T19:36:53.189" intervalms="0.236">
  <response-info timems="0.025" idlems="0.025" threads="0" lastid="0000000000ABB500" lastname="Thread-9" />
</exclusive-start>
<af-start id="4891" threadId="0000000000ABBE88" totalBytesRequested="40" timestamp="2019-07-02T19:36:53.189" intervalms="8.713" />
<concurrent-aborted id="4892" timestamp="2019-07-02T19:36:53.189">
  <reason value="insufficient progress made" />
</concurrent-aborted>
<cycle-end id="4893" type="global" contextid="4888" timestamp="2019-07-02T19:36:53.189">
  <attribute name="GC Util" value="157" />
  <attribute name="CPU Util" value="22178817915080" />
  <attribute name="Time Running"value="4672"/>
  <attribute name="Number of cores"value="4"/>
</cycle-end>
<cycle-start id="4894" type="global" contextid="0" timestamp="2019-07-02T19:36:53.189" intervalms="0.376" />
  <attribute name="GC Util" value="157" />
  <attribute name="CPU Util" value="22178817915080" />
  <attribute name="Time Running"value="4672"/>
  <attribute name="Number of cores"value="4"/>
<gc-start id="4895" type="global" contextid="4894" timestamp="2019-07-02T19:36:53.189">
  <mem-info id="4896" free="143360" total="14352384" percent="0">
    <mem type="tenure" free="143360" total="14352384" percent="0">
      <mem type="soa" free="0" total="14209024" percent="0" />
      <mem type="loa" free="143360" total="143360" percent="100" />
    </mem>
  </mem-info>
</gc-start>
<allocation-stats totalBytes="8832256" >
  <allocated-bytes non-tlh="38112" tlh="8794144" />
  <largest-consumer threadName="Thread-8" threadId="0000000000AB0100" bytes="2300352" />
</allocation-stats>
<gc-op id="4897" type="mark" timems="1.045" contextid="4894" timestamp="2019-07-02T19:36:53.190">
  <trace-info objectcount="66594" scancount="59023" scanbytes="2289332" />
  <finalization candidates="124" enqueued="0" />
  <ownableSynchronizers candidates="3" cleared="0" />
  <references type="soft" candidates="84" cleared="0" enqueued="0" dynamicThreshold="20" maxThreshold="32" />
  <references type="weak" candidates="776" cleared="0" enqueued="0" />
  <references type="phantom" candidates="63" cleared="0" enqueued="0" />
  <stringconstants candidates="4574" cleared="0"  />
</gc-op>
<gc-op id="4898" type="sweep" timems="0.297" contextid="4894" timestamp="2019-07-02T19:36:53.191" />
<gc-end id="4899" type="global" contextid="4894" durationms="1.606" usertimems="0.000" systemtimems="4.000" timestamp="2019-07-02T19:36:53.191" activeThreads="4">
  <mem-info id="4900" free="9736464" total="14352384" percent="67">
    <mem type="tenure" free="9736464" total="14352384" percent="67" micro-fragmented="188113">
      <mem type="soa" free="9644416" total="14209024" percent="67" />
      <mem type="loa" free="92048" total="143360" percent="64" />
    </mem>
  </mem-info>
</gc-end>
<cycle-end id="4901" type="global" contextid="4894" timestamp="2019-07-02T19:36:53.191">
  <attribute name="GC Util" value="232" />
  <attribute name="CPU Util" value="16733743964325" />
  <attribute name="Time Running"value="4678"/>
  <attribute name="Number of cores"value="4"/>
</cycle-end>
<allocation-satisfied id="4902" threadId="0000000000ABB500" bytesRequested="40" />
<af-end id="4903" timestamp="2019-07-02T19:36:53.191" threadId="0000000000ABBE88" success="true" />
<exclusive-end id="4904" timestamp="2019-07-02T19:36:53.191" durationms="2.054" />

<concurrent-kickoff id="4905" timestamp="2019-07-02T19:36:53.195">
  <kickoff reason="threshold reached" targetBytes="2002030" thresholdFreeBytes="274421" remainingFree="196128" tenureFreeBytes="196128" />
</concurrent-kickoff>
<exclusive-start id="4906" timestamp="2019-07-02T19:36:53.198" intervalms="8.774">
  <response-info timems="2.108" idlems="2.060" threads="1" lastid="0000000000AB3D00" lastname="Thread-10" />
</exclusive-start>
<af-start id="4907" threadId="0000000000ABBE88" totalBytesRequested="40" timestamp="2019-07-02T19:36:53.198" intervalms="8.816" />
<concurrent-aborted id="4908" timestamp="2019-07-02T19:36:53.198">
  <reason value="insufficient progress made" />
</concurrent-aborted>
<cycle-end id="4909" type="global" contextid="4888" timestamp="2019-07-02T19:36:53.198">
  <attribute name="GC Util" value="19" />
  <attribute name="CPU Util" value="2462711223884" />
  <attribute name="Time Running"value="4686"/>
  <attribute name="Number of cores"value="4"/>
</cycle-end>
<cycle-start id="4910" type="global" contextid="0" timestamp="2019-07-02T19:36:53.198" intervalms="9.190" />
  <attribute name="GC Util" value="19" />
  <attribute name="CPU Util" value="2462711223884" />
  <attribute name="Time Running"value="4686"/>
  <attribute name="Number of cores"value="4"/>
<gc-start id="4911" type="global" contextid="4910" timestamp="2019-07-02T19:36:53.198">
  <mem-info id="4912" free="143360" total="14352384" percent="0">
    <mem type="tenure" free="143360" total="14352384" percent="0">
      <mem type="soa" free="0" total="14209024" percent="0" />
      <mem type="loa" free="143360" total="143360" percent="100" />
    </mem>
  </mem-info>
</gc-start>
<allocation-stats totalBytes="9630288" >
  <allocated-bytes non-tlh="0" tlh="9630288" />
  <largest-consumer threadName="Thread-10" threadId="0000000000AB3D00" bytes="2560856" />
</allocation-stats>
<gc-op id="4913" type="mark" timems="2.250" contextid="4910" timestamp="2019-07-02T19:36:53.201">
  <trace-info objectcount="63552" scancount="55979" scanbytes="2216436" />
  <finalization candidates="124" enqueued="0" />
  <ownableSynchronizers candidates="3" cleared="0" />
  <references type="soft" candidates="84" cleared="0" enqueued="0" dynamicThreshold="21" maxThreshold="32" />
  <references type="weak" candidates="776" cleared="0" enqueued="0" />
  <references type="phantom" candidates="63" cleared="0" enqueued="0" />
  <stringconstants candidates="4574" cleared="0"  />
</gc-op>
<gc-op id="4914" type="sweep" timems="1.002" contextid="4910" timestamp="2019-07-02T19:36:53.202" />
<gc-end id="4915" type="global" contextid="4910" durationms="3.570" usertimems="12.000" systemtimems="0.000" timestamp="2019-07-02T19:36:53.202" activeThreads="4">
  <mem-info id="4916" free="9966520" total="14352384" percent="69">
    <mem type="tenure" free="9966520" total="14352384" percent="69" micro-fragmented="114819">
      <mem type="soa" free="9864208" total="14209024" percent="69" />
      <mem type="loa" free="102312" total="143360" percent="71" />
    </mem>
  </mem-info>
</gc-end>
<cycle-end id="4917" type="global" contextid="4910" timestamp="2019-07-02T19:36:53.202">
  <attribute name="GC Util" value="257" />
  <attribute name="CPU Util" value="7964602369112" />
  <attribute name="Time Running"value="4689"/>
  <attribute name="Number of cores"value="4"/>
</cycle-end>
<allocation-satisfied id="4918" threadId="0000000000ABB500" bytesRequested="40" />
<af-end id="4919" timestamp="2019-07-02T19:36:53.202" threadId="0000000000ABBE88" success="true" />
<exclusive-end id="4920" timestamp="2019-07-02T19:36:53.202" durationms="4.671" />

<concurrent-kickoff id="4921" timestamp="2019-07-02T19:36:53.208">
  <kickoff reason="threshold reached" targetBytes="2002030" thresholdFreeBytes="274421" remainingFree="102312" tenureFreeBytes="102312" />
</concurrent-kickoff>
<exclusive-start id="4922" timestamp="2019-07-02T19:36:53.208" intervalms="10.740">
  <response-info timems="0.105" idlems="0.061" threads="1" lastid="0000000000ABB500" lastname="Thread-9" />
</exclusive-start>
<cycle-start id="4923" type="global" contextid="0" timestamp="2019-07-02T19:36:53.208" intervalms="10.217" />
  <attribute name="GC Util" value="257" />
  <attribute name="CPU Util" value="7964602369112" />
  <attribute name="Time Running"value="4689"/>
  <attribute name="Number of cores"value="4"/>
<exclusive-end id="4924" timestamp="2019-07-02T19:36:53.208" durationms="0.154" />

<exclusive-start id="4925" timestamp="2019-07-02T19:36:53.209" intervalms="0.317">
  <response-info timems="0.057" idlems="0.057" threads="0" lastid="0000000000AB7900" lastname="Thread-7" />
</exclusive-start>
<af-start id="4926" threadId="0000000000AB8288" totalBytesRequested="40" timestamp="2019-07-02T19:36:53.209" intervalms="11.022" />
<concurrent-aborted id="4927" timestamp="2019-07-02T19:36:53.209">
  <reason value="insufficient progress made" />
</concurrent-aborted>
<cycle-end id="4928" type="global" contextid="4923" timestamp="2019-07-02T19:36:53.209">
  <attribute name="GC Util" value="24" />
  <attribute name="CPU Util" value="2277377191897" />
  <attribute name="Time Running"value="4697"/>
  <attribute name="Number of cores"value="4"/>
</cycle-end>
<cycle-start id="4929" type="global" contextid="0" timestamp="2019-07-02T19:36:53.209" intervalms="0.785" />
  <attribute name="GC Util" value="24" />
  <attribute name="CPU Util" value="2277377191897" />
  <attribute name="Time Running"value="4697"/>
  <attribute name="Number of cores"value="4"/>
<gc-start id="4930" type="global" contextid="4929" timestamp="2019-07-02T19:36:53.209">
  <mem-info id="4931" free="143360" total="14352384" percent="0">
    <mem type="tenure" free="143360" total="14352384" percent="0">
      <mem type="soa" free="0" total="14209024" percent="0" />
      <mem type="loa" free="143360" total="143360" percent="100" />
    </mem>
  </mem-info>
</gc-start>
<allocation-stats totalBytes="9866072" >
  <allocated-bytes non-tlh="0" tlh="9866072" />
  <largest-consumer threadName="Thread-10" threadId="0000000000AB3D00" bytes="3346232" />
</allocation-stats>
<gc-op id="4932" type="mark" timems="2.135" contextid="4929" timestamp="2019-07-02T19:36:53.212">
  <trace-info objectcount="65775" scancount="58212" scanbytes="2270036" />
  <finalization candidates="124" enqueued="0" />
  <ownableSynchronizers candidates="3" cleared="0" />
  <references type="soft" candidates="84" cleared="0" enqueued="0" dynamicThreshold="22" maxThreshold="32" />
  <references type="weak" candidates="776" cleared="0" enqueued="0" />
  <references type="phantom" candidates="63" cleared="0" enqueued="0" />
  <stringconstants candidates="4574" cleared="0"  />
</gc-op>
<gc-op id="4933" type="sweep" timems="1.052" contextid="4929" timestamp="2019-07-02T19:36:53.213" />
<heap-resize id="4934" type="contract" space="tenure" amount="131072" count="1" timems="0.054" reason="excess free space following gc" timestamp="2019-07-02T19:36:53.213" />
<gc-end id="4935" type="global" contextid="4929" durationms="3.580" usertimems="12.000" systemtimems="0.000" timestamp="2019-07-02T19:36:53.213" activeThreads="4">
  <mem-info id="4936" free="9773760" total="14221312" percent="68">
    <mem type="tenure" free="9773760" total="14221312" percent="68" micro-fragmented="78927">
      <mem type="soa" free="9644736" total="14080000" percent="68" />
      <mem type="loa" free="129024" total="141312" percent="91" />
    </mem>
  </mem-info>
</gc-end>
<cycle-end id="4937" type="global" contextid="4929" timestamp="2019-07-02T19:36:53.213">
  <attribute name="GC Util" value="157" />
  <attribute name="CPU Util" value="22726033188014" />
  <attribute name="Time Running"value="4700"/>
  <attribute name="Number of cores"value="4"/>
</cycle-end>
<allocation-satisfied id="4938" threadId="0000000000AB7900" bytesRequested="40" />
<af-end id="4939" timestamp="2019-07-02T19:36:53.213" threadId="0000000000AB8288" success="true" />
<exclusive-end id="4940" timestamp="2019-07-02T19:36:53.213" durationms="4.473" />

<concurrent-kickoff id="4941" timestamp="2019-07-02T19:36:53.219">
  <kickoff reason="threshold reached" targetBytes="1983746" thresholdFreeBytes="271914" remainingFree="221168" tenureFreeBytes="221168" />
</concurrent-kickoff>
<exclusive-start id="4942" timestamp="2019-07-02T19:36:53.219" intervalms="10.406">
  <response-info timems="0.089" idlems="0.054" threads="1" lastid="0000000000AB3D00" lastname="Thread-10" />
</exclusive-start>
<cycle-start id="4943" type="global" contextid="0" timestamp="2019-07-02T19:36:53.219" intervalms="9.897" />
  <attribute name="GC Util" value="157" />
  <attribute name="CPU Util" value="22726033188014" />
  <attribute name="Time Running"value="4700"/>
  <attribute name="Number of cores"value="4"/>
<exclusive-end id="4944" timestamp="2019-07-02T19:36:53.219" durationms="0.110" />

<exclusive-start id="4945" timestamp="2019-07-02T19:36:53.219" intervalms="0.211">
  <response-info timems="0.020" idlems="0.020" threads="0" lastid="0000000000AB7900" lastname="Thread-7" />
</exclusive-start>
<af-start id="4946" threadId="0000000000AB8288" totalBytesRequested="40" timestamp="2019-07-02T19:36:53.219" intervalms="10.617" />
<concurrent-aborted id="4947" timestamp="2019-07-02T19:36:53.219">
  <reason value="insufficient progress made" />
</concurrent-aborted>
<cycle-end id="4948" type="global" contextid="4943" timestamp="2019-07-02T19:36:53.219">
  <attribute name="GC Util" value="157" />
  <attribute name="CPU Util" value="22726033188014" />
  <attribute name="Time Running"value="4700"/>
  <attribute name="Number of cores"value="4"/>
</cycle-end>
<cycle-start id="4949" type="global" contextid="0" timestamp="2019-07-02T19:36:53.219" intervalms="0.376" />
  <attribute name="GC Util" value="157" />
  <attribute name="CPU Util" value="22726033188014" />
  <attribute name="Time Running"value="4700"/>
  <attribute name="Number of cores"value="4"/>
<gc-start id="4950" type="global" contextid="4949" timestamp="2019-07-02T19:36:53.220">
  <mem-info id="4951" free="129024" total="14221312" percent="0">
    <mem type="tenure" free="129024" total="14221312" percent="0">
      <mem type="soa" free="0" total="14080000" percent="0" />
      <mem type="loa" free="129024" total="141312" percent="91" />
    </mem>
  </mem-info>
</gc-start>
<allocation-stats totalBytes="9634768" >
  <allocated-bytes non-tlh="0" tlh="9634768" />
  <largest-consumer threadName="Thread-8" threadId="0000000000AB0100" bytes="3251352" />
</allocation-stats>
<gc-op id="4952" type="mark" timems="2.242" contextid="4949" timestamp="2019-07-02T19:36:53.222">
  <trace-info objectcount="68238" scancount="60674" scanbytes="2329220" />
  <finalization candidates="124" enqueued="0" />
  <ownableSynchronizers candidates="3" cleared="0" />
  <references type="soft" candidates="84" cleared="0" enqueued="0" dynamicThreshold="21" maxThreshold="32" />
  <references type="weak" candidates="776" cleared="0" enqueued="0" />
  <references type="phantom" candidates="63" cleared="0" enqueued="0" />
  <stringconstants candidates="4574" cleared="0"  />
</gc-op>
<gc-op id="4953" type="sweep" timems="1.095" contextid="4949" timestamp="2019-07-02T19:36:53.223" />
<heap-resize id="4954" type="contract" space="tenure" amount="131072" count="1" timems="0.106" reason="excess free space following gc" timestamp="2019-07-02T19:36:53.223" />
<gc-end id="4955" type="global" contextid="4949" durationms="3.839" usertimems="8.000" systemtimems="0.000" timestamp="2019-07-02T19:36:53.223" activeThreads="4">
  <mem-info id="4956" free="9461064" total="14090240" percent="67">
    <mem type="tenure" free="9461064" total="14090240" percent="67" micro-fragmented="95384">
      <mem type="soa" free="9379968" total="13949952" percent="67" />
      <mem type="loa" free="81096" total="140288" percent="57" />
    </mem>
  </mem-info>
</gc-end>
<cycle-end id="4957" type="global" contextid="4949" timestamp="2019-07-02T19:36:53.223">
  <attribute name="GC Util" value="153" />
  <attribute name="CPU Util" value="21511485153724" />
  <attribute name="Time Running"value="4711"/>
  <attribute name="Number of cores"value="4"/>
</cycle-end>
<allocation-satisfied id="4958" threadId="0000000000AB7900" bytesRequested="40" />
<af-end id="4959" timestamp="2019-07-02T19:36:53.224" threadId="0000000000AB8288" success="true" />
<exclusive-end id="4960" timestamp="2019-07-02T19:36:53.224" durationms="4.511" />

<concurrent-kickoff id="4961" timestamp="2019-07-02T19:36:53.232">
  <kickoff reason="threshold reached" targetBytes="1965463" thresholdFreeBytes="269408" remainingFree="260216" tenureFreeBytes="255064" />
</concurrent-kickoff>
<exclusive-start id="4962" timestamp="2019-07-02T19:36:53.232" intervalms="12.746">
  <response-info timems="0.113" idlems="0.058" threads="2" lastid="0000000000AB3D00" lastname="Thread-10" />
</exclusive-start>
<cycle-start id="4963" type="global" contextid="0" timestamp="2019-07-02T19:36:53.232" intervalms="12.627" />
  <attribute name="GC Util" value="153" />
  <attribute name="CPU Util" value="21511485153724" />
  <attribute name="Time Running"value="4711"/>
  <attribute name="Number of cores"value="4"/>
<exclusive-end id="4964" timestamp="2019-07-02T19:36:53.232" durationms="0.191" />

<exclusive-start id="4965" timestamp="2019-07-02T19:36:53.233" intervalms="0.961">
  <response-info timems="0.024" idlems="0.024" threads="0" lastid="0000000000AB7900" lastname="Thread-7" />
</exclusive-start>
<af-start id="4966" threadId="0000000000AB8288" totalBytesRequested="24" timestamp="2019-07-02T19:36:53.233" intervalms="13.712" />
<gc-start id="4967" type="global" contextid="4963" timestamp="2019-07-02T19:36:53.233">
  <mem-info id="4968" free="81096" total="14090240" percent="0">
    <mem type="tenure" free="81096" total="14090240" percent="0">
      <mem type="soa" free="0" total="13949952" percent="0" />
      <mem type="loa" free="81096" total="140288" percent="57" />
    </mem>
  </mem-info>
</gc-start>
<allocation-stats totalBytes="9365528" >
  <allocated-bytes non-tlh="0" tlh="9365528" />
  <largest-consumer threadName="Thread-10" threadId="0000000000AB3D00" bytes="4475336" />
</allocation-stats>
<concurrent-halted id="4969" timestamp="2019-07-02T19:36:53.233">
  <halted state="Class scanning incomplete" status="clean trace" />
  <traced bytesTarget="1965463" bytesTotal="873748" bytesByMutator="563096" bytesByHelper="310652" percent="44" />
  <cards cleaned="0" thresholdBytes="106130" />
</concurrent-halted>
<gc-op id="4970" type="tracing" timems="0.310" contextid="4963" timestamp="2019-07-02T19:36:53.234">
  <trace bytesTraced="42364" workStackOverflowCount="0" />
</gc-op>
<gc-op id="4971" type="card-cleaning" timems="0.418" contextid="4963" timestamp="2019-07-02T19:36:53.234">
  <card-cleaning cardsCleaned="24" bytesTraced="15864" workStackOverflowCount="0" />
</gc-op>
<gc-op id="4972" type="mark" timems="1.461" contextid="4963" timestamp="2019-07-02T19:36:53.236">
  <trace-info objectcount="32362" scancount="28069" scanbytes="1066792" />
  <finalization candidates="124" enqueued="0" />
  <ownableSynchronizers candidates="3" cleared="0" />
  <references type="soft" candidates="84" cleared="0" enqueued="0" dynamicThreshold="21" maxThreshold="32" />
  <references type="weak" candidates="774" cleared="0" enqueued="0" />
  <references type="phantom" candidates="63" cleared="0" enqueued="0" />
  <stringconstants candidates="4574" cleared="0"  />
</gc-op>
<gc-op id="4973" type="sweep" timems="1.278" contextid="4963" timestamp="2019-07-02T19:36:53.237" />
<heap-resize id="4974" type="contract" space="tenure" amount="131072" count="1" timems="0.083" reason="excess free space following gc" timestamp="2019-07-02T19:36:53.237" />
<gc-end id="4975" type="global" contextid="4963" durationms="4.092" usertimems="4.000" systemtimems="4.000" timestamp="2019-07-02T19:36:53.237" activeThreads="4">
  <mem-info id="4976" free="9671344" total="13959168" percent="69">
    <mem type="tenure" free="9671344" total="13959168" percent="69" micro-fragmented="162680">
      <mem type="soa" free="9671344" total="13819904" percent="69" />
      <mem type="loa" free="0" total="139264" percent="0" />
    </mem>
  </mem-info>
</gc-end>
<cycle-end id="4977" type="global" contextid="4963" timestamp="2019-07-02T19:36:53.237">
  <attribute name="GC Util" value="130" />
  <attribute name="CPU Util" value="18010810212700" />
  <attribute name="Time Running"value="4725"/>
  <attribute name="Number of cores"value="4"/>
</cycle-end>
<allocation-satisfied id="4978" threadId="0000000000AB7900" bytesRequested="24" />
<af-end id="4979" timestamp="2019-07-02T19:36:53.237" threadId="0000000000AB8288" success="true" />
<exclusive-end id="4980" timestamp="2019-07-02T19:36:53.238" durationms="4.606" />

<concurrent-kickoff id="4981" timestamp="2019-07-02T19:36:53.246">
  <kickoff reason="threshold reached" targetBytes="1709206" thresholdFreeBytes="234798" remainingFree="230640" tenureFreeBytes="230640" />
</concurrent-kickoff>
<exclusive-start id="4982" timestamp="2019-07-02T19:36:53.246" intervalms="13.452">
  <response-info timems="0.110" idlems="0.065" threads="1" lastid="0000000000ABB500" lastname="Thread-9" />
</exclusive-start>
<cycle-start id="4983" type="global" contextid="0" timestamp="2019-07-02T19:36:53.247" intervalms="14.421" />
  <attribute name="GC Util" value="130" />
  <attribute name="CPU Util" value="18010810212700" />
  <attribute name="Time Running"value="4725"/>
  <attribute name="Number of cores"value="4"/>
<exclusive-end id="4984" timestamp="2019-07-02T19:36:53.247" durationms="0.203" />

<exclusive-start id="4985" timestamp="2019-07-02T19:36:53.248" intervalms="1.837">
  <response-info timems="0.028" idlems="0.028" threads="0" lastid="0000000000AB3D00" lastname="Thread-10" />
</exclusive-start>
<concurrent-collection-start id="4986" timestamp="2019-07-02T19:36:53.248" intervalms="304.751" >
  <concurrent-trace-info reason="card cleaning threshold reached" tracedByMutators="1241428" tracedByHelpers="633616" cardsCleaned="19" workStackOverflowCount="0" />
</concurrent-collection-start>
<gc-start id="4987" type="global" contextid="4983" timestamp="2019-07-02T19:36:53.248">
  <mem-info id="4988" free="16248" total="13959168" percent="0">
    <mem type="tenure" free="16248" total="13959168" percent="0">
      <mem type="soa" free="16248" total="13819904" percent="0" />
      <mem type="loa" free="0" total="139264" percent="0" />
    </mem>
  </mem-info>
</gc-start>
<allocation-stats totalBytes="9636472" >
  <allocated-bytes non-tlh="0" tlh="9636472" />
  <largest-consumer threadName="Thread-10" threadId="0000000000AB3D00" bytes="4804944" />
</allocation-stats>
<gc-op id="4989" type="card-cleaning" timems="0.431" contextid="4983" timestamp="2019-07-02T19:36:53.249">
  <card-cleaning cardsCleaned="7" bytesTraced="2888" workStackOverflowCount="0" />
</gc-op>
<gc-op id="4990" type="mark" timems="1.418" contextid="4983" timestamp="2019-07-02T19:36:53.250">
  <trace-info objectcount="4427" scancount="5281" scanbytes="165128" />
  <finalization candidates="124" enqueued="0" />
  <ownableSynchronizers candidates="3" cleared="0" />
  <references type="soft" candidates="84" cleared="0" enqueued="0" dynamicThreshold="22" maxThreshold="32" />
  <references type="weak" candidates="774" cleared="0" enqueued="0" />
  <references type="phantom" candidates="63" cleared="0" enqueued="0" />
  <stringconstants candidates="4574" cleared="0"  />
</gc-op>
<gc-op id="4991" type="sweep" timems="0.913" contextid="4983" timestamp="2019-07-02T19:36:53.251" />
<mem-info id="4992" free="9587432" total="13959168" percent="68">
  <mem type="tenure" free="9587432" total="13959168" percent="68" micro-fragmented="128246">
    <mem type="soa" free="9587432" total="13819904" percent="69" />
    <mem type="loa" free="0" total="139264" percent="0" />
  </mem>
</mem-info>
<gc-op id="4993" type="compact" timems="9.695" contextid="4983" timestamp="2019-07-02T19:36:53.261">
  <compact-info movecount="52745" movebytes="3475384" reason="compact to aid heap contraction" />
</gc-op>
<heap-resize id="4994" type="contract" space="tenure" amount="131072" count="1" timems="0.089" reason="excess free space following gc" timestamp="2019-07-02T19:36:53.262" />
<gc-end id="4995" type="global" contextid="4983" durationms="13.287" usertimems="12.000" systemtimems="12.000" timestamp="2019-07-02T19:36:53.262" activeThreads="4">
  <mem-info id="4996" free="9974024" total="13828096" percent="72">
    <mem type="tenure" free="9974024" total="13828096" percent="72">
      <mem type="soa" free="9843976" total="13689856" percent="71" />
      <mem type="loa" free="130048" total="138240" percent="94" />
    </mem>
  </mem-info>
</gc-end>
<cycle-end id="4997" type="global" contextid="4983" timestamp="2019-07-02T19:36:53.262">
  <attribute name="GC Util" value="116" />
  <attribute name="CPU Util" value="46335097967266" />
  <attribute name="Time Running"value="4740"/>
  <attribute name="Number of cores"value="4"/>
</cycle-end>
<concurrent-collection-end id="4998" timestamp="2019-07-02T19:36:53.262" />
<exclusive-end id="4999" timestamp="2019-07-02T19:36:53.262" durationms="13.819" />

<concurrent-kickoff id="5000" timestamp="2019-07-02T19:36:53.271">
  <kickoff reason="threshold reached" targetBytes="1758097" thresholdFreeBytes="236986" remainingFree="130048" tenureFreeBytes="130048" />
</concurrent-kickoff>
<exclusive-start id="5001" timestamp="2019-07-02T19:36:53.271" intervalms="22.444">
  <response-info timems="0.086" idlems="0.053" threads="1" lastid="0000000000ABB500" lastname="Thread-9" />
</exclusive-start>
<af-start id="5002" threadId="0000000000AB4688" totalBytesRequested="40" timestamp="2019-07-02T19:36:53.271" intervalms="37.770" />
<concurrent-aborted id="5003" timestamp="2019-07-02T19:36:53.271">
  <reason value="insufficient progress made" />
</concurrent-aborted>
<cycle-end id="5004" type="global" contextid="4983" timestamp="2019-07-02T19:36:53.271">
  <attribute name="GC Util" value="116" />
  <attribute name="CPU Util" value="46335097967266" />
  <attribute name="Time Running"value="4740"/>
  <attribute name="Number of cores"value="4"/>
</cycle-end>
<cycle-start id="5005" type="global" contextid="0" timestamp="2019-07-02T19:36:53.271" intervalms="24.589" />
  <attribute name="GC Util" value="116" />
  <attribute name="CPU Util" value="46335097967266" />
  <attribute name="Time Running"value="4740"/>
  <attribute name="Number of cores"value="4"/>
<gc-start id="5006" type="global" contextid="5005" timestamp="2019-07-02T19:36:53.271">
  <mem-info id="5007" free="130048" total="13828096" percent="0">
    <mem type="tenure" free="130048" total="13828096" percent="0">
      <mem type="soa" free="0" total="13689856" percent="0" />
      <mem type="loa" free="130048" total="138240" percent="94" />
    </mem>
  </mem-info>
</gc-start>
<allocation-stats totalBytes="9843016" >
  <allocated-bytes non-tlh="0" tlh="9843016" />
  <largest-consumer threadName="Thread-10" threadId="0000000000AB3D00" bytes="4816464" />
</allocation-stats>
<gc-op id="5008" type="mark" timems="2.323" contextid="5005" timestamp="2019-07-02T19:36:53.274">
  <trace-info objectcount="61345" scancount="53769" scanbytes="2025620" />
  <finalization candidates="124" enqueued="0" />
  <ownableSynchronizers candidates="3" cleared="0" />
  <references type="soft" candidates="84" cleared="0" enqueued="0" dynamicThreshold="23" maxThreshold="32" />
  <references type="weak" candidates="774" cleared="0" enqueued="0" />
  <references type="phantom" candidates="63" cleared="0" enqueued="0" />
  <stringconstants candidates="4574" cleared="0"  />
</gc-op>
<gc-op id="5009" type="sweep" timems="0.972" contextid="5005" timestamp="2019-07-02T19:36:53.275" />
<heap-resize id="5010" type="contract" space="tenure" amount="131072" count="1" timems="0.084" reason="excess free space following gc" timestamp="2019-07-02T19:36:53.275" />
<gc-end id="5011" type="global" contextid="5005" durationms="3.716" usertimems="8.000" systemtimems="0.000" timestamp="2019-07-02T19:36:53.275" activeThreads="4">
  <mem-info id="5012" free="9794088" total="13697024" percent="71">
    <mem type="tenure" free="9794088" total="13697024" percent="71" micro-fragmented="4635">
      <mem type="soa" free="9682248" total="13560832" percent="71" />
      <mem type="loa" free="111840" total="136192" percent="82" />
    </mem>
  </mem-info>
</gc-end>
<cycle-end id="5013" type="global" contextid="5005" timestamp="2019-07-02T19:36:53.275">
  <attribute name="GC Util" value="184" />
  <attribute name="CPU Util" value="26016800172954" />
  <attribute name="Time Running"value="4762"/>
  <attribute name="Number of cores"value="4"/>
</cycle-end>
<allocation-satisfied id="5014" threadId="0000000000AB3D00" bytesRequested="40" />
<af-end id="5015" timestamp="2019-07-02T19:36:53.275" threadId="0000000000AB4688" success="true" />
<exclusive-end id="5016" timestamp="2019-07-02T19:36:53.275" durationms="4.576" />

<concurrent-kickoff id="5017" timestamp="2019-07-02T19:36:53.284">
  <kickoff reason="threshold reached" targetBytes="1741433" thresholdFreeBytes="234740" remainingFree="215296" tenureFreeBytes="215296" />
</concurrent-kickoff>
<exclusive-start id="5018" timestamp="2019-07-02T19:36:53.284" intervalms="13.207">
  <response-info timems="0.103" idlems="0.060" threads="1" lastid="0000000000ABB500" lastname="Thread-9" />
</exclusive-start>
<cycle-start id="5019" type="global" contextid="0" timestamp="2019-07-02T19:36:53.284" intervalms="12.890" />
  <attribute name="GC Util" value="184" />
  <attribute name="CPU Util" value="26016800172954" />
  <attribute name="Time Running"value="4762"/>
  <attribute name="Number of cores"value="4"/>
<exclusive-end id="5020" timestamp="2019-07-02T19:36:53.284" durationms="0.192" />

<exclusive-start id="5021" timestamp="2019-07-02T19:36:53.285" intervalms="0.766">
  <response-info timems="0.034" idlems="0.034" threads="0" lastid="0000000000ABB500" lastname="Thread-9" />
</exclusive-start>
<af-start id="5022" threadId="0000000000ABBE88" totalBytesRequested="40" timestamp="2019-07-02T19:36:53.285" intervalms="13.970" />
<gc-start id="5023" type="global" contextid="5019" timestamp="2019-07-02T19:36:53.285">
  <mem-info id="5024" free="111840" total="13697024" percent="0">
    <mem type="tenure" free="111840" total="13697024" percent="0">
      <mem type="soa" free="0" total="13560832" percent="0" />
      <mem type="loa" free="111840" total="136192" percent="82" />
    </mem>
  </mem-info>
</gc-start>
<allocation-stats totalBytes="9677408" >
  <allocated-bytes non-tlh="0" tlh="9677408" />
  <largest-consumer threadName="Thread-10" threadId="0000000000AB3D00" bytes="4793896" />
</allocation-stats>
<concurrent-halted id="5025" timestamp="2019-07-02T19:36:53.285">
  <halted state="Tracing incomplete" status="trace only" />
  <traced bytesTarget="1741433" bytesTotal="876352" bytesByMutator="636100" bytesByHelper="240252" percent="50" />
  <cards cleaned="0" thresholdBytes="92473" />
</concurrent-halted>
<gc-op id="5026" type="tracing" timems="0.518" contextid="5019" timestamp="2019-07-02T19:36:53.286">
  <trace bytesTraced="212000" workStackOverflowCount="0" />
</gc-op>
<gc-op id="5027" type="card-cleaning" timems="0.400" contextid="5019" timestamp="2019-07-02T19:36:53.286">
  <card-cleaning cardsCleaned="10" bytesTraced="11148" workStackOverflowCount="0" />
</gc-op>
<gc-op id="5028" type="mark" timems="1.590" contextid="5019" timestamp="2019-07-02T19:36:53.288">
  <trace-info objectcount="33163" scancount="28449" scanbytes="970712" />
  <finalization candidates="124" enqueued="0" />
  <ownableSynchronizers candidates="3" cleared="0" />
  <references type="soft" candidates="84" cleared="0" enqueued="0" dynamicThreshold="22" maxThreshold="32" />
  <references type="weak" candidates="774" cleared="0" enqueued="0" />
  <references type="phantom" candidates="63" cleared="0" enqueued="0" />
  <stringconstants candidates="4574" cleared="0"  />
</gc-op>
<gc-op id="5029" type="sweep" timems="1.074" contextid="5019" timestamp="2019-07-02T19:36:53.289" />
<heap-resize id="5030" type="contract" space="tenure" amount="65536" count="1" timems="0.064" reason="excess free space following gc" timestamp="2019-07-02T19:36:53.289" />
<gc-end id="5031" type="global" contextid="5019" durationms="4.296" usertimems="12.000" systemtimems="0.000" timestamp="2019-07-02T19:36:53.289" activeThreads="4">
  <mem-info id="5032" free="9549392" total="13631488" percent="70">
    <mem type="tenure" free="9549392" total="13631488" percent="70" micro-fragmented="46300">
      <mem type="soa" free="9549392" total="13495296" percent="70" />
      <mem type="loa" free="0" total="136192" percent="0" />
    </mem>
  </mem-info>
</gc-end>
<cycle-end id="5033" type="global" contextid="5019" timestamp="2019-07-02T19:36:53.289">
  <attribute name="GC Util" value="151" />
  <attribute name="CPU Util" value="23896045975814" />
  <attribute name="Time Running"value="4777"/>
  <attribute name="Number of cores"value="4"/>
</cycle-end>
<allocation-satisfied id="5034" threadId="0000000000ABB500" bytesRequested="40" />
<af-end id="5035" timestamp="2019-07-02T19:36:53.289" threadId="0000000000ABBE88" success="true" />
<exclusive-end id="5036" timestamp="2019-07-02T19:36:53.289" durationms="4.765" />

<concurrent-kickoff id="5037" timestamp="2019-07-02T19:36:53.300">
  <kickoff reason="threshold reached" targetBytes="1673739" thresholdFreeBytes="224915" remainingFree="218408" tenureFreeBytes="218408" />
</concurrent-kickoff>
<exclusive-start id="5038" timestamp="2019-07-02T19:36:53.300" intervalms="15.213">
  <response-info timems="0.079" idlems="0.041" threads="1" lastid="0000000000ABB500" lastname="Thread-9" />
</exclusive-start>
<cycle-start id="5039" type="global" contextid="0" timestamp="2019-07-02T19:36:53.300" intervalms="15.983" />
  <attribute name="GC Util" value="151" />
  <attribute name="CPU Util" value="23896045975814" />
  <attribute name="Time Running"value="4777"/>
  <attribute name="Number of cores"value="4"/>
<exclusive-end id="5040" timestamp="2019-07-02T19:36:53.300" durationms="0.203" />

<exclusive-start id="5041" timestamp="2019-07-02T19:36:53.303" intervalms="2.727">
  <response-info timems="0.027" idlems="0.027" threads="0" lastid="0000000000ABB500" lastname="Thread-9" />
</exclusive-start>
<concurrent-collection-start id="5042" timestamp="2019-07-02T19:36:53.303" intervalms="54.349" >
  <concurrent-trace-info reason="card cleaning threshold reached" tracedByMutators="989000" tracedByHelpers="620560" cardsCleaned="8" workStackOverflowCount="0" />
</concurrent-collection-start>
<gc-start id="5043" type="global" contextid="5039" timestamp="2019-07-02T19:36:53.303">
  <mem-info id="5044" free="27736" total="13631488" percent="0">
    <mem type="tenure" free="27736" total="13631488" percent="0">
      <mem type="soa" free="27736" total="13495296" percent="0" />
      <mem type="loa" free="0" total="136192" percent="0" />
    </mem>
  </mem-info>
</gc-start>
<allocation-stats totalBytes="9511368" >
  <allocated-bytes non-tlh="0" tlh="9511368" />
  <largest-consumer threadName="Thread-9" threadId="0000000000ABB500" bytes="3485200" />
</allocation-stats>
<gc-op id="5045" type="card-cleaning" timems="0.118" contextid="5039" timestamp="2019-07-02T19:36:53.303">
  <card-cleaning cardsCleaned="9" bytesTraced="5560" workStackOverflowCount="0" />
</gc-op>
<gc-op id="5046" type="mark" timems="0.714" contextid="5039" timestamp="2019-07-02T19:36:53.304">
  <trace-info objectcount="4347" scancount="5206" scanbytes="160336" />
  <finalization candidates="124" enqueued="0" />
  <ownableSynchronizers candidates="3" cleared="0" />
  <references type="soft" candidates="84" cleared="0" enqueued="0" dynamicThreshold="22" maxThreshold="32" />
  <references type="weak" candidates="774" cleared="0" enqueued="0" />
  <references type="phantom" candidates="63" cleared="0" enqueued="0" />
  <stringconstants candidates="4574" cleared="0"  />
</gc-op>
<gc-op id="5047" type="sweep" timems="0.478" contextid="5039" timestamp="2019-07-02T19:36:53.304" />
<mem-info id="5048" free="9952784" total="13631488" percent="73">
  <mem type="tenure" free="9952784" total="13631488" percent="73" micro-fragmented="58994">
    <mem type="soa" free="9881040" total="13495296" percent="73" />
    <mem type="loa" free="71744" total="136192" percent="52" />
  </mem>
</mem-info>
<gc-op id="5049" type="compact" timems="8.289" contextid="5039" timestamp="2019-07-02T19:36:53.313">
  <compact-info movecount="47966" movebytes="3170784" reason="compact to aid heap contraction" />
</gc-op>
<heap-resize id="5050" type="contract" space="tenure" amount="131072" count="1" timems="0.069" reason="excess free space following gc" timestamp="2019-07-02T19:36:53.313" />
<gc-end id="5051" type="global" contextid="5039" durationms="10.097" usertimems="24.000" systemtimems="0.000" timestamp="2019-07-02T19:36:53.313" activeThreads="4">
  <mem-info id="5052" free="9961368" total="13500416" percent="73">
    <mem type="tenure" free="9961368" total="13500416" percent="73">
      <mem type="soa" free="9832344" total="13366272" percent="73" />
      <mem type="loa" free="129024" total="134144" percent="96" />
    </mem>
  </mem-info>
</gc-end>
<cycle-end id="5053" type="global" contextid="5039" timestamp="2019-07-02T19:36:53.313">
  <attribute name="GC Util" value="9" />
  <attribute name="CPU Util" value="68000161677800" />
  <attribute name="Time Running"value="4792"/>
  <attribute name="Number of cores"value="4"/>
</cycle-end>
<concurrent-collection-end id="5054" timestamp="2019-07-02T19:36:53.313" />
<exclusive-end id="5055" timestamp="2019-07-02T19:36:53.313" durationms="10.373" />

<concurrent-kickoff id="5056" timestamp="2019-07-02T19:36:53.321">
  <kickoff reason="threshold reached" targetBytes="1654351" thresholdFreeBytes="220205" remainingFree="196504" tenureFreeBytes="196504" />
</concurrent-kickoff>
<exclusive-start id="5057" timestamp="2019-07-02T19:36:53.321" intervalms="18.828">
  <response-info timems="0.026" idlems="0.026" threads="0" lastid="0000000000ABB500" lastname="Thread-9" />
</exclusive-start>
<cycle-start id="5058" type="global" contextid="0" timestamp="2019-07-02T19:36:53.321" intervalms="21.510" />
  <attribute name="GC Util" value="9" />
  <attribute name="CPU Util" value="68000161677800" />
  <attribute name="Time Running"value="4792"/>
  <attribute name="Number of cores"value="4"/>
<exclusive-end id="5059" timestamp="2019-07-02T19:36:53.322" durationms="0.108" />

<exclusive-start id="5060" timestamp="2019-07-02T19:36:53.322" intervalms="0.312">
  <response-info timems="0.026" idlems="0.026" threads="0" lastid="0000000000ABB500" lastname="Thread-9" />
</exclusive-start>
<af-start id="5061" threadId="0000000000ABBE88" totalBytesRequested="24" timestamp="2019-07-02T19:36:53.322" intervalms="37.027" />
<concurrent-aborted id="5062" timestamp="2019-07-02T19:36:53.322">
  <reason value="insufficient progress made" />
</concurrent-aborted>
<cycle-end id="5063" type="global" contextid="5058" timestamp="2019-07-02T19:36:53.322">
  <attribute name="GC Util" value="9" />
  <attribute name="CPU Util" value="68000161677800" />
  <attribute name="Time Running"value="4792"/>
  <attribute name="Number of cores"value="4"/>
</cycle-end>
<cycle-start id="5064" type="global" contextid="0" timestamp="2019-07-02T19:36:53.322" intervalms="0.444" />
  <attribute name="GC Util" value="9" />
  <attribute name="CPU Util" value="68000161677800" />
  <attribute name="Time Running"value="4792"/>
  <attribute name="Number of cores"value="4"/>
<gc-start id="5065" type="global" contextid="5064" timestamp="2019-07-02T19:36:53.322">
  <mem-info id="5066" free="129024" total="13500416" percent="0">
    <mem type="tenure" free="129024" total="13500416" percent="0">
      <mem type="soa" free="0" total="13366272" percent="0" />
      <mem type="loa" free="129024" total="134144" percent="96" />
    </mem>
  </mem-info>
</gc-start>
<allocation-stats totalBytes="9831384" >
  <allocated-bytes non-tlh="0" tlh="9831384" />
  <largest-consumer threadName="Thread-7" threadId="0000000000AB7900" bytes="4947568" />
</allocation-stats>
<gc-op id="5067" type="mark" timems="2.235" contextid="5064" timestamp="2019-07-02T19:36:53.324">
  <trace-info objectcount="55864" scancount="48295" scanbytes="1755796" />
  <finalization candidates="124" enqueued="0" />
  <ownableSynchronizers candidates="3" cleared="0" />
  <references type="soft" candidates="84" cleared="0" enqueued="0" dynamicThreshold="23" maxThreshold="32" />
  <references type="weak" candidates="774" cleared="0" enqueued="0" />
  <references type="phantom" candidates="63" cleared="0" enqueued="0" />
  <stringconstants candidates="4574" cleared="0"  />
</gc-op>
<gc-op id="5068" type="sweep" timems="0.442" contextid="5064" timestamp="2019-07-02T19:36:53.325" />
<heap-resize id="5069" type="contract" space="tenure" amount="131072" count="1" timems="0.076" reason="excess free space following gc" timestamp="2019-07-02T19:36:53.325" />
<gc-end id="5070" type="global" contextid="5064" durationms="2.994" usertimems="8.000" systemtimems="0.000" timestamp="2019-07-02T19:36:53.325" activeThreads="4">
  <mem-info id="5071" free="9751000" total="13369344" percent="72">
    <mem type="tenure" free="9751000" total="13369344" percent="72" micro-fragmented="772">
      <mem type="soa" free="9679280" total="13236224" percent="73" />
      <mem type="loa" free="71720" total="133120" percent="53" />
    </mem>
  </mem-info>
</gc-end>
<cycle-end id="5072" type="global" contextid="5064" timestamp="2019-07-02T19:36:53.325">
  <attribute name="GC Util" value="143" />
  <attribute name="CPU Util" value="60237609458793" />
  <attribute name="Time Running"value="4813"/>
  <attribute name="Number of cores"value="4"/>
</cycle-end>
<allocation-satisfied id="5073" threadId="0000000000ABB500" bytesRequested="24" />
<af-end id="5074" timestamp="2019-07-02T19:36:53.325" threadId="0000000000ABBE88" success="true" />
<exclusive-end id="5075" timestamp="2019-07-02T19:36:53.325" durationms="3.438" />

<concurrent-kickoff id="5076" timestamp="2019-07-02T19:36:53.340">
  <kickoff reason="threshold reached" targetBytes="1638290" thresholdFreeBytes="218067" remainingFree="206992" tenureFreeBytes="206992" />
</concurrent-kickoff>
<exclusive-start id="5077" timestamp="2019-07-02T19:36:53.340" intervalms="18.746">
  <response-info timems="0.064" idlems="0.064" threads="0" lastid="0000000000ABB500" lastname="Thread-9" />
</exclusive-start>
<cycle-start id="5078" type="global" contextid="0" timestamp="2019-07-02T19:36:53.341" intervalms="18.610" />
  <attribute name="GC Util" value="143" />
  <attribute name="CPU Util" value="60237609458793" />
  <attribute name="Time Running"value="4813"/>
  <attribute name="Number of cores"value="4"/>
<exclusive-end id="5079" timestamp="2019-07-02T19:36:53.341" durationms="0.104" />

<exclusive-start id="5080" timestamp="2019-07-02T19:36:53.345" intervalms="4.183">
  <response-info timems="0.021" idlems="0.021" threads="0" lastid="0000000000ABB500" lastname="Thread-9" />
</exclusive-start>
<concurrent-collection-start id="5081" timestamp="2019-07-02T19:36:53.345" intervalms="42.068" >
  <concurrent-trace-info reason="card cleaning threshold reached" tracedByMutators="8688" tracedByHelpers="1245316" cardsCleaned="15" workStackOverflowCount="0" />
</concurrent-collection-start>
<gc-start id="5082" type="global" contextid="5078" timestamp="2019-07-02T19:36:53.345">
  <mem-info id="5083" free="74624" total="13369344" percent="0">
    <mem type="tenure" free="74624" total="13369344" percent="0">
      <mem type="soa" free="2904" total="13236224" percent="0" />
      <mem type="loa" free="71720" total="133120" percent="53" />
    </mem>
  </mem-info>
</gc-start>
<allocation-stats totalBytes="9673440" >
  <allocated-bytes non-tlh="0" tlh="9673440" />
  <largest-consumer threadName="Thread-9" threadId="0000000000ABB500" bytes="8907344" />
</allocation-stats>
<gc-op id="5084" type="card-cleaning" timems="0.305" contextid="5078" timestamp="2019-07-02T19:36:53.345">
  <card-cleaning cardsCleaned="4" bytesTraced="2176" workStackOverflowCount="0" />
</gc-op>
<gc-op id="5085" type="mark" timems="1.298" contextid="5078" timestamp="2019-07-02T19:36:53.347">
  <trace-info objectcount="4080" scancount="5457" scanbytes="177564" />
  <finalization candidates="124" enqueued="0" />
  <ownableSynchronizers candidates="3" cleared="0" />
  <references type="soft" candidates="84" cleared="0" enqueued="0" dynamicThreshold="23" maxThreshold="32" />
  <references type="weak" candidates="774" cleared="0" enqueued="0" />
  <references type="phantom" candidates="63" cleared="0" enqueued="0" />
  <stringconstants candidates="4574" cleared="0"  />
</gc-op>
<gc-op id="5086" type="sweep" timems="0.803" contextid="5078" timestamp="2019-07-02T19:36:53.347" />
<mem-info id="5087" free="10075888" total="13369344" percent="75">
  <mem type="tenure" free="10075888" total="13369344" percent="75" micro-fragmented="91963">
    <mem type="soa" free="10004168" total="13236224" percent="75" />
    <mem type="loa" free="71720" total="133120" percent="53" />
  </mem>
</mem-info>
<gc-op id="5088" type="compact" timems="8.906" contextid="5078" timestamp="2019-07-02T19:36:53.356">
  <compact-info movecount="39387" movebytes="2769504" reason="compact to aid heap contraction" />
</gc-op>
<heap-resize id="5089" type="contract" space="tenure" amount="131072" count="1" timems="0.086" reason="excess free space following gc" timestamp="2019-07-02T19:36:53.357" />
<gc-end id="5090" type="global" contextid="5078" durationms="11.847" usertimems="28.000" systemtimems="4.000" timestamp="2019-07-02T19:36:53.357" activeThreads="4">
  <mem-info id="5091" free="10097336" total="13238272" percent="76">
    <mem type="tenure" free="10097336" total="13238272" percent="76">
      <mem type="soa" free="9967288" total="13106176" percent="76" />
      <mem type="loa" free="130048" total="132096" percent="98" />
    </mem>
  </mem-info>
</gc-end>
<cycle-end id="5092" type="global" contextid="5078" timestamp="2019-07-02T19:36:53.357">
  <attribute name="GC Util" value="133" />
  <attribute name="CPU Util" value="53642500085351" />
  <attribute name="Time Running"value="4835"/>
  <attribute name="Number of cores"value="4"/>
</cycle-end>
<concurrent-collection-end id="5093" timestamp="2019-07-02T19:36:53.357" />
<exclusive-end id="5094" timestamp="2019-07-02T19:36:53.357" durationms="12.128" />

<concurrent-kickoff id="5095" timestamp="2019-07-02T19:36:53.374">
  <kickoff reason="threshold reached" targetBytes="1541612" thresholdFreeBytes="207583" remainingFree="168632" tenureFreeBytes="168632" />
</concurrent-kickoff>
<exclusive-start id="5096" timestamp="2019-07-02T19:36:53.374" intervalms="29.195">
  <response-info timems="0.106" idlems="0.106" threads="0" lastid="0000000000ABB500" lastname="Thread-9" />
</exclusive-start>
<cycle-start id="5097" type="global" contextid="0" timestamp="2019-07-02T19:36:53.374" intervalms="33.373" />
  <attribute name="GC Util" value="133" />
  <attribute name="CPU Util" value="53642500085351" />
  <attribute name="Time Running"value="4835"/>
  <attribute name="Number of cores"value="4"/>
<exclusive-end id="5098" timestamp="2019-07-02T19:36:53.374" durationms="0.090" />

<exclusive-start id="5099" timestamp="2019-07-02T19:36:53.374" intervalms="0.487">
  <response-info timems="0.017" idlems="0.017" threads="0" lastid="0000000000ABB500" lastname="Thread-9" />
</exclusive-start>
<af-start id="5100" threadId="0000000000ABBE88" totalBytesRequested="40" timestamp="2019-07-02T19:36:53.374" intervalms="52.613" />
<concurrent-aborted id="5101" timestamp="2019-07-02T19:36:53.374">
  <reason value="insufficient progress made" />
</concurrent-aborted>
<cycle-end id="5102" type="global" contextid="5097" timestamp="2019-07-02T19:36:53.374">
  <attribute name="GC Util" value="133" />
  <attribute name="CPU Util" value="53642500085351" />
  <attribute name="Time Running"value="4835"/>
  <attribute name="Number of cores"value="4"/>
</cycle-end>
<cycle-start id="5103" type="global" contextid="0" timestamp="2019-07-02T19:36:53.375" intervalms="0.632" />
  <attribute name="GC Util" value="133" />
  <attribute name="CPU Util" value="53642500085351" />
  <attribute name="Time Running"value="4835"/>
  <attribute name="Number of cores"value="4"/>
<gc-start id="5104" type="global" contextid="5103" timestamp="2019-07-02T19:36:53.375">
  <mem-info id="5105" free="130048" total="13238272" percent="0">
    <mem type="tenure" free="130048" total="13238272" percent="0">
      <mem type="soa" free="0" total="13106176" percent="0" />
      <mem type="loa" free="130048" total="132096" percent="98" />
    </mem>
  </mem-info>
</gc-start>
<allocation-stats totalBytes="9965856" >
  <allocated-bytes non-tlh="0" tlh="9965856" />
  <largest-consumer threadName="Thread-9" threadId="0000000000ABB500" bytes="9965856" />
</allocation-stats>
<gc-op id="5106" type="mark" timems="1.778" contextid="5103" timestamp="2019-07-02T19:36:53.376">
  <trace-info objectcount="48708" scancount="41133" scanbytes="1445772" />
  <finalization candidates="124" enqueued="0" />
  <ownableSynchronizers candidates="3" cleared="0" />
  <references type="soft" candidates="84" cleared="0" enqueued="0" dynamicThreshold="24" maxThreshold="32" />
  <references type="weak" candidates="774" cleared="0" enqueued="0" />
  <references type="phantom" candidates="63" cleared="0" enqueued="0" />
  <stringconstants candidates="4574" cleared="0"  />
</gc-op>
<gc-op id="5107" type="sweep" timems="0.822" contextid="5103" timestamp="2019-07-02T19:36:53.377" />
<heap-resize id="5108" type="contract" space="tenure" amount="131072" count="1" timems="0.096" reason="excess free space following gc" timestamp="2019-07-02T19:36:53.377" />
<gc-end id="5109" type="global" contextid="5103" durationms="2.962" usertimems="12.000" systemtimems="0.000" timestamp="2019-07-02T19:36:53.378" activeThreads="4">
  <mem-info id="5110" free="9799080" total="13107200" percent="74">
    <mem type="tenure" free="9799080" total="13107200" percent="74" micro-fragmented="6418">
      <mem type="soa" free="9799080" total="12976128" percent="75" />
      <mem type="loa" free="0" total="131072" percent="0" />
    </mem>
  </mem-info>
</gc-end>
<cycle-end id="5111" type="global" contextid="5103" timestamp="2019-07-02T19:36:53.378">
  <attribute name="GC Util" value="184" />
  <attribute name="CPU Util" value="33826816206285" />
  <attribute name="Time Running"value="4865"/>
  <attribute name="Number of cores"value="4"/>
</cycle-end>
<allocation-satisfied id="5112" threadId="0000000000ABB500" bytesRequested="40" />
<af-end id="5113" timestamp="2019-07-02T19:36:53.378" threadId="0000000000ABBE88" success="true" />
<exclusive-end id="5114" timestamp="2019-07-02T19:36:53.378" durationms="3.393" />

</verbosegc>

