<?xml version="1.0" ?>

<verbosegc xmlns="http://www.ibm.com/j9/verbosegc" version="10b4217_CMPRSS">

<initialized id="1" timestamp="2019-06-15T03:59:11.323">
  <attribute name="gcPolicy" value="-Xgcpolicy:balanced" />
  <attribute name="elasticGC enabled" value="1" />
  <attribute name= "numThreadsSpecified" value="0" />
  <attribute name="heapSize specified" value="0" />
  <attribute name="Current GC Util" value="0" />
  <attribute name= "Current Time Running" value="0" />
  <attribute name ="GC Interval" value="0" />
  <attribute name="ProportionalT" value="0.000000" />
  <attribute name="ProportionalI" value="0.000000" />
  <attribute name="ProportionalH" value="0.000000" />
  <attribute name="IntegralT" value="0.000000" />
  <attribute name="IntegralI" value="0.000000" />
  <attribute name="IntegralH" value="0.000000" />
  <attribute name="DerivativeT" value="0.000000" />
  <attribute name="DerivativeI" value="0.000000" />
  <attribute name="DerivativeH" value="0.000000" />
  <attribute name="Target GC Util Change" value ="0.000000" />
  <attribute name="Current GC Util Change" value="0.000000"/>
  <attribute name="Current Error" value="0.000000" />
  <attribute name="Loop Time for DT" value="0.000000" />
  <attribute name="Output H" value="0"/>
  <attribute name="Output I" value="0"/>
  <attribute name="Output T" value="0"/>
  <attribute name="GC Util currently" value="0" />
  <attribute name="CPU Util currently" value="0" />
  <attribute name="maxHeapSize" value="0x7cb00000" />
  <attribute name="initialHeapSize" value="0x800000" />
  <attribute name="compressedRefs" value="true" />
  <attribute name="compressedRefsDisplacement" value="0x0" />
  <attribute name="compressedRefsShift" value="0x0" />
  <attribute name="pageSize" value="0x1000" />
  <attribute name="pageType" value="not used" />
  <attribute name="requestedPageSize" value="0x1000" />
  <attribute name="requestedPageType" value="not used" />
  <attribute name="gcthreads" value="4" />
  <attribute name="packetListSplit" value="4" />
  <attribute name="cacheListSplit" value="4" />
  <attribute name="splitFreeListSplitAmount" value="1" />
  <attribute name="numaNodes" value="0" />
  <region>
    <attribute name="regionSize" value="1048576" />
    <attribute name="regionCount" value="1995" />
    <attribute name="arrayletLeafSize" value="1048576" />
  </region>
  <system>
    <attribute name="physicalMemory" value="8370962432" />
    <attribute name="numCPUs" value="4" />
    <attribute name="architecture" value="amd64" />
    <attribute name="os" value="Linux" />
    <attribute name="osVersion" value="4.4.0-148-generic" />
  </system>
  <vmargs>
    <vmarg name="-Xoptionsfile=/vagrant/jdk/lib/options.default" />
    <vmarg name="-Xlockword:mode=default,noLockword=java/lang/String,noLockword=java/util/MapEntry,noLockword=java/util/HashMap$Entry,noLockword..." />
    <vmarg name="-Xjcl:jclse29" />
    <vmarg name="-Dcom.ibm.oti.vm.bootstrap.library.path=/vagrant/jdk/lib/compressedrefs:/vagrant/jdk/lib" />
    <vmarg name="-Dsun.boot.library.path=/vagrant/jdk/lib/compressedrefs:/vagrant/jdk/lib" />
    <vmarg name="-Djava.library.path=/vagrant/jdk/lib/compressedrefs:/vagrant/jdk/lib:/usr/lib64:/usr/lib" />
    <vmarg name="-Djava.home=/vagrant/jdk" />
    <vmarg name="-Duser.dir=/vagrant" />
    <vmarg name="-Xgcpolicy:balanced" />
    <vmarg name="-Xgcelastic" />
    <vmarg name="-Xcheck:gc:::elasticGC" />
    <vmarg name="-verbose:gc" />
    <vmarg name="-Xloggc:small-Balanced-jdk0.5-1-1.5-verbose10sunflow.txt" />
    <vmarg name="-Djava.class.path=dacapo-9.12-MR1-bach.jar" />
    <vmarg name="-Dsun.java.command=dacapo-9.12-MR1-bach.jar sunflow --size=small" />
    <vmarg name="-Dsun.java.launcher=SUN_STANDARD" />
    <vmarg name="-Dsun.java.launcher.pid=7725" />
  </vmargs>
</initialized>

<exclusive-start id="2" timestamp="2019-06-15T03:59:11.779" intervalms="456.068">
  <response-info timems="0.054" idlems="0.054" threads="0" lastid="0000000001EF6700" lastname="main" />
</exclusive-start>
<sys-start reason="explicit" id="3" timestamp="2019-06-15T03:59:11.780" intervalms="456.537" />
<cycle-start id="4" type="global garbage collect" contextid="0" timestamp="2019-06-15T03:59:11.780" intervalms="456.891" />
<gc-start id="5" type="global garbage collect" contextid="4" timestamp="2019-06-15T03:59:11.780">
  <mem-info id="6" free="4240344" total="8388608" percent="50">
    <mem type="eden" free="46040" total="4194304" percent="1" />
    <remembered-set count="0" freebytes="334848" totalbytes="334848" percent="100" regionsoverflowed="0" regionsstable="0" regionsrebuilding="0"/>
  </mem-info>
</gc-start>
<allocation-stats totalBytes="4141576" >
  <allocated-bytes non-tlh="460328" tlh="3681248" arrayletleaf="0"/>
  <largest-consumer threadName="main" threadId="0000000001EF6700" bytes="4064072" />
</allocation-stats>
<gc-op id="7" type="global mark" timems="4.117" contextid="4" timestamp="2019-06-15T03:59:11.785">
  <trace-info objectcount="30297" scancount="23629" scanbytes="765108" />
  <finalization candidates="125" enqueued="1" />
  <ownableSynchronizers candidates="3" cleared="0" />
  <references type="soft" candidates="131" cleared="0" enqueued="0" dynamicThreshold="32" maxThreshold="32" />
  <references type="weak" candidates="1322" cleared="569" enqueued="479" />
  <references type="phantom" candidates="106" cleared="42" enqueued="42" />
  <stringconstants candidates="3958" cleared="0"  />
</gc-op>
<gc-op id="8" type="classunload" timems="0.109" contextid="4" timestamp="2019-06-15T03:59:11.785">
  <classunload-info classloadercandidates="7" classloadersunloaded="0" classesunloaded="0" anonymousclassesunloaded="0" quiescems="0.000" setupms="0.109" scanms="0.000" postms="0.000" />
</gc-op>
<gc-op id="9" type="sweep" timems="0.553" contextid="4" timestamp="2019-06-15T03:59:11.786" />
<gc-op id="10" type="compact" timems="5.724" contextid="4" timestamp="2019-06-15T03:59:11.792">
  <compact-info movecount="30283" movebytes="1344848" />
  <remembered-set-cleared processed="3428" cleared="3428" durationms="0.147" />
</gc-op>
<gc-end id="11" type="global garbage collect" contextid="4" durationms="12.661" usertimems="8.000" systemtimems="4.000" timestamp="2019-06-15T03:59:11.793" activeThreads="4">
  <mem-info id="12" free="6291456" total="8388608" percent="75">
    <pending-finalizers system="1" default="0" reference="521" classloader="0" />
    <remembered-set count="2048" freebytes="326656" totalbytes="334848" percent="97" regionsoverflowed="0" regionsstable="0" regionsrebuilding="0"/>
  </mem-info>
</gc-end>
<cycle-end id="13" type="global garbage collect" contextid="4" timestamp="2019-06-15T03:59:11.793" />
  <attribute name="elasticGC enabled" value="1" />
  <attribute name= "numThreadsSpecified" value="4" />
  <attribute name="heapSize specified" value="0" />
  <attribute name="Current GC Util" value="76" />
  <attribute name= "Current Time Running" value="328" />
  <attribute name ="GC Interval" value="0" />
  <attribute name="ProportionalT" value="28.000000" />
  <attribute name="ProportionalI" value="28.000000" />
  <attribute name="ProportionalH" value="28.000000" />
  <attribute name="Current Error" value="56.000000" />
  <attribute name="IntegralT" value="-6098.000000" />
  <attribute name="IntegralI" value="-6098.000000" />
  <attribute name="IntegralH" value="-6098.000000" />
  <attribute name="DerivativeT" value="-inf" />
  <attribute name="DerivativeI" value="-inf" />
  <attribute name="DerivativeH" value="-inf" />
  <attribute name="Loop Time for DT" value="0.000000" />
  <attribute name="Output H" value="2091843584"/>
  <attribute name="Output I" value="200"/>
  <attribute name="Output T" value="4"/>
  <attribute name="Target GC Util Change" value ="20.000000" />
  <attribute name="Current GC Util Change" value="76.000000"/>
  <attribute name="GC Util currently" value="76" />
  <attribute name="CPU Util currently" value="6125531495525" />
<sys-end id="14" timestamp="2019-06-15T03:59:11.793" />
<exclusive-end id="15" timestamp="2019-06-15T03:59:11.794" durationms="14.303" />

<exclusive-start id="16" timestamp="2019-06-15T03:59:12.000" intervalms="221.123">
  <response-info timems="0.062" idlems="0.062" threads="0" lastid="000000000224F500" lastname="Thread-5" />
</exclusive-start>
<allocation-taxation id="17" taxation-threshold="6291456" timestamp="2019-06-15T03:59:12.001" intervalms="677.484" />
<cycle-start id="18" type="partial gc" contextid="0" timestamp="2019-06-15T03:59:12.001" intervalms="677.730" />
<gc-start id="19" type="partial gc" contextid="18" timestamp="2019-06-15T03:59:12.001">
  <mem-info id="20" free="0" total="8388608" percent="0">
    <mem type="eden" free="7960" total="6291456" percent="0" />
    <remembered-set count="2048" freebytes="326656" totalbytes="334848" percent="97" regionsoverflowed="0" regionsstable="0" regionsrebuilding="0"/>
  </mem-info>
</gc-start>
<allocation-stats totalBytes="6221568" >
  <allocated-bytes non-tlh="1248472" tlh="4973096" arrayletleaf="0"/>
  <largest-consumer threadName="main" threadId="0000000001EF6700" bytes="2982240" />
</allocation-stats>
<gc-op id="21" type="mark" timems="1.983" contextid="18" timestamp="2019-06-15T03:59:12.004">
  <trace-info objectcount="14749" scancount="11869" scanbytes="447640" />
  <cardclean-info objects="1417" bytes="50404" />
  <remembered-set-cleared processed="624" cleared="99" durationms="0.055" />
  <references type="soft" candidates="17" cleared="0" enqueued="0" dynamicThreshold="24" maxThreshold="32" />
  <references type="weak" candidates="45" cleared="29" enqueued="28" />
  <references type="phantom" candidates="2" cleared="0" enqueued="0" />
  <stringconstants candidates="4534" cleared="1"  />
  <warning details="Mark invoked due to insufficient free space for Copy-Forward" />
</gc-op>
<gc-op id="22" type="classunload" timems="0.002" contextid="18" timestamp="2019-06-15T03:59:12.004">
  <classunload-info classloadercandidates="8" classloadersunloaded="0" classesunloaded="0" anonymousclassesunloaded="0" quiescems="0.000" setupms="0.002" scanms="0.000" postms="0.000" />
</gc-op>
<gc-op id="23" type="sweep" timems="0.446" contextid="18" timestamp="2019-06-15T03:59:12.004" />
<gc-op id="24" type="compact" timems="2.322" contextid="18" timestamp="2019-06-15T03:59:12.007">
  <compact-info movecount="14749" movebytes="1421664" />
  <remembered-set-cleared processed="2643" cleared="1533" durationms="0.055" />
</gc-op>
<heap-resize id="25" type="expand" space="default" amount="1048576" count="1" timems="0.057" reason="insufficient free space following gc" timestamp="2019-06-15T03:59:12.007" />
<gc-end id="26" type="partial gc" contextid="18" durationms="6.424" usertimems="4.000" systemtimems="4.000" timestamp="2019-06-15T03:59:12.008" activeThreads="1">
  <mem-info id="27" free="5242880" total="9437184" percent="55">
    <mem type="eden" free="675392" total="2097152" percent="32" />
    <pending-finalizers system="0" default="0" reference="28" classloader="0" />
    <remembered-set count="3040" freebytes="364544" totalbytes="376704" percent="96" regionsoverflowed="0" regionsstable="0" regionsrebuilding="0"/>
  </mem-info>
</gc-end>
<cycle-end id="28" type="partial gc" contextid="18" timestamp="2019-06-15T03:59:12.008" />
  <attribute name="elasticGC enabled" value="1" />
  <attribute name= "numThreadsSpecified" value="1" />
  <attribute name="heapSize specified" value="0" />
  <attribute name="Current GC Util" value="24" />
  <attribute name= "Current Time Running" value="546" />
  <attribute name ="GC Interval" value="0" />
  <attribute name="ProportionalT" value="2.000000" />
  <attribute name="ProportionalI" value="2.000000" />
  <attribute name="ProportionalH" value="2.000000" />
  <attribute name="Current Error" value="4.000000" />
  <attribute name="IntegralT" value="0.000000" />
  <attribute name="IntegralI" value="0.000000" />
  <attribute name="IntegralH" value="0.000000" />
  <attribute name="DerivativeT" value="inf" />
  <attribute name="DerivativeI" value="inf" />
  <attribute name="DerivativeH" value="inf" />
  <attribute name="Loop Time for DT" value="0.000000" />
  <attribute name="Output H" value="8388608"/>
  <attribute name="Output I" value="200"/>
  <attribute name="Output T" value="1"/>
  <attribute name="Target GC Util Change" value ="20.000000" />
  <attribute name="Current GC Util Change" value="24.000000"/>
  <attribute name="GC Util currently" value="24" />
  <attribute name="CPU Util currently" value="7002033063262" />
<exclusive-end id="29" timestamp="2019-06-15T03:59:12.008" durationms="7.627" />

<exclusive-start id="30" timestamp="2019-06-15T03:59:12.044" intervalms="43.307">
  <response-info timems="0.060" idlems="0.060" threads="0" lastid="000000000224F500" lastname="Thread-5" />
</exclusive-start>
<allocation-taxation id="31" taxation-threshold="2097152" timestamp="2019-06-15T03:59:12.044" intervalms="43.144" />
<cycle-start id="32" type="global mark phase" contextid="0" timestamp="2019-06-15T03:59:12.044" intervalms="720.781" />
<gc-start id="33" type="global mark phase" contextid="32" timestamp="2019-06-15T03:59:12.044">
  <mem-info id="34" free="3145728" total="9437184" percent="33">
    <remembered-set count="2848" freebytes="365312" totalbytes="376704" percent="96" regionsoverflowed="0" regionsstable="0" regionsrebuilding="0"/>
  </mem-info>
</gc-start>
<gc-op id="35" type="mark increment" timems="2.116" contextid="32" timestamp="2019-06-15T03:59:12.046">
  <trace-info objectcount="179" scancount="0" scanbytes="0" />
</gc-op>
<gc-end id="36" type="global mark phase" contextid="32" durationms="2.364" usertimems="0.000" systemtimems="0.000" timestamp="2019-06-15T03:59:12.046" activeThreads="4">
  <mem-info id="37" free="3145728" total="9437184" percent="33">
    <remembered-set count="2848" freebytes="365312" totalbytes="376704" percent="96" regionsoverflowed="0" regionsstable="0" regionsrebuilding="0"/>
  </mem-info>
</gc-end>
<concurrent-start id="38" type="GMP work packet processing" contextid="32" timestamp="2019-06-15T03:59:12.046">
  <concurrent-mark-start scanTarget="18446744073709551615" />
</concurrent-start>
<exclusive-end id="39" timestamp="2019-06-15T03:59:12.047" durationms="2.935" />

<concurrent-end id="40" type="GMP work packet processing" contextid="32" timestamp="2019-06-15T03:59:12.049">
  <concurrent-mark-end bytesScanned="1187536" reasonForTermination="Completed all work in GC phase" />
</concurrent-end>

<exclusive-start id="41" timestamp="2019-06-15T03:59:12.054" intervalms="10.275">
  <response-info timems="0.024" idlems="0.024" threads="0" lastid="000000000224F500" lastname="Thread-5" />
</exclusive-start>
<allocation-taxation id="42" taxation-threshold="2097152" timestamp="2019-06-15T03:59:12.054" intervalms="10.299" />
<cycle-start id="43" type="partial gc" contextid="0" timestamp="2019-06-15T03:59:12.054" intervalms="53.368" />
<gc-start id="44" type="partial gc" contextid="43" timestamp="2019-06-15T03:59:12.054">
  <mem-info id="45" free="1048576" total="9437184" percent="11">
    <mem type="eden" free="0" total="5242880" percent="0" />
    <remembered-set count="2848" freebytes="365312" totalbytes="376704" percent="96" regionsoverflowed="0" regionsstable="0" regionsrebuilding="0"/>
  </mem-info>
</gc-start>
<allocation-stats totalBytes="4097216" >
  <allocated-bytes non-tlh="49160" tlh="4048056" arrayletleaf="0"/>
  <largest-consumer threadName="Thread-5" threadId="000000000224F500" bytes="2093592" />
</allocation-stats>
<gc-op id="46" type="copy forward" timems="7.289" contextid="43" timestamp="2019-06-15T03:59:12.063">
  <memory-copied type="eden" objects="23" bytes="135320" bytesdiscarded="0" />
  <memory-copied type="other" objects="14636" bytes="1221344" bytesdiscarded="181648" />
  <memory-cardclean objects="128" bytes="9600" />
  <regions eden="4" other="2" />
  <remembered-set-cleared processed="1212" cleared="626" durationms="0.088" />
  <references type="soft" candidates="17" cleared="0" enqueued="0" dynamicThreshold="10" maxThreshold="32" />
  <references type="weak" candidates="16" cleared="0" enqueued="0" />
  <references type="phantom" candidates="2" cleared="0" enqueued="0" />
  <stringconstants candidates="4533" cleared="0"  />
  <heap-resize type="expand" space="default" amount="2097152" count="2" timems="0.357" reason="continue current collection" />
</gc-op>
<gc-op id="47" type="classunload" timems="0.002" contextid="43" timestamp="2019-06-15T03:59:12.063">
  <classunload-info classloadercandidates="8" classloadersunloaded="0" classesunloaded="0" anonymousclassesunloaded="0" quiescems="0.000" setupms="0.002" scanms="0.000" postms="0.000" />
</gc-op>
<gc-op id="48" type="compact" timems="1.166" contextid="43" timestamp="2019-06-15T03:59:12.064">
  <compact-info movecount="0" movebytes="0" />
  <remembered-set-cleared processed="2331" cleared="626" durationms="0.088" />
</gc-op>
<gc-end id="49" type="partial gc" contextid="43" durationms="10.233" usertimems="12.000" systemtimems="0.000" timestamp="2019-06-15T03:59:12.065" activeThreads="4">
  <mem-info id="50" free="6291456" total="11534336" percent="54">
    <mem type="eden" free="913256" total="1048576" percent="87" />
    <remembered-set count="1408" freebytes="454784" totalbytes="460416" percent="98" regionsoverflowed="0" regionsstable="0" regionsrebuilding="0"/>
  </mem-info>
</gc-end>
<cycle-end id="51" type="partial gc" contextid="43" timestamp="2019-06-15T03:59:12.065" />
  <attribute name="elasticGC enabled" value="1" />
  <attribute name= "numThreadsSpecified" value="4" />
  <attribute name="heapSize specified" value="0" />
  <attribute name="Current GC Util" value="129" />
  <attribute name= "Current Time Running" value="605" />
  <attribute name ="GC Interval" value="0" />
  <attribute name="ProportionalT" value="54.500000" />
  <attribute name="ProportionalI" value="54.500000" />
  <attribute name="ProportionalH" value="54.500000" />
  <attribute name="Current Error" value="109.000000" />
  <attribute name="IntegralT" value="763.000000" />
  <attribute name="IntegralI" value="763.000000" />
  <attribute name="IntegralH" value="763.000000" />
  <attribute name="DerivativeT" value="12.000000" />
  <attribute name="DerivativeI" value="12.000000" />
  <attribute name="DerivativeH" value="12.000000" />
  <attribute name="Loop Time for DT" value="7.000000" />
  <attribute name="Output H" value="8388608"/>
  <attribute name="Output I" value="832"/>
  <attribute name="Output T" value="4"/>
  <attribute name="Target GC Util Change" value ="20.000000" />
  <attribute name="Current GC Util Change" value="129.000000"/>
  <attribute name="GC Util currently" value="129" />
  <attribute name="CPU Util currently" value="618293650432" />
<exclusive-end id="52" timestamp="2019-06-15T03:59:12.065" durationms="11.076" />

<exclusive-start id="53" timestamp="2019-06-15T03:59:12.132" intervalms="78.245">
  <response-info timems="0.067" idlems="0.067" threads="0" lastid="000000000224B900" lastname="Thread-8" />
</exclusive-start>
<allocation-taxation id="54" taxation-threshold="3145728" timestamp="2019-06-15T03:59:12.132" intervalms="78.289" />
<gc-start id="55" type="global mark phase" contextid="32" timestamp="2019-06-15T03:59:12.133">
  <mem-info id="56" free="3145728" total="11534336" percent="27">
    <remembered-set count="640" freebytes="457856" totalbytes="460416" percent="99" regionsoverflowed="0" regionsstable="1" regionsrebuilding="0"/>
  </mem-info>
</gc-start>
<gc-op id="57" type="mark increment" timems="1.361" contextid="32" timestamp="2019-06-15T03:59:12.134">
  <trace-info objectcount="5666" scancount="5587" scanbytes="274572" />
  <cardclean-info objects="793" bytes="33460" />
  <finalization candidates="124" enqueued="0" />
  <ownableSynchronizers candidates="3" cleared="0" />
  <references type="soft" candidates="148" cleared="0" enqueued="0" dynamicThreshold="17" maxThreshold="32" />
  <references type="weak" candidates="769" cleared="0" enqueued="0" />
  <references type="phantom" candidates="65" cleared="2" enqueued="2" />
  <stringconstants candidates="4596" cleared="0"  />
</gc-op>
<gc-op id="58" type="classunload" timems="0.005" contextid="32" timestamp="2019-06-15T03:59:12.134">
  <classunload-info classloadercandidates="8" classloadersunloaded="0" classesunloaded="0" anonymousclassesunloaded="0" quiescems="0.000" setupms="0.005" scanms="0.000" postms="0.000" />
</gc-op>
<gc-end id="59" type="global mark phase" contextid="32" durationms="1.728" usertimems="4.000" systemtimems="0.000" timestamp="2019-06-15T03:59:12.134" activeThreads="4">
  <mem-info id="60" free="3145728" total="11534336" percent="27">
    <pending-finalizers system="0" default="0" reference="2" classloader="0" />
    <remembered-set count="640" freebytes="457856" totalbytes="460416" percent="99" regionsoverflowed="0" regionsstable="1" regionsrebuilding="0"/>
  </mem-info>
</gc-end>
<cycle-end id="61" type="global mark phase" contextid="32" timestamp="2019-06-15T03:59:12.134" />
  <attribute name="elasticGC enabled" value="1" />
  <attribute name= "numThreadsSpecified" value="4" />
  <attribute name="heapSize specified" value="0" />
  <attribute name="Current GC Util" value="56" />
  <attribute name= "Current Time Running" value="675" />
  <attribute name ="GC Interval" value="0" />
  <attribute name="ProportionalT" value="18.000000" />
  <attribute name="ProportionalI" value="18.000000" />
  <attribute name="ProportionalH" value="18.000000" />
  <attribute name="Current Error" value="36.000000" />
  <attribute name="IntegralT" value="0.000000" />
  <attribute name="IntegralI" value="0.000000" />
  <attribute name="IntegralH" value="0.000000" />
  <attribute name="DerivativeT" value="-inf" />
  <attribute name="DerivativeI" value="-inf" />
  <attribute name="DerivativeH" value="-inf" />
  <attribute name="Loop Time for DT" value="0.000000" />
  <attribute name="Output H" value="2091843584"/>
  <attribute name="Output I" value="200"/>
  <attribute name="Output T" value="4"/>
  <attribute name="Target GC Util Change" value ="20.000000" />
  <attribute name="Current GC Util Change" value="56.000000"/>
  <attribute name="GC Util currently" value="56" />
  <attribute name="CPU Util currently" value="18639325581867" />
<exclusive-end id="62" timestamp="2019-06-15T03:59:12.135" durationms="2.378" />

<exclusive-start id="63" timestamp="2019-06-15T03:59:12.169" intervalms="37.241">
  <response-info timems="0.051" idlems="0.051" threads="0" lastid="000000000224B900" lastname="Thread-8" />
</exclusive-start>
<allocation-taxation id="64" taxation-threshold="3145728" timestamp="2019-06-15T03:59:12.170" intervalms="37.231" />
<cycle-start id="65" type="partial gc" contextid="0" timestamp="2019-06-15T03:59:12.170" intervalms="115.486" />
<gc-start id="66" type="partial gc" contextid="65" timestamp="2019-06-15T03:59:12.170">
  <mem-info id="67" free="0" total="11534336" percent="0">
    <mem type="eden" free="0" total="6291456" percent="0" />
    <remembered-set count="640" freebytes="457856" totalbytes="460416" percent="99" regionsoverflowed="0" regionsstable="1" regionsrebuilding="0"/>
  </mem-info>
</gc-start>
<allocation-stats totalBytes="6255544" >
  <allocated-bytes non-tlh="429312" tlh="5826232" arrayletleaf="0"/>
  <largest-consumer threadName="Thread-8" threadId="000000000224B900" bytes="3145320" />
</allocation-stats>
<gc-op id="68" type="sweep" timems="0.467" contextid="65" timestamp="2019-06-15T03:59:12.171" />
<gc-op id="69" type="copy forward" timems="1.284" contextid="65" timestamp="2019-06-15T03:59:12.173">
  <memory-copied type="eden" objects="305" bytes="7680" bytesdiscarded="0" />
  <memory-copied type="other" objects="5596" bytes="431920" bytesdiscarded="0" />
  <memory-cardclean objects="323" bytes="15136" />
  <regions eden="3" other="2" />
  <remembered-set-cleared processed="432" cleared="26" durationms="0.060" />
  <stringconstants candidates="4596" cleared="0"  />
</gc-op>
<gc-op id="70" type="classunload" timems="0.002" contextid="65" timestamp="2019-06-15T03:59:12.173">
  <classunload-info classloadercandidates="8" classloadersunloaded="0" classesunloaded="0" anonymousclassesunloaded="0" quiescems="0.000" setupms="0.002" scanms="0.000" postms="0.000" />
</gc-op>
<gc-end id="71" type="partial gc" contextid="65" durationms="3.022" usertimems="4.000" systemtimems="0.000" timestamp="2019-06-15T03:59:12.173" activeThreads="1">
  <mem-info id="72" free="6291456" total="11534336" percent="54">
    <mem type="eden" free="608936" total="1048576" percent="58" />
    <remembered-set count="1120" freebytes="455936" totalbytes="460416" percent="99" regionsoverflowed="0" regionsstable="1" regionsrebuilding="0"/>
  </mem-info>
</gc-end>
<cycle-end id="73" type="partial gc" contextid="65" timestamp="2019-06-15T03:59:12.173" />
  <attribute name="elasticGC enabled" value="1" />
  <attribute name= "numThreadsSpecified" value="1" />
  <attribute name="heapSize specified" value="0" />
  <attribute name="Current GC Util" value="56" />
  <attribute name= "Current Time Running" value="713" />
  <attribute name ="GC Interval" value="0" />
  <attribute name="ProportionalT" value="18.000000" />
  <attribute name="ProportionalI" value="18.000000" />
  <attribute name="ProportionalH" value="18.000000" />
  <attribute name="Current Error" value="36.000000" />
  <attribute name="IntegralT" value="0.000000" />
  <attribute name="IntegralI" value="0.000000" />
  <attribute name="IntegralH" value="0.000000" />
  <attribute name="DerivativeT" value="inf" />
  <attribute name="DerivativeI" value="inf" />
  <attribute name="DerivativeH" value="inf" />
  <attribute name="Loop Time for DT" value="0.000000" />
  <attribute name="Output H" value="8388608"/>
  <attribute name="Output I" value="200"/>
  <attribute name="Output T" value="1"/>
  <attribute name="Target GC Util Change" value ="20.000000" />
  <attribute name="Current GC Util Change" value="56.000000"/>
  <attribute name="GC Util currently" value="56" />
  <attribute name="CPU Util currently" value="19788991805959" />
<exclusive-end id="74" timestamp="2019-06-15T03:59:12.173" durationms="4.040" />

<exclusive-start id="75" timestamp="2019-06-15T03:59:12.219" intervalms="49.253">
  <response-info timems="0.047" idlems="0.047" threads="0" lastid="000000000224B900" lastname="Thread-8" />
</exclusive-start>
<allocation-taxation id="76" taxation-threshold="6291456" timestamp="2019-06-15T03:59:12.219" intervalms="49.257" />
<cycle-start id="77" type="partial gc" contextid="0" timestamp="2019-06-15T03:59:12.219" intervalms="49.274" />
<gc-start id="78" type="partial gc" contextid="77" timestamp="2019-06-15T03:59:12.219">
  <mem-info id="79" free="0" total="11534336" percent="0">
    <mem type="eden" free="0" total="6291456" percent="0" />
    <remembered-set count="736" freebytes="457472" totalbytes="460416" percent="99" regionsoverflowed="0" regionsstable="1" regionsrebuilding="0"/>
  </mem-info>
</gc-start>
<allocation-stats totalBytes="6290768" >
  <allocated-bytes non-tlh="0" tlh="6290768" arrayletleaf="0"/>
  <largest-consumer threadName="Thread-8" threadId="000000000224B900" bytes="6290768" />
</allocation-stats>
<gc-op id="80" type="mark" timems="1.225" contextid="77" timestamp="2019-06-15T03:59:12.221">
  <trace-info objectcount="6194" scancount="6115" scanbytes="287036" />
  <cardclean-info objects="39" bytes="2892" />
  <remembered-set-cleared processed="498" cleared="81" durationms="0.053" />
  <stringconstants candidates="4596" cleared="0"  />
  <warning details="Mark invoked due to insufficient free space for Copy-Forward" />
</gc-op>
<gc-op id="81" type="classunload" timems="0.002" contextid="77" timestamp="2019-06-15T03:59:12.221">
  <classunload-info classloadercandidates="8" classloadersunloaded="0" classesunloaded="0" anonymousclassesunloaded="0" quiescems="0.000" setupms="0.001" scanms="0.000" postms="0.000" />
</gc-op>
<gc-op id="82" type="sweep" timems="0.286" contextid="77" timestamp="2019-06-15T03:59:12.222" />
<gc-op id="83" type="compact" timems="1.403" contextid="77" timestamp="2019-06-15T03:59:12.223">
  <compact-info movecount="6190" movebytes="446240" />
  <remembered-set-cleared processed="1051" cleared="217" durationms="0.053" />
</gc-op>
<gc-end id="84" type="partial gc" contextid="77" durationms="4.059" usertimems="4.000" systemtimems="0.000" timestamp="2019-06-15T03:59:12.223" activeThreads="4">
  <mem-info id="85" free="5242880" total="11534336" percent="45">
    <mem type="eden" free="1039536" total="1048576" percent="99" />
    <remembered-set count="2144" freebytes="451840" totalbytes="460416" percent="98" regionsoverflowed="0" regionsstable="1" regionsrebuilding="0"/>
  </mem-info>
</gc-end>
<cycle-end id="86" type="partial gc" contextid="77" timestamp="2019-06-15T03:59:12.223" />
  <attribute name="elasticGC enabled" value="1" />
  <attribute name= "numThreadsSpecified" value="4" />
  <attribute name="heapSize specified" value="0" />
  <attribute name="Current GC Util" value="28" />
  <attribute name= "Current Time Running" value="763" />
  <attribute name ="GC Interval" value="0" />
  <attribute name="ProportionalT" value="4.000000" />
  <attribute name="ProportionalI" value="4.000000" />
  <attribute name="ProportionalH" value="4.000000" />
  <attribute name="Current Error" value="8.000000" />
  <attribute name="IntegralT" value="0.000000" />
  <attribute name="IntegralI" value="0.000000" />
  <attribute name="IntegralH" value="0.000000" />
  <attribute name="DerivativeT" value="-inf" />
  <attribute name="DerivativeI" value="-inf" />
  <attribute name="DerivativeH" value="-inf" />
  <attribute name="Loop Time for DT" value="0.000000" />
  <attribute name="Output H" value="2091843584"/>
  <attribute name="Output I" value="200"/>
  <attribute name="Output T" value="4"/>
  <attribute name="Target GC Util Change" value ="20.000000" />
  <attribute name="Current GC Util Change" value="28.000000"/>
  <attribute name="GC Util currently" value="28" />
  <attribute name="CPU Util currently" value="9540063999174" />
<exclusive-end id="87" timestamp="2019-06-15T03:59:12.224" durationms="4.993" />

<exclusive-start id="88" timestamp="2019-06-15T03:59:12.234" intervalms="15.728">
  <response-info timems="0.027" idlems="0.027" threads="0" lastid="000000000224B900" lastname="Thread-8" />
</exclusive-start>
<allocation-taxation id="89" taxation-threshold="2097152" timestamp="2019-06-15T03:59:12.234" intervalms="15.619" />
<cycle-start id="90" type="global mark phase" contextid="0" timestamp="2019-06-15T03:59:12.235" intervalms="190.615" />
<gc-start id="91" type="global mark phase" contextid="90" timestamp="2019-06-15T03:59:12.235">
  <mem-info id="92" free="3145728" total="11534336" percent="27">
    <remembered-set count="1664" freebytes="453760" totalbytes="460416" percent="98" regionsoverflowed="0" regionsstable="1" regionsrebuilding="0"/>
  </mem-info>
</gc-start>
<gc-op id="93" type="mark increment" timems="0.432" contextid="90" timestamp="2019-06-15T03:59:12.235">
  <trace-info objectcount="137" scancount="0" scanbytes="0" />
</gc-op>
<gc-end id="94" type="global mark phase" contextid="90" durationms="0.568" usertimems="0.000" systemtimems="0.000" timestamp="2019-06-15T03:59:12.235" activeThreads="4">
  <mem-info id="95" free="3145728" total="11534336" percent="27">
    <remembered-set count="1664" freebytes="453760" totalbytes="460416" percent="98" regionsoverflowed="0" regionsstable="0" regionsrebuilding="1"/>
  </mem-info>
</gc-end>
<concurrent-start id="96" type="GMP work packet processing" contextid="90" timestamp="2019-06-15T03:59:12.235">
  <concurrent-mark-start scanTarget="18446744073709551615" />
</concurrent-start>
<exclusive-end id="97" timestamp="2019-06-15T03:59:12.235" durationms="1.017" />

<concurrent-end id="98" type="GMP work packet processing" contextid="90" timestamp="2019-06-15T03:59:12.238">
  <concurrent-mark-end bytesScanned="1460072" reasonForTermination="Completed all work in GC phase" />
</concurrent-end>

<exclusive-start id="99" timestamp="2019-06-15T03:59:12.245" intervalms="10.120">
  <response-info timems="0.129" idlems="0.129" threads="0" lastid="000000000224B900" lastname="Thread-8" />
</exclusive-start>
<allocation-taxation id="100" taxation-threshold="2097152" timestamp="2019-06-15T03:59:12.245" intervalms="10.163" />
<cycle-start id="101" type="partial gc" contextid="0" timestamp="2019-06-15T03:59:12.245" intervalms="25.736" />
<gc-start id="102" type="partial gc" contextid="101" timestamp="2019-06-15T03:59:12.245">
  <mem-info id="103" free="1048576" total="11534336" percent="9">
    <mem type="eden" free="0" total="4194304" percent="0" />
    <remembered-set count="3520" freebytes="446336" totalbytes="460416" percent="96" regionsoverflowed="0" regionsstable="0" regionsrebuilding="1"/>
  </mem-info>
</gc-start>
<allocation-stats totalBytes="4193808" >
  <allocated-bytes non-tlh="0" tlh="4193808" arrayletleaf="0"/>
  <largest-consumer threadName="Thread-8" threadId="000000000224B900" bytes="2096944" />
</allocation-stats>
<gc-op id="104" type="copy forward" timems="0.840" contextid="101" timestamp="2019-06-15T03:59:12.246">
  <memory-copied type="eden" objects="238" bytes="6088" bytesdiscarded="0" />
  <memory-copied type="other" objects="350" bytes="8400" bytesdiscarded="0" />
  <memory-cardclean objects="882" bytes="42448" />
  <regions eden="4" other="1" />
  <remembered-set-cleared processed="2414" cleared="89" durationms="0.073" />
  <stringconstants candidates="4596" cleared="0"  />
  <heap-resize type="expand" space="default" amount="1048576" count="1" timems="0.062" reason="continue current collection" />
</gc-op>
<gc-op id="105" type="classunload" timems="0.003" contextid="101" timestamp="2019-06-15T03:59:12.246">
  <classunload-info classloadercandidates="8" classloadersunloaded="0" classesunloaded="0" anonymousclassesunloaded="0" quiescems="0.000" setupms="0.003" scanms="0.000" postms="0.000" />
</gc-op>
<gc-op id="106" type="compact" timems="2.432" contextid="101" timestamp="2019-06-15T03:59:12.249">
  <compact-info movecount="0" movebytes="0" />
  <remembered-set-cleared processed="5004" cleared="89" durationms="0.073" />
</gc-op>
<gc-end id="107" type="partial gc" contextid="101" durationms="4.301" usertimems="8.000" systemtimems="0.000" timestamp="2019-06-15T03:59:12.249" activeThreads="4">
  <mem-info id="108" free="5242880" total="12582912" percent="41">
    <mem type="eden" free="1042488" total="1048576" percent="99" />
    <remembered-set count="3904" freebytes="486656" totalbytes="502272" percent="96" regionsoverflowed="0" regionsstable="0" regionsrebuilding="1"/>
  </mem-info>
</gc-end>
<cycle-end id="109" type="partial gc" contextid="101" timestamp="2019-06-15T03:59:12.249" />
  <attribute name="elasticGC enabled" value="1" />
  <attribute name= "numThreadsSpecified" value="4" />
  <attribute name="heapSize specified" value="0" />
  <attribute name="Current GC Util" value="0" />
  <attribute name= "Current Time Running" value="788" />
  <attribute name ="GC Interval" value="0" />
  <attribute name="ProportionalT" value="-10.000000" />
  <attribute name="ProportionalI" value="-10.000000" />
  <attribute name="ProportionalH" value="-10.000000" />
  <attribute name="Current Error" value="-20.000000" />
  <attribute name="IntegralT" value="-20.000000" />
  <attribute name="IntegralI" value="-20.000000" />
  <attribute name="IntegralH" value="-20.000000" />
  <attribute name="DerivativeT" value="-90.000000" />
  <attribute name="DerivativeI" value="-90.000000" />
  <attribute name="DerivativeH" value="-90.000000" />
  <attribute name="Loop Time for DT" value="1.000000" />
  <attribute name="Output H" value="2091843584"/>
  <attribute name="Output I" value="200"/>
  <attribute name="Output T" value="4"/>
  <attribute name="Target GC Util Change" value ="20.000000" />
  <attribute name="Current GC Util Change" value="0.000000"/>
  <attribute name="GC Util currently" value="0" />
  <attribute name="CPU Util currently" value="4217023245705" />
<exclusive-end id="110" timestamp="2019-06-15T03:59:12.250" durationms="5.035" />

<exclusive-start id="111" timestamp="2019-06-15T03:59:12.257" intervalms="12.439">
  <response-info timems="0.030" idlems="0.030" threads="0" lastid="000000000224B900" lastname="Thread-8" />
</exclusive-start>
<allocation-taxation id="112" taxation-threshold="2097152" timestamp="2019-06-15T03:59:12.257" intervalms="12.380" />
<gc-start id="113" type="global mark phase" contextid="90" timestamp="2019-06-15T03:59:12.257">
  <mem-info id="114" free="3145728" total="12582912" percent="25">
    <remembered-set count="3904" freebytes="486656" totalbytes="502272" percent="96" regionsoverflowed="0" regionsstable="0" regionsrebuilding="1"/>
  </mem-info>
</gc-start>
<gc-op id="115" type="mark increment" timems="0.993" contextid="90" timestamp="2019-06-15T03:59:12.258">
  <trace-info objectcount="193" scancount="193" scanbytes="7412" />
  <cardclean-info objects="1265" bytes="76888" />
  <finalization candidates="124" enqueued="0" />
  <ownableSynchronizers candidates="3" cleared="0" />
  <references type="soft" candidates="148" cleared="0" enqueued="0" dynamicThreshold="13" maxThreshold="32" />
  <references type="weak" candidates="769" cleared="0" enqueued="0" />
  <references type="phantom" candidates="63" cleared="0" enqueued="0" />
  <stringconstants candidates="4596" cleared="0"  />
</gc-op>
<gc-op id="116" type="classunload" timems="0.003" contextid="90" timestamp="2019-06-15T03:59:12.258">
  <classunload-info classloadercandidates="8" classloadersunloaded="0" classesunloaded="0" anonymousclassesunloaded="0" quiescems="0.000" setupms="0.003" scanms="0.000" postms="0.000" />
</gc-op>
<gc-end id="117" type="global mark phase" contextid="90" durationms="1.206" usertimems="4.000" systemtimems="0.000" timestamp="2019-06-15T03:59:12.258" activeThreads="4">
  <mem-info id="118" free="3145728" total="12582912" percent="25">
    <remembered-set count="3904" freebytes="486656" totalbytes="502272" percent="96" regionsoverflowed="0" regionsstable="0" regionsrebuilding="0"/>
  </mem-info>
</gc-end>
<cycle-end id="119" type="global mark phase" contextid="90" timestamp="2019-06-15T03:59:12.258" />
  <attribute name="elasticGC enabled" value="1" />
  <attribute name= "numThreadsSpecified" value="4" />
  <attribute name="heapSize specified" value="0" />
  <attribute name="Current GC Util" value="0" />
  <attribute name= "Current Time Running" value="799" />
  <attribute name ="GC Interval" value="0" />
  <attribute name="ProportionalT" value="-10.000000" />
  <attribute name="ProportionalI" value="-10.000000" />
  <attribute name="ProportionalH" value="-10.000000" />
  <attribute name="Current Error" value="-20.000000" />
  <attribute name="IntegralT" value="0.000000" />
  <attribute name="IntegralI" value="0.000000" />
  <attribute name="IntegralH" value="0.000000" />
  <attribute name="DerivativeT" value="-inf" />
  <attribute name="DerivativeI" value="-inf" />
  <attribute name="DerivativeH" value="-inf" />
  <attribute name="Loop Time for DT" value="0.000000" />
  <attribute name="Output H" value="2091843584"/>
  <attribute name="Output I" value="200"/>
  <attribute name="Output T" value="4"/>
  <attribute name="Target GC Util Change" value ="20.000000" />
  <attribute name="Current GC Util Change" value="0.000000"/>
  <attribute name="GC Util currently" value="0" />
  <attribute name="CPU Util currently" value="71506768441345" />
<exclusive-end id="120" timestamp="2019-06-15T03:59:12.258" durationms="1.491" />

<exclusive-start id="121" timestamp="2019-06-15T03:59:12.265" intervalms="7.841">
  <response-info timems="0.059" idlems="0.059" threads="0" lastid="000000000224B900" lastname="Thread-8" />
</exclusive-start>
<allocation-taxation id="122" taxation-threshold="2097152" timestamp="2019-06-15T03:59:12.265" intervalms="7.875" />
<cycle-start id="123" type="partial gc" contextid="0" timestamp="2019-06-15T03:59:12.265" intervalms="20.245" />
<gc-start id="124" type="partial gc" contextid="123" timestamp="2019-06-15T03:59:12.265">
  <mem-info id="125" free="1048576" total="12582912" percent="8">
    <mem type="eden" free="0" total="4194304" percent="0" />
    <remembered-set count="1952" freebytes="494464" totalbytes="502272" percent="98" regionsoverflowed="0" regionsstable="1" regionsrebuilding="0"/>
  </mem-info>
</gc-start>
<allocation-stats totalBytes="4193544" >
  <allocated-bytes non-tlh="0" tlh="4193544" arrayletleaf="0"/>
  <largest-consumer threadName="Thread-8" threadId="000000000224B900" bytes="2096792" />
</allocation-stats>
<gc-op id="126" type="sweep" timems="0.322" contextid="123" timestamp="2019-06-15T03:59:12.266" />
<gc-op id="127" type="copy forward" timems="0.753" contextid="123" timestamp="2019-06-15T03:59:12.267">
  <memory-copied type="eden" objects="38" bytes="912" bytesdiscarded="0" />
  <memory-copied type="other" objects="272" bytes="6528" bytesdiscarded="0" />
  <memory-cardclean objects="880" bytes="42232" />
  <memory-traced type="eden" objects="77" bytes="2080" />
  <memory-traced type="other" objects="0" bytes="0" />
  <regions eden="2" other="3" evacuated="4" marked="1" />
  <remembered-set-cleared processed="693" cleared="147" durationms="0.056" />
  <stringconstants candidates="4596" cleared="0"  />
  <heap-resize type="expand" space="default" amount="1048576" count="1" timems="0.060" reason="continue current collection" />
</gc-op>
<gc-op id="128" type="classunload" timems="0.002" contextid="123" timestamp="2019-06-15T03:59:12.267">
  <classunload-info classloadercandidates="8" classloadersunloaded="0" classesunloaded="0" anonymousclassesunloaded="0" quiescems="0.000" setupms="0.002" scanms="0.000" postms="0.000" />
</gc-op>
<gc-op id="129" type="compact" timems="2.478" contextid="123" timestamp="2019-06-15T03:59:12.270">
  <compact-info movecount="11665" movebytes="887384" />
  <remembered-set-cleared processed="1197" cleared="466" durationms="0.056" />
</gc-op>
<heap-resize id="130" type="expand" space="default" amount="3145728" count="1" timems="0.060" reason="excessive time being spent in gc" timestamp="2019-06-15T03:59:12.270" />
<gc-end id="131" type="partial gc" contextid="123" durationms="5.058" usertimems="8.000" systemtimems="0.000" timestamp="2019-06-15T03:59:12.270" activeThreads="4">
  <mem-info id="132" free="8388608" total="16777216" percent="50">
    <mem type="eden" free="2091544" total="2097152" percent="99" />
    <remembered-set count="1856" freebytes="662272" totalbytes="669696" percent="98" regionsoverflowed="0" regionsstable="1" regionsrebuilding="0"/>
  </mem-info>
</gc-end>
<cycle-end id="133" type="partial gc" contextid="123" timestamp="2019-06-15T03:59:12.270" />
  <attribute name="elasticGC enabled" value="1" />
  <attribute name= "numThreadsSpecified" value="4" />
  <attribute name="heapSize specified" value="0" />
  <attribute name="Current GC Util" value="0" />
  <attribute name= "Current Time Running" value="809" />
  <attribute name ="GC Interval" value="0" />
  <attribute name="ProportionalT" value="-10.000000" />
  <attribute name="ProportionalI" value="-10.000000" />
  <attribute name="ProportionalH" value="-10.000000" />
  <attribute name="Current Error" value="-20.000000" />
  <attribute name="IntegralT" value="-20.000000" />
  <attribute name="IntegralI" value="-20.000000" />
  <attribute name="IntegralH" value="-20.000000" />
  <attribute name="DerivativeT" value="-84.000000" />
  <attribute name="DerivativeI" value="-84.000000" />
  <attribute name="DerivativeH" value="-84.000000" />
  <attribute name="Loop Time for DT" value="1.000000" />
  <attribute name="Output H" value="2091843584"/>
  <attribute name="Output I" value="200"/>
  <attribute name="Output T" value="4"/>
  <attribute name="Target GC Util Change" value ="20.000000" />
  <attribute name="Current GC Util Change" value="0.000000"/>
  <attribute name="GC Util currently" value="0" />
  <attribute name="CPU Util currently" value="4200212226299" />
<exclusive-end id="134" timestamp="2019-06-15T03:59:12.271" durationms="5.761" />

<exclusive-start id="135" timestamp="2019-06-15T03:59:12.284" intervalms="19.421">
  <response-info timems="0.030" idlems="0.030" threads="0" lastid="000000000224B900" lastname="Thread-8" />
</exclusive-start>
<allocation-taxation id="136" taxation-threshold="4194304" timestamp="2019-06-15T03:59:12.284" intervalms="19.384" />
<cycle-start id="137" type="global mark phase" contextid="0" timestamp="2019-06-15T03:59:12.284" intervalms="49.792" />
<gc-start id="138" type="global mark phase" contextid="137" timestamp="2019-06-15T03:59:12.284">
  <mem-info id="139" free="4194304" total="16777216" percent="25">
    <remembered-set count="1408" freebytes="664064" totalbytes="669696" percent="99" regionsoverflowed="0" regionsstable="1" regionsrebuilding="0"/>
  </mem-info>
</gc-start>
<gc-op id="140" type="mark increment" timems="0.330" contextid="137" timestamp="2019-06-15T03:59:12.285">
  <trace-info objectcount="139" scancount="0" scanbytes="0" />
</gc-op>
<gc-end id="141" type="global mark phase" contextid="137" durationms="0.430" usertimems="0.000" systemtimems="0.000" timestamp="2019-06-15T03:59:12.285" activeThreads="1">
  <mem-info id="142" free="4194304" total="16777216" percent="25">
    <remembered-set count="1408" freebytes="664064" totalbytes="669696" percent="99" regionsoverflowed="0" regionsstable="0" regionsrebuilding="1"/>
  </mem-info>
</gc-end>
<concurrent-start id="143" type="GMP work packet processing" contextid="137" timestamp="2019-06-15T03:59:12.285">
  <concurrent-mark-start scanTarget="18446744073709551615" />
</concurrent-start>
<exclusive-end id="144" timestamp="2019-06-15T03:59:12.285" durationms="0.741" />

<concurrent-end id="145" type="GMP work packet processing" contextid="137" timestamp="2019-06-15T03:59:12.286">
  <concurrent-mark-end bytesScanned="1471568" reasonForTermination="Completed all work in GC phase" />
</concurrent-end>

<exclusive-start id="146" timestamp="2019-06-15T03:59:12.301" intervalms="17.159">
  <response-info timems="0.094" idlems="0.094" threads="0" lastid="000000000224B900" lastname="Thread-8" />
</exclusive-start>
<allocation-taxation id="147" taxation-threshold="4194304" timestamp="2019-06-15T03:59:12.301" intervalms="17.184" />
<cycle-start id="148" type="partial gc" contextid="0" timestamp="2019-06-15T03:59:12.302" intervalms="36.541" />
<gc-start id="149" type="partial gc" contextid="148" timestamp="2019-06-15T03:59:12.302">
  <mem-info id="150" free="0" total="16777216" percent="0">
    <mem type="eden" free="1046496" total="9437184" percent="11" />
    <remembered-set count="3680" freebytes="654976" totalbytes="669696" percent="97" regionsoverflowed="0" regionsstable="0" regionsrebuilding="1"/>
  </mem-info>
</gc-start>
<allocation-stats totalBytes="8387448" >
  <allocated-bytes non-tlh="0" tlh="8387448" arrayletleaf="0"/>
  <largest-consumer threadName="Thread-8" threadId="000000000224B900" bytes="4193840" />
</allocation-stats>
<gc-op id="151" type="mark" timems="0.682" contextid="148" timestamp="2019-06-15T03:59:12.303">
  <trace-info objectcount="655" scancount="655" scanbytes="15856" />
  <cardclean-info objects="1340" bytes="64352" />
  <remembered-set-cleared processed="2483" cleared="174" durationms="0.072" />
  <stringconstants candidates="4596" cleared="0"  />
  <warning details="Mark invoked due to insufficient free space for Copy-Forward" />
</gc-op>
<gc-op id="152" type="classunload" timems="0.002" contextid="148" timestamp="2019-06-15T03:59:12.303">
  <classunload-info classloadercandidates="8" classloadersunloaded="0" classesunloaded="0" anonymousclassesunloaded="0" quiescems="0.000" setupms="0.002" scanms="0.000" postms="0.000" />
</gc-op>
<gc-op id="153" type="sweep" timems="0.406" contextid="148" timestamp="2019-06-15T03:59:12.304" />
<gc-op id="154" type="compact" timems="1.125" contextid="148" timestamp="2019-06-15T03:59:12.305">
  <compact-info movecount="618" movebytes="14968" />
  <remembered-set-cleared processed="5005" cleared="383" durationms="0.072" />
</gc-op>
<heap-resize id="155" type="expand" space="default" amount="3145728" count="1" timems="0.063" reason="excessive time being spent in gc" timestamp="2019-06-15T03:59:12.305" />
<gc-end id="156" type="partial gc" contextid="148" durationms="3.641" usertimems="4.000" systemtimems="0.000" timestamp="2019-06-15T03:59:12.305" activeThreads="4">
  <mem-info id="157" free="11534336" total="19922944" percent="57">
    <mem type="eden" free="2081296" total="2097152" percent="99" />
    <remembered-set count="4096" freebytes="778880" totalbytes="795264" percent="97" regionsoverflowed="0" regionsstable="0" regionsrebuilding="1"/>
  </mem-info>
</gc-end>
<cycle-end id="158" type="partial gc" contextid="148" timestamp="2019-06-15T03:59:12.306" />
  <attribute name="elasticGC enabled" value="1" />
  <attribute name= "numThreadsSpecified" value="4" />
  <attribute name="heapSize specified" value="0" />
  <attribute name="Current GC Util" value="27" />
  <attribute name= "Current Time Running" value="846" />
  <attribute name ="GC Interval" value="0" />
  <attribute name="ProportionalT" value="3.500000" />
  <attribute name="ProportionalI" value="3.500000" />
  <attribute name="ProportionalH" value="3.500000" />
  <attribute name="Current Error" value="7.000000" />
  <attribute name="IntegralT" value="7.000000" />
  <attribute name="IntegralI" value="7.000000" />
  <attribute name="IntegralH" value="7.000000" />
  <attribute name="DerivativeT" value="10.500000" />
  <attribute name="DerivativeI" value="10.500000" />
  <attribute name="DerivativeH" value="10.500000" />
  <attribute name="Loop Time for DT" value="1.000000" />
  <attribute name="Output H" value="8388608"/>
  <attribute name="Output I" value="200"/>
  <attribute name="Output T" value="4"/>
  <attribute name="Target GC Util Change" value ="20.000000" />
  <attribute name="Current GC Util Change" value="27.000000"/>
  <attribute name="GC Util currently" value="27" />
  <attribute name="CPU Util currently" value="7206130967488" />
<exclusive-end id="159" timestamp="2019-06-15T03:59:12.306" durationms="4.440" />

<exclusive-start id="160" timestamp="2019-06-15T03:59:12.325" intervalms="23.295">
  <response-info timems="0.060" idlems="0.060" threads="0" lastid="000000000224B900" lastname="Thread-8" />
</exclusive-start>
<allocation-taxation id="161" taxation-threshold="5242880" timestamp="2019-06-15T03:59:12.325" intervalms="23.385" />
<gc-start id="162" type="global mark phase" contextid="137" timestamp="2019-06-15T03:59:12.325">
  <mem-info id="163" free="6291456" total="19922944" percent="31">
    <remembered-set count="4096" freebytes="778880" totalbytes="795264" percent="97" regionsoverflowed="0" regionsstable="0" regionsrebuilding="1"/>
  </mem-info>
</gc-start>
<gc-op id="164" type="mark increment" timems="1.198" contextid="137" timestamp="2019-06-15T03:59:12.326">
  <trace-info objectcount="944" scancount="944" scanbytes="22776" />
  <cardclean-info objects="1634" bytes="78464" />
  <finalization candidates="124" enqueued="0" />
  <ownableSynchronizers candidates="3" cleared="0" />
  <references type="soft" candidates="148" cleared="0" enqueued="0" dynamicThreshold="18" maxThreshold="32" />
  <references type="weak" candidates="769" cleared="0" enqueued="0" />
  <references type="phantom" candidates="63" cleared="0" enqueued="0" />
  <stringconstants candidates="4596" cleared="0"  />
</gc-op>
<gc-op id="165" type="classunload" timems="0.005" contextid="137" timestamp="2019-06-15T03:59:12.326">
  <classunload-info classloadercandidates="8" classloadersunloaded="0" classesunloaded="0" anonymousclassesunloaded="0" quiescems="0.000" setupms="0.005" scanms="0.000" postms="0.000" />
</gc-op>
<gc-end id="166" type="global mark phase" contextid="137" durationms="1.520" usertimems="4.000" systemtimems="0.000" timestamp="2019-06-15T03:59:12.326" activeThreads="4">
  <mem-info id="167" free="6291456" total="19922944" percent="31">
    <remembered-set count="4096" freebytes="778880" totalbytes="795264" percent="97" regionsoverflowed="0" regionsstable="0" regionsrebuilding="0"/>
  </mem-info>
</gc-end>
<cycle-end id="168" type="global mark phase" contextid="137" timestamp="2019-06-15T03:59:12.327" />
  <attribute name="elasticGC enabled" value="1" />
  <attribute name= "numThreadsSpecified" value="4" />
  <attribute name="heapSize specified" value="0" />
  <attribute name="Current GC Util" value="0" />
  <attribute name= "Current Time Running" value="867" />
  <attribute name ="GC Interval" value="0" />
  <attribute name="ProportionalT" value="-10.000000" />
  <attribute name="ProportionalI" value="-10.000000" />
  <attribute name="ProportionalH" value="-10.000000" />
  <attribute name="Current Error" value="-20.000000" />
  <attribute name="IntegralT" value="0.000000" />
  <attribute name="IntegralI" value="0.000000" />
  <attribute name="IntegralH" value="0.000000" />
  <attribute name="DerivativeT" value="-inf" />
  <attribute name="DerivativeI" value="-inf" />
  <attribute name="DerivativeH" value="-inf" />
  <attribute name="Loop Time for DT" value="0.000000" />
  <attribute name="Output H" value="2091843584"/>
  <attribute name="Output I" value="200"/>
  <attribute name="Output T" value="4"/>
  <attribute name="Target GC Util Change" value ="20.000000" />
  <attribute name="Current GC Util Change" value="0.000000"/>
  <attribute name="GC Util currently" value="0" />
  <attribute name="CPU Util currently" value="47344017090758" />
<exclusive-end id="169" timestamp="2019-06-15T03:59:12.327" durationms="2.053" />

<exclusive-start id="170" timestamp="2019-06-15T03:59:12.347" intervalms="22.643">
  <response-info timems="0.053" idlems="0.053" threads="0" lastid="000000000224B900" lastname="Thread-8" />
</exclusive-start>
<allocation-taxation id="171" taxation-threshold="5242880" timestamp="2019-06-15T03:59:12.347" intervalms="22.610" />
<cycle-start id="172" type="partial gc" contextid="0" timestamp="2019-06-15T03:59:12.348" intervalms="46.032" />
<gc-start id="173" type="partial gc" contextid="172" timestamp="2019-06-15T03:59:12.348">
  <mem-info id="174" free="1048576" total="19922944" percent="5">
    <mem type="eden" free="0" total="10485760" percent="0" />
    <remembered-set count="2144" freebytes="786688" totalbytes="795264" percent="98" regionsoverflowed="0" regionsstable="1" regionsrebuilding="0"/>
  </mem-info>
</gc-start>
<allocation-stats totalBytes="10484528" >
  <allocated-bytes non-tlh="0" tlh="10484528" arrayletleaf="0"/>
  <largest-consumer threadName="Thread-8" threadId="000000000224B900" bytes="5242336" />
</allocation-stats>
<gc-op id="175" type="sweep" timems="0.342" contextid="172" timestamp="2019-06-15T03:59:12.348" />
<gc-op id="176" type="copy forward" timems="1.334" contextid="172" timestamp="2019-06-15T03:59:12.350">
  <memory-copied type="eden" objects="285" bytes="6856" bytesdiscarded="0" />
  <memory-copied type="other" objects="749" bytes="17976" bytesdiscarded="0" />
  <memory-cardclean objects="1716" bytes="82480" />
  <regions eden="5" other="6" />
  <remembered-set-cleared processed="755" cleared="211" durationms="0.069" />
  <stringconstants candidates="4596" cleared="0"  />
  <heap-resize type="expand" space="default" amount="1048576" count="1" timems="0.054" reason="continue current collection" />
</gc-op>
<gc-op id="177" type="classunload" timems="0.002" contextid="172" timestamp="2019-06-15T03:59:12.350">
  <classunload-info classloadercandidates="8" classloadersunloaded="0" classesunloaded="0" anonymousclassesunloaded="0" quiescems="0.000" setupms="0.002" scanms="0.000" postms="0.000" />
</gc-op>
<gc-end id="178" type="partial gc" contextid="172" durationms="2.625" usertimems="0.000" systemtimems="0.000" timestamp="2019-06-15T03:59:12.350" activeThreads="4">
  <mem-info id="179" free="11534336" total="20971520" percent="55">
    <mem type="eden" free="1034736" total="1048576" percent="98" />
    <remembered-set count="1312" freebytes="831872" totalbytes="837120" percent="99" regionsoverflowed="0" regionsstable="1" regionsrebuilding="0"/>
  </mem-info>
</gc-end>
<cycle-end id="180" type="partial gc" contextid="172" timestamp="2019-06-15T03:59:12.351" />
  <attribute name="elasticGC enabled" value="1" />
  <attribute name= "numThreadsSpecified" value="4" />
  <attribute name="heapSize specified" value="0" />
  <attribute name="Current GC Util" value="0" />
  <attribute name= "Current Time Running" value="890" />
  <attribute name ="GC Interval" value="0" />
  <attribute name="ProportionalT" value="-10.000000" />
  <attribute name="ProportionalI" value="-10.000000" />
  <attribute name="ProportionalH" value="-10.000000" />
  <attribute name="Current Error" value="-20.000000" />
  <attribute name="IntegralT" value="0.000000" />
  <attribute name="IntegralI" value="0.000000" />
  <attribute name="IntegralH" value="0.000000" />
  <attribute name="DerivativeT" value="-inf" />
  <attribute name="DerivativeI" value="-inf" />
  <attribute name="DerivativeH" value="-inf" />
  <attribute name="Loop Time for DT" value="0.000000" />
  <attribute name="Output H" value="2091843584"/>
  <attribute name="Output I" value="200"/>
  <attribute name="Output T" value="4"/>
  <attribute name="Target GC Util Change" value ="20.000000" />
  <attribute name="Current GC Util Change" value="0.000000"/>
  <attribute name="GC Util currently" value="0" />
  <attribute name="CPU Util currently" value="40565474923996" />
<exclusive-end id="181" timestamp="2019-06-15T03:59:12.351" durationms="3.463" />

<exclusive-start id="182" timestamp="2019-06-15T03:59:12.399" intervalms="51.418">
  <response-info timems="0.085" idlems="0.085" threads="0" lastid="000000000224B900" lastname="Thread-8" />
</exclusive-start>
<allocation-taxation id="183" taxation-threshold="11534336" timestamp="2019-06-15T03:59:12.399" intervalms="51.395" />
<cycle-start id="184" type="partial gc" contextid="0" timestamp="2019-06-15T03:59:12.399" intervalms="51.394" />
<gc-start id="185" type="partial gc" contextid="184" timestamp="2019-06-15T03:59:12.399">
  <mem-info id="186" free="0" total="20971520" percent="0">
    <mem type="eden" free="0" total="11534336" percent="0" />
    <remembered-set count="1312" freebytes="831872" totalbytes="837120" percent="99" regionsoverflowed="0" regionsstable="1" regionsrebuilding="0"/>
  </mem-info>
</gc-start>
<allocation-stats totalBytes="11532912" >
  <allocated-bytes non-tlh="0" tlh="11532912" arrayletleaf="0"/>
  <largest-consumer threadName="Thread-8" threadId="000000000224B900" bytes="11532912" />
</allocation-stats>
<gc-op id="187" type="mark" timems="0.711" contextid="184" timestamp="2019-06-15T03:59:12.400">
  <trace-info objectcount="1361" scancount="1361" scanbytes="32784" />
  <cardclean-info objects="2082" bytes="100048" />
  <remembered-set-cleared processed="908" cleared="193" durationms="0.067" />
  <stringconstants candidates="4596" cleared="0"  />
  <warning details="Mark invoked due to insufficient free space for Copy-Forward" />
</gc-op>
<gc-op id="188" type="classunload" timems="0.002" contextid="184" timestamp="2019-06-15T03:59:12.400">
  <classunload-info classloadercandidates="8" classloadersunloaded="0" classesunloaded="0" anonymousclassesunloaded="0" quiescems="0.000" setupms="0.001" scanms="0.000" postms="0.000" />
</gc-op>
<gc-op id="189" type="sweep" timems="0.340" contextid="184" timestamp="2019-06-15T03:59:12.401" />
<gc-op id="190" type="compact" timems="1.155" contextid="184" timestamp="2019-06-15T03:59:12.402">
  <compact-info movecount="1361" movebytes="32784" />
  <remembered-set-cleared processed="1890" cleared="456" durationms="0.067" />
</gc-op>
<gc-end id="191" type="partial gc" contextid="184" durationms="3.402" usertimems="4.000" systemtimems="0.000" timestamp="2019-06-15T03:59:12.403" activeThreads="4">
  <mem-info id="192" free="10485760" total="20971520" percent="50">
    <mem type="eden" free="1029592" total="1048576" percent="98" />
    <remembered-set count="2016" freebytes="829056" totalbytes="837120" percent="99" regionsoverflowed="0" regionsstable="1" regionsrebuilding="0"/>
  </mem-info>
</gc-end>
<cycle-end id="193" type="partial gc" contextid="184" timestamp="2019-06-15T03:59:12.403" />
  <attribute name="elasticGC enabled" value="1" />
  <attribute name= "numThreadsSpecified" value="4" />
  <attribute name="heapSize specified" value="0" />
  <attribute name="Current GC Util" value="23" />
  <attribute name= "Current Time Running" value="943" />
  <attribute name ="GC Interval" value="0" />
  <attribute name="ProportionalT" value="1.500000" />
  <attribute name="ProportionalI" value="1.500000" />
  <attribute name="ProportionalH" value="1.500000" />
  <attribute name="Current Error" value="3.000000" />
  <attribute name="IntegralT" value="3.000000" />
  <attribute name="IntegralI" value="3.000000" />
  <attribute name="IntegralH" value="3.000000" />
  <attribute name="DerivativeT" value="4.500000" />
  <attribute name="DerivativeI" value="4.500000" />
  <attribute name="DerivativeH" value="4.500000" />
  <attribute name="Loop Time for DT" value="1.000000" />
  <attribute name="Output H" value="8388608"/>
  <attribute name="Output I" value="200"/>
  <attribute name="Output T" value="4"/>
  <attribute name="Target GC Util Change" value ="20.000000" />
  <attribute name="Current GC Util Change" value="23.000000"/>
  <attribute name="GC Util currently" value="23" />
  <attribute name="CPU Util currently" value="8131176185698" />
<exclusive-end id="194" timestamp="2019-06-15T03:59:12.403" durationms="4.307" />

<exclusive-start id="195" timestamp="2019-06-15T03:59:12.446" intervalms="47.307">
  <response-info timems="0.031" idlems="0.031" threads="0" lastid="000000000224B900" lastname="Thread-8" />
</exclusive-start>
<allocation-taxation id="196" taxation-threshold="10485760" timestamp="2019-06-15T03:59:12.446" intervalms="47.355" />
<cycle-start id="197" type="partial gc" contextid="0" timestamp="2019-06-15T03:59:12.446" intervalms="47.380" />
<gc-start id="198" type="partial gc" contextid="197" timestamp="2019-06-15T03:59:12.447">
  <mem-info id="199" free="0" total="20971520" percent="0">
    <mem type="eden" free="0" total="10485760" percent="0" />
    <remembered-set count="2016" freebytes="829056" totalbytes="837120" percent="99" regionsoverflowed="0" regionsstable="1" regionsrebuilding="0"/>
  </mem-info>
</gc-start>
<allocation-stats totalBytes="10484696" >
  <allocated-bytes non-tlh="0" tlh="10484696" arrayletleaf="0"/>
  <largest-consumer threadName="Thread-8" threadId="000000000224B900" bytes="10484696" />
</allocation-stats>
<gc-op id="200" type="mark" timems="0.714" contextid="197" timestamp="2019-06-15T03:59:12.448">
  <trace-info objectcount="1414" scancount="1414" scanbytes="34328" />
  <cardclean-info objects="2030" bytes="97512" />
  <remembered-set-cleared processed="1101" cleared="195" durationms="0.069" />
  <stringconstants candidates="4596" cleared="0"  />
  <warning details="Mark invoked due to insufficient free space for Copy-Forward" />
</gc-op>
<gc-op id="201" type="classunload" timems="0.002" contextid="197" timestamp="2019-06-15T03:59:12.448">
  <classunload-info classloadercandidates="8" classloadersunloaded="0" classesunloaded="0" anonymousclassesunloaded="0" quiescems="0.000" setupms="0.002" scanms="0.000" postms="0.000" />
</gc-op>
<gc-op id="202" type="sweep" timems="0.358" contextid="197" timestamp="2019-06-15T03:59:12.448" />
<gc-op id="203" type="compact" timems="0.950" contextid="197" timestamp="2019-06-15T03:59:12.450">
  <compact-info movecount="640" movebytes="15752" />
  <remembered-set-cleared processed="2257" cleared="443" durationms="0.069" />
</gc-op>
<gc-end id="204" type="partial gc" contextid="197" durationms="3.170" usertimems="4.000" systemtimems="0.000" timestamp="2019-06-15T03:59:12.450" activeThreads="1">
  <mem-info id="205" free="9437184" total="20971520" percent="45">
    <mem type="eden" free="1032848" total="1048576" percent="98" />
    <remembered-set count="2656" freebytes="826496" totalbytes="837120" percent="98" regionsoverflowed="0" regionsstable="1" regionsrebuilding="0"/>
  </mem-info>
</gc-end>
<cycle-end id="206" type="partial gc" contextid="197" timestamp="2019-06-15T03:59:12.450" />
  <attribute name="elasticGC enabled" value="1" />
  <attribute name= "numThreadsSpecified" value="1" />
  <attribute name="heapSize specified" value="0" />
  <attribute name="Current GC Util" value="31" />
  <attribute name= "Current Time Running" value="990" />
  <attribute name ="GC Interval" value="0" />
  <attribute name="ProportionalT" value="5.500000" />
  <attribute name="ProportionalI" value="5.500000" />
  <attribute name="ProportionalH" value="5.500000" />
  <attribute name="Current Error" value="11.000000" />
  <attribute name="IntegralT" value="0.000000" />
  <attribute name="IntegralI" value="0.000000" />
  <attribute name="IntegralH" value="0.000000" />
  <attribute name="DerivativeT" value="inf" />
  <attribute name="DerivativeI" value="inf" />
  <attribute name="DerivativeH" value="inf" />
  <attribute name="Loop Time for DT" value="0.000000" />
  <attribute name="Output H" value="8388608"/>
  <attribute name="Output I" value="200"/>
  <attribute name="Output T" value="1"/>
  <attribute name="Target GC Util Change" value ="20.000000" />
  <attribute name="Current GC Util Change" value="31.000000"/>
  <attribute name="GC Util currently" value="31" />
  <attribute name="CPU Util currently" value="8068368889806" />
<exclusive-end id="207" timestamp="2019-06-15T03:59:12.450" durationms="4.155" />

<exclusive-start id="208" timestamp="2019-06-15T03:59:12.477" intervalms="31.277">
  <response-info timems="0.067" idlems="0.067" threads="0" lastid="000000000224B900" lastname="Thread-8" />
</exclusive-start>
<allocation-taxation id="209" taxation-threshold="4194304" timestamp="2019-06-15T03:59:12.477" intervalms="31.269" />
<cycle-start id="210" type="global mark phase" contextid="0" timestamp="2019-06-15T03:59:12.478" intervalms="193.278" />
<gc-start id="211" type="global mark phase" contextid="210" timestamp="2019-06-15T03:59:12.478">
  <mem-info id="212" free="5242880" total="20971520" percent="25">
    <remembered-set count="2176" freebytes="828416" totalbytes="837120" percent="98" regionsoverflowed="0" regionsstable="1" regionsrebuilding="0"/>
  </mem-info>
</gc-start>
<gc-op id="213" type="mark increment" timems="0.491" contextid="210" timestamp="2019-06-15T03:59:12.478">
  <trace-info objectcount="142" scancount="0" scanbytes="0" />
</gc-op>
<gc-end id="214" type="global mark phase" contextid="210" durationms="0.694" usertimems="0.000" systemtimems="0.000" timestamp="2019-06-15T03:59:12.478" activeThreads="1">
  <mem-info id="215" free="5242880" total="20971520" percent="25">
    <remembered-set count="2176" freebytes="828416" totalbytes="837120" percent="98" regionsoverflowed="0" regionsstable="0" regionsrebuilding="1"/>
  </mem-info>
</gc-end>
<concurrent-start id="216" type="GMP work packet processing" contextid="210" timestamp="2019-06-15T03:59:12.478">
  <concurrent-mark-start scanTarget="18446744073709551615" />
</concurrent-start>
<exclusive-end id="217" timestamp="2019-06-15T03:59:12.479" durationms="1.281" />

<concurrent-end id="218" type="GMP work packet processing" contextid="210" timestamp="2019-06-15T03:59:12.482">
  <concurrent-mark-end bytesScanned="1527704" reasonForTermination="Completed all work in GC phase" />
</concurrent-end>

<exclusive-start id="219" timestamp="2019-06-15T03:59:12.496" intervalms="18.787">
  <response-info timems="0.062" idlems="0.062" threads="0" lastid="000000000224B900" lastname="Thread-8" />
</exclusive-start>
<allocation-taxation id="220" taxation-threshold="4194304" timestamp="2019-06-15T03:59:12.496" intervalms="18.746" />
<cycle-start id="221" type="partial gc" contextid="0" timestamp="2019-06-15T03:59:12.496" intervalms="50.073" />
<gc-start id="222" type="partial gc" contextid="221" timestamp="2019-06-15T03:59:12.497">
  <mem-info id="223" free="1048576" total="20971520" percent="5">
    <mem type="eden" free="1032848" total="9437184" percent="10" />
    <remembered-set count="4032" freebytes="820992" totalbytes="837120" percent="98" regionsoverflowed="0" regionsstable="0" regionsrebuilding="1"/>
  </mem-info>
</gc-start>
<allocation-stats totalBytes="8387656" >
  <allocated-bytes non-tlh="0" tlh="8387656" arrayletleaf="0"/>
  <largest-consumer threadName="Thread-8" threadId="000000000224B900" bytes="4193880" />
</allocation-stats>
<gc-op id="224" type="copy forward" timems="0.967" contextid="221" timestamp="2019-06-15T03:59:12.498">
  <memory-copied type="eden" objects="472" bytes="11824" bytesdiscarded="0" />
  <memory-copied type="other" objects="560" bytes="13440" bytesdiscarded="0" />
  <memory-cardclean objects="1657" bytes="79528" />
  <regions eden="8" other="1" />
  <remembered-set-cleared processed="3155" cleared="179" durationms="0.089" />
  <stringconstants candidates="4596" cleared="0"  />
  <heap-resize type="expand" space="default" amount="1048576" count="1" timems="0.067" reason="continue current collection" />
</gc-op>
<gc-op id="225" type="classunload" timems="0.002" contextid="221" timestamp="2019-06-15T03:59:12.499">
  <classunload-info classloadercandidates="8" classloadersunloaded="0" classesunloaded="0" anonymousclassesunloaded="0" quiescems="0.000" setupms="0.002" scanms="0.000" postms="0.000" />
</gc-op>
<gc-end id="226" type="partial gc" contextid="221" durationms="2.059" usertimems="0.000" systemtimems="0.000" timestamp="2019-06-15T03:59:12.499" activeThreads="1">
  <mem-info id="227" free="9437184" total="22020096" percent="42">
    <mem type="eden" free="2071888" total="2097152" percent="98" />
    <remembered-set count="4224" freebytes="862080" totalbytes="878976" percent="98" regionsoverflowed="0" regionsstable="0" regionsrebuilding="1"/>
  </mem-info>
</gc-end>
<cycle-end id="228" type="partial gc" contextid="221" timestamp="2019-06-15T03:59:12.499" />
  <attribute name="elasticGC enabled" value="1" />
  <attribute name= "numThreadsSpecified" value="1" />
  <attribute name="heapSize specified" value="0" />
  <attribute name="Current GC Util" value="68" />
  <attribute name= "Current Time Running" value="1039" />
  <attribute name ="GC Interval" value="0" />
  <attribute name="ProportionalT" value="24.000000" />
  <attribute name="ProportionalI" value="24.000000" />
  <attribute name="ProportionalH" value="24.000000" />
  <attribute name="Current Error" value="48.000000" />
  <attribute name="IntegralT" value="0.000000" />
  <attribute name="IntegralI" value="0.000000" />
  <attribute name="IntegralH" value="0.000000" />
  <attribute name="DerivativeT" value="inf" />
  <attribute name="DerivativeI" value="inf" />
  <attribute name="DerivativeH" value="inf" />
  <attribute name="Loop Time for DT" value="0.000000" />
  <attribute name="Output H" value="8388608"/>
  <attribute name="Output I" value="200"/>
  <attribute name="Output T" value="1"/>
  <attribute name="Target GC Util Change" value ="20.000000" />
  <attribute name="Current GC Util Change" value="68.000000"/>
  <attribute name="GC Util currently" value="68" />
  <attribute name="CPU Util currently" value="18949668261515" />
<exclusive-end id="229" timestamp="2019-06-15T03:59:12.499" durationms="3.035" />

<exclusive-start id="230" timestamp="2019-06-15T03:59:12.513" intervalms="16.784">
  <response-info timems="0.074" idlems="0.074" threads="0" lastid="000000000224B900" lastname="Thread-8" />
</exclusive-start>
<allocation-taxation id="231" taxation-threshold="4194304" timestamp="2019-06-15T03:59:12.513" intervalms="16.853" />
<gc-start id="232" type="global mark phase" contextid="210" timestamp="2019-06-15T03:59:12.513">
  <mem-info id="233" free="5242880" total="22020096" percent="23">
    <remembered-set count="4192" freebytes="862208" totalbytes="878976" percent="98" regionsoverflowed="0" regionsstable="0" regionsrebuilding="1"/>
  </mem-info>
</gc-start>
<gc-op id="234" type="mark increment" timems="1.210" contextid="210" timestamp="2019-06-15T03:59:12.515">
  <trace-info objectcount="558" scancount="558" scanbytes="13888" />
  <cardclean-info objects="2007" bytes="94816" />
  <finalization candidates="124" enqueued="0" />
  <ownableSynchronizers candidates="3" cleared="0" />
  <references type="soft" candidates="148" cleared="0" enqueued="0" dynamicThreshold="13" maxThreshold="32" />
  <references type="weak" candidates="769" cleared="0" enqueued="0" />
  <references type="phantom" candidates="63" cleared="0" enqueued="0" />
  <stringconstants candidates="4596" cleared="0"  />
</gc-op>
<gc-op id="235" type="classunload" timems="0.005" contextid="210" timestamp="2019-06-15T03:59:12.515">
  <classunload-info classloadercandidates="8" classloadersunloaded="0" classesunloaded="0" anonymousclassesunloaded="0" quiescems="0.000" setupms="0.005" scanms="0.000" postms="0.000" />
</gc-op>
<gc-end id="236" type="global mark phase" contextid="210" durationms="1.571" usertimems="0.000" systemtimems="0.000" timestamp="2019-06-15T03:59:12.515" activeThreads="4">
  <mem-info id="237" free="5242880" total="22020096" percent="23">
    <remembered-set count="4704" freebytes="860160" totalbytes="878976" percent="97" regionsoverflowed="0" regionsstable="0" regionsrebuilding="0"/>
  </mem-info>
</gc-end>
<cycle-end id="238" type="global mark phase" contextid="210" timestamp="2019-06-15T03:59:12.515" />
  <attribute name="elasticGC enabled" value="1" />
  <attribute name= "numThreadsSpecified" value="4" />
  <attribute name="heapSize specified" value="0" />
  <attribute name="Current GC Util" value="0" />
  <attribute name= "Current Time Running" value="1056" />
  <attribute name ="GC Interval" value="0" />
  <attribute name="ProportionalT" value="-10.000000" />
  <attribute name="ProportionalI" value="-10.000000" />
  <attribute name="ProportionalH" value="-10.000000" />
  <attribute name="Current Error" value="-20.000000" />
  <attribute name="IntegralT" value="-20.000000" />
  <attribute name="IntegralI" value="-20.000000" />
  <attribute name="IntegralH" value="-20.000000" />
  <attribute name="DerivativeT" value="-180.000000" />
  <attribute name="DerivativeI" value="-180.000000" />
  <attribute name="DerivativeH" value="-180.000000" />
  <attribute name="Loop Time for DT" value="1.000000" />
  <attribute name="Output H" value="2091843584"/>
  <attribute name="Output I" value="200"/>
  <attribute name="Output T" value="4"/>
  <attribute name="Target GC Util Change" value ="20.000000" />
  <attribute name="Current GC Util Change" value="0.000000"/>
  <attribute name="GC Util currently" value="0" />
  <attribute name="CPU Util currently" value="40375822029660" />
<exclusive-end id="239" timestamp="2019-06-15T03:59:12.515" durationms="2.240" />

<exclusive-start id="240" timestamp="2019-06-15T03:59:12.528" intervalms="15.089">
  <response-info timems="0.055" idlems="0.055" threads="0" lastid="000000000224B900" lastname="Thread-8" />
</exclusive-start>
<allocation-taxation id="241" taxation-threshold="4194304" timestamp="2019-06-15T03:59:12.528" intervalms="15.092" />
<cycle-start id="242" type="partial gc" contextid="0" timestamp="2019-06-15T03:59:12.528" intervalms="31.970" />
<gc-start id="243" type="partial gc" contextid="242" timestamp="2019-06-15T03:59:12.529">
  <mem-info id="244" free="1048576" total="22020096" percent="4">
    <mem type="eden" free="0" total="8388608" percent="0" />
    <remembered-set count="2752" freebytes="867968" totalbytes="878976" percent="98" regionsoverflowed="0" regionsstable="1" regionsrebuilding="0"/>
  </mem-info>
</gc-start>
<allocation-stats totalBytes="8387640" >
  <allocated-bytes non-tlh="0" tlh="8387640" arrayletleaf="0"/>
  <largest-consumer threadName="Thread-8" threadId="000000000224B900" bytes="4193856" />
</allocation-stats>
<gc-op id="245" type="sweep" timems="0.573" contextid="242" timestamp="2019-06-15T03:59:12.530" />
<gc-op id="246" type="copy forward" timems="1.092" contextid="242" timestamp="2019-06-15T03:59:12.531">
  <memory-copied type="eden" objects="140" bytes="3360" bytesdiscarded="0" />
  <memory-copied type="other" objects="664" bytes="15936" bytesdiscarded="0" />
  <memory-cardclean objects="1634" bytes="78424" />
  <memory-traced type="eden" objects="224" bytes="5768" />
  <memory-traced type="other" objects="0" bytes="0" />
  <regions eden="4" other="5" evacuated="8" marked="1" />
  <remembered-set-cleared processed="1463" cleared="208" durationms="0.084" />
  <stringconstants candidates="4596" cleared="0"  />
  <heap-resize type="expand" space="default" amount="1048576" count="1" timems="0.099" reason="continue current collection" />
</gc-op>
<gc-op id="247" type="classunload" timems="0.002" contextid="242" timestamp="2019-06-15T03:59:12.531">
  <classunload-info classloadercandidates="8" classloadersunloaded="0" classesunloaded="0" anonymousclassesunloaded="0" quiescems="0.000" setupms="0.002" scanms="0.000" postms="0.000" />
</gc-op>
<gc-op id="248" type="sweep" timems="0.554" contextid="242" timestamp="2019-06-15T03:59:12.532" />
<gc-op id="249" type="compact" timems="0.954" contextid="242" timestamp="2019-06-15T03:59:12.533">
  <compact-info movecount="224" movebytes="5768" />
  <remembered-set-cleared processed="3159" cleared="318" durationms="0.084" />
</gc-op>
<gc-end id="250" type="partial gc" contextid="242" durationms="5.065" usertimems="12.000" systemtimems="0.000" timestamp="2019-06-15T03:59:12.534" activeThreads="4">
  <mem-info id="251" free="8388608" total="23068672" percent="36">
    <mem type="eden" free="2081352" total="2097152" percent="99" />
    <remembered-set count="2432" freebytes="911104" totalbytes="920832" percent="98" regionsoverflowed="0" regionsstable="1" regionsrebuilding="0"/>
  </mem-info>
</gc-end>
<cycle-end id="252" type="partial gc" contextid="242" timestamp="2019-06-15T03:59:12.534" />
  <attribute name="elasticGC enabled" value="1" />
  <attribute name= "numThreadsSpecified" value="4" />
  <attribute name="heapSize specified" value="0" />
  <attribute name="Current GC Util" value="21" />
  <attribute name= "Current Time Running" value="1074" />
  <attribute name ="GC Interval" value="0" />
  <attribute name="ProportionalT" value="0.500000" />
  <attribute name="ProportionalI" value="0.500000" />
  <attribute name="ProportionalH" value="0.500000" />
  <attribute name="Current Error" value="1.000000" />
  <attribute name="IntegralT" value="1.000000" />
  <attribute name="IntegralI" value="1.000000" />
  <attribute name="IntegralH" value="1.000000" />
  <attribute name="DerivativeT" value="1.500000" />
  <attribute name="DerivativeI" value="1.500000" />
  <attribute name="DerivativeH" value="1.500000" />
  <attribute name="Loop Time for DT" value="1.000000" />
  <attribute name="Output H" value="8388608"/>
  <attribute name="Output I" value="200"/>
  <attribute name="Output T" value="4"/>
  <attribute name="Target GC Util Change" value ="20.000000" />
  <attribute name="Current GC Util Change" value="21.000000"/>
  <attribute name="GC Util currently" value="21" />
  <attribute name="CPU Util currently" value="5744387277221" />
<exclusive-end id="253" timestamp="2019-06-15T03:59:12.534" durationms="6.149" />

<exclusive-start id="254" timestamp="2019-06-15T03:59:12.564" intervalms="35.724">
  <response-info timems="0.061" idlems="0.061" threads="0" lastid="000000000224B900" lastname="Thread-8" />
</exclusive-start>
<allocation-taxation id="255" taxation-threshold="4194304" timestamp="2019-06-15T03:59:12.564" intervalms="35.646" />
<cycle-start id="256" type="global mark phase" contextid="0" timestamp="2019-06-15T03:59:12.564" intervalms="86.290" />
<gc-start id="257" type="global mark phase" contextid="256" timestamp="2019-06-15T03:59:12.564">
  <mem-info id="258" free="4194304" total="23068672" percent="18">
    <remembered-set count="2112" freebytes="912384" totalbytes="920832" percent="99" regionsoverflowed="0" regionsstable="1" regionsrebuilding="0"/>
  </mem-info>
</gc-start>
<gc-op id="259" type="mark increment" timems="0.443" contextid="256" timestamp="2019-06-15T03:59:12.565">
  <trace-info objectcount="113" scancount="0" scanbytes="0" />
</gc-op>
<gc-end id="260" type="global mark phase" contextid="256" durationms="0.787" usertimems="0.000" systemtimems="0.000" timestamp="2019-06-15T03:59:12.565" activeThreads="1">
  <mem-info id="261" free="4194304" total="23068672" percent="18">
    <remembered-set count="2112" freebytes="912384" totalbytes="920832" percent="99" regionsoverflowed="0" regionsstable="0" regionsrebuilding="1"/>
  </mem-info>
</gc-end>
<concurrent-start id="262" type="GMP work packet processing" contextid="256" timestamp="2019-06-15T03:59:12.565">
  <concurrent-mark-start scanTarget="18446744073709551615" />
</concurrent-start>
<exclusive-end id="263" timestamp="2019-06-15T03:59:12.565" durationms="1.376" />

<concurrent-end id="264" type="GMP work packet processing" contextid="256" timestamp="2019-06-15T03:59:12.566">
  <concurrent-mark-end bytesScanned="1125664" reasonForTermination="Completed all work in GC phase" />
</concurrent-end>

</verbosegc>

